11-26 13:16:32.338 15654 15688 D Evaluation: 2 res for frame 237 received at 1574766992338
11-26 13:16:32.375 15654 15688 D Evaluation: 3 res for frame 238 received at 1574766992375
11-26 13:16:32.404 15654 15688 D Evaluation: 3 res for frame 239 received at 1574766992404
11-26 13:16:32.444 15654 15688 D Evaluation: 3 res for frame 240 received at 1574766992444
11-26 13:16:32.475 15654 15688 W System.err: java.net.SocketException: Message too long
11-26 13:16:32.476 15654 15688 W System.err: 	at sun.nio.ch.DatagramChannelImpl.send0(Native Method)
11-26 13:16:32.476 15654 15688 W System.err: 	at sun.nio.ch.DatagramChannelImpl.sendFromNativeBuffer(DatagramChannelImpl.java:573)
11-26 13:16:32.476 15654 15688 W System.err: 	at sun.nio.ch.DatagramChannelImpl.send(DatagramChannelImpl.java:550)
11-26 13:16:32.476 15654 15688 W System.err: 	at sun.nio.ch.DatagramChannelImpl.send(DatagramChannelImpl.java:514)
11-26 13:16:32.476 15654 15688 W System.err: 	at symlab.CloudAR.network.TransmissionTask.run(TransmissionTask.java:144)
11-26 13:16:32.476 15654 15688 W System.err: 	at android.os.Handler.handleCallback(Handler.java:907)
11-26 13:16:32.476 15654 15688 W System.err: 	at android.os.Handler.dispatchMessage(Handler.java:105)
11-26 13:16:32.476 15654 15688 W System.err: 	at android.os.Looper.loop(Looper.java:216)
11-26 13:16:32.476 15654 15688 W System.err: 	at android.os.HandlerThread.run(HandlerThread.java:65)
11-26 13:16:32.477 15654 15688 D Evaluation: 3 res for frame 241 received at 1574766992477
11-26 13:16:32.506 15654 15688 D Evaluation: 3 res for frame 242 received at 1574766992506
11-26 13:16:32.541 15654 15688 D Evaluation: 3 res for frame 243 received at 1574766992541
11-26 13:16:32.572 15654 15688 W System.err: java.net.SocketException: Message too long
11-26 13:16:32.572 15654 15688 W System.err: 	at sun.nio.ch.DatagramChannelImpl.send0(Native Method)
11-26 13:16:32.572 15654 15688 W System.err: 	at sun.nio.ch.DatagramChannelImpl.sendFromNativeBuffer(DatagramChannelImpl.java:573)
11-26 13:16:32.572 15654 15688 W System.err: 	at sun.nio.ch.DatagramChannelImpl.send(DatagramChannelImpl.java:550)
11-26 13:16:32.572 15654 15688 W System.err: 	at sun.nio.ch.DatagramChannelImpl.send(DatagramChannelImpl.java:514)
11-26 13:16:32.572 15654 15688 W System.err: 	at symlab.CloudAR.network.TransmissionTask.run(TransmissionTask.java:144)
11-26 13:16:32.572 15654 15688 W System.err: 	at android.os.Handler.handleCallback(Handler.java:907)
11-26 13:16:32.572 15654 15688 W System.err: 	at android.os.Handler.dispatchMessage(Handler.java:105)
11-26 13:16:32.572 15654 15688 W System.err: 	at android.os.Looper.loop(Looper.java:216)
11-26 13:16:32.572 15654 15688 W System.err: 	at android.os.HandlerThread.run(HandlerThread.java:65)
11-26 13:16:32.573 15654 15688 D Evaluation: 3 res for frame 244 received at 1574766992573
11-26 13:16:32.615 15654 15688 D Evaluation: 3 res for frame 246 received at 1574766992615
11-26 13:16:32.649 15654 15688 W System.err: java.net.SocketException: Message too long
11-26 13:16:32.649 15654 15688 W System.err: 	at sun.nio.ch.DatagramChannelImpl.send0(Native Method)
11-26 13:16:32.649 15654 15688 W System.err: 	at sun.nio.ch.DatagramChannelImpl.sendFromNativeBuffer(DatagramChannelImpl.java:573)
11-26 13:16:32.649 15654 15688 W System.err: 	at sun.nio.ch.DatagramChannelImpl.send(DatagramChannelImpl.java:550)
11-26 13:16:32.649 15654 15688 W System.err: 	at sun.nio.ch.DatagramChannelImpl.send(DatagramChannelImpl.java:514)
11-26 13:16:32.649 15654 15688 W System.err: 	at symlab.CloudAR.network.TransmissionTask.run(TransmissionTask.java:144)
11-26 13:16:32.649 15654 15688 W System.err: 	at android.os.Handler.handleCallback(Handler.java:907)
11-26 13:16:32.650 15654 15688 W System.err: 	at android.os.Handler.dispatchMessage(Handler.java:105)
11-26 13:16:32.650 15654 15688 W System.err: 	at android.os.Looper.loop(Looper.java:216)
11-26 13:16:32.650 15654 15688 W System.err: 	at android.os.HandlerThread.run(HandlerThread.java:65)
11-26 13:16:32.651 15654 15688 D Evaluation: 3 res for frame 247 received at 1574766992651
11-26 13:16:32.681 15654 15688 W System.err: java.net.SocketException: Message too long
11-26 13:16:32.681 15654 15688 W System.err: 	at sun.nio.ch.DatagramChannelImpl.send0(Native Method)
11-26 13:16:32.681 15654 15688 W System.err: 	at sun.nio.ch.DatagramChannelImpl.sendFromNativeBuffer(DatagramChannelImpl.java:573)
11-26 13:16:32.681 15654 15688 W System.err: 	at sun.nio.ch.DatagramChannelImpl.send(DatagramChannelImpl.java:550)
11-26 13:16:32.681 15654 15688 W System.err: 	at sun.nio.ch.DatagramChannelImpl.send(DatagramChannelImpl.java:514)
11-26 13:16:32.681 15654 15688 W System.err: 	at symlab.CloudAR.network.TransmissionTask.run(TransmissionTask.java:144)
11-26 13:16:32.681 15654 15688 W System.err: 	at android.os.Handler.handleCallback(Handler.java:907)
11-26 13:16:32.681 15654 15688 W System.err: 	at android.os.Handler.dispatchMessage(Handler.java:105)
11-26 13:16:32.681 15654 15688 W System.err: 	at android.os.Looper.loop(Looper.java:216)
11-26 13:16:32.681 15654 15688 W System.err: 	at android.os.HandlerThread.run(HandlerThread.java:65)
11-26 13:16:32.706 15654 15688 W System.err: java.net.SocketException: Message too long
11-26 13:16:32.706 15654 15688 W System.err: 	at sun.nio.ch.DatagramChannelImpl.send0(Native Method)
11-26 13:16:32.706 15654 15688 W System.err: 	at sun.nio.ch.DatagramChannelImpl.sendFromNativeBuffer(DatagramChannelImpl.java:573)
11-26 13:16:32.706 15654 15688 W System.err: 	at sun.nio.ch.DatagramChannelImpl.send(DatagramChannelImpl.java:550)
11-26 13:16:32.706 15654 15688 W System.err: 	at sun.nio.ch.DatagramChannelImpl.send(DatagramChannelImpl.java:514)
11-26 13:16:32.706 15654 15688 W System.err: 	at symlab.CloudAR.network.TransmissionTask.run(TransmissionTask.java:144)
11-26 13:16:32.706 15654 15688 W System.err: 	at android.os.Handler.handleCallback(Handler.java:907)
11-26 13:16:32.706 15654 15688 W System.err: 	at android.os.Handler.dispatchMessage(Handler.java:105)
11-26 13:16:32.706 15654 15688 W System.err: 	at android.os.Looper.loop(Looper.java:216)
11-26 13:16:32.706 15654 15688 W System.err: 	at android.os.HandlerThread.run(HandlerThread.java:65)
11-26 13:16:32.707 15654 15688 D Evaluation: 3 res for frame 249 received at 1574766992707
11-26 13:16:32.845 15654 15688 W System.err: java.net.SocketException: Message too long
11-26 13:16:32.845 15654 15688 W System.err: 	at sun.nio.ch.DatagramChannelImpl.send0(Native Method)
11-26 13:16:32.845 15654 15688 W System.err: 	at sun.nio.ch.DatagramChannelImpl.sendFromNativeBuffer(DatagramChannelImpl.java:573)
11-26 13:16:32.846 15654 15688 W System.err: 	at sun.nio.ch.DatagramChannelImpl.send(DatagramChannelImpl.java:550)
11-26 13:16:32.846 15654 15688 W System.err: 	at sun.nio.ch.DatagramChannelImpl.send(DatagramChannelImpl.java:514)
11-26 13:16:32.846 15654 15688 W System.err: 	at symlab.CloudAR.network.TransmissionTask.run(TransmissionTask.java:144)
11-26 13:16:32.846 15654 15688 W System.err: 	at android.os.Handler.handleCallback(Handler.java:907)
11-26 13:16:32.846 15654 15688 W System.err: 	at android.os.Handler.dispatchMessage(Handler.java:105)
11-26 13:16:32.846 15654 15688 W System.err: 	at android.os.Looper.loop(Looper.java:216)
11-26 13:16:32.846 15654 15688 W System.err: 	at android.os.HandlerThread.run(HandlerThread.java:65)
11-26 13:16:32.847 15654 15688 D Evaluation: 3 res for frame 253 received at 1574766992847
11-26 13:16:32.877 15654 15688 W System.err: java.net.SocketException: Message too long
11-26 13:16:32.877 15654 15688 W System.err: 	at sun.nio.ch.DatagramChannelImpl.send0(Native Method)
11-26 13:16:32.877 15654 15688 W System.err: 	at sun.nio.ch.DatagramChannelImpl.sendFromNativeBuffer(DatagramChannelImpl.java:573)
11-26 13:16:32.877 15654 15688 W System.err: 	at sun.nio.ch.DatagramChannelImpl.send(DatagramChannelImpl.java:550)
11-26 13:16:32.877 15654 15688 W System.err: 	at sun.nio.ch.DatagramChannelImpl.send(DatagramChannelImpl.java:514)
11-26 13:16:32.877 15654 15688 W System.err: 	at symlab.CloudAR.network.TransmissionTask.run(TransmissionTask.java:144)
11-26 13:16:32.877 15654 15688 W System.err: 	at android.os.Handler.handleCallback(Handler.java:907)
11-26 13:16:32.877 15654 15688 W System.err: 	at android.os.Handler.dispatchMessage(Handler.java:105)
11-26 13:16:32.877 15654 15688 W System.err: 	at android.os.Looper.loop(Looper.java:216)
11-26 13:16:32.877 15654 15688 W System.err: 	at android.os.HandlerThread.run(HandlerThread.java:65)
11-26 13:16:32.878 15654 15688 D Evaluation: 3 res for frame 254 received at 1574766992878
11-26 13:16:32.906 15654 15665 E         : [ZeroHung]zrhung_get_config: Get config failed for wp[0x0008]
11-26 13:16:32.907 15654 15688 W System.err: java.net.SocketException: Message too long
11-26 13:16:32.907 15654 15688 W System.err: 	at sun.nio.ch.DatagramChannelImpl.send0(Native Method)
11-26 13:16:32.907 15654 15688 W System.err: 	at sun.nio.ch.DatagramChannelImpl.sendFromNativeBuffer(DatagramChannelImpl.java:573)
11-26 13:16:32.907 15654 15688 W System.err: 	at sun.nio.ch.DatagramChannelImpl.send(DatagramChannelImpl.java:550)
11-26 13:16:32.907 15654 15688 W System.err: 	at sun.nio.ch.DatagramChannelImpl.send(DatagramChannelImpl.java:514)
11-26 13:16:32.907 15654 15688 W System.err: 	at symlab.CloudAR.network.TransmissionTask.run(TransmissionTask.java:144)
11-26 13:16:32.907 15654 15688 W System.err: 	at android.os.Handler.handleCallback(Handler.java:907)
11-26 13:16:32.907 15654 15688 W System.err: 	at android.os.Handler.dispatchMessage(Handler.java:105)
11-26 13:16:32.907 15654 15688 W System.err: 	at android.os.Looper.loop(Looper.java:216)
11-26 13:16:32.908 15654 15688 W System.err: 	at android.os.HandlerThread.run(HandlerThread.java:65)
11-26 13:16:32.909 15654 15688 D Evaluation: 3 res for frame 255 received at 1574766992909
11-26 13:16:32.938 15654 15663 W System  : A resource failed to call close. 
11-26 13:16:32.943 15654 15663 I chatty  : uid=10147(symlab.cloudridar.arhud) FinalizerDaemon identical 41 lines
11-26 13:16:32.943 15654 15663 W System  : A resource failed to call close. 
11-26 13:16:32.943 15654 15663 W System  : A resource failed to call close. 
11-26 13:16:32.952 15654 15688 W System.err: java.net.SocketException: Message too long
11-26 13:16:32.952 15654 15688 W System.err: 	at sun.nio.ch.DatagramChannelImpl.send0(Native Method)
11-26 13:16:32.952 15654 15688 W System.err: 	at sun.nio.ch.DatagramChannelImpl.sendFromNativeBuffer(DatagramChannelImpl.java:573)
11-26 13:16:32.952 15654 15688 W System.err: 	at sun.nio.ch.DatagramChannelImpl.send(DatagramChannelImpl.java:550)
11-26 13:16:32.952 15654 15688 W System.err: 	at sun.nio.ch.DatagramChannelImpl.send(DatagramChannelImpl.java:514)
11-26 13:16:32.952 15654 15688 W System.err: 	at symlab.CloudAR.network.TransmissionTask.run(TransmissionTask.java:144)
11-26 13:16:32.952 15654 15688 W System.err: 	at android.os.Handler.handleCallback(Handler.java:907)
11-26 13:16:32.952 15654 15688 W System.err: 	at android.os.Handler.dispatchMessage(Handler.java:105)
11-26 13:16:32.952 15654 15688 W System.err: 	at android.os.Looper.loop(Looper.java:216)
11-26 13:16:32.952 15654 15688 W System.err: 	at android.os.HandlerThread.run(HandlerThread.java:65)
11-26 13:16:32.978 15654 15688 W System.err: java.net.SocketException: Message too long
11-26 13:16:32.978 15654 15688 W System.err: 	at sun.nio.ch.DatagramChannelImpl.send0(Native Method)
11-26 13:16:32.978 15654 15688 W System.err: 	at sun.nio.ch.DatagramChannelImpl.sendFromNativeBuffer(DatagramChannelImpl.java:573)
11-26 13:16:32.978 15654 15688 W System.err: 	at sun.nio.ch.DatagramChannelImpl.send(DatagramChannelImpl.java:550)
11-26 13:16:32.978 15654 15688 W System.err: 	at sun.nio.ch.DatagramChannelImpl.send(DatagramChannelImpl.java:514)
11-26 13:16:32.978 15654 15688 W System.err: 	at symlab.CloudAR.network.TransmissionTask.run(TransmissionTask.java:144)
11-26 13:16:32.978 15654 15688 W System.err: 	at android.os.Handler.handleCallback(Handler.java:907)
11-26 13:16:32.978 15654 15688 W System.err: 	at android.os.Handler.dispatchMessage(Handler.java:105)
11-26 13:16:32.979 15654 15688 W System.err: 	at android.os.Looper.loop(Looper.java:216)
11-26 13:16:32.979 15654 15688 W System.err: 	at android.os.HandlerThread.run(HandlerThread.java:65)
11-26 13:16:33.007 15654 15688 W System.err: java.net.SocketException: Message too long
11-26 13:16:33.007 15654 15688 W System.err: 	at sun.nio.ch.DatagramChannelImpl.send0(Native Method)
11-26 13:16:33.007 15654 15688 W System.err: 	at sun.nio.ch.DatagramChannelImpl.sendFromNativeBuffer(DatagramChannelImpl.java:573)
11-26 13:16:33.007 15654 15688 W System.err: 	at sun.nio.ch.DatagramChannelImpl.send(DatagramChannelImpl.java:550)
11-26 13:16:33.007 15654 15688 W System.err: 	at sun.nio.ch.DatagramChannelImpl.send(DatagramChannelImpl.java:514)
11-26 13:16:33.007 15654 15688 W System.err: 	at symlab.CloudAR.network.TransmissionTask.run(TransmissionTask.java:144)
11-26 13:16:33.007 15654 15688 W System.err: 	at android.os.Handler.handleCallback(Handler.java:907)
11-26 13:16:33.007 15654 15688 W System.err: 	at android.os.Handler.dispatchMessage(Handler.java:105)
11-26 13:16:33.007 15654 15688 W System.err: 	at android.os.Looper.loop(Looper.java:216)
11-26 13:16:33.007 15654 15688 W System.err: 	at android.os.HandlerThread.run(HandlerThread.java:65)
11-26 13:16:33.091 15654 15688 W System.err: java.net.SocketException: Message too long
11-26 13:16:33.091 15654 15688 W System.err: 	at sun.nio.ch.DatagramChannelImpl.send0(Native Method)
11-26 13:16:33.091 15654 15688 W System.err: 	at sun.nio.ch.DatagramChannelImpl.sendFromNativeBuffer(DatagramChannelImpl.java:573)
11-26 13:16:33.091 15654 15688 W System.err: 	at sun.nio.ch.DatagramChannelImpl.send(DatagramChannelImpl.java:550)
11-26 13:16:33.091 15654 15688 W System.err: 	at sun.nio.ch.DatagramChannelImpl.send(DatagramChannelImpl.java:514)
11-26 13:16:33.091 15654 15688 W System.err: 	at symlab.CloudAR.network.TransmissionTask.run(TransmissionTask.java:144)
11-26 13:16:33.091 15654 15688 W System.err: 	at android.os.Handler.handleCallback(Handler.java:907)
11-26 13:16:33.091 15654 15688 W System.err: 	at android.os.Handler.dispatchMessage(Handler.java:105)
11-26 13:16:33.091 15654 15688 W System.err: 	at android.os.Looper.loop(Looper.java:216)
11-26 13:16:33.091 15654 15688 W System.err: 	at android.os.HandlerThread.run(HandlerThread.java:65)
11-26 13:16:33.116 15654 15688 W System.err: java.net.SocketException: Message too long
11-26 13:16:33.116 15654 15688 W System.err: 	at sun.nio.ch.DatagramChannelImpl.send0(Native Method)
11-26 13:16:33.116 15654 15688 W System.err: 	at sun.nio.ch.DatagramChannelImpl.sendFromNativeBuffer(DatagramChannelImpl.java:573)
11-26 13:16:33.116 15654 15688 W System.err: 	at sun.nio.ch.DatagramChannelImpl.send(DatagramChannelImpl.java:550)
11-26 13:16:33.116 15654 15688 W System.err: 	at sun.nio.ch.DatagramChannelImpl.send(DatagramChannelImpl.java:514)
11-26 13:16:33.116 15654 15688 W System.err: 	at symlab.CloudAR.network.TransmissionTask.run(TransmissionTask.java:144)
11-26 13:16:33.116 15654 15688 W System.err: 	at android.os.Handler.handleCallback(Handler.java:907)
11-26 13:16:33.116 15654 15688 W System.err: 	at android.os.Handler.dispatchMessage(Handler.java:105)
11-26 13:16:33.116 15654 15688 W System.err: 	at android.os.Looper.loop(Looper.java:216)
11-26 13:16:33.116 15654 15688 W System.err: 	at android.os.HandlerThread.run(HandlerThread.java:65)
11-26 13:16:33.161 15654 15688 W System.err: java.net.SocketException: Message too long
11-26 13:16:33.161 15654 15688 W System.err: 	at sun.nio.ch.DatagramChannelImpl.send0(Native Method)
11-26 13:16:33.161 15654 15688 W System.err: 	at sun.nio.ch.DatagramChannelImpl.sendFromNativeBuffer(DatagramChannelImpl.java:573)
11-26 13:16:33.161 15654 15688 W System.err: 	at sun.nio.ch.DatagramChannelImpl.send(DatagramChannelImpl.java:550)
11-26 13:16:33.161 15654 15688 W System.err: 	at sun.nio.ch.DatagramChannelImpl.send(DatagramChannelImpl.java:514)
11-26 13:16:33.161 15654 15688 W System.err: 	at symlab.CloudAR.network.TransmissionTask.run(TransmissionTask.java:144)
11-26 13:16:33.161 15654 15688 W System.err: 	at android.os.Handler.handleCallback(Handler.java:907)
11-26 13:16:33.161 15654 15688 W System.err: 	at android.os.Handler.dispatchMessage(Handler.java:105)
11-26 13:16:33.161 15654 15688 W System.err: 	at android.os.Looper.loop(Looper.java:216)
11-26 13:16:33.161 15654 15688 W System.err: 	at android.os.HandlerThread.run(HandlerThread.java:65)
11-26 13:16:33.181 15654 15688 W System.err: java.net.SocketException: Message too long
11-26 13:16:33.181 15654 15688 W System.err: 	at sun.nio.ch.DatagramChannelImpl.send0(Native Method)
11-26 13:16:33.181 15654 15688 W System.err: 	at sun.nio.ch.DatagramChannelImpl.sendFromNativeBuffer(DatagramChannelImpl.java:573)
11-26 13:16:33.181 15654 15688 W System.err: 	at sun.nio.ch.DatagramChannelImpl.send(DatagramChannelImpl.java:550)
11-26 13:16:33.181 15654 15688 W System.err: 	at sun.nio.ch.DatagramChannelImpl.send(DatagramChannelImpl.java:514)
11-26 13:16:33.181 15654 15688 W System.err: 	at symlab.CloudAR.network.TransmissionTask.run(TransmissionTask.java:144)
11-26 13:16:33.181 15654 15688 W System.err: 	at android.os.Handler.handleCallback(Handler.java:907)
11-26 13:16:33.181 15654 15688 W System.err: 	at android.os.Handler.dispatchMessage(Handler.java:105)
11-26 13:16:33.181 15654 15688 W System.err: 	at android.os.Looper.loop(Looper.java:216)
11-26 13:16:33.181 15654 15688 W System.err: 	at android.os.HandlerThread.run(HandlerThread.java:65)
11-26 13:16:33.219 15654 15688 W System.err: java.net.SocketException: Message too long
11-26 13:16:33.219 15654 15688 W System.err: 	at sun.nio.ch.DatagramChannelImpl.send0(Native Method)
11-26 13:16:33.219 15654 15688 W System.err: 	at sun.nio.ch.DatagramChannelImpl.sendFromNativeBuffer(DatagramChannelImpl.java:573)
11-26 13:16:33.219 15654 15688 W System.err: 	at sun.nio.ch.DatagramChannelImpl.send(DatagramChannelImpl.java:550)
11-26 13:16:33.219 15654 15688 W System.err: 	at sun.nio.ch.DatagramChannelImpl.send(DatagramChannelImpl.java:514)
11-26 13:16:33.219 15654 15688 W System.err: 	at symlab.CloudAR.network.TransmissionTask.run(TransmissionTask.java:144)
11-26 13:16:33.219 15654 15688 W System.err: 	at android.os.Handler.handleCallback(Handler.java:907)
11-26 13:16:33.219 15654 15688 W System.err: 	at android.os.Handler.dispatchMessage(Handler.java:105)
11-26 13:16:33.219 15654 15688 W System.err: 	at android.os.Looper.loop(Looper.java:216)
11-26 13:16:33.219 15654 15688 W System.err: 	at android.os.HandlerThread.run(HandlerThread.java:65)
11-26 13:16:33.249 15654 15688 W System.err: java.net.SocketException: Message too long
11-26 13:16:33.249 15654 15688 W System.err: 	at sun.nio.ch.DatagramChannelImpl.send0(Native Method)
11-26 13:16:33.249 15654 15688 W System.err: 	at sun.nio.ch.DatagramChannelImpl.sendFromNativeBuffer(DatagramChannelImpl.java:573)
11-26 13:16:33.249 15654 15688 W System.err: 	at sun.nio.ch.DatagramChannelImpl.send(DatagramChannelImpl.java:550)
11-26 13:16:33.249 15654 15688 W System.err: 	at sun.nio.ch.DatagramChannelImpl.send(DatagramChannelImpl.java:514)
11-26 13:16:33.249 15654 15688 W System.err: 	at symlab.CloudAR.network.TransmissionTask.run(TransmissionTask.java:144)
11-26 13:16:33.249 15654 15688 W System.err: 	at android.os.Handler.handleCallback(Handler.java:907)
11-26 13:16:33.249 15654 15688 W System.err: 	at android.os.Handler.dispatchMessage(Handler.java:105)
11-26 13:16:33.249 15654 15688 W System.err: 	at android.os.Looper.loop(Looper.java:216)
11-26 13:16:33.249 15654 15688 W System.err: 	at android.os.HandlerThread.run(HandlerThread.java:65)
11-26 13:16:33.275 15654 15688 W System.err: java.net.SocketException: Message too long
11-26 13:16:33.275 15654 15688 W System.err: 	at sun.nio.ch.DatagramChannelImpl.send0(Native Method)
11-26 13:16:33.275 15654 15688 W System.err: 	at sun.nio.ch.DatagramChannelImpl.sendFromNativeBuffer(DatagramChannelImpl.java:573)
11-26 13:16:33.275 15654 15688 W System.err: 	at sun.nio.ch.DatagramChannelImpl.send(DatagramChannelImpl.java:550)
11-26 13:16:33.275 15654 15688 W System.err: 	at sun.nio.ch.DatagramChannelImpl.send(DatagramChannelImpl.java:514)
11-26 13:16:33.275 15654 15688 W System.err: 	at symlab.CloudAR.network.TransmissionTask.run(TransmissionTask.java:144)
11-26 13:16:33.275 15654 15688 W System.err: 	at android.os.Handler.handleCallback(Handler.java:907)
11-26 13:16:33.275 15654 15688 W System.err: 	at android.os.Handler.dispatchMessage(Handler.java:105)
11-26 13:16:33.275 15654 15688 W System.err: 	at android.os.Looper.loop(Looper.java:216)
11-26 13:16:33.275 15654 15688 W System.err: 	at android.os.HandlerThread.run(HandlerThread.java:65)
11-26 13:16:33.317 15654 15688 W System.err: java.net.SocketException: Message too long
11-26 13:16:33.317 15654 15688 W System.err: 	at sun.nio.ch.DatagramChannelImpl.send0(Native Method)
11-26 13:16:33.317 15654 15688 W System.err: 	at sun.nio.ch.DatagramChannelImpl.sendFromNativeBuffer(DatagramChannelImpl.java:573)
11-26 13:16:33.317 15654 15688 W System.err: 	at sun.nio.ch.DatagramChannelImpl.send(DatagramChannelImpl.java:550)
11-26 13:16:33.317 15654 15688 W System.err: 	at sun.nio.ch.DatagramChannelImpl.send(DatagramChannelImpl.java:514)
11-26 13:16:33.317 15654 15688 W System.err: 	at symlab.CloudAR.network.TransmissionTask.run(TransmissionTask.java:144)
11-26 13:16:33.317 15654 15688 W System.err: 	at android.os.Handler.handleCallback(Handler.java:907)
11-26 13:16:33.317 15654 15688 W System.err: 	at android.os.Handler.dispatchMessage(Handler.java:105)
11-26 13:16:33.317 15654 15688 W System.err: 	at android.os.Looper.loop(Looper.java:216)
11-26 13:16:33.317 15654 15688 W System.err: 	at android.os.HandlerThread.run(HandlerThread.java:65)
11-26 13:16:33.360 15654 15688 W System.err: java.net.SocketException: Message too long
11-26 13:16:33.361 15654 15688 W System.err: 	at sun.nio.ch.DatagramChannelImpl.send0(Native Method)
11-26 13:16:33.361 15654 15688 W System.err: 	at sun.nio.ch.DatagramChannelImpl.sendFromNativeBuffer(DatagramChannelImpl.java:573)
11-26 13:16:33.361 15654 15688 W System.err: 	at sun.nio.ch.DatagramChannelImpl.send(DatagramChannelImpl.java:550)
11-26 13:16:33.361 15654 15688 W System.err: 	at sun.nio.ch.DatagramChannelImpl.send(DatagramChannelImpl.java:514)
11-26 13:16:33.361 15654 15688 W System.err: 	at symlab.CloudAR.network.TransmissionTask.run(TransmissionTask.java:144)
11-26 13:16:33.361 15654 15688 W System.err: 	at android.os.Handler.handleCallback(Handler.java:907)
11-26 13:16:33.361 15654 15688 W System.err: 	at android.os.Handler.dispatchMessage(Handler.java:105)
11-26 13:16:33.361 15654 15688 W System.err: 	at android.os.Looper.loop(Looper.java:216)
11-26 13:16:33.361 15654 15688 W System.err: 	at android.os.HandlerThread.run(HandlerThread.java:65)
11-26 13:16:33.393 15654 15688 W System.err: java.net.SocketException: Message too long
11-26 13:16:33.394 15654 15688 W System.err: 	at sun.nio.ch.DatagramChannelImpl.send0(Native Method)
11-26 13:16:33.394 15654 15688 W System.err: 	at sun.nio.ch.DatagramChannelImpl.sendFromNativeBuffer(DatagramChannelImpl.java:573)
11-26 13:16:33.394 15654 15688 W System.err: 	at sun.nio.ch.DatagramChannelImpl.send(DatagramChannelImpl.java:550)
11-26 13:16:33.394 15654 15688 W System.err: 	at sun.nio.ch.DatagramChannelImpl.send(DatagramChannelImpl.java:514)
11-26 13:16:33.394 15654 15688 W System.err: 	at symlab.CloudAR.network.TransmissionTask.run(TransmissionTask.java:144)
11-26 13:16:33.394 15654 15688 W System.err: 	at android.os.Handler.handleCallback(Handler.java:907)
11-26 13:16:33.394 15654 15688 W System.err: 	at android.os.Handler.dispatchMessage(Handler.java:105)
11-26 13:16:33.394 15654 15688 W System.err: 	at android.os.Looper.loop(Looper.java:216)
11-26 13:16:33.394 15654 15688 W System.err: 	at android.os.HandlerThread.run(HandlerThread.java:65)
11-26 13:16:33.447 15654 15688 W System.err: java.net.SocketException: Message too long
11-26 13:16:33.447 15654 15688 W System.err: 	at sun.nio.ch.DatagramChannelImpl.send0(Native Method)
11-26 13:16:33.447 15654 15688 W System.err: 	at sun.nio.ch.DatagramChannelImpl.sendFromNativeBuffer(DatagramChannelImpl.java:573)
11-26 13:16:33.447 15654 15688 W System.err: 	at sun.nio.ch.DatagramChannelImpl.send(DatagramChannelImpl.java:550)
11-26 13:16:33.447 15654 15688 W System.err: 	at sun.nio.ch.DatagramChannelImpl.send(DatagramChannelImpl.java:514)
11-26 13:16:33.447 15654 15688 W System.err: 	at symlab.CloudAR.network.TransmissionTask.run(TransmissionTask.java:144)
11-26 13:16:33.447 15654 15688 W System.err: 	at android.os.Handler.handleCallback(Handler.java:907)
11-26 13:16:33.447 15654 15688 W System.err: 	at android.os.Handler.dispatchMessage(Handler.java:105)
11-26 13:16:33.447 15654 15688 W System.err: 	at android.os.Looper.loop(Looper.java:216)
11-26 13:16:33.447 15654 15688 W System.err: 	at android.os.HandlerThread.run(HandlerThread.java:65)
11-26 13:16:33.489 15654 15688 W System.err: java.net.SocketException: Message too long
11-26 13:16:33.490 15654 15688 W System.err: 	at sun.nio.ch.DatagramChannelImpl.send0(Native Method)
11-26 13:16:33.490 15654 15688 W System.err: 	at sun.nio.ch.DatagramChannelImpl.sendFromNativeBuffer(DatagramChannelImpl.java:573)
11-26 13:16:33.490 15654 15688 W System.err: 	at sun.nio.ch.DatagramChannelImpl.send(DatagramChannelImpl.java:550)
11-26 13:16:33.490 15654 15688 W System.err: 	at sun.nio.ch.DatagramChannelImpl.send(DatagramChannelImpl.java:514)
11-26 13:16:33.490 15654 15688 W System.err: 	at symlab.CloudAR.network.TransmissionTask.run(TransmissionTask.java:144)
11-26 13:16:33.490 15654 15688 W System.err: 	at android.os.Handler.handleCallback(Handler.java:907)
11-26 13:16:33.490 15654 15688 W System.err: 	at android.os.Handler.dispatchMessage(Handler.java:105)
11-26 13:16:33.490 15654 15688 W System.err: 	at android.os.Looper.loop(Looper.java:216)
11-26 13:16:33.490 15654 15688 W System.err: 	at android.os.HandlerThread.run(HandlerThread.java:65)
11-26 13:16:33.521 15654 15688 W System.err: java.net.SocketException: Message too long
11-26 13:16:33.521 15654 15688 W System.err: 	at sun.nio.ch.DatagramChannelImpl.send0(Native Method)
11-26 13:16:33.521 15654 15688 W System.err: 	at sun.nio.ch.DatagramChannelImpl.sendFromNativeBuffer(DatagramChannelImpl.java:573)
11-26 13:16:33.521 15654 15688 W System.err: 	at sun.nio.ch.DatagramChannelImpl.send(DatagramChannelImpl.java:550)
11-26 13:16:33.521 15654 15688 W System.err: 	at sun.nio.ch.DatagramChannelImpl.send(DatagramChannelImpl.java:514)
11-26 13:16:33.521 15654 15688 W System.err: 	at symlab.CloudAR.network.TransmissionTask.run(TransmissionTask.java:144)
11-26 13:16:33.521 15654 15688 W System.err: 	at android.os.Handler.handleCallback(Handler.java:907)
11-26 13:16:33.521 15654 15688 W System.err: 	at android.os.Handler.dispatchMessage(Handler.java:105)
11-26 13:16:33.521 15654 15688 W System.err: 	at android.os.Looper.loop(Looper.java:216)
11-26 13:16:33.521 15654 15688 W System.err: 	at android.os.HandlerThread.run(HandlerThread.java:65)
11-26 13:16:33.552 15654 15688 W System.err: java.net.SocketException: Message too long
11-26 13:16:33.552 15654 15688 W System.err: 	at sun.nio.ch.DatagramChannelImpl.send0(Native Method)
11-26 13:16:33.552 15654 15688 W System.err: 	at sun.nio.ch.DatagramChannelImpl.sendFromNativeBuffer(DatagramChannelImpl.java:573)
11-26 13:16:33.552 15654 15688 W System.err: 	at sun.nio.ch.DatagramChannelImpl.send(DatagramChannelImpl.java:550)
11-26 13:16:33.552 15654 15688 W System.err: 	at sun.nio.ch.DatagramChannelImpl.send(DatagramChannelImpl.java:514)
11-26 13:16:33.552 15654 15688 W System.err: 	at symlab.CloudAR.network.TransmissionTask.run(TransmissionTask.java:144)
11-26 13:16:33.552 15654 15688 W System.err: 	at android.os.Handler.handleCallback(Handler.java:907)
11-26 13:16:33.552 15654 15688 W System.err: 	at android.os.Handler.dispatchMessage(Handler.java:105)
11-26 13:16:33.552 15654 15688 W System.err: 	at android.os.Looper.loop(Looper.java:216)
11-26 13:16:33.552 15654 15688 W System.err: 	at android.os.HandlerThread.run(HandlerThread.java:65)
11-26 13:16:33.584 15654 15688 W System.err: java.net.SocketException: Message too long
11-26 13:16:33.584 15654 15688 W System.err: 	at sun.nio.ch.DatagramChannelImpl.send0(Native Method)
11-26 13:16:33.584 15654 15688 W System.err: 	at sun.nio.ch.DatagramChannelImpl.sendFromNativeBuffer(DatagramChannelImpl.java:573)
11-26 13:16:33.584 15654 15688 W System.err: 	at sun.nio.ch.DatagramChannelImpl.send(DatagramChannelImpl.java:550)
11-26 13:16:33.584 15654 15688 W System.err: 	at sun.nio.ch.DatagramChannelImpl.send(DatagramChannelImpl.java:514)
11-26 13:16:33.584 15654 15688 W System.err: 	at symlab.CloudAR.network.TransmissionTask.run(TransmissionTask.java:144)
11-26 13:16:33.584 15654 15688 W System.err: 	at android.os.Handler.handleCallback(Handler.java:907)
11-26 13:16:33.584 15654 15688 W System.err: 	at android.os.Handler.dispatchMessage(Handler.java:105)
11-26 13:16:33.584 15654 15688 W System.err: 	at android.os.Looper.loop(Looper.java:216)
11-26 13:16:33.584 15654 15688 W System.err: 	at android.os.HandlerThread.run(HandlerThread.java:65)
11-26 13:16:33.624 15654 15688 W System.err: java.net.SocketException: Message too long
11-26 13:16:33.624 15654 15688 W System.err: 	at sun.nio.ch.DatagramChannelImpl.send0(Native Method)
11-26 13:16:33.624 15654 15688 W System.err: 	at sun.nio.ch.DatagramChannelImpl.sendFromNativeBuffer(DatagramChannelImpl.java:573)
11-26 13:16:33.624 15654 15688 W System.err: 	at sun.nio.ch.DatagramChannelImpl.send(DatagramChannelImpl.java:550)
11-26 13:16:33.624 15654 15688 W System.err: 	at sun.nio.ch.DatagramChannelImpl.send(DatagramChannelImpl.java:514)
11-26 13:16:33.624 15654 15688 W System.err: 	at symlab.CloudAR.network.TransmissionTask.run(TransmissionTask.java:144)
11-26 13:16:33.624 15654 15688 W System.err: 	at android.os.Handler.handleCallback(Handler.java:907)
11-26 13:16:33.624 15654 15688 W System.err: 	at android.os.Handler.dispatchMessage(Handler.java:105)
11-26 13:16:33.624 15654 15688 W System.err: 	at android.os.Looper.loop(Looper.java:216)
11-26 13:16:33.624 15654 15688 W System.err: 	at android.os.HandlerThread.run(HandlerThread.java:65)
11-26 13:16:33.649 15654 15688 W System.err: java.net.SocketException: Message too long
11-26 13:16:33.649 15654 15688 W System.err: 	at sun.nio.ch.DatagramChannelImpl.send0(Native Method)
11-26 13:16:33.650 15654 15688 W System.err: 	at sun.nio.ch.DatagramChannelImpl.sendFromNativeBuffer(DatagramChannelImpl.java:573)
11-26 13:16:33.650 15654 15688 W System.err: 	at sun.nio.ch.DatagramChannelImpl.send(DatagramChannelImpl.java:550)
11-26 13:16:33.650 15654 15688 W System.err: 	at sun.nio.ch.DatagramChannelImpl.send(DatagramChannelImpl.java:514)
11-26 13:16:33.650 15654 15688 W System.err: 	at symlab.CloudAR.network.TransmissionTask.run(TransmissionTask.java:144)
11-26 13:16:33.650 15654 15688 W System.err: 	at android.os.Handler.handleCallback(Handler.java:907)
11-26 13:16:33.650 15654 15688 W System.err: 	at android.os.Handler.dispatchMessage(Handler.java:105)
11-26 13:16:33.650 15654 15688 W System.err: 	at android.os.Looper.loop(Looper.java:216)
11-26 13:16:33.650 15654 15688 W System.err: 	at android.os.HandlerThread.run(HandlerThread.java:65)
11-26 13:16:33.733 15654 15688 W System.err: java.net.SocketException: Message too long
11-26 13:16:33.734 15654 15688 W System.err: 	at sun.nio.ch.DatagramChannelImpl.send0(Native Method)
11-26 13:16:33.734 15654 15688 W System.err: 	at sun.nio.ch.DatagramChannelImpl.sendFromNativeBuffer(DatagramChannelImpl.java:573)
11-26 13:16:33.734 15654 15688 W System.err: 	at sun.nio.ch.DatagramChannelImpl.send(DatagramChannelImpl.java:550)
11-26 13:16:33.734 15654 15688 W System.err: 	at sun.nio.ch.DatagramChannelImpl.send(DatagramChannelImpl.java:514)
11-26 13:16:33.734 15654 15688 W System.err: 	at symlab.CloudAR.network.TransmissionTask.run(TransmissionTask.java:144)
11-26 13:16:33.734 15654 15688 W System.err: 	at android.os.Handler.handleCallback(Handler.java:907)
11-26 13:16:33.734 15654 15688 W System.err: 	at android.os.Handler.dispatchMessage(Handler.java:105)
11-26 13:16:33.734 15654 15688 W System.err: 	at android.os.Looper.loop(Looper.java:216)
11-26 13:16:33.734 15654 15688 W System.err: 	at android.os.HandlerThread.run(HandlerThread.java:65)
11-26 13:16:33.759 15654 15688 W System.err: java.net.SocketException: Message too long
11-26 13:16:33.759 15654 15688 W System.err: 	at sun.nio.ch.DatagramChannelImpl.send0(Native Method)
11-26 13:16:33.759 15654 15688 W System.err: 	at sun.nio.ch.DatagramChannelImpl.sendFromNativeBuffer(DatagramChannelImpl.java:573)
11-26 13:16:33.759 15654 15688 W System.err: 	at sun.nio.ch.DatagramChannelImpl.send(DatagramChannelImpl.java:550)
11-26 13:16:33.759 15654 15688 W System.err: 	at sun.nio.ch.DatagramChannelImpl.send(DatagramChannelImpl.java:514)
11-26 13:16:33.759 15654 15688 W System.err: 	at symlab.CloudAR.network.TransmissionTask.run(TransmissionTask.java:144)
11-26 13:16:33.759 15654 15688 W System.err: 	at android.os.Handler.handleCallback(Handler.java:907)
11-26 13:16:33.759 15654 15688 W System.err: 	at android.os.Handler.dispatchMessage(Handler.java:105)
11-26 13:16:33.759 15654 15688 W System.err: 	at android.os.Looper.loop(Looper.java:216)
11-26 13:16:33.759 15654 15688 W System.err: 	at android.os.HandlerThread.run(HandlerThread.java:65)
11-26 13:16:33.795 15654 15688 W System.err: java.net.SocketException: Message too long
11-26 13:16:33.795 15654 15688 W System.err: 	at sun.nio.ch.DatagramChannelImpl.send0(Native Method)
11-26 13:16:33.795 15654 15688 W System.err: 	at sun.nio.ch.DatagramChannelImpl.sendFromNativeBuffer(DatagramChannelImpl.java:573)
11-26 13:16:33.795 15654 15688 W System.err: 	at sun.nio.ch.DatagramChannelImpl.send(DatagramChannelImpl.java:550)
11-26 13:16:33.795 15654 15688 W System.err: 	at sun.nio.ch.DatagramChannelImpl.send(DatagramChannelImpl.java:514)
11-26 13:16:33.795 15654 15688 W System.err: 	at symlab.CloudAR.network.TransmissionTask.run(TransmissionTask.java:144)
11-26 13:16:33.795 15654 15688 W System.err: 	at android.os.Handler.handleCallback(Handler.java:907)
11-26 13:16:33.795 15654 15688 W System.err: 	at android.os.Handler.dispatchMessage(Handler.java:105)
11-26 13:16:33.795 15654 15688 W System.err: 	at android.os.Looper.loop(Looper.java:216)
11-26 13:16:33.795 15654 15688 W System.err: 	at android.os.HandlerThread.run(HandlerThread.java:65)
11-26 13:16:33.817 15654 15688 W System.err: java.net.SocketException: Message too long
11-26 13:16:33.818 15654 15688 W System.err: 	at sun.nio.ch.DatagramChannelImpl.send0(Native Method)
11-26 13:16:33.818 15654 15688 W System.err: 	at sun.nio.ch.DatagramChannelImpl.sendFromNativeBuffer(DatagramChannelImpl.java:573)
11-26 13:16:33.818 15654 15688 W System.err: 	at sun.nio.ch.DatagramChannelImpl.send(DatagramChannelImpl.java:550)
11-26 13:16:33.818 15654 15688 W System.err: 	at sun.nio.ch.DatagramChannelImpl.send(DatagramChannelImpl.java:514)
11-26 13:16:33.818 15654 15688 W System.err: 	at symlab.CloudAR.network.TransmissionTask.run(TransmissionTask.java:144)
11-26 13:16:33.818 15654 15688 W System.err: 	at android.os.Handler.handleCallback(Handler.java:907)
11-26 13:16:33.818 15654 15688 W System.err: 	at android.os.Handler.dispatchMessage(Handler.java:105)
11-26 13:16:33.818 15654 15688 W System.err: 	at android.os.Looper.loop(Looper.java:216)
11-26 13:16:33.818 15654 15688 W System.err: 	at android.os.HandlerThread.run(HandlerThread.java:65)
11-26 13:16:33.854 15654 15665 E         : [ZeroHung]zrhung_get_config: Get config failed for wp[0x0008]
11-26 13:16:33.855 15654 15688 W System.err: java.net.SocketException: Message too long
11-26 13:16:33.856 15654 15688 W System.err: 	at sun.nio.ch.DatagramChannelImpl.send0(Native Method)
11-26 13:16:33.856 15654 15688 W System.err: 	at sun.nio.ch.DatagramChannelImpl.sendFromNativeBuffer(DatagramChannelImpl.java:573)
11-26 13:16:33.856 15654 15688 W System.err: 	at sun.nio.ch.DatagramChannelImpl.send(DatagramChannelImpl.java:550)
11-26 13:16:33.856 15654 15688 W System.err: 	at sun.nio.ch.DatagramChannelImpl.send(DatagramChannelImpl.java:514)
11-26 13:16:33.856 15654 15688 W System.err: 	at symlab.CloudAR.network.TransmissionTask.run(TransmissionTask.java:144)
11-26 13:16:33.856 15654 15688 W System.err: 	at android.os.Handler.handleCallback(Handler.java:907)
11-26 13:16:33.856 15654 15688 W System.err: 	at android.os.Handler.dispatchMessage(Handler.java:105)
11-26 13:16:33.856 15654 15688 W System.err: 	at android.os.Looper.loop(Looper.java:216)
11-26 13:16:33.856 15654 15688 W System.err: 	at android.os.HandlerThread.run(HandlerThread.java:65)
11-26 13:16:33.874 15654 15663 W System  : A resource failed to call close. 
11-26 13:16:33.879 15654 15663 I chatty  : uid=10147(symlab.cloudridar.arhud) FinalizerDaemon identical 24 lines
11-26 13:16:33.879 15654 15663 W System  : A resource failed to call close. 
11-26 13:16:33.991 15654 15688 D Evaluation: 2 res for frame 285 received at 1574766993991
11-26 13:16:34.025 15654 15688 D Evaluation: 2 res for frame 285 received at 1574766994025
11-26 13:16:34.054 15654 15688 D Evaluation: 2 res for frame 286 received at 1574766994054
11-26 13:16:34.089 15654 15688 D Evaluation: 2 res for frame 287 received at 1574766994089
11-26 13:16:34.120 15654 15688 D Evaluation: 3 res for frame 288 received at 1574766994120
11-26 13:16:34.157 15654 15688 D Evaluation: 2 res for frame 289 received at 1574766994157
11-26 13:16:34.193 15654 15688 D Evaluation: 1 res for frame 290 received at 1574766994193
11-26 13:16:34.226 15654 15688 D Evaluation: 0 res for frame 291 received at 1574766994226
11-26 13:16:34.247 15654 15688 D Evaluation: 0 res for frame 292 received at 1574766994247
11-26 13:16:34.291 15654 15688 D Evaluation: 0 res for frame 293 received at 1574766994291
11-26 13:16:34.322 15654 15688 D Evaluation: 0 res for frame 294 received at 1574766994322
11-26 13:16:34.352 15654 15688 D Evaluation: 0 res for frame 295 received at 1574766994352
11-26 13:16:34.388 15654 15688 D Evaluation: 0 res for frame 296 received at 1574766994388
11-26 13:16:34.423 15654 15688 D Evaluation: 0 res for frame 297 received at 1574766994423
11-26 13:16:34.460 15654 15688 D Evaluation: 0 res for frame 298 received at 1574766994460
11-26 13:16:34.489 15654 15688 D Evaluation: 0 res for frame 299 received at 1574766994489
11-26 13:16:34.526 15654 15688 D Evaluation: 0 res for frame 300 received at 1574766994526
11-26 13:16:34.553 15654 15688 D Evaluation: 0 res for frame 301 received at 1574766994553
11-26 13:16:34.586 15654 15688 D Evaluation: 0 res for frame 302 received at 1574766994586
11-26 13:16:34.623 15654 15688 D Evaluation: 0 res for frame 303 received at 1574766994623
11-26 13:16:34.662 15654 15688 D Evaluation: 1 res for frame 304 received at 1574766994662
11-26 13:16:34.691 15654 15688 D Evaluation: 0 res for frame 305 received at 1574766994691
11-26 13:16:34.725 15654 15688 D Evaluation: 0 res for frame 306 received at 1574766994725
11-26 13:16:34.749 15654 15688 D Evaluation: 0 res for frame 307 received at 1574766994749
11-26 13:16:34.794 15654 15688 D Evaluation: 0 res for frame 308 received at 1574766994794
11-26 13:16:34.830 15654 15688 D Evaluation: 0 res for frame 309 received at 1574766994830
11-26 13:16:34.851 15654 15688 D Evaluation: 0 res for frame 310 received at 1574766994851
11-26 13:16:34.897 15654 15688 D Evaluation: 0 res for frame 311 received at 1574766994897
11-26 13:16:34.935 15654 15688 D Evaluation: 0 res for frame 313 received at 1574766994935
11-26 13:16:34.957 15654 15688 D Evaluation: 0 res for frame 313 received at 1574766994957
11-26 13:16:35.000 15654 15688 D Evaluation: 0 res for frame 314 received at 1574766995000
11-26 13:16:35.039 15654 15688 D Evaluation: 0 res for frame 316 received at 1574766995039
11-26 13:16:35.075 15654 15688 D Evaluation: 0 res for frame 316 received at 1574766995075
11-26 13:16:35.102 15654 15665 E         : [ZeroHung]zrhung_get_config: Get config failed for wp[0x0008]
11-26 13:16:35.106 15654 15688 D Evaluation: 0 res for frame 317 received at 1574766995106
11-26 13:16:35.129 15654 15688 D Evaluation: 1 res for frame 318 received at 1574766995129
11-26 13:16:35.136 15654 15663 W System  : A resource failed to call close. 
11-26 13:16:35.136 15654 15663 W System  : A resource failed to call close. 
11-26 13:16:35.140 15654 15663 I chatty  : uid=10147(symlab.cloudridar.arhud) FinalizerDaemon identical 67 lines
11-26 13:16:35.140 15654 15663 W System  : A resource failed to call close. 
11-26 13:16:35.169 15654 15688 D Evaluation: 2 res for frame 319 received at 1574766995169
11-26 13:16:35.191 15654 15688 D Evaluation: 2 res for frame 320 received at 1574766995191
11-26 13:16:35.236 15654 15688 D Evaluation: 3 res for frame 321 received at 1574766995236
11-26 13:16:35.262 15654 15688 D Evaluation: 2 res for frame 322 received at 1574766995262
11-26 13:16:35.304 15654 15688 D Evaluation: 2 res for frame 323 received at 1574766995304
11-26 13:16:35.328 15654 15688 D Evaluation: 2 res for frame 324 received at 1574766995328
11-26 13:16:35.364 15654 15688 D Evaluation: 2 res for frame 325 received at 1574766995363
11-26 13:16:35.402 15654 15688 D Evaluation: 1 res for frame 326 received at 1574766995402
11-26 13:16:35.425 15654 15688 D Evaluation: 2 res for frame 327 received at 1574766995425
11-26 13:16:35.467 15654 15688 W System.err: java.net.SocketException: Message too long
11-26 13:16:35.467 15654 15688 W System.err: 	at sun.nio.ch.DatagramChannelImpl.send0(Native Method)
11-26 13:16:35.467 15654 15688 W System.err: 	at sun.nio.ch.DatagramChannelImpl.sendFromNativeBuffer(DatagramChannelImpl.java:573)
11-26 13:16:35.467 15654 15688 W System.err: 	at sun.nio.ch.DatagramChannelImpl.send(DatagramChannelImpl.java:550)
11-26 13:16:35.467 15654 15688 W System.err: 	at sun.nio.ch.DatagramChannelImpl.send(DatagramChannelImpl.java:514)
11-26 13:16:35.467 15654 15688 W System.err: 	at symlab.CloudAR.network.TransmissionTask.run(TransmissionTask.java:144)
11-26 13:16:35.467 15654 15688 W System.err: 	at android.os.Handler.handleCallback(Handler.java:907)
11-26 13:16:35.467 15654 15688 W System.err: 	at android.os.Handler.dispatchMessage(Handler.java:105)
11-26 13:16:35.467 15654 15688 W System.err: 	at android.os.Looper.loop(Looper.java:216)
11-26 13:16:35.467 15654 15688 W System.err: 	at android.os.HandlerThread.run(HandlerThread.java:65)
11-26 13:16:35.470 15654 15688 D Evaluation: 2 res for frame 328 received at 1574766995470
11-26 13:16:35.494 15654 15688 D Evaluation: 2 res for frame 329 received at 1574766995494
11-26 13:16:35.542 15654 15688 D Evaluation: 2 res for frame 330 received at 1574766995542
11-26 13:16:35.572 15654 15688 W System.err: java.net.SocketException: Message too long
11-26 13:16:35.572 15654 15688 W System.err: 	at sun.nio.ch.DatagramChannelImpl.send0(Native Method)
11-26 13:16:35.572 15654 15688 W System.err: 	at sun.nio.ch.DatagramChannelImpl.sendFromNativeBuffer(DatagramChannelImpl.java:573)
11-26 13:16:35.572 15654 15688 W System.err: 	at sun.nio.ch.DatagramChannelImpl.send(DatagramChannelImpl.java:550)
11-26 13:16:35.572 15654 15688 W System.err: 	at sun.nio.ch.DatagramChannelImpl.send(DatagramChannelImpl.java:514)
11-26 13:16:35.573 15654 15688 W System.err: 	at symlab.CloudAR.network.TransmissionTask.run(TransmissionTask.java:144)
11-26 13:16:35.573 15654 15688 W System.err: 	at android.os.Handler.handleCallback(Handler.java:907)
11-26 13:16:35.573 15654 15688 W System.err: 	at android.os.Handler.dispatchMessage(Handler.java:105)
11-26 13:16:35.573 15654 15688 W System.err: 	at android.os.Looper.loop(Looper.java:216)
11-26 13:16:35.573 15654 15688 W System.err: 	at android.os.HandlerThread.run(HandlerThread.java:65)
11-26 13:16:35.574 15654 15688 D Evaluation: 2 res for frame 332 received at 1574766995574
11-26 13:16:35.595 15654 15688 D Evaluation: 2 res for frame 333 received at 1574766995595
11-26 13:16:35.635 15654 15688 D Evaluation: 2 res for frame 335 received at 1574766995635
11-26 13:16:35.664 15654 15688 W System.err: java.net.SocketException: Message too long
11-26 13:16:35.664 15654 15688 W System.err: 	at sun.nio.ch.DatagramChannelImpl.send0(Native Method)
11-26 13:16:35.664 15654 15688 W System.err: 	at sun.nio.ch.DatagramChannelImpl.sendFromNativeBuffer(DatagramChannelImpl.java:573)
11-26 13:16:35.664 15654 15688 W System.err: 	at sun.nio.ch.DatagramChannelImpl.send(DatagramChannelImpl.java:550)
11-26 13:16:35.665 15654 15688 W System.err: 	at sun.nio.ch.DatagramChannelImpl.send(DatagramChannelImpl.java:514)
11-26 13:16:35.665 15654 15688 W System.err: 	at symlab.CloudAR.network.TransmissionTask.run(TransmissionTask.java:144)
11-26 13:16:35.665 15654 15688 W System.err: 	at android.os.Handler.handleCallback(Handler.java:907)
11-26 13:16:35.665 15654 15688 W System.err: 	at android.os.Handler.dispatchMessage(Handler.java:105)
11-26 13:16:35.665 15654 15688 W System.err: 	at android.os.Looper.loop(Looper.java:216)
11-26 13:16:35.665 15654 15688 W System.err: 	at android.os.HandlerThread.run(HandlerThread.java:65)
11-26 13:16:35.695 15654 15688 W System.err: java.net.SocketException: Message too long
11-26 13:16:35.695 15654 15688 W System.err: 	at sun.nio.ch.DatagramChannelImpl.send0(Native Method)
11-26 13:16:35.695 15654 15688 W System.err: 	at sun.nio.ch.DatagramChannelImpl.sendFromNativeBuffer(DatagramChannelImpl.java:573)
11-26 13:16:35.695 15654 15688 W System.err: 	at sun.nio.ch.DatagramChannelImpl.send(DatagramChannelImpl.java:550)
11-26 13:16:35.695 15654 15688 W System.err: 	at sun.nio.ch.DatagramChannelImpl.send(DatagramChannelImpl.java:514)
11-26 13:16:35.695 15654 15688 W System.err: 	at symlab.CloudAR.network.TransmissionTask.run(TransmissionTask.java:144)
11-26 13:16:35.695 15654 15688 W System.err: 	at android.os.Handler.handleCallback(Handler.java:907)
11-26 13:16:35.695 15654 15688 W System.err: 	at android.os.Handler.dispatchMessage(Handler.java:105)
11-26 13:16:35.695 15654 15688 W System.err: 	at android.os.Looper.loop(Looper.java:216)
11-26 13:16:35.695 15654 15688 W System.err: 	at android.os.HandlerThread.run(HandlerThread.java:65)
11-26 13:16:35.696 15654 15688 D Evaluation: 2 res for frame 336 received at 1574766995696
11-26 13:16:35.736 15654 15688 W System.err: java.net.SocketException: Message too long
11-26 13:16:35.736 15654 15688 W System.err: 	at sun.nio.ch.DatagramChannelImpl.send0(Native Method)
11-26 13:16:35.736 15654 15688 W System.err: 	at sun.nio.ch.DatagramChannelImpl.sendFromNativeBuffer(DatagramChannelImpl.java:573)
11-26 13:16:35.736 15654 15688 W System.err: 	at sun.nio.ch.DatagramChannelImpl.send(DatagramChannelImpl.java:550)
11-26 13:16:35.737 15654 15688 W System.err: 	at sun.nio.ch.DatagramChannelImpl.send(DatagramChannelImpl.java:514)
11-26 13:16:35.737 15654 15688 W System.err: 	at symlab.CloudAR.network.TransmissionTask.run(TransmissionTask.java:144)
11-26 13:16:35.737 15654 15688 W System.err: 	at android.os.Handler.handleCallback(Handler.java:907)
11-26 13:16:35.737 15654 15688 W System.err: 	at android.os.Handler.dispatchMessage(Handler.java:105)
11-26 13:16:35.737 15654 15688 W System.err: 	at android.os.Looper.loop(Looper.java:216)
11-26 13:16:35.737 15654 15688 W System.err: 	at android.os.HandlerThread.run(HandlerThread.java:65)
11-26 13:16:35.768 15654 15688 W System.err: java.net.SocketException: Message too long
11-26 13:16:35.768 15654 15688 W System.err: 	at sun.nio.ch.DatagramChannelImpl.send0(Native Method)
11-26 13:16:35.768 15654 15688 W System.err: 	at sun.nio.ch.DatagramChannelImpl.sendFromNativeBuffer(DatagramChannelImpl.java:573)
11-26 13:16:35.768 15654 15688 W System.err: 	at sun.nio.ch.DatagramChannelImpl.send(DatagramChannelImpl.java:550)
11-26 13:16:35.768 15654 15688 W System.err: 	at sun.nio.ch.DatagramChannelImpl.send(DatagramChannelImpl.java:514)
11-26 13:16:35.768 15654 15688 W System.err: 	at symlab.CloudAR.network.TransmissionTask.run(TransmissionTask.java:144)
11-26 13:16:35.768 15654 15688 W System.err: 	at android.os.Handler.handleCallback(Handler.java:907)
11-26 13:16:35.768 15654 15688 W System.err: 	at android.os.Handler.dispatchMessage(Handler.java:105)
11-26 13:16:35.768 15654 15688 W System.err: 	at android.os.Looper.loop(Looper.java:216)
11-26 13:16:35.768 15654 15688 W System.err: 	at android.os.HandlerThread.run(HandlerThread.java:65)
11-26 13:16:35.804 15654 15688 W System.err: java.net.SocketException: Message too long
11-26 13:16:35.804 15654 15688 W System.err: 	at sun.nio.ch.DatagramChannelImpl.send0(Native Method)
11-26 13:16:35.804 15654 15688 W System.err: 	at sun.nio.ch.DatagramChannelImpl.sendFromNativeBuffer(DatagramChannelImpl.java:573)
11-26 13:16:35.804 15654 15688 W System.err: 	at sun.nio.ch.DatagramChannelImpl.send(DatagramChannelImpl.java:550)
11-26 13:16:35.804 15654 15688 W System.err: 	at sun.nio.ch.DatagramChannelImpl.send(DatagramChannelImpl.java:514)
11-26 13:16:35.804 15654 15688 W System.err: 	at symlab.CloudAR.network.TransmissionTask.run(TransmissionTask.java:144)
11-26 13:16:35.804 15654 15688 W System.err: 	at android.os.Handler.handleCallback(Handler.java:907)
11-26 13:16:35.804 15654 15688 W System.err: 	at android.os.Handler.dispatchMessage(Handler.java:105)
11-26 13:16:35.804 15654 15688 W System.err: 	at android.os.Looper.loop(Looper.java:216)
11-26 13:16:35.804 15654 15688 W System.err: 	at android.os.HandlerThread.run(HandlerThread.java:65)
11-26 13:16:35.837 15654 15688 W System.err: java.net.SocketException: Message too long
11-26 13:16:35.837 15654 15688 W System.err: 	at sun.nio.ch.DatagramChannelImpl.send0(Native Method)
