11-26 13:16:53.638 15654 15663 W System  : A resource failed to call close. 
11-26 13:16:53.638 15654 15663 W System  : A resource failed to call close. 
11-26 13:16:53.638 15654 15663 W System  : A resource failed to call close. 
11-26 13:16:53.638 15654 15663 W System  : A resource failed to call close. 
11-26 13:16:53.638 15654 15663 W System  : A resource failed to call close. 
11-26 13:16:53.638 15654 15663 W System  : A resource failed to call close. 
11-26 13:16:53.639 15654 15663 I chatty  : uid=10147(symlab.cloudridar.arhud) FinalizerDaemon identical 2 lines
11-26 13:16:53.639 15654 15663 W System  : A resource failed to call close. 
11-26 13:16:53.639 15654 15663 W System  : A resource failed to call close. 
11-26 13:16:53.639 15654 15663 W System  : A resource failed to call close. 
11-26 13:16:53.641 15654 15663 W System  : A resource failed to call close. 
11-26 13:16:53.642 15654 15663 W System  : A resource failed to call close. 
11-26 13:16:53.642 15654 15663 W System  : A resource failed to call close. 
11-26 13:16:53.642 15654 15663 I chatty  : uid=10147(symlab.cloudridar.arhud) FinalizerDaemon identical 4 lines
11-26 13:16:53.643 15654 15663 W System  : A resource failed to call close. 
11-26 13:16:53.643 15654 15663 W System  : A resource failed to call close. 
11-26 13:16:53.644 15654 15663 I chatty  : uid=10147(symlab.cloudridar.arhud) FinalizerDaemon identical 8 lines
11-26 13:16:53.644 15654 15663 W System  : A resource failed to call close. 
11-26 13:16:53.666 15654 15688 D Evaluation: 0 res for frame 845 received at 1574767013666
11-26 13:16:53.687 15654 15688 D Evaluation: 0 res for frame 846 received at 1574767013687
11-26 13:16:53.732 15654 15688 D Evaluation: 0 res for frame 847 received at 1574767013732
11-26 13:16:53.774 15654 15688 D Evaluation: 0 res for frame 848 received at 1574767013774
11-26 13:16:53.802 15654 15688 D Evaluation: 0 res for frame 849 received at 1574767013802
11-26 13:16:53.845 15654 15688 D Evaluation: 0 res for frame 850 received at 1574767013845
11-26 13:16:53.888 15654 15688 D Evaluation: 1 res for frame 851 received at 1574767013888
11-26 13:16:53.913 15654 15688 D Evaluation: 1 res for frame 852 received at 1574767013913
11-26 13:16:53.970 15654 15688 D Evaluation: 3 res for frame 853 received at 1574767013970
11-26 13:16:54.012 15654 15688 D Evaluation: 5 res for frame 854 received at 1574767014012
11-26 13:16:54.034 15654 15688 D Evaluation: 5 res for frame 856 received at 1574767014034
11-26 13:16:54.132 15654 15688 W System.err: java.net.SocketException: Message too long
11-26 13:16:54.132 15654 15688 W System.err: 	at sun.nio.ch.DatagramChannelImpl.send0(Native Method)
11-26 13:16:54.132 15654 15688 W System.err: 	at sun.nio.ch.DatagramChannelImpl.sendFromNativeBuffer(DatagramChannelImpl.java:573)
11-26 13:16:54.132 15654 15688 W System.err: 	at sun.nio.ch.DatagramChannelImpl.send(DatagramChannelImpl.java:550)
11-26 13:16:54.132 15654 15688 W System.err: 	at sun.nio.ch.DatagramChannelImpl.send(DatagramChannelImpl.java:514)
11-26 13:16:54.132 15654 15688 W System.err: 	at symlab.CloudAR.network.TransmissionTask.run(TransmissionTask.java:144)
11-26 13:16:54.132 15654 15688 W System.err: 	at android.os.Handler.handleCallback(Handler.java:907)
11-26 13:16:54.132 15654 15688 W System.err: 	at android.os.Handler.dispatchMessage(Handler.java:105)
11-26 13:16:54.132 15654 15688 W System.err: 	at android.os.Looper.loop(Looper.java:216)
11-26 13:16:54.132 15654 15688 W System.err: 	at android.os.HandlerThread.run(HandlerThread.java:65)
11-26 13:16:54.134 15654 15688 D Evaluation: 5 res for frame 856 received at 1574767014134
11-26 13:16:54.181 15654 15688 W System.err: java.net.SocketException: Message too long
11-26 13:16:54.181 15654 15688 W System.err: 	at sun.nio.ch.DatagramChannelImpl.send0(Native Method)
11-26 13:16:54.181 15654 15688 W System.err: 	at sun.nio.ch.DatagramChannelImpl.sendFromNativeBuffer(DatagramChannelImpl.java:573)
11-26 13:16:54.181 15654 15688 W System.err: 	at sun.nio.ch.DatagramChannelImpl.send(DatagramChannelImpl.java:550)
11-26 13:16:54.181 15654 15688 W System.err: 	at sun.nio.ch.DatagramChannelImpl.send(DatagramChannelImpl.java:514)
11-26 13:16:54.181 15654 15688 W System.err: 	at symlab.CloudAR.network.TransmissionTask.run(TransmissionTask.java:144)
11-26 13:16:54.181 15654 15688 W System.err: 	at android.os.Handler.handleCallback(Handler.java:907)
11-26 13:16:54.181 15654 15688 W System.err: 	at android.os.Handler.dispatchMessage(Handler.java:105)
11-26 13:16:54.181 15654 15688 W System.err: 	at android.os.Looper.loop(Looper.java:216)
11-26 13:16:54.181 15654 15688 W System.err: 	at android.os.HandlerThread.run(HandlerThread.java:65)
11-26 13:16:54.183 15654 15688 D Evaluation: 5 res for frame 857 received at 1574767014183
11-26 13:16:54.217 15654 15688 D Evaluation: 5 res for frame 858 received at 1574767014217
11-26 13:16:54.240 15654 15688 D Evaluation: 5 res for frame 859 received at 1574767014240
11-26 13:16:54.308 15654 15688 D Evaluation: 5 res for frame 863 received at 1574767014308
11-26 13:16:54.333 15654 15688 D Evaluation: 5 res for frame 863 received at 1574767014333
11-26 13:16:54.367 15654 15688 D Evaluation: 5 res for frame 864 received at 1574767014367
11-26 13:16:54.403 15654 15688 D Evaluation: 5 res for frame 865 received at 1574767014403
11-26 13:16:54.437 15654 15688 D Evaluation: 5 res for frame 866 received at 1574767014437
11-26 13:16:54.485 15654 15688 D Evaluation: 5 res for frame 867 received at 1574767014484
11-26 13:16:54.514 15654 15688 D Evaluation: 5 res for frame 868 received at 1574767014514
11-26 13:16:54.553 15654 15688 D Evaluation: 5 res for frame 869 received at 1574767014553
11-26 13:16:54.575 15654 15688 D Evaluation: 5 res for frame 870 received at 1574767014575
11-26 13:16:54.601 15654 15665 E         : [ZeroHung]zrhung_get_config: Get config failed for wp[0x0008]
11-26 13:16:54.603 15654 15688 D Evaluation: 4 res for frame 871 received at 1574767014603
11-26 13:16:54.621 15654 15663 W System  : A resource failed to call close. 
11-26 13:16:54.624 15654 15663 I chatty  : uid=10147(symlab.cloudridar.arhud) FinalizerDaemon identical 51 lines
11-26 13:16:54.624 15654 15663 W System  : A resource failed to call close. 
11-26 13:16:54.647 15654 15688 D Evaluation: 5 res for frame 873 received at 1574767014647
11-26 13:16:54.672 15654 15688 D Evaluation: 3 res for frame 873 received at 1574767014672
11-26 13:16:54.698 15654 15688 D Evaluation: 5 res for frame 874 received at 1574767014698
11-26 13:16:54.741 15654 15688 D Evaluation: 5 res for frame 875 received at 1574767014741
11-26 13:16:54.781 15654 15688 D Evaluation: 5 res for frame 876 received at 1574767014781
11-26 13:16:54.811 15654 15688 D Evaluation: 5 res for frame 877 received at 1574767014811
11-26 13:16:54.847 15654 15688 D Evaluation: 5 res for frame 878 received at 1574767014847
11-26 13:16:54.885 15654 15688 D Evaluation: 5 res for frame 879 received at 1574767014885
11-26 13:16:54.910 15654 15688 D Evaluation: 5 res for frame 880 received at 1574767014910
11-26 13:16:54.946 15654 15688 D Evaluation: 5 res for frame 881 received at 1574767014946
11-26 13:16:54.978 15654 15688 D Evaluation: 5 res for frame 882 received at 1574767014978
11-26 13:16:55.021 15654 15688 D Evaluation: 5 res for frame 883 received at 1574767015021
11-26 13:16:55.057 15654 15688 D Evaluation: 5 res for frame 884 received at 1574767015057
11-26 13:16:55.083 15654 15688 D Evaluation: 5 res for frame 885 received at 1574767015083
11-26 13:16:55.115 15654 15688 D Evaluation: 5 res for frame 886 received at 1574767015115
11-26 13:16:55.147 15654 15688 D Evaluation: 5 res for frame 888 received at 1574767015147
11-26 13:16:55.175 15654 15688 D Evaluation: 5 res for frame 888 received at 1574767015175
11-26 13:16:55.213 15654 15688 D Evaluation: 5 res for frame 889 received at 1574767015213
11-26 13:16:55.244 15654 15688 D Evaluation: 5 res for frame 890 received at 1574767015244
11-26 13:16:55.254 15654 15654 D stylus  : init stylus touchlistener.
11-26 13:16:55.266 15654 15654 W Settings: Setting device_provisioned has moved from android.provider.Settings.Secure to android.provider.Settings.Global.
11-26 13:16:55.266 15654 15654 V HiTouch_HiTouchSensor: User setup is finished.
11-26 13:16:55.286 15654 15654 W HiTouch_PressGestureDetector: Touch pointer move a lot. The moving distance of X is:179.87366, limit is:60The moving distance of Y is:54.934006, limit is:60
11-26 13:16:55.309 15654 15688 D Evaluation: 5 res for frame 891 received at 1574767015309
11-26 13:16:55.332 15654 15688 D Evaluation: 5 res for frame 892 received at 1574767015332
11-26 13:16:55.352 15654 15688 D Evaluation: 5 res for frame 893 received at 1574767015352
11-26 13:16:55.398 15654 15688 D Evaluation: 5 res for frame 895 received at 1574767015398
11-26 13:16:55.432 15654 15688 D Evaluation: 5 res for frame 896 received at 1574767015432
11-26 13:16:55.477 15654 15688 D Evaluation: 5 res for frame 897 received at 1574767015477
11-26 13:16:55.502 15654 15665 E         : [ZeroHung]zrhung_get_config: Get config failed for wp[0x0008]
11-26 13:16:55.504 15654 15688 D Evaluation: 5 res for frame 897 received at 1574767015504
11-26 13:16:55.522 15654 15663 W System  : A resource failed to call close. 
11-26 13:16:55.524 15654 15663 I chatty  : uid=10147(symlab.cloudridar.arhud) FinalizerDaemon identical 42 lines
11-26 13:16:55.524 15654 15663 W System  : A resource failed to call close. 
11-26 13:16:55.524 15654 15663 W System  : A resource failed to call close. 
11-26 13:16:55.524 15654 15663 I chatty  : uid=10147(symlab.cloudridar.arhud) FinalizerDaemon identical 6 lines
11-26 13:16:55.524 15654 15663 W System  : A resource failed to call close. 
11-26 13:16:55.531 15654 15688 D Evaluation: 5 res for frame 898 received at 1574767015531
11-26 13:16:55.567 15654 15688 D Evaluation: 5 res for frame 899 received at 1574767015567
11-26 13:16:55.607 15654 15688 D Evaluation: 5 res for frame 900 received at 1574767015607
11-26 13:16:55.643 15654 15688 D Evaluation: 4 res for frame 901 received at 1574767015643
11-26 13:16:55.664 15654 15688 D Evaluation: 5 res for frame 902 received at 1574767015664
11-26 13:16:55.697 15654 15688 D Evaluation: 4 res for frame 903 received at 1574767015697
11-26 13:16:55.739 15654 15688 D Evaluation: 5 res for frame 904 received at 1574767015739
11-26 13:16:55.778 15654 15688 D Evaluation: 4 res for frame 905 received at 1574767015778
11-26 13:16:55.808 15654 15688 D Evaluation: 4 res for frame 906 received at 1574767015808
11-26 13:16:55.835 15654 15688 D Evaluation: 3 res for frame 907 received at 1574767015835
11-26 13:16:55.873 15654 15688 D Evaluation: 5 res for frame 908 received at 1574767015873
11-26 13:16:55.906 15654 15688 D Evaluation: 5 res for frame 909 received at 1574767015906
11-26 13:16:55.938 15654 15688 D Evaluation: 5 res for frame 910 received at 1574767015938
11-26 13:16:55.972 15654 15688 D Evaluation: 5 res for frame 911 received at 1574767015972
11-26 13:16:56.016 15654 15688 D Evaluation: 5 res for frame 912 received at 1574767016016
11-26 13:16:56.044 15654 15688 D Evaluation: 5 res for frame 913 received at 1574767016044
11-26 13:16:56.071 15654 15688 D Evaluation: 5 res for frame 914 received at 1574767016071
11-26 13:16:56.113 15654 15688 D Evaluation: 5 res for frame 915 received at 1574767016113
11-26 13:16:56.144 15654 15688 D Evaluation: 5 res for frame 916 received at 1574767016144
11-26 13:16:56.182 15654 15688 D Evaluation: 5 res for frame 917 received at 1574767016182
11-26 13:16:56.215 15654 15688 D Evaluation: 5 res for frame 918 received at 1574767016215
11-26 13:16:56.240 15654 15688 D Evaluation: 5 res for frame 919 received at 1574767016240
11-26 13:16:56.283 15654 15688 D Evaluation: 5 res for frame 920 received at 1574767016283
11-26 13:16:56.315 15654 15688 D Evaluation: 5 res for frame 921 received at 1574767016315
11-26 13:16:56.349 15654 15688 D Evaluation: 5 res for frame 922 received at 1574767016349
11-26 13:16:56.373 15654 15688 D Evaluation: 5 res for frame 923 received at 1574767016373
11-26 13:16:56.429 15654 15688 D Evaluation: 5 res for frame 924 received at 1574767016429
11-26 13:16:56.446 15654 15665 E         : [ZeroHung]zrhung_get_config: Get config failed for wp[0x0008]
11-26 13:16:56.449 15654 15688 D Evaluation: 5 res for frame 925 received at 1574767016449
11-26 13:16:56.460 15654 15663 W System  : A resource failed to call close. 
11-26 13:16:56.462 15654 15663 I chatty  : uid=10147(symlab.cloudridar.arhud) FinalizerDaemon identical 54 lines
11-26 13:16:56.462 15654 15663 W System  : A resource failed to call close. 
11-26 13:16:56.478 15654 15688 D Evaluation: 3 res for frame 926 received at 1574767016478
11-26 13:16:56.504 15654 15688 D Evaluation: 5 res for frame 927 received at 1574767016504
11-26 13:16:56.549 15654 15688 D Evaluation: 4 res for frame 929 received at 1574767016549
11-26 13:16:56.586 15654 15688 D Evaluation: 5 res for frame 929 received at 1574767016586
11-26 13:16:56.616 15654 15688 D Evaluation: 5 res for frame 930 received at 1574767016616
11-26 13:16:56.646 15654 15688 D Evaluation: 5 res for frame 931 received at 1574767016645
11-26 13:16:56.686 15654 15688 D Evaluation: 5 res for frame 932 received at 1574767016686
11-26 13:16:56.710 15654 15688 D Evaluation: 5 res for frame 933 received at 1574767016710
11-26 13:16:56.752 15654 15688 D Evaluation: 5 res for frame 934 received at 1574767016752
11-26 13:16:56.786 15654 15688 D Evaluation: 5 res for frame 935 received at 1574767016786
11-26 13:16:56.817 15654 15688 D Evaluation: 5 res for frame 936 received at 1574767016817
11-26 13:16:56.856 15654 15688 D Evaluation: 5 res for frame 937 received at 1574767016856
11-26 13:16:56.878 15654 15688 D Evaluation: 5 res for frame 938 received at 1574767016878
11-26 13:16:56.922 15654 15688 D Evaluation: 5 res for frame 939 received at 1574767016922
11-26 13:16:56.946 15654 15688 D Evaluation: 5 res for frame 940 received at 1574767016946
11-26 13:16:56.983 15654 15688 D Evaluation: 5 res for frame 941 received at 1574767016983
11-26 13:16:57.009 15654 15688 D Evaluation: 5 res for frame 942 received at 1574767017009
11-26 13:16:57.043 15654 15688 D Evaluation: 5 res for frame 943 received at 1574767017043
11-26 13:16:57.079 15654 15688 D Evaluation: 5 res for frame 944 received at 1574767017079
11-26 13:16:57.111 15654 15688 D Evaluation: 4 res for frame 945 received at 1574767017111
11-26 13:16:57.145 15654 15688 D Evaluation: 4 res for frame 946 received at 1574767017145
11-26 13:16:57.179 15654 15688 D Evaluation: 5 res for frame 947 received at 1574767017179
11-26 13:16:57.222 15654 15688 D Evaluation: 5 res for frame 948 received at 1574767017222
11-26 13:16:57.245 15654 15688 D Evaluation: 3 res for frame 949 received at 1574767017245
11-26 13:16:57.280 15654 15665 E         : [ZeroHung]zrhung_get_config: Get config failed for wp[0x0008]
11-26 13:16:57.282 15654 15688 D Evaluation: 4 res for frame 950 received at 1574767017282
11-26 13:16:57.299 15654 15663 W System  : A resource failed to call close. 
11-26 13:16:57.301 15654 15663 I chatty  : uid=10147(symlab.cloudridar.arhud) FinalizerDaemon identical 48 lines
11-26 13:16:57.301 15654 15663 W System  : A resource failed to call close. 
11-26 13:16:57.315 15654 15688 D Evaluation: 5 res for frame 951 received at 1574767017315
11-26 13:16:57.349 15654 15688 D Evaluation: 5 res for frame 952 received at 1574767017349
11-26 13:16:57.380 15654 15688 D Evaluation: 3 res for frame 953 received at 1574767017380
11-26 13:16:57.417 15654 15688 D Evaluation: 4 res for frame 954 received at 1574767017417
11-26 13:16:57.450 15654 15688 D Evaluation: 2 res for frame 955 received at 1574767017450
11-26 13:16:57.487 15654 15688 D Evaluation: 5 res for frame 956 received at 1574767017487
11-26 13:16:57.522 15654 15688 D Evaluation: 5 res for frame 957 received at 1574767017522
11-26 13:16:57.552 15654 15688 D Evaluation: 5 res for frame 958 received at 1574767017552
11-26 13:16:57.592 15654 15688 D Evaluation: 5 res for frame 959 received at 1574767017592
11-26 13:16:57.616 15654 15688 D Evaluation: 5 res for frame 960 received at 1574767017616
11-26 13:16:57.657 15654 15688 D Evaluation: 5 res for frame 961 received at 1574767017657
11-26 13:16:57.686 15654 15688 D Evaluation: 5 res for frame 962 received at 1574767017686
11-26 13:16:57.722 15654 15688 D Evaluation: 5 res for frame 963 received at 1574767017722
11-26 13:16:57.758 15654 15688 D Evaluation: 5 res for frame 964 received at 1574767017758
11-26 13:16:57.785 15654 15688 D Evaluation: 3 res for frame 965 received at 1574767017785
11-26 13:16:57.812 15654 15688 D Evaluation: 3 res for frame 966 received at 1574767017812
11-26 13:16:57.862 15654 15688 D Evaluation: 5 res for frame 967 received at 1574767017862
11-26 13:16:57.891 15654 15688 D Evaluation: 5 res for frame 968 received at 1574767017891
11-26 13:16:57.962 15654 15688 D Evaluation: 5 res for frame 969 received at 1574767017962
11-26 13:16:57.987 15654 15688 D Evaluation: 5 res for frame 970 received at 1574767017987
11-26 13:16:58.037 15654 15688 D Evaluation: 5 res for frame 971 received at 1574767018037
11-26 13:16:58.056 15654 15688 D Evaluation: 5 res for frame 972 received at 1574767018056
11-26 13:16:58.091 15654 15688 D Evaluation: 5 res for frame 973 received at 1574767018091
11-26 13:16:58.118 15654 15688 D Evaluation: 5 res for frame 974 received at 1574767018118
11-26 13:16:58.154 15654 15688 D Evaluation: 4 res for frame 976 received at 1574767018154
11-26 13:16:58.189 15654 15688 D Evaluation: 5 res for frame 976 received at 1574767018189
11-26 13:16:58.219 15654 15665 E         : [ZeroHung]zrhung_get_config: Get config failed for wp[0x0008]
11-26 13:16:58.221 15654 15688 D Evaluation: 5 res for frame 977 received at 1574767018221
11-26 13:16:58.240 15654 15663 W System  : A resource failed to call close. 
11-26 13:16:58.242 15654 15663 I chatty  : uid=10147(symlab.cloudridar.arhud) FinalizerDaemon identical 52 lines
11-26 13:16:58.242 15654 15663 W System  : A resource failed to call close. 
11-26 13:16:58.256 15654 15688 D Evaluation: 5 res for frame 978 received at 1574767018256
11-26 13:16:58.293 15654 15688 D Evaluation: 5 res for frame 979 received at 1574767018293
11-26 13:16:58.329 15654 15688 D Evaluation: 5 res for frame 980 received at 1574767018329
11-26 13:16:58.354 15654 15688 D Evaluation: 5 res for frame 981 received at 1574767018354
11-26 13:16:58.390 15654 15688 D Evaluation: 5 res for frame 982 received at 1574767018390
11-26 13:16:58.432 15654 15688 D Evaluation: 5 res for frame 983 received at 1574767018432
11-26 13:16:58.466 15654 15688 D Evaluation: 4 res for frame 984 received at 1574767018466
11-26 13:16:58.489 15654 15688 D Evaluation: 4 res for frame 985 received at 1574767018489
11-26 13:16:58.529 15654 15688 D Evaluation: 5 res for frame 986 received at 1574767018529
11-26 13:16:58.563 15654 15688 D Evaluation: 4 res for frame 987 received at 1574767018563
11-26 13:16:58.587 15654 15688 D Evaluation: 4 res for frame 988 received at 1574767018587
11-26 13:16:58.620 15654 15688 D Evaluation: 4 res for frame 989 received at 1574767018620
11-26 13:16:58.657 15654 15688 D Evaluation: 5 res for frame 990 received at 1574767018657
11-26 13:16:58.693 15654 15688 D Evaluation: 5 res for frame 991 received at 1574767018693
11-26 13:16:58.727 15654 15688 D Evaluation: 4 res for frame 992 received at 1574767018727
11-26 13:16:58.758 15654 15688 D Evaluation: 2 res for frame 993 received at 1574767018758
11-26 13:16:58.799 15654 15688 D Evaluation: 2 res for frame 994 received at 1574767018799
11-26 13:16:58.838 15654 15688 D Evaluation: 4 res for frame 995 received at 1574767018838
11-26 13:16:58.869 15654 15688 D Evaluation: 5 res for frame 996 received at 1574767018869
11-26 13:16:58.891 15654 15688 D Evaluation: 4 res for frame 997 received at 1574767018891
11-26 13:16:58.928 15654 15688 D Evaluation: 3 res for frame 998 received at 1574767018928
11-26 13:16:58.968 15654 15688 D Evaluation: 3 res for frame 999 received at 1574767018968
11-26 13:16:59.000 15654 15688 D Evaluation: 2 res for frame 1000 received at 1574767019000
11-26 13:16:59.070 15654 15688 D Evaluation: 1 res for frame 1001 received at 1574767019070
11-26 13:16:59.104 15654 15688 D Evaluation: 1 res for frame 1002 received at 1574767019104
11-26 13:16:59.127 15654 15688 D Evaluation: 2 res for frame 1003 received at 1574767019127
11-26 13:16:59.158 15654 15665 E         : [ZeroHung]zrhung_get_config: Get config failed for wp[0x0008]
11-26 13:16:59.160 15654 15688 D Evaluation: 2 res for frame 1004 received at 1574767019160
11-26 13:16:59.174 15654 15663 W System  : A resource failed to call close. 
11-26 13:16:59.177 15654 15663 I chatty  : uid=10147(symlab.cloudridar.arhud) FinalizerDaemon identical 52 lines
11-26 13:16:59.177 15654 15663 W System  : A resource failed to call close. 
11-26 13:16:59.196 15654 15688 D Evaluation: 3 res for frame 1005 received at 1574767019196
11-26 13:16:59.228 15654 15688 D Evaluation: 3 res for frame 1006 received at 1574767019228
11-26 13:16:59.262 15654 15688 D Evaluation: 3 res for frame 1007 received at 1574767019262
11-26 13:16:59.298 15654 15688 D Evaluation: 2 res for frame 1008 received at 1574767019298
11-26 13:16:59.337 15654 15688 D Evaluation: 3 res for frame 1009 received at 1574767019337
11-26 13:16:59.372 15654 15688 D Evaluation: 3 res for frame 1010 received at 1574767019372
11-26 13:16:59.398 15654 15688 D Evaluation: 3 res for frame 1011 received at 1574767019398
11-26 13:16:59.431 15654 15688 D Evaluation: 5 res for frame 1012 received at 1574767019431
11-26 13:16:59.464 15654 15688 D Evaluation: 5 res for frame 1013 received at 1574767019464
11-26 13:16:59.505 15654 15688 D Evaluation: 4 res for frame 1014 received at 1574767019505
11-26 13:16:59.539 15654 15688 D Evaluation: 4 res for frame 1015 received at 1574767019539
11-26 13:16:59.568 15654 15688 D Evaluation: 5 res for frame 1016 received at 1574767019568
11-26 13:16:59.598 15654 15688 D Evaluation: 4 res for frame 1017 received at 1574767019598
11-26 13:16:59.702 15654 15688 D Evaluation: 5 res for frame 1018 received at 1574767019702
11-26 13:16:59.718 15654 15688 D Evaluation: 5 res for frame 1019 received at 1574767019718
11-26 13:16:59.734 15654 15688 D Evaluation: 5 res for frame 1020 received at 1574767019734
11-26 13:16:59.761 15654 15688 D Evaluation: 5 res for frame 1021 received at 1574767019761
11-26 13:16:59.799 15654 15688 D Evaluation: 5 res for frame 1023 received at 1574767019799
11-26 13:16:59.835 15654 15688 D Evaluation: 5 res for frame 1023 received at 1574767019835
11-26 13:16:59.875 15654 15688 D Evaluation: 5 res for frame 1024 received at 1574767019875
11-26 13:16:59.910 15654 15688 D Evaluation: 5 res for frame 1025 received at 1574767019910
11-26 13:16:59.926 15654 15654 W HiTouch_PressGestureDetector: Touch pointer move a lot. The moving distance of X is:65.921875, limit is:60The moving distance of Y is:13.532196, limit is:60
11-26 13:16:59.936 15654 15688 D Evaluation: 4 res for frame 1026 received at 1574767019935
11-26 13:16:59.982 15654 15688 D Evaluation: 5 res for frame 1027 received at 1574767019982
11-26 13:16:59.999 15654 15688 D Evaluation: 5 res for frame 1028 received at 1574767019999
11-26 13:17:00.040 15654 15688 D Evaluation: 5 res for frame 1029 received at 1574767020040
11-26 13:17:00.064 15654 15688 D Evaluation: 3 res for frame 1030 received at 1574767020064
11-26 13:17:00.099 15654 15688 D Evaluation: 4 res for frame 1031 received at 1574767020099
11-26 13:17:00.133 15654 15688 D Evaluation: 4 res for frame 1032 received at 1574767020133
11-26 13:17:00.166 15654 15688 D Evaluation: 4 res for frame 1033 received at 1574767020166
11-26 13:17:00.249 15654 15688 D Evaluation: 4 res for frame 1034 received at 1574767020249
11-26 13:17:00.276 15654 15688 D Evaluation: 3 res for frame 1035 received at 1574767020276
11-26 13:17:00.308 15654 15665 E         : [ZeroHung]zrhung_get_config: Get config failed for wp[0x0008]
11-26 13:17:00.310 15654 15688 D Evaluation: 1 res for frame 1036 received at 1574767020310
11-26 13:17:00.327 15654 15663 W System  : A resource failed to call close. 
11-26 13:17:00.330 15654 15663 I chatty  : uid=10147(symlab.cloudridar.arhud) FinalizerDaemon identical 62 lines
11-26 13:17:00.330 15654 15663 W System  : A resource failed to call close. 
11-26 13:17:00.338 15654 15688 D Evaluation: 1 res for frame 1037 received at 1574767020338
11-26 13:17:00.367 15654 15688 D Evaluation: 0 res for frame 1038 received at 1574767020367
11-26 13:17:00.401 15654 15688 D Evaluation: 0 res for frame 1039 received at 1574767020401
11-26 13:17:00.436 15654 15688 D Evaluation: 0 res for frame 1040 received at 1574767020436
11-26 13:17:00.475 15654 15688 D Evaluation: 0 res for frame 1041 received at 1574767020474
11-26 13:17:00.519 15654 15688 D Evaluation: 0 res for frame 1042 received at 1574767020519
11-26 13:17:00.534 15654 15654 I Poster  :  onPause() called.
11-26 13:17:00.537 15654 15688 D Evaluation: 0 res for frame 1043 received at 1574767020537
11-26 13:17:00.654 15654 15654 I Camera  : close camera: 0, package name: symlab.cloudridar.arhud
11-26 13:17:00.654 15654 15654 I BackgroundPermManager: pkgName: symlab.cloudridar.arhud,pid: 15654 ,uidOf3RdApk: 10147 ,permType: 0 ,permCfg: 0
11-26 13:17:00.656 15654 15654 I HwCameraUtil: notifySurfaceFlingerCameraStatus : isFront = false , isOpend = false
11-26 13:17:00.733 15654 15654 D ZrHung.AppEyeUiProbe: stop checker.
11-26 13:17:00.768 15654 15654 I Poster  :  surfaceDestroyed() called.
11-26 13:17:00.769 15654 15654 D ViewRootImpl[MainActivity]: surface should not be released
11-26 13:17:00.769 15654 15654 I Poster  :  onStop() called.
11-26 13:17:00.802 15654 15703 W libEGL  : EGLNativeWindowType 0xe2ff0008 disconnect failed
11-26 13:17:01.365 15654 15679 D ZrHung.AppEyeUiProbe: Current Activity:false
11-26 13:17:01.365 15654 15679 D ZrHung.AppEyeUiProbe: not watching, wait.
11-26 13:17:05.536 15654 15654 I AwareBitmapCacher: handleReleaseCache: pid=15654
11-26 13:17:05.536 15654 15654 I AwareBitmapCacher: init lrucache size: 2097152 pid=15654
11-26 13:17:05.764 15654 15665 E         : [ZeroHung]zrhung_get_config: Get config failed for wp[0x0008]
11-26 13:17:05.796 15654 15663 W System  : A resource failed to call close. 
11-26 13:17:05.797 15654 15663 I chatty  : uid=10147(symlab.cloudridar.arhud) FinalizerDaemon identical 8 lines
11-26 13:17:05.797 15654 15663 W System  : A resource failed to call close. 
11-26 13:17:05.797 15654 15663 W System  : A resource failed to call close. 
11-26 13:17:05.798 15654 15663 I chatty  : uid=10147(symlab.cloudridar.arhud) FinalizerDaemon identical 3 lines
11-26 13:17:05.798 15654 15663 W System  : A resource failed to call close. 
