11-26 13:16:43.772 15654 15688 D Evaluation: 5 res for frame 566 received at 1574767003772
11-26 13:16:43.831 15654 15688 D Evaluation: 5 res for frame 567 received at 1574767003831
11-26 13:16:43.870 15654 15688 D Evaluation: 5 res for frame 568 received at 1574767003870
11-26 13:16:43.900 15654 15688 D Evaluation: 5 res for frame 569 received at 1574767003900
11-26 13:16:43.934 15654 15688 D Evaluation: 5 res for frame 570 received at 1574767003934
11-26 13:16:43.965 15654 15688 D Evaluation: 5 res for frame 571 received at 1574767003965
11-26 13:16:43.998 15654 15688 D Evaluation: 5 res for frame 572 received at 1574767003998
11-26 13:16:44.038 15654 15688 D Evaluation: 5 res for frame 573 received at 1574767004038
11-26 13:16:44.069 15654 15688 D Evaluation: 5 res for frame 574 received at 1574767004069
11-26 13:16:44.105 15654 15688 D Evaluation: 5 res for frame 575 received at 1574767004105
11-26 13:16:44.130 15654 15688 D Evaluation: 5 res for frame 576 received at 1574767004130
11-26 13:16:44.154 15654 15688 D Evaluation: 4 res for frame 577 received at 1574767004154
11-26 13:16:44.189 15654 15688 D Evaluation: 5 res for frame 578 received at 1574767004189
11-26 13:16:44.234 15654 15688 D Evaluation: 5 res for frame 579 received at 1574767004234
11-26 13:16:44.267 15654 15688 D Evaluation: 4 res for frame 580 received at 1574767004267
11-26 13:16:44.290 15654 15688 D Evaluation: 4 res for frame 581 received at 1574767004290
11-26 13:16:44.331 15654 15688 D Evaluation: 3 res for frame 582 received at 1574767004331
11-26 13:16:44.374 15654 15688 D Evaluation: 4 res for frame 583 received at 1574767004374
11-26 13:16:44.399 15654 15688 D Evaluation: 3 res for frame 584 received at 1574767004399
11-26 13:16:44.479 15654 15688 D Evaluation: 5 res for frame 585 received at 1574767004479
11-26 13:16:44.509 15654 15688 D Evaluation: 5 res for frame 586 received at 1574767004509
11-26 13:16:44.546 15654 15688 D Evaluation: 5 res for frame 587 received at 1574767004546
11-26 13:16:44.570 15654 15688 D Evaluation: 4 res for frame 588 received at 1574767004570
11-26 13:16:44.594 15654 15688 D Evaluation: 5 res for frame 589 received at 1574767004594
11-26 13:16:44.636 15654 15688 D Evaluation: 5 res for frame 590 received at 1574767004636
11-26 13:16:44.678 15654 15688 D Evaluation: 5 res for frame 591 received at 1574767004678
11-26 13:16:44.702 15654 15688 D Evaluation: 5 res for frame 592 received at 1574767004702
11-26 13:16:44.734 15654 15665 E         : [ZeroHung]zrhung_get_config: Get config failed for wp[0x0008]
11-26 13:16:44.736 15654 15688 D Evaluation: 2 res for frame 593 received at 1574767004736
11-26 13:16:44.755 15654 15663 W System  : A resource failed to call close. 
11-26 13:16:44.762 15654 15663 I chatty  : uid=10147(symlab.cloudridar.arhud) FinalizerDaemon identical 56 lines
11-26 13:16:44.762 15654 15663 W System  : A resource failed to call close. 
11-26 13:16:44.777 15654 15688 D Evaluation: 5 res for frame 594 received at 1574767004777
11-26 13:16:44.807 15654 15688 D Evaluation: 3 res for frame 595 received at 1574767004807
11-26 13:16:44.837 15654 15688 D Evaluation: 4 res for frame 596 received at 1574767004837
11-26 13:16:44.885 15654 15688 D Evaluation: 4 res for frame 597 received at 1574767004885
11-26 13:16:44.910 15654 15688 D Evaluation: 2 res for frame 598 received at 1574767004910
11-26 13:16:44.937 15654 15688 D Evaluation: 3 res for frame 599 received at 1574767004937
11-26 13:16:44.966 15654 15688 D Evaluation: 0 res for frame 600 received at 1574767004966
11-26 13:16:45.002 15654 15688 D Evaluation: 3 res for frame 602 received at 1574767005002
11-26 13:16:45.033 15654 15688 D Evaluation: 2 res for frame 602 received at 1574767005033
11-26 13:16:45.066 15654 15688 D Evaluation: 3 res for frame 603 received at 1574767005066
11-26 13:16:45.108 15654 15688 D Evaluation: 4 res for frame 604 received at 1574767005108
11-26 13:16:45.145 15654 15688 D Evaluation: 2 res for frame 605 received at 1574767005145
11-26 13:16:45.164 15654 15688 D Evaluation: 2 res for frame 606 received at 1574767005164
11-26 13:16:45.199 15654 15688 D Evaluation: 2 res for frame 607 received at 1574767005198
11-26 13:16:45.236 15654 15688 D Evaluation: 2 res for frame 608 received at 1574767005236
11-26 13:16:45.287 15654 15688 D Evaluation: 2 res for frame 610 received at 1574767005287
11-26 13:16:45.318 15654 15688 D Evaluation: 1 res for frame 610 received at 1574767005318
11-26 13:16:45.347 15654 15688 D Evaluation: 1 res for frame 611 received at 1574767005347
11-26 13:16:45.375 15654 15688 D Evaluation: 1 res for frame 612 received at 1574767005375
11-26 13:16:45.466 15654 15688 D Evaluation: 1 res for frame 613 received at 1574767005466
11-26 13:16:45.491 15654 15688 D Evaluation: 1 res for frame 614 received at 1574767005491
11-26 13:16:45.516 15654 15688 D Evaluation: 1 res for frame 615 received at 1574767005516
11-26 13:16:45.544 15654 15688 D Evaluation: 1 res for frame 616 received at 1574767005544
11-26 13:16:45.571 15654 15688 D Evaluation: 1 res for frame 618 received at 1574767005571
11-26 13:16:45.602 15654 15688 D Evaluation: 1 res for frame 619 received at 1574767005602
11-26 13:16:45.649 15654 15688 D Evaluation: 1 res for frame 619 received at 1574767005649
11-26 13:16:45.673 15654 15688 D Evaluation: 1 res for frame 620 received at 1574767005673
11-26 13:16:45.716 15654 15688 D Evaluation: 1 res for frame 621 received at 1574767005716
11-26 13:16:45.749 15654 15688 D Evaluation: 1 res for frame 622 received at 1574767005749
11-26 13:16:45.777 15654 15665 E         : [ZeroHung]zrhung_get_config: Get config failed for wp[0x0008]
11-26 13:16:45.782 15654 15688 D Evaluation: 1 res for frame 623 received at 1574767005782
11-26 13:16:45.799 15654 15663 W System  : A resource failed to call close. 
11-26 13:16:45.800 15654 15663 W System  : A resource failed to call close. 
11-26 13:16:45.800 15654 15663 W System  : A resource failed to call close. 
11-26 13:16:45.800 15654 15663 W System  : A resource failed to call close. 
11-26 13:16:45.800 15654 15663 W System  : A resource failed to call close. 
11-26 13:16:45.801 15654 15663 W System  : A resource failed to call close. 
11-26 13:16:45.801 15654 15663 W System  : A resource failed to call close. 
11-26 13:16:45.801 15654 15663 W System  : A resource failed to call close. 
11-26 13:16:45.801 15654 15663 W System  : A resource failed to call close. 
11-26 13:16:45.801 15654 15663 W System  : A resource failed to call close. 
11-26 13:16:45.802 15654 15663 W System  : A resource failed to call close. 
11-26 13:16:45.802 15654 15663 W System  : A resource failed to call close. 
11-26 13:16:45.802 15654 15663 W System  : A resource failed to call close. 
11-26 13:16:45.802 15654 15663 I chatty  : uid=10147(symlab.cloudridar.arhud) FinalizerDaemon identical 3 lines
11-26 13:16:45.802 15654 15663 W System  : A resource failed to call close. 
11-26 13:16:45.802 15654 15663 W System  : A resource failed to call close. 
11-26 13:16:45.803 15654 15663 I chatty  : uid=10147(symlab.cloudridar.arhud) FinalizerDaemon identical 19 lines
11-26 13:16:45.803 15654 15663 W System  : A resource failed to call close. 
11-26 13:16:45.803 15654 15663 W System  : A resource failed to call close. 
11-26 13:16:45.804 15654 15663 I chatty  : uid=10147(symlab.cloudridar.arhud) FinalizerDaemon identical 11 lines
11-26 13:16:45.804 15654 15663 W System  : A resource failed to call close. 
11-26 13:16:45.804 15654 15663 W System  : A resource failed to call close. 
11-26 13:16:45.804 15654 15663 I chatty  : uid=10147(symlab.cloudridar.arhud) FinalizerDaemon identical 6 lines
11-26 13:16:45.805 15654 15663 W System  : A resource failed to call close. 
11-26 13:16:45.818 15654 15688 D Evaluation: 1 res for frame 624 received at 1574767005818
11-26 13:16:45.840 15654 15688 D Evaluation: 1 res for frame 625 received at 1574767005840
11-26 13:16:45.867 15654 15688 D Evaluation: 1 res for frame 626 received at 1574767005867
11-26 13:16:45.901 15654 15688 D Evaluation: 1 res for frame 627 received at 1574767005901
11-26 13:16:45.948 15654 15688 D Evaluation: 1 res for frame 629 received at 1574767005948
11-26 13:16:45.980 15654 15688 D Evaluation: 1 res for frame 629 received at 1574767005980
11-26 13:16:46.016 15654 15688 D Evaluation: 1 res for frame 630 received at 1574767006016
11-26 13:16:46.049 15654 15688 D Evaluation: 1 res for frame 631 received at 1574767006049
11-26 13:16:46.124 15654 15688 D Evaluation: 1 res for frame 632 received at 1574767006124
11-26 13:16:46.156 15654 15688 D Evaluation: 1 res for frame 633 received at 1574767006156
11-26 13:16:46.181 15654 15688 D Evaluation: 1 res for frame 634 received at 1574767006181
11-26 13:16:46.214 15654 15688 D Evaluation: 0 res for frame 635 received at 1574767006214
11-26 13:16:46.239 15654 15688 D Evaluation: 0 res for frame 636 received at 1574767006239
11-26 13:16:46.294 15654 15688 D Evaluation: 1 res for frame 638 received at 1574767006294
11-26 13:16:46.319 15654 15688 D Evaluation: 1 res for frame 638 received at 1574767006319
11-26 13:16:46.354 15654 15688 D Evaluation: 1 res for frame 639 received at 1574767006354
11-26 13:16:46.378 15654 15688 D Evaluation: 0 res for frame 640 received at 1574767006378
11-26 13:16:46.407 15654 15688 D Evaluation: 0 res for frame 642 received at 1574767006407
11-26 13:16:46.447 15654 15688 D Evaluation: 2 res for frame 642 received at 1574767006447
11-26 13:16:46.480 15654 15688 D Evaluation: 1 res for frame 643 received at 1574767006480
11-26 13:16:46.510 15654 15688 D Evaluation: 2 res for frame 644 received at 1574767006510
11-26 13:16:46.592 15654 15688 D Evaluation: 2 res for frame 645 received at 1574767006592
11-26 13:16:46.612 15654 15688 D Evaluation: 1 res for frame 646 received at 1574767006612
11-26 13:16:46.655 15654 15688 D Evaluation: 2 res for frame 647 received at 1574767006655
11-26 13:16:46.689 15654 15688 D Evaluation: 2 res for frame 648 received at 1574767006689
11-26 13:16:46.715 15654 15688 D Evaluation: 5 res for frame 650 received at 1574767006715
11-26 13:16:46.746 15654 15688 D Evaluation: 5 res for frame 650 received at 1574767006746
11-26 13:16:46.784 15654 15688 D Evaluation: 2 res for frame 651 received at 1574767006784
11-26 13:16:46.813 15654 15665 E         : [ZeroHung]zrhung_get_config: Get config failed for wp[0x0008]
11-26 13:16:46.816 15654 15688 D Evaluation: 2 res for frame 652 received at 1574767006816
11-26 13:16:46.830 15654 15663 W System  : A resource failed to call close. 
11-26 13:16:46.838 15654 15663 I chatty  : uid=10147(symlab.cloudridar.arhud) FinalizerDaemon identical 57 lines
11-26 13:16:46.838 15654 15663 W System  : A resource failed to call close. 
11-26 13:16:46.892 15654 15688 W System.err: java.net.SocketException: Message too long
11-26 13:16:46.892 15654 15688 W System.err: 	at sun.nio.ch.DatagramChannelImpl.send0(Native Method)
11-26 13:16:46.892 15654 15688 W System.err: 	at sun.nio.ch.DatagramChannelImpl.sendFromNativeBuffer(DatagramChannelImpl.java:573)
11-26 13:16:46.892 15654 15688 W System.err: 	at sun.nio.ch.DatagramChannelImpl.send(DatagramChannelImpl.java:550)
11-26 13:16:46.893 15654 15688 W System.err: 	at sun.nio.ch.DatagramChannelImpl.send(DatagramChannelImpl.java:514)
11-26 13:16:46.893 15654 15688 W System.err: 	at symlab.CloudAR.network.TransmissionTask.run(TransmissionTask.java:144)
11-26 13:16:46.893 15654 15688 W System.err: 	at android.os.Handler.handleCallback(Handler.java:907)
11-26 13:16:46.893 15654 15688 W System.err: 	at android.os.Handler.dispatchMessage(Handler.java:105)
11-26 13:16:46.893 15654 15688 W System.err: 	at android.os.Looper.loop(Looper.java:216)
11-26 13:16:46.893 15654 15688 W System.err: 	at android.os.HandlerThread.run(HandlerThread.java:65)
11-26 13:16:46.895 15654 15688 D Evaluation: 2 res for frame 653 received at 1574767006895
11-26 13:16:46.923 15654 15688 D Evaluation: 2 res for frame 654 received at 1574767006923
11-26 13:16:46.960 15654 15688 W System.err: java.net.SocketException: Message too long
11-26 13:16:46.960 15654 15688 W System.err: 	at sun.nio.ch.DatagramChannelImpl.send0(Native Method)
11-26 13:16:46.960 15654 15688 W System.err: 	at sun.nio.ch.DatagramChannelImpl.sendFromNativeBuffer(DatagramChannelImpl.java:573)
11-26 13:16:46.960 15654 15688 W System.err: 	at sun.nio.ch.DatagramChannelImpl.send(DatagramChannelImpl.java:550)
11-26 13:16:46.960 15654 15688 W System.err: 	at sun.nio.ch.DatagramChannelImpl.send(DatagramChannelImpl.java:514)
11-26 13:16:46.960 15654 15688 W System.err: 	at symlab.CloudAR.network.TransmissionTask.run(TransmissionTask.java:144)
11-26 13:16:46.960 15654 15688 W System.err: 	at android.os.Handler.handleCallback(Handler.java:907)
11-26 13:16:46.961 15654 15688 W System.err: 	at android.os.Handler.dispatchMessage(Handler.java:105)
11-26 13:16:46.961 15654 15688 W System.err: 	at android.os.Looper.loop(Looper.java:216)
11-26 13:16:46.961 15654 15688 W System.err: 	at android.os.HandlerThread.run(HandlerThread.java:65)
11-26 13:16:46.963 15654 15688 D Evaluation: 2 res for frame 655 received at 1574767006963
11-26 13:16:46.992 15654 15688 W System.err: java.net.SocketException: Message too long
11-26 13:16:46.992 15654 15688 W System.err: 	at sun.nio.ch.DatagramChannelImpl.send0(Native Method)
11-26 13:16:46.992 15654 15688 W System.err: 	at sun.nio.ch.DatagramChannelImpl.sendFromNativeBuffer(DatagramChannelImpl.java:573)
11-26 13:16:46.992 15654 15688 W System.err: 	at sun.nio.ch.DatagramChannelImpl.send(DatagramChannelImpl.java:550)
11-26 13:16:46.992 15654 15688 W System.err: 	at sun.nio.ch.DatagramChannelImpl.send(DatagramChannelImpl.java:514)
11-26 13:16:46.992 15654 15688 W System.err: 	at symlab.CloudAR.network.TransmissionTask.run(TransmissionTask.java:144)
11-26 13:16:46.992 15654 15688 W System.err: 	at android.os.Handler.handleCallback(Handler.java:907)
11-26 13:16:46.992 15654 15688 W System.err: 	at android.os.Handler.dispatchMessage(Handler.java:105)
11-26 13:16:46.992 15654 15688 W System.err: 	at android.os.Looper.loop(Looper.java:216)
11-26 13:16:46.992 15654 15688 W System.err: 	at android.os.HandlerThread.run(HandlerThread.java:65)
11-26 13:16:46.994 15654 15688 D Evaluation: 2 res for frame 656 received at 1574767006994
11-26 13:16:47.023 15654 15688 W System.err: java.net.SocketException: Message too long
11-26 13:16:47.023 15654 15688 W System.err: 	at sun.nio.ch.DatagramChannelImpl.send0(Native Method)
11-26 13:16:47.023 15654 15688 W System.err: 	at sun.nio.ch.DatagramChannelImpl.sendFromNativeBuffer(DatagramChannelImpl.java:573)
11-26 13:16:47.023 15654 15688 W System.err: 	at sun.nio.ch.DatagramChannelImpl.send(DatagramChannelImpl.java:550)
11-26 13:16:47.023 15654 15688 W System.err: 	at sun.nio.ch.DatagramChannelImpl.send(DatagramChannelImpl.java:514)
11-26 13:16:47.023 15654 15688 W System.err: 	at symlab.CloudAR.network.TransmissionTask.run(TransmissionTask.java:144)
11-26 13:16:47.023 15654 15688 W System.err: 	at android.os.Handler.handleCallback(Handler.java:907)
11-26 13:16:47.023 15654 15688 W System.err: 	at android.os.Handler.dispatchMessage(Handler.java:105)
11-26 13:16:47.023 15654 15688 W System.err: 	at android.os.Looper.loop(Looper.java:216)
11-26 13:16:47.023 15654 15688 W System.err: 	at android.os.HandlerThread.run(HandlerThread.java:65)
11-26 13:16:47.025 15654 15688 D Evaluation: 2 res for frame 658 received at 1574767007025
11-26 13:16:47.061 15654 15688 W System.err: java.net.SocketException: Message too long
11-26 13:16:47.061 15654 15688 W System.err: 	at sun.nio.ch.DatagramChannelImpl.send0(Native Method)
11-26 13:16:47.061 15654 15688 W System.err: 	at sun.nio.ch.DatagramChannelImpl.sendFromNativeBuffer(DatagramChannelImpl.java:573)
11-26 13:16:47.061 15654 15688 W System.err: 	at sun.nio.ch.DatagramChannelImpl.send(DatagramChannelImpl.java:550)
11-26 13:16:47.061 15654 15688 W System.err: 	at sun.nio.ch.DatagramChannelImpl.send(DatagramChannelImpl.java:514)
11-26 13:16:47.061 15654 15688 W System.err: 	at symlab.CloudAR.network.TransmissionTask.run(TransmissionTask.java:144)
11-26 13:16:47.061 15654 15688 W System.err: 	at android.os.Handler.handleCallback(Handler.java:907)
11-26 13:16:47.061 15654 15688 W System.err: 	at android.os.Handler.dispatchMessage(Handler.java:105)
11-26 13:16:47.061 15654 15688 W System.err: 	at android.os.Looper.loop(Looper.java:216)
11-26 13:16:47.061 15654 15688 W System.err: 	at android.os.HandlerThread.run(HandlerThread.java:65)
11-26 13:16:47.097 15654 15688 W System.err: java.net.SocketException: Message too long
11-26 13:16:47.097 15654 15688 W System.err: 	at sun.nio.ch.DatagramChannelImpl.send0(Native Method)
11-26 13:16:47.097 15654 15688 W System.err: 	at sun.nio.ch.DatagramChannelImpl.sendFromNativeBuffer(DatagramChannelImpl.java:573)
11-26 13:16:47.097 15654 15688 W System.err: 	at sun.nio.ch.DatagramChannelImpl.send(DatagramChannelImpl.java:550)
11-26 13:16:47.097 15654 15688 W System.err: 	at sun.nio.ch.DatagramChannelImpl.send(DatagramChannelImpl.java:514)
11-26 13:16:47.097 15654 15688 W System.err: 	at symlab.CloudAR.network.TransmissionTask.run(TransmissionTask.java:144)
11-26 13:16:47.097 15654 15688 W System.err: 	at android.os.Handler.handleCallback(Handler.java:907)
11-26 13:16:47.097 15654 15688 W System.err: 	at android.os.Handler.dispatchMessage(Handler.java:105)
11-26 13:16:47.097 15654 15688 W System.err: 	at android.os.Looper.loop(Looper.java:216)
11-26 13:16:47.097 15654 15688 W System.err: 	at android.os.HandlerThread.run(HandlerThread.java:65)
11-26 13:16:47.221 15654 15688 W System.err: java.net.SocketException: Message too long
11-26 13:16:47.221 15654 15688 W System.err: 	at sun.nio.ch.DatagramChannelImpl.send0(Native Method)
11-26 13:16:47.221 15654 15688 W System.err: 	at sun.nio.ch.DatagramChannelImpl.sendFromNativeBuffer(DatagramChannelImpl.java:573)
11-26 13:16:47.221 15654 15688 W System.err: 	at sun.nio.ch.DatagramChannelImpl.send(DatagramChannelImpl.java:550)
11-26 13:16:47.221 15654 15688 W System.err: 	at sun.nio.ch.DatagramChannelImpl.send(DatagramChannelImpl.java:514)
11-26 13:16:47.221 15654 15688 W System.err: 	at symlab.CloudAR.network.TransmissionTask.run(TransmissionTask.java:144)
11-26 13:16:47.221 15654 15688 W System.err: 	at android.os.Handler.handleCallback(Handler.java:907)
11-26 13:16:47.221 15654 15688 W System.err: 	at android.os.Handler.dispatchMessage(Handler.java:105)
11-26 13:16:47.221 15654 15688 W System.err: 	at android.os.Looper.loop(Looper.java:216)
11-26 13:16:47.221 15654 15688 W System.err: 	at android.os.HandlerThread.run(HandlerThread.java:65)
11-26 13:16:47.223 15654 15688 D Evaluation: 2 res for frame 664 received at 1574767007223
11-26 13:16:47.259 15654 15688 D Evaluation: 3 res for frame 665 received at 1574767007259
11-26 13:16:47.290 15654 15688 D Evaluation: 2 res for frame 666 received at 1574767007290
11-26 13:16:47.383 15654 15688 D Evaluation: 3 res for frame 668 received at 1574767007383
11-26 13:16:47.425 15654 15688 D Evaluation: 3 res for frame 669 received at 1574767007425
11-26 13:16:47.459 15654 15688 D Evaluation: 2 res for frame 670 received at 1574767007459
11-26 13:16:47.486 15654 15688 D Evaluation: 4 res for frame 671 received at 1574767007486
11-26 13:16:47.554 15654 15688 D Evaluation: 2 res for frame 672 received at 1574767007554
11-26 13:16:47.594 15654 15688 D Evaluation: 3 res for frame 673 received at 1574767007594
11-26 13:16:47.623 15654 15688 D Evaluation: 2 res for frame 674 received at 1574767007623
11-26 13:16:47.653 15654 15688 D Evaluation: 3 res for frame 675 received at 1574767007653
11-26 13:16:47.695 15654 15688 D Evaluation: 1 res for frame 676 received at 1574767007695
11-26 13:16:47.722 15654 15665 E         : [ZeroHung]zrhung_get_config: Get config failed for wp[0x0008]
11-26 13:16:47.725 15654 15688 D Evaluation: 1 res for frame 677 received at 1574767007725
11-26 13:16:47.737 15654 15663 W System  : A resource failed to call close. 
11-26 13:16:47.742 15654 15663 I chatty  : uid=10147(symlab.cloudridar.arhud) FinalizerDaemon identical 41 lines
11-26 13:16:47.742 15654 15663 W System  : A resource failed to call close. 
11-26 13:16:47.749 15654 15688 D Evaluation: 1 res for frame 678 received at 1574767007749
11-26 13:16:47.796 15654 15688 D Evaluation: 2 res for frame 679 received at 1574767007796
11-26 13:16:47.825 15654 15688 D Evaluation: 4 res for frame 680 received at 1574767007825
11-26 13:16:47.862 15654 15688 D Evaluation: 5 res for frame 681 received at 1574767007862
11-26 13:16:47.897 15654 15688 D Evaluation: 3 res for frame 682 received at 1574767007897
11-26 13:16:47.933 15654 15688 D Evaluation: 2 res for frame 683 received at 1574767007933
11-26 13:16:47.966 15654 15688 D Evaluation: 5 res for frame 684 received at 1574767007966
11-26 13:16:47.996 15654 15688 D Evaluation: 4 res for frame 685 received at 1574767007996
11-26 13:16:48.033 15654 15688 D Evaluation: 5 res for frame 686 received at 1574767008033
11-26 13:16:48.069 15654 15688 D Evaluation: 5 res for frame 687 received at 1574767008069
11-26 13:16:48.092 15654 15688 D Evaluation: 5 res for frame 688 received at 1574767008092
11-26 13:16:48.119 15654 15688 D Evaluation: 4 res for frame 689 received at 1574767008119
11-26 13:16:48.157 15654 15688 D Evaluation: 5 res for frame 690 received at 1574767008157
11-26 13:16:48.186 15654 15688 D Evaluation: 5 res for frame 691 received at 1574767008186
11-26 13:16:48.229 15654 15688 W System.err: java.net.SocketException: Message too long
11-26 13:16:48.229 15654 15688 W System.err: 	at sun.nio.ch.DatagramChannelImpl.send0(Native Method)
11-26 13:16:48.229 15654 15688 W System.err: 	at sun.nio.ch.DatagramChannelImpl.sendFromNativeBuffer(DatagramChannelImpl.java:573)
11-26 13:16:48.229 15654 15688 W System.err: 	at sun.nio.ch.DatagramChannelImpl.send(DatagramChannelImpl.java:550)
11-26 13:16:48.229 15654 15688 W System.err: 	at sun.nio.ch.DatagramChannelImpl.send(DatagramChannelImpl.java:514)
11-26 13:16:48.229 15654 15688 W System.err: 	at symlab.CloudAR.network.TransmissionTask.run(TransmissionTask.java:144)
11-26 13:16:48.229 15654 15688 W System.err: 	at android.os.Handler.handleCallback(Handler.java:907)
11-26 13:16:48.229 15654 15688 W System.err: 	at android.os.Handler.dispatchMessage(Handler.java:105)
11-26 13:16:48.229 15654 15688 W System.err: 	at android.os.Looper.loop(Looper.java:216)
11-26 13:16:48.229 15654 15688 W System.err: 	at android.os.HandlerThread.run(HandlerThread.java:65)
11-26 13:16:48.231 15654 15688 D Evaluation: 5 res for frame 692 received at 1574767008231
11-26 13:16:48.254 15654 15688 W System.err: java.net.SocketException: Message too long
11-26 13:16:48.254 15654 15688 W System.err: 	at sun.nio.ch.DatagramChannelImpl.send0(Native Method)
11-26 13:16:48.254 15654 15688 W System.err: 	at sun.nio.ch.DatagramChannelImpl.sendFromNativeBuffer(DatagramChannelImpl.java:573)
11-26 13:16:48.254 15654 15688 W System.err: 	at sun.nio.ch.DatagramChannelImpl.send(DatagramChannelImpl.java:550)
11-26 13:16:48.254 15654 15688 W System.err: 	at sun.nio.ch.DatagramChannelImpl.send(DatagramChannelImpl.java:514)
11-26 13:16:48.254 15654 15688 W System.err: 	at symlab.CloudAR.network.TransmissionTask.run(TransmissionTask.java:144)
11-26 13:16:48.254 15654 15688 W System.err: 	at android.os.Handler.handleCallback(Handler.java:907)
11-26 13:16:48.254 15654 15688 W System.err: 	at android.os.Handler.dispatchMessage(Handler.java:105)
11-26 13:16:48.254 15654 15688 W System.err: 	at android.os.Looper.loop(Looper.java:216)
11-26 13:16:48.254 15654 15688 W System.err: 	at android.os.HandlerThread.run(HandlerThread.java:65)
11-26 13:16:48.255 15654 15688 D Evaluation: 4 res for frame 693 received at 1574767008255
11-26 13:16:48.298 15654 15688 W System.err: java.net.SocketException: Message too long
11-26 13:16:48.298 15654 15688 W System.err: 	at sun.nio.ch.DatagramChannelImpl.send0(Native Method)
11-26 13:16:48.299 15654 15688 W System.err: 	at sun.nio.ch.DatagramChannelImpl.sendFromNativeBuffer(DatagramChannelImpl.java:573)
11-26 13:16:48.299 15654 15688 W System.err: 	at sun.nio.ch.DatagramChannelImpl.send(DatagramChannelImpl.java:550)
11-26 13:16:48.299 15654 15688 W System.err: 	at sun.nio.ch.DatagramChannelImpl.send(DatagramChannelImpl.java:514)
11-26 13:16:48.299 15654 15688 W System.err: 	at symlab.CloudAR.network.TransmissionTask.run(TransmissionTask.java:144)
11-26 13:16:48.299 15654 15688 W System.err: 	at android.os.Handler.handleCallback(Handler.java:907)
11-26 13:16:48.299 15654 15688 W System.err: 	at android.os.Handler.dispatchMessage(Handler.java:105)
11-26 13:16:48.299 15654 15688 W System.err: 	at android.os.Looper.loop(Looper.java:216)
11-26 13:16:48.299 15654 15688 W System.err: 	at android.os.HandlerThread.run(HandlerThread.java:65)
11-26 13:16:48.300 15654 15688 D Evaluation: 4 res for frame 694 received at 1574767008300
11-26 13:16:48.332 15654 15688 W System.err: java.net.SocketException: Message too long
11-26 13:16:48.332 15654 15688 W System.err: 	at sun.nio.ch.DatagramChannelImpl.send0(Native Method)
11-26 13:16:48.332 15654 15688 W System.err: 	at sun.nio.ch.DatagramChannelImpl.sendFromNativeBuffer(DatagramChannelImpl.java:573)
11-26 13:16:48.332 15654 15688 W System.err: 	at sun.nio.ch.DatagramChannelImpl.send(DatagramChannelImpl.java:550)
11-26 13:16:48.332 15654 15688 W System.err: 	at sun.nio.ch.DatagramChannelImpl.send(DatagramChannelImpl.java:514)
11-26 13:16:48.332 15654 15688 W System.err: 	at symlab.CloudAR.network.TransmissionTask.run(TransmissionTask.java:144)
11-26 13:16:48.332 15654 15688 W System.err: 	at android.os.Handler.handleCallback(Handler.java:907)
11-26 13:16:48.332 15654 15688 W System.err: 	at android.os.Handler.dispatchMessage(Handler.java:105)
11-26 13:16:48.332 15654 15688 W System.err: 	at android.os.Looper.loop(Looper.java:216)
11-26 13:16:48.332 15654 15688 W System.err: 	at android.os.HandlerThread.run(HandlerThread.java:65)
11-26 13:16:48.334 15654 15688 D Evaluation: 5 res for frame 695 received at 1574767008334
11-26 13:16:48.358 15654 15688 W System.err: java.net.SocketException: Message too long
11-26 13:16:48.358 15654 15688 W System.err: 	at sun.nio.ch.DatagramChannelImpl.send0(Native Method)
11-26 13:16:48.358 15654 15688 W System.err: 	at sun.nio.ch.DatagramChannelImpl.sendFromNativeBuffer(DatagramChannelImpl.java:573)
11-26 13:16:48.358 15654 15688 W System.err: 	at sun.nio.ch.DatagramChannelImpl.send(DatagramChannelImpl.java:550)
11-26 13:16:48.358 15654 15688 W System.err: 	at sun.nio.ch.DatagramChannelImpl.send(DatagramChannelImpl.java:514)
11-26 13:16:48.358 15654 15688 W System.err: 	at symlab.CloudAR.network.TransmissionTask.run(TransmissionTask.java:144)
11-26 13:16:48.358 15654 15688 W System.err: 	at android.os.Handler.handleCallback(Handler.java:907)
11-26 13:16:48.358 15654 15688 W System.err: 	at android.os.Handler.dispatchMessage(Handler.java:105)
11-26 13:16:48.358 15654 15688 W System.err: 	at android.os.Looper.loop(Looper.java:216)
11-26 13:16:48.358 15654 15688 W System.err: 	at android.os.HandlerThread.run(HandlerThread.java:65)
11-26 13:16:48.390 15654 15688 W System.err: java.net.SocketException: Message too long
11-26 13:16:48.390 15654 15688 W System.err: 	at sun.nio.ch.DatagramChannelImpl.send0(Native Method)
11-26 13:16:48.390 15654 15688 W System.err: 	at sun.nio.ch.DatagramChannelImpl.sendFromNativeBuffer(DatagramChannelImpl.java:573)
11-26 13:16:48.390 15654 15688 W System.err: 	at sun.nio.ch.DatagramChannelImpl.send(DatagramChannelImpl.java:550)
11-26 13:16:48.390 15654 15688 W System.err: 	at sun.nio.ch.DatagramChannelImpl.send(DatagramChannelImpl.java:514)
11-26 13:16:48.390 15654 15688 W System.err: 	at symlab.CloudAR.network.TransmissionTask.run(TransmissionTask.java:144)
11-26 13:16:48.390 15654 15688 W System.err: 	at android.os.Handler.handleCallback(Handler.java:907)
11-26 13:16:48.390 15654 15688 W System.err: 	at android.os.Handler.dispatchMessage(Handler.java:105)
11-26 13:16:48.390 15654 15688 W System.err: 	at android.os.Looper.loop(Looper.java:216)
11-26 13:16:48.390 15654 15688 W System.err: 	at android.os.HandlerThread.run(HandlerThread.java:65)
11-26 13:16:48.428 15654 15688 W System.err: java.net.SocketException: Message too long
11-26 13:16:48.428 15654 15688 W System.err: 	at sun.nio.ch.DatagramChannelImpl.send0(Native Method)
11-26 13:16:48.428 15654 15688 W System.err: 	at sun.nio.ch.DatagramChannelImpl.sendFromNativeBuffer(DatagramChannelImpl.java:573)
11-26 13:16:48.428 15654 15688 W System.err: 	at sun.nio.ch.DatagramChannelImpl.send(DatagramChannelImpl.java:550)
11-26 13:16:48.428 15654 15688 W System.err: 	at sun.nio.ch.DatagramChannelImpl.send(DatagramChannelImpl.java:514)
11-26 13:16:48.428 15654 15688 W System.err: 	at symlab.CloudAR.network.TransmissionTask.run(TransmissionTask.java:144)
11-26 13:16:48.428 15654 15688 W System.err: 	at android.os.Handler.handleCallback(Handler.java:907)
11-26 13:16:48.428 15654 15688 W System.err: 	at android.os.Handler.dispatchMessage(Handler.java:105)
11-26 13:16:48.428 15654 15688 W System.err: 	at android.os.Looper.loop(Looper.java:216)
11-26 13:16:48.428 15654 15688 W System.err: 	at android.os.HandlerThread.run(HandlerThread.java:65)
11-26 13:16:48.452 15654 15688 W System.err: java.net.SocketException: Message too long
11-26 13:16:48.452 15654 15688 W System.err: 	at sun.nio.ch.DatagramChannelImpl.send0(Native Method)
11-26 13:16:48.452 15654 15688 W System.err: 	at sun.nio.ch.DatagramChannelImpl.sendFromNativeBuffer(DatagramChannelImpl.java:573)
11-26 13:16:48.452 15654 15688 W System.err: 	at sun.nio.ch.DatagramChannelImpl.send(DatagramChannelImpl.java:550)
11-26 13:16:48.452 15654 15688 W System.err: 	at sun.nio.ch.DatagramChannelImpl.send(DatagramChannelImpl.java:514)
11-26 13:16:48.452 15654 15688 W System.err: 	at symlab.CloudAR.network.TransmissionTask.run(TransmissionTask.java:144)
11-26 13:16:48.452 15654 15688 W System.err: 	at android.os.Handler.handleCallback(Handler.java:907)
11-26 13:16:48.452 15654 15688 W System.err: 	at android.os.Handler.dispatchMessage(Handler.java:105)
11-26 13:16:48.452 15654 15688 W System.err: 	at android.os.Looper.loop(Looper.java:216)
11-26 13:16:48.452 15654 15688 W System.err: 	at android.os.HandlerThread.run(HandlerThread.java:65)
11-26 13:16:48.495 15654 15688 W System.err: java.net.SocketException: Message too long
11-26 13:16:48.495 15654 15688 W System.err: 	at sun.nio.ch.DatagramChannelImpl.send0(Native Method)
11-26 13:16:48.495 15654 15688 W System.err: 	at sun.nio.ch.DatagramChannelImpl.sendFromNativeBuffer(DatagramChannelImpl.java:573)
11-26 13:16:48.495 15654 15688 W System.err: 	at sun.nio.ch.DatagramChannelImpl.send(DatagramChannelImpl.java:550)
11-26 13:16:48.495 15654 15688 W System.err: 	at sun.nio.ch.DatagramChannelImpl.send(DatagramChannelImpl.java:514)
11-26 13:16:48.495 15654 15688 W System.err: 	at symlab.CloudAR.network.TransmissionTask.run(TransmissionTask.java:144)
11-26 13:16:48.495 15654 15688 W System.err: 	at android.os.Handler.handleCallback(Handler.java:907)
11-26 13:16:48.495 15654 15688 W System.err: 	at android.os.Handler.dispatchMessage(Handler.java:105)
11-26 13:16:48.495 15654 15688 W System.err: 	at android.os.Looper.loop(Looper.java:216)
11-26 13:16:48.495 15654 15688 W System.err: 	at android.os.HandlerThread.run(HandlerThread.java:65)
11-26 13:16:48.530 15654 15688 W System.err: java.net.SocketException: Message too long
11-26 13:16:48.530 15654 15688 W System.err: 	at sun.nio.ch.DatagramChannelImpl.send0(Native Method)
11-26 13:16:48.530 15654 15688 W System.err: 	at sun.nio.ch.DatagramChannelImpl.sendFromNativeBuffer(DatagramChannelImpl.java:573)
11-26 13:16:48.530 15654 15688 W System.err: 	at sun.nio.ch.DatagramChannelImpl.send(DatagramChannelImpl.java:550)
11-26 13:16:48.530 15654 15688 W System.err: 	at sun.nio.ch.DatagramChannelImpl.send(DatagramChannelImpl.java:514)
11-26 13:16:48.530 15654 15688 W System.err: 	at symlab.CloudAR.network.TransmissionTask.run(TransmissionTask.java:144)
11-26 13:16:48.530 15654 15688 W System.err: 	at android.os.Handler.handleCallback(Handler.java:907)
11-26 13:16:48.530 15654 15688 W System.err: 	at android.os.Handler.dispatchMessage(Handler.java:105)
11-26 13:16:48.530 15654 15688 W System.err: 	at android.os.Looper.loop(Looper.java:216)
11-26 13:16:48.530 15654 15688 W System.err: 	at android.os.HandlerThread.run(HandlerThread.java:65)
11-26 13:16:48.653 15654 15665 E         : [ZeroHung]zrhung_get_config: Get config failed for wp[0x0008]
11-26 13:16:48.685 15654 15663 W System  : A resource failed to call close. 
11-26 13:16:48.689 15654 15663 I chatty  : uid=10147(symlab.cloudridar.arhud) FinalizerDaemon identical 32 lines
11-26 13:16:48.690 15654 15663 W System  : A resource failed to call close. 
11-26 13:16:48.690 15654 15663 W System  : A resource failed to call close. 
11-26 13:16:48.690 15654 15663 W System  : A resource failed to call close. 
11-26 13:16:48.690 15654 15663 W System  : A resource failed to call close. 
11-26 13:16:48.692 15654 15663 W System  : A resource failed to call close. 
11-26 13:16:48.693 15654 15663 I chatty  : uid=10147(symlab.cloudridar.arhud) FinalizerDaemon identical 5 lines
11-26 13:16:48.693 15654 15663 W System  : A resource failed to call close. 
11-26 13:16:48.799 15654 15688 D Evaluation: 5 res for frame 707 received at 1574767008799
11-26 13:16:48.855 15654 15688 D Evaluation: 5 res for frame 707 received at 1574767008855
11-26 13:16:48.881 15654 15688 D Evaluation: 5 res for frame 708 received at 1574767008881
11-26 13:16:48.906 15654 15688 D Evaluation: 5 res for frame 709 received at 1574767008906
11-26 13:16:48.942 15654 15688 D Evaluation: 5 res for frame 710 received at 1574767008942
11-26 13:16:49.021 15654 15688 D Evaluation: 4 res for frame 712 received at 1574767009021
11-26 13:16:49.049 15654 15688 D Evaluation: 4 res for frame 713 received at 1574767009049
11-26 13:16:49.069 15654 15688 D Evaluation: 3 res for frame 713 received at 1574767009069
11-26 13:16:49.089 15654 15688 D Evaluation: 2 res for frame 714 received at 1574767009089
11-26 13:16:49.134 15654 15688 D Evaluation: 3 res for frame 716 received at 1574767009134
11-26 13:16:49.163 15654 15688 D Evaluation: 3 res for frame 717 received at 1574767009163
11-26 13:16:49.193 15654 15688 D Evaluation: 5 res for frame 717 received at 1574767009193
11-26 13:16:49.228 15654 15688 D Evaluation: 5 res for frame 718 received at 1574767009228
11-26 13:16:49.260 15654 15688 D Evaluation: 5 res for frame 719 received at 1574767009260
11-26 13:16:49.304 15654 15688 D Evaluation: 5 res for frame 720 received at 1574767009304
11-26 13:16:49.331 15654 15688 D Evaluation: 5 res for frame 721 received at 1574767009331
11-26 13:16:49.369 15654 15688 D Evaluation: 5 res for frame 722 received at 1574767009369
11-26 13:16:49.409 15654 15688 D Evaluation: 5 res for frame 723 received at 1574767009409
11-26 13:16:49.429 15654 15688 D Evaluation: 5 res for frame 724 received at 1574767009429
11-26 13:16:49.471 15654 15688 D Evaluation: 5 res for frame 725 received at 1574767009471
11-26 13:16:49.508 15654 15688 D Evaluation: 5 res for frame 726 received at 1574767009508
11-26 13:16:49.534 15654 15688 D Evaluation: 4 res for frame 727 received at 1574767009534
11-26 13:16:49.564 15654 15665 E         : [ZeroHung]zrhung_get_config: Get config failed for wp[0x0008]
11-26 13:16:49.567 15654 15688 D Evaluation: 5 res for frame 728 received at 1574767009567
11-26 13:16:49.586 15654 15663 W System  : A resource failed to call close. 
11-26 13:16:49.592 15654 15663 I chatty  : uid=10147(symlab.cloudridar.arhud) FinalizerDaemon identical 46 lines
11-26 13:16:49.592 15654 15663 W System  : A resource failed to call close. 
11-26 13:16:49.603 15654 15688 D Evaluation: 4 res for frame 729 received at 1574767009603
11-26 13:16:49.636 15654 15688 D Evaluation: 4 res for frame 730 received at 1574767009636
11-26 13:16:49.671 15654 15688 D Evaluation: 4 res for frame 731 received at 1574767009671
11-26 13:16:49.693 15654 15688 D Evaluation: 5 res for frame 732 received at 1574767009693
11-26 13:16:49.733 15654 15688 D Evaluation: 4 res for frame 733 received at 1574767009733
11-26 13:16:49.776 15654 15688 D Evaluation: 5 res for frame 734 received at 1574767009776
11-26 13:16:49.812 15654 15688 D Evaluation: 5 res for frame 735 received at 1574767009812
11-26 13:16:49.841 15654 15688 D Evaluation: 5 res for frame 736 received at 1574767009841
11-26 13:16:49.879 15654 15688 D Evaluation: 5 res for frame 737 received at 1574767009879
11-26 13:16:49.915 15654 15688 D Evaluation: 5 res for frame 738 received at 1574767009915
11-26 13:16:49.945 15654 15688 D Evaluation: 5 res for frame 739 received at 1574767009945
11-26 13:16:49.975 15654 15688 D Evaluation: 5 res for frame 740 received at 1574767009975
11-26 13:16:50.024 15654 15688 D Evaluation: 5 res for frame 741 received at 1574767010024
11-26 13:16:50.048 15654 15688 D Evaluation: 5 res for frame 742 received at 1574767010048
11-26 13:16:50.077 15654 15688 D Evaluation: 5 res for frame 743 received at 1574767010077
11-26 13:16:50.114 15654 15688 D Evaluation: 5 res for frame 744 received at 1574767010114
11-26 13:16:50.145 15654 15688 D Evaluation: 5 res for frame 745 received at 1574767010145
11-26 13:16:50.169 15654 15688 D Evaluation: 5 res for frame 746 received at 1574767010169
11-26 13:16:50.203 15654 15688 D Evaluation: 5 res for frame 747 received at 1574767010203
11-26 13:16:50.245 15654 15688 D Evaluation: 4 res for frame 748 received at 1574767010245
11-26 13:16:50.334 15654 15688 D Evaluation: 4 res for frame 749 received at 1574767010334
11-26 13:16:50.359 15654 15688 D Evaluation: 5 res for frame 750 received at 1574767010359
11-26 13:16:50.385 15654 15688 D Evaluation: 4 res for frame 751 received at 1574767010385
11-26 13:16:50.408 15654 15688 D Evaluation: 5 res for frame 752 received at 1574767010408
11-26 13:16:50.444 15654 15688 D Evaluation: 5 res for frame 754 received at 1574767010444
11-26 13:16:50.480 15654 15665 E         : [ZeroHung]zrhung_get_config: Get config failed for wp[0x0008]
11-26 13:16:50.482 15654 15688 D Evaluation: 5 res for frame 754 received at 1574767010482
11-26 13:16:50.506 15654 15663 W System  : A resource failed to call close. 
11-26 13:16:50.507 15654 15663 I chatty  : uid=10147(symlab.cloudridar.arhud) FinalizerDaemon identical 8 lines
11-26 13:16:50.507 15654 15663 W System  : A resource failed to call close. 
11-26 13:16:50.507 15654 15663 W System  : A resource failed to call close. 
11-26 13:16:50.508 15654 15663 I chatty  : uid=10147(symlab.cloudridar.arhud) FinalizerDaemon identical 16 lines
11-26 13:16:50.509 15654 15663 W System  : A resource failed to call close. 
11-26 13:16:50.509 15654 15663 W System  : A resource failed to call close. 
11-26 13:16:50.510 15654 15663 I chatty  : uid=10147(symlab.cloudridar.arhud) FinalizerDaemon identical 9 lines
11-26 13:16:50.510 15654 15663 W System  : A resource failed to call close. 
11-26 13:16:50.510 15654 15663 W System  : A resource failed to call close. 
11-26 13:16:50.510 15654 15663 W System  : A resource failed to call close. 
11-26 13:16:50.510 15654 15663 W System  : A resource failed to call close. 
11-26 13:16:50.510 15654 15663 W System  : A resource failed to call close. 
11-26 13:16:50.510 15654 15663 W System  : A resource failed to call close. 
11-26 13:16:50.510 15654 15663 W System  : A resource failed to call close. 
11-26 13:16:50.511 15654 15663 I chatty  : uid=10147(symlab.cloudridar.arhud) FinalizerDaemon identical 6 lines
11-26 13:16:50.511 15654 15663 W System  : A resource failed to call close. 
11-26 13:16:50.521 15654 15688 D Evaluation: 5 res for frame 755 received at 1574767010521
11-26 13:16:50.540 15654 15688 D Evaluation: 5 res for frame 756 received at 1574767010540
11-26 13:16:50.580 15654 15688 D Evaluation: 4 res for frame 757 received at 1574767010580
11-26 13:16:50.612 15654 15688 D Evaluation: 5 res for frame 758 received at 1574767010611
11-26 13:16:50.651 15654 15688 D Evaluation: 5 res for frame 760 received at 1574767010650
11-26 13:16:50.680 15654 15688 D Evaluation: 5 res for frame 760 received at 1574767010680
11-26 13:16:50.717 15654 15688 D Evaluation: 5 res for frame 761 received at 1574767010717
11-26 13:16:50.748 15654 15688 D Evaluation: 5 res for frame 762 received at 1574767010748
11-26 13:16:50.824 15654 15688 D Evaluation: 5 res for frame 763 received at 1574767010824
11-26 13:16:50.860 15654 15688 D Evaluation: 5 res for frame 764 received at 1574767010860
11-26 13:16:50.889 15654 15688 D Evaluation: 5 res for frame 765 received at 1574767010889
11-26 13:16:50.918 15654 15688 D Evaluation: 5 res for frame 766 received at 1574767010918
11-26 13:16:50.937 15654 15688 D Evaluation: 5 res for frame 767 received at 1574767010937
11-26 13:16:50.974 15654 15688 D Evaluation: 5 res for frame 768 received at 1574767010974
11-26 13:16:51.015 15654 15688 D Evaluation: 5 res for frame 769 received at 1574767011015
11-26 13:16:51.049 15654 15688 D Evaluation: 5 res for frame 770 received at 1574767011049
11-26 13:16:51.079 15654 15688 D Evaluation: 5 res for frame 771 received at 1574767011079
11-26 13:16:51.117 15654 15688 D Evaluation: 5 res for frame 772 received at 1574767011117
11-26 13:16:51.149 15654 15688 D Evaluation: 5 res for frame 773 received at 1574767011149
11-26 13:16:51.186 15654 15688 D Evaluation: 5 res for frame 774 received at 1574767011186
11-26 13:16:51.210 15654 15688 D Evaluation: 5 res for frame 775 received at 1574767011210
11-26 13:16:51.244 15654 15688 D Evaluation: 5 res for frame 776 received at 1574767011244
11-26 13:16:51.327 15654 15688 D Evaluation: 5 res for frame 777 received at 1574767011327
11-26 13:16:51.354 15654 15688 D Evaluation: 5 res for frame 778 received at 1574767011354
11-26 13:16:51.394 15654 15688 D Evaluation: 5 res for frame 779 received at 1574767011394
11-26 13:16:51.422 15654 15688 D Evaluation: 5 res for frame 780 received at 1574767011422
11-26 13:16:51.452 15654 15688 D Evaluation: 5 res for frame 781 received at 1574767011452
11-26 13:16:51.453 15654 15665 E         : [ZeroHung]zrhung_get_config: Get config failed for wp[0x0008]
11-26 13:16:51.479 15654 15663 W System  : A resource failed to call close. 
11-26 13:16:51.481 15654 15663 I chatty  : uid=10147(symlab.cloudridar.arhud) FinalizerDaemon identical 17 lines
11-26 13:16:51.481 15654 15663 W System  : A resource failed to call close. 
11-26 13:16:51.481 15654 15663 W System  : A resource failed to call close. 
11-26 13:16:51.484 15654 15663 I chatty  : uid=10147(symlab.cloudridar.arhud) FinalizerDaemon identical 21 lines
11-26 13:16:51.484 15654 15663 W System  : A resource failed to call close. 
11-26 13:16:51.484 15654 15663 W System  : A resource failed to call close. 
11-26 13:16:51.487 15654 15663 W System  : A resource failed to call close. 
11-26 13:16:51.488 15654 15663 I chatty  : uid=10147(symlab.cloudridar.arhud) FinalizerDaemon identical 10 lines
11-26 13:16:51.488 15654 15663 W System  : A resource failed to call close. 
11-26 13:16:51.488 15654 15688 D Evaluation: 5 res for frame 782 received at 1574767011488
11-26 13:16:51.523 15654 15688 D Evaluation: 5 res for frame 783 received at 1574767011523
11-26 13:16:51.550 15654 15688 D Evaluation: 5 res for frame 784 received at 1574767011550
11-26 13:16:51.589 15654 15688 D Evaluation: 5 res for frame 785 received at 1574767011589
11-26 13:16:51.616 15654 15688 D Evaluation: 5 res for frame 786 received at 1574767011616
11-26 13:16:51.656 15654 15688 D Evaluation: 4 res for frame 787 received at 1574767011656
11-26 13:16:51.693 15654 15688 D Evaluation: 4 res for frame 788 received at 1574767011693
11-26 13:16:51.718 15654 15688 D Evaluation: 3 res for frame 789 received at 1574767011718
11-26 13:16:51.759 15654 15688 D Evaluation: 3 res for frame 790 received at 1574767011759
11-26 13:16:51.796 15654 15688 D Evaluation: 4 res for frame 791 received at 1574767011796
11-26 13:16:51.826 15654 15688 D Evaluation: 5 res for frame 792 received at 1574767011826
11-26 13:16:51.851 15654 15688 D Evaluation: 3 res for frame 793 received at 1574767011851
11-26 13:16:51.891 15654 15688 D Evaluation: 5 res for frame 794 received at 1574767011891
11-26 13:16:51.912 15654 15688 D Evaluation: 5 res for frame 795 received at 1574767011912
11-26 13:16:51.961 15654 15688 D Evaluation: 4 res for frame 796 received at 1574767011961
11-26 13:16:51.990 15654 15688 D Evaluation: 4 res for frame 797 received at 1574767011990
11-26 13:16:52.023 15654 15688 D Evaluation: 3 res for frame 799 received at 1574767012023
11-26 13:16:52.061 15654 15688 D Evaluation: 3 res for frame 799 received at 1574767012061
11-26 13:16:52.095 15654 15688 D Evaluation: 2 res for frame 800 received at 1574767012095
11-26 13:16:52.127 15654 15688 D Evaluation: 2 res for frame 801 received at 1574767012126
11-26 13:16:52.196 15654 15688 D Evaluation: 5 res for frame 802 received at 1574767012196
11-26 13:16:52.235 15654 15688 D Evaluation: 4 res for frame 803 received at 1574767012235
11-26 13:16:52.267 15654 15688 D Evaluation: 5 res for frame 804 received at 1574767012267
11-26 13:16:52.295 15654 15688 D Evaluation: 5 res for frame 805 received at 1574767012295
11-26 13:16:52.316 15654 15688 D Evaluation: 5 res for frame 806 received at 1574767012316
11-26 13:16:52.357 15654 15688 D Evaluation: 5 res for frame 807 received at 1574767012357
11-26 13:16:52.398 15654 15688 D Evaluation: 5 res for frame 808 received at 1574767012398
11-26 13:16:52.428 15654 15688 D Evaluation: 5 res for frame 809 received at 1574767012428
11-26 13:16:52.459 15654 15688 D Evaluation: 2 res for frame 810 received at 1574767012459
11-26 13:16:52.485 15654 15665 E         : [ZeroHung]zrhung_get_config: Get config failed for wp[0x0008]
11-26 13:16:52.488 15654 15688 D Evaluation: 5 res for frame 811 received at 1574767012488
11-26 13:16:52.514 15654 15663 W System  : A resource failed to call close. 
11-26 13:16:52.520 15654 15663 I chatty  : uid=10147(symlab.cloudridar.arhud) FinalizerDaemon identical 57 lines
11-26 13:16:52.520 15654 15663 W System  : A resource failed to call close. 
11-26 13:16:52.521 15654 15688 D Evaluation: 2 res for frame 812 received at 1574767012521
11-26 13:16:52.606 15654 15688 D Evaluation: 3 res for frame 813 received at 1574767012606
11-26 13:16:52.638 15654 15688 D Evaluation: 3 res for frame 814 received at 1574767012638
11-26 13:16:52.670 15654 15688 D Evaluation: 2 res for frame 815 received at 1574767012670
11-26 13:16:52.699 15654 15688 D Evaluation: 1 res for frame 816 received at 1574767012699
11-26 13:16:52.737 15654 15688 D Evaluation: 0 res for frame 817 received at 1574767012737
11-26 13:16:52.768 15654 15688 D Evaluation: 0 res for frame 818 received at 1574767012768
11-26 13:16:52.801 15654 15688 D Evaluation: 0 res for frame 819 received at 1574767012801
11-26 13:16:52.826 15654 15688 D Evaluation: 0 res for frame 820 received at 1574767012826
11-26 13:16:52.859 15654 15688 D Evaluation: 0 res for frame 821 received at 1574767012859
11-26 13:16:52.893 15654 15688 D Evaluation: 1 res for frame 822 received at 1574767012893
11-26 13:16:52.926 15654 15688 D Evaluation: 0 res for frame 823 received at 1574767012926
11-26 13:16:52.960 15654 15688 D Evaluation: 1 res for frame 824 received at 1574767012960
11-26 13:16:52.999 15654 15688 D Evaluation: 1 res for frame 825 received at 1574767012999
11-26 13:16:53.039 15654 15688 D Evaluation: 1 res for frame 826 received at 1574767013039
11-26 13:16:53.071 15654 15688 D Evaluation: 0 res for frame 827 received at 1574767013071
11-26 13:16:53.100 15654 15688 D Evaluation: 2 res for frame 828 received at 1574767013100
11-26 13:16:53.137 15654 15688 D Evaluation: 1 res for frame 829 received at 1574767013137
11-26 13:16:53.172 15654 15688 D Evaluation: 2 res for frame 830 received at 1574767013171
11-26 13:16:53.206 15654 15688 D Evaluation: 0 res for frame 831 received at 1574767013206
11-26 13:16:53.225 15654 15688 D Evaluation: 0 res for frame 832 received at 1574767013225
11-26 13:16:53.252 15654 15688 D Evaluation: 0 res for frame 833 received at 1574767013252
11-26 13:16:53.293 15654 15688 D Evaluation: 0 res for frame 834 received at 1574767013293
11-26 13:16:53.330 15654 15688 D Evaluation: 1 res for frame 836 received at 1574767013330
11-26 13:16:53.364 15654 15688 D Evaluation: 1 res for frame 836 received at 1574767013364
11-26 13:16:53.390 15654 15688 D Evaluation: 1 res for frame 837 received at 1574767013390
11-26 13:16:53.427 15654 15688 D Evaluation: 1 res for frame 838 received at 1574767013427
11-26 13:16:53.461 15654 15688 D Evaluation: 1 res for frame 839 received at 1574767013461
11-26 13:16:53.497 15654 15688 D Evaluation: 2 res for frame 840 received at 1574767013497
11-26 13:16:53.548 15654 15688 D Evaluation: 1 res for frame 841 received at 1574767013548
11-26 13:16:53.571 15654 15688 D Evaluation: 0 res for frame 842 received at 1574767013571
11-26 13:16:53.612 15654 15665 E         : [ZeroHung]zrhung_get_config: Get config failed for wp[0x0008]
11-26 13:16:53.614 15654 15688 D Evaluation: 0 res for frame 843 received at 1574767013614
11-26 13:16:53.634 15654 15663 W System  : A resource failed to call close. 
11-26 13:16:53.636 15654 15663 I chatty  : uid=10147(symlab.cloudridar.arhud) FinalizerDaemon identical 21 lines
11-26 13:16:53.636 15654 15663 W System  : A resource failed to call close. 
11-26 13:16:53.636 15654 15688 D Evaluation: 0 res for frame 844 received at 1574767013636
11-26 13:16:53.636 15654 15663 W System  : A resource failed to call close. 
11-26 13:16:53.637 15654 15663 I chatty  : uid=10147(symlab.cloudridar.arhud) FinalizerDaemon identical 10 lines
11-26 13:16:53.638 15654 15663 W System  : A resource failed to call close. 
11-26 13:16:53.638 15654 15663 W System  : A resource failed to call close. 
