11-26 14:17:21.273 29529 29566 W System.err: 	at android.os.HandlerThread.run(HandlerThread.java:65)
11-26 14:17:21.308 29529 29566 W System.err: java.net.SocketException: Message too long
11-26 14:17:21.309 29529 29566 W System.err: 	at sun.nio.ch.DatagramChannelImpl.send0(Native Method)
11-26 14:17:21.309 29529 29566 W System.err: 	at sun.nio.ch.DatagramChannelImpl.sendFromNativeBuffer(DatagramChannelImpl.java:573)
11-26 14:17:21.309 29529 29566 W System.err: 	at sun.nio.ch.DatagramChannelImpl.send(DatagramChannelImpl.java:550)
11-26 14:17:21.309 29529 29566 W System.err: 	at sun.nio.ch.DatagramChannelImpl.send(DatagramChannelImpl.java:514)
11-26 14:17:21.309 29529 29566 W System.err: 	at symlab.CloudAR.network.TransmissionTask.run(TransmissionTask.java:133)
11-26 14:17:21.309 29529 29566 W System.err: 	at android.os.Handler.handleCallback(Handler.java:907)
11-26 14:17:21.309 29529 29566 W System.err: 	at android.os.Handler.dispatchMessage(Handler.java:105)
11-26 14:17:21.309 29529 29566 W System.err: 	at android.os.Looper.loop(Looper.java:216)
11-26 14:17:21.309 29529 29566 W System.err: 	at android.os.HandlerThread.run(HandlerThread.java:65)
11-26 14:17:21.342 29529 29566 W System.err: java.net.SocketException: Message too long
11-26 14:17:21.342 29529 29566 W System.err: 	at sun.nio.ch.DatagramChannelImpl.send0(Native Method)
11-26 14:17:21.342 29529 29566 W System.err: 	at sun.nio.ch.DatagramChannelImpl.sendFromNativeBuffer(DatagramChannelImpl.java:573)
11-26 14:17:21.342 29529 29566 W System.err: 	at sun.nio.ch.DatagramChannelImpl.send(DatagramChannelImpl.java:550)
11-26 14:17:21.342 29529 29566 W System.err: 	at sun.nio.ch.DatagramChannelImpl.send(DatagramChannelImpl.java:514)
11-26 14:17:21.342 29529 29566 W System.err: 	at symlab.CloudAR.network.TransmissionTask.run(TransmissionTask.java:133)
11-26 14:17:21.342 29529 29566 W System.err: 	at android.os.Handler.handleCallback(Handler.java:907)
11-26 14:17:21.342 29529 29566 W System.err: 	at android.os.Handler.dispatchMessage(Handler.java:105)
11-26 14:17:21.343 29529 29566 W System.err: 	at android.os.Looper.loop(Looper.java:216)
11-26 14:17:21.343 29529 29566 W System.err: 	at android.os.HandlerThread.run(HandlerThread.java:65)
11-26 14:17:21.345 29529 29566 D Evaluation: 4 res for frame 685 received at 1574770641345
11-26 14:17:21.381 29529 29566 W System.err: java.net.SocketException: Message too long
11-26 14:17:21.381 29529 29566 W System.err: 	at sun.nio.ch.DatagramChannelImpl.send0(Native Method)
11-26 14:17:21.381 29529 29566 W System.err: 	at sun.nio.ch.DatagramChannelImpl.sendFromNativeBuffer(DatagramChannelImpl.java:573)
11-26 14:17:21.381 29529 29566 W System.err: 	at sun.nio.ch.DatagramChannelImpl.send(DatagramChannelImpl.java:550)
11-26 14:17:21.381 29529 29566 W System.err: 	at sun.nio.ch.DatagramChannelImpl.send(DatagramChannelImpl.java:514)
11-26 14:17:21.381 29529 29566 W System.err: 	at symlab.CloudAR.network.TransmissionTask.run(TransmissionTask.java:133)
11-26 14:17:21.381 29529 29566 W System.err: 	at android.os.Handler.handleCallback(Handler.java:907)
11-26 14:17:21.381 29529 29566 W System.err: 	at android.os.Handler.dispatchMessage(Handler.java:105)
11-26 14:17:21.381 29529 29566 W System.err: 	at android.os.Looper.loop(Looper.java:216)
11-26 14:17:21.381 29529 29566 W System.err: 	at android.os.HandlerThread.run(HandlerThread.java:65)
11-26 14:17:21.382 29529 29566 D Evaluation: 3 res for frame 686 received at 1574770641382
11-26 14:17:21.405 29529 29566 W System.err: java.net.SocketException: Message too long
11-26 14:17:21.405 29529 29566 W System.err: 	at sun.nio.ch.DatagramChannelImpl.send0(Native Method)
11-26 14:17:21.405 29529 29566 W System.err: 	at sun.nio.ch.DatagramChannelImpl.sendFromNativeBuffer(DatagramChannelImpl.java:573)
11-26 14:17:21.405 29529 29566 W System.err: 	at sun.nio.ch.DatagramChannelImpl.send(DatagramChannelImpl.java:550)
11-26 14:17:21.405 29529 29566 W System.err: 	at sun.nio.ch.DatagramChannelImpl.send(DatagramChannelImpl.java:514)
11-26 14:17:21.405 29529 29566 W System.err: 	at symlab.CloudAR.network.TransmissionTask.run(TransmissionTask.java:133)
11-26 14:17:21.405 29529 29566 W System.err: 	at android.os.Handler.handleCallback(Handler.java:907)
11-26 14:17:21.405 29529 29566 W System.err: 	at android.os.Handler.dispatchMessage(Handler.java:105)
11-26 14:17:21.405 29529 29566 W System.err: 	at android.os.Looper.loop(Looper.java:216)
11-26 14:17:21.405 29529 29566 W System.err: 	at android.os.HandlerThread.run(HandlerThread.java:65)
11-26 14:17:21.406 29529 29566 D Evaluation: 4 res for frame 687 received at 1574770641406
11-26 14:17:21.447 29529 29566 W System.err: java.net.SocketException: Message too long
11-26 14:17:21.447 29529 29566 W System.err: 	at sun.nio.ch.DatagramChannelImpl.send0(Native Method)
11-26 14:17:21.447 29529 29566 W System.err: 	at sun.nio.ch.DatagramChannelImpl.sendFromNativeBuffer(DatagramChannelImpl.java:573)
11-26 14:17:21.447 29529 29566 W System.err: 	at sun.nio.ch.DatagramChannelImpl.send(DatagramChannelImpl.java:550)
11-26 14:17:21.447 29529 29566 W System.err: 	at sun.nio.ch.DatagramChannelImpl.send(DatagramChannelImpl.java:514)
11-26 14:17:21.447 29529 29566 W System.err: 	at symlab.CloudAR.network.TransmissionTask.run(TransmissionTask.java:133)
11-26 14:17:21.447 29529 29566 W System.err: 	at android.os.Handler.handleCallback(Handler.java:907)
11-26 14:17:21.447 29529 29566 W System.err: 	at android.os.Handler.dispatchMessage(Handler.java:105)
11-26 14:17:21.447 29529 29566 W System.err: 	at android.os.Looper.loop(Looper.java:216)
11-26 14:17:21.447 29529 29566 W System.err: 	at android.os.HandlerThread.run(HandlerThread.java:65)
11-26 14:17:21.449 29529 29566 D Evaluation: 4 res for frame 688 received at 1574770641449
11-26 14:17:21.476 29529 29566 W System.err: java.net.SocketException: Message too long
11-26 14:17:21.476 29529 29566 W System.err: 	at sun.nio.ch.DatagramChannelImpl.send0(Native Method)
11-26 14:17:21.476 29529 29566 W System.err: 	at sun.nio.ch.DatagramChannelImpl.sendFromNativeBuffer(DatagramChannelImpl.java:573)
11-26 14:17:21.476 29529 29566 W System.err: 	at sun.nio.ch.DatagramChannelImpl.send(DatagramChannelImpl.java:550)
11-26 14:17:21.476 29529 29566 W System.err: 	at sun.nio.ch.DatagramChannelImpl.send(DatagramChannelImpl.java:514)
11-26 14:17:21.476 29529 29566 W System.err: 	at symlab.CloudAR.network.TransmissionTask.run(TransmissionTask.java:133)
11-26 14:17:21.476 29529 29566 W System.err: 	at android.os.Handler.handleCallback(Handler.java:907)
11-26 14:17:21.476 29529 29566 W System.err: 	at android.os.Handler.dispatchMessage(Handler.java:105)
11-26 14:17:21.476 29529 29566 W System.err: 	at android.os.Looper.loop(Looper.java:216)
11-26 14:17:21.476 29529 29566 W System.err: 	at android.os.HandlerThread.run(HandlerThread.java:65)
11-26 14:17:21.478 29529 29566 D Evaluation: 2 res for frame 688 received at 1574770641478
11-26 14:17:21.519 29529 29566 W System.err: java.net.SocketException: Message too long
11-26 14:17:21.519 29529 29566 W System.err: 	at sun.nio.ch.DatagramChannelImpl.send0(Native Method)
11-26 14:17:21.519 29529 29566 W System.err: 	at sun.nio.ch.DatagramChannelImpl.sendFromNativeBuffer(DatagramChannelImpl.java:573)
11-26 14:17:21.519 29529 29566 W System.err: 	at sun.nio.ch.DatagramChannelImpl.send(DatagramChannelImpl.java:550)
11-26 14:17:21.519 29529 29566 W System.err: 	at sun.nio.ch.DatagramChannelImpl.send(DatagramChannelImpl.java:514)
11-26 14:17:21.519 29529 29566 W System.err: 	at symlab.CloudAR.network.TransmissionTask.run(TransmissionTask.java:133)
11-26 14:17:21.519 29529 29566 W System.err: 	at android.os.Handler.handleCallback(Handler.java:907)
11-26 14:17:21.519 29529 29566 W System.err: 	at android.os.Handler.dispatchMessage(Handler.java:105)
11-26 14:17:21.519 29529 29566 W System.err: 	at android.os.Looper.loop(Looper.java:216)
11-26 14:17:21.519 29529 29566 W System.err: 	at android.os.HandlerThread.run(HandlerThread.java:65)
11-26 14:17:21.520 29529 29566 D Evaluation: 2 res for frame 689 received at 1574770641520
11-26 14:17:21.544 29529 29566 W System.err: java.net.SocketException: Message too long
11-26 14:17:21.544 29529 29566 W System.err: 	at sun.nio.ch.DatagramChannelImpl.send0(Native Method)
11-26 14:17:21.544 29529 29566 W System.err: 	at sun.nio.ch.DatagramChannelImpl.sendFromNativeBuffer(DatagramChannelImpl.java:573)
11-26 14:17:21.544 29529 29566 W System.err: 	at sun.nio.ch.DatagramChannelImpl.send(DatagramChannelImpl.java:550)
11-26 14:17:21.544 29529 29566 W System.err: 	at sun.nio.ch.DatagramChannelImpl.send(DatagramChannelImpl.java:514)
11-26 14:17:21.544 29529 29566 W System.err: 	at symlab.CloudAR.network.TransmissionTask.run(TransmissionTask.java:133)
11-26 14:17:21.544 29529 29566 W System.err: 	at android.os.Handler.handleCallback(Handler.java:907)
11-26 14:17:21.545 29529 29566 W System.err: 	at android.os.Handler.dispatchMessage(Handler.java:105)
11-26 14:17:21.545 29529 29566 W System.err: 	at android.os.Looper.loop(Looper.java:216)
11-26 14:17:21.545 29529 29566 W System.err: 	at android.os.HandlerThread.run(HandlerThread.java:65)
11-26 14:17:21.546 29529 29566 D Evaluation: 0 res for frame 543 received at 1574770641546
11-26 14:17:21.576 29529 29566 D Evaluation: 2 res for frame 690 received at 1574770641576
11-26 14:17:21.600 29529 29566 W System.err: java.net.SocketException: Message too long
11-26 14:17:21.600 29529 29566 W System.err: 	at sun.nio.ch.DatagramChannelImpl.send0(Native Method)
11-26 14:17:21.600 29529 29566 W System.err: 	at sun.nio.ch.DatagramChannelImpl.sendFromNativeBuffer(DatagramChannelImpl.java:573)
11-26 14:17:21.600 29529 29566 W System.err: 	at sun.nio.ch.DatagramChannelImpl.send(DatagramChannelImpl.java:550)
11-26 14:17:21.600 29529 29566 W System.err: 	at sun.nio.ch.DatagramChannelImpl.send(DatagramChannelImpl.java:514)
11-26 14:17:21.600 29529 29566 W System.err: 	at symlab.CloudAR.network.TransmissionTask.run(TransmissionTask.java:133)
11-26 14:17:21.600 29529 29566 W System.err: 	at android.os.Handler.handleCallback(Handler.java:907)
11-26 14:17:21.600 29529 29566 W System.err: 	at android.os.Handler.dispatchMessage(Handler.java:105)
11-26 14:17:21.600 29529 29566 W System.err: 	at android.os.Looper.loop(Looper.java:216)
11-26 14:17:21.600 29529 29566 W System.err: 	at android.os.HandlerThread.run(HandlerThread.java:65)
11-26 14:17:21.601 29529 29566 D Evaluation: 2 res for frame 691 received at 1574770641601
11-26 14:17:21.646 29529 29566 W System.err: java.net.SocketException: Message too long
11-26 14:17:21.646 29529 29566 W System.err: 	at sun.nio.ch.DatagramChannelImpl.send0(Native Method)
11-26 14:17:21.646 29529 29566 W System.err: 	at sun.nio.ch.DatagramChannelImpl.sendFromNativeBuffer(DatagramChannelImpl.java:573)
11-26 14:17:21.646 29529 29566 W System.err: 	at sun.nio.ch.DatagramChannelImpl.send(DatagramChannelImpl.java:550)
11-26 14:17:21.646 29529 29566 W System.err: 	at sun.nio.ch.DatagramChannelImpl.send(DatagramChannelImpl.java:514)
11-26 14:17:21.646 29529 29566 W System.err: 	at symlab.CloudAR.network.TransmissionTask.run(TransmissionTask.java:133)
11-26 14:17:21.646 29529 29566 W System.err: 	at android.os.Handler.handleCallback(Handler.java:907)
11-26 14:17:21.646 29529 29566 W System.err: 	at android.os.Handler.dispatchMessage(Handler.java:105)
11-26 14:17:21.646 29529 29566 W System.err: 	at android.os.Looper.loop(Looper.java:216)
11-26 14:17:21.646 29529 29566 W System.err: 	at android.os.HandlerThread.run(HandlerThread.java:65)
11-26 14:17:21.648 29529 29566 D Evaluation: 3 res for frame 691 received at 1574770641648
11-26 14:17:21.688 29529 29566 W System.err: java.net.SocketException: Message too long
11-26 14:17:21.688 29529 29566 W System.err: 	at sun.nio.ch.DatagramChannelImpl.send0(Native Method)
11-26 14:17:21.688 29529 29566 W System.err: 	at sun.nio.ch.DatagramChannelImpl.sendFromNativeBuffer(DatagramChannelImpl.java:573)
11-26 14:17:21.688 29529 29566 W System.err: 	at sun.nio.ch.DatagramChannelImpl.send(DatagramChannelImpl.java:550)
11-26 14:17:21.688 29529 29566 W System.err: 	at sun.nio.ch.DatagramChannelImpl.send(DatagramChannelImpl.java:514)
11-26 14:17:21.688 29529 29566 W System.err: 	at symlab.CloudAR.network.TransmissionTask.run(TransmissionTask.java:133)
11-26 14:17:21.688 29529 29566 W System.err: 	at android.os.Handler.handleCallback(Handler.java:907)
11-26 14:17:21.688 29529 29566 W System.err: 	at android.os.Handler.dispatchMessage(Handler.java:105)
11-26 14:17:21.688 29529 29566 W System.err: 	at android.os.Looper.loop(Looper.java:216)
11-26 14:17:21.688 29529 29566 W System.err: 	at android.os.HandlerThread.run(HandlerThread.java:65)
11-26 14:17:21.690 29529 29566 D Evaluation: 2 res for frame 692 received at 1574770641690
11-26 14:17:21.712 29529 29566 W System.err: java.net.SocketException: Message too long
11-26 14:17:21.712 29529 29566 W System.err: 	at sun.nio.ch.DatagramChannelImpl.send0(Native Method)
11-26 14:17:21.712 29529 29566 W System.err: 	at sun.nio.ch.DatagramChannelImpl.sendFromNativeBuffer(DatagramChannelImpl.java:573)
11-26 14:17:21.713 29529 29566 W System.err: 	at sun.nio.ch.DatagramChannelImpl.send(DatagramChannelImpl.java:550)
11-26 14:17:21.713 29529 29566 W System.err: 	at sun.nio.ch.DatagramChannelImpl.send(DatagramChannelImpl.java:514)
11-26 14:17:21.713 29529 29566 W System.err: 	at symlab.CloudAR.network.TransmissionTask.run(TransmissionTask.java:133)
11-26 14:17:21.713 29529 29566 W System.err: 	at android.os.Handler.handleCallback(Handler.java:907)
11-26 14:17:21.713 29529 29566 W System.err: 	at android.os.Handler.dispatchMessage(Handler.java:105)
11-26 14:17:21.713 29529 29566 W System.err: 	at android.os.Looper.loop(Looper.java:216)
11-26 14:17:21.713 29529 29566 W System.err: 	at android.os.HandlerThread.run(HandlerThread.java:65)
11-26 14:17:21.714 29529 29566 D Evaluation: 3 res for frame 693 received at 1574770641714
11-26 14:17:21.747 29529 29540 E         : [ZeroHung]zrhung_get_config: Get config failed for wp[0x0008]
11-26 14:17:21.748 29529 29566 W System.err: java.net.SocketException: Message too long
11-26 14:17:21.748 29529 29566 W System.err: 	at sun.nio.ch.DatagramChannelImpl.send0(Native Method)
11-26 14:17:21.748 29529 29566 W System.err: 	at sun.nio.ch.DatagramChannelImpl.sendFromNativeBuffer(DatagramChannelImpl.java:573)
11-26 14:17:21.748 29529 29566 W System.err: 	at sun.nio.ch.DatagramChannelImpl.send(DatagramChannelImpl.java:550)
11-26 14:17:21.748 29529 29566 W System.err: 	at sun.nio.ch.DatagramChannelImpl.send(DatagramChannelImpl.java:514)
11-26 14:17:21.748 29529 29566 W System.err: 	at symlab.CloudAR.network.TransmissionTask.run(TransmissionTask.java:133)
11-26 14:17:21.748 29529 29566 W System.err: 	at android.os.Handler.handleCallback(Handler.java:907)
11-26 14:17:21.748 29529 29566 W System.err: 	at android.os.Handler.dispatchMessage(Handler.java:105)
11-26 14:17:21.748 29529 29566 W System.err: 	at android.os.Looper.loop(Looper.java:216)
11-26 14:17:21.748 29529 29566 W System.err: 	at android.os.HandlerThread.run(HandlerThread.java:65)
11-26 14:17:21.750 29529 29566 D Evaluation: 2 res for frame 694 received at 1574770641750
11-26 14:17:21.762 29529 29538 W System  : A resource failed to call close. 
11-26 14:17:21.765 29529 29538 I chatty  : uid=10147(symlab.cloudridar.arhud) FinalizerDaemon identical 20 lines
11-26 14:17:21.765 29529 29538 W System  : A resource failed to call close. 
11-26 14:17:21.776 29529 29566 W System.err: java.net.SocketException: Message too long
11-26 14:17:21.776 29529 29566 W System.err: 	at sun.nio.ch.DatagramChannelImpl.send0(Native Method)
11-26 14:17:21.776 29529 29566 W System.err: 	at sun.nio.ch.DatagramChannelImpl.sendFromNativeBuffer(DatagramChannelImpl.java:573)
11-26 14:17:21.776 29529 29566 W System.err: 	at sun.nio.ch.DatagramChannelImpl.send(DatagramChannelImpl.java:550)
11-26 14:17:21.776 29529 29566 W System.err: 	at sun.nio.ch.DatagramChannelImpl.send(DatagramChannelImpl.java:514)
11-26 14:17:21.776 29529 29566 W System.err: 	at symlab.CloudAR.network.TransmissionTask.run(TransmissionTask.java:133)
11-26 14:17:21.776 29529 29566 W System.err: 	at android.os.Handler.handleCallback(Handler.java:907)
11-26 14:17:21.776 29529 29566 W System.err: 	at android.os.Handler.dispatchMessage(Handler.java:105)
11-26 14:17:21.776 29529 29566 W System.err: 	at android.os.Looper.loop(Looper.java:216)
11-26 14:17:21.776 29529 29566 W System.err: 	at android.os.HandlerThread.run(HandlerThread.java:65)
11-26 14:17:21.807 29529 29566 W System.err: java.net.SocketException: Message too long
11-26 14:17:21.807 29529 29566 W System.err: 	at sun.nio.ch.DatagramChannelImpl.send0(Native Method)
11-26 14:17:21.807 29529 29566 W System.err: 	at sun.nio.ch.DatagramChannelImpl.sendFromNativeBuffer(DatagramChannelImpl.java:573)
11-26 14:17:21.807 29529 29566 W System.err: 	at sun.nio.ch.DatagramChannelImpl.send(DatagramChannelImpl.java:550)
11-26 14:17:21.807 29529 29566 W System.err: 	at sun.nio.ch.DatagramChannelImpl.send(DatagramChannelImpl.java:514)
11-26 14:17:21.807 29529 29566 W System.err: 	at symlab.CloudAR.network.TransmissionTask.run(TransmissionTask.java:133)
11-26 14:17:21.807 29529 29566 W System.err: 	at android.os.Handler.handleCallback(Handler.java:907)
11-26 14:17:21.807 29529 29566 W System.err: 	at android.os.Handler.dispatchMessage(Handler.java:105)
11-26 14:17:21.807 29529 29566 W System.err: 	at android.os.Looper.loop(Looper.java:216)
11-26 14:17:21.807 29529 29566 W System.err: 	at android.os.HandlerThread.run(HandlerThread.java:65)
11-26 14:17:21.842 29529 29566 W System.err: java.net.SocketException: Message too long
11-26 14:17:21.842 29529 29566 W System.err: 	at sun.nio.ch.DatagramChannelImpl.send0(Native Method)
11-26 14:17:21.842 29529 29566 W System.err: 	at sun.nio.ch.DatagramChannelImpl.sendFromNativeBuffer(DatagramChannelImpl.java:573)
11-26 14:17:21.842 29529 29566 W System.err: 	at sun.nio.ch.DatagramChannelImpl.send(DatagramChannelImpl.java:550)
11-26 14:17:21.842 29529 29566 W System.err: 	at sun.nio.ch.DatagramChannelImpl.send(DatagramChannelImpl.java:514)
11-26 14:17:21.842 29529 29566 W System.err: 	at symlab.CloudAR.network.TransmissionTask.run(TransmissionTask.java:133)
11-26 14:17:21.842 29529 29566 W System.err: 	at android.os.Handler.handleCallback(Handler.java:907)
11-26 14:17:21.842 29529 29566 W System.err: 	at android.os.Handler.dispatchMessage(Handler.java:105)
11-26 14:17:21.842 29529 29566 W System.err: 	at android.os.Looper.loop(Looper.java:216)
11-26 14:17:21.842 29529 29566 W System.err: 	at android.os.HandlerThread.run(HandlerThread.java:65)
11-26 14:17:21.873 29529 29566 W System.err: java.net.SocketException: Message too long
11-26 14:17:21.873 29529 29566 W System.err: 	at sun.nio.ch.DatagramChannelImpl.send0(Native Method)
11-26 14:17:21.873 29529 29566 W System.err: 	at sun.nio.ch.DatagramChannelImpl.sendFromNativeBuffer(DatagramChannelImpl.java:573)
11-26 14:17:21.873 29529 29566 W System.err: 	at sun.nio.ch.DatagramChannelImpl.send(DatagramChannelImpl.java:550)
11-26 14:17:21.873 29529 29566 W System.err: 	at sun.nio.ch.DatagramChannelImpl.send(DatagramChannelImpl.java:514)
11-26 14:17:21.873 29529 29566 W System.err: 	at symlab.CloudAR.network.TransmissionTask.run(TransmissionTask.java:133)
11-26 14:17:21.873 29529 29566 W System.err: 	at android.os.Handler.handleCallback(Handler.java:907)
11-26 14:17:21.873 29529 29566 W System.err: 	at android.os.Handler.dispatchMessage(Handler.java:105)
11-26 14:17:21.873 29529 29566 W System.err: 	at android.os.Looper.loop(Looper.java:216)
11-26 14:17:21.873 29529 29566 W System.err: 	at android.os.HandlerThread.run(HandlerThread.java:65)
11-26 14:17:21.874 29529 29566 D Evaluation: 2 res for frame 696 received at 1574770641874
11-26 14:17:21.908 29529 29566 D Evaluation: 2 res for frame 698 received at 1574770641908
11-26 14:17:21.947 29529 29566 W System.err: java.net.SocketException: Message too long
11-26 14:17:21.947 29529 29566 W System.err: 	at sun.nio.ch.DatagramChannelImpl.send0(Native Method)
11-26 14:17:21.947 29529 29566 W System.err: 	at sun.nio.ch.DatagramChannelImpl.sendFromNativeBuffer(DatagramChannelImpl.java:573)
11-26 14:17:21.947 29529 29566 W System.err: 	at sun.nio.ch.DatagramChannelImpl.send(DatagramChannelImpl.java:550)
11-26 14:17:21.947 29529 29566 W System.err: 	at sun.nio.ch.DatagramChannelImpl.send(DatagramChannelImpl.java:514)
11-26 14:17:21.947 29529 29566 W System.err: 	at symlab.CloudAR.network.TransmissionTask.run(TransmissionTask.java:133)
11-26 14:17:21.947 29529 29566 W System.err: 	at android.os.Handler.handleCallback(Handler.java:907)
11-26 14:17:21.947 29529 29566 W System.err: 	at android.os.Handler.dispatchMessage(Handler.java:105)
11-26 14:17:21.947 29529 29566 W System.err: 	at android.os.Looper.loop(Looper.java:216)
11-26 14:17:21.947 29529 29566 W System.err: 	at android.os.HandlerThread.run(HandlerThread.java:65)
11-26 14:17:21.950 29529 29566 D Evaluation: 1 res for frame 700 received at 1574770641950
11-26 14:17:21.977 29529 29566 W System.err: java.net.SocketException: Message too long
11-26 14:17:21.977 29529 29566 W System.err: 	at sun.nio.ch.DatagramChannelImpl.send0(Native Method)
11-26 14:17:21.977 29529 29566 W System.err: 	at sun.nio.ch.DatagramChannelImpl.sendFromNativeBuffer(DatagramChannelImpl.java:573)
11-26 14:17:21.977 29529 29566 W System.err: 	at sun.nio.ch.DatagramChannelImpl.send(DatagramChannelImpl.java:550)
11-26 14:17:21.977 29529 29566 W System.err: 	at sun.nio.ch.DatagramChannelImpl.send(DatagramChannelImpl.java:514)
11-26 14:17:21.977 29529 29566 W System.err: 	at symlab.CloudAR.network.TransmissionTask.run(TransmissionTask.java:133)
11-26 14:17:21.977 29529 29566 W System.err: 	at android.os.Handler.handleCallback(Handler.java:907)
11-26 14:17:21.977 29529 29566 W System.err: 	at android.os.Handler.dispatchMessage(Handler.java:105)
11-26 14:17:21.977 29529 29566 W System.err: 	at android.os.Looper.loop(Looper.java:216)
11-26 14:17:21.977 29529 29566 W System.err: 	at android.os.HandlerThread.run(HandlerThread.java:65)
11-26 14:17:21.979 29529 29566 D Evaluation: 1 res for frame 700 received at 1574770641979
11-26 14:17:22.007 29529 29566 W System.err: java.net.SocketException: Message too long
11-26 14:17:22.007 29529 29566 W System.err: 	at sun.nio.ch.DatagramChannelImpl.send0(Native Method)
11-26 14:17:22.007 29529 29566 W System.err: 	at sun.nio.ch.DatagramChannelImpl.sendFromNativeBuffer(DatagramChannelImpl.java:573)
11-26 14:17:22.007 29529 29566 W System.err: 	at sun.nio.ch.DatagramChannelImpl.send(DatagramChannelImpl.java:550)
11-26 14:17:22.007 29529 29566 W System.err: 	at sun.nio.ch.DatagramChannelImpl.send(DatagramChannelImpl.java:514)
11-26 14:17:22.007 29529 29566 W System.err: 	at symlab.CloudAR.network.TransmissionTask.run(TransmissionTask.java:133)
11-26 14:17:22.007 29529 29566 W System.err: 	at android.os.Handler.handleCallback(Handler.java:907)
11-26 14:17:22.008 29529 29566 W System.err: 	at android.os.Handler.dispatchMessage(Handler.java:105)
11-26 14:17:22.008 29529 29566 W System.err: 	at android.os.Looper.loop(Looper.java:216)
11-26 14:17:22.008 29529 29566 W System.err: 	at android.os.HandlerThread.run(HandlerThread.java:65)
11-26 14:17:22.009 29529 29566 D Evaluation: 1 res for frame 700 received at 1574770642009
11-26 14:17:22.054 29529 29566 W System.err: java.net.SocketException: Message too long
11-26 14:17:22.054 29529 29566 W System.err: 	at sun.nio.ch.DatagramChannelImpl.send0(Native Method)
11-26 14:17:22.054 29529 29566 W System.err: 	at sun.nio.ch.DatagramChannelImpl.sendFromNativeBuffer(DatagramChannelImpl.java:573)
11-26 14:17:22.054 29529 29566 W System.err: 	at sun.nio.ch.DatagramChannelImpl.send(DatagramChannelImpl.java:550)
11-26 14:17:22.054 29529 29566 W System.err: 	at sun.nio.ch.DatagramChannelImpl.send(DatagramChannelImpl.java:514)
11-26 14:17:22.054 29529 29566 W System.err: 	at symlab.CloudAR.network.TransmissionTask.run(TransmissionTask.java:133)
11-26 14:17:22.054 29529 29566 W System.err: 	at android.os.Handler.handleCallback(Handler.java:907)
11-26 14:17:22.054 29529 29566 W System.err: 	at android.os.Handler.dispatchMessage(Handler.java:105)
11-26 14:17:22.054 29529 29566 W System.err: 	at android.os.Looper.loop(Looper.java:216)
11-26 14:17:22.054 29529 29566 W System.err: 	at android.os.HandlerThread.run(HandlerThread.java:65)
11-26 14:17:22.056 29529 29566 D Evaluation: 1 res for frame 701 received at 1574770642056
11-26 14:17:22.088 29529 29566 D Evaluation: 1 res for frame 701 received at 1574770642088
11-26 14:17:22.147 29529 29566 W System.err: java.net.SocketException: Message too long
11-26 14:17:22.148 29529 29566 W System.err: 	at sun.nio.ch.DatagramChannelImpl.send0(Native Method)
11-26 14:17:22.148 29529 29566 W System.err: 	at sun.nio.ch.DatagramChannelImpl.sendFromNativeBuffer(DatagramChannelImpl.java:573)
11-26 14:17:22.148 29529 29566 W System.err: 	at sun.nio.ch.DatagramChannelImpl.send(DatagramChannelImpl.java:550)
11-26 14:17:22.148 29529 29566 W System.err: 	at sun.nio.ch.DatagramChannelImpl.send(DatagramChannelImpl.java:514)
11-26 14:17:22.148 29529 29566 W System.err: 	at symlab.CloudAR.network.TransmissionTask.run(TransmissionTask.java:133)
11-26 14:17:22.148 29529 29566 W System.err: 	at android.os.Handler.handleCallback(Handler.java:907)
11-26 14:17:22.148 29529 29566 W System.err: 	at android.os.Handler.dispatchMessage(Handler.java:105)
11-26 14:17:22.148 29529 29566 W System.err: 	at android.os.Looper.loop(Looper.java:216)
11-26 14:17:22.148 29529 29566 W System.err: 	at android.os.HandlerThread.run(HandlerThread.java:65)
11-26 14:17:22.149 29529 29566 D Evaluation: 4 res for frame 703 received at 1574770642149
11-26 14:17:22.186 29529 29566 W System.err: java.net.SocketException: Message too long
11-26 14:17:22.187 29529 29566 W System.err: 	at sun.nio.ch.DatagramChannelImpl.send0(Native Method)
11-26 14:17:22.187 29529 29566 W System.err: 	at sun.nio.ch.DatagramChannelImpl.sendFromNativeBuffer(DatagramChannelImpl.java:573)
11-26 14:17:22.187 29529 29566 W System.err: 	at sun.nio.ch.DatagramChannelImpl.send(DatagramChannelImpl.java:550)
11-26 14:17:22.187 29529 29566 W System.err: 	at sun.nio.ch.DatagramChannelImpl.send(DatagramChannelImpl.java:514)
11-26 14:17:22.187 29529 29566 W System.err: 	at symlab.CloudAR.network.TransmissionTask.run(TransmissionTask.java:133)
11-26 14:17:22.187 29529 29566 W System.err: 	at android.os.Handler.handleCallback(Handler.java:907)
11-26 14:17:22.187 29529 29566 W System.err: 	at android.os.Handler.dispatchMessage(Handler.java:105)
11-26 14:17:22.187 29529 29566 W System.err: 	at android.os.Looper.loop(Looper.java:216)
11-26 14:17:22.187 29529 29566 W System.err: 	at android.os.HandlerThread.run(HandlerThread.java:65)
11-26 14:17:22.189 29529 29566 D Evaluation: 4 res for frame 704 received at 1574770642188
11-26 14:17:22.211 29529 29566 W System.err: java.net.SocketException: Message too long
11-26 14:17:22.211 29529 29566 W System.err: 	at sun.nio.ch.DatagramChannelImpl.send0(Native Method)
11-26 14:17:22.211 29529 29566 W System.err: 	at sun.nio.ch.DatagramChannelImpl.sendFromNativeBuffer(DatagramChannelImpl.java:573)
11-26 14:17:22.211 29529 29566 W System.err: 	at sun.nio.ch.DatagramChannelImpl.send(DatagramChannelImpl.java:550)
11-26 14:17:22.211 29529 29566 W System.err: 	at sun.nio.ch.DatagramChannelImpl.send(DatagramChannelImpl.java:514)
11-26 14:17:22.211 29529 29566 W System.err: 	at symlab.CloudAR.network.TransmissionTask.run(TransmissionTask.java:133)
11-26 14:17:22.211 29529 29566 W System.err: 	at android.os.Handler.handleCallback(Handler.java:907)
11-26 14:17:22.211 29529 29566 W System.err: 	at android.os.Handler.dispatchMessage(Handler.java:105)
11-26 14:17:22.211 29529 29566 W System.err: 	at android.os.Looper.loop(Looper.java:216)
11-26 14:17:22.211 29529 29566 W System.err: 	at android.os.HandlerThread.run(HandlerThread.java:65)
11-26 14:17:22.213 29529 29566 D Evaluation: 4 res for frame 705 received at 1574770642213
11-26 14:17:22.247 29529 29566 W System.err: java.net.SocketException: Message too long
11-26 14:17:22.247 29529 29566 W System.err: 	at sun.nio.ch.DatagramChannelImpl.send0(Native Method)
11-26 14:17:22.247 29529 29566 W System.err: 	at sun.nio.ch.DatagramChannelImpl.sendFromNativeBuffer(DatagramChannelImpl.java:573)
11-26 14:17:22.247 29529 29566 W System.err: 	at sun.nio.ch.DatagramChannelImpl.send(DatagramChannelImpl.java:550)
11-26 14:17:22.247 29529 29566 W System.err: 	at sun.nio.ch.DatagramChannelImpl.send(DatagramChannelImpl.java:514)
11-26 14:17:22.247 29529 29566 W System.err: 	at symlab.CloudAR.network.TransmissionTask.run(TransmissionTask.java:133)
11-26 14:17:22.247 29529 29566 W System.err: 	at android.os.Handler.handleCallback(Handler.java:907)
11-26 14:17:22.247 29529 29566 W System.err: 	at android.os.Handler.dispatchMessage(Handler.java:105)
11-26 14:17:22.247 29529 29566 W System.err: 	at android.os.Looper.loop(Looper.java:216)
11-26 14:17:22.247 29529 29566 W System.err: 	at android.os.HandlerThread.run(HandlerThread.java:65)
11-26 14:17:22.249 29529 29566 D Evaluation: 3 res for frame 705 received at 1574770642248
11-26 14:17:22.288 29529 29566 W System.err: java.net.SocketException: Message too long
11-26 14:17:22.288 29529 29566 W System.err: 	at sun.nio.ch.DatagramChannelImpl.send0(Native Method)
11-26 14:17:22.288 29529 29566 W System.err: 	at sun.nio.ch.DatagramChannelImpl.sendFromNativeBuffer(DatagramChannelImpl.java:573)
11-26 14:17:22.288 29529 29566 W System.err: 	at sun.nio.ch.DatagramChannelImpl.send(DatagramChannelImpl.java:550)
11-26 14:17:22.288 29529 29566 W System.err: 	at sun.nio.ch.DatagramChannelImpl.send(DatagramChannelImpl.java:514)
11-26 14:17:22.288 29529 29566 W System.err: 	at symlab.CloudAR.network.TransmissionTask.run(TransmissionTask.java:133)
11-26 14:17:22.288 29529 29566 W System.err: 	at android.os.Handler.handleCallback(Handler.java:907)
11-26 14:17:22.288 29529 29566 W System.err: 	at android.os.Handler.dispatchMessage(Handler.java:105)
11-26 14:17:22.288 29529 29566 W System.err: 	at android.os.Looper.loop(Looper.java:216)
11-26 14:17:22.288 29529 29566 W System.err: 	at android.os.HandlerThread.run(HandlerThread.java:65)
11-26 14:17:22.290 29529 29566 D Evaluation: 3 res for frame 706 received at 1574770642290
11-26 14:17:22.322 29529 29566 W System.err: java.net.SocketException: Message too long
11-26 14:17:22.322 29529 29566 W System.err: 	at sun.nio.ch.DatagramChannelImpl.send0(Native Method)
11-26 14:17:22.322 29529 29566 W System.err: 	at sun.nio.ch.DatagramChannelImpl.sendFromNativeBuffer(DatagramChannelImpl.java:573)
11-26 14:17:22.322 29529 29566 W System.err: 	at sun.nio.ch.DatagramChannelImpl.send(DatagramChannelImpl.java:550)
11-26 14:17:22.322 29529 29566 W System.err: 	at sun.nio.ch.DatagramChannelImpl.send(DatagramChannelImpl.java:514)
11-26 14:17:22.322 29529 29566 W System.err: 	at symlab.CloudAR.network.TransmissionTask.run(TransmissionTask.java:133)
11-26 14:17:22.322 29529 29566 W System.err: 	at android.os.Handler.handleCallback(Handler.java:907)
11-26 14:17:22.322 29529 29566 W System.err: 	at android.os.Handler.dispatchMessage(Handler.java:105)
11-26 14:17:22.322 29529 29566 W System.err: 	at android.os.Looper.loop(Looper.java:216)
11-26 14:17:22.322 29529 29566 W System.err: 	at android.os.HandlerThread.run(HandlerThread.java:65)
11-26 14:17:22.324 29529 29566 D Evaluation: 0 res for frame 566 received at 1574770642324
11-26 14:17:22.347 29529 29566 D Evaluation: 2 res for frame 707 received at 1574770642347
11-26 14:17:22.436 29529 29566 D Evaluation: 1 res for frame 708 received at 1574770642436
11-26 14:17:22.514 29529 29566 D Evaluation: 2 res for frame 709 received at 1574770642514
11-26 14:17:22.546 29529 29566 D Evaluation: 2 res for frame 710 received at 1574770642546
11-26 14:17:22.571 29529 29566 D Evaluation: 3 res for frame 712 received at 1574770642571
11-26 14:17:22.591 29529 29566 D Evaluation: 4 res for frame 712 received at 1574770642591
11-26 14:17:22.612 29529 29566 D Evaluation: 2 res for frame 713 received at 1574770642612
11-26 14:17:22.639 29529 29540 E         : [ZeroHung]zrhung_get_config: Get config failed for wp[0x0008]
11-26 14:17:22.642 29529 29566 D Evaluation: 3 res for frame 714 received at 1574770642642
11-26 14:17:22.668 29529 29538 W System  : A resource failed to call close. 
11-26 14:17:22.672 29529 29538 I chatty  : uid=10147(symlab.cloudridar.arhud) FinalizerDaemon identical 30 lines
11-26 14:17:22.672 29529 29538 W System  : A resource failed to call close. 
11-26 14:17:22.680 29529 29566 D Evaluation: 3 res for frame 715 received at 1574770642680
11-26 14:17:22.727 29529 29566 D Evaluation: 3 res for frame 716 received at 1574770642727
11-26 14:17:22.779 29529 29566 D Evaluation: 2 res for frame 718 received at 1574770642779
11-26 14:17:22.825 29529 29566 D Evaluation: 0 res for frame 720 received at 1574770642825
11-26 14:17:22.855 29529 29566 D Evaluation: 0 res for frame 721 received at 1574770642855
11-26 14:17:22.885 29529 29566 D Evaluation: 2 res for frame 722 received at 1574770642885
11-26 14:17:22.925 29529 29566 D Evaluation: 0 res for frame 723 received at 1574770642925
11-26 14:17:22.948 29529 29566 D Evaluation: 1 res for frame 723 received at 1574770642948
11-26 14:17:22.990 29529 29566 D Evaluation: 1 res for frame 723 received at 1574770642990
11-26 14:17:23.028 29529 29566 D Evaluation: 1 res for frame 725 received at 1574770643028
11-26 14:17:23.073 29529 29566 D Evaluation: 1 res for frame 725 received at 1574770643073
11-26 14:17:23.098 29529 29566 D Evaluation: 1 res for frame 726 received at 1574770643098
11-26 14:17:23.123 29529 29566 D Evaluation: 1 res for frame 727 received at 1574770643123
11-26 14:17:23.159 29529 29566 D Evaluation: 1 res for frame 728 received at 1574770643159
11-26 14:17:23.185 29529 29566 D Evaluation: 2 res for frame 729 received at 1574770643185
11-26 14:17:23.229 29529 29566 D Evaluation: 0 res for frame 731 received at 1574770643229
11-26 14:17:23.266 29529 29566 D Evaluation: 2 res for frame 731 received at 1574770643266
11-26 14:17:23.287 29529 29566 D Evaluation: 2 res for frame 732 received at 1574770643287
11-26 14:17:23.326 29529 29566 D Evaluation: 0 res for frame 733 received at 1574770643326
11-26 14:17:23.364 29529 29566 D Evaluation: 1 res for frame 734 received at 1574770643364
11-26 14:17:23.466 29529 29566 D Evaluation: 3 res for frame 736 received at 1574770643465
11-26 14:17:23.495 29529 29566 D Evaluation: 3 res for frame 736 received at 1574770643495
11-26 14:17:23.519 29529 29566 D Evaluation: 0 res for frame 738 received at 1574770643519
11-26 14:17:23.562 29529 29566 D Evaluation: 2 res for frame 738 received at 1574770643562
11-26 14:17:23.596 29529 29566 D Evaluation: 2 res for frame 739 received at 1574770643596
11-26 14:17:23.614 29529 29566 D Evaluation: 0 res for frame 741 received at 1574770643614
11-26 14:17:23.656 29529 29566 D Evaluation: 2 res for frame 741 received at 1574770643656
11-26 14:17:23.699 29529 29566 D Evaluation: 2 res for frame 742 received at 1574770643699
11-26 14:17:24.162 29529 29540 E         : [ZeroHung]zrhung_get_config: Get config failed for wp[0x0008]
11-26 14:17:24.188 29529 29538 W System  : A resource failed to call close. 
11-26 14:17:24.191 29529 29538 I chatty  : uid=10147(symlab.cloudridar.arhud) FinalizerDaemon identical 26 lines
11-26 14:17:24.191 29529 29538 W System  : A resource failed to call close. 
11-26 14:17:24.192 29529 29566 W System.err: java.net.SocketException: Message too long
11-26 14:17:24.192 29529 29538 W System  : A resource failed to call close. 
11-26 14:17:24.192 29529 29566 W System.err: 	at sun.nio.ch.DatagramChannelImpl.send0(Native Method)
11-26 14:17:24.192 29529 29538 W System  : A resource failed to call close. 
11-26 14:17:24.192 29529 29566 W System.err: 	at sun.nio.ch.DatagramChannelImpl.sendFromNativeBuffer(DatagramChannelImpl.java:573)
11-26 14:17:24.192 29529 29566 W System.err: 	at sun.nio.ch.DatagramChannelImpl.send(DatagramChannelImpl.java:550)
11-26 14:17:24.192 29529 29566 W System.err: 	at sun.nio.ch.DatagramChannelImpl.send(DatagramChannelImpl.java:514)
11-26 14:17:24.192 29529 29566 W System.err: 	at symlab.CloudAR.network.TransmissionTask.run(TransmissionTask.java:133)
11-26 14:17:24.192 29529 29566 W System.err: 	at android.os.Handler.handleCallback(Handler.java:907)
11-26 14:17:24.192 29529 29566 W System.err: 	at android.os.Handler.dispatchMessage(Handler.java:105)
11-26 14:17:24.192 29529 29566 W System.err: 	at android.os.Looper.loop(Looper.java:216)
11-26 14:17:24.192 29529 29538 W System  : A resource failed to call close. 
11-26 14:17:24.192 29529 29566 W System.err: 	at android.os.HandlerThread.run(HandlerThread.java:65)
11-26 14:17:24.192 29529 29538 W System  : A resource failed to call close. 
11-26 14:17:24.193 29529 29538 I chatty  : uid=10147(symlab.cloudridar.arhud) FinalizerDaemon identical 7 lines
11-26 14:17:24.193 29529 29538 W System  : A resource failed to call close. 
11-26 14:17:24.193 29529 29538 W System  : A resource failed to call close. 
11-26 14:17:24.193 29529 29538 I chatty  : uid=10147(symlab.cloudridar.arhud) FinalizerDaemon identical 2 lines
11-26 14:17:24.193 29529 29538 W System  : A resource failed to call close. 
11-26 14:17:24.194 29529 29538 W System  : A resource failed to call close. 
11-26 14:17:24.194 29529 29538 I chatty  : uid=10147(symlab.cloudridar.arhud) FinalizerDaemon identical 2 lines
11-26 14:17:24.194 29529 29538 W System  : A resource failed to call close. 
11-26 14:17:24.194 29529 29538 W System  : A resource failed to call close. 
11-26 14:17:24.194 29529 29538 W System  : A resource failed to call close. 
11-26 14:17:24.195 29529 29538 W System  : A resource failed to call close. 
11-26 14:17:24.196 29529 29538 W System  : A resource failed to call close. 
11-26 14:17:24.196 29529 29538 W System  : A resource failed to call close. 
11-26 14:17:24.197 29529 29538 I chatty  : uid=10147(symlab.cloudridar.arhud) FinalizerDaemon identical 4 lines
11-26 14:17:24.197 29529 29538 W System  : A resource failed to call close. 
11-26 14:17:24.197 29529 29538 W System  : A resource failed to call close. 
11-26 14:17:24.197 29529 29538 I chatty  : uid=10147(symlab.cloudridar.arhud) FinalizerDaemon identical 5 lines
11-26 14:17:24.197 29529 29538 W System  : A resource failed to call close. 
11-26 14:17:24.197 29529 29538 W System  : A resource failed to call close. 
11-26 14:17:24.197 29529 29538 W System  : A resource failed to call close. 
11-26 14:17:24.197 29529 29538 I chatty  : uid=10147(symlab.cloudridar.arhud) FinalizerDaemon identical 4 lines
11-26 14:17:24.197 29529 29538 W System  : A resource failed to call close. 
11-26 14:17:24.232 29529 29566 W System.err: java.net.SocketException: Message too long
11-26 14:17:24.232 29529 29566 W System.err: 	at sun.nio.ch.DatagramChannelImpl.send0(Native Method)
11-26 14:17:24.232 29529 29566 W System.err: 	at sun.nio.ch.DatagramChannelImpl.sendFromNativeBuffer(DatagramChannelImpl.java:573)
11-26 14:17:24.232 29529 29566 W System.err: 	at sun.nio.ch.DatagramChannelImpl.send(DatagramChannelImpl.java:550)
11-26 14:17:24.232 29529 29566 W System.err: 	at sun.nio.ch.DatagramChannelImpl.send(DatagramChannelImpl.java:514)
11-26 14:17:24.232 29529 29566 W System.err: 	at symlab.CloudAR.network.TransmissionTask.run(TransmissionTask.java:133)
11-26 14:17:24.232 29529 29566 W System.err: 	at android.os.Handler.handleCallback(Handler.java:907)
11-26 14:17:24.232 29529 29566 W System.err: 	at android.os.Handler.dispatchMessage(Handler.java:105)
11-26 14:17:24.232 29529 29566 W System.err: 	at android.os.Looper.loop(Looper.java:216)
11-26 14:17:24.232 29529 29566 W System.err: 	at android.os.HandlerThread.run(HandlerThread.java:65)
11-26 14:17:24.252 29529 29566 W System.err: java.net.SocketException: Message too long
11-26 14:17:24.252 29529 29566 W System.err: 	at sun.nio.ch.DatagramChannelImpl.send0(Native Method)
11-26 14:17:24.252 29529 29566 W System.err: 	at sun.nio.ch.DatagramChannelImpl.sendFromNativeBuffer(DatagramChannelImpl.java:573)
11-26 14:17:24.252 29529 29566 W System.err: 	at sun.nio.ch.DatagramChannelImpl.send(DatagramChannelImpl.java:550)
11-26 14:17:24.252 29529 29566 W System.err: 	at sun.nio.ch.DatagramChannelImpl.send(DatagramChannelImpl.java:514)
11-26 14:17:24.252 29529 29566 W System.err: 	at symlab.CloudAR.network.TransmissionTask.run(TransmissionTask.java:133)
11-26 14:17:24.252 29529 29566 W System.err: 	at android.os.Handler.handleCallback(Handler.java:907)
11-26 14:17:24.252 29529 29566 W System.err: 	at android.os.Handler.dispatchMessage(Handler.java:105)
11-26 14:17:24.252 29529 29566 W System.err: 	at android.os.Looper.loop(Looper.java:216)
11-26 14:17:24.252 29529 29566 W System.err: 	at android.os.HandlerThread.run(HandlerThread.java:65)
11-26 14:17:24.781 29529 29529 D stylus  : init stylus touchlistener.
11-26 14:17:24.793 29529 29529 W Settings: Setting device_provisioned has moved from android.provider.Settings.Secure to android.provider.Settings.Global.
11-26 14:17:24.794 29529 29529 V HiTouch_HiTouchSensor: User setup is finished.
11-26 14:17:24.813 29529 29529 W HiTouch_PressGestureDetector: Touch pointer move a lot. The moving distance of X is:137.84741, limit is:60The moving distance of Y is:35.5636, limit is:60
11-26 14:17:25.417 29529 29529 I Poster  :  onPause() called.
11-26 14:17:25.490 29529 29529 I Camera  : close camera: 0, package name: symlab.cloudridar.arhud
11-26 14:17:25.490 29529 29529 I BackgroundPermManager: pkgName: symlab.cloudridar.arhud,pid: 29529 ,uidOf3RdApk: 10147 ,permType: 0 ,permCfg: 0
11-26 14:17:25.493 29529 29529 I HwCameraUtil: notifySurfaceFlingerCameraStatus : isFront = false , isOpend = false
11-26 14:17:25.599 29529 29529 D ZrHung.AppEyeUiProbe: stop checker.
11-26 14:17:25.621 29529 29529 I Poster  :  surfaceDestroyed() called.
11-26 14:17:25.622 29529 29529 D ViewRootImpl[MainActivity]: surface should not be released
11-26 14:17:25.622 29529 29529 I Poster  :  onStop() called.
11-26 14:17:25.646 29529 29554 D ZrHung.AppEyeUiProbe: Current Activity:false
11-26 14:17:25.646 29529 29554 D ZrHung.AppEyeUiProbe: not watching, wait.
11-26 14:17:25.652 29529 29585 W libEGL  : EGLNativeWindowType 0xe2ff0008 disconnect failed
