--------- beginning of main
11-26 14:17:01.632 29529 29554 E         : [ZeroHung]zrhung_get_config: Get config failed for wp[0x0102]
11-26 14:17:01.632 29529 29554 W ZrHung.AppEyeUiProbe: Failed to get config from zrhung
11-26 14:17:01.634 29552 29552 W logcat  : type=1400 audit(0.0:13480): avc: granted { create } for name="logcat_1574770621625.txt" scontext=u:r:untrusted_app:s0:c147,c256,c512,c768 tcontext=u:object_r:sdcardfs:s0:c147,c256,c512,c768 tclass=file
11-26 14:17:01.644 29529 29529 I MultiDex: Installing application
11-26 14:17:01.644 29529 29529 I MultiDex: VM has multidex support, MultiDex support library is disabled.
--------- beginning of system
11-26 14:17:01.648 29529 29529 V ActivityThread: callActivityOnCreate
11-26 14:17:01.648 29529 29529 I Poster  :  onCreate() called.
11-26 14:17:01.650 29529 29529 I HwApsImpl: APS: new HwApsImpl created
11-26 14:17:01.656 29529 29529 V HwWidgetFactory: : successes to get AllImpl object and return....
11-26 14:17:01.663 29529 29529 D OpenGLRenderer: Skia GL Pipeline
11-26 14:17:01.682 29529 29529 D Poster  : Server details are IP 193.166.28.132 and port 52727
11-26 14:17:01.687 29529 29529 D Poster  : Server bound to IP 193.166.28.132 and port 52727
11-26 14:17:01.692 29529 29529 D ActivityThread: add activity client record, r= ActivityRecord{2c6908f token=android.os.BinderProxy@442f816 {symlab.cloudridar.arhud/symlab.ARHUD.MainActivity}} token= android.os.BinderProxy@442f816
11-26 14:17:01.694 29529 29529 I Poster  :  onStart() called.
11-26 14:17:01.695 29529 29529 D ZrHung.AppEyeUiProbe: notify runnable to start.
11-26 14:17:01.696 29529 29529 I Poster  :  onResume() called.
11-26 14:17:01.701 29529 29529 I PermissionManager: camera remind result:true
11-26 14:17:01.701 29529 29529 I Camera  : open camera: 0, package name: symlab.cloudridar.arhud
11-26 14:17:01.701 29529 29529 I BackgroundPermManager: pkgName: symlab.cloudridar.arhud,pid: 29529 ,uidOf3RdApk: 10147 ,permType: 0 ,permCfg: 1
11-26 14:17:01.702 29529 29529 I HwCameraUtil: notifySurfaceFlingerCameraStatus : isFront = false , isOpend = true
11-26 14:17:01.712 29529 29529 D ActivityThread: isOptEnabled=false isWechatScanOpt=false
11-26 14:17:01.714 29529 29529 I HwSecImmHelper: mSecurityInputMethodService is null
11-26 14:17:01.721 29529 29529 D OpenGLRenderer:   HWUI Binary is  enabled
11-26 14:17:01.740 29529 29587 D HiTouch_PressGestureDetector: onAttached, package=symlab.cloudridar.arhud, windowType=1, mHiTouchRestricted=false
11-26 14:17:01.758 29529 29585 I ConfigStore: android::hardware::configstore::V1_0::ISurfaceFlingerConfigs::hasWideColorDisplay retrieved: 0
11-26 14:17:01.758 29529 29585 I ConfigStore: android::hardware::configstore::V1_0::ISurfaceFlingerConfigs::hasHDRDisplay retrieved: 0
11-26 14:17:01.759 29529 29585 I iGraphics: [0020080c] pn: symlab.cloudridar.arhud, p: 29529
11-26 14:17:01.759 29529 29585 I OpenGLRenderer: Initialized EGL, version 1.4, mEglDisplay 0x1
11-26 14:17:01.759 29529 29585 D OpenGLRenderer: Swap behavior 2
11-26 14:17:01.768 29529 29585 D mali_winsys: EGLint new_window_surface(egl_winsys_display *, void *, EGLSurface, EGLConfig, egl_winsys_surface **, EGLBoolean) returns 0x3000
11-26 14:17:01.769 29529 29529 I Poster  :  surfaceCreated() called.
11-26 14:17:01.769 29529 29529 I Poster  : initPreview() called
11-26 14:17:01.771 29529 29540 E         : [ZeroHung]zrhung_get_config: Get config failed for wp[0x0008]
11-26 14:17:01.775 29529 29529 I PermissionManager: camera remind result:true
11-26 14:17:01.780 29529 29529 I Poster  :  surfaceChanged() called.
11-26 14:17:01.785 29529 29538 W System  : A resource failed to call close. 
11-26 14:17:01.799 29529 29529 W InputMethodManager: startInputReason = 1
11-26 14:17:01.818 29529 29529 W InputMethodManager: startInputReason = 5
11-26 14:17:02.056 29529 29566 D Evaluation: 0 res for frame 240 received at 1574770622056
11-26 14:17:02.087 29529 29566 D Evaluation: 0 res for frame 241 received at 1574770622087
11-26 14:17:02.124 29529 29566 D Evaluation: 0 res for frame 242 received at 1574770622124
11-26 14:17:02.158 29529 29566 D Evaluation: 0 res for frame 243 received at 1574770622158
11-26 14:17:02.193 29529 29566 D Evaluation: 0 res for frame 244 received at 1574770622193
11-26 14:17:02.243 29529 29566 D Evaluation: 0 res for frame 245 received at 1574770622243
11-26 14:17:02.268 29529 29566 D Evaluation: 0 res for frame 246 received at 1574770622268
11-26 14:17:02.304 29529 29566 D Evaluation: 0 res for frame 247 received at 1574770622304
11-26 14:17:02.338 29529 29566 D Evaluation: 0 res for frame 248 received at 1574770622338
11-26 14:17:02.374 29529 29566 D Evaluation: 0 res for frame 249 received at 1574770622374
11-26 14:17:02.402 29529 29566 D Evaluation: 0 res for frame 250 received at 1574770622402
11-26 14:17:02.435 29529 29566 D Evaluation: 0 res for frame 251 received at 1574770622435
11-26 14:17:02.469 29529 29566 D Evaluation: 0 res for frame 252 received at 1574770622469
11-26 14:17:02.503 29529 29566 D Evaluation: 0 res for frame 253 received at 1574770622503
11-26 14:17:02.537 29529 29566 D Evaluation: 0 res for frame 254 received at 1574770622537
11-26 14:17:02.571 29529 29566 D Evaluation: 0 res for frame 255 received at 1574770622571
11-26 14:17:02.605 29529 29566 D Evaluation: 0 res for frame 6 received at 1574770622605
11-26 14:17:02.643 29529 29566 D Evaluation: 0 res for frame 256 received at 1574770622643
11-26 14:17:02.672 29529 29566 D Evaluation: 0 res for frame 257 received at 1574770622672
11-26 14:17:02.706 29529 29566 D Evaluation: 0 res for frame 258 received at 1574770622706
11-26 14:17:02.744 29529 29566 D Evaluation: 0 res for frame 7 received at 1574770622744
11-26 14:17:02.777 29529 29566 D Evaluation: 0 res for frame 259 received at 1574770622777
11-26 14:17:02.806 29529 29566 D Evaluation: 0 res for frame 260 received at 1574770622806
11-26 14:17:02.842 29529 29566 D Evaluation: 0 res for frame 262 received at 1574770622842
11-26 14:17:02.871 29529 29566 D Evaluation: 0 res for frame 263 received at 1574770622871
11-26 14:17:02.905 29529 29566 D Evaluation: 0 res for frame 8 received at 1574770622905
11-26 14:17:02.949 29529 29566 D Evaluation: 0 res for frame 264 received at 1574770622949
11-26 14:17:02.987 29529 29566 D Evaluation: 0 res for frame 264 received at 1574770622987
11-26 14:17:03.027 29529 29566 D Evaluation: 0 res for frame 265 received at 1574770623027
11-26 14:17:03.078 29529 29566 D Evaluation: 0 res for frame 267 received at 1574770623078
11-26 14:17:03.113 29529 29566 D Evaluation: 0 res for frame 9 received at 1574770623113
11-26 14:17:03.135 29529 29566 D Evaluation: 0 res for frame 268 received at 1574770623135
11-26 14:17:03.163 29529 29566 D Evaluation: 0 res for frame 269 received at 1574770623163
11-26 14:17:03.210 29529 29566 D Evaluation: 0 res for frame 269 received at 1574770623210
11-26 14:17:03.229 29529 29566 D Evaluation: 0 res for frame 270 received at 1574770623229
11-26 14:17:03.268 29529 29566 D Evaluation: 0 res for frame 271 received at 1574770623268
11-26 14:17:03.308 29529 29566 D Evaluation: 0 res for frame 272 received at 1574770623308
11-26 14:17:03.337 29529 29566 D Evaluation: 0 res for frame 273 received at 1574770623337
11-26 14:17:03.368 29529 29566 D Evaluation: 0 res for frame 274 received at 1574770623368
11-26 14:17:03.409 29529 29540 E         : [ZeroHung]zrhung_get_config: Get config failed for wp[0x0008]
11-26 14:17:03.409 29529 29566 D Evaluation: 0 res for frame 10 received at 1574770623409
11-26 14:17:03.427 29529 29538 W System  : A resource failed to call close. 
11-26 14:17:03.429 29529 29538 I chatty  : uid=10147(symlab.cloudridar.arhud) FinalizerDaemon identical 40 lines
11-26 14:17:03.429 29529 29538 W System  : A resource failed to call close. 
11-26 14:17:03.429 29529 29538 W System  : A resource failed to call close. 
11-26 14:17:03.431 29529 29538 I chatty  : uid=10147(symlab.cloudridar.arhud) FinalizerDaemon identical 36 lines
11-26 14:17:03.431 29529 29538 W System  : A resource failed to call close. 
11-26 14:17:03.438 29529 29566 D Evaluation: 0 res for frame 275 received at 1574770623438
11-26 14:17:03.461 29529 29566 D Evaluation: 0 res for frame 277 received at 1574770623461
11-26 14:17:03.492 29529 29566 D Evaluation: 0 res for frame 277 received at 1574770623492
11-26 14:17:03.527 29529 29566 D Evaluation: 1 res for frame 278 received at 1574770623527
11-26 14:17:03.577 29529 29566 D Evaluation: 1 res for frame 279 received at 1574770623577
11-26 14:17:03.608 29529 29566 D Evaluation: 1 res for frame 280 received at 1574770623608
11-26 14:17:03.636 29529 29566 D Evaluation: 2 res for frame 281 received at 1574770623636
11-26 14:17:03.672 29529 29566 D Evaluation: 4 res for frame 282 received at 1574770623672
11-26 14:17:03.693 29529 29566 D Evaluation: 4 res for frame 283 received at 1574770623693
11-26 14:17:03.744 29529 29566 D Evaluation: 5 res for frame 284 received at 1574770623744
11-26 14:17:03.775 29529 29566 D Evaluation: 4 res for frame 285 received at 1574770623775
11-26 14:17:03.800 29529 29566 D Evaluation: 5 res for frame 286 received at 1574770623800
11-26 14:17:03.909 29529 29566 D Evaluation: 5 res for frame 288 received at 1574770623909
11-26 14:17:03.941 29529 29566 D Evaluation: 4 res for frame 288 received at 1574770623941
11-26 14:17:03.964 29529 29566 D Evaluation: 5 res for frame 289 received at 1574770623964
11-26 14:17:03.991 29529 29566 D Evaluation: 5 res for frame 290 received at 1574770623991
11-26 14:17:04.031 29529 29566 D Evaluation: 5 res for frame 291 received at 1574770624031
11-26 14:17:04.096 29529 29566 D Evaluation: 5 res for frame 292 received at 1574770624096
11-26 14:17:04.165 29529 29566 D Evaluation: 5 res for frame 295 received at 1574770624165
11-26 14:17:04.209 29529 29566 D Evaluation: 5 res for frame 296 received at 1574770624209
11-26 14:17:04.260 29529 29566 D Evaluation: 5 res for frame 297 received at 1574770624260
11-26 14:17:04.290 29529 29566 D Evaluation: 5 res for frame 298 received at 1574770624290
11-26 14:17:04.321 29529 29566 D Evaluation: 4 res for frame 298 received at 1574770624321
11-26 14:17:04.348 29529 29566 D Evaluation: 4 res for frame 299 received at 1574770624348
11-26 14:17:04.382 29529 29566 D Evaluation: 4 res for frame 299 received at 1574770624382
11-26 14:17:04.416 29529 29566 D Evaluation: 4 res for frame 300 received at 1574770624416
11-26 14:17:04.441 29529 29566 D Evaluation: 4 res for frame 301 received at 1574770624441
11-26 14:17:04.468 29529 29566 D Evaluation: 4 res for frame 302 received at 1574770624468
11-26 14:17:04.516 29529 29566 D Evaluation: 4 res for frame 303 received at 1574770624516
11-26 14:17:04.542 29529 29566 D Evaluation: 5 res for frame 304 received at 1574770624542
11-26 14:17:04.575 29529 29566 D Evaluation: 4 res for frame 305 received at 1574770624575
11-26 14:17:04.622 29529 29566 D Evaluation: 4 res for frame 306 received at 1574770624622
11-26 14:17:04.642 29529 29566 D Evaluation: 4 res for frame 307 received at 1574770624642
11-26 14:17:04.676 29529 29566 D Evaluation: 4 res for frame 308 received at 1574770624676
11-26 14:17:04.755 29529 29566 D Evaluation: 5 res for frame 309 received at 1574770624755
11-26 14:17:04.807 29529 29566 D Evaluation: 4 res for frame 311 received at 1574770624807
11-26 14:17:04.839 29529 29566 D Evaluation: 5 res for frame 311 received at 1574770624839
11-26 14:17:04.876 29529 29540 E         : [ZeroHung]zrhung_get_config: Get config failed for wp[0x0008]
11-26 14:17:04.879 29529 29566 D Evaluation: 4 res for frame 312 received at 1574770624879
11-26 14:17:04.892 29529 29538 W System  : A resource failed to call close. 
11-26 14:17:04.896 29529 29538 I chatty  : uid=10147(symlab.cloudridar.arhud) FinalizerDaemon identical 77 lines
11-26 14:17:04.896 29529 29538 W System  : A resource failed to call close. 
11-26 14:17:04.912 29529 29566 D Evaluation: 4 res for frame 313 received at 1574770624912
11-26 14:17:04.946 29529 29566 D Evaluation: 4 res for frame 314 received at 1574770624946
11-26 14:17:05.015 29529 29566 D Evaluation: 4 res for frame 316 received at 1574770625015
11-26 14:17:05.046 29529 29566 D Evaluation: 3 res for frame 317 received at 1574770625046
11-26 14:17:05.079 29529 29566 D Evaluation: 3 res for frame 317 received at 1574770625079
11-26 14:17:05.123 29529 29566 D Evaluation: 3 res for frame 318 received at 1574770625123
11-26 14:17:05.143 29529 29566 D Evaluation: 4 res for frame 319 received at 1574770625143
11-26 14:17:05.172 29529 29566 D Evaluation: 4 res for frame 320 received at 1574770625172
11-26 14:17:05.212 29529 29566 D Evaluation: 4 res for frame 321 received at 1574770625212
11-26 14:17:05.254 29529 29566 D Evaluation: 4 res for frame 322 received at 1574770625254
11-26 14:17:05.282 29529 29566 D Evaluation: 4 res for frame 323 received at 1574770625282
11-26 14:17:05.324 29529 29566 D Evaluation: 5 res for frame 324 received at 1574770625324
11-26 14:17:05.357 29529 29566 D Evaluation: 5 res for frame 325 received at 1574770625357
11-26 14:17:05.423 29529 29566 D Evaluation: 5 res for frame 326 received at 1574770625422
11-26 14:17:05.560 29529 29566 D Evaluation: 5 res for frame 328 received at 1574770625560
11-26 14:17:05.593 29529 29566 D Evaluation: 5 res for frame 330 received at 1574770625593
11-26 14:17:05.625 29529 29566 D Evaluation: 5 res for frame 330 received at 1574770625625
11-26 14:17:05.659 29529 29566 D Evaluation: 5 res for frame 331 received at 1574770625659
11-26 14:17:05.689 29529 29566 D Evaluation: 5 res for frame 331 received at 1574770625689
11-26 14:17:05.730 29529 29566 D Evaluation: 5 res for frame 332 received at 1574770625730
11-26 14:17:05.758 29529 29566 D Evaluation: 5 res for frame 333 received at 1574770625758
11-26 14:17:05.835 29529 29566 D Evaluation: 4 res for frame 334 received at 1574770625835
11-26 14:17:06.000 29529 29566 D Evaluation: 4 res for frame 336 received at 1574770626000
11-26 14:17:06.027 29529 29566 D Evaluation: 4 res for frame 338 received at 1574770626027
11-26 14:17:06.053 29529 29566 D Evaluation: 3 res for frame 339 received at 1574770626053
11-26 14:17:06.107 29529 29540 E         : [ZeroHung]zrhung_get_config: Get config failed for wp[0x0008]
11-26 14:17:06.109 29529 29566 D Evaluation: 3 res for frame 339 received at 1574770626109
11-26 14:17:06.142 29529 29566 D Evaluation: 4 res for frame 340 received at 1574770626142
11-26 14:17:06.149 29529 29538 W System  : A resource failed to call close. 
11-26 14:17:06.149 29529 29538 W System  : A resource failed to call close. 
11-26 14:17:06.149 29529 29538 W System  : A resource failed to call close. 
11-26 14:17:06.150 29529 29538 I chatty  : uid=10147(symlab.cloudridar.arhud) FinalizerDaemon identical 8 lines
11-26 14:17:06.150 29529 29538 W System  : A resource failed to call close. 
11-26 14:17:06.150 29529 29538 W System  : A resource failed to call close. 
11-26 14:17:06.150 29529 29538 I chatty  : uid=10147(symlab.cloudridar.arhud) FinalizerDaemon identical 1 line
11-26 14:17:06.150 29529 29538 W System  : A resource failed to call close. 
11-26 14:17:06.150 29529 29538 W System  : A resource failed to call close. 
11-26 14:17:06.150 29529 29538 W System  : A resource failed to call close. 
11-26 14:17:06.151 29529 29538 W System  : A resource failed to call close. 
11-26 14:17:06.151 29529 29538 W System  : A resource failed to call close. 
11-26 14:17:06.151 29529 29538 W System  : A resource failed to call close. 
11-26 14:17:06.155 29529 29538 I chatty  : uid=10147(symlab.cloudridar.arhud) FinalizerDaemon identical 41 lines
11-26 14:17:06.155 29529 29538 W System  : A resource failed to call close. 
11-26 14:17:06.155 29529 29538 W System  : A resource failed to call close. 
11-26 14:17:06.155 29529 29538 W System  : A resource failed to call close. 
11-26 14:17:06.166 29529 29566 W System.err: java.net.SocketException: Message too long
11-26 14:17:06.166 29529 29566 W System.err: 	at sun.nio.ch.DatagramChannelImpl.send0(Native Method)
11-26 14:17:06.166 29529 29566 W System.err: 	at sun.nio.ch.DatagramChannelImpl.sendFromNativeBuffer(DatagramChannelImpl.java:573)
11-26 14:17:06.166 29529 29566 W System.err: 	at sun.nio.ch.DatagramChannelImpl.send(DatagramChannelImpl.java:550)
11-26 14:17:06.166 29529 29566 W System.err: 	at sun.nio.ch.DatagramChannelImpl.send(DatagramChannelImpl.java:514)
11-26 14:17:06.166 29529 29566 W System.err: 	at symlab.CloudAR.network.TransmissionTask.run(TransmissionTask.java:133)
11-26 14:17:06.166 29529 29566 W System.err: 	at android.os.Handler.handleCallback(Handler.java:907)
11-26 14:17:06.166 29529 29566 W System.err: 	at android.os.Handler.dispatchMessage(Handler.java:105)
11-26 14:17:06.166 29529 29566 W System.err: 	at android.os.Looper.loop(Looper.java:216)
11-26 14:17:06.166 29529 29566 W System.err: 	at android.os.HandlerThread.run(HandlerThread.java:65)
11-26 14:17:06.167 29529 29566 D Evaluation: 3 res for frame 341 received at 1574770626167
11-26 14:17:06.188 29529 29566 D Evaluation: 3 res for frame 341 received at 1574770626188
11-26 14:17:06.227 29529 29566 W System.err: java.net.SocketException: Message too long
11-26 14:17:06.227 29529 29566 W System.err: 	at sun.nio.ch.DatagramChannelImpl.send0(Native Method)
11-26 14:17:06.227 29529 29566 W System.err: 	at sun.nio.ch.DatagramChannelImpl.sendFromNativeBuffer(DatagramChannelImpl.java:573)
11-26 14:17:06.227 29529 29566 W System.err: 	at sun.nio.ch.DatagramChannelImpl.send(DatagramChannelImpl.java:550)
11-26 14:17:06.227 29529 29566 W System.err: 	at sun.nio.ch.DatagramChannelImpl.send(DatagramChannelImpl.java:514)
11-26 14:17:06.227 29529 29566 W System.err: 	at symlab.CloudAR.network.TransmissionTask.run(TransmissionTask.java:133)
11-26 14:17:06.227 29529 29566 W System.err: 	at android.os.Handler.handleCallback(Handler.java:907)
11-26 14:17:06.227 29529 29566 W System.err: 	at android.os.Handler.dispatchMessage(Handler.java:105)
11-26 14:17:06.227 29529 29566 W System.err: 	at android.os.Looper.loop(Looper.java:216)
11-26 14:17:06.227 29529 29566 W System.err: 	at android.os.HandlerThread.run(HandlerThread.java:65)
11-26 14:17:06.228 29529 29566 D Evaluation: 3 res for frame 343 received at 1574770626228
11-26 14:17:06.258 29529 29566 D Evaluation: 3 res for frame 344 received at 1574770626258
11-26 14:17:06.351 29529 29566 D Evaluation: 3 res for frame 345 received at 1574770626351
11-26 14:17:06.373 29529 29566 D Evaluation: 1 res for frame 346 received at 1574770626373
11-26 14:17:06.390 29529 29566 D Evaluation: 2 res for frame 346 received at 1574770626390
11-26 14:17:06.471 29529 29566 D Evaluation: 0 res for frame 347 received at 1574770626471
11-26 14:17:06.498 29529 29566 D Evaluation: 1 res for frame 349 received at 1574770626498
11-26 14:17:06.536 29529 29566 D Evaluation: 2 res for frame 350 received at 1574770626536
11-26 14:17:06.566 29529 29566 D Evaluation: 2 res for frame 351 received at 1574770626566
11-26 14:17:06.621 29529 29566 D Evaluation: 2 res for frame 351 received at 1574770626621
11-26 14:17:06.622 29529 29529 I AwareBitmapCacher: init lrucache size: 2097152 pid=29529
11-26 14:17:06.767 29529 29566 D Evaluation: 2 res for frame 353 received at 1574770626767
11-26 14:17:06.801 29529 29566 D Evaluation: 2 res for frame 353 received at 1574770626801
11-26 14:17:06.824 29529 29566 D Evaluation: 5 res for frame 354 received at 1574770626824
11-26 14:17:06.872 29529 29566 D Evaluation: 4 res for frame 355 received at 1574770626872
11-26 14:17:06.897 29529 29566 D Evaluation: 4 res for frame 356 received at 1574770626897
11-26 14:17:06.989 29529 29566 D Evaluation: 4 res for frame 357 received at 1574770626989
11-26 14:17:07.029 29529 29566 D Evaluation: 3 res for frame 359 received at 1574770627029
11-26 14:17:07.103 29529 29540 E         : [ZeroHung]zrhung_get_config: Get config failed for wp[0x0008]
11-26 14:17:07.104 29529 29566 D Evaluation: 3 res for frame 360 received at 1574770627104
11-26 14:17:07.124 29529 29538 W System  : A resource failed to call close. 
11-26 14:17:07.126 29529 29538 I chatty  : uid=10147(symlab.cloudridar.arhud) FinalizerDaemon identical 19 lines
11-26 14:17:07.126 29529 29538 W System  : A resource failed to call close. 
11-26 14:17:07.126 29529 29566 D Evaluation: 3 res for frame 360 received at 1574770627126
11-26 14:17:07.126 29529 29538 W System  : A resource failed to call close. 
11-26 14:17:07.128 29529 29538 I chatty  : uid=10147(symlab.cloudridar.arhud) FinalizerDaemon identical 24 lines
11-26 14:17:07.128 29529 29538 W System  : A resource failed to call close. 
11-26 14:17:07.164 29529 29566 D Evaluation: 5 res for frame 361 received at 1574770627164
11-26 14:17:07.313 29529 29566 D Evaluation: 3 res for frame 363 received at 1574770627313
11-26 14:17:07.349 29529 29566 D Evaluation: 5 res for frame 363 received at 1574770627349
11-26 14:17:07.376 29529 29566 D Evaluation: 5 res for frame 364 received at 1574770627376
11-26 14:17:07.448 29529 29566 D Evaluation: 3 res for frame 366 received at 1574770627448
11-26 14:17:07.481 29529 29566 D Evaluation: 4 res for frame 368 received at 1574770627481
11-26 14:17:07.505 29529 29566 D Evaluation: 4 res for frame 369 received at 1574770627505
11-26 14:17:07.541 29529 29566 D Evaluation: 4 res for frame 369 received at 1574770627541
11-26 14:17:07.587 29529 29566 D Evaluation: 4 res for frame 370 received at 1574770627587
11-26 14:17:07.619 29529 29566 D Evaluation: 4 res for frame 371 received at 1574770627619
11-26 14:17:07.640 29529 29566 D Evaluation: 4 res for frame 371 received at 1574770627640
11-26 14:17:07.777 29529 29566 D Evaluation: 4 res for frame 373 received at 1574770627777
11-26 14:17:07.806 29529 29566 D Evaluation: 4 res for frame 373 received at 1574770627806
11-26 14:17:07.836 29529 29566 D Evaluation: 4 res for frame 375 received at 1574770627836
11-26 14:17:07.888 29529 29566 D Evaluation: 4 res for frame 375 received at 1574770627888
11-26 14:17:07.910 29529 29566 D Evaluation: 4 res for frame 376 received at 1574770627910
11-26 14:17:07.947 29529 29566 D Evaluation: 4 res for frame 378 received at 1574770627947
11-26 14:17:07.985 29529 29566 D Evaluation: 3 res for frame 378 received at 1574770627984
11-26 14:17:08.036 29529 29566 D Evaluation: 5 res for frame 379 received at 1574770628036
11-26 14:17:08.078 29529 29540 E         : [ZeroHung]zrhung_get_config: Get config failed for wp[0x0008]
11-26 14:17:08.080 29529 29566 D Evaluation: 4 res for frame 381 received at 1574770628080
11-26 14:17:08.115 29529 29538 W System  : A resource failed to call close. 
11-26 14:17:08.116 29529 29538 I chatty  : uid=10147(symlab.cloudridar.arhud) FinalizerDaemon identical 14 lines
11-26 14:17:08.116 29529 29538 W System  : A resource failed to call close. 
11-26 14:17:08.116 29529 29538 W System  : A resource failed to call close. 
11-26 14:17:08.116 29529 29538 W System  : A resource failed to call close. 
11-26 14:17:08.116 29529 29538 W System  : A resource failed to call close. 
11-26 14:17:08.116 29529 29538 W System  : A resource failed to call close. 
11-26 14:17:08.116 29529 29538 W System  : A resource failed to call close. 
11-26 14:17:08.117 29529 29538 I chatty  : uid=10147(symlab.cloudridar.arhud) FinalizerDaemon identical 26 lines
11-26 14:17:08.117 29529 29538 W System  : A resource failed to call close. 
11-26 14:17:08.132 29529 29566 D Evaluation: 5 res for frame 382 received at 1574770628132
11-26 14:17:08.154 29529 29566 D Evaluation: 2 res for frame 383 received at 1574770628154
11-26 14:17:08.173 29529 29566 D Evaluation: 1 res for frame 383 received at 1574770628173
11-26 14:17:08.207 29529 29566 D Evaluation: 2 res for frame 384 received at 1574770628207
11-26 14:17:08.249 29529 29566 D Evaluation: 1 res for frame 385 received at 1574770628249
11-26 14:17:08.274 29529 29566 D Evaluation: 2 res for frame 387 received at 1574770628274
11-26 14:17:08.315 29529 29566 D Evaluation: 0 res for frame 388 received at 1574770628315
11-26 14:17:08.349 29529 29566 D Evaluation: 0 res for frame 388 received at 1574770628349
11-26 14:17:08.423 29529 29566 D Evaluation: 0 res for frame 389 received at 1574770628423
11-26 14:17:08.456 29529 29566 D Evaluation: 0 res for frame 391 received at 1574770628456
11-26 14:17:08.496 29529 29566 D Evaluation: 0 res for frame 391 received at 1574770628496
11-26 14:17:08.518 29529 29566 D Evaluation: 0 res for frame 392 received at 1574770628518
11-26 14:17:08.537 29529 29566 D Evaluation: 0 res for frame 393 received at 1574770628537
11-26 14:17:08.627 29529 29566 D Evaluation: 0 res for frame 394 received at 1574770628627
11-26 14:17:08.649 29529 29566 D Evaluation: 0 res for frame 395 received at 1574770628649
11-26 14:17:08.687 29529 29566 D Evaluation: 0 res for frame 396 received at 1574770628687
11-26 14:17:08.715 29529 29566 D Evaluation: 0 res for frame 397 received at 1574770628715
11-26 14:17:08.747 29529 29566 D Evaluation: 1 res for frame 398 received at 1574770628747
11-26 14:17:08.788 29529 29566 D Evaluation: 0 res for frame 399 received at 1574770628788
11-26 14:17:08.982 29529 29566 D Evaluation: 0 res for frame 401 received at 1574770628982
11-26 14:17:09.019 29529 29566 D Evaluation: 0 res for frame 403 received at 1574770629019
11-26 14:17:09.049 29529 29566 D Evaluation: 0 res for frame 405 received at 1574770629049
11-26 14:17:09.097 29529 29540 E         : [ZeroHung]zrhung_get_config: Get config failed for wp[0x0008]
11-26 14:17:09.099 29529 29566 D Evaluation: 0 res for frame 406 received at 1574770629099
11-26 14:17:09.116 29529 29538 W System  : A resource failed to call close. 
11-26 14:17:09.117 29529 29538 I chatty  : uid=10147(symlab.cloudridar.arhud) FinalizerDaemon identical 1 line
11-26 14:17:09.117 29529 29538 W System  : A resource failed to call close. 
11-26 14:17:09.117 29529 29538 W System  : A resource failed to call close. 
11-26 14:17:09.117 29529 29538 W System  : A resource failed to call close. 
11-26 14:17:09.117 29529 29538 W System  : A resource failed to call close. 
11-26 14:17:09.117 29529 29538 I chatty  : uid=10147(symlab.cloudridar.arhud) FinalizerDaemon identical 4 lines
11-26 14:17:09.117 29529 29538 W System  : A resource failed to call close. 
11-26 14:17:09.117 29529 29538 W System  : A resource failed to call close. 
11-26 14:17:09.117 29529 29538 W System  : A resource failed to call close. 
11-26 14:17:09.117 29529 29538 W System  : A resource failed to call close. 
11-26 14:17:09.117 29529 29538 W System  : A resource failed to call close. 
11-26 14:17:09.117 29529 29538 W System  : A resource failed to call close. 
11-26 14:17:09.118 29529 29538 W System  : A resource failed to call close. 
11-26 14:17:09.118 29529 29538 W System  : A resource failed to call close. 
11-26 14:17:09.118 29529 29538 W System  : A resource failed to call close. 
11-26 14:17:09.118 29529 29538 W System  : A resource failed to call close. 
11-26 14:17:09.118 29529 29538 W System  : A resource failed to call close. 
11-26 14:17:09.118 29529 29538 I chatty  : uid=10147(symlab.cloudridar.arhud) FinalizerDaemon identical 4 lines
11-26 14:17:09.118 29529 29538 W System  : A resource failed to call close. 
11-26 14:17:09.118 29529 29538 W System  : A resource failed to call close. 
11-26 14:17:09.118 29529 29538 W System  : A resource failed to call close. 
11-26 14:17:09.118 29529 29538 I chatty  : uid=10147(symlab.cloudridar.arhud) FinalizerDaemon identical 2 lines
11-26 14:17:09.118 29529 29538 W System  : A resource failed to call close. 
11-26 14:17:09.118 29529 29538 W System  : A resource failed to call close. 
11-26 14:17:09.118 29529 29538 W System  : A resource failed to call close. 
11-26 14:17:09.118 29529 29538 W System  : A resource failed to call close. 
11-26 14:17:09.118 29529 29538 W System  : A resource failed to call close. 
11-26 14:17:09.119 29529 29538 W System  : A resource failed to call close. 
11-26 14:17:09.119 29529 29538 W System  : A resource failed to call close. 
11-26 14:17:09.119 29529 29538 W System  : A resource failed to call close. 
11-26 14:17:09.119 29529 29538 I chatty  : uid=10147(symlab.cloudridar.arhud) FinalizerDaemon identical 15 lines
11-26 14:17:09.120 29529 29538 W System  : A resource failed to call close. 
11-26 14:17:09.125 29529 29566 D Evaluation: 0 res for frame 406 received at 1574770629125
11-26 14:17:09.148 29529 29566 D Evaluation: 0 res for frame 407 received at 1574770629148
11-26 14:17:09.176 29529 29566 D Evaluation: 1 res for frame 407 received at 1574770629176
11-26 14:17:09.219 29529 29566 D Evaluation: 1 res for frame 407 received at 1574770629219
11-26 14:17:09.238 29529 29566 D Evaluation: 1 res for frame 408 received at 1574770629238
11-26 14:17:09.274 29529 29566 D Evaluation: 1 res for frame 409 received at 1574770629273
11-26 14:17:09.307 29529 29566 D Evaluation: 1 res for frame 411 received at 1574770629307
11-26 14:17:09.355 29529 29566 D Evaluation: 0 res for frame 411 received at 1574770629355
11-26 14:17:09.393 29529 29566 D Evaluation: 1 res for frame 412 received at 1574770629393
11-26 14:17:09.424 29529 29566 D Evaluation: 1 res for frame 413 received at 1574770629424
11-26 14:17:09.487 29529 29566 D Evaluation: 1 res for frame 415 received at 1574770629487
11-26 14:17:09.514 29529 29566 D Evaluation: 1 res for frame 415 received at 1574770629514
11-26 14:17:09.600 29529 29566 D Evaluation: 1 res for frame 416 received at 1574770629600
11-26 14:17:09.625 29529 29566 D Evaluation: 1 res for frame 417 received at 1574770629625
11-26 14:17:09.644 29529 29566 D Evaluation: 1 res for frame 418 received at 1574770629644
11-26 14:17:09.681 29529 29566 W System.err: java.net.SocketException: Message too long
11-26 14:17:09.681 29529 29566 W System.err: 	at sun.nio.ch.DatagramChannelImpl.send0(Native Method)
11-26 14:17:09.681 29529 29566 W System.err: 	at sun.nio.ch.DatagramChannelImpl.sendFromNativeBuffer(DatagramChannelImpl.java:573)
11-26 14:17:09.681 29529 29566 W System.err: 	at sun.nio.ch.DatagramChannelImpl.send(DatagramChannelImpl.java:550)
11-26 14:17:09.681 29529 29566 W System.err: 	at sun.nio.ch.DatagramChannelImpl.send(DatagramChannelImpl.java:514)
11-26 14:17:09.681 29529 29566 W System.err: 	at symlab.CloudAR.network.TransmissionTask.run(TransmissionTask.java:133)
11-26 14:17:09.681 29529 29566 W System.err: 	at android.os.Handler.handleCallback(Handler.java:907)
11-26 14:17:09.681 29529 29566 W System.err: 	at android.os.Handler.dispatchMessage(Handler.java:105)
11-26 14:17:09.681 29529 29566 W System.err: 	at android.os.Looper.loop(Looper.java:216)
11-26 14:17:09.681 29529 29566 W System.err: 	at android.os.HandlerThread.run(HandlerThread.java:65)
11-26 14:17:09.716 29529 29566 W System.err: java.net.SocketException: Message too long
11-26 14:17:09.716 29529 29566 W System.err: 	at sun.nio.ch.DatagramChannelImpl.send0(Native Method)
11-26 14:17:09.716 29529 29566 W System.err: 	at sun.nio.ch.DatagramChannelImpl.sendFromNativeBuffer(DatagramChannelImpl.java:573)
11-26 14:17:09.716 29529 29566 W System.err: 	at sun.nio.ch.DatagramChannelImpl.send(DatagramChannelImpl.java:550)
11-26 14:17:09.716 29529 29566 W System.err: 	at sun.nio.ch.DatagramChannelImpl.send(DatagramChannelImpl.java:514)
11-26 14:17:09.717 29529 29566 W System.err: 	at symlab.CloudAR.network.TransmissionTask.run(TransmissionTask.java:133)
11-26 14:17:09.717 29529 29566 W System.err: 	at android.os.Handler.handleCallback(Handler.java:907)
11-26 14:17:09.717 29529 29566 W System.err: 	at android.os.Handler.dispatchMessage(Handler.java:105)
11-26 14:17:09.717 29529 29566 W System.err: 	at android.os.Looper.loop(Looper.java:216)
11-26 14:17:09.717 29529 29566 W System.err: 	at android.os.HandlerThread.run(HandlerThread.java:65)
11-26 14:17:09.840 29529 29566 W System.err: java.net.SocketException: Message too long
11-26 14:17:09.840 29529 29566 W System.err: 	at sun.nio.ch.DatagramChannelImpl.send0(Native Method)
11-26 14:17:09.840 29529 29566 W System.err: 	at sun.nio.ch.DatagramChannelImpl.sendFromNativeBuffer(DatagramChannelImpl.java:573)
11-26 14:17:09.840 29529 29566 W System.err: 	at sun.nio.ch.DatagramChannelImpl.send(DatagramChannelImpl.java:550)
11-26 14:17:09.840 29529 29566 W System.err: 	at sun.nio.ch.DatagramChannelImpl.send(DatagramChannelImpl.java:514)
11-26 14:17:09.840 29529 29566 W System.err: 	at symlab.CloudAR.network.TransmissionTask.run(TransmissionTask.java:133)
11-26 14:17:09.840 29529 29566 W System.err: 	at android.os.Handler.handleCallback(Handler.java:907)
11-26 14:17:09.840 29529 29566 W System.err: 	at android.os.Handler.dispatchMessage(Handler.java:105)
11-26 14:17:09.840 29529 29566 W System.err: 	at android.os.Looper.loop(Looper.java:216)
11-26 14:17:09.840 29529 29566 W System.err: 	at android.os.HandlerThread.run(HandlerThread.java:65)
11-26 14:17:09.863 29529 29566 W System.err: java.net.SocketException: Message too long
11-26 14:17:09.863 29529 29566 W System.err: 	at sun.nio.ch.DatagramChannelImpl.send0(Native Method)
11-26 14:17:09.863 29529 29566 W System.err: 	at sun.nio.ch.DatagramChannelImpl.sendFromNativeBuffer(DatagramChannelImpl.java:573)
11-26 14:17:09.863 29529 29566 W System.err: 	at sun.nio.ch.DatagramChannelImpl.send(DatagramChannelImpl.java:550)
11-26 14:17:09.863 29529 29566 W System.err: 	at sun.nio.ch.DatagramChannelImpl.send(DatagramChannelImpl.java:514)
11-26 14:17:09.863 29529 29566 W System.err: 	at symlab.CloudAR.network.TransmissionTask.run(TransmissionTask.java:133)
11-26 14:17:09.863 29529 29566 W System.err: 	at android.os.Handler.handleCallback(Handler.java:907)
11-26 14:17:09.863 29529 29566 W System.err: 	at android.os.Handler.dispatchMessage(Handler.java:105)
11-26 14:17:09.863 29529 29566 W System.err: 	at android.os.Looper.loop(Looper.java:216)
11-26 14:17:09.863 29529 29566 W System.err: 	at android.os.HandlerThread.run(HandlerThread.java:65)
11-26 14:17:09.928 29529 29566 W System.err: java.net.SocketException: Message too long
11-26 14:17:09.928 29529 29566 W System.err: 	at sun.nio.ch.DatagramChannelImpl.send0(Native Method)
11-26 14:17:09.928 29529 29566 W System.err: 	at sun.nio.ch.DatagramChannelImpl.sendFromNativeBuffer(DatagramChannelImpl.java:573)
11-26 14:17:09.928 29529 29566 W System.err: 	at sun.nio.ch.DatagramChannelImpl.send(DatagramChannelImpl.java:550)
11-26 14:17:09.928 29529 29566 W System.err: 	at sun.nio.ch.DatagramChannelImpl.send(DatagramChannelImpl.java:514)
11-26 14:17:09.928 29529 29566 W System.err: 	at symlab.CloudAR.network.TransmissionTask.run(TransmissionTask.java:133)
11-26 14:17:09.928 29529 29566 W System.err: 	at android.os.Handler.handleCallback(Handler.java:907)
11-26 14:17:09.928 29529 29566 W System.err: 	at android.os.Handler.dispatchMessage(Handler.java:105)
11-26 14:17:09.928 29529 29566 W System.err: 	at android.os.Looper.loop(Looper.java:216)
11-26 14:17:09.928 29529 29566 W System.err: 	at android.os.HandlerThread.run(HandlerThread.java:65)
11-26 14:17:09.929 29529 29566 D Evaluation: 2 res for frame 420 received at 1574770629929
11-26 14:17:09.963 29529 29566 D Evaluation: 3 res for frame 422 received at 1574770629963
11-26 14:17:09.993 29529 29566 D Evaluation: 2 res for frame 422 received at 1574770629993
11-26 14:17:10.012 29529 29566 D Evaluation: 1 res for frame 423 received at 1574770630012
11-26 14:17:10.049 29529 29540 E         : [ZeroHung]zrhung_get_config: Get config failed for wp[0x0008]
11-26 14:17:10.051 29529 29566 D Evaluation: 1 res for frame 423 received at 1574770630051
11-26 14:17:10.065 29529 29538 W System  : A resource failed to call close. 
11-26 14:17:10.067 29529 29538 I chatty  : uid=10147(symlab.cloudridar.arhud) FinalizerDaemon identical 38 lines
11-26 14:17:10.067 29529 29538 W System  : A resource failed to call close. 
11-26 14:17:10.100 29529 29566 W System.err: java.net.SocketException: Message too long
11-26 14:17:10.100 29529 29566 W System.err: 	at sun.nio.ch.DatagramChannelImpl.send0(Native Method)
11-26 14:17:10.100 29529 29566 W System.err: 	at sun.nio.ch.DatagramChannelImpl.sendFromNativeBuffer(DatagramChannelImpl.java:573)
11-26 14:17:10.100 29529 29566 W System.err: 	at sun.nio.ch.DatagramChannelImpl.send(DatagramChannelImpl.java:550)
11-26 14:17:10.100 29529 29566 W System.err: 	at sun.nio.ch.DatagramChannelImpl.send(DatagramChannelImpl.java:514)
11-26 14:17:10.100 29529 29566 W System.err: 	at symlab.CloudAR.network.TransmissionTask.run(TransmissionTask.java:133)
11-26 14:17:10.100 29529 29566 W System.err: 	at android.os.Handler.handleCallback(Handler.java:907)
11-26 14:17:10.100 29529 29566 W System.err: 	at android.os.Handler.dispatchMessage(Handler.java:105)
11-26 14:17:10.100 29529 29566 W System.err: 	at android.os.Looper.loop(Looper.java:216)
11-26 14:17:10.100 29529 29566 W System.err: 	at android.os.HandlerThread.run(HandlerThread.java:65)
11-26 14:17:10.102 29529 29566 D Evaluation: 1 res for frame 424 received at 1574770630102
11-26 14:17:10.129 29529 29566 W System.err: java.net.SocketException: Message too long
11-26 14:17:10.129 29529 29566 W System.err: 	at sun.nio.ch.DatagramChannelImpl.send0(Native Method)
11-26 14:17:10.129 29529 29566 W System.err: 	at sun.nio.ch.DatagramChannelImpl.sendFromNativeBuffer(DatagramChannelImpl.java:573)
11-26 14:17:10.129 29529 29566 W System.err: 	at sun.nio.ch.DatagramChannelImpl.send(DatagramChannelImpl.java:550)
11-26 14:17:10.130 29529 29566 W System.err: 	at sun.nio.ch.DatagramChannelImpl.send(DatagramChannelImpl.java:514)
11-26 14:17:10.130 29529 29566 W System.err: 	at symlab.CloudAR.network.TransmissionTask.run(TransmissionTask.java:133)
11-26 14:17:10.130 29529 29566 W System.err: 	at android.os.Handler.handleCallback(Handler.java:907)
11-26 14:17:10.130 29529 29566 W System.err: 	at android.os.Handler.dispatchMessage(Handler.java:105)
11-26 14:17:10.130 29529 29566 W System.err: 	at android.os.Looper.loop(Looper.java:216)
11-26 14:17:10.130 29529 29566 W System.err: 	at android.os.HandlerThread.run(HandlerThread.java:65)
11-26 14:17:10.131 29529 29566 D Evaluation: 1 res for frame 425 received at 1574770630131
11-26 14:17:10.162 29529 29566 W System.err: java.net.SocketException: Message too long
11-26 14:17:10.162 29529 29566 W System.err: 	at sun.nio.ch.DatagramChannelImpl.send0(Native Method)
11-26 14:17:10.162 29529 29566 W System.err: 	at sun.nio.ch.DatagramChannelImpl.sendFromNativeBuffer(DatagramChannelImpl.java:573)
11-26 14:17:10.162 29529 29566 W System.err: 	at sun.nio.ch.DatagramChannelImpl.send(DatagramChannelImpl.java:550)
11-26 14:17:10.162 29529 29566 W System.err: 	at sun.nio.ch.DatagramChannelImpl.send(DatagramChannelImpl.java:514)
11-26 14:17:10.162 29529 29566 W System.err: 	at symlab.CloudAR.network.TransmissionTask.run(TransmissionTask.java:133)
11-26 14:17:10.162 29529 29566 W System.err: 	at android.os.Handler.handleCallback(Handler.java:907)
11-26 14:17:10.162 29529 29566 W System.err: 	at android.os.Handler.dispatchMessage(Handler.java:105)
11-26 14:17:10.162 29529 29566 W System.err: 	at android.os.Looper.loop(Looper.java:216)
11-26 14:17:10.163 29529 29566 W System.err: 	at android.os.HandlerThread.run(HandlerThread.java:65)
11-26 14:17:10.164 29529 29566 D Evaluation: 1 res for frame 427 received at 1574770630164
11-26 14:17:10.192 29529 29566 W System.err: java.net.SocketException: Message too long
11-26 14:17:10.192 29529 29566 W System.err: 	at sun.nio.ch.DatagramChannelImpl.send0(Native Method)
11-26 14:17:10.192 29529 29566 W System.err: 	at sun.nio.ch.DatagramChannelImpl.sendFromNativeBuffer(DatagramChannelImpl.java:573)
11-26 14:17:10.192 29529 29566 W System.err: 	at sun.nio.ch.DatagramChannelImpl.send(DatagramChannelImpl.java:550)
11-26 14:17:10.192 29529 29566 W System.err: 	at sun.nio.ch.DatagramChannelImpl.send(DatagramChannelImpl.java:514)
11-26 14:17:10.192 29529 29566 W System.err: 	at symlab.CloudAR.network.TransmissionTask.run(TransmissionTask.java:133)
11-26 14:17:10.192 29529 29566 W System.err: 	at android.os.Handler.handleCallback(Handler.java:907)
11-26 14:17:10.192 29529 29566 W System.err: 	at android.os.Handler.dispatchMessage(Handler.java:105)
11-26 14:17:10.192 29529 29566 W System.err: 	at android.os.Looper.loop(Looper.java:216)
11-26 14:17:10.192 29529 29566 W System.err: 	at android.os.HandlerThread.run(HandlerThread.java:65)
11-26 14:17:10.193 29529 29566 D Evaluation: 1 res for frame 427 received at 1574770630193
11-26 14:17:10.221 29529 29566 D Evaluation: 2 res for frame 428 received at 1574770630221
11-26 14:17:10.252 29529 29566 W System.err: java.net.SocketException: Message too long
11-26 14:17:10.252 29529 29566 W System.err: 	at sun.nio.ch.DatagramChannelImpl.send0(Native Method)
11-26 14:17:10.252 29529 29566 W System.err: 	at sun.nio.ch.DatagramChannelImpl.sendFromNativeBuffer(DatagramChannelImpl.java:573)
11-26 14:17:10.252 29529 29566 W System.err: 	at sun.nio.ch.DatagramChannelImpl.send(DatagramChannelImpl.java:550)
11-26 14:17:10.252 29529 29566 W System.err: 	at sun.nio.ch.DatagramChannelImpl.send(DatagramChannelImpl.java:514)
11-26 14:17:10.252 29529 29566 W System.err: 	at symlab.CloudAR.network.TransmissionTask.run(TransmissionTask.java:133)
11-26 14:17:10.252 29529 29566 W System.err: 	at android.os.Handler.handleCallback(Handler.java:907)
11-26 14:17:10.252 29529 29566 W System.err: 	at android.os.Handler.dispatchMessage(Handler.java:105)
11-26 14:17:10.252 29529 29566 W System.err: 	at android.os.Looper.loop(Looper.java:216)
11-26 14:17:10.252 29529 29566 W System.err: 	at android.os.HandlerThread.run(HandlerThread.java:65)
11-26 14:17:10.253 29529 29566 D Evaluation: 1 res for frame 429 received at 1574770630253
11-26 14:17:10.313 29529 29566 W System.err: java.net.SocketException: Message too long
11-26 14:17:10.313 29529 29566 W System.err: 	at sun.nio.ch.DatagramChannelImpl.send0(Native Method)
11-26 14:17:10.313 29529 29566 W System.err: 	at sun.nio.ch.DatagramChannelImpl.sendFromNativeBuffer(DatagramChannelImpl.java:573)
11-26 14:17:10.313 29529 29566 W System.err: 	at sun.nio.ch.DatagramChannelImpl.send(DatagramChannelImpl.java:550)
11-26 14:17:10.313 29529 29566 W System.err: 	at sun.nio.ch.DatagramChannelImpl.send(DatagramChannelImpl.java:514)
11-26 14:17:10.313 29529 29566 W System.err: 	at symlab.CloudAR.network.TransmissionTask.run(TransmissionTask.java:133)
11-26 14:17:10.313 29529 29566 W System.err: 	at android.os.Handler.handleCallback(Handler.java:907)
11-26 14:17:10.313 29529 29566 W System.err: 	at android.os.Handler.dispatchMessage(Handler.java:105)
11-26 14:17:10.313 29529 29566 W System.err: 	at android.os.Looper.loop(Looper.java:216)
11-26 14:17:10.314 29529 29566 W System.err: 	at android.os.HandlerThread.run(HandlerThread.java:65)
11-26 14:17:10.317 29529 29566 D Evaluation: 2 res for frame 430 received at 1574770630317
11-26 14:17:10.348 29529 29566 W System.err: java.net.SocketException: Message too long
11-26 14:17:10.348 29529 29566 W System.err: 	at sun.nio.ch.DatagramChannelImpl.send0(Native Method)
11-26 14:17:10.348 29529 29566 W System.err: 	at sun.nio.ch.DatagramChannelImpl.sendFromNativeBuffer(DatagramChannelImpl.java:573)
11-26 14:17:10.348 29529 29566 W System.err: 	at sun.nio.ch.DatagramChannelImpl.send(DatagramChannelImpl.java:550)
11-26 14:17:10.348 29529 29566 W System.err: 	at sun.nio.ch.DatagramChannelImpl.send(DatagramChannelImpl.java:514)
11-26 14:17:10.348 29529 29566 W System.err: 	at symlab.CloudAR.network.TransmissionTask.run(TransmissionTask.java:133)
11-26 14:17:10.348 29529 29566 W System.err: 	at android.os.Handler.handleCallback(Handler.java:907)
11-26 14:17:10.348 29529 29566 W System.err: 	at android.os.Handler.dispatchMessage(Handler.java:105)
11-26 14:17:10.348 29529 29566 W System.err: 	at android.os.Looper.loop(Looper.java:216)
11-26 14:17:10.348 29529 29566 W System.err: 	at android.os.HandlerThread.run(HandlerThread.java:65)
11-26 14:17:10.349 29529 29566 D Evaluation: 2 res for frame 432 received at 1574770630349
11-26 14:17:10.371 29529 29566 W System.err: java.net.SocketException: Message too long
11-26 14:17:10.371 29529 29566 W System.err: 	at sun.nio.ch.DatagramChannelImpl.send0(Native Method)
11-26 14:17:10.371 29529 29566 W System.err: 	at sun.nio.ch.DatagramChannelImpl.sendFromNativeBuffer(DatagramChannelImpl.java:573)
11-26 14:17:10.371 29529 29566 W System.err: 	at sun.nio.ch.DatagramChannelImpl.send(DatagramChannelImpl.java:550)
11-26 14:17:10.371 29529 29566 W System.err: 	at sun.nio.ch.DatagramChannelImpl.send(DatagramChannelImpl.java:514)
11-26 14:17:10.371 29529 29566 W System.err: 	at symlab.CloudAR.network.TransmissionTask.run(TransmissionTask.java:133)
11-26 14:17:10.371 29529 29566 W System.err: 	at android.os.Handler.handleCallback(Handler.java:907)
11-26 14:17:10.372 29529 29566 W System.err: 	at android.os.Handler.dispatchMessage(Handler.java:105)
11-26 14:17:10.372 29529 29566 W System.err: 	at android.os.Looper.loop(Looper.java:216)
11-26 14:17:10.372 29529 29566 W System.err: 	at android.os.HandlerThread.run(HandlerThread.java:65)
11-26 14:17:10.373 29529 29566 D Evaluation: 2 res for frame 432 received at 1574770630373
11-26 14:17:10.401 29529 29566 W System.err: java.net.SocketException: Message too long
11-26 14:17:10.401 29529 29566 W System.err: 	at sun.nio.ch.DatagramChannelImpl.send0(Native Method)
11-26 14:17:10.401 29529 29566 W System.err: 	at sun.nio.ch.DatagramChannelImpl.sendFromNativeBuffer(DatagramChannelImpl.java:573)
11-26 14:17:10.401 29529 29566 W System.err: 	at sun.nio.ch.DatagramChannelImpl.send(DatagramChannelImpl.java:550)
11-26 14:17:10.401 29529 29566 W System.err: 	at sun.nio.ch.DatagramChannelImpl.send(DatagramChannelImpl.java:514)
11-26 14:17:10.401 29529 29566 W System.err: 	at symlab.CloudAR.network.TransmissionTask.run(TransmissionTask.java:133)
11-26 14:17:10.401 29529 29566 W System.err: 	at android.os.Handler.handleCallback(Handler.java:907)
11-26 14:17:10.401 29529 29566 W System.err: 	at android.os.Handler.dispatchMessage(Handler.java:105)
11-26 14:17:10.401 29529 29566 W System.err: 	at android.os.Looper.loop(Looper.java:216)
11-26 14:17:10.401 29529 29566 W System.err: 	at android.os.HandlerThread.run(HandlerThread.java:65)
11-26 14:17:10.402 29529 29566 D Evaluation: 2 res for frame 434 received at 1574770630402
11-26 14:17:10.428 29529 29566 W System.err: java.net.SocketException: Message too long
11-26 14:17:10.428 29529 29566 W System.err: 	at sun.nio.ch.DatagramChannelImpl.send0(Native Method)
11-26 14:17:10.428 29529 29566 W System.err: 	at sun.nio.ch.DatagramChannelImpl.sendFromNativeBuffer(DatagramChannelImpl.java:573)
11-26 14:17:10.428 29529 29566 W System.err: 	at sun.nio.ch.DatagramChannelImpl.send(DatagramChannelImpl.java:550)
11-26 14:17:10.428 29529 29566 W System.err: 	at sun.nio.ch.DatagramChannelImpl.send(DatagramChannelImpl.java:514)
11-26 14:17:10.428 29529 29566 W System.err: 	at symlab.CloudAR.network.TransmissionTask.run(TransmissionTask.java:133)
11-26 14:17:10.428 29529 29566 W System.err: 	at android.os.Handler.handleCallback(Handler.java:907)
11-26 14:17:10.428 29529 29566 W System.err: 	at android.os.Handler.dispatchMessage(Handler.java:105)
11-26 14:17:10.428 29529 29566 W System.err: 	at android.os.Looper.loop(Looper.java:216)
11-26 14:17:10.428 29529 29566 W System.err: 	at android.os.HandlerThread.run(HandlerThread.java:65)
11-26 14:17:10.465 29529 29566 W System.err: java.net.SocketException: Message too long
11-26 14:17:10.465 29529 29566 W System.err: 	at sun.nio.ch.DatagramChannelImpl.send0(Native Method)
11-26 14:17:10.465 29529 29566 W System.err: 	at sun.nio.ch.DatagramChannelImpl.sendFromNativeBuffer(DatagramChannelImpl.java:573)
11-26 14:17:10.465 29529 29566 W System.err: 	at sun.nio.ch.DatagramChannelImpl.send(DatagramChannelImpl.java:550)
11-26 14:17:10.466 29529 29566 W System.err: 	at sun.nio.ch.DatagramChannelImpl.send(DatagramChannelImpl.java:514)
11-26 14:17:10.466 29529 29566 W System.err: 	at symlab.CloudAR.network.TransmissionTask.run(TransmissionTask.java:133)
11-26 14:17:10.466 29529 29566 W System.err: 	at android.os.Handler.handleCallback(Handler.java:907)
11-26 14:17:10.466 29529 29566 W System.err: 	at android.os.Handler.dispatchMessage(Handler.java:105)
11-26 14:17:10.466 29529 29566 W System.err: 	at android.os.Looper.loop(Looper.java:216)
11-26 14:17:10.466 29529 29566 W System.err: 	at android.os.HandlerThread.run(HandlerThread.java:65)
11-26 14:17:10.467 29529 29566 D Evaluation: 2 res for frame 434 received at 1574770630467
11-26 14:17:10.502 29529 29566 W System.err: java.net.SocketException: Message too long
11-26 14:17:10.503 29529 29566 W System.err: 	at sun.nio.ch.DatagramChannelImpl.send0(Native Method)
11-26 14:17:10.503 29529 29566 W System.err: 	at sun.nio.ch.DatagramChannelImpl.sendFromNativeBuffer(DatagramChannelImpl.java:573)
11-26 14:17:10.503 29529 29566 W System.err: 	at sun.nio.ch.DatagramChannelImpl.send(DatagramChannelImpl.java:550)
11-26 14:17:10.503 29529 29566 W System.err: 	at sun.nio.ch.DatagramChannelImpl.send(DatagramChannelImpl.java:514)
11-26 14:17:10.503 29529 29566 W System.err: 	at symlab.CloudAR.network.TransmissionTask.run(TransmissionTask.java:133)
11-26 14:17:10.503 29529 29566 W System.err: 	at android.os.Handler.handleCallback(Handler.java:907)
11-26 14:17:10.503 29529 29566 W System.err: 	at android.os.Handler.dispatchMessage(Handler.java:105)
11-26 14:17:10.503 29529 29566 W System.err: 	at android.os.Looper.loop(Looper.java:216)
11-26 14:17:10.503 29529 29566 W System.err: 	at android.os.HandlerThread.run(HandlerThread.java:65)
11-26 14:17:10.504 29529 29566 D Evaluation: 3 res for frame 435 received at 1574770630504
11-26 14:17:10.525 29529 29566 W System.err: java.net.SocketException: Message too long
11-26 14:17:10.525 29529 29566 W System.err: 	at sun.nio.ch.DatagramChannelImpl.send0(Native Method)
