11-26 13:16:27.570 15654 15688 W System.err: 	at android.os.Looper.loop(Looper.java:216)
11-26 13:16:27.570 15654 15688 W System.err: 	at android.os.HandlerThread.run(HandlerThread.java:65)
11-26 13:16:27.571 15654 15688 D Evaluation: 2 res for frame 102 received at 1574766987571
11-26 13:16:27.603 15654 15688 W System.err: java.net.SocketException: Message too long
11-26 13:16:27.603 15654 15688 W System.err: 	at sun.nio.ch.DatagramChannelImpl.send0(Native Method)
11-26 13:16:27.603 15654 15688 W System.err: 	at sun.nio.ch.DatagramChannelImpl.sendFromNativeBuffer(DatagramChannelImpl.java:573)
11-26 13:16:27.603 15654 15688 W System.err: 	at sun.nio.ch.DatagramChannelImpl.send(DatagramChannelImpl.java:550)
11-26 13:16:27.603 15654 15688 W System.err: 	at sun.nio.ch.DatagramChannelImpl.send(DatagramChannelImpl.java:514)
11-26 13:16:27.603 15654 15688 W System.err: 	at symlab.CloudAR.network.TransmissionTask.run(TransmissionTask.java:144)
11-26 13:16:27.603 15654 15688 W System.err: 	at android.os.Handler.handleCallback(Handler.java:907)
11-26 13:16:27.603 15654 15688 W System.err: 	at android.os.Handler.dispatchMessage(Handler.java:105)
11-26 13:16:27.603 15654 15688 W System.err: 	at android.os.Looper.loop(Looper.java:216)
11-26 13:16:27.603 15654 15688 W System.err: 	at android.os.HandlerThread.run(HandlerThread.java:65)
11-26 13:16:27.604 15654 15688 D Evaluation: 2 res for frame 104 received at 1574766987604
11-26 13:16:27.635 15654 15688 W System.err: java.net.SocketException: Message too long
11-26 13:16:27.635 15654 15688 W System.err: 	at sun.nio.ch.DatagramChannelImpl.send0(Native Method)
11-26 13:16:27.635 15654 15688 W System.err: 	at sun.nio.ch.DatagramChannelImpl.sendFromNativeBuffer(DatagramChannelImpl.java:573)
11-26 13:16:27.635 15654 15688 W System.err: 	at sun.nio.ch.DatagramChannelImpl.send(DatagramChannelImpl.java:550)
11-26 13:16:27.635 15654 15688 W System.err: 	at sun.nio.ch.DatagramChannelImpl.send(DatagramChannelImpl.java:514)
11-26 13:16:27.636 15654 15688 W System.err: 	at symlab.CloudAR.network.TransmissionTask.run(TransmissionTask.java:144)
11-26 13:16:27.636 15654 15688 W System.err: 	at android.os.Handler.handleCallback(Handler.java:907)
11-26 13:16:27.636 15654 15688 W System.err: 	at android.os.Handler.dispatchMessage(Handler.java:105)
11-26 13:16:27.636 15654 15688 W System.err: 	at android.os.Looper.loop(Looper.java:216)
11-26 13:16:27.636 15654 15688 W System.err: 	at android.os.HandlerThread.run(HandlerThread.java:65)
11-26 13:16:27.638 15654 15688 D Evaluation: 2 res for frame 105 received at 1574766987638
11-26 13:16:27.671 15654 15665 E         : [ZeroHung]zrhung_get_config: Get config failed for wp[0x0008]
11-26 13:16:27.672 15654 15688 W System.err: java.net.SocketException: Message too long
11-26 13:16:27.672 15654 15688 W System.err: 	at sun.nio.ch.DatagramChannelImpl.send0(Native Method)
11-26 13:16:27.672 15654 15688 W System.err: 	at sun.nio.ch.DatagramChannelImpl.sendFromNativeBuffer(DatagramChannelImpl.java:573)
11-26 13:16:27.672 15654 15688 W System.err: 	at sun.nio.ch.DatagramChannelImpl.send(DatagramChannelImpl.java:550)
11-26 13:16:27.672 15654 15688 W System.err: 	at sun.nio.ch.DatagramChannelImpl.send(DatagramChannelImpl.java:514)
11-26 13:16:27.672 15654 15688 W System.err: 	at symlab.CloudAR.network.TransmissionTask.run(TransmissionTask.java:144)
11-26 13:16:27.672 15654 15688 W System.err: 	at android.os.Handler.handleCallback(Handler.java:907)
11-26 13:16:27.672 15654 15688 W System.err: 	at android.os.Handler.dispatchMessage(Handler.java:105)
11-26 13:16:27.672 15654 15688 W System.err: 	at android.os.Looper.loop(Looper.java:216)
11-26 13:16:27.672 15654 15688 W System.err: 	at android.os.HandlerThread.run(HandlerThread.java:65)
11-26 13:16:27.698 15654 15663 W System  : A resource failed to call close. 
11-26 13:16:27.702 15654 15663 I chatty  : uid=10147(symlab.cloudridar.arhud) FinalizerDaemon identical 29 lines
11-26 13:16:27.702 15654 15663 W System  : A resource failed to call close. 
11-26 13:16:27.707 15654 15688 W System.err: java.net.SocketException: Message too long
11-26 13:16:27.707 15654 15688 W System.err: 	at sun.nio.ch.DatagramChannelImpl.send0(Native Method)
11-26 13:16:27.707 15654 15688 W System.err: 	at sun.nio.ch.DatagramChannelImpl.sendFromNativeBuffer(DatagramChannelImpl.java:573)
11-26 13:16:27.707 15654 15688 W System.err: 	at sun.nio.ch.DatagramChannelImpl.send(DatagramChannelImpl.java:550)
11-26 13:16:27.707 15654 15688 W System.err: 	at sun.nio.ch.DatagramChannelImpl.send(DatagramChannelImpl.java:514)
11-26 13:16:27.707 15654 15688 W System.err: 	at symlab.CloudAR.network.TransmissionTask.run(TransmissionTask.java:144)
11-26 13:16:27.707 15654 15688 W System.err: 	at android.os.Handler.handleCallback(Handler.java:907)
11-26 13:16:27.707 15654 15688 W System.err: 	at android.os.Handler.dispatchMessage(Handler.java:105)
11-26 13:16:27.707 15654 15688 W System.err: 	at android.os.Looper.loop(Looper.java:216)
11-26 13:16:27.707 15654 15688 W System.err: 	at android.os.HandlerThread.run(HandlerThread.java:65)
11-26 13:16:27.737 15654 15688 W System.err: java.net.SocketException: Message too long
11-26 13:16:27.737 15654 15688 W System.err: 	at sun.nio.ch.DatagramChannelImpl.send0(Native Method)
11-26 13:16:27.737 15654 15688 W System.err: 	at sun.nio.ch.DatagramChannelImpl.sendFromNativeBuffer(DatagramChannelImpl.java:573)
11-26 13:16:27.738 15654 15688 W System.err: 	at sun.nio.ch.DatagramChannelImpl.send(DatagramChannelImpl.java:550)
11-26 13:16:27.738 15654 15688 W System.err: 	at sun.nio.ch.DatagramChannelImpl.send(DatagramChannelImpl.java:514)
11-26 13:16:27.738 15654 15688 W System.err: 	at symlab.CloudAR.network.TransmissionTask.run(TransmissionTask.java:144)
11-26 13:16:27.738 15654 15688 W System.err: 	at android.os.Handler.handleCallback(Handler.java:907)
11-26 13:16:27.738 15654 15688 W System.err: 	at android.os.Handler.dispatchMessage(Handler.java:105)
11-26 13:16:27.738 15654 15688 W System.err: 	at android.os.Looper.loop(Looper.java:216)
11-26 13:16:27.738 15654 15688 W System.err: 	at android.os.HandlerThread.run(HandlerThread.java:65)
11-26 13:16:27.786 15654 15688 W System.err: java.net.SocketException: Message too long
11-26 13:16:27.786 15654 15688 W System.err: 	at sun.nio.ch.DatagramChannelImpl.send0(Native Method)
11-26 13:16:27.786 15654 15688 W System.err: 	at sun.nio.ch.DatagramChannelImpl.sendFromNativeBuffer(DatagramChannelImpl.java:573)
11-26 13:16:27.786 15654 15688 W System.err: 	at sun.nio.ch.DatagramChannelImpl.send(DatagramChannelImpl.java:550)
11-26 13:16:27.786 15654 15688 W System.err: 	at sun.nio.ch.DatagramChannelImpl.send(DatagramChannelImpl.java:514)
11-26 13:16:27.786 15654 15688 W System.err: 	at symlab.CloudAR.network.TransmissionTask.run(TransmissionTask.java:144)
11-26 13:16:27.786 15654 15688 W System.err: 	at android.os.Handler.handleCallback(Handler.java:907)
11-26 13:16:27.786 15654 15688 W System.err: 	at android.os.Handler.dispatchMessage(Handler.java:105)
11-26 13:16:27.786 15654 15688 W System.err: 	at android.os.Looper.loop(Looper.java:216)
11-26 13:16:27.786 15654 15688 W System.err: 	at android.os.HandlerThread.run(HandlerThread.java:65)
11-26 13:16:27.805 15654 15688 W System.err: java.net.SocketException: Message too long
11-26 13:16:27.805 15654 15688 W System.err: 	at sun.nio.ch.DatagramChannelImpl.send0(Native Method)
11-26 13:16:27.805 15654 15688 W System.err: 	at sun.nio.ch.DatagramChannelImpl.sendFromNativeBuffer(DatagramChannelImpl.java:573)
11-26 13:16:27.805 15654 15688 W System.err: 	at sun.nio.ch.DatagramChannelImpl.send(DatagramChannelImpl.java:550)
11-26 13:16:27.805 15654 15688 W System.err: 	at sun.nio.ch.DatagramChannelImpl.send(DatagramChannelImpl.java:514)
11-26 13:16:27.805 15654 15688 W System.err: 	at symlab.CloudAR.network.TransmissionTask.run(TransmissionTask.java:144)
11-26 13:16:27.806 15654 15688 W System.err: 	at android.os.Handler.handleCallback(Handler.java:907)
11-26 13:16:27.806 15654 15688 W System.err: 	at android.os.Handler.dispatchMessage(Handler.java:105)
11-26 13:16:27.806 15654 15688 W System.err: 	at android.os.Looper.loop(Looper.java:216)
11-26 13:16:27.806 15654 15688 W System.err: 	at android.os.HandlerThread.run(HandlerThread.java:65)
11-26 13:16:27.830 15654 15688 W System.err: java.net.SocketException: Message too long
11-26 13:16:27.830 15654 15688 W System.err: 	at sun.nio.ch.DatagramChannelImpl.send0(Native Method)
11-26 13:16:27.830 15654 15688 W System.err: 	at sun.nio.ch.DatagramChannelImpl.sendFromNativeBuffer(DatagramChannelImpl.java:573)
11-26 13:16:27.830 15654 15688 W System.err: 	at sun.nio.ch.DatagramChannelImpl.send(DatagramChannelImpl.java:550)
11-26 13:16:27.830 15654 15688 W System.err: 	at sun.nio.ch.DatagramChannelImpl.send(DatagramChannelImpl.java:514)
11-26 13:16:27.830 15654 15688 W System.err: 	at symlab.CloudAR.network.TransmissionTask.run(TransmissionTask.java:144)
11-26 13:16:27.830 15654 15688 W System.err: 	at android.os.Handler.handleCallback(Handler.java:907)
11-26 13:16:27.830 15654 15688 W System.err: 	at android.os.Handler.dispatchMessage(Handler.java:105)
11-26 13:16:27.830 15654 15688 W System.err: 	at android.os.Looper.loop(Looper.java:216)
11-26 13:16:27.830 15654 15688 W System.err: 	at android.os.HandlerThread.run(HandlerThread.java:65)
11-26 13:16:27.872 15654 15688 W System.err: java.net.SocketException: Message too long
11-26 13:16:27.872 15654 15688 W System.err: 	at sun.nio.ch.DatagramChannelImpl.send0(Native Method)
11-26 13:16:27.872 15654 15688 W System.err: 	at sun.nio.ch.DatagramChannelImpl.sendFromNativeBuffer(DatagramChannelImpl.java:573)
11-26 13:16:27.872 15654 15688 W System.err: 	at sun.nio.ch.DatagramChannelImpl.send(DatagramChannelImpl.java:550)
11-26 13:16:27.872 15654 15688 W System.err: 	at sun.nio.ch.DatagramChannelImpl.send(DatagramChannelImpl.java:514)
11-26 13:16:27.872 15654 15688 W System.err: 	at symlab.CloudAR.network.TransmissionTask.run(TransmissionTask.java:144)
11-26 13:16:27.872 15654 15688 W System.err: 	at android.os.Handler.handleCallback(Handler.java:907)
11-26 13:16:27.872 15654 15688 W System.err: 	at android.os.Handler.dispatchMessage(Handler.java:105)
11-26 13:16:27.872 15654 15688 W System.err: 	at android.os.Looper.loop(Looper.java:216)
11-26 13:16:27.872 15654 15688 W System.err: 	at android.os.HandlerThread.run(HandlerThread.java:65)
11-26 13:16:27.904 15654 15688 W System.err: java.net.SocketException: Message too long
11-26 13:16:27.904 15654 15688 W System.err: 	at sun.nio.ch.DatagramChannelImpl.send0(Native Method)
11-26 13:16:27.904 15654 15688 W System.err: 	at sun.nio.ch.DatagramChannelImpl.sendFromNativeBuffer(DatagramChannelImpl.java:573)
11-26 13:16:27.904 15654 15688 W System.err: 	at sun.nio.ch.DatagramChannelImpl.send(DatagramChannelImpl.java:550)
11-26 13:16:27.904 15654 15688 W System.err: 	at sun.nio.ch.DatagramChannelImpl.send(DatagramChannelImpl.java:514)
11-26 13:16:27.904 15654 15688 W System.err: 	at symlab.CloudAR.network.TransmissionTask.run(TransmissionTask.java:144)
11-26 13:16:27.904 15654 15688 W System.err: 	at android.os.Handler.handleCallback(Handler.java:907)
11-26 13:16:27.904 15654 15688 W System.err: 	at android.os.Handler.dispatchMessage(Handler.java:105)
11-26 13:16:27.904 15654 15688 W System.err: 	at android.os.Looper.loop(Looper.java:216)
11-26 13:16:27.904 15654 15688 W System.err: 	at android.os.HandlerThread.run(HandlerThread.java:65)
11-26 13:16:27.939 15654 15688 W System.err: java.net.SocketException: Message too long
11-26 13:16:27.939 15654 15688 W System.err: 	at sun.nio.ch.DatagramChannelImpl.send0(Native Method)
11-26 13:16:27.939 15654 15688 W System.err: 	at sun.nio.ch.DatagramChannelImpl.sendFromNativeBuffer(DatagramChannelImpl.java:573)
11-26 13:16:27.939 15654 15688 W System.err: 	at sun.nio.ch.DatagramChannelImpl.send(DatagramChannelImpl.java:550)
11-26 13:16:27.939 15654 15688 W System.err: 	at sun.nio.ch.DatagramChannelImpl.send(DatagramChannelImpl.java:514)
11-26 13:16:27.939 15654 15688 W System.err: 	at symlab.CloudAR.network.TransmissionTask.run(TransmissionTask.java:144)
11-26 13:16:27.939 15654 15688 W System.err: 	at android.os.Handler.handleCallback(Handler.java:907)
11-26 13:16:27.939 15654 15688 W System.err: 	at android.os.Handler.dispatchMessage(Handler.java:105)
11-26 13:16:27.939 15654 15688 W System.err: 	at android.os.Looper.loop(Looper.java:216)
11-26 13:16:27.939 15654 15688 W System.err: 	at android.os.HandlerThread.run(HandlerThread.java:65)
11-26 13:16:27.969 15654 15688 W System.err: java.net.SocketException: Message too long
11-26 13:16:27.969 15654 15688 W System.err: 	at sun.nio.ch.DatagramChannelImpl.send0(Native Method)
11-26 13:16:27.969 15654 15688 W System.err: 	at sun.nio.ch.DatagramChannelImpl.sendFromNativeBuffer(DatagramChannelImpl.java:573)
11-26 13:16:27.970 15654 15688 W System.err: 	at sun.nio.ch.DatagramChannelImpl.send(DatagramChannelImpl.java:550)
11-26 13:16:27.970 15654 15688 W System.err: 	at sun.nio.ch.DatagramChannelImpl.send(DatagramChannelImpl.java:514)
11-26 13:16:27.970 15654 15688 W System.err: 	at symlab.CloudAR.network.TransmissionTask.run(TransmissionTask.java:144)
11-26 13:16:27.970 15654 15688 W System.err: 	at android.os.Handler.handleCallback(Handler.java:907)
11-26 13:16:27.970 15654 15688 W System.err: 	at android.os.Handler.dispatchMessage(Handler.java:105)
11-26 13:16:27.970 15654 15688 W System.err: 	at android.os.Looper.loop(Looper.java:216)
11-26 13:16:27.970 15654 15688 W System.err: 	at android.os.HandlerThread.run(HandlerThread.java:65)
11-26 13:16:28.006 15654 15688 W System.err: java.net.SocketException: Message too long
11-26 13:16:28.006 15654 15688 W System.err: 	at sun.nio.ch.DatagramChannelImpl.send0(Native Method)
11-26 13:16:28.006 15654 15688 W System.err: 	at sun.nio.ch.DatagramChannelImpl.sendFromNativeBuffer(DatagramChannelImpl.java:573)
11-26 13:16:28.006 15654 15688 W System.err: 	at sun.nio.ch.DatagramChannelImpl.send(DatagramChannelImpl.java:550)
11-26 13:16:28.006 15654 15688 W System.err: 	at sun.nio.ch.DatagramChannelImpl.send(DatagramChannelImpl.java:514)
11-26 13:16:28.006 15654 15688 W System.err: 	at symlab.CloudAR.network.TransmissionTask.run(TransmissionTask.java:144)
11-26 13:16:28.007 15654 15688 W System.err: 	at android.os.Handler.handleCallback(Handler.java:907)
11-26 13:16:28.007 15654 15688 W System.err: 	at android.os.Handler.dispatchMessage(Handler.java:105)
11-26 13:16:28.007 15654 15688 W System.err: 	at android.os.Looper.loop(Looper.java:216)
11-26 13:16:28.007 15654 15688 W System.err: 	at android.os.HandlerThread.run(HandlerThread.java:65)
11-26 13:16:28.040 15654 15688 W System.err: java.net.SocketException: Message too long
11-26 13:16:28.040 15654 15688 W System.err: 	at sun.nio.ch.DatagramChannelImpl.send0(Native Method)
11-26 13:16:28.040 15654 15688 W System.err: 	at sun.nio.ch.DatagramChannelImpl.sendFromNativeBuffer(DatagramChannelImpl.java:573)
11-26 13:16:28.040 15654 15688 W System.err: 	at sun.nio.ch.DatagramChannelImpl.send(DatagramChannelImpl.java:550)
11-26 13:16:28.040 15654 15688 W System.err: 	at sun.nio.ch.DatagramChannelImpl.send(DatagramChannelImpl.java:514)
11-26 13:16:28.040 15654 15688 W System.err: 	at symlab.CloudAR.network.TransmissionTask.run(TransmissionTask.java:144)
11-26 13:16:28.040 15654 15688 W System.err: 	at android.os.Handler.handleCallback(Handler.java:907)
11-26 13:16:28.040 15654 15688 W System.err: 	at android.os.Handler.dispatchMessage(Handler.java:105)
11-26 13:16:28.040 15654 15688 W System.err: 	at android.os.Looper.loop(Looper.java:216)
11-26 13:16:28.041 15654 15688 W System.err: 	at android.os.HandlerThread.run(HandlerThread.java:65)
11-26 13:16:28.084 15654 15688 W System.err: java.net.SocketException: Message too long
11-26 13:16:28.084 15654 15688 W System.err: 	at sun.nio.ch.DatagramChannelImpl.send0(Native Method)
11-26 13:16:28.084 15654 15688 W System.err: 	at sun.nio.ch.DatagramChannelImpl.sendFromNativeBuffer(DatagramChannelImpl.java:573)
11-26 13:16:28.084 15654 15688 W System.err: 	at sun.nio.ch.DatagramChannelImpl.send(DatagramChannelImpl.java:550)
11-26 13:16:28.084 15654 15688 W System.err: 	at sun.nio.ch.DatagramChannelImpl.send(DatagramChannelImpl.java:514)
11-26 13:16:28.084 15654 15688 W System.err: 	at symlab.CloudAR.network.TransmissionTask.run(TransmissionTask.java:144)
11-26 13:16:28.084 15654 15688 W System.err: 	at android.os.Handler.handleCallback(Handler.java:907)
11-26 13:16:28.084 15654 15688 W System.err: 	at android.os.Handler.dispatchMessage(Handler.java:105)
11-26 13:16:28.084 15654 15688 W System.err: 	at android.os.Looper.loop(Looper.java:216)
11-26 13:16:28.084 15654 15688 W System.err: 	at android.os.HandlerThread.run(HandlerThread.java:65)
11-26 13:16:28.104 15654 15688 W System.err: java.net.SocketException: Message too long
11-26 13:16:28.104 15654 15688 W System.err: 	at sun.nio.ch.DatagramChannelImpl.send0(Native Method)
11-26 13:16:28.104 15654 15688 W System.err: 	at sun.nio.ch.DatagramChannelImpl.sendFromNativeBuffer(DatagramChannelImpl.java:573)
11-26 13:16:28.104 15654 15688 W System.err: 	at sun.nio.ch.DatagramChannelImpl.send(DatagramChannelImpl.java:550)
11-26 13:16:28.104 15654 15688 W System.err: 	at sun.nio.ch.DatagramChannelImpl.send(DatagramChannelImpl.java:514)
11-26 13:16:28.104 15654 15688 W System.err: 	at symlab.CloudAR.network.TransmissionTask.run(TransmissionTask.java:144)
11-26 13:16:28.104 15654 15688 W System.err: 	at android.os.Handler.handleCallback(Handler.java:907)
11-26 13:16:28.104 15654 15688 W System.err: 	at android.os.Handler.dispatchMessage(Handler.java:105)
11-26 13:16:28.104 15654 15688 W System.err: 	at android.os.Looper.loop(Looper.java:216)
11-26 13:16:28.104 15654 15688 W System.err: 	at android.os.HandlerThread.run(HandlerThread.java:65)
11-26 13:16:28.140 15654 15688 W System.err: java.net.SocketException: Message too long
11-26 13:16:28.140 15654 15688 W System.err: 	at sun.nio.ch.DatagramChannelImpl.send0(Native Method)
11-26 13:16:28.140 15654 15688 W System.err: 	at sun.nio.ch.DatagramChannelImpl.sendFromNativeBuffer(DatagramChannelImpl.java:573)
11-26 13:16:28.140 15654 15688 W System.err: 	at sun.nio.ch.DatagramChannelImpl.send(DatagramChannelImpl.java:550)
11-26 13:16:28.140 15654 15688 W System.err: 	at sun.nio.ch.DatagramChannelImpl.send(DatagramChannelImpl.java:514)
11-26 13:16:28.140 15654 15688 W System.err: 	at symlab.CloudAR.network.TransmissionTask.run(TransmissionTask.java:144)
11-26 13:16:28.140 15654 15688 W System.err: 	at android.os.Handler.handleCallback(Handler.java:907)
11-26 13:16:28.140 15654 15688 W System.err: 	at android.os.Handler.dispatchMessage(Handler.java:105)
11-26 13:16:28.140 15654 15688 W System.err: 	at android.os.Looper.loop(Looper.java:216)
11-26 13:16:28.140 15654 15688 W System.err: 	at android.os.HandlerThread.run(HandlerThread.java:65)
11-26 13:16:28.171 15654 15688 W System.err: java.net.SocketException: Message too long
11-26 13:16:28.171 15654 15688 W System.err: 	at sun.nio.ch.DatagramChannelImpl.send0(Native Method)
11-26 13:16:28.171 15654 15688 W System.err: 	at sun.nio.ch.DatagramChannelImpl.sendFromNativeBuffer(DatagramChannelImpl.java:573)
11-26 13:16:28.171 15654 15688 W System.err: 	at sun.nio.ch.DatagramChannelImpl.send(DatagramChannelImpl.java:550)
11-26 13:16:28.171 15654 15688 W System.err: 	at sun.nio.ch.DatagramChannelImpl.send(DatagramChannelImpl.java:514)
11-26 13:16:28.171 15654 15688 W System.err: 	at symlab.CloudAR.network.TransmissionTask.run(TransmissionTask.java:144)
11-26 13:16:28.171 15654 15688 W System.err: 	at android.os.Handler.handleCallback(Handler.java:907)
11-26 13:16:28.171 15654 15688 W System.err: 	at android.os.Handler.dispatchMessage(Handler.java:105)
11-26 13:16:28.172 15654 15688 W System.err: 	at android.os.Looper.loop(Looper.java:216)
11-26 13:16:28.172 15654 15688 W System.err: 	at android.os.HandlerThread.run(HandlerThread.java:65)
11-26 13:16:28.247 15654 15688 W System.err: java.net.SocketException: Message too long
11-26 13:16:28.247 15654 15688 W System.err: 	at sun.nio.ch.DatagramChannelImpl.send0(Native Method)
11-26 13:16:28.247 15654 15688 W System.err: 	at sun.nio.ch.DatagramChannelImpl.sendFromNativeBuffer(DatagramChannelImpl.java:573)
11-26 13:16:28.247 15654 15688 W System.err: 	at sun.nio.ch.DatagramChannelImpl.send(DatagramChannelImpl.java:550)
11-26 13:16:28.248 15654 15688 W System.err: 	at sun.nio.ch.DatagramChannelImpl.send(DatagramChannelImpl.java:514)
11-26 13:16:28.248 15654 15688 W System.err: 	at symlab.CloudAR.network.TransmissionTask.run(TransmissionTask.java:144)
11-26 13:16:28.248 15654 15688 W System.err: 	at android.os.Handler.handleCallback(Handler.java:907)
11-26 13:16:28.248 15654 15688 W System.err: 	at android.os.Handler.dispatchMessage(Handler.java:105)
11-26 13:16:28.248 15654 15688 W System.err: 	at android.os.Looper.loop(Looper.java:216)
11-26 13:16:28.248 15654 15688 W System.err: 	at android.os.HandlerThread.run(HandlerThread.java:65)
11-26 13:16:28.270 15654 15688 W System.err: java.net.SocketException: Message too long
11-26 13:16:28.270 15654 15688 W System.err: 	at sun.nio.ch.DatagramChannelImpl.send0(Native Method)
11-26 13:16:28.270 15654 15688 W System.err: 	at sun.nio.ch.DatagramChannelImpl.sendFromNativeBuffer(DatagramChannelImpl.java:573)
11-26 13:16:28.270 15654 15688 W System.err: 	at sun.nio.ch.DatagramChannelImpl.send(DatagramChannelImpl.java:550)
11-26 13:16:28.270 15654 15688 W System.err: 	at sun.nio.ch.DatagramChannelImpl.send(DatagramChannelImpl.java:514)
11-26 13:16:28.270 15654 15688 W System.err: 	at symlab.CloudAR.network.TransmissionTask.run(TransmissionTask.java:144)
11-26 13:16:28.270 15654 15688 W System.err: 	at android.os.Handler.handleCallback(Handler.java:907)
11-26 13:16:28.270 15654 15688 W System.err: 	at android.os.Handler.dispatchMessage(Handler.java:105)
11-26 13:16:28.270 15654 15688 W System.err: 	at android.os.Looper.loop(Looper.java:216)
11-26 13:16:28.270 15654 15688 W System.err: 	at android.os.HandlerThread.run(HandlerThread.java:65)
11-26 13:16:28.339 15654 15654 I AwareBitmapCacher: init lrucache size: 2097152 pid=15654
11-26 13:16:28.375 15654 15688 D Evaluation: 2 res for frame 127 received at 1574766988375
11-26 13:16:28.428 15654 15688 D Evaluation: 2 res for frame 128 received at 1574766988428
11-26 13:16:28.454 15654 15688 D Evaluation: 2 res for frame 129 received at 1574766988454
11-26 13:16:28.473 15654 15688 W System.err: java.net.SocketException: Message too long
11-26 13:16:28.473 15654 15688 W System.err: 	at sun.nio.ch.DatagramChannelImpl.send0(Native Method)
11-26 13:16:28.473 15654 15688 W System.err: 	at sun.nio.ch.DatagramChannelImpl.sendFromNativeBuffer(DatagramChannelImpl.java:573)
11-26 13:16:28.474 15654 15688 W System.err: 	at sun.nio.ch.DatagramChannelImpl.send(DatagramChannelImpl.java:550)
11-26 13:16:28.474 15654 15688 W System.err: 	at sun.nio.ch.DatagramChannelImpl.send(DatagramChannelImpl.java:514)
11-26 13:16:28.474 15654 15688 W System.err: 	at symlab.CloudAR.network.TransmissionTask.run(TransmissionTask.java:144)
11-26 13:16:28.474 15654 15688 W System.err: 	at android.os.Handler.handleCallback(Handler.java:907)
11-26 13:16:28.474 15654 15688 W System.err: 	at android.os.Handler.dispatchMessage(Handler.java:105)
11-26 13:16:28.474 15654 15688 W System.err: 	at android.os.Looper.loop(Looper.java:216)
11-26 13:16:28.474 15654 15688 W System.err: 	at android.os.HandlerThread.run(HandlerThread.java:65)
11-26 13:16:28.499 15654 15688 D Evaluation: 2 res for frame 131 received at 1574766988499
11-26 13:16:28.536 15654 15665 E         : [ZeroHung]zrhung_get_config: Get config failed for wp[0x0008]
11-26 13:16:28.537 15654 15688 W System.err: java.net.SocketException: Message too long
11-26 13:16:28.537 15654 15688 W System.err: 	at sun.nio.ch.DatagramChannelImpl.send0(Native Method)
11-26 13:16:28.537 15654 15688 W System.err: 	at sun.nio.ch.DatagramChannelImpl.sendFromNativeBuffer(DatagramChannelImpl.java:573)
11-26 13:16:28.537 15654 15688 W System.err: 	at sun.nio.ch.DatagramChannelImpl.send(DatagramChannelImpl.java:550)
11-26 13:16:28.537 15654 15688 W System.err: 	at sun.nio.ch.DatagramChannelImpl.send(DatagramChannelImpl.java:514)
11-26 13:16:28.537 15654 15688 W System.err: 	at symlab.CloudAR.network.TransmissionTask.run(TransmissionTask.java:144)
11-26 13:16:28.537 15654 15688 W System.err: 	at android.os.Handler.handleCallback(Handler.java:907)
11-26 13:16:28.537 15654 15688 W System.err: 	at android.os.Handler.dispatchMessage(Handler.java:105)
11-26 13:16:28.537 15654 15688 W System.err: 	at android.os.Looper.loop(Looper.java:216)
11-26 13:16:28.537 15654 15688 W System.err: 	at android.os.HandlerThread.run(HandlerThread.java:65)
11-26 13:16:28.538 15654 15688 D Evaluation: 2 res for frame 132 received at 1574766988538
11-26 13:16:28.564 15654 15663 W System  : A resource failed to call close. 
11-26 13:16:28.569 15654 15663 I chatty  : uid=10147(symlab.cloudridar.arhud) FinalizerDaemon identical 27 lines
11-26 13:16:28.569 15654 15663 W System  : A resource failed to call close. 
11-26 13:16:28.576 15654 15688 W System.err: java.net.SocketException: Message too long
11-26 13:16:28.576 15654 15688 W System.err: 	at sun.nio.ch.DatagramChannelImpl.send0(Native Method)
11-26 13:16:28.576 15654 15688 W System.err: 	at sun.nio.ch.DatagramChannelImpl.sendFromNativeBuffer(DatagramChannelImpl.java:573)
11-26 13:16:28.576 15654 15688 W System.err: 	at sun.nio.ch.DatagramChannelImpl.send(DatagramChannelImpl.java:550)
11-26 13:16:28.576 15654 15688 W System.err: 	at sun.nio.ch.DatagramChannelImpl.send(DatagramChannelImpl.java:514)
11-26 13:16:28.576 15654 15688 W System.err: 	at symlab.CloudAR.network.TransmissionTask.run(TransmissionTask.java:144)
11-26 13:16:28.576 15654 15688 W System.err: 	at android.os.Handler.handleCallback(Handler.java:907)
11-26 13:16:28.576 15654 15688 W System.err: 	at android.os.Handler.dispatchMessage(Handler.java:105)
11-26 13:16:28.576 15654 15688 W System.err: 	at android.os.Looper.loop(Looper.java:216)
11-26 13:16:28.576 15654 15688 W System.err: 	at android.os.HandlerThread.run(HandlerThread.java:65)
11-26 13:16:28.577 15654 15688 D Evaluation: 2 res for frame 133 received at 1574766988577
11-26 13:16:28.605 15654 15688 W System.err: java.net.SocketException: Message too long
11-26 13:16:28.605 15654 15688 W System.err: 	at sun.nio.ch.DatagramChannelImpl.send0(Native Method)
11-26 13:16:28.605 15654 15688 W System.err: 	at sun.nio.ch.DatagramChannelImpl.sendFromNativeBuffer(DatagramChannelImpl.java:573)
11-26 13:16:28.605 15654 15688 W System.err: 	at sun.nio.ch.DatagramChannelImpl.send(DatagramChannelImpl.java:550)
11-26 13:16:28.605 15654 15688 W System.err: 	at sun.nio.ch.DatagramChannelImpl.send(DatagramChannelImpl.java:514)
11-26 13:16:28.605 15654 15688 W System.err: 	at symlab.CloudAR.network.TransmissionTask.run(TransmissionTask.java:144)
11-26 13:16:28.605 15654 15688 W System.err: 	at android.os.Handler.handleCallback(Handler.java:907)
11-26 13:16:28.605 15654 15688 W System.err: 	at android.os.Handler.dispatchMessage(Handler.java:105)
11-26 13:16:28.605 15654 15688 W System.err: 	at android.os.Looper.loop(Looper.java:216)
11-26 13:16:28.605 15654 15688 W System.err: 	at android.os.HandlerThread.run(HandlerThread.java:65)
11-26 13:16:28.710 15654 15688 W System.err: java.net.SocketException: Message too long
11-26 13:16:28.710 15654 15688 W System.err: 	at sun.nio.ch.DatagramChannelImpl.send0(Native Method)
11-26 13:16:28.710 15654 15688 W System.err: 	at sun.nio.ch.DatagramChannelImpl.sendFromNativeBuffer(DatagramChannelImpl.java:573)
11-26 13:16:28.710 15654 15688 W System.err: 	at sun.nio.ch.DatagramChannelImpl.send(DatagramChannelImpl.java:550)
11-26 13:16:28.710 15654 15688 W System.err: 	at sun.nio.ch.DatagramChannelImpl.send(DatagramChannelImpl.java:514)
11-26 13:16:28.710 15654 15688 W System.err: 	at symlab.CloudAR.network.TransmissionTask.run(TransmissionTask.java:144)
11-26 13:16:28.710 15654 15688 W System.err: 	at android.os.Handler.handleCallback(Handler.java:907)
11-26 13:16:28.710 15654 15688 W System.err: 	at android.os.Handler.dispatchMessage(Handler.java:105)
11-26 13:16:28.710 15654 15688 W System.err: 	at android.os.Looper.loop(Looper.java:216)
11-26 13:16:28.710 15654 15688 W System.err: 	at android.os.HandlerThread.run(HandlerThread.java:65)
11-26 13:16:28.746 15654 15688 W System.err: java.net.SocketException: Message too long
11-26 13:16:28.746 15654 15688 W System.err: 	at sun.nio.ch.DatagramChannelImpl.send0(Native Method)
11-26 13:16:28.746 15654 15688 W System.err: 	at sun.nio.ch.DatagramChannelImpl.sendFromNativeBuffer(DatagramChannelImpl.java:573)
11-26 13:16:28.746 15654 15688 W System.err: 	at sun.nio.ch.DatagramChannelImpl.send(DatagramChannelImpl.java:550)
11-26 13:16:28.746 15654 15688 W System.err: 	at sun.nio.ch.DatagramChannelImpl.send(DatagramChannelImpl.java:514)
11-26 13:16:28.746 15654 15688 W System.err: 	at symlab.CloudAR.network.TransmissionTask.run(TransmissionTask.java:144)
11-26 13:16:28.746 15654 15688 W System.err: 	at android.os.Handler.handleCallback(Handler.java:907)
11-26 13:16:28.746 15654 15688 W System.err: 	at android.os.Handler.dispatchMessage(Handler.java:105)
11-26 13:16:28.746 15654 15688 W System.err: 	at android.os.Looper.loop(Looper.java:216)
11-26 13:16:28.747 15654 15688 W System.err: 	at android.os.HandlerThread.run(HandlerThread.java:65)
11-26 13:16:28.749 15654 15688 D Evaluation: 2 res for frame 137 received at 1574766988749
11-26 13:16:28.784 15654 15688 W System.err: java.net.SocketException: Message too long
11-26 13:16:28.784 15654 15688 W System.err: 	at sun.nio.ch.DatagramChannelImpl.send0(Native Method)
11-26 13:16:28.784 15654 15688 W System.err: 	at sun.nio.ch.DatagramChannelImpl.sendFromNativeBuffer(DatagramChannelImpl.java:573)
11-26 13:16:28.784 15654 15688 W System.err: 	at sun.nio.ch.DatagramChannelImpl.send(DatagramChannelImpl.java:550)
11-26 13:16:28.784 15654 15688 W System.err: 	at sun.nio.ch.DatagramChannelImpl.send(DatagramChannelImpl.java:514)
11-26 13:16:28.784 15654 15688 W System.err: 	at symlab.CloudAR.network.TransmissionTask.run(TransmissionTask.java:144)
11-26 13:16:28.785 15654 15688 W System.err: 	at android.os.Handler.handleCallback(Handler.java:907)
11-26 13:16:28.785 15654 15688 W System.err: 	at android.os.Handler.dispatchMessage(Handler.java:105)
11-26 13:16:28.785 15654 15688 W System.err: 	at android.os.Looper.loop(Looper.java:216)
11-26 13:16:28.785 15654 15688 W System.err: 	at android.os.HandlerThread.run(HandlerThread.java:65)
11-26 13:16:28.786 15654 15688 D Evaluation: 2 res for frame 138 received at 1574766988786
11-26 13:16:28.816 15654 15688 W System.err: java.net.SocketException: Message too long
11-26 13:16:28.816 15654 15688 W System.err: 	at sun.nio.ch.DatagramChannelImpl.send0(Native Method)
11-26 13:16:28.816 15654 15688 W System.err: 	at sun.nio.ch.DatagramChannelImpl.sendFromNativeBuffer(DatagramChannelImpl.java:573)
11-26 13:16:28.816 15654 15688 W System.err: 	at sun.nio.ch.DatagramChannelImpl.send(DatagramChannelImpl.java:550)
11-26 13:16:28.816 15654 15688 W System.err: 	at sun.nio.ch.DatagramChannelImpl.send(DatagramChannelImpl.java:514)
11-26 13:16:28.816 15654 15688 W System.err: 	at symlab.CloudAR.network.TransmissionTask.run(TransmissionTask.java:144)
11-26 13:16:28.816 15654 15688 W System.err: 	at android.os.Handler.handleCallback(Handler.java:907)
11-26 13:16:28.816 15654 15688 W System.err: 	at android.os.Handler.dispatchMessage(Handler.java:105)
11-26 13:16:28.816 15654 15688 W System.err: 	at android.os.Looper.loop(Looper.java:216)
11-26 13:16:28.816 15654 15688 W System.err: 	at android.os.HandlerThread.run(HandlerThread.java:65)
11-26 13:16:28.843 15654 15688 W System.err: java.net.SocketException: Message too long
11-26 13:16:28.843 15654 15688 W System.err: 	at sun.nio.ch.DatagramChannelImpl.send0(Native Method)
11-26 13:16:28.843 15654 15688 W System.err: 	at sun.nio.ch.DatagramChannelImpl.sendFromNativeBuffer(DatagramChannelImpl.java:573)
11-26 13:16:28.843 15654 15688 W System.err: 	at sun.nio.ch.DatagramChannelImpl.send(DatagramChannelImpl.java:550)
11-26 13:16:28.843 15654 15688 W System.err: 	at sun.nio.ch.DatagramChannelImpl.send(DatagramChannelImpl.java:514)
11-26 13:16:28.843 15654 15688 W System.err: 	at symlab.CloudAR.network.TransmissionTask.run(TransmissionTask.java:144)
11-26 13:16:28.843 15654 15688 W System.err: 	at android.os.Handler.handleCallback(Handler.java:907)
11-26 13:16:28.843 15654 15688 W System.err: 	at android.os.Handler.dispatchMessage(Handler.java:105)
11-26 13:16:28.843 15654 15688 W System.err: 	at android.os.Looper.loop(Looper.java:216)
11-26 13:16:28.843 15654 15688 W System.err: 	at android.os.HandlerThread.run(HandlerThread.java:65)
11-26 13:16:28.878 15654 15688 W System.err: java.net.SocketException: Message too long
11-26 13:16:28.878 15654 15688 W System.err: 	at sun.nio.ch.DatagramChannelImpl.send0(Native Method)
11-26 13:16:28.878 15654 15688 W System.err: 	at sun.nio.ch.DatagramChannelImpl.sendFromNativeBuffer(DatagramChannelImpl.java:573)
11-26 13:16:28.878 15654 15688 W System.err: 	at sun.nio.ch.DatagramChannelImpl.send(DatagramChannelImpl.java:550)
11-26 13:16:28.878 15654 15688 W System.err: 	at sun.nio.ch.DatagramChannelImpl.send(DatagramChannelImpl.java:514)
11-26 13:16:28.878 15654 15688 W System.err: 	at symlab.CloudAR.network.TransmissionTask.run(TransmissionTask.java:144)
11-26 13:16:28.878 15654 15688 W System.err: 	at android.os.Handler.handleCallback(Handler.java:907)
11-26 13:16:28.878 15654 15688 W System.err: 	at android.os.Handler.dispatchMessage(Handler.java:105)
11-26 13:16:28.878 15654 15688 W System.err: 	at android.os.Looper.loop(Looper.java:216)
11-26 13:16:28.878 15654 15688 W System.err: 	at android.os.HandlerThread.run(HandlerThread.java:65)
11-26 13:16:29.014 15654 15688 W System.err: java.net.SocketException: Message too long
11-26 13:16:29.014 15654 15688 W System.err: 	at sun.nio.ch.DatagramChannelImpl.send0(Native Method)
11-26 13:16:29.014 15654 15688 W System.err: 	at sun.nio.ch.DatagramChannelImpl.sendFromNativeBuffer(DatagramChannelImpl.java:573)
11-26 13:16:29.014 15654 15688 W System.err: 	at sun.nio.ch.DatagramChannelImpl.send(DatagramChannelImpl.java:550)
11-26 13:16:29.014 15654 15688 W System.err: 	at sun.nio.ch.DatagramChannelImpl.send(DatagramChannelImpl.java:514)
11-26 13:16:29.014 15654 15688 W System.err: 	at symlab.CloudAR.network.TransmissionTask.run(TransmissionTask.java:144)
11-26 13:16:29.014 15654 15688 W System.err: 	at android.os.Handler.handleCallback(Handler.java:907)
11-26 13:16:29.014 15654 15688 W System.err: 	at android.os.Handler.dispatchMessage(Handler.java:105)
11-26 13:16:29.014 15654 15688 W System.err: 	at android.os.Looper.loop(Looper.java:216)
11-26 13:16:29.014 15654 15688 W System.err: 	at android.os.HandlerThread.run(HandlerThread.java:65)
11-26 13:16:29.015 15654 15688 D Evaluation: 2 res for frame 145 received at 1574766989015
11-26 13:16:29.044 15654 15688 W System.err: java.net.SocketException: Message too long
11-26 13:16:29.044 15654 15688 W System.err: 	at sun.nio.ch.DatagramChannelImpl.send0(Native Method)
11-26 13:16:29.044 15654 15688 W System.err: 	at sun.nio.ch.DatagramChannelImpl.sendFromNativeBuffer(DatagramChannelImpl.java:573)
11-26 13:16:29.045 15654 15688 W System.err: 	at sun.nio.ch.DatagramChannelImpl.send(DatagramChannelImpl.java:550)
11-26 13:16:29.045 15654 15688 W System.err: 	at sun.nio.ch.DatagramChannelImpl.send(DatagramChannelImpl.java:514)
11-26 13:16:29.045 15654 15688 W System.err: 	at symlab.CloudAR.network.TransmissionTask.run(TransmissionTask.java:144)
11-26 13:16:29.045 15654 15688 W System.err: 	at android.os.Handler.handleCallback(Handler.java:907)
11-26 13:16:29.045 15654 15688 W System.err: 	at android.os.Handler.dispatchMessage(Handler.java:105)
11-26 13:16:29.045 15654 15688 W System.err: 	at android.os.Looper.loop(Looper.java:216)
11-26 13:16:29.045 15654 15688 W System.err: 	at android.os.HandlerThread.run(HandlerThread.java:65)
11-26 13:16:29.046 15654 15688 D Evaluation: 2 res for frame 146 received at 1574766989046
11-26 13:16:29.086 15654 15688 D Evaluation: 2 res for frame 147 received at 1574766989086
11-26 13:16:29.121 15654 15688 W System.err: java.net.SocketException: Message too long
11-26 13:16:29.122 15654 15688 W System.err: 	at sun.nio.ch.DatagramChannelImpl.send0(Native Method)
11-26 13:16:29.122 15654 15688 W System.err: 	at sun.nio.ch.DatagramChannelImpl.sendFromNativeBuffer(DatagramChannelImpl.java:573)
11-26 13:16:29.122 15654 15688 W System.err: 	at sun.nio.ch.DatagramChannelImpl.send(DatagramChannelImpl.java:550)
11-26 13:16:29.122 15654 15688 W System.err: 	at sun.nio.ch.DatagramChannelImpl.send(DatagramChannelImpl.java:514)
11-26 13:16:29.122 15654 15688 W System.err: 	at symlab.CloudAR.network.TransmissionTask.run(TransmissionTask.java:144)
11-26 13:16:29.122 15654 15688 W System.err: 	at android.os.Handler.handleCallback(Handler.java:907)
11-26 13:16:29.122 15654 15688 W System.err: 	at android.os.Handler.dispatchMessage(Handler.java:105)
11-26 13:16:29.122 15654 15688 W System.err: 	at android.os.Looper.loop(Looper.java:216)
11-26 13:16:29.122 15654 15688 W System.err: 	at android.os.HandlerThread.run(HandlerThread.java:65)
11-26 13:16:29.149 15654 15688 W System.err: java.net.SocketException: Message too long
11-26 13:16:29.149 15654 15688 W System.err: 	at sun.nio.ch.DatagramChannelImpl.send0(Native Method)
11-26 13:16:29.149 15654 15688 W System.err: 	at sun.nio.ch.DatagramChannelImpl.sendFromNativeBuffer(DatagramChannelImpl.java:573)
11-26 13:16:29.149 15654 15688 W System.err: 	at sun.nio.ch.DatagramChannelImpl.send(DatagramChannelImpl.java:550)
11-26 13:16:29.149 15654 15688 W System.err: 	at sun.nio.ch.DatagramChannelImpl.send(DatagramChannelImpl.java:514)
11-26 13:16:29.149 15654 15688 W System.err: 	at symlab.CloudAR.network.TransmissionTask.run(TransmissionTask.java:144)
11-26 13:16:29.149 15654 15688 W System.err: 	at android.os.Handler.handleCallback(Handler.java:907)
11-26 13:16:29.149 15654 15688 W System.err: 	at android.os.Handler.dispatchMessage(Handler.java:105)
11-26 13:16:29.149 15654 15688 W System.err: 	at android.os.Looper.loop(Looper.java:216)
11-26 13:16:29.149 15654 15688 W System.err: 	at android.os.HandlerThread.run(HandlerThread.java:65)
11-26 13:16:29.190 15654 15688 D Evaluation: 2 res for frame 150 received at 1574766989190
11-26 13:16:29.262 15654 15688 D Evaluation: 2 res for frame 153 received at 1574766989262
11-26 13:16:29.294 15654 15688 D Evaluation: 2 res for frame 154 received at 1574766989294
11-26 13:16:29.322 15654 15688 D Evaluation: 2 res for frame 155 received at 1574766989322
11-26 13:16:29.358 15654 15688 D Evaluation: 2 res for frame 156 received at 1574766989358
11-26 13:16:29.388 15654 15665 E         : [ZeroHung]zrhung_get_config: Get config failed for wp[0x0008]
11-26 13:16:29.390 15654 15688 D Evaluation: 2 res for frame 157 received at 1574766989390
11-26 13:16:29.416 15654 15688 D Evaluation: 2 res for frame 158 received at 1574766989416
11-26 13:16:29.424 15654 15663 W System  : A resource failed to call close. 
11-26 13:16:29.425 15654 15663 W System  : A resource failed to call close. 
11-26 13:16:29.426 15654 15663 I chatty  : uid=10147(symlab.cloudridar.arhud) FinalizerDaemon identical 16 lines
11-26 13:16:29.427 15654 15663 W System  : A resource failed to call close. 
11-26 13:16:29.427 15654 15663 W System  : A resource failed to call close. 
11-26 13:16:29.428 15654 15663 I chatty  : uid=10147(symlab.cloudridar.arhud) FinalizerDaemon identical 17 lines
11-26 13:16:29.428 15654 15663 W System  : A resource failed to call close. 
11-26 13:16:29.458 15654 15688 D Evaluation: 2 res for frame 159 received at 1574766989458
11-26 13:16:29.497 15654 15688 D Evaluation: 2 res for frame 160 received at 1574766989497
11-26 13:16:29.525 15654 15688 D Evaluation: 2 res for frame 161 received at 1574766989525
11-26 13:16:29.544 15654 15688 D Evaluation: 2 res for frame 162 received at 1574766989544
11-26 13:16:29.578 15654 15688 D Evaluation: 2 res for frame 164 received at 1574766989578
11-26 13:16:29.617 15654 15688 D Evaluation: 2 res for frame 164 received at 1574766989617
11-26 13:16:29.682 15654 15688 D Evaluation: 2 res for frame 165 received at 1574766989682
11-26 13:16:29.706 15654 15688 D Evaluation: 2 res for frame 166 received at 1574766989706
11-26 13:16:29.729 15654 15688 D Evaluation: 3 res for frame 168 received at 1574766989729
11-26 13:16:29.760 15654 15688 D Evaluation: 3 res for frame 169 received at 1574766989760
11-26 13:16:29.792 15654 15688 D Evaluation: 2 res for frame 169 received at 1574766989792
11-26 13:16:29.832 15654 15688 D Evaluation: 2 res for frame 170 received at 1574766989832
11-26 13:16:29.855 15654 15688 D Evaluation: 3 res for frame 171 received at 1574766989855
11-26 13:16:29.885 15654 15688 D Evaluation: 3 res for frame 173 received at 1574766989885
11-26 13:16:29.954 15654 15688 D Evaluation: 3 res for frame 173 received at 1574766989954
11-26 13:16:30.006 15654 15688 D Evaluation: 3 res for frame 174 received at 1574766990006
11-26 13:16:30.031 15654 15688 D Evaluation: 2 res for frame 175 received at 1574766990031
11-26 13:16:30.089 15654 15688 D Evaluation: 2 res for frame 176 received at 1574766990089
11-26 13:16:30.112 15654 15688 D Evaluation: 3 res for frame 177 received at 1574766990112
11-26 13:16:30.156 15654 15688 D Evaluation: 3 res for frame 178 received at 1574766990156
11-26 13:16:30.242 15654 15688 D Evaluation: 3 res for frame 179 received at 1574766990242
11-26 13:16:30.266 15654 15688 D Evaluation: 3 res for frame 180 received at 1574766990266
11-26 13:16:30.287 15654 15688 D Evaluation: 3 res for frame 181 received at 1574766990287
11-26 13:16:30.323 15654 15665 E         : [ZeroHung]zrhung_get_config: Get config failed for wp[0x0008]
11-26 13:16:30.324 15654 15688 D Evaluation: 3 res for frame 183 received at 1574766990324
11-26 13:16:30.350 15654 15663 W System  : A resource failed to call close. 
11-26 13:16:30.357 15654 15663 I chatty  : uid=10147(symlab.cloudridar.arhud) FinalizerDaemon identical 23 lines
11-26 13:16:30.358 15654 15663 W System  : A resource failed to call close. 
11-26 13:16:30.358 15654 15663 W System  : A resource failed to call close. 
11-26 13:16:30.358 15654 15663 W System  : A resource failed to call close. 
11-26 13:16:30.358 15654 15663 W System  : A resource failed to call close. 
11-26 13:16:30.360 15654 15663 W System  : A resource failed to call close. 
11-26 13:16:30.360 15654 15663 W System  : A resource failed to call close. 
11-26 13:16:30.361 15654 15663 W System  : A resource failed to call close. 
11-26 13:16:30.364 15654 15663 I chatty  : uid=10147(symlab.cloudridar.arhud) FinalizerDaemon identical 4 lines
11-26 13:16:30.364 15654 15663 W System  : A resource failed to call close. 
11-26 13:16:30.364 15654 15663 W System  : A resource failed to call close. 
11-26 13:16:30.365 15654 15663 I chatty  : uid=10147(symlab.cloudridar.arhud) FinalizerDaemon identical 2 lines
11-26 13:16:30.365 15654 15663 W System  : A resource failed to call close. 
11-26 13:16:30.365 15654 15663 W System  : A resource failed to call close. 
11-26 13:16:30.365 15654 15663 I chatty  : uid=10147(symlab.cloudridar.arhud) FinalizerDaemon identical 1 line
11-26 13:16:30.366 15654 15663 W System  : A resource failed to call close. 
11-26 13:16:30.366 15654 15663 W System  : A resource failed to call close. 
11-26 13:16:30.367 15654 15663 I chatty  : uid=10147(symlab.cloudridar.arhud) FinalizerDaemon identical 6 lines
11-26 13:16:30.367 15654 15663 W System  : A resource failed to call close. 
11-26 13:16:30.393 15654 15688 D Evaluation: 3 res for frame 183 received at 1574766990393
11-26 13:16:30.417 15654 15688 D Evaluation: 2 res for frame 184 received at 1574766990417
11-26 13:16:30.461 15654 15688 D Evaluation: 2 res for frame 185 received at 1574766990461
11-26 13:16:30.498 15654 15688 D Evaluation: 2 res for frame 186 received at 1574766990498
11-26 13:16:30.525 15654 15688 D Evaluation: 2 res for frame 187 received at 1574766990525
11-26 13:16:30.556 15654 15688 D Evaluation: 2 res for frame 188 received at 1574766990556
11-26 13:16:30.602 15654 15688 D Evaluation: 2 res for frame 189 received at 1574766990602
11-26 13:16:30.681 15654 15688 D Evaluation: 2 res for frame 190 received at 1574766990681
11-26 13:16:30.706 15654 15688 D Evaluation: 3 res for frame 191 received at 1574766990706
11-26 13:16:30.729 15654 15688 D Evaluation: 3 res for frame 192 received at 1574766990729
11-26 13:16:30.850 15654 15688 D Evaluation: 3 res for frame 194 received at 1574766990850
11-26 13:16:30.876 15654 15688 D Evaluation: 3 res for frame 194 received at 1574766990876
11-26 13:16:30.901 15654 15688 D Evaluation: 2 res for frame 195 received at 1574766990901
11-26 13:16:30.930 15654 15688 D Evaluation: 2 res for frame 196 received at 1574766990930
11-26 13:16:30.960 15654 15688 D Evaluation: 2 res for frame 197 received at 1574766990960
11-26 13:16:30.999 15654 15688 D Evaluation: 2 res for frame 199 received at 1574766990999
11-26 13:16:31.036 15654 15688 D Evaluation: 2 res for frame 199 received at 1574766991036
11-26 13:16:31.070 15654 15688 D Evaluation: 2 res for frame 200 received at 1574766991070
11-26 13:16:31.100 15654 15688 D Evaluation: 2 res for frame 201 received at 1574766991100
11-26 13:16:31.130 15654 15688 D Evaluation: 2 res for frame 202 received at 1574766991130
11-26 13:16:31.166 15654 15688 D Evaluation: 2 res for frame 203 received at 1574766991166
11-26 13:16:31.200 15654 15688 D Evaluation: 2 res for frame 204 received at 1574766991200
11-26 13:16:31.220 15654 15688 D Evaluation: 2 res for frame 205 received at 1574766991220
11-26 13:16:31.262 15654 15665 E         : [ZeroHung]zrhung_get_config: Get config failed for wp[0x0008]
11-26 13:16:31.263 15654 15688 D Evaluation: 2 res for frame 206 received at 1574766991263
11-26 13:16:31.291 15654 15663 W System  : A resource failed to call close. 
11-26 13:16:31.294 15654 15663 I chatty  : uid=10147(symlab.cloudridar.arhud) FinalizerDaemon identical 39 lines
11-26 13:16:31.294 15654 15663 W System  : A resource failed to call close. 
11-26 13:16:31.294 15654 15688 D Evaluation: 3 res for frame 207 received at 1574766991294
11-26 13:16:31.294 15654 15663 W System  : A resource failed to call close. 
11-26 13:16:31.294 15654 15663 I chatty  : uid=10147(symlab.cloudridar.arhud) FinalizerDaemon identical 6 lines
11-26 13:16:31.294 15654 15663 W System  : A resource failed to call close. 
11-26 13:16:31.335 15654 15688 D Evaluation: 2 res for frame 208 received at 1574766991335
11-26 13:16:31.370 15654 15688 D Evaluation: 2 res for frame 209 received at 1574766991370
11-26 13:16:31.397 15654 15688 D Evaluation: 2 res for frame 210 received at 1574766991397
11-26 13:16:31.439 15654 15688 D Evaluation: 2 res for frame 211 received at 1574766991439
11-26 13:16:31.465 15654 15688 D Evaluation: 2 res for frame 212 received at 1574766991465
11-26 13:16:31.497 15654 15688 D Evaluation: 2 res for frame 213 received at 1574766991497
11-26 13:16:31.542 15654 15688 D Evaluation: 2 res for frame 214 received at 1574766991542
11-26 13:16:31.571 15654 15688 D Evaluation: 2 res for frame 215 received at 1574766991571
11-26 13:16:31.605 15654 15688 D Evaluation: 2 res for frame 216 received at 1574766991605
11-26 13:16:31.638 15654 15688 D Evaluation: 2 res for frame 217 received at 1574766991638
11-26 13:16:31.665 15654 15688 D Evaluation: 2 res for frame 218 received at 1574766991665
11-26 13:16:31.698 15654 15688 D Evaluation: 2 res for frame 219 received at 1574766991698
11-26 13:16:31.728 15654 15688 D Evaluation: 2 res for frame 220 received at 1574766991728
11-26 13:16:31.776 15654 15688 D Evaluation: 2 res for frame 221 received at 1574766991776
11-26 13:16:31.813 15654 15688 D Evaluation: 3 res for frame 222 received at 1574766991813
11-26 13:16:31.839 15654 15688 D Evaluation: 2 res for frame 223 received at 1574766991839
11-26 13:16:31.875 15654 15688 D Evaluation: 2 res for frame 224 received at 1574766991875
11-26 13:16:31.899 15654 15688 D Evaluation: 3 res for frame 225 received at 1574766991899
11-26 13:16:31.946 15654 15688 D Evaluation: 3 res for frame 226 received at 1574766991946
11-26 13:16:32.004 15654 15688 D Evaluation: 3 res for frame 227 received at 1574766992004
11-26 13:16:32.051 15654 15688 D Evaluation: 2 res for frame 228 received at 1574766992051
11-26 13:16:32.071 15654 15688 D Evaluation: 2 res for frame 229 received at 1574766992071
11-26 13:16:32.104 15654 15665 E         : [ZeroHung]zrhung_get_config: Get config failed for wp[0x0008]
11-26 13:16:32.107 15654 15688 D Evaluation: 2 res for frame 230 received at 1574766992107
11-26 13:16:32.145 15654 15663 W System  : A resource failed to call close. 
11-26 13:16:32.146 15654 15663 I chatty  : uid=10147(symlab.cloudridar.arhud) FinalizerDaemon identical 14 lines
11-26 13:16:32.146 15654 15663 W System  : A resource failed to call close. 
11-26 13:16:32.146 15654 15688 D Evaluation: 2 res for frame 231 received at 1574766992146
11-26 13:16:32.146 15654 15663 W System  : A resource failed to call close. 
11-26 13:16:32.148 15654 15663 I chatty  : uid=10147(symlab.cloudridar.arhud) FinalizerDaemon identical 29 lines
11-26 13:16:32.148 15654 15663 W System  : A resource failed to call close. 
11-26 13:16:32.169 15654 15688 D Evaluation: 2 res for frame 232 received at 1574766992169
11-26 13:16:32.210 15654 15688 D Evaluation: 2 res for frame 233 received at 1574766992210
11-26 13:16:32.231 15654 15688 D Evaluation: 2 res for frame 234 received at 1574766992231
11-26 13:16:32.281 15654 15688 D Evaluation: 2 res for frame 235 received at 1574766992281
11-26 13:16:32.314 15654 15688 D Evaluation: 2 res for frame 236 received at 1574766992314
