11-26 12:07:36.232 14936 14972 W System.err: 	at android.os.Handler.dispatchMessage(Handler.java:105)
11-26 12:07:36.232 14936 14972 W System.err: 	at android.os.Looper.loop(Looper.java:216)
11-26 12:07:36.232 14936 14972 W System.err: 	at android.os.HandlerThread.run(HandlerThread.java:65)
11-26 12:07:36.271 14936 14972 W System.err: java.net.SocketException: Message too long
11-26 12:07:36.271 14936 14972 W System.err: 	at sun.nio.ch.DatagramChannelImpl.send0(Native Method)
11-26 12:07:36.271 14936 14972 W System.err: 	at sun.nio.ch.DatagramChannelImpl.sendFromNativeBuffer(DatagramChannelImpl.java:573)
11-26 12:07:36.271 14936 14972 W System.err: 	at sun.nio.ch.DatagramChannelImpl.send(DatagramChannelImpl.java:550)
11-26 12:07:36.271 14936 14972 W System.err: 	at sun.nio.ch.DatagramChannelImpl.send(DatagramChannelImpl.java:514)
11-26 12:07:36.271 14936 14972 W System.err: 	at symlab.CloudAR.network.TransmissionTask.run(TransmissionTask.java:133)
11-26 12:07:36.271 14936 14972 W System.err: 	at android.os.Handler.handleCallback(Handler.java:907)
11-26 12:07:36.271 14936 14972 W System.err: 	at android.os.Handler.dispatchMessage(Handler.java:105)
11-26 12:07:36.271 14936 14972 W System.err: 	at android.os.Looper.loop(Looper.java:216)
11-26 12:07:36.271 14936 14972 W System.err: 	at android.os.HandlerThread.run(HandlerThread.java:65)
11-26 12:07:36.294 14936 14972 W System.err: java.net.SocketException: Message too long
11-26 12:07:36.295 14936 14972 W System.err: 	at sun.nio.ch.DatagramChannelImpl.send0(Native Method)
11-26 12:07:36.295 14936 14972 W System.err: 	at sun.nio.ch.DatagramChannelImpl.sendFromNativeBuffer(DatagramChannelImpl.java:573)
11-26 12:07:36.295 14936 14972 W System.err: 	at sun.nio.ch.DatagramChannelImpl.send(DatagramChannelImpl.java:550)
11-26 12:07:36.295 14936 14972 W System.err: 	at sun.nio.ch.DatagramChannelImpl.send(DatagramChannelImpl.java:514)
11-26 12:07:36.295 14936 14972 W System.err: 	at symlab.CloudAR.network.TransmissionTask.run(TransmissionTask.java:133)
11-26 12:07:36.295 14936 14972 W System.err: 	at android.os.Handler.handleCallback(Handler.java:907)
11-26 12:07:36.295 14936 14972 W System.err: 	at android.os.Handler.dispatchMessage(Handler.java:105)
11-26 12:07:36.295 14936 14972 W System.err: 	at android.os.Looper.loop(Looper.java:216)
11-26 12:07:36.295 14936 14972 W System.err: 	at android.os.HandlerThread.run(HandlerThread.java:65)
11-26 12:07:36.339 14936 14972 W System.err: java.net.SocketException: Message too long
11-26 12:07:36.339 14936 14972 W System.err: 	at sun.nio.ch.DatagramChannelImpl.send0(Native Method)
11-26 12:07:36.339 14936 14972 W System.err: 	at sun.nio.ch.DatagramChannelImpl.sendFromNativeBuffer(DatagramChannelImpl.java:573)
11-26 12:07:36.339 14936 14972 W System.err: 	at sun.nio.ch.DatagramChannelImpl.send(DatagramChannelImpl.java:550)
11-26 12:07:36.339 14936 14972 W System.err: 	at sun.nio.ch.DatagramChannelImpl.send(DatagramChannelImpl.java:514)
11-26 12:07:36.339 14936 14972 W System.err: 	at symlab.CloudAR.network.TransmissionTask.run(TransmissionTask.java:133)
11-26 12:07:36.340 14936 14972 W System.err: 	at android.os.Handler.handleCallback(Handler.java:907)
11-26 12:07:36.340 14936 14972 W System.err: 	at android.os.Handler.dispatchMessage(Handler.java:105)
11-26 12:07:36.340 14936 14972 W System.err: 	at android.os.Looper.loop(Looper.java:216)
11-26 12:07:36.340 14936 14972 W System.err: 	at android.os.HandlerThread.run(HandlerThread.java:65)
11-26 12:07:36.374 14936 14972 W System.err: java.net.SocketException: Message too long
11-26 12:07:36.374 14936 14972 W System.err: 	at sun.nio.ch.DatagramChannelImpl.send0(Native Method)
11-26 12:07:36.374 14936 14972 W System.err: 	at sun.nio.ch.DatagramChannelImpl.sendFromNativeBuffer(DatagramChannelImpl.java:573)
11-26 12:07:36.374 14936 14972 W System.err: 	at sun.nio.ch.DatagramChannelImpl.send(DatagramChannelImpl.java:550)
11-26 12:07:36.374 14936 14972 W System.err: 	at sun.nio.ch.DatagramChannelImpl.send(DatagramChannelImpl.java:514)
11-26 12:07:36.374 14936 14972 W System.err: 	at symlab.CloudAR.network.TransmissionTask.run(TransmissionTask.java:133)
11-26 12:07:36.374 14936 14972 W System.err: 	at android.os.Handler.handleCallback(Handler.java:907)
11-26 12:07:36.374 14936 14972 W System.err: 	at android.os.Handler.dispatchMessage(Handler.java:105)
11-26 12:07:36.374 14936 14972 W System.err: 	at android.os.Looper.loop(Looper.java:216)
11-26 12:07:36.374 14936 14972 W System.err: 	at android.os.HandlerThread.run(HandlerThread.java:65)
11-26 12:07:36.407 14936 14972 W System.err: java.net.SocketException: Message too long
11-26 12:07:36.407 14936 14972 W System.err: 	at sun.nio.ch.DatagramChannelImpl.send0(Native Method)
11-26 12:07:36.407 14936 14972 W System.err: 	at sun.nio.ch.DatagramChannelImpl.sendFromNativeBuffer(DatagramChannelImpl.java:573)
11-26 12:07:36.407 14936 14972 W System.err: 	at sun.nio.ch.DatagramChannelImpl.send(DatagramChannelImpl.java:550)
11-26 12:07:36.407 14936 14972 W System.err: 	at sun.nio.ch.DatagramChannelImpl.send(DatagramChannelImpl.java:514)
11-26 12:07:36.407 14936 14972 W System.err: 	at symlab.CloudAR.network.TransmissionTask.run(TransmissionTask.java:133)
11-26 12:07:36.407 14936 14972 W System.err: 	at android.os.Handler.handleCallback(Handler.java:907)
11-26 12:07:36.407 14936 14972 W System.err: 	at android.os.Handler.dispatchMessage(Handler.java:105)
11-26 12:07:36.407 14936 14972 W System.err: 	at android.os.Looper.loop(Looper.java:216)
11-26 12:07:36.407 14936 14972 W System.err: 	at android.os.HandlerThread.run(HandlerThread.java:65)
11-26 12:07:36.439 14936 14972 W System.err: java.net.SocketException: Message too long
11-26 12:07:36.439 14936 14972 W System.err: 	at sun.nio.ch.DatagramChannelImpl.send0(Native Method)
11-26 12:07:36.439 14936 14972 W System.err: 	at sun.nio.ch.DatagramChannelImpl.sendFromNativeBuffer(DatagramChannelImpl.java:573)
11-26 12:07:36.439 14936 14972 W System.err: 	at sun.nio.ch.DatagramChannelImpl.send(DatagramChannelImpl.java:550)
11-26 12:07:36.439 14936 14972 W System.err: 	at sun.nio.ch.DatagramChannelImpl.send(DatagramChannelImpl.java:514)
11-26 12:07:36.439 14936 14972 W System.err: 	at symlab.CloudAR.network.TransmissionTask.run(TransmissionTask.java:133)
11-26 12:07:36.439 14936 14972 W System.err: 	at android.os.Handler.handleCallback(Handler.java:907)
11-26 12:07:36.439 14936 14972 W System.err: 	at android.os.Handler.dispatchMessage(Handler.java:105)
11-26 12:07:36.439 14936 14972 W System.err: 	at android.os.Looper.loop(Looper.java:216)
11-26 12:07:36.439 14936 14972 W System.err: 	at android.os.HandlerThread.run(HandlerThread.java:65)
11-26 12:07:36.477 14936 14972 W System.err: java.net.SocketException: Message too long
11-26 12:07:36.477 14936 14972 W System.err: 	at sun.nio.ch.DatagramChannelImpl.send0(Native Method)
11-26 12:07:36.477 14936 14972 W System.err: 	at sun.nio.ch.DatagramChannelImpl.sendFromNativeBuffer(DatagramChannelImpl.java:573)
11-26 12:07:36.477 14936 14972 W System.err: 	at sun.nio.ch.DatagramChannelImpl.send(DatagramChannelImpl.java:550)
11-26 12:07:36.477 14936 14972 W System.err: 	at sun.nio.ch.DatagramChannelImpl.send(DatagramChannelImpl.java:514)
11-26 12:07:36.477 14936 14972 W System.err: 	at symlab.CloudAR.network.TransmissionTask.run(TransmissionTask.java:133)
11-26 12:07:36.477 14936 14972 W System.err: 	at android.os.Handler.handleCallback(Handler.java:907)
11-26 12:07:36.477 14936 14972 W System.err: 	at android.os.Handler.dispatchMessage(Handler.java:105)
11-26 12:07:36.477 14936 14972 W System.err: 	at android.os.Looper.loop(Looper.java:216)
11-26 12:07:36.477 14936 14972 W System.err: 	at android.os.HandlerThread.run(HandlerThread.java:65)
11-26 12:07:36.499 14936 14972 W System.err: java.net.SocketException: Message too long
11-26 12:07:36.499 14936 14972 W System.err: 	at sun.nio.ch.DatagramChannelImpl.send0(Native Method)
11-26 12:07:36.499 14936 14972 W System.err: 	at sun.nio.ch.DatagramChannelImpl.sendFromNativeBuffer(DatagramChannelImpl.java:573)
11-26 12:07:36.499 14936 14972 W System.err: 	at sun.nio.ch.DatagramChannelImpl.send(DatagramChannelImpl.java:550)
11-26 12:07:36.499 14936 14972 W System.err: 	at sun.nio.ch.DatagramChannelImpl.send(DatagramChannelImpl.java:514)
11-26 12:07:36.499 14936 14972 W System.err: 	at symlab.CloudAR.network.TransmissionTask.run(TransmissionTask.java:133)
11-26 12:07:36.499 14936 14972 W System.err: 	at android.os.Handler.handleCallback(Handler.java:907)
11-26 12:07:36.499 14936 14972 W System.err: 	at android.os.Handler.dispatchMessage(Handler.java:105)
11-26 12:07:36.499 14936 14972 W System.err: 	at android.os.Looper.loop(Looper.java:216)
11-26 12:07:36.499 14936 14972 W System.err: 	at android.os.HandlerThread.run(HandlerThread.java:65)
11-26 12:07:36.542 14936 14972 W System.err: java.net.SocketException: Message too long
11-26 12:07:36.542 14936 14972 W System.err: 	at sun.nio.ch.DatagramChannelImpl.send0(Native Method)
11-26 12:07:36.542 14936 14972 W System.err: 	at sun.nio.ch.DatagramChannelImpl.sendFromNativeBuffer(DatagramChannelImpl.java:573)
11-26 12:07:36.542 14936 14972 W System.err: 	at sun.nio.ch.DatagramChannelImpl.send(DatagramChannelImpl.java:550)
11-26 12:07:36.542 14936 14972 W System.err: 	at sun.nio.ch.DatagramChannelImpl.send(DatagramChannelImpl.java:514)
11-26 12:07:36.542 14936 14972 W System.err: 	at symlab.CloudAR.network.TransmissionTask.run(TransmissionTask.java:133)
11-26 12:07:36.542 14936 14972 W System.err: 	at android.os.Handler.handleCallback(Handler.java:907)
11-26 12:07:36.542 14936 14972 W System.err: 	at android.os.Handler.dispatchMessage(Handler.java:105)
11-26 12:07:36.542 14936 14972 W System.err: 	at android.os.Looper.loop(Looper.java:216)
11-26 12:07:36.542 14936 14972 W System.err: 	at android.os.HandlerThread.run(HandlerThread.java:65)
11-26 12:07:36.568 14936 14972 W System.err: java.net.SocketException: Message too long
11-26 12:07:36.568 14936 14972 W System.err: 	at sun.nio.ch.DatagramChannelImpl.send0(Native Method)
11-26 12:07:36.568 14936 14972 W System.err: 	at sun.nio.ch.DatagramChannelImpl.sendFromNativeBuffer(DatagramChannelImpl.java:573)
11-26 12:07:36.568 14936 14972 W System.err: 	at sun.nio.ch.DatagramChannelImpl.send(DatagramChannelImpl.java:550)
11-26 12:07:36.568 14936 14972 W System.err: 	at sun.nio.ch.DatagramChannelImpl.send(DatagramChannelImpl.java:514)
11-26 12:07:36.568 14936 14972 W System.err: 	at symlab.CloudAR.network.TransmissionTask.run(TransmissionTask.java:133)
11-26 12:07:36.568 14936 14972 W System.err: 	at android.os.Handler.handleCallback(Handler.java:907)
11-26 12:07:36.568 14936 14972 W System.err: 	at android.os.Handler.dispatchMessage(Handler.java:105)
11-26 12:07:36.568 14936 14972 W System.err: 	at android.os.Looper.loop(Looper.java:216)
11-26 12:07:36.568 14936 14972 W System.err: 	at android.os.HandlerThread.run(HandlerThread.java:65)
11-26 12:07:36.606 14936 14972 W System.err: java.net.SocketException: Message too long
11-26 12:07:36.606 14936 14972 W System.err: 	at sun.nio.ch.DatagramChannelImpl.send0(Native Method)
11-26 12:07:36.606 14936 14972 W System.err: 	at sun.nio.ch.DatagramChannelImpl.sendFromNativeBuffer(DatagramChannelImpl.java:573)
11-26 12:07:36.606 14936 14972 W System.err: 	at sun.nio.ch.DatagramChannelImpl.send(DatagramChannelImpl.java:550)
11-26 12:07:36.606 14936 14972 W System.err: 	at sun.nio.ch.DatagramChannelImpl.send(DatagramChannelImpl.java:514)
11-26 12:07:36.606 14936 14972 W System.err: 	at symlab.CloudAR.network.TransmissionTask.run(TransmissionTask.java:133)
11-26 12:07:36.606 14936 14972 W System.err: 	at android.os.Handler.handleCallback(Handler.java:907)
11-26 12:07:36.606 14936 14972 W System.err: 	at android.os.Handler.dispatchMessage(Handler.java:105)
11-26 12:07:36.606 14936 14972 W System.err: 	at android.os.Looper.loop(Looper.java:216)
11-26 12:07:36.606 14936 14972 W System.err: 	at android.os.HandlerThread.run(HandlerThread.java:65)
11-26 12:07:36.633 14936 14972 W System.err: java.net.SocketException: Message too long
11-26 12:07:36.633 14936 14972 W System.err: 	at sun.nio.ch.DatagramChannelImpl.send0(Native Method)
11-26 12:07:36.633 14936 14972 W System.err: 	at sun.nio.ch.DatagramChannelImpl.sendFromNativeBuffer(DatagramChannelImpl.java:573)
11-26 12:07:36.633 14936 14972 W System.err: 	at sun.nio.ch.DatagramChannelImpl.send(DatagramChannelImpl.java:550)
11-26 12:07:36.634 14936 14972 W System.err: 	at sun.nio.ch.DatagramChannelImpl.send(DatagramChannelImpl.java:514)
11-26 12:07:36.634 14936 14972 W System.err: 	at symlab.CloudAR.network.TransmissionTask.run(TransmissionTask.java:133)
11-26 12:07:36.634 14936 14972 W System.err: 	at android.os.Handler.handleCallback(Handler.java:907)
11-26 12:07:36.634 14936 14972 W System.err: 	at android.os.Handler.dispatchMessage(Handler.java:105)
11-26 12:07:36.634 14936 14972 W System.err: 	at android.os.Looper.loop(Looper.java:216)
11-26 12:07:36.634 14936 14972 W System.err: 	at android.os.HandlerThread.run(HandlerThread.java:65)
11-26 12:07:36.672 14936 14947 E         : [ZeroHung]zrhung_get_config: Get config failed for wp[0x0008]
11-26 12:07:36.673 14936 14972 W System.err: java.net.SocketException: Message too long
11-26 12:07:36.673 14936 14972 W System.err: 	at sun.nio.ch.DatagramChannelImpl.send0(Native Method)
11-26 12:07:36.673 14936 14972 W System.err: 	at sun.nio.ch.DatagramChannelImpl.sendFromNativeBuffer(DatagramChannelImpl.java:573)
11-26 12:07:36.673 14936 14972 W System.err: 	at sun.nio.ch.DatagramChannelImpl.send(DatagramChannelImpl.java:550)
11-26 12:07:36.673 14936 14972 W System.err: 	at sun.nio.ch.DatagramChannelImpl.send(DatagramChannelImpl.java:514)
11-26 12:07:36.673 14936 14972 W System.err: 	at symlab.CloudAR.network.TransmissionTask.run(TransmissionTask.java:133)
11-26 12:07:36.673 14936 14972 W System.err: 	at android.os.Handler.handleCallback(Handler.java:907)
11-26 12:07:36.673 14936 14972 W System.err: 	at android.os.Handler.dispatchMessage(Handler.java:105)
11-26 12:07:36.673 14936 14972 W System.err: 	at android.os.Looper.loop(Looper.java:216)
11-26 12:07:36.673 14936 14972 W System.err: 	at android.os.HandlerThread.run(HandlerThread.java:65)
11-26 12:07:36.705 14936 14972 W System.err: java.net.SocketException: Message too long
11-26 12:07:36.705 14936 14972 W System.err: 	at sun.nio.ch.DatagramChannelImpl.send0(Native Method)
11-26 12:07:36.706 14936 14972 W System.err: 	at sun.nio.ch.DatagramChannelImpl.sendFromNativeBuffer(DatagramChannelImpl.java:573)
11-26 12:07:36.706 14936 14972 W System.err: 	at sun.nio.ch.DatagramChannelImpl.send(DatagramChannelImpl.java:550)
11-26 12:07:36.706 14936 14972 W System.err: 	at sun.nio.ch.DatagramChannelImpl.send(DatagramChannelImpl.java:514)
11-26 12:07:36.706 14936 14972 W System.err: 	at symlab.CloudAR.network.TransmissionTask.run(TransmissionTask.java:133)
11-26 12:07:36.706 14936 14972 W System.err: 	at android.os.Handler.handleCallback(Handler.java:907)
11-26 12:07:36.706 14936 14972 W System.err: 	at android.os.Handler.dispatchMessage(Handler.java:105)
11-26 12:07:36.706 14936 14972 W System.err: 	at android.os.Looper.loop(Looper.java:216)
11-26 12:07:36.706 14936 14972 W System.err: 	at android.os.HandlerThread.run(HandlerThread.java:65)
11-26 12:07:36.743 14936 14972 W System.err: java.net.SocketException: Message too long
11-26 12:07:36.743 14936 14972 W System.err: 	at sun.nio.ch.DatagramChannelImpl.send0(Native Method)
11-26 12:07:36.743 14936 14972 W System.err: 	at sun.nio.ch.DatagramChannelImpl.sendFromNativeBuffer(DatagramChannelImpl.java:573)
11-26 12:07:36.743 14936 14972 W System.err: 	at sun.nio.ch.DatagramChannelImpl.send(DatagramChannelImpl.java:550)
11-26 12:07:36.743 14936 14972 W System.err: 	at sun.nio.ch.DatagramChannelImpl.send(DatagramChannelImpl.java:514)
11-26 12:07:36.743 14936 14972 W System.err: 	at symlab.CloudAR.network.TransmissionTask.run(TransmissionTask.java:133)
11-26 12:07:36.743 14936 14972 W System.err: 	at android.os.Handler.handleCallback(Handler.java:907)
11-26 12:07:36.743 14936 14972 W System.err: 	at android.os.Handler.dispatchMessage(Handler.java:105)
11-26 12:07:36.743 14936 14972 W System.err: 	at android.os.Looper.loop(Looper.java:216)
11-26 12:07:36.743 14936 14972 W System.err: 	at android.os.HandlerThread.run(HandlerThread.java:65)
11-26 12:07:36.767 14936 14972 W System.err: java.net.SocketException: Message too long
11-26 12:07:36.768 14936 14972 W System.err: 	at sun.nio.ch.DatagramChannelImpl.send0(Native Method)
11-26 12:07:36.768 14936 14972 W System.err: 	at sun.nio.ch.DatagramChannelImpl.sendFromNativeBuffer(DatagramChannelImpl.java:573)
11-26 12:07:36.768 14936 14972 W System.err: 	at sun.nio.ch.DatagramChannelImpl.send(DatagramChannelImpl.java:550)
11-26 12:07:36.768 14936 14972 W System.err: 	at sun.nio.ch.DatagramChannelImpl.send(DatagramChannelImpl.java:514)
11-26 12:07:36.768 14936 14972 W System.err: 	at symlab.CloudAR.network.TransmissionTask.run(TransmissionTask.java:133)
11-26 12:07:36.768 14936 14972 W System.err: 	at android.os.Handler.handleCallback(Handler.java:907)
11-26 12:07:36.768 14936 14972 W System.err: 	at android.os.Handler.dispatchMessage(Handler.java:105)
11-26 12:07:36.768 14936 14972 W System.err: 	at android.os.Looper.loop(Looper.java:216)
11-26 12:07:36.768 14936 14972 W System.err: 	at android.os.HandlerThread.run(HandlerThread.java:65)
11-26 12:07:36.810 14936 14972 W System.err: java.net.SocketException: Message too long
11-26 12:07:36.810 14936 14972 W System.err: 	at sun.nio.ch.DatagramChannelImpl.send0(Native Method)
11-26 12:07:36.811 14936 14972 W System.err: 	at sun.nio.ch.DatagramChannelImpl.sendFromNativeBuffer(DatagramChannelImpl.java:573)
11-26 12:07:36.811 14936 14972 W System.err: 	at sun.nio.ch.DatagramChannelImpl.send(DatagramChannelImpl.java:550)
11-26 12:07:36.811 14936 14972 W System.err: 	at sun.nio.ch.DatagramChannelImpl.send(DatagramChannelImpl.java:514)
11-26 12:07:36.811 14936 14972 W System.err: 	at symlab.CloudAR.network.TransmissionTask.run(TransmissionTask.java:133)
11-26 12:07:36.811 14936 14972 W System.err: 	at android.os.Handler.handleCallback(Handler.java:907)
11-26 12:07:36.811 14936 14972 W System.err: 	at android.os.Handler.dispatchMessage(Handler.java:105)
11-26 12:07:36.811 14936 14972 W System.err: 	at android.os.Looper.loop(Looper.java:216)
11-26 12:07:36.811 14936 14972 W System.err: 	at android.os.HandlerThread.run(HandlerThread.java:65)
11-26 12:07:36.839 14936 14972 W System.err: java.net.SocketException: Message too long
11-26 12:07:36.840 14936 14972 W System.err: 	at sun.nio.ch.DatagramChannelImpl.send0(Native Method)
11-26 12:07:36.840 14936 14972 W System.err: 	at sun.nio.ch.DatagramChannelImpl.sendFromNativeBuffer(DatagramChannelImpl.java:573)
11-26 12:07:36.840 14936 14972 W System.err: 	at sun.nio.ch.DatagramChannelImpl.send(DatagramChannelImpl.java:550)
11-26 12:07:36.840 14936 14972 W System.err: 	at sun.nio.ch.DatagramChannelImpl.send(DatagramChannelImpl.java:514)
11-26 12:07:36.840 14936 14972 W System.err: 	at symlab.CloudAR.network.TransmissionTask.run(TransmissionTask.java:133)
11-26 12:07:36.840 14936 14972 W System.err: 	at android.os.Handler.handleCallback(Handler.java:907)
11-26 12:07:36.840 14936 14972 W System.err: 	at android.os.Handler.dispatchMessage(Handler.java:105)
11-26 12:07:36.840 14936 14972 W System.err: 	at android.os.Looper.loop(Looper.java:216)
11-26 12:07:36.840 14936 14972 W System.err: 	at android.os.HandlerThread.run(HandlerThread.java:65)
11-26 12:07:36.867 14936 14972 W System.err: java.net.SocketException: Message too long
11-26 12:07:36.867 14936 14972 W System.err: 	at sun.nio.ch.DatagramChannelImpl.send0(Native Method)
11-26 12:07:36.867 14936 14972 W System.err: 	at sun.nio.ch.DatagramChannelImpl.sendFromNativeBuffer(DatagramChannelImpl.java:573)
11-26 12:07:36.867 14936 14972 W System.err: 	at sun.nio.ch.DatagramChannelImpl.send(DatagramChannelImpl.java:550)
11-26 12:07:36.867 14936 14972 W System.err: 	at sun.nio.ch.DatagramChannelImpl.send(DatagramChannelImpl.java:514)
11-26 12:07:36.867 14936 14972 W System.err: 	at symlab.CloudAR.network.TransmissionTask.run(TransmissionTask.java:133)
11-26 12:07:36.867 14936 14972 W System.err: 	at android.os.Handler.handleCallback(Handler.java:907)
11-26 12:07:36.867 14936 14972 W System.err: 	at android.os.Handler.dispatchMessage(Handler.java:105)
11-26 12:07:36.867 14936 14972 W System.err: 	at android.os.Looper.loop(Looper.java:216)
11-26 12:07:36.867 14936 14972 W System.err: 	at android.os.HandlerThread.run(HandlerThread.java:65)
11-26 12:07:36.901 14936 14972 W System.err: java.net.SocketException: Message too long
11-26 12:07:36.901 14936 14972 W System.err: 	at sun.nio.ch.DatagramChannelImpl.send0(Native Method)
11-26 12:07:36.901 14936 14972 W System.err: 	at sun.nio.ch.DatagramChannelImpl.sendFromNativeBuffer(DatagramChannelImpl.java:573)
11-26 12:07:36.902 14936 14972 W System.err: 	at sun.nio.ch.DatagramChannelImpl.send(DatagramChannelImpl.java:550)
11-26 12:07:36.902 14936 14972 W System.err: 	at sun.nio.ch.DatagramChannelImpl.send(DatagramChannelImpl.java:514)
11-26 12:07:36.902 14936 14972 W System.err: 	at symlab.CloudAR.network.TransmissionTask.run(TransmissionTask.java:133)
11-26 12:07:36.902 14936 14972 W System.err: 	at android.os.Handler.handleCallback(Handler.java:907)
11-26 12:07:36.902 14936 14972 W System.err: 	at android.os.Handler.dispatchMessage(Handler.java:105)
11-26 12:07:36.902 14936 14972 W System.err: 	at android.os.Looper.loop(Looper.java:216)
11-26 12:07:36.902 14936 14972 W System.err: 	at android.os.HandlerThread.run(HandlerThread.java:65)
11-26 12:07:36.934 14936 14972 W System.err: java.net.SocketException: Message too long
11-26 12:07:36.934 14936 14972 W System.err: 	at sun.nio.ch.DatagramChannelImpl.send0(Native Method)
11-26 12:07:36.934 14936 14972 W System.err: 	at sun.nio.ch.DatagramChannelImpl.sendFromNativeBuffer(DatagramChannelImpl.java:573)
11-26 12:07:36.934 14936 14972 W System.err: 	at sun.nio.ch.DatagramChannelImpl.send(DatagramChannelImpl.java:550)
11-26 12:07:36.934 14936 14972 W System.err: 	at sun.nio.ch.DatagramChannelImpl.send(DatagramChannelImpl.java:514)
11-26 12:07:36.934 14936 14972 W System.err: 	at symlab.CloudAR.network.TransmissionTask.run(TransmissionTask.java:133)
11-26 12:07:36.934 14936 14972 W System.err: 	at android.os.Handler.handleCallback(Handler.java:907)
11-26 12:07:36.934 14936 14972 W System.err: 	at android.os.Handler.dispatchMessage(Handler.java:105)
11-26 12:07:36.934 14936 14972 W System.err: 	at android.os.Looper.loop(Looper.java:216)
11-26 12:07:36.934 14936 14972 W System.err: 	at android.os.HandlerThread.run(HandlerThread.java:65)
11-26 12:07:36.981 14936 14972 W System.err: java.net.SocketException: Message too long
11-26 12:07:36.981 14936 14972 W System.err: 	at sun.nio.ch.DatagramChannelImpl.send0(Native Method)
11-26 12:07:36.981 14936 14972 W System.err: 	at sun.nio.ch.DatagramChannelImpl.sendFromNativeBuffer(DatagramChannelImpl.java:573)
11-26 12:07:36.981 14936 14972 W System.err: 	at sun.nio.ch.DatagramChannelImpl.send(DatagramChannelImpl.java:550)
11-26 12:07:36.981 14936 14972 W System.err: 	at sun.nio.ch.DatagramChannelImpl.send(DatagramChannelImpl.java:514)
11-26 12:07:36.981 14936 14972 W System.err: 	at symlab.CloudAR.network.TransmissionTask.run(TransmissionTask.java:133)
11-26 12:07:36.981 14936 14972 W System.err: 	at android.os.Handler.handleCallback(Handler.java:907)
11-26 12:07:36.982 14936 14972 W System.err: 	at android.os.Handler.dispatchMessage(Handler.java:105)
11-26 12:07:36.982 14936 14972 W System.err: 	at android.os.Looper.loop(Looper.java:216)
11-26 12:07:36.982 14936 14972 W System.err: 	at android.os.HandlerThread.run(HandlerThread.java:65)
11-26 12:07:37.007 14936 14972 W System.err: java.net.SocketException: Message too long
11-26 12:07:37.007 14936 14972 W System.err: 	at sun.nio.ch.DatagramChannelImpl.send0(Native Method)
11-26 12:07:37.007 14936 14972 W System.err: 	at sun.nio.ch.DatagramChannelImpl.sendFromNativeBuffer(DatagramChannelImpl.java:573)
11-26 12:07:37.007 14936 14972 W System.err: 	at sun.nio.ch.DatagramChannelImpl.send(DatagramChannelImpl.java:550)
11-26 12:07:37.007 14936 14972 W System.err: 	at sun.nio.ch.DatagramChannelImpl.send(DatagramChannelImpl.java:514)
11-26 12:07:37.007 14936 14972 W System.err: 	at symlab.CloudAR.network.TransmissionTask.run(TransmissionTask.java:133)
11-26 12:07:37.007 14936 14972 W System.err: 	at android.os.Handler.handleCallback(Handler.java:907)
11-26 12:07:37.007 14936 14972 W System.err: 	at android.os.Handler.dispatchMessage(Handler.java:105)
11-26 12:07:37.007 14936 14972 W System.err: 	at android.os.Looper.loop(Looper.java:216)
11-26 12:07:37.007 14936 14972 W System.err: 	at android.os.HandlerThread.run(HandlerThread.java:65)
11-26 12:07:37.034 14936 14972 W System.err: java.net.SocketException: Message too long
11-26 12:07:37.034 14936 14972 W System.err: 	at sun.nio.ch.DatagramChannelImpl.send0(Native Method)
11-26 12:07:37.034 14936 14972 W System.err: 	at sun.nio.ch.DatagramChannelImpl.sendFromNativeBuffer(DatagramChannelImpl.java:573)
11-26 12:07:37.034 14936 14972 W System.err: 	at sun.nio.ch.DatagramChannelImpl.send(DatagramChannelImpl.java:550)
11-26 12:07:37.034 14936 14972 W System.err: 	at sun.nio.ch.DatagramChannelImpl.send(DatagramChannelImpl.java:514)
11-26 12:07:37.035 14936 14972 W System.err: 	at symlab.CloudAR.network.TransmissionTask.run(TransmissionTask.java:133)
11-26 12:07:37.035 14936 14972 W System.err: 	at android.os.Handler.handleCallback(Handler.java:907)
11-26 12:07:37.035 14936 14972 W System.err: 	at android.os.Handler.dispatchMessage(Handler.java:105)
11-26 12:07:37.035 14936 14972 W System.err: 	at android.os.Looper.loop(Looper.java:216)
11-26 12:07:37.035 14936 14972 W System.err: 	at android.os.HandlerThread.run(HandlerThread.java:65)
11-26 12:07:37.070 14936 14972 W System.err: java.net.SocketException: Message too long
11-26 12:07:37.070 14936 14972 W System.err: 	at sun.nio.ch.DatagramChannelImpl.send0(Native Method)
11-26 12:07:37.070 14936 14972 W System.err: 	at sun.nio.ch.DatagramChannelImpl.sendFromNativeBuffer(DatagramChannelImpl.java:573)
11-26 12:07:37.070 14936 14972 W System.err: 	at sun.nio.ch.DatagramChannelImpl.send(DatagramChannelImpl.java:550)
11-26 12:07:37.070 14936 14972 W System.err: 	at sun.nio.ch.DatagramChannelImpl.send(DatagramChannelImpl.java:514)
11-26 12:07:37.070 14936 14972 W System.err: 	at symlab.CloudAR.network.TransmissionTask.run(TransmissionTask.java:133)
11-26 12:07:37.070 14936 14972 W System.err: 	at android.os.Handler.handleCallback(Handler.java:907)
11-26 12:07:37.070 14936 14972 W System.err: 	at android.os.Handler.dispatchMessage(Handler.java:105)
11-26 12:07:37.070 14936 14972 W System.err: 	at android.os.Looper.loop(Looper.java:216)
11-26 12:07:37.070 14936 14972 W System.err: 	at android.os.HandlerThread.run(HandlerThread.java:65)
11-26 12:07:37.175 14936 14972 W System.err: java.net.SocketException: Message too long
11-26 12:07:37.175 14936 14972 W System.err: 	at sun.nio.ch.DatagramChannelImpl.send0(Native Method)
11-26 12:07:37.175 14936 14972 W System.err: 	at sun.nio.ch.DatagramChannelImpl.sendFromNativeBuffer(DatagramChannelImpl.java:573)
11-26 12:07:37.175 14936 14972 W System.err: 	at sun.nio.ch.DatagramChannelImpl.send(DatagramChannelImpl.java:550)
11-26 12:07:37.175 14936 14972 W System.err: 	at sun.nio.ch.DatagramChannelImpl.send(DatagramChannelImpl.java:514)
11-26 12:07:37.175 14936 14972 W System.err: 	at symlab.CloudAR.network.TransmissionTask.run(TransmissionTask.java:133)
11-26 12:07:37.175 14936 14972 W System.err: 	at android.os.Handler.handleCallback(Handler.java:907)
11-26 12:07:37.175 14936 14972 W System.err: 	at android.os.Handler.dispatchMessage(Handler.java:105)
11-26 12:07:37.175 14936 14972 W System.err: 	at android.os.Looper.loop(Looper.java:216)
11-26 12:07:37.175 14936 14972 W System.err: 	at android.os.HandlerThread.run(HandlerThread.java:65)
11-26 12:07:37.248 14936 14972 W System.err: java.net.SocketException: Message too long
11-26 12:07:37.248 14936 14972 W System.err: 	at sun.nio.ch.DatagramChannelImpl.send0(Native Method)
11-26 12:07:37.248 14936 14972 W System.err: 	at sun.nio.ch.DatagramChannelImpl.sendFromNativeBuffer(DatagramChannelImpl.java:573)
11-26 12:07:37.248 14936 14972 W System.err: 	at sun.nio.ch.DatagramChannelImpl.send(DatagramChannelImpl.java:550)
11-26 12:07:37.248 14936 14972 W System.err: 	at sun.nio.ch.DatagramChannelImpl.send(DatagramChannelImpl.java:514)
11-26 12:07:37.248 14936 14972 W System.err: 	at symlab.CloudAR.network.TransmissionTask.run(TransmissionTask.java:133)
11-26 12:07:37.248 14936 14972 W System.err: 	at android.os.Handler.handleCallback(Handler.java:907)
11-26 12:07:37.248 14936 14972 W System.err: 	at android.os.Handler.dispatchMessage(Handler.java:105)
11-26 12:07:37.249 14936 14972 W System.err: 	at android.os.Looper.loop(Looper.java:216)
11-26 12:07:37.249 14936 14972 W System.err: 	at android.os.HandlerThread.run(HandlerThread.java:65)
11-26 12:07:37.275 14936 14972 W System.err: java.net.SocketException: Message too long
11-26 12:07:37.275 14936 14972 W System.err: 	at sun.nio.ch.DatagramChannelImpl.send0(Native Method)
11-26 12:07:37.275 14936 14972 W System.err: 	at sun.nio.ch.DatagramChannelImpl.sendFromNativeBuffer(DatagramChannelImpl.java:573)
11-26 12:07:37.275 14936 14972 W System.err: 	at sun.nio.ch.DatagramChannelImpl.send(DatagramChannelImpl.java:550)
11-26 12:07:37.275 14936 14972 W System.err: 	at sun.nio.ch.DatagramChannelImpl.send(DatagramChannelImpl.java:514)
11-26 12:07:37.275 14936 14972 W System.err: 	at symlab.CloudAR.network.TransmissionTask.run(TransmissionTask.java:133)
11-26 12:07:37.275 14936 14972 W System.err: 	at android.os.Handler.handleCallback(Handler.java:907)
11-26 12:07:37.275 14936 14972 W System.err: 	at android.os.Handler.dispatchMessage(Handler.java:105)
11-26 12:07:37.276 14936 14972 W System.err: 	at android.os.Looper.loop(Looper.java:216)
11-26 12:07:37.276 14936 14972 W System.err: 	at android.os.HandlerThread.run(HandlerThread.java:65)
11-26 12:07:37.298 14936 14936 I Poster  :  onPause() called.
11-26 12:07:37.301 14936 14972 W System.err: java.net.SocketException: Message too long
11-26 12:07:37.301 14936 14972 W System.err: 	at sun.nio.ch.DatagramChannelImpl.send0(Native Method)
11-26 12:07:37.301 14936 14972 W System.err: 	at sun.nio.ch.DatagramChannelImpl.sendFromNativeBuffer(DatagramChannelImpl.java:573)
11-26 12:07:37.301 14936 14972 W System.err: 	at sun.nio.ch.DatagramChannelImpl.send(DatagramChannelImpl.java:550)
11-26 12:07:37.301 14936 14972 W System.err: 	at sun.nio.ch.DatagramChannelImpl.send(DatagramChannelImpl.java:514)
11-26 12:07:37.301 14936 14972 W System.err: 	at symlab.CloudAR.network.TransmissionTask.run(TransmissionTask.java:133)
11-26 12:07:37.301 14936 14972 W System.err: 	at android.os.Handler.handleCallback(Handler.java:907)
11-26 12:07:37.301 14936 14972 W System.err: 	at android.os.Handler.dispatchMessage(Handler.java:105)
11-26 12:07:37.301 14936 14972 W System.err: 	at android.os.Looper.loop(Looper.java:216)
11-26 12:07:37.301 14936 14972 W System.err: 	at android.os.HandlerThread.run(HandlerThread.java:65)
11-26 12:07:37.369 14936 14936 I Camera  : close camera: 0, package name: symlab.cloudridar.arhud
11-26 12:07:37.370 14936 14936 I BackgroundPermManager: pkgName: symlab.cloudridar.arhud,pid: 14936 ,uidOf3RdApk: 10147 ,permType: 0 ,permCfg: 0
11-26 12:07:37.371 14936 14936 I HwCameraUtil: notifySurfaceFlingerCameraStatus : isFront = false , isOpend = false
11-26 12:07:37.435 14936 14936 D ZrHung.AppEyeUiProbe: stop checker.
11-26 12:07:37.447 14936 14936 I Poster  :  surfaceDestroyed() called.
11-26 12:07:37.448 14936 14936 D ViewRootImpl[MainActivity]: surface should not be released
11-26 12:07:37.448 14936 14936 I Poster  :  onStop() called.
11-26 12:07:37.464 14936 14989 W libEGL  : EGLNativeWindowType 0xf17f0008 disconnect failed
11-26 12:07:38.330 14936 14961 D ZrHung.AppEyeUiProbe: Current Activity:false
11-26 12:07:38.330 14936 14961 D ZrHung.AppEyeUiProbe: not watching, wait.
11-26 12:07:42.304 14936 14936 I AwareBitmapCacher: handleReleaseCache: pid=14936
11-26 12:07:42.304 14936 14936 I AwareBitmapCacher: init lrucache size: 2097152 pid=14936
11-26 12:07:42.447 14936 14947 E         : [ZeroHung]zrhung_get_config: Get config failed for wp[0x0008]
11-26 12:07:42.489 14936 14945 W System  : A resource failed to call close. 
11-26 12:07:42.490 14936 14945 W System  : A resource failed to call close. 
11-26 12:07:42.490 14936 14945 W System  : A resource failed to call close. 
11-26 12:07:54.497 14936 14936 I PermissionManager: camera remind result:true
11-26 12:07:54.497 14936 14936 I BackgroundPermManager: pkgName: symlab.cloudridar.arhud,pid: 14936 ,uidOf3RdApk: 10147 ,permType: 0 ,permCfg: 1
11-26 12:07:54.502 14936 14936 I HwCameraUtil: notifySurfaceFlingerCameraStatus : isFront = false , isOpend = true
11-26 12:07:54.523 14936 14936 D ActivityThread: isOptEnabled=false isWechatScanOpt=false
11-26 12:07:54.557 14936 14989 D mali_winsys: EGLint new_window_surface(egl_winsys_display *, void *, EGLSurface, EGLConfig, egl_winsys_surface **, EGLBoolean) returns 0x3000
11-26 12:07:54.564 14936 14936 I Poster  :  surfaceCreated() called.
11-26 12:07:54.564 14936 14936 I Poster  : initPreview() called
11-26 12:07:54.567 14936 14936 I PermissionManager: camera remind result:true
11-26 12:07:54.573 14936 14936 I Poster  :  surfaceChanged() called.
11-26 12:07:54.573 14936 14936 E BpSurfaceComposerClient: Failed to transact (-1)
11-26 12:07:54.573 14936 14936 E BpSurfaceComposerClient: Failed to transact (-1)
11-26 12:07:54.598 14936 14989 W libEGL  : EGLNativeWindowType 0xf17f0008 disconnect failed
11-26 12:07:54.598 14936 14989 D mali_winsys: EGLint new_window_surface(egl_winsys_display *, void *, EGLSurface, EGLConfig, egl_winsys_surface **, EGLBoolean) returns 0x3000
11-26 12:07:54.606 14936 14936 W InputMethodManager: startInputReason = 1
11-26 12:07:54.851 14936 14936 W MessageQueue: Handler (android.os.Handler) {3a4d1b4} sending message to a Handler on a dead thread
11-26 12:07:54.851 14936 14936 W MessageQueue: java.lang.IllegalStateException: Handler (android.os.Handler) {3a4d1b4} sending message to a Handler on a dead thread
11-26 12:07:54.851 14936 14936 W MessageQueue: 	at android.os.MessageQueue.enqueueMessage(MessageQueue.java:650)
11-26 12:07:54.851 14936 14936 W MessageQueue: 	at android.os.Handler.enqueueMessage(Handler.java:769)
11-26 12:07:54.851 14936 14936 W MessageQueue: 	at android.os.Handler.sendMessageAtTime(Handler.java:718)
11-26 12:07:54.851 14936 14936 W MessageQueue: 	at android.os.Handler.sendMessageDelayed(Handler.java:688)
11-26 12:07:54.851 14936 14936 W MessageQueue: 	at android.os.Handler.post(Handler.java:405)
11-26 12:07:54.851 14936 14936 W MessageQueue: 	at symlab.CloudAR.ARManager.recognizeTime(ARManager.java:152)
11-26 12:07:54.851 14936 14936 W MessageQueue: 	at symlab.ARHUD.MainActivity$3.onPreviewFrame(MainActivity.java:296)
11-26 12:07:54.851 14936 14936 W MessageQueue: 	at android.hardware.Camera$EventHandler.handleMessage(Camera.java:1278)
11-26 12:07:54.851 14936 14936 W MessageQueue: 	at android.os.Handler.dispatchMessage(Handler.java:112)
11-26 12:07:54.851 14936 14936 W MessageQueue: 	at android.os.Looper.loop(Looper.java:216)
11-26 12:07:54.851 14936 14936 W MessageQueue: 	at android.app.ActivityThread.main(ActivityThread.java:7579)
11-26 12:07:54.851 14936 14936 W MessageQueue: 	at java.lang.reflect.Method.invoke(Native Method)
11-26 12:07:54.851 14936 14936 W MessageQueue: 	at com.android.internal.os.RuntimeInit$MethodAndArgsCaller.run(RuntimeInit.java:524)
11-26 12:07:54.851 14936 14936 W MessageQueue: 	at com.android.internal.os.ZygoteInit.main(ZygoteInit.java:1034)
11-26 12:07:54.851 14936 14936 W MessageQueue: Handler (android.os.Handler) {3a4d1b4} sending message to a Handler on a dead thread
11-26 12:07:54.851 14936 14936 W MessageQueue: java.lang.IllegalStateException: Handler (android.os.Handler) {3a4d1b4} sending message to a Handler on a dead thread
11-26 12:07:54.851 14936 14936 W MessageQueue: 	at android.os.MessageQueue.enqueueMessage(MessageQueue.java:650)
11-26 12:07:54.851 14936 14936 W MessageQueue: 	at android.os.Handler.enqueueMessage(Handler.java:769)
11-26 12:07:54.851 14936 14936 W MessageQueue: 	at android.os.Handler.sendMessageAtTime(Handler.java:718)
11-26 12:07:54.851 14936 14936 W MessageQueue: 	at android.os.Handler.sendMessageDelayed(Handler.java:688)
11-26 12:07:54.851 14936 14936 W MessageQueue: 	at android.os.Handler.post(Handler.java:405)
11-26 12:07:54.851 14936 14936 W MessageQueue: 	at symlab.CloudAR.ARManager.driveFrame(ARManager.java:157)
11-26 12:07:54.851 14936 14936 W MessageQueue: 	at symlab.ARHUD.MainActivity$3.onPreviewFrame(MainActivity.java:297)
11-26 12:07:54.851 14936 14936 W MessageQueue: 	at android.hardware.Camera$EventHandler.handleMessage(Camera.java:1278)
11-26 12:07:54.851 14936 14936 W MessageQueue: 	at android.os.Handler.dispatchMessage(Handler.java:112)
11-26 12:07:54.851 14936 14936 W MessageQueue: 	at android.os.Looper.loop(Looper.java:216)
11-26 12:07:54.851 14936 14936 W MessageQueue: 	at android.app.ActivityThread.main(ActivityThread.java:7579)
11-26 12:07:54.851 14936 14936 W MessageQueue: 	at java.lang.reflect.Method.invoke(Native Method)
11-26 12:07:54.851 14936 14936 W MessageQueue: 	at com.android.internal.os.RuntimeInit$MethodAndArgsCaller.run(RuntimeInit.java:524)
11-26 12:07:54.851 14936 14936 W MessageQueue: 	at com.android.internal.os.ZygoteInit.main(ZygoteInit.java:1034)
11-26 12:07:54.883 14936 14936 W MessageQueue: Handler (android.os.Handler) {3a4d1b4} sending message to a Handler on a dead thread
11-26 12:07:54.883 14936 14936 W MessageQueue: java.lang.IllegalStateException: Handler (android.os.Handler) {3a4d1b4} sending message to a Handler on a dead thread
11-26 12:07:54.883 14936 14936 W MessageQueue: 	at android.os.MessageQueue.enqueueMessage(MessageQueue.java:650)
11-26 12:07:54.883 14936 14936 W MessageQueue: 	at android.os.Handler.enqueueMessage(Handler.java:769)
11-26 12:07:54.883 14936 14936 W MessageQueue: 	at android.os.Handler.sendMessageAtTime(Handler.java:718)
11-26 12:07:54.883 14936 14936 W MessageQueue: 	at android.os.Handler.sendMessageDelayed(Handler.java:688)
11-26 12:07:54.883 14936 14936 W MessageQueue: 	at android.os.Handler.post(Handler.java:405)
11-26 12:07:54.883 14936 14936 W MessageQueue: 	at symlab.CloudAR.ARManager.recognizeTime(ARManager.java:152)
11-26 12:07:54.883 14936 14936 W MessageQueue: 	at symlab.ARHUD.MainActivity$3.onPreviewFrame(MainActivity.java:296)
11-26 12:07:54.883 14936 14936 W MessageQueue: 	at android.hardware.Camera$EventHandler.handleMessage(Camera.java:1278)
11-26 12:07:54.883 14936 14936 W MessageQueue: 	at android.os.Handler.dispatchMessage(Handler.java:112)
11-26 12:07:54.883 14936 14936 W MessageQueue: 	at android.os.Looper.loop(Looper.java:216)
11-26 12:07:54.883 14936 14936 W MessageQueue: 	at android.app.ActivityThread.main(ActivityThread.java:7579)
11-26 12:07:54.883 14936 14936 W MessageQueue: 	at java.lang.reflect.Method.invoke(Native Method)
11-26 12:07:54.883 14936 14936 W MessageQueue: 	at com.android.internal.os.RuntimeInit$MethodAndArgsCaller.run(RuntimeInit.java:524)
11-26 12:07:54.883 14936 14936 W MessageQueue: 	at com.android.internal.os.ZygoteInit.main(ZygoteInit.java:1034)
11-26 12:07:54.884 14936 14936 W MessageQueue: Handler (android.os.Handler) {3a4d1b4} sending message to a Handler on a dead thread
11-26 12:07:54.884 14936 14936 W MessageQueue: java.lang.IllegalStateException: Handler (android.os.Handler) {3a4d1b4} sending message to a Handler on a dead thread
11-26 12:07:54.884 14936 14936 W MessageQueue: 	at android.os.MessageQueue.enqueueMessage(MessageQueue.java:650)
11-26 12:07:54.884 14936 14936 W MessageQueue: 	at android.os.Handler.enqueueMessage(Handler.java:769)
11-26 12:07:54.884 14936 14936 W MessageQueue: 	at android.os.Handler.sendMessageAtTime(Handler.java:718)
11-26 12:07:54.884 14936 14936 W MessageQueue: 	at android.os.Handler.sendMessageDelayed(Handler.java:688)
11-26 12:07:54.884 14936 14936 W MessageQueue: 	at android.os.Handler.post(Handler.java:405)
11-26 12:07:54.884 14936 14936 W MessageQueue: 	at symlab.CloudAR.ARManager.driveFrame(ARManager.java:157)
11-26 12:07:54.884 14936 14936 W MessageQueue: 	at symlab.ARHUD.MainActivity$3.onPreviewFrame(MainActivity.java:297)
11-26 12:07:54.884 14936 14936 W MessageQueue: 	at android.hardware.Camera$EventHandler.handleMessage(Camera.java:1278)
11-26 12:07:54.884 14936 14936 W MessageQueue: 	at android.os.Handler.dispatchMessage(Handler.java:112)
11-26 12:07:54.884 14936 14936 W MessageQueue: 	at android.os.Looper.loop(Looper.java:216)
11-26 12:07:54.884 14936 14936 W MessageQueue: 	at android.app.ActivityThread.main(ActivityThread.java:7579)
11-26 12:07:54.884 14936 14936 W MessageQueue: 	at java.lang.reflect.Method.invoke(Native Method)
11-26 12:07:54.884 14936 14936 W MessageQueue: 	at com.android.internal.os.RuntimeInit$MethodAndArgsCaller.run(RuntimeInit.java:524)
11-26 12:07:54.884 14936 14936 W MessageQueue: 	at com.android.internal.os.ZygoteInit.main(ZygoteInit.java:1034)
11-26 12:07:54.925 14936 14936 W MessageQueue: Handler (android.os.Handler) {3a4d1b4} sending message to a Handler on a dead thread
11-26 12:07:54.925 14936 14936 W MessageQueue: java.lang.IllegalStateException: Handler (android.os.Handler) {3a4d1b4} sending message to a Handler on a dead thread
11-26 12:07:54.925 14936 14936 W MessageQueue: 	at android.os.MessageQueue.enqueueMessage(MessageQueue.java:650)
11-26 12:07:54.925 14936 14936 W MessageQueue: 	at android.os.Handler.enqueueMessage(Handler.java:769)
11-26 12:07:54.925 14936 14936 W MessageQueue: 	at android.os.Handler.sendMessageAtTime(Handler.java:718)
11-26 12:07:54.925 14936 14936 W MessageQueue: 	at android.os.Handler.sendMessageDelayed(Handler.java:688)
11-26 12:07:54.925 14936 14936 W MessageQueue: 	at android.os.Handler.post(Handler.java:405)
11-26 12:07:54.925 14936 14936 W MessageQueue: 	at symlab.CloudAR.ARManager.recognizeTime(ARManager.java:152)
11-26 12:07:54.925 14936 14936 W MessageQueue: 	at symlab.ARHUD.MainActivity$3.onPreviewFrame(MainActivity.java:296)
11-26 12:07:54.925 14936 14936 W MessageQueue: 	at android.hardware.Camera$EventHandler.handleMessage(Camera.java:1278)
11-26 12:07:54.925 14936 14936 W MessageQueue: 	at android.os.Handler.dispatchMessage(Handler.java:112)
11-26 12:07:54.925 14936 14936 W MessageQueue: 	at android.os.Looper.loop(Looper.java:216)
11-26 12:07:54.925 14936 14936 W MessageQueue: 	at android.app.ActivityThread.main(ActivityThread.java:7579)
11-26 12:07:54.925 14936 14936 W MessageQueue: 	at java.lang.reflect.Method.invoke(Native Method)
11-26 12:07:54.925 14936 14936 W MessageQueue: 	at com.android.internal.os.RuntimeInit$MethodAndArgsCaller.run(RuntimeInit.java:524)
11-26 12:07:54.925 14936 14936 W MessageQueue: 	at com.android.internal.os.ZygoteInit.main(ZygoteInit.java:1034)
11-26 12:07:54.925 14936 14936 W MessageQueue: Handler (android.os.Handler) {3a4d1b4} sending message to a Handler on a dead thread
11-26 12:07:54.925 14936 14936 W MessageQueue: java.lang.IllegalStateException: Handler (android.os.Handler) {3a4d1b4} sending message to a Handler on a dead thread
11-26 12:07:54.925 14936 14936 W MessageQueue: 	at android.os.MessageQueue.enqueueMessage(MessageQueue.java:650)
11-26 12:07:54.925 14936 14936 W MessageQueue: 	at android.os.Handler.enqueueMessage(Handler.java:769)
11-26 12:07:54.925 14936 14936 W MessageQueue: 	at android.os.Handler.sendMessageAtTime(Handler.java:718)
11-26 12:07:54.925 14936 14936 W MessageQueue: 	at android.os.Handler.sendMessageDelayed(Handler.java:688)
11-26 12:07:54.925 14936 14936 W MessageQueue: 	at android.os.Handler.post(Handler.java:405)
11-26 12:07:54.925 14936 14936 W MessageQueue: 	at symlab.CloudAR.ARManager.driveFrame(ARManager.java:157)
11-26 12:07:54.925 14936 14936 W MessageQueue: 	at symlab.ARHUD.MainActivity$3.onPreviewFrame(MainActivity.java:297)
11-26 12:07:54.925 14936 14936 W MessageQueue: 	at android.hardware.Camera$EventHandler.handleMessage(Camera.java:1278)
11-26 12:07:54.925 14936 14936 W MessageQueue: 	at android.os.Handler.dispatchMessage(Handler.java:112)
11-26 12:07:54.925 14936 14936 W MessageQueue: 	at android.os.Looper.loop(Looper.java:216)
11-26 12:07:54.925 14936 14936 W MessageQueue: 	at android.app.ActivityThread.main(ActivityThread.java:7579)
11-26 12:07:54.925 14936 14936 W MessageQueue: 	at java.lang.reflect.Method.invoke(Native Method)
11-26 12:07:54.925 14936 14936 W MessageQueue: 	at com.android.internal.os.RuntimeInit$MethodAndArgsCaller.run(RuntimeInit.java:524)
11-26 12:07:54.925 14936 14936 W MessageQueue: 	at com.android.internal.os.ZygoteInit.main(ZygoteInit.java:1034)
11-26 12:07:54.960 14936 14936 W MessageQueue: Handler (android.os.Handler) {3a4d1b4} sending message to a Handler on a dead thread
11-26 12:07:54.960 14936 14936 W MessageQueue: java.lang.IllegalStateException: Handler (android.os.Handler) {3a4d1b4} sending message to a Handler on a dead thread
11-26 12:07:54.960 14936 14936 W MessageQueue: 	at android.os.MessageQueue.enqueueMessage(MessageQueue.java:650)
11-26 12:07:54.960 14936 14936 W MessageQueue: 	at android.os.Handler.enqueueMessage(Handler.java:769)
11-26 12:07:54.960 14936 14936 W MessageQueue: 	at android.os.Handler.sendMessageAtTime(Handler.java:718)
11-26 12:07:54.960 14936 14936 W MessageQueue: 	at android.os.Handler.sendMessageDelayed(Handler.java:688)
11-26 12:07:54.960 14936 14936 W MessageQueue: 	at android.os.Handler.post(Handler.java:405)
11-26 12:07:54.960 14936 14936 W MessageQueue: 	at symlab.CloudAR.ARManager.recognizeTime(ARManager.java:152)
11-26 12:07:54.960 14936 14936 W MessageQueue: 	at symlab.ARHUD.MainActivity$3.onPreviewFrame(MainActivity.java:296)
11-26 12:07:54.960 14936 14936 W MessageQueue: 	at android.hardware.Camera$EventHandler.handleMessage(Camera.java:1278)
11-26 12:07:54.960 14936 14936 W MessageQueue: 	at android.os.Handler.dispatchMessage(Handler.java:112)
11-26 12:07:54.960 14936 14936 W MessageQueue: 	at android.os.Looper.loop(Looper.java:216)
11-26 12:07:54.960 14936 14936 W MessageQueue: 	at android.app.ActivityThread.main(ActivityThread.java:7579)
11-26 12:07:54.960 14936 14936 W MessageQueue: 	at java.lang.reflect.Method.invoke(Native Method)
11-26 12:07:54.960 14936 14936 W MessageQueue: 	at com.android.internal.os.RuntimeInit$MethodAndArgsCaller.run(RuntimeInit.java:524)
11-26 12:07:54.960 14936 14936 W MessageQueue: 	at com.android.internal.os.ZygoteInit.main(ZygoteInit.java:1034)
11-26 12:07:54.961 14936 14936 W MessageQueue: Handler (android.os.Handler) {3a4d1b4} sending message to a Handler on a dead thread
11-26 12:07:54.961 14936 14936 W MessageQueue: java.lang.IllegalStateException: Handler (android.os.Handler) {3a4d1b4} sending message to a Handler on a dead thread
11-26 12:07:54.961 14936 14936 W MessageQueue: 	at android.os.MessageQueue.enqueueMessage(MessageQueue.java:650)
11-26 12:07:54.961 14936 14936 W MessageQueue: 	at android.os.Handler.enqueueMessage(Handler.java:769)
11-26 12:07:54.961 14936 14936 W MessageQueue: 	at android.os.Handler.sendMessageAtTime(Handler.java:718)
11-26 12:07:54.961 14936 14936 W MessageQueue: 	at android.os.Handler.sendMessageDelayed(Handler.java:688)
11-26 12:07:54.961 14936 14936 W MessageQueue: 	at android.os.Handler.post(Handler.java:405)
11-26 12:07:54.961 14936 14936 W MessageQueue: 	at symlab.CloudAR.ARManager.driveFrame(ARManager.java:157)
11-26 12:07:54.961 14936 14936 W MessageQueue: 	at symlab.ARHUD.MainActivity$3.onPreviewFrame(MainActivity.java:297)
11-26 12:07:54.961 14936 14936 W MessageQueue: 	at android.hardware.Camera$EventHandler.handleMessage(Camera.java:1278)
11-26 12:07:54.961 14936 14936 W MessageQueue: 	at android.os.Handler.dispatchMessage(Handler.java:112)
11-26 12:07:54.961 14936 14936 W MessageQueue: 	at android.os.Looper.loop(Looper.java:216)
11-26 12:07:54.961 14936 14936 W MessageQueue: 	at android.app.ActivityThread.main(ActivityThread.java:7579)
11-26 12:07:54.961 14936 14936 W MessageQueue: 	at java.lang.reflect.Method.invoke(Native Method)
11-26 12:07:54.961 14936 14936 W MessageQueue: 	at com.android.internal.os.RuntimeInit$MethodAndArgsCaller.run(RuntimeInit.java:524)
11-26 12:07:54.961 14936 14936 W MessageQueue: 	at com.android.internal.os.ZygoteInit.main(ZygoteInit.java:1034)
11-26 12:07:54.993 14936 14936 W MessageQueue: Handler (android.os.Handler) {3a4d1b4} sending message to a Handler on a dead thread
11-26 12:07:54.993 14936 14936 W MessageQueue: java.lang.IllegalStateException: Handler (android.os.Handler) {3a4d1b4} sending message to a Handler on a dead thread
11-26 12:07:54.993 14936 14936 W MessageQueue: 	at android.os.MessageQueue.enqueueMessage(MessageQueue.java:650)
11-26 12:07:54.993 14936 14936 W MessageQueue: 	at android.os.Handler.enqueueMessage(Handler.java:769)
11-26 12:07:54.993 14936 14936 W MessageQueue: 	at android.os.Handler.sendMessageAtTime(Handler.java:718)
11-26 12:07:54.993 14936 14936 W MessageQueue: 	at android.os.Handler.sendMessageDelayed(Handler.java:688)
11-26 12:07:54.993 14936 14936 W MessageQueue: 	at android.os.Handler.post(Handler.java:405)
11-26 12:07:54.993 14936 14936 W MessageQueue: 	at symlab.CloudAR.ARManager.recognizeTime(ARManager.java:152)
11-26 12:07:54.993 14936 14936 W MessageQueue: 	at symlab.ARHUD.MainActivity$3.onPreviewFrame(MainActivity.java:296)
11-26 12:07:54.993 14936 14936 W MessageQueue: 	at android.hardware.Camera$EventHandler.handleMessage(Camera.java:1278)
11-26 12:07:54.993 14936 14936 W MessageQueue: 	at android.os.Handler.dispatchMessage(Handler.java:112)
11-26 12:07:54.993 14936 14936 W MessageQueue: 	at android.os.Looper.loop(Looper.java:216)
