11-26 11:18:20.914  7161  7195 W System.err: 	at android.os.Handler.dispatchMessage(Handler.java:105)
11-26 11:18:20.914  7161  7195 W System.err: 	at android.os.Looper.loop(Looper.java:216)
11-26 11:18:20.914  7161  7195 W System.err: 	at android.os.HandlerThread.run(HandlerThread.java:65)
11-26 11:18:20.947  7161  7195 W System.err: java.net.SocketException: Message too long
11-26 11:18:20.948  7161  7195 W System.err: 	at sun.nio.ch.DatagramChannelImpl.send0(Native Method)
11-26 11:18:20.948  7161  7195 W System.err: 	at sun.nio.ch.DatagramChannelImpl.sendFromNativeBuffer(DatagramChannelImpl.java:573)
11-26 11:18:20.948  7161  7195 W System.err: 	at sun.nio.ch.DatagramChannelImpl.send(DatagramChannelImpl.java:550)
11-26 11:18:20.948  7161  7195 W System.err: 	at sun.nio.ch.DatagramChannelImpl.send(DatagramChannelImpl.java:514)
11-26 11:18:20.948  7161  7195 W System.err: 	at symlab.CloudAR.network.TransmissionTask.run(TransmissionTask.java:133)
11-26 11:18:20.948  7161  7195 W System.err: 	at android.os.Handler.handleCallback(Handler.java:907)
11-26 11:18:20.948  7161  7195 W System.err: 	at android.os.Handler.dispatchMessage(Handler.java:105)
11-26 11:18:20.948  7161  7195 W System.err: 	at android.os.Looper.loop(Looper.java:216)
11-26 11:18:20.948  7161  7195 W System.err: 	at android.os.HandlerThread.run(HandlerThread.java:65)
11-26 11:18:20.975  7161  7195 W System.err: java.net.SocketException: Message too long
11-26 11:18:20.975  7161  7195 W System.err: 	at sun.nio.ch.DatagramChannelImpl.send0(Native Method)
11-26 11:18:20.975  7161  7195 W System.err: 	at sun.nio.ch.DatagramChannelImpl.sendFromNativeBuffer(DatagramChannelImpl.java:573)
11-26 11:18:20.975  7161  7195 W System.err: 	at sun.nio.ch.DatagramChannelImpl.send(DatagramChannelImpl.java:550)
11-26 11:18:20.975  7161  7195 W System.err: 	at sun.nio.ch.DatagramChannelImpl.send(DatagramChannelImpl.java:514)
11-26 11:18:20.975  7161  7195 W System.err: 	at symlab.CloudAR.network.TransmissionTask.run(TransmissionTask.java:133)
11-26 11:18:20.975  7161  7195 W System.err: 	at android.os.Handler.handleCallback(Handler.java:907)
11-26 11:18:20.975  7161  7195 W System.err: 	at android.os.Handler.dispatchMessage(Handler.java:105)
11-26 11:18:20.975  7161  7195 W System.err: 	at android.os.Looper.loop(Looper.java:216)
11-26 11:18:20.975  7161  7195 W System.err: 	at android.os.HandlerThread.run(HandlerThread.java:65)
11-26 11:18:21.030  7161  7172 E         : [ZeroHung]zrhung_get_config: Get config failed for wp[0x0008]
11-26 11:18:21.030  7161  7195 W System.err: java.net.SocketException: Message too long
11-26 11:18:21.030  7161  7195 W System.err: 	at sun.nio.ch.DatagramChannelImpl.send0(Native Method)
11-26 11:18:21.030  7161  7195 W System.err: 	at sun.nio.ch.DatagramChannelImpl.sendFromNativeBuffer(DatagramChannelImpl.java:573)
11-26 11:18:21.030  7161  7195 W System.err: 	at sun.nio.ch.DatagramChannelImpl.send(DatagramChannelImpl.java:550)
11-26 11:18:21.030  7161  7195 W System.err: 	at sun.nio.ch.DatagramChannelImpl.send(DatagramChannelImpl.java:514)
11-26 11:18:21.030  7161  7195 W System.err: 	at symlab.CloudAR.network.TransmissionTask.run(TransmissionTask.java:133)
11-26 11:18:21.030  7161  7195 W System.err: 	at android.os.Handler.handleCallback(Handler.java:907)
11-26 11:18:21.030  7161  7195 W System.err: 	at android.os.Handler.dispatchMessage(Handler.java:105)
11-26 11:18:21.030  7161  7195 W System.err: 	at android.os.Looper.loop(Looper.java:216)
11-26 11:18:21.030  7161  7195 W System.err: 	at android.os.HandlerThread.run(HandlerThread.java:65)
11-26 11:18:21.050  7161  7195 W System.err: java.net.SocketException: Message too long
11-26 11:18:21.050  7161  7195 W System.err: 	at sun.nio.ch.DatagramChannelImpl.send0(Native Method)
11-26 11:18:21.050  7161  7195 W System.err: 	at sun.nio.ch.DatagramChannelImpl.sendFromNativeBuffer(DatagramChannelImpl.java:573)
11-26 11:18:21.050  7161  7195 W System.err: 	at sun.nio.ch.DatagramChannelImpl.send(DatagramChannelImpl.java:550)
11-26 11:18:21.050  7161  7195 W System.err: 	at sun.nio.ch.DatagramChannelImpl.send(DatagramChannelImpl.java:514)
11-26 11:18:21.050  7161  7195 W System.err: 	at symlab.CloudAR.network.TransmissionTask.run(TransmissionTask.java:133)
11-26 11:18:21.050  7161  7195 W System.err: 	at android.os.Handler.handleCallback(Handler.java:907)
11-26 11:18:21.050  7161  7195 W System.err: 	at android.os.Handler.dispatchMessage(Handler.java:105)
11-26 11:18:21.050  7161  7195 W System.err: 	at android.os.Looper.loop(Looper.java:216)
11-26 11:18:21.050  7161  7195 W System.err: 	at android.os.HandlerThread.run(HandlerThread.java:65)
11-26 11:18:21.071  7161  7195 W System.err: java.net.SocketException: Message too long
11-26 11:18:21.071  7161  7195 W System.err: 	at sun.nio.ch.DatagramChannelImpl.send0(Native Method)
11-26 11:18:21.071  7161  7195 W System.err: 	at sun.nio.ch.DatagramChannelImpl.sendFromNativeBuffer(DatagramChannelImpl.java:573)
11-26 11:18:21.071  7161  7195 W System.err: 	at sun.nio.ch.DatagramChannelImpl.send(DatagramChannelImpl.java:550)
11-26 11:18:21.071  7161  7195 W System.err: 	at sun.nio.ch.DatagramChannelImpl.send(DatagramChannelImpl.java:514)
11-26 11:18:21.071  7161  7195 W System.err: 	at symlab.CloudAR.network.TransmissionTask.run(TransmissionTask.java:133)
11-26 11:18:21.071  7161  7195 W System.err: 	at android.os.Handler.handleCallback(Handler.java:907)
11-26 11:18:21.071  7161  7195 W System.err: 	at android.os.Handler.dispatchMessage(Handler.java:105)
11-26 11:18:21.071  7161  7195 W System.err: 	at android.os.Looper.loop(Looper.java:216)
11-26 11:18:21.071  7161  7195 W System.err: 	at android.os.HandlerThread.run(HandlerThread.java:65)
11-26 11:18:21.152  7161  7195 W System.err: java.net.SocketException: Message too long
11-26 11:18:21.152  7161  7195 W System.err: 	at sun.nio.ch.DatagramChannelImpl.send0(Native Method)
11-26 11:18:21.152  7161  7195 W System.err: 	at sun.nio.ch.DatagramChannelImpl.sendFromNativeBuffer(DatagramChannelImpl.java:573)
11-26 11:18:21.152  7161  7195 W System.err: 	at sun.nio.ch.DatagramChannelImpl.send(DatagramChannelImpl.java:550)
11-26 11:18:21.152  7161  7195 W System.err: 	at sun.nio.ch.DatagramChannelImpl.send(DatagramChannelImpl.java:514)
11-26 11:18:21.152  7161  7195 W System.err: 	at symlab.CloudAR.network.TransmissionTask.run(TransmissionTask.java:133)
11-26 11:18:21.152  7161  7195 W System.err: 	at android.os.Handler.handleCallback(Handler.java:907)
11-26 11:18:21.152  7161  7195 W System.err: 	at android.os.Handler.dispatchMessage(Handler.java:105)
11-26 11:18:21.152  7161  7195 W System.err: 	at android.os.Looper.loop(Looper.java:216)
11-26 11:18:21.152  7161  7195 W System.err: 	at android.os.HandlerThread.run(HandlerThread.java:65)
11-26 11:18:21.183  7161  7195 W System.err: java.net.SocketException: Message too long
11-26 11:18:21.183  7161  7195 W System.err: 	at sun.nio.ch.DatagramChannelImpl.send0(Native Method)
11-26 11:18:21.183  7161  7195 W System.err: 	at sun.nio.ch.DatagramChannelImpl.sendFromNativeBuffer(DatagramChannelImpl.java:573)
11-26 11:18:21.183  7161  7195 W System.err: 	at sun.nio.ch.DatagramChannelImpl.send(DatagramChannelImpl.java:550)
11-26 11:18:21.183  7161  7195 W System.err: 	at sun.nio.ch.DatagramChannelImpl.send(DatagramChannelImpl.java:514)
11-26 11:18:21.183  7161  7195 W System.err: 	at symlab.CloudAR.network.TransmissionTask.run(TransmissionTask.java:133)
11-26 11:18:21.183  7161  7195 W System.err: 	at android.os.Handler.handleCallback(Handler.java:907)
11-26 11:18:21.183  7161  7195 W System.err: 	at android.os.Handler.dispatchMessage(Handler.java:105)
11-26 11:18:21.183  7161  7195 W System.err: 	at android.os.Looper.loop(Looper.java:216)
11-26 11:18:21.183  7161  7195 W System.err: 	at android.os.HandlerThread.run(HandlerThread.java:65)
11-26 11:18:21.209  7161  7195 W System.err: java.net.SocketException: Message too long
11-26 11:18:21.209  7161  7195 W System.err: 	at sun.nio.ch.DatagramChannelImpl.send0(Native Method)
11-26 11:18:21.209  7161  7195 W System.err: 	at sun.nio.ch.DatagramChannelImpl.sendFromNativeBuffer(DatagramChannelImpl.java:573)
11-26 11:18:21.209  7161  7195 W System.err: 	at sun.nio.ch.DatagramChannelImpl.send(DatagramChannelImpl.java:550)
11-26 11:18:21.209  7161  7195 W System.err: 	at sun.nio.ch.DatagramChannelImpl.send(DatagramChannelImpl.java:514)
11-26 11:18:21.209  7161  7195 W System.err: 	at symlab.CloudAR.network.TransmissionTask.run(TransmissionTask.java:133)
11-26 11:18:21.209  7161  7195 W System.err: 	at android.os.Handler.handleCallback(Handler.java:907)
11-26 11:18:21.209  7161  7195 W System.err: 	at android.os.Handler.dispatchMessage(Handler.java:105)
11-26 11:18:21.209  7161  7195 W System.err: 	at android.os.Looper.loop(Looper.java:216)
11-26 11:18:21.209  7161  7195 W System.err: 	at android.os.HandlerThread.run(HandlerThread.java:65)
11-26 11:18:21.211  7161  7161 D Poster  : At 1574759901211 location is 65.05821961820801 (latitude), and 25.46832770153293 (longitude)
11-26 11:18:21.213  7161  7161 D Poster  : Connected to mobile network 20
11-26 11:18:21.250  7161  7195 W System.err: java.net.SocketException: Message too long
11-26 11:18:21.250  7161  7195 W System.err: 	at sun.nio.ch.DatagramChannelImpl.send0(Native Method)
11-26 11:18:21.250  7161  7195 W System.err: 	at sun.nio.ch.DatagramChannelImpl.sendFromNativeBuffer(DatagramChannelImpl.java:573)
11-26 11:18:21.250  7161  7195 W System.err: 	at sun.nio.ch.DatagramChannelImpl.send(DatagramChannelImpl.java:550)
11-26 11:18:21.250  7161  7195 W System.err: 	at sun.nio.ch.DatagramChannelImpl.send(DatagramChannelImpl.java:514)
11-26 11:18:21.250  7161  7195 W System.err: 	at symlab.CloudAR.network.TransmissionTask.run(TransmissionTask.java:133)
11-26 11:18:21.250  7161  7195 W System.err: 	at android.os.Handler.handleCallback(Handler.java:907)
11-26 11:18:21.250  7161  7195 W System.err: 	at android.os.Handler.dispatchMessage(Handler.java:105)
11-26 11:18:21.250  7161  7195 W System.err: 	at android.os.Looper.loop(Looper.java:216)
11-26 11:18:21.250  7161  7195 W System.err: 	at android.os.HandlerThread.run(HandlerThread.java:65)
11-26 11:18:21.278  7161  7195 W System.err: java.net.SocketException: Message too long
11-26 11:18:21.278  7161  7195 W System.err: 	at sun.nio.ch.DatagramChannelImpl.send0(Native Method)
11-26 11:18:21.278  7161  7195 W System.err: 	at sun.nio.ch.DatagramChannelImpl.sendFromNativeBuffer(DatagramChannelImpl.java:573)
11-26 11:18:21.279  7161  7195 W System.err: 	at sun.nio.ch.DatagramChannelImpl.send(DatagramChannelImpl.java:550)
11-26 11:18:21.279  7161  7195 W System.err: 	at sun.nio.ch.DatagramChannelImpl.send(DatagramChannelImpl.java:514)
11-26 11:18:21.279  7161  7195 W System.err: 	at symlab.CloudAR.network.TransmissionTask.run(TransmissionTask.java:133)
11-26 11:18:21.279  7161  7195 W System.err: 	at android.os.Handler.handleCallback(Handler.java:907)
11-26 11:18:21.279  7161  7195 W System.err: 	at android.os.Handler.dispatchMessage(Handler.java:105)
11-26 11:18:21.279  7161  7195 W System.err: 	at android.os.Looper.loop(Looper.java:216)
11-26 11:18:21.279  7161  7195 W System.err: 	at android.os.HandlerThread.run(HandlerThread.java:65)
11-26 11:18:21.318  7161  7195 W System.err: java.net.SocketException: Message too long
11-26 11:18:21.318  7161  7195 W System.err: 	at sun.nio.ch.DatagramChannelImpl.send0(Native Method)
11-26 11:18:21.319  7161  7195 W System.err: 	at sun.nio.ch.DatagramChannelImpl.sendFromNativeBuffer(DatagramChannelImpl.java:573)
11-26 11:18:21.319  7161  7195 W System.err: 	at sun.nio.ch.DatagramChannelImpl.send(DatagramChannelImpl.java:550)
11-26 11:18:21.319  7161  7195 W System.err: 	at sun.nio.ch.DatagramChannelImpl.send(DatagramChannelImpl.java:514)
11-26 11:18:21.319  7161  7195 W System.err: 	at symlab.CloudAR.network.TransmissionTask.run(TransmissionTask.java:133)
11-26 11:18:21.319  7161  7195 W System.err: 	at android.os.Handler.handleCallback(Handler.java:907)
11-26 11:18:21.319  7161  7195 W System.err: 	at android.os.Handler.dispatchMessage(Handler.java:105)
11-26 11:18:21.319  7161  7195 W System.err: 	at android.os.Looper.loop(Looper.java:216)
11-26 11:18:21.319  7161  7195 W System.err: 	at android.os.HandlerThread.run(HandlerThread.java:65)
11-26 11:18:21.341  7161  7195 W System.err: java.net.SocketException: Message too long
11-26 11:18:21.341  7161  7195 W System.err: 	at sun.nio.ch.DatagramChannelImpl.send0(Native Method)
11-26 11:18:21.342  7161  7195 W System.err: 	at sun.nio.ch.DatagramChannelImpl.sendFromNativeBuffer(DatagramChannelImpl.java:573)
11-26 11:18:21.342  7161  7195 W System.err: 	at sun.nio.ch.DatagramChannelImpl.send(DatagramChannelImpl.java:550)
11-26 11:18:21.342  7161  7195 W System.err: 	at sun.nio.ch.DatagramChannelImpl.send(DatagramChannelImpl.java:514)
11-26 11:18:21.342  7161  7195 W System.err: 	at symlab.CloudAR.network.TransmissionTask.run(TransmissionTask.java:133)
11-26 11:18:21.342  7161  7195 W System.err: 	at android.os.Handler.handleCallback(Handler.java:907)
11-26 11:18:21.342  7161  7195 W System.err: 	at android.os.Handler.dispatchMessage(Handler.java:105)
11-26 11:18:21.342  7161  7195 W System.err: 	at android.os.Looper.loop(Looper.java:216)
11-26 11:18:21.342  7161  7195 W System.err: 	at android.os.HandlerThread.run(HandlerThread.java:65)
11-26 11:18:21.375  7161  7195 W System.err: java.net.SocketException: Message too long
11-26 11:18:21.375  7161  7195 W System.err: 	at sun.nio.ch.DatagramChannelImpl.send0(Native Method)
11-26 11:18:21.375  7161  7195 W System.err: 	at sun.nio.ch.DatagramChannelImpl.sendFromNativeBuffer(DatagramChannelImpl.java:573)
11-26 11:18:21.375  7161  7195 W System.err: 	at sun.nio.ch.DatagramChannelImpl.send(DatagramChannelImpl.java:550)
11-26 11:18:21.375  7161  7195 W System.err: 	at sun.nio.ch.DatagramChannelImpl.send(DatagramChannelImpl.java:514)
11-26 11:18:21.375  7161  7195 W System.err: 	at symlab.CloudAR.network.TransmissionTask.run(TransmissionTask.java:133)
11-26 11:18:21.375  7161  7195 W System.err: 	at android.os.Handler.handleCallback(Handler.java:907)
11-26 11:18:21.375  7161  7195 W System.err: 	at android.os.Handler.dispatchMessage(Handler.java:105)
11-26 11:18:21.375  7161  7195 W System.err: 	at android.os.Looper.loop(Looper.java:216)
11-26 11:18:21.375  7161  7195 W System.err: 	at android.os.HandlerThread.run(HandlerThread.java:65)
11-26 11:18:21.412  7161  7195 W System.err: java.net.SocketException: Message too long
11-26 11:18:21.412  7161  7195 W System.err: 	at sun.nio.ch.DatagramChannelImpl.send0(Native Method)
11-26 11:18:21.412  7161  7195 W System.err: 	at sun.nio.ch.DatagramChannelImpl.sendFromNativeBuffer(DatagramChannelImpl.java:573)
11-26 11:18:21.412  7161  7195 W System.err: 	at sun.nio.ch.DatagramChannelImpl.send(DatagramChannelImpl.java:550)
11-26 11:18:21.412  7161  7195 W System.err: 	at sun.nio.ch.DatagramChannelImpl.send(DatagramChannelImpl.java:514)
11-26 11:18:21.412  7161  7195 W System.err: 	at symlab.CloudAR.network.TransmissionTask.run(TransmissionTask.java:133)
11-26 11:18:21.412  7161  7195 W System.err: 	at android.os.Handler.handleCallback(Handler.java:907)
11-26 11:18:21.412  7161  7195 W System.err: 	at android.os.Handler.dispatchMessage(Handler.java:105)
11-26 11:18:21.412  7161  7195 W System.err: 	at android.os.Looper.loop(Looper.java:216)
11-26 11:18:21.412  7161  7195 W System.err: 	at android.os.HandlerThread.run(HandlerThread.java:65)
11-26 11:18:21.446  7161  7195 W System.err: java.net.SocketException: Message too long
11-26 11:18:21.446  7161  7195 W System.err: 	at sun.nio.ch.DatagramChannelImpl.send0(Native Method)
11-26 11:18:21.446  7161  7195 W System.err: 	at sun.nio.ch.DatagramChannelImpl.sendFromNativeBuffer(DatagramChannelImpl.java:573)
11-26 11:18:21.446  7161  7195 W System.err: 	at sun.nio.ch.DatagramChannelImpl.send(DatagramChannelImpl.java:550)
11-26 11:18:21.446  7161  7195 W System.err: 	at sun.nio.ch.DatagramChannelImpl.send(DatagramChannelImpl.java:514)
11-26 11:18:21.446  7161  7195 W System.err: 	at symlab.CloudAR.network.TransmissionTask.run(TransmissionTask.java:133)
11-26 11:18:21.446  7161  7195 W System.err: 	at android.os.Handler.handleCallback(Handler.java:907)
11-26 11:18:21.446  7161  7195 W System.err: 	at android.os.Handler.dispatchMessage(Handler.java:105)
11-26 11:18:21.446  7161  7195 W System.err: 	at android.os.Looper.loop(Looper.java:216)
11-26 11:18:21.446  7161  7195 W System.err: 	at android.os.HandlerThread.run(HandlerThread.java:65)
11-26 11:18:21.479  7161  7195 W System.err: java.net.SocketException: Message too long
11-26 11:18:21.479  7161  7195 W System.err: 	at sun.nio.ch.DatagramChannelImpl.send0(Native Method)
11-26 11:18:21.479  7161  7195 W System.err: 	at sun.nio.ch.DatagramChannelImpl.sendFromNativeBuffer(DatagramChannelImpl.java:573)
11-26 11:18:21.479  7161  7195 W System.err: 	at sun.nio.ch.DatagramChannelImpl.send(DatagramChannelImpl.java:550)
11-26 11:18:21.479  7161  7195 W System.err: 	at sun.nio.ch.DatagramChannelImpl.send(DatagramChannelImpl.java:514)
11-26 11:18:21.479  7161  7195 W System.err: 	at symlab.CloudAR.network.TransmissionTask.run(TransmissionTask.java:133)
11-26 11:18:21.479  7161  7195 W System.err: 	at android.os.Handler.handleCallback(Handler.java:907)
11-26 11:18:21.479  7161  7195 W System.err: 	at android.os.Handler.dispatchMessage(Handler.java:105)
11-26 11:18:21.479  7161  7195 W System.err: 	at android.os.Looper.loop(Looper.java:216)
11-26 11:18:21.479  7161  7195 W System.err: 	at android.os.HandlerThread.run(HandlerThread.java:65)
11-26 11:18:21.514  7161  7195 W System.err: java.net.SocketException: Message too long
11-26 11:18:21.514  7161  7195 W System.err: 	at sun.nio.ch.DatagramChannelImpl.send0(Native Method)
11-26 11:18:21.514  7161  7195 W System.err: 	at sun.nio.ch.DatagramChannelImpl.sendFromNativeBuffer(DatagramChannelImpl.java:573)
11-26 11:18:21.514  7161  7195 W System.err: 	at sun.nio.ch.DatagramChannelImpl.send(DatagramChannelImpl.java:550)
11-26 11:18:21.514  7161  7195 W System.err: 	at sun.nio.ch.DatagramChannelImpl.send(DatagramChannelImpl.java:514)
11-26 11:18:21.514  7161  7195 W System.err: 	at symlab.CloudAR.network.TransmissionTask.run(TransmissionTask.java:133)
11-26 11:18:21.514  7161  7195 W System.err: 	at android.os.Handler.handleCallback(Handler.java:907)
11-26 11:18:21.514  7161  7195 W System.err: 	at android.os.Handler.dispatchMessage(Handler.java:105)
11-26 11:18:21.514  7161  7195 W System.err: 	at android.os.Looper.loop(Looper.java:216)
11-26 11:18:21.514  7161  7195 W System.err: 	at android.os.HandlerThread.run(HandlerThread.java:65)
11-26 11:18:21.545  7161  7195 W System.err: java.net.SocketException: Message too long
11-26 11:18:21.545  7161  7195 W System.err: 	at sun.nio.ch.DatagramChannelImpl.send0(Native Method)
11-26 11:18:21.545  7161  7195 W System.err: 	at sun.nio.ch.DatagramChannelImpl.sendFromNativeBuffer(DatagramChannelImpl.java:573)
11-26 11:18:21.545  7161  7195 W System.err: 	at sun.nio.ch.DatagramChannelImpl.send(DatagramChannelImpl.java:550)
11-26 11:18:21.545  7161  7195 W System.err: 	at sun.nio.ch.DatagramChannelImpl.send(DatagramChannelImpl.java:514)
11-26 11:18:21.545  7161  7195 W System.err: 	at symlab.CloudAR.network.TransmissionTask.run(TransmissionTask.java:133)
11-26 11:18:21.545  7161  7195 W System.err: 	at android.os.Handler.handleCallback(Handler.java:907)
11-26 11:18:21.545  7161  7195 W System.err: 	at android.os.Handler.dispatchMessage(Handler.java:105)
11-26 11:18:21.545  7161  7195 W System.err: 	at android.os.Looper.loop(Looper.java:216)
11-26 11:18:21.545  7161  7195 W System.err: 	at android.os.HandlerThread.run(HandlerThread.java:65)
11-26 11:18:21.580  7161  7195 W System.err: java.net.SocketException: Message too long
11-26 11:18:21.580  7161  7195 W System.err: 	at sun.nio.ch.DatagramChannelImpl.send0(Native Method)
11-26 11:18:21.580  7161  7195 W System.err: 	at sun.nio.ch.DatagramChannelImpl.sendFromNativeBuffer(DatagramChannelImpl.java:573)
11-26 11:18:21.580  7161  7195 W System.err: 	at sun.nio.ch.DatagramChannelImpl.send(DatagramChannelImpl.java:550)
11-26 11:18:21.580  7161  7195 W System.err: 	at sun.nio.ch.DatagramChannelImpl.send(DatagramChannelImpl.java:514)
11-26 11:18:21.580  7161  7195 W System.err: 	at symlab.CloudAR.network.TransmissionTask.run(TransmissionTask.java:133)
11-26 11:18:21.580  7161  7195 W System.err: 	at android.os.Handler.handleCallback(Handler.java:907)
11-26 11:18:21.580  7161  7195 W System.err: 	at android.os.Handler.dispatchMessage(Handler.java:105)
11-26 11:18:21.580  7161  7195 W System.err: 	at android.os.Looper.loop(Looper.java:216)
11-26 11:18:21.580  7161  7195 W System.err: 	at android.os.HandlerThread.run(HandlerThread.java:65)
11-26 11:18:21.612  7161  7195 W System.err: java.net.SocketException: Message too long
11-26 11:18:21.612  7161  7195 W System.err: 	at sun.nio.ch.DatagramChannelImpl.send0(Native Method)
11-26 11:18:21.612  7161  7195 W System.err: 	at sun.nio.ch.DatagramChannelImpl.sendFromNativeBuffer(DatagramChannelImpl.java:573)
11-26 11:18:21.612  7161  7195 W System.err: 	at sun.nio.ch.DatagramChannelImpl.send(DatagramChannelImpl.java:550)
11-26 11:18:21.612  7161  7195 W System.err: 	at sun.nio.ch.DatagramChannelImpl.send(DatagramChannelImpl.java:514)
11-26 11:18:21.612  7161  7195 W System.err: 	at symlab.CloudAR.network.TransmissionTask.run(TransmissionTask.java:133)
11-26 11:18:21.612  7161  7195 W System.err: 	at android.os.Handler.handleCallback(Handler.java:907)
11-26 11:18:21.612  7161  7195 W System.err: 	at android.os.Handler.dispatchMessage(Handler.java:105)
11-26 11:18:21.612  7161  7195 W System.err: 	at android.os.Looper.loop(Looper.java:216)
11-26 11:18:21.612  7161  7195 W System.err: 	at android.os.HandlerThread.run(HandlerThread.java:65)
11-26 11:18:21.647  7161  7195 W System.err: java.net.SocketException: Message too long
11-26 11:18:21.647  7161  7195 W System.err: 	at sun.nio.ch.DatagramChannelImpl.send0(Native Method)
11-26 11:18:21.647  7161  7195 W System.err: 	at sun.nio.ch.DatagramChannelImpl.sendFromNativeBuffer(DatagramChannelImpl.java:573)
11-26 11:18:21.647  7161  7195 W System.err: 	at sun.nio.ch.DatagramChannelImpl.send(DatagramChannelImpl.java:550)
11-26 11:18:21.647  7161  7195 W System.err: 	at sun.nio.ch.DatagramChannelImpl.send(DatagramChannelImpl.java:514)
11-26 11:18:21.647  7161  7195 W System.err: 	at symlab.CloudAR.network.TransmissionTask.run(TransmissionTask.java:133)
11-26 11:18:21.647  7161  7195 W System.err: 	at android.os.Handler.handleCallback(Handler.java:907)
11-26 11:18:21.647  7161  7195 W System.err: 	at android.os.Handler.dispatchMessage(Handler.java:105)
11-26 11:18:21.647  7161  7195 W System.err: 	at android.os.Looper.loop(Looper.java:216)
11-26 11:18:21.647  7161  7195 W System.err: 	at android.os.HandlerThread.run(HandlerThread.java:65)
11-26 11:18:21.712  7161  7195 W System.err: java.net.SocketException: Message too long
11-26 11:18:21.712  7161  7195 W System.err: 	at sun.nio.ch.DatagramChannelImpl.send0(Native Method)
11-26 11:18:21.712  7161  7195 W System.err: 	at sun.nio.ch.DatagramChannelImpl.sendFromNativeBuffer(DatagramChannelImpl.java:573)
11-26 11:18:21.712  7161  7195 W System.err: 	at sun.nio.ch.DatagramChannelImpl.send(DatagramChannelImpl.java:550)
11-26 11:18:21.712  7161  7195 W System.err: 	at sun.nio.ch.DatagramChannelImpl.send(DatagramChannelImpl.java:514)
11-26 11:18:21.712  7161  7195 W System.err: 	at symlab.CloudAR.network.TransmissionTask.run(TransmissionTask.java:133)
11-26 11:18:21.712  7161  7195 W System.err: 	at android.os.Handler.handleCallback(Handler.java:907)
11-26 11:18:21.712  7161  7195 W System.err: 	at android.os.Handler.dispatchMessage(Handler.java:105)
11-26 11:18:21.712  7161  7195 W System.err: 	at android.os.Looper.loop(Looper.java:216)
11-26 11:18:21.712  7161  7195 W System.err: 	at android.os.HandlerThread.run(HandlerThread.java:65)
11-26 11:18:21.743  7161  7195 W System.err: java.net.SocketException: Message too long
11-26 11:18:21.743  7161  7195 W System.err: 	at sun.nio.ch.DatagramChannelImpl.send0(Native Method)
11-26 11:18:21.743  7161  7195 W System.err: 	at sun.nio.ch.DatagramChannelImpl.sendFromNativeBuffer(DatagramChannelImpl.java:573)
11-26 11:18:21.743  7161  7195 W System.err: 	at sun.nio.ch.DatagramChannelImpl.send(DatagramChannelImpl.java:550)
11-26 11:18:21.743  7161  7195 W System.err: 	at sun.nio.ch.DatagramChannelImpl.send(DatagramChannelImpl.java:514)
11-26 11:18:21.743  7161  7195 W System.err: 	at symlab.CloudAR.network.TransmissionTask.run(TransmissionTask.java:133)
11-26 11:18:21.743  7161  7195 W System.err: 	at android.os.Handler.handleCallback(Handler.java:907)
11-26 11:18:21.743  7161  7195 W System.err: 	at android.os.Handler.dispatchMessage(Handler.java:105)
11-26 11:18:21.743  7161  7195 W System.err: 	at android.os.Looper.loop(Looper.java:216)
11-26 11:18:21.743  7161  7195 W System.err: 	at android.os.HandlerThread.run(HandlerThread.java:65)
11-26 11:18:21.780  7161  7195 W System.err: java.net.SocketException: Message too long
11-26 11:18:21.780  7161  7195 W System.err: 	at sun.nio.ch.DatagramChannelImpl.send0(Native Method)
11-26 11:18:21.780  7161  7195 W System.err: 	at sun.nio.ch.DatagramChannelImpl.sendFromNativeBuffer(DatagramChannelImpl.java:573)
11-26 11:18:21.780  7161  7195 W System.err: 	at sun.nio.ch.DatagramChannelImpl.send(DatagramChannelImpl.java:550)
11-26 11:18:21.780  7161  7195 W System.err: 	at sun.nio.ch.DatagramChannelImpl.send(DatagramChannelImpl.java:514)
11-26 11:18:21.780  7161  7195 W System.err: 	at symlab.CloudAR.network.TransmissionTask.run(TransmissionTask.java:133)
11-26 11:18:21.780  7161  7195 W System.err: 	at android.os.Handler.handleCallback(Handler.java:907)
11-26 11:18:21.780  7161  7195 W System.err: 	at android.os.Handler.dispatchMessage(Handler.java:105)
11-26 11:18:21.780  7161  7195 W System.err: 	at android.os.Looper.loop(Looper.java:216)
11-26 11:18:21.780  7161  7195 W System.err: 	at android.os.HandlerThread.run(HandlerThread.java:65)
11-26 11:18:21.816  7161  7195 W System.err: java.net.SocketException: Message too long
11-26 11:18:21.817  7161  7195 W System.err: 	at sun.nio.ch.DatagramChannelImpl.send0(Native Method)
11-26 11:18:21.817  7161  7195 W System.err: 	at sun.nio.ch.DatagramChannelImpl.sendFromNativeBuffer(DatagramChannelImpl.java:573)
11-26 11:18:21.817  7161  7195 W System.err: 	at sun.nio.ch.DatagramChannelImpl.send(DatagramChannelImpl.java:550)
11-26 11:18:21.817  7161  7195 W System.err: 	at sun.nio.ch.DatagramChannelImpl.send(DatagramChannelImpl.java:514)
11-26 11:18:21.817  7161  7195 W System.err: 	at symlab.CloudAR.network.TransmissionTask.run(TransmissionTask.java:133)
11-26 11:18:21.817  7161  7195 W System.err: 	at android.os.Handler.handleCallback(Handler.java:907)
11-26 11:18:21.817  7161  7195 W System.err: 	at android.os.Handler.dispatchMessage(Handler.java:105)
11-26 11:18:21.817  7161  7195 W System.err: 	at android.os.Looper.loop(Looper.java:216)
11-26 11:18:21.817  7161  7195 W System.err: 	at android.os.HandlerThread.run(HandlerThread.java:65)
11-26 11:18:21.850  7161  7172 E         : [ZeroHung]zrhung_get_config: Get config failed for wp[0x0008]
11-26 11:18:21.850  7161  7195 W System.err: java.net.SocketException: Message too long
11-26 11:18:21.851  7161  7195 W System.err: 	at sun.nio.ch.DatagramChannelImpl.send0(Native Method)
11-26 11:18:21.851  7161  7195 W System.err: 	at sun.nio.ch.DatagramChannelImpl.sendFromNativeBuffer(DatagramChannelImpl.java:573)
11-26 11:18:21.851  7161  7195 W System.err: 	at sun.nio.ch.DatagramChannelImpl.send(DatagramChannelImpl.java:550)
11-26 11:18:21.851  7161  7195 W System.err: 	at sun.nio.ch.DatagramChannelImpl.send(DatagramChannelImpl.java:514)
11-26 11:18:21.851  7161  7195 W System.err: 	at symlab.CloudAR.network.TransmissionTask.run(TransmissionTask.java:133)
11-26 11:18:21.851  7161  7195 W System.err: 	at android.os.Handler.handleCallback(Handler.java:907)
11-26 11:18:21.851  7161  7195 W System.err: 	at android.os.Handler.dispatchMessage(Handler.java:105)
11-26 11:18:21.851  7161  7195 W System.err: 	at android.os.Looper.loop(Looper.java:216)
11-26 11:18:21.851  7161  7195 W System.err: 	at android.os.HandlerThread.run(HandlerThread.java:65)
11-26 11:18:21.868  7161  7170 W System  : A resource failed to call close. 
11-26 11:18:21.868  7161  7170 W System  : A resource failed to call close. 
11-26 11:18:21.880  7161  7195 W System.err: java.net.SocketException: Message too long
11-26 11:18:21.880  7161  7195 W System.err: 	at sun.nio.ch.DatagramChannelImpl.send0(Native Method)
11-26 11:18:21.880  7161  7195 W System.err: 	at sun.nio.ch.DatagramChannelImpl.sendFromNativeBuffer(DatagramChannelImpl.java:573)
11-26 11:18:21.880  7161  7195 W System.err: 	at sun.nio.ch.DatagramChannelImpl.send(DatagramChannelImpl.java:550)
11-26 11:18:21.880  7161  7195 W System.err: 	at sun.nio.ch.DatagramChannelImpl.send(DatagramChannelImpl.java:514)
11-26 11:18:21.880  7161  7195 W System.err: 	at symlab.CloudAR.network.TransmissionTask.run(TransmissionTask.java:133)
11-26 11:18:21.880  7161  7195 W System.err: 	at android.os.Handler.handleCallback(Handler.java:907)
11-26 11:18:21.880  7161  7195 W System.err: 	at android.os.Handler.dispatchMessage(Handler.java:105)
11-26 11:18:21.880  7161  7195 W System.err: 	at android.os.Looper.loop(Looper.java:216)
11-26 11:18:21.880  7161  7195 W System.err: 	at android.os.HandlerThread.run(HandlerThread.java:65)
11-26 11:18:21.914  7161  7195 W System.err: java.net.SocketException: Message too long
11-26 11:18:21.914  7161  7195 W System.err: 	at sun.nio.ch.DatagramChannelImpl.send0(Native Method)
11-26 11:18:21.914  7161  7195 W System.err: 	at sun.nio.ch.DatagramChannelImpl.sendFromNativeBuffer(DatagramChannelImpl.java:573)
11-26 11:18:21.914  7161  7195 W System.err: 	at sun.nio.ch.DatagramChannelImpl.send(DatagramChannelImpl.java:550)
11-26 11:18:21.914  7161  7195 W System.err: 	at sun.nio.ch.DatagramChannelImpl.send(DatagramChannelImpl.java:514)
11-26 11:18:21.914  7161  7195 W System.err: 	at symlab.CloudAR.network.TransmissionTask.run(TransmissionTask.java:133)
11-26 11:18:21.914  7161  7195 W System.err: 	at android.os.Handler.handleCallback(Handler.java:907)
11-26 11:18:21.914  7161  7195 W System.err: 	at android.os.Handler.dispatchMessage(Handler.java:105)
11-26 11:18:21.914  7161  7195 W System.err: 	at android.os.Looper.loop(Looper.java:216)
11-26 11:18:21.914  7161  7195 W System.err: 	at android.os.HandlerThread.run(HandlerThread.java:65)
11-26 11:18:21.950  7161  7195 W System.err: java.net.SocketException: Message too long
11-26 11:18:21.950  7161  7195 W System.err: 	at sun.nio.ch.DatagramChannelImpl.send0(Native Method)
11-26 11:18:21.950  7161  7195 W System.err: 	at sun.nio.ch.DatagramChannelImpl.sendFromNativeBuffer(DatagramChannelImpl.java:573)
11-26 11:18:21.950  7161  7195 W System.err: 	at sun.nio.ch.DatagramChannelImpl.send(DatagramChannelImpl.java:550)
11-26 11:18:21.950  7161  7195 W System.err: 	at sun.nio.ch.DatagramChannelImpl.send(DatagramChannelImpl.java:514)
11-26 11:18:21.950  7161  7195 W System.err: 	at symlab.CloudAR.network.TransmissionTask.run(TransmissionTask.java:133)
11-26 11:18:21.950  7161  7195 W System.err: 	at android.os.Handler.handleCallback(Handler.java:907)
11-26 11:18:21.950  7161  7195 W System.err: 	at android.os.Handler.dispatchMessage(Handler.java:105)
11-26 11:18:21.950  7161  7195 W System.err: 	at android.os.Looper.loop(Looper.java:216)
11-26 11:18:21.950  7161  7195 W System.err: 	at android.os.HandlerThread.run(HandlerThread.java:65)
11-26 11:18:21.992  7161  7195 W System.err: java.net.SocketException: Message too long
11-26 11:18:21.992  7161  7195 W System.err: 	at sun.nio.ch.DatagramChannelImpl.send0(Native Method)
11-26 11:18:21.992  7161  7195 W System.err: 	at sun.nio.ch.DatagramChannelImpl.sendFromNativeBuffer(DatagramChannelImpl.java:573)
11-26 11:18:21.992  7161  7195 W System.err: 	at sun.nio.ch.DatagramChannelImpl.send(DatagramChannelImpl.java:550)
11-26 11:18:21.992  7161  7195 W System.err: 	at sun.nio.ch.DatagramChannelImpl.send(DatagramChannelImpl.java:514)
11-26 11:18:21.992  7161  7195 W System.err: 	at symlab.CloudAR.network.TransmissionTask.run(TransmissionTask.java:133)
11-26 11:18:21.992  7161  7195 W System.err: 	at android.os.Handler.handleCallback(Handler.java:907)
11-26 11:18:21.992  7161  7195 W System.err: 	at android.os.Handler.dispatchMessage(Handler.java:105)
11-26 11:18:21.992  7161  7195 W System.err: 	at android.os.Looper.loop(Looper.java:216)
11-26 11:18:21.992  7161  7195 W System.err: 	at android.os.HandlerThread.run(HandlerThread.java:65)
11-26 11:18:22.024  7161  7195 W System.err: java.net.SocketException: Message too long
11-26 11:18:22.025  7161  7195 W System.err: 	at sun.nio.ch.DatagramChannelImpl.send0(Native Method)
11-26 11:18:22.025  7161  7195 W System.err: 	at sun.nio.ch.DatagramChannelImpl.sendFromNativeBuffer(DatagramChannelImpl.java:573)
11-26 11:18:22.025  7161  7195 W System.err: 	at sun.nio.ch.DatagramChannelImpl.send(DatagramChannelImpl.java:550)
11-26 11:18:22.025  7161  7195 W System.err: 	at sun.nio.ch.DatagramChannelImpl.send(DatagramChannelImpl.java:514)
11-26 11:18:22.025  7161  7195 W System.err: 	at symlab.CloudAR.network.TransmissionTask.run(TransmissionTask.java:133)
11-26 11:18:22.025  7161  7195 W System.err: 	at android.os.Handler.handleCallback(Handler.java:907)
11-26 11:18:22.025  7161  7195 W System.err: 	at android.os.Handler.dispatchMessage(Handler.java:105)
11-26 11:18:22.025  7161  7195 W System.err: 	at android.os.Looper.loop(Looper.java:216)
11-26 11:18:22.025  7161  7195 W System.err: 	at android.os.HandlerThread.run(HandlerThread.java:65)
11-26 11:18:22.047  7161  7195 W System.err: java.net.SocketException: Message too long
11-26 11:18:22.047  7161  7195 W System.err: 	at sun.nio.ch.DatagramChannelImpl.send0(Native Method)
11-26 11:18:22.047  7161  7195 W System.err: 	at sun.nio.ch.DatagramChannelImpl.sendFromNativeBuffer(DatagramChannelImpl.java:573)
11-26 11:18:22.047  7161  7195 W System.err: 	at sun.nio.ch.DatagramChannelImpl.send(DatagramChannelImpl.java:550)
11-26 11:18:22.047  7161  7195 W System.err: 	at sun.nio.ch.DatagramChannelImpl.send(DatagramChannelImpl.java:514)
11-26 11:18:22.047  7161  7195 W System.err: 	at symlab.CloudAR.network.TransmissionTask.run(TransmissionTask.java:133)
11-26 11:18:22.047  7161  7195 W System.err: 	at android.os.Handler.handleCallback(Handler.java:907)
11-26 11:18:22.047  7161  7195 W System.err: 	at android.os.Handler.dispatchMessage(Handler.java:105)
11-26 11:18:22.047  7161  7195 W System.err: 	at android.os.Looper.loop(Looper.java:216)
11-26 11:18:22.047  7161  7195 W System.err: 	at android.os.HandlerThread.run(HandlerThread.java:65)
11-26 11:18:22.092  7161  7195 W System.err: java.net.SocketException: Message too long
11-26 11:18:22.092  7161  7195 W System.err: 	at sun.nio.ch.DatagramChannelImpl.send0(Native Method)
11-26 11:18:22.092  7161  7195 W System.err: 	at sun.nio.ch.DatagramChannelImpl.sendFromNativeBuffer(DatagramChannelImpl.java:573)
11-26 11:18:22.092  7161  7195 W System.err: 	at sun.nio.ch.DatagramChannelImpl.send(DatagramChannelImpl.java:550)
11-26 11:18:22.092  7161  7195 W System.err: 	at sun.nio.ch.DatagramChannelImpl.send(DatagramChannelImpl.java:514)
11-26 11:18:22.092  7161  7195 W System.err: 	at symlab.CloudAR.network.TransmissionTask.run(TransmissionTask.java:133)
11-26 11:18:22.092  7161  7195 W System.err: 	at android.os.Handler.handleCallback(Handler.java:907)
11-26 11:18:22.092  7161  7195 W System.err: 	at android.os.Handler.dispatchMessage(Handler.java:105)
11-26 11:18:22.092  7161  7195 W System.err: 	at android.os.Looper.loop(Looper.java:216)
11-26 11:18:22.092  7161  7195 W System.err: 	at android.os.HandlerThread.run(HandlerThread.java:65)
11-26 11:18:22.129  7161  7195 W System.err: java.net.SocketException: Message too long
11-26 11:18:22.129  7161  7195 W System.err: 	at sun.nio.ch.DatagramChannelImpl.send0(Native Method)
11-26 11:18:22.129  7161  7195 W System.err: 	at sun.nio.ch.DatagramChannelImpl.sendFromNativeBuffer(DatagramChannelImpl.java:573)
11-26 11:18:22.129  7161  7195 W System.err: 	at sun.nio.ch.DatagramChannelImpl.send(DatagramChannelImpl.java:550)
11-26 11:18:22.129  7161  7195 W System.err: 	at sun.nio.ch.DatagramChannelImpl.send(DatagramChannelImpl.java:514)
11-26 11:18:22.129  7161  7195 W System.err: 	at symlab.CloudAR.network.TransmissionTask.run(TransmissionTask.java:133)
11-26 11:18:22.129  7161  7195 W System.err: 	at android.os.Handler.handleCallback(Handler.java:907)
11-26 11:18:22.129  7161  7195 W System.err: 	at android.os.Handler.dispatchMessage(Handler.java:105)
11-26 11:18:22.129  7161  7195 W System.err: 	at android.os.Looper.loop(Looper.java:216)
11-26 11:18:22.129  7161  7195 W System.err: 	at android.os.HandlerThread.run(HandlerThread.java:65)
11-26 11:18:22.162  7161  7195 W System.err: java.net.SocketException: Message too long
11-26 11:18:22.163  7161  7195 W System.err: 	at sun.nio.ch.DatagramChannelImpl.send0(Native Method)
11-26 11:18:22.163  7161  7195 W System.err: 	at sun.nio.ch.DatagramChannelImpl.sendFromNativeBuffer(DatagramChannelImpl.java:573)
11-26 11:18:22.163  7161  7195 W System.err: 	at sun.nio.ch.DatagramChannelImpl.send(DatagramChannelImpl.java:550)
11-26 11:18:22.163  7161  7195 W System.err: 	at sun.nio.ch.DatagramChannelImpl.send(DatagramChannelImpl.java:514)
11-26 11:18:22.163  7161  7195 W System.err: 	at symlab.CloudAR.network.TransmissionTask.run(TransmissionTask.java:133)
11-26 11:18:22.163  7161  7195 W System.err: 	at android.os.Handler.handleCallback(Handler.java:907)
11-26 11:18:22.163  7161  7195 W System.err: 	at android.os.Handler.dispatchMessage(Handler.java:105)
11-26 11:18:22.163  7161  7195 W System.err: 	at android.os.Looper.loop(Looper.java:216)
11-26 11:18:22.163  7161  7195 W System.err: 	at android.os.HandlerThread.run(HandlerThread.java:65)
11-26 11:18:22.191  7161  7195 W System.err: java.net.SocketException: Message too long
11-26 11:18:22.191  7161  7195 W System.err: 	at sun.nio.ch.DatagramChannelImpl.send0(Native Method)
11-26 11:18:22.191  7161  7195 W System.err: 	at sun.nio.ch.DatagramChannelImpl.sendFromNativeBuffer(DatagramChannelImpl.java:573)
11-26 11:18:22.191  7161  7195 W System.err: 	at sun.nio.ch.DatagramChannelImpl.send(DatagramChannelImpl.java:550)
11-26 11:18:22.191  7161  7195 W System.err: 	at sun.nio.ch.DatagramChannelImpl.send(DatagramChannelImpl.java:514)
11-26 11:18:22.191  7161  7195 W System.err: 	at symlab.CloudAR.network.TransmissionTask.run(TransmissionTask.java:133)
11-26 11:18:22.191  7161  7195 W System.err: 	at android.os.Handler.handleCallback(Handler.java:907)
11-26 11:18:22.191  7161  7195 W System.err: 	at android.os.Handler.dispatchMessage(Handler.java:105)
11-26 11:18:22.191  7161  7195 W System.err: 	at android.os.Looper.loop(Looper.java:216)
11-26 11:18:22.191  7161  7195 W System.err: 	at android.os.HandlerThread.run(HandlerThread.java:65)
11-26 11:18:22.195  7161  7161 D Poster  : At 1574759902195 location is 65.0582188356344 (latitude), and 25.46834800674446 (longitude)
11-26 11:18:22.196  7161  7161 D Poster  : Connected to mobile network 20
11-26 11:18:22.231  7161  7195 W System.err: java.net.SocketException: Message too long
11-26 11:18:22.231  7161  7195 W System.err: 	at sun.nio.ch.DatagramChannelImpl.send0(Native Method)
11-26 11:18:22.231  7161  7195 W System.err: 	at sun.nio.ch.DatagramChannelImpl.sendFromNativeBuffer(DatagramChannelImpl.java:573)
11-26 11:18:22.231  7161  7195 W System.err: 	at sun.nio.ch.DatagramChannelImpl.send(DatagramChannelImpl.java:550)
11-26 11:18:22.231  7161  7195 W System.err: 	at sun.nio.ch.DatagramChannelImpl.send(DatagramChannelImpl.java:514)
11-26 11:18:22.231  7161  7195 W System.err: 	at symlab.CloudAR.network.TransmissionTask.run(TransmissionTask.java:133)
11-26 11:18:22.231  7161  7195 W System.err: 	at android.os.Handler.handleCallback(Handler.java:907)
11-26 11:18:22.231  7161  7195 W System.err: 	at android.os.Handler.dispatchMessage(Handler.java:105)
11-26 11:18:22.231  7161  7195 W System.err: 	at android.os.Looper.loop(Looper.java:216)
11-26 11:18:22.231  7161  7195 W System.err: 	at android.os.HandlerThread.run(HandlerThread.java:65)
11-26 11:18:22.253  7161  7195 W System.err: java.net.SocketException: Message too long
11-26 11:18:22.253  7161  7195 W System.err: 	at sun.nio.ch.DatagramChannelImpl.send0(Native Method)
11-26 11:18:22.253  7161  7195 W System.err: 	at sun.nio.ch.DatagramChannelImpl.sendFromNativeBuffer(DatagramChannelImpl.java:573)
11-26 11:18:22.253  7161  7195 W System.err: 	at sun.nio.ch.DatagramChannelImpl.send(DatagramChannelImpl.java:550)
11-26 11:18:22.253  7161  7195 W System.err: 	at sun.nio.ch.DatagramChannelImpl.send(DatagramChannelImpl.java:514)
11-26 11:18:22.253  7161  7195 W System.err: 	at symlab.CloudAR.network.TransmissionTask.run(TransmissionTask.java:133)
11-26 11:18:22.253  7161  7195 W System.err: 	at android.os.Handler.handleCallback(Handler.java:907)
11-26 11:18:22.253  7161  7195 W System.err: 	at android.os.Handler.dispatchMessage(Handler.java:105)
11-26 11:18:22.253  7161  7195 W System.err: 	at android.os.Looper.loop(Looper.java:216)
11-26 11:18:22.253  7161  7195 W System.err: 	at android.os.HandlerThread.run(HandlerThread.java:65)
11-26 11:18:22.822  7161  7172 E         : [ZeroHung]zrhung_get_config: Get config failed for wp[0x0008]
11-26 11:18:22.822  7161  7195 W System.err: java.net.SocketException: Message too long
11-26 11:18:22.822  7161  7195 W System.err: 	at sun.nio.ch.DatagramChannelImpl.send0(Native Method)
11-26 11:18:22.822  7161  7195 W System.err: 	at sun.nio.ch.DatagramChannelImpl.sendFromNativeBuffer(DatagramChannelImpl.java:573)
11-26 11:18:22.822  7161  7195 W System.err: 	at sun.nio.ch.DatagramChannelImpl.send(DatagramChannelImpl.java:550)
11-26 11:18:22.822  7161  7195 W System.err: 	at sun.nio.ch.DatagramChannelImpl.send(DatagramChannelImpl.java:514)
11-26 11:18:22.822  7161  7195 W System.err: 	at symlab.CloudAR.network.TransmissionTask.run(TransmissionTask.java:133)
11-26 11:18:22.822  7161  7195 W System.err: 	at android.os.Handler.handleCallback(Handler.java:907)
11-26 11:18:22.822  7161  7195 W System.err: 	at android.os.Handler.dispatchMessage(Handler.java:105)
11-26 11:18:22.822  7161  7195 W System.err: 	at android.os.Looper.loop(Looper.java:216)
11-26 11:18:22.822  7161  7195 W System.err: 	at android.os.HandlerThread.run(HandlerThread.java:65)
11-26 11:18:22.837  7161  7170 W System  : A resource failed to call close. 
11-26 11:18:22.838  7161  7170 I chatty  : uid=10147(symlab.cloudridar.arhud) FinalizerDaemon identical 14 lines
11-26 11:18:22.838  7161  7170 W System  : A resource failed to call close. 
11-26 11:18:22.860  7161  7195 W System.err: java.net.SocketException: Message too long
11-26 11:18:22.860  7161  7195 W System.err: 	at sun.nio.ch.DatagramChannelImpl.send0(Native Method)
11-26 11:18:22.860  7161  7195 W System.err: 	at sun.nio.ch.DatagramChannelImpl.sendFromNativeBuffer(DatagramChannelImpl.java:573)
11-26 11:18:22.860  7161  7195 W System.err: 	at sun.nio.ch.DatagramChannelImpl.send(DatagramChannelImpl.java:550)
11-26 11:18:22.860  7161  7195 W System.err: 	at sun.nio.ch.DatagramChannelImpl.send(DatagramChannelImpl.java:514)
11-26 11:18:22.860  7161  7195 W System.err: 	at symlab.CloudAR.network.TransmissionTask.run(TransmissionTask.java:133)
11-26 11:18:22.860  7161  7195 W System.err: 	at android.os.Handler.handleCallback(Handler.java:907)
11-26 11:18:22.860  7161  7195 W System.err: 	at android.os.Handler.dispatchMessage(Handler.java:105)
11-26 11:18:22.860  7161  7195 W System.err: 	at android.os.Looper.loop(Looper.java:216)
11-26 11:18:22.860  7161  7195 W System.err: 	at android.os.HandlerThread.run(HandlerThread.java:65)
11-26 11:18:22.887  7161  7195 W System.err: java.net.SocketException: Message too long
11-26 11:18:22.887  7161  7195 W System.err: 	at sun.nio.ch.DatagramChannelImpl.send0(Native Method)
11-26 11:18:22.887  7161  7195 W System.err: 	at sun.nio.ch.DatagramChannelImpl.sendFromNativeBuffer(DatagramChannelImpl.java:573)
11-26 11:18:22.887  7161  7195 W System.err: 	at sun.nio.ch.DatagramChannelImpl.send(DatagramChannelImpl.java:550)
11-26 11:18:22.887  7161  7195 W System.err: 	at sun.nio.ch.DatagramChannelImpl.send(DatagramChannelImpl.java:514)
11-26 11:18:22.887  7161  7195 W System.err: 	at symlab.CloudAR.network.TransmissionTask.run(TransmissionTask.java:133)
11-26 11:18:22.887  7161  7195 W System.err: 	at android.os.Handler.handleCallback(Handler.java:907)
11-26 11:18:22.887  7161  7195 W System.err: 	at android.os.Handler.dispatchMessage(Handler.java:105)
11-26 11:18:22.887  7161  7195 W System.err: 	at android.os.Looper.loop(Looper.java:216)
11-26 11:18:22.887  7161  7195 W System.err: 	at android.os.HandlerThread.run(HandlerThread.java:65)
11-26 11:18:22.921  7161  7195 W System.err: java.net.SocketException: Message too long
11-26 11:18:22.921  7161  7195 W System.err: 	at sun.nio.ch.DatagramChannelImpl.send0(Native Method)
11-26 11:18:22.921  7161  7195 W System.err: 	at sun.nio.ch.DatagramChannelImpl.sendFromNativeBuffer(DatagramChannelImpl.java:573)
11-26 11:18:22.921  7161  7195 W System.err: 	at sun.nio.ch.DatagramChannelImpl.send(DatagramChannelImpl.java:550)
11-26 11:18:22.921  7161  7195 W System.err: 	at sun.nio.ch.DatagramChannelImpl.send(DatagramChannelImpl.java:514)
11-26 11:18:22.921  7161  7195 W System.err: 	at symlab.CloudAR.network.TransmissionTask.run(TransmissionTask.java:133)
11-26 11:18:22.921  7161  7195 W System.err: 	at android.os.Handler.handleCallback(Handler.java:907)
11-26 11:18:22.921  7161  7195 W System.err: 	at android.os.Handler.dispatchMessage(Handler.java:105)
11-26 11:18:22.921  7161  7195 W System.err: 	at android.os.Looper.loop(Looper.java:216)
11-26 11:18:22.921  7161  7195 W System.err: 	at android.os.HandlerThread.run(HandlerThread.java:65)
11-26 11:18:22.977  7161  7195 W System.err: java.net.SocketException: Message too long
11-26 11:18:22.977  7161  7195 W System.err: 	at sun.nio.ch.DatagramChannelImpl.send0(Native Method)
11-26 11:18:22.977  7161  7195 W System.err: 	at sun.nio.ch.DatagramChannelImpl.sendFromNativeBuffer(DatagramChannelImpl.java:573)
11-26 11:18:22.977  7161  7195 W System.err: 	at sun.nio.ch.DatagramChannelImpl.send(DatagramChannelImpl.java:550)
11-26 11:18:22.977  7161  7195 W System.err: 	at sun.nio.ch.DatagramChannelImpl.send(DatagramChannelImpl.java:514)
11-26 11:18:22.977  7161  7195 W System.err: 	at symlab.CloudAR.network.TransmissionTask.run(TransmissionTask.java:133)
11-26 11:18:22.978  7161  7195 W System.err: 	at android.os.Handler.handleCallback(Handler.java:907)
11-26 11:18:22.978  7161  7195 W System.err: 	at android.os.Handler.dispatchMessage(Handler.java:105)
11-26 11:18:22.978  7161  7195 W System.err: 	at android.os.Looper.loop(Looper.java:216)
11-26 11:18:22.978  7161  7195 W System.err: 	at android.os.HandlerThread.run(HandlerThread.java:65)
11-26 11:18:22.999  7161  7195 W System.err: java.net.SocketException: Message too long
11-26 11:18:22.999  7161  7195 W System.err: 	at sun.nio.ch.DatagramChannelImpl.send0(Native Method)
11-26 11:18:22.999  7161  7195 W System.err: 	at sun.nio.ch.DatagramChannelImpl.sendFromNativeBuffer(DatagramChannelImpl.java:573)
11-26 11:18:22.999  7161  7195 W System.err: 	at sun.nio.ch.DatagramChannelImpl.send(DatagramChannelImpl.java:550)
11-26 11:18:22.999  7161  7195 W System.err: 	at sun.nio.ch.DatagramChannelImpl.send(DatagramChannelImpl.java:514)
11-26 11:18:22.999  7161  7195 W System.err: 	at symlab.CloudAR.network.TransmissionTask.run(TransmissionTask.java:133)
11-26 11:18:22.999  7161  7195 W System.err: 	at android.os.Handler.handleCallback(Handler.java:907)
11-26 11:18:22.999  7161  7195 W System.err: 	at android.os.Handler.dispatchMessage(Handler.java:105)
11-26 11:18:22.999  7161  7195 W System.err: 	at android.os.Looper.loop(Looper.java:216)
11-26 11:18:22.999  7161  7195 W System.err: 	at android.os.HandlerThread.run(HandlerThread.java:65)
11-26 11:18:23.026  7161  7195 W System.err: java.net.SocketException: Message too long
11-26 11:18:23.026  7161  7195 W System.err: 	at sun.nio.ch.DatagramChannelImpl.send0(Native Method)
11-26 11:18:23.026  7161  7195 W System.err: 	at sun.nio.ch.DatagramChannelImpl.sendFromNativeBuffer(DatagramChannelImpl.java:573)
11-26 11:18:23.026  7161  7195 W System.err: 	at sun.nio.ch.DatagramChannelImpl.send(DatagramChannelImpl.java:550)
11-26 11:18:23.026  7161  7195 W System.err: 	at sun.nio.ch.DatagramChannelImpl.send(DatagramChannelImpl.java:514)
11-26 11:18:23.026  7161  7195 W System.err: 	at symlab.CloudAR.network.TransmissionTask.run(TransmissionTask.java:133)
11-26 11:18:23.026  7161  7195 W System.err: 	at android.os.Handler.handleCallback(Handler.java:907)
11-26 11:18:23.026  7161  7195 W System.err: 	at android.os.Handler.dispatchMessage(Handler.java:105)
11-26 11:18:23.026  7161  7195 W System.err: 	at android.os.Looper.loop(Looper.java:216)
11-26 11:18:23.026  7161  7195 W System.err: 	at android.os.HandlerThread.run(HandlerThread.java:65)
11-26 11:18:23.099  7161  7195 W System.err: java.net.SocketException: Message too long
11-26 11:18:23.099  7161  7195 W System.err: 	at sun.nio.ch.DatagramChannelImpl.send0(Native Method)
11-26 11:18:23.099  7161  7195 W System.err: 	at sun.nio.ch.DatagramChannelImpl.sendFromNativeBuffer(DatagramChannelImpl.java:573)
11-26 11:18:23.099  7161  7195 W System.err: 	at sun.nio.ch.DatagramChannelImpl.send(DatagramChannelImpl.java:550)
11-26 11:18:23.099  7161  7195 W System.err: 	at sun.nio.ch.DatagramChannelImpl.send(DatagramChannelImpl.java:514)
11-26 11:18:23.099  7161  7195 W System.err: 	at symlab.CloudAR.network.TransmissionTask.run(TransmissionTask.java:133)
