11-26 11:16:28.156  6970  7002 W System.err: 	at sun.nio.ch.DatagramChannelImpl.send(DatagramChannelImpl.java:514)
11-26 11:16:28.156  6970  7002 W System.err: 	at symlab.CloudAR.network.TransmissionTask.run(TransmissionTask.java:133)
11-26 11:16:28.156  6970  7002 W System.err: 	at android.os.Handler.handleCallback(Handler.java:907)
11-26 11:16:28.156  6970  7002 W System.err: 	at android.os.Handler.dispatchMessage(Handler.java:105)
11-26 11:16:28.156  6970  7002 W System.err: 	at android.os.Looper.loop(Looper.java:216)
11-26 11:16:28.156  6970  7002 W System.err: 	at android.os.HandlerThread.run(HandlerThread.java:65)
11-26 11:16:28.184  6970  7002 W System.err: java.net.SocketException: Message too long
11-26 11:16:28.184  6970  7002 W System.err: 	at sun.nio.ch.DatagramChannelImpl.send0(Native Method)
11-26 11:16:28.184  6970  7002 W System.err: 	at sun.nio.ch.DatagramChannelImpl.sendFromNativeBuffer(DatagramChannelImpl.java:573)
11-26 11:16:28.184  6970  7002 W System.err: 	at sun.nio.ch.DatagramChannelImpl.send(DatagramChannelImpl.java:550)
11-26 11:16:28.184  6970  7002 W System.err: 	at sun.nio.ch.DatagramChannelImpl.send(DatagramChannelImpl.java:514)
11-26 11:16:28.184  6970  7002 W System.err: 	at symlab.CloudAR.network.TransmissionTask.run(TransmissionTask.java:133)
11-26 11:16:28.184  6970  7002 W System.err: 	at android.os.Handler.handleCallback(Handler.java:907)
11-26 11:16:28.184  6970  7002 W System.err: 	at android.os.Handler.dispatchMessage(Handler.java:105)
11-26 11:16:28.184  6970  7002 W System.err: 	at android.os.Looper.loop(Looper.java:216)
11-26 11:16:28.184  6970  7002 W System.err: 	at android.os.HandlerThread.run(HandlerThread.java:65)
11-26 11:16:28.196  6970  6970 D Poster  : At 1574759788196 location is 65.05781294654604 (latitude), and 25.468040324284054 (longitude)
11-26 11:16:28.199  6970  6970 D Poster  : Connected to mobile network 20
11-26 11:16:28.300  6970  7002 W System.err: java.net.SocketException: Message too long
11-26 11:16:28.300  6970  7002 W System.err: 	at sun.nio.ch.DatagramChannelImpl.send0(Native Method)
11-26 11:16:28.300  6970  7002 W System.err: 	at sun.nio.ch.DatagramChannelImpl.sendFromNativeBuffer(DatagramChannelImpl.java:573)
11-26 11:16:28.300  6970  7002 W System.err: 	at sun.nio.ch.DatagramChannelImpl.send(DatagramChannelImpl.java:550)
11-26 11:16:28.300  6970  7002 W System.err: 	at sun.nio.ch.DatagramChannelImpl.send(DatagramChannelImpl.java:514)
11-26 11:16:28.300  6970  7002 W System.err: 	at symlab.CloudAR.network.TransmissionTask.run(TransmissionTask.java:133)
11-26 11:16:28.300  6970  7002 W System.err: 	at android.os.Handler.handleCallback(Handler.java:907)
11-26 11:16:28.300  6970  7002 W System.err: 	at android.os.Handler.dispatchMessage(Handler.java:105)
11-26 11:16:28.300  6970  7002 W System.err: 	at android.os.Looper.loop(Looper.java:216)
11-26 11:16:28.300  6970  7002 W System.err: 	at android.os.HandlerThread.run(HandlerThread.java:65)
11-26 11:16:28.372  6970  7002 W System.err: java.net.SocketException: Message too long
11-26 11:16:28.372  6970  7002 W System.err: 	at sun.nio.ch.DatagramChannelImpl.send0(Native Method)
11-26 11:16:28.372  6970  7002 W System.err: 	at sun.nio.ch.DatagramChannelImpl.sendFromNativeBuffer(DatagramChannelImpl.java:573)
11-26 11:16:28.372  6970  7002 W System.err: 	at sun.nio.ch.DatagramChannelImpl.send(DatagramChannelImpl.java:550)
11-26 11:16:28.372  6970  7002 W System.err: 	at sun.nio.ch.DatagramChannelImpl.send(DatagramChannelImpl.java:514)
11-26 11:16:28.372  6970  7002 W System.err: 	at symlab.CloudAR.network.TransmissionTask.run(TransmissionTask.java:133)
11-26 11:16:28.372  6970  7002 W System.err: 	at android.os.Handler.handleCallback(Handler.java:907)
11-26 11:16:28.372  6970  7002 W System.err: 	at android.os.Handler.dispatchMessage(Handler.java:105)
11-26 11:16:28.372  6970  7002 W System.err: 	at android.os.Looper.loop(Looper.java:216)
11-26 11:16:28.372  6970  7002 W System.err: 	at android.os.HandlerThread.run(HandlerThread.java:65)
11-26 11:16:28.407  6970  7002 W System.err: java.net.SocketException: Message too long
11-26 11:16:28.407  6970  7002 W System.err: 	at sun.nio.ch.DatagramChannelImpl.send0(Native Method)
11-26 11:16:28.407  6970  7002 W System.err: 	at sun.nio.ch.DatagramChannelImpl.sendFromNativeBuffer(DatagramChannelImpl.java:573)
11-26 11:16:28.407  6970  7002 W System.err: 	at sun.nio.ch.DatagramChannelImpl.send(DatagramChannelImpl.java:550)
11-26 11:16:28.407  6970  7002 W System.err: 	at sun.nio.ch.DatagramChannelImpl.send(DatagramChannelImpl.java:514)
11-26 11:16:28.407  6970  7002 W System.err: 	at symlab.CloudAR.network.TransmissionTask.run(TransmissionTask.java:133)
11-26 11:16:28.407  6970  7002 W System.err: 	at android.os.Handler.handleCallback(Handler.java:907)
11-26 11:16:28.407  6970  7002 W System.err: 	at android.os.Handler.dispatchMessage(Handler.java:105)
11-26 11:16:28.407  6970  7002 W System.err: 	at android.os.Looper.loop(Looper.java:216)
11-26 11:16:28.407  6970  7002 W System.err: 	at android.os.HandlerThread.run(HandlerThread.java:65)
11-26 11:16:28.450  6970  7002 W System.err: java.net.SocketException: Message too long
11-26 11:16:28.450  6970  7002 W System.err: 	at sun.nio.ch.DatagramChannelImpl.send0(Native Method)
11-26 11:16:28.450  6970  7002 W System.err: 	at sun.nio.ch.DatagramChannelImpl.sendFromNativeBuffer(DatagramChannelImpl.java:573)
11-26 11:16:28.450  6970  7002 W System.err: 	at sun.nio.ch.DatagramChannelImpl.send(DatagramChannelImpl.java:550)
11-26 11:16:28.450  6970  7002 W System.err: 	at sun.nio.ch.DatagramChannelImpl.send(DatagramChannelImpl.java:514)
11-26 11:16:28.450  6970  7002 W System.err: 	at symlab.CloudAR.network.TransmissionTask.run(TransmissionTask.java:133)
11-26 11:16:28.450  6970  7002 W System.err: 	at android.os.Handler.handleCallback(Handler.java:907)
11-26 11:16:28.450  6970  7002 W System.err: 	at android.os.Handler.dispatchMessage(Handler.java:105)
11-26 11:16:28.450  6970  7002 W System.err: 	at android.os.Looper.loop(Looper.java:216)
11-26 11:16:28.450  6970  7002 W System.err: 	at android.os.HandlerThread.run(HandlerThread.java:65)
11-26 11:16:28.482  6970  6981 E         : [ZeroHung]zrhung_get_config: Get config failed for wp[0x0008]
11-26 11:16:28.483  6970  7002 W System.err: java.net.SocketException: Message too long
11-26 11:16:28.483  6970  7002 W System.err: 	at sun.nio.ch.DatagramChannelImpl.send0(Native Method)
11-26 11:16:28.483  6970  7002 W System.err: 	at sun.nio.ch.DatagramChannelImpl.sendFromNativeBuffer(DatagramChannelImpl.java:573)
11-26 11:16:28.483  6970  7002 W System.err: 	at sun.nio.ch.DatagramChannelImpl.send(DatagramChannelImpl.java:550)
11-26 11:16:28.483  6970  7002 W System.err: 	at sun.nio.ch.DatagramChannelImpl.send(DatagramChannelImpl.java:514)
11-26 11:16:28.483  6970  7002 W System.err: 	at symlab.CloudAR.network.TransmissionTask.run(TransmissionTask.java:133)
11-26 11:16:28.483  6970  7002 W System.err: 	at android.os.Handler.handleCallback(Handler.java:907)
11-26 11:16:28.484  6970  7002 W System.err: 	at android.os.Handler.dispatchMessage(Handler.java:105)
11-26 11:16:28.484  6970  7002 W System.err: 	at android.os.Looper.loop(Looper.java:216)
11-26 11:16:28.484  6970  7002 W System.err: 	at android.os.HandlerThread.run(HandlerThread.java:65)
11-26 11:16:28.496  6970  6979 W System  : A resource failed to call close. 
11-26 11:16:28.497  6970  6979 W System  : A resource failed to call close. 
11-26 11:16:28.556  6970  7002 W System.err: java.net.SocketException: Message too long
11-26 11:16:28.556  6970  7002 W System.err: 	at sun.nio.ch.DatagramChannelImpl.send0(Native Method)
11-26 11:16:28.556  6970  7002 W System.err: 	at sun.nio.ch.DatagramChannelImpl.sendFromNativeBuffer(DatagramChannelImpl.java:573)
11-26 11:16:28.556  6970  7002 W System.err: 	at sun.nio.ch.DatagramChannelImpl.send(DatagramChannelImpl.java:550)
11-26 11:16:28.556  6970  7002 W System.err: 	at sun.nio.ch.DatagramChannelImpl.send(DatagramChannelImpl.java:514)
11-26 11:16:28.556  6970  7002 W System.err: 	at symlab.CloudAR.network.TransmissionTask.run(TransmissionTask.java:133)
11-26 11:16:28.556  6970  7002 W System.err: 	at android.os.Handler.handleCallback(Handler.java:907)
11-26 11:16:28.556  6970  7002 W System.err: 	at android.os.Handler.dispatchMessage(Handler.java:105)
11-26 11:16:28.556  6970  7002 W System.err: 	at android.os.Looper.loop(Looper.java:216)
11-26 11:16:28.556  6970  7002 W System.err: 	at android.os.HandlerThread.run(HandlerThread.java:65)
11-26 11:16:28.577  6970  6970 D stylus  : init stylus touchlistener.
11-26 11:16:28.589  6970  7002 W System.err: java.net.SocketException: Message too long
11-26 11:16:28.589  6970  7002 W System.err: 	at sun.nio.ch.DatagramChannelImpl.send0(Native Method)
11-26 11:16:28.589  6970  7002 W System.err: 	at sun.nio.ch.DatagramChannelImpl.sendFromNativeBuffer(DatagramChannelImpl.java:573)
11-26 11:16:28.589  6970  7002 W System.err: 	at sun.nio.ch.DatagramChannelImpl.send(DatagramChannelImpl.java:550)
11-26 11:16:28.589  6970  7002 W System.err: 	at sun.nio.ch.DatagramChannelImpl.send(DatagramChannelImpl.java:514)
11-26 11:16:28.589  6970  7002 W System.err: 	at symlab.CloudAR.network.TransmissionTask.run(TransmissionTask.java:133)
11-26 11:16:28.589  6970  7002 W System.err: 	at android.os.Handler.handleCallback(Handler.java:907)
11-26 11:16:28.589  6970  7002 W System.err: 	at android.os.Handler.dispatchMessage(Handler.java:105)
11-26 11:16:28.590  6970  7002 W System.err: 	at android.os.Looper.loop(Looper.java:216)
11-26 11:16:28.590  6970  7002 W System.err: 	at android.os.HandlerThread.run(HandlerThread.java:65)
11-26 11:16:28.627  6970  7002 W System.err: java.net.SocketException: Message too long
11-26 11:16:28.627  6970  7002 W System.err: 	at sun.nio.ch.DatagramChannelImpl.send0(Native Method)
11-26 11:16:28.627  6970  7002 W System.err: 	at sun.nio.ch.DatagramChannelImpl.sendFromNativeBuffer(DatagramChannelImpl.java:573)
11-26 11:16:28.627  6970  7002 W System.err: 	at sun.nio.ch.DatagramChannelImpl.send(DatagramChannelImpl.java:550)
11-26 11:16:28.627  6970  7002 W System.err: 	at sun.nio.ch.DatagramChannelImpl.send(DatagramChannelImpl.java:514)
11-26 11:16:28.627  6970  7002 W System.err: 	at symlab.CloudAR.network.TransmissionTask.run(TransmissionTask.java:133)
11-26 11:16:28.628  6970  7002 W System.err: 	at android.os.Handler.handleCallback(Handler.java:907)
11-26 11:16:28.628  6970  7002 W System.err: 	at android.os.Handler.dispatchMessage(Handler.java:105)
11-26 11:16:28.628  6970  7002 W System.err: 	at android.os.Looper.loop(Looper.java:216)
11-26 11:16:28.628  6970  7002 W System.err: 	at android.os.HandlerThread.run(HandlerThread.java:65)
11-26 11:16:28.651  6970  7002 W System.err: java.net.SocketException: Message too long
11-26 11:16:28.651  6970  7002 W System.err: 	at sun.nio.ch.DatagramChannelImpl.send0(Native Method)
11-26 11:16:28.651  6970  7002 W System.err: 	at sun.nio.ch.DatagramChannelImpl.sendFromNativeBuffer(DatagramChannelImpl.java:573)
11-26 11:16:28.651  6970  7002 W System.err: 	at sun.nio.ch.DatagramChannelImpl.send(DatagramChannelImpl.java:550)
11-26 11:16:28.651  6970  7002 W System.err: 	at sun.nio.ch.DatagramChannelImpl.send(DatagramChannelImpl.java:514)
11-26 11:16:28.651  6970  7002 W System.err: 	at symlab.CloudAR.network.TransmissionTask.run(TransmissionTask.java:133)
11-26 11:16:28.651  6970  7002 W System.err: 	at android.os.Handler.handleCallback(Handler.java:907)
11-26 11:16:28.651  6970  7002 W System.err: 	at android.os.Handler.dispatchMessage(Handler.java:105)
11-26 11:16:28.651  6970  7002 W System.err: 	at android.os.Looper.loop(Looper.java:216)
11-26 11:16:28.651  6970  7002 W System.err: 	at android.os.HandlerThread.run(HandlerThread.java:65)
11-26 11:16:28.677  6970  7002 W System.err: java.net.SocketException: Message too long
11-26 11:16:28.677  6970  7002 W System.err: 	at sun.nio.ch.DatagramChannelImpl.send0(Native Method)
11-26 11:16:28.677  6970  7002 W System.err: 	at sun.nio.ch.DatagramChannelImpl.sendFromNativeBuffer(DatagramChannelImpl.java:573)
11-26 11:16:28.677  6970  7002 W System.err: 	at sun.nio.ch.DatagramChannelImpl.send(DatagramChannelImpl.java:550)
11-26 11:16:28.677  6970  7002 W System.err: 	at sun.nio.ch.DatagramChannelImpl.send(DatagramChannelImpl.java:514)
11-26 11:16:28.677  6970  7002 W System.err: 	at symlab.CloudAR.network.TransmissionTask.run(TransmissionTask.java:133)
11-26 11:16:28.677  6970  7002 W System.err: 	at android.os.Handler.handleCallback(Handler.java:907)
11-26 11:16:28.677  6970  7002 W System.err: 	at android.os.Handler.dispatchMessage(Handler.java:105)
11-26 11:16:28.677  6970  7002 W System.err: 	at android.os.Looper.loop(Looper.java:216)
11-26 11:16:28.677  6970  7002 W System.err: 	at android.os.HandlerThread.run(HandlerThread.java:65)
11-26 11:16:28.710  6970  7002 W System.err: java.net.SocketException: Message too long
11-26 11:16:28.710  6970  7002 W System.err: 	at sun.nio.ch.DatagramChannelImpl.send0(Native Method)
11-26 11:16:28.710  6970  7002 W System.err: 	at sun.nio.ch.DatagramChannelImpl.sendFromNativeBuffer(DatagramChannelImpl.java:573)
11-26 11:16:28.710  6970  7002 W System.err: 	at sun.nio.ch.DatagramChannelImpl.send(DatagramChannelImpl.java:550)
11-26 11:16:28.710  6970  7002 W System.err: 	at sun.nio.ch.DatagramChannelImpl.send(DatagramChannelImpl.java:514)
11-26 11:16:28.710  6970  7002 W System.err: 	at symlab.CloudAR.network.TransmissionTask.run(TransmissionTask.java:133)
11-26 11:16:28.710  6970  7002 W System.err: 	at android.os.Handler.handleCallback(Handler.java:907)
11-26 11:16:28.710  6970  7002 W System.err: 	at android.os.Handler.dispatchMessage(Handler.java:105)
11-26 11:16:28.710  6970  7002 W System.err: 	at android.os.Looper.loop(Looper.java:216)
11-26 11:16:28.710  6970  7002 W System.err: 	at android.os.HandlerThread.run(HandlerThread.java:65)
11-26 11:16:28.744  6970  7002 W System.err: java.net.SocketException: Message too long
11-26 11:16:28.744  6970  7002 W System.err: 	at sun.nio.ch.DatagramChannelImpl.send0(Native Method)
11-26 11:16:28.744  6970  7002 W System.err: 	at sun.nio.ch.DatagramChannelImpl.sendFromNativeBuffer(DatagramChannelImpl.java:573)
11-26 11:16:28.744  6970  7002 W System.err: 	at sun.nio.ch.DatagramChannelImpl.send(DatagramChannelImpl.java:550)
11-26 11:16:28.744  6970  7002 W System.err: 	at sun.nio.ch.DatagramChannelImpl.send(DatagramChannelImpl.java:514)
11-26 11:16:28.744  6970  7002 W System.err: 	at symlab.CloudAR.network.TransmissionTask.run(TransmissionTask.java:133)
11-26 11:16:28.744  6970  7002 W System.err: 	at android.os.Handler.handleCallback(Handler.java:907)
11-26 11:16:28.744  6970  7002 W System.err: 	at android.os.Handler.dispatchMessage(Handler.java:105)
11-26 11:16:28.744  6970  7002 W System.err: 	at android.os.Looper.loop(Looper.java:216)
11-26 11:16:28.744  6970  7002 W System.err: 	at android.os.HandlerThread.run(HandlerThread.java:65)
11-26 11:16:28.787  6970  7002 W System.err: java.net.SocketException: Message too long
11-26 11:16:28.788  6970  7002 W System.err: 	at sun.nio.ch.DatagramChannelImpl.send0(Native Method)
11-26 11:16:28.788  6970  7002 W System.err: 	at sun.nio.ch.DatagramChannelImpl.sendFromNativeBuffer(DatagramChannelImpl.java:573)
11-26 11:16:28.788  6970  7002 W System.err: 	at sun.nio.ch.DatagramChannelImpl.send(DatagramChannelImpl.java:550)
11-26 11:16:28.788  6970  7002 W System.err: 	at sun.nio.ch.DatagramChannelImpl.send(DatagramChannelImpl.java:514)
11-26 11:16:28.788  6970  7002 W System.err: 	at symlab.CloudAR.network.TransmissionTask.run(TransmissionTask.java:133)
11-26 11:16:28.788  6970  7002 W System.err: 	at android.os.Handler.handleCallback(Handler.java:907)
11-26 11:16:28.788  6970  7002 W System.err: 	at android.os.Handler.dispatchMessage(Handler.java:105)
11-26 11:16:28.788  6970  7002 W System.err: 	at android.os.Looper.loop(Looper.java:216)
11-26 11:16:28.788  6970  7002 W System.err: 	at android.os.HandlerThread.run(HandlerThread.java:65)
11-26 11:16:28.822  6970  7002 W System.err: java.net.SocketException: Message too long
11-26 11:16:28.822  6970  7002 W System.err: 	at sun.nio.ch.DatagramChannelImpl.send0(Native Method)
11-26 11:16:28.823  6970  7002 W System.err: 	at sun.nio.ch.DatagramChannelImpl.sendFromNativeBuffer(DatagramChannelImpl.java:573)
11-26 11:16:28.823  6970  7002 W System.err: 	at sun.nio.ch.DatagramChannelImpl.send(DatagramChannelImpl.java:550)
11-26 11:16:28.823  6970  7002 W System.err: 	at sun.nio.ch.DatagramChannelImpl.send(DatagramChannelImpl.java:514)
11-26 11:16:28.823  6970  7002 W System.err: 	at symlab.CloudAR.network.TransmissionTask.run(TransmissionTask.java:133)
11-26 11:16:28.823  6970  7002 W System.err: 	at android.os.Handler.handleCallback(Handler.java:907)
11-26 11:16:28.823  6970  7002 W System.err: 	at android.os.Handler.dispatchMessage(Handler.java:105)
11-26 11:16:28.823  6970  7002 W System.err: 	at android.os.Looper.loop(Looper.java:216)
11-26 11:16:28.823  6970  7002 W System.err: 	at android.os.HandlerThread.run(HandlerThread.java:65)
11-26 11:16:28.853  6970  7002 W System.err: java.net.SocketException: Message too long
11-26 11:16:28.853  6970  7002 W System.err: 	at sun.nio.ch.DatagramChannelImpl.send0(Native Method)
11-26 11:16:28.853  6970  7002 W System.err: 	at sun.nio.ch.DatagramChannelImpl.sendFromNativeBuffer(DatagramChannelImpl.java:573)
11-26 11:16:28.853  6970  7002 W System.err: 	at sun.nio.ch.DatagramChannelImpl.send(DatagramChannelImpl.java:550)
11-26 11:16:28.853  6970  7002 W System.err: 	at sun.nio.ch.DatagramChannelImpl.send(DatagramChannelImpl.java:514)
11-26 11:16:28.853  6970  7002 W System.err: 	at symlab.CloudAR.network.TransmissionTask.run(TransmissionTask.java:133)
11-26 11:16:28.853  6970  7002 W System.err: 	at android.os.Handler.handleCallback(Handler.java:907)
11-26 11:16:28.853  6970  7002 W System.err: 	at android.os.Handler.dispatchMessage(Handler.java:105)
11-26 11:16:28.853  6970  7002 W System.err: 	at android.os.Looper.loop(Looper.java:216)
11-26 11:16:28.853  6970  7002 W System.err: 	at android.os.HandlerThread.run(HandlerThread.java:65)
11-26 11:16:28.894  6970  7002 W System.err: java.net.SocketException: Message too long
11-26 11:16:28.895  6970  7002 W System.err: 	at sun.nio.ch.DatagramChannelImpl.send0(Native Method)
11-26 11:16:28.895  6970  7002 W System.err: 	at sun.nio.ch.DatagramChannelImpl.sendFromNativeBuffer(DatagramChannelImpl.java:573)
11-26 11:16:28.895  6970  7002 W System.err: 	at sun.nio.ch.DatagramChannelImpl.send(DatagramChannelImpl.java:550)
11-26 11:16:28.895  6970  7002 W System.err: 	at sun.nio.ch.DatagramChannelImpl.send(DatagramChannelImpl.java:514)
11-26 11:16:28.895  6970  7002 W System.err: 	at symlab.CloudAR.network.TransmissionTask.run(TransmissionTask.java:133)
11-26 11:16:28.895  6970  7002 W System.err: 	at android.os.Handler.handleCallback(Handler.java:907)
11-26 11:16:28.895  6970  7002 W System.err: 	at android.os.Handler.dispatchMessage(Handler.java:105)
11-26 11:16:28.895  6970  7002 W System.err: 	at android.os.Looper.loop(Looper.java:216)
11-26 11:16:28.895  6970  7002 W System.err: 	at android.os.HandlerThread.run(HandlerThread.java:65)
11-26 11:16:28.929  6970  7002 W System.err: java.net.SocketException: Message too long
11-26 11:16:28.929  6970  7002 W System.err: 	at sun.nio.ch.DatagramChannelImpl.send0(Native Method)
11-26 11:16:28.929  6970  7002 W System.err: 	at sun.nio.ch.DatagramChannelImpl.sendFromNativeBuffer(DatagramChannelImpl.java:573)
11-26 11:16:28.929  6970  7002 W System.err: 	at sun.nio.ch.DatagramChannelImpl.send(DatagramChannelImpl.java:550)
11-26 11:16:28.929  6970  7002 W System.err: 	at sun.nio.ch.DatagramChannelImpl.send(DatagramChannelImpl.java:514)
11-26 11:16:28.929  6970  7002 W System.err: 	at symlab.CloudAR.network.TransmissionTask.run(TransmissionTask.java:133)
11-26 11:16:28.929  6970  7002 W System.err: 	at android.os.Handler.handleCallback(Handler.java:907)
11-26 11:16:28.929  6970  7002 W System.err: 	at android.os.Handler.dispatchMessage(Handler.java:105)
11-26 11:16:28.929  6970  7002 W System.err: 	at android.os.Looper.loop(Looper.java:216)
11-26 11:16:28.929  6970  7002 W System.err: 	at android.os.HandlerThread.run(HandlerThread.java:65)
11-26 11:16:28.954  6970  7002 W System.err: java.net.SocketException: Message too long
11-26 11:16:28.955  6970  7002 W System.err: 	at sun.nio.ch.DatagramChannelImpl.send0(Native Method)
11-26 11:16:28.955  6970  7002 W System.err: 	at sun.nio.ch.DatagramChannelImpl.sendFromNativeBuffer(DatagramChannelImpl.java:573)
11-26 11:16:28.955  6970  7002 W System.err: 	at sun.nio.ch.DatagramChannelImpl.send(DatagramChannelImpl.java:550)
11-26 11:16:28.955  6970  7002 W System.err: 	at sun.nio.ch.DatagramChannelImpl.send(DatagramChannelImpl.java:514)
11-26 11:16:28.955  6970  7002 W System.err: 	at symlab.CloudAR.network.TransmissionTask.run(TransmissionTask.java:133)
11-26 11:16:28.955  6970  7002 W System.err: 	at android.os.Handler.handleCallback(Handler.java:907)
11-26 11:16:28.955  6970  7002 W System.err: 	at android.os.Handler.dispatchMessage(Handler.java:105)
11-26 11:16:28.955  6970  7002 W System.err: 	at android.os.Looper.loop(Looper.java:216)
11-26 11:16:28.955  6970  7002 W System.err: 	at android.os.HandlerThread.run(HandlerThread.java:65)
11-26 11:16:28.981  6970  7002 W System.err: java.net.SocketException: Message too long
11-26 11:16:28.981  6970  7002 W System.err: 	at sun.nio.ch.DatagramChannelImpl.send0(Native Method)
11-26 11:16:28.981  6970  7002 W System.err: 	at sun.nio.ch.DatagramChannelImpl.sendFromNativeBuffer(DatagramChannelImpl.java:573)
11-26 11:16:28.981  6970  7002 W System.err: 	at sun.nio.ch.DatagramChannelImpl.send(DatagramChannelImpl.java:550)
11-26 11:16:28.981  6970  7002 W System.err: 	at sun.nio.ch.DatagramChannelImpl.send(DatagramChannelImpl.java:514)
11-26 11:16:28.981  6970  7002 W System.err: 	at symlab.CloudAR.network.TransmissionTask.run(TransmissionTask.java:133)
11-26 11:16:28.981  6970  7002 W System.err: 	at android.os.Handler.handleCallback(Handler.java:907)
11-26 11:16:28.981  6970  7002 W System.err: 	at android.os.Handler.dispatchMessage(Handler.java:105)
11-26 11:16:28.981  6970  7002 W System.err: 	at android.os.Looper.loop(Looper.java:216)
11-26 11:16:28.981  6970  7002 W System.err: 	at android.os.HandlerThread.run(HandlerThread.java:65)
11-26 11:16:29.013  6970  7002 W System.err: java.net.SocketException: Message too long
11-26 11:16:29.013  6970  7002 W System.err: 	at sun.nio.ch.DatagramChannelImpl.send0(Native Method)
11-26 11:16:29.013  6970  7002 W System.err: 	at sun.nio.ch.DatagramChannelImpl.sendFromNativeBuffer(DatagramChannelImpl.java:573)
11-26 11:16:29.013  6970  7002 W System.err: 	at sun.nio.ch.DatagramChannelImpl.send(DatagramChannelImpl.java:550)
11-26 11:16:29.013  6970  7002 W System.err: 	at sun.nio.ch.DatagramChannelImpl.send(DatagramChannelImpl.java:514)
11-26 11:16:29.013  6970  7002 W System.err: 	at symlab.CloudAR.network.TransmissionTask.run(TransmissionTask.java:133)
11-26 11:16:29.013  6970  7002 W System.err: 	at android.os.Handler.handleCallback(Handler.java:907)
11-26 11:16:29.013  6970  7002 W System.err: 	at android.os.Handler.dispatchMessage(Handler.java:105)
11-26 11:16:29.013  6970  7002 W System.err: 	at android.os.Looper.loop(Looper.java:216)
11-26 11:16:29.013  6970  7002 W System.err: 	at android.os.HandlerThread.run(HandlerThread.java:65)
11-26 11:16:29.046  6970  7002 W System.err: java.net.SocketException: Message too long
11-26 11:16:29.046  6970  7002 W System.err: 	at sun.nio.ch.DatagramChannelImpl.send0(Native Method)
11-26 11:16:29.046  6970  7002 W System.err: 	at sun.nio.ch.DatagramChannelImpl.sendFromNativeBuffer(DatagramChannelImpl.java:573)
11-26 11:16:29.047  6970  7002 W System.err: 	at sun.nio.ch.DatagramChannelImpl.send(DatagramChannelImpl.java:550)
11-26 11:16:29.047  6970  7002 W System.err: 	at sun.nio.ch.DatagramChannelImpl.send(DatagramChannelImpl.java:514)
11-26 11:16:29.047  6970  7002 W System.err: 	at symlab.CloudAR.network.TransmissionTask.run(TransmissionTask.java:133)
11-26 11:16:29.047  6970  7002 W System.err: 	at android.os.Handler.handleCallback(Handler.java:907)
11-26 11:16:29.047  6970  7002 W System.err: 	at android.os.Handler.dispatchMessage(Handler.java:105)
11-26 11:16:29.047  6970  7002 W System.err: 	at android.os.Looper.loop(Looper.java:216)
11-26 11:16:29.047  6970  7002 W System.err: 	at android.os.HandlerThread.run(HandlerThread.java:65)
11-26 11:16:29.087  6970  7002 W System.err: java.net.SocketException: Message too long
11-26 11:16:29.087  6970  7002 W System.err: 	at sun.nio.ch.DatagramChannelImpl.send0(Native Method)
11-26 11:16:29.087  6970  7002 W System.err: 	at sun.nio.ch.DatagramChannelImpl.sendFromNativeBuffer(DatagramChannelImpl.java:573)
11-26 11:16:29.087  6970  7002 W System.err: 	at sun.nio.ch.DatagramChannelImpl.send(DatagramChannelImpl.java:550)
11-26 11:16:29.087  6970  7002 W System.err: 	at sun.nio.ch.DatagramChannelImpl.send(DatagramChannelImpl.java:514)
11-26 11:16:29.087  6970  7002 W System.err: 	at symlab.CloudAR.network.TransmissionTask.run(TransmissionTask.java:133)
11-26 11:16:29.087  6970  7002 W System.err: 	at android.os.Handler.handleCallback(Handler.java:907)
11-26 11:16:29.087  6970  7002 W System.err: 	at android.os.Handler.dispatchMessage(Handler.java:105)
11-26 11:16:29.087  6970  7002 W System.err: 	at android.os.Looper.loop(Looper.java:216)
11-26 11:16:29.087  6970  7002 W System.err: 	at android.os.HandlerThread.run(HandlerThread.java:65)
11-26 11:16:29.129  6970  7002 W System.err: java.net.SocketException: Message too long
11-26 11:16:29.129  6970  7002 W System.err: 	at sun.nio.ch.DatagramChannelImpl.send0(Native Method)
11-26 11:16:29.129  6970  7002 W System.err: 	at sun.nio.ch.DatagramChannelImpl.sendFromNativeBuffer(DatagramChannelImpl.java:573)
11-26 11:16:29.129  6970  7002 W System.err: 	at sun.nio.ch.DatagramChannelImpl.send(DatagramChannelImpl.java:550)
11-26 11:16:29.129  6970  7002 W System.err: 	at sun.nio.ch.DatagramChannelImpl.send(DatagramChannelImpl.java:514)
11-26 11:16:29.129  6970  7002 W System.err: 	at symlab.CloudAR.network.TransmissionTask.run(TransmissionTask.java:133)
11-26 11:16:29.129  6970  7002 W System.err: 	at android.os.Handler.handleCallback(Handler.java:907)
11-26 11:16:29.129  6970  7002 W System.err: 	at android.os.Handler.dispatchMessage(Handler.java:105)
11-26 11:16:29.129  6970  7002 W System.err: 	at android.os.Looper.loop(Looper.java:216)
11-26 11:16:29.129  6970  7002 W System.err: 	at android.os.HandlerThread.run(HandlerThread.java:65)
11-26 11:16:29.163  6970  7002 W System.err: java.net.SocketException: Message too long
11-26 11:16:29.163  6970  7002 W System.err: 	at sun.nio.ch.DatagramChannelImpl.send0(Native Method)
11-26 11:16:29.163  6970  7002 W System.err: 	at sun.nio.ch.DatagramChannelImpl.sendFromNativeBuffer(DatagramChannelImpl.java:573)
11-26 11:16:29.163  6970  7002 W System.err: 	at sun.nio.ch.DatagramChannelImpl.send(DatagramChannelImpl.java:550)
11-26 11:16:29.163  6970  7002 W System.err: 	at sun.nio.ch.DatagramChannelImpl.send(DatagramChannelImpl.java:514)
11-26 11:16:29.163  6970  7002 W System.err: 	at symlab.CloudAR.network.TransmissionTask.run(TransmissionTask.java:133)
11-26 11:16:29.163  6970  7002 W System.err: 	at android.os.Handler.handleCallback(Handler.java:907)
11-26 11:16:29.163  6970  7002 W System.err: 	at android.os.Handler.dispatchMessage(Handler.java:105)
11-26 11:16:29.163  6970  7002 W System.err: 	at android.os.Looper.loop(Looper.java:216)
11-26 11:16:29.164  6970  7002 W System.err: 	at android.os.HandlerThread.run(HandlerThread.java:65)
11-26 11:16:29.189  6970  7002 W System.err: java.net.SocketException: Message too long
11-26 11:16:29.189  6970  7002 W System.err: 	at sun.nio.ch.DatagramChannelImpl.send0(Native Method)
11-26 11:16:29.189  6970  7002 W System.err: 	at sun.nio.ch.DatagramChannelImpl.sendFromNativeBuffer(DatagramChannelImpl.java:573)
11-26 11:16:29.189  6970  7002 W System.err: 	at sun.nio.ch.DatagramChannelImpl.send(DatagramChannelImpl.java:550)
11-26 11:16:29.189  6970  7002 W System.err: 	at sun.nio.ch.DatagramChannelImpl.send(DatagramChannelImpl.java:514)
11-26 11:16:29.189  6970  7002 W System.err: 	at symlab.CloudAR.network.TransmissionTask.run(TransmissionTask.java:133)
11-26 11:16:29.189  6970  7002 W System.err: 	at android.os.Handler.handleCallback(Handler.java:907)
11-26 11:16:29.189  6970  7002 W System.err: 	at android.os.Handler.dispatchMessage(Handler.java:105)
11-26 11:16:29.189  6970  7002 W System.err: 	at android.os.Looper.loop(Looper.java:216)
11-26 11:16:29.189  6970  7002 W System.err: 	at android.os.HandlerThread.run(HandlerThread.java:65)
11-26 11:16:29.196  6970  6970 D Poster  : At 1574759789195 location is 65.05783535805855 (latitude), and 25.468007975190176 (longitude)
11-26 11:16:29.199  6970  6970 D Poster  : Connected to mobile network 20
11-26 11:16:29.241  6970  6981 E         : [ZeroHung]zrhung_get_config: Get config failed for wp[0x0008]
11-26 11:16:29.241  6970  7002 W System.err: java.net.SocketException: Message too long
11-26 11:16:29.241  6970  7002 W System.err: 	at sun.nio.ch.DatagramChannelImpl.send0(Native Method)
11-26 11:16:29.241  6970  7002 W System.err: 	at sun.nio.ch.DatagramChannelImpl.sendFromNativeBuffer(DatagramChannelImpl.java:573)
11-26 11:16:29.241  6970  7002 W System.err: 	at sun.nio.ch.DatagramChannelImpl.send(DatagramChannelImpl.java:550)
11-26 11:16:29.241  6970  7002 W System.err: 	at sun.nio.ch.DatagramChannelImpl.send(DatagramChannelImpl.java:514)
11-26 11:16:29.241  6970  7002 W System.err: 	at symlab.CloudAR.network.TransmissionTask.run(TransmissionTask.java:133)
11-26 11:16:29.241  6970  7002 W System.err: 	at android.os.Handler.handleCallback(Handler.java:907)
11-26 11:16:29.241  6970  7002 W System.err: 	at android.os.Handler.dispatchMessage(Handler.java:105)
11-26 11:16:29.241  6970  7002 W System.err: 	at android.os.Looper.loop(Looper.java:216)
11-26 11:16:29.241  6970  7002 W System.err: 	at android.os.HandlerThread.run(HandlerThread.java:65)
11-26 11:16:29.261  6970  7002 W System.err: java.net.SocketException: Message too long
11-26 11:16:29.261  6970  7002 W System.err: 	at sun.nio.ch.DatagramChannelImpl.send0(Native Method)
11-26 11:16:29.261  6970  7002 W System.err: 	at sun.nio.ch.DatagramChannelImpl.sendFromNativeBuffer(DatagramChannelImpl.java:573)
11-26 11:16:29.261  6970  7002 W System.err: 	at sun.nio.ch.DatagramChannelImpl.send(DatagramChannelImpl.java:550)
11-26 11:16:29.261  6970  7002 W System.err: 	at sun.nio.ch.DatagramChannelImpl.send(DatagramChannelImpl.java:514)
11-26 11:16:29.261  6970  7002 W System.err: 	at symlab.CloudAR.network.TransmissionTask.run(TransmissionTask.java:133)
11-26 11:16:29.261  6970  7002 W System.err: 	at android.os.Handler.handleCallback(Handler.java:907)
11-26 11:16:29.261  6970  7002 W System.err: 	at android.os.Handler.dispatchMessage(Handler.java:105)
11-26 11:16:29.261  6970  7002 W System.err: 	at android.os.Looper.loop(Looper.java:216)
11-26 11:16:29.261  6970  7002 W System.err: 	at android.os.HandlerThread.run(HandlerThread.java:65)
11-26 11:16:29.286  6970  7002 W System.err: java.net.SocketException: Message too long
11-26 11:16:29.286  6970  7002 W System.err: 	at sun.nio.ch.DatagramChannelImpl.send0(Native Method)
11-26 11:16:29.286  6970  7002 W System.err: 	at sun.nio.ch.DatagramChannelImpl.sendFromNativeBuffer(DatagramChannelImpl.java:573)
11-26 11:16:29.286  6970  7002 W System.err: 	at sun.nio.ch.DatagramChannelImpl.send(DatagramChannelImpl.java:550)
11-26 11:16:29.286  6970  7002 W System.err: 	at sun.nio.ch.DatagramChannelImpl.send(DatagramChannelImpl.java:514)
11-26 11:16:29.286  6970  7002 W System.err: 	at symlab.CloudAR.network.TransmissionTask.run(TransmissionTask.java:133)
11-26 11:16:29.287  6970  7002 W System.err: 	at android.os.Handler.handleCallback(Handler.java:907)
11-26 11:16:29.287  6970  7002 W System.err: 	at android.os.Handler.dispatchMessage(Handler.java:105)
11-26 11:16:29.287  6970  7002 W System.err: 	at android.os.Looper.loop(Looper.java:216)
11-26 11:16:29.287  6970  7002 W System.err: 	at android.os.HandlerThread.run(HandlerThread.java:65)
11-26 11:16:29.313  6970  7002 W System.err: java.net.SocketException: Message too long
11-26 11:16:29.313  6970  7002 W System.err: 	at sun.nio.ch.DatagramChannelImpl.send0(Native Method)
11-26 11:16:29.313  6970  7002 W System.err: 	at sun.nio.ch.DatagramChannelImpl.sendFromNativeBuffer(DatagramChannelImpl.java:573)
11-26 11:16:29.313  6970  7002 W System.err: 	at sun.nio.ch.DatagramChannelImpl.send(DatagramChannelImpl.java:550)
11-26 11:16:29.313  6970  7002 W System.err: 	at sun.nio.ch.DatagramChannelImpl.send(DatagramChannelImpl.java:514)
11-26 11:16:29.313  6970  7002 W System.err: 	at symlab.CloudAR.network.TransmissionTask.run(TransmissionTask.java:133)
11-26 11:16:29.314  6970  7002 W System.err: 	at android.os.Handler.handleCallback(Handler.java:907)
11-26 11:16:29.314  6970  7002 W System.err: 	at android.os.Handler.dispatchMessage(Handler.java:105)
11-26 11:16:29.314  6970  7002 W System.err: 	at android.os.Looper.loop(Looper.java:216)
11-26 11:16:29.314  6970  7002 W System.err: 	at android.os.HandlerThread.run(HandlerThread.java:65)
11-26 11:16:29.346  6970  7002 W System.err: java.net.SocketException: Message too long
11-26 11:16:29.346  6970  7002 W System.err: 	at sun.nio.ch.DatagramChannelImpl.send0(Native Method)
11-26 11:16:29.346  6970  7002 W System.err: 	at sun.nio.ch.DatagramChannelImpl.sendFromNativeBuffer(DatagramChannelImpl.java:573)
11-26 11:16:29.346  6970  7002 W System.err: 	at sun.nio.ch.DatagramChannelImpl.send(DatagramChannelImpl.java:550)
11-26 11:16:29.346  6970  7002 W System.err: 	at sun.nio.ch.DatagramChannelImpl.send(DatagramChannelImpl.java:514)
11-26 11:16:29.346  6970  7002 W System.err: 	at symlab.CloudAR.network.TransmissionTask.run(TransmissionTask.java:133)
11-26 11:16:29.346  6970  7002 W System.err: 	at android.os.Handler.handleCallback(Handler.java:907)
11-26 11:16:29.346  6970  7002 W System.err: 	at android.os.Handler.dispatchMessage(Handler.java:105)
11-26 11:16:29.346  6970  7002 W System.err: 	at android.os.Looper.loop(Looper.java:216)
11-26 11:16:29.346  6970  7002 W System.err: 	at android.os.HandlerThread.run(HandlerThread.java:65)
11-26 11:16:29.382  6970  7002 W System.err: java.net.SocketException: Message too long
11-26 11:16:29.382  6970  7002 W System.err: 	at sun.nio.ch.DatagramChannelImpl.send0(Native Method)
11-26 11:16:29.382  6970  7002 W System.err: 	at sun.nio.ch.DatagramChannelImpl.sendFromNativeBuffer(DatagramChannelImpl.java:573)
11-26 11:16:29.382  6970  7002 W System.err: 	at sun.nio.ch.DatagramChannelImpl.send(DatagramChannelImpl.java:550)
11-26 11:16:29.382  6970  7002 W System.err: 	at sun.nio.ch.DatagramChannelImpl.send(DatagramChannelImpl.java:514)
11-26 11:16:29.382  6970  7002 W System.err: 	at symlab.CloudAR.network.TransmissionTask.run(TransmissionTask.java:133)
11-26 11:16:29.382  6970  7002 W System.err: 	at android.os.Handler.handleCallback(Handler.java:907)
11-26 11:16:29.382  6970  7002 W System.err: 	at android.os.Handler.dispatchMessage(Handler.java:105)
11-26 11:16:29.382  6970  7002 W System.err: 	at android.os.Looper.loop(Looper.java:216)
11-26 11:16:29.382  6970  7002 W System.err: 	at android.os.HandlerThread.run(HandlerThread.java:65)
11-26 11:16:29.418  6970  7002 W System.err: java.net.SocketException: Message too long
11-26 11:16:29.418  6970  7002 W System.err: 	at sun.nio.ch.DatagramChannelImpl.send0(Native Method)
11-26 11:16:29.418  6970  7002 W System.err: 	at sun.nio.ch.DatagramChannelImpl.sendFromNativeBuffer(DatagramChannelImpl.java:573)
11-26 11:16:29.418  6970  7002 W System.err: 	at sun.nio.ch.DatagramChannelImpl.send(DatagramChannelImpl.java:550)
11-26 11:16:29.418  6970  7002 W System.err: 	at sun.nio.ch.DatagramChannelImpl.send(DatagramChannelImpl.java:514)
11-26 11:16:29.418  6970  7002 W System.err: 	at symlab.CloudAR.network.TransmissionTask.run(TransmissionTask.java:133)
11-26 11:16:29.418  6970  7002 W System.err: 	at android.os.Handler.handleCallback(Handler.java:907)
11-26 11:16:29.418  6970  7002 W System.err: 	at android.os.Handler.dispatchMessage(Handler.java:105)
11-26 11:16:29.418  6970  7002 W System.err: 	at android.os.Looper.loop(Looper.java:216)
11-26 11:16:29.418  6970  7002 W System.err: 	at android.os.HandlerThread.run(HandlerThread.java:65)
11-26 11:16:29.452  6970  7002 W System.err: java.net.SocketException: Message too long
11-26 11:16:29.452  6970  7002 W System.err: 	at sun.nio.ch.DatagramChannelImpl.send0(Native Method)
11-26 11:16:29.452  6970  7002 W System.err: 	at sun.nio.ch.DatagramChannelImpl.sendFromNativeBuffer(DatagramChannelImpl.java:573)
11-26 11:16:29.452  6970  7002 W System.err: 	at sun.nio.ch.DatagramChannelImpl.send(DatagramChannelImpl.java:550)
11-26 11:16:29.453  6970  7002 W System.err: 	at sun.nio.ch.DatagramChannelImpl.send(DatagramChannelImpl.java:514)
11-26 11:16:29.453  6970  7002 W System.err: 	at symlab.CloudAR.network.TransmissionTask.run(TransmissionTask.java:133)
11-26 11:16:29.453  6970  7002 W System.err: 	at android.os.Handler.handleCallback(Handler.java:907)
11-26 11:16:29.453  6970  7002 W System.err: 	at android.os.Handler.dispatchMessage(Handler.java:105)
11-26 11:16:29.453  6970  7002 W System.err: 	at android.os.Looper.loop(Looper.java:216)
11-26 11:16:29.453  6970  7002 W System.err: 	at android.os.HandlerThread.run(HandlerThread.java:65)
11-26 11:16:29.487  6970  7002 W System.err: java.net.SocketException: Message too long
11-26 11:16:29.487  6970  7002 W System.err: 	at sun.nio.ch.DatagramChannelImpl.send0(Native Method)
11-26 11:16:29.488  6970  7002 W System.err: 	at sun.nio.ch.DatagramChannelImpl.sendFromNativeBuffer(DatagramChannelImpl.java:573)
11-26 11:16:29.488  6970  7002 W System.err: 	at sun.nio.ch.DatagramChannelImpl.send(DatagramChannelImpl.java:550)
11-26 11:16:29.488  6970  7002 W System.err: 	at sun.nio.ch.DatagramChannelImpl.send(DatagramChannelImpl.java:514)
11-26 11:16:29.488  6970  7002 W System.err: 	at symlab.CloudAR.network.TransmissionTask.run(TransmissionTask.java:133)
11-26 11:16:29.488  6970  7002 W System.err: 	at android.os.Handler.handleCallback(Handler.java:907)
11-26 11:16:29.488  6970  7002 W System.err: 	at android.os.Handler.dispatchMessage(Handler.java:105)
11-26 11:16:29.488  6970  7002 W System.err: 	at android.os.Looper.loop(Looper.java:216)
11-26 11:16:29.488  6970  7002 W System.err: 	at android.os.HandlerThread.run(HandlerThread.java:65)
11-26 11:16:29.522  6970  7002 W System.err: java.net.SocketException: Message too long
11-26 11:16:29.522  6970  7002 W System.err: 	at sun.nio.ch.DatagramChannelImpl.send0(Native Method)
11-26 11:16:29.522  6970  7002 W System.err: 	at sun.nio.ch.DatagramChannelImpl.sendFromNativeBuffer(DatagramChannelImpl.java:573)
11-26 11:16:29.522  6970  7002 W System.err: 	at sun.nio.ch.DatagramChannelImpl.send(DatagramChannelImpl.java:550)
11-26 11:16:29.522  6970  7002 W System.err: 	at sun.nio.ch.DatagramChannelImpl.send(DatagramChannelImpl.java:514)
11-26 11:16:29.522  6970  7002 W System.err: 	at symlab.CloudAR.network.TransmissionTask.run(TransmissionTask.java:133)
11-26 11:16:29.522  6970  7002 W System.err: 	at android.os.Handler.handleCallback(Handler.java:907)
11-26 11:16:29.522  6970  7002 W System.err: 	at android.os.Handler.dispatchMessage(Handler.java:105)
11-26 11:16:29.522  6970  7002 W System.err: 	at android.os.Looper.loop(Looper.java:216)
11-26 11:16:29.522  6970  7002 W System.err: 	at android.os.HandlerThread.run(HandlerThread.java:65)
11-26 11:16:29.563  6970  7002 W System.err: java.net.SocketException: Message too long
11-26 11:16:29.563  6970  7002 W System.err: 	at sun.nio.ch.DatagramChannelImpl.send0(Native Method)
11-26 11:16:29.563  6970  7002 W System.err: 	at sun.nio.ch.DatagramChannelImpl.sendFromNativeBuffer(DatagramChannelImpl.java:573)
11-26 11:16:29.563  6970  7002 W System.err: 	at sun.nio.ch.DatagramChannelImpl.send(DatagramChannelImpl.java:550)
11-26 11:16:29.563  6970  7002 W System.err: 	at sun.nio.ch.DatagramChannelImpl.send(DatagramChannelImpl.java:514)
11-26 11:16:29.563  6970  7002 W System.err: 	at symlab.CloudAR.network.TransmissionTask.run(TransmissionTask.java:133)
11-26 11:16:29.563  6970  7002 W System.err: 	at android.os.Handler.handleCallback(Handler.java:907)
11-26 11:16:29.563  6970  7002 W System.err: 	at android.os.Handler.dispatchMessage(Handler.java:105)
11-26 11:16:29.563  6970  7002 W System.err: 	at android.os.Looper.loop(Looper.java:216)
11-26 11:16:29.563  6970  7002 W System.err: 	at android.os.HandlerThread.run(HandlerThread.java:65)
11-26 11:16:29.592  6970  7002 W System.err: java.net.SocketException: Message too long
11-26 11:16:29.592  6970  7002 W System.err: 	at sun.nio.ch.DatagramChannelImpl.send0(Native Method)
11-26 11:16:29.592  6970  7002 W System.err: 	at sun.nio.ch.DatagramChannelImpl.sendFromNativeBuffer(DatagramChannelImpl.java:573)
11-26 11:16:29.592  6970  7002 W System.err: 	at sun.nio.ch.DatagramChannelImpl.send(DatagramChannelImpl.java:550)
11-26 11:16:29.592  6970  7002 W System.err: 	at sun.nio.ch.DatagramChannelImpl.send(DatagramChannelImpl.java:514)
11-26 11:16:29.592  6970  7002 W System.err: 	at symlab.CloudAR.network.TransmissionTask.run(TransmissionTask.java:133)
11-26 11:16:29.592  6970  7002 W System.err: 	at android.os.Handler.handleCallback(Handler.java:907)
11-26 11:16:29.592  6970  7002 W System.err: 	at android.os.Handler.dispatchMessage(Handler.java:105)
11-26 11:16:29.592  6970  7002 W System.err: 	at android.os.Looper.loop(Looper.java:216)
11-26 11:16:29.593  6970  7002 W System.err: 	at android.os.HandlerThread.run(HandlerThread.java:65)
11-26 11:16:29.632  6970  7002 W System.err: java.net.SocketException: Message too long
11-26 11:16:29.632  6970  7002 W System.err: 	at sun.nio.ch.DatagramChannelImpl.send0(Native Method)
11-26 11:16:29.632  6970  7002 W System.err: 	at sun.nio.ch.DatagramChannelImpl.sendFromNativeBuffer(DatagramChannelImpl.java:573)
11-26 11:16:29.632  6970  7002 W System.err: 	at sun.nio.ch.DatagramChannelImpl.send(DatagramChannelImpl.java:550)
11-26 11:16:29.632  6970  7002 W System.err: 	at sun.nio.ch.DatagramChannelImpl.send(DatagramChannelImpl.java:514)
11-26 11:16:29.632  6970  7002 W System.err: 	at symlab.CloudAR.network.TransmissionTask.run(TransmissionTask.java:133)
11-26 11:16:29.632  6970  7002 W System.err: 	at android.os.Handler.handleCallback(Handler.java:907)
11-26 11:16:29.632  6970  7002 W System.err: 	at android.os.Handler.dispatchMessage(Handler.java:105)
11-26 11:16:29.632  6970  7002 W System.err: 	at android.os.Looper.loop(Looper.java:216)
11-26 11:16:29.632  6970  7002 W System.err: 	at android.os.HandlerThread.run(HandlerThread.java:65)
11-26 11:16:29.656  6970  7002 W System.err: java.net.SocketException: Message too long
11-26 11:16:29.657  6970  7002 W System.err: 	at sun.nio.ch.DatagramChannelImpl.send0(Native Method)
11-26 11:16:29.657  6970  7002 W System.err: 	at sun.nio.ch.DatagramChannelImpl.sendFromNativeBuffer(DatagramChannelImpl.java:573)
11-26 11:16:29.657  6970  7002 W System.err: 	at sun.nio.ch.DatagramChannelImpl.send(DatagramChannelImpl.java:550)
11-26 11:16:29.657  6970  7002 W System.err: 	at sun.nio.ch.DatagramChannelImpl.send(DatagramChannelImpl.java:514)
11-26 11:16:29.657  6970  7002 W System.err: 	at symlab.CloudAR.network.TransmissionTask.run(TransmissionTask.java:133)
11-26 11:16:29.657  6970  7002 W System.err: 	at android.os.Handler.handleCallback(Handler.java:907)
11-26 11:16:29.657  6970  7002 W System.err: 	at android.os.Handler.dispatchMessage(Handler.java:105)
11-26 11:16:29.657  6970  7002 W System.err: 	at android.os.Looper.loop(Looper.java:216)
11-26 11:16:29.657  6970  7002 W System.err: 	at android.os.HandlerThread.run(HandlerThread.java:65)
11-26 11:16:29.695  6970  7002 W System.err: java.net.SocketException: Message too long
11-26 11:16:29.695  6970  7002 W System.err: 	at sun.nio.ch.DatagramChannelImpl.send0(Native Method)
11-26 11:16:29.695  6970  7002 W System.err: 	at sun.nio.ch.DatagramChannelImpl.sendFromNativeBuffer(DatagramChannelImpl.java:573)
11-26 11:16:29.695  6970  7002 W System.err: 	at sun.nio.ch.DatagramChannelImpl.send(DatagramChannelImpl.java:550)
11-26 11:16:29.695  6970  7002 W System.err: 	at sun.nio.ch.DatagramChannelImpl.send(DatagramChannelImpl.java:514)
11-26 11:16:29.695  6970  7002 W System.err: 	at symlab.CloudAR.network.TransmissionTask.run(TransmissionTask.java:133)
11-26 11:16:29.695  6970  7002 W System.err: 	at android.os.Handler.handleCallback(Handler.java:907)
11-26 11:16:29.695  6970  7002 W System.err: 	at android.os.Handler.dispatchMessage(Handler.java:105)
11-26 11:16:29.695  6970  7002 W System.err: 	at android.os.Looper.loop(Looper.java:216)
11-26 11:16:29.695  6970  7002 W System.err: 	at android.os.HandlerThread.run(HandlerThread.java:65)
11-26 11:16:29.722  6970  7002 W System.err: java.net.SocketException: Message too long
11-26 11:16:29.722  6970  7002 W System.err: 	at sun.nio.ch.DatagramChannelImpl.send0(Native Method)
11-26 11:16:29.722  6970  7002 W System.err: 	at sun.nio.ch.DatagramChannelImpl.sendFromNativeBuffer(DatagramChannelImpl.java:573)
11-26 11:16:29.722  6970  7002 W System.err: 	at sun.nio.ch.DatagramChannelImpl.send(DatagramChannelImpl.java:550)
11-26 11:16:29.722  6970  7002 W System.err: 	at sun.nio.ch.DatagramChannelImpl.send(DatagramChannelImpl.java:514)
11-26 11:16:29.722  6970  7002 W System.err: 	at symlab.CloudAR.network.TransmissionTask.run(TransmissionTask.java:133)
11-26 11:16:29.722  6970  7002 W System.err: 	at android.os.Handler.handleCallback(Handler.java:907)
11-26 11:16:29.722  6970  7002 W System.err: 	at android.os.Handler.dispatchMessage(Handler.java:105)
11-26 11:16:29.722  6970  7002 W System.err: 	at android.os.Looper.loop(Looper.java:216)
11-26 11:16:29.722  6970  7002 W System.err: 	at android.os.HandlerThread.run(HandlerThread.java:65)
11-26 11:16:29.752  6970  7002 W System.err: java.net.SocketException: Message too long
11-26 11:16:29.752  6970  7002 W System.err: 	at sun.nio.ch.DatagramChannelImpl.send0(Native Method)
11-26 11:16:29.752  6970  7002 W System.err: 	at sun.nio.ch.DatagramChannelImpl.sendFromNativeBuffer(DatagramChannelImpl.java:573)
11-26 11:16:29.752  6970  7002 W System.err: 	at sun.nio.ch.DatagramChannelImpl.send(DatagramChannelImpl.java:550)
11-26 11:16:29.752  6970  7002 W System.err: 	at sun.nio.ch.DatagramChannelImpl.send(DatagramChannelImpl.java:514)
11-26 11:16:29.752  6970  7002 W System.err: 	at symlab.CloudAR.network.TransmissionTask.run(TransmissionTask.java:133)
11-26 11:16:29.752  6970  7002 W System.err: 	at android.os.Handler.handleCallback(Handler.java:907)
11-26 11:16:29.752  6970  7002 W System.err: 	at android.os.Handler.dispatchMessage(Handler.java:105)
11-26 11:16:29.752  6970  7002 W System.err: 	at android.os.Looper.loop(Looper.java:216)
11-26 11:16:29.752  6970  7002 W System.err: 	at android.os.HandlerThread.run(HandlerThread.java:65)
11-26 11:16:29.790  6970  7002 W System.err: java.net.SocketException: Message too long
11-26 11:16:29.790  6970  7002 W System.err: 	at sun.nio.ch.DatagramChannelImpl.send0(Native Method)
11-26 11:16:29.790  6970  7002 W System.err: 	at sun.nio.ch.DatagramChannelImpl.sendFromNativeBuffer(DatagramChannelImpl.java:573)
11-26 11:16:29.790  6970  7002 W System.err: 	at sun.nio.ch.DatagramChannelImpl.send(DatagramChannelImpl.java:550)
11-26 11:16:29.790  6970  7002 W System.err: 	at sun.nio.ch.DatagramChannelImpl.send(DatagramChannelImpl.java:514)
11-26 11:16:29.790  6970  7002 W System.err: 	at symlab.CloudAR.network.TransmissionTask.run(TransmissionTask.java:133)
11-26 11:16:29.790  6970  7002 W System.err: 	at android.os.Handler.handleCallback(Handler.java:907)
11-26 11:16:29.790  6970  7002 W System.err: 	at android.os.Handler.dispatchMessage(Handler.java:105)
11-26 11:16:29.790  6970  7002 W System.err: 	at android.os.Looper.loop(Looper.java:216)
11-26 11:16:29.790  6970  7002 W System.err: 	at android.os.HandlerThread.run(HandlerThread.java:65)
11-26 11:16:29.832  6970  7002 W System.err: java.net.SocketException: Message too long
11-26 11:16:29.832  6970  7002 W System.err: 	at sun.nio.ch.DatagramChannelImpl.send0(Native Method)
11-26 11:16:29.832  6970  7002 W System.err: 	at sun.nio.ch.DatagramChannelImpl.sendFromNativeBuffer(DatagramChannelImpl.java:573)
11-26 11:16:29.832  6970  7002 W System.err: 	at sun.nio.ch.DatagramChannelImpl.send(DatagramChannelImpl.java:550)
11-26 11:16:29.832  6970  7002 W System.err: 	at sun.nio.ch.DatagramChannelImpl.send(DatagramChannelImpl.java:514)
11-26 11:16:29.832  6970  7002 W System.err: 	at symlab.CloudAR.network.TransmissionTask.run(TransmissionTask.java:133)
11-26 11:16:29.832  6970  7002 W System.err: 	at android.os.Handler.handleCallback(Handler.java:907)
11-26 11:16:29.832  6970  7002 W System.err: 	at android.os.Handler.dispatchMessage(Handler.java:105)
11-26 11:16:29.832  6970  7002 W System.err: 	at android.os.Looper.loop(Looper.java:216)
11-26 11:16:29.832  6970  7002 W System.err: 	at android.os.HandlerThread.run(HandlerThread.java:65)
11-26 11:16:29.865  6970  6981 E         : [ZeroHung]zrhung_get_config: Get config failed for wp[0x0008]
11-26 11:16:29.866  6970  7002 W System.err: java.net.SocketException: Message too long
11-26 11:16:29.866  6970  7002 W System.err: 	at sun.nio.ch.DatagramChannelImpl.send0(Native Method)
11-26 11:16:29.866  6970  7002 W System.err: 	at sun.nio.ch.DatagramChannelImpl.sendFromNativeBuffer(DatagramChannelImpl.java:573)
11-26 11:16:29.866  6970  7002 W System.err: 	at sun.nio.ch.DatagramChannelImpl.send(DatagramChannelImpl.java:550)
11-26 11:16:29.866  6970  7002 W System.err: 	at sun.nio.ch.DatagramChannelImpl.send(DatagramChannelImpl.java:514)
