11-26 11:18:10.054  7161  7195 W System.err: 	at android.os.Handler.handleCallback(Handler.java:907)
11-26 11:18:10.054  7161  7195 W System.err: 	at android.os.Handler.dispatchMessage(Handler.java:105)
11-26 11:18:10.054  7161  7195 W System.err: 	at android.os.Looper.loop(Looper.java:216)
11-26 11:18:10.054  7161  7195 W System.err: 	at android.os.HandlerThread.run(HandlerThread.java:65)
11-26 11:18:10.220  7161  7161 D Poster  : At 1574759890219 location is 65.05818959121143 (latitude), and 25.468018570446166 (longitude)
11-26 11:18:10.222  7161  7161 D Poster  : Connected to mobile network 20
11-26 11:18:10.286  7161  7195 W System.err: java.net.SocketException: Message too long
11-26 11:18:10.286  7161  7195 W System.err: 	at sun.nio.ch.DatagramChannelImpl.send0(Native Method)
11-26 11:18:10.286  7161  7195 W System.err: 	at sun.nio.ch.DatagramChannelImpl.sendFromNativeBuffer(DatagramChannelImpl.java:573)
11-26 11:18:10.286  7161  7195 W System.err: 	at sun.nio.ch.DatagramChannelImpl.send(DatagramChannelImpl.java:550)
11-26 11:18:10.286  7161  7195 W System.err: 	at sun.nio.ch.DatagramChannelImpl.send(DatagramChannelImpl.java:514)
11-26 11:18:10.286  7161  7195 W System.err: 	at symlab.CloudAR.network.TransmissionTask.run(TransmissionTask.java:133)
11-26 11:18:10.287  7161  7195 W System.err: 	at android.os.Handler.handleCallback(Handler.java:907)
11-26 11:18:10.287  7161  7195 W System.err: 	at android.os.Handler.dispatchMessage(Handler.java:105)
11-26 11:18:10.287  7161  7195 W System.err: 	at android.os.Looper.loop(Looper.java:216)
11-26 11:18:10.287  7161  7195 W System.err: 	at android.os.HandlerThread.run(HandlerThread.java:65)
11-26 11:18:10.306  7161  7195 W System.err: java.net.SocketException: Message too long
11-26 11:18:10.306  7161  7195 W System.err: 	at sun.nio.ch.DatagramChannelImpl.send0(Native Method)
11-26 11:18:10.306  7161  7195 W System.err: 	at sun.nio.ch.DatagramChannelImpl.sendFromNativeBuffer(DatagramChannelImpl.java:573)
11-26 11:18:10.306  7161  7195 W System.err: 	at sun.nio.ch.DatagramChannelImpl.send(DatagramChannelImpl.java:550)
11-26 11:18:10.306  7161  7195 W System.err: 	at sun.nio.ch.DatagramChannelImpl.send(DatagramChannelImpl.java:514)
11-26 11:18:10.306  7161  7195 W System.err: 	at symlab.CloudAR.network.TransmissionTask.run(TransmissionTask.java:133)
11-26 11:18:10.306  7161  7195 W System.err: 	at android.os.Handler.handleCallback(Handler.java:907)
11-26 11:18:10.306  7161  7195 W System.err: 	at android.os.Handler.dispatchMessage(Handler.java:105)
11-26 11:18:10.306  7161  7195 W System.err: 	at android.os.Looper.loop(Looper.java:216)
11-26 11:18:10.306  7161  7195 W System.err: 	at android.os.HandlerThread.run(HandlerThread.java:65)
11-26 11:18:10.341  7161  7195 W System.err: java.net.SocketException: Message too long
11-26 11:18:10.341  7161  7195 W System.err: 	at sun.nio.ch.DatagramChannelImpl.send0(Native Method)
11-26 11:18:10.341  7161  7195 W System.err: 	at sun.nio.ch.DatagramChannelImpl.sendFromNativeBuffer(DatagramChannelImpl.java:573)
11-26 11:18:10.341  7161  7195 W System.err: 	at sun.nio.ch.DatagramChannelImpl.send(DatagramChannelImpl.java:550)
11-26 11:18:10.341  7161  7195 W System.err: 	at sun.nio.ch.DatagramChannelImpl.send(DatagramChannelImpl.java:514)
11-26 11:18:10.341  7161  7195 W System.err: 	at symlab.CloudAR.network.TransmissionTask.run(TransmissionTask.java:133)
11-26 11:18:10.341  7161  7195 W System.err: 	at android.os.Handler.handleCallback(Handler.java:907)
11-26 11:18:10.341  7161  7195 W System.err: 	at android.os.Handler.dispatchMessage(Handler.java:105)
11-26 11:18:10.341  7161  7195 W System.err: 	at android.os.Looper.loop(Looper.java:216)
11-26 11:18:10.341  7161  7195 W System.err: 	at android.os.HandlerThread.run(HandlerThread.java:65)
11-26 11:18:10.369  7161  7195 W System.err: java.net.SocketException: Message too long
11-26 11:18:10.370  7161  7195 W System.err: 	at sun.nio.ch.DatagramChannelImpl.send0(Native Method)
11-26 11:18:10.370  7161  7195 W System.err: 	at sun.nio.ch.DatagramChannelImpl.sendFromNativeBuffer(DatagramChannelImpl.java:573)
11-26 11:18:10.370  7161  7195 W System.err: 	at sun.nio.ch.DatagramChannelImpl.send(DatagramChannelImpl.java:550)
11-26 11:18:10.370  7161  7195 W System.err: 	at sun.nio.ch.DatagramChannelImpl.send(DatagramChannelImpl.java:514)
11-26 11:18:10.370  7161  7195 W System.err: 	at symlab.CloudAR.network.TransmissionTask.run(TransmissionTask.java:133)
11-26 11:18:10.370  7161  7195 W System.err: 	at android.os.Handler.handleCallback(Handler.java:907)
11-26 11:18:10.370  7161  7195 W System.err: 	at android.os.Handler.dispatchMessage(Handler.java:105)
11-26 11:18:10.370  7161  7195 W System.err: 	at android.os.Looper.loop(Looper.java:216)
11-26 11:18:10.370  7161  7195 W System.err: 	at android.os.HandlerThread.run(HandlerThread.java:65)
11-26 11:18:10.412  7161  7195 W System.err: java.net.SocketException: Message too long
11-26 11:18:10.412  7161  7195 W System.err: 	at sun.nio.ch.DatagramChannelImpl.send0(Native Method)
11-26 11:18:10.412  7161  7195 W System.err: 	at sun.nio.ch.DatagramChannelImpl.sendFromNativeBuffer(DatagramChannelImpl.java:573)
11-26 11:18:10.412  7161  7195 W System.err: 	at sun.nio.ch.DatagramChannelImpl.send(DatagramChannelImpl.java:550)
11-26 11:18:10.412  7161  7195 W System.err: 	at sun.nio.ch.DatagramChannelImpl.send(DatagramChannelImpl.java:514)
11-26 11:18:10.412  7161  7195 W System.err: 	at symlab.CloudAR.network.TransmissionTask.run(TransmissionTask.java:133)
11-26 11:18:10.412  7161  7195 W System.err: 	at android.os.Handler.handleCallback(Handler.java:907)
11-26 11:18:10.412  7161  7195 W System.err: 	at android.os.Handler.dispatchMessage(Handler.java:105)
11-26 11:18:10.412  7161  7195 W System.err: 	at android.os.Looper.loop(Looper.java:216)
11-26 11:18:10.412  7161  7195 W System.err: 	at android.os.HandlerThread.run(HandlerThread.java:65)
11-26 11:18:10.456  7161  7195 W System.err: java.net.SocketException: Message too long
11-26 11:18:10.456  7161  7195 W System.err: 	at sun.nio.ch.DatagramChannelImpl.send0(Native Method)
11-26 11:18:10.456  7161  7195 W System.err: 	at sun.nio.ch.DatagramChannelImpl.sendFromNativeBuffer(DatagramChannelImpl.java:573)
11-26 11:18:10.456  7161  7195 W System.err: 	at sun.nio.ch.DatagramChannelImpl.send(DatagramChannelImpl.java:550)
11-26 11:18:10.456  7161  7195 W System.err: 	at sun.nio.ch.DatagramChannelImpl.send(DatagramChannelImpl.java:514)
11-26 11:18:10.456  7161  7195 W System.err: 	at symlab.CloudAR.network.TransmissionTask.run(TransmissionTask.java:133)
11-26 11:18:10.456  7161  7195 W System.err: 	at android.os.Handler.handleCallback(Handler.java:907)
11-26 11:18:10.456  7161  7195 W System.err: 	at android.os.Handler.dispatchMessage(Handler.java:105)
11-26 11:18:10.456  7161  7195 W System.err: 	at android.os.Looper.loop(Looper.java:216)
11-26 11:18:10.456  7161  7195 W System.err: 	at android.os.HandlerThread.run(HandlerThread.java:65)
11-26 11:18:10.484  7161  7195 W System.err: java.net.SocketException: Message too long
11-26 11:18:10.484  7161  7195 W System.err: 	at sun.nio.ch.DatagramChannelImpl.send0(Native Method)
11-26 11:18:10.484  7161  7195 W System.err: 	at sun.nio.ch.DatagramChannelImpl.sendFromNativeBuffer(DatagramChannelImpl.java:573)
11-26 11:18:10.484  7161  7195 W System.err: 	at sun.nio.ch.DatagramChannelImpl.send(DatagramChannelImpl.java:550)
11-26 11:18:10.484  7161  7195 W System.err: 	at sun.nio.ch.DatagramChannelImpl.send(DatagramChannelImpl.java:514)
11-26 11:18:10.484  7161  7195 W System.err: 	at symlab.CloudAR.network.TransmissionTask.run(TransmissionTask.java:133)
11-26 11:18:10.484  7161  7195 W System.err: 	at android.os.Handler.handleCallback(Handler.java:907)
11-26 11:18:10.484  7161  7195 W System.err: 	at android.os.Handler.dispatchMessage(Handler.java:105)
11-26 11:18:10.484  7161  7195 W System.err: 	at android.os.Looper.loop(Looper.java:216)
11-26 11:18:10.484  7161  7195 W System.err: 	at android.os.HandlerThread.run(HandlerThread.java:65)
11-26 11:18:10.510  7161  7172 E         : [ZeroHung]zrhung_get_config: Get config failed for wp[0x0008]
11-26 11:18:10.538  7161  7170 W System  : A resource failed to call close. 
11-26 11:18:10.538  7161  7170 I chatty  : uid=10147(symlab.cloudridar.arhud) FinalizerDaemon identical 5 lines
11-26 11:18:10.539  7161  7170 W System  : A resource failed to call close. 
11-26 11:18:10.842  7161  7195 W System.err: java.net.SocketException: Message too long
11-26 11:18:10.842  7161  7195 W System.err: 	at sun.nio.ch.DatagramChannelImpl.send0(Native Method)
11-26 11:18:10.842  7161  7195 W System.err: 	at sun.nio.ch.DatagramChannelImpl.sendFromNativeBuffer(DatagramChannelImpl.java:573)
11-26 11:18:10.842  7161  7195 W System.err: 	at sun.nio.ch.DatagramChannelImpl.send(DatagramChannelImpl.java:550)
11-26 11:18:10.842  7161  7195 W System.err: 	at sun.nio.ch.DatagramChannelImpl.send(DatagramChannelImpl.java:514)
11-26 11:18:10.842  7161  7195 W System.err: 	at symlab.CloudAR.network.TransmissionTask.run(TransmissionTask.java:133)
11-26 11:18:10.842  7161  7195 W System.err: 	at android.os.Handler.handleCallback(Handler.java:907)
11-26 11:18:10.842  7161  7195 W System.err: 	at android.os.Handler.dispatchMessage(Handler.java:105)
11-26 11:18:10.842  7161  7195 W System.err: 	at android.os.Looper.loop(Looper.java:216)
11-26 11:18:10.842  7161  7195 W System.err: 	at android.os.HandlerThread.run(HandlerThread.java:65)
11-26 11:18:10.881  7161  7195 W System.err: java.net.SocketException: Message too long
11-26 11:18:10.881  7161  7195 W System.err: 	at sun.nio.ch.DatagramChannelImpl.send0(Native Method)
11-26 11:18:10.881  7161  7195 W System.err: 	at sun.nio.ch.DatagramChannelImpl.sendFromNativeBuffer(DatagramChannelImpl.java:573)
11-26 11:18:10.881  7161  7195 W System.err: 	at sun.nio.ch.DatagramChannelImpl.send(DatagramChannelImpl.java:550)
11-26 11:18:10.881  7161  7195 W System.err: 	at sun.nio.ch.DatagramChannelImpl.send(DatagramChannelImpl.java:514)
11-26 11:18:10.881  7161  7195 W System.err: 	at symlab.CloudAR.network.TransmissionTask.run(TransmissionTask.java:133)
11-26 11:18:10.881  7161  7195 W System.err: 	at android.os.Handler.handleCallback(Handler.java:907)
11-26 11:18:10.881  7161  7195 W System.err: 	at android.os.Handler.dispatchMessage(Handler.java:105)
11-26 11:18:10.881  7161  7195 W System.err: 	at android.os.Looper.loop(Looper.java:216)
11-26 11:18:10.881  7161  7195 W System.err: 	at android.os.HandlerThread.run(HandlerThread.java:65)
11-26 11:18:10.908  7161  7195 W System.err: java.net.SocketException: Message too long
11-26 11:18:10.908  7161  7195 W System.err: 	at sun.nio.ch.DatagramChannelImpl.send0(Native Method)
11-26 11:18:10.908  7161  7195 W System.err: 	at sun.nio.ch.DatagramChannelImpl.sendFromNativeBuffer(DatagramChannelImpl.java:573)
11-26 11:18:10.908  7161  7195 W System.err: 	at sun.nio.ch.DatagramChannelImpl.send(DatagramChannelImpl.java:550)
11-26 11:18:10.908  7161  7195 W System.err: 	at sun.nio.ch.DatagramChannelImpl.send(DatagramChannelImpl.java:514)
11-26 11:18:10.908  7161  7195 W System.err: 	at symlab.CloudAR.network.TransmissionTask.run(TransmissionTask.java:133)
11-26 11:18:10.908  7161  7195 W System.err: 	at android.os.Handler.handleCallback(Handler.java:907)
11-26 11:18:10.908  7161  7195 W System.err: 	at android.os.Handler.dispatchMessage(Handler.java:105)
11-26 11:18:10.908  7161  7195 W System.err: 	at android.os.Looper.loop(Looper.java:216)
11-26 11:18:10.908  7161  7195 W System.err: 	at android.os.HandlerThread.run(HandlerThread.java:65)
11-26 11:18:10.955  7161  7195 W System.err: java.net.SocketException: Message too long
11-26 11:18:10.955  7161  7195 W System.err: 	at sun.nio.ch.DatagramChannelImpl.send0(Native Method)
11-26 11:18:10.955  7161  7195 W System.err: 	at sun.nio.ch.DatagramChannelImpl.sendFromNativeBuffer(DatagramChannelImpl.java:573)
11-26 11:18:10.955  7161  7195 W System.err: 	at sun.nio.ch.DatagramChannelImpl.send(DatagramChannelImpl.java:550)
11-26 11:18:10.955  7161  7195 W System.err: 	at sun.nio.ch.DatagramChannelImpl.send(DatagramChannelImpl.java:514)
11-26 11:18:10.955  7161  7195 W System.err: 	at symlab.CloudAR.network.TransmissionTask.run(TransmissionTask.java:133)
11-26 11:18:10.955  7161  7195 W System.err: 	at android.os.Handler.handleCallback(Handler.java:907)
11-26 11:18:10.955  7161  7195 W System.err: 	at android.os.Handler.dispatchMessage(Handler.java:105)
11-26 11:18:10.955  7161  7195 W System.err: 	at android.os.Looper.loop(Looper.java:216)
11-26 11:18:10.955  7161  7195 W System.err: 	at android.os.HandlerThread.run(HandlerThread.java:65)
11-26 11:18:10.984  7161  7195 W System.err: java.net.SocketException: Message too long
11-26 11:18:10.984  7161  7195 W System.err: 	at sun.nio.ch.DatagramChannelImpl.send0(Native Method)
11-26 11:18:10.984  7161  7195 W System.err: 	at sun.nio.ch.DatagramChannelImpl.sendFromNativeBuffer(DatagramChannelImpl.java:573)
11-26 11:18:10.984  7161  7195 W System.err: 	at sun.nio.ch.DatagramChannelImpl.send(DatagramChannelImpl.java:550)
11-26 11:18:10.984  7161  7195 W System.err: 	at sun.nio.ch.DatagramChannelImpl.send(DatagramChannelImpl.java:514)
11-26 11:18:10.984  7161  7195 W System.err: 	at symlab.CloudAR.network.TransmissionTask.run(TransmissionTask.java:133)
11-26 11:18:10.984  7161  7195 W System.err: 	at android.os.Handler.handleCallback(Handler.java:907)
11-26 11:18:10.984  7161  7195 W System.err: 	at android.os.Handler.dispatchMessage(Handler.java:105)
11-26 11:18:10.984  7161  7195 W System.err: 	at android.os.Looper.loop(Looper.java:216)
11-26 11:18:10.984  7161  7195 W System.err: 	at android.os.HandlerThread.run(HandlerThread.java:65)
11-26 11:18:11.020  7161  7195 W System.err: java.net.SocketException: Message too long
11-26 11:18:11.021  7161  7195 W System.err: 	at sun.nio.ch.DatagramChannelImpl.send0(Native Method)
11-26 11:18:11.021  7161  7195 W System.err: 	at sun.nio.ch.DatagramChannelImpl.sendFromNativeBuffer(DatagramChannelImpl.java:573)
11-26 11:18:11.021  7161  7195 W System.err: 	at sun.nio.ch.DatagramChannelImpl.send(DatagramChannelImpl.java:550)
11-26 11:18:11.021  7161  7195 W System.err: 	at sun.nio.ch.DatagramChannelImpl.send(DatagramChannelImpl.java:514)
11-26 11:18:11.021  7161  7195 W System.err: 	at symlab.CloudAR.network.TransmissionTask.run(TransmissionTask.java:133)
11-26 11:18:11.021  7161  7195 W System.err: 	at android.os.Handler.handleCallback(Handler.java:907)
11-26 11:18:11.021  7161  7195 W System.err: 	at android.os.Handler.dispatchMessage(Handler.java:105)
11-26 11:18:11.021  7161  7195 W System.err: 	at android.os.Looper.loop(Looper.java:216)
11-26 11:18:11.021  7161  7195 W System.err: 	at android.os.HandlerThread.run(HandlerThread.java:65)
11-26 11:18:11.050  7161  7195 W System.err: java.net.SocketException: Message too long
11-26 11:18:11.050  7161  7195 W System.err: 	at sun.nio.ch.DatagramChannelImpl.send0(Native Method)
11-26 11:18:11.050  7161  7195 W System.err: 	at sun.nio.ch.DatagramChannelImpl.sendFromNativeBuffer(DatagramChannelImpl.java:573)
11-26 11:18:11.050  7161  7195 W System.err: 	at sun.nio.ch.DatagramChannelImpl.send(DatagramChannelImpl.java:550)
11-26 11:18:11.050  7161  7195 W System.err: 	at sun.nio.ch.DatagramChannelImpl.send(DatagramChannelImpl.java:514)
11-26 11:18:11.050  7161  7195 W System.err: 	at symlab.CloudAR.network.TransmissionTask.run(TransmissionTask.java:133)
11-26 11:18:11.050  7161  7195 W System.err: 	at android.os.Handler.handleCallback(Handler.java:907)
11-26 11:18:11.050  7161  7195 W System.err: 	at android.os.Handler.dispatchMessage(Handler.java:105)
11-26 11:18:11.050  7161  7195 W System.err: 	at android.os.Looper.loop(Looper.java:216)
11-26 11:18:11.050  7161  7195 W System.err: 	at android.os.HandlerThread.run(HandlerThread.java:65)
11-26 11:18:11.073  7161  7195 W System.err: java.net.SocketException: Message too long
11-26 11:18:11.073  7161  7195 W System.err: 	at sun.nio.ch.DatagramChannelImpl.send0(Native Method)
11-26 11:18:11.073  7161  7195 W System.err: 	at sun.nio.ch.DatagramChannelImpl.sendFromNativeBuffer(DatagramChannelImpl.java:573)
11-26 11:18:11.073  7161  7195 W System.err: 	at sun.nio.ch.DatagramChannelImpl.send(DatagramChannelImpl.java:550)
11-26 11:18:11.073  7161  7195 W System.err: 	at sun.nio.ch.DatagramChannelImpl.send(DatagramChannelImpl.java:514)
11-26 11:18:11.073  7161  7195 W System.err: 	at symlab.CloudAR.network.TransmissionTask.run(TransmissionTask.java:133)
11-26 11:18:11.073  7161  7195 W System.err: 	at android.os.Handler.handleCallback(Handler.java:907)
11-26 11:18:11.073  7161  7195 W System.err: 	at android.os.Handler.dispatchMessage(Handler.java:105)
11-26 11:18:11.073  7161  7195 W System.err: 	at android.os.Looper.loop(Looper.java:216)
11-26 11:18:11.074  7161  7195 W System.err: 	at android.os.HandlerThread.run(HandlerThread.java:65)
11-26 11:18:11.128  7161  7195 W System.err: java.net.SocketException: Message too long
11-26 11:18:11.129  7161  7195 W System.err: 	at sun.nio.ch.DatagramChannelImpl.send0(Native Method)
11-26 11:18:11.129  7161  7195 W System.err: 	at sun.nio.ch.DatagramChannelImpl.sendFromNativeBuffer(DatagramChannelImpl.java:573)
11-26 11:18:11.129  7161  7195 W System.err: 	at sun.nio.ch.DatagramChannelImpl.send(DatagramChannelImpl.java:550)
11-26 11:18:11.129  7161  7195 W System.err: 	at sun.nio.ch.DatagramChannelImpl.send(DatagramChannelImpl.java:514)
11-26 11:18:11.129  7161  7195 W System.err: 	at symlab.CloudAR.network.TransmissionTask.run(TransmissionTask.java:133)
11-26 11:18:11.129  7161  7195 W System.err: 	at android.os.Handler.handleCallback(Handler.java:907)
11-26 11:18:11.129  7161  7195 W System.err: 	at android.os.Handler.dispatchMessage(Handler.java:105)
11-26 11:18:11.129  7161  7195 W System.err: 	at android.os.Looper.loop(Looper.java:216)
11-26 11:18:11.129  7161  7195 W System.err: 	at android.os.HandlerThread.run(HandlerThread.java:65)
11-26 11:18:11.152  7161  7195 W System.err: java.net.SocketException: Message too long
11-26 11:18:11.152  7161  7195 W System.err: 	at sun.nio.ch.DatagramChannelImpl.send0(Native Method)
11-26 11:18:11.152  7161  7195 W System.err: 	at sun.nio.ch.DatagramChannelImpl.sendFromNativeBuffer(DatagramChannelImpl.java:573)
11-26 11:18:11.152  7161  7195 W System.err: 	at sun.nio.ch.DatagramChannelImpl.send(DatagramChannelImpl.java:550)
11-26 11:18:11.152  7161  7195 W System.err: 	at sun.nio.ch.DatagramChannelImpl.send(DatagramChannelImpl.java:514)
11-26 11:18:11.152  7161  7195 W System.err: 	at symlab.CloudAR.network.TransmissionTask.run(TransmissionTask.java:133)
11-26 11:18:11.152  7161  7195 W System.err: 	at android.os.Handler.handleCallback(Handler.java:907)
11-26 11:18:11.152  7161  7195 W System.err: 	at android.os.Handler.dispatchMessage(Handler.java:105)
11-26 11:18:11.152  7161  7195 W System.err: 	at android.os.Looper.loop(Looper.java:216)
11-26 11:18:11.152  7161  7195 W System.err: 	at android.os.HandlerThread.run(HandlerThread.java:65)
11-26 11:18:11.178  7161  7195 W System.err: java.net.SocketException: Message too long
11-26 11:18:11.178  7161  7195 W System.err: 	at sun.nio.ch.DatagramChannelImpl.send0(Native Method)
11-26 11:18:11.178  7161  7195 W System.err: 	at sun.nio.ch.DatagramChannelImpl.sendFromNativeBuffer(DatagramChannelImpl.java:573)
11-26 11:18:11.178  7161  7195 W System.err: 	at sun.nio.ch.DatagramChannelImpl.send(DatagramChannelImpl.java:550)
11-26 11:18:11.178  7161  7195 W System.err: 	at sun.nio.ch.DatagramChannelImpl.send(DatagramChannelImpl.java:514)
11-26 11:18:11.178  7161  7195 W System.err: 	at symlab.CloudAR.network.TransmissionTask.run(TransmissionTask.java:133)
11-26 11:18:11.178  7161  7195 W System.err: 	at android.os.Handler.handleCallback(Handler.java:907)
11-26 11:18:11.178  7161  7195 W System.err: 	at android.os.Handler.dispatchMessage(Handler.java:105)
11-26 11:18:11.178  7161  7195 W System.err: 	at android.os.Looper.loop(Looper.java:216)
11-26 11:18:11.178  7161  7195 W System.err: 	at android.os.HandlerThread.run(HandlerThread.java:65)
11-26 11:18:11.215  7161  7161 D Poster  : At 1574759891215 location is 65.05819499736688 (latitude), and 25.468059644525756 (longitude)
11-26 11:18:11.217  7161  7161 D Poster  : Connected to mobile network 20
11-26 11:18:11.229  7161  7195 W System.err: java.net.SocketException: Message too long
11-26 11:18:11.229  7161  7195 W System.err: 	at sun.nio.ch.DatagramChannelImpl.send0(Native Method)
11-26 11:18:11.229  7161  7195 W System.err: 	at sun.nio.ch.DatagramChannelImpl.sendFromNativeBuffer(DatagramChannelImpl.java:573)
11-26 11:18:11.229  7161  7195 W System.err: 	at sun.nio.ch.DatagramChannelImpl.send(DatagramChannelImpl.java:550)
11-26 11:18:11.229  7161  7195 W System.err: 	at sun.nio.ch.DatagramChannelImpl.send(DatagramChannelImpl.java:514)
11-26 11:18:11.229  7161  7195 W System.err: 	at symlab.CloudAR.network.TransmissionTask.run(TransmissionTask.java:133)
11-26 11:18:11.230  7161  7195 W System.err: 	at android.os.Handler.handleCallback(Handler.java:907)
11-26 11:18:11.230  7161  7195 W System.err: 	at android.os.Handler.dispatchMessage(Handler.java:105)
11-26 11:18:11.230  7161  7195 W System.err: 	at android.os.Looper.loop(Looper.java:216)
11-26 11:18:11.230  7161  7195 W System.err: 	at android.os.HandlerThread.run(HandlerThread.java:65)
11-26 11:18:11.421  7161  7195 W System.err: java.net.SocketException: Message too long
11-26 11:18:11.421  7161  7195 W System.err: 	at sun.nio.ch.DatagramChannelImpl.send0(Native Method)
11-26 11:18:11.421  7161  7195 W System.err: 	at sun.nio.ch.DatagramChannelImpl.sendFromNativeBuffer(DatagramChannelImpl.java:573)
11-26 11:18:11.421  7161  7195 W System.err: 	at sun.nio.ch.DatagramChannelImpl.send(DatagramChannelImpl.java:550)
11-26 11:18:11.421  7161  7195 W System.err: 	at sun.nio.ch.DatagramChannelImpl.send(DatagramChannelImpl.java:514)
11-26 11:18:11.421  7161  7195 W System.err: 	at symlab.CloudAR.network.TransmissionTask.run(TransmissionTask.java:133)
11-26 11:18:11.421  7161  7195 W System.err: 	at android.os.Handler.handleCallback(Handler.java:907)
11-26 11:18:11.421  7161  7195 W System.err: 	at android.os.Handler.dispatchMessage(Handler.java:105)
11-26 11:18:11.421  7161  7195 W System.err: 	at android.os.Looper.loop(Looper.java:216)
11-26 11:18:11.421  7161  7195 W System.err: 	at android.os.HandlerThread.run(HandlerThread.java:65)
11-26 11:18:11.458  7161  7195 W System.err: java.net.SocketException: Message too long
11-26 11:18:11.458  7161  7195 W System.err: 	at sun.nio.ch.DatagramChannelImpl.send0(Native Method)
11-26 11:18:11.458  7161  7195 W System.err: 	at sun.nio.ch.DatagramChannelImpl.sendFromNativeBuffer(DatagramChannelImpl.java:573)
11-26 11:18:11.458  7161  7195 W System.err: 	at sun.nio.ch.DatagramChannelImpl.send(DatagramChannelImpl.java:550)
11-26 11:18:11.458  7161  7195 W System.err: 	at sun.nio.ch.DatagramChannelImpl.send(DatagramChannelImpl.java:514)
11-26 11:18:11.458  7161  7195 W System.err: 	at symlab.CloudAR.network.TransmissionTask.run(TransmissionTask.java:133)
11-26 11:18:11.458  7161  7195 W System.err: 	at android.os.Handler.handleCallback(Handler.java:907)
11-26 11:18:11.458  7161  7195 W System.err: 	at android.os.Handler.dispatchMessage(Handler.java:105)
11-26 11:18:11.458  7161  7195 W System.err: 	at android.os.Looper.loop(Looper.java:216)
11-26 11:18:11.458  7161  7195 W System.err: 	at android.os.HandlerThread.run(HandlerThread.java:65)
11-26 11:18:11.488  7161  7172 E         : [ZeroHung]zrhung_get_config: Get config failed for wp[0x0008]
11-26 11:18:11.488  7161  7195 W System.err: java.net.SocketException: Message too long
11-26 11:18:11.489  7161  7195 W System.err: 	at sun.nio.ch.DatagramChannelImpl.send0(Native Method)
11-26 11:18:11.489  7161  7195 W System.err: 	at sun.nio.ch.DatagramChannelImpl.sendFromNativeBuffer(DatagramChannelImpl.java:573)
11-26 11:18:11.489  7161  7195 W System.err: 	at sun.nio.ch.DatagramChannelImpl.send(DatagramChannelImpl.java:550)
11-26 11:18:11.489  7161  7195 W System.err: 	at sun.nio.ch.DatagramChannelImpl.send(DatagramChannelImpl.java:514)
11-26 11:18:11.489  7161  7195 W System.err: 	at symlab.CloudAR.network.TransmissionTask.run(TransmissionTask.java:133)
11-26 11:18:11.489  7161  7195 W System.err: 	at android.os.Handler.handleCallback(Handler.java:907)
11-26 11:18:11.489  7161  7195 W System.err: 	at android.os.Handler.dispatchMessage(Handler.java:105)
11-26 11:18:11.489  7161  7195 W System.err: 	at android.os.Looper.loop(Looper.java:216)
11-26 11:18:11.489  7161  7195 W System.err: 	at android.os.HandlerThread.run(HandlerThread.java:65)
11-26 11:18:11.505  7161  7170 W System  : A resource failed to call close. 
11-26 11:18:11.507  7161  7170 I chatty  : uid=10147(symlab.cloudridar.arhud) FinalizerDaemon identical 11 lines
11-26 11:18:11.507  7161  7170 W System  : A resource failed to call close. 
11-26 11:18:11.518  7161  7195 W System.err: java.net.SocketException: Message too long
11-26 11:18:11.518  7161  7195 W System.err: 	at sun.nio.ch.DatagramChannelImpl.send0(Native Method)
11-26 11:18:11.518  7161  7195 W System.err: 	at sun.nio.ch.DatagramChannelImpl.sendFromNativeBuffer(DatagramChannelImpl.java:573)
11-26 11:18:11.518  7161  7195 W System.err: 	at sun.nio.ch.DatagramChannelImpl.send(DatagramChannelImpl.java:550)
11-26 11:18:11.518  7161  7195 W System.err: 	at sun.nio.ch.DatagramChannelImpl.send(DatagramChannelImpl.java:514)
11-26 11:18:11.518  7161  7195 W System.err: 	at symlab.CloudAR.network.TransmissionTask.run(TransmissionTask.java:133)
11-26 11:18:11.518  7161  7195 W System.err: 	at android.os.Handler.handleCallback(Handler.java:907)
11-26 11:18:11.518  7161  7195 W System.err: 	at android.os.Handler.dispatchMessage(Handler.java:105)
11-26 11:18:11.518  7161  7195 W System.err: 	at android.os.Looper.loop(Looper.java:216)
11-26 11:18:11.518  7161  7195 W System.err: 	at android.os.HandlerThread.run(HandlerThread.java:65)
11-26 11:18:11.551  7161  7195 W System.err: java.net.SocketException: Message too long
11-26 11:18:11.551  7161  7195 W System.err: 	at sun.nio.ch.DatagramChannelImpl.send0(Native Method)
11-26 11:18:11.551  7161  7195 W System.err: 	at sun.nio.ch.DatagramChannelImpl.sendFromNativeBuffer(DatagramChannelImpl.java:573)
11-26 11:18:11.551  7161  7195 W System.err: 	at sun.nio.ch.DatagramChannelImpl.send(DatagramChannelImpl.java:550)
11-26 11:18:11.551  7161  7195 W System.err: 	at sun.nio.ch.DatagramChannelImpl.send(DatagramChannelImpl.java:514)
11-26 11:18:11.551  7161  7195 W System.err: 	at symlab.CloudAR.network.TransmissionTask.run(TransmissionTask.java:133)
11-26 11:18:11.551  7161  7195 W System.err: 	at android.os.Handler.handleCallback(Handler.java:907)
11-26 11:18:11.551  7161  7195 W System.err: 	at android.os.Handler.dispatchMessage(Handler.java:105)
11-26 11:18:11.551  7161  7195 W System.err: 	at android.os.Looper.loop(Looper.java:216)
11-26 11:18:11.551  7161  7195 W System.err: 	at android.os.HandlerThread.run(HandlerThread.java:65)
11-26 11:18:11.583  7161  7195 W System.err: java.net.SocketException: Message too long
11-26 11:18:11.583  7161  7195 W System.err: 	at sun.nio.ch.DatagramChannelImpl.send0(Native Method)
11-26 11:18:11.583  7161  7195 W System.err: 	at sun.nio.ch.DatagramChannelImpl.sendFromNativeBuffer(DatagramChannelImpl.java:573)
11-26 11:18:11.583  7161  7195 W System.err: 	at sun.nio.ch.DatagramChannelImpl.send(DatagramChannelImpl.java:550)
11-26 11:18:11.583  7161  7195 W System.err: 	at sun.nio.ch.DatagramChannelImpl.send(DatagramChannelImpl.java:514)
11-26 11:18:11.583  7161  7195 W System.err: 	at symlab.CloudAR.network.TransmissionTask.run(TransmissionTask.java:133)
11-26 11:18:11.583  7161  7195 W System.err: 	at android.os.Handler.handleCallback(Handler.java:907)
11-26 11:18:11.583  7161  7195 W System.err: 	at android.os.Handler.dispatchMessage(Handler.java:105)
11-26 11:18:11.583  7161  7195 W System.err: 	at android.os.Looper.loop(Looper.java:216)
11-26 11:18:11.583  7161  7195 W System.err: 	at android.os.HandlerThread.run(HandlerThread.java:65)
11-26 11:18:11.625  7161  7195 W System.err: java.net.SocketException: Message too long
11-26 11:18:11.625  7161  7195 W System.err: 	at sun.nio.ch.DatagramChannelImpl.send0(Native Method)
11-26 11:18:11.625  7161  7195 W System.err: 	at sun.nio.ch.DatagramChannelImpl.sendFromNativeBuffer(DatagramChannelImpl.java:573)
11-26 11:18:11.625  7161  7195 W System.err: 	at sun.nio.ch.DatagramChannelImpl.send(DatagramChannelImpl.java:550)
11-26 11:18:11.625  7161  7195 W System.err: 	at sun.nio.ch.DatagramChannelImpl.send(DatagramChannelImpl.java:514)
11-26 11:18:11.625  7161  7195 W System.err: 	at symlab.CloudAR.network.TransmissionTask.run(TransmissionTask.java:133)
11-26 11:18:11.625  7161  7195 W System.err: 	at android.os.Handler.handleCallback(Handler.java:907)
11-26 11:18:11.625  7161  7195 W System.err: 	at android.os.Handler.dispatchMessage(Handler.java:105)
11-26 11:18:11.625  7161  7195 W System.err: 	at android.os.Looper.loop(Looper.java:216)
11-26 11:18:11.625  7161  7195 W System.err: 	at android.os.HandlerThread.run(HandlerThread.java:65)
11-26 11:18:11.661  7161  7195 W System.err: java.net.SocketException: Message too long
11-26 11:18:11.661  7161  7195 W System.err: 	at sun.nio.ch.DatagramChannelImpl.send0(Native Method)
11-26 11:18:11.661  7161  7195 W System.err: 	at sun.nio.ch.DatagramChannelImpl.sendFromNativeBuffer(DatagramChannelImpl.java:573)
11-26 11:18:11.661  7161  7195 W System.err: 	at sun.nio.ch.DatagramChannelImpl.send(DatagramChannelImpl.java:550)
11-26 11:18:11.661  7161  7195 W System.err: 	at sun.nio.ch.DatagramChannelImpl.send(DatagramChannelImpl.java:514)
11-26 11:18:11.661  7161  7195 W System.err: 	at symlab.CloudAR.network.TransmissionTask.run(TransmissionTask.java:133)
11-26 11:18:11.661  7161  7195 W System.err: 	at android.os.Handler.handleCallback(Handler.java:907)
11-26 11:18:11.661  7161  7195 W System.err: 	at android.os.Handler.dispatchMessage(Handler.java:105)
11-26 11:18:11.661  7161  7195 W System.err: 	at android.os.Looper.loop(Looper.java:216)
11-26 11:18:11.661  7161  7195 W System.err: 	at android.os.HandlerThread.run(HandlerThread.java:65)
11-26 11:18:12.124  7161  7195 W System.err: java.net.SocketException: Message too long
11-26 11:18:12.124  7161  7195 W System.err: 	at sun.nio.ch.DatagramChannelImpl.send0(Native Method)
11-26 11:18:12.124  7161  7195 W System.err: 	at sun.nio.ch.DatagramChannelImpl.sendFromNativeBuffer(DatagramChannelImpl.java:573)
11-26 11:18:12.124  7161  7195 W System.err: 	at sun.nio.ch.DatagramChannelImpl.send(DatagramChannelImpl.java:550)
11-26 11:18:12.124  7161  7195 W System.err: 	at sun.nio.ch.DatagramChannelImpl.send(DatagramChannelImpl.java:514)
11-26 11:18:12.124  7161  7195 W System.err: 	at symlab.CloudAR.network.TransmissionTask.run(TransmissionTask.java:133)
11-26 11:18:12.124  7161  7195 W System.err: 	at android.os.Handler.handleCallback(Handler.java:907)
11-26 11:18:12.124  7161  7195 W System.err: 	at android.os.Handler.dispatchMessage(Handler.java:105)
11-26 11:18:12.124  7161  7195 W System.err: 	at android.os.Looper.loop(Looper.java:216)
11-26 11:18:12.124  7161  7195 W System.err: 	at android.os.HandlerThread.run(HandlerThread.java:65)
11-26 11:18:12.160  7161  7195 W System.err: java.net.SocketException: Message too long
11-26 11:18:12.160  7161  7195 W System.err: 	at sun.nio.ch.DatagramChannelImpl.send0(Native Method)
11-26 11:18:12.160  7161  7195 W System.err: 	at sun.nio.ch.DatagramChannelImpl.sendFromNativeBuffer(DatagramChannelImpl.java:573)
11-26 11:18:12.160  7161  7195 W System.err: 	at sun.nio.ch.DatagramChannelImpl.send(DatagramChannelImpl.java:550)
11-26 11:18:12.160  7161  7195 W System.err: 	at sun.nio.ch.DatagramChannelImpl.send(DatagramChannelImpl.java:514)
11-26 11:18:12.160  7161  7195 W System.err: 	at symlab.CloudAR.network.TransmissionTask.run(TransmissionTask.java:133)
11-26 11:18:12.160  7161  7195 W System.err: 	at android.os.Handler.handleCallback(Handler.java:907)
11-26 11:18:12.160  7161  7195 W System.err: 	at android.os.Handler.dispatchMessage(Handler.java:105)
11-26 11:18:12.160  7161  7195 W System.err: 	at android.os.Looper.loop(Looper.java:216)
11-26 11:18:12.160  7161  7195 W System.err: 	at android.os.HandlerThread.run(HandlerThread.java:65)
11-26 11:18:12.199  7161  7195 W System.err: java.net.SocketException: Message too long
11-26 11:18:12.199  7161  7195 W System.err: 	at sun.nio.ch.DatagramChannelImpl.send0(Native Method)
11-26 11:18:12.199  7161  7195 W System.err: 	at sun.nio.ch.DatagramChannelImpl.sendFromNativeBuffer(DatagramChannelImpl.java:573)
11-26 11:18:12.199  7161  7195 W System.err: 	at sun.nio.ch.DatagramChannelImpl.send(DatagramChannelImpl.java:550)
11-26 11:18:12.199  7161  7195 W System.err: 	at sun.nio.ch.DatagramChannelImpl.send(DatagramChannelImpl.java:514)
11-26 11:18:12.199  7161  7195 W System.err: 	at symlab.CloudAR.network.TransmissionTask.run(TransmissionTask.java:133)
11-26 11:18:12.199  7161  7195 W System.err: 	at android.os.Handler.handleCallback(Handler.java:907)
11-26 11:18:12.199  7161  7195 W System.err: 	at android.os.Handler.dispatchMessage(Handler.java:105)
11-26 11:18:12.199  7161  7195 W System.err: 	at android.os.Looper.loop(Looper.java:216)
11-26 11:18:12.199  7161  7195 W System.err: 	at android.os.HandlerThread.run(HandlerThread.java:65)
11-26 11:18:12.209  7161  7161 D Poster  : At 1574759892208 location is 65.05819869904009 (latitude), and 25.46808184805767 (longitude)
11-26 11:18:12.212  7161  7161 D Poster  : Connected to mobile network 20
11-26 11:18:12.240  7161  7195 W System.err: java.net.SocketException: Message too long
11-26 11:18:12.240  7161  7195 W System.err: 	at sun.nio.ch.DatagramChannelImpl.send0(Native Method)
11-26 11:18:12.240  7161  7195 W System.err: 	at sun.nio.ch.DatagramChannelImpl.sendFromNativeBuffer(DatagramChannelImpl.java:573)
11-26 11:18:12.240  7161  7195 W System.err: 	at sun.nio.ch.DatagramChannelImpl.send(DatagramChannelImpl.java:550)
11-26 11:18:12.240  7161  7195 W System.err: 	at sun.nio.ch.DatagramChannelImpl.send(DatagramChannelImpl.java:514)
11-26 11:18:12.240  7161  7195 W System.err: 	at symlab.CloudAR.network.TransmissionTask.run(TransmissionTask.java:133)
11-26 11:18:12.240  7161  7195 W System.err: 	at android.os.Handler.handleCallback(Handler.java:907)
11-26 11:18:12.240  7161  7195 W System.err: 	at android.os.Handler.dispatchMessage(Handler.java:105)
11-26 11:18:12.240  7161  7195 W System.err: 	at android.os.Looper.loop(Looper.java:216)
11-26 11:18:12.240  7161  7195 W System.err: 	at android.os.HandlerThread.run(HandlerThread.java:65)
11-26 11:18:12.259  7161  7195 W System.err: java.net.SocketException: Message too long
11-26 11:18:12.260  7161  7195 W System.err: 	at sun.nio.ch.DatagramChannelImpl.send0(Native Method)
11-26 11:18:12.260  7161  7195 W System.err: 	at sun.nio.ch.DatagramChannelImpl.sendFromNativeBuffer(DatagramChannelImpl.java:573)
11-26 11:18:12.260  7161  7195 W System.err: 	at sun.nio.ch.DatagramChannelImpl.send(DatagramChannelImpl.java:550)
11-26 11:18:12.260  7161  7195 W System.err: 	at sun.nio.ch.DatagramChannelImpl.send(DatagramChannelImpl.java:514)
11-26 11:18:12.260  7161  7195 W System.err: 	at symlab.CloudAR.network.TransmissionTask.run(TransmissionTask.java:133)
11-26 11:18:12.260  7161  7195 W System.err: 	at android.os.Handler.handleCallback(Handler.java:907)
11-26 11:18:12.260  7161  7195 W System.err: 	at android.os.Handler.dispatchMessage(Handler.java:105)
11-26 11:18:12.260  7161  7195 W System.err: 	at android.os.Looper.loop(Looper.java:216)
11-26 11:18:12.260  7161  7195 W System.err: 	at android.os.HandlerThread.run(HandlerThread.java:65)
11-26 11:18:12.293  7161  7195 W System.err: java.net.SocketException: Message too long
11-26 11:18:12.293  7161  7195 W System.err: 	at sun.nio.ch.DatagramChannelImpl.send0(Native Method)
11-26 11:18:12.293  7161  7195 W System.err: 	at sun.nio.ch.DatagramChannelImpl.sendFromNativeBuffer(DatagramChannelImpl.java:573)
11-26 11:18:12.293  7161  7195 W System.err: 	at sun.nio.ch.DatagramChannelImpl.send(DatagramChannelImpl.java:550)
11-26 11:18:12.293  7161  7195 W System.err: 	at sun.nio.ch.DatagramChannelImpl.send(DatagramChannelImpl.java:514)
11-26 11:18:12.293  7161  7195 W System.err: 	at symlab.CloudAR.network.TransmissionTask.run(TransmissionTask.java:133)
11-26 11:18:12.293  7161  7195 W System.err: 	at android.os.Handler.handleCallback(Handler.java:907)
11-26 11:18:12.293  7161  7195 W System.err: 	at android.os.Handler.dispatchMessage(Handler.java:105)
11-26 11:18:12.293  7161  7195 W System.err: 	at android.os.Looper.loop(Looper.java:216)
11-26 11:18:12.293  7161  7195 W System.err: 	at android.os.HandlerThread.run(HandlerThread.java:65)
11-26 11:18:12.435  7161  7172 E         : [ZeroHung]zrhung_get_config: Get config failed for wp[0x0008]
11-26 11:18:12.459  7161  7170 W System  : A resource failed to call close. 
11-26 11:18:12.462  7161  7170 I chatty  : uid=10147(symlab.cloudridar.arhud) FinalizerDaemon identical 14 lines
11-26 11:18:12.462  7161  7170 W System  : A resource failed to call close. 
11-26 11:18:12.524  7161  7195 W System.err: java.net.SocketException: Message too long
11-26 11:18:12.524  7161  7195 W System.err: 	at sun.nio.ch.DatagramChannelImpl.send0(Native Method)
11-26 11:18:12.524  7161  7195 W System.err: 	at sun.nio.ch.DatagramChannelImpl.sendFromNativeBuffer(DatagramChannelImpl.java:573)
11-26 11:18:12.524  7161  7195 W System.err: 	at sun.nio.ch.DatagramChannelImpl.send(DatagramChannelImpl.java:550)
11-26 11:18:12.524  7161  7195 W System.err: 	at sun.nio.ch.DatagramChannelImpl.send(DatagramChannelImpl.java:514)
11-26 11:18:12.524  7161  7195 W System.err: 	at symlab.CloudAR.network.TransmissionTask.run(TransmissionTask.java:133)
11-26 11:18:12.524  7161  7195 W System.err: 	at android.os.Handler.handleCallback(Handler.java:907)
11-26 11:18:12.524  7161  7195 W System.err: 	at android.os.Handler.dispatchMessage(Handler.java:105)
11-26 11:18:12.524  7161  7195 W System.err: 	at android.os.Looper.loop(Looper.java:216)
11-26 11:18:12.524  7161  7195 W System.err: 	at android.os.HandlerThread.run(HandlerThread.java:65)
11-26 11:18:12.555  7161  7195 W System.err: java.net.SocketException: Message too long
11-26 11:18:12.556  7161  7195 W System.err: 	at sun.nio.ch.DatagramChannelImpl.send0(Native Method)
11-26 11:18:12.556  7161  7195 W System.err: 	at sun.nio.ch.DatagramChannelImpl.sendFromNativeBuffer(DatagramChannelImpl.java:573)
11-26 11:18:12.556  7161  7195 W System.err: 	at sun.nio.ch.DatagramChannelImpl.send(DatagramChannelImpl.java:550)
11-26 11:18:12.556  7161  7195 W System.err: 	at sun.nio.ch.DatagramChannelImpl.send(DatagramChannelImpl.java:514)
11-26 11:18:12.556  7161  7195 W System.err: 	at symlab.CloudAR.network.TransmissionTask.run(TransmissionTask.java:133)
11-26 11:18:12.556  7161  7195 W System.err: 	at android.os.Handler.handleCallback(Handler.java:907)
11-26 11:18:12.556  7161  7195 W System.err: 	at android.os.Handler.dispatchMessage(Handler.java:105)
11-26 11:18:12.556  7161  7195 W System.err: 	at android.os.Looper.loop(Looper.java:216)
11-26 11:18:12.556  7161  7195 W System.err: 	at android.os.HandlerThread.run(HandlerThread.java:65)
11-26 11:18:12.585  7161  7195 W System.err: java.net.SocketException: Message too long
11-26 11:18:12.585  7161  7195 W System.err: 	at sun.nio.ch.DatagramChannelImpl.send0(Native Method)
11-26 11:18:12.585  7161  7195 W System.err: 	at sun.nio.ch.DatagramChannelImpl.sendFromNativeBuffer(DatagramChannelImpl.java:573)
11-26 11:18:12.585  7161  7195 W System.err: 	at sun.nio.ch.DatagramChannelImpl.send(DatagramChannelImpl.java:550)
11-26 11:18:12.585  7161  7195 W System.err: 	at sun.nio.ch.DatagramChannelImpl.send(DatagramChannelImpl.java:514)
11-26 11:18:12.585  7161  7195 W System.err: 	at symlab.CloudAR.network.TransmissionTask.run(TransmissionTask.java:133)
11-26 11:18:12.585  7161  7195 W System.err: 	at android.os.Handler.handleCallback(Handler.java:907)
11-26 11:18:12.585  7161  7195 W System.err: 	at android.os.Handler.dispatchMessage(Handler.java:105)
11-26 11:18:12.585  7161  7195 W System.err: 	at android.os.Looper.loop(Looper.java:216)
11-26 11:18:12.585  7161  7195 W System.err: 	at android.os.HandlerThread.run(HandlerThread.java:65)
11-26 11:18:12.636  7161  7195 W System.err: java.net.SocketException: Message too long
11-26 11:18:12.636  7161  7195 W System.err: 	at sun.nio.ch.DatagramChannelImpl.send0(Native Method)
11-26 11:18:12.636  7161  7195 W System.err: 	at sun.nio.ch.DatagramChannelImpl.sendFromNativeBuffer(DatagramChannelImpl.java:573)
11-26 11:18:12.636  7161  7195 W System.err: 	at sun.nio.ch.DatagramChannelImpl.send(DatagramChannelImpl.java:550)
11-26 11:18:12.636  7161  7195 W System.err: 	at sun.nio.ch.DatagramChannelImpl.send(DatagramChannelImpl.java:514)
11-26 11:18:12.636  7161  7195 W System.err: 	at symlab.CloudAR.network.TransmissionTask.run(TransmissionTask.java:133)
11-26 11:18:12.636  7161  7195 W System.err: 	at android.os.Handler.handleCallback(Handler.java:907)
11-26 11:18:12.636  7161  7195 W System.err: 	at android.os.Handler.dispatchMessage(Handler.java:105)
11-26 11:18:12.636  7161  7195 W System.err: 	at android.os.Looper.loop(Looper.java:216)
11-26 11:18:12.636  7161  7195 W System.err: 	at android.os.HandlerThread.run(HandlerThread.java:65)
11-26 11:18:12.670  7161  7195 W System.err: java.net.SocketException: Message too long
11-26 11:18:12.670  7161  7195 W System.err: 	at sun.nio.ch.DatagramChannelImpl.send0(Native Method)
11-26 11:18:12.670  7161  7195 W System.err: 	at sun.nio.ch.DatagramChannelImpl.sendFromNativeBuffer(DatagramChannelImpl.java:573)
11-26 11:18:12.670  7161  7195 W System.err: 	at sun.nio.ch.DatagramChannelImpl.send(DatagramChannelImpl.java:550)
11-26 11:18:12.670  7161  7195 W System.err: 	at sun.nio.ch.DatagramChannelImpl.send(DatagramChannelImpl.java:514)
11-26 11:18:12.670  7161  7195 W System.err: 	at symlab.CloudAR.network.TransmissionTask.run(TransmissionTask.java:133)
11-26 11:18:12.670  7161  7195 W System.err: 	at android.os.Handler.handleCallback(Handler.java:907)
11-26 11:18:12.670  7161  7195 W System.err: 	at android.os.Handler.dispatchMessage(Handler.java:105)
11-26 11:18:12.670  7161  7195 W System.err: 	at android.os.Looper.loop(Looper.java:216)
11-26 11:18:12.670  7161  7195 W System.err: 	at android.os.HandlerThread.run(HandlerThread.java:65)
11-26 11:18:12.697  7161  7195 W System.err: java.net.SocketException: Message too long
11-26 11:18:12.697  7161  7195 W System.err: 	at sun.nio.ch.DatagramChannelImpl.send0(Native Method)
11-26 11:18:12.697  7161  7195 W System.err: 	at sun.nio.ch.DatagramChannelImpl.sendFromNativeBuffer(DatagramChannelImpl.java:573)
11-26 11:18:12.697  7161  7195 W System.err: 	at sun.nio.ch.DatagramChannelImpl.send(DatagramChannelImpl.java:550)
11-26 11:18:12.697  7161  7195 W System.err: 	at sun.nio.ch.DatagramChannelImpl.send(DatagramChannelImpl.java:514)
11-26 11:18:12.697  7161  7195 W System.err: 	at symlab.CloudAR.network.TransmissionTask.run(TransmissionTask.java:133)
11-26 11:18:12.697  7161  7195 W System.err: 	at android.os.Handler.handleCallback(Handler.java:907)
11-26 11:18:12.697  7161  7195 W System.err: 	at android.os.Handler.dispatchMessage(Handler.java:105)
11-26 11:18:12.697  7161  7195 W System.err: 	at android.os.Looper.loop(Looper.java:216)
11-26 11:18:12.697  7161  7195 W System.err: 	at android.os.HandlerThread.run(HandlerThread.java:65)
11-26 11:18:12.739  7161  7195 W System.err: java.net.SocketException: Message too long
11-26 11:18:12.739  7161  7195 W System.err: 	at sun.nio.ch.DatagramChannelImpl.send0(Native Method)
11-26 11:18:12.739  7161  7195 W System.err: 	at sun.nio.ch.DatagramChannelImpl.sendFromNativeBuffer(DatagramChannelImpl.java:573)
11-26 11:18:12.739  7161  7195 W System.err: 	at sun.nio.ch.DatagramChannelImpl.send(DatagramChannelImpl.java:550)
11-26 11:18:12.739  7161  7195 W System.err: 	at sun.nio.ch.DatagramChannelImpl.send(DatagramChannelImpl.java:514)
11-26 11:18:12.739  7161  7195 W System.err: 	at symlab.CloudAR.network.TransmissionTask.run(TransmissionTask.java:133)
11-26 11:18:12.739  7161  7195 W System.err: 	at android.os.Handler.handleCallback(Handler.java:907)
11-26 11:18:12.739  7161  7195 W System.err: 	at android.os.Handler.dispatchMessage(Handler.java:105)
11-26 11:18:12.739  7161  7195 W System.err: 	at android.os.Looper.loop(Looper.java:216)
11-26 11:18:12.739  7161  7195 W System.err: 	at android.os.HandlerThread.run(HandlerThread.java:65)
11-26 11:18:12.759  7161  7195 W System.err: java.net.SocketException: Message too long
11-26 11:18:12.759  7161  7195 W System.err: 	at sun.nio.ch.DatagramChannelImpl.send0(Native Method)
11-26 11:18:12.759  7161  7195 W System.err: 	at sun.nio.ch.DatagramChannelImpl.sendFromNativeBuffer(DatagramChannelImpl.java:573)
11-26 11:18:12.759  7161  7195 W System.err: 	at sun.nio.ch.DatagramChannelImpl.send(DatagramChannelImpl.java:550)
11-26 11:18:12.759  7161  7195 W System.err: 	at sun.nio.ch.DatagramChannelImpl.send(DatagramChannelImpl.java:514)
11-26 11:18:12.759  7161  7195 W System.err: 	at symlab.CloudAR.network.TransmissionTask.run(TransmissionTask.java:133)
11-26 11:18:12.759  7161  7195 W System.err: 	at android.os.Handler.handleCallback(Handler.java:907)
11-26 11:18:12.759  7161  7195 W System.err: 	at android.os.Handler.dispatchMessage(Handler.java:105)
11-26 11:18:12.759  7161  7195 W System.err: 	at android.os.Looper.loop(Looper.java:216)
11-26 11:18:12.759  7161  7195 W System.err: 	at android.os.HandlerThread.run(HandlerThread.java:65)
11-26 11:18:12.803  7161  7195 W System.err: java.net.SocketException: Message too long
11-26 11:18:12.803  7161  7195 W System.err: 	at sun.nio.ch.DatagramChannelImpl.send0(Native Method)
11-26 11:18:12.803  7161  7195 W System.err: 	at sun.nio.ch.DatagramChannelImpl.sendFromNativeBuffer(DatagramChannelImpl.java:573)
11-26 11:18:12.803  7161  7195 W System.err: 	at sun.nio.ch.DatagramChannelImpl.send(DatagramChannelImpl.java:550)
11-26 11:18:12.803  7161  7195 W System.err: 	at sun.nio.ch.DatagramChannelImpl.send(DatagramChannelImpl.java:514)
11-26 11:18:12.803  7161  7195 W System.err: 	at symlab.CloudAR.network.TransmissionTask.run(TransmissionTask.java:133)
11-26 11:18:12.803  7161  7195 W System.err: 	at android.os.Handler.handleCallback(Handler.java:907)
11-26 11:18:12.803  7161  7195 W System.err: 	at android.os.Handler.dispatchMessage(Handler.java:105)
11-26 11:18:12.803  7161  7195 W System.err: 	at android.os.Looper.loop(Looper.java:216)
11-26 11:18:12.803  7161  7195 W System.err: 	at android.os.HandlerThread.run(HandlerThread.java:65)
11-26 11:18:12.869  7161  7195 W System.err: java.net.SocketException: Message too long
11-26 11:18:12.869  7161  7195 W System.err: 	at sun.nio.ch.DatagramChannelImpl.send0(Native Method)
11-26 11:18:12.869  7161  7195 W System.err: 	at sun.nio.ch.DatagramChannelImpl.sendFromNativeBuffer(DatagramChannelImpl.java:573)
11-26 11:18:12.869  7161  7195 W System.err: 	at sun.nio.ch.DatagramChannelImpl.send(DatagramChannelImpl.java:550)
11-26 11:18:12.869  7161  7195 W System.err: 	at sun.nio.ch.DatagramChannelImpl.send(DatagramChannelImpl.java:514)
11-26 11:18:12.869  7161  7195 W System.err: 	at symlab.CloudAR.network.TransmissionTask.run(TransmissionTask.java:133)
11-26 11:18:12.869  7161  7195 W System.err: 	at android.os.Handler.handleCallback(Handler.java:907)
11-26 11:18:12.869  7161  7195 W System.err: 	at android.os.Handler.dispatchMessage(Handler.java:105)
11-26 11:18:12.869  7161  7195 W System.err: 	at android.os.Looper.loop(Looper.java:216)
11-26 11:18:12.869  7161  7195 W System.err: 	at android.os.HandlerThread.run(HandlerThread.java:65)
11-26 11:18:12.897  7161  7195 W System.err: java.net.SocketException: Message too long
11-26 11:18:12.898  7161  7195 W System.err: 	at sun.nio.ch.DatagramChannelImpl.send0(Native Method)
11-26 11:18:12.898  7161  7195 W System.err: 	at sun.nio.ch.DatagramChannelImpl.sendFromNativeBuffer(DatagramChannelImpl.java:573)
11-26 11:18:12.898  7161  7195 W System.err: 	at sun.nio.ch.DatagramChannelImpl.send(DatagramChannelImpl.java:550)
11-26 11:18:12.898  7161  7195 W System.err: 	at sun.nio.ch.DatagramChannelImpl.send(DatagramChannelImpl.java:514)
11-26 11:18:12.898  7161  7195 W System.err: 	at symlab.CloudAR.network.TransmissionTask.run(TransmissionTask.java:133)
11-26 11:18:12.898  7161  7195 W System.err: 	at android.os.Handler.handleCallback(Handler.java:907)
11-26 11:18:12.898  7161  7195 W System.err: 	at android.os.Handler.dispatchMessage(Handler.java:105)
11-26 11:18:12.898  7161  7195 W System.err: 	at android.os.Looper.loop(Looper.java:216)
11-26 11:18:12.898  7161  7195 W System.err: 	at android.os.HandlerThread.run(HandlerThread.java:65)
11-26 11:18:12.929  7161  7195 W System.err: java.net.SocketException: Message too long
11-26 11:18:12.930  7161  7195 W System.err: 	at sun.nio.ch.DatagramChannelImpl.send0(Native Method)
11-26 11:18:12.930  7161  7195 W System.err: 	at sun.nio.ch.DatagramChannelImpl.sendFromNativeBuffer(DatagramChannelImpl.java:573)
11-26 11:18:12.930  7161  7195 W System.err: 	at sun.nio.ch.DatagramChannelImpl.send(DatagramChannelImpl.java:550)
11-26 11:18:12.930  7161  7195 W System.err: 	at sun.nio.ch.DatagramChannelImpl.send(DatagramChannelImpl.java:514)
11-26 11:18:12.930  7161  7195 W System.err: 	at symlab.CloudAR.network.TransmissionTask.run(TransmissionTask.java:133)
11-26 11:18:12.930  7161  7195 W System.err: 	at android.os.Handler.handleCallback(Handler.java:907)
11-26 11:18:12.930  7161  7195 W System.err: 	at android.os.Handler.dispatchMessage(Handler.java:105)
11-26 11:18:12.930  7161  7195 W System.err: 	at android.os.Looper.loop(Looper.java:216)
11-26 11:18:12.930  7161  7195 W System.err: 	at android.os.HandlerThread.run(HandlerThread.java:65)
