--------- beginning of main
11-26 11:24:47.240  9060  9089 E         : [ZeroHung]zrhung_get_config: Get config failed for wp[0x0102]
11-26 11:24:47.240  9060  9089 W ZrHung.AppEyeUiProbe: Failed to get config from zrhung
11-26 11:24:47.245  9087  9087 W logcat  : type=1400 audit(0.0:70288): avc: granted { create } for name="logcat_1574760287232.txt" scontext=u:r:untrusted_app:s0:c147,c256,c512,c768 tcontext=u:object_r:sdcardfs:s0:c147,c256,c512,c768 tclass=file
11-26 11:24:47.247  9060  9060 I MultiDex: Installing application
11-26 11:24:47.247  9060  9060 I MultiDex: VM has multidex support, MultiDex support library is disabled.
--------- beginning of system
11-26 11:24:47.249  9060  9060 V ActivityThread: callActivityOnCreate
11-26 11:24:47.250  9060  9060 I Poster  :  onCreate() called.
11-26 11:24:47.252  9060  9060 I HwApsImpl: APS: new HwApsImpl created
11-26 11:24:47.258  9060  9060 V HwWidgetFactory: : successes to get AllImpl object and return....
11-26 11:24:47.266  9060  9060 D OpenGLRenderer: Skia GL Pipeline
11-26 11:24:47.285  9060  9060 D Poster  : Server details are IP 193.166.28.132 and port 52727
11-26 11:24:47.290  9060  9060 D Poster  : Server bound to IP 193.166.28.132 and port 52727
11-26 11:24:47.294  9060  9060 D ActivityThread: add activity client record, r= ActivityRecord{a00892 token=android.os.BinderProxy@a805765 {symlab.cloudridar.arhud/symlab.ARHUD.MainActivity}} token= android.os.BinderProxy@a805765
11-26 11:24:47.296  9060  9060 I Poster  :  onStart() called.
11-26 11:24:47.297  9060  9060 D ZrHung.AppEyeUiProbe: notify runnable to start.
11-26 11:24:47.298  9060  9060 I Poster  :  onResume() called.
11-26 11:24:47.302  9060  9060 I PermissionManager: camera remind result:true
11-26 11:24:47.302  9060  9060 I Camera  : open camera: 0, package name: symlab.cloudridar.arhud
11-26 11:24:47.302  9060  9060 I BackgroundPermManager: pkgName: symlab.cloudridar.arhud,pid: 9060 ,uidOf3RdApk: 10147 ,permType: 0 ,permCfg: 1
11-26 11:24:47.303  9060  9060 I HwCameraUtil: notifySurfaceFlingerCameraStatus : isFront = false , isOpend = true
11-26 11:24:47.311  9060  9060 D ActivityThread: isOptEnabled=false isWechatScanOpt=false
11-26 11:24:47.312  9060  9060 I HwSecImmHelper: mSecurityInputMethodService is null
11-26 11:24:47.318  9060  9060 D OpenGLRenderer:   HWUI Binary is  enabled
11-26 11:24:47.335  9060  9116 D HiTouch_PressGestureDetector: onAttached, package=symlab.cloudridar.arhud, windowType=1, mHiTouchRestricted=false
11-26 11:24:47.344  9060  9115 I ConfigStore: android::hardware::configstore::V1_0::ISurfaceFlingerConfigs::hasWideColorDisplay retrieved: 0
11-26 11:24:47.344  9060  9115 I ConfigStore: android::hardware::configstore::V1_0::ISurfaceFlingerConfigs::hasHDRDisplay retrieved: 0
11-26 11:24:47.345  9060  9115 I iGraphics: [0020080c] pn: symlab.cloudridar.arhud, p: 9060
11-26 11:24:47.345  9060  9115 I OpenGLRenderer: Initialized EGL, version 1.4, mEglDisplay 0x1
11-26 11:24:47.345  9060  9115 D OpenGLRenderer: Swap behavior 2
11-26 11:24:47.353  9060  9115 D mali_winsys: EGLint new_window_surface(egl_winsys_display *, void *, EGLSurface, EGLConfig, egl_winsys_surface **, EGLBoolean) returns 0x3000
11-26 11:24:47.361  9060  9060 I Poster  :  surfaceCreated() called.
11-26 11:24:47.361  9060  9060 I Poster  : initPreview() called
11-26 11:24:47.362  9060  9072 E         : [ZeroHung]zrhung_get_config: Get config failed for wp[0x0008]
11-26 11:24:47.365  9060  9060 I PermissionManager: camera remind result:true
11-26 11:24:47.369  9060  9060 I Poster  :  surfaceChanged() called.
11-26 11:24:47.374  9060  9070 W System  : A resource failed to call close. 
11-26 11:24:47.387  9060  9060 W InputMethodManager: startInputReason = 1
11-26 11:24:47.399  9060  9060 W InputMethodManager: startInputReason = 5
11-26 11:24:48.900  9060  9060 D Poster  : At 1574760288900 location is 65.05790195501557 (latitude), and 25.4688255731754 (longitude)
11-26 11:24:48.906  9060  9060 D Poster  : Connected to mobile network 20
11-26 11:24:49.210  9060  9072 E         : [ZeroHung]zrhung_get_config: Get config failed for wp[0x0008]
11-26 11:24:49.227  9060  9070 W System  : A resource failed to call close. 
11-26 11:24:49.229  9060  9070 I chatty  : uid=10147(symlab.cloudridar.arhud) FinalizerDaemon identical 37 lines
11-26 11:24:49.229  9060  9070 W System  : A resource failed to call close. 
11-26 11:24:49.422  9060  9060 D stylus  : init stylus touchlistener.
11-26 11:24:49.428  9060  9060 W Settings: Setting device_provisioned has moved from android.provider.Settings.Secure to android.provider.Settings.Global.
11-26 11:24:49.429  9060  9060 V HiTouch_HiTouchSensor: User setup is finished.
11-26 11:24:49.457  9060  9060 W HiTouch_PressGestureDetector: Touch pointer move a lot. The moving distance of X is:10.940704, limit is:60The moving distance of Y is:147.34102, limit is:60
11-26 11:24:49.890  9060  9060 D Poster  : At 1574760289890 location is 65.05790195501893 (latitude), and 25.468825573174524 (longitude)
11-26 11:24:49.892  9060  9060 D Poster  : Connected to mobile network 20
11-26 11:24:50.674  9060  9072 E         : [ZeroHung]zrhung_get_config: Get config failed for wp[0x0008]
11-26 11:24:50.694  9060  9070 W System  : A resource failed to call close. 
11-26 11:24:50.697  9060  9070 I chatty  : uid=10147(symlab.cloudridar.arhud) FinalizerDaemon identical 40 lines
11-26 11:24:50.697  9060  9070 W System  : A resource failed to call close. 
11-26 11:24:50.901  9060  9060 D Poster  : At 1574760290900 location is 65.05790195501893 (latitude), and 25.468825573174524 (longitude)
11-26 11:24:50.908  9060  9060 D Poster  : Connected to mobile network 20
11-26 11:24:51.873  9060  9060 D Poster  : At 1574760291873 location is 65.05790195501893 (latitude), and 25.468825573174524 (longitude)
11-26 11:24:51.874  9060  9060 D Poster  : Connected to mobile network 20
11-26 11:24:52.081  9060  9072 E         : [ZeroHung]zrhung_get_config: Get config failed for wp[0x0008]
11-26 11:24:52.097  9060  9070 W System  : A resource failed to call close. 
11-26 11:24:52.097  9060  9070 I chatty  : uid=10147(symlab.cloudridar.arhud) FinalizerDaemon identical 4 lines
11-26 11:24:52.097  9060  9070 W System  : A resource failed to call close. 
11-26 11:24:52.097  9060  9070 W System  : A resource failed to call close. 
11-26 11:24:52.099  9060  9070 I chatty  : uid=10147(symlab.cloudridar.arhud) FinalizerDaemon identical 33 lines
11-26 11:24:52.099  9060  9070 W System  : A resource failed to call close. 
11-26 11:24:52.228  9060  9060 I AwareBitmapCacher: init lrucache size: 2097152 pid=9060
11-26 11:24:52.891  9060  9060 D Poster  : At 1574760292891 location is 65.05790195501893 (latitude), and 25.468825573174524 (longitude)
11-26 11:24:52.893  9060  9060 D Poster  : Connected to mobile network 20
11-26 11:24:53.597  9060  9072 E         : [ZeroHung]zrhung_get_config: Get config failed for wp[0x0008]
11-26 11:24:53.617  9060  9070 W System  : A resource failed to call close. 
11-26 11:24:53.621  9060  9070 I chatty  : uid=10147(symlab.cloudridar.arhud) FinalizerDaemon identical 19 lines
11-26 11:24:53.621  9060  9070 W System  : A resource failed to call close. 
11-26 11:24:53.623  9060  9070 W System  : A resource failed to call close. 
11-26 11:24:53.624  9060  9070 I chatty  : uid=10147(symlab.cloudridar.arhud) FinalizerDaemon identical 17 lines
11-26 11:24:53.624  9060  9070 W System  : A resource failed to call close. 
11-26 11:24:53.886  9060  9060 D Poster  : At 1574760293886 location is 65.05790195501893 (latitude), and 25.468825573174524 (longitude)
11-26 11:24:53.889  9060  9060 D Poster  : Connected to mobile network 20
11-26 11:24:54.880  9060  9060 D Poster  : At 1574760294880 location is 65.05790195501893 (latitude), and 25.468825573174524 (longitude)
11-26 11:24:54.882  9060  9060 D Poster  : Connected to mobile network 20
11-26 11:24:54.913  9060  9072 E         : [ZeroHung]zrhung_get_config: Get config failed for wp[0x0008]
11-26 11:24:54.934  9060  9070 W System  : A resource failed to call close. 
11-26 11:24:54.939  9060  9070 I chatty  : uid=10147(symlab.cloudridar.arhud) FinalizerDaemon identical 36 lines
11-26 11:24:54.940  9060  9070 W System  : A resource failed to call close. 
11-26 11:24:55.892  9060  9060 D Poster  : At 1574760295892 location is 65.05790195501893 (latitude), and 25.468825573174524 (longitude)
11-26 11:24:55.895  9060  9060 D Poster  : Connected to mobile network 20
11-26 11:24:56.323  9060  9072 E         : [ZeroHung]zrhung_get_config: Get config failed for wp[0x0008]
11-26 11:24:56.345  9060  9070 W System  : A resource failed to call close. 
11-26 11:24:56.348  9060  9070 I chatty  : uid=10147(symlab.cloudridar.arhud) FinalizerDaemon identical 36 lines
11-26 11:24:56.348  9060  9070 W System  : A resource failed to call close. 
11-26 11:24:56.744  9060  9060 W HiTouch_PressGestureDetector: Touch pointer move a lot. The moving distance of X is:15.595886, limit is:60The moving distance of Y is:90.17946, limit is:60
11-26 11:24:56.874  9060  9060 D Poster  : At 1574760296874 location is 65.05790195501893 (latitude), and 25.468825573174524 (longitude)
11-26 11:24:56.876  9060  9060 D Poster  : Connected to mobile network 20
11-26 11:24:57.893  9060  9060 D Poster  : At 1574760297892 location is 65.05790195501893 (latitude), and 25.468825573174524 (longitude)
11-26 11:24:57.894  9060  9060 D Poster  : Connected to mobile network 20
11-26 11:24:57.958  9060  9072 E         : [ZeroHung]zrhung_get_config: Get config failed for wp[0x0008]
11-26 11:24:57.978  9060  9070 W System  : A resource failed to call close. 
11-26 11:24:57.980  9060  9070 I chatty  : uid=10147(symlab.cloudridar.arhud) FinalizerDaemon identical 44 lines
11-26 11:24:57.981  9060  9070 W System  : A resource failed to call close. 
11-26 11:24:58.904  9060  9060 D Poster  : At 1574760298904 location is 65.05790195501893 (latitude), and 25.468825573174524 (longitude)
11-26 11:24:58.905  9060  9060 D Poster  : Connected to mobile network 20
11-26 11:24:59.874  9060  9072 E         : [ZeroHung]zrhung_get_config: Get config failed for wp[0x0008]
11-26 11:24:59.891  9060  9070 W System  : A resource failed to call close. 
11-26 11:24:59.891  9060  9070 W System  : A resource failed to call close. 
11-26 11:24:59.891  9060  9070 W System  : A resource failed to call close. 
11-26 11:24:59.891  9060  9070 W System  : A resource failed to call close. 
11-26 11:24:59.892  9060  9070 I chatty  : uid=10147(symlab.cloudridar.arhud) FinalizerDaemon identical 12 lines
11-26 11:24:59.892  9060  9070 W System  : A resource failed to call close. 
11-26 11:24:59.892  9060  9060 D Poster  : At 1574760299892 location is 65.05790195501893 (latitude), and 25.468825573174524 (longitude)
11-26 11:24:59.892  9060  9070 W System  : A resource failed to call close. 
11-26 11:24:59.894  9060  9070 I chatty  : uid=10147(symlab.cloudridar.arhud) FinalizerDaemon identical 27 lines
11-26 11:24:59.894  9060  9070 W System  : A resource failed to call close. 
11-26 11:24:59.894  9060  9060 D Poster  : Connected to mobile network 20
11-26 11:24:59.894  9060  9070 W System  : A resource failed to call close. 
11-26 11:24:59.894  9060  9070 I chatty  : uid=10147(symlab.cloudridar.arhud) FinalizerDaemon identical 6 lines
11-26 11:24:59.894  9060  9070 W System  : A resource failed to call close. 
11-26 11:24:59.894  9060  9070 W System  : A resource failed to call close. 
11-26 11:25:00.566  9060  9060 W HiTouch_PressGestureDetector: Touch pointer move a lot. The moving distance of X is:1.0853271, limit is:60The moving distance of Y is:109.05682, limit is:60
11-26 11:25:00.884  9060  9060 D Poster  : At 1574760300884 location is 65.05790195501893 (latitude), and 25.468825573174524 (longitude)
11-26 11:25:00.886  9060  9060 D Poster  : Connected to mobile network 20
11-26 11:25:01.687  9060  9072 E         : [ZeroHung]zrhung_get_config: Get config failed for wp[0x0008]
11-26 11:25:01.704  9060  9070 W System  : A resource failed to call close. 
11-26 11:25:01.707  9060  9070 I chatty  : uid=10147(symlab.cloudridar.arhud) FinalizerDaemon identical 48 lines
11-26 11:25:01.707  9060  9070 W System  : A resource failed to call close. 
11-26 11:25:01.897  9060  9060 D Poster  : At 1574760301897 location is 65.05790195501893 (latitude), and 25.468825573174524 (longitude)
11-26 11:25:01.898  9060  9060 D Poster  : Connected to mobile network 20
11-26 11:25:02.895  9060  9060 D Poster  : At 1574760302895 location is 65.05790195501893 (latitude), and 25.468825573174524 (longitude)
11-26 11:25:02.896  9060  9060 D Poster  : Connected to mobile network 20
11-26 11:25:03.377  9060  9072 E         : [ZeroHung]zrhung_get_config: Get config failed for wp[0x0008]
11-26 11:25:03.398  9060  9070 W System  : A resource failed to call close. 
11-26 11:25:03.399  9060  9070 I chatty  : uid=10147(symlab.cloudridar.arhud) FinalizerDaemon identical 22 lines
11-26 11:25:03.400  9060  9070 W System  : A resource failed to call close. 
11-26 11:25:03.402  9060  9070 W System  : A resource failed to call close. 
11-26 11:25:03.402  9060  9070 W System  : A resource failed to call close. 
11-26 11:25:03.402  9060  9070 W System  : A resource failed to call close. 
11-26 11:25:03.402  9060  9070 W System  : A resource failed to call close. 
11-26 11:25:03.402  9060  9070 W System  : A resource failed to call close. 
11-26 11:25:03.402  9060  9070 W System  : A resource failed to call close. 
11-26 11:25:03.403  9060  9070 W System  : A resource failed to call close. 
11-26 11:25:03.404  9060  9070 I chatty  : uid=10147(symlab.cloudridar.arhud) FinalizerDaemon identical 17 lines
11-26 11:25:03.404  9060  9070 W System  : A resource failed to call close. 
11-26 11:25:03.894  9060  9060 D Poster  : At 1574760303894 location is 65.05790195501893 (latitude), and 25.468825573174524 (longitude)
11-26 11:25:03.896  9060  9060 D Poster  : Connected to mobile network 20
11-26 11:25:04.896  9060  9060 D Poster  : At 1574760304896 location is 65.05790195501893 (latitude), and 25.468825573174524 (longitude)
11-26 11:25:04.897  9060  9060 D Poster  : Connected to mobile network 20
11-26 11:25:04.924  9060  9072 E         : [ZeroHung]zrhung_get_config: Get config failed for wp[0x0008]
11-26 11:25:04.944  9060  9070 W System  : A resource failed to call close. 
11-26 11:25:04.946  9060  9070 I chatty  : uid=10147(symlab.cloudridar.arhud) FinalizerDaemon identical 42 lines
11-26 11:25:04.946  9060  9070 W System  : A resource failed to call close. 
11-26 11:25:05.889  9060  9060 D Poster  : At 1574760305889 location is 65.05790195501893 (latitude), and 25.468825573174524 (longitude)
11-26 11:25:05.892  9060  9060 D Poster  : Connected to mobile network 20
11-26 11:25:06.237  9060  9072 E         : [ZeroHung]zrhung_get_config: Get config failed for wp[0x0008]
11-26 11:25:06.268  9060  9070 W System  : A resource failed to call close. 
11-26 11:25:06.269  9060  9070 I chatty  : uid=10147(symlab.cloudridar.arhud) FinalizerDaemon identical 14 lines
11-26 11:25:06.269  9060  9070 W System  : A resource failed to call close. 
11-26 11:25:06.269  9060  9070 W System  : A resource failed to call close. 
11-26 11:25:06.271  9060  9070 I chatty  : uid=10147(symlab.cloudridar.arhud) FinalizerDaemon identical 21 lines
11-26 11:25:06.272  9060  9070 W System  : A resource failed to call close. 
11-26 11:25:06.904  9060  9060 D Poster  : At 1574760306904 location is 65.05790195501893 (latitude), and 25.468825573174524 (longitude)
11-26 11:25:06.906  9060  9060 D Poster  : Connected to mobile network 20
11-26 11:25:07.905  9060  9060 D Poster  : At 1574760307905 location is 65.05790195501893 (latitude), and 25.468825573174524 (longitude)
11-26 11:25:07.908  9060  9060 D Poster  : Connected to mobile network 20
11-26 11:25:07.916  9060  9072 E         : [ZeroHung]zrhung_get_config: Get config failed for wp[0x0008]
11-26 11:25:07.945  9060  9070 W System  : A resource failed to call close. 
11-26 11:25:07.946  9060  9070 I chatty  : uid=10147(symlab.cloudridar.arhud) FinalizerDaemon identical 8 lines
11-26 11:25:07.946  9060  9070 W System  : A resource failed to call close. 
11-26 11:25:07.946  9060  9070 W System  : A resource failed to call close. 
11-26 11:25:07.946  9060  9070 W System  : A resource failed to call close. 
11-26 11:25:07.946  9060  9070 W System  : A resource failed to call close. 
11-26 11:25:07.946  9060  9070 W System  : A resource failed to call close. 
11-26 11:25:07.946  9060  9070 W System  : A resource failed to call close. 
11-26 11:25:07.946  9060  9070 W System  : A resource failed to call close. 
11-26 11:25:07.947  9060  9070 W System  : A resource failed to call close. 
11-26 11:25:07.947  9060  9070 W System  : A resource failed to call close. 
11-26 11:25:07.947  9060  9070 W System  : A resource failed to call close. 
11-26 11:25:07.947  9060  9070 W System  : A resource failed to call close. 
11-26 11:25:07.947  9060  9070 W System  : A resource failed to call close. 
11-26 11:25:07.947  9060  9070 W System  : A resource failed to call close. 
11-26 11:25:07.947  9060  9070 W System  : A resource failed to call close. 
11-26 11:25:07.947  9060  9070 I chatty  : uid=10147(symlab.cloudridar.arhud) FinalizerDaemon identical 2 lines
11-26 11:25:07.947  9060  9070 W System  : A resource failed to call close. 
11-26 11:25:07.947  9060  9070 W System  : A resource failed to call close. 
11-26 11:25:07.948  9060  9070 I chatty  : uid=10147(symlab.cloudridar.arhud) FinalizerDaemon identical 5 lines
11-26 11:25:07.948  9060  9070 W System  : A resource failed to call close. 
11-26 11:25:07.948  9060  9070 W System  : A resource failed to call close. 
11-26 11:25:07.948  9060  9070 I chatty  : uid=10147(symlab.cloudridar.arhud) FinalizerDaemon identical 2 lines
11-26 11:25:07.948  9060  9070 W System  : A resource failed to call close. 
11-26 11:25:07.948  9060  9070 W System  : A resource failed to call close. 
11-26 11:25:07.948  9060  9070 W System  : A resource failed to call close. 
11-26 11:25:07.948  9060  9070 I chatty  : uid=10147(symlab.cloudridar.arhud) FinalizerDaemon identical 1 line
11-26 11:25:07.948  9060  9070 W System  : A resource failed to call close. 
11-26 11:25:07.949  9060  9070 W System  : A resource failed to call close. 
11-26 11:25:07.949  9060  9070 I chatty  : uid=10147(symlab.cloudridar.arhud) FinalizerDaemon identical 4 lines
11-26 11:25:07.949  9060  9070 W System  : A resource failed to call close. 
11-26 11:25:07.949  9060  9070 W System  : A resource failed to call close. 
11-26 11:25:08.887  9060  9060 D Poster  : At 1574760308887 location is 65.05790195501893 (latitude), and 25.468825573174524 (longitude)
11-26 11:25:08.890  9060  9060 D Poster  : Connected to mobile network 20
11-26 11:25:09.894  9060  9060 D Poster  : At 1574760309894 location is 65.05790195501893 (latitude), and 25.468825573174524 (longitude)
11-26 11:25:09.897  9060  9060 D Poster  : Connected to mobile network 20
11-26 11:25:10.076  9060  9072 E         : [ZeroHung]zrhung_get_config: Get config failed for wp[0x0008]
11-26 11:25:10.100  9060  9070 W System  : A resource failed to call close. 
11-26 11:25:10.105  9060  9070 I chatty  : uid=10147(symlab.cloudridar.arhud) FinalizerDaemon identical 61 lines
11-26 11:25:10.105  9060  9070 W System  : A resource failed to call close. 
11-26 11:25:10.895  9060  9060 D Poster  : At 1574760310895 location is 65.05790195501893 (latitude), and 25.468825573174524 (longitude)
11-26 11:25:10.898  9060  9060 D Poster  : Connected to mobile network 20
11-26 11:25:11.894  9060  9060 D Poster  : At 1574760311894 location is 65.05790195501955 (latitude), and 25.46882557316966 (longitude)
11-26 11:25:11.896  9060  9060 D Poster  : Connected to mobile network 20
11-26 11:25:11.943  9060  9072 E         : [ZeroHung]zrhung_get_config: Get config failed for wp[0x0008]
11-26 11:25:11.971  9060  9070 W System  : A resource failed to call close. 
11-26 11:25:11.978  9060  9070 I chatty  : uid=10147(symlab.cloudridar.arhud) FinalizerDaemon identical 53 lines
11-26 11:25:11.978  9060  9070 W System  : A resource failed to call close. 
11-26 11:25:12.890  9060  9060 D Poster  : At 1574760312890 location is 65.05790195501955 (latitude), and 25.46882557316966 (longitude)
11-26 11:25:12.892  9060  9060 D Poster  : Connected to mobile network 20
11-26 11:25:13.888  9060  9060 D Poster  : At 1574760313888 location is 65.05790195501955 (latitude), and 25.46882557316966 (longitude)
11-26 11:25:13.890  9060  9060 D Poster  : Connected to mobile network 20
11-26 11:25:13.997  9060  9072 E         : [ZeroHung]zrhung_get_config: Get config failed for wp[0x0008]
11-26 11:25:14.024  9060  9070 W System  : A resource failed to call close. 
11-26 11:25:14.026  9060  9070 I chatty  : uid=10147(symlab.cloudridar.arhud) FinalizerDaemon identical 11 lines
11-26 11:25:14.026  9060  9070 W System  : A resource failed to call close. 
11-26 11:25:14.028  9060  9070 W System  : A resource failed to call close. 
11-26 11:25:14.028  9060  9070 W System  : A resource failed to call close. 
11-26 11:25:14.028  9060  9070 W System  : A resource failed to call close. 
11-26 11:25:14.028  9060  9070 W System  : A resource failed to call close. 
11-26 11:25:14.029  9060  9070 I chatty  : uid=10147(symlab.cloudridar.arhud) FinalizerDaemon identical 3 lines
11-26 11:25:14.029  9060  9070 W System  : A resource failed to call close. 
11-26 11:25:14.029  9060  9070 W System  : A resource failed to call close. 
11-26 11:25:14.030  9060  9070 I chatty  : uid=10147(symlab.cloudridar.arhud) FinalizerDaemon identical 7 lines
11-26 11:25:14.030  9060  9070 W System  : A resource failed to call close. 
11-26 11:25:14.031  9060  9070 W System  : A resource failed to call close. 
11-26 11:25:14.031  9060  9070 W System  : A resource failed to call close. 
11-26 11:25:14.031  9060  9070 W System  : A resource failed to call close. 
11-26 11:25:14.031  9060  9070 W System  : A resource failed to call close. 
11-26 11:25:14.035  9060  9070 I chatty  : uid=10147(symlab.cloudridar.arhud) FinalizerDaemon identical 23 lines
11-26 11:25:14.035  9060  9070 W System  : A resource failed to call close. 
11-26 11:25:14.883  9060  9060 D Poster  : At 1574760314883 location is 65.05790195501955 (latitude), and 25.46882557316966 (longitude)
11-26 11:25:14.885  9060  9060 D Poster  : Connected to mobile network 20
11-26 11:25:15.565  9060  9072 E         : [ZeroHung]zrhung_get_config: Get config failed for wp[0x0008]
11-26 11:25:15.596  9060  9070 W System  : A resource failed to call close. 
11-26 11:25:15.599  9060  9070 I chatty  : uid=10147(symlab.cloudridar.arhud) FinalizerDaemon identical 43 lines
11-26 11:25:15.599  9060  9070 W System  : A resource failed to call close. 
11-26 11:25:15.893  9060  9060 D Poster  : At 1574760315892 location is 65.05790195501955 (latitude), and 25.46882557316966 (longitude)
11-26 11:25:15.896  9060  9060 D Poster  : Connected to mobile network 20
11-26 11:25:17.107  9060  9072 E         : [ZeroHung]zrhung_get_config: Get config failed for wp[0x0008]
11-26 11:25:17.128  9060  9070 W System  : A resource failed to call close. 
11-26 11:25:17.128  9060  9070 I chatty  : uid=10147(symlab.cloudridar.arhud) FinalizerDaemon identical 13 lines
11-26 11:25:17.129  9060  9070 W System  : A resource failed to call close. 
11-26 11:25:17.129  9060  9070 W System  : A resource failed to call close. 
11-26 11:25:17.129  9060  9070 W System  : A resource failed to call close. 
11-26 11:25:17.131  9060  9070 I chatty  : uid=10147(symlab.cloudridar.arhud) FinalizerDaemon identical 26 lines
11-26 11:25:17.131  9060  9070 W System  : A resource failed to call close. 
11-26 11:25:17.131  9060  9070 W System  : A resource failed to call close. 
11-26 11:25:18.718  9060  9072 E         : [ZeroHung]zrhung_get_config: Get config failed for wp[0x0008]
11-26 11:25:18.743  9060  9070 W System  : A resource failed to call close. 
11-26 11:25:18.751  9060  9070 I chatty  : uid=10147(symlab.cloudridar.arhud) FinalizerDaemon identical 41 lines
11-26 11:25:18.751  9060  9070 W System  : A resource failed to call close. 
11-26 11:25:20.788  9060  9072 E         : [ZeroHung]zrhung_get_config: Get config failed for wp[0x0008]
11-26 11:25:20.821  9060  9070 W System  : A resource failed to call close. 
11-26 11:25:20.824  9060  9070 I chatty  : uid=10147(symlab.cloudridar.arhud) FinalizerDaemon identical 16 lines
11-26 11:25:20.824  9060  9070 W System  : A resource failed to call close. 
11-26 11:25:20.824  9060  9070 W System  : A resource failed to call close. 
11-26 11:25:20.831  9060  9070 I chatty  : uid=10147(symlab.cloudridar.arhud) FinalizerDaemon identical 39 lines
11-26 11:25:20.831  9060  9070 W System  : A resource failed to call close. 
11-26 11:25:23.032  9060  9060 W HiTouch_PressGestureDetector: Touch pointer move a lot. The moving distance of X is:69.36755, limit is:60The moving distance of Y is:93.609695, limit is:60
11-26 11:25:23.149  9060  9072 E         : [ZeroHung]zrhung_get_config: Get config failed for wp[0x0008]
11-26 11:25:23.173  9060  9070 W System  : A resource failed to call close. 
11-26 11:25:23.176  9060  9070 I chatty  : uid=10147(symlab.cloudridar.arhud) FinalizerDaemon identical 66 lines
11-26 11:25:23.176  9060  9070 W System  : A resource failed to call close. 
11-26 11:25:25.471  9060  9072 E         : [ZeroHung]zrhung_get_config: Get config failed for wp[0x0008]
11-26 11:25:25.491  9060  9070 W System  : A resource failed to call close. 
11-26 11:25:25.495  9060  9070 I chatty  : uid=10147(symlab.cloudridar.arhud) FinalizerDaemon identical 65 lines
11-26 11:25:25.496  9060  9070 W System  : A resource failed to call close. 
11-26 11:25:27.763  9060  9072 E         : [ZeroHung]zrhung_get_config: Get config failed for wp[0x0008]
11-26 11:25:27.786  9060  9070 W System  : A resource failed to call close. 
11-26 11:25:27.786  9060  9070 I chatty  : uid=10147(symlab.cloudridar.arhud) FinalizerDaemon identical 5 lines
11-26 11:25:27.786  9060  9070 W System  : A resource failed to call close. 
11-26 11:25:27.786  9060  9070 W System  : A resource failed to call close. 
11-26 11:25:27.789  9060  9070 I chatty  : uid=10147(symlab.cloudridar.arhud) FinalizerDaemon identical 56 lines
11-26 11:25:27.789  9060  9070 W System  : A resource failed to call close. 
11-26 11:25:29.544  9060  9072 E         : [ZeroHung]zrhung_get_config: Get config failed for wp[0x0008]
11-26 11:25:29.577  9060  9070 W System  : A resource failed to call close. 
11-26 11:25:29.577  9060  9070 W System  : A resource failed to call close. 
11-26 11:25:29.577  9060  9070 I chatty  : uid=10147(symlab.cloudridar.arhud) FinalizerDaemon identical 3 lines
11-26 11:25:29.577  9060  9070 W System  : A resource failed to call close. 
11-26 11:25:29.578  9060  9070 W System  : A resource failed to call close. 
11-26 11:25:29.578  9060  9070 W System  : A resource failed to call close. 
11-26 11:25:29.578  9060  9070 W System  : A resource failed to call close. 
11-26 11:25:29.578  9060  9070 W System  : A resource failed to call close. 
11-26 11:25:29.578  9060  9070 W System  : A resource failed to call close. 
11-26 11:25:29.578  9060  9070 W System  : A resource failed to call close. 
11-26 11:25:29.582  9060  9070 I chatty  : uid=10147(symlab.cloudridar.arhud) FinalizerDaemon identical 39 lines
11-26 11:25:29.582  9060  9070 W System  : A resource failed to call close. 
11-26 11:25:31.049  9060  9072 E         : [ZeroHung]zrhung_get_config: Get config failed for wp[0x0008]
11-26 11:25:31.074  9060  9070 W System  : A resource failed to call close. 
11-26 11:25:31.079  9060  9070 I chatty  : uid=10147(symlab.cloudridar.arhud) FinalizerDaemon identical 42 lines
11-26 11:25:31.080  9060  9070 W System  : A resource failed to call close. 
11-26 11:25:32.281  9060  9072 E         : [ZeroHung]zrhung_get_config: Get config failed for wp[0x0008]
11-26 11:25:32.309  9060  9070 W System  : A resource failed to call close. 
11-26 11:25:32.310  9060  9070 I chatty  : uid=10147(symlab.cloudridar.arhud) FinalizerDaemon identical 3 lines
11-26 11:25:32.310  9060  9070 W System  : A resource failed to call close. 
11-26 11:25:32.310  9060  9070 W System  : A resource failed to call close. 
11-26 11:25:32.311  9060  9070 I chatty  : uid=10147(symlab.cloudridar.arhud) FinalizerDaemon identical 26 lines
11-26 11:25:32.311  9060  9070 W System  : A resource failed to call close. 
11-26 11:25:33.621  9060  9072 E         : [ZeroHung]zrhung_get_config: Get config failed for wp[0x0008]
11-26 11:25:33.644  9060  9070 W System  : A resource failed to call close. 
11-26 11:25:33.646  9060  9070 I chatty  : uid=10147(symlab.cloudridar.arhud) FinalizerDaemon identical 39 lines
11-26 11:25:33.646  9060  9070 W System  : A resource failed to call close. 
11-26 11:25:34.723  9060  9097 W System.err: java.net.SocketException: Message too long
11-26 11:25:34.724  9060  9097 W System.err: 	at sun.nio.ch.DatagramChannelImpl.send0(Native Method)
11-26 11:25:34.724  9060  9097 W System.err: 	at sun.nio.ch.DatagramChannelImpl.sendFromNativeBuffer(DatagramChannelImpl.java:573)
11-26 11:25:34.724  9060  9097 W System.err: 	at sun.nio.ch.DatagramChannelImpl.send(DatagramChannelImpl.java:550)
11-26 11:25:34.724  9060  9097 W System.err: 	at sun.nio.ch.DatagramChannelImpl.send(DatagramChannelImpl.java:514)
11-26 11:25:34.724  9060  9097 W System.err: 	at symlab.CloudAR.network.TransmissionTask.run(TransmissionTask.java:133)
11-26 11:25:34.724  9060  9097 W System.err: 	at android.os.Handler.handleCallback(Handler.java:907)
11-26 11:25:34.724  9060  9097 W System.err: 	at android.os.Handler.dispatchMessage(Handler.java:105)
11-26 11:25:34.724  9060  9097 W System.err: 	at android.os.Looper.loop(Looper.java:216)
11-26 11:25:34.724  9060  9097 W System.err: 	at android.os.HandlerThread.run(HandlerThread.java:65)
11-26 11:25:34.752  9060  9097 W System.err: java.net.SocketException: Message too long
11-26 11:25:34.752  9060  9097 W System.err: 	at sun.nio.ch.DatagramChannelImpl.send0(Native Method)
11-26 11:25:34.752  9060  9097 W System.err: 	at sun.nio.ch.DatagramChannelImpl.sendFromNativeBuffer(DatagramChannelImpl.java:573)
11-26 11:25:34.752  9060  9097 W System.err: 	at sun.nio.ch.DatagramChannelImpl.send(DatagramChannelImpl.java:550)
11-26 11:25:34.752  9060  9097 W System.err: 	at sun.nio.ch.DatagramChannelImpl.send(DatagramChannelImpl.java:514)
11-26 11:25:34.752  9060  9097 W System.err: 	at symlab.CloudAR.network.TransmissionTask.run(TransmissionTask.java:133)
11-26 11:25:34.752  9060  9097 W System.err: 	at android.os.Handler.handleCallback(Handler.java:907)
11-26 11:25:34.752  9060  9097 W System.err: 	at android.os.Handler.dispatchMessage(Handler.java:105)
11-26 11:25:34.752  9060  9097 W System.err: 	at android.os.Looper.loop(Looper.java:216)
11-26 11:25:34.752  9060  9097 W System.err: 	at android.os.HandlerThread.run(HandlerThread.java:65)
11-26 11:25:34.795  9060  9072 E         : [ZeroHung]zrhung_get_config: Get config failed for wp[0x0008]
11-26 11:25:34.795  9060  9097 W System.err: java.net.SocketException: Message too long
11-26 11:25:34.795  9060  9097 W System.err: 	at sun.nio.ch.DatagramChannelImpl.send0(Native Method)
11-26 11:25:34.796  9060  9097 W System.err: 	at sun.nio.ch.DatagramChannelImpl.sendFromNativeBuffer(DatagramChannelImpl.java:573)
11-26 11:25:34.796  9060  9097 W System.err: 	at sun.nio.ch.DatagramChannelImpl.send(DatagramChannelImpl.java:550)
11-26 11:25:34.796  9060  9097 W System.err: 	at sun.nio.ch.DatagramChannelImpl.send(DatagramChannelImpl.java:514)
11-26 11:25:34.796  9060  9097 W System.err: 	at symlab.CloudAR.network.TransmissionTask.run(TransmissionTask.java:133)
11-26 11:25:34.796  9060  9097 W System.err: 	at android.os.Handler.handleCallback(Handler.java:907)
11-26 11:25:34.796  9060  9097 W System.err: 	at android.os.Handler.dispatchMessage(Handler.java:105)
11-26 11:25:34.796  9060  9097 W System.err: 	at android.os.Looper.loop(Looper.java:216)
11-26 11:25:34.796  9060  9097 W System.err: 	at android.os.HandlerThread.run(HandlerThread.java:65)
11-26 11:25:34.816  9060  9070 W System  : A resource failed to call close. 
11-26 11:25:34.820  9060  9070 I chatty  : uid=10147(symlab.cloudridar.arhud) FinalizerDaemon identical 29 lines
11-26 11:25:34.820  9060  9070 W System  : A resource failed to call close. 
11-26 11:25:34.821  9060  9097 W System.err: java.net.SocketException: Message too long
11-26 11:25:34.821  9060  9097 W System.err: 	at sun.nio.ch.DatagramChannelImpl.send0(Native Method)
11-26 11:25:34.821  9060  9097 W System.err: 	at sun.nio.ch.DatagramChannelImpl.sendFromNativeBuffer(DatagramChannelImpl.java:573)
11-26 11:25:34.821  9060  9097 W System.err: 	at sun.nio.ch.DatagramChannelImpl.send(DatagramChannelImpl.java:550)
11-26 11:25:34.821  9060  9097 W System.err: 	at sun.nio.ch.DatagramChannelImpl.send(DatagramChannelImpl.java:514)
11-26 11:25:34.821  9060  9097 W System.err: 	at symlab.CloudAR.network.TransmissionTask.run(TransmissionTask.java:133)
11-26 11:25:34.821  9060  9097 W System.err: 	at android.os.Handler.handleCallback(Handler.java:907)
11-26 11:25:34.821  9060  9097 W System.err: 	at android.os.Handler.dispatchMessage(Handler.java:105)
11-26 11:25:34.821  9060  9097 W System.err: 	at android.os.Looper.loop(Looper.java:216)
11-26 11:25:34.821  9060  9097 W System.err: 	at android.os.HandlerThread.run(HandlerThread.java:65)
11-26 11:25:34.866  9060  9097 W System.err: java.net.SocketException: Message too long
11-26 11:25:34.866  9060  9097 W System.err: 	at sun.nio.ch.DatagramChannelImpl.send0(Native Method)
11-26 11:25:34.866  9060  9097 W System.err: 	at sun.nio.ch.DatagramChannelImpl.sendFromNativeBuffer(DatagramChannelImpl.java:573)
11-26 11:25:34.866  9060  9097 W System.err: 	at sun.nio.ch.DatagramChannelImpl.send(DatagramChannelImpl.java:550)
11-26 11:25:34.866  9060  9097 W System.err: 	at sun.nio.ch.DatagramChannelImpl.send(DatagramChannelImpl.java:514)
11-26 11:25:34.866  9060  9097 W System.err: 	at symlab.CloudAR.network.TransmissionTask.run(TransmissionTask.java:133)
11-26 11:25:34.866  9060  9097 W System.err: 	at android.os.Handler.handleCallback(Handler.java:907)
11-26 11:25:34.866  9060  9097 W System.err: 	at android.os.Handler.dispatchMessage(Handler.java:105)
11-26 11:25:34.866  9060  9097 W System.err: 	at android.os.Looper.loop(Looper.java:216)
11-26 11:25:34.866  9060  9097 W System.err: 	at android.os.HandlerThread.run(HandlerThread.java:65)
11-26 11:25:34.892  9060  9060 D Poster  : At 1574760334892 location is 65.05803222089372 (latitude), and 25.46972528639974 (longitude)
11-26 11:25:34.897  9060  9060 D Poster  : Connected to mobile network 20
11-26 11:25:34.897  9060  9097 W System.err: java.net.SocketException: Message too long
11-26 11:25:34.897  9060  9097 W System.err: 	at sun.nio.ch.DatagramChannelImpl.send0(Native Method)
11-26 11:25:34.897  9060  9097 W System.err: 	at sun.nio.ch.DatagramChannelImpl.sendFromNativeBuffer(DatagramChannelImpl.java:573)
11-26 11:25:34.897  9060  9097 W System.err: 	at sun.nio.ch.DatagramChannelImpl.send(DatagramChannelImpl.java:550)
11-26 11:25:34.897  9060  9097 W System.err: 	at sun.nio.ch.DatagramChannelImpl.send(DatagramChannelImpl.java:514)
11-26 11:25:34.897  9060  9097 W System.err: 	at symlab.CloudAR.network.TransmissionTask.run(TransmissionTask.java:133)
11-26 11:25:34.897  9060  9097 W System.err: 	at android.os.Handler.handleCallback(Handler.java:907)
11-26 11:25:34.897  9060  9097 W System.err: 	at android.os.Handler.dispatchMessage(Handler.java:105)
11-26 11:25:34.897  9060  9097 W System.err: 	at android.os.Looper.loop(Looper.java:216)
11-26 11:25:34.897  9060  9097 W System.err: 	at android.os.HandlerThread.run(HandlerThread.java:65)
11-26 11:25:34.929  9060  9097 W System.err: java.net.SocketException: Message too long
11-26 11:25:34.929  9060  9097 W System.err: 	at sun.nio.ch.DatagramChannelImpl.send0(Native Method)
11-26 11:25:34.929  9060  9097 W System.err: 	at sun.nio.ch.DatagramChannelImpl.sendFromNativeBuffer(DatagramChannelImpl.java:573)
11-26 11:25:34.929  9060  9097 W System.err: 	at sun.nio.ch.DatagramChannelImpl.send(DatagramChannelImpl.java:550)
11-26 11:25:34.929  9060  9097 W System.err: 	at sun.nio.ch.DatagramChannelImpl.send(DatagramChannelImpl.java:514)
11-26 11:25:34.929  9060  9097 W System.err: 	at symlab.CloudAR.network.TransmissionTask.run(TransmissionTask.java:133)
11-26 11:25:34.929  9060  9097 W System.err: 	at android.os.Handler.handleCallback(Handler.java:907)
11-26 11:25:34.930  9060  9097 W System.err: 	at android.os.Handler.dispatchMessage(Handler.java:105)
11-26 11:25:34.930  9060  9097 W System.err: 	at android.os.Looper.loop(Looper.java:216)
11-26 11:25:34.930  9060  9097 W System.err: 	at android.os.HandlerThread.run(HandlerThread.java:65)
11-26 11:25:35.052  9060  9097 W System.err: java.net.SocketException: Message too long
11-26 11:25:35.052  9060  9097 W System.err: 	at sun.nio.ch.DatagramChannelImpl.send0(Native Method)
11-26 11:25:35.052  9060  9097 W System.err: 	at sun.nio.ch.DatagramChannelImpl.sendFromNativeBuffer(DatagramChannelImpl.java:573)
11-26 11:25:35.052  9060  9097 W System.err: 	at sun.nio.ch.DatagramChannelImpl.send(DatagramChannelImpl.java:550)
11-26 11:25:35.052  9060  9097 W System.err: 	at sun.nio.ch.DatagramChannelImpl.send(DatagramChannelImpl.java:514)
11-26 11:25:35.052  9060  9097 W System.err: 	at symlab.CloudAR.network.TransmissionTask.run(TransmissionTask.java:133)
11-26 11:25:35.052  9060  9097 W System.err: 	at android.os.Handler.handleCallback(Handler.java:907)
11-26 11:25:35.052  9060  9097 W System.err: 	at android.os.Handler.dispatchMessage(Handler.java:105)
11-26 11:25:35.052  9060  9097 W System.err: 	at android.os.Looper.loop(Looper.java:216)
11-26 11:25:35.052  9060  9097 W System.err: 	at android.os.HandlerThread.run(HandlerThread.java:65)
11-26 11:25:35.864  9060  9072 E         : [ZeroHung]zrhung_get_config: Get config failed for wp[0x0008]
11-26 11:25:35.882  9060  9070 W System  : A resource failed to call close. 
11-26 11:25:35.885  9060  9070 I chatty  : uid=10147(symlab.cloudridar.arhud) FinalizerDaemon identical 24 lines
11-26 11:25:35.885  9060  9070 W System  : A resource failed to call close. 
11-26 11:25:35.902  9060  9060 D Poster  : At 1574760335902 location is 65.05812009882897 (latitude), and 25.46983192801491 (longitude)
11-26 11:25:35.905  9060  9060 D Poster  : Connected to mobile network 20
11-26 11:25:36.339  9060  9097 W System.err: java.net.SocketException: Message too long
11-26 11:25:36.339  9060  9097 W System.err: 	at sun.nio.ch.DatagramChannelImpl.send0(Native Method)
11-26 11:25:36.339  9060  9097 W System.err: 	at sun.nio.ch.DatagramChannelImpl.sendFromNativeBuffer(DatagramChannelImpl.java:573)
11-26 11:25:36.339  9060  9097 W System.err: 	at sun.nio.ch.DatagramChannelImpl.send(DatagramChannelImpl.java:550)
11-26 11:25:36.339  9060  9097 W System.err: 	at sun.nio.ch.DatagramChannelImpl.send(DatagramChannelImpl.java:514)
11-26 11:25:36.339  9060  9097 W System.err: 	at symlab.CloudAR.network.TransmissionTask.run(TransmissionTask.java:133)
11-26 11:25:36.339  9060  9097 W System.err: 	at android.os.Handler.handleCallback(Handler.java:907)
11-26 11:25:36.339  9060  9097 W System.err: 	at android.os.Handler.dispatchMessage(Handler.java:105)
11-26 11:25:36.339  9060  9097 W System.err: 	at android.os.Looper.loop(Looper.java:216)
11-26 11:25:36.339  9060  9097 W System.err: 	at android.os.HandlerThread.run(HandlerThread.java:65)
11-26 11:25:36.834  9060  9097 W System.err: java.net.SocketException: Message too long
11-26 11:25:36.834  9060  9097 W System.err: 	at sun.nio.ch.DatagramChannelImpl.send0(Native Method)
11-26 11:25:36.834  9060  9097 W System.err: 	at sun.nio.ch.DatagramChannelImpl.sendFromNativeBuffer(DatagramChannelImpl.java:573)
11-26 11:25:36.834  9060  9097 W System.err: 	at sun.nio.ch.DatagramChannelImpl.send(DatagramChannelImpl.java:550)
11-26 11:25:36.834  9060  9097 W System.err: 	at sun.nio.ch.DatagramChannelImpl.send(DatagramChannelImpl.java:514)
11-26 11:25:36.834  9060  9097 W System.err: 	at symlab.CloudAR.network.TransmissionTask.run(TransmissionTask.java:133)
11-26 11:25:36.834  9060  9097 W System.err: 	at android.os.Handler.handleCallback(Handler.java:907)
11-26 11:25:36.834  9060  9097 W System.err: 	at android.os.Handler.dispatchMessage(Handler.java:105)
11-26 11:25:36.834  9060  9097 W System.err: 	at android.os.Looper.loop(Looper.java:216)
11-26 11:25:36.834  9060  9097 W System.err: 	at android.os.HandlerThread.run(HandlerThread.java:65)
11-26 11:25:36.875  9060  9097 W System.err: java.net.SocketException: Message too long
11-26 11:25:36.876  9060  9097 W System.err: 	at sun.nio.ch.DatagramChannelImpl.send0(Native Method)
11-26 11:25:36.876  9060  9097 W System.err: 	at sun.nio.ch.DatagramChannelImpl.sendFromNativeBuffer(DatagramChannelImpl.java:573)
11-26 11:25:36.876  9060  9097 W System.err: 	at sun.nio.ch.DatagramChannelImpl.send(DatagramChannelImpl.java:550)
11-26 11:25:36.876  9060  9097 W System.err: 	at sun.nio.ch.DatagramChannelImpl.send(DatagramChannelImpl.java:514)
11-26 11:25:36.876  9060  9097 W System.err: 	at symlab.CloudAR.network.TransmissionTask.run(TransmissionTask.java:133)
11-26 11:25:36.876  9060  9097 W System.err: 	at android.os.Handler.handleCallback(Handler.java:907)
11-26 11:25:36.876  9060  9097 W System.err: 	at android.os.Handler.dispatchMessage(Handler.java:105)
11-26 11:25:36.876  9060  9097 W System.err: 	at android.os.Looper.loop(Looper.java:216)
11-26 11:25:36.876  9060  9097 W System.err: 	at android.os.HandlerThread.run(HandlerThread.java:65)
11-26 11:25:36.907  9060  9060 D Poster  : At 1574760336906 location is 65.0580932261394 (latitude), and 25.469835925875714 (longitude)
11-26 11:25:36.909  9060  9060 D Poster  : Connected to mobile network 20
11-26 11:25:36.912  9060  9097 W System.err: java.net.SocketException: Message too long
11-26 11:25:36.912  9060  9097 W System.err: 	at sun.nio.ch.DatagramChannelImpl.send0(Native Method)
11-26 11:25:36.912  9060  9097 W System.err: 	at sun.nio.ch.DatagramChannelImpl.sendFromNativeBuffer(DatagramChannelImpl.java:573)
11-26 11:25:36.912  9060  9097 W System.err: 	at sun.nio.ch.DatagramChannelImpl.send(DatagramChannelImpl.java:550)
11-26 11:25:36.912  9060  9097 W System.err: 	at sun.nio.ch.DatagramChannelImpl.send(DatagramChannelImpl.java:514)
11-26 11:25:36.912  9060  9097 W System.err: 	at symlab.CloudAR.network.TransmissionTask.run(TransmissionTask.java:133)
11-26 11:25:36.912  9060  9097 W System.err: 	at android.os.Handler.handleCallback(Handler.java:907)
11-26 11:25:36.912  9060  9097 W System.err: 	at android.os.Handler.dispatchMessage(Handler.java:105)
11-26 11:25:36.912  9060  9097 W System.err: 	at android.os.Looper.loop(Looper.java:216)
11-26 11:25:36.912  9060  9097 W System.err: 	at android.os.HandlerThread.run(HandlerThread.java:65)
11-26 11:25:36.942  9060  9097 W System.err: java.net.SocketException: Message too long
11-26 11:25:36.942  9060  9097 W System.err: 	at sun.nio.ch.DatagramChannelImpl.send0(Native Method)
11-26 11:25:36.942  9060  9097 W System.err: 	at sun.nio.ch.DatagramChannelImpl.sendFromNativeBuffer(DatagramChannelImpl.java:573)
11-26 11:25:36.942  9060  9097 W System.err: 	at sun.nio.ch.DatagramChannelImpl.send(DatagramChannelImpl.java:550)
11-26 11:25:36.942  9060  9097 W System.err: 	at sun.nio.ch.DatagramChannelImpl.send(DatagramChannelImpl.java:514)
11-26 11:25:36.942  9060  9097 W System.err: 	at symlab.CloudAR.network.TransmissionTask.run(TransmissionTask.java:133)
11-26 11:25:36.942  9060  9097 W System.err: 	at android.os.Handler.handleCallback(Handler.java:907)
11-26 11:25:36.942  9060  9097 W System.err: 	at android.os.Handler.dispatchMessage(Handler.java:105)
11-26 11:25:36.942  9060  9097 W System.err: 	at android.os.Looper.loop(Looper.java:216)
11-26 11:25:36.942  9060  9097 W System.err: 	at android.os.HandlerThread.run(HandlerThread.java:65)
11-26 11:25:36.969  9060  9072 E         : [ZeroHung]zrhung_get_config: Get config failed for wp[0x0008]
11-26 11:25:36.970  9060  9097 W System.err: java.net.SocketException: Message too long
11-26 11:25:36.970  9060  9097 W System.err: 	at sun.nio.ch.DatagramChannelImpl.send0(Native Method)
11-26 11:25:36.970  9060  9097 W System.err: 	at sun.nio.ch.DatagramChannelImpl.sendFromNativeBuffer(DatagramChannelImpl.java:573)
11-26 11:25:36.970  9060  9097 W System.err: 	at sun.nio.ch.DatagramChannelImpl.send(DatagramChannelImpl.java:550)
11-26 11:25:36.970  9060  9097 W System.err: 	at sun.nio.ch.DatagramChannelImpl.send(DatagramChannelImpl.java:514)
11-26 11:25:36.970  9060  9097 W System.err: 	at symlab.CloudAR.network.TransmissionTask.run(TransmissionTask.java:133)
11-26 11:25:36.970  9060  9097 W System.err: 	at android.os.Handler.handleCallback(Handler.java:907)
11-26 11:25:36.970  9060  9097 W System.err: 	at android.os.Handler.dispatchMessage(Handler.java:105)
11-26 11:25:36.970  9060  9097 W System.err: 	at android.os.Looper.loop(Looper.java:216)
11-26 11:25:36.970  9060  9097 W System.err: 	at android.os.HandlerThread.run(HandlerThread.java:65)
11-26 11:25:36.996  9060  9070 W System  : A resource failed to call close. 
11-26 11:25:36.998  9060  9070 I chatty  : uid=10147(symlab.cloudridar.arhud) FinalizerDaemon identical 21 lines
11-26 11:25:36.998  9060  9070 W System  : A resource failed to call close. 
11-26 11:25:36.999  9060  9097 W System.err: java.net.SocketException: Message too long
11-26 11:25:36.999  9060  9097 W System.err: 	at sun.nio.ch.DatagramChannelImpl.send0(Native Method)
11-26 11:25:36.999  9060  9097 W System.err: 	at sun.nio.ch.DatagramChannelImpl.sendFromNativeBuffer(DatagramChannelImpl.java:573)
11-26 11:25:36.999  9060  9097 W System.err: 	at sun.nio.ch.DatagramChannelImpl.send(DatagramChannelImpl.java:550)
11-26 11:25:36.999  9060  9097 W System.err: 	at sun.nio.ch.DatagramChannelImpl.send(DatagramChannelImpl.java:514)
11-26 11:25:36.999  9060  9097 W System.err: 	at symlab.CloudAR.network.TransmissionTask.run(TransmissionTask.java:133)
11-26 11:25:36.999  9060  9097 W System.err: 	at android.os.Handler.handleCallback(Handler.java:907)
11-26 11:25:36.999  9060  9097 W System.err: 	at android.os.Handler.dispatchMessage(Handler.java:105)
11-26 11:25:36.999  9060  9097 W System.err: 	at android.os.Looper.loop(Looper.java:216)
11-26 11:25:36.999  9060  9097 W System.err: 	at android.os.HandlerThread.run(HandlerThread.java:65)
11-26 11:25:37.031  9060  9097 W System.err: java.net.SocketException: Message too long
11-26 11:25:37.032  9060  9097 W System.err: 	at sun.nio.ch.DatagramChannelImpl.send0(Native Method)
11-26 11:25:37.032  9060  9097 W System.err: 	at sun.nio.ch.DatagramChannelImpl.sendFromNativeBuffer(DatagramChannelImpl.java:573)
11-26 11:25:37.032  9060  9097 W System.err: 	at sun.nio.ch.DatagramChannelImpl.send(DatagramChannelImpl.java:550)
11-26 11:25:37.032  9060  9097 W System.err: 	at sun.nio.ch.DatagramChannelImpl.send(DatagramChannelImpl.java:514)
11-26 11:25:37.032  9060  9097 W System.err: 	at symlab.CloudAR.network.TransmissionTask.run(TransmissionTask.java:133)
11-26 11:25:37.032  9060  9097 W System.err: 	at android.os.Handler.handleCallback(Handler.java:907)
11-26 11:25:37.032  9060  9097 W System.err: 	at android.os.Handler.dispatchMessage(Handler.java:105)
11-26 11:25:37.032  9060  9097 W System.err: 	at android.os.Looper.loop(Looper.java:216)
11-26 11:25:37.032  9060  9097 W System.err: 	at android.os.HandlerThread.run(HandlerThread.java:65)
11-26 11:25:37.064  9060  9097 W System.err: java.net.SocketException: Message too long
11-26 11:25:37.064  9060  9097 W System.err: 	at sun.nio.ch.DatagramChannelImpl.send0(Native Method)
11-26 11:25:37.064  9060  9097 W System.err: 	at sun.nio.ch.DatagramChannelImpl.sendFromNativeBuffer(DatagramChannelImpl.java:573)
11-26 11:25:37.064  9060  9097 W System.err: 	at sun.nio.ch.DatagramChannelImpl.send(DatagramChannelImpl.java:550)
11-26 11:25:37.064  9060  9097 W System.err: 	at sun.nio.ch.DatagramChannelImpl.send(DatagramChannelImpl.java:514)
11-26 11:25:37.064  9060  9097 W System.err: 	at symlab.CloudAR.network.TransmissionTask.run(TransmissionTask.java:133)
11-26 11:25:37.064  9060  9097 W System.err: 	at android.os.Handler.handleCallback(Handler.java:907)
11-26 11:25:37.064  9060  9097 W System.err: 	at android.os.Handler.dispatchMessage(Handler.java:105)
11-26 11:25:37.064  9060  9097 W System.err: 	at android.os.Looper.loop(Looper.java:216)
11-26 11:25:37.064  9060  9097 W System.err: 	at android.os.HandlerThread.run(HandlerThread.java:65)
11-26 11:25:37.105  9060  9097 W System.err: java.net.SocketException: Message too long
11-26 11:25:37.105  9060  9097 W System.err: 	at sun.nio.ch.DatagramChannelImpl.send0(Native Method)
11-26 11:25:37.105  9060  9097 W System.err: 	at sun.nio.ch.DatagramChannelImpl.sendFromNativeBuffer(DatagramChannelImpl.java:573)
11-26 11:25:37.105  9060  9097 W System.err: 	at sun.nio.ch.DatagramChannelImpl.send(DatagramChannelImpl.java:550)
11-26 11:25:37.105  9060  9097 W System.err: 	at sun.nio.ch.DatagramChannelImpl.send(DatagramChannelImpl.java:514)
11-26 11:25:37.105  9060  9097 W System.err: 	at symlab.CloudAR.network.TransmissionTask.run(TransmissionTask.java:133)
11-26 11:25:37.106  9060  9097 W System.err: 	at android.os.Handler.handleCallback(Handler.java:907)
11-26 11:25:37.106  9060  9097 W System.err: 	at android.os.Handler.dispatchMessage(Handler.java:105)
11-26 11:25:37.106  9060  9097 W System.err: 	at android.os.Looper.loop(Looper.java:216)
11-26 11:25:37.106  9060  9097 W System.err: 	at android.os.HandlerThread.run(HandlerThread.java:65)
11-26 11:25:37.138  9060  9097 W System.err: java.net.SocketException: Message too long
11-26 11:25:37.138  9060  9097 W System.err: 	at sun.nio.ch.DatagramChannelImpl.send0(Native Method)
