11-26 11:18:18.037  7161  7195 W System.err: 	at sun.nio.ch.DatagramChannelImpl.send0(Native Method)
11-26 11:18:18.037  7161  7195 W System.err: 	at sun.nio.ch.DatagramChannelImpl.sendFromNativeBuffer(DatagramChannelImpl.java:573)
11-26 11:18:18.037  7161  7195 W System.err: 	at sun.nio.ch.DatagramChannelImpl.send(DatagramChannelImpl.java:550)
11-26 11:18:18.037  7161  7195 W System.err: 	at sun.nio.ch.DatagramChannelImpl.send(DatagramChannelImpl.java:514)
11-26 11:18:18.037  7161  7195 W System.err: 	at symlab.CloudAR.network.TransmissionTask.run(TransmissionTask.java:133)
11-26 11:18:18.037  7161  7195 W System.err: 	at android.os.Handler.handleCallback(Handler.java:907)
11-26 11:18:18.037  7161  7195 W System.err: 	at android.os.Handler.dispatchMessage(Handler.java:105)
11-26 11:18:18.037  7161  7195 W System.err: 	at android.os.Looper.loop(Looper.java:216)
11-26 11:18:18.037  7161  7195 W System.err: 	at android.os.HandlerThread.run(HandlerThread.java:65)
11-26 11:18:18.064  7161  7195 W System.err: java.net.SocketException: Message too long
11-26 11:18:18.065  7161  7195 W System.err: 	at sun.nio.ch.DatagramChannelImpl.send0(Native Method)
11-26 11:18:18.065  7161  7195 W System.err: 	at sun.nio.ch.DatagramChannelImpl.sendFromNativeBuffer(DatagramChannelImpl.java:573)
11-26 11:18:18.065  7161  7195 W System.err: 	at sun.nio.ch.DatagramChannelImpl.send(DatagramChannelImpl.java:550)
11-26 11:18:18.065  7161  7195 W System.err: 	at sun.nio.ch.DatagramChannelImpl.send(DatagramChannelImpl.java:514)
11-26 11:18:18.065  7161  7195 W System.err: 	at symlab.CloudAR.network.TransmissionTask.run(TransmissionTask.java:133)
11-26 11:18:18.065  7161  7195 W System.err: 	at android.os.Handler.handleCallback(Handler.java:907)
11-26 11:18:18.065  7161  7195 W System.err: 	at android.os.Handler.dispatchMessage(Handler.java:105)
11-26 11:18:18.065  7161  7195 W System.err: 	at android.os.Looper.loop(Looper.java:216)
11-26 11:18:18.065  7161  7195 W System.err: 	at android.os.HandlerThread.run(HandlerThread.java:65)
11-26 11:18:18.089  7161  7195 W System.err: java.net.SocketException: Message too long
11-26 11:18:18.089  7161  7195 W System.err: 	at sun.nio.ch.DatagramChannelImpl.send0(Native Method)
11-26 11:18:18.089  7161  7195 W System.err: 	at sun.nio.ch.DatagramChannelImpl.sendFromNativeBuffer(DatagramChannelImpl.java:573)
11-26 11:18:18.089  7161  7195 W System.err: 	at sun.nio.ch.DatagramChannelImpl.send(DatagramChannelImpl.java:550)
11-26 11:18:18.089  7161  7195 W System.err: 	at sun.nio.ch.DatagramChannelImpl.send(DatagramChannelImpl.java:514)
11-26 11:18:18.089  7161  7195 W System.err: 	at symlab.CloudAR.network.TransmissionTask.run(TransmissionTask.java:133)
11-26 11:18:18.089  7161  7195 W System.err: 	at android.os.Handler.handleCallback(Handler.java:907)
11-26 11:18:18.089  7161  7195 W System.err: 	at android.os.Handler.dispatchMessage(Handler.java:105)
11-26 11:18:18.090  7161  7195 W System.err: 	at android.os.Looper.loop(Looper.java:216)
11-26 11:18:18.090  7161  7195 W System.err: 	at android.os.HandlerThread.run(HandlerThread.java:65)
11-26 11:18:18.109  7161  7195 W System.err: java.net.SocketException: Message too long
11-26 11:18:18.109  7161  7195 W System.err: 	at sun.nio.ch.DatagramChannelImpl.send0(Native Method)
11-26 11:18:18.109  7161  7195 W System.err: 	at sun.nio.ch.DatagramChannelImpl.sendFromNativeBuffer(DatagramChannelImpl.java:573)
11-26 11:18:18.109  7161  7195 W System.err: 	at sun.nio.ch.DatagramChannelImpl.send(DatagramChannelImpl.java:550)
11-26 11:18:18.109  7161  7195 W System.err: 	at sun.nio.ch.DatagramChannelImpl.send(DatagramChannelImpl.java:514)
11-26 11:18:18.109  7161  7195 W System.err: 	at symlab.CloudAR.network.TransmissionTask.run(TransmissionTask.java:133)
11-26 11:18:18.109  7161  7195 W System.err: 	at android.os.Handler.handleCallback(Handler.java:907)
11-26 11:18:18.109  7161  7195 W System.err: 	at android.os.Handler.dispatchMessage(Handler.java:105)
11-26 11:18:18.109  7161  7195 W System.err: 	at android.os.Looper.loop(Looper.java:216)
11-26 11:18:18.109  7161  7195 W System.err: 	at android.os.HandlerThread.run(HandlerThread.java:65)
11-26 11:18:18.211  7161  7161 D Poster  : At 1574759898211 location is 65.0582098636654 (latitude), and 25.46824886141721 (longitude)
11-26 11:18:18.216  7161  7161 D Poster  : Connected to mobile network 20
11-26 11:18:18.267  7161  7172 E         : [ZeroHung]zrhung_get_config: Get config failed for wp[0x0008]
11-26 11:18:18.294  7161  7170 W System  : A resource failed to call close. 
11-26 11:18:18.296  7161  7170 I chatty  : uid=10147(symlab.cloudridar.arhud) FinalizerDaemon identical 19 lines
11-26 11:18:18.297  7161  7170 W System  : A resource failed to call close. 
11-26 11:18:19.005  7161  7195 W System.err: java.net.SocketException: Message too long
11-26 11:18:19.005  7161  7195 W System.err: 	at sun.nio.ch.DatagramChannelImpl.send0(Native Method)
11-26 11:18:19.005  7161  7195 W System.err: 	at sun.nio.ch.DatagramChannelImpl.sendFromNativeBuffer(DatagramChannelImpl.java:573)
11-26 11:18:19.005  7161  7195 W System.err: 	at sun.nio.ch.DatagramChannelImpl.send(DatagramChannelImpl.java:550)
11-26 11:18:19.005  7161  7195 W System.err: 	at sun.nio.ch.DatagramChannelImpl.send(DatagramChannelImpl.java:514)
11-26 11:18:19.005  7161  7195 W System.err: 	at symlab.CloudAR.network.TransmissionTask.run(TransmissionTask.java:133)
11-26 11:18:19.005  7161  7195 W System.err: 	at android.os.Handler.handleCallback(Handler.java:907)
11-26 11:18:19.005  7161  7195 W System.err: 	at android.os.Handler.dispatchMessage(Handler.java:105)
11-26 11:18:19.005  7161  7195 W System.err: 	at android.os.Looper.loop(Looper.java:216)
11-26 11:18:19.005  7161  7195 W System.err: 	at android.os.HandlerThread.run(HandlerThread.java:65)
11-26 11:18:19.046  7161  7195 W System.err: java.net.SocketException: Message too long
11-26 11:18:19.046  7161  7195 W System.err: 	at sun.nio.ch.DatagramChannelImpl.send0(Native Method)
11-26 11:18:19.046  7161  7195 W System.err: 	at sun.nio.ch.DatagramChannelImpl.sendFromNativeBuffer(DatagramChannelImpl.java:573)
11-26 11:18:19.046  7161  7195 W System.err: 	at sun.nio.ch.DatagramChannelImpl.send(DatagramChannelImpl.java:550)
11-26 11:18:19.046  7161  7195 W System.err: 	at sun.nio.ch.DatagramChannelImpl.send(DatagramChannelImpl.java:514)
11-26 11:18:19.046  7161  7195 W System.err: 	at symlab.CloudAR.network.TransmissionTask.run(TransmissionTask.java:133)
11-26 11:18:19.046  7161  7195 W System.err: 	at android.os.Handler.handleCallback(Handler.java:907)
11-26 11:18:19.046  7161  7195 W System.err: 	at android.os.Handler.dispatchMessage(Handler.java:105)
11-26 11:18:19.046  7161  7195 W System.err: 	at android.os.Looper.loop(Looper.java:216)
11-26 11:18:19.046  7161  7195 W System.err: 	at android.os.HandlerThread.run(HandlerThread.java:65)
11-26 11:18:19.208  7161  7195 W System.err: java.net.SocketException: Message too long
11-26 11:18:19.208  7161  7195 W System.err: 	at sun.nio.ch.DatagramChannelImpl.send0(Native Method)
11-26 11:18:19.208  7161  7195 W System.err: 	at sun.nio.ch.DatagramChannelImpl.sendFromNativeBuffer(DatagramChannelImpl.java:573)
11-26 11:18:19.208  7161  7195 W System.err: 	at sun.nio.ch.DatagramChannelImpl.send(DatagramChannelImpl.java:550)
11-26 11:18:19.208  7161  7195 W System.err: 	at sun.nio.ch.DatagramChannelImpl.send(DatagramChannelImpl.java:514)
11-26 11:18:19.208  7161  7195 W System.err: 	at symlab.CloudAR.network.TransmissionTask.run(TransmissionTask.java:133)
11-26 11:18:19.209  7161  7195 W System.err: 	at android.os.Handler.handleCallback(Handler.java:907)
11-26 11:18:19.209  7161  7195 W System.err: 	at android.os.Handler.dispatchMessage(Handler.java:105)
11-26 11:18:19.209  7161  7195 W System.err: 	at android.os.Looper.loop(Looper.java:216)
11-26 11:18:19.209  7161  7195 W System.err: 	at android.os.HandlerThread.run(HandlerThread.java:65)
11-26 11:18:19.226  7161  7161 D Poster  : At 1574759899226 location is 65.05821610406005 (latitude), and 25.46827732042346 (longitude)
11-26 11:18:19.229  7161  7161 D Poster  : Connected to mobile network 20
11-26 11:18:19.264  7161  7172 E         : [ZeroHung]zrhung_get_config: Get config failed for wp[0x0008]
11-26 11:18:19.264  7161  7195 W System.err: java.net.SocketException: Message too long
11-26 11:18:19.264  7161  7195 W System.err: 	at sun.nio.ch.DatagramChannelImpl.send0(Native Method)
11-26 11:18:19.264  7161  7195 W System.err: 	at sun.nio.ch.DatagramChannelImpl.sendFromNativeBuffer(DatagramChannelImpl.java:573)
11-26 11:18:19.264  7161  7195 W System.err: 	at sun.nio.ch.DatagramChannelImpl.send(DatagramChannelImpl.java:550)
11-26 11:18:19.264  7161  7195 W System.err: 	at sun.nio.ch.DatagramChannelImpl.send(DatagramChannelImpl.java:514)
11-26 11:18:19.264  7161  7195 W System.err: 	at symlab.CloudAR.network.TransmissionTask.run(TransmissionTask.java:133)
11-26 11:18:19.264  7161  7195 W System.err: 	at android.os.Handler.handleCallback(Handler.java:907)
11-26 11:18:19.264  7161  7195 W System.err: 	at android.os.Handler.dispatchMessage(Handler.java:105)
11-26 11:18:19.264  7161  7195 W System.err: 	at android.os.Looper.loop(Looper.java:216)
11-26 11:18:19.264  7161  7195 W System.err: 	at android.os.HandlerThread.run(HandlerThread.java:65)
11-26 11:18:19.286  7161  7195 W System.err: java.net.SocketException: Message too long
11-26 11:18:19.286  7161  7195 W System.err: 	at sun.nio.ch.DatagramChannelImpl.send0(Native Method)
11-26 11:18:19.286  7161  7195 W System.err: 	at sun.nio.ch.DatagramChannelImpl.sendFromNativeBuffer(DatagramChannelImpl.java:573)
11-26 11:18:19.287  7161  7195 W System.err: 	at sun.nio.ch.DatagramChannelImpl.send(DatagramChannelImpl.java:550)
11-26 11:18:19.287  7161  7195 W System.err: 	at sun.nio.ch.DatagramChannelImpl.send(DatagramChannelImpl.java:514)
11-26 11:18:19.287  7161  7195 W System.err: 	at symlab.CloudAR.network.TransmissionTask.run(TransmissionTask.java:133)
11-26 11:18:19.287  7161  7195 W System.err: 	at android.os.Handler.handleCallback(Handler.java:907)
11-26 11:18:19.287  7161  7195 W System.err: 	at android.os.Handler.dispatchMessage(Handler.java:105)
11-26 11:18:19.287  7161  7195 W System.err: 	at android.os.Looper.loop(Looper.java:216)
11-26 11:18:19.287  7161  7195 W System.err: 	at android.os.HandlerThread.run(HandlerThread.java:65)
11-26 11:18:19.292  7161  7170 W System  : A resource failed to call close. 
11-26 11:18:19.295  7161  7170 I chatty  : uid=10147(symlab.cloudridar.arhud) FinalizerDaemon identical 23 lines
11-26 11:18:19.296  7161  7170 W System  : A resource failed to call close. 
11-26 11:18:19.306  7161  7195 W System.err: java.net.SocketException: Message too long
11-26 11:18:19.306  7161  7195 W System.err: 	at sun.nio.ch.DatagramChannelImpl.send0(Native Method)
11-26 11:18:19.306  7161  7195 W System.err: 	at sun.nio.ch.DatagramChannelImpl.sendFromNativeBuffer(DatagramChannelImpl.java:573)
11-26 11:18:19.306  7161  7195 W System.err: 	at sun.nio.ch.DatagramChannelImpl.send(DatagramChannelImpl.java:550)
11-26 11:18:19.306  7161  7195 W System.err: 	at sun.nio.ch.DatagramChannelImpl.send(DatagramChannelImpl.java:514)
11-26 11:18:19.306  7161  7195 W System.err: 	at symlab.CloudAR.network.TransmissionTask.run(TransmissionTask.java:133)
11-26 11:18:19.306  7161  7195 W System.err: 	at android.os.Handler.handleCallback(Handler.java:907)
11-26 11:18:19.306  7161  7195 W System.err: 	at android.os.Handler.dispatchMessage(Handler.java:105)
11-26 11:18:19.306  7161  7195 W System.err: 	at android.os.Looper.loop(Looper.java:216)
11-26 11:18:19.306  7161  7195 W System.err: 	at android.os.HandlerThread.run(HandlerThread.java:65)
11-26 11:18:19.489  7161  7195 W System.err: java.net.SocketException: Message too long
11-26 11:18:19.489  7161  7195 W System.err: 	at sun.nio.ch.DatagramChannelImpl.send0(Native Method)
11-26 11:18:19.489  7161  7195 W System.err: 	at sun.nio.ch.DatagramChannelImpl.sendFromNativeBuffer(DatagramChannelImpl.java:573)
11-26 11:18:19.490  7161  7195 W System.err: 	at sun.nio.ch.DatagramChannelImpl.send(DatagramChannelImpl.java:550)
11-26 11:18:19.490  7161  7195 W System.err: 	at sun.nio.ch.DatagramChannelImpl.send(DatagramChannelImpl.java:514)
11-26 11:18:19.490  7161  7195 W System.err: 	at symlab.CloudAR.network.TransmissionTask.run(TransmissionTask.java:133)
11-26 11:18:19.490  7161  7195 W System.err: 	at android.os.Handler.handleCallback(Handler.java:907)
11-26 11:18:19.490  7161  7195 W System.err: 	at android.os.Handler.dispatchMessage(Handler.java:105)
11-26 11:18:19.490  7161  7195 W System.err: 	at android.os.Looper.loop(Looper.java:216)
11-26 11:18:19.490  7161  7195 W System.err: 	at android.os.HandlerThread.run(HandlerThread.java:65)
11-26 11:18:19.524  7161  7195 W System.err: java.net.SocketException: Message too long
11-26 11:18:19.524  7161  7195 W System.err: 	at sun.nio.ch.DatagramChannelImpl.send0(Native Method)
11-26 11:18:19.524  7161  7195 W System.err: 	at sun.nio.ch.DatagramChannelImpl.sendFromNativeBuffer(DatagramChannelImpl.java:573)
11-26 11:18:19.524  7161  7195 W System.err: 	at sun.nio.ch.DatagramChannelImpl.send(DatagramChannelImpl.java:550)
11-26 11:18:19.524  7161  7195 W System.err: 	at sun.nio.ch.DatagramChannelImpl.send(DatagramChannelImpl.java:514)
11-26 11:18:19.524  7161  7195 W System.err: 	at symlab.CloudAR.network.TransmissionTask.run(TransmissionTask.java:133)
11-26 11:18:19.524  7161  7195 W System.err: 	at android.os.Handler.handleCallback(Handler.java:907)
11-26 11:18:19.524  7161  7195 W System.err: 	at android.os.Handler.dispatchMessage(Handler.java:105)
11-26 11:18:19.524  7161  7195 W System.err: 	at android.os.Looper.loop(Looper.java:216)
11-26 11:18:19.524  7161  7195 W System.err: 	at android.os.HandlerThread.run(HandlerThread.java:65)
11-26 11:18:19.548  7161  7195 W System.err: java.net.SocketException: Message too long
11-26 11:18:19.548  7161  7195 W System.err: 	at sun.nio.ch.DatagramChannelImpl.send0(Native Method)
11-26 11:18:19.548  7161  7195 W System.err: 	at sun.nio.ch.DatagramChannelImpl.sendFromNativeBuffer(DatagramChannelImpl.java:573)
11-26 11:18:19.548  7161  7195 W System.err: 	at sun.nio.ch.DatagramChannelImpl.send(DatagramChannelImpl.java:550)
11-26 11:18:19.548  7161  7195 W System.err: 	at sun.nio.ch.DatagramChannelImpl.send(DatagramChannelImpl.java:514)
11-26 11:18:19.548  7161  7195 W System.err: 	at symlab.CloudAR.network.TransmissionTask.run(TransmissionTask.java:133)
11-26 11:18:19.548  7161  7195 W System.err: 	at android.os.Handler.handleCallback(Handler.java:907)
11-26 11:18:19.548  7161  7195 W System.err: 	at android.os.Handler.dispatchMessage(Handler.java:105)
11-26 11:18:19.548  7161  7195 W System.err: 	at android.os.Looper.loop(Looper.java:216)
11-26 11:18:19.548  7161  7195 W System.err: 	at android.os.HandlerThread.run(HandlerThread.java:65)
11-26 11:18:19.583  7161  7195 W System.err: java.net.SocketException: Message too long
11-26 11:18:19.584  7161  7195 W System.err: 	at sun.nio.ch.DatagramChannelImpl.send0(Native Method)
11-26 11:18:19.584  7161  7195 W System.err: 	at sun.nio.ch.DatagramChannelImpl.sendFromNativeBuffer(DatagramChannelImpl.java:573)
11-26 11:18:19.584  7161  7195 W System.err: 	at sun.nio.ch.DatagramChannelImpl.send(DatagramChannelImpl.java:550)
11-26 11:18:19.584  7161  7195 W System.err: 	at sun.nio.ch.DatagramChannelImpl.send(DatagramChannelImpl.java:514)
11-26 11:18:19.584  7161  7195 W System.err: 	at symlab.CloudAR.network.TransmissionTask.run(TransmissionTask.java:133)
11-26 11:18:19.584  7161  7195 W System.err: 	at android.os.Handler.handleCallback(Handler.java:907)
11-26 11:18:19.584  7161  7195 W System.err: 	at android.os.Handler.dispatchMessage(Handler.java:105)
11-26 11:18:19.584  7161  7195 W System.err: 	at android.os.Looper.loop(Looper.java:216)
11-26 11:18:19.584  7161  7195 W System.err: 	at android.os.HandlerThread.run(HandlerThread.java:65)
11-26 11:18:19.620  7161  7195 W System.err: java.net.SocketException: Message too long
11-26 11:18:19.620  7161  7195 W System.err: 	at sun.nio.ch.DatagramChannelImpl.send0(Native Method)
11-26 11:18:19.620  7161  7195 W System.err: 	at sun.nio.ch.DatagramChannelImpl.sendFromNativeBuffer(DatagramChannelImpl.java:573)
11-26 11:18:19.620  7161  7195 W System.err: 	at sun.nio.ch.DatagramChannelImpl.send(DatagramChannelImpl.java:550)
11-26 11:18:19.620  7161  7195 W System.err: 	at sun.nio.ch.DatagramChannelImpl.send(DatagramChannelImpl.java:514)
11-26 11:18:19.620  7161  7195 W System.err: 	at symlab.CloudAR.network.TransmissionTask.run(TransmissionTask.java:133)
11-26 11:18:19.620  7161  7195 W System.err: 	at android.os.Handler.handleCallback(Handler.java:907)
11-26 11:18:19.620  7161  7195 W System.err: 	at android.os.Handler.dispatchMessage(Handler.java:105)
11-26 11:18:19.620  7161  7195 W System.err: 	at android.os.Looper.loop(Looper.java:216)
11-26 11:18:19.620  7161  7195 W System.err: 	at android.os.HandlerThread.run(HandlerThread.java:65)
11-26 11:18:19.646  7161  7195 W System.err: java.net.SocketException: Message too long
11-26 11:18:19.646  7161  7195 W System.err: 	at sun.nio.ch.DatagramChannelImpl.send0(Native Method)
11-26 11:18:19.646  7161  7195 W System.err: 	at sun.nio.ch.DatagramChannelImpl.sendFromNativeBuffer(DatagramChannelImpl.java:573)
11-26 11:18:19.646  7161  7195 W System.err: 	at sun.nio.ch.DatagramChannelImpl.send(DatagramChannelImpl.java:550)
11-26 11:18:19.646  7161  7195 W System.err: 	at sun.nio.ch.DatagramChannelImpl.send(DatagramChannelImpl.java:514)
11-26 11:18:19.647  7161  7195 W System.err: 	at symlab.CloudAR.network.TransmissionTask.run(TransmissionTask.java:133)
11-26 11:18:19.647  7161  7195 W System.err: 	at android.os.Handler.handleCallback(Handler.java:907)
11-26 11:18:19.647  7161  7195 W System.err: 	at android.os.Handler.dispatchMessage(Handler.java:105)
11-26 11:18:19.647  7161  7195 W System.err: 	at android.os.Looper.loop(Looper.java:216)
11-26 11:18:19.647  7161  7195 W System.err: 	at android.os.HandlerThread.run(HandlerThread.java:65)
11-26 11:18:19.760  7161  7195 W System.err: java.net.SocketException: Message too long
11-26 11:18:19.760  7161  7195 W System.err: 	at sun.nio.ch.DatagramChannelImpl.send0(Native Method)
11-26 11:18:19.760  7161  7195 W System.err: 	at sun.nio.ch.DatagramChannelImpl.sendFromNativeBuffer(DatagramChannelImpl.java:573)
11-26 11:18:19.760  7161  7195 W System.err: 	at sun.nio.ch.DatagramChannelImpl.send(DatagramChannelImpl.java:550)
11-26 11:18:19.760  7161  7195 W System.err: 	at sun.nio.ch.DatagramChannelImpl.send(DatagramChannelImpl.java:514)
11-26 11:18:19.760  7161  7195 W System.err: 	at symlab.CloudAR.network.TransmissionTask.run(TransmissionTask.java:133)
11-26 11:18:19.761  7161  7195 W System.err: 	at android.os.Handler.handleCallback(Handler.java:907)
11-26 11:18:19.761  7161  7195 W System.err: 	at android.os.Handler.dispatchMessage(Handler.java:105)
11-26 11:18:19.761  7161  7195 W System.err: 	at android.os.Looper.loop(Looper.java:216)
11-26 11:18:19.761  7161  7195 W System.err: 	at android.os.HandlerThread.run(HandlerThread.java:65)
11-26 11:18:19.784  7161  7195 W System.err: java.net.SocketException: Message too long
11-26 11:18:19.784  7161  7195 W System.err: 	at sun.nio.ch.DatagramChannelImpl.send0(Native Method)
11-26 11:18:19.784  7161  7195 W System.err: 	at sun.nio.ch.DatagramChannelImpl.sendFromNativeBuffer(DatagramChannelImpl.java:573)
11-26 11:18:19.784  7161  7195 W System.err: 	at sun.nio.ch.DatagramChannelImpl.send(DatagramChannelImpl.java:550)
11-26 11:18:19.784  7161  7195 W System.err: 	at sun.nio.ch.DatagramChannelImpl.send(DatagramChannelImpl.java:514)
11-26 11:18:19.784  7161  7195 W System.err: 	at symlab.CloudAR.network.TransmissionTask.run(TransmissionTask.java:133)
11-26 11:18:19.784  7161  7195 W System.err: 	at android.os.Handler.handleCallback(Handler.java:907)
11-26 11:18:19.784  7161  7195 W System.err: 	at android.os.Handler.dispatchMessage(Handler.java:105)
11-26 11:18:19.784  7161  7195 W System.err: 	at android.os.Looper.loop(Looper.java:216)
11-26 11:18:19.784  7161  7195 W System.err: 	at android.os.HandlerThread.run(HandlerThread.java:65)
11-26 11:18:19.806  7161  7195 W System.err: java.net.SocketException: Message too long
11-26 11:18:19.806  7161  7195 W System.err: 	at sun.nio.ch.DatagramChannelImpl.send0(Native Method)
11-26 11:18:19.806  7161  7195 W System.err: 	at sun.nio.ch.DatagramChannelImpl.sendFromNativeBuffer(DatagramChannelImpl.java:573)
11-26 11:18:19.806  7161  7195 W System.err: 	at sun.nio.ch.DatagramChannelImpl.send(DatagramChannelImpl.java:550)
11-26 11:18:19.806  7161  7195 W System.err: 	at sun.nio.ch.DatagramChannelImpl.send(DatagramChannelImpl.java:514)
11-26 11:18:19.806  7161  7195 W System.err: 	at symlab.CloudAR.network.TransmissionTask.run(TransmissionTask.java:133)
11-26 11:18:19.806  7161  7195 W System.err: 	at android.os.Handler.handleCallback(Handler.java:907)
11-26 11:18:19.806  7161  7195 W System.err: 	at android.os.Handler.dispatchMessage(Handler.java:105)
11-26 11:18:19.806  7161  7195 W System.err: 	at android.os.Looper.loop(Looper.java:216)
11-26 11:18:19.806  7161  7195 W System.err: 	at android.os.HandlerThread.run(HandlerThread.java:65)
11-26 11:18:19.841  7161  7195 W System.err: java.net.SocketException: Message too long
11-26 11:18:19.841  7161  7195 W System.err: 	at sun.nio.ch.DatagramChannelImpl.send0(Native Method)
11-26 11:18:19.842  7161  7195 W System.err: 	at sun.nio.ch.DatagramChannelImpl.sendFromNativeBuffer(DatagramChannelImpl.java:573)
11-26 11:18:19.842  7161  7195 W System.err: 	at sun.nio.ch.DatagramChannelImpl.send(DatagramChannelImpl.java:550)
11-26 11:18:19.842  7161  7195 W System.err: 	at sun.nio.ch.DatagramChannelImpl.send(DatagramChannelImpl.java:514)
11-26 11:18:19.842  7161  7195 W System.err: 	at symlab.CloudAR.network.TransmissionTask.run(TransmissionTask.java:133)
11-26 11:18:19.842  7161  7195 W System.err: 	at android.os.Handler.handleCallback(Handler.java:907)
11-26 11:18:19.842  7161  7195 W System.err: 	at android.os.Handler.dispatchMessage(Handler.java:105)
11-26 11:18:19.842  7161  7195 W System.err: 	at android.os.Looper.loop(Looper.java:216)
11-26 11:18:19.842  7161  7195 W System.err: 	at android.os.HandlerThread.run(HandlerThread.java:65)
11-26 11:18:19.886  7161  7195 W System.err: java.net.SocketException: Message too long
11-26 11:18:19.886  7161  7195 W System.err: 	at sun.nio.ch.DatagramChannelImpl.send0(Native Method)
11-26 11:18:19.886  7161  7195 W System.err: 	at sun.nio.ch.DatagramChannelImpl.sendFromNativeBuffer(DatagramChannelImpl.java:573)
11-26 11:18:19.886  7161  7195 W System.err: 	at sun.nio.ch.DatagramChannelImpl.send(DatagramChannelImpl.java:550)
11-26 11:18:19.886  7161  7195 W System.err: 	at sun.nio.ch.DatagramChannelImpl.send(DatagramChannelImpl.java:514)
11-26 11:18:19.886  7161  7195 W System.err: 	at symlab.CloudAR.network.TransmissionTask.run(TransmissionTask.java:133)
11-26 11:18:19.886  7161  7195 W System.err: 	at android.os.Handler.handleCallback(Handler.java:907)
11-26 11:18:19.886  7161  7195 W System.err: 	at android.os.Handler.dispatchMessage(Handler.java:105)
11-26 11:18:19.886  7161  7195 W System.err: 	at android.os.Looper.loop(Looper.java:216)
11-26 11:18:19.886  7161  7195 W System.err: 	at android.os.HandlerThread.run(HandlerThread.java:65)
11-26 11:18:20.161  7161  7195 W System.err: java.net.SocketException: Message too long
11-26 11:18:20.161  7161  7195 W System.err: 	at sun.nio.ch.DatagramChannelImpl.send0(Native Method)
11-26 11:18:20.161  7161  7195 W System.err: 	at sun.nio.ch.DatagramChannelImpl.sendFromNativeBuffer(DatagramChannelImpl.java:573)
11-26 11:18:20.161  7161  7195 W System.err: 	at sun.nio.ch.DatagramChannelImpl.send(DatagramChannelImpl.java:550)
11-26 11:18:20.161  7161  7195 W System.err: 	at sun.nio.ch.DatagramChannelImpl.send(DatagramChannelImpl.java:514)
11-26 11:18:20.161  7161  7195 W System.err: 	at symlab.CloudAR.network.TransmissionTask.run(TransmissionTask.java:133)
11-26 11:18:20.161  7161  7195 W System.err: 	at android.os.Handler.handleCallback(Handler.java:907)
11-26 11:18:20.161  7161  7195 W System.err: 	at android.os.Handler.dispatchMessage(Handler.java:105)
11-26 11:18:20.161  7161  7195 W System.err: 	at android.os.Looper.loop(Looper.java:216)
11-26 11:18:20.161  7161  7195 W System.err: 	at android.os.HandlerThread.run(HandlerThread.java:65)
11-26 11:18:20.187  7161  7172 E         : [ZeroHung]zrhung_get_config: Get config failed for wp[0x0008]
11-26 11:18:20.187  7161  7195 W System.err: java.net.SocketException: Message too long
11-26 11:18:20.187  7161  7195 W System.err: 	at sun.nio.ch.DatagramChannelImpl.send0(Native Method)
11-26 11:18:20.187  7161  7195 W System.err: 	at sun.nio.ch.DatagramChannelImpl.sendFromNativeBuffer(DatagramChannelImpl.java:573)
11-26 11:18:20.187  7161  7195 W System.err: 	at sun.nio.ch.DatagramChannelImpl.send(DatagramChannelImpl.java:550)
11-26 11:18:20.187  7161  7195 W System.err: 	at sun.nio.ch.DatagramChannelImpl.send(DatagramChannelImpl.java:514)
11-26 11:18:20.187  7161  7195 W System.err: 	at symlab.CloudAR.network.TransmissionTask.run(TransmissionTask.java:133)
11-26 11:18:20.187  7161  7195 W System.err: 	at android.os.Handler.handleCallback(Handler.java:907)
11-26 11:18:20.187  7161  7195 W System.err: 	at android.os.Handler.dispatchMessage(Handler.java:105)
11-26 11:18:20.187  7161  7195 W System.err: 	at android.os.Looper.loop(Looper.java:216)
11-26 11:18:20.187  7161  7195 W System.err: 	at android.os.HandlerThread.run(HandlerThread.java:65)
11-26 11:18:20.213  7161  7161 D Poster  : At 1574759900213 location is 65.05821800505558 (latitude), and 25.468302559772518 (longitude)
11-26 11:18:20.215  7161  7161 D Poster  : Connected to mobile network 20
11-26 11:18:20.216  7161  7170 W System  : A resource failed to call close. 
11-26 11:18:20.216  7161  7170 W System  : A resource failed to call close. 
11-26 11:18:20.216  7161  7170 W System  : A resource failed to call close. 
11-26 11:18:20.216  7161  7170 W System  : A resource failed to call close. 
11-26 11:18:20.216  7161  7170 W System  : A resource failed to call close. 
11-26 11:18:20.217  7161  7170 I chatty  : uid=10147(symlab.cloudridar.arhud) FinalizerDaemon identical 1 line
11-26 11:18:20.217  7161  7170 W System  : A resource failed to call close. 
11-26 11:18:20.217  7161  7170 W System  : A resource failed to call close. 
11-26 11:18:20.217  7161  7170 I chatty  : uid=10147(symlab.cloudridar.arhud) FinalizerDaemon identical 4 lines
11-26 11:18:20.217  7161  7170 W System  : A resource failed to call close. 
11-26 11:18:20.220  7161  7195 W System.err: java.net.SocketException: Message too long
11-26 11:18:20.220  7161  7195 W System.err: 	at sun.nio.ch.DatagramChannelImpl.send0(Native Method)
11-26 11:18:20.220  7161  7195 W System.err: 	at sun.nio.ch.DatagramChannelImpl.sendFromNativeBuffer(DatagramChannelImpl.java:573)
11-26 11:18:20.220  7161  7195 W System.err: 	at sun.nio.ch.DatagramChannelImpl.send(DatagramChannelImpl.java:550)
11-26 11:18:20.220  7161  7195 W System.err: 	at sun.nio.ch.DatagramChannelImpl.send(DatagramChannelImpl.java:514)
11-26 11:18:20.220  7161  7195 W System.err: 	at symlab.CloudAR.network.TransmissionTask.run(TransmissionTask.java:133)
11-26 11:18:20.220  7161  7195 W System.err: 	at android.os.Handler.handleCallback(Handler.java:907)
11-26 11:18:20.220  7161  7195 W System.err: 	at android.os.Handler.dispatchMessage(Handler.java:105)
11-26 11:18:20.220  7161  7195 W System.err: 	at android.os.Looper.loop(Looper.java:216)
11-26 11:18:20.220  7161  7195 W System.err: 	at android.os.HandlerThread.run(HandlerThread.java:65)
11-26 11:18:20.252  7161  7195 W System.err: java.net.SocketException: Message too long
11-26 11:18:20.252  7161  7195 W System.err: 	at sun.nio.ch.DatagramChannelImpl.send0(Native Method)
11-26 11:18:20.252  7161  7195 W System.err: 	at sun.nio.ch.DatagramChannelImpl.sendFromNativeBuffer(DatagramChannelImpl.java:573)
11-26 11:18:20.252  7161  7195 W System.err: 	at sun.nio.ch.DatagramChannelImpl.send(DatagramChannelImpl.java:550)
11-26 11:18:20.252  7161  7195 W System.err: 	at sun.nio.ch.DatagramChannelImpl.send(DatagramChannelImpl.java:514)
11-26 11:18:20.252  7161  7195 W System.err: 	at symlab.CloudAR.network.TransmissionTask.run(TransmissionTask.java:133)
11-26 11:18:20.252  7161  7195 W System.err: 	at android.os.Handler.handleCallback(Handler.java:907)
11-26 11:18:20.252  7161  7195 W System.err: 	at android.os.Handler.dispatchMessage(Handler.java:105)
11-26 11:18:20.252  7161  7195 W System.err: 	at android.os.Looper.loop(Looper.java:216)
11-26 11:18:20.252  7161  7195 W System.err: 	at android.os.HandlerThread.run(HandlerThread.java:65)
11-26 11:18:20.275  7161  7195 W System.err: java.net.SocketException: Message too long
11-26 11:18:20.276  7161  7195 W System.err: 	at sun.nio.ch.DatagramChannelImpl.send0(Native Method)
11-26 11:18:20.276  7161  7195 W System.err: 	at sun.nio.ch.DatagramChannelImpl.sendFromNativeBuffer(DatagramChannelImpl.java:573)
11-26 11:18:20.276  7161  7195 W System.err: 	at sun.nio.ch.DatagramChannelImpl.send(DatagramChannelImpl.java:550)
11-26 11:18:20.276  7161  7195 W System.err: 	at sun.nio.ch.DatagramChannelImpl.send(DatagramChannelImpl.java:514)
11-26 11:18:20.276  7161  7195 W System.err: 	at symlab.CloudAR.network.TransmissionTask.run(TransmissionTask.java:133)
11-26 11:18:20.276  7161  7195 W System.err: 	at android.os.Handler.handleCallback(Handler.java:907)
11-26 11:18:20.276  7161  7195 W System.err: 	at android.os.Handler.dispatchMessage(Handler.java:105)
11-26 11:18:20.276  7161  7195 W System.err: 	at android.os.Looper.loop(Looper.java:216)
11-26 11:18:20.276  7161  7195 W System.err: 	at android.os.HandlerThread.run(HandlerThread.java:65)
11-26 11:18:20.334  7161  7195 W System.err: java.net.SocketException: Message too long
11-26 11:18:20.334  7161  7195 W System.err: 	at sun.nio.ch.DatagramChannelImpl.send0(Native Method)
11-26 11:18:20.334  7161  7195 W System.err: 	at sun.nio.ch.DatagramChannelImpl.sendFromNativeBuffer(DatagramChannelImpl.java:573)
11-26 11:18:20.334  7161  7195 W System.err: 	at sun.nio.ch.DatagramChannelImpl.send(DatagramChannelImpl.java:550)
11-26 11:18:20.334  7161  7195 W System.err: 	at sun.nio.ch.DatagramChannelImpl.send(DatagramChannelImpl.java:514)
11-26 11:18:20.334  7161  7195 W System.err: 	at symlab.CloudAR.network.TransmissionTask.run(TransmissionTask.java:133)
11-26 11:18:20.334  7161  7195 W System.err: 	at android.os.Handler.handleCallback(Handler.java:907)
11-26 11:18:20.334  7161  7195 W System.err: 	at android.os.Handler.dispatchMessage(Handler.java:105)
11-26 11:18:20.334  7161  7195 W System.err: 	at android.os.Looper.loop(Looper.java:216)
11-26 11:18:20.334  7161  7195 W System.err: 	at android.os.HandlerThread.run(HandlerThread.java:65)
11-26 11:18:20.359  7161  7195 W System.err: java.net.SocketException: Message too long
11-26 11:18:20.359  7161  7195 W System.err: 	at sun.nio.ch.DatagramChannelImpl.send0(Native Method)
11-26 11:18:20.359  7161  7195 W System.err: 	at sun.nio.ch.DatagramChannelImpl.sendFromNativeBuffer(DatagramChannelImpl.java:573)
11-26 11:18:20.359  7161  7195 W System.err: 	at sun.nio.ch.DatagramChannelImpl.send(DatagramChannelImpl.java:550)
11-26 11:18:20.360  7161  7195 W System.err: 	at sun.nio.ch.DatagramChannelImpl.send(DatagramChannelImpl.java:514)
11-26 11:18:20.360  7161  7195 W System.err: 	at symlab.CloudAR.network.TransmissionTask.run(TransmissionTask.java:133)
11-26 11:18:20.360  7161  7195 W System.err: 	at android.os.Handler.handleCallback(Handler.java:907)
11-26 11:18:20.360  7161  7195 W System.err: 	at android.os.Handler.dispatchMessage(Handler.java:105)
11-26 11:18:20.360  7161  7195 W System.err: 	at android.os.Looper.loop(Looper.java:216)
11-26 11:18:20.360  7161  7195 W System.err: 	at android.os.HandlerThread.run(HandlerThread.java:65)
11-26 11:18:20.384  7161  7195 W System.err: java.net.SocketException: Message too long
11-26 11:18:20.384  7161  7195 W System.err: 	at sun.nio.ch.DatagramChannelImpl.send0(Native Method)
11-26 11:18:20.384  7161  7195 W System.err: 	at sun.nio.ch.DatagramChannelImpl.sendFromNativeBuffer(DatagramChannelImpl.java:573)
11-26 11:18:20.384  7161  7195 W System.err: 	at sun.nio.ch.DatagramChannelImpl.send(DatagramChannelImpl.java:550)
11-26 11:18:20.384  7161  7195 W System.err: 	at sun.nio.ch.DatagramChannelImpl.send(DatagramChannelImpl.java:514)
11-26 11:18:20.384  7161  7195 W System.err: 	at symlab.CloudAR.network.TransmissionTask.run(TransmissionTask.java:133)
11-26 11:18:20.384  7161  7195 W System.err: 	at android.os.Handler.handleCallback(Handler.java:907)
11-26 11:18:20.384  7161  7195 W System.err: 	at android.os.Handler.dispatchMessage(Handler.java:105)
11-26 11:18:20.384  7161  7195 W System.err: 	at android.os.Looper.loop(Looper.java:216)
11-26 11:18:20.384  7161  7195 W System.err: 	at android.os.HandlerThread.run(HandlerThread.java:65)
11-26 11:18:20.396  7161  7161 W HiTouch_PressGestureDetector: Touch pointer move a lot. The moving distance of X is:46.81958, limit is:60The moving distance of Y is:94.89583, limit is:60
11-26 11:18:20.414  7161  7195 W System.err: java.net.SocketException: Message too long
11-26 11:18:20.414  7161  7195 W System.err: 	at sun.nio.ch.DatagramChannelImpl.send0(Native Method)
11-26 11:18:20.415  7161  7195 W System.err: 	at sun.nio.ch.DatagramChannelImpl.sendFromNativeBuffer(DatagramChannelImpl.java:573)
11-26 11:18:20.415  7161  7195 W System.err: 	at sun.nio.ch.DatagramChannelImpl.send(DatagramChannelImpl.java:550)
11-26 11:18:20.415  7161  7195 W System.err: 	at sun.nio.ch.DatagramChannelImpl.send(DatagramChannelImpl.java:514)
11-26 11:18:20.415  7161  7195 W System.err: 	at symlab.CloudAR.network.TransmissionTask.run(TransmissionTask.java:133)
11-26 11:18:20.415  7161  7195 W System.err: 	at android.os.Handler.handleCallback(Handler.java:907)
11-26 11:18:20.415  7161  7195 W System.err: 	at android.os.Handler.dispatchMessage(Handler.java:105)
11-26 11:18:20.415  7161  7195 W System.err: 	at android.os.Looper.loop(Looper.java:216)
11-26 11:18:20.415  7161  7195 W System.err: 	at android.os.HandlerThread.run(HandlerThread.java:65)
11-26 11:18:20.453  7161  7195 W System.err: java.net.SocketException: Message too long
11-26 11:18:20.453  7161  7195 W System.err: 	at sun.nio.ch.DatagramChannelImpl.send0(Native Method)
11-26 11:18:20.453  7161  7195 W System.err: 	at sun.nio.ch.DatagramChannelImpl.sendFromNativeBuffer(DatagramChannelImpl.java:573)
11-26 11:18:20.453  7161  7195 W System.err: 	at sun.nio.ch.DatagramChannelImpl.send(DatagramChannelImpl.java:550)
11-26 11:18:20.453  7161  7195 W System.err: 	at sun.nio.ch.DatagramChannelImpl.send(DatagramChannelImpl.java:514)
11-26 11:18:20.453  7161  7195 W System.err: 	at symlab.CloudAR.network.TransmissionTask.run(TransmissionTask.java:133)
11-26 11:18:20.453  7161  7195 W System.err: 	at android.os.Handler.handleCallback(Handler.java:907)
11-26 11:18:20.453  7161  7195 W System.err: 	at android.os.Handler.dispatchMessage(Handler.java:105)
11-26 11:18:20.453  7161  7195 W System.err: 	at android.os.Looper.loop(Looper.java:216)
11-26 11:18:20.453  7161  7195 W System.err: 	at android.os.HandlerThread.run(HandlerThread.java:65)
11-26 11:18:20.489  7161  7195 W System.err: java.net.SocketException: Message too long
11-26 11:18:20.489  7161  7195 W System.err: 	at sun.nio.ch.DatagramChannelImpl.send0(Native Method)
11-26 11:18:20.489  7161  7195 W System.err: 	at sun.nio.ch.DatagramChannelImpl.sendFromNativeBuffer(DatagramChannelImpl.java:573)
11-26 11:18:20.489  7161  7195 W System.err: 	at sun.nio.ch.DatagramChannelImpl.send(DatagramChannelImpl.java:550)
11-26 11:18:20.489  7161  7195 W System.err: 	at sun.nio.ch.DatagramChannelImpl.send(DatagramChannelImpl.java:514)
11-26 11:18:20.489  7161  7195 W System.err: 	at symlab.CloudAR.network.TransmissionTask.run(TransmissionTask.java:133)
11-26 11:18:20.489  7161  7195 W System.err: 	at android.os.Handler.handleCallback(Handler.java:907)
11-26 11:18:20.489  7161  7195 W System.err: 	at android.os.Handler.dispatchMessage(Handler.java:105)
11-26 11:18:20.489  7161  7195 W System.err: 	at android.os.Looper.loop(Looper.java:216)
11-26 11:18:20.489  7161  7195 W System.err: 	at android.os.HandlerThread.run(HandlerThread.java:65)
11-26 11:18:20.515  7161  7195 W System.err: java.net.SocketException: Message too long
11-26 11:18:20.515  7161  7195 W System.err: 	at sun.nio.ch.DatagramChannelImpl.send0(Native Method)
11-26 11:18:20.516  7161  7195 W System.err: 	at sun.nio.ch.DatagramChannelImpl.sendFromNativeBuffer(DatagramChannelImpl.java:573)
11-26 11:18:20.516  7161  7195 W System.err: 	at sun.nio.ch.DatagramChannelImpl.send(DatagramChannelImpl.java:550)
11-26 11:18:20.516  7161  7195 W System.err: 	at sun.nio.ch.DatagramChannelImpl.send(DatagramChannelImpl.java:514)
11-26 11:18:20.516  7161  7195 W System.err: 	at symlab.CloudAR.network.TransmissionTask.run(TransmissionTask.java:133)
11-26 11:18:20.516  7161  7195 W System.err: 	at android.os.Handler.handleCallback(Handler.java:907)
11-26 11:18:20.516  7161  7195 W System.err: 	at android.os.Handler.dispatchMessage(Handler.java:105)
11-26 11:18:20.516  7161  7195 W System.err: 	at android.os.Looper.loop(Looper.java:216)
11-26 11:18:20.516  7161  7195 W System.err: 	at android.os.HandlerThread.run(HandlerThread.java:65)
11-26 11:18:20.544  7161  7195 W System.err: java.net.SocketException: Message too long
11-26 11:18:20.544  7161  7195 W System.err: 	at sun.nio.ch.DatagramChannelImpl.send0(Native Method)
11-26 11:18:20.544  7161  7195 W System.err: 	at sun.nio.ch.DatagramChannelImpl.sendFromNativeBuffer(DatagramChannelImpl.java:573)
11-26 11:18:20.544  7161  7195 W System.err: 	at sun.nio.ch.DatagramChannelImpl.send(DatagramChannelImpl.java:550)
11-26 11:18:20.544  7161  7195 W System.err: 	at sun.nio.ch.DatagramChannelImpl.send(DatagramChannelImpl.java:514)
11-26 11:18:20.544  7161  7195 W System.err: 	at symlab.CloudAR.network.TransmissionTask.run(TransmissionTask.java:133)
11-26 11:18:20.544  7161  7195 W System.err: 	at android.os.Handler.handleCallback(Handler.java:907)
11-26 11:18:20.544  7161  7195 W System.err: 	at android.os.Handler.dispatchMessage(Handler.java:105)
11-26 11:18:20.544  7161  7195 W System.err: 	at android.os.Looper.loop(Looper.java:216)
11-26 11:18:20.544  7161  7195 W System.err: 	at android.os.HandlerThread.run(HandlerThread.java:65)
11-26 11:18:20.570  7161  7195 W System.err: java.net.SocketException: Message too long
11-26 11:18:20.570  7161  7195 W System.err: 	at sun.nio.ch.DatagramChannelImpl.send0(Native Method)
11-26 11:18:20.570  7161  7195 W System.err: 	at sun.nio.ch.DatagramChannelImpl.sendFromNativeBuffer(DatagramChannelImpl.java:573)
11-26 11:18:20.570  7161  7195 W System.err: 	at sun.nio.ch.DatagramChannelImpl.send(DatagramChannelImpl.java:550)
11-26 11:18:20.570  7161  7195 W System.err: 	at sun.nio.ch.DatagramChannelImpl.send(DatagramChannelImpl.java:514)
11-26 11:18:20.570  7161  7195 W System.err: 	at symlab.CloudAR.network.TransmissionTask.run(TransmissionTask.java:133)
11-26 11:18:20.570  7161  7195 W System.err: 	at android.os.Handler.handleCallback(Handler.java:907)
11-26 11:18:20.570  7161  7195 W System.err: 	at android.os.Handler.dispatchMessage(Handler.java:105)
11-26 11:18:20.570  7161  7195 W System.err: 	at android.os.Looper.loop(Looper.java:216)
11-26 11:18:20.570  7161  7195 W System.err: 	at android.os.HandlerThread.run(HandlerThread.java:65)
11-26 11:18:20.613  7161  7195 W System.err: java.net.SocketException: Message too long
11-26 11:18:20.613  7161  7195 W System.err: 	at sun.nio.ch.DatagramChannelImpl.send0(Native Method)
11-26 11:18:20.613  7161  7195 W System.err: 	at sun.nio.ch.DatagramChannelImpl.sendFromNativeBuffer(DatagramChannelImpl.java:573)
11-26 11:18:20.613  7161  7195 W System.err: 	at sun.nio.ch.DatagramChannelImpl.send(DatagramChannelImpl.java:550)
11-26 11:18:20.613  7161  7195 W System.err: 	at sun.nio.ch.DatagramChannelImpl.send(DatagramChannelImpl.java:514)
11-26 11:18:20.613  7161  7195 W System.err: 	at symlab.CloudAR.network.TransmissionTask.run(TransmissionTask.java:133)
11-26 11:18:20.613  7161  7195 W System.err: 	at android.os.Handler.handleCallback(Handler.java:907)
11-26 11:18:20.613  7161  7195 W System.err: 	at android.os.Handler.dispatchMessage(Handler.java:105)
11-26 11:18:20.613  7161  7195 W System.err: 	at android.os.Looper.loop(Looper.java:216)
11-26 11:18:20.613  7161  7195 W System.err: 	at android.os.HandlerThread.run(HandlerThread.java:65)
11-26 11:18:20.644  7161  7195 W System.err: java.net.SocketException: Message too long
11-26 11:18:20.644  7161  7195 W System.err: 	at sun.nio.ch.DatagramChannelImpl.send0(Native Method)
11-26 11:18:20.644  7161  7195 W System.err: 	at sun.nio.ch.DatagramChannelImpl.sendFromNativeBuffer(DatagramChannelImpl.java:573)
11-26 11:18:20.644  7161  7195 W System.err: 	at sun.nio.ch.DatagramChannelImpl.send(DatagramChannelImpl.java:550)
11-26 11:18:20.644  7161  7195 W System.err: 	at sun.nio.ch.DatagramChannelImpl.send(DatagramChannelImpl.java:514)
11-26 11:18:20.644  7161  7195 W System.err: 	at symlab.CloudAR.network.TransmissionTask.run(TransmissionTask.java:133)
11-26 11:18:20.644  7161  7195 W System.err: 	at android.os.Handler.handleCallback(Handler.java:907)
11-26 11:18:20.645  7161  7195 W System.err: 	at android.os.Handler.dispatchMessage(Handler.java:105)
11-26 11:18:20.645  7161  7195 W System.err: 	at android.os.Looper.loop(Looper.java:216)
11-26 11:18:20.645  7161  7195 W System.err: 	at android.os.HandlerThread.run(HandlerThread.java:65)
11-26 11:18:20.682  7161  7195 W System.err: java.net.SocketException: Message too long
11-26 11:18:20.682  7161  7195 W System.err: 	at sun.nio.ch.DatagramChannelImpl.send0(Native Method)
11-26 11:18:20.682  7161  7195 W System.err: 	at sun.nio.ch.DatagramChannelImpl.sendFromNativeBuffer(DatagramChannelImpl.java:573)
11-26 11:18:20.682  7161  7195 W System.err: 	at sun.nio.ch.DatagramChannelImpl.send(DatagramChannelImpl.java:550)
11-26 11:18:20.682  7161  7195 W System.err: 	at sun.nio.ch.DatagramChannelImpl.send(DatagramChannelImpl.java:514)
11-26 11:18:20.682  7161  7195 W System.err: 	at symlab.CloudAR.network.TransmissionTask.run(TransmissionTask.java:133)
11-26 11:18:20.682  7161  7195 W System.err: 	at android.os.Handler.handleCallback(Handler.java:907)
11-26 11:18:20.682  7161  7195 W System.err: 	at android.os.Handler.dispatchMessage(Handler.java:105)
11-26 11:18:20.682  7161  7195 W System.err: 	at android.os.Looper.loop(Looper.java:216)
11-26 11:18:20.682  7161  7195 W System.err: 	at android.os.HandlerThread.run(HandlerThread.java:65)
11-26 11:18:20.709  7161  7195 W System.err: java.net.SocketException: Message too long
11-26 11:18:20.709  7161  7195 W System.err: 	at sun.nio.ch.DatagramChannelImpl.send0(Native Method)
11-26 11:18:20.709  7161  7195 W System.err: 	at sun.nio.ch.DatagramChannelImpl.sendFromNativeBuffer(DatagramChannelImpl.java:573)
11-26 11:18:20.709  7161  7195 W System.err: 	at sun.nio.ch.DatagramChannelImpl.send(DatagramChannelImpl.java:550)
11-26 11:18:20.709  7161  7195 W System.err: 	at sun.nio.ch.DatagramChannelImpl.send(DatagramChannelImpl.java:514)
11-26 11:18:20.709  7161  7195 W System.err: 	at symlab.CloudAR.network.TransmissionTask.run(TransmissionTask.java:133)
11-26 11:18:20.709  7161  7195 W System.err: 	at android.os.Handler.handleCallback(Handler.java:907)
11-26 11:18:20.709  7161  7195 W System.err: 	at android.os.Handler.dispatchMessage(Handler.java:105)
11-26 11:18:20.709  7161  7195 W System.err: 	at android.os.Looper.loop(Looper.java:216)
11-26 11:18:20.709  7161  7195 W System.err: 	at android.os.HandlerThread.run(HandlerThread.java:65)
11-26 11:18:20.742  7161  7195 W System.err: java.net.SocketException: Message too long
11-26 11:18:20.743  7161  7195 W System.err: 	at sun.nio.ch.DatagramChannelImpl.send0(Native Method)
11-26 11:18:20.743  7161  7195 W System.err: 	at sun.nio.ch.DatagramChannelImpl.sendFromNativeBuffer(DatagramChannelImpl.java:573)
11-26 11:18:20.743  7161  7195 W System.err: 	at sun.nio.ch.DatagramChannelImpl.send(DatagramChannelImpl.java:550)
11-26 11:18:20.743  7161  7195 W System.err: 	at sun.nio.ch.DatagramChannelImpl.send(DatagramChannelImpl.java:514)
11-26 11:18:20.743  7161  7195 W System.err: 	at symlab.CloudAR.network.TransmissionTask.run(TransmissionTask.java:133)
11-26 11:18:20.743  7161  7195 W System.err: 	at android.os.Handler.handleCallback(Handler.java:907)
11-26 11:18:20.743  7161  7195 W System.err: 	at android.os.Handler.dispatchMessage(Handler.java:105)
11-26 11:18:20.743  7161  7195 W System.err: 	at android.os.Looper.loop(Looper.java:216)
11-26 11:18:20.743  7161  7195 W System.err: 	at android.os.HandlerThread.run(HandlerThread.java:65)
11-26 11:18:20.781  7161  7195 W System.err: java.net.SocketException: Message too long
11-26 11:18:20.781  7161  7195 W System.err: 	at sun.nio.ch.DatagramChannelImpl.send0(Native Method)
11-26 11:18:20.781  7161  7195 W System.err: 	at sun.nio.ch.DatagramChannelImpl.sendFromNativeBuffer(DatagramChannelImpl.java:573)
11-26 11:18:20.781  7161  7195 W System.err: 	at sun.nio.ch.DatagramChannelImpl.send(DatagramChannelImpl.java:550)
11-26 11:18:20.781  7161  7195 W System.err: 	at sun.nio.ch.DatagramChannelImpl.send(DatagramChannelImpl.java:514)
11-26 11:18:20.781  7161  7195 W System.err: 	at symlab.CloudAR.network.TransmissionTask.run(TransmissionTask.java:133)
11-26 11:18:20.781  7161  7195 W System.err: 	at android.os.Handler.handleCallback(Handler.java:907)
11-26 11:18:20.781  7161  7195 W System.err: 	at android.os.Handler.dispatchMessage(Handler.java:105)
11-26 11:18:20.781  7161  7195 W System.err: 	at android.os.Looper.loop(Looper.java:216)
11-26 11:18:20.781  7161  7195 W System.err: 	at android.os.HandlerThread.run(HandlerThread.java:65)
11-26 11:18:20.811  7161  7195 W System.err: java.net.SocketException: Message too long
11-26 11:18:20.811  7161  7195 W System.err: 	at sun.nio.ch.DatagramChannelImpl.send0(Native Method)
11-26 11:18:20.811  7161  7195 W System.err: 	at sun.nio.ch.DatagramChannelImpl.sendFromNativeBuffer(DatagramChannelImpl.java:573)
11-26 11:18:20.811  7161  7195 W System.err: 	at sun.nio.ch.DatagramChannelImpl.send(DatagramChannelImpl.java:550)
11-26 11:18:20.811  7161  7195 W System.err: 	at sun.nio.ch.DatagramChannelImpl.send(DatagramChannelImpl.java:514)
11-26 11:18:20.811  7161  7195 W System.err: 	at symlab.CloudAR.network.TransmissionTask.run(TransmissionTask.java:133)
11-26 11:18:20.811  7161  7195 W System.err: 	at android.os.Handler.handleCallback(Handler.java:907)
11-26 11:18:20.811  7161  7195 W System.err: 	at android.os.Handler.dispatchMessage(Handler.java:105)
11-26 11:18:20.811  7161  7195 W System.err: 	at android.os.Looper.loop(Looper.java:216)
11-26 11:18:20.811  7161  7195 W System.err: 	at android.os.HandlerThread.run(HandlerThread.java:65)
11-26 11:18:20.842  7161  7195 W System.err: java.net.SocketException: Message too long
11-26 11:18:20.842  7161  7195 W System.err: 	at sun.nio.ch.DatagramChannelImpl.send0(Native Method)
11-26 11:18:20.842  7161  7195 W System.err: 	at sun.nio.ch.DatagramChannelImpl.sendFromNativeBuffer(DatagramChannelImpl.java:573)
11-26 11:18:20.842  7161  7195 W System.err: 	at sun.nio.ch.DatagramChannelImpl.send(DatagramChannelImpl.java:550)
11-26 11:18:20.842  7161  7195 W System.err: 	at sun.nio.ch.DatagramChannelImpl.send(DatagramChannelImpl.java:514)
11-26 11:18:20.842  7161  7195 W System.err: 	at symlab.CloudAR.network.TransmissionTask.run(TransmissionTask.java:133)
11-26 11:18:20.842  7161  7195 W System.err: 	at android.os.Handler.handleCallback(Handler.java:907)
11-26 11:18:20.842  7161  7195 W System.err: 	at android.os.Handler.dispatchMessage(Handler.java:105)
11-26 11:18:20.842  7161  7195 W System.err: 	at android.os.Looper.loop(Looper.java:216)
11-26 11:18:20.842  7161  7195 W System.err: 	at android.os.HandlerThread.run(HandlerThread.java:65)
11-26 11:18:20.880  7161  7195 W System.err: java.net.SocketException: Message too long
11-26 11:18:20.881  7161  7195 W System.err: 	at sun.nio.ch.DatagramChannelImpl.send0(Native Method)
11-26 11:18:20.881  7161  7195 W System.err: 	at sun.nio.ch.DatagramChannelImpl.sendFromNativeBuffer(DatagramChannelImpl.java:573)
11-26 11:18:20.881  7161  7195 W System.err: 	at sun.nio.ch.DatagramChannelImpl.send(DatagramChannelImpl.java:550)
11-26 11:18:20.881  7161  7195 W System.err: 	at sun.nio.ch.DatagramChannelImpl.send(DatagramChannelImpl.java:514)
11-26 11:18:20.881  7161  7195 W System.err: 	at symlab.CloudAR.network.TransmissionTask.run(TransmissionTask.java:133)
11-26 11:18:20.881  7161  7195 W System.err: 	at android.os.Handler.handleCallback(Handler.java:907)
11-26 11:18:20.881  7161  7195 W System.err: 	at android.os.Handler.dispatchMessage(Handler.java:105)
11-26 11:18:20.881  7161  7195 W System.err: 	at android.os.Looper.loop(Looper.java:216)
11-26 11:18:20.881  7161  7195 W System.err: 	at android.os.HandlerThread.run(HandlerThread.java:65)
11-26 11:18:20.914  7161  7195 W System.err: java.net.SocketException: Message too long
11-26 11:18:20.914  7161  7195 W System.err: 	at sun.nio.ch.DatagramChannelImpl.send0(Native Method)
11-26 11:18:20.914  7161  7195 W System.err: 	at sun.nio.ch.DatagramChannelImpl.sendFromNativeBuffer(DatagramChannelImpl.java:573)
11-26 11:18:20.914  7161  7195 W System.err: 	at sun.nio.ch.DatagramChannelImpl.send(DatagramChannelImpl.java:550)
11-26 11:18:20.914  7161  7195 W System.err: 	at sun.nio.ch.DatagramChannelImpl.send(DatagramChannelImpl.java:514)
11-26 11:18:20.914  7161  7195 W System.err: 	at symlab.CloudAR.network.TransmissionTask.run(TransmissionTask.java:133)
11-26 11:18:20.914  7161  7195 W System.err: 	at android.os.Handler.handleCallback(Handler.java:907)
