--------- beginning of main
11-26 12:07:28.327 14936 14961 E         : [ZeroHung]zrhung_get_config: Get config failed for wp[0x0102]
11-26 12:07:28.327 14936 14961 W ZrHung.AppEyeUiProbe: Failed to get config from zrhung
11-26 12:07:28.329 14958 14958 W logcat  : type=1400 audit(0.0:3244): avc: granted { create } for name="logcat_1574762848317.txt" scontext=u:r:untrusted_app:s0:c147,c256,c512,c768 tcontext=u:object_r:sdcardfs:s0:c147,c256,c512,c768 tclass=file
11-26 12:07:28.332 14936 14936 I MultiDex: Installing application
11-26 12:07:28.332 14936 14936 I MultiDex: VM has multidex support, MultiDex support library is disabled.
--------- beginning of system
11-26 12:07:28.335 14936 14936 V ActivityThread: callActivityOnCreate
11-26 12:07:28.335 14936 14936 I Poster  :  onCreate() called.
11-26 12:07:28.338 14936 14936 I HwApsImpl: APS: new HwApsImpl created
11-26 12:07:28.344 14936 14936 V HwWidgetFactory: : successes to get AllImpl object and return....
11-26 12:07:28.352 14936 14936 D OpenGLRenderer: Skia GL Pipeline
11-26 12:07:28.375 14936 14936 D Poster  : Server details are IP 193.166.28.132 and port 52727
11-26 12:07:28.380 14936 14936 D Poster  : Server bound to IP 193.166.28.132 and port 52727
11-26 12:07:28.383 14936 14936 D ActivityThread: add activity client record, r= ActivityRecord{66ded26 token=android.os.BinderProxy@bd38949 {symlab.cloudridar.arhud/symlab.ARHUD.MainActivity}} token= android.os.BinderProxy@bd38949
11-26 12:07:28.385 14936 14936 I Poster  :  onStart() called.
11-26 12:07:28.385 14936 14936 D ZrHung.AppEyeUiProbe: notify runnable to start.
11-26 12:07:28.387 14936 14936 I Poster  :  onResume() called.
11-26 12:07:28.391 14936 14936 I PermissionManager: camera remind result:true
11-26 12:07:28.391 14936 14936 I Camera  : open camera: 0, package name: symlab.cloudridar.arhud
11-26 12:07:28.392 14936 14936 I BackgroundPermManager: pkgName: symlab.cloudridar.arhud,pid: 14936 ,uidOf3RdApk: 10147 ,permType: 0 ,permCfg: 1
11-26 12:07:28.393 14936 14936 I HwCameraUtil: notifySurfaceFlingerCameraStatus : isFront = false , isOpend = true
11-26 12:07:28.400 14936 14936 D ActivityThread: isOptEnabled=false isWechatScanOpt=false
11-26 12:07:28.403 14936 14936 I HwSecImmHelper: mSecurityInputMethodService is null
11-26 12:07:28.409 14936 14936 D OpenGLRenderer:   HWUI Binary is  enabled
11-26 12:07:28.431 14936 14992 D HiTouch_PressGestureDetector: onAttached, package=symlab.cloudridar.arhud, windowType=1, mHiTouchRestricted=false
11-26 12:07:28.448 14936 14989 I ConfigStore: android::hardware::configstore::V1_0::ISurfaceFlingerConfigs::hasWideColorDisplay retrieved: 0
11-26 12:07:28.449 14936 14989 I ConfigStore: android::hardware::configstore::V1_0::ISurfaceFlingerConfigs::hasHDRDisplay retrieved: 0
11-26 12:07:28.449 14936 14989 I iGraphics: [0020080c] pn: symlab.cloudridar.arhud, p: 14936
11-26 12:07:28.449 14936 14989 I OpenGLRenderer: Initialized EGL, version 1.4, mEglDisplay 0x1
11-26 12:07:28.449 14936 14989 D OpenGLRenderer: Swap behavior 2
11-26 12:07:28.459 14936 14989 D mali_winsys: EGLint new_window_surface(egl_winsys_display *, void *, EGLSurface, EGLConfig, egl_winsys_surface **, EGLBoolean) returns 0x3000
11-26 12:07:28.475 14936 14936 I Poster  :  surfaceCreated() called.
11-26 12:07:28.475 14936 14936 I Poster  : initPreview() called
11-26 12:07:28.481 14936 14936 I PermissionManager: camera remind result:true
11-26 12:07:28.485 14936 14936 I Poster  :  surfaceChanged() called.
11-26 12:07:28.501 14936 14936 W InputMethodManager: startInputReason = 1
11-26 12:07:28.515 14936 14936 W InputMethodManager: startInputReason = 5
11-26 12:07:29.364 14936 14947 E         : [ZeroHung]zrhung_get_config: Get config failed for wp[0x0008]
11-26 12:07:29.374 14936 14945 W System  : A resource failed to call close. 
11-26 12:07:29.375 14936 14945 I chatty  : uid=10147(symlab.cloudridar.arhud) FinalizerDaemon identical 16 lines
11-26 12:07:29.375 14936 14945 W System  : A resource failed to call close. 
11-26 12:07:29.962 14936 14972 W System.err: java.net.SocketException: Message too long
11-26 12:07:29.963 14936 14972 W System.err: 	at sun.nio.ch.DatagramChannelImpl.send0(Native Method)
11-26 12:07:29.963 14936 14972 W System.err: 	at sun.nio.ch.DatagramChannelImpl.sendFromNativeBuffer(DatagramChannelImpl.java:573)
11-26 12:07:29.963 14936 14972 W System.err: 	at sun.nio.ch.DatagramChannelImpl.send(DatagramChannelImpl.java:550)
11-26 12:07:29.963 14936 14972 W System.err: 	at sun.nio.ch.DatagramChannelImpl.send(DatagramChannelImpl.java:514)
11-26 12:07:29.963 14936 14972 W System.err: 	at symlab.CloudAR.network.TransmissionTask.run(TransmissionTask.java:133)
11-26 12:07:29.963 14936 14972 W System.err: 	at android.os.Handler.handleCallback(Handler.java:907)
11-26 12:07:29.963 14936 14972 W System.err: 	at android.os.Handler.dispatchMessage(Handler.java:105)
11-26 12:07:29.963 14936 14972 W System.err: 	at android.os.Looper.loop(Looper.java:216)
11-26 12:07:29.963 14936 14972 W System.err: 	at android.os.HandlerThread.run(HandlerThread.java:65)
11-26 12:07:30.002 14936 14972 W System.err: java.net.SocketException: Message too long
11-26 12:07:30.002 14936 14972 W System.err: 	at sun.nio.ch.DatagramChannelImpl.send0(Native Method)
11-26 12:07:30.002 14936 14972 W System.err: 	at sun.nio.ch.DatagramChannelImpl.sendFromNativeBuffer(DatagramChannelImpl.java:573)
11-26 12:07:30.002 14936 14972 W System.err: 	at sun.nio.ch.DatagramChannelImpl.send(DatagramChannelImpl.java:550)
11-26 12:07:30.003 14936 14972 W System.err: 	at sun.nio.ch.DatagramChannelImpl.send(DatagramChannelImpl.java:514)
11-26 12:07:30.003 14936 14972 W System.err: 	at symlab.CloudAR.network.TransmissionTask.run(TransmissionTask.java:133)
11-26 12:07:30.003 14936 14972 W System.err: 	at android.os.Handler.handleCallback(Handler.java:907)
11-26 12:07:30.003 14936 14972 W System.err: 	at android.os.Handler.dispatchMessage(Handler.java:105)
11-26 12:07:30.003 14936 14972 W System.err: 	at android.os.Looper.loop(Looper.java:216)
11-26 12:07:30.003 14936 14972 W System.err: 	at android.os.HandlerThread.run(HandlerThread.java:65)
11-26 12:07:30.030 14936 14972 W System.err: java.net.SocketException: Message too long
11-26 12:07:30.030 14936 14972 W System.err: 	at sun.nio.ch.DatagramChannelImpl.send0(Native Method)
11-26 12:07:30.030 14936 14972 W System.err: 	at sun.nio.ch.DatagramChannelImpl.sendFromNativeBuffer(DatagramChannelImpl.java:573)
11-26 12:07:30.030 14936 14972 W System.err: 	at sun.nio.ch.DatagramChannelImpl.send(DatagramChannelImpl.java:550)
11-26 12:07:30.030 14936 14972 W System.err: 	at sun.nio.ch.DatagramChannelImpl.send(DatagramChannelImpl.java:514)
11-26 12:07:30.030 14936 14972 W System.err: 	at symlab.CloudAR.network.TransmissionTask.run(TransmissionTask.java:133)
11-26 12:07:30.030 14936 14972 W System.err: 	at android.os.Handler.handleCallback(Handler.java:907)
11-26 12:07:30.030 14936 14972 W System.err: 	at android.os.Handler.dispatchMessage(Handler.java:105)
11-26 12:07:30.030 14936 14972 W System.err: 	at android.os.Looper.loop(Looper.java:216)
11-26 12:07:30.030 14936 14972 W System.err: 	at android.os.HandlerThread.run(HandlerThread.java:65)
11-26 12:07:30.066 14936 14972 W System.err: java.net.SocketException: Message too long
11-26 12:07:30.066 14936 14972 W System.err: 	at sun.nio.ch.DatagramChannelImpl.send0(Native Method)
11-26 12:07:30.066 14936 14972 W System.err: 	at sun.nio.ch.DatagramChannelImpl.sendFromNativeBuffer(DatagramChannelImpl.java:573)
11-26 12:07:30.066 14936 14972 W System.err: 	at sun.nio.ch.DatagramChannelImpl.send(DatagramChannelImpl.java:550)
11-26 12:07:30.067 14936 14972 W System.err: 	at sun.nio.ch.DatagramChannelImpl.send(DatagramChannelImpl.java:514)
11-26 12:07:30.067 14936 14972 W System.err: 	at symlab.CloudAR.network.TransmissionTask.run(TransmissionTask.java:133)
11-26 12:07:30.067 14936 14972 W System.err: 	at android.os.Handler.handleCallback(Handler.java:907)
11-26 12:07:30.067 14936 14972 W System.err: 	at android.os.Handler.dispatchMessage(Handler.java:105)
11-26 12:07:30.067 14936 14972 W System.err: 	at android.os.Looper.loop(Looper.java:216)
11-26 12:07:30.067 14936 14972 W System.err: 	at android.os.HandlerThread.run(HandlerThread.java:65)
11-26 12:07:30.099 14936 14972 W System.err: java.net.SocketException: Message too long
11-26 12:07:30.099 14936 14972 W System.err: 	at sun.nio.ch.DatagramChannelImpl.send0(Native Method)
11-26 12:07:30.099 14936 14972 W System.err: 	at sun.nio.ch.DatagramChannelImpl.sendFromNativeBuffer(DatagramChannelImpl.java:573)
11-26 12:07:30.099 14936 14972 W System.err: 	at sun.nio.ch.DatagramChannelImpl.send(DatagramChannelImpl.java:550)
11-26 12:07:30.099 14936 14972 W System.err: 	at sun.nio.ch.DatagramChannelImpl.send(DatagramChannelImpl.java:514)
11-26 12:07:30.099 14936 14972 W System.err: 	at symlab.CloudAR.network.TransmissionTask.run(TransmissionTask.java:133)
11-26 12:07:30.099 14936 14972 W System.err: 	at android.os.Handler.handleCallback(Handler.java:907)
11-26 12:07:30.099 14936 14972 W System.err: 	at android.os.Handler.dispatchMessage(Handler.java:105)
11-26 12:07:30.099 14936 14972 W System.err: 	at android.os.Looper.loop(Looper.java:216)
11-26 12:07:30.099 14936 14972 W System.err: 	at android.os.HandlerThread.run(HandlerThread.java:65)
11-26 12:07:30.138 14936 14972 W System.err: java.net.SocketException: Message too long
11-26 12:07:30.138 14936 14972 W System.err: 	at sun.nio.ch.DatagramChannelImpl.send0(Native Method)
11-26 12:07:30.138 14936 14972 W System.err: 	at sun.nio.ch.DatagramChannelImpl.sendFromNativeBuffer(DatagramChannelImpl.java:573)
11-26 12:07:30.138 14936 14972 W System.err: 	at sun.nio.ch.DatagramChannelImpl.send(DatagramChannelImpl.java:550)
11-26 12:07:30.138 14936 14972 W System.err: 	at sun.nio.ch.DatagramChannelImpl.send(DatagramChannelImpl.java:514)
11-26 12:07:30.138 14936 14972 W System.err: 	at symlab.CloudAR.network.TransmissionTask.run(TransmissionTask.java:133)
11-26 12:07:30.138 14936 14972 W System.err: 	at android.os.Handler.handleCallback(Handler.java:907)
11-26 12:07:30.138 14936 14972 W System.err: 	at android.os.Handler.dispatchMessage(Handler.java:105)
11-26 12:07:30.139 14936 14972 W System.err: 	at android.os.Looper.loop(Looper.java:216)
11-26 12:07:30.139 14936 14972 W System.err: 	at android.os.HandlerThread.run(HandlerThread.java:65)
11-26 12:07:30.160 14936 14972 W System.err: java.net.SocketException: Message too long
11-26 12:07:30.160 14936 14972 W System.err: 	at sun.nio.ch.DatagramChannelImpl.send0(Native Method)
11-26 12:07:30.160 14936 14972 W System.err: 	at sun.nio.ch.DatagramChannelImpl.sendFromNativeBuffer(DatagramChannelImpl.java:573)
11-26 12:07:30.160 14936 14972 W System.err: 	at sun.nio.ch.DatagramChannelImpl.send(DatagramChannelImpl.java:550)
11-26 12:07:30.160 14936 14972 W System.err: 	at sun.nio.ch.DatagramChannelImpl.send(DatagramChannelImpl.java:514)
11-26 12:07:30.160 14936 14972 W System.err: 	at symlab.CloudAR.network.TransmissionTask.run(TransmissionTask.java:133)
11-26 12:07:30.160 14936 14972 W System.err: 	at android.os.Handler.handleCallback(Handler.java:907)
11-26 12:07:30.160 14936 14972 W System.err: 	at android.os.Handler.dispatchMessage(Handler.java:105)
11-26 12:07:30.160 14936 14972 W System.err: 	at android.os.Looper.loop(Looper.java:216)
11-26 12:07:30.160 14936 14972 W System.err: 	at android.os.HandlerThread.run(HandlerThread.java:65)
11-26 12:07:30.196 14936 14972 W System.err: java.net.SocketException: Message too long
11-26 12:07:30.196 14936 14972 W System.err: 	at sun.nio.ch.DatagramChannelImpl.send0(Native Method)
11-26 12:07:30.197 14936 14972 W System.err: 	at sun.nio.ch.DatagramChannelImpl.sendFromNativeBuffer(DatagramChannelImpl.java:573)
11-26 12:07:30.197 14936 14972 W System.err: 	at sun.nio.ch.DatagramChannelImpl.send(DatagramChannelImpl.java:550)
11-26 12:07:30.197 14936 14972 W System.err: 	at sun.nio.ch.DatagramChannelImpl.send(DatagramChannelImpl.java:514)
11-26 12:07:30.197 14936 14972 W System.err: 	at symlab.CloudAR.network.TransmissionTask.run(TransmissionTask.java:133)
11-26 12:07:30.197 14936 14972 W System.err: 	at android.os.Handler.handleCallback(Handler.java:907)
11-26 12:07:30.197 14936 14972 W System.err: 	at android.os.Handler.dispatchMessage(Handler.java:105)
11-26 12:07:30.197 14936 14972 W System.err: 	at android.os.Looper.loop(Looper.java:216)
11-26 12:07:30.197 14936 14972 W System.err: 	at android.os.HandlerThread.run(HandlerThread.java:65)
11-26 12:07:30.239 14936 14947 E         : [ZeroHung]zrhung_get_config: Get config failed for wp[0x0008]
11-26 12:07:30.239 14936 14972 W System.err: java.net.SocketException: Message too long
11-26 12:07:30.239 14936 14972 W System.err: 	at sun.nio.ch.DatagramChannelImpl.send0(Native Method)
11-26 12:07:30.239 14936 14972 W System.err: 	at sun.nio.ch.DatagramChannelImpl.sendFromNativeBuffer(DatagramChannelImpl.java:573)
11-26 12:07:30.239 14936 14972 W System.err: 	at sun.nio.ch.DatagramChannelImpl.send(DatagramChannelImpl.java:550)
11-26 12:07:30.239 14936 14972 W System.err: 	at sun.nio.ch.DatagramChannelImpl.send(DatagramChannelImpl.java:514)
11-26 12:07:30.239 14936 14972 W System.err: 	at symlab.CloudAR.network.TransmissionTask.run(TransmissionTask.java:133)
11-26 12:07:30.239 14936 14972 W System.err: 	at android.os.Handler.handleCallback(Handler.java:907)
11-26 12:07:30.239 14936 14972 W System.err: 	at android.os.Handler.dispatchMessage(Handler.java:105)
11-26 12:07:30.239 14936 14972 W System.err: 	at android.os.Looper.loop(Looper.java:216)
11-26 12:07:30.239 14936 14972 W System.err: 	at android.os.HandlerThread.run(HandlerThread.java:65)
11-26 12:07:30.267 14936 14945 W System  : A resource failed to call close. 
11-26 12:07:30.267 14936 14945 I chatty  : uid=10147(symlab.cloudridar.arhud) FinalizerDaemon identical 2 lines
11-26 12:07:30.267 14936 14945 W System  : A resource failed to call close. 
11-26 12:07:30.267 14936 14972 W System.err: java.net.SocketException: Message too long
11-26 12:07:30.267 14936 14972 W System.err: 	at sun.nio.ch.DatagramChannelImpl.send0(Native Method)
11-26 12:07:30.267 14936 14945 W System  : A resource failed to call close. 
11-26 12:07:30.268 14936 14972 W System.err: 	at sun.nio.ch.DatagramChannelImpl.sendFromNativeBuffer(DatagramChannelImpl.java:573)
11-26 12:07:30.268 14936 14972 W System.err: 	at sun.nio.ch.DatagramChannelImpl.send(DatagramChannelImpl.java:550)
11-26 12:07:30.268 14936 14945 W System  : A resource failed to call close. 
11-26 12:07:30.268 14936 14972 W System.err: 	at sun.nio.ch.DatagramChannelImpl.send(DatagramChannelImpl.java:514)
11-26 12:07:30.268 14936 14972 W System.err: 	at symlab.CloudAR.network.TransmissionTask.run(TransmissionTask.java:133)
11-26 12:07:30.268 14936 14972 W System.err: 	at android.os.Handler.handleCallback(Handler.java:907)
11-26 12:07:30.268 14936 14945 W System  : A resource failed to call close. 
11-26 12:07:30.268 14936 14972 W System.err: 	at android.os.Handler.dispatchMessage(Handler.java:105)
11-26 12:07:30.268 14936 14972 W System.err: 	at android.os.Looper.loop(Looper.java:216)
11-26 12:07:30.268 14936 14972 W System.err: 	at android.os.HandlerThread.run(HandlerThread.java:65)
11-26 12:07:30.268 14936 14945 W System  : A resource failed to call close. 
11-26 12:07:30.269 14936 14945 I chatty  : uid=10147(symlab.cloudridar.arhud) FinalizerDaemon identical 8 lines
11-26 12:07:30.269 14936 14945 W System  : A resource failed to call close. 
11-26 12:07:30.300 14936 14972 W System.err: java.net.SocketException: Message too long
11-26 12:07:30.300 14936 14972 W System.err: 	at sun.nio.ch.DatagramChannelImpl.send0(Native Method)
11-26 12:07:30.300 14936 14972 W System.err: 	at sun.nio.ch.DatagramChannelImpl.sendFromNativeBuffer(DatagramChannelImpl.java:573)
11-26 12:07:30.300 14936 14972 W System.err: 	at sun.nio.ch.DatagramChannelImpl.send(DatagramChannelImpl.java:550)
11-26 12:07:30.300 14936 14972 W System.err: 	at sun.nio.ch.DatagramChannelImpl.send(DatagramChannelImpl.java:514)
11-26 12:07:30.300 14936 14972 W System.err: 	at symlab.CloudAR.network.TransmissionTask.run(TransmissionTask.java:133)
11-26 12:07:30.300 14936 14972 W System.err: 	at android.os.Handler.handleCallback(Handler.java:907)
11-26 12:07:30.301 14936 14972 W System.err: 	at android.os.Handler.dispatchMessage(Handler.java:105)
11-26 12:07:30.301 14936 14972 W System.err: 	at android.os.Looper.loop(Looper.java:216)
11-26 12:07:30.301 14936 14972 W System.err: 	at android.os.HandlerThread.run(HandlerThread.java:65)
11-26 12:07:30.330 14936 14972 W System.err: java.net.SocketException: Message too long
11-26 12:07:30.330 14936 14972 W System.err: 	at sun.nio.ch.DatagramChannelImpl.send0(Native Method)
11-26 12:07:30.330 14936 14972 W System.err: 	at sun.nio.ch.DatagramChannelImpl.sendFromNativeBuffer(DatagramChannelImpl.java:573)
11-26 12:07:30.330 14936 14972 W System.err: 	at sun.nio.ch.DatagramChannelImpl.send(DatagramChannelImpl.java:550)
11-26 12:07:30.330 14936 14972 W System.err: 	at sun.nio.ch.DatagramChannelImpl.send(DatagramChannelImpl.java:514)
11-26 12:07:30.330 14936 14972 W System.err: 	at symlab.CloudAR.network.TransmissionTask.run(TransmissionTask.java:133)
11-26 12:07:30.330 14936 14972 W System.err: 	at android.os.Handler.handleCallback(Handler.java:907)
11-26 12:07:30.330 14936 14972 W System.err: 	at android.os.Handler.dispatchMessage(Handler.java:105)
11-26 12:07:30.330 14936 14972 W System.err: 	at android.os.Looper.loop(Looper.java:216)
11-26 12:07:30.330 14936 14972 W System.err: 	at android.os.HandlerThread.run(HandlerThread.java:65)
11-26 12:07:30.370 14936 14972 W System.err: java.net.SocketException: Message too long
11-26 12:07:30.370 14936 14972 W System.err: 	at sun.nio.ch.DatagramChannelImpl.send0(Native Method)
11-26 12:07:30.370 14936 14972 W System.err: 	at sun.nio.ch.DatagramChannelImpl.sendFromNativeBuffer(DatagramChannelImpl.java:573)
11-26 12:07:30.370 14936 14972 W System.err: 	at sun.nio.ch.DatagramChannelImpl.send(DatagramChannelImpl.java:550)
11-26 12:07:30.370 14936 14972 W System.err: 	at sun.nio.ch.DatagramChannelImpl.send(DatagramChannelImpl.java:514)
11-26 12:07:30.370 14936 14972 W System.err: 	at symlab.CloudAR.network.TransmissionTask.run(TransmissionTask.java:133)
11-26 12:07:30.370 14936 14972 W System.err: 	at android.os.Handler.handleCallback(Handler.java:907)
11-26 12:07:30.370 14936 14972 W System.err: 	at android.os.Handler.dispatchMessage(Handler.java:105)
11-26 12:07:30.370 14936 14972 W System.err: 	at android.os.Looper.loop(Looper.java:216)
11-26 12:07:30.371 14936 14972 W System.err: 	at android.os.HandlerThread.run(HandlerThread.java:65)
11-26 12:07:30.375 14936 14936 D stylus  : init stylus touchlistener.
11-26 12:07:30.381 14936 14936 W Settings: Setting device_provisioned has moved from android.provider.Settings.Secure to android.provider.Settings.Global.
11-26 12:07:30.383 14936 14936 V HiTouch_HiTouchSensor: User setup is finished.
11-26 12:07:30.414 14936 14972 W System.err: java.net.SocketException: Message too long
11-26 12:07:30.414 14936 14972 W System.err: 	at sun.nio.ch.DatagramChannelImpl.send0(Native Method)
11-26 12:07:30.414 14936 14972 W System.err: 	at sun.nio.ch.DatagramChannelImpl.sendFromNativeBuffer(DatagramChannelImpl.java:573)
11-26 12:07:30.414 14936 14972 W System.err: 	at sun.nio.ch.DatagramChannelImpl.send(DatagramChannelImpl.java:550)
11-26 12:07:30.414 14936 14972 W System.err: 	at sun.nio.ch.DatagramChannelImpl.send(DatagramChannelImpl.java:514)
11-26 12:07:30.414 14936 14972 W System.err: 	at symlab.CloudAR.network.TransmissionTask.run(TransmissionTask.java:133)
11-26 12:07:30.415 14936 14972 W System.err: 	at android.os.Handler.handleCallback(Handler.java:907)
11-26 12:07:30.415 14936 14972 W System.err: 	at android.os.Handler.dispatchMessage(Handler.java:105)
11-26 12:07:30.415 14936 14972 W System.err: 	at android.os.Looper.loop(Looper.java:216)
11-26 12:07:30.415 14936 14972 W System.err: 	at android.os.HandlerThread.run(HandlerThread.java:65)
11-26 12:07:30.435 14936 14972 W System.err: java.net.SocketException: Message too long
11-26 12:07:30.435 14936 14972 W System.err: 	at sun.nio.ch.DatagramChannelImpl.send0(Native Method)
11-26 12:07:30.435 14936 14972 W System.err: 	at sun.nio.ch.DatagramChannelImpl.sendFromNativeBuffer(DatagramChannelImpl.java:573)
11-26 12:07:30.435 14936 14972 W System.err: 	at sun.nio.ch.DatagramChannelImpl.send(DatagramChannelImpl.java:550)
11-26 12:07:30.435 14936 14972 W System.err: 	at sun.nio.ch.DatagramChannelImpl.send(DatagramChannelImpl.java:514)
11-26 12:07:30.435 14936 14972 W System.err: 	at symlab.CloudAR.network.TransmissionTask.run(TransmissionTask.java:133)
11-26 12:07:30.435 14936 14972 W System.err: 	at android.os.Handler.handleCallback(Handler.java:907)
11-26 12:07:30.435 14936 14972 W System.err: 	at android.os.Handler.dispatchMessage(Handler.java:105)
11-26 12:07:30.435 14936 14972 W System.err: 	at android.os.Looper.loop(Looper.java:216)
11-26 12:07:30.435 14936 14972 W System.err: 	at android.os.HandlerThread.run(HandlerThread.java:65)
11-26 12:07:30.456 14936 14972 W System.err: java.net.SocketException: Message too long
11-26 12:07:30.457 14936 14972 W System.err: 	at sun.nio.ch.DatagramChannelImpl.send0(Native Method)
11-26 12:07:30.457 14936 14972 W System.err: 	at sun.nio.ch.DatagramChannelImpl.sendFromNativeBuffer(DatagramChannelImpl.java:573)
11-26 12:07:30.457 14936 14972 W System.err: 	at sun.nio.ch.DatagramChannelImpl.send(DatagramChannelImpl.java:550)
11-26 12:07:30.457 14936 14972 W System.err: 	at sun.nio.ch.DatagramChannelImpl.send(DatagramChannelImpl.java:514)
11-26 12:07:30.457 14936 14972 W System.err: 	at symlab.CloudAR.network.TransmissionTask.run(TransmissionTask.java:133)
11-26 12:07:30.457 14936 14972 W System.err: 	at android.os.Handler.handleCallback(Handler.java:907)
11-26 12:07:30.457 14936 14972 W System.err: 	at android.os.Handler.dispatchMessage(Handler.java:105)
11-26 12:07:30.457 14936 14972 W System.err: 	at android.os.Looper.loop(Looper.java:216)
11-26 12:07:30.457 14936 14972 W System.err: 	at android.os.HandlerThread.run(HandlerThread.java:65)
11-26 12:07:30.492 14936 14972 W System.err: java.net.SocketException: Message too long
11-26 12:07:30.492 14936 14972 W System.err: 	at sun.nio.ch.DatagramChannelImpl.send0(Native Method)
11-26 12:07:30.492 14936 14972 W System.err: 	at sun.nio.ch.DatagramChannelImpl.sendFromNativeBuffer(DatagramChannelImpl.java:573)
11-26 12:07:30.492 14936 14972 W System.err: 	at sun.nio.ch.DatagramChannelImpl.send(DatagramChannelImpl.java:550)
11-26 12:07:30.492 14936 14972 W System.err: 	at sun.nio.ch.DatagramChannelImpl.send(DatagramChannelImpl.java:514)
11-26 12:07:30.492 14936 14972 W System.err: 	at symlab.CloudAR.network.TransmissionTask.run(TransmissionTask.java:133)
11-26 12:07:30.492 14936 14972 W System.err: 	at android.os.Handler.handleCallback(Handler.java:907)
11-26 12:07:30.492 14936 14972 W System.err: 	at android.os.Handler.dispatchMessage(Handler.java:105)
11-26 12:07:30.492 14936 14972 W System.err: 	at android.os.Looper.loop(Looper.java:216)
11-26 12:07:30.492 14936 14972 W System.err: 	at android.os.HandlerThread.run(HandlerThread.java:65)
11-26 12:07:30.528 14936 14972 W System.err: java.net.SocketException: Message too long
11-26 12:07:30.528 14936 14972 W System.err: 	at sun.nio.ch.DatagramChannelImpl.send0(Native Method)
11-26 12:07:30.528 14936 14972 W System.err: 	at sun.nio.ch.DatagramChannelImpl.sendFromNativeBuffer(DatagramChannelImpl.java:573)
11-26 12:07:30.528 14936 14972 W System.err: 	at sun.nio.ch.DatagramChannelImpl.send(DatagramChannelImpl.java:550)
11-26 12:07:30.528 14936 14972 W System.err: 	at sun.nio.ch.DatagramChannelImpl.send(DatagramChannelImpl.java:514)
11-26 12:07:30.528 14936 14972 W System.err: 	at symlab.CloudAR.network.TransmissionTask.run(TransmissionTask.java:133)
11-26 12:07:30.528 14936 14972 W System.err: 	at android.os.Handler.handleCallback(Handler.java:907)
11-26 12:07:30.528 14936 14972 W System.err: 	at android.os.Handler.dispatchMessage(Handler.java:105)
11-26 12:07:30.528 14936 14972 W System.err: 	at android.os.Looper.loop(Looper.java:216)
11-26 12:07:30.528 14936 14972 W System.err: 	at android.os.HandlerThread.run(HandlerThread.java:65)
11-26 12:07:30.550 14936 14972 W System.err: java.net.SocketException: Message too long
11-26 12:07:30.550 14936 14972 W System.err: 	at sun.nio.ch.DatagramChannelImpl.send0(Native Method)
11-26 12:07:30.550 14936 14972 W System.err: 	at sun.nio.ch.DatagramChannelImpl.sendFromNativeBuffer(DatagramChannelImpl.java:573)
11-26 12:07:30.550 14936 14972 W System.err: 	at sun.nio.ch.DatagramChannelImpl.send(DatagramChannelImpl.java:550)
11-26 12:07:30.550 14936 14972 W System.err: 	at sun.nio.ch.DatagramChannelImpl.send(DatagramChannelImpl.java:514)
11-26 12:07:30.550 14936 14972 W System.err: 	at symlab.CloudAR.network.TransmissionTask.run(TransmissionTask.java:133)
11-26 12:07:30.550 14936 14972 W System.err: 	at android.os.Handler.handleCallback(Handler.java:907)
11-26 12:07:30.550 14936 14972 W System.err: 	at android.os.Handler.dispatchMessage(Handler.java:105)
11-26 12:07:30.550 14936 14972 W System.err: 	at android.os.Looper.loop(Looper.java:216)
11-26 12:07:30.550 14936 14972 W System.err: 	at android.os.HandlerThread.run(HandlerThread.java:65)
11-26 12:07:30.581 14936 14972 W System.err: java.net.SocketException: Message too long
11-26 12:07:30.581 14936 14972 W System.err: 	at sun.nio.ch.DatagramChannelImpl.send0(Native Method)
11-26 12:07:30.581 14936 14972 W System.err: 	at sun.nio.ch.DatagramChannelImpl.sendFromNativeBuffer(DatagramChannelImpl.java:573)
11-26 12:07:30.581 14936 14972 W System.err: 	at sun.nio.ch.DatagramChannelImpl.send(DatagramChannelImpl.java:550)
11-26 12:07:30.581 14936 14972 W System.err: 	at sun.nio.ch.DatagramChannelImpl.send(DatagramChannelImpl.java:514)
11-26 12:07:30.582 14936 14972 W System.err: 	at symlab.CloudAR.network.TransmissionTask.run(TransmissionTask.java:133)
11-26 12:07:30.582 14936 14972 W System.err: 	at android.os.Handler.handleCallback(Handler.java:907)
11-26 12:07:30.582 14936 14972 W System.err: 	at android.os.Handler.dispatchMessage(Handler.java:105)
11-26 12:07:30.582 14936 14972 W System.err: 	at android.os.Looper.loop(Looper.java:216)
11-26 12:07:30.582 14936 14972 W System.err: 	at android.os.HandlerThread.run(HandlerThread.java:65)
11-26 12:07:30.616 14936 14972 W System.err: java.net.SocketException: Message too long
11-26 12:07:30.616 14936 14972 W System.err: 	at sun.nio.ch.DatagramChannelImpl.send0(Native Method)
11-26 12:07:30.616 14936 14972 W System.err: 	at sun.nio.ch.DatagramChannelImpl.sendFromNativeBuffer(DatagramChannelImpl.java:573)
11-26 12:07:30.616 14936 14972 W System.err: 	at sun.nio.ch.DatagramChannelImpl.send(DatagramChannelImpl.java:550)
11-26 12:07:30.616 14936 14972 W System.err: 	at sun.nio.ch.DatagramChannelImpl.send(DatagramChannelImpl.java:514)
11-26 12:07:30.616 14936 14972 W System.err: 	at symlab.CloudAR.network.TransmissionTask.run(TransmissionTask.java:133)
11-26 12:07:30.616 14936 14972 W System.err: 	at android.os.Handler.handleCallback(Handler.java:907)
11-26 12:07:30.616 14936 14972 W System.err: 	at android.os.Handler.dispatchMessage(Handler.java:105)
11-26 12:07:30.616 14936 14972 W System.err: 	at android.os.Looper.loop(Looper.java:216)
11-26 12:07:30.616 14936 14972 W System.err: 	at android.os.HandlerThread.run(HandlerThread.java:65)
11-26 12:07:30.682 14936 14972 W System.err: java.net.SocketException: Message too long
11-26 12:07:30.682 14936 14972 W System.err: 	at sun.nio.ch.DatagramChannelImpl.send0(Native Method)
11-26 12:07:30.682 14936 14972 W System.err: 	at sun.nio.ch.DatagramChannelImpl.sendFromNativeBuffer(DatagramChannelImpl.java:573)
11-26 12:07:30.682 14936 14972 W System.err: 	at sun.nio.ch.DatagramChannelImpl.send(DatagramChannelImpl.java:550)
11-26 12:07:30.682 14936 14972 W System.err: 	at sun.nio.ch.DatagramChannelImpl.send(DatagramChannelImpl.java:514)
11-26 12:07:30.682 14936 14972 W System.err: 	at symlab.CloudAR.network.TransmissionTask.run(TransmissionTask.java:133)
11-26 12:07:30.682 14936 14972 W System.err: 	at android.os.Handler.handleCallback(Handler.java:907)
11-26 12:07:30.682 14936 14972 W System.err: 	at android.os.Handler.dispatchMessage(Handler.java:105)
11-26 12:07:30.682 14936 14972 W System.err: 	at android.os.Looper.loop(Looper.java:216)
11-26 12:07:30.682 14936 14972 W System.err: 	at android.os.HandlerThread.run(HandlerThread.java:65)
11-26 12:07:30.711 14936 14972 W System.err: java.net.SocketException: Message too long
11-26 12:07:30.711 14936 14972 W System.err: 	at sun.nio.ch.DatagramChannelImpl.send0(Native Method)
11-26 12:07:30.711 14936 14972 W System.err: 	at sun.nio.ch.DatagramChannelImpl.sendFromNativeBuffer(DatagramChannelImpl.java:573)
11-26 12:07:30.711 14936 14972 W System.err: 	at sun.nio.ch.DatagramChannelImpl.send(DatagramChannelImpl.java:550)
11-26 12:07:30.711 14936 14972 W System.err: 	at sun.nio.ch.DatagramChannelImpl.send(DatagramChannelImpl.java:514)
11-26 12:07:30.711 14936 14972 W System.err: 	at symlab.CloudAR.network.TransmissionTask.run(TransmissionTask.java:133)
11-26 12:07:30.711 14936 14972 W System.err: 	at android.os.Handler.handleCallback(Handler.java:907)
11-26 12:07:30.711 14936 14972 W System.err: 	at android.os.Handler.dispatchMessage(Handler.java:105)
11-26 12:07:30.711 14936 14972 W System.err: 	at android.os.Looper.loop(Looper.java:216)
11-26 12:07:30.712 14936 14972 W System.err: 	at android.os.HandlerThread.run(HandlerThread.java:65)
11-26 12:07:30.744 14936 14972 W System.err: java.net.SocketException: Message too long
11-26 12:07:30.744 14936 14972 W System.err: 	at sun.nio.ch.DatagramChannelImpl.send0(Native Method)
11-26 12:07:30.744 14936 14972 W System.err: 	at sun.nio.ch.DatagramChannelImpl.sendFromNativeBuffer(DatagramChannelImpl.java:573)
11-26 12:07:30.744 14936 14972 W System.err: 	at sun.nio.ch.DatagramChannelImpl.send(DatagramChannelImpl.java:550)
11-26 12:07:30.744 14936 14972 W System.err: 	at sun.nio.ch.DatagramChannelImpl.send(DatagramChannelImpl.java:514)
11-26 12:07:30.744 14936 14972 W System.err: 	at symlab.CloudAR.network.TransmissionTask.run(TransmissionTask.java:133)
11-26 12:07:30.744 14936 14972 W System.err: 	at android.os.Handler.handleCallback(Handler.java:907)
11-26 12:07:30.744 14936 14972 W System.err: 	at android.os.Handler.dispatchMessage(Handler.java:105)
11-26 12:07:30.744 14936 14972 W System.err: 	at android.os.Looper.loop(Looper.java:216)
11-26 12:07:30.744 14936 14972 W System.err: 	at android.os.HandlerThread.run(HandlerThread.java:65)
11-26 12:07:30.784 14936 14972 W System.err: java.net.SocketException: Message too long
11-26 12:07:30.784 14936 14972 W System.err: 	at sun.nio.ch.DatagramChannelImpl.send0(Native Method)
11-26 12:07:30.784 14936 14972 W System.err: 	at sun.nio.ch.DatagramChannelImpl.sendFromNativeBuffer(DatagramChannelImpl.java:573)
11-26 12:07:30.784 14936 14972 W System.err: 	at sun.nio.ch.DatagramChannelImpl.send(DatagramChannelImpl.java:550)
11-26 12:07:30.784 14936 14972 W System.err: 	at sun.nio.ch.DatagramChannelImpl.send(DatagramChannelImpl.java:514)
11-26 12:07:30.784 14936 14972 W System.err: 	at symlab.CloudAR.network.TransmissionTask.run(TransmissionTask.java:133)
11-26 12:07:30.784 14936 14972 W System.err: 	at android.os.Handler.handleCallback(Handler.java:907)
11-26 12:07:30.785 14936 14972 W System.err: 	at android.os.Handler.dispatchMessage(Handler.java:105)
11-26 12:07:30.785 14936 14972 W System.err: 	at android.os.Looper.loop(Looper.java:216)
11-26 12:07:30.785 14936 14972 W System.err: 	at android.os.HandlerThread.run(HandlerThread.java:65)
11-26 12:07:30.818 14936 14972 W System.err: java.net.SocketException: Message too long
11-26 12:07:30.818 14936 14972 W System.err: 	at sun.nio.ch.DatagramChannelImpl.send0(Native Method)
11-26 12:07:30.818 14936 14972 W System.err: 	at sun.nio.ch.DatagramChannelImpl.sendFromNativeBuffer(DatagramChannelImpl.java:573)
11-26 12:07:30.818 14936 14972 W System.err: 	at sun.nio.ch.DatagramChannelImpl.send(DatagramChannelImpl.java:550)
11-26 12:07:30.819 14936 14972 W System.err: 	at sun.nio.ch.DatagramChannelImpl.send(DatagramChannelImpl.java:514)
11-26 12:07:30.819 14936 14972 W System.err: 	at symlab.CloudAR.network.TransmissionTask.run(TransmissionTask.java:133)
11-26 12:07:30.819 14936 14972 W System.err: 	at android.os.Handler.handleCallback(Handler.java:907)
11-26 12:07:30.819 14936 14972 W System.err: 	at android.os.Handler.dispatchMessage(Handler.java:105)
11-26 12:07:30.819 14936 14972 W System.err: 	at android.os.Looper.loop(Looper.java:216)
11-26 12:07:30.819 14936 14972 W System.err: 	at android.os.HandlerThread.run(HandlerThread.java:65)
11-26 12:07:30.855 14936 14972 W System.err: java.net.SocketException: Message too long
11-26 12:07:30.855 14936 14972 W System.err: 	at sun.nio.ch.DatagramChannelImpl.send0(Native Method)
11-26 12:07:30.855 14936 14972 W System.err: 	at sun.nio.ch.DatagramChannelImpl.sendFromNativeBuffer(DatagramChannelImpl.java:573)
11-26 12:07:30.855 14936 14972 W System.err: 	at sun.nio.ch.DatagramChannelImpl.send(DatagramChannelImpl.java:550)
11-26 12:07:30.855 14936 14972 W System.err: 	at sun.nio.ch.DatagramChannelImpl.send(DatagramChannelImpl.java:514)
11-26 12:07:30.855 14936 14972 W System.err: 	at symlab.CloudAR.network.TransmissionTask.run(TransmissionTask.java:133)
11-26 12:07:30.855 14936 14972 W System.err: 	at android.os.Handler.handleCallback(Handler.java:907)
11-26 12:07:30.855 14936 14972 W System.err: 	at android.os.Handler.dispatchMessage(Handler.java:105)
11-26 12:07:30.855 14936 14972 W System.err: 	at android.os.Looper.loop(Looper.java:216)
11-26 12:07:30.855 14936 14972 W System.err: 	at android.os.HandlerThread.run(HandlerThread.java:65)
11-26 12:07:30.892 14936 14972 W System.err: java.net.SocketException: Message too long
11-26 12:07:30.892 14936 14972 W System.err: 	at sun.nio.ch.DatagramChannelImpl.send0(Native Method)
11-26 12:07:30.892 14936 14972 W System.err: 	at sun.nio.ch.DatagramChannelImpl.sendFromNativeBuffer(DatagramChannelImpl.java:573)
11-26 12:07:30.892 14936 14972 W System.err: 	at sun.nio.ch.DatagramChannelImpl.send(DatagramChannelImpl.java:550)
11-26 12:07:30.892 14936 14972 W System.err: 	at sun.nio.ch.DatagramChannelImpl.send(DatagramChannelImpl.java:514)
11-26 12:07:30.893 14936 14972 W System.err: 	at symlab.CloudAR.network.TransmissionTask.run(TransmissionTask.java:133)
11-26 12:07:30.893 14936 14972 W System.err: 	at android.os.Handler.handleCallback(Handler.java:907)
11-26 12:07:30.893 14936 14972 W System.err: 	at android.os.Handler.dispatchMessage(Handler.java:105)
11-26 12:07:30.893 14936 14972 W System.err: 	at android.os.Looper.loop(Looper.java:216)
11-26 12:07:30.893 14936 14972 W System.err: 	at android.os.HandlerThread.run(HandlerThread.java:65)
11-26 12:07:30.924 14936 14972 W System.err: java.net.SocketException: Message too long
11-26 12:07:30.924 14936 14972 W System.err: 	at sun.nio.ch.DatagramChannelImpl.send0(Native Method)
11-26 12:07:30.924 14936 14972 W System.err: 	at sun.nio.ch.DatagramChannelImpl.sendFromNativeBuffer(DatagramChannelImpl.java:573)
11-26 12:07:30.924 14936 14972 W System.err: 	at sun.nio.ch.DatagramChannelImpl.send(DatagramChannelImpl.java:550)
11-26 12:07:30.924 14936 14972 W System.err: 	at sun.nio.ch.DatagramChannelImpl.send(DatagramChannelImpl.java:514)
11-26 12:07:30.924 14936 14972 W System.err: 	at symlab.CloudAR.network.TransmissionTask.run(TransmissionTask.java:133)
11-26 12:07:30.924 14936 14972 W System.err: 	at android.os.Handler.handleCallback(Handler.java:907)
11-26 12:07:30.924 14936 14972 W System.err: 	at android.os.Handler.dispatchMessage(Handler.java:105)
11-26 12:07:30.924 14936 14972 W System.err: 	at android.os.Looper.loop(Looper.java:216)
11-26 12:07:30.924 14936 14972 W System.err: 	at android.os.HandlerThread.run(HandlerThread.java:65)
11-26 12:07:30.952 14936 14947 E         : [ZeroHung]zrhung_get_config: Get config failed for wp[0x0008]
11-26 12:07:30.952 14936 14972 W System.err: java.net.SocketException: Message too long
11-26 12:07:30.953 14936 14972 W System.err: 	at sun.nio.ch.DatagramChannelImpl.send0(Native Method)
11-26 12:07:30.953 14936 14972 W System.err: 	at sun.nio.ch.DatagramChannelImpl.sendFromNativeBuffer(DatagramChannelImpl.java:573)
11-26 12:07:30.953 14936 14972 W System.err: 	at sun.nio.ch.DatagramChannelImpl.send(DatagramChannelImpl.java:550)
11-26 12:07:30.953 14936 14972 W System.err: 	at sun.nio.ch.DatagramChannelImpl.send(DatagramChannelImpl.java:514)
11-26 12:07:30.953 14936 14972 W System.err: 	at symlab.CloudAR.network.TransmissionTask.run(TransmissionTask.java:133)
11-26 12:07:30.953 14936 14972 W System.err: 	at android.os.Handler.handleCallback(Handler.java:907)
11-26 12:07:30.953 14936 14972 W System.err: 	at android.os.Handler.dispatchMessage(Handler.java:105)
11-26 12:07:30.953 14936 14972 W System.err: 	at android.os.Looper.loop(Looper.java:216)
11-26 12:07:30.953 14936 14972 W System.err: 	at android.os.HandlerThread.run(HandlerThread.java:65)
11-26 12:07:30.989 14936 14972 W System.err: java.net.SocketException: Message too long
11-26 12:07:30.989 14936 14972 W System.err: 	at sun.nio.ch.DatagramChannelImpl.send0(Native Method)
11-26 12:07:30.989 14936 14972 W System.err: 	at sun.nio.ch.DatagramChannelImpl.sendFromNativeBuffer(DatagramChannelImpl.java:573)
11-26 12:07:30.989 14936 14972 W System.err: 	at sun.nio.ch.DatagramChannelImpl.send(DatagramChannelImpl.java:550)
11-26 12:07:30.989 14936 14972 W System.err: 	at sun.nio.ch.DatagramChannelImpl.send(DatagramChannelImpl.java:514)
11-26 12:07:30.989 14936 14972 W System.err: 	at symlab.CloudAR.network.TransmissionTask.run(TransmissionTask.java:133)
11-26 12:07:30.989 14936 14972 W System.err: 	at android.os.Handler.handleCallback(Handler.java:907)
11-26 12:07:30.989 14936 14972 W System.err: 	at android.os.Handler.dispatchMessage(Handler.java:105)
11-26 12:07:30.989 14936 14972 W System.err: 	at android.os.Looper.loop(Looper.java:216)
11-26 12:07:30.989 14936 14972 W System.err: 	at android.os.HandlerThread.run(HandlerThread.java:65)
11-26 12:07:31.022 14936 14972 W System.err: java.net.SocketException: Message too long
11-26 12:07:31.022 14936 14972 W System.err: 	at sun.nio.ch.DatagramChannelImpl.send0(Native Method)
11-26 12:07:31.022 14936 14972 W System.err: 	at sun.nio.ch.DatagramChannelImpl.sendFromNativeBuffer(DatagramChannelImpl.java:573)
11-26 12:07:31.022 14936 14972 W System.err: 	at sun.nio.ch.DatagramChannelImpl.send(DatagramChannelImpl.java:550)
11-26 12:07:31.022 14936 14972 W System.err: 	at sun.nio.ch.DatagramChannelImpl.send(DatagramChannelImpl.java:514)
11-26 12:07:31.022 14936 14972 W System.err: 	at symlab.CloudAR.network.TransmissionTask.run(TransmissionTask.java:133)
11-26 12:07:31.023 14936 14972 W System.err: 	at android.os.Handler.handleCallback(Handler.java:907)
11-26 12:07:31.023 14936 14972 W System.err: 	at android.os.Handler.dispatchMessage(Handler.java:105)
11-26 12:07:31.023 14936 14972 W System.err: 	at android.os.Looper.loop(Looper.java:216)
11-26 12:07:31.023 14936 14972 W System.err: 	at android.os.HandlerThread.run(HandlerThread.java:65)
11-26 12:07:31.070 14936 14972 W System.err: java.net.SocketException: Message too long
11-26 12:07:31.070 14936 14972 W System.err: 	at sun.nio.ch.DatagramChannelImpl.send0(Native Method)
11-26 12:07:31.070 14936 14972 W System.err: 	at sun.nio.ch.DatagramChannelImpl.sendFromNativeBuffer(DatagramChannelImpl.java:573)
11-26 12:07:31.070 14936 14972 W System.err: 	at sun.nio.ch.DatagramChannelImpl.send(DatagramChannelImpl.java:550)
11-26 12:07:31.070 14936 14972 W System.err: 	at sun.nio.ch.DatagramChannelImpl.send(DatagramChannelImpl.java:514)
11-26 12:07:31.070 14936 14972 W System.err: 	at symlab.CloudAR.network.TransmissionTask.run(TransmissionTask.java:133)
11-26 12:07:31.070 14936 14972 W System.err: 	at android.os.Handler.handleCallback(Handler.java:907)
11-26 12:07:31.070 14936 14972 W System.err: 	at android.os.Handler.dispatchMessage(Handler.java:105)
11-26 12:07:31.070 14936 14972 W System.err: 	at android.os.Looper.loop(Looper.java:216)
11-26 12:07:31.070 14936 14972 W System.err: 	at android.os.HandlerThread.run(HandlerThread.java:65)
11-26 12:07:31.095 14936 14972 W System.err: java.net.SocketException: Message too long
11-26 12:07:31.095 14936 14972 W System.err: 	at sun.nio.ch.DatagramChannelImpl.send0(Native Method)
11-26 12:07:31.095 14936 14972 W System.err: 	at sun.nio.ch.DatagramChannelImpl.sendFromNativeBuffer(DatagramChannelImpl.java:573)
11-26 12:07:31.095 14936 14972 W System.err: 	at sun.nio.ch.DatagramChannelImpl.send(DatagramChannelImpl.java:550)
11-26 12:07:31.095 14936 14972 W System.err: 	at sun.nio.ch.DatagramChannelImpl.send(DatagramChannelImpl.java:514)
11-26 12:07:31.095 14936 14972 W System.err: 	at symlab.CloudAR.network.TransmissionTask.run(TransmissionTask.java:133)
11-26 12:07:31.095 14936 14972 W System.err: 	at android.os.Handler.handleCallback(Handler.java:907)
11-26 12:07:31.095 14936 14972 W System.err: 	at android.os.Handler.dispatchMessage(Handler.java:105)
11-26 12:07:31.095 14936 14972 W System.err: 	at android.os.Looper.loop(Looper.java:216)
11-26 12:07:31.095 14936 14972 W System.err: 	at android.os.HandlerThread.run(HandlerThread.java:65)
11-26 12:07:31.122 14936 14972 W System.err: java.net.SocketException: Message too long
11-26 12:07:31.122 14936 14972 W System.err: 	at sun.nio.ch.DatagramChannelImpl.send0(Native Method)
11-26 12:07:31.122 14936 14972 W System.err: 	at sun.nio.ch.DatagramChannelImpl.sendFromNativeBuffer(DatagramChannelImpl.java:573)
11-26 12:07:31.122 14936 14972 W System.err: 	at sun.nio.ch.DatagramChannelImpl.send(DatagramChannelImpl.java:550)
11-26 12:07:31.122 14936 14972 W System.err: 	at sun.nio.ch.DatagramChannelImpl.send(DatagramChannelImpl.java:514)
11-26 12:07:31.122 14936 14972 W System.err: 	at symlab.CloudAR.network.TransmissionTask.run(TransmissionTask.java:133)
11-26 12:07:31.122 14936 14972 W System.err: 	at android.os.Handler.handleCallback(Handler.java:907)
11-26 12:07:31.122 14936 14972 W System.err: 	at android.os.Handler.dispatchMessage(Handler.java:105)
11-26 12:07:31.122 14936 14972 W System.err: 	at android.os.Looper.loop(Looper.java:216)
11-26 12:07:31.122 14936 14972 W System.err: 	at android.os.HandlerThread.run(HandlerThread.java:65)
11-26 12:07:31.152 14936 14972 W System.err: java.net.SocketException: Message too long
11-26 12:07:31.152 14936 14972 W System.err: 	at sun.nio.ch.DatagramChannelImpl.send0(Native Method)
11-26 12:07:31.152 14936 14972 W System.err: 	at sun.nio.ch.DatagramChannelImpl.sendFromNativeBuffer(DatagramChannelImpl.java:573)
11-26 12:07:31.152 14936 14972 W System.err: 	at sun.nio.ch.DatagramChannelImpl.send(DatagramChannelImpl.java:550)
11-26 12:07:31.152 14936 14972 W System.err: 	at sun.nio.ch.DatagramChannelImpl.send(DatagramChannelImpl.java:514)
11-26 12:07:31.152 14936 14972 W System.err: 	at symlab.CloudAR.network.TransmissionTask.run(TransmissionTask.java:133)
11-26 12:07:31.152 14936 14972 W System.err: 	at android.os.Handler.handleCallback(Handler.java:907)
11-26 12:07:31.152 14936 14972 W System.err: 	at android.os.Handler.dispatchMessage(Handler.java:105)
11-26 12:07:31.152 14936 14972 W System.err: 	at android.os.Looper.loop(Looper.java:216)
11-26 12:07:31.152 14936 14972 W System.err: 	at android.os.HandlerThread.run(HandlerThread.java:65)
11-26 12:07:31.190 14936 14972 W System.err: java.net.SocketException: Message too long
11-26 12:07:31.190 14936 14972 W System.err: 	at sun.nio.ch.DatagramChannelImpl.send0(Native Method)
11-26 12:07:31.190 14936 14972 W System.err: 	at sun.nio.ch.DatagramChannelImpl.sendFromNativeBuffer(DatagramChannelImpl.java:573)
11-26 12:07:31.190 14936 14972 W System.err: 	at sun.nio.ch.DatagramChannelImpl.send(DatagramChannelImpl.java:550)
11-26 12:07:31.190 14936 14972 W System.err: 	at sun.nio.ch.DatagramChannelImpl.send(DatagramChannelImpl.java:514)
11-26 12:07:31.190 14936 14972 W System.err: 	at symlab.CloudAR.network.TransmissionTask.run(TransmissionTask.java:133)
11-26 12:07:31.190 14936 14972 W System.err: 	at android.os.Handler.handleCallback(Handler.java:907)
11-26 12:07:31.190 14936 14972 W System.err: 	at android.os.Handler.dispatchMessage(Handler.java:105)
11-26 12:07:31.190 14936 14972 W System.err: 	at android.os.Looper.loop(Looper.java:216)
11-26 12:07:31.190 14936 14972 W System.err: 	at android.os.HandlerThread.run(HandlerThread.java:65)
11-26 12:07:31.223 14936 14972 W System.err: java.net.SocketException: Message too long
11-26 12:07:31.223 14936 14972 W System.err: 	at sun.nio.ch.DatagramChannelImpl.send0(Native Method)
11-26 12:07:31.223 14936 14972 W System.err: 	at sun.nio.ch.DatagramChannelImpl.sendFromNativeBuffer(DatagramChannelImpl.java:573)
11-26 12:07:31.223 14936 14972 W System.err: 	at sun.nio.ch.DatagramChannelImpl.send(DatagramChannelImpl.java:550)
11-26 12:07:31.223 14936 14972 W System.err: 	at sun.nio.ch.DatagramChannelImpl.send(DatagramChannelImpl.java:514)
11-26 12:07:31.224 14936 14972 W System.err: 	at symlab.CloudAR.network.TransmissionTask.run(TransmissionTask.java:133)
11-26 12:07:31.224 14936 14972 W System.err: 	at android.os.Handler.handleCallback(Handler.java:907)
11-26 12:07:31.224 14936 14972 W System.err: 	at android.os.Handler.dispatchMessage(Handler.java:105)
11-26 12:07:31.224 14936 14972 W System.err: 	at android.os.Looper.loop(Looper.java:216)
11-26 12:07:31.224 14936 14972 W System.err: 	at android.os.HandlerThread.run(HandlerThread.java:65)
11-26 12:07:31.256 14936 14972 W System.err: java.net.SocketException: Message too long
11-26 12:07:31.256 14936 14972 W System.err: 	at sun.nio.ch.DatagramChannelImpl.send0(Native Method)
11-26 12:07:31.256 14936 14972 W System.err: 	at sun.nio.ch.DatagramChannelImpl.sendFromNativeBuffer(DatagramChannelImpl.java:573)
11-26 12:07:31.256 14936 14972 W System.err: 	at sun.nio.ch.DatagramChannelImpl.send(DatagramChannelImpl.java:550)
11-26 12:07:31.256 14936 14972 W System.err: 	at sun.nio.ch.DatagramChannelImpl.send(DatagramChannelImpl.java:514)
11-26 12:07:31.256 14936 14972 W System.err: 	at symlab.CloudAR.network.TransmissionTask.run(TransmissionTask.java:133)
11-26 12:07:31.256 14936 14972 W System.err: 	at android.os.Handler.handleCallback(Handler.java:907)
11-26 12:07:31.256 14936 14972 W System.err: 	at android.os.Handler.dispatchMessage(Handler.java:105)
11-26 12:07:31.256 14936 14972 W System.err: 	at android.os.Looper.loop(Looper.java:216)
11-26 12:07:31.256 14936 14972 W System.err: 	at android.os.HandlerThread.run(HandlerThread.java:65)
11-26 12:07:31.294 14936 14972 W System.err: java.net.SocketException: Message too long
11-26 12:07:31.294 14936 14972 W System.err: 	at sun.nio.ch.DatagramChannelImpl.send0(Native Method)
11-26 12:07:31.294 14936 14972 W System.err: 	at sun.nio.ch.DatagramChannelImpl.sendFromNativeBuffer(DatagramChannelImpl.java:573)
11-26 12:07:31.294 14936 14972 W System.err: 	at sun.nio.ch.DatagramChannelImpl.send(DatagramChannelImpl.java:550)
11-26 12:07:31.294 14936 14972 W System.err: 	at sun.nio.ch.DatagramChannelImpl.send(DatagramChannelImpl.java:514)
11-26 12:07:31.294 14936 14972 W System.err: 	at symlab.CloudAR.network.TransmissionTask.run(TransmissionTask.java:133)
11-26 12:07:31.294 14936 14972 W System.err: 	at android.os.Handler.handleCallback(Handler.java:907)
11-26 12:07:31.294 14936 14972 W System.err: 	at android.os.Handler.dispatchMessage(Handler.java:105)
11-26 12:07:31.294 14936 14972 W System.err: 	at android.os.Looper.loop(Looper.java:216)
11-26 12:07:31.294 14936 14972 W System.err: 	at android.os.HandlerThread.run(HandlerThread.java:65)
11-26 12:07:31.334 14936 14972 W System.err: java.net.SocketException: Message too long
11-26 12:07:31.334 14936 14972 W System.err: 	at sun.nio.ch.DatagramChannelImpl.send0(Native Method)
11-26 12:07:31.334 14936 14972 W System.err: 	at sun.nio.ch.DatagramChannelImpl.sendFromNativeBuffer(DatagramChannelImpl.java:573)
11-26 12:07:31.334 14936 14972 W System.err: 	at sun.nio.ch.DatagramChannelImpl.send(DatagramChannelImpl.java:550)
11-26 12:07:31.334 14936 14972 W System.err: 	at sun.nio.ch.DatagramChannelImpl.send(DatagramChannelImpl.java:514)
11-26 12:07:31.334 14936 14972 W System.err: 	at symlab.CloudAR.network.TransmissionTask.run(TransmissionTask.java:133)
11-26 12:07:31.334 14936 14972 W System.err: 	at android.os.Handler.handleCallback(Handler.java:907)
11-26 12:07:31.334 14936 14972 W System.err: 	at android.os.Handler.dispatchMessage(Handler.java:105)
11-26 12:07:31.334 14936 14972 W System.err: 	at android.os.Looper.loop(Looper.java:216)
11-26 12:07:31.334 14936 14972 W System.err: 	at android.os.HandlerThread.run(HandlerThread.java:65)
11-26 12:07:31.370 14936 14972 W System.err: java.net.SocketException: Message too long
11-26 12:07:31.370 14936 14972 W System.err: 	at sun.nio.ch.DatagramChannelImpl.send0(Native Method)
11-26 12:07:31.370 14936 14972 W System.err: 	at sun.nio.ch.DatagramChannelImpl.sendFromNativeBuffer(DatagramChannelImpl.java:573)
11-26 12:07:31.370 14936 14972 W System.err: 	at sun.nio.ch.DatagramChannelImpl.send(DatagramChannelImpl.java:550)
11-26 12:07:31.370 14936 14972 W System.err: 	at sun.nio.ch.DatagramChannelImpl.send(DatagramChannelImpl.java:514)
11-26 12:07:31.370 14936 14972 W System.err: 	at symlab.CloudAR.network.TransmissionTask.run(TransmissionTask.java:133)
11-26 12:07:31.370 14936 14972 W System.err: 	at android.os.Handler.handleCallback(Handler.java:907)
11-26 12:07:31.370 14936 14972 W System.err: 	at android.os.Handler.dispatchMessage(Handler.java:105)
11-26 12:07:31.370 14936 14972 W System.err: 	at android.os.Looper.loop(Looper.java:216)
11-26 12:07:31.371 14936 14972 W System.err: 	at android.os.HandlerThread.run(HandlerThread.java:65)
