11-26 11:19:32.534  7377  7412 W System.err: 	at android.os.Handler.dispatchMessage(Handler.java:105)
11-26 11:19:32.534  7377  7412 W System.err: 	at android.os.Looper.loop(Looper.java:216)
11-26 11:19:32.534  7377  7412 W System.err: 	at android.os.HandlerThread.run(HandlerThread.java:65)
11-26 11:19:32.557  7377  7412 W System.err: java.net.SocketException: Message too long
11-26 11:19:32.557  7377  7412 W System.err: 	at sun.nio.ch.DatagramChannelImpl.send0(Native Method)
11-26 11:19:32.557  7377  7412 W System.err: 	at sun.nio.ch.DatagramChannelImpl.sendFromNativeBuffer(DatagramChannelImpl.java:573)
11-26 11:19:32.557  7377  7412 W System.err: 	at sun.nio.ch.DatagramChannelImpl.send(DatagramChannelImpl.java:550)
11-26 11:19:32.557  7377  7412 W System.err: 	at sun.nio.ch.DatagramChannelImpl.send(DatagramChannelImpl.java:514)
11-26 11:19:32.557  7377  7412 W System.err: 	at symlab.CloudAR.network.TransmissionTask.run(TransmissionTask.java:133)
11-26 11:19:32.557  7377  7412 W System.err: 	at android.os.Handler.handleCallback(Handler.java:907)
11-26 11:19:32.557  7377  7412 W System.err: 	at android.os.Handler.dispatchMessage(Handler.java:105)
11-26 11:19:32.557  7377  7412 W System.err: 	at android.os.Looper.loop(Looper.java:216)
11-26 11:19:32.557  7377  7412 W System.err: 	at android.os.HandlerThread.run(HandlerThread.java:65)
11-26 11:19:32.583  7377  7412 W System.err: java.net.SocketException: Message too long
11-26 11:19:32.583  7377  7412 W System.err: 	at sun.nio.ch.DatagramChannelImpl.send0(Native Method)
11-26 11:19:32.583  7377  7412 W System.err: 	at sun.nio.ch.DatagramChannelImpl.sendFromNativeBuffer(DatagramChannelImpl.java:573)
11-26 11:19:32.583  7377  7412 W System.err: 	at sun.nio.ch.DatagramChannelImpl.send(DatagramChannelImpl.java:550)
11-26 11:19:32.583  7377  7412 W System.err: 	at sun.nio.ch.DatagramChannelImpl.send(DatagramChannelImpl.java:514)
11-26 11:19:32.583  7377  7412 W System.err: 	at symlab.CloudAR.network.TransmissionTask.run(TransmissionTask.java:133)
11-26 11:19:32.583  7377  7412 W System.err: 	at android.os.Handler.handleCallback(Handler.java:907)
11-26 11:19:32.583  7377  7412 W System.err: 	at android.os.Handler.dispatchMessage(Handler.java:105)
11-26 11:19:32.583  7377  7412 W System.err: 	at android.os.Looper.loop(Looper.java:216)
11-26 11:19:32.583  7377  7412 W System.err: 	at android.os.HandlerThread.run(HandlerThread.java:65)
11-26 11:19:32.612  7377  7412 W System.err: java.net.SocketException: Message too long
11-26 11:19:32.612  7377  7412 W System.err: 	at sun.nio.ch.DatagramChannelImpl.send0(Native Method)
11-26 11:19:32.612  7377  7412 W System.err: 	at sun.nio.ch.DatagramChannelImpl.sendFromNativeBuffer(DatagramChannelImpl.java:573)
11-26 11:19:32.612  7377  7412 W System.err: 	at sun.nio.ch.DatagramChannelImpl.send(DatagramChannelImpl.java:550)
11-26 11:19:32.612  7377  7412 W System.err: 	at sun.nio.ch.DatagramChannelImpl.send(DatagramChannelImpl.java:514)
11-26 11:19:32.612  7377  7412 W System.err: 	at symlab.CloudAR.network.TransmissionTask.run(TransmissionTask.java:133)
11-26 11:19:32.612  7377  7412 W System.err: 	at android.os.Handler.handleCallback(Handler.java:907)
11-26 11:19:32.612  7377  7412 W System.err: 	at android.os.Handler.dispatchMessage(Handler.java:105)
11-26 11:19:32.612  7377  7412 W System.err: 	at android.os.Looper.loop(Looper.java:216)
11-26 11:19:32.612  7377  7412 W System.err: 	at android.os.HandlerThread.run(HandlerThread.java:65)
11-26 11:19:32.657  7377  7412 W System.err: java.net.SocketException: Message too long
11-26 11:19:32.657  7377  7412 W System.err: 	at sun.nio.ch.DatagramChannelImpl.send0(Native Method)
11-26 11:19:32.657  7377  7412 W System.err: 	at sun.nio.ch.DatagramChannelImpl.sendFromNativeBuffer(DatagramChannelImpl.java:573)
11-26 11:19:32.657  7377  7412 W System.err: 	at sun.nio.ch.DatagramChannelImpl.send(DatagramChannelImpl.java:550)
11-26 11:19:32.657  7377  7412 W System.err: 	at sun.nio.ch.DatagramChannelImpl.send(DatagramChannelImpl.java:514)
11-26 11:19:32.657  7377  7412 W System.err: 	at symlab.CloudAR.network.TransmissionTask.run(TransmissionTask.java:133)
11-26 11:19:32.657  7377  7412 W System.err: 	at android.os.Handler.handleCallback(Handler.java:907)
11-26 11:19:32.657  7377  7412 W System.err: 	at android.os.Handler.dispatchMessage(Handler.java:105)
11-26 11:19:32.657  7377  7412 W System.err: 	at android.os.Looper.loop(Looper.java:216)
11-26 11:19:32.657  7377  7412 W System.err: 	at android.os.HandlerThread.run(HandlerThread.java:65)
11-26 11:19:32.680  7377  7412 W System.err: java.net.SocketException: Message too long
11-26 11:19:32.680  7377  7412 W System.err: 	at sun.nio.ch.DatagramChannelImpl.send0(Native Method)
11-26 11:19:32.680  7377  7412 W System.err: 	at sun.nio.ch.DatagramChannelImpl.sendFromNativeBuffer(DatagramChannelImpl.java:573)
11-26 11:19:32.680  7377  7412 W System.err: 	at sun.nio.ch.DatagramChannelImpl.send(DatagramChannelImpl.java:550)
11-26 11:19:32.680  7377  7412 W System.err: 	at sun.nio.ch.DatagramChannelImpl.send(DatagramChannelImpl.java:514)
11-26 11:19:32.680  7377  7412 W System.err: 	at symlab.CloudAR.network.TransmissionTask.run(TransmissionTask.java:133)
11-26 11:19:32.680  7377  7412 W System.err: 	at android.os.Handler.handleCallback(Handler.java:907)
11-26 11:19:32.680  7377  7412 W System.err: 	at android.os.Handler.dispatchMessage(Handler.java:105)
11-26 11:19:32.680  7377  7412 W System.err: 	at android.os.Looper.loop(Looper.java:216)
11-26 11:19:32.680  7377  7412 W System.err: 	at android.os.HandlerThread.run(HandlerThread.java:65)
11-26 11:19:32.720  7377  7389 E         : [ZeroHung]zrhung_get_config: Get config failed for wp[0x0008]
11-26 11:19:32.720  7377  7412 W System.err: java.net.SocketException: Message too long
11-26 11:19:32.720  7377  7412 W System.err: 	at sun.nio.ch.DatagramChannelImpl.send0(Native Method)
11-26 11:19:32.720  7377  7412 W System.err: 	at sun.nio.ch.DatagramChannelImpl.sendFromNativeBuffer(DatagramChannelImpl.java:573)
11-26 11:19:32.720  7377  7412 W System.err: 	at sun.nio.ch.DatagramChannelImpl.send(DatagramChannelImpl.java:550)
11-26 11:19:32.720  7377  7412 W System.err: 	at sun.nio.ch.DatagramChannelImpl.send(DatagramChannelImpl.java:514)
11-26 11:19:32.720  7377  7412 W System.err: 	at symlab.CloudAR.network.TransmissionTask.run(TransmissionTask.java:133)
11-26 11:19:32.720  7377  7412 W System.err: 	at android.os.Handler.handleCallback(Handler.java:907)
11-26 11:19:32.720  7377  7412 W System.err: 	at android.os.Handler.dispatchMessage(Handler.java:105)
11-26 11:19:32.720  7377  7412 W System.err: 	at android.os.Looper.loop(Looper.java:216)
11-26 11:19:32.720  7377  7412 W System.err: 	at android.os.HandlerThread.run(HandlerThread.java:65)
11-26 11:19:32.747  7377  7412 W System.err: java.net.SocketException: Message too long
11-26 11:19:32.748  7377  7412 W System.err: 	at sun.nio.ch.DatagramChannelImpl.send0(Native Method)
11-26 11:19:32.748  7377  7412 W System.err: 	at sun.nio.ch.DatagramChannelImpl.sendFromNativeBuffer(DatagramChannelImpl.java:573)
11-26 11:19:32.748  7377  7412 W System.err: 	at sun.nio.ch.DatagramChannelImpl.send(DatagramChannelImpl.java:550)
11-26 11:19:32.748  7377  7412 W System.err: 	at sun.nio.ch.DatagramChannelImpl.send(DatagramChannelImpl.java:514)
11-26 11:19:32.748  7377  7412 W System.err: 	at symlab.CloudAR.network.TransmissionTask.run(TransmissionTask.java:133)
11-26 11:19:32.748  7377  7412 W System.err: 	at android.os.Handler.handleCallback(Handler.java:907)
11-26 11:19:32.748  7377  7412 W System.err: 	at android.os.Handler.dispatchMessage(Handler.java:105)
11-26 11:19:32.748  7377  7412 W System.err: 	at android.os.Looper.loop(Looper.java:216)
11-26 11:19:32.748  7377  7412 W System.err: 	at android.os.HandlerThread.run(HandlerThread.java:65)
11-26 11:19:32.791  7377  7412 W System.err: java.net.SocketException: Message too long
11-26 11:19:32.791  7377  7412 W System.err: 	at sun.nio.ch.DatagramChannelImpl.send0(Native Method)
11-26 11:19:32.791  7377  7412 W System.err: 	at sun.nio.ch.DatagramChannelImpl.sendFromNativeBuffer(DatagramChannelImpl.java:573)
11-26 11:19:32.791  7377  7412 W System.err: 	at sun.nio.ch.DatagramChannelImpl.send(DatagramChannelImpl.java:550)
11-26 11:19:32.791  7377  7412 W System.err: 	at sun.nio.ch.DatagramChannelImpl.send(DatagramChannelImpl.java:514)
11-26 11:19:32.791  7377  7412 W System.err: 	at symlab.CloudAR.network.TransmissionTask.run(TransmissionTask.java:133)
11-26 11:19:32.791  7377  7412 W System.err: 	at android.os.Handler.handleCallback(Handler.java:907)
11-26 11:19:32.791  7377  7412 W System.err: 	at android.os.Handler.dispatchMessage(Handler.java:105)
11-26 11:19:32.791  7377  7412 W System.err: 	at android.os.Looper.loop(Looper.java:216)
11-26 11:19:32.791  7377  7412 W System.err: 	at android.os.HandlerThread.run(HandlerThread.java:65)
11-26 11:19:32.811  7377  7412 W System.err: java.net.SocketException: Message too long
11-26 11:19:32.812  7377  7412 W System.err: 	at sun.nio.ch.DatagramChannelImpl.send0(Native Method)
11-26 11:19:32.812  7377  7412 W System.err: 	at sun.nio.ch.DatagramChannelImpl.sendFromNativeBuffer(DatagramChannelImpl.java:573)
11-26 11:19:32.812  7377  7412 W System.err: 	at sun.nio.ch.DatagramChannelImpl.send(DatagramChannelImpl.java:550)
11-26 11:19:32.812  7377  7412 W System.err: 	at sun.nio.ch.DatagramChannelImpl.send(DatagramChannelImpl.java:514)
11-26 11:19:32.812  7377  7412 W System.err: 	at symlab.CloudAR.network.TransmissionTask.run(TransmissionTask.java:133)
11-26 11:19:32.812  7377  7412 W System.err: 	at android.os.Handler.handleCallback(Handler.java:907)
11-26 11:19:32.812  7377  7412 W System.err: 	at android.os.Handler.dispatchMessage(Handler.java:105)
11-26 11:19:32.812  7377  7412 W System.err: 	at android.os.Looper.loop(Looper.java:216)
11-26 11:19:32.812  7377  7412 W System.err: 	at android.os.HandlerThread.run(HandlerThread.java:65)
11-26 11:19:32.857  7377  7412 W System.err: java.net.SocketException: Message too long
11-26 11:19:32.857  7377  7412 W System.err: 	at sun.nio.ch.DatagramChannelImpl.send0(Native Method)
11-26 11:19:32.857  7377  7412 W System.err: 	at sun.nio.ch.DatagramChannelImpl.sendFromNativeBuffer(DatagramChannelImpl.java:573)
11-26 11:19:32.857  7377  7412 W System.err: 	at sun.nio.ch.DatagramChannelImpl.send(DatagramChannelImpl.java:550)
11-26 11:19:32.857  7377  7412 W System.err: 	at sun.nio.ch.DatagramChannelImpl.send(DatagramChannelImpl.java:514)
11-26 11:19:32.857  7377  7412 W System.err: 	at symlab.CloudAR.network.TransmissionTask.run(TransmissionTask.java:133)
11-26 11:19:32.857  7377  7412 W System.err: 	at android.os.Handler.handleCallback(Handler.java:907)
11-26 11:19:32.857  7377  7412 W System.err: 	at android.os.Handler.dispatchMessage(Handler.java:105)
11-26 11:19:32.857  7377  7412 W System.err: 	at android.os.Looper.loop(Looper.java:216)
11-26 11:19:32.857  7377  7412 W System.err: 	at android.os.HandlerThread.run(HandlerThread.java:65)
11-26 11:19:32.879  7377  7412 W System.err: java.net.SocketException: Message too long
11-26 11:19:32.879  7377  7412 W System.err: 	at sun.nio.ch.DatagramChannelImpl.send0(Native Method)
11-26 11:19:32.879  7377  7412 W System.err: 	at sun.nio.ch.DatagramChannelImpl.sendFromNativeBuffer(DatagramChannelImpl.java:573)
11-26 11:19:32.879  7377  7412 W System.err: 	at sun.nio.ch.DatagramChannelImpl.send(DatagramChannelImpl.java:550)
11-26 11:19:32.879  7377  7412 W System.err: 	at sun.nio.ch.DatagramChannelImpl.send(DatagramChannelImpl.java:514)
11-26 11:19:32.879  7377  7412 W System.err: 	at symlab.CloudAR.network.TransmissionTask.run(TransmissionTask.java:133)
11-26 11:19:32.879  7377  7412 W System.err: 	at android.os.Handler.handleCallback(Handler.java:907)
11-26 11:19:32.879  7377  7412 W System.err: 	at android.os.Handler.dispatchMessage(Handler.java:105)
11-26 11:19:32.879  7377  7412 W System.err: 	at android.os.Looper.loop(Looper.java:216)
11-26 11:19:32.879  7377  7412 W System.err: 	at android.os.HandlerThread.run(HandlerThread.java:65)
11-26 11:19:32.919  7377  7412 W System.err: java.net.SocketException: Message too long
11-26 11:19:32.919  7377  7412 W System.err: 	at sun.nio.ch.DatagramChannelImpl.send0(Native Method)
11-26 11:19:32.919  7377  7412 W System.err: 	at sun.nio.ch.DatagramChannelImpl.sendFromNativeBuffer(DatagramChannelImpl.java:573)
11-26 11:19:32.919  7377  7412 W System.err: 	at sun.nio.ch.DatagramChannelImpl.send(DatagramChannelImpl.java:550)
11-26 11:19:32.919  7377  7412 W System.err: 	at sun.nio.ch.DatagramChannelImpl.send(DatagramChannelImpl.java:514)
11-26 11:19:32.919  7377  7412 W System.err: 	at symlab.CloudAR.network.TransmissionTask.run(TransmissionTask.java:133)
11-26 11:19:32.919  7377  7412 W System.err: 	at android.os.Handler.handleCallback(Handler.java:907)
11-26 11:19:32.919  7377  7412 W System.err: 	at android.os.Handler.dispatchMessage(Handler.java:105)
11-26 11:19:32.919  7377  7412 W System.err: 	at android.os.Looper.loop(Looper.java:216)
11-26 11:19:32.919  7377  7412 W System.err: 	at android.os.HandlerThread.run(HandlerThread.java:65)
11-26 11:19:32.947  7377  7412 W System.err: java.net.SocketException: Message too long
11-26 11:19:32.947  7377  7412 W System.err: 	at sun.nio.ch.DatagramChannelImpl.send0(Native Method)
11-26 11:19:32.947  7377  7412 W System.err: 	at sun.nio.ch.DatagramChannelImpl.sendFromNativeBuffer(DatagramChannelImpl.java:573)
11-26 11:19:32.947  7377  7412 W System.err: 	at sun.nio.ch.DatagramChannelImpl.send(DatagramChannelImpl.java:550)
11-26 11:19:32.947  7377  7412 W System.err: 	at sun.nio.ch.DatagramChannelImpl.send(DatagramChannelImpl.java:514)
11-26 11:19:32.947  7377  7412 W System.err: 	at symlab.CloudAR.network.TransmissionTask.run(TransmissionTask.java:133)
11-26 11:19:32.947  7377  7412 W System.err: 	at android.os.Handler.handleCallback(Handler.java:907)
11-26 11:19:32.947  7377  7412 W System.err: 	at android.os.Handler.dispatchMessage(Handler.java:105)
11-26 11:19:32.948  7377  7412 W System.err: 	at android.os.Looper.loop(Looper.java:216)
11-26 11:19:32.948  7377  7412 W System.err: 	at android.os.HandlerThread.run(HandlerThread.java:65)
11-26 11:19:32.993  7377  7412 W System.err: java.net.SocketException: Message too long
11-26 11:19:32.993  7377  7412 W System.err: 	at sun.nio.ch.DatagramChannelImpl.send0(Native Method)
11-26 11:19:32.994  7377  7412 W System.err: 	at sun.nio.ch.DatagramChannelImpl.sendFromNativeBuffer(DatagramChannelImpl.java:573)
11-26 11:19:32.994  7377  7412 W System.err: 	at sun.nio.ch.DatagramChannelImpl.send(DatagramChannelImpl.java:550)
11-26 11:19:32.994  7377  7412 W System.err: 	at sun.nio.ch.DatagramChannelImpl.send(DatagramChannelImpl.java:514)
11-26 11:19:32.994  7377  7412 W System.err: 	at symlab.CloudAR.network.TransmissionTask.run(TransmissionTask.java:133)
11-26 11:19:32.994  7377  7412 W System.err: 	at android.os.Handler.handleCallback(Handler.java:907)
11-26 11:19:32.994  7377  7412 W System.err: 	at android.os.Handler.dispatchMessage(Handler.java:105)
11-26 11:19:32.994  7377  7412 W System.err: 	at android.os.Looper.loop(Looper.java:216)
11-26 11:19:32.994  7377  7412 W System.err: 	at android.os.HandlerThread.run(HandlerThread.java:65)
11-26 11:19:33.018  7377  7412 W System.err: java.net.SocketException: Message too long
11-26 11:19:33.018  7377  7412 W System.err: 	at sun.nio.ch.DatagramChannelImpl.send0(Native Method)
11-26 11:19:33.018  7377  7412 W System.err: 	at sun.nio.ch.DatagramChannelImpl.sendFromNativeBuffer(DatagramChannelImpl.java:573)
11-26 11:19:33.018  7377  7412 W System.err: 	at sun.nio.ch.DatagramChannelImpl.send(DatagramChannelImpl.java:550)
11-26 11:19:33.018  7377  7412 W System.err: 	at sun.nio.ch.DatagramChannelImpl.send(DatagramChannelImpl.java:514)
11-26 11:19:33.018  7377  7412 W System.err: 	at symlab.CloudAR.network.TransmissionTask.run(TransmissionTask.java:133)
11-26 11:19:33.018  7377  7412 W System.err: 	at android.os.Handler.handleCallback(Handler.java:907)
11-26 11:19:33.018  7377  7412 W System.err: 	at android.os.Handler.dispatchMessage(Handler.java:105)
11-26 11:19:33.018  7377  7412 W System.err: 	at android.os.Looper.loop(Looper.java:216)
11-26 11:19:33.018  7377  7412 W System.err: 	at android.os.HandlerThread.run(HandlerThread.java:65)
11-26 11:19:33.073  7377  7412 W System.err: java.net.SocketException: Message too long
11-26 11:19:33.073  7377  7412 W System.err: 	at sun.nio.ch.DatagramChannelImpl.send0(Native Method)
11-26 11:19:33.073  7377  7412 W System.err: 	at sun.nio.ch.DatagramChannelImpl.sendFromNativeBuffer(DatagramChannelImpl.java:573)
11-26 11:19:33.073  7377  7412 W System.err: 	at sun.nio.ch.DatagramChannelImpl.send(DatagramChannelImpl.java:550)
11-26 11:19:33.073  7377  7412 W System.err: 	at sun.nio.ch.DatagramChannelImpl.send(DatagramChannelImpl.java:514)
11-26 11:19:33.073  7377  7412 W System.err: 	at symlab.CloudAR.network.TransmissionTask.run(TransmissionTask.java:133)
11-26 11:19:33.073  7377  7412 W System.err: 	at android.os.Handler.handleCallback(Handler.java:907)
11-26 11:19:33.073  7377  7412 W System.err: 	at android.os.Handler.dispatchMessage(Handler.java:105)
11-26 11:19:33.073  7377  7412 W System.err: 	at android.os.Looper.loop(Looper.java:216)
11-26 11:19:33.073  7377  7412 W System.err: 	at android.os.HandlerThread.run(HandlerThread.java:65)
11-26 11:19:33.092  7377  7412 W System.err: java.net.SocketException: Message too long
11-26 11:19:33.092  7377  7412 W System.err: 	at sun.nio.ch.DatagramChannelImpl.send0(Native Method)
11-26 11:19:33.092  7377  7412 W System.err: 	at sun.nio.ch.DatagramChannelImpl.sendFromNativeBuffer(DatagramChannelImpl.java:573)
11-26 11:19:33.092  7377  7412 W System.err: 	at sun.nio.ch.DatagramChannelImpl.send(DatagramChannelImpl.java:550)
11-26 11:19:33.092  7377  7412 W System.err: 	at sun.nio.ch.DatagramChannelImpl.send(DatagramChannelImpl.java:514)
11-26 11:19:33.092  7377  7412 W System.err: 	at symlab.CloudAR.network.TransmissionTask.run(TransmissionTask.java:133)
11-26 11:19:33.092  7377  7412 W System.err: 	at android.os.Handler.handleCallback(Handler.java:907)
11-26 11:19:33.092  7377  7412 W System.err: 	at android.os.Handler.dispatchMessage(Handler.java:105)
11-26 11:19:33.092  7377  7412 W System.err: 	at android.os.Looper.loop(Looper.java:216)
11-26 11:19:33.092  7377  7412 W System.err: 	at android.os.HandlerThread.run(HandlerThread.java:65)
11-26 11:19:33.123  7377  7412 W System.err: java.net.SocketException: Message too long
11-26 11:19:33.123  7377  7412 W System.err: 	at sun.nio.ch.DatagramChannelImpl.send0(Native Method)
11-26 11:19:33.123  7377  7412 W System.err: 	at sun.nio.ch.DatagramChannelImpl.sendFromNativeBuffer(DatagramChannelImpl.java:573)
11-26 11:19:33.123  7377  7412 W System.err: 	at sun.nio.ch.DatagramChannelImpl.send(DatagramChannelImpl.java:550)
11-26 11:19:33.123  7377  7412 W System.err: 	at sun.nio.ch.DatagramChannelImpl.send(DatagramChannelImpl.java:514)
11-26 11:19:33.123  7377  7412 W System.err: 	at symlab.CloudAR.network.TransmissionTask.run(TransmissionTask.java:133)
11-26 11:19:33.123  7377  7412 W System.err: 	at android.os.Handler.handleCallback(Handler.java:907)
11-26 11:19:33.123  7377  7412 W System.err: 	at android.os.Handler.dispatchMessage(Handler.java:105)
11-26 11:19:33.123  7377  7412 W System.err: 	at android.os.Looper.loop(Looper.java:216)
11-26 11:19:33.123  7377  7412 W System.err: 	at android.os.HandlerThread.run(HandlerThread.java:65)
11-26 11:19:33.148  7377  7412 W System.err: java.net.SocketException: Message too long
11-26 11:19:33.148  7377  7412 W System.err: 	at sun.nio.ch.DatagramChannelImpl.send0(Native Method)
11-26 11:19:33.148  7377  7412 W System.err: 	at sun.nio.ch.DatagramChannelImpl.sendFromNativeBuffer(DatagramChannelImpl.java:573)
11-26 11:19:33.148  7377  7412 W System.err: 	at sun.nio.ch.DatagramChannelImpl.send(DatagramChannelImpl.java:550)
11-26 11:19:33.148  7377  7412 W System.err: 	at sun.nio.ch.DatagramChannelImpl.send(DatagramChannelImpl.java:514)
11-26 11:19:33.148  7377  7412 W System.err: 	at symlab.CloudAR.network.TransmissionTask.run(TransmissionTask.java:133)
11-26 11:19:33.148  7377  7412 W System.err: 	at android.os.Handler.handleCallback(Handler.java:907)
11-26 11:19:33.148  7377  7412 W System.err: 	at android.os.Handler.dispatchMessage(Handler.java:105)
11-26 11:19:33.148  7377  7412 W System.err: 	at android.os.Looper.loop(Looper.java:216)
11-26 11:19:33.148  7377  7412 W System.err: 	at android.os.HandlerThread.run(HandlerThread.java:65)
11-26 11:19:33.185  7377  7412 W System.err: java.net.SocketException: Message too long
11-26 11:19:33.185  7377  7412 W System.err: 	at sun.nio.ch.DatagramChannelImpl.send0(Native Method)
11-26 11:19:33.185  7377  7412 W System.err: 	at sun.nio.ch.DatagramChannelImpl.sendFromNativeBuffer(DatagramChannelImpl.java:573)
11-26 11:19:33.185  7377  7412 W System.err: 	at sun.nio.ch.DatagramChannelImpl.send(DatagramChannelImpl.java:550)
11-26 11:19:33.185  7377  7412 W System.err: 	at sun.nio.ch.DatagramChannelImpl.send(DatagramChannelImpl.java:514)
11-26 11:19:33.185  7377  7412 W System.err: 	at symlab.CloudAR.network.TransmissionTask.run(TransmissionTask.java:133)
11-26 11:19:33.185  7377  7412 W System.err: 	at android.os.Handler.handleCallback(Handler.java:907)
11-26 11:19:33.185  7377  7412 W System.err: 	at android.os.Handler.dispatchMessage(Handler.java:105)
11-26 11:19:33.185  7377  7412 W System.err: 	at android.os.Looper.loop(Looper.java:216)
11-26 11:19:33.185  7377  7412 W System.err: 	at android.os.HandlerThread.run(HandlerThread.java:65)
11-26 11:19:33.212  7377  7377 D Poster  : At 1574759973212 location is 65.05849151229837 (latitude), and 25.468846468186484 (longitude)
11-26 11:19:33.213  7377  7377 D Poster  : Connected to mobile network 20
11-26 11:19:33.217  7377  7412 W System.err: java.net.SocketException: Message too long
11-26 11:19:33.217  7377  7412 W System.err: 	at sun.nio.ch.DatagramChannelImpl.send0(Native Method)
11-26 11:19:33.217  7377  7412 W System.err: 	at sun.nio.ch.DatagramChannelImpl.sendFromNativeBuffer(DatagramChannelImpl.java:573)
11-26 11:19:33.217  7377  7412 W System.err: 	at sun.nio.ch.DatagramChannelImpl.send(DatagramChannelImpl.java:550)
11-26 11:19:33.217  7377  7412 W System.err: 	at sun.nio.ch.DatagramChannelImpl.send(DatagramChannelImpl.java:514)
11-26 11:19:33.217  7377  7412 W System.err: 	at symlab.CloudAR.network.TransmissionTask.run(TransmissionTask.java:133)
11-26 11:19:33.217  7377  7412 W System.err: 	at android.os.Handler.handleCallback(Handler.java:907)
11-26 11:19:33.217  7377  7412 W System.err: 	at android.os.Handler.dispatchMessage(Handler.java:105)
11-26 11:19:33.217  7377  7412 W System.err: 	at android.os.Looper.loop(Looper.java:216)
11-26 11:19:33.217  7377  7412 W System.err: 	at android.os.HandlerThread.run(HandlerThread.java:65)
11-26 11:19:33.249  7377  7412 W System.err: java.net.SocketException: Message too long
11-26 11:19:33.249  7377  7412 W System.err: 	at sun.nio.ch.DatagramChannelImpl.send0(Native Method)
11-26 11:19:33.249  7377  7412 W System.err: 	at sun.nio.ch.DatagramChannelImpl.sendFromNativeBuffer(DatagramChannelImpl.java:573)
11-26 11:19:33.249  7377  7412 W System.err: 	at sun.nio.ch.DatagramChannelImpl.send(DatagramChannelImpl.java:550)
11-26 11:19:33.249  7377  7412 W System.err: 	at sun.nio.ch.DatagramChannelImpl.send(DatagramChannelImpl.java:514)
11-26 11:19:33.249  7377  7412 W System.err: 	at symlab.CloudAR.network.TransmissionTask.run(TransmissionTask.java:133)
11-26 11:19:33.249  7377  7412 W System.err: 	at android.os.Handler.handleCallback(Handler.java:907)
11-26 11:19:33.249  7377  7412 W System.err: 	at android.os.Handler.dispatchMessage(Handler.java:105)
11-26 11:19:33.249  7377  7412 W System.err: 	at android.os.Looper.loop(Looper.java:216)
11-26 11:19:33.249  7377  7412 W System.err: 	at android.os.HandlerThread.run(HandlerThread.java:65)
11-26 11:19:33.285  7377  7412 W System.err: java.net.SocketException: Message too long
11-26 11:19:33.285  7377  7412 W System.err: 	at sun.nio.ch.DatagramChannelImpl.send0(Native Method)
11-26 11:19:33.285  7377  7412 W System.err: 	at sun.nio.ch.DatagramChannelImpl.sendFromNativeBuffer(DatagramChannelImpl.java:573)
11-26 11:19:33.285  7377  7412 W System.err: 	at sun.nio.ch.DatagramChannelImpl.send(DatagramChannelImpl.java:550)
11-26 11:19:33.285  7377  7412 W System.err: 	at sun.nio.ch.DatagramChannelImpl.send(DatagramChannelImpl.java:514)
11-26 11:19:33.285  7377  7412 W System.err: 	at symlab.CloudAR.network.TransmissionTask.run(TransmissionTask.java:133)
11-26 11:19:33.285  7377  7412 W System.err: 	at android.os.Handler.handleCallback(Handler.java:907)
11-26 11:19:33.285  7377  7412 W System.err: 	at android.os.Handler.dispatchMessage(Handler.java:105)
11-26 11:19:33.285  7377  7412 W System.err: 	at android.os.Looper.loop(Looper.java:216)
11-26 11:19:33.285  7377  7412 W System.err: 	at android.os.HandlerThread.run(HandlerThread.java:65)
11-26 11:19:33.329  7377  7412 W System.err: java.net.SocketException: Message too long
11-26 11:19:33.329  7377  7412 W System.err: 	at sun.nio.ch.DatagramChannelImpl.send0(Native Method)
11-26 11:19:33.329  7377  7412 W System.err: 	at sun.nio.ch.DatagramChannelImpl.sendFromNativeBuffer(DatagramChannelImpl.java:573)
11-26 11:19:33.329  7377  7412 W System.err: 	at sun.nio.ch.DatagramChannelImpl.send(DatagramChannelImpl.java:550)
11-26 11:19:33.329  7377  7412 W System.err: 	at sun.nio.ch.DatagramChannelImpl.send(DatagramChannelImpl.java:514)
11-26 11:19:33.329  7377  7412 W System.err: 	at symlab.CloudAR.network.TransmissionTask.run(TransmissionTask.java:133)
11-26 11:19:33.329  7377  7412 W System.err: 	at android.os.Handler.handleCallback(Handler.java:907)
11-26 11:19:33.329  7377  7412 W System.err: 	at android.os.Handler.dispatchMessage(Handler.java:105)
11-26 11:19:33.329  7377  7412 W System.err: 	at android.os.Looper.loop(Looper.java:216)
11-26 11:19:33.329  7377  7412 W System.err: 	at android.os.HandlerThread.run(HandlerThread.java:65)
11-26 11:19:33.361  7377  7412 W System.err: java.net.SocketException: Message too long
11-26 11:19:33.361  7377  7412 W System.err: 	at sun.nio.ch.DatagramChannelImpl.send0(Native Method)
11-26 11:19:33.361  7377  7412 W System.err: 	at sun.nio.ch.DatagramChannelImpl.sendFromNativeBuffer(DatagramChannelImpl.java:573)
11-26 11:19:33.361  7377  7412 W System.err: 	at sun.nio.ch.DatagramChannelImpl.send(DatagramChannelImpl.java:550)
11-26 11:19:33.361  7377  7412 W System.err: 	at sun.nio.ch.DatagramChannelImpl.send(DatagramChannelImpl.java:514)
11-26 11:19:33.361  7377  7412 W System.err: 	at symlab.CloudAR.network.TransmissionTask.run(TransmissionTask.java:133)
11-26 11:19:33.361  7377  7412 W System.err: 	at android.os.Handler.handleCallback(Handler.java:907)
11-26 11:19:33.361  7377  7412 W System.err: 	at android.os.Handler.dispatchMessage(Handler.java:105)
11-26 11:19:33.361  7377  7412 W System.err: 	at android.os.Looper.loop(Looper.java:216)
11-26 11:19:33.361  7377  7412 W System.err: 	at android.os.HandlerThread.run(HandlerThread.java:65)
11-26 11:19:33.386  7377  7412 W System.err: java.net.SocketException: Message too long
11-26 11:19:33.386  7377  7412 W System.err: 	at sun.nio.ch.DatagramChannelImpl.send0(Native Method)
11-26 11:19:33.386  7377  7412 W System.err: 	at sun.nio.ch.DatagramChannelImpl.sendFromNativeBuffer(DatagramChannelImpl.java:573)
11-26 11:19:33.386  7377  7412 W System.err: 	at sun.nio.ch.DatagramChannelImpl.send(DatagramChannelImpl.java:550)
11-26 11:19:33.386  7377  7412 W System.err: 	at sun.nio.ch.DatagramChannelImpl.send(DatagramChannelImpl.java:514)
11-26 11:19:33.386  7377  7412 W System.err: 	at symlab.CloudAR.network.TransmissionTask.run(TransmissionTask.java:133)
11-26 11:19:33.386  7377  7412 W System.err: 	at android.os.Handler.handleCallback(Handler.java:907)
11-26 11:19:33.386  7377  7412 W System.err: 	at android.os.Handler.dispatchMessage(Handler.java:105)
11-26 11:19:33.386  7377  7412 W System.err: 	at android.os.Looper.loop(Looper.java:216)
11-26 11:19:33.386  7377  7412 W System.err: 	at android.os.HandlerThread.run(HandlerThread.java:65)
11-26 11:19:33.427  7377  7412 W System.err: java.net.SocketException: Message too long
11-26 11:19:33.427  7377  7412 W System.err: 	at sun.nio.ch.DatagramChannelImpl.send0(Native Method)
11-26 11:19:33.427  7377  7412 W System.err: 	at sun.nio.ch.DatagramChannelImpl.sendFromNativeBuffer(DatagramChannelImpl.java:573)
11-26 11:19:33.427  7377  7412 W System.err: 	at sun.nio.ch.DatagramChannelImpl.send(DatagramChannelImpl.java:550)
11-26 11:19:33.427  7377  7412 W System.err: 	at sun.nio.ch.DatagramChannelImpl.send(DatagramChannelImpl.java:514)
11-26 11:19:33.427  7377  7412 W System.err: 	at symlab.CloudAR.network.TransmissionTask.run(TransmissionTask.java:133)
11-26 11:19:33.427  7377  7412 W System.err: 	at android.os.Handler.handleCallback(Handler.java:907)
11-26 11:19:33.427  7377  7412 W System.err: 	at android.os.Handler.dispatchMessage(Handler.java:105)
11-26 11:19:33.427  7377  7412 W System.err: 	at android.os.Looper.loop(Looper.java:216)
11-26 11:19:33.427  7377  7412 W System.err: 	at android.os.HandlerThread.run(HandlerThread.java:65)
11-26 11:19:33.463  7377  7389 E         : [ZeroHung]zrhung_get_config: Get config failed for wp[0x0008]
11-26 11:19:33.479  7377  7387 W System  : A resource failed to call close. 
11-26 11:19:33.554  7377  7412 W System.err: java.net.SocketException: Message too long
11-26 11:19:33.554  7377  7412 W System.err: 	at sun.nio.ch.DatagramChannelImpl.send0(Native Method)
11-26 11:19:33.554  7377  7412 W System.err: 	at sun.nio.ch.DatagramChannelImpl.sendFromNativeBuffer(DatagramChannelImpl.java:573)
11-26 11:19:33.554  7377  7412 W System.err: 	at sun.nio.ch.DatagramChannelImpl.send(DatagramChannelImpl.java:550)
11-26 11:19:33.554  7377  7412 W System.err: 	at sun.nio.ch.DatagramChannelImpl.send(DatagramChannelImpl.java:514)
11-26 11:19:33.554  7377  7412 W System.err: 	at symlab.CloudAR.network.TransmissionTask.run(TransmissionTask.java:133)
11-26 11:19:33.554  7377  7412 W System.err: 	at android.os.Handler.handleCallback(Handler.java:907)
11-26 11:19:33.554  7377  7412 W System.err: 	at android.os.Handler.dispatchMessage(Handler.java:105)
11-26 11:19:33.554  7377  7412 W System.err: 	at android.os.Looper.loop(Looper.java:216)
11-26 11:19:33.554  7377  7412 W System.err: 	at android.os.HandlerThread.run(HandlerThread.java:65)
11-26 11:19:33.614  7377  7412 W System.err: java.net.SocketException: Message too long
11-26 11:19:33.614  7377  7412 W System.err: 	at sun.nio.ch.DatagramChannelImpl.send0(Native Method)
11-26 11:19:33.614  7377  7412 W System.err: 	at sun.nio.ch.DatagramChannelImpl.sendFromNativeBuffer(DatagramChannelImpl.java:573)
11-26 11:19:33.614  7377  7412 W System.err: 	at sun.nio.ch.DatagramChannelImpl.send(DatagramChannelImpl.java:550)
11-26 11:19:33.614  7377  7412 W System.err: 	at sun.nio.ch.DatagramChannelImpl.send(DatagramChannelImpl.java:514)
11-26 11:19:33.614  7377  7412 W System.err: 	at symlab.CloudAR.network.TransmissionTask.run(TransmissionTask.java:133)
11-26 11:19:33.614  7377  7412 W System.err: 	at android.os.Handler.handleCallback(Handler.java:907)
11-26 11:19:33.614  7377  7412 W System.err: 	at android.os.Handler.dispatchMessage(Handler.java:105)
11-26 11:19:33.614  7377  7412 W System.err: 	at android.os.Looper.loop(Looper.java:216)
11-26 11:19:33.614  7377  7412 W System.err: 	at android.os.HandlerThread.run(HandlerThread.java:65)
11-26 11:19:34.214  7377  7377 D Poster  : At 1574759974214 location is 65.05849415182112 (latitude), and 25.46883349585796 (longitude)
11-26 11:19:34.217  7377  7377 D Poster  : Connected to mobile network 20
11-26 11:19:34.223  7377  7412 W System.err: java.net.SocketException: Message too long
11-26 11:19:34.223  7377  7412 W System.err: 	at sun.nio.ch.DatagramChannelImpl.send0(Native Method)
11-26 11:19:34.223  7377  7412 W System.err: 	at sun.nio.ch.DatagramChannelImpl.sendFromNativeBuffer(DatagramChannelImpl.java:573)
11-26 11:19:34.223  7377  7412 W System.err: 	at sun.nio.ch.DatagramChannelImpl.send(DatagramChannelImpl.java:550)
11-26 11:19:34.223  7377  7412 W System.err: 	at sun.nio.ch.DatagramChannelImpl.send(DatagramChannelImpl.java:514)
11-26 11:19:34.223  7377  7412 W System.err: 	at symlab.CloudAR.network.TransmissionTask.run(TransmissionTask.java:133)
11-26 11:19:34.223  7377  7412 W System.err: 	at android.os.Handler.handleCallback(Handler.java:907)
11-26 11:19:34.223  7377  7412 W System.err: 	at android.os.Handler.dispatchMessage(Handler.java:105)
11-26 11:19:34.223  7377  7412 W System.err: 	at android.os.Looper.loop(Looper.java:216)
11-26 11:19:34.224  7377  7412 W System.err: 	at android.os.HandlerThread.run(HandlerThread.java:65)
11-26 11:19:34.250  7377  7412 W System.err: java.net.SocketException: Message too long
11-26 11:19:34.250  7377  7412 W System.err: 	at sun.nio.ch.DatagramChannelImpl.send0(Native Method)
11-26 11:19:34.250  7377  7412 W System.err: 	at sun.nio.ch.DatagramChannelImpl.sendFromNativeBuffer(DatagramChannelImpl.java:573)
11-26 11:19:34.250  7377  7412 W System.err: 	at sun.nio.ch.DatagramChannelImpl.send(DatagramChannelImpl.java:550)
11-26 11:19:34.250  7377  7412 W System.err: 	at sun.nio.ch.DatagramChannelImpl.send(DatagramChannelImpl.java:514)
11-26 11:19:34.250  7377  7412 W System.err: 	at symlab.CloudAR.network.TransmissionTask.run(TransmissionTask.java:133)
11-26 11:19:34.250  7377  7412 W System.err: 	at android.os.Handler.handleCallback(Handler.java:907)
11-26 11:19:34.250  7377  7412 W System.err: 	at android.os.Handler.dispatchMessage(Handler.java:105)
11-26 11:19:34.250  7377  7412 W System.err: 	at android.os.Looper.loop(Looper.java:216)
11-26 11:19:34.250  7377  7412 W System.err: 	at android.os.HandlerThread.run(HandlerThread.java:65)
11-26 11:19:34.270  7377  7412 W System.err: java.net.SocketException: Message too long
11-26 11:19:34.270  7377  7412 W System.err: 	at sun.nio.ch.DatagramChannelImpl.send0(Native Method)
11-26 11:19:34.270  7377  7412 W System.err: 	at sun.nio.ch.DatagramChannelImpl.sendFromNativeBuffer(DatagramChannelImpl.java:573)
11-26 11:19:34.270  7377  7412 W System.err: 	at sun.nio.ch.DatagramChannelImpl.send(DatagramChannelImpl.java:550)
11-26 11:19:34.270  7377  7412 W System.err: 	at sun.nio.ch.DatagramChannelImpl.send(DatagramChannelImpl.java:514)
11-26 11:19:34.270  7377  7412 W System.err: 	at symlab.CloudAR.network.TransmissionTask.run(TransmissionTask.java:133)
11-26 11:19:34.270  7377  7412 W System.err: 	at android.os.Handler.handleCallback(Handler.java:907)
11-26 11:19:34.270  7377  7412 W System.err: 	at android.os.Handler.dispatchMessage(Handler.java:105)
11-26 11:19:34.270  7377  7412 W System.err: 	at android.os.Looper.loop(Looper.java:216)
11-26 11:19:34.270  7377  7412 W System.err: 	at android.os.HandlerThread.run(HandlerThread.java:65)
11-26 11:19:34.300  7377  7412 W System.err: java.net.SocketException: Message too long
11-26 11:19:34.300  7377  7412 W System.err: 	at sun.nio.ch.DatagramChannelImpl.send0(Native Method)
11-26 11:19:34.300  7377  7412 W System.err: 	at sun.nio.ch.DatagramChannelImpl.sendFromNativeBuffer(DatagramChannelImpl.java:573)
11-26 11:19:34.300  7377  7412 W System.err: 	at sun.nio.ch.DatagramChannelImpl.send(DatagramChannelImpl.java:550)
11-26 11:19:34.300  7377  7412 W System.err: 	at sun.nio.ch.DatagramChannelImpl.send(DatagramChannelImpl.java:514)
11-26 11:19:34.300  7377  7412 W System.err: 	at symlab.CloudAR.network.TransmissionTask.run(TransmissionTask.java:133)
11-26 11:19:34.300  7377  7412 W System.err: 	at android.os.Handler.handleCallback(Handler.java:907)
11-26 11:19:34.300  7377  7412 W System.err: 	at android.os.Handler.dispatchMessage(Handler.java:105)
11-26 11:19:34.300  7377  7412 W System.err: 	at android.os.Looper.loop(Looper.java:216)
11-26 11:19:34.300  7377  7412 W System.err: 	at android.os.HandlerThread.run(HandlerThread.java:65)
11-26 11:19:34.337  7377  7412 W System.err: java.net.SocketException: Message too long
11-26 11:19:34.337  7377  7412 W System.err: 	at sun.nio.ch.DatagramChannelImpl.send0(Native Method)
11-26 11:19:34.337  7377  7412 W System.err: 	at sun.nio.ch.DatagramChannelImpl.sendFromNativeBuffer(DatagramChannelImpl.java:573)
11-26 11:19:34.337  7377  7412 W System.err: 	at sun.nio.ch.DatagramChannelImpl.send(DatagramChannelImpl.java:550)
11-26 11:19:34.337  7377  7412 W System.err: 	at sun.nio.ch.DatagramChannelImpl.send(DatagramChannelImpl.java:514)
11-26 11:19:34.337  7377  7412 W System.err: 	at symlab.CloudAR.network.TransmissionTask.run(TransmissionTask.java:133)
11-26 11:19:34.337  7377  7412 W System.err: 	at android.os.Handler.handleCallback(Handler.java:907)
11-26 11:19:34.337  7377  7412 W System.err: 	at android.os.Handler.dispatchMessage(Handler.java:105)
11-26 11:19:34.337  7377  7412 W System.err: 	at android.os.Looper.loop(Looper.java:216)
11-26 11:19:34.337  7377  7412 W System.err: 	at android.os.HandlerThread.run(HandlerThread.java:65)
11-26 11:19:34.375  7377  7412 W System.err: java.net.SocketException: Message too long
11-26 11:19:34.375  7377  7412 W System.err: 	at sun.nio.ch.DatagramChannelImpl.send0(Native Method)
11-26 11:19:34.375  7377  7412 W System.err: 	at sun.nio.ch.DatagramChannelImpl.sendFromNativeBuffer(DatagramChannelImpl.java:573)
11-26 11:19:34.375  7377  7412 W System.err: 	at sun.nio.ch.DatagramChannelImpl.send(DatagramChannelImpl.java:550)
11-26 11:19:34.375  7377  7412 W System.err: 	at sun.nio.ch.DatagramChannelImpl.send(DatagramChannelImpl.java:514)
11-26 11:19:34.375  7377  7412 W System.err: 	at symlab.CloudAR.network.TransmissionTask.run(TransmissionTask.java:133)
11-26 11:19:34.375  7377  7412 W System.err: 	at android.os.Handler.handleCallback(Handler.java:907)
11-26 11:19:34.375  7377  7412 W System.err: 	at android.os.Handler.dispatchMessage(Handler.java:105)
11-26 11:19:34.375  7377  7412 W System.err: 	at android.os.Looper.loop(Looper.java:216)
11-26 11:19:34.375  7377  7412 W System.err: 	at android.os.HandlerThread.run(HandlerThread.java:65)
11-26 11:19:34.414  7377  7389 E         : [ZeroHung]zrhung_get_config: Get config failed for wp[0x0008]
11-26 11:19:34.415  7377  7412 W System.err: java.net.SocketException: Message too long
11-26 11:19:34.416  7377  7412 W System.err: 	at sun.nio.ch.DatagramChannelImpl.send0(Native Method)
11-26 11:19:34.416  7377  7412 W System.err: 	at sun.nio.ch.DatagramChannelImpl.sendFromNativeBuffer(DatagramChannelImpl.java:573)
11-26 11:19:34.416  7377  7412 W System.err: 	at sun.nio.ch.DatagramChannelImpl.send(DatagramChannelImpl.java:550)
11-26 11:19:34.416  7377  7412 W System.err: 	at sun.nio.ch.DatagramChannelImpl.send(DatagramChannelImpl.java:514)
11-26 11:19:34.416  7377  7412 W System.err: 	at symlab.CloudAR.network.TransmissionTask.run(TransmissionTask.java:133)
11-26 11:19:34.416  7377  7412 W System.err: 	at android.os.Handler.handleCallback(Handler.java:907)
11-26 11:19:34.416  7377  7412 W System.err: 	at android.os.Handler.dispatchMessage(Handler.java:105)
11-26 11:19:34.416  7377  7412 W System.err: 	at android.os.Looper.loop(Looper.java:216)
11-26 11:19:34.416  7377  7412 W System.err: 	at android.os.HandlerThread.run(HandlerThread.java:65)
11-26 11:19:34.441  7377  7387 W System  : A resource failed to call close. 
11-26 11:19:34.441  7377  7387 W System  : A resource failed to call close. 
11-26 11:19:34.441  7377  7387 I chatty  : uid=10147(symlab.cloudridar.arhud) FinalizerDaemon identical 2 lines
11-26 11:19:34.441  7377  7387 W System  : A resource failed to call close. 
11-26 11:19:34.446  7377  7412 W System.err: java.net.SocketException: Message too long
11-26 11:19:34.446  7377  7412 W System.err: 	at sun.nio.ch.DatagramChannelImpl.send0(Native Method)
11-26 11:19:34.446  7377  7412 W System.err: 	at sun.nio.ch.DatagramChannelImpl.sendFromNativeBuffer(DatagramChannelImpl.java:573)
11-26 11:19:34.446  7377  7412 W System.err: 	at sun.nio.ch.DatagramChannelImpl.send(DatagramChannelImpl.java:550)
11-26 11:19:34.446  7377  7412 W System.err: 	at sun.nio.ch.DatagramChannelImpl.send(DatagramChannelImpl.java:514)
11-26 11:19:34.446  7377  7412 W System.err: 	at symlab.CloudAR.network.TransmissionTask.run(TransmissionTask.java:133)
11-26 11:19:34.446  7377  7412 W System.err: 	at android.os.Handler.handleCallback(Handler.java:907)
11-26 11:19:34.446  7377  7412 W System.err: 	at android.os.Handler.dispatchMessage(Handler.java:105)
11-26 11:19:34.446  7377  7412 W System.err: 	at android.os.Looper.loop(Looper.java:216)
11-26 11:19:34.446  7377  7412 W System.err: 	at android.os.HandlerThread.run(HandlerThread.java:65)
11-26 11:19:34.447  7377  7387 W System  : A resource failed to call close. 
11-26 11:19:34.449  7377  7387 I chatty  : uid=10147(symlab.cloudridar.arhud) FinalizerDaemon identical 12 lines
11-26 11:19:34.449  7377  7387 W System  : A resource failed to call close. 
11-26 11:19:34.480  7377  7412 W System.err: java.net.SocketException: Message too long
11-26 11:19:34.481  7377  7412 W System.err: 	at sun.nio.ch.DatagramChannelImpl.send0(Native Method)
11-26 11:19:34.481  7377  7412 W System.err: 	at sun.nio.ch.DatagramChannelImpl.sendFromNativeBuffer(DatagramChannelImpl.java:573)
11-26 11:19:34.481  7377  7412 W System.err: 	at sun.nio.ch.DatagramChannelImpl.send(DatagramChannelImpl.java:550)
11-26 11:19:34.481  7377  7412 W System.err: 	at sun.nio.ch.DatagramChannelImpl.send(DatagramChannelImpl.java:514)
11-26 11:19:34.481  7377  7412 W System.err: 	at symlab.CloudAR.network.TransmissionTask.run(TransmissionTask.java:133)
11-26 11:19:34.481  7377  7412 W System.err: 	at android.os.Handler.handleCallback(Handler.java:907)
11-26 11:19:34.481  7377  7412 W System.err: 	at android.os.Handler.dispatchMessage(Handler.java:105)
11-26 11:19:34.481  7377  7412 W System.err: 	at android.os.Looper.loop(Looper.java:216)
11-26 11:19:34.481  7377  7412 W System.err: 	at android.os.HandlerThread.run(HandlerThread.java:65)
11-26 11:19:34.508  7377  7412 W System.err: java.net.SocketException: Message too long
11-26 11:19:34.508  7377  7412 W System.err: 	at sun.nio.ch.DatagramChannelImpl.send0(Native Method)
11-26 11:19:34.508  7377  7412 W System.err: 	at sun.nio.ch.DatagramChannelImpl.sendFromNativeBuffer(DatagramChannelImpl.java:573)
11-26 11:19:34.508  7377  7412 W System.err: 	at sun.nio.ch.DatagramChannelImpl.send(DatagramChannelImpl.java:550)
11-26 11:19:34.508  7377  7412 W System.err: 	at sun.nio.ch.DatagramChannelImpl.send(DatagramChannelImpl.java:514)
11-26 11:19:34.508  7377  7412 W System.err: 	at symlab.CloudAR.network.TransmissionTask.run(TransmissionTask.java:133)
11-26 11:19:34.508  7377  7412 W System.err: 	at android.os.Handler.handleCallback(Handler.java:907)
11-26 11:19:34.508  7377  7412 W System.err: 	at android.os.Handler.dispatchMessage(Handler.java:105)
11-26 11:19:34.508  7377  7412 W System.err: 	at android.os.Looper.loop(Looper.java:216)
11-26 11:19:34.508  7377  7412 W System.err: 	at android.os.HandlerThread.run(HandlerThread.java:65)
11-26 11:19:34.615  7377  7412 W System.err: java.net.SocketException: Message too long
11-26 11:19:34.615  7377  7412 W System.err: 	at sun.nio.ch.DatagramChannelImpl.send0(Native Method)
11-26 11:19:34.615  7377  7412 W System.err: 	at sun.nio.ch.DatagramChannelImpl.sendFromNativeBuffer(DatagramChannelImpl.java:573)
11-26 11:19:34.615  7377  7412 W System.err: 	at sun.nio.ch.DatagramChannelImpl.send(DatagramChannelImpl.java:550)
11-26 11:19:34.615  7377  7412 W System.err: 	at sun.nio.ch.DatagramChannelImpl.send(DatagramChannelImpl.java:514)
11-26 11:19:34.615  7377  7412 W System.err: 	at symlab.CloudAR.network.TransmissionTask.run(TransmissionTask.java:133)
11-26 11:19:34.615  7377  7412 W System.err: 	at android.os.Handler.handleCallback(Handler.java:907)
11-26 11:19:34.615  7377  7412 W System.err: 	at android.os.Handler.dispatchMessage(Handler.java:105)
11-26 11:19:34.615  7377  7412 W System.err: 	at android.os.Looper.loop(Looper.java:216)
11-26 11:19:34.615  7377  7412 W System.err: 	at android.os.HandlerThread.run(HandlerThread.java:65)
11-26 11:19:34.637  7377  7412 W System.err: java.net.SocketException: Message too long
11-26 11:19:34.637  7377  7412 W System.err: 	at sun.nio.ch.DatagramChannelImpl.send0(Native Method)
11-26 11:19:34.637  7377  7412 W System.err: 	at sun.nio.ch.DatagramChannelImpl.sendFromNativeBuffer(DatagramChannelImpl.java:573)
11-26 11:19:34.637  7377  7412 W System.err: 	at sun.nio.ch.DatagramChannelImpl.send(DatagramChannelImpl.java:550)
11-26 11:19:34.637  7377  7412 W System.err: 	at sun.nio.ch.DatagramChannelImpl.send(DatagramChannelImpl.java:514)
11-26 11:19:34.637  7377  7412 W System.err: 	at symlab.CloudAR.network.TransmissionTask.run(TransmissionTask.java:133)
11-26 11:19:34.637  7377  7412 W System.err: 	at android.os.Handler.handleCallback(Handler.java:907)
11-26 11:19:34.637  7377  7412 W System.err: 	at android.os.Handler.dispatchMessage(Handler.java:105)
11-26 11:19:34.637  7377  7412 W System.err: 	at android.os.Looper.loop(Looper.java:216)
11-26 11:19:34.637  7377  7412 W System.err: 	at android.os.HandlerThread.run(HandlerThread.java:65)
11-26 11:19:34.842  7377  7412 W System.err: java.net.SocketException: Message too long
11-26 11:19:34.842  7377  7412 W System.err: 	at sun.nio.ch.DatagramChannelImpl.send0(Native Method)
11-26 11:19:34.842  7377  7412 W System.err: 	at sun.nio.ch.DatagramChannelImpl.sendFromNativeBuffer(DatagramChannelImpl.java:573)
11-26 11:19:34.842  7377  7412 W System.err: 	at sun.nio.ch.DatagramChannelImpl.send(DatagramChannelImpl.java:550)
11-26 11:19:34.842  7377  7412 W System.err: 	at sun.nio.ch.DatagramChannelImpl.send(DatagramChannelImpl.java:514)
11-26 11:19:34.842  7377  7412 W System.err: 	at symlab.CloudAR.network.TransmissionTask.run(TransmissionTask.java:133)
11-26 11:19:34.842  7377  7412 W System.err: 	at android.os.Handler.handleCallback(Handler.java:907)
11-26 11:19:34.842  7377  7412 W System.err: 	at android.os.Handler.dispatchMessage(Handler.java:105)
11-26 11:19:34.842  7377  7412 W System.err: 	at android.os.Looper.loop(Looper.java:216)
11-26 11:19:34.842  7377  7412 W System.err: 	at android.os.HandlerThread.run(HandlerThread.java:65)
11-26 11:19:34.863  7377  7412 W System.err: java.net.SocketException: Message too long
11-26 11:19:34.863  7377  7412 W System.err: 	at sun.nio.ch.DatagramChannelImpl.send0(Native Method)
11-26 11:19:34.863  7377  7412 W System.err: 	at sun.nio.ch.DatagramChannelImpl.sendFromNativeBuffer(DatagramChannelImpl.java:573)
11-26 11:19:34.863  7377  7412 W System.err: 	at sun.nio.ch.DatagramChannelImpl.send(DatagramChannelImpl.java:550)
11-26 11:19:34.863  7377  7412 W System.err: 	at sun.nio.ch.DatagramChannelImpl.send(DatagramChannelImpl.java:514)
11-26 11:19:34.863  7377  7412 W System.err: 	at symlab.CloudAR.network.TransmissionTask.run(TransmissionTask.java:133)
11-26 11:19:34.863  7377  7412 W System.err: 	at android.os.Handler.handleCallback(Handler.java:907)
11-26 11:19:34.863  7377  7412 W System.err: 	at android.os.Handler.dispatchMessage(Handler.java:105)
11-26 11:19:34.863  7377  7412 W System.err: 	at android.os.Looper.loop(Looper.java:216)
11-26 11:19:34.863  7377  7412 W System.err: 	at android.os.HandlerThread.run(HandlerThread.java:65)
11-26 11:19:34.905  7377  7412 W System.err: java.net.SocketException: Message too long
11-26 11:19:34.905  7377  7412 W System.err: 	at sun.nio.ch.DatagramChannelImpl.send0(Native Method)
11-26 11:19:34.905  7377  7412 W System.err: 	at sun.nio.ch.DatagramChannelImpl.sendFromNativeBuffer(DatagramChannelImpl.java:573)
11-26 11:19:34.905  7377  7412 W System.err: 	at sun.nio.ch.DatagramChannelImpl.send(DatagramChannelImpl.java:550)
11-26 11:19:34.905  7377  7412 W System.err: 	at sun.nio.ch.DatagramChannelImpl.send(DatagramChannelImpl.java:514)
11-26 11:19:34.905  7377  7412 W System.err: 	at symlab.CloudAR.network.TransmissionTask.run(TransmissionTask.java:133)
11-26 11:19:34.905  7377  7412 W System.err: 	at android.os.Handler.handleCallback(Handler.java:907)
11-26 11:19:34.905  7377  7412 W System.err: 	at android.os.Handler.dispatchMessage(Handler.java:105)
11-26 11:19:34.905  7377  7412 W System.err: 	at android.os.Looper.loop(Looper.java:216)
11-26 11:19:34.905  7377  7412 W System.err: 	at android.os.HandlerThread.run(HandlerThread.java:65)
11-26 11:19:34.964  7377  7412 W System.err: java.net.SocketException: Message too long
11-26 11:19:34.964  7377  7412 W System.err: 	at sun.nio.ch.DatagramChannelImpl.send0(Native Method)
11-26 11:19:34.964  7377  7412 W System.err: 	at sun.nio.ch.DatagramChannelImpl.sendFromNativeBuffer(DatagramChannelImpl.java:573)
11-26 11:19:34.964  7377  7412 W System.err: 	at sun.nio.ch.DatagramChannelImpl.send(DatagramChannelImpl.java:550)
11-26 11:19:34.964  7377  7412 W System.err: 	at sun.nio.ch.DatagramChannelImpl.send(DatagramChannelImpl.java:514)
11-26 11:19:34.964  7377  7412 W System.err: 	at symlab.CloudAR.network.TransmissionTask.run(TransmissionTask.java:133)
11-26 11:19:34.964  7377  7412 W System.err: 	at android.os.Handler.handleCallback(Handler.java:907)
11-26 11:19:34.964  7377  7412 W System.err: 	at android.os.Handler.dispatchMessage(Handler.java:105)
11-26 11:19:34.964  7377  7412 W System.err: 	at android.os.Looper.loop(Looper.java:216)
11-26 11:19:34.964  7377  7412 W System.err: 	at android.os.HandlerThread.run(HandlerThread.java:65)
11-26 11:19:34.985  7377  7412 W System.err: java.net.SocketException: Message too long
11-26 11:19:34.985  7377  7412 W System.err: 	at sun.nio.ch.DatagramChannelImpl.send0(Native Method)
11-26 11:19:34.985  7377  7412 W System.err: 	at sun.nio.ch.DatagramChannelImpl.sendFromNativeBuffer(DatagramChannelImpl.java:573)
11-26 11:19:34.985  7377  7412 W System.err: 	at sun.nio.ch.DatagramChannelImpl.send(DatagramChannelImpl.java:550)
