11-26 11:43:08.830 10834 10847 I chatty  : uid=10147(symlab.cloudridar.arhud) FinalizerDaemon identical 2 lines
11-26 11:43:08.830 10834 10847 W System  : A resource failed to call close. 
11-26 11:43:08.830 10834 10847 W System  : A resource failed to call close. 
11-26 11:43:08.830 10834 10847 W System  : A resource failed to call close. 
11-26 11:43:08.831 10834 10847 W System  : A resource failed to call close. 
11-26 11:43:08.831 10834 10847 W System  : A resource failed to call close. 
11-26 11:43:08.831 10834 10847 W System  : A resource failed to call close. 
11-26 11:43:08.831 10834 10847 W System  : A resource failed to call close. 
11-26 11:43:08.831 10834 10847 I chatty  : uid=10147(symlab.cloudridar.arhud) FinalizerDaemon identical 11 lines
11-26 11:43:08.831 10834 10847 W System  : A resource failed to call close. 
11-26 11:43:09.599 10834 10834 D Poster  : At 1574761389599 location is 65.05805892309102 (latitude), and 25.46899030249155 (longitude)
11-26 11:43:09.601 10834 10834 D Poster  : Connected to mobile network 20
11-26 11:43:10.313 10834 10849 E         : [ZeroHung]zrhung_get_config: Get config failed for wp[0x0008]
11-26 11:43:10.333 10834 10847 W System  : A resource failed to call close. 
11-26 11:43:10.335 10834 10847 I chatty  : uid=10147(symlab.cloudridar.arhud) FinalizerDaemon identical 18 lines
11-26 11:43:10.335 10834 10847 W System  : A resource failed to call close. 
11-26 11:43:10.335 10834 10847 W System  : A resource failed to call close. 
11-26 11:43:10.335 10834 10847 I chatty  : uid=10147(symlab.cloudridar.arhud) FinalizerDaemon identical 2 lines
11-26 11:43:10.335 10834 10847 W System  : A resource failed to call close. 
11-26 11:43:10.335 10834 10847 W System  : A resource failed to call close. 
11-26 11:43:10.335 10834 10847 W System  : A resource failed to call close. 
11-26 11:43:10.335 10834 10847 I chatty  : uid=10147(symlab.cloudridar.arhud) FinalizerDaemon identical 3 lines
11-26 11:43:10.335 10834 10847 W System  : A resource failed to call close. 
11-26 11:43:10.336 10834 10847 W System  : A resource failed to call close. 
11-26 11:43:10.336 10834 10847 W System  : A resource failed to call close. 
11-26 11:43:10.336 10834 10847 W System  : A resource failed to call close. 
11-26 11:43:10.336 10834 10847 W System  : A resource failed to call close. 
11-26 11:43:10.336 10834 10847 W System  : A resource failed to call close. 
11-26 11:43:10.338 10834 10847 I chatty  : uid=10147(symlab.cloudridar.arhud) FinalizerDaemon identical 6 lines
11-26 11:43:10.338 10834 10847 W System  : A resource failed to call close. 
11-26 11:43:10.338 10834 10847 W System  : A resource failed to call close. 
11-26 11:43:10.600 10834 10834 D Poster  : At 1574761390600 location is 65.05804519759926 (latitude), and 25.468987049677278 (longitude)
11-26 11:43:10.603 10834 10834 D Poster  : Connected to mobile network 20
11-26 11:43:11.603 10834 10834 D Poster  : At 1574761391603 location is 65.05803571052455 (latitude), and 25.469005049180467 (longitude)
11-26 11:43:11.605 10834 10834 D Poster  : Connected to mobile network 20
11-26 11:43:12.017 10834 10849 E         : [ZeroHung]zrhung_get_config: Get config failed for wp[0x0008]
11-26 11:43:12.040 10834 10847 W System  : A resource failed to call close. 
11-26 11:43:12.045 10834 10847 I chatty  : uid=10147(symlab.cloudridar.arhud) FinalizerDaemon identical 44 lines
11-26 11:43:12.045 10834 10847 W System  : A resource failed to call close. 
11-26 11:43:12.613 10834 10834 D Poster  : At 1574761392613 location is 65.05802472089259 (latitude), and 25.469031995810063 (longitude)
11-26 11:43:12.615 10834 10834 D Poster  : Connected to mobile network 20
11-26 11:43:13.563 10834 10849 E         : [ZeroHung]zrhung_get_config: Get config failed for wp[0x0008]
11-26 11:43:13.586 10834 10847 W System  : A resource failed to call close. 
11-26 11:43:13.586 10834 10847 I chatty  : uid=10147(symlab.cloudridar.arhud) FinalizerDaemon identical 7 lines
11-26 11:43:13.587 10834 10847 W System  : A resource failed to call close. 
11-26 11:43:13.587 10834 10847 W System  : A resource failed to call close. 
11-26 11:43:13.589 10834 10847 W System  : A resource failed to call close. 
11-26 11:43:13.589 10834 10847 I chatty  : uid=10147(symlab.cloudridar.arhud) FinalizerDaemon identical 6 lines
11-26 11:43:13.589 10834 10847 W System  : A resource failed to call close. 
11-26 11:43:13.590 10834 10847 W System  : A resource failed to call close. 
11-26 11:43:13.590 10834 10847 I chatty  : uid=10147(symlab.cloudridar.arhud) FinalizerDaemon identical 1 line
11-26 11:43:13.590 10834 10847 W System  : A resource failed to call close. 
11-26 11:43:13.590 10834 10847 W System  : A resource failed to call close. 
11-26 11:43:13.590 10834 10847 I chatty  : uid=10147(symlab.cloudridar.arhud) FinalizerDaemon identical 1 line
11-26 11:43:13.590 10834 10847 W System  : A resource failed to call close. 
11-26 11:43:13.590 10834 10847 W System  : A resource failed to call close. 
11-26 11:43:13.592 10834 10847 I chatty  : uid=10147(symlab.cloudridar.arhud) FinalizerDaemon identical 20 lines
11-26 11:43:13.592 10834 10847 W System  : A resource failed to call close. 
11-26 11:43:13.595 10834 10834 D Poster  : At 1574761393595 location is 65.05802937224475 (latitude), and 25.46905955448135 (longitude)
11-26 11:43:13.597 10834 10834 D Poster  : Connected to mobile network 20
11-26 11:43:14.597 10834 10834 D Poster  : At 1574761394597 location is 65.05803006771085 (latitude), and 25.469077767270043 (longitude)
11-26 11:43:14.599 10834 10834 D Poster  : Connected to mobile network 20
11-26 11:43:15.072 10834 10849 E         : [ZeroHung]zrhung_get_config: Get config failed for wp[0x0008]
11-26 11:43:15.097 10834 10847 W System  : A resource failed to call close. 
11-26 11:43:15.101 10834 10847 I chatty  : uid=10147(symlab.cloudridar.arhud) FinalizerDaemon identical 40 lines
11-26 11:43:15.101 10834 10847 W System  : A resource failed to call close. 
11-26 11:43:15.593 10834 10834 D Poster  : At 1574761395593 location is 65.05802597969418 (latitude), and 25.46910090929725 (longitude)
11-26 11:43:15.598 10834 10834 D Poster  : Connected to mobile network 20
11-26 11:43:16.610 10834 10834 D Poster  : At 1574761396610 location is 65.05802597969418 (latitude), and 25.46910090929725 (longitude)
11-26 11:43:16.612 10834 10834 D Poster  : Connected to mobile network 20
11-26 11:43:16.744 10834 10849 E         : [ZeroHung]zrhung_get_config: Get config failed for wp[0x0008]
11-26 11:43:16.767 10834 10847 W System  : A resource failed to call close. 
11-26 11:43:16.771 10834 10847 I chatty  : uid=10147(symlab.cloudridar.arhud) FinalizerDaemon identical 45 lines
11-26 11:43:16.771 10834 10847 W System  : A resource failed to call close. 
11-26 11:43:17.600 10834 10834 D Poster  : At 1574761397600 location is 65.0580247560429 (latitude), and 25.469119916731042 (longitude)
11-26 11:43:17.602 10834 10834 D Poster  : Connected to mobile network 20
11-26 11:43:18.589 10834 10849 E         : [ZeroHung]zrhung_get_config: Get config failed for wp[0x0008]
11-26 11:43:18.602 10834 10834 D Poster  : At 1574761398602 location is 65.05803457388501 (latitude), and 25.46911608773441 (longitude)
11-26 11:43:18.604 10834 10834 D Poster  : Connected to mobile network 20
11-26 11:43:18.611 10834 10847 W System  : A resource failed to call close. 
11-26 11:43:18.612 10834 10847 I chatty  : uid=10147(symlab.cloudridar.arhud) FinalizerDaemon identical 23 lines
11-26 11:43:18.612 10834 10847 W System  : A resource failed to call close. 
11-26 11:43:18.612 10834 10847 W System  : A resource failed to call close. 
11-26 11:43:18.612 10834 10847 I chatty  : uid=10147(symlab.cloudridar.arhud) FinalizerDaemon identical 1 line
11-26 11:43:18.612 10834 10847 W System  : A resource failed to call close. 
11-26 11:43:18.612 10834 10847 W System  : A resource failed to call close. 
11-26 11:43:18.613 10834 10847 I chatty  : uid=10147(symlab.cloudridar.arhud) FinalizerDaemon identical 20 lines
11-26 11:43:18.613 10834 10847 W System  : A resource failed to call close. 
11-26 11:43:19.595 10834 10834 D Poster  : At 1574761399595 location is 65.05804088403434 (latitude), and 25.469120937439598 (longitude)
11-26 11:43:19.597 10834 10834 D Poster  : Connected to mobile network 20
11-26 11:43:20.341 10834 10849 E         : [ZeroHung]zrhung_get_config: Get config failed for wp[0x0008]
11-26 11:43:20.360 10834 10847 W System  : A resource failed to call close. 
11-26 11:43:20.362 10834 10847 I chatty  : uid=10147(symlab.cloudridar.arhud) FinalizerDaemon identical 45 lines
11-26 11:43:20.362 10834 10847 W System  : A resource failed to call close. 
11-26 11:43:20.601 10834 10834 D Poster  : At 1574761400601 location is 65.0580483408754 (latitude), and 25.46911173308148 (longitude)
11-26 11:43:20.603 10834 10834 D Poster  : Connected to mobile network 20
11-26 11:43:21.601 10834 10834 D Poster  : At 1574761401600 location is 65.05804654876293 (latitude), and 25.46909491898349 (longitude)
11-26 11:43:21.603 10834 10834 D Poster  : Connected to mobile network 20
11-26 11:43:22.361 10834 10849 E         : [ZeroHung]zrhung_get_config: Get config failed for wp[0x0008]
11-26 11:43:22.387 10834 10847 W System  : A resource failed to call close. 
11-26 11:43:22.391 10834 10847 I chatty  : uid=10147(symlab.cloudridar.arhud) FinalizerDaemon identical 55 lines
11-26 11:43:22.391 10834 10847 W System  : A resource failed to call close. 
11-26 11:43:22.599 10834 10834 D Poster  : At 1574761402599 location is 65.05804549066754 (latitude), and 25.469077589994015 (longitude)
11-26 11:43:22.603 10834 10834 D Poster  : Connected to mobile network 20
11-26 11:43:23.608 10834 10834 D Poster  : At 1574761403608 location is 65.05803828137107 (latitude), and 25.469072601833453 (longitude)
11-26 11:43:23.610 10834 10834 D Poster  : Connected to mobile network 20
11-26 11:43:24.596 10834 10834 D Poster  : At 1574761404596 location is 65.05802819289593 (latitude), and 25.469065482135615 (longitude)
11-26 11:43:24.599 10834 10834 D Poster  : Connected to mobile network 20
11-26 11:43:25.523 10834 10849 E         : [ZeroHung]zrhung_get_config: Get config failed for wp[0x0008]
11-26 11:43:25.543 10834 10847 W System  : A resource failed to call close. 
11-26 11:43:25.548 10834 10847 I chatty  : uid=10147(symlab.cloudridar.arhud) FinalizerDaemon identical 55 lines
11-26 11:43:25.548 10834 10847 W System  : A resource failed to call close. 
11-26 11:43:25.587 10834 10834 D Poster  : At 1574761405587 location is 65.05802354749345 (latitude), and 25.46904321391131 (longitude)
11-26 11:43:25.590 10834 10834 D Poster  : Connected to mobile network 20
11-26 11:43:26.594 10834 10834 D Poster  : At 1574761406594 location is 65.05802483217865 (latitude), and 25.46902456095899 (longitude)
11-26 11:43:26.596 10834 10834 D Poster  : Connected to mobile network 20
11-26 11:43:26.659 10834 10849 E         : [ZeroHung]zrhung_get_config: Get config failed for wp[0x0008]
11-26 11:43:26.682 10834 10847 W System  : A resource failed to call close. 
11-26 11:43:26.684 10834 10847 I chatty  : uid=10147(symlab.cloudridar.arhud) FinalizerDaemon identical 31 lines
11-26 11:43:26.684 10834 10847 W System  : A resource failed to call close. 
11-26 11:43:27.608 10834 10834 D Poster  : At 1574761407608 location is 65.05802483217865 (latitude), and 25.46902456095899 (longitude)
11-26 11:43:27.612 10834 10834 D Poster  : Connected to mobile network 20
11-26 11:43:27.898 10834 10849 E         : [ZeroHung]zrhung_get_config: Get config failed for wp[0x0008]
11-26 11:43:27.925 10834 10847 W System  : A resource failed to call close. 
11-26 11:43:27.926 10834 10847 I chatty  : uid=10147(symlab.cloudridar.arhud) FinalizerDaemon identical 32 lines
11-26 11:43:27.926 10834 10847 W System  : A resource failed to call close. 
11-26 11:43:28.607 10834 10834 D Poster  : At 1574761408607 location is 65.05802483217865 (latitude), and 25.46902456095899 (longitude)
11-26 11:43:28.610 10834 10834 D Poster  : Connected to mobile network 20
11-26 11:43:29.028 10834 10849 E         : [ZeroHung]zrhung_get_config: Get config failed for wp[0x0008]
11-26 11:43:29.049 10834 10847 W System  : A resource failed to call close. 
11-26 11:43:29.049 10834 10847 W System  : A resource failed to call close. 
11-26 11:43:29.050 10834 10847 I chatty  : uid=10147(symlab.cloudridar.arhud) FinalizerDaemon identical 30 lines
11-26 11:43:29.050 10834 10847 W System  : A resource failed to call close. 
11-26 11:43:29.586 10834 10834 D Poster  : At 1574761409586 location is 65.05802483217865 (latitude), and 25.46902456095899 (longitude)
11-26 11:43:29.590 10834 10834 D Poster  : Connected to mobile network 20
11-26 11:43:30.595 10834 10849 E         : [ZeroHung]zrhung_get_config: Get config failed for wp[0x0008]
11-26 11:43:30.595 10834 10834 D Poster  : At 1574761410595 location is 65.05802483217865 (latitude), and 25.46902456095899 (longitude)
11-26 11:43:30.603 10834 10834 D Poster  : Connected to mobile network 20
11-26 11:43:30.627 10834 10847 W System  : A resource failed to call close. 
11-26 11:43:30.630 10834 10847 I chatty  : uid=10147(symlab.cloudridar.arhud) FinalizerDaemon identical 39 lines
11-26 11:43:30.630 10834 10847 W System  : A resource failed to call close. 
11-26 11:43:30.630 10834 10847 W System  : A resource failed to call close. 
11-26 11:43:30.630 10834 10847 W System  : A resource failed to call close. 
11-26 11:43:30.631 10834 10847 W System  : A resource failed to call close. 
11-26 11:43:30.631 10834 10847 W System  : A resource failed to call close. 
11-26 11:43:30.631 10834 10847 W System  : A resource failed to call close. 
11-26 11:43:31.600 10834 10834 D Poster  : At 1574761411600 location is 65.05803052865873 (latitude), and 25.469048630909 (longitude)
11-26 11:43:31.602 10834 10834 D Poster  : Connected to mobile network 20
11-26 11:43:31.870 10834 10849 E         : [ZeroHung]zrhung_get_config: Get config failed for wp[0x0008]
11-26 11:43:31.890 10834 10847 W System  : A resource failed to call close. 
11-26 11:43:31.892 10834 10847 I chatty  : uid=10147(symlab.cloudridar.arhud) FinalizerDaemon identical 34 lines
11-26 11:43:31.892 10834 10847 W System  : A resource failed to call close. 
11-26 11:43:32.599 10834 10834 D Poster  : At 1574761412599 location is 65.05803363734472 (latitude), and 25.46905563132152 (longitude)
11-26 11:43:32.600 10834 10834 D Poster  : Connected to mobile network 20
11-26 11:43:32.615 10834 10834 W HiTouch_PressGestureDetector: Touch pointer move a lot. The moving distance of X is:32.88138, limit is:60The moving distance of Y is:82.79763, limit is:60
11-26 11:43:33.270 10834 10849 E         : [ZeroHung]zrhung_get_config: Get config failed for wp[0x0008]
11-26 11:43:33.287 10834 10847 W System  : A resource failed to call close. 
11-26 11:43:33.289 10834 10847 I chatty  : uid=10147(symlab.cloudridar.arhud) FinalizerDaemon identical 39 lines
11-26 11:43:33.289 10834 10847 W System  : A resource failed to call close. 
11-26 11:43:33.592 10834 10834 D Poster  : At 1574761413592 location is 65.05803363734472 (latitude), and 25.46905563132152 (longitude)
11-26 11:43:33.594 10834 10834 D Poster  : Connected to mobile network 20
11-26 11:43:34.595 10834 10834 D Poster  : At 1574761414594 location is 65.05803363734472 (latitude), and 25.46905563132152 (longitude)
11-26 11:43:34.597 10834 10834 D Poster  : Connected to mobile network 20
11-26 11:43:34.682 10834 10849 E         : [ZeroHung]zrhung_get_config: Get config failed for wp[0x0008]
11-26 11:43:34.702 10834 10847 W System  : A resource failed to call close. 
11-26 11:43:34.703 10834 10847 I chatty  : uid=10147(symlab.cloudridar.arhud) FinalizerDaemon identical 40 lines
11-26 11:43:34.703 10834 10847 W System  : A resource failed to call close. 
11-26 11:43:35.590 10834 10834 D Poster  : At 1574761415590 location is 65.05803363734472 (latitude), and 25.46905563132152 (longitude)
11-26 11:43:35.592 10834 10834 D Poster  : Connected to mobile network 20
11-26 11:43:36.087 10834 10849 E         : [ZeroHung]zrhung_get_config: Get config failed for wp[0x0008]
11-26 11:43:36.104 10834 10847 W System  : A resource failed to call close. 
11-26 11:43:36.105 10834 10847 I chatty  : uid=10147(symlab.cloudridar.arhud) FinalizerDaemon identical 39 lines
11-26 11:43:36.106 10834 10847 W System  : A resource failed to call close. 
11-26 11:43:36.589 10834 10834 D Poster  : At 1574761416589 location is 65.05803363734472 (latitude), and 25.46905563132152 (longitude)
11-26 11:43:36.590 10834 10834 D Poster  : Connected to mobile network 20
11-26 11:43:37.373 10834 10834 W HiTouch_PressGestureDetector: Touch pointer move a lot. The moving distance of X is:93.53467, limit is:60The moving distance of Y is:24.288849, limit is:60
11-26 11:43:37.504 10834 10849 E         : [ZeroHung]zrhung_get_config: Get config failed for wp[0x0008]
11-26 11:43:37.522 10834 10847 W System  : A resource failed to call close. 
11-26 11:43:37.524 10834 10847 I chatty  : uid=10147(symlab.cloudridar.arhud) FinalizerDaemon identical 38 lines
11-26 11:43:37.524 10834 10847 W System  : A resource failed to call close. 
11-26 11:43:37.594 10834 10834 D Poster  : At 1574761417594 location is 65.05803363734472 (latitude), and 25.46905563132152 (longitude)
11-26 11:43:37.596 10834 10834 D Poster  : Connected to mobile network 20
11-26 11:43:38.095 10834 10834 I Poster  :  onPause() called.
11-26 11:43:38.216 10834 10834 I Camera  : close camera: 0, package name: symlab.cloudridar.arhud
11-26 11:43:38.216 10834 10834 I BackgroundPermManager: pkgName: symlab.cloudridar.arhud,pid: 10834 ,uidOf3RdApk: 10147 ,permType: 0 ,permCfg: 0
11-26 11:43:38.218 10834 10834 I HwCameraUtil: notifySurfaceFlingerCameraStatus : isFront = false , isOpend = false
11-26 11:43:38.341 10834 10834 D ZrHung.AppEyeUiProbe: stop checker.
11-26 11:43:38.397 10834 10834 I Poster  :  surfaceDestroyed() called.
11-26 11:43:38.397 10834 10834 D ViewRootImpl[MainActivity]: surface should not be released
11-26 11:43:38.398 10834 10834 I Poster  :  onStop() called.
11-26 11:43:38.417 10834 10888 W libEGL  : EGLNativeWindowType 0xe4370008 disconnect failed
11-26 11:43:38.523 10834 10863 D ZrHung.AppEyeUiProbe: Current Activity:false
11-26 11:43:38.524 10834 10863 D ZrHung.AppEyeUiProbe: not watching, wait.
11-26 11:43:38.579 10834 10834 D Poster  : At 1574761418579 location is 65.05803363734472 (latitude), and 25.46905563132152 (longitude)
11-26 11:43:38.581 10834 10834 D Poster  : Connected to mobile network 20
11-26 11:43:38.589 10834 10834 D Latitude: status
11-26 11:43:43.101 10834 10834 I AwareBitmapCacher: handleReleaseCache: pid=10834
11-26 11:43:43.101 10834 10834 I AwareBitmapCacher: init lrucache size: 2097152 pid=10834
11-26 11:43:43.372 10834 10849 E         : [ZeroHung]zrhung_get_config: Get config failed for wp[0x0008]
11-26 11:43:43.409 10834 10847 W System  : A resource failed to call close. 
11-26 11:43:43.411 10834 10847 I chatty  : uid=10147(symlab.cloudridar.arhud) FinalizerDaemon identical 16 lines
11-26 11:43:43.411 10834 10847 W System  : A resource failed to call close. 
