11-26 11:18:02.967  7161  7195 W System.err: 	at symlab.CloudAR.network.TransmissionTask.run(TransmissionTask.java:133)
11-26 11:18:02.967  7161  7195 W System.err: 	at android.os.Handler.handleCallback(Handler.java:907)
11-26 11:18:02.967  7161  7195 W System.err: 	at android.os.Handler.dispatchMessage(Handler.java:105)
11-26 11:18:02.967  7161  7195 W System.err: 	at android.os.Looper.loop(Looper.java:216)
11-26 11:18:02.967  7161  7195 W System.err: 	at android.os.HandlerThread.run(HandlerThread.java:65)
11-26 11:18:02.996  7161  7195 W System.err: java.net.SocketException: Message too long
11-26 11:18:02.996  7161  7195 W System.err: 	at sun.nio.ch.DatagramChannelImpl.send0(Native Method)
11-26 11:18:02.996  7161  7195 W System.err: 	at sun.nio.ch.DatagramChannelImpl.sendFromNativeBuffer(DatagramChannelImpl.java:573)
11-26 11:18:02.996  7161  7195 W System.err: 	at sun.nio.ch.DatagramChannelImpl.send(DatagramChannelImpl.java:550)
11-26 11:18:02.996  7161  7195 W System.err: 	at sun.nio.ch.DatagramChannelImpl.send(DatagramChannelImpl.java:514)
11-26 11:18:02.996  7161  7195 W System.err: 	at symlab.CloudAR.network.TransmissionTask.run(TransmissionTask.java:133)
11-26 11:18:02.996  7161  7195 W System.err: 	at android.os.Handler.handleCallback(Handler.java:907)
11-26 11:18:02.996  7161  7195 W System.err: 	at android.os.Handler.dispatchMessage(Handler.java:105)
11-26 11:18:02.996  7161  7195 W System.err: 	at android.os.Looper.loop(Looper.java:216)
11-26 11:18:02.996  7161  7195 W System.err: 	at android.os.HandlerThread.run(HandlerThread.java:65)
11-26 11:18:03.021  7161  7195 W System.err: java.net.SocketException: Message too long
11-26 11:18:03.021  7161  7195 W System.err: 	at sun.nio.ch.DatagramChannelImpl.send0(Native Method)
11-26 11:18:03.021  7161  7195 W System.err: 	at sun.nio.ch.DatagramChannelImpl.sendFromNativeBuffer(DatagramChannelImpl.java:573)
11-26 11:18:03.021  7161  7195 W System.err: 	at sun.nio.ch.DatagramChannelImpl.send(DatagramChannelImpl.java:550)
11-26 11:18:03.021  7161  7195 W System.err: 	at sun.nio.ch.DatagramChannelImpl.send(DatagramChannelImpl.java:514)
11-26 11:18:03.021  7161  7195 W System.err: 	at symlab.CloudAR.network.TransmissionTask.run(TransmissionTask.java:133)
11-26 11:18:03.021  7161  7195 W System.err: 	at android.os.Handler.handleCallback(Handler.java:907)
11-26 11:18:03.021  7161  7195 W System.err: 	at android.os.Handler.dispatchMessage(Handler.java:105)
11-26 11:18:03.021  7161  7195 W System.err: 	at android.os.Looper.loop(Looper.java:216)
11-26 11:18:03.021  7161  7195 W System.err: 	at android.os.HandlerThread.run(HandlerThread.java:65)
11-26 11:18:03.055  7161  7195 W System.err: java.net.SocketException: Message too long
11-26 11:18:03.055  7161  7195 W System.err: 	at sun.nio.ch.DatagramChannelImpl.send0(Native Method)
11-26 11:18:03.055  7161  7195 W System.err: 	at sun.nio.ch.DatagramChannelImpl.sendFromNativeBuffer(DatagramChannelImpl.java:573)
11-26 11:18:03.055  7161  7195 W System.err: 	at sun.nio.ch.DatagramChannelImpl.send(DatagramChannelImpl.java:550)
11-26 11:18:03.055  7161  7195 W System.err: 	at sun.nio.ch.DatagramChannelImpl.send(DatagramChannelImpl.java:514)
11-26 11:18:03.055  7161  7195 W System.err: 	at symlab.CloudAR.network.TransmissionTask.run(TransmissionTask.java:133)
11-26 11:18:03.055  7161  7195 W System.err: 	at android.os.Handler.handleCallback(Handler.java:907)
11-26 11:18:03.055  7161  7195 W System.err: 	at android.os.Handler.dispatchMessage(Handler.java:105)
11-26 11:18:03.055  7161  7195 W System.err: 	at android.os.Looper.loop(Looper.java:216)
11-26 11:18:03.055  7161  7195 W System.err: 	at android.os.HandlerThread.run(HandlerThread.java:65)
11-26 11:18:03.086  7161  7195 W System.err: java.net.SocketException: Message too long
11-26 11:18:03.086  7161  7195 W System.err: 	at sun.nio.ch.DatagramChannelImpl.send0(Native Method)
11-26 11:18:03.086  7161  7195 W System.err: 	at sun.nio.ch.DatagramChannelImpl.sendFromNativeBuffer(DatagramChannelImpl.java:573)
11-26 11:18:03.086  7161  7195 W System.err: 	at sun.nio.ch.DatagramChannelImpl.send(DatagramChannelImpl.java:550)
11-26 11:18:03.086  7161  7195 W System.err: 	at sun.nio.ch.DatagramChannelImpl.send(DatagramChannelImpl.java:514)
11-26 11:18:03.086  7161  7195 W System.err: 	at symlab.CloudAR.network.TransmissionTask.run(TransmissionTask.java:133)
11-26 11:18:03.086  7161  7195 W System.err: 	at android.os.Handler.handleCallback(Handler.java:907)
11-26 11:18:03.086  7161  7195 W System.err: 	at android.os.Handler.dispatchMessage(Handler.java:105)
11-26 11:18:03.086  7161  7195 W System.err: 	at android.os.Looper.loop(Looper.java:216)
11-26 11:18:03.086  7161  7195 W System.err: 	at android.os.HandlerThread.run(HandlerThread.java:65)
11-26 11:18:03.167  7161  7195 W System.err: java.net.SocketException: Message too long
11-26 11:18:03.167  7161  7195 W System.err: 	at sun.nio.ch.DatagramChannelImpl.send0(Native Method)
11-26 11:18:03.167  7161  7195 W System.err: 	at sun.nio.ch.DatagramChannelImpl.sendFromNativeBuffer(DatagramChannelImpl.java:573)
11-26 11:18:03.167  7161  7195 W System.err: 	at sun.nio.ch.DatagramChannelImpl.send(DatagramChannelImpl.java:550)
11-26 11:18:03.167  7161  7195 W System.err: 	at sun.nio.ch.DatagramChannelImpl.send(DatagramChannelImpl.java:514)
11-26 11:18:03.167  7161  7195 W System.err: 	at symlab.CloudAR.network.TransmissionTask.run(TransmissionTask.java:133)
11-26 11:18:03.167  7161  7195 W System.err: 	at android.os.Handler.handleCallback(Handler.java:907)
11-26 11:18:03.167  7161  7195 W System.err: 	at android.os.Handler.dispatchMessage(Handler.java:105)
11-26 11:18:03.167  7161  7195 W System.err: 	at android.os.Looper.loop(Looper.java:216)
11-26 11:18:03.167  7161  7195 W System.err: 	at android.os.HandlerThread.run(HandlerThread.java:65)
11-26 11:18:03.200  7161  7172 E         : [ZeroHung]zrhung_get_config: Get config failed for wp[0x0008]
11-26 11:18:03.217  7161  7161 D Poster  : At 1574759883216 location is 65.0581965453413 (latitude), and 25.46784574447671 (longitude)
11-26 11:18:03.219  7161  7161 D Poster  : Connected to mobile network 20
11-26 11:18:03.225  7161  7170 W System  : A resource failed to call close. 
11-26 11:18:03.225  7161  7170 I chatty  : uid=10147(symlab.cloudridar.arhud) FinalizerDaemon identical 5 lines
11-26 11:18:03.225  7161  7170 W System  : A resource failed to call close. 
11-26 11:18:03.225  7161  7170 W System  : A resource failed to call close. 
11-26 11:18:03.391  7161  7195 W System.err: java.net.SocketException: Message too long
11-26 11:18:03.391  7161  7195 W System.err: 	at sun.nio.ch.DatagramChannelImpl.send0(Native Method)
11-26 11:18:03.391  7161  7195 W System.err: 	at sun.nio.ch.DatagramChannelImpl.sendFromNativeBuffer(DatagramChannelImpl.java:573)
11-26 11:18:03.391  7161  7195 W System.err: 	at sun.nio.ch.DatagramChannelImpl.send(DatagramChannelImpl.java:550)
11-26 11:18:03.391  7161  7195 W System.err: 	at sun.nio.ch.DatagramChannelImpl.send(DatagramChannelImpl.java:514)
11-26 11:18:03.391  7161  7195 W System.err: 	at symlab.CloudAR.network.TransmissionTask.run(TransmissionTask.java:133)
11-26 11:18:03.391  7161  7195 W System.err: 	at android.os.Handler.handleCallback(Handler.java:907)
11-26 11:18:03.391  7161  7195 W System.err: 	at android.os.Handler.dispatchMessage(Handler.java:105)
11-26 11:18:03.391  7161  7195 W System.err: 	at android.os.Looper.loop(Looper.java:216)
11-26 11:18:03.391  7161  7195 W System.err: 	at android.os.HandlerThread.run(HandlerThread.java:65)
11-26 11:18:03.443  7161  7195 W System.err: java.net.SocketException: Message too long
11-26 11:18:03.443  7161  7195 W System.err: 	at sun.nio.ch.DatagramChannelImpl.send0(Native Method)
11-26 11:18:03.443  7161  7195 W System.err: 	at sun.nio.ch.DatagramChannelImpl.sendFromNativeBuffer(DatagramChannelImpl.java:573)
11-26 11:18:03.443  7161  7195 W System.err: 	at sun.nio.ch.DatagramChannelImpl.send(DatagramChannelImpl.java:550)
11-26 11:18:03.443  7161  7195 W System.err: 	at sun.nio.ch.DatagramChannelImpl.send(DatagramChannelImpl.java:514)
11-26 11:18:03.443  7161  7195 W System.err: 	at symlab.CloudAR.network.TransmissionTask.run(TransmissionTask.java:133)
11-26 11:18:03.443  7161  7195 W System.err: 	at android.os.Handler.handleCallback(Handler.java:907)
11-26 11:18:03.443  7161  7195 W System.err: 	at android.os.Handler.dispatchMessage(Handler.java:105)
11-26 11:18:03.443  7161  7195 W System.err: 	at android.os.Looper.loop(Looper.java:216)
11-26 11:18:03.443  7161  7195 W System.err: 	at android.os.HandlerThread.run(HandlerThread.java:65)
11-26 11:18:03.467  7161  7195 W System.err: java.net.SocketException: Message too long
11-26 11:18:03.467  7161  7195 W System.err: 	at sun.nio.ch.DatagramChannelImpl.send0(Native Method)
11-26 11:18:03.467  7161  7195 W System.err: 	at sun.nio.ch.DatagramChannelImpl.sendFromNativeBuffer(DatagramChannelImpl.java:573)
11-26 11:18:03.467  7161  7195 W System.err: 	at sun.nio.ch.DatagramChannelImpl.send(DatagramChannelImpl.java:550)
11-26 11:18:03.467  7161  7195 W System.err: 	at sun.nio.ch.DatagramChannelImpl.send(DatagramChannelImpl.java:514)
11-26 11:18:03.467  7161  7195 W System.err: 	at symlab.CloudAR.network.TransmissionTask.run(TransmissionTask.java:133)
11-26 11:18:03.467  7161  7195 W System.err: 	at android.os.Handler.handleCallback(Handler.java:907)
11-26 11:18:03.467  7161  7195 W System.err: 	at android.os.Handler.dispatchMessage(Handler.java:105)
11-26 11:18:03.467  7161  7195 W System.err: 	at android.os.Looper.loop(Looper.java:216)
11-26 11:18:03.467  7161  7195 W System.err: 	at android.os.HandlerThread.run(HandlerThread.java:65)
11-26 11:18:03.543  7161  7195 W System.err: java.net.SocketException: Message too long
11-26 11:18:03.544  7161  7195 W System.err: 	at sun.nio.ch.DatagramChannelImpl.send0(Native Method)
11-26 11:18:03.544  7161  7195 W System.err: 	at sun.nio.ch.DatagramChannelImpl.sendFromNativeBuffer(DatagramChannelImpl.java:573)
11-26 11:18:03.544  7161  7195 W System.err: 	at sun.nio.ch.DatagramChannelImpl.send(DatagramChannelImpl.java:550)
11-26 11:18:03.544  7161  7195 W System.err: 	at sun.nio.ch.DatagramChannelImpl.send(DatagramChannelImpl.java:514)
11-26 11:18:03.544  7161  7195 W System.err: 	at symlab.CloudAR.network.TransmissionTask.run(TransmissionTask.java:133)
11-26 11:18:03.544  7161  7195 W System.err: 	at android.os.Handler.handleCallback(Handler.java:907)
11-26 11:18:03.544  7161  7195 W System.err: 	at android.os.Handler.dispatchMessage(Handler.java:105)
11-26 11:18:03.544  7161  7195 W System.err: 	at android.os.Looper.loop(Looper.java:216)
11-26 11:18:03.544  7161  7195 W System.err: 	at android.os.HandlerThread.run(HandlerThread.java:65)
11-26 11:18:03.576  7161  7195 W System.err: java.net.SocketException: Message too long
11-26 11:18:03.576  7161  7195 W System.err: 	at sun.nio.ch.DatagramChannelImpl.send0(Native Method)
11-26 11:18:03.576  7161  7195 W System.err: 	at sun.nio.ch.DatagramChannelImpl.sendFromNativeBuffer(DatagramChannelImpl.java:573)
11-26 11:18:03.576  7161  7195 W System.err: 	at sun.nio.ch.DatagramChannelImpl.send(DatagramChannelImpl.java:550)
11-26 11:18:03.576  7161  7195 W System.err: 	at sun.nio.ch.DatagramChannelImpl.send(DatagramChannelImpl.java:514)
11-26 11:18:03.576  7161  7195 W System.err: 	at symlab.CloudAR.network.TransmissionTask.run(TransmissionTask.java:133)
11-26 11:18:03.576  7161  7195 W System.err: 	at android.os.Handler.handleCallback(Handler.java:907)
11-26 11:18:03.576  7161  7195 W System.err: 	at android.os.Handler.dispatchMessage(Handler.java:105)
11-26 11:18:03.576  7161  7195 W System.err: 	at android.os.Looper.loop(Looper.java:216)
11-26 11:18:03.576  7161  7195 W System.err: 	at android.os.HandlerThread.run(HandlerThread.java:65)
11-26 11:18:03.657  7161  7195 W System.err: java.net.SocketException: Message too long
11-26 11:18:03.657  7161  7195 W System.err: 	at sun.nio.ch.DatagramChannelImpl.send0(Native Method)
11-26 11:18:03.657  7161  7195 W System.err: 	at sun.nio.ch.DatagramChannelImpl.sendFromNativeBuffer(DatagramChannelImpl.java:573)
11-26 11:18:03.657  7161  7195 W System.err: 	at sun.nio.ch.DatagramChannelImpl.send(DatagramChannelImpl.java:550)
11-26 11:18:03.657  7161  7195 W System.err: 	at sun.nio.ch.DatagramChannelImpl.send(DatagramChannelImpl.java:514)
11-26 11:18:03.657  7161  7195 W System.err: 	at symlab.CloudAR.network.TransmissionTask.run(TransmissionTask.java:133)
11-26 11:18:03.657  7161  7195 W System.err: 	at android.os.Handler.handleCallback(Handler.java:907)
11-26 11:18:03.657  7161  7195 W System.err: 	at android.os.Handler.dispatchMessage(Handler.java:105)
11-26 11:18:03.657  7161  7195 W System.err: 	at android.os.Looper.loop(Looper.java:216)
11-26 11:18:03.657  7161  7195 W System.err: 	at android.os.HandlerThread.run(HandlerThread.java:65)
11-26 11:18:03.676  7161  7195 W System.err: java.net.SocketException: Message too long
11-26 11:18:03.676  7161  7195 W System.err: 	at sun.nio.ch.DatagramChannelImpl.send0(Native Method)
11-26 11:18:03.676  7161  7195 W System.err: 	at sun.nio.ch.DatagramChannelImpl.sendFromNativeBuffer(DatagramChannelImpl.java:573)
11-26 11:18:03.676  7161  7195 W System.err: 	at sun.nio.ch.DatagramChannelImpl.send(DatagramChannelImpl.java:550)
11-26 11:18:03.676  7161  7195 W System.err: 	at sun.nio.ch.DatagramChannelImpl.send(DatagramChannelImpl.java:514)
11-26 11:18:03.676  7161  7195 W System.err: 	at symlab.CloudAR.network.TransmissionTask.run(TransmissionTask.java:133)
11-26 11:18:03.676  7161  7195 W System.err: 	at android.os.Handler.handleCallback(Handler.java:907)
11-26 11:18:03.676  7161  7195 W System.err: 	at android.os.Handler.dispatchMessage(Handler.java:105)
11-26 11:18:03.676  7161  7195 W System.err: 	at android.os.Looper.loop(Looper.java:216)
11-26 11:18:03.676  7161  7195 W System.err: 	at android.os.HandlerThread.run(HandlerThread.java:65)
11-26 11:18:04.034  7161  7195 W System.err: java.net.SocketException: Message too long
11-26 11:18:04.035  7161  7195 W System.err: 	at sun.nio.ch.DatagramChannelImpl.send0(Native Method)
11-26 11:18:04.035  7161  7195 W System.err: 	at sun.nio.ch.DatagramChannelImpl.sendFromNativeBuffer(DatagramChannelImpl.java:573)
11-26 11:18:04.035  7161  7195 W System.err: 	at sun.nio.ch.DatagramChannelImpl.send(DatagramChannelImpl.java:550)
11-26 11:18:04.035  7161  7195 W System.err: 	at sun.nio.ch.DatagramChannelImpl.send(DatagramChannelImpl.java:514)
11-26 11:18:04.035  7161  7195 W System.err: 	at symlab.CloudAR.network.TransmissionTask.run(TransmissionTask.java:133)
11-26 11:18:04.035  7161  7195 W System.err: 	at android.os.Handler.handleCallback(Handler.java:907)
11-26 11:18:04.035  7161  7195 W System.err: 	at android.os.Handler.dispatchMessage(Handler.java:105)
11-26 11:18:04.035  7161  7195 W System.err: 	at android.os.Looper.loop(Looper.java:216)
11-26 11:18:04.035  7161  7195 W System.err: 	at android.os.HandlerThread.run(HandlerThread.java:65)
11-26 11:18:04.056  7161  7195 W System.err: java.net.SocketException: Message too long
11-26 11:18:04.056  7161  7195 W System.err: 	at sun.nio.ch.DatagramChannelImpl.send0(Native Method)
11-26 11:18:04.056  7161  7195 W System.err: 	at sun.nio.ch.DatagramChannelImpl.sendFromNativeBuffer(DatagramChannelImpl.java:573)
11-26 11:18:04.056  7161  7195 W System.err: 	at sun.nio.ch.DatagramChannelImpl.send(DatagramChannelImpl.java:550)
11-26 11:18:04.056  7161  7195 W System.err: 	at sun.nio.ch.DatagramChannelImpl.send(DatagramChannelImpl.java:514)
11-26 11:18:04.056  7161  7195 W System.err: 	at symlab.CloudAR.network.TransmissionTask.run(TransmissionTask.java:133)
11-26 11:18:04.056  7161  7195 W System.err: 	at android.os.Handler.handleCallback(Handler.java:907)
11-26 11:18:04.056  7161  7195 W System.err: 	at android.os.Handler.dispatchMessage(Handler.java:105)
11-26 11:18:04.056  7161  7195 W System.err: 	at android.os.Looper.loop(Looper.java:216)
11-26 11:18:04.056  7161  7195 W System.err: 	at android.os.HandlerThread.run(HandlerThread.java:65)
11-26 11:18:04.125  7161  7195 W System.err: java.net.SocketException: Message too long
11-26 11:18:04.125  7161  7195 W System.err: 	at sun.nio.ch.DatagramChannelImpl.send0(Native Method)
11-26 11:18:04.125  7161  7195 W System.err: 	at sun.nio.ch.DatagramChannelImpl.sendFromNativeBuffer(DatagramChannelImpl.java:573)
11-26 11:18:04.125  7161  7195 W System.err: 	at sun.nio.ch.DatagramChannelImpl.send(DatagramChannelImpl.java:550)
11-26 11:18:04.125  7161  7195 W System.err: 	at sun.nio.ch.DatagramChannelImpl.send(DatagramChannelImpl.java:514)
11-26 11:18:04.125  7161  7195 W System.err: 	at symlab.CloudAR.network.TransmissionTask.run(TransmissionTask.java:133)
11-26 11:18:04.125  7161  7195 W System.err: 	at android.os.Handler.handleCallback(Handler.java:907)
11-26 11:18:04.125  7161  7195 W System.err: 	at android.os.Handler.dispatchMessage(Handler.java:105)
11-26 11:18:04.125  7161  7195 W System.err: 	at android.os.Looper.loop(Looper.java:216)
11-26 11:18:04.125  7161  7195 W System.err: 	at android.os.HandlerThread.run(HandlerThread.java:65)
11-26 11:18:04.199  7161  7172 E         : [ZeroHung]zrhung_get_config: Get config failed for wp[0x0008]
11-26 11:18:04.199  7161  7195 W System.err: java.net.SocketException: Message too long
11-26 11:18:04.199  7161  7195 W System.err: 	at sun.nio.ch.DatagramChannelImpl.send0(Native Method)
11-26 11:18:04.199  7161  7195 W System.err: 	at sun.nio.ch.DatagramChannelImpl.sendFromNativeBuffer(DatagramChannelImpl.java:573)
11-26 11:18:04.199  7161  7195 W System.err: 	at sun.nio.ch.DatagramChannelImpl.send(DatagramChannelImpl.java:550)
11-26 11:18:04.199  7161  7195 W System.err: 	at sun.nio.ch.DatagramChannelImpl.send(DatagramChannelImpl.java:514)
11-26 11:18:04.199  7161  7195 W System.err: 	at symlab.CloudAR.network.TransmissionTask.run(TransmissionTask.java:133)
11-26 11:18:04.199  7161  7195 W System.err: 	at android.os.Handler.handleCallback(Handler.java:907)
11-26 11:18:04.199  7161  7195 W System.err: 	at android.os.Handler.dispatchMessage(Handler.java:105)
11-26 11:18:04.199  7161  7195 W System.err: 	at android.os.Looper.loop(Looper.java:216)
11-26 11:18:04.199  7161  7195 W System.err: 	at android.os.HandlerThread.run(HandlerThread.java:65)
11-26 11:18:04.229  7161  7161 D Poster  : At 1574759884229 location is 65.05819089981479 (latitude), and 25.467876160492363 (longitude)
11-26 11:18:04.234  7161  7161 D Poster  : Connected to mobile network 20
11-26 11:18:04.239  7161  7170 W System  : A resource failed to call close. 
11-26 11:18:04.241  7161  7170 I chatty  : uid=10147(symlab.cloudridar.arhud) FinalizerDaemon identical 16 lines
11-26 11:18:04.241  7161  7170 W System  : A resource failed to call close. 
11-26 11:18:05.205  7161  7161 D Poster  : At 1574759885205 location is 65.05819515138862 (latitude), and 25.467902165758865 (longitude)
11-26 11:18:05.209  7161  7161 D Poster  : Connected to mobile network 20
11-26 11:18:05.340  7161  7172 E         : [ZeroHung]zrhung_get_config: Get config failed for wp[0x0008]
11-26 11:18:05.372  7161  7170 W System  : A resource failed to call close. 
11-26 11:18:05.372  7161  7170 I chatty  : uid=10147(symlab.cloudridar.arhud) FinalizerDaemon identical 1 line
11-26 11:18:05.372  7161  7170 W System  : A resource failed to call close. 
11-26 11:18:05.372  7161  7170 W System  : A resource failed to call close. 
11-26 11:18:05.372  7161  7170 W System  : A resource failed to call close. 
11-26 11:18:05.372  7161  7170 W System  : A resource failed to call close. 
11-26 11:18:05.372  7161  7170 I chatty  : uid=10147(symlab.cloudridar.arhud) FinalizerDaemon identical 1 line
11-26 11:18:05.373  7161  7170 W System  : A resource failed to call close. 
11-26 11:18:05.373  7161  7170 W System  : A resource failed to call close. 
11-26 11:18:05.373  7161  7170 W System  : A resource failed to call close. 
11-26 11:18:05.373  7161  7170 W System  : A resource failed to call close. 
11-26 11:18:05.373  7161  7170 W System  : A resource failed to call close. 
11-26 11:18:05.373  7161  7170 W System  : A resource failed to call close. 
11-26 11:18:05.374  7161  7170 I chatty  : uid=10147(symlab.cloudridar.arhud) FinalizerDaemon identical 3 lines
11-26 11:18:05.374  7161  7170 W System  : A resource failed to call close. 
11-26 11:18:05.374  7161  7170 W System  : A resource failed to call close. 
11-26 11:18:05.374  7161  7170 W System  : A resource failed to call close. 
11-26 11:18:05.376  7161  7170 W System  : A resource failed to call close. 
11-26 11:18:05.377  7161  7170 W System  : A resource failed to call close. 
11-26 11:18:05.377  7161  7170 W System  : A resource failed to call close. 
11-26 11:18:05.377  7161  7170 W System  : A resource failed to call close. 
11-26 11:18:05.377  7161  7170 W System  : A resource failed to call close. 
11-26 11:18:05.379  7161  7170 I chatty  : uid=10147(symlab.cloudridar.arhud) FinalizerDaemon identical 8 lines
11-26 11:18:05.379  7161  7170 W System  : A resource failed to call close. 
11-26 11:18:06.209  7161  7161 D Poster  : At 1574759886209 location is 65.05818769604794 (latitude), and 25.46794626038408 (longitude)
11-26 11:18:06.211  7161  7161 D Poster  : Connected to mobile network 20
11-26 11:18:06.480  7161  7195 W System.err: java.net.SocketException: Message too long
11-26 11:18:06.480  7161  7195 W System.err: 	at sun.nio.ch.DatagramChannelImpl.send0(Native Method)
11-26 11:18:06.480  7161  7195 W System.err: 	at sun.nio.ch.DatagramChannelImpl.sendFromNativeBuffer(DatagramChannelImpl.java:573)
11-26 11:18:06.480  7161  7195 W System.err: 	at sun.nio.ch.DatagramChannelImpl.send(DatagramChannelImpl.java:550)
11-26 11:18:06.480  7161  7195 W System.err: 	at sun.nio.ch.DatagramChannelImpl.send(DatagramChannelImpl.java:514)
11-26 11:18:06.480  7161  7195 W System.err: 	at symlab.CloudAR.network.TransmissionTask.run(TransmissionTask.java:133)
11-26 11:18:06.480  7161  7195 W System.err: 	at android.os.Handler.handleCallback(Handler.java:907)
11-26 11:18:06.480  7161  7195 W System.err: 	at android.os.Handler.dispatchMessage(Handler.java:105)
11-26 11:18:06.480  7161  7195 W System.err: 	at android.os.Looper.loop(Looper.java:216)
11-26 11:18:06.480  7161  7195 W System.err: 	at android.os.HandlerThread.run(HandlerThread.java:65)
11-26 11:18:06.543  7161  7172 E         : [ZeroHung]zrhung_get_config: Get config failed for wp[0x0008]
11-26 11:18:06.566  7161  7170 W System  : A resource failed to call close. 
11-26 11:18:06.571  7161  7170 I chatty  : uid=10147(symlab.cloudridar.arhud) FinalizerDaemon identical 30 lines
11-26 11:18:06.571  7161  7170 W System  : A resource failed to call close. 
11-26 11:18:07.206  7161  7161 D Poster  : At 1574759887206 location is 65.05819125064617 (latitude), and 25.46795817421633 (longitude)
11-26 11:18:07.209  7161  7161 D Poster  : Connected to mobile network 20
11-26 11:18:07.590  7161  7172 E         : [ZeroHung]zrhung_get_config: Get config failed for wp[0x0008]
11-26 11:18:07.613  7161  7170 W System  : A resource failed to call close. 
11-26 11:18:07.616  7161  7170 I chatty  : uid=10147(symlab.cloudridar.arhud) FinalizerDaemon identical 7 lines
11-26 11:18:07.616  7161  7170 W System  : A resource failed to call close. 
11-26 11:18:07.616  7161  7170 W System  : A resource failed to call close. 
11-26 11:18:07.617  7161  7170 W System  : A resource failed to call close. 
11-26 11:18:07.617  7161  7170 W System  : A resource failed to call close. 
11-26 11:18:07.617  7161  7170 W System  : A resource failed to call close. 
11-26 11:18:07.617  7161  7170 W System  : A resource failed to call close. 
11-26 11:18:07.617  7161  7170 W System  : A resource failed to call close. 
11-26 11:18:07.617  7161  7170 W System  : A resource failed to call close. 
11-26 11:18:07.618  7161  7170 W System  : A resource failed to call close. 
11-26 11:18:07.619  7161  7170 W System  : A resource failed to call close. 
11-26 11:18:07.619  7161  7170 W System  : A resource failed to call close. 
11-26 11:18:07.619  7161  7170 W System  : A resource failed to call close. 
11-26 11:18:07.619  7161  7170 W System  : A resource failed to call close. 
11-26 11:18:07.619  7161  7170 W System  : A resource failed to call close. 
11-26 11:18:07.619  7161  7170 W System  : A resource failed to call close. 
11-26 11:18:07.619  7161  7170 W System  : A resource failed to call close. 
11-26 11:18:07.620  7161  7170 W System  : A resource failed to call close. 
11-26 11:18:07.620  7161  7170 I chatty  : uid=10147(symlab.cloudridar.arhud) FinalizerDaemon identical 5 lines
11-26 11:18:07.620  7161  7170 W System  : A resource failed to call close. 
11-26 11:18:07.650  7161  7195 W System.err: java.net.SocketException: Message too long
11-26 11:18:07.650  7161  7195 W System.err: 	at sun.nio.ch.DatagramChannelImpl.send0(Native Method)
11-26 11:18:07.650  7161  7195 W System.err: 	at sun.nio.ch.DatagramChannelImpl.sendFromNativeBuffer(DatagramChannelImpl.java:573)
11-26 11:18:07.650  7161  7195 W System.err: 	at sun.nio.ch.DatagramChannelImpl.send(DatagramChannelImpl.java:550)
11-26 11:18:07.650  7161  7195 W System.err: 	at sun.nio.ch.DatagramChannelImpl.send(DatagramChannelImpl.java:514)
11-26 11:18:07.650  7161  7195 W System.err: 	at symlab.CloudAR.network.TransmissionTask.run(TransmissionTask.java:133)
11-26 11:18:07.650  7161  7195 W System.err: 	at android.os.Handler.handleCallback(Handler.java:907)
11-26 11:18:07.650  7161  7195 W System.err: 	at android.os.Handler.dispatchMessage(Handler.java:105)
11-26 11:18:07.650  7161  7195 W System.err: 	at android.os.Looper.loop(Looper.java:216)
11-26 11:18:07.650  7161  7195 W System.err: 	at android.os.HandlerThread.run(HandlerThread.java:65)
11-26 11:18:08.221  7161  7161 D Poster  : At 1574759888220 location is 65.05819339168528 (latitude), and 25.467965350364693 (longitude)
11-26 11:18:08.227  7161  7161 D Poster  : Connected to mobile network 20
11-26 11:18:08.633  7161  7172 E         : [ZeroHung]zrhung_get_config: Get config failed for wp[0x0008]
11-26 11:18:08.652  7161  7170 W System  : A resource failed to call close. 
11-26 11:18:08.657  7161  7170 I chatty  : uid=10147(symlab.cloudridar.arhud) FinalizerDaemon identical 27 lines
11-26 11:18:08.657  7161  7170 W System  : A resource failed to call close. 
11-26 11:18:09.063  7161  7195 W System.err: java.net.SocketException: Message too long
11-26 11:18:09.063  7161  7195 W System.err: 	at sun.nio.ch.DatagramChannelImpl.send0(Native Method)
11-26 11:18:09.063  7161  7195 W System.err: 	at sun.nio.ch.DatagramChannelImpl.sendFromNativeBuffer(DatagramChannelImpl.java:573)
11-26 11:18:09.063  7161  7195 W System.err: 	at sun.nio.ch.DatagramChannelImpl.send(DatagramChannelImpl.java:550)
11-26 11:18:09.063  7161  7195 W System.err: 	at sun.nio.ch.DatagramChannelImpl.send(DatagramChannelImpl.java:514)
11-26 11:18:09.063  7161  7195 W System.err: 	at symlab.CloudAR.network.TransmissionTask.run(TransmissionTask.java:133)
11-26 11:18:09.063  7161  7195 W System.err: 	at android.os.Handler.handleCallback(Handler.java:907)
11-26 11:18:09.063  7161  7195 W System.err: 	at android.os.Handler.dispatchMessage(Handler.java:105)
11-26 11:18:09.063  7161  7195 W System.err: 	at android.os.Looper.loop(Looper.java:216)
11-26 11:18:09.063  7161  7195 W System.err: 	at android.os.HandlerThread.run(HandlerThread.java:65)
11-26 11:18:09.110  7161  7195 W System.err: java.net.SocketException: Message too long
11-26 11:18:09.110  7161  7195 W System.err: 	at sun.nio.ch.DatagramChannelImpl.send0(Native Method)
11-26 11:18:09.110  7161  7195 W System.err: 	at sun.nio.ch.DatagramChannelImpl.sendFromNativeBuffer(DatagramChannelImpl.java:573)
11-26 11:18:09.110  7161  7195 W System.err: 	at sun.nio.ch.DatagramChannelImpl.send(DatagramChannelImpl.java:550)
11-26 11:18:09.110  7161  7195 W System.err: 	at sun.nio.ch.DatagramChannelImpl.send(DatagramChannelImpl.java:514)
11-26 11:18:09.110  7161  7195 W System.err: 	at symlab.CloudAR.network.TransmissionTask.run(TransmissionTask.java:133)
11-26 11:18:09.110  7161  7195 W System.err: 	at android.os.Handler.handleCallback(Handler.java:907)
11-26 11:18:09.110  7161  7195 W System.err: 	at android.os.Handler.dispatchMessage(Handler.java:105)
11-26 11:18:09.110  7161  7195 W System.err: 	at android.os.Looper.loop(Looper.java:216)
11-26 11:18:09.110  7161  7195 W System.err: 	at android.os.HandlerThread.run(HandlerThread.java:65)
11-26 11:18:09.131  7161  7195 W System.err: java.net.SocketException: Message too long
11-26 11:18:09.131  7161  7195 W System.err: 	at sun.nio.ch.DatagramChannelImpl.send0(Native Method)
11-26 11:18:09.131  7161  7195 W System.err: 	at sun.nio.ch.DatagramChannelImpl.sendFromNativeBuffer(DatagramChannelImpl.java:573)
11-26 11:18:09.131  7161  7195 W System.err: 	at sun.nio.ch.DatagramChannelImpl.send(DatagramChannelImpl.java:550)
11-26 11:18:09.131  7161  7195 W System.err: 	at sun.nio.ch.DatagramChannelImpl.send(DatagramChannelImpl.java:514)
11-26 11:18:09.131  7161  7195 W System.err: 	at symlab.CloudAR.network.TransmissionTask.run(TransmissionTask.java:133)
11-26 11:18:09.131  7161  7195 W System.err: 	at android.os.Handler.handleCallback(Handler.java:907)
11-26 11:18:09.131  7161  7195 W System.err: 	at android.os.Handler.dispatchMessage(Handler.java:105)
11-26 11:18:09.131  7161  7195 W System.err: 	at android.os.Looper.loop(Looper.java:216)
11-26 11:18:09.131  7161  7195 W System.err: 	at android.os.HandlerThread.run(HandlerThread.java:65)
11-26 11:18:09.163  7161  7195 W System.err: java.net.SocketException: Message too long
11-26 11:18:09.163  7161  7195 W System.err: 	at sun.nio.ch.DatagramChannelImpl.send0(Native Method)
11-26 11:18:09.163  7161  7195 W System.err: 	at sun.nio.ch.DatagramChannelImpl.sendFromNativeBuffer(DatagramChannelImpl.java:573)
11-26 11:18:09.163  7161  7195 W System.err: 	at sun.nio.ch.DatagramChannelImpl.send(DatagramChannelImpl.java:550)
11-26 11:18:09.163  7161  7195 W System.err: 	at sun.nio.ch.DatagramChannelImpl.send(DatagramChannelImpl.java:514)
11-26 11:18:09.163  7161  7195 W System.err: 	at symlab.CloudAR.network.TransmissionTask.run(TransmissionTask.java:133)
11-26 11:18:09.163  7161  7195 W System.err: 	at android.os.Handler.handleCallback(Handler.java:907)
11-26 11:18:09.163  7161  7195 W System.err: 	at android.os.Handler.dispatchMessage(Handler.java:105)
11-26 11:18:09.163  7161  7195 W System.err: 	at android.os.Looper.loop(Looper.java:216)
11-26 11:18:09.163  7161  7195 W System.err: 	at android.os.HandlerThread.run(HandlerThread.java:65)
11-26 11:18:09.194  7161  7195 W System.err: java.net.SocketException: Message too long
11-26 11:18:09.194  7161  7195 W System.err: 	at sun.nio.ch.DatagramChannelImpl.send0(Native Method)
11-26 11:18:09.194  7161  7195 W System.err: 	at sun.nio.ch.DatagramChannelImpl.sendFromNativeBuffer(DatagramChannelImpl.java:573)
11-26 11:18:09.194  7161  7195 W System.err: 	at sun.nio.ch.DatagramChannelImpl.send(DatagramChannelImpl.java:550)
11-26 11:18:09.194  7161  7195 W System.err: 	at sun.nio.ch.DatagramChannelImpl.send(DatagramChannelImpl.java:514)
11-26 11:18:09.194  7161  7195 W System.err: 	at symlab.CloudAR.network.TransmissionTask.run(TransmissionTask.java:133)
11-26 11:18:09.194  7161  7195 W System.err: 	at android.os.Handler.handleCallback(Handler.java:907)
11-26 11:18:09.194  7161  7195 W System.err: 	at android.os.Handler.dispatchMessage(Handler.java:105)
11-26 11:18:09.194  7161  7195 W System.err: 	at android.os.Looper.loop(Looper.java:216)
11-26 11:18:09.194  7161  7195 W System.err: 	at android.os.HandlerThread.run(HandlerThread.java:65)
11-26 11:18:09.223  7161  7161 D Poster  : At 1574759889223 location is 65.0581959169935 (latitude), and 25.467973814586973 (longitude)
11-26 11:18:09.226  7161  7161 D Poster  : Connected to mobile network 20
11-26 11:18:09.236  7161  7195 W System.err: java.net.SocketException: Message too long
11-26 11:18:09.236  7161  7195 W System.err: 	at sun.nio.ch.DatagramChannelImpl.send0(Native Method)
11-26 11:18:09.236  7161  7195 W System.err: 	at sun.nio.ch.DatagramChannelImpl.sendFromNativeBuffer(DatagramChannelImpl.java:573)
11-26 11:18:09.236  7161  7195 W System.err: 	at sun.nio.ch.DatagramChannelImpl.send(DatagramChannelImpl.java:550)
11-26 11:18:09.236  7161  7195 W System.err: 	at sun.nio.ch.DatagramChannelImpl.send(DatagramChannelImpl.java:514)
11-26 11:18:09.236  7161  7195 W System.err: 	at symlab.CloudAR.network.TransmissionTask.run(TransmissionTask.java:133)
11-26 11:18:09.236  7161  7195 W System.err: 	at android.os.Handler.handleCallback(Handler.java:907)
11-26 11:18:09.236  7161  7195 W System.err: 	at android.os.Handler.dispatchMessage(Handler.java:105)
11-26 11:18:09.236  7161  7195 W System.err: 	at android.os.Looper.loop(Looper.java:216)
11-26 11:18:09.236  7161  7195 W System.err: 	at android.os.HandlerThread.run(HandlerThread.java:65)
11-26 11:18:09.407  7161  7195 W System.err: java.net.SocketException: Message too long
11-26 11:18:09.407  7161  7195 W System.err: 	at sun.nio.ch.DatagramChannelImpl.send0(Native Method)
11-26 11:18:09.407  7161  7195 W System.err: 	at sun.nio.ch.DatagramChannelImpl.sendFromNativeBuffer(DatagramChannelImpl.java:573)
11-26 11:18:09.407  7161  7195 W System.err: 	at sun.nio.ch.DatagramChannelImpl.send(DatagramChannelImpl.java:550)
11-26 11:18:09.407  7161  7195 W System.err: 	at sun.nio.ch.DatagramChannelImpl.send(DatagramChannelImpl.java:514)
11-26 11:18:09.407  7161  7195 W System.err: 	at symlab.CloudAR.network.TransmissionTask.run(TransmissionTask.java:133)
11-26 11:18:09.407  7161  7195 W System.err: 	at android.os.Handler.handleCallback(Handler.java:907)
11-26 11:18:09.407  7161  7195 W System.err: 	at android.os.Handler.dispatchMessage(Handler.java:105)
11-26 11:18:09.407  7161  7195 W System.err: 	at android.os.Looper.loop(Looper.java:216)
11-26 11:18:09.407  7161  7195 W System.err: 	at android.os.HandlerThread.run(HandlerThread.java:65)
11-26 11:18:09.466  7161  7195 W System.err: java.net.SocketException: Message too long
11-26 11:18:09.466  7161  7195 W System.err: 	at sun.nio.ch.DatagramChannelImpl.send0(Native Method)
11-26 11:18:09.466  7161  7195 W System.err: 	at sun.nio.ch.DatagramChannelImpl.sendFromNativeBuffer(DatagramChannelImpl.java:573)
11-26 11:18:09.466  7161  7195 W System.err: 	at sun.nio.ch.DatagramChannelImpl.send(DatagramChannelImpl.java:550)
11-26 11:18:09.466  7161  7195 W System.err: 	at sun.nio.ch.DatagramChannelImpl.send(DatagramChannelImpl.java:514)
11-26 11:18:09.466  7161  7195 W System.err: 	at symlab.CloudAR.network.TransmissionTask.run(TransmissionTask.java:133)
11-26 11:18:09.466  7161  7195 W System.err: 	at android.os.Handler.handleCallback(Handler.java:907)
11-26 11:18:09.466  7161  7195 W System.err: 	at android.os.Handler.dispatchMessage(Handler.java:105)
11-26 11:18:09.466  7161  7195 W System.err: 	at android.os.Looper.loop(Looper.java:216)
11-26 11:18:09.466  7161  7195 W System.err: 	at android.os.HandlerThread.run(HandlerThread.java:65)
11-26 11:18:09.600  7161  7172 E         : [ZeroHung]zrhung_get_config: Get config failed for wp[0x0008]
11-26 11:18:09.600  7161  7195 W System.err: java.net.SocketException: Message too long
11-26 11:18:09.601  7161  7195 W System.err: 	at sun.nio.ch.DatagramChannelImpl.send0(Native Method)
11-26 11:18:09.601  7161  7195 W System.err: 	at sun.nio.ch.DatagramChannelImpl.sendFromNativeBuffer(DatagramChannelImpl.java:573)
11-26 11:18:09.601  7161  7195 W System.err: 	at sun.nio.ch.DatagramChannelImpl.send(DatagramChannelImpl.java:550)
11-26 11:18:09.601  7161  7195 W System.err: 	at sun.nio.ch.DatagramChannelImpl.send(DatagramChannelImpl.java:514)
11-26 11:18:09.601  7161  7195 W System.err: 	at symlab.CloudAR.network.TransmissionTask.run(TransmissionTask.java:133)
11-26 11:18:09.601  7161  7195 W System.err: 	at android.os.Handler.handleCallback(Handler.java:907)
11-26 11:18:09.601  7161  7195 W System.err: 	at android.os.Handler.dispatchMessage(Handler.java:105)
11-26 11:18:09.601  7161  7195 W System.err: 	at android.os.Looper.loop(Looper.java:216)
11-26 11:18:09.601  7161  7195 W System.err: 	at android.os.HandlerThread.run(HandlerThread.java:65)
11-26 11:18:09.622  7161  7170 W System  : A resource failed to call close. 
11-26 11:18:09.629  7161  7170 I chatty  : uid=10147(symlab.cloudridar.arhud) FinalizerDaemon identical 18 lines
11-26 11:18:09.629  7161  7170 W System  : A resource failed to call close. 
11-26 11:18:09.634  7161  7195 W System.err: java.net.SocketException: Message too long
11-26 11:18:09.634  7161  7195 W System.err: 	at sun.nio.ch.DatagramChannelImpl.send0(Native Method)
11-26 11:18:09.634  7161  7195 W System.err: 	at sun.nio.ch.DatagramChannelImpl.sendFromNativeBuffer(DatagramChannelImpl.java:573)
11-26 11:18:09.634  7161  7195 W System.err: 	at sun.nio.ch.DatagramChannelImpl.send(DatagramChannelImpl.java:550)
11-26 11:18:09.634  7161  7195 W System.err: 	at sun.nio.ch.DatagramChannelImpl.send(DatagramChannelImpl.java:514)
11-26 11:18:09.634  7161  7195 W System.err: 	at symlab.CloudAR.network.TransmissionTask.run(TransmissionTask.java:133)
11-26 11:18:09.635  7161  7195 W System.err: 	at android.os.Handler.handleCallback(Handler.java:907)
11-26 11:18:09.635  7161  7195 W System.err: 	at android.os.Handler.dispatchMessage(Handler.java:105)
11-26 11:18:09.635  7161  7195 W System.err: 	at android.os.Looper.loop(Looper.java:216)
11-26 11:18:09.635  7161  7195 W System.err: 	at android.os.HandlerThread.run(HandlerThread.java:65)
11-26 11:18:09.670  7161  7195 W System.err: java.net.SocketException: Message too long
11-26 11:18:09.671  7161  7195 W System.err: 	at sun.nio.ch.DatagramChannelImpl.send0(Native Method)
11-26 11:18:09.671  7161  7195 W System.err: 	at sun.nio.ch.DatagramChannelImpl.sendFromNativeBuffer(DatagramChannelImpl.java:573)
11-26 11:18:09.671  7161  7195 W System.err: 	at sun.nio.ch.DatagramChannelImpl.send(DatagramChannelImpl.java:550)
11-26 11:18:09.671  7161  7195 W System.err: 	at sun.nio.ch.DatagramChannelImpl.send(DatagramChannelImpl.java:514)
11-26 11:18:09.671  7161  7195 W System.err: 	at symlab.CloudAR.network.TransmissionTask.run(TransmissionTask.java:133)
11-26 11:18:09.671  7161  7195 W System.err: 	at android.os.Handler.handleCallback(Handler.java:907)
11-26 11:18:09.671  7161  7195 W System.err: 	at android.os.Handler.dispatchMessage(Handler.java:105)
11-26 11:18:09.671  7161  7195 W System.err: 	at android.os.Looper.loop(Looper.java:216)
11-26 11:18:09.671  7161  7195 W System.err: 	at android.os.HandlerThread.run(HandlerThread.java:65)
11-26 11:18:09.714  7161  7195 W System.err: java.net.SocketException: Message too long
11-26 11:18:09.714  7161  7195 W System.err: 	at sun.nio.ch.DatagramChannelImpl.send0(Native Method)
11-26 11:18:09.714  7161  7195 W System.err: 	at sun.nio.ch.DatagramChannelImpl.sendFromNativeBuffer(DatagramChannelImpl.java:573)
11-26 11:18:09.714  7161  7195 W System.err: 	at sun.nio.ch.DatagramChannelImpl.send(DatagramChannelImpl.java:550)
11-26 11:18:09.714  7161  7195 W System.err: 	at sun.nio.ch.DatagramChannelImpl.send(DatagramChannelImpl.java:514)
11-26 11:18:09.714  7161  7195 W System.err: 	at symlab.CloudAR.network.TransmissionTask.run(TransmissionTask.java:133)
11-26 11:18:09.714  7161  7195 W System.err: 	at android.os.Handler.handleCallback(Handler.java:907)
11-26 11:18:09.714  7161  7195 W System.err: 	at android.os.Handler.dispatchMessage(Handler.java:105)
11-26 11:18:09.714  7161  7195 W System.err: 	at android.os.Looper.loop(Looper.java:216)
11-26 11:18:09.714  7161  7195 W System.err: 	at android.os.HandlerThread.run(HandlerThread.java:65)
11-26 11:18:09.735  7161  7195 W System.err: java.net.SocketException: Message too long
11-26 11:18:09.735  7161  7195 W System.err: 	at sun.nio.ch.DatagramChannelImpl.send0(Native Method)
11-26 11:18:09.735  7161  7195 W System.err: 	at sun.nio.ch.DatagramChannelImpl.sendFromNativeBuffer(DatagramChannelImpl.java:573)
11-26 11:18:09.735  7161  7195 W System.err: 	at sun.nio.ch.DatagramChannelImpl.send(DatagramChannelImpl.java:550)
11-26 11:18:09.735  7161  7195 W System.err: 	at sun.nio.ch.DatagramChannelImpl.send(DatagramChannelImpl.java:514)
11-26 11:18:09.735  7161  7195 W System.err: 	at symlab.CloudAR.network.TransmissionTask.run(TransmissionTask.java:133)
11-26 11:18:09.735  7161  7195 W System.err: 	at android.os.Handler.handleCallback(Handler.java:907)
11-26 11:18:09.735  7161  7195 W System.err: 	at android.os.Handler.dispatchMessage(Handler.java:105)
11-26 11:18:09.735  7161  7195 W System.err: 	at android.os.Looper.loop(Looper.java:216)
11-26 11:18:09.735  7161  7195 W System.err: 	at android.os.HandlerThread.run(HandlerThread.java:65)
11-26 11:18:09.782  7161  7195 W System.err: java.net.SocketException: Message too long
11-26 11:18:09.782  7161  7195 W System.err: 	at sun.nio.ch.DatagramChannelImpl.send0(Native Method)
11-26 11:18:09.782  7161  7195 W System.err: 	at sun.nio.ch.DatagramChannelImpl.sendFromNativeBuffer(DatagramChannelImpl.java:573)
11-26 11:18:09.782  7161  7195 W System.err: 	at sun.nio.ch.DatagramChannelImpl.send(DatagramChannelImpl.java:550)
11-26 11:18:09.782  7161  7195 W System.err: 	at sun.nio.ch.DatagramChannelImpl.send(DatagramChannelImpl.java:514)
11-26 11:18:09.782  7161  7195 W System.err: 	at symlab.CloudAR.network.TransmissionTask.run(TransmissionTask.java:133)
11-26 11:18:09.782  7161  7195 W System.err: 	at android.os.Handler.handleCallback(Handler.java:907)
11-26 11:18:09.782  7161  7195 W System.err: 	at android.os.Handler.dispatchMessage(Handler.java:105)
11-26 11:18:09.782  7161  7195 W System.err: 	at android.os.Looper.loop(Looper.java:216)
11-26 11:18:09.782  7161  7195 W System.err: 	at android.os.HandlerThread.run(HandlerThread.java:65)
11-26 11:18:09.804  7161  7195 W System.err: java.net.SocketException: Message too long
11-26 11:18:09.804  7161  7195 W System.err: 	at sun.nio.ch.DatagramChannelImpl.send0(Native Method)
11-26 11:18:09.804  7161  7195 W System.err: 	at sun.nio.ch.DatagramChannelImpl.sendFromNativeBuffer(DatagramChannelImpl.java:573)
11-26 11:18:09.804  7161  7195 W System.err: 	at sun.nio.ch.DatagramChannelImpl.send(DatagramChannelImpl.java:550)
11-26 11:18:09.804  7161  7195 W System.err: 	at sun.nio.ch.DatagramChannelImpl.send(DatagramChannelImpl.java:514)
11-26 11:18:09.804  7161  7195 W System.err: 	at symlab.CloudAR.network.TransmissionTask.run(TransmissionTask.java:133)
11-26 11:18:09.804  7161  7195 W System.err: 	at android.os.Handler.handleCallback(Handler.java:907)
11-26 11:18:09.804  7161  7195 W System.err: 	at android.os.Handler.dispatchMessage(Handler.java:105)
11-26 11:18:09.804  7161  7195 W System.err: 	at android.os.Looper.loop(Looper.java:216)
11-26 11:18:09.804  7161  7195 W System.err: 	at android.os.HandlerThread.run(HandlerThread.java:65)
11-26 11:18:09.835  7161  7195 W System.err: java.net.SocketException: Message too long
11-26 11:18:09.836  7161  7195 W System.err: 	at sun.nio.ch.DatagramChannelImpl.send0(Native Method)
11-26 11:18:09.836  7161  7195 W System.err: 	at sun.nio.ch.DatagramChannelImpl.sendFromNativeBuffer(DatagramChannelImpl.java:573)
11-26 11:18:09.836  7161  7195 W System.err: 	at sun.nio.ch.DatagramChannelImpl.send(DatagramChannelImpl.java:550)
11-26 11:18:09.836  7161  7195 W System.err: 	at sun.nio.ch.DatagramChannelImpl.send(DatagramChannelImpl.java:514)
11-26 11:18:09.836  7161  7195 W System.err: 	at symlab.CloudAR.network.TransmissionTask.run(TransmissionTask.java:133)
11-26 11:18:09.836  7161  7195 W System.err: 	at android.os.Handler.handleCallback(Handler.java:907)
11-26 11:18:09.836  7161  7195 W System.err: 	at android.os.Handler.dispatchMessage(Handler.java:105)
11-26 11:18:09.836  7161  7195 W System.err: 	at android.os.Looper.loop(Looper.java:216)
11-26 11:18:09.836  7161  7195 W System.err: 	at android.os.HandlerThread.run(HandlerThread.java:65)
11-26 11:18:09.864  7161  7195 W System.err: java.net.SocketException: Message too long
11-26 11:18:09.864  7161  7195 W System.err: 	at sun.nio.ch.DatagramChannelImpl.send0(Native Method)
11-26 11:18:09.864  7161  7195 W System.err: 	at sun.nio.ch.DatagramChannelImpl.sendFromNativeBuffer(DatagramChannelImpl.java:573)
11-26 11:18:09.864  7161  7195 W System.err: 	at sun.nio.ch.DatagramChannelImpl.send(DatagramChannelImpl.java:550)
11-26 11:18:09.864  7161  7195 W System.err: 	at sun.nio.ch.DatagramChannelImpl.send(DatagramChannelImpl.java:514)
11-26 11:18:09.864  7161  7195 W System.err: 	at symlab.CloudAR.network.TransmissionTask.run(TransmissionTask.java:133)
11-26 11:18:09.864  7161  7195 W System.err: 	at android.os.Handler.handleCallback(Handler.java:907)
11-26 11:18:09.864  7161  7195 W System.err: 	at android.os.Handler.dispatchMessage(Handler.java:105)
11-26 11:18:09.864  7161  7195 W System.err: 	at android.os.Looper.loop(Looper.java:216)
11-26 11:18:09.864  7161  7195 W System.err: 	at android.os.HandlerThread.run(HandlerThread.java:65)
11-26 11:18:09.911  7161  7195 W System.err: java.net.SocketException: Message too long
11-26 11:18:09.911  7161  7195 W System.err: 	at sun.nio.ch.DatagramChannelImpl.send0(Native Method)
11-26 11:18:09.911  7161  7195 W System.err: 	at sun.nio.ch.DatagramChannelImpl.sendFromNativeBuffer(DatagramChannelImpl.java:573)
11-26 11:18:09.911  7161  7195 W System.err: 	at sun.nio.ch.DatagramChannelImpl.send(DatagramChannelImpl.java:550)
11-26 11:18:09.911  7161  7195 W System.err: 	at sun.nio.ch.DatagramChannelImpl.send(DatagramChannelImpl.java:514)
11-26 11:18:09.911  7161  7195 W System.err: 	at symlab.CloudAR.network.TransmissionTask.run(TransmissionTask.java:133)
11-26 11:18:09.911  7161  7195 W System.err: 	at android.os.Handler.handleCallback(Handler.java:907)
11-26 11:18:09.911  7161  7195 W System.err: 	at android.os.Handler.dispatchMessage(Handler.java:105)
11-26 11:18:09.911  7161  7195 W System.err: 	at android.os.Looper.loop(Looper.java:216)
11-26 11:18:09.911  7161  7195 W System.err: 	at android.os.HandlerThread.run(HandlerThread.java:65)
11-26 11:18:09.942  7161  7195 W System.err: java.net.SocketException: Message too long
11-26 11:18:09.942  7161  7195 W System.err: 	at sun.nio.ch.DatagramChannelImpl.send0(Native Method)
11-26 11:18:09.942  7161  7195 W System.err: 	at sun.nio.ch.DatagramChannelImpl.sendFromNativeBuffer(DatagramChannelImpl.java:573)
11-26 11:18:09.942  7161  7195 W System.err: 	at sun.nio.ch.DatagramChannelImpl.send(DatagramChannelImpl.java:550)
11-26 11:18:09.942  7161  7195 W System.err: 	at sun.nio.ch.DatagramChannelImpl.send(DatagramChannelImpl.java:514)
11-26 11:18:09.942  7161  7195 W System.err: 	at symlab.CloudAR.network.TransmissionTask.run(TransmissionTask.java:133)
11-26 11:18:09.942  7161  7195 W System.err: 	at android.os.Handler.handleCallback(Handler.java:907)
11-26 11:18:09.942  7161  7195 W System.err: 	at android.os.Handler.dispatchMessage(Handler.java:105)
11-26 11:18:09.942  7161  7195 W System.err: 	at android.os.Looper.loop(Looper.java:216)
11-26 11:18:09.942  7161  7195 W System.err: 	at android.os.HandlerThread.run(HandlerThread.java:65)
11-26 11:18:09.972  7161  7195 W System.err: java.net.SocketException: Message too long
11-26 11:18:09.972  7161  7195 W System.err: 	at sun.nio.ch.DatagramChannelImpl.send0(Native Method)
11-26 11:18:09.972  7161  7195 W System.err: 	at sun.nio.ch.DatagramChannelImpl.sendFromNativeBuffer(DatagramChannelImpl.java:573)
11-26 11:18:09.972  7161  7195 W System.err: 	at sun.nio.ch.DatagramChannelImpl.send(DatagramChannelImpl.java:550)
11-26 11:18:09.972  7161  7195 W System.err: 	at sun.nio.ch.DatagramChannelImpl.send(DatagramChannelImpl.java:514)
11-26 11:18:09.972  7161  7195 W System.err: 	at symlab.CloudAR.network.TransmissionTask.run(TransmissionTask.java:133)
11-26 11:18:09.972  7161  7195 W System.err: 	at android.os.Handler.handleCallback(Handler.java:907)
11-26 11:18:09.972  7161  7195 W System.err: 	at android.os.Handler.dispatchMessage(Handler.java:105)
11-26 11:18:09.972  7161  7195 W System.err: 	at android.os.Looper.loop(Looper.java:216)
11-26 11:18:09.972  7161  7195 W System.err: 	at android.os.HandlerThread.run(HandlerThread.java:65)
11-26 11:18:10.011  7161  7195 W System.err: java.net.SocketException: Message too long
11-26 11:18:10.011  7161  7195 W System.err: 	at sun.nio.ch.DatagramChannelImpl.send0(Native Method)
11-26 11:18:10.011  7161  7195 W System.err: 	at sun.nio.ch.DatagramChannelImpl.sendFromNativeBuffer(DatagramChannelImpl.java:573)
11-26 11:18:10.011  7161  7195 W System.err: 	at sun.nio.ch.DatagramChannelImpl.send(DatagramChannelImpl.java:550)
11-26 11:18:10.011  7161  7195 W System.err: 	at sun.nio.ch.DatagramChannelImpl.send(DatagramChannelImpl.java:514)
11-26 11:18:10.011  7161  7195 W System.err: 	at symlab.CloudAR.network.TransmissionTask.run(TransmissionTask.java:133)
11-26 11:18:10.011  7161  7195 W System.err: 	at android.os.Handler.handleCallback(Handler.java:907)
11-26 11:18:10.011  7161  7195 W System.err: 	at android.os.Handler.dispatchMessage(Handler.java:105)
11-26 11:18:10.011  7161  7195 W System.err: 	at android.os.Looper.loop(Looper.java:216)
11-26 11:18:10.011  7161  7195 W System.err: 	at android.os.HandlerThread.run(HandlerThread.java:65)
11-26 11:18:10.054  7161  7195 W System.err: java.net.SocketException: Message too long
11-26 11:18:10.054  7161  7195 W System.err: 	at sun.nio.ch.DatagramChannelImpl.send0(Native Method)
11-26 11:18:10.054  7161  7195 W System.err: 	at sun.nio.ch.DatagramChannelImpl.sendFromNativeBuffer(DatagramChannelImpl.java:573)
11-26 11:18:10.054  7161  7195 W System.err: 	at sun.nio.ch.DatagramChannelImpl.send(DatagramChannelImpl.java:550)
11-26 11:18:10.054  7161  7195 W System.err: 	at sun.nio.ch.DatagramChannelImpl.send(DatagramChannelImpl.java:514)
11-26 11:18:10.054  7161  7195 W System.err: 	at symlab.CloudAR.network.TransmissionTask.run(TransmissionTask.java:133)
