--------- beginning of main
11-26 15:20:04.767  6613  6613 D ZrHung.AppEyeUiProbe: notify runnable to start.
11-26 15:20:04.767  6613  6647 D ZrHung.AppEyeUiProbe: Runnable thread started.
11-26 15:20:04.767  6613  6647 D IMonitor: Load library imonitor_jni
11-26 15:20:04.770  6640  6640 W logcat  : type=1400 audit(0.0:16732): avc: granted { create } for name="logcat_1574774404758.txt" scontext=u:r:untrusted_app:s0:c147,c256,c512,c768 tcontext=u:object_r:sdcardfs:s0:c147,c256,c512,c768 tclass=file
11-26 15:20:04.770  6613  6647 E         : [ZeroHung]zrhung_get_config: Get config failed for wp[0x0102]
11-26 15:20:04.770  6613  6647 W ZrHung.AppEyeUiProbe: Failed to get config from zrhung
11-26 15:20:04.774  6613  6613 I MultiDex: Installing application
11-26 15:20:04.774  6613  6613 I MultiDex: VM has multidex support, MultiDex support library is disabled.
--------- beginning of system
11-26 15:20:04.776  6613  6613 V ActivityThread: callActivityOnCreate
11-26 15:20:04.776  6613  6613 I Poster  :  onCreate() called.
11-26 15:20:04.779  6613  6613 I HwApsImpl: APS: new HwApsImpl created
11-26 15:20:04.785  6613  6613 V HwWidgetFactory: : successes to get AllImpl object and return....
11-26 15:20:04.792  6613  6613 D OpenGLRenderer: Skia GL Pipeline
11-26 15:20:04.811  6613  6613 D Poster  : Server details are IP 193.166.28.132 and port 52727
11-26 15:20:04.816  6613  6613 D Poster  : Server bound to IP 193.166.28.132 and port 52727
11-26 15:20:04.820  6613  6613 D ActivityThread: add activity client record, r= ActivityRecord{2c6908f token=android.os.BinderProxy@442f816 {symlab.cloudridar.arhud/symlab.ARHUD.MainActivity}} token= android.os.BinderProxy@442f816
11-26 15:20:04.822  6613  6613 I Poster  :  onStart() called.
11-26 15:20:04.823  6613  6613 D ZrHung.AppEyeUiProbe: notify runnable to start.
11-26 15:20:04.824  6613  6613 I Poster  :  onResume() called.
11-26 15:20:04.828  6613  6613 I PermissionManager: camera remind result:true
11-26 15:20:04.829  6613  6613 I Camera  : open camera: 0, package name: symlab.cloudridar.arhud
11-26 15:20:04.829  6613  6613 I BackgroundPermManager: pkgName: symlab.cloudridar.arhud,pid: 6613 ,uidOf3RdApk: 10147 ,permType: 0 ,permCfg: 1
11-26 15:20:04.830  6613  6613 I HwCameraUtil: notifySurfaceFlingerCameraStatus : isFront = false , isOpend = true
11-26 15:20:04.840  6613  6613 D ActivityThread: isOptEnabled=false isWechatScanOpt=false
11-26 15:20:04.841  6613  6613 I HwSecImmHelper: mSecurityInputMethodService is null
11-26 15:20:04.846  6613  6613 D OpenGLRenderer:   HWUI Binary is  enabled
11-26 15:20:04.869  6613  6676 D HiTouch_PressGestureDetector: onAttached, package=symlab.cloudridar.arhud, windowType=1, mHiTouchRestricted=false
11-26 15:20:04.880  6613  6674 I ConfigStore: android::hardware::configstore::V1_0::ISurfaceFlingerConfigs::hasWideColorDisplay retrieved: 0
11-26 15:20:04.881  6613  6674 I ConfigStore: android::hardware::configstore::V1_0::ISurfaceFlingerConfigs::hasHDRDisplay retrieved: 0
11-26 15:20:04.881  6613  6674 I iGraphics: [0020080c] pn: symlab.cloudridar.arhud, p: 6613
11-26 15:20:04.881  6613  6674 I OpenGLRenderer: Initialized EGL, version 1.4, mEglDisplay 0x1
11-26 15:20:04.882  6613  6674 D OpenGLRenderer: Swap behavior 2
11-26 15:20:04.893  6613  6674 D mali_winsys: EGLint new_window_surface(egl_winsys_display *, void *, EGLSurface, EGLConfig, egl_winsys_surface **, EGLBoolean) returns 0x3000
11-26 15:20:04.898  6613  6613 I Poster  :  surfaceCreated() called.
11-26 15:20:04.898  6613  6613 I Poster  : initPreview() called
11-26 15:20:04.900  6613  6628 E         : [ZeroHung]zrhung_get_config: Get config failed for wp[0x0008]
11-26 15:20:04.903  6613  6613 I PermissionManager: camera remind result:true
11-26 15:20:04.907  6613  6613 I Poster  :  surfaceChanged() called.
11-26 15:20:04.910  6613  6624 W System  : A resource failed to call close. 
11-26 15:20:04.922  6613  6613 W InputMethodManager: startInputReason = 1
11-26 15:20:04.929  6613  6613 W InputMethodManager: startInputReason = 5
11-26 15:20:05.021  6613  6613 D Poster  : At 1574774405021 location is 65.05781927243353 (latitude), and 25.46979506805205 (longitude)
11-26 15:20:05.023  6613  6613 D Poster  : Connected to mobile network 13
11-26 15:20:05.494  6613  6613 W symlab.cloudridar.arhud: type=1400 audit(0.0:16736): avc: granted { create } for comm=6E6574776F726B20746872656164 name="receive.txt" scontext=u:r:untrusted_app:s0:c147,c256,c512,c768 tcontext=u:object_r:sdcardfs:s0:c147,c256,c512,c768 tclass=file
11-26 15:20:05.498  6613  6656 D Evaluation: 5 res for frame 6 received at 1574774405498
11-26 15:20:05.531  6613  6656 D Evaluation: 5 res for frame 7 received at 1574774405531
11-26 15:20:05.558  6613  6656 D Evaluation: 5 res for frame 8 received at 1574774405558
11-26 15:20:05.596  6613  6656 D Evaluation: 5 res for frame 9 received at 1574774405596
11-26 15:20:05.630  6613  6656 D Evaluation: 5 res for frame 10 received at 1574774405630
11-26 15:20:05.664  6613  6656 D Evaluation: 5 res for frame 11 received at 1574774405664
11-26 15:20:05.692  6613  6656 D Evaluation: 5 res for frame 12 received at 1574774405692
11-26 15:20:05.729  6613  6656 D Evaluation: 5 res for frame 13 received at 1574774405729
11-26 15:20:05.760  6613  6656 D Evaluation: 5 res for frame 14 received at 1574774405760
11-26 15:20:05.792  6613  6656 D Evaluation: 5 res for frame 15 received at 1574774405792
11-26 15:20:05.831  6613  6656 D Evaluation: 5 res for frame 16 received at 1574774405831
11-26 15:20:05.861  6613  6656 D Evaluation: 4 res for frame 17 received at 1574774405861
11-26 15:20:05.895  6613  6656 D Evaluation: 4 res for frame 18 received at 1574774405895
11-26 15:20:05.932  6613  6656 D Evaluation: 5 res for frame 19 received at 1574774405932
11-26 15:20:05.966  6613  6656 D Evaluation: 5 res for frame 20 received at 1574774405966
11-26 15:20:05.994  6613  6628 E         : [ZeroHung]zrhung_get_config: Get config failed for wp[0x0008]
11-26 15:20:05.994  6613  6656 D Evaluation: 5 res for frame 21 received at 1574774405994
11-26 15:20:06.003  6613  6624 W System  : A resource failed to call close. 
11-26 15:20:06.004  6613  6624 I chatty  : uid=10147(symlab.cloudridar.arhud) FinalizerDaemon identical 39 lines
11-26 15:20:06.004  6613  6624 W System  : A resource failed to call close. 
11-26 15:20:06.030  6613  6613 D Poster  : At 1574774406030 location is 65.05782112034005 (latitude), and 25.469771859997103 (longitude)
11-26 15:20:06.031  6613  6656 D Evaluation: 5 res for frame 22 received at 1574774406031
11-26 15:20:06.032  6613  6613 D Poster  : Connected to mobile network 13
11-26 15:20:06.072  6613  6656 D Evaluation: 5 res for frame 23 received at 1574774406072
11-26 15:20:06.107  6613  6656 D Evaluation: 5 res for frame 24 received at 1574774406107
11-26 15:20:06.144  6613  6656 D Evaluation: 5 res for frame 25 received at 1574774406144
11-26 15:20:06.198  6613  6656 D Evaluation: 5 res for frame 26 received at 1574774406198
11-26 15:20:06.227  6613  6656 D Evaluation: 5 res for frame 27 received at 1574774406227
11-26 15:20:06.245  6613  6656 D Evaluation: 5 res for frame 28 received at 1574774406245
11-26 15:20:06.281  6613  6656 D Evaluation: 5 res for frame 29 received at 1574774406281
11-26 15:20:06.315  6613  6656 D Evaluation: 5 res for frame 30 received at 1574774406315
11-26 15:20:06.356  6613  6656 D Evaluation: 5 res for frame 32 received at 1574774406356
11-26 15:20:06.385  6613  6656 D Evaluation: 5 res for frame 32 received at 1574774406385
11-26 15:20:06.429  6613  6656 D Evaluation: 5 res for frame 33 received at 1574774406429
11-26 15:20:06.454  6613  6656 D Evaluation: 5 res for frame 34 received at 1574774406454
11-26 15:20:06.488  6613  6656 D Evaluation: 5 res for frame 35 received at 1574774406488
11-26 15:20:06.528  6613  6656 D Evaluation: 5 res for frame 36 received at 1574774406528
11-26 15:20:06.548  6613  6656 D Evaluation: 5 res for frame 37 received at 1574774406548
11-26 15:20:06.582  6613  6656 D Evaluation: 5 res for frame 38 received at 1574774406582
11-26 15:20:06.629  6613  6656 D Evaluation: 5 res for frame 39 received at 1574774406629
11-26 15:20:06.648  6613  6656 D Evaluation: 5 res for frame 40 received at 1574774406648
11-26 15:20:06.691  6613  6656 D Evaluation: 5 res for frame 41 received at 1574774406691
11-26 15:20:06.720  6613  6656 D Evaluation: 5 res for frame 42 received at 1574774406720
11-26 15:20:06.768  6613  6656 D Evaluation: 5 res for frame 43 received at 1574774406768
11-26 15:20:06.836  6613  6656 D Evaluation: 5 res for frame 44 received at 1574774406836
11-26 15:20:06.884  6613  6656 D Evaluation: 5 res for frame 45 received at 1574774406884
11-26 15:20:06.902  6613  6628 E         : [ZeroHung]zrhung_get_config: Get config failed for wp[0x0008]
11-26 15:20:06.904  6613  6656 D Evaluation: 5 res for frame 46 received at 1574774406904
11-26 15:20:06.916  6613  6624 W System  : A resource failed to call close. 
11-26 15:20:06.918  6613  6624 I chatty  : uid=10147(symlab.cloudridar.arhud) FinalizerDaemon identical 46 lines
11-26 15:20:06.918  6613  6624 W System  : A resource failed to call close. 
11-26 15:20:06.922  6613  6656 D Evaluation: 5 res for frame 47 received at 1574774406922
11-26 15:20:06.953  6613  6656 D Evaluation: 5 res for frame 48 received at 1574774406953
11-26 15:20:06.986  6613  6656 D Evaluation: 5 res for frame 50 received at 1574774406986
11-26 15:20:07.022  6613  6656 D Evaluation: 5 res for frame 51 received at 1574774407022
11-26 15:20:07.024  6613  6613 D Poster  : At 1574774407024 location is 65.05781734891166 (latitude), and 25.469761144807674 (longitude)
11-26 15:20:07.026  6613  6613 D Poster  : Connected to mobile network 13
11-26 15:20:07.069  6613  6656 D Evaluation: 5 res for frame 51 received at 1574774407069
11-26 15:20:07.085  6613  6656 D Evaluation: 5 res for frame 52 received at 1574774407085
11-26 15:20:07.112  6613  6656 D Evaluation: 5 res for frame 53 received at 1574774407112
11-26 15:20:07.151  6613  6656 D Evaluation: 5 res for frame 54 received at 1574774407151
11-26 15:20:07.188  6613  6656 D Evaluation: 5 res for frame 55 received at 1574774407188
11-26 15:20:07.225  6613  6656 D Evaluation: 5 res for frame 56 received at 1574774407225
11-26 15:20:07.261  6613  6656 D Evaluation: 5 res for frame 57 received at 1574774407261
11-26 15:20:07.303  6613  6656 D Evaluation: 5 res for frame 58 received at 1574774407303
11-26 15:20:07.332  6613  6656 D Evaluation: 5 res for frame 59 received at 1574774407332
11-26 15:20:07.372  6613  6656 D Evaluation: 5 res for frame 60 received at 1574774407372
11-26 15:20:07.392  6613  6656 D Evaluation: 5 res for frame 61 received at 1574774407392
11-26 15:20:07.424  6613  6656 D Evaluation: 5 res for frame 62 received at 1574774407424
11-26 15:20:07.467  6613  6656 D Evaluation: 5 res for frame 63 received at 1574774407467
11-26 15:20:07.495  6613  6656 D Evaluation: 5 res for frame 65 received at 1574774407495
11-26 15:20:07.524  6613  6656 D Evaluation: 5 res for frame 65 received at 1574774407524
11-26 15:20:07.562  6613  6656 D Evaluation: 5 res for frame 66 received at 1574774407562
11-26 15:20:07.593  6613  6656 D Evaluation: 5 res for frame 67 received at 1574774407593
11-26 15:20:07.629  6613  6656 D Evaluation: 5 res for frame 68 received at 1574774407629
11-26 15:20:07.665  6613  6656 D Evaluation: 5 res for frame 69 received at 1574774407665
11-26 15:20:07.698  6613  6656 D Evaluation: 5 res for frame 70 received at 1574774407698
11-26 15:20:07.737  6613  6656 D Evaluation: 5 res for frame 71 received at 1574774407737
11-26 15:20:07.768  6613  6628 E         : [ZeroHung]zrhung_get_config: Get config failed for wp[0x0008]
11-26 15:20:07.771  6613  6656 D Evaluation: 5 res for frame 72 received at 1574774407771
11-26 15:20:07.787  6613  6624 W System  : A resource failed to call close. 
11-26 15:20:07.793  6613  6624 I chatty  : uid=10147(symlab.cloudridar.arhud) FinalizerDaemon identical 50 lines
11-26 15:20:07.794  6613  6624 W System  : A resource failed to call close. 
11-26 15:20:07.794  6613  6656 D Evaluation: 5 res for frame 73 received at 1574774407794
11-26 15:20:07.835  6613  6656 D Evaluation: 5 res for frame 74 received at 1574774407835
11-26 15:20:07.870  6613  6656 D Evaluation: 5 res for frame 75 received at 1574774407870
11-26 15:20:07.902  6613  6656 D Evaluation: 5 res for frame 76 received at 1574774407902
11-26 15:20:07.929  6613  6656 D Evaluation: 5 res for frame 77 received at 1574774407929
11-26 15:20:07.967  6613  6656 D Evaluation: 5 res for frame 78 received at 1574774407967
11-26 15:20:07.997  6613  6656 D Evaluation: 5 res for frame 79 received at 1574774407997
11-26 15:20:08.025  6613  6613 D Poster  : At 1574774408025 location is 65.05782276853316 (latitude), and 25.46974956197546 (longitude)
11-26 15:20:08.028  6613  6613 D Poster  : Connected to mobile network 13
11-26 15:20:08.057  6613  6656 D Evaluation: 5 res for frame 80 received at 1574774408057
11-26 15:20:08.103  6613  6656 D Evaluation: 5 res for frame 81 received at 1574774408102
11-26 15:20:08.148  6613  6656 D Evaluation: 5 res for frame 82 received at 1574774408148
11-26 15:20:08.175  6613  6656 D Evaluation: 5 res for frame 83 received at 1574774408175
11-26 15:20:08.207  6613  6656 D Evaluation: 5 res for frame 84 received at 1574774408207
11-26 15:20:08.243  6613  6656 D Evaluation: 5 res for frame 85 received at 1574774408243
11-26 15:20:08.269  6613  6656 D Evaluation: 5 res for frame 86 received at 1574774408269
11-26 15:20:08.345  6613  6656 D Evaluation: 5 res for frame 87 received at 1574774408345
11-26 15:20:08.370  6613  6656 D Evaluation: 5 res for frame 88 received at 1574774408370
11-26 15:20:08.401  6613  6656 D Evaluation: 5 res for frame 89 received at 1574774408401
11-26 15:20:08.430  6613  6656 D Evaluation: 5 res for frame 90 received at 1574774408430
11-26 15:20:08.473  6613  6656 D Evaluation: 5 res for frame 91 received at 1574774408473
11-26 15:20:08.510  6613  6656 D Evaluation: 5 res for frame 92 received at 1574774408510
11-26 15:20:08.540  6613  6656 D Evaluation: 5 res for frame 93 received at 1574774408540
11-26 15:20:08.580  6613  6656 D Evaluation: 5 res for frame 94 received at 1574774408580
11-26 15:20:08.616  6613  6656 D Evaluation: 5 res for frame 95 received at 1574774408616
11-26 15:20:08.642  6613  6656 D Evaluation: 5 res for frame 96 received at 1574774408641
11-26 15:20:08.670  6613  6656 D Evaluation: 5 res for frame 97 received at 1574774408670
11-26 15:20:08.710  6613  6656 D Evaluation: 5 res for frame 98 received at 1574774408710
11-26 15:20:08.746  6613  6628 E         : [ZeroHung]zrhung_get_config: Get config failed for wp[0x0008]
11-26 15:20:08.750  6613  6656 D Evaluation: 5 res for frame 99 received at 1574774408750
11-26 15:20:08.778  6613  6624 W System  : A resource failed to call close. 
11-26 15:20:08.779  6613  6624 I chatty  : uid=10147(symlab.cloudridar.arhud) FinalizerDaemon identical 4 lines
11-26 15:20:08.780  6613  6624 W System  : A resource failed to call close. 
11-26 15:20:08.780  6613  6656 D Evaluation: 5 res for frame 100 received at 1574774408780
11-26 15:20:08.780  6613  6624 W System  : A resource failed to call close. 
11-26 15:20:08.786  6613  6624 I chatty  : uid=10147(symlab.cloudridar.arhud) FinalizerDaemon identical 37 lines
11-26 15:20:08.786  6613  6624 W System  : A resource failed to call close. 
11-26 15:20:08.786  6613  6624 W System  : A resource failed to call close. 
11-26 15:20:08.787  6613  6624 I chatty  : uid=10147(symlab.cloudridar.arhud) FinalizerDaemon identical 5 lines
11-26 15:20:08.787  6613  6624 W System  : A resource failed to call close. 
11-26 15:20:08.787  6613  6624 W System  : A resource failed to call close. 
11-26 15:20:08.787  6613  6624 W System  : A resource failed to call close. 
11-26 15:20:08.809  6613  6656 D Evaluation: 5 res for frame 101 received at 1574774408809
11-26 15:20:08.846  6613  6656 D Evaluation: 5 res for frame 102 received at 1574774408846
11-26 15:20:08.896  6613  6656 D Evaluation: 5 res for frame 103 received at 1574774408896
11-26 15:20:08.919  6613  6656 D Evaluation: 5 res for frame 104 received at 1574774408919
11-26 15:20:08.943  6613  6656 D Evaluation: 5 res for frame 105 received at 1574774408943
11-26 15:20:08.968  6613  6656 D Evaluation: 5 res for frame 106 received at 1574774408968
11-26 15:20:09.008  6613  6656 D Evaluation: 5 res for frame 108 received at 1574774409008
11-26 15:20:09.023  6613  6613 D Poster  : At 1574774409022 location is 65.05782956221984 (latitude), and 25.469741101293096 (longitude)
11-26 15:20:09.026  6613  6613 D Poster  : Connected to mobile network 13
11-26 15:20:09.054  6613  6656 D Evaluation: 5 res for frame 108 received at 1574774409054
11-26 15:20:09.084  6613  6656 D Evaluation: 5 res for frame 109 received at 1574774409084
11-26 15:20:09.109  6613  6656 D Evaluation: 5 res for frame 110 received at 1574774409109
11-26 15:20:09.146  6613  6656 D Evaluation: 5 res for frame 111 received at 1574774409146
11-26 15:20:09.183  6613  6656 D Evaluation: 5 res for frame 112 received at 1574774409183
11-26 15:20:09.260  6613  6656 D Evaluation: 5 res for frame 113 received at 1574774409260
11-26 15:20:09.298  6613  6656 D Evaluation: 5 res for frame 114 received at 1574774409298
11-26 15:20:09.326  6613  6656 D Evaluation: 5 res for frame 115 received at 1574774409326
11-26 15:20:09.353  6613  6656 D Evaluation: 5 res for frame 116 received at 1574774409353
11-26 15:20:09.377  6613  6656 D Evaluation: 5 res for frame 117 received at 1574774409377
11-26 15:20:09.418  6613  6656 D Evaluation: 5 res for frame 119 received at 1574774409418
11-26 15:20:09.452  6613  6656 D Evaluation: 5 res for frame 119 received at 1574774409452
11-26 15:20:09.482  6613  6656 D Evaluation: 5 res for frame 120 received at 1574774409482
11-26 15:20:09.515  6613  6656 D Evaluation: 4 res for frame 121 received at 1574774409515
11-26 15:20:09.551  6613  6656 D Evaluation: 5 res for frame 122 received at 1574774409551
11-26 15:20:09.578  6613  6656 D Evaluation: 5 res for frame 123 received at 1574774409578
11-26 15:20:09.608  6613  6656 D Evaluation: 5 res for frame 124 received at 1574774409608
11-26 15:20:09.641  6613  6628 E         : [ZeroHung]zrhung_get_config: Get config failed for wp[0x0008]
11-26 15:20:09.647  6613  6656 D Evaluation: 5 res for frame 125 received at 1574774409647
11-26 15:20:09.660  6613  6624 W System  : A resource failed to call close. 
11-26 15:20:09.660  6613  6624 I chatty  : uid=10147(symlab.cloudridar.arhud) FinalizerDaemon identical 2 lines
11-26 15:20:09.660  6613  6624 W System  : A resource failed to call close. 
11-26 15:20:09.660  6613  6624 W System  : A resource failed to call close. 
11-26 15:20:09.661  6613  6624 W System  : A resource failed to call close. 
11-26 15:20:09.668  6613  6624 I chatty  : uid=10147(symlab.cloudridar.arhud) FinalizerDaemon identical 28 lines
11-26 15:20:09.668  6613  6624 W System  : A resource failed to call close. 
11-26 15:20:09.668  6613  6624 W System  : A resource failed to call close. 
11-26 15:20:09.670  6613  6624 I chatty  : uid=10147(symlab.cloudridar.arhud) FinalizerDaemon identical 15 lines
11-26 15:20:09.670  6613  6624 W System  : A resource failed to call close. 
11-26 15:20:09.687  6613  6656 D Evaluation: 5 res for frame 126 received at 1574774409687
11-26 15:20:09.710  6613  6656 D Evaluation: 5 res for frame 127 received at 1574774409710
11-26 15:20:09.747  6613  6656 D Evaluation: 5 res for frame 128 received at 1574774409747
11-26 15:20:09.754  6613  6613 I AwareBitmapCacher: init lrucache size: 2097152 pid=6613
11-26 15:20:09.790  6613  6656 D Evaluation: 5 res for frame 129 received at 1574774409790
11-26 15:20:09.817  6613  6656 D Evaluation: 5 res for frame 130 received at 1574774409817
11-26 15:20:09.856  6613  6656 D Evaluation: 5 res for frame 131 received at 1574774409856
11-26 15:20:09.889  6613  6656 D Evaluation: 5 res for frame 132 received at 1574774409889
11-26 15:20:09.920  6613  6656 D Evaluation: 5 res for frame 133 received at 1574774409920
11-26 15:20:09.949  6613  6656 D Evaluation: 4 res for frame 134 received at 1574774409949
11-26 15:20:09.988  6613  6656 D Evaluation: 5 res for frame 135 received at 1574774409988
11-26 15:20:10.015  6613  6656 D Evaluation: 3 res for frame 136 received at 1574774410015
11-26 15:20:10.027  6613  6613 D Poster  : At 1574774410027 location is 65.05782874302759 (latitude), and 25.46973281454086 (longitude)
11-26 15:20:10.033  6613  6613 D Poster  : Connected to mobile network 13
11-26 15:20:10.046  6613  6656 D Evaluation: 4 res for frame 137 received at 1574774410046
11-26 15:20:10.079  6613  6656 D Evaluation: 5 res for frame 138 received at 1574774410079
11-26 15:20:10.108  6613  6656 D Evaluation: 5 res for frame 139 received at 1574774410108
11-26 15:20:10.150  6613  6656 D Evaluation: 3 res for frame 140 received at 1574774410150
11-26 15:20:10.183  6613  6656 D Evaluation: 3 res for frame 141 received at 1574774410183
11-26 15:20:10.212  6613  6656 D Evaluation: 4 res for frame 142 received at 1574774410212
11-26 15:20:10.252  6613  6656 D Evaluation: 4 res for frame 143 received at 1574774410252
11-26 15:20:10.280  6613  6656 D Evaluation: 4 res for frame 144 received at 1574774410280
11-26 15:20:10.319  6613  6656 D Evaluation: 2 res for frame 145 received at 1574774410318
11-26 15:20:10.365  6613  6656 D Evaluation: 3 res for frame 146 received at 1574774410365
11-26 15:20:10.397  6613  6656 D Evaluation: 4 res for frame 147 received at 1574774410397
11-26 15:20:10.433  6613  6656 D Evaluation: 4 res for frame 148 received at 1574774410433
11-26 15:20:10.461  6613  6656 D Evaluation: 3 res for frame 149 received at 1574774410461
11-26 15:20:10.494  6613  6656 D Evaluation: 4 res for frame 150 received at 1574774410494
11-26 15:20:10.526  6613  6656 D Evaluation: 3 res for frame 151 received at 1574774410526
11-26 15:20:10.565  6613  6656 D Evaluation: 2 res for frame 152 received at 1574774410565
11-26 15:20:10.596  6613  6656 D Evaluation: 4 res for frame 153 received at 1574774410596
11-26 15:20:10.621  6613  6628 E         : [ZeroHung]zrhung_get_config: Get config failed for wp[0x0008]
11-26 15:20:10.624  6613  6656 D Evaluation: 4 res for frame 154 received at 1574774410624
11-26 15:20:10.644  6613  6624 W System  : A resource failed to call close. 
11-26 15:20:10.647  6613  6624 I chatty  : uid=10147(symlab.cloudridar.arhud) FinalizerDaemon identical 56 lines
11-26 15:20:10.647  6613  6624 W System  : A resource failed to call close. 
11-26 15:20:10.663  6613  6656 D Evaluation: 4 res for frame 155 received at 1574774410663
11-26 15:20:10.695  6613  6656 D Evaluation: 4 res for frame 156 received at 1574774410695
11-26 15:20:10.721  6613  6656 D Evaluation: 5 res for frame 157 received at 1574774410721
11-26 15:20:10.759  6613  6656 D Evaluation: 4 res for frame 158 received at 1574774410759
11-26 15:20:10.801  6613  6656 D Evaluation: 4 res for frame 159 received at 1574774410801
11-26 15:20:10.831  6613  6656 D Evaluation: 2 res for frame 160 received at 1574774410831
11-26 15:20:10.857  6613  6656 D Evaluation: 3 res for frame 161 received at 1574774410857
11-26 15:20:10.897  6613  6656 D Evaluation: 3 res for frame 162 received at 1574774410897
11-26 15:20:10.926  6613  6656 D Evaluation: 4 res for frame 163 received at 1574774410926
11-26 15:20:10.948  6613  6656 D Evaluation: 5 res for frame 164 received at 1574774410948
11-26 15:20:10.981  6613  6656 D Evaluation: 2 res for frame 165 received at 1574774410981
11-26 15:20:11.030  6613  6613 D Poster  : At 1574774411029 location is 65.05782879669276 (latitude), and 25.469737322446765 (longitude)
11-26 15:20:11.032  6613  6613 D Poster  : Connected to mobile network 13
11-26 15:20:11.040  6613  6656 D Evaluation: 3 res for frame 166 received at 1574774411040
11-26 15:20:11.064  6613  6656 D Evaluation: 4 res for frame 167 received at 1574774411064
11-26 15:20:11.093  6613  6656 D Evaluation: 5 res for frame 168 received at 1574774411093
11-26 15:20:11.120  6613  6656 D Evaluation: 5 res for frame 169 received at 1574774411120
11-26 15:20:11.183  6613  6656 D Evaluation: 5 res for frame 170 received at 1574774411183
11-26 15:20:11.212  6613  6656 D Evaluation: 5 res for frame 171 received at 1574774411212
11-26 15:20:11.236  6613  6656 D Evaluation: 4 res for frame 172 received at 1574774411236
11-26 15:20:11.263  6613  6656 D Evaluation: 4 res for frame 173 received at 1574774411263
11-26 15:20:11.290  6613  6656 D Evaluation: 3 res for frame 175 received at 1574774411290
11-26 15:20:11.339  6613  6656 D Evaluation: 4 res for frame 176 received at 1574774411339
11-26 15:20:11.366  6613  6656 D Evaluation: 4 res for frame 176 received at 1574774411366
11-26 15:20:11.385  6613  6656 D Evaluation: 4 res for frame 177 received at 1574774411385
11-26 15:20:11.432  6613  6656 D Evaluation: 3 res for frame 178 received at 1574774411432
11-26 15:20:11.461  6613  6656 D Evaluation: 3 res for frame 179 received at 1574774411461
11-26 15:20:11.503  6613  6656 D Evaluation: 5 res for frame 180 received at 1574774411503
11-26 15:20:11.530  6613  6656 D Evaluation: 4 res for frame 181 received at 1574774411530
11-26 15:20:11.556  6613  6628 E         : [ZeroHung]zrhung_get_config: Get config failed for wp[0x0008]
11-26 15:20:11.558  6613  6656 D Evaluation: 5 res for frame 182 received at 1574774411558
11-26 15:20:11.586  6613  6624 W System  : A resource failed to call close. 
11-26 15:20:11.591  6613  6624 I chatty  : uid=10147(symlab.cloudridar.arhud) FinalizerDaemon identical 52 lines
11-26 15:20:11.591  6613  6624 W System  : A resource failed to call close. 
11-26 15:20:11.591  6613  6624 W System  : A resource failed to call close. 
11-26 15:20:11.592  6613  6624 W System  : A resource failed to call close. 
11-26 15:20:11.592  6613  6624 W System  : A resource failed to call close. 
11-26 15:20:11.598  6613  6656 D Evaluation: 5 res for frame 183 received at 1574774411598
11-26 15:20:11.625  6613  6656 D Evaluation: 3 res for frame 184 received at 1574774411625
11-26 15:20:11.672  6613  6656 D Evaluation: 3 res for frame 185 received at 1574774411672
11-26 15:20:11.701  6613  6656 D Evaluation: 4 res for frame 186 received at 1574774411701
11-26 15:20:11.735  6613  6656 D Evaluation: 4 res for frame 187 received at 1574774411735
11-26 15:20:11.765  6613  6656 D Evaluation: 4 res for frame 188 received at 1574774411765
11-26 15:20:11.807  6613  6656 D Evaluation: 5 res for frame 189 received at 1574774411807
11-26 15:20:11.833  6613  6656 D Evaluation: 3 res for frame 190 received at 1574774411833
11-26 15:20:11.865  6613  6656 D Evaluation: 4 res for frame 191 received at 1574774411865
11-26 15:20:11.914  6613  6656 D Evaluation: 5 res for frame 192 received at 1574774411914
11-26 15:20:11.934  6613  6656 D Evaluation: 4 res for frame 193 received at 1574774411934
11-26 15:20:11.966  6613  6656 D Evaluation: 5 res for frame 194 received at 1574774411966
11-26 15:20:11.992  6613  6656 D Evaluation: 5 res for frame 195 received at 1574774411992
11-26 15:20:12.036  6613  6656 D Evaluation: 5 res for frame 196 received at 1574774412036
11-26 15:20:12.036  6613  6613 D Poster  : At 1574774412036 location is 65.05781732024627 (latitude), and 25.46970006081492 (longitude)
11-26 15:20:12.039  6613  6613 D Poster  : Connected to mobile network 13
11-26 15:20:12.082  6613  6656 D Evaluation: 5 res for frame 197 received at 1574774412082
11-26 15:20:12.104  6613  6656 D Evaluation: 5 res for frame 198 received at 1574774412104
11-26 15:20:12.134  6613  6656 D Evaluation: 5 res for frame 199 received at 1574774412134
11-26 15:20:12.175  6613  6656 D Evaluation: 5 res for frame 200 received at 1574774412175
11-26 15:20:12.208  6613  6656 D Evaluation: 5 res for frame 201 received at 1574774412208
11-26 15:20:12.234  6613  6656 D Evaluation: 5 res for frame 202 received at 1574774412234
11-26 15:20:12.263  6613  6656 D Evaluation: 5 res for frame 203 received at 1574774412263
11-26 15:20:12.326  6613  6656 D Evaluation: 5 res for frame 204 received at 1574774412326
11-26 15:20:12.352  6613  6656 D Evaluation: 5 res for frame 205 received at 1574774412352
11-26 15:20:12.376  6613  6656 D Evaluation: 5 res for frame 206 received at 1574774412376
11-26 15:20:12.407  6613  6656 D Evaluation: 5 res for frame 207 received at 1574774412407
11-26 15:20:12.443  6613  6656 D Evaluation: 5 res for frame 209 received at 1574774412443
11-26 15:20:12.469  6613  6628 E         : [ZeroHung]zrhung_get_config: Get config failed for wp[0x0008]
11-26 15:20:12.470  6613  6656 D Evaluation: 5 res for frame 209 received at 1574774412470
11-26 15:20:12.504  6613  6624 W System  : A resource failed to call close. 
11-26 15:20:12.505  6613  6624 I chatty  : uid=10147(symlab.cloudridar.arhud) FinalizerDaemon identical 3 lines
11-26 15:20:12.505  6613  6624 W System  : A resource failed to call close. 
11-26 15:20:12.505  6613  6624 W System  : A resource failed to call close. 
11-26 15:20:12.506  6613  6624 I chatty  : uid=10147(symlab.cloudridar.arhud) FinalizerDaemon identical 16 lines
11-26 15:20:12.506  6613  6624 W System  : A resource failed to call close. 
11-26 15:20:12.506  6613  6624 W System  : A resource failed to call close. 
11-26 15:20:12.506  6613  6624 W System  : A resource failed to call close. 
11-26 15:20:12.506  6613  6624 W System  : A resource failed to call close. 
11-26 15:20:12.506  6613  6624 W System  : A resource failed to call close. 
11-26 15:20:12.506  6613  6624 W System  : A resource failed to call close. 
11-26 15:20:12.506  6613  6624 I chatty  : uid=10147(symlab.cloudridar.arhud) FinalizerDaemon identical 4 lines
11-26 15:20:12.506  6613  6624 W System  : A resource failed to call close. 
11-26 15:20:12.506  6613  6624 W System  : A resource failed to call close. 
11-26 15:20:12.506  6613  6624 W System  : A resource failed to call close. 
11-26 15:20:12.506  6613  6624 W System  : A resource failed to call close. 
11-26 15:20:12.507  6613  6624 W System  : A resource failed to call close. 
11-26 15:20:12.507  6613  6624 W System  : A resource failed to call close. 
11-26 15:20:12.507  6613  6624 I chatty  : uid=10147(symlab.cloudridar.arhud) FinalizerDaemon identical 1 line
11-26 15:20:12.507  6613  6624 W System  : A resource failed to call close. 
11-26 15:20:12.507  6613  6624 W System  : A resource failed to call close. 
11-26 15:20:12.507  6613  6624 W System  : A resource failed to call close. 
11-26 15:20:12.507  6613  6624 I chatty  : uid=10147(symlab.cloudridar.arhud) FinalizerDaemon identical 2 lines
11-26 15:20:12.507  6613  6624 W System  : A resource failed to call close. 
11-26 15:20:12.507  6613  6624 W System  : A resource failed to call close. 
11-26 15:20:12.507  6613  6624 I chatty  : uid=10147(symlab.cloudridar.arhud) FinalizerDaemon identical 4 lines
11-26 15:20:12.507  6613  6624 W System  : A resource failed to call close. 
11-26 15:20:12.507  6613  6624 W System  : A resource failed to call close. 
11-26 15:20:12.508  6613  6624 I chatty  : uid=10147(symlab.cloudridar.arhud) FinalizerDaemon identical 2 lines
11-26 15:20:12.508  6613  6624 W System  : A resource failed to call close. 
11-26 15:20:12.515  6613  6656 D Evaluation: 5 res for frame 210 received at 1574774412515
11-26 15:20:12.544  6613  6656 D Evaluation: 5 res for frame 211 received at 1574774412544
11-26 15:20:12.580  6613  6656 D Evaluation: 5 res for frame 212 received at 1574774412580
11-26 15:20:12.608  6613  6656 D Evaluation: 5 res for frame 213 received at 1574774412608
11-26 15:20:12.635  6613  6656 D Evaluation: 5 res for frame 214 received at 1574774412635
11-26 15:20:12.674  6613  6656 D Evaluation: 5 res for frame 215 received at 1574774412674
11-26 15:20:12.718  6613  6656 D Evaluation: 5 res for frame 216 received at 1574774412718
11-26 15:20:12.746  6613  6656 D Evaluation: 5 res for frame 217 received at 1574774412746
11-26 15:20:12.778  6613  6656 D Evaluation: 5 res for frame 218 received at 1574774412778
11-26 15:20:12.811  6613  6656 D Evaluation: 5 res for frame 219 received at 1574774412811
11-26 15:20:12.842  6613  6656 D Evaluation: 5 res for frame 220 received at 1574774412842
11-26 15:20:12.884  6613  6656 D Evaluation: 5 res for frame 221 received at 1574774412884
11-26 15:20:12.914  6613  6656 D Evaluation: 5 res for frame 222 received at 1574774412914
11-26 15:20:12.933  6613  6656 D Evaluation: 5 res for frame 223 received at 1574774412933
11-26 15:20:12.960  6613  6656 D Evaluation: 5 res for frame 224 received at 1574774412960
11-26 15:20:12.996  6613  6656 D Evaluation: 5 res for frame 225 received at 1574774412996
11-26 15:20:13.036  6613  6613 D Poster  : At 1574774413036 location is 65.05781672740258 (latitude), and 25.4696987952809 (longitude)
11-26 15:20:13.039  6613  6613 D Poster  : Connected to mobile network 13
11-26 15:20:13.046  6613  6656 D Evaluation: 5 res for frame 226 received at 1574774413046
11-26 15:20:13.080  6613  6656 D Evaluation: 5 res for frame 227 received at 1574774413080
11-26 15:20:13.117  6613  6656 D Evaluation: 5 res for frame 228 received at 1574774413117
11-26 15:20:13.146  6613  6656 D Evaluation: 5 res for frame 229 received at 1574774413145
11-26 15:20:13.177  6613  6656 D Evaluation: 5 res for frame 230 received at 1574774413177
11-26 15:20:13.212  6613  6656 D Evaluation: 5 res for frame 231 received at 1574774413212
11-26 15:20:13.250  6613  6656 D Evaluation: 5 res for frame 232 received at 1574774413250
11-26 15:20:13.281  6613  6656 D Evaluation: 5 res for frame 233 received at 1574774413281
11-26 15:20:13.316  6613  6656 D Evaluation: 5 res for frame 234 received at 1574774413316
11-26 15:20:13.343  6613  6628 E         : [ZeroHung]zrhung_get_config: Get config failed for wp[0x0008]
11-26 15:20:13.345  6613  6656 D Evaluation: 5 res for frame 235 received at 1574774413345
11-26 15:20:13.369  6613  6624 W System  : A resource failed to call close. 
11-26 15:20:13.378  6613  6624 I chatty  : uid=10147(symlab.cloudridar.arhud) FinalizerDaemon identical 49 lines
11-26 15:20:13.378  6613  6624 W System  : A resource failed to call close. 
11-26 15:20:13.384  6613  6656 D Evaluation: 5 res for frame 236 received at 1574774413384
11-26 15:20:13.417  6613  6656 D Evaluation: 5 res for frame 237 received at 1574774413417
11-26 15:20:13.446  6613  6656 D Evaluation: 5 res for frame 238 received at 1574774413446
11-26 15:20:13.487  6613  6656 D Evaluation: 5 res for frame 239 received at 1574774413487
11-26 15:20:13.518  6613  6656 D Evaluation: 5 res for frame 240 received at 1574774413518
11-26 15:20:13.543  6613  6656 D Evaluation: 5 res for frame 241 received at 1574774413543
11-26 15:20:13.589  6613  6656 D Evaluation: 5 res for frame 242 received at 1574774413589
11-26 15:20:13.619  6613  6656 D Evaluation: 5 res for frame 243 received at 1574774413618
11-26 15:20:13.645  6613  6656 D Evaluation: 5 res for frame 244 received at 1574774413645
11-26 15:20:13.681  6613  6656 D Evaluation: 5 res for frame 245 received at 1574774413681
11-26 15:20:13.719  6613  6656 D Evaluation: 5 res for frame 246 received at 1574774413719
11-26 15:20:13.741  6613  6656 D Evaluation: 5 res for frame 247 received at 1574774413741
11-26 15:20:13.827  6613  6656 D Evaluation: 5 res for frame 248 received at 1574774413827
11-26 15:20:13.859  6613  6656 D Evaluation: 5 res for frame 249 received at 1574774413859
11-26 15:20:13.893  6613  6656 D Evaluation: 5 res for frame 251 received at 1574774413893
11-26 15:20:13.923  6613  6656 D Evaluation: 5 res for frame 251 received at 1574774413923
11-26 15:20:13.956  6613  6656 D Evaluation: 5 res for frame 252 received at 1574774413956
11-26 15:20:14.032  6613  6613 D Poster  : At 1574774414032 location is 65.057836218574 (latitude), and 25.46972255791555 (longitude)
11-26 15:20:14.035  6613  6613 D Poster  : Connected to mobile network 13
11-26 15:20:14.036  6613  6656 D Evaluation: 5 res for frame 253 received at 1574774414036
11-26 15:20:14.075  6613  6656 D Evaluation: 5 res for frame 254 received at 1574774414075
11-26 15:20:14.114  6613  6656 D Evaluation: 5 res for frame 255 received at 1574774414114
11-26 15:20:14.147  6613  6613 D stylus  : init stylus touchlistener.
11-26 15:20:14.155  6613  6656 D Evaluation: 5 res for frame 256 received at 1574774414155
11-26 15:20:14.159  6613  6613 W Settings: Setting device_provisioned has moved from android.provider.Settings.Secure to android.provider.Settings.Global.
11-26 15:20:14.160  6613  6613 V HiTouch_HiTouchSensor: User setup is finished.
11-26 15:20:14.193  6613  6656 D Evaluation: 5 res for frame 257 received at 1574774414193
11-26 15:20:14.211  6613  6656 D Evaluation: 5 res for frame 258 received at 1574774414211
11-26 15:20:14.240  6613  6656 D Evaluation: 5 res for frame 259 received at 1574774414240
11-26 15:20:14.272  6613  6656 D Evaluation: 5 res for frame 260 received at 1574774414272
11-26 15:20:14.342  6613  6628 E         : [ZeroHung]zrhung_get_config: Get config failed for wp[0x0008]
11-26 15:20:14.344  6613  6656 D Evaluation: 5 res for frame 261 received at 1574774414344
11-26 15:20:14.364  6613  6624 W System  : A resource failed to call close. 
11-26 15:20:14.364  6613  6624 I chatty  : uid=10147(symlab.cloudridar.arhud) FinalizerDaemon identical 9 lines
11-26 15:20:14.364  6613  6624 W System  : A resource failed to call close. 
11-26 15:20:14.364  6613  6624 W System  : A resource failed to call close. 
11-26 15:20:14.365  6613  6624 I chatty  : uid=10147(symlab.cloudridar.arhud) FinalizerDaemon identical 6 lines
11-26 15:20:14.365  6613  6624 W System  : A resource failed to call close. 
11-26 15:20:14.365  6613  6624 W System  : A resource failed to call close. 
11-26 15:20:14.366  6613  6624 I chatty  : uid=10147(symlab.cloudridar.arhud) FinalizerDaemon identical 30 lines
11-26 15:20:14.366  6613  6624 W System  : A resource failed to call close. 
11-26 15:20:14.379  6613  6656 D Evaluation: 5 res for frame 262 received at 1574774414379
11-26 15:20:14.399  6613  6656 D Evaluation: 5 res for frame 263 received at 1574774414399
11-26 15:20:14.437  6613  6656 D Evaluation: 5 res for frame 264 received at 1574774414437
11-26 15:20:14.476  6613  6656 D Evaluation: 5 res for frame 265 received at 1574774414476
11-26 15:20:14.512  6613  6656 D Evaluation: 5 res for frame 266 received at 1574774414512
11-26 15:20:14.546  6613  6656 D Evaluation: 5 res for frame 267 received at 1574774414546
11-26 15:20:14.575  6613  6656 D Evaluation: 5 res for frame 268 received at 1574774414575
11-26 15:20:14.603  6613  6656 D Evaluation: 5 res for frame 269 received at 1574774414603
11-26 15:20:14.642  6613  6656 D Evaluation: 5 res for frame 270 received at 1574774414642
11-26 15:20:14.671  6613  6656 D Evaluation: 5 res for frame 271 received at 1574774414671
11-26 15:20:14.712  6613  6656 D Evaluation: 5 res for frame 272 received at 1574774414712
11-26 15:20:14.748  6613  6613 W HiTouch_PressGestureDetector: Touch pointer move a lot. The moving distance of X is:86.50708, limit is:60The moving distance of Y is:5.7429504, limit is:60
11-26 15:20:14.757  6613  6656 D Evaluation: 5 res for frame 273 received at 1574774414757
11-26 15:20:14.785  6613  6656 D Evaluation: 5 res for frame 274 received at 1574774414785
11-26 15:20:14.805  6613  6656 D Evaluation: 5 res for frame 275 received at 1574774414805
11-26 15:20:14.844  6613  6656 D Evaluation: 5 res for frame 276 received at 1574774414843
11-26 15:20:14.872  6613  6656 D Evaluation: 5 res for frame 277 received at 1574774414872
11-26 15:20:14.919  6613  6656 D Evaluation: 5 res for frame 278 received at 1574774414919
11-26 15:20:14.945  6613  6656 D Evaluation: 4 res for frame 279 received at 1574774414945
11-26 15:20:14.972  6613  6656 D Evaluation: 5 res for frame 280 received at 1574774414972
11-26 15:20:15.017  6613  6656 D Evaluation: 5 res for frame 281 received at 1574774415017
11-26 15:20:15.024  6613  6613 D Poster  : At 1574774415024 location is 65.05785095083947 (latitude), and 25.469740758605216 (longitude)
11-26 15:20:15.026  6613  6613 D Poster  : Connected to mobile network 13
11-26 15:20:15.061  6613  6656 D Evaluation: 5 res for frame 282 received at 1574774415061
11-26 15:20:15.081  6613  6656 D Evaluation: 5 res for frame 283 received at 1574774415081
11-26 15:20:15.105  6613  6656 D Evaluation: 5 res for frame 284 received at 1574774415105
11-26 15:20:15.141  6613  6656 D Evaluation: 5 res for frame 285 received at 1574774415141
11-26 15:20:15.176  6613  6656 D Evaluation: 5 res for frame 286 received at 1574774415176
11-26 15:20:15.212  6613  6656 D Evaluation: 5 res for frame 287 received at 1574774415212
11-26 15:20:15.244  6613  6628 E         : [ZeroHung]zrhung_get_config: Get config failed for wp[0x0008]
11-26 15:20:15.246  6613  6656 D Evaluation: 5 res for frame 288 received at 1574774415246
11-26 15:20:15.268  6613  6624 W System  : A resource failed to call close. 
11-26 15:20:15.271  6613  6624 I chatty  : uid=10147(symlab.cloudridar.arhud) FinalizerDaemon identical 53 lines
11-26 15:20:15.271  6613  6624 W System  : A resource failed to call close. 
11-26 15:20:15.288  6613  6656 D Evaluation: 5 res for frame 289 received at 1574774415288
11-26 15:20:15.304  6613  6656 D Evaluation: 5 res for frame 290 received at 1574774415304
11-26 15:20:15.338  6613  6656 D Evaluation: 5 res for frame 291 received at 1574774415338
11-26 15:20:15.378  6613  6656 D Evaluation: 5 res for frame 292 received at 1574774415378
11-26 15:20:15.411  6613  6656 D Evaluation: 5 res for frame 293 received at 1574774415411
11-26 15:20:15.444  6613  6656 D Evaluation: 5 res for frame 294 received at 1574774415444
11-26 15:20:15.478  6613  6656 D Evaluation: 5 res for frame 295 received at 1574774415478
11-26 15:20:15.514  6613  6656 D Evaluation: 5 res for frame 296 received at 1574774415514
11-26 15:20:15.558  6613  6656 D Evaluation: 5 res for frame 297 received at 1574774415558
11-26 15:20:15.580  6613  6656 W System.err: java.net.SocketException: Message too long
11-26 15:20:15.580  6613  6656 W System.err: 	at sun.nio.ch.DatagramChannelImpl.send0(Native Method)
11-26 15:20:15.580  6613  6656 W System.err: 	at sun.nio.ch.DatagramChannelImpl.sendFromNativeBuffer(DatagramChannelImpl.java:573)
11-26 15:20:15.580  6613  6656 W System.err: 	at sun.nio.ch.DatagramChannelImpl.send(DatagramChannelImpl.java:550)
11-26 15:20:15.580  6613  6656 W System.err: 	at sun.nio.ch.DatagramChannelImpl.send(DatagramChannelImpl.java:514)
11-26 15:20:15.580  6613  6656 W System.err: 	at symlab.CloudAR.network.TransmissionTask.run(TransmissionTask.java:133)
11-26 15:20:15.580  6613  6656 W System.err: 	at android.os.Handler.handleCallback(Handler.java:907)
11-26 15:20:15.580  6613  6656 W System.err: 	at android.os.Handler.dispatchMessage(Handler.java:105)
11-26 15:20:15.580  6613  6656 W System.err: 	at android.os.Looper.loop(Looper.java:216)
11-26 15:20:15.580  6613  6656 W System.err: 	at android.os.HandlerThread.run(HandlerThread.java:65)
11-26 15:20:15.581  6613  6656 D Evaluation: 5 res for frame 298 received at 1574774415581
11-26 15:20:15.610  6613  6656 D Evaluation: 5 res for frame 299 received at 1574774415610
11-26 15:20:15.644  6613  6656 D Evaluation: 5 res for frame 300 received at 1574774415644
11-26 15:20:15.679  6613  6656 D Evaluation: 5 res for frame 301 received at 1574774415679
11-26 15:20:15.716  6613  6656 D Evaluation: 5 res for frame 303 received at 1574774415716
11-26 15:20:15.748  6613  6656 D Evaluation: 5 res for frame 304 received at 1574774415748
11-26 15:20:15.779  6613  6656 D Evaluation: 5 res for frame 305 received at 1574774415779
11-26 15:20:15.823  6613  6656 D Evaluation: 5 res for frame 306 received at 1574774415823
11-26 15:20:15.848  6613  6656 D Evaluation: 5 res for frame 307 received at 1574774415848
11-26 15:20:15.885  6613  6656 W System.err: java.net.SocketException: Message too long
11-26 15:20:15.885  6613  6656 W System.err: 	at sun.nio.ch.DatagramChannelImpl.send0(Native Method)
11-26 15:20:15.885  6613  6656 W System.err: 	at sun.nio.ch.DatagramChannelImpl.sendFromNativeBuffer(DatagramChannelImpl.java:573)
11-26 15:20:15.885  6613  6656 W System.err: 	at sun.nio.ch.DatagramChannelImpl.send(DatagramChannelImpl.java:550)
11-26 15:20:15.885  6613  6656 W System.err: 	at sun.nio.ch.DatagramChannelImpl.send(DatagramChannelImpl.java:514)
11-26 15:20:15.885  6613  6656 W System.err: 	at symlab.CloudAR.network.TransmissionTask.run(TransmissionTask.java:133)
11-26 15:20:15.885  6613  6656 W System.err: 	at android.os.Handler.handleCallback(Handler.java:907)
11-26 15:20:15.885  6613  6656 W System.err: 	at android.os.Handler.dispatchMessage(Handler.java:105)
11-26 15:20:15.885  6613  6656 W System.err: 	at android.os.Looper.loop(Looper.java:216)
11-26 15:20:15.885  6613  6656 W System.err: 	at android.os.HandlerThread.run(HandlerThread.java:65)
11-26 15:20:15.887  6613  6656 D Evaluation: 5 res for frame 308 received at 1574774415887
11-26 15:20:15.923  6613  6656 D Evaluation: 5 res for frame 309 received at 1574774415923
11-26 15:20:15.945  6613  6656 D Evaluation: 5 res for frame 310 received at 1574774415945
11-26 15:20:16.031  6613  6613 D Poster  : At 1574774416031 location is 65.05789615054054 (latitude), and 25.469779814400162 (longitude)
11-26 15:20:16.033  6613  6613 D Poster  : Connected to mobile network 13
11-26 15:20:16.074  6613  6656 D Evaluation: 5 res for frame 312 received at 1574774416074
11-26 15:20:16.092  6613  6628 E         : [ZeroHung]zrhung_get_config: Get config failed for wp[0x0008]
11-26 15:20:16.096  6613  6656 D Evaluation: 5 res for frame 313 received at 1574774416096
11-26 15:20:16.111  6613  6624 W System  : A resource failed to call close. 
11-26 15:20:16.113  6613  6624 I chatty  : uid=10147(symlab.cloudridar.arhud) FinalizerDaemon identical 43 lines
11-26 15:20:16.113  6613  6624 W System  : A resource failed to call close. 
11-26 15:20:16.123  6613  6656 D Evaluation: 5 res for frame 314 received at 1574774416123
11-26 15:20:16.150  6613  6656 D Evaluation: 5 res for frame 315 received at 1574774416150
11-26 15:20:16.190  6613  6656 D Evaluation: 5 res for frame 317 received at 1574774416190
11-26 15:20:16.218  6613  6656 D Evaluation: 5 res for frame 317 received at 1574774416218
11-26 15:20:16.295  6613  6656 D Evaluation: 5 res for frame 318 received at 1574774416295
11-26 15:20:16.327  6613  6656 D Evaluation: 5 res for frame 319 received at 1574774416327
11-26 15:20:16.359  6613  6656 D Evaluation: 5 res for frame 320 received at 1574774416359
11-26 15:20:16.384  6613  6656 D Evaluation: 5 res for frame 321 received at 1574774416384
11-26 15:20:16.425  6613  6656 D Evaluation: 5 res for frame 322 received at 1574774416425
11-26 15:20:16.495  6613  6656 D Evaluation: 5 res for frame 323 received at 1574774416495
11-26 15:20:16.529  6613  6656 D Evaluation: 5 res for frame 324 received at 1574774416529
11-26 15:20:16.550  6613  6656 D Evaluation: 5 res for frame 325 received at 1574774416550
11-26 15:20:16.594  6613  6656 D Evaluation: 5 res for frame 326 received at 1574774416594
11-26 15:20:16.640  6613  6656 D Evaluation: 5 res for frame 327 received at 1574774416640
11-26 15:20:16.661  6613  6656 D Evaluation: 5 res for frame 328 received at 1574774416661
11-26 15:20:16.693  6613  6656 D Evaluation: 5 res for frame 329 received at 1574774416693
11-26 15:20:16.721  6613  6656 D Evaluation: 5 res for frame 330 received at 1574774416721
11-26 15:20:16.761  6613  6656 D Evaluation: 5 res for frame 332 received at 1574774416761
11-26 15:20:16.786  6613  6656 D Evaluation: 5 res for frame 332 received at 1574774416786
11-26 15:20:16.816  6613  6656 D Evaluation: 5 res for frame 333 received at 1574774416816
11-26 15:20:16.854  6613  6656 D Evaluation: 5 res for frame 334 received at 1574774416854
11-26 15:20:16.909  6613  6656 D Evaluation: 5 res for frame 335 received at 1574774416909
11-26 15:20:16.930  6613  6656 D Evaluation: 5 res for frame 336 received at 1574774416930
11-26 15:20:16.956  6613  6656 D Evaluation: 5 res for frame 337 received at 1574774416956
11-26 15:20:16.986  6613  6656 D Evaluation: 5 res for frame 338 received at 1574774416986
11-26 15:20:17.017  6613  6628 E         : [ZeroHung]zrhung_get_config: Get config failed for wp[0x0008]
11-26 15:20:17.019  6613  6656 D Evaluation: 5 res for frame 339 received at 1574774417019
11-26 15:20:17.030  6613  6613 D Poster  : At 1574774417030 location is 65.05791334439756 (latitude), and 25.46980192600352 (longitude)
11-26 15:20:17.033  6613  6613 D Poster  : Connected to mobile network 13
11-26 15:20:17.037  6613  6624 W System  : A resource failed to call close. 
11-26 15:20:17.037  6613  6624 W System  : A resource failed to call close. 
11-26 15:20:17.037  6613  6624 W System  : A resource failed to call close. 
11-26 15:20:17.037  6613  6624 W System  : A resource failed to call close. 
11-26 15:20:17.037  6613  6624 I chatty  : uid=10147(symlab.cloudridar.arhud) FinalizerDaemon identical 11 lines
11-26 15:20:17.037  6613  6624 W System  : A resource failed to call close. 
11-26 15:20:17.038  6613  6624 W System  : A resource failed to call close. 
11-26 15:20:17.038  6613  6624 W System  : A resource failed to call close. 
11-26 15:20:17.038  6613  6624 W System  : A resource failed to call close. 
11-26 15:20:17.038  6613  6624 I chatty  : uid=10147(symlab.cloudridar.arhud) FinalizerDaemon identical 3 lines
11-26 15:20:17.038  6613  6624 W System  : A resource failed to call close. 
11-26 15:20:17.039  6613  6624 W System  : A resource failed to call close. 
11-26 15:20:17.040  6613  6624 W System  : A resource failed to call close. 
11-26 15:20:17.041  6613  6624 I chatty  : uid=10147(symlab.cloudridar.arhud) FinalizerDaemon identical 26 lines
