--------- beginning of main
11-26 09:30:43.927 21468 21494 E         : [ZeroHung]zrhung_get_config: Get config failed for wp[0x0102]
11-26 09:30:43.927 21468 21494 W ZrHung.AppEyeUiProbe: Failed to get config from zrhung
11-26 09:30:43.933 21492 21492 W logcat  : type=1400 audit(0.0:59076): avc: granted { create } for name="logcat_1574753443918.txt" scontext=u:r:untrusted_app:s0:c147,c256,c512,c768 tcontext=u:object_r:sdcardfs:s0:c147,c256,c512,c768 tclass=file
11-26 09:30:43.934 21468 21468 I MultiDex: Installing application
11-26 09:30:43.934 21468 21468 I MultiDex: VM has multidex support, MultiDex support library is disabled.
--------- beginning of system
11-26 09:30:43.936 21468 21468 V ActivityThread: callActivityOnCreate
11-26 09:30:43.936 21468 21468 I Poster  :  onCreate() called.
11-26 09:30:43.940 21468 21468 I HwApsImpl: APS: new HwApsImpl created
11-26 09:30:43.946 21468 21468 V HwWidgetFactory: : successes to get AllImpl object and return....
11-26 09:30:43.953 21468 21468 D OpenGLRenderer: Skia GL Pipeline
11-26 09:30:43.972 21468 21468 D Poster  : Server details are IP 193.166.28.132 and port 52727
11-26 09:30:43.977 21468 21468 D Poster  : Server bound to IP 193.166.28.132 and port 52727
11-26 09:30:43.986 21468 21468 D ActivityThread: add activity client record, r= ActivityRecord{a00892 token=android.os.BinderProxy@a805765 {symlab.cloudridar.arhud/symlab.ARHUD.MainActivity}} token= android.os.BinderProxy@a805765
11-26 09:30:43.988 21468 21468 I Poster  :  onStart() called.
11-26 09:30:43.989 21468 21468 D ZrHung.AppEyeUiProbe: notify runnable to start.
11-26 09:30:43.990 21468 21468 I Poster  :  onResume() called.
11-26 09:30:43.994 21468 21468 I PermissionManager: camera remind result:true
11-26 09:30:43.994 21468 21468 I Camera  : open camera: 0, package name: symlab.cloudridar.arhud
11-26 09:30:43.994 21468 21468 I BackgroundPermManager: pkgName: symlab.cloudridar.arhud,pid: 21468 ,uidOf3RdApk: 10147 ,permType: 0 ,permCfg: 1
11-26 09:30:43.995 21468 21468 I HwCameraUtil: notifySurfaceFlingerCameraStatus : isFront = false , isOpend = true
11-26 09:30:44.004 21468 21468 D ActivityThread: isOptEnabled=false isWechatScanOpt=false
11-26 09:30:44.005 21468 21468 I HwSecImmHelper: mSecurityInputMethodService is null
11-26 09:30:44.012 21468 21468 D OpenGLRenderer:   HWUI Binary is  enabled
11-26 09:30:44.028 21468 21525 D HiTouch_PressGestureDetector: onAttached, package=symlab.cloudridar.arhud, windowType=1, mHiTouchRestricted=false
11-26 09:30:44.040 21468 21524 I ConfigStore: android::hardware::configstore::V1_0::ISurfaceFlingerConfigs::hasWideColorDisplay retrieved: 0
11-26 09:30:44.041 21468 21524 I ConfigStore: android::hardware::configstore::V1_0::ISurfaceFlingerConfigs::hasHDRDisplay retrieved: 0
11-26 09:30:44.041 21468 21524 I iGraphics: [0020080c] pn: symlab.cloudridar.arhud, p: 21468
11-26 09:30:44.041 21468 21524 I OpenGLRenderer: Initialized EGL, version 1.4, mEglDisplay 0x1
11-26 09:30:44.041 21468 21524 D OpenGLRenderer: Swap behavior 2
11-26 09:30:44.050 21468 21524 D mali_winsys: EGLint new_window_surface(egl_winsys_display *, void *, EGLSurface, EGLConfig, egl_winsys_surface **, EGLBoolean) returns 0x3000
11-26 09:30:44.059 21468 21468 I Poster  :  surfaceCreated() called.
11-26 09:30:44.059 21468 21468 I Poster  : initPreview() called
11-26 09:30:44.063 21468 21468 I PermissionManager: camera remind result:true
11-26 09:30:44.068 21468 21468 I Poster  :  surfaceChanged() called.
11-26 09:30:44.083 21468 21468 W InputMethodManager: startInputReason = 1
11-26 09:30:44.096 21468 21468 W InputMethodManager: startInputReason = 5
11-26 09:30:44.624 21468 21480 E         : [ZeroHung]zrhung_get_config: Get config failed for wp[0x0008]
11-26 09:30:44.633 21468 21478 W System  : A resource failed to call close. 
11-26 09:30:44.634 21468 21478 I chatty  : uid=10147(symlab.cloudridar.arhud) FinalizerDaemon identical 8 lines
11-26 09:30:44.634 21468 21478 W System  : A resource failed to call close. 
11-26 09:30:44.833 21468 21507 D Evaluation: 1 res for frame 6 received at 1574753444833
11-26 09:30:45.063 21468 21507 D Evaluation: 0 res for frame 7 received at 1574753445062
11-26 09:30:45.524 21468 21480 E         : [ZeroHung]zrhung_get_config: Get config failed for wp[0x0008]
11-26 09:30:45.538 21468 21478 W System  : A resource failed to call close. 
11-26 09:30:45.540 21468 21478 I chatty  : uid=10147(symlab.cloudridar.arhud) FinalizerDaemon identical 25 lines
11-26 09:30:45.540 21468 21478 W System  : A resource failed to call close. 
11-26 09:30:45.999 21468 21507 W System.err: java.net.SocketException: Message too long
11-26 09:30:45.999 21468 21507 W System.err: 	at sun.nio.ch.DatagramChannelImpl.send0(Native Method)
11-26 09:30:45.999 21468 21507 W System.err: 	at sun.nio.ch.DatagramChannelImpl.sendFromNativeBuffer(DatagramChannelImpl.java:573)
11-26 09:30:45.999 21468 21507 W System.err: 	at sun.nio.ch.DatagramChannelImpl.send(DatagramChannelImpl.java:550)
11-26 09:30:45.999 21468 21507 W System.err: 	at sun.nio.ch.DatagramChannelImpl.send(DatagramChannelImpl.java:514)
11-26 09:30:45.999 21468 21507 W System.err: 	at symlab.CloudAR.network.TransmissionTask.run(TransmissionTask.java:133)
11-26 09:30:45.999 21468 21507 W System.err: 	at android.os.Handler.handleCallback(Handler.java:907)
11-26 09:30:45.999 21468 21507 W System.err: 	at android.os.Handler.dispatchMessage(Handler.java:105)
11-26 09:30:45.999 21468 21507 W System.err: 	at android.os.Looper.loop(Looper.java:216)
11-26 09:30:45.999 21468 21507 W System.err: 	at android.os.HandlerThread.run(HandlerThread.java:65)
11-26 09:30:46.400 21468 21480 E         : [ZeroHung]zrhung_get_config: Get config failed for wp[0x0008]
11-26 09:30:46.415 21468 21478 W System  : A resource failed to call close. 
11-26 09:30:46.416 21468 21478 I chatty  : uid=10147(symlab.cloudridar.arhud) FinalizerDaemon identical 17 lines
11-26 09:30:46.416 21468 21478 W System  : A resource failed to call close. 
11-26 09:30:46.416 21468 21478 W System  : A resource failed to call close. 
11-26 09:30:46.416 21468 21478 I chatty  : uid=10147(symlab.cloudridar.arhud) FinalizerDaemon identical 4 lines
11-26 09:30:46.416 21468 21478 W System  : A resource failed to call close. 
11-26 09:30:46.736 21468 21507 W System.err: java.net.SocketException: Message too long
11-26 09:30:46.736 21468 21507 W System.err: 	at sun.nio.ch.DatagramChannelImpl.send0(Native Method)
11-26 09:30:46.736 21468 21507 W System.err: 	at sun.nio.ch.DatagramChannelImpl.sendFromNativeBuffer(DatagramChannelImpl.java:573)
11-26 09:30:46.736 21468 21507 W System.err: 	at sun.nio.ch.DatagramChannelImpl.send(DatagramChannelImpl.java:550)
11-26 09:30:46.736 21468 21507 W System.err: 	at sun.nio.ch.DatagramChannelImpl.send(DatagramChannelImpl.java:514)
11-26 09:30:46.736 21468 21507 W System.err: 	at symlab.CloudAR.network.TransmissionTask.run(TransmissionTask.java:133)
11-26 09:30:46.736 21468 21507 W System.err: 	at android.os.Handler.handleCallback(Handler.java:907)
11-26 09:30:46.736 21468 21507 W System.err: 	at android.os.Handler.dispatchMessage(Handler.java:105)
11-26 09:30:46.736 21468 21507 W System.err: 	at android.os.Looper.loop(Looper.java:216)
11-26 09:30:46.736 21468 21507 W System.err: 	at android.os.HandlerThread.run(HandlerThread.java:65)
11-26 09:30:47.283 21468 21507 W System.err: java.net.SocketException: Message too long
11-26 09:30:47.283 21468 21507 W System.err: 	at sun.nio.ch.DatagramChannelImpl.send0(Native Method)
11-26 09:30:47.283 21468 21507 W System.err: 	at sun.nio.ch.DatagramChannelImpl.sendFromNativeBuffer(DatagramChannelImpl.java:573)
11-26 09:30:47.283 21468 21507 W System.err: 	at sun.nio.ch.DatagramChannelImpl.send(DatagramChannelImpl.java:550)
11-26 09:30:47.283 21468 21507 W System.err: 	at sun.nio.ch.DatagramChannelImpl.send(DatagramChannelImpl.java:514)
11-26 09:30:47.283 21468 21507 W System.err: 	at symlab.CloudAR.network.TransmissionTask.run(TransmissionTask.java:133)
11-26 09:30:47.283 21468 21507 W System.err: 	at android.os.Handler.handleCallback(Handler.java:907)
11-26 09:30:47.283 21468 21507 W System.err: 	at android.os.Handler.dispatchMessage(Handler.java:105)
11-26 09:30:47.283 21468 21507 W System.err: 	at android.os.Looper.loop(Looper.java:216)
11-26 09:30:47.283 21468 21507 W System.err: 	at android.os.HandlerThread.run(HandlerThread.java:65)
11-26 09:30:47.303 21468 21480 E         : [ZeroHung]zrhung_get_config: Get config failed for wp[0x0008]
11-26 09:30:47.304 21468 21507 W System.err: java.net.SocketException: Message too long
11-26 09:30:47.304 21468 21507 W System.err: 	at sun.nio.ch.DatagramChannelImpl.send0(Native Method)
11-26 09:30:47.304 21468 21507 W System.err: 	at sun.nio.ch.DatagramChannelImpl.sendFromNativeBuffer(DatagramChannelImpl.java:573)
11-26 09:30:47.304 21468 21507 W System.err: 	at sun.nio.ch.DatagramChannelImpl.send(DatagramChannelImpl.java:550)
11-26 09:30:47.304 21468 21507 W System.err: 	at sun.nio.ch.DatagramChannelImpl.send(DatagramChannelImpl.java:514)
11-26 09:30:47.304 21468 21507 W System.err: 	at symlab.CloudAR.network.TransmissionTask.run(TransmissionTask.java:133)
11-26 09:30:47.304 21468 21507 W System.err: 	at android.os.Handler.handleCallback(Handler.java:907)
11-26 09:30:47.304 21468 21507 W System.err: 	at android.os.Handler.dispatchMessage(Handler.java:105)
11-26 09:30:47.304 21468 21507 W System.err: 	at android.os.Looper.loop(Looper.java:216)
11-26 09:30:47.305 21468 21507 W System.err: 	at android.os.HandlerThread.run(HandlerThread.java:65)
11-26 09:30:47.319 21468 21478 W System  : A resource failed to call close. 
11-26 09:30:47.320 21468 21478 I chatty  : uid=10147(symlab.cloudridar.arhud) FinalizerDaemon identical 23 lines
11-26 09:30:47.320 21468 21478 W System  : A resource failed to call close. 
11-26 09:30:47.331 21468 21507 W System.err: java.net.SocketException: Message too long
11-26 09:30:47.331 21468 21507 W System.err: 	at sun.nio.ch.DatagramChannelImpl.send0(Native Method)
11-26 09:30:47.331 21468 21507 W System.err: 	at sun.nio.ch.DatagramChannelImpl.sendFromNativeBuffer(DatagramChannelImpl.java:573)
11-26 09:30:47.331 21468 21507 W System.err: 	at sun.nio.ch.DatagramChannelImpl.send(DatagramChannelImpl.java:550)
11-26 09:30:47.331 21468 21507 W System.err: 	at sun.nio.ch.DatagramChannelImpl.send(DatagramChannelImpl.java:514)
11-26 09:30:47.331 21468 21507 W System.err: 	at symlab.CloudAR.network.TransmissionTask.run(TransmissionTask.java:133)
11-26 09:30:47.331 21468 21507 W System.err: 	at android.os.Handler.handleCallback(Handler.java:907)
11-26 09:30:47.331 21468 21507 W System.err: 	at android.os.Handler.dispatchMessage(Handler.java:105)
11-26 09:30:47.331 21468 21507 W System.err: 	at android.os.Looper.loop(Looper.java:216)
11-26 09:30:47.331 21468 21507 W System.err: 	at android.os.HandlerThread.run(HandlerThread.java:65)
11-26 09:30:47.374 21468 21507 W System.err: java.net.SocketException: Message too long
11-26 09:30:47.374 21468 21507 W System.err: 	at sun.nio.ch.DatagramChannelImpl.send0(Native Method)
11-26 09:30:47.374 21468 21507 W System.err: 	at sun.nio.ch.DatagramChannelImpl.sendFromNativeBuffer(DatagramChannelImpl.java:573)
11-26 09:30:47.375 21468 21507 W System.err: 	at sun.nio.ch.DatagramChannelImpl.send(DatagramChannelImpl.java:550)
11-26 09:30:47.375 21468 21507 W System.err: 	at sun.nio.ch.DatagramChannelImpl.send(DatagramChannelImpl.java:514)
11-26 09:30:47.375 21468 21507 W System.err: 	at symlab.CloudAR.network.TransmissionTask.run(TransmissionTask.java:133)
11-26 09:30:47.375 21468 21507 W System.err: 	at android.os.Handler.handleCallback(Handler.java:907)
11-26 09:30:47.375 21468 21507 W System.err: 	at android.os.Handler.dispatchMessage(Handler.java:105)
11-26 09:30:47.375 21468 21507 W System.err: 	at android.os.Looper.loop(Looper.java:216)
11-26 09:30:47.375 21468 21507 W System.err: 	at android.os.HandlerThread.run(HandlerThread.java:65)
11-26 09:30:47.410 21468 21507 W System.err: java.net.SocketException: Message too long
11-26 09:30:47.410 21468 21507 W System.err: 	at sun.nio.ch.DatagramChannelImpl.send0(Native Method)
11-26 09:30:47.410 21468 21507 W System.err: 	at sun.nio.ch.DatagramChannelImpl.sendFromNativeBuffer(DatagramChannelImpl.java:573)
11-26 09:30:47.410 21468 21507 W System.err: 	at sun.nio.ch.DatagramChannelImpl.send(DatagramChannelImpl.java:550)
11-26 09:30:47.410 21468 21507 W System.err: 	at sun.nio.ch.DatagramChannelImpl.send(DatagramChannelImpl.java:514)
11-26 09:30:47.410 21468 21507 W System.err: 	at symlab.CloudAR.network.TransmissionTask.run(TransmissionTask.java:133)
11-26 09:30:47.410 21468 21507 W System.err: 	at android.os.Handler.handleCallback(Handler.java:907)
11-26 09:30:47.410 21468 21507 W System.err: 	at android.os.Handler.dispatchMessage(Handler.java:105)
11-26 09:30:47.410 21468 21507 W System.err: 	at android.os.Looper.loop(Looper.java:216)
11-26 09:30:47.410 21468 21507 W System.err: 	at android.os.HandlerThread.run(HandlerThread.java:65)
11-26 09:30:47.428 21468 21507 W System.err: java.net.SocketException: Message too long
11-26 09:30:47.428 21468 21507 W System.err: 	at sun.nio.ch.DatagramChannelImpl.send0(Native Method)
11-26 09:30:47.428 21468 21507 W System.err: 	at sun.nio.ch.DatagramChannelImpl.sendFromNativeBuffer(DatagramChannelImpl.java:573)
11-26 09:30:47.428 21468 21507 W System.err: 	at sun.nio.ch.DatagramChannelImpl.send(DatagramChannelImpl.java:550)
11-26 09:30:47.428 21468 21507 W System.err: 	at sun.nio.ch.DatagramChannelImpl.send(DatagramChannelImpl.java:514)
11-26 09:30:47.428 21468 21507 W System.err: 	at symlab.CloudAR.network.TransmissionTask.run(TransmissionTask.java:133)
11-26 09:30:47.428 21468 21507 W System.err: 	at android.os.Handler.handleCallback(Handler.java:907)
11-26 09:30:47.428 21468 21507 W System.err: 	at android.os.Handler.dispatchMessage(Handler.java:105)
11-26 09:30:47.428 21468 21507 W System.err: 	at android.os.Looper.loop(Looper.java:216)
11-26 09:30:47.428 21468 21507 W System.err: 	at android.os.HandlerThread.run(HandlerThread.java:65)
11-26 09:30:47.485 21468 21507 W System.err: java.net.SocketException: Message too long
11-26 09:30:47.485 21468 21507 W System.err: 	at sun.nio.ch.DatagramChannelImpl.send0(Native Method)
11-26 09:30:47.485 21468 21507 W System.err: 	at sun.nio.ch.DatagramChannelImpl.sendFromNativeBuffer(DatagramChannelImpl.java:573)
11-26 09:30:47.485 21468 21507 W System.err: 	at sun.nio.ch.DatagramChannelImpl.send(DatagramChannelImpl.java:550)
11-26 09:30:47.485 21468 21507 W System.err: 	at sun.nio.ch.DatagramChannelImpl.send(DatagramChannelImpl.java:514)
11-26 09:30:47.486 21468 21507 W System.err: 	at symlab.CloudAR.network.TransmissionTask.run(TransmissionTask.java:133)
11-26 09:30:47.486 21468 21507 W System.err: 	at android.os.Handler.handleCallback(Handler.java:907)
11-26 09:30:47.486 21468 21507 W System.err: 	at android.os.Handler.dispatchMessage(Handler.java:105)
11-26 09:30:47.486 21468 21507 W System.err: 	at android.os.Looper.loop(Looper.java:216)
11-26 09:30:47.486 21468 21507 W System.err: 	at android.os.HandlerThread.run(HandlerThread.java:65)
11-26 09:30:47.503 21468 21507 W System.err: java.net.SocketException: Message too long
11-26 09:30:47.503 21468 21507 W System.err: 	at sun.nio.ch.DatagramChannelImpl.send0(Native Method)
11-26 09:30:47.503 21468 21507 W System.err: 	at sun.nio.ch.DatagramChannelImpl.sendFromNativeBuffer(DatagramChannelImpl.java:573)
11-26 09:30:47.503 21468 21507 W System.err: 	at sun.nio.ch.DatagramChannelImpl.send(DatagramChannelImpl.java:550)
11-26 09:30:47.503 21468 21507 W System.err: 	at sun.nio.ch.DatagramChannelImpl.send(DatagramChannelImpl.java:514)
11-26 09:30:47.503 21468 21507 W System.err: 	at symlab.CloudAR.network.TransmissionTask.run(TransmissionTask.java:133)
11-26 09:30:47.503 21468 21507 W System.err: 	at android.os.Handler.handleCallback(Handler.java:907)
11-26 09:30:47.503 21468 21507 W System.err: 	at android.os.Handler.dispatchMessage(Handler.java:105)
11-26 09:30:47.503 21468 21507 W System.err: 	at android.os.Looper.loop(Looper.java:216)
11-26 09:30:47.503 21468 21507 W System.err: 	at android.os.HandlerThread.run(HandlerThread.java:65)
11-26 09:30:47.751 21468 21507 W System.err: java.net.SocketException: Message too long
11-26 09:30:47.752 21468 21507 W System.err: 	at sun.nio.ch.DatagramChannelImpl.send0(Native Method)
11-26 09:30:47.752 21468 21507 W System.err: 	at sun.nio.ch.DatagramChannelImpl.sendFromNativeBuffer(DatagramChannelImpl.java:573)
11-26 09:30:47.752 21468 21507 W System.err: 	at sun.nio.ch.DatagramChannelImpl.send(DatagramChannelImpl.java:550)
11-26 09:30:47.752 21468 21507 W System.err: 	at sun.nio.ch.DatagramChannelImpl.send(DatagramChannelImpl.java:514)
11-26 09:30:47.752 21468 21507 W System.err: 	at symlab.CloudAR.network.TransmissionTask.run(TransmissionTask.java:133)
11-26 09:30:47.752 21468 21507 W System.err: 	at android.os.Handler.handleCallback(Handler.java:907)
11-26 09:30:47.752 21468 21507 W System.err: 	at android.os.Handler.dispatchMessage(Handler.java:105)
11-26 09:30:47.752 21468 21507 W System.err: 	at android.os.Looper.loop(Looper.java:216)
11-26 09:30:47.752 21468 21507 W System.err: 	at android.os.HandlerThread.run(HandlerThread.java:65)
11-26 09:30:47.805 21468 21507 W System.err: java.net.SocketException: Message too long
11-26 09:30:47.805 21468 21507 W System.err: 	at sun.nio.ch.DatagramChannelImpl.send0(Native Method)
11-26 09:30:47.805 21468 21507 W System.err: 	at sun.nio.ch.DatagramChannelImpl.sendFromNativeBuffer(DatagramChannelImpl.java:573)
11-26 09:30:47.805 21468 21507 W System.err: 	at sun.nio.ch.DatagramChannelImpl.send(DatagramChannelImpl.java:550)
11-26 09:30:47.805 21468 21507 W System.err: 	at sun.nio.ch.DatagramChannelImpl.send(DatagramChannelImpl.java:514)
11-26 09:30:47.805 21468 21507 W System.err: 	at symlab.CloudAR.network.TransmissionTask.run(TransmissionTask.java:133)
11-26 09:30:47.805 21468 21507 W System.err: 	at android.os.Handler.handleCallback(Handler.java:907)
11-26 09:30:47.805 21468 21507 W System.err: 	at android.os.Handler.dispatchMessage(Handler.java:105)
11-26 09:30:47.805 21468 21507 W System.err: 	at android.os.Looper.loop(Looper.java:216)
11-26 09:30:47.805 21468 21507 W System.err: 	at android.os.HandlerThread.run(HandlerThread.java:65)
11-26 09:30:47.840 21468 21507 W System.err: java.net.SocketException: Message too long
11-26 09:30:47.840 21468 21507 W System.err: 	at sun.nio.ch.DatagramChannelImpl.send0(Native Method)
11-26 09:30:47.840 21468 21507 W System.err: 	at sun.nio.ch.DatagramChannelImpl.sendFromNativeBuffer(DatagramChannelImpl.java:573)
11-26 09:30:47.840 21468 21507 W System.err: 	at sun.nio.ch.DatagramChannelImpl.send(DatagramChannelImpl.java:550)
11-26 09:30:47.840 21468 21507 W System.err: 	at sun.nio.ch.DatagramChannelImpl.send(DatagramChannelImpl.java:514)
11-26 09:30:47.840 21468 21507 W System.err: 	at symlab.CloudAR.network.TransmissionTask.run(TransmissionTask.java:133)
11-26 09:30:47.840 21468 21507 W System.err: 	at android.os.Handler.handleCallback(Handler.java:907)
11-26 09:30:47.840 21468 21507 W System.err: 	at android.os.Handler.dispatchMessage(Handler.java:105)
11-26 09:30:47.840 21468 21507 W System.err: 	at android.os.Looper.loop(Looper.java:216)
11-26 09:30:47.840 21468 21507 W System.err: 	at android.os.HandlerThread.run(HandlerThread.java:65)
11-26 09:30:47.917 21468 21507 W System.err: java.net.SocketException: Message too long
11-26 09:30:47.917 21468 21507 W System.err: 	at sun.nio.ch.DatagramChannelImpl.send0(Native Method)
11-26 09:30:47.917 21468 21507 W System.err: 	at sun.nio.ch.DatagramChannelImpl.sendFromNativeBuffer(DatagramChannelImpl.java:573)
11-26 09:30:47.917 21468 21507 W System.err: 	at sun.nio.ch.DatagramChannelImpl.send(DatagramChannelImpl.java:550)
11-26 09:30:47.917 21468 21507 W System.err: 	at sun.nio.ch.DatagramChannelImpl.send(DatagramChannelImpl.java:514)
11-26 09:30:47.918 21468 21507 W System.err: 	at symlab.CloudAR.network.TransmissionTask.run(TransmissionTask.java:133)
11-26 09:30:47.918 21468 21507 W System.err: 	at android.os.Handler.handleCallback(Handler.java:907)
11-26 09:30:47.918 21468 21507 W System.err: 	at android.os.Handler.dispatchMessage(Handler.java:105)
11-26 09:30:47.918 21468 21507 W System.err: 	at android.os.Looper.loop(Looper.java:216)
11-26 09:30:47.918 21468 21507 W System.err: 	at android.os.HandlerThread.run(HandlerThread.java:65)
11-26 09:30:48.077 21468 21507 D Evaluation: 4 res for frame 95 received at 1574753448077
11-26 09:30:48.386 21468 21480 E         : [ZeroHung]zrhung_get_config: Get config failed for wp[0x0008]
11-26 09:30:48.404 21468 21478 W System  : A resource failed to call close. 
11-26 09:30:48.404 21468 21478 W System  : A resource failed to call close. 
11-26 09:30:48.404 21468 21478 W System  : A resource failed to call close. 
11-26 09:30:48.405 21468 21478 I chatty  : uid=10147(symlab.cloudridar.arhud) FinalizerDaemon identical 4 lines
11-26 09:30:48.405 21468 21478 W System  : A resource failed to call close. 
11-26 09:30:48.405 21468 21478 W System  : A resource failed to call close. 
11-26 09:30:48.405 21468 21478 W System  : A resource failed to call close. 
11-26 09:30:48.405 21468 21478 W System  : A resource failed to call close. 
11-26 09:30:48.405 21468 21478 W System  : A resource failed to call close. 
11-26 09:30:48.405 21468 21478 W System  : A resource failed to call close. 
11-26 09:30:48.405 21468 21478 W System  : A resource failed to call close. 
11-26 09:30:48.406 21468 21478 I chatty  : uid=10147(symlab.cloudridar.arhud) FinalizerDaemon identical 7 lines
11-26 09:30:48.406 21468 21478 W System  : A resource failed to call close. 
11-26 09:30:48.915 21468 21468 I AwareBitmapCacher: init lrucache size: 2097152 pid=21468
11-26 09:30:49.681 21468 21480 E         : [ZeroHung]zrhung_get_config: Get config failed for wp[0x0008]
11-26 09:30:49.709 21468 21478 W System  : A resource failed to call close. 
11-26 09:30:49.714 21468 21478 I chatty  : uid=10147(symlab.cloudridar.arhud) FinalizerDaemon identical 29 lines
11-26 09:30:49.714 21468 21478 W System  : A resource failed to call close. 
11-26 09:30:50.859 21468 21480 E         : [ZeroHung]zrhung_get_config: Get config failed for wp[0x0008]
11-26 09:30:50.877 21468 21478 W System  : A resource failed to call close. 
11-26 09:30:50.885 21468 21478 I chatty  : uid=10147(symlab.cloudridar.arhud) FinalizerDaemon identical 31 lines
11-26 09:30:50.886 21468 21478 W System  : A resource failed to call close. 
11-26 09:30:50.886 21468 21478 W System  : A resource failed to call close. 
11-26 09:30:50.886 21468 21478 I chatty  : uid=10147(symlab.cloudridar.arhud) FinalizerDaemon identical 1 line
11-26 09:30:50.887 21468 21478 W System  : A resource failed to call close. 
11-26 09:30:51.818 21468 21507 W System.err: java.net.SocketException: Message too long
11-26 09:30:51.818 21468 21507 W System.err: 	at sun.nio.ch.DatagramChannelImpl.send0(Native Method)
11-26 09:30:51.818 21468 21507 W System.err: 	at sun.nio.ch.DatagramChannelImpl.sendFromNativeBuffer(DatagramChannelImpl.java:573)
11-26 09:30:51.818 21468 21507 W System.err: 	at sun.nio.ch.DatagramChannelImpl.send(DatagramChannelImpl.java:550)
11-26 09:30:51.818 21468 21507 W System.err: 	at sun.nio.ch.DatagramChannelImpl.send(DatagramChannelImpl.java:514)
11-26 09:30:51.818 21468 21507 W System.err: 	at symlab.CloudAR.network.TransmissionTask.run(TransmissionTask.java:133)
11-26 09:30:51.818 21468 21507 W System.err: 	at android.os.Handler.handleCallback(Handler.java:907)
11-26 09:30:51.818 21468 21507 W System.err: 	at android.os.Handler.dispatchMessage(Handler.java:105)
11-26 09:30:51.818 21468 21507 W System.err: 	at android.os.Looper.loop(Looper.java:216)
11-26 09:30:51.818 21468 21507 W System.err: 	at android.os.HandlerThread.run(HandlerThread.java:65)
11-26 09:30:51.838 21468 21480 E         : [ZeroHung]zrhung_get_config: Get config failed for wp[0x0008]
11-26 09:30:51.838 21468 21507 W System.err: java.net.SocketException: Message too long
11-26 09:30:51.838 21468 21507 W System.err: 	at sun.nio.ch.DatagramChannelImpl.send0(Native Method)
11-26 09:30:51.838 21468 21507 W System.err: 	at sun.nio.ch.DatagramChannelImpl.sendFromNativeBuffer(DatagramChannelImpl.java:573)
11-26 09:30:51.838 21468 21507 W System.err: 	at sun.nio.ch.DatagramChannelImpl.send(DatagramChannelImpl.java:550)
11-26 09:30:51.838 21468 21507 W System.err: 	at sun.nio.ch.DatagramChannelImpl.send(DatagramChannelImpl.java:514)
11-26 09:30:51.838 21468 21507 W System.err: 	at symlab.CloudAR.network.TransmissionTask.run(TransmissionTask.java:133)
11-26 09:30:51.838 21468 21507 W System.err: 	at android.os.Handler.handleCallback(Handler.java:907)
11-26 09:30:51.838 21468 21507 W System.err: 	at android.os.Handler.dispatchMessage(Handler.java:105)
11-26 09:30:51.838 21468 21507 W System.err: 	at android.os.Looper.loop(Looper.java:216)
11-26 09:30:51.838 21468 21507 W System.err: 	at android.os.HandlerThread.run(HandlerThread.java:65)
11-26 09:30:51.866 21468 21478 W System  : A resource failed to call close. 
11-26 09:30:51.869 21468 21478 I chatty  : uid=10147(symlab.cloudridar.arhud) FinalizerDaemon identical 25 lines
11-26 09:30:51.869 21468 21478 W System  : A resource failed to call close. 
11-26 09:30:51.873 21468 21507 W System.err: java.net.SocketException: Message too long
11-26 09:30:51.873 21468 21507 W System.err: 	at sun.nio.ch.DatagramChannelImpl.send0(Native Method)
11-26 09:30:51.873 21468 21507 W System.err: 	at sun.nio.ch.DatagramChannelImpl.sendFromNativeBuffer(DatagramChannelImpl.java:573)
11-26 09:30:51.874 21468 21507 W System.err: 	at sun.nio.ch.DatagramChannelImpl.send(DatagramChannelImpl.java:550)
11-26 09:30:51.874 21468 21507 W System.err: 	at sun.nio.ch.DatagramChannelImpl.send(DatagramChannelImpl.java:514)
11-26 09:30:51.874 21468 21507 W System.err: 	at symlab.CloudAR.network.TransmissionTask.run(TransmissionTask.java:133)
11-26 09:30:51.874 21468 21507 W System.err: 	at android.os.Handler.handleCallback(Handler.java:907)
11-26 09:30:51.874 21468 21507 W System.err: 	at android.os.Handler.dispatchMessage(Handler.java:105)
11-26 09:30:51.874 21468 21507 W System.err: 	at android.os.Looper.loop(Looper.java:216)
11-26 09:30:51.874 21468 21507 W System.err: 	at android.os.HandlerThread.run(HandlerThread.java:65)
11-26 09:30:51.907 21468 21507 W System.err: java.net.SocketException: Message too long
11-26 09:30:51.908 21468 21507 W System.err: 	at sun.nio.ch.DatagramChannelImpl.send0(Native Method)
11-26 09:30:51.908 21468 21507 W System.err: 	at sun.nio.ch.DatagramChannelImpl.sendFromNativeBuffer(DatagramChannelImpl.java:573)
11-26 09:30:51.908 21468 21507 W System.err: 	at sun.nio.ch.DatagramChannelImpl.send(DatagramChannelImpl.java:550)
11-26 09:30:51.908 21468 21507 W System.err: 	at sun.nio.ch.DatagramChannelImpl.send(DatagramChannelImpl.java:514)
11-26 09:30:51.908 21468 21507 W System.err: 	at symlab.CloudAR.network.TransmissionTask.run(TransmissionTask.java:133)
11-26 09:30:51.908 21468 21507 W System.err: 	at android.os.Handler.handleCallback(Handler.java:907)
11-26 09:30:51.908 21468 21507 W System.err: 	at android.os.Handler.dispatchMessage(Handler.java:105)
11-26 09:30:51.908 21468 21507 W System.err: 	at android.os.Looper.loop(Looper.java:216)
11-26 09:30:51.908 21468 21507 W System.err: 	at android.os.HandlerThread.run(HandlerThread.java:65)
11-26 09:30:51.931 21468 21507 W System.err: java.net.SocketException: Message too long
11-26 09:30:51.931 21468 21507 W System.err: 	at sun.nio.ch.DatagramChannelImpl.send0(Native Method)
11-26 09:30:51.931 21468 21507 W System.err: 	at sun.nio.ch.DatagramChannelImpl.sendFromNativeBuffer(DatagramChannelImpl.java:573)
11-26 09:30:51.931 21468 21507 W System.err: 	at sun.nio.ch.DatagramChannelImpl.send(DatagramChannelImpl.java:550)
11-26 09:30:51.931 21468 21507 W System.err: 	at sun.nio.ch.DatagramChannelImpl.send(DatagramChannelImpl.java:514)
11-26 09:30:51.931 21468 21507 W System.err: 	at symlab.CloudAR.network.TransmissionTask.run(TransmissionTask.java:133)
11-26 09:30:51.931 21468 21507 W System.err: 	at android.os.Handler.handleCallback(Handler.java:907)
11-26 09:30:51.931 21468 21507 W System.err: 	at android.os.Handler.dispatchMessage(Handler.java:105)
11-26 09:30:51.931 21468 21507 W System.err: 	at android.os.Looper.loop(Looper.java:216)
11-26 09:30:51.931 21468 21507 W System.err: 	at android.os.HandlerThread.run(HandlerThread.java:65)
11-26 09:30:51.963 21468 21507 W System.err: java.net.SocketException: Message too long
11-26 09:30:51.963 21468 21507 W System.err: 	at sun.nio.ch.DatagramChannelImpl.send0(Native Method)
11-26 09:30:51.963 21468 21507 W System.err: 	at sun.nio.ch.DatagramChannelImpl.sendFromNativeBuffer(DatagramChannelImpl.java:573)
11-26 09:30:51.963 21468 21507 W System.err: 	at sun.nio.ch.DatagramChannelImpl.send(DatagramChannelImpl.java:550)
11-26 09:30:51.963 21468 21507 W System.err: 	at sun.nio.ch.DatagramChannelImpl.send(DatagramChannelImpl.java:514)
11-26 09:30:51.963 21468 21507 W System.err: 	at symlab.CloudAR.network.TransmissionTask.run(TransmissionTask.java:133)
11-26 09:30:51.963 21468 21507 W System.err: 	at android.os.Handler.handleCallback(Handler.java:907)
11-26 09:30:51.963 21468 21507 W System.err: 	at android.os.Handler.dispatchMessage(Handler.java:105)
11-26 09:30:51.963 21468 21507 W System.err: 	at android.os.Looper.loop(Looper.java:216)
11-26 09:30:51.963 21468 21507 W System.err: 	at android.os.HandlerThread.run(HandlerThread.java:65)
11-26 09:30:52.023 21468 21507 W System.err: java.net.SocketException: Message too long
11-26 09:30:52.023 21468 21507 W System.err: 	at sun.nio.ch.DatagramChannelImpl.send0(Native Method)
11-26 09:30:52.023 21468 21507 W System.err: 	at sun.nio.ch.DatagramChannelImpl.sendFromNativeBuffer(DatagramChannelImpl.java:573)
11-26 09:30:52.023 21468 21507 W System.err: 	at sun.nio.ch.DatagramChannelImpl.send(DatagramChannelImpl.java:550)
11-26 09:30:52.023 21468 21507 W System.err: 	at sun.nio.ch.DatagramChannelImpl.send(DatagramChannelImpl.java:514)
11-26 09:30:52.023 21468 21507 W System.err: 	at symlab.CloudAR.network.TransmissionTask.run(TransmissionTask.java:133)
11-26 09:30:52.023 21468 21507 W System.err: 	at android.os.Handler.handleCallback(Handler.java:907)
11-26 09:30:52.024 21468 21507 W System.err: 	at android.os.Handler.dispatchMessage(Handler.java:105)
11-26 09:30:52.024 21468 21507 W System.err: 	at android.os.Looper.loop(Looper.java:216)
11-26 09:30:52.024 21468 21507 W System.err: 	at android.os.HandlerThread.run(HandlerThread.java:65)
11-26 09:30:52.052 21468 21507 W System.err: java.net.SocketException: Message too long
11-26 09:30:52.052 21468 21507 W System.err: 	at sun.nio.ch.DatagramChannelImpl.send0(Native Method)
11-26 09:30:52.052 21468 21507 W System.err: 	at sun.nio.ch.DatagramChannelImpl.sendFromNativeBuffer(DatagramChannelImpl.java:573)
11-26 09:30:52.052 21468 21507 W System.err: 	at sun.nio.ch.DatagramChannelImpl.send(DatagramChannelImpl.java:550)
11-26 09:30:52.052 21468 21507 W System.err: 	at sun.nio.ch.DatagramChannelImpl.send(DatagramChannelImpl.java:514)
11-26 09:30:52.052 21468 21507 W System.err: 	at symlab.CloudAR.network.TransmissionTask.run(TransmissionTask.java:133)
11-26 09:30:52.052 21468 21507 W System.err: 	at android.os.Handler.handleCallback(Handler.java:907)
11-26 09:30:52.052 21468 21507 W System.err: 	at android.os.Handler.dispatchMessage(Handler.java:105)
11-26 09:30:52.052 21468 21507 W System.err: 	at android.os.Looper.loop(Looper.java:216)
11-26 09:30:52.052 21468 21507 W System.err: 	at android.os.HandlerThread.run(HandlerThread.java:65)
11-26 09:30:52.084 21468 21507 W System.err: java.net.SocketException: Message too long
11-26 09:30:52.084 21468 21507 W System.err: 	at sun.nio.ch.DatagramChannelImpl.send0(Native Method)
11-26 09:30:52.084 21468 21507 W System.err: 	at sun.nio.ch.DatagramChannelImpl.sendFromNativeBuffer(DatagramChannelImpl.java:573)
11-26 09:30:52.084 21468 21507 W System.err: 	at sun.nio.ch.DatagramChannelImpl.send(DatagramChannelImpl.java:550)
11-26 09:30:52.084 21468 21507 W System.err: 	at sun.nio.ch.DatagramChannelImpl.send(DatagramChannelImpl.java:514)
11-26 09:30:52.084 21468 21507 W System.err: 	at symlab.CloudAR.network.TransmissionTask.run(TransmissionTask.java:133)
11-26 09:30:52.084 21468 21507 W System.err: 	at android.os.Handler.handleCallback(Handler.java:907)
11-26 09:30:52.084 21468 21507 W System.err: 	at android.os.Handler.dispatchMessage(Handler.java:105)
11-26 09:30:52.084 21468 21507 W System.err: 	at android.os.Looper.loop(Looper.java:216)
11-26 09:30:52.084 21468 21507 W System.err: 	at android.os.HandlerThread.run(HandlerThread.java:65)
11-26 09:30:52.109 21468 21507 W System.err: java.net.SocketException: Message too long
11-26 09:30:52.109 21468 21507 W System.err: 	at sun.nio.ch.DatagramChannelImpl.send0(Native Method)
11-26 09:30:52.109 21468 21507 W System.err: 	at sun.nio.ch.DatagramChannelImpl.sendFromNativeBuffer(DatagramChannelImpl.java:573)
11-26 09:30:52.110 21468 21507 W System.err: 	at sun.nio.ch.DatagramChannelImpl.send(DatagramChannelImpl.java:550)
11-26 09:30:52.110 21468 21507 W System.err: 	at sun.nio.ch.DatagramChannelImpl.send(DatagramChannelImpl.java:514)
11-26 09:30:52.110 21468 21507 W System.err: 	at symlab.CloudAR.network.TransmissionTask.run(TransmissionTask.java:133)
11-26 09:30:52.110 21468 21507 W System.err: 	at android.os.Handler.handleCallback(Handler.java:907)
11-26 09:30:52.110 21468 21507 W System.err: 	at android.os.Handler.dispatchMessage(Handler.java:105)
11-26 09:30:52.110 21468 21507 W System.err: 	at android.os.Looper.loop(Looper.java:216)
11-26 09:30:52.110 21468 21507 W System.err: 	at android.os.HandlerThread.run(HandlerThread.java:65)
11-26 09:30:52.127 21468 21507 W System.err: java.net.SocketException: Message too long
11-26 09:30:52.127 21468 21507 W System.err: 	at sun.nio.ch.DatagramChannelImpl.send0(Native Method)
11-26 09:30:52.127 21468 21507 W System.err: 	at sun.nio.ch.DatagramChannelImpl.sendFromNativeBuffer(DatagramChannelImpl.java:573)
11-26 09:30:52.127 21468 21507 W System.err: 	at sun.nio.ch.DatagramChannelImpl.send(DatagramChannelImpl.java:550)
11-26 09:30:52.127 21468 21507 W System.err: 	at sun.nio.ch.DatagramChannelImpl.send(DatagramChannelImpl.java:514)
11-26 09:30:52.127 21468 21507 W System.err: 	at symlab.CloudAR.network.TransmissionTask.run(TransmissionTask.java:133)
11-26 09:30:52.127 21468 21507 W System.err: 	at android.os.Handler.handleCallback(Handler.java:907)
11-26 09:30:52.127 21468 21507 W System.err: 	at android.os.Handler.dispatchMessage(Handler.java:105)
11-26 09:30:52.127 21468 21507 W System.err: 	at android.os.Looper.loop(Looper.java:216)
11-26 09:30:52.127 21468 21507 W System.err: 	at android.os.HandlerThread.run(HandlerThread.java:65)
11-26 09:30:52.168 21468 21507 W System.err: java.net.SocketException: Message too long
11-26 09:30:52.168 21468 21507 W System.err: 	at sun.nio.ch.DatagramChannelImpl.send0(Native Method)
11-26 09:30:52.168 21468 21507 W System.err: 	at sun.nio.ch.DatagramChannelImpl.sendFromNativeBuffer(DatagramChannelImpl.java:573)
11-26 09:30:52.168 21468 21507 W System.err: 	at sun.nio.ch.DatagramChannelImpl.send(DatagramChannelImpl.java:550)
11-26 09:30:52.168 21468 21507 W System.err: 	at sun.nio.ch.DatagramChannelImpl.send(DatagramChannelImpl.java:514)
11-26 09:30:52.169 21468 21507 W System.err: 	at symlab.CloudAR.network.TransmissionTask.run(TransmissionTask.java:133)
11-26 09:30:52.169 21468 21507 W System.err: 	at android.os.Handler.handleCallback(Handler.java:907)
11-26 09:30:52.169 21468 21507 W System.err: 	at android.os.Handler.dispatchMessage(Handler.java:105)
11-26 09:30:52.169 21468 21507 W System.err: 	at android.os.Looper.loop(Looper.java:216)
11-26 09:30:52.169 21468 21507 W System.err: 	at android.os.HandlerThread.run(HandlerThread.java:65)
11-26 09:30:52.201 21468 21507 W System.err: java.net.SocketException: Message too long
11-26 09:30:52.201 21468 21507 W System.err: 	at sun.nio.ch.DatagramChannelImpl.send0(Native Method)
11-26 09:30:52.201 21468 21507 W System.err: 	at sun.nio.ch.DatagramChannelImpl.sendFromNativeBuffer(DatagramChannelImpl.java:573)
11-26 09:30:52.201 21468 21507 W System.err: 	at sun.nio.ch.DatagramChannelImpl.send(DatagramChannelImpl.java:550)
11-26 09:30:52.201 21468 21507 W System.err: 	at sun.nio.ch.DatagramChannelImpl.send(DatagramChannelImpl.java:514)
11-26 09:30:52.201 21468 21507 W System.err: 	at symlab.CloudAR.network.TransmissionTask.run(TransmissionTask.java:133)
11-26 09:30:52.201 21468 21507 W System.err: 	at android.os.Handler.handleCallback(Handler.java:907)
11-26 09:30:52.201 21468 21507 W System.err: 	at android.os.Handler.dispatchMessage(Handler.java:105)
11-26 09:30:52.201 21468 21507 W System.err: 	at android.os.Looper.loop(Looper.java:216)
11-26 09:30:52.201 21468 21507 W System.err: 	at android.os.HandlerThread.run(HandlerThread.java:65)
11-26 09:30:52.240 21468 21507 W System.err: java.net.SocketException: Message too long
11-26 09:30:52.240 21468 21507 W System.err: 	at sun.nio.ch.DatagramChannelImpl.send0(Native Method)
11-26 09:30:52.241 21468 21507 W System.err: 	at sun.nio.ch.DatagramChannelImpl.sendFromNativeBuffer(DatagramChannelImpl.java:573)
11-26 09:30:52.241 21468 21507 W System.err: 	at sun.nio.ch.DatagramChannelImpl.send(DatagramChannelImpl.java:550)
11-26 09:30:52.241 21468 21507 W System.err: 	at sun.nio.ch.DatagramChannelImpl.send(DatagramChannelImpl.java:514)
11-26 09:30:52.241 21468 21507 W System.err: 	at symlab.CloudAR.network.TransmissionTask.run(TransmissionTask.java:133)
11-26 09:30:52.241 21468 21507 W System.err: 	at android.os.Handler.handleCallback(Handler.java:907)
11-26 09:30:52.241 21468 21507 W System.err: 	at android.os.Handler.dispatchMessage(Handler.java:105)
11-26 09:30:52.241 21468 21507 W System.err: 	at android.os.Looper.loop(Looper.java:216)
11-26 09:30:52.241 21468 21507 W System.err: 	at android.os.HandlerThread.run(HandlerThread.java:65)
11-26 09:30:52.285 21468 21507 W System.err: java.net.SocketException: Message too long
11-26 09:30:52.285 21468 21507 W System.err: 	at sun.nio.ch.DatagramChannelImpl.send0(Native Method)
11-26 09:30:52.285 21468 21507 W System.err: 	at sun.nio.ch.DatagramChannelImpl.sendFromNativeBuffer(DatagramChannelImpl.java:573)
11-26 09:30:52.285 21468 21507 W System.err: 	at sun.nio.ch.DatagramChannelImpl.send(DatagramChannelImpl.java:550)
11-26 09:30:52.285 21468 21507 W System.err: 	at sun.nio.ch.DatagramChannelImpl.send(DatagramChannelImpl.java:514)
11-26 09:30:52.285 21468 21507 W System.err: 	at symlab.CloudAR.network.TransmissionTask.run(TransmissionTask.java:133)
11-26 09:30:52.285 21468 21507 W System.err: 	at android.os.Handler.handleCallback(Handler.java:907)
11-26 09:30:52.286 21468 21507 W System.err: 	at android.os.Handler.dispatchMessage(Handler.java:105)
11-26 09:30:52.286 21468 21507 W System.err: 	at android.os.Looper.loop(Looper.java:216)
11-26 09:30:52.286 21468 21507 W System.err: 	at android.os.HandlerThread.run(HandlerThread.java:65)
11-26 09:30:52.323 21468 21507 W System.err: java.net.SocketException: Message too long
11-26 09:30:52.323 21468 21507 W System.err: 	at sun.nio.ch.DatagramChannelImpl.send0(Native Method)
11-26 09:30:52.323 21468 21507 W System.err: 	at sun.nio.ch.DatagramChannelImpl.sendFromNativeBuffer(DatagramChannelImpl.java:573)
11-26 09:30:52.323 21468 21507 W System.err: 	at sun.nio.ch.DatagramChannelImpl.send(DatagramChannelImpl.java:550)
11-26 09:30:52.323 21468 21507 W System.err: 	at sun.nio.ch.DatagramChannelImpl.send(DatagramChannelImpl.java:514)
11-26 09:30:52.323 21468 21507 W System.err: 	at symlab.CloudAR.network.TransmissionTask.run(TransmissionTask.java:133)
11-26 09:30:52.323 21468 21507 W System.err: 	at android.os.Handler.handleCallback(Handler.java:907)
11-26 09:30:52.323 21468 21507 W System.err: 	at android.os.Handler.dispatchMessage(Handler.java:105)
11-26 09:30:52.323 21468 21507 W System.err: 	at android.os.Looper.loop(Looper.java:216)
11-26 09:30:52.323 21468 21507 W System.err: 	at android.os.HandlerThread.run(HandlerThread.java:65)
11-26 09:30:52.349 21468 21507 W System.err: java.net.SocketException: Message too long
11-26 09:30:52.349 21468 21507 W System.err: 	at sun.nio.ch.DatagramChannelImpl.send0(Native Method)
11-26 09:30:52.349 21468 21507 W System.err: 	at sun.nio.ch.DatagramChannelImpl.sendFromNativeBuffer(DatagramChannelImpl.java:573)
11-26 09:30:52.349 21468 21507 W System.err: 	at sun.nio.ch.DatagramChannelImpl.send(DatagramChannelImpl.java:550)
11-26 09:30:52.350 21468 21507 W System.err: 	at sun.nio.ch.DatagramChannelImpl.send(DatagramChannelImpl.java:514)
11-26 09:30:52.350 21468 21507 W System.err: 	at symlab.CloudAR.network.TransmissionTask.run(TransmissionTask.java:133)
11-26 09:30:52.350 21468 21507 W System.err: 	at android.os.Handler.handleCallback(Handler.java:907)
11-26 09:30:52.350 21468 21507 W System.err: 	at android.os.Handler.dispatchMessage(Handler.java:105)
11-26 09:30:52.350 21468 21507 W System.err: 	at android.os.Looper.loop(Looper.java:216)
11-26 09:30:52.350 21468 21507 W System.err: 	at android.os.HandlerThread.run(HandlerThread.java:65)
11-26 09:30:52.383 21468 21507 W System.err: java.net.SocketException: Message too long
11-26 09:30:52.383 21468 21507 W System.err: 	at sun.nio.ch.DatagramChannelImpl.send0(Native Method)
11-26 09:30:52.383 21468 21507 W System.err: 	at sun.nio.ch.DatagramChannelImpl.sendFromNativeBuffer(DatagramChannelImpl.java:573)
11-26 09:30:52.383 21468 21507 W System.err: 	at sun.nio.ch.DatagramChannelImpl.send(DatagramChannelImpl.java:550)
11-26 09:30:52.383 21468 21507 W System.err: 	at sun.nio.ch.DatagramChannelImpl.send(DatagramChannelImpl.java:514)
11-26 09:30:52.383 21468 21507 W System.err: 	at symlab.CloudAR.network.TransmissionTask.run(TransmissionTask.java:133)
11-26 09:30:52.383 21468 21507 W System.err: 	at android.os.Handler.handleCallback(Handler.java:907)
11-26 09:30:52.383 21468 21507 W System.err: 	at android.os.Handler.dispatchMessage(Handler.java:105)
11-26 09:30:52.383 21468 21507 W System.err: 	at android.os.Looper.loop(Looper.java:216)
11-26 09:30:52.383 21468 21507 W System.err: 	at android.os.HandlerThread.run(HandlerThread.java:65)
11-26 09:30:52.416 21468 21507 W System.err: java.net.SocketException: Message too long
11-26 09:30:52.416 21468 21507 W System.err: 	at sun.nio.ch.DatagramChannelImpl.send0(Native Method)
11-26 09:30:52.416 21468 21507 W System.err: 	at sun.nio.ch.DatagramChannelImpl.sendFromNativeBuffer(DatagramChannelImpl.java:573)
11-26 09:30:52.416 21468 21507 W System.err: 	at sun.nio.ch.DatagramChannelImpl.send(DatagramChannelImpl.java:550)
11-26 09:30:52.416 21468 21507 W System.err: 	at sun.nio.ch.DatagramChannelImpl.send(DatagramChannelImpl.java:514)
11-26 09:30:52.416 21468 21507 W System.err: 	at symlab.CloudAR.network.TransmissionTask.run(TransmissionTask.java:133)
11-26 09:30:52.416 21468 21507 W System.err: 	at android.os.Handler.handleCallback(Handler.java:907)
11-26 09:30:52.416 21468 21507 W System.err: 	at android.os.Handler.dispatchMessage(Handler.java:105)
11-26 09:30:52.416 21468 21507 W System.err: 	at android.os.Looper.loop(Looper.java:216)
11-26 09:30:52.416 21468 21507 W System.err: 	at android.os.HandlerThread.run(HandlerThread.java:65)
11-26 09:30:52.439 21468 21507 W System.err: java.net.SocketException: Message too long
11-26 09:30:52.439 21468 21507 W System.err: 	at sun.nio.ch.DatagramChannelImpl.send0(Native Method)
11-26 09:30:52.439 21468 21507 W System.err: 	at sun.nio.ch.DatagramChannelImpl.sendFromNativeBuffer(DatagramChannelImpl.java:573)
11-26 09:30:52.439 21468 21507 W System.err: 	at sun.nio.ch.DatagramChannelImpl.send(DatagramChannelImpl.java:550)
11-26 09:30:52.439 21468 21507 W System.err: 	at sun.nio.ch.DatagramChannelImpl.send(DatagramChannelImpl.java:514)
11-26 09:30:52.439 21468 21507 W System.err: 	at symlab.CloudAR.network.TransmissionTask.run(TransmissionTask.java:133)
11-26 09:30:52.439 21468 21507 W System.err: 	at android.os.Handler.handleCallback(Handler.java:907)
11-26 09:30:52.439 21468 21507 W System.err: 	at android.os.Handler.dispatchMessage(Handler.java:105)
11-26 09:30:52.439 21468 21507 W System.err: 	at android.os.Looper.loop(Looper.java:216)
11-26 09:30:52.439 21468 21507 W System.err: 	at android.os.HandlerThread.run(HandlerThread.java:65)
11-26 09:30:52.470 21468 21507 W System.err: java.net.SocketException: Message too long
11-26 09:30:52.471 21468 21507 W System.err: 	at sun.nio.ch.DatagramChannelImpl.send0(Native Method)
11-26 09:30:52.471 21468 21507 W System.err: 	at sun.nio.ch.DatagramChannelImpl.sendFromNativeBuffer(DatagramChannelImpl.java:573)
11-26 09:30:52.471 21468 21507 W System.err: 	at sun.nio.ch.DatagramChannelImpl.send(DatagramChannelImpl.java:550)
11-26 09:30:52.471 21468 21507 W System.err: 	at sun.nio.ch.DatagramChannelImpl.send(DatagramChannelImpl.java:514)
11-26 09:30:52.471 21468 21507 W System.err: 	at symlab.CloudAR.network.TransmissionTask.run(TransmissionTask.java:133)
11-26 09:30:52.471 21468 21507 W System.err: 	at android.os.Handler.handleCallback(Handler.java:907)
11-26 09:30:52.471 21468 21507 W System.err: 	at android.os.Handler.dispatchMessage(Handler.java:105)
11-26 09:30:52.471 21468 21507 W System.err: 	at android.os.Looper.loop(Looper.java:216)
11-26 09:30:52.471 21468 21507 W System.err: 	at android.os.HandlerThread.run(HandlerThread.java:65)
11-26 09:30:52.681 21468 21507 W System.err: java.net.SocketException: Message too long
11-26 09:30:52.681 21468 21507 W System.err: 	at sun.nio.ch.DatagramChannelImpl.send0(Native Method)
11-26 09:30:52.682 21468 21507 W System.err: 	at sun.nio.ch.DatagramChannelImpl.sendFromNativeBuffer(DatagramChannelImpl.java:573)
11-26 09:30:52.682 21468 21507 W System.err: 	at sun.nio.ch.DatagramChannelImpl.send(DatagramChannelImpl.java:550)
11-26 09:30:52.682 21468 21507 W System.err: 	at sun.nio.ch.DatagramChannelImpl.send(DatagramChannelImpl.java:514)
11-26 09:30:52.682 21468 21507 W System.err: 	at symlab.CloudAR.network.TransmissionTask.run(TransmissionTask.java:133)
11-26 09:30:52.682 21468 21507 W System.err: 	at android.os.Handler.handleCallback(Handler.java:907)
11-26 09:30:52.682 21468 21507 W System.err: 	at android.os.Handler.dispatchMessage(Handler.java:105)
11-26 09:30:52.682 21468 21507 W System.err: 	at android.os.Looper.loop(Looper.java:216)
11-26 09:30:52.682 21468 21507 W System.err: 	at android.os.HandlerThread.run(HandlerThread.java:65)
11-26 09:30:52.754 21468 21480 E         : [ZeroHung]zrhung_get_config: Get config failed for wp[0x0008]
11-26 09:30:52.785 21468 21478 W System  : A resource failed to call close. 
11-26 09:30:52.786 21468 21478 I chatty  : uid=10147(symlab.cloudridar.arhud) FinalizerDaemon identical 5 lines
11-26 09:30:52.786 21468 21478 W System  : A resource failed to call close. 
11-26 09:30:52.815 21468 21507 D Evaluation: 3 res for frame 235 received at 1574753452815
11-26 09:30:52.987 21468 21507 W System.err: java.net.SocketException: Message too long
11-26 09:30:52.987 21468 21507 W System.err: 	at sun.nio.ch.DatagramChannelImpl.send0(Native Method)
11-26 09:30:52.987 21468 21507 W System.err: 	at sun.nio.ch.DatagramChannelImpl.sendFromNativeBuffer(DatagramChannelImpl.java:573)
11-26 09:30:52.987 21468 21507 W System.err: 	at sun.nio.ch.DatagramChannelImpl.send(DatagramChannelImpl.java:550)
11-26 09:30:52.987 21468 21507 W System.err: 	at sun.nio.ch.DatagramChannelImpl.send(DatagramChannelImpl.java:514)
11-26 09:30:52.987 21468 21507 W System.err: 	at symlab.CloudAR.network.TransmissionTask.run(TransmissionTask.java:133)
11-26 09:30:52.987 21468 21507 W System.err: 	at android.os.Handler.handleCallback(Handler.java:907)
11-26 09:30:52.987 21468 21507 W System.err: 	at android.os.Handler.dispatchMessage(Handler.java:105)
11-26 09:30:52.987 21468 21507 W System.err: 	at android.os.Looper.loop(Looper.java:216)
11-26 09:30:52.987 21468 21507 W System.err: 	at android.os.HandlerThread.run(HandlerThread.java:65)
11-26 09:30:53.017 21468 21507 W System.err: java.net.SocketException: Message too long
11-26 09:30:53.017 21468 21507 W System.err: 	at sun.nio.ch.DatagramChannelImpl.send0(Native Method)
11-26 09:30:53.017 21468 21507 W System.err: 	at sun.nio.ch.DatagramChannelImpl.sendFromNativeBuffer(DatagramChannelImpl.java:573)
11-26 09:30:53.017 21468 21507 W System.err: 	at sun.nio.ch.DatagramChannelImpl.send(DatagramChannelImpl.java:550)
11-26 09:30:53.017 21468 21507 W System.err: 	at sun.nio.ch.DatagramChannelImpl.send(DatagramChannelImpl.java:514)
11-26 09:30:53.017 21468 21507 W System.err: 	at symlab.CloudAR.network.TransmissionTask.run(TransmissionTask.java:133)
11-26 09:30:53.017 21468 21507 W System.err: 	at android.os.Handler.handleCallback(Handler.java:907)
11-26 09:30:53.017 21468 21507 W System.err: 	at android.os.Handler.dispatchMessage(Handler.java:105)
11-26 09:30:53.017 21468 21507 W System.err: 	at android.os.Looper.loop(Looper.java:216)
11-26 09:30:53.017 21468 21507 W System.err: 	at android.os.HandlerThread.run(HandlerThread.java:65)
11-26 09:30:53.047 21468 21507 W System.err: java.net.SocketException: Message too long
11-26 09:30:53.048 21468 21507 W System.err: 	at sun.nio.ch.DatagramChannelImpl.send0(Native Method)
11-26 09:30:53.048 21468 21507 W System.err: 	at sun.nio.ch.DatagramChannelImpl.sendFromNativeBuffer(DatagramChannelImpl.java:573)
11-26 09:30:53.048 21468 21507 W System.err: 	at sun.nio.ch.DatagramChannelImpl.send(DatagramChannelImpl.java:550)
11-26 09:30:53.048 21468 21507 W System.err: 	at sun.nio.ch.DatagramChannelImpl.send(DatagramChannelImpl.java:514)
11-26 09:30:53.048 21468 21507 W System.err: 	at symlab.CloudAR.network.TransmissionTask.run(TransmissionTask.java:133)
11-26 09:30:53.048 21468 21507 W System.err: 	at android.os.Handler.handleCallback(Handler.java:907)
