11-26 11:20:56.585  7891  7929 W System.err: 	at sun.nio.ch.DatagramChannelImpl.sendFromNativeBuffer(DatagramChannelImpl.java:573)
11-26 11:20:56.586  7891  7929 W System.err: 	at sun.nio.ch.DatagramChannelImpl.send(DatagramChannelImpl.java:550)
11-26 11:20:56.586  7891  7929 W System.err: 	at sun.nio.ch.DatagramChannelImpl.send(DatagramChannelImpl.java:514)
11-26 11:20:56.586  7891  7929 W System.err: 	at symlab.CloudAR.network.TransmissionTask.run(TransmissionTask.java:133)
11-26 11:20:56.586  7891  7929 W System.err: 	at android.os.Handler.handleCallback(Handler.java:907)
11-26 11:20:56.586  7891  7929 W System.err: 	at android.os.Handler.dispatchMessage(Handler.java:105)
11-26 11:20:56.586  7891  7929 W System.err: 	at android.os.Looper.loop(Looper.java:216)
11-26 11:20:56.586  7891  7929 W System.err: 	at android.os.HandlerThread.run(HandlerThread.java:65)
11-26 11:20:56.631  7891  7929 W System.err: java.net.SocketException: Message too long
11-26 11:20:56.631  7891  7929 W System.err: 	at sun.nio.ch.DatagramChannelImpl.send0(Native Method)
11-26 11:20:56.631  7891  7929 W System.err: 	at sun.nio.ch.DatagramChannelImpl.sendFromNativeBuffer(DatagramChannelImpl.java:573)
11-26 11:20:56.631  7891  7929 W System.err: 	at sun.nio.ch.DatagramChannelImpl.send(DatagramChannelImpl.java:550)
11-26 11:20:56.631  7891  7929 W System.err: 	at sun.nio.ch.DatagramChannelImpl.send(DatagramChannelImpl.java:514)
11-26 11:20:56.631  7891  7929 W System.err: 	at symlab.CloudAR.network.TransmissionTask.run(TransmissionTask.java:133)
11-26 11:20:56.631  7891  7929 W System.err: 	at android.os.Handler.handleCallback(Handler.java:907)
11-26 11:20:56.631  7891  7929 W System.err: 	at android.os.Handler.dispatchMessage(Handler.java:105)
11-26 11:20:56.631  7891  7929 W System.err: 	at android.os.Looper.loop(Looper.java:216)
11-26 11:20:56.631  7891  7929 W System.err: 	at android.os.HandlerThread.run(HandlerThread.java:65)
11-26 11:20:56.652  7891  7929 W System.err: java.net.SocketException: Message too long
11-26 11:20:56.652  7891  7929 W System.err: 	at sun.nio.ch.DatagramChannelImpl.send0(Native Method)
11-26 11:20:56.652  7891  7929 W System.err: 	at sun.nio.ch.DatagramChannelImpl.sendFromNativeBuffer(DatagramChannelImpl.java:573)
11-26 11:20:56.652  7891  7929 W System.err: 	at sun.nio.ch.DatagramChannelImpl.send(DatagramChannelImpl.java:550)
11-26 11:20:56.652  7891  7929 W System.err: 	at sun.nio.ch.DatagramChannelImpl.send(DatagramChannelImpl.java:514)
11-26 11:20:56.652  7891  7929 W System.err: 	at symlab.CloudAR.network.TransmissionTask.run(TransmissionTask.java:133)
11-26 11:20:56.652  7891  7929 W System.err: 	at android.os.Handler.handleCallback(Handler.java:907)
11-26 11:20:56.652  7891  7929 W System.err: 	at android.os.Handler.dispatchMessage(Handler.java:105)
11-26 11:20:56.652  7891  7929 W System.err: 	at android.os.Looper.loop(Looper.java:216)
11-26 11:20:56.652  7891  7929 W System.err: 	at android.os.HandlerThread.run(HandlerThread.java:65)
11-26 11:20:56.687  7891  7929 W System.err: java.net.SocketException: Message too long
11-26 11:20:56.687  7891  7929 W System.err: 	at sun.nio.ch.DatagramChannelImpl.send0(Native Method)
11-26 11:20:56.688  7891  7929 W System.err: 	at sun.nio.ch.DatagramChannelImpl.sendFromNativeBuffer(DatagramChannelImpl.java:573)
11-26 11:20:56.688  7891  7929 W System.err: 	at sun.nio.ch.DatagramChannelImpl.send(DatagramChannelImpl.java:550)
11-26 11:20:56.688  7891  7929 W System.err: 	at sun.nio.ch.DatagramChannelImpl.send(DatagramChannelImpl.java:514)
11-26 11:20:56.688  7891  7929 W System.err: 	at symlab.CloudAR.network.TransmissionTask.run(TransmissionTask.java:133)
11-26 11:20:56.688  7891  7929 W System.err: 	at android.os.Handler.handleCallback(Handler.java:907)
11-26 11:20:56.688  7891  7929 W System.err: 	at android.os.Handler.dispatchMessage(Handler.java:105)
11-26 11:20:56.688  7891  7929 W System.err: 	at android.os.Looper.loop(Looper.java:216)
11-26 11:20:56.688  7891  7929 W System.err: 	at android.os.HandlerThread.run(HandlerThread.java:65)
11-26 11:20:56.729  7891  7929 W System.err: java.net.SocketException: Message too long
11-26 11:20:56.729  7891  7929 W System.err: 	at sun.nio.ch.DatagramChannelImpl.send0(Native Method)
11-26 11:20:56.729  7891  7929 W System.err: 	at sun.nio.ch.DatagramChannelImpl.sendFromNativeBuffer(DatagramChannelImpl.java:573)
11-26 11:20:56.729  7891  7929 W System.err: 	at sun.nio.ch.DatagramChannelImpl.send(DatagramChannelImpl.java:550)
11-26 11:20:56.729  7891  7929 W System.err: 	at sun.nio.ch.DatagramChannelImpl.send(DatagramChannelImpl.java:514)
11-26 11:20:56.729  7891  7929 W System.err: 	at symlab.CloudAR.network.TransmissionTask.run(TransmissionTask.java:133)
11-26 11:20:56.729  7891  7929 W System.err: 	at android.os.Handler.handleCallback(Handler.java:907)
11-26 11:20:56.729  7891  7929 W System.err: 	at android.os.Handler.dispatchMessage(Handler.java:105)
11-26 11:20:56.729  7891  7929 W System.err: 	at android.os.Looper.loop(Looper.java:216)
11-26 11:20:56.729  7891  7929 W System.err: 	at android.os.HandlerThread.run(HandlerThread.java:65)
11-26 11:20:57.194  7891  7891 D Poster  : At 1574760057194 location is 65.05840425108177 (latitude), and 25.46910214267529 (longitude)
11-26 11:20:57.196  7891  7891 D Poster  : Connected to mobile network 20
11-26 11:20:57.198  7891  7906 E         : [ZeroHung]zrhung_get_config: Get config failed for wp[0x0008]
11-26 11:20:57.198  7891  7929 W System.err: java.net.SocketException: Message too long
11-26 11:20:57.198  7891  7929 W System.err: 	at sun.nio.ch.DatagramChannelImpl.send0(Native Method)
11-26 11:20:57.198  7891  7929 W System.err: 	at sun.nio.ch.DatagramChannelImpl.sendFromNativeBuffer(DatagramChannelImpl.java:573)
11-26 11:20:57.198  7891  7929 W System.err: 	at sun.nio.ch.DatagramChannelImpl.send(DatagramChannelImpl.java:550)
11-26 11:20:57.198  7891  7929 W System.err: 	at sun.nio.ch.DatagramChannelImpl.send(DatagramChannelImpl.java:514)
11-26 11:20:57.198  7891  7929 W System.err: 	at symlab.CloudAR.network.TransmissionTask.run(TransmissionTask.java:133)
11-26 11:20:57.198  7891  7929 W System.err: 	at android.os.Handler.handleCallback(Handler.java:907)
11-26 11:20:57.198  7891  7929 W System.err: 	at android.os.Handler.dispatchMessage(Handler.java:105)
11-26 11:20:57.198  7891  7929 W System.err: 	at android.os.Looper.loop(Looper.java:216)
11-26 11:20:57.198  7891  7929 W System.err: 	at android.os.HandlerThread.run(HandlerThread.java:65)
11-26 11:20:57.216  7891  7904 W System  : A resource failed to call close. 
11-26 11:20:57.217  7891  7904 I chatty  : uid=10147(symlab.cloudridar.arhud) FinalizerDaemon identical 16 lines
11-26 11:20:57.217  7891  7904 W System  : A resource failed to call close. 
11-26 11:20:57.229  7891  7929 W System.err: java.net.SocketException: Message too long
11-26 11:20:57.229  7891  7929 W System.err: 	at sun.nio.ch.DatagramChannelImpl.send0(Native Method)
11-26 11:20:57.229  7891  7929 W System.err: 	at sun.nio.ch.DatagramChannelImpl.sendFromNativeBuffer(DatagramChannelImpl.java:573)
11-26 11:20:57.229  7891  7929 W System.err: 	at sun.nio.ch.DatagramChannelImpl.send(DatagramChannelImpl.java:550)
11-26 11:20:57.229  7891  7929 W System.err: 	at sun.nio.ch.DatagramChannelImpl.send(DatagramChannelImpl.java:514)
11-26 11:20:57.229  7891  7929 W System.err: 	at symlab.CloudAR.network.TransmissionTask.run(TransmissionTask.java:133)
11-26 11:20:57.229  7891  7929 W System.err: 	at android.os.Handler.handleCallback(Handler.java:907)
11-26 11:20:57.229  7891  7929 W System.err: 	at android.os.Handler.dispatchMessage(Handler.java:105)
11-26 11:20:57.229  7891  7929 W System.err: 	at android.os.Looper.loop(Looper.java:216)
11-26 11:20:57.229  7891  7929 W System.err: 	at android.os.HandlerThread.run(HandlerThread.java:65)
11-26 11:20:57.254  7891  7929 W System.err: java.net.SocketException: Message too long
11-26 11:20:57.254  7891  7929 W System.err: 	at sun.nio.ch.DatagramChannelImpl.send0(Native Method)
11-26 11:20:57.254  7891  7929 W System.err: 	at sun.nio.ch.DatagramChannelImpl.sendFromNativeBuffer(DatagramChannelImpl.java:573)
11-26 11:20:57.254  7891  7929 W System.err: 	at sun.nio.ch.DatagramChannelImpl.send(DatagramChannelImpl.java:550)
11-26 11:20:57.254  7891  7929 W System.err: 	at sun.nio.ch.DatagramChannelImpl.send(DatagramChannelImpl.java:514)
11-26 11:20:57.254  7891  7929 W System.err: 	at symlab.CloudAR.network.TransmissionTask.run(TransmissionTask.java:133)
11-26 11:20:57.254  7891  7929 W System.err: 	at android.os.Handler.handleCallback(Handler.java:907)
11-26 11:20:57.255  7891  7929 W System.err: 	at android.os.Handler.dispatchMessage(Handler.java:105)
11-26 11:20:57.255  7891  7929 W System.err: 	at android.os.Looper.loop(Looper.java:216)
11-26 11:20:57.255  7891  7929 W System.err: 	at android.os.HandlerThread.run(HandlerThread.java:65)
11-26 11:20:57.287  7891  7929 W System.err: java.net.SocketException: Message too long
11-26 11:20:57.287  7891  7929 W System.err: 	at sun.nio.ch.DatagramChannelImpl.send0(Native Method)
11-26 11:20:57.287  7891  7929 W System.err: 	at sun.nio.ch.DatagramChannelImpl.sendFromNativeBuffer(DatagramChannelImpl.java:573)
11-26 11:20:57.287  7891  7929 W System.err: 	at sun.nio.ch.DatagramChannelImpl.send(DatagramChannelImpl.java:550)
11-26 11:20:57.287  7891  7929 W System.err: 	at sun.nio.ch.DatagramChannelImpl.send(DatagramChannelImpl.java:514)
11-26 11:20:57.287  7891  7929 W System.err: 	at symlab.CloudAR.network.TransmissionTask.run(TransmissionTask.java:133)
11-26 11:20:57.287  7891  7929 W System.err: 	at android.os.Handler.handleCallback(Handler.java:907)
11-26 11:20:57.287  7891  7929 W System.err: 	at android.os.Handler.dispatchMessage(Handler.java:105)
11-26 11:20:57.287  7891  7929 W System.err: 	at android.os.Looper.loop(Looper.java:216)
11-26 11:20:57.287  7891  7929 W System.err: 	at android.os.HandlerThread.run(HandlerThread.java:65)
11-26 11:20:57.326  7891  7929 W System.err: java.net.SocketException: Message too long
11-26 11:20:57.327  7891  7929 W System.err: 	at sun.nio.ch.DatagramChannelImpl.send0(Native Method)
11-26 11:20:57.327  7891  7929 W System.err: 	at sun.nio.ch.DatagramChannelImpl.sendFromNativeBuffer(DatagramChannelImpl.java:573)
11-26 11:20:57.327  7891  7929 W System.err: 	at sun.nio.ch.DatagramChannelImpl.send(DatagramChannelImpl.java:550)
11-26 11:20:57.327  7891  7929 W System.err: 	at sun.nio.ch.DatagramChannelImpl.send(DatagramChannelImpl.java:514)
11-26 11:20:57.327  7891  7929 W System.err: 	at symlab.CloudAR.network.TransmissionTask.run(TransmissionTask.java:133)
11-26 11:20:57.327  7891  7929 W System.err: 	at android.os.Handler.handleCallback(Handler.java:907)
11-26 11:20:57.327  7891  7929 W System.err: 	at android.os.Handler.dispatchMessage(Handler.java:105)
11-26 11:20:57.327  7891  7929 W System.err: 	at android.os.Looper.loop(Looper.java:216)
11-26 11:20:57.327  7891  7929 W System.err: 	at android.os.HandlerThread.run(HandlerThread.java:65)
11-26 11:20:57.361  7891  7929 W System.err: java.net.SocketException: Message too long
11-26 11:20:57.361  7891  7929 W System.err: 	at sun.nio.ch.DatagramChannelImpl.send0(Native Method)
11-26 11:20:57.361  7891  7929 W System.err: 	at sun.nio.ch.DatagramChannelImpl.sendFromNativeBuffer(DatagramChannelImpl.java:573)
11-26 11:20:57.361  7891  7929 W System.err: 	at sun.nio.ch.DatagramChannelImpl.send(DatagramChannelImpl.java:550)
11-26 11:20:57.361  7891  7929 W System.err: 	at sun.nio.ch.DatagramChannelImpl.send(DatagramChannelImpl.java:514)
11-26 11:20:57.361  7891  7929 W System.err: 	at symlab.CloudAR.network.TransmissionTask.run(TransmissionTask.java:133)
11-26 11:20:57.361  7891  7929 W System.err: 	at android.os.Handler.handleCallback(Handler.java:907)
11-26 11:20:57.361  7891  7929 W System.err: 	at android.os.Handler.dispatchMessage(Handler.java:105)
11-26 11:20:57.361  7891  7929 W System.err: 	at android.os.Looper.loop(Looper.java:216)
11-26 11:20:57.361  7891  7929 W System.err: 	at android.os.HandlerThread.run(HandlerThread.java:65)
11-26 11:20:57.394  7891  7929 W System.err: java.net.SocketException: Message too long
11-26 11:20:57.395  7891  7929 W System.err: 	at sun.nio.ch.DatagramChannelImpl.send0(Native Method)
11-26 11:20:57.395  7891  7929 W System.err: 	at sun.nio.ch.DatagramChannelImpl.sendFromNativeBuffer(DatagramChannelImpl.java:573)
11-26 11:20:57.395  7891  7929 W System.err: 	at sun.nio.ch.DatagramChannelImpl.send(DatagramChannelImpl.java:550)
11-26 11:20:57.395  7891  7929 W System.err: 	at sun.nio.ch.DatagramChannelImpl.send(DatagramChannelImpl.java:514)
11-26 11:20:57.395  7891  7929 W System.err: 	at symlab.CloudAR.network.TransmissionTask.run(TransmissionTask.java:133)
11-26 11:20:57.395  7891  7929 W System.err: 	at android.os.Handler.handleCallback(Handler.java:907)
11-26 11:20:57.395  7891  7929 W System.err: 	at android.os.Handler.dispatchMessage(Handler.java:105)
11-26 11:20:57.395  7891  7929 W System.err: 	at android.os.Looper.loop(Looper.java:216)
11-26 11:20:57.395  7891  7929 W System.err: 	at android.os.HandlerThread.run(HandlerThread.java:65)
11-26 11:20:57.430  7891  7929 W System.err: java.net.SocketException: Message too long
11-26 11:20:57.430  7891  7929 W System.err: 	at sun.nio.ch.DatagramChannelImpl.send0(Native Method)
11-26 11:20:57.430  7891  7929 W System.err: 	at sun.nio.ch.DatagramChannelImpl.sendFromNativeBuffer(DatagramChannelImpl.java:573)
11-26 11:20:57.430  7891  7929 W System.err: 	at sun.nio.ch.DatagramChannelImpl.send(DatagramChannelImpl.java:550)
11-26 11:20:57.430  7891  7929 W System.err: 	at sun.nio.ch.DatagramChannelImpl.send(DatagramChannelImpl.java:514)
11-26 11:20:57.430  7891  7929 W System.err: 	at symlab.CloudAR.network.TransmissionTask.run(TransmissionTask.java:133)
11-26 11:20:57.430  7891  7929 W System.err: 	at android.os.Handler.handleCallback(Handler.java:907)
11-26 11:20:57.430  7891  7929 W System.err: 	at android.os.Handler.dispatchMessage(Handler.java:105)
11-26 11:20:57.430  7891  7929 W System.err: 	at android.os.Looper.loop(Looper.java:216)
11-26 11:20:57.430  7891  7929 W System.err: 	at android.os.HandlerThread.run(HandlerThread.java:65)
11-26 11:20:57.472  7891  7929 W System.err: java.net.SocketException: Message too long
11-26 11:20:57.473  7891  7929 W System.err: 	at sun.nio.ch.DatagramChannelImpl.send0(Native Method)
11-26 11:20:57.473  7891  7929 W System.err: 	at sun.nio.ch.DatagramChannelImpl.sendFromNativeBuffer(DatagramChannelImpl.java:573)
11-26 11:20:57.473  7891  7929 W System.err: 	at sun.nio.ch.DatagramChannelImpl.send(DatagramChannelImpl.java:550)
11-26 11:20:57.473  7891  7929 W System.err: 	at sun.nio.ch.DatagramChannelImpl.send(DatagramChannelImpl.java:514)
11-26 11:20:57.473  7891  7929 W System.err: 	at symlab.CloudAR.network.TransmissionTask.run(TransmissionTask.java:133)
11-26 11:20:57.473  7891  7929 W System.err: 	at android.os.Handler.handleCallback(Handler.java:907)
11-26 11:20:57.473  7891  7929 W System.err: 	at android.os.Handler.dispatchMessage(Handler.java:105)
11-26 11:20:57.473  7891  7929 W System.err: 	at android.os.Looper.loop(Looper.java:216)
11-26 11:20:57.473  7891  7929 W System.err: 	at android.os.HandlerThread.run(HandlerThread.java:65)
11-26 11:20:57.494  7891  7929 W System.err: java.net.SocketException: Message too long
11-26 11:20:57.494  7891  7929 W System.err: 	at sun.nio.ch.DatagramChannelImpl.send0(Native Method)
11-26 11:20:57.494  7891  7929 W System.err: 	at sun.nio.ch.DatagramChannelImpl.sendFromNativeBuffer(DatagramChannelImpl.java:573)
11-26 11:20:57.494  7891  7929 W System.err: 	at sun.nio.ch.DatagramChannelImpl.send(DatagramChannelImpl.java:550)
11-26 11:20:57.494  7891  7929 W System.err: 	at sun.nio.ch.DatagramChannelImpl.send(DatagramChannelImpl.java:514)
11-26 11:20:57.494  7891  7929 W System.err: 	at symlab.CloudAR.network.TransmissionTask.run(TransmissionTask.java:133)
11-26 11:20:57.494  7891  7929 W System.err: 	at android.os.Handler.handleCallback(Handler.java:907)
11-26 11:20:57.494  7891  7929 W System.err: 	at android.os.Handler.dispatchMessage(Handler.java:105)
11-26 11:20:57.494  7891  7929 W System.err: 	at android.os.Looper.loop(Looper.java:216)
11-26 11:20:57.494  7891  7929 W System.err: 	at android.os.HandlerThread.run(HandlerThread.java:65)
11-26 11:20:57.525  7891  7929 W System.err: java.net.SocketException: Message too long
11-26 11:20:57.525  7891  7929 W System.err: 	at sun.nio.ch.DatagramChannelImpl.send0(Native Method)
11-26 11:20:57.525  7891  7929 W System.err: 	at sun.nio.ch.DatagramChannelImpl.sendFromNativeBuffer(DatagramChannelImpl.java:573)
11-26 11:20:57.525  7891  7929 W System.err: 	at sun.nio.ch.DatagramChannelImpl.send(DatagramChannelImpl.java:550)
11-26 11:20:57.525  7891  7929 W System.err: 	at sun.nio.ch.DatagramChannelImpl.send(DatagramChannelImpl.java:514)
11-26 11:20:57.525  7891  7929 W System.err: 	at symlab.CloudAR.network.TransmissionTask.run(TransmissionTask.java:133)
11-26 11:20:57.525  7891  7929 W System.err: 	at android.os.Handler.handleCallback(Handler.java:907)
11-26 11:20:57.525  7891  7929 W System.err: 	at android.os.Handler.dispatchMessage(Handler.java:105)
11-26 11:20:57.525  7891  7929 W System.err: 	at android.os.Looper.loop(Looper.java:216)
11-26 11:20:57.525  7891  7929 W System.err: 	at android.os.HandlerThread.run(HandlerThread.java:65)
11-26 11:20:57.561  7891  7929 W System.err: java.net.SocketException: Message too long
11-26 11:20:57.561  7891  7929 W System.err: 	at sun.nio.ch.DatagramChannelImpl.send0(Native Method)
11-26 11:20:57.561  7891  7929 W System.err: 	at sun.nio.ch.DatagramChannelImpl.sendFromNativeBuffer(DatagramChannelImpl.java:573)
11-26 11:20:57.561  7891  7929 W System.err: 	at sun.nio.ch.DatagramChannelImpl.send(DatagramChannelImpl.java:550)
11-26 11:20:57.561  7891  7929 W System.err: 	at sun.nio.ch.DatagramChannelImpl.send(DatagramChannelImpl.java:514)
11-26 11:20:57.561  7891  7929 W System.err: 	at symlab.CloudAR.network.TransmissionTask.run(TransmissionTask.java:133)
11-26 11:20:57.561  7891  7929 W System.err: 	at android.os.Handler.handleCallback(Handler.java:907)
11-26 11:20:57.561  7891  7929 W System.err: 	at android.os.Handler.dispatchMessage(Handler.java:105)
11-26 11:20:57.561  7891  7929 W System.err: 	at android.os.Looper.loop(Looper.java:216)
11-26 11:20:57.561  7891  7929 W System.err: 	at android.os.HandlerThread.run(HandlerThread.java:65)
11-26 11:20:57.597  7891  7929 W System.err: java.net.SocketException: Message too long
11-26 11:20:57.597  7891  7929 W System.err: 	at sun.nio.ch.DatagramChannelImpl.send0(Native Method)
11-26 11:20:57.597  7891  7929 W System.err: 	at sun.nio.ch.DatagramChannelImpl.sendFromNativeBuffer(DatagramChannelImpl.java:573)
11-26 11:20:57.597  7891  7929 W System.err: 	at sun.nio.ch.DatagramChannelImpl.send(DatagramChannelImpl.java:550)
11-26 11:20:57.597  7891  7929 W System.err: 	at sun.nio.ch.DatagramChannelImpl.send(DatagramChannelImpl.java:514)
11-26 11:20:57.597  7891  7929 W System.err: 	at symlab.CloudAR.network.TransmissionTask.run(TransmissionTask.java:133)
11-26 11:20:57.597  7891  7929 W System.err: 	at android.os.Handler.handleCallback(Handler.java:907)
11-26 11:20:57.597  7891  7929 W System.err: 	at android.os.Handler.dispatchMessage(Handler.java:105)
11-26 11:20:57.597  7891  7929 W System.err: 	at android.os.Looper.loop(Looper.java:216)
11-26 11:20:57.597  7891  7929 W System.err: 	at android.os.HandlerThread.run(HandlerThread.java:65)
11-26 11:20:57.627  7891  7929 W System.err: java.net.SocketException: Message too long
11-26 11:20:57.627  7891  7929 W System.err: 	at sun.nio.ch.DatagramChannelImpl.send0(Native Method)
11-26 11:20:57.627  7891  7929 W System.err: 	at sun.nio.ch.DatagramChannelImpl.sendFromNativeBuffer(DatagramChannelImpl.java:573)
11-26 11:20:57.627  7891  7929 W System.err: 	at sun.nio.ch.DatagramChannelImpl.send(DatagramChannelImpl.java:550)
11-26 11:20:57.627  7891  7929 W System.err: 	at sun.nio.ch.DatagramChannelImpl.send(DatagramChannelImpl.java:514)
11-26 11:20:57.627  7891  7929 W System.err: 	at symlab.CloudAR.network.TransmissionTask.run(TransmissionTask.java:133)
11-26 11:20:57.627  7891  7929 W System.err: 	at android.os.Handler.handleCallback(Handler.java:907)
11-26 11:20:57.627  7891  7929 W System.err: 	at android.os.Handler.dispatchMessage(Handler.java:105)
11-26 11:20:57.627  7891  7929 W System.err: 	at android.os.Looper.loop(Looper.java:216)
11-26 11:20:57.627  7891  7929 W System.err: 	at android.os.HandlerThread.run(HandlerThread.java:65)
11-26 11:20:57.665  7891  7929 W System.err: java.net.SocketException: Message too long
11-26 11:20:57.666  7891  7929 W System.err: 	at sun.nio.ch.DatagramChannelImpl.send0(Native Method)
11-26 11:20:57.666  7891  7929 W System.err: 	at sun.nio.ch.DatagramChannelImpl.sendFromNativeBuffer(DatagramChannelImpl.java:573)
11-26 11:20:57.666  7891  7929 W System.err: 	at sun.nio.ch.DatagramChannelImpl.send(DatagramChannelImpl.java:550)
11-26 11:20:57.666  7891  7929 W System.err: 	at sun.nio.ch.DatagramChannelImpl.send(DatagramChannelImpl.java:514)
11-26 11:20:57.666  7891  7929 W System.err: 	at symlab.CloudAR.network.TransmissionTask.run(TransmissionTask.java:133)
11-26 11:20:57.666  7891  7929 W System.err: 	at android.os.Handler.handleCallback(Handler.java:907)
11-26 11:20:57.666  7891  7929 W System.err: 	at android.os.Handler.dispatchMessage(Handler.java:105)
11-26 11:20:57.666  7891  7929 W System.err: 	at android.os.Looper.loop(Looper.java:216)
11-26 11:20:57.666  7891  7929 W System.err: 	at android.os.HandlerThread.run(HandlerThread.java:65)
11-26 11:20:57.701  7891  7929 W System.err: java.net.SocketException: Message too long
11-26 11:20:57.701  7891  7929 W System.err: 	at sun.nio.ch.DatagramChannelImpl.send0(Native Method)
11-26 11:20:57.701  7891  7929 W System.err: 	at sun.nio.ch.DatagramChannelImpl.sendFromNativeBuffer(DatagramChannelImpl.java:573)
11-26 11:20:57.701  7891  7929 W System.err: 	at sun.nio.ch.DatagramChannelImpl.send(DatagramChannelImpl.java:550)
11-26 11:20:57.701  7891  7929 W System.err: 	at sun.nio.ch.DatagramChannelImpl.send(DatagramChannelImpl.java:514)
11-26 11:20:57.701  7891  7929 W System.err: 	at symlab.CloudAR.network.TransmissionTask.run(TransmissionTask.java:133)
11-26 11:20:57.701  7891  7929 W System.err: 	at android.os.Handler.handleCallback(Handler.java:907)
11-26 11:20:57.701  7891  7929 W System.err: 	at android.os.Handler.dispatchMessage(Handler.java:105)
11-26 11:20:57.701  7891  7929 W System.err: 	at android.os.Looper.loop(Looper.java:216)
11-26 11:20:57.701  7891  7929 W System.err: 	at android.os.HandlerThread.run(HandlerThread.java:65)
11-26 11:20:57.741  7891  7929 W System.err: java.net.SocketException: Message too long
11-26 11:20:57.742  7891  7929 W System.err: 	at sun.nio.ch.DatagramChannelImpl.send0(Native Method)
11-26 11:20:57.742  7891  7929 W System.err: 	at sun.nio.ch.DatagramChannelImpl.sendFromNativeBuffer(DatagramChannelImpl.java:573)
11-26 11:20:57.742  7891  7929 W System.err: 	at sun.nio.ch.DatagramChannelImpl.send(DatagramChannelImpl.java:550)
11-26 11:20:57.742  7891  7929 W System.err: 	at sun.nio.ch.DatagramChannelImpl.send(DatagramChannelImpl.java:514)
11-26 11:20:57.742  7891  7929 W System.err: 	at symlab.CloudAR.network.TransmissionTask.run(TransmissionTask.java:133)
11-26 11:20:57.742  7891  7929 W System.err: 	at android.os.Handler.handleCallback(Handler.java:907)
11-26 11:20:57.742  7891  7929 W System.err: 	at android.os.Handler.dispatchMessage(Handler.java:105)
11-26 11:20:57.742  7891  7929 W System.err: 	at android.os.Looper.loop(Looper.java:216)
11-26 11:20:57.742  7891  7929 W System.err: 	at android.os.HandlerThread.run(HandlerThread.java:65)
11-26 11:20:57.766  7891  7929 W System.err: java.net.SocketException: Message too long
11-26 11:20:57.766  7891  7929 W System.err: 	at sun.nio.ch.DatagramChannelImpl.send0(Native Method)
11-26 11:20:57.766  7891  7929 W System.err: 	at sun.nio.ch.DatagramChannelImpl.sendFromNativeBuffer(DatagramChannelImpl.java:573)
11-26 11:20:57.766  7891  7929 W System.err: 	at sun.nio.ch.DatagramChannelImpl.send(DatagramChannelImpl.java:550)
11-26 11:20:57.766  7891  7929 W System.err: 	at sun.nio.ch.DatagramChannelImpl.send(DatagramChannelImpl.java:514)
11-26 11:20:57.766  7891  7929 W System.err: 	at symlab.CloudAR.network.TransmissionTask.run(TransmissionTask.java:133)
11-26 11:20:57.766  7891  7929 W System.err: 	at android.os.Handler.handleCallback(Handler.java:907)
11-26 11:20:57.766  7891  7929 W System.err: 	at android.os.Handler.dispatchMessage(Handler.java:105)
11-26 11:20:57.766  7891  7929 W System.err: 	at android.os.Looper.loop(Looper.java:216)
11-26 11:20:57.766  7891  7929 W System.err: 	at android.os.HandlerThread.run(HandlerThread.java:65)
11-26 11:20:57.802  7891  7929 W System.err: java.net.SocketException: Message too long
11-26 11:20:57.802  7891  7929 W System.err: 	at sun.nio.ch.DatagramChannelImpl.send0(Native Method)
11-26 11:20:57.802  7891  7929 W System.err: 	at sun.nio.ch.DatagramChannelImpl.sendFromNativeBuffer(DatagramChannelImpl.java:573)
11-26 11:20:57.802  7891  7929 W System.err: 	at sun.nio.ch.DatagramChannelImpl.send(DatagramChannelImpl.java:550)
11-26 11:20:57.802  7891  7929 W System.err: 	at sun.nio.ch.DatagramChannelImpl.send(DatagramChannelImpl.java:514)
11-26 11:20:57.802  7891  7929 W System.err: 	at symlab.CloudAR.network.TransmissionTask.run(TransmissionTask.java:133)
11-26 11:20:57.802  7891  7929 W System.err: 	at android.os.Handler.handleCallback(Handler.java:907)
11-26 11:20:57.802  7891  7929 W System.err: 	at android.os.Handler.dispatchMessage(Handler.java:105)
11-26 11:20:57.802  7891  7929 W System.err: 	at android.os.Looper.loop(Looper.java:216)
11-26 11:20:57.802  7891  7929 W System.err: 	at android.os.HandlerThread.run(HandlerThread.java:65)
11-26 11:20:57.827  7891  7929 W System.err: java.net.SocketException: Message too long
11-26 11:20:57.827  7891  7929 W System.err: 	at sun.nio.ch.DatagramChannelImpl.send0(Native Method)
11-26 11:20:57.827  7891  7929 W System.err: 	at sun.nio.ch.DatagramChannelImpl.sendFromNativeBuffer(DatagramChannelImpl.java:573)
11-26 11:20:57.827  7891  7929 W System.err: 	at sun.nio.ch.DatagramChannelImpl.send(DatagramChannelImpl.java:550)
11-26 11:20:57.827  7891  7929 W System.err: 	at sun.nio.ch.DatagramChannelImpl.send(DatagramChannelImpl.java:514)
11-26 11:20:57.827  7891  7929 W System.err: 	at symlab.CloudAR.network.TransmissionTask.run(TransmissionTask.java:133)
11-26 11:20:57.827  7891  7929 W System.err: 	at android.os.Handler.handleCallback(Handler.java:907)
11-26 11:20:57.827  7891  7929 W System.err: 	at android.os.Handler.dispatchMessage(Handler.java:105)
11-26 11:20:57.827  7891  7929 W System.err: 	at android.os.Looper.loop(Looper.java:216)
11-26 11:20:57.827  7891  7929 W System.err: 	at android.os.HandlerThread.run(HandlerThread.java:65)
11-26 11:20:57.870  7891  7929 W System.err: java.net.SocketException: Message too long
11-26 11:20:57.870  7891  7929 W System.err: 	at sun.nio.ch.DatagramChannelImpl.send0(Native Method)
11-26 11:20:57.870  7891  7929 W System.err: 	at sun.nio.ch.DatagramChannelImpl.sendFromNativeBuffer(DatagramChannelImpl.java:573)
11-26 11:20:57.870  7891  7929 W System.err: 	at sun.nio.ch.DatagramChannelImpl.send(DatagramChannelImpl.java:550)
11-26 11:20:57.870  7891  7929 W System.err: 	at sun.nio.ch.DatagramChannelImpl.send(DatagramChannelImpl.java:514)
11-26 11:20:57.870  7891  7929 W System.err: 	at symlab.CloudAR.network.TransmissionTask.run(TransmissionTask.java:133)
11-26 11:20:57.870  7891  7929 W System.err: 	at android.os.Handler.handleCallback(Handler.java:907)
11-26 11:20:57.870  7891  7929 W System.err: 	at android.os.Handler.dispatchMessage(Handler.java:105)
11-26 11:20:57.870  7891  7929 W System.err: 	at android.os.Looper.loop(Looper.java:216)
11-26 11:20:57.870  7891  7929 W System.err: 	at android.os.HandlerThread.run(HandlerThread.java:65)
11-26 11:20:57.900  7891  7906 E         : [ZeroHung]zrhung_get_config: Get config failed for wp[0x0008]
11-26 11:20:57.900  7891  7929 W System.err: java.net.SocketException: Message too long
11-26 11:20:57.900  7891  7929 W System.err: 	at sun.nio.ch.DatagramChannelImpl.send0(Native Method)
11-26 11:20:57.900  7891  7929 W System.err: 	at sun.nio.ch.DatagramChannelImpl.sendFromNativeBuffer(DatagramChannelImpl.java:573)
11-26 11:20:57.900  7891  7929 W System.err: 	at sun.nio.ch.DatagramChannelImpl.send(DatagramChannelImpl.java:550)
11-26 11:20:57.900  7891  7929 W System.err: 	at sun.nio.ch.DatagramChannelImpl.send(DatagramChannelImpl.java:514)
11-26 11:20:57.900  7891  7929 W System.err: 	at symlab.CloudAR.network.TransmissionTask.run(TransmissionTask.java:133)
11-26 11:20:57.900  7891  7929 W System.err: 	at android.os.Handler.handleCallback(Handler.java:907)
11-26 11:20:57.900  7891  7929 W System.err: 	at android.os.Handler.dispatchMessage(Handler.java:105)
11-26 11:20:57.900  7891  7929 W System.err: 	at android.os.Looper.loop(Looper.java:216)
11-26 11:20:57.900  7891  7929 W System.err: 	at android.os.HandlerThread.run(HandlerThread.java:65)
11-26 11:20:57.938  7891  7929 W System.err: java.net.SocketException: Message too long
11-26 11:20:57.939  7891  7929 W System.err: 	at sun.nio.ch.DatagramChannelImpl.send0(Native Method)
11-26 11:20:57.939  7891  7929 W System.err: 	at sun.nio.ch.DatagramChannelImpl.sendFromNativeBuffer(DatagramChannelImpl.java:573)
11-26 11:20:57.939  7891  7929 W System.err: 	at sun.nio.ch.DatagramChannelImpl.send(DatagramChannelImpl.java:550)
11-26 11:20:57.939  7891  7929 W System.err: 	at sun.nio.ch.DatagramChannelImpl.send(DatagramChannelImpl.java:514)
11-26 11:20:57.939  7891  7929 W System.err: 	at symlab.CloudAR.network.TransmissionTask.run(TransmissionTask.java:133)
11-26 11:20:57.939  7891  7929 W System.err: 	at android.os.Handler.handleCallback(Handler.java:907)
11-26 11:20:57.939  7891  7929 W System.err: 	at android.os.Handler.dispatchMessage(Handler.java:105)
11-26 11:20:57.939  7891  7929 W System.err: 	at android.os.Looper.loop(Looper.java:216)
11-26 11:20:57.939  7891  7929 W System.err: 	at android.os.HandlerThread.run(HandlerThread.java:65)
11-26 11:20:57.962  7891  7929 W System.err: java.net.SocketException: Message too long
11-26 11:20:57.962  7891  7929 W System.err: 	at sun.nio.ch.DatagramChannelImpl.send0(Native Method)
11-26 11:20:57.962  7891  7929 W System.err: 	at sun.nio.ch.DatagramChannelImpl.sendFromNativeBuffer(DatagramChannelImpl.java:573)
11-26 11:20:57.962  7891  7929 W System.err: 	at sun.nio.ch.DatagramChannelImpl.send(DatagramChannelImpl.java:550)
11-26 11:20:57.962  7891  7929 W System.err: 	at sun.nio.ch.DatagramChannelImpl.send(DatagramChannelImpl.java:514)
11-26 11:20:57.962  7891  7929 W System.err: 	at symlab.CloudAR.network.TransmissionTask.run(TransmissionTask.java:133)
11-26 11:20:57.962  7891  7929 W System.err: 	at android.os.Handler.handleCallback(Handler.java:907)
11-26 11:20:57.962  7891  7929 W System.err: 	at android.os.Handler.dispatchMessage(Handler.java:105)
11-26 11:20:57.962  7891  7929 W System.err: 	at android.os.Looper.loop(Looper.java:216)
11-26 11:20:57.962  7891  7929 W System.err: 	at android.os.HandlerThread.run(HandlerThread.java:65)
11-26 11:20:57.997  7891  7929 W System.err: java.net.SocketException: Message too long
11-26 11:20:57.997  7891  7929 W System.err: 	at sun.nio.ch.DatagramChannelImpl.send0(Native Method)
11-26 11:20:57.997  7891  7929 W System.err: 	at sun.nio.ch.DatagramChannelImpl.sendFromNativeBuffer(DatagramChannelImpl.java:573)
11-26 11:20:57.997  7891  7929 W System.err: 	at sun.nio.ch.DatagramChannelImpl.send(DatagramChannelImpl.java:550)
11-26 11:20:57.997  7891  7929 W System.err: 	at sun.nio.ch.DatagramChannelImpl.send(DatagramChannelImpl.java:514)
11-26 11:20:57.997  7891  7929 W System.err: 	at symlab.CloudAR.network.TransmissionTask.run(TransmissionTask.java:133)
11-26 11:20:57.997  7891  7929 W System.err: 	at android.os.Handler.handleCallback(Handler.java:907)
11-26 11:20:57.997  7891  7929 W System.err: 	at android.os.Handler.dispatchMessage(Handler.java:105)
11-26 11:20:57.997  7891  7929 W System.err: 	at android.os.Looper.loop(Looper.java:216)
11-26 11:20:57.997  7891  7929 W System.err: 	at android.os.HandlerThread.run(HandlerThread.java:65)
11-26 11:20:58.028  7891  7929 W System.err: java.net.SocketException: Message too long
11-26 11:20:58.028  7891  7929 W System.err: 	at sun.nio.ch.DatagramChannelImpl.send0(Native Method)
11-26 11:20:58.028  7891  7929 W System.err: 	at sun.nio.ch.DatagramChannelImpl.sendFromNativeBuffer(DatagramChannelImpl.java:573)
11-26 11:20:58.028  7891  7929 W System.err: 	at sun.nio.ch.DatagramChannelImpl.send(DatagramChannelImpl.java:550)
11-26 11:20:58.028  7891  7929 W System.err: 	at sun.nio.ch.DatagramChannelImpl.send(DatagramChannelImpl.java:514)
11-26 11:20:58.028  7891  7929 W System.err: 	at symlab.CloudAR.network.TransmissionTask.run(TransmissionTask.java:133)
11-26 11:20:58.028  7891  7929 W System.err: 	at android.os.Handler.handleCallback(Handler.java:907)
11-26 11:20:58.028  7891  7929 W System.err: 	at android.os.Handler.dispatchMessage(Handler.java:105)
11-26 11:20:58.028  7891  7929 W System.err: 	at android.os.Looper.loop(Looper.java:216)
11-26 11:20:58.028  7891  7929 W System.err: 	at android.os.HandlerThread.run(HandlerThread.java:65)
11-26 11:20:58.074  7891  7929 W System.err: java.net.SocketException: Message too long
11-26 11:20:58.074  7891  7929 W System.err: 	at sun.nio.ch.DatagramChannelImpl.send0(Native Method)
11-26 11:20:58.074  7891  7929 W System.err: 	at sun.nio.ch.DatagramChannelImpl.sendFromNativeBuffer(DatagramChannelImpl.java:573)
11-26 11:20:58.074  7891  7929 W System.err: 	at sun.nio.ch.DatagramChannelImpl.send(DatagramChannelImpl.java:550)
11-26 11:20:58.074  7891  7929 W System.err: 	at sun.nio.ch.DatagramChannelImpl.send(DatagramChannelImpl.java:514)
11-26 11:20:58.074  7891  7929 W System.err: 	at symlab.CloudAR.network.TransmissionTask.run(TransmissionTask.java:133)
11-26 11:20:58.074  7891  7929 W System.err: 	at android.os.Handler.handleCallback(Handler.java:907)
11-26 11:20:58.074  7891  7929 W System.err: 	at android.os.Handler.dispatchMessage(Handler.java:105)
11-26 11:20:58.074  7891  7929 W System.err: 	at android.os.Looper.loop(Looper.java:216)
11-26 11:20:58.074  7891  7929 W System.err: 	at android.os.HandlerThread.run(HandlerThread.java:65)
11-26 11:20:58.101  7891  7929 W System.err: java.net.SocketException: Message too long
11-26 11:20:58.101  7891  7929 W System.err: 	at sun.nio.ch.DatagramChannelImpl.send0(Native Method)
11-26 11:20:58.101  7891  7929 W System.err: 	at sun.nio.ch.DatagramChannelImpl.sendFromNativeBuffer(DatagramChannelImpl.java:573)
11-26 11:20:58.101  7891  7929 W System.err: 	at sun.nio.ch.DatagramChannelImpl.send(DatagramChannelImpl.java:550)
11-26 11:20:58.101  7891  7929 W System.err: 	at sun.nio.ch.DatagramChannelImpl.send(DatagramChannelImpl.java:514)
11-26 11:20:58.101  7891  7929 W System.err: 	at symlab.CloudAR.network.TransmissionTask.run(TransmissionTask.java:133)
11-26 11:20:58.101  7891  7929 W System.err: 	at android.os.Handler.handleCallback(Handler.java:907)
11-26 11:20:58.101  7891  7929 W System.err: 	at android.os.Handler.dispatchMessage(Handler.java:105)
11-26 11:20:58.101  7891  7929 W System.err: 	at android.os.Looper.loop(Looper.java:216)
11-26 11:20:58.101  7891  7929 W System.err: 	at android.os.HandlerThread.run(HandlerThread.java:65)
11-26 11:20:58.137  7891  7929 W System.err: java.net.SocketException: Message too long
11-26 11:20:58.137  7891  7929 W System.err: 	at sun.nio.ch.DatagramChannelImpl.send0(Native Method)
11-26 11:20:58.137  7891  7929 W System.err: 	at sun.nio.ch.DatagramChannelImpl.sendFromNativeBuffer(DatagramChannelImpl.java:573)
11-26 11:20:58.137  7891  7929 W System.err: 	at sun.nio.ch.DatagramChannelImpl.send(DatagramChannelImpl.java:550)
11-26 11:20:58.137  7891  7929 W System.err: 	at sun.nio.ch.DatagramChannelImpl.send(DatagramChannelImpl.java:514)
11-26 11:20:58.137  7891  7929 W System.err: 	at symlab.CloudAR.network.TransmissionTask.run(TransmissionTask.java:133)
11-26 11:20:58.137  7891  7929 W System.err: 	at android.os.Handler.handleCallback(Handler.java:907)
11-26 11:20:58.137  7891  7929 W System.err: 	at android.os.Handler.dispatchMessage(Handler.java:105)
11-26 11:20:58.137  7891  7929 W System.err: 	at android.os.Looper.loop(Looper.java:216)
11-26 11:20:58.137  7891  7929 W System.err: 	at android.os.HandlerThread.run(HandlerThread.java:65)
11-26 11:20:58.163  7891  7929 W System.err: java.net.SocketException: Message too long
11-26 11:20:58.163  7891  7929 W System.err: 	at sun.nio.ch.DatagramChannelImpl.send0(Native Method)
11-26 11:20:58.163  7891  7929 W System.err: 	at sun.nio.ch.DatagramChannelImpl.sendFromNativeBuffer(DatagramChannelImpl.java:573)
11-26 11:20:58.163  7891  7929 W System.err: 	at sun.nio.ch.DatagramChannelImpl.send(DatagramChannelImpl.java:550)
11-26 11:20:58.163  7891  7929 W System.err: 	at sun.nio.ch.DatagramChannelImpl.send(DatagramChannelImpl.java:514)
11-26 11:20:58.163  7891  7929 W System.err: 	at symlab.CloudAR.network.TransmissionTask.run(TransmissionTask.java:133)
11-26 11:20:58.163  7891  7929 W System.err: 	at android.os.Handler.handleCallback(Handler.java:907)
11-26 11:20:58.163  7891  7929 W System.err: 	at android.os.Handler.dispatchMessage(Handler.java:105)
11-26 11:20:58.163  7891  7929 W System.err: 	at android.os.Looper.loop(Looper.java:216)
11-26 11:20:58.163  7891  7929 W System.err: 	at android.os.HandlerThread.run(HandlerThread.java:65)
11-26 11:20:58.207  7891  7891 D Poster  : At 1574760058207 location is 65.05840302919083 (latitude), and 25.469101660977024 (longitude)
11-26 11:20:58.207  7891  7929 W System.err: java.net.SocketException: Message too long
11-26 11:20:58.207  7891  7929 W System.err: 	at sun.nio.ch.DatagramChannelImpl.send0(Native Method)
11-26 11:20:58.207  7891  7929 W System.err: 	at sun.nio.ch.DatagramChannelImpl.sendFromNativeBuffer(DatagramChannelImpl.java:573)
11-26 11:20:58.207  7891  7929 W System.err: 	at sun.nio.ch.DatagramChannelImpl.send(DatagramChannelImpl.java:550)
11-26 11:20:58.207  7891  7929 W System.err: 	at sun.nio.ch.DatagramChannelImpl.send(DatagramChannelImpl.java:514)
11-26 11:20:58.207  7891  7929 W System.err: 	at symlab.CloudAR.network.TransmissionTask.run(TransmissionTask.java:133)
11-26 11:20:58.208  7891  7929 W System.err: 	at android.os.Handler.handleCallback(Handler.java:907)
11-26 11:20:58.208  7891  7929 W System.err: 	at android.os.Handler.dispatchMessage(Handler.java:105)
11-26 11:20:58.208  7891  7929 W System.err: 	at android.os.Looper.loop(Looper.java:216)
11-26 11:20:58.208  7891  7929 W System.err: 	at android.os.HandlerThread.run(HandlerThread.java:65)
11-26 11:20:58.208  7891  7891 D Poster  : Connected to mobile network 20
11-26 11:20:58.252  7891  7929 W System.err: java.net.SocketException: Message too long
11-26 11:20:58.252  7891  7929 W System.err: 	at sun.nio.ch.DatagramChannelImpl.send0(Native Method)
11-26 11:20:58.252  7891  7929 W System.err: 	at sun.nio.ch.DatagramChannelImpl.sendFromNativeBuffer(DatagramChannelImpl.java:573)
11-26 11:20:58.252  7891  7929 W System.err: 	at sun.nio.ch.DatagramChannelImpl.send(DatagramChannelImpl.java:550)
11-26 11:20:58.252  7891  7929 W System.err: 	at sun.nio.ch.DatagramChannelImpl.send(DatagramChannelImpl.java:514)
11-26 11:20:58.252  7891  7929 W System.err: 	at symlab.CloudAR.network.TransmissionTask.run(TransmissionTask.java:133)
11-26 11:20:58.252  7891  7929 W System.err: 	at android.os.Handler.handleCallback(Handler.java:907)
11-26 11:20:58.252  7891  7929 W System.err: 	at android.os.Handler.dispatchMessage(Handler.java:105)
11-26 11:20:58.252  7891  7929 W System.err: 	at android.os.Looper.loop(Looper.java:216)
11-26 11:20:58.252  7891  7929 W System.err: 	at android.os.HandlerThread.run(HandlerThread.java:65)
11-26 11:20:58.276  7891  7929 W System.err: java.net.SocketException: Message too long
11-26 11:20:58.276  7891  7929 W System.err: 	at sun.nio.ch.DatagramChannelImpl.send0(Native Method)
11-26 11:20:58.276  7891  7929 W System.err: 	at sun.nio.ch.DatagramChannelImpl.sendFromNativeBuffer(DatagramChannelImpl.java:573)
11-26 11:20:58.276  7891  7929 W System.err: 	at sun.nio.ch.DatagramChannelImpl.send(DatagramChannelImpl.java:550)
11-26 11:20:58.276  7891  7929 W System.err: 	at sun.nio.ch.DatagramChannelImpl.send(DatagramChannelImpl.java:514)
11-26 11:20:58.276  7891  7929 W System.err: 	at symlab.CloudAR.network.TransmissionTask.run(TransmissionTask.java:133)
11-26 11:20:58.276  7891  7929 W System.err: 	at android.os.Handler.handleCallback(Handler.java:907)
11-26 11:20:58.276  7891  7929 W System.err: 	at android.os.Handler.dispatchMessage(Handler.java:105)
11-26 11:20:58.276  7891  7929 W System.err: 	at android.os.Looper.loop(Looper.java:216)
11-26 11:20:58.276  7891  7929 W System.err: 	at android.os.HandlerThread.run(HandlerThread.java:65)
11-26 11:20:58.299  7891  7929 W System.err: java.net.SocketException: Message too long
11-26 11:20:58.299  7891  7929 W System.err: 	at sun.nio.ch.DatagramChannelImpl.send0(Native Method)
11-26 11:20:58.299  7891  7929 W System.err: 	at sun.nio.ch.DatagramChannelImpl.sendFromNativeBuffer(DatagramChannelImpl.java:573)
11-26 11:20:58.299  7891  7929 W System.err: 	at sun.nio.ch.DatagramChannelImpl.send(DatagramChannelImpl.java:550)
11-26 11:20:58.299  7891  7929 W System.err: 	at sun.nio.ch.DatagramChannelImpl.send(DatagramChannelImpl.java:514)
11-26 11:20:58.299  7891  7929 W System.err: 	at symlab.CloudAR.network.TransmissionTask.run(TransmissionTask.java:133)
11-26 11:20:58.299  7891  7929 W System.err: 	at android.os.Handler.handleCallback(Handler.java:907)
11-26 11:20:58.299  7891  7929 W System.err: 	at android.os.Handler.dispatchMessage(Handler.java:105)
11-26 11:20:58.299  7891  7929 W System.err: 	at android.os.Looper.loop(Looper.java:216)
11-26 11:20:58.299  7891  7929 W System.err: 	at android.os.HandlerThread.run(HandlerThread.java:65)
11-26 11:20:58.336  7891  7929 W System.err: java.net.SocketException: Message too long
11-26 11:20:58.337  7891  7929 W System.err: 	at sun.nio.ch.DatagramChannelImpl.send0(Native Method)
11-26 11:20:58.337  7891  7929 W System.err: 	at sun.nio.ch.DatagramChannelImpl.sendFromNativeBuffer(DatagramChannelImpl.java:573)
11-26 11:20:58.337  7891  7929 W System.err: 	at sun.nio.ch.DatagramChannelImpl.send(DatagramChannelImpl.java:550)
11-26 11:20:58.337  7891  7929 W System.err: 	at sun.nio.ch.DatagramChannelImpl.send(DatagramChannelImpl.java:514)
11-26 11:20:58.337  7891  7929 W System.err: 	at symlab.CloudAR.network.TransmissionTask.run(TransmissionTask.java:133)
11-26 11:20:58.337  7891  7929 W System.err: 	at android.os.Handler.handleCallback(Handler.java:907)
11-26 11:20:58.337  7891  7929 W System.err: 	at android.os.Handler.dispatchMessage(Handler.java:105)
11-26 11:20:58.337  7891  7929 W System.err: 	at android.os.Looper.loop(Looper.java:216)
11-26 11:20:58.337  7891  7929 W System.err: 	at android.os.HandlerThread.run(HandlerThread.java:65)
11-26 11:20:58.364  7891  7929 W System.err: java.net.SocketException: Message too long
11-26 11:20:58.364  7891  7929 W System.err: 	at sun.nio.ch.DatagramChannelImpl.send0(Native Method)
11-26 11:20:58.364  7891  7929 W System.err: 	at sun.nio.ch.DatagramChannelImpl.sendFromNativeBuffer(DatagramChannelImpl.java:573)
11-26 11:20:58.364  7891  7929 W System.err: 	at sun.nio.ch.DatagramChannelImpl.send(DatagramChannelImpl.java:550)
11-26 11:20:58.364  7891  7929 W System.err: 	at sun.nio.ch.DatagramChannelImpl.send(DatagramChannelImpl.java:514)
11-26 11:20:58.364  7891  7929 W System.err: 	at symlab.CloudAR.network.TransmissionTask.run(TransmissionTask.java:133)
11-26 11:20:58.364  7891  7929 W System.err: 	at android.os.Handler.handleCallback(Handler.java:907)
11-26 11:20:58.364  7891  7929 W System.err: 	at android.os.Handler.dispatchMessage(Handler.java:105)
11-26 11:20:58.364  7891  7929 W System.err: 	at android.os.Looper.loop(Looper.java:216)
11-26 11:20:58.364  7891  7929 W System.err: 	at android.os.HandlerThread.run(HandlerThread.java:65)
11-26 11:20:58.401  7891  7929 W System.err: java.net.SocketException: Message too long
11-26 11:20:58.401  7891  7929 W System.err: 	at sun.nio.ch.DatagramChannelImpl.send0(Native Method)
11-26 11:20:58.401  7891  7929 W System.err: 	at sun.nio.ch.DatagramChannelImpl.sendFromNativeBuffer(DatagramChannelImpl.java:573)
11-26 11:20:58.401  7891  7929 W System.err: 	at sun.nio.ch.DatagramChannelImpl.send(DatagramChannelImpl.java:550)
11-26 11:20:58.401  7891  7929 W System.err: 	at sun.nio.ch.DatagramChannelImpl.send(DatagramChannelImpl.java:514)
11-26 11:20:58.401  7891  7929 W System.err: 	at symlab.CloudAR.network.TransmissionTask.run(TransmissionTask.java:133)
11-26 11:20:58.401  7891  7929 W System.err: 	at android.os.Handler.handleCallback(Handler.java:907)
11-26 11:20:58.401  7891  7929 W System.err: 	at android.os.Handler.dispatchMessage(Handler.java:105)
11-26 11:20:58.401  7891  7929 W System.err: 	at android.os.Looper.loop(Looper.java:216)
11-26 11:20:58.401  7891  7929 W System.err: 	at android.os.HandlerThread.run(HandlerThread.java:65)
11-26 11:20:58.439  7891  7929 W System.err: java.net.SocketException: Message too long
11-26 11:20:58.439  7891  7929 W System.err: 	at sun.nio.ch.DatagramChannelImpl.send0(Native Method)
11-26 11:20:58.439  7891  7929 W System.err: 	at sun.nio.ch.DatagramChannelImpl.sendFromNativeBuffer(DatagramChannelImpl.java:573)
11-26 11:20:58.439  7891  7929 W System.err: 	at sun.nio.ch.DatagramChannelImpl.send(DatagramChannelImpl.java:550)
11-26 11:20:58.439  7891  7929 W System.err: 	at sun.nio.ch.DatagramChannelImpl.send(DatagramChannelImpl.java:514)
11-26 11:20:58.439  7891  7929 W System.err: 	at symlab.CloudAR.network.TransmissionTask.run(TransmissionTask.java:133)
11-26 11:20:58.439  7891  7929 W System.err: 	at android.os.Handler.handleCallback(Handler.java:907)
11-26 11:20:58.439  7891  7929 W System.err: 	at android.os.Handler.dispatchMessage(Handler.java:105)
11-26 11:20:58.439  7891  7929 W System.err: 	at android.os.Looper.loop(Looper.java:216)
11-26 11:20:58.439  7891  7929 W System.err: 	at android.os.HandlerThread.run(HandlerThread.java:65)
11-26 11:20:58.474  7891  7929 W System.err: java.net.SocketException: Message too long
11-26 11:20:58.474  7891  7929 W System.err: 	at sun.nio.ch.DatagramChannelImpl.send0(Native Method)
11-26 11:20:58.474  7891  7929 W System.err: 	at sun.nio.ch.DatagramChannelImpl.sendFromNativeBuffer(DatagramChannelImpl.java:573)
11-26 11:20:58.474  7891  7929 W System.err: 	at sun.nio.ch.DatagramChannelImpl.send(DatagramChannelImpl.java:550)
11-26 11:20:58.474  7891  7929 W System.err: 	at sun.nio.ch.DatagramChannelImpl.send(DatagramChannelImpl.java:514)
11-26 11:20:58.474  7891  7929 W System.err: 	at symlab.CloudAR.network.TransmissionTask.run(TransmissionTask.java:133)
11-26 11:20:58.474  7891  7929 W System.err: 	at android.os.Handler.handleCallback(Handler.java:907)
11-26 11:20:58.474  7891  7929 W System.err: 	at android.os.Handler.dispatchMessage(Handler.java:105)
11-26 11:20:58.474  7891  7929 W System.err: 	at android.os.Looper.loop(Looper.java:216)
11-26 11:20:58.474  7891  7929 W System.err: 	at android.os.HandlerThread.run(HandlerThread.java:65)
11-26 11:20:58.500  7891  7929 W System.err: java.net.SocketException: Message too long
11-26 11:20:58.501  7891  7929 W System.err: 	at sun.nio.ch.DatagramChannelImpl.send0(Native Method)
11-26 11:20:58.501  7891  7929 W System.err: 	at sun.nio.ch.DatagramChannelImpl.sendFromNativeBuffer(DatagramChannelImpl.java:573)
11-26 11:20:58.501  7891  7929 W System.err: 	at sun.nio.ch.DatagramChannelImpl.send(DatagramChannelImpl.java:550)
11-26 11:20:58.501  7891  7929 W System.err: 	at sun.nio.ch.DatagramChannelImpl.send(DatagramChannelImpl.java:514)
11-26 11:20:58.501  7891  7929 W System.err: 	at symlab.CloudAR.network.TransmissionTask.run(TransmissionTask.java:133)
11-26 11:20:58.501  7891  7929 W System.err: 	at android.os.Handler.handleCallback(Handler.java:907)
11-26 11:20:58.501  7891  7929 W System.err: 	at android.os.Handler.dispatchMessage(Handler.java:105)
11-26 11:20:58.501  7891  7929 W System.err: 	at android.os.Looper.loop(Looper.java:216)
11-26 11:20:58.501  7891  7929 W System.err: 	at android.os.HandlerThread.run(HandlerThread.java:65)
11-26 11:20:58.548  7891  7929 W System.err: java.net.SocketException: Message too long
11-26 11:20:58.548  7891  7929 W System.err: 	at sun.nio.ch.DatagramChannelImpl.send0(Native Method)
11-26 11:20:58.548  7891  7929 W System.err: 	at sun.nio.ch.DatagramChannelImpl.sendFromNativeBuffer(DatagramChannelImpl.java:573)
11-26 11:20:58.548  7891  7929 W System.err: 	at sun.nio.ch.DatagramChannelImpl.send(DatagramChannelImpl.java:550)
11-26 11:20:58.548  7891  7929 W System.err: 	at sun.nio.ch.DatagramChannelImpl.send(DatagramChannelImpl.java:514)
11-26 11:20:58.548  7891  7929 W System.err: 	at symlab.CloudAR.network.TransmissionTask.run(TransmissionTask.java:133)
11-26 11:20:58.548  7891  7929 W System.err: 	at android.os.Handler.handleCallback(Handler.java:907)
11-26 11:20:58.548  7891  7929 W System.err: 	at android.os.Handler.dispatchMessage(Handler.java:105)
11-26 11:20:58.548  7891  7929 W System.err: 	at android.os.Looper.loop(Looper.java:216)
11-26 11:20:58.548  7891  7929 W System.err: 	at android.os.HandlerThread.run(HandlerThread.java:65)
11-26 11:20:58.570  7891  7906 E         : [ZeroHung]zrhung_get_config: Get config failed for wp[0x0008]
11-26 11:20:58.570  7891  7929 W System.err: java.net.SocketException: Message too long
11-26 11:20:58.571  7891  7929 W System.err: 	at sun.nio.ch.DatagramChannelImpl.send0(Native Method)
