--------- beginning of main
11-26 12:16:35.129 16979 16979 W logcat  : type=1400 audit(0.0:5116): avc: granted { create } for name="logcat_1574763395118.txt" scontext=u:r:untrusted_app:s0:c147,c256,c512,c768 tcontext=u:object_r:sdcardfs:s0:c147,c256,c512,c768 tclass=file
11-26 12:16:35.129 16957 16981 E         : [ZeroHung]zrhung_get_config: Get config failed for wp[0x0102]
11-26 12:16:35.129 16957 16981 W ZrHung.AppEyeUiProbe: Failed to get config from zrhung
11-26 12:16:35.131 16957 16957 I MultiDex: Installing application
11-26 12:16:35.131 16957 16957 I MultiDex: VM has multidex support, MultiDex support library is disabled.
--------- beginning of system
11-26 12:16:35.133 16957 16957 V ActivityThread: callActivityOnCreate
11-26 12:16:35.133 16957 16957 I Poster  :  onCreate() called.
11-26 12:16:35.136 16957 16957 I HwApsImpl: APS: new HwApsImpl created
11-26 12:16:35.143 16957 16957 V HwWidgetFactory: : successes to get AllImpl object and return....
11-26 12:16:35.150 16957 16957 D OpenGLRenderer: Skia GL Pipeline
11-26 12:16:35.170 16957 16957 D Poster  : Server details are IP 193.166.28.132 and port 52727
11-26 12:16:35.175 16957 16957 D Poster  : Server bound to IP 193.166.28.132 and port 52727
11-26 12:16:35.177 16957 16957 D ActivityThread: add activity client record, r= ActivityRecord{66ded26 token=android.os.BinderProxy@bd38949 {symlab.cloudridar.arhud/symlab.ARHUD.MainActivity}} token= android.os.BinderProxy@bd38949
11-26 12:16:35.180 16957 16957 I Poster  :  onStart() called.
11-26 12:16:35.180 16957 16957 D ZrHung.AppEyeUiProbe: notify runnable to start.
11-26 12:16:35.181 16957 16957 I Poster  :  onResume() called.
11-26 12:16:35.186 16957 16957 I PermissionManager: camera remind result:true
11-26 12:16:35.186 16957 16957 I Camera  : open camera: 0, package name: symlab.cloudridar.arhud
11-26 12:16:35.186 16957 16957 I BackgroundPermManager: pkgName: symlab.cloudridar.arhud,pid: 16957 ,uidOf3RdApk: 10147 ,permType: 0 ,permCfg: 1
11-26 12:16:35.187 16957 16957 I HwCameraUtil: notifySurfaceFlingerCameraStatus : isFront = false , isOpend = true
11-26 12:16:35.196 16957 16957 D ActivityThread: isOptEnabled=false isWechatScanOpt=false
11-26 12:16:35.199 16957 16957 I HwSecImmHelper: mSecurityInputMethodService is null
11-26 12:16:35.211 16957 16957 D OpenGLRenderer:   HWUI Binary is  enabled
11-26 12:16:35.235 16957 17009 D HiTouch_PressGestureDetector: onAttached, package=symlab.cloudridar.arhud, windowType=1, mHiTouchRestricted=false
11-26 12:16:35.257 16957 17007 I ConfigStore: android::hardware::configstore::V1_0::ISurfaceFlingerConfigs::hasWideColorDisplay retrieved: 0
11-26 12:16:35.257 16957 17007 I ConfigStore: android::hardware::configstore::V1_0::ISurfaceFlingerConfigs::hasHDRDisplay retrieved: 0
11-26 12:16:35.258 16957 17007 I iGraphics: [0020080c] pn: symlab.cloudridar.arhud, p: 16957
11-26 12:16:35.258 16957 17007 I OpenGLRenderer: Initialized EGL, version 1.4, mEglDisplay 0x1
11-26 12:16:35.258 16957 17007 D OpenGLRenderer: Swap behavior 2
11-26 12:16:35.267 16957 17007 D mali_winsys: EGLint new_window_surface(egl_winsys_display *, void *, EGLSurface, EGLConfig, egl_winsys_surface **, EGLBoolean) returns 0x3000
11-26 12:16:35.269 16957 16957 I Poster  :  surfaceCreated() called.
11-26 12:16:35.269 16957 16957 I Poster  : initPreview() called
11-26 12:16:35.274 16957 16957 I PermissionManager: camera remind result:true
11-26 12:16:35.278 16957 16957 I Poster  :  surfaceChanged() called.
11-26 12:16:35.279 16957 16957 D Poster  : At 1574763395279 location is 65.058074145174 (latitude), and 25.46871746890538 (longitude)
11-26 12:16:35.281 16957 16957 D Poster  : Connected to mobile network 20
11-26 12:16:35.306 16957 16957 W InputMethodManager: startInputReason = 1
11-26 12:16:35.317 16957 16957 W InputMethodManager: startInputReason = 5
11-26 12:16:36.193 16957 16957 D Poster  : At 1574763396193 location is 65.05805874762099 (latitude), and 25.468719065438254 (longitude)
11-26 12:16:36.194 16957 16957 D Poster  : Connected to mobile network 20
11-26 12:16:36.222 16957 16968 E         : [ZeroHung]zrhung_get_config: Get config failed for wp[0x0008]
11-26 12:16:36.232 16957 16966 W System  : A resource failed to call close. 
11-26 12:16:36.233 16957 16966 I chatty  : uid=10147(symlab.cloudridar.arhud) FinalizerDaemon identical 17 lines
11-26 12:16:36.233 16957 16966 W System  : A resource failed to call close. 
11-26 12:16:37.216 16957 16957 D Poster  : At 1574763397216 location is 65.05804385886688 (latitude), and 25.46872805227239 (longitude)
11-26 12:16:37.220 16957 16957 D Poster  : Connected to mobile network 20
11-26 12:16:38.035 16957 16968 E         : [ZeroHung]zrhung_get_config: Get config failed for wp[0x0008]
11-26 12:16:38.055 16957 16966 W System  : A resource failed to call close. 
11-26 12:16:38.058 16957 16966 I chatty  : uid=10147(symlab.cloudridar.arhud) FinalizerDaemon identical 46 lines
11-26 12:16:38.058 16957 16966 W System  : A resource failed to call close. 
11-26 12:16:38.207 16957 16957 D Poster  : At 1574763398207 location is 65.05801699206616 (latitude), and 25.468723837639708 (longitude)
11-26 12:16:38.209 16957 16957 D Poster  : Connected to mobile network 20
11-26 12:16:38.892 16957 16957 D stylus  : init stylus touchlistener.
11-26 12:16:38.898 16957 16957 W Settings: Setting device_provisioned has moved from android.provider.Settings.Secure to android.provider.Settings.Global.
11-26 12:16:38.899 16957 16957 V HiTouch_HiTouchSensor: User setup is finished.
11-26 12:16:38.994 16957 16957 W HiTouch_PressGestureDetector: Touch pointer move a lot. The moving distance of X is:17.382233, limit is:60The moving distance of Y is:87.94177, limit is:60
11-26 12:16:39.227 16957 16957 D Poster  : At 1574763399227 location is 65.0580153084309 (latitude), and 25.468784190604225 (longitude)
11-26 12:16:39.229 16957 16957 D Poster  : Connected to mobile network 20
11-26 12:16:39.638 16957 16968 E         : [ZeroHung]zrhung_get_config: Get config failed for wp[0x0008]
11-26 12:16:39.654 16957 16966 W System  : A resource failed to call close. 
11-26 12:16:39.656 16957 16966 I chatty  : uid=10147(symlab.cloudridar.arhud) FinalizerDaemon identical 37 lines
11-26 12:16:39.656 16957 16966 W System  : A resource failed to call close. 
11-26 12:16:40.117 16957 16957 I AwareBitmapCacher: init lrucache size: 2097152 pid=16957
11-26 12:16:40.209 16957 16957 D Poster  : At 1574763400209 location is 65.05801543651845 (latitude), and 25.4687795993012 (longitude)
11-26 12:16:40.212 16957 16957 D Poster  : Connected to mobile network 20
11-26 12:16:41.156 16957 16968 E         : [ZeroHung]zrhung_get_config: Get config failed for wp[0x0008]
11-26 12:16:41.171 16957 16966 W System  : A resource failed to call close. 
11-26 12:16:41.172 16957 16966 I chatty  : uid=10147(symlab.cloudridar.arhud) FinalizerDaemon identical 12 lines
11-26 12:16:41.172 16957 16966 W System  : A resource failed to call close. 
11-26 12:16:41.172 16957 16966 W System  : A resource failed to call close. 
11-26 12:16:41.172 16957 16966 W System  : A resource failed to call close. 
11-26 12:16:41.172 16957 16966 W System  : A resource failed to call close. 
11-26 12:16:41.172 16957 16966 W System  : A resource failed to call close. 
11-26 12:16:41.172 16957 16966 W System  : A resource failed to call close. 
11-26 12:16:41.172 16957 16966 W System  : A resource failed to call close. 
11-26 12:16:41.172 16957 16966 W System  : A resource failed to call close. 
11-26 12:16:41.172 16957 16966 W System  : A resource failed to call close. 
11-26 12:16:41.175 16957 16966 W System  : A resource failed to call close. 
11-26 12:16:41.175 16957 16966 I chatty  : uid=10147(symlab.cloudridar.arhud) FinalizerDaemon identical 4 lines
11-26 12:16:41.175 16957 16966 W System  : A resource failed to call close. 
11-26 12:16:41.175 16957 16966 W System  : A resource failed to call close. 
11-26 12:16:41.176 16957 16966 I chatty  : uid=10147(symlab.cloudridar.arhud) FinalizerDaemon identical 7 lines
11-26 12:16:41.176 16957 16966 W System  : A resource failed to call close. 
11-26 12:16:41.215 16957 16957 D Poster  : At 1574763401215 location is 65.05799871564246 (latitude), and 25.46875697054039 (longitude)
11-26 12:16:41.217 16957 16957 D Poster  : Connected to mobile network 20
11-26 12:16:42.213 16957 16957 D Poster  : At 1574763402213 location is 65.05798314368202 (latitude), and 25.468742609781085 (longitude)
11-26 12:16:42.215 16957 16957 D Poster  : Connected to mobile network 20
11-26 12:16:42.589 16957 16968 E         : [ZeroHung]zrhung_get_config: Get config failed for wp[0x0008]
11-26 12:16:42.607 16957 16966 W System  : A resource failed to call close. 
11-26 12:16:42.609 16957 16966 I chatty  : uid=10147(symlab.cloudridar.arhud) FinalizerDaemon identical 34 lines
11-26 12:16:42.609 16957 16966 W System  : A resource failed to call close. 
11-26 12:16:43.214 16957 16957 D Poster  : At 1574763403214 location is 65.05797843804815 (latitude), and 25.468713876111952 (longitude)
11-26 12:16:43.216 16957 16957 D Poster  : Connected to mobile network 20
11-26 12:16:43.998 16957 16968 E         : [ZeroHung]zrhung_get_config: Get config failed for wp[0x0008]
11-26 12:16:44.026 16957 16966 W System  : A resource failed to call close. 
11-26 12:16:44.029 16957 16966 I chatty  : uid=10147(symlab.cloudridar.arhud) FinalizerDaemon identical 32 lines
11-26 12:16:44.029 16957 16966 W System  : A resource failed to call close. 
11-26 12:16:44.215 16957 16957 D Poster  : At 1574763404214 location is 65.05797292785488 (latitude), and 25.468713632888512 (longitude)
11-26 12:16:44.218 16957 16957 D Poster  : Connected to mobile network 20
11-26 12:16:45.214 16957 16957 D Poster  : At 1574763405214 location is 65.05796519176576 (latitude), and 25.468706194972036 (longitude)
11-26 12:16:45.217 16957 16957 D Poster  : Connected to mobile network 20
11-26 12:16:45.966 16957 16968 E         : [ZeroHung]zrhung_get_config: Get config failed for wp[0x0008]
11-26 12:16:45.991 16957 16966 W System  : A resource failed to call close. 
11-26 12:16:45.998 16957 16966 I chatty  : uid=10147(symlab.cloudridar.arhud) FinalizerDaemon identical 46 lines
11-26 12:16:45.998 16957 16966 W System  : A resource failed to call close. 
11-26 12:16:46.221 16957 16957 D Poster  : At 1574763406220 location is 65.05795448793766 (latitude), and 25.46871086863639 (longitude)
11-26 12:16:46.225 16957 16957 D Poster  : Connected to mobile network 20
11-26 12:16:47.215 16957 16957 D Poster  : At 1574763407215 location is 65.05795071768634 (latitude), and 25.468741226899358 (longitude)
11-26 12:16:47.217 16957 16957 D Poster  : Connected to mobile network 20
11-26 12:16:48.221 16957 16957 D Poster  : At 1574763408220 location is 65.05794258738686 (latitude), and 25.468734207461985 (longitude)
11-26 12:16:48.224 16957 16957 D Poster  : Connected to mobile network 20
11-26 12:16:48.415 16957 16968 E         : [ZeroHung]zrhung_get_config: Get config failed for wp[0x0008]
11-26 12:16:48.436 16957 16966 W System  : A resource failed to call close. 
11-26 12:16:48.444 16957 16966 I chatty  : uid=10147(symlab.cloudridar.arhud) FinalizerDaemon identical 49 lines
11-26 12:16:48.444 16957 16966 W System  : A resource failed to call close. 
11-26 12:16:49.233 16957 16957 D Poster  : At 1574763409233 location is 65.05793333552712 (latitude), and 25.46871781629339 (longitude)
11-26 12:16:49.241 16957 16957 D Poster  : Connected to mobile network 20
11-26 12:16:50.219 16957 16957 D Poster  : At 1574763410219 location is 65.05793159126699 (latitude), and 25.468728182863384 (longitude)
11-26 12:16:50.221 16957 16957 D Poster  : Connected to mobile network 20
11-26 12:16:51.223 16957 16957 D Poster  : At 1574763411223 location is 65.05792433268181 (latitude), and 25.46875167464298 (longitude)
11-26 12:16:51.225 16957 16957 D Poster  : Connected to mobile network 20
11-26 12:16:51.271 16957 16968 E         : [ZeroHung]zrhung_get_config: Get config failed for wp[0x0008]
11-26 12:16:51.292 16957 16966 W System  : A resource failed to call close. 
11-26 12:16:51.294 16957 16966 I chatty  : uid=10147(symlab.cloudridar.arhud) FinalizerDaemon identical 15 lines
11-26 12:16:51.294 16957 16966 W System  : A resource failed to call close. 
11-26 12:16:51.294 16957 16966 W System  : A resource failed to call close. 
11-26 12:16:51.294 16957 16966 W System  : A resource failed to call close. 
11-26 12:16:51.297 16957 16966 W System  : A resource failed to call close. 
11-26 12:16:51.298 16957 16966 I chatty  : uid=10147(symlab.cloudridar.arhud) FinalizerDaemon identical 6 lines
11-26 12:16:51.298 16957 16966 W System  : A resource failed to call close. 
11-26 12:16:51.298 16957 16966 W System  : A resource failed to call close. 
11-26 12:16:51.298 16957 16966 I chatty  : uid=10147(symlab.cloudridar.arhud) FinalizerDaemon identical 1 line
11-26 12:16:51.298 16957 16966 W System  : A resource failed to call close. 
11-26 12:16:51.298 16957 16966 W System  : A resource failed to call close. 
11-26 12:16:51.301 16957 16966 I chatty  : uid=10147(symlab.cloudridar.arhud) FinalizerDaemon identical 24 lines
11-26 12:16:51.301 16957 16966 W System  : A resource failed to call close. 
11-26 12:16:51.301 16957 16966 W System  : A resource failed to call close. 
11-26 12:16:51.301 16957 16966 W System  : A resource failed to call close. 
11-26 12:16:52.230 16957 16957 D Poster  : At 1574763412230 location is 65.05792177241301 (latitude), and 25.468767204954478 (longitude)
11-26 12:16:52.232 16957 16957 D Poster  : Connected to mobile network 20
11-26 12:16:53.245 16957 16957 D Poster  : At 1574763413244 location is 65.05792149983434 (latitude), and 25.468776975021587 (longitude)
11-26 12:16:53.247 16957 16957 D Poster  : Connected to mobile network 20
11-26 12:16:53.859 16957 16968 E         : [ZeroHung]zrhung_get_config: Get config failed for wp[0x0008]
11-26 12:16:53.886 16957 16966 W System  : A resource failed to call close. 
11-26 12:16:53.893 16957 16966 I chatty  : uid=10147(symlab.cloudridar.arhud) FinalizerDaemon identical 49 lines
11-26 12:16:53.893 16957 16966 W System  : A resource failed to call close. 
11-26 12:16:54.228 16957 16957 D Poster  : At 1574763414228 location is 65.0579212479667 (latitude), and 25.46878600223351 (longitude)
11-26 12:16:54.231 16957 16957 D Poster  : Connected to mobile network 20
11-26 12:16:55.233 16957 16957 D Poster  : At 1574763415233 location is 65.05792611922811 (latitude), and 25.468791022683657 (longitude)
11-26 12:16:55.237 16957 16957 D Poster  : Connected to mobile network 20
11-26 12:16:55.876 16957 16968 E         : [ZeroHung]zrhung_get_config: Get config failed for wp[0x0008]
11-26 12:16:55.893 16957 16966 W System  : A resource failed to call close. 
11-26 12:16:55.896 16957 16966 I chatty  : uid=10147(symlab.cloudridar.arhud) FinalizerDaemon identical 43 lines
11-26 12:16:55.896 16957 16966 W System  : A resource failed to call close. 
11-26 12:16:56.221 16957 16957 D Poster  : At 1574763416220 location is 65.0579275442629 (latitude), and 25.46881977033235 (longitude)
11-26 12:16:56.223 16957 16957 D Poster  : Connected to mobile network 20
11-26 12:16:56.848 16957 16957 I Poster  :  onPause() called.
11-26 12:16:56.952 16957 16957 I Camera  : close camera: 0, package name: symlab.cloudridar.arhud
11-26 12:16:56.952 16957 16957 I BackgroundPermManager: pkgName: symlab.cloudridar.arhud,pid: 16957 ,uidOf3RdApk: 10147 ,permType: 0 ,permCfg: 0
11-26 12:16:56.956 16957 16957 I HwCameraUtil: notifySurfaceFlingerCameraStatus : isFront = false , isOpend = false
11-26 12:16:57.054 16957 16957 D ZrHung.AppEyeUiProbe: stop checker.
11-26 12:16:57.065 16957 16957 I Poster  :  surfaceDestroyed() called.
11-26 12:16:57.065 16957 16957 D ViewRootImpl[MainActivity]: surface should not be released
11-26 12:16:57.066 16957 16957 I Poster  :  onStop() called.
11-26 12:16:57.136 16957 16981 D ZrHung.AppEyeUiProbe: Current Activity:false
11-26 12:16:57.136 16957 16981 D ZrHung.AppEyeUiProbe: not watching, wait.
