--------- beginning of main
11-26 11:20:39.545  7918  7918 W logcat  : type=1400 audit(0.0:69960): avc: granted { create } for name="logcat_1574760039533.txt" scontext=u:r:untrusted_app:s0:c147,c256,c512,c768 tcontext=u:object_r:sdcardfs:s0:c147,c256,c512,c768 tclass=file
11-26 11:20:39.546  7891  7891 I MultiDex: Installing application
11-26 11:20:39.546  7891  7891 I MultiDex: VM has multidex support, MultiDex support library is disabled.
--------- beginning of system
11-26 11:20:39.549  7891  7891 V ActivityThread: callActivityOnCreate
11-26 11:20:39.549  7891  7891 I Poster  :  onCreate() called.
11-26 11:20:39.552  7891  7891 I HwApsImpl: APS: new HwApsImpl created
11-26 11:20:39.558  7891  7891 V HwWidgetFactory: : successes to get AllImpl object and return....
11-26 11:20:39.565  7891  7891 D OpenGLRenderer: Skia GL Pipeline
11-26 11:20:39.584  7891  7891 D Poster  : Server details are IP 193.166.28.132 and port 52727
11-26 11:20:39.589  7891  7891 D Poster  : Server bound to IP 193.166.28.132 and port 52727
11-26 11:20:39.594  7891  7891 D ActivityThread: add activity client record, r= ActivityRecord{a00892 token=android.os.BinderProxy@a805765 {symlab.cloudridar.arhud/symlab.ARHUD.MainActivity}} token= android.os.BinderProxy@a805765
11-26 11:20:39.596  7891  7891 I Poster  :  onStart() called.
11-26 11:20:39.597  7891  7891 D ZrHung.AppEyeUiProbe: notify runnable to start.
11-26 11:20:39.598  7891  7891 I Poster  :  onResume() called.
11-26 11:20:39.602  7891  7891 I PermissionManager: camera remind result:true
11-26 11:20:39.602  7891  7891 I Camera  : open camera: 0, package name: symlab.cloudridar.arhud
11-26 11:20:39.602  7891  7891 I BackgroundPermManager: pkgName: symlab.cloudridar.arhud,pid: 7891 ,uidOf3RdApk: 10147 ,permType: 0 ,permCfg: 1
11-26 11:20:39.603  7891  7891 I HwCameraUtil: notifySurfaceFlingerCameraStatus : isFront = false , isOpend = true
11-26 11:20:39.614  7891  7891 D ActivityThread: isOptEnabled=false isWechatScanOpt=false
11-26 11:20:39.616  7891  7891 I HwSecImmHelper: mSecurityInputMethodService is null
11-26 11:20:39.624  7891  7891 D OpenGLRenderer:   HWUI Binary is  enabled
11-26 11:20:39.642  7891  7948 D HiTouch_PressGestureDetector: onAttached, package=symlab.cloudridar.arhud, windowType=1, mHiTouchRestricted=false
11-26 11:20:39.652  7891  7947 I ConfigStore: android::hardware::configstore::V1_0::ISurfaceFlingerConfigs::hasWideColorDisplay retrieved: 0
11-26 11:20:39.652  7891  7947 I ConfigStore: android::hardware::configstore::V1_0::ISurfaceFlingerConfigs::hasHDRDisplay retrieved: 0
11-26 11:20:39.653  7891  7947 I iGraphics: [0020080c] pn: symlab.cloudridar.arhud, p: 7891
11-26 11:20:39.653  7891  7947 I OpenGLRenderer: Initialized EGL, version 1.4, mEglDisplay 0x1
11-26 11:20:39.653  7891  7947 D OpenGLRenderer: Swap behavior 2
11-26 11:20:39.666  7891  7947 D mali_winsys: EGLint new_window_surface(egl_winsys_display *, void *, EGLSurface, EGLConfig, egl_winsys_surface **, EGLBoolean) returns 0x3000
11-26 11:20:39.673  7891  7891 I Poster  :  surfaceCreated() called.
11-26 11:20:39.673  7891  7891 I Poster  : initPreview() called
11-26 11:20:39.674  7891  7906 E         : [ZeroHung]zrhung_get_config: Get config failed for wp[0x0008]
11-26 11:20:39.678  7891  7891 I PermissionManager: camera remind result:true
11-26 11:20:39.683  7891  7891 I Poster  :  surfaceChanged() called.
11-26 11:20:39.702  7891  7904 W System  : A resource failed to call close. 
11-26 11:20:39.705  7891  7891 W InputMethodManager: startInputReason = 1
11-26 11:20:39.730  7891  7891 W InputMethodManager: startInputReason = 5
11-26 11:20:39.751  7891  7891 D stylus  : init stylus touchlistener.
11-26 11:20:39.755  7891  7891 W Settings: Setting device_provisioned has moved from android.provider.Settings.Secure to android.provider.Settings.Global.
11-26 11:20:39.755  7891  7891 V HiTouch_HiTouchSensor: User setup is finished.
11-26 11:20:40.183  7891  7929 W System.err: java.net.SocketException: Message too long
11-26 11:20:40.184  7891  7929 W System.err: 	at sun.nio.ch.DatagramChannelImpl.send0(Native Method)
11-26 11:20:40.184  7891  7929 W System.err: 	at sun.nio.ch.DatagramChannelImpl.sendFromNativeBuffer(DatagramChannelImpl.java:573)
11-26 11:20:40.184  7891  7929 W System.err: 	at sun.nio.ch.DatagramChannelImpl.send(DatagramChannelImpl.java:550)
11-26 11:20:40.184  7891  7929 W System.err: 	at sun.nio.ch.DatagramChannelImpl.send(DatagramChannelImpl.java:514)
11-26 11:20:40.184  7891  7929 W System.err: 	at symlab.CloudAR.network.TransmissionTask.run(TransmissionTask.java:133)
11-26 11:20:40.184  7891  7929 W System.err: 	at android.os.Handler.handleCallback(Handler.java:907)
11-26 11:20:40.184  7891  7929 W System.err: 	at android.os.Handler.dispatchMessage(Handler.java:105)
11-26 11:20:40.184  7891  7929 W System.err: 	at android.os.Looper.loop(Looper.java:216)
11-26 11:20:40.184  7891  7929 W System.err: 	at android.os.HandlerThread.run(HandlerThread.java:65)
11-26 11:20:40.196  7891  7891 D Poster  : At 1574760040196 location is 65.0584039766086 (latitude), and 25.46910200487428 (longitude)
11-26 11:20:40.199  7891  7891 D Poster  : Connected to mobile network 20
11-26 11:20:40.386  7891  7929 W System.err: java.net.SocketException: Message too long
11-26 11:20:40.386  7891  7929 W System.err: 	at sun.nio.ch.DatagramChannelImpl.send0(Native Method)
11-26 11:20:40.386  7891  7929 W System.err: 	at sun.nio.ch.DatagramChannelImpl.sendFromNativeBuffer(DatagramChannelImpl.java:573)
11-26 11:20:40.386  7891  7929 W System.err: 	at sun.nio.ch.DatagramChannelImpl.send(DatagramChannelImpl.java:550)
11-26 11:20:40.386  7891  7929 W System.err: 	at sun.nio.ch.DatagramChannelImpl.send(DatagramChannelImpl.java:514)
11-26 11:20:40.386  7891  7929 W System.err: 	at symlab.CloudAR.network.TransmissionTask.run(TransmissionTask.java:133)
11-26 11:20:40.386  7891  7929 W System.err: 	at android.os.Handler.handleCallback(Handler.java:907)
11-26 11:20:40.386  7891  7929 W System.err: 	at android.os.Handler.dispatchMessage(Handler.java:105)
11-26 11:20:40.386  7891  7929 W System.err: 	at android.os.Looper.loop(Looper.java:216)
11-26 11:20:40.386  7891  7929 W System.err: 	at android.os.HandlerThread.run(HandlerThread.java:65)
11-26 11:20:40.657  7891  7929 W System.err: java.net.SocketException: Message too long
11-26 11:20:40.658  7891  7929 W System.err: 	at sun.nio.ch.DatagramChannelImpl.send0(Native Method)
11-26 11:20:40.658  7891  7929 W System.err: 	at sun.nio.ch.DatagramChannelImpl.sendFromNativeBuffer(DatagramChannelImpl.java:573)
11-26 11:20:40.658  7891  7929 W System.err: 	at sun.nio.ch.DatagramChannelImpl.send(DatagramChannelImpl.java:550)
11-26 11:20:40.658  7891  7929 W System.err: 	at sun.nio.ch.DatagramChannelImpl.send(DatagramChannelImpl.java:514)
11-26 11:20:40.658  7891  7929 W System.err: 	at symlab.CloudAR.network.TransmissionTask.run(TransmissionTask.java:133)
11-26 11:20:40.658  7891  7929 W System.err: 	at android.os.Handler.handleCallback(Handler.java:907)
11-26 11:20:40.658  7891  7929 W System.err: 	at android.os.Handler.dispatchMessage(Handler.java:105)
11-26 11:20:40.658  7891  7929 W System.err: 	at android.os.Looper.loop(Looper.java:216)
11-26 11:20:40.658  7891  7929 W System.err: 	at android.os.HandlerThread.run(HandlerThread.java:65)
11-26 11:20:40.688  7891  7929 W System.err: java.net.SocketException: Message too long
11-26 11:20:40.688  7891  7929 W System.err: 	at sun.nio.ch.DatagramChannelImpl.send0(Native Method)
11-26 11:20:40.688  7891  7929 W System.err: 	at sun.nio.ch.DatagramChannelImpl.sendFromNativeBuffer(DatagramChannelImpl.java:573)
11-26 11:20:40.688  7891  7929 W System.err: 	at sun.nio.ch.DatagramChannelImpl.send(DatagramChannelImpl.java:550)
11-26 11:20:40.688  7891  7929 W System.err: 	at sun.nio.ch.DatagramChannelImpl.send(DatagramChannelImpl.java:514)
11-26 11:20:40.688  7891  7929 W System.err: 	at symlab.CloudAR.network.TransmissionTask.run(TransmissionTask.java:133)
11-26 11:20:40.688  7891  7929 W System.err: 	at android.os.Handler.handleCallback(Handler.java:907)
11-26 11:20:40.688  7891  7929 W System.err: 	at android.os.Handler.dispatchMessage(Handler.java:105)
11-26 11:20:40.688  7891  7929 W System.err: 	at android.os.Looper.loop(Looper.java:216)
11-26 11:20:40.688  7891  7929 W System.err: 	at android.os.HandlerThread.run(HandlerThread.java:65)
11-26 11:20:40.721  7891  7929 W System.err: java.net.SocketException: Message too long
11-26 11:20:40.721  7891  7929 W System.err: 	at sun.nio.ch.DatagramChannelImpl.send0(Native Method)
11-26 11:20:40.721  7891  7929 W System.err: 	at sun.nio.ch.DatagramChannelImpl.sendFromNativeBuffer(DatagramChannelImpl.java:573)
11-26 11:20:40.721  7891  7929 W System.err: 	at sun.nio.ch.DatagramChannelImpl.send(DatagramChannelImpl.java:550)
11-26 11:20:40.721  7891  7929 W System.err: 	at sun.nio.ch.DatagramChannelImpl.send(DatagramChannelImpl.java:514)
11-26 11:20:40.721  7891  7929 W System.err: 	at symlab.CloudAR.network.TransmissionTask.run(TransmissionTask.java:133)
11-26 11:20:40.721  7891  7929 W System.err: 	at android.os.Handler.handleCallback(Handler.java:907)
11-26 11:20:40.721  7891  7929 W System.err: 	at android.os.Handler.dispatchMessage(Handler.java:105)
11-26 11:20:40.721  7891  7929 W System.err: 	at android.os.Looper.loop(Looper.java:216)
11-26 11:20:40.721  7891  7929 W System.err: 	at android.os.HandlerThread.run(HandlerThread.java:65)
11-26 11:20:40.867  7891  7929 W System.err: java.net.SocketException: Message too long
11-26 11:20:40.868  7891  7929 W System.err: 	at sun.nio.ch.DatagramChannelImpl.send0(Native Method)
11-26 11:20:40.868  7891  7929 W System.err: 	at sun.nio.ch.DatagramChannelImpl.sendFromNativeBuffer(DatagramChannelImpl.java:573)
11-26 11:20:40.868  7891  7929 W System.err: 	at sun.nio.ch.DatagramChannelImpl.send(DatagramChannelImpl.java:550)
11-26 11:20:40.868  7891  7929 W System.err: 	at sun.nio.ch.DatagramChannelImpl.send(DatagramChannelImpl.java:514)
11-26 11:20:40.868  7891  7929 W System.err: 	at symlab.CloudAR.network.TransmissionTask.run(TransmissionTask.java:133)
11-26 11:20:40.868  7891  7929 W System.err: 	at android.os.Handler.handleCallback(Handler.java:907)
11-26 11:20:40.868  7891  7929 W System.err: 	at android.os.Handler.dispatchMessage(Handler.java:105)
11-26 11:20:40.868  7891  7929 W System.err: 	at android.os.Looper.loop(Looper.java:216)
11-26 11:20:40.868  7891  7929 W System.err: 	at android.os.HandlerThread.run(HandlerThread.java:65)
11-26 11:20:40.907  7891  7929 W System.err: java.net.SocketException: Message too long
11-26 11:20:40.907  7891  7929 W System.err: 	at sun.nio.ch.DatagramChannelImpl.send0(Native Method)
11-26 11:20:40.907  7891  7929 W System.err: 	at sun.nio.ch.DatagramChannelImpl.sendFromNativeBuffer(DatagramChannelImpl.java:573)
11-26 11:20:40.907  7891  7929 W System.err: 	at sun.nio.ch.DatagramChannelImpl.send(DatagramChannelImpl.java:550)
11-26 11:20:40.907  7891  7929 W System.err: 	at sun.nio.ch.DatagramChannelImpl.send(DatagramChannelImpl.java:514)
11-26 11:20:40.907  7891  7929 W System.err: 	at symlab.CloudAR.network.TransmissionTask.run(TransmissionTask.java:133)
11-26 11:20:40.907  7891  7929 W System.err: 	at android.os.Handler.handleCallback(Handler.java:907)
11-26 11:20:40.907  7891  7929 W System.err: 	at android.os.Handler.dispatchMessage(Handler.java:105)
11-26 11:20:40.907  7891  7929 W System.err: 	at android.os.Looper.loop(Looper.java:216)
11-26 11:20:40.907  7891  7929 W System.err: 	at android.os.HandlerThread.run(HandlerThread.java:65)
11-26 11:20:40.976  7891  7906 E         : [ZeroHung]zrhung_get_config: Get config failed for wp[0x0008]
11-26 11:20:40.995  7891  7904 W System  : A resource failed to call close. 
11-26 11:20:40.997  7891  7904 I chatty  : uid=10147(symlab.cloudridar.arhud) FinalizerDaemon identical 20 lines
11-26 11:20:40.997  7891  7904 W System  : A resource failed to call close. 
11-26 11:20:41.196  7891  7891 D Poster  : At 1574760041196 location is 65.05840326883063 (latitude), and 25.469097495962924 (longitude)
11-26 11:20:41.198  7891  7891 D Poster  : Connected to mobile network 20
11-26 11:20:41.362  7891  7929 W System.err: java.net.SocketException: Message too long
11-26 11:20:41.362  7891  7929 W System.err: 	at sun.nio.ch.DatagramChannelImpl.send0(Native Method)
11-26 11:20:41.362  7891  7929 W System.err: 	at sun.nio.ch.DatagramChannelImpl.sendFromNativeBuffer(DatagramChannelImpl.java:573)
11-26 11:20:41.362  7891  7929 W System.err: 	at sun.nio.ch.DatagramChannelImpl.send(DatagramChannelImpl.java:550)
11-26 11:20:41.362  7891  7929 W System.err: 	at sun.nio.ch.DatagramChannelImpl.send(DatagramChannelImpl.java:514)
11-26 11:20:41.362  7891  7929 W System.err: 	at symlab.CloudAR.network.TransmissionTask.run(TransmissionTask.java:133)
11-26 11:20:41.362  7891  7929 W System.err: 	at android.os.Handler.handleCallback(Handler.java:907)
11-26 11:20:41.362  7891  7929 W System.err: 	at android.os.Handler.dispatchMessage(Handler.java:105)
11-26 11:20:41.362  7891  7929 W System.err: 	at android.os.Looper.loop(Looper.java:216)
11-26 11:20:41.362  7891  7929 W System.err: 	at android.os.HandlerThread.run(HandlerThread.java:65)
11-26 11:20:41.385  7891  7929 W System.err: java.net.SocketException: Message too long
11-26 11:20:41.385  7891  7929 W System.err: 	at sun.nio.ch.DatagramChannelImpl.send0(Native Method)
11-26 11:20:41.385  7891  7929 W System.err: 	at sun.nio.ch.DatagramChannelImpl.sendFromNativeBuffer(DatagramChannelImpl.java:573)
11-26 11:20:41.385  7891  7929 W System.err: 	at sun.nio.ch.DatagramChannelImpl.send(DatagramChannelImpl.java:550)
11-26 11:20:41.385  7891  7929 W System.err: 	at sun.nio.ch.DatagramChannelImpl.send(DatagramChannelImpl.java:514)
11-26 11:20:41.385  7891  7929 W System.err: 	at symlab.CloudAR.network.TransmissionTask.run(TransmissionTask.java:133)
11-26 11:20:41.385  7891  7929 W System.err: 	at android.os.Handler.handleCallback(Handler.java:907)
11-26 11:20:41.386  7891  7929 W System.err: 	at android.os.Handler.dispatchMessage(Handler.java:105)
11-26 11:20:41.386  7891  7929 W System.err: 	at android.os.Looper.loop(Looper.java:216)
11-26 11:20:41.386  7891  7929 W System.err: 	at android.os.HandlerThread.run(HandlerThread.java:65)
11-26 11:20:41.414  7891  7929 W System.err: java.net.SocketException: Message too long
11-26 11:20:41.415  7891  7929 W System.err: 	at sun.nio.ch.DatagramChannelImpl.send0(Native Method)
11-26 11:20:41.415  7891  7929 W System.err: 	at sun.nio.ch.DatagramChannelImpl.sendFromNativeBuffer(DatagramChannelImpl.java:573)
11-26 11:20:41.415  7891  7929 W System.err: 	at sun.nio.ch.DatagramChannelImpl.send(DatagramChannelImpl.java:550)
11-26 11:20:41.415  7891  7929 W System.err: 	at sun.nio.ch.DatagramChannelImpl.send(DatagramChannelImpl.java:514)
11-26 11:20:41.415  7891  7929 W System.err: 	at symlab.CloudAR.network.TransmissionTask.run(TransmissionTask.java:133)
11-26 11:20:41.415  7891  7929 W System.err: 	at android.os.Handler.handleCallback(Handler.java:907)
11-26 11:20:41.415  7891  7929 W System.err: 	at android.os.Handler.dispatchMessage(Handler.java:105)
11-26 11:20:41.415  7891  7929 W System.err: 	at android.os.Looper.loop(Looper.java:216)
11-26 11:20:41.415  7891  7929 W System.err: 	at android.os.HandlerThread.run(HandlerThread.java:65)
11-26 11:20:41.441  7891  7929 W System.err: java.net.SocketException: Message too long
11-26 11:20:41.441  7891  7929 W System.err: 	at sun.nio.ch.DatagramChannelImpl.send0(Native Method)
11-26 11:20:41.441  7891  7929 W System.err: 	at sun.nio.ch.DatagramChannelImpl.sendFromNativeBuffer(DatagramChannelImpl.java:573)
11-26 11:20:41.441  7891  7929 W System.err: 	at sun.nio.ch.DatagramChannelImpl.send(DatagramChannelImpl.java:550)
11-26 11:20:41.441  7891  7929 W System.err: 	at sun.nio.ch.DatagramChannelImpl.send(DatagramChannelImpl.java:514)
11-26 11:20:41.441  7891  7929 W System.err: 	at symlab.CloudAR.network.TransmissionTask.run(TransmissionTask.java:133)
11-26 11:20:41.441  7891  7929 W System.err: 	at android.os.Handler.handleCallback(Handler.java:907)
11-26 11:20:41.441  7891  7929 W System.err: 	at android.os.Handler.dispatchMessage(Handler.java:105)
11-26 11:20:41.441  7891  7929 W System.err: 	at android.os.Looper.loop(Looper.java:216)
11-26 11:20:41.441  7891  7929 W System.err: 	at android.os.HandlerThread.run(HandlerThread.java:65)
11-26 11:20:41.480  7891  7929 W System.err: java.net.SocketException: Message too long
11-26 11:20:41.480  7891  7929 W System.err: 	at sun.nio.ch.DatagramChannelImpl.send0(Native Method)
11-26 11:20:41.480  7891  7929 W System.err: 	at sun.nio.ch.DatagramChannelImpl.sendFromNativeBuffer(DatagramChannelImpl.java:573)
11-26 11:20:41.480  7891  7929 W System.err: 	at sun.nio.ch.DatagramChannelImpl.send(DatagramChannelImpl.java:550)
11-26 11:20:41.480  7891  7929 W System.err: 	at sun.nio.ch.DatagramChannelImpl.send(DatagramChannelImpl.java:514)
11-26 11:20:41.480  7891  7929 W System.err: 	at symlab.CloudAR.network.TransmissionTask.run(TransmissionTask.java:133)
11-26 11:20:41.480  7891  7929 W System.err: 	at android.os.Handler.handleCallback(Handler.java:907)
11-26 11:20:41.480  7891  7929 W System.err: 	at android.os.Handler.dispatchMessage(Handler.java:105)
11-26 11:20:41.480  7891  7929 W System.err: 	at android.os.Looper.loop(Looper.java:216)
11-26 11:20:41.480  7891  7929 W System.err: 	at android.os.HandlerThread.run(HandlerThread.java:65)
11-26 11:20:41.570  7891  7929 W System.err: java.net.SocketException: Message too long
11-26 11:20:41.570  7891  7929 W System.err: 	at sun.nio.ch.DatagramChannelImpl.send0(Native Method)
11-26 11:20:41.570  7891  7929 W System.err: 	at sun.nio.ch.DatagramChannelImpl.sendFromNativeBuffer(DatagramChannelImpl.java:573)
11-26 11:20:41.570  7891  7929 W System.err: 	at sun.nio.ch.DatagramChannelImpl.send(DatagramChannelImpl.java:550)
11-26 11:20:41.570  7891  7929 W System.err: 	at sun.nio.ch.DatagramChannelImpl.send(DatagramChannelImpl.java:514)
11-26 11:20:41.570  7891  7929 W System.err: 	at symlab.CloudAR.network.TransmissionTask.run(TransmissionTask.java:133)
11-26 11:20:41.570  7891  7929 W System.err: 	at android.os.Handler.handleCallback(Handler.java:907)
11-26 11:20:41.570  7891  7929 W System.err: 	at android.os.Handler.dispatchMessage(Handler.java:105)
11-26 11:20:41.570  7891  7929 W System.err: 	at android.os.Looper.loop(Looper.java:216)
11-26 11:20:41.570  7891  7929 W System.err: 	at android.os.HandlerThread.run(HandlerThread.java:65)
11-26 11:20:41.598  7891  7929 W System.err: java.net.SocketException: Message too long
11-26 11:20:41.598  7891  7929 W System.err: 	at sun.nio.ch.DatagramChannelImpl.send0(Native Method)
11-26 11:20:41.598  7891  7929 W System.err: 	at sun.nio.ch.DatagramChannelImpl.sendFromNativeBuffer(DatagramChannelImpl.java:573)
11-26 11:20:41.598  7891  7929 W System.err: 	at sun.nio.ch.DatagramChannelImpl.send(DatagramChannelImpl.java:550)
11-26 11:20:41.598  7891  7929 W System.err: 	at sun.nio.ch.DatagramChannelImpl.send(DatagramChannelImpl.java:514)
11-26 11:20:41.598  7891  7929 W System.err: 	at symlab.CloudAR.network.TransmissionTask.run(TransmissionTask.java:133)
11-26 11:20:41.598  7891  7929 W System.err: 	at android.os.Handler.handleCallback(Handler.java:907)
11-26 11:20:41.598  7891  7929 W System.err: 	at android.os.Handler.dispatchMessage(Handler.java:105)
11-26 11:20:41.598  7891  7929 W System.err: 	at android.os.Looper.loop(Looper.java:216)
11-26 11:20:41.598  7891  7929 W System.err: 	at android.os.HandlerThread.run(HandlerThread.java:65)
11-26 11:20:41.618  7891  7929 W System.err: java.net.SocketException: Message too long
11-26 11:20:41.618  7891  7929 W System.err: 	at sun.nio.ch.DatagramChannelImpl.send0(Native Method)
11-26 11:20:41.618  7891  7929 W System.err: 	at sun.nio.ch.DatagramChannelImpl.sendFromNativeBuffer(DatagramChannelImpl.java:573)
11-26 11:20:41.618  7891  7929 W System.err: 	at sun.nio.ch.DatagramChannelImpl.send(DatagramChannelImpl.java:550)
11-26 11:20:41.618  7891  7929 W System.err: 	at sun.nio.ch.DatagramChannelImpl.send(DatagramChannelImpl.java:514)
11-26 11:20:41.618  7891  7929 W System.err: 	at symlab.CloudAR.network.TransmissionTask.run(TransmissionTask.java:133)
11-26 11:20:41.618  7891  7929 W System.err: 	at android.os.Handler.handleCallback(Handler.java:907)
11-26 11:20:41.618  7891  7929 W System.err: 	at android.os.Handler.dispatchMessage(Handler.java:105)
11-26 11:20:41.618  7891  7929 W System.err: 	at android.os.Looper.loop(Looper.java:216)
11-26 11:20:41.618  7891  7929 W System.err: 	at android.os.HandlerThread.run(HandlerThread.java:65)
11-26 11:20:41.652  7891  7929 W System.err: java.net.SocketException: Message too long
11-26 11:20:41.652  7891  7929 W System.err: 	at sun.nio.ch.DatagramChannelImpl.send0(Native Method)
11-26 11:20:41.652  7891  7929 W System.err: 	at sun.nio.ch.DatagramChannelImpl.sendFromNativeBuffer(DatagramChannelImpl.java:573)
11-26 11:20:41.652  7891  7929 W System.err: 	at sun.nio.ch.DatagramChannelImpl.send(DatagramChannelImpl.java:550)
11-26 11:20:41.652  7891  7929 W System.err: 	at sun.nio.ch.DatagramChannelImpl.send(DatagramChannelImpl.java:514)
11-26 11:20:41.652  7891  7929 W System.err: 	at symlab.CloudAR.network.TransmissionTask.run(TransmissionTask.java:133)
11-26 11:20:41.652  7891  7929 W System.err: 	at android.os.Handler.handleCallback(Handler.java:907)
11-26 11:20:41.652  7891  7929 W System.err: 	at android.os.Handler.dispatchMessage(Handler.java:105)
11-26 11:20:41.652  7891  7929 W System.err: 	at android.os.Looper.loop(Looper.java:216)
11-26 11:20:41.652  7891  7929 W System.err: 	at android.os.HandlerThread.run(HandlerThread.java:65)
11-26 11:20:41.695  7891  7929 W System.err: java.net.SocketException: Message too long
11-26 11:20:41.695  7891  7929 W System.err: 	at sun.nio.ch.DatagramChannelImpl.send0(Native Method)
11-26 11:20:41.695  7891  7929 W System.err: 	at sun.nio.ch.DatagramChannelImpl.sendFromNativeBuffer(DatagramChannelImpl.java:573)
11-26 11:20:41.695  7891  7929 W System.err: 	at sun.nio.ch.DatagramChannelImpl.send(DatagramChannelImpl.java:550)
11-26 11:20:41.695  7891  7929 W System.err: 	at sun.nio.ch.DatagramChannelImpl.send(DatagramChannelImpl.java:514)
11-26 11:20:41.695  7891  7929 W System.err: 	at symlab.CloudAR.network.TransmissionTask.run(TransmissionTask.java:133)
11-26 11:20:41.695  7891  7929 W System.err: 	at android.os.Handler.handleCallback(Handler.java:907)
11-26 11:20:41.695  7891  7929 W System.err: 	at android.os.Handler.dispatchMessage(Handler.java:105)
11-26 11:20:41.695  7891  7929 W System.err: 	at android.os.Looper.loop(Looper.java:216)
11-26 11:20:41.695  7891  7929 W System.err: 	at android.os.HandlerThread.run(HandlerThread.java:65)
11-26 11:20:41.780  7891  7929 W System.err: java.net.SocketException: Message too long
11-26 11:20:41.780  7891  7929 W System.err: 	at sun.nio.ch.DatagramChannelImpl.send0(Native Method)
11-26 11:20:41.780  7891  7929 W System.err: 	at sun.nio.ch.DatagramChannelImpl.sendFromNativeBuffer(DatagramChannelImpl.java:573)
11-26 11:20:41.780  7891  7929 W System.err: 	at sun.nio.ch.DatagramChannelImpl.send(DatagramChannelImpl.java:550)
11-26 11:20:41.780  7891  7929 W System.err: 	at sun.nio.ch.DatagramChannelImpl.send(DatagramChannelImpl.java:514)
11-26 11:20:41.780  7891  7929 W System.err: 	at symlab.CloudAR.network.TransmissionTask.run(TransmissionTask.java:133)
11-26 11:20:41.780  7891  7929 W System.err: 	at android.os.Handler.handleCallback(Handler.java:907)
11-26 11:20:41.780  7891  7929 W System.err: 	at android.os.Handler.dispatchMessage(Handler.java:105)
11-26 11:20:41.780  7891  7929 W System.err: 	at android.os.Looper.loop(Looper.java:216)
11-26 11:20:41.780  7891  7929 W System.err: 	at android.os.HandlerThread.run(HandlerThread.java:65)
11-26 11:20:41.809  7891  7929 W System.err: java.net.SocketException: Message too long
11-26 11:20:41.809  7891  7929 W System.err: 	at sun.nio.ch.DatagramChannelImpl.send0(Native Method)
11-26 11:20:41.809  7891  7929 W System.err: 	at sun.nio.ch.DatagramChannelImpl.sendFromNativeBuffer(DatagramChannelImpl.java:573)
11-26 11:20:41.809  7891  7929 W System.err: 	at sun.nio.ch.DatagramChannelImpl.send(DatagramChannelImpl.java:550)
11-26 11:20:41.809  7891  7929 W System.err: 	at sun.nio.ch.DatagramChannelImpl.send(DatagramChannelImpl.java:514)
11-26 11:20:41.809  7891  7929 W System.err: 	at symlab.CloudAR.network.TransmissionTask.run(TransmissionTask.java:133)
11-26 11:20:41.809  7891  7929 W System.err: 	at android.os.Handler.handleCallback(Handler.java:907)
11-26 11:20:41.809  7891  7929 W System.err: 	at android.os.Handler.dispatchMessage(Handler.java:105)
11-26 11:20:41.809  7891  7929 W System.err: 	at android.os.Looper.loop(Looper.java:216)
11-26 11:20:41.810  7891  7929 W System.err: 	at android.os.HandlerThread.run(HandlerThread.java:65)
11-26 11:20:41.837  7891  7929 W System.err: java.net.SocketException: Message too long
11-26 11:20:41.837  7891  7929 W System.err: 	at sun.nio.ch.DatagramChannelImpl.send0(Native Method)
11-26 11:20:41.837  7891  7929 W System.err: 	at sun.nio.ch.DatagramChannelImpl.sendFromNativeBuffer(DatagramChannelImpl.java:573)
11-26 11:20:41.837  7891  7929 W System.err: 	at sun.nio.ch.DatagramChannelImpl.send(DatagramChannelImpl.java:550)
11-26 11:20:41.837  7891  7929 W System.err: 	at sun.nio.ch.DatagramChannelImpl.send(DatagramChannelImpl.java:514)
11-26 11:20:41.837  7891  7929 W System.err: 	at symlab.CloudAR.network.TransmissionTask.run(TransmissionTask.java:133)
11-26 11:20:41.837  7891  7929 W System.err: 	at android.os.Handler.handleCallback(Handler.java:907)
11-26 11:20:41.837  7891  7929 W System.err: 	at android.os.Handler.dispatchMessage(Handler.java:105)
11-26 11:20:41.837  7891  7929 W System.err: 	at android.os.Looper.loop(Looper.java:216)
11-26 11:20:41.837  7891  7929 W System.err: 	at android.os.HandlerThread.run(HandlerThread.java:65)
11-26 11:20:41.867  7891  7929 W System.err: java.net.SocketException: Message too long
11-26 11:20:41.867  7891  7929 W System.err: 	at sun.nio.ch.DatagramChannelImpl.send0(Native Method)
11-26 11:20:41.867  7891  7929 W System.err: 	at sun.nio.ch.DatagramChannelImpl.sendFromNativeBuffer(DatagramChannelImpl.java:573)
11-26 11:20:41.867  7891  7929 W System.err: 	at sun.nio.ch.DatagramChannelImpl.send(DatagramChannelImpl.java:550)
11-26 11:20:41.867  7891  7929 W System.err: 	at sun.nio.ch.DatagramChannelImpl.send(DatagramChannelImpl.java:514)
11-26 11:20:41.867  7891  7929 W System.err: 	at symlab.CloudAR.network.TransmissionTask.run(TransmissionTask.java:133)
11-26 11:20:41.867  7891  7929 W System.err: 	at android.os.Handler.handleCallback(Handler.java:907)
11-26 11:20:41.867  7891  7929 W System.err: 	at android.os.Handler.dispatchMessage(Handler.java:105)
11-26 11:20:41.867  7891  7929 W System.err: 	at android.os.Looper.loop(Looper.java:216)
11-26 11:20:41.867  7891  7929 W System.err: 	at android.os.HandlerThread.run(HandlerThread.java:65)
11-26 11:20:41.912  7891  7929 W System.err: java.net.SocketException: Message too long
11-26 11:20:41.912  7891  7929 W System.err: 	at sun.nio.ch.DatagramChannelImpl.send0(Native Method)
11-26 11:20:41.912  7891  7929 W System.err: 	at sun.nio.ch.DatagramChannelImpl.sendFromNativeBuffer(DatagramChannelImpl.java:573)
11-26 11:20:41.912  7891  7929 W System.err: 	at sun.nio.ch.DatagramChannelImpl.send(DatagramChannelImpl.java:550)
11-26 11:20:41.912  7891  7929 W System.err: 	at sun.nio.ch.DatagramChannelImpl.send(DatagramChannelImpl.java:514)
11-26 11:20:41.912  7891  7929 W System.err: 	at symlab.CloudAR.network.TransmissionTask.run(TransmissionTask.java:133)
11-26 11:20:41.912  7891  7929 W System.err: 	at android.os.Handler.handleCallback(Handler.java:907)
11-26 11:20:41.912  7891  7929 W System.err: 	at android.os.Handler.dispatchMessage(Handler.java:105)
11-26 11:20:41.912  7891  7929 W System.err: 	at android.os.Looper.loop(Looper.java:216)
11-26 11:20:41.912  7891  7929 W System.err: 	at android.os.HandlerThread.run(HandlerThread.java:65)
11-26 11:20:41.940  7891  7929 W System.err: java.net.SocketException: Message too long
11-26 11:20:41.940  7891  7929 W System.err: 	at sun.nio.ch.DatagramChannelImpl.send0(Native Method)
11-26 11:20:41.940  7891  7929 W System.err: 	at sun.nio.ch.DatagramChannelImpl.sendFromNativeBuffer(DatagramChannelImpl.java:573)
11-26 11:20:41.941  7891  7929 W System.err: 	at sun.nio.ch.DatagramChannelImpl.send(DatagramChannelImpl.java:550)
11-26 11:20:41.941  7891  7929 W System.err: 	at sun.nio.ch.DatagramChannelImpl.send(DatagramChannelImpl.java:514)
11-26 11:20:41.941  7891  7929 W System.err: 	at symlab.CloudAR.network.TransmissionTask.run(TransmissionTask.java:133)
11-26 11:20:41.941  7891  7929 W System.err: 	at android.os.Handler.handleCallback(Handler.java:907)
11-26 11:20:41.941  7891  7929 W System.err: 	at android.os.Handler.dispatchMessage(Handler.java:105)
11-26 11:20:41.941  7891  7929 W System.err: 	at android.os.Looper.loop(Looper.java:216)
11-26 11:20:41.941  7891  7929 W System.err: 	at android.os.HandlerThread.run(HandlerThread.java:65)
11-26 11:20:41.981  7891  7906 E         : [ZeroHung]zrhung_get_config: Get config failed for wp[0x0008]
11-26 11:20:41.981  7891  7929 W System.err: java.net.SocketException: Message too long
11-26 11:20:41.982  7891  7929 W System.err: 	at sun.nio.ch.DatagramChannelImpl.send0(Native Method)
11-26 11:20:41.982  7891  7929 W System.err: 	at sun.nio.ch.DatagramChannelImpl.sendFromNativeBuffer(DatagramChannelImpl.java:573)
11-26 11:20:41.982  7891  7929 W System.err: 	at sun.nio.ch.DatagramChannelImpl.send(DatagramChannelImpl.java:550)
11-26 11:20:41.982  7891  7929 W System.err: 	at sun.nio.ch.DatagramChannelImpl.send(DatagramChannelImpl.java:514)
11-26 11:20:41.982  7891  7929 W System.err: 	at symlab.CloudAR.network.TransmissionTask.run(TransmissionTask.java:133)
11-26 11:20:41.982  7891  7929 W System.err: 	at android.os.Handler.handleCallback(Handler.java:907)
11-26 11:20:41.982  7891  7929 W System.err: 	at android.os.Handler.dispatchMessage(Handler.java:105)
11-26 11:20:41.982  7891  7929 W System.err: 	at android.os.Looper.loop(Looper.java:216)
11-26 11:20:41.982  7891  7929 W System.err: 	at android.os.HandlerThread.run(HandlerThread.java:65)
11-26 11:20:42.001  7891  7904 W System  : A resource failed to call close. 
11-26 11:20:42.002  7891  7904 I chatty  : uid=10147(symlab.cloudridar.arhud) FinalizerDaemon identical 9 lines
11-26 11:20:42.002  7891  7904 W System  : A resource failed to call close. 
11-26 11:20:42.019  7891  7929 W System.err: java.net.SocketException: Message too long
11-26 11:20:42.019  7891  7929 W System.err: 	at sun.nio.ch.DatagramChannelImpl.send0(Native Method)
11-26 11:20:42.020  7891  7929 W System.err: 	at sun.nio.ch.DatagramChannelImpl.sendFromNativeBuffer(DatagramChannelImpl.java:573)
11-26 11:20:42.020  7891  7929 W System.err: 	at sun.nio.ch.DatagramChannelImpl.send(DatagramChannelImpl.java:550)
11-26 11:20:42.020  7891  7929 W System.err: 	at sun.nio.ch.DatagramChannelImpl.send(DatagramChannelImpl.java:514)
11-26 11:20:42.020  7891  7929 W System.err: 	at symlab.CloudAR.network.TransmissionTask.run(TransmissionTask.java:133)
11-26 11:20:42.020  7891  7929 W System.err: 	at android.os.Handler.handleCallback(Handler.java:907)
11-26 11:20:42.020  7891  7929 W System.err: 	at android.os.Handler.dispatchMessage(Handler.java:105)
11-26 11:20:42.020  7891  7929 W System.err: 	at android.os.Looper.loop(Looper.java:216)
11-26 11:20:42.020  7891  7929 W System.err: 	at android.os.HandlerThread.run(HandlerThread.java:65)
11-26 11:20:42.046  7891  7929 W System.err: java.net.SocketException: Message too long
11-26 11:20:42.046  7891  7929 W System.err: 	at sun.nio.ch.DatagramChannelImpl.send0(Native Method)
11-26 11:20:42.046  7891  7929 W System.err: 	at sun.nio.ch.DatagramChannelImpl.sendFromNativeBuffer(DatagramChannelImpl.java:573)
11-26 11:20:42.046  7891  7929 W System.err: 	at sun.nio.ch.DatagramChannelImpl.send(DatagramChannelImpl.java:550)
11-26 11:20:42.046  7891  7929 W System.err: 	at sun.nio.ch.DatagramChannelImpl.send(DatagramChannelImpl.java:514)
11-26 11:20:42.046  7891  7929 W System.err: 	at symlab.CloudAR.network.TransmissionTask.run(TransmissionTask.java:133)
11-26 11:20:42.046  7891  7929 W System.err: 	at android.os.Handler.handleCallback(Handler.java:907)
11-26 11:20:42.046  7891  7929 W System.err: 	at android.os.Handler.dispatchMessage(Handler.java:105)
11-26 11:20:42.046  7891  7929 W System.err: 	at android.os.Looper.loop(Looper.java:216)
11-26 11:20:42.046  7891  7929 W System.err: 	at android.os.HandlerThread.run(HandlerThread.java:65)
11-26 11:20:42.198  7891  7891 D Poster  : At 1574760042198 location is 65.05840326883063 (latitude), and 25.469097495962924 (longitude)
11-26 11:20:42.200  7891  7891 D Poster  : Connected to mobile network 20
11-26 11:20:42.207  7891  7929 W System.err: java.net.SocketException: Message too long
11-26 11:20:42.207  7891  7929 W System.err: 	at sun.nio.ch.DatagramChannelImpl.send0(Native Method)
11-26 11:20:42.207  7891  7929 W System.err: 	at sun.nio.ch.DatagramChannelImpl.sendFromNativeBuffer(DatagramChannelImpl.java:573)
11-26 11:20:42.207  7891  7929 W System.err: 	at sun.nio.ch.DatagramChannelImpl.send(DatagramChannelImpl.java:550)
11-26 11:20:42.207  7891  7929 W System.err: 	at sun.nio.ch.DatagramChannelImpl.send(DatagramChannelImpl.java:514)
11-26 11:20:42.207  7891  7929 W System.err: 	at symlab.CloudAR.network.TransmissionTask.run(TransmissionTask.java:133)
11-26 11:20:42.207  7891  7929 W System.err: 	at android.os.Handler.handleCallback(Handler.java:907)
11-26 11:20:42.207  7891  7929 W System.err: 	at android.os.Handler.dispatchMessage(Handler.java:105)
11-26 11:20:42.207  7891  7929 W System.err: 	at android.os.Looper.loop(Looper.java:216)
11-26 11:20:42.207  7891  7929 W System.err: 	at android.os.HandlerThread.run(HandlerThread.java:65)
11-26 11:20:42.229  7891  7929 W System.err: java.net.SocketException: Message too long
11-26 11:20:42.229  7891  7929 W System.err: 	at sun.nio.ch.DatagramChannelImpl.send0(Native Method)
11-26 11:20:42.229  7891  7929 W System.err: 	at sun.nio.ch.DatagramChannelImpl.sendFromNativeBuffer(DatagramChannelImpl.java:573)
11-26 11:20:42.229  7891  7929 W System.err: 	at sun.nio.ch.DatagramChannelImpl.send(DatagramChannelImpl.java:550)
11-26 11:20:42.229  7891  7929 W System.err: 	at sun.nio.ch.DatagramChannelImpl.send(DatagramChannelImpl.java:514)
11-26 11:20:42.229  7891  7929 W System.err: 	at symlab.CloudAR.network.TransmissionTask.run(TransmissionTask.java:133)
11-26 11:20:42.229  7891  7929 W System.err: 	at android.os.Handler.handleCallback(Handler.java:907)
11-26 11:20:42.229  7891  7929 W System.err: 	at android.os.Handler.dispatchMessage(Handler.java:105)
11-26 11:20:42.229  7891  7929 W System.err: 	at android.os.Looper.loop(Looper.java:216)
11-26 11:20:42.229  7891  7929 W System.err: 	at android.os.HandlerThread.run(HandlerThread.java:65)
11-26 11:20:42.246  7891  7929 W System.err: java.net.SocketException: Message too long
11-26 11:20:42.246  7891  7929 W System.err: 	at sun.nio.ch.DatagramChannelImpl.send0(Native Method)
11-26 11:20:42.246  7891  7929 W System.err: 	at sun.nio.ch.DatagramChannelImpl.sendFromNativeBuffer(DatagramChannelImpl.java:573)
11-26 11:20:42.246  7891  7929 W System.err: 	at sun.nio.ch.DatagramChannelImpl.send(DatagramChannelImpl.java:550)
11-26 11:20:42.246  7891  7929 W System.err: 	at sun.nio.ch.DatagramChannelImpl.send(DatagramChannelImpl.java:514)
11-26 11:20:42.246  7891  7929 W System.err: 	at symlab.CloudAR.network.TransmissionTask.run(TransmissionTask.java:133)
11-26 11:20:42.246  7891  7929 W System.err: 	at android.os.Handler.handleCallback(Handler.java:907)
11-26 11:20:42.246  7891  7929 W System.err: 	at android.os.Handler.dispatchMessage(Handler.java:105)
11-26 11:20:42.246  7891  7929 W System.err: 	at android.os.Looper.loop(Looper.java:216)
11-26 11:20:42.246  7891  7929 W System.err: 	at android.os.HandlerThread.run(HandlerThread.java:65)
11-26 11:20:42.262  7891  7929 W System.err: java.net.SocketException: Message too long
11-26 11:20:42.263  7891  7929 W System.err: 	at sun.nio.ch.DatagramChannelImpl.send0(Native Method)
11-26 11:20:42.263  7891  7929 W System.err: 	at sun.nio.ch.DatagramChannelImpl.sendFromNativeBuffer(DatagramChannelImpl.java:573)
11-26 11:20:42.263  7891  7929 W System.err: 	at sun.nio.ch.DatagramChannelImpl.send(DatagramChannelImpl.java:550)
11-26 11:20:42.263  7891  7929 W System.err: 	at sun.nio.ch.DatagramChannelImpl.send(DatagramChannelImpl.java:514)
11-26 11:20:42.263  7891  7929 W System.err: 	at symlab.CloudAR.network.TransmissionTask.run(TransmissionTask.java:133)
11-26 11:20:42.263  7891  7929 W System.err: 	at android.os.Handler.handleCallback(Handler.java:907)
11-26 11:20:42.263  7891  7929 W System.err: 	at android.os.Handler.dispatchMessage(Handler.java:105)
11-26 11:20:42.263  7891  7929 W System.err: 	at android.os.Looper.loop(Looper.java:216)
11-26 11:20:42.263  7891  7929 W System.err: 	at android.os.HandlerThread.run(HandlerThread.java:65)
11-26 11:20:42.279  7891  7929 W System.err: java.net.SocketException: Message too long
11-26 11:20:42.280  7891  7929 W System.err: 	at sun.nio.ch.DatagramChannelImpl.send0(Native Method)
11-26 11:20:42.280  7891  7929 W System.err: 	at sun.nio.ch.DatagramChannelImpl.sendFromNativeBuffer(DatagramChannelImpl.java:573)
11-26 11:20:42.280  7891  7929 W System.err: 	at sun.nio.ch.DatagramChannelImpl.send(DatagramChannelImpl.java:550)
11-26 11:20:42.280  7891  7929 W System.err: 	at sun.nio.ch.DatagramChannelImpl.send(DatagramChannelImpl.java:514)
11-26 11:20:42.280  7891  7929 W System.err: 	at symlab.CloudAR.network.TransmissionTask.run(TransmissionTask.java:133)
11-26 11:20:42.280  7891  7929 W System.err: 	at android.os.Handler.handleCallback(Handler.java:907)
11-26 11:20:42.280  7891  7929 W System.err: 	at android.os.Handler.dispatchMessage(Handler.java:105)
11-26 11:20:42.280  7891  7929 W System.err: 	at android.os.Looper.loop(Looper.java:216)
11-26 11:20:42.280  7891  7929 W System.err: 	at android.os.HandlerThread.run(HandlerThread.java:65)
11-26 11:20:42.306  7891  7929 W System.err: java.net.SocketException: Message too long
11-26 11:20:42.306  7891  7929 W System.err: 	at sun.nio.ch.DatagramChannelImpl.send0(Native Method)
11-26 11:20:42.306  7891  7929 W System.err: 	at sun.nio.ch.DatagramChannelImpl.sendFromNativeBuffer(DatagramChannelImpl.java:573)
11-26 11:20:42.306  7891  7929 W System.err: 	at sun.nio.ch.DatagramChannelImpl.send(DatagramChannelImpl.java:550)
11-26 11:20:42.306  7891  7929 W System.err: 	at sun.nio.ch.DatagramChannelImpl.send(DatagramChannelImpl.java:514)
11-26 11:20:42.307  7891  7929 W System.err: 	at symlab.CloudAR.network.TransmissionTask.run(TransmissionTask.java:133)
11-26 11:20:42.307  7891  7929 W System.err: 	at android.os.Handler.handleCallback(Handler.java:907)
11-26 11:20:42.307  7891  7929 W System.err: 	at android.os.Handler.dispatchMessage(Handler.java:105)
11-26 11:20:42.307  7891  7929 W System.err: 	at android.os.Looper.loop(Looper.java:216)
11-26 11:20:42.307  7891  7929 W System.err: 	at android.os.HandlerThread.run(HandlerThread.java:65)
11-26 11:20:42.338  7891  7929 W System.err: java.net.SocketException: Message too long
11-26 11:20:42.338  7891  7929 W System.err: 	at sun.nio.ch.DatagramChannelImpl.send0(Native Method)
11-26 11:20:42.338  7891  7929 W System.err: 	at sun.nio.ch.DatagramChannelImpl.sendFromNativeBuffer(DatagramChannelImpl.java:573)
11-26 11:20:42.338  7891  7929 W System.err: 	at sun.nio.ch.DatagramChannelImpl.send(DatagramChannelImpl.java:550)
11-26 11:20:42.338  7891  7929 W System.err: 	at sun.nio.ch.DatagramChannelImpl.send(DatagramChannelImpl.java:514)
11-26 11:20:42.338  7891  7929 W System.err: 	at symlab.CloudAR.network.TransmissionTask.run(TransmissionTask.java:133)
11-26 11:20:42.338  7891  7929 W System.err: 	at android.os.Handler.handleCallback(Handler.java:907)
11-26 11:20:42.338  7891  7929 W System.err: 	at android.os.Handler.dispatchMessage(Handler.java:105)
11-26 11:20:42.338  7891  7929 W System.err: 	at android.os.Looper.loop(Looper.java:216)
11-26 11:20:42.338  7891  7929 W System.err: 	at android.os.HandlerThread.run(HandlerThread.java:65)
11-26 11:20:42.376  7891  7929 W System.err: java.net.SocketException: Message too long
11-26 11:20:42.376  7891  7929 W System.err: 	at sun.nio.ch.DatagramChannelImpl.send0(Native Method)
11-26 11:20:42.376  7891  7929 W System.err: 	at sun.nio.ch.DatagramChannelImpl.sendFromNativeBuffer(DatagramChannelImpl.java:573)
11-26 11:20:42.376  7891  7929 W System.err: 	at sun.nio.ch.DatagramChannelImpl.send(DatagramChannelImpl.java:550)
11-26 11:20:42.376  7891  7929 W System.err: 	at sun.nio.ch.DatagramChannelImpl.send(DatagramChannelImpl.java:514)
11-26 11:20:42.376  7891  7929 W System.err: 	at symlab.CloudAR.network.TransmissionTask.run(TransmissionTask.java:133)
11-26 11:20:42.376  7891  7929 W System.err: 	at android.os.Handler.handleCallback(Handler.java:907)
11-26 11:20:42.376  7891  7929 W System.err: 	at android.os.Handler.dispatchMessage(Handler.java:105)
11-26 11:20:42.376  7891  7929 W System.err: 	at android.os.Looper.loop(Looper.java:216)
11-26 11:20:42.376  7891  7929 W System.err: 	at android.os.HandlerThread.run(HandlerThread.java:65)
11-26 11:20:42.407  7891  7929 W System.err: java.net.SocketException: Message too long
11-26 11:20:42.407  7891  7929 W System.err: 	at sun.nio.ch.DatagramChannelImpl.send0(Native Method)
11-26 11:20:42.407  7891  7929 W System.err: 	at sun.nio.ch.DatagramChannelImpl.sendFromNativeBuffer(DatagramChannelImpl.java:573)
11-26 11:20:42.407  7891  7929 W System.err: 	at sun.nio.ch.DatagramChannelImpl.send(DatagramChannelImpl.java:550)
11-26 11:20:42.407  7891  7929 W System.err: 	at sun.nio.ch.DatagramChannelImpl.send(DatagramChannelImpl.java:514)
11-26 11:20:42.407  7891  7929 W System.err: 	at symlab.CloudAR.network.TransmissionTask.run(TransmissionTask.java:133)
11-26 11:20:42.407  7891  7929 W System.err: 	at android.os.Handler.handleCallback(Handler.java:907)
11-26 11:20:42.407  7891  7929 W System.err: 	at android.os.Handler.dispatchMessage(Handler.java:105)
11-26 11:20:42.407  7891  7929 W System.err: 	at android.os.Looper.loop(Looper.java:216)
11-26 11:20:42.407  7891  7929 W System.err: 	at android.os.HandlerThread.run(HandlerThread.java:65)
11-26 11:20:42.480  7891  7929 W System.err: java.net.SocketException: Message too long
11-26 11:20:42.480  7891  7929 W System.err: 	at sun.nio.ch.DatagramChannelImpl.send0(Native Method)
11-26 11:20:42.480  7891  7929 W System.err: 	at sun.nio.ch.DatagramChannelImpl.sendFromNativeBuffer(DatagramChannelImpl.java:573)
11-26 11:20:42.480  7891  7929 W System.err: 	at sun.nio.ch.DatagramChannelImpl.send(DatagramChannelImpl.java:550)
11-26 11:20:42.480  7891  7929 W System.err: 	at sun.nio.ch.DatagramChannelImpl.send(DatagramChannelImpl.java:514)
11-26 11:20:42.480  7891  7929 W System.err: 	at symlab.CloudAR.network.TransmissionTask.run(TransmissionTask.java:133)
11-26 11:20:42.480  7891  7929 W System.err: 	at android.os.Handler.handleCallback(Handler.java:907)
11-26 11:20:42.480  7891  7929 W System.err: 	at android.os.Handler.dispatchMessage(Handler.java:105)
11-26 11:20:42.480  7891  7929 W System.err: 	at android.os.Looper.loop(Looper.java:216)
11-26 11:20:42.480  7891  7929 W System.err: 	at android.os.HandlerThread.run(HandlerThread.java:65)
11-26 11:20:42.510  7891  7929 W System.err: java.net.SocketException: Message too long
11-26 11:20:42.510  7891  7929 W System.err: 	at sun.nio.ch.DatagramChannelImpl.send0(Native Method)
11-26 11:20:42.510  7891  7929 W System.err: 	at sun.nio.ch.DatagramChannelImpl.sendFromNativeBuffer(DatagramChannelImpl.java:573)
11-26 11:20:42.510  7891  7929 W System.err: 	at sun.nio.ch.DatagramChannelImpl.send(DatagramChannelImpl.java:550)
11-26 11:20:42.510  7891  7929 W System.err: 	at sun.nio.ch.DatagramChannelImpl.send(DatagramChannelImpl.java:514)
11-26 11:20:42.510  7891  7929 W System.err: 	at symlab.CloudAR.network.TransmissionTask.run(TransmissionTask.java:133)
11-26 11:20:42.510  7891  7929 W System.err: 	at android.os.Handler.handleCallback(Handler.java:907)
11-26 11:20:42.510  7891  7929 W System.err: 	at android.os.Handler.dispatchMessage(Handler.java:105)
11-26 11:20:42.510  7891  7929 W System.err: 	at android.os.Looper.loop(Looper.java:216)
11-26 11:20:42.511  7891  7929 W System.err: 	at android.os.HandlerThread.run(HandlerThread.java:65)
11-26 11:20:42.543  7891  7929 W System.err: java.net.SocketException: Message too long
11-26 11:20:42.543  7891  7929 W System.err: 	at sun.nio.ch.DatagramChannelImpl.send0(Native Method)
11-26 11:20:42.543  7891  7929 W System.err: 	at sun.nio.ch.DatagramChannelImpl.sendFromNativeBuffer(DatagramChannelImpl.java:573)
11-26 11:20:42.543  7891  7929 W System.err: 	at sun.nio.ch.DatagramChannelImpl.send(DatagramChannelImpl.java:550)
11-26 11:20:42.543  7891  7929 W System.err: 	at sun.nio.ch.DatagramChannelImpl.send(DatagramChannelImpl.java:514)
11-26 11:20:42.543  7891  7929 W System.err: 	at symlab.CloudAR.network.TransmissionTask.run(TransmissionTask.java:133)
11-26 11:20:42.543  7891  7929 W System.err: 	at android.os.Handler.handleCallback(Handler.java:907)
11-26 11:20:42.543  7891  7929 W System.err: 	at android.os.Handler.dispatchMessage(Handler.java:105)
11-26 11:20:42.543  7891  7929 W System.err: 	at android.os.Looper.loop(Looper.java:216)
11-26 11:20:42.543  7891  7929 W System.err: 	at android.os.HandlerThread.run(HandlerThread.java:65)
11-26 11:20:42.580  7891  7929 W System.err: java.net.SocketException: Message too long
11-26 11:20:42.580  7891  7929 W System.err: 	at sun.nio.ch.DatagramChannelImpl.send0(Native Method)
11-26 11:20:42.580  7891  7929 W System.err: 	at sun.nio.ch.DatagramChannelImpl.sendFromNativeBuffer(DatagramChannelImpl.java:573)
11-26 11:20:42.580  7891  7929 W System.err: 	at sun.nio.ch.DatagramChannelImpl.send(DatagramChannelImpl.java:550)
11-26 11:20:42.580  7891  7929 W System.err: 	at sun.nio.ch.DatagramChannelImpl.send(DatagramChannelImpl.java:514)
11-26 11:20:42.580  7891  7929 W System.err: 	at symlab.CloudAR.network.TransmissionTask.run(TransmissionTask.java:133)
11-26 11:20:42.580  7891  7929 W System.err: 	at android.os.Handler.handleCallback(Handler.java:907)
11-26 11:20:42.580  7891  7929 W System.err: 	at android.os.Handler.dispatchMessage(Handler.java:105)
11-26 11:20:42.580  7891  7929 W System.err: 	at android.os.Looper.loop(Looper.java:216)
11-26 11:20:42.581  7891  7929 W System.err: 	at android.os.HandlerThread.run(HandlerThread.java:65)
11-26 11:20:42.614  7891  7929 W System.err: java.net.SocketException: Message too long
11-26 11:20:42.614  7891  7929 W System.err: 	at sun.nio.ch.DatagramChannelImpl.send0(Native Method)
11-26 11:20:42.614  7891  7929 W System.err: 	at sun.nio.ch.DatagramChannelImpl.sendFromNativeBuffer(DatagramChannelImpl.java:573)
11-26 11:20:42.614  7891  7929 W System.err: 	at sun.nio.ch.DatagramChannelImpl.send(DatagramChannelImpl.java:550)
11-26 11:20:42.614  7891  7929 W System.err: 	at sun.nio.ch.DatagramChannelImpl.send(DatagramChannelImpl.java:514)
11-26 11:20:42.614  7891  7929 W System.err: 	at symlab.CloudAR.network.TransmissionTask.run(TransmissionTask.java:133)
11-26 11:20:42.614  7891  7929 W System.err: 	at android.os.Handler.handleCallback(Handler.java:907)
11-26 11:20:42.614  7891  7929 W System.err: 	at android.os.Handler.dispatchMessage(Handler.java:105)
11-26 11:20:42.614  7891  7929 W System.err: 	at android.os.Looper.loop(Looper.java:216)
11-26 11:20:42.614  7891  7929 W System.err: 	at android.os.HandlerThread.run(HandlerThread.java:65)
11-26 11:20:42.650  7891  7929 W System.err: java.net.SocketException: Message too long
11-26 11:20:42.650  7891  7929 W System.err: 	at sun.nio.ch.DatagramChannelImpl.send0(Native Method)
11-26 11:20:42.650  7891  7929 W System.err: 	at sun.nio.ch.DatagramChannelImpl.sendFromNativeBuffer(DatagramChannelImpl.java:573)
11-26 11:20:42.650  7891  7929 W System.err: 	at sun.nio.ch.DatagramChannelImpl.send(DatagramChannelImpl.java:550)
11-26 11:20:42.650  7891  7929 W System.err: 	at sun.nio.ch.DatagramChannelImpl.send(DatagramChannelImpl.java:514)
11-26 11:20:42.650  7891  7929 W System.err: 	at symlab.CloudAR.network.TransmissionTask.run(TransmissionTask.java:133)
11-26 11:20:42.650  7891  7929 W System.err: 	at android.os.Handler.handleCallback(Handler.java:907)
11-26 11:20:42.650  7891  7929 W System.err: 	at android.os.Handler.dispatchMessage(Handler.java:105)
11-26 11:20:42.650  7891  7929 W System.err: 	at android.os.Looper.loop(Looper.java:216)
11-26 11:20:42.650  7891  7929 W System.err: 	at android.os.HandlerThread.run(HandlerThread.java:65)
11-26 11:20:42.683  7891  7929 W System.err: java.net.SocketException: Message too long
11-26 11:20:42.683  7891  7929 W System.err: 	at sun.nio.ch.DatagramChannelImpl.send0(Native Method)
11-26 11:20:42.683  7891  7929 W System.err: 	at sun.nio.ch.DatagramChannelImpl.sendFromNativeBuffer(DatagramChannelImpl.java:573)
11-26 11:20:42.683  7891  7929 W System.err: 	at sun.nio.ch.DatagramChannelImpl.send(DatagramChannelImpl.java:550)
11-26 11:20:42.683  7891  7929 W System.err: 	at sun.nio.ch.DatagramChannelImpl.send(DatagramChannelImpl.java:514)
11-26 11:20:42.683  7891  7929 W System.err: 	at symlab.CloudAR.network.TransmissionTask.run(TransmissionTask.java:133)
11-26 11:20:42.683  7891  7929 W System.err: 	at android.os.Handler.handleCallback(Handler.java:907)
11-26 11:20:42.683  7891  7929 W System.err: 	at android.os.Handler.dispatchMessage(Handler.java:105)
11-26 11:20:42.683  7891  7929 W System.err: 	at android.os.Looper.loop(Looper.java:216)
11-26 11:20:42.683  7891  7929 W System.err: 	at android.os.HandlerThread.run(HandlerThread.java:65)
