--------- beginning of main
11-28 13:47:49.992  2695  2695 I loudridar.arhu: Late-enabling -Xcheck:jni
11-28 13:47:50.018  2695  2695 I loudridar.arhu: Reinit property: dalvik.vm.checkjni= false
11-28 13:47:50.026  2695  2695 D ZrHung.AppEyeUiProbe: AppEyeUIP created.
11-28 13:47:50.027  2695  2695 E libc    : Access denied finding property "runtime.mmitest.isrunning"
11-28 13:47:50.023  2695  2695 W re-initialized>: type=1400 audit(0.0:37439): avc: denied { read } for name="u:object_r:mmi_prop:s0" dev="tmpfs" ino=16663 scontext=u:r:untrusted_app:s0:c147,c256,c512,c768 tcontext=u:object_r:mmi_prop:s0 tclass=file permissive=0
--------- beginning of system
11-28 13:47:50.028  2695  2695 D ActivityThread: Attach thread to application
11-28 13:47:50.034  2695  2721 E loudridar.arhu: Unable to peek into adb socket due to error. Closing socket.: Connection reset by peer
11-28 13:47:50.116  2695  2738 I HwApiCacheMangerEx: apicache path=/storage/emulated/0 state=mounted key=symlab.cloudridar.arhud#10147#256
11-28 13:47:50.116  2695  2738 I HwApiCacheMangerEx: apicache path=/storage/emulated/0 state=mounted key=symlab.cloudridar.arhud#10147#0
11-28 13:47:50.178  2695  2695 I loudridar.arhu: QarthPatchMonintor::Init
11-28 13:47:50.178  2695  2695 I loudridar.arhu: 
11-28 13:47:50.178  2695  2695 I loudridar.arhu: QarthPatchMonintor::StartWatch
11-28 13:47:50.178  2695  2695 I loudridar.arhu: 
11-28 13:47:50.178  2695  2695 I loudridar.arhu: QarthPatchMonintor::WatchPackage: /data/hotpatch/fwkhotpatch/
11-28 13:47:50.178  2695  2695 I loudridar.arhu: 
11-28 13:47:50.178  2695  2695 I loudridar.arhu: QarthPatchMonintor::CheckAndWatchPatch: /data/hotpatch/fwkhotpatch/symlab.cloudridar.arhud
11-28 13:47:50.178  2695  2695 I loudridar.arhu: 
11-28 13:47:50.178  2695  2695 I loudridar.arhu: QarthPatchMonintor::CheckAndWatchPatch: /data/hotpatch/fwkhotpatch/all
11-28 13:47:50.178  2695  2695 I loudridar.arhu: 
11-28 13:47:50.178  2695  2695 I loudridar.arhu: QarthPatchMonintor::Run
11-28 13:47:50.178  2695  2695 I loudridar.arhu: 
11-28 13:47:50.178  2695  2758 I loudridar.arhu: QarthPatchMonintor::Reading
11-28 13:47:50.178  2695  2758 I loudridar.arhu: 
11-28 13:47:50.178  2695  2758 I loudridar.arhu: QarthPatchMonintor::CheckNotifyEvent
11-28 13:47:50.178  2695  2758 I loudridar.arhu: 
11-28 13:47:50.178  2695  2758 I loudridar.arhu: QarthPatchMonintor::CheckNotifyEvent before read
11-28 13:47:50.178  2695  2758 I loudridar.arhu: 
11-28 13:47:50.182  2695  2695 I MultiDex: VM with version 2.1.0 has multidex support
11-28 13:47:50.182  2695  2695 I MultiDex: Installing application
11-28 13:47:50.182  2695  2695 I MultiDex: VM has multidex support, MultiDex support library is disabled.
11-28 13:47:50.184  2695  2738 I AwareBitmapCacher: init processName:symlab.cloudridar.arhud pid=2695 uid=10147
11-28 13:47:50.186  2695  2760 E AwareLog: AtomicFileUtils: readFileLines file not exist: android.util.AtomicFile@919d802
11-28 13:47:50.187  2695  2695 I FirebaseInitProvider: FirebaseApp initialization unsuccessful
11-28 13:47:50.187  2695  2760 E AwareLog: AtomicFileUtils: readFileLines file not exist: android.util.AtomicFile@aae350
11-28 13:47:50.198  2695  2695 D ZrHung.AppEyeUiProbe: notify runnable to start.
11-28 13:47:50.198  2695  2766 D ZrHung.AppEyeUiProbe: Runnable thread started.
11-28 13:47:50.198  2695  2766 D IMonitor: Load library imonitor_jni
11-28 13:47:50.202  2695  2766 E         : [ZeroHung]zrhung_get_config: Get config failed for wp[0x0102]
11-28 13:47:50.202  2695  2766 W ZrHung.AppEyeUiProbe: Failed to get config from zrhung
11-28 13:47:50.199  2763  2763 W logcat  : type=1400 audit(0.0:37440): avc: granted { create } for name="logcat_1574941670188.txt" scontext=u:r:untrusted_app:s0:c147,c256,c512,c768 tcontext=u:object_r:sdcardfs:s0:c147,c256,c512,c768 tclass=file
11-28 13:47:50.204  2695  2695 I MultiDex: Installing application
11-28 13:47:50.204  2695  2695 I MultiDex: VM has multidex support, MultiDex support library is disabled.
11-28 13:47:50.209  2695  2695 V ActivityThread: callActivityOnCreate
11-28 13:47:50.209  2695  2695 I Poster  :  onCreate() called.
11-28 13:47:50.212  2695  2695 I HwApsImpl: APS: new HwApsImpl created
11-28 13:47:50.218  2695  2695 V HwWidgetFactory: : successes to get AllImpl object and return....
11-28 13:47:50.226  2695  2695 D OpenGLRenderer: Skia GL Pipeline
11-28 13:47:50.245  2695  2695 D Poster  : Server details are IP 10.42.0.1 and port 52727
11-28 13:47:50.250  2695  2695 D Poster  : Server bound to IP 10.42.0.1 and port 52727
11-28 13:47:50.255  2695  2695 D ActivityThread: add activity client record, r= ActivityRecord{db8bbd token=android.os.BinderProxy@c62e47c {symlab.cloudridar.arhud/symlab.ARHUD.MainActivity}} token= android.os.BinderProxy@c62e47c
11-28 13:47:50.257  2695  2695 I Poster  :  onStart() called.
11-28 13:47:50.258  2695  2695 D ZrHung.AppEyeUiProbe: notify runnable to start.
11-28 13:47:50.259  2695  2695 I Poster  :  onResume() called.
11-28 13:47:50.263  2695  2695 I PermissionManager: camera remind result:true
11-28 13:47:50.263  2695  2695 I Camera  : open camera: 0, package name: symlab.cloudridar.arhud
11-28 13:47:50.263  2695  2695 I BackgroundPermManager: pkgName: symlab.cloudridar.arhud,pid: 2695 ,uidOf3RdApk: 10147 ,permType: 0 ,permCfg: 1
11-28 13:47:50.264  2695  2695 I HwCameraUtil: notifySurfaceFlingerCameraStatus : isFront = false , isOpend = true
11-28 13:47:50.276  2695  2695 D ActivityThread: isOptEnabled=false isWechatScanOpt=false
11-28 13:47:50.278  2695  2695 I HwSecImmHelper: mSecurityInputMethodService is null
11-28 13:47:50.284  2695  2695 D OpenGLRenderer:   HWUI Binary is  enabled
11-28 13:47:50.300  2695  2793 D HiTouch_PressGestureDetector: onAttached, package=symlab.cloudridar.arhud, windowType=1, mHiTouchRestricted=false
11-28 13:47:50.310  2695  2792 I ConfigStore: android::hardware::configstore::V1_0::ISurfaceFlingerConfigs::hasWideColorDisplay retrieved: 0
11-28 13:47:50.310  2695  2792 I ConfigStore: android::hardware::configstore::V1_0::ISurfaceFlingerConfigs::hasHDRDisplay retrieved: 0
11-28 13:47:50.310  2695  2792 I iGraphics: [0020080c] pn: symlab.cloudridar.arhud, p: 2695
11-28 13:47:50.310  2695  2792 I OpenGLRenderer: Initialized EGL, version 1.4, mEglDisplay 0x1
11-28 13:47:50.310  2695  2792 D OpenGLRenderer: Swap behavior 2
11-28 13:47:50.322  2695  2792 D mali_winsys: EGLint new_window_surface(egl_winsys_display *, void *, EGLSurface, EGLConfig, egl_winsys_surface **, EGLBoolean) returns 0x3000
11-28 13:47:50.329  2695  2695 I Poster  :  surfaceCreated() called.
11-28 13:47:50.330  2695  2695 I Poster  : initPreview() called
11-28 13:47:50.334  2695  2695 I PermissionManager: camera remind result:true
11-28 13:47:50.340  2695  2695 I Poster  :  surfaceChanged() called.
11-28 13:47:50.360  2695  2695 W InputMethodManager: startInputReason = 1
11-28 13:47:50.380  2695  2695 W InputMethodManager: startInputReason = 5
11-28 13:47:50.884  2695  2725 E         : [ZeroHung]zrhung_get_config: Get config failed for wp[0x0008]
11-28 13:47:50.894  2695  2723 W System  : A resource failed to call close. 
11-28 13:47:50.894  2695  2723 I chatty  : uid=10147(symlab.cloudridar.arhud) FinalizerDaemon identical 6 lines
11-28 13:47:50.894  2695  2723 W System  : A resource failed to call close. 
11-28 13:47:52.476  2695  2725 E         : [ZeroHung]zrhung_get_config: Get config failed for wp[0x0008]
11-28 13:47:52.488  2695  2723 W System  : A resource failed to call close. 
11-28 13:47:52.489  2695  2723 W System  : A resource failed to call close. 
11-28 13:47:52.489  2695  2723 I chatty  : uid=10147(symlab.cloudridar.arhud) FinalizerDaemon identical 18 lines
11-28 13:47:52.489  2695  2723 W System  : A resource failed to call close. 
11-28 13:47:52.489  2695  2723 W System  : A resource failed to call close. 
11-28 13:47:52.489  2695  2723 W System  : A resource failed to call close. 
11-28 13:47:52.490  2695  2723 I chatty  : uid=10147(symlab.cloudridar.arhud) FinalizerDaemon identical 15 lines
11-28 13:47:52.490  2695  2723 W System  : A resource failed to call close. 
11-28 13:47:54.060  2695  2725 E         : [ZeroHung]zrhung_get_config: Get config failed for wp[0x0008]
11-28 13:47:54.086  2695  2723 W System  : A resource failed to call close. 
11-28 13:47:54.090  2695  2723 I chatty  : uid=10147(symlab.cloudridar.arhud) FinalizerDaemon identical 44 lines
11-28 13:47:54.090  2695  2723 W System  : A resource failed to call close. 
11-28 13:47:55.187  2695  2695 I AwareBitmapCacher: init lrucache size: 2097152 pid=2695
11-28 13:47:55.413  2695  2725 E         : [ZeroHung]zrhung_get_config: Get config failed for wp[0x0008]
11-28 13:47:55.431  2695  2723 W System  : A resource failed to call close. 
11-28 13:47:55.435  2695  2723 I chatty  : uid=10147(symlab.cloudridar.arhud) FinalizerDaemon identical 27 lines
11-28 13:47:55.435  2695  2723 W System  : A resource failed to call close. 
11-28 13:47:55.439  2695  2723 W System  : A resource failed to call close. 
11-28 13:47:55.439  2695  2723 W System  : A resource failed to call close. 
11-28 13:47:55.439  2695  2723 W System  : A resource failed to call close. 
11-28 13:47:55.439  2695  2723 W System  : A resource failed to call close. 
11-28 13:47:55.439  2695  2723 W System  : A resource failed to call close. 
11-28 13:47:55.441  2695  2723 W System  : A resource failed to call close. 
11-28 13:47:55.441  2695  2723 W System  : A resource failed to call close. 
11-28 13:47:56.746  2695  2725 E         : [ZeroHung]zrhung_get_config: Get config failed for wp[0x0008]
11-28 13:47:56.770  2695  2723 W System  : A resource failed to call close. 
11-28 13:47:56.777  2695  2723 I chatty  : uid=10147(symlab.cloudridar.arhud) FinalizerDaemon identical 38 lines
11-28 13:47:56.777  2695  2723 W System  : A resource failed to call close. 
11-28 13:47:57.892  2695  2695 D stylus  : init stylus touchlistener.
11-28 13:47:57.904  2695  2695 W Settings: Setting device_provisioned has moved from android.provider.Settings.Secure to android.provider.Settings.Global.
11-28 13:47:57.904  2695  2695 V HiTouch_HiTouchSensor: User setup is finished.
11-28 13:47:57.979  2695  2725 E         : [ZeroHung]zrhung_get_config: Get config failed for wp[0x0008]
11-28 13:47:57.998  2695  2723 W System  : A resource failed to call close. 
11-28 13:47:58.004  2695  2723 I chatty  : uid=10147(symlab.cloudridar.arhud) FinalizerDaemon identical 33 lines
11-28 13:47:58.004  2695  2723 W System  : A resource failed to call close. 
11-28 13:47:58.362  2695  2695 W HiTouch_PressGestureDetector: Touch pointer move a lot. The moving distance of X is:85.26367, limit is:60The moving distance of Y is:22.613647, limit is:60
11-28 13:47:58.831  2695  2695 I Poster  :  onPause() called.
11-28 13:47:58.920  2695  2695 I Camera  : close camera: 0, package name: symlab.cloudridar.arhud
11-28 13:47:58.920  2695  2695 I BackgroundPermManager: pkgName: symlab.cloudridar.arhud,pid: 2695 ,uidOf3RdApk: 10147 ,permType: 0 ,permCfg: 0
11-28 13:47:58.922  2695  2695 I HwCameraUtil: notifySurfaceFlingerCameraStatus : isFront = false , isOpend = false
11-28 13:47:59.018  2695  2695 D ZrHung.AppEyeUiProbe: stop checker.
11-28 13:47:59.049  2695  2695 I Poster  :  surfaceDestroyed() called.
11-28 13:47:59.049  2695  2695 D ViewRootImpl[MainActivity]: surface should not be released
11-28 13:47:59.049  2695  2695 I Poster  :  onStop() called.
11-28 13:47:59.064  2695  2792 W libEGL  : EGLNativeWindowType 0xe1024008 disconnect failed
11-28 13:47:59.204  2695  2766 D ZrHung.AppEyeUiProbe: Current Activity:false
11-28 13:47:59.204  2695  2766 D ZrHung.AppEyeUiProbe: not watching, wait.
11-28 13:48:03.836  2695  2695 I AwareBitmapCacher: handleReleaseCache: pid=2695
11-28 13:48:03.837  2695  2695 I AwareBitmapCacher: init lrucache size: 2097152 pid=2695
11-28 13:48:04.051  2695  2725 E         : [ZeroHung]zrhung_get_config: Get config failed for wp[0x0008]
11-28 13:48:04.098  2695  2723 W System  : A resource failed to call close. 
11-28 13:48:04.102  2695  2723 I chatty  : uid=10147(symlab.cloudridar.arhud) FinalizerDaemon identical 24 lines
11-28 13:48:04.102  2695  2723 W System  : A resource failed to call close. 
11-28 13:48:43.661  2695  2695 I Poster  :  onStart() called.
11-28 13:48:43.661  2695  2695 D ZrHung.AppEyeUiProbe: notify runnable to start.
11-28 13:48:43.661  2695  2695 I Poster  :  onResume() called.
11-28 13:48:43.662  2695  2766 D ZrHung.AppEyeUiProbe: restart watching
11-28 13:48:43.668  2695  2695 I Camera  : open camera: 0, package name: symlab.cloudridar.arhud
11-28 13:48:43.668  2695  2695 I BackgroundPermManager: pkgName: symlab.cloudridar.arhud,pid: 2695 ,uidOf3RdApk: 10147 ,permType: 0 ,permCfg: 1
11-28 13:48:43.669  2695  2695 I HwCameraUtil: notifySurfaceFlingerCameraStatus : isFront = false , isOpend = true
11-28 13:48:43.688  2695  2695 D ActivityThread: isOptEnabled=false isWechatScanOpt=false
11-28 13:48:43.713  2695  2792 D mali_winsys: EGLint new_window_surface(egl_winsys_display *, void *, EGLSurface, EGLConfig, egl_winsys_surface **, EGLBoolean) returns 0x3000
11-28 13:48:43.732  2695  2695 I Poster  :  surfaceCreated() called.
11-28 13:48:43.732  2695  2695 I Poster  : initPreview() called
11-28 13:48:43.734  2695  2695 I PermissionManager: camera remind result:true
11-28 13:48:43.739  2695  2695 I Poster  :  surfaceChanged() called.
11-28 13:48:43.739  2695  2695 E BpSurfaceComposerClient: Failed to transact (-1)
11-28 13:48:43.740  2695  2695 E BpSurfaceComposerClient: Failed to transact (-1)
11-28 13:48:43.741  2695  2695 W InputMethodManager: startInputReason = 1
11-28 13:48:43.753  2695  2792 W libEGL  : EGLNativeWindowType 0xe1024008 disconnect failed
11-28 13:48:43.753  2695  2792 D mali_winsys: EGLint new_window_surface(egl_winsys_display *, void *, EGLSurface, EGLConfig, egl_winsys_surface **, EGLBoolean) returns 0x3000
11-28 13:48:44.014  2695  2695 W MessageQueue: Handler (android.os.Handler) {67e9d44} sending message to a Handler on a dead thread
11-28 13:48:44.014  2695  2695 W MessageQueue: java.lang.IllegalStateException: Handler (android.os.Handler) {67e9d44} sending message to a Handler on a dead thread
11-28 13:48:44.014  2695  2695 W MessageQueue: 	at android.os.MessageQueue.enqueueMessage(MessageQueue.java:650)
11-28 13:48:44.014  2695  2695 W MessageQueue: 	at android.os.Handler.enqueueMessage(Handler.java:769)
11-28 13:48:44.014  2695  2695 W MessageQueue: 	at android.os.Handler.sendMessageAtTime(Handler.java:718)
11-28 13:48:44.014  2695  2695 W MessageQueue: 	at android.os.Handler.sendMessageDelayed(Handler.java:688)
11-28 13:48:44.014  2695  2695 W MessageQueue: 	at android.os.Handler.post(Handler.java:405)
11-28 13:48:44.014  2695  2695 W MessageQueue: 	at symlab.CloudAR.ARManager.recognizeTime(ARManager.java:152)
11-28 13:48:44.014  2695  2695 W MessageQueue: 	at symlab.ARHUD.MainActivity$3.onPreviewFrame(MainActivity.java:296)
11-28 13:48:44.014  2695  2695 W MessageQueue: 	at android.hardware.Camera$EventHandler.handleMessage(Camera.java:1278)
11-28 13:48:44.014  2695  2695 W MessageQueue: 	at android.os.Handler.dispatchMessage(Handler.java:112)
11-28 13:48:44.014  2695  2695 W MessageQueue: 	at android.os.Looper.loop(Looper.java:216)
11-28 13:48:44.014  2695  2695 W MessageQueue: 	at android.app.ActivityThread.main(ActivityThread.java:7579)
11-28 13:48:44.014  2695  2695 W MessageQueue: 	at java.lang.reflect.Method.invoke(Native Method)
11-28 13:48:44.014  2695  2695 W MessageQueue: 	at com.android.internal.os.RuntimeInit$MethodAndArgsCaller.run(RuntimeInit.java:524)
11-28 13:48:44.014  2695  2695 W MessageQueue: 	at com.android.internal.os.ZygoteInit.main(ZygoteInit.java:1034)
11-28 13:48:44.014  2695  2695 W MessageQueue: Handler (android.os.Handler) {67e9d44} sending message to a Handler on a dead thread
11-28 13:48:44.014  2695  2695 W MessageQueue: java.lang.IllegalStateException: Handler (android.os.Handler) {67e9d44} sending message to a Handler on a dead thread
11-28 13:48:44.014  2695  2695 W MessageQueue: 	at android.os.MessageQueue.enqueueMessage(MessageQueue.java:650)
11-28 13:48:44.014  2695  2695 W MessageQueue: 	at android.os.Handler.enqueueMessage(Handler.java:769)
11-28 13:48:44.014  2695  2695 W MessageQueue: 	at android.os.Handler.sendMessageAtTime(Handler.java:718)
11-28 13:48:44.014  2695  2695 W MessageQueue: 	at android.os.Handler.sendMessageDelayed(Handler.java:688)
11-28 13:48:44.014  2695  2695 W MessageQueue: 	at android.os.Handler.post(Handler.java:405)
11-28 13:48:44.014  2695  2695 W MessageQueue: 	at symlab.CloudAR.ARManager.driveFrame(ARManager.java:157)
11-28 13:48:44.014  2695  2695 W MessageQueue: 	at symlab.ARHUD.MainActivity$3.onPreviewFrame(MainActivity.java:297)
11-28 13:48:44.014  2695  2695 W MessageQueue: 	at android.hardware.Camera$EventHandler.handleMessage(Camera.java:1278)
11-28 13:48:44.014  2695  2695 W MessageQueue: 	at android.os.Handler.dispatchMessage(Handler.java:112)
11-28 13:48:44.014  2695  2695 W MessageQueue: 	at android.os.Looper.loop(Looper.java:216)
11-28 13:48:44.014  2695  2695 W MessageQueue: 	at android.app.ActivityThread.main(ActivityThread.java:7579)
11-28 13:48:44.014  2695  2695 W MessageQueue: 	at java.lang.reflect.Method.invoke(Native Method)
11-28 13:48:44.014  2695  2695 W MessageQueue: 	at com.android.internal.os.RuntimeInit$MethodAndArgsCaller.run(RuntimeInit.java:524)
11-28 13:48:44.014  2695  2695 W MessageQueue: 	at com.android.internal.os.ZygoteInit.main(ZygoteInit.java:1034)
11-28 13:48:44.046  2695  2695 W MessageQueue: Handler (android.os.Handler) {67e9d44} sending message to a Handler on a dead thread
11-28 13:48:44.046  2695  2695 W MessageQueue: java.lang.IllegalStateException: Handler (android.os.Handler) {67e9d44} sending message to a Handler on a dead thread
11-28 13:48:44.046  2695  2695 W MessageQueue: 	at android.os.MessageQueue.enqueueMessage(MessageQueue.java:650)
11-28 13:48:44.046  2695  2695 W MessageQueue: 	at android.os.Handler.enqueueMessage(Handler.java:769)
11-28 13:48:44.046  2695  2695 W MessageQueue: 	at android.os.Handler.sendMessageAtTime(Handler.java:718)
11-28 13:48:44.046  2695  2695 W MessageQueue: 	at android.os.Handler.sendMessageDelayed(Handler.java:688)
11-28 13:48:44.046  2695  2695 W MessageQueue: 	at android.os.Handler.post(Handler.java:405)
11-28 13:48:44.046  2695  2695 W MessageQueue: 	at symlab.CloudAR.ARManager.recognizeTime(ARManager.java:152)
11-28 13:48:44.046  2695  2695 W MessageQueue: 	at symlab.ARHUD.MainActivity$3.onPreviewFrame(MainActivity.java:296)
11-28 13:48:44.046  2695  2695 W MessageQueue: 	at android.hardware.Camera$EventHandler.handleMessage(Camera.java:1278)
11-28 13:48:44.046  2695  2695 W MessageQueue: 	at android.os.Handler.dispatchMessage(Handler.java:112)
11-28 13:48:44.046  2695  2695 W MessageQueue: 	at android.os.Looper.loop(Looper.java:216)
11-28 13:48:44.046  2695  2695 W MessageQueue: 	at android.app.ActivityThread.main(ActivityThread.java:7579)
11-28 13:48:44.046  2695  2695 W MessageQueue: 	at java.lang.reflect.Method.invoke(Native Method)
11-28 13:48:44.046  2695  2695 W MessageQueue: 	at com.android.internal.os.RuntimeInit$MethodAndArgsCaller.run(RuntimeInit.java:524)
11-28 13:48:44.046  2695  2695 W MessageQueue: 	at com.android.internal.os.ZygoteInit.main(ZygoteInit.java:1034)
11-28 13:48:44.047  2695  2695 W MessageQueue: Handler (android.os.Handler) {67e9d44} sending message to a Handler on a dead thread
11-28 13:48:44.047  2695  2695 W MessageQueue: java.lang.IllegalStateException: Handler (android.os.Handler) {67e9d44} sending message to a Handler on a dead thread
11-28 13:48:44.047  2695  2695 W MessageQueue: 	at android.os.MessageQueue.enqueueMessage(MessageQueue.java:650)
11-28 13:48:44.047  2695  2695 W MessageQueue: 	at android.os.Handler.enqueueMessage(Handler.java:769)
11-28 13:48:44.047  2695  2695 W MessageQueue: 	at android.os.Handler.sendMessageAtTime(Handler.java:718)
11-28 13:48:44.047  2695  2695 W MessageQueue: 	at android.os.Handler.sendMessageDelayed(Handler.java:688)
11-28 13:48:44.047  2695  2695 W MessageQueue: 	at android.os.Handler.post(Handler.java:405)
11-28 13:48:44.047  2695  2695 W MessageQueue: 	at symlab.CloudAR.ARManager.driveFrame(ARManager.java:157)
11-28 13:48:44.047  2695  2695 W MessageQueue: 	at symlab.ARHUD.MainActivity$3.onPreviewFrame(MainActivity.java:297)
11-28 13:48:44.047  2695  2695 W MessageQueue: 	at android.hardware.Camera$EventHandler.handleMessage(Camera.java:1278)
11-28 13:48:44.047  2695  2695 W MessageQueue: 	at android.os.Handler.dispatchMessage(Handler.java:112)
11-28 13:48:44.047  2695  2695 W MessageQueue: 	at android.os.Looper.loop(Looper.java:216)
11-28 13:48:44.047  2695  2695 W MessageQueue: 	at android.app.ActivityThread.main(ActivityThread.java:7579)
11-28 13:48:44.047  2695  2695 W MessageQueue: 	at java.lang.reflect.Method.invoke(Native Method)
11-28 13:48:44.047  2695  2695 W MessageQueue: 	at com.android.internal.os.RuntimeInit$MethodAndArgsCaller.run(RuntimeInit.java:524)
11-28 13:48:44.047  2695  2695 W MessageQueue: 	at com.android.internal.os.ZygoteInit.main(ZygoteInit.java:1034)
11-28 13:48:44.090  2695  2695 W MessageQueue: Handler (android.os.Handler) {67e9d44} sending message to a Handler on a dead thread
11-28 13:48:44.090  2695  2695 W MessageQueue: java.lang.IllegalStateException: Handler (android.os.Handler) {67e9d44} sending message to a Handler on a dead thread
11-28 13:48:44.090  2695  2695 W MessageQueue: 	at android.os.MessageQueue.enqueueMessage(MessageQueue.java:650)
11-28 13:48:44.090  2695  2695 W MessageQueue: 	at android.os.Handler.enqueueMessage(Handler.java:769)
11-28 13:48:44.090  2695  2695 W MessageQueue: 	at android.os.Handler.sendMessageAtTime(Handler.java:718)
11-28 13:48:44.090  2695  2695 W MessageQueue: 	at android.os.Handler.sendMessageDelayed(Handler.java:688)
11-28 13:48:44.090  2695  2695 W MessageQueue: 	at android.os.Handler.post(Handler.java:405)
11-28 13:48:44.090  2695  2695 W MessageQueue: 	at symlab.CloudAR.ARManager.recognizeTime(ARManager.java:152)
11-28 13:48:44.090  2695  2695 W MessageQueue: 	at symlab.ARHUD.MainActivity$3.onPreviewFrame(MainActivity.java:296)
11-28 13:48:44.090  2695  2695 W MessageQueue: 	at android.hardware.Camera$EventHandler.handleMessage(Camera.java:1278)
11-28 13:48:44.090  2695  2695 W MessageQueue: 	at android.os.Handler.dispatchMessage(Handler.java:112)
11-28 13:48:44.090  2695  2695 W MessageQueue: 	at android.os.Looper.loop(Looper.java:216)
11-28 13:48:44.090  2695  2695 W MessageQueue: 	at android.app.ActivityThread.main(ActivityThread.java:7579)
11-28 13:48:44.090  2695  2695 W MessageQueue: 	at java.lang.reflect.Method.invoke(Native Method)
11-28 13:48:44.090  2695  2695 W MessageQueue: 	at com.android.internal.os.RuntimeInit$MethodAndArgsCaller.run(RuntimeInit.java:524)
11-28 13:48:44.090  2695  2695 W MessageQueue: 	at com.android.internal.os.ZygoteInit.main(ZygoteInit.java:1034)
11-28 13:48:44.091  2695  2695 W MessageQueue: Handler (android.os.Handler) {67e9d44} sending message to a Handler on a dead thread
11-28 13:48:44.091  2695  2695 W MessageQueue: java.lang.IllegalStateException: Handler (android.os.Handler) {67e9d44} sending message to a Handler on a dead thread
11-28 13:48:44.091  2695  2695 W MessageQueue: 	at android.os.MessageQueue.enqueueMessage(MessageQueue.java:650)
11-28 13:48:44.091  2695  2695 W MessageQueue: 	at android.os.Handler.enqueueMessage(Handler.java:769)
11-28 13:48:44.091  2695  2695 W MessageQueue: 	at android.os.Handler.sendMessageAtTime(Handler.java:718)
11-28 13:48:44.091  2695  2695 W MessageQueue: 	at android.os.Handler.sendMessageDelayed(Handler.java:688)
11-28 13:48:44.091  2695  2695 W MessageQueue: 	at android.os.Handler.post(Handler.java:405)
11-28 13:48:44.091  2695  2695 W MessageQueue: 	at symlab.CloudAR.ARManager.driveFrame(ARManager.java:157)
11-28 13:48:44.091  2695  2695 W MessageQueue: 	at symlab.ARHUD.MainActivity$3.onPreviewFrame(MainActivity.java:297)
11-28 13:48:44.091  2695  2695 W MessageQueue: 	at android.hardware.Camera$EventHandler.handleMessage(Camera.java:1278)
11-28 13:48:44.091  2695  2695 W MessageQueue: 	at android.os.Handler.dispatchMessage(Handler.java:112)
11-28 13:48:44.091  2695  2695 W MessageQueue: 	at android.os.Looper.loop(Looper.java:216)
11-28 13:48:44.091  2695  2695 W MessageQueue: 	at android.app.ActivityThread.main(ActivityThread.java:7579)
11-28 13:48:44.091  2695  2695 W MessageQueue: 	at java.lang.reflect.Method.invoke(Native Method)
11-28 13:48:44.091  2695  2695 W MessageQueue: 	at com.android.internal.os.RuntimeInit$MethodAndArgsCaller.run(RuntimeInit.java:524)
11-28 13:48:44.091  2695  2695 W MessageQueue: 	at com.android.internal.os.ZygoteInit.main(ZygoteInit.java:1034)
11-28 13:48:44.118  2695  2695 W MessageQueue: Handler (android.os.Handler) {67e9d44} sending message to a Handler on a dead thread
11-28 13:48:44.118  2695  2695 W MessageQueue: java.lang.IllegalStateException: Handler (android.os.Handler) {67e9d44} sending message to a Handler on a dead thread
11-28 13:48:44.118  2695  2695 W MessageQueue: 	at android.os.MessageQueue.enqueueMessage(MessageQueue.java:650)
11-28 13:48:44.118  2695  2695 W MessageQueue: 	at android.os.Handler.enqueueMessage(Handler.java:769)
11-28 13:48:44.118  2695  2695 W MessageQueue: 	at android.os.Handler.sendMessageAtTime(Handler.java:718)
11-28 13:48:44.118  2695  2695 W MessageQueue: 	at android.os.Handler.sendMessageDelayed(Handler.java:688)
11-28 13:48:44.118  2695  2695 W MessageQueue: 	at android.os.Handler.post(Handler.java:405)
11-28 13:48:44.118  2695  2695 W MessageQueue: 	at symlab.CloudAR.ARManager.recognizeTime(ARManager.java:152)
11-28 13:48:44.118  2695  2695 W MessageQueue: 	at symlab.ARHUD.MainActivity$3.onPreviewFrame(MainActivity.java:296)
11-28 13:48:44.118  2695  2695 W MessageQueue: 	at android.hardware.Camera$EventHandler.handleMessage(Camera.java:1278)
11-28 13:48:44.118  2695  2695 W MessageQueue: 	at android.os.Handler.dispatchMessage(Handler.java:112)
11-28 13:48:44.118  2695  2695 W MessageQueue: 	at android.os.Looper.loop(Looper.java:216)
11-28 13:48:44.118  2695  2695 W MessageQueue: 	at android.app.ActivityThread.main(ActivityThread.java:7579)
11-28 13:48:44.118  2695  2695 W MessageQueue: 	at java.lang.reflect.Method.invoke(Native Method)
11-28 13:48:44.118  2695  2695 W MessageQueue: 	at com.android.internal.os.RuntimeInit$MethodAndArgsCaller.run(RuntimeInit.java:524)
11-28 13:48:44.118  2695  2695 W MessageQueue: 	at com.android.internal.os.ZygoteInit.main(ZygoteInit.java:1034)
11-28 13:48:44.119  2695  2695 W MessageQueue: Handler (android.os.Handler) {67e9d44} sending message to a Handler on a dead thread
11-28 13:48:44.119  2695  2695 W MessageQueue: java.lang.IllegalStateException: Handler (android.os.Handler) {67e9d44} sending message to a Handler on a dead thread
11-28 13:48:44.119  2695  2695 W MessageQueue: 	at android.os.MessageQueue.enqueueMessage(MessageQueue.java:650)
11-28 13:48:44.119  2695  2695 W MessageQueue: 	at android.os.Handler.enqueueMessage(Handler.java:769)
11-28 13:48:44.119  2695  2695 W MessageQueue: 	at android.os.Handler.sendMessageAtTime(Handler.java:718)
11-28 13:48:44.119  2695  2695 W MessageQueue: 	at android.os.Handler.sendMessageDelayed(Handler.java:688)
11-28 13:48:44.119  2695  2695 W MessageQueue: 	at android.os.Handler.post(Handler.java:405)
11-28 13:48:44.119  2695  2695 W MessageQueue: 	at symlab.CloudAR.ARManager.driveFrame(ARManager.java:157)
11-28 13:48:44.119  2695  2695 W MessageQueue: 	at symlab.ARHUD.MainActivity$3.onPreviewFrame(MainActivity.java:297)
11-28 13:48:44.119  2695  2695 W MessageQueue: 	at android.hardware.Camera$EventHandler.handleMessage(Camera.java:1278)
11-28 13:48:44.119  2695  2695 W MessageQueue: 	at android.os.Handler.dispatchMessage(Handler.java:112)
11-28 13:48:44.119  2695  2695 W MessageQueue: 	at android.os.Looper.loop(Looper.java:216)
11-28 13:48:44.119  2695  2695 W MessageQueue: 	at android.app.ActivityThread.main(ActivityThread.java:7579)
11-28 13:48:44.119  2695  2695 W MessageQueue: 	at java.lang.reflect.Method.invoke(Native Method)
11-28 13:48:44.119  2695  2695 W MessageQueue: 	at com.android.internal.os.RuntimeInit$MethodAndArgsCaller.run(RuntimeInit.java:524)
11-28 13:48:44.119  2695  2695 W MessageQueue: 	at com.android.internal.os.ZygoteInit.main(ZygoteInit.java:1034)
11-28 13:48:44.152  2695  2695 W MessageQueue: Handler (android.os.Handler) {67e9d44} sending message to a Handler on a dead thread
11-28 13:48:44.152  2695  2695 W MessageQueue: java.lang.IllegalStateException: Handler (android.os.Handler) {67e9d44} sending message to a Handler on a dead thread
11-28 13:48:44.152  2695  2695 W MessageQueue: 	at android.os.MessageQueue.enqueueMessage(MessageQueue.java:650)
11-28 13:48:44.152  2695  2695 W MessageQueue: 	at android.os.Handler.enqueueMessage(Handler.java:769)
11-28 13:48:44.152  2695  2695 W MessageQueue: 	at android.os.Handler.sendMessageAtTime(Handler.java:718)
11-28 13:48:44.152  2695  2695 W MessageQueue: 	at android.os.Handler.sendMessageDelayed(Handler.java:688)
11-28 13:48:44.152  2695  2695 W MessageQueue: 	at android.os.Handler.post(Handler.java:405)
11-28 13:48:44.152  2695  2695 W MessageQueue: 	at symlab.CloudAR.ARManager.recognizeTime(ARManager.java:152)
11-28 13:48:44.152  2695  2695 W MessageQueue: 	at symlab.ARHUD.MainActivity$3.onPreviewFrame(MainActivity.java:296)
11-28 13:48:44.152  2695  2695 W MessageQueue: 	at android.hardware.Camera$EventHandler.handleMessage(Camera.java:1278)
11-28 13:48:44.152  2695  2695 W MessageQueue: 	at android.os.Handler.dispatchMessage(Handler.java:112)
11-28 13:48:44.152  2695  2695 W MessageQueue: 	at android.os.Looper.loop(Looper.java:216)
11-28 13:48:44.152  2695  2695 W MessageQueue: 	at android.app.ActivityThread.main(ActivityThread.java:7579)
11-28 13:48:44.152  2695  2695 W MessageQueue: 	at java.lang.reflect.Method.invoke(Native Method)
11-28 13:48:44.152  2695  2695 W MessageQueue: 	at com.android.internal.os.RuntimeInit$MethodAndArgsCaller.run(RuntimeInit.java:524)
11-28 13:48:44.152  2695  2695 W MessageQueue: 	at com.android.internal.os.ZygoteInit.main(ZygoteInit.java:1034)
11-28 13:48:44.152  2695  2695 W MessageQueue: Handler (android.os.Handler) {67e9d44} sending message to a Handler on a dead thread
11-28 13:48:44.152  2695  2695 W MessageQueue: java.lang.IllegalStateException: Handler (android.os.Handler) {67e9d44} sending message to a Handler on a dead thread
11-28 13:48:44.152  2695  2695 W MessageQueue: 	at android.os.MessageQueue.enqueueMessage(MessageQueue.java:650)
11-28 13:48:44.152  2695  2695 W MessageQueue: 	at android.os.Handler.enqueueMessage(Handler.java:769)
11-28 13:48:44.152  2695  2695 W MessageQueue: 	at android.os.Handler.sendMessageAtTime(Handler.java:718)
11-28 13:48:44.152  2695  2695 W MessageQueue: 	at android.os.Handler.sendMessageDelayed(Handler.java:688)
11-28 13:48:44.152  2695  2695 W MessageQueue: 	at android.os.Handler.post(Handler.java:405)
11-28 13:48:44.152  2695  2695 W MessageQueue: 	at symlab.CloudAR.ARManager.driveFrame(ARManager.java:157)
11-28 13:48:44.152  2695  2695 W MessageQueue: 	at symlab.ARHUD.MainActivity$3.onPreviewFrame(MainActivity.java:297)
11-28 13:48:44.152  2695  2695 W MessageQueue: 	at android.hardware.Camera$EventHandler.handleMessage(Camera.java:1278)
11-28 13:48:44.152  2695  2695 W MessageQueue: 	at android.os.Handler.dispatchMessage(Handler.java:112)
11-28 13:48:44.152  2695  2695 W MessageQueue: 	at android.os.Looper.loop(Looper.java:216)
11-28 13:48:44.152  2695  2695 W MessageQueue: 	at android.app.ActivityThread.main(ActivityThread.java:7579)
11-28 13:48:44.152  2695  2695 W MessageQueue: 	at java.lang.reflect.Method.invoke(Native Method)
11-28 13:48:44.152  2695  2695 W MessageQueue: 	at com.android.internal.os.RuntimeInit$MethodAndArgsCaller.run(RuntimeInit.java:524)
11-28 13:48:44.152  2695  2695 W MessageQueue: 	at com.android.internal.os.ZygoteInit.main(ZygoteInit.java:1034)
11-28 13:48:44.192  2695  2695 W MessageQueue: Handler (android.os.Handler) {67e9d44} sending message to a Handler on a dead thread
11-28 13:48:44.192  2695  2695 W MessageQueue: java.lang.IllegalStateException: Handler (android.os.Handler) {67e9d44} sending message to a Handler on a dead thread
11-28 13:48:44.192  2695  2695 W MessageQueue: 	at android.os.MessageQueue.enqueueMessage(MessageQueue.java:650)
11-28 13:48:44.192  2695  2695 W MessageQueue: 	at android.os.Handler.enqueueMessage(Handler.java:769)
11-28 13:48:44.192  2695  2695 W MessageQueue: 	at android.os.Handler.sendMessageAtTime(Handler.java:718)
11-28 13:48:44.192  2695  2695 W MessageQueue: 	at android.os.Handler.sendMessageDelayed(Handler.java:688)
11-28 13:48:44.192  2695  2695 W MessageQueue: 	at android.os.Handler.post(Handler.java:405)
11-28 13:48:44.192  2695  2695 W MessageQueue: 	at symlab.CloudAR.ARManager.recognizeTime(ARManager.java:152)
11-28 13:48:44.192  2695  2695 W MessageQueue: 	at symlab.ARHUD.MainActivity$3.onPreviewFrame(MainActivity.java:296)
11-28 13:48:44.192  2695  2695 W MessageQueue: 	at android.hardware.Camera$EventHandler.handleMessage(Camera.java:1278)
11-28 13:48:44.192  2695  2695 W MessageQueue: 	at android.os.Handler.dispatchMessage(Handler.java:112)
11-28 13:48:44.192  2695  2695 W MessageQueue: 	at android.os.Looper.loop(Looper.java:216)
11-28 13:48:44.192  2695  2695 W MessageQueue: 	at android.app.ActivityThread.main(ActivityThread.java:7579)
11-28 13:48:44.192  2695  2695 W MessageQueue: 	at java.lang.reflect.Method.invoke(Native Method)
11-28 13:48:44.192  2695  2695 W MessageQueue: 	at com.android.internal.os.RuntimeInit$MethodAndArgsCaller.run(RuntimeInit.java:524)
11-28 13:48:44.192  2695  2695 W MessageQueue: 	at com.android.internal.os.ZygoteInit.main(ZygoteInit.java:1034)
11-28 13:48:44.193  2695  2695 W MessageQueue: Handler (android.os.Handler) {67e9d44} sending message to a Handler on a dead thread
11-28 13:48:44.193  2695  2695 W MessageQueue: java.lang.IllegalStateException: Handler (android.os.Handler) {67e9d44} sending message to a Handler on a dead thread
11-28 13:48:44.193  2695  2695 W MessageQueue: 	at android.os.MessageQueue.enqueueMessage(MessageQueue.java:650)
11-28 13:48:44.193  2695  2695 W MessageQueue: 	at android.os.Handler.enqueueMessage(Handler.java:769)
11-28 13:48:44.193  2695  2695 W MessageQueue: 	at android.os.Handler.sendMessageAtTime(Handler.java:718)
11-28 13:48:44.193  2695  2695 W MessageQueue: 	at android.os.Handler.sendMessageDelayed(Handler.java:688)
11-28 13:48:44.193  2695  2695 W MessageQueue: 	at android.os.Handler.post(Handler.java:405)
11-28 13:48:44.193  2695  2695 W MessageQueue: 	at symlab.CloudAR.ARManager.driveFrame(ARManager.java:157)
11-28 13:48:44.193  2695  2695 W MessageQueue: 	at symlab.ARHUD.MainActivity$3.onPreviewFrame(MainActivity.java:297)
11-28 13:48:44.193  2695  2695 W MessageQueue: 	at android.hardware.Camera$EventHandler.handleMessage(Camera.java:1278)
11-28 13:48:44.193  2695  2695 W MessageQueue: 	at android.os.Handler.dispatchMessage(Handler.java:112)
11-28 13:48:44.193  2695  2695 W MessageQueue: 	at android.os.Looper.loop(Looper.java:216)
11-28 13:48:44.193  2695  2695 W MessageQueue: 	at android.app.ActivityThread.main(ActivityThread.java:7579)
11-28 13:48:44.193  2695  2695 W MessageQueue: 	at java.lang.reflect.Method.invoke(Native Method)
11-28 13:48:44.193  2695  2695 W MessageQueue: 	at com.android.internal.os.RuntimeInit$MethodAndArgsCaller.run(RuntimeInit.java:524)
11-28 13:48:44.193  2695  2695 W MessageQueue: 	at com.android.internal.os.ZygoteInit.main(ZygoteInit.java:1034)
11-28 13:48:44.222  2695  2695 W MessageQueue: Handler (android.os.Handler) {67e9d44} sending message to a Handler on a dead thread
11-28 13:48:44.222  2695  2695 W MessageQueue: java.lang.IllegalStateException: Handler (android.os.Handler) {67e9d44} sending message to a Handler on a dead thread
11-28 13:48:44.222  2695  2695 W MessageQueue: 	at android.os.MessageQueue.enqueueMessage(MessageQueue.java:650)
11-28 13:48:44.222  2695  2695 W MessageQueue: 	at android.os.Handler.enqueueMessage(Handler.java:769)
11-28 13:48:44.222  2695  2695 W MessageQueue: 	at android.os.Handler.sendMessageAtTime(Handler.java:718)
11-28 13:48:44.222  2695  2695 W MessageQueue: 	at android.os.Handler.sendMessageDelayed(Handler.java:688)
11-28 13:48:44.222  2695  2695 W MessageQueue: 	at android.os.Handler.post(Handler.java:405)
11-28 13:48:44.222  2695  2695 W MessageQueue: 	at symlab.CloudAR.ARManager.recognizeTime(ARManager.java:152)
11-28 13:48:44.222  2695  2695 W MessageQueue: 	at symlab.ARHUD.MainActivity$3.onPreviewFrame(MainActivity.java:296)
11-28 13:48:44.222  2695  2695 W MessageQueue: 	at android.hardware.Camera$EventHandler.handleMessage(Camera.java:1278)
11-28 13:48:44.222  2695  2695 W MessageQueue: 	at android.os.Handler.dispatchMessage(Handler.java:112)
11-28 13:48:44.222  2695  2695 W MessageQueue: 	at android.os.Looper.loop(Looper.java:216)
11-28 13:48:44.222  2695  2695 W MessageQueue: 	at android.app.ActivityThread.main(ActivityThread.java:7579)
11-28 13:48:44.222  2695  2695 W MessageQueue: 	at java.lang.reflect.Method.invoke(Native Method)
11-28 13:48:44.222  2695  2695 W MessageQueue: 	at com.android.internal.os.RuntimeInit$MethodAndArgsCaller.run(RuntimeInit.java:524)
11-28 13:48:44.222  2695  2695 W MessageQueue: 	at com.android.internal.os.ZygoteInit.main(ZygoteInit.java:1034)
11-28 13:48:44.222  2695  2695 W MessageQueue: Handler (android.os.Handler) {67e9d44} sending message to a Handler on a dead thread
11-28 13:48:44.222  2695  2695 W MessageQueue: java.lang.IllegalStateException: Handler (android.os.Handler) {67e9d44} sending message to a Handler on a dead thread
11-28 13:48:44.222  2695  2695 W MessageQueue: 	at android.os.MessageQueue.enqueueMessage(MessageQueue.java:650)
11-28 13:48:44.222  2695  2695 W MessageQueue: 	at android.os.Handler.enqueueMessage(Handler.java:769)
11-28 13:48:44.222  2695  2695 W MessageQueue: 	at android.os.Handler.sendMessageAtTime(Handler.java:718)
11-28 13:48:44.222  2695  2695 W MessageQueue: 	at android.os.Handler.sendMessageDelayed(Handler.java:688)
11-28 13:48:44.222  2695  2695 W MessageQueue: 	at android.os.Handler.post(Handler.java:405)
11-28 13:48:44.222  2695  2695 W MessageQueue: 	at symlab.CloudAR.ARManager.driveFrame(ARManager.java:157)
11-28 13:48:44.222  2695  2695 W MessageQueue: 	at symlab.ARHUD.MainActivity$3.onPreviewFrame(MainActivity.java:297)
11-28 13:48:44.222  2695  2695 W MessageQueue: 	at android.hardware.Camera$EventHandler.handleMessage(Camera.java:1278)
11-28 13:48:44.222  2695  2695 W MessageQueue: 	at android.os.Handler.dispatchMessage(Handler.java:112)
11-28 13:48:44.222  2695  2695 W MessageQueue: 	at android.os.Looper.loop(Looper.java:216)
11-28 13:48:44.222  2695  2695 W MessageQueue: 	at android.app.ActivityThread.main(ActivityThread.java:7579)
11-28 13:48:44.222  2695  2695 W MessageQueue: 	at java.lang.reflect.Method.invoke(Native Method)
11-28 13:48:44.222  2695  2695 W MessageQueue: 	at com.android.internal.os.RuntimeInit$MethodAndArgsCaller.run(RuntimeInit.java:524)
11-28 13:48:44.222  2695  2695 W MessageQueue: 	at com.android.internal.os.ZygoteInit.main(ZygoteInit.java:1034)
11-28 13:48:44.255  2695  2695 W MessageQueue: Handler (android.os.Handler) {67e9d44} sending message to a Handler on a dead thread
11-28 13:48:44.255  2695  2695 W MessageQueue: java.lang.IllegalStateException: Handler (android.os.Handler) {67e9d44} sending message to a Handler on a dead thread
11-28 13:48:44.255  2695  2695 W MessageQueue: 	at android.os.MessageQueue.enqueueMessage(MessageQueue.java:650)
11-28 13:48:44.255  2695  2695 W MessageQueue: 	at android.os.Handler.enqueueMessage(Handler.java:769)
11-28 13:48:44.255  2695  2695 W MessageQueue: 	at android.os.Handler.sendMessageAtTime(Handler.java:718)
11-28 13:48:44.255  2695  2695 W MessageQueue: 	at android.os.Handler.sendMessageDelayed(Handler.java:688)
11-28 13:48:44.255  2695  2695 W MessageQueue: 	at android.os.Handler.post(Handler.java:405)
11-28 13:48:44.255  2695  2695 W MessageQueue: 	at symlab.CloudAR.ARManager.recognizeTime(ARManager.java:152)
11-28 13:48:44.255  2695  2695 W MessageQueue: 	at symlab.ARHUD.MainActivity$3.onPreviewFrame(MainActivity.java:296)
11-28 13:48:44.255  2695  2695 W MessageQueue: 	at android.hardware.Camera$EventHandler.handleMessage(Camera.java:1278)
11-28 13:48:44.255  2695  2695 W MessageQueue: 	at android.os.Handler.dispatchMessage(Handler.java:112)
11-28 13:48:44.255  2695  2695 W MessageQueue: 	at android.os.Looper.loop(Looper.java:216)
11-28 13:48:44.255  2695  2695 W MessageQueue: 	at android.app.ActivityThread.main(ActivityThread.java:7579)
11-28 13:48:44.255  2695  2695 W MessageQueue: 	at java.lang.reflect.Method.invoke(Native Method)
11-28 13:48:44.255  2695  2695 W MessageQueue: 	at com.android.internal.os.RuntimeInit$MethodAndArgsCaller.run(RuntimeInit.java:524)
11-28 13:48:44.255  2695  2695 W MessageQueue: 	at com.android.internal.os.ZygoteInit.main(ZygoteInit.java:1034)
11-28 13:48:44.256  2695  2695 W MessageQueue: Handler (android.os.Handler) {67e9d44} sending message to a Handler on a dead thread
11-28 13:48:44.256  2695  2695 W MessageQueue: java.lang.IllegalStateException: Handler (android.os.Handler) {67e9d44} sending message to a Handler on a dead thread
11-28 13:48:44.256  2695  2695 W MessageQueue: 	at android.os.MessageQueue.enqueueMessage(MessageQueue.java:650)
11-28 13:48:44.256  2695  2695 W MessageQueue: 	at android.os.Handler.enqueueMessage(Handler.java:769)
11-28 13:48:44.256  2695  2695 W MessageQueue: 	at android.os.Handler.sendMessageAtTime(Handler.java:718)
11-28 13:48:44.256  2695  2695 W MessageQueue: 	at android.os.Handler.sendMessageDelayed(Handler.java:688)
11-28 13:48:44.256  2695  2695 W MessageQueue: 	at android.os.Handler.post(Handler.java:405)
11-28 13:48:44.256  2695  2695 W MessageQueue: 	at symlab.CloudAR.ARManager.driveFrame(ARManager.java:157)
11-28 13:48:44.256  2695  2695 W MessageQueue: 	at symlab.ARHUD.MainActivity$3.onPreviewFrame(MainActivity.java:297)
11-28 13:48:44.256  2695  2695 W MessageQueue: 	at android.hardware.Camera$EventHandler.handleMessage(Camera.java:1278)
11-28 13:48:44.256  2695  2695 W MessageQueue: 	at android.os.Handler.dispatchMessage(Handler.java:112)
11-28 13:48:44.256  2695  2695 W MessageQueue: 	at android.os.Looper.loop(Looper.java:216)
11-28 13:48:44.256  2695  2695 W MessageQueue: 	at android.app.ActivityThread.main(ActivityThread.java:7579)
11-28 13:48:44.256  2695  2695 W MessageQueue: 	at java.lang.reflect.Method.invoke(Native Method)
11-28 13:48:44.256  2695  2695 W MessageQueue: 	at com.android.internal.os.RuntimeInit$MethodAndArgsCaller.run(RuntimeInit.java:524)
11-28 13:48:44.256  2695  2695 W MessageQueue: 	at com.android.internal.os.ZygoteInit.main(ZygoteInit.java:1034)
11-28 13:48:44.285  2695  2695 W MessageQueue: Handler (android.os.Handler) {67e9d44} sending message to a Handler on a dead thread
11-28 13:48:44.285  2695  2695 W MessageQueue: java.lang.IllegalStateException: Handler (android.os.Handler) {67e9d44} sending message to a Handler on a dead thread
11-28 13:48:44.285  2695  2695 W MessageQueue: 	at android.os.MessageQueue.enqueueMessage(MessageQueue.java:650)
11-28 13:48:44.285  2695  2695 W MessageQueue: 	at android.os.Handler.enqueueMessage(Handler.java:769)
11-28 13:48:44.285  2695  2695 W MessageQueue: 	at android.os.Handler.sendMessageAtTime(Handler.java:718)
11-28 13:48:44.285  2695  2695 W MessageQueue: 	at android.os.Handler.sendMessageDelayed(Handler.java:688)
11-28 13:48:44.285  2695  2695 W MessageQueue: 	at android.os.Handler.post(Handler.java:405)
11-28 13:48:44.285  2695  2695 W MessageQueue: 	at symlab.CloudAR.ARManager.recognizeTime(ARManager.java:152)
11-28 13:48:44.285  2695  2695 W MessageQueue: 	at symlab.ARHUD.MainActivity$3.onPreviewFrame(MainActivity.java:296)
11-28 13:48:44.285  2695  2695 W MessageQueue: 	at android.hardware.Camera$EventHandler.handleMessage(Camera.java:1278)
11-28 13:48:44.285  2695  2695 W MessageQueue: 	at android.os.Handler.dispatchMessage(Handler.java:112)
11-28 13:48:44.285  2695  2695 W MessageQueue: 	at android.os.Looper.loop(Looper.java:216)
11-28 13:48:44.285  2695  2695 W MessageQueue: 	at android.app.ActivityThread.main(ActivityThread.java:7579)
11-28 13:48:44.285  2695  2695 W MessageQueue: 	at java.lang.reflect.Method.invoke(Native Method)
11-28 13:48:44.285  2695  2695 W MessageQueue: 	at com.android.internal.os.RuntimeInit$MethodAndArgsCaller.run(RuntimeInit.java:524)
11-28 13:48:44.285  2695  2695 W MessageQueue: 	at com.android.internal.os.ZygoteInit.main(ZygoteInit.java:1034)
11-28 13:48:44.285  2695  2695 W MessageQueue: Handler (android.os.Handler) {67e9d44} sending message to a Handler on a dead thread
11-28 13:48:44.285  2695  2695 W MessageQueue: java.lang.IllegalStateException: Handler (android.os.Handler) {67e9d44} sending message to a Handler on a dead thread
11-28 13:48:44.285  2695  2695 W MessageQueue: 	at android.os.MessageQueue.enqueueMessage(MessageQueue.java:650)
11-28 13:48:44.285  2695  2695 W MessageQueue: 	at android.os.Handler.enqueueMessage(Handler.java:769)
11-28 13:48:44.285  2695  2695 W MessageQueue: 	at android.os.Handler.sendMessageAtTime(Handler.java:718)
11-28 13:48:44.285  2695  2695 W MessageQueue: 	at android.os.Handler.sendMessageDelayed(Handler.java:688)
11-28 13:48:44.285  2695  2695 W MessageQueue: 	at android.os.Handler.post(Handler.java:405)
11-28 13:48:44.285  2695  2695 W MessageQueue: 	at symlab.CloudAR.ARManager.driveFrame(ARManager.java:157)
11-28 13:48:44.285  2695  2695 W MessageQueue: 	at symlab.ARHUD.MainActivity$3.onPreviewFrame(MainActivity.java:297)
11-28 13:48:44.285  2695  2695 W MessageQueue: 	at android.hardware.Camera$EventHandler.handleMessage(Camera.java:1278)
11-28 13:48:44.285  2695  2695 W MessageQueue: 	at android.os.Handler.dispatchMessage(Handler.java:112)
11-28 13:48:44.285  2695  2695 W MessageQueue: 	at android.os.Looper.loop(Looper.java:216)
11-28 13:48:44.285  2695  2695 W MessageQueue: 	at android.app.ActivityThread.main(ActivityThread.java:7579)
11-28 13:48:44.285  2695  2695 W MessageQueue: 	at java.lang.reflect.Method.invoke(Native Method)
11-28 13:48:44.285  2695  2695 W MessageQueue: 	at com.android.internal.os.RuntimeInit$MethodAndArgsCaller.run(RuntimeInit.java:524)
11-28 13:48:44.285  2695  2695 W MessageQueue: 	at com.android.internal.os.ZygoteInit.main(ZygoteInit.java:1034)
11-28 13:48:44.330  2695  2695 W MessageQueue: Handler (android.os.Handler) {67e9d44} sending message to a Handler on a dead thread
11-28 13:48:44.330  2695  2695 W MessageQueue: java.lang.IllegalStateException: Handler (android.os.Handler) {67e9d44} sending message to a Handler on a dead thread
11-28 13:48:44.330  2695  2695 W MessageQueue: 	at android.os.MessageQueue.enqueueMessage(MessageQueue.java:650)
11-28 13:48:44.330  2695  2695 W MessageQueue: 	at android.os.Handler.enqueueMessage(Handler.java:769)
11-28 13:48:44.330  2695  2695 W MessageQueue: 	at android.os.Handler.sendMessageAtTime(Handler.java:718)
11-28 13:48:44.330  2695  2695 W MessageQueue: 	at android.os.Handler.sendMessageDelayed(Handler.java:688)
11-28 13:48:44.330  2695  2695 W MessageQueue: 	at android.os.Handler.post(Handler.java:405)
11-28 13:48:44.330  2695  2695 W MessageQueue: 	at symlab.CloudAR.ARManager.recognizeTime(ARManager.java:152)
11-28 13:48:44.330  2695  2695 W MessageQueue: 	at symlab.ARHUD.MainActivity$3.onPreviewFrame(MainActivity.java:296)
11-28 13:48:44.330  2695  2695 W MessageQueue: 	at android.hardware.Camera$EventHandler.handleMessage(Camera.java:1278)
11-28 13:48:44.330  2695  2695 W MessageQueue: 	at android.os.Handler.dispatchMessage(Handler.java:112)
11-28 13:48:44.330  2695  2695 W MessageQueue: 	at android.os.Looper.loop(Looper.java:216)
11-28 13:48:44.330  2695  2695 W MessageQueue: 	at android.app.ActivityThread.main(ActivityThread.java:7579)
11-28 13:48:44.330  2695  2695 W MessageQueue: 	at java.lang.reflect.Method.invoke(Native Method)
11-28 13:48:44.330  2695  2695 W MessageQueue: 	at com.android.internal.os.RuntimeInit$MethodAndArgsCaller.run(RuntimeInit.java:524)
11-28 13:48:44.330  2695  2695 W MessageQueue: 	at com.android.internal.os.ZygoteInit.main(ZygoteInit.java:1034)
11-28 13:48:44.334  2695  2695 W MessageQueue: Handler (android.os.Handler) {67e9d44} sending message to a Handler on a dead thread
11-28 13:48:44.334  2695  2695 W MessageQueue: java.lang.IllegalStateException: Handler (android.os.Handler) {67e9d44} sending message to a Handler on a dead thread
11-28 13:48:44.334  2695  2695 W MessageQueue: 	at android.os.MessageQueue.enqueueMessage(MessageQueue.java:650)
11-28 13:48:44.334  2695  2695 W MessageQueue: 	at android.os.Handler.enqueueMessage(Handler.java:769)
11-28 13:48:44.334  2695  2695 W MessageQueue: 	at android.os.Handler.sendMessageAtTime(Handler.java:718)
11-28 13:48:44.334  2695  2695 W MessageQueue: 	at android.os.Handler.sendMessageDelayed(Handler.java:688)
11-28 13:48:44.334  2695  2695 W MessageQueue: 	at android.os.Handler.post(Handler.java:405)
11-28 13:48:44.334  2695  2695 W MessageQueue: 	at symlab.CloudAR.ARManager.driveFrame(ARManager.java:157)
11-28 13:48:44.334  2695  2695 W MessageQueue: 	at symlab.ARHUD.MainActivity$3.onPreviewFrame(MainActivity.java:297)
11-28 13:48:44.334  2695  2695 W MessageQueue: 	at android.hardware.Camera$EventHandler.handleMessage(Camera.java:1278)
11-28 13:48:44.334  2695  2695 W MessageQueue: 	at android.os.Handler.dispatchMessage(Handler.java:112)
11-28 13:48:44.334  2695  2695 W MessageQueue: 	at android.os.Looper.loop(Looper.java:216)
11-28 13:48:44.334  2695  2695 W MessageQueue: 	at android.app.ActivityThread.main(ActivityThread.java:7579)
11-28 13:48:44.334  2695  2695 W MessageQueue: 	at java.lang.reflect.Method.invoke(Native Method)
