--------- beginning of main
11-28 13:36:08.907 30074 30074 I loudridar.arhu: Late-enabling -Xcheck:jni
11-28 13:36:08.939 30074 30074 I loudridar.arhu: Reinit property: dalvik.vm.checkjni= false
11-28 13:36:08.952 30074 30074 D ZrHung.AppEyeUiProbe: AppEyeUIP created.
11-28 13:36:08.954 30074 30074 E libc    : Access denied finding property "runtime.mmitest.isrunning"
11-28 13:36:08.951 30074 30074 W re-initialized>: type=1400 audit(0.0:36021): avc: denied { read } for name="u:object_r:mmi_prop:s0" dev="tmpfs" ino=16663 scontext=u:r:untrusted_app:s0:c147,c256,c512,c768 tcontext=u:object_r:mmi_prop:s0 tclass=file permissive=0
--------- beginning of system
11-28 13:36:08.956 30074 30074 D ActivityThread: Attach thread to application
11-28 13:36:08.958 30074 30084 E loudridar.arhu: Failed to send DDMS packet REAQ to debugger (-1 of 20): Broken pipe
11-28 13:36:09.043 30074 30102 I HwApiCacheMangerEx: apicache path=/storage/emulated/0 state=mounted key=symlab.cloudridar.arhud#10147#256
11-28 13:36:09.044 30074 30102 I HwApiCacheMangerEx: apicache path=/storage/emulated/0 state=mounted key=symlab.cloudridar.arhud#10147#0
11-28 13:36:09.106 30074 30074 I loudridar.arhu: QarthPatchMonintor::Init
11-28 13:36:09.106 30074 30074 I loudridar.arhu: 
11-28 13:36:09.106 30074 30074 I loudridar.arhu: QarthPatchMonintor::StartWatch
11-28 13:36:09.106 30074 30074 I loudridar.arhu: 
11-28 13:36:09.106 30074 30074 I loudridar.arhu: QarthPatchMonintor::WatchPackage: /data/hotpatch/fwkhotpatch/
11-28 13:36:09.106 30074 30074 I loudridar.arhu: 
11-28 13:36:09.106 30074 30074 I loudridar.arhu: QarthPatchMonintor::CheckAndWatchPatch: /data/hotpatch/fwkhotpatch/symlab.cloudridar.arhud
11-28 13:36:09.106 30074 30074 I loudridar.arhu: 
11-28 13:36:09.106 30074 30074 I loudridar.arhu: QarthPatchMonintor::CheckAndWatchPatch: /data/hotpatch/fwkhotpatch/all
11-28 13:36:09.106 30074 30074 I loudridar.arhu: 
11-28 13:36:09.106 30074 30074 I loudridar.arhu: QarthPatchMonintor::Run
11-28 13:36:09.106 30074 30074 I loudridar.arhu: 
11-28 13:36:09.107 30074 30109 I loudridar.arhu: QarthPatchMonintor::Reading
11-28 13:36:09.107 30074 30109 I loudridar.arhu: 
11-28 13:36:09.107 30074 30109 I loudridar.arhu: QarthPatchMonintor::CheckNotifyEvent
11-28 13:36:09.107 30074 30109 I loudridar.arhu: 
11-28 13:36:09.107 30074 30109 I loudridar.arhu: QarthPatchMonintor::CheckNotifyEvent before read
11-28 13:36:09.107 30074 30109 I loudridar.arhu: 
11-28 13:36:09.110 30074 30074 I MultiDex: VM with version 2.1.0 has multidex support
11-28 13:36:09.111 30074 30074 I MultiDex: Installing application
11-28 13:36:09.111 30074 30074 I MultiDex: VM has multidex support, MultiDex support library is disabled.
11-28 13:36:09.113 30074 30102 I AwareBitmapCacher: init processName:symlab.cloudridar.arhud pid=30074 uid=10147
11-28 13:36:09.114 30074 30110 E AwareLog: AtomicFileUtils: readFileLines file not exist: android.util.AtomicFile@919d802
11-28 13:36:09.115 30074 30074 I FirebaseInitProvider: FirebaseApp initialization unsuccessful
11-28 13:36:09.116 30074 30110 E AwareLog: AtomicFileUtils: readFileLines file not exist: android.util.AtomicFile@aae350
11-28 13:36:09.126 30074 30074 D ZrHung.AppEyeUiProbe: notify runnable to start.
11-28 13:36:09.127 30074 30116 D ZrHung.AppEyeUiProbe: Runnable thread started.
11-28 13:36:09.127 30074 30116 D IMonitor: Load library imonitor_jni
11-28 13:36:09.130 30074 30116 E         : [ZeroHung]zrhung_get_config: Get config failed for wp[0x0102]
11-28 13:36:09.130 30074 30116 W ZrHung.AppEyeUiProbe: Failed to get config from zrhung
11-28 13:36:09.133 30074 30074 I MultiDex: Installing application
11-28 13:36:09.133 30074 30074 I MultiDex: VM has multidex support, MultiDex support library is disabled.
11-28 13:36:09.131 30114 30114 W logcat  : type=1400 audit(0.0:36022): avc: granted { create } for name="logcat_1574940969116.txt" scontext=u:r:untrusted_app:s0:c147,c256,c512,c768 tcontext=u:object_r:sdcardfs:s0:c147,c256,c512,c768 tclass=file
11-28 13:36:09.135 30074 30074 V ActivityThread: callActivityOnCreate
11-28 13:36:09.135 30074 30074 I Poster  :  onCreate() called.
11-28 13:36:09.138 30074 30074 I HwApsImpl: APS: new HwApsImpl created
11-28 13:36:09.144 30074 30074 V HwWidgetFactory: : successes to get AllImpl object and return....
11-28 13:36:09.151 30074 30074 D OpenGLRenderer: Skia GL Pipeline
11-28 13:36:09.172 30074 30074 D Poster  : Server details are IP 193.166.28.132 and port 52727
11-28 13:36:09.177 30074 30074 D Poster  : Server bound to IP 193.166.28.132 and port 52727
11-28 13:36:09.182 30074 30074 D ActivityThread: add activity client record, r= ActivityRecord{db8bbd token=android.os.BinderProxy@c62e47c {symlab.cloudridar.arhud/symlab.ARHUD.MainActivity}} token= android.os.BinderProxy@c62e47c
11-28 13:36:09.184 30074 30074 I Poster  :  onStart() called.
11-28 13:36:09.185 30074 30074 D ZrHung.AppEyeUiProbe: notify runnable to start.
11-28 13:36:09.186 30074 30074 I Poster  :  onResume() called.
11-28 13:36:09.190 30074 30074 I PermissionManager: camera remind result:true
11-28 13:36:09.190 30074 30074 I Camera  : open camera: 0, package name: symlab.cloudridar.arhud
11-28 13:36:09.191 30074 30074 I BackgroundPermManager: pkgName: symlab.cloudridar.arhud,pid: 30074 ,uidOf3RdApk: 10147 ,permType: 0 ,permCfg: 1
11-28 13:36:09.192 30074 30074 I HwCameraUtil: notifySurfaceFlingerCameraStatus : isFront = false , isOpend = true
11-28 13:36:09.201 30074 30074 D ActivityThread: isOptEnabled=false isWechatScanOpt=false
11-28 13:36:09.203 30074 30074 I HwSecImmHelper: mSecurityInputMethodService is null
11-28 13:36:09.215 30074 30074 D OpenGLRenderer:   HWUI Binary is  enabled
11-28 13:36:09.240 30074 30148 D HiTouch_PressGestureDetector: onAttached, package=symlab.cloudridar.arhud, windowType=1, mHiTouchRestricted=false
11-28 13:36:09.250 30074 30143 I ConfigStore: android::hardware::configstore::V1_0::ISurfaceFlingerConfigs::hasWideColorDisplay retrieved: 0
11-28 13:36:09.250 30074 30143 I ConfigStore: android::hardware::configstore::V1_0::ISurfaceFlingerConfigs::hasHDRDisplay retrieved: 0
11-28 13:36:09.251 30074 30143 I iGraphics: [0020080c] pn: symlab.cloudridar.arhud, p: 30074
11-28 13:36:09.251 30074 30143 I OpenGLRenderer: Initialized EGL, version 1.4, mEglDisplay 0x1
11-28 13:36:09.251 30074 30143 D OpenGLRenderer: Swap behavior 2
11-28 13:36:09.253 30074 30074 I Poster  :  surfaceCreated() called.
11-28 13:36:09.253 30074 30074 I Poster  : initPreview() called
11-28 13:36:09.257 30074 30074 I PermissionManager: camera remind result:true
11-28 13:36:09.262 30074 30074 I Poster  :  surfaceChanged() called.
11-28 13:36:09.262 30074 30143 D mali_winsys: EGLint new_window_surface(egl_winsys_display *, void *, EGLSurface, EGLConfig, egl_winsys_surface **, EGLBoolean) returns 0x3000
11-28 13:36:09.280 30074 30074 W InputMethodManager: startInputReason = 1
11-28 13:36:09.294 30074 30074 W InputMethodManager: startInputReason = 5
11-28 13:36:09.929 30074 30088 E         : [ZeroHung]zrhung_get_config: Get config failed for wp[0x0008]
11-28 13:36:09.938 30074 30086 W System  : A resource failed to call close. 
11-28 13:36:09.939 30074 30086 I chatty  : uid=10147(symlab.cloudridar.arhud) FinalizerDaemon identical 10 lines
11-28 13:36:09.939 30074 30086 W System  : A resource failed to call close. 
11-28 13:36:10.296 30074 30124 D Evaluation: 0 res for frame 6 received at 1574940970296
11-28 13:36:11.187 30074 30088 E         : [ZeroHung]zrhung_get_config: Get config failed for wp[0x0008]
11-28 13:36:11.204 30074 30086 W System  : A resource failed to call close. 
11-28 13:36:11.207 30074 30086 I chatty  : uid=10147(symlab.cloudridar.arhud) FinalizerDaemon identical 35 lines
11-28 13:36:11.207 30074 30086 W System  : A resource failed to call close. 
11-28 13:36:12.433 30074 30088 E         : [ZeroHung]zrhung_get_config: Get config failed for wp[0x0008]
11-28 13:36:12.448 30074 30086 W System  : A resource failed to call close. 
11-28 13:36:12.453 30074 30086 I chatty  : uid=10147(symlab.cloudridar.arhud) FinalizerDaemon identical 32 lines
11-28 13:36:12.453 30074 30086 W System  : A resource failed to call close. 
11-28 13:36:13.634 30074 30088 E         : [ZeroHung]zrhung_get_config: Get config failed for wp[0x0008]
11-28 13:36:13.662 30074 30086 W System  : A resource failed to call close. 
11-28 13:36:13.666 30074 30086 I chatty  : uid=10147(symlab.cloudridar.arhud) FinalizerDaemon identical 35 lines
11-28 13:36:13.666 30074 30086 W System  : A resource failed to call close. 
11-28 13:36:14.104 30074 30108 I loudridar.arhu: Starting profile saver IsSaveProfileNow end.
11-28 13:36:14.117 30074 30074 I AwareBitmapCacher: init lrucache size: 2097152 pid=30074
11-28 13:36:14.650 30074 30088 E         : [ZeroHung]zrhung_get_config: Get config failed for wp[0x0008]
11-28 13:36:14.675 30074 30086 W System  : A resource failed to call close. 
11-28 13:36:14.679 30074 30086 I chatty  : uid=10147(symlab.cloudridar.arhud) FinalizerDaemon identical 25 lines
11-28 13:36:14.679 30074 30086 W System  : A resource failed to call close. 
11-28 13:36:15.640 30074 30088 E         : [ZeroHung]zrhung_get_config: Get config failed for wp[0x0008]
11-28 13:36:15.660 30074 30086 W System  : A resource failed to call close. 
11-28 13:36:15.667 30074 30086 I chatty  : uid=10147(symlab.cloudridar.arhud) FinalizerDaemon identical 23 lines
11-28 13:36:15.667 30074 30086 W System  : A resource failed to call close. 
11-28 13:36:16.505 30074 30088 E         : [ZeroHung]zrhung_get_config: Get config failed for wp[0x0008]
11-28 13:36:16.526 30074 30086 W System  : A resource failed to call close. 
11-28 13:36:16.528 30074 30086 I chatty  : uid=10147(symlab.cloudridar.arhud) FinalizerDaemon identical 18 lines
11-28 13:36:16.529 30074 30086 W System  : A resource failed to call close. 
11-28 13:36:16.529 30074 30086 W System  : A resource failed to call close. 
11-28 13:36:16.529 30074 30086 W System  : A resource failed to call close. 
11-28 13:36:16.530 30074 30086 W System  : A resource failed to call close. 
11-28 13:36:16.530 30074 30086 W System  : A resource failed to call close. 
11-28 13:36:16.530 30074 30086 W System  : A resource failed to call close. 
11-28 13:36:16.530 30074 30086 W System  : A resource failed to call close. 
11-28 13:36:17.341 30074 30088 E         : [ZeroHung]zrhung_get_config: Get config failed for wp[0x0008]
11-28 13:36:17.357 30074 30086 W System  : A resource failed to call close. 
11-28 13:36:17.357 30074 30086 W System  : A resource failed to call close. 
11-28 13:36:17.363 30074 30086 I chatty  : uid=10147(symlab.cloudridar.arhud) FinalizerDaemon identical 22 lines
11-28 13:36:17.363 30074 30086 W System  : A resource failed to call close. 
11-28 13:36:18.261 30074 30088 E         : [ZeroHung]zrhung_get_config: Get config failed for wp[0x0008]
11-28 13:36:18.287 30074 30086 W System  : A resource failed to call close. 
11-28 13:36:18.288 30074 30086 I chatty  : uid=10147(symlab.cloudridar.arhud) FinalizerDaemon identical 2 lines
11-28 13:36:18.288 30074 30086 W System  : A resource failed to call close. 
11-28 13:36:18.288 30074 30086 W System  : A resource failed to call close. 
11-28 13:36:18.288 30074 30086 I chatty  : uid=10147(symlab.cloudridar.arhud) FinalizerDaemon identical 3 lines
11-28 13:36:18.288 30074 30086 W System  : A resource failed to call close. 
11-28 13:36:18.289 30074 30086 W System  : A resource failed to call close. 
11-28 13:36:18.290 30074 30086 I chatty  : uid=10147(symlab.cloudridar.arhud) FinalizerDaemon identical 7 lines
11-28 13:36:18.290 30074 30086 W System  : A resource failed to call close. 
11-28 13:36:18.290 30074 30086 W System  : A resource failed to call close. 
11-28 13:36:18.291 30074 30086 I chatty  : uid=10147(symlab.cloudridar.arhud) FinalizerDaemon identical 7 lines
11-28 13:36:18.291 30074 30086 W System  : A resource failed to call close. 
11-28 13:36:19.188 30074 30088 E         : [ZeroHung]zrhung_get_config: Get config failed for wp[0x0008]
11-28 13:36:19.210 30074 30086 W System  : A resource failed to call close. 
11-28 13:36:19.214 30074 30086 I chatty  : uid=10147(symlab.cloudridar.arhud) FinalizerDaemon identical 23 lines
11-28 13:36:19.215 30074 30086 W System  : A resource failed to call close. 
11-28 13:36:19.215 30074 30086 W System  : A resource failed to call close. 
11-28 13:36:20.102 30074 30088 E         : [ZeroHung]zrhung_get_config: Get config failed for wp[0x0008]
11-28 13:36:20.122 30074 30086 W System  : A resource failed to call close. 
11-28 13:36:20.123 30074 30086 I chatty  : uid=10147(symlab.cloudridar.arhud) FinalizerDaemon identical 7 lines
11-28 13:36:20.123 30074 30086 W System  : A resource failed to call close. 
11-28 13:36:20.123 30074 30086 W System  : A resource failed to call close. 
11-28 13:36:20.124 30074 30086 I chatty  : uid=10147(symlab.cloudridar.arhud) FinalizerDaemon identical 16 lines
11-28 13:36:20.124 30074 30086 W System  : A resource failed to call close. 
11-28 13:36:21.034 30074 30088 E         : [ZeroHung]zrhung_get_config: Get config failed for wp[0x0008]
11-28 13:36:21.059 30074 30086 W System  : A resource failed to call close. 
11-28 13:36:21.063 30074 30086 I chatty  : uid=10147(symlab.cloudridar.arhud) FinalizerDaemon identical 26 lines
11-28 13:36:21.063 30074 30086 W System  : A resource failed to call close. 
11-28 13:36:21.939 30074 30088 E         : [ZeroHung]zrhung_get_config: Get config failed for wp[0x0008]
11-28 13:36:21.972 30074 30086 W System  : A resource failed to call close. 
11-28 13:36:21.975 30074 30086 I chatty  : uid=10147(symlab.cloudridar.arhud) FinalizerDaemon identical 14 lines
11-28 13:36:21.976 30074 30086 W System  : A resource failed to call close. 
11-28 13:36:21.976 30074 30086 W System  : A resource failed to call close. 
11-28 13:36:21.976 30074 30086 W System  : A resource failed to call close. 
11-28 13:36:21.976 30074 30086 W System  : A resource failed to call close. 
11-28 13:36:21.976 30074 30086 W System  : A resource failed to call close. 
11-28 13:36:21.976 30074 30086 W System  : A resource failed to call close. 
11-28 13:36:21.977 30074 30086 W System  : A resource failed to call close. 
11-28 13:36:21.981 30074 30086 W System  : A resource failed to call close. 
11-28 13:36:21.984 30074 30086 I chatty  : uid=10147(symlab.cloudridar.arhud) FinalizerDaemon identical 3 lines
11-28 13:36:21.984 30074 30086 W System  : A resource failed to call close. 
11-28 13:36:22.203 30074 30074 D Poster  : At 1574940982202 location is 65.05786988051022 (latitude), and 25.470121976268473 (longitude)
11-28 13:36:22.215 30074 30074 D Poster  : Connected to mobile network 20
11-28 13:36:22.883 30074 30088 E         : [ZeroHung]zrhung_get_config: Get config failed for wp[0x0008]
11-28 13:36:22.900 30074 30086 W System  : A resource failed to call close. 
11-28 13:36:22.901 30074 30086 I chatty  : uid=10147(symlab.cloudridar.arhud) FinalizerDaemon identical 6 lines
11-28 13:36:22.901 30074 30086 W System  : A resource failed to call close. 
11-28 13:36:22.901 30074 30086 W System  : A resource failed to call close. 
11-28 13:36:22.904 30074 30086 I chatty  : uid=10147(symlab.cloudridar.arhud) FinalizerDaemon identical 17 lines
11-28 13:36:22.904 30074 30086 W System  : A resource failed to call close. 
11-28 13:36:23.190 30074 30074 D Poster  : At 1574940983190 location is 65.05796853313197 (latitude), and 25.47010986604218 (longitude)
11-28 13:36:23.192 30074 30074 D Poster  : Connected to mobile network 20
11-28 13:36:23.822 30074 30088 E         : [ZeroHung]zrhung_get_config: Get config failed for wp[0x0008]
11-28 13:36:23.842 30074 30086 W System  : A resource failed to call close. 
11-28 13:36:23.844 30074 30086 I chatty  : uid=10147(symlab.cloudridar.arhud) FinalizerDaemon identical 24 lines
11-28 13:36:23.844 30074 30086 W System  : A resource failed to call close. 
11-28 13:36:24.173 30074 30074 D Poster  : At 1574940984173 location is 65.05800824410214 (latitude), and 25.470142194604048 (longitude)
11-28 13:36:24.176 30074 30074 D Poster  : Connected to mobile network 20
11-28 13:36:24.759 30074 30088 E         : [ZeroHung]zrhung_get_config: Get config failed for wp[0x0008]
11-28 13:36:24.792 30074 30086 W System  : A resource failed to call close. 
11-28 13:36:24.793 30074 30086 W System  : A resource failed to call close. 
11-28 13:36:24.793 30074 30086 W System  : A resource failed to call close. 
11-28 13:36:24.793 30074 30086 W System  : A resource failed to call close. 
11-28 13:36:24.794 30074 30086 I chatty  : uid=10147(symlab.cloudridar.arhud) FinalizerDaemon identical 14 lines
11-28 13:36:24.794 30074 30086 W System  : A resource failed to call close. 
11-28 13:36:24.794 30074 30086 W System  : A resource failed to call close. 
11-28 13:36:24.794 30074 30086 W System  : A resource failed to call close. 
11-28 13:36:24.794 30074 30086 I chatty  : uid=10147(symlab.cloudridar.arhud) FinalizerDaemon identical 6 lines
11-28 13:36:24.794 30074 30086 W System  : A resource failed to call close. 
11-28 13:36:25.178 30074 30074 D Poster  : At 1574940985178 location is 65.0580029713729 (latitude), and 25.470156293608888 (longitude)
11-28 13:36:25.181 30074 30074 D Poster  : Connected to mobile network 20
11-28 13:36:25.682 30074 30088 E         : [ZeroHung]zrhung_get_config: Get config failed for wp[0x0008]
11-28 13:36:25.707 30074 30086 W System  : A resource failed to call close. 
11-28 13:36:25.710 30074 30086 I chatty  : uid=10147(symlab.cloudridar.arhud) FinalizerDaemon identical 25 lines
11-28 13:36:25.710 30074 30086 W System  : A resource failed to call close. 
11-28 13:36:26.176 30074 30074 D Poster  : At 1574940986176 location is 65.05792196440241 (latitude), and 25.47018590537445 (longitude)
11-28 13:36:26.179 30074 30074 D Poster  : Connected to mobile network 20
11-28 13:36:26.683 30074 30088 E         : [ZeroHung]zrhung_get_config: Get config failed for wp[0x0008]
11-28 13:36:26.704 30074 30086 W System  : A resource failed to call close. 
11-28 13:36:26.706 30074 30086 I chatty  : uid=10147(symlab.cloudridar.arhud) FinalizerDaemon identical 25 lines
11-28 13:36:26.706 30074 30086 W System  : A resource failed to call close. 
11-28 13:36:27.180 30074 30074 D Poster  : At 1574940987178 location is 65.05791598435994 (latitude), and 25.470181097160054 (longitude)
11-28 13:36:27.186 30074 30074 D Poster  : Connected to mobile network 20
11-28 13:36:27.615 30074 30088 E         : [ZeroHung]zrhung_get_config: Get config failed for wp[0x0008]
11-28 13:36:27.643 30074 30086 W System  : A resource failed to call close. 
11-28 13:36:27.645 30074 30086 I chatty  : uid=10147(symlab.cloudridar.arhud) FinalizerDaemon identical 18 lines
11-28 13:36:27.645 30074 30086 W System  : A resource failed to call close. 
11-28 13:36:27.646 30074 30086 W System  : A resource failed to call close. 
11-28 13:36:27.646 30074 30086 W System  : A resource failed to call close. 
11-28 13:36:27.646 30074 30086 I chatty  : uid=10147(symlab.cloudridar.arhud) FinalizerDaemon identical 4 lines
11-28 13:36:27.646 30074 30086 W System  : A resource failed to call close. 
11-28 13:36:28.178 30074 30074 D Poster  : At 1574940988177 location is 65.05792261304464 (latitude), and 25.470187238157756 (longitude)
11-28 13:36:28.180 30074 30074 D Poster  : Connected to mobile network 20
11-28 13:36:28.534 30074 30088 E         : [ZeroHung]zrhung_get_config: Get config failed for wp[0x0008]
11-28 13:36:28.564 30074 30086 W System  : A resource failed to call close. 
11-28 13:36:28.568 30074 30086 I chatty  : uid=10147(symlab.cloudridar.arhud) FinalizerDaemon identical 25 lines
11-28 13:36:28.568 30074 30086 W System  : A resource failed to call close. 
11-28 13:36:29.194 30074 30074 D Poster  : At 1574940989193 location is 65.05792991506853 (latitude), and 25.470177371378835 (longitude)
11-28 13:36:29.196 30074 30074 D Poster  : Connected to mobile network 20
11-28 13:36:29.335 30074 30124 W System.err: java.net.SocketException: Message too long
11-28 13:36:29.336 30074 30124 W System.err: 	at sun.nio.ch.DatagramChannelImpl.send0(Native Method)
11-28 13:36:29.336 30074 30124 W System.err: 	at sun.nio.ch.DatagramChannelImpl.sendFromNativeBuffer(DatagramChannelImpl.java:573)
11-28 13:36:29.336 30074 30124 W System.err: 	at sun.nio.ch.DatagramChannelImpl.send(DatagramChannelImpl.java:550)
11-28 13:36:29.336 30074 30124 W System.err: 	at sun.nio.ch.DatagramChannelImpl.send(DatagramChannelImpl.java:514)
11-28 13:36:29.336 30074 30124 W System.err: 	at symlab.CloudAR.network.TransmissionTask.run(TransmissionTask.java:138)
11-28 13:36:29.336 30074 30124 W System.err: 	at android.os.Handler.handleCallback(Handler.java:907)
11-28 13:36:29.336 30074 30124 W System.err: 	at android.os.Handler.dispatchMessage(Handler.java:105)
11-28 13:36:29.336 30074 30124 W System.err: 	at android.os.Looper.loop(Looper.java:216)
11-28 13:36:29.336 30074 30124 W System.err: 	at android.os.HandlerThread.run(HandlerThread.java:65)
11-28 13:36:29.403 30074 30124 W System.err: java.net.SocketException: Message too long
11-28 13:36:29.403 30074 30124 W System.err: 	at sun.nio.ch.DatagramChannelImpl.send0(Native Method)
11-28 13:36:29.403 30074 30124 W System.err: 	at sun.nio.ch.DatagramChannelImpl.sendFromNativeBuffer(DatagramChannelImpl.java:573)
11-28 13:36:29.403 30074 30124 W System.err: 	at sun.nio.ch.DatagramChannelImpl.send(DatagramChannelImpl.java:550)
11-28 13:36:29.403 30074 30124 W System.err: 	at sun.nio.ch.DatagramChannelImpl.send(DatagramChannelImpl.java:514)
11-28 13:36:29.403 30074 30124 W System.err: 	at symlab.CloudAR.network.TransmissionTask.run(TransmissionTask.java:138)
11-28 13:36:29.403 30074 30124 W System.err: 	at android.os.Handler.handleCallback(Handler.java:907)
11-28 13:36:29.404 30074 30124 W System.err: 	at android.os.Handler.dispatchMessage(Handler.java:105)
11-28 13:36:29.404 30074 30124 W System.err: 	at android.os.Looper.loop(Looper.java:216)
11-28 13:36:29.404 30074 30124 W System.err: 	at android.os.HandlerThread.run(HandlerThread.java:65)
11-28 13:36:29.438 30074 30088 E         : [ZeroHung]zrhung_get_config: Get config failed for wp[0x0008]
11-28 13:36:29.438 30074 30124 W System.err: java.net.SocketException: Message too long
11-28 13:36:29.439 30074 30124 W System.err: 	at sun.nio.ch.DatagramChannelImpl.send0(Native Method)
11-28 13:36:29.439 30074 30124 W System.err: 	at sun.nio.ch.DatagramChannelImpl.sendFromNativeBuffer(DatagramChannelImpl.java:573)
11-28 13:36:29.439 30074 30124 W System.err: 	at sun.nio.ch.DatagramChannelImpl.send(DatagramChannelImpl.java:550)
11-28 13:36:29.439 30074 30124 W System.err: 	at sun.nio.ch.DatagramChannelImpl.send(DatagramChannelImpl.java:514)
11-28 13:36:29.439 30074 30124 W System.err: 	at symlab.CloudAR.network.TransmissionTask.run(TransmissionTask.java:138)
11-28 13:36:29.439 30074 30124 W System.err: 	at android.os.Handler.handleCallback(Handler.java:907)
11-28 13:36:29.439 30074 30124 W System.err: 	at android.os.Handler.dispatchMessage(Handler.java:105)
11-28 13:36:29.439 30074 30124 W System.err: 	at android.os.Looper.loop(Looper.java:216)
11-28 13:36:29.439 30074 30124 W System.err: 	at android.os.HandlerThread.run(HandlerThread.java:65)
11-28 13:36:29.469 30074 30086 W System  : A resource failed to call close. 
11-28 13:36:29.469 30074 30086 I chatty  : uid=10147(symlab.cloudridar.arhud) FinalizerDaemon identical 2 lines
11-28 13:36:29.469 30074 30086 W System  : A resource failed to call close. 
11-28 13:36:29.469 30074 30086 W System  : A resource failed to call close. 
11-28 13:36:29.470 30074 30086 I chatty  : uid=10147(symlab.cloudridar.arhud) FinalizerDaemon identical 10 lines
11-28 13:36:29.471 30074 30086 W System  : A resource failed to call close. 
11-28 13:36:29.471 30074 30086 W System  : A resource failed to call close. 
11-28 13:36:29.471 30074 30086 I chatty  : uid=10147(symlab.cloudridar.arhud) FinalizerDaemon identical 4 lines
11-28 13:36:29.471 30074 30086 W System  : A resource failed to call close. 
11-28 13:36:29.471 30074 30124 W System.err: java.net.SocketException: Message too long
11-28 13:36:29.471 30074 30086 W System  : A resource failed to call close. 
11-28 13:36:29.471 30074 30124 W System.err: 	at sun.nio.ch.DatagramChannelImpl.send0(Native Method)
11-28 13:36:29.471 30074 30124 W System.err: 	at sun.nio.ch.DatagramChannelImpl.sendFromNativeBuffer(DatagramChannelImpl.java:573)
11-28 13:36:29.471 30074 30086 W System  : A resource failed to call close. 
11-28 13:36:29.471 30074 30124 W System.err: 	at sun.nio.ch.DatagramChannelImpl.send(DatagramChannelImpl.java:550)
11-28 13:36:29.471 30074 30124 W System.err: 	at sun.nio.ch.DatagramChannelImpl.send(DatagramChannelImpl.java:514)
11-28 13:36:29.472 30074 30124 W System.err: 	at symlab.CloudAR.network.TransmissionTask.run(TransmissionTask.java:138)
11-28 13:36:29.472 30074 30124 W System.err: 	at android.os.Handler.handleCallback(Handler.java:907)
11-28 13:36:29.472 30074 30124 W System.err: 	at android.os.Handler.dispatchMessage(Handler.java:105)
11-28 13:36:29.472 30074 30124 W System.err: 	at android.os.Looper.loop(Looper.java:216)
11-28 13:36:29.472 30074 30124 W System.err: 	at android.os.HandlerThread.run(HandlerThread.java:65)
11-28 13:36:29.507 30074 30124 W System.err: java.net.SocketException: Message too long
11-28 13:36:29.507 30074 30124 W System.err: 	at sun.nio.ch.DatagramChannelImpl.send0(Native Method)
11-28 13:36:29.507 30074 30124 W System.err: 	at sun.nio.ch.DatagramChannelImpl.sendFromNativeBuffer(DatagramChannelImpl.java:573)
11-28 13:36:29.507 30074 30124 W System.err: 	at sun.nio.ch.DatagramChannelImpl.send(DatagramChannelImpl.java:550)
11-28 13:36:29.507 30074 30124 W System.err: 	at sun.nio.ch.DatagramChannelImpl.send(DatagramChannelImpl.java:514)
11-28 13:36:29.507 30074 30124 W System.err: 	at symlab.CloudAR.network.TransmissionTask.run(TransmissionTask.java:138)
11-28 13:36:29.507 30074 30124 W System.err: 	at android.os.Handler.handleCallback(Handler.java:907)
11-28 13:36:29.507 30074 30124 W System.err: 	at android.os.Handler.dispatchMessage(Handler.java:105)
11-28 13:36:29.507 30074 30124 W System.err: 	at android.os.Looper.loop(Looper.java:216)
11-28 13:36:29.507 30074 30124 W System.err: 	at android.os.HandlerThread.run(HandlerThread.java:65)
11-28 13:36:29.536 30074 30124 W System.err: java.net.SocketException: Message too long
11-28 13:36:29.536 30074 30124 W System.err: 	at sun.nio.ch.DatagramChannelImpl.send0(Native Method)
11-28 13:36:29.536 30074 30124 W System.err: 	at sun.nio.ch.DatagramChannelImpl.sendFromNativeBuffer(DatagramChannelImpl.java:573)
11-28 13:36:29.536 30074 30124 W System.err: 	at sun.nio.ch.DatagramChannelImpl.send(DatagramChannelImpl.java:550)
11-28 13:36:29.536 30074 30124 W System.err: 	at sun.nio.ch.DatagramChannelImpl.send(DatagramChannelImpl.java:514)
11-28 13:36:29.536 30074 30124 W System.err: 	at symlab.CloudAR.network.TransmissionTask.run(TransmissionTask.java:138)
11-28 13:36:29.536 30074 30124 W System.err: 	at android.os.Handler.handleCallback(Handler.java:907)
11-28 13:36:29.536 30074 30124 W System.err: 	at android.os.Handler.dispatchMessage(Handler.java:105)
11-28 13:36:29.536 30074 30124 W System.err: 	at android.os.Looper.loop(Looper.java:216)
11-28 13:36:29.536 30074 30124 W System.err: 	at android.os.HandlerThread.run(HandlerThread.java:65)
11-28 13:36:29.570 30074 30124 W System.err: java.net.SocketException: Message too long
11-28 13:36:29.571 30074 30124 W System.err: 	at sun.nio.ch.DatagramChannelImpl.send0(Native Method)
11-28 13:36:29.571 30074 30124 W System.err: 	at sun.nio.ch.DatagramChannelImpl.sendFromNativeBuffer(DatagramChannelImpl.java:573)
11-28 13:36:29.571 30074 30124 W System.err: 	at sun.nio.ch.DatagramChannelImpl.send(DatagramChannelImpl.java:550)
11-28 13:36:29.571 30074 30124 W System.err: 	at sun.nio.ch.DatagramChannelImpl.send(DatagramChannelImpl.java:514)
11-28 13:36:29.571 30074 30124 W System.err: 	at symlab.CloudAR.network.TransmissionTask.run(TransmissionTask.java:138)
11-28 13:36:29.571 30074 30124 W System.err: 	at android.os.Handler.handleCallback(Handler.java:907)
11-28 13:36:29.571 30074 30124 W System.err: 	at android.os.Handler.dispatchMessage(Handler.java:105)
11-28 13:36:29.571 30074 30124 W System.err: 	at android.os.Looper.loop(Looper.java:216)
11-28 13:36:29.571 30074 30124 W System.err: 	at android.os.HandlerThread.run(HandlerThread.java:65)
11-28 13:36:29.594 30074 30124 W System.err: java.net.SocketException: Message too long
11-28 13:36:29.594 30074 30124 W System.err: 	at sun.nio.ch.DatagramChannelImpl.send0(Native Method)
11-28 13:36:29.594 30074 30124 W System.err: 	at sun.nio.ch.DatagramChannelImpl.sendFromNativeBuffer(DatagramChannelImpl.java:573)
11-28 13:36:29.594 30074 30124 W System.err: 	at sun.nio.ch.DatagramChannelImpl.send(DatagramChannelImpl.java:550)
11-28 13:36:29.594 30074 30124 W System.err: 	at sun.nio.ch.DatagramChannelImpl.send(DatagramChannelImpl.java:514)
11-28 13:36:29.594 30074 30124 W System.err: 	at symlab.CloudAR.network.TransmissionTask.run(TransmissionTask.java:138)
11-28 13:36:29.594 30074 30124 W System.err: 	at android.os.Handler.handleCallback(Handler.java:907)
11-28 13:36:29.594 30074 30124 W System.err: 	at android.os.Handler.dispatchMessage(Handler.java:105)
11-28 13:36:29.594 30074 30124 W System.err: 	at android.os.Looper.loop(Looper.java:216)
11-28 13:36:29.594 30074 30124 W System.err: 	at android.os.HandlerThread.run(HandlerThread.java:65)
11-28 13:36:29.626 30074 30124 W System.err: java.net.SocketException: Message too long
11-28 13:36:29.627 30074 30124 W System.err: 	at sun.nio.ch.DatagramChannelImpl.send0(Native Method)
11-28 13:36:29.627 30074 30124 W System.err: 	at sun.nio.ch.DatagramChannelImpl.sendFromNativeBuffer(DatagramChannelImpl.java:573)
11-28 13:36:29.627 30074 30124 W System.err: 	at sun.nio.ch.DatagramChannelImpl.send(DatagramChannelImpl.java:550)
11-28 13:36:29.627 30074 30124 W System.err: 	at sun.nio.ch.DatagramChannelImpl.send(DatagramChannelImpl.java:514)
11-28 13:36:29.627 30074 30124 W System.err: 	at symlab.CloudAR.network.TransmissionTask.run(TransmissionTask.java:138)
11-28 13:36:29.627 30074 30124 W System.err: 	at android.os.Handler.handleCallback(Handler.java:907)
11-28 13:36:29.627 30074 30124 W System.err: 	at android.os.Handler.dispatchMessage(Handler.java:105)
11-28 13:36:29.627 30074 30124 W System.err: 	at android.os.Looper.loop(Looper.java:216)
11-28 13:36:29.627 30074 30124 W System.err: 	at android.os.HandlerThread.run(HandlerThread.java:65)
11-28 13:36:29.657 30074 30124 W System.err: java.net.SocketException: Message too long
11-28 13:36:29.657 30074 30124 W System.err: 	at sun.nio.ch.DatagramChannelImpl.send0(Native Method)
11-28 13:36:29.657 30074 30124 W System.err: 	at sun.nio.ch.DatagramChannelImpl.sendFromNativeBuffer(DatagramChannelImpl.java:573)
11-28 13:36:29.657 30074 30124 W System.err: 	at sun.nio.ch.DatagramChannelImpl.send(DatagramChannelImpl.java:550)
11-28 13:36:29.657 30074 30124 W System.err: 	at sun.nio.ch.DatagramChannelImpl.send(DatagramChannelImpl.java:514)
11-28 13:36:29.657 30074 30124 W System.err: 	at symlab.CloudAR.network.TransmissionTask.run(TransmissionTask.java:138)
11-28 13:36:29.658 30074 30124 W System.err: 	at android.os.Handler.handleCallback(Handler.java:907)
11-28 13:36:29.658 30074 30124 W System.err: 	at android.os.Handler.dispatchMessage(Handler.java:105)
11-28 13:36:29.658 30074 30124 W System.err: 	at android.os.Looper.loop(Looper.java:216)
11-28 13:36:29.658 30074 30124 W System.err: 	at android.os.HandlerThread.run(HandlerThread.java:65)
11-28 13:36:29.696 30074 30124 W System.err: java.net.SocketException: Message too long
11-28 13:36:29.697 30074 30124 W System.err: 	at sun.nio.ch.DatagramChannelImpl.send0(Native Method)
11-28 13:36:29.697 30074 30124 W System.err: 	at sun.nio.ch.DatagramChannelImpl.sendFromNativeBuffer(DatagramChannelImpl.java:573)
11-28 13:36:29.697 30074 30124 W System.err: 	at sun.nio.ch.DatagramChannelImpl.send(DatagramChannelImpl.java:550)
11-28 13:36:29.697 30074 30124 W System.err: 	at sun.nio.ch.DatagramChannelImpl.send(DatagramChannelImpl.java:514)
11-28 13:36:29.697 30074 30124 W System.err: 	at symlab.CloudAR.network.TransmissionTask.run(TransmissionTask.java:138)
11-28 13:36:29.697 30074 30124 W System.err: 	at android.os.Handler.handleCallback(Handler.java:907)
11-28 13:36:29.697 30074 30124 W System.err: 	at android.os.Handler.dispatchMessage(Handler.java:105)
11-28 13:36:29.697 30074 30124 W System.err: 	at android.os.Looper.loop(Looper.java:216)
11-28 13:36:29.697 30074 30124 W System.err: 	at android.os.HandlerThread.run(HandlerThread.java:65)
11-28 13:36:30.003 30074 30124 W System.err: java.net.SocketException: Message too long
11-28 13:36:30.003 30074 30124 W System.err: 	at sun.nio.ch.DatagramChannelImpl.send0(Native Method)
11-28 13:36:30.003 30074 30124 W System.err: 	at sun.nio.ch.DatagramChannelImpl.sendFromNativeBuffer(DatagramChannelImpl.java:573)
11-28 13:36:30.003 30074 30124 W System.err: 	at sun.nio.ch.DatagramChannelImpl.send(DatagramChannelImpl.java:550)
11-28 13:36:30.003 30074 30124 W System.err: 	at sun.nio.ch.DatagramChannelImpl.send(DatagramChannelImpl.java:514)
11-28 13:36:30.003 30074 30124 W System.err: 	at symlab.CloudAR.network.TransmissionTask.run(TransmissionTask.java:138)
11-28 13:36:30.003 30074 30124 W System.err: 	at android.os.Handler.handleCallback(Handler.java:907)
11-28 13:36:30.003 30074 30124 W System.err: 	at android.os.Handler.dispatchMessage(Handler.java:105)
11-28 13:36:30.003 30074 30124 W System.err: 	at android.os.Looper.loop(Looper.java:216)
11-28 13:36:30.003 30074 30124 W System.err: 	at android.os.HandlerThread.run(HandlerThread.java:65)
11-28 13:36:30.043 30074 30124 W System.err: java.net.SocketException: Message too long
11-28 13:36:30.044 30074 30124 W System.err: 	at sun.nio.ch.DatagramChannelImpl.send0(Native Method)
11-28 13:36:30.044 30074 30124 W System.err: 	at sun.nio.ch.DatagramChannelImpl.sendFromNativeBuffer(DatagramChannelImpl.java:573)
11-28 13:36:30.044 30074 30124 W System.err: 	at sun.nio.ch.DatagramChannelImpl.send(DatagramChannelImpl.java:550)
11-28 13:36:30.044 30074 30124 W System.err: 	at sun.nio.ch.DatagramChannelImpl.send(DatagramChannelImpl.java:514)
11-28 13:36:30.044 30074 30124 W System.err: 	at symlab.CloudAR.network.TransmissionTask.run(TransmissionTask.java:138)
11-28 13:36:30.044 30074 30124 W System.err: 	at android.os.Handler.handleCallback(Handler.java:907)
11-28 13:36:30.044 30074 30124 W System.err: 	at android.os.Handler.dispatchMessage(Handler.java:105)
11-28 13:36:30.044 30074 30124 W System.err: 	at android.os.Looper.loop(Looper.java:216)
11-28 13:36:30.044 30074 30124 W System.err: 	at android.os.HandlerThread.run(HandlerThread.java:65)
11-28 13:36:30.078 30074 30124 W System.err: java.net.SocketException: Message too long
11-28 13:36:30.078 30074 30124 W System.err: 	at sun.nio.ch.DatagramChannelImpl.send0(Native Method)
11-28 13:36:30.078 30074 30124 W System.err: 	at sun.nio.ch.DatagramChannelImpl.sendFromNativeBuffer(DatagramChannelImpl.java:573)
11-28 13:36:30.078 30074 30124 W System.err: 	at sun.nio.ch.DatagramChannelImpl.send(DatagramChannelImpl.java:550)
11-28 13:36:30.079 30074 30124 W System.err: 	at sun.nio.ch.DatagramChannelImpl.send(DatagramChannelImpl.java:514)
11-28 13:36:30.079 30074 30124 W System.err: 	at symlab.CloudAR.network.TransmissionTask.run(TransmissionTask.java:138)
11-28 13:36:30.079 30074 30124 W System.err: 	at android.os.Handler.handleCallback(Handler.java:907)
11-28 13:36:30.079 30074 30124 W System.err: 	at android.os.Handler.dispatchMessage(Handler.java:105)
11-28 13:36:30.079 30074 30124 W System.err: 	at android.os.Looper.loop(Looper.java:216)
11-28 13:36:30.079 30074 30124 W System.err: 	at android.os.HandlerThread.run(HandlerThread.java:65)
11-28 13:36:30.104 30074 30124 W System.err: java.net.SocketException: Message too long
11-28 13:36:30.104 30074 30124 W System.err: 	at sun.nio.ch.DatagramChannelImpl.send0(Native Method)
11-28 13:36:30.104 30074 30124 W System.err: 	at sun.nio.ch.DatagramChannelImpl.sendFromNativeBuffer(DatagramChannelImpl.java:573)
11-28 13:36:30.104 30074 30124 W System.err: 	at sun.nio.ch.DatagramChannelImpl.send(DatagramChannelImpl.java:550)
11-28 13:36:30.104 30074 30124 W System.err: 	at sun.nio.ch.DatagramChannelImpl.send(DatagramChannelImpl.java:514)
11-28 13:36:30.104 30074 30124 W System.err: 	at symlab.CloudAR.network.TransmissionTask.run(TransmissionTask.java:138)
11-28 13:36:30.104 30074 30124 W System.err: 	at android.os.Handler.handleCallback(Handler.java:907)
11-28 13:36:30.104 30074 30124 W System.err: 	at android.os.Handler.dispatchMessage(Handler.java:105)
11-28 13:36:30.104 30074 30124 W System.err: 	at android.os.Looper.loop(Looper.java:216)
11-28 13:36:30.104 30074 30124 W System.err: 	at android.os.HandlerThread.run(HandlerThread.java:65)
11-28 13:36:30.183 30074 30074 D Poster  : At 1574940990183 location is 65.05792953660382 (latitude), and 25.470169933219648 (longitude)
11-28 13:36:30.185 30074 30074 D Poster  : Connected to mobile network 20
11-28 13:36:30.186 30074 30124 W System.err: java.net.SocketException: Message too long
11-28 13:36:30.186 30074 30124 W System.err: 	at sun.nio.ch.DatagramChannelImpl.send0(Native Method)
11-28 13:36:30.186 30074 30124 W System.err: 	at sun.nio.ch.DatagramChannelImpl.sendFromNativeBuffer(DatagramChannelImpl.java:573)
11-28 13:36:30.186 30074 30124 W System.err: 	at sun.nio.ch.DatagramChannelImpl.send(DatagramChannelImpl.java:550)
11-28 13:36:30.186 30074 30124 W System.err: 	at sun.nio.ch.DatagramChannelImpl.send(DatagramChannelImpl.java:514)
11-28 13:36:30.186 30074 30124 W System.err: 	at symlab.CloudAR.network.TransmissionTask.run(TransmissionTask.java:138)
11-28 13:36:30.186 30074 30124 W System.err: 	at android.os.Handler.handleCallback(Handler.java:907)
11-28 13:36:30.186 30074 30124 W System.err: 	at android.os.Handler.dispatchMessage(Handler.java:105)
11-28 13:36:30.186 30074 30124 W System.err: 	at android.os.Looper.loop(Looper.java:216)
11-28 13:36:30.186 30074 30124 W System.err: 	at android.os.HandlerThread.run(HandlerThread.java:65)
11-28 13:36:30.217 30074 30124 W System.err: java.net.SocketException: Message too long
11-28 13:36:30.218 30074 30124 W System.err: 	at sun.nio.ch.DatagramChannelImpl.send0(Native Method)
11-28 13:36:30.218 30074 30124 W System.err: 	at sun.nio.ch.DatagramChannelImpl.sendFromNativeBuffer(DatagramChannelImpl.java:573)
11-28 13:36:30.218 30074 30124 W System.err: 	at sun.nio.ch.DatagramChannelImpl.send(DatagramChannelImpl.java:550)
11-28 13:36:30.218 30074 30124 W System.err: 	at sun.nio.ch.DatagramChannelImpl.send(DatagramChannelImpl.java:514)
11-28 13:36:30.218 30074 30124 W System.err: 	at symlab.CloudAR.network.TransmissionTask.run(TransmissionTask.java:138)
11-28 13:36:30.218 30074 30124 W System.err: 	at android.os.Handler.handleCallback(Handler.java:907)
11-28 13:36:30.218 30074 30124 W System.err: 	at android.os.Handler.dispatchMessage(Handler.java:105)
11-28 13:36:30.218 30074 30124 W System.err: 	at android.os.Looper.loop(Looper.java:216)
11-28 13:36:30.218 30074 30124 W System.err: 	at android.os.HandlerThread.run(HandlerThread.java:65)
11-28 13:36:30.303 30074 30124 W System.err: java.net.SocketException: Message too long
11-28 13:36:30.304 30074 30124 W System.err: 	at sun.nio.ch.DatagramChannelImpl.send0(Native Method)
11-28 13:36:30.304 30074 30124 W System.err: 	at sun.nio.ch.DatagramChannelImpl.sendFromNativeBuffer(DatagramChannelImpl.java:573)
11-28 13:36:30.304 30074 30124 W System.err: 	at sun.nio.ch.DatagramChannelImpl.send(DatagramChannelImpl.java:550)
11-28 13:36:30.304 30074 30124 W System.err: 	at sun.nio.ch.DatagramChannelImpl.send(DatagramChannelImpl.java:514)
11-28 13:36:30.304 30074 30124 W System.err: 	at symlab.CloudAR.network.TransmissionTask.run(TransmissionTask.java:138)
11-28 13:36:30.304 30074 30124 W System.err: 	at android.os.Handler.handleCallback(Handler.java:907)
11-28 13:36:30.304 30074 30124 W System.err: 	at android.os.Handler.dispatchMessage(Handler.java:105)
11-28 13:36:30.304 30074 30124 W System.err: 	at android.os.Looper.loop(Looper.java:216)
11-28 13:36:30.304 30074 30124 W System.err: 	at android.os.HandlerThread.run(HandlerThread.java:65)
11-28 13:36:30.336 30074 30088 E         : [ZeroHung]zrhung_get_config: Get config failed for wp[0x0008]
11-28 13:36:30.336 30074 30124 W System.err: java.net.SocketException: Message too long
11-28 13:36:30.336 30074 30124 W System.err: 	at sun.nio.ch.DatagramChannelImpl.send0(Native Method)
11-28 13:36:30.336 30074 30124 W System.err: 	at sun.nio.ch.DatagramChannelImpl.sendFromNativeBuffer(DatagramChannelImpl.java:573)
11-28 13:36:30.336 30074 30124 W System.err: 	at sun.nio.ch.DatagramChannelImpl.send(DatagramChannelImpl.java:550)
11-28 13:36:30.336 30074 30124 W System.err: 	at sun.nio.ch.DatagramChannelImpl.send(DatagramChannelImpl.java:514)
11-28 13:36:30.336 30074 30124 W System.err: 	at symlab.CloudAR.network.TransmissionTask.run(TransmissionTask.java:138)
11-28 13:36:30.336 30074 30124 W System.err: 	at android.os.Handler.handleCallback(Handler.java:907)
11-28 13:36:30.336 30074 30124 W System.err: 	at android.os.Handler.dispatchMessage(Handler.java:105)
11-28 13:36:30.336 30074 30124 W System.err: 	at android.os.Looper.loop(Looper.java:216)
11-28 13:36:30.336 30074 30124 W System.err: 	at android.os.HandlerThread.run(HandlerThread.java:65)
11-28 13:36:30.366 30074 30086 W System  : A resource failed to call close. 
11-28 13:36:30.368 30074 30086 I chatty  : uid=10147(symlab.cloudridar.arhud) FinalizerDaemon identical 9 lines
11-28 13:36:30.368 30074 30086 W System  : A resource failed to call close. 
11-28 13:36:30.381 30074 30124 W System.err: java.net.SocketException: Message too long
11-28 13:36:30.382 30074 30124 W System.err: 	at sun.nio.ch.DatagramChannelImpl.send0(Native Method)
11-28 13:36:30.382 30074 30124 W System.err: 	at sun.nio.ch.DatagramChannelImpl.sendFromNativeBuffer(DatagramChannelImpl.java:573)
11-28 13:36:30.382 30074 30124 W System.err: 	at sun.nio.ch.DatagramChannelImpl.send(DatagramChannelImpl.java:550)
11-28 13:36:30.382 30074 30124 W System.err: 	at sun.nio.ch.DatagramChannelImpl.send(DatagramChannelImpl.java:514)
11-28 13:36:30.382 30074 30124 W System.err: 	at symlab.CloudAR.network.TransmissionTask.run(TransmissionTask.java:138)
11-28 13:36:30.382 30074 30124 W System.err: 	at android.os.Handler.handleCallback(Handler.java:907)
11-28 13:36:30.382 30074 30124 W System.err: 	at android.os.Handler.dispatchMessage(Handler.java:105)
11-28 13:36:30.382 30074 30124 W System.err: 	at android.os.Looper.loop(Looper.java:216)
11-28 13:36:30.382 30074 30124 W System.err: 	at android.os.HandlerThread.run(HandlerThread.java:65)
11-28 13:36:30.417 30074 30124 W System.err: java.net.SocketException: Message too long
11-28 13:36:30.417 30074 30124 W System.err: 	at sun.nio.ch.DatagramChannelImpl.send0(Native Method)
11-28 13:36:30.417 30074 30124 W System.err: 	at sun.nio.ch.DatagramChannelImpl.sendFromNativeBuffer(DatagramChannelImpl.java:573)
11-28 13:36:30.417 30074 30124 W System.err: 	at sun.nio.ch.DatagramChannelImpl.send(DatagramChannelImpl.java:550)
11-28 13:36:30.417 30074 30124 W System.err: 	at sun.nio.ch.DatagramChannelImpl.send(DatagramChannelImpl.java:514)
11-28 13:36:30.418 30074 30124 W System.err: 	at symlab.CloudAR.network.TransmissionTask.run(TransmissionTask.java:138)
11-28 13:36:30.418 30074 30124 W System.err: 	at android.os.Handler.handleCallback(Handler.java:907)
11-28 13:36:30.418 30074 30124 W System.err: 	at android.os.Handler.dispatchMessage(Handler.java:105)
11-28 13:36:30.418 30074 30124 W System.err: 	at android.os.Looper.loop(Looper.java:216)
11-28 13:36:30.418 30074 30124 W System.err: 	at android.os.HandlerThread.run(HandlerThread.java:65)
11-28 13:36:30.442 30074 30124 W System.err: java.net.SocketException: Message too long
11-28 13:36:30.442 30074 30124 W System.err: 	at sun.nio.ch.DatagramChannelImpl.send0(Native Method)
11-28 13:36:30.442 30074 30124 W System.err: 	at sun.nio.ch.DatagramChannelImpl.sendFromNativeBuffer(DatagramChannelImpl.java:573)
11-28 13:36:30.442 30074 30124 W System.err: 	at sun.nio.ch.DatagramChannelImpl.send(DatagramChannelImpl.java:550)
11-28 13:36:30.442 30074 30124 W System.err: 	at sun.nio.ch.DatagramChannelImpl.send(DatagramChannelImpl.java:514)
11-28 13:36:30.442 30074 30124 W System.err: 	at symlab.CloudAR.network.TransmissionTask.run(TransmissionTask.java:138)
11-28 13:36:30.442 30074 30124 W System.err: 	at android.os.Handler.handleCallback(Handler.java:907)
11-28 13:36:30.442 30074 30124 W System.err: 	at android.os.Handler.dispatchMessage(Handler.java:105)
11-28 13:36:30.442 30074 30124 W System.err: 	at android.os.Looper.loop(Looper.java:216)
11-28 13:36:30.442 30074 30124 W System.err: 	at android.os.HandlerThread.run(HandlerThread.java:65)
11-28 13:36:30.505 30074 30124 W System.err: java.net.SocketException: Message too long
11-28 13:36:30.505 30074 30124 W System.err: 	at sun.nio.ch.DatagramChannelImpl.send0(Native Method)
11-28 13:36:30.505 30074 30124 W System.err: 	at sun.nio.ch.DatagramChannelImpl.sendFromNativeBuffer(DatagramChannelImpl.java:573)
11-28 13:36:30.505 30074 30124 W System.err: 	at sun.nio.ch.DatagramChannelImpl.send(DatagramChannelImpl.java:550)
11-28 13:36:30.505 30074 30124 W System.err: 	at sun.nio.ch.DatagramChannelImpl.send(DatagramChannelImpl.java:514)
11-28 13:36:30.505 30074 30124 W System.err: 	at symlab.CloudAR.network.TransmissionTask.run(TransmissionTask.java:138)
11-28 13:36:30.505 30074 30124 W System.err: 	at android.os.Handler.handleCallback(Handler.java:907)
11-28 13:36:30.505 30074 30124 W System.err: 	at android.os.Handler.dispatchMessage(Handler.java:105)
11-28 13:36:30.505 30074 30124 W System.err: 	at android.os.Looper.loop(Looper.java:216)
11-28 13:36:30.505 30074 30124 W System.err: 	at android.os.HandlerThread.run(HandlerThread.java:65)
11-28 13:36:30.543 30074 30124 W System.err: java.net.SocketException: Message too long
11-28 13:36:30.544 30074 30124 W System.err: 	at sun.nio.ch.DatagramChannelImpl.send0(Native Method)
11-28 13:36:30.544 30074 30124 W System.err: 	at sun.nio.ch.DatagramChannelImpl.sendFromNativeBuffer(DatagramChannelImpl.java:573)
11-28 13:36:30.544 30074 30124 W System.err: 	at sun.nio.ch.DatagramChannelImpl.send(DatagramChannelImpl.java:550)
11-28 13:36:30.544 30074 30124 W System.err: 	at sun.nio.ch.DatagramChannelImpl.send(DatagramChannelImpl.java:514)
11-28 13:36:30.544 30074 30124 W System.err: 	at symlab.CloudAR.network.TransmissionTask.run(TransmissionTask.java:138)
11-28 13:36:30.544 30074 30124 W System.err: 	at android.os.Handler.handleCallback(Handler.java:907)
11-28 13:36:30.544 30074 30124 W System.err: 	at android.os.Handler.dispatchMessage(Handler.java:105)
11-28 13:36:30.544 30074 30124 W System.err: 	at android.os.Looper.loop(Looper.java:216)
11-28 13:36:30.544 30074 30124 W System.err: 	at android.os.HandlerThread.run(HandlerThread.java:65)
11-28 13:36:30.578 30074 30124 W System.err: java.net.SocketException: Message too long
11-28 13:36:30.578 30074 30124 W System.err: 	at sun.nio.ch.DatagramChannelImpl.send0(Native Method)
11-28 13:36:30.578 30074 30124 W System.err: 	at sun.nio.ch.DatagramChannelImpl.sendFromNativeBuffer(DatagramChannelImpl.java:573)
11-28 13:36:30.578 30074 30124 W System.err: 	at sun.nio.ch.DatagramChannelImpl.send(DatagramChannelImpl.java:550)
11-28 13:36:30.578 30074 30124 W System.err: 	at sun.nio.ch.DatagramChannelImpl.send(DatagramChannelImpl.java:514)
11-28 13:36:30.578 30074 30124 W System.err: 	at symlab.CloudAR.network.TransmissionTask.run(TransmissionTask.java:138)
11-28 13:36:30.578 30074 30124 W System.err: 	at android.os.Handler.handleCallback(Handler.java:907)
11-28 13:36:30.578 30074 30124 W System.err: 	at android.os.Handler.dispatchMessage(Handler.java:105)
11-28 13:36:30.578 30074 30124 W System.err: 	at android.os.Looper.loop(Looper.java:216)
11-28 13:36:30.579 30074 30124 W System.err: 	at android.os.HandlerThread.run(HandlerThread.java:65)
11-28 13:36:30.738 30074 30124 W System.err: java.net.SocketException: Message too long
11-28 13:36:30.738 30074 30124 W System.err: 	at sun.nio.ch.DatagramChannelImpl.send0(Native Method)
11-28 13:36:30.738 30074 30124 W System.err: 	at sun.nio.ch.DatagramChannelImpl.sendFromNativeBuffer(DatagramChannelImpl.java:573)
11-28 13:36:30.738 30074 30124 W System.err: 	at sun.nio.ch.DatagramChannelImpl.send(DatagramChannelImpl.java:550)
11-28 13:36:30.738 30074 30124 W System.err: 	at sun.nio.ch.DatagramChannelImpl.send(DatagramChannelImpl.java:514)
11-28 13:36:30.738 30074 30124 W System.err: 	at symlab.CloudAR.network.TransmissionTask.run(TransmissionTask.java:138)
11-28 13:36:30.738 30074 30124 W System.err: 	at android.os.Handler.handleCallback(Handler.java:907)
11-28 13:36:30.738 30074 30124 W System.err: 	at android.os.Handler.dispatchMessage(Handler.java:105)
11-28 13:36:30.738 30074 30124 W System.err: 	at android.os.Looper.loop(Looper.java:216)
11-28 13:36:30.738 30074 30124 W System.err: 	at android.os.HandlerThread.run(HandlerThread.java:65)
11-28 13:36:30.773 30074 30124 W System.err: java.net.SocketException: Message too long
11-28 13:36:30.773 30074 30124 W System.err: 	at sun.nio.ch.DatagramChannelImpl.send0(Native Method)
11-28 13:36:30.773 30074 30124 W System.err: 	at sun.nio.ch.DatagramChannelImpl.sendFromNativeBuffer(DatagramChannelImpl.java:573)
11-28 13:36:30.773 30074 30124 W System.err: 	at sun.nio.ch.DatagramChannelImpl.send(DatagramChannelImpl.java:550)
11-28 13:36:30.773 30074 30124 W System.err: 	at sun.nio.ch.DatagramChannelImpl.send(DatagramChannelImpl.java:514)
11-28 13:36:30.773 30074 30124 W System.err: 	at symlab.CloudAR.network.TransmissionTask.run(TransmissionTask.java:138)
11-28 13:36:30.773 30074 30124 W System.err: 	at android.os.Handler.handleCallback(Handler.java:907)
