--------- beginning of main
11-28 14:01:24.583  7709  7756 D ZrHung.AppEyeUiProbe: Current Activity:false
11-28 14:01:24.583  7709  7756 D ZrHung.AppEyeUiProbe: not watching, wait.
11-28 14:01:25.256  7709  7709 I Poster  :  onDestroy() called.
--------- beginning of system
11-28 14:01:25.257  7709  7709 D ActivityThread: Remove activity client record, r= ActivityRecord{db8bbd token=android.os.BinderProxy@c62e47c {symlab.cloudridar.arhud/symlab.ARHUD.MainActivity}} token= android.os.BinderProxy@c62e47c
11-28 14:01:26.884  7922  7922 I loudridar.arhu: Late-enabling -Xcheck:jni
11-28 14:01:26.919  7922  7922 I loudridar.arhu: Reinit property: dalvik.vm.checkjni= false
11-28 14:01:26.929  7922  7922 D ZrHung.AppEyeUiProbe: AppEyeUIP created.
11-28 14:01:26.927  7922  7922 W re-initialized>: type=1400 audit(0.0:39785): avc: denied { read } for name="u:object_r:mmi_prop:s0" dev="tmpfs" ino=16663 scontext=u:r:untrusted_app:s0:c150,c256,c512,c768 tcontext=u:object_r:mmi_prop:s0 tclass=file permissive=0
11-28 14:01:26.930  7922  7922 E libc    : Access denied finding property "runtime.mmitest.isrunning"
11-28 14:01:26.932  7922  7922 D ActivityThread: Attach thread to application
11-28 14:01:26.936  7922  7929 E loudridar.arhu: Unable to peek into adb socket due to error. Closing socket.: Connection reset by peer
11-28 14:01:27.001  7922  7944 I HwApiCacheMangerEx: apicache path=/storage/emulated/0 state=mounted key=symlab.cloudridar.arhud#10150#256
11-28 14:01:27.002  7922  7944 I HwApiCacheMangerEx: apicache path=/storage/emulated/0 state=mounted key=symlab.cloudridar.arhud#10150#0
11-28 14:01:27.065  7922  7922 I loudridar.arhu: QarthPatchMonintor::Init
11-28 14:01:27.065  7922  7922 I loudridar.arhu: 
11-28 14:01:27.065  7922  7922 I loudridar.arhu: QarthPatchMonintor::StartWatch
11-28 14:01:27.065  7922  7922 I loudridar.arhu: 
11-28 14:01:27.065  7922  7922 I loudridar.arhu: QarthPatchMonintor::WatchPackage: /data/hotpatch/fwkhotpatch/
11-28 14:01:27.065  7922  7922 I loudridar.arhu: 
11-28 14:01:27.065  7922  7922 I loudridar.arhu: QarthPatchMonintor::CheckAndWatchPatch: /data/hotpatch/fwkhotpatch/symlab.cloudridar.arhud
11-28 14:01:27.065  7922  7922 I loudridar.arhu: 
11-28 14:01:27.065  7922  7922 I loudridar.arhu: QarthPatchMonintor::CheckAndWatchPatch: /data/hotpatch/fwkhotpatch/all
11-28 14:01:27.065  7922  7922 I loudridar.arhu: 
11-28 14:01:27.065  7922  7922 I loudridar.arhu: QarthPatchMonintor::Run
11-28 14:01:27.065  7922  7922 I loudridar.arhu: 
11-28 14:01:27.065  7922  7951 I loudridar.arhu: QarthPatchMonintor::Reading
11-28 14:01:27.065  7922  7951 I loudridar.arhu: 
11-28 14:01:27.065  7922  7951 I loudridar.arhu: QarthPatchMonintor::CheckNotifyEvent
11-28 14:01:27.065  7922  7951 I loudridar.arhu: 
11-28 14:01:27.065  7922  7951 I loudridar.arhu: QarthPatchMonintor::CheckNotifyEvent before read
11-28 14:01:27.065  7922  7951 I loudridar.arhu: 
11-28 14:01:27.068  7922  7922 I MultiDex: VM with version 2.1.0 has multidex support
11-28 14:01:27.068  7922  7922 I MultiDex: Installing application
11-28 14:01:27.068  7922  7922 I MultiDex: VM has multidex support, MultiDex support library is disabled.
11-28 14:01:27.070  7922  7944 I AwareBitmapCacher: init processName:symlab.cloudridar.arhud pid=7922 uid=10150
11-28 14:01:27.072  7922  7952 E AwareLog: AtomicFileUtils: readFileLines file not exist: android.util.AtomicFile@919d802
11-28 14:01:27.072  7922  7952 E AwareLog: AtomicFileUtils: readFileLines file not exist: android.util.AtomicFile@35dc513
11-28 14:01:27.072  7922  7922 I FirebaseInitProvider: FirebaseApp initialization unsuccessful
11-28 14:01:27.080  7922  7922 D ZrHung.AppEyeUiProbe: notify runnable to start.
11-28 14:01:27.080  7922  7958 D ZrHung.AppEyeUiProbe: Runnable thread started.
11-28 14:01:27.080  7922  7958 D IMonitor: Load library imonitor_jni
11-28 14:01:27.083  7922  7958 E         : [ZeroHung]zrhung_get_config: Get config failed for wp[0x0102]
11-28 14:01:27.083  7922  7958 W ZrHung.AppEyeUiProbe: Failed to get config from zrhung
11-28 14:01:27.088  7922  7922 I MultiDex: Installing application
11-28 14:01:27.088  7922  7922 I MultiDex: VM has multidex support, MultiDex support library is disabled.
11-28 14:01:27.087  7956  7956 W logcat  : type=1400 audit(0.0:39786): avc: granted { create } for name="logcat_1574942487074.txt" scontext=u:r:untrusted_app:s0:c150,c256,c512,c768 tcontext=u:object_r:sdcardfs:s0:c150,c256,c512,c768 tclass=file
11-28 14:01:27.091  7922  7922 V ActivityThread: callActivityOnCreate
11-28 14:01:27.091  7922  7922 I Poster  :  onCreate() called.
11-28 14:01:27.094  7922  7922 I HwApsImpl: APS: new HwApsImpl created
11-28 14:01:27.101  7922  7922 V HwWidgetFactory: : successes to get AllImpl object and return....
11-28 14:01:27.108  7922  7922 D OpenGLRenderer: Skia GL Pipeline
11-28 14:01:27.128  7922  7922 D Poster  : Server details are IP 193.166.28.132 and port 52727
11-28 14:01:27.133  7922  7922 D Poster  : Server bound to IP 193.166.28.132 and port 52727
11-28 14:01:27.138  7922  7922 D ActivityThread: add activity client record, r= ActivityRecord{db8bbd token=android.os.BinderProxy@c62e47c {symlab.cloudridar.arhud/symlab.ARHUD.MainActivity}} token= android.os.BinderProxy@c62e47c
11-28 14:01:27.140  7922  7922 I Poster  :  onStart() called.
11-28 14:01:27.140  7922  7922 D ZrHung.AppEyeUiProbe: notify runnable to start.
11-28 14:01:27.142  7922  7922 I Poster  :  onResume() called.
11-28 14:01:27.145  7922  7922 I PermissionManager: camera remind result:true
11-28 14:01:27.145  7922  7922 I Camera  : open camera: 0, package name: symlab.cloudridar.arhud
11-28 14:01:27.145  7922  7922 I BackgroundPermManager: pkgName: symlab.cloudridar.arhud,pid: 7922 ,uidOf3RdApk: 10150 ,permType: 0 ,permCfg: 1
11-28 14:01:27.146  7922  7922 I HwCameraUtil: notifySurfaceFlingerCameraStatus : isFront = false , isOpend = true
11-28 14:01:27.154  7922  7922 D ActivityThread: isOptEnabled=false isWechatScanOpt=false
11-28 14:01:27.156  7922  7922 I HwSecImmHelper: mSecurityInputMethodService is null
11-28 14:01:27.163  7922  7922 D OpenGLRenderer:   HWUI Binary is  enabled
11-28 14:01:27.180  7922  7985 D HiTouch_PressGestureDetector: onAttached, package=symlab.cloudridar.arhud, windowType=1, mHiTouchRestricted=false
11-28 14:01:27.188  7922  7983 I ConfigStore: android::hardware::configstore::V1_0::ISurfaceFlingerConfigs::hasWideColorDisplay retrieved: 0
11-28 14:01:27.188  7922  7983 I ConfigStore: android::hardware::configstore::V1_0::ISurfaceFlingerConfigs::hasHDRDisplay retrieved: 0
11-28 14:01:27.189  7922  7983 I iGraphics: [0020080c] pn: symlab.cloudridar.arhud, p: 7922
11-28 14:01:27.189  7922  7983 I OpenGLRenderer: Initialized EGL, version 1.4, mEglDisplay 0x1
11-28 14:01:27.189  7922  7983 D OpenGLRenderer: Swap behavior 2
11-28 14:01:27.197  7922  7983 D mali_winsys: EGLint new_window_surface(egl_winsys_display *, void *, EGLSurface, EGLConfig, egl_winsys_surface **, EGLBoolean) returns 0x3000
11-28 14:01:27.203  7922  7922 I Poster  :  surfaceCreated() called.
11-28 14:01:27.203  7922  7922 I Poster  : initPreview() called
11-28 14:01:27.205  7922  7933 E         : [ZeroHung]zrhung_get_config: Get config failed for wp[0x0008]
11-28 14:01:27.208  7922  7922 I PermissionManager: camera remind result:true
11-28 14:01:27.214  7922  7922 I Poster  :  surfaceChanged() called.
11-28 14:01:27.220  7922  7931 W System  : A resource failed to call close. 
11-28 14:01:27.230  7922  7922 W InputMethodManager: startInputReason = 1
11-28 14:01:27.243  7922  7922 W InputMethodManager: startInputReason = 5
11-28 14:01:28.261  7922  7967 D Evaluation: 5 res for frame 6 received at 1574942488261
11-28 14:01:28.890  7922  7933 E         : [ZeroHung]zrhung_get_config: Get config failed for wp[0x0008]
11-28 14:01:28.910  7922  7931 W System  : A resource failed to call close. 
11-28 14:01:28.912  7922  7931 I chatty  : uid=10150(symlab.cloudridar.arhud) FinalizerDaemon identical 35 lines
11-28 14:01:28.912  7922  7931 W System  : A resource failed to call close. 
11-28 14:01:29.195  7922  7922 D stylus  : init stylus touchlistener.
11-28 14:01:29.207  7922  7922 W Settings: Setting device_provisioned has moved from android.provider.Settings.Secure to android.provider.Settings.Global.
11-28 14:01:29.207  7922  7922 V HiTouch_HiTouchSensor: User setup is finished.
11-28 14:01:29.217  7922  7922 W HiTouch_PressGestureDetector: Touch pointer move a lot. The moving distance of X is:76.99414, limit is:60The moving distance of Y is:37.199432, limit is:60
11-28 14:01:29.816  7922  7922 I Poster  :  onPause() called.
11-28 14:01:29.928  7922  7922 I Camera  : close camera: 0, package name: symlab.cloudridar.arhud
11-28 14:01:29.928  7922  7922 I BackgroundPermManager: pkgName: symlab.cloudridar.arhud,pid: 7922 ,uidOf3RdApk: 10150 ,permType: 0 ,permCfg: 0
11-28 14:01:29.929  7922  7922 I HwCameraUtil: notifySurfaceFlingerCameraStatus : isFront = false , isOpend = false
11-28 14:01:29.988  7922  7922 D ZrHung.AppEyeUiProbe: stop checker.
11-28 14:01:30.023  7922  7922 I Poster  :  surfaceDestroyed() called.
11-28 14:01:30.024  7922  7922 D ViewRootImpl[MainActivity]: surface should not be released
11-28 14:01:30.024  7922  7922 I Poster  :  onStop() called.
11-28 14:01:30.055  7922  7983 W libEGL  : EGLNativeWindowType 0xf07f0008 disconnect failed
11-28 14:01:30.084  7922  7958 D ZrHung.AppEyeUiProbe: Current Activity:false
11-28 14:01:30.085  7922  7958 D ZrHung.AppEyeUiProbe: not watching, wait.
11-28 14:01:32.072  7922  7922 I AwareBitmapCacher: init lrucache size: 2097152 pid=7922
11-28 14:01:35.024  7922  7933 E         : [ZeroHung]zrhung_get_config: Get config failed for wp[0x0008]
11-28 14:01:35.048  7922  7931 W System  : A resource failed to call close. 
11-28 14:01:35.051  7922  7931 I chatty  : uid=10150(symlab.cloudridar.arhud) FinalizerDaemon identical 16 lines
11-28 14:01:35.051  7922  7931 W System  : A resource failed to call close. 
11-28 14:01:35.051  7922  7931 W System  : A resource failed to call close. 
11-28 14:01:35.052  7922  7931 I chatty  : uid=10150(symlab.cloudridar.arhud) FinalizerDaemon identical 4 lines
11-28 14:01:35.052  7922  7931 W System  : A resource failed to call close. 
11-28 14:01:45.788  7922  7922 D Poster  : At 1574942505788 location is 65.05782068013963 (latitude), and 25.469887050395727 (longitude)
11-28 14:01:45.798  7922  7922 D Poster  : Connected to mobile network 20
11-28 14:01:45.811  7922  7922 D Latitude: status
11-28 14:02:23.127  7922  7922 I Poster  :  onStart() called.
11-28 14:02:23.127  7922  7922 D ZrHung.AppEyeUiProbe: notify runnable to start.
11-28 14:02:23.128  7922  7922 I Poster  :  onResume() called.
11-28 14:02:23.128  7922  7958 D ZrHung.AppEyeUiProbe: restart watching
11-28 14:02:23.150  7922  7922 I PermissionManager: camera remind result:true
11-28 14:02:23.150  7922  7922 I Camera  : open camera: 0, package name: symlab.cloudridar.arhud
11-28 14:02:23.150  7922  7922 I BackgroundPermManager: pkgName: symlab.cloudridar.arhud,pid: 7922 ,uidOf3RdApk: 10150 ,permType: 0 ,permCfg: 1
11-28 14:02:23.151  7922  7922 I HwCameraUtil: notifySurfaceFlingerCameraStatus : isFront = false , isOpend = true
11-28 14:02:23.168  7922  7922 D ActivityThread: isOptEnabled=false isWechatScanOpt=false
11-28 14:02:23.192  7922  7983 D mali_winsys: EGLint new_window_surface(egl_winsys_display *, void *, EGLSurface, EGLConfig, egl_winsys_surface **, EGLBoolean) returns 0x3000
11-28 14:02:23.206  7922  7922 I Poster  :  surfaceCreated() called.
11-28 14:02:23.207  7922  7922 I Poster  : initPreview() called
11-28 14:02:23.211  7922  7922 I PermissionManager: camera remind result:true
11-28 14:02:23.216  7922  7922 I Poster  :  surfaceChanged() called.
11-28 14:02:23.216  7922  7922 E BpSurfaceComposerClient: Failed to transact (-1)
11-28 14:02:23.216  7922  7922 E BpSurfaceComposerClient: Failed to transact (-1)
11-28 14:02:23.245  7922  7983 W libEGL  : EGLNativeWindowType 0xf07f0008 disconnect failed
11-28 14:02:23.245  7922  7983 D mali_winsys: EGLint new_window_surface(egl_winsys_display *, void *, EGLSurface, EGLConfig, egl_winsys_surface **, EGLBoolean) returns 0x3000
11-28 14:02:23.255  7922  7922 W InputMethodManager: startInputReason = 1
11-28 14:02:23.490  7922  7922 W MessageQueue: Handler (android.os.Handler) {56d7f62} sending message to a Handler on a dead thread
11-28 14:02:23.490  7922  7922 W MessageQueue: java.lang.IllegalStateException: Handler (android.os.Handler) {56d7f62} sending message to a Handler on a dead thread
11-28 14:02:23.490  7922  7922 W MessageQueue: 	at android.os.MessageQueue.enqueueMessage(MessageQueue.java:650)
11-28 14:02:23.490  7922  7922 W MessageQueue: 	at android.os.Handler.enqueueMessage(Handler.java:769)
11-28 14:02:23.490  7922  7922 W MessageQueue: 	at android.os.Handler.sendMessageAtTime(Handler.java:718)
11-28 14:02:23.490  7922  7922 W MessageQueue: 	at android.os.Handler.sendMessageDelayed(Handler.java:688)
11-28 14:02:23.490  7922  7922 W MessageQueue: 	at android.os.Handler.post(Handler.java:405)
11-28 14:02:23.490  7922  7922 W MessageQueue: 	at symlab.CloudAR.ARManager.recognizeTime(ARManager.java:152)
11-28 14:02:23.490  7922  7922 W MessageQueue: 	at symlab.ARHUD.MainActivity$3.onPreviewFrame(MainActivity.java:296)
11-28 14:02:23.490  7922  7922 W MessageQueue: 	at android.hardware.Camera$EventHandler.handleMessage(Camera.java:1278)
11-28 14:02:23.490  7922  7922 W MessageQueue: 	at android.os.Handler.dispatchMessage(Handler.java:112)
11-28 14:02:23.490  7922  7922 W MessageQueue: 	at android.os.Looper.loop(Looper.java:216)
11-28 14:02:23.490  7922  7922 W MessageQueue: 	at android.app.ActivityThread.main(ActivityThread.java:7579)
11-28 14:02:23.490  7922  7922 W MessageQueue: 	at java.lang.reflect.Method.invoke(Native Method)
11-28 14:02:23.490  7922  7922 W MessageQueue: 	at com.android.internal.os.RuntimeInit$MethodAndArgsCaller.run(RuntimeInit.java:524)
11-28 14:02:23.490  7922  7922 W MessageQueue: 	at com.android.internal.os.ZygoteInit.main(ZygoteInit.java:1034)
11-28 14:02:23.490  7922  7922 W MessageQueue: Handler (android.os.Handler) {56d7f62} sending message to a Handler on a dead thread
11-28 14:02:23.490  7922  7922 W MessageQueue: java.lang.IllegalStateException: Handler (android.os.Handler) {56d7f62} sending message to a Handler on a dead thread
11-28 14:02:23.490  7922  7922 W MessageQueue: 	at android.os.MessageQueue.enqueueMessage(MessageQueue.java:650)
11-28 14:02:23.490  7922  7922 W MessageQueue: 	at android.os.Handler.enqueueMessage(Handler.java:769)
11-28 14:02:23.490  7922  7922 W MessageQueue: 	at android.os.Handler.sendMessageAtTime(Handler.java:718)
11-28 14:02:23.490  7922  7922 W MessageQueue: 	at android.os.Handler.sendMessageDelayed(Handler.java:688)
11-28 14:02:23.490  7922  7922 W MessageQueue: 	at android.os.Handler.post(Handler.java:405)
11-28 14:02:23.490  7922  7922 W MessageQueue: 	at symlab.CloudAR.ARManager.driveFrame(ARManager.java:157)
11-28 14:02:23.490  7922  7922 W MessageQueue: 	at symlab.ARHUD.MainActivity$3.onPreviewFrame(MainActivity.java:297)
11-28 14:02:23.490  7922  7922 W MessageQueue: 	at android.hardware.Camera$EventHandler.handleMessage(Camera.java:1278)
11-28 14:02:23.490  7922  7922 W MessageQueue: 	at android.os.Handler.dispatchMessage(Handler.java:112)
11-28 14:02:23.490  7922  7922 W MessageQueue: 	at android.os.Looper.loop(Looper.java:216)
11-28 14:02:23.490  7922  7922 W MessageQueue: 	at android.app.ActivityThread.main(ActivityThread.java:7579)
11-28 14:02:23.490  7922  7922 W MessageQueue: 	at java.lang.reflect.Method.invoke(Native Method)
11-28 14:02:23.490  7922  7922 W MessageQueue: 	at com.android.internal.os.RuntimeInit$MethodAndArgsCaller.run(RuntimeInit.java:524)
11-28 14:02:23.490  7922  7922 W MessageQueue: 	at com.android.internal.os.ZygoteInit.main(ZygoteInit.java:1034)
11-28 14:02:23.522  7922  7922 W MessageQueue: Handler (android.os.Handler) {56d7f62} sending message to a Handler on a dead thread
11-28 14:02:23.522  7922  7922 W MessageQueue: java.lang.IllegalStateException: Handler (android.os.Handler) {56d7f62} sending message to a Handler on a dead thread
11-28 14:02:23.522  7922  7922 W MessageQueue: 	at android.os.MessageQueue.enqueueMessage(MessageQueue.java:650)
11-28 14:02:23.522  7922  7922 W MessageQueue: 	at android.os.Handler.enqueueMessage(Handler.java:769)
11-28 14:02:23.522  7922  7922 W MessageQueue: 	at android.os.Handler.sendMessageAtTime(Handler.java:718)
11-28 14:02:23.522  7922  7922 W MessageQueue: 	at android.os.Handler.sendMessageDelayed(Handler.java:688)
11-28 14:02:23.522  7922  7922 W MessageQueue: 	at android.os.Handler.post(Handler.java:405)
11-28 14:02:23.522  7922  7922 W MessageQueue: 	at symlab.CloudAR.ARManager.recognizeTime(ARManager.java:152)
11-28 14:02:23.522  7922  7922 W MessageQueue: 	at symlab.ARHUD.MainActivity$3.onPreviewFrame(MainActivity.java:296)
11-28 14:02:23.522  7922  7922 W MessageQueue: 	at android.hardware.Camera$EventHandler.handleMessage(Camera.java:1278)
11-28 14:02:23.522  7922  7922 W MessageQueue: 	at android.os.Handler.dispatchMessage(Handler.java:112)
11-28 14:02:23.522  7922  7922 W MessageQueue: 	at android.os.Looper.loop(Looper.java:216)
11-28 14:02:23.522  7922  7922 W MessageQueue: 	at android.app.ActivityThread.main(ActivityThread.java:7579)
11-28 14:02:23.522  7922  7922 W MessageQueue: 	at java.lang.reflect.Method.invoke(Native Method)
11-28 14:02:23.522  7922  7922 W MessageQueue: 	at com.android.internal.os.RuntimeInit$MethodAndArgsCaller.run(RuntimeInit.java:524)
11-28 14:02:23.522  7922  7922 W MessageQueue: 	at com.android.internal.os.ZygoteInit.main(ZygoteInit.java:1034)
11-28 14:02:23.522  7922  7922 W MessageQueue: Handler (android.os.Handler) {56d7f62} sending message to a Handler on a dead thread
11-28 14:02:23.522  7922  7922 W MessageQueue: java.lang.IllegalStateException: Handler (android.os.Handler) {56d7f62} sending message to a Handler on a dead thread
11-28 14:02:23.522  7922  7922 W MessageQueue: 	at android.os.MessageQueue.enqueueMessage(MessageQueue.java:650)
11-28 14:02:23.522  7922  7922 W MessageQueue: 	at android.os.Handler.enqueueMessage(Handler.java:769)
11-28 14:02:23.522  7922  7922 W MessageQueue: 	at android.os.Handler.sendMessageAtTime(Handler.java:718)
11-28 14:02:23.522  7922  7922 W MessageQueue: 	at android.os.Handler.sendMessageDelayed(Handler.java:688)
11-28 14:02:23.522  7922  7922 W MessageQueue: 	at android.os.Handler.post(Handler.java:405)
11-28 14:02:23.522  7922  7922 W MessageQueue: 	at symlab.CloudAR.ARManager.driveFrame(ARManager.java:157)
11-28 14:02:23.522  7922  7922 W MessageQueue: 	at symlab.ARHUD.MainActivity$3.onPreviewFrame(MainActivity.java:297)
11-28 14:02:23.522  7922  7922 W MessageQueue: 	at android.hardware.Camera$EventHandler.handleMessage(Camera.java:1278)
11-28 14:02:23.522  7922  7922 W MessageQueue: 	at android.os.Handler.dispatchMessage(Handler.java:112)
11-28 14:02:23.522  7922  7922 W MessageQueue: 	at android.os.Looper.loop(Looper.java:216)
11-28 14:02:23.522  7922  7922 W MessageQueue: 	at android.app.ActivityThread.main(ActivityThread.java:7579)
11-28 14:02:23.522  7922  7922 W MessageQueue: 	at java.lang.reflect.Method.invoke(Native Method)
11-28 14:02:23.522  7922  7922 W MessageQueue: 	at com.android.internal.os.RuntimeInit$MethodAndArgsCaller.run(RuntimeInit.java:524)
11-28 14:02:23.522  7922  7922 W MessageQueue: 	at com.android.internal.os.ZygoteInit.main(ZygoteInit.java:1034)
11-28 14:02:23.565  7922  7922 W MessageQueue: Handler (android.os.Handler) {56d7f62} sending message to a Handler on a dead thread
11-28 14:02:23.565  7922  7922 W MessageQueue: java.lang.IllegalStateException: Handler (android.os.Handler) {56d7f62} sending message to a Handler on a dead thread
11-28 14:02:23.565  7922  7922 W MessageQueue: 	at android.os.MessageQueue.enqueueMessage(MessageQueue.java:650)
11-28 14:02:23.565  7922  7922 W MessageQueue: 	at android.os.Handler.enqueueMessage(Handler.java:769)
11-28 14:02:23.565  7922  7922 W MessageQueue: 	at android.os.Handler.sendMessageAtTime(Handler.java:718)
11-28 14:02:23.565  7922  7922 W MessageQueue: 	at android.os.Handler.sendMessageDelayed(Handler.java:688)
11-28 14:02:23.565  7922  7922 W MessageQueue: 	at android.os.Handler.post(Handler.java:405)
11-28 14:02:23.565  7922  7922 W MessageQueue: 	at symlab.CloudAR.ARManager.recognizeTime(ARManager.java:152)
11-28 14:02:23.565  7922  7922 W MessageQueue: 	at symlab.ARHUD.MainActivity$3.onPreviewFrame(MainActivity.java:296)
11-28 14:02:23.565  7922  7922 W MessageQueue: 	at android.hardware.Camera$EventHandler.handleMessage(Camera.java:1278)
11-28 14:02:23.565  7922  7922 W MessageQueue: 	at android.os.Handler.dispatchMessage(Handler.java:112)
11-28 14:02:23.565  7922  7922 W MessageQueue: 	at android.os.Looper.loop(Looper.java:216)
11-28 14:02:23.565  7922  7922 W MessageQueue: 	at android.app.ActivityThread.main(ActivityThread.java:7579)
11-28 14:02:23.565  7922  7922 W MessageQueue: 	at java.lang.reflect.Method.invoke(Native Method)
11-28 14:02:23.565  7922  7922 W MessageQueue: 	at com.android.internal.os.RuntimeInit$MethodAndArgsCaller.run(RuntimeInit.java:524)
11-28 14:02:23.565  7922  7922 W MessageQueue: 	at com.android.internal.os.ZygoteInit.main(ZygoteInit.java:1034)
11-28 14:02:23.566  7922  7922 W MessageQueue: Handler (android.os.Handler) {56d7f62} sending message to a Handler on a dead thread
11-28 14:02:23.566  7922  7922 W MessageQueue: java.lang.IllegalStateException: Handler (android.os.Handler) {56d7f62} sending message to a Handler on a dead thread
11-28 14:02:23.566  7922  7922 W MessageQueue: 	at android.os.MessageQueue.enqueueMessage(MessageQueue.java:650)
11-28 14:02:23.566  7922  7922 W MessageQueue: 	at android.os.Handler.enqueueMessage(Handler.java:769)
11-28 14:02:23.566  7922  7922 W MessageQueue: 	at android.os.Handler.sendMessageAtTime(Handler.java:718)
11-28 14:02:23.566  7922  7922 W MessageQueue: 	at android.os.Handler.sendMessageDelayed(Handler.java:688)
11-28 14:02:23.566  7922  7922 W MessageQueue: 	at android.os.Handler.post(Handler.java:405)
11-28 14:02:23.566  7922  7922 W MessageQueue: 	at symlab.CloudAR.ARManager.driveFrame(ARManager.java:157)
11-28 14:02:23.566  7922  7922 W MessageQueue: 	at symlab.ARHUD.MainActivity$3.onPreviewFrame(MainActivity.java:297)
11-28 14:02:23.566  7922  7922 W MessageQueue: 	at android.hardware.Camera$EventHandler.handleMessage(Camera.java:1278)
11-28 14:02:23.566  7922  7922 W MessageQueue: 	at android.os.Handler.dispatchMessage(Handler.java:112)
11-28 14:02:23.566  7922  7922 W MessageQueue: 	at android.os.Looper.loop(Looper.java:216)
11-28 14:02:23.566  7922  7922 W MessageQueue: 	at android.app.ActivityThread.main(ActivityThread.java:7579)
11-28 14:02:23.566  7922  7922 W MessageQueue: 	at java.lang.reflect.Method.invoke(Native Method)
11-28 14:02:23.566  7922  7922 W MessageQueue: 	at com.android.internal.os.RuntimeInit$MethodAndArgsCaller.run(RuntimeInit.java:524)
11-28 14:02:23.566  7922  7922 W MessageQueue: 	at com.android.internal.os.ZygoteInit.main(ZygoteInit.java:1034)
11-28 14:02:23.597  7922  7922 W MessageQueue: Handler (android.os.Handler) {56d7f62} sending message to a Handler on a dead thread
11-28 14:02:23.597  7922  7922 W MessageQueue: java.lang.IllegalStateException: Handler (android.os.Handler) {56d7f62} sending message to a Handler on a dead thread
11-28 14:02:23.597  7922  7922 W MessageQueue: 	at android.os.MessageQueue.enqueueMessage(MessageQueue.java:650)
11-28 14:02:23.597  7922  7922 W MessageQueue: 	at android.os.Handler.enqueueMessage(Handler.java:769)
11-28 14:02:23.597  7922  7922 W MessageQueue: 	at android.os.Handler.sendMessageAtTime(Handler.java:718)
11-28 14:02:23.597  7922  7922 W MessageQueue: 	at android.os.Handler.sendMessageDelayed(Handler.java:688)
11-28 14:02:23.597  7922  7922 W MessageQueue: 	at android.os.Handler.post(Handler.java:405)
11-28 14:02:23.597  7922  7922 W MessageQueue: 	at symlab.CloudAR.ARManager.recognizeTime(ARManager.java:152)
11-28 14:02:23.597  7922  7922 W MessageQueue: 	at symlab.ARHUD.MainActivity$3.onPreviewFrame(MainActivity.java:296)
11-28 14:02:23.597  7922  7922 W MessageQueue: 	at android.hardware.Camera$EventHandler.handleMessage(Camera.java:1278)
11-28 14:02:23.597  7922  7922 W MessageQueue: 	at android.os.Handler.dispatchMessage(Handler.java:112)
11-28 14:02:23.597  7922  7922 W MessageQueue: 	at android.os.Looper.loop(Looper.java:216)
11-28 14:02:23.597  7922  7922 W MessageQueue: 	at android.app.ActivityThread.main(ActivityThread.java:7579)
11-28 14:02:23.597  7922  7922 W MessageQueue: 	at java.lang.reflect.Method.invoke(Native Method)
11-28 14:02:23.597  7922  7922 W MessageQueue: 	at com.android.internal.os.RuntimeInit$MethodAndArgsCaller.run(RuntimeInit.java:524)
11-28 14:02:23.597  7922  7922 W MessageQueue: 	at com.android.internal.os.ZygoteInit.main(ZygoteInit.java:1034)
11-28 14:02:23.598  7922  7922 W MessageQueue: Handler (android.os.Handler) {56d7f62} sending message to a Handler on a dead thread
11-28 14:02:23.598  7922  7922 W MessageQueue: java.lang.IllegalStateException: Handler (android.os.Handler) {56d7f62} sending message to a Handler on a dead thread
11-28 14:02:23.598  7922  7922 W MessageQueue: 	at android.os.MessageQueue.enqueueMessage(MessageQueue.java:650)
11-28 14:02:23.598  7922  7922 W MessageQueue: 	at android.os.Handler.enqueueMessage(Handler.java:769)
11-28 14:02:23.598  7922  7922 W MessageQueue: 	at android.os.Handler.sendMessageAtTime(Handler.java:718)
11-28 14:02:23.598  7922  7922 W MessageQueue: 	at android.os.Handler.sendMessageDelayed(Handler.java:688)
11-28 14:02:23.598  7922  7922 W MessageQueue: 	at android.os.Handler.post(Handler.java:405)
11-28 14:02:23.598  7922  7922 W MessageQueue: 	at symlab.CloudAR.ARManager.driveFrame(ARManager.java:157)
11-28 14:02:23.598  7922  7922 W MessageQueue: 	at symlab.ARHUD.MainActivity$3.onPreviewFrame(MainActivity.java:297)
11-28 14:02:23.598  7922  7922 W MessageQueue: 	at android.hardware.Camera$EventHandler.handleMessage(Camera.java:1278)
11-28 14:02:23.598  7922  7922 W MessageQueue: 	at android.os.Handler.dispatchMessage(Handler.java:112)
11-28 14:02:23.598  7922  7922 W MessageQueue: 	at android.os.Looper.loop(Looper.java:216)
11-28 14:02:23.598  7922  7922 W MessageQueue: 	at android.app.ActivityThread.main(ActivityThread.java:7579)
11-28 14:02:23.598  7922  7922 W MessageQueue: 	at java.lang.reflect.Method.invoke(Native Method)
11-28 14:02:23.598  7922  7922 W MessageQueue: 	at com.android.internal.os.RuntimeInit$MethodAndArgsCaller.run(RuntimeInit.java:524)
11-28 14:02:23.598  7922  7922 W MessageQueue: 	at com.android.internal.os.ZygoteInit.main(ZygoteInit.java:1034)
11-28 14:02:23.633  7922  7922 W MessageQueue: Handler (android.os.Handler) {56d7f62} sending message to a Handler on a dead thread
11-28 14:02:23.633  7922  7922 W MessageQueue: java.lang.IllegalStateException: Handler (android.os.Handler) {56d7f62} sending message to a Handler on a dead thread
11-28 14:02:23.633  7922  7922 W MessageQueue: 	at android.os.MessageQueue.enqueueMessage(MessageQueue.java:650)
11-28 14:02:23.633  7922  7922 W MessageQueue: 	at android.os.Handler.enqueueMessage(Handler.java:769)
11-28 14:02:23.633  7922  7922 W MessageQueue: 	at android.os.Handler.sendMessageAtTime(Handler.java:718)
11-28 14:02:23.633  7922  7922 W MessageQueue: 	at android.os.Handler.sendMessageDelayed(Handler.java:688)
11-28 14:02:23.633  7922  7922 W MessageQueue: 	at android.os.Handler.post(Handler.java:405)
11-28 14:02:23.633  7922  7922 W MessageQueue: 	at symlab.CloudAR.ARManager.recognizeTime(ARManager.java:152)
11-28 14:02:23.633  7922  7922 W MessageQueue: 	at symlab.ARHUD.MainActivity$3.onPreviewFrame(MainActivity.java:296)
11-28 14:02:23.633  7922  7922 W MessageQueue: 	at android.hardware.Camera$EventHandler.handleMessage(Camera.java:1278)
11-28 14:02:23.633  7922  7922 W MessageQueue: 	at android.os.Handler.dispatchMessage(Handler.java:112)
11-28 14:02:23.633  7922  7922 W MessageQueue: 	at android.os.Looper.loop(Looper.java:216)
11-28 14:02:23.633  7922  7922 W MessageQueue: 	at android.app.ActivityThread.main(ActivityThread.java:7579)
11-28 14:02:23.633  7922  7922 W MessageQueue: 	at java.lang.reflect.Method.invoke(Native Method)
11-28 14:02:23.633  7922  7922 W MessageQueue: 	at com.android.internal.os.RuntimeInit$MethodAndArgsCaller.run(RuntimeInit.java:524)
11-28 14:02:23.633  7922  7922 W MessageQueue: 	at com.android.internal.os.ZygoteInit.main(ZygoteInit.java:1034)
11-28 14:02:23.634  7922  7922 W MessageQueue: Handler (android.os.Handler) {56d7f62} sending message to a Handler on a dead thread
11-28 14:02:23.634  7922  7922 W MessageQueue: java.lang.IllegalStateException: Handler (android.os.Handler) {56d7f62} sending message to a Handler on a dead thread
11-28 14:02:23.634  7922  7922 W MessageQueue: 	at android.os.MessageQueue.enqueueMessage(MessageQueue.java:650)
11-28 14:02:23.634  7922  7922 W MessageQueue: 	at android.os.Handler.enqueueMessage(Handler.java:769)
11-28 14:02:23.634  7922  7922 W MessageQueue: 	at android.os.Handler.sendMessageAtTime(Handler.java:718)
11-28 14:02:23.634  7922  7922 W MessageQueue: 	at android.os.Handler.sendMessageDelayed(Handler.java:688)
11-28 14:02:23.634  7922  7922 W MessageQueue: 	at android.os.Handler.post(Handler.java:405)
11-28 14:02:23.634  7922  7922 W MessageQueue: 	at symlab.CloudAR.ARManager.driveFrame(ARManager.java:157)
11-28 14:02:23.634  7922  7922 W MessageQueue: 	at symlab.ARHUD.MainActivity$3.onPreviewFrame(MainActivity.java:297)
11-28 14:02:23.634  7922  7922 W MessageQueue: 	at android.hardware.Camera$EventHandler.handleMessage(Camera.java:1278)
11-28 14:02:23.634  7922  7922 W MessageQueue: 	at android.os.Handler.dispatchMessage(Handler.java:112)
11-28 14:02:23.634  7922  7922 W MessageQueue: 	at android.os.Looper.loop(Looper.java:216)
11-28 14:02:23.634  7922  7922 W MessageQueue: 	at android.app.ActivityThread.main(ActivityThread.java:7579)
11-28 14:02:23.634  7922  7922 W MessageQueue: 	at java.lang.reflect.Method.invoke(Native Method)
11-28 14:02:23.634  7922  7922 W MessageQueue: 	at com.android.internal.os.RuntimeInit$MethodAndArgsCaller.run(RuntimeInit.java:524)
11-28 14:02:23.634  7922  7922 W MessageQueue: 	at com.android.internal.os.ZygoteInit.main(ZygoteInit.java:1034)
11-28 14:02:23.668  7922  7922 W MessageQueue: Handler (android.os.Handler) {56d7f62} sending message to a Handler on a dead thread
11-28 14:02:23.668  7922  7922 W MessageQueue: java.lang.IllegalStateException: Handler (android.os.Handler) {56d7f62} sending message to a Handler on a dead thread
11-28 14:02:23.668  7922  7922 W MessageQueue: 	at android.os.MessageQueue.enqueueMessage(MessageQueue.java:650)
11-28 14:02:23.668  7922  7922 W MessageQueue: 	at android.os.Handler.enqueueMessage(Handler.java:769)
11-28 14:02:23.668  7922  7922 W MessageQueue: 	at android.os.Handler.sendMessageAtTime(Handler.java:718)
11-28 14:02:23.668  7922  7922 W MessageQueue: 	at android.os.Handler.sendMessageDelayed(Handler.java:688)
11-28 14:02:23.668  7922  7922 W MessageQueue: 	at android.os.Handler.post(Handler.java:405)
11-28 14:02:23.668  7922  7922 W MessageQueue: 	at symlab.CloudAR.ARManager.recognizeTime(ARManager.java:152)
11-28 14:02:23.668  7922  7922 W MessageQueue: 	at symlab.ARHUD.MainActivity$3.onPreviewFrame(MainActivity.java:296)
11-28 14:02:23.668  7922  7922 W MessageQueue: 	at android.hardware.Camera$EventHandler.handleMessage(Camera.java:1278)
11-28 14:02:23.668  7922  7922 W MessageQueue: 	at android.os.Handler.dispatchMessage(Handler.java:112)
11-28 14:02:23.668  7922  7922 W MessageQueue: 	at android.os.Looper.loop(Looper.java:216)
11-28 14:02:23.668  7922  7922 W MessageQueue: 	at android.app.ActivityThread.main(ActivityThread.java:7579)
11-28 14:02:23.668  7922  7922 W MessageQueue: 	at java.lang.reflect.Method.invoke(Native Method)
11-28 14:02:23.668  7922  7922 W MessageQueue: 	at com.android.internal.os.RuntimeInit$MethodAndArgsCaller.run(RuntimeInit.java:524)
11-28 14:02:23.668  7922  7922 W MessageQueue: 	at com.android.internal.os.ZygoteInit.main(ZygoteInit.java:1034)
11-28 14:02:23.669  7922  7922 W MessageQueue: Handler (android.os.Handler) {56d7f62} sending message to a Handler on a dead thread
11-28 14:02:23.669  7922  7922 W MessageQueue: java.lang.IllegalStateException: Handler (android.os.Handler) {56d7f62} sending message to a Handler on a dead thread
11-28 14:02:23.669  7922  7922 W MessageQueue: 	at android.os.MessageQueue.enqueueMessage(MessageQueue.java:650)
11-28 14:02:23.669  7922  7922 W MessageQueue: 	at android.os.Handler.enqueueMessage(Handler.java:769)
11-28 14:02:23.669  7922  7922 W MessageQueue: 	at android.os.Handler.sendMessageAtTime(Handler.java:718)
11-28 14:02:23.669  7922  7922 W MessageQueue: 	at android.os.Handler.sendMessageDelayed(Handler.java:688)
11-28 14:02:23.669  7922  7922 W MessageQueue: 	at android.os.Handler.post(Handler.java:405)
11-28 14:02:23.669  7922  7922 W MessageQueue: 	at symlab.CloudAR.ARManager.driveFrame(ARManager.java:157)
11-28 14:02:23.669  7922  7922 W MessageQueue: 	at symlab.ARHUD.MainActivity$3.onPreviewFrame(MainActivity.java:297)
11-28 14:02:23.669  7922  7922 W MessageQueue: 	at android.hardware.Camera$EventHandler.handleMessage(Camera.java:1278)
11-28 14:02:23.669  7922  7922 W MessageQueue: 	at android.os.Handler.dispatchMessage(Handler.java:112)
11-28 14:02:23.669  7922  7922 W MessageQueue: 	at android.os.Looper.loop(Looper.java:216)
11-28 14:02:23.669  7922  7922 W MessageQueue: 	at android.app.ActivityThread.main(ActivityThread.java:7579)
11-28 14:02:23.669  7922  7922 W MessageQueue: 	at java.lang.reflect.Method.invoke(Native Method)
11-28 14:02:23.669  7922  7922 W MessageQueue: 	at com.android.internal.os.RuntimeInit$MethodAndArgsCaller.run(RuntimeInit.java:524)
11-28 14:02:23.669  7922  7922 W MessageQueue: 	at com.android.internal.os.ZygoteInit.main(ZygoteInit.java:1034)
11-28 14:02:23.699  7922  7922 W MessageQueue: Handler (android.os.Handler) {56d7f62} sending message to a Handler on a dead thread
11-28 14:02:23.699  7922  7922 W MessageQueue: java.lang.IllegalStateException: Handler (android.os.Handler) {56d7f62} sending message to a Handler on a dead thread
11-28 14:02:23.699  7922  7922 W MessageQueue: 	at android.os.MessageQueue.enqueueMessage(MessageQueue.java:650)
11-28 14:02:23.699  7922  7922 W MessageQueue: 	at android.os.Handler.enqueueMessage(Handler.java:769)
11-28 14:02:23.699  7922  7922 W MessageQueue: 	at android.os.Handler.sendMessageAtTime(Handler.java:718)
11-28 14:02:23.699  7922  7922 W MessageQueue: 	at android.os.Handler.sendMessageDelayed(Handler.java:688)
11-28 14:02:23.699  7922  7922 W MessageQueue: 	at android.os.Handler.post(Handler.java:405)
11-28 14:02:23.699  7922  7922 W MessageQueue: 	at symlab.CloudAR.ARManager.recognizeTime(ARManager.java:152)
11-28 14:02:23.699  7922  7922 W MessageQueue: 	at symlab.ARHUD.MainActivity$3.onPreviewFrame(MainActivity.java:296)
11-28 14:02:23.699  7922  7922 W MessageQueue: 	at android.hardware.Camera$EventHandler.handleMessage(Camera.java:1278)
11-28 14:02:23.699  7922  7922 W MessageQueue: 	at android.os.Handler.dispatchMessage(Handler.java:112)
11-28 14:02:23.699  7922  7922 W MessageQueue: 	at android.os.Looper.loop(Looper.java:216)
11-28 14:02:23.699  7922  7922 W MessageQueue: 	at android.app.ActivityThread.main(ActivityThread.java:7579)
11-28 14:02:23.699  7922  7922 W MessageQueue: 	at java.lang.reflect.Method.invoke(Native Method)
11-28 14:02:23.699  7922  7922 W MessageQueue: 	at com.android.internal.os.RuntimeInit$MethodAndArgsCaller.run(RuntimeInit.java:524)
11-28 14:02:23.699  7922  7922 W MessageQueue: 	at com.android.internal.os.ZygoteInit.main(ZygoteInit.java:1034)
11-28 14:02:23.700  7922  7922 W MessageQueue: Handler (android.os.Handler) {56d7f62} sending message to a Handler on a dead thread
11-28 14:02:23.700  7922  7922 W MessageQueue: java.lang.IllegalStateException: Handler (android.os.Handler) {56d7f62} sending message to a Handler on a dead thread
11-28 14:02:23.700  7922  7922 W MessageQueue: 	at android.os.MessageQueue.enqueueMessage(MessageQueue.java:650)
11-28 14:02:23.700  7922  7922 W MessageQueue: 	at android.os.Handler.enqueueMessage(Handler.java:769)
11-28 14:02:23.700  7922  7922 W MessageQueue: 	at android.os.Handler.sendMessageAtTime(Handler.java:718)
11-28 14:02:23.700  7922  7922 W MessageQueue: 	at android.os.Handler.sendMessageDelayed(Handler.java:688)
11-28 14:02:23.700  7922  7922 W MessageQueue: 	at android.os.Handler.post(Handler.java:405)
11-28 14:02:23.700  7922  7922 W MessageQueue: 	at symlab.CloudAR.ARManager.driveFrame(ARManager.java:157)
11-28 14:02:23.700  7922  7922 W MessageQueue: 	at symlab.ARHUD.MainActivity$3.onPreviewFrame(MainActivity.java:297)
11-28 14:02:23.700  7922  7922 W MessageQueue: 	at android.hardware.Camera$EventHandler.handleMessage(Camera.java:1278)
11-28 14:02:23.700  7922  7922 W MessageQueue: 	at android.os.Handler.dispatchMessage(Handler.java:112)
11-28 14:02:23.700  7922  7922 W MessageQueue: 	at android.os.Looper.loop(Looper.java:216)
11-28 14:02:23.700  7922  7922 W MessageQueue: 	at android.app.ActivityThread.main(ActivityThread.java:7579)
11-28 14:02:23.700  7922  7922 W MessageQueue: 	at java.lang.reflect.Method.invoke(Native Method)
11-28 14:02:23.700  7922  7922 W MessageQueue: 	at com.android.internal.os.RuntimeInit$MethodAndArgsCaller.run(RuntimeInit.java:524)
11-28 14:02:23.700  7922  7922 W MessageQueue: 	at com.android.internal.os.ZygoteInit.main(ZygoteInit.java:1034)
11-28 14:02:23.735  7922  7922 W MessageQueue: Handler (android.os.Handler) {56d7f62} sending message to a Handler on a dead thread
11-28 14:02:23.735  7922  7922 W MessageQueue: java.lang.IllegalStateException: Handler (android.os.Handler) {56d7f62} sending message to a Handler on a dead thread
11-28 14:02:23.735  7922  7922 W MessageQueue: 	at android.os.MessageQueue.enqueueMessage(MessageQueue.java:650)
11-28 14:02:23.735  7922  7922 W MessageQueue: 	at android.os.Handler.enqueueMessage(Handler.java:769)
11-28 14:02:23.735  7922  7922 W MessageQueue: 	at android.os.Handler.sendMessageAtTime(Handler.java:718)
11-28 14:02:23.735  7922  7922 W MessageQueue: 	at android.os.Handler.sendMessageDelayed(Handler.java:688)
11-28 14:02:23.735  7922  7922 W MessageQueue: 	at android.os.Handler.post(Handler.java:405)
11-28 14:02:23.735  7922  7922 W MessageQueue: 	at symlab.CloudAR.ARManager.recognizeTime(ARManager.java:152)
11-28 14:02:23.735  7922  7922 W MessageQueue: 	at symlab.ARHUD.MainActivity$3.onPreviewFrame(MainActivity.java:296)
11-28 14:02:23.735  7922  7922 W MessageQueue: 	at android.hardware.Camera$EventHandler.handleMessage(Camera.java:1278)
11-28 14:02:23.735  7922  7922 W MessageQueue: 	at android.os.Handler.dispatchMessage(Handler.java:112)
11-28 14:02:23.735  7922  7922 W MessageQueue: 	at android.os.Looper.loop(Looper.java:216)
11-28 14:02:23.735  7922  7922 W MessageQueue: 	at android.app.ActivityThread.main(ActivityThread.java:7579)
11-28 14:02:23.735  7922  7922 W MessageQueue: 	at java.lang.reflect.Method.invoke(Native Method)
11-28 14:02:23.735  7922  7922 W MessageQueue: 	at com.android.internal.os.RuntimeInit$MethodAndArgsCaller.run(RuntimeInit.java:524)
11-28 14:02:23.735  7922  7922 W MessageQueue: 	at com.android.internal.os.ZygoteInit.main(ZygoteInit.java:1034)
11-28 14:02:23.736  7922  7922 W MessageQueue: Handler (android.os.Handler) {56d7f62} sending message to a Handler on a dead thread
11-28 14:02:23.736  7922  7922 W MessageQueue: java.lang.IllegalStateException: Handler (android.os.Handler) {56d7f62} sending message to a Handler on a dead thread
11-28 14:02:23.736  7922  7922 W MessageQueue: 	at android.os.MessageQueue.enqueueMessage(MessageQueue.java:650)
11-28 14:02:23.736  7922  7922 W MessageQueue: 	at android.os.Handler.enqueueMessage(Handler.java:769)
11-28 14:02:23.736  7922  7922 W MessageQueue: 	at android.os.Handler.sendMessageAtTime(Handler.java:718)
11-28 14:02:23.736  7922  7922 W MessageQueue: 	at android.os.Handler.sendMessageDelayed(Handler.java:688)
11-28 14:02:23.736  7922  7922 W MessageQueue: 	at android.os.Handler.post(Handler.java:405)
11-28 14:02:23.736  7922  7922 W MessageQueue: 	at symlab.CloudAR.ARManager.driveFrame(ARManager.java:157)
11-28 14:02:23.736  7922  7922 W MessageQueue: 	at symlab.ARHUD.MainActivity$3.onPreviewFrame(MainActivity.java:297)
11-28 14:02:23.736  7922  7922 W MessageQueue: 	at android.hardware.Camera$EventHandler.handleMessage(Camera.java:1278)
11-28 14:02:23.736  7922  7922 W MessageQueue: 	at android.os.Handler.dispatchMessage(Handler.java:112)
11-28 14:02:23.736  7922  7922 W MessageQueue: 	at android.os.Looper.loop(Looper.java:216)
11-28 14:02:23.736  7922  7922 W MessageQueue: 	at android.app.ActivityThread.main(ActivityThread.java:7579)
11-28 14:02:23.736  7922  7922 W MessageQueue: 	at java.lang.reflect.Method.invoke(Native Method)
11-28 14:02:23.736  7922  7922 W MessageQueue: 	at com.android.internal.os.RuntimeInit$MethodAndArgsCaller.run(RuntimeInit.java:524)
11-28 14:02:23.736  7922  7922 W MessageQueue: 	at com.android.internal.os.ZygoteInit.main(ZygoteInit.java:1034)
11-28 14:02:23.769  7922  7922 W MessageQueue: Handler (android.os.Handler) {56d7f62} sending message to a Handler on a dead thread
11-28 14:02:23.769  7922  7922 W MessageQueue: java.lang.IllegalStateException: Handler (android.os.Handler) {56d7f62} sending message to a Handler on a dead thread
11-28 14:02:23.769  7922  7922 W MessageQueue: 	at android.os.MessageQueue.enqueueMessage(MessageQueue.java:650)
11-28 14:02:23.769  7922  7922 W MessageQueue: 	at android.os.Handler.enqueueMessage(Handler.java:769)
11-28 14:02:23.769  7922  7922 W MessageQueue: 	at android.os.Handler.sendMessageAtTime(Handler.java:718)
11-28 14:02:23.769  7922  7922 W MessageQueue: 	at android.os.Handler.sendMessageDelayed(Handler.java:688)
11-28 14:02:23.769  7922  7922 W MessageQueue: 	at android.os.Handler.post(Handler.java:405)
11-28 14:02:23.769  7922  7922 W MessageQueue: 	at symlab.CloudAR.ARManager.recognizeTime(ARManager.java:152)
11-28 14:02:23.769  7922  7922 W MessageQueue: 	at symlab.ARHUD.MainActivity$3.onPreviewFrame(MainActivity.java:296)
11-28 14:02:23.769  7922  7922 W MessageQueue: 	at android.hardware.Camera$EventHandler.handleMessage(Camera.java:1278)
11-28 14:02:23.769  7922  7922 W MessageQueue: 	at android.os.Handler.dispatchMessage(Handler.java:112)
11-28 14:02:23.769  7922  7922 W MessageQueue: 	at android.os.Looper.loop(Looper.java:216)
11-28 14:02:23.769  7922  7922 W MessageQueue: 	at android.app.ActivityThread.main(ActivityThread.java:7579)
11-28 14:02:23.769  7922  7922 W MessageQueue: 	at java.lang.reflect.Method.invoke(Native Method)
11-28 14:02:23.769  7922  7922 W MessageQueue: 	at com.android.internal.os.RuntimeInit$MethodAndArgsCaller.run(RuntimeInit.java:524)
11-28 14:02:23.769  7922  7922 W MessageQueue: 	at com.android.internal.os.ZygoteInit.main(ZygoteInit.java:1034)
11-28 14:02:23.770  7922  7922 W MessageQueue: Handler (android.os.Handler) {56d7f62} sending message to a Handler on a dead thread
11-28 14:02:23.770  7922  7922 W MessageQueue: java.lang.IllegalStateException: Handler (android.os.Handler) {56d7f62} sending message to a Handler on a dead thread
11-28 14:02:23.770  7922  7922 W MessageQueue: 	at android.os.MessageQueue.enqueueMessage(MessageQueue.java:650)
11-28 14:02:23.770  7922  7922 W MessageQueue: 	at android.os.Handler.enqueueMessage(Handler.java:769)
11-28 14:02:23.770  7922  7922 W MessageQueue: 	at android.os.Handler.sendMessageAtTime(Handler.java:718)
11-28 14:02:23.770  7922  7922 W MessageQueue: 	at android.os.Handler.sendMessageDelayed(Handler.java:688)
11-28 14:02:23.770  7922  7922 W MessageQueue: 	at android.os.Handler.post(Handler.java:405)
11-28 14:02:23.770  7922  7922 W MessageQueue: 	at symlab.CloudAR.ARManager.driveFrame(ARManager.java:157)
11-28 14:02:23.770  7922  7922 W MessageQueue: 	at symlab.ARHUD.MainActivity$3.onPreviewFrame(MainActivity.java:297)
11-28 14:02:23.770  7922  7922 W MessageQueue: 	at android.hardware.Camera$EventHandler.handleMessage(Camera.java:1278)
11-28 14:02:23.770  7922  7922 W MessageQueue: 	at android.os.Handler.dispatchMessage(Handler.java:112)
11-28 14:02:23.770  7922  7922 W MessageQueue: 	at android.os.Looper.loop(Looper.java:216)
11-28 14:02:23.770  7922  7922 W MessageQueue: 	at android.app.ActivityThread.main(ActivityThread.java:7579)
11-28 14:02:23.770  7922  7922 W MessageQueue: 	at java.lang.reflect.Method.invoke(Native Method)
11-28 14:02:23.770  7922  7922 W MessageQueue: 	at com.android.internal.os.RuntimeInit$MethodAndArgsCaller.run(RuntimeInit.java:524)
11-28 14:02:23.770  7922  7922 W MessageQueue: 	at com.android.internal.os.ZygoteInit.main(ZygoteInit.java:1034)
11-28 14:02:23.798  7922  7922 W MessageQueue: Handler (android.os.Handler) {56d7f62} sending message to a Handler on a dead thread
11-28 14:02:23.798  7922  7922 W MessageQueue: java.lang.IllegalStateException: Handler (android.os.Handler) {56d7f62} sending message to a Handler on a dead thread
11-28 14:02:23.798  7922  7922 W MessageQueue: 	at android.os.MessageQueue.enqueueMessage(MessageQueue.java:650)
11-28 14:02:23.798  7922  7922 W MessageQueue: 	at android.os.Handler.enqueueMessage(Handler.java:769)
11-28 14:02:23.798  7922  7922 W MessageQueue: 	at android.os.Handler.sendMessageAtTime(Handler.java:718)
11-28 14:02:23.798  7922  7922 W MessageQueue: 	at android.os.Handler.sendMessageDelayed(Handler.java:688)
11-28 14:02:23.798  7922  7922 W MessageQueue: 	at android.os.Handler.post(Handler.java:405)
11-28 14:02:23.798  7922  7922 W MessageQueue: 	at symlab.CloudAR.ARManager.recognizeTime(ARManager.java:152)
11-28 14:02:23.798  7922  7922 W MessageQueue: 	at symlab.ARHUD.MainActivity$3.onPreviewFrame(MainActivity.java:296)
11-28 14:02:23.798  7922  7922 W MessageQueue: 	at android.hardware.Camera$EventHandler.handleMessage(Camera.java:1278)
11-28 14:02:23.798  7922  7922 W MessageQueue: 	at android.os.Handler.dispatchMessage(Handler.java:112)
11-28 14:02:23.798  7922  7922 W MessageQueue: 	at android.os.Looper.loop(Looper.java:216)
11-28 14:02:23.798  7922  7922 W MessageQueue: 	at android.app.ActivityThread.main(ActivityThread.java:7579)
11-28 14:02:23.798  7922  7922 W MessageQueue: 	at java.lang.reflect.Method.invoke(Native Method)
11-28 14:02:23.798  7922  7922 W MessageQueue: 	at com.android.internal.os.RuntimeInit$MethodAndArgsCaller.run(RuntimeInit.java:524)
11-28 14:02:23.798  7922  7922 W MessageQueue: 	at com.android.internal.os.ZygoteInit.main(ZygoteInit.java:1034)
11-28 14:02:23.799  7922  7922 W MessageQueue: Handler (android.os.Handler) {56d7f62} sending message to a Handler on a dead thread
11-28 14:02:23.799  7922  7922 W MessageQueue: java.lang.IllegalStateException: Handler (android.os.Handler) {56d7f62} sending message to a Handler on a dead thread
11-28 14:02:23.799  7922  7922 W MessageQueue: 	at android.os.MessageQueue.enqueueMessage(MessageQueue.java:650)
11-28 14:02:23.799  7922  7922 W MessageQueue: 	at android.os.Handler.enqueueMessage(Handler.java:769)
11-28 14:02:23.799  7922  7922 W MessageQueue: 	at android.os.Handler.sendMessageAtTime(Handler.java:718)
11-28 14:02:23.799  7922  7922 W MessageQueue: 	at android.os.Handler.sendMessageDelayed(Handler.java:688)
11-28 14:02:23.799  7922  7922 W MessageQueue: 	at android.os.Handler.post(Handler.java:405)
11-28 14:02:23.799  7922  7922 W MessageQueue: 	at symlab.CloudAR.ARManager.driveFrame(ARManager.java:157)
11-28 14:02:23.799  7922  7922 W MessageQueue: 	at symlab.ARHUD.MainActivity$3.onPreviewFrame(MainActivity.java:297)
11-28 14:02:23.799  7922  7922 W MessageQueue: 	at android.hardware.Camera$EventHandler.handleMessage(Camera.java:1278)
11-28 14:02:23.799  7922  7922 W MessageQueue: 	at android.os.Handler.dispatchMessage(Handler.java:112)
11-28 14:02:23.799  7922  7922 W MessageQueue: 	at android.os.Looper.loop(Looper.java:216)
11-28 14:02:23.799  7922  7922 W MessageQueue: 	at android.app.ActivityThread.main(ActivityThread.java:7579)
11-28 14:02:23.799  7922  7922 W MessageQueue: 	at java.lang.reflect.Method.invoke(Native Method)
11-28 14:02:23.799  7922  7922 W MessageQueue: 	at com.android.internal.os.RuntimeInit$MethodAndArgsCaller.run(RuntimeInit.java:524)
11-28 14:02:23.799  7922  7922 W MessageQueue: 	at com.android.internal.os.ZygoteInit.main(ZygoteInit.java:1034)
11-28 14:02:23.829  7922  7922 W MessageQueue: Handler (android.os.Handler) {56d7f62} sending message to a Handler on a dead thread
11-28 14:02:23.829  7922  7922 W MessageQueue: java.lang.IllegalStateException: Handler (android.os.Handler) {56d7f62} sending message to a Handler on a dead thread
11-28 14:02:23.829  7922  7922 W MessageQueue: 	at android.os.MessageQueue.enqueueMessage(MessageQueue.java:650)
11-28 14:02:23.829  7922  7922 W MessageQueue: 	at android.os.Handler.enqueueMessage(Handler.java:769)
11-28 14:02:23.829  7922  7922 W MessageQueue: 	at android.os.Handler.sendMessageAtTime(Handler.java:718)
11-28 14:02:23.829  7922  7922 W MessageQueue: 	at android.os.Handler.sendMessageDelayed(Handler.java:688)
11-28 14:02:23.829  7922  7922 W MessageQueue: 	at android.os.Handler.post(Handler.java:405)
11-28 14:02:23.829  7922  7922 W MessageQueue: 	at symlab.CloudAR.ARManager.recognizeTime(ARManager.java:152)
11-28 14:02:23.829  7922  7922 W MessageQueue: 	at symlab.ARHUD.MainActivity$3.onPreviewFrame(MainActivity.java:296)
11-28 14:02:23.829  7922  7922 W MessageQueue: 	at android.hardware.Camera$EventHandler.handleMessage(Camera.java:1278)
11-28 14:02:23.829  7922  7922 W MessageQueue: 	at android.os.Handler.dispatchMessage(Handler.java:112)
11-28 14:02:23.829  7922  7922 W MessageQueue: 	at android.os.Looper.loop(Looper.java:216)
11-28 14:02:23.829  7922  7922 W MessageQueue: 	at android.app.ActivityThread.main(ActivityThread.java:7579)
