--------- beginning of main
11-28 13:58:07.581  6418  6418 I Camera  : close camera: 0, package name: symlab.cloudridar.arhud
--------- beginning of system
11-28 13:58:07.582  6418  6418 I BackgroundPermManager: pkgName: symlab.cloudridar.arhud,pid: 6418 ,uidOf3RdApk: 10150 ,permType: 0 ,permCfg: 0
11-28 13:58:07.589  6418  6418 I HwCameraUtil: notifySurfaceFlingerCameraStatus : isFront = false , isOpend = false
11-28 13:58:07.707  6418  6418 W MessageQueue: Handler (android.os.Handler) {56d7f62} sending message to a Handler on a dead thread
11-28 13:58:07.707  6418  6418 W MessageQueue: java.lang.IllegalStateException: Handler (android.os.Handler) {56d7f62} sending message to a Handler on a dead thread
11-28 13:58:07.707  6418  6418 W MessageQueue: 	at android.os.MessageQueue.enqueueMessage(MessageQueue.java:650)
11-28 13:58:07.707  6418  6418 W MessageQueue: 	at android.os.Handler.enqueueMessage(Handler.java:769)
11-28 13:58:07.707  6418  6418 W MessageQueue: 	at android.os.Handler.sendMessageAtTime(Handler.java:718)
11-28 13:58:07.707  6418  6418 W MessageQueue: 	at android.os.Handler.sendMessageDelayed(Handler.java:688)
11-28 13:58:07.707  6418  6418 W MessageQueue: 	at android.os.Handler.post(Handler.java:405)
11-28 13:58:07.707  6418  6418 W MessageQueue: 	at symlab.CloudAR.ARManager.stop(ARManager.java:117)
11-28 13:58:07.707  6418  6418 W MessageQueue: 	at symlab.ARHUD.MainActivity.onPause(MainActivity.java:206)
11-28 13:58:07.707  6418  6418 W MessageQueue: 	at android.app.Activity.performPause(Activity.java:7711)
11-28 13:58:07.707  6418  6418 W MessageQueue: 	at android.app.Instrumentation.callActivityOnPause(Instrumentation.java:1481)
11-28 13:58:07.707  6418  6418 W MessageQueue: 	at android.app.ActivityThread.performPauseActivityIfNeeded(ActivityThread.java:4700)
11-28 13:58:07.707  6418  6418 W MessageQueue: 	at android.app.ActivityThread.performPauseActivity(ActivityThread.java:4665)
11-28 13:58:07.707  6418  6418 W MessageQueue: 	at android.app.ActivityThread.handlePauseActivity(ActivityThread.java:4612)
11-28 13:58:07.707  6418  6418 W MessageQueue: 	at android.app.servertransaction.PauseActivityItem.execute(PauseActivityItem.java:45)
11-28 13:58:07.707  6418  6418 W MessageQueue: 	at android.app.servertransaction.TransactionExecutor.executeLifecycleState(TransactionExecutor.java:154)
11-28 13:58:07.707  6418  6418 W MessageQueue: 	at android.app.servertransaction.TransactionExecutor.execute(TransactionExecutor.java:76)
11-28 13:58:07.707  6418  6418 W MessageQueue: 	at android.app.ActivityThread$H.handleMessage(ActivityThread.java:2208)
11-28 13:58:07.707  6418  6418 W MessageQueue: 	at android.os.Handler.dispatchMessage(Handler.java:112)
11-28 13:58:07.707  6418  6418 W MessageQueue: 	at android.os.Looper.loop(Looper.java:216)
11-28 13:58:07.707  6418  6418 W MessageQueue: 	at android.app.ActivityThread.main(ActivityThread.java:7579)
11-28 13:58:07.707  6418  6418 W MessageQueue: 	at java.lang.reflect.Method.invoke(Native Method)
11-28 13:58:07.707  6418  6418 W MessageQueue: 	at com.android.internal.os.RuntimeInit$MethodAndArgsCaller.run(RuntimeInit.java:524)
11-28 13:58:07.707  6418  6418 W MessageQueue: 	at com.android.internal.os.ZygoteInit.main(ZygoteInit.java:1034)
11-28 13:58:07.708  6418  6418 D ZrHung.AppEyeUiProbe: stop checker.
11-28 13:58:07.727  6418  6418 I Poster  :  surfaceDestroyed() called.
11-28 13:58:07.727  6418  6418 D ViewRootImpl[MainActivity]: surface should not be released
11-28 13:58:07.727  6418  6418 I Poster  :  onStop() called.
11-28 13:58:07.748  6418  6540 W libEGL  : EGLNativeWindowType 0xf07f0008 disconnect failed
11-28 13:58:08.061  6418  6513 D ZrHung.AppEyeUiProbe: Current Activity:false
11-28 13:58:08.061  6418  6513 D ZrHung.AppEyeUiProbe: not watching, wait.
11-28 13:58:10.345  6945  6945 I loudridar.arhu: Late-enabling -Xcheck:jni
11-28 13:58:10.382  6945  6945 I loudridar.arhu: Reinit property: dalvik.vm.checkjni= false
11-28 13:58:10.390  6945  6945 D ZrHung.AppEyeUiProbe: AppEyeUIP created.
11-28 13:58:10.387  6945  6945 W re-initialized>: type=1400 audit(0.0:39302): avc: denied { read } for name="u:object_r:mmi_prop:s0" dev="tmpfs" ino=16663 scontext=u:r:untrusted_app:s0:c150,c256,c512,c768 tcontext=u:object_r:mmi_prop:s0 tclass=file permissive=0
11-28 13:58:10.392  6945  6945 E libc    : Access denied finding property "runtime.mmitest.isrunning"
11-28 13:58:10.400  6945  6952 E loudridar.arhu: Failed to send DDMS packet REAQ to debugger (-1 of 20): Broken pipe
11-28 13:58:10.401  6945  6945 D ActivityThread: Attach thread to application
11-28 13:58:10.455  6945  6966 I HwApiCacheMangerEx: apicache path=/storage/emulated/0 state=mounted key=symlab.cloudridar.arhud#10150#256
11-28 13:58:10.455  6945  6966 I HwApiCacheMangerEx: apicache path=/storage/emulated/0 state=mounted key=symlab.cloudridar.arhud#10150#0
11-28 13:58:10.518  6945  6945 I loudridar.arhu: QarthPatchMonintor::Init
11-28 13:58:10.518  6945  6945 I loudridar.arhu: 
11-28 13:58:10.518  6945  6945 I loudridar.arhu: QarthPatchMonintor::StartWatch
11-28 13:58:10.518  6945  6945 I loudridar.arhu: 
11-28 13:58:10.518  6945  6945 I loudridar.arhu: QarthPatchMonintor::WatchPackage: /data/hotpatch/fwkhotpatch/
11-28 13:58:10.518  6945  6945 I loudridar.arhu: 
11-28 13:58:10.518  6945  6945 I loudridar.arhu: QarthPatchMonintor::CheckAndWatchPatch: /data/hotpatch/fwkhotpatch/symlab.cloudridar.arhud
11-28 13:58:10.518  6945  6945 I loudridar.arhu: 
11-28 13:58:10.518  6945  6945 I loudridar.arhu: QarthPatchMonintor::CheckAndWatchPatch: /data/hotpatch/fwkhotpatch/all
11-28 13:58:10.518  6945  6945 I loudridar.arhu: 
11-28 13:58:10.518  6945  6945 I loudridar.arhu: QarthPatchMonintor::Run
11-28 13:58:10.518  6945  6945 I loudridar.arhu: 
11-28 13:58:10.518  6945  6973 I loudridar.arhu: QarthPatchMonintor::Reading
11-28 13:58:10.518  6945  6973 I loudridar.arhu: 
11-28 13:58:10.518  6945  6973 I loudridar.arhu: QarthPatchMonintor::CheckNotifyEvent
11-28 13:58:10.518  6945  6973 I loudridar.arhu: 
11-28 13:58:10.518  6945  6973 I loudridar.arhu: QarthPatchMonintor::CheckNotifyEvent before read
11-28 13:58:10.518  6945  6973 I loudridar.arhu: 
11-28 13:58:10.522  6945  6945 I MultiDex: VM with version 2.1.0 has multidex support
11-28 13:58:10.522  6945  6945 I MultiDex: Installing application
11-28 13:58:10.522  6945  6945 I MultiDex: VM has multidex support, MultiDex support library is disabled.
11-28 13:58:10.523  6945  6966 I AwareBitmapCacher: init processName:symlab.cloudridar.arhud pid=6945 uid=10150
11-28 13:58:10.525  6945  6976 E AwareLog: AtomicFileUtils: readFileLines file not exist: android.util.AtomicFile@919d802
11-28 13:58:10.526  6945  6945 I FirebaseInitProvider: FirebaseApp initialization unsuccessful
11-28 13:58:10.526  6945  6976 E AwareLog: AtomicFileUtils: readFileLines file not exist: android.util.AtomicFile@35dc513
11-28 13:58:10.533  6945  6945 D ZrHung.AppEyeUiProbe: notify runnable to start.
11-28 13:58:10.533  6945  6981 D ZrHung.AppEyeUiProbe: Runnable thread started.
11-28 13:58:10.533  6945  6981 D IMonitor: Load library imonitor_jni
11-28 13:58:10.535  6945  6981 E         : [ZeroHung]zrhung_get_config: Get config failed for wp[0x0102]
11-28 13:58:10.535  6945  6981 W ZrHung.AppEyeUiProbe: Failed to get config from zrhung
11-28 13:58:10.535  6979  6979 W logcat  : type=1400 audit(0.0:39303): avc: granted { create } for name="logcat_1574942290528.txt" scontext=u:r:untrusted_app:s0:c150,c256,c512,c768 tcontext=u:object_r:sdcardfs:s0:c150,c256,c512,c768 tclass=file
11-28 13:58:10.535  6945  6981 E         : [ZeroHung]zrhung_get_config: Get config failed for wp[0x0102]
11-28 13:58:10.535  6945  6981 W ZrHung.AppEyeUiProbe: Failed to get config from zrhung
11-28 13:58:10.550  6945  6945 I MultiDex: Installing application
11-28 13:58:10.550  6945  6945 I MultiDex: VM has multidex support, MultiDex support library is disabled.
11-28 13:58:10.553  6945  6945 V ActivityThread: callActivityOnCreate
11-28 13:58:10.553  6945  6945 I Poster  :  onCreate() called.
11-28 13:58:10.556  6945  6945 I HwApsImpl: APS: new HwApsImpl created
11-28 13:58:10.563  6945  6945 V HwWidgetFactory: : successes to get AllImpl object and return....
11-28 13:58:10.570  6945  6945 D OpenGLRenderer: Skia GL Pipeline
11-28 13:58:10.591  6945  6945 D Poster  : Server details are IP 193.166.28.132 and port 52727
11-28 13:58:10.595  6945  6945 D Poster  : Server bound to IP 193.166.28.132 and port 52727
11-28 13:58:10.600  6945  6945 D ActivityThread: add activity client record, r= ActivityRecord{db8bbd token=android.os.BinderProxy@c62e47c {symlab.cloudridar.arhud/symlab.ARHUD.MainActivity}} token= android.os.BinderProxy@c62e47c
11-28 13:58:10.602  6945  6945 I Poster  :  onStart() called.
11-28 13:58:10.603  6945  6945 D ZrHung.AppEyeUiProbe: notify runnable to start.
11-28 13:58:10.604  6945  6945 I Poster  :  onResume() called.
11-28 13:58:10.608  6945  6945 I PermissionManager: camera remind result:true
11-28 13:58:10.608  6945  6945 I Camera  : open camera: 0, package name: symlab.cloudridar.arhud
11-28 13:58:10.608  6945  6945 I BackgroundPermManager: pkgName: symlab.cloudridar.arhud,pid: 6945 ,uidOf3RdApk: 10150 ,permType: 0 ,permCfg: 1
11-28 13:58:10.609  6945  6945 I HwCameraUtil: notifySurfaceFlingerCameraStatus : isFront = false , isOpend = true
11-28 13:58:10.618  6945  6945 D ActivityThread: isOptEnabled=false isWechatScanOpt=false
11-28 13:58:10.620  6945  6945 I HwSecImmHelper: mSecurityInputMethodService is null
11-28 13:58:10.627  6945  6945 D OpenGLRenderer:   HWUI Binary is  enabled
11-28 13:58:10.645  6945  7008 D HiTouch_PressGestureDetector: onAttached, package=symlab.cloudridar.arhud, windowType=1, mHiTouchRestricted=false
11-28 13:58:10.655  6945  7007 I ConfigStore: android::hardware::configstore::V1_0::ISurfaceFlingerConfigs::hasWideColorDisplay retrieved: 0
11-28 13:58:10.655  6945  7007 I ConfigStore: android::hardware::configstore::V1_0::ISurfaceFlingerConfigs::hasHDRDisplay retrieved: 0
11-28 13:58:10.656  6945  7007 I iGraphics: [0020080c] pn: symlab.cloudridar.arhud, p: 6945
11-28 13:58:10.656  6945  7007 I OpenGLRenderer: Initialized EGL, version 1.4, mEglDisplay 0x1
11-28 13:58:10.656  6945  7007 D OpenGLRenderer: Swap behavior 2
11-28 13:58:10.665  6945  7007 D mali_winsys: EGLint new_window_surface(egl_winsys_display *, void *, EGLSurface, EGLConfig, egl_winsys_surface **, EGLBoolean) returns 0x3000
11-28 13:58:10.675  6945  6945 I Poster  :  surfaceCreated() called.
11-28 13:58:10.675  6945  6945 I Poster  : initPreview() called
11-28 13:58:10.677  6945  6956 E         : [ZeroHung]zrhung_get_config: Get config failed for wp[0x0008]
11-28 13:58:10.680  6945  6945 I PermissionManager: camera remind result:true
11-28 13:58:10.686  6945  6945 I Poster  :  surfaceChanged() called.
11-28 13:58:10.691  6945  6954 W System  : A resource failed to call close. 
11-28 13:58:10.705  6945  6945 W InputMethodManager: startInputReason = 1
11-28 13:58:10.720  6945  6945 W InputMethodManager: startInputReason = 5
11-28 13:58:11.462  6945  6990 D Evaluation: 0 res for frame 6 received at 1574942291462
11-28 13:58:11.729  6945  6990 D Evaluation: 0 res for frame 7 received at 1574942291729
11-28 13:58:12.729  6945  6956 E         : [ZeroHung]zrhung_get_config: Get config failed for wp[0x0008]
11-28 13:58:12.750  6945  6954 W System  : A resource failed to call close. 
11-28 13:58:12.752  6945  6954 I chatty  : uid=10150(symlab.cloudridar.arhud) FinalizerDaemon identical 24 lines
11-28 13:58:12.752  6945  6954 W System  : A resource failed to call close. 
11-28 13:58:12.752  6945  6954 W System  : A resource failed to call close. 
11-28 13:58:12.754  6945  6954 I chatty  : uid=10150(symlab.cloudridar.arhud) FinalizerDaemon identical 21 lines
11-28 13:58:12.754  6945  6954 W System  : A resource failed to call close. 
11-28 13:58:14.382  6945  6956 E         : [ZeroHung]zrhung_get_config: Get config failed for wp[0x0008]
11-28 13:58:14.402  6945  6954 W System  : A resource failed to call close. 
11-28 13:58:14.405  6945  6954 I chatty  : uid=10150(symlab.cloudridar.arhud) FinalizerDaemon identical 45 lines
11-28 13:58:14.405  6945  6954 W System  : A resource failed to call close. 
11-28 13:58:15.056  6945  6945 W InputMethodManager: startInputReason = 8
11-28 13:58:15.069  6945  6945 W IInputConnectionWrapper: getExtractedText on inactive InputConnection
11-28 13:58:15.073  6945  6945 W IInputConnectionWrapper: getTextBeforeCursor on inactive InputConnection
11-28 13:58:15.242  6945  6945 I Poster  :  onPause() called.
11-28 13:58:15.382  6945  6945 I Camera  : close camera: 0, package name: symlab.cloudridar.arhud
11-28 13:58:15.382  6945  6945 I BackgroundPermManager: pkgName: symlab.cloudridar.arhud,pid: 6945 ,uidOf3RdApk: 10150 ,permType: 0 ,permCfg: 0
11-28 13:58:15.393  6945  6945 I HwCameraUtil: notifySurfaceFlingerCameraStatus : isFront = false , isOpend = false
11-28 13:58:15.455  6945  6945 D ZrHung.AppEyeUiProbe: stop checker.
11-28 13:58:15.471  6945  6945 I Poster  :  surfaceDestroyed() called.
11-28 13:58:15.471  6945  6945 D ViewRootImpl[MainActivity]: surface should not be released
11-28 13:58:15.472  6945  6945 I Poster  :  onStop() called.
11-28 13:58:15.526  6945  7007 W libEGL  : EGLNativeWindowType 0xf07f0008 disconnect failed
11-28 13:58:15.537  6945  6981 D ZrHung.AppEyeUiProbe: Current Activity:false
11-28 13:58:15.537  6945  6981 D ZrHung.AppEyeUiProbe: not watching, wait.
11-28 13:58:15.629  6945  6945 V ActivityThread: Handle window ActivityRecord{db8bbd token=android.os.BinderProxy@c62e47c {symlab.cloudridar.arhud/symlab.ARHUD.MainActivity}} visibility: false
11-28 13:58:15.631  6945  6945 I AwareBitmapCacher: init lrucache size: 2097152 pid=6945
11-28 13:58:15.646  6945  6945 W IInputConnectionWrapper: getExtractedText on inactive InputConnection
11-28 13:58:15.647  6945  6945 W IInputConnectionWrapper: getTextBeforeCursor on inactive InputConnection
11-28 13:58:20.216  6945  6945 D Poster  : At 1574942300215 location is 65.05792626920919 (latitude), and 25.46980740061226 (longitude)
11-28 13:58:20.222  6945  6945 D Poster  : Connected to mobile network 20
11-28 13:58:20.237  6945  6945 D Latitude: status
11-28 13:58:20.268  6945  6956 E         : [ZeroHung]zrhung_get_config: Get config failed for wp[0x0008]
11-28 13:58:20.311  6945  6954 W System  : A resource failed to call close. 
11-28 13:58:20.316  6945  6954 I chatty  : uid=10150(symlab.cloudridar.arhud) FinalizerDaemon identical 25 lines
11-28 13:58:20.316  6945  6954 W System  : A resource failed to call close. 
11-28 13:58:41.380  6945  6945 I Poster  :  onStart() called.
11-28 13:58:41.380  6945  6945 D ZrHung.AppEyeUiProbe: notify runnable to start.
11-28 13:58:41.380  6945  6981 D ZrHung.AppEyeUiProbe: restart watching
11-28 13:58:41.380  6945  6945 I Poster  :  onResume() called.
11-28 13:58:41.384  6945  6945 I PermissionManager: camera remind result:true
11-28 13:58:41.384  6945  6945 I Camera  : open camera: 0, package name: symlab.cloudridar.arhud
11-28 13:58:41.385  6945  6945 I BackgroundPermManager: pkgName: symlab.cloudridar.arhud,pid: 6945 ,uidOf3RdApk: 10150 ,permType: 0 ,permCfg: 1
11-28 13:58:41.388  6945  6945 I HwCameraUtil: notifySurfaceFlingerCameraStatus : isFront = false , isOpend = true
11-28 13:58:41.402  6945  6945 D ActivityThread: isOptEnabled=false isWechatScanOpt=false
11-28 13:58:41.416  6945  7007 D mali_winsys: EGLint new_window_surface(egl_winsys_display *, void *, EGLSurface, EGLConfig, egl_winsys_surface **, EGLBoolean) returns 0x3000
11-28 13:58:41.419  6945  6945 I Poster  :  surfaceCreated() called.
11-28 13:58:41.419  6945  6945 I Poster  : initPreview() called
11-28 13:58:41.422  6945  6945 I PermissionManager: camera remind result:true
11-28 13:58:41.431  6945  6945 I Poster  :  surfaceChanged() called.
11-28 13:58:41.431  6945  6945 E BpSurfaceComposerClient: Failed to transact (-1)
11-28 13:58:41.431  6945  6945 E BpSurfaceComposerClient: Failed to transact (-1)
11-28 13:58:41.474  6945  7007 W libEGL  : EGLNativeWindowType 0xf07f0008 disconnect failed
11-28 13:58:41.475  6945  7007 D mali_winsys: EGLint new_window_surface(egl_winsys_display *, void *, EGLSurface, EGLConfig, egl_winsys_surface **, EGLBoolean) returns 0x3000
11-28 13:58:41.494  6945  6945 W InputMethodManager: startInputReason = 1
11-28 13:58:41.768  6945  6945 W MessageQueue: Handler (android.os.Handler) {56d7f62} sending message to a Handler on a dead thread
11-28 13:58:41.768  6945  6945 W MessageQueue: java.lang.IllegalStateException: Handler (android.os.Handler) {56d7f62} sending message to a Handler on a dead thread
11-28 13:58:41.768  6945  6945 W MessageQueue: 	at android.os.MessageQueue.enqueueMessage(MessageQueue.java:650)
11-28 13:58:41.768  6945  6945 W MessageQueue: 	at android.os.Handler.enqueueMessage(Handler.java:769)
11-28 13:58:41.768  6945  6945 W MessageQueue: 	at android.os.Handler.sendMessageAtTime(Handler.java:718)
11-28 13:58:41.768  6945  6945 W MessageQueue: 	at android.os.Handler.sendMessageDelayed(Handler.java:688)
11-28 13:58:41.768  6945  6945 W MessageQueue: 	at android.os.Handler.post(Handler.java:405)
11-28 13:58:41.768  6945  6945 W MessageQueue: 	at symlab.CloudAR.ARManager.recognizeTime(ARManager.java:152)
11-28 13:58:41.768  6945  6945 W MessageQueue: 	at symlab.ARHUD.MainActivity$3.onPreviewFrame(MainActivity.java:296)
11-28 13:58:41.768  6945  6945 W MessageQueue: 	at android.hardware.Camera$EventHandler.handleMessage(Camera.java:1278)
11-28 13:58:41.768  6945  6945 W MessageQueue: 	at android.os.Handler.dispatchMessage(Handler.java:112)
11-28 13:58:41.768  6945  6945 W MessageQueue: 	at android.os.Looper.loop(Looper.java:216)
11-28 13:58:41.768  6945  6945 W MessageQueue: 	at android.app.ActivityThread.main(ActivityThread.java:7579)
11-28 13:58:41.768  6945  6945 W MessageQueue: 	at java.lang.reflect.Method.invoke(Native Method)
11-28 13:58:41.768  6945  6945 W MessageQueue: 	at com.android.internal.os.RuntimeInit$MethodAndArgsCaller.run(RuntimeInit.java:524)
11-28 13:58:41.768  6945  6945 W MessageQueue: 	at com.android.internal.os.ZygoteInit.main(ZygoteInit.java:1034)
11-28 13:58:41.769  6945  6945 W MessageQueue: Handler (android.os.Handler) {56d7f62} sending message to a Handler on a dead thread
11-28 13:58:41.769  6945  6945 W MessageQueue: java.lang.IllegalStateException: Handler (android.os.Handler) {56d7f62} sending message to a Handler on a dead thread
11-28 13:58:41.769  6945  6945 W MessageQueue: 	at android.os.MessageQueue.enqueueMessage(MessageQueue.java:650)
11-28 13:58:41.769  6945  6945 W MessageQueue: 	at android.os.Handler.enqueueMessage(Handler.java:769)
11-28 13:58:41.769  6945  6945 W MessageQueue: 	at android.os.Handler.sendMessageAtTime(Handler.java:718)
11-28 13:58:41.769  6945  6945 W MessageQueue: 	at android.os.Handler.sendMessageDelayed(Handler.java:688)
11-28 13:58:41.769  6945  6945 W MessageQueue: 	at android.os.Handler.post(Handler.java:405)
11-28 13:58:41.769  6945  6945 W MessageQueue: 	at symlab.CloudAR.ARManager.driveFrame(ARManager.java:157)
11-28 13:58:41.769  6945  6945 W MessageQueue: 	at symlab.ARHUD.MainActivity$3.onPreviewFrame(MainActivity.java:297)
11-28 13:58:41.769  6945  6945 W MessageQueue: 	at android.hardware.Camera$EventHandler.handleMessage(Camera.java:1278)
11-28 13:58:41.769  6945  6945 W MessageQueue: 	at android.os.Handler.dispatchMessage(Handler.java:112)
11-28 13:58:41.769  6945  6945 W MessageQueue: 	at android.os.Looper.loop(Looper.java:216)
11-28 13:58:41.769  6945  6945 W MessageQueue: 	at android.app.ActivityThread.main(ActivityThread.java:7579)
11-28 13:58:41.769  6945  6945 W MessageQueue: 	at java.lang.reflect.Method.invoke(Native Method)
11-28 13:58:41.769  6945  6945 W MessageQueue: 	at com.android.internal.os.RuntimeInit$MethodAndArgsCaller.run(RuntimeInit.java:524)
11-28 13:58:41.769  6945  6945 W MessageQueue: 	at com.android.internal.os.ZygoteInit.main(ZygoteInit.java:1034)
11-28 13:58:41.798  6945  6945 W MessageQueue: Handler (android.os.Handler) {56d7f62} sending message to a Handler on a dead thread
11-28 13:58:41.798  6945  6945 W MessageQueue: java.lang.IllegalStateException: Handler (android.os.Handler) {56d7f62} sending message to a Handler on a dead thread
11-28 13:58:41.798  6945  6945 W MessageQueue: 	at android.os.MessageQueue.enqueueMessage(MessageQueue.java:650)
11-28 13:58:41.798  6945  6945 W MessageQueue: 	at android.os.Handler.enqueueMessage(Handler.java:769)
11-28 13:58:41.798  6945  6945 W MessageQueue: 	at android.os.Handler.sendMessageAtTime(Handler.java:718)
11-28 13:58:41.798  6945  6945 W MessageQueue: 	at android.os.Handler.sendMessageDelayed(Handler.java:688)
11-28 13:58:41.798  6945  6945 W MessageQueue: 	at android.os.Handler.post(Handler.java:405)
11-28 13:58:41.798  6945  6945 W MessageQueue: 	at symlab.CloudAR.ARManager.recognizeTime(ARManager.java:152)
11-28 13:58:41.798  6945  6945 W MessageQueue: 	at symlab.ARHUD.MainActivity$3.onPreviewFrame(MainActivity.java:296)
11-28 13:58:41.798  6945  6945 W MessageQueue: 	at android.hardware.Camera$EventHandler.handleMessage(Camera.java:1278)
11-28 13:58:41.798  6945  6945 W MessageQueue: 	at android.os.Handler.dispatchMessage(Handler.java:112)
11-28 13:58:41.798  6945  6945 W MessageQueue: 	at android.os.Looper.loop(Looper.java:216)
11-28 13:58:41.798  6945  6945 W MessageQueue: 	at android.app.ActivityThread.main(ActivityThread.java:7579)
11-28 13:58:41.798  6945  6945 W MessageQueue: 	at java.lang.reflect.Method.invoke(Native Method)
11-28 13:58:41.798  6945  6945 W MessageQueue: 	at com.android.internal.os.RuntimeInit$MethodAndArgsCaller.run(RuntimeInit.java:524)
11-28 13:58:41.798  6945  6945 W MessageQueue: 	at com.android.internal.os.ZygoteInit.main(ZygoteInit.java:1034)
11-28 13:58:41.798  6945  6945 W MessageQueue: Handler (android.os.Handler) {56d7f62} sending message to a Handler on a dead thread
11-28 13:58:41.798  6945  6945 W MessageQueue: java.lang.IllegalStateException: Handler (android.os.Handler) {56d7f62} sending message to a Handler on a dead thread
11-28 13:58:41.798  6945  6945 W MessageQueue: 	at android.os.MessageQueue.enqueueMessage(MessageQueue.java:650)
11-28 13:58:41.798  6945  6945 W MessageQueue: 	at android.os.Handler.enqueueMessage(Handler.java:769)
11-28 13:58:41.798  6945  6945 W MessageQueue: 	at android.os.Handler.sendMessageAtTime(Handler.java:718)
11-28 13:58:41.798  6945  6945 W MessageQueue: 	at android.os.Handler.sendMessageDelayed(Handler.java:688)
11-28 13:58:41.798  6945  6945 W MessageQueue: 	at android.os.Handler.post(Handler.java:405)
11-28 13:58:41.798  6945  6945 W MessageQueue: 	at symlab.CloudAR.ARManager.driveFrame(ARManager.java:157)
11-28 13:58:41.798  6945  6945 W MessageQueue: 	at symlab.ARHUD.MainActivity$3.onPreviewFrame(MainActivity.java:297)
11-28 13:58:41.798  6945  6945 W MessageQueue: 	at android.hardware.Camera$EventHandler.handleMessage(Camera.java:1278)
11-28 13:58:41.798  6945  6945 W MessageQueue: 	at android.os.Handler.dispatchMessage(Handler.java:112)
11-28 13:58:41.798  6945  6945 W MessageQueue: 	at android.os.Looper.loop(Looper.java:216)
11-28 13:58:41.798  6945  6945 W MessageQueue: 	at android.app.ActivityThread.main(ActivityThread.java:7579)
11-28 13:58:41.798  6945  6945 W MessageQueue: 	at java.lang.reflect.Method.invoke(Native Method)
11-28 13:58:41.798  6945  6945 W MessageQueue: 	at com.android.internal.os.RuntimeInit$MethodAndArgsCaller.run(RuntimeInit.java:524)
11-28 13:58:41.798  6945  6945 W MessageQueue: 	at com.android.internal.os.ZygoteInit.main(ZygoteInit.java:1034)
11-28 13:58:41.834  6945  6945 W MessageQueue: Handler (android.os.Handler) {56d7f62} sending message to a Handler on a dead thread
11-28 13:58:41.834  6945  6945 W MessageQueue: java.lang.IllegalStateException: Handler (android.os.Handler) {56d7f62} sending message to a Handler on a dead thread
11-28 13:58:41.834  6945  6945 W MessageQueue: 	at android.os.MessageQueue.enqueueMessage(MessageQueue.java:650)
11-28 13:58:41.834  6945  6945 W MessageQueue: 	at android.os.Handler.enqueueMessage(Handler.java:769)
11-28 13:58:41.834  6945  6945 W MessageQueue: 	at android.os.Handler.sendMessageAtTime(Handler.java:718)
11-28 13:58:41.834  6945  6945 W MessageQueue: 	at android.os.Handler.sendMessageDelayed(Handler.java:688)
11-28 13:58:41.834  6945  6945 W MessageQueue: 	at android.os.Handler.post(Handler.java:405)
11-28 13:58:41.834  6945  6945 W MessageQueue: 	at symlab.CloudAR.ARManager.recognizeTime(ARManager.java:152)
11-28 13:58:41.834  6945  6945 W MessageQueue: 	at symlab.ARHUD.MainActivity$3.onPreviewFrame(MainActivity.java:296)
11-28 13:58:41.834  6945  6945 W MessageQueue: 	at android.hardware.Camera$EventHandler.handleMessage(Camera.java:1278)
11-28 13:58:41.834  6945  6945 W MessageQueue: 	at android.os.Handler.dispatchMessage(Handler.java:112)
11-28 13:58:41.834  6945  6945 W MessageQueue: 	at android.os.Looper.loop(Looper.java:216)
11-28 13:58:41.834  6945  6945 W MessageQueue: 	at android.app.ActivityThread.main(ActivityThread.java:7579)
11-28 13:58:41.834  6945  6945 W MessageQueue: 	at java.lang.reflect.Method.invoke(Native Method)
11-28 13:58:41.834  6945  6945 W MessageQueue: 	at com.android.internal.os.RuntimeInit$MethodAndArgsCaller.run(RuntimeInit.java:524)
11-28 13:58:41.834  6945  6945 W MessageQueue: 	at com.android.internal.os.ZygoteInit.main(ZygoteInit.java:1034)
11-28 13:58:41.834  6945  6945 W MessageQueue: Handler (android.os.Handler) {56d7f62} sending message to a Handler on a dead thread
11-28 13:58:41.834  6945  6945 W MessageQueue: java.lang.IllegalStateException: Handler (android.os.Handler) {56d7f62} sending message to a Handler on a dead thread
11-28 13:58:41.834  6945  6945 W MessageQueue: 	at android.os.MessageQueue.enqueueMessage(MessageQueue.java:650)
11-28 13:58:41.834  6945  6945 W MessageQueue: 	at android.os.Handler.enqueueMessage(Handler.java:769)
11-28 13:58:41.834  6945  6945 W MessageQueue: 	at android.os.Handler.sendMessageAtTime(Handler.java:718)
11-28 13:58:41.834  6945  6945 W MessageQueue: 	at android.os.Handler.sendMessageDelayed(Handler.java:688)
11-28 13:58:41.834  6945  6945 W MessageQueue: 	at android.os.Handler.post(Handler.java:405)
11-28 13:58:41.834  6945  6945 W MessageQueue: 	at symlab.CloudAR.ARManager.driveFrame(ARManager.java:157)
11-28 13:58:41.834  6945  6945 W MessageQueue: 	at symlab.ARHUD.MainActivity$3.onPreviewFrame(MainActivity.java:297)
11-28 13:58:41.834  6945  6945 W MessageQueue: 	at android.hardware.Camera$EventHandler.handleMessage(Camera.java:1278)
11-28 13:58:41.834  6945  6945 W MessageQueue: 	at android.os.Handler.dispatchMessage(Handler.java:112)
11-28 13:58:41.834  6945  6945 W MessageQueue: 	at android.os.Looper.loop(Looper.java:216)
11-28 13:58:41.834  6945  6945 W MessageQueue: 	at android.app.ActivityThread.main(ActivityThread.java:7579)
11-28 13:58:41.834  6945  6945 W MessageQueue: 	at java.lang.reflect.Method.invoke(Native Method)
11-28 13:58:41.834  6945  6945 W MessageQueue: 	at com.android.internal.os.RuntimeInit$MethodAndArgsCaller.run(RuntimeInit.java:524)
11-28 13:58:41.834  6945  6945 W MessageQueue: 	at com.android.internal.os.ZygoteInit.main(ZygoteInit.java:1034)
11-28 13:58:41.868  6945  6945 W MessageQueue: Handler (android.os.Handler) {56d7f62} sending message to a Handler on a dead thread
11-28 13:58:41.868  6945  6945 W MessageQueue: java.lang.IllegalStateException: Handler (android.os.Handler) {56d7f62} sending message to a Handler on a dead thread
11-28 13:58:41.868  6945  6945 W MessageQueue: 	at android.os.MessageQueue.enqueueMessage(MessageQueue.java:650)
11-28 13:58:41.868  6945  6945 W MessageQueue: 	at android.os.Handler.enqueueMessage(Handler.java:769)
11-28 13:58:41.868  6945  6945 W MessageQueue: 	at android.os.Handler.sendMessageAtTime(Handler.java:718)
11-28 13:58:41.868  6945  6945 W MessageQueue: 	at android.os.Handler.sendMessageDelayed(Handler.java:688)
11-28 13:58:41.868  6945  6945 W MessageQueue: 	at android.os.Handler.post(Handler.java:405)
11-28 13:58:41.868  6945  6945 W MessageQueue: 	at symlab.CloudAR.ARManager.recognizeTime(ARManager.java:152)
11-28 13:58:41.868  6945  6945 W MessageQueue: 	at symlab.ARHUD.MainActivity$3.onPreviewFrame(MainActivity.java:296)
11-28 13:58:41.868  6945  6945 W MessageQueue: 	at android.hardware.Camera$EventHandler.handleMessage(Camera.java:1278)
11-28 13:58:41.868  6945  6945 W MessageQueue: 	at android.os.Handler.dispatchMessage(Handler.java:112)
11-28 13:58:41.868  6945  6945 W MessageQueue: 	at android.os.Looper.loop(Looper.java:216)
11-28 13:58:41.868  6945  6945 W MessageQueue: 	at android.app.ActivityThread.main(ActivityThread.java:7579)
11-28 13:58:41.868  6945  6945 W MessageQueue: 	at java.lang.reflect.Method.invoke(Native Method)
11-28 13:58:41.868  6945  6945 W MessageQueue: 	at com.android.internal.os.RuntimeInit$MethodAndArgsCaller.run(RuntimeInit.java:524)
11-28 13:58:41.868  6945  6945 W MessageQueue: 	at com.android.internal.os.ZygoteInit.main(ZygoteInit.java:1034)
11-28 13:58:41.869  6945  6945 W MessageQueue: Handler (android.os.Handler) {56d7f62} sending message to a Handler on a dead thread
11-28 13:58:41.869  6945  6945 W MessageQueue: java.lang.IllegalStateException: Handler (android.os.Handler) {56d7f62} sending message to a Handler on a dead thread
11-28 13:58:41.869  6945  6945 W MessageQueue: 	at android.os.MessageQueue.enqueueMessage(MessageQueue.java:650)
11-28 13:58:41.869  6945  6945 W MessageQueue: 	at android.os.Handler.enqueueMessage(Handler.java:769)
11-28 13:58:41.869  6945  6945 W MessageQueue: 	at android.os.Handler.sendMessageAtTime(Handler.java:718)
11-28 13:58:41.869  6945  6945 W MessageQueue: 	at android.os.Handler.sendMessageDelayed(Handler.java:688)
11-28 13:58:41.869  6945  6945 W MessageQueue: 	at android.os.Handler.post(Handler.java:405)
11-28 13:58:41.869  6945  6945 W MessageQueue: 	at symlab.CloudAR.ARManager.driveFrame(ARManager.java:157)
11-28 13:58:41.869  6945  6945 W MessageQueue: 	at symlab.ARHUD.MainActivity$3.onPreviewFrame(MainActivity.java:297)
11-28 13:58:41.869  6945  6945 W MessageQueue: 	at android.hardware.Camera$EventHandler.handleMessage(Camera.java:1278)
11-28 13:58:41.869  6945  6945 W MessageQueue: 	at android.os.Handler.dispatchMessage(Handler.java:112)
11-28 13:58:41.869  6945  6945 W MessageQueue: 	at android.os.Looper.loop(Looper.java:216)
11-28 13:58:41.869  6945  6945 W MessageQueue: 	at android.app.ActivityThread.main(ActivityThread.java:7579)
11-28 13:58:41.869  6945  6945 W MessageQueue: 	at java.lang.reflect.Method.invoke(Native Method)
11-28 13:58:41.869  6945  6945 W MessageQueue: 	at com.android.internal.os.RuntimeInit$MethodAndArgsCaller.run(RuntimeInit.java:524)
11-28 13:58:41.869  6945  6945 W MessageQueue: 	at com.android.internal.os.ZygoteInit.main(ZygoteInit.java:1034)
11-28 13:58:41.901  6945  6945 W MessageQueue: Handler (android.os.Handler) {56d7f62} sending message to a Handler on a dead thread
11-28 13:58:41.901  6945  6945 W MessageQueue: java.lang.IllegalStateException: Handler (android.os.Handler) {56d7f62} sending message to a Handler on a dead thread
11-28 13:58:41.901  6945  6945 W MessageQueue: 	at android.os.MessageQueue.enqueueMessage(MessageQueue.java:650)
11-28 13:58:41.901  6945  6945 W MessageQueue: 	at android.os.Handler.enqueueMessage(Handler.java:769)
11-28 13:58:41.901  6945  6945 W MessageQueue: 	at android.os.Handler.sendMessageAtTime(Handler.java:718)
11-28 13:58:41.901  6945  6945 W MessageQueue: 	at android.os.Handler.sendMessageDelayed(Handler.java:688)
11-28 13:58:41.901  6945  6945 W MessageQueue: 	at android.os.Handler.post(Handler.java:405)
11-28 13:58:41.901  6945  6945 W MessageQueue: 	at symlab.CloudAR.ARManager.recognizeTime(ARManager.java:152)
11-28 13:58:41.901  6945  6945 W MessageQueue: 	at symlab.ARHUD.MainActivity$3.onPreviewFrame(MainActivity.java:296)
11-28 13:58:41.901  6945  6945 W MessageQueue: 	at android.hardware.Camera$EventHandler.handleMessage(Camera.java:1278)
11-28 13:58:41.901  6945  6945 W MessageQueue: 	at android.os.Handler.dispatchMessage(Handler.java:112)
11-28 13:58:41.901  6945  6945 W MessageQueue: 	at android.os.Looper.loop(Looper.java:216)
11-28 13:58:41.901  6945  6945 W MessageQueue: 	at android.app.ActivityThread.main(ActivityThread.java:7579)
11-28 13:58:41.901  6945  6945 W MessageQueue: 	at java.lang.reflect.Method.invoke(Native Method)
11-28 13:58:41.901  6945  6945 W MessageQueue: 	at com.android.internal.os.RuntimeInit$MethodAndArgsCaller.run(RuntimeInit.java:524)
11-28 13:58:41.901  6945  6945 W MessageQueue: 	at com.android.internal.os.ZygoteInit.main(ZygoteInit.java:1034)
11-28 13:58:41.901  6945  6945 W MessageQueue: Handler (android.os.Handler) {56d7f62} sending message to a Handler on a dead thread
11-28 13:58:41.901  6945  6945 W MessageQueue: java.lang.IllegalStateException: Handler (android.os.Handler) {56d7f62} sending message to a Handler on a dead thread
11-28 13:58:41.901  6945  6945 W MessageQueue: 	at android.os.MessageQueue.enqueueMessage(MessageQueue.java:650)
11-28 13:58:41.901  6945  6945 W MessageQueue: 	at android.os.Handler.enqueueMessage(Handler.java:769)
11-28 13:58:41.901  6945  6945 W MessageQueue: 	at android.os.Handler.sendMessageAtTime(Handler.java:718)
11-28 13:58:41.901  6945  6945 W MessageQueue: 	at android.os.Handler.sendMessageDelayed(Handler.java:688)
11-28 13:58:41.901  6945  6945 W MessageQueue: 	at android.os.Handler.post(Handler.java:405)
11-28 13:58:41.901  6945  6945 W MessageQueue: 	at symlab.CloudAR.ARManager.driveFrame(ARManager.java:157)
11-28 13:58:41.901  6945  6945 W MessageQueue: 	at symlab.ARHUD.MainActivity$3.onPreviewFrame(MainActivity.java:297)
11-28 13:58:41.901  6945  6945 W MessageQueue: 	at android.hardware.Camera$EventHandler.handleMessage(Camera.java:1278)
11-28 13:58:41.901  6945  6945 W MessageQueue: 	at android.os.Handler.dispatchMessage(Handler.java:112)
11-28 13:58:41.901  6945  6945 W MessageQueue: 	at android.os.Looper.loop(Looper.java:216)
11-28 13:58:41.901  6945  6945 W MessageQueue: 	at android.app.ActivityThread.main(ActivityThread.java:7579)
11-28 13:58:41.901  6945  6945 W MessageQueue: 	at java.lang.reflect.Method.invoke(Native Method)
11-28 13:58:41.901  6945  6945 W MessageQueue: 	at com.android.internal.os.RuntimeInit$MethodAndArgsCaller.run(RuntimeInit.java:524)
11-28 13:58:41.901  6945  6945 W MessageQueue: 	at com.android.internal.os.ZygoteInit.main(ZygoteInit.java:1034)
11-28 13:58:41.936  6945  6945 W MessageQueue: Handler (android.os.Handler) {56d7f62} sending message to a Handler on a dead thread
11-28 13:58:41.936  6945  6945 W MessageQueue: java.lang.IllegalStateException: Handler (android.os.Handler) {56d7f62} sending message to a Handler on a dead thread
11-28 13:58:41.936  6945  6945 W MessageQueue: 	at android.os.MessageQueue.enqueueMessage(MessageQueue.java:650)
11-28 13:58:41.936  6945  6945 W MessageQueue: 	at android.os.Handler.enqueueMessage(Handler.java:769)
11-28 13:58:41.936  6945  6945 W MessageQueue: 	at android.os.Handler.sendMessageAtTime(Handler.java:718)
11-28 13:58:41.936  6945  6945 W MessageQueue: 	at android.os.Handler.sendMessageDelayed(Handler.java:688)
11-28 13:58:41.936  6945  6945 W MessageQueue: 	at android.os.Handler.post(Handler.java:405)
11-28 13:58:41.936  6945  6945 W MessageQueue: 	at symlab.CloudAR.ARManager.recognizeTime(ARManager.java:152)
11-28 13:58:41.936  6945  6945 W MessageQueue: 	at symlab.ARHUD.MainActivity$3.onPreviewFrame(MainActivity.java:296)
11-28 13:58:41.936  6945  6945 W MessageQueue: 	at android.hardware.Camera$EventHandler.handleMessage(Camera.java:1278)
11-28 13:58:41.936  6945  6945 W MessageQueue: 	at android.os.Handler.dispatchMessage(Handler.java:112)
11-28 13:58:41.936  6945  6945 W MessageQueue: 	at android.os.Looper.loop(Looper.java:216)
11-28 13:58:41.936  6945  6945 W MessageQueue: 	at android.app.ActivityThread.main(ActivityThread.java:7579)
11-28 13:58:41.936  6945  6945 W MessageQueue: 	at java.lang.reflect.Method.invoke(Native Method)
11-28 13:58:41.936  6945  6945 W MessageQueue: 	at com.android.internal.os.RuntimeInit$MethodAndArgsCaller.run(RuntimeInit.java:524)
11-28 13:58:41.936  6945  6945 W MessageQueue: 	at com.android.internal.os.ZygoteInit.main(ZygoteInit.java:1034)
11-28 13:58:41.936  6945  6945 W MessageQueue: Handler (android.os.Handler) {56d7f62} sending message to a Handler on a dead thread
11-28 13:58:41.936  6945  6945 W MessageQueue: java.lang.IllegalStateException: Handler (android.os.Handler) {56d7f62} sending message to a Handler on a dead thread
11-28 13:58:41.936  6945  6945 W MessageQueue: 	at android.os.MessageQueue.enqueueMessage(MessageQueue.java:650)
11-28 13:58:41.936  6945  6945 W MessageQueue: 	at android.os.Handler.enqueueMessage(Handler.java:769)
11-28 13:58:41.936  6945  6945 W MessageQueue: 	at android.os.Handler.sendMessageAtTime(Handler.java:718)
11-28 13:58:41.936  6945  6945 W MessageQueue: 	at android.os.Handler.sendMessageDelayed(Handler.java:688)
11-28 13:58:41.936  6945  6945 W MessageQueue: 	at android.os.Handler.post(Handler.java:405)
11-28 13:58:41.936  6945  6945 W MessageQueue: 	at symlab.CloudAR.ARManager.driveFrame(ARManager.java:157)
11-28 13:58:41.936  6945  6945 W MessageQueue: 	at symlab.ARHUD.MainActivity$3.onPreviewFrame(MainActivity.java:297)
11-28 13:58:41.936  6945  6945 W MessageQueue: 	at android.hardware.Camera$EventHandler.handleMessage(Camera.java:1278)
11-28 13:58:41.936  6945  6945 W MessageQueue: 	at android.os.Handler.dispatchMessage(Handler.java:112)
11-28 13:58:41.936  6945  6945 W MessageQueue: 	at android.os.Looper.loop(Looper.java:216)
11-28 13:58:41.936  6945  6945 W MessageQueue: 	at android.app.ActivityThread.main(ActivityThread.java:7579)
11-28 13:58:41.936  6945  6945 W MessageQueue: 	at java.lang.reflect.Method.invoke(Native Method)
11-28 13:58:41.936  6945  6945 W MessageQueue: 	at com.android.internal.os.RuntimeInit$MethodAndArgsCaller.run(RuntimeInit.java:524)
11-28 13:58:41.936  6945  6945 W MessageQueue: 	at com.android.internal.os.ZygoteInit.main(ZygoteInit.java:1034)
11-28 13:58:41.969  6945  6945 W MessageQueue: Handler (android.os.Handler) {56d7f62} sending message to a Handler on a dead thread
11-28 13:58:41.969  6945  6945 W MessageQueue: java.lang.IllegalStateException: Handler (android.os.Handler) {56d7f62} sending message to a Handler on a dead thread
11-28 13:58:41.969  6945  6945 W MessageQueue: 	at android.os.MessageQueue.enqueueMessage(MessageQueue.java:650)
11-28 13:58:41.969  6945  6945 W MessageQueue: 	at android.os.Handler.enqueueMessage(Handler.java:769)
11-28 13:58:41.969  6945  6945 W MessageQueue: 	at android.os.Handler.sendMessageAtTime(Handler.java:718)
11-28 13:58:41.969  6945  6945 W MessageQueue: 	at android.os.Handler.sendMessageDelayed(Handler.java:688)
11-28 13:58:41.969  6945  6945 W MessageQueue: 	at android.os.Handler.post(Handler.java:405)
11-28 13:58:41.969  6945  6945 W MessageQueue: 	at symlab.CloudAR.ARManager.recognizeTime(ARManager.java:152)
11-28 13:58:41.969  6945  6945 W MessageQueue: 	at symlab.ARHUD.MainActivity$3.onPreviewFrame(MainActivity.java:296)
11-28 13:58:41.969  6945  6945 W MessageQueue: 	at android.hardware.Camera$EventHandler.handleMessage(Camera.java:1278)
11-28 13:58:41.969  6945  6945 W MessageQueue: 	at android.os.Handler.dispatchMessage(Handler.java:112)
11-28 13:58:41.969  6945  6945 W MessageQueue: 	at android.os.Looper.loop(Looper.java:216)
11-28 13:58:41.969  6945  6945 W MessageQueue: 	at android.app.ActivityThread.main(ActivityThread.java:7579)
11-28 13:58:41.969  6945  6945 W MessageQueue: 	at java.lang.reflect.Method.invoke(Native Method)
11-28 13:58:41.969  6945  6945 W MessageQueue: 	at com.android.internal.os.RuntimeInit$MethodAndArgsCaller.run(RuntimeInit.java:524)
11-28 13:58:41.969  6945  6945 W MessageQueue: 	at com.android.internal.os.ZygoteInit.main(ZygoteInit.java:1034)
11-28 13:58:41.969  6945  6945 W MessageQueue: Handler (android.os.Handler) {56d7f62} sending message to a Handler on a dead thread
11-28 13:58:41.969  6945  6945 W MessageQueue: java.lang.IllegalStateException: Handler (android.os.Handler) {56d7f62} sending message to a Handler on a dead thread
11-28 13:58:41.969  6945  6945 W MessageQueue: 	at android.os.MessageQueue.enqueueMessage(MessageQueue.java:650)
11-28 13:58:41.969  6945  6945 W MessageQueue: 	at android.os.Handler.enqueueMessage(Handler.java:769)
11-28 13:58:41.969  6945  6945 W MessageQueue: 	at android.os.Handler.sendMessageAtTime(Handler.java:718)
11-28 13:58:41.969  6945  6945 W MessageQueue: 	at android.os.Handler.sendMessageDelayed(Handler.java:688)
11-28 13:58:41.969  6945  6945 W MessageQueue: 	at android.os.Handler.post(Handler.java:405)
11-28 13:58:41.969  6945  6945 W MessageQueue: 	at symlab.CloudAR.ARManager.driveFrame(ARManager.java:157)
11-28 13:58:41.969  6945  6945 W MessageQueue: 	at symlab.ARHUD.MainActivity$3.onPreviewFrame(MainActivity.java:297)
11-28 13:58:41.969  6945  6945 W MessageQueue: 	at android.hardware.Camera$EventHandler.handleMessage(Camera.java:1278)
11-28 13:58:41.969  6945  6945 W MessageQueue: 	at android.os.Handler.dispatchMessage(Handler.java:112)
11-28 13:58:41.969  6945  6945 W MessageQueue: 	at android.os.Looper.loop(Looper.java:216)
11-28 13:58:41.969  6945  6945 W MessageQueue: 	at android.app.ActivityThread.main(ActivityThread.java:7579)
11-28 13:58:41.969  6945  6945 W MessageQueue: 	at java.lang.reflect.Method.invoke(Native Method)
11-28 13:58:41.969  6945  6945 W MessageQueue: 	at com.android.internal.os.RuntimeInit$MethodAndArgsCaller.run(RuntimeInit.java:524)
11-28 13:58:41.969  6945  6945 W MessageQueue: 	at com.android.internal.os.ZygoteInit.main(ZygoteInit.java:1034)
11-28 13:58:42.010  6945  6945 W MessageQueue: Handler (android.os.Handler) {56d7f62} sending message to a Handler on a dead thread
11-28 13:58:42.010  6945  6945 W MessageQueue: java.lang.IllegalStateException: Handler (android.os.Handler) {56d7f62} sending message to a Handler on a dead thread
11-28 13:58:42.010  6945  6945 W MessageQueue: 	at android.os.MessageQueue.enqueueMessage(MessageQueue.java:650)
11-28 13:58:42.010  6945  6945 W MessageQueue: 	at android.os.Handler.enqueueMessage(Handler.java:769)
11-28 13:58:42.010  6945  6945 W MessageQueue: 	at android.os.Handler.sendMessageAtTime(Handler.java:718)
11-28 13:58:42.010  6945  6945 W MessageQueue: 	at android.os.Handler.sendMessageDelayed(Handler.java:688)
11-28 13:58:42.010  6945  6945 W MessageQueue: 	at android.os.Handler.post(Handler.java:405)
11-28 13:58:42.010  6945  6945 W MessageQueue: 	at symlab.CloudAR.ARManager.recognizeTime(ARManager.java:152)
11-28 13:58:42.010  6945  6945 W MessageQueue: 	at symlab.ARHUD.MainActivity$3.onPreviewFrame(MainActivity.java:296)
11-28 13:58:42.010  6945  6945 W MessageQueue: 	at android.hardware.Camera$EventHandler.handleMessage(Camera.java:1278)
11-28 13:58:42.010  6945  6945 W MessageQueue: 	at android.os.Handler.dispatchMessage(Handler.java:112)
11-28 13:58:42.010  6945  6945 W MessageQueue: 	at android.os.Looper.loop(Looper.java:216)
11-28 13:58:42.010  6945  6945 W MessageQueue: 	at android.app.ActivityThread.main(ActivityThread.java:7579)
11-28 13:58:42.010  6945  6945 W MessageQueue: 	at java.lang.reflect.Method.invoke(Native Method)
11-28 13:58:42.010  6945  6945 W MessageQueue: 	at com.android.internal.os.RuntimeInit$MethodAndArgsCaller.run(RuntimeInit.java:524)
11-28 13:58:42.010  6945  6945 W MessageQueue: 	at com.android.internal.os.ZygoteInit.main(ZygoteInit.java:1034)
11-28 13:58:42.011  6945  6945 W MessageQueue: Handler (android.os.Handler) {56d7f62} sending message to a Handler on a dead thread
11-28 13:58:42.011  6945  6945 W MessageQueue: java.lang.IllegalStateException: Handler (android.os.Handler) {56d7f62} sending message to a Handler on a dead thread
11-28 13:58:42.011  6945  6945 W MessageQueue: 	at android.os.MessageQueue.enqueueMessage(MessageQueue.java:650)
11-28 13:58:42.011  6945  6945 W MessageQueue: 	at android.os.Handler.enqueueMessage(Handler.java:769)
11-28 13:58:42.011  6945  6945 W MessageQueue: 	at android.os.Handler.sendMessageAtTime(Handler.java:718)
11-28 13:58:42.011  6945  6945 W MessageQueue: 	at android.os.Handler.sendMessageDelayed(Handler.java:688)
11-28 13:58:42.011  6945  6945 W MessageQueue: 	at android.os.Handler.post(Handler.java:405)
11-28 13:58:42.011  6945  6945 W MessageQueue: 	at symlab.CloudAR.ARManager.driveFrame(ARManager.java:157)
11-28 13:58:42.011  6945  6945 W MessageQueue: 	at symlab.ARHUD.MainActivity$3.onPreviewFrame(MainActivity.java:297)
11-28 13:58:42.011  6945  6945 W MessageQueue: 	at android.hardware.Camera$EventHandler.handleMessage(Camera.java:1278)
11-28 13:58:42.011  6945  6945 W MessageQueue: 	at android.os.Handler.dispatchMessage(Handler.java:112)
11-28 13:58:42.011  6945  6945 W MessageQueue: 	at android.os.Looper.loop(Looper.java:216)
11-28 13:58:42.011  6945  6945 W MessageQueue: 	at android.app.ActivityThread.main(ActivityThread.java:7579)
11-28 13:58:42.011  6945  6945 W MessageQueue: 	at java.lang.reflect.Method.invoke(Native Method)
11-28 13:58:42.011  6945  6945 W MessageQueue: 	at com.android.internal.os.RuntimeInit$MethodAndArgsCaller.run(RuntimeInit.java:524)
11-28 13:58:42.011  6945  6945 W MessageQueue: 	at com.android.internal.os.ZygoteInit.main(ZygoteInit.java:1034)
11-28 13:58:42.050  6945  6945 W MessageQueue: Handler (android.os.Handler) {56d7f62} sending message to a Handler on a dead thread
11-28 13:58:42.050  6945  6945 W MessageQueue: java.lang.IllegalStateException: Handler (android.os.Handler) {56d7f62} sending message to a Handler on a dead thread
11-28 13:58:42.050  6945  6945 W MessageQueue: 	at android.os.MessageQueue.enqueueMessage(MessageQueue.java:650)
11-28 13:58:42.050  6945  6945 W MessageQueue: 	at android.os.Handler.enqueueMessage(Handler.java:769)
11-28 13:58:42.050  6945  6945 W MessageQueue: 	at android.os.Handler.sendMessageAtTime(Handler.java:718)
11-28 13:58:42.050  6945  6945 W MessageQueue: 	at android.os.Handler.sendMessageDelayed(Handler.java:688)
11-28 13:58:42.050  6945  6945 W MessageQueue: 	at android.os.Handler.post(Handler.java:405)
11-28 13:58:42.050  6945  6945 W MessageQueue: 	at symlab.CloudAR.ARManager.recognizeTime(ARManager.java:152)
11-28 13:58:42.050  6945  6945 W MessageQueue: 	at symlab.ARHUD.MainActivity$3.onPreviewFrame(MainActivity.java:296)
11-28 13:58:42.050  6945  6945 W MessageQueue: 	at android.hardware.Camera$EventHandler.handleMessage(Camera.java:1278)
11-28 13:58:42.050  6945  6945 W MessageQueue: 	at android.os.Handler.dispatchMessage(Handler.java:112)
11-28 13:58:42.050  6945  6945 W MessageQueue: 	at android.os.Looper.loop(Looper.java:216)
11-28 13:58:42.050  6945  6945 W MessageQueue: 	at android.app.ActivityThread.main(ActivityThread.java:7579)
11-28 13:58:42.050  6945  6945 W MessageQueue: 	at java.lang.reflect.Method.invoke(Native Method)
11-28 13:58:42.050  6945  6945 W MessageQueue: 	at com.android.internal.os.RuntimeInit$MethodAndArgsCaller.run(RuntimeInit.java:524)
11-28 13:58:42.050  6945  6945 W MessageQueue: 	at com.android.internal.os.ZygoteInit.main(ZygoteInit.java:1034)
11-28 13:58:42.051  6945  6945 W MessageQueue: Handler (android.os.Handler) {56d7f62} sending message to a Handler on a dead thread
11-28 13:58:42.051  6945  6945 W MessageQueue: java.lang.IllegalStateException: Handler (android.os.Handler) {56d7f62} sending message to a Handler on a dead thread
11-28 13:58:42.051  6945  6945 W MessageQueue: 	at android.os.MessageQueue.enqueueMessage(MessageQueue.java:650)
11-28 13:58:42.051  6945  6945 W MessageQueue: 	at android.os.Handler.enqueueMessage(Handler.java:769)
11-28 13:58:42.051  6945  6945 W MessageQueue: 	at android.os.Handler.sendMessageAtTime(Handler.java:718)
11-28 13:58:42.051  6945  6945 W MessageQueue: 	at android.os.Handler.sendMessageDelayed(Handler.java:688)
11-28 13:58:42.051  6945  6945 W MessageQueue: 	at android.os.Handler.post(Handler.java:405)
11-28 13:58:42.051  6945  6945 W MessageQueue: 	at symlab.CloudAR.ARManager.driveFrame(ARManager.java:157)
11-28 13:58:42.051  6945  6945 W MessageQueue: 	at symlab.ARHUD.MainActivity$3.onPreviewFrame(MainActivity.java:297)
11-28 13:58:42.051  6945  6945 W MessageQueue: 	at android.hardware.Camera$EventHandler.handleMessage(Camera.java:1278)
11-28 13:58:42.051  6945  6945 W MessageQueue: 	at android.os.Handler.dispatchMessage(Handler.java:112)
11-28 13:58:42.051  6945  6945 W MessageQueue: 	at android.os.Looper.loop(Looper.java:216)
11-28 13:58:42.051  6945  6945 W MessageQueue: 	at android.app.ActivityThread.main(ActivityThread.java:7579)
11-28 13:58:42.051  6945  6945 W MessageQueue: 	at java.lang.reflect.Method.invoke(Native Method)
11-28 13:58:42.051  6945  6945 W MessageQueue: 	at com.android.internal.os.RuntimeInit$MethodAndArgsCaller.run(RuntimeInit.java:524)
11-28 13:58:42.051  6945  6945 W MessageQueue: 	at com.android.internal.os.ZygoteInit.main(ZygoteInit.java:1034)
11-28 13:58:42.074  6945  6945 W MessageQueue: Handler (android.os.Handler) {56d7f62} sending message to a Handler on a dead thread
11-28 13:58:42.074  6945  6945 W MessageQueue: java.lang.IllegalStateException: Handler (android.os.Handler) {56d7f62} sending message to a Handler on a dead thread
11-28 13:58:42.074  6945  6945 W MessageQueue: 	at android.os.MessageQueue.enqueueMessage(MessageQueue.java:650)
11-28 13:58:42.074  6945  6945 W MessageQueue: 	at android.os.Handler.enqueueMessage(Handler.java:769)
11-28 13:58:42.074  6945  6945 W MessageQueue: 	at android.os.Handler.sendMessageAtTime(Handler.java:718)
11-28 13:58:42.074  6945  6945 W MessageQueue: 	at android.os.Handler.sendMessageDelayed(Handler.java:688)
11-28 13:58:42.074  6945  6945 W MessageQueue: 	at android.os.Handler.post(Handler.java:405)
11-28 13:58:42.074  6945  6945 W MessageQueue: 	at symlab.CloudAR.ARManager.recognizeTime(ARManager.java:152)
