--------- beginning of main
11-28 13:31:46.735 28330 28330 I loudridar.arhu: Late-enabling -Xcheck:jni
11-28 13:31:46.779 28330 28330 I loudridar.arhu: Reinit property: dalvik.vm.checkjni= false
11-28 13:31:46.797 28330 28330 D ZrHung.AppEyeUiProbe: AppEyeUIP created.
11-28 13:31:46.799 28330 28330 W re-initialized>: type=1400 audit(0.0:35651): avc: denied { read } for name="u:object_r:mmi_prop:s0" dev="tmpfs" ino=16663 scontext=u:r:untrusted_app:s0:c147,c256,c512,c768 tcontext=u:object_r:mmi_prop:s0 tclass=file permissive=0
11-28 13:31:46.802 28330 28330 E libc    : Access denied finding property "runtime.mmitest.isrunning"
--------- beginning of system
11-28 13:31:46.805 28330 28330 D ActivityThread: Attach thread to application
11-28 13:31:46.914 28330 28364 I HwApiCacheMangerEx: apicache path=/storage/emulated/0 state=mounted key=symlab.cloudridar.arhud#10147#256
11-28 13:31:46.915 28330 28364 I HwApiCacheMangerEx: apicache path=/storage/emulated/0 state=mounted key=symlab.cloudridar.arhud#10147#0
11-28 13:31:46.972 28330 28330 I loudridar.arhu: QarthPatchMonintor::Init
11-28 13:31:46.972 28330 28330 I loudridar.arhu: 
11-28 13:31:46.972 28330 28330 I loudridar.arhu: QarthPatchMonintor::StartWatch
11-28 13:31:46.972 28330 28330 I loudridar.arhu: 
11-28 13:31:46.972 28330 28330 I loudridar.arhu: QarthPatchMonintor::WatchPackage: /data/hotpatch/fwkhotpatch/
11-28 13:31:46.972 28330 28330 I loudridar.arhu: 
11-28 13:31:46.972 28330 28330 I loudridar.arhu: QarthPatchMonintor::CheckAndWatchPatch: /data/hotpatch/fwkhotpatch/symlab.cloudridar.arhud
11-28 13:31:46.972 28330 28330 I loudridar.arhu: 
11-28 13:31:46.972 28330 28330 I loudridar.arhu: QarthPatchMonintor::CheckAndWatchPatch: /data/hotpatch/fwkhotpatch/all
11-28 13:31:46.972 28330 28330 I loudridar.arhu: 
11-28 13:31:46.972 28330 28330 I loudridar.arhu: QarthPatchMonintor::Run
11-28 13:31:46.972 28330 28330 I loudridar.arhu: 
11-28 13:31:46.972 28330 28368 I loudridar.arhu: QarthPatchMonintor::Reading
11-28 13:31:46.972 28330 28368 I loudridar.arhu: 
11-28 13:31:46.972 28330 28368 I loudridar.arhu: QarthPatchMonintor::CheckNotifyEvent
11-28 13:31:46.972 28330 28368 I loudridar.arhu: 
11-28 13:31:46.972 28330 28368 I loudridar.arhu: QarthPatchMonintor::CheckNotifyEvent before read
11-28 13:31:46.972 28330 28368 I loudridar.arhu: 
11-28 13:31:46.976 28330 28330 I MultiDex: VM with version 2.1.0 has multidex support
11-28 13:31:46.976 28330 28330 I MultiDex: Installing application
11-28 13:31:46.976 28330 28330 I MultiDex: VM has multidex support, MultiDex support library is disabled.
11-28 13:31:46.979 28330 28364 I AwareBitmapCacher: init processName:symlab.cloudridar.arhud pid=28330 uid=10147
11-28 13:31:46.980 28330 28330 I FirebaseInitProvider: FirebaseApp initialization unsuccessful
11-28 13:31:46.983 28330 28370 E AwareLog: AtomicFileUtils: readFileLines file not exist: android.util.AtomicFile@35dc513
11-28 13:31:46.983 28330 28370 E AwareLog: AtomicFileUtils: readFileLines file not exist: android.util.AtomicFile@9e55949
11-28 13:31:46.992 28330 28330 D ZrHung.AppEyeUiProbe: notify runnable to start.
11-28 13:31:46.992 28330 28375 D ZrHung.AppEyeUiProbe: Runnable thread started.
11-28 13:31:46.992 28330 28375 D IMonitor: Load library imonitor_jni
11-28 13:31:46.996 28330 28375 E         : [ZeroHung]zrhung_get_config: Get config failed for wp[0x0102]
11-28 13:31:46.996 28330 28375 W ZrHung.AppEyeUiProbe: Failed to get config from zrhung
11-28 13:31:46.998 28330 28330 I MultiDex: Installing application
11-28 13:31:46.998 28330 28330 I MultiDex: VM has multidex support, MultiDex support library is disabled.
11-28 13:31:46.995 28373 28373 W logcat  : type=1400 audit(0.0:35652): avc: granted { create } for name="logcat_1574940706982.txt" scontext=u:r:untrusted_app:s0:c147,c256,c512,c768 tcontext=u:object_r:sdcardfs:s0:c147,c256,c512,c768 tclass=file
11-28 13:31:46.996 28330 28375 E         : [ZeroHung]zrhung_get_config: Get config failed for wp[0x0102]
11-28 13:31:46.996 28330 28375 W ZrHung.AppEyeUiProbe: Failed to get config from zrhung
11-28 13:31:46.998 28330 28330 I MultiDex: Installing application
11-28 13:31:46.998 28330 28330 I MultiDex: VM has multidex support, MultiDex support library is disabled.
11-28 13:31:47.014 28330 28330 V ActivityThread: callActivityOnCreate
11-28 13:31:47.014 28330 28330 I Poster  :  onCreate() called.
11-28 13:31:47.018 28330 28330 I HwApsImpl: APS: new HwApsImpl created
11-28 13:31:47.024 28330 28330 V HwWidgetFactory: : successes to get AllImpl object and return....
11-28 13:31:47.032 28330 28330 D OpenGLRenderer: Skia GL Pipeline
11-28 13:31:47.054 28330 28330 D Poster  : Server details are IP 193.166.28.132 and port 52727
11-28 13:31:47.058 28330 28330 D Poster  : Server bound to IP 193.166.28.132 and port 52727
11-28 13:31:47.063 28330 28330 D ActivityThread: add activity client record, r= ActivityRecord{db8bbd token=android.os.BinderProxy@c62e47c {symlab.cloudridar.arhud/symlab.ARHUD.MainActivity}} token= android.os.BinderProxy@c62e47c
11-28 13:31:47.066 28330 28330 I Poster  :  onStart() called.
11-28 13:31:47.067 28330 28330 D ZrHung.AppEyeUiProbe: notify runnable to start.
11-28 13:31:47.068 28330 28330 I Poster  :  onResume() called.
11-28 13:31:47.073 28330 28330 I PermissionManager: camera remind result:true
11-28 13:31:47.073 28330 28330 I Camera  : open camera: 0, package name: symlab.cloudridar.arhud
11-28 13:31:47.073 28330 28330 I BackgroundPermManager: pkgName: symlab.cloudridar.arhud,pid: 28330 ,uidOf3RdApk: 10147 ,permType: 0 ,permCfg: 1
11-28 13:31:47.074 28330 28330 I HwCameraUtil: notifySurfaceFlingerCameraStatus : isFront = false , isOpend = true
11-28 13:31:47.086 28330 28330 D ActivityThread: isOptEnabled=false isWechatScanOpt=false
11-28 13:31:47.088 28330 28330 I HwSecImmHelper: mSecurityInputMethodService is null
11-28 13:31:47.095 28330 28330 D OpenGLRenderer:   HWUI Binary is  enabled
11-28 13:31:47.115 28330 28407 D HiTouch_PressGestureDetector: onAttached, package=symlab.cloudridar.arhud, windowType=1, mHiTouchRestricted=false
11-28 13:31:47.126 28330 28406 I ConfigStore: android::hardware::configstore::V1_0::ISurfaceFlingerConfigs::hasWideColorDisplay retrieved: 0
11-28 13:31:47.126 28330 28406 I ConfigStore: android::hardware::configstore::V1_0::ISurfaceFlingerConfigs::hasHDRDisplay retrieved: 0
11-28 13:31:47.126 28330 28406 I iGraphics: [0020080c] pn: symlab.cloudridar.arhud, p: 28330
11-28 13:31:47.127 28330 28406 I OpenGLRenderer: Initialized EGL, version 1.4, mEglDisplay 0x1
11-28 13:31:47.127 28330 28406 D OpenGLRenderer: Swap behavior 2
11-28 13:31:47.135 28330 28406 D mali_winsys: EGLint new_window_surface(egl_winsys_display *, void *, EGLSurface, EGLConfig, egl_winsys_surface **, EGLBoolean) returns 0x3000
11-28 13:31:47.145 28330 28330 I Poster  :  surfaceCreated() called.
11-28 13:31:47.145 28330 28330 I Poster  : initPreview() called
11-28 13:31:47.149 28330 28330 I PermissionManager: camera remind result:true
11-28 13:31:47.153 28330 28330 I Poster  :  surfaceChanged() called.
11-28 13:31:47.169 28330 28330 W InputMethodManager: startInputReason = 1
11-28 13:31:47.180 28330 28330 W InputMethodManager: startInputReason = 5
11-28 13:31:47.939 28330 28351 E         : [ZeroHung]zrhung_get_config: Get config failed for wp[0x0008]
11-28 13:31:47.949 28330 28349 W System  : A resource failed to call close. 
11-28 13:31:47.949 28330 28349 I chatty  : uid=10147(symlab.cloudridar.arhud) FinalizerDaemon identical 14 lines
11-28 13:31:47.949 28330 28349 W System  : A resource failed to call close. 
11-28 13:31:47.971 28330 28388 D Evaluation: 0 res for frame 6 received at 1574940707971
11-28 13:31:48.292 28330 28388 D Evaluation: 0 res for frame 7 received at 1574940708292
11-28 13:31:48.521 28330 28388 D Evaluation: 0 res for frame 8 received at 1574940708521
11-28 13:31:49.132 28330 28351 E         : [ZeroHung]zrhung_get_config: Get config failed for wp[0x0008]
11-28 13:31:49.145 28330 28349 W System  : A resource failed to call close. 
11-28 13:31:49.147 28330 28349 I chatty  : uid=10147(symlab.cloudridar.arhud) FinalizerDaemon identical 35 lines
11-28 13:31:49.147 28330 28349 W System  : A resource failed to call close. 
11-28 13:31:50.244 28330 28351 E         : [ZeroHung]zrhung_get_config: Get config failed for wp[0x0008]
11-28 13:31:50.260 28330 28349 W System  : A resource failed to call close. 
11-28 13:31:50.263 28330 28349 I chatty  : uid=10147(symlab.cloudridar.arhud) FinalizerDaemon identical 30 lines
11-28 13:31:50.263 28330 28349 W System  : A resource failed to call close. 
11-28 13:31:51.325 28330 28351 E         : [ZeroHung]zrhung_get_config: Get config failed for wp[0x0008]
11-28 13:31:51.346 28330 28349 W System  : A resource failed to call close. 
11-28 13:31:51.350 28330 28349 I chatty  : uid=10147(symlab.cloudridar.arhud) FinalizerDaemon identical 31 lines
11-28 13:31:51.350 28330 28349 W System  : A resource failed to call close. 
11-28 13:31:51.969 28330 28367 I loudridar.arhu: Starting profile saver IsSaveProfileNow end.
11-28 13:31:51.987 28330 28330 I AwareBitmapCacher: init lrucache size: 2097152 pid=28330
11-28 13:31:52.393 28330 28351 E         : [ZeroHung]zrhung_get_config: Get config failed for wp[0x0008]
11-28 13:31:52.418 28330 28349 W System  : A resource failed to call close. 
11-28 13:31:52.421 28330 28349 I chatty  : uid=10147(symlab.cloudridar.arhud) FinalizerDaemon identical 30 lines
11-28 13:31:52.421 28330 28349 W System  : A resource failed to call close. 
11-28 13:31:53.471 28330 28351 E         : [ZeroHung]zrhung_get_config: Get config failed for wp[0x0008]
11-28 13:31:53.489 28330 28349 W System  : A resource failed to call close. 
11-28 13:31:53.491 28330 28349 I chatty  : uid=10147(symlab.cloudridar.arhud) FinalizerDaemon identical 30 lines
11-28 13:31:53.491 28330 28349 W System  : A resource failed to call close. 
11-28 13:31:54.996 28330 28351 E         : [ZeroHung]zrhung_get_config: Get config failed for wp[0x0008]
11-28 13:31:55.000 28330 28330 D stylus  : init stylus touchlistener.
11-28 13:31:55.012 28330 28330 W Settings: Setting device_provisioned has moved from android.provider.Settings.Secure to android.provider.Settings.Global.
11-28 13:31:55.012 28330 28330 V HiTouch_HiTouchSensor: User setup is finished.
11-28 13:31:55.014 28330 28349 W System  : A resource failed to call close. 
11-28 13:31:55.014 28330 28349 W System  : A resource failed to call close. 
11-28 13:31:55.014 28330 28349 W System  : A resource failed to call close. 
11-28 13:31:55.014 28330 28349 W System  : A resource failed to call close. 
11-28 13:31:55.014 28330 28349 I chatty  : uid=10147(symlab.cloudridar.arhud) FinalizerDaemon identical 5 lines
11-28 13:31:55.014 28330 28349 W System  : A resource failed to call close. 
11-28 13:31:55.014 28330 28349 W System  : A resource failed to call close. 
11-28 13:31:55.015 28330 28349 I chatty  : uid=10147(symlab.cloudridar.arhud) FinalizerDaemon identical 1 line
11-28 13:31:55.015 28330 28349 W System  : A resource failed to call close. 
11-28 13:31:55.015 28330 28349 W System  : A resource failed to call close. 
11-28 13:31:55.015 28330 28349 I chatty  : uid=10147(symlab.cloudridar.arhud) FinalizerDaemon identical 11 lines
11-28 13:31:55.015 28330 28349 W System  : A resource failed to call close. 
11-28 13:31:55.015 28330 28349 W System  : A resource failed to call close. 
11-28 13:31:55.016 28330 28349 I chatty  : uid=10147(symlab.cloudridar.arhud) FinalizerDaemon identical 11 lines
11-28 13:31:55.016 28330 28349 W System  : A resource failed to call close. 
11-28 13:31:55.016 28330 28349 W System  : A resource failed to call close. 
11-28 13:31:55.016 28330 28349 W System  : A resource failed to call close. 
11-28 13:31:55.016 28330 28349 I chatty  : uid=10147(symlab.cloudridar.arhud) FinalizerDaemon identical 1 line
11-28 13:31:55.016 28330 28349 W System  : A resource failed to call close. 
11-28 13:31:55.029 28330 28330 W HiTouch_PressGestureDetector: Touch pointer move a lot. The moving distance of X is:193.18958, limit is:60The moving distance of Y is:39.18103, limit is:60
11-28 13:31:55.483 28330 28330 I Poster  :  onPause() called.
11-28 13:31:55.570 28330 28330 I Camera  : close camera: 0, package name: symlab.cloudridar.arhud
11-28 13:31:55.570 28330 28330 I BackgroundPermManager: pkgName: symlab.cloudridar.arhud,pid: 28330 ,uidOf3RdApk: 10147 ,permType: 0 ,permCfg: 0
11-28 13:31:55.583 28330 28330 I HwCameraUtil: notifySurfaceFlingerCameraStatus : isFront = false , isOpend = false
11-28 13:31:55.665 28330 28330 D ZrHung.AppEyeUiProbe: stop checker.
11-28 13:31:55.701 28330 28330 I Poster  :  surfaceDestroyed() called.
11-28 13:31:55.701 28330 28330 D ViewRootImpl[MainActivity]: surface should not be released
11-28 13:31:55.701 28330 28330 I Poster  :  onStop() called.
11-28 13:31:55.708 28330 28406 W libEGL  : EGLNativeWindowType 0xf07f0008 disconnect failed
11-28 13:31:55.999 28330 28375 D ZrHung.AppEyeUiProbe: Current Activity:false
11-28 13:31:55.999 28330 28375 D ZrHung.AppEyeUiProbe: not watching, wait.
11-28 13:31:58.803 28330 28330 I PermissionManager: camera remind result:true
11-28 13:31:58.803 28330 28330 I BackgroundPermManager: pkgName: symlab.cloudridar.arhud,pid: 28330 ,uidOf3RdApk: 10147 ,permType: 0 ,permCfg: 1
11-28 13:31:58.806 28330 28330 I HwCameraUtil: notifySurfaceFlingerCameraStatus : isFront = false , isOpend = true
11-28 13:31:58.825 28330 28330 D ActivityThread: isOptEnabled=false isWechatScanOpt=false
11-28 13:31:58.855 28330 28406 D mali_winsys: EGLint new_window_surface(egl_winsys_display *, void *, EGLSurface, EGLConfig, egl_winsys_surface **, EGLBoolean) returns 0x3000
11-28 13:31:58.871 28330 28330 I Poster  :  surfaceCreated() called.
11-28 13:31:58.871 28330 28330 I Poster  : initPreview() called
11-28 13:31:58.875 28330 28330 I PermissionManager: camera remind result:true
11-28 13:31:58.880 28330 28330 I Poster  :  surfaceChanged() called.
11-28 13:31:58.880 28330 28330 E BpSurfaceComposerClient: Failed to transact (-1)
11-28 13:31:58.881 28330 28330 E BpSurfaceComposerClient: Failed to transact (-1)
11-28 13:31:58.883 28330 28330 W InputMethodManager: startInputReason = 1
11-28 13:31:58.893 28330 28406 W libEGL  : EGLNativeWindowType 0xf07f0008 disconnect failed
11-28 13:31:58.894 28330 28406 D mali_winsys: EGLint new_window_surface(egl_winsys_display *, void *, EGLSurface, EGLConfig, egl_winsys_surface **, EGLBoolean) returns 0x3000
11-28 13:31:59.149 28330 28330 W MessageQueue: Handler (android.os.Handler) {67e9d44} sending message to a Handler on a dead thread
11-28 13:31:59.149 28330 28330 W MessageQueue: java.lang.IllegalStateException: Handler (android.os.Handler) {67e9d44} sending message to a Handler on a dead thread
11-28 13:31:59.149 28330 28330 W MessageQueue: 	at android.os.MessageQueue.enqueueMessage(MessageQueue.java:650)
11-28 13:31:59.149 28330 28330 W MessageQueue: 	at android.os.Handler.enqueueMessage(Handler.java:769)
11-28 13:31:59.149 28330 28330 W MessageQueue: 	at android.os.Handler.sendMessageAtTime(Handler.java:718)
11-28 13:31:59.149 28330 28330 W MessageQueue: 	at android.os.Handler.sendMessageDelayed(Handler.java:688)
11-28 13:31:59.149 28330 28330 W MessageQueue: 	at android.os.Handler.post(Handler.java:405)
11-28 13:31:59.149 28330 28330 W MessageQueue: 	at symlab.CloudAR.ARManager.recognizeTime(ARManager.java:152)
11-28 13:31:59.149 28330 28330 W MessageQueue: 	at symlab.ARHUD.MainActivity$3.onPreviewFrame(MainActivity.java:296)
11-28 13:31:59.149 28330 28330 W MessageQueue: 	at android.hardware.Camera$EventHandler.handleMessage(Camera.java:1278)
11-28 13:31:59.149 28330 28330 W MessageQueue: 	at android.os.Handler.dispatchMessage(Handler.java:112)
11-28 13:31:59.149 28330 28330 W MessageQueue: 	at android.os.Looper.loop(Looper.java:216)
11-28 13:31:59.149 28330 28330 W MessageQueue: 	at android.app.ActivityThread.main(ActivityThread.java:7579)
11-28 13:31:59.149 28330 28330 W MessageQueue: 	at java.lang.reflect.Method.invoke(Native Method)
11-28 13:31:59.149 28330 28330 W MessageQueue: 	at com.android.internal.os.RuntimeInit$MethodAndArgsCaller.run(RuntimeInit.java:524)
11-28 13:31:59.149 28330 28330 W MessageQueue: 	at com.android.internal.os.ZygoteInit.main(ZygoteInit.java:1034)
11-28 13:31:59.150 28330 28330 W MessageQueue: Handler (android.os.Handler) {67e9d44} sending message to a Handler on a dead thread
11-28 13:31:59.150 28330 28330 W MessageQueue: java.lang.IllegalStateException: Handler (android.os.Handler) {67e9d44} sending message to a Handler on a dead thread
11-28 13:31:59.150 28330 28330 W MessageQueue: 	at android.os.MessageQueue.enqueueMessage(MessageQueue.java:650)
11-28 13:31:59.150 28330 28330 W MessageQueue: 	at android.os.Handler.enqueueMessage(Handler.java:769)
11-28 13:31:59.150 28330 28330 W MessageQueue: 	at android.os.Handler.sendMessageAtTime(Handler.java:718)
11-28 13:31:59.150 28330 28330 W MessageQueue: 	at android.os.Handler.sendMessageDelayed(Handler.java:688)
11-28 13:31:59.150 28330 28330 W MessageQueue: 	at android.os.Handler.post(Handler.java:405)
11-28 13:31:59.150 28330 28330 W MessageQueue: 	at symlab.CloudAR.ARManager.driveFrame(ARManager.java:157)
11-28 13:31:59.150 28330 28330 W MessageQueue: 	at symlab.ARHUD.MainActivity$3.onPreviewFrame(MainActivity.java:297)
11-28 13:31:59.150 28330 28330 W MessageQueue: 	at android.hardware.Camera$EventHandler.handleMessage(Camera.java:1278)
11-28 13:31:59.150 28330 28330 W MessageQueue: 	at android.os.Handler.dispatchMessage(Handler.java:112)
11-28 13:31:59.150 28330 28330 W MessageQueue: 	at android.os.Looper.loop(Looper.java:216)
11-28 13:31:59.150 28330 28330 W MessageQueue: 	at android.app.ActivityThread.main(ActivityThread.java:7579)
11-28 13:31:59.150 28330 28330 W MessageQueue: 	at java.lang.reflect.Method.invoke(Native Method)
11-28 13:31:59.150 28330 28330 W MessageQueue: 	at com.android.internal.os.RuntimeInit$MethodAndArgsCaller.run(RuntimeInit.java:524)
11-28 13:31:59.150 28330 28330 W MessageQueue: 	at com.android.internal.os.ZygoteInit.main(ZygoteInit.java:1034)
11-28 13:31:59.182 28330 28330 W MessageQueue: Handler (android.os.Handler) {67e9d44} sending message to a Handler on a dead thread
11-28 13:31:59.182 28330 28330 W MessageQueue: java.lang.IllegalStateException: Handler (android.os.Handler) {67e9d44} sending message to a Handler on a dead thread
11-28 13:31:59.182 28330 28330 W MessageQueue: 	at android.os.MessageQueue.enqueueMessage(MessageQueue.java:650)
11-28 13:31:59.182 28330 28330 W MessageQueue: 	at android.os.Handler.enqueueMessage(Handler.java:769)
11-28 13:31:59.182 28330 28330 W MessageQueue: 	at android.os.Handler.sendMessageAtTime(Handler.java:718)
11-28 13:31:59.182 28330 28330 W MessageQueue: 	at android.os.Handler.sendMessageDelayed(Handler.java:688)
11-28 13:31:59.182 28330 28330 W MessageQueue: 	at android.os.Handler.post(Handler.java:405)
11-28 13:31:59.182 28330 28330 W MessageQueue: 	at symlab.CloudAR.ARManager.recognizeTime(ARManager.java:152)
11-28 13:31:59.182 28330 28330 W MessageQueue: 	at symlab.ARHUD.MainActivity$3.onPreviewFrame(MainActivity.java:296)
11-28 13:31:59.182 28330 28330 W MessageQueue: 	at android.hardware.Camera$EventHandler.handleMessage(Camera.java:1278)
11-28 13:31:59.182 28330 28330 W MessageQueue: 	at android.os.Handler.dispatchMessage(Handler.java:112)
11-28 13:31:59.182 28330 28330 W MessageQueue: 	at android.os.Looper.loop(Looper.java:216)
11-28 13:31:59.182 28330 28330 W MessageQueue: 	at android.app.ActivityThread.main(ActivityThread.java:7579)
11-28 13:31:59.182 28330 28330 W MessageQueue: 	at java.lang.reflect.Method.invoke(Native Method)
11-28 13:31:59.182 28330 28330 W MessageQueue: 	at com.android.internal.os.RuntimeInit$MethodAndArgsCaller.run(RuntimeInit.java:524)
11-28 13:31:59.182 28330 28330 W MessageQueue: 	at com.android.internal.os.ZygoteInit.main(ZygoteInit.java:1034)
11-28 13:31:59.183 28330 28330 W MessageQueue: Handler (android.os.Handler) {67e9d44} sending message to a Handler on a dead thread
11-28 13:31:59.183 28330 28330 W MessageQueue: java.lang.IllegalStateException: Handler (android.os.Handler) {67e9d44} sending message to a Handler on a dead thread
11-28 13:31:59.183 28330 28330 W MessageQueue: 	at android.os.MessageQueue.enqueueMessage(MessageQueue.java:650)
11-28 13:31:59.183 28330 28330 W MessageQueue: 	at android.os.Handler.enqueueMessage(Handler.java:769)
11-28 13:31:59.183 28330 28330 W MessageQueue: 	at android.os.Handler.sendMessageAtTime(Handler.java:718)
11-28 13:31:59.183 28330 28330 W MessageQueue: 	at android.os.Handler.sendMessageDelayed(Handler.java:688)
11-28 13:31:59.183 28330 28330 W MessageQueue: 	at android.os.Handler.post(Handler.java:405)
11-28 13:31:59.183 28330 28330 W MessageQueue: 	at symlab.CloudAR.ARManager.driveFrame(ARManager.java:157)
11-28 13:31:59.183 28330 28330 W MessageQueue: 	at symlab.ARHUD.MainActivity$3.onPreviewFrame(MainActivity.java:297)
11-28 13:31:59.183 28330 28330 W MessageQueue: 	at android.hardware.Camera$EventHandler.handleMessage(Camera.java:1278)
11-28 13:31:59.183 28330 28330 W MessageQueue: 	at android.os.Handler.dispatchMessage(Handler.java:112)
11-28 13:31:59.183 28330 28330 W MessageQueue: 	at android.os.Looper.loop(Looper.java:216)
11-28 13:31:59.183 28330 28330 W MessageQueue: 	at android.app.ActivityThread.main(ActivityThread.java:7579)
11-28 13:31:59.183 28330 28330 W MessageQueue: 	at java.lang.reflect.Method.invoke(Native Method)
11-28 13:31:59.183 28330 28330 W MessageQueue: 	at com.android.internal.os.RuntimeInit$MethodAndArgsCaller.run(RuntimeInit.java:524)
11-28 13:31:59.183 28330 28330 W MessageQueue: 	at com.android.internal.os.ZygoteInit.main(ZygoteInit.java:1034)
11-28 13:31:59.219 28330 28330 W MessageQueue: Handler (android.os.Handler) {67e9d44} sending message to a Handler on a dead thread
11-28 13:31:59.219 28330 28330 W MessageQueue: java.lang.IllegalStateException: Handler (android.os.Handler) {67e9d44} sending message to a Handler on a dead thread
11-28 13:31:59.219 28330 28330 W MessageQueue: 	at android.os.MessageQueue.enqueueMessage(MessageQueue.java:650)
11-28 13:31:59.219 28330 28330 W MessageQueue: 	at android.os.Handler.enqueueMessage(Handler.java:769)
11-28 13:31:59.219 28330 28330 W MessageQueue: 	at android.os.Handler.sendMessageAtTime(Handler.java:718)
11-28 13:31:59.219 28330 28330 W MessageQueue: 	at android.os.Handler.sendMessageDelayed(Handler.java:688)
11-28 13:31:59.219 28330 28330 W MessageQueue: 	at android.os.Handler.post(Handler.java:405)
11-28 13:31:59.219 28330 28330 W MessageQueue: 	at symlab.CloudAR.ARManager.recognizeTime(ARManager.java:152)
11-28 13:31:59.219 28330 28330 W MessageQueue: 	at symlab.ARHUD.MainActivity$3.onPreviewFrame(MainActivity.java:296)
11-28 13:31:59.219 28330 28330 W MessageQueue: 	at android.hardware.Camera$EventHandler.handleMessage(Camera.java:1278)
11-28 13:31:59.219 28330 28330 W MessageQueue: 	at android.os.Handler.dispatchMessage(Handler.java:112)
11-28 13:31:59.219 28330 28330 W MessageQueue: 	at android.os.Looper.loop(Looper.java:216)
11-28 13:31:59.219 28330 28330 W MessageQueue: 	at android.app.ActivityThread.main(ActivityThread.java:7579)
11-28 13:31:59.219 28330 28330 W MessageQueue: 	at java.lang.reflect.Method.invoke(Native Method)
11-28 13:31:59.219 28330 28330 W MessageQueue: 	at com.android.internal.os.RuntimeInit$MethodAndArgsCaller.run(RuntimeInit.java:524)
11-28 13:31:59.219 28330 28330 W MessageQueue: 	at com.android.internal.os.ZygoteInit.main(ZygoteInit.java:1034)
11-28 13:31:59.219 28330 28330 W MessageQueue: Handler (android.os.Handler) {67e9d44} sending message to a Handler on a dead thread
11-28 13:31:59.219 28330 28330 W MessageQueue: java.lang.IllegalStateException: Handler (android.os.Handler) {67e9d44} sending message to a Handler on a dead thread
11-28 13:31:59.219 28330 28330 W MessageQueue: 	at android.os.MessageQueue.enqueueMessage(MessageQueue.java:650)
11-28 13:31:59.219 28330 28330 W MessageQueue: 	at android.os.Handler.enqueueMessage(Handler.java:769)
11-28 13:31:59.219 28330 28330 W MessageQueue: 	at android.os.Handler.sendMessageAtTime(Handler.java:718)
11-28 13:31:59.219 28330 28330 W MessageQueue: 	at android.os.Handler.sendMessageDelayed(Handler.java:688)
11-28 13:31:59.219 28330 28330 W MessageQueue: 	at android.os.Handler.post(Handler.java:405)
11-28 13:31:59.219 28330 28330 W MessageQueue: 	at symlab.CloudAR.ARManager.driveFrame(ARManager.java:157)
11-28 13:31:59.219 28330 28330 W MessageQueue: 	at symlab.ARHUD.MainActivity$3.onPreviewFrame(MainActivity.java:297)
11-28 13:31:59.219 28330 28330 W MessageQueue: 	at android.hardware.Camera$EventHandler.handleMessage(Camera.java:1278)
11-28 13:31:59.219 28330 28330 W MessageQueue: 	at android.os.Handler.dispatchMessage(Handler.java:112)
11-28 13:31:59.219 28330 28330 W MessageQueue: 	at android.os.Looper.loop(Looper.java:216)
11-28 13:31:59.219 28330 28330 W MessageQueue: 	at android.app.ActivityThread.main(ActivityThread.java:7579)
11-28 13:31:59.219 28330 28330 W MessageQueue: 	at java.lang.reflect.Method.invoke(Native Method)
11-28 13:31:59.219 28330 28330 W MessageQueue: 	at com.android.internal.os.RuntimeInit$MethodAndArgsCaller.run(RuntimeInit.java:524)
11-28 13:31:59.219 28330 28330 W MessageQueue: 	at com.android.internal.os.ZygoteInit.main(ZygoteInit.java:1034)
11-28 13:31:59.253 28330 28330 W MessageQueue: Handler (android.os.Handler) {67e9d44} sending message to a Handler on a dead thread
11-28 13:31:59.253 28330 28330 W MessageQueue: java.lang.IllegalStateException: Handler (android.os.Handler) {67e9d44} sending message to a Handler on a dead thread
11-28 13:31:59.253 28330 28330 W MessageQueue: 	at android.os.MessageQueue.enqueueMessage(MessageQueue.java:650)
11-28 13:31:59.253 28330 28330 W MessageQueue: 	at android.os.Handler.enqueueMessage(Handler.java:769)
11-28 13:31:59.253 28330 28330 W MessageQueue: 	at android.os.Handler.sendMessageAtTime(Handler.java:718)
11-28 13:31:59.253 28330 28330 W MessageQueue: 	at android.os.Handler.sendMessageDelayed(Handler.java:688)
11-28 13:31:59.253 28330 28330 W MessageQueue: 	at android.os.Handler.post(Handler.java:405)
11-28 13:31:59.253 28330 28330 W MessageQueue: 	at symlab.CloudAR.ARManager.recognizeTime(ARManager.java:152)
11-28 13:31:59.253 28330 28330 W MessageQueue: 	at symlab.ARHUD.MainActivity$3.onPreviewFrame(MainActivity.java:296)
11-28 13:31:59.253 28330 28330 W MessageQueue: 	at android.hardware.Camera$EventHandler.handleMessage(Camera.java:1278)
11-28 13:31:59.253 28330 28330 W MessageQueue: 	at android.os.Handler.dispatchMessage(Handler.java:112)
11-28 13:31:59.253 28330 28330 W MessageQueue: 	at android.os.Looper.loop(Looper.java:216)
11-28 13:31:59.253 28330 28330 W MessageQueue: 	at android.app.ActivityThread.main(ActivityThread.java:7579)
11-28 13:31:59.253 28330 28330 W MessageQueue: 	at java.lang.reflect.Method.invoke(Native Method)
11-28 13:31:59.253 28330 28330 W MessageQueue: 	at com.android.internal.os.RuntimeInit$MethodAndArgsCaller.run(RuntimeInit.java:524)
11-28 13:31:59.253 28330 28330 W MessageQueue: 	at com.android.internal.os.ZygoteInit.main(ZygoteInit.java:1034)
11-28 13:31:59.254 28330 28330 W MessageQueue: Handler (android.os.Handler) {67e9d44} sending message to a Handler on a dead thread
11-28 13:31:59.254 28330 28330 W MessageQueue: java.lang.IllegalStateException: Handler (android.os.Handler) {67e9d44} sending message to a Handler on a dead thread
11-28 13:31:59.254 28330 28330 W MessageQueue: 	at android.os.MessageQueue.enqueueMessage(MessageQueue.java:650)
11-28 13:31:59.254 28330 28330 W MessageQueue: 	at android.os.Handler.enqueueMessage(Handler.java:769)
11-28 13:31:59.254 28330 28330 W MessageQueue: 	at android.os.Handler.sendMessageAtTime(Handler.java:718)
11-28 13:31:59.254 28330 28330 W MessageQueue: 	at android.os.Handler.sendMessageDelayed(Handler.java:688)
11-28 13:31:59.254 28330 28330 W MessageQueue: 	at android.os.Handler.post(Handler.java:405)
11-28 13:31:59.254 28330 28330 W MessageQueue: 	at symlab.CloudAR.ARManager.driveFrame(ARManager.java:157)
11-28 13:31:59.254 28330 28330 W MessageQueue: 	at symlab.ARHUD.MainActivity$3.onPreviewFrame(MainActivity.java:297)
11-28 13:31:59.254 28330 28330 W MessageQueue: 	at android.hardware.Camera$EventHandler.handleMessage(Camera.java:1278)
11-28 13:31:59.254 28330 28330 W MessageQueue: 	at android.os.Handler.dispatchMessage(Handler.java:112)
11-28 13:31:59.254 28330 28330 W MessageQueue: 	at android.os.Looper.loop(Looper.java:216)
11-28 13:31:59.254 28330 28330 W MessageQueue: 	at android.app.ActivityThread.main(ActivityThread.java:7579)
11-28 13:31:59.254 28330 28330 W MessageQueue: 	at java.lang.reflect.Method.invoke(Native Method)
11-28 13:31:59.254 28330 28330 W MessageQueue: 	at com.android.internal.os.RuntimeInit$MethodAndArgsCaller.run(RuntimeInit.java:524)
11-28 13:31:59.254 28330 28330 W MessageQueue: 	at com.android.internal.os.ZygoteInit.main(ZygoteInit.java:1034)
11-28 13:31:59.286 28330 28330 W MessageQueue: Handler (android.os.Handler) {67e9d44} sending message to a Handler on a dead thread
11-28 13:31:59.286 28330 28330 W MessageQueue: java.lang.IllegalStateException: Handler (android.os.Handler) {67e9d44} sending message to a Handler on a dead thread
11-28 13:31:59.286 28330 28330 W MessageQueue: 	at android.os.MessageQueue.enqueueMessage(MessageQueue.java:650)
11-28 13:31:59.286 28330 28330 W MessageQueue: 	at android.os.Handler.enqueueMessage(Handler.java:769)
11-28 13:31:59.286 28330 28330 W MessageQueue: 	at android.os.Handler.sendMessageAtTime(Handler.java:718)
11-28 13:31:59.286 28330 28330 W MessageQueue: 	at android.os.Handler.sendMessageDelayed(Handler.java:688)
11-28 13:31:59.286 28330 28330 W MessageQueue: 	at android.os.Handler.post(Handler.java:405)
11-28 13:31:59.286 28330 28330 W MessageQueue: 	at symlab.CloudAR.ARManager.recognizeTime(ARManager.java:152)
11-28 13:31:59.286 28330 28330 W MessageQueue: 	at symlab.ARHUD.MainActivity$3.onPreviewFrame(MainActivity.java:296)
11-28 13:31:59.286 28330 28330 W MessageQueue: 	at android.hardware.Camera$EventHandler.handleMessage(Camera.java:1278)
11-28 13:31:59.286 28330 28330 W MessageQueue: 	at android.os.Handler.dispatchMessage(Handler.java:112)
11-28 13:31:59.286 28330 28330 W MessageQueue: 	at android.os.Looper.loop(Looper.java:216)
11-28 13:31:59.286 28330 28330 W MessageQueue: 	at android.app.ActivityThread.main(ActivityThread.java:7579)
11-28 13:31:59.286 28330 28330 W MessageQueue: 	at java.lang.reflect.Method.invoke(Native Method)
11-28 13:31:59.286 28330 28330 W MessageQueue: 	at com.android.internal.os.RuntimeInit$MethodAndArgsCaller.run(RuntimeInit.java:524)
11-28 13:31:59.286 28330 28330 W MessageQueue: 	at com.android.internal.os.ZygoteInit.main(ZygoteInit.java:1034)
11-28 13:31:59.286 28330 28330 W MessageQueue: Handler (android.os.Handler) {67e9d44} sending message to a Handler on a dead thread
11-28 13:31:59.286 28330 28330 W MessageQueue: java.lang.IllegalStateException: Handler (android.os.Handler) {67e9d44} sending message to a Handler on a dead thread
11-28 13:31:59.286 28330 28330 W MessageQueue: 	at android.os.MessageQueue.enqueueMessage(MessageQueue.java:650)
11-28 13:31:59.286 28330 28330 W MessageQueue: 	at android.os.Handler.enqueueMessage(Handler.java:769)
11-28 13:31:59.286 28330 28330 W MessageQueue: 	at android.os.Handler.sendMessageAtTime(Handler.java:718)
11-28 13:31:59.286 28330 28330 W MessageQueue: 	at android.os.Handler.sendMessageDelayed(Handler.java:688)
11-28 13:31:59.286 28330 28330 W MessageQueue: 	at android.os.Handler.post(Handler.java:405)
11-28 13:31:59.286 28330 28330 W MessageQueue: 	at symlab.CloudAR.ARManager.driveFrame(ARManager.java:157)
11-28 13:31:59.286 28330 28330 W MessageQueue: 	at symlab.ARHUD.MainActivity$3.onPreviewFrame(MainActivity.java:297)
11-28 13:31:59.286 28330 28330 W MessageQueue: 	at android.hardware.Camera$EventHandler.handleMessage(Camera.java:1278)
11-28 13:31:59.286 28330 28330 W MessageQueue: 	at android.os.Handler.dispatchMessage(Handler.java:112)
11-28 13:31:59.286 28330 28330 W MessageQueue: 	at android.os.Looper.loop(Looper.java:216)
11-28 13:31:59.286 28330 28330 W MessageQueue: 	at android.app.ActivityThread.main(ActivityThread.java:7579)
11-28 13:31:59.286 28330 28330 W MessageQueue: 	at java.lang.reflect.Method.invoke(Native Method)
11-28 13:31:59.286 28330 28330 W MessageQueue: 	at com.android.internal.os.RuntimeInit$MethodAndArgsCaller.run(RuntimeInit.java:524)
11-28 13:31:59.286 28330 28330 W MessageQueue: 	at com.android.internal.os.ZygoteInit.main(ZygoteInit.java:1034)
11-28 13:31:59.319 28330 28330 W MessageQueue: Handler (android.os.Handler) {67e9d44} sending message to a Handler on a dead thread
11-28 13:31:59.319 28330 28330 W MessageQueue: java.lang.IllegalStateException: Handler (android.os.Handler) {67e9d44} sending message to a Handler on a dead thread
11-28 13:31:59.319 28330 28330 W MessageQueue: 	at android.os.MessageQueue.enqueueMessage(MessageQueue.java:650)
11-28 13:31:59.319 28330 28330 W MessageQueue: 	at android.os.Handler.enqueueMessage(Handler.java:769)
11-28 13:31:59.319 28330 28330 W MessageQueue: 	at android.os.Handler.sendMessageAtTime(Handler.java:718)
11-28 13:31:59.319 28330 28330 W MessageQueue: 	at android.os.Handler.sendMessageDelayed(Handler.java:688)
11-28 13:31:59.319 28330 28330 W MessageQueue: 	at android.os.Handler.post(Handler.java:405)
11-28 13:31:59.319 28330 28330 W MessageQueue: 	at symlab.CloudAR.ARManager.recognizeTime(ARManager.java:152)
11-28 13:31:59.319 28330 28330 W MessageQueue: 	at symlab.ARHUD.MainActivity$3.onPreviewFrame(MainActivity.java:296)
11-28 13:31:59.319 28330 28330 W MessageQueue: 	at android.hardware.Camera$EventHandler.handleMessage(Camera.java:1278)
11-28 13:31:59.319 28330 28330 W MessageQueue: 	at android.os.Handler.dispatchMessage(Handler.java:112)
11-28 13:31:59.319 28330 28330 W MessageQueue: 	at android.os.Looper.loop(Looper.java:216)
11-28 13:31:59.319 28330 28330 W MessageQueue: 	at android.app.ActivityThread.main(ActivityThread.java:7579)
11-28 13:31:59.319 28330 28330 W MessageQueue: 	at java.lang.reflect.Method.invoke(Native Method)
11-28 13:31:59.319 28330 28330 W MessageQueue: 	at com.android.internal.os.RuntimeInit$MethodAndArgsCaller.run(RuntimeInit.java:524)
11-28 13:31:59.319 28330 28330 W MessageQueue: 	at com.android.internal.os.ZygoteInit.main(ZygoteInit.java:1034)
11-28 13:31:59.320 28330 28330 W MessageQueue: Handler (android.os.Handler) {67e9d44} sending message to a Handler on a dead thread
11-28 13:31:59.320 28330 28330 W MessageQueue: java.lang.IllegalStateException: Handler (android.os.Handler) {67e9d44} sending message to a Handler on a dead thread
11-28 13:31:59.320 28330 28330 W MessageQueue: 	at android.os.MessageQueue.enqueueMessage(MessageQueue.java:650)
11-28 13:31:59.320 28330 28330 W MessageQueue: 	at android.os.Handler.enqueueMessage(Handler.java:769)
11-28 13:31:59.320 28330 28330 W MessageQueue: 	at android.os.Handler.sendMessageAtTime(Handler.java:718)
11-28 13:31:59.320 28330 28330 W MessageQueue: 	at android.os.Handler.sendMessageDelayed(Handler.java:688)
11-28 13:31:59.320 28330 28330 W MessageQueue: 	at android.os.Handler.post(Handler.java:405)
11-28 13:31:59.320 28330 28330 W MessageQueue: 	at symlab.CloudAR.ARManager.driveFrame(ARManager.java:157)
11-28 13:31:59.320 28330 28330 W MessageQueue: 	at symlab.ARHUD.MainActivity$3.onPreviewFrame(MainActivity.java:297)
11-28 13:31:59.320 28330 28330 W MessageQueue: 	at android.hardware.Camera$EventHandler.handleMessage(Camera.java:1278)
11-28 13:31:59.320 28330 28330 W MessageQueue: 	at android.os.Handler.dispatchMessage(Handler.java:112)
11-28 13:31:59.320 28330 28330 W MessageQueue: 	at android.os.Looper.loop(Looper.java:216)
11-28 13:31:59.320 28330 28330 W MessageQueue: 	at android.app.ActivityThread.main(ActivityThread.java:7579)
11-28 13:31:59.320 28330 28330 W MessageQueue: 	at java.lang.reflect.Method.invoke(Native Method)
11-28 13:31:59.320 28330 28330 W MessageQueue: 	at com.android.internal.os.RuntimeInit$MethodAndArgsCaller.run(RuntimeInit.java:524)
11-28 13:31:59.320 28330 28330 W MessageQueue: 	at com.android.internal.os.ZygoteInit.main(ZygoteInit.java:1034)
11-28 13:31:59.354 28330 28330 W MessageQueue: Handler (android.os.Handler) {67e9d44} sending message to a Handler on a dead thread
11-28 13:31:59.354 28330 28330 W MessageQueue: java.lang.IllegalStateException: Handler (android.os.Handler) {67e9d44} sending message to a Handler on a dead thread
11-28 13:31:59.354 28330 28330 W MessageQueue: 	at android.os.MessageQueue.enqueueMessage(MessageQueue.java:650)
11-28 13:31:59.354 28330 28330 W MessageQueue: 	at android.os.Handler.enqueueMessage(Handler.java:769)
11-28 13:31:59.354 28330 28330 W MessageQueue: 	at android.os.Handler.sendMessageAtTime(Handler.java:718)
11-28 13:31:59.354 28330 28330 W MessageQueue: 	at android.os.Handler.sendMessageDelayed(Handler.java:688)
11-28 13:31:59.354 28330 28330 W MessageQueue: 	at android.os.Handler.post(Handler.java:405)
11-28 13:31:59.354 28330 28330 W MessageQueue: 	at symlab.CloudAR.ARManager.recognizeTime(ARManager.java:152)
11-28 13:31:59.354 28330 28330 W MessageQueue: 	at symlab.ARHUD.MainActivity$3.onPreviewFrame(MainActivity.java:296)
11-28 13:31:59.354 28330 28330 W MessageQueue: 	at android.hardware.Camera$EventHandler.handleMessage(Camera.java:1278)
11-28 13:31:59.354 28330 28330 W MessageQueue: 	at android.os.Handler.dispatchMessage(Handler.java:112)
11-28 13:31:59.354 28330 28330 W MessageQueue: 	at android.os.Looper.loop(Looper.java:216)
11-28 13:31:59.354 28330 28330 W MessageQueue: 	at android.app.ActivityThread.main(ActivityThread.java:7579)
11-28 13:31:59.354 28330 28330 W MessageQueue: 	at java.lang.reflect.Method.invoke(Native Method)
11-28 13:31:59.354 28330 28330 W MessageQueue: 	at com.android.internal.os.RuntimeInit$MethodAndArgsCaller.run(RuntimeInit.java:524)
11-28 13:31:59.354 28330 28330 W MessageQueue: 	at com.android.internal.os.ZygoteInit.main(ZygoteInit.java:1034)
11-28 13:31:59.355 28330 28330 W MessageQueue: Handler (android.os.Handler) {67e9d44} sending message to a Handler on a dead thread
11-28 13:31:59.355 28330 28330 W MessageQueue: java.lang.IllegalStateException: Handler (android.os.Handler) {67e9d44} sending message to a Handler on a dead thread
11-28 13:31:59.355 28330 28330 W MessageQueue: 	at android.os.MessageQueue.enqueueMessage(MessageQueue.java:650)
11-28 13:31:59.355 28330 28330 W MessageQueue: 	at android.os.Handler.enqueueMessage(Handler.java:769)
11-28 13:31:59.355 28330 28330 W MessageQueue: 	at android.os.Handler.sendMessageAtTime(Handler.java:718)
11-28 13:31:59.355 28330 28330 W MessageQueue: 	at android.os.Handler.sendMessageDelayed(Handler.java:688)
11-28 13:31:59.355 28330 28330 W MessageQueue: 	at android.os.Handler.post(Handler.java:405)
11-28 13:31:59.355 28330 28330 W MessageQueue: 	at symlab.CloudAR.ARManager.driveFrame(ARManager.java:157)
11-28 13:31:59.355 28330 28330 W MessageQueue: 	at symlab.ARHUD.MainActivity$3.onPreviewFrame(MainActivity.java:297)
11-28 13:31:59.355 28330 28330 W MessageQueue: 	at android.hardware.Camera$EventHandler.handleMessage(Camera.java:1278)
11-28 13:31:59.355 28330 28330 W MessageQueue: 	at android.os.Handler.dispatchMessage(Handler.java:112)
11-28 13:31:59.355 28330 28330 W MessageQueue: 	at android.os.Looper.loop(Looper.java:216)
11-28 13:31:59.355 28330 28330 W MessageQueue: 	at android.app.ActivityThread.main(ActivityThread.java:7579)
11-28 13:31:59.355 28330 28330 W MessageQueue: 	at java.lang.reflect.Method.invoke(Native Method)
11-28 13:31:59.355 28330 28330 W MessageQueue: 	at com.android.internal.os.RuntimeInit$MethodAndArgsCaller.run(RuntimeInit.java:524)
11-28 13:31:59.355 28330 28330 W MessageQueue: 	at com.android.internal.os.ZygoteInit.main(ZygoteInit.java:1034)
11-28 13:31:59.388 28330 28330 W MessageQueue: Handler (android.os.Handler) {67e9d44} sending message to a Handler on a dead thread
11-28 13:31:59.388 28330 28330 W MessageQueue: java.lang.IllegalStateException: Handler (android.os.Handler) {67e9d44} sending message to a Handler on a dead thread
11-28 13:31:59.388 28330 28330 W MessageQueue: 	at android.os.MessageQueue.enqueueMessage(MessageQueue.java:650)
11-28 13:31:59.388 28330 28330 W MessageQueue: 	at android.os.Handler.enqueueMessage(Handler.java:769)
11-28 13:31:59.388 28330 28330 W MessageQueue: 	at android.os.Handler.sendMessageAtTime(Handler.java:718)
11-28 13:31:59.388 28330 28330 W MessageQueue: 	at android.os.Handler.sendMessageDelayed(Handler.java:688)
11-28 13:31:59.388 28330 28330 W MessageQueue: 	at android.os.Handler.post(Handler.java:405)
11-28 13:31:59.388 28330 28330 W MessageQueue: 	at symlab.CloudAR.ARManager.recognizeTime(ARManager.java:152)
11-28 13:31:59.388 28330 28330 W MessageQueue: 	at symlab.ARHUD.MainActivity$3.onPreviewFrame(MainActivity.java:296)
11-28 13:31:59.388 28330 28330 W MessageQueue: 	at android.hardware.Camera$EventHandler.handleMessage(Camera.java:1278)
11-28 13:31:59.388 28330 28330 W MessageQueue: 	at android.os.Handler.dispatchMessage(Handler.java:112)
11-28 13:31:59.388 28330 28330 W MessageQueue: 	at android.os.Looper.loop(Looper.java:216)
11-28 13:31:59.388 28330 28330 W MessageQueue: 	at android.app.ActivityThread.main(ActivityThread.java:7579)
11-28 13:31:59.388 28330 28330 W MessageQueue: 	at java.lang.reflect.Method.invoke(Native Method)
11-28 13:31:59.388 28330 28330 W MessageQueue: 	at com.android.internal.os.RuntimeInit$MethodAndArgsCaller.run(RuntimeInit.java:524)
11-28 13:31:59.388 28330 28330 W MessageQueue: 	at com.android.internal.os.ZygoteInit.main(ZygoteInit.java:1034)
11-28 13:31:59.388 28330 28330 W MessageQueue: Handler (android.os.Handler) {67e9d44} sending message to a Handler on a dead thread
11-28 13:31:59.388 28330 28330 W MessageQueue: java.lang.IllegalStateException: Handler (android.os.Handler) {67e9d44} sending message to a Handler on a dead thread
11-28 13:31:59.388 28330 28330 W MessageQueue: 	at android.os.MessageQueue.enqueueMessage(MessageQueue.java:650)
11-28 13:31:59.388 28330 28330 W MessageQueue: 	at android.os.Handler.enqueueMessage(Handler.java:769)
11-28 13:31:59.388 28330 28330 W MessageQueue: 	at android.os.Handler.sendMessageAtTime(Handler.java:718)
11-28 13:31:59.388 28330 28330 W MessageQueue: 	at android.os.Handler.sendMessageDelayed(Handler.java:688)
11-28 13:31:59.388 28330 28330 W MessageQueue: 	at android.os.Handler.post(Handler.java:405)
11-28 13:31:59.388 28330 28330 W MessageQueue: 	at symlab.CloudAR.ARManager.driveFrame(ARManager.java:157)
11-28 13:31:59.388 28330 28330 W MessageQueue: 	at symlab.ARHUD.MainActivity$3.onPreviewFrame(MainActivity.java:297)
11-28 13:31:59.388 28330 28330 W MessageQueue: 	at android.hardware.Camera$EventHandler.handleMessage(Camera.java:1278)
11-28 13:31:59.388 28330 28330 W MessageQueue: 	at android.os.Handler.dispatchMessage(Handler.java:112)
11-28 13:31:59.388 28330 28330 W MessageQueue: 	at android.os.Looper.loop(Looper.java:216)
11-28 13:31:59.388 28330 28330 W MessageQueue: 	at android.app.ActivityThread.main(ActivityThread.java:7579)
11-28 13:31:59.388 28330 28330 W MessageQueue: 	at java.lang.reflect.Method.invoke(Native Method)
11-28 13:31:59.388 28330 28330 W MessageQueue: 	at com.android.internal.os.RuntimeInit$MethodAndArgsCaller.run(RuntimeInit.java:524)
11-28 13:31:59.388 28330 28330 W MessageQueue: 	at com.android.internal.os.ZygoteInit.main(ZygoteInit.java:1034)
11-28 13:31:59.430 28330 28330 W MessageQueue: Handler (android.os.Handler) {67e9d44} sending message to a Handler on a dead thread
11-28 13:31:59.430 28330 28330 W MessageQueue: java.lang.IllegalStateException: Handler (android.os.Handler) {67e9d44} sending message to a Handler on a dead thread
11-28 13:31:59.430 28330 28330 W MessageQueue: 	at android.os.MessageQueue.enqueueMessage(MessageQueue.java:650)
11-28 13:31:59.430 28330 28330 W MessageQueue: 	at android.os.Handler.enqueueMessage(Handler.java:769)
11-28 13:31:59.430 28330 28330 W MessageQueue: 	at android.os.Handler.sendMessageAtTime(Handler.java:718)
11-28 13:31:59.430 28330 28330 W MessageQueue: 	at android.os.Handler.sendMessageDelayed(Handler.java:688)
11-28 13:31:59.430 28330 28330 W MessageQueue: 	at android.os.Handler.post(Handler.java:405)
11-28 13:31:59.430 28330 28330 W MessageQueue: 	at symlab.CloudAR.ARManager.recognizeTime(ARManager.java:152)
11-28 13:31:59.430 28330 28330 W MessageQueue: 	at symlab.ARHUD.MainActivity$3.onPreviewFrame(MainActivity.java:296)
11-28 13:31:59.430 28330 28330 W MessageQueue: 	at android.hardware.Camera$EventHandler.handleMessage(Camera.java:1278)
11-28 13:31:59.430 28330 28330 W MessageQueue: 	at android.os.Handler.dispatchMessage(Handler.java:112)
11-28 13:31:59.430 28330 28330 W MessageQueue: 	at android.os.Looper.loop(Looper.java:216)
11-28 13:31:59.430 28330 28330 W MessageQueue: 	at android.app.ActivityThread.main(ActivityThread.java:7579)
11-28 13:31:59.430 28330 28330 W MessageQueue: 	at java.lang.reflect.Method.invoke(Native Method)
11-28 13:31:59.430 28330 28330 W MessageQueue: 	at com.android.internal.os.RuntimeInit$MethodAndArgsCaller.run(RuntimeInit.java:524)
11-28 13:31:59.430 28330 28330 W MessageQueue: 	at com.android.internal.os.ZygoteInit.main(ZygoteInit.java:1034)
11-28 13:31:59.431 28330 28330 W MessageQueue: Handler (android.os.Handler) {67e9d44} sending message to a Handler on a dead thread
11-28 13:31:59.431 28330 28330 W MessageQueue: java.lang.IllegalStateException: Handler (android.os.Handler) {67e9d44} sending message to a Handler on a dead thread
11-28 13:31:59.431 28330 28330 W MessageQueue: 	at android.os.MessageQueue.enqueueMessage(MessageQueue.java:650)
11-28 13:31:59.431 28330 28330 W MessageQueue: 	at android.os.Handler.enqueueMessage(Handler.java:769)
11-28 13:31:59.431 28330 28330 W MessageQueue: 	at android.os.Handler.sendMessageAtTime(Handler.java:718)
11-28 13:31:59.431 28330 28330 W MessageQueue: 	at android.os.Handler.sendMessageDelayed(Handler.java:688)
11-28 13:31:59.431 28330 28330 W MessageQueue: 	at android.os.Handler.post(Handler.java:405)
11-28 13:31:59.431 28330 28330 W MessageQueue: 	at symlab.CloudAR.ARManager.driveFrame(ARManager.java:157)
11-28 13:31:59.431 28330 28330 W MessageQueue: 	at symlab.ARHUD.MainActivity$3.onPreviewFrame(MainActivity.java:297)
11-28 13:31:59.431 28330 28330 W MessageQueue: 	at android.hardware.Camera$EventHandler.handleMessage(Camera.java:1278)
11-28 13:31:59.431 28330 28330 W MessageQueue: 	at android.os.Handler.dispatchMessage(Handler.java:112)
11-28 13:31:59.431 28330 28330 W MessageQueue: 	at android.os.Looper.loop(Looper.java:216)
11-28 13:31:59.431 28330 28330 W MessageQueue: 	at android.app.ActivityThread.main(ActivityThread.java:7579)
11-28 13:31:59.431 28330 28330 W MessageQueue: 	at java.lang.reflect.Method.invoke(Native Method)
11-28 13:31:59.431 28330 28330 W MessageQueue: 	at com.android.internal.os.RuntimeInit$MethodAndArgsCaller.run(RuntimeInit.java:524)
11-28 13:31:59.431 28330 28330 W MessageQueue: 	at com.android.internal.os.ZygoteInit.main(ZygoteInit.java:1034)
11-28 13:31:59.455 28330 28330 W MessageQueue: Handler (android.os.Handler) {67e9d44} sending message to a Handler on a dead thread
11-28 13:31:59.455 28330 28330 W MessageQueue: java.lang.IllegalStateException: Handler (android.os.Handler) {67e9d44} sending message to a Handler on a dead thread
11-28 13:31:59.455 28330 28330 W MessageQueue: 	at android.os.MessageQueue.enqueueMessage(MessageQueue.java:650)
11-28 13:31:59.455 28330 28330 W MessageQueue: 	at android.os.Handler.enqueueMessage(Handler.java:769)
11-28 13:31:59.455 28330 28330 W MessageQueue: 	at android.os.Handler.sendMessageAtTime(Handler.java:718)
11-28 13:31:59.455 28330 28330 W MessageQueue: 	at android.os.Handler.sendMessageDelayed(Handler.java:688)
11-28 13:31:59.455 28330 28330 W MessageQueue: 	at android.os.Handler.post(Handler.java:405)
11-28 13:31:59.455 28330 28330 W MessageQueue: 	at symlab.CloudAR.ARManager.recognizeTime(ARManager.java:152)
11-28 13:31:59.455 28330 28330 W MessageQueue: 	at symlab.ARHUD.MainActivity$3.onPreviewFrame(MainActivity.java:296)
11-28 13:31:59.455 28330 28330 W MessageQueue: 	at android.hardware.Camera$EventHandler.handleMessage(Camera.java:1278)
11-28 13:31:59.455 28330 28330 W MessageQueue: 	at android.os.Handler.dispatchMessage(Handler.java:112)
11-28 13:31:59.455 28330 28330 W MessageQueue: 	at android.os.Looper.loop(Looper.java:216)
11-28 13:31:59.455 28330 28330 W MessageQueue: 	at android.app.ActivityThread.main(ActivityThread.java:7579)
11-28 13:31:59.455 28330 28330 W MessageQueue: 	at java.lang.reflect.Method.invoke(Native Method)
11-28 13:31:59.455 28330 28330 W MessageQueue: 	at com.android.internal.os.RuntimeInit$MethodAndArgsCaller.run(RuntimeInit.java:524)
11-28 13:31:59.455 28330 28330 W MessageQueue: 	at com.android.internal.os.ZygoteInit.main(ZygoteInit.java:1034)
11-28 13:31:59.456 28330 28330 W MessageQueue: Handler (android.os.Handler) {67e9d44} sending message to a Handler on a dead thread
11-28 13:31:59.456 28330 28330 W MessageQueue: java.lang.IllegalStateException: Handler (android.os.Handler) {67e9d44} sending message to a Handler on a dead thread
11-28 13:31:59.456 28330 28330 W MessageQueue: 	at android.os.MessageQueue.enqueueMessage(MessageQueue.java:650)
11-28 13:31:59.456 28330 28330 W MessageQueue: 	at android.os.Handler.enqueueMessage(Handler.java:769)
11-28 13:31:59.456 28330 28330 W MessageQueue: 	at android.os.Handler.sendMessageAtTime(Handler.java:718)
11-28 13:31:59.456 28330 28330 W MessageQueue: 	at android.os.Handler.sendMessageDelayed(Handler.java:688)
11-28 13:31:59.456 28330 28330 W MessageQueue: 	at android.os.Handler.post(Handler.java:405)
11-28 13:31:59.456 28330 28330 W MessageQueue: 	at symlab.CloudAR.ARManager.driveFrame(ARManager.java:157)
11-28 13:31:59.456 28330 28330 W MessageQueue: 	at symlab.ARHUD.MainActivity$3.onPreviewFrame(MainActivity.java:297)
