--------- beginning of main
11-28 13:29:18.883 27233 27297 W libEGL  : EGLNativeWindowType 0xf07f0008 disconnect failed
11-28 13:29:19.824 27233 27273 D ZrHung.AppEyeUiProbe: Current Activity:false
11-28 13:29:19.824 27233 27273 D ZrHung.AppEyeUiProbe: not watching, wait.
11-28 13:29:20.038 27233 27233 I Poster  :  onDestroy() called.
11-28 13:29:21.707 27414 27414 I loudridar.arhu: Late-enabling -Xcheck:jni
11-28 13:29:21.737 27414 27414 I loudridar.arhu: Reinit property: dalvik.vm.checkjni= false
11-28 13:29:21.747 27414 27414 D ZrHung.AppEyeUiProbe: AppEyeUIP created.
11-28 13:29:21.747 27414 27414 W re-initialized>: type=1400 audit(0.0:35340): avc: denied { read } for name="u:object_r:mmi_prop:s0" dev="tmpfs" ino=16663 scontext=u:r:untrusted_app:s0:c147,c256,c512,c768 tcontext=u:object_r:mmi_prop:s0 tclass=file permissive=0
11-28 13:29:21.750 27414 27414 E libc    : Access denied finding property "runtime.mmitest.isrunning"
--------- beginning of system
11-28 13:29:21.754 27414 27414 D ActivityThread: Attach thread to application
11-28 13:29:21.755 27414 27421 E loudridar.arhu: Failed to send DDMS packet REAQ to debugger (-1 of 20): Broken pipe
11-28 13:29:21.786 27414 27433 I HwApiCacheMangerEx: apicache path=/storage/emulated/0 state=mounted key=symlab.cloudridar.arhud#10147#256
11-28 13:29:21.787 27414 27433 I HwApiCacheMangerEx: apicache path=/storage/emulated/0 state=mounted key=symlab.cloudridar.arhud#10147#0
11-28 13:29:21.851 27414 27414 I loudridar.arhu: QarthPatchMonintor::Init
11-28 13:29:21.851 27414 27414 I loudridar.arhu: 
11-28 13:29:21.851 27414 27414 I loudridar.arhu: QarthPatchMonintor::StartWatch
11-28 13:29:21.851 27414 27414 I loudridar.arhu: 
11-28 13:29:21.851 27414 27414 I loudridar.arhu: QarthPatchMonintor::WatchPackage: /data/hotpatch/fwkhotpatch/
11-28 13:29:21.851 27414 27414 I loudridar.arhu: 
11-28 13:29:21.851 27414 27414 I loudridar.arhu: QarthPatchMonintor::CheckAndWatchPatch: /data/hotpatch/fwkhotpatch/symlab.cloudridar.arhud
11-28 13:29:21.851 27414 27414 I loudridar.arhu: 
11-28 13:29:21.851 27414 27414 I loudridar.arhu: QarthPatchMonintor::CheckAndWatchPatch: /data/hotpatch/fwkhotpatch/all
11-28 13:29:21.851 27414 27414 I loudridar.arhu: 
11-28 13:29:21.851 27414 27414 I loudridar.arhu: QarthPatchMonintor::Run
11-28 13:29:21.851 27414 27414 I loudridar.arhu: 
11-28 13:29:21.851 27414 27442 I loudridar.arhu: QarthPatchMonintor::Reading
11-28 13:29:21.851 27414 27442 I loudridar.arhu: 
11-28 13:29:21.851 27414 27442 I loudridar.arhu: QarthPatchMonintor::CheckNotifyEvent
11-28 13:29:21.851 27414 27442 I loudridar.arhu: 
11-28 13:29:21.851 27414 27442 I loudridar.arhu: QarthPatchMonintor::CheckNotifyEvent before read
11-28 13:29:21.851 27414 27442 I loudridar.arhu: 
11-28 13:29:21.855 27414 27414 I MultiDex: VM with version 2.1.0 has multidex support
11-28 13:29:21.855 27414 27414 I MultiDex: Installing application
11-28 13:29:21.855 27414 27414 I MultiDex: VM has multidex support, MultiDex support library is disabled.
11-28 13:29:21.861 27414 27433 I AwareBitmapCacher: init processName:symlab.cloudridar.arhud pid=27414 uid=10147
11-28 13:29:21.862 27414 27443 E AwareLog: AtomicFileUtils: readFileLines file not exist: android.util.AtomicFile@919d802
11-28 13:29:21.863 27414 27443 E AwareLog: AtomicFileUtils: readFileLines file not exist: android.util.AtomicFile@35dc513
11-28 13:29:21.863 27414 27414 I FirebaseInitProvider: FirebaseApp initialization unsuccessful
11-28 13:29:21.869 27414 27414 D ZrHung.AppEyeUiProbe: notify runnable to start.
11-28 13:29:21.869 27414 27449 D ZrHung.AppEyeUiProbe: Runnable thread started.
11-28 13:29:21.869 27414 27449 D IMonitor: Load library imonitor_jni
11-28 13:29:21.871 27414 27449 E         : [ZeroHung]zrhung_get_config: Get config failed for wp[0x0102]
11-28 13:29:21.871 27414 27449 W ZrHung.AppEyeUiProbe: Failed to get config from zrhung
11-28 13:29:21.875 27447 27447 W logcat  : type=1400 audit(0.0:35341): avc: granted { create } for name="logcat_1574940561864.txt" scontext=u:r:untrusted_app:s0:c147,c256,c512,c768 tcontext=u:object_r:sdcardfs:s0:c147,c256,c512,c768 tclass=file
11-28 13:29:21.883 27414 27414 I MultiDex: Installing application
11-28 13:29:21.883 27414 27414 I MultiDex: VM has multidex support, MultiDex support library is disabled.
11-28 13:29:21.885 27414 27414 V ActivityThread: callActivityOnCreate
11-28 13:29:21.885 27414 27414 I Poster  :  onCreate() called.
11-28 13:29:21.888 27414 27414 I HwApsImpl: APS: new HwApsImpl created
11-28 13:29:21.894 27414 27414 V HwWidgetFactory: : successes to get AllImpl object and return....
11-28 13:29:21.903 27414 27414 D OpenGLRenderer: Skia GL Pipeline
11-28 13:29:21.923 27414 27414 D Poster  : Server details are IP 193.166.28.132 and port 52727
11-28 13:29:21.928 27414 27414 D Poster  : Server bound to IP 193.166.28.132 and port 52727
11-28 13:29:21.932 27414 27457 D Evaluation: Frame 0 sent at 1.574940561932E12
11-28 13:29:21.933 27414 27414 D ActivityThread: add activity client record, r= ActivityRecord{db8bbd token=android.os.BinderProxy@c62e47c {symlab.cloudridar.arhud/symlab.ARHUD.MainActivity}} token= android.os.BinderProxy@c62e47c
11-28 13:29:21.935 27414 27414 I Poster  :  onStart() called.
11-28 13:29:21.936 27414 27414 D ZrHung.AppEyeUiProbe: notify runnable to start.
11-28 13:29:21.937 27414 27414 I Poster  :  onResume() called.
11-28 13:29:21.941 27414 27414 I PermissionManager: camera remind result:true
11-28 13:29:21.941 27414 27414 I Camera  : open camera: 0, package name: symlab.cloudridar.arhud
11-28 13:29:21.941 27414 27414 I BackgroundPermManager: pkgName: symlab.cloudridar.arhud,pid: 27414 ,uidOf3RdApk: 10147 ,permType: 0 ,permCfg: 1
11-28 13:29:21.942 27414 27414 I HwCameraUtil: notifySurfaceFlingerCameraStatus : isFront = false , isOpend = true
11-28 13:29:21.954 27414 27414 D ActivityThread: isOptEnabled=false isWechatScanOpt=false
11-28 13:29:21.956 27414 27414 I HwSecImmHelper: mSecurityInputMethodService is null
11-28 13:29:21.962 27414 27414 D OpenGLRenderer:   HWUI Binary is  enabled
11-28 13:29:21.978 27414 27476 D HiTouch_PressGestureDetector: onAttached, package=symlab.cloudridar.arhud, windowType=1, mHiTouchRestricted=false
11-28 13:29:21.987 27414 27475 I ConfigStore: android::hardware::configstore::V1_0::ISurfaceFlingerConfigs::hasWideColorDisplay retrieved: 0
11-28 13:29:21.987 27414 27475 I ConfigStore: android::hardware::configstore::V1_0::ISurfaceFlingerConfigs::hasHDRDisplay retrieved: 0
11-28 13:29:21.988 27414 27475 I iGraphics: [0020080c] pn: symlab.cloudridar.arhud, p: 27414
11-28 13:29:21.988 27414 27475 I OpenGLRenderer: Initialized EGL, version 1.4, mEglDisplay 0x1
11-28 13:29:21.988 27414 27475 D OpenGLRenderer: Swap behavior 2
11-28 13:29:21.997 27414 27475 D mali_winsys: EGLint new_window_surface(egl_winsys_display *, void *, EGLSurface, EGLConfig, egl_winsys_surface **, EGLBoolean) returns 0x3000
11-28 13:29:22.008 27414 27414 I Poster  :  surfaceCreated() called.
11-28 13:29:22.008 27414 27414 I Poster  : initPreview() called
11-28 13:29:22.013 27414 27414 I PermissionManager: camera remind result:true
11-28 13:29:22.019 27414 27414 I Poster  :  surfaceChanged() called.
11-28 13:29:22.033 27414 27414 W InputMethodManager: startInputReason = 1
11-28 13:29:22.044 27414 27414 W InputMethodManager: startInputReason = 5
11-28 13:29:22.305 27414 27457 D Evaluation: Frame 1 sent at 1.574940562305E12
11-28 13:29:22.335 27414 27457 D Evaluation: Frame 2 sent at 1.574940562335E12
11-28 13:29:22.372 27414 27457 D Evaluation: Frame 3 sent at 1.574940562372E12
11-28 13:29:22.405 27414 27457 D Evaluation: Frame 4 sent at 1.574940562405E12
11-28 13:29:22.440 27414 27457 D Evaluation: Frame 5 sent at 1.57494056244E12
11-28 13:29:22.495 27414 27457 D Evaluation: Frame 6 sent at 1.574940562495E12
11-28 13:29:22.518 27414 27457 D Evaluation: Frame 7 sent at 1.574940562518E12
11-28 13:29:22.557 27414 27457 D Evaluation: Frame 8 sent at 1.574940562556E12
11-28 13:29:22.589 27414 27457 D Evaluation: Frame 9 sent at 1.574940562588E12
11-28 13:29:22.623 27414 27457 D Evaluation: Frame 10 sent at 1.574940562623E12
11-28 13:29:22.658 27414 27457 D Evaluation: Frame 11 sent at 1.574940562657E12
11-28 13:29:22.687 27414 27457 D Evaluation: Frame 12 sent at 1.574940562686E12
11-28 13:29:22.719 27414 27457 D Evaluation: Frame 13 sent at 1.574940562719E12
11-28 13:29:22.757 27414 27425 E         : [ZeroHung]zrhung_get_config: Get config failed for wp[0x0008]
11-28 13:29:22.758 27414 27457 D Evaluation: Frame 14 sent at 1.574940562757E12
11-28 13:29:22.792 27414 27457 D Evaluation: Frame 15 sent at 1.574940562791E12
11-28 13:29:22.822 27414 27457 D Evaluation: Frame 16 sent at 1.574940562821E12
11-28 13:29:22.858 27414 27457 D Evaluation: Frame 17 sent at 1.574940562857E12
11-28 13:29:22.893 27414 27457 D Evaluation: Frame 18 sent at 1.574940562893E12
11-28 13:29:22.924 27414 27457 D Evaluation: Frame 19 sent at 1.574940562924E12
11-28 13:29:22.959 27414 27457 D Evaluation: Frame 20 sent at 1.574940562958E12
11-28 13:29:22.989 27414 27457 D Evaluation: Frame 21 sent at 1.574940562988E12
11-28 13:29:23.022 27414 27457 D Evaluation: Frame 22 sent at 1.574940563021E12
11-28 13:29:23.059 27414 27457 D Evaluation: Frame 23 sent at 1.574940563059E12
11-28 13:29:23.093 27414 27457 D Evaluation: Frame 24 sent at 1.574940563093E12
11-28 13:29:23.126 27414 27457 D Evaluation: Frame 25 sent at 1.574940563126E12
11-28 13:29:23.160 27414 27457 D Evaluation: Frame 26 sent at 1.57494056316E12
11-28 13:29:23.201 27414 27457 D Evaluation: Frame 27 sent at 1.5749405632E12
11-28 13:29:23.201 27414 27457 D Evaluation: Frame 6 received at 1.574940563201E12
11-28 13:29:23.201 27414 27457 D Evaluation: 2 res for frame 6 received at 1574940563201
11-28 13:29:23.237 27414 27457 D Evaluation: Frame 28 sent at 1.574940563236E12
11-28 13:29:23.283 27414 27457 D Evaluation: Frame 29 sent at 1.574940563282E12
11-28 13:29:23.321 27414 27457 D Evaluation: Frame 30 sent at 1.574940563321E12
11-28 13:29:23.341 27414 27457 D Evaluation: Frame 31 sent at 1.574940563341E12
11-28 13:29:23.364 27414 27457 D Evaluation: Frame 32 sent at 1.574940563363E12
11-28 13:29:23.403 27414 27457 D Evaluation: Frame 33 sent at 1.574940563402E12
11-28 13:29:23.486 27414 27457 D Evaluation: Frame 34 sent at 1.574940563486E12
11-28 13:29:23.491 27414 27414 D stylus  : init stylus touchlistener.
11-28 13:29:23.499 27414 27414 W Settings: Setting device_provisioned has moved from android.provider.Settings.Secure to android.provider.Settings.Global.
11-28 13:29:23.500 27414 27414 V HiTouch_HiTouchSensor: User setup is finished.
11-28 13:29:23.521 27414 27414 W HiTouch_PressGestureDetector: Touch pointer move a lot. The moving distance of X is:37.335693, limit is:60The moving distance of Y is:68.37399, limit is:60
11-28 13:29:23.537 27414 27457 D Evaluation: Frame 36 sent at 1.574940563536E12
11-28 13:29:23.558 27414 27457 D Evaluation: Frame 36 sent at 1.574940563558E12
11-28 13:29:23.576 27414 27457 D Evaluation: Frame 37 sent at 1.574940563576E12
11-28 13:29:23.605 27414 27457 D Evaluation: Frame 38 sent at 1.574940563604E12
11-28 13:29:23.648 27414 27457 D Evaluation: Frame 39 sent at 1.574940563648E12
11-28 13:29:23.667 27414 27457 D Evaluation: Frame 40 sent at 1.574940563667E12
11-28 13:29:23.699 27414 27457 D Evaluation: Frame 41 sent at 1.574940563698E12
11-28 13:29:23.732 27414 27457 D Evaluation: Frame 42 sent at 1.574940563732E12
11-28 13:29:23.768 27414 27457 D Evaluation: Frame 43 sent at 1.574940563767E12
11-28 13:29:23.804 27414 27457 D Evaluation: Frame 44 sent at 1.574940563803E12
11-28 13:29:23.841 27414 27457 D Evaluation: Frame 45 sent at 1.57494056384E12
11-28 13:29:23.874 27414 27457 D Evaluation: Frame 46 sent at 1.574940563874E12
11-28 13:29:23.908 27414 27457 D Evaluation: Frame 47 sent at 1.574940563908E12
11-28 13:29:23.941 27414 27457 D Evaluation: Frame 48 sent at 1.57494056394E12
11-28 13:29:23.974 27414 27425 E         : [ZeroHung]zrhung_get_config: Get config failed for wp[0x0008]
11-28 13:29:23.975 27414 27457 D Evaluation: Frame 49 sent at 1.574940563974E12
11-28 13:29:24.011 27414 27457 D Evaluation: Frame 50 sent at 1.574940564011E12
11-28 13:29:24.037 27414 27457 D Evaluation: Frame 51 sent at 1.574940564036E12
11-28 13:29:24.074 27414 27457 D Evaluation: Frame 52 sent at 1.574940564073E12
11-28 13:29:24.107 27414 27457 D Evaluation: Frame 53 sent at 1.574940564106E12
11-28 13:29:24.134 27414 27457 D Evaluation: Frame 54 sent at 1.574940564133E12
11-28 13:29:24.172 27414 27457 D Evaluation: Frame 55 sent at 1.574940564172E12
11-28 13:29:24.199 27414 27457 D Evaluation: Frame 56 sent at 1.574940564198E12
11-28 13:29:24.236 27414 27457 D Evaluation: Frame 57 sent at 1.574940564236E12
11-28 13:29:24.266 27414 27457 D Evaluation: Frame 58 sent at 1.574940564265E12
11-28 13:29:24.304 27414 27457 D Evaluation: Frame 59 sent at 1.574940564303E12
11-28 13:29:24.339 27414 27457 D Evaluation: Frame 60 sent at 1.574940564338E12
11-28 13:29:24.373 27414 27457 D Evaluation: Frame 61 sent at 1.574940564373E12
11-28 13:29:24.406 27414 27457 D Evaluation: Frame 62 sent at 1.574940564405E12
11-28 13:29:24.458 27414 27457 D Evaluation: Frame 63 sent at 1.574940564457E12
11-28 13:29:24.478 27414 27457 D Evaluation: Frame 64 sent at 1.574940564478E12
11-28 13:29:24.511 27414 27457 D Evaluation: Frame 65 sent at 1.57494056451E12
11-28 13:29:24.544 27414 27457 D Evaluation: Frame 66 sent at 1.574940564543E12
11-28 13:29:24.579 27414 27457 D Evaluation: Frame 67 sent at 1.574940564579E12
11-28 13:29:24.652 27414 27457 D Evaluation: Frame 68 sent at 1.574940564651E12
11-28 13:29:24.674 27414 27457 D Evaluation: Frame 69 sent at 1.574940564674E12
11-28 13:29:24.709 27414 27457 D Evaluation: Frame 70 sent at 1.574940564709E12
11-28 13:29:24.741 27414 27457 D Evaluation: Frame 71 sent at 1.57494056474E12
11-28 13:29:24.780 27414 27457 D Evaluation: Frame 72 sent at 1.574940564779E12
11-28 13:29:24.813 27414 27457 D Evaluation: Frame 73 sent at 1.574940564812E12
11-28 13:29:24.848 27414 27457 D Evaluation: Frame 74 sent at 1.574940564848E12
11-28 13:29:24.880 27414 27457 D Evaluation: Frame 75 sent at 1.574940564879E12
11-28 13:29:24.914 27414 27457 D Evaluation: Frame 76 sent at 1.574940564914E12
11-28 13:29:24.942 27414 27457 D Evaluation: Frame 77 sent at 1.574940564942E12
11-28 13:29:24.985 27414 27457 D Evaluation: Frame 78 sent at 1.574940564985E12
11-28 13:29:25.014 27414 27457 D Evaluation: Frame 79 sent at 1.574940565014E12
11-28 13:29:25.044 27414 27457 D Evaluation: Frame 80 sent at 1.574940565043E12
11-28 13:29:25.079 27414 27457 D Evaluation: Frame 81 sent at 1.574940565078E12
11-28 13:29:25.114 27414 27457 D Evaluation: Frame 82 sent at 1.574940565114E12
11-28 13:29:25.146 27414 27457 D Evaluation: Frame 83 sent at 1.574940565145E12
11-28 13:29:25.180 27414 27457 D Evaluation: Frame 84 sent at 1.57494056518E12
11-28 13:29:25.215 27414 27457 D Evaluation: Frame 85 sent at 1.574940565215E12
11-28 13:29:25.261 27414 27425 E         : [ZeroHung]zrhung_get_config: Get config failed for wp[0x0008]
11-28 13:29:25.262 27414 27457 D Evaluation: Frame 86 sent at 1.574940565261E12
11-28 13:29:25.283 27414 27457 D Evaluation: Frame 87 sent at 1.574940565283E12
11-28 13:29:25.317 27414 27457 D Evaluation: Frame 88 sent at 1.574940565316E12
11-28 13:29:25.348 27414 27457 D Evaluation: Frame 89 sent at 1.574940565347E12
11-28 13:29:25.382 27414 27457 D Evaluation: Frame 90 sent at 1.574940565382E12
11-28 13:29:25.414 27414 27457 D Evaluation: Frame 91 sent at 1.574940565414E12
11-28 13:29:25.449 27414 27457 D Evaluation: Frame 92 sent at 1.574940565449E12
11-28 13:29:25.484 27414 27457 D Evaluation: Frame 93 sent at 1.574940565483E12
11-28 13:29:25.521 27414 27457 D Evaluation: Frame 94 sent at 1.574940565521E12
11-28 13:29:25.552 27414 27457 D Evaluation: Frame 95 sent at 1.574940565552E12
11-28 13:29:25.584 27414 27457 D Evaluation: Frame 96 sent at 1.574940565583E12
11-28 13:29:25.620 27414 27457 D Evaluation: Frame 97 sent at 1.574940565619E12
11-28 13:29:25.655 27414 27457 D Evaluation: Frame 98 sent at 1.574940565655E12
11-28 13:29:25.685 27414 27457 D Evaluation: Frame 99 sent at 1.574940565684E12
11-28 13:29:25.721 27414 27457 D Evaluation: Frame 100 sent at 1.57494056572E12
11-28 13:29:25.755 27414 27457 D Evaluation: Frame 101 sent at 1.574940565754E12
11-28 13:29:25.806 27414 27457 D Evaluation: Frame 103 sent at 1.574940565805E12
11-28 13:29:25.824 27414 27457 D Evaluation: Frame 103 sent at 1.574940565824E12
11-28 13:29:25.854 27414 27457 D Evaluation: Frame 104 sent at 1.574940565854E12
11-28 13:29:25.887 27414 27457 D Evaluation: Frame 105 sent at 1.574940565886E12
11-28 13:29:25.955 27414 27457 D Evaluation: Frame 106 sent at 1.574940565954E12
11-28 13:29:25.991 27414 27457 D Evaluation: Frame 107 sent at 1.57494056599E12
11-28 13:29:26.023 27414 27457 D Evaluation: Frame 108 sent at 1.574940566022E12
11-28 13:29:26.055 27414 27457 D Evaluation: Frame 109 sent at 1.574940566054E12
11-28 13:29:26.090 27414 27457 D Evaluation: Frame 110 sent at 1.574940566089E12
11-28 13:29:26.123 27414 27457 D Evaluation: Frame 111 sent at 1.574940566122E12
11-28 13:29:26.159 27414 27457 D Evaluation: Frame 112 sent at 1.574940566159E12
11-28 13:29:26.193 27414 27457 D Evaluation: Frame 113 sent at 1.574940566192E12
11-28 13:29:26.223 27414 27457 D Evaluation: Frame 114 sent at 1.574940566223E12
11-28 13:29:26.259 27414 27457 D Evaluation: Frame 115 sent at 1.574940566258E12
11-28 13:29:26.292 27414 27457 D Evaluation: Frame 116 sent at 1.574940566292E12
11-28 13:29:26.338 27414 27457 D Evaluation: Frame 117 sent at 1.574940566337E12
11-28 13:29:26.358 27414 27457 D Evaluation: Frame 118 sent at 1.574940566358E12
11-28 13:29:26.392 27414 27457 D Evaluation: Frame 119 sent at 1.574940566391E12
11-28 13:29:26.423 27414 27425 E         : [ZeroHung]zrhung_get_config: Get config failed for wp[0x0008]
11-28 13:29:26.424 27414 27457 D Evaluation: Frame 120 sent at 1.574940566423E12
11-28 13:29:26.459 27414 27457 D Evaluation: Frame 121 sent at 1.574940566458E12
11-28 13:29:26.493 27414 27457 D Evaluation: Frame 122 sent at 1.574940566492E12
11-28 13:29:26.529 27414 27457 D Evaluation: Frame 123 sent at 1.574940566529E12
11-28 13:29:26.560 27414 27457 D Evaluation: Frame 124 sent at 1.57494056656E12
11-28 13:29:26.596 27414 27457 D Evaluation: Frame 125 sent at 1.574940566596E12
11-28 13:29:26.628 27414 27457 D Evaluation: Frame 126 sent at 1.574940566627E12
11-28 13:29:26.664 27414 27457 D Evaluation: Frame 127 sent at 1.574940566664E12
11-28 13:29:26.695 27414 27457 D Evaluation: Frame 128 sent at 1.574940566694E12
11-28 13:29:26.725 27414 27457 D Evaluation: Frame 129 sent at 1.574940566725E12
11-28 13:29:26.757 27414 27457 D Evaluation: Frame 130 sent at 1.574940566757E12
11-28 13:29:26.793 27414 27457 D Evaluation: Frame 131 sent at 1.574940566793E12
11-28 13:29:26.825 27414 27457 D Evaluation: Frame 132 sent at 1.574940566824E12
11-28 13:29:26.867 27414 27414 I AwareBitmapCacher: init lrucache size: 2097152 pid=27414
11-28 13:29:26.875 27414 27457 D Evaluation: Frame 133 sent at 1.574940566874E12
11-28 13:29:26.896 27414 27457 D Evaluation: Frame 134 sent at 1.574940566895E12
11-28 13:29:26.930 27414 27457 D Evaluation: Frame 135 sent at 1.574940566929E12
11-28 13:29:26.961 27414 27457 D Evaluation: Frame 136 sent at 1.574940566961E12
11-28 13:29:26.997 27414 27457 D Evaluation: Frame 137 sent at 1.574940566997E12
11-28 13:29:27.027 27414 27457 D Evaluation: Frame 138 sent at 1.574940567026E12
11-28 13:29:27.063 27414 27457 D Evaluation: Frame 139 sent at 1.574940567062E12
11-28 13:29:27.098 27414 27457 D Evaluation: Frame 140 sent at 1.574940567097E12
11-28 13:29:27.135 27414 27457 D Evaluation: Frame 141 sent at 1.574940567135E12
11-28 13:29:27.165 27414 27457 D Evaluation: Frame 142 sent at 1.574940567164E12
11-28 13:29:27.236 27414 27457 D Evaluation: Frame 143 sent at 1.574940567235E12
11-28 13:29:27.267 27414 27457 D Evaluation: Frame 144 sent at 1.574940567266E12
11-28 13:29:27.301 27414 27457 D Evaluation: Frame 145 sent at 1.5749405673E12
11-28 13:29:27.336 27414 27457 D Evaluation: Frame 146 sent at 1.574940567335E12
11-28 13:29:27.407 27414 27457 D Evaluation: Frame 147 sent at 1.574940567406E12
11-28 13:29:27.431 27414 27457 D Evaluation: Frame 148 sent at 1.57494056743E12
11-28 13:29:27.467 27414 27457 D Evaluation: Frame 149 sent at 1.574940567465E12
11-28 13:29:27.501 27414 27457 D Evaluation: Frame 150 sent at 1.5749405675E12
11-28 13:29:27.535 27414 27457 D Evaluation: Frame 151 sent at 1.574940567534E12
11-28 13:29:27.569 27414 27457 D Evaluation: Frame 152 sent at 1.574940567568E12
11-28 13:29:27.601 27414 27457 D Evaluation: Frame 153 sent at 1.5749405676E12
11-28 13:29:27.638 27414 27425 E         : [ZeroHung]zrhung_get_config: Get config failed for wp[0x0008]
11-28 13:29:27.639 27414 27457 D Evaluation: Frame 154 sent at 1.574940567638E12
11-28 13:29:27.714 27414 27457 D Evaluation: Frame 155 sent at 1.574940567713E12
11-28 13:29:27.733 27414 27457 D Evaluation: Frame 156 sent at 1.574940567732E12
11-28 13:29:27.763 27414 27457 D Evaluation: Frame 157 sent at 1.574940567763E12
11-28 13:29:27.802 27414 27457 D Evaluation: Frame 158 sent at 1.574940567801E12
11-28 13:29:27.836 27414 27457 D Evaluation: Frame 159 sent at 1.574940567836E12
11-28 13:29:27.871 27414 27457 D Evaluation: Frame 160 sent at 1.57494056787E12
11-28 13:29:27.904 27414 27457 D Evaluation: Frame 161 sent at 1.574940567903E12
11-28 13:29:27.937 27414 27457 D Evaluation: Frame 162 sent at 1.574940567937E12
11-28 13:29:27.971 27414 27457 D Evaluation: Frame 163 sent at 1.574940567971E12
11-28 13:29:28.015 27414 27457 D Evaluation: Frame 164 sent at 1.574940568014E12
11-28 13:29:28.044 27414 27457 D Evaluation: Frame 165 sent at 1.574940568043E12
11-28 13:29:28.082 27414 27457 D Evaluation: Frame 166 sent at 1.574940568081E12
11-28 13:29:28.121 27414 27457 D Evaluation: Frame 167 sent at 1.57494056812E12
11-28 13:29:28.150 27414 27457 D Evaluation: Frame 168 sent at 1.574940568149E12
11-28 13:29:28.182 27414 27457 D Evaluation: Frame 169 sent at 1.574940568182E12
11-28 13:29:28.228 27414 27457 D Evaluation: Frame 170 sent at 1.574940568227E12
11-28 13:29:28.271 27414 27457 D Evaluation: Frame 171 sent at 1.57494056827E12
11-28 13:29:28.310 27414 27457 D Evaluation: Frame 173 sent at 1.574940568309E12
11-28 13:29:28.335 27414 27457 D Evaluation: Frame 174 sent at 1.574940568334E12
11-28 13:29:28.356 27414 27457 D Evaluation: Frame 174 sent at 1.574940568356E12
11-28 13:29:28.382 27414 27457 D Evaluation: Frame 175 sent at 1.574940568381E12
11-28 13:29:28.418 27414 27457 D Evaluation: Frame 176 sent at 1.574940568417E12
11-28 13:29:28.445 27414 27457 D Evaluation: Frame 177 sent at 1.574940568445E12
11-28 13:29:28.488 27414 27457 D Evaluation: Frame 178 sent at 1.574940568487E12
11-28 13:29:28.518 27414 27457 D Evaluation: Frame 179 sent at 1.574940568518E12
11-28 13:29:28.601 27414 27457 D Evaluation: Frame 180 sent at 1.5749405686E12
11-28 13:29:28.635 27414 27457 D Evaluation: Frame 182 sent at 1.574940568635E12
11-28 13:29:28.657 27414 27457 D Evaluation: Frame 182 sent at 1.574940568656E12
11-28 13:29:28.692 27414 27457 D Evaluation: Frame 183 sent at 1.574940568691E12
11-28 13:29:28.717 27414 27457 D Evaluation: Frame 184 sent at 1.574940568716E12
11-28 13:29:28.752 27414 27457 D Evaluation: Frame 185 sent at 1.574940568751E12
11-28 13:29:28.789 27414 27457 D Evaluation: Frame 186 sent at 1.574940568789E12
11-28 13:29:28.819 27414 27457 D Evaluation: Frame 187 sent at 1.574940568819E12
11-28 13:29:28.859 27414 27457 D Evaluation: Frame 188 sent at 1.574940568859E12
11-28 13:29:28.949 27414 27425 E         : [ZeroHung]zrhung_get_config: Get config failed for wp[0x0008]
11-28 13:29:28.951 27414 27457 D Evaluation: Frame 190 sent at 1.574940568949E12
11-28 13:29:28.978 27414 27457 D Evaluation: Frame 191 sent at 1.574940568977E12
11-28 13:29:28.998 27414 27457 D Evaluation: Frame 192 sent at 1.574940568998E12
11-28 13:29:29.013 27414 27457 D Evaluation: Frame 192 sent at 1.574940569012E12
11-28 13:29:29.049 27414 27457 D Evaluation: Frame 193 sent at 1.574940569049E12
11-28 13:29:29.091 27414 27457 D Evaluation: Frame 194 sent at 1.57494056909E12
11-28 13:29:29.119 27414 27457 D Evaluation: Frame 195 sent at 1.574940569118E12
11-28 13:29:29.167 27414 27457 D Evaluation: Frame 196 sent at 1.574940569166E12
11-28 13:29:29.210 27414 27457 D Evaluation: Frame 198 sent at 1.574940569209E12
11-28 13:29:29.235 27414 27457 D Evaluation: Frame 198 sent at 1.574940569234E12
11-28 13:29:29.296 27414 27457 D Evaluation: Frame 199 sent at 1.574940569295E12
11-28 13:29:29.322 27414 27457 D Evaluation: Frame 200 sent at 1.574940569322E12
11-28 13:29:29.368 27414 27457 D Evaluation: Frame 201 sent at 1.574940569367E12
11-28 13:29:29.397 27414 27457 D Evaluation: Frame 202 sent at 1.574940569396E12
11-28 13:29:29.434 27414 27457 D Evaluation: Frame 203 sent at 1.574940569433E12
11-28 13:29:29.461 27414 27457 D Evaluation: Frame 204 sent at 1.574940569461E12
11-28 13:29:29.495 27414 27457 D Evaluation: Frame 205 sent at 1.574940569495E12
11-28 13:29:29.538 27414 27457 D Evaluation: Frame 206 sent at 1.574940569537E12
11-28 13:29:29.565 27414 27457 D Evaluation: Frame 207 sent at 1.574940569565E12
11-28 13:29:29.601 27414 27457 D Evaluation: Frame 208 sent at 1.5749405696E12
11-28 13:29:29.635 27414 27457 D Evaluation: Frame 209 sent at 1.574940569635E12
11-28 13:29:29.664 27414 27457 D Evaluation: Frame 210 sent at 1.574940569664E12
11-28 13:29:29.701 27414 27457 D Evaluation: Frame 211 sent at 1.5749405697E12
11-28 13:29:29.740 27414 27457 D Evaluation: Frame 213 sent at 1.574940569739E12
11-28 13:29:29.761 27414 27457 D Evaluation: Frame 213 sent at 1.574940569761E12
11-28 13:29:29.797 27414 27457 D Evaluation: Frame 214 sent at 1.574940569796E12
11-28 13:29:29.833 27414 27457 D Evaluation: Frame 215 sent at 1.574940569831E12
11-28 13:29:29.863 27414 27457 D Evaluation: Frame 216 sent at 1.574940569862E12
11-28 13:29:29.906 27414 27457 D Evaluation: Frame 217 sent at 1.574940569905E12
11-28 13:29:29.944 27414 27457 D Evaluation: Frame 219 sent at 1.574940569944E12
11-28 13:29:29.967 27414 27457 D Evaluation: Frame 219 sent at 1.574940569966E12
11-28 13:29:30.002 27414 27457 D Evaluation: Frame 220 sent at 1.574940570001E12
11-28 13:29:30.032 27414 27457 D Evaluation: Frame 221 sent at 1.574940570031E12
11-28 13:29:30.071 27414 27457 D Evaluation: Frame 222 sent at 1.57494057007E12
11-28 13:29:30.094 27414 27457 D Evaluation: Frame 223 sent at 1.574940570094E12
11-28 13:29:30.138 27414 27457 D Evaluation: Frame 224 sent at 1.574940570137E12
11-28 13:29:30.168 27414 27457 D Evaluation: Frame 225 sent at 1.574940570168E12
11-28 13:29:30.169 27414 27425 E         : [ZeroHung]zrhung_get_config: Get config failed for wp[0x0008]
11-28 13:29:30.200 27414 27457 D Evaluation: Frame 226 sent at 1.574940570199E12
11-28 13:29:30.235 27414 27457 D Evaluation: Frame 227 sent at 1.574940570234E12
11-28 13:29:30.264 27414 27457 D Evaluation: Frame 228 sent at 1.574940570264E12
11-28 13:29:30.300 27414 27457 D Evaluation: Frame 229 sent at 1.574940570299E12
11-28 13:29:30.332 27414 27457 D Evaluation: Frame 230 sent at 1.574940570331E12
11-28 13:29:30.381 27414 27457 D Evaluation: Frame 232 sent at 1.574940570381E12
11-28 13:29:30.402 27414 27457 D Evaluation: Frame 232 sent at 1.574940570401E12
11-28 13:29:30.431 27414 27457 D Evaluation: Frame 233 sent at 1.574940570431E12
11-28 13:29:30.471 27414 27457 D Evaluation: Frame 234 sent at 1.57494057047E12
11-28 13:29:30.494 27414 27457 D Evaluation: Frame 235 sent at 1.574940570494E12
11-28 13:29:30.538 27414 27457 D Evaluation: Frame 236 sent at 1.574940570538E12
11-28 13:29:30.572 27414 27457 D Evaluation: Frame 237 sent at 1.574940570572E12
11-28 13:29:30.605 27414 27457 D Evaluation: Frame 238 sent at 1.574940570604E12
11-28 13:29:30.637 27414 27457 D Evaluation: Frame 239 sent at 1.574940570636E12
11-28 13:29:30.673 27414 27457 D Evaluation: Frame 240 sent at 1.574940570673E12
11-28 13:29:30.702 27414 27457 D Evaluation: Frame 241 sent at 1.574940570701E12
11-28 13:29:30.780 27414 27457 D Evaluation: Frame 242 sent at 1.574940570779E12
11-28 13:29:30.806 27414 27457 D Evaluation: Frame 243 sent at 1.574940570805E12
11-28 13:29:30.835 27414 27457 D Evaluation: Frame 244 sent at 1.574940570834E12
11-28 13:29:30.875 27414 27457 D Evaluation: Frame 245 sent at 1.574940570874E12
11-28 13:29:30.905 27414 27457 D Evaluation: Frame 246 sent at 1.574940570905E12
11-28 13:29:30.939 27414 27457 D Evaluation: Frame 247 sent at 1.574940570939E12
11-28 13:29:30.972 27414 27457 D Evaluation: Frame 248 sent at 1.57494057097E12
11-28 13:29:31.016 27414 27457 D Evaluation: Frame 250 sent at 1.574940571016E12
11-28 13:29:31.030 27414 27457 D Evaluation: Frame 250 sent at 1.574940571029E12
11-28 13:29:31.058 27414 27457 D Evaluation: Frame 251 sent at 1.574940571058E12
11-28 13:29:31.101 27414 27457 D Evaluation: Frame 252 sent at 1.5749405711E12
11-28 13:29:31.140 27414 27457 D Evaluation: Frame 253 sent at 1.574940571139E12
11-28 13:29:31.177 27414 27457 D Evaluation: Frame 254 sent at 1.574940571177E12
11-28 13:29:31.215 27414 27457 D Evaluation: Frame 255 sent at 1.574940571214E12
11-28 13:29:31.240 27414 27457 D Evaluation: Frame 256 sent at 1.574940571239E12
11-28 13:29:31.325 27414 27457 D Evaluation: Frame 257 sent at 1.574940571324E12
11-28 13:29:31.362 27414 27457 D Evaluation: Frame 258 sent at 1.574940571361E12
11-28 13:29:31.400 27414 27457 D Evaluation: Frame 260 sent at 1.5749405714E12
11-28 13:29:31.424 27414 27457 D Evaluation: Frame 261 sent at 1.574940571423E12
11-28 13:29:31.447 27414 27457 D Evaluation: Frame 261 sent at 1.574940571446E12
11-28 13:29:31.475 27414 27457 D Evaluation: Frame 262 sent at 1.574940571474E12
11-28 13:29:31.508 27414 27425 E         : [ZeroHung]zrhung_get_config: Get config failed for wp[0x0008]
11-28 13:29:31.508 27414 27457 D Evaluation: Frame 263 sent at 1.574940571508E12
11-28 13:29:31.533 27414 27457 D Evaluation: Frame 264 sent at 1.574940571532E12
11-28 13:29:31.575 27414 27457 D Evaluation: Frame 265 sent at 1.574940571575E12
11-28 13:29:31.605 27414 27457 D Evaluation: Frame 266 sent at 1.574940571605E12
11-28 13:29:31.641 27414 27457 D Evaluation: Frame 267 sent at 1.57494057164E12
11-28 13:29:31.679 27414 27457 D Evaluation: Frame 268 sent at 1.574940571678E12
11-28 13:29:31.721 27414 27457 D Evaluation: Frame 269 sent at 1.57494057172E12
11-28 13:29:31.755 27414 27457 D Evaluation: Frame 271 sent at 1.574940571755E12
11-28 13:29:31.781 27414 27457 D Evaluation: Frame 271 sent at 1.57494057178E12
11-28 13:29:31.808 27414 27457 D Evaluation: Frame 272 sent at 1.574940571807E12
11-28 13:29:31.845 27414 27457 D Evaluation: Frame 273 sent at 1.574940571844E12
11-28 13:29:31.883 27414 27457 D Evaluation: Frame 274 sent at 1.574940571882E12
11-28 13:29:31.926 27414 27457 D Evaluation: Frame 275 sent at 1.574940571925E12
11-28 13:29:31.960 27414 27457 D Evaluation: Frame 276 sent at 1.57494057196E12
11-28 13:29:31.996 27414 27457 D Evaluation: Frame 278 sent at 1.574940571996E12
11-28 13:29:32.019 27414 27457 D Evaluation: Frame 278 sent at 1.574940572018E12
11-28 13:29:32.049 27414 27457 D Evaluation: Frame 279 sent at 1.574940572048E12
11-28 13:29:32.073 27414 27457 D Evaluation: Frame 280 sent at 1.574940572072E12
11-28 13:29:32.107 27414 27457 D Evaluation: Frame 281 sent at 1.574940572107E12
11-28 13:29:32.157 27414 27457 D Evaluation: Frame 282 sent at 1.574940572156E12
11-28 13:29:32.185 27414 27457 D Evaluation: Frame 283 sent at 1.574940572185E12
11-28 13:29:32.216 27414 27457 D Evaluation: Frame 284 sent at 1.574940572215E12
11-28 13:29:32.256 27414 27457 D Evaluation: Frame 285 sent at 1.574940572255E12
11-28 13:29:32.282 27414 27457 D Evaluation: Frame 286 sent at 1.574940572282E12
11-28 13:29:32.316 27414 27457 D Evaluation: Frame 287 sent at 1.574940572316E12
11-28 13:29:32.350 27414 27457 D Evaluation: Frame 288 sent at 1.574940572349E12
11-28 13:29:32.384 27414 27457 D Evaluation: Frame 289 sent at 1.574940572383E12
11-28 13:29:32.428 27414 27457 D Evaluation: Frame 291 sent at 1.574940572428E12
11-28 13:29:32.449 27414 27457 D Evaluation: Frame 291 sent at 1.574940572449E12
11-28 13:29:32.485 27414 27457 D Evaluation: Frame 292 sent at 1.574940572484E12
11-28 13:29:32.515 27414 27457 D Evaluation: Frame 293 sent at 1.574940572515E12
11-28 13:29:32.551 27414 27457 D Evaluation: Frame 294 sent at 1.57494057255E12
11-28 13:29:32.583 27414 27457 D Evaluation: Frame 295 sent at 1.574940572582E12
11-28 13:29:32.620 27414 27457 D Evaluation: Frame 296 sent at 1.574940572619E12
11-28 13:29:32.657 27414 27457 D Evaluation: Frame 297 sent at 1.574940572656E12
11-28 13:29:32.687 27414 27457 D Evaluation: Frame 298 sent at 1.574940572686E12
11-28 13:29:32.721 27414 27457 D Evaluation: Frame 299 sent at 1.57494057272E12
11-28 13:29:32.756 27414 27425 E         : [ZeroHung]zrhung_get_config: Get config failed for wp[0x0008]
11-28 13:29:32.756 27414 27457 D Evaluation: Frame 300 sent at 1.574940572756E12
11-28 13:29:32.784 27414 27457 D Evaluation: Frame 301 sent at 1.574940572784E12
11-28 13:29:32.818 27414 27457 D Evaluation: Frame 302 sent at 1.574940572817E12
11-28 13:29:32.859 27414 27457 D Evaluation: Frame 303 sent at 1.574940572858E12
11-28 13:29:32.893 27414 27457 D Evaluation: Frame 304 sent at 1.574940572892E12
11-28 13:29:32.921 27414 27457 D Evaluation: Frame 305 sent at 1.57494057292E12
11-28 13:29:32.960 27414 27457 D Evaluation: Frame 306 sent at 1.57494057296E12
11-28 13:29:32.998 27414 27457 D Evaluation: Frame 307 sent at 1.574940572996E12
11-28 13:29:33.021 27414 27457 D Evaluation: Frame 308 sent at 1.574940573021E12
11-28 13:29:33.060 27414 27457 D Evaluation: Frame 309 sent at 1.574940573059E12
11-28 13:29:33.087 27414 27457 D Evaluation: Frame 310 sent at 1.574940573087E12
11-28 13:29:33.116 27414 27457 D Evaluation: Frame 311 sent at 1.574940573115E12
11-28 13:29:33.154 27414 27457 D Evaluation: Frame 312 sent at 1.574940573153E12
11-28 13:29:33.195 27414 27457 D Evaluation: Frame 313 sent at 1.574940573194E12
11-28 13:29:33.225 27414 27457 D Evaluation: Frame 314 sent at 1.574940573224E12
11-28 13:29:33.267 27414 27457 D Evaluation: Frame 315 sent at 1.574940573266E12
11-28 13:29:33.293 27414 27457 D Evaluation: Frame 316 sent at 1.574940573293E12
11-28 13:29:33.322 27414 27457 D Evaluation: Frame 317 sent at 1.574940573321E12
11-28 13:29:33.360 27414 27457 D Evaluation: Frame 318 sent at 1.574940573359E12
11-28 13:29:33.397 27414 27457 D Evaluation: Frame 319 sent at 1.574940573396E12
11-28 13:29:33.437 27414 27457 D Evaluation: Frame 321 sent at 1.574940573436E12
11-28 13:29:33.458 27414 27457 D Evaluation: Frame 321 sent at 1.574940573458E12
11-28 13:29:33.495 27414 27457 D Evaluation: Frame 322 sent at 1.57494057349E12
11-28 13:29:33.523 27414 27457 D Evaluation: Frame 323 sent at 1.574940573523E12
11-28 13:29:33.565 27414 27457 D Evaluation: Frame 324 sent at 1.574940573565E12
11-28 13:29:33.590 27414 27457 D Evaluation: Frame 325 sent at 1.574940573589E12
11-28 13:29:33.624 27414 27457 D Evaluation: Frame 326 sent at 1.574940573623E12
11-28 13:29:33.664 27414 27457 D Evaluation: Frame 327 sent at 1.574940573663E12
11-28 13:29:33.695 27414 27457 D Evaluation: Frame 328 sent at 1.574940573695E12
11-28 13:29:33.730 27414 27457 D Evaluation: Frame 329 sent at 1.574940573729E12
11-28 13:29:33.780 27414 27457 D Evaluation: Frame 331 sent at 1.574940573779E12
11-28 13:29:33.804 27414 27457 D Evaluation: Frame 331 sent at 1.574940573803E12
11-28 13:29:33.828 27414 27457 D Evaluation: Frame 332 sent at 1.574940573828E12
11-28 13:29:33.858 27414 27425 E         : [ZeroHung]zrhung_get_config: Get config failed for wp[0x0008]
11-28 13:29:33.859 27414 27457 D Evaluation: Frame 333 sent at 1.574940573858E12
11-28 13:29:33.896 27414 27457 D Evaluation: Frame 334 sent at 1.574940573896E12
11-28 13:29:33.931 27414 27457 D Evaluation: Frame 335 sent at 1.57494057393E12
11-28 13:29:33.964 27414 27457 D Evaluation: Frame 336 sent at 1.574940573963E12
11-28 13:29:34.005 27414 27457 D Evaluation: Frame 337 sent at 1.574940574004E12
11-28 13:29:34.033 27414 27457 D Evaluation: Frame 338 sent at 1.574940574032E12
11-28 13:29:34.063 27414 27457 D Evaluation: Frame 339 sent at 1.574940574062E12
11-28 13:29:34.101 27414 27457 D Evaluation: Frame 340 sent at 1.5749405741E12
11-28 13:29:34.131 27414 27457 D Evaluation: Frame 341 sent at 1.574940574131E12
11-28 13:29:34.165 27414 27457 D Evaluation: Frame 342 sent at 1.574940574164E12
11-28 13:29:34.199 27414 27457 D Evaluation: Frame 343 sent at 1.574940574198E12
11-28 13:29:34.244 27414 27457 D Evaluation: Frame 345 sent at 1.574940574242E12
11-28 13:29:34.267 27414 27457 D Evaluation: Frame 345 sent at 1.574940574267E12
11-28 13:29:34.302 27414 27457 D Evaluation: Frame 346 sent at 1.574940574301E12
11-28 13:29:34.335 27414 27457 D Evaluation: Frame 347 sent at 1.574940574335E12
11-28 13:29:34.369 27414 27457 D Evaluation: Frame 348 sent at 1.574940574368E12
11-28 13:29:34.408 27414 27457 D Evaluation: Frame 349 sent at 1.574940574408E12
11-28 13:29:34.434 27414 27457 D Evaluation: Frame 350 sent at 1.574940574433E12
11-28 13:29:34.463 27414 27457 D Evaluation: Frame 351 sent at 1.574940574462E12
11-28 13:29:34.536 27414 27457 D Evaluation: Frame 353 sent at 1.574940574535E12
11-28 13:29:34.562 27414 27457 D Evaluation: Frame 354 sent at 1.574940574562E12
11-28 13:29:34.582 27414 27457 D Evaluation: Frame 355 sent at 1.574940574581E12
11-28 13:29:34.599 27414 27457 D Evaluation: Frame 355 sent at 1.574940574599E12
11-28 13:29:34.625 27414 27457 D Evaluation: Frame 356 sent at 1.574940574625E12
11-28 13:29:34.672 27414 27457 D Evaluation: Frame 357 sent at 1.574940574671E12
11-28 13:29:34.700 27414 27457 D Evaluation: Frame 358 sent at 1.5749405747E12
11-28 13:29:34.744 27414 27457 D Evaluation: Frame 359 sent at 1.574940574744E12
11-28 13:29:34.774 27414 27457 D Evaluation: Frame 360 sent at 1.574940574773E12
11-28 13:29:34.798 27414 27457 D Evaluation: Frame 361 sent at 1.574940574797E12
11-28 13:29:34.838 27414 27457 D Evaluation: Frame 362 sent at 1.574940574837E12
11-28 13:29:34.875 27414 27457 D Evaluation: Frame 363 sent at 1.574940574874E12
11-28 13:29:34.901 27414 27457 D Evaluation: Frame 364 sent at 1.5749405749E12
11-28 13:29:34.935 27414 27457 D Evaluation: Frame 365 sent at 1.574940574935E12
11-28 13:29:34.971 27414 27457 D Evaluation: Frame 366 sent at 1.574940574971E12
11-28 13:29:35.008 27414 27457 D Evaluation: Frame 367 sent at 1.574940575007E12
11-28 13:29:35.026 27414 27457 D Evaluation: Frame 368 sent at 1.574940575026E12
11-28 13:29:35.072 27414 27425 E         : [ZeroHung]zrhung_get_config: Get config failed for wp[0x0008]
11-28 13:29:35.072 27414 27457 D Evaluation: Frame 369 sent at 1.574940575071E12
11-28 13:29:35.111 27414 27457 D Evaluation: Frame 370 sent at 1.57494057511E12
11-28 13:29:35.134 27414 27457 D Evaluation: Frame 371 sent at 1.574940575133E12
11-28 13:29:35.170 27414 27457 D Evaluation: Frame 372 sent at 1.574940575169E12
11-28 13:29:35.198 27414 27457 D Evaluation: Frame 373 sent at 1.574940575197E12
11-28 13:29:35.244 27414 27457 D Evaluation: Frame 374 sent at 1.574940575243E12
11-28 13:29:35.273 27414 27457 D Evaluation: Frame 375 sent at 1.574940575272E12
11-28 13:29:35.308 27414 27457 D Evaluation: Frame 376 sent at 1.574940575307E12
11-28 13:29:35.341 27414 27457 D Evaluation: Frame 377 sent at 1.574940575341E12
11-28 13:29:35.388 27414 27457 D Evaluation: Frame 378 sent at 1.574940575388E12
11-28 13:29:35.418 27414 27457 D Evaluation: Frame 380 sent at 1.574940575418E12
11-28 13:29:35.441 27414 27457 D Evaluation: Frame 380 sent at 1.57494057544E12
11-28 13:29:35.472 27414 27457 D Evaluation: Frame 381 sent at 1.574940575472E12
11-28 13:29:35.502 27414 27457 D Evaluation: Frame 382 sent at 1.574940575502E12
11-28 13:29:35.541 27414 27457 D Evaluation: Frame 383 sent at 1.57494057554E12
11-28 13:29:35.570 27414 27457 D Evaluation: Frame 384 sent at 1.57494057557E12
11-28 13:29:35.616 27414 27457 D Evaluation: Frame 385 sent at 1.574940575615E12
11-28 13:29:35.646 27414 27457 D Evaluation: Frame 386 sent at 1.574940575645E12
11-28 13:29:35.686 27414 27457 D Evaluation: Frame 387 sent at 1.574940575685E12
11-28 13:29:35.715 27414 27457 D Evaluation: Frame 388 sent at 1.574940575713E12
11-28 13:29:35.753 27414 27457 D Evaluation: Frame 389 sent at 1.574940575753E12
11-28 13:29:35.771 27414 27457 D Evaluation: Frame 390 sent at 1.57494057577E12
11-28 13:29:35.804 27414 27457 D Evaluation: Frame 391 sent at 1.574940575803E12
11-28 13:29:35.837 27414 27457 D Evaluation: Frame 392 sent at 1.574940575836E12
11-28 13:29:35.888 27414 27457 D Evaluation: Frame 393 sent at 1.574940575887E12
11-28 13:29:35.911 27414 27457 D Evaluation: Frame 394 sent at 1.574940575911E12
11-28 13:29:35.939 27414 27457 D Evaluation: Frame 395 sent at 1.574940575939E12
11-28 13:29:35.977 27414 27457 D Evaluation: Frame 396 sent at 1.574940575977E12
11-28 13:29:36.020 27414 27457 D Evaluation: Frame 397 sent at 1.57494057602E12
11-28 13:29:36.047 27414 27457 D Evaluation: Frame 398 sent at 1.574940576046E12
11-28 13:29:36.077 27414 27457 D Evaluation: Frame 399 sent at 1.574940576077E12
11-28 13:29:36.107 27414 27457 D Evaluation: Frame 400 sent at 1.574940576107E12
11-28 13:29:36.144 27414 27457 D Evaluation: Frame 401 sent at 1.574940576144E12
11-28 13:29:36.179 27414 27457 D Evaluation: Frame 402 sent at 1.574940576178E12
11-28 13:29:36.219 27414 27457 D Evaluation: Frame 403 sent at 1.574940576218E12
11-28 13:29:36.245 27414 27457 D Evaluation: Frame 404 sent at 1.574940576244E12
11-28 13:29:36.286 27414 27457 D Evaluation: Frame 405 sent at 1.574940576285E12
11-28 13:29:36.318 27414 27425 E         : [ZeroHung]zrhung_get_config: Get config failed for wp[0x0008]
11-28 13:29:36.318 27414 27457 D Evaluation: Frame 406 sent at 1.574940576318E12
11-28 13:29:36.355 27414 27457 D Evaluation: Frame 407 sent at 1.574940576355E12
11-28 13:29:36.378 27414 27457 D Evaluation: Frame 408 sent at 1.574940576377E12
11-28 13:29:36.424 27414 27457 D Evaluation: Frame 409 sent at 1.574940576424E12
11-28 13:29:36.458 27414 27457 D Evaluation: Frame 410 sent at 1.574940576457E12
11-28 13:29:36.485 27414 27457 D Evaluation: Frame 411 sent at 1.574940576484E12
11-28 13:29:36.516 27414 27457 D Evaluation: Frame 412 sent at 1.574940576515E12
11-28 13:29:36.558 27414 27457 D Evaluation: Frame 413 sent at 1.574940576557E12
11-28 13:29:36.589 27414 27457 D Evaluation: Frame 414 sent at 1.574940576588E12
11-28 13:29:36.622 27414 27457 D Evaluation: Frame 415 sent at 1.574940576622E12
11-28 13:29:36.662 27414 27457 D Evaluation: Frame 417 sent at 1.574940576661E12
11-28 13:29:36.685 27414 27457 D Evaluation: Frame 417 sent at 1.574940576685E12
11-28 13:29:36.725 27414 27457 D Evaluation: Frame 418 sent at 1.574940576724E12
11-28 13:29:36.756 27414 27457 D Evaluation: Frame 419 sent at 1.574940576755E12
11-28 13:29:36.784 27414 27457 D Evaluation: Frame 420 sent at 1.574940576784E12
11-28 13:29:36.822 27414 27457 D Evaluation: Frame 421 sent at 1.574940576821E12
11-28 13:29:36.875 27414 27457 D Evaluation: Frame 422 sent at 1.574940576875E12
11-28 13:29:36.902 27414 27457 D Evaluation: Frame 424 sent at 1.574940576901E12
11-28 13:29:36.923 27414 27457 D Evaluation: Frame 424 sent at 1.574940576922E12
11-28 13:29:36.951 27414 27457 D Evaluation: Frame 425 sent at 1.57494057695E12
11-28 13:29:36.985 27414 27457 D Evaluation: Frame 426 sent at 1.574940576984E12
11-28 13:29:37.028 27414 27457 D Evaluation: Frame 428 sent at 1.574940577026E12
11-28 13:29:37.048 27414 27457 D Evaluation: Frame 428 sent at 1.574940577048E12
11-28 13:29:37.078 27414 27457 D Evaluation: Frame 429 sent at 1.574940577077E12
11-28 13:29:37.115 27414 27457 D Evaluation: Frame 430 sent at 1.574940577114E12
11-28 13:29:37.146 27414 27457 D Evaluation: Frame 431 sent at 1.574940577145E12
11-28 13:29:37.192 27414 27457 D Evaluation: Frame 432 sent at 1.574940577191E12
11-28 13:29:37.216 27414 27457 D Evaluation: Frame 433 sent at 1.574940577215E12
11-28 13:29:37.254 27414 27457 D Evaluation: Frame 434 sent at 1.574940577254E12
11-28 13:29:37.290 27414 27457 D Evaluation: Frame 435 sent at 1.574940577289E12
11-28 13:29:37.320 27414 27457 D Evaluation: Frame 436 sent at 1.574940577319E12
11-28 13:29:37.358 27414 27457 D Evaluation: Frame 437 sent at 1.574940577358E12
11-28 13:29:37.389 27414 27457 D Evaluation: Frame 438 sent at 1.574940577389E12
11-28 13:29:37.435 27414 27457 D Evaluation: Frame 439 sent at 1.574940577433E12
11-28 13:29:37.465 27414 27425 E         : [ZeroHung]zrhung_get_config: Get config failed for wp[0x0008]
11-28 13:29:37.466 27414 27457 D Evaluation: Frame 441 sent at 1.574940577465E12
11-28 13:29:37.486 27414 27457 D Evaluation: Frame 441 sent at 1.574940577486E12
11-28 13:29:37.521 27414 27457 D Evaluation: Frame 442 sent at 1.57494057752E12
11-28 13:29:37.556 27414 27457 D Evaluation: Frame 443 sent at 1.574940577555E12
11-28 13:29:37.591 27414 27457 D Evaluation: Frame 444 sent at 1.574940577591E12
11-28 13:29:37.626 27414 27457 D Evaluation: Frame 445 sent at 1.574940577626E12
11-28 13:29:37.674 27414 27457 D Evaluation: Frame 446 sent at 1.574940577674E12
11-28 13:29:37.703 27414 27457 D Evaluation: Frame 447 sent at 1.574940577702E12
11-28 13:29:37.733 27414 27457 D Evaluation: Frame 448 sent at 1.574940577732E12
11-28 13:29:37.760 27414 27457 D Evaluation: Frame 449 sent at 1.574940577759E12
11-28 13:29:37.798 27414 27457 D Evaluation: Frame 450 sent at 1.574940577798E12
11-28 13:29:37.821 27414 27457 D Evaluation: Frame 451 sent at 1.57494057782E12
11-28 13:29:37.859 27414 27457 D Evaluation: Frame 452 sent at 1.574940577858E12
11-28 13:29:37.903 27414 27457 D Evaluation: Frame 453 sent at 1.574940577902E12
11-28 13:29:37.934 27414 27457 D Evaluation: Frame 454 sent at 1.574940577933E12
11-28 13:29:37.952 27414 27457 D Evaluation: Frame 455 sent at 1.574940577951E12
11-28 13:29:37.984 27414 27457 D Evaluation: Frame 456 sent at 1.574940577984E12
11-28 13:29:38.027 27414 27457 D Evaluation: Frame 457 sent at 1.574940578026E12
11-28 13:29:38.061 27414 27457 D Evaluation: Frame 458 sent at 1.57494057806E12
11-28 13:29:38.098 27414 27457 D Evaluation: Frame 459 sent at 1.574940578097E12
11-28 13:29:38.126 27414 27457 D Evaluation: Frame 460 sent at 1.574940578125E12
11-28 13:29:38.166 27414 27457 D Evaluation: Frame 461 sent at 1.574940578165E12
11-28 13:29:38.206 27414 27457 D Evaluation: Frame 462 sent at 1.574940578205E12
11-28 13:29:38.233 27414 27457 D Evaluation: Frame 463 sent at 1.574940578233E12
11-28 13:29:38.263 27414 27457 D Evaluation: Frame 464 sent at 1.574940578262E12
11-28 13:29:38.296 27414 27457 D Evaluation: Frame 465 sent at 1.574940578296E12
11-28 13:29:38.332 27414 27457 D Evaluation: Frame 466 sent at 1.574940578331E12
11-28 13:29:38.363 27414 27457 D Evaluation: Frame 467 sent at 1.574940578362E12
11-28 13:29:38.408 27414 27457 D Evaluation: Frame 468 sent at 1.574940578407E12
11-28 13:29:38.446 27414 27457 D Evaluation: Frame 469 sent at 1.574940578445E12
11-28 13:29:38.469 27414 27457 D Evaluation: Frame 470 sent at 1.574940578469E12
11-28 13:29:38.496 27414 27457 D Evaluation: Frame 471 sent at 1.574940578496E12
11-28 13:29:38.537 27414 27425 E         : [ZeroHung]zrhung_get_config: Get config failed for wp[0x0008]
11-28 13:29:38.537 27414 27457 D Evaluation: Frame 472 sent at 1.574940578537E12
11-28 13:29:38.563 27414 27457 D Evaluation: Frame 473 sent at 1.574940578562E12
11-28 13:29:38.596 27414 27457 D Evaluation: Frame 474 sent at 1.574940578595E12
11-28 13:29:38.634 27414 27457 D Evaluation: Frame 475 sent at 1.574940578634E12
11-28 13:29:38.677 27414 27457 D Evaluation: Frame 476 sent at 1.574940578676E12
11-28 13:29:38.699 27414 27457 D Evaluation: Frame 477 sent at 1.574940578698E12
11-28 13:29:38.727 27414 27457 D Evaluation: Frame 478 sent at 1.574940578726E12
11-28 13:29:38.765 27414 27457 D Evaluation: Frame 479 sent at 1.574940578764E12
11-28 13:29:38.802 27414 27457 D Evaluation: Frame 480 sent at 1.574940578801E12
11-28 13:29:38.842 27414 27457 D Evaluation: Frame 481 sent at 1.574940578841E12
11-28 13:29:38.869 27414 27457 D Evaluation: Frame 482 sent at 1.574940578868E12
11-28 13:29:38.897 27414 27457 D Evaluation: Frame 483 sent at 1.574940578897E12
11-28 13:29:38.934 27414 27457 D Evaluation: Frame 484 sent at 1.574940578933E12
11-28 13:29:38.965 27414 27457 D Evaluation: Frame 485 sent at 1.574940578964E12
11-28 13:29:39.005 27414 27457 D Evaluation: Frame 486 sent at 1.574940579004E12
11-28 13:29:39.053 27414 27457 D Evaluation: Frame 488 sent at 1.574940579051E12
11-28 13:29:39.075 27414 27457 D Evaluation: Frame 489 sent at 1.574940579074E12
11-28 13:29:39.092 27414 27457 D Evaluation: Frame 489 sent at 1.574940579092E12
11-28 13:29:39.134 27414 27457 D Evaluation: Frame 490 sent at 1.574940579134E12
11-28 13:29:39.168 27414 27457 D Evaluation: Frame 491 sent at 1.574940579168E12
11-28 13:29:39.207 27414 27457 D Evaluation: Frame 492 sent at 1.574940579207E12
11-28 13:29:39.247 27414 27457 D Evaluation: Frame 493 sent at 1.574940579246E12
11-28 13:29:39.273 27414 27457 D Evaluation: Frame 494 sent at 1.574940579273E12
11-28 13:29:39.335 27414 27457 D Evaluation: Frame 495 sent at 1.574940579334E12
11-28 13:29:39.370 27414 27457 D Evaluation: Frame 496 sent at 1.574940579369E12
11-28 13:29:39.402 27414 27457 D Evaluation: Frame 497 sent at 1.574940579402E12
11-28 13:29:39.406 27414 27414 W HiTouch_PressGestureDetector: Touch pointer move a lot. The moving distance of X is:13.271423, limit is:60The moving distance of Y is:79.73482, limit is:60
11-28 13:29:39.435 27414 27457 D Evaluation: Frame 498 sent at 1.574940579435E12
