--------- beginning of main
11-28 14:10:15.875 11028 11064 D ZrHung.AppEyeUiProbe: Current Activity:false
11-28 14:10:15.875 11028 11064 D ZrHung.AppEyeUiProbe: not watching, wait.
11-28 14:10:16.347 11028 11028 I Poster  :  onDestroy() called.
--------- beginning of system
11-28 14:10:16.347 11028 11028 D ActivityThread: Remove activity client record, r= ActivityRecord{33c45b2 token=android.os.BinderProxy@c62e47c {symlab.cloudridar.arhud/symlab.ARHUD.MainActivity}} token= android.os.BinderProxy@c62e47c
11-28 14:10:16.348 11028 11028 E BpSurfaceComposerClient: Failed to transact (-1)
11-28 14:10:16.348 11028 11028 E BpSurfaceComposerClient: Failed to transact (-1)
11-28 14:10:18.277 11185 11185 I loudridar.arhu: Late-enabling -Xcheck:jni
11-28 14:10:18.301 11185 11185 I loudridar.arhu: Reinit property: dalvik.vm.checkjni= false
11-28 14:10:18.309 11185 11185 D ZrHung.AppEyeUiProbe: AppEyeUIP created.
11-28 14:10:18.310 11185 11185 E libc    : Access denied finding property "runtime.mmitest.isrunning"
11-28 14:10:18.307 11185 11185 W re-initialized>: type=1400 audit(0.0:41913): avc: denied { read } for name="u:object_r:mmi_prop:s0" dev="tmpfs" ino=16663 scontext=u:r:untrusted_app:s0:c150,c256,c512,c768 tcontext=u:object_r:mmi_prop:s0 tclass=file permissive=0
11-28 14:10:18.311 11185 11185 D ActivityThread: Attach thread to application
11-28 14:10:18.406 11185 11209 I HwApiCacheMangerEx: apicache path=/storage/emulated/0 state=mounted key=symlab.cloudridar.arhud#10150#256
11-28 14:10:18.407 11185 11209 I HwApiCacheMangerEx: apicache path=/storage/emulated/0 state=mounted key=symlab.cloudridar.arhud#10150#0
11-28 14:10:18.470 11185 11185 I loudridar.arhu: QarthPatchMonintor::Init
11-28 14:10:18.470 11185 11185 I loudridar.arhu: 
11-28 14:10:18.470 11185 11185 I loudridar.arhu: QarthPatchMonintor::StartWatch
11-28 14:10:18.470 11185 11185 I loudridar.arhu: 
11-28 14:10:18.470 11185 11185 I loudridar.arhu: QarthPatchMonintor::WatchPackage: /data/hotpatch/fwkhotpatch/
11-28 14:10:18.470 11185 11185 I loudridar.arhu: 
11-28 14:10:18.470 11185 11185 I loudridar.arhu: QarthPatchMonintor::CheckAndWatchPatch: /data/hotpatch/fwkhotpatch/symlab.cloudridar.arhud
11-28 14:10:18.470 11185 11185 I loudridar.arhu: 
11-28 14:10:18.470 11185 11185 I loudridar.arhu: QarthPatchMonintor::CheckAndWatchPatch: /data/hotpatch/fwkhotpatch/all
11-28 14:10:18.470 11185 11185 I loudridar.arhu: 
11-28 14:10:18.470 11185 11185 I loudridar.arhu: QarthPatchMonintor::Run
11-28 14:10:18.470 11185 11185 I loudridar.arhu: 
11-28 14:10:18.470 11185 11212 I loudridar.arhu: QarthPatchMonintor::Reading
11-28 14:10:18.470 11185 11212 I loudridar.arhu: 
11-28 14:10:18.470 11185 11212 I loudridar.arhu: QarthPatchMonintor::CheckNotifyEvent
11-28 14:10:18.470 11185 11212 I loudridar.arhu: 
11-28 14:10:18.470 11185 11212 I loudridar.arhu: QarthPatchMonintor::CheckNotifyEvent before read
11-28 14:10:18.470 11185 11212 I loudridar.arhu: 
11-28 14:10:18.474 11185 11185 I MultiDex: VM with version 2.1.0 has multidex support
11-28 14:10:18.474 11185 11185 I MultiDex: Installing application
11-28 14:10:18.474 11185 11185 I MultiDex: VM has multidex support, MultiDex support library is disabled.
11-28 14:10:18.476 11185 11209 I AwareBitmapCacher: init processName:symlab.cloudridar.arhud pid=11185 uid=10150
11-28 14:10:18.478 11185 11214 E AwareLog: AtomicFileUtils: readFileLines file not exist: android.util.AtomicFile@919d802
11-28 14:10:18.478 11185 11214 E AwareLog: AtomicFileUtils: readFileLines file not exist: android.util.AtomicFile@35dc513
11-28 14:10:18.478 11185 11185 I FirebaseInitProvider: FirebaseApp initialization unsuccessful
11-28 14:10:18.490 11185 11185 D ZrHung.AppEyeUiProbe: notify runnable to start.
11-28 14:10:18.490 11185 11220 D ZrHung.AppEyeUiProbe: Runnable thread started.
11-28 14:10:18.490 11185 11220 D IMonitor: Load library imonitor_jni
11-28 14:10:18.492 11185 11220 E         : [ZeroHung]zrhung_get_config: Get config failed for wp[0x0102]
11-28 14:10:18.492 11185 11220 W ZrHung.AppEyeUiProbe: Failed to get config from zrhung
11-28 14:10:18.491 11217 11217 W logcat  : type=1400 audit(0.0:41914): avc: granted { create } for name="logcat_1574943018480.txt" scontext=u:r:untrusted_app:s0:c150,c256,c512,c768 tcontext=u:object_r:sdcardfs:s0:c150,c256,c512,c768 tclass=file
11-28 14:10:18.492 11185 11220 E         : [ZeroHung]zrhung_get_config: Get config failed for wp[0x0102]
11-28 14:10:18.492 11185 11220 W ZrHung.AppEyeUiProbe: Failed to get config from zrhung
11-28 14:10:18.510 11185 11185 I MultiDex: Installing application
11-28 14:10:18.510 11185 11185 I MultiDex: VM has multidex support, MultiDex support library is disabled.
11-28 14:10:18.512 11185 11185 V ActivityThread: callActivityOnCreate
11-28 14:10:18.512 11185 11185 I Poster  :  onCreate() called.
11-28 14:10:18.515 11185 11185 I HwApsImpl: APS: new HwApsImpl created
11-28 14:10:18.522 11185 11185 V HwWidgetFactory: : successes to get AllImpl object and return....
11-28 14:10:18.529 11185 11185 D OpenGLRenderer: Skia GL Pipeline
11-28 14:10:18.549 11185 11185 D Poster  : Server details are IP 193.166.28.132 and port 52727
11-28 14:10:18.554 11185 11185 D Poster  : Server bound to IP 193.166.28.132 and port 52727
11-28 14:10:18.558 11185 11228 W System.err: java.net.SocketException: Network is unreachable
11-28 14:10:18.558 11185 11228 W System.err: 	at sun.nio.ch.DatagramChannelImpl.send0(Native Method)
11-28 14:10:18.558 11185 11228 W System.err: 	at sun.nio.ch.DatagramChannelImpl.sendFromNativeBuffer(DatagramChannelImpl.java:573)
11-28 14:10:18.558 11185 11228 W System.err: 	at sun.nio.ch.DatagramChannelImpl.send(DatagramChannelImpl.java:550)
11-28 14:10:18.558 11185 11228 W System.err: 	at sun.nio.ch.DatagramChannelImpl.send(DatagramChannelImpl.java:514)
11-28 14:10:18.558 11185 11228 W System.err: 	at symlab.CloudAR.network.TransmissionTask.run(TransmissionTask.java:138)
11-28 14:10:18.558 11185 11228 W System.err: 	at android.os.Handler.handleCallback(Handler.java:907)
11-28 14:10:18.558 11185 11228 W System.err: 	at android.os.Handler.dispatchMessage(Handler.java:105)
11-28 14:10:18.558 11185 11228 W System.err: 	at android.os.Looper.loop(Looper.java:216)
11-28 14:10:18.558 11185 11228 W System.err: 	at android.os.HandlerThread.run(HandlerThread.java:65)
11-28 14:10:18.558 11185 11185 D ActivityThread: add activity client record, r= ActivityRecord{33c45b2 token=android.os.BinderProxy@c62e47c {symlab.cloudridar.arhud/symlab.ARHUD.MainActivity}} token= android.os.BinderProxy@c62e47c
11-28 14:10:18.561 11185 11185 I Poster  :  onStart() called.
11-28 14:10:18.561 11185 11185 D ZrHung.AppEyeUiProbe: notify runnable to start.
11-28 14:10:18.562 11185 11185 I Poster  :  onResume() called.
11-28 14:10:18.566 11185 11185 I PermissionManager: camera remind result:true
11-28 14:10:18.566 11185 11185 I Camera  : open camera: 0, package name: symlab.cloudridar.arhud
11-28 14:10:18.566 11185 11185 I BackgroundPermManager: pkgName: symlab.cloudridar.arhud,pid: 11185 ,uidOf3RdApk: 10150 ,permType: 0 ,permCfg: 1
11-28 14:10:18.567 11185 11185 I HwCameraUtil: notifySurfaceFlingerCameraStatus : isFront = false , isOpend = true
11-28 14:10:18.577 11185 11185 D ActivityThread: isOptEnabled=false isWechatScanOpt=false
11-28 14:10:18.578 11185 11185 I HwSecImmHelper: mSecurityInputMethodService is null
11-28 14:10:18.584 11185 11185 D OpenGLRenderer:   HWUI Binary is  enabled
11-28 14:10:18.605 11185 11246 D HiTouch_PressGestureDetector: onAttached, package=symlab.cloudridar.arhud, windowType=1, mHiTouchRestricted=false
11-28 14:10:18.615 11185 11245 I ConfigStore: android::hardware::configstore::V1_0::ISurfaceFlingerConfigs::hasWideColorDisplay retrieved: 0
11-28 14:10:18.615 11185 11245 I ConfigStore: android::hardware::configstore::V1_0::ISurfaceFlingerConfigs::hasHDRDisplay retrieved: 0
11-28 14:10:18.615 11185 11245 I iGraphics: [0020080c] pn: symlab.cloudridar.arhud, p: 11185
11-28 14:10:18.615 11185 11245 I OpenGLRenderer: Initialized EGL, version 1.4, mEglDisplay 0x1
11-28 14:10:18.615 11185 11245 D OpenGLRenderer: Swap behavior 2
11-28 14:10:18.625 11185 11245 D mali_winsys: EGLint new_window_surface(egl_winsys_display *, void *, EGLSurface, EGLConfig, egl_winsys_surface **, EGLBoolean) returns 0x3000
11-28 14:10:18.635 11185 11185 I Poster  :  surfaceCreated() called.
11-28 14:10:18.635 11185 11185 I Poster  : initPreview() called
11-28 14:10:18.636 11185 11196 E         : [ZeroHung]zrhung_get_config: Get config failed for wp[0x0008]
11-28 14:10:18.639 11185 11185 I PermissionManager: camera remind result:true
11-28 14:10:18.644 11185 11185 I Poster  :  surfaceChanged() called.
11-28 14:10:18.662 11185 11185 W InputMethodManager: startInputReason = 1
11-28 14:10:18.671 11185 11185 W InputMethodManager: startInputReason = 5
11-28 14:10:18.925 11185 11228 W System.err: java.net.SocketException: Network is unreachable
11-28 14:10:18.926 11185 11228 W System.err: 	at sun.nio.ch.DatagramChannelImpl.send0(Native Method)
11-28 14:10:18.926 11185 11228 W System.err: 	at sun.nio.ch.DatagramChannelImpl.sendFromNativeBuffer(DatagramChannelImpl.java:573)
11-28 14:10:18.926 11185 11228 W System.err: 	at sun.nio.ch.DatagramChannelImpl.send(DatagramChannelImpl.java:550)
11-28 14:10:18.926 11185 11228 W System.err: 	at sun.nio.ch.DatagramChannelImpl.send(DatagramChannelImpl.java:514)
11-28 14:10:18.926 11185 11228 W System.err: 	at symlab.CloudAR.network.TransmissionTask.run(TransmissionTask.java:138)
11-28 14:10:18.926 11185 11228 W System.err: 	at android.os.Handler.handleCallback(Handler.java:907)
11-28 14:10:18.926 11185 11228 W System.err: 	at android.os.Handler.dispatchMessage(Handler.java:105)
11-28 14:10:18.926 11185 11228 W System.err: 	at android.os.Looper.loop(Looper.java:216)
11-28 14:10:18.926 11185 11228 W System.err: 	at android.os.HandlerThread.run(HandlerThread.java:65)
11-28 14:10:18.956 11185 11228 W System.err: java.net.SocketException: Network is unreachable
11-28 14:10:18.956 11185 11228 W System.err: 	at sun.nio.ch.DatagramChannelImpl.send0(Native Method)
11-28 14:10:18.956 11185 11228 W System.err: 	at sun.nio.ch.DatagramChannelImpl.sendFromNativeBuffer(DatagramChannelImpl.java:573)
11-28 14:10:18.956 11185 11228 W System.err: 	at sun.nio.ch.DatagramChannelImpl.send(DatagramChannelImpl.java:550)
11-28 14:10:18.957 11185 11228 W System.err: 	at sun.nio.ch.DatagramChannelImpl.send(DatagramChannelImpl.java:514)
11-28 14:10:18.957 11185 11228 W System.err: 	at symlab.CloudAR.network.TransmissionTask.run(TransmissionTask.java:138)
11-28 14:10:18.957 11185 11228 W System.err: 	at android.os.Handler.handleCallback(Handler.java:907)
11-28 14:10:18.957 11185 11228 W System.err: 	at android.os.Handler.dispatchMessage(Handler.java:105)
11-28 14:10:18.957 11185 11228 W System.err: 	at android.os.Looper.loop(Looper.java:216)
11-28 14:10:18.957 11185 11228 W System.err: 	at android.os.HandlerThread.run(HandlerThread.java:65)
11-28 14:10:18.994 11185 11228 W System.err: java.net.SocketException: Network is unreachable
11-28 14:10:18.994 11185 11228 W System.err: 	at sun.nio.ch.DatagramChannelImpl.send0(Native Method)
11-28 14:10:18.994 11185 11228 W System.err: 	at sun.nio.ch.DatagramChannelImpl.sendFromNativeBuffer(DatagramChannelImpl.java:573)
11-28 14:10:18.994 11185 11228 W System.err: 	at sun.nio.ch.DatagramChannelImpl.send(DatagramChannelImpl.java:550)
11-28 14:10:18.994 11185 11228 W System.err: 	at sun.nio.ch.DatagramChannelImpl.send(DatagramChannelImpl.java:514)
11-28 14:10:18.994 11185 11228 W System.err: 	at symlab.CloudAR.network.TransmissionTask.run(TransmissionTask.java:138)
11-28 14:10:18.994 11185 11228 W System.err: 	at android.os.Handler.handleCallback(Handler.java:907)
11-28 14:10:18.995 11185 11228 W System.err: 	at android.os.Handler.dispatchMessage(Handler.java:105)
11-28 14:10:18.995 11185 11228 W System.err: 	at android.os.Looper.loop(Looper.java:216)
11-28 14:10:18.995 11185 11228 W System.err: 	at android.os.HandlerThread.run(HandlerThread.java:65)
11-28 14:10:19.027 11185 11228 W System.err: java.net.SocketException: Network is unreachable
11-28 14:10:19.028 11185 11228 W System.err: 	at sun.nio.ch.DatagramChannelImpl.send0(Native Method)
11-28 14:10:19.028 11185 11228 W System.err: 	at sun.nio.ch.DatagramChannelImpl.sendFromNativeBuffer(DatagramChannelImpl.java:573)
11-28 14:10:19.028 11185 11228 W System.err: 	at sun.nio.ch.DatagramChannelImpl.send(DatagramChannelImpl.java:550)
11-28 14:10:19.028 11185 11228 W System.err: 	at sun.nio.ch.DatagramChannelImpl.send(DatagramChannelImpl.java:514)
11-28 14:10:19.028 11185 11228 W System.err: 	at symlab.CloudAR.network.TransmissionTask.run(TransmissionTask.java:138)
11-28 14:10:19.028 11185 11228 W System.err: 	at android.os.Handler.handleCallback(Handler.java:907)
11-28 14:10:19.028 11185 11228 W System.err: 	at android.os.Handler.dispatchMessage(Handler.java:105)
11-28 14:10:19.028 11185 11228 W System.err: 	at android.os.Looper.loop(Looper.java:216)
11-28 14:10:19.028 11185 11228 W System.err: 	at android.os.HandlerThread.run(HandlerThread.java:65)
11-28 14:10:19.062 11185 11228 W System.err: java.net.SocketException: Network is unreachable
11-28 14:10:19.062 11185 11228 W System.err: 	at sun.nio.ch.DatagramChannelImpl.send0(Native Method)
11-28 14:10:19.062 11185 11228 W System.err: 	at sun.nio.ch.DatagramChannelImpl.sendFromNativeBuffer(DatagramChannelImpl.java:573)
11-28 14:10:19.062 11185 11228 W System.err: 	at sun.nio.ch.DatagramChannelImpl.send(DatagramChannelImpl.java:550)
11-28 14:10:19.062 11185 11228 W System.err: 	at sun.nio.ch.DatagramChannelImpl.send(DatagramChannelImpl.java:514)
11-28 14:10:19.063 11185 11228 W System.err: 	at symlab.CloudAR.network.TransmissionTask.run(TransmissionTask.java:138)
11-28 14:10:19.063 11185 11228 W System.err: 	at android.os.Handler.handleCallback(Handler.java:907)
11-28 14:10:19.063 11185 11228 W System.err: 	at android.os.Handler.dispatchMessage(Handler.java:105)
11-28 14:10:19.063 11185 11228 W System.err: 	at android.os.Looper.loop(Looper.java:216)
11-28 14:10:19.063 11185 11228 W System.err: 	at android.os.HandlerThread.run(HandlerThread.java:65)
11-28 14:10:19.113 11185 11228 W System.err: java.net.SocketException: Network is unreachable
11-28 14:10:19.113 11185 11228 W System.err: 	at sun.nio.ch.DatagramChannelImpl.send0(Native Method)
11-28 14:10:19.113 11185 11228 W System.err: 	at sun.nio.ch.DatagramChannelImpl.sendFromNativeBuffer(DatagramChannelImpl.java:573)
11-28 14:10:19.113 11185 11228 W System.err: 	at sun.nio.ch.DatagramChannelImpl.send(DatagramChannelImpl.java:550)
11-28 14:10:19.113 11185 11228 W System.err: 	at sun.nio.ch.DatagramChannelImpl.send(DatagramChannelImpl.java:514)
11-28 14:10:19.113 11185 11228 W System.err: 	at symlab.CloudAR.network.TransmissionTask.run(TransmissionTask.java:138)
11-28 14:10:19.113 11185 11228 W System.err: 	at android.os.Handler.handleCallback(Handler.java:907)
11-28 14:10:19.113 11185 11228 W System.err: 	at android.os.Handler.dispatchMessage(Handler.java:105)
11-28 14:10:19.113 11185 11228 W System.err: 	at android.os.Looper.loop(Looper.java:216)
11-28 14:10:19.113 11185 11228 W System.err: 	at android.os.HandlerThread.run(HandlerThread.java:65)
11-28 14:10:19.137 11185 11228 W System.err: java.net.SocketException: Network is unreachable
11-28 14:10:19.138 11185 11228 W System.err: 	at sun.nio.ch.DatagramChannelImpl.send0(Native Method)
11-28 14:10:19.138 11185 11228 W System.err: 	at sun.nio.ch.DatagramChannelImpl.sendFromNativeBuffer(DatagramChannelImpl.java:573)
11-28 14:10:19.138 11185 11228 W System.err: 	at sun.nio.ch.DatagramChannelImpl.send(DatagramChannelImpl.java:550)
11-28 14:10:19.138 11185 11228 W System.err: 	at sun.nio.ch.DatagramChannelImpl.send(DatagramChannelImpl.java:514)
11-28 14:10:19.138 11185 11228 W System.err: 	at symlab.CloudAR.network.TransmissionTask.run(TransmissionTask.java:138)
11-28 14:10:19.138 11185 11228 W System.err: 	at android.os.Handler.handleCallback(Handler.java:907)
11-28 14:10:19.138 11185 11228 W System.err: 	at android.os.Handler.dispatchMessage(Handler.java:105)
11-28 14:10:19.138 11185 11228 W System.err: 	at android.os.Looper.loop(Looper.java:216)
11-28 14:10:19.138 11185 11228 W System.err: 	at android.os.HandlerThread.run(HandlerThread.java:65)
11-28 14:10:19.173 11185 11185 D Poster  : At 1574943019173 location is 65.05791527254135 (latitude), and 25.470149101480203 (longitude)
11-28 14:10:19.176 11185 11185 D Poster  : Connected to mobile network 13
11-28 14:10:19.179 11185 11228 W System.err: java.net.SocketException: Network is unreachable
11-28 14:10:19.180 11185 11228 W System.err: 	at sun.nio.ch.DatagramChannelImpl.send0(Native Method)
11-28 14:10:19.180 11185 11228 W System.err: 	at sun.nio.ch.DatagramChannelImpl.sendFromNativeBuffer(DatagramChannelImpl.java:573)
11-28 14:10:19.180 11185 11228 W System.err: 	at sun.nio.ch.DatagramChannelImpl.send(DatagramChannelImpl.java:550)
11-28 14:10:19.180 11185 11228 W System.err: 	at sun.nio.ch.DatagramChannelImpl.send(DatagramChannelImpl.java:514)
11-28 14:10:19.180 11185 11228 W System.err: 	at symlab.CloudAR.network.TransmissionTask.run(TransmissionTask.java:138)
11-28 14:10:19.180 11185 11228 W System.err: 	at android.os.Handler.handleCallback(Handler.java:907)
11-28 14:10:19.180 11185 11228 W System.err: 	at android.os.Handler.dispatchMessage(Handler.java:105)
11-28 14:10:19.180 11185 11228 W System.err: 	at android.os.Looper.loop(Looper.java:216)
11-28 14:10:19.180 11185 11228 W System.err: 	at android.os.HandlerThread.run(HandlerThread.java:65)
11-28 14:10:19.209 11185 11228 W System.err: java.net.SocketException: Network is unreachable
11-28 14:10:19.209 11185 11228 W System.err: 	at sun.nio.ch.DatagramChannelImpl.send0(Native Method)
11-28 14:10:19.209 11185 11228 W System.err: 	at sun.nio.ch.DatagramChannelImpl.sendFromNativeBuffer(DatagramChannelImpl.java:573)
11-28 14:10:19.209 11185 11228 W System.err: 	at sun.nio.ch.DatagramChannelImpl.send(DatagramChannelImpl.java:550)
11-28 14:10:19.209 11185 11228 W System.err: 	at sun.nio.ch.DatagramChannelImpl.send(DatagramChannelImpl.java:514)
11-28 14:10:19.209 11185 11228 W System.err: 	at symlab.CloudAR.network.TransmissionTask.run(TransmissionTask.java:138)
11-28 14:10:19.209 11185 11228 W System.err: 	at android.os.Handler.handleCallback(Handler.java:907)
11-28 14:10:19.209 11185 11228 W System.err: 	at android.os.Handler.dispatchMessage(Handler.java:105)
11-28 14:10:19.209 11185 11228 W System.err: 	at android.os.Looper.loop(Looper.java:216)
11-28 14:10:19.209 11185 11228 W System.err: 	at android.os.HandlerThread.run(HandlerThread.java:65)
11-28 14:10:19.243 11185 11228 W System.err: java.net.SocketException: Network is unreachable
11-28 14:10:19.243 11185 11228 W System.err: 	at sun.nio.ch.DatagramChannelImpl.send0(Native Method)
11-28 14:10:19.243 11185 11228 W System.err: 	at sun.nio.ch.DatagramChannelImpl.sendFromNativeBuffer(DatagramChannelImpl.java:573)
11-28 14:10:19.243 11185 11228 W System.err: 	at sun.nio.ch.DatagramChannelImpl.send(DatagramChannelImpl.java:550)
11-28 14:10:19.243 11185 11228 W System.err: 	at sun.nio.ch.DatagramChannelImpl.send(DatagramChannelImpl.java:514)
11-28 14:10:19.243 11185 11228 W System.err: 	at symlab.CloudAR.network.TransmissionTask.run(TransmissionTask.java:138)
11-28 14:10:19.243 11185 11228 W System.err: 	at android.os.Handler.handleCallback(Handler.java:907)
11-28 14:10:19.243 11185 11228 W System.err: 	at android.os.Handler.dispatchMessage(Handler.java:105)
11-28 14:10:19.243 11185 11228 W System.err: 	at android.os.Looper.loop(Looper.java:216)
11-28 14:10:19.243 11185 11228 W System.err: 	at android.os.HandlerThread.run(HandlerThread.java:65)
11-28 14:10:19.275 11185 11228 W System.err: java.net.SocketException: Network is unreachable
11-28 14:10:19.275 11185 11228 W System.err: 	at sun.nio.ch.DatagramChannelImpl.send0(Native Method)
11-28 14:10:19.275 11185 11228 W System.err: 	at sun.nio.ch.DatagramChannelImpl.sendFromNativeBuffer(DatagramChannelImpl.java:573)
11-28 14:10:19.275 11185 11228 W System.err: 	at sun.nio.ch.DatagramChannelImpl.send(DatagramChannelImpl.java:550)
11-28 14:10:19.275 11185 11228 W System.err: 	at sun.nio.ch.DatagramChannelImpl.send(DatagramChannelImpl.java:514)
11-28 14:10:19.275 11185 11228 W System.err: 	at symlab.CloudAR.network.TransmissionTask.run(TransmissionTask.java:138)
11-28 14:10:19.275 11185 11228 W System.err: 	at android.os.Handler.handleCallback(Handler.java:907)
11-28 14:10:19.275 11185 11228 W System.err: 	at android.os.Handler.dispatchMessage(Handler.java:105)
11-28 14:10:19.275 11185 11228 W System.err: 	at android.os.Looper.loop(Looper.java:216)
11-28 14:10:19.275 11185 11228 W System.err: 	at android.os.HandlerThread.run(HandlerThread.java:65)
11-28 14:10:19.312 11185 11228 W System.err: java.net.SocketException: Network is unreachable
11-28 14:10:19.312 11185 11228 W System.err: 	at sun.nio.ch.DatagramChannelImpl.send0(Native Method)
11-28 14:10:19.312 11185 11228 W System.err: 	at sun.nio.ch.DatagramChannelImpl.sendFromNativeBuffer(DatagramChannelImpl.java:573)
11-28 14:10:19.312 11185 11228 W System.err: 	at sun.nio.ch.DatagramChannelImpl.send(DatagramChannelImpl.java:550)
11-28 14:10:19.312 11185 11228 W System.err: 	at sun.nio.ch.DatagramChannelImpl.send(DatagramChannelImpl.java:514)
11-28 14:10:19.312 11185 11228 W System.err: 	at symlab.CloudAR.network.TransmissionTask.run(TransmissionTask.java:138)
11-28 14:10:19.312 11185 11228 W System.err: 	at android.os.Handler.handleCallback(Handler.java:907)
11-28 14:10:19.312 11185 11228 W System.err: 	at android.os.Handler.dispatchMessage(Handler.java:105)
11-28 14:10:19.312 11185 11228 W System.err: 	at android.os.Looper.loop(Looper.java:216)
11-28 14:10:19.312 11185 11228 W System.err: 	at android.os.HandlerThread.run(HandlerThread.java:65)
11-28 14:10:19.340 11185 11228 W System.err: java.net.SocketException: Network is unreachable
11-28 14:10:19.340 11185 11228 W System.err: 	at sun.nio.ch.DatagramChannelImpl.send0(Native Method)
11-28 14:10:19.340 11185 11228 W System.err: 	at sun.nio.ch.DatagramChannelImpl.sendFromNativeBuffer(DatagramChannelImpl.java:573)
11-28 14:10:19.340 11185 11228 W System.err: 	at sun.nio.ch.DatagramChannelImpl.send(DatagramChannelImpl.java:550)
11-28 14:10:19.340 11185 11228 W System.err: 	at sun.nio.ch.DatagramChannelImpl.send(DatagramChannelImpl.java:514)
11-28 14:10:19.340 11185 11228 W System.err: 	at symlab.CloudAR.network.TransmissionTask.run(TransmissionTask.java:138)
11-28 14:10:19.340 11185 11228 W System.err: 	at android.os.Handler.handleCallback(Handler.java:907)
11-28 14:10:19.340 11185 11228 W System.err: 	at android.os.Handler.dispatchMessage(Handler.java:105)
11-28 14:10:19.340 11185 11228 W System.err: 	at android.os.Looper.loop(Looper.java:216)
11-28 14:10:19.340 11185 11228 W System.err: 	at android.os.HandlerThread.run(HandlerThread.java:65)
11-28 14:10:19.375 11185 11228 W System.err: java.net.SocketException: Network is unreachable
11-28 14:10:19.375 11185 11228 W System.err: 	at sun.nio.ch.DatagramChannelImpl.send0(Native Method)
11-28 14:10:19.375 11185 11228 W System.err: 	at sun.nio.ch.DatagramChannelImpl.sendFromNativeBuffer(DatagramChannelImpl.java:573)
11-28 14:10:19.375 11185 11228 W System.err: 	at sun.nio.ch.DatagramChannelImpl.send(DatagramChannelImpl.java:550)
11-28 14:10:19.375 11185 11228 W System.err: 	at sun.nio.ch.DatagramChannelImpl.send(DatagramChannelImpl.java:514)
11-28 14:10:19.375 11185 11228 W System.err: 	at symlab.CloudAR.network.TransmissionTask.run(TransmissionTask.java:138)
11-28 14:10:19.375 11185 11228 W System.err: 	at android.os.Handler.handleCallback(Handler.java:907)
11-28 14:10:19.375 11185 11228 W System.err: 	at android.os.Handler.dispatchMessage(Handler.java:105)
11-28 14:10:19.375 11185 11228 W System.err: 	at android.os.Looper.loop(Looper.java:216)
11-28 14:10:19.375 11185 11228 W System.err: 	at android.os.HandlerThread.run(HandlerThread.java:65)
11-28 14:10:19.408 11185 11228 W System.err: java.net.SocketException: Network is unreachable
11-28 14:10:19.408 11185 11228 W System.err: 	at sun.nio.ch.DatagramChannelImpl.send0(Native Method)
11-28 14:10:19.408 11185 11228 W System.err: 	at sun.nio.ch.DatagramChannelImpl.sendFromNativeBuffer(DatagramChannelImpl.java:573)
11-28 14:10:19.408 11185 11228 W System.err: 	at sun.nio.ch.DatagramChannelImpl.send(DatagramChannelImpl.java:550)
11-28 14:10:19.408 11185 11228 W System.err: 	at sun.nio.ch.DatagramChannelImpl.send(DatagramChannelImpl.java:514)
11-28 14:10:19.408 11185 11228 W System.err: 	at symlab.CloudAR.network.TransmissionTask.run(TransmissionTask.java:138)
11-28 14:10:19.408 11185 11228 W System.err: 	at android.os.Handler.handleCallback(Handler.java:907)
11-28 14:10:19.408 11185 11228 W System.err: 	at android.os.Handler.dispatchMessage(Handler.java:105)
11-28 14:10:19.409 11185 11228 W System.err: 	at android.os.Looper.loop(Looper.java:216)
11-28 14:10:19.409 11185 11228 W System.err: 	at android.os.HandlerThread.run(HandlerThread.java:65)
11-28 14:10:19.441 11185 11228 W System.err: java.net.SocketException: Network is unreachable
11-28 14:10:19.441 11185 11228 W System.err: 	at sun.nio.ch.DatagramChannelImpl.send0(Native Method)
11-28 14:10:19.442 11185 11228 W System.err: 	at sun.nio.ch.DatagramChannelImpl.sendFromNativeBuffer(DatagramChannelImpl.java:573)
11-28 14:10:19.442 11185 11228 W System.err: 	at sun.nio.ch.DatagramChannelImpl.send(DatagramChannelImpl.java:550)
11-28 14:10:19.442 11185 11228 W System.err: 	at sun.nio.ch.DatagramChannelImpl.send(DatagramChannelImpl.java:514)
11-28 14:10:19.442 11185 11228 W System.err: 	at symlab.CloudAR.network.TransmissionTask.run(TransmissionTask.java:138)
11-28 14:10:19.442 11185 11228 W System.err: 	at android.os.Handler.handleCallback(Handler.java:907)
11-28 14:10:19.442 11185 11228 W System.err: 	at android.os.Handler.dispatchMessage(Handler.java:105)
11-28 14:10:19.442 11185 11228 W System.err: 	at android.os.Looper.loop(Looper.java:216)
11-28 14:10:19.442 11185 11228 W System.err: 	at android.os.HandlerThread.run(HandlerThread.java:65)
11-28 14:10:19.479 11185 11228 W System.err: java.net.SocketException: Network is unreachable
11-28 14:10:19.479 11185 11228 W System.err: 	at sun.nio.ch.DatagramChannelImpl.send0(Native Method)
11-28 14:10:19.479 11185 11228 W System.err: 	at sun.nio.ch.DatagramChannelImpl.sendFromNativeBuffer(DatagramChannelImpl.java:573)
11-28 14:10:19.479 11185 11228 W System.err: 	at sun.nio.ch.DatagramChannelImpl.send(DatagramChannelImpl.java:550)
11-28 14:10:19.479 11185 11228 W System.err: 	at sun.nio.ch.DatagramChannelImpl.send(DatagramChannelImpl.java:514)
11-28 14:10:19.479 11185 11228 W System.err: 	at symlab.CloudAR.network.TransmissionTask.run(TransmissionTask.java:138)
11-28 14:10:19.479 11185 11228 W System.err: 	at android.os.Handler.handleCallback(Handler.java:907)
11-28 14:10:19.479 11185 11228 W System.err: 	at android.os.Handler.dispatchMessage(Handler.java:105)
11-28 14:10:19.479 11185 11228 W System.err: 	at android.os.Looper.loop(Looper.java:216)
11-28 14:10:19.479 11185 11228 W System.err: 	at android.os.HandlerThread.run(HandlerThread.java:65)
11-28 14:10:19.508 11185 11228 W System.err: java.net.SocketException: Network is unreachable
11-28 14:10:19.508 11185 11228 W System.err: 	at sun.nio.ch.DatagramChannelImpl.send0(Native Method)
11-28 14:10:19.508 11185 11228 W System.err: 	at sun.nio.ch.DatagramChannelImpl.sendFromNativeBuffer(DatagramChannelImpl.java:573)
11-28 14:10:19.508 11185 11228 W System.err: 	at sun.nio.ch.DatagramChannelImpl.send(DatagramChannelImpl.java:550)
11-28 14:10:19.508 11185 11228 W System.err: 	at sun.nio.ch.DatagramChannelImpl.send(DatagramChannelImpl.java:514)
11-28 14:10:19.508 11185 11228 W System.err: 	at symlab.CloudAR.network.TransmissionTask.run(TransmissionTask.java:138)
11-28 14:10:19.508 11185 11228 W System.err: 	at android.os.Handler.handleCallback(Handler.java:907)
11-28 14:10:19.509 11185 11228 W System.err: 	at android.os.Handler.dispatchMessage(Handler.java:105)
11-28 14:10:19.509 11185 11228 W System.err: 	at android.os.Looper.loop(Looper.java:216)
11-28 14:10:19.509 11185 11228 W System.err: 	at android.os.HandlerThread.run(HandlerThread.java:65)
11-28 14:10:19.542 11185 11228 W System.err: java.net.SocketException: Network is unreachable
11-28 14:10:19.542 11185 11228 W System.err: 	at sun.nio.ch.DatagramChannelImpl.send0(Native Method)
11-28 14:10:19.542 11185 11228 W System.err: 	at sun.nio.ch.DatagramChannelImpl.sendFromNativeBuffer(DatagramChannelImpl.java:573)
11-28 14:10:19.542 11185 11228 W System.err: 	at sun.nio.ch.DatagramChannelImpl.send(DatagramChannelImpl.java:550)
11-28 14:10:19.542 11185 11228 W System.err: 	at sun.nio.ch.DatagramChannelImpl.send(DatagramChannelImpl.java:514)
11-28 14:10:19.542 11185 11228 W System.err: 	at symlab.CloudAR.network.TransmissionTask.run(TransmissionTask.java:138)
11-28 14:10:19.542 11185 11228 W System.err: 	at android.os.Handler.handleCallback(Handler.java:907)
11-28 14:10:19.542 11185 11228 W System.err: 	at android.os.Handler.dispatchMessage(Handler.java:105)
11-28 14:10:19.542 11185 11228 W System.err: 	at android.os.Looper.loop(Looper.java:216)
11-28 14:10:19.542 11185 11228 W System.err: 	at android.os.HandlerThread.run(HandlerThread.java:65)
11-28 14:10:19.582 11185 11228 W System.err: java.net.SocketException: Network is unreachable
11-28 14:10:19.582 11185 11228 W System.err: 	at sun.nio.ch.DatagramChannelImpl.send0(Native Method)
11-28 14:10:19.582 11185 11228 W System.err: 	at sun.nio.ch.DatagramChannelImpl.sendFromNativeBuffer(DatagramChannelImpl.java:573)
11-28 14:10:19.582 11185 11228 W System.err: 	at sun.nio.ch.DatagramChannelImpl.send(DatagramChannelImpl.java:550)
11-28 14:10:19.582 11185 11228 W System.err: 	at sun.nio.ch.DatagramChannelImpl.send(DatagramChannelImpl.java:514)
11-28 14:10:19.582 11185 11228 W System.err: 	at symlab.CloudAR.network.TransmissionTask.run(TransmissionTask.java:138)
11-28 14:10:19.582 11185 11228 W System.err: 	at android.os.Handler.handleCallback(Handler.java:907)
11-28 14:10:19.582 11185 11228 W System.err: 	at android.os.Handler.dispatchMessage(Handler.java:105)
11-28 14:10:19.582 11185 11228 W System.err: 	at android.os.Looper.loop(Looper.java:216)
11-28 14:10:19.582 11185 11228 W System.err: 	at android.os.HandlerThread.run(HandlerThread.java:65)
11-28 14:10:19.613 11185 11228 W System.err: java.net.SocketException: Network is unreachable
11-28 14:10:19.613 11185 11228 W System.err: 	at sun.nio.ch.DatagramChannelImpl.send0(Native Method)
11-28 14:10:19.613 11185 11228 W System.err: 	at sun.nio.ch.DatagramChannelImpl.sendFromNativeBuffer(DatagramChannelImpl.java:573)
11-28 14:10:19.613 11185 11228 W System.err: 	at sun.nio.ch.DatagramChannelImpl.send(DatagramChannelImpl.java:550)
11-28 14:10:19.613 11185 11228 W System.err: 	at sun.nio.ch.DatagramChannelImpl.send(DatagramChannelImpl.java:514)
11-28 14:10:19.613 11185 11228 W System.err: 	at symlab.CloudAR.network.TransmissionTask.run(TransmissionTask.java:138)
11-28 14:10:19.614 11185 11228 W System.err: 	at android.os.Handler.handleCallback(Handler.java:907)
11-28 14:10:19.614 11185 11228 W System.err: 	at android.os.Handler.dispatchMessage(Handler.java:105)
11-28 14:10:19.614 11185 11228 W System.err: 	at android.os.Looper.loop(Looper.java:216)
11-28 14:10:19.614 11185 11228 W System.err: 	at android.os.HandlerThread.run(HandlerThread.java:65)
11-28 14:10:19.644 11185 11228 W System.err: java.net.SocketException: Network is unreachable
11-28 14:10:19.644 11185 11228 W System.err: 	at sun.nio.ch.DatagramChannelImpl.send0(Native Method)
11-28 14:10:19.644 11185 11228 W System.err: 	at sun.nio.ch.DatagramChannelImpl.sendFromNativeBuffer(DatagramChannelImpl.java:573)
11-28 14:10:19.644 11185 11228 W System.err: 	at sun.nio.ch.DatagramChannelImpl.send(DatagramChannelImpl.java:550)
11-28 14:10:19.644 11185 11228 W System.err: 	at sun.nio.ch.DatagramChannelImpl.send(DatagramChannelImpl.java:514)
11-28 14:10:19.644 11185 11228 W System.err: 	at symlab.CloudAR.network.TransmissionTask.run(TransmissionTask.java:138)
11-28 14:10:19.644 11185 11228 W System.err: 	at android.os.Handler.handleCallback(Handler.java:907)
11-28 14:10:19.644 11185 11228 W System.err: 	at android.os.Handler.dispatchMessage(Handler.java:105)
11-28 14:10:19.644 11185 11228 W System.err: 	at android.os.Looper.loop(Looper.java:216)
11-28 14:10:19.644 11185 11228 W System.err: 	at android.os.HandlerThread.run(HandlerThread.java:65)
11-28 14:10:19.681 11185 11228 W System.err: java.net.SocketException: Network is unreachable
11-28 14:10:19.681 11185 11228 W System.err: 	at sun.nio.ch.DatagramChannelImpl.send0(Native Method)
11-28 14:10:19.681 11185 11228 W System.err: 	at sun.nio.ch.DatagramChannelImpl.sendFromNativeBuffer(DatagramChannelImpl.java:573)
11-28 14:10:19.681 11185 11228 W System.err: 	at sun.nio.ch.DatagramChannelImpl.send(DatagramChannelImpl.java:550)
11-28 14:10:19.681 11185 11228 W System.err: 	at sun.nio.ch.DatagramChannelImpl.send(DatagramChannelImpl.java:514)
11-28 14:10:19.681 11185 11228 W System.err: 	at symlab.CloudAR.network.TransmissionTask.run(TransmissionTask.java:138)
11-28 14:10:19.681 11185 11228 W System.err: 	at android.os.Handler.handleCallback(Handler.java:907)
11-28 14:10:19.681 11185 11228 W System.err: 	at android.os.Handler.dispatchMessage(Handler.java:105)
11-28 14:10:19.681 11185 11228 W System.err: 	at android.os.Looper.loop(Looper.java:216)
11-28 14:10:19.681 11185 11228 W System.err: 	at android.os.HandlerThread.run(HandlerThread.java:65)
11-28 14:10:19.715 11185 11228 W System.err: java.net.SocketException: Network is unreachable
11-28 14:10:19.715 11185 11228 W System.err: 	at sun.nio.ch.DatagramChannelImpl.send0(Native Method)
11-28 14:10:19.715 11185 11228 W System.err: 	at sun.nio.ch.DatagramChannelImpl.sendFromNativeBuffer(DatagramChannelImpl.java:573)
11-28 14:10:19.715 11185 11228 W System.err: 	at sun.nio.ch.DatagramChannelImpl.send(DatagramChannelImpl.java:550)
11-28 14:10:19.715 11185 11228 W System.err: 	at sun.nio.ch.DatagramChannelImpl.send(DatagramChannelImpl.java:514)
11-28 14:10:19.715 11185 11228 W System.err: 	at symlab.CloudAR.network.TransmissionTask.run(TransmissionTask.java:138)
11-28 14:10:19.715 11185 11228 W System.err: 	at android.os.Handler.handleCallback(Handler.java:907)
11-28 14:10:19.715 11185 11228 W System.err: 	at android.os.Handler.dispatchMessage(Handler.java:105)
11-28 14:10:19.715 11185 11228 W System.err: 	at android.os.Looper.loop(Looper.java:216)
11-28 14:10:19.715 11185 11228 W System.err: 	at android.os.HandlerThread.run(HandlerThread.java:65)
11-28 14:10:19.749 11185 11228 W System.err: java.net.SocketException: Network is unreachable
11-28 14:10:19.749 11185 11228 W System.err: 	at sun.nio.ch.DatagramChannelImpl.send0(Native Method)
11-28 14:10:19.749 11185 11228 W System.err: 	at sun.nio.ch.DatagramChannelImpl.sendFromNativeBuffer(DatagramChannelImpl.java:573)
11-28 14:10:19.749 11185 11228 W System.err: 	at sun.nio.ch.DatagramChannelImpl.send(DatagramChannelImpl.java:550)
11-28 14:10:19.749 11185 11228 W System.err: 	at sun.nio.ch.DatagramChannelImpl.send(DatagramChannelImpl.java:514)
11-28 14:10:19.749 11185 11228 W System.err: 	at symlab.CloudAR.network.TransmissionTask.run(TransmissionTask.java:138)
11-28 14:10:19.749 11185 11228 W System.err: 	at android.os.Handler.handleCallback(Handler.java:907)
11-28 14:10:19.749 11185 11228 W System.err: 	at android.os.Handler.dispatchMessage(Handler.java:105)
11-28 14:10:19.749 11185 11228 W System.err: 	at android.os.Looper.loop(Looper.java:216)
11-28 14:10:19.749 11185 11228 W System.err: 	at android.os.HandlerThread.run(HandlerThread.java:65)
11-28 14:10:19.798 11185 11228 W System.err: java.net.SocketException: Network is unreachable
11-28 14:10:19.798 11185 11228 W System.err: 	at sun.nio.ch.DatagramChannelImpl.send0(Native Method)
11-28 14:10:19.799 11185 11228 W System.err: 	at sun.nio.ch.DatagramChannelImpl.sendFromNativeBuffer(DatagramChannelImpl.java:573)
11-28 14:10:19.799 11185 11228 W System.err: 	at sun.nio.ch.DatagramChannelImpl.send(DatagramChannelImpl.java:550)
11-28 14:10:19.799 11185 11228 W System.err: 	at sun.nio.ch.DatagramChannelImpl.send(DatagramChannelImpl.java:514)
11-28 14:10:19.799 11185 11228 W System.err: 	at symlab.CloudAR.network.TransmissionTask.run(TransmissionTask.java:138)
11-28 14:10:19.799 11185 11228 W System.err: 	at android.os.Handler.handleCallback(Handler.java:907)
11-28 14:10:19.799 11185 11228 W System.err: 	at android.os.Handler.dispatchMessage(Handler.java:105)
11-28 14:10:19.799 11185 11228 W System.err: 	at android.os.Looper.loop(Looper.java:216)
11-28 14:10:19.799 11185 11228 W System.err: 	at android.os.HandlerThread.run(HandlerThread.java:65)
11-28 14:10:20.057 11185 11228 W System.err: java.net.SocketException: Network is unreachable
11-28 14:10:20.057 11185 11228 W System.err: 	at sun.nio.ch.DatagramChannelImpl.send0(Native Method)
11-28 14:10:20.057 11185 11228 W System.err: 	at sun.nio.ch.DatagramChannelImpl.sendFromNativeBuffer(DatagramChannelImpl.java:573)
11-28 14:10:20.057 11185 11228 W System.err: 	at sun.nio.ch.DatagramChannelImpl.send(DatagramChannelImpl.java:550)
11-28 14:10:20.057 11185 11228 W System.err: 	at sun.nio.ch.DatagramChannelImpl.send(DatagramChannelImpl.java:514)
11-28 14:10:20.057 11185 11228 W System.err: 	at symlab.CloudAR.network.TransmissionTask.run(TransmissionTask.java:138)
11-28 14:10:20.057 11185 11228 W System.err: 	at android.os.Handler.handleCallback(Handler.java:907)
11-28 14:10:20.057 11185 11228 W System.err: 	at android.os.Handler.dispatchMessage(Handler.java:105)
11-28 14:10:20.057 11185 11228 W System.err: 	at android.os.Looper.loop(Looper.java:216)
11-28 14:10:20.057 11185 11228 W System.err: 	at android.os.HandlerThread.run(HandlerThread.java:65)
11-28 14:10:20.081 11185 11228 W System.err: java.net.SocketException: Network is unreachable
11-28 14:10:20.082 11185 11228 W System.err: 	at sun.nio.ch.DatagramChannelImpl.send0(Native Method)
11-28 14:10:20.082 11185 11228 W System.err: 	at sun.nio.ch.DatagramChannelImpl.sendFromNativeBuffer(DatagramChannelImpl.java:573)
11-28 14:10:20.082 11185 11228 W System.err: 	at sun.nio.ch.DatagramChannelImpl.send(DatagramChannelImpl.java:550)
11-28 14:10:20.082 11185 11228 W System.err: 	at sun.nio.ch.DatagramChannelImpl.send(DatagramChannelImpl.java:514)
11-28 14:10:20.082 11185 11228 W System.err: 	at symlab.CloudAR.network.TransmissionTask.run(TransmissionTask.java:138)
11-28 14:10:20.082 11185 11228 W System.err: 	at android.os.Handler.handleCallback(Handler.java:907)
11-28 14:10:20.082 11185 11228 W System.err: 	at android.os.Handler.dispatchMessage(Handler.java:105)
11-28 14:10:20.082 11185 11228 W System.err: 	at android.os.Looper.loop(Looper.java:216)
11-28 14:10:20.082 11185 11228 W System.err: 	at android.os.HandlerThread.run(HandlerThread.java:65)
11-28 14:10:20.109 11185 11228 W System.err: java.net.SocketException: Network is unreachable
11-28 14:10:20.109 11185 11228 W System.err: 	at sun.nio.ch.DatagramChannelImpl.send0(Native Method)
11-28 14:10:20.110 11185 11228 W System.err: 	at sun.nio.ch.DatagramChannelImpl.sendFromNativeBuffer(DatagramChannelImpl.java:573)
11-28 14:10:20.110 11185 11228 W System.err: 	at sun.nio.ch.DatagramChannelImpl.send(DatagramChannelImpl.java:550)
11-28 14:10:20.110 11185 11228 W System.err: 	at sun.nio.ch.DatagramChannelImpl.send(DatagramChannelImpl.java:514)
11-28 14:10:20.110 11185 11228 W System.err: 	at symlab.CloudAR.network.TransmissionTask.run(TransmissionTask.java:138)
11-28 14:10:20.110 11185 11228 W System.err: 	at android.os.Handler.handleCallback(Handler.java:907)
11-28 14:10:20.110 11185 11228 W System.err: 	at android.os.Handler.dispatchMessage(Handler.java:105)
11-28 14:10:20.110 11185 11228 W System.err: 	at android.os.Looper.loop(Looper.java:216)
11-28 14:10:20.110 11185 11228 W System.err: 	at android.os.HandlerThread.run(HandlerThread.java:65)
11-28 14:10:20.134 11185 11228 W System.err: java.net.SocketException: Network is unreachable
11-28 14:10:20.134 11185 11228 W System.err: 	at sun.nio.ch.DatagramChannelImpl.send0(Native Method)
11-28 14:10:20.134 11185 11228 W System.err: 	at sun.nio.ch.DatagramChannelImpl.sendFromNativeBuffer(DatagramChannelImpl.java:573)
11-28 14:10:20.134 11185 11228 W System.err: 	at sun.nio.ch.DatagramChannelImpl.send(DatagramChannelImpl.java:550)
11-28 14:10:20.134 11185 11228 W System.err: 	at sun.nio.ch.DatagramChannelImpl.send(DatagramChannelImpl.java:514)
11-28 14:10:20.134 11185 11228 W System.err: 	at symlab.CloudAR.network.TransmissionTask.run(TransmissionTask.java:138)
11-28 14:10:20.134 11185 11228 W System.err: 	at android.os.Handler.handleCallback(Handler.java:907)
11-28 14:10:20.134 11185 11228 W System.err: 	at android.os.Handler.dispatchMessage(Handler.java:105)
11-28 14:10:20.134 11185 11228 W System.err: 	at android.os.Looper.loop(Looper.java:216)
11-28 14:10:20.134 11185 11228 W System.err: 	at android.os.HandlerThread.run(HandlerThread.java:65)
11-28 14:10:20.168 11185 11228 W System.err: java.net.SocketException: Network is unreachable
11-28 14:10:20.168 11185 11228 W System.err: 	at sun.nio.ch.DatagramChannelImpl.send0(Native Method)
11-28 14:10:20.168 11185 11228 W System.err: 	at sun.nio.ch.DatagramChannelImpl.sendFromNativeBuffer(DatagramChannelImpl.java:573)
11-28 14:10:20.168 11185 11228 W System.err: 	at sun.nio.ch.DatagramChannelImpl.send(DatagramChannelImpl.java:550)
11-28 14:10:20.168 11185 11228 W System.err: 	at sun.nio.ch.DatagramChannelImpl.send(DatagramChannelImpl.java:514)
11-28 14:10:20.169 11185 11228 W System.err: 	at symlab.CloudAR.network.TransmissionTask.run(TransmissionTask.java:138)
11-28 14:10:20.169 11185 11228 W System.err: 	at android.os.Handler.handleCallback(Handler.java:907)
11-28 14:10:20.169 11185 11228 W System.err: 	at android.os.Handler.dispatchMessage(Handler.java:105)
11-28 14:10:20.169 11185 11228 W System.err: 	at android.os.Looper.loop(Looper.java:216)
11-28 14:10:20.169 11185 11228 W System.err: 	at android.os.HandlerThread.run(HandlerThread.java:65)
11-28 14:10:20.175 11185 11185 D Poster  : At 1574943020174 location is 65.05790097203204 (latitude), and 25.4700890788891 (longitude)
11-28 14:10:20.177 11185 11185 D Poster  : Connected to mobile network 13
11-28 14:10:20.198 11185 11228 W System.err: java.net.SocketException: Network is unreachable
11-28 14:10:20.198 11185 11228 W System.err: 	at sun.nio.ch.DatagramChannelImpl.send0(Native Method)
11-28 14:10:20.198 11185 11228 W System.err: 	at sun.nio.ch.DatagramChannelImpl.sendFromNativeBuffer(DatagramChannelImpl.java:573)
11-28 14:10:20.198 11185 11228 W System.err: 	at sun.nio.ch.DatagramChannelImpl.send(DatagramChannelImpl.java:550)
11-28 14:10:20.198 11185 11228 W System.err: 	at sun.nio.ch.DatagramChannelImpl.send(DatagramChannelImpl.java:514)
11-28 14:10:20.198 11185 11228 W System.err: 	at symlab.CloudAR.network.TransmissionTask.run(TransmissionTask.java:138)
11-28 14:10:20.198 11185 11228 W System.err: 	at android.os.Handler.handleCallback(Handler.java:907)
11-28 14:10:20.198 11185 11228 W System.err: 	at android.os.Handler.dispatchMessage(Handler.java:105)
11-28 14:10:20.198 11185 11228 W System.err: 	at android.os.Looper.loop(Looper.java:216)
11-28 14:10:20.198 11185 11228 W System.err: 	at android.os.HandlerThread.run(HandlerThread.java:65)
11-28 14:10:20.219 11185 11196 E         : [ZeroHung]zrhung_get_config: Get config failed for wp[0x0008]
11-28 14:10:20.220 11185 11228 W System.err: java.net.SocketException: Network is unreachable
11-28 14:10:20.220 11185 11228 W System.err: 	at sun.nio.ch.DatagramChannelImpl.send0(Native Method)
11-28 14:10:20.220 11185 11228 W System.err: 	at sun.nio.ch.DatagramChannelImpl.sendFromNativeBuffer(DatagramChannelImpl.java:573)
11-28 14:10:20.220 11185 11228 W System.err: 	at sun.nio.ch.DatagramChannelImpl.send(DatagramChannelImpl.java:550)
11-28 14:10:20.220 11185 11228 W System.err: 	at sun.nio.ch.DatagramChannelImpl.send(DatagramChannelImpl.java:514)
11-28 14:10:20.220 11185 11228 W System.err: 	at symlab.CloudAR.network.TransmissionTask.run(TransmissionTask.java:138)
11-28 14:10:20.220 11185 11228 W System.err: 	at android.os.Handler.handleCallback(Handler.java:907)
11-28 14:10:20.220 11185 11228 W System.err: 	at android.os.Handler.dispatchMessage(Handler.java:105)
11-28 14:10:20.220 11185 11228 W System.err: 	at android.os.Looper.loop(Looper.java:216)
11-28 14:10:20.220 11185 11228 W System.err: 	at android.os.HandlerThread.run(HandlerThread.java:65)
11-28 14:10:20.261 11185 11228 W System.err: java.net.SocketException: Network is unreachable
11-28 14:10:20.262 11185 11228 W System.err: 	at sun.nio.ch.DatagramChannelImpl.send0(Native Method)
11-28 14:10:20.262 11185 11228 W System.err: 	at sun.nio.ch.DatagramChannelImpl.sendFromNativeBuffer(DatagramChannelImpl.java:573)
11-28 14:10:20.262 11185 11228 W System.err: 	at sun.nio.ch.DatagramChannelImpl.send(DatagramChannelImpl.java:550)
11-28 14:10:20.262 11185 11228 W System.err: 	at sun.nio.ch.DatagramChannelImpl.send(DatagramChannelImpl.java:514)
11-28 14:10:20.262 11185 11228 W System.err: 	at symlab.CloudAR.network.TransmissionTask.run(TransmissionTask.java:138)
11-28 14:10:20.262 11185 11228 W System.err: 	at android.os.Handler.handleCallback(Handler.java:907)
11-28 14:10:20.262 11185 11228 W System.err: 	at android.os.Handler.dispatchMessage(Handler.java:105)
11-28 14:10:20.262 11185 11228 W System.err: 	at android.os.Looper.loop(Looper.java:216)
11-28 14:10:20.262 11185 11228 W System.err: 	at android.os.HandlerThread.run(HandlerThread.java:65)
11-28 14:10:20.339 11185 11228 W System.err: java.net.SocketException: Network is unreachable
11-28 14:10:20.339 11185 11228 W System.err: 	at sun.nio.ch.DatagramChannelImpl.send0(Native Method)
11-28 14:10:20.339 11185 11228 W System.err: 	at sun.nio.ch.DatagramChannelImpl.sendFromNativeBuffer(DatagramChannelImpl.java:573)
11-28 14:10:20.339 11185 11228 W System.err: 	at sun.nio.ch.DatagramChannelImpl.send(DatagramChannelImpl.java:550)
11-28 14:10:20.339 11185 11228 W System.err: 	at sun.nio.ch.DatagramChannelImpl.send(DatagramChannelImpl.java:514)
11-28 14:10:20.339 11185 11228 W System.err: 	at symlab.CloudAR.network.TransmissionTask.run(TransmissionTask.java:138)
11-28 14:10:20.339 11185 11228 W System.err: 	at android.os.Handler.handleCallback(Handler.java:907)
11-28 14:10:20.339 11185 11228 W System.err: 	at android.os.Handler.dispatchMessage(Handler.java:105)
11-28 14:10:20.339 11185 11228 W System.err: 	at android.os.Looper.loop(Looper.java:216)
11-28 14:10:20.339 11185 11228 W System.err: 	at android.os.HandlerThread.run(HandlerThread.java:65)
11-28 14:10:20.422 11185 11228 W System.err: java.net.SocketException: Network is unreachable
11-28 14:10:20.422 11185 11228 W System.err: 	at sun.nio.ch.DatagramChannelImpl.send0(Native Method)
11-28 14:10:20.422 11185 11228 W System.err: 	at sun.nio.ch.DatagramChannelImpl.sendFromNativeBuffer(DatagramChannelImpl.java:573)
11-28 14:10:20.422 11185 11228 W System.err: 	at sun.nio.ch.DatagramChannelImpl.send(DatagramChannelImpl.java:550)
11-28 14:10:20.422 11185 11228 W System.err: 	at sun.nio.ch.DatagramChannelImpl.send(DatagramChannelImpl.java:514)
11-28 14:10:20.422 11185 11228 W System.err: 	at symlab.CloudAR.network.TransmissionTask.run(TransmissionTask.java:138)
11-28 14:10:20.422 11185 11228 W System.err: 	at android.os.Handler.handleCallback(Handler.java:907)
11-28 14:10:20.422 11185 11228 W System.err: 	at android.os.Handler.dispatchMessage(Handler.java:105)
11-28 14:10:20.422 11185 11228 W System.err: 	at android.os.Looper.loop(Looper.java:216)
11-28 14:10:20.422 11185 11228 W System.err: 	at android.os.HandlerThread.run(HandlerThread.java:65)
11-28 14:10:20.443 11185 11228 W System.err: java.net.SocketException: Network is unreachable
11-28 14:10:20.443 11185 11228 W System.err: 	at sun.nio.ch.DatagramChannelImpl.send0(Native Method)
11-28 14:10:20.443 11185 11228 W System.err: 	at sun.nio.ch.DatagramChannelImpl.sendFromNativeBuffer(DatagramChannelImpl.java:573)
11-28 14:10:20.443 11185 11228 W System.err: 	at sun.nio.ch.DatagramChannelImpl.send(DatagramChannelImpl.java:550)
11-28 14:10:20.443 11185 11228 W System.err: 	at sun.nio.ch.DatagramChannelImpl.send(DatagramChannelImpl.java:514)
11-28 14:10:20.443 11185 11228 W System.err: 	at symlab.CloudAR.network.TransmissionTask.run(TransmissionTask.java:138)
11-28 14:10:20.443 11185 11228 W System.err: 	at android.os.Handler.handleCallback(Handler.java:907)
11-28 14:10:20.443 11185 11228 W System.err: 	at android.os.Handler.dispatchMessage(Handler.java:105)
11-28 14:10:20.444 11185 11228 W System.err: 	at android.os.Looper.loop(Looper.java:216)
11-28 14:10:20.444 11185 11228 W System.err: 	at android.os.HandlerThread.run(HandlerThread.java:65)
11-28 14:10:20.465 11185 11228 W System.err: java.net.SocketException: Network is unreachable
11-28 14:10:20.465 11185 11228 W System.err: 	at sun.nio.ch.DatagramChannelImpl.send0(Native Method)
11-28 14:10:20.465 11185 11228 W System.err: 	at sun.nio.ch.DatagramChannelImpl.sendFromNativeBuffer(DatagramChannelImpl.java:573)
11-28 14:10:20.465 11185 11228 W System.err: 	at sun.nio.ch.DatagramChannelImpl.send(DatagramChannelImpl.java:550)
11-28 14:10:20.465 11185 11228 W System.err: 	at sun.nio.ch.DatagramChannelImpl.send(DatagramChannelImpl.java:514)
11-28 14:10:20.465 11185 11228 W System.err: 	at symlab.CloudAR.network.TransmissionTask.run(TransmissionTask.java:138)
11-28 14:10:20.465 11185 11228 W System.err: 	at android.os.Handler.handleCallback(Handler.java:907)
11-28 14:10:20.465 11185 11228 W System.err: 	at android.os.Handler.dispatchMessage(Handler.java:105)
11-28 14:10:20.465 11185 11228 W System.err: 	at android.os.Looper.loop(Looper.java:216)
11-28 14:10:20.465 11185 11228 W System.err: 	at android.os.HandlerThread.run(HandlerThread.java:65)
