--------- beginning of main
11-28 13:32:11.539 28639 28639 I loudridar.arhu: Late-enabling -Xcheck:jni
11-28 13:32:11.569 28639 28639 I loudridar.arhu: Reinit property: dalvik.vm.checkjni= false
11-28 13:32:11.583 28639 28639 D ZrHung.AppEyeUiProbe: AppEyeUIP created.
11-28 13:32:11.583 28639 28639 W re-initialized>: type=1400 audit(0.0:35749): avc: denied { read } for name="u:object_r:mmi_prop:s0" dev="tmpfs" ino=16663 scontext=u:r:untrusted_app:s0:c147,c256,c512,c768 tcontext=u:object_r:mmi_prop:s0 tclass=file permissive=0
11-28 13:32:11.585 28639 28639 E libc    : Access denied finding property "runtime.mmitest.isrunning"
--------- beginning of system
11-28 13:32:11.587 28639 28639 D ActivityThread: Attach thread to application
11-28 13:32:11.651 28639 28662 I HwApiCacheMangerEx: apicache path=/storage/emulated/0 state=mounted key=symlab.cloudridar.arhud#10147#256
11-28 13:32:11.651 28639 28662 I HwApiCacheMangerEx: apicache path=/storage/emulated/0 state=mounted key=symlab.cloudridar.arhud#10147#0
11-28 13:32:11.720 28639 28639 I loudridar.arhu: QarthPatchMonintor::Init
11-28 13:32:11.720 28639 28639 I loudridar.arhu: 
11-28 13:32:11.720 28639 28639 I loudridar.arhu: QarthPatchMonintor::StartWatch
11-28 13:32:11.720 28639 28639 I loudridar.arhu: 
11-28 13:32:11.720 28639 28639 I loudridar.arhu: QarthPatchMonintor::WatchPackage: /data/hotpatch/fwkhotpatch/
11-28 13:32:11.720 28639 28639 I loudridar.arhu: 
11-28 13:32:11.720 28639 28639 I loudridar.arhu: QarthPatchMonintor::CheckAndWatchPatch: /data/hotpatch/fwkhotpatch/symlab.cloudridar.arhud
11-28 13:32:11.720 28639 28639 I loudridar.arhu: 
11-28 13:32:11.720 28639 28639 I loudridar.arhu: QarthPatchMonintor::CheckAndWatchPatch: /data/hotpatch/fwkhotpatch/all
11-28 13:32:11.720 28639 28639 I loudridar.arhu: 
11-28 13:32:11.720 28639 28639 I loudridar.arhu: QarthPatchMonintor::Run
11-28 13:32:11.720 28639 28639 I loudridar.arhu: 
11-28 13:32:11.721 28639 28670 I loudridar.arhu: QarthPatchMonintor::Reading
11-28 13:32:11.721 28639 28670 I loudridar.arhu: 
11-28 13:32:11.721 28639 28670 I loudridar.arhu: QarthPatchMonintor::CheckNotifyEvent
11-28 13:32:11.721 28639 28670 I loudridar.arhu: 
11-28 13:32:11.721 28639 28670 I loudridar.arhu: QarthPatchMonintor::CheckNotifyEvent before read
11-28 13:32:11.721 28639 28670 I loudridar.arhu: 
11-28 13:32:11.724 28639 28639 I MultiDex: VM with version 2.1.0 has multidex support
11-28 13:32:11.724 28639 28639 I MultiDex: Installing application
11-28 13:32:11.724 28639 28639 I MultiDex: VM has multidex support, MultiDex support library is disabled.
11-28 13:32:11.725 28639 28662 I AwareBitmapCacher: init processName:symlab.cloudridar.arhud pid=28639 uid=10147
11-28 13:32:11.727 28639 28672 E AwareLog: AtomicFileUtils: readFileLines file not exist: android.util.AtomicFile@919d802
11-28 13:32:11.727 28639 28672 E AwareLog: AtomicFileUtils: readFileLines file not exist: android.util.AtomicFile@35dc513
11-28 13:32:11.728 28639 28639 I FirebaseInitProvider: FirebaseApp initialization unsuccessful
11-28 13:32:11.735 28639 28639 D ZrHung.AppEyeUiProbe: notify runnable to start.
11-28 13:32:11.735 28639 28677 D ZrHung.AppEyeUiProbe: Runnable thread started.
11-28 13:32:11.735 28639 28677 D IMonitor: Load library imonitor_jni
11-28 13:32:11.740 28639 28677 E         : [ZeroHung]zrhung_get_config: Get config failed for wp[0x0102]
11-28 13:32:11.740 28639 28677 W ZrHung.AppEyeUiProbe: Failed to get config from zrhung
11-28 13:32:11.743 28675 28675 W logcat  : type=1400 audit(0.0:35750): avc: granted { create } for name="logcat_1574940731730.txt" scontext=u:r:untrusted_app:s0:c147,c256,c512,c768 tcontext=u:object_r:sdcardfs:s0:c147,c256,c512,c768 tclass=file
11-28 13:32:11.747 28639 28639 I MultiDex: Installing application
11-28 13:32:11.747 28639 28639 I MultiDex: VM has multidex support, MultiDex support library is disabled.
11-28 13:32:11.750 28639 28639 V ActivityThread: callActivityOnCreate
11-28 13:32:11.750 28639 28639 I Poster  :  onCreate() called.
11-28 13:32:11.753 28639 28639 I HwApsImpl: APS: new HwApsImpl created
11-28 13:32:11.759 28639 28639 V HwWidgetFactory: : successes to get AllImpl object and return....
11-28 13:32:11.767 28639 28639 D OpenGLRenderer: Skia GL Pipeline
11-28 13:32:11.787 28639 28639 D Poster  : Server details are IP 193.166.28.132 and port 52727
11-28 13:32:11.792 28639 28639 D Poster  : Server bound to IP 193.166.28.132 and port 52727
11-28 13:32:11.797 28639 28639 D ActivityThread: add activity client record, r= ActivityRecord{db8bbd token=android.os.BinderProxy@c62e47c {symlab.cloudridar.arhud/symlab.ARHUD.MainActivity}} token= android.os.BinderProxy@c62e47c
11-28 13:32:11.799 28639 28639 I Poster  :  onStart() called.
11-28 13:32:11.800 28639 28639 D ZrHung.AppEyeUiProbe: notify runnable to start.
11-28 13:32:11.801 28639 28639 I Poster  :  onResume() called.
11-28 13:32:11.807 28639 28639 I PermissionManager: camera remind result:true
11-28 13:32:11.807 28639 28639 I Camera  : open camera: 0, package name: symlab.cloudridar.arhud
11-28 13:32:11.807 28639 28639 I BackgroundPermManager: pkgName: symlab.cloudridar.arhud,pid: 28639 ,uidOf3RdApk: 10147 ,permType: 0 ,permCfg: 1
11-28 13:32:11.808 28639 28639 I HwCameraUtil: notifySurfaceFlingerCameraStatus : isFront = false , isOpend = true
11-28 13:32:11.816 28639 28639 D ActivityThread: isOptEnabled=false isWechatScanOpt=false
11-28 13:32:11.818 28639 28639 I HwSecImmHelper: mSecurityInputMethodService is null
11-28 13:32:11.824 28639 28639 D OpenGLRenderer:   HWUI Binary is  enabled
11-28 13:32:11.848 28639 28710 D HiTouch_PressGestureDetector: onAttached, package=symlab.cloudridar.arhud, windowType=1, mHiTouchRestricted=false
11-28 13:32:11.865 28639 28708 I ConfigStore: android::hardware::configstore::V1_0::ISurfaceFlingerConfigs::hasWideColorDisplay retrieved: 0
11-28 13:32:11.865 28639 28708 I ConfigStore: android::hardware::configstore::V1_0::ISurfaceFlingerConfigs::hasHDRDisplay retrieved: 0
11-28 13:32:11.866 28639 28708 I iGraphics: [0020080c] pn: symlab.cloudridar.arhud, p: 28639
11-28 13:32:11.866 28639 28708 I OpenGLRenderer: Initialized EGL, version 1.4, mEglDisplay 0x1
11-28 13:32:11.866 28639 28708 D OpenGLRenderer: Swap behavior 2
11-28 13:32:11.875 28639 28708 D mali_winsys: EGLint new_window_surface(egl_winsys_display *, void *, EGLSurface, EGLConfig, egl_winsys_surface **, EGLBoolean) returns 0x3000
11-28 13:32:11.877 28639 28639 I Poster  :  surfaceCreated() called.
11-28 13:32:11.877 28639 28639 I Poster  : initPreview() called
11-28 13:32:11.882 28639 28639 I PermissionManager: camera remind result:true
11-28 13:32:11.888 28639 28639 I Poster  :  surfaceChanged() called.
11-28 13:32:11.905 28639 28639 W InputMethodManager: startInputReason = 1
11-28 13:32:11.921 28639 28639 W InputMethodManager: startInputReason = 5
11-28 13:32:12.516 28639 28652 E         : [ZeroHung]zrhung_get_config: Get config failed for wp[0x0008]
11-28 13:32:12.525 28639 28650 W System  : A resource failed to call close. 
11-28 13:32:12.526 28639 28650 I chatty  : uid=10147(symlab.cloudridar.arhud) FinalizerDaemon identical 9 lines
11-28 13:32:12.526 28639 28650 W System  : A resource failed to call close. 
11-28 13:32:12.956 28639 28688 D Evaluation: 1 res for frame 6 received at 1574940732956
11-28 13:32:13.177 28639 28688 W System.err: java.net.SocketException: Message too long
11-28 13:32:13.177 28639 28688 W System.err: 	at sun.nio.ch.DatagramChannelImpl.send0(Native Method)
11-28 13:32:13.177 28639 28688 W System.err: 	at sun.nio.ch.DatagramChannelImpl.sendFromNativeBuffer(DatagramChannelImpl.java:573)
11-28 13:32:13.177 28639 28688 W System.err: 	at sun.nio.ch.DatagramChannelImpl.send(DatagramChannelImpl.java:550)
11-28 13:32:13.177 28639 28688 W System.err: 	at sun.nio.ch.DatagramChannelImpl.send(DatagramChannelImpl.java:514)
11-28 13:32:13.177 28639 28688 W System.err: 	at symlab.CloudAR.network.TransmissionTask.run(TransmissionTask.java:138)
11-28 13:32:13.177 28639 28688 W System.err: 	at android.os.Handler.handleCallback(Handler.java:907)
11-28 13:32:13.177 28639 28688 W System.err: 	at android.os.Handler.dispatchMessage(Handler.java:105)
11-28 13:32:13.177 28639 28688 W System.err: 	at android.os.Looper.loop(Looper.java:216)
11-28 13:32:13.177 28639 28688 W System.err: 	at android.os.HandlerThread.run(HandlerThread.java:65)
11-28 13:32:13.203 28639 28688 W System.err: java.net.SocketException: Message too long
11-28 13:32:13.203 28639 28688 W System.err: 	at sun.nio.ch.DatagramChannelImpl.send0(Native Method)
11-28 13:32:13.203 28639 28688 W System.err: 	at sun.nio.ch.DatagramChannelImpl.sendFromNativeBuffer(DatagramChannelImpl.java:573)
11-28 13:32:13.203 28639 28688 W System.err: 	at sun.nio.ch.DatagramChannelImpl.send(DatagramChannelImpl.java:550)
11-28 13:32:13.203 28639 28688 W System.err: 	at sun.nio.ch.DatagramChannelImpl.send(DatagramChannelImpl.java:514)
11-28 13:32:13.203 28639 28688 W System.err: 	at symlab.CloudAR.network.TransmissionTask.run(TransmissionTask.java:138)
11-28 13:32:13.203 28639 28688 W System.err: 	at android.os.Handler.handleCallback(Handler.java:907)
11-28 13:32:13.203 28639 28688 W System.err: 	at android.os.Handler.dispatchMessage(Handler.java:105)
11-28 13:32:13.203 28639 28688 W System.err: 	at android.os.Looper.loop(Looper.java:216)
11-28 13:32:13.203 28639 28688 W System.err: 	at android.os.HandlerThread.run(HandlerThread.java:65)
11-28 13:32:13.223 28639 28639 D Poster  : At 1574940733222 location is 65.05806662805877 (latitude), and 25.469767593048296 (longitude)
11-28 13:32:13.227 28639 28639 D Poster  : Connected to mobile network 20
11-28 13:32:13.241 28639 28688 W System.err: java.net.SocketException: Message too long
11-28 13:32:13.242 28639 28688 W System.err: 	at sun.nio.ch.DatagramChannelImpl.send0(Native Method)
11-28 13:32:13.242 28639 28688 W System.err: 	at sun.nio.ch.DatagramChannelImpl.sendFromNativeBuffer(DatagramChannelImpl.java:573)
11-28 13:32:13.242 28639 28688 W System.err: 	at sun.nio.ch.DatagramChannelImpl.send(DatagramChannelImpl.java:550)
11-28 13:32:13.242 28639 28688 W System.err: 	at sun.nio.ch.DatagramChannelImpl.send(DatagramChannelImpl.java:514)
11-28 13:32:13.242 28639 28688 W System.err: 	at symlab.CloudAR.network.TransmissionTask.run(TransmissionTask.java:138)
11-28 13:32:13.242 28639 28688 W System.err: 	at android.os.Handler.handleCallback(Handler.java:907)
11-28 13:32:13.242 28639 28688 W System.err: 	at android.os.Handler.dispatchMessage(Handler.java:105)
11-28 13:32:13.242 28639 28688 W System.err: 	at android.os.Looper.loop(Looper.java:216)
11-28 13:32:13.242 28639 28688 W System.err: 	at android.os.HandlerThread.run(HandlerThread.java:65)
11-28 13:32:13.276 28639 28688 W System.err: java.net.SocketException: Message too long
11-28 13:32:13.276 28639 28688 W System.err: 	at sun.nio.ch.DatagramChannelImpl.send0(Native Method)
11-28 13:32:13.277 28639 28688 W System.err: 	at sun.nio.ch.DatagramChannelImpl.sendFromNativeBuffer(DatagramChannelImpl.java:573)
11-28 13:32:13.277 28639 28688 W System.err: 	at sun.nio.ch.DatagramChannelImpl.send(DatagramChannelImpl.java:550)
11-28 13:32:13.277 28639 28688 W System.err: 	at sun.nio.ch.DatagramChannelImpl.send(DatagramChannelImpl.java:514)
11-28 13:32:13.277 28639 28688 W System.err: 	at symlab.CloudAR.network.TransmissionTask.run(TransmissionTask.java:138)
11-28 13:32:13.277 28639 28688 W System.err: 	at android.os.Handler.handleCallback(Handler.java:907)
11-28 13:32:13.277 28639 28688 W System.err: 	at android.os.Handler.dispatchMessage(Handler.java:105)
11-28 13:32:13.277 28639 28688 W System.err: 	at android.os.Looper.loop(Looper.java:216)
11-28 13:32:13.277 28639 28688 W System.err: 	at android.os.HandlerThread.run(HandlerThread.java:65)
11-28 13:32:13.311 28639 28688 W System.err: java.net.SocketException: Message too long
11-28 13:32:13.311 28639 28688 W System.err: 	at sun.nio.ch.DatagramChannelImpl.send0(Native Method)
11-28 13:32:13.312 28639 28688 W System.err: 	at sun.nio.ch.DatagramChannelImpl.sendFromNativeBuffer(DatagramChannelImpl.java:573)
11-28 13:32:13.312 28639 28688 W System.err: 	at sun.nio.ch.DatagramChannelImpl.send(DatagramChannelImpl.java:550)
11-28 13:32:13.312 28639 28688 W System.err: 	at sun.nio.ch.DatagramChannelImpl.send(DatagramChannelImpl.java:514)
11-28 13:32:13.312 28639 28688 W System.err: 	at symlab.CloudAR.network.TransmissionTask.run(TransmissionTask.java:138)
11-28 13:32:13.312 28639 28688 W System.err: 	at android.os.Handler.handleCallback(Handler.java:907)
11-28 13:32:13.312 28639 28688 W System.err: 	at android.os.Handler.dispatchMessage(Handler.java:105)
11-28 13:32:13.312 28639 28688 W System.err: 	at android.os.Looper.loop(Looper.java:216)
11-28 13:32:13.312 28639 28688 W System.err: 	at android.os.HandlerThread.run(HandlerThread.java:65)
11-28 13:32:13.346 28639 28652 E         : [ZeroHung]zrhung_get_config: Get config failed for wp[0x0008]
11-28 13:32:13.347 28639 28688 W System.err: java.net.SocketException: Message too long
11-28 13:32:13.347 28639 28688 W System.err: 	at sun.nio.ch.DatagramChannelImpl.send0(Native Method)
11-28 13:32:13.347 28639 28688 W System.err: 	at sun.nio.ch.DatagramChannelImpl.sendFromNativeBuffer(DatagramChannelImpl.java:573)
11-28 13:32:13.347 28639 28688 W System.err: 	at sun.nio.ch.DatagramChannelImpl.send(DatagramChannelImpl.java:550)
11-28 13:32:13.347 28639 28688 W System.err: 	at sun.nio.ch.DatagramChannelImpl.send(DatagramChannelImpl.java:514)
11-28 13:32:13.347 28639 28688 W System.err: 	at symlab.CloudAR.network.TransmissionTask.run(TransmissionTask.java:138)
11-28 13:32:13.347 28639 28688 W System.err: 	at android.os.Handler.handleCallback(Handler.java:907)
11-28 13:32:13.347 28639 28688 W System.err: 	at android.os.Handler.dispatchMessage(Handler.java:105)
11-28 13:32:13.347 28639 28688 W System.err: 	at android.os.Looper.loop(Looper.java:216)
11-28 13:32:13.347 28639 28688 W System.err: 	at android.os.HandlerThread.run(HandlerThread.java:65)
11-28 13:32:13.363 28639 28650 W System  : A resource failed to call close. 
11-28 13:32:13.365 28639 28650 I chatty  : uid=10147(symlab.cloudridar.arhud) FinalizerDaemon identical 17 lines
11-28 13:32:13.365 28639 28650 W System  : A resource failed to call close. 
11-28 13:32:13.381 28639 28688 W System.err: java.net.SocketException: Message too long
11-28 13:32:13.381 28639 28688 W System.err: 	at sun.nio.ch.DatagramChannelImpl.send0(Native Method)
11-28 13:32:13.381 28639 28688 W System.err: 	at sun.nio.ch.DatagramChannelImpl.sendFromNativeBuffer(DatagramChannelImpl.java:573)
11-28 13:32:13.381 28639 28688 W System.err: 	at sun.nio.ch.DatagramChannelImpl.send(DatagramChannelImpl.java:550)
11-28 13:32:13.381 28639 28688 W System.err: 	at sun.nio.ch.DatagramChannelImpl.send(DatagramChannelImpl.java:514)
11-28 13:32:13.381 28639 28688 W System.err: 	at symlab.CloudAR.network.TransmissionTask.run(TransmissionTask.java:138)
11-28 13:32:13.381 28639 28688 W System.err: 	at android.os.Handler.handleCallback(Handler.java:907)
11-28 13:32:13.381 28639 28688 W System.err: 	at android.os.Handler.dispatchMessage(Handler.java:105)
11-28 13:32:13.381 28639 28688 W System.err: 	at android.os.Looper.loop(Looper.java:216)
11-28 13:32:13.381 28639 28688 W System.err: 	at android.os.HandlerThread.run(HandlerThread.java:65)
11-28 13:32:13.400 28639 28688 W System.err: java.net.SocketException: Message too long
11-28 13:32:13.400 28639 28688 W System.err: 	at sun.nio.ch.DatagramChannelImpl.send0(Native Method)
11-28 13:32:13.400 28639 28688 W System.err: 	at sun.nio.ch.DatagramChannelImpl.sendFromNativeBuffer(DatagramChannelImpl.java:573)
11-28 13:32:13.400 28639 28688 W System.err: 	at sun.nio.ch.DatagramChannelImpl.send(DatagramChannelImpl.java:550)
11-28 13:32:13.400 28639 28688 W System.err: 	at sun.nio.ch.DatagramChannelImpl.send(DatagramChannelImpl.java:514)
11-28 13:32:13.400 28639 28688 W System.err: 	at symlab.CloudAR.network.TransmissionTask.run(TransmissionTask.java:138)
11-28 13:32:13.400 28639 28688 W System.err: 	at android.os.Handler.handleCallback(Handler.java:907)
11-28 13:32:13.400 28639 28688 W System.err: 	at android.os.Handler.dispatchMessage(Handler.java:105)
11-28 13:32:13.400 28639 28688 W System.err: 	at android.os.Looper.loop(Looper.java:216)
11-28 13:32:13.400 28639 28688 W System.err: 	at android.os.HandlerThread.run(HandlerThread.java:65)
11-28 13:32:13.440 28639 28688 W System.err: java.net.SocketException: Message too long
11-28 13:32:13.441 28639 28688 W System.err: 	at sun.nio.ch.DatagramChannelImpl.send0(Native Method)
11-28 13:32:13.441 28639 28688 W System.err: 	at sun.nio.ch.DatagramChannelImpl.sendFromNativeBuffer(DatagramChannelImpl.java:573)
11-28 13:32:13.441 28639 28688 W System.err: 	at sun.nio.ch.DatagramChannelImpl.send(DatagramChannelImpl.java:550)
11-28 13:32:13.441 28639 28688 W System.err: 	at sun.nio.ch.DatagramChannelImpl.send(DatagramChannelImpl.java:514)
11-28 13:32:13.441 28639 28688 W System.err: 	at symlab.CloudAR.network.TransmissionTask.run(TransmissionTask.java:138)
11-28 13:32:13.441 28639 28688 W System.err: 	at android.os.Handler.handleCallback(Handler.java:907)
11-28 13:32:13.441 28639 28688 W System.err: 	at android.os.Handler.dispatchMessage(Handler.java:105)
11-28 13:32:13.441 28639 28688 W System.err: 	at android.os.Looper.loop(Looper.java:216)
11-28 13:32:13.441 28639 28688 W System.err: 	at android.os.HandlerThread.run(HandlerThread.java:65)
11-28 13:32:13.481 28639 28688 W System.err: java.net.SocketException: Message too long
11-28 13:32:13.481 28639 28688 W System.err: 	at sun.nio.ch.DatagramChannelImpl.send0(Native Method)
11-28 13:32:13.481 28639 28688 W System.err: 	at sun.nio.ch.DatagramChannelImpl.sendFromNativeBuffer(DatagramChannelImpl.java:573)
11-28 13:32:13.481 28639 28688 W System.err: 	at sun.nio.ch.DatagramChannelImpl.send(DatagramChannelImpl.java:550)
11-28 13:32:13.481 28639 28688 W System.err: 	at sun.nio.ch.DatagramChannelImpl.send(DatagramChannelImpl.java:514)
11-28 13:32:13.481 28639 28688 W System.err: 	at symlab.CloudAR.network.TransmissionTask.run(TransmissionTask.java:138)
11-28 13:32:13.481 28639 28688 W System.err: 	at android.os.Handler.handleCallback(Handler.java:907)
11-28 13:32:13.481 28639 28688 W System.err: 	at android.os.Handler.dispatchMessage(Handler.java:105)
11-28 13:32:13.481 28639 28688 W System.err: 	at android.os.Looper.loop(Looper.java:216)
11-28 13:32:13.481 28639 28688 W System.err: 	at android.os.HandlerThread.run(HandlerThread.java:65)
11-28 13:32:13.502 28639 28688 W System.err: java.net.SocketException: Message too long
11-28 13:32:13.502 28639 28688 W System.err: 	at sun.nio.ch.DatagramChannelImpl.send0(Native Method)
11-28 13:32:13.502 28639 28688 W System.err: 	at sun.nio.ch.DatagramChannelImpl.sendFromNativeBuffer(DatagramChannelImpl.java:573)
11-28 13:32:13.502 28639 28688 W System.err: 	at sun.nio.ch.DatagramChannelImpl.send(DatagramChannelImpl.java:550)
11-28 13:32:13.502 28639 28688 W System.err: 	at sun.nio.ch.DatagramChannelImpl.send(DatagramChannelImpl.java:514)
11-28 13:32:13.502 28639 28688 W System.err: 	at symlab.CloudAR.network.TransmissionTask.run(TransmissionTask.java:138)
11-28 13:32:13.502 28639 28688 W System.err: 	at android.os.Handler.handleCallback(Handler.java:907)
11-28 13:32:13.502 28639 28688 W System.err: 	at android.os.Handler.dispatchMessage(Handler.java:105)
11-28 13:32:13.502 28639 28688 W System.err: 	at android.os.Looper.loop(Looper.java:216)
11-28 13:32:13.502 28639 28688 W System.err: 	at android.os.HandlerThread.run(HandlerThread.java:65)
11-28 13:32:13.569 28639 28688 W System.err: java.net.SocketException: Message too long
11-28 13:32:13.569 28639 28688 W System.err: 	at sun.nio.ch.DatagramChannelImpl.send0(Native Method)
11-28 13:32:13.570 28639 28688 W System.err: 	at sun.nio.ch.DatagramChannelImpl.sendFromNativeBuffer(DatagramChannelImpl.java:573)
11-28 13:32:13.570 28639 28688 W System.err: 	at sun.nio.ch.DatagramChannelImpl.send(DatagramChannelImpl.java:550)
11-28 13:32:13.570 28639 28688 W System.err: 	at sun.nio.ch.DatagramChannelImpl.send(DatagramChannelImpl.java:514)
11-28 13:32:13.570 28639 28688 W System.err: 	at symlab.CloudAR.network.TransmissionTask.run(TransmissionTask.java:138)
11-28 13:32:13.570 28639 28688 W System.err: 	at android.os.Handler.handleCallback(Handler.java:907)
11-28 13:32:13.570 28639 28688 W System.err: 	at android.os.Handler.dispatchMessage(Handler.java:105)
11-28 13:32:13.570 28639 28688 W System.err: 	at android.os.Looper.loop(Looper.java:216)
11-28 13:32:13.570 28639 28688 W System.err: 	at android.os.HandlerThread.run(HandlerThread.java:65)
11-28 13:32:13.646 28639 28688 W System.err: java.net.SocketException: Message too long
11-28 13:32:13.646 28639 28688 W System.err: 	at sun.nio.ch.DatagramChannelImpl.send0(Native Method)
11-28 13:32:13.646 28639 28688 W System.err: 	at sun.nio.ch.DatagramChannelImpl.sendFromNativeBuffer(DatagramChannelImpl.java:573)
11-28 13:32:13.646 28639 28688 W System.err: 	at sun.nio.ch.DatagramChannelImpl.send(DatagramChannelImpl.java:550)
11-28 13:32:13.646 28639 28688 W System.err: 	at sun.nio.ch.DatagramChannelImpl.send(DatagramChannelImpl.java:514)
11-28 13:32:13.647 28639 28688 W System.err: 	at symlab.CloudAR.network.TransmissionTask.run(TransmissionTask.java:138)
11-28 13:32:13.647 28639 28688 W System.err: 	at android.os.Handler.handleCallback(Handler.java:907)
11-28 13:32:13.647 28639 28688 W System.err: 	at android.os.Handler.dispatchMessage(Handler.java:105)
11-28 13:32:13.647 28639 28688 W System.err: 	at android.os.Looper.loop(Looper.java:216)
11-28 13:32:13.647 28639 28688 W System.err: 	at android.os.HandlerThread.run(HandlerThread.java:65)
11-28 13:32:13.679 28639 28688 W System.err: java.net.SocketException: Message too long
11-28 13:32:13.680 28639 28688 W System.err: 	at sun.nio.ch.DatagramChannelImpl.send0(Native Method)
11-28 13:32:13.680 28639 28688 W System.err: 	at sun.nio.ch.DatagramChannelImpl.sendFromNativeBuffer(DatagramChannelImpl.java:573)
11-28 13:32:13.680 28639 28688 W System.err: 	at sun.nio.ch.DatagramChannelImpl.send(DatagramChannelImpl.java:550)
11-28 13:32:13.680 28639 28688 W System.err: 	at sun.nio.ch.DatagramChannelImpl.send(DatagramChannelImpl.java:514)
11-28 13:32:13.680 28639 28688 W System.err: 	at symlab.CloudAR.network.TransmissionTask.run(TransmissionTask.java:138)
11-28 13:32:13.680 28639 28688 W System.err: 	at android.os.Handler.handleCallback(Handler.java:907)
11-28 13:32:13.680 28639 28688 W System.err: 	at android.os.Handler.dispatchMessage(Handler.java:105)
11-28 13:32:13.680 28639 28688 W System.err: 	at android.os.Looper.loop(Looper.java:216)
11-28 13:32:13.680 28639 28688 W System.err: 	at android.os.HandlerThread.run(HandlerThread.java:65)
11-28 13:32:13.810 28639 28688 W System.err: java.net.SocketException: Message too long
11-28 13:32:13.811 28639 28688 W System.err: 	at sun.nio.ch.DatagramChannelImpl.send0(Native Method)
11-28 13:32:13.811 28639 28688 W System.err: 	at sun.nio.ch.DatagramChannelImpl.sendFromNativeBuffer(DatagramChannelImpl.java:573)
11-28 13:32:13.811 28639 28688 W System.err: 	at sun.nio.ch.DatagramChannelImpl.send(DatagramChannelImpl.java:550)
11-28 13:32:13.811 28639 28688 W System.err: 	at sun.nio.ch.DatagramChannelImpl.send(DatagramChannelImpl.java:514)
11-28 13:32:13.811 28639 28688 W System.err: 	at symlab.CloudAR.network.TransmissionTask.run(TransmissionTask.java:138)
11-28 13:32:13.811 28639 28688 W System.err: 	at android.os.Handler.handleCallback(Handler.java:907)
11-28 13:32:13.811 28639 28688 W System.err: 	at android.os.Handler.dispatchMessage(Handler.java:105)
11-28 13:32:13.811 28639 28688 W System.err: 	at android.os.Looper.loop(Looper.java:216)
11-28 13:32:13.811 28639 28688 W System.err: 	at android.os.HandlerThread.run(HandlerThread.java:65)
11-28 13:32:14.243 28639 28652 E         : [ZeroHung]zrhung_get_config: Get config failed for wp[0x0008]
11-28 13:32:14.255 28639 28650 W System  : A resource failed to call close. 
11-28 13:32:14.256 28639 28650 I chatty  : uid=10147(symlab.cloudridar.arhud) FinalizerDaemon identical 15 lines
11-28 13:32:14.256 28639 28650 W System  : A resource failed to call close. 
11-28 13:32:15.355 28639 28652 E         : [ZeroHung]zrhung_get_config: Get config failed for wp[0x0008]
11-28 13:32:15.373 28639 28650 W System  : A resource failed to call close. 
11-28 13:32:15.375 28639 28650 I chatty  : uid=10147(symlab.cloudridar.arhud) FinalizerDaemon identical 21 lines
11-28 13:32:15.375 28639 28650 W System  : A resource failed to call close. 
11-28 13:32:15.375 28639 28650 W System  : A resource failed to call close. 
11-28 13:32:15.375 28639 28650 W System  : A resource failed to call close. 
11-28 13:32:15.375 28639 28650 I chatty  : uid=10147(symlab.cloudridar.arhud) FinalizerDaemon identical 7 lines
11-28 13:32:15.376 28639 28650 W System  : A resource failed to call close. 
11-28 13:32:16.527 28639 28652 E         : [ZeroHung]zrhung_get_config: Get config failed for wp[0x0008]
11-28 13:32:16.544 28639 28650 W System  : A resource failed to call close. 
11-28 13:32:16.545 28639 28650 W System  : A resource failed to call close. 
11-28 13:32:16.545 28639 28650 W System  : A resource failed to call close. 
11-28 13:32:16.546 28639 28650 I chatty  : uid=10147(symlab.cloudridar.arhud) FinalizerDaemon identical 12 lines
11-28 13:32:16.546 28639 28650 W System  : A resource failed to call close. 
11-28 13:32:16.546 28639 28650 W System  : A resource failed to call close. 
11-28 13:32:16.547 28639 28650 I chatty  : uid=10147(symlab.cloudridar.arhud) FinalizerDaemon identical 14 lines
11-28 13:32:16.547 28639 28650 W System  : A resource failed to call close. 
11-28 13:32:16.547 28639 28650 W System  : A resource failed to call close. 
11-28 13:32:16.547 28639 28650 I chatty  : uid=10147(symlab.cloudridar.arhud) FinalizerDaemon identical 1 line
11-28 13:32:16.547 28639 28650 W System  : A resource failed to call close. 
11-28 13:32:16.727 28639 28639 I AwareBitmapCacher: init lrucache size: 2097152 pid=28639
11-28 13:32:17.776 28639 28652 E         : [ZeroHung]zrhung_get_config: Get config failed for wp[0x0008]
11-28 13:32:17.794 28639 28650 W System  : A resource failed to call close. 
11-28 13:32:17.802 28639 28650 I chatty  : uid=10147(symlab.cloudridar.arhud) FinalizerDaemon identical 33 lines
11-28 13:32:17.802 28639 28650 W System  : A resource failed to call close. 
11-28 13:32:19.347 28639 28652 E         : [ZeroHung]zrhung_get_config: Get config failed for wp[0x0008]
11-28 13:32:19.367 28639 28650 W System  : A resource failed to call close. 
11-28 13:32:19.374 28639 28650 I chatty  : uid=10147(symlab.cloudridar.arhud) FinalizerDaemon identical 41 lines
11-28 13:32:19.374 28639 28650 W System  : A resource failed to call close. 
11-28 13:32:19.604 28639 28639 D stylus  : init stylus touchlistener.
11-28 13:32:19.616 28639 28639 W Settings: Setting device_provisioned has moved from android.provider.Settings.Secure to android.provider.Settings.Global.
11-28 13:32:19.617 28639 28639 V HiTouch_HiTouchSensor: User setup is finished.
11-28 13:32:19.628 28639 28639 W HiTouch_PressGestureDetector: Touch pointer move a lot. The moving distance of X is:107.08276, limit is:60The moving distance of Y is:3.9268188, limit is:60
11-28 13:32:20.077 28639 28639 I Poster  :  onPause() called.
11-28 13:32:20.140 28639 28639 I Camera  : close camera: 0, package name: symlab.cloudridar.arhud
11-28 13:32:20.140 28639 28639 I BackgroundPermManager: pkgName: symlab.cloudridar.arhud,pid: 28639 ,uidOf3RdApk: 10147 ,permType: 0 ,permCfg: 0
11-28 13:32:20.144 28639 28639 I HwCameraUtil: notifySurfaceFlingerCameraStatus : isFront = false , isOpend = false
11-28 13:32:20.257 28639 28639 D ZrHung.AppEyeUiProbe: stop checker.
11-28 13:32:20.296 28639 28639 I Poster  :  surfaceDestroyed() called.
11-28 13:32:20.297 28639 28639 D ViewRootImpl[MainActivity]: surface should not be released
11-28 13:32:20.297 28639 28639 I Poster  :  onStop() called.
11-28 13:32:20.303 28639 28708 W libEGL  : EGLNativeWindowType 0xf07f0008 disconnect failed
11-28 13:32:20.742 28639 28677 D ZrHung.AppEyeUiProbe: Current Activity:false
11-28 13:32:20.742 28639 28677 D ZrHung.AppEyeUiProbe: not watching, wait.
11-28 13:32:25.083 28639 28639 I AwareBitmapCacher: handleReleaseCache: pid=28639
11-28 13:32:25.083 28639 28639 I AwareBitmapCacher: init lrucache size: 2097152 pid=28639
11-28 13:32:25.271 28639 28652 E         : [ZeroHung]zrhung_get_config: Get config failed for wp[0x0008]
11-28 13:32:25.315 28639 28650 W System  : A resource failed to call close. 
11-28 13:32:25.315 28639 28650 W System  : A resource failed to call close. 
11-28 13:32:25.315 28639 28650 W System  : A resource failed to call close. 
11-28 13:32:25.316 28639 28650 W System  : A resource failed to call close. 
11-28 13:32:25.316 28639 28650 W System  : A resource failed to call close. 
11-28 13:32:25.316 28639 28650 W System  : A resource failed to call close. 
11-28 13:32:25.316 28639 28650 W System  : A resource failed to call close. 
11-28 13:32:25.319 28639 28650 I chatty  : uid=10147(symlab.cloudridar.arhud) FinalizerDaemon identical 14 lines
11-28 13:32:25.319 28639 28650 W System  : A resource failed to call close. 
11-28 13:32:52.218 28639 28639 D Poster  : At 1574940772218 location is 65.05771796563121 (latitude), and 25.4708813268345 (longitude)
11-28 13:32:52.224 28639 28639 D Poster  : Connected to mobile network 20
11-28 13:32:52.239 28639 28639 D Latitude: status
11-28 13:33:15.756 28639 28639 I PermissionManager: camera remind result:true
11-28 13:33:15.756 28639 28639 I BackgroundPermManager: pkgName: symlab.cloudridar.arhud,pid: 28639 ,uidOf3RdApk: 10147 ,permType: 0 ,permCfg: 1
11-28 13:33:15.758 28639 28639 I HwCameraUtil: notifySurfaceFlingerCameraStatus : isFront = false , isOpend = true
11-28 13:33:15.773 28639 28639 D ActivityThread: isOptEnabled=false isWechatScanOpt=false
11-28 13:33:15.810 28639 28708 D mali_winsys: EGLint new_window_surface(egl_winsys_display *, void *, EGLSurface, EGLConfig, egl_winsys_surface **, EGLBoolean) returns 0x3000
11-28 13:33:15.823 28639 28639 I Poster  :  surfaceCreated() called.
11-28 13:33:15.823 28639 28639 I Poster  : initPreview() called
11-28 13:33:15.824 28639 28639 I PermissionManager: camera remind result:true
11-28 13:33:15.829 28639 28639 I Poster  :  surfaceChanged() called.
11-28 13:33:15.829 28639 28639 E BpSurfaceComposerClient: Failed to transact (-1)
11-28 13:33:15.830 28639 28639 E BpSurfaceComposerClient: Failed to transact (-1)
11-28 13:33:15.845 28639 28708 W libEGL  : EGLNativeWindowType 0xe106e808 disconnect failed
11-28 13:33:15.846 28639 28708 D mali_winsys: EGLint new_window_surface(egl_winsys_display *, void *, EGLSurface, EGLConfig, egl_winsys_surface **, EGLBoolean) returns 0x3000
11-28 13:33:15.873 28639 28639 W InputMethodManager: startInputReason = 1
11-28 13:33:16.113 28639 28639 W MessageQueue: Handler (android.os.Handler) {4adac9d} sending message to a Handler on a dead thread
11-28 13:33:16.113 28639 28639 W MessageQueue: java.lang.IllegalStateException: Handler (android.os.Handler) {4adac9d} sending message to a Handler on a dead thread
11-28 13:33:16.113 28639 28639 W MessageQueue: 	at android.os.MessageQueue.enqueueMessage(MessageQueue.java:650)
11-28 13:33:16.113 28639 28639 W MessageQueue: 	at android.os.Handler.enqueueMessage(Handler.java:769)
11-28 13:33:16.113 28639 28639 W MessageQueue: 	at android.os.Handler.sendMessageAtTime(Handler.java:718)
11-28 13:33:16.113 28639 28639 W MessageQueue: 	at android.os.Handler.sendMessageDelayed(Handler.java:688)
11-28 13:33:16.113 28639 28639 W MessageQueue: 	at android.os.Handler.post(Handler.java:405)
11-28 13:33:16.113 28639 28639 W MessageQueue: 	at symlab.CloudAR.ARManager.recognizeTime(ARManager.java:152)
11-28 13:33:16.113 28639 28639 W MessageQueue: 	at symlab.ARHUD.MainActivity$3.onPreviewFrame(MainActivity.java:296)
11-28 13:33:16.113 28639 28639 W MessageQueue: 	at android.hardware.Camera$EventHandler.handleMessage(Camera.java:1278)
11-28 13:33:16.113 28639 28639 W MessageQueue: 	at android.os.Handler.dispatchMessage(Handler.java:112)
11-28 13:33:16.113 28639 28639 W MessageQueue: 	at android.os.Looper.loop(Looper.java:216)
11-28 13:33:16.113 28639 28639 W MessageQueue: 	at android.app.ActivityThread.main(ActivityThread.java:7579)
11-28 13:33:16.113 28639 28639 W MessageQueue: 	at java.lang.reflect.Method.invoke(Native Method)
11-28 13:33:16.113 28639 28639 W MessageQueue: 	at com.android.internal.os.RuntimeInit$MethodAndArgsCaller.run(RuntimeInit.java:524)
11-28 13:33:16.113 28639 28639 W MessageQueue: 	at com.android.internal.os.ZygoteInit.main(ZygoteInit.java:1034)
11-28 13:33:16.114 28639 28639 W MessageQueue: Handler (android.os.Handler) {4adac9d} sending message to a Handler on a dead thread
11-28 13:33:16.114 28639 28639 W MessageQueue: java.lang.IllegalStateException: Handler (android.os.Handler) {4adac9d} sending message to a Handler on a dead thread
11-28 13:33:16.114 28639 28639 W MessageQueue: 	at android.os.MessageQueue.enqueueMessage(MessageQueue.java:650)
11-28 13:33:16.114 28639 28639 W MessageQueue: 	at android.os.Handler.enqueueMessage(Handler.java:769)
11-28 13:33:16.114 28639 28639 W MessageQueue: 	at android.os.Handler.sendMessageAtTime(Handler.java:718)
11-28 13:33:16.114 28639 28639 W MessageQueue: 	at android.os.Handler.sendMessageDelayed(Handler.java:688)
11-28 13:33:16.114 28639 28639 W MessageQueue: 	at android.os.Handler.post(Handler.java:405)
11-28 13:33:16.114 28639 28639 W MessageQueue: 	at symlab.CloudAR.ARManager.driveFrame(ARManager.java:157)
11-28 13:33:16.114 28639 28639 W MessageQueue: 	at symlab.ARHUD.MainActivity$3.onPreviewFrame(MainActivity.java:297)
11-28 13:33:16.114 28639 28639 W MessageQueue: 	at android.hardware.Camera$EventHandler.handleMessage(Camera.java:1278)
11-28 13:33:16.114 28639 28639 W MessageQueue: 	at android.os.Handler.dispatchMessage(Handler.java:112)
11-28 13:33:16.114 28639 28639 W MessageQueue: 	at android.os.Looper.loop(Looper.java:216)
11-28 13:33:16.114 28639 28639 W MessageQueue: 	at android.app.ActivityThread.main(ActivityThread.java:7579)
11-28 13:33:16.114 28639 28639 W MessageQueue: 	at java.lang.reflect.Method.invoke(Native Method)
11-28 13:33:16.114 28639 28639 W MessageQueue: 	at com.android.internal.os.RuntimeInit$MethodAndArgsCaller.run(RuntimeInit.java:524)
11-28 13:33:16.114 28639 28639 W MessageQueue: 	at com.android.internal.os.ZygoteInit.main(ZygoteInit.java:1034)
11-28 13:33:16.145 28639 28639 W MessageQueue: Handler (android.os.Handler) {4adac9d} sending message to a Handler on a dead thread
11-28 13:33:16.145 28639 28639 W MessageQueue: java.lang.IllegalStateException: Handler (android.os.Handler) {4adac9d} sending message to a Handler on a dead thread
11-28 13:33:16.145 28639 28639 W MessageQueue: 	at android.os.MessageQueue.enqueueMessage(MessageQueue.java:650)
11-28 13:33:16.145 28639 28639 W MessageQueue: 	at android.os.Handler.enqueueMessage(Handler.java:769)
11-28 13:33:16.145 28639 28639 W MessageQueue: 	at android.os.Handler.sendMessageAtTime(Handler.java:718)
11-28 13:33:16.145 28639 28639 W MessageQueue: 	at android.os.Handler.sendMessageDelayed(Handler.java:688)
11-28 13:33:16.145 28639 28639 W MessageQueue: 	at android.os.Handler.post(Handler.java:405)
11-28 13:33:16.145 28639 28639 W MessageQueue: 	at symlab.CloudAR.ARManager.recognizeTime(ARManager.java:152)
11-28 13:33:16.145 28639 28639 W MessageQueue: 	at symlab.ARHUD.MainActivity$3.onPreviewFrame(MainActivity.java:296)
11-28 13:33:16.145 28639 28639 W MessageQueue: 	at android.hardware.Camera$EventHandler.handleMessage(Camera.java:1278)
11-28 13:33:16.145 28639 28639 W MessageQueue: 	at android.os.Handler.dispatchMessage(Handler.java:112)
11-28 13:33:16.145 28639 28639 W MessageQueue: 	at android.os.Looper.loop(Looper.java:216)
11-28 13:33:16.145 28639 28639 W MessageQueue: 	at android.app.ActivityThread.main(ActivityThread.java:7579)
11-28 13:33:16.145 28639 28639 W MessageQueue: 	at java.lang.reflect.Method.invoke(Native Method)
11-28 13:33:16.145 28639 28639 W MessageQueue: 	at com.android.internal.os.RuntimeInit$MethodAndArgsCaller.run(RuntimeInit.java:524)
11-28 13:33:16.145 28639 28639 W MessageQueue: 	at com.android.internal.os.ZygoteInit.main(ZygoteInit.java:1034)
11-28 13:33:16.146 28639 28639 W MessageQueue: Handler (android.os.Handler) {4adac9d} sending message to a Handler on a dead thread
11-28 13:33:16.146 28639 28639 W MessageQueue: java.lang.IllegalStateException: Handler (android.os.Handler) {4adac9d} sending message to a Handler on a dead thread
11-28 13:33:16.146 28639 28639 W MessageQueue: 	at android.os.MessageQueue.enqueueMessage(MessageQueue.java:650)
11-28 13:33:16.146 28639 28639 W MessageQueue: 	at android.os.Handler.enqueueMessage(Handler.java:769)
11-28 13:33:16.146 28639 28639 W MessageQueue: 	at android.os.Handler.sendMessageAtTime(Handler.java:718)
11-28 13:33:16.146 28639 28639 W MessageQueue: 	at android.os.Handler.sendMessageDelayed(Handler.java:688)
11-28 13:33:16.146 28639 28639 W MessageQueue: 	at android.os.Handler.post(Handler.java:405)
11-28 13:33:16.146 28639 28639 W MessageQueue: 	at symlab.CloudAR.ARManager.driveFrame(ARManager.java:157)
11-28 13:33:16.146 28639 28639 W MessageQueue: 	at symlab.ARHUD.MainActivity$3.onPreviewFrame(MainActivity.java:297)
11-28 13:33:16.146 28639 28639 W MessageQueue: 	at android.hardware.Camera$EventHandler.handleMessage(Camera.java:1278)
11-28 13:33:16.146 28639 28639 W MessageQueue: 	at android.os.Handler.dispatchMessage(Handler.java:112)
11-28 13:33:16.146 28639 28639 W MessageQueue: 	at android.os.Looper.loop(Looper.java:216)
11-28 13:33:16.146 28639 28639 W MessageQueue: 	at android.app.ActivityThread.main(ActivityThread.java:7579)
11-28 13:33:16.146 28639 28639 W MessageQueue: 	at java.lang.reflect.Method.invoke(Native Method)
11-28 13:33:16.146 28639 28639 W MessageQueue: 	at com.android.internal.os.RuntimeInit$MethodAndArgsCaller.run(RuntimeInit.java:524)
11-28 13:33:16.146 28639 28639 W MessageQueue: 	at com.android.internal.os.ZygoteInit.main(ZygoteInit.java:1034)
11-28 13:33:16.181 28639 28639 W MessageQueue: Handler (android.os.Handler) {4adac9d} sending message to a Handler on a dead thread
11-28 13:33:16.181 28639 28639 W MessageQueue: java.lang.IllegalStateException: Handler (android.os.Handler) {4adac9d} sending message to a Handler on a dead thread
11-28 13:33:16.181 28639 28639 W MessageQueue: 	at android.os.MessageQueue.enqueueMessage(MessageQueue.java:650)
11-28 13:33:16.181 28639 28639 W MessageQueue: 	at android.os.Handler.enqueueMessage(Handler.java:769)
11-28 13:33:16.181 28639 28639 W MessageQueue: 	at android.os.Handler.sendMessageAtTime(Handler.java:718)
11-28 13:33:16.181 28639 28639 W MessageQueue: 	at android.os.Handler.sendMessageDelayed(Handler.java:688)
11-28 13:33:16.181 28639 28639 W MessageQueue: 	at android.os.Handler.post(Handler.java:405)
11-28 13:33:16.181 28639 28639 W MessageQueue: 	at symlab.CloudAR.ARManager.recognizeTime(ARManager.java:152)
11-28 13:33:16.181 28639 28639 W MessageQueue: 	at symlab.ARHUD.MainActivity$3.onPreviewFrame(MainActivity.java:296)
11-28 13:33:16.181 28639 28639 W MessageQueue: 	at android.hardware.Camera$EventHandler.handleMessage(Camera.java:1278)
11-28 13:33:16.181 28639 28639 W MessageQueue: 	at android.os.Handler.dispatchMessage(Handler.java:112)
11-28 13:33:16.181 28639 28639 W MessageQueue: 	at android.os.Looper.loop(Looper.java:216)
11-28 13:33:16.181 28639 28639 W MessageQueue: 	at android.app.ActivityThread.main(ActivityThread.java:7579)
11-28 13:33:16.181 28639 28639 W MessageQueue: 	at java.lang.reflect.Method.invoke(Native Method)
11-28 13:33:16.181 28639 28639 W MessageQueue: 	at com.android.internal.os.RuntimeInit$MethodAndArgsCaller.run(RuntimeInit.java:524)
11-28 13:33:16.181 28639 28639 W MessageQueue: 	at com.android.internal.os.ZygoteInit.main(ZygoteInit.java:1034)
11-28 13:33:16.182 28639 28639 W MessageQueue: Handler (android.os.Handler) {4adac9d} sending message to a Handler on a dead thread
11-28 13:33:16.182 28639 28639 W MessageQueue: java.lang.IllegalStateException: Handler (android.os.Handler) {4adac9d} sending message to a Handler on a dead thread
11-28 13:33:16.182 28639 28639 W MessageQueue: 	at android.os.MessageQueue.enqueueMessage(MessageQueue.java:650)
11-28 13:33:16.182 28639 28639 W MessageQueue: 	at android.os.Handler.enqueueMessage(Handler.java:769)
11-28 13:33:16.182 28639 28639 W MessageQueue: 	at android.os.Handler.sendMessageAtTime(Handler.java:718)
11-28 13:33:16.182 28639 28639 W MessageQueue: 	at android.os.Handler.sendMessageDelayed(Handler.java:688)
11-28 13:33:16.182 28639 28639 W MessageQueue: 	at android.os.Handler.post(Handler.java:405)
11-28 13:33:16.182 28639 28639 W MessageQueue: 	at symlab.CloudAR.ARManager.driveFrame(ARManager.java:157)
11-28 13:33:16.182 28639 28639 W MessageQueue: 	at symlab.ARHUD.MainActivity$3.onPreviewFrame(MainActivity.java:297)
11-28 13:33:16.182 28639 28639 W MessageQueue: 	at android.hardware.Camera$EventHandler.handleMessage(Camera.java:1278)
11-28 13:33:16.182 28639 28639 W MessageQueue: 	at android.os.Handler.dispatchMessage(Handler.java:112)
11-28 13:33:16.182 28639 28639 W MessageQueue: 	at android.os.Looper.loop(Looper.java:216)
11-28 13:33:16.182 28639 28639 W MessageQueue: 	at android.app.ActivityThread.main(ActivityThread.java:7579)
11-28 13:33:16.182 28639 28639 W MessageQueue: 	at java.lang.reflect.Method.invoke(Native Method)
11-28 13:33:16.182 28639 28639 W MessageQueue: 	at com.android.internal.os.RuntimeInit$MethodAndArgsCaller.run(RuntimeInit.java:524)
11-28 13:33:16.182 28639 28639 W MessageQueue: 	at com.android.internal.os.ZygoteInit.main(ZygoteInit.java:1034)
11-28 13:33:16.223 28639 28639 W MessageQueue: Handler (android.os.Handler) {4adac9d} sending message to a Handler on a dead thread
11-28 13:33:16.223 28639 28639 W MessageQueue: java.lang.IllegalStateException: Handler (android.os.Handler) {4adac9d} sending message to a Handler on a dead thread
11-28 13:33:16.223 28639 28639 W MessageQueue: 	at android.os.MessageQueue.enqueueMessage(MessageQueue.java:650)
11-28 13:33:16.223 28639 28639 W MessageQueue: 	at android.os.Handler.enqueueMessage(Handler.java:769)
11-28 13:33:16.223 28639 28639 W MessageQueue: 	at android.os.Handler.sendMessageAtTime(Handler.java:718)
11-28 13:33:16.223 28639 28639 W MessageQueue: 	at android.os.Handler.sendMessageDelayed(Handler.java:688)
11-28 13:33:16.223 28639 28639 W MessageQueue: 	at android.os.Handler.post(Handler.java:405)
11-28 13:33:16.223 28639 28639 W MessageQueue: 	at symlab.CloudAR.ARManager.recognizeTime(ARManager.java:152)
11-28 13:33:16.223 28639 28639 W MessageQueue: 	at symlab.ARHUD.MainActivity$3.onPreviewFrame(MainActivity.java:296)
11-28 13:33:16.223 28639 28639 W MessageQueue: 	at android.hardware.Camera$EventHandler.handleMessage(Camera.java:1278)
11-28 13:33:16.223 28639 28639 W MessageQueue: 	at android.os.Handler.dispatchMessage(Handler.java:112)
11-28 13:33:16.223 28639 28639 W MessageQueue: 	at android.os.Looper.loop(Looper.java:216)
11-28 13:33:16.223 28639 28639 W MessageQueue: 	at android.app.ActivityThread.main(ActivityThread.java:7579)
11-28 13:33:16.223 28639 28639 W MessageQueue: 	at java.lang.reflect.Method.invoke(Native Method)
11-28 13:33:16.223 28639 28639 W MessageQueue: 	at com.android.internal.os.RuntimeInit$MethodAndArgsCaller.run(RuntimeInit.java:524)
11-28 13:33:16.223 28639 28639 W MessageQueue: 	at com.android.internal.os.ZygoteInit.main(ZygoteInit.java:1034)
11-28 13:33:16.224 28639 28639 W MessageQueue: Handler (android.os.Handler) {4adac9d} sending message to a Handler on a dead thread
11-28 13:33:16.224 28639 28639 W MessageQueue: java.lang.IllegalStateException: Handler (android.os.Handler) {4adac9d} sending message to a Handler on a dead thread
11-28 13:33:16.224 28639 28639 W MessageQueue: 	at android.os.MessageQueue.enqueueMessage(MessageQueue.java:650)
11-28 13:33:16.224 28639 28639 W MessageQueue: 	at android.os.Handler.enqueueMessage(Handler.java:769)
11-28 13:33:16.224 28639 28639 W MessageQueue: 	at android.os.Handler.sendMessageAtTime(Handler.java:718)
11-28 13:33:16.224 28639 28639 W MessageQueue: 	at android.os.Handler.sendMessageDelayed(Handler.java:688)
11-28 13:33:16.224 28639 28639 W MessageQueue: 	at android.os.Handler.post(Handler.java:405)
11-28 13:33:16.224 28639 28639 W MessageQueue: 	at symlab.CloudAR.ARManager.driveFrame(ARManager.java:157)
11-28 13:33:16.224 28639 28639 W MessageQueue: 	at symlab.ARHUD.MainActivity$3.onPreviewFrame(MainActivity.java:297)
11-28 13:33:16.224 28639 28639 W MessageQueue: 	at android.hardware.Camera$EventHandler.handleMessage(Camera.java:1278)
11-28 13:33:16.224 28639 28639 W MessageQueue: 	at android.os.Handler.dispatchMessage(Handler.java:112)
11-28 13:33:16.224 28639 28639 W MessageQueue: 	at android.os.Looper.loop(Looper.java:216)
11-28 13:33:16.224 28639 28639 W MessageQueue: 	at android.app.ActivityThread.main(ActivityThread.java:7579)
11-28 13:33:16.224 28639 28639 W MessageQueue: 	at java.lang.reflect.Method.invoke(Native Method)
11-28 13:33:16.224 28639 28639 W MessageQueue: 	at com.android.internal.os.RuntimeInit$MethodAndArgsCaller.run(RuntimeInit.java:524)
11-28 13:33:16.224 28639 28639 W MessageQueue: 	at com.android.internal.os.ZygoteInit.main(ZygoteInit.java:1034)
11-28 13:33:16.256 28639 28639 W MessageQueue: Handler (android.os.Handler) {4adac9d} sending message to a Handler on a dead thread
11-28 13:33:16.256 28639 28639 W MessageQueue: java.lang.IllegalStateException: Handler (android.os.Handler) {4adac9d} sending message to a Handler on a dead thread
11-28 13:33:16.256 28639 28639 W MessageQueue: 	at android.os.MessageQueue.enqueueMessage(MessageQueue.java:650)
11-28 13:33:16.256 28639 28639 W MessageQueue: 	at android.os.Handler.enqueueMessage(Handler.java:769)
11-28 13:33:16.256 28639 28639 W MessageQueue: 	at android.os.Handler.sendMessageAtTime(Handler.java:718)
11-28 13:33:16.256 28639 28639 W MessageQueue: 	at android.os.Handler.sendMessageDelayed(Handler.java:688)
11-28 13:33:16.256 28639 28639 W MessageQueue: 	at android.os.Handler.post(Handler.java:405)
11-28 13:33:16.256 28639 28639 W MessageQueue: 	at symlab.CloudAR.ARManager.recognizeTime(ARManager.java:152)
11-28 13:33:16.256 28639 28639 W MessageQueue: 	at symlab.ARHUD.MainActivity$3.onPreviewFrame(MainActivity.java:296)
11-28 13:33:16.256 28639 28639 W MessageQueue: 	at android.hardware.Camera$EventHandler.handleMessage(Camera.java:1278)
11-28 13:33:16.256 28639 28639 W MessageQueue: 	at android.os.Handler.dispatchMessage(Handler.java:112)
11-28 13:33:16.256 28639 28639 W MessageQueue: 	at android.os.Looper.loop(Looper.java:216)
11-28 13:33:16.256 28639 28639 W MessageQueue: 	at android.app.ActivityThread.main(ActivityThread.java:7579)
11-28 13:33:16.256 28639 28639 W MessageQueue: 	at java.lang.reflect.Method.invoke(Native Method)
11-28 13:33:16.256 28639 28639 W MessageQueue: 	at com.android.internal.os.RuntimeInit$MethodAndArgsCaller.run(RuntimeInit.java:524)
11-28 13:33:16.256 28639 28639 W MessageQueue: 	at com.android.internal.os.ZygoteInit.main(ZygoteInit.java:1034)
11-28 13:33:16.256 28639 28639 W MessageQueue: Handler (android.os.Handler) {4adac9d} sending message to a Handler on a dead thread
11-28 13:33:16.256 28639 28639 W MessageQueue: java.lang.IllegalStateException: Handler (android.os.Handler) {4adac9d} sending message to a Handler on a dead thread
11-28 13:33:16.256 28639 28639 W MessageQueue: 	at android.os.MessageQueue.enqueueMessage(MessageQueue.java:650)
11-28 13:33:16.256 28639 28639 W MessageQueue: 	at android.os.Handler.enqueueMessage(Handler.java:769)
11-28 13:33:16.256 28639 28639 W MessageQueue: 	at android.os.Handler.sendMessageAtTime(Handler.java:718)
11-28 13:33:16.256 28639 28639 W MessageQueue: 	at android.os.Handler.sendMessageDelayed(Handler.java:688)
11-28 13:33:16.256 28639 28639 W MessageQueue: 	at android.os.Handler.post(Handler.java:405)
11-28 13:33:16.256 28639 28639 W MessageQueue: 	at symlab.CloudAR.ARManager.driveFrame(ARManager.java:157)
11-28 13:33:16.256 28639 28639 W MessageQueue: 	at symlab.ARHUD.MainActivity$3.onPreviewFrame(MainActivity.java:297)
11-28 13:33:16.256 28639 28639 W MessageQueue: 	at android.hardware.Camera$EventHandler.handleMessage(Camera.java:1278)
11-28 13:33:16.256 28639 28639 W MessageQueue: 	at android.os.Handler.dispatchMessage(Handler.java:112)
11-28 13:33:16.256 28639 28639 W MessageQueue: 	at android.os.Looper.loop(Looper.java:216)
11-28 13:33:16.256 28639 28639 W MessageQueue: 	at android.app.ActivityThread.main(ActivityThread.java:7579)
11-28 13:33:16.256 28639 28639 W MessageQueue: 	at java.lang.reflect.Method.invoke(Native Method)
11-28 13:33:16.256 28639 28639 W MessageQueue: 	at com.android.internal.os.RuntimeInit$MethodAndArgsCaller.run(RuntimeInit.java:524)
11-28 13:33:16.256 28639 28639 W MessageQueue: 	at com.android.internal.os.ZygoteInit.main(ZygoteInit.java:1034)
11-28 13:33:16.286 28639 28639 W MessageQueue: Handler (android.os.Handler) {4adac9d} sending message to a Handler on a dead thread
11-28 13:33:16.286 28639 28639 W MessageQueue: java.lang.IllegalStateException: Handler (android.os.Handler) {4adac9d} sending message to a Handler on a dead thread
11-28 13:33:16.286 28639 28639 W MessageQueue: 	at android.os.MessageQueue.enqueueMessage(MessageQueue.java:650)
11-28 13:33:16.286 28639 28639 W MessageQueue: 	at android.os.Handler.enqueueMessage(Handler.java:769)
11-28 13:33:16.286 28639 28639 W MessageQueue: 	at android.os.Handler.sendMessageAtTime(Handler.java:718)
11-28 13:33:16.286 28639 28639 W MessageQueue: 	at android.os.Handler.sendMessageDelayed(Handler.java:688)
11-28 13:33:16.286 28639 28639 W MessageQueue: 	at android.os.Handler.post(Handler.java:405)
11-28 13:33:16.286 28639 28639 W MessageQueue: 	at symlab.CloudAR.ARManager.recognizeTime(ARManager.java:152)
