--------- beginning of main
11-28 14:07:36.820  9865  9865 D ZrHung.AppEyeUiProbe: stop checker.
11-28 14:07:36.829  9865  9865 I Poster  :  surfaceDestroyed() called.
11-28 14:07:36.830  9865  9865 D ViewRootImpl[MainActivity]: surface should not be released
11-28 14:07:36.831  9865  9865 I Poster  :  onStop() called.
11-28 14:07:36.840  9865  9953 W libEGL  : EGLNativeWindowType 0xf07f0008 disconnect failed
11-28 14:07:37.414  9865  9925 D ZrHung.AppEyeUiProbe: Current Activity:false
11-28 14:07:37.414  9865  9925 D ZrHung.AppEyeUiProbe: not watching, wait.
11-28 14:07:39.595 10072 10072 I loudridar.arhu: Late-enabling -Xcheck:jni
11-28 14:07:39.635 10072 10072 I loudridar.arhu: Reinit property: dalvik.vm.checkjni= false
11-28 14:07:39.645 10072 10072 D ZrHung.AppEyeUiProbe: AppEyeUIP created.
11-28 14:07:39.647 10072 10072 E libc    : Access denied finding property "runtime.mmitest.isrunning"
11-28 14:07:39.643 10072 10072 W re-initialized>: type=1400 audit(0.0:41401): avc: denied { read } for name="u:object_r:mmi_prop:s0" dev="tmpfs" ino=16663 scontext=u:r:untrusted_app:s0:c150,c256,c512,c768 tcontext=u:object_r:mmi_prop:s0 tclass=file permissive=0
--------- beginning of system
11-28 14:07:39.648 10072 10072 D ActivityThread: Attach thread to application
11-28 14:07:39.657 10072 10079 E loudridar.arhu: Unable to peek into adb socket due to error. Closing socket.: Connection reset by peer
11-28 14:07:39.711 10072 10094 I HwApiCacheMangerEx: apicache path=/storage/emulated/0 state=mounted key=symlab.cloudridar.arhud#10150#256
11-28 14:07:39.712 10072 10094 I HwApiCacheMangerEx: apicache path=/storage/emulated/0 state=mounted key=symlab.cloudridar.arhud#10150#0
11-28 14:07:39.781 10072 10072 I loudridar.arhu: QarthPatchMonintor::Init
11-28 14:07:39.781 10072 10072 I loudridar.arhu: 
11-28 14:07:39.781 10072 10072 I loudridar.arhu: QarthPatchMonintor::StartWatch
11-28 14:07:39.781 10072 10072 I loudridar.arhu: 
11-28 14:07:39.781 10072 10072 I loudridar.arhu: QarthPatchMonintor::WatchPackage: /data/hotpatch/fwkhotpatch/
11-28 14:07:39.781 10072 10072 I loudridar.arhu: 
11-28 14:07:39.781 10072 10072 I loudridar.arhu: QarthPatchMonintor::CheckAndWatchPatch: /data/hotpatch/fwkhotpatch/symlab.cloudridar.arhud
11-28 14:07:39.781 10072 10072 I loudridar.arhu: 
11-28 14:07:39.781 10072 10072 I loudridar.arhu: QarthPatchMonintor::CheckAndWatchPatch: /data/hotpatch/fwkhotpatch/all
11-28 14:07:39.781 10072 10072 I loudridar.arhu: 
11-28 14:07:39.781 10072 10072 I loudridar.arhu: QarthPatchMonintor::Run
11-28 14:07:39.781 10072 10072 I loudridar.arhu: 
11-28 14:07:39.782 10072 10100 I loudridar.arhu: QarthPatchMonintor::Reading
11-28 14:07:39.782 10072 10100 I loudridar.arhu: 
11-28 14:07:39.782 10072 10100 I loudridar.arhu: QarthPatchMonintor::CheckNotifyEvent
11-28 14:07:39.782 10072 10100 I loudridar.arhu: 
11-28 14:07:39.782 10072 10100 I loudridar.arhu: QarthPatchMonintor::CheckNotifyEvent before read
11-28 14:07:39.782 10072 10100 I loudridar.arhu: 
11-28 14:07:39.785 10072 10072 I MultiDex: VM with version 2.1.0 has multidex support
11-28 14:07:39.785 10072 10072 I MultiDex: Installing application
11-28 14:07:39.785 10072 10072 I MultiDex: VM has multidex support, MultiDex support library is disabled.
11-28 14:07:39.787 10072 10094 I AwareBitmapCacher: init processName:symlab.cloudridar.arhud pid=10072 uid=10150
11-28 14:07:39.789 10072 10102 E AwareLog: AtomicFileUtils: readFileLines file not exist: android.util.AtomicFile@919d802
11-28 14:07:39.789 10072 10102 E AwareLog: AtomicFileUtils: readFileLines file not exist: android.util.AtomicFile@35dc513
11-28 14:07:39.790 10072 10072 I FirebaseInitProvider: FirebaseApp initialization unsuccessful
11-28 14:07:39.797 10072 10072 D ZrHung.AppEyeUiProbe: notify runnable to start.
11-28 14:07:39.797 10072 10107 D ZrHung.AppEyeUiProbe: Runnable thread started.
11-28 14:07:39.797 10072 10107 D IMonitor: Load library imonitor_jni
11-28 14:07:39.799 10072 10107 E         : [ZeroHung]zrhung_get_config: Get config failed for wp[0x0102]
11-28 14:07:39.799 10072 10107 W ZrHung.AppEyeUiProbe: Failed to get config from zrhung
11-28 14:07:39.807 10072 10072 I MultiDex: Installing application
11-28 14:07:39.807 10072 10072 I MultiDex: VM has multidex support, MultiDex support library is disabled.
11-28 14:07:39.809 10072 10072 V ActivityThread: callActivityOnCreate
11-28 14:07:39.810 10072 10072 I Poster  :  onCreate() called.
11-28 14:07:39.807 10105 10105 W logcat  : type=1400 audit(0.0:41402): avc: granted { create } for name="logcat_1574942859791.txt" scontext=u:r:untrusted_app:s0:c150,c256,c512,c768 tcontext=u:object_r:sdcardfs:s0:c150,c256,c512,c768 tclass=file
11-28 14:07:39.812 10072 10072 I HwApsImpl: APS: new HwApsImpl created
11-28 14:07:39.818 10072 10072 V HwWidgetFactory: : successes to get AllImpl object and return....
11-28 14:07:39.825 10072 10072 D OpenGLRenderer: Skia GL Pipeline
11-28 14:07:39.845 10072 10072 D Poster  : Server details are IP 193.166.28.132 and port 52727
11-28 14:07:39.850 10072 10072 D Poster  : Server bound to IP 193.166.28.132 and port 52727
11-28 14:07:39.855 10072 10072 D ActivityThread: add activity client record, r= ActivityRecord{db8bbd token=android.os.BinderProxy@c62e47c {symlab.cloudridar.arhud/symlab.ARHUD.MainActivity}} token= android.os.BinderProxy@c62e47c
11-28 14:07:39.857 10072 10072 I Poster  :  onStart() called.
11-28 14:07:39.857 10072 10072 D ZrHung.AppEyeUiProbe: notify runnable to start.
11-28 14:07:39.859 10072 10072 I Poster  :  onResume() called.
11-28 14:07:39.862 10072 10072 I PermissionManager: camera remind result:true
11-28 14:07:39.862 10072 10072 I Camera  : open camera: 0, package name: symlab.cloudridar.arhud
11-28 14:07:39.862 10072 10072 I BackgroundPermManager: pkgName: symlab.cloudridar.arhud,pid: 10072 ,uidOf3RdApk: 10150 ,permType: 0 ,permCfg: 1
11-28 14:07:39.863 10072 10072 I HwCameraUtil: notifySurfaceFlingerCameraStatus : isFront = false , isOpend = true
11-28 14:07:39.874 10072 10072 D ActivityThread: isOptEnabled=false isWechatScanOpt=false
11-28 14:07:39.876 10072 10072 I HwSecImmHelper: mSecurityInputMethodService is null
11-28 14:07:39.882 10072 10072 D OpenGLRenderer:   HWUI Binary is  enabled
11-28 14:07:39.904 10072 10134 D HiTouch_PressGestureDetector: onAttached, package=symlab.cloudridar.arhud, windowType=1, mHiTouchRestricted=false
11-28 14:07:39.913 10072 10132 I ConfigStore: android::hardware::configstore::V1_0::ISurfaceFlingerConfigs::hasWideColorDisplay retrieved: 0
11-28 14:07:39.914 10072 10132 I ConfigStore: android::hardware::configstore::V1_0::ISurfaceFlingerConfigs::hasHDRDisplay retrieved: 0
11-28 14:07:39.915 10072 10132 I iGraphics: [0020080c] pn: symlab.cloudridar.arhud, p: 10072
11-28 14:07:39.915 10072 10132 I OpenGLRenderer: Initialized EGL, version 1.4, mEglDisplay 0x1
11-28 14:07:39.915 10072 10132 D OpenGLRenderer: Swap behavior 2
11-28 14:07:39.924 10072 10132 D mali_winsys: EGLint new_window_surface(egl_winsys_display *, void *, EGLSurface, EGLConfig, egl_winsys_surface **, EGLBoolean) returns 0x3000
11-28 14:07:39.933 10072 10072 I Poster  :  surfaceCreated() called.
11-28 14:07:39.933 10072 10072 I Poster  : initPreview() called
11-28 14:07:39.935 10072 10083 E         : [ZeroHung]zrhung_get_config: Get config failed for wp[0x0008]
11-28 14:07:39.938 10072 10072 I PermissionManager: camera remind result:true
11-28 14:07:39.943 10072 10072 I Poster  :  surfaceChanged() called.
11-28 14:07:39.947 10072 10081 W System  : A resource failed to call close. 
11-28 14:07:39.958 10072 10072 W InputMethodManager: startInputReason = 1
11-28 14:07:39.971 10072 10072 W InputMethodManager: startInputReason = 5
11-28 14:07:41.151 10072 10116 D Evaluation: 1 res for frame 6 received at 1574942861151
11-28 14:07:41.232 10072 10083 E         : [ZeroHung]zrhung_get_config: Get config failed for wp[0x0008]
11-28 14:07:41.245 10072 10081 W System  : A resource failed to call close. 
11-28 14:07:41.247 10072 10081 I chatty  : uid=10150(symlab.cloudridar.arhud) FinalizerDaemon identical 28 lines
11-28 14:07:41.247 10072 10081 W System  : A resource failed to call close. 
11-28 14:07:42.184 10072 10072 D Poster  : At 1574942862184 location is 65.0579109039889 (latitude), and 25.47000389725264 (longitude)
11-28 14:07:42.187 10072 10072 D Poster  : Connected to mobile network 20
11-28 14:07:42.398 10072 10083 E         : [ZeroHung]zrhung_get_config: Get config failed for wp[0x0008]
11-28 14:07:42.415 10072 10081 W System  : A resource failed to call close. 
11-28 14:07:42.417 10072 10081 I chatty  : uid=10150(symlab.cloudridar.arhud) FinalizerDaemon identical 25 lines
11-28 14:07:42.417 10072 10081 W System  : A resource failed to call close. 
11-28 14:07:42.417 10072 10081 W System  : A resource failed to call close. 
11-28 14:07:42.417 10072 10081 W System  : A resource failed to call close. 
11-28 14:07:42.417 10072 10081 I chatty  : uid=10150(symlab.cloudridar.arhud) FinalizerDaemon identical 2 lines
11-28 14:07:42.418 10072 10081 W System  : A resource failed to call close. 
11-28 14:07:43.167 10072 10072 D Poster  : At 1574942863167 location is 65.05786164749951 (latitude), and 25.470049219563734 (longitude)
11-28 14:07:43.171 10072 10072 D Poster  : Connected to mobile network 20
11-28 14:07:43.404 10072 10083 E         : [ZeroHung]zrhung_get_config: Get config failed for wp[0x0008]
11-28 14:07:43.422 10072 10081 W System  : A resource failed to call close. 
11-28 14:07:43.424 10072 10081 I chatty  : uid=10150(symlab.cloudridar.arhud) FinalizerDaemon identical 28 lines
11-28 14:07:43.424 10072 10081 W System  : A resource failed to call close. 
11-28 14:07:44.178 10072 10072 D Poster  : At 1574942864178 location is 65.05788094039194 (latitude), and 25.469928567459718 (longitude)
11-28 14:07:44.180 10072 10072 D Poster  : Connected to mobile network 20
11-28 14:07:44.453 10072 10083 E         : [ZeroHung]zrhung_get_config: Get config failed for wp[0x0008]
11-28 14:07:44.490 10072 10081 W System  : A resource failed to call close. 
11-28 14:07:44.491 10072 10081 I chatty  : uid=10150(symlab.cloudridar.arhud) FinalizerDaemon identical 11 lines
11-28 14:07:44.491 10072 10081 W System  : A resource failed to call close. 
11-28 14:07:44.491 10072 10081 W System  : A resource failed to call close. 
11-28 14:07:44.491 10072 10081 I chatty  : uid=10150(symlab.cloudridar.arhud) FinalizerDaemon identical 8 lines
11-28 14:07:44.491 10072 10081 W System  : A resource failed to call close. 
11-28 14:07:44.491 10072 10081 W System  : A resource failed to call close. 
11-28 14:07:44.492 10072 10081 I chatty  : uid=10150(symlab.cloudridar.arhud) FinalizerDaemon identical 6 lines
11-28 14:07:44.492 10072 10081 W System  : A resource failed to call close. 
11-28 14:07:44.789 10072 10072 I AwareBitmapCacher: init lrucache size: 2097152 pid=10072
11-28 14:07:45.176 10072 10072 D Poster  : At 1574942865176 location is 65.0578697701647 (latitude), and 25.469845429009258 (longitude)
11-28 14:07:45.178 10072 10072 D Poster  : Connected to mobile network 20
11-28 14:07:45.489 10072 10083 E         : [ZeroHung]zrhung_get_config: Get config failed for wp[0x0008]
11-28 14:07:45.512 10072 10081 W System  : A resource failed to call close. 
11-28 14:07:45.516 10072 10081 I chatty  : uid=10150(symlab.cloudridar.arhud) FinalizerDaemon identical 27 lines
11-28 14:07:45.516 10072 10081 W System  : A resource failed to call close. 
11-28 14:07:46.173 10072 10072 D Poster  : At 1574942866173 location is 65.05785935947276 (latitude), and 25.469801997892812 (longitude)
11-28 14:07:46.176 10072 10072 D Poster  : Connected to mobile network 20
11-28 14:07:46.464 10072 10083 E         : [ZeroHung]zrhung_get_config: Get config failed for wp[0x0008]
11-28 14:07:46.486 10072 10081 W System  : A resource failed to call close. 
11-28 14:07:46.488 10072 10081 I chatty  : uid=10150(symlab.cloudridar.arhud) FinalizerDaemon identical 14 lines
11-28 14:07:46.489 10072 10081 W System  : A resource failed to call close. 
11-28 14:07:46.489 10072 10081 W System  : A resource failed to call close. 
11-28 14:07:46.493 10072 10081 W System  : A resource failed to call close. 
11-28 14:07:46.496 10072 10081 W System  : A resource failed to call close. 
11-28 14:07:46.497 10072 10081 W System  : A resource failed to call close. 
11-28 14:07:46.497 10072 10081 I chatty  : uid=10150(symlab.cloudridar.arhud) FinalizerDaemon identical 3 lines
11-28 14:07:46.497 10072 10081 W System  : A resource failed to call close. 
11-28 14:07:46.497 10072 10081 W System  : A resource failed to call close. 
11-28 14:07:46.497 10072 10081 W System  : A resource failed to call close. 
11-28 14:07:46.497 10072 10081 W System  : A resource failed to call close. 
11-28 14:07:46.497 10072 10081 W System  : A resource failed to call close. 
11-28 14:07:47.190 10072 10072 D Poster  : At 1574942867189 location is 65.05786172248295 (latitude), and 25.469764513041245 (longitude)
11-28 14:07:47.192 10072 10072 D Poster  : Connected to mobile network 20
11-28 14:07:47.406 10072 10083 E         : [ZeroHung]zrhung_get_config: Get config failed for wp[0x0008]
11-28 14:07:47.427 10072 10081 W System  : A resource failed to call close. 
11-28 14:07:47.432 10072 10081 I chatty  : uid=10150(symlab.cloudridar.arhud) FinalizerDaemon identical 26 lines
11-28 14:07:47.432 10072 10081 W System  : A resource failed to call close. 
11-28 14:07:48.187 10072 10072 D Poster  : At 1574942868187 location is 65.05785661573297 (latitude), and 25.469785559841746 (longitude)
11-28 14:07:48.190 10072 10072 D Poster  : Connected to mobile network 20
11-28 14:07:48.448 10072 10083 E         : [ZeroHung]zrhung_get_config: Get config failed for wp[0x0008]
11-28 14:07:48.468 10072 10081 W System  : A resource failed to call close. 
11-28 14:07:48.470 10072 10081 I chatty  : uid=10150(symlab.cloudridar.arhud) FinalizerDaemon identical 29 lines
11-28 14:07:48.470 10072 10081 W System  : A resource failed to call close. 
11-28 14:07:49.170 10072 10072 D Poster  : At 1574942869170 location is 65.05792191253514 (latitude), and 25.469748622725728 (longitude)
11-28 14:07:49.173 10072 10072 D Poster  : Connected to mobile network 20
11-28 14:07:49.487 10072 10083 E         : [ZeroHung]zrhung_get_config: Get config failed for wp[0x0008]
11-28 14:07:49.510 10072 10081 W System  : A resource failed to call close. 
11-28 14:07:49.515 10072 10081 I chatty  : uid=10150(symlab.cloudridar.arhud) FinalizerDaemon identical 25 lines
11-28 14:07:49.515 10072 10081 W System  : A resource failed to call close. 
11-28 14:07:49.520 10072 10081 W System  : A resource failed to call close. 
11-28 14:07:50.563 10072 10083 E         : [ZeroHung]zrhung_get_config: Get config failed for wp[0x0008]
11-28 14:07:50.587 10072 10081 W System  : A resource failed to call close. 
11-28 14:07:50.590 10072 10081 I chatty  : uid=10150(symlab.cloudridar.arhud) FinalizerDaemon identical 15 lines
11-28 14:07:50.590 10072 10081 W System  : A resource failed to call close. 
11-28 14:07:50.590 10072 10081 W System  : A resource failed to call close. 
11-28 14:07:50.591 10072 10081 W System  : A resource failed to call close. 
11-28 14:07:50.591 10072 10081 W System  : A resource failed to call close. 
11-28 14:07:50.591 10072 10081 W System  : A resource failed to call close. 
11-28 14:07:50.591 10072 10081 W System  : A resource failed to call close. 
11-28 14:07:50.591 10072 10081 W System  : A resource failed to call close. 
11-28 14:07:50.593 10072 10081 W System  : A resource failed to call close. 
11-28 14:07:50.593 10072 10081 I chatty  : uid=10150(symlab.cloudridar.arhud) FinalizerDaemon identical 1 line
11-28 14:07:50.593 10072 10081 W System  : A resource failed to call close. 
11-28 14:07:50.593 10072 10081 W System  : A resource failed to call close. 
11-28 14:07:50.594 10072 10081 W System  : A resource failed to call close. 
11-28 14:07:50.594 10072 10081 W System  : A resource failed to call close. 
11-28 14:07:50.594 10072 10081 W System  : A resource failed to call close. 
11-28 14:07:51.175 10072 10072 D Poster  : At 1574942871175 location is 65.05812348409376 (latitude), and 25.469689532083958 (longitude)
11-28 14:07:51.178 10072 10072 D Poster  : Connected to mobile network 20
11-28 14:07:51.670 10072 10083 E         : [ZeroHung]zrhung_get_config: Get config failed for wp[0x0008]
11-28 14:07:51.693 10072 10081 W System  : A resource failed to call close. 
11-28 14:07:51.698 10072 10081 I chatty  : uid=10150(symlab.cloudridar.arhud) FinalizerDaemon identical 23 lines
11-28 14:07:51.698 10072 10081 W System  : A resource failed to call close. 
11-28 14:07:51.699 10072 10081 W System  : A resource failed to call close. 
11-28 14:07:51.699 10072 10081 W System  : A resource failed to call close. 
11-28 14:07:51.699 10072 10081 W System  : A resource failed to call close. 
11-28 14:07:51.699 10072 10081 W System  : A resource failed to call close. 
11-28 14:07:51.699 10072 10081 W System  : A resource failed to call close. 
11-28 14:07:52.170 10072 10072 D Poster  : At 1574942872169 location is 65.05809145229631 (latitude), and 25.469679649177817 (longitude)
11-28 14:07:52.172 10072 10072 D Poster  : Connected to mobile network 20
11-28 14:07:52.879 10072 10083 E         : [ZeroHung]zrhung_get_config: Get config failed for wp[0x0008]
11-28 14:07:52.907 10072 10081 W System  : A resource failed to call close. 
11-28 14:07:52.911 10072 10081 I chatty  : uid=10150(symlab.cloudridar.arhud) FinalizerDaemon identical 31 lines
11-28 14:07:52.912 10072 10081 W System  : A resource failed to call close. 
11-28 14:07:53.180 10072 10072 D Poster  : At 1574942873179 location is 65.05817776231596 (latitude), and 25.469633832313793 (longitude)
11-28 14:07:53.182 10072 10072 D Poster  : Connected to mobile network 20
11-28 14:07:53.996 10072 10083 E         : [ZeroHung]zrhung_get_config: Get config failed for wp[0x0008]
11-28 14:07:54.023 10072 10081 W System  : A resource failed to call close. 
11-28 14:07:54.026 10072 10081 I chatty  : uid=10150(symlab.cloudridar.arhud) FinalizerDaemon identical 31 lines
11-28 14:07:54.026 10072 10081 W System  : A resource failed to call close. 
11-28 14:07:54.181 10072 10072 D Poster  : At 1574942874181 location is 65.05819765596304 (latitude), and 25.469601678194763 (longitude)
11-28 14:07:54.184 10072 10072 D Poster  : Connected to mobile network 20
11-28 14:07:55.191 10072 10072 D Poster  : At 1574942875191 location is 65.05824685239976 (latitude), and 25.469528756035217 (longitude)
11-28 14:07:55.193 10072 10072 D Poster  : Connected to mobile network 20
11-28 14:07:55.195 10072 10083 E         : [ZeroHung]zrhung_get_config: Get config failed for wp[0x0008]
11-28 14:07:55.217 10072 10081 W System  : A resource failed to call close. 
11-28 14:07:55.223 10072 10081 I chatty  : uid=10150(symlab.cloudridar.arhud) FinalizerDaemon identical 32 lines
11-28 14:07:55.223 10072 10081 W System  : A resource failed to call close. 
11-28 14:07:56.182 10072 10072 D Poster  : At 1574942876182 location is 65.05829217232989 (latitude), and 25.469466526083362 (longitude)
11-28 14:07:56.184 10072 10072 D Poster  : Connected to mobile network 20
11-28 14:07:56.469 10072 10083 E         : [ZeroHung]zrhung_get_config: Get config failed for wp[0x0008]
11-28 14:07:56.499 10072 10081 W System  : A resource failed to call close. 
11-28 14:07:56.504 10072 10081 I chatty  : uid=10150(symlab.cloudridar.arhud) FinalizerDaemon identical 36 lines
11-28 14:07:56.504 10072 10081 W System  : A resource failed to call close. 
11-28 14:07:57.183 10072 10072 D Poster  : At 1574942877182 location is 65.05832619805877 (latitude), and 25.469363390097765 (longitude)
11-28 14:07:57.185 10072 10072 D Poster  : Connected to mobile network 20
11-28 14:07:57.679 10072 10083 E         : [ZeroHung]zrhung_get_config: Get config failed for wp[0x0008]
11-28 14:07:57.707 10072 10081 W System  : A resource failed to call close. 
11-28 14:07:57.713 10072 10081 I chatty  : uid=10150(symlab.cloudridar.arhud) FinalizerDaemon identical 30 lines
11-28 14:07:57.713 10072 10081 W System  : A resource failed to call close. 
11-28 14:07:57.713 10072 10081 W System  : A resource failed to call close. 
11-28 14:07:57.713 10072 10081 W System  : A resource failed to call close. 
11-28 14:07:58.186 10072 10072 D Poster  : At 1574942878186 location is 65.05836851402455 (latitude), and 25.46916919458743 (longitude)
11-28 14:07:58.188 10072 10072 D Poster  : Connected to mobile network 20
11-28 14:07:58.890 10072 10083 E         : [ZeroHung]zrhung_get_config: Get config failed for wp[0x0008]
11-28 14:07:58.923 10072 10081 W System  : A resource failed to call close. 
11-28 14:07:58.924 10072 10081 I chatty  : uid=10150(symlab.cloudridar.arhud) FinalizerDaemon identical 7 lines
11-28 14:07:58.924 10072 10081 W System  : A resource failed to call close. 
11-28 14:07:58.924 10072 10081 W System  : A resource failed to call close. 
11-28 14:07:58.924 10072 10081 W System  : A resource failed to call close. 
11-28 14:07:58.924 10072 10081 I chatty  : uid=10150(symlab.cloudridar.arhud) FinalizerDaemon identical 1 line
11-28 14:07:58.924 10072 10081 W System  : A resource failed to call close. 
11-28 14:07:58.924 10072 10081 W System  : A resource failed to call close. 
11-28 14:07:58.924 10072 10081 W System  : A resource failed to call close. 
11-28 14:07:58.925 10072 10081 W System  : A resource failed to call close. 
11-28 14:07:58.925 10072 10081 W System  : A resource failed to call close. 
11-28 14:07:58.925 10072 10081 I chatty  : uid=10150(symlab.cloudridar.arhud) FinalizerDaemon identical 8 lines
11-28 14:07:58.925 10072 10081 W System  : A resource failed to call close. 
11-28 14:07:58.925 10072 10081 W System  : A resource failed to call close. 
11-28 14:07:58.925 10072 10081 W System  : A resource failed to call close. 
11-28 14:07:58.926 10072 10081 I chatty  : uid=10150(symlab.cloudridar.arhud) FinalizerDaemon identical 7 lines
11-28 14:07:58.926 10072 10081 W System  : A resource failed to call close. 
11-28 14:07:59.179 10072 10072 D Poster  : At 1574942879179 location is 65.05842137919754 (latitude), and 25.469045073372488 (longitude)
11-28 14:07:59.184 10072 10072 D Poster  : Connected to mobile network 20
11-28 14:08:00.185 10072 10072 D Poster  : At 1574942880185 location is 65.05846170811972 (latitude), and 25.46893278625523 (longitude)
11-28 14:08:00.187 10072 10072 D Poster  : Connected to mobile network 20
11-28 14:08:00.727 10072 10083 E         : [ZeroHung]zrhung_get_config: Get config failed for wp[0x0008]
11-28 14:08:00.745 10072 10081 W System  : A resource failed to call close. 
11-28 14:08:00.749 10072 10081 I chatty  : uid=10150(symlab.cloudridar.arhud) FinalizerDaemon identical 51 lines
11-28 14:08:00.749 10072 10081 W System  : A resource failed to call close. 
11-28 14:08:01.169 10072 10072 D Poster  : At 1574942881169 location is 65.05849396599824 (latitude), and 25.46882433384833 (longitude)
11-28 14:08:01.170 10072 10072 D Poster  : Connected to mobile network 20
11-28 14:08:02.150 10072 10083 E         : [ZeroHung]zrhung_get_config: Get config failed for wp[0x0008]
11-28 14:08:02.172 10072 10081 W System  : A resource failed to call close. 
11-28 14:08:02.172 10072 10081 I chatty  : uid=10150(symlab.cloudridar.arhud) FinalizerDaemon identical 4 lines
11-28 14:08:02.172 10072 10081 W System  : A resource failed to call close. 
11-28 14:08:02.173 10072 10081 W System  : A resource failed to call close. 
11-28 14:08:02.173 10072 10081 I chatty  : uid=10150(symlab.cloudridar.arhud) FinalizerDaemon identical 3 lines
11-28 14:08:02.173 10072 10081 W System  : A resource failed to call close. 
11-28 14:08:02.174 10072 10081 W System  : A resource failed to call close. 
11-28 14:08:02.174 10072 10081 I chatty  : uid=10150(symlab.cloudridar.arhud) FinalizerDaemon identical 1 line
11-28 14:08:02.174 10072 10081 W System  : A resource failed to call close. 
11-28 14:08:02.174 10072 10081 W System  : A resource failed to call close. 
11-28 14:08:02.174 10072 10081 I chatty  : uid=10150(symlab.cloudridar.arhud) FinalizerDaemon identical 2 lines
11-28 14:08:02.175 10072 10081 W System  : A resource failed to call close. 
11-28 14:08:02.175 10072 10072 D Poster  : At 1574942882175 location is 65.05852241991758 (latitude), and 25.46872012875813 (longitude)
11-28 14:08:02.175 10072 10081 W System  : A resource failed to call close. 
11-28 14:08:02.175 10072 10081 I chatty  : uid=10150(symlab.cloudridar.arhud) FinalizerDaemon identical 1 line
11-28 14:08:02.175 10072 10081 W System  : A resource failed to call close. 
11-28 14:08:02.175 10072 10081 W System  : A resource failed to call close. 
11-28 14:08:02.175 10072 10081 I chatty  : uid=10150(symlab.cloudridar.arhud) FinalizerDaemon identical 1 line
11-28 14:08:02.175 10072 10081 W System  : A resource failed to call close. 
11-28 14:08:02.176 10072 10081 W System  : A resource failed to call close. 
11-28 14:08:02.176 10072 10081 W System  : A resource failed to call close. 
11-28 14:08:02.176 10072 10081 W System  : A resource failed to call close. 
11-28 14:08:02.176 10072 10081 I chatty  : uid=10150(symlab.cloudridar.arhud) FinalizerDaemon identical 2 lines
11-28 14:08:02.176 10072 10081 W System  : A resource failed to call close. 
11-28 14:08:02.176 10072 10072 D Poster  : Connected to mobile network 20
11-28 14:08:02.176 10072 10081 W System  : A resource failed to call close. 
11-28 14:08:02.177 10072 10081 W System  : A resource failed to call close. 
11-28 14:08:02.177 10072 10081 W System  : A resource failed to call close. 
11-28 14:08:02.180 10072 10081 W System  : A resource failed to call close. 
11-28 14:08:02.180 10072 10081 W System  : A resource failed to call close. 
11-28 14:08:02.180 10072 10081 I chatty  : uid=10150(symlab.cloudridar.arhud) FinalizerDaemon identical 4 lines
11-28 14:08:02.180 10072 10081 W System  : A resource failed to call close. 
11-28 14:08:03.183 10072 10072 D Poster  : At 1574942883182 location is 65.05854490634667 (latitude), and 25.46861929045625 (longitude)
11-28 14:08:03.188 10072 10072 D Poster  : Connected to mobile network 20
11-28 14:08:03.661 10072 10083 E         : [ZeroHung]zrhung_get_config: Get config failed for wp[0x0008]
11-28 14:08:03.681 10072 10081 W System  : A resource failed to call close. 
11-28 14:08:03.687 10072 10081 I chatty  : uid=10150(symlab.cloudridar.arhud) FinalizerDaemon identical 41 lines
11-28 14:08:03.687 10072 10081 W System  : A resource failed to call close. 
11-28 14:08:04.177 10072 10072 D Poster  : At 1574942884177 location is 65.05854513697878 (latitude), and 25.468515427893717 (longitude)
11-28 14:08:04.179 10072 10072 D Poster  : Connected to mobile network 20
11-28 14:08:04.902 10072 10083 E         : [ZeroHung]zrhung_get_config: Get config failed for wp[0x0008]
11-28 14:08:04.918 10072 10081 W System  : A resource failed to call close. 
11-28 14:08:04.922 10072 10081 I chatty  : uid=10150(symlab.cloudridar.arhud) FinalizerDaemon identical 33 lines
11-28 14:08:04.922 10072 10081 W System  : A resource failed to call close. 
11-28 14:08:05.185 10072 10072 D Poster  : At 1574942885185 location is 65.05854670240744 (latitude), and 25.46841281827752 (longitude)
11-28 14:08:05.187 10072 10072 D Poster  : Connected to mobile network 20
11-28 14:08:05.916 10072 10083 E         : [ZeroHung]zrhung_get_config: Get config failed for wp[0x0008]
11-28 14:08:05.931 10072 10081 W System  : A resource failed to call close. 
11-28 14:08:05.933 10072 10081 I chatty  : uid=10150(symlab.cloudridar.arhud) FinalizerDaemon identical 14 lines
11-28 14:08:05.934 10072 10081 W System  : A resource failed to call close. 
11-28 14:08:05.934 10072 10081 W System  : A resource failed to call close. 
11-28 14:08:05.934 10072 10081 W System  : A resource failed to call close. 
11-28 14:08:05.935 10072 10081 I chatty  : uid=10150(symlab.cloudridar.arhud) FinalizerDaemon identical 12 lines
11-28 14:08:05.936 10072 10081 W System  : A resource failed to call close. 
11-28 14:08:06.190 10072 10072 D Poster  : At 1574942886189 location is 65.05855673981348 (latitude), and 25.46837282645858 (longitude)
11-28 14:08:06.193 10072 10072 D Poster  : Connected to mobile network 20
11-28 14:08:06.725 10072 10079 W loudridar.arhu: Receiving file descriptor from ADB failed (socket 18): Connection reset by peer
11-28 14:08:06.726 10072 10079 E loudridar.arhu: Something went wrong getting fds from adb. Retry!: Connection reset by peer
11-28 14:08:07.189 10072 10072 D Poster  : At 1574942887189 location is 65.05851232955433 (latitude), and 25.468383704199745 (longitude)
11-28 14:08:07.192 10072 10072 D Poster  : Connected to mobile network 20
11-28 14:08:07.583 10072 10083 E         : [ZeroHung]zrhung_get_config: Get config failed for wp[0x0008]
11-28 14:08:07.613 10072 10081 W System  : A resource failed to call close. 
11-28 14:08:07.615 10072 10081 I chatty  : uid=10150(symlab.cloudridar.arhud) FinalizerDaemon identical 14 lines
11-28 14:08:07.615 10072 10081 W System  : A resource failed to call close. 
11-28 14:08:07.615 10072 10081 W System  : A resource failed to call close. 
11-28 14:08:07.619 10072 10081 I chatty  : uid=10150(symlab.cloudridar.arhud) FinalizerDaemon identical 28 lines
11-28 14:08:07.619 10072 10081 W System  : A resource failed to call close. 
11-28 14:08:07.744 10072 10072 D stylus  : init stylus touchlistener.
11-28 14:08:07.754 10072 10072 W Settings: Setting device_provisioned has moved from android.provider.Settings.Secure to android.provider.Settings.Global.
11-28 14:08:07.754 10072 10072 V HiTouch_HiTouchSensor: User setup is finished.
11-28 14:08:07.756 10072 10072 W HiTouch_PressGestureDetector: Touch pointer move a lot. The moving distance of X is:77.82837, limit is:60The moving distance of Y is:20.694641, limit is:60
11-28 14:08:08.184 10072 10072 D Poster  : At 1574942888184 location is 65.0584607315866 (latitude), and 25.468397895277356 (longitude)
11-28 14:08:08.185 10072 10072 D Poster  : Connected to mobile network 20
11-28 14:08:08.987 10072 10083 E         : [ZeroHung]zrhung_get_config: Get config failed for wp[0x0008]
11-28 14:08:09.000 10072 10081 W System  : A resource failed to call close. 
11-28 14:08:09.000 10072 10081 W System  : A resource failed to call close. 
11-28 14:08:09.000 10072 10081 I chatty  : uid=10150(symlab.cloudridar.arhud) FinalizerDaemon identical 2 lines
11-28 14:08:09.000 10072 10081 W System  : A resource failed to call close. 
11-28 14:08:09.000 10072 10081 W System  : A resource failed to call close. 
11-28 14:08:09.002 10072 10081 I chatty  : uid=10150(symlab.cloudridar.arhud) FinalizerDaemon identical 34 lines
11-28 14:08:09.002 10072 10081 W System  : A resource failed to call close. 
11-28 14:08:09.076 10072 10072 I Poster  :  onPause() called.
11-28 14:08:09.147 10072 10072 I Camera  : close camera: 0, package name: symlab.cloudridar.arhud
11-28 14:08:09.147 10072 10072 I BackgroundPermManager: pkgName: symlab.cloudridar.arhud,pid: 10072 ,uidOf3RdApk: 10150 ,permType: 0 ,permCfg: 0
11-28 14:08:09.149 10072 10072 I HwCameraUtil: notifySurfaceFlingerCameraStatus : isFront = false , isOpend = false
11-28 14:08:09.278 10072 10072 D ZrHung.AppEyeUiProbe: stop checker.
11-28 14:08:09.298 10072 10072 D Poster  : At 1574942889297 location is 65.0583927588441 (latitude), and 25.468423857735857 (longitude)
11-28 14:08:09.300 10072 10072 D Poster  : Connected to mobile network 20
11-28 14:08:09.309 10072 10072 I Poster  :  surfaceDestroyed() called.
11-28 14:08:09.310 10072 10072 D ViewRootImpl[MainActivity]: surface should not be released
11-28 14:08:09.310 10072 10072 I Poster  :  onStop() called.
11-28 14:08:09.318 10072 10132 W libEGL  : EGLNativeWindowType 0xf07f0008 disconnect failed
11-28 14:08:09.809 10072 10107 D ZrHung.AppEyeUiProbe: Current Activity:false
11-28 14:08:09.810 10072 10107 D ZrHung.AppEyeUiProbe: not watching, wait.
11-28 14:08:10.191 10072 10072 D Poster  : At 1574942890191 location is 65.05807904920256 (latitude), and 25.468613325859213 (longitude)
11-28 14:08:10.193 10072 10072 D Poster  : Connected to mobile network 20
11-28 14:08:10.202 10072 10072 D Latitude: status
11-28 14:08:14.085 10072 10072 I AwareBitmapCacher: handleReleaseCache: pid=10072
11-28 14:08:14.085 10072 10072 I AwareBitmapCacher: init lrucache size: 2097152 pid=10072
11-28 14:08:14.291 10072 10083 E         : [ZeroHung]zrhung_get_config: Get config failed for wp[0x0008]
11-28 14:08:14.330 10072 10081 W System  : A resource failed to call close. 
11-28 14:08:14.330 10072 10081 W System  : A resource failed to call close. 
11-28 14:09:02.920 10072 10072 I PermissionManager: camera remind result:true
11-28 14:09:02.920 10072 10072 I BackgroundPermManager: pkgName: symlab.cloudridar.arhud,pid: 10072 ,uidOf3RdApk: 10150 ,permType: 0 ,permCfg: 1
11-28 14:09:02.927 10072 10072 I HwCameraUtil: notifySurfaceFlingerCameraStatus : isFront = false , isOpend = true
11-28 14:09:02.952 10072 10072 D ActivityThread: isOptEnabled=false isWechatScanOpt=false
11-28 14:09:02.973 10072 10132 D mali_winsys: EGLint new_window_surface(egl_winsys_display *, void *, EGLSurface, EGLConfig, egl_winsys_surface **, EGLBoolean) returns 0x3000
11-28 14:09:02.985 10072 10072 I Poster  :  surfaceCreated() called.
11-28 14:09:02.985 10072 10072 I Poster  : initPreview() called
11-28 14:09:02.988 10072 10072 I PermissionManager: camera remind result:true
11-28 14:09:02.994 10072 10072 I Poster  :  surfaceChanged() called.
11-28 14:09:02.994 10072 10072 E BpSurfaceComposerClient: Failed to transact (-1)
11-28 14:09:02.994 10072 10072 E BpSurfaceComposerClient: Failed to transact (-1)
11-28 14:09:03.009 10072 10072 W InputMethodManager: startInputReason = 1
11-28 14:09:03.041 10072 10132 W libEGL  : EGLNativeWindowType 0xd2765808 disconnect failed
11-28 14:09:03.042 10072 10132 D mali_winsys: EGLint new_window_surface(egl_winsys_display *, void *, EGLSurface, EGLConfig, egl_winsys_surface **, EGLBoolean) returns 0x3000
11-28 14:09:03.291 10072 10072 W MessageQueue: Handler (android.os.Handler) {56d7f62} sending message to a Handler on a dead thread
11-28 14:09:03.291 10072 10072 W MessageQueue: java.lang.IllegalStateException: Handler (android.os.Handler) {56d7f62} sending message to a Handler on a dead thread
11-28 14:09:03.291 10072 10072 W MessageQueue: 	at android.os.MessageQueue.enqueueMessage(MessageQueue.java:650)
11-28 14:09:03.291 10072 10072 W MessageQueue: 	at android.os.Handler.enqueueMessage(Handler.java:769)
11-28 14:09:03.291 10072 10072 W MessageQueue: 	at android.os.Handler.sendMessageAtTime(Handler.java:718)
11-28 14:09:03.291 10072 10072 W MessageQueue: 	at android.os.Handler.sendMessageDelayed(Handler.java:688)
11-28 14:09:03.291 10072 10072 W MessageQueue: 	at android.os.Handler.post(Handler.java:405)
11-28 14:09:03.291 10072 10072 W MessageQueue: 	at symlab.CloudAR.ARManager.recognizeTime(ARManager.java:152)
11-28 14:09:03.291 10072 10072 W MessageQueue: 	at symlab.ARHUD.MainActivity$3.onPreviewFrame(MainActivity.java:296)
11-28 14:09:03.291 10072 10072 W MessageQueue: 	at android.hardware.Camera$EventHandler.handleMessage(Camera.java:1278)
11-28 14:09:03.291 10072 10072 W MessageQueue: 	at android.os.Handler.dispatchMessage(Handler.java:112)
11-28 14:09:03.291 10072 10072 W MessageQueue: 	at android.os.Looper.loop(Looper.java:216)
11-28 14:09:03.291 10072 10072 W MessageQueue: 	at android.app.ActivityThread.main(ActivityThread.java:7579)
11-28 14:09:03.291 10072 10072 W MessageQueue: 	at java.lang.reflect.Method.invoke(Native Method)
11-28 14:09:03.291 10072 10072 W MessageQueue: 	at com.android.internal.os.RuntimeInit$MethodAndArgsCaller.run(RuntimeInit.java:524)
11-28 14:09:03.291 10072 10072 W MessageQueue: 	at com.android.internal.os.ZygoteInit.main(ZygoteInit.java:1034)
11-28 14:09:03.292 10072 10072 W MessageQueue: Handler (android.os.Handler) {56d7f62} sending message to a Handler on a dead thread
11-28 14:09:03.292 10072 10072 W MessageQueue: java.lang.IllegalStateException: Handler (android.os.Handler) {56d7f62} sending message to a Handler on a dead thread
11-28 14:09:03.292 10072 10072 W MessageQueue: 	at android.os.MessageQueue.enqueueMessage(MessageQueue.java:650)
11-28 14:09:03.292 10072 10072 W MessageQueue: 	at android.os.Handler.enqueueMessage(Handler.java:769)
11-28 14:09:03.292 10072 10072 W MessageQueue: 	at android.os.Handler.sendMessageAtTime(Handler.java:718)
11-28 14:09:03.292 10072 10072 W MessageQueue: 	at android.os.Handler.sendMessageDelayed(Handler.java:688)
11-28 14:09:03.292 10072 10072 W MessageQueue: 	at android.os.Handler.post(Handler.java:405)
11-28 14:09:03.292 10072 10072 W MessageQueue: 	at symlab.CloudAR.ARManager.driveFrame(ARManager.java:157)
11-28 14:09:03.292 10072 10072 W MessageQueue: 	at symlab.ARHUD.MainActivity$3.onPreviewFrame(MainActivity.java:297)
11-28 14:09:03.292 10072 10072 W MessageQueue: 	at android.hardware.Camera$EventHandler.handleMessage(Camera.java:1278)
11-28 14:09:03.292 10072 10072 W MessageQueue: 	at android.os.Handler.dispatchMessage(Handler.java:112)
11-28 14:09:03.292 10072 10072 W MessageQueue: 	at android.os.Looper.loop(Looper.java:216)
11-28 14:09:03.292 10072 10072 W MessageQueue: 	at android.app.ActivityThread.main(ActivityThread.java:7579)
11-28 14:09:03.292 10072 10072 W MessageQueue: 	at java.lang.reflect.Method.invoke(Native Method)
11-28 14:09:03.292 10072 10072 W MessageQueue: 	at com.android.internal.os.RuntimeInit$MethodAndArgsCaller.run(RuntimeInit.java:524)
11-28 14:09:03.292 10072 10072 W MessageQueue: 	at com.android.internal.os.ZygoteInit.main(ZygoteInit.java:1034)
11-28 14:09:03.315 10072 10072 W MessageQueue: Handler (android.os.Handler) {56d7f62} sending message to a Handler on a dead thread
11-28 14:09:03.315 10072 10072 W MessageQueue: java.lang.IllegalStateException: Handler (android.os.Handler) {56d7f62} sending message to a Handler on a dead thread
11-28 14:09:03.315 10072 10072 W MessageQueue: 	at android.os.MessageQueue.enqueueMessage(MessageQueue.java:650)
11-28 14:09:03.315 10072 10072 W MessageQueue: 	at android.os.Handler.enqueueMessage(Handler.java:769)
11-28 14:09:03.315 10072 10072 W MessageQueue: 	at android.os.Handler.sendMessageAtTime(Handler.java:718)
11-28 14:09:03.315 10072 10072 W MessageQueue: 	at android.os.Handler.sendMessageDelayed(Handler.java:688)
11-28 14:09:03.315 10072 10072 W MessageQueue: 	at android.os.Handler.post(Handler.java:405)
11-28 14:09:03.315 10072 10072 W MessageQueue: 	at symlab.CloudAR.ARManager.recognizeTime(ARManager.java:152)
11-28 14:09:03.315 10072 10072 W MessageQueue: 	at symlab.ARHUD.MainActivity$3.onPreviewFrame(MainActivity.java:296)
11-28 14:09:03.315 10072 10072 W MessageQueue: 	at android.hardware.Camera$EventHandler.handleMessage(Camera.java:1278)
11-28 14:09:03.315 10072 10072 W MessageQueue: 	at android.os.Handler.dispatchMessage(Handler.java:112)
11-28 14:09:03.315 10072 10072 W MessageQueue: 	at android.os.Looper.loop(Looper.java:216)
11-28 14:09:03.315 10072 10072 W MessageQueue: 	at android.app.ActivityThread.main(ActivityThread.java:7579)
11-28 14:09:03.315 10072 10072 W MessageQueue: 	at java.lang.reflect.Method.invoke(Native Method)
11-28 14:09:03.315 10072 10072 W MessageQueue: 	at com.android.internal.os.RuntimeInit$MethodAndArgsCaller.run(RuntimeInit.java:524)
11-28 14:09:03.315 10072 10072 W MessageQueue: 	at com.android.internal.os.ZygoteInit.main(ZygoteInit.java:1034)
11-28 14:09:03.315 10072 10072 W MessageQueue: Handler (android.os.Handler) {56d7f62} sending message to a Handler on a dead thread
11-28 14:09:03.315 10072 10072 W MessageQueue: java.lang.IllegalStateException: Handler (android.os.Handler) {56d7f62} sending message to a Handler on a dead thread
11-28 14:09:03.315 10072 10072 W MessageQueue: 	at android.os.MessageQueue.enqueueMessage(MessageQueue.java:650)
11-28 14:09:03.315 10072 10072 W MessageQueue: 	at android.os.Handler.enqueueMessage(Handler.java:769)
11-28 14:09:03.315 10072 10072 W MessageQueue: 	at android.os.Handler.sendMessageAtTime(Handler.java:718)
11-28 14:09:03.315 10072 10072 W MessageQueue: 	at android.os.Handler.sendMessageDelayed(Handler.java:688)
11-28 14:09:03.315 10072 10072 W MessageQueue: 	at android.os.Handler.post(Handler.java:405)
11-28 14:09:03.315 10072 10072 W MessageQueue: 	at symlab.CloudAR.ARManager.driveFrame(ARManager.java:157)
11-28 14:09:03.315 10072 10072 W MessageQueue: 	at symlab.ARHUD.MainActivity$3.onPreviewFrame(MainActivity.java:297)
11-28 14:09:03.315 10072 10072 W MessageQueue: 	at android.hardware.Camera$EventHandler.handleMessage(Camera.java:1278)
11-28 14:09:03.315 10072 10072 W MessageQueue: 	at android.os.Handler.dispatchMessage(Handler.java:112)
11-28 14:09:03.315 10072 10072 W MessageQueue: 	at android.os.Looper.loop(Looper.java:216)
11-28 14:09:03.315 10072 10072 W MessageQueue: 	at android.app.ActivityThread.main(ActivityThread.java:7579)
11-28 14:09:03.315 10072 10072 W MessageQueue: 	at java.lang.reflect.Method.invoke(Native Method)
11-28 14:09:03.315 10072 10072 W MessageQueue: 	at com.android.internal.os.RuntimeInit$MethodAndArgsCaller.run(RuntimeInit.java:524)
11-28 14:09:03.315 10072 10072 W MessageQueue: 	at com.android.internal.os.ZygoteInit.main(ZygoteInit.java:1034)
11-28 14:09:03.352 10072 10072 W MessageQueue: Handler (android.os.Handler) {56d7f62} sending message to a Handler on a dead thread
11-28 14:09:03.352 10072 10072 W MessageQueue: java.lang.IllegalStateException: Handler (android.os.Handler) {56d7f62} sending message to a Handler on a dead thread
11-28 14:09:03.352 10072 10072 W MessageQueue: 	at android.os.MessageQueue.enqueueMessage(MessageQueue.java:650)
11-28 14:09:03.352 10072 10072 W MessageQueue: 	at android.os.Handler.enqueueMessage(Handler.java:769)
11-28 14:09:03.352 10072 10072 W MessageQueue: 	at android.os.Handler.sendMessageAtTime(Handler.java:718)
11-28 14:09:03.352 10072 10072 W MessageQueue: 	at android.os.Handler.sendMessageDelayed(Handler.java:688)
11-28 14:09:03.352 10072 10072 W MessageQueue: 	at android.os.Handler.post(Handler.java:405)
11-28 14:09:03.352 10072 10072 W MessageQueue: 	at symlab.CloudAR.ARManager.recognizeTime(ARManager.java:152)
11-28 14:09:03.352 10072 10072 W MessageQueue: 	at symlab.ARHUD.MainActivity$3.onPreviewFrame(MainActivity.java:296)
11-28 14:09:03.352 10072 10072 W MessageQueue: 	at android.hardware.Camera$EventHandler.handleMessage(Camera.java:1278)
11-28 14:09:03.352 10072 10072 W MessageQueue: 	at android.os.Handler.dispatchMessage(Handler.java:112)
11-28 14:09:03.352 10072 10072 W MessageQueue: 	at android.os.Looper.loop(Looper.java:216)
11-28 14:09:03.352 10072 10072 W MessageQueue: 	at android.app.ActivityThread.main(ActivityThread.java:7579)
11-28 14:09:03.352 10072 10072 W MessageQueue: 	at java.lang.reflect.Method.invoke(Native Method)
11-28 14:09:03.352 10072 10072 W MessageQueue: 	at com.android.internal.os.RuntimeInit$MethodAndArgsCaller.run(RuntimeInit.java:524)
11-28 14:09:03.352 10072 10072 W MessageQueue: 	at com.android.internal.os.ZygoteInit.main(ZygoteInit.java:1034)
11-28 14:09:03.352 10072 10072 W MessageQueue: Handler (android.os.Handler) {56d7f62} sending message to a Handler on a dead thread
11-28 14:09:03.352 10072 10072 W MessageQueue: java.lang.IllegalStateException: Handler (android.os.Handler) {56d7f62} sending message to a Handler on a dead thread
11-28 14:09:03.352 10072 10072 W MessageQueue: 	at android.os.MessageQueue.enqueueMessage(MessageQueue.java:650)
11-28 14:09:03.352 10072 10072 W MessageQueue: 	at android.os.Handler.enqueueMessage(Handler.java:769)
11-28 14:09:03.352 10072 10072 W MessageQueue: 	at android.os.Handler.sendMessageAtTime(Handler.java:718)
11-28 14:09:03.352 10072 10072 W MessageQueue: 	at android.os.Handler.sendMessageDelayed(Handler.java:688)
11-28 14:09:03.352 10072 10072 W MessageQueue: 	at android.os.Handler.post(Handler.java:405)
11-28 14:09:03.352 10072 10072 W MessageQueue: 	at symlab.CloudAR.ARManager.driveFrame(ARManager.java:157)
11-28 14:09:03.352 10072 10072 W MessageQueue: 	at symlab.ARHUD.MainActivity$3.onPreviewFrame(MainActivity.java:297)
11-28 14:09:03.352 10072 10072 W MessageQueue: 	at android.hardware.Camera$EventHandler.handleMessage(Camera.java:1278)
11-28 14:09:03.352 10072 10072 W MessageQueue: 	at android.os.Handler.dispatchMessage(Handler.java:112)
11-28 14:09:03.352 10072 10072 W MessageQueue: 	at android.os.Looper.loop(Looper.java:216)
11-28 14:09:03.352 10072 10072 W MessageQueue: 	at android.app.ActivityThread.main(ActivityThread.java:7579)
11-28 14:09:03.352 10072 10072 W MessageQueue: 	at java.lang.reflect.Method.invoke(Native Method)
11-28 14:09:03.352 10072 10072 W MessageQueue: 	at com.android.internal.os.RuntimeInit$MethodAndArgsCaller.run(RuntimeInit.java:524)
11-28 14:09:03.352 10072 10072 W MessageQueue: 	at com.android.internal.os.ZygoteInit.main(ZygoteInit.java:1034)
11-28 14:09:03.389 10072 10072 W MessageQueue: Handler (android.os.Handler) {56d7f62} sending message to a Handler on a dead thread
11-28 14:09:03.389 10072 10072 W MessageQueue: java.lang.IllegalStateException: Handler (android.os.Handler) {56d7f62} sending message to a Handler on a dead thread
11-28 14:09:03.389 10072 10072 W MessageQueue: 	at android.os.MessageQueue.enqueueMessage(MessageQueue.java:650)
11-28 14:09:03.389 10072 10072 W MessageQueue: 	at android.os.Handler.enqueueMessage(Handler.java:769)
11-28 14:09:03.389 10072 10072 W MessageQueue: 	at android.os.Handler.sendMessageAtTime(Handler.java:718)
11-28 14:09:03.389 10072 10072 W MessageQueue: 	at android.os.Handler.sendMessageDelayed(Handler.java:688)
11-28 14:09:03.389 10072 10072 W MessageQueue: 	at android.os.Handler.post(Handler.java:405)
11-28 14:09:03.389 10072 10072 W MessageQueue: 	at symlab.CloudAR.ARManager.recognizeTime(ARManager.java:152)
11-28 14:09:03.389 10072 10072 W MessageQueue: 	at symlab.ARHUD.MainActivity$3.onPreviewFrame(MainActivity.java:296)
11-28 14:09:03.389 10072 10072 W MessageQueue: 	at android.hardware.Camera$EventHandler.handleMessage(Camera.java:1278)
11-28 14:09:03.389 10072 10072 W MessageQueue: 	at android.os.Handler.dispatchMessage(Handler.java:112)
11-28 14:09:03.389 10072 10072 W MessageQueue: 	at android.os.Looper.loop(Looper.java:216)
11-28 14:09:03.389 10072 10072 W MessageQueue: 	at android.app.ActivityThread.main(ActivityThread.java:7579)
11-28 14:09:03.389 10072 10072 W MessageQueue: 	at java.lang.reflect.Method.invoke(Native Method)
11-28 14:09:03.389 10072 10072 W MessageQueue: 	at com.android.internal.os.RuntimeInit$MethodAndArgsCaller.run(RuntimeInit.java:524)
11-28 14:09:03.389 10072 10072 W MessageQueue: 	at com.android.internal.os.ZygoteInit.main(ZygoteInit.java:1034)
11-28 14:09:03.390 10072 10072 W MessageQueue: Handler (android.os.Handler) {56d7f62} sending message to a Handler on a dead thread
11-28 14:09:03.390 10072 10072 W MessageQueue: java.lang.IllegalStateException: Handler (android.os.Handler) {56d7f62} sending message to a Handler on a dead thread
11-28 14:09:03.390 10072 10072 W MessageQueue: 	at android.os.MessageQueue.enqueueMessage(MessageQueue.java:650)
11-28 14:09:03.390 10072 10072 W MessageQueue: 	at android.os.Handler.enqueueMessage(Handler.java:769)
11-28 14:09:03.390 10072 10072 W MessageQueue: 	at android.os.Handler.sendMessageAtTime(Handler.java:718)
11-28 14:09:03.390 10072 10072 W MessageQueue: 	at android.os.Handler.sendMessageDelayed(Handler.java:688)
11-28 14:09:03.390 10072 10072 W MessageQueue: 	at android.os.Handler.post(Handler.java:405)
11-28 14:09:03.390 10072 10072 W MessageQueue: 	at symlab.CloudAR.ARManager.driveFrame(ARManager.java:157)
11-28 14:09:03.390 10072 10072 W MessageQueue: 	at symlab.ARHUD.MainActivity$3.onPreviewFrame(MainActivity.java:297)
11-28 14:09:03.390 10072 10072 W MessageQueue: 	at android.hardware.Camera$EventHandler.handleMessage(Camera.java:1278)
11-28 14:09:03.390 10072 10072 W MessageQueue: 	at android.os.Handler.dispatchMessage(Handler.java:112)
11-28 14:09:03.390 10072 10072 W MessageQueue: 	at android.os.Looper.loop(Looper.java:216)
11-28 14:09:03.390 10072 10072 W MessageQueue: 	at android.app.ActivityThread.main(ActivityThread.java:7579)
11-28 14:09:03.390 10072 10072 W MessageQueue: 	at java.lang.reflect.Method.invoke(Native Method)
11-28 14:09:03.390 10072 10072 W MessageQueue: 	at com.android.internal.os.RuntimeInit$MethodAndArgsCaller.run(RuntimeInit.java:524)
11-28 14:09:03.390 10072 10072 W MessageQueue: 	at com.android.internal.os.ZygoteInit.main(ZygoteInit.java:1034)
11-28 14:09:03.425 10072 10072 W MessageQueue: Handler (android.os.Handler) {56d7f62} sending message to a Handler on a dead thread
11-28 14:09:03.425 10072 10072 W MessageQueue: java.lang.IllegalStateException: Handler (android.os.Handler) {56d7f62} sending message to a Handler on a dead thread
11-28 14:09:03.425 10072 10072 W MessageQueue: 	at android.os.MessageQueue.enqueueMessage(MessageQueue.java:650)
11-28 14:09:03.425 10072 10072 W MessageQueue: 	at android.os.Handler.enqueueMessage(Handler.java:769)
11-28 14:09:03.425 10072 10072 W MessageQueue: 	at android.os.Handler.sendMessageAtTime(Handler.java:718)
11-28 14:09:03.425 10072 10072 W MessageQueue: 	at android.os.Handler.sendMessageDelayed(Handler.java:688)
11-28 14:09:03.425 10072 10072 W MessageQueue: 	at android.os.Handler.post(Handler.java:405)
11-28 14:09:03.425 10072 10072 W MessageQueue: 	at symlab.CloudAR.ARManager.recognizeTime(ARManager.java:152)
11-28 14:09:03.425 10072 10072 W MessageQueue: 	at symlab.ARHUD.MainActivity$3.onPreviewFrame(MainActivity.java:296)
11-28 14:09:03.425 10072 10072 W MessageQueue: 	at android.hardware.Camera$EventHandler.handleMessage(Camera.java:1278)
11-28 14:09:03.425 10072 10072 W MessageQueue: 	at android.os.Handler.dispatchMessage(Handler.java:112)
11-28 14:09:03.425 10072 10072 W MessageQueue: 	at android.os.Looper.loop(Looper.java:216)
