11-28 14:10:55.659 11469 11518 D Evaluation: 2 res for frame 324 received at 1574943055659
11-28 14:10:55.686 11469 11518 D Evaluation: 3 res for frame 325 received at 1574943055686
11-28 14:10:55.714 11469 11518 D Evaluation: 1 res for frame 326 received at 1574943055714
11-28 14:10:55.759 11469 11518 D Evaluation: 2 res for frame 327 received at 1574943055759
11-28 14:10:55.788 11469 11518 D Evaluation: 1 res for frame 328 received at 1574943055788
11-28 14:10:55.820 11469 11518 D Evaluation: 2 res for frame 329 received at 1574943055820
11-28 14:10:55.849 11469 11518 D Evaluation: 2 res for frame 330 received at 1574943055849
11-28 14:10:55.889 11469 11518 D Evaluation: 1 res for frame 331 received at 1574943055889
11-28 14:10:55.924 11469 11518 D Evaluation: 1 res for frame 332 received at 1574943055924
11-28 14:10:55.958 11469 11518 D Evaluation: 1 res for frame 333 received at 1574943055958
11-28 14:10:55.990 11469 11518 D Evaluation: 1 res for frame 334 received at 1574943055990
11-28 14:10:56.021 11469 11518 D Evaluation: 1 res for frame 335 received at 1574943056021
11-28 14:10:56.051 11469 11518 D Evaluation: 1 res for frame 336 received at 1574943056051
11-28 14:10:56.090 11469 11518 D Evaluation: 2 res for frame 337 received at 1574943056090
11-28 14:10:56.132 11469 11518 D Evaluation: 1 res for frame 338 received at 1574943056132
11-28 14:10:56.161 11469 11518 D Evaluation: 1 res for frame 339 received at 1574943056161
11-28 14:10:56.186 11469 11518 D Evaluation: 1 res for frame 340 received at 1574943056186
11-28 14:10:56.221 11469 11518 D Evaluation: 1 res for frame 341 received at 1574943056221
11-28 14:10:56.260 11469 11518 D Evaluation: 1 res for frame 342 received at 1574943056260
11-28 14:10:56.342 11469 11518 D Evaluation: 2 res for frame 343 received at 1574943056342
11-28 14:10:56.369 11469 11518 D Evaluation: 3 res for frame 344 received at 1574943056368
11-28 14:10:56.398 11469 11518 D Evaluation: 2 res for frame 346 received at 1574943056398
11-28 14:10:56.428 11469 11518 D Evaluation: 1 res for frame 347 received at 1574943056428
11-28 14:10:56.453 11469 11518 D Evaluation: 1 res for frame 349 received at 1574943056453
11-28 14:10:56.494 11469 11518 D Evaluation: 1 res for frame 349 received at 1574943056494
11-28 14:10:56.521 11469 11518 D Evaluation: 1 res for frame 350 received at 1574943056521
11-28 14:10:56.562 11469 11481 E         : [ZeroHung]zrhung_get_config: Get config failed for wp[0x0008]
11-28 14:10:56.571 11469 11518 D Evaluation: 2 res for frame 351 received at 1574943056571
11-28 14:10:56.583 11469 11481 I loudridar.arhu: Background concurrent copying GC freed 4018(632KB) AllocSpace objects, 138(5MB) LOS objects, 57% free, 4MB/10MB, paused 5.140ms total 21.156ms
11-28 14:10:56.586 11469 11479 W System  : A resource failed to call close. 
11-28 14:10:56.590 11469 11479 I chatty  : uid=10150(symlab.cloudridar.arhud) FinalizerDaemon identical 38 lines
11-28 14:10:56.590 11469 11479 W System  : A resource failed to call close. 
11-28 14:10:56.590 11469 11479 W System  : A resource failed to call close. 
11-28 14:10:56.590 11469 11479 W System  : A resource failed to call close. 
11-28 14:10:56.590 11469 11479 W System  : A resource failed to call close. 
11-28 14:10:56.591 11469 11479 W System  : A resource failed to call close. 
11-28 14:10:56.591 11469 11479 W System  : A resource failed to call close. 
11-28 14:10:56.591 11469 11479 I chatty  : uid=10150(symlab.cloudridar.arhud) FinalizerDaemon identical 7 lines
11-28 14:10:56.592 11469 11479 W System  : A resource failed to call close. 
11-28 14:10:56.592 11469 11479 W System  : A resource failed to call close. 
11-28 14:10:56.592 11469 11479 W System  : A resource failed to call close. 
11-28 14:10:56.599 11469 11518 D Evaluation: 2 res for frame 352 received at 1574943056599
11-28 14:10:56.637 11469 11518 D Evaluation: 2 res for frame 353 received at 1574943056637
11-28 14:10:56.663 11469 11518 D Evaluation: 2 res for frame 354 received at 1574943056663
11-28 14:10:56.702 11469 11518 D Evaluation: 3 res for frame 355 received at 1574943056702
11-28 14:10:56.727 11469 11518 D Evaluation: 3 res for frame 356 received at 1574943056727
11-28 14:10:56.766 11469 11518 D Evaluation: 4 res for frame 357 received at 1574943056766
11-28 14:10:56.794 11469 11518 D Evaluation: 3 res for frame 358 received at 1574943056794
11-28 14:10:56.829 11469 11518 D Evaluation: 3 res for frame 359 received at 1574943056829
11-28 14:10:56.866 11469 11518 D Evaluation: 3 res for frame 360 received at 1574943056866
11-28 14:10:56.901 11469 11518 D Evaluation: 2 res for frame 361 received at 1574943056901
11-28 14:10:56.926 11469 11518 D Evaluation: 3 res for frame 362 received at 1574943056926
11-28 14:10:57.002 11469 11518 D Evaluation: 3 res for frame 363 received at 1574943057002
11-28 14:10:57.035 11469 11518 D Evaluation: 3 res for frame 364 received at 1574943057035
11-28 14:10:57.056 11469 11518 D Evaluation: 4 res for frame 365 received at 1574943057056
11-28 14:10:57.093 11469 11518 D Evaluation: 3 res for frame 366 received at 1574943057093
11-28 14:10:57.123 11469 11518 D Evaluation: 3 res for frame 367 received at 1574943057123
11-28 14:10:57.159 11469 11518 D Evaluation: 2 res for frame 368 received at 1574943057159
11-28 14:10:57.194 11469 11518 D Evaluation: 3 res for frame 369 received at 1574943057194
11-28 14:10:57.227 11469 11518 D Evaluation: 2 res for frame 370 received at 1574943057227
11-28 14:10:57.263 11469 11518 D Evaluation: 1 res for frame 371 received at 1574943057263
11-28 14:10:57.297 11469 11518 D Evaluation: 1 res for frame 372 received at 1574943057297
11-28 14:10:57.332 11469 11518 D Evaluation: 2 res for frame 373 received at 1574943057332
11-28 14:10:57.355 11469 11518 D Evaluation: 2 res for frame 374 received at 1574943057355
11-28 14:10:57.386 11469 11518 D Evaluation: 2 res for frame 375 received at 1574943057386
11-28 14:10:57.431 11469 11518 D Evaluation: 3 res for frame 376 received at 1574943057431
11-28 14:10:57.463 11469 11518 D Evaluation: 1 res for frame 377 received at 1574943057462
11-28 14:10:57.463 11469 11481 E         : [ZeroHung]zrhung_get_config: Get config failed for wp[0x0008]
11-28 14:10:57.486 11469 11479 W System  : A resource failed to call close. 
11-28 14:10:57.492 11469 11479 I chatty  : uid=10150(symlab.cloudridar.arhud) FinalizerDaemon identical 44 lines
11-28 14:10:57.492 11469 11479 W System  : A resource failed to call close. 
11-28 14:10:57.493 11469 11479 W System  : A resource failed to call close. 
11-28 14:10:57.494 11469 11479 I chatty  : uid=10150(symlab.cloudridar.arhud) FinalizerDaemon identical 5 lines
11-28 14:10:57.494 11469 11479 W System  : A resource failed to call close. 
11-28 14:10:57.494 11469 11479 W System  : A resource failed to call close. 
11-28 14:10:57.503 11469 11518 D Evaluation: 1 res for frame 378 received at 1574943057503
11-28 14:10:57.528 11469 11518 D Evaluation: 1 res for frame 379 received at 1574943057528
11-28 14:10:57.574 11469 11518 D Evaluation: 1 res for frame 380 received at 1574943057574
11-28 14:10:57.603 11469 11518 D Evaluation: 1 res for frame 381 received at 1574943057603
11-28 14:10:57.630 11469 11518 D Evaluation: 1 res for frame 382 received at 1574943057630
11-28 14:10:57.666 11469 11518 D Evaluation: 1 res for frame 383 received at 1574943057666
11-28 14:10:57.695 11469 11518 D Evaluation: 2 res for frame 384 received at 1574943057695
11-28 14:10:57.732 11469 11518 D Evaluation: 2 res for frame 385 received at 1574943057732
11-28 14:10:57.767 11469 11518 D Evaluation: 2 res for frame 386 received at 1574943057767
11-28 14:10:57.803 11469 11518 D Evaluation: 1 res for frame 387 received at 1574943057803
11-28 14:10:57.827 11469 11518 D Evaluation: 1 res for frame 388 received at 1574943057827
11-28 14:10:57.869 11469 11518 D Evaluation: 3 res for frame 389 received at 1574943057869
11-28 14:10:57.903 11469 11518 D Evaluation: 2 res for frame 390 received at 1574943057902
11-28 14:10:57.936 11469 11518 D Evaluation: 3 res for frame 391 received at 1574943057936
11-28 14:10:57.968 11469 11518 D Evaluation: 2 res for frame 392 received at 1574943057968
11-28 14:10:58.045 11469 11518 D Evaluation: 5 res for frame 393 received at 1574943058045
11-28 14:10:58.119 11469 11518 D Evaluation: 3 res for frame 394 received at 1574943058119
11-28 14:10:58.145 11469 11518 D Evaluation: 2 res for frame 395 received at 1574943058145
11-28 14:10:58.167 11469 11518 D Evaluation: 3 res for frame 396 received at 1574943058167
11-28 14:10:58.200 11469 11518 D Evaluation: 4 res for frame 397 received at 1574943058200
11-28 14:10:58.240 11469 11518 D Evaluation: 3 res for frame 398 received at 1574943058240
11-28 14:10:58.269 11469 11518 D Evaluation: 2 res for frame 400 received at 1574943058269
11-28 14:10:58.297 11469 11518 D Evaluation: 3 res for frame 400 received at 1574943058297
11-28 14:10:58.335 11469 11518 D Evaluation: 4 res for frame 401 received at 1574943058335
11-28 14:10:58.413 11469 11518 D Evaluation: 4 res for frame 402 received at 1574943058413
11-28 14:10:58.434 11469 11481 E         : [ZeroHung]zrhung_get_config: Get config failed for wp[0x0008]
11-28 14:10:58.436 11469 11518 D Evaluation: 5 res for frame 403 received at 1574943058436
11-28 14:10:58.463 11469 11479 W System  : A resource failed to call close. 
11-28 14:10:58.468 11469 11479 I chatty  : uid=10150(symlab.cloudridar.arhud) FinalizerDaemon identical 41 lines
11-28 14:10:58.468 11469 11479 W System  : A resource failed to call close. 
11-28 14:10:58.468 11469 11518 D Evaluation: 4 res for frame 404 received at 1574943058468
11-28 14:10:58.468 11469 11479 W System  : A resource failed to call close. 
11-28 14:10:58.469 11469 11479 I chatty  : uid=10150(symlab.cloudridar.arhud) FinalizerDaemon identical 4 lines
11-28 14:10:58.469 11469 11479 W System  : A resource failed to call close. 
11-28 14:10:58.471 11469 11479 W System  : A resource failed to call close. 
11-28 14:10:58.472 11469 11479 W System  : A resource failed to call close. 
11-28 14:10:58.472 11469 11479 I chatty  : uid=10150(symlab.cloudridar.arhud) FinalizerDaemon identical 1 line
11-28 14:10:58.472 11469 11479 W System  : A resource failed to call close. 
11-28 14:10:58.499 11469 11518 D Evaluation: 5 res for frame 405 received at 1574943058499
11-28 14:10:58.575 11469 11518 D Evaluation: 4 res for frame 406 received at 1574943058575
11-28 14:10:58.643 11469 11518 D Evaluation: 4 res for frame 407 received at 1574943058643
11-28 14:10:58.679 11469 11518 D Evaluation: 4 res for frame 408 received at 1574943058679
11-28 14:10:58.714 11469 11518 D Evaluation: 5 res for frame 409 received at 1574943058714
11-28 14:10:58.745 11469 11518 D Evaluation: 5 res for frame 410 received at 1574943058745
11-28 14:10:58.776 11469 11518 D Evaluation: 4 res for frame 411 received at 1574943058776
11-28 14:10:58.814 11469 11518 D Evaluation: 3 res for frame 412 received at 1574943058814
11-28 14:10:58.844 11469 11518 D Evaluation: 5 res for frame 413 received at 1574943058843
11-28 14:10:58.909 11469 11518 D Evaluation: 5 res for frame 414 received at 1574943058909
11-28 14:10:58.940 11469 11518 D Evaluation: 5 res for frame 415 received at 1574943058940
11-28 14:10:59.040 11469 11518 D Evaluation: 4 res for frame 416 received at 1574943059040
11-28 14:10:59.082 11469 11518 D Evaluation: 4 res for frame 417 received at 1574943059082
11-28 14:10:59.114 11469 11518 D Evaluation: 4 res for frame 418 received at 1574943059114
11-28 14:10:59.133 11469 11518 D Evaluation: 4 res for frame 419 received at 1574943059133
11-28 14:10:59.172 11469 11518 D Evaluation: 5 res for frame 420 received at 1574943059172
11-28 14:10:59.206 11469 11518 D Evaluation: 5 res for frame 421 received at 1574943059206
11-28 14:10:59.242 11469 11518 D Evaluation: 4 res for frame 422 received at 1574943059242
11-28 14:10:59.286 11469 11518 D Evaluation: 5 res for frame 423 received at 1574943059286
11-28 14:10:59.316 11469 11518 D Evaluation: 5 res for frame 424 received at 1574943059316
11-28 14:10:59.338 11469 11518 D Evaluation: 5 res for frame 425 received at 1574943059337
11-28 14:10:59.370 11469 11481 E         : [ZeroHung]zrhung_get_config: Get config failed for wp[0x0008]
11-28 14:10:59.374 11469 11518 D Evaluation: 3 res for frame 426 received at 1574943059374
11-28 14:10:59.395 11469 11479 W System  : A resource failed to call close. 
11-28 14:10:59.400 11469 11479 I chatty  : uid=10150(symlab.cloudridar.arhud) FinalizerDaemon identical 48 lines
11-28 14:10:59.400 11469 11479 W System  : A resource failed to call close. 
11-28 14:10:59.403 11469 11518 D Evaluation: 5 res for frame 427 received at 1574943059403
11-28 14:10:59.444 11469 11518 D Evaluation: 3 res for frame 428 received at 1574943059444
11-28 14:10:59.484 11469 11518 D Evaluation: 2 res for frame 429 received at 1574943059484
11-28 14:10:59.510 11469 11518 D Evaluation: 4 res for frame 430 received at 1574943059510
11-28 14:10:59.548 11469 11518 D Evaluation: 4 res for frame 431 received at 1574943059548
11-28 14:10:59.585 11469 11518 D Evaluation: 5 res for frame 432 received at 1574943059585
11-28 14:10:59.619 11469 11518 D Evaluation: 4 res for frame 433 received at 1574943059619
11-28 14:10:59.648 11469 11518 D Evaluation: 4 res for frame 434 received at 1574943059648
11-28 14:10:59.687 11469 11518 D Evaluation: 5 res for frame 435 received at 1574943059687
11-28 14:10:59.718 11469 11518 D Evaluation: 3 res for frame 436 received at 1574943059718
11-28 14:10:59.760 11469 11518 D Evaluation: 2 res for frame 437 received at 1574943059760
11-28 14:10:59.781 11469 11518 D Evaluation: 3 res for frame 438 received at 1574943059781
11-28 14:10:59.809 11469 11518 D Evaluation: 5 res for frame 439 received at 1574943059809
11-28 14:10:59.847 11469 11518 D Evaluation: 5 res for frame 440 received at 1574943059847
11-28 14:10:59.880 11469 11518 D Evaluation: 4 res for frame 441 received at 1574943059880
11-28 14:10:59.920 11469 11518 D Evaluation: 5 res for frame 442 received at 1574943059920
11-28 14:10:59.953 11469 11518 D Evaluation: 5 res for frame 443 received at 1574943059953
11-28 14:10:59.977 11469 11518 D Evaluation: 5 res for frame 444 received at 1574943059977
11-28 14:11:00.011 11469 11518 D Evaluation: 5 res for frame 445 received at 1574943060011
11-28 14:11:00.060 11469 11518 D Evaluation: 4 res for frame 446 received at 1574943060060
11-28 14:11:00.085 11469 11518 D Evaluation: 4 res for frame 447 received at 1574943060085
11-28 14:11:00.112 11469 11518 D Evaluation: 4 res for frame 449 received at 1574943060112
11-28 14:11:00.143 11469 11518 D Evaluation: 4 res for frame 449 received at 1574943060143
11-28 14:11:00.181 11469 11518 D Evaluation: 4 res for frame 450 received at 1574943060181
11-28 14:11:00.226 11469 11518 D Evaluation: 5 res for frame 451 received at 1574943060226
11-28 14:11:00.249 11469 11481 E         : [ZeroHung]zrhung_get_config: Get config failed for wp[0x0008]
11-28 14:11:00.252 11469 11518 D Evaluation: 5 res for frame 452 received at 1574943060252
11-28 14:11:00.275 11469 11479 W System  : A resource failed to call close. 
11-28 14:11:00.280 11469 11479 I chatty  : uid=10150(symlab.cloudridar.arhud) FinalizerDaemon identical 42 lines
11-28 14:11:00.280 11469 11479 W System  : A resource failed to call close. 
11-28 14:11:00.280 11469 11479 W System  : A resource failed to call close. 
11-28 14:11:00.281 11469 11479 W System  : A resource failed to call close. 
11-28 14:11:00.281 11469 11479 W System  : A resource failed to call close. 
11-28 14:11:00.281 11469 11479 W System  : A resource failed to call close. 
11-28 14:11:00.281 11469 11479 W System  : A resource failed to call close. 
11-28 14:11:00.281 11469 11479 W System  : A resource failed to call close. 
11-28 14:11:00.281 11469 11479 W System  : A resource failed to call close. 
11-28 14:11:00.281 11469 11479 I chatty  : uid=10150(symlab.cloudridar.arhud) FinalizerDaemon identical 1 line
11-28 14:11:00.281 11469 11479 W System  : A resource failed to call close. 
11-28 14:11:00.282 11469 11518 D Evaluation: 4 res for frame 453 received at 1574943060282
11-28 14:11:00.365 11469 11518 D Evaluation: 4 res for frame 454 received at 1574943060365
11-28 14:11:00.394 11469 11518 D Evaluation: 5 res for frame 455 received at 1574943060394
11-28 14:11:00.423 11469 11518 D Evaluation: 3 res for frame 456 received at 1574943060423
11-28 14:11:00.451 11469 11518 D Evaluation: 3 res for frame 457 received at 1574943060451
11-28 14:11:00.493 11469 11518 D Evaluation: 3 res for frame 458 received at 1574943060493
11-28 14:11:00.518 11469 11518 D Evaluation: 3 res for frame 459 received at 1574943060518
11-28 14:11:00.557 11469 11518 D Evaluation: 3 res for frame 460 received at 1574943060557
11-28 14:11:00.592 11469 11518 D Evaluation: 3 res for frame 461 received at 1574943060592
11-28 14:11:00.616 11469 11518 D Evaluation: 3 res for frame 462 received at 1574943060616
11-28 14:11:00.657 11469 11518 D Evaluation: 4 res for frame 463 received at 1574943060657
11-28 14:11:00.687 11469 11518 D Evaluation: 3 res for frame 464 received at 1574943060687
11-28 14:11:00.726 11469 11518 D Evaluation: 4 res for frame 465 received at 1574943060726
11-28 14:11:00.760 11469 11518 D Evaluation: 4 res for frame 466 received at 1574943060760
11-28 14:11:00.792 11469 11518 D Evaluation: 4 res for frame 467 received at 1574943060792
11-28 14:11:00.825 11469 11518 D Evaluation: 5 res for frame 468 received at 1574943060824
11-28 14:11:00.857 11469 11518 D Evaluation: 4 res for frame 469 received at 1574943060857
11-28 14:11:00.894 11469 11518 D Evaluation: 3 res for frame 470 received at 1574943060894
11-28 14:11:00.920 11469 11518 D Evaluation: 3 res for frame 471 received at 1574943060920
11-28 14:11:01.008 11469 11518 D Evaluation: 3 res for frame 472 received at 1574943061008
11-28 14:11:01.039 11469 11518 D Evaluation: 3 res for frame 473 received at 1574943061039
11-28 14:11:01.063 11469 11518 D Evaluation: 4 res for frame 474 received at 1574943061063
11-28 14:11:01.090 11469 11518 D Evaluation: 2 res for frame 475 received at 1574943061090
11-28 14:11:01.127 11469 11518 D Evaluation: 3 res for frame 476 received at 1574943061127
11-28 14:11:01.162 11469 11518 D Evaluation: 3 res for frame 477 received at 1574943061162
11-28 14:11:01.187 11469 11469 D Poster  : At 1574943061187 location is 65.05762391517176 (latitude), and 25.470071335368438 (longitude)
11-28 14:11:01.189 11469 11518 D Evaluation: 4 res for frame 478 received at 1574943061189
11-28 14:11:01.191 11469 11469 D Poster  : Connected to mobile network 13
11-28 14:11:01.216 11469 11481 E         : [ZeroHung]zrhung_get_config: Get config failed for wp[0x0008]
11-28 14:11:01.221 11469 11518 D Evaluation: 3 res for frame 479 received at 1574943061221
11-28 14:11:01.236 11469 11479 W System  : A resource failed to call close. 
11-28 14:11:01.238 11469 11479 I chatty  : uid=10150(symlab.cloudridar.arhud) FinalizerDaemon identical 51 lines
11-28 14:11:01.239 11469 11479 W System  : A resource failed to call close. 
11-28 14:11:01.251 11469 11518 D Evaluation: 2 res for frame 480 received at 1574943061251
11-28 14:11:01.331 11469 11518 D Evaluation: 3 res for frame 481 received at 1574943061331
11-28 14:11:01.364 11469 11518 D Evaluation: 1 res for frame 482 received at 1574943061364
11-28 14:11:01.386 11469 11518 D Evaluation: 3 res for frame 483 received at 1574943061386
11-28 14:11:01.425 11469 11518 D Evaluation: 3 res for frame 485 received at 1574943061425
11-28 14:11:01.464 11469 11518 D Evaluation: 3 res for frame 485 received at 1574943061464
11-28 14:11:01.493 11469 11518 D Evaluation: 3 res for frame 486 received at 1574943061493
11-28 14:11:01.531 11469 11518 D Evaluation: 2 res for frame 487 received at 1574943061531
11-28 14:11:01.559 11469 11518 D Evaluation: 1 res for frame 488 received at 1574943061559
11-28 14:11:01.593 11469 11518 D Evaluation: 1 res for frame 489 received at 1574943061593
11-28 14:11:01.671 11469 11518 D Evaluation: 1 res for frame 490 received at 1574943061671
11-28 14:11:01.696 11469 11518 D Evaluation: 1 res for frame 491 received at 1574943061696
11-28 14:11:01.727 11469 11518 D Evaluation: 4 res for frame 492 received at 1574943061727
11-28 14:11:01.767 11469 11518 D Evaluation: 3 res for frame 493 received at 1574943061767
11-28 14:11:01.815 11469 11518 D Evaluation: 2 res for frame 494 received at 1574943061815
11-28 14:11:01.860 11469 11518 D Evaluation: 1 res for frame 495 received at 1574943061860
11-28 14:11:01.897 11469 11518 D Evaluation: 1 res for frame 496 received at 1574943061897
11-28 14:11:01.940 11469 11518 D Evaluation: 2 res for frame 497 received at 1574943061940
11-28 14:11:01.974 11469 11518 D Evaluation: 2 res for frame 498 received at 1574943061974
11-28 14:11:01.998 11469 11518 D Evaluation: 3 res for frame 499 received at 1574943061998
11-28 14:11:02.029 11469 11518 D Evaluation: 1 res for frame 500 received at 1574943062029
11-28 14:11:02.062 11469 11518 D Evaluation: 1 res for frame 501 received at 1574943062062
11-28 14:11:02.144 11469 11518 D Evaluation: 1 res for frame 502 received at 1574943062144
11-28 14:11:02.178 11469 11518 D Evaluation: 1 res for frame 503 received at 1574943062178
11-28 14:11:02.182 11469 11469 D Poster  : At 1574943062182 location is 65.05760821845865 (latitude), and 25.47011250348809 (longitude)
11-28 14:11:02.184 11469 11469 D Poster  : Connected to mobile network 13
11-28 14:11:02.201 11469 11518 D Evaluation: 1 res for frame 504 received at 1574943062201
11-28 14:11:02.224 11469 11518 D Evaluation: 1 res for frame 505 received at 1574943062224
11-28 14:11:02.259 11469 11518 D Evaluation: 2 res for frame 506 received at 1574943062259
11-28 14:11:02.302 11469 11518 D Evaluation: 2 res for frame 507 received at 1574943062302
11-28 14:11:02.329 11469 11481 E         : [ZeroHung]zrhung_get_config: Get config failed for wp[0x0008]
11-28 14:11:02.331 11469 11518 D Evaluation: 2 res for frame 508 received at 1574943062331
11-28 14:11:02.353 11469 11479 W System  : A resource failed to call close. 
11-28 14:11:02.359 11469 11479 I chatty  : uid=10150(symlab.cloudridar.arhud) FinalizerDaemon identical 57 lines
11-28 14:11:02.359 11469 11479 W System  : A resource failed to call close. 
11-28 14:11:02.370 11469 11518 D Evaluation: 2 res for frame 509 received at 1574943062370
11-28 14:11:02.396 11469 11518 D Evaluation: 2 res for frame 510 received at 1574943062396
11-28 14:11:02.433 11469 11518 D Evaluation: 4 res for frame 511 received at 1574943062433
11-28 14:11:02.468 11469 11518 D Evaluation: 3 res for frame 512 received at 1574943062468
11-28 14:11:02.507 11469 11518 D Evaluation: 0 res for frame 513 received at 1574943062507
11-28 14:11:02.538 11469 11518 D Evaluation: 1 res for frame 514 received at 1574943062538
11-28 14:11:02.565 11469 11518 D Evaluation: 0 res for frame 515 received at 1574943062565
11-28 14:11:02.603 11469 11518 D Evaluation: 0 res for frame 516 received at 1574943062603
11-28 14:11:02.640 11469 11518 D Evaluation: 0 res for frame 517 received at 1574943062639
11-28 14:11:02.665 11469 11518 D Evaluation: 0 res for frame 518 received at 1574943062665
11-28 14:11:02.703 11469 11518 D Evaluation: 0 res for frame 519 received at 1574943062703
11-28 14:11:02.737 11469 11518 D Evaluation: 0 res for frame 520 received at 1574943062737
11-28 14:11:02.768 11469 11518 D Evaluation: 0 res for frame 521 received at 1574943062768
11-28 14:11:02.804 11469 11518 D Evaluation: 0 res for frame 522 received at 1574943062804
11-28 14:11:02.842 11469 11518 D Evaluation: 0 res for frame 523 received at 1574943062842
11-28 14:11:02.871 11469 11518 D Evaluation: 0 res for frame 524 received at 1574943062871
11-28 14:11:02.929 11469 11469 W HiTouch_PressGestureDetector: Touch pointer move a lot. The moving distance of X is:142.45142, limit is:60The moving distance of Y is:33.77472, limit is:60
11-28 14:11:02.943 11469 11518 D Evaluation: 0 res for frame 525 received at 1574943062943
11-28 14:11:02.966 11469 11518 D Evaluation: 0 res for frame 526 received at 1574943062966
11-28 14:11:03.001 11469 11518 D Evaluation: 0 res for frame 527 received at 1574943063001
11-28 14:11:03.032 11469 11518 D Evaluation: 0 res for frame 528 received at 1574943063032
11-28 14:11:03.062 11469 11518 D Evaluation: 0 res for frame 529 received at 1574943063062
11-28 14:11:03.096 11469 11518 D Evaluation: 0 res for frame 530 received at 1574943063096
11-28 14:11:03.133 11469 11518 D Evaluation: 0 res for frame 531 received at 1574943063133
11-28 14:11:03.160 11469 11518 D Evaluation: 0 res for frame 532 received at 1574943063160
11-28 14:11:03.174 11469 11469 D Poster  : At 1574943063174 location is 65.05757844459065 (latitude), and 25.470145167113024 (longitude)
11-28 14:11:03.175 11469 11469 D Poster  : Connected to mobile network 13
11-28 14:11:03.200 11469 11518 D Evaluation: 0 res for frame 533 received at 1574943063200
11-28 14:11:03.227 11469 11518 D Evaluation: 0 res for frame 534 received at 1574943063227
11-28 14:11:03.264 11469 11518 D Evaluation: 0 res for frame 535 received at 1574943063264
11-28 14:11:03.300 11469 11518 D Evaluation: 0 res for frame 536 received at 1574943063300
11-28 14:11:03.335 11469 11518 D Evaluation: 1 res for frame 537 received at 1574943063335
11-28 14:11:03.367 11469 11518 D Evaluation: 0 res for frame 538 received at 1574943063367
11-28 14:11:03.396 11469 11469 I Poster  :  onPause() called.
11-28 14:11:03.403 11469 11518 D Evaluation: 0 res for frame 539 received at 1574943063402
11-28 14:11:03.508 11469 11469 I Camera  : close camera: 0, package name: symlab.cloudridar.arhud
11-28 14:11:03.508 11469 11469 I BackgroundPermManager: pkgName: symlab.cloudridar.arhud,pid: 11469 ,uidOf3RdApk: 10150 ,permType: 0 ,permCfg: 0
11-28 14:11:03.512 11469 11469 I HwCameraUtil: notifySurfaceFlingerCameraStatus : isFront = false , isOpend = false
11-28 14:11:03.620 11469 11469 D ZrHung.AppEyeUiProbe: stop checker.
11-28 14:11:03.659 11469 11469 I Poster  :  surfaceDestroyed() called.
11-28 14:11:03.659 11469 11469 D ViewRootImpl[MainActivity]: surface should not be released
11-28 14:11:03.659 11469 11469 I Poster  :  onStop() called.
11-28 14:11:03.666 11469 11535 W libEGL  : EGLNativeWindowType 0xf07f0008 disconnect failed
11-28 14:11:03.898 11469 11510 D ZrHung.AppEyeUiProbe: Current Activity:false
11-28 14:11:03.898 11469 11510 D ZrHung.AppEyeUiProbe: not watching, wait.
11-28 14:11:04.187 11469 11469 D Poster  : At 1574943064187 location is 65.057621605566 (latitude), and 25.470132312298915 (longitude)
11-28 14:11:04.190 11469 11469 D Poster  : Connected to mobile network 13
11-28 14:11:04.204 11469 11469 D Latitude: status
11-28 14:11:08.401 11469 11469 I AwareBitmapCacher: handleReleaseCache: pid=11469
11-28 14:11:08.401 11469 11469 I AwareBitmapCacher: init lrucache size: 2097152 pid=11469
11-28 14:11:08.641 11469 11481 E         : [ZeroHung]zrhung_get_config: Get config failed for wp[0x0008]
11-28 14:11:08.691 11469 11479 W System  : A resource failed to call close. 
11-28 14:11:08.700 11469 11479 I chatty  : uid=10150(symlab.cloudridar.arhud) FinalizerDaemon identical 61 lines
11-28 14:11:08.700 11469 11479 W System  : A resource failed to call close. 
