11-28 13:37:08.395 30074 30088 E         : [ZeroHung]zrhung_get_config: Get config failed for wp[0x0008]
11-28 13:37:08.422 30074 30086 W System  : A resource failed to call close. 
11-28 13:37:08.425 30074 30086 I chatty  : uid=10147(symlab.cloudridar.arhud) FinalizerDaemon identical 21 lines
11-28 13:37:08.425 30074 30086 W System  : A resource failed to call close. 
11-28 13:37:08.425 30074 30086 W System  : A resource failed to call close. 
11-28 13:37:08.425 30074 30086 W System  : A resource failed to call close. 
11-28 13:37:08.425 30074 30086 W System  : A resource failed to call close. 
11-28 13:37:08.425 30074 30086 W System  : A resource failed to call close. 
11-28 13:37:08.425 30074 30086 W System  : A resource failed to call close. 
11-28 13:37:08.425 30074 30086 W System  : A resource failed to call close. 
11-28 13:37:08.426 30074 30086 W System  : A resource failed to call close. 
11-28 13:37:08.426 30074 30086 W System  : A resource failed to call close. 
11-28 13:37:08.426 30074 30086 W System  : A resource failed to call close. 
11-28 13:37:08.426 30074 30086 W System  : A resource failed to call close. 
11-28 13:37:08.426 30074 30086 W System  : A resource failed to call close. 
11-28 13:37:08.426 30074 30086 W System  : A resource failed to call close. 
11-28 13:37:08.426 30074 30086 W System  : A resource failed to call close. 
11-28 13:37:08.426 30074 30086 W System  : A resource failed to call close. 
11-28 13:37:08.426 30074 30086 W System  : A resource failed to call close. 
11-28 13:37:08.426 30074 30086 W System  : A resource failed to call close. 
11-28 13:37:08.427 30074 30086 W System  : A resource failed to call close. 
11-28 13:37:09.197 30074 30074 D Poster  : At 1574941029196 location is 65.05795680655396 (latitude), and 25.469830761767593 (longitude)
11-28 13:37:09.199 30074 30074 D Poster  : Connected to mobile network 20
11-28 13:37:09.763 30074 30088 E         : [ZeroHung]zrhung_get_config: Get config failed for wp[0x0008]
11-28 13:37:09.783 30074 30086 W System  : A resource failed to call close. 
11-28 13:37:09.787 30074 30086 I chatty  : uid=10147(symlab.cloudridar.arhud) FinalizerDaemon identical 36 lines
11-28 13:37:09.787 30074 30086 W System  : A resource failed to call close. 
11-28 13:37:09.788 30074 30086 W System  : A resource failed to call close. 
11-28 13:37:09.788 30074 30086 W System  : A resource failed to call close. 
11-28 13:37:10.198 30074 30074 D Poster  : At 1574941030198 location is 65.0579554738011 (latitude), and 25.469826822792392 (longitude)
11-28 13:37:10.200 30074 30074 D Poster  : Connected to mobile network 20
11-28 13:37:10.935 30074 30074 D stylus  : init stylus touchlistener.
11-28 13:37:10.944 30074 30074 W Settings: Setting device_provisioned has moved from android.provider.Settings.Secure to android.provider.Settings.Global.
11-28 13:37:10.944 30074 30074 V HiTouch_HiTouchSensor: User setup is finished.
11-28 13:37:10.956 30074 30074 W HiTouch_PressGestureDetector: Touch pointer move a lot. The moving distance of X is:66.970215, limit is:60The moving distance of Y is:12.987976, limit is:60
11-28 13:37:11.180 30074 30074 D Poster  : At 1574941031180 location is 65.05795013290071 (latitude), and 25.46984277549857 (longitude)
11-28 13:37:11.181 30074 30074 D Poster  : Connected to mobile network 20
11-28 13:37:11.333 30074 30088 E         : [ZeroHung]zrhung_get_config: Get config failed for wp[0x0008]
11-28 13:37:11.349 30074 30086 W System  : A resource failed to call close. 
11-28 13:37:11.352 30074 30086 I chatty  : uid=10147(symlab.cloudridar.arhud) FinalizerDaemon identical 44 lines
11-28 13:37:11.352 30074 30086 W System  : A resource failed to call close. 
11-28 13:37:12.179 30074 30074 D Poster  : At 1574941032179 location is 65.05795013290071 (latitude), and 25.46984277549857 (longitude)
11-28 13:37:12.180 30074 30074 D Poster  : Connected to mobile network 20
11-28 13:37:12.812 30074 30088 E         : [ZeroHung]zrhung_get_config: Get config failed for wp[0x0008]
11-28 13:37:12.835 30074 30086 W System  : A resource failed to call close. 
11-28 13:37:12.837 30074 30086 I chatty  : uid=10147(symlab.cloudridar.arhud) FinalizerDaemon identical 42 lines
11-28 13:37:12.837 30074 30086 W System  : A resource failed to call close. 
11-28 13:37:13.176 30074 30074 D Poster  : At 1574941033176 location is 65.05790089815588 (latitude), and 25.469876343744318 (longitude)
11-28 13:37:13.178 30074 30074 D Poster  : Connected to mobile network 20
11-28 13:37:13.888 30074 30088 E         : [ZeroHung]zrhung_get_config: Get config failed for wp[0x0008]
11-28 13:37:13.908 30074 30086 W System  : A resource failed to call close. 
11-28 13:37:13.909 30074 30086 I chatty  : uid=10147(symlab.cloudridar.arhud) FinalizerDaemon identical 30 lines
11-28 13:37:13.909 30074 30086 W System  : A resource failed to call close. 
11-28 13:37:14.187 30074 30074 D Poster  : At 1574941034187 location is 65.05791265624522 (latitude), and 25.469947274216537 (longitude)
11-28 13:37:14.189 30074 30074 D Poster  : Connected to mobile network 20
11-28 13:37:15.007 30074 30088 E         : [ZeroHung]zrhung_get_config: Get config failed for wp[0x0008]
11-28 13:37:15.028 30074 30086 W System  : A resource failed to call close. 
11-28 13:37:15.032 30074 30086 I chatty  : uid=10147(symlab.cloudridar.arhud) FinalizerDaemon identical 31 lines
11-28 13:37:15.032 30074 30086 W System  : A resource failed to call close. 
11-28 13:37:15.176 30074 30074 D Poster  : At 1574941035176 location is 65.05789956209496 (latitude), and 25.46994225133228 (longitude)
11-28 13:37:15.178 30074 30074 D Poster  : Connected to mobile network 20
11-28 13:37:15.767 30074 30074 W HiTouch_PressGestureDetector: Touch pointer move a lot. The moving distance of X is:99.68115, limit is:60The moving distance of Y is:71.97742, limit is:60
11-28 13:37:16.103 30074 30088 E         : [ZeroHung]zrhung_get_config: Get config failed for wp[0x0008]
11-28 13:37:16.119 30074 30086 W System  : A resource failed to call close. 
11-28 13:37:16.121 30074 30086 I chatty  : uid=10147(symlab.cloudridar.arhud) FinalizerDaemon identical 31 lines
11-28 13:37:16.121 30074 30086 W System  : A resource failed to call close. 
11-28 13:37:16.183 30074 30074 D Poster  : At 1574941036183 location is 65.05788589642033 (latitude), and 25.469936850900183 (longitude)
11-28 13:37:16.187 30074 30074 D Poster  : Connected to mobile network 20
11-28 13:37:16.949 30074 30074 I Poster  :  onPause() called.
11-28 13:37:17.097 30074 30074 I Camera  : close camera: 0, package name: symlab.cloudridar.arhud
11-28 13:37:17.097 30074 30074 I BackgroundPermManager: pkgName: symlab.cloudridar.arhud,pid: 30074 ,uidOf3RdApk: 10147 ,permType: 0 ,permCfg: 0
11-28 13:37:17.100 30074 30074 I HwCameraUtil: notifySurfaceFlingerCameraStatus : isFront = false , isOpend = false
11-28 13:37:17.214 30074 30074 D ZrHung.AppEyeUiProbe: stop checker.
11-28 13:37:17.235 30074 30074 D Poster  : At 1574941037235 location is 65.05786938695971 (latitude), and 25.469935796960385 (longitude)
11-28 13:37:17.243 30074 30074 D Poster  : Connected to mobile network 20
11-28 13:37:17.286 30074 30074 I Poster  :  surfaceDestroyed() called.
11-28 13:37:17.286 30074 30074 D ViewRootImpl[MainActivity]: surface should not be released
11-28 13:37:17.287 30074 30074 I Poster  :  onStop() called.
11-28 13:37:17.308 30074 30143 W libEGL  : EGLNativeWindowType 0xf07f0008 disconnect failed
11-28 13:37:18.163 30074 30116 D ZrHung.AppEyeUiProbe: Current Activity:false
11-28 13:37:18.163 30074 30116 D ZrHung.AppEyeUiProbe: not watching, wait.
11-28 13:37:18.180 30074 30074 D Poster  : At 1574941038179 location is 65.05786907810564 (latitude), and 25.46993298338318 (longitude)
11-28 13:37:18.186 30074 30074 D Poster  : Connected to mobile network 20
11-28 13:37:18.190 30074 30074 D Latitude: status
