11-28 14:10:22.075 11185 11228 W System.err: 	at sun.nio.ch.DatagramChannelImpl.send(DatagramChannelImpl.java:514)
11-28 14:10:22.075 11185 11228 W System.err: 	at symlab.CloudAR.network.TransmissionTask.run(TransmissionTask.java:138)
11-28 14:10:22.075 11185 11228 W System.err: 	at android.os.Handler.handleCallback(Handler.java:907)
11-28 14:10:22.075 11185 11228 W System.err: 	at android.os.Handler.dispatchMessage(Handler.java:105)
11-28 14:10:22.075 11185 11228 W System.err: 	at android.os.Looper.loop(Looper.java:216)
11-28 14:10:22.075 11185 11228 W System.err: 	at android.os.HandlerThread.run(HandlerThread.java:65)
11-28 14:10:22.113 11185 11228 W System.err: java.net.SocketException: Network is unreachable
11-28 14:10:22.113 11185 11228 W System.err: 	at sun.nio.ch.DatagramChannelImpl.send0(Native Method)
11-28 14:10:22.113 11185 11228 W System.err: 	at sun.nio.ch.DatagramChannelImpl.sendFromNativeBuffer(DatagramChannelImpl.java:573)
11-28 14:10:22.113 11185 11228 W System.err: 	at sun.nio.ch.DatagramChannelImpl.send(DatagramChannelImpl.java:550)
11-28 14:10:22.113 11185 11228 W System.err: 	at sun.nio.ch.DatagramChannelImpl.send(DatagramChannelImpl.java:514)
11-28 14:10:22.114 11185 11228 W System.err: 	at symlab.CloudAR.network.TransmissionTask.run(TransmissionTask.java:138)
11-28 14:10:22.114 11185 11228 W System.err: 	at android.os.Handler.handleCallback(Handler.java:907)
11-28 14:10:22.114 11185 11228 W System.err: 	at android.os.Handler.dispatchMessage(Handler.java:105)
11-28 14:10:22.114 11185 11228 W System.err: 	at android.os.Looper.loop(Looper.java:216)
11-28 14:10:22.114 11185 11228 W System.err: 	at android.os.HandlerThread.run(HandlerThread.java:65)
11-28 14:10:22.147 11185 11228 W System.err: java.net.SocketException: Network is unreachable
11-28 14:10:22.147 11185 11228 W System.err: 	at sun.nio.ch.DatagramChannelImpl.send0(Native Method)
11-28 14:10:22.148 11185 11228 W System.err: 	at sun.nio.ch.DatagramChannelImpl.sendFromNativeBuffer(DatagramChannelImpl.java:573)
11-28 14:10:22.148 11185 11228 W System.err: 	at sun.nio.ch.DatagramChannelImpl.send(DatagramChannelImpl.java:550)
11-28 14:10:22.148 11185 11228 W System.err: 	at sun.nio.ch.DatagramChannelImpl.send(DatagramChannelImpl.java:514)
11-28 14:10:22.148 11185 11228 W System.err: 	at symlab.CloudAR.network.TransmissionTask.run(TransmissionTask.java:138)
11-28 14:10:22.148 11185 11228 W System.err: 	at android.os.Handler.handleCallback(Handler.java:907)
11-28 14:10:22.148 11185 11228 W System.err: 	at android.os.Handler.dispatchMessage(Handler.java:105)
11-28 14:10:22.148 11185 11228 W System.err: 	at android.os.Looper.loop(Looper.java:216)
11-28 14:10:22.148 11185 11228 W System.err: 	at android.os.HandlerThread.run(HandlerThread.java:65)
11-28 14:10:22.178 11185 11228 W System.err: java.net.SocketException: Network is unreachable
11-28 14:10:22.178 11185 11228 W System.err: 	at sun.nio.ch.DatagramChannelImpl.send0(Native Method)
11-28 14:10:22.178 11185 11228 W System.err: 	at sun.nio.ch.DatagramChannelImpl.sendFromNativeBuffer(DatagramChannelImpl.java:573)
11-28 14:10:22.178 11185 11228 W System.err: 	at sun.nio.ch.DatagramChannelImpl.send(DatagramChannelImpl.java:550)
11-28 14:10:22.178 11185 11228 W System.err: 	at sun.nio.ch.DatagramChannelImpl.send(DatagramChannelImpl.java:514)
11-28 14:10:22.178 11185 11228 W System.err: 	at symlab.CloudAR.network.TransmissionTask.run(TransmissionTask.java:138)
11-28 14:10:22.178 11185 11228 W System.err: 	at android.os.Handler.handleCallback(Handler.java:907)
11-28 14:10:22.178 11185 11228 W System.err: 	at android.os.Handler.dispatchMessage(Handler.java:105)
11-28 14:10:22.178 11185 11228 W System.err: 	at android.os.Looper.loop(Looper.java:216)
11-28 14:10:22.178 11185 11228 W System.err: 	at android.os.HandlerThread.run(HandlerThread.java:65)
11-28 14:10:22.181 11185 11185 D Poster  : At 1574943022180 location is 65.05787182705737 (latitude), and 25.47001816800342 (longitude)
11-28 14:10:22.184 11185 11185 D Poster  : Connected to mobile network 13
11-28 14:10:22.218 11185 11228 W System.err: java.net.SocketException: Network is unreachable
11-28 14:10:22.218 11185 11228 W System.err: 	at sun.nio.ch.DatagramChannelImpl.send0(Native Method)
11-28 14:10:22.218 11185 11228 W System.err: 	at sun.nio.ch.DatagramChannelImpl.sendFromNativeBuffer(DatagramChannelImpl.java:573)
11-28 14:10:22.218 11185 11228 W System.err: 	at sun.nio.ch.DatagramChannelImpl.send(DatagramChannelImpl.java:550)
11-28 14:10:22.218 11185 11228 W System.err: 	at sun.nio.ch.DatagramChannelImpl.send(DatagramChannelImpl.java:514)
11-28 14:10:22.218 11185 11228 W System.err: 	at symlab.CloudAR.network.TransmissionTask.run(TransmissionTask.java:138)
11-28 14:10:22.218 11185 11228 W System.err: 	at android.os.Handler.handleCallback(Handler.java:907)
11-28 14:10:22.218 11185 11228 W System.err: 	at android.os.Handler.dispatchMessage(Handler.java:105)
11-28 14:10:22.218 11185 11228 W System.err: 	at android.os.Looper.loop(Looper.java:216)
11-28 14:10:22.218 11185 11228 W System.err: 	at android.os.HandlerThread.run(HandlerThread.java:65)
11-28 14:10:22.240 11185 11228 W System.err: java.net.SocketException: Network is unreachable
11-28 14:10:22.240 11185 11228 W System.err: 	at sun.nio.ch.DatagramChannelImpl.send0(Native Method)
11-28 14:10:22.240 11185 11228 W System.err: 	at sun.nio.ch.DatagramChannelImpl.sendFromNativeBuffer(DatagramChannelImpl.java:573)
11-28 14:10:22.240 11185 11228 W System.err: 	at sun.nio.ch.DatagramChannelImpl.send(DatagramChannelImpl.java:550)
11-28 14:10:22.240 11185 11228 W System.err: 	at sun.nio.ch.DatagramChannelImpl.send(DatagramChannelImpl.java:514)
11-28 14:10:22.240 11185 11228 W System.err: 	at symlab.CloudAR.network.TransmissionTask.run(TransmissionTask.java:138)
11-28 14:10:22.240 11185 11228 W System.err: 	at android.os.Handler.handleCallback(Handler.java:907)
11-28 14:10:22.240 11185 11228 W System.err: 	at android.os.Handler.dispatchMessage(Handler.java:105)
11-28 14:10:22.240 11185 11228 W System.err: 	at android.os.Looper.loop(Looper.java:216)
11-28 14:10:22.240 11185 11228 W System.err: 	at android.os.HandlerThread.run(HandlerThread.java:65)
11-28 14:10:22.274 11185 11228 W System.err: java.net.SocketException: Network is unreachable
11-28 14:10:22.274 11185 11228 W System.err: 	at sun.nio.ch.DatagramChannelImpl.send0(Native Method)
11-28 14:10:22.274 11185 11228 W System.err: 	at sun.nio.ch.DatagramChannelImpl.sendFromNativeBuffer(DatagramChannelImpl.java:573)
11-28 14:10:22.274 11185 11228 W System.err: 	at sun.nio.ch.DatagramChannelImpl.send(DatagramChannelImpl.java:550)
11-28 14:10:22.274 11185 11228 W System.err: 	at sun.nio.ch.DatagramChannelImpl.send(DatagramChannelImpl.java:514)
11-28 14:10:22.274 11185 11228 W System.err: 	at symlab.CloudAR.network.TransmissionTask.run(TransmissionTask.java:138)
11-28 14:10:22.274 11185 11228 W System.err: 	at android.os.Handler.handleCallback(Handler.java:907)
11-28 14:10:22.274 11185 11228 W System.err: 	at android.os.Handler.dispatchMessage(Handler.java:105)
11-28 14:10:22.274 11185 11228 W System.err: 	at android.os.Looper.loop(Looper.java:216)
11-28 14:10:22.274 11185 11228 W System.err: 	at android.os.HandlerThread.run(HandlerThread.java:65)
11-28 14:10:22.307 11185 11228 W System.err: java.net.SocketException: Network is unreachable
11-28 14:10:22.307 11185 11228 W System.err: 	at sun.nio.ch.DatagramChannelImpl.send0(Native Method)
11-28 14:10:22.307 11185 11228 W System.err: 	at sun.nio.ch.DatagramChannelImpl.sendFromNativeBuffer(DatagramChannelImpl.java:573)
11-28 14:10:22.307 11185 11228 W System.err: 	at sun.nio.ch.DatagramChannelImpl.send(DatagramChannelImpl.java:550)
11-28 14:10:22.307 11185 11228 W System.err: 	at sun.nio.ch.DatagramChannelImpl.send(DatagramChannelImpl.java:514)
11-28 14:10:22.307 11185 11228 W System.err: 	at symlab.CloudAR.network.TransmissionTask.run(TransmissionTask.java:138)
11-28 14:10:22.307 11185 11228 W System.err: 	at android.os.Handler.handleCallback(Handler.java:907)
11-28 14:10:22.307 11185 11228 W System.err: 	at android.os.Handler.dispatchMessage(Handler.java:105)
11-28 14:10:22.307 11185 11228 W System.err: 	at android.os.Looper.loop(Looper.java:216)
11-28 14:10:22.307 11185 11228 W System.err: 	at android.os.HandlerThread.run(HandlerThread.java:65)
11-28 14:10:22.444 11185 11228 D Evaluation: 4 res for frame 93 received at 1574943022444
11-28 14:10:22.469 11185 11228 D Evaluation: 5 res for frame 95 received at 1574943022469
11-28 14:10:22.507 11185 11228 D Evaluation: 5 res for frame 96 received at 1574943022507
11-28 14:10:22.541 11185 11228 D Evaluation: 2 res for frame 97 received at 1574943022540
11-28 14:10:22.574 11185 11196 E         : [ZeroHung]zrhung_get_config: Get config failed for wp[0x0008]
11-28 14:10:22.576 11185 11228 D Evaluation: 3 res for frame 97 received at 1574943022576
11-28 14:10:22.599 11185 11194 W System  : A resource failed to call close. 
11-28 14:10:22.599 11185 11194 I chatty  : uid=10150(symlab.cloudridar.arhud) FinalizerDaemon identical 4 lines
11-28 14:10:22.599 11185 11194 W System  : A resource failed to call close. 
11-28 14:10:22.599 11185 11194 W System  : A resource failed to call close. 
11-28 14:10:22.600 11185 11194 I chatty  : uid=10150(symlab.cloudridar.arhud) FinalizerDaemon identical 3 lines
11-28 14:10:22.600 11185 11194 W System  : A resource failed to call close. 
11-28 14:10:22.608 11185 11228 D Evaluation: 3 res for frame 98 received at 1574943022608
11-28 14:10:22.641 11185 11228 D Evaluation: 2 res for frame 99 received at 1574943022641
11-28 14:10:22.752 11185 11228 D Evaluation: 2 res for frame 100 received at 1574943022752
11-28 14:10:22.783 11185 11228 D Evaluation: 3 res for frame 101 received at 1574943022783
11-28 14:10:22.825 11185 11228 D Evaluation: 5 res for frame 102 received at 1574943022825
11-28 14:10:22.850 11185 11228 D Evaluation: 3 res for frame 103 received at 1574943022850
11-28 14:10:22.884 11185 11228 D Evaluation: 3 res for frame 104 received at 1574943022884
11-28 14:10:22.917 11185 11228 D Evaluation: 2 res for frame 105 received at 1574943022917
11-28 14:10:22.957 11185 11228 D Evaluation: 3 res for frame 106 received at 1574943022957
11-28 14:10:22.991 11185 11228 D Evaluation: 3 res for frame 107 received at 1574943022991
11-28 14:10:23.018 11185 11228 D Evaluation: 2 res for frame 108 received at 1574943023018
11-28 14:10:23.053 11185 11228 D Evaluation: 4 res for frame 109 received at 1574943023053
11-28 14:10:23.087 11185 11228 D Evaluation: 3 res for frame 110 received at 1574943023087
11-28 14:10:23.120 11185 11228 D Evaluation: 4 res for frame 111 received at 1574943023120
11-28 14:10:23.148 11185 11228 D Evaluation: 4 res for frame 112 received at 1574943023148
11-28 14:10:23.178 11185 11185 D Poster  : At 1574943023178 location is 65.05787638868742 (latitude), and 25.469967200349757 (longitude)
11-28 14:10:23.181 11185 11185 D Poster  : Connected to mobile network 13
11-28 14:10:23.184 11185 11228 D Evaluation: 2 res for frame 113 received at 1574943023184
11-28 14:10:23.226 11185 11228 D Evaluation: 5 res for frame 114 received at 1574943023226
11-28 14:10:23.260 11185 11228 D Evaluation: 5 res for frame 115 received at 1574943023260
11-28 14:10:23.288 11185 11228 D Evaluation: 5 res for frame 116 received at 1574943023288
11-28 14:10:23.315 11185 11228 D Evaluation: 5 res for frame 117 received at 1574943023315
11-28 14:10:23.351 11185 11228 D Evaluation: 4 res for frame 118 received at 1574943023351
11-28 14:10:23.388 11185 11228 D Evaluation: 5 res for frame 119 received at 1574943023388
11-28 14:10:23.419 11185 11228 D Evaluation: 3 res for frame 120 received at 1574943023419
11-28 14:10:23.450 11185 11228 D Evaluation: 4 res for frame 121 received at 1574943023450
11-28 14:10:23.479 11185 11185 I AwareBitmapCacher: init lrucache size: 2097152 pid=11185
11-28 14:10:23.489 11185 11228 D Evaluation: 5 res for frame 122 received at 1574943023489
11-28 14:10:23.534 11185 11228 D Evaluation: 5 res for frame 123 received at 1574943023534
11-28 14:10:23.557 11185 11228 D Evaluation: 4 res for frame 124 received at 1574943023557
11-28 14:10:23.592 11185 11196 E         : [ZeroHung]zrhung_get_config: Get config failed for wp[0x0008]
11-28 14:10:23.594 11185 11228 D Evaluation: 4 res for frame 125 received at 1574943023594
11-28 14:10:23.624 11185 11194 W System  : A resource failed to call close. 
11-28 14:10:23.625 11185 11194 W System  : A resource failed to call close. 
11-28 14:10:23.625 11185 11194 W System  : A resource failed to call close. 
11-28 14:10:23.628 11185 11194 I chatty  : uid=10150(symlab.cloudridar.arhud) FinalizerDaemon identical 19 lines
11-28 14:10:23.628 11185 11194 W System  : A resource failed to call close. 
11-28 14:10:23.628 11185 11194 W System  : A resource failed to call close. 
11-28 14:10:23.628 11185 11194 I chatty  : uid=10150(symlab.cloudridar.arhud) FinalizerDaemon identical 1 line
11-28 14:10:23.628 11185 11194 W System  : A resource failed to call close. 
11-28 14:10:23.628 11185 11194 W System  : A resource failed to call close. 
11-28 14:10:23.629 11185 11194 W System  : A resource failed to call close. 
11-28 14:10:23.629 11185 11194 W System  : A resource failed to call close. 
11-28 14:10:23.632 11185 11194 I chatty  : uid=10150(symlab.cloudridar.arhud) FinalizerDaemon identical 27 lines
11-28 14:10:23.632 11185 11194 W System  : A resource failed to call close. 
11-28 14:10:23.635 11185 11228 D Evaluation: 3 res for frame 126 received at 1574943023635
11-28 14:10:23.671 11185 11228 D Evaluation: 4 res for frame 127 received at 1574943023671
11-28 14:10:23.695 11185 11228 D Evaluation: 5 res for frame 128 received at 1574943023695
11-28 14:10:23.766 11185 11228 D Evaluation: 4 res for frame 129 received at 1574943023766
11-28 14:10:23.807 11185 11228 D Evaluation: 4 res for frame 130 received at 1574943023807
11-28 14:10:23.838 11185 11228 D Evaluation: 4 res for frame 131 received at 1574943023838
11-28 14:10:23.894 11185 11228 D Evaluation: 4 res for frame 132 received at 1574943023894
11-28 14:10:23.927 11185 11228 D Evaluation: 4 res for frame 133 received at 1574943023927
11-28 14:10:23.970 11185 11228 D Evaluation: 2 res for frame 134 received at 1574943023970
11-28 14:10:23.992 11185 11228 D Evaluation: 3 res for frame 135 received at 1574943023992
11-28 14:10:24.013 11185 11185 D stylus  : init stylus touchlistener.
11-28 14:10:24.017 11185 11185 W Settings: Setting device_provisioned has moved from android.provider.Settings.Secure to android.provider.Settings.Global.
11-28 14:10:24.018 11185 11185 V HiTouch_HiTouchSensor: User setup is finished.
11-28 14:10:24.020 11185 11228 D Evaluation: 4 res for frame 136 received at 1574943024020
11-28 14:10:24.042 11185 11185 W HiTouch_PressGestureDetector: Touch pointer move a lot. The moving distance of X is:48.148773, limit is:60The moving distance of Y is:143.5291, limit is:60
11-28 14:10:24.057 11185 11228 D Evaluation: 4 res for frame 137 received at 1574943024056
11-28 14:10:24.093 11185 11228 D Evaluation: 3 res for frame 138 received at 1574943024093
11-28 14:10:24.134 11185 11228 D Evaluation: 2 res for frame 139 received at 1574943024134
11-28 14:10:24.156 11185 11228 D Evaluation: 3 res for frame 140 received at 1574943024156
11-28 14:10:24.171 11185 11185 D Poster  : At 1574943024171 location is 65.05787239967643 (latitude), and 25.469769705832075 (longitude)
11-28 14:10:24.173 11185 11185 D Poster  : Connected to mobile network 13
11-28 14:10:24.216 11185 11228 D Evaluation: 2 res for frame 141 received at 1574943024216
11-28 14:10:24.235 11185 11228 D Evaluation: 1 res for frame 142 received at 1574943024235
11-28 14:10:24.255 11185 11228 D Evaluation: 4 res for frame 143 received at 1574943024255
11-28 14:10:24.288 11185 11228 D Evaluation: 3 res for frame 144 received at 1574943024288
11-28 14:10:24.321 11185 11228 D Evaluation: 4 res for frame 146 received at 1574943024321
11-28 14:10:24.358 11185 11228 D Evaluation: 3 res for frame 146 received at 1574943024358
11-28 14:10:24.391 11185 11228 D Evaluation: 3 res for frame 147 received at 1574943024391
11-28 14:10:24.422 11185 11228 D Evaluation: 3 res for frame 148 received at 1574943024422
11-28 14:10:24.459 11185 11228 D Evaluation: 3 res for frame 149 received at 1574943024459
11-28 14:10:24.489 11185 11196 E         : [ZeroHung]zrhung_get_config: Get config failed for wp[0x0008]
11-28 14:10:24.492 11185 11228 D Evaluation: 4 res for frame 150 received at 1574943024492
11-28 14:10:24.509 11185 11194 W System  : A resource failed to call close. 
11-28 14:10:24.512 11185 11194 I chatty  : uid=10150(symlab.cloudridar.arhud) FinalizerDaemon identical 48 lines
11-28 14:10:24.512 11185 11194 W System  : A resource failed to call close. 
11-28 14:10:24.529 11185 11228 D Evaluation: 3 res for frame 151 received at 1574943024529
11-28 14:10:24.556 11185 11228 D Evaluation: 3 res for frame 152 received at 1574943024556
11-28 14:10:24.595 11185 11228 D Evaluation: 4 res for frame 153 received at 1574943024595
11-28 14:10:24.628 11185 11228 D Evaluation: 3 res for frame 154 received at 1574943024628
11-28 14:10:24.667 11185 11228 D Evaluation: 4 res for frame 155 received at 1574943024667
11-28 14:10:24.695 11185 11228 D Evaluation: 4 res for frame 156 received at 1574943024694
11-28 14:10:24.728 11185 11228 D Evaluation: 3 res for frame 157 received at 1574943024728
11-28 14:10:24.765 11185 11228 D Evaluation: 3 res for frame 158 received at 1574943024765
11-28 14:10:24.793 11185 11228 D Evaluation: 4 res for frame 159 received at 1574943024793
11-28 14:10:24.825 11185 11228 D Evaluation: 3 res for frame 160 received at 1574943024825
11-28 14:10:24.865 11185 11228 D Evaluation: 3 res for frame 161 received at 1574943024865
11-28 14:10:24.898 11185 11228 D Evaluation: 3 res for frame 162 received at 1574943024898
11-28 14:10:24.938 11185 11228 D Evaluation: 3 res for frame 163 received at 1574943024938
11-28 14:10:24.965 11185 11228 D Evaluation: 3 res for frame 164 received at 1574943024965
11-28 14:10:24.995 11185 11228 D Evaluation: 3 res for frame 165 received at 1574943024995
11-28 14:10:25.030 11185 11228 D Evaluation: 3 res for frame 166 received at 1574943025030
11-28 14:10:25.060 11185 11228 D Evaluation: 3 res for frame 167 received at 1574943025060
11-28 14:10:25.096 11185 11228 D Evaluation: 3 res for frame 168 received at 1574943025096
11-28 14:10:25.130 11185 11228 D Evaluation: 3 res for frame 169 received at 1574943025130
11-28 14:10:25.163 11185 11228 D Evaluation: 3 res for frame 170 received at 1574943025163
11-28 14:10:25.191 11185 11185 D Poster  : At 1574943025191 location is 65.05786024309334 (latitude), and 25.46973247062531 (longitude)
11-28 14:10:25.194 11185 11185 D Poster  : Connected to mobile network 13
11-28 14:10:25.209 11185 11228 D Evaluation: 4 res for frame 171 received at 1574943025208
11-28 14:10:25.232 11185 11228 D Evaluation: 4 res for frame 172 received at 1574943025232
11-28 14:10:25.264 11185 11228 D Evaluation: 4 res for frame 173 received at 1574943025264
11-28 14:10:25.301 11185 11196 E         : [ZeroHung]zrhung_get_config: Get config failed for wp[0x0008]
11-28 14:10:25.303 11185 11228 D Evaluation: 3 res for frame 174 received at 1574943025303
11-28 14:10:25.317 11185 11194 W System  : A resource failed to call close. 
11-28 14:10:25.320 11185 11194 I chatty  : uid=10150(symlab.cloudridar.arhud) FinalizerDaemon identical 46 lines
11-28 14:10:25.320 11185 11194 W System  : A resource failed to call close. 
11-28 14:10:25.334 11185 11228 D Evaluation: 3 res for frame 175 received at 1574943025334
11-28 14:10:25.367 11185 11228 D Evaluation: 3 res for frame 176 received at 1574943025367
11-28 14:10:25.402 11185 11228 D Evaluation: 3 res for frame 177 received at 1574943025402
11-28 14:10:25.433 11185 11228 D Evaluation: 5 res for frame 178 received at 1574943025433
11-28 14:10:25.471 11185 11228 D Evaluation: 3 res for frame 179 received at 1574943025470
11-28 14:10:25.501 11185 11228 D Evaluation: 4 res for frame 180 received at 1574943025501
11-28 14:10:25.535 11185 11228 D Evaluation: 4 res for frame 181 received at 1574943025535
11-28 14:10:25.566 11185 11228 D Evaluation: 3 res for frame 182 received at 1574943025566
11-28 14:10:25.601 11185 11228 D Evaluation: 4 res for frame 183 received at 1574943025601
11-28 14:10:25.639 11185 11228 D Evaluation: 4 res for frame 184 received at 1574943025639
11-28 14:10:25.669 11185 11228 D Evaluation: 3 res for frame 185 received at 1574943025669
11-28 14:10:25.697 11185 11228 D Evaluation: 3 res for frame 186 received at 1574943025697
11-28 14:10:25.739 11185 11228 D Evaluation: 4 res for frame 187 received at 1574943025739
11-28 14:10:25.768 11185 11228 D Evaluation: 3 res for frame 188 received at 1574943025768
11-28 14:10:25.804 11185 11228 D Evaluation: 4 res for frame 189 received at 1574943025804
11-28 14:10:25.840 11185 11228 D Evaluation: 3 res for frame 190 received at 1574943025839
11-28 14:10:25.872 11185 11228 D Evaluation: 3 res for frame 191 received at 1574943025872
11-28 14:10:25.900 11185 11228 D Evaluation: 4 res for frame 192 received at 1574943025900
11-28 14:10:25.937 11185 11228 D Evaluation: 5 res for frame 193 received at 1574943025937
11-28 14:10:25.972 11185 11228 D Evaluation: 4 res for frame 194 received at 1574943025971
11-28 14:10:26.052 11185 11228 D Evaluation: 4 res for frame 195 received at 1574943026052
11-28 14:10:26.067 11185 11228 D Evaluation: 3 res for frame 196 received at 1574943026067
11-28 14:10:26.096 11185 11228 D Evaluation: 4 res for frame 197 received at 1574943026096
11-28 14:10:26.135 11185 11228 D Evaluation: 3 res for frame 198 received at 1574943026135
11-28 14:10:26.167 11185 11196 E         : [ZeroHung]zrhung_get_config: Get config failed for wp[0x0008]
11-28 14:10:26.169 11185 11185 D Poster  : At 1574943026169 location is 65.05784958329042 (latitude), and 25.469713145987622 (longitude)
11-28 14:10:26.171 11185 11185 D Poster  : Connected to mobile network 13
11-28 14:10:26.184 11185 11194 W System  : A resource failed to call close. 
11-28 14:10:26.187 11185 11194 I chatty  : uid=10150(symlab.cloudridar.arhud) FinalizerDaemon identical 48 lines
11-28 14:10:26.187 11185 11194 W System  : A resource failed to call close. 
11-28 14:10:26.211 11185 11228 D Evaluation: 4 res for frame 200 received at 1574943026211
11-28 14:10:26.234 11185 11228 D Evaluation: 5 res for frame 200 received at 1574943026234
11-28 14:10:26.270 11185 11228 D Evaluation: 4 res for frame 201 received at 1574943026270
11-28 14:10:26.305 11185 11228 D Evaluation: 4 res for frame 202 received at 1574943026305
11-28 14:10:26.338 11185 11228 D Evaluation: 2 res for frame 203 received at 1574943026338
11-28 14:10:26.373 11185 11228 D Evaluation: 3 res for frame 204 received at 1574943026372
11-28 14:10:26.402 11185 11228 D Evaluation: 3 res for frame 205 received at 1574943026402
11-28 14:10:26.440 11185 11228 D Evaluation: 4 res for frame 206 received at 1574943026440
11-28 14:10:26.477 11185 11228 D Evaluation: 4 res for frame 207 received at 1574943026477
11-28 14:10:26.508 11185 11228 D Evaluation: 3 res for frame 208 received at 1574943026508
11-28 14:10:26.544 11185 11228 D Evaluation: 4 res for frame 209 received at 1574943026544
11-28 14:10:26.582 11185 11228 D Evaluation: 5 res for frame 210 received at 1574943026582
11-28 14:10:26.608 11185 11228 D Evaluation: 4 res for frame 211 received at 1574943026608
11-28 14:10:26.642 11185 11228 D Evaluation: 5 res for frame 212 received at 1574943026642
11-28 14:10:26.673 11185 11228 D Evaluation: 4 res for frame 213 received at 1574943026673
11-28 14:10:26.705 11185 11228 D Evaluation: 3 res for frame 214 received at 1574943026705
11-28 14:10:26.743 11185 11228 D Evaluation: 4 res for frame 215 received at 1574943026743
11-28 14:10:26.776 11185 11228 D Evaluation: 3 res for frame 216 received at 1574943026776
11-28 14:10:26.808 11185 11228 D Evaluation: 2 res for frame 217 received at 1574943026808
11-28 14:10:26.853 11185 11228 D Evaluation: 4 res for frame 218 received at 1574943026853
11-28 14:10:26.880 11185 11228 D Evaluation: 4 res for frame 219 received at 1574943026880
11-28 14:10:26.910 11185 11228 D Evaluation: 3 res for frame 220 received at 1574943026910
11-28 14:10:26.943 11185 11228 D Evaluation: 3 res for frame 221 received at 1574943026943
11-28 14:10:26.981 11185 11228 D Evaluation: 3 res for frame 222 received at 1574943026981
11-28 14:10:27.009 11185 11196 E         : [ZeroHung]zrhung_get_config: Get config failed for wp[0x0008]
11-28 14:10:27.010 11185 11228 D Evaluation: 4 res for frame 223 received at 1574943027010
11-28 14:10:27.034 11185 11194 W System  : A resource failed to call close. 
11-28 14:10:27.037 11185 11194 I chatty  : uid=10150(symlab.cloudridar.arhud) FinalizerDaemon identical 48 lines
11-28 14:10:27.037 11185 11194 W System  : A resource failed to call close. 
11-28 14:10:27.049 11185 11228 D Evaluation: 4 res for frame 224 received at 1574943027049
11-28 14:10:27.076 11185 11228 D Evaluation: 3 res for frame 225 received at 1574943027076
11-28 14:10:27.114 11185 11228 D Evaluation: 3 res for frame 226 received at 1574943027114
11-28 14:10:27.141 11185 11228 D Evaluation: 4 res for frame 227 received at 1574943027141
11-28 14:10:27.172 11185 11185 D Poster  : At 1574943027171 location is 65.05777670837068 (latitude), and 25.46976182388914 (longitude)
11-28 14:10:27.173 11185 11185 D Poster  : Connected to mobile network 13
11-28 14:10:27.179 11185 11228 D Evaluation: 2 res for frame 228 received at 1574943027179
11-28 14:10:27.214 11185 11228 D Evaluation: 2 res for frame 229 received at 1574943027214
11-28 14:10:27.242 11185 11228 D Evaluation: 3 res for frame 230 received at 1574943027242
11-28 14:10:27.278 11185 11228 D Evaluation: 4 res for frame 231 received at 1574943027278
11-28 14:10:27.316 11185 11228 D Evaluation: 2 res for frame 232 received at 1574943027316
11-28 14:10:27.344 11185 11228 D Evaluation: 3 res for frame 233 received at 1574943027344
11-28 14:10:27.394 11185 11228 D Evaluation: 2 res for frame 234 received at 1574943027394
11-28 14:10:27.415 11185 11228 D Evaluation: 3 res for frame 235 received at 1574943027415
11-28 14:10:27.444 11185 11228 D Evaluation: 2 res for frame 236 received at 1574943027444
11-28 14:10:27.480 11185 11228 D Evaluation: 1 res for frame 237 received at 1574943027480
11-28 14:10:27.512 11185 11228 D Evaluation: 1 res for frame 238 received at 1574943027512
11-28 14:10:27.548 11185 11228 D Evaluation: 1 res for frame 239 received at 1574943027548
11-28 14:10:27.579 11185 11228 D Evaluation: 1 res for frame 240 received at 1574943027579
11-28 14:10:27.614 11185 11228 D Evaluation: 2 res for frame 241 received at 1574943027614
11-28 14:10:27.657 11185 11228 D Evaluation: 2 res for frame 242 received at 1574943027657
11-28 14:10:27.679 11185 11228 D Evaluation: 3 res for frame 243 received at 1574943027679
11-28 14:10:27.717 11185 11228 D Evaluation: 2 res for frame 244 received at 1574943027717
11-28 14:10:27.749 11185 11228 D Evaluation: 3 res for frame 245 received at 1574943027749
11-28 14:10:27.783 11185 11228 D Evaluation: 4 res for frame 246 received at 1574943027783
11-28 14:10:27.803 11185 11185 W HiTouch_PressGestureDetector: Touch pointer move a lot. The moving distance of X is:113.3208, limit is:60The moving distance of Y is:17.648834, limit is:60
11-28 14:10:27.817 11185 11228 D Evaluation: 2 res for frame 247 received at 1574943027817
11-28 14:10:27.849 11185 11228 D Evaluation: 4 res for frame 248 received at 1574943027849
11-28 14:10:27.881 11185 11228 D Evaluation: 1 res for frame 249 received at 1574943027881
11-28 14:10:27.913 11185 11196 E         : [ZeroHung]zrhung_get_config: Get config failed for wp[0x0008]
11-28 14:10:27.915 11185 11228 D Evaluation: 1 res for frame 250 received at 1574943027915
11-28 14:10:27.929 11185 11194 W System  : A resource failed to call close. 
11-28 14:10:27.932 11185 11194 I chatty  : uid=10150(symlab.cloudridar.arhud) FinalizerDaemon identical 51 lines
11-28 14:10:27.932 11185 11194 W System  : A resource failed to call close. 
11-28 14:10:27.950 11185 11228 D Evaluation: 0 res for frame 251 received at 1574943027949
11-28 14:10:27.983 11185 11228 D Evaluation: 1 res for frame 252 received at 1574943027983
11-28 14:10:28.017 11185 11228 D Evaluation: 2 res for frame 253 received at 1574943028017
11-28 14:10:28.058 11185 11228 D Evaluation: 1 res for frame 254 received at 1574943028058
11-28 14:10:28.084 11185 11228 D Evaluation: 0 res for frame 255 received at 1574943028084
11-28 14:10:28.120 11185 11228 D Evaluation: 1 res for frame 256 received at 1574943028120
11-28 14:10:28.151 11185 11228 D Evaluation: 0 res for frame 257 received at 1574943028151
11-28 14:10:28.172 11185 11185 D Poster  : At 1574943028172 location is 65.05788545444452 (latitude), and 25.469723577142386 (longitude)
11-28 14:10:28.175 11185 11185 D Poster  : Connected to mobile network 13
11-28 14:10:28.199 11185 11228 D Evaluation: 0 res for frame 258 received at 1574943028199
11-28 14:10:28.218 11185 11228 D Evaluation: 0 res for frame 259 received at 1574943028218
11-28 14:10:28.249 11185 11228 D Evaluation: 3 res for frame 260 received at 1574943028249
11-28 14:10:28.288 11185 11228 D Evaluation: 1 res for frame 261 received at 1574943028288
11-28 14:10:28.323 11185 11228 D Evaluation: 2 res for frame 262 received at 1574943028323
11-28 14:10:28.351 11185 11228 D Evaluation: 2 res for frame 263 received at 1574943028351
11-28 14:10:28.382 11185 11228 D Evaluation: 3 res for frame 264 received at 1574943028382
11-28 14:10:28.426 11185 11228 D Evaluation: 4 res for frame 265 received at 1574943028426
11-28 14:10:28.461 11185 11228 D Evaluation: 1 res for frame 266 received at 1574943028461
11-28 14:10:28.500 11185 11228 D Evaluation: 2 res for frame 267 received at 1574943028500
11-28 14:10:28.519 11185 11185 I Poster  :  onPause() called.
11-28 14:10:28.520 11185 11228 D Evaluation: 0 res for frame 268 received at 1574943028520
11-28 14:10:28.654 11185 11185 I Camera  : close camera: 0, package name: symlab.cloudridar.arhud
11-28 14:10:28.654 11185 11185 I BackgroundPermManager: pkgName: symlab.cloudridar.arhud,pid: 11185 ,uidOf3RdApk: 10150 ,permType: 0 ,permCfg: 0
11-28 14:10:28.657 11185 11185 I HwCameraUtil: notifySurfaceFlingerCameraStatus : isFront = false , isOpend = false
11-28 14:10:28.724 11185 11185 D ZrHung.AppEyeUiProbe: stop checker.
11-28 14:10:28.740 11185 11185 I Poster  :  surfaceDestroyed() called.
11-28 14:10:28.743 11185 11185 D ViewRootImpl[MainActivity]: surface should not be released
11-28 14:10:28.744 11185 11185 I Poster  :  onStop() called.
11-28 14:10:28.781 11185 11245 W libEGL  : EGLNativeWindowType 0xf07f0008 disconnect failed
11-28 14:10:29.181 11185 11185 D Poster  : At 1574943029181 location is 65.05788611363637 (latitude), and 25.469714595679292 (longitude)
11-28 14:10:29.185 11185 11185 D Poster  : Connected to mobile network 13
11-28 14:10:29.200 11185 11185 D Latitude: status
11-28 14:10:29.496 11185 11220 D ZrHung.AppEyeUiProbe: Current Activity:false
11-28 14:10:29.496 11185 11220 D ZrHung.AppEyeUiProbe: not watching, wait.
