11-28 13:14:28.629 24403 24412 W System  : A resource failed to call close. 
11-28 13:14:28.630 24403 24412 I chatty  : uid=10147(symlab.cloudridar.arhud) FinalizerDaemon identical 2 lines
11-28 13:14:28.630 24403 24412 W System  : A resource failed to call close. 
11-28 13:14:28.630 24403 24412 W System  : A resource failed to call close. 
11-28 13:14:28.630 24403 24412 I chatty  : uid=10147(symlab.cloudridar.arhud) FinalizerDaemon identical 2 lines
11-28 13:14:28.631 24403 24412 W System  : A resource failed to call close. 
11-28 13:14:28.631 24403 24412 W System  : A resource failed to call close. 
11-28 13:14:28.632 24403 24412 W System  : A resource failed to call close. 
11-28 13:14:28.632 24403 24412 W System  : A resource failed to call close. 
11-28 13:14:28.632 24403 24412 W System  : A resource failed to call close. 
11-28 13:14:28.632 24403 24412 W System  : A resource failed to call close. 
11-28 13:14:28.635 24403 24412 W System  : A resource failed to call close. 
11-28 13:14:28.635 24403 24412 W System  : A resource failed to call close. 
11-28 13:14:28.636 24403 24412 W System  : A resource failed to call close. 
11-28 13:14:28.636 24403 24412 W System  : A resource failed to call close. 
11-28 13:14:28.636 24403 24412 W System  : A resource failed to call close. 
11-28 13:14:28.637 24403 24412 I chatty  : uid=10147(symlab.cloudridar.arhud) FinalizerDaemon identical 4 lines
11-28 13:14:28.637 24403 24412 W System  : A resource failed to call close. 
11-28 13:14:29.749 24403 24414 E         : [ZeroHung]zrhung_get_config: Get config failed for wp[0x0008]
11-28 13:14:29.767 24403 24412 W System  : A resource failed to call close. 
11-28 13:14:29.770 24403 24412 I chatty  : uid=10147(symlab.cloudridar.arhud) FinalizerDaemon identical 32 lines
11-28 13:14:29.770 24403 24412 W System  : A resource failed to call close. 
11-28 13:14:30.990 24403 24414 E         : [ZeroHung]zrhung_get_config: Get config failed for wp[0x0008]
11-28 13:14:31.013 24403 24412 W System  : A resource failed to call close. 
11-28 13:14:31.014 24403 24412 I chatty  : uid=10147(symlab.cloudridar.arhud) FinalizerDaemon identical 35 lines
11-28 13:14:31.014 24403 24412 W System  : A resource failed to call close. 
11-28 13:14:32.229 24403 24414 E         : [ZeroHung]zrhung_get_config: Get config failed for wp[0x0008]
11-28 13:14:32.257 24403 24412 W System  : A resource failed to call close. 
11-28 13:14:32.258 24403 24412 I chatty  : uid=10147(symlab.cloudridar.arhud) FinalizerDaemon identical 16 lines
11-28 13:14:32.258 24403 24412 W System  : A resource failed to call close. 
11-28 13:14:32.258 24403 24412 W System  : A resource failed to call close. 
11-28 13:14:32.259 24403 24412 I chatty  : uid=10147(symlab.cloudridar.arhud) FinalizerDaemon identical 3 lines
11-28 13:14:32.259 24403 24412 W System  : A resource failed to call close. 
11-28 13:14:32.259 24403 24412 W System  : A resource failed to call close. 
11-28 13:14:32.259 24403 24412 I chatty  : uid=10147(symlab.cloudridar.arhud) FinalizerDaemon identical 1 line
11-28 13:14:32.259 24403 24412 W System  : A resource failed to call close. 
11-28 13:14:32.259 24403 24412 W System  : A resource failed to call close. 
11-28 13:14:32.259 24403 24412 I chatty  : uid=10147(symlab.cloudridar.arhud) FinalizerDaemon identical 1 line
11-28 13:14:32.259 24403 24412 W System  : A resource failed to call close. 
11-28 13:14:32.259 24403 24412 W System  : A resource failed to call close. 
11-28 13:14:32.259 24403 24412 I chatty  : uid=10147(symlab.cloudridar.arhud) FinalizerDaemon identical 1 line
11-28 13:14:32.259 24403 24412 W System  : A resource failed to call close. 
11-28 13:14:32.259 24403 24412 W System  : A resource failed to call close. 
11-28 13:14:32.260 24403 24412 W System  : A resource failed to call close. 
11-28 13:14:32.260 24403 24412 W System  : A resource failed to call close. 
11-28 13:14:32.260 24403 24412 W System  : A resource failed to call close. 
11-28 13:14:33.424 24403 24414 E         : [ZeroHung]zrhung_get_config: Get config failed for wp[0x0008]
11-28 13:14:33.444 24403 24412 W System  : A resource failed to call close. 
11-28 13:14:33.447 24403 24412 I chatty  : uid=10147(symlab.cloudridar.arhud) FinalizerDaemon identical 31 lines
11-28 13:14:33.447 24403 24412 W System  : A resource failed to call close. 
11-28 13:14:34.548 24403 24414 E         : [ZeroHung]zrhung_get_config: Get config failed for wp[0x0008]
11-28 13:14:34.570 24403 24412 W System  : A resource failed to call close. 
11-28 13:14:34.575 24403 24412 I chatty  : uid=10147(symlab.cloudridar.arhud) FinalizerDaemon identical 30 lines
11-28 13:14:34.575 24403 24412 W System  : A resource failed to call close. 
11-28 13:14:35.781 24403 24414 E         : [ZeroHung]zrhung_get_config: Get config failed for wp[0x0008]
11-28 13:14:35.801 24403 24412 W System  : A resource failed to call close. 
11-28 13:14:35.803 24403 24412 I chatty  : uid=10147(symlab.cloudridar.arhud) FinalizerDaemon identical 20 lines
11-28 13:14:35.803 24403 24412 W System  : A resource failed to call close. 
11-28 13:14:35.803 24403 24412 W System  : A resource failed to call close. 
11-28 13:14:35.803 24403 24412 W System  : A resource failed to call close. 
11-28 13:14:35.803 24403 24412 W System  : A resource failed to call close. 
11-28 13:14:35.803 24403 24412 W System  : A resource failed to call close. 
11-28 13:14:35.803 24403 24412 W System  : A resource failed to call close. 
11-28 13:14:35.804 24403 24412 I chatty  : uid=10147(symlab.cloudridar.arhud) FinalizerDaemon identical 9 lines
11-28 13:14:35.804 24403 24412 W System  : A resource failed to call close. 
11-28 13:14:37.131 24403 24414 E         : [ZeroHung]zrhung_get_config: Get config failed for wp[0x0008]
11-28 13:14:37.152 24403 24412 W System  : A resource failed to call close. 
11-28 13:14:37.156 24403 24412 I chatty  : uid=10147(symlab.cloudridar.arhud) FinalizerDaemon identical 38 lines
11-28 13:14:37.156 24403 24412 W System  : A resource failed to call close. 
11-28 13:14:38.280 24403 24414 E         : [ZeroHung]zrhung_get_config: Get config failed for wp[0x0008]
11-28 13:14:38.296 24403 24412 W System  : A resource failed to call close. 
11-28 13:14:38.297 24403 24412 I chatty  : uid=10147(symlab.cloudridar.arhud) FinalizerDaemon identical 14 lines
11-28 13:14:38.298 24403 24412 W System  : A resource failed to call close. 
11-28 13:14:38.298 24403 24412 W System  : A resource failed to call close. 
11-28 13:14:38.299 24403 24412 I chatty  : uid=10147(symlab.cloudridar.arhud) FinalizerDaemon identical 13 lines
11-28 13:14:38.299 24403 24412 W System  : A resource failed to call close. 
11-28 13:14:39.441 24403 24414 E         : [ZeroHung]zrhung_get_config: Get config failed for wp[0x0008]
11-28 13:14:39.474 24403 24412 W System  : A resource failed to call close. 
11-28 13:14:39.474 24403 24412 I chatty  : uid=10147(symlab.cloudridar.arhud) FinalizerDaemon identical 5 lines
11-28 13:14:39.475 24403 24412 W System  : A resource failed to call close. 
11-28 13:14:39.475 24403 24412 W System  : A resource failed to call close. 
11-28 13:14:39.475 24403 24412 W System  : A resource failed to call close. 
11-28 13:14:39.475 24403 24412 W System  : A resource failed to call close. 
11-28 13:14:39.475 24403 24412 I chatty  : uid=10147(symlab.cloudridar.arhud) FinalizerDaemon identical 2 lines
11-28 13:14:39.475 24403 24412 W System  : A resource failed to call close. 
11-28 13:14:39.475 24403 24412 W System  : A resource failed to call close. 
11-28 13:14:39.475 24403 24412 W System  : A resource failed to call close. 
11-28 13:14:39.475 24403 24412 W System  : A resource failed to call close. 
11-28 13:14:39.475 24403 24412 I chatty  : uid=10147(symlab.cloudridar.arhud) FinalizerDaemon identical 1 line
11-28 13:14:39.476 24403 24412 W System  : A resource failed to call close. 
11-28 13:14:39.476 24403 24412 W System  : A resource failed to call close. 
11-28 13:14:39.476 24403 24412 W System  : A resource failed to call close. 
11-28 13:14:39.478 24403 24412 W System  : A resource failed to call close. 
11-28 13:14:39.485 24403 24412 I chatty  : uid=10147(symlab.cloudridar.arhud) FinalizerDaemon identical 14 lines
11-28 13:14:39.485 24403 24412 W System  : A resource failed to call close. 
11-28 13:14:40.628 24403 24414 E         : [ZeroHung]zrhung_get_config: Get config failed for wp[0x0008]
11-28 13:14:40.648 24403 24412 W System  : A resource failed to call close. 
11-28 13:14:40.651 24403 24412 I chatty  : uid=10147(symlab.cloudridar.arhud) FinalizerDaemon identical 31 lines
11-28 13:14:40.651 24403 24412 W System  : A resource failed to call close. 
11-28 13:14:41.626 24403 24414 E         : [ZeroHung]zrhung_get_config: Get config failed for wp[0x0008]
11-28 13:14:41.652 24403 24412 W System  : A resource failed to call close. 
11-28 13:14:41.655 24403 24412 I chatty  : uid=10147(symlab.cloudridar.arhud) FinalizerDaemon identical 27 lines
11-28 13:14:41.655 24403 24412 W System  : A resource failed to call close. 
11-28 13:14:42.672 24403 24414 E         : [ZeroHung]zrhung_get_config: Get config failed for wp[0x0008]
11-28 13:14:42.695 24403 24412 W System  : A resource failed to call close. 
11-28 13:14:42.698 24403 24412 I chatty  : uid=10147(symlab.cloudridar.arhud) FinalizerDaemon identical 29 lines
11-28 13:14:42.698 24403 24412 W System  : A resource failed to call close. 
11-28 13:14:43.738 24403 24414 E         : [ZeroHung]zrhung_get_config: Get config failed for wp[0x0008]
11-28 13:14:43.754 24403 24412 W System  : A resource failed to call close. 
11-28 13:14:43.756 24403 24412 I chatty  : uid=10147(symlab.cloudridar.arhud) FinalizerDaemon identical 30 lines
11-28 13:14:43.756 24403 24412 W System  : A resource failed to call close. 
11-28 13:14:44.879 24403 24414 E         : [ZeroHung]zrhung_get_config: Get config failed for wp[0x0008]
11-28 13:14:44.908 24403 24412 W System  : A resource failed to call close. 
11-28 13:14:44.909 24403 24412 I chatty  : uid=10147(symlab.cloudridar.arhud) FinalizerDaemon identical 31 lines
11-28 13:14:44.909 24403 24412 W System  : A resource failed to call close. 
11-28 13:14:45.943 24403 24414 E         : [ZeroHung]zrhung_get_config: Get config failed for wp[0x0008]
11-28 13:14:45.975 24403 24412 W System  : A resource failed to call close. 
11-28 13:14:45.977 24403 24412 I chatty  : uid=10147(symlab.cloudridar.arhud) FinalizerDaemon identical 26 lines
11-28 13:14:45.978 24403 24412 W System  : A resource failed to call close. 
11-28 13:14:46.972 24403 24414 E         : [ZeroHung]zrhung_get_config: Get config failed for wp[0x0008]
11-28 13:14:46.999 24403 24412 W System  : A resource failed to call close. 
11-28 13:14:47.001 24403 24412 I chatty  : uid=10147(symlab.cloudridar.arhud) FinalizerDaemon identical 21 lines
11-28 13:14:47.001 24403 24412 W System  : A resource failed to call close. 
11-28 13:14:47.002 24403 24412 W System  : A resource failed to call close. 
11-28 13:14:47.002 24403 24412 W System  : A resource failed to call close. 
11-28 13:14:47.002 24403 24412 I chatty  : uid=10147(symlab.cloudridar.arhud) FinalizerDaemon identical 5 lines
11-28 13:14:47.002 24403 24412 W System  : A resource failed to call close. 
11-28 13:14:47.917 24403 24414 E         : [ZeroHung]zrhung_get_config: Get config failed for wp[0x0008]
11-28 13:14:47.950 24403 24412 W System  : A resource failed to call close. 
11-28 13:14:47.952 24403 24412 I chatty  : uid=10147(symlab.cloudridar.arhud) FinalizerDaemon identical 26 lines
11-28 13:14:47.952 24403 24412 W System  : A resource failed to call close. 
11-28 13:14:48.909 24403 24414 E         : [ZeroHung]zrhung_get_config: Get config failed for wp[0x0008]
11-28 13:14:48.924 24403 24412 W System  : A resource failed to call close. 
11-28 13:14:48.925 24403 24412 I chatty  : uid=10147(symlab.cloudridar.arhud) FinalizerDaemon identical 25 lines
11-28 13:14:48.925 24403 24412 W System  : A resource failed to call close. 
11-28 13:14:49.827 24403 24414 E         : [ZeroHung]zrhung_get_config: Get config failed for wp[0x0008]
11-28 13:14:49.854 24403 24412 W System  : A resource failed to call close. 
11-28 13:14:49.854 24403 24412 W System  : A resource failed to call close. 
11-28 13:14:49.854 24403 24412 I chatty  : uid=10147(symlab.cloudridar.arhud) FinalizerDaemon identical 5 lines
11-28 13:14:49.854 24403 24412 W System  : A resource failed to call close. 
11-28 13:14:49.855 24403 24412 W System  : A resource failed to call close. 
11-28 13:14:49.855 24403 24412 I chatty  : uid=10147(symlab.cloudridar.arhud) FinalizerDaemon identical 17 lines
11-28 13:14:49.856 24403 24412 W System  : A resource failed to call close. 
11-28 13:14:50.773 24403 24414 E         : [ZeroHung]zrhung_get_config: Get config failed for wp[0x0008]
11-28 13:14:50.803 24403 24412 W System  : A resource failed to call close. 
11-28 13:14:50.803 24403 24412 I chatty  : uid=10147(symlab.cloudridar.arhud) FinalizerDaemon identical 13 lines
11-28 13:14:50.804 24403 24412 W System  : A resource failed to call close. 
11-28 13:14:50.804 24403 24412 W System  : A resource failed to call close. 
11-28 13:14:50.804 24403 24412 I chatty  : uid=10147(symlab.cloudridar.arhud) FinalizerDaemon identical 10 lines
11-28 13:14:50.804 24403 24412 W System  : A resource failed to call close. 
11-28 13:14:51.732 24403 24414 E         : [ZeroHung]zrhung_get_config: Get config failed for wp[0x0008]
11-28 13:14:51.765 24403 24412 W System  : A resource failed to call close. 
11-28 13:14:51.768 24403 24412 I chatty  : uid=10147(symlab.cloudridar.arhud) FinalizerDaemon identical 27 lines
11-28 13:14:51.768 24403 24412 W System  : A resource failed to call close. 
11-28 13:14:52.781 24403 24414 E         : [ZeroHung]zrhung_get_config: Get config failed for wp[0x0008]
11-28 13:14:52.803 24403 24412 W System  : A resource failed to call close. 
11-28 13:14:52.806 24403 24412 I chatty  : uid=10147(symlab.cloudridar.arhud) FinalizerDaemon identical 29 lines
11-28 13:14:52.806 24403 24412 W System  : A resource failed to call close. 
11-28 13:14:53.904 24403 24414 E         : [ZeroHung]zrhung_get_config: Get config failed for wp[0x0008]
11-28 13:14:53.938 24403 24412 W System  : A resource failed to call close. 
11-28 13:14:53.941 24403 24412 I chatty  : uid=10147(symlab.cloudridar.arhud) FinalizerDaemon identical 30 lines
11-28 13:14:53.941 24403 24412 W System  : A resource failed to call close. 
11-28 13:14:54.918 24403 24414 E         : [ZeroHung]zrhung_get_config: Get config failed for wp[0x0008]
11-28 13:14:54.941 24403 24412 W System  : A resource failed to call close. 
11-28 13:14:54.945 24403 24412 I chatty  : uid=10147(symlab.cloudridar.arhud) FinalizerDaemon identical 29 lines
11-28 13:14:54.945 24403 24412 W System  : A resource failed to call close. 
11-28 13:14:55.938 24403 24414 E         : [ZeroHung]zrhung_get_config: Get config failed for wp[0x0008]
11-28 13:14:55.959 24403 24412 W System  : A resource failed to call close. 
11-28 13:14:55.961 24403 24412 I chatty  : uid=10147(symlab.cloudridar.arhud) FinalizerDaemon identical 28 lines
11-28 13:14:55.962 24403 24412 W System  : A resource failed to call close. 
11-28 13:14:56.974 24403 24414 E         : [ZeroHung]zrhung_get_config: Get config failed for wp[0x0008]
11-28 13:14:57.002 24403 24412 W System  : A resource failed to call close. 
11-28 13:14:57.003 24403 24412 I chatty  : uid=10147(symlab.cloudridar.arhud) FinalizerDaemon identical 29 lines
11-28 13:14:57.003 24403 24412 W System  : A resource failed to call close. 
11-28 13:14:57.906 24403 24414 E         : [ZeroHung]zrhung_get_config: Get config failed for wp[0x0008]
11-28 13:14:57.930 24403 24412 W System  : A resource failed to call close. 
11-28 13:14:57.933 24403 24412 I chatty  : uid=10147(symlab.cloudridar.arhud) FinalizerDaemon identical 26 lines
11-28 13:14:57.933 24403 24412 W System  : A resource failed to call close. 
11-28 13:14:59.023 24403 24414 E         : [ZeroHung]zrhung_get_config: Get config failed for wp[0x0008]
11-28 13:14:59.047 24403 24412 W System  : A resource failed to call close. 
11-28 13:14:59.050 24403 24412 I chatty  : uid=10147(symlab.cloudridar.arhud) FinalizerDaemon identical 30 lines
11-28 13:14:59.050 24403 24412 W System  : A resource failed to call close. 
11-28 13:15:00.071 24403 24414 E         : [ZeroHung]zrhung_get_config: Get config failed for wp[0x0008]
11-28 13:15:00.084 24403 24412 W System  : A resource failed to call close. 
11-28 13:15:00.087 24403 24412 I chatty  : uid=10147(symlab.cloudridar.arhud) FinalizerDaemon identical 28 lines
11-28 13:15:00.087 24403 24412 W System  : A resource failed to call close. 
11-28 13:15:01.149 24403 24414 E         : [ZeroHung]zrhung_get_config: Get config failed for wp[0x0008]
11-28 13:15:01.165 24403 24412 W System  : A resource failed to call close. 
11-28 13:15:01.168 24403 24412 I chatty  : uid=10147(symlab.cloudridar.arhud) FinalizerDaemon identical 29 lines
11-28 13:15:01.168 24403 24412 W System  : A resource failed to call close. 
11-28 13:15:02.166 24403 24414 E         : [ZeroHung]zrhung_get_config: Get config failed for wp[0x0008]
11-28 13:15:02.184 24403 24412 W System  : A resource failed to call close. 
11-28 13:15:02.187 24403 24412 I chatty  : uid=10147(symlab.cloudridar.arhud) FinalizerDaemon identical 26 lines
11-28 13:15:02.187 24403 24412 W System  : A resource failed to call close. 
11-28 13:15:03.188 24403 24414 E         : [ZeroHung]zrhung_get_config: Get config failed for wp[0x0008]
11-28 13:15:03.218 24403 24412 W System  : A resource failed to call close. 
11-28 13:15:03.221 24403 24412 I chatty  : uid=10147(symlab.cloudridar.arhud) FinalizerDaemon identical 29 lines
11-28 13:15:03.222 24403 24412 W System  : A resource failed to call close. 
11-28 13:15:04.297 24403 24414 E         : [ZeroHung]zrhung_get_config: Get config failed for wp[0x0008]
11-28 13:15:04.326 24403 24412 W System  : A resource failed to call close. 
11-28 13:15:04.328 24403 24412 I chatty  : uid=10147(symlab.cloudridar.arhud) FinalizerDaemon identical 29 lines
11-28 13:15:04.328 24403 24412 W System  : A resource failed to call close. 
11-28 13:15:05.456 24403 24414 E         : [ZeroHung]zrhung_get_config: Get config failed for wp[0x0008]
11-28 13:15:05.484 24403 24412 W System  : A resource failed to call close. 
11-28 13:15:05.485 24403 24412 I chatty  : uid=10147(symlab.cloudridar.arhud) FinalizerDaemon identical 30 lines
11-28 13:15:05.485 24403 24412 W System  : A resource failed to call close. 
11-28 13:15:06.585 24403 24414 E         : [ZeroHung]zrhung_get_config: Get config failed for wp[0x0008]
11-28 13:15:06.609 24403 24412 W System  : A resource failed to call close. 
11-28 13:15:06.611 24403 24412 I chatty  : uid=10147(symlab.cloudridar.arhud) FinalizerDaemon identical 22 lines
11-28 13:15:06.611 24403 24412 W System  : A resource failed to call close. 
11-28 13:15:06.612 24403 24412 W System  : A resource failed to call close. 
11-28 13:15:06.612 24403 24412 W System  : A resource failed to call close. 
11-28 13:15:06.612 24403 24412 I chatty  : uid=10147(symlab.cloudridar.arhud) FinalizerDaemon identical 1 line
11-28 13:15:06.612 24403 24412 W System  : A resource failed to call close. 
11-28 13:15:06.612 24403 24412 W System  : A resource failed to call close. 
11-28 13:15:06.613 24403 24412 W System  : A resource failed to call close. 
11-28 13:15:06.613 24403 24412 W System  : A resource failed to call close. 
11-28 13:15:06.614 24403 24412 I chatty  : uid=10147(symlab.cloudridar.arhud) FinalizerDaemon identical 2 lines
11-28 13:15:06.614 24403 24412 W System  : A resource failed to call close. 
11-28 13:15:07.651 24403 24414 E         : [ZeroHung]zrhung_get_config: Get config failed for wp[0x0008]
11-28 13:15:07.665 24403 24412 W System  : A resource failed to call close. 
11-28 13:15:07.667 24403 24412 I chatty  : uid=10147(symlab.cloudridar.arhud) FinalizerDaemon identical 27 lines
11-28 13:15:07.667 24403 24412 W System  : A resource failed to call close. 
11-28 13:15:08.740 24403 24414 E         : [ZeroHung]zrhung_get_config: Get config failed for wp[0x0008]
11-28 13:15:08.759 24403 24412 W System  : A resource failed to call close. 
11-28 13:15:08.762 24403 24412 I chatty  : uid=10147(symlab.cloudridar.arhud) FinalizerDaemon identical 29 lines
11-28 13:15:08.763 24403 24412 W System  : A resource failed to call close. 
11-28 13:15:09.780 24403 24414 E         : [ZeroHung]zrhung_get_config: Get config failed for wp[0x0008]
11-28 13:15:09.797 24403 24412 W System  : A resource failed to call close. 
11-28 13:15:09.797 24403 24412 I chatty  : uid=10147(symlab.cloudridar.arhud) FinalizerDaemon identical 2 lines
11-28 13:15:09.798 24403 24412 W System  : A resource failed to call close. 
11-28 13:15:09.798 24403 24412 W System  : A resource failed to call close. 
11-28 13:15:09.799 24403 24412 I chatty  : uid=10147(symlab.cloudridar.arhud) FinalizerDaemon identical 23 lines
11-28 13:15:09.800 24403 24412 W System  : A resource failed to call close. 
11-28 13:15:10.797 24403 24414 E         : [ZeroHung]zrhung_get_config: Get config failed for wp[0x0008]
11-28 13:15:10.823 24403 24412 W System  : A resource failed to call close. 
11-28 13:15:10.825 24403 24412 I chatty  : uid=10147(symlab.cloudridar.arhud) FinalizerDaemon identical 28 lines
11-28 13:15:10.825 24403 24412 W System  : A resource failed to call close. 
11-28 13:15:11.794 24403 24414 E         : [ZeroHung]zrhung_get_config: Get config failed for wp[0x0008]
11-28 13:15:11.822 24403 24412 W System  : A resource failed to call close. 
11-28 13:15:11.824 24403 24412 I chatty  : uid=10147(symlab.cloudridar.arhud) FinalizerDaemon identical 28 lines
11-28 13:15:11.824 24403 24412 W System  : A resource failed to call close. 
11-28 13:15:12.805 24403 24414 E         : [ZeroHung]zrhung_get_config: Get config failed for wp[0x0008]
11-28 13:15:12.825 24403 24412 W System  : A resource failed to call close. 
11-28 13:15:12.828 24403 24412 I chatty  : uid=10147(symlab.cloudridar.arhud) FinalizerDaemon identical 28 lines
11-28 13:15:12.828 24403 24412 W System  : A resource failed to call close. 
11-28 13:15:13.944 24403 24414 E         : [ZeroHung]zrhung_get_config: Get config failed for wp[0x0008]
11-28 13:15:13.964 24403 24412 W System  : A resource failed to call close. 
11-28 13:15:13.967 24403 24412 I chatty  : uid=10147(symlab.cloudridar.arhud) FinalizerDaemon identical 31 lines
11-28 13:15:13.967 24403 24412 W System  : A resource failed to call close. 
11-28 13:15:14.942 24403 24414 E         : [ZeroHung]zrhung_get_config: Get config failed for wp[0x0008]
11-28 13:15:14.976 24403 24412 W System  : A resource failed to call close. 
11-28 13:15:14.978 24403 24412 I chatty  : uid=10147(symlab.cloudridar.arhud) FinalizerDaemon identical 28 lines
11-28 13:15:14.978 24403 24412 W System  : A resource failed to call close. 
11-28 13:15:15.995 24403 24414 E         : [ZeroHung]zrhung_get_config: Get config failed for wp[0x0008]
11-28 13:15:16.014 24403 24412 W System  : A resource failed to call close. 
11-28 13:15:16.016 24403 24412 I chatty  : uid=10147(symlab.cloudridar.arhud) FinalizerDaemon identical 28 lines
11-28 13:15:16.016 24403 24412 W System  : A resource failed to call close. 
11-28 13:15:16.982 24403 24414 E         : [ZeroHung]zrhung_get_config: Get config failed for wp[0x0008]
11-28 13:15:17.007 24403 24412 W System  : A resource failed to call close. 
11-28 13:15:17.010 24403 24412 I chatty  : uid=10147(symlab.cloudridar.arhud) FinalizerDaemon identical 27 lines
11-28 13:15:17.010 24403 24412 W System  : A resource failed to call close. 
11-28 13:15:18.034 24403 24414 E         : [ZeroHung]zrhung_get_config: Get config failed for wp[0x0008]
11-28 13:15:18.058 24403 24412 W System  : A resource failed to call close. 
11-28 13:15:18.061 24403 24412 I chatty  : uid=10147(symlab.cloudridar.arhud) FinalizerDaemon identical 28 lines
11-28 13:15:18.061 24403 24412 W System  : A resource failed to call close. 
11-28 13:15:19.012 24403 24414 E         : [ZeroHung]zrhung_get_config: Get config failed for wp[0x0008]
11-28 13:15:19.035 24403 24412 W System  : A resource failed to call close. 
11-28 13:15:19.038 24403 24412 I chatty  : uid=10147(symlab.cloudridar.arhud) FinalizerDaemon identical 1 line
11-28 13:15:19.038 24403 24412 W System  : A resource failed to call close. 
11-28 13:15:19.038 24403 24412 W System  : A resource failed to call close. 
11-28 13:15:19.038 24403 24412 I chatty  : uid=10147(symlab.cloudridar.arhud) FinalizerDaemon identical 4 lines
11-28 13:15:19.038 24403 24412 W System  : A resource failed to call close. 
11-28 13:15:19.038 24403 24412 W System  : A resource failed to call close. 
11-28 13:15:19.039 24403 24412 I chatty  : uid=10147(symlab.cloudridar.arhud) FinalizerDaemon identical 13 lines
11-28 13:15:19.040 24403 24412 W System  : A resource failed to call close. 
11-28 13:15:19.040 24403 24412 W System  : A resource failed to call close. 
11-28 13:15:19.040 24403 24412 I chatty  : uid=10147(symlab.cloudridar.arhud) FinalizerDaemon identical 3 lines
11-28 13:15:19.040 24403 24412 W System  : A resource failed to call close. 
11-28 13:15:20.005 24403 24414 E         : [ZeroHung]zrhung_get_config: Get config failed for wp[0x0008]
11-28 13:15:20.039 24403 24412 W System  : A resource failed to call close. 
11-28 13:15:20.042 24403 24412 I chatty  : uid=10147(symlab.cloudridar.arhud) FinalizerDaemon identical 22 lines
11-28 13:15:20.042 24403 24412 W System  : A resource failed to call close. 
11-28 13:15:20.042 24403 24412 W System  : A resource failed to call close. 
11-28 13:15:20.042 24403 24412 I chatty  : uid=10147(symlab.cloudridar.arhud) FinalizerDaemon identical 2 lines
11-28 13:15:20.042 24403 24412 W System  : A resource failed to call close. 
11-28 13:15:20.042 24403 24412 W System  : A resource failed to call close. 
11-28 13:15:21.028 24403 24414 E         : [ZeroHung]zrhung_get_config: Get config failed for wp[0x0008]
11-28 13:15:21.059 24403 24412 W System  : A resource failed to call close. 
11-28 13:15:21.059 24403 24412 I chatty  : uid=10147(symlab.cloudridar.arhud) FinalizerDaemon identical 14 lines
11-28 13:15:21.059 24403 24412 W System  : A resource failed to call close. 
11-28 13:15:21.059 24403 24412 W System  : A resource failed to call close. 
11-28 13:15:21.060 24403 24412 I chatty  : uid=10147(symlab.cloudridar.arhud) FinalizerDaemon identical 13 lines
11-28 13:15:21.060 24403 24412 W System  : A resource failed to call close. 
11-28 13:15:22.041 24403 24414 E         : [ZeroHung]zrhung_get_config: Get config failed for wp[0x0008]
11-28 13:15:22.061 24403 24412 W System  : A resource failed to call close. 
11-28 13:15:22.064 24403 24412 I chatty  : uid=10147(symlab.cloudridar.arhud) FinalizerDaemon identical 28 lines
11-28 13:15:22.064 24403 24412 W System  : A resource failed to call close. 
11-28 13:15:23.109 24403 24414 E         : [ZeroHung]zrhung_get_config: Get config failed for wp[0x0008]
11-28 13:15:23.127 24403 24412 W System  : A resource failed to call close. 
11-28 13:15:23.129 24403 24412 I chatty  : uid=10147(symlab.cloudridar.arhud) FinalizerDaemon identical 30 lines
11-28 13:15:23.130 24403 24412 W System  : A resource failed to call close. 
11-28 13:15:24.121 24403 24414 E         : [ZeroHung]zrhung_get_config: Get config failed for wp[0x0008]
11-28 13:15:24.138 24403 24412 W System  : A resource failed to call close. 
11-28 13:15:24.141 24403 24412 I chatty  : uid=10147(symlab.cloudridar.arhud) FinalizerDaemon identical 27 lines
11-28 13:15:24.141 24403 24412 W System  : A resource failed to call close. 
11-28 13:15:25.131 24403 24414 E         : [ZeroHung]zrhung_get_config: Get config failed for wp[0x0008]
11-28 13:15:25.156 24403 24412 W System  : A resource failed to call close. 
11-28 13:15:25.156 24403 24412 W System  : A resource failed to call close. 
11-28 13:15:25.156 24403 24412 W System  : A resource failed to call close. 
11-28 13:15:25.156 24403 24412 W System  : A resource failed to call close. 
11-28 13:15:25.156 24403 24412 W System  : A resource failed to call close. 
11-28 13:15:25.158 24403 24412 I chatty  : uid=10147(symlab.cloudridar.arhud) FinalizerDaemon identical 23 lines
11-28 13:15:25.158 24403 24412 W System  : A resource failed to call close. 
11-28 13:15:26.124 24403 24414 E         : [ZeroHung]zrhung_get_config: Get config failed for wp[0x0008]
11-28 13:15:26.151 24403 24412 W System  : A resource failed to call close. 
11-28 13:15:26.153 24403 24412 I chatty  : uid=10147(symlab.cloudridar.arhud) FinalizerDaemon identical 27 lines
11-28 13:15:26.153 24403 24412 W System  : A resource failed to call close. 
11-28 13:15:27.282 24403 24414 E         : [ZeroHung]zrhung_get_config: Get config failed for wp[0x0008]
11-28 13:15:27.299 24403 24412 W System  : A resource failed to call close. 
11-28 13:15:27.304 24403 24412 I chatty  : uid=10147(symlab.cloudridar.arhud) FinalizerDaemon identical 30 lines
11-28 13:15:27.304 24403 24412 W System  : A resource failed to call close. 
11-28 13:15:28.550 24403 24414 E         : [ZeroHung]zrhung_get_config: Get config failed for wp[0x0008]
11-28 13:15:28.572 24403 24412 W System  : A resource failed to call close. 
11-28 13:15:28.574 24403 24412 I chatty  : uid=10147(symlab.cloudridar.arhud) FinalizerDaemon identical 15 lines
11-28 13:15:28.575 24403 24412 W System  : A resource failed to call close. 
11-28 13:15:28.575 24403 24412 W System  : A resource failed to call close. 
11-28 13:15:28.575 24403 24412 W System  : A resource failed to call close. 
11-28 13:15:28.575 24403 24412 W System  : A resource failed to call close. 
11-28 13:15:28.575 24403 24412 W System  : A resource failed to call close. 
11-28 13:15:28.575 24403 24412 W System  : A resource failed to call close. 
11-28 13:15:28.576 24403 24412 I chatty  : uid=10147(symlab.cloudridar.arhud) FinalizerDaemon identical 7 lines
11-28 13:15:28.576 24403 24412 W System  : A resource failed to call close. 
11-28 13:15:28.576 24403 24412 W System  : A resource failed to call close. 
11-28 13:15:28.576 24403 24412 I chatty  : uid=10147(symlab.cloudridar.arhud) FinalizerDaemon identical 1 line
11-28 13:15:28.577 24403 24412 W System  : A resource failed to call close. 
11-28 13:15:28.577 24403 24412 W System  : A resource failed to call close. 
11-28 13:15:28.577 24403 24412 W System  : A resource failed to call close. 
11-28 13:15:28.577 24403 24412 W System  : A resource failed to call close. 
11-28 13:15:28.577 24403 24412 W System  : A resource failed to call close. 
11-28 13:15:28.577 24403 24412 W System  : A resource failed to call close. 
11-28 13:15:30.136 24403 24414 E         : [ZeroHung]zrhung_get_config: Get config failed for wp[0x0008]
11-28 13:15:30.154 24403 24412 W System  : A resource failed to call close. 
11-28 13:15:30.157 24403 24412 I chatty  : uid=10147(symlab.cloudridar.arhud) FinalizerDaemon identical 45 lines
11-28 13:15:30.157 24403 24412 W System  : A resource failed to call close. 
11-28 13:15:31.374 24403 24414 E         : [ZeroHung]zrhung_get_config: Get config failed for wp[0x0008]
11-28 13:15:31.394 24403 24412 W System  : A resource failed to call close. 
11-28 13:15:31.395 24403 24412 I chatty  : uid=10147(symlab.cloudridar.arhud) FinalizerDaemon identical 11 lines
11-28 13:15:31.395 24403 24412 W System  : A resource failed to call close. 
11-28 13:15:31.395 24403 24412 W System  : A resource failed to call close. 
11-28 13:15:31.395 24403 24412 W System  : A resource failed to call close. 
11-28 13:15:31.397 24403 24412 I chatty  : uid=10147(symlab.cloudridar.arhud) FinalizerDaemon identical 20 lines
11-28 13:15:31.397 24403 24412 W System  : A resource failed to call close. 
11-28 13:15:32.476 24403 24414 E         : [ZeroHung]zrhung_get_config: Get config failed for wp[0x0008]
11-28 13:15:32.492 24403 24412 W System  : A resource failed to call close. 
11-28 13:15:32.495 24403 24412 I chatty  : uid=10147(symlab.cloudridar.arhud) FinalizerDaemon identical 29 lines
11-28 13:15:32.495 24403 24412 W System  : A resource failed to call close. 
11-28 13:15:33.550 24403 24414 E         : [ZeroHung]zrhung_get_config: Get config failed for wp[0x0008]
11-28 13:15:33.578 24403 24412 W System  : A resource failed to call close. 
11-28 13:15:33.581 24403 24412 I chatty  : uid=10147(symlab.cloudridar.arhud) FinalizerDaemon identical 30 lines
11-28 13:15:33.581 24403 24412 W System  : A resource failed to call close. 
11-28 13:15:34.559 24403 24414 E         : [ZeroHung]zrhung_get_config: Get config failed for wp[0x0008]
11-28 13:15:34.577 24403 24412 W System  : A resource failed to call close. 
11-28 13:15:34.579 24403 24412 I chatty  : uid=10147(symlab.cloudridar.arhud) FinalizerDaemon identical 28 lines
11-28 13:15:34.580 24403 24412 W System  : A resource failed to call close. 
11-28 13:15:35.641 24403 24414 E         : [ZeroHung]zrhung_get_config: Get config failed for wp[0x0008]
11-28 13:15:35.661 24403 24412 W System  : A resource failed to call close. 
11-28 13:15:35.663 24403 24412 I chatty  : uid=10147(symlab.cloudridar.arhud) FinalizerDaemon identical 28 lines
11-28 13:15:35.663 24403 24412 W System  : A resource failed to call close. 
11-28 13:15:36.686 24403 24414 E         : [ZeroHung]zrhung_get_config: Get config failed for wp[0x0008]
11-28 13:15:36.715 24403 24412 W System  : A resource failed to call close. 
11-28 13:15:36.718 24403 24412 I chatty  : uid=10147(symlab.cloudridar.arhud) FinalizerDaemon identical 29 lines
11-28 13:15:36.719 24403 24412 W System  : A resource failed to call close. 
11-28 13:15:37.758 24403 24414 E         : [ZeroHung]zrhung_get_config: Get config failed for wp[0x0008]
11-28 13:15:37.786 24403 24412 W System  : A resource failed to call close. 
11-28 13:15:37.787 24403 24412 I chatty  : uid=10147(symlab.cloudridar.arhud) FinalizerDaemon identical 9 lines
11-28 13:15:37.787 24403 24412 W System  : A resource failed to call close. 
11-28 13:15:37.788 24403 24412 W System  : A resource failed to call close. 
11-28 13:15:37.788 24403 24412 W System  : A resource failed to call close. 
11-28 13:15:37.788 24403 24412 W System  : A resource failed to call close. 
11-28 13:15:37.788 24403 24412 W System  : A resource failed to call close. 
11-28 13:15:37.789 24403 24412 I chatty  : uid=10147(symlab.cloudridar.arhud) FinalizerDaemon identical 12 lines
11-28 13:15:37.789 24403 24412 W System  : A resource failed to call close. 
11-28 13:15:37.790 24403 24412 W System  : A resource failed to call close. 
11-28 13:15:37.790 24403 24412 I chatty  : uid=10147(symlab.cloudridar.arhud) FinalizerDaemon identical 2 lines
11-28 13:15:37.790 24403 24412 W System  : A resource failed to call close. 
11-28 13:15:39.024 24403 24414 E         : [ZeroHung]zrhung_get_config: Get config failed for wp[0x0008]
11-28 13:15:39.053 24403 24412 W System  : A resource failed to call close. 
11-28 13:15:39.053 24403 24412 W System  : A resource failed to call close. 
11-28 13:15:39.053 24403 24412 W System  : A resource failed to call close. 
11-28 13:15:39.053 24403 24412 W System  : A resource failed to call close. 
11-28 13:15:39.054 24403 24412 I chatty  : uid=10147(symlab.cloudridar.arhud) FinalizerDaemon identical 3 lines
11-28 13:15:39.054 24403 24412 W System  : A resource failed to call close. 
11-28 13:15:39.054 24403 24412 W System  : A resource failed to call close. 
11-28 13:15:39.054 24403 24412 W System  : A resource failed to call close. 
11-28 13:15:39.054 24403 24412 W System  : A resource failed to call close. 
11-28 13:15:39.054 24403 24412 W System  : A resource failed to call close. 
11-28 13:15:39.054 24403 24412 I chatty  : uid=10147(symlab.cloudridar.arhud) FinalizerDaemon identical 1 line
11-28 13:15:39.054 24403 24412 W System  : A resource failed to call close. 
11-28 13:15:39.054 24403 24412 W System  : A resource failed to call close. 
11-28 13:15:39.054 24403 24412 W System  : A resource failed to call close. 
11-28 13:15:39.054 24403 24412 I chatty  : uid=10147(symlab.cloudridar.arhud) FinalizerDaemon identical 3 lines
11-28 13:15:39.055 24403 24412 W System  : A resource failed to call close. 
11-28 13:15:39.055 24403 24412 W System  : A resource failed to call close. 
11-28 13:15:39.055 24403 24412 I chatty  : uid=10147(symlab.cloudridar.arhud) FinalizerDaemon identical 1 line
11-28 13:15:39.055 24403 24412 W System  : A resource failed to call close. 
11-28 13:15:39.055 24403 24412 W System  : A resource failed to call close. 
11-28 13:15:39.055 24403 24412 W System  : A resource failed to call close. 
11-28 13:15:39.055 24403 24412 I chatty  : uid=10147(symlab.cloudridar.arhud) FinalizerDaemon identical 3 lines
11-28 13:15:39.055 24403 24412 W System  : A resource failed to call close. 
11-28 13:15:39.055 24403 24412 W System  : A resource failed to call close. 
11-28 13:15:39.056 24403 24412 I chatty  : uid=10147(symlab.cloudridar.arhud) FinalizerDaemon identical 6 lines
11-28 13:15:39.056 24403 24412 W System  : A resource failed to call close. 
11-28 13:15:39.440 24403 24403 W HiTouch_PressGestureDetector: Touch pointer move a lot. The moving distance of X is:116.53906, limit is:60The moving distance of Y is:19.587341, limit is:60
11-28 13:15:40.022 24403 24403 I Poster  :  onPause() called.
11-28 13:15:40.146 24403 24403 I Camera  : close camera: 0, package name: symlab.cloudridar.arhud
11-28 13:15:40.146 24403 24403 I BackgroundPermManager: pkgName: symlab.cloudridar.arhud,pid: 24403 ,uidOf3RdApk: 10147 ,permType: 0 ,permCfg: 0
11-28 13:15:40.149 24403 24403 I HwCameraUtil: notifySurfaceFlingerCameraStatus : isFront = false , isOpend = false
11-28 13:15:40.197 24403 24403 D ZrHung.AppEyeUiProbe: stop checker.
11-28 13:15:40.231 24403 24403 I Poster  :  surfaceDestroyed() called.
11-28 13:15:40.232 24403 24403 D ViewRootImpl[MainActivity]: surface should not be released
11-28 13:15:40.232 24403 24403 I Poster  :  onStop() called.
11-28 13:15:40.258 24403 24459 W libEGL  : EGLNativeWindowType 0xf07f0008 disconnect failed
11-28 13:15:40.268 24403 24432 D ZrHung.AppEyeUiProbe: Current Activity:false
11-28 13:15:40.268 24403 24432 D ZrHung.AppEyeUiProbe: not watching, wait.
11-28 13:15:41.200 24403 24403 I Poster  :  onDestroy() called.
11-28 13:15:41.200 24403 24403 D ActivityThread: Remove activity client record, r= ActivityRecord{db8bbd token=android.os.BinderProxy@c62e47c {symlab.cloudridar.arhud/symlab.ARHUD.MainActivity}} token= android.os.BinderProxy@c62e47c
11-28 13:15:41.201 24403 24403 E BpSurfaceComposerClient: Failed to transact (-1)
11-28 13:15:41.201 24403 24403 E BpSurfaceComposerClient: Failed to transact (-1)
