--------- beginning of main
11-28 14:10:08.654 11028 11028 I loudridar.arhu: Late-enabling -Xcheck:jni
11-28 14:10:08.677 11028 11028 I loudridar.arhu: Reinit property: dalvik.vm.checkjni= false
11-28 14:10:08.709 11028 11028 D ZrHung.AppEyeUiProbe: AppEyeUIP created.
11-28 14:10:08.707 11028 11028 W re-initialized>: type=1400 audit(0.0:41898): avc: denied { read } for name="u:object_r:mmi_prop:s0" dev="tmpfs" ino=16663 scontext=u:r:untrusted_app:s0:c150,c256,c512,c768 tcontext=u:object_r:mmi_prop:s0 tclass=file permissive=0
11-28 14:10:08.711 11028 11028 E libc    : Access denied finding property "runtime.mmitest.isrunning"
--------- beginning of system
11-28 14:10:08.712 11028 11028 D ActivityThread: Attach thread to application
11-28 14:10:08.786 11028 11050 I HwApiCacheMangerEx: apicache path=/storage/emulated/0 state=mounted key=symlab.cloudridar.arhud#10150#256
11-28 14:10:08.787 11028 11050 I HwApiCacheMangerEx: apicache path=/storage/emulated/0 state=mounted key=symlab.cloudridar.arhud#10150#0
11-28 14:10:08.853 11028 11028 I loudridar.arhu: QarthPatchMonintor::Init
11-28 14:10:08.853 11028 11028 I loudridar.arhu: 
11-28 14:10:08.853 11028 11028 I loudridar.arhu: QarthPatchMonintor::StartWatch
11-28 14:10:08.853 11028 11028 I loudridar.arhu: 
11-28 14:10:08.853 11028 11028 I loudridar.arhu: QarthPatchMonintor::WatchPackage: /data/hotpatch/fwkhotpatch/
11-28 14:10:08.853 11028 11028 I loudridar.arhu: 
11-28 14:10:08.853 11028 11028 I loudridar.arhu: QarthPatchMonintor::CheckAndWatchPatch: /data/hotpatch/fwkhotpatch/symlab.cloudridar.arhud
11-28 14:10:08.853 11028 11028 I loudridar.arhu: 
11-28 14:10:08.853 11028 11028 I loudridar.arhu: QarthPatchMonintor::CheckAndWatchPatch: /data/hotpatch/fwkhotpatch/all
11-28 14:10:08.853 11028 11028 I loudridar.arhu: 
11-28 14:10:08.853 11028 11028 I loudridar.arhu: QarthPatchMonintor::Run
11-28 14:10:08.853 11028 11028 I loudridar.arhu: 
11-28 14:10:08.853 11028 11057 I loudridar.arhu: QarthPatchMonintor::Reading
11-28 14:10:08.853 11028 11057 I loudridar.arhu: 
11-28 14:10:08.854 11028 11057 I loudridar.arhu: QarthPatchMonintor::CheckNotifyEvent
11-28 14:10:08.854 11028 11057 I loudridar.arhu: 
11-28 14:10:08.854 11028 11057 I loudridar.arhu: QarthPatchMonintor::CheckNotifyEvent before read
11-28 14:10:08.854 11028 11057 I loudridar.arhu: 
11-28 14:10:08.857 11028 11028 I MultiDex: VM with version 2.1.0 has multidex support
11-28 14:10:08.857 11028 11028 I MultiDex: Installing application
11-28 14:10:08.857 11028 11028 I MultiDex: VM has multidex support, MultiDex support library is disabled.
11-28 14:10:08.859 11028 11050 I AwareBitmapCacher: init processName:symlab.cloudridar.arhud pid=11028 uid=10150
11-28 14:10:08.862 11028 11028 I FirebaseInitProvider: FirebaseApp initialization unsuccessful
11-28 14:10:08.862 11028 11059 E AwareLog: AtomicFileUtils: readFileLines file not exist: android.util.AtomicFile@35dc513
11-28 14:10:08.863 11028 11059 E AwareLog: AtomicFileUtils: readFileLines file not exist: android.util.AtomicFile@aae350
11-28 14:10:08.869 11028 11028 D ZrHung.AppEyeUiProbe: notify runnable to start.
11-28 14:10:08.870 11028 11064 D ZrHung.AppEyeUiProbe: Runnable thread started.
11-28 14:10:08.870 11028 11064 D IMonitor: Load library imonitor_jni
11-28 14:10:08.874 11028 11064 E         : [ZeroHung]zrhung_get_config: Get config failed for wp[0x0102]
11-28 14:10:08.874 11028 11064 W ZrHung.AppEyeUiProbe: Failed to get config from zrhung
11-28 14:10:08.879 11028 11028 I MultiDex: Installing application
11-28 14:10:08.879 11028 11028 I MultiDex: VM has multidex support, MultiDex support library is disabled.
11-28 14:10:08.883 11062 11062 W logcat  : type=1400 audit(0.0:41899): avc: granted { create } for name="logcat_1574943008864.txt" scontext=u:r:untrusted_app:s0:c150,c256,c512,c768 tcontext=u:object_r:sdcardfs:s0:c150,c256,c512,c768 tclass=file
11-28 14:10:08.887 11028 11028 V ActivityThread: callActivityOnCreate
11-28 14:10:08.887 11028 11028 I Poster  :  onCreate() called.
11-28 14:10:08.890 11028 11028 I HwApsImpl: APS: new HwApsImpl created
11-28 14:10:08.896 11028 11028 V HwWidgetFactory: : successes to get AllImpl object and return....
11-28 14:10:08.904 11028 11028 D OpenGLRenderer: Skia GL Pipeline
11-28 14:10:08.924 11028 11028 D Poster  : Server details are IP 193.166.28.132 and port 52727
11-28 14:10:08.928 11028 11028 D Poster  : Server bound to IP 193.166.28.132 and port 52727
11-28 14:10:08.933 11028 11073 W System.err: java.net.SocketException: Network is unreachable
11-28 14:10:08.933 11028 11073 W System.err: 	at sun.nio.ch.DatagramChannelImpl.send0(Native Method)
11-28 14:10:08.933 11028 11073 W System.err: 	at sun.nio.ch.DatagramChannelImpl.sendFromNativeBuffer(DatagramChannelImpl.java:573)
11-28 14:10:08.933 11028 11073 W System.err: 	at sun.nio.ch.DatagramChannelImpl.send(DatagramChannelImpl.java:550)
11-28 14:10:08.933 11028 11073 W System.err: 	at sun.nio.ch.DatagramChannelImpl.send(DatagramChannelImpl.java:514)
11-28 14:10:08.933 11028 11073 W System.err: 	at symlab.CloudAR.network.TransmissionTask.run(TransmissionTask.java:138)
11-28 14:10:08.933 11028 11073 W System.err: 	at android.os.Handler.handleCallback(Handler.java:907)
11-28 14:10:08.933 11028 11073 W System.err: 	at android.os.Handler.dispatchMessage(Handler.java:105)
11-28 14:10:08.933 11028 11073 W System.err: 	at android.os.Looper.loop(Looper.java:216)
11-28 14:10:08.933 11028 11073 W System.err: 	at android.os.HandlerThread.run(HandlerThread.java:65)
11-28 14:10:08.933 11028 11028 D ActivityThread: add activity client record, r= ActivityRecord{33c45b2 token=android.os.BinderProxy@c62e47c {symlab.cloudridar.arhud/symlab.ARHUD.MainActivity}} token= android.os.BinderProxy@c62e47c
11-28 14:10:08.936 11028 11028 I Poster  :  onStart() called.
11-28 14:10:08.936 11028 11028 D ZrHung.AppEyeUiProbe: notify runnable to start.
11-28 14:10:08.938 11028 11028 I Poster  :  onResume() called.
11-28 14:10:08.942 11028 11028 I PermissionManager: camera remind result:true
11-28 14:10:08.942 11028 11028 I Camera  : open camera: 0, package name: symlab.cloudridar.arhud
11-28 14:10:08.942 11028 11028 I BackgroundPermManager: pkgName: symlab.cloudridar.arhud,pid: 11028 ,uidOf3RdApk: 10150 ,permType: 0 ,permCfg: 1
11-28 14:10:08.943 11028 11028 I HwCameraUtil: notifySurfaceFlingerCameraStatus : isFront = false , isOpend = true
11-28 14:10:08.952 11028 11028 D ActivityThread: isOptEnabled=false isWechatScanOpt=false
11-28 14:10:08.954 11028 11028 I HwSecImmHelper: mSecurityInputMethodService is null
11-28 14:10:08.960 11028 11028 D OpenGLRenderer:   HWUI Binary is  enabled
11-28 14:10:08.973 11028 11093 D HiTouch_PressGestureDetector: onAttached, package=symlab.cloudridar.arhud, windowType=1, mHiTouchRestricted=false
11-28 14:10:08.983 11028 11091 I ConfigStore: android::hardware::configstore::V1_0::ISurfaceFlingerConfigs::hasWideColorDisplay retrieved: 0
11-28 14:10:08.984 11028 11091 I ConfigStore: android::hardware::configstore::V1_0::ISurfaceFlingerConfigs::hasHDRDisplay retrieved: 0
11-28 14:10:08.984 11028 11091 I iGraphics: [0020080c] pn: symlab.cloudridar.arhud, p: 11028
11-28 14:10:08.984 11028 11091 I OpenGLRenderer: Initialized EGL, version 1.4, mEglDisplay 0x1
11-28 14:10:08.984 11028 11091 D OpenGLRenderer: Swap behavior 2
11-28 14:10:08.992 11028 11091 D mali_winsys: EGLint new_window_surface(egl_winsys_display *, void *, EGLSurface, EGLConfig, egl_winsys_surface **, EGLBoolean) returns 0x3000
11-28 14:10:09.001 11028 11028 I Poster  :  surfaceCreated() called.
11-28 14:10:09.001 11028 11028 I Poster  : initPreview() called
11-28 14:10:09.002 11028 11040 E         : [ZeroHung]zrhung_get_config: Get config failed for wp[0x0008]
11-28 14:10:09.006 11028 11028 I PermissionManager: camera remind result:true
11-28 14:10:09.011 11028 11028 I Poster  :  surfaceChanged() called.
11-28 14:10:09.027 11028 11028 W InputMethodManager: startInputReason = 1
11-28 14:10:09.039 11028 11028 W InputMethodManager: startInputReason = 5
11-28 14:10:09.172 11028 11028 D Poster  : At 1574943009172 location is 65.05825219978843 (latitude), and 25.47039290641232 (longitude)
11-28 14:10:09.175 11028 11028 D Poster  : Connected to mobile network 13
11-28 14:10:09.303 11028 11073 W System.err: java.net.SocketException: Network is unreachable
11-28 14:10:09.303 11028 11073 W System.err: 	at sun.nio.ch.DatagramChannelImpl.send0(Native Method)
11-28 14:10:09.303 11028 11073 W System.err: 	at sun.nio.ch.DatagramChannelImpl.sendFromNativeBuffer(DatagramChannelImpl.java:573)
11-28 14:10:09.303 11028 11073 W System.err: 	at sun.nio.ch.DatagramChannelImpl.send(DatagramChannelImpl.java:550)
11-28 14:10:09.304 11028 11073 W System.err: 	at sun.nio.ch.DatagramChannelImpl.send(DatagramChannelImpl.java:514)
11-28 14:10:09.304 11028 11073 W System.err: 	at symlab.CloudAR.network.TransmissionTask.run(TransmissionTask.java:138)
11-28 14:10:09.304 11028 11073 W System.err: 	at android.os.Handler.handleCallback(Handler.java:907)
11-28 14:10:09.304 11028 11073 W System.err: 	at android.os.Handler.dispatchMessage(Handler.java:105)
11-28 14:10:09.304 11028 11073 W System.err: 	at android.os.Looper.loop(Looper.java:216)
11-28 14:10:09.304 11028 11073 W System.err: 	at android.os.HandlerThread.run(HandlerThread.java:65)
11-28 14:10:09.335 11028 11073 W System.err: java.net.SocketException: Network is unreachable
11-28 14:10:09.335 11028 11073 W System.err: 	at sun.nio.ch.DatagramChannelImpl.send0(Native Method)
11-28 14:10:09.335 11028 11073 W System.err: 	at sun.nio.ch.DatagramChannelImpl.sendFromNativeBuffer(DatagramChannelImpl.java:573)
11-28 14:10:09.335 11028 11073 W System.err: 	at sun.nio.ch.DatagramChannelImpl.send(DatagramChannelImpl.java:550)
11-28 14:10:09.335 11028 11073 W System.err: 	at sun.nio.ch.DatagramChannelImpl.send(DatagramChannelImpl.java:514)
11-28 14:10:09.335 11028 11073 W System.err: 	at symlab.CloudAR.network.TransmissionTask.run(TransmissionTask.java:138)
11-28 14:10:09.335 11028 11073 W System.err: 	at android.os.Handler.handleCallback(Handler.java:907)
11-28 14:10:09.335 11028 11073 W System.err: 	at android.os.Handler.dispatchMessage(Handler.java:105)
11-28 14:10:09.335 11028 11073 W System.err: 	at android.os.Looper.loop(Looper.java:216)
11-28 14:10:09.335 11028 11073 W System.err: 	at android.os.HandlerThread.run(HandlerThread.java:65)
11-28 14:10:09.371 11028 11073 W System.err: java.net.SocketException: Network is unreachable
11-28 14:10:09.371 11028 11073 W System.err: 	at sun.nio.ch.DatagramChannelImpl.send0(Native Method)
11-28 14:10:09.371 11028 11073 W System.err: 	at sun.nio.ch.DatagramChannelImpl.sendFromNativeBuffer(DatagramChannelImpl.java:573)
11-28 14:10:09.371 11028 11073 W System.err: 	at sun.nio.ch.DatagramChannelImpl.send(DatagramChannelImpl.java:550)
11-28 14:10:09.371 11028 11073 W System.err: 	at sun.nio.ch.DatagramChannelImpl.send(DatagramChannelImpl.java:514)
11-28 14:10:09.371 11028 11073 W System.err: 	at symlab.CloudAR.network.TransmissionTask.run(TransmissionTask.java:138)
11-28 14:10:09.371 11028 11073 W System.err: 	at android.os.Handler.handleCallback(Handler.java:907)
11-28 14:10:09.371 11028 11073 W System.err: 	at android.os.Handler.dispatchMessage(Handler.java:105)
11-28 14:10:09.371 11028 11073 W System.err: 	at android.os.Looper.loop(Looper.java:216)
11-28 14:10:09.371 11028 11073 W System.err: 	at android.os.HandlerThread.run(HandlerThread.java:65)
11-28 14:10:09.406 11028 11073 W System.err: java.net.SocketException: Network is unreachable
11-28 14:10:09.406 11028 11073 W System.err: 	at sun.nio.ch.DatagramChannelImpl.send0(Native Method)
11-28 14:10:09.406 11028 11073 W System.err: 	at sun.nio.ch.DatagramChannelImpl.sendFromNativeBuffer(DatagramChannelImpl.java:573)
11-28 14:10:09.406 11028 11073 W System.err: 	at sun.nio.ch.DatagramChannelImpl.send(DatagramChannelImpl.java:550)
11-28 14:10:09.406 11028 11073 W System.err: 	at sun.nio.ch.DatagramChannelImpl.send(DatagramChannelImpl.java:514)
11-28 14:10:09.406 11028 11073 W System.err: 	at symlab.CloudAR.network.TransmissionTask.run(TransmissionTask.java:138)
11-28 14:10:09.406 11028 11073 W System.err: 	at android.os.Handler.handleCallback(Handler.java:907)
11-28 14:10:09.406 11028 11073 W System.err: 	at android.os.Handler.dispatchMessage(Handler.java:105)
11-28 14:10:09.406 11028 11073 W System.err: 	at android.os.Looper.loop(Looper.java:216)
11-28 14:10:09.406 11028 11073 W System.err: 	at android.os.HandlerThread.run(HandlerThread.java:65)
11-28 14:10:09.439 11028 11073 W System.err: java.net.SocketException: Network is unreachable
11-28 14:10:09.439 11028 11073 W System.err: 	at sun.nio.ch.DatagramChannelImpl.send0(Native Method)
11-28 14:10:09.439 11028 11073 W System.err: 	at sun.nio.ch.DatagramChannelImpl.sendFromNativeBuffer(DatagramChannelImpl.java:573)
11-28 14:10:09.439 11028 11073 W System.err: 	at sun.nio.ch.DatagramChannelImpl.send(DatagramChannelImpl.java:550)
11-28 14:10:09.439 11028 11073 W System.err: 	at sun.nio.ch.DatagramChannelImpl.send(DatagramChannelImpl.java:514)
11-28 14:10:09.439 11028 11073 W System.err: 	at symlab.CloudAR.network.TransmissionTask.run(TransmissionTask.java:138)
11-28 14:10:09.439 11028 11073 W System.err: 	at android.os.Handler.handleCallback(Handler.java:907)
11-28 14:10:09.439 11028 11073 W System.err: 	at android.os.Handler.dispatchMessage(Handler.java:105)
11-28 14:10:09.439 11028 11073 W System.err: 	at android.os.Looper.loop(Looper.java:216)
11-28 14:10:09.439 11028 11073 W System.err: 	at android.os.HandlerThread.run(HandlerThread.java:65)
11-28 14:10:09.489 11028 11073 W System.err: java.net.SocketException: Network is unreachable
11-28 14:10:09.489 11028 11073 W System.err: 	at sun.nio.ch.DatagramChannelImpl.send0(Native Method)
11-28 14:10:09.489 11028 11073 W System.err: 	at sun.nio.ch.DatagramChannelImpl.sendFromNativeBuffer(DatagramChannelImpl.java:573)
11-28 14:10:09.489 11028 11073 W System.err: 	at sun.nio.ch.DatagramChannelImpl.send(DatagramChannelImpl.java:550)
11-28 14:10:09.489 11028 11073 W System.err: 	at sun.nio.ch.DatagramChannelImpl.send(DatagramChannelImpl.java:514)
11-28 14:10:09.489 11028 11073 W System.err: 	at symlab.CloudAR.network.TransmissionTask.run(TransmissionTask.java:138)
11-28 14:10:09.489 11028 11073 W System.err: 	at android.os.Handler.handleCallback(Handler.java:907)
11-28 14:10:09.490 11028 11073 W System.err: 	at android.os.Handler.dispatchMessage(Handler.java:105)
11-28 14:10:09.490 11028 11073 W System.err: 	at android.os.Looper.loop(Looper.java:216)
11-28 14:10:09.490 11028 11073 W System.err: 	at android.os.HandlerThread.run(HandlerThread.java:65)
11-28 14:10:09.517 11028 11073 W System.err: java.net.SocketException: Network is unreachable
11-28 14:10:09.517 11028 11073 W System.err: 	at sun.nio.ch.DatagramChannelImpl.send0(Native Method)
11-28 14:10:09.517 11028 11073 W System.err: 	at sun.nio.ch.DatagramChannelImpl.sendFromNativeBuffer(DatagramChannelImpl.java:573)
11-28 14:10:09.517 11028 11073 W System.err: 	at sun.nio.ch.DatagramChannelImpl.send(DatagramChannelImpl.java:550)
11-28 14:10:09.517 11028 11073 W System.err: 	at sun.nio.ch.DatagramChannelImpl.send(DatagramChannelImpl.java:514)
11-28 14:10:09.517 11028 11073 W System.err: 	at symlab.CloudAR.network.TransmissionTask.run(TransmissionTask.java:138)
11-28 14:10:09.517 11028 11073 W System.err: 	at android.os.Handler.handleCallback(Handler.java:907)
11-28 14:10:09.517 11028 11073 W System.err: 	at android.os.Handler.dispatchMessage(Handler.java:105)
11-28 14:10:09.517 11028 11073 W System.err: 	at android.os.Looper.loop(Looper.java:216)
11-28 14:10:09.517 11028 11073 W System.err: 	at android.os.HandlerThread.run(HandlerThread.java:65)
11-28 14:10:09.553 11028 11073 W System.err: java.net.SocketException: Network is unreachable
11-28 14:10:09.553 11028 11073 W System.err: 	at sun.nio.ch.DatagramChannelImpl.send0(Native Method)
11-28 14:10:09.553 11028 11073 W System.err: 	at sun.nio.ch.DatagramChannelImpl.sendFromNativeBuffer(DatagramChannelImpl.java:573)
11-28 14:10:09.553 11028 11073 W System.err: 	at sun.nio.ch.DatagramChannelImpl.send(DatagramChannelImpl.java:550)
11-28 14:10:09.553 11028 11073 W System.err: 	at sun.nio.ch.DatagramChannelImpl.send(DatagramChannelImpl.java:514)
11-28 14:10:09.553 11028 11073 W System.err: 	at symlab.CloudAR.network.TransmissionTask.run(TransmissionTask.java:138)
11-28 14:10:09.553 11028 11073 W System.err: 	at android.os.Handler.handleCallback(Handler.java:907)
11-28 14:10:09.553 11028 11073 W System.err: 	at android.os.Handler.dispatchMessage(Handler.java:105)
11-28 14:10:09.553 11028 11073 W System.err: 	at android.os.Looper.loop(Looper.java:216)
11-28 14:10:09.553 11028 11073 W System.err: 	at android.os.HandlerThread.run(HandlerThread.java:65)
11-28 14:10:09.586 11028 11073 W System.err: java.net.SocketException: Network is unreachable
11-28 14:10:09.586 11028 11073 W System.err: 	at sun.nio.ch.DatagramChannelImpl.send0(Native Method)
11-28 14:10:09.586 11028 11073 W System.err: 	at sun.nio.ch.DatagramChannelImpl.sendFromNativeBuffer(DatagramChannelImpl.java:573)
11-28 14:10:09.586 11028 11073 W System.err: 	at sun.nio.ch.DatagramChannelImpl.send(DatagramChannelImpl.java:550)
11-28 14:10:09.586 11028 11073 W System.err: 	at sun.nio.ch.DatagramChannelImpl.send(DatagramChannelImpl.java:514)
11-28 14:10:09.586 11028 11073 W System.err: 	at symlab.CloudAR.network.TransmissionTask.run(TransmissionTask.java:138)
11-28 14:10:09.586 11028 11073 W System.err: 	at android.os.Handler.handleCallback(Handler.java:907)
11-28 14:10:09.586 11028 11073 W System.err: 	at android.os.Handler.dispatchMessage(Handler.java:105)
11-28 14:10:09.586 11028 11073 W System.err: 	at android.os.Looper.loop(Looper.java:216)
11-28 14:10:09.586 11028 11073 W System.err: 	at android.os.HandlerThread.run(HandlerThread.java:65)
11-28 14:10:09.622 11028 11073 W System.err: java.net.SocketException: Network is unreachable
11-28 14:10:09.622 11028 11073 W System.err: 	at sun.nio.ch.DatagramChannelImpl.send0(Native Method)
11-28 14:10:09.622 11028 11073 W System.err: 	at sun.nio.ch.DatagramChannelImpl.sendFromNativeBuffer(DatagramChannelImpl.java:573)
11-28 14:10:09.622 11028 11073 W System.err: 	at sun.nio.ch.DatagramChannelImpl.send(DatagramChannelImpl.java:550)
11-28 14:10:09.623 11028 11073 W System.err: 	at sun.nio.ch.DatagramChannelImpl.send(DatagramChannelImpl.java:514)
11-28 14:10:09.623 11028 11073 W System.err: 	at symlab.CloudAR.network.TransmissionTask.run(TransmissionTask.java:138)
11-28 14:10:09.623 11028 11073 W System.err: 	at android.os.Handler.handleCallback(Handler.java:907)
11-28 14:10:09.623 11028 11073 W System.err: 	at android.os.Handler.dispatchMessage(Handler.java:105)
11-28 14:10:09.623 11028 11073 W System.err: 	at android.os.Looper.loop(Looper.java:216)
11-28 14:10:09.623 11028 11073 W System.err: 	at android.os.HandlerThread.run(HandlerThread.java:65)
11-28 14:10:09.654 11028 11073 W System.err: java.net.SocketException: Network is unreachable
11-28 14:10:09.654 11028 11073 W System.err: 	at sun.nio.ch.DatagramChannelImpl.send0(Native Method)
11-28 14:10:09.654 11028 11073 W System.err: 	at sun.nio.ch.DatagramChannelImpl.sendFromNativeBuffer(DatagramChannelImpl.java:573)
11-28 14:10:09.654 11028 11073 W System.err: 	at sun.nio.ch.DatagramChannelImpl.send(DatagramChannelImpl.java:550)
11-28 14:10:09.654 11028 11073 W System.err: 	at sun.nio.ch.DatagramChannelImpl.send(DatagramChannelImpl.java:514)
11-28 14:10:09.654 11028 11073 W System.err: 	at symlab.CloudAR.network.TransmissionTask.run(TransmissionTask.java:138)
11-28 14:10:09.654 11028 11073 W System.err: 	at android.os.Handler.handleCallback(Handler.java:907)
11-28 14:10:09.654 11028 11073 W System.err: 	at android.os.Handler.dispatchMessage(Handler.java:105)
11-28 14:10:09.654 11028 11073 W System.err: 	at android.os.Looper.loop(Looper.java:216)
11-28 14:10:09.654 11028 11073 W System.err: 	at android.os.HandlerThread.run(HandlerThread.java:65)
11-28 14:10:09.687 11028 11073 W System.err: java.net.SocketException: Network is unreachable
11-28 14:10:09.688 11028 11073 W System.err: 	at sun.nio.ch.DatagramChannelImpl.send0(Native Method)
11-28 14:10:09.688 11028 11073 W System.err: 	at sun.nio.ch.DatagramChannelImpl.sendFromNativeBuffer(DatagramChannelImpl.java:573)
11-28 14:10:09.688 11028 11073 W System.err: 	at sun.nio.ch.DatagramChannelImpl.send(DatagramChannelImpl.java:550)
11-28 14:10:09.688 11028 11073 W System.err: 	at sun.nio.ch.DatagramChannelImpl.send(DatagramChannelImpl.java:514)
11-28 14:10:09.688 11028 11073 W System.err: 	at symlab.CloudAR.network.TransmissionTask.run(TransmissionTask.java:138)
11-28 14:10:09.688 11028 11073 W System.err: 	at android.os.Handler.handleCallback(Handler.java:907)
11-28 14:10:09.688 11028 11073 W System.err: 	at android.os.Handler.dispatchMessage(Handler.java:105)
11-28 14:10:09.688 11028 11073 W System.err: 	at android.os.Looper.loop(Looper.java:216)
11-28 14:10:09.688 11028 11073 W System.err: 	at android.os.HandlerThread.run(HandlerThread.java:65)
11-28 14:10:09.719 11028 11073 W System.err: java.net.SocketException: Network is unreachable
11-28 14:10:09.719 11028 11073 W System.err: 	at sun.nio.ch.DatagramChannelImpl.send0(Native Method)
11-28 14:10:09.719 11028 11073 W System.err: 	at sun.nio.ch.DatagramChannelImpl.sendFromNativeBuffer(DatagramChannelImpl.java:573)
11-28 14:10:09.719 11028 11073 W System.err: 	at sun.nio.ch.DatagramChannelImpl.send(DatagramChannelImpl.java:550)
11-28 14:10:09.719 11028 11073 W System.err: 	at sun.nio.ch.DatagramChannelImpl.send(DatagramChannelImpl.java:514)
11-28 14:10:09.719 11028 11073 W System.err: 	at symlab.CloudAR.network.TransmissionTask.run(TransmissionTask.java:138)
11-28 14:10:09.719 11028 11073 W System.err: 	at android.os.Handler.handleCallback(Handler.java:907)
11-28 14:10:09.719 11028 11073 W System.err: 	at android.os.Handler.dispatchMessage(Handler.java:105)
11-28 14:10:09.719 11028 11073 W System.err: 	at android.os.Looper.loop(Looper.java:216)
11-28 14:10:09.719 11028 11073 W System.err: 	at android.os.HandlerThread.run(HandlerThread.java:65)
11-28 14:10:09.752 11028 11073 W System.err: java.net.SocketException: Network is unreachable
11-28 14:10:09.752 11028 11073 W System.err: 	at sun.nio.ch.DatagramChannelImpl.send0(Native Method)
11-28 14:10:09.752 11028 11073 W System.err: 	at sun.nio.ch.DatagramChannelImpl.sendFromNativeBuffer(DatagramChannelImpl.java:573)
11-28 14:10:09.752 11028 11073 W System.err: 	at sun.nio.ch.DatagramChannelImpl.send(DatagramChannelImpl.java:550)
11-28 14:10:09.752 11028 11073 W System.err: 	at sun.nio.ch.DatagramChannelImpl.send(DatagramChannelImpl.java:514)
11-28 14:10:09.752 11028 11073 W System.err: 	at symlab.CloudAR.network.TransmissionTask.run(TransmissionTask.java:138)
11-28 14:10:09.752 11028 11073 W System.err: 	at android.os.Handler.handleCallback(Handler.java:907)
11-28 14:10:09.752 11028 11073 W System.err: 	at android.os.Handler.dispatchMessage(Handler.java:105)
11-28 14:10:09.752 11028 11073 W System.err: 	at android.os.Looper.loop(Looper.java:216)
11-28 14:10:09.752 11028 11073 W System.err: 	at android.os.HandlerThread.run(HandlerThread.java:65)
11-28 14:10:09.785 11028 11073 W System.err: java.net.SocketException: Network is unreachable
11-28 14:10:09.785 11028 11073 W System.err: 	at sun.nio.ch.DatagramChannelImpl.send0(Native Method)
11-28 14:10:09.785 11028 11073 W System.err: 	at sun.nio.ch.DatagramChannelImpl.sendFromNativeBuffer(DatagramChannelImpl.java:573)
11-28 14:10:09.786 11028 11073 W System.err: 	at sun.nio.ch.DatagramChannelImpl.send(DatagramChannelImpl.java:550)
11-28 14:10:09.786 11028 11073 W System.err: 	at sun.nio.ch.DatagramChannelImpl.send(DatagramChannelImpl.java:514)
11-28 14:10:09.786 11028 11073 W System.err: 	at symlab.CloudAR.network.TransmissionTask.run(TransmissionTask.java:138)
11-28 14:10:09.786 11028 11073 W System.err: 	at android.os.Handler.handleCallback(Handler.java:907)
11-28 14:10:09.786 11028 11073 W System.err: 	at android.os.Handler.dispatchMessage(Handler.java:105)
11-28 14:10:09.786 11028 11073 W System.err: 	at android.os.Looper.loop(Looper.java:216)
11-28 14:10:09.786 11028 11073 W System.err: 	at android.os.HandlerThread.run(HandlerThread.java:65)
11-28 14:10:09.818 11028 11073 W System.err: java.net.SocketException: Network is unreachable
11-28 14:10:09.819 11028 11073 W System.err: 	at sun.nio.ch.DatagramChannelImpl.send0(Native Method)
11-28 14:10:09.819 11028 11073 W System.err: 	at sun.nio.ch.DatagramChannelImpl.sendFromNativeBuffer(DatagramChannelImpl.java:573)
11-28 14:10:09.819 11028 11073 W System.err: 	at sun.nio.ch.DatagramChannelImpl.send(DatagramChannelImpl.java:550)
11-28 14:10:09.819 11028 11073 W System.err: 	at sun.nio.ch.DatagramChannelImpl.send(DatagramChannelImpl.java:514)
11-28 14:10:09.819 11028 11073 W System.err: 	at symlab.CloudAR.network.TransmissionTask.run(TransmissionTask.java:138)
11-28 14:10:09.819 11028 11073 W System.err: 	at android.os.Handler.handleCallback(Handler.java:907)
11-28 14:10:09.819 11028 11073 W System.err: 	at android.os.Handler.dispatchMessage(Handler.java:105)
11-28 14:10:09.819 11028 11073 W System.err: 	at android.os.Looper.loop(Looper.java:216)
11-28 14:10:09.819 11028 11073 W System.err: 	at android.os.HandlerThread.run(HandlerThread.java:65)
11-28 14:10:09.851 11028 11073 W System.err: java.net.SocketException: Network is unreachable
11-28 14:10:09.852 11028 11073 W System.err: 	at sun.nio.ch.DatagramChannelImpl.send0(Native Method)
11-28 14:10:09.852 11028 11073 W System.err: 	at sun.nio.ch.DatagramChannelImpl.sendFromNativeBuffer(DatagramChannelImpl.java:573)
11-28 14:10:09.852 11028 11073 W System.err: 	at sun.nio.ch.DatagramChannelImpl.send(DatagramChannelImpl.java:550)
11-28 14:10:09.852 11028 11073 W System.err: 	at sun.nio.ch.DatagramChannelImpl.send(DatagramChannelImpl.java:514)
11-28 14:10:09.852 11028 11073 W System.err: 	at symlab.CloudAR.network.TransmissionTask.run(TransmissionTask.java:138)
11-28 14:10:09.852 11028 11073 W System.err: 	at android.os.Handler.handleCallback(Handler.java:907)
11-28 14:10:09.852 11028 11073 W System.err: 	at android.os.Handler.dispatchMessage(Handler.java:105)
11-28 14:10:09.852 11028 11073 W System.err: 	at android.os.Looper.loop(Looper.java:216)
11-28 14:10:09.852 11028 11073 W System.err: 	at android.os.HandlerThread.run(HandlerThread.java:65)
11-28 14:10:09.889 11028 11073 W System.err: java.net.SocketException: Network is unreachable
11-28 14:10:09.889 11028 11073 W System.err: 	at sun.nio.ch.DatagramChannelImpl.send0(Native Method)
11-28 14:10:09.890 11028 11073 W System.err: 	at sun.nio.ch.DatagramChannelImpl.sendFromNativeBuffer(DatagramChannelImpl.java:573)
11-28 14:10:09.890 11028 11073 W System.err: 	at sun.nio.ch.DatagramChannelImpl.send(DatagramChannelImpl.java:550)
11-28 14:10:09.890 11028 11073 W System.err: 	at sun.nio.ch.DatagramChannelImpl.send(DatagramChannelImpl.java:514)
11-28 14:10:09.890 11028 11073 W System.err: 	at symlab.CloudAR.network.TransmissionTask.run(TransmissionTask.java:138)
11-28 14:10:09.890 11028 11073 W System.err: 	at android.os.Handler.handleCallback(Handler.java:907)
11-28 14:10:09.890 11028 11073 W System.err: 	at android.os.Handler.dispatchMessage(Handler.java:105)
11-28 14:10:09.890 11028 11073 W System.err: 	at android.os.Looper.loop(Looper.java:216)
11-28 14:10:09.890 11028 11073 W System.err: 	at android.os.HandlerThread.run(HandlerThread.java:65)
11-28 14:10:09.919 11028 11073 W System.err: java.net.SocketException: Network is unreachable
11-28 14:10:09.919 11028 11073 W System.err: 	at sun.nio.ch.DatagramChannelImpl.send0(Native Method)
11-28 14:10:09.919 11028 11073 W System.err: 	at sun.nio.ch.DatagramChannelImpl.sendFromNativeBuffer(DatagramChannelImpl.java:573)
11-28 14:10:09.919 11028 11073 W System.err: 	at sun.nio.ch.DatagramChannelImpl.send(DatagramChannelImpl.java:550)
11-28 14:10:09.919 11028 11073 W System.err: 	at sun.nio.ch.DatagramChannelImpl.send(DatagramChannelImpl.java:514)
11-28 14:10:09.919 11028 11073 W System.err: 	at symlab.CloudAR.network.TransmissionTask.run(TransmissionTask.java:138)
11-28 14:10:09.919 11028 11073 W System.err: 	at android.os.Handler.handleCallback(Handler.java:907)
11-28 14:10:09.919 11028 11073 W System.err: 	at android.os.Handler.dispatchMessage(Handler.java:105)
11-28 14:10:09.919 11028 11073 W System.err: 	at android.os.Looper.loop(Looper.java:216)
11-28 14:10:09.919 11028 11073 W System.err: 	at android.os.HandlerThread.run(HandlerThread.java:65)
11-28 14:10:09.953 11028 11073 W System.err: java.net.SocketException: Network is unreachable
11-28 14:10:09.953 11028 11073 W System.err: 	at sun.nio.ch.DatagramChannelImpl.send0(Native Method)
11-28 14:10:09.953 11028 11073 W System.err: 	at sun.nio.ch.DatagramChannelImpl.sendFromNativeBuffer(DatagramChannelImpl.java:573)
11-28 14:10:09.953 11028 11073 W System.err: 	at sun.nio.ch.DatagramChannelImpl.send(DatagramChannelImpl.java:550)
11-28 14:10:09.953 11028 11073 W System.err: 	at sun.nio.ch.DatagramChannelImpl.send(DatagramChannelImpl.java:514)
11-28 14:10:09.953 11028 11073 W System.err: 	at symlab.CloudAR.network.TransmissionTask.run(TransmissionTask.java:138)
11-28 14:10:09.953 11028 11073 W System.err: 	at android.os.Handler.handleCallback(Handler.java:907)
11-28 14:10:09.953 11028 11073 W System.err: 	at android.os.Handler.dispatchMessage(Handler.java:105)
11-28 14:10:09.953 11028 11073 W System.err: 	at android.os.Looper.loop(Looper.java:216)
11-28 14:10:09.953 11028 11073 W System.err: 	at android.os.HandlerThread.run(HandlerThread.java:65)
11-28 14:10:09.989 11028 11073 W System.err: java.net.SocketException: Network is unreachable
11-28 14:10:09.989 11028 11073 W System.err: 	at sun.nio.ch.DatagramChannelImpl.send0(Native Method)
11-28 14:10:09.989 11028 11073 W System.err: 	at sun.nio.ch.DatagramChannelImpl.sendFromNativeBuffer(DatagramChannelImpl.java:573)
11-28 14:10:09.989 11028 11073 W System.err: 	at sun.nio.ch.DatagramChannelImpl.send(DatagramChannelImpl.java:550)
11-28 14:10:09.989 11028 11073 W System.err: 	at sun.nio.ch.DatagramChannelImpl.send(DatagramChannelImpl.java:514)
11-28 14:10:09.989 11028 11073 W System.err: 	at symlab.CloudAR.network.TransmissionTask.run(TransmissionTask.java:138)
11-28 14:10:09.989 11028 11073 W System.err: 	at android.os.Handler.handleCallback(Handler.java:907)
11-28 14:10:09.989 11028 11073 W System.err: 	at android.os.Handler.dispatchMessage(Handler.java:105)
11-28 14:10:09.989 11028 11073 W System.err: 	at android.os.Looper.loop(Looper.java:216)
11-28 14:10:09.990 11028 11073 W System.err: 	at android.os.HandlerThread.run(HandlerThread.java:65)
11-28 14:10:10.020 11028 11073 W System.err: java.net.SocketException: Network is unreachable
11-28 14:10:10.020 11028 11073 W System.err: 	at sun.nio.ch.DatagramChannelImpl.send0(Native Method)
11-28 14:10:10.020 11028 11073 W System.err: 	at sun.nio.ch.DatagramChannelImpl.sendFromNativeBuffer(DatagramChannelImpl.java:573)
11-28 14:10:10.020 11028 11073 W System.err: 	at sun.nio.ch.DatagramChannelImpl.send(DatagramChannelImpl.java:550)
11-28 14:10:10.020 11028 11073 W System.err: 	at sun.nio.ch.DatagramChannelImpl.send(DatagramChannelImpl.java:514)
11-28 14:10:10.020 11028 11073 W System.err: 	at symlab.CloudAR.network.TransmissionTask.run(TransmissionTask.java:138)
11-28 14:10:10.020 11028 11073 W System.err: 	at android.os.Handler.handleCallback(Handler.java:907)
11-28 14:10:10.020 11028 11073 W System.err: 	at android.os.Handler.dispatchMessage(Handler.java:105)
11-28 14:10:10.020 11028 11073 W System.err: 	at android.os.Looper.loop(Looper.java:216)
11-28 14:10:10.021 11028 11073 W System.err: 	at android.os.HandlerThread.run(HandlerThread.java:65)
11-28 14:10:10.053 11028 11073 W System.err: java.net.SocketException: Network is unreachable
11-28 14:10:10.053 11028 11073 W System.err: 	at sun.nio.ch.DatagramChannelImpl.send0(Native Method)
11-28 14:10:10.053 11028 11073 W System.err: 	at sun.nio.ch.DatagramChannelImpl.sendFromNativeBuffer(DatagramChannelImpl.java:573)
11-28 14:10:10.053 11028 11073 W System.err: 	at sun.nio.ch.DatagramChannelImpl.send(DatagramChannelImpl.java:550)
11-28 14:10:10.053 11028 11073 W System.err: 	at sun.nio.ch.DatagramChannelImpl.send(DatagramChannelImpl.java:514)
11-28 14:10:10.053 11028 11073 W System.err: 	at symlab.CloudAR.network.TransmissionTask.run(TransmissionTask.java:138)
11-28 14:10:10.053 11028 11073 W System.err: 	at android.os.Handler.handleCallback(Handler.java:907)
11-28 14:10:10.053 11028 11073 W System.err: 	at android.os.Handler.dispatchMessage(Handler.java:105)
11-28 14:10:10.053 11028 11073 W System.err: 	at android.os.Looper.loop(Looper.java:216)
11-28 14:10:10.053 11028 11073 W System.err: 	at android.os.HandlerThread.run(HandlerThread.java:65)
11-28 14:10:10.087 11028 11073 W System.err: java.net.SocketException: Network is unreachable
11-28 14:10:10.088 11028 11073 W System.err: 	at sun.nio.ch.DatagramChannelImpl.send0(Native Method)
11-28 14:10:10.088 11028 11073 W System.err: 	at sun.nio.ch.DatagramChannelImpl.sendFromNativeBuffer(DatagramChannelImpl.java:573)
11-28 14:10:10.088 11028 11073 W System.err: 	at sun.nio.ch.DatagramChannelImpl.send(DatagramChannelImpl.java:550)
11-28 14:10:10.088 11028 11073 W System.err: 	at sun.nio.ch.DatagramChannelImpl.send(DatagramChannelImpl.java:514)
11-28 14:10:10.088 11028 11073 W System.err: 	at symlab.CloudAR.network.TransmissionTask.run(TransmissionTask.java:138)
11-28 14:10:10.088 11028 11073 W System.err: 	at android.os.Handler.handleCallback(Handler.java:907)
11-28 14:10:10.088 11028 11073 W System.err: 	at android.os.Handler.dispatchMessage(Handler.java:105)
11-28 14:10:10.088 11028 11073 W System.err: 	at android.os.Looper.loop(Looper.java:216)
11-28 14:10:10.088 11028 11073 W System.err: 	at android.os.HandlerThread.run(HandlerThread.java:65)
11-28 14:10:10.123 11028 11073 W System.err: java.net.SocketException: Network is unreachable
11-28 14:10:10.123 11028 11073 W System.err: 	at sun.nio.ch.DatagramChannelImpl.send0(Native Method)
11-28 14:10:10.123 11028 11073 W System.err: 	at sun.nio.ch.DatagramChannelImpl.sendFromNativeBuffer(DatagramChannelImpl.java:573)
11-28 14:10:10.123 11028 11073 W System.err: 	at sun.nio.ch.DatagramChannelImpl.send(DatagramChannelImpl.java:550)
11-28 14:10:10.123 11028 11073 W System.err: 	at sun.nio.ch.DatagramChannelImpl.send(DatagramChannelImpl.java:514)
11-28 14:10:10.123 11028 11073 W System.err: 	at symlab.CloudAR.network.TransmissionTask.run(TransmissionTask.java:138)
11-28 14:10:10.123 11028 11073 W System.err: 	at android.os.Handler.handleCallback(Handler.java:907)
11-28 14:10:10.124 11028 11073 W System.err: 	at android.os.Handler.dispatchMessage(Handler.java:105)
11-28 14:10:10.124 11028 11073 W System.err: 	at android.os.Looper.loop(Looper.java:216)
11-28 14:10:10.124 11028 11073 W System.err: 	at android.os.HandlerThread.run(HandlerThread.java:65)
11-28 14:10:10.163 11028 11073 W System.err: java.net.SocketException: Network is unreachable
11-28 14:10:10.163 11028 11073 W System.err: 	at sun.nio.ch.DatagramChannelImpl.send0(Native Method)
11-28 14:10:10.163 11028 11073 W System.err: 	at sun.nio.ch.DatagramChannelImpl.sendFromNativeBuffer(DatagramChannelImpl.java:573)
11-28 14:10:10.163 11028 11073 W System.err: 	at sun.nio.ch.DatagramChannelImpl.send(DatagramChannelImpl.java:550)
11-28 14:10:10.163 11028 11073 W System.err: 	at sun.nio.ch.DatagramChannelImpl.send(DatagramChannelImpl.java:514)
11-28 14:10:10.163 11028 11073 W System.err: 	at symlab.CloudAR.network.TransmissionTask.run(TransmissionTask.java:138)
11-28 14:10:10.163 11028 11073 W System.err: 	at android.os.Handler.handleCallback(Handler.java:907)
11-28 14:10:10.163 11028 11073 W System.err: 	at android.os.Handler.dispatchMessage(Handler.java:105)
11-28 14:10:10.163 11028 11073 W System.err: 	at android.os.Looper.loop(Looper.java:216)
11-28 14:10:10.163 11028 11073 W System.err: 	at android.os.HandlerThread.run(HandlerThread.java:65)
11-28 14:10:10.168 11028 11028 D Poster  : At 1574943010168 location is 65.05814916532101 (latitude), and 25.47033279124595 (longitude)
11-28 14:10:10.171 11028 11028 D Poster  : Connected to mobile network 13
11-28 14:10:10.201 11028 11073 W System.err: java.net.SocketException: Network is unreachable
11-28 14:10:10.201 11028 11073 W System.err: 	at sun.nio.ch.DatagramChannelImpl.send0(Native Method)
11-28 14:10:10.201 11028 11073 W System.err: 	at sun.nio.ch.DatagramChannelImpl.sendFromNativeBuffer(DatagramChannelImpl.java:573)
11-28 14:10:10.201 11028 11073 W System.err: 	at sun.nio.ch.DatagramChannelImpl.send(DatagramChannelImpl.java:550)
11-28 14:10:10.201 11028 11073 W System.err: 	at sun.nio.ch.DatagramChannelImpl.send(DatagramChannelImpl.java:514)
11-28 14:10:10.201 11028 11073 W System.err: 	at symlab.CloudAR.network.TransmissionTask.run(TransmissionTask.java:138)
11-28 14:10:10.201 11028 11073 W System.err: 	at android.os.Handler.handleCallback(Handler.java:907)
11-28 14:10:10.201 11028 11073 W System.err: 	at android.os.Handler.dispatchMessage(Handler.java:105)
11-28 14:10:10.201 11028 11073 W System.err: 	at android.os.Looper.loop(Looper.java:216)
11-28 14:10:10.201 11028 11073 W System.err: 	at android.os.HandlerThread.run(HandlerThread.java:65)
11-28 14:10:10.236 11028 11073 W System.err: java.net.SocketException: Network is unreachable
11-28 14:10:10.236 11028 11073 W System.err: 	at sun.nio.ch.DatagramChannelImpl.send0(Native Method)
11-28 14:10:10.237 11028 11073 W System.err: 	at sun.nio.ch.DatagramChannelImpl.sendFromNativeBuffer(DatagramChannelImpl.java:573)
11-28 14:10:10.237 11028 11073 W System.err: 	at sun.nio.ch.DatagramChannelImpl.send(DatagramChannelImpl.java:550)
11-28 14:10:10.237 11028 11073 W System.err: 	at sun.nio.ch.DatagramChannelImpl.send(DatagramChannelImpl.java:514)
11-28 14:10:10.237 11028 11073 W System.err: 	at symlab.CloudAR.network.TransmissionTask.run(TransmissionTask.java:138)
11-28 14:10:10.237 11028 11073 W System.err: 	at android.os.Handler.handleCallback(Handler.java:907)
11-28 14:10:10.237 11028 11073 W System.err: 	at android.os.Handler.dispatchMessage(Handler.java:105)
11-28 14:10:10.237 11028 11073 W System.err: 	at android.os.Looper.loop(Looper.java:216)
11-28 14:10:10.237 11028 11073 W System.err: 	at android.os.HandlerThread.run(HandlerThread.java:65)
11-28 14:10:10.270 11028 11073 W System.err: java.net.SocketException: Network is unreachable
11-28 14:10:10.270 11028 11073 W System.err: 	at sun.nio.ch.DatagramChannelImpl.send0(Native Method)
11-28 14:10:10.270 11028 11073 W System.err: 	at sun.nio.ch.DatagramChannelImpl.sendFromNativeBuffer(DatagramChannelImpl.java:573)
11-28 14:10:10.270 11028 11073 W System.err: 	at sun.nio.ch.DatagramChannelImpl.send(DatagramChannelImpl.java:550)
11-28 14:10:10.270 11028 11073 W System.err: 	at sun.nio.ch.DatagramChannelImpl.send(DatagramChannelImpl.java:514)
11-28 14:10:10.270 11028 11073 W System.err: 	at symlab.CloudAR.network.TransmissionTask.run(TransmissionTask.java:138)
11-28 14:10:10.271 11028 11073 W System.err: 	at android.os.Handler.handleCallback(Handler.java:907)
11-28 14:10:10.271 11028 11073 W System.err: 	at android.os.Handler.dispatchMessage(Handler.java:105)
11-28 14:10:10.271 11028 11073 W System.err: 	at android.os.Looper.loop(Looper.java:216)
11-28 14:10:10.271 11028 11073 W System.err: 	at android.os.HandlerThread.run(HandlerThread.java:65)
11-28 14:10:10.302 11028 11073 W System.err: java.net.SocketException: Network is unreachable
11-28 14:10:10.302 11028 11073 W System.err: 	at sun.nio.ch.DatagramChannelImpl.send0(Native Method)
11-28 14:10:10.302 11028 11073 W System.err: 	at sun.nio.ch.DatagramChannelImpl.sendFromNativeBuffer(DatagramChannelImpl.java:573)
11-28 14:10:10.302 11028 11073 W System.err: 	at sun.nio.ch.DatagramChannelImpl.send(DatagramChannelImpl.java:550)
11-28 14:10:10.302 11028 11073 W System.err: 	at sun.nio.ch.DatagramChannelImpl.send(DatagramChannelImpl.java:514)
11-28 14:10:10.302 11028 11073 W System.err: 	at symlab.CloudAR.network.TransmissionTask.run(TransmissionTask.java:138)
11-28 14:10:10.302 11028 11073 W System.err: 	at android.os.Handler.handleCallback(Handler.java:907)
11-28 14:10:10.302 11028 11073 W System.err: 	at android.os.Handler.dispatchMessage(Handler.java:105)
11-28 14:10:10.302 11028 11073 W System.err: 	at android.os.Looper.loop(Looper.java:216)
11-28 14:10:10.302 11028 11073 W System.err: 	at android.os.HandlerThread.run(HandlerThread.java:65)
11-28 14:10:10.345 11028 11073 W System.err: java.net.SocketException: Network is unreachable
11-28 14:10:10.345 11028 11073 W System.err: 	at sun.nio.ch.DatagramChannelImpl.send0(Native Method)
11-28 14:10:10.345 11028 11073 W System.err: 	at sun.nio.ch.DatagramChannelImpl.sendFromNativeBuffer(DatagramChannelImpl.java:573)
11-28 14:10:10.346 11028 11073 W System.err: 	at sun.nio.ch.DatagramChannelImpl.send(DatagramChannelImpl.java:550)
11-28 14:10:10.346 11028 11073 W System.err: 	at sun.nio.ch.DatagramChannelImpl.send(DatagramChannelImpl.java:514)
11-28 14:10:10.346 11028 11073 W System.err: 	at symlab.CloudAR.network.TransmissionTask.run(TransmissionTask.java:138)
11-28 14:10:10.346 11028 11073 W System.err: 	at android.os.Handler.handleCallback(Handler.java:907)
11-28 14:10:10.346 11028 11073 W System.err: 	at android.os.Handler.dispatchMessage(Handler.java:105)
11-28 14:10:10.346 11028 11073 W System.err: 	at android.os.Looper.loop(Looper.java:216)
11-28 14:10:10.346 11028 11073 W System.err: 	at android.os.HandlerThread.run(HandlerThread.java:65)
11-28 14:10:10.371 11028 11073 W System.err: java.net.SocketException: Network is unreachable
11-28 14:10:10.371 11028 11073 W System.err: 	at sun.nio.ch.DatagramChannelImpl.send0(Native Method)
11-28 14:10:10.371 11028 11073 W System.err: 	at sun.nio.ch.DatagramChannelImpl.sendFromNativeBuffer(DatagramChannelImpl.java:573)
11-28 14:10:10.371 11028 11073 W System.err: 	at sun.nio.ch.DatagramChannelImpl.send(DatagramChannelImpl.java:550)
11-28 14:10:10.371 11028 11073 W System.err: 	at sun.nio.ch.DatagramChannelImpl.send(DatagramChannelImpl.java:514)
11-28 14:10:10.371 11028 11073 W System.err: 	at symlab.CloudAR.network.TransmissionTask.run(TransmissionTask.java:138)
11-28 14:10:10.371 11028 11073 W System.err: 	at android.os.Handler.handleCallback(Handler.java:907)
11-28 14:10:10.371 11028 11073 W System.err: 	at android.os.Handler.dispatchMessage(Handler.java:105)
11-28 14:10:10.371 11028 11073 W System.err: 	at android.os.Looper.loop(Looper.java:216)
11-28 14:10:10.371 11028 11073 W System.err: 	at android.os.HandlerThread.run(HandlerThread.java:65)
11-28 14:10:10.448 11028 11073 W System.err: java.net.SocketException: Network is unreachable
11-28 14:10:10.449 11028 11073 W System.err: 	at sun.nio.ch.DatagramChannelImpl.send0(Native Method)
11-28 14:10:10.449 11028 11073 W System.err: 	at sun.nio.ch.DatagramChannelImpl.sendFromNativeBuffer(DatagramChannelImpl.java:573)
11-28 14:10:10.449 11028 11073 W System.err: 	at sun.nio.ch.DatagramChannelImpl.send(DatagramChannelImpl.java:550)
11-28 14:10:10.449 11028 11073 W System.err: 	at sun.nio.ch.DatagramChannelImpl.send(DatagramChannelImpl.java:514)
11-28 14:10:10.449 11028 11073 W System.err: 	at symlab.CloudAR.network.TransmissionTask.run(TransmissionTask.java:138)
11-28 14:10:10.449 11028 11073 W System.err: 	at android.os.Handler.handleCallback(Handler.java:907)
11-28 14:10:10.449 11028 11073 W System.err: 	at android.os.Handler.dispatchMessage(Handler.java:105)
11-28 14:10:10.449 11028 11073 W System.err: 	at android.os.Looper.loop(Looper.java:216)
11-28 14:10:10.449 11028 11073 W System.err: 	at android.os.HandlerThread.run(HandlerThread.java:65)
11-28 14:10:10.473 11028 11073 W System.err: java.net.SocketException: Network is unreachable
11-28 14:10:10.473 11028 11073 W System.err: 	at sun.nio.ch.DatagramChannelImpl.send0(Native Method)
11-28 14:10:10.473 11028 11073 W System.err: 	at sun.nio.ch.DatagramChannelImpl.sendFromNativeBuffer(DatagramChannelImpl.java:573)
11-28 14:10:10.473 11028 11073 W System.err: 	at sun.nio.ch.DatagramChannelImpl.send(DatagramChannelImpl.java:550)
11-28 14:10:10.473 11028 11073 W System.err: 	at sun.nio.ch.DatagramChannelImpl.send(DatagramChannelImpl.java:514)
11-28 14:10:10.473 11028 11073 W System.err: 	at symlab.CloudAR.network.TransmissionTask.run(TransmissionTask.java:138)
11-28 14:10:10.473 11028 11073 W System.err: 	at android.os.Handler.handleCallback(Handler.java:907)
11-28 14:10:10.473 11028 11073 W System.err: 	at android.os.Handler.dispatchMessage(Handler.java:105)
11-28 14:10:10.473 11028 11073 W System.err: 	at android.os.Looper.loop(Looper.java:216)
11-28 14:10:10.473 11028 11073 W System.err: 	at android.os.HandlerThread.run(HandlerThread.java:65)
11-28 14:10:10.513 11028 11073 W System.err: java.net.SocketException: Network is unreachable
11-28 14:10:10.513 11028 11073 W System.err: 	at sun.nio.ch.DatagramChannelImpl.send0(Native Method)
11-28 14:10:10.513 11028 11073 W System.err: 	at sun.nio.ch.DatagramChannelImpl.sendFromNativeBuffer(DatagramChannelImpl.java:573)
11-28 14:10:10.513 11028 11073 W System.err: 	at sun.nio.ch.DatagramChannelImpl.send(DatagramChannelImpl.java:550)
11-28 14:10:10.513 11028 11073 W System.err: 	at sun.nio.ch.DatagramChannelImpl.send(DatagramChannelImpl.java:514)
11-28 14:10:10.513 11028 11073 W System.err: 	at symlab.CloudAR.network.TransmissionTask.run(TransmissionTask.java:138)
11-28 14:10:10.513 11028 11073 W System.err: 	at android.os.Handler.handleCallback(Handler.java:907)
11-28 14:10:10.513 11028 11073 W System.err: 	at android.os.Handler.dispatchMessage(Handler.java:105)
11-28 14:10:10.513 11028 11073 W System.err: 	at android.os.Looper.loop(Looper.java:216)
11-28 14:10:10.513 11028 11073 W System.err: 	at android.os.HandlerThread.run(HandlerThread.java:65)
11-28 14:10:10.540 11028 11073 W System.err: java.net.SocketException: Network is unreachable
11-28 14:10:10.540 11028 11073 W System.err: 	at sun.nio.ch.DatagramChannelImpl.send0(Native Method)
11-28 14:10:10.540 11028 11073 W System.err: 	at sun.nio.ch.DatagramChannelImpl.sendFromNativeBuffer(DatagramChannelImpl.java:573)
11-28 14:10:10.540 11028 11073 W System.err: 	at sun.nio.ch.DatagramChannelImpl.send(DatagramChannelImpl.java:550)
11-28 14:10:10.540 11028 11073 W System.err: 	at sun.nio.ch.DatagramChannelImpl.send(DatagramChannelImpl.java:514)
11-28 14:10:10.540 11028 11073 W System.err: 	at symlab.CloudAR.network.TransmissionTask.run(TransmissionTask.java:138)
11-28 14:10:10.540 11028 11073 W System.err: 	at android.os.Handler.handleCallback(Handler.java:907)
11-28 14:10:10.540 11028 11073 W System.err: 	at android.os.Handler.dispatchMessage(Handler.java:105)
11-28 14:10:10.540 11028 11073 W System.err: 	at android.os.Looper.loop(Looper.java:216)
11-28 14:10:10.540 11028 11073 W System.err: 	at android.os.HandlerThread.run(HandlerThread.java:65)
11-28 14:10:10.572 11028 11073 W System.err: java.net.SocketException: Network is unreachable
11-28 14:10:10.573 11028 11073 W System.err: 	at sun.nio.ch.DatagramChannelImpl.send0(Native Method)
11-28 14:10:10.573 11028 11073 W System.err: 	at sun.nio.ch.DatagramChannelImpl.sendFromNativeBuffer(DatagramChannelImpl.java:573)
11-28 14:10:10.573 11028 11073 W System.err: 	at sun.nio.ch.DatagramChannelImpl.send(DatagramChannelImpl.java:550)
11-28 14:10:10.573 11028 11073 W System.err: 	at sun.nio.ch.DatagramChannelImpl.send(DatagramChannelImpl.java:514)
11-28 14:10:10.573 11028 11073 W System.err: 	at symlab.CloudAR.network.TransmissionTask.run(TransmissionTask.java:138)
11-28 14:10:10.573 11028 11073 W System.err: 	at android.os.Handler.handleCallback(Handler.java:907)
11-28 14:10:10.573 11028 11073 W System.err: 	at android.os.Handler.dispatchMessage(Handler.java:105)
11-28 14:10:10.573 11028 11073 W System.err: 	at android.os.Looper.loop(Looper.java:216)
11-28 14:10:10.573 11028 11073 W System.err: 	at android.os.HandlerThread.run(HandlerThread.java:65)
11-28 14:10:10.604 11028 11073 W System.err: java.net.SocketException: Network is unreachable
11-28 14:10:10.604 11028 11073 W System.err: 	at sun.nio.ch.DatagramChannelImpl.send0(Native Method)
11-28 14:10:10.604 11028 11073 W System.err: 	at sun.nio.ch.DatagramChannelImpl.sendFromNativeBuffer(DatagramChannelImpl.java:573)
11-28 14:10:10.604 11028 11073 W System.err: 	at sun.nio.ch.DatagramChannelImpl.send(DatagramChannelImpl.java:550)
11-28 14:10:10.604 11028 11073 W System.err: 	at sun.nio.ch.DatagramChannelImpl.send(DatagramChannelImpl.java:514)
11-28 14:10:10.604 11028 11073 W System.err: 	at symlab.CloudAR.network.TransmissionTask.run(TransmissionTask.java:138)
11-28 14:10:10.604 11028 11073 W System.err: 	at android.os.Handler.handleCallback(Handler.java:907)
11-28 14:10:10.605 11028 11073 W System.err: 	at android.os.Handler.dispatchMessage(Handler.java:105)
11-28 14:10:10.605 11028 11073 W System.err: 	at android.os.Looper.loop(Looper.java:216)
11-28 14:10:10.605 11028 11073 W System.err: 	at android.os.HandlerThread.run(HandlerThread.java:65)
11-28 14:10:10.641 11028 11073 W System.err: java.net.SocketException: Network is unreachable
11-28 14:10:10.641 11028 11073 W System.err: 	at sun.nio.ch.DatagramChannelImpl.send0(Native Method)
11-28 14:10:10.641 11028 11073 W System.err: 	at sun.nio.ch.DatagramChannelImpl.sendFromNativeBuffer(DatagramChannelImpl.java:573)
11-28 14:10:10.641 11028 11073 W System.err: 	at sun.nio.ch.DatagramChannelImpl.send(DatagramChannelImpl.java:550)
11-28 14:10:10.641 11028 11073 W System.err: 	at sun.nio.ch.DatagramChannelImpl.send(DatagramChannelImpl.java:514)
11-28 14:10:10.641 11028 11073 W System.err: 	at symlab.CloudAR.network.TransmissionTask.run(TransmissionTask.java:138)
11-28 14:10:10.641 11028 11073 W System.err: 	at android.os.Handler.handleCallback(Handler.java:907)
11-28 14:10:10.641 11028 11073 W System.err: 	at android.os.Handler.dispatchMessage(Handler.java:105)
