11-28 14:40:54.034 12226 12278 D Evaluation: 1 res for frame 375 received at 1574944854034
11-28 14:40:54.076 12226 12278 D Evaluation: 0 res for frame 376 received at 1574944854076
11-28 14:40:54.107 12226 12278 D Evaluation: 1 res for frame 377 received at 1574944854107
11-28 14:40:54.137 12226 12278 D Evaluation: 1 res for frame 378 received at 1574944854137
11-28 14:40:54.170 12226 12278 D Evaluation: 1 res for frame 379 received at 1574944854170
11-28 14:40:54.204 12226 12278 D Evaluation: 1 res for frame 380 received at 1574944854204
11-28 14:40:54.239 12226 12278 D Evaluation: 0 res for frame 381 received at 1574944854239
11-28 14:40:54.275 12226 12278 D Evaluation: 0 res for frame 382 received at 1574944854275
11-28 14:40:54.309 12226 12278 D Evaluation: 0 res for frame 383 received at 1574944854309
11-28 14:40:54.353 12226 12278 D Evaluation: 1 res for frame 384 received at 1574944854353
11-28 14:40:54.377 12226 12278 D Evaluation: 2 res for frame 385 received at 1574944854377
11-28 14:40:54.404 12226 12241 E         : [ZeroHung]zrhung_get_config: Get config failed for wp[0x0008]
11-28 14:40:54.406 12226 12278 D Evaluation: 1 res for frame 386 received at 1574944854406
11-28 14:40:54.420 12226 12239 W System  : A resource failed to call close. 
11-28 14:40:54.426 12226 12239 I chatty  : uid=10150(symlab.cloudridar.arhud) FinalizerDaemon identical 94 lines
11-28 14:40:54.426 12226 12239 W System  : A resource failed to call close. 
11-28 14:40:54.437 12226 12278 D Evaluation: 1 res for frame 387 received at 1574944854437
11-28 14:40:54.473 12226 12278 D Evaluation: 0 res for frame 388 received at 1574944854473
11-28 14:40:54.506 12226 12278 D Evaluation: 0 res for frame 389 received at 1574944854506
11-28 14:40:54.537 12226 12278 D Evaluation: 0 res for frame 390 received at 1574944854537
11-28 14:40:54.576 12226 12278 D Evaluation: 2 res for frame 391 received at 1574944854576
11-28 14:40:54.615 12226 12278 D Evaluation: 1 res for frame 392 received at 1574944854615
11-28 14:40:54.639 12226 12278 D Evaluation: 1 res for frame 393 received at 1574944854639
11-28 14:40:54.676 12226 12278 D Evaluation: 1 res for frame 394 received at 1574944854676
11-28 14:40:54.708 12226 12278 D Evaluation: 0 res for frame 395 received at 1574944854708
11-28 14:40:54.742 12226 12278 D Evaluation: 0 res for frame 396 received at 1574944854742
11-28 14:40:54.778 12226 12278 D Evaluation: 0 res for frame 397 received at 1574944854778
11-28 14:40:54.810 12226 12278 D Evaluation: 0 res for frame 398 received at 1574944854810
11-28 14:40:54.842 12226 12278 D Evaluation: 0 res for frame 399 received at 1574944854842
11-28 14:40:54.886 12226 12278 D Evaluation: 0 res for frame 400 received at 1574944854886
11-28 14:40:54.908 12226 12278 D Evaluation: 0 res for frame 401 received at 1574944854908
11-28 14:40:54.948 12226 12278 D Evaluation: 1 res for frame 402 received at 1574944854948
11-28 14:40:54.978 12226 12278 D Evaluation: 0 res for frame 403 received at 1574944854978
11-28 14:40:55.015 12226 12278 D Evaluation: 1 res for frame 404 received at 1574944855015
11-28 14:40:55.048 12226 12278 D Evaluation: 1 res for frame 405 received at 1574944855048
11-28 14:40:55.080 12226 12278 D Evaluation: 1 res for frame 406 received at 1574944855080
11-28 14:40:55.114 12226 12278 D Evaluation: 1 res for frame 407 received at 1574944855114
11-28 14:40:55.146 12226 12278 D Evaluation: 2 res for frame 408 received at 1574944855146
11-28 14:40:55.179 12226 12278 D Evaluation: 2 res for frame 409 received at 1574944855179
11-28 14:40:55.215 12226 12278 D Evaluation: 2 res for frame 410 received at 1574944855215
11-28 14:40:55.247 12226 12278 D Evaluation: 1 res for frame 411 received at 1574944855247
11-28 14:40:55.280 12226 12278 D Evaluation: 0 res for frame 412 received at 1574944855280
11-28 14:40:55.313 12226 12278 D Evaluation: 1 res for frame 413 received at 1574944855313
11-28 14:40:55.347 12226 12278 D Evaluation: 1 res for frame 414 received at 1574944855347
11-28 14:40:55.378 12226 12278 D Evaluation: 1 res for frame 415 received at 1574944855378
11-28 14:40:55.419 12226 12278 D Evaluation: 2 res for frame 416 received at 1574944855419
11-28 14:40:55.452 12226 12278 D Evaluation: 2 res for frame 417 received at 1574944855452
11-28 14:40:55.483 12226 12278 D Evaluation: 2 res for frame 418 received at 1574944855483
11-28 14:40:55.519 12226 12278 D Evaluation: 1 res for frame 419 received at 1574944855519
11-28 14:40:55.552 12226 12278 D Evaluation: 1 res for frame 420 received at 1574944855552
11-28 14:40:55.584 12226 12278 D Evaluation: 1 res for frame 421 received at 1574944855584
11-28 14:40:55.653 12226 12278 D Evaluation: 2 res for frame 422 received at 1574944855653
11-28 14:40:55.696 12226 12278 D Evaluation: 2 res for frame 423 received at 1574944855696
11-28 14:40:55.720 12226 12278 D Evaluation: 1 res for frame 424 received at 1574944855720
11-28 14:40:55.749 12226 12278 D Evaluation: 1 res for frame 425 received at 1574944855749
11-28 14:40:55.784 12226 12278 D Evaluation: 1 res for frame 426 received at 1574944855784
11-28 14:40:55.817 12226 12278 D Evaluation: 1 res for frame 427 received at 1574944855817
11-28 14:40:55.853 12226 12278 D Evaluation: 1 res for frame 428 received at 1574944855853
11-28 14:40:55.886 12226 12278 D Evaluation: 1 res for frame 429 received at 1574944855886
11-28 14:40:55.918 12226 12278 D Evaluation: 1 res for frame 430 received at 1574944855918
11-28 14:40:55.954 12226 12278 D Evaluation: 1 res for frame 431 received at 1574944855954
11-28 14:40:55.988 12226 12278 D Evaluation: 1 res for frame 432 received at 1574944855988
11-28 14:40:56.024 12226 12278 D Evaluation: 1 res for frame 433 received at 1574944856024
11-28 14:40:56.049 12226 12241 E         : [ZeroHung]zrhung_get_config: Get config failed for wp[0x0008]
11-28 14:40:56.051 12226 12278 D Evaluation: 1 res for frame 434 received at 1574944856051
11-28 14:40:56.066 12226 12239 W System  : A resource failed to call close. 
11-28 14:40:56.067 12226 12239 I chatty  : uid=10150(symlab.cloudridar.arhud) FinalizerDaemon identical 20 lines
11-28 14:40:56.067 12226 12239 W System  : A resource failed to call close. 
11-28 14:40:56.067 12226 12239 W System  : A resource failed to call close. 
11-28 14:40:56.068 12226 12239 I chatty  : uid=10150(symlab.cloudridar.arhud) FinalizerDaemon identical 14 lines
11-28 14:40:56.068 12226 12239 W System  : A resource failed to call close. 
11-28 14:40:56.068 12226 12239 W System  : A resource failed to call close. 
11-28 14:40:56.069 12226 12239 I chatty  : uid=10150(symlab.cloudridar.arhud) FinalizerDaemon identical 10 lines
11-28 14:40:56.069 12226 12239 W System  : A resource failed to call close. 
11-28 14:40:56.069 12226 12239 W System  : A resource failed to call close. 
11-28 14:40:56.069 12226 12239 I chatty  : uid=10150(symlab.cloudridar.arhud) FinalizerDaemon identical 6 lines
11-28 14:40:56.069 12226 12239 W System  : A resource failed to call close. 
11-28 14:40:56.069 12226 12239 W System  : A resource failed to call close. 
11-28 14:40:56.069 12226 12239 I chatty  : uid=10150(symlab.cloudridar.arhud) FinalizerDaemon identical 6 lines
11-28 14:40:56.069 12226 12239 W System  : A resource failed to call close. 
11-28 14:40:56.070 12226 12239 W System  : A resource failed to call close. 
11-28 14:40:56.070 12226 12239 W System  : A resource failed to call close. 
11-28 14:40:56.070 12226 12239 W System  : A resource failed to call close. 
11-28 14:40:56.070 12226 12239 W System  : A resource failed to call close. 
11-28 14:40:56.070 12226 12239 W System  : A resource failed to call close. 
11-28 14:40:56.070 12226 12239 W System  : A resource failed to call close. 
11-28 14:40:56.070 12226 12239 W System  : A resource failed to call close. 
11-28 14:40:56.071 12226 12239 I chatty  : uid=10150(symlab.cloudridar.arhud) FinalizerDaemon identical 22 lines
11-28 14:40:56.071 12226 12239 W System  : A resource failed to call close. 
11-28 14:40:56.085 12226 12278 D Evaluation: 1 res for frame 435 received at 1574944856085
11-28 14:40:56.119 12226 12278 D Evaluation: 1 res for frame 436 received at 1574944856119
11-28 14:40:56.153 12226 12278 D Evaluation: 1 res for frame 437 received at 1574944856153
11-28 14:40:56.186 12226 12278 D Evaluation: 1 res for frame 438 received at 1574944856186
11-28 14:40:56.231 12226 12278 D Evaluation: 1 res for frame 439 received at 1574944856231
11-28 14:40:56.255 12226 12278 D Evaluation: 0 res for frame 440 received at 1574944856255
11-28 14:40:56.289 12226 12278 D Evaluation: 0 res for frame 441 received at 1574944856289
11-28 14:40:56.324 12226 12278 D Evaluation: 0 res for frame 442 received at 1574944856324
11-28 14:40:56.357 12226 12278 D Evaluation: 0 res for frame 443 received at 1574944856357
11-28 14:40:56.386 12226 12278 D Evaluation: 0 res for frame 444 received at 1574944856386
11-28 14:40:56.420 12226 12278 D Evaluation: 0 res for frame 445 received at 1574944856420
11-28 14:40:56.454 12226 12278 D Evaluation: 0 res for frame 446 received at 1574944856454
11-28 14:40:56.536 12226 12278 D Evaluation: 1 res for frame 447 received at 1574944856536
11-28 14:40:56.556 12226 12278 D Evaluation: 0 res for frame 448 received at 1574944856556
11-28 14:40:56.591 12226 12278 D Evaluation: 0 res for frame 449 received at 1574944856591
11-28 14:40:56.624 12226 12278 D Evaluation: 0 res for frame 450 received at 1574944856624
11-28 14:40:56.654 12226 12278 D Evaluation: 0 res for frame 451 received at 1574944856654
11-28 14:40:56.690 12226 12278 D Evaluation: 1 res for frame 452 received at 1574944856690
11-28 14:40:56.722 12226 12278 D Evaluation: 1 res for frame 453 received at 1574944856722
11-28 14:40:56.755 12226 12278 D Evaluation: 1 res for frame 454 received at 1574944856755
11-28 14:40:56.792 12226 12278 D Evaluation: 1 res for frame 455 received at 1574944856792
11-28 14:40:56.825 12226 12278 D Evaluation: 1 res for frame 456 received at 1574944856825
11-28 14:40:56.858 12226 12278 D Evaluation: 2 res for frame 457 received at 1574944856858
11-28 14:40:56.893 12226 12278 D Evaluation: 1 res for frame 458 received at 1574944856893
11-28 14:40:56.928 12226 12278 D Evaluation: 1 res for frame 459 received at 1574944856928
11-28 14:40:56.957 12226 12278 D Evaluation: 1 res for frame 460 received at 1574944856957
11-28 14:40:56.994 12226 12278 D Evaluation: 0 res for frame 461 received at 1574944856994
11-28 14:40:57.028 12226 12278 D Evaluation: 0 res for frame 462 received at 1574944857028
11-28 14:40:57.066 12226 12278 D Evaluation: 0 res for frame 463 received at 1574944857066
11-28 14:40:57.091 12226 12278 D Evaluation: 0 res for frame 464 received at 1574944857091
11-28 14:40:57.128 12226 12278 D Evaluation: 0 res for frame 465 received at 1574944857128
11-28 14:40:57.158 12226 12278 D Evaluation: 0 res for frame 466 received at 1574944857158
11-28 14:40:57.195 12226 12278 D Evaluation: 0 res for frame 467 received at 1574944857195
11-28 14:40:57.228 12226 12278 D Evaluation: 0 res for frame 468 received at 1574944857228
11-28 14:40:57.262 12226 12278 D Evaluation: 0 res for frame 469 received at 1574944857262
11-28 14:40:57.301 12226 12278 D Evaluation: 0 res for frame 470 received at 1574944857300
11-28 14:40:57.332 12226 12278 D Evaluation: 0 res for frame 471 received at 1574944857332
11-28 14:40:57.368 12226 12278 D Evaluation: 0 res for frame 472 received at 1574944857368
11-28 14:40:57.402 12226 12278 D Evaluation: 0 res for frame 473 received at 1574944857402
11-28 14:40:57.437 12226 12278 D Evaluation: 0 res for frame 474 received at 1574944857437
11-28 14:40:57.475 12226 12278 D Evaluation: 0 res for frame 475 received at 1574944857475
11-28 14:40:57.505 12226 12278 D Evaluation: 1 res for frame 476 received at 1574944857504
11-28 14:40:57.539 12226 12278 D Evaluation: 1 res for frame 477 received at 1574944857539
11-28 14:40:57.570 12226 12278 D Evaluation: 0 res for frame 478 received at 1574944857570
11-28 14:40:57.606 12226 12278 D Evaluation: 0 res for frame 479 received at 1574944857606
11-28 14:40:57.638 12226 12278 D Evaluation: 0 res for frame 480 received at 1574944857638
11-28 14:40:57.728 12226 12278 D Evaluation: 1 res for frame 481 received at 1574944857728
11-28 14:40:57.752 12226 12278 D Evaluation: 0 res for frame 482 received at 1574944857752
11-28 14:40:57.814 12226 12241 E         : [ZeroHung]zrhung_get_config: Get config failed for wp[0x0008]
11-28 14:40:57.819 12226 12278 D Evaluation: 0 res for frame 483 received at 1574944857819
11-28 14:40:57.850 12226 12239 W System  : A resource failed to call close. 
11-28 14:40:57.856 12226 12239 I chatty  : uid=10150(symlab.cloudridar.arhud) FinalizerDaemon identical 47 lines
11-28 14:40:57.856 12226 12239 W System  : A resource failed to call close. 
11-28 14:40:57.856 12226 12278 D Evaluation: 0 res for frame 484 received at 1574944857856
11-28 14:40:57.856 12226 12239 W System  : A resource failed to call close. 
11-28 14:40:57.860 12226 12239 I chatty  : uid=10150(symlab.cloudridar.arhud) FinalizerDaemon identical 47 lines
11-28 14:40:57.860 12226 12239 W System  : A resource failed to call close. 
11-28 14:40:57.879 12226 12278 D Evaluation: 0 res for frame 486 received at 1574944857879
11-28 14:40:57.907 12226 12278 D Evaluation: 0 res for frame 486 received at 1574944857907
11-28 14:40:57.937 12226 12278 D Evaluation: 0 res for frame 487 received at 1574944857937
11-28 14:40:57.984 12226 12278 D Evaluation: 0 res for frame 489 received at 1574944857984
11-28 14:40:58.020 12226 12278 D Evaluation: 0 res for frame 489 received at 1574944858020
11-28 14:40:58.051 12226 12278 D Evaluation: 0 res for frame 490 received at 1574944858051
11-28 14:40:58.079 12226 12278 D Evaluation: 0 res for frame 491 received at 1574944858079
11-28 14:40:58.116 12226 12278 D Evaluation: 0 res for frame 492 received at 1574944858116
11-28 14:40:58.149 12226 12278 D Evaluation: 0 res for frame 493 received at 1574944858149
11-28 14:40:58.172 12226 12278 D Evaluation: 0 res for frame 494 received at 1574944858172
11-28 14:40:58.216 12226 12278 D Evaluation: 0 res for frame 495 received at 1574944858216
11-28 14:40:58.253 12226 12278 D Evaluation: 0 res for frame 496 received at 1574944858252
11-28 14:40:58.279 12226 12278 D Evaluation: 0 res for frame 497 received at 1574944858279
11-28 14:40:58.319 12226 12278 D Evaluation: 0 res for frame 498 received at 1574944858319
11-28 14:40:58.343 12226 12278 D Evaluation: 0 res for frame 499 received at 1574944858343
11-28 14:40:58.379 12226 12278 D Evaluation: 0 res for frame 500 received at 1574944858379
11-28 14:40:58.415 12226 12278 D Evaluation: 0 res for frame 501 received at 1574944858415
11-28 14:40:58.453 12226 12278 D Evaluation: 0 res for frame 502 received at 1574944858453
11-28 14:40:58.488 12226 12278 D Evaluation: 0 res for frame 503 received at 1574944858488
11-28 14:40:58.512 12226 12278 D Evaluation: 0 res for frame 504 received at 1574944858512
11-28 14:40:58.546 12226 12278 D Evaluation: 0 res for frame 505 received at 1574944858546
11-28 14:40:58.580 12226 12278 D Evaluation: 0 res for frame 506 received at 1574944858580
11-28 14:40:58.615 12226 12278 D Evaluation: 0 res for frame 507 received at 1574944858615
11-28 14:40:58.644 12226 12278 D Evaluation: 0 res for frame 508 received at 1574944858644
11-28 14:40:58.672 12226 12278 D Evaluation: 0 res for frame 509 received at 1574944858672
11-28 14:40:58.706 12226 12278 D Evaluation: 0 res for frame 510 received at 1574944858706
11-28 14:40:58.736 12226 12278 D Evaluation: 0 res for frame 511 received at 1574944858736
11-28 14:40:58.771 12226 12278 D Evaluation: 0 res for frame 512 received at 1574944858771
11-28 14:40:58.808 12226 12278 D Evaluation: 0 res for frame 513 received at 1574944858808
11-28 14:40:58.840 12226 12278 D Evaluation: 0 res for frame 514 received at 1574944858840
11-28 14:40:58.875 12226 12278 D Evaluation: 0 res for frame 515 received at 1574944858875
11-28 14:40:58.918 12226 12278 D Evaluation: 0 res for frame 516 received at 1574944858918
11-28 14:40:58.941 12226 12278 D Evaluation: 0 res for frame 517 received at 1574944858941
11-28 14:40:58.976 12226 12278 D Evaluation: 0 res for frame 518 received at 1574944858976
11-28 14:40:59.009 12226 12278 D Evaluation: 0 res for frame 519 received at 1574944859009
11-28 14:40:59.044 12226 12278 D Evaluation: 0 res for frame 520 received at 1574944859044
11-28 14:40:59.075 12226 12226 W HiTouch_PressGestureDetector: Touch pointer move a lot. The moving distance of X is:130.14136, limit is:60The moving distance of Y is:108.91843, limit is:60
11-28 14:40:59.075 12226 12278 D Evaluation: 0 res for frame 521 received at 1574944859075
11-28 14:40:59.110 12226 12278 D Evaluation: 0 res for frame 522 received at 1574944859110
11-28 14:40:59.143 12226 12278 D Evaluation: 0 res for frame 523 received at 1574944859143
11-28 14:40:59.180 12226 12278 D Evaluation: 0 res for frame 524 received at 1574944859180
11-28 14:40:59.212 12226 12278 D Evaluation: 0 res for frame 525 received at 1574944859212
11-28 14:40:59.245 12226 12278 D Evaluation: 1 res for frame 526 received at 1574944859245
11-28 14:40:59.279 12226 12278 D Evaluation: 1 res for frame 527 received at 1574944859279
11-28 14:40:59.312 12226 12278 D Evaluation: 1 res for frame 528 received at 1574944859312
11-28 14:40:59.345 12226 12278 D Evaluation: 1 res for frame 529 received at 1574944859345
11-28 14:40:59.378 12226 12241 E         : [ZeroHung]zrhung_get_config: Get config failed for wp[0x0008]
11-28 14:40:59.380 12226 12278 D Evaluation: 1 res for frame 530 received at 1574944859380
11-28 14:40:59.396 12226 12239 W System  : A resource failed to call close. 
11-28 14:40:59.399 12226 12239 I chatty  : uid=10150(symlab.cloudridar.arhud) FinalizerDaemon identical 93 lines
11-28 14:40:59.399 12226 12239 W System  : A resource failed to call close. 
11-28 14:40:59.409 12226 12278 D Evaluation: 0 res for frame 531 received at 1574944859409
11-28 14:40:59.456 12226 12278 D Evaluation: 0 res for frame 532 received at 1574944859456
11-28 14:40:59.481 12226 12278 D Evaluation: 0 res for frame 533 received at 1574944859481
11-28 14:40:59.513 12226 12278 D Evaluation: 0 res for frame 534 received at 1574944859513
11-28 14:40:59.549 12226 12278 D Evaluation: 0 res for frame 535 received at 1574944859549
11-28 14:40:59.594 12226 12278 D Evaluation: 0 res for frame 536 received at 1574944859594
11-28 14:40:59.611 12226 12278 D Evaluation: 0 res for frame 537 received at 1574944859611
11-28 14:40:59.615 12226 12226 I Poster  :  onPause() called.
11-28 14:40:59.724 12226 12226 I Camera  : close camera: 0, package name: symlab.cloudridar.arhud
11-28 14:40:59.724 12226 12226 I BackgroundPermManager: pkgName: symlab.cloudridar.arhud,pid: 12226 ,uidOf3RdApk: 10150 ,permType: 0 ,permCfg: 0
11-28 14:40:59.726 12226 12226 I HwCameraUtil: notifySurfaceFlingerCameraStatus : isFront = false , isOpend = false
11-28 14:40:59.754 12226 12226 D ZrHung.AppEyeUiProbe: stop checker.
11-28 14:40:59.783 12226 12226 I Poster  :  surfaceDestroyed() called.
11-28 14:40:59.783 12226 12226 D ViewRootImpl[MainActivity]: surface should not be released
11-28 14:40:59.783 12226 12226 I Poster  :  onStop() called.
11-28 14:40:59.812 12226 12297 W libEGL  : EGLNativeWindowType 0xe3470008 disconnect failed
11-28 14:41:00.437 12226 12268 D ZrHung.AppEyeUiProbe: Current Activity:false
11-28 14:41:00.437 12226 12268 D ZrHung.AppEyeUiProbe: not watching, wait.
