--------- beginning of main
11-28 13:56:57.736  6201  6201 I Camera  : close camera: 0, package name: symlab.cloudridar.arhud
--------- beginning of system
11-28 13:56:57.736  6201  6201 I BackgroundPermManager: pkgName: symlab.cloudridar.arhud,pid: 6201 ,uidOf3RdApk: 10150 ,permType: 0 ,permCfg: 0
11-28 13:56:57.738  6201  6201 I HwCameraUtil: notifySurfaceFlingerCameraStatus : isFront = false , isOpend = false
11-28 13:56:57.799  6201  6201 D ZrHung.AppEyeUiProbe: stop checker.
11-28 13:56:57.833  6201  6201 I Poster  :  surfaceDestroyed() called.
11-28 13:56:57.834  6201  6201 D ViewRootImpl[MainActivity]: surface should not be released
11-28 13:56:57.835  6201  6201 I Poster  :  onStop() called.
11-28 13:56:57.852  6201  6303 W libEGL  : EGLNativeWindowType 0xf07f0008 disconnect failed
11-28 13:56:58.463  6201  6255 I loudridar.arhu: Starting profile saver IsSaveProfileNow end.
11-28 13:56:58.475  6201  6201 I AwareBitmapCacher: init lrucache size: 2097152 pid=6201
11-28 13:56:58.494  6201  6277 D ZrHung.AppEyeUiProbe: Current Activity:false
11-28 13:56:58.494  6201  6277 D ZrHung.AppEyeUiProbe: not watching, wait.
11-28 13:56:59.102  6201  6201 I Poster  :  onDestroy() called.
11-28 13:56:59.102  6201  6201 D ActivityThread: Remove activity client record, r= ActivityRecord{db8bbd token=android.os.BinderProxy@c62e47c {symlab.cloudridar.arhud/symlab.ARHUD.MainActivity}} token= android.os.BinderProxy@c62e47c
11-28 13:57:00.434  6418  6418 I loudridar.arhu: Late-enabling -Xcheck:jni
11-28 13:57:00.471  6418  6418 I loudridar.arhu: Reinit property: dalvik.vm.checkjni= false
11-28 13:57:00.483  6418  6418 D ZrHung.AppEyeUiProbe: AppEyeUIP created.
11-28 13:57:00.479  6418  6418 W re-initialized>: type=1400 audit(0.0:39247): avc: denied { read } for name="u:object_r:mmi_prop:s0" dev="tmpfs" ino=16663 scontext=u:r:untrusted_app:s0:c150,c256,c512,c768 tcontext=u:object_r:mmi_prop:s0 tclass=file permissive=0
11-28 13:57:00.485  6418  6418 E libc    : Access denied finding property "runtime.mmitest.isrunning"
11-28 13:57:00.488  6418  6418 D ActivityThread: Attach thread to application
11-28 13:57:00.495  6418  6426 E loudridar.arhu: Unable to peek into adb socket due to error. Closing socket.: Connection reset by peer
11-28 13:57:00.560  6418  6498 I HwApiCacheMangerEx: apicache path=/storage/emulated/0 state=mounted key=symlab.cloudridar.arhud#10150#256
11-28 13:57:00.562  6418  6498 I HwApiCacheMangerEx: apicache path=/storage/emulated/0 state=mounted key=symlab.cloudridar.arhud#10150#0
11-28 13:57:00.623  6418  6418 I loudridar.arhu: QarthPatchMonintor::Init
11-28 13:57:00.623  6418  6418 I loudridar.arhu: 
11-28 13:57:00.623  6418  6418 I loudridar.arhu: QarthPatchMonintor::StartWatch
11-28 13:57:00.623  6418  6418 I loudridar.arhu: 
11-28 13:57:00.623  6418  6418 I loudridar.arhu: QarthPatchMonintor::WatchPackage: /data/hotpatch/fwkhotpatch/
11-28 13:57:00.623  6418  6418 I loudridar.arhu: 
11-28 13:57:00.623  6418  6418 I loudridar.arhu: QarthPatchMonintor::CheckAndWatchPatch: /data/hotpatch/fwkhotpatch/symlab.cloudridar.arhud
11-28 13:57:00.623  6418  6418 I loudridar.arhu: 
11-28 13:57:00.623  6418  6418 I loudridar.arhu: QarthPatchMonintor::CheckAndWatchPatch: /data/hotpatch/fwkhotpatch/all
11-28 13:57:00.623  6418  6418 I loudridar.arhu: 
11-28 13:57:00.623  6418  6418 I loudridar.arhu: QarthPatchMonintor::Run
11-28 13:57:00.623  6418  6418 I loudridar.arhu: 
11-28 13:57:00.624  6418  6503 I loudridar.arhu: QarthPatchMonintor::Reading
11-28 13:57:00.624  6418  6503 I loudridar.arhu: 
11-28 13:57:00.624  6418  6503 I loudridar.arhu: QarthPatchMonintor::CheckNotifyEvent
11-28 13:57:00.624  6418  6503 I loudridar.arhu: 
11-28 13:57:00.624  6418  6503 I loudridar.arhu: QarthPatchMonintor::CheckNotifyEvent before read
11-28 13:57:00.624  6418  6503 I loudridar.arhu: 
11-28 13:57:00.627  6418  6418 I MultiDex: VM with version 2.1.0 has multidex support
11-28 13:57:00.627  6418  6418 I MultiDex: Installing application
11-28 13:57:00.627  6418  6418 I MultiDex: VM has multidex support, MultiDex support library is disabled.
11-28 13:57:00.629  6418  6498 I AwareBitmapCacher: init processName:symlab.cloudridar.arhud pid=6418 uid=10150
11-28 13:57:00.631  6418  6418 I FirebaseInitProvider: FirebaseApp initialization unsuccessful
11-28 13:57:00.632  6418  6508 E AwareLog: AtomicFileUtils: readFileLines file not exist: android.util.AtomicFile@919d802
11-28 13:57:00.632  6418  6508 E AwareLog: AtomicFileUtils: readFileLines file not exist: android.util.AtomicFile@aae350
11-28 13:57:00.639  6418  6418 D ZrHung.AppEyeUiProbe: notify runnable to start.
11-28 13:57:00.639  6418  6513 D ZrHung.AppEyeUiProbe: Runnable thread started.
11-28 13:57:00.639  6418  6513 D IMonitor: Load library imonitor_jni
11-28 13:57:00.646  6418  6513 E         : [ZeroHung]zrhung_get_config: Get config failed for wp[0x0102]
11-28 13:57:00.646  6418  6513 W ZrHung.AppEyeUiProbe: Failed to get config from zrhung
11-28 13:57:00.643  6511  6511 W logcat  : type=1400 audit(0.0:39248): avc: granted { create } for name="logcat_1574942220633.txt" scontext=u:r:untrusted_app:s0:c150,c256,c512,c768 tcontext=u:object_r:sdcardfs:s0:c150,c256,c512,c768 tclass=file
11-28 13:57:00.648  6418  6418 I MultiDex: Installing application
11-28 13:57:00.648  6418  6418 I MultiDex: VM has multidex support, MultiDex support library is disabled.
11-28 13:57:00.651  6418  6418 V ActivityThread: callActivityOnCreate
11-28 13:57:00.651  6418  6418 I Poster  :  onCreate() called.
11-28 13:57:00.654  6418  6418 I HwApsImpl: APS: new HwApsImpl created
11-28 13:57:00.660  6418  6418 V HwWidgetFactory: : successes to get AllImpl object and return....
11-28 13:57:00.668  6418  6418 D OpenGLRenderer: Skia GL Pipeline
11-28 13:57:00.687  6418  6418 D Poster  : Server details are IP 193.166.28.132 and port 52727
11-28 13:57:00.692  6418  6418 D Poster  : Server bound to IP 193.166.28.132 and port 52727
11-28 13:57:00.697  6418  6418 D ActivityThread: add activity client record, r= ActivityRecord{db8bbd token=android.os.BinderProxy@c62e47c {symlab.cloudridar.arhud/symlab.ARHUD.MainActivity}} token= android.os.BinderProxy@c62e47c
11-28 13:57:00.700  6418  6418 I Poster  :  onStart() called.
11-28 13:57:00.700  6418  6418 D ZrHung.AppEyeUiProbe: notify runnable to start.
11-28 13:57:00.701  6418  6418 I Poster  :  onResume() called.
11-28 13:57:00.705  6418  6418 I PermissionManager: camera remind result:true
11-28 13:57:00.705  6418  6418 I Camera  : open camera: 0, package name: symlab.cloudridar.arhud
11-28 13:57:00.705  6418  6418 I BackgroundPermManager: pkgName: symlab.cloudridar.arhud,pid: 6418 ,uidOf3RdApk: 10150 ,permType: 0 ,permCfg: 1
11-28 13:57:00.706  6418  6418 I HwCameraUtil: notifySurfaceFlingerCameraStatus : isFront = false , isOpend = true
11-28 13:57:00.716  6418  6418 D ActivityThread: isOptEnabled=false isWechatScanOpt=false
11-28 13:57:00.717  6418  6418 I HwSecImmHelper: mSecurityInputMethodService is null
11-28 13:57:00.724  6418  6418 D OpenGLRenderer:   HWUI Binary is  enabled
11-28 13:57:00.743  6418  6541 D HiTouch_PressGestureDetector: onAttached, package=symlab.cloudridar.arhud, windowType=1, mHiTouchRestricted=false
11-28 13:57:00.753  6418  6540 I ConfigStore: android::hardware::configstore::V1_0::ISurfaceFlingerConfigs::hasWideColorDisplay retrieved: 0
11-28 13:57:00.753  6418  6540 I ConfigStore: android::hardware::configstore::V1_0::ISurfaceFlingerConfigs::hasHDRDisplay retrieved: 0
11-28 13:57:00.754  6418  6540 I iGraphics: [0020080c] pn: symlab.cloudridar.arhud, p: 6418
11-28 13:57:00.754  6418  6540 I OpenGLRenderer: Initialized EGL, version 1.4, mEglDisplay 0x1
11-28 13:57:00.754  6418  6540 D OpenGLRenderer: Swap behavior 2
11-28 13:57:00.763  6418  6540 D mali_winsys: EGLint new_window_surface(egl_winsys_display *, void *, EGLSurface, EGLConfig, egl_winsys_surface **, EGLBoolean) returns 0x3000
11-28 13:57:00.773  6418  6418 I Poster  :  surfaceCreated() called.
11-28 13:57:00.774  6418  6418 I Poster  : initPreview() called
11-28 13:57:00.776  6418  6431 E         : [ZeroHung]zrhung_get_config: Get config failed for wp[0x0008]
11-28 13:57:00.778  6418  6418 I PermissionManager: camera remind result:true
11-28 13:57:00.783  6418  6418 I Poster  :  surfaceChanged() called.
11-28 13:57:00.790  6418  6429 W System  : A resource failed to call close. 
11-28 13:57:00.800  6418  6418 W InputMethodManager: startInputReason = 1
11-28 13:57:00.811  6418  6418 W InputMethodManager: startInputReason = 5
11-28 13:57:01.846  6418  6521 D Evaluation: 5 res for frame 6 received at 1574942221846
11-28 13:57:02.193  6418  6431 E         : [ZeroHung]zrhung_get_config: Get config failed for wp[0x0008]
11-28 13:57:02.204  6418  6429 W System  : A resource failed to call close. 
11-28 13:57:02.205  6418  6429 I chatty  : uid=10150(symlab.cloudridar.arhud) FinalizerDaemon identical 6 lines
11-28 13:57:02.205  6418  6429 W System  : A resource failed to call close. 
11-28 13:57:02.205  6418  6429 W System  : A resource failed to call close. 
11-28 13:57:02.205  6418  6429 I chatty  : uid=10150(symlab.cloudridar.arhud) FinalizerDaemon identical 8 lines
11-28 13:57:02.205  6418  6429 W System  : A resource failed to call close. 
11-28 13:57:02.205  6418  6429 W System  : A resource failed to call close. 
11-28 13:57:02.205  6418  6429 W System  : A resource failed to call close. 
11-28 13:57:02.206  6418  6429 W System  : A resource failed to call close. 
11-28 13:57:02.206  6418  6429 I chatty  : uid=10150(symlab.cloudridar.arhud) FinalizerDaemon identical 2 lines
11-28 13:57:02.206  6418  6429 W System  : A resource failed to call close. 
11-28 13:57:02.206  6418  6429 W System  : A resource failed to call close. 
11-28 13:57:02.206  6418  6429 W System  : A resource failed to call close. 
11-28 13:57:02.206  6418  6429 W System  : A resource failed to call close. 
11-28 13:57:02.206  6418  6429 I chatty  : uid=10150(symlab.cloudridar.arhud) FinalizerDaemon identical 4 lines
11-28 13:57:02.206  6418  6429 W System  : A resource failed to call close. 
11-28 13:57:02.206  6418  6429 W System  : A resource failed to call close. 
11-28 13:57:02.206  6418  6429 W System  : A resource failed to call close. 
11-28 13:57:03.310  6418  6431 E         : [ZeroHung]zrhung_get_config: Get config failed for wp[0x0008]
11-28 13:57:03.326  6418  6429 W System  : A resource failed to call close. 
11-28 13:57:03.328  6418  6429 I chatty  : uid=10150(symlab.cloudridar.arhud) FinalizerDaemon identical 31 lines
11-28 13:57:03.328  6418  6429 W System  : A resource failed to call close. 
11-28 13:57:04.380  6418  6431 E         : [ZeroHung]zrhung_get_config: Get config failed for wp[0x0008]
11-28 13:57:04.396  6418  6429 W System  : A resource failed to call close. 
11-28 13:57:04.396  6418  6429 W System  : A resource failed to call close. 
11-28 13:57:04.398  6418  6429 I chatty  : uid=10150(symlab.cloudridar.arhud) FinalizerDaemon identical 28 lines
11-28 13:57:04.398  6418  6429 W System  : A resource failed to call close. 
11-28 13:57:04.972  6418  6418 D stylus  : init stylus touchlistener.
11-28 13:57:04.983  6418  6418 W Settings: Setting device_provisioned has moved from android.provider.Settings.Secure to android.provider.Settings.Global.
11-28 13:57:04.983  6418  6418 V HiTouch_HiTouchSensor: User setup is finished.
11-28 13:57:05.000  6418  6418 W HiTouch_PressGestureDetector: Touch pointer move a lot. The moving distance of X is:115.40381, limit is:60The moving distance of Y is:63.689972, limit is:60
11-28 13:57:05.454  6418  6431 E         : [ZeroHung]zrhung_get_config: Get config failed for wp[0x0008]
11-28 13:57:05.472  6418  6429 W System  : A resource failed to call close. 
11-28 13:57:05.472  6418  6429 I chatty  : uid=10150(symlab.cloudridar.arhud) FinalizerDaemon identical 2 lines
11-28 13:57:05.473  6418  6429 W System  : A resource failed to call close. 
11-28 13:57:05.473  6418  6429 W System  : A resource failed to call close. 
11-28 13:57:05.474  6418  6429 I chatty  : uid=10150(symlab.cloudridar.arhud) FinalizerDaemon identical 25 lines
11-28 13:57:05.474  6418  6429 W System  : A resource failed to call close. 
11-28 13:57:05.627  6418  6418 I Poster  :  onPause() called.
11-28 13:57:05.724  6418  6418 I Camera  : close camera: 0, package name: symlab.cloudridar.arhud
11-28 13:57:05.724  6418  6418 I BackgroundPermManager: pkgName: symlab.cloudridar.arhud,pid: 6418 ,uidOf3RdApk: 10150 ,permType: 0 ,permCfg: 0
11-28 13:57:05.727  6418  6418 I HwCameraUtil: notifySurfaceFlingerCameraStatus : isFront = false , isOpend = false
11-28 13:57:05.854  6418  6418 D ZrHung.AppEyeUiProbe: stop checker.
11-28 13:57:05.882  6418  6418 I AwareBitmapCacher: init lrucache size: 2097152 pid=6418
11-28 13:57:05.895  6418  6418 I Poster  :  surfaceDestroyed() called.
11-28 13:57:05.895  6418  6418 D ViewRootImpl[MainActivity]: surface should not be released
11-28 13:57:05.895  6418  6418 I Poster  :  onStop() called.
11-28 13:57:05.903  6418  6540 W libEGL  : EGLNativeWindowType 0xf07f0008 disconnect failed
11-28 13:57:06.648  6418  6513 D ZrHung.AppEyeUiProbe: Current Activity:false
11-28 13:57:06.648  6418  6513 D ZrHung.AppEyeUiProbe: not watching, wait.
11-28 13:57:10.886  6418  6431 E         : [ZeroHung]zrhung_get_config: Get config failed for wp[0x0008]
11-28 13:57:10.907  6418  6429 W System  : A resource failed to call close. 
11-28 13:57:10.908  6418  6429 I chatty  : uid=10150(symlab.cloudridar.arhud) FinalizerDaemon identical 4 lines
11-28 13:57:10.908  6418  6429 W System  : A resource failed to call close. 
11-28 13:57:24.194  6418  6418 D Poster  : At 1574942244193 location is 65.057859567339 (latitude), and 25.46997170495216 (longitude)
11-28 13:57:24.203  6418  6418 D Poster  : Connected to mobile network 20
11-28 13:57:24.214  6418  6418 D Latitude: status
11-28 13:58:02.058  6418  6418 I Poster  :  onStart() called.
11-28 13:58:02.059  6418  6418 D ZrHung.AppEyeUiProbe: notify runnable to start.
11-28 13:58:02.059  6418  6513 D ZrHung.AppEyeUiProbe: restart watching
11-28 13:58:02.059  6418  6418 I Poster  :  onResume() called.
11-28 13:58:02.062  6418  6418 I PermissionManager: camera remind result:true
11-28 13:58:02.062  6418  6418 I Camera  : open camera: 0, package name: symlab.cloudridar.arhud
11-28 13:58:02.062  6418  6418 I BackgroundPermManager: pkgName: symlab.cloudridar.arhud,pid: 6418 ,uidOf3RdApk: 10150 ,permType: 0 ,permCfg: 1
11-28 13:58:02.064  6418  6418 I HwCameraUtil: notifySurfaceFlingerCameraStatus : isFront = false , isOpend = true
11-28 13:58:02.080  6418  6418 D ActivityThread: isOptEnabled=false isWechatScanOpt=false
11-28 13:58:02.110  6418  6540 D mali_winsys: EGLint new_window_surface(egl_winsys_display *, void *, EGLSurface, EGLConfig, egl_winsys_surface **, EGLBoolean) returns 0x3000
11-28 13:58:02.135  6418  6418 I Poster  :  surfaceCreated() called.
11-28 13:58:02.135  6418  6418 I Poster  : initPreview() called
11-28 13:58:02.138  6418  6418 I PermissionManager: camera remind result:true
11-28 13:58:02.143  6418  6418 I Poster  :  surfaceChanged() called.
11-28 13:58:02.144  6418  6418 E BpSurfaceComposerClient: Failed to transact (-1)
11-28 13:58:02.144  6418  6418 E BpSurfaceComposerClient: Failed to transact (-1)
11-28 13:58:02.145  6418  6418 W InputMethodManager: startInputReason = 1
11-28 13:58:02.174  6418  6540 W libEGL  : EGLNativeWindowType 0xf07f0008 disconnect failed
11-28 13:58:02.175  6418  6540 D mali_winsys: EGLint new_window_surface(egl_winsys_display *, void *, EGLSurface, EGLConfig, egl_winsys_surface **, EGLBoolean) returns 0x3000
11-28 13:58:02.418  6418  6418 W MessageQueue: Handler (android.os.Handler) {56d7f62} sending message to a Handler on a dead thread
11-28 13:58:02.418  6418  6418 W MessageQueue: java.lang.IllegalStateException: Handler (android.os.Handler) {56d7f62} sending message to a Handler on a dead thread
11-28 13:58:02.418  6418  6418 W MessageQueue: 	at android.os.MessageQueue.enqueueMessage(MessageQueue.java:650)
11-28 13:58:02.418  6418  6418 W MessageQueue: 	at android.os.Handler.enqueueMessage(Handler.java:769)
11-28 13:58:02.418  6418  6418 W MessageQueue: 	at android.os.Handler.sendMessageAtTime(Handler.java:718)
11-28 13:58:02.418  6418  6418 W MessageQueue: 	at android.os.Handler.sendMessageDelayed(Handler.java:688)
11-28 13:58:02.418  6418  6418 W MessageQueue: 	at android.os.Handler.post(Handler.java:405)
11-28 13:58:02.418  6418  6418 W MessageQueue: 	at symlab.CloudAR.ARManager.recognizeTime(ARManager.java:152)
11-28 13:58:02.418  6418  6418 W MessageQueue: 	at symlab.ARHUD.MainActivity$3.onPreviewFrame(MainActivity.java:296)
11-28 13:58:02.418  6418  6418 W MessageQueue: 	at android.hardware.Camera$EventHandler.handleMessage(Camera.java:1278)
11-28 13:58:02.418  6418  6418 W MessageQueue: 	at android.os.Handler.dispatchMessage(Handler.java:112)
11-28 13:58:02.418  6418  6418 W MessageQueue: 	at android.os.Looper.loop(Looper.java:216)
11-28 13:58:02.418  6418  6418 W MessageQueue: 	at android.app.ActivityThread.main(ActivityThread.java:7579)
11-28 13:58:02.418  6418  6418 W MessageQueue: 	at java.lang.reflect.Method.invoke(Native Method)
11-28 13:58:02.418  6418  6418 W MessageQueue: 	at com.android.internal.os.RuntimeInit$MethodAndArgsCaller.run(RuntimeInit.java:524)
11-28 13:58:02.418  6418  6418 W MessageQueue: 	at com.android.internal.os.ZygoteInit.main(ZygoteInit.java:1034)
11-28 13:58:02.418  6418  6418 W MessageQueue: Handler (android.os.Handler) {56d7f62} sending message to a Handler on a dead thread
11-28 13:58:02.418  6418  6418 W MessageQueue: java.lang.IllegalStateException: Handler (android.os.Handler) {56d7f62} sending message to a Handler on a dead thread
11-28 13:58:02.418  6418  6418 W MessageQueue: 	at android.os.MessageQueue.enqueueMessage(MessageQueue.java:650)
11-28 13:58:02.418  6418  6418 W MessageQueue: 	at android.os.Handler.enqueueMessage(Handler.java:769)
11-28 13:58:02.418  6418  6418 W MessageQueue: 	at android.os.Handler.sendMessageAtTime(Handler.java:718)
11-28 13:58:02.418  6418  6418 W MessageQueue: 	at android.os.Handler.sendMessageDelayed(Handler.java:688)
11-28 13:58:02.418  6418  6418 W MessageQueue: 	at android.os.Handler.post(Handler.java:405)
11-28 13:58:02.418  6418  6418 W MessageQueue: 	at symlab.CloudAR.ARManager.driveFrame(ARManager.java:157)
11-28 13:58:02.418  6418  6418 W MessageQueue: 	at symlab.ARHUD.MainActivity$3.onPreviewFrame(MainActivity.java:297)
11-28 13:58:02.418  6418  6418 W MessageQueue: 	at android.hardware.Camera$EventHandler.handleMessage(Camera.java:1278)
11-28 13:58:02.418  6418  6418 W MessageQueue: 	at android.os.Handler.dispatchMessage(Handler.java:112)
11-28 13:58:02.418  6418  6418 W MessageQueue: 	at android.os.Looper.loop(Looper.java:216)
11-28 13:58:02.418  6418  6418 W MessageQueue: 	at android.app.ActivityThread.main(ActivityThread.java:7579)
11-28 13:58:02.418  6418  6418 W MessageQueue: 	at java.lang.reflect.Method.invoke(Native Method)
11-28 13:58:02.418  6418  6418 W MessageQueue: 	at com.android.internal.os.RuntimeInit$MethodAndArgsCaller.run(RuntimeInit.java:524)
11-28 13:58:02.418  6418  6418 W MessageQueue: 	at com.android.internal.os.ZygoteInit.main(ZygoteInit.java:1034)
11-28 13:58:02.447  6418  6418 W MessageQueue: Handler (android.os.Handler) {56d7f62} sending message to a Handler on a dead thread
11-28 13:58:02.447  6418  6418 W MessageQueue: java.lang.IllegalStateException: Handler (android.os.Handler) {56d7f62} sending message to a Handler on a dead thread
11-28 13:58:02.447  6418  6418 W MessageQueue: 	at android.os.MessageQueue.enqueueMessage(MessageQueue.java:650)
11-28 13:58:02.447  6418  6418 W MessageQueue: 	at android.os.Handler.enqueueMessage(Handler.java:769)
11-28 13:58:02.447  6418  6418 W MessageQueue: 	at android.os.Handler.sendMessageAtTime(Handler.java:718)
11-28 13:58:02.447  6418  6418 W MessageQueue: 	at android.os.Handler.sendMessageDelayed(Handler.java:688)
11-28 13:58:02.447  6418  6418 W MessageQueue: 	at android.os.Handler.post(Handler.java:405)
11-28 13:58:02.447  6418  6418 W MessageQueue: 	at symlab.CloudAR.ARManager.recognizeTime(ARManager.java:152)
11-28 13:58:02.447  6418  6418 W MessageQueue: 	at symlab.ARHUD.MainActivity$3.onPreviewFrame(MainActivity.java:296)
11-28 13:58:02.447  6418  6418 W MessageQueue: 	at android.hardware.Camera$EventHandler.handleMessage(Camera.java:1278)
11-28 13:58:02.447  6418  6418 W MessageQueue: 	at android.os.Handler.dispatchMessage(Handler.java:112)
11-28 13:58:02.447  6418  6418 W MessageQueue: 	at android.os.Looper.loop(Looper.java:216)
11-28 13:58:02.447  6418  6418 W MessageQueue: 	at android.app.ActivityThread.main(ActivityThread.java:7579)
11-28 13:58:02.447  6418  6418 W MessageQueue: 	at java.lang.reflect.Method.invoke(Native Method)
11-28 13:58:02.447  6418  6418 W MessageQueue: 	at com.android.internal.os.RuntimeInit$MethodAndArgsCaller.run(RuntimeInit.java:524)
11-28 13:58:02.447  6418  6418 W MessageQueue: 	at com.android.internal.os.ZygoteInit.main(ZygoteInit.java:1034)
11-28 13:58:02.448  6418  6418 W MessageQueue: Handler (android.os.Handler) {56d7f62} sending message to a Handler on a dead thread
11-28 13:58:02.448  6418  6418 W MessageQueue: java.lang.IllegalStateException: Handler (android.os.Handler) {56d7f62} sending message to a Handler on a dead thread
11-28 13:58:02.448  6418  6418 W MessageQueue: 	at android.os.MessageQueue.enqueueMessage(MessageQueue.java:650)
11-28 13:58:02.448  6418  6418 W MessageQueue: 	at android.os.Handler.enqueueMessage(Handler.java:769)
11-28 13:58:02.448  6418  6418 W MessageQueue: 	at android.os.Handler.sendMessageAtTime(Handler.java:718)
11-28 13:58:02.448  6418  6418 W MessageQueue: 	at android.os.Handler.sendMessageDelayed(Handler.java:688)
11-28 13:58:02.448  6418  6418 W MessageQueue: 	at android.os.Handler.post(Handler.java:405)
11-28 13:58:02.448  6418  6418 W MessageQueue: 	at symlab.CloudAR.ARManager.driveFrame(ARManager.java:157)
11-28 13:58:02.448  6418  6418 W MessageQueue: 	at symlab.ARHUD.MainActivity$3.onPreviewFrame(MainActivity.java:297)
11-28 13:58:02.448  6418  6418 W MessageQueue: 	at android.hardware.Camera$EventHandler.handleMessage(Camera.java:1278)
11-28 13:58:02.448  6418  6418 W MessageQueue: 	at android.os.Handler.dispatchMessage(Handler.java:112)
11-28 13:58:02.448  6418  6418 W MessageQueue: 	at android.os.Looper.loop(Looper.java:216)
11-28 13:58:02.448  6418  6418 W MessageQueue: 	at android.app.ActivityThread.main(ActivityThread.java:7579)
11-28 13:58:02.448  6418  6418 W MessageQueue: 	at java.lang.reflect.Method.invoke(Native Method)
11-28 13:58:02.448  6418  6418 W MessageQueue: 	at com.android.internal.os.RuntimeInit$MethodAndArgsCaller.run(RuntimeInit.java:524)
11-28 13:58:02.448  6418  6418 W MessageQueue: 	at com.android.internal.os.ZygoteInit.main(ZygoteInit.java:1034)
11-28 13:58:02.489  6418  6418 W MessageQueue: Handler (android.os.Handler) {56d7f62} sending message to a Handler on a dead thread
11-28 13:58:02.489  6418  6418 W MessageQueue: java.lang.IllegalStateException: Handler (android.os.Handler) {56d7f62} sending message to a Handler on a dead thread
11-28 13:58:02.489  6418  6418 W MessageQueue: 	at android.os.MessageQueue.enqueueMessage(MessageQueue.java:650)
11-28 13:58:02.489  6418  6418 W MessageQueue: 	at android.os.Handler.enqueueMessage(Handler.java:769)
11-28 13:58:02.489  6418  6418 W MessageQueue: 	at android.os.Handler.sendMessageAtTime(Handler.java:718)
11-28 13:58:02.489  6418  6418 W MessageQueue: 	at android.os.Handler.sendMessageDelayed(Handler.java:688)
11-28 13:58:02.489  6418  6418 W MessageQueue: 	at android.os.Handler.post(Handler.java:405)
11-28 13:58:02.489  6418  6418 W MessageQueue: 	at symlab.CloudAR.ARManager.recognizeTime(ARManager.java:152)
11-28 13:58:02.489  6418  6418 W MessageQueue: 	at symlab.ARHUD.MainActivity$3.onPreviewFrame(MainActivity.java:296)
11-28 13:58:02.489  6418  6418 W MessageQueue: 	at android.hardware.Camera$EventHandler.handleMessage(Camera.java:1278)
11-28 13:58:02.489  6418  6418 W MessageQueue: 	at android.os.Handler.dispatchMessage(Handler.java:112)
11-28 13:58:02.489  6418  6418 W MessageQueue: 	at android.os.Looper.loop(Looper.java:216)
11-28 13:58:02.489  6418  6418 W MessageQueue: 	at android.app.ActivityThread.main(ActivityThread.java:7579)
11-28 13:58:02.489  6418  6418 W MessageQueue: 	at java.lang.reflect.Method.invoke(Native Method)
11-28 13:58:02.489  6418  6418 W MessageQueue: 	at com.android.internal.os.RuntimeInit$MethodAndArgsCaller.run(RuntimeInit.java:524)
11-28 13:58:02.489  6418  6418 W MessageQueue: 	at com.android.internal.os.ZygoteInit.main(ZygoteInit.java:1034)
11-28 13:58:02.490  6418  6418 W MessageQueue: Handler (android.os.Handler) {56d7f62} sending message to a Handler on a dead thread
11-28 13:58:02.490  6418  6418 W MessageQueue: java.lang.IllegalStateException: Handler (android.os.Handler) {56d7f62} sending message to a Handler on a dead thread
11-28 13:58:02.490  6418  6418 W MessageQueue: 	at android.os.MessageQueue.enqueueMessage(MessageQueue.java:650)
11-28 13:58:02.490  6418  6418 W MessageQueue: 	at android.os.Handler.enqueueMessage(Handler.java:769)
11-28 13:58:02.490  6418  6418 W MessageQueue: 	at android.os.Handler.sendMessageAtTime(Handler.java:718)
11-28 13:58:02.490  6418  6418 W MessageQueue: 	at android.os.Handler.sendMessageDelayed(Handler.java:688)
11-28 13:58:02.490  6418  6418 W MessageQueue: 	at android.os.Handler.post(Handler.java:405)
11-28 13:58:02.490  6418  6418 W MessageQueue: 	at symlab.CloudAR.ARManager.driveFrame(ARManager.java:157)
11-28 13:58:02.490  6418  6418 W MessageQueue: 	at symlab.ARHUD.MainActivity$3.onPreviewFrame(MainActivity.java:297)
11-28 13:58:02.490  6418  6418 W MessageQueue: 	at android.hardware.Camera$EventHandler.handleMessage(Camera.java:1278)
11-28 13:58:02.490  6418  6418 W MessageQueue: 	at android.os.Handler.dispatchMessage(Handler.java:112)
11-28 13:58:02.490  6418  6418 W MessageQueue: 	at android.os.Looper.loop(Looper.java:216)
11-28 13:58:02.490  6418  6418 W MessageQueue: 	at android.app.ActivityThread.main(ActivityThread.java:7579)
11-28 13:58:02.490  6418  6418 W MessageQueue: 	at java.lang.reflect.Method.invoke(Native Method)
11-28 13:58:02.490  6418  6418 W MessageQueue: 	at com.android.internal.os.RuntimeInit$MethodAndArgsCaller.run(RuntimeInit.java:524)
11-28 13:58:02.490  6418  6418 W MessageQueue: 	at com.android.internal.os.ZygoteInit.main(ZygoteInit.java:1034)
11-28 13:58:02.521  6418  6418 W MessageQueue: Handler (android.os.Handler) {56d7f62} sending message to a Handler on a dead thread
11-28 13:58:02.521  6418  6418 W MessageQueue: java.lang.IllegalStateException: Handler (android.os.Handler) {56d7f62} sending message to a Handler on a dead thread
11-28 13:58:02.521  6418  6418 W MessageQueue: 	at android.os.MessageQueue.enqueueMessage(MessageQueue.java:650)
11-28 13:58:02.521  6418  6418 W MessageQueue: 	at android.os.Handler.enqueueMessage(Handler.java:769)
11-28 13:58:02.521  6418  6418 W MessageQueue: 	at android.os.Handler.sendMessageAtTime(Handler.java:718)
11-28 13:58:02.521  6418  6418 W MessageQueue: 	at android.os.Handler.sendMessageDelayed(Handler.java:688)
11-28 13:58:02.521  6418  6418 W MessageQueue: 	at android.os.Handler.post(Handler.java:405)
11-28 13:58:02.521  6418  6418 W MessageQueue: 	at symlab.CloudAR.ARManager.recognizeTime(ARManager.java:152)
11-28 13:58:02.521  6418  6418 W MessageQueue: 	at symlab.ARHUD.MainActivity$3.onPreviewFrame(MainActivity.java:296)
11-28 13:58:02.521  6418  6418 W MessageQueue: 	at android.hardware.Camera$EventHandler.handleMessage(Camera.java:1278)
11-28 13:58:02.521  6418  6418 W MessageQueue: 	at android.os.Handler.dispatchMessage(Handler.java:112)
11-28 13:58:02.521  6418  6418 W MessageQueue: 	at android.os.Looper.loop(Looper.java:216)
11-28 13:58:02.521  6418  6418 W MessageQueue: 	at android.app.ActivityThread.main(ActivityThread.java:7579)
11-28 13:58:02.521  6418  6418 W MessageQueue: 	at java.lang.reflect.Method.invoke(Native Method)
11-28 13:58:02.521  6418  6418 W MessageQueue: 	at com.android.internal.os.RuntimeInit$MethodAndArgsCaller.run(RuntimeInit.java:524)
11-28 13:58:02.521  6418  6418 W MessageQueue: 	at com.android.internal.os.ZygoteInit.main(ZygoteInit.java:1034)
11-28 13:58:02.522  6418  6418 W MessageQueue: Handler (android.os.Handler) {56d7f62} sending message to a Handler on a dead thread
11-28 13:58:02.522  6418  6418 W MessageQueue: java.lang.IllegalStateException: Handler (android.os.Handler) {56d7f62} sending message to a Handler on a dead thread
11-28 13:58:02.522  6418  6418 W MessageQueue: 	at android.os.MessageQueue.enqueueMessage(MessageQueue.java:650)
11-28 13:58:02.522  6418  6418 W MessageQueue: 	at android.os.Handler.enqueueMessage(Handler.java:769)
11-28 13:58:02.522  6418  6418 W MessageQueue: 	at android.os.Handler.sendMessageAtTime(Handler.java:718)
11-28 13:58:02.522  6418  6418 W MessageQueue: 	at android.os.Handler.sendMessageDelayed(Handler.java:688)
11-28 13:58:02.522  6418  6418 W MessageQueue: 	at android.os.Handler.post(Handler.java:405)
11-28 13:58:02.522  6418  6418 W MessageQueue: 	at symlab.CloudAR.ARManager.driveFrame(ARManager.java:157)
11-28 13:58:02.522  6418  6418 W MessageQueue: 	at symlab.ARHUD.MainActivity$3.onPreviewFrame(MainActivity.java:297)
11-28 13:58:02.522  6418  6418 W MessageQueue: 	at android.hardware.Camera$EventHandler.handleMessage(Camera.java:1278)
11-28 13:58:02.522  6418  6418 W MessageQueue: 	at android.os.Handler.dispatchMessage(Handler.java:112)
11-28 13:58:02.522  6418  6418 W MessageQueue: 	at android.os.Looper.loop(Looper.java:216)
11-28 13:58:02.522  6418  6418 W MessageQueue: 	at android.app.ActivityThread.main(ActivityThread.java:7579)
11-28 13:58:02.522  6418  6418 W MessageQueue: 	at java.lang.reflect.Method.invoke(Native Method)
11-28 13:58:02.522  6418  6418 W MessageQueue: 	at com.android.internal.os.RuntimeInit$MethodAndArgsCaller.run(RuntimeInit.java:524)
11-28 13:58:02.522  6418  6418 W MessageQueue: 	at com.android.internal.os.ZygoteInit.main(ZygoteInit.java:1034)
11-28 13:58:02.557  6418  6418 W MessageQueue: Handler (android.os.Handler) {56d7f62} sending message to a Handler on a dead thread
11-28 13:58:02.557  6418  6418 W MessageQueue: java.lang.IllegalStateException: Handler (android.os.Handler) {56d7f62} sending message to a Handler on a dead thread
11-28 13:58:02.557  6418  6418 W MessageQueue: 	at android.os.MessageQueue.enqueueMessage(MessageQueue.java:650)
11-28 13:58:02.557  6418  6418 W MessageQueue: 	at android.os.Handler.enqueueMessage(Handler.java:769)
11-28 13:58:02.557  6418  6418 W MessageQueue: 	at android.os.Handler.sendMessageAtTime(Handler.java:718)
11-28 13:58:02.557  6418  6418 W MessageQueue: 	at android.os.Handler.sendMessageDelayed(Handler.java:688)
11-28 13:58:02.557  6418  6418 W MessageQueue: 	at android.os.Handler.post(Handler.java:405)
11-28 13:58:02.557  6418  6418 W MessageQueue: 	at symlab.CloudAR.ARManager.recognizeTime(ARManager.java:152)
11-28 13:58:02.557  6418  6418 W MessageQueue: 	at symlab.ARHUD.MainActivity$3.onPreviewFrame(MainActivity.java:296)
11-28 13:58:02.557  6418  6418 W MessageQueue: 	at android.hardware.Camera$EventHandler.handleMessage(Camera.java:1278)
11-28 13:58:02.557  6418  6418 W MessageQueue: 	at android.os.Handler.dispatchMessage(Handler.java:112)
11-28 13:58:02.557  6418  6418 W MessageQueue: 	at android.os.Looper.loop(Looper.java:216)
11-28 13:58:02.557  6418  6418 W MessageQueue: 	at android.app.ActivityThread.main(ActivityThread.java:7579)
11-28 13:58:02.557  6418  6418 W MessageQueue: 	at java.lang.reflect.Method.invoke(Native Method)
11-28 13:58:02.557  6418  6418 W MessageQueue: 	at com.android.internal.os.RuntimeInit$MethodAndArgsCaller.run(RuntimeInit.java:524)
11-28 13:58:02.557  6418  6418 W MessageQueue: 	at com.android.internal.os.ZygoteInit.main(ZygoteInit.java:1034)
11-28 13:58:02.557  6418  6418 W MessageQueue: Handler (android.os.Handler) {56d7f62} sending message to a Handler on a dead thread
11-28 13:58:02.557  6418  6418 W MessageQueue: java.lang.IllegalStateException: Handler (android.os.Handler) {56d7f62} sending message to a Handler on a dead thread
11-28 13:58:02.557  6418  6418 W MessageQueue: 	at android.os.MessageQueue.enqueueMessage(MessageQueue.java:650)
11-28 13:58:02.557  6418  6418 W MessageQueue: 	at android.os.Handler.enqueueMessage(Handler.java:769)
11-28 13:58:02.557  6418  6418 W MessageQueue: 	at android.os.Handler.sendMessageAtTime(Handler.java:718)
11-28 13:58:02.557  6418  6418 W MessageQueue: 	at android.os.Handler.sendMessageDelayed(Handler.java:688)
11-28 13:58:02.557  6418  6418 W MessageQueue: 	at android.os.Handler.post(Handler.java:405)
11-28 13:58:02.557  6418  6418 W MessageQueue: 	at symlab.CloudAR.ARManager.driveFrame(ARManager.java:157)
11-28 13:58:02.557  6418  6418 W MessageQueue: 	at symlab.ARHUD.MainActivity$3.onPreviewFrame(MainActivity.java:297)
11-28 13:58:02.557  6418  6418 W MessageQueue: 	at android.hardware.Camera$EventHandler.handleMessage(Camera.java:1278)
11-28 13:58:02.557  6418  6418 W MessageQueue: 	at android.os.Handler.dispatchMessage(Handler.java:112)
11-28 13:58:02.557  6418  6418 W MessageQueue: 	at android.os.Looper.loop(Looper.java:216)
11-28 13:58:02.557  6418  6418 W MessageQueue: 	at android.app.ActivityThread.main(ActivityThread.java:7579)
11-28 13:58:02.557  6418  6418 W MessageQueue: 	at java.lang.reflect.Method.invoke(Native Method)
11-28 13:58:02.557  6418  6418 W MessageQueue: 	at com.android.internal.os.RuntimeInit$MethodAndArgsCaller.run(RuntimeInit.java:524)
11-28 13:58:02.557  6418  6418 W MessageQueue: 	at com.android.internal.os.ZygoteInit.main(ZygoteInit.java:1034)
11-28 13:58:02.592  6418  6418 W MessageQueue: Handler (android.os.Handler) {56d7f62} sending message to a Handler on a dead thread
11-28 13:58:02.592  6418  6418 W MessageQueue: java.lang.IllegalStateException: Handler (android.os.Handler) {56d7f62} sending message to a Handler on a dead thread
11-28 13:58:02.592  6418  6418 W MessageQueue: 	at android.os.MessageQueue.enqueueMessage(MessageQueue.java:650)
11-28 13:58:02.592  6418  6418 W MessageQueue: 	at android.os.Handler.enqueueMessage(Handler.java:769)
11-28 13:58:02.592  6418  6418 W MessageQueue: 	at android.os.Handler.sendMessageAtTime(Handler.java:718)
11-28 13:58:02.592  6418  6418 W MessageQueue: 	at android.os.Handler.sendMessageDelayed(Handler.java:688)
11-28 13:58:02.592  6418  6418 W MessageQueue: 	at android.os.Handler.post(Handler.java:405)
11-28 13:58:02.592  6418  6418 W MessageQueue: 	at symlab.CloudAR.ARManager.recognizeTime(ARManager.java:152)
11-28 13:58:02.592  6418  6418 W MessageQueue: 	at symlab.ARHUD.MainActivity$3.onPreviewFrame(MainActivity.java:296)
11-28 13:58:02.592  6418  6418 W MessageQueue: 	at android.hardware.Camera$EventHandler.handleMessage(Camera.java:1278)
11-28 13:58:02.592  6418  6418 W MessageQueue: 	at android.os.Handler.dispatchMessage(Handler.java:112)
11-28 13:58:02.592  6418  6418 W MessageQueue: 	at android.os.Looper.loop(Looper.java:216)
11-28 13:58:02.592  6418  6418 W MessageQueue: 	at android.app.ActivityThread.main(ActivityThread.java:7579)
11-28 13:58:02.592  6418  6418 W MessageQueue: 	at java.lang.reflect.Method.invoke(Native Method)
11-28 13:58:02.592  6418  6418 W MessageQueue: 	at com.android.internal.os.RuntimeInit$MethodAndArgsCaller.run(RuntimeInit.java:524)
11-28 13:58:02.592  6418  6418 W MessageQueue: 	at com.android.internal.os.ZygoteInit.main(ZygoteInit.java:1034)
11-28 13:58:02.593  6418  6418 W MessageQueue: Handler (android.os.Handler) {56d7f62} sending message to a Handler on a dead thread
11-28 13:58:02.593  6418  6418 W MessageQueue: java.lang.IllegalStateException: Handler (android.os.Handler) {56d7f62} sending message to a Handler on a dead thread
11-28 13:58:02.593  6418  6418 W MessageQueue: 	at android.os.MessageQueue.enqueueMessage(MessageQueue.java:650)
11-28 13:58:02.593  6418  6418 W MessageQueue: 	at android.os.Handler.enqueueMessage(Handler.java:769)
11-28 13:58:02.593  6418  6418 W MessageQueue: 	at android.os.Handler.sendMessageAtTime(Handler.java:718)
11-28 13:58:02.593  6418  6418 W MessageQueue: 	at android.os.Handler.sendMessageDelayed(Handler.java:688)
11-28 13:58:02.593  6418  6418 W MessageQueue: 	at android.os.Handler.post(Handler.java:405)
11-28 13:58:02.593  6418  6418 W MessageQueue: 	at symlab.CloudAR.ARManager.driveFrame(ARManager.java:157)
11-28 13:58:02.593  6418  6418 W MessageQueue: 	at symlab.ARHUD.MainActivity$3.onPreviewFrame(MainActivity.java:297)
11-28 13:58:02.593  6418  6418 W MessageQueue: 	at android.hardware.Camera$EventHandler.handleMessage(Camera.java:1278)
11-28 13:58:02.593  6418  6418 W MessageQueue: 	at android.os.Handler.dispatchMessage(Handler.java:112)
11-28 13:58:02.593  6418  6418 W MessageQueue: 	at android.os.Looper.loop(Looper.java:216)
11-28 13:58:02.593  6418  6418 W MessageQueue: 	at android.app.ActivityThread.main(ActivityThread.java:7579)
11-28 13:58:02.593  6418  6418 W MessageQueue: 	at java.lang.reflect.Method.invoke(Native Method)
11-28 13:58:02.593  6418  6418 W MessageQueue: 	at com.android.internal.os.RuntimeInit$MethodAndArgsCaller.run(RuntimeInit.java:524)
11-28 13:58:02.593  6418  6418 W MessageQueue: 	at com.android.internal.os.ZygoteInit.main(ZygoteInit.java:1034)
11-28 13:58:02.628  6418  6418 W MessageQueue: Handler (android.os.Handler) {56d7f62} sending message to a Handler on a dead thread
11-28 13:58:02.628  6418  6418 W MessageQueue: java.lang.IllegalStateException: Handler (android.os.Handler) {56d7f62} sending message to a Handler on a dead thread
11-28 13:58:02.628  6418  6418 W MessageQueue: 	at android.os.MessageQueue.enqueueMessage(MessageQueue.java:650)
11-28 13:58:02.628  6418  6418 W MessageQueue: 	at android.os.Handler.enqueueMessage(Handler.java:769)
11-28 13:58:02.628  6418  6418 W MessageQueue: 	at android.os.Handler.sendMessageAtTime(Handler.java:718)
11-28 13:58:02.628  6418  6418 W MessageQueue: 	at android.os.Handler.sendMessageDelayed(Handler.java:688)
11-28 13:58:02.628  6418  6418 W MessageQueue: 	at android.os.Handler.post(Handler.java:405)
11-28 13:58:02.628  6418  6418 W MessageQueue: 	at symlab.CloudAR.ARManager.recognizeTime(ARManager.java:152)
11-28 13:58:02.628  6418  6418 W MessageQueue: 	at symlab.ARHUD.MainActivity$3.onPreviewFrame(MainActivity.java:296)
11-28 13:58:02.628  6418  6418 W MessageQueue: 	at android.hardware.Camera$EventHandler.handleMessage(Camera.java:1278)
11-28 13:58:02.628  6418  6418 W MessageQueue: 	at android.os.Handler.dispatchMessage(Handler.java:112)
11-28 13:58:02.628  6418  6418 W MessageQueue: 	at android.os.Looper.loop(Looper.java:216)
11-28 13:58:02.628  6418  6418 W MessageQueue: 	at android.app.ActivityThread.main(ActivityThread.java:7579)
11-28 13:58:02.628  6418  6418 W MessageQueue: 	at java.lang.reflect.Method.invoke(Native Method)
11-28 13:58:02.628  6418  6418 W MessageQueue: 	at com.android.internal.os.RuntimeInit$MethodAndArgsCaller.run(RuntimeInit.java:524)
11-28 13:58:02.628  6418  6418 W MessageQueue: 	at com.android.internal.os.ZygoteInit.main(ZygoteInit.java:1034)
11-28 13:58:02.629  6418  6418 W MessageQueue: Handler (android.os.Handler) {56d7f62} sending message to a Handler on a dead thread
11-28 13:58:02.629  6418  6418 W MessageQueue: java.lang.IllegalStateException: Handler (android.os.Handler) {56d7f62} sending message to a Handler on a dead thread
11-28 13:58:02.629  6418  6418 W MessageQueue: 	at android.os.MessageQueue.enqueueMessage(MessageQueue.java:650)
11-28 13:58:02.629  6418  6418 W MessageQueue: 	at android.os.Handler.enqueueMessage(Handler.java:769)
11-28 13:58:02.629  6418  6418 W MessageQueue: 	at android.os.Handler.sendMessageAtTime(Handler.java:718)
11-28 13:58:02.629  6418  6418 W MessageQueue: 	at android.os.Handler.sendMessageDelayed(Handler.java:688)
11-28 13:58:02.629  6418  6418 W MessageQueue: 	at android.os.Handler.post(Handler.java:405)
11-28 13:58:02.629  6418  6418 W MessageQueue: 	at symlab.CloudAR.ARManager.driveFrame(ARManager.java:157)
11-28 13:58:02.629  6418  6418 W MessageQueue: 	at symlab.ARHUD.MainActivity$3.onPreviewFrame(MainActivity.java:297)
11-28 13:58:02.629  6418  6418 W MessageQueue: 	at android.hardware.Camera$EventHandler.handleMessage(Camera.java:1278)
11-28 13:58:02.629  6418  6418 W MessageQueue: 	at android.os.Handler.dispatchMessage(Handler.java:112)
11-28 13:58:02.629  6418  6418 W MessageQueue: 	at android.os.Looper.loop(Looper.java:216)
11-28 13:58:02.629  6418  6418 W MessageQueue: 	at android.app.ActivityThread.main(ActivityThread.java:7579)
11-28 13:58:02.629  6418  6418 W MessageQueue: 	at java.lang.reflect.Method.invoke(Native Method)
11-28 13:58:02.629  6418  6418 W MessageQueue: 	at com.android.internal.os.RuntimeInit$MethodAndArgsCaller.run(RuntimeInit.java:524)
11-28 13:58:02.629  6418  6418 W MessageQueue: 	at com.android.internal.os.ZygoteInit.main(ZygoteInit.java:1034)
11-28 13:58:02.662  6418  6418 W MessageQueue: Handler (android.os.Handler) {56d7f62} sending message to a Handler on a dead thread
11-28 13:58:02.662  6418  6418 W MessageQueue: java.lang.IllegalStateException: Handler (android.os.Handler) {56d7f62} sending message to a Handler on a dead thread
11-28 13:58:02.662  6418  6418 W MessageQueue: 	at android.os.MessageQueue.enqueueMessage(MessageQueue.java:650)
11-28 13:58:02.662  6418  6418 W MessageQueue: 	at android.os.Handler.enqueueMessage(Handler.java:769)
11-28 13:58:02.662  6418  6418 W MessageQueue: 	at android.os.Handler.sendMessageAtTime(Handler.java:718)
11-28 13:58:02.662  6418  6418 W MessageQueue: 	at android.os.Handler.sendMessageDelayed(Handler.java:688)
11-28 13:58:02.662  6418  6418 W MessageQueue: 	at android.os.Handler.post(Handler.java:405)
11-28 13:58:02.662  6418  6418 W MessageQueue: 	at symlab.CloudAR.ARManager.recognizeTime(ARManager.java:152)
11-28 13:58:02.662  6418  6418 W MessageQueue: 	at symlab.ARHUD.MainActivity$3.onPreviewFrame(MainActivity.java:296)
11-28 13:58:02.662  6418  6418 W MessageQueue: 	at android.hardware.Camera$EventHandler.handleMessage(Camera.java:1278)
11-28 13:58:02.662  6418  6418 W MessageQueue: 	at android.os.Handler.dispatchMessage(Handler.java:112)
11-28 13:58:02.662  6418  6418 W MessageQueue: 	at android.os.Looper.loop(Looper.java:216)
11-28 13:58:02.662  6418  6418 W MessageQueue: 	at android.app.ActivityThread.main(ActivityThread.java:7579)
11-28 13:58:02.662  6418  6418 W MessageQueue: 	at java.lang.reflect.Method.invoke(Native Method)
11-28 13:58:02.662  6418  6418 W MessageQueue: 	at com.android.internal.os.RuntimeInit$MethodAndArgsCaller.run(RuntimeInit.java:524)
11-28 13:58:02.662  6418  6418 W MessageQueue: 	at com.android.internal.os.ZygoteInit.main(ZygoteInit.java:1034)
11-28 13:58:02.663  6418  6418 W MessageQueue: Handler (android.os.Handler) {56d7f62} sending message to a Handler on a dead thread
11-28 13:58:02.663  6418  6418 W MessageQueue: java.lang.IllegalStateException: Handler (android.os.Handler) {56d7f62} sending message to a Handler on a dead thread
11-28 13:58:02.663  6418  6418 W MessageQueue: 	at android.os.MessageQueue.enqueueMessage(MessageQueue.java:650)
11-28 13:58:02.663  6418  6418 W MessageQueue: 	at android.os.Handler.enqueueMessage(Handler.java:769)
11-28 13:58:02.663  6418  6418 W MessageQueue: 	at android.os.Handler.sendMessageAtTime(Handler.java:718)
11-28 13:58:02.663  6418  6418 W MessageQueue: 	at android.os.Handler.sendMessageDelayed(Handler.java:688)
11-28 13:58:02.663  6418  6418 W MessageQueue: 	at android.os.Handler.post(Handler.java:405)
11-28 13:58:02.663  6418  6418 W MessageQueue: 	at symlab.CloudAR.ARManager.driveFrame(ARManager.java:157)
11-28 13:58:02.663  6418  6418 W MessageQueue: 	at symlab.ARHUD.MainActivity$3.onPreviewFrame(MainActivity.java:297)
11-28 13:58:02.663  6418  6418 W MessageQueue: 	at android.hardware.Camera$EventHandler.handleMessage(Camera.java:1278)
11-28 13:58:02.663  6418  6418 W MessageQueue: 	at android.os.Handler.dispatchMessage(Handler.java:112)
11-28 13:58:02.663  6418  6418 W MessageQueue: 	at android.os.Looper.loop(Looper.java:216)
11-28 13:58:02.663  6418  6418 W MessageQueue: 	at android.app.ActivityThread.main(ActivityThread.java:7579)
11-28 13:58:02.663  6418  6418 W MessageQueue: 	at java.lang.reflect.Method.invoke(Native Method)
11-28 13:58:02.663  6418  6418 W MessageQueue: 	at com.android.internal.os.RuntimeInit$MethodAndArgsCaller.run(RuntimeInit.java:524)
11-28 13:58:02.663  6418  6418 W MessageQueue: 	at com.android.internal.os.ZygoteInit.main(ZygoteInit.java:1034)
11-28 13:58:02.695  6418  6418 W MessageQueue: Handler (android.os.Handler) {56d7f62} sending message to a Handler on a dead thread
11-28 13:58:02.695  6418  6418 W MessageQueue: java.lang.IllegalStateException: Handler (android.os.Handler) {56d7f62} sending message to a Handler on a dead thread
11-28 13:58:02.695  6418  6418 W MessageQueue: 	at android.os.MessageQueue.enqueueMessage(MessageQueue.java:650)
11-28 13:58:02.695  6418  6418 W MessageQueue: 	at android.os.Handler.enqueueMessage(Handler.java:769)
11-28 13:58:02.695  6418  6418 W MessageQueue: 	at android.os.Handler.sendMessageAtTime(Handler.java:718)
11-28 13:58:02.695  6418  6418 W MessageQueue: 	at android.os.Handler.sendMessageDelayed(Handler.java:688)
11-28 13:58:02.695  6418  6418 W MessageQueue: 	at android.os.Handler.post(Handler.java:405)
11-28 13:58:02.695  6418  6418 W MessageQueue: 	at symlab.CloudAR.ARManager.recognizeTime(ARManager.java:152)
11-28 13:58:02.695  6418  6418 W MessageQueue: 	at symlab.ARHUD.MainActivity$3.onPreviewFrame(MainActivity.java:296)
11-28 13:58:02.695  6418  6418 W MessageQueue: 	at android.hardware.Camera$EventHandler.handleMessage(Camera.java:1278)
11-28 13:58:02.695  6418  6418 W MessageQueue: 	at android.os.Handler.dispatchMessage(Handler.java:112)
11-28 13:58:02.695  6418  6418 W MessageQueue: 	at android.os.Looper.loop(Looper.java:216)
11-28 13:58:02.695  6418  6418 W MessageQueue: 	at android.app.ActivityThread.main(ActivityThread.java:7579)
11-28 13:58:02.695  6418  6418 W MessageQueue: 	at java.lang.reflect.Method.invoke(Native Method)
11-28 13:58:02.695  6418  6418 W MessageQueue: 	at com.android.internal.os.RuntimeInit$MethodAndArgsCaller.run(RuntimeInit.java:524)
11-28 13:58:02.695  6418  6418 W MessageQueue: 	at com.android.internal.os.ZygoteInit.main(ZygoteInit.java:1034)
11-28 13:58:02.695  6418  6418 W MessageQueue: Handler (android.os.Handler) {56d7f62} sending message to a Handler on a dead thread
11-28 13:58:02.695  6418  6418 W MessageQueue: java.lang.IllegalStateException: Handler (android.os.Handler) {56d7f62} sending message to a Handler on a dead thread
11-28 13:58:02.695  6418  6418 W MessageQueue: 	at android.os.MessageQueue.enqueueMessage(MessageQueue.java:650)
11-28 13:58:02.695  6418  6418 W MessageQueue: 	at android.os.Handler.enqueueMessage(Handler.java:769)
11-28 13:58:02.695  6418  6418 W MessageQueue: 	at android.os.Handler.sendMessageAtTime(Handler.java:718)
11-28 13:58:02.695  6418  6418 W MessageQueue: 	at android.os.Handler.sendMessageDelayed(Handler.java:688)
11-28 13:58:02.695  6418  6418 W MessageQueue: 	at android.os.Handler.post(Handler.java:405)
11-28 13:58:02.695  6418  6418 W MessageQueue: 	at symlab.CloudAR.ARManager.driveFrame(ARManager.java:157)
11-28 13:58:02.695  6418  6418 W MessageQueue: 	at symlab.ARHUD.MainActivity$3.onPreviewFrame(MainActivity.java:297)
11-28 13:58:02.695  6418  6418 W MessageQueue: 	at android.hardware.Camera$EventHandler.handleMessage(Camera.java:1278)
11-28 13:58:02.695  6418  6418 W MessageQueue: 	at android.os.Handler.dispatchMessage(Handler.java:112)
11-28 13:58:02.695  6418  6418 W MessageQueue: 	at android.os.Looper.loop(Looper.java:216)
11-28 13:58:02.695  6418  6418 W MessageQueue: 	at android.app.ActivityThread.main(ActivityThread.java:7579)
11-28 13:58:02.695  6418  6418 W MessageQueue: 	at java.lang.reflect.Method.invoke(Native Method)
11-28 13:58:02.695  6418  6418 W MessageQueue: 	at com.android.internal.os.RuntimeInit$MethodAndArgsCaller.run(RuntimeInit.java:524)
11-28 13:58:02.695  6418  6418 W MessageQueue: 	at com.android.internal.os.ZygoteInit.main(ZygoteInit.java:1034)
11-28 13:58:02.732  6418  6418 W MessageQueue: Handler (android.os.Handler) {56d7f62} sending message to a Handler on a dead thread
11-28 13:58:02.732  6418  6418 W MessageQueue: java.lang.IllegalStateException: Handler (android.os.Handler) {56d7f62} sending message to a Handler on a dead thread
11-28 13:58:02.732  6418  6418 W MessageQueue: 	at android.os.MessageQueue.enqueueMessage(MessageQueue.java:650)
11-28 13:58:02.732  6418  6418 W MessageQueue: 	at android.os.Handler.enqueueMessage(Handler.java:769)
11-28 13:58:02.732  6418  6418 W MessageQueue: 	at android.os.Handler.sendMessageAtTime(Handler.java:718)
11-28 13:58:02.732  6418  6418 W MessageQueue: 	at android.os.Handler.sendMessageDelayed(Handler.java:688)
11-28 13:58:02.732  6418  6418 W MessageQueue: 	at android.os.Handler.post(Handler.java:405)
11-28 13:58:02.732  6418  6418 W MessageQueue: 	at symlab.CloudAR.ARManager.recognizeTime(ARManager.java:152)
11-28 13:58:02.732  6418  6418 W MessageQueue: 	at symlab.ARHUD.MainActivity$3.onPreviewFrame(MainActivity.java:296)
11-28 13:58:02.732  6418  6418 W MessageQueue: 	at android.hardware.Camera$EventHandler.handleMessage(Camera.java:1278)
11-28 13:58:02.732  6418  6418 W MessageQueue: 	at android.os.Handler.dispatchMessage(Handler.java:112)
11-28 13:58:02.732  6418  6418 W MessageQueue: 	at android.os.Looper.loop(Looper.java:216)
11-28 13:58:02.732  6418  6418 W MessageQueue: 	at android.app.ActivityThread.main(ActivityThread.java:7579)
11-28 13:58:02.732  6418  6418 W MessageQueue: 	at java.lang.reflect.Method.invoke(Native Method)
11-28 13:58:02.732  6418  6418 W MessageQueue: 	at com.android.internal.os.RuntimeInit$MethodAndArgsCaller.run(RuntimeInit.java:524)
