--------- beginning of main
11-28 13:35:07.192 29526 29526 I loudridar.arhu: Late-enabling -Xcheck:jni
11-28 13:35:07.242 29526 29526 I loudridar.arhu: Reinit property: dalvik.vm.checkjni= false
11-28 13:35:07.251 29526 29526 D ZrHung.AppEyeUiProbe: AppEyeUIP created.
11-28 13:35:07.251 29526 29526 W re-initialized>: type=1400 audit(0.0:35918): avc: denied { read } for name="u:object_r:mmi_prop:s0" dev="tmpfs" ino=16663 scontext=u:r:untrusted_app:s0:c147,c256,c512,c768 tcontext=u:object_r:mmi_prop:s0 tclass=file permissive=0
11-28 13:35:07.253 29526 29526 E libc    : Access denied finding property "runtime.mmitest.isrunning"
--------- beginning of system
11-28 13:35:07.257 29526 29526 D ActivityThread: Attach thread to application
11-28 13:35:07.262 29526 29536 E loudridar.arhu: Unable to peek into adb socket due to error. Closing socket.: Connection reset by peer
11-28 13:35:07.346 29526 29554 I HwApiCacheMangerEx: apicache path=/storage/emulated/0 state=mounted key=symlab.cloudridar.arhud#10147#256
11-28 13:35:07.347 29526 29554 I HwApiCacheMangerEx: apicache path=/storage/emulated/0 state=mounted key=symlab.cloudridar.arhud#10147#0
11-28 13:35:07.399 29526 29526 I loudridar.arhu: QarthPatchMonintor::Init
11-28 13:35:07.399 29526 29526 I loudridar.arhu: 
11-28 13:35:07.399 29526 29526 I loudridar.arhu: QarthPatchMonintor::StartWatch
11-28 13:35:07.399 29526 29526 I loudridar.arhu: 
11-28 13:35:07.400 29526 29526 I loudridar.arhu: QarthPatchMonintor::WatchPackage: /data/hotpatch/fwkhotpatch/
11-28 13:35:07.400 29526 29526 I loudridar.arhu: 
11-28 13:35:07.400 29526 29526 I loudridar.arhu: QarthPatchMonintor::CheckAndWatchPatch: /data/hotpatch/fwkhotpatch/symlab.cloudridar.arhud
11-28 13:35:07.400 29526 29526 I loudridar.arhu: 
11-28 13:35:07.400 29526 29526 I loudridar.arhu: QarthPatchMonintor::CheckAndWatchPatch: /data/hotpatch/fwkhotpatch/all
11-28 13:35:07.400 29526 29526 I loudridar.arhu: 
11-28 13:35:07.400 29526 29526 I loudridar.arhu: QarthPatchMonintor::Run
11-28 13:35:07.400 29526 29526 I loudridar.arhu: 
11-28 13:35:07.400 29526 29565 I loudridar.arhu: QarthPatchMonintor::Reading
11-28 13:35:07.400 29526 29565 I loudridar.arhu: 
11-28 13:35:07.400 29526 29565 I loudridar.arhu: QarthPatchMonintor::CheckNotifyEvent
11-28 13:35:07.400 29526 29565 I loudridar.arhu: 
11-28 13:35:07.400 29526 29565 I loudridar.arhu: QarthPatchMonintor::CheckNotifyEvent before read
11-28 13:35:07.400 29526 29565 I loudridar.arhu: 
11-28 13:35:07.404 29526 29526 I MultiDex: VM with version 2.1.0 has multidex support
11-28 13:35:07.404 29526 29526 I MultiDex: Installing application
11-28 13:35:07.404 29526 29526 I MultiDex: VM has multidex support, MultiDex support library is disabled.
11-28 13:35:07.406 29526 29554 I AwareBitmapCacher: init processName:symlab.cloudridar.arhud pid=29526 uid=10147
11-28 13:35:07.409 29526 29526 I FirebaseInitProvider: FirebaseApp initialization unsuccessful
11-28 13:35:07.410 29526 29567 E AwareLog: AtomicFileUtils: readFileLines file not exist: android.util.AtomicFile@35dc513
11-28 13:35:07.411 29526 29567 E AwareLog: AtomicFileUtils: readFileLines file not exist: android.util.AtomicFile@aae350
11-28 13:35:07.416 29526 29526 D ZrHung.AppEyeUiProbe: notify runnable to start.
11-28 13:35:07.416 29526 29572 D ZrHung.AppEyeUiProbe: Runnable thread started.
11-28 13:35:07.416 29526 29572 D IMonitor: Load library imonitor_jni
11-28 13:35:07.421 29526 29572 E         : [ZeroHung]zrhung_get_config: Get config failed for wp[0x0102]
11-28 13:35:07.422 29526 29572 W ZrHung.AppEyeUiProbe: Failed to get config from zrhung
11-28 13:35:07.425 29526 29526 I MultiDex: Installing application
11-28 13:35:07.425 29526 29526 I MultiDex: VM has multidex support, MultiDex support library is disabled.
11-28 13:35:07.428 29526 29526 V ActivityThread: callActivityOnCreate
11-28 13:35:07.428 29526 29526 I Poster  :  onCreate() called.
11-28 13:35:07.431 29526 29526 I HwApsImpl: APS: new HwApsImpl created
11-28 13:35:07.427 29570 29570 W logcat  : type=1400 audit(0.0:35919): avc: granted { create } for name="logcat_1574940907410.txt" scontext=u:r:untrusted_app:s0:c147,c256,c512,c768 tcontext=u:object_r:sdcardfs:s0:c147,c256,c512,c768 tclass=file
11-28 13:35:07.438 29526 29526 V HwWidgetFactory: : successes to get AllImpl object and return....
11-28 13:35:07.446 29526 29526 D OpenGLRenderer: Skia GL Pipeline
11-28 13:35:07.466 29526 29526 D Poster  : Server details are IP 193.166.28.132 and port 52727
11-28 13:35:07.471 29526 29526 D Poster  : Server bound to IP 193.166.28.132 and port 52727
11-28 13:35:07.478 29526 29526 D ActivityThread: add activity client record, r= ActivityRecord{db8bbd token=android.os.BinderProxy@c62e47c {symlab.cloudridar.arhud/symlab.ARHUD.MainActivity}} token= android.os.BinderProxy@c62e47c
11-28 13:35:07.480 29526 29526 I Poster  :  onStart() called.
11-28 13:35:07.481 29526 29526 D ZrHung.AppEyeUiProbe: notify runnable to start.
11-28 13:35:07.482 29526 29526 I Poster  :  onResume() called.
11-28 13:35:07.491 29526 29526 I PermissionManager: camera remind result:true
11-28 13:35:07.491 29526 29526 I Camera  : open camera: 0, package name: symlab.cloudridar.arhud
11-28 13:35:07.491 29526 29526 I BackgroundPermManager: pkgName: symlab.cloudridar.arhud,pid: 29526 ,uidOf3RdApk: 10147 ,permType: 0 ,permCfg: 1
11-28 13:35:07.492 29526 29526 I HwCameraUtil: notifySurfaceFlingerCameraStatus : isFront = false , isOpend = true
11-28 13:35:07.512 29526 29526 D ActivityThread: isOptEnabled=false isWechatScanOpt=false
11-28 13:35:07.514 29526 29526 I HwSecImmHelper: mSecurityInputMethodService is null
11-28 13:35:07.521 29526 29526 D OpenGLRenderer:   HWUI Binary is  enabled
11-28 13:35:07.543 29526 29601 D HiTouch_PressGestureDetector: onAttached, package=symlab.cloudridar.arhud, windowType=1, mHiTouchRestricted=false
11-28 13:35:07.558 29526 29597 I ConfigStore: android::hardware::configstore::V1_0::ISurfaceFlingerConfigs::hasWideColorDisplay retrieved: 0
11-28 13:35:07.558 29526 29597 I ConfigStore: android::hardware::configstore::V1_0::ISurfaceFlingerConfigs::hasHDRDisplay retrieved: 0
11-28 13:35:07.559 29526 29597 I iGraphics: [0020080c] pn: symlab.cloudridar.arhud, p: 29526
11-28 13:35:07.559 29526 29597 I OpenGLRenderer: Initialized EGL, version 1.4, mEglDisplay 0x1
11-28 13:35:07.559 29526 29597 D OpenGLRenderer: Swap behavior 2
11-28 13:35:07.569 29526 29597 D mali_winsys: EGLint new_window_surface(egl_winsys_display *, void *, EGLSurface, EGLConfig, egl_winsys_surface **, EGLBoolean) returns 0x3000
11-28 13:35:07.572 29526 29526 I Poster  :  surfaceCreated() called.
11-28 13:35:07.572 29526 29526 I Poster  : initPreview() called
11-28 13:35:07.579 29526 29526 I PermissionManager: camera remind result:true
11-28 13:35:07.585 29526 29526 I Poster  :  surfaceChanged() called.
11-28 13:35:07.603 29526 29526 W InputMethodManager: startInputReason = 1
11-28 13:35:07.626 29526 29526 W InputMethodManager: startInputReason = 5
11-28 13:35:08.316 29526 29540 E         : [ZeroHung]zrhung_get_config: Get config failed for wp[0x0008]
11-28 13:35:08.326 29526 29538 W System  : A resource failed to call close. 
11-28 13:35:08.326 29526 29538 I chatty  : uid=10147(symlab.cloudridar.arhud) FinalizerDaemon identical 13 lines
11-28 13:35:08.326 29526 29538 W System  : A resource failed to call close. 
11-28 13:35:08.455 29526 29580 D Evaluation: 0 res for frame 6 received at 1574940908455
11-28 13:35:08.829 29526 29580 D Evaluation: 0 res for frame 7 received at 1574940908829
11-28 13:35:09.610 29526 29540 E         : [ZeroHung]zrhung_get_config: Get config failed for wp[0x0008]
11-28 13:35:09.636 29526 29538 W System  : A resource failed to call close. 
11-28 13:35:09.639 29526 29538 I chatty  : uid=10147(symlab.cloudridar.arhud) FinalizerDaemon identical 38 lines
11-28 13:35:09.639 29526 29538 W System  : A resource failed to call close. 
11-28 13:35:10.787 29526 29540 E         : [ZeroHung]zrhung_get_config: Get config failed for wp[0x0008]
11-28 13:35:10.811 29526 29538 W System  : A resource failed to call close. 
11-28 13:35:10.813 29526 29538 I chatty  : uid=10147(symlab.cloudridar.arhud) FinalizerDaemon identical 33 lines
11-28 13:35:10.813 29526 29538 W System  : A resource failed to call close. 
11-28 13:35:12.042 29526 29540 E         : [ZeroHung]zrhung_get_config: Get config failed for wp[0x0008]
11-28 13:35:12.072 29526 29538 W System  : A resource failed to call close. 
11-28 13:35:12.078 29526 29538 I chatty  : uid=10147(symlab.cloudridar.arhud) FinalizerDaemon identical 33 lines
11-28 13:35:12.078 29526 29538 W System  : A resource failed to call close. 
11-28 13:35:12.395 29526 29564 I loudridar.arhu: Starting profile saver IsSaveProfileNow end.
11-28 13:35:12.408 29526 29526 I AwareBitmapCacher: init lrucache size: 2097152 pid=29526
11-28 13:35:13.290 29526 29540 E         : [ZeroHung]zrhung_get_config: Get config failed for wp[0x0008]
11-28 13:35:13.316 29526 29538 W System  : A resource failed to call close. 
11-28 13:35:13.318 29526 29538 I chatty  : uid=10147(symlab.cloudridar.arhud) FinalizerDaemon identical 33 lines
11-28 13:35:13.318 29526 29538 W System  : A resource failed to call close. 
11-28 13:35:14.620 29526 29540 E         : [ZeroHung]zrhung_get_config: Get config failed for wp[0x0008]
11-28 13:35:14.637 29526 29538 W System  : A resource failed to call close. 
11-28 13:35:14.643 29526 29538 I chatty  : uid=10147(symlab.cloudridar.arhud) FinalizerDaemon identical 35 lines
11-28 13:35:14.643 29526 29538 W System  : A resource failed to call close. 
11-28 13:35:15.958 29526 29540 E         : [ZeroHung]zrhung_get_config: Get config failed for wp[0x0008]
11-28 13:35:15.979 29526 29538 W System  : A resource failed to call close. 
11-28 13:35:15.980 29526 29538 I chatty  : uid=10147(symlab.cloudridar.arhud) FinalizerDaemon identical 13 lines
11-28 13:35:15.981 29526 29538 W System  : A resource failed to call close. 
11-28 13:35:15.981 29526 29538 W System  : A resource failed to call close. 
11-28 13:35:15.982 29526 29538 I chatty  : uid=10147(symlab.cloudridar.arhud) FinalizerDaemon identical 19 lines
11-28 13:35:15.982 29526 29538 W System  : A resource failed to call close. 
11-28 13:35:15.982 29526 29538 W System  : A resource failed to call close. 
11-28 13:35:15.982 29526 29538 W System  : A resource failed to call close. 
11-28 13:35:15.982 29526 29538 W System  : A resource failed to call close. 
11-28 13:35:16.244 29526 29526 D stylus  : init stylus touchlistener.
11-28 13:35:16.252 29526 29526 W Settings: Setting device_provisioned has moved from android.provider.Settings.Secure to android.provider.Settings.Global.
11-28 13:35:16.252 29526 29526 V HiTouch_HiTouchSensor: User setup is finished.
11-28 13:35:16.260 29526 29526 W HiTouch_PressGestureDetector: Touch pointer move a lot. The moving distance of X is:77.80176, limit is:60The moving distance of Y is:29.326233, limit is:60
11-28 13:35:17.326 29526 29526 I Poster  :  onPause() called.
11-28 13:35:17.440 29526 29526 I Camera  : close camera: 0, package name: symlab.cloudridar.arhud
11-28 13:35:17.440 29526 29526 I BackgroundPermManager: pkgName: symlab.cloudridar.arhud,pid: 29526 ,uidOf3RdApk: 10147 ,permType: 0 ,permCfg: 0
11-28 13:35:17.454 29526 29526 I HwCameraUtil: notifySurfaceFlingerCameraStatus : isFront = false , isOpend = false
11-28 13:35:17.535 29526 29526 D ZrHung.AppEyeUiProbe: stop checker.
11-28 13:35:17.563 29526 29526 I Poster  :  surfaceDestroyed() called.
11-28 13:35:17.564 29526 29526 D ViewRootImpl[MainActivity]: surface should not be released
11-28 13:35:17.564 29526 29526 I Poster  :  onStop() called.
11-28 13:35:17.569 29526 29597 W libEGL  : EGLNativeWindowType 0xf07f0008 disconnect failed
11-28 13:35:18.425 29526 29572 D ZrHung.AppEyeUiProbe: Current Activity:false
11-28 13:35:18.425 29526 29572 D ZrHung.AppEyeUiProbe: not watching, wait.
11-28 13:35:18.798 29526 29526 I Poster  :  onStart() called.
11-28 13:35:18.798 29526 29526 D ZrHung.AppEyeUiProbe: notify runnable to start.
11-28 13:35:18.799 29526 29526 I Poster  :  onResume() called.
11-28 13:35:18.800 29526 29572 D ZrHung.AppEyeUiProbe: restart watching
11-28 13:35:18.802 29526 29526 I PermissionManager: camera remind result:true
11-28 13:35:18.802 29526 29526 I Camera  : open camera: 0, package name: symlab.cloudridar.arhud
11-28 13:35:18.802 29526 29526 I BackgroundPermManager: pkgName: symlab.cloudridar.arhud,pid: 29526 ,uidOf3RdApk: 10147 ,permType: 0 ,permCfg: 1
11-28 13:35:18.803 29526 29526 I HwCameraUtil: notifySurfaceFlingerCameraStatus : isFront = false , isOpend = true
11-28 13:35:18.821 29526 29526 D ActivityThread: isOptEnabled=false isWechatScanOpt=false
11-28 13:35:18.843 29526 29597 D mali_winsys: EGLint new_window_surface(egl_winsys_display *, void *, EGLSurface, EGLConfig, egl_winsys_surface **, EGLBoolean) returns 0x3000
11-28 13:35:18.856 29526 29526 I Poster  :  surfaceCreated() called.
11-28 13:35:18.856 29526 29526 I Poster  : initPreview() called
11-28 13:35:18.858 29526 29526 I PermissionManager: camera remind result:true
11-28 13:35:18.865 29526 29526 I Poster  :  surfaceChanged() called.
11-28 13:35:18.865 29526 29526 E BpSurfaceComposerClient: Failed to transact (-1)
11-28 13:35:18.866 29526 29526 E BpSurfaceComposerClient: Failed to transact (-1)
11-28 13:35:18.881 29526 29597 W libEGL  : EGLNativeWindowType 0xf07f0008 disconnect failed
11-28 13:35:18.882 29526 29597 D mali_winsys: EGLint new_window_surface(egl_winsys_display *, void *, EGLSurface, EGLConfig, egl_winsys_surface **, EGLBoolean) returns 0x3000
11-28 13:35:18.906 29526 29526 W InputMethodManager: startInputReason = 1
11-28 13:35:19.160 29526 29526 W MessageQueue: Handler (android.os.Handler) {67e9d44} sending message to a Handler on a dead thread
11-28 13:35:19.160 29526 29526 W MessageQueue: java.lang.IllegalStateException: Handler (android.os.Handler) {67e9d44} sending message to a Handler on a dead thread
11-28 13:35:19.160 29526 29526 W MessageQueue: 	at android.os.MessageQueue.enqueueMessage(MessageQueue.java:650)
11-28 13:35:19.160 29526 29526 W MessageQueue: 	at android.os.Handler.enqueueMessage(Handler.java:769)
11-28 13:35:19.160 29526 29526 W MessageQueue: 	at android.os.Handler.sendMessageAtTime(Handler.java:718)
11-28 13:35:19.160 29526 29526 W MessageQueue: 	at android.os.Handler.sendMessageDelayed(Handler.java:688)
11-28 13:35:19.160 29526 29526 W MessageQueue: 	at android.os.Handler.post(Handler.java:405)
11-28 13:35:19.160 29526 29526 W MessageQueue: 	at symlab.CloudAR.ARManager.recognizeTime(ARManager.java:152)
11-28 13:35:19.160 29526 29526 W MessageQueue: 	at symlab.ARHUD.MainActivity$3.onPreviewFrame(MainActivity.java:296)
11-28 13:35:19.160 29526 29526 W MessageQueue: 	at android.hardware.Camera$EventHandler.handleMessage(Camera.java:1278)
11-28 13:35:19.160 29526 29526 W MessageQueue: 	at android.os.Handler.dispatchMessage(Handler.java:112)
11-28 13:35:19.160 29526 29526 W MessageQueue: 	at android.os.Looper.loop(Looper.java:216)
11-28 13:35:19.160 29526 29526 W MessageQueue: 	at android.app.ActivityThread.main(ActivityThread.java:7579)
11-28 13:35:19.160 29526 29526 W MessageQueue: 	at java.lang.reflect.Method.invoke(Native Method)
11-28 13:35:19.160 29526 29526 W MessageQueue: 	at com.android.internal.os.RuntimeInit$MethodAndArgsCaller.run(RuntimeInit.java:524)
11-28 13:35:19.160 29526 29526 W MessageQueue: 	at com.android.internal.os.ZygoteInit.main(ZygoteInit.java:1034)
11-28 13:35:19.161 29526 29526 W MessageQueue: Handler (android.os.Handler) {67e9d44} sending message to a Handler on a dead thread
11-28 13:35:19.161 29526 29526 W MessageQueue: java.lang.IllegalStateException: Handler (android.os.Handler) {67e9d44} sending message to a Handler on a dead thread
11-28 13:35:19.161 29526 29526 W MessageQueue: 	at android.os.MessageQueue.enqueueMessage(MessageQueue.java:650)
11-28 13:35:19.161 29526 29526 W MessageQueue: 	at android.os.Handler.enqueueMessage(Handler.java:769)
11-28 13:35:19.161 29526 29526 W MessageQueue: 	at android.os.Handler.sendMessageAtTime(Handler.java:718)
11-28 13:35:19.161 29526 29526 W MessageQueue: 	at android.os.Handler.sendMessageDelayed(Handler.java:688)
11-28 13:35:19.161 29526 29526 W MessageQueue: 	at android.os.Handler.post(Handler.java:405)
11-28 13:35:19.161 29526 29526 W MessageQueue: 	at symlab.CloudAR.ARManager.driveFrame(ARManager.java:157)
11-28 13:35:19.161 29526 29526 W MessageQueue: 	at symlab.ARHUD.MainActivity$3.onPreviewFrame(MainActivity.java:297)
11-28 13:35:19.161 29526 29526 W MessageQueue: 	at android.hardware.Camera$EventHandler.handleMessage(Camera.java:1278)
11-28 13:35:19.161 29526 29526 W MessageQueue: 	at android.os.Handler.dispatchMessage(Handler.java:112)
11-28 13:35:19.161 29526 29526 W MessageQueue: 	at android.os.Looper.loop(Looper.java:216)
11-28 13:35:19.161 29526 29526 W MessageQueue: 	at android.app.ActivityThread.main(ActivityThread.java:7579)
11-28 13:35:19.161 29526 29526 W MessageQueue: 	at java.lang.reflect.Method.invoke(Native Method)
11-28 13:35:19.161 29526 29526 W MessageQueue: 	at com.android.internal.os.RuntimeInit$MethodAndArgsCaller.run(RuntimeInit.java:524)
11-28 13:35:19.161 29526 29526 W MessageQueue: 	at com.android.internal.os.ZygoteInit.main(ZygoteInit.java:1034)
11-28 13:35:19.188 29526 29526 W MessageQueue: Handler (android.os.Handler) {67e9d44} sending message to a Handler on a dead thread
11-28 13:35:19.188 29526 29526 W MessageQueue: java.lang.IllegalStateException: Handler (android.os.Handler) {67e9d44} sending message to a Handler on a dead thread
11-28 13:35:19.188 29526 29526 W MessageQueue: 	at android.os.MessageQueue.enqueueMessage(MessageQueue.java:650)
11-28 13:35:19.188 29526 29526 W MessageQueue: 	at android.os.Handler.enqueueMessage(Handler.java:769)
11-28 13:35:19.188 29526 29526 W MessageQueue: 	at android.os.Handler.sendMessageAtTime(Handler.java:718)
11-28 13:35:19.188 29526 29526 W MessageQueue: 	at android.os.Handler.sendMessageDelayed(Handler.java:688)
11-28 13:35:19.188 29526 29526 W MessageQueue: 	at android.os.Handler.post(Handler.java:405)
11-28 13:35:19.188 29526 29526 W MessageQueue: 	at symlab.CloudAR.ARManager.recognizeTime(ARManager.java:152)
11-28 13:35:19.188 29526 29526 W MessageQueue: 	at symlab.ARHUD.MainActivity$3.onPreviewFrame(MainActivity.java:296)
11-28 13:35:19.188 29526 29526 W MessageQueue: 	at android.hardware.Camera$EventHandler.handleMessage(Camera.java:1278)
11-28 13:35:19.188 29526 29526 W MessageQueue: 	at android.os.Handler.dispatchMessage(Handler.java:112)
11-28 13:35:19.188 29526 29526 W MessageQueue: 	at android.os.Looper.loop(Looper.java:216)
11-28 13:35:19.188 29526 29526 W MessageQueue: 	at android.app.ActivityThread.main(ActivityThread.java:7579)
11-28 13:35:19.188 29526 29526 W MessageQueue: 	at java.lang.reflect.Method.invoke(Native Method)
11-28 13:35:19.188 29526 29526 W MessageQueue: 	at com.android.internal.os.RuntimeInit$MethodAndArgsCaller.run(RuntimeInit.java:524)
11-28 13:35:19.188 29526 29526 W MessageQueue: 	at com.android.internal.os.ZygoteInit.main(ZygoteInit.java:1034)
11-28 13:35:19.188 29526 29526 W MessageQueue: Handler (android.os.Handler) {67e9d44} sending message to a Handler on a dead thread
11-28 13:35:19.188 29526 29526 W MessageQueue: java.lang.IllegalStateException: Handler (android.os.Handler) {67e9d44} sending message to a Handler on a dead thread
11-28 13:35:19.188 29526 29526 W MessageQueue: 	at android.os.MessageQueue.enqueueMessage(MessageQueue.java:650)
11-28 13:35:19.188 29526 29526 W MessageQueue: 	at android.os.Handler.enqueueMessage(Handler.java:769)
11-28 13:35:19.188 29526 29526 W MessageQueue: 	at android.os.Handler.sendMessageAtTime(Handler.java:718)
11-28 13:35:19.188 29526 29526 W MessageQueue: 	at android.os.Handler.sendMessageDelayed(Handler.java:688)
11-28 13:35:19.188 29526 29526 W MessageQueue: 	at android.os.Handler.post(Handler.java:405)
11-28 13:35:19.188 29526 29526 W MessageQueue: 	at symlab.CloudAR.ARManager.driveFrame(ARManager.java:157)
11-28 13:35:19.188 29526 29526 W MessageQueue: 	at symlab.ARHUD.MainActivity$3.onPreviewFrame(MainActivity.java:297)
11-28 13:35:19.188 29526 29526 W MessageQueue: 	at android.hardware.Camera$EventHandler.handleMessage(Camera.java:1278)
11-28 13:35:19.188 29526 29526 W MessageQueue: 	at android.os.Handler.dispatchMessage(Handler.java:112)
11-28 13:35:19.188 29526 29526 W MessageQueue: 	at android.os.Looper.loop(Looper.java:216)
11-28 13:35:19.188 29526 29526 W MessageQueue: 	at android.app.ActivityThread.main(ActivityThread.java:7579)
11-28 13:35:19.188 29526 29526 W MessageQueue: 	at java.lang.reflect.Method.invoke(Native Method)
11-28 13:35:19.188 29526 29526 W MessageQueue: 	at com.android.internal.os.RuntimeInit$MethodAndArgsCaller.run(RuntimeInit.java:524)
11-28 13:35:19.188 29526 29526 W MessageQueue: 	at com.android.internal.os.ZygoteInit.main(ZygoteInit.java:1034)
11-28 13:35:19.226 29526 29526 W MessageQueue: Handler (android.os.Handler) {67e9d44} sending message to a Handler on a dead thread
11-28 13:35:19.226 29526 29526 W MessageQueue: java.lang.IllegalStateException: Handler (android.os.Handler) {67e9d44} sending message to a Handler on a dead thread
11-28 13:35:19.226 29526 29526 W MessageQueue: 	at android.os.MessageQueue.enqueueMessage(MessageQueue.java:650)
11-28 13:35:19.226 29526 29526 W MessageQueue: 	at android.os.Handler.enqueueMessage(Handler.java:769)
11-28 13:35:19.226 29526 29526 W MessageQueue: 	at android.os.Handler.sendMessageAtTime(Handler.java:718)
11-28 13:35:19.226 29526 29526 W MessageQueue: 	at android.os.Handler.sendMessageDelayed(Handler.java:688)
11-28 13:35:19.226 29526 29526 W MessageQueue: 	at android.os.Handler.post(Handler.java:405)
11-28 13:35:19.226 29526 29526 W MessageQueue: 	at symlab.CloudAR.ARManager.recognizeTime(ARManager.java:152)
11-28 13:35:19.226 29526 29526 W MessageQueue: 	at symlab.ARHUD.MainActivity$3.onPreviewFrame(MainActivity.java:296)
11-28 13:35:19.226 29526 29526 W MessageQueue: 	at android.hardware.Camera$EventHandler.handleMessage(Camera.java:1278)
11-28 13:35:19.226 29526 29526 W MessageQueue: 	at android.os.Handler.dispatchMessage(Handler.java:112)
11-28 13:35:19.226 29526 29526 W MessageQueue: 	at android.os.Looper.loop(Looper.java:216)
11-28 13:35:19.226 29526 29526 W MessageQueue: 	at android.app.ActivityThread.main(ActivityThread.java:7579)
11-28 13:35:19.226 29526 29526 W MessageQueue: 	at java.lang.reflect.Method.invoke(Native Method)
11-28 13:35:19.226 29526 29526 W MessageQueue: 	at com.android.internal.os.RuntimeInit$MethodAndArgsCaller.run(RuntimeInit.java:524)
11-28 13:35:19.226 29526 29526 W MessageQueue: 	at com.android.internal.os.ZygoteInit.main(ZygoteInit.java:1034)
11-28 13:35:19.226 29526 29526 W MessageQueue: Handler (android.os.Handler) {67e9d44} sending message to a Handler on a dead thread
11-28 13:35:19.226 29526 29526 W MessageQueue: java.lang.IllegalStateException: Handler (android.os.Handler) {67e9d44} sending message to a Handler on a dead thread
11-28 13:35:19.226 29526 29526 W MessageQueue: 	at android.os.MessageQueue.enqueueMessage(MessageQueue.java:650)
11-28 13:35:19.226 29526 29526 W MessageQueue: 	at android.os.Handler.enqueueMessage(Handler.java:769)
11-28 13:35:19.226 29526 29526 W MessageQueue: 	at android.os.Handler.sendMessageAtTime(Handler.java:718)
11-28 13:35:19.226 29526 29526 W MessageQueue: 	at android.os.Handler.sendMessageDelayed(Handler.java:688)
11-28 13:35:19.226 29526 29526 W MessageQueue: 	at android.os.Handler.post(Handler.java:405)
11-28 13:35:19.226 29526 29526 W MessageQueue: 	at symlab.CloudAR.ARManager.driveFrame(ARManager.java:157)
11-28 13:35:19.226 29526 29526 W MessageQueue: 	at symlab.ARHUD.MainActivity$3.onPreviewFrame(MainActivity.java:297)
11-28 13:35:19.226 29526 29526 W MessageQueue: 	at android.hardware.Camera$EventHandler.handleMessage(Camera.java:1278)
11-28 13:35:19.226 29526 29526 W MessageQueue: 	at android.os.Handler.dispatchMessage(Handler.java:112)
11-28 13:35:19.226 29526 29526 W MessageQueue: 	at android.os.Looper.loop(Looper.java:216)
11-28 13:35:19.226 29526 29526 W MessageQueue: 	at android.app.ActivityThread.main(ActivityThread.java:7579)
11-28 13:35:19.226 29526 29526 W MessageQueue: 	at java.lang.reflect.Method.invoke(Native Method)
11-28 13:35:19.226 29526 29526 W MessageQueue: 	at com.android.internal.os.RuntimeInit$MethodAndArgsCaller.run(RuntimeInit.java:524)
11-28 13:35:19.226 29526 29526 W MessageQueue: 	at com.android.internal.os.ZygoteInit.main(ZygoteInit.java:1034)
11-28 13:35:19.259 29526 29526 W MessageQueue: Handler (android.os.Handler) {67e9d44} sending message to a Handler on a dead thread
11-28 13:35:19.259 29526 29526 W MessageQueue: java.lang.IllegalStateException: Handler (android.os.Handler) {67e9d44} sending message to a Handler on a dead thread
11-28 13:35:19.259 29526 29526 W MessageQueue: 	at android.os.MessageQueue.enqueueMessage(MessageQueue.java:650)
11-28 13:35:19.259 29526 29526 W MessageQueue: 	at android.os.Handler.enqueueMessage(Handler.java:769)
11-28 13:35:19.259 29526 29526 W MessageQueue: 	at android.os.Handler.sendMessageAtTime(Handler.java:718)
11-28 13:35:19.259 29526 29526 W MessageQueue: 	at android.os.Handler.sendMessageDelayed(Handler.java:688)
11-28 13:35:19.259 29526 29526 W MessageQueue: 	at android.os.Handler.post(Handler.java:405)
11-28 13:35:19.259 29526 29526 W MessageQueue: 	at symlab.CloudAR.ARManager.recognizeTime(ARManager.java:152)
11-28 13:35:19.259 29526 29526 W MessageQueue: 	at symlab.ARHUD.MainActivity$3.onPreviewFrame(MainActivity.java:296)
11-28 13:35:19.259 29526 29526 W MessageQueue: 	at android.hardware.Camera$EventHandler.handleMessage(Camera.java:1278)
11-28 13:35:19.259 29526 29526 W MessageQueue: 	at android.os.Handler.dispatchMessage(Handler.java:112)
11-28 13:35:19.259 29526 29526 W MessageQueue: 	at android.os.Looper.loop(Looper.java:216)
11-28 13:35:19.259 29526 29526 W MessageQueue: 	at android.app.ActivityThread.main(ActivityThread.java:7579)
11-28 13:35:19.259 29526 29526 W MessageQueue: 	at java.lang.reflect.Method.invoke(Native Method)
11-28 13:35:19.259 29526 29526 W MessageQueue: 	at com.android.internal.os.RuntimeInit$MethodAndArgsCaller.run(RuntimeInit.java:524)
11-28 13:35:19.259 29526 29526 W MessageQueue: 	at com.android.internal.os.ZygoteInit.main(ZygoteInit.java:1034)
11-28 13:35:19.260 29526 29526 W MessageQueue: Handler (android.os.Handler) {67e9d44} sending message to a Handler on a dead thread
11-28 13:35:19.260 29526 29526 W MessageQueue: java.lang.IllegalStateException: Handler (android.os.Handler) {67e9d44} sending message to a Handler on a dead thread
11-28 13:35:19.260 29526 29526 W MessageQueue: 	at android.os.MessageQueue.enqueueMessage(MessageQueue.java:650)
11-28 13:35:19.260 29526 29526 W MessageQueue: 	at android.os.Handler.enqueueMessage(Handler.java:769)
11-28 13:35:19.260 29526 29526 W MessageQueue: 	at android.os.Handler.sendMessageAtTime(Handler.java:718)
11-28 13:35:19.260 29526 29526 W MessageQueue: 	at android.os.Handler.sendMessageDelayed(Handler.java:688)
11-28 13:35:19.260 29526 29526 W MessageQueue: 	at android.os.Handler.post(Handler.java:405)
11-28 13:35:19.260 29526 29526 W MessageQueue: 	at symlab.CloudAR.ARManager.driveFrame(ARManager.java:157)
11-28 13:35:19.260 29526 29526 W MessageQueue: 	at symlab.ARHUD.MainActivity$3.onPreviewFrame(MainActivity.java:297)
11-28 13:35:19.260 29526 29526 W MessageQueue: 	at android.hardware.Camera$EventHandler.handleMessage(Camera.java:1278)
11-28 13:35:19.260 29526 29526 W MessageQueue: 	at android.os.Handler.dispatchMessage(Handler.java:112)
11-28 13:35:19.260 29526 29526 W MessageQueue: 	at android.os.Looper.loop(Looper.java:216)
11-28 13:35:19.260 29526 29526 W MessageQueue: 	at android.app.ActivityThread.main(ActivityThread.java:7579)
11-28 13:35:19.260 29526 29526 W MessageQueue: 	at java.lang.reflect.Method.invoke(Native Method)
11-28 13:35:19.260 29526 29526 W MessageQueue: 	at com.android.internal.os.RuntimeInit$MethodAndArgsCaller.run(RuntimeInit.java:524)
11-28 13:35:19.260 29526 29526 W MessageQueue: 	at com.android.internal.os.ZygoteInit.main(ZygoteInit.java:1034)
11-28 13:35:19.292 29526 29526 W MessageQueue: Handler (android.os.Handler) {67e9d44} sending message to a Handler on a dead thread
11-28 13:35:19.292 29526 29526 W MessageQueue: java.lang.IllegalStateException: Handler (android.os.Handler) {67e9d44} sending message to a Handler on a dead thread
11-28 13:35:19.292 29526 29526 W MessageQueue: 	at android.os.MessageQueue.enqueueMessage(MessageQueue.java:650)
11-28 13:35:19.292 29526 29526 W MessageQueue: 	at android.os.Handler.enqueueMessage(Handler.java:769)
11-28 13:35:19.292 29526 29526 W MessageQueue: 	at android.os.Handler.sendMessageAtTime(Handler.java:718)
11-28 13:35:19.292 29526 29526 W MessageQueue: 	at android.os.Handler.sendMessageDelayed(Handler.java:688)
11-28 13:35:19.292 29526 29526 W MessageQueue: 	at android.os.Handler.post(Handler.java:405)
11-28 13:35:19.292 29526 29526 W MessageQueue: 	at symlab.CloudAR.ARManager.recognizeTime(ARManager.java:152)
11-28 13:35:19.292 29526 29526 W MessageQueue: 	at symlab.ARHUD.MainActivity$3.onPreviewFrame(MainActivity.java:296)
11-28 13:35:19.292 29526 29526 W MessageQueue: 	at android.hardware.Camera$EventHandler.handleMessage(Camera.java:1278)
11-28 13:35:19.292 29526 29526 W MessageQueue: 	at android.os.Handler.dispatchMessage(Handler.java:112)
11-28 13:35:19.292 29526 29526 W MessageQueue: 	at android.os.Looper.loop(Looper.java:216)
11-28 13:35:19.292 29526 29526 W MessageQueue: 	at android.app.ActivityThread.main(ActivityThread.java:7579)
11-28 13:35:19.292 29526 29526 W MessageQueue: 	at java.lang.reflect.Method.invoke(Native Method)
11-28 13:35:19.292 29526 29526 W MessageQueue: 	at com.android.internal.os.RuntimeInit$MethodAndArgsCaller.run(RuntimeInit.java:524)
11-28 13:35:19.292 29526 29526 W MessageQueue: 	at com.android.internal.os.ZygoteInit.main(ZygoteInit.java:1034)
11-28 13:35:19.293 29526 29526 W MessageQueue: Handler (android.os.Handler) {67e9d44} sending message to a Handler on a dead thread
11-28 13:35:19.293 29526 29526 W MessageQueue: java.lang.IllegalStateException: Handler (android.os.Handler) {67e9d44} sending message to a Handler on a dead thread
11-28 13:35:19.293 29526 29526 W MessageQueue: 	at android.os.MessageQueue.enqueueMessage(MessageQueue.java:650)
11-28 13:35:19.293 29526 29526 W MessageQueue: 	at android.os.Handler.enqueueMessage(Handler.java:769)
11-28 13:35:19.293 29526 29526 W MessageQueue: 	at android.os.Handler.sendMessageAtTime(Handler.java:718)
11-28 13:35:19.293 29526 29526 W MessageQueue: 	at android.os.Handler.sendMessageDelayed(Handler.java:688)
11-28 13:35:19.293 29526 29526 W MessageQueue: 	at android.os.Handler.post(Handler.java:405)
11-28 13:35:19.293 29526 29526 W MessageQueue: 	at symlab.CloudAR.ARManager.driveFrame(ARManager.java:157)
11-28 13:35:19.293 29526 29526 W MessageQueue: 	at symlab.ARHUD.MainActivity$3.onPreviewFrame(MainActivity.java:297)
11-28 13:35:19.293 29526 29526 W MessageQueue: 	at android.hardware.Camera$EventHandler.handleMessage(Camera.java:1278)
11-28 13:35:19.293 29526 29526 W MessageQueue: 	at android.os.Handler.dispatchMessage(Handler.java:112)
11-28 13:35:19.293 29526 29526 W MessageQueue: 	at android.os.Looper.loop(Looper.java:216)
11-28 13:35:19.293 29526 29526 W MessageQueue: 	at android.app.ActivityThread.main(ActivityThread.java:7579)
11-28 13:35:19.293 29526 29526 W MessageQueue: 	at java.lang.reflect.Method.invoke(Native Method)
11-28 13:35:19.293 29526 29526 W MessageQueue: 	at com.android.internal.os.RuntimeInit$MethodAndArgsCaller.run(RuntimeInit.java:524)
11-28 13:35:19.293 29526 29526 W MessageQueue: 	at com.android.internal.os.ZygoteInit.main(ZygoteInit.java:1034)
11-28 13:35:19.325 29526 29526 W MessageQueue: Handler (android.os.Handler) {67e9d44} sending message to a Handler on a dead thread
11-28 13:35:19.325 29526 29526 W MessageQueue: java.lang.IllegalStateException: Handler (android.os.Handler) {67e9d44} sending message to a Handler on a dead thread
11-28 13:35:19.325 29526 29526 W MessageQueue: 	at android.os.MessageQueue.enqueueMessage(MessageQueue.java:650)
11-28 13:35:19.325 29526 29526 W MessageQueue: 	at android.os.Handler.enqueueMessage(Handler.java:769)
11-28 13:35:19.325 29526 29526 W MessageQueue: 	at android.os.Handler.sendMessageAtTime(Handler.java:718)
11-28 13:35:19.325 29526 29526 W MessageQueue: 	at android.os.Handler.sendMessageDelayed(Handler.java:688)
11-28 13:35:19.325 29526 29526 W MessageQueue: 	at android.os.Handler.post(Handler.java:405)
11-28 13:35:19.325 29526 29526 W MessageQueue: 	at symlab.CloudAR.ARManager.recognizeTime(ARManager.java:152)
11-28 13:35:19.325 29526 29526 W MessageQueue: 	at symlab.ARHUD.MainActivity$3.onPreviewFrame(MainActivity.java:296)
11-28 13:35:19.325 29526 29526 W MessageQueue: 	at android.hardware.Camera$EventHandler.handleMessage(Camera.java:1278)
11-28 13:35:19.325 29526 29526 W MessageQueue: 	at android.os.Handler.dispatchMessage(Handler.java:112)
11-28 13:35:19.325 29526 29526 W MessageQueue: 	at android.os.Looper.loop(Looper.java:216)
11-28 13:35:19.325 29526 29526 W MessageQueue: 	at android.app.ActivityThread.main(ActivityThread.java:7579)
11-28 13:35:19.325 29526 29526 W MessageQueue: 	at java.lang.reflect.Method.invoke(Native Method)
11-28 13:35:19.325 29526 29526 W MessageQueue: 	at com.android.internal.os.RuntimeInit$MethodAndArgsCaller.run(RuntimeInit.java:524)
11-28 13:35:19.325 29526 29526 W MessageQueue: 	at com.android.internal.os.ZygoteInit.main(ZygoteInit.java:1034)
11-28 13:35:19.325 29526 29526 W MessageQueue: Handler (android.os.Handler) {67e9d44} sending message to a Handler on a dead thread
11-28 13:35:19.325 29526 29526 W MessageQueue: java.lang.IllegalStateException: Handler (android.os.Handler) {67e9d44} sending message to a Handler on a dead thread
11-28 13:35:19.325 29526 29526 W MessageQueue: 	at android.os.MessageQueue.enqueueMessage(MessageQueue.java:650)
11-28 13:35:19.325 29526 29526 W MessageQueue: 	at android.os.Handler.enqueueMessage(Handler.java:769)
11-28 13:35:19.325 29526 29526 W MessageQueue: 	at android.os.Handler.sendMessageAtTime(Handler.java:718)
11-28 13:35:19.325 29526 29526 W MessageQueue: 	at android.os.Handler.sendMessageDelayed(Handler.java:688)
11-28 13:35:19.325 29526 29526 W MessageQueue: 	at android.os.Handler.post(Handler.java:405)
11-28 13:35:19.325 29526 29526 W MessageQueue: 	at symlab.CloudAR.ARManager.driveFrame(ARManager.java:157)
11-28 13:35:19.325 29526 29526 W MessageQueue: 	at symlab.ARHUD.MainActivity$3.onPreviewFrame(MainActivity.java:297)
11-28 13:35:19.325 29526 29526 W MessageQueue: 	at android.hardware.Camera$EventHandler.handleMessage(Camera.java:1278)
11-28 13:35:19.325 29526 29526 W MessageQueue: 	at android.os.Handler.dispatchMessage(Handler.java:112)
11-28 13:35:19.325 29526 29526 W MessageQueue: 	at android.os.Looper.loop(Looper.java:216)
11-28 13:35:19.325 29526 29526 W MessageQueue: 	at android.app.ActivityThread.main(ActivityThread.java:7579)
11-28 13:35:19.325 29526 29526 W MessageQueue: 	at java.lang.reflect.Method.invoke(Native Method)
11-28 13:35:19.325 29526 29526 W MessageQueue: 	at com.android.internal.os.RuntimeInit$MethodAndArgsCaller.run(RuntimeInit.java:524)
11-28 13:35:19.325 29526 29526 W MessageQueue: 	at com.android.internal.os.ZygoteInit.main(ZygoteInit.java:1034)
11-28 13:35:19.359 29526 29526 W MessageQueue: Handler (android.os.Handler) {67e9d44} sending message to a Handler on a dead thread
11-28 13:35:19.359 29526 29526 W MessageQueue: java.lang.IllegalStateException: Handler (android.os.Handler) {67e9d44} sending message to a Handler on a dead thread
11-28 13:35:19.359 29526 29526 W MessageQueue: 	at android.os.MessageQueue.enqueueMessage(MessageQueue.java:650)
11-28 13:35:19.359 29526 29526 W MessageQueue: 	at android.os.Handler.enqueueMessage(Handler.java:769)
11-28 13:35:19.359 29526 29526 W MessageQueue: 	at android.os.Handler.sendMessageAtTime(Handler.java:718)
11-28 13:35:19.359 29526 29526 W MessageQueue: 	at android.os.Handler.sendMessageDelayed(Handler.java:688)
11-28 13:35:19.359 29526 29526 W MessageQueue: 	at android.os.Handler.post(Handler.java:405)
11-28 13:35:19.359 29526 29526 W MessageQueue: 	at symlab.CloudAR.ARManager.recognizeTime(ARManager.java:152)
11-28 13:35:19.359 29526 29526 W MessageQueue: 	at symlab.ARHUD.MainActivity$3.onPreviewFrame(MainActivity.java:296)
11-28 13:35:19.359 29526 29526 W MessageQueue: 	at android.hardware.Camera$EventHandler.handleMessage(Camera.java:1278)
11-28 13:35:19.359 29526 29526 W MessageQueue: 	at android.os.Handler.dispatchMessage(Handler.java:112)
11-28 13:35:19.359 29526 29526 W MessageQueue: 	at android.os.Looper.loop(Looper.java:216)
11-28 13:35:19.359 29526 29526 W MessageQueue: 	at android.app.ActivityThread.main(ActivityThread.java:7579)
11-28 13:35:19.359 29526 29526 W MessageQueue: 	at java.lang.reflect.Method.invoke(Native Method)
11-28 13:35:19.359 29526 29526 W MessageQueue: 	at com.android.internal.os.RuntimeInit$MethodAndArgsCaller.run(RuntimeInit.java:524)
11-28 13:35:19.359 29526 29526 W MessageQueue: 	at com.android.internal.os.ZygoteInit.main(ZygoteInit.java:1034)
11-28 13:35:19.359 29526 29526 W MessageQueue: Handler (android.os.Handler) {67e9d44} sending message to a Handler on a dead thread
11-28 13:35:19.359 29526 29526 W MessageQueue: java.lang.IllegalStateException: Handler (android.os.Handler) {67e9d44} sending message to a Handler on a dead thread
11-28 13:35:19.359 29526 29526 W MessageQueue: 	at android.os.MessageQueue.enqueueMessage(MessageQueue.java:650)
11-28 13:35:19.359 29526 29526 W MessageQueue: 	at android.os.Handler.enqueueMessage(Handler.java:769)
11-28 13:35:19.359 29526 29526 W MessageQueue: 	at android.os.Handler.sendMessageAtTime(Handler.java:718)
11-28 13:35:19.359 29526 29526 W MessageQueue: 	at android.os.Handler.sendMessageDelayed(Handler.java:688)
11-28 13:35:19.359 29526 29526 W MessageQueue: 	at android.os.Handler.post(Handler.java:405)
11-28 13:35:19.359 29526 29526 W MessageQueue: 	at symlab.CloudAR.ARManager.driveFrame(ARManager.java:157)
11-28 13:35:19.359 29526 29526 W MessageQueue: 	at symlab.ARHUD.MainActivity$3.onPreviewFrame(MainActivity.java:297)
11-28 13:35:19.359 29526 29526 W MessageQueue: 	at android.hardware.Camera$EventHandler.handleMessage(Camera.java:1278)
11-28 13:35:19.359 29526 29526 W MessageQueue: 	at android.os.Handler.dispatchMessage(Handler.java:112)
11-28 13:35:19.359 29526 29526 W MessageQueue: 	at android.os.Looper.loop(Looper.java:216)
11-28 13:35:19.359 29526 29526 W MessageQueue: 	at android.app.ActivityThread.main(ActivityThread.java:7579)
11-28 13:35:19.359 29526 29526 W MessageQueue: 	at java.lang.reflect.Method.invoke(Native Method)
11-28 13:35:19.359 29526 29526 W MessageQueue: 	at com.android.internal.os.RuntimeInit$MethodAndArgsCaller.run(RuntimeInit.java:524)
11-28 13:35:19.359 29526 29526 W MessageQueue: 	at com.android.internal.os.ZygoteInit.main(ZygoteInit.java:1034)
11-28 13:35:19.394 29526 29526 W MessageQueue: Handler (android.os.Handler) {67e9d44} sending message to a Handler on a dead thread
11-28 13:35:19.394 29526 29526 W MessageQueue: java.lang.IllegalStateException: Handler (android.os.Handler) {67e9d44} sending message to a Handler on a dead thread
11-28 13:35:19.394 29526 29526 W MessageQueue: 	at android.os.MessageQueue.enqueueMessage(MessageQueue.java:650)
11-28 13:35:19.394 29526 29526 W MessageQueue: 	at android.os.Handler.enqueueMessage(Handler.java:769)
11-28 13:35:19.394 29526 29526 W MessageQueue: 	at android.os.Handler.sendMessageAtTime(Handler.java:718)
11-28 13:35:19.394 29526 29526 W MessageQueue: 	at android.os.Handler.sendMessageDelayed(Handler.java:688)
11-28 13:35:19.394 29526 29526 W MessageQueue: 	at android.os.Handler.post(Handler.java:405)
11-28 13:35:19.394 29526 29526 W MessageQueue: 	at symlab.CloudAR.ARManager.recognizeTime(ARManager.java:152)
11-28 13:35:19.394 29526 29526 W MessageQueue: 	at symlab.ARHUD.MainActivity$3.onPreviewFrame(MainActivity.java:296)
11-28 13:35:19.394 29526 29526 W MessageQueue: 	at android.hardware.Camera$EventHandler.handleMessage(Camera.java:1278)
11-28 13:35:19.394 29526 29526 W MessageQueue: 	at android.os.Handler.dispatchMessage(Handler.java:112)
11-28 13:35:19.394 29526 29526 W MessageQueue: 	at android.os.Looper.loop(Looper.java:216)
11-28 13:35:19.394 29526 29526 W MessageQueue: 	at android.app.ActivityThread.main(ActivityThread.java:7579)
11-28 13:35:19.394 29526 29526 W MessageQueue: 	at java.lang.reflect.Method.invoke(Native Method)
11-28 13:35:19.394 29526 29526 W MessageQueue: 	at com.android.internal.os.RuntimeInit$MethodAndArgsCaller.run(RuntimeInit.java:524)
11-28 13:35:19.394 29526 29526 W MessageQueue: 	at com.android.internal.os.ZygoteInit.main(ZygoteInit.java:1034)
11-28 13:35:19.394 29526 29526 W MessageQueue: Handler (android.os.Handler) {67e9d44} sending message to a Handler on a dead thread
11-28 13:35:19.394 29526 29526 W MessageQueue: java.lang.IllegalStateException: Handler (android.os.Handler) {67e9d44} sending message to a Handler on a dead thread
11-28 13:35:19.394 29526 29526 W MessageQueue: 	at android.os.MessageQueue.enqueueMessage(MessageQueue.java:650)
11-28 13:35:19.394 29526 29526 W MessageQueue: 	at android.os.Handler.enqueueMessage(Handler.java:769)
11-28 13:35:19.394 29526 29526 W MessageQueue: 	at android.os.Handler.sendMessageAtTime(Handler.java:718)
11-28 13:35:19.394 29526 29526 W MessageQueue: 	at android.os.Handler.sendMessageDelayed(Handler.java:688)
11-28 13:35:19.394 29526 29526 W MessageQueue: 	at android.os.Handler.post(Handler.java:405)
11-28 13:35:19.394 29526 29526 W MessageQueue: 	at symlab.CloudAR.ARManager.driveFrame(ARManager.java:157)
11-28 13:35:19.394 29526 29526 W MessageQueue: 	at symlab.ARHUD.MainActivity$3.onPreviewFrame(MainActivity.java:297)
11-28 13:35:19.394 29526 29526 W MessageQueue: 	at android.hardware.Camera$EventHandler.handleMessage(Camera.java:1278)
11-28 13:35:19.394 29526 29526 W MessageQueue: 	at android.os.Handler.dispatchMessage(Handler.java:112)
11-28 13:35:19.394 29526 29526 W MessageQueue: 	at android.os.Looper.loop(Looper.java:216)
11-28 13:35:19.394 29526 29526 W MessageQueue: 	at android.app.ActivityThread.main(ActivityThread.java:7579)
11-28 13:35:19.394 29526 29526 W MessageQueue: 	at java.lang.reflect.Method.invoke(Native Method)
11-28 13:35:19.394 29526 29526 W MessageQueue: 	at com.android.internal.os.RuntimeInit$MethodAndArgsCaller.run(RuntimeInit.java:524)
11-28 13:35:19.394 29526 29526 W MessageQueue: 	at com.android.internal.os.ZygoteInit.main(ZygoteInit.java:1034)
11-28 13:35:19.427 29526 29526 W MessageQueue: Handler (android.os.Handler) {67e9d44} sending message to a Handler on a dead thread
11-28 13:35:19.427 29526 29526 W MessageQueue: java.lang.IllegalStateException: Handler (android.os.Handler) {67e9d44} sending message to a Handler on a dead thread
11-28 13:35:19.427 29526 29526 W MessageQueue: 	at android.os.MessageQueue.enqueueMessage(MessageQueue.java:650)
11-28 13:35:19.427 29526 29526 W MessageQueue: 	at android.os.Handler.enqueueMessage(Handler.java:769)
11-28 13:35:19.427 29526 29526 W MessageQueue: 	at android.os.Handler.sendMessageAtTime(Handler.java:718)
11-28 13:35:19.427 29526 29526 W MessageQueue: 	at android.os.Handler.sendMessageDelayed(Handler.java:688)
11-28 13:35:19.427 29526 29526 W MessageQueue: 	at android.os.Handler.post(Handler.java:405)
11-28 13:35:19.427 29526 29526 W MessageQueue: 	at symlab.CloudAR.ARManager.recognizeTime(ARManager.java:152)
11-28 13:35:19.427 29526 29526 W MessageQueue: 	at symlab.ARHUD.MainActivity$3.onPreviewFrame(MainActivity.java:296)
11-28 13:35:19.427 29526 29526 W MessageQueue: 	at android.hardware.Camera$EventHandler.handleMessage(Camera.java:1278)
11-28 13:35:19.427 29526 29526 W MessageQueue: 	at android.os.Handler.dispatchMessage(Handler.java:112)
11-28 13:35:19.427 29526 29526 W MessageQueue: 	at android.os.Looper.loop(Looper.java:216)
11-28 13:35:19.427 29526 29526 W MessageQueue: 	at android.app.ActivityThread.main(ActivityThread.java:7579)
11-28 13:35:19.427 29526 29526 W MessageQueue: 	at java.lang.reflect.Method.invoke(Native Method)
11-28 13:35:19.427 29526 29526 W MessageQueue: 	at com.android.internal.os.RuntimeInit$MethodAndArgsCaller.run(RuntimeInit.java:524)
11-28 13:35:19.427 29526 29526 W MessageQueue: 	at com.android.internal.os.ZygoteInit.main(ZygoteInit.java:1034)
11-28 13:35:19.428 29526 29526 W MessageQueue: Handler (android.os.Handler) {67e9d44} sending message to a Handler on a dead thread
11-28 13:35:19.428 29526 29526 W MessageQueue: java.lang.IllegalStateException: Handler (android.os.Handler) {67e9d44} sending message to a Handler on a dead thread
11-28 13:35:19.428 29526 29526 W MessageQueue: 	at android.os.MessageQueue.enqueueMessage(MessageQueue.java:650)
11-28 13:35:19.428 29526 29526 W MessageQueue: 	at android.os.Handler.enqueueMessage(Handler.java:769)
11-28 13:35:19.428 29526 29526 W MessageQueue: 	at android.os.Handler.sendMessageAtTime(Handler.java:718)
11-28 13:35:19.428 29526 29526 W MessageQueue: 	at android.os.Handler.sendMessageDelayed(Handler.java:688)
11-28 13:35:19.428 29526 29526 W MessageQueue: 	at android.os.Handler.post(Handler.java:405)
11-28 13:35:19.428 29526 29526 W MessageQueue: 	at symlab.CloudAR.ARManager.driveFrame(ARManager.java:157)
11-28 13:35:19.428 29526 29526 W MessageQueue: 	at symlab.ARHUD.MainActivity$3.onPreviewFrame(MainActivity.java:297)
11-28 13:35:19.428 29526 29526 W MessageQueue: 	at android.hardware.Camera$EventHandler.handleMessage(Camera.java:1278)
11-28 13:35:19.428 29526 29526 W MessageQueue: 	at android.os.Handler.dispatchMessage(Handler.java:112)
11-28 13:35:19.428 29526 29526 W MessageQueue: 	at android.os.Looper.loop(Looper.java:216)
11-28 13:35:19.428 29526 29526 W MessageQueue: 	at android.app.ActivityThread.main(ActivityThread.java:7579)
11-28 13:35:19.428 29526 29526 W MessageQueue: 	at java.lang.reflect.Method.invoke(Native Method)
11-28 13:35:19.428 29526 29526 W MessageQueue: 	at com.android.internal.os.RuntimeInit$MethodAndArgsCaller.run(RuntimeInit.java:524)
11-28 13:35:19.428 29526 29526 W MessageQueue: 	at com.android.internal.os.ZygoteInit.main(ZygoteInit.java:1034)
11-28 13:35:19.463 29526 29526 W MessageQueue: Handler (android.os.Handler) {67e9d44} sending message to a Handler on a dead thread
11-28 13:35:19.463 29526 29526 W MessageQueue: java.lang.IllegalStateException: Handler (android.os.Handler) {67e9d44} sending message to a Handler on a dead thread
11-28 13:35:19.463 29526 29526 W MessageQueue: 	at android.os.MessageQueue.enqueueMessage(MessageQueue.java:650)
11-28 13:35:19.463 29526 29526 W MessageQueue: 	at android.os.Handler.enqueueMessage(Handler.java:769)
11-28 13:35:19.463 29526 29526 W MessageQueue: 	at android.os.Handler.sendMessageAtTime(Handler.java:718)
11-28 13:35:19.463 29526 29526 W MessageQueue: 	at android.os.Handler.sendMessageDelayed(Handler.java:688)
11-28 13:35:19.463 29526 29526 W MessageQueue: 	at android.os.Handler.post(Handler.java:405)
11-28 13:35:19.463 29526 29526 W MessageQueue: 	at symlab.CloudAR.ARManager.recognizeTime(ARManager.java:152)
11-28 13:35:19.463 29526 29526 W MessageQueue: 	at symlab.ARHUD.MainActivity$3.onPreviewFrame(MainActivity.java:296)
11-28 13:35:19.463 29526 29526 W MessageQueue: 	at android.hardware.Camera$EventHandler.handleMessage(Camera.java:1278)
11-28 13:35:19.463 29526 29526 W MessageQueue: 	at android.os.Handler.dispatchMessage(Handler.java:112)
11-28 13:35:19.463 29526 29526 W MessageQueue: 	at android.os.Looper.loop(Looper.java:216)
11-28 13:35:19.463 29526 29526 W MessageQueue: 	at android.app.ActivityThread.main(ActivityThread.java:7579)
11-28 13:35:19.463 29526 29526 W MessageQueue: 	at java.lang.reflect.Method.invoke(Native Method)
11-28 13:35:19.463 29526 29526 W MessageQueue: 	at com.android.internal.os.RuntimeInit$MethodAndArgsCaller.run(RuntimeInit.java:524)
11-28 13:35:19.463 29526 29526 W MessageQueue: 	at com.android.internal.os.ZygoteInit.main(ZygoteInit.java:1034)
11-28 13:35:19.463 29526 29526 W MessageQueue: Handler (android.os.Handler) {67e9d44} sending message to a Handler on a dead thread
11-28 13:35:19.463 29526 29526 W MessageQueue: java.lang.IllegalStateException: Handler (android.os.Handler) {67e9d44} sending message to a Handler on a dead thread
11-28 13:35:19.463 29526 29526 W MessageQueue: 	at android.os.MessageQueue.enqueueMessage(MessageQueue.java:650)
11-28 13:35:19.463 29526 29526 W MessageQueue: 	at android.os.Handler.enqueueMessage(Handler.java:769)
11-28 13:35:19.463 29526 29526 W MessageQueue: 	at android.os.Handler.sendMessageAtTime(Handler.java:718)
11-28 13:35:19.463 29526 29526 W MessageQueue: 	at android.os.Handler.sendMessageDelayed(Handler.java:688)
11-28 13:35:19.463 29526 29526 W MessageQueue: 	at android.os.Handler.post(Handler.java:405)
11-28 13:35:19.463 29526 29526 W MessageQueue: 	at symlab.CloudAR.ARManager.driveFrame(ARManager.java:157)
11-28 13:35:19.463 29526 29526 W MessageQueue: 	at symlab.ARHUD.MainActivity$3.onPreviewFrame(MainActivity.java:297)
11-28 13:35:19.463 29526 29526 W MessageQueue: 	at android.hardware.Camera$EventHandler.handleMessage(Camera.java:1278)
11-28 13:35:19.463 29526 29526 W MessageQueue: 	at android.os.Handler.dispatchMessage(Handler.java:112)
11-28 13:35:19.463 29526 29526 W MessageQueue: 	at android.os.Looper.loop(Looper.java:216)
11-28 13:35:19.463 29526 29526 W MessageQueue: 	at android.app.ActivityThread.main(ActivityThread.java:7579)
11-28 13:35:19.463 29526 29526 W MessageQueue: 	at java.lang.reflect.Method.invoke(Native Method)
11-28 13:35:19.463 29526 29526 W MessageQueue: 	at com.android.internal.os.RuntimeInit$MethodAndArgsCaller.run(RuntimeInit.java:524)
11-28 13:35:19.463 29526 29526 W MessageQueue: 	at com.android.internal.os.ZygoteInit.main(ZygoteInit.java:1034)
