--------- beginning of main
11-28 14:14:38.954 12621 12621 I MultiDex: Installing application
11-28 14:14:38.954 12621 12621 I MultiDex: VM has multidex support, MultiDex support library is disabled.
11-28 14:14:38.955 12644 12644 W logcat  : type=1400 audit(0.0:42537): avc: granted { create } for name="logcat_1574943278939.txt" scontext=u:r:untrusted_app:s0:c150,c256,c512,c768 tcontext=u:object_r:sdcardfs:s0:c150,c256,c512,c768 tclass=file
--------- beginning of system
11-28 14:14:38.957 12621 12621 V ActivityThread: callActivityOnCreate
11-28 14:14:38.957 12621 12621 I Poster  :  onCreate() called.
11-28 14:14:38.960 12621 12621 I HwApsImpl: APS: new HwApsImpl created
11-28 14:14:38.966 12621 12621 V HwWidgetFactory: : successes to get AllImpl object and return....
11-28 14:14:38.973 12621 12621 D OpenGLRenderer: Skia GL Pipeline
11-28 14:14:38.992 12621 12621 D Poster  : Server details are IP 193.166.28.132 and port 52727
11-28 14:14:38.997 12621 12621 D Poster  : Server bound to IP 193.166.28.132 and port 52727
11-28 14:14:39.002 12621 12621 D ActivityThread: add activity client record, r= ActivityRecord{db8bbd token=android.os.BinderProxy@c62e47c {symlab.cloudridar.arhud/symlab.ARHUD.MainActivity}} token= android.os.BinderProxy@c62e47c
11-28 14:14:39.004 12621 12621 I Poster  :  onStart() called.
11-28 14:14:39.004 12621 12621 D ZrHung.AppEyeUiProbe: notify runnable to start.
11-28 14:14:39.006 12621 12621 I Poster  :  onResume() called.
11-28 14:14:39.009 12621 12621 I PermissionManager: camera remind result:true
11-28 14:14:39.009 12621 12621 I Camera  : open camera: 0, package name: symlab.cloudridar.arhud
11-28 14:14:39.010 12621 12621 I BackgroundPermManager: pkgName: symlab.cloudridar.arhud,pid: 12621 ,uidOf3RdApk: 10150 ,permType: 0 ,permCfg: 1
11-28 14:14:39.010 12621 12621 I HwCameraUtil: notifySurfaceFlingerCameraStatus : isFront = false , isOpend = true
11-28 14:14:39.020 12621 12621 D ActivityThread: isOptEnabled=false isWechatScanOpt=false
11-28 14:14:39.021 12621 12621 I HwSecImmHelper: mSecurityInputMethodService is null
11-28 14:14:39.028 12621 12621 D OpenGLRenderer:   HWUI Binary is  enabled
11-28 14:14:39.041 12621 12673 D HiTouch_PressGestureDetector: onAttached, package=symlab.cloudridar.arhud, windowType=1, mHiTouchRestricted=false
11-28 14:14:39.050 12621 12671 I ConfigStore: android::hardware::configstore::V1_0::ISurfaceFlingerConfigs::hasWideColorDisplay retrieved: 0
11-28 14:14:39.051 12621 12671 I ConfigStore: android::hardware::configstore::V1_0::ISurfaceFlingerConfigs::hasHDRDisplay retrieved: 0
11-28 14:14:39.051 12621 12671 I iGraphics: [0020080c] pn: symlab.cloudridar.arhud, p: 12621
11-28 14:14:39.051 12621 12671 I OpenGLRenderer: Initialized EGL, version 1.4, mEglDisplay 0x1
11-28 14:14:39.051 12621 12671 D OpenGLRenderer: Swap behavior 2
11-28 14:14:39.059 12621 12671 D mali_winsys: EGLint new_window_surface(egl_winsys_display *, void *, EGLSurface, EGLConfig, egl_winsys_surface **, EGLBoolean) returns 0x3000
11-28 14:14:39.071 12621 12621 I Poster  :  surfaceCreated() called.
11-28 14:14:39.072 12621 12621 I Poster  : initPreview() called
11-28 14:14:39.073 12621 12632 E         : [ZeroHung]zrhung_get_config: Get config failed for wp[0x0008]
11-28 14:14:39.077 12621 12621 I PermissionManager: camera remind result:true
11-28 14:14:39.082 12621 12621 I Poster  :  surfaceChanged() called.
11-28 14:14:39.089 12621 12630 W System  : A resource failed to call close. 
11-28 14:14:39.100 12621 12621 W InputMethodManager: startInputReason = 1
11-28 14:14:39.109 12621 12621 W InputMethodManager: startInputReason = 5
11-28 14:14:39.186 12621 12621 D Poster  : At 1574943279186 location is 65.05792309211017 (latitude), and 25.469994258916756 (longitude)
11-28 14:14:39.189 12621 12621 D Poster  : Connected to mobile network 13
11-28 14:14:39.227 12621 12621 D stylus  : init stylus touchlistener.
11-28 14:14:39.229 12621 12621 W Settings: Setting device_provisioned has moved from android.provider.Settings.Secure to android.provider.Settings.Global.
11-28 14:14:39.229 12621 12621 V HiTouch_HiTouchSensor: User setup is finished.
11-28 14:14:39.232 12621 12621 I HiTouch_HiTouchSensor: HiTouch Setting Switch, ON
11-28 14:14:39.236 12621 12621 I HiTouch_HiTouchSensor: Checking pkgName: symlab.cloudridar.arhud Checking result: true
11-28 14:14:39.236 12621 12621 I HiTouch_HiTouchSensor: HiTouch Setting Switch, ON
11-28 14:14:39.237 12621 12621 I HiTouch_HiTouchSensor: ORIENTATION_LANDSCAPE
11-28 14:14:39.238 12621 12621 W HiTouch_PressGestureDetector: Y Point is out of bound. Top: 240 Bottom:957
11-28 14:14:39.304 12621 12621 W HiTouch_PressGestureDetector: Touch pointer move a lot. The moving distance of X is:256.77066, limit is:60The moving distance of Y is:4.1261444, limit is:60
11-28 14:14:40.171 12621 12621 D Poster  : At 1574943280171 location is 65.05791006240717 (latitude), and 25.470038835931998 (longitude)
11-28 14:14:40.172 12621 12621 D Poster  : Connected to mobile network 13
11-28 14:14:40.556 12621 12632 E         : [ZeroHung]zrhung_get_config: Get config failed for wp[0x0008]
11-28 14:14:40.568 12621 12630 W System  : A resource failed to call close. 
11-28 14:14:40.570 12621 12630 I chatty  : uid=10150(symlab.cloudridar.arhud) FinalizerDaemon identical 33 lines
11-28 14:14:40.570 12621 12630 W System  : A resource failed to call close. 
11-28 14:14:41.183 12621 12621 D Poster  : At 1574943281183 location is 65.0579048218289 (latitude), and 25.470022667436872 (longitude)
11-28 14:14:41.185 12621 12621 D Poster  : Connected to mobile network 13
11-28 14:14:41.710 12621 12632 E         : [ZeroHung]zrhung_get_config: Get config failed for wp[0x0008]
11-28 14:14:41.727 12621 12630 W System  : A resource failed to call close. 
11-28 14:14:41.729 12621 12630 I chatty  : uid=10150(symlab.cloudridar.arhud) FinalizerDaemon identical 31 lines
11-28 14:14:41.729 12621 12630 W System  : A resource failed to call close. 
11-28 14:14:42.179 12621 12621 D Poster  : At 1574943282179 location is 65.05790046465219 (latitude), and 25.470021201977655 (longitude)
11-28 14:14:42.181 12621 12621 D Poster  : Connected to mobile network 13
11-28 14:14:42.894 12621 12632 E         : [ZeroHung]zrhung_get_config: Get config failed for wp[0x0008]
11-28 14:14:42.909 12621 12630 W System  : A resource failed to call close. 
11-28 14:14:42.911 12621 12630 I chatty  : uid=10150(symlab.cloudridar.arhud) FinalizerDaemon identical 34 lines
11-28 14:14:42.911 12621 12630 W System  : A resource failed to call close. 
11-28 14:14:43.184 12621 12621 D Poster  : At 1574943283184 location is 65.05789353347879 (latitude), and 25.47001215426036 (longitude)
11-28 14:14:43.186 12621 12621 D Poster  : Connected to mobile network 13
11-28 14:14:43.936 12621 12621 I AwareBitmapCacher: init lrucache size: 2097152 pid=12621
11-28 14:14:44.180 12621 12621 D Poster  : At 1574943284179 location is 65.05788190360782 (latitude), and 25.470001235302476 (longitude)
11-28 14:14:44.183 12621 12621 D Poster  : Connected to mobile network 13
11-28 14:14:44.511 12621 12632 E         : [ZeroHung]zrhung_get_config: Get config failed for wp[0x0008]
11-28 14:14:44.527 12621 12630 W System  : A resource failed to call close. 
11-28 14:14:44.533 12621 12630 I chatty  : uid=10150(symlab.cloudridar.arhud) FinalizerDaemon identical 43 lines
11-28 14:14:44.534 12621 12630 W System  : A resource failed to call close. 
11-28 14:14:45.185 12621 12621 D Poster  : At 1574943285185 location is 65.05787398988932 (latitude), and 25.46997775138841 (longitude)
11-28 14:14:45.187 12621 12621 D Poster  : Connected to mobile network 13
11-28 14:14:46.180 12621 12621 D Poster  : At 1574943286180 location is 65.05786932210545 (latitude), and 25.46996293265784 (longitude)
11-28 14:14:46.183 12621 12621 D Poster  : Connected to mobile network 13
11-28 14:14:46.220 12621 12632 E         : [ZeroHung]zrhung_get_config: Get config failed for wp[0x0008]
11-28 14:14:46.241 12621 12630 W System  : A resource failed to call close. 
11-28 14:14:46.248 12621 12630 I chatty  : uid=10150(symlab.cloudridar.arhud) FinalizerDaemon identical 45 lines
11-28 14:14:46.248 12621 12630 W System  : A resource failed to call close. 
11-28 14:14:47.171 12621 12621 D Poster  : At 1574943287171 location is 65.05785694553364 (latitude), and 25.469941384784434 (longitude)
11-28 14:14:47.174 12621 12621 D Poster  : Connected to mobile network 13
11-28 14:14:47.804 12621 12632 E         : [ZeroHung]zrhung_get_config: Get config failed for wp[0x0008]
11-28 14:14:47.827 12621 12630 W System  : A resource failed to call close. 
11-28 14:14:47.835 12621 12630 I chatty  : uid=10150(symlab.cloudridar.arhud) FinalizerDaemon identical 43 lines
11-28 14:14:47.835 12621 12630 W System  : A resource failed to call close. 
11-28 14:14:47.838 12621 12630 W System  : A resource failed to call close. 
11-28 14:14:48.185 12621 12621 D Poster  : At 1574943288185 location is 65.05785005458446 (latitude), and 25.469920035281536 (longitude)
11-28 14:14:48.188 12621 12621 D Poster  : Connected to mobile network 13
11-28 14:14:48.803 12621 12621 W HiTouch_PressGestureDetector: Touch pointer move a lot. The moving distance of X is:164.25269, limit is:60The moving distance of Y is:40.11557, limit is:60
11-28 14:14:49.186 12621 12621 D Poster  : At 1574943289186 location is 65.05784174261072 (latitude), and 25.469907889295182 (longitude)
11-28 14:14:49.188 12621 12621 D Poster  : Connected to mobile network 13
11-28 14:14:49.319 12621 12621 I Poster  :  onPause() called.
11-28 14:14:49.408 12621 12621 I Camera  : close camera: 0, package name: symlab.cloudridar.arhud
11-28 14:14:49.408 12621 12621 I BackgroundPermManager: pkgName: symlab.cloudridar.arhud,pid: 12621 ,uidOf3RdApk: 10150 ,permType: 0 ,permCfg: 0
11-28 14:14:49.410 12621 12621 I HwCameraUtil: notifySurfaceFlingerCameraStatus : isFront = false , isOpend = false
11-28 14:14:49.455 12621 12621 D ZrHung.AppEyeUiProbe: stop checker.
11-28 14:14:49.464 12621 12621 I Poster  :  surfaceDestroyed() called.
11-28 14:14:49.465 12621 12621 D ViewRootImpl[MainActivity]: surface should not be released
11-28 14:14:49.466 12621 12621 I Poster  :  onStop() called.
11-28 14:14:49.494 12621 12671 W libEGL  : EGLNativeWindowType 0xf07f0008 disconnect failed
11-28 14:14:49.950 12621 12646 D ZrHung.AppEyeUiProbe: Current Activity:false
11-28 14:14:49.950 12621 12646 D ZrHung.AppEyeUiProbe: not watching, wait.
11-28 14:14:50.173 12621 12621 D Poster  : At 1574943290173 location is 65.05784585248868 (latitude), and 25.469846611286783 (longitude)
11-28 14:14:50.175 12621 12621 D Poster  : Connected to mobile network 13
11-28 14:14:50.182 12621 12621 D Latitude: status
