--------- beginning of main
11-28 14:00:57.683  7377  7377 I Poster  :  onDestroy() called.
--------- beginning of system
11-28 14:00:57.684  7377  7377 D ActivityThread: Remove activity client record, r= ActivityRecord{db8bbd token=android.os.BinderProxy@c62e47c {symlab.cloudridar.arhud/symlab.ARHUD.MainActivity}} token= android.os.BinderProxy@c62e47c
11-28 14:00:59.360  7709  7709 I loudridar.arhu: Late-enabling -Xcheck:jni
11-28 14:00:59.389  7709  7709 I loudridar.arhu: Reinit property: dalvik.vm.checkjni= false
11-28 14:00:59.402  7709  7709 D ZrHung.AppEyeUiProbe: AppEyeUIP created.
11-28 14:00:59.399  7709  7709 W re-initialized>: type=1400 audit(0.0:39644): avc: denied { read } for name="u:object_r:mmi_prop:s0" dev="tmpfs" ino=16663 scontext=u:r:untrusted_app:s0:c150,c256,c512,c768 tcontext=u:object_r:mmi_prop:s0 tclass=file permissive=0
11-28 14:00:59.404  7709  7709 E libc    : Access denied finding property "runtime.mmitest.isrunning"
11-28 14:00:59.408  7709  7709 D ActivityThread: Attach thread to application
11-28 14:00:59.412  7709  7717 E loudridar.arhu: Unable to peek into adb socket due to error. Closing socket.: Connection reset by peer
11-28 14:00:59.481  7709  7733 I HwApiCacheMangerEx: apicache path=/storage/emulated/0 state=mounted key=symlab.cloudridar.arhud#10150#256
11-28 14:00:59.482  7709  7733 I HwApiCacheMangerEx: apicache path=/storage/emulated/0 state=mounted key=symlab.cloudridar.arhud#10150#0
11-28 14:00:59.553  7709  7709 I loudridar.arhu: QarthPatchMonintor::Init
11-28 14:00:59.553  7709  7709 I loudridar.arhu: 
11-28 14:00:59.553  7709  7709 I loudridar.arhu: QarthPatchMonintor::StartWatch
11-28 14:00:59.553  7709  7709 I loudridar.arhu: 
11-28 14:00:59.553  7709  7709 I loudridar.arhu: QarthPatchMonintor::WatchPackage: /data/hotpatch/fwkhotpatch/
11-28 14:00:59.553  7709  7709 I loudridar.arhu: 
11-28 14:00:59.553  7709  7709 I loudridar.arhu: QarthPatchMonintor::CheckAndWatchPatch: /data/hotpatch/fwkhotpatch/symlab.cloudridar.arhud
11-28 14:00:59.553  7709  7709 I loudridar.arhu: 
11-28 14:00:59.553  7709  7709 I loudridar.arhu: QarthPatchMonintor::CheckAndWatchPatch: /data/hotpatch/fwkhotpatch/all
11-28 14:00:59.553  7709  7709 I loudridar.arhu: 
11-28 14:00:59.553  7709  7709 I loudridar.arhu: QarthPatchMonintor::Run
11-28 14:00:59.553  7709  7709 I loudridar.arhu: 
11-28 14:00:59.553  7709  7749 I loudridar.arhu: QarthPatchMonintor::Reading
11-28 14:00:59.553  7709  7749 I loudridar.arhu: 
11-28 14:00:59.553  7709  7749 I loudridar.arhu: QarthPatchMonintor::CheckNotifyEvent
11-28 14:00:59.553  7709  7749 I loudridar.arhu: 
11-28 14:00:59.553  7709  7749 I loudridar.arhu: QarthPatchMonintor::CheckNotifyEvent before read
11-28 14:00:59.553  7709  7749 I loudridar.arhu: 
11-28 14:00:59.556  7709  7709 I MultiDex: VM with version 2.1.0 has multidex support
11-28 14:00:59.557  7709  7709 I MultiDex: Installing application
11-28 14:00:59.557  7709  7709 I MultiDex: VM has multidex support, MultiDex support library is disabled.
11-28 14:00:59.558  7709  7733 I AwareBitmapCacher: init processName:symlab.cloudridar.arhud pid=7709 uid=10150
11-28 14:00:59.560  7709  7751 E AwareLog: AtomicFileUtils: readFileLines file not exist: android.util.AtomicFile@919d802
11-28 14:00:59.560  7709  7751 E AwareLog: AtomicFileUtils: readFileLines file not exist: android.util.AtomicFile@35dc513
11-28 14:00:59.561  7709  7709 I FirebaseInitProvider: FirebaseApp initialization unsuccessful
11-28 14:00:59.568  7709  7709 D ZrHung.AppEyeUiProbe: notify runnable to start.
11-28 14:00:59.568  7709  7756 D ZrHung.AppEyeUiProbe: Runnable thread started.
11-28 14:00:59.568  7709  7756 D IMonitor: Load library imonitor_jni
11-28 14:00:59.573  7709  7756 E         : [ZeroHung]zrhung_get_config: Get config failed for wp[0x0102]
11-28 14:00:59.573  7709  7756 W ZrHung.AppEyeUiProbe: Failed to get config from zrhung
11-28 14:00:59.579  7709  7709 I MultiDex: Installing application
11-28 14:00:59.579  7709  7709 I MultiDex: VM has multidex support, MultiDex support library is disabled.
11-28 14:00:59.579  7754  7754 W logcat  : type=1400 audit(0.0:39645): avc: granted { create } for name="logcat_1574942459563.txt" scontext=u:r:untrusted_app:s0:c150,c256,c512,c768 tcontext=u:object_r:sdcardfs:s0:c150,c256,c512,c768 tclass=file
11-28 14:00:59.585  7709  7709 V ActivityThread: callActivityOnCreate
11-28 14:00:59.585  7709  7709 I Poster  :  onCreate() called.
11-28 14:00:59.588  7709  7709 I HwApsImpl: APS: new HwApsImpl created
11-28 14:00:59.594  7709  7709 V HwWidgetFactory: : successes to get AllImpl object and return....
11-28 14:00:59.602  7709  7709 D OpenGLRenderer: Skia GL Pipeline
11-28 14:00:59.622  7709  7709 D Poster  : Server details are IP 193.166.28.132 and port 52727
11-28 14:00:59.626  7709  7709 D Poster  : Server bound to IP 193.166.28.132 and port 52727
11-28 14:00:59.631  7709  7709 D ActivityThread: add activity client record, r= ActivityRecord{db8bbd token=android.os.BinderProxy@c62e47c {symlab.cloudridar.arhud/symlab.ARHUD.MainActivity}} token= android.os.BinderProxy@c62e47c
11-28 14:00:59.633  7709  7709 I Poster  :  onStart() called.
11-28 14:00:59.634  7709  7709 D ZrHung.AppEyeUiProbe: notify runnable to start.
11-28 14:00:59.635  7709  7709 I Poster  :  onResume() called.
11-28 14:00:59.639  7709  7709 I PermissionManager: camera remind result:true
11-28 14:00:59.639  7709  7709 I Camera  : open camera: 0, package name: symlab.cloudridar.arhud
11-28 14:00:59.639  7709  7709 I BackgroundPermManager: pkgName: symlab.cloudridar.arhud,pid: 7709 ,uidOf3RdApk: 10150 ,permType: 0 ,permCfg: 1
11-28 14:00:59.640  7709  7709 I HwCameraUtil: notifySurfaceFlingerCameraStatus : isFront = false , isOpend = true
11-28 14:00:59.652  7709  7709 D ActivityThread: isOptEnabled=false isWechatScanOpt=false
11-28 14:00:59.653  7709  7709 I HwSecImmHelper: mSecurityInputMethodService is null
11-28 14:00:59.660  7709  7709 D OpenGLRenderer:   HWUI Binary is  enabled
11-28 14:00:59.675  7709  7789 D HiTouch_PressGestureDetector: onAttached, package=symlab.cloudridar.arhud, windowType=1, mHiTouchRestricted=false
11-28 14:00:59.685  7709  7786 I ConfigStore: android::hardware::configstore::V1_0::ISurfaceFlingerConfigs::hasWideColorDisplay retrieved: 0
11-28 14:00:59.686  7709  7786 I ConfigStore: android::hardware::configstore::V1_0::ISurfaceFlingerConfigs::hasHDRDisplay retrieved: 0
11-28 14:00:59.686  7709  7786 I iGraphics: [0020080c] pn: symlab.cloudridar.arhud, p: 7709
11-28 14:00:59.686  7709  7786 I OpenGLRenderer: Initialized EGL, version 1.4, mEglDisplay 0x1
11-28 14:00:59.686  7709  7786 D OpenGLRenderer: Swap behavior 2
11-28 14:00:59.694  7709  7786 D mali_winsys: EGLint new_window_surface(egl_winsys_display *, void *, EGLSurface, EGLConfig, egl_winsys_surface **, EGLBoolean) returns 0x3000
11-28 14:00:59.703  7709  7709 I Poster  :  surfaceCreated() called.
11-28 14:00:59.703  7709  7709 I Poster  : initPreview() called
11-28 14:00:59.704  7709  7721 E         : [ZeroHung]zrhung_get_config: Get config failed for wp[0x0008]
11-28 14:00:59.709  7709  7709 I PermissionManager: camera remind result:true
11-28 14:00:59.715  7709  7709 I Poster  :  surfaceChanged() called.
11-28 14:00:59.715  7709  7719 W System  : A resource failed to call close. 
11-28 14:00:59.734  7709  7709 W InputMethodManager: startInputReason = 1
11-28 14:00:59.757  7709  7709 W InputMethodManager: startInputReason = 5
11-28 14:01:00.722  7709  7764 D Evaluation: 5 res for frame 6 received at 1574942460722
11-28 14:01:01.238  7709  7721 E         : [ZeroHung]zrhung_get_config: Get config failed for wp[0x0008]
11-28 14:01:01.269  7709  7719 W System  : A resource failed to call close. 
11-28 14:01:01.271  7709  7719 I chatty  : uid=10150(symlab.cloudridar.arhud) FinalizerDaemon identical 36 lines
11-28 14:01:01.271  7709  7719 W System  : A resource failed to call close. 
11-28 14:01:02.256  7709  7721 E         : [ZeroHung]zrhung_get_config: Get config failed for wp[0x0008]
11-28 14:01:02.272  7709  7719 W System  : A resource failed to call close. 
11-28 14:01:02.274  7709  7719 I chatty  : uid=10150(symlab.cloudridar.arhud) FinalizerDaemon identical 25 lines
11-28 14:01:02.274  7709  7719 W System  : A resource failed to call close. 
11-28 14:01:03.506  7709  7721 E         : [ZeroHung]zrhung_get_config: Get config failed for wp[0x0008]
11-28 14:01:03.529  7709  7719 W System  : A resource failed to call close. 
11-28 14:01:03.530  7709  7719 I chatty  : uid=10150(symlab.cloudridar.arhud) FinalizerDaemon identical 5 lines
11-28 14:01:03.531  7709  7719 W System  : A resource failed to call close. 
11-28 14:01:03.531  7709  7719 W System  : A resource failed to call close. 
11-28 14:01:03.532  7709  7719 I chatty  : uid=10150(symlab.cloudridar.arhud) FinalizerDaemon identical 7 lines
11-28 14:01:03.532  7709  7719 W System  : A resource failed to call close. 
11-28 14:01:03.532  7709  7719 W System  : A resource failed to call close. 
11-28 14:01:03.533  7709  7719 W System  : A resource failed to call close. 
11-28 14:01:03.533  7709  7719 W System  : A resource failed to call close. 
11-28 14:01:03.533  7709  7719 W System  : A resource failed to call close. 
11-28 14:01:03.534  7709  7719 W System  : A resource failed to call close. 
11-28 14:01:03.534  7709  7719 W System  : A resource failed to call close. 
11-28 14:01:03.534  7709  7719 W System  : A resource failed to call close. 
11-28 14:01:03.534  7709  7719 W System  : A resource failed to call close. 
11-28 14:01:03.535  7709  7719 I chatty  : uid=10150(symlab.cloudridar.arhud) FinalizerDaemon identical 2 lines
11-28 14:01:03.535  7709  7719 W System  : A resource failed to call close. 
11-28 14:01:03.535  7709  7719 W System  : A resource failed to call close. 
11-28 14:01:03.535  7709  7719 W System  : A resource failed to call close. 
11-28 14:01:03.535  7709  7719 I chatty  : uid=10150(symlab.cloudridar.arhud) FinalizerDaemon identical 5 lines
11-28 14:01:03.535  7709  7719 W System  : A resource failed to call close. 
11-28 14:01:03.535  7709  7719 W System  : A resource failed to call close. 
11-28 14:01:04.565  7709  7709 I AwareBitmapCacher: init lrucache size: 2097152 pid=7709
11-28 14:01:04.568  7709  7721 E         : [ZeroHung]zrhung_get_config: Get config failed for wp[0x0008]
11-28 14:01:04.586  7709  7719 W System  : A resource failed to call close. 
11-28 14:01:04.586  7709  7719 W System  : A resource failed to call close. 
11-28 14:01:04.591  7709  7719 I chatty  : uid=10150(symlab.cloudridar.arhud) FinalizerDaemon identical 20 lines
11-28 14:01:04.591  7709  7719 W System  : A resource failed to call close. 
11-28 14:01:04.591  7709  7719 W System  : A resource failed to call close. 
11-28 14:01:04.593  7709  7719 I chatty  : uid=10150(symlab.cloudridar.arhud) FinalizerDaemon identical 6 lines
11-28 14:01:04.595  7709  7719 W System  : A resource failed to call close. 
11-28 14:01:04.599  7709  7709 D stylus  : init stylus touchlistener.
11-28 14:01:04.604  7709  7709 W Settings: Setting device_provisioned has moved from android.provider.Settings.Secure to android.provider.Settings.Global.
11-28 14:01:04.604  7709  7709 V HiTouch_HiTouchSensor: User setup is finished.
11-28 14:01:04.614  7709  7709 W HiTouch_PressGestureDetector: Touch pointer move a lot. The moving distance of X is:4.997772, limit is:60The moving distance of Y is:89.014465, limit is:60
11-28 14:01:05.604  7709  7721 E         : [ZeroHung]zrhung_get_config: Get config failed for wp[0x0008]
11-28 14:01:05.623  7709  7719 W System  : A resource failed to call close. 
11-28 14:01:05.624  7709  7719 I chatty  : uid=10150(symlab.cloudridar.arhud) FinalizerDaemon identical 3 lines
11-28 14:01:05.624  7709  7719 W System  : A resource failed to call close. 
11-28 14:01:05.624  7709  7719 W System  : A resource failed to call close. 
11-28 14:01:05.624  7709  7719 W System  : A resource failed to call close. 
11-28 14:01:05.625  7709  7719 I chatty  : uid=10150(symlab.cloudridar.arhud) FinalizerDaemon identical 23 lines
11-28 14:01:05.625  7709  7719 W System  : A resource failed to call close. 
11-28 14:01:06.846  7709  7721 E         : [ZeroHung]zrhung_get_config: Get config failed for wp[0x0008]
11-28 14:01:06.868  7709  7719 W System  : A resource failed to call close. 
11-28 14:01:06.870  7709  7719 I chatty  : uid=10150(symlab.cloudridar.arhud) FinalizerDaemon identical 34 lines
11-28 14:01:06.870  7709  7719 W System  : A resource failed to call close. 
11-28 14:01:07.953  7709  7721 E         : [ZeroHung]zrhung_get_config: Get config failed for wp[0x0008]
11-28 14:01:07.969  7709  7719 W System  : A resource failed to call close. 
11-28 14:01:07.971  7709  7719 I chatty  : uid=10150(symlab.cloudridar.arhud) FinalizerDaemon identical 30 lines
11-28 14:01:07.972  7709  7719 W System  : A resource failed to call close. 
11-28 14:01:09.040  7709  7721 E         : [ZeroHung]zrhung_get_config: Get config failed for wp[0x0008]
11-28 14:01:09.060  7709  7719 W System  : A resource failed to call close. 
11-28 14:01:09.062  7709  7719 I chatty  : uid=10150(symlab.cloudridar.arhud) FinalizerDaemon identical 10 lines
11-28 14:01:09.062  7709  7719 W System  : A resource failed to call close. 
11-28 14:01:09.063  7709  7719 W System  : A resource failed to call close. 
11-28 14:01:09.063  7709  7719 I chatty  : uid=10150(symlab.cloudridar.arhud) FinalizerDaemon identical 4 lines
11-28 14:01:09.063  7709  7719 W System  : A resource failed to call close. 
11-28 14:01:09.063  7709  7719 W System  : A resource failed to call close. 
11-28 14:01:09.065  7709  7719 I chatty  : uid=10150(symlab.cloudridar.arhud) FinalizerDaemon identical 13 lines
11-28 14:01:09.065  7709  7719 W System  : A resource failed to call close. 
11-28 14:01:10.220  7709  7721 E         : [ZeroHung]zrhung_get_config: Get config failed for wp[0x0008]
11-28 14:01:10.238  7709  7719 W System  : A resource failed to call close. 
11-28 14:01:10.244  7709  7719 I chatty  : uid=10150(symlab.cloudridar.arhud) FinalizerDaemon identical 32 lines
11-28 14:01:10.245  7709  7719 W System  : A resource failed to call close. 
11-28 14:01:11.318  7709  7721 E         : [ZeroHung]zrhung_get_config: Get config failed for wp[0x0008]
11-28 14:01:11.334  7709  7719 W System  : A resource failed to call close. 
11-28 14:01:11.339  7709  7719 I chatty  : uid=10150(symlab.cloudridar.arhud) FinalizerDaemon identical 31 lines
11-28 14:01:11.339  7709  7719 W System  : A resource failed to call close. 
11-28 14:01:12.438  7709  7721 E         : [ZeroHung]zrhung_get_config: Get config failed for wp[0x0008]
11-28 14:01:12.456  7709  7719 W System  : A resource failed to call close. 
11-28 14:01:12.462  7709  7719 I chatty  : uid=10150(symlab.cloudridar.arhud) FinalizerDaemon identical 30 lines
11-28 14:01:12.462  7709  7719 W System  : A resource failed to call close. 
11-28 14:01:13.736  7709  7721 E         : [ZeroHung]zrhung_get_config: Get config failed for wp[0x0008]
11-28 14:01:13.765  7709  7719 W System  : A resource failed to call close. 
11-28 14:01:13.771  7709  7719 I chatty  : uid=10150(symlab.cloudridar.arhud) FinalizerDaemon identical 38 lines
11-28 14:01:13.771  7709  7719 W System  : A resource failed to call close. 
11-28 14:01:14.923  7709  7721 E         : [ZeroHung]zrhung_get_config: Get config failed for wp[0x0008]
11-28 14:01:14.941  7709  7719 W System  : A resource failed to call close. 
11-28 14:01:14.947  7709  7719 I chatty  : uid=10150(symlab.cloudridar.arhud) FinalizerDaemon identical 32 lines
11-28 14:01:14.947  7709  7719 W System  : A resource failed to call close. 
11-28 14:01:16.063  7709  7721 E         : [ZeroHung]zrhung_get_config: Get config failed for wp[0x0008]
11-28 14:01:16.084  7709  7719 W System  : A resource failed to call close. 
11-28 14:01:16.089  7709  7719 I chatty  : uid=10150(symlab.cloudridar.arhud) FinalizerDaemon identical 32 lines
11-28 14:01:16.090  7709  7719 W System  : A resource failed to call close. 
11-28 14:01:17.238  7709  7721 E         : [ZeroHung]zrhung_get_config: Get config failed for wp[0x0008]
11-28 14:01:17.256  7709  7719 W System  : A resource failed to call close. 
11-28 14:01:17.261  7709  7719 I chatty  : uid=10150(symlab.cloudridar.arhud) FinalizerDaemon identical 33 lines
11-28 14:01:17.261  7709  7719 W System  : A resource failed to call close. 
11-28 14:01:18.388  7709  7721 E         : [ZeroHung]zrhung_get_config: Get config failed for wp[0x0008]
11-28 14:01:18.414  7709  7719 W System  : A resource failed to call close. 
11-28 14:01:18.414  7709  7719 W System  : A resource failed to call close. 
11-28 14:01:18.415  7709  7719 I chatty  : uid=10150(symlab.cloudridar.arhud) FinalizerDaemon identical 3 lines
11-28 14:01:18.415  7709  7719 W System  : A resource failed to call close. 
11-28 14:01:18.415  7709  7719 W System  : A resource failed to call close. 
11-28 14:01:18.415  7709  7719 I chatty  : uid=10150(symlab.cloudridar.arhud) FinalizerDaemon identical 3 lines
11-28 14:01:18.415  7709  7719 W System  : A resource failed to call close. 
11-28 14:01:18.416  7709  7719 W System  : A resource failed to call close. 
11-28 14:01:18.418  7709  7719 I chatty  : uid=10150(symlab.cloudridar.arhud) FinalizerDaemon identical 22 lines
11-28 14:01:18.418  7709  7719 W System  : A resource failed to call close. 
11-28 14:01:19.561  7709  7721 E         : [ZeroHung]zrhung_get_config: Get config failed for wp[0x0008]
11-28 14:01:19.580  7709  7719 W System  : A resource failed to call close. 
11-28 14:01:19.589  7709  7719 I chatty  : uid=10150(symlab.cloudridar.arhud) FinalizerDaemon identical 33 lines
11-28 14:01:19.589  7709  7719 W System  : A resource failed to call close. 
11-28 14:01:20.707  7709  7721 E         : [ZeroHung]zrhung_get_config: Get config failed for wp[0x0008]
11-28 14:01:20.735  7709  7719 W System  : A resource failed to call close. 
11-28 14:01:20.736  7709  7719 I chatty  : uid=10150(symlab.cloudridar.arhud) FinalizerDaemon identical 18 lines
11-28 14:01:20.736  7709  7719 W System  : A resource failed to call close. 
11-28 14:01:20.737  7709  7719 W System  : A resource failed to call close. 
11-28 14:01:20.737  7709  7719 I chatty  : uid=10150(symlab.cloudridar.arhud) FinalizerDaemon identical 6 lines
11-28 14:01:20.737  7709  7719 W System  : A resource failed to call close. 
11-28 14:01:20.737  7709  7719 W System  : A resource failed to call close. 
11-28 14:01:20.737  7709  7719 I chatty  : uid=10150(symlab.cloudridar.arhud) FinalizerDaemon identical 4 lines
11-28 14:01:20.737  7709  7719 W System  : A resource failed to call close. 
11-28 14:01:21.698  7709  7709 W HiTouch_PressGestureDetector: Touch pointer move a lot. The moving distance of X is:26.825073, limit is:60The moving distance of Y is:83.408905, limit is:60
11-28 14:01:21.891  7709  7721 E         : [ZeroHung]zrhung_get_config: Get config failed for wp[0x0008]
11-28 14:01:21.910  7709  7719 W System  : A resource failed to call close. 
11-28 14:01:21.913  7709  7719 I chatty  : uid=10150(symlab.cloudridar.arhud) FinalizerDaemon identical 32 lines
11-28 14:01:21.913  7709  7719 W System  : A resource failed to call close. 
11-28 14:01:23.232  7709  7721 E         : [ZeroHung]zrhung_get_config: Get config failed for wp[0x0008]
11-28 14:01:23.248  7709  7719 W System  : A resource failed to call close. 
11-28 14:01:23.250  7709  7719 I chatty  : uid=10150(symlab.cloudridar.arhud) FinalizerDaemon identical 37 lines
11-28 14:01:23.251  7709  7719 W System  : A resource failed to call close. 
11-28 14:01:23.572  7709  7709 I Poster  :  onPause() called.
11-28 14:01:23.693  7709  7709 I Camera  : close camera: 0, package name: symlab.cloudridar.arhud
11-28 14:01:23.693  7709  7709 I BackgroundPermManager: pkgName: symlab.cloudridar.arhud,pid: 7709 ,uidOf3RdApk: 10150 ,permType: 0 ,permCfg: 0
11-28 14:01:23.695  7709  7709 I HwCameraUtil: notifySurfaceFlingerCameraStatus : isFront = false , isOpend = false
11-28 14:01:23.742  7709  7709 D ZrHung.AppEyeUiProbe: stop checker.
11-28 14:01:23.764  7709  7709 I Poster  :  surfaceDestroyed() called.
11-28 14:01:23.764  7709  7709 D ViewRootImpl[MainActivity]: surface should not be released
11-28 14:01:23.764  7709  7709 I Poster  :  onStop() called.
11-28 14:01:23.781  7709  7786 W libEGL  : EGLNativeWindowType 0xf07f0008 disconnect failed
11-28 14:01:24.583  7709  7756 D ZrHung.AppEyeUiProbe: Current Activity:false
11-28 14:01:24.583  7709  7756 D ZrHung.AppEyeUiProbe: not watching, wait.
11-28 14:01:25.256  7709  7709 I Poster  :  onDestroy() called.
11-28 14:01:25.257  7709  7709 D ActivityThread: Remove activity client record, r= ActivityRecord{db8bbd token=android.os.BinderProxy@c62e47c {symlab.cloudridar.arhud/symlab.ARHUD.MainActivity}} token= android.os.BinderProxy@c62e47c
