--------- beginning of main
11-28 13:03:16.017 23564 23564 I Poster  :  onDestroy() called.
--------- beginning of system
11-28 13:03:16.018 23564 23564 D ActivityThread: Remove activity client record, r= ActivityRecord{db8bbd token=android.os.BinderProxy@c62e47c {symlab.cloudridar.arhud/symlab.ARHUD.MainActivity}} token= android.os.BinderProxy@c62e47c
11-28 13:03:16.020 23564 23564 E BpSurfaceComposerClient: Failed to transact (-1)
11-28 13:03:18.100 23826 23826 I loudridar.arhu: Late-enabling -Xcheck:jni
11-28 13:03:18.125 23826 23826 I loudridar.arhu: Reinit property: dalvik.vm.checkjni= false
11-28 13:03:18.134 23826 23826 D ZrHung.AppEyeUiProbe: AppEyeUIP created.
11-28 13:03:18.135 23826 23826 W re-initialized>: type=1400 audit(0.0:32624): avc: denied { read } for name="u:object_r:mmi_prop:s0" dev="tmpfs" ino=16663 scontext=u:r:untrusted_app:s0:c147,c256,c512,c768 tcontext=u:object_r:mmi_prop:s0 tclass=file permissive=0
11-28 13:03:18.141 23826 23826 E libc    : Access denied finding property "runtime.mmitest.isrunning"
11-28 13:03:18.144 23826 23826 D ActivityThread: Attach thread to application
11-28 13:03:18.154 23826 23835 E loudridar.arhu: Unable to peek into adb socket due to error. Closing socket.: Connection reset by peer
11-28 13:03:18.192 23826 23850 I HwApiCacheMangerEx: apicache path=/storage/emulated/0 state=mounted key=symlab.cloudridar.arhud#10147#256
11-28 13:03:18.193 23826 23850 I HwApiCacheMangerEx: apicache path=/storage/emulated/0 state=mounted key=symlab.cloudridar.arhud#10147#0
11-28 13:03:18.255 23826 23826 I loudridar.arhu: QarthPatchMonintor::Init
11-28 13:03:18.255 23826 23826 I loudridar.arhu: 
11-28 13:03:18.255 23826 23826 I loudridar.arhu: QarthPatchMonintor::StartWatch
11-28 13:03:18.255 23826 23826 I loudridar.arhu: 
11-28 13:03:18.255 23826 23826 I loudridar.arhu: QarthPatchMonintor::WatchPackage: /data/hotpatch/fwkhotpatch/
11-28 13:03:18.255 23826 23826 I loudridar.arhu: 
11-28 13:03:18.255 23826 23826 I loudridar.arhu: QarthPatchMonintor::CheckAndWatchPatch: /data/hotpatch/fwkhotpatch/symlab.cloudridar.arhud
11-28 13:03:18.255 23826 23826 I loudridar.arhu: 
11-28 13:03:18.255 23826 23826 I loudridar.arhu: QarthPatchMonintor::CheckAndWatchPatch: /data/hotpatch/fwkhotpatch/all
11-28 13:03:18.255 23826 23826 I loudridar.arhu: 
11-28 13:03:18.255 23826 23826 I loudridar.arhu: QarthPatchMonintor::Run
11-28 13:03:18.255 23826 23826 I loudridar.arhu: 
11-28 13:03:18.256 23826 23857 I loudridar.arhu: QarthPatchMonintor::Reading
11-28 13:03:18.256 23826 23857 I loudridar.arhu: 
11-28 13:03:18.256 23826 23857 I loudridar.arhu: QarthPatchMonintor::CheckNotifyEvent
11-28 13:03:18.256 23826 23857 I loudridar.arhu: 
11-28 13:03:18.256 23826 23857 I loudridar.arhu: QarthPatchMonintor::CheckNotifyEvent before read
11-28 13:03:18.256 23826 23857 I loudridar.arhu: 
11-28 13:03:18.259 23826 23826 I MultiDex: VM with version 2.1.0 has multidex support
11-28 13:03:18.259 23826 23826 I MultiDex: Installing application
11-28 13:03:18.259 23826 23826 I MultiDex: VM has multidex support, MultiDex support library is disabled.
11-28 13:03:18.264 23826 23858 E AwareLog: AtomicFileUtils: readFileLines file not exist: android.util.AtomicFile@919d802
11-28 13:03:18.265 23826 23826 I FirebaseInitProvider: FirebaseApp initialization unsuccessful
11-28 13:03:18.266 23826 23850 I AwareBitmapCacher: init processName:symlab.cloudridar.arhud pid=23826 uid=10147
11-28 13:03:18.267 23826 23858 E AwareLog: AtomicFileUtils: readFileLines file not exist: android.util.AtomicFile@aae350
11-28 13:03:18.272 23826 23826 D ZrHung.AppEyeUiProbe: notify runnable to start.
11-28 13:03:18.272 23826 23863 D ZrHung.AppEyeUiProbe: Runnable thread started.
11-28 13:03:18.272 23826 23863 D IMonitor: Load library imonitor_jni
11-28 13:03:18.275 23826 23863 E         : [ZeroHung]zrhung_get_config: Get config failed for wp[0x0102]
11-28 13:03:18.275 23826 23863 W ZrHung.AppEyeUiProbe: Failed to get config from zrhung
11-28 13:03:18.281 23826 23826 I MultiDex: Installing application
11-28 13:03:18.281 23826 23826 I MultiDex: VM has multidex support, MultiDex support library is disabled.
11-28 13:03:18.283 23861 23861 W logcat  : type=1400 audit(0.0:32625): avc: granted { create } for name="logcat_1574938998267.txt" scontext=u:r:untrusted_app:s0:c147,c256,c512,c768 tcontext=u:object_r:sdcardfs:s0:c147,c256,c512,c768 tclass=file
11-28 13:03:18.301 23826 23826 V ActivityThread: callActivityOnCreate
11-28 13:03:18.301 23826 23826 I Poster  :  onCreate() called.
11-28 13:03:18.305 23826 23826 I HwApsImpl: APS: new HwApsImpl created
11-28 13:03:18.312 23826 23826 V HwWidgetFactory: : successes to get AllImpl object and return....
11-28 13:03:18.319 23826 23826 D OpenGLRenderer: Skia GL Pipeline
11-28 13:03:18.339 23826 23826 D Poster  : Server details are IP 193.166.28.132 and port 52727
11-28 13:03:18.344 23826 23826 D Poster  : Server bound to IP 193.166.28.132 and port 52727
11-28 13:03:18.349 23826 23826 D ActivityThread: add activity client record, r= ActivityRecord{db8bbd token=android.os.BinderProxy@c62e47c {symlab.cloudridar.arhud/symlab.ARHUD.MainActivity}} token= android.os.BinderProxy@c62e47c
11-28 13:03:18.351 23826 23826 I Poster  :  onStart() called.
11-28 13:03:18.352 23826 23826 D ZrHung.AppEyeUiProbe: notify runnable to start.
11-28 13:03:18.354 23826 23826 I Poster  :  onResume() called.
11-28 13:03:18.359 23826 23826 I PermissionManager: camera remind result:true
11-28 13:03:18.359 23826 23826 I Camera  : open camera: 0, package name: symlab.cloudridar.arhud
11-28 13:03:18.359 23826 23826 I BackgroundPermManager: pkgName: symlab.cloudridar.arhud,pid: 23826 ,uidOf3RdApk: 10147 ,permType: 0 ,permCfg: 1
11-28 13:03:18.361 23826 23826 I HwCameraUtil: notifySurfaceFlingerCameraStatus : isFront = false , isOpend = true
11-28 13:03:18.372 23826 23826 D ActivityThread: isOptEnabled=false isWechatScanOpt=false
11-28 13:03:18.374 23826 23826 I HwSecImmHelper: mSecurityInputMethodService is null
11-28 13:03:18.382 23826 23826 D OpenGLRenderer:   HWUI Binary is  enabled
11-28 13:03:18.402 23826 23897 D HiTouch_PressGestureDetector: onAttached, package=symlab.cloudridar.arhud, windowType=1, mHiTouchRestricted=false
11-28 13:03:18.411 23826 23895 I ConfigStore: android::hardware::configstore::V1_0::ISurfaceFlingerConfigs::hasWideColorDisplay retrieved: 0
11-28 13:03:18.411 23826 23895 I ConfigStore: android::hardware::configstore::V1_0::ISurfaceFlingerConfigs::hasHDRDisplay retrieved: 0
11-28 13:03:18.412 23826 23895 I iGraphics: [0020080c] pn: symlab.cloudridar.arhud, p: 23826
11-28 13:03:18.412 23826 23895 I OpenGLRenderer: Initialized EGL, version 1.4, mEglDisplay 0x1
11-28 13:03:18.412 23826 23895 D OpenGLRenderer: Swap behavior 2
11-28 13:03:18.422 23826 23895 D mali_winsys: EGLint new_window_surface(egl_winsys_display *, void *, EGLSurface, EGLConfig, egl_winsys_surface **, EGLBoolean) returns 0x3000
11-28 13:03:18.431 23826 23826 I Poster  :  surfaceCreated() called.
11-28 13:03:18.431 23826 23826 I Poster  : initPreview() called
11-28 13:03:18.436 23826 23826 I PermissionManager: camera remind result:true
11-28 13:03:18.443 23826 23826 I Poster  :  surfaceChanged() called.
11-28 13:03:18.459 23826 23826 W InputMethodManager: startInputReason = 1
11-28 13:03:18.472 23826 23826 W InputMethodManager: startInputReason = 5
11-28 13:03:19.203 23826 23839 E         : [ZeroHung]zrhung_get_config: Get config failed for wp[0x0008]
11-28 13:03:19.213 23826 23837 W System  : A resource failed to call close. 
11-28 13:03:19.213 23826 23837 I chatty  : uid=10147(symlab.cloudridar.arhud) FinalizerDaemon identical 13 lines
11-28 13:03:19.214 23826 23837 W System  : A resource failed to call close. 
11-28 13:03:19.438 23826 23875 D Evaluation: 5 res for frame 6 received at 1574938999438
11-28 13:03:20.126 23826 23839 E         : [ZeroHung]zrhung_get_config: Get config failed for wp[0x0008]
11-28 13:03:20.140 23826 23837 W System  : A resource failed to call close. 
11-28 13:03:20.142 23826 23837 I chatty  : uid=10147(symlab.cloudridar.arhud) FinalizerDaemon identical 26 lines
11-28 13:03:20.142 23826 23837 W System  : A resource failed to call close. 
11-28 13:03:21.338 23826 23839 E         : [ZeroHung]zrhung_get_config: Get config failed for wp[0x0008]
11-28 13:03:21.356 23826 23837 W System  : A resource failed to call close. 
11-28 13:03:21.358 23826 23837 I chatty  : uid=10147(symlab.cloudridar.arhud) FinalizerDaemon identical 34 lines
11-28 13:03:21.358 23826 23837 W System  : A resource failed to call close. 
11-28 13:03:22.623 23826 23839 E         : [ZeroHung]zrhung_get_config: Get config failed for wp[0x0008]
11-28 13:03:22.642 23826 23837 W System  : A resource failed to call close. 
11-28 13:03:22.645 23826 23837 I chatty  : uid=10147(symlab.cloudridar.arhud) FinalizerDaemon identical 16 lines
11-28 13:03:22.645 23826 23837 W System  : A resource failed to call close. 
11-28 13:03:22.649 23826 23837 W System  : A resource failed to call close. 
11-28 13:03:22.650 23826 23837 W System  : A resource failed to call close. 
11-28 13:03:22.650 23826 23837 I chatty  : uid=10147(symlab.cloudridar.arhud) FinalizerDaemon identical 1 line
11-28 13:03:22.650 23826 23837 W System  : A resource failed to call close. 
11-28 13:03:22.650 23826 23837 W System  : A resource failed to call close. 
11-28 13:03:22.651 23826 23837 W System  : A resource failed to call close. 
11-28 13:03:22.652 23826 23837 I chatty  : uid=10147(symlab.cloudridar.arhud) FinalizerDaemon identical 8 lines
11-28 13:03:22.652 23826 23837 W System  : A resource failed to call close. 
11-28 13:03:22.652 23826 23837 W System  : A resource failed to call close. 
11-28 13:03:22.652 23826 23837 W System  : A resource failed to call close. 
11-28 13:03:22.653 23826 23837 W System  : A resource failed to call close. 
11-28 13:03:22.653 23826 23837 W System  : A resource failed to call close. 
11-28 13:03:22.653 23826 23837 W System  : A resource failed to call close. 
11-28 13:03:23.267 23826 23826 I AwareBitmapCacher: init lrucache size: 2097152 pid=23826
11-28 13:03:23.782 23826 23839 E         : [ZeroHung]zrhung_get_config: Get config failed for wp[0x0008]
11-28 13:03:23.799 23826 23837 W System  : A resource failed to call close. 
11-28 13:03:23.801 23826 23837 I chatty  : uid=10147(symlab.cloudridar.arhud) FinalizerDaemon identical 32 lines
11-28 13:03:23.801 23826 23837 W System  : A resource failed to call close. 
11-28 13:03:24.841 23826 23839 E         : [ZeroHung]zrhung_get_config: Get config failed for wp[0x0008]
11-28 13:03:24.862 23826 23837 W System  : A resource failed to call close. 
11-28 13:03:24.862 23826 23837 W System  : A resource failed to call close. 
11-28 13:03:24.862 23826 23837 W System  : A resource failed to call close. 
11-28 13:03:24.863 23826 23837 I chatty  : uid=10147(symlab.cloudridar.arhud) FinalizerDaemon identical 2 lines
11-28 13:03:24.863 23826 23837 W System  : A resource failed to call close. 
11-28 13:03:24.863 23826 23837 W System  : A resource failed to call close. 
11-28 13:03:24.863 23826 23837 W System  : A resource failed to call close. 
11-28 13:03:24.863 23826 23837 W System  : A resource failed to call close. 
11-28 13:03:24.863 23826 23837 W System  : A resource failed to call close. 
11-28 13:03:24.866 23826 23837 I chatty  : uid=10147(symlab.cloudridar.arhud) FinalizerDaemon identical 20 lines
11-28 13:03:24.866 23826 23837 W System  : A resource failed to call close. 
11-28 13:03:25.878 23826 23839 E         : [ZeroHung]zrhung_get_config: Get config failed for wp[0x0008]
11-28 13:03:25.900 23826 23837 W System  : A resource failed to call close. 
11-28 13:03:25.903 23826 23837 I chatty  : uid=10147(symlab.cloudridar.arhud) FinalizerDaemon identical 29 lines
11-28 13:03:25.903 23826 23837 W System  : A resource failed to call close. 
11-28 13:03:27.179 23826 23839 E         : [ZeroHung]zrhung_get_config: Get config failed for wp[0x0008]
11-28 13:03:27.202 23826 23837 W System  : A resource failed to call close. 
11-28 13:03:27.208 23826 23837 I chatty  : uid=10147(symlab.cloudridar.arhud) FinalizerDaemon identical 37 lines
11-28 13:03:27.208 23826 23837 W System  : A resource failed to call close. 
11-28 13:03:28.698 23826 23839 E         : [ZeroHung]zrhung_get_config: Get config failed for wp[0x0008]
11-28 13:03:28.723 23826 23837 W System  : A resource failed to call close. 
11-28 13:03:28.730 23826 23837 I chatty  : uid=10147(symlab.cloudridar.arhud) FinalizerDaemon identical 34 lines
11-28 13:03:28.730 23826 23837 W System  : A resource failed to call close. 
11-28 13:03:28.730 23826 23837 W System  : A resource failed to call close. 
11-28 13:03:28.730 23826 23837 W System  : A resource failed to call close. 
11-28 13:03:28.730 23826 23837 W System  : A resource failed to call close. 
11-28 13:03:28.730 23826 23837 W System  : A resource failed to call close. 
11-28 13:03:28.731 23826 23837 W System  : A resource failed to call close. 
11-28 13:03:28.731 23826 23837 W System  : A resource failed to call close. 
11-28 13:03:28.731 23826 23837 W System  : A resource failed to call close. 
11-28 13:03:28.732 23826 23837 W System  : A resource failed to call close. 
11-28 13:03:28.733 23826 23837 W System  : A resource failed to call close. 
11-28 13:03:29.977 23826 23839 E         : [ZeroHung]zrhung_get_config: Get config failed for wp[0x0008]
11-28 13:03:30.005 23826 23837 W System  : A resource failed to call close. 
11-28 13:03:30.006 23826 23837 W System  : A resource failed to call close. 
11-28 13:03:30.010 23826 23837 I chatty  : uid=10147(symlab.cloudridar.arhud) FinalizerDaemon identical 36 lines
11-28 13:03:30.010 23826 23837 W System  : A resource failed to call close. 
11-28 13:03:31.160 23826 23839 E         : [ZeroHung]zrhung_get_config: Get config failed for wp[0x0008]
11-28 13:03:31.185 23826 23837 W System  : A resource failed to call close. 
11-28 13:03:31.188 23826 23837 I chatty  : uid=10147(symlab.cloudridar.arhud) FinalizerDaemon identical 30 lines
11-28 13:03:31.188 23826 23837 W System  : A resource failed to call close. 
11-28 13:03:32.225 23826 23839 E         : [ZeroHung]zrhung_get_config: Get config failed for wp[0x0008]
11-28 13:03:32.245 23826 23837 W System  : A resource failed to call close. 
11-28 13:03:32.247 23826 23837 I chatty  : uid=10147(symlab.cloudridar.arhud) FinalizerDaemon identical 30 lines
11-28 13:03:32.247 23826 23837 W System  : A resource failed to call close. 
11-28 13:03:33.401 23826 23839 E         : [ZeroHung]zrhung_get_config: Get config failed for wp[0x0008]
11-28 13:03:33.428 23826 23837 W System  : A resource failed to call close. 
11-28 13:03:33.429 23826 23837 I chatty  : uid=10147(symlab.cloudridar.arhud) FinalizerDaemon identical 5 lines
11-28 13:03:33.429 23826 23837 W System  : A resource failed to call close. 
11-28 13:03:33.429 23826 23837 W System  : A resource failed to call close. 
11-28 13:03:33.429 23826 23837 W System  : A resource failed to call close. 
11-28 13:03:33.429 23826 23837 W System  : A resource failed to call close. 
11-28 13:03:33.429 23826 23837 W System  : A resource failed to call close. 
11-28 13:03:33.430 23826 23837 I chatty  : uid=10147(symlab.cloudridar.arhud) FinalizerDaemon identical 14 lines
11-28 13:03:33.430 23826 23837 W System  : A resource failed to call close. 
11-28 13:03:33.430 23826 23837 W System  : A resource failed to call close. 
11-28 13:03:33.430 23826 23837 I chatty  : uid=10147(symlab.cloudridar.arhud) FinalizerDaemon identical 2 lines
11-28 13:03:33.430 23826 23837 W System  : A resource failed to call close. 
11-28 13:03:33.430 23826 23837 W System  : A resource failed to call close. 
11-28 13:03:33.430 23826 23837 W System  : A resource failed to call close. 
11-28 13:03:33.431 23826 23837 W System  : A resource failed to call close. 
11-28 13:03:34.477 23826 23839 E         : [ZeroHung]zrhung_get_config: Get config failed for wp[0x0008]
11-28 13:03:34.508 23826 23837 W System  : A resource failed to call close. 
11-28 13:03:34.509 23826 23837 I chatty  : uid=10147(symlab.cloudridar.arhud) FinalizerDaemon identical 4 lines
11-28 13:03:34.509 23826 23837 W System  : A resource failed to call close. 
11-28 13:03:34.509 23826 23837 W System  : A resource failed to call close. 
11-28 13:03:34.509 23826 23837 W System  : A resource failed to call close. 
11-28 13:03:34.509 23826 23837 W System  : A resource failed to call close. 
11-28 13:03:34.509 23826 23837 W System  : A resource failed to call close. 
11-28 13:03:34.510 23826 23837 W System  : A resource failed to call close. 
11-28 13:03:34.511 23826 23837 W System  : A resource failed to call close. 
11-28 13:03:34.511 23826 23837 W System  : A resource failed to call close. 
11-28 13:03:34.512 23826 23837 W System  : A resource failed to call close. 
11-28 13:03:34.520 23826 23837 I chatty  : uid=10147(symlab.cloudridar.arhud) FinalizerDaemon identical 18 lines
11-28 13:03:34.520 23826 23837 W System  : A resource failed to call close. 
11-28 13:03:35.586 23826 23839 E         : [ZeroHung]zrhung_get_config: Get config failed for wp[0x0008]
11-28 13:03:35.605 23826 23837 W System  : A resource failed to call close. 
11-28 13:03:35.610 23826 23837 I chatty  : uid=10147(symlab.cloudridar.arhud) FinalizerDaemon identical 30 lines
11-28 13:03:35.610 23826 23837 W System  : A resource failed to call close. 
11-28 13:03:36.659 23826 23839 E         : [ZeroHung]zrhung_get_config: Get config failed for wp[0x0008]
11-28 13:03:36.687 23826 23837 W System  : A resource failed to call close. 
11-28 13:03:36.690 23826 23837 I chatty  : uid=10147(symlab.cloudridar.arhud) FinalizerDaemon identical 16 lines
11-28 13:03:36.690 23826 23837 W System  : A resource failed to call close. 
11-28 13:03:36.690 23826 23837 W System  : A resource failed to call close. 
11-28 13:03:36.690 23826 23837 W System  : A resource failed to call close. 
11-28 13:03:36.690 23826 23837 W System  : A resource failed to call close. 
11-28 13:03:36.690 23826 23837 W System  : A resource failed to call close. 
11-28 13:03:36.690 23826 23837 W System  : A resource failed to call close. 
11-28 13:03:36.691 23826 23837 W System  : A resource failed to call close. 
11-28 13:03:36.691 23826 23837 I chatty  : uid=10147(symlab.cloudridar.arhud) FinalizerDaemon identical 1 line
11-28 13:03:36.691 23826 23837 W System  : A resource failed to call close. 
11-28 13:03:36.691 23826 23837 W System  : A resource failed to call close. 
11-28 13:03:36.691 23826 23837 I chatty  : uid=10147(symlab.cloudridar.arhud) FinalizerDaemon identical 1 line
11-28 13:03:36.691 23826 23837 W System  : A resource failed to call close. 
11-28 13:03:36.691 23826 23837 W System  : A resource failed to call close. 
11-28 13:03:36.692 23826 23837 I chatty  : uid=10147(symlab.cloudridar.arhud) FinalizerDaemon identical 1 line
11-28 13:03:36.692 23826 23837 W System  : A resource failed to call close. 
11-28 13:03:36.692 23826 23837 W System  : A resource failed to call close. 
11-28 13:03:37.698 23826 23839 E         : [ZeroHung]zrhung_get_config: Get config failed for wp[0x0008]
11-28 13:03:37.719 23826 23837 W System  : A resource failed to call close. 
11-28 13:03:37.724 23826 23837 I chatty  : uid=10147(symlab.cloudridar.arhud) FinalizerDaemon identical 29 lines
11-28 13:03:37.724 23826 23837 W System  : A resource failed to call close. 
11-28 13:03:38.707 23826 23839 E         : [ZeroHung]zrhung_get_config: Get config failed for wp[0x0008]
11-28 13:03:38.731 23826 23837 W System  : A resource failed to call close. 
11-28 13:03:38.731 23826 23837 W System  : A resource failed to call close. 
11-28 13:03:38.734 23826 23837 I chatty  : uid=10147(symlab.cloudridar.arhud) FinalizerDaemon identical 24 lines
11-28 13:03:38.734 23826 23837 W System  : A resource failed to call close. 
11-28 13:03:38.739 23826 23837 W System  : A resource failed to call close. 
11-28 13:03:38.739 23826 23837 W System  : A resource failed to call close. 
11-28 13:03:38.740 23826 23837 W System  : A resource failed to call close. 
11-28 13:03:39.783 23826 23839 E         : [ZeroHung]zrhung_get_config: Get config failed for wp[0x0008]
11-28 13:03:39.804 23826 23837 W System  : A resource failed to call close. 
11-28 13:03:39.808 23826 23837 I chatty  : uid=10147(symlab.cloudridar.arhud) FinalizerDaemon identical 30 lines
11-28 13:03:39.808 23826 23837 W System  : A resource failed to call close. 
11-28 13:03:40.868 23826 23839 E         : [ZeroHung]zrhung_get_config: Get config failed for wp[0x0008]
11-28 13:03:40.894 23826 23837 W System  : A resource failed to call close. 
11-28 13:03:40.894 23826 23837 W System  : A resource failed to call close. 
11-28 13:03:40.894 23826 23837 W System  : A resource failed to call close. 
11-28 13:03:40.894 23826 23837 W System  : A resource failed to call close. 
11-28 13:03:40.896 23826 23837 I chatty  : uid=10147(symlab.cloudridar.arhud) FinalizerDaemon identical 27 lines
11-28 13:03:40.896 23826 23837 W System  : A resource failed to call close. 
11-28 13:03:41.959 23826 23839 E         : [ZeroHung]zrhung_get_config: Get config failed for wp[0x0008]
11-28 13:03:41.988 23826 23837 W System  : A resource failed to call close. 
11-28 13:03:41.991 23826 23837 I chatty  : uid=10147(symlab.cloudridar.arhud) FinalizerDaemon identical 30 lines
11-28 13:03:41.991 23826 23837 W System  : A resource failed to call close. 
11-28 13:03:43.086 23826 23839 E         : [ZeroHung]zrhung_get_config: Get config failed for wp[0x0008]
11-28 13:03:43.119 23826 23837 W System  : A resource failed to call close. 
11-28 13:03:43.126 23826 23837 I chatty  : uid=10147(symlab.cloudridar.arhud) FinalizerDaemon identical 30 lines
11-28 13:03:43.126 23826 23837 W System  : A resource failed to call close. 
11-28 13:03:44.174 23826 23839 E         : [ZeroHung]zrhung_get_config: Get config failed for wp[0x0008]
11-28 13:03:44.202 23826 23837 W System  : A resource failed to call close. 
11-28 13:03:44.207 23826 23837 I chatty  : uid=10147(symlab.cloudridar.arhud) FinalizerDaemon identical 24 lines
11-28 13:03:44.208 23826 23837 W System  : A resource failed to call close. 
11-28 13:03:44.208 23826 23837 W System  : A resource failed to call close. 
11-28 13:03:44.209 23826 23837 I chatty  : uid=10147(symlab.cloudridar.arhud) FinalizerDaemon identical 1 line
11-28 13:03:44.209 23826 23837 W System  : A resource failed to call close. 
11-28 13:03:44.209 23826 23837 W System  : A resource failed to call close. 
11-28 13:03:44.209 23826 23837 W System  : A resource failed to call close. 
11-28 13:03:44.211 23826 23837 W System  : A resource failed to call close. 
11-28 13:03:44.211 23826 23837 W System  : A resource failed to call close. 
11-28 13:03:45.225 23826 23839 E         : [ZeroHung]zrhung_get_config: Get config failed for wp[0x0008]
11-28 13:03:45.251 23826 23837 W System  : A resource failed to call close. 
11-28 13:03:45.251 23826 23837 I chatty  : uid=10147(symlab.cloudridar.arhud) FinalizerDaemon identical 2 lines
11-28 13:03:45.251 23826 23837 W System  : A resource failed to call close. 
11-28 13:03:45.251 23826 23837 W System  : A resource failed to call close. 
11-28 13:03:45.251 23826 23837 I chatty  : uid=10147(symlab.cloudridar.arhud) FinalizerDaemon identical 1 line
11-28 13:03:45.252 23826 23837 W System  : A resource failed to call close. 
11-28 13:03:45.252 23826 23837 W System  : A resource failed to call close. 
11-28 13:03:45.252 23826 23837 W System  : A resource failed to call close. 
11-28 13:03:45.252 23826 23837 W System  : A resource failed to call close. 
11-28 13:03:45.252 23826 23837 W System  : A resource failed to call close. 
11-28 13:03:45.253 23826 23837 W System  : A resource failed to call close. 
11-28 13:03:45.253 23826 23837 W System  : A resource failed to call close. 
11-28 13:03:45.253 23826 23837 W System  : A resource failed to call close. 
11-28 13:03:45.254 23826 23837 W System  : A resource failed to call close. 
11-28 13:03:45.256 23826 23837 W System  : A resource failed to call close. 
11-28 13:03:45.258 23826 23837 I chatty  : uid=10147(symlab.cloudridar.arhud) FinalizerDaemon identical 14 lines
11-28 13:03:45.258 23826 23837 W System  : A resource failed to call close. 
11-28 13:03:46.329 23826 23839 E         : [ZeroHung]zrhung_get_config: Get config failed for wp[0x0008]
11-28 13:03:46.350 23826 23837 W System  : A resource failed to call close. 
11-28 13:03:46.355 23826 23837 I chatty  : uid=10147(symlab.cloudridar.arhud) FinalizerDaemon identical 30 lines
11-28 13:03:46.355 23826 23837 W System  : A resource failed to call close. 
11-28 13:03:47.422 23826 23839 E         : [ZeroHung]zrhung_get_config: Get config failed for wp[0x0008]
11-28 13:03:47.455 23826 23837 W System  : A resource failed to call close. 
11-28 13:03:47.461 23826 23837 I chatty  : uid=10147(symlab.cloudridar.arhud) FinalizerDaemon identical 29 lines
11-28 13:03:47.461 23826 23837 W System  : A resource failed to call close. 
11-28 13:03:48.513 23826 23839 E         : [ZeroHung]zrhung_get_config: Get config failed for wp[0x0008]
11-28 13:03:48.535 23826 23837 W System  : A resource failed to call close. 
11-28 13:03:48.540 23826 23837 I chatty  : uid=10147(symlab.cloudridar.arhud) FinalizerDaemon identical 29 lines
11-28 13:03:48.540 23826 23837 W System  : A resource failed to call close. 
11-28 13:03:49.756 23826 23839 E         : [ZeroHung]zrhung_get_config: Get config failed for wp[0x0008]
11-28 13:03:49.777 23826 23837 W System  : A resource failed to call close. 
11-28 13:03:49.783 23826 23837 I chatty  : uid=10147(symlab.cloudridar.arhud) FinalizerDaemon identical 36 lines
11-28 13:03:49.783 23826 23837 W System  : A resource failed to call close. 
11-28 13:03:50.914 23826 23826 W InputMethodManager: startInputReason = 8
11-28 13:03:50.919 23826 23826 W IInputConnectionWrapper: getExtractedText on inactive InputConnection
11-28 13:03:50.920 23826 23826 W IInputConnectionWrapper: getTextBeforeCursor on inactive InputConnection
11-28 13:03:51.135 23826 23826 I Poster  :  onPause() called.
11-28 13:03:51.222 23826 23826 I Camera  : close camera: 0, package name: symlab.cloudridar.arhud
11-28 13:03:51.222 23826 23826 I BackgroundPermManager: pkgName: symlab.cloudridar.arhud,pid: 23826 ,uidOf3RdApk: 10147 ,permType: 0 ,permCfg: 0
11-28 13:03:51.226 23826 23826 I HwCameraUtil: notifySurfaceFlingerCameraStatus : isFront = false , isOpend = false
11-28 13:03:51.283 23826 23826 D ZrHung.AppEyeUiProbe: stop checker.
11-28 13:03:51.284 23826 23863 D ZrHung.AppEyeUiProbe: Current Activity:false
11-28 13:03:51.284 23826 23863 D ZrHung.AppEyeUiProbe: not watching, wait.
11-28 13:03:51.302 23826 23826 I Poster  :  surfaceDestroyed() called.
11-28 13:03:51.302 23826 23826 D ViewRootImpl[MainActivity]: surface should not be released
11-28 13:03:51.302 23826 23826 I Poster  :  onStop() called.
11-28 13:03:51.423 23826 23895 W libEGL  : EGLNativeWindowType 0xf07f0008 disconnect failed
11-28 13:03:51.483 23826 23826 V ActivityThread: Handle window ActivityRecord{db8bbd token=android.os.BinderProxy@c62e47c {symlab.cloudridar.arhud/symlab.ARHUD.MainActivity}} visibility: false
11-28 13:03:51.511 23826 23826 W IInputConnectionWrapper: getExtractedText on inactive InputConnection
11-28 13:03:51.514 23826 23826 W IInputConnectionWrapper: getTextBeforeCursor on inactive InputConnection
11-28 13:03:56.144 23826 23826 I AwareBitmapCacher: handleReleaseCache: pid=23826
11-28 13:03:56.144 23826 23826 I AwareBitmapCacher: init lrucache size: 2097152 pid=23826
11-28 13:03:56.148 23826 23839 E         : [ZeroHung]zrhung_get_config: Get config failed for wp[0x0008]
11-28 13:03:56.194 23826 23837 W System  : A resource failed to call close. 
11-28 13:03:56.200 23826 23837 I chatty  : uid=10147(symlab.cloudridar.arhud) FinalizerDaemon identical 38 lines
11-28 13:03:56.200 23826 23837 W System  : A resource failed to call close. 
11-28 13:12:02.902 23826 23835 W loudridar.arhu: Receiving file descriptor from ADB failed (socket 48): Connection reset by peer
11-28 13:12:02.902 23826 23835 E loudridar.arhu: Something went wrong getting fds from adb. Retry!: Connection reset by peer
11-28 13:12:06.681 23826 23826 I Poster  :  onStart() called.
11-28 13:12:06.681 23826 23826 D ZrHung.AppEyeUiProbe: notify runnable to start.
11-28 13:12:06.682 23826 23826 I Poster  :  onResume() called.
11-28 13:12:06.682 23826 23863 D ZrHung.AppEyeUiProbe: restart watching
11-28 13:12:06.693 23826 23826 I PermissionManager: camera remind result:true
11-28 13:12:06.693 23826 23826 I Camera  : open camera: 0, package name: symlab.cloudridar.arhud
11-28 13:12:06.693 23826 23826 I BackgroundPermManager: pkgName: symlab.cloudridar.arhud,pid: 23826 ,uidOf3RdApk: 10147 ,permType: 0 ,permCfg: 1
11-28 13:12:06.694 23826 23826 I HwCameraUtil: notifySurfaceFlingerCameraStatus : isFront = false , isOpend = true
11-28 13:12:06.706 23826 23826 D ActivityThread: isOptEnabled=false isWechatScanOpt=false
11-28 13:12:06.715 23826 23895 D mali_winsys: EGLint new_window_surface(egl_winsys_display *, void *, EGLSurface, EGLConfig, egl_winsys_surface **, EGLBoolean) returns 0x3000
11-28 13:12:06.717 23826 23826 I Poster  :  surfaceCreated() called.
11-28 13:12:06.717 23826 23826 I Poster  : initPreview() called
11-28 13:12:06.721 23826 23826 I PermissionManager: camera remind result:true
11-28 13:12:06.725 23826 23826 I Poster  :  surfaceChanged() called.
11-28 13:12:06.725 23826 23826 E BpSurfaceComposerClient: Failed to transact (-1)
11-28 13:12:06.725 23826 23826 E BpSurfaceComposerClient: Failed to transact (-1)
11-28 13:12:06.755 23826 23826 W InputMethodManager: startInputReason = 1
11-28 13:12:06.765 23826 23895 W libEGL  : EGLNativeWindowType 0xf07f0008 disconnect failed
11-28 13:12:06.766 23826 23895 D mali_winsys: EGLint new_window_surface(egl_winsys_display *, void *, EGLSurface, EGLConfig, egl_winsys_surface **, EGLBoolean) returns 0x3000
11-28 13:12:07.037 23826 23826 W MessageQueue: Handler (android.os.Handler) {67e9d44} sending message to a Handler on a dead thread
11-28 13:12:07.037 23826 23826 W MessageQueue: java.lang.IllegalStateException: Handler (android.os.Handler) {67e9d44} sending message to a Handler on a dead thread
11-28 13:12:07.037 23826 23826 W MessageQueue: 	at android.os.MessageQueue.enqueueMessage(MessageQueue.java:650)
11-28 13:12:07.037 23826 23826 W MessageQueue: 	at android.os.Handler.enqueueMessage(Handler.java:769)
11-28 13:12:07.037 23826 23826 W MessageQueue: 	at android.os.Handler.sendMessageAtTime(Handler.java:718)
11-28 13:12:07.037 23826 23826 W MessageQueue: 	at android.os.Handler.sendMessageDelayed(Handler.java:688)
11-28 13:12:07.037 23826 23826 W MessageQueue: 	at android.os.Handler.post(Handler.java:405)
11-28 13:12:07.037 23826 23826 W MessageQueue: 	at symlab.CloudAR.ARManager.recognizeTime(ARManager.java:152)
11-28 13:12:07.037 23826 23826 W MessageQueue: 	at symlab.ARHUD.MainActivity$3.onPreviewFrame(MainActivity.java:296)
11-28 13:12:07.037 23826 23826 W MessageQueue: 	at android.hardware.Camera$EventHandler.handleMessage(Camera.java:1278)
11-28 13:12:07.037 23826 23826 W MessageQueue: 	at android.os.Handler.dispatchMessage(Handler.java:112)
11-28 13:12:07.037 23826 23826 W MessageQueue: 	at android.os.Looper.loop(Looper.java:216)
11-28 13:12:07.037 23826 23826 W MessageQueue: 	at android.app.ActivityThread.main(ActivityThread.java:7579)
11-28 13:12:07.037 23826 23826 W MessageQueue: 	at java.lang.reflect.Method.invoke(Native Method)
11-28 13:12:07.037 23826 23826 W MessageQueue: 	at com.android.internal.os.RuntimeInit$MethodAndArgsCaller.run(RuntimeInit.java:524)
11-28 13:12:07.037 23826 23826 W MessageQueue: 	at com.android.internal.os.ZygoteInit.main(ZygoteInit.java:1034)
11-28 13:12:07.037 23826 23826 W MessageQueue: Handler (android.os.Handler) {67e9d44} sending message to a Handler on a dead thread
11-28 13:12:07.037 23826 23826 W MessageQueue: java.lang.IllegalStateException: Handler (android.os.Handler) {67e9d44} sending message to a Handler on a dead thread
11-28 13:12:07.037 23826 23826 W MessageQueue: 	at android.os.MessageQueue.enqueueMessage(MessageQueue.java:650)
11-28 13:12:07.037 23826 23826 W MessageQueue: 	at android.os.Handler.enqueueMessage(Handler.java:769)
11-28 13:12:07.037 23826 23826 W MessageQueue: 	at android.os.Handler.sendMessageAtTime(Handler.java:718)
11-28 13:12:07.037 23826 23826 W MessageQueue: 	at android.os.Handler.sendMessageDelayed(Handler.java:688)
11-28 13:12:07.037 23826 23826 W MessageQueue: 	at android.os.Handler.post(Handler.java:405)
11-28 13:12:07.037 23826 23826 W MessageQueue: 	at symlab.CloudAR.ARManager.driveFrame(ARManager.java:157)
11-28 13:12:07.037 23826 23826 W MessageQueue: 	at symlab.ARHUD.MainActivity$3.onPreviewFrame(MainActivity.java:297)
11-28 13:12:07.037 23826 23826 W MessageQueue: 	at android.hardware.Camera$EventHandler.handleMessage(Camera.java:1278)
11-28 13:12:07.037 23826 23826 W MessageQueue: 	at android.os.Handler.dispatchMessage(Handler.java:112)
11-28 13:12:07.037 23826 23826 W MessageQueue: 	at android.os.Looper.loop(Looper.java:216)
11-28 13:12:07.037 23826 23826 W MessageQueue: 	at android.app.ActivityThread.main(ActivityThread.java:7579)
11-28 13:12:07.037 23826 23826 W MessageQueue: 	at java.lang.reflect.Method.invoke(Native Method)
11-28 13:12:07.037 23826 23826 W MessageQueue: 	at com.android.internal.os.RuntimeInit$MethodAndArgsCaller.run(RuntimeInit.java:524)
11-28 13:12:07.037 23826 23826 W MessageQueue: 	at com.android.internal.os.ZygoteInit.main(ZygoteInit.java:1034)
11-28 13:12:07.070 23826 23826 W MessageQueue: Handler (android.os.Handler) {67e9d44} sending message to a Handler on a dead thread
11-28 13:12:07.070 23826 23826 W MessageQueue: java.lang.IllegalStateException: Handler (android.os.Handler) {67e9d44} sending message to a Handler on a dead thread
11-28 13:12:07.070 23826 23826 W MessageQueue: 	at android.os.MessageQueue.enqueueMessage(MessageQueue.java:650)
11-28 13:12:07.070 23826 23826 W MessageQueue: 	at android.os.Handler.enqueueMessage(Handler.java:769)
11-28 13:12:07.070 23826 23826 W MessageQueue: 	at android.os.Handler.sendMessageAtTime(Handler.java:718)
11-28 13:12:07.070 23826 23826 W MessageQueue: 	at android.os.Handler.sendMessageDelayed(Handler.java:688)
11-28 13:12:07.070 23826 23826 W MessageQueue: 	at android.os.Handler.post(Handler.java:405)
11-28 13:12:07.070 23826 23826 W MessageQueue: 	at symlab.CloudAR.ARManager.recognizeTime(ARManager.java:152)
11-28 13:12:07.070 23826 23826 W MessageQueue: 	at symlab.ARHUD.MainActivity$3.onPreviewFrame(MainActivity.java:296)
11-28 13:12:07.070 23826 23826 W MessageQueue: 	at android.hardware.Camera$EventHandler.handleMessage(Camera.java:1278)
11-28 13:12:07.070 23826 23826 W MessageQueue: 	at android.os.Handler.dispatchMessage(Handler.java:112)
11-28 13:12:07.070 23826 23826 W MessageQueue: 	at android.os.Looper.loop(Looper.java:216)
11-28 13:12:07.070 23826 23826 W MessageQueue: 	at android.app.ActivityThread.main(ActivityThread.java:7579)
11-28 13:12:07.070 23826 23826 W MessageQueue: 	at java.lang.reflect.Method.invoke(Native Method)
11-28 13:12:07.070 23826 23826 W MessageQueue: 	at com.android.internal.os.RuntimeInit$MethodAndArgsCaller.run(RuntimeInit.java:524)
11-28 13:12:07.070 23826 23826 W MessageQueue: 	at com.android.internal.os.ZygoteInit.main(ZygoteInit.java:1034)
11-28 13:12:07.070 23826 23826 W MessageQueue: Handler (android.os.Handler) {67e9d44} sending message to a Handler on a dead thread
11-28 13:12:07.070 23826 23826 W MessageQueue: java.lang.IllegalStateException: Handler (android.os.Handler) {67e9d44} sending message to a Handler on a dead thread
11-28 13:12:07.070 23826 23826 W MessageQueue: 	at android.os.MessageQueue.enqueueMessage(MessageQueue.java:650)
11-28 13:12:07.070 23826 23826 W MessageQueue: 	at android.os.Handler.enqueueMessage(Handler.java:769)
11-28 13:12:07.070 23826 23826 W MessageQueue: 	at android.os.Handler.sendMessageAtTime(Handler.java:718)
11-28 13:12:07.070 23826 23826 W MessageQueue: 	at android.os.Handler.sendMessageDelayed(Handler.java:688)
11-28 13:12:07.070 23826 23826 W MessageQueue: 	at android.os.Handler.post(Handler.java:405)
11-28 13:12:07.070 23826 23826 W MessageQueue: 	at symlab.CloudAR.ARManager.driveFrame(ARManager.java:157)
11-28 13:12:07.070 23826 23826 W MessageQueue: 	at symlab.ARHUD.MainActivity$3.onPreviewFrame(MainActivity.java:297)
11-28 13:12:07.070 23826 23826 W MessageQueue: 	at android.hardware.Camera$EventHandler.handleMessage(Camera.java:1278)
11-28 13:12:07.070 23826 23826 W MessageQueue: 	at android.os.Handler.dispatchMessage(Handler.java:112)
11-28 13:12:07.070 23826 23826 W MessageQueue: 	at android.os.Looper.loop(Looper.java:216)
11-28 13:12:07.070 23826 23826 W MessageQueue: 	at android.app.ActivityThread.main(ActivityThread.java:7579)
11-28 13:12:07.070 23826 23826 W MessageQueue: 	at java.lang.reflect.Method.invoke(Native Method)
11-28 13:12:07.070 23826 23826 W MessageQueue: 	at com.android.internal.os.RuntimeInit$MethodAndArgsCaller.run(RuntimeInit.java:524)
11-28 13:12:07.070 23826 23826 W MessageQueue: 	at com.android.internal.os.ZygoteInit.main(ZygoteInit.java:1034)
11-28 13:12:07.107 23826 23826 W MessageQueue: Handler (android.os.Handler) {67e9d44} sending message to a Handler on a dead thread
11-28 13:12:07.107 23826 23826 W MessageQueue: java.lang.IllegalStateException: Handler (android.os.Handler) {67e9d44} sending message to a Handler on a dead thread
11-28 13:12:07.107 23826 23826 W MessageQueue: 	at android.os.MessageQueue.enqueueMessage(MessageQueue.java:650)
11-28 13:12:07.107 23826 23826 W MessageQueue: 	at android.os.Handler.enqueueMessage(Handler.java:769)
11-28 13:12:07.107 23826 23826 W MessageQueue: 	at android.os.Handler.sendMessageAtTime(Handler.java:718)
11-28 13:12:07.107 23826 23826 W MessageQueue: 	at android.os.Handler.sendMessageDelayed(Handler.java:688)
11-28 13:12:07.107 23826 23826 W MessageQueue: 	at android.os.Handler.post(Handler.java:405)
11-28 13:12:07.107 23826 23826 W MessageQueue: 	at symlab.CloudAR.ARManager.recognizeTime(ARManager.java:152)
11-28 13:12:07.107 23826 23826 W MessageQueue: 	at symlab.ARHUD.MainActivity$3.onPreviewFrame(MainActivity.java:296)
11-28 13:12:07.107 23826 23826 W MessageQueue: 	at android.hardware.Camera$EventHandler.handleMessage(Camera.java:1278)
11-28 13:12:07.107 23826 23826 W MessageQueue: 	at android.os.Handler.dispatchMessage(Handler.java:112)
11-28 13:12:07.107 23826 23826 W MessageQueue: 	at android.os.Looper.loop(Looper.java:216)
11-28 13:12:07.107 23826 23826 W MessageQueue: 	at android.app.ActivityThread.main(ActivityThread.java:7579)
11-28 13:12:07.107 23826 23826 W MessageQueue: 	at java.lang.reflect.Method.invoke(Native Method)
11-28 13:12:07.107 23826 23826 W MessageQueue: 	at com.android.internal.os.RuntimeInit$MethodAndArgsCaller.run(RuntimeInit.java:524)
11-28 13:12:07.107 23826 23826 W MessageQueue: 	at com.android.internal.os.ZygoteInit.main(ZygoteInit.java:1034)
11-28 13:12:07.107 23826 23826 W MessageQueue: Handler (android.os.Handler) {67e9d44} sending message to a Handler on a dead thread
11-28 13:12:07.107 23826 23826 W MessageQueue: java.lang.IllegalStateException: Handler (android.os.Handler) {67e9d44} sending message to a Handler on a dead thread
11-28 13:12:07.107 23826 23826 W MessageQueue: 	at android.os.MessageQueue.enqueueMessage(MessageQueue.java:650)
11-28 13:12:07.107 23826 23826 W MessageQueue: 	at android.os.Handler.enqueueMessage(Handler.java:769)
11-28 13:12:07.107 23826 23826 W MessageQueue: 	at android.os.Handler.sendMessageAtTime(Handler.java:718)
11-28 13:12:07.107 23826 23826 W MessageQueue: 	at android.os.Handler.sendMessageDelayed(Handler.java:688)
11-28 13:12:07.107 23826 23826 W MessageQueue: 	at android.os.Handler.post(Handler.java:405)
11-28 13:12:07.107 23826 23826 W MessageQueue: 	at symlab.CloudAR.ARManager.driveFrame(ARManager.java:157)
11-28 13:12:07.107 23826 23826 W MessageQueue: 	at symlab.ARHUD.MainActivity$3.onPreviewFrame(MainActivity.java:297)
11-28 13:12:07.107 23826 23826 W MessageQueue: 	at android.hardware.Camera$EventHandler.handleMessage(Camera.java:1278)
11-28 13:12:07.107 23826 23826 W MessageQueue: 	at android.os.Handler.dispatchMessage(Handler.java:112)
11-28 13:12:07.107 23826 23826 W MessageQueue: 	at android.os.Looper.loop(Looper.java:216)
11-28 13:12:07.107 23826 23826 W MessageQueue: 	at android.app.ActivityThread.main(ActivityThread.java:7579)
11-28 13:12:07.107 23826 23826 W MessageQueue: 	at java.lang.reflect.Method.invoke(Native Method)
11-28 13:12:07.107 23826 23826 W MessageQueue: 	at com.android.internal.os.RuntimeInit$MethodAndArgsCaller.run(RuntimeInit.java:524)
11-28 13:12:07.107 23826 23826 W MessageQueue: 	at com.android.internal.os.ZygoteInit.main(ZygoteInit.java:1034)
11-28 13:12:07.140 23826 23826 W MessageQueue: Handler (android.os.Handler) {67e9d44} sending message to a Handler on a dead thread
11-28 13:12:07.140 23826 23826 W MessageQueue: java.lang.IllegalStateException: Handler (android.os.Handler) {67e9d44} sending message to a Handler on a dead thread
11-28 13:12:07.140 23826 23826 W MessageQueue: 	at android.os.MessageQueue.enqueueMessage(MessageQueue.java:650)
11-28 13:12:07.140 23826 23826 W MessageQueue: 	at android.os.Handler.enqueueMessage(Handler.java:769)
11-28 13:12:07.140 23826 23826 W MessageQueue: 	at android.os.Handler.sendMessageAtTime(Handler.java:718)
11-28 13:12:07.140 23826 23826 W MessageQueue: 	at android.os.Handler.sendMessageDelayed(Handler.java:688)
11-28 13:12:07.140 23826 23826 W MessageQueue: 	at android.os.Handler.post(Handler.java:405)
11-28 13:12:07.140 23826 23826 W MessageQueue: 	at symlab.CloudAR.ARManager.recognizeTime(ARManager.java:152)
11-28 13:12:07.140 23826 23826 W MessageQueue: 	at symlab.ARHUD.MainActivity$3.onPreviewFrame(MainActivity.java:296)
11-28 13:12:07.140 23826 23826 W MessageQueue: 	at android.hardware.Camera$EventHandler.handleMessage(Camera.java:1278)
11-28 13:12:07.140 23826 23826 W MessageQueue: 	at android.os.Handler.dispatchMessage(Handler.java:112)
11-28 13:12:07.140 23826 23826 W MessageQueue: 	at android.os.Looper.loop(Looper.java:216)
11-28 13:12:07.140 23826 23826 W MessageQueue: 	at android.app.ActivityThread.main(ActivityThread.java:7579)
11-28 13:12:07.140 23826 23826 W MessageQueue: 	at java.lang.reflect.Method.invoke(Native Method)
11-28 13:12:07.140 23826 23826 W MessageQueue: 	at com.android.internal.os.RuntimeInit$MethodAndArgsCaller.run(RuntimeInit.java:524)
11-28 13:12:07.140 23826 23826 W MessageQueue: 	at com.android.internal.os.ZygoteInit.main(ZygoteInit.java:1034)
11-28 13:12:07.141 23826 23826 W MessageQueue: Handler (android.os.Handler) {67e9d44} sending message to a Handler on a dead thread
11-28 13:12:07.141 23826 23826 W MessageQueue: java.lang.IllegalStateException: Handler (android.os.Handler) {67e9d44} sending message to a Handler on a dead thread
11-28 13:12:07.141 23826 23826 W MessageQueue: 	at android.os.MessageQueue.enqueueMessage(MessageQueue.java:650)
11-28 13:12:07.141 23826 23826 W MessageQueue: 	at android.os.Handler.enqueueMessage(Handler.java:769)
11-28 13:12:07.141 23826 23826 W MessageQueue: 	at android.os.Handler.sendMessageAtTime(Handler.java:718)
11-28 13:12:07.141 23826 23826 W MessageQueue: 	at android.os.Handler.sendMessageDelayed(Handler.java:688)
11-28 13:12:07.141 23826 23826 W MessageQueue: 	at android.os.Handler.post(Handler.java:405)
11-28 13:12:07.141 23826 23826 W MessageQueue: 	at symlab.CloudAR.ARManager.driveFrame(ARManager.java:157)
11-28 13:12:07.141 23826 23826 W MessageQueue: 	at symlab.ARHUD.MainActivity$3.onPreviewFrame(MainActivity.java:297)
11-28 13:12:07.141 23826 23826 W MessageQueue: 	at android.hardware.Camera$EventHandler.handleMessage(Camera.java:1278)
11-28 13:12:07.141 23826 23826 W MessageQueue: 	at android.os.Handler.dispatchMessage(Handler.java:112)
11-28 13:12:07.141 23826 23826 W MessageQueue: 	at android.os.Looper.loop(Looper.java:216)
11-28 13:12:07.141 23826 23826 W MessageQueue: 	at android.app.ActivityThread.main(ActivityThread.java:7579)
11-28 13:12:07.141 23826 23826 W MessageQueue: 	at java.lang.reflect.Method.invoke(Native Method)
11-28 13:12:07.141 23826 23826 W MessageQueue: 	at com.android.internal.os.RuntimeInit$MethodAndArgsCaller.run(RuntimeInit.java:524)
11-28 13:12:07.141 23826 23826 W MessageQueue: 	at com.android.internal.os.ZygoteInit.main(ZygoteInit.java:1034)
11-28 13:12:07.180 23826 23826 W MessageQueue: Handler (android.os.Handler) {67e9d44} sending message to a Handler on a dead thread
11-28 13:12:07.180 23826 23826 W MessageQueue: java.lang.IllegalStateException: Handler (android.os.Handler) {67e9d44} sending message to a Handler on a dead thread
11-28 13:12:07.180 23826 23826 W MessageQueue: 	at android.os.MessageQueue.enqueueMessage(MessageQueue.java:650)
11-28 13:12:07.180 23826 23826 W MessageQueue: 	at android.os.Handler.enqueueMessage(Handler.java:769)
11-28 13:12:07.180 23826 23826 W MessageQueue: 	at android.os.Handler.sendMessageAtTime(Handler.java:718)
11-28 13:12:07.180 23826 23826 W MessageQueue: 	at android.os.Handler.sendMessageDelayed(Handler.java:688)
11-28 13:12:07.180 23826 23826 W MessageQueue: 	at android.os.Handler.post(Handler.java:405)
11-28 13:12:07.180 23826 23826 W MessageQueue: 	at symlab.CloudAR.ARManager.recognizeTime(ARManager.java:152)
11-28 13:12:07.180 23826 23826 W MessageQueue: 	at symlab.ARHUD.MainActivity$3.onPreviewFrame(MainActivity.java:296)
11-28 13:12:07.180 23826 23826 W MessageQueue: 	at android.hardware.Camera$EventHandler.handleMessage(Camera.java:1278)
11-28 13:12:07.180 23826 23826 W MessageQueue: 	at android.os.Handler.dispatchMessage(Handler.java:112)
11-28 13:12:07.180 23826 23826 W MessageQueue: 	at android.os.Looper.loop(Looper.java:216)
11-28 13:12:07.180 23826 23826 W MessageQueue: 	at android.app.ActivityThread.main(ActivityThread.java:7579)
11-28 13:12:07.180 23826 23826 W MessageQueue: 	at java.lang.reflect.Method.invoke(Native Method)
11-28 13:12:07.180 23826 23826 W MessageQueue: 	at com.android.internal.os.RuntimeInit$MethodAndArgsCaller.run(RuntimeInit.java:524)
11-28 13:12:07.180 23826 23826 W MessageQueue: 	at com.android.internal.os.ZygoteInit.main(ZygoteInit.java:1034)
11-28 13:12:07.180 23826 23826 W MessageQueue: Handler (android.os.Handler) {67e9d44} sending message to a Handler on a dead thread
11-28 13:12:07.180 23826 23826 W MessageQueue: java.lang.IllegalStateException: Handler (android.os.Handler) {67e9d44} sending message to a Handler on a dead thread
11-28 13:12:07.180 23826 23826 W MessageQueue: 	at android.os.MessageQueue.enqueueMessage(MessageQueue.java:650)
11-28 13:12:07.180 23826 23826 W MessageQueue: 	at android.os.Handler.enqueueMessage(Handler.java:769)
11-28 13:12:07.180 23826 23826 W MessageQueue: 	at android.os.Handler.sendMessageAtTime(Handler.java:718)
11-28 13:12:07.180 23826 23826 W MessageQueue: 	at android.os.Handler.sendMessageDelayed(Handler.java:688)
11-28 13:12:07.180 23826 23826 W MessageQueue: 	at android.os.Handler.post(Handler.java:405)
11-28 13:12:07.180 23826 23826 W MessageQueue: 	at symlab.CloudAR.ARManager.driveFrame(ARManager.java:157)
11-28 13:12:07.180 23826 23826 W MessageQueue: 	at symlab.ARHUD.MainActivity$3.onPreviewFrame(MainActivity.java:297)
11-28 13:12:07.180 23826 23826 W MessageQueue: 	at android.hardware.Camera$EventHandler.handleMessage(Camera.java:1278)
11-28 13:12:07.180 23826 23826 W MessageQueue: 	at android.os.Handler.dispatchMessage(Handler.java:112)
11-28 13:12:07.180 23826 23826 W MessageQueue: 	at android.os.Looper.loop(Looper.java:216)
11-28 13:12:07.180 23826 23826 W MessageQueue: 	at android.app.ActivityThread.main(ActivityThread.java:7579)
11-28 13:12:07.180 23826 23826 W MessageQueue: 	at java.lang.reflect.Method.invoke(Native Method)
11-28 13:12:07.180 23826 23826 W MessageQueue: 	at com.android.internal.os.RuntimeInit$MethodAndArgsCaller.run(RuntimeInit.java:524)
11-28 13:12:07.180 23826 23826 W MessageQueue: 	at com.android.internal.os.ZygoteInit.main(ZygoteInit.java:1034)
11-28 13:12:07.214 23826 23826 W MessageQueue: Handler (android.os.Handler) {67e9d44} sending message to a Handler on a dead thread
11-28 13:12:07.214 23826 23826 W MessageQueue: java.lang.IllegalStateException: Handler (android.os.Handler) {67e9d44} sending message to a Handler on a dead thread
11-28 13:12:07.214 23826 23826 W MessageQueue: 	at android.os.MessageQueue.enqueueMessage(MessageQueue.java:650)
11-28 13:12:07.214 23826 23826 W MessageQueue: 	at android.os.Handler.enqueueMessage(Handler.java:769)
11-28 13:12:07.214 23826 23826 W MessageQueue: 	at android.os.Handler.sendMessageAtTime(Handler.java:718)
11-28 13:12:07.214 23826 23826 W MessageQueue: 	at android.os.Handler.sendMessageDelayed(Handler.java:688)
11-28 13:12:07.214 23826 23826 W MessageQueue: 	at android.os.Handler.post(Handler.java:405)
11-28 13:12:07.214 23826 23826 W MessageQueue: 	at symlab.CloudAR.ARManager.recognizeTime(ARManager.java:152)
11-28 13:12:07.214 23826 23826 W MessageQueue: 	at symlab.ARHUD.MainActivity$3.onPreviewFrame(MainActivity.java:296)
11-28 13:12:07.214 23826 23826 W MessageQueue: 	at android.hardware.Camera$EventHandler.handleMessage(Camera.java:1278)
11-28 13:12:07.214 23826 23826 W MessageQueue: 	at android.os.Handler.dispatchMessage(Handler.java:112)
11-28 13:12:07.214 23826 23826 W MessageQueue: 	at android.os.Looper.loop(Looper.java:216)
11-28 13:12:07.214 23826 23826 W MessageQueue: 	at android.app.ActivityThread.main(ActivityThread.java:7579)
11-28 13:12:07.214 23826 23826 W MessageQueue: 	at java.lang.reflect.Method.invoke(Native Method)
11-28 13:12:07.214 23826 23826 W MessageQueue: 	at com.android.internal.os.RuntimeInit$MethodAndArgsCaller.run(RuntimeInit.java:524)
11-28 13:12:07.214 23826 23826 W MessageQueue: 	at com.android.internal.os.ZygoteInit.main(ZygoteInit.java:1034)
