--------- beginning of main
11-28 14:25:47.353 10205 10231 E AwareLog: AtomicFileUtils: readFileLines file not exist: android.util.AtomicFile@753abfb
11-28 14:25:47.353 10205 10205 D ZrHung.AppEyeUiProbe: notify runnable to start.
11-28 14:25:47.354 10205 10231 E AwareLog: AtomicFileUtils: readFileLines file not exist: android.util.AtomicFile@c28e418
11-28 14:25:47.354 10205 10235 D ZrHung.AppEyeUiProbe: Runnable thread started.
11-28 14:25:47.354 10205 10235 D IMonitor: Load library imonitor_jni
11-28 14:25:47.355 10230 10230 W logcat  : type=1400 audit(0.0:1367): avc: granted { create } for name="logcat_1574943947342.txt" scontext=u:r:untrusted_app:s0:c150,c256,c512,c768 tcontext=u:object_r:sdcardfs:s0:c150,c256,c512,c768 tclass=file
11-28 14:25:47.358 10205 10235 E         : [ZeroHung]zrhung_get_config: Get config failed for wp[0x0102]
11-28 14:25:47.358 10205 10235 W ZrHung.AppEyeUiProbe: Failed to get config from zrhung
11-28 14:25:47.361 10205 10205 I MultiDex: Installing application
11-28 14:25:47.361 10205 10205 I MultiDex: VM has multidex support, MultiDex support library is disabled.
--------- beginning of system
11-28 14:25:47.365 10205 10205 V ActivityThread: callActivityOnCreate
11-28 14:25:47.365 10205 10205 I Poster  :  onCreate() called.
11-28 14:25:47.369 10205 10205 I HwApsImpl: APS: new HwApsImpl created
11-28 14:25:47.375 10205 10205 V HwWidgetFactory: : successes to get AllImpl object and return....
11-28 14:25:47.383 10205 10205 D OpenGLRenderer: Skia GL Pipeline
11-28 14:25:47.402 10205 10205 D Poster  : Server details are IP 193.166.28.132 and port 52727
11-28 14:25:47.407 10205 10205 D Poster  : Server bound to IP 193.166.28.132 and port 52727
11-28 14:25:47.410 10205 10205 D ActivityThread: add activity client record, r= ActivityRecord{dcc1e30 token=android.os.BinderProxy@71b77f5 {symlab.cloudridar.arhud/symlab.ARHUD.MainActivity}} token= android.os.BinderProxy@71b77f5
11-28 14:25:47.412 10205 10205 I Poster  :  onStart() called.
11-28 14:25:47.413 10205 10205 D ZrHung.AppEyeUiProbe: notify runnable to start.
11-28 14:25:47.414 10205 10205 I Poster  :  onResume() called.
11-28 14:25:47.419 10205 10205 I PermissionManager: camera remind result:true
11-28 14:25:47.419 10205 10205 I Camera  : open camera: 0, package name: symlab.cloudridar.arhud
11-28 14:25:47.419 10205 10205 I BackgroundPermManager: pkgName: symlab.cloudridar.arhud,pid: 10205 ,uidOf3RdApk: 10150 ,permType: 0 ,permCfg: 1
11-28 14:25:47.420 10205 10205 I HwCameraUtil: notifySurfaceFlingerCameraStatus : isFront = false , isOpend = true
11-28 14:25:47.429 10205 10205 D ActivityThread: isOptEnabled=false isWechatScanOpt=false
11-28 14:25:47.431 10205 10205 I HwSecImmHelper: mSecurityInputMethodService is null
11-28 14:25:47.436 10205 10205 D OpenGLRenderer:   HWUI Binary is  enabled
11-28 14:25:47.459 10205 10262 D HiTouch_PressGestureDetector: onAttached, package=symlab.cloudridar.arhud, windowType=1, mHiTouchRestricted=false
11-28 14:25:47.470 10205 10260 I ConfigStore: android::hardware::configstore::V1_0::ISurfaceFlingerConfigs::hasWideColorDisplay retrieved: 0
11-28 14:25:47.470 10205 10260 I ConfigStore: android::hardware::configstore::V1_0::ISurfaceFlingerConfigs::hasHDRDisplay retrieved: 0
11-28 14:25:47.470 10205 10260 I iGraphics: [0020080c] pn: symlab.cloudridar.arhud, p: 10205
11-28 14:25:47.470 10205 10260 I OpenGLRenderer: Initialized EGL, version 1.4, mEglDisplay 0x1
11-28 14:25:47.470 10205 10260 D OpenGLRenderer: Swap behavior 2
11-28 14:25:47.479 10205 10260 D mali_winsys: EGLint new_window_surface(egl_winsys_display *, void *, EGLSurface, EGLConfig, egl_winsys_surface **, EGLBoolean) returns 0x3000
11-28 14:25:47.483 10205 10205 I Poster  :  surfaceCreated() called.
11-28 14:25:47.483 10205 10205 I Poster  : initPreview() called
11-28 14:25:47.488 10205 10205 I PermissionManager: camera remind result:true
11-28 14:25:47.494 10205 10205 I Poster  :  surfaceChanged() called.
11-28 14:25:47.513 10205 10205 W InputMethodManager: startInputReason = 1
11-28 14:25:47.537 10205 10205 W InputMethodManager: startInputReason = 5
11-28 14:25:48.210 10205 10244 D Evaluation: 3 res for frame 6 received at 1574943948210
11-28 14:25:48.244 10205 10244 D Evaluation: 3 res for frame 7 received at 1574943948244
11-28 14:25:48.278 10205 10244 D Evaluation: 4 res for frame 8 received at 1574943948278
11-28 14:25:48.345 10205 10244 D Evaluation: 5 res for frame 9 received at 1574943948345
11-28 14:25:48.410 10205 10217 E         : [ZeroHung]zrhung_get_config: Get config failed for wp[0x0008]
11-28 14:25:48.412 10205 10244 D Evaluation: 5 res for frame 10 received at 1574943948412
11-28 14:25:48.420 10205 10215 W System  : A resource failed to call close. 
11-28 14:25:48.421 10205 10215 I chatty  : uid=10150(symlab.cloudridar.arhud) FinalizerDaemon identical 22 lines
11-28 14:25:48.421 10205 10215 W System  : A resource failed to call close. 
11-28 14:25:48.445 10205 10244 D Evaluation: 5 res for frame 11 received at 1574943948445
11-28 14:25:48.479 10205 10244 D Evaluation: 5 res for frame 12 received at 1574943948479
11-28 14:25:48.547 10205 10244 D Evaluation: 5 res for frame 13 received at 1574943948546
11-28 14:25:48.648 10205 10244 D Evaluation: 5 res for frame 14 received at 1574943948648
11-28 14:25:49.702 10205 10217 E         : [ZeroHung]zrhung_get_config: Get config failed for wp[0x0008]
11-28 14:25:49.724 10205 10215 W System  : A resource failed to call close. 
11-28 14:25:49.724 10205 10215 W System  : A resource failed to call close. 
11-28 14:25:49.725 10205 10215 I chatty  : uid=10150(symlab.cloudridar.arhud) FinalizerDaemon identical 12 lines
11-28 14:25:49.725 10205 10215 W System  : A resource failed to call close. 
11-28 14:25:49.725 10205 10215 W System  : A resource failed to call close. 
11-28 14:25:49.725 10205 10215 W System  : A resource failed to call close. 
11-28 14:25:49.727 10205 10215 I chatty  : uid=10150(symlab.cloudridar.arhud) FinalizerDaemon identical 24 lines
11-28 14:25:49.727 10205 10215 W System  : A resource failed to call close. 
11-28 14:25:50.404 10205 10205 D stylus  : init stylus touchlistener.
11-28 14:25:50.411 10205 10205 W Settings: Setting device_provisioned has moved from android.provider.Settings.Secure to android.provider.Settings.Global.
11-28 14:25:50.412 10205 10205 V HiTouch_HiTouchSensor: User setup is finished.
11-28 14:25:50.426 10205 10205 W HiTouch_PressGestureDetector: Touch pointer move a lot. The moving distance of X is:67.96973, limit is:60The moving distance of Y is:32.96945, limit is:60
11-28 14:25:51.007 10205 10217 E         : [ZeroHung]zrhung_get_config: Get config failed for wp[0x0008]
11-28 14:25:51.021 10205 10215 W System  : A resource failed to call close. 
11-28 14:25:51.024 10205 10215 I chatty  : uid=10150(symlab.cloudridar.arhud) FinalizerDaemon identical 35 lines
11-28 14:25:51.024 10205 10215 W System  : A resource failed to call close. 
11-28 14:25:51.348 10205 10244 D Evaluation: 5 res for frame 98 received at 1574943951348
11-28 14:25:51.414 10205 10244 D Evaluation: 5 res for frame 99 received at 1574943951414
11-28 14:25:51.516 10205 10244 D Evaluation: 5 res for frame 100 received at 1574943951516
11-28 14:25:51.613 10205 10244 D Evaluation: 5 res for frame 101 received at 1574943951613
11-28 14:25:51.681 10205 10244 D Evaluation: 5 res for frame 102 received at 1574943951681
11-28 14:25:51.715 10205 10244 D Evaluation: 5 res for frame 103 received at 1574943951715
11-28 14:25:52.253 10205 10217 E         : [ZeroHung]zrhung_get_config: Get config failed for wp[0x0008]
11-28 14:25:52.267 10205 10215 W System  : A resource failed to call close. 
11-28 14:25:52.268 10205 10215 I chatty  : uid=10150(symlab.cloudridar.arhud) FinalizerDaemon identical 19 lines
11-28 14:25:52.268 10205 10215 W System  : A resource failed to call close. 
11-28 14:25:52.269 10205 10215 W System  : A resource failed to call close. 
11-28 14:25:52.269 10205 10215 I chatty  : uid=10150(symlab.cloudridar.arhud) FinalizerDaemon identical 1 line
11-28 14:25:52.269 10205 10215 W System  : A resource failed to call close. 
11-28 14:25:52.271 10205 10215 W System  : A resource failed to call close. 
11-28 14:25:52.273 10205 10215 I chatty  : uid=10150(symlab.cloudridar.arhud) FinalizerDaemon identical 17 lines
11-28 14:25:52.273 10205 10215 W System  : A resource failed to call close. 
11-28 14:25:52.347 10205 10205 I AwareBitmapCacher: init lrucache size: 2097152 pid=10205
11-28 14:25:52.841 10205 10205 W HiTouch_PressGestureDetector: Touch pointer move a lot. The moving distance of X is:28.975952, limit is:60The moving distance of Y is:158.08301, limit is:60
11-28 14:25:53.257 10205 10244 D Evaluation: 3 res for frame 148 received at 1574943953257
11-28 14:25:53.594 10205 10217 E         : [ZeroHung]zrhung_get_config: Get config failed for wp[0x0008]
11-28 14:25:53.617 10205 10215 W System  : A resource failed to call close. 
11-28 14:25:53.620 10205 10215 I chatty  : uid=10150(symlab.cloudridar.arhud) FinalizerDaemon identical 32 lines
11-28 14:25:53.620 10205 10215 W System  : A resource failed to call close. 
11-28 14:25:53.620 10205 10215 W System  : A resource failed to call close. 
11-28 14:25:53.620 10205 10215 I chatty  : uid=10150(symlab.cloudridar.arhud) FinalizerDaemon identical 5 lines
11-28 14:25:53.620 10205 10215 W System  : A resource failed to call close. 
11-28 14:25:54.133 10205 10244 D Evaluation: 5 res for frame 174 received at 1574943954133
11-28 14:25:54.637 10205 10244 D Evaluation: 5 res for frame 189 received at 1574943954637
11-28 14:25:54.672 10205 10244 D Evaluation: 5 res for frame 190 received at 1574943954672
11-28 14:25:54.705 10205 10244 D Evaluation: 4 res for frame 191 received at 1574943954705
11-28 14:25:54.937 10205 10217 E         : [ZeroHung]zrhung_get_config: Get config failed for wp[0x0008]
11-28 14:25:54.941 10205 10244 D Evaluation: 5 res for frame 197 received at 1574943954941
11-28 14:25:54.953 10205 10215 W System  : A resource failed to call close. 
11-28 14:25:54.955 10205 10215 I chatty  : uid=10150(symlab.cloudridar.arhud) FinalizerDaemon identical 41 lines
11-28 14:25:54.955 10205 10215 W System  : A resource failed to call close. 
11-28 14:25:56.353 10205 10217 E         : [ZeroHung]zrhung_get_config: Get config failed for wp[0x0008]
11-28 14:25:56.377 10205 10215 W System  : A resource failed to call close. 
11-28 14:25:56.378 10205 10215 I chatty  : uid=10150(symlab.cloudridar.arhud) FinalizerDaemon identical 15 lines
11-28 14:25:56.378 10205 10215 W System  : A resource failed to call close. 
11-28 14:25:56.378 10205 10215 W System  : A resource failed to call close. 
11-28 14:25:56.378 10205 10215 I chatty  : uid=10150(symlab.cloudridar.arhud) FinalizerDaemon identical 1 line
11-28 14:25:56.378 10205 10215 W System  : A resource failed to call close. 
11-28 14:25:56.378 10205 10215 W System  : A resource failed to call close. 
11-28 14:25:56.379 10205 10215 I chatty  : uid=10150(symlab.cloudridar.arhud) FinalizerDaemon identical 6 lines
11-28 14:25:56.379 10205 10215 W System  : A resource failed to call close. 
11-28 14:25:56.379 10205 10215 W System  : A resource failed to call close. 
11-28 14:25:56.379 10205 10215 W System  : A resource failed to call close. 
11-28 14:25:56.379 10205 10215 W System  : A resource failed to call close. 
11-28 14:25:56.379 10205 10215 W System  : A resource failed to call close. 
11-28 14:25:56.379 10205 10215 W System  : A resource failed to call close. 
11-28 14:25:56.379 10205 10215 W System  : A resource failed to call close. 
11-28 14:25:56.379 10205 10215 W System  : A resource failed to call close. 
11-28 14:25:56.380 10205 10215 I chatty  : uid=10150(symlab.cloudridar.arhud) FinalizerDaemon identical 6 lines
11-28 14:25:56.380 10205 10215 W System  : A resource failed to call close. 
11-28 14:25:57.740 10205 10217 E         : [ZeroHung]zrhung_get_config: Get config failed for wp[0x0008]
11-28 14:25:57.757 10205 10215 W System  : A resource failed to call close. 
11-28 14:25:57.763 10205 10215 I chatty  : uid=10150(symlab.cloudridar.arhud) FinalizerDaemon identical 38 lines
11-28 14:25:57.764 10205 10215 W System  : A resource failed to call close. 
11-28 14:25:58.562 10205 10205 W HiTouch_PressGestureDetector: Touch pointer move a lot. The moving distance of X is:75.96631, limit is:60The moving distance of Y is:47.955566, limit is:60
11-28 14:25:58.969 10205 10217 E         : [ZeroHung]zrhung_get_config: Get config failed for wp[0x0008]
11-28 14:25:58.988 10205 10215 W System  : A resource failed to call close. 
11-28 14:25:58.990 10205 10215 I chatty  : uid=10150(symlab.cloudridar.arhud) FinalizerDaemon identical 36 lines
11-28 14:25:58.990 10205 10215 W System  : A resource failed to call close. 
11-28 14:25:59.046 10205 10205 W HiTouch_PressGestureDetector: Touch pointer move a lot. The moving distance of X is:107.92627, limit is:60The moving distance of Y is:116.64264, limit is:60
11-28 14:25:59.612 10205 10205 I Poster  :  onPause() called.
11-28 14:25:59.749 10205 10205 I Camera  : close camera: 0, package name: symlab.cloudridar.arhud
11-28 14:25:59.749 10205 10205 I BackgroundPermManager: pkgName: symlab.cloudridar.arhud,pid: 10205 ,uidOf3RdApk: 10150 ,permType: 0 ,permCfg: 0
11-28 14:25:59.753 10205 10205 I HwCameraUtil: notifySurfaceFlingerCameraStatus : isFront = false , isOpend = false
11-28 14:25:59.872 10205 10205 D ZrHung.AppEyeUiProbe: stop checker.
11-28 14:25:59.901 10205 10205 I Poster  :  surfaceDestroyed() called.
11-28 14:25:59.901 10205 10205 D ViewRootImpl[MainActivity]: surface should not be released
11-28 14:25:59.901 10205 10205 I Poster  :  onStop() called.
11-28 14:25:59.915 10205 10260 W libEGL  : EGLNativeWindowType 0xe3470008 disconnect failed
11-28 14:26:00.363 10205 10235 D ZrHung.AppEyeUiProbe: Current Activity:false
11-28 14:26:00.363 10205 10235 D ZrHung.AppEyeUiProbe: not watching, wait.
11-28 14:26:04.618 10205 10205 I AwareBitmapCacher: handleReleaseCache: pid=10205
11-28 14:26:04.619 10205 10205 I AwareBitmapCacher: init lrucache size: 2097152 pid=10205
11-28 14:26:04.883 10205 10217 E         : [ZeroHung]zrhung_get_config: Get config failed for wp[0x0008]
11-28 14:26:04.925 10205 10215 W System  : A resource failed to call close. 
11-28 14:26:04.931 10205 10215 I chatty  : uid=10150(symlab.cloudridar.arhud) FinalizerDaemon identical 17 lines
11-28 14:26:04.931 10205 10215 W System  : A resource failed to call close. 
11-28 14:27:21.322 10205 10205 I PermissionManager: camera remind result:true
11-28 14:27:21.322 10205 10205 I BackgroundPermManager: pkgName: symlab.cloudridar.arhud,pid: 10205 ,uidOf3RdApk: 10150 ,permType: 0 ,permCfg: 1
11-28 14:27:21.336 10205 10205 D ActivityThread: isOptEnabled=false isWechatScanOpt=false
11-28 14:27:21.373 10205 10260 D mali_winsys: EGLint new_window_surface(egl_winsys_display *, void *, EGLSurface, EGLConfig, egl_winsys_surface **, EGLBoolean) returns 0x3000
11-28 14:27:21.375 10205 10205 I Poster  :  surfaceCreated() called.
11-28 14:27:21.375 10205 10205 I Poster  : initPreview() called
11-28 14:27:21.377 10205 10205 I PermissionManager: camera remind result:true
11-28 14:27:21.384 10205 10205 I Poster  :  surfaceChanged() called.
11-28 14:27:21.384 10205 10205 E BpSurfaceComposerClient: Failed to transact (-1)
11-28 14:27:21.384 10205 10205 E BpSurfaceComposerClient: Failed to transact (-1)
11-28 14:27:21.400 10205 10260 W libEGL  : EGLNativeWindowType 0xe3470008 disconnect failed
11-28 14:27:21.400 10205 10260 D mali_winsys: EGLint new_window_surface(egl_winsys_display *, void *, EGLSurface, EGLConfig, egl_winsys_surface **, EGLBoolean) returns 0x3000
11-28 14:27:21.406 10205 10205 W InputMethodManager: startInputReason = 1
11-28 14:27:21.679 10205 10205 W MessageQueue: Handler (android.os.Handler) {4f54b63} sending message to a Handler on a dead thread
11-28 14:27:21.679 10205 10205 W MessageQueue: java.lang.IllegalStateException: Handler (android.os.Handler) {4f54b63} sending message to a Handler on a dead thread
11-28 14:27:21.679 10205 10205 W MessageQueue: 	at android.os.MessageQueue.enqueueMessage(MessageQueue.java:650)
11-28 14:27:21.679 10205 10205 W MessageQueue: 	at android.os.Handler.enqueueMessage(Handler.java:769)
11-28 14:27:21.679 10205 10205 W MessageQueue: 	at android.os.Handler.sendMessageAtTime(Handler.java:718)
11-28 14:27:21.679 10205 10205 W MessageQueue: 	at android.os.Handler.sendMessageDelayed(Handler.java:688)
11-28 14:27:21.679 10205 10205 W MessageQueue: 	at android.os.Handler.post(Handler.java:405)
11-28 14:27:21.679 10205 10205 W MessageQueue: 	at symlab.CloudAR.ARManager.recognizeTime(ARManager.java:152)
11-28 14:27:21.679 10205 10205 W MessageQueue: 	at symlab.ARHUD.MainActivity$3.onPreviewFrame(MainActivity.java:296)
11-28 14:27:21.679 10205 10205 W MessageQueue: 	at android.hardware.Camera$EventHandler.handleMessage(Camera.java:1278)
11-28 14:27:21.679 10205 10205 W MessageQueue: 	at android.os.Handler.dispatchMessage(Handler.java:112)
11-28 14:27:21.679 10205 10205 W MessageQueue: 	at android.os.Looper.loop(Looper.java:216)
11-28 14:27:21.679 10205 10205 W MessageQueue: 	at android.app.ActivityThread.main(ActivityThread.java:7579)
11-28 14:27:21.679 10205 10205 W MessageQueue: 	at java.lang.reflect.Method.invoke(Native Method)
11-28 14:27:21.679 10205 10205 W MessageQueue: 	at com.android.internal.os.RuntimeInit$MethodAndArgsCaller.run(RuntimeInit.java:524)
11-28 14:27:21.679 10205 10205 W MessageQueue: 	at com.android.internal.os.ZygoteInit.main(ZygoteInit.java:1034)
11-28 14:27:21.680 10205 10205 W MessageQueue: Handler (android.os.Handler) {4f54b63} sending message to a Handler on a dead thread
11-28 14:27:21.680 10205 10205 W MessageQueue: java.lang.IllegalStateException: Handler (android.os.Handler) {4f54b63} sending message to a Handler on a dead thread
11-28 14:27:21.680 10205 10205 W MessageQueue: 	at android.os.MessageQueue.enqueueMessage(MessageQueue.java:650)
11-28 14:27:21.680 10205 10205 W MessageQueue: 	at android.os.Handler.enqueueMessage(Handler.java:769)
11-28 14:27:21.680 10205 10205 W MessageQueue: 	at android.os.Handler.sendMessageAtTime(Handler.java:718)
11-28 14:27:21.680 10205 10205 W MessageQueue: 	at android.os.Handler.sendMessageDelayed(Handler.java:688)
11-28 14:27:21.680 10205 10205 W MessageQueue: 	at android.os.Handler.post(Handler.java:405)
11-28 14:27:21.680 10205 10205 W MessageQueue: 	at symlab.CloudAR.ARManager.driveFrame(ARManager.java:157)
11-28 14:27:21.680 10205 10205 W MessageQueue: 	at symlab.ARHUD.MainActivity$3.onPreviewFrame(MainActivity.java:297)
11-28 14:27:21.680 10205 10205 W MessageQueue: 	at android.hardware.Camera$EventHandler.handleMessage(Camera.java:1278)
11-28 14:27:21.680 10205 10205 W MessageQueue: 	at android.os.Handler.dispatchMessage(Handler.java:112)
11-28 14:27:21.680 10205 10205 W MessageQueue: 	at android.os.Looper.loop(Looper.java:216)
11-28 14:27:21.680 10205 10205 W MessageQueue: 	at android.app.ActivityThread.main(ActivityThread.java:7579)
11-28 14:27:21.680 10205 10205 W MessageQueue: 	at java.lang.reflect.Method.invoke(Native Method)
11-28 14:27:21.680 10205 10205 W MessageQueue: 	at com.android.internal.os.RuntimeInit$MethodAndArgsCaller.run(RuntimeInit.java:524)
11-28 14:27:21.680 10205 10205 W MessageQueue: 	at com.android.internal.os.ZygoteInit.main(ZygoteInit.java:1034)
11-28 14:27:21.707 10205 10205 W MessageQueue: Handler (android.os.Handler) {4f54b63} sending message to a Handler on a dead thread
11-28 14:27:21.707 10205 10205 W MessageQueue: java.lang.IllegalStateException: Handler (android.os.Handler) {4f54b63} sending message to a Handler on a dead thread
11-28 14:27:21.707 10205 10205 W MessageQueue: 	at android.os.MessageQueue.enqueueMessage(MessageQueue.java:650)
11-28 14:27:21.707 10205 10205 W MessageQueue: 	at android.os.Handler.enqueueMessage(Handler.java:769)
11-28 14:27:21.707 10205 10205 W MessageQueue: 	at android.os.Handler.sendMessageAtTime(Handler.java:718)
11-28 14:27:21.707 10205 10205 W MessageQueue: 	at android.os.Handler.sendMessageDelayed(Handler.java:688)
11-28 14:27:21.707 10205 10205 W MessageQueue: 	at android.os.Handler.post(Handler.java:405)
11-28 14:27:21.707 10205 10205 W MessageQueue: 	at symlab.CloudAR.ARManager.recognizeTime(ARManager.java:152)
11-28 14:27:21.707 10205 10205 W MessageQueue: 	at symlab.ARHUD.MainActivity$3.onPreviewFrame(MainActivity.java:296)
11-28 14:27:21.707 10205 10205 W MessageQueue: 	at android.hardware.Camera$EventHandler.handleMessage(Camera.java:1278)
11-28 14:27:21.707 10205 10205 W MessageQueue: 	at android.os.Handler.dispatchMessage(Handler.java:112)
11-28 14:27:21.707 10205 10205 W MessageQueue: 	at android.os.Looper.loop(Looper.java:216)
11-28 14:27:21.707 10205 10205 W MessageQueue: 	at android.app.ActivityThread.main(ActivityThread.java:7579)
11-28 14:27:21.707 10205 10205 W MessageQueue: 	at java.lang.reflect.Method.invoke(Native Method)
11-28 14:27:21.707 10205 10205 W MessageQueue: 	at com.android.internal.os.RuntimeInit$MethodAndArgsCaller.run(RuntimeInit.java:524)
11-28 14:27:21.707 10205 10205 W MessageQueue: 	at com.android.internal.os.ZygoteInit.main(ZygoteInit.java:1034)
11-28 14:27:21.707 10205 10205 W MessageQueue: Handler (android.os.Handler) {4f54b63} sending message to a Handler on a dead thread
11-28 14:27:21.707 10205 10205 W MessageQueue: java.lang.IllegalStateException: Handler (android.os.Handler) {4f54b63} sending message to a Handler on a dead thread
11-28 14:27:21.707 10205 10205 W MessageQueue: 	at android.os.MessageQueue.enqueueMessage(MessageQueue.java:650)
11-28 14:27:21.707 10205 10205 W MessageQueue: 	at android.os.Handler.enqueueMessage(Handler.java:769)
11-28 14:27:21.707 10205 10205 W MessageQueue: 	at android.os.Handler.sendMessageAtTime(Handler.java:718)
11-28 14:27:21.707 10205 10205 W MessageQueue: 	at android.os.Handler.sendMessageDelayed(Handler.java:688)
11-28 14:27:21.707 10205 10205 W MessageQueue: 	at android.os.Handler.post(Handler.java:405)
11-28 14:27:21.707 10205 10205 W MessageQueue: 	at symlab.CloudAR.ARManager.driveFrame(ARManager.java:157)
11-28 14:27:21.707 10205 10205 W MessageQueue: 	at symlab.ARHUD.MainActivity$3.onPreviewFrame(MainActivity.java:297)
11-28 14:27:21.707 10205 10205 W MessageQueue: 	at android.hardware.Camera$EventHandler.handleMessage(Camera.java:1278)
11-28 14:27:21.707 10205 10205 W MessageQueue: 	at android.os.Handler.dispatchMessage(Handler.java:112)
11-28 14:27:21.707 10205 10205 W MessageQueue: 	at android.os.Looper.loop(Looper.java:216)
11-28 14:27:21.707 10205 10205 W MessageQueue: 	at android.app.ActivityThread.main(ActivityThread.java:7579)
11-28 14:27:21.707 10205 10205 W MessageQueue: 	at java.lang.reflect.Method.invoke(Native Method)
11-28 14:27:21.707 10205 10205 W MessageQueue: 	at com.android.internal.os.RuntimeInit$MethodAndArgsCaller.run(RuntimeInit.java:524)
11-28 14:27:21.707 10205 10205 W MessageQueue: 	at com.android.internal.os.ZygoteInit.main(ZygoteInit.java:1034)
11-28 14:27:21.744 10205 10205 W MessageQueue: Handler (android.os.Handler) {4f54b63} sending message to a Handler on a dead thread
11-28 14:27:21.744 10205 10205 W MessageQueue: java.lang.IllegalStateException: Handler (android.os.Handler) {4f54b63} sending message to a Handler on a dead thread
11-28 14:27:21.744 10205 10205 W MessageQueue: 	at android.os.MessageQueue.enqueueMessage(MessageQueue.java:650)
11-28 14:27:21.744 10205 10205 W MessageQueue: 	at android.os.Handler.enqueueMessage(Handler.java:769)
11-28 14:27:21.744 10205 10205 W MessageQueue: 	at android.os.Handler.sendMessageAtTime(Handler.java:718)
11-28 14:27:21.744 10205 10205 W MessageQueue: 	at android.os.Handler.sendMessageDelayed(Handler.java:688)
11-28 14:27:21.744 10205 10205 W MessageQueue: 	at android.os.Handler.post(Handler.java:405)
11-28 14:27:21.744 10205 10205 W MessageQueue: 	at symlab.CloudAR.ARManager.recognizeTime(ARManager.java:152)
11-28 14:27:21.744 10205 10205 W MessageQueue: 	at symlab.ARHUD.MainActivity$3.onPreviewFrame(MainActivity.java:296)
11-28 14:27:21.744 10205 10205 W MessageQueue: 	at android.hardware.Camera$EventHandler.handleMessage(Camera.java:1278)
11-28 14:27:21.744 10205 10205 W MessageQueue: 	at android.os.Handler.dispatchMessage(Handler.java:112)
11-28 14:27:21.744 10205 10205 W MessageQueue: 	at android.os.Looper.loop(Looper.java:216)
11-28 14:27:21.744 10205 10205 W MessageQueue: 	at android.app.ActivityThread.main(ActivityThread.java:7579)
11-28 14:27:21.744 10205 10205 W MessageQueue: 	at java.lang.reflect.Method.invoke(Native Method)
11-28 14:27:21.744 10205 10205 W MessageQueue: 	at com.android.internal.os.RuntimeInit$MethodAndArgsCaller.run(RuntimeInit.java:524)
11-28 14:27:21.744 10205 10205 W MessageQueue: 	at com.android.internal.os.ZygoteInit.main(ZygoteInit.java:1034)
11-28 14:27:21.744 10205 10205 W MessageQueue: Handler (android.os.Handler) {4f54b63} sending message to a Handler on a dead thread
11-28 14:27:21.744 10205 10205 W MessageQueue: java.lang.IllegalStateException: Handler (android.os.Handler) {4f54b63} sending message to a Handler on a dead thread
11-28 14:27:21.744 10205 10205 W MessageQueue: 	at android.os.MessageQueue.enqueueMessage(MessageQueue.java:650)
11-28 14:27:21.744 10205 10205 W MessageQueue: 	at android.os.Handler.enqueueMessage(Handler.java:769)
11-28 14:27:21.744 10205 10205 W MessageQueue: 	at android.os.Handler.sendMessageAtTime(Handler.java:718)
11-28 14:27:21.744 10205 10205 W MessageQueue: 	at android.os.Handler.sendMessageDelayed(Handler.java:688)
11-28 14:27:21.744 10205 10205 W MessageQueue: 	at android.os.Handler.post(Handler.java:405)
11-28 14:27:21.744 10205 10205 W MessageQueue: 	at symlab.CloudAR.ARManager.driveFrame(ARManager.java:157)
11-28 14:27:21.744 10205 10205 W MessageQueue: 	at symlab.ARHUD.MainActivity$3.onPreviewFrame(MainActivity.java:297)
11-28 14:27:21.744 10205 10205 W MessageQueue: 	at android.hardware.Camera$EventHandler.handleMessage(Camera.java:1278)
11-28 14:27:21.744 10205 10205 W MessageQueue: 	at android.os.Handler.dispatchMessage(Handler.java:112)
11-28 14:27:21.744 10205 10205 W MessageQueue: 	at android.os.Looper.loop(Looper.java:216)
11-28 14:27:21.744 10205 10205 W MessageQueue: 	at android.app.ActivityThread.main(ActivityThread.java:7579)
11-28 14:27:21.744 10205 10205 W MessageQueue: 	at java.lang.reflect.Method.invoke(Native Method)
11-28 14:27:21.744 10205 10205 W MessageQueue: 	at com.android.internal.os.RuntimeInit$MethodAndArgsCaller.run(RuntimeInit.java:524)
11-28 14:27:21.744 10205 10205 W MessageQueue: 	at com.android.internal.os.ZygoteInit.main(ZygoteInit.java:1034)
11-28 14:27:21.776 10205 10205 W MessageQueue: Handler (android.os.Handler) {4f54b63} sending message to a Handler on a dead thread
11-28 14:27:21.776 10205 10205 W MessageQueue: java.lang.IllegalStateException: Handler (android.os.Handler) {4f54b63} sending message to a Handler on a dead thread
11-28 14:27:21.776 10205 10205 W MessageQueue: 	at android.os.MessageQueue.enqueueMessage(MessageQueue.java:650)
11-28 14:27:21.776 10205 10205 W MessageQueue: 	at android.os.Handler.enqueueMessage(Handler.java:769)
11-28 14:27:21.776 10205 10205 W MessageQueue: 	at android.os.Handler.sendMessageAtTime(Handler.java:718)
11-28 14:27:21.776 10205 10205 W MessageQueue: 	at android.os.Handler.sendMessageDelayed(Handler.java:688)
11-28 14:27:21.776 10205 10205 W MessageQueue: 	at android.os.Handler.post(Handler.java:405)
11-28 14:27:21.776 10205 10205 W MessageQueue: 	at symlab.CloudAR.ARManager.recognizeTime(ARManager.java:152)
11-28 14:27:21.776 10205 10205 W MessageQueue: 	at symlab.ARHUD.MainActivity$3.onPreviewFrame(MainActivity.java:296)
11-28 14:27:21.776 10205 10205 W MessageQueue: 	at android.hardware.Camera$EventHandler.handleMessage(Camera.java:1278)
11-28 14:27:21.776 10205 10205 W MessageQueue: 	at android.os.Handler.dispatchMessage(Handler.java:112)
11-28 14:27:21.776 10205 10205 W MessageQueue: 	at android.os.Looper.loop(Looper.java:216)
11-28 14:27:21.776 10205 10205 W MessageQueue: 	at android.app.ActivityThread.main(ActivityThread.java:7579)
11-28 14:27:21.776 10205 10205 W MessageQueue: 	at java.lang.reflect.Method.invoke(Native Method)
11-28 14:27:21.776 10205 10205 W MessageQueue: 	at com.android.internal.os.RuntimeInit$MethodAndArgsCaller.run(RuntimeInit.java:524)
11-28 14:27:21.776 10205 10205 W MessageQueue: 	at com.android.internal.os.ZygoteInit.main(ZygoteInit.java:1034)
11-28 14:27:21.777 10205 10205 W MessageQueue: Handler (android.os.Handler) {4f54b63} sending message to a Handler on a dead thread
11-28 14:27:21.777 10205 10205 W MessageQueue: java.lang.IllegalStateException: Handler (android.os.Handler) {4f54b63} sending message to a Handler on a dead thread
11-28 14:27:21.777 10205 10205 W MessageQueue: 	at android.os.MessageQueue.enqueueMessage(MessageQueue.java:650)
11-28 14:27:21.777 10205 10205 W MessageQueue: 	at android.os.Handler.enqueueMessage(Handler.java:769)
11-28 14:27:21.777 10205 10205 W MessageQueue: 	at android.os.Handler.sendMessageAtTime(Handler.java:718)
11-28 14:27:21.777 10205 10205 W MessageQueue: 	at android.os.Handler.sendMessageDelayed(Handler.java:688)
11-28 14:27:21.777 10205 10205 W MessageQueue: 	at android.os.Handler.post(Handler.java:405)
11-28 14:27:21.777 10205 10205 W MessageQueue: 	at symlab.CloudAR.ARManager.driveFrame(ARManager.java:157)
11-28 14:27:21.777 10205 10205 W MessageQueue: 	at symlab.ARHUD.MainActivity$3.onPreviewFrame(MainActivity.java:297)
11-28 14:27:21.777 10205 10205 W MessageQueue: 	at android.hardware.Camera$EventHandler.handleMessage(Camera.java:1278)
11-28 14:27:21.777 10205 10205 W MessageQueue: 	at android.os.Handler.dispatchMessage(Handler.java:112)
11-28 14:27:21.777 10205 10205 W MessageQueue: 	at android.os.Looper.loop(Looper.java:216)
11-28 14:27:21.777 10205 10205 W MessageQueue: 	at android.app.ActivityThread.main(ActivityThread.java:7579)
11-28 14:27:21.777 10205 10205 W MessageQueue: 	at java.lang.reflect.Method.invoke(Native Method)
11-28 14:27:21.777 10205 10205 W MessageQueue: 	at com.android.internal.os.RuntimeInit$MethodAndArgsCaller.run(RuntimeInit.java:524)
11-28 14:27:21.777 10205 10205 W MessageQueue: 	at com.android.internal.os.ZygoteInit.main(ZygoteInit.java:1034)
11-28 14:27:21.816 10205 10205 W MessageQueue: Handler (android.os.Handler) {4f54b63} sending message to a Handler on a dead thread
11-28 14:27:21.816 10205 10205 W MessageQueue: java.lang.IllegalStateException: Handler (android.os.Handler) {4f54b63} sending message to a Handler on a dead thread
11-28 14:27:21.816 10205 10205 W MessageQueue: 	at android.os.MessageQueue.enqueueMessage(MessageQueue.java:650)
11-28 14:27:21.816 10205 10205 W MessageQueue: 	at android.os.Handler.enqueueMessage(Handler.java:769)
11-28 14:27:21.816 10205 10205 W MessageQueue: 	at android.os.Handler.sendMessageAtTime(Handler.java:718)
11-28 14:27:21.816 10205 10205 W MessageQueue: 	at android.os.Handler.sendMessageDelayed(Handler.java:688)
11-28 14:27:21.816 10205 10205 W MessageQueue: 	at android.os.Handler.post(Handler.java:405)
11-28 14:27:21.816 10205 10205 W MessageQueue: 	at symlab.CloudAR.ARManager.recognizeTime(ARManager.java:152)
11-28 14:27:21.816 10205 10205 W MessageQueue: 	at symlab.ARHUD.MainActivity$3.onPreviewFrame(MainActivity.java:296)
11-28 14:27:21.816 10205 10205 W MessageQueue: 	at android.hardware.Camera$EventHandler.handleMessage(Camera.java:1278)
11-28 14:27:21.816 10205 10205 W MessageQueue: 	at android.os.Handler.dispatchMessage(Handler.java:112)
11-28 14:27:21.816 10205 10205 W MessageQueue: 	at android.os.Looper.loop(Looper.java:216)
11-28 14:27:21.816 10205 10205 W MessageQueue: 	at android.app.ActivityThread.main(ActivityThread.java:7579)
11-28 14:27:21.816 10205 10205 W MessageQueue: 	at java.lang.reflect.Method.invoke(Native Method)
11-28 14:27:21.816 10205 10205 W MessageQueue: 	at com.android.internal.os.RuntimeInit$MethodAndArgsCaller.run(RuntimeInit.java:524)
11-28 14:27:21.816 10205 10205 W MessageQueue: 	at com.android.internal.os.ZygoteInit.main(ZygoteInit.java:1034)
11-28 14:27:21.817 10205 10205 W MessageQueue: Handler (android.os.Handler) {4f54b63} sending message to a Handler on a dead thread
11-28 14:27:21.817 10205 10205 W MessageQueue: java.lang.IllegalStateException: Handler (android.os.Handler) {4f54b63} sending message to a Handler on a dead thread
11-28 14:27:21.817 10205 10205 W MessageQueue: 	at android.os.MessageQueue.enqueueMessage(MessageQueue.java:650)
11-28 14:27:21.817 10205 10205 W MessageQueue: 	at android.os.Handler.enqueueMessage(Handler.java:769)
11-28 14:27:21.817 10205 10205 W MessageQueue: 	at android.os.Handler.sendMessageAtTime(Handler.java:718)
11-28 14:27:21.817 10205 10205 W MessageQueue: 	at android.os.Handler.sendMessageDelayed(Handler.java:688)
11-28 14:27:21.817 10205 10205 W MessageQueue: 	at android.os.Handler.post(Handler.java:405)
11-28 14:27:21.817 10205 10205 W MessageQueue: 	at symlab.CloudAR.ARManager.driveFrame(ARManager.java:157)
11-28 14:27:21.817 10205 10205 W MessageQueue: 	at symlab.ARHUD.MainActivity$3.onPreviewFrame(MainActivity.java:297)
11-28 14:27:21.817 10205 10205 W MessageQueue: 	at android.hardware.Camera$EventHandler.handleMessage(Camera.java:1278)
11-28 14:27:21.817 10205 10205 W MessageQueue: 	at android.os.Handler.dispatchMessage(Handler.java:112)
11-28 14:27:21.817 10205 10205 W MessageQueue: 	at android.os.Looper.loop(Looper.java:216)
11-28 14:27:21.817 10205 10205 W MessageQueue: 	at android.app.ActivityThread.main(ActivityThread.java:7579)
11-28 14:27:21.817 10205 10205 W MessageQueue: 	at java.lang.reflect.Method.invoke(Native Method)
11-28 14:27:21.817 10205 10205 W MessageQueue: 	at com.android.internal.os.RuntimeInit$MethodAndArgsCaller.run(RuntimeInit.java:524)
11-28 14:27:21.817 10205 10205 W MessageQueue: 	at com.android.internal.os.ZygoteInit.main(ZygoteInit.java:1034)
11-28 14:27:21.849 10205 10205 W MessageQueue: Handler (android.os.Handler) {4f54b63} sending message to a Handler on a dead thread
11-28 14:27:21.849 10205 10205 W MessageQueue: java.lang.IllegalStateException: Handler (android.os.Handler) {4f54b63} sending message to a Handler on a dead thread
11-28 14:27:21.849 10205 10205 W MessageQueue: 	at android.os.MessageQueue.enqueueMessage(MessageQueue.java:650)
11-28 14:27:21.849 10205 10205 W MessageQueue: 	at android.os.Handler.enqueueMessage(Handler.java:769)
11-28 14:27:21.849 10205 10205 W MessageQueue: 	at android.os.Handler.sendMessageAtTime(Handler.java:718)
11-28 14:27:21.849 10205 10205 W MessageQueue: 	at android.os.Handler.sendMessageDelayed(Handler.java:688)
11-28 14:27:21.849 10205 10205 W MessageQueue: 	at android.os.Handler.post(Handler.java:405)
11-28 14:27:21.849 10205 10205 W MessageQueue: 	at symlab.CloudAR.ARManager.recognizeTime(ARManager.java:152)
11-28 14:27:21.849 10205 10205 W MessageQueue: 	at symlab.ARHUD.MainActivity$3.onPreviewFrame(MainActivity.java:296)
11-28 14:27:21.849 10205 10205 W MessageQueue: 	at android.hardware.Camera$EventHandler.handleMessage(Camera.java:1278)
11-28 14:27:21.849 10205 10205 W MessageQueue: 	at android.os.Handler.dispatchMessage(Handler.java:112)
11-28 14:27:21.849 10205 10205 W MessageQueue: 	at android.os.Looper.loop(Looper.java:216)
11-28 14:27:21.849 10205 10205 W MessageQueue: 	at android.app.ActivityThread.main(ActivityThread.java:7579)
11-28 14:27:21.849 10205 10205 W MessageQueue: 	at java.lang.reflect.Method.invoke(Native Method)
11-28 14:27:21.849 10205 10205 W MessageQueue: 	at com.android.internal.os.RuntimeInit$MethodAndArgsCaller.run(RuntimeInit.java:524)
11-28 14:27:21.849 10205 10205 W MessageQueue: 	at com.android.internal.os.ZygoteInit.main(ZygoteInit.java:1034)
11-28 14:27:21.850 10205 10205 W MessageQueue: Handler (android.os.Handler) {4f54b63} sending message to a Handler on a dead thread
11-28 14:27:21.850 10205 10205 W MessageQueue: java.lang.IllegalStateException: Handler (android.os.Handler) {4f54b63} sending message to a Handler on a dead thread
11-28 14:27:21.850 10205 10205 W MessageQueue: 	at android.os.MessageQueue.enqueueMessage(MessageQueue.java:650)
11-28 14:27:21.850 10205 10205 W MessageQueue: 	at android.os.Handler.enqueueMessage(Handler.java:769)
11-28 14:27:21.850 10205 10205 W MessageQueue: 	at android.os.Handler.sendMessageAtTime(Handler.java:718)
11-28 14:27:21.850 10205 10205 W MessageQueue: 	at android.os.Handler.sendMessageDelayed(Handler.java:688)
11-28 14:27:21.850 10205 10205 W MessageQueue: 	at android.os.Handler.post(Handler.java:405)
11-28 14:27:21.850 10205 10205 W MessageQueue: 	at symlab.CloudAR.ARManager.driveFrame(ARManager.java:157)
11-28 14:27:21.850 10205 10205 W MessageQueue: 	at symlab.ARHUD.MainActivity$3.onPreviewFrame(MainActivity.java:297)
11-28 14:27:21.850 10205 10205 W MessageQueue: 	at android.hardware.Camera$EventHandler.handleMessage(Camera.java:1278)
11-28 14:27:21.850 10205 10205 W MessageQueue: 	at android.os.Handler.dispatchMessage(Handler.java:112)
11-28 14:27:21.850 10205 10205 W MessageQueue: 	at android.os.Looper.loop(Looper.java:216)
11-28 14:27:21.850 10205 10205 W MessageQueue: 	at android.app.ActivityThread.main(ActivityThread.java:7579)
11-28 14:27:21.850 10205 10205 W MessageQueue: 	at java.lang.reflect.Method.invoke(Native Method)
11-28 14:27:21.850 10205 10205 W MessageQueue: 	at com.android.internal.os.RuntimeInit$MethodAndArgsCaller.run(RuntimeInit.java:524)
11-28 14:27:21.850 10205 10205 W MessageQueue: 	at com.android.internal.os.ZygoteInit.main(ZygoteInit.java:1034)
11-28 14:27:21.883 10205 10205 W MessageQueue: Handler (android.os.Handler) {4f54b63} sending message to a Handler on a dead thread
11-28 14:27:21.883 10205 10205 W MessageQueue: java.lang.IllegalStateException: Handler (android.os.Handler) {4f54b63} sending message to a Handler on a dead thread
11-28 14:27:21.883 10205 10205 W MessageQueue: 	at android.os.MessageQueue.enqueueMessage(MessageQueue.java:650)
11-28 14:27:21.883 10205 10205 W MessageQueue: 	at android.os.Handler.enqueueMessage(Handler.java:769)
11-28 14:27:21.883 10205 10205 W MessageQueue: 	at android.os.Handler.sendMessageAtTime(Handler.java:718)
11-28 14:27:21.883 10205 10205 W MessageQueue: 	at android.os.Handler.sendMessageDelayed(Handler.java:688)
11-28 14:27:21.883 10205 10205 W MessageQueue: 	at android.os.Handler.post(Handler.java:405)
11-28 14:27:21.883 10205 10205 W MessageQueue: 	at symlab.CloudAR.ARManager.recognizeTime(ARManager.java:152)
11-28 14:27:21.883 10205 10205 W MessageQueue: 	at symlab.ARHUD.MainActivity$3.onPreviewFrame(MainActivity.java:296)
11-28 14:27:21.883 10205 10205 W MessageQueue: 	at android.hardware.Camera$EventHandler.handleMessage(Camera.java:1278)
11-28 14:27:21.883 10205 10205 W MessageQueue: 	at android.os.Handler.dispatchMessage(Handler.java:112)
11-28 14:27:21.883 10205 10205 W MessageQueue: 	at android.os.Looper.loop(Looper.java:216)
11-28 14:27:21.883 10205 10205 W MessageQueue: 	at android.app.ActivityThread.main(ActivityThread.java:7579)
11-28 14:27:21.883 10205 10205 W MessageQueue: 	at java.lang.reflect.Method.invoke(Native Method)
11-28 14:27:21.883 10205 10205 W MessageQueue: 	at com.android.internal.os.RuntimeInit$MethodAndArgsCaller.run(RuntimeInit.java:524)
11-28 14:27:21.883 10205 10205 W MessageQueue: 	at com.android.internal.os.ZygoteInit.main(ZygoteInit.java:1034)
11-28 14:27:21.884 10205 10205 W MessageQueue: Handler (android.os.Handler) {4f54b63} sending message to a Handler on a dead thread
11-28 14:27:21.884 10205 10205 W MessageQueue: java.lang.IllegalStateException: Handler (android.os.Handler) {4f54b63} sending message to a Handler on a dead thread
11-28 14:27:21.884 10205 10205 W MessageQueue: 	at android.os.MessageQueue.enqueueMessage(MessageQueue.java:650)
11-28 14:27:21.884 10205 10205 W MessageQueue: 	at android.os.Handler.enqueueMessage(Handler.java:769)
11-28 14:27:21.884 10205 10205 W MessageQueue: 	at android.os.Handler.sendMessageAtTime(Handler.java:718)
11-28 14:27:21.884 10205 10205 W MessageQueue: 	at android.os.Handler.sendMessageDelayed(Handler.java:688)
11-28 14:27:21.884 10205 10205 W MessageQueue: 	at android.os.Handler.post(Handler.java:405)
11-28 14:27:21.884 10205 10205 W MessageQueue: 	at symlab.CloudAR.ARManager.driveFrame(ARManager.java:157)
11-28 14:27:21.884 10205 10205 W MessageQueue: 	at symlab.ARHUD.MainActivity$3.onPreviewFrame(MainActivity.java:297)
11-28 14:27:21.884 10205 10205 W MessageQueue: 	at android.hardware.Camera$EventHandler.handleMessage(Camera.java:1278)
11-28 14:27:21.884 10205 10205 W MessageQueue: 	at android.os.Handler.dispatchMessage(Handler.java:112)
11-28 14:27:21.884 10205 10205 W MessageQueue: 	at android.os.Looper.loop(Looper.java:216)
11-28 14:27:21.884 10205 10205 W MessageQueue: 	at android.app.ActivityThread.main(ActivityThread.java:7579)
11-28 14:27:21.884 10205 10205 W MessageQueue: 	at java.lang.reflect.Method.invoke(Native Method)
11-28 14:27:21.884 10205 10205 W MessageQueue: 	at com.android.internal.os.RuntimeInit$MethodAndArgsCaller.run(RuntimeInit.java:524)
11-28 14:27:21.884 10205 10205 W MessageQueue: 	at com.android.internal.os.ZygoteInit.main(ZygoteInit.java:1034)
11-28 14:27:21.920 10205 10205 W MessageQueue: Handler (android.os.Handler) {4f54b63} sending message to a Handler on a dead thread
11-28 14:27:21.920 10205 10205 W MessageQueue: java.lang.IllegalStateException: Handler (android.os.Handler) {4f54b63} sending message to a Handler on a dead thread
11-28 14:27:21.920 10205 10205 W MessageQueue: 	at android.os.MessageQueue.enqueueMessage(MessageQueue.java:650)
11-28 14:27:21.920 10205 10205 W MessageQueue: 	at android.os.Handler.enqueueMessage(Handler.java:769)
11-28 14:27:21.920 10205 10205 W MessageQueue: 	at android.os.Handler.sendMessageAtTime(Handler.java:718)
11-28 14:27:21.920 10205 10205 W MessageQueue: 	at android.os.Handler.sendMessageDelayed(Handler.java:688)
11-28 14:27:21.920 10205 10205 W MessageQueue: 	at android.os.Handler.post(Handler.java:405)
11-28 14:27:21.920 10205 10205 W MessageQueue: 	at symlab.CloudAR.ARManager.recognizeTime(ARManager.java:152)
11-28 14:27:21.920 10205 10205 W MessageQueue: 	at symlab.ARHUD.MainActivity$3.onPreviewFrame(MainActivity.java:296)
11-28 14:27:21.920 10205 10205 W MessageQueue: 	at android.hardware.Camera$EventHandler.handleMessage(Camera.java:1278)
11-28 14:27:21.920 10205 10205 W MessageQueue: 	at android.os.Handler.dispatchMessage(Handler.java:112)
11-28 14:27:21.920 10205 10205 W MessageQueue: 	at android.os.Looper.loop(Looper.java:216)
11-28 14:27:21.920 10205 10205 W MessageQueue: 	at android.app.ActivityThread.main(ActivityThread.java:7579)
11-28 14:27:21.920 10205 10205 W MessageQueue: 	at java.lang.reflect.Method.invoke(Native Method)
11-28 14:27:21.920 10205 10205 W MessageQueue: 	at com.android.internal.os.RuntimeInit$MethodAndArgsCaller.run(RuntimeInit.java:524)
11-28 14:27:21.920 10205 10205 W MessageQueue: 	at com.android.internal.os.ZygoteInit.main(ZygoteInit.java:1034)
11-28 14:27:21.921 10205 10205 W MessageQueue: Handler (android.os.Handler) {4f54b63} sending message to a Handler on a dead thread
11-28 14:27:21.921 10205 10205 W MessageQueue: java.lang.IllegalStateException: Handler (android.os.Handler) {4f54b63} sending message to a Handler on a dead thread
11-28 14:27:21.921 10205 10205 W MessageQueue: 	at android.os.MessageQueue.enqueueMessage(MessageQueue.java:650)
11-28 14:27:21.921 10205 10205 W MessageQueue: 	at android.os.Handler.enqueueMessage(Handler.java:769)
11-28 14:27:21.921 10205 10205 W MessageQueue: 	at android.os.Handler.sendMessageAtTime(Handler.java:718)
11-28 14:27:21.921 10205 10205 W MessageQueue: 	at android.os.Handler.sendMessageDelayed(Handler.java:688)
11-28 14:27:21.921 10205 10205 W MessageQueue: 	at android.os.Handler.post(Handler.java:405)
11-28 14:27:21.921 10205 10205 W MessageQueue: 	at symlab.CloudAR.ARManager.driveFrame(ARManager.java:157)
11-28 14:27:21.921 10205 10205 W MessageQueue: 	at symlab.ARHUD.MainActivity$3.onPreviewFrame(MainActivity.java:297)
11-28 14:27:21.921 10205 10205 W MessageQueue: 	at android.hardware.Camera$EventHandler.handleMessage(Camera.java:1278)
11-28 14:27:21.921 10205 10205 W MessageQueue: 	at android.os.Handler.dispatchMessage(Handler.java:112)
11-28 14:27:21.921 10205 10205 W MessageQueue: 	at android.os.Looper.loop(Looper.java:216)
11-28 14:27:21.921 10205 10205 W MessageQueue: 	at android.app.ActivityThread.main(ActivityThread.java:7579)
11-28 14:27:21.921 10205 10205 W MessageQueue: 	at java.lang.reflect.Method.invoke(Native Method)
11-28 14:27:21.921 10205 10205 W MessageQueue: 	at com.android.internal.os.RuntimeInit$MethodAndArgsCaller.run(RuntimeInit.java:524)
11-28 14:27:21.921 10205 10205 W MessageQueue: 	at com.android.internal.os.ZygoteInit.main(ZygoteInit.java:1034)
11-28 14:27:21.953 10205 10205 W MessageQueue: Handler (android.os.Handler) {4f54b63} sending message to a Handler on a dead thread
11-28 14:27:21.953 10205 10205 W MessageQueue: java.lang.IllegalStateException: Handler (android.os.Handler) {4f54b63} sending message to a Handler on a dead thread
11-28 14:27:21.953 10205 10205 W MessageQueue: 	at android.os.MessageQueue.enqueueMessage(MessageQueue.java:650)
11-28 14:27:21.953 10205 10205 W MessageQueue: 	at android.os.Handler.enqueueMessage(Handler.java:769)
11-28 14:27:21.953 10205 10205 W MessageQueue: 	at android.os.Handler.sendMessageAtTime(Handler.java:718)
11-28 14:27:21.953 10205 10205 W MessageQueue: 	at android.os.Handler.sendMessageDelayed(Handler.java:688)
11-28 14:27:21.953 10205 10205 W MessageQueue: 	at android.os.Handler.post(Handler.java:405)
11-28 14:27:21.953 10205 10205 W MessageQueue: 	at symlab.CloudAR.ARManager.recognizeTime(ARManager.java:152)
11-28 14:27:21.953 10205 10205 W MessageQueue: 	at symlab.ARHUD.MainActivity$3.onPreviewFrame(MainActivity.java:296)
11-28 14:27:21.953 10205 10205 W MessageQueue: 	at android.hardware.Camera$EventHandler.handleMessage(Camera.java:1278)
11-28 14:27:21.953 10205 10205 W MessageQueue: 	at android.os.Handler.dispatchMessage(Handler.java:112)
11-28 14:27:21.953 10205 10205 W MessageQueue: 	at android.os.Looper.loop(Looper.java:216)
11-28 14:27:21.953 10205 10205 W MessageQueue: 	at android.app.ActivityThread.main(ActivityThread.java:7579)
11-28 14:27:21.953 10205 10205 W MessageQueue: 	at java.lang.reflect.Method.invoke(Native Method)
11-28 14:27:21.953 10205 10205 W MessageQueue: 	at com.android.internal.os.RuntimeInit$MethodAndArgsCaller.run(RuntimeInit.java:524)
11-28 14:27:21.953 10205 10205 W MessageQueue: 	at com.android.internal.os.ZygoteInit.main(ZygoteInit.java:1034)
11-28 14:27:21.954 10205 10205 W MessageQueue: Handler (android.os.Handler) {4f54b63} sending message to a Handler on a dead thread
11-28 14:27:21.954 10205 10205 W MessageQueue: java.lang.IllegalStateException: Handler (android.os.Handler) {4f54b63} sending message to a Handler on a dead thread
11-28 14:27:21.954 10205 10205 W MessageQueue: 	at android.os.MessageQueue.enqueueMessage(MessageQueue.java:650)
11-28 14:27:21.954 10205 10205 W MessageQueue: 	at android.os.Handler.enqueueMessage(Handler.java:769)
11-28 14:27:21.954 10205 10205 W MessageQueue: 	at android.os.Handler.sendMessageAtTime(Handler.java:718)
11-28 14:27:21.954 10205 10205 W MessageQueue: 	at android.os.Handler.sendMessageDelayed(Handler.java:688)
11-28 14:27:21.954 10205 10205 W MessageQueue: 	at android.os.Handler.post(Handler.java:405)
11-28 14:27:21.954 10205 10205 W MessageQueue: 	at symlab.CloudAR.ARManager.driveFrame(ARManager.java:157)
11-28 14:27:21.954 10205 10205 W MessageQueue: 	at symlab.ARHUD.MainActivity$3.onPreviewFrame(MainActivity.java:297)
11-28 14:27:21.954 10205 10205 W MessageQueue: 	at android.hardware.Camera$EventHandler.handleMessage(Camera.java:1278)
11-28 14:27:21.954 10205 10205 W MessageQueue: 	at android.os.Handler.dispatchMessage(Handler.java:112)
11-28 14:27:21.954 10205 10205 W MessageQueue: 	at android.os.Looper.loop(Looper.java:216)
11-28 14:27:21.954 10205 10205 W MessageQueue: 	at android.app.ActivityThread.main(ActivityThread.java:7579)
11-28 14:27:21.954 10205 10205 W MessageQueue: 	at java.lang.reflect.Method.invoke(Native Method)
11-28 14:27:21.954 10205 10205 W MessageQueue: 	at com.android.internal.os.RuntimeInit$MethodAndArgsCaller.run(RuntimeInit.java:524)
11-28 14:27:21.954 10205 10205 W MessageQueue: 	at com.android.internal.os.ZygoteInit.main(ZygoteInit.java:1034)
11-28 14:27:21.988 10205 10205 W MessageQueue: Handler (android.os.Handler) {4f54b63} sending message to a Handler on a dead thread
11-28 14:27:21.988 10205 10205 W MessageQueue: java.lang.IllegalStateException: Handler (android.os.Handler) {4f54b63} sending message to a Handler on a dead thread
11-28 14:27:21.988 10205 10205 W MessageQueue: 	at android.os.MessageQueue.enqueueMessage(MessageQueue.java:650)
11-28 14:27:21.988 10205 10205 W MessageQueue: 	at android.os.Handler.enqueueMessage(Handler.java:769)
11-28 14:27:21.988 10205 10205 W MessageQueue: 	at android.os.Handler.sendMessageAtTime(Handler.java:718)
11-28 14:27:21.988 10205 10205 W MessageQueue: 	at android.os.Handler.sendMessageDelayed(Handler.java:688)
11-28 14:27:21.988 10205 10205 W MessageQueue: 	at android.os.Handler.post(Handler.java:405)
11-28 14:27:21.988 10205 10205 W MessageQueue: 	at symlab.CloudAR.ARManager.recognizeTime(ARManager.java:152)
11-28 14:27:21.988 10205 10205 W MessageQueue: 	at symlab.ARHUD.MainActivity$3.onPreviewFrame(MainActivity.java:296)
11-28 14:27:21.988 10205 10205 W MessageQueue: 	at android.hardware.Camera$EventHandler.handleMessage(Camera.java:1278)
11-28 14:27:21.988 10205 10205 W MessageQueue: 	at android.os.Handler.dispatchMessage(Handler.java:112)
11-28 14:27:21.988 10205 10205 W MessageQueue: 	at android.os.Looper.loop(Looper.java:216)
11-28 14:27:21.988 10205 10205 W MessageQueue: 	at android.app.ActivityThread.main(ActivityThread.java:7579)
11-28 14:27:21.988 10205 10205 W MessageQueue: 	at java.lang.reflect.Method.invoke(Native Method)
