11-28 14:42:41.954 12548 12600 D Evaluation: 4 res for frame 400 received at 1574944961954
11-28 14:42:41.986 12548 12600 D Evaluation: 4 res for frame 401 received at 1574944961986
11-28 14:42:42.021 12548 12600 D Evaluation: 3 res for frame 402 received at 1574944962021
11-28 14:42:42.056 12548 12600 D Evaluation: 4 res for frame 403 received at 1574944962056
11-28 14:42:42.090 12548 12600 D Evaluation: 3 res for frame 404 received at 1574944962090
11-28 14:42:42.120 12548 12600 D Evaluation: 4 res for frame 405 received at 1574944962120
11-28 14:42:42.156 12548 12600 D Evaluation: 4 res for frame 406 received at 1574944962156
11-28 14:42:42.186 12548 12600 D Evaluation: 4 res for frame 407 received at 1574944962186
11-28 14:42:42.221 12548 12600 D Evaluation: 4 res for frame 408 received at 1574944962221
11-28 14:42:42.253 12548 12563 E         : [ZeroHung]zrhung_get_config: Get config failed for wp[0x0008]
11-28 14:42:42.256 12548 12600 D Evaluation: 3 res for frame 409 received at 1574944962256
11-28 14:42:42.276 12548 12561 W System  : A resource failed to call close. 
11-28 14:42:42.276 12548 12561 W System  : A resource failed to call close. 
11-28 14:42:42.281 12548 12561 I chatty  : uid=10150(symlab.cloudridar.arhud) FinalizerDaemon identical 64 lines
11-28 14:42:42.281 12548 12561 W System  : A resource failed to call close. 
11-28 14:42:42.298 12548 12600 D Evaluation: 3 res for frame 410 received at 1574944962298
11-28 14:42:42.329 12548 12600 D Evaluation: 3 res for frame 411 received at 1574944962329
11-28 14:42:42.356 12548 12600 D Evaluation: 3 res for frame 412 received at 1574944962356
11-28 14:42:42.394 12548 12600 D Evaluation: 4 res for frame 413 received at 1574944962394
11-28 14:42:42.424 12548 12600 D Evaluation: 4 res for frame 414 received at 1574944962424
11-28 14:42:42.458 12548 12600 D Evaluation: 5 res for frame 415 received at 1574944962458
11-28 14:42:42.491 12548 12600 D Evaluation: 3 res for frame 416 received at 1574944962491
11-28 14:42:42.521 12548 12600 D Evaluation: 1 res for frame 417 received at 1574944962521
11-28 14:42:42.558 12548 12600 D Evaluation: 0 res for frame 418 received at 1574944962558
11-28 14:42:42.590 12548 12600 D Evaluation: 0 res for frame 419 received at 1574944962590
11-28 14:42:42.623 12548 12600 D Evaluation: 0 res for frame 420 received at 1574944962623
11-28 14:42:42.655 12548 12600 D Evaluation: 0 res for frame 421 received at 1574944962655
11-28 14:42:42.691 12548 12600 D Evaluation: 0 res for frame 422 received at 1574944962691
11-28 14:42:42.761 12548 12600 D Evaluation: 0 res for frame 423 received at 1574944962761
11-28 14:42:42.794 12548 12600 D Evaluation: 0 res for frame 424 received at 1574944962793
11-28 14:42:42.825 12548 12600 D Evaluation: 0 res for frame 425 received at 1574944962825
11-28 14:42:42.868 12548 12600 D Evaluation: 0 res for frame 426 received at 1574944962868
11-28 14:42:42.888 12548 12600 D Evaluation: 0 res for frame 427 received at 1574944962888
11-28 14:42:42.925 12548 12600 D Evaluation: 0 res for frame 428 received at 1574944962925
11-28 14:42:42.963 12548 12600 D Evaluation: 0 res for frame 429 received at 1574944962963
11-28 14:42:42.997 12548 12600 D Evaluation: 0 res for frame 430 received at 1574944962997
11-28 14:42:43.030 12548 12600 D Evaluation: 0 res for frame 431 received at 1574944963030
11-28 14:42:43.059 12548 12600 D Evaluation: 1 res for frame 432 received at 1574944963059
11-28 14:42:43.092 12548 12600 D Evaluation: 0 res for frame 433 received at 1574944963092
11-28 14:42:43.129 12548 12600 D Evaluation: 0 res for frame 434 received at 1574944963129
11-28 14:42:43.165 12548 12600 D Evaluation: 0 res for frame 435 received at 1574944963165
11-28 14:42:43.194 12548 12600 D Evaluation: 0 res for frame 436 received at 1574944963193
11-28 14:42:43.229 12548 12600 D Evaluation: 0 res for frame 437 received at 1574944963229
11-28 14:42:43.261 12548 12600 D Evaluation: 0 res for frame 438 received at 1574944963261
11-28 14:42:43.298 12548 12600 D Evaluation: 0 res for frame 439 received at 1574944963298
11-28 14:42:43.334 12548 12600 D Evaluation: 1 res for frame 440 received at 1574944963334
11-28 14:42:43.362 12548 12600 D Evaluation: 0 res for frame 441 received at 1574944963362
11-28 14:42:43.398 12548 12600 D Evaluation: 0 res for frame 442 received at 1574944963398
11-28 14:42:43.426 12548 12563 E         : [ZeroHung]zrhung_get_config: Get config failed for wp[0x0008]
11-28 14:42:43.429 12548 12600 D Evaluation: 0 res for frame 443 received at 1574944963429
11-28 14:42:43.445 12548 12561 W System  : A resource failed to call close. 
11-28 14:42:43.449 12548 12561 I chatty  : uid=10150(symlab.cloudridar.arhud) FinalizerDaemon identical 66 lines
11-28 14:42:43.449 12548 12561 W System  : A resource failed to call close. 
11-28 14:42:43.467 12548 12600 D Evaluation: 0 res for frame 444 received at 1574944963467
11-28 14:42:43.497 12548 12600 D Evaluation: 0 res for frame 445 received at 1574944963497
11-28 14:42:43.529 12548 12600 D Evaluation: 0 res for frame 446 received at 1574944963529
11-28 14:42:43.562 12548 12600 D Evaluation: 0 res for frame 447 received at 1574944963562
11-28 14:42:43.596 12548 12600 D Evaluation: 0 res for frame 448 received at 1574944963596
11-28 14:42:43.634 12548 12600 D Evaluation: 0 res for frame 449 received at 1574944963634
11-28 14:42:43.676 12548 12600 D Evaluation: 1 res for frame 450 received at 1574944963676
11-28 14:42:43.698 12548 12600 D Evaluation: 1 res for frame 451 received at 1574944963698
11-28 14:42:43.735 12548 12600 D Evaluation: 0 res for frame 452 received at 1574944963735
11-28 14:42:43.769 12548 12600 D Evaluation: 0 res for frame 453 received at 1574944963768
11-28 14:42:43.799 12548 12600 D Evaluation: 1 res for frame 454 received at 1574944963799
11-28 14:42:43.835 12548 12600 D Evaluation: 1 res for frame 455 received at 1574944963835
11-28 14:42:43.866 12548 12600 D Evaluation: 1 res for frame 456 received at 1574944963866
11-28 14:42:43.898 12548 12600 D Evaluation: 0 res for frame 457 received at 1574944963898
11-28 14:42:43.933 12548 12600 D Evaluation: 0 res for frame 458 received at 1574944963933
11-28 14:42:43.970 12548 12600 D Evaluation: 0 res for frame 459 received at 1574944963970
11-28 14:42:44.004 12548 12600 D Evaluation: 0 res for frame 460 received at 1574944964004
11-28 14:42:44.036 12548 12600 D Evaluation: 0 res for frame 461 received at 1574944964036
11-28 14:42:44.070 12548 12600 D Evaluation: 0 res for frame 462 received at 1574944964070
11-28 14:42:44.104 12548 12600 D Evaluation: 0 res for frame 463 received at 1574944964104
11-28 14:42:44.137 12548 12600 D Evaluation: 0 res for frame 464 received at 1574944964137
11-28 14:42:44.175 12548 12600 D Evaluation: 1 res for frame 465 received at 1574944964175
11-28 14:42:44.212 12548 12600 D Evaluation: 0 res for frame 466 received at 1574944964212
11-28 14:42:44.226 12548 12548 W HiTouch_PressGestureDetector: Touch pointer move a lot. The moving distance of X is:121.9458, limit is:60The moving distance of Y is:56.947266, limit is:60
11-28 14:42:44.239 12548 12600 D Evaluation: 0 res for frame 467 received at 1574944964239
11-28 14:42:44.270 12548 12600 D Evaluation: 0 res for frame 468 received at 1574944964270
11-28 14:42:44.304 12548 12600 D Evaluation: 1 res for frame 469 received at 1574944964304
11-28 14:42:44.338 12548 12600 D Evaluation: 0 res for frame 470 received at 1574944964338
11-28 14:42:44.373 12548 12600 D Evaluation: 0 res for frame 471 received at 1574944964373
11-28 14:42:44.405 12548 12600 D Evaluation: 0 res for frame 472 received at 1574944964405
11-28 14:42:44.439 12548 12600 D Evaluation: 0 res for frame 473 received at 1574944964439
11-28 14:42:44.473 12548 12563 E         : [ZeroHung]zrhung_get_config: Get config failed for wp[0x0008]
11-28 14:42:44.473 12548 12600 D Evaluation: 0 res for frame 474 received at 1574944964473
11-28 14:42:44.492 12548 12561 W System  : A resource failed to call close. 
11-28 14:42:44.493 12548 12561 W System  : A resource failed to call close. 
11-28 14:42:44.496 12548 12561 I chatty  : uid=10150(symlab.cloudridar.arhud) FinalizerDaemon identical 61 lines
11-28 14:42:44.496 12548 12561 W System  : A resource failed to call close. 
11-28 14:42:44.507 12548 12600 D Evaluation: 0 res for frame 475 received at 1574944964507
11-28 14:42:44.535 12548 12600 D Evaluation: 0 res for frame 476 received at 1574944964535
11-28 14:42:44.573 12548 12600 D Evaluation: 0 res for frame 477 received at 1574944964573
11-28 14:42:44.604 12548 12600 D Evaluation: 0 res for frame 478 received at 1574944964604
11-28 14:42:44.641 12548 12600 D Evaluation: 0 res for frame 479 received at 1574944964641
11-28 14:42:44.673 12548 12600 D Evaluation: 0 res for frame 480 received at 1574944964673
11-28 14:42:44.719 12548 12600 D Evaluation: 0 res for frame 481 received at 1574944964719
11-28 14:42:44.791 12548 12600 D Evaluation: 0 res for frame 482 received at 1574944964791
11-28 14:42:44.797 12548 12548 I Poster  :  onPause() called.
11-28 14:42:44.804 12548 12600 D Evaluation: 0 res for frame 483 received at 1574944964804
11-28 14:42:44.865 12548 12548 I Camera  : close camera: 0, package name: symlab.cloudridar.arhud
11-28 14:42:44.865 12548 12548 I BackgroundPermManager: pkgName: symlab.cloudridar.arhud,pid: 12548 ,uidOf3RdApk: 10150 ,permType: 0 ,permCfg: 0
11-28 14:42:44.869 12548 12548 I HwCameraUtil: notifySurfaceFlingerCameraStatus : isFront = false , isOpend = false
11-28 14:42:44.943 12548 12548 D ZrHung.AppEyeUiProbe: stop checker.
11-28 14:42:44.957 12548 12548 I Poster  :  surfaceDestroyed() called.
11-28 14:42:44.959 12548 12548 D ViewRootImpl[MainActivity]: surface should not be released
11-28 14:42:44.961 12548 12548 I Poster  :  onStop() called.
11-28 14:42:44.986 12548 12622 W libEGL  : EGLNativeWindowType 0xe3470008 disconnect failed
11-28 14:42:45.619 12548 12586 D ZrHung.AppEyeUiProbe: Current Activity:false
11-28 14:42:45.619 12548 12586 D ZrHung.AppEyeUiProbe: not watching, wait.
11-28 14:42:46.518 12548 12548 I Poster  :  onDestroy() called.
11-28 14:42:46.518 12548 12548 D ActivityThread: Remove activity client record, r= ActivityRecord{dcc1e30 token=android.os.BinderProxy@753abfb {symlab.cloudridar.arhud/symlab.ARHUD.MainActivity}} token= android.os.BinderProxy@753abfb
