11-28 14:06:01.244  9447  9493 W System.err: 	at android.os.Looper.loop(Looper.java:216)
11-28 14:06:01.244  9447  9493 W System.err: 	at android.os.HandlerThread.run(HandlerThread.java:65)
11-28 14:06:01.274  9447  9493 W System.err: java.net.SocketException: Message too long
11-28 14:06:01.274  9447  9493 W System.err: 	at sun.nio.ch.DatagramChannelImpl.send0(Native Method)
11-28 14:06:01.274  9447  9493 W System.err: 	at sun.nio.ch.DatagramChannelImpl.sendFromNativeBuffer(DatagramChannelImpl.java:573)
11-28 14:06:01.274  9447  9493 W System.err: 	at sun.nio.ch.DatagramChannelImpl.send(DatagramChannelImpl.java:550)
11-28 14:06:01.274  9447  9493 W System.err: 	at sun.nio.ch.DatagramChannelImpl.send(DatagramChannelImpl.java:514)
11-28 14:06:01.274  9447  9493 W System.err: 	at symlab.CloudAR.network.TransmissionTask.run(TransmissionTask.java:138)
11-28 14:06:01.274  9447  9493 W System.err: 	at android.os.Handler.handleCallback(Handler.java:907)
11-28 14:06:01.274  9447  9493 W System.err: 	at android.os.Handler.dispatchMessage(Handler.java:105)
11-28 14:06:01.274  9447  9493 W System.err: 	at android.os.Looper.loop(Looper.java:216)
11-28 14:06:01.274  9447  9493 W System.err: 	at android.os.HandlerThread.run(HandlerThread.java:65)
11-28 14:06:01.306  9447  9493 W System.err: java.net.SocketException: Message too long
11-28 14:06:01.306  9447  9493 W System.err: 	at sun.nio.ch.DatagramChannelImpl.send0(Native Method)
11-28 14:06:01.306  9447  9493 W System.err: 	at sun.nio.ch.DatagramChannelImpl.sendFromNativeBuffer(DatagramChannelImpl.java:573)
11-28 14:06:01.306  9447  9493 W System.err: 	at sun.nio.ch.DatagramChannelImpl.send(DatagramChannelImpl.java:550)
11-28 14:06:01.306  9447  9493 W System.err: 	at sun.nio.ch.DatagramChannelImpl.send(DatagramChannelImpl.java:514)
11-28 14:06:01.306  9447  9493 W System.err: 	at symlab.CloudAR.network.TransmissionTask.run(TransmissionTask.java:138)
11-28 14:06:01.306  9447  9493 W System.err: 	at android.os.Handler.handleCallback(Handler.java:907)
11-28 14:06:01.306  9447  9493 W System.err: 	at android.os.Handler.dispatchMessage(Handler.java:105)
11-28 14:06:01.306  9447  9493 W System.err: 	at android.os.Looper.loop(Looper.java:216)
11-28 14:06:01.306  9447  9493 W System.err: 	at android.os.HandlerThread.run(HandlerThread.java:65)
11-28 14:06:01.342  9447  9493 W System.err: java.net.SocketException: Message too long
11-28 14:06:01.342  9447  9493 W System.err: 	at sun.nio.ch.DatagramChannelImpl.send0(Native Method)
11-28 14:06:01.342  9447  9493 W System.err: 	at sun.nio.ch.DatagramChannelImpl.sendFromNativeBuffer(DatagramChannelImpl.java:573)
11-28 14:06:01.342  9447  9493 W System.err: 	at sun.nio.ch.DatagramChannelImpl.send(DatagramChannelImpl.java:550)
11-28 14:06:01.342  9447  9493 W System.err: 	at sun.nio.ch.DatagramChannelImpl.send(DatagramChannelImpl.java:514)
11-28 14:06:01.343  9447  9493 W System.err: 	at symlab.CloudAR.network.TransmissionTask.run(TransmissionTask.java:138)
11-28 14:06:01.343  9447  9493 W System.err: 	at android.os.Handler.handleCallback(Handler.java:907)
11-28 14:06:01.343  9447  9493 W System.err: 	at android.os.Handler.dispatchMessage(Handler.java:105)
11-28 14:06:01.343  9447  9493 W System.err: 	at android.os.Looper.loop(Looper.java:216)
11-28 14:06:01.343  9447  9493 W System.err: 	at android.os.HandlerThread.run(HandlerThread.java:65)
11-28 14:06:01.375  9447  9493 W System.err: java.net.SocketException: Message too long
11-28 14:06:01.376  9447  9493 W System.err: 	at sun.nio.ch.DatagramChannelImpl.send0(Native Method)
11-28 14:06:01.376  9447  9493 W System.err: 	at sun.nio.ch.DatagramChannelImpl.sendFromNativeBuffer(DatagramChannelImpl.java:573)
11-28 14:06:01.376  9447  9493 W System.err: 	at sun.nio.ch.DatagramChannelImpl.send(DatagramChannelImpl.java:550)
11-28 14:06:01.376  9447  9493 W System.err: 	at sun.nio.ch.DatagramChannelImpl.send(DatagramChannelImpl.java:514)
11-28 14:06:01.376  9447  9493 W System.err: 	at symlab.CloudAR.network.TransmissionTask.run(TransmissionTask.java:138)
11-28 14:06:01.376  9447  9493 W System.err: 	at android.os.Handler.handleCallback(Handler.java:907)
11-28 14:06:01.376  9447  9493 W System.err: 	at android.os.Handler.dispatchMessage(Handler.java:105)
11-28 14:06:01.376  9447  9493 W System.err: 	at android.os.Looper.loop(Looper.java:216)
11-28 14:06:01.376  9447  9493 W System.err: 	at android.os.HandlerThread.run(HandlerThread.java:65)
11-28 14:06:01.429  9447  9493 W System.err: java.net.SocketException: Message too long
11-28 14:06:01.429  9447  9493 W System.err: 	at sun.nio.ch.DatagramChannelImpl.send0(Native Method)
11-28 14:06:01.429  9447  9493 W System.err: 	at sun.nio.ch.DatagramChannelImpl.sendFromNativeBuffer(DatagramChannelImpl.java:573)
11-28 14:06:01.429  9447  9493 W System.err: 	at sun.nio.ch.DatagramChannelImpl.send(DatagramChannelImpl.java:550)
11-28 14:06:01.429  9447  9493 W System.err: 	at sun.nio.ch.DatagramChannelImpl.send(DatagramChannelImpl.java:514)
11-28 14:06:01.429  9447  9493 W System.err: 	at symlab.CloudAR.network.TransmissionTask.run(TransmissionTask.java:138)
11-28 14:06:01.430  9447  9493 W System.err: 	at android.os.Handler.handleCallback(Handler.java:907)
11-28 14:06:01.430  9447  9493 W System.err: 	at android.os.Handler.dispatchMessage(Handler.java:105)
11-28 14:06:01.430  9447  9493 W System.err: 	at android.os.Looper.loop(Looper.java:216)
11-28 14:06:01.430  9447  9493 W System.err: 	at android.os.HandlerThread.run(HandlerThread.java:65)
11-28 14:06:01.449  9447  9493 W System.err: java.net.SocketException: Message too long
11-28 14:06:01.449  9447  9493 W System.err: 	at sun.nio.ch.DatagramChannelImpl.send0(Native Method)
11-28 14:06:01.449  9447  9493 W System.err: 	at sun.nio.ch.DatagramChannelImpl.sendFromNativeBuffer(DatagramChannelImpl.java:573)
11-28 14:06:01.449  9447  9493 W System.err: 	at sun.nio.ch.DatagramChannelImpl.send(DatagramChannelImpl.java:550)
11-28 14:06:01.449  9447  9493 W System.err: 	at sun.nio.ch.DatagramChannelImpl.send(DatagramChannelImpl.java:514)
11-28 14:06:01.449  9447  9493 W System.err: 	at symlab.CloudAR.network.TransmissionTask.run(TransmissionTask.java:138)
11-28 14:06:01.449  9447  9493 W System.err: 	at android.os.Handler.handleCallback(Handler.java:907)
11-28 14:06:01.449  9447  9493 W System.err: 	at android.os.Handler.dispatchMessage(Handler.java:105)
11-28 14:06:01.449  9447  9493 W System.err: 	at android.os.Looper.loop(Looper.java:216)
11-28 14:06:01.449  9447  9493 W System.err: 	at android.os.HandlerThread.run(HandlerThread.java:65)
11-28 14:06:01.472  9447  9493 W System.err: java.net.SocketException: Message too long
11-28 14:06:01.472  9447  9493 W System.err: 	at sun.nio.ch.DatagramChannelImpl.send0(Native Method)
11-28 14:06:01.472  9447  9493 W System.err: 	at sun.nio.ch.DatagramChannelImpl.sendFromNativeBuffer(DatagramChannelImpl.java:573)
11-28 14:06:01.472  9447  9493 W System.err: 	at sun.nio.ch.DatagramChannelImpl.send(DatagramChannelImpl.java:550)
11-28 14:06:01.473  9447  9493 W System.err: 	at sun.nio.ch.DatagramChannelImpl.send(DatagramChannelImpl.java:514)
11-28 14:06:01.473  9447  9493 W System.err: 	at symlab.CloudAR.network.TransmissionTask.run(TransmissionTask.java:138)
11-28 14:06:01.473  9447  9493 W System.err: 	at android.os.Handler.handleCallback(Handler.java:907)
11-28 14:06:01.473  9447  9493 W System.err: 	at android.os.Handler.dispatchMessage(Handler.java:105)
11-28 14:06:01.473  9447  9493 W System.err: 	at android.os.Looper.loop(Looper.java:216)
11-28 14:06:01.473  9447  9493 W System.err: 	at android.os.HandlerThread.run(HandlerThread.java:65)
11-28 14:06:01.503  9447  9493 W System.err: java.net.SocketException: Message too long
11-28 14:06:01.503  9447  9493 W System.err: 	at sun.nio.ch.DatagramChannelImpl.send0(Native Method)
11-28 14:06:01.503  9447  9493 W System.err: 	at sun.nio.ch.DatagramChannelImpl.sendFromNativeBuffer(DatagramChannelImpl.java:573)
11-28 14:06:01.503  9447  9493 W System.err: 	at sun.nio.ch.DatagramChannelImpl.send(DatagramChannelImpl.java:550)
11-28 14:06:01.504  9447  9493 W System.err: 	at sun.nio.ch.DatagramChannelImpl.send(DatagramChannelImpl.java:514)
11-28 14:06:01.504  9447  9493 W System.err: 	at symlab.CloudAR.network.TransmissionTask.run(TransmissionTask.java:138)
11-28 14:06:01.504  9447  9493 W System.err: 	at android.os.Handler.handleCallback(Handler.java:907)
11-28 14:06:01.504  9447  9493 W System.err: 	at android.os.Handler.dispatchMessage(Handler.java:105)
11-28 14:06:01.504  9447  9493 W System.err: 	at android.os.Looper.loop(Looper.java:216)
11-28 14:06:01.504  9447  9493 W System.err: 	at android.os.HandlerThread.run(HandlerThread.java:65)
11-28 14:06:01.541  9447  9493 W System.err: java.net.SocketException: Message too long
11-28 14:06:01.541  9447  9493 W System.err: 	at sun.nio.ch.DatagramChannelImpl.send0(Native Method)
11-28 14:06:01.541  9447  9493 W System.err: 	at sun.nio.ch.DatagramChannelImpl.sendFromNativeBuffer(DatagramChannelImpl.java:573)
11-28 14:06:01.541  9447  9493 W System.err: 	at sun.nio.ch.DatagramChannelImpl.send(DatagramChannelImpl.java:550)
11-28 14:06:01.541  9447  9493 W System.err: 	at sun.nio.ch.DatagramChannelImpl.send(DatagramChannelImpl.java:514)
11-28 14:06:01.541  9447  9493 W System.err: 	at symlab.CloudAR.network.TransmissionTask.run(TransmissionTask.java:138)
11-28 14:06:01.541  9447  9493 W System.err: 	at android.os.Handler.handleCallback(Handler.java:907)
11-28 14:06:01.541  9447  9493 W System.err: 	at android.os.Handler.dispatchMessage(Handler.java:105)
11-28 14:06:01.541  9447  9493 W System.err: 	at android.os.Looper.loop(Looper.java:216)
11-28 14:06:01.541  9447  9493 W System.err: 	at android.os.HandlerThread.run(HandlerThread.java:65)
11-28 14:06:01.575  9447  9493 W System.err: java.net.SocketException: Message too long
11-28 14:06:01.575  9447  9493 W System.err: 	at sun.nio.ch.DatagramChannelImpl.send0(Native Method)
11-28 14:06:01.575  9447  9493 W System.err: 	at sun.nio.ch.DatagramChannelImpl.sendFromNativeBuffer(DatagramChannelImpl.java:573)
11-28 14:06:01.575  9447  9493 W System.err: 	at sun.nio.ch.DatagramChannelImpl.send(DatagramChannelImpl.java:550)
11-28 14:06:01.575  9447  9493 W System.err: 	at sun.nio.ch.DatagramChannelImpl.send(DatagramChannelImpl.java:514)
11-28 14:06:01.575  9447  9493 W System.err: 	at symlab.CloudAR.network.TransmissionTask.run(TransmissionTask.java:138)
11-28 14:06:01.575  9447  9493 W System.err: 	at android.os.Handler.handleCallback(Handler.java:907)
11-28 14:06:01.575  9447  9493 W System.err: 	at android.os.Handler.dispatchMessage(Handler.java:105)
11-28 14:06:01.575  9447  9493 W System.err: 	at android.os.Looper.loop(Looper.java:216)
11-28 14:06:01.575  9447  9493 W System.err: 	at android.os.HandlerThread.run(HandlerThread.java:65)
11-28 14:06:01.608  9447  9458 E         : [ZeroHung]zrhung_get_config: Get config failed for wp[0x0008]
11-28 14:06:01.608  9447  9493 W System.err: java.net.SocketException: Message too long
11-28 14:06:01.608  9447  9493 W System.err: 	at sun.nio.ch.DatagramChannelImpl.send0(Native Method)
11-28 14:06:01.608  9447  9493 W System.err: 	at sun.nio.ch.DatagramChannelImpl.sendFromNativeBuffer(DatagramChannelImpl.java:573)
11-28 14:06:01.608  9447  9493 W System.err: 	at sun.nio.ch.DatagramChannelImpl.send(DatagramChannelImpl.java:550)
11-28 14:06:01.608  9447  9493 W System.err: 	at sun.nio.ch.DatagramChannelImpl.send(DatagramChannelImpl.java:514)
11-28 14:06:01.609  9447  9493 W System.err: 	at symlab.CloudAR.network.TransmissionTask.run(TransmissionTask.java:138)
11-28 14:06:01.609  9447  9493 W System.err: 	at android.os.Handler.handleCallback(Handler.java:907)
11-28 14:06:01.609  9447  9493 W System.err: 	at android.os.Handler.dispatchMessage(Handler.java:105)
11-28 14:06:01.609  9447  9493 W System.err: 	at android.os.Looper.loop(Looper.java:216)
11-28 14:06:01.609  9447  9493 W System.err: 	at android.os.HandlerThread.run(HandlerThread.java:65)
11-28 14:06:01.645  9447  9493 W System.err: java.net.SocketException: Message too long
11-28 14:06:01.645  9447  9493 W System.err: 	at sun.nio.ch.DatagramChannelImpl.send0(Native Method)
11-28 14:06:01.645  9447  9493 W System.err: 	at sun.nio.ch.DatagramChannelImpl.sendFromNativeBuffer(DatagramChannelImpl.java:573)
11-28 14:06:01.646  9447  9493 W System.err: 	at sun.nio.ch.DatagramChannelImpl.send(DatagramChannelImpl.java:550)
11-28 14:06:01.646  9447  9493 W System.err: 	at sun.nio.ch.DatagramChannelImpl.send(DatagramChannelImpl.java:514)
11-28 14:06:01.646  9447  9493 W System.err: 	at symlab.CloudAR.network.TransmissionTask.run(TransmissionTask.java:138)
11-28 14:06:01.646  9447  9493 W System.err: 	at android.os.Handler.handleCallback(Handler.java:907)
11-28 14:06:01.646  9447  9493 W System.err: 	at android.os.Handler.dispatchMessage(Handler.java:105)
11-28 14:06:01.646  9447  9493 W System.err: 	at android.os.Looper.loop(Looper.java:216)
11-28 14:06:01.646  9447  9493 W System.err: 	at android.os.HandlerThread.run(HandlerThread.java:65)
11-28 14:06:01.723  9447  9493 W System.err: java.net.SocketException: Message too long
11-28 14:06:01.724  9447  9493 W System.err: 	at sun.nio.ch.DatagramChannelImpl.send0(Native Method)
11-28 14:06:01.725  9447  9493 W System.err: 	at sun.nio.ch.DatagramChannelImpl.sendFromNativeBuffer(DatagramChannelImpl.java:573)
11-28 14:06:01.725  9447  9493 W System.err: 	at sun.nio.ch.DatagramChannelImpl.send(DatagramChannelImpl.java:550)
11-28 14:06:01.725  9447  9493 W System.err: 	at sun.nio.ch.DatagramChannelImpl.send(DatagramChannelImpl.java:514)
11-28 14:06:01.725  9447  9493 W System.err: 	at symlab.CloudAR.network.TransmissionTask.run(TransmissionTask.java:138)
11-28 14:06:01.725  9447  9493 W System.err: 	at android.os.Handler.handleCallback(Handler.java:907)
11-28 14:06:01.725  9447  9493 W System.err: 	at android.os.Handler.dispatchMessage(Handler.java:105)
11-28 14:06:01.725  9447  9493 W System.err: 	at android.os.Looper.loop(Looper.java:216)
11-28 14:06:01.725  9447  9493 W System.err: 	at android.os.HandlerThread.run(HandlerThread.java:65)
11-28 14:06:01.747  9447  9493 W System.err: java.net.SocketException: Message too long
11-28 14:06:01.747  9447  9493 W System.err: 	at sun.nio.ch.DatagramChannelImpl.send0(Native Method)
11-28 14:06:01.747  9447  9493 W System.err: 	at sun.nio.ch.DatagramChannelImpl.sendFromNativeBuffer(DatagramChannelImpl.java:573)
11-28 14:06:01.747  9447  9493 W System.err: 	at sun.nio.ch.DatagramChannelImpl.send(DatagramChannelImpl.java:550)
11-28 14:06:01.747  9447  9493 W System.err: 	at sun.nio.ch.DatagramChannelImpl.send(DatagramChannelImpl.java:514)
11-28 14:06:01.747  9447  9493 W System.err: 	at symlab.CloudAR.network.TransmissionTask.run(TransmissionTask.java:138)
11-28 14:06:01.747  9447  9493 W System.err: 	at android.os.Handler.handleCallback(Handler.java:907)
11-28 14:06:01.747  9447  9493 W System.err: 	at android.os.Handler.dispatchMessage(Handler.java:105)
11-28 14:06:01.747  9447  9493 W System.err: 	at android.os.Looper.loop(Looper.java:216)
11-28 14:06:01.747  9447  9493 W System.err: 	at android.os.HandlerThread.run(HandlerThread.java:65)
11-28 14:06:02.017  9447  9493 W System.err: java.net.SocketException: Message too long
11-28 14:06:02.017  9447  9493 W System.err: 	at sun.nio.ch.DatagramChannelImpl.send0(Native Method)
11-28 14:06:02.017  9447  9493 W System.err: 	at sun.nio.ch.DatagramChannelImpl.sendFromNativeBuffer(DatagramChannelImpl.java:573)
11-28 14:06:02.017  9447  9493 W System.err: 	at sun.nio.ch.DatagramChannelImpl.send(DatagramChannelImpl.java:550)
11-28 14:06:02.018  9447  9493 W System.err: 	at sun.nio.ch.DatagramChannelImpl.send(DatagramChannelImpl.java:514)
11-28 14:06:02.018  9447  9493 W System.err: 	at symlab.CloudAR.network.TransmissionTask.run(TransmissionTask.java:138)
11-28 14:06:02.018  9447  9493 W System.err: 	at android.os.Handler.handleCallback(Handler.java:907)
11-28 14:06:02.018  9447  9493 W System.err: 	at android.os.Handler.dispatchMessage(Handler.java:105)
11-28 14:06:02.018  9447  9493 W System.err: 	at android.os.Looper.loop(Looper.java:216)
11-28 14:06:02.018  9447  9493 W System.err: 	at android.os.HandlerThread.run(HandlerThread.java:65)
11-28 14:06:02.046  9447  9493 W System.err: java.net.SocketException: Message too long
11-28 14:06:02.046  9447  9493 W System.err: 	at sun.nio.ch.DatagramChannelImpl.send0(Native Method)
11-28 14:06:02.046  9447  9493 W System.err: 	at sun.nio.ch.DatagramChannelImpl.sendFromNativeBuffer(DatagramChannelImpl.java:573)
11-28 14:06:02.046  9447  9493 W System.err: 	at sun.nio.ch.DatagramChannelImpl.send(DatagramChannelImpl.java:550)
11-28 14:06:02.046  9447  9493 W System.err: 	at sun.nio.ch.DatagramChannelImpl.send(DatagramChannelImpl.java:514)
11-28 14:06:02.046  9447  9493 W System.err: 	at symlab.CloudAR.network.TransmissionTask.run(TransmissionTask.java:138)
11-28 14:06:02.046  9447  9493 W System.err: 	at android.os.Handler.handleCallback(Handler.java:907)
11-28 14:06:02.046  9447  9493 W System.err: 	at android.os.Handler.dispatchMessage(Handler.java:105)
11-28 14:06:02.046  9447  9493 W System.err: 	at android.os.Looper.loop(Looper.java:216)
11-28 14:06:02.046  9447  9493 W System.err: 	at android.os.HandlerThread.run(HandlerThread.java:65)
11-28 14:06:02.082  9447  9493 W System.err: java.net.SocketException: Message too long
11-28 14:06:02.082  9447  9493 W System.err: 	at sun.nio.ch.DatagramChannelImpl.send0(Native Method)
11-28 14:06:02.082  9447  9493 W System.err: 	at sun.nio.ch.DatagramChannelImpl.sendFromNativeBuffer(DatagramChannelImpl.java:573)
11-28 14:06:02.083  9447  9493 W System.err: 	at sun.nio.ch.DatagramChannelImpl.send(DatagramChannelImpl.java:550)
11-28 14:06:02.083  9447  9493 W System.err: 	at sun.nio.ch.DatagramChannelImpl.send(DatagramChannelImpl.java:514)
11-28 14:06:02.083  9447  9493 W System.err: 	at symlab.CloudAR.network.TransmissionTask.run(TransmissionTask.java:138)
11-28 14:06:02.083  9447  9493 W System.err: 	at android.os.Handler.handleCallback(Handler.java:907)
11-28 14:06:02.083  9447  9493 W System.err: 	at android.os.Handler.dispatchMessage(Handler.java:105)
11-28 14:06:02.083  9447  9493 W System.err: 	at android.os.Looper.loop(Looper.java:216)
11-28 14:06:02.083  9447  9493 W System.err: 	at android.os.HandlerThread.run(HandlerThread.java:65)
11-28 14:06:02.116  9447  9493 W System.err: java.net.SocketException: Message too long
11-28 14:06:02.116  9447  9493 W System.err: 	at sun.nio.ch.DatagramChannelImpl.send0(Native Method)
11-28 14:06:02.116  9447  9493 W System.err: 	at sun.nio.ch.DatagramChannelImpl.sendFromNativeBuffer(DatagramChannelImpl.java:573)
11-28 14:06:02.116  9447  9493 W System.err: 	at sun.nio.ch.DatagramChannelImpl.send(DatagramChannelImpl.java:550)
11-28 14:06:02.116  9447  9493 W System.err: 	at sun.nio.ch.DatagramChannelImpl.send(DatagramChannelImpl.java:514)
11-28 14:06:02.116  9447  9493 W System.err: 	at symlab.CloudAR.network.TransmissionTask.run(TransmissionTask.java:138)
11-28 14:06:02.116  9447  9493 W System.err: 	at android.os.Handler.handleCallback(Handler.java:907)
11-28 14:06:02.116  9447  9493 W System.err: 	at android.os.Handler.dispatchMessage(Handler.java:105)
11-28 14:06:02.116  9447  9493 W System.err: 	at android.os.Looper.loop(Looper.java:216)
11-28 14:06:02.116  9447  9493 W System.err: 	at android.os.HandlerThread.run(HandlerThread.java:65)
11-28 14:06:02.212  9447  9493 W System.err: java.net.SocketException: Message too long
11-28 14:06:02.212  9447  9493 W System.err: 	at sun.nio.ch.DatagramChannelImpl.send0(Native Method)
11-28 14:06:02.212  9447  9493 W System.err: 	at sun.nio.ch.DatagramChannelImpl.sendFromNativeBuffer(DatagramChannelImpl.java:573)
11-28 14:06:02.212  9447  9493 W System.err: 	at sun.nio.ch.DatagramChannelImpl.send(DatagramChannelImpl.java:550)
11-28 14:06:02.212  9447  9493 W System.err: 	at sun.nio.ch.DatagramChannelImpl.send(DatagramChannelImpl.java:514)
11-28 14:06:02.212  9447  9493 W System.err: 	at symlab.CloudAR.network.TransmissionTask.run(TransmissionTask.java:138)
11-28 14:06:02.212  9447  9493 W System.err: 	at android.os.Handler.handleCallback(Handler.java:907)
11-28 14:06:02.212  9447  9493 W System.err: 	at android.os.Handler.dispatchMessage(Handler.java:105)
11-28 14:06:02.212  9447  9493 W System.err: 	at android.os.Looper.loop(Looper.java:216)
11-28 14:06:02.213  9447  9493 W System.err: 	at android.os.HandlerThread.run(HandlerThread.java:65)
11-28 14:06:02.581  9447  9493 D Evaluation: 1 res for frame 207 received at 1574942762581
11-28 14:06:02.682  9447  9458 E         : [ZeroHung]zrhung_get_config: Get config failed for wp[0x0008]
11-28 14:06:03.896  9447  9458 E         : [ZeroHung]zrhung_get_config: Get config failed for wp[0x0008]
11-28 14:06:05.217  9447  9458 E         : [ZeroHung]zrhung_get_config: Get config failed for wp[0x0008]
11-28 14:06:06.627  9447  9458 E         : [ZeroHung]zrhung_get_config: Get config failed for wp[0x0008]
11-28 14:06:07.897  9447  9458 E         : [ZeroHung]zrhung_get_config: Get config failed for wp[0x0008]
11-28 14:06:09.190  9447  9458 E         : [ZeroHung]zrhung_get_config: Get config failed for wp[0x0008]
11-28 14:06:10.526  9447  9458 E         : [ZeroHung]zrhung_get_config: Get config failed for wp[0x0008]
11-28 14:06:11.735  9447  9458 E         : [ZeroHung]zrhung_get_config: Get config failed for wp[0x0008]
11-28 14:06:12.940  9447  9458 E         : [ZeroHung]zrhung_get_config: Get config failed for wp[0x0008]
11-28 14:06:14.349  9447  9458 E         : [ZeroHung]zrhung_get_config: Get config failed for wp[0x0008]
11-28 14:06:15.597  9447  9458 E         : [ZeroHung]zrhung_get_config: Get config failed for wp[0x0008]
11-28 14:06:16.831  9447  9447 W HiTouch_PressGestureDetector: Touch pointer move a lot. The moving distance of X is:46.651855, limit is:60The moving distance of Y is:117.09244, limit is:60
11-28 14:06:16.900  9447  9458 E         : [ZeroHung]zrhung_get_config: Get config failed for wp[0x0008]
11-28 14:06:18.103  9447  9458 E         : [ZeroHung]zrhung_get_config: Get config failed for wp[0x0008]
11-28 14:06:19.478  9447  9458 E         : [ZeroHung]zrhung_get_config: Get config failed for wp[0x0008]
11-28 14:06:20.886  9447  9458 E         : [ZeroHung]zrhung_get_config: Get config failed for wp[0x0008]
11-28 14:06:20.924  9447  9447 W HiTouch_PressGestureDetector: Touch pointer move a lot. The moving distance of X is:48.662598, limit is:60The moving distance of Y is:86.30616, limit is:60
11-28 14:06:22.229  9447  9458 E         : [ZeroHung]zrhung_get_config: Get config failed for wp[0x0008]
11-28 14:06:23.578  9447  9458 E         : [ZeroHung]zrhung_get_config: Get config failed for wp[0x0008]
11-28 14:06:24.829  9447  9458 E         : [ZeroHung]zrhung_get_config: Get config failed for wp[0x0008]
11-28 14:06:26.161  9447  9458 E         : [ZeroHung]zrhung_get_config: Get config failed for wp[0x0008]
11-28 14:06:26.630  9447  9447 W HiTouch_PressGestureDetector: Touch pointer move a lot. The moving distance of X is:58.29184, limit is:60The moving distance of Y is:113.17426, limit is:60
11-28 14:06:27.516  9447  9458 E         : [ZeroHung]zrhung_get_config: Get config failed for wp[0x0008]
11-28 14:06:28.915  9447  9458 E         : [ZeroHung]zrhung_get_config: Get config failed for wp[0x0008]
11-28 14:06:30.121  9447  9458 E         : [ZeroHung]zrhung_get_config: Get config failed for wp[0x0008]
11-28 14:06:31.408  9447  9458 E         : [ZeroHung]zrhung_get_config: Get config failed for wp[0x0008]
11-28 14:06:32.070  9447  9447 W HiTouch_PressGestureDetector: Touch pointer move a lot. The moving distance of X is:68.039795, limit is:60The moving distance of Y is:19.574158, limit is:60
11-28 14:06:32.878  9447  9458 E         : [ZeroHung]zrhung_get_config: Get config failed for wp[0x0008]
11-28 14:06:33.817  9447  9447 W HiTouch_PressGestureDetector: Touch pointer move a lot. The moving distance of X is:63.434326, limit is:60The moving distance of Y is:23.7659, limit is:60
11-28 14:06:34.291  9447  9458 E         : [ZeroHung]zrhung_get_config: Get config failed for wp[0x0008]
11-28 14:06:34.349  9447  9447 I Poster  :  onPause() called.
11-28 14:06:34.485  9447  9447 I Camera  : close camera: 0, package name: symlab.cloudridar.arhud
11-28 14:06:34.485  9447  9447 I BackgroundPermManager: pkgName: symlab.cloudridar.arhud,pid: 9447 ,uidOf3RdApk: 10150 ,permType: 0 ,permCfg: 0
11-28 14:06:34.488  9447  9447 I HwCameraUtil: notifySurfaceFlingerCameraStatus : isFront = false , isOpend = false
11-28 14:06:34.615  9447  9447 D ZrHung.AppEyeUiProbe: stop checker.
11-28 14:06:34.682  9447  9447 I Poster  :  surfaceDestroyed() called.
11-28 14:06:34.682  9447  9447 D ViewRootImpl[MainActivity]: surface should not be released
11-28 14:06:34.682  9447  9447 I Poster  :  onStop() called.
11-28 14:06:34.695  9447  9510 W libEGL  : EGLNativeWindowType 0xf07f0008 disconnect failed
11-28 14:06:35.322  9447  9485 D ZrHung.AppEyeUiProbe: Current Activity:false
11-28 14:06:35.323  9447  9485 D ZrHung.AppEyeUiProbe: not watching, wait.
