11-28 13:36:33.830 30074 30124 W System.err: 	at sun.nio.ch.DatagramChannelImpl.send0(Native Method)
11-28 13:36:33.830 30074 30124 W System.err: 	at sun.nio.ch.DatagramChannelImpl.sendFromNativeBuffer(DatagramChannelImpl.java:573)
11-28 13:36:33.830 30074 30124 W System.err: 	at sun.nio.ch.DatagramChannelImpl.send(DatagramChannelImpl.java:550)
11-28 13:36:33.830 30074 30124 W System.err: 	at sun.nio.ch.DatagramChannelImpl.send(DatagramChannelImpl.java:514)
11-28 13:36:33.830 30074 30124 W System.err: 	at symlab.CloudAR.network.TransmissionTask.run(TransmissionTask.java:138)
11-28 13:36:33.830 30074 30124 W System.err: 	at android.os.Handler.handleCallback(Handler.java:907)
11-28 13:36:33.830 30074 30124 W System.err: 	at android.os.Handler.dispatchMessage(Handler.java:105)
11-28 13:36:33.830 30074 30124 W System.err: 	at android.os.Looper.loop(Looper.java:216)
11-28 13:36:33.830 30074 30124 W System.err: 	at android.os.HandlerThread.run(HandlerThread.java:65)
11-28 13:36:33.864 30074 30124 W System.err: java.net.SocketException: Message too long
11-28 13:36:33.864 30074 30124 W System.err: 	at sun.nio.ch.DatagramChannelImpl.send0(Native Method)
11-28 13:36:33.864 30074 30124 W System.err: 	at sun.nio.ch.DatagramChannelImpl.sendFromNativeBuffer(DatagramChannelImpl.java:573)
11-28 13:36:33.864 30074 30124 W System.err: 	at sun.nio.ch.DatagramChannelImpl.send(DatagramChannelImpl.java:550)
11-28 13:36:33.864 30074 30124 W System.err: 	at sun.nio.ch.DatagramChannelImpl.send(DatagramChannelImpl.java:514)
11-28 13:36:33.864 30074 30124 W System.err: 	at symlab.CloudAR.network.TransmissionTask.run(TransmissionTask.java:138)
11-28 13:36:33.864 30074 30124 W System.err: 	at android.os.Handler.handleCallback(Handler.java:907)
11-28 13:36:33.864 30074 30124 W System.err: 	at android.os.Handler.dispatchMessage(Handler.java:105)
11-28 13:36:33.864 30074 30124 W System.err: 	at android.os.Looper.loop(Looper.java:216)
11-28 13:36:33.864 30074 30124 W System.err: 	at android.os.HandlerThread.run(HandlerThread.java:65)
11-28 13:36:33.898 30074 30124 W System.err: java.net.SocketException: Message too long
11-28 13:36:33.899 30074 30124 W System.err: 	at sun.nio.ch.DatagramChannelImpl.send0(Native Method)
11-28 13:36:33.899 30074 30124 W System.err: 	at sun.nio.ch.DatagramChannelImpl.sendFromNativeBuffer(DatagramChannelImpl.java:573)
11-28 13:36:33.899 30074 30124 W System.err: 	at sun.nio.ch.DatagramChannelImpl.send(DatagramChannelImpl.java:550)
11-28 13:36:33.899 30074 30124 W System.err: 	at sun.nio.ch.DatagramChannelImpl.send(DatagramChannelImpl.java:514)
11-28 13:36:33.899 30074 30124 W System.err: 	at symlab.CloudAR.network.TransmissionTask.run(TransmissionTask.java:138)
11-28 13:36:33.899 30074 30124 W System.err: 	at android.os.Handler.handleCallback(Handler.java:907)
11-28 13:36:33.899 30074 30124 W System.err: 	at android.os.Handler.dispatchMessage(Handler.java:105)
11-28 13:36:33.899 30074 30124 W System.err: 	at android.os.Looper.loop(Looper.java:216)
11-28 13:36:33.899 30074 30124 W System.err: 	at android.os.HandlerThread.run(HandlerThread.java:65)
11-28 13:36:34.005 30074 30124 W System.err: java.net.SocketException: Message too long
11-28 13:36:34.005 30074 30124 W System.err: 	at sun.nio.ch.DatagramChannelImpl.send0(Native Method)
11-28 13:36:34.005 30074 30124 W System.err: 	at sun.nio.ch.DatagramChannelImpl.sendFromNativeBuffer(DatagramChannelImpl.java:573)
11-28 13:36:34.005 30074 30124 W System.err: 	at sun.nio.ch.DatagramChannelImpl.send(DatagramChannelImpl.java:550)
11-28 13:36:34.005 30074 30124 W System.err: 	at sun.nio.ch.DatagramChannelImpl.send(DatagramChannelImpl.java:514)
11-28 13:36:34.005 30074 30124 W System.err: 	at symlab.CloudAR.network.TransmissionTask.run(TransmissionTask.java:138)
11-28 13:36:34.005 30074 30124 W System.err: 	at android.os.Handler.handleCallback(Handler.java:907)
11-28 13:36:34.005 30074 30124 W System.err: 	at android.os.Handler.dispatchMessage(Handler.java:105)
11-28 13:36:34.005 30074 30124 W System.err: 	at android.os.Looper.loop(Looper.java:216)
11-28 13:36:34.005 30074 30124 W System.err: 	at android.os.HandlerThread.run(HandlerThread.java:65)
11-28 13:36:34.028 30074 30124 W System.err: java.net.SocketException: Message too long
11-28 13:36:34.028 30074 30124 W System.err: 	at sun.nio.ch.DatagramChannelImpl.send0(Native Method)
11-28 13:36:34.028 30074 30124 W System.err: 	at sun.nio.ch.DatagramChannelImpl.sendFromNativeBuffer(DatagramChannelImpl.java:573)
11-28 13:36:34.028 30074 30124 W System.err: 	at sun.nio.ch.DatagramChannelImpl.send(DatagramChannelImpl.java:550)
11-28 13:36:34.028 30074 30124 W System.err: 	at sun.nio.ch.DatagramChannelImpl.send(DatagramChannelImpl.java:514)
11-28 13:36:34.028 30074 30124 W System.err: 	at symlab.CloudAR.network.TransmissionTask.run(TransmissionTask.java:138)
11-28 13:36:34.028 30074 30124 W System.err: 	at android.os.Handler.handleCallback(Handler.java:907)
11-28 13:36:34.028 30074 30124 W System.err: 	at android.os.Handler.dispatchMessage(Handler.java:105)
11-28 13:36:34.028 30074 30124 W System.err: 	at android.os.Looper.loop(Looper.java:216)
11-28 13:36:34.028 30074 30124 W System.err: 	at android.os.HandlerThread.run(HandlerThread.java:65)
11-28 13:36:34.168 30074 30088 E         : [ZeroHung]zrhung_get_config: Get config failed for wp[0x0008]
11-28 13:36:34.172 30074 30074 D Poster  : At 1574940994171 location is 65.05794296606219 (latitude), and 25.470154696314733 (longitude)
11-28 13:36:34.176 30074 30074 D Poster  : Connected to mobile network 20
11-28 13:36:34.188 30074 30086 W System  : A resource failed to call close. 
11-28 13:36:34.189 30074 30086 I chatty  : uid=10147(symlab.cloudridar.arhud) FinalizerDaemon identical 13 lines
11-28 13:36:34.189 30074 30086 W System  : A resource failed to call close. 
11-28 13:36:34.214 30074 30124 W System.err: java.net.SocketException: Message too long
11-28 13:36:34.215 30074 30124 W System.err: 	at sun.nio.ch.DatagramChannelImpl.send0(Native Method)
11-28 13:36:34.215 30074 30124 W System.err: 	at sun.nio.ch.DatagramChannelImpl.sendFromNativeBuffer(DatagramChannelImpl.java:573)
11-28 13:36:34.215 30074 30124 W System.err: 	at sun.nio.ch.DatagramChannelImpl.send(DatagramChannelImpl.java:550)
11-28 13:36:34.215 30074 30124 W System.err: 	at sun.nio.ch.DatagramChannelImpl.send(DatagramChannelImpl.java:514)
11-28 13:36:34.215 30074 30124 W System.err: 	at symlab.CloudAR.network.TransmissionTask.run(TransmissionTask.java:138)
11-28 13:36:34.215 30074 30124 W System.err: 	at android.os.Handler.handleCallback(Handler.java:907)
11-28 13:36:34.215 30074 30124 W System.err: 	at android.os.Handler.dispatchMessage(Handler.java:105)
11-28 13:36:34.215 30074 30124 W System.err: 	at android.os.Looper.loop(Looper.java:216)
11-28 13:36:34.215 30074 30124 W System.err: 	at android.os.HandlerThread.run(HandlerThread.java:65)
11-28 13:36:34.236 30074 30124 W System.err: java.net.SocketException: Message too long
11-28 13:36:34.236 30074 30124 W System.err: 	at sun.nio.ch.DatagramChannelImpl.send0(Native Method)
11-28 13:36:34.236 30074 30124 W System.err: 	at sun.nio.ch.DatagramChannelImpl.sendFromNativeBuffer(DatagramChannelImpl.java:573)
11-28 13:36:34.236 30074 30124 W System.err: 	at sun.nio.ch.DatagramChannelImpl.send(DatagramChannelImpl.java:550)
11-28 13:36:34.236 30074 30124 W System.err: 	at sun.nio.ch.DatagramChannelImpl.send(DatagramChannelImpl.java:514)
11-28 13:36:34.236 30074 30124 W System.err: 	at symlab.CloudAR.network.TransmissionTask.run(TransmissionTask.java:138)
11-28 13:36:34.236 30074 30124 W System.err: 	at android.os.Handler.handleCallback(Handler.java:907)
11-28 13:36:34.236 30074 30124 W System.err: 	at android.os.Handler.dispatchMessage(Handler.java:105)
11-28 13:36:34.236 30074 30124 W System.err: 	at android.os.Looper.loop(Looper.java:216)
11-28 13:36:34.236 30074 30124 W System.err: 	at android.os.HandlerThread.run(HandlerThread.java:65)
11-28 13:36:34.263 30074 30124 W System.err: java.net.SocketException: Message too long
11-28 13:36:34.263 30074 30124 W System.err: 	at sun.nio.ch.DatagramChannelImpl.send0(Native Method)
11-28 13:36:34.263 30074 30124 W System.err: 	at sun.nio.ch.DatagramChannelImpl.sendFromNativeBuffer(DatagramChannelImpl.java:573)
11-28 13:36:34.263 30074 30124 W System.err: 	at sun.nio.ch.DatagramChannelImpl.send(DatagramChannelImpl.java:550)
11-28 13:36:34.263 30074 30124 W System.err: 	at sun.nio.ch.DatagramChannelImpl.send(DatagramChannelImpl.java:514)
11-28 13:36:34.263 30074 30124 W System.err: 	at symlab.CloudAR.network.TransmissionTask.run(TransmissionTask.java:138)
11-28 13:36:34.263 30074 30124 W System.err: 	at android.os.Handler.handleCallback(Handler.java:907)
11-28 13:36:34.263 30074 30124 W System.err: 	at android.os.Handler.dispatchMessage(Handler.java:105)
11-28 13:36:34.263 30074 30124 W System.err: 	at android.os.Looper.loop(Looper.java:216)
11-28 13:36:34.263 30074 30124 W System.err: 	at android.os.HandlerThread.run(HandlerThread.java:65)
11-28 13:36:34.379 30074 30124 W System.err: java.net.SocketException: Message too long
11-28 13:36:34.379 30074 30124 W System.err: 	at sun.nio.ch.DatagramChannelImpl.send0(Native Method)
11-28 13:36:34.379 30074 30124 W System.err: 	at sun.nio.ch.DatagramChannelImpl.sendFromNativeBuffer(DatagramChannelImpl.java:573)
11-28 13:36:34.379 30074 30124 W System.err: 	at sun.nio.ch.DatagramChannelImpl.send(DatagramChannelImpl.java:550)
11-28 13:36:34.379 30074 30124 W System.err: 	at sun.nio.ch.DatagramChannelImpl.send(DatagramChannelImpl.java:514)
11-28 13:36:34.379 30074 30124 W System.err: 	at symlab.CloudAR.network.TransmissionTask.run(TransmissionTask.java:138)
11-28 13:36:34.380 30074 30124 W System.err: 	at android.os.Handler.handleCallback(Handler.java:907)
11-28 13:36:34.380 30074 30124 W System.err: 	at android.os.Handler.dispatchMessage(Handler.java:105)
11-28 13:36:34.380 30074 30124 W System.err: 	at android.os.Looper.loop(Looper.java:216)
11-28 13:36:34.380 30074 30124 W System.err: 	at android.os.HandlerThread.run(HandlerThread.java:65)
11-28 13:36:34.409 30074 30124 W System.err: java.net.SocketException: Message too long
11-28 13:36:34.409 30074 30124 W System.err: 	at sun.nio.ch.DatagramChannelImpl.send0(Native Method)
11-28 13:36:34.409 30074 30124 W System.err: 	at sun.nio.ch.DatagramChannelImpl.sendFromNativeBuffer(DatagramChannelImpl.java:573)
11-28 13:36:34.409 30074 30124 W System.err: 	at sun.nio.ch.DatagramChannelImpl.send(DatagramChannelImpl.java:550)
11-28 13:36:34.409 30074 30124 W System.err: 	at sun.nio.ch.DatagramChannelImpl.send(DatagramChannelImpl.java:514)
11-28 13:36:34.409 30074 30124 W System.err: 	at symlab.CloudAR.network.TransmissionTask.run(TransmissionTask.java:138)
11-28 13:36:34.409 30074 30124 W System.err: 	at android.os.Handler.handleCallback(Handler.java:907)
11-28 13:36:34.409 30074 30124 W System.err: 	at android.os.Handler.dispatchMessage(Handler.java:105)
11-28 13:36:34.409 30074 30124 W System.err: 	at android.os.Looper.loop(Looper.java:216)
11-28 13:36:34.409 30074 30124 W System.err: 	at android.os.HandlerThread.run(HandlerThread.java:65)
11-28 13:36:34.428 30074 30124 W System.err: java.net.SocketException: Message too long
11-28 13:36:34.428 30074 30124 W System.err: 	at sun.nio.ch.DatagramChannelImpl.send0(Native Method)
11-28 13:36:34.428 30074 30124 W System.err: 	at sun.nio.ch.DatagramChannelImpl.sendFromNativeBuffer(DatagramChannelImpl.java:573)
11-28 13:36:34.428 30074 30124 W System.err: 	at sun.nio.ch.DatagramChannelImpl.send(DatagramChannelImpl.java:550)
11-28 13:36:34.428 30074 30124 W System.err: 	at sun.nio.ch.DatagramChannelImpl.send(DatagramChannelImpl.java:514)
11-28 13:36:34.428 30074 30124 W System.err: 	at symlab.CloudAR.network.TransmissionTask.run(TransmissionTask.java:138)
11-28 13:36:34.428 30074 30124 W System.err: 	at android.os.Handler.handleCallback(Handler.java:907)
11-28 13:36:34.428 30074 30124 W System.err: 	at android.os.Handler.dispatchMessage(Handler.java:105)
11-28 13:36:34.428 30074 30124 W System.err: 	at android.os.Looper.loop(Looper.java:216)
11-28 13:36:34.428 30074 30124 W System.err: 	at android.os.HandlerThread.run(HandlerThread.java:65)
11-28 13:36:34.508 30074 30124 W System.err: java.net.SocketException: Message too long
11-28 13:36:34.508 30074 30124 W System.err: 	at sun.nio.ch.DatagramChannelImpl.send0(Native Method)
11-28 13:36:34.508 30074 30124 W System.err: 	at sun.nio.ch.DatagramChannelImpl.sendFromNativeBuffer(DatagramChannelImpl.java:573)
11-28 13:36:34.508 30074 30124 W System.err: 	at sun.nio.ch.DatagramChannelImpl.send(DatagramChannelImpl.java:550)
11-28 13:36:34.508 30074 30124 W System.err: 	at sun.nio.ch.DatagramChannelImpl.send(DatagramChannelImpl.java:514)
11-28 13:36:34.508 30074 30124 W System.err: 	at symlab.CloudAR.network.TransmissionTask.run(TransmissionTask.java:138)
11-28 13:36:34.508 30074 30124 W System.err: 	at android.os.Handler.handleCallback(Handler.java:907)
11-28 13:36:34.508 30074 30124 W System.err: 	at android.os.Handler.dispatchMessage(Handler.java:105)
11-28 13:36:34.509 30074 30124 W System.err: 	at android.os.Looper.loop(Looper.java:216)
11-28 13:36:34.509 30074 30124 W System.err: 	at android.os.HandlerThread.run(HandlerThread.java:65)
11-28 13:36:34.549 30074 30124 W System.err: java.net.SocketException: Message too long
11-28 13:36:34.549 30074 30124 W System.err: 	at sun.nio.ch.DatagramChannelImpl.send0(Native Method)
11-28 13:36:34.549 30074 30124 W System.err: 	at sun.nio.ch.DatagramChannelImpl.sendFromNativeBuffer(DatagramChannelImpl.java:573)
11-28 13:36:34.549 30074 30124 W System.err: 	at sun.nio.ch.DatagramChannelImpl.send(DatagramChannelImpl.java:550)
11-28 13:36:34.549 30074 30124 W System.err: 	at sun.nio.ch.DatagramChannelImpl.send(DatagramChannelImpl.java:514)
11-28 13:36:34.549 30074 30124 W System.err: 	at symlab.CloudAR.network.TransmissionTask.run(TransmissionTask.java:138)
11-28 13:36:34.549 30074 30124 W System.err: 	at android.os.Handler.handleCallback(Handler.java:907)
11-28 13:36:34.549 30074 30124 W System.err: 	at android.os.Handler.dispatchMessage(Handler.java:105)
11-28 13:36:34.549 30074 30124 W System.err: 	at android.os.Looper.loop(Looper.java:216)
11-28 13:36:34.549 30074 30124 W System.err: 	at android.os.HandlerThread.run(HandlerThread.java:65)
11-28 13:36:34.572 30074 30124 W System.err: java.net.SocketException: Message too long
11-28 13:36:34.572 30074 30124 W System.err: 	at sun.nio.ch.DatagramChannelImpl.send0(Native Method)
11-28 13:36:34.572 30074 30124 W System.err: 	at sun.nio.ch.DatagramChannelImpl.sendFromNativeBuffer(DatagramChannelImpl.java:573)
11-28 13:36:34.573 30074 30124 W System.err: 	at sun.nio.ch.DatagramChannelImpl.send(DatagramChannelImpl.java:550)
11-28 13:36:34.573 30074 30124 W System.err: 	at sun.nio.ch.DatagramChannelImpl.send(DatagramChannelImpl.java:514)
11-28 13:36:34.573 30074 30124 W System.err: 	at symlab.CloudAR.network.TransmissionTask.run(TransmissionTask.java:138)
11-28 13:36:34.573 30074 30124 W System.err: 	at android.os.Handler.handleCallback(Handler.java:907)
11-28 13:36:34.573 30074 30124 W System.err: 	at android.os.Handler.dispatchMessage(Handler.java:105)
11-28 13:36:34.573 30074 30124 W System.err: 	at android.os.Looper.loop(Looper.java:216)
11-28 13:36:34.573 30074 30124 W System.err: 	at android.os.HandlerThread.run(HandlerThread.java:65)
11-28 13:36:34.603 30074 30124 W System.err: java.net.SocketException: Message too long
11-28 13:36:34.603 30074 30124 W System.err: 	at sun.nio.ch.DatagramChannelImpl.send0(Native Method)
11-28 13:36:34.603 30074 30124 W System.err: 	at sun.nio.ch.DatagramChannelImpl.sendFromNativeBuffer(DatagramChannelImpl.java:573)
11-28 13:36:34.603 30074 30124 W System.err: 	at sun.nio.ch.DatagramChannelImpl.send(DatagramChannelImpl.java:550)
11-28 13:36:34.604 30074 30124 W System.err: 	at sun.nio.ch.DatagramChannelImpl.send(DatagramChannelImpl.java:514)
11-28 13:36:34.604 30074 30124 W System.err: 	at symlab.CloudAR.network.TransmissionTask.run(TransmissionTask.java:138)
11-28 13:36:34.604 30074 30124 W System.err: 	at android.os.Handler.handleCallback(Handler.java:907)
11-28 13:36:34.604 30074 30124 W System.err: 	at android.os.Handler.dispatchMessage(Handler.java:105)
11-28 13:36:34.604 30074 30124 W System.err: 	at android.os.Looper.loop(Looper.java:216)
11-28 13:36:34.604 30074 30124 W System.err: 	at android.os.HandlerThread.run(HandlerThread.java:65)
11-28 13:36:34.641 30074 30124 W System.err: java.net.SocketException: Message too long
11-28 13:36:34.641 30074 30124 W System.err: 	at sun.nio.ch.DatagramChannelImpl.send0(Native Method)
11-28 13:36:34.641 30074 30124 W System.err: 	at sun.nio.ch.DatagramChannelImpl.sendFromNativeBuffer(DatagramChannelImpl.java:573)
11-28 13:36:34.641 30074 30124 W System.err: 	at sun.nio.ch.DatagramChannelImpl.send(DatagramChannelImpl.java:550)
11-28 13:36:34.641 30074 30124 W System.err: 	at sun.nio.ch.DatagramChannelImpl.send(DatagramChannelImpl.java:514)
11-28 13:36:34.641 30074 30124 W System.err: 	at symlab.CloudAR.network.TransmissionTask.run(TransmissionTask.java:138)
11-28 13:36:34.641 30074 30124 W System.err: 	at android.os.Handler.handleCallback(Handler.java:907)
11-28 13:36:34.641 30074 30124 W System.err: 	at android.os.Handler.dispatchMessage(Handler.java:105)
11-28 13:36:34.641 30074 30124 W System.err: 	at android.os.Looper.loop(Looper.java:216)
11-28 13:36:34.641 30074 30124 W System.err: 	at android.os.HandlerThread.run(HandlerThread.java:65)
11-28 13:36:34.668 30074 30124 W System.err: java.net.SocketException: Message too long
11-28 13:36:34.668 30074 30124 W System.err: 	at sun.nio.ch.DatagramChannelImpl.send0(Native Method)
11-28 13:36:34.668 30074 30124 W System.err: 	at sun.nio.ch.DatagramChannelImpl.sendFromNativeBuffer(DatagramChannelImpl.java:573)
11-28 13:36:34.668 30074 30124 W System.err: 	at sun.nio.ch.DatagramChannelImpl.send(DatagramChannelImpl.java:550)
11-28 13:36:34.668 30074 30124 W System.err: 	at sun.nio.ch.DatagramChannelImpl.send(DatagramChannelImpl.java:514)
11-28 13:36:34.668 30074 30124 W System.err: 	at symlab.CloudAR.network.TransmissionTask.run(TransmissionTask.java:138)
11-28 13:36:34.668 30074 30124 W System.err: 	at android.os.Handler.handleCallback(Handler.java:907)
11-28 13:36:34.668 30074 30124 W System.err: 	at android.os.Handler.dispatchMessage(Handler.java:105)
11-28 13:36:34.668 30074 30124 W System.err: 	at android.os.Looper.loop(Looper.java:216)
11-28 13:36:34.668 30074 30124 W System.err: 	at android.os.HandlerThread.run(HandlerThread.java:65)
11-28 13:36:34.698 30074 30124 W System.err: java.net.SocketException: Message too long
11-28 13:36:34.698 30074 30124 W System.err: 	at sun.nio.ch.DatagramChannelImpl.send0(Native Method)
11-28 13:36:34.698 30074 30124 W System.err: 	at sun.nio.ch.DatagramChannelImpl.sendFromNativeBuffer(DatagramChannelImpl.java:573)
11-28 13:36:34.698 30074 30124 W System.err: 	at sun.nio.ch.DatagramChannelImpl.send(DatagramChannelImpl.java:550)
11-28 13:36:34.698 30074 30124 W System.err: 	at sun.nio.ch.DatagramChannelImpl.send(DatagramChannelImpl.java:514)
11-28 13:36:34.698 30074 30124 W System.err: 	at symlab.CloudAR.network.TransmissionTask.run(TransmissionTask.java:138)
11-28 13:36:34.698 30074 30124 W System.err: 	at android.os.Handler.handleCallback(Handler.java:907)
11-28 13:36:34.698 30074 30124 W System.err: 	at android.os.Handler.dispatchMessage(Handler.java:105)
11-28 13:36:34.698 30074 30124 W System.err: 	at android.os.Looper.loop(Looper.java:216)
11-28 13:36:34.698 30074 30124 W System.err: 	at android.os.HandlerThread.run(HandlerThread.java:65)
11-28 13:36:34.736 30074 30124 W System.err: java.net.SocketException: Message too long
11-28 13:36:34.737 30074 30124 W System.err: 	at sun.nio.ch.DatagramChannelImpl.send0(Native Method)
11-28 13:36:34.737 30074 30124 W System.err: 	at sun.nio.ch.DatagramChannelImpl.sendFromNativeBuffer(DatagramChannelImpl.java:573)
11-28 13:36:34.737 30074 30124 W System.err: 	at sun.nio.ch.DatagramChannelImpl.send(DatagramChannelImpl.java:550)
11-28 13:36:34.737 30074 30124 W System.err: 	at sun.nio.ch.DatagramChannelImpl.send(DatagramChannelImpl.java:514)
11-28 13:36:34.737 30074 30124 W System.err: 	at symlab.CloudAR.network.TransmissionTask.run(TransmissionTask.java:138)
11-28 13:36:34.737 30074 30124 W System.err: 	at android.os.Handler.handleCallback(Handler.java:907)
11-28 13:36:34.737 30074 30124 W System.err: 	at android.os.Handler.dispatchMessage(Handler.java:105)
11-28 13:36:34.737 30074 30124 W System.err: 	at android.os.Looper.loop(Looper.java:216)
11-28 13:36:34.737 30074 30124 W System.err: 	at android.os.HandlerThread.run(HandlerThread.java:65)
11-28 13:36:34.773 30074 30124 W System.err: java.net.SocketException: Message too long
11-28 13:36:34.773 30074 30124 W System.err: 	at sun.nio.ch.DatagramChannelImpl.send0(Native Method)
11-28 13:36:34.773 30074 30124 W System.err: 	at sun.nio.ch.DatagramChannelImpl.sendFromNativeBuffer(DatagramChannelImpl.java:573)
11-28 13:36:34.773 30074 30124 W System.err: 	at sun.nio.ch.DatagramChannelImpl.send(DatagramChannelImpl.java:550)
11-28 13:36:34.773 30074 30124 W System.err: 	at sun.nio.ch.DatagramChannelImpl.send(DatagramChannelImpl.java:514)
11-28 13:36:34.774 30074 30124 W System.err: 	at symlab.CloudAR.network.TransmissionTask.run(TransmissionTask.java:138)
11-28 13:36:34.774 30074 30124 W System.err: 	at android.os.Handler.handleCallback(Handler.java:907)
11-28 13:36:34.774 30074 30124 W System.err: 	at android.os.Handler.dispatchMessage(Handler.java:105)
11-28 13:36:34.774 30074 30124 W System.err: 	at android.os.Looper.loop(Looper.java:216)
11-28 13:36:34.774 30074 30124 W System.err: 	at android.os.HandlerThread.run(HandlerThread.java:65)
11-28 13:36:34.884 30074 30124 W System.err: java.net.SocketException: Message too long
11-28 13:36:34.884 30074 30124 W System.err: 	at sun.nio.ch.DatagramChannelImpl.send0(Native Method)
11-28 13:36:34.884 30074 30124 W System.err: 	at sun.nio.ch.DatagramChannelImpl.sendFromNativeBuffer(DatagramChannelImpl.java:573)
11-28 13:36:34.884 30074 30124 W System.err: 	at sun.nio.ch.DatagramChannelImpl.send(DatagramChannelImpl.java:550)
11-28 13:36:34.884 30074 30124 W System.err: 	at sun.nio.ch.DatagramChannelImpl.send(DatagramChannelImpl.java:514)
11-28 13:36:34.884 30074 30124 W System.err: 	at symlab.CloudAR.network.TransmissionTask.run(TransmissionTask.java:138)
11-28 13:36:34.884 30074 30124 W System.err: 	at android.os.Handler.handleCallback(Handler.java:907)
11-28 13:36:34.884 30074 30124 W System.err: 	at android.os.Handler.dispatchMessage(Handler.java:105)
11-28 13:36:34.884 30074 30124 W System.err: 	at android.os.Looper.loop(Looper.java:216)
11-28 13:36:34.884 30074 30124 W System.err: 	at android.os.HandlerThread.run(HandlerThread.java:65)
11-28 13:36:34.974 30074 30124 W System.err: java.net.SocketException: Message too long
11-28 13:36:34.975 30074 30124 W System.err: 	at sun.nio.ch.DatagramChannelImpl.send0(Native Method)
11-28 13:36:34.975 30074 30124 W System.err: 	at sun.nio.ch.DatagramChannelImpl.sendFromNativeBuffer(DatagramChannelImpl.java:573)
11-28 13:36:34.975 30074 30124 W System.err: 	at sun.nio.ch.DatagramChannelImpl.send(DatagramChannelImpl.java:550)
11-28 13:36:34.975 30074 30124 W System.err: 	at sun.nio.ch.DatagramChannelImpl.send(DatagramChannelImpl.java:514)
11-28 13:36:34.975 30074 30124 W System.err: 	at symlab.CloudAR.network.TransmissionTask.run(TransmissionTask.java:138)
11-28 13:36:34.975 30074 30124 W System.err: 	at android.os.Handler.handleCallback(Handler.java:907)
11-28 13:36:34.975 30074 30124 W System.err: 	at android.os.Handler.dispatchMessage(Handler.java:105)
11-28 13:36:34.975 30074 30124 W System.err: 	at android.os.Looper.loop(Looper.java:216)
11-28 13:36:34.975 30074 30124 W System.err: 	at android.os.HandlerThread.run(HandlerThread.java:65)
11-28 13:36:35.133 30074 30088 E         : [ZeroHung]zrhung_get_config: Get config failed for wp[0x0008]
11-28 13:36:35.153 30074 30086 W System  : A resource failed to call close. 
11-28 13:36:35.154 30074 30086 I chatty  : uid=10147(symlab.cloudridar.arhud) FinalizerDaemon identical 10 lines
11-28 13:36:35.154 30074 30086 W System  : A resource failed to call close. 
11-28 13:36:35.166 30074 30074 D Poster  : At 1574940995166 location is 65.05794610438302 (latitude), and 25.47016382243256 (longitude)
11-28 13:36:35.168 30074 30074 D Poster  : Connected to mobile network 20
11-28 13:36:36.182 30074 30074 D Poster  : At 1574940996181 location is 65.05795298312034 (latitude), and 25.470155798070095 (longitude)
11-28 13:36:36.185 30074 30074 D Poster  : Connected to mobile network 20
11-28 13:36:36.582 30074 30088 E         : [ZeroHung]zrhung_get_config: Get config failed for wp[0x0008]
11-28 13:36:36.605 30074 30086 W System  : A resource failed to call close. 
11-28 13:36:36.611 30074 30086 I chatty  : uid=10147(symlab.cloudridar.arhud) FinalizerDaemon identical 25 lines
11-28 13:36:36.611 30074 30086 W System  : A resource failed to call close. 
11-28 13:36:36.617 30074 30086 W System  : A resource failed to call close. 
11-28 13:36:36.618 30074 30086 I chatty  : uid=10147(symlab.cloudridar.arhud) FinalizerDaemon identical 6 lines
11-28 13:36:36.619 30074 30086 W System  : A resource failed to call close. 
11-28 13:36:36.619 30074 30086 W System  : A resource failed to call close. 
11-28 13:36:36.619 30074 30086 I chatty  : uid=10147(symlab.cloudridar.arhud) FinalizerDaemon identical 6 lines
11-28 13:36:36.619 30074 30086 W System  : A resource failed to call close. 
11-28 13:36:37.173 30074 30074 D Poster  : At 1574940997172 location is 65.05795066756093 (latitude), and 25.470147333999282 (longitude)
11-28 13:36:37.176 30074 30074 D Poster  : Connected to mobile network 20
11-28 13:36:38.173 30074 30074 D Poster  : At 1574940998172 location is 65.0579606696133 (latitude), and 25.470118530972105 (longitude)
11-28 13:36:38.175 30074 30074 D Poster  : Connected to mobile network 20
11-28 13:36:38.403 30074 30088 E         : [ZeroHung]zrhung_get_config: Get config failed for wp[0x0008]
11-28 13:36:38.439 30074 30086 W System  : A resource failed to call close. 
11-28 13:36:38.444 30074 30086 I chatty  : uid=10147(symlab.cloudridar.arhud) FinalizerDaemon identical 50 lines
11-28 13:36:38.444 30074 30086 W System  : A resource failed to call close. 
11-28 13:36:39.170 30074 30074 D Poster  : At 1574940999170 location is 65.05796244758427 (latitude), and 25.470122506381657 (longitude)
11-28 13:36:39.172 30074 30074 D Poster  : Connected to mobile network 20
11-28 13:36:40.147 30074 30088 E         : [ZeroHung]zrhung_get_config: Get config failed for wp[0x0008]
11-28 13:36:40.170 30074 30086 W System  : A resource failed to call close. 
11-28 13:36:40.170 30074 30086 W System  : A resource failed to call close. 
11-28 13:36:40.173 30074 30086 I chatty  : uid=10147(symlab.cloudridar.arhud) FinalizerDaemon identical 19 lines
11-28 13:36:40.173 30074 30086 W System  : A resource failed to call close. 
11-28 13:36:40.176 30074 30086 W System  : A resource failed to call close. 
11-28 13:36:40.176 30074 30086 W System  : A resource failed to call close. 
11-28 13:36:40.176 30074 30086 W System  : A resource failed to call close. 
11-28 13:36:40.176 30074 30086 W System  : A resource failed to call close. 
11-28 13:36:40.176 30074 30086 W System  : A resource failed to call close. 
11-28 13:36:40.178 30074 30086 I chatty  : uid=10147(symlab.cloudridar.arhud) FinalizerDaemon identical 12 lines
11-28 13:36:40.178 30074 30086 W System  : A resource failed to call close. 
11-28 13:36:40.178 30074 30086 W System  : A resource failed to call close. 
11-28 13:36:40.180 30074 30086 I chatty  : uid=10147(symlab.cloudridar.arhud) FinalizerDaemon identical 10 lines
11-28 13:36:40.180 30074 30086 W System  : A resource failed to call close. 
11-28 13:36:40.194 30074 30074 D Poster  : At 1574941000193 location is 65.05795473229111 (latitude), and 25.470112781004488 (longitude)
11-28 13:36:40.195 30074 30074 D Poster  : Connected to mobile network 20
11-28 13:36:41.175 30074 30074 D Poster  : At 1574941001175 location is 65.05795765327863 (latitude), and 25.47011762857857 (longitude)
11-28 13:36:41.178 30074 30074 D Poster  : Connected to mobile network 20
11-28 13:36:41.897 30074 30088 E         : [ZeroHung]zrhung_get_config: Get config failed for wp[0x0008]
11-28 13:36:41.923 30074 30086 W System  : A resource failed to call close. 
11-28 13:36:41.926 30074 30086 I chatty  : uid=10147(symlab.cloudridar.arhud) FinalizerDaemon identical 33 lines
11-28 13:36:41.926 30074 30086 W System  : A resource failed to call close. 
11-28 13:36:41.926 30074 30086 W System  : A resource failed to call close. 
11-28 13:36:41.926 30074 30086 W System  : A resource failed to call close. 
11-28 13:36:41.926 30074 30086 I chatty  : uid=10147(symlab.cloudridar.arhud) FinalizerDaemon identical 2 lines
11-28 13:36:41.926 30074 30086 W System  : A resource failed to call close. 
11-28 13:36:41.926 30074 30086 W System  : A resource failed to call close. 
11-28 13:36:41.926 30074 30086 I chatty  : uid=10147(symlab.cloudridar.arhud) FinalizerDaemon identical 1 line
11-28 13:36:41.927 30074 30086 W System  : A resource failed to call close. 
11-28 13:36:41.927 30074 30086 W System  : A resource failed to call close. 
11-28 13:36:41.927 30074 30086 I chatty  : uid=10147(symlab.cloudridar.arhud) FinalizerDaemon identical 3 lines
11-28 13:36:41.927 30074 30086 W System  : A resource failed to call close. 
11-28 13:36:41.927 30074 30086 W System  : A resource failed to call close. 
11-28 13:36:41.927 30074 30086 W System  : A resource failed to call close. 
11-28 13:36:42.191 30074 30074 D Poster  : At 1574941002190 location is 65.05796503618407 (latitude), and 25.47011814728944 (longitude)
11-28 13:36:42.194 30074 30074 D Poster  : Connected to mobile network 20
11-28 13:36:43.170 30074 30074 D Poster  : At 1574941003169 location is 65.05796920892074 (latitude), and 25.470103550235052 (longitude)
11-28 13:36:43.173 30074 30074 D Poster  : Connected to mobile network 20
11-28 13:36:43.335 30074 30088 E         : [ZeroHung]zrhung_get_config: Get config failed for wp[0x0008]
11-28 13:36:43.366 30074 30086 W System  : A resource failed to call close. 
11-28 13:36:43.368 30074 30086 I chatty  : uid=10147(symlab.cloudridar.arhud) FinalizerDaemon identical 13 lines
11-28 13:36:43.368 30074 30086 W System  : A resource failed to call close. 
11-28 13:36:43.368 30074 30086 W System  : A resource failed to call close. 
11-28 13:36:43.368 30074 30086 W System  : A resource failed to call close. 
11-28 13:36:43.369 30074 30086 W System  : A resource failed to call close. 
11-28 13:36:43.369 30074 30086 W System  : A resource failed to call close. 
11-28 13:36:43.369 30074 30086 W System  : A resource failed to call close. 
11-28 13:36:43.369 30074 30086 I chatty  : uid=10147(symlab.cloudridar.arhud) FinalizerDaemon identical 1 line
11-28 13:36:43.369 30074 30086 W System  : A resource failed to call close. 
11-28 13:36:43.369 30074 30086 W System  : A resource failed to call close. 
11-28 13:36:43.370 30074 30086 I chatty  : uid=10147(symlab.cloudridar.arhud) FinalizerDaemon identical 3 lines
11-28 13:36:43.370 30074 30086 W System  : A resource failed to call close. 
11-28 13:36:43.370 30074 30086 W System  : A resource failed to call close. 
11-28 13:36:43.370 30074 30086 I chatty  : uid=10147(symlab.cloudridar.arhud) FinalizerDaemon identical 1 line
11-28 13:36:43.370 30074 30086 W System  : A resource failed to call close. 
11-28 13:36:43.370 30074 30086 W System  : A resource failed to call close. 
11-28 13:36:43.370 30074 30086 W System  : A resource failed to call close. 
11-28 13:36:43.370 30074 30086 I chatty  : uid=10147(symlab.cloudridar.arhud) FinalizerDaemon identical 2 lines
11-28 13:36:43.370 30074 30086 W System  : A resource failed to call close. 
11-28 13:36:43.371 30074 30086 W System  : A resource failed to call close. 
11-28 13:36:43.371 30074 30086 W System  : A resource failed to call close. 
11-28 13:36:43.371 30074 30086 W System  : A resource failed to call close. 
11-28 13:36:43.371 30074 30086 W System  : A resource failed to call close. 
11-28 13:36:43.371 30074 30086 I chatty  : uid=10147(symlab.cloudridar.arhud) FinalizerDaemon identical 3 lines
11-28 13:36:43.371 30074 30086 W System  : A resource failed to call close. 
11-28 13:36:44.176 30074 30074 D Poster  : At 1574941004176 location is 65.05797531668301 (latitude), and 25.470095210147186 (longitude)
11-28 13:36:44.179 30074 30074 D Poster  : Connected to mobile network 20
11-28 13:36:44.681 30074 30088 E         : [ZeroHung]zrhung_get_config: Get config failed for wp[0x0008]
11-28 13:36:44.703 30074 30086 W System  : A resource failed to call close. 
11-28 13:36:44.708 30074 30086 I chatty  : uid=10147(symlab.cloudridar.arhud) FinalizerDaemon identical 34 lines
11-28 13:36:44.708 30074 30086 W System  : A resource failed to call close. 
11-28 13:36:44.708 30074 30086 W System  : A resource failed to call close. 
11-28 13:36:44.708 30074 30086 I chatty  : uid=10147(symlab.cloudridar.arhud) FinalizerDaemon identical 1 line
11-28 13:36:44.708 30074 30086 W System  : A resource failed to call close. 
11-28 13:36:45.174 30074 30074 D Poster  : At 1574941005174 location is 65.05798634313729 (latitude), and 25.470086138019695 (longitude)
11-28 13:36:45.176 30074 30074 D Poster  : Connected to mobile network 20
11-28 13:36:46.025 30074 30088 E         : [ZeroHung]zrhung_get_config: Get config failed for wp[0x0008]
11-28 13:36:46.052 30074 30086 W System  : A resource failed to call close. 
11-28 13:36:46.056 30074 30086 I chatty  : uid=10147(symlab.cloudridar.arhud) FinalizerDaemon identical 18 lines
11-28 13:36:46.056 30074 30086 W System  : A resource failed to call close. 
11-28 13:36:46.056 30074 30086 W System  : A resource failed to call close. 
11-28 13:36:46.056 30074 30086 W System  : A resource failed to call close. 
11-28 13:36:46.056 30074 30086 W System  : A resource failed to call close. 
11-28 13:36:46.056 30074 30086 W System  : A resource failed to call close. 
11-28 13:36:46.057 30074 30086 W System  : A resource failed to call close. 
11-28 13:36:46.058 30074 30086 W System  : A resource failed to call close. 
11-28 13:36:46.058 30074 30086 W System  : A resource failed to call close. 
11-28 13:36:46.058 30074 30086 W System  : A resource failed to call close. 
11-28 13:36:46.058 30074 30086 W System  : A resource failed to call close. 
11-28 13:36:46.059 30074 30086 W System  : A resource failed to call close. 
11-28 13:36:46.060 30074 30086 I chatty  : uid=10147(symlab.cloudridar.arhud) FinalizerDaemon identical 6 lines
11-28 13:36:46.061 30074 30086 W System  : A resource failed to call close. 
11-28 13:36:46.062 30074 30086 W System  : A resource failed to call close. 
11-28 13:36:46.063 30074 30086 W System  : A resource failed to call close. 
11-28 13:36:46.063 30074 30086 I chatty  : uid=10147(symlab.cloudridar.arhud) FinalizerDaemon identical 1 line
11-28 13:36:46.063 30074 30086 W System  : A resource failed to call close. 
11-28 13:36:46.193 30074 30074 D Poster  : At 1574941006193 location is 65.0579849133948 (latitude), and 25.47008245070059 (longitude)
11-28 13:36:46.196 30074 30074 D Poster  : Connected to mobile network 20
11-28 13:36:47.175 30074 30074 D Poster  : At 1574941007175 location is 65.05797500457895 (latitude), and 25.4700778109138 (longitude)
11-28 13:36:47.177 30074 30074 D Poster  : Connected to mobile network 20
11-28 13:36:47.370 30074 30088 E         : [ZeroHung]zrhung_get_config: Get config failed for wp[0x0008]
11-28 13:36:47.390 30074 30086 W System  : A resource failed to call close. 
11-28 13:36:47.394 30074 30086 I chatty  : uid=10147(symlab.cloudridar.arhud) FinalizerDaemon identical 27 lines
11-28 13:36:47.394 30074 30086 W System  : A resource failed to call close. 
11-28 13:36:47.398 30074 30086 W System  : A resource failed to call close. 
11-28 13:36:47.399 30074 30086 I chatty  : uid=10147(symlab.cloudridar.arhud) FinalizerDaemon identical 8 lines
11-28 13:36:47.399 30074 30086 W System  : A resource failed to call close. 
11-28 13:36:48.196 30074 30074 D Poster  : At 1574941008196 location is 65.05796648830606 (latitude), and 25.47007338869328 (longitude)
11-28 13:36:48.200 30074 30074 D Poster  : Connected to mobile network 20
11-28 13:36:48.776 30074 30088 E         : [ZeroHung]zrhung_get_config: Get config failed for wp[0x0008]
11-28 13:36:48.796 30074 30086 W System  : A resource failed to call close. 
11-28 13:36:48.801 30074 30086 I chatty  : uid=10147(symlab.cloudridar.arhud) FinalizerDaemon identical 39 lines
11-28 13:36:48.802 30074 30086 W System  : A resource failed to call close. 
11-28 13:36:49.174 30074 30074 D Poster  : At 1574941009174 location is 65.05796325836083 (latitude), and 25.470070167716795 (longitude)
11-28 13:36:49.176 30074 30074 D Poster  : Connected to mobile network 20
11-28 13:36:50.126 30074 30088 E         : [ZeroHung]zrhung_get_config: Get config failed for wp[0x0008]
11-28 13:36:50.153 30074 30086 W System  : A resource failed to call close. 
11-28 13:36:50.153 30074 30086 I chatty  : uid=10147(symlab.cloudridar.arhud) FinalizerDaemon identical 10 lines
11-28 13:36:50.153 30074 30086 W System  : A resource failed to call close. 
11-28 13:36:50.153 30074 30086 W System  : A resource failed to call close. 
11-28 13:36:50.154 30074 30086 W System  : A resource failed to call close. 
11-28 13:36:50.155 30074 30086 I chatty  : uid=10147(symlab.cloudridar.arhud) FinalizerDaemon identical 24 lines
11-28 13:36:50.155 30074 30086 W System  : A resource failed to call close. 
11-28 13:36:50.176 30074 30074 D Poster  : At 1574941010176 location is 65.05796272440111 (latitude), and 25.47006615671756 (longitude)
11-28 13:36:50.178 30074 30074 D Poster  : Connected to mobile network 20
11-28 13:36:51.191 30074 30074 D Poster  : At 1574941011190 location is 65.05796266449897 (latitude), and 25.470057091093068 (longitude)
11-28 13:36:51.193 30074 30074 D Poster  : Connected to mobile network 20
11-28 13:36:51.463 30074 30088 E         : [ZeroHung]zrhung_get_config: Get config failed for wp[0x0008]
11-28 13:36:51.488 30074 30086 W System  : A resource failed to call close. 
11-28 13:36:51.496 30074 30086 I chatty  : uid=10147(symlab.cloudridar.arhud) FinalizerDaemon identical 39 lines
11-28 13:36:51.496 30074 30086 W System  : A resource failed to call close. 
11-28 13:36:52.189 30074 30074 D Poster  : At 1574941012189 location is 65.05796370380305 (latitude), and 25.470057070464435 (longitude)
11-28 13:36:52.191 30074 30074 D Poster  : Connected to mobile network 20
11-28 13:36:52.771 30074 30088 E         : [ZeroHung]zrhung_get_config: Get config failed for wp[0x0008]
11-28 13:36:52.789 30074 30086 W System  : A resource failed to call close. 
11-28 13:36:52.790 30074 30086 I chatty  : uid=10147(symlab.cloudridar.arhud) FinalizerDaemon identical 2 lines
11-28 13:36:52.790 30074 30086 W System  : A resource failed to call close. 
11-28 13:36:52.791 30074 30086 W System  : A resource failed to call close. 
11-28 13:36:52.802 30074 30086 I chatty  : uid=10147(symlab.cloudridar.arhud) FinalizerDaemon identical 32 lines
11-28 13:36:52.802 30074 30086 W System  : A resource failed to call close. 
11-28 13:36:53.175 30074 30074 D Poster  : At 1574941013174 location is 65.05796662020884 (latitude), and 25.470053093276345 (longitude)
11-28 13:36:53.177 30074 30074 D Poster  : Connected to mobile network 20
11-28 13:36:54.183 30074 30074 D Poster  : At 1574941014183 location is 65.05797139958081 (latitude), and 25.470043107023265 (longitude)
11-28 13:36:54.186 30074 30074 D Poster  : Connected to mobile network 20
11-28 13:36:54.281 30074 30088 E         : [ZeroHung]zrhung_get_config: Get config failed for wp[0x0008]
11-28 13:36:54.303 30074 30086 W System  : A resource failed to call close. 
11-28 13:36:54.308 30074 30086 I chatty  : uid=10147(symlab.cloudridar.arhud) FinalizerDaemon identical 43 lines
11-28 13:36:54.308 30074 30086 W System  : A resource failed to call close. 
11-28 13:36:55.187 30074 30074 D Poster  : At 1574941015187 location is 65.05797185453912 (latitude), and 25.470029813810758 (longitude)
11-28 13:36:55.189 30074 30074 D Poster  : Connected to mobile network 20
11-28 13:36:55.694 30074 30088 E         : [ZeroHung]zrhung_get_config: Get config failed for wp[0x0008]
11-28 13:36:55.724 30074 30086 W System  : A resource failed to call close. 
11-28 13:36:55.728 30074 30086 I chatty  : uid=10147(symlab.cloudridar.arhud) FinalizerDaemon identical 40 lines
11-28 13:36:55.728 30074 30086 W System  : A resource failed to call close. 
11-28 13:36:56.183 30074 30074 D Poster  : At 1574941016183 location is 65.05797406487328 (latitude), and 25.470022683879044 (longitude)
11-28 13:36:56.185 30074 30074 D Poster  : Connected to mobile network 20
11-28 13:36:57.076 30074 30088 E         : [ZeroHung]zrhung_get_config: Get config failed for wp[0x0008]
11-28 13:36:57.093 30074 30086 W System  : A resource failed to call close. 
11-28 13:36:57.098 30074 30086 I chatty  : uid=10147(symlab.cloudridar.arhud) FinalizerDaemon identical 37 lines
11-28 13:36:57.098 30074 30086 W System  : A resource failed to call close. 
11-28 13:36:57.177 30074 30074 D Poster  : At 1574941017177 location is 65.05797288904527 (latitude), and 25.470016367787554 (longitude)
11-28 13:36:57.179 30074 30074 D Poster  : Connected to mobile network 20
11-28 13:36:58.196 30074 30074 D Poster  : At 1574941018196 location is 65.05796814680227 (latitude), and 25.47000738460432 (longitude)
11-28 13:36:58.198 30074 30074 D Poster  : Connected to mobile network 20
11-28 13:36:58.452 30074 30088 E         : [ZeroHung]zrhung_get_config: Get config failed for wp[0x0008]
11-28 13:36:58.471 30074 30086 W System  : A resource failed to call close. 
11-28 13:36:58.475 30074 30086 I chatty  : uid=10147(symlab.cloudridar.arhud) FinalizerDaemon identical 6 lines
11-28 13:36:58.477 30074 30086 W System  : A resource failed to call close. 
11-28 13:36:58.477 30074 30086 W System  : A resource failed to call close. 
11-28 13:36:58.479 30074 30086 I chatty  : uid=10147(symlab.cloudridar.arhud) FinalizerDaemon identical 11 lines
11-28 13:36:58.479 30074 30086 W System  : A resource failed to call close. 
11-28 13:36:58.481 30074 30086 W System  : A resource failed to call close. 
11-28 13:36:58.481 30074 30086 W System  : A resource failed to call close. 
11-28 13:36:58.481 30074 30086 W System  : A resource failed to call close. 
11-28 13:36:58.481 30074 30086 W System  : A resource failed to call close. 
11-28 13:36:58.481 30074 30086 I chatty  : uid=10147(symlab.cloudridar.arhud) FinalizerDaemon identical 1 line
11-28 13:36:58.482 30074 30086 W System  : A resource failed to call close. 
11-28 13:36:58.482 30074 30086 W System  : A resource failed to call close. 
11-28 13:36:58.482 30074 30086 W System  : A resource failed to call close. 
11-28 13:36:58.482 30074 30086 W System  : A resource failed to call close. 
11-28 13:36:58.482 30074 30086 W System  : A resource failed to call close. 
11-28 13:36:58.482 30074 30086 W System  : A resource failed to call close. 
11-28 13:36:58.482 30074 30086 I chatty  : uid=10147(symlab.cloudridar.arhud) FinalizerDaemon identical 7 lines
11-28 13:36:58.482 30074 30086 W System  : A resource failed to call close. 
11-28 13:36:58.482 30074 30086 W System  : A resource failed to call close. 
11-28 13:36:59.179 30074 30074 D Poster  : At 1574941019179 location is 65.05795969067522 (latitude), and 25.469996938931303 (longitude)
11-28 13:36:59.183 30074 30074 D Poster  : Connected to mobile network 20
11-28 13:37:00.035 30074 30088 E         : [ZeroHung]zrhung_get_config: Get config failed for wp[0x0008]
11-28 13:37:00.056 30074 30086 W System  : A resource failed to call close. 
11-28 13:37:00.057 30074 30086 I chatty  : uid=10147(symlab.cloudridar.arhud) FinalizerDaemon identical 13 lines
11-28 13:37:00.057 30074 30086 W System  : A resource failed to call close. 
11-28 13:37:00.057 30074 30086 W System  : A resource failed to call close. 
11-28 13:37:00.062 30074 30086 I chatty  : uid=10147(symlab.cloudridar.arhud) FinalizerDaemon identical 30 lines
11-28 13:37:00.062 30074 30086 W System  : A resource failed to call close. 
11-28 13:37:00.194 30074 30074 D Poster  : At 1574941020194 location is 65.05795053573333 (latitude), and 25.469990120261134 (longitude)
11-28 13:37:00.199 30074 30074 D Poster  : Connected to mobile network 20
11-28 13:37:01.192 30074 30074 D Poster  : At 1574941021192 location is 65.05794728070525 (latitude), and 25.469986685055797 (longitude)
11-28 13:37:01.194 30074 30074 D Poster  : Connected to mobile network 20
11-28 13:37:01.540 30074 30088 E         : [ZeroHung]zrhung_get_config: Get config failed for wp[0x0008]
11-28 13:37:01.566 30074 30086 W System  : A resource failed to call close. 
11-28 13:37:01.567 30074 30086 I chatty  : uid=10147(symlab.cloudridar.arhud) FinalizerDaemon identical 7 lines
11-28 13:37:01.567 30074 30086 W System  : A resource failed to call close. 
11-28 13:37:01.567 30074 30086 W System  : A resource failed to call close. 
11-28 13:37:01.572 30074 30086 I chatty  : uid=10147(symlab.cloudridar.arhud) FinalizerDaemon identical 33 lines
11-28 13:37:01.572 30074 30086 W System  : A resource failed to call close. 
11-28 13:37:02.184 30074 30074 D Poster  : At 1574941022184 location is 65.05794687965448 (latitude), and 25.469968186228837 (longitude)
11-28 13:37:02.186 30074 30074 D Poster  : Connected to mobile network 20
11-28 13:37:02.916 30074 30088 E         : [ZeroHung]zrhung_get_config: Get config failed for wp[0x0008]
11-28 13:37:02.947 30074 30086 W System  : A resource failed to call close. 
11-28 13:37:02.947 30074 30086 I chatty  : uid=10147(symlab.cloudridar.arhud) FinalizerDaemon identical 2 lines
11-28 13:37:02.947 30074 30086 W System  : A resource failed to call close. 
11-28 13:37:02.948 30074 30086 W System  : A resource failed to call close. 
11-28 13:37:02.948 30074 30086 W System  : A resource failed to call close. 
11-28 13:37:02.948 30074 30086 W System  : A resource failed to call close. 
11-28 13:37:02.949 30074 30086 I chatty  : uid=10147(symlab.cloudridar.arhud) FinalizerDaemon identical 9 lines
11-28 13:37:02.949 30074 30086 W System  : A resource failed to call close. 
11-28 13:37:02.949 30074 30086 W System  : A resource failed to call close. 
11-28 13:37:02.951 30074 30086 W System  : A resource failed to call close. 
11-28 13:37:02.953 30074 30086 W System  : A resource failed to call close. 
11-28 13:37:02.953 30074 30086 W System  : A resource failed to call close. 
11-28 13:37:02.954 30074 30086 I chatty  : uid=10147(symlab.cloudridar.arhud) FinalizerDaemon identical 2 lines
11-28 13:37:02.954 30074 30086 W System  : A resource failed to call close. 
11-28 13:37:02.954 30074 30086 W System  : A resource failed to call close. 
11-28 13:37:02.954 30074 30086 W System  : A resource failed to call close. 
11-28 13:37:02.955 30074 30086 I chatty  : uid=10147(symlab.cloudridar.arhud) FinalizerDaemon identical 1 line
11-28 13:37:02.956 30074 30086 W System  : A resource failed to call close. 
11-28 13:37:02.957 30074 30086 W System  : A resource failed to call close. 
11-28 13:37:02.959 30074 30086 I chatty  : uid=10147(symlab.cloudridar.arhud) FinalizerDaemon identical 10 lines
11-28 13:37:02.959 30074 30086 W System  : A resource failed to call close. 
11-28 13:37:03.179 30074 30074 D Poster  : At 1574941023179 location is 65.05795080747836 (latitude), and 25.469949464613737 (longitude)
11-28 13:37:03.181 30074 30074 D Poster  : Connected to mobile network 20
11-28 13:37:04.171 30074 30074 D Poster  : At 1574941024171 location is 65.05795151804593 (latitude), and 25.469935615162424 (longitude)
11-28 13:37:04.173 30074 30074 D Poster  : Connected to mobile network 20
11-28 13:37:04.296 30074 30088 E         : [ZeroHung]zrhung_get_config: Get config failed for wp[0x0008]
11-28 13:37:04.325 30074 30086 W System  : A resource failed to call close. 
11-28 13:37:04.327 30074 30086 I chatty  : uid=10147(symlab.cloudridar.arhud) FinalizerDaemon identical 39 lines
11-28 13:37:04.327 30074 30086 W System  : A resource failed to call close. 
11-28 13:37:05.188 30074 30074 D Poster  : At 1574941025187 location is 65.05795316210457 (latitude), and 25.469884980092463 (longitude)
11-28 13:37:05.189 30074 30074 D Poster  : Connected to mobile network 20
11-28 13:37:05.673 30074 30088 E         : [ZeroHung]zrhung_get_config: Get config failed for wp[0x0008]
11-28 13:37:05.699 30074 30086 W System  : A resource failed to call close. 
11-28 13:37:05.704 30074 30086 I chatty  : uid=10147(symlab.cloudridar.arhud) FinalizerDaemon identical 38 lines
11-28 13:37:05.704 30074 30086 W System  : A resource failed to call close. 
11-28 13:37:06.180 30074 30074 D Poster  : At 1574941026179 location is 65.0579540654625 (latitude), and 25.46986823124367 (longitude)
11-28 13:37:06.182 30074 30074 D Poster  : Connected to mobile network 20
11-28 13:37:07.011 30074 30088 E         : [ZeroHung]zrhung_get_config: Get config failed for wp[0x0008]
11-28 13:37:07.037 30074 30086 W System  : A resource failed to call close. 
11-28 13:37:07.045 30074 30086 I chatty  : uid=10147(symlab.cloudridar.arhud) FinalizerDaemon identical 38 lines
11-28 13:37:07.045 30074 30086 W System  : A resource failed to call close. 
11-28 13:37:07.178 30074 30074 D Poster  : At 1574941027178 location is 65.05795766022601 (latitude), and 25.469834030614233 (longitude)
11-28 13:37:07.180 30074 30074 D Poster  : Connected to mobile network 20
11-28 13:37:08.171 30074 30074 D Poster  : At 1574941028171 location is 65.05795885519244 (latitude), and 25.4698188167265 (longitude)
11-28 13:37:08.172 30074 30074 D Poster  : Connected to mobile network 20
