11-28 13:36:30.773 30074 30124 W System.err: 	at android.os.Handler.dispatchMessage(Handler.java:105)
11-28 13:36:30.773 30074 30124 W System.err: 	at android.os.Looper.loop(Looper.java:216)
11-28 13:36:30.773 30074 30124 W System.err: 	at android.os.HandlerThread.run(HandlerThread.java:65)
11-28 13:36:30.913 30074 30124 W System.err: java.net.SocketException: Message too long
11-28 13:36:30.913 30074 30124 W System.err: 	at sun.nio.ch.DatagramChannelImpl.send0(Native Method)
11-28 13:36:30.913 30074 30124 W System.err: 	at sun.nio.ch.DatagramChannelImpl.sendFromNativeBuffer(DatagramChannelImpl.java:573)
11-28 13:36:30.913 30074 30124 W System.err: 	at sun.nio.ch.DatagramChannelImpl.send(DatagramChannelImpl.java:550)
11-28 13:36:30.913 30074 30124 W System.err: 	at sun.nio.ch.DatagramChannelImpl.send(DatagramChannelImpl.java:514)
11-28 13:36:30.913 30074 30124 W System.err: 	at symlab.CloudAR.network.TransmissionTask.run(TransmissionTask.java:138)
11-28 13:36:30.913 30074 30124 W System.err: 	at android.os.Handler.handleCallback(Handler.java:907)
11-28 13:36:30.913 30074 30124 W System.err: 	at android.os.Handler.dispatchMessage(Handler.java:105)
11-28 13:36:30.913 30074 30124 W System.err: 	at android.os.Looper.loop(Looper.java:216)
11-28 13:36:30.913 30074 30124 W System.err: 	at android.os.HandlerThread.run(HandlerThread.java:65)
11-28 13:36:30.947 30074 30124 W System.err: java.net.SocketException: Message too long
11-28 13:36:30.947 30074 30124 W System.err: 	at sun.nio.ch.DatagramChannelImpl.send0(Native Method)
11-28 13:36:30.947 30074 30124 W System.err: 	at sun.nio.ch.DatagramChannelImpl.sendFromNativeBuffer(DatagramChannelImpl.java:573)
11-28 13:36:30.947 30074 30124 W System.err: 	at sun.nio.ch.DatagramChannelImpl.send(DatagramChannelImpl.java:550)
11-28 13:36:30.947 30074 30124 W System.err: 	at sun.nio.ch.DatagramChannelImpl.send(DatagramChannelImpl.java:514)
11-28 13:36:30.947 30074 30124 W System.err: 	at symlab.CloudAR.network.TransmissionTask.run(TransmissionTask.java:138)
11-28 13:36:30.947 30074 30124 W System.err: 	at android.os.Handler.handleCallback(Handler.java:907)
11-28 13:36:30.947 30074 30124 W System.err: 	at android.os.Handler.dispatchMessage(Handler.java:105)
11-28 13:36:30.947 30074 30124 W System.err: 	at android.os.Looper.loop(Looper.java:216)
11-28 13:36:30.947 30074 30124 W System.err: 	at android.os.HandlerThread.run(HandlerThread.java:65)
11-28 13:36:30.977 30074 30124 W System.err: java.net.SocketException: Message too long
11-28 13:36:30.977 30074 30124 W System.err: 	at sun.nio.ch.DatagramChannelImpl.send0(Native Method)
11-28 13:36:30.977 30074 30124 W System.err: 	at sun.nio.ch.DatagramChannelImpl.sendFromNativeBuffer(DatagramChannelImpl.java:573)
11-28 13:36:30.977 30074 30124 W System.err: 	at sun.nio.ch.DatagramChannelImpl.send(DatagramChannelImpl.java:550)
11-28 13:36:30.977 30074 30124 W System.err: 	at sun.nio.ch.DatagramChannelImpl.send(DatagramChannelImpl.java:514)
11-28 13:36:30.977 30074 30124 W System.err: 	at symlab.CloudAR.network.TransmissionTask.run(TransmissionTask.java:138)
11-28 13:36:30.977 30074 30124 W System.err: 	at android.os.Handler.handleCallback(Handler.java:907)
11-28 13:36:30.977 30074 30124 W System.err: 	at android.os.Handler.dispatchMessage(Handler.java:105)
11-28 13:36:30.977 30074 30124 W System.err: 	at android.os.Looper.loop(Looper.java:216)
11-28 13:36:30.977 30074 30124 W System.err: 	at android.os.HandlerThread.run(HandlerThread.java:65)
11-28 13:36:31.016 30074 30124 W System.err: java.net.SocketException: Message too long
11-28 13:36:31.016 30074 30124 W System.err: 	at sun.nio.ch.DatagramChannelImpl.send0(Native Method)
11-28 13:36:31.016 30074 30124 W System.err: 	at sun.nio.ch.DatagramChannelImpl.sendFromNativeBuffer(DatagramChannelImpl.java:573)
11-28 13:36:31.016 30074 30124 W System.err: 	at sun.nio.ch.DatagramChannelImpl.send(DatagramChannelImpl.java:550)
11-28 13:36:31.016 30074 30124 W System.err: 	at sun.nio.ch.DatagramChannelImpl.send(DatagramChannelImpl.java:514)
11-28 13:36:31.016 30074 30124 W System.err: 	at symlab.CloudAR.network.TransmissionTask.run(TransmissionTask.java:138)
11-28 13:36:31.016 30074 30124 W System.err: 	at android.os.Handler.handleCallback(Handler.java:907)
11-28 13:36:31.016 30074 30124 W System.err: 	at android.os.Handler.dispatchMessage(Handler.java:105)
11-28 13:36:31.016 30074 30124 W System.err: 	at android.os.Looper.loop(Looper.java:216)
11-28 13:36:31.016 30074 30124 W System.err: 	at android.os.HandlerThread.run(HandlerThread.java:65)
11-28 13:36:31.047 30074 30124 W System.err: java.net.SocketException: Message too long
11-28 13:36:31.047 30074 30124 W System.err: 	at sun.nio.ch.DatagramChannelImpl.send0(Native Method)
11-28 13:36:31.047 30074 30124 W System.err: 	at sun.nio.ch.DatagramChannelImpl.sendFromNativeBuffer(DatagramChannelImpl.java:573)
11-28 13:36:31.047 30074 30124 W System.err: 	at sun.nio.ch.DatagramChannelImpl.send(DatagramChannelImpl.java:550)
11-28 13:36:31.047 30074 30124 W System.err: 	at sun.nio.ch.DatagramChannelImpl.send(DatagramChannelImpl.java:514)
11-28 13:36:31.047 30074 30124 W System.err: 	at symlab.CloudAR.network.TransmissionTask.run(TransmissionTask.java:138)
11-28 13:36:31.047 30074 30124 W System.err: 	at android.os.Handler.handleCallback(Handler.java:907)
11-28 13:36:31.047 30074 30124 W System.err: 	at android.os.Handler.dispatchMessage(Handler.java:105)
11-28 13:36:31.047 30074 30124 W System.err: 	at android.os.Looper.loop(Looper.java:216)
11-28 13:36:31.047 30074 30124 W System.err: 	at android.os.HandlerThread.run(HandlerThread.java:65)
11-28 13:36:31.082 30074 30124 W System.err: java.net.SocketException: Message too long
11-28 13:36:31.082 30074 30124 W System.err: 	at sun.nio.ch.DatagramChannelImpl.send0(Native Method)
11-28 13:36:31.082 30074 30124 W System.err: 	at sun.nio.ch.DatagramChannelImpl.sendFromNativeBuffer(DatagramChannelImpl.java:573)
11-28 13:36:31.082 30074 30124 W System.err: 	at sun.nio.ch.DatagramChannelImpl.send(DatagramChannelImpl.java:550)
11-28 13:36:31.082 30074 30124 W System.err: 	at sun.nio.ch.DatagramChannelImpl.send(DatagramChannelImpl.java:514)
11-28 13:36:31.082 30074 30124 W System.err: 	at symlab.CloudAR.network.TransmissionTask.run(TransmissionTask.java:138)
11-28 13:36:31.082 30074 30124 W System.err: 	at android.os.Handler.handleCallback(Handler.java:907)
11-28 13:36:31.082 30074 30124 W System.err: 	at android.os.Handler.dispatchMessage(Handler.java:105)
11-28 13:36:31.082 30074 30124 W System.err: 	at android.os.Looper.loop(Looper.java:216)
11-28 13:36:31.082 30074 30124 W System.err: 	at android.os.HandlerThread.run(HandlerThread.java:65)
11-28 13:36:31.144 30074 30124 W System.err: java.net.SocketException: Message too long
11-28 13:36:31.144 30074 30124 W System.err: 	at sun.nio.ch.DatagramChannelImpl.send0(Native Method)
11-28 13:36:31.144 30074 30124 W System.err: 	at sun.nio.ch.DatagramChannelImpl.sendFromNativeBuffer(DatagramChannelImpl.java:573)
11-28 13:36:31.144 30074 30124 W System.err: 	at sun.nio.ch.DatagramChannelImpl.send(DatagramChannelImpl.java:550)
11-28 13:36:31.144 30074 30124 W System.err: 	at sun.nio.ch.DatagramChannelImpl.send(DatagramChannelImpl.java:514)
11-28 13:36:31.144 30074 30124 W System.err: 	at symlab.CloudAR.network.TransmissionTask.run(TransmissionTask.java:138)
11-28 13:36:31.144 30074 30124 W System.err: 	at android.os.Handler.handleCallback(Handler.java:907)
11-28 13:36:31.144 30074 30124 W System.err: 	at android.os.Handler.dispatchMessage(Handler.java:105)
11-28 13:36:31.144 30074 30124 W System.err: 	at android.os.Looper.loop(Looper.java:216)
11-28 13:36:31.144 30074 30124 W System.err: 	at android.os.HandlerThread.run(HandlerThread.java:65)
11-28 13:36:31.187 30074 30124 W System.err: java.net.SocketException: Message too long
11-28 13:36:31.187 30074 30124 W System.err: 	at sun.nio.ch.DatagramChannelImpl.send0(Native Method)
11-28 13:36:31.188 30074 30124 W System.err: 	at sun.nio.ch.DatagramChannelImpl.sendFromNativeBuffer(DatagramChannelImpl.java:573)
11-28 13:36:31.188 30074 30124 W System.err: 	at sun.nio.ch.DatagramChannelImpl.send(DatagramChannelImpl.java:550)
11-28 13:36:31.188 30074 30124 W System.err: 	at sun.nio.ch.DatagramChannelImpl.send(DatagramChannelImpl.java:514)
11-28 13:36:31.188 30074 30124 W System.err: 	at symlab.CloudAR.network.TransmissionTask.run(TransmissionTask.java:138)
11-28 13:36:31.188 30074 30124 W System.err: 	at android.os.Handler.handleCallback(Handler.java:907)
11-28 13:36:31.188 30074 30124 W System.err: 	at android.os.Handler.dispatchMessage(Handler.java:105)
11-28 13:36:31.188 30074 30124 W System.err: 	at android.os.Looper.loop(Looper.java:216)
11-28 13:36:31.188 30074 30124 W System.err: 	at android.os.HandlerThread.run(HandlerThread.java:65)
11-28 13:36:31.192 30074 30074 D Poster  : At 1574940991192 location is 65.05793476433163 (latitude), and 25.470155572997783 (longitude)
11-28 13:36:31.194 30074 30074 D Poster  : Connected to mobile network 20
11-28 13:36:31.212 30074 30124 W System.err: java.net.SocketException: Message too long
11-28 13:36:31.213 30074 30124 W System.err: 	at sun.nio.ch.DatagramChannelImpl.send0(Native Method)
11-28 13:36:31.213 30074 30124 W System.err: 	at sun.nio.ch.DatagramChannelImpl.sendFromNativeBuffer(DatagramChannelImpl.java:573)
11-28 13:36:31.213 30074 30124 W System.err: 	at sun.nio.ch.DatagramChannelImpl.send(DatagramChannelImpl.java:550)
11-28 13:36:31.213 30074 30124 W System.err: 	at sun.nio.ch.DatagramChannelImpl.send(DatagramChannelImpl.java:514)
11-28 13:36:31.213 30074 30124 W System.err: 	at symlab.CloudAR.network.TransmissionTask.run(TransmissionTask.java:138)
11-28 13:36:31.213 30074 30124 W System.err: 	at android.os.Handler.handleCallback(Handler.java:907)
11-28 13:36:31.213 30074 30124 W System.err: 	at android.os.Handler.dispatchMessage(Handler.java:105)
11-28 13:36:31.213 30074 30124 W System.err: 	at android.os.Looper.loop(Looper.java:216)
11-28 13:36:31.213 30074 30124 W System.err: 	at android.os.HandlerThread.run(HandlerThread.java:65)
11-28 13:36:31.237 30074 30124 W System.err: java.net.SocketException: Message too long
11-28 13:36:31.237 30074 30124 W System.err: 	at sun.nio.ch.DatagramChannelImpl.send0(Native Method)
11-28 13:36:31.237 30074 30124 W System.err: 	at sun.nio.ch.DatagramChannelImpl.sendFromNativeBuffer(DatagramChannelImpl.java:573)
11-28 13:36:31.237 30074 30124 W System.err: 	at sun.nio.ch.DatagramChannelImpl.send(DatagramChannelImpl.java:550)
11-28 13:36:31.237 30074 30124 W System.err: 	at sun.nio.ch.DatagramChannelImpl.send(DatagramChannelImpl.java:514)
11-28 13:36:31.237 30074 30124 W System.err: 	at symlab.CloudAR.network.TransmissionTask.run(TransmissionTask.java:138)
11-28 13:36:31.237 30074 30124 W System.err: 	at android.os.Handler.handleCallback(Handler.java:907)
11-28 13:36:31.237 30074 30124 W System.err: 	at android.os.Handler.dispatchMessage(Handler.java:105)
11-28 13:36:31.237 30074 30124 W System.err: 	at android.os.Looper.loop(Looper.java:216)
11-28 13:36:31.237 30074 30124 W System.err: 	at android.os.HandlerThread.run(HandlerThread.java:65)
11-28 13:36:31.282 30074 30124 W System.err: java.net.SocketException: Message too long
11-28 13:36:31.282 30074 30124 W System.err: 	at sun.nio.ch.DatagramChannelImpl.send0(Native Method)
11-28 13:36:31.282 30074 30124 W System.err: 	at sun.nio.ch.DatagramChannelImpl.sendFromNativeBuffer(DatagramChannelImpl.java:573)
11-28 13:36:31.282 30074 30124 W System.err: 	at sun.nio.ch.DatagramChannelImpl.send(DatagramChannelImpl.java:550)
11-28 13:36:31.282 30074 30124 W System.err: 	at sun.nio.ch.DatagramChannelImpl.send(DatagramChannelImpl.java:514)
11-28 13:36:31.282 30074 30124 W System.err: 	at symlab.CloudAR.network.TransmissionTask.run(TransmissionTask.java:138)
11-28 13:36:31.282 30074 30124 W System.err: 	at android.os.Handler.handleCallback(Handler.java:907)
11-28 13:36:31.282 30074 30124 W System.err: 	at android.os.Handler.dispatchMessage(Handler.java:105)
11-28 13:36:31.282 30074 30124 W System.err: 	at android.os.Looper.loop(Looper.java:216)
11-28 13:36:31.282 30074 30124 W System.err: 	at android.os.HandlerThread.run(HandlerThread.java:65)
11-28 13:36:31.308 30074 30088 E         : [ZeroHung]zrhung_get_config: Get config failed for wp[0x0008]
11-28 13:36:31.337 30074 30086 W System  : A resource failed to call close. 
11-28 13:36:31.339 30074 30086 I chatty  : uid=10147(symlab.cloudridar.arhud) FinalizerDaemon identical 7 lines
11-28 13:36:31.339 30074 30086 W System  : A resource failed to call close. 
11-28 13:36:31.444 30074 30124 W System.err: java.net.SocketException: Message too long
11-28 13:36:31.444 30074 30124 W System.err: 	at sun.nio.ch.DatagramChannelImpl.send0(Native Method)
11-28 13:36:31.444 30074 30124 W System.err: 	at sun.nio.ch.DatagramChannelImpl.sendFromNativeBuffer(DatagramChannelImpl.java:573)
11-28 13:36:31.444 30074 30124 W System.err: 	at sun.nio.ch.DatagramChannelImpl.send(DatagramChannelImpl.java:550)
11-28 13:36:31.444 30074 30124 W System.err: 	at sun.nio.ch.DatagramChannelImpl.send(DatagramChannelImpl.java:514)
11-28 13:36:31.444 30074 30124 W System.err: 	at symlab.CloudAR.network.TransmissionTask.run(TransmissionTask.java:138)
11-28 13:36:31.444 30074 30124 W System.err: 	at android.os.Handler.handleCallback(Handler.java:907)
11-28 13:36:31.444 30074 30124 W System.err: 	at android.os.Handler.dispatchMessage(Handler.java:105)
11-28 13:36:31.444 30074 30124 W System.err: 	at android.os.Looper.loop(Looper.java:216)
11-28 13:36:31.444 30074 30124 W System.err: 	at android.os.HandlerThread.run(HandlerThread.java:65)
11-28 13:36:31.483 30074 30124 W System.err: java.net.SocketException: Message too long
11-28 13:36:31.483 30074 30124 W System.err: 	at sun.nio.ch.DatagramChannelImpl.send0(Native Method)
11-28 13:36:31.483 30074 30124 W System.err: 	at sun.nio.ch.DatagramChannelImpl.sendFromNativeBuffer(DatagramChannelImpl.java:573)
11-28 13:36:31.483 30074 30124 W System.err: 	at sun.nio.ch.DatagramChannelImpl.send(DatagramChannelImpl.java:550)
11-28 13:36:31.483 30074 30124 W System.err: 	at sun.nio.ch.DatagramChannelImpl.send(DatagramChannelImpl.java:514)
11-28 13:36:31.483 30074 30124 W System.err: 	at symlab.CloudAR.network.TransmissionTask.run(TransmissionTask.java:138)
11-28 13:36:31.483 30074 30124 W System.err: 	at android.os.Handler.handleCallback(Handler.java:907)
11-28 13:36:31.484 30074 30124 W System.err: 	at android.os.Handler.dispatchMessage(Handler.java:105)
11-28 13:36:31.484 30074 30124 W System.err: 	at android.os.Looper.loop(Looper.java:216)
11-28 13:36:31.484 30074 30124 W System.err: 	at android.os.HandlerThread.run(HandlerThread.java:65)
11-28 13:36:31.520 30074 30124 W System.err: java.net.SocketException: Message too long
11-28 13:36:31.520 30074 30124 W System.err: 	at sun.nio.ch.DatagramChannelImpl.send0(Native Method)
11-28 13:36:31.520 30074 30124 W System.err: 	at sun.nio.ch.DatagramChannelImpl.sendFromNativeBuffer(DatagramChannelImpl.java:573)
11-28 13:36:31.520 30074 30124 W System.err: 	at sun.nio.ch.DatagramChannelImpl.send(DatagramChannelImpl.java:550)
11-28 13:36:31.520 30074 30124 W System.err: 	at sun.nio.ch.DatagramChannelImpl.send(DatagramChannelImpl.java:514)
11-28 13:36:31.520 30074 30124 W System.err: 	at symlab.CloudAR.network.TransmissionTask.run(TransmissionTask.java:138)
11-28 13:36:31.520 30074 30124 W System.err: 	at android.os.Handler.handleCallback(Handler.java:907)
11-28 13:36:31.520 30074 30124 W System.err: 	at android.os.Handler.dispatchMessage(Handler.java:105)
11-28 13:36:31.520 30074 30124 W System.err: 	at android.os.Looper.loop(Looper.java:216)
11-28 13:36:31.520 30074 30124 W System.err: 	at android.os.HandlerThread.run(HandlerThread.java:65)
11-28 13:36:31.619 30074 30124 W System.err: java.net.SocketException: Message too long
11-28 13:36:31.619 30074 30124 W System.err: 	at sun.nio.ch.DatagramChannelImpl.send0(Native Method)
11-28 13:36:31.619 30074 30124 W System.err: 	at sun.nio.ch.DatagramChannelImpl.sendFromNativeBuffer(DatagramChannelImpl.java:573)
11-28 13:36:31.619 30074 30124 W System.err: 	at sun.nio.ch.DatagramChannelImpl.send(DatagramChannelImpl.java:550)
11-28 13:36:31.619 30074 30124 W System.err: 	at sun.nio.ch.DatagramChannelImpl.send(DatagramChannelImpl.java:514)
11-28 13:36:31.619 30074 30124 W System.err: 	at symlab.CloudAR.network.TransmissionTask.run(TransmissionTask.java:138)
11-28 13:36:31.619 30074 30124 W System.err: 	at android.os.Handler.handleCallback(Handler.java:907)
11-28 13:36:31.620 30074 30124 W System.err: 	at android.os.Handler.dispatchMessage(Handler.java:105)
11-28 13:36:31.620 30074 30124 W System.err: 	at android.os.Looper.loop(Looper.java:216)
11-28 13:36:31.620 30074 30124 W System.err: 	at android.os.HandlerThread.run(HandlerThread.java:65)
11-28 13:36:31.655 30074 30124 W System.err: java.net.SocketException: Message too long
11-28 13:36:31.655 30074 30124 W System.err: 	at sun.nio.ch.DatagramChannelImpl.send0(Native Method)
11-28 13:36:31.655 30074 30124 W System.err: 	at sun.nio.ch.DatagramChannelImpl.sendFromNativeBuffer(DatagramChannelImpl.java:573)
11-28 13:36:31.655 30074 30124 W System.err: 	at sun.nio.ch.DatagramChannelImpl.send(DatagramChannelImpl.java:550)
11-28 13:36:31.655 30074 30124 W System.err: 	at sun.nio.ch.DatagramChannelImpl.send(DatagramChannelImpl.java:514)
11-28 13:36:31.655 30074 30124 W System.err: 	at symlab.CloudAR.network.TransmissionTask.run(TransmissionTask.java:138)
11-28 13:36:31.655 30074 30124 W System.err: 	at android.os.Handler.handleCallback(Handler.java:907)
11-28 13:36:31.655 30074 30124 W System.err: 	at android.os.Handler.dispatchMessage(Handler.java:105)
11-28 13:36:31.655 30074 30124 W System.err: 	at android.os.Looper.loop(Looper.java:216)
11-28 13:36:31.655 30074 30124 W System.err: 	at android.os.HandlerThread.run(HandlerThread.java:65)
11-28 13:36:31.676 30074 30124 W System.err: java.net.SocketException: Message too long
11-28 13:36:31.676 30074 30124 W System.err: 	at sun.nio.ch.DatagramChannelImpl.send0(Native Method)
11-28 13:36:31.676 30074 30124 W System.err: 	at sun.nio.ch.DatagramChannelImpl.sendFromNativeBuffer(DatagramChannelImpl.java:573)
11-28 13:36:31.676 30074 30124 W System.err: 	at sun.nio.ch.DatagramChannelImpl.send(DatagramChannelImpl.java:550)
11-28 13:36:31.676 30074 30124 W System.err: 	at sun.nio.ch.DatagramChannelImpl.send(DatagramChannelImpl.java:514)
11-28 13:36:31.676 30074 30124 W System.err: 	at symlab.CloudAR.network.TransmissionTask.run(TransmissionTask.java:138)
11-28 13:36:31.676 30074 30124 W System.err: 	at android.os.Handler.handleCallback(Handler.java:907)
11-28 13:36:31.676 30074 30124 W System.err: 	at android.os.Handler.dispatchMessage(Handler.java:105)
11-28 13:36:31.676 30074 30124 W System.err: 	at android.os.Looper.loop(Looper.java:216)
11-28 13:36:31.676 30074 30124 W System.err: 	at android.os.HandlerThread.run(HandlerThread.java:65)
11-28 13:36:31.718 30074 30124 W System.err: java.net.SocketException: Message too long
11-28 13:36:31.718 30074 30124 W System.err: 	at sun.nio.ch.DatagramChannelImpl.send0(Native Method)
11-28 13:36:31.718 30074 30124 W System.err: 	at sun.nio.ch.DatagramChannelImpl.sendFromNativeBuffer(DatagramChannelImpl.java:573)
11-28 13:36:31.718 30074 30124 W System.err: 	at sun.nio.ch.DatagramChannelImpl.send(DatagramChannelImpl.java:550)
11-28 13:36:31.718 30074 30124 W System.err: 	at sun.nio.ch.DatagramChannelImpl.send(DatagramChannelImpl.java:514)
11-28 13:36:31.718 30074 30124 W System.err: 	at symlab.CloudAR.network.TransmissionTask.run(TransmissionTask.java:138)
11-28 13:36:31.718 30074 30124 W System.err: 	at android.os.Handler.handleCallback(Handler.java:907)
11-28 13:36:31.718 30074 30124 W System.err: 	at android.os.Handler.dispatchMessage(Handler.java:105)
11-28 13:36:31.718 30074 30124 W System.err: 	at android.os.Looper.loop(Looper.java:216)
11-28 13:36:31.718 30074 30124 W System.err: 	at android.os.HandlerThread.run(HandlerThread.java:65)
11-28 13:36:31.752 30074 30124 W System.err: java.net.SocketException: Message too long
11-28 13:36:31.752 30074 30124 W System.err: 	at sun.nio.ch.DatagramChannelImpl.send0(Native Method)
11-28 13:36:31.752 30074 30124 W System.err: 	at sun.nio.ch.DatagramChannelImpl.sendFromNativeBuffer(DatagramChannelImpl.java:573)
11-28 13:36:31.752 30074 30124 W System.err: 	at sun.nio.ch.DatagramChannelImpl.send(DatagramChannelImpl.java:550)
11-28 13:36:31.752 30074 30124 W System.err: 	at sun.nio.ch.DatagramChannelImpl.send(DatagramChannelImpl.java:514)
11-28 13:36:31.752 30074 30124 W System.err: 	at symlab.CloudAR.network.TransmissionTask.run(TransmissionTask.java:138)
11-28 13:36:31.752 30074 30124 W System.err: 	at android.os.Handler.handleCallback(Handler.java:907)
11-28 13:36:31.753 30074 30124 W System.err: 	at android.os.Handler.dispatchMessage(Handler.java:105)
11-28 13:36:31.753 30074 30124 W System.err: 	at android.os.Looper.loop(Looper.java:216)
11-28 13:36:31.753 30074 30124 W System.err: 	at android.os.HandlerThread.run(HandlerThread.java:65)
11-28 13:36:31.776 30074 30124 W System.err: java.net.SocketException: Message too long
11-28 13:36:31.776 30074 30124 W System.err: 	at sun.nio.ch.DatagramChannelImpl.send0(Native Method)
11-28 13:36:31.776 30074 30124 W System.err: 	at sun.nio.ch.DatagramChannelImpl.sendFromNativeBuffer(DatagramChannelImpl.java:573)
11-28 13:36:31.776 30074 30124 W System.err: 	at sun.nio.ch.DatagramChannelImpl.send(DatagramChannelImpl.java:550)
11-28 13:36:31.776 30074 30124 W System.err: 	at sun.nio.ch.DatagramChannelImpl.send(DatagramChannelImpl.java:514)
11-28 13:36:31.776 30074 30124 W System.err: 	at symlab.CloudAR.network.TransmissionTask.run(TransmissionTask.java:138)
11-28 13:36:31.776 30074 30124 W System.err: 	at android.os.Handler.handleCallback(Handler.java:907)
11-28 13:36:31.776 30074 30124 W System.err: 	at android.os.Handler.dispatchMessage(Handler.java:105)
11-28 13:36:31.776 30074 30124 W System.err: 	at android.os.Looper.loop(Looper.java:216)
11-28 13:36:31.776 30074 30124 W System.err: 	at android.os.HandlerThread.run(HandlerThread.java:65)
11-28 13:36:31.821 30074 30124 W System.err: java.net.SocketException: Message too long
11-28 13:36:31.821 30074 30124 W System.err: 	at sun.nio.ch.DatagramChannelImpl.send0(Native Method)
11-28 13:36:31.821 30074 30124 W System.err: 	at sun.nio.ch.DatagramChannelImpl.sendFromNativeBuffer(DatagramChannelImpl.java:573)
11-28 13:36:31.821 30074 30124 W System.err: 	at sun.nio.ch.DatagramChannelImpl.send(DatagramChannelImpl.java:550)
11-28 13:36:31.821 30074 30124 W System.err: 	at sun.nio.ch.DatagramChannelImpl.send(DatagramChannelImpl.java:514)
11-28 13:36:31.821 30074 30124 W System.err: 	at symlab.CloudAR.network.TransmissionTask.run(TransmissionTask.java:138)
11-28 13:36:31.821 30074 30124 W System.err: 	at android.os.Handler.handleCallback(Handler.java:907)
11-28 13:36:31.821 30074 30124 W System.err: 	at android.os.Handler.dispatchMessage(Handler.java:105)
11-28 13:36:31.821 30074 30124 W System.err: 	at android.os.Looper.loop(Looper.java:216)
11-28 13:36:31.821 30074 30124 W System.err: 	at android.os.HandlerThread.run(HandlerThread.java:65)
11-28 13:36:31.865 30074 30124 W System.err: java.net.SocketException: Message too long
11-28 13:36:31.865 30074 30124 W System.err: 	at sun.nio.ch.DatagramChannelImpl.send0(Native Method)
11-28 13:36:31.865 30074 30124 W System.err: 	at sun.nio.ch.DatagramChannelImpl.sendFromNativeBuffer(DatagramChannelImpl.java:573)
11-28 13:36:31.865 30074 30124 W System.err: 	at sun.nio.ch.DatagramChannelImpl.send(DatagramChannelImpl.java:550)
11-28 13:36:31.865 30074 30124 W System.err: 	at sun.nio.ch.DatagramChannelImpl.send(DatagramChannelImpl.java:514)
11-28 13:36:31.865 30074 30124 W System.err: 	at symlab.CloudAR.network.TransmissionTask.run(TransmissionTask.java:138)
11-28 13:36:31.865 30074 30124 W System.err: 	at android.os.Handler.handleCallback(Handler.java:907)
11-28 13:36:31.865 30074 30124 W System.err: 	at android.os.Handler.dispatchMessage(Handler.java:105)
11-28 13:36:31.865 30074 30124 W System.err: 	at android.os.Looper.loop(Looper.java:216)
11-28 13:36:31.865 30074 30124 W System.err: 	at android.os.HandlerThread.run(HandlerThread.java:65)
11-28 13:36:31.889 30074 30124 W System.err: java.net.SocketException: Message too long
11-28 13:36:31.889 30074 30124 W System.err: 	at sun.nio.ch.DatagramChannelImpl.send0(Native Method)
11-28 13:36:31.889 30074 30124 W System.err: 	at sun.nio.ch.DatagramChannelImpl.sendFromNativeBuffer(DatagramChannelImpl.java:573)
11-28 13:36:31.889 30074 30124 W System.err: 	at sun.nio.ch.DatagramChannelImpl.send(DatagramChannelImpl.java:550)
11-28 13:36:31.889 30074 30124 W System.err: 	at sun.nio.ch.DatagramChannelImpl.send(DatagramChannelImpl.java:514)
11-28 13:36:31.889 30074 30124 W System.err: 	at symlab.CloudAR.network.TransmissionTask.run(TransmissionTask.java:138)
11-28 13:36:31.889 30074 30124 W System.err: 	at android.os.Handler.handleCallback(Handler.java:907)
11-28 13:36:31.889 30074 30124 W System.err: 	at android.os.Handler.dispatchMessage(Handler.java:105)
11-28 13:36:31.889 30074 30124 W System.err: 	at android.os.Looper.loop(Looper.java:216)
11-28 13:36:31.889 30074 30124 W System.err: 	at android.os.HandlerThread.run(HandlerThread.java:65)
11-28 13:36:31.916 30074 30124 W System.err: java.net.SocketException: Message too long
11-28 13:36:31.916 30074 30124 W System.err: 	at sun.nio.ch.DatagramChannelImpl.send0(Native Method)
11-28 13:36:31.916 30074 30124 W System.err: 	at sun.nio.ch.DatagramChannelImpl.sendFromNativeBuffer(DatagramChannelImpl.java:573)
11-28 13:36:31.916 30074 30124 W System.err: 	at sun.nio.ch.DatagramChannelImpl.send(DatagramChannelImpl.java:550)
11-28 13:36:31.916 30074 30124 W System.err: 	at sun.nio.ch.DatagramChannelImpl.send(DatagramChannelImpl.java:514)
11-28 13:36:31.916 30074 30124 W System.err: 	at symlab.CloudAR.network.TransmissionTask.run(TransmissionTask.java:138)
11-28 13:36:31.916 30074 30124 W System.err: 	at android.os.Handler.handleCallback(Handler.java:907)
11-28 13:36:31.916 30074 30124 W System.err: 	at android.os.Handler.dispatchMessage(Handler.java:105)
11-28 13:36:31.916 30074 30124 W System.err: 	at android.os.Looper.loop(Looper.java:216)
11-28 13:36:31.916 30074 30124 W System.err: 	at android.os.HandlerThread.run(HandlerThread.java:65)
11-28 13:36:31.954 30074 30124 W System.err: java.net.SocketException: Message too long
11-28 13:36:31.954 30074 30124 W System.err: 	at sun.nio.ch.DatagramChannelImpl.send0(Native Method)
11-28 13:36:31.954 30074 30124 W System.err: 	at sun.nio.ch.DatagramChannelImpl.sendFromNativeBuffer(DatagramChannelImpl.java:573)
11-28 13:36:31.954 30074 30124 W System.err: 	at sun.nio.ch.DatagramChannelImpl.send(DatagramChannelImpl.java:550)
11-28 13:36:31.954 30074 30124 W System.err: 	at sun.nio.ch.DatagramChannelImpl.send(DatagramChannelImpl.java:514)
11-28 13:36:31.954 30074 30124 W System.err: 	at symlab.CloudAR.network.TransmissionTask.run(TransmissionTask.java:138)
11-28 13:36:31.954 30074 30124 W System.err: 	at android.os.Handler.handleCallback(Handler.java:907)
11-28 13:36:31.954 30074 30124 W System.err: 	at android.os.Handler.dispatchMessage(Handler.java:105)
11-28 13:36:31.954 30074 30124 W System.err: 	at android.os.Looper.loop(Looper.java:216)
11-28 13:36:31.954 30074 30124 W System.err: 	at android.os.HandlerThread.run(HandlerThread.java:65)
11-28 13:36:31.983 30074 30124 W System.err: java.net.SocketException: Message too long
11-28 13:36:31.983 30074 30124 W System.err: 	at sun.nio.ch.DatagramChannelImpl.send0(Native Method)
11-28 13:36:31.983 30074 30124 W System.err: 	at sun.nio.ch.DatagramChannelImpl.sendFromNativeBuffer(DatagramChannelImpl.java:573)
11-28 13:36:31.983 30074 30124 W System.err: 	at sun.nio.ch.DatagramChannelImpl.send(DatagramChannelImpl.java:550)
11-28 13:36:31.983 30074 30124 W System.err: 	at sun.nio.ch.DatagramChannelImpl.send(DatagramChannelImpl.java:514)
11-28 13:36:31.983 30074 30124 W System.err: 	at symlab.CloudAR.network.TransmissionTask.run(TransmissionTask.java:138)
11-28 13:36:31.983 30074 30124 W System.err: 	at android.os.Handler.handleCallback(Handler.java:907)
11-28 13:36:31.983 30074 30124 W System.err: 	at android.os.Handler.dispatchMessage(Handler.java:105)
11-28 13:36:31.983 30074 30124 W System.err: 	at android.os.Looper.loop(Looper.java:216)
11-28 13:36:31.983 30074 30124 W System.err: 	at android.os.HandlerThread.run(HandlerThread.java:65)
11-28 13:36:32.020 30074 30124 W System.err: java.net.SocketException: Message too long
11-28 13:36:32.020 30074 30124 W System.err: 	at sun.nio.ch.DatagramChannelImpl.send0(Native Method)
11-28 13:36:32.020 30074 30124 W System.err: 	at sun.nio.ch.DatagramChannelImpl.sendFromNativeBuffer(DatagramChannelImpl.java:573)
11-28 13:36:32.020 30074 30124 W System.err: 	at sun.nio.ch.DatagramChannelImpl.send(DatagramChannelImpl.java:550)
11-28 13:36:32.020 30074 30124 W System.err: 	at sun.nio.ch.DatagramChannelImpl.send(DatagramChannelImpl.java:514)
11-28 13:36:32.020 30074 30124 W System.err: 	at symlab.CloudAR.network.TransmissionTask.run(TransmissionTask.java:138)
11-28 13:36:32.020 30074 30124 W System.err: 	at android.os.Handler.handleCallback(Handler.java:907)
11-28 13:36:32.020 30074 30124 W System.err: 	at android.os.Handler.dispatchMessage(Handler.java:105)
11-28 13:36:32.020 30074 30124 W System.err: 	at android.os.Looper.loop(Looper.java:216)
11-28 13:36:32.020 30074 30124 W System.err: 	at android.os.HandlerThread.run(HandlerThread.java:65)
11-28 13:36:32.178 30074 30074 D Poster  : At 1574940992178 location is 65.05793707093103 (latitude), and 25.470159435136516 (longitude)
11-28 13:36:32.182 30074 30074 D Poster  : Connected to mobile network 20
11-28 13:36:32.249 30074 30088 E         : [ZeroHung]zrhung_get_config: Get config failed for wp[0x0008]
11-28 13:36:32.249 30074 30124 W System.err: java.net.SocketException: Message too long
11-28 13:36:32.249 30074 30124 W System.err: 	at sun.nio.ch.DatagramChannelImpl.send0(Native Method)
11-28 13:36:32.249 30074 30124 W System.err: 	at sun.nio.ch.DatagramChannelImpl.sendFromNativeBuffer(DatagramChannelImpl.java:573)
11-28 13:36:32.249 30074 30124 W System.err: 	at sun.nio.ch.DatagramChannelImpl.send(DatagramChannelImpl.java:550)
11-28 13:36:32.249 30074 30124 W System.err: 	at sun.nio.ch.DatagramChannelImpl.send(DatagramChannelImpl.java:514)
11-28 13:36:32.249 30074 30124 W System.err: 	at symlab.CloudAR.network.TransmissionTask.run(TransmissionTask.java:138)
11-28 13:36:32.249 30074 30124 W System.err: 	at android.os.Handler.handleCallback(Handler.java:907)
11-28 13:36:32.249 30074 30124 W System.err: 	at android.os.Handler.dispatchMessage(Handler.java:105)
11-28 13:36:32.249 30074 30124 W System.err: 	at android.os.Looper.loop(Looper.java:216)
11-28 13:36:32.250 30074 30124 W System.err: 	at android.os.HandlerThread.run(HandlerThread.java:65)
11-28 13:36:32.275 30074 30086 W System  : A resource failed to call close. 
11-28 13:36:32.276 30074 30086 I chatty  : uid=10147(symlab.cloudridar.arhud) FinalizerDaemon identical 9 lines
11-28 13:36:32.276 30074 30086 W System  : A resource failed to call close. 
11-28 13:36:32.414 30074 30124 W System.err: java.net.SocketException: Message too long
11-28 13:36:32.415 30074 30124 W System.err: 	at sun.nio.ch.DatagramChannelImpl.send0(Native Method)
11-28 13:36:32.415 30074 30124 W System.err: 	at sun.nio.ch.DatagramChannelImpl.sendFromNativeBuffer(DatagramChannelImpl.java:573)
11-28 13:36:32.415 30074 30124 W System.err: 	at sun.nio.ch.DatagramChannelImpl.send(DatagramChannelImpl.java:550)
11-28 13:36:32.415 30074 30124 W System.err: 	at sun.nio.ch.DatagramChannelImpl.send(DatagramChannelImpl.java:514)
11-28 13:36:32.415 30074 30124 W System.err: 	at symlab.CloudAR.network.TransmissionTask.run(TransmissionTask.java:138)
11-28 13:36:32.415 30074 30124 W System.err: 	at android.os.Handler.handleCallback(Handler.java:907)
11-28 13:36:32.415 30074 30124 W System.err: 	at android.os.Handler.dispatchMessage(Handler.java:105)
11-28 13:36:32.415 30074 30124 W System.err: 	at android.os.Looper.loop(Looper.java:216)
11-28 13:36:32.415 30074 30124 W System.err: 	at android.os.HandlerThread.run(HandlerThread.java:65)
11-28 13:36:32.594 30074 30124 W System.err: java.net.SocketException: Message too long
11-28 13:36:32.594 30074 30124 W System.err: 	at sun.nio.ch.DatagramChannelImpl.send0(Native Method)
11-28 13:36:32.594 30074 30124 W System.err: 	at sun.nio.ch.DatagramChannelImpl.sendFromNativeBuffer(DatagramChannelImpl.java:573)
11-28 13:36:32.594 30074 30124 W System.err: 	at sun.nio.ch.DatagramChannelImpl.send(DatagramChannelImpl.java:550)
11-28 13:36:32.594 30074 30124 W System.err: 	at sun.nio.ch.DatagramChannelImpl.send(DatagramChannelImpl.java:514)
11-28 13:36:32.594 30074 30124 W System.err: 	at symlab.CloudAR.network.TransmissionTask.run(TransmissionTask.java:138)
11-28 13:36:32.594 30074 30124 W System.err: 	at android.os.Handler.handleCallback(Handler.java:907)
11-28 13:36:32.594 30074 30124 W System.err: 	at android.os.Handler.dispatchMessage(Handler.java:105)
11-28 13:36:32.594 30074 30124 W System.err: 	at android.os.Looper.loop(Looper.java:216)
11-28 13:36:32.594 30074 30124 W System.err: 	at android.os.HandlerThread.run(HandlerThread.java:65)
11-28 13:36:32.621 30074 30124 W System.err: java.net.SocketException: Message too long
11-28 13:36:32.621 30074 30124 W System.err: 	at sun.nio.ch.DatagramChannelImpl.send0(Native Method)
11-28 13:36:32.621 30074 30124 W System.err: 	at sun.nio.ch.DatagramChannelImpl.sendFromNativeBuffer(DatagramChannelImpl.java:573)
11-28 13:36:32.621 30074 30124 W System.err: 	at sun.nio.ch.DatagramChannelImpl.send(DatagramChannelImpl.java:550)
11-28 13:36:32.621 30074 30124 W System.err: 	at sun.nio.ch.DatagramChannelImpl.send(DatagramChannelImpl.java:514)
11-28 13:36:32.621 30074 30124 W System.err: 	at symlab.CloudAR.network.TransmissionTask.run(TransmissionTask.java:138)
11-28 13:36:32.621 30074 30124 W System.err: 	at android.os.Handler.handleCallback(Handler.java:907)
11-28 13:36:32.621 30074 30124 W System.err: 	at android.os.Handler.dispatchMessage(Handler.java:105)
11-28 13:36:32.621 30074 30124 W System.err: 	at android.os.Looper.loop(Looper.java:216)
11-28 13:36:32.621 30074 30124 W System.err: 	at android.os.HandlerThread.run(HandlerThread.java:65)
11-28 13:36:32.660 30074 30124 W System.err: java.net.SocketException: Message too long
11-28 13:36:32.661 30074 30124 W System.err: 	at sun.nio.ch.DatagramChannelImpl.send0(Native Method)
11-28 13:36:32.661 30074 30124 W System.err: 	at sun.nio.ch.DatagramChannelImpl.sendFromNativeBuffer(DatagramChannelImpl.java:573)
11-28 13:36:32.661 30074 30124 W System.err: 	at sun.nio.ch.DatagramChannelImpl.send(DatagramChannelImpl.java:550)
11-28 13:36:32.661 30074 30124 W System.err: 	at sun.nio.ch.DatagramChannelImpl.send(DatagramChannelImpl.java:514)
11-28 13:36:32.661 30074 30124 W System.err: 	at symlab.CloudAR.network.TransmissionTask.run(TransmissionTask.java:138)
11-28 13:36:32.661 30074 30124 W System.err: 	at android.os.Handler.handleCallback(Handler.java:907)
11-28 13:36:32.661 30074 30124 W System.err: 	at android.os.Handler.dispatchMessage(Handler.java:105)
11-28 13:36:32.661 30074 30124 W System.err: 	at android.os.Looper.loop(Looper.java:216)
11-28 13:36:32.661 30074 30124 W System.err: 	at android.os.HandlerThread.run(HandlerThread.java:65)
11-28 13:36:32.698 30074 30124 W System.err: java.net.SocketException: Message too long
11-28 13:36:32.699 30074 30124 W System.err: 	at sun.nio.ch.DatagramChannelImpl.send0(Native Method)
11-28 13:36:32.699 30074 30124 W System.err: 	at sun.nio.ch.DatagramChannelImpl.sendFromNativeBuffer(DatagramChannelImpl.java:573)
11-28 13:36:32.699 30074 30124 W System.err: 	at sun.nio.ch.DatagramChannelImpl.send(DatagramChannelImpl.java:550)
11-28 13:36:32.699 30074 30124 W System.err: 	at sun.nio.ch.DatagramChannelImpl.send(DatagramChannelImpl.java:514)
11-28 13:36:32.699 30074 30124 W System.err: 	at symlab.CloudAR.network.TransmissionTask.run(TransmissionTask.java:138)
11-28 13:36:32.699 30074 30124 W System.err: 	at android.os.Handler.handleCallback(Handler.java:907)
11-28 13:36:32.699 30074 30124 W System.err: 	at android.os.Handler.dispatchMessage(Handler.java:105)
11-28 13:36:32.699 30074 30124 W System.err: 	at android.os.Looper.loop(Looper.java:216)
11-28 13:36:32.699 30074 30124 W System.err: 	at android.os.HandlerThread.run(HandlerThread.java:65)
11-28 13:36:32.723 30074 30124 W System.err: java.net.SocketException: Message too long
11-28 13:36:32.723 30074 30124 W System.err: 	at sun.nio.ch.DatagramChannelImpl.send0(Native Method)
11-28 13:36:32.723 30074 30124 W System.err: 	at sun.nio.ch.DatagramChannelImpl.sendFromNativeBuffer(DatagramChannelImpl.java:573)
11-28 13:36:32.723 30074 30124 W System.err: 	at sun.nio.ch.DatagramChannelImpl.send(DatagramChannelImpl.java:550)
11-28 13:36:32.723 30074 30124 W System.err: 	at sun.nio.ch.DatagramChannelImpl.send(DatagramChannelImpl.java:514)
11-28 13:36:32.723 30074 30124 W System.err: 	at symlab.CloudAR.network.TransmissionTask.run(TransmissionTask.java:138)
11-28 13:36:32.723 30074 30124 W System.err: 	at android.os.Handler.handleCallback(Handler.java:907)
11-28 13:36:32.723 30074 30124 W System.err: 	at android.os.Handler.dispatchMessage(Handler.java:105)
11-28 13:36:32.723 30074 30124 W System.err: 	at android.os.Looper.loop(Looper.java:216)
11-28 13:36:32.723 30074 30124 W System.err: 	at android.os.HandlerThread.run(HandlerThread.java:65)
11-28 13:36:32.960 30074 30124 W System.err: java.net.SocketException: Message too long
11-28 13:36:32.960 30074 30124 W System.err: 	at sun.nio.ch.DatagramChannelImpl.send0(Native Method)
11-28 13:36:32.960 30074 30124 W System.err: 	at sun.nio.ch.DatagramChannelImpl.sendFromNativeBuffer(DatagramChannelImpl.java:573)
11-28 13:36:32.960 30074 30124 W System.err: 	at sun.nio.ch.DatagramChannelImpl.send(DatagramChannelImpl.java:550)
11-28 13:36:32.960 30074 30124 W System.err: 	at sun.nio.ch.DatagramChannelImpl.send(DatagramChannelImpl.java:514)
11-28 13:36:32.960 30074 30124 W System.err: 	at symlab.CloudAR.network.TransmissionTask.run(TransmissionTask.java:138)
11-28 13:36:32.960 30074 30124 W System.err: 	at android.os.Handler.handleCallback(Handler.java:907)
11-28 13:36:32.960 30074 30124 W System.err: 	at android.os.Handler.dispatchMessage(Handler.java:105)
11-28 13:36:32.960 30074 30124 W System.err: 	at android.os.Looper.loop(Looper.java:216)
11-28 13:36:32.960 30074 30124 W System.err: 	at android.os.HandlerThread.run(HandlerThread.java:65)
11-28 13:36:33.062 30074 30124 W System.err: java.net.SocketException: Message too long
11-28 13:36:33.062 30074 30124 W System.err: 	at sun.nio.ch.DatagramChannelImpl.send0(Native Method)
11-28 13:36:33.062 30074 30124 W System.err: 	at sun.nio.ch.DatagramChannelImpl.sendFromNativeBuffer(DatagramChannelImpl.java:573)
11-28 13:36:33.063 30074 30124 W System.err: 	at sun.nio.ch.DatagramChannelImpl.send(DatagramChannelImpl.java:550)
11-28 13:36:33.063 30074 30124 W System.err: 	at sun.nio.ch.DatagramChannelImpl.send(DatagramChannelImpl.java:514)
11-28 13:36:33.063 30074 30124 W System.err: 	at symlab.CloudAR.network.TransmissionTask.run(TransmissionTask.java:138)
11-28 13:36:33.063 30074 30124 W System.err: 	at android.os.Handler.handleCallback(Handler.java:907)
11-28 13:36:33.063 30074 30124 W System.err: 	at android.os.Handler.dispatchMessage(Handler.java:105)
11-28 13:36:33.063 30074 30124 W System.err: 	at android.os.Looper.loop(Looper.java:216)
11-28 13:36:33.063 30074 30124 W System.err: 	at android.os.HandlerThread.run(HandlerThread.java:65)
11-28 13:36:33.092 30074 30124 W System.err: java.net.SocketException: Message too long
11-28 13:36:33.092 30074 30124 W System.err: 	at sun.nio.ch.DatagramChannelImpl.send0(Native Method)
11-28 13:36:33.092 30074 30124 W System.err: 	at sun.nio.ch.DatagramChannelImpl.sendFromNativeBuffer(DatagramChannelImpl.java:573)
11-28 13:36:33.092 30074 30124 W System.err: 	at sun.nio.ch.DatagramChannelImpl.send(DatagramChannelImpl.java:550)
11-28 13:36:33.092 30074 30124 W System.err: 	at sun.nio.ch.DatagramChannelImpl.send(DatagramChannelImpl.java:514)
11-28 13:36:33.092 30074 30124 W System.err: 	at symlab.CloudAR.network.TransmissionTask.run(TransmissionTask.java:138)
11-28 13:36:33.092 30074 30124 W System.err: 	at android.os.Handler.handleCallback(Handler.java:907)
11-28 13:36:33.092 30074 30124 W System.err: 	at android.os.Handler.dispatchMessage(Handler.java:105)
11-28 13:36:33.092 30074 30124 W System.err: 	at android.os.Looper.loop(Looper.java:216)
11-28 13:36:33.092 30074 30124 W System.err: 	at android.os.HandlerThread.run(HandlerThread.java:65)
11-28 13:36:33.188 30074 30074 D Poster  : At 1574940993188 location is 65.05794103425788 (latitude), and 25.470167124280604 (longitude)
11-28 13:36:33.190 30074 30074 D Poster  : Connected to mobile network 20
11-28 13:36:33.203 30074 30088 E         : [ZeroHung]zrhung_get_config: Get config failed for wp[0x0008]
11-28 13:36:33.204 30074 30124 W System.err: java.net.SocketException: Message too long
11-28 13:36:33.204 30074 30124 W System.err: 	at sun.nio.ch.DatagramChannelImpl.send0(Native Method)
11-28 13:36:33.204 30074 30124 W System.err: 	at sun.nio.ch.DatagramChannelImpl.sendFromNativeBuffer(DatagramChannelImpl.java:573)
11-28 13:36:33.204 30074 30124 W System.err: 	at sun.nio.ch.DatagramChannelImpl.send(DatagramChannelImpl.java:550)
11-28 13:36:33.204 30074 30124 W System.err: 	at sun.nio.ch.DatagramChannelImpl.send(DatagramChannelImpl.java:514)
11-28 13:36:33.204 30074 30124 W System.err: 	at symlab.CloudAR.network.TransmissionTask.run(TransmissionTask.java:138)
11-28 13:36:33.204 30074 30124 W System.err: 	at android.os.Handler.handleCallback(Handler.java:907)
11-28 13:36:33.204 30074 30124 W System.err: 	at android.os.Handler.dispatchMessage(Handler.java:105)
11-28 13:36:33.204 30074 30124 W System.err: 	at android.os.Looper.loop(Looper.java:216)
11-28 13:36:33.204 30074 30124 W System.err: 	at android.os.HandlerThread.run(HandlerThread.java:65)
11-28 13:36:33.222 30074 30086 W System  : A resource failed to call close. 
11-28 13:36:33.224 30074 30086 I chatty  : uid=10147(symlab.cloudridar.arhud) FinalizerDaemon identical 16 lines
11-28 13:36:33.224 30074 30086 W System  : A resource failed to call close. 
11-28 13:36:33.348 30074 30124 W System.err: java.net.SocketException: Message too long
11-28 13:36:33.348 30074 30124 W System.err: 	at sun.nio.ch.DatagramChannelImpl.send0(Native Method)
11-28 13:36:33.348 30074 30124 W System.err: 	at sun.nio.ch.DatagramChannelImpl.sendFromNativeBuffer(DatagramChannelImpl.java:573)
11-28 13:36:33.348 30074 30124 W System.err: 	at sun.nio.ch.DatagramChannelImpl.send(DatagramChannelImpl.java:550)
11-28 13:36:33.348 30074 30124 W System.err: 	at sun.nio.ch.DatagramChannelImpl.send(DatagramChannelImpl.java:514)
11-28 13:36:33.348 30074 30124 W System.err: 	at symlab.CloudAR.network.TransmissionTask.run(TransmissionTask.java:138)
11-28 13:36:33.348 30074 30124 W System.err: 	at android.os.Handler.handleCallback(Handler.java:907)
11-28 13:36:33.348 30074 30124 W System.err: 	at android.os.Handler.dispatchMessage(Handler.java:105)
11-28 13:36:33.348 30074 30124 W System.err: 	at android.os.Looper.loop(Looper.java:216)
11-28 13:36:33.348 30074 30124 W System.err: 	at android.os.HandlerThread.run(HandlerThread.java:65)
11-28 13:36:33.392 30074 30124 W System.err: java.net.SocketException: Message too long
11-28 13:36:33.392 30074 30124 W System.err: 	at sun.nio.ch.DatagramChannelImpl.send0(Native Method)
11-28 13:36:33.392 30074 30124 W System.err: 	at sun.nio.ch.DatagramChannelImpl.sendFromNativeBuffer(DatagramChannelImpl.java:573)
11-28 13:36:33.392 30074 30124 W System.err: 	at sun.nio.ch.DatagramChannelImpl.send(DatagramChannelImpl.java:550)
11-28 13:36:33.392 30074 30124 W System.err: 	at sun.nio.ch.DatagramChannelImpl.send(DatagramChannelImpl.java:514)
11-28 13:36:33.392 30074 30124 W System.err: 	at symlab.CloudAR.network.TransmissionTask.run(TransmissionTask.java:138)
11-28 13:36:33.392 30074 30124 W System.err: 	at android.os.Handler.handleCallback(Handler.java:907)
11-28 13:36:33.392 30074 30124 W System.err: 	at android.os.Handler.dispatchMessage(Handler.java:105)
11-28 13:36:33.392 30074 30124 W System.err: 	at android.os.Looper.loop(Looper.java:216)
11-28 13:36:33.392 30074 30124 W System.err: 	at android.os.HandlerThread.run(HandlerThread.java:65)
11-28 13:36:33.421 30074 30124 W System.err: java.net.SocketException: Message too long
11-28 13:36:33.421 30074 30124 W System.err: 	at sun.nio.ch.DatagramChannelImpl.send0(Native Method)
11-28 13:36:33.421 30074 30124 W System.err: 	at sun.nio.ch.DatagramChannelImpl.sendFromNativeBuffer(DatagramChannelImpl.java:573)
11-28 13:36:33.421 30074 30124 W System.err: 	at sun.nio.ch.DatagramChannelImpl.send(DatagramChannelImpl.java:550)
11-28 13:36:33.421 30074 30124 W System.err: 	at sun.nio.ch.DatagramChannelImpl.send(DatagramChannelImpl.java:514)
11-28 13:36:33.421 30074 30124 W System.err: 	at symlab.CloudAR.network.TransmissionTask.run(TransmissionTask.java:138)
11-28 13:36:33.421 30074 30124 W System.err: 	at android.os.Handler.handleCallback(Handler.java:907)
11-28 13:36:33.421 30074 30124 W System.err: 	at android.os.Handler.dispatchMessage(Handler.java:105)
11-28 13:36:33.421 30074 30124 W System.err: 	at android.os.Looper.loop(Looper.java:216)
11-28 13:36:33.421 30074 30124 W System.err: 	at android.os.HandlerThread.run(HandlerThread.java:65)
11-28 13:36:33.467 30074 30124 W System.err: java.net.SocketException: Message too long
11-28 13:36:33.467 30074 30124 W System.err: 	at sun.nio.ch.DatagramChannelImpl.send0(Native Method)
11-28 13:36:33.467 30074 30124 W System.err: 	at sun.nio.ch.DatagramChannelImpl.sendFromNativeBuffer(DatagramChannelImpl.java:573)
11-28 13:36:33.467 30074 30124 W System.err: 	at sun.nio.ch.DatagramChannelImpl.send(DatagramChannelImpl.java:550)
11-28 13:36:33.467 30074 30124 W System.err: 	at sun.nio.ch.DatagramChannelImpl.send(DatagramChannelImpl.java:514)
11-28 13:36:33.467 30074 30124 W System.err: 	at symlab.CloudAR.network.TransmissionTask.run(TransmissionTask.java:138)
11-28 13:36:33.467 30074 30124 W System.err: 	at android.os.Handler.handleCallback(Handler.java:907)
11-28 13:36:33.467 30074 30124 W System.err: 	at android.os.Handler.dispatchMessage(Handler.java:105)
11-28 13:36:33.467 30074 30124 W System.err: 	at android.os.Looper.loop(Looper.java:216)
11-28 13:36:33.467 30074 30124 W System.err: 	at android.os.HandlerThread.run(HandlerThread.java:65)
11-28 13:36:33.539 30074 30124 W System.err: java.net.SocketException: Message too long
11-28 13:36:33.539 30074 30124 W System.err: 	at sun.nio.ch.DatagramChannelImpl.send0(Native Method)
11-28 13:36:33.539 30074 30124 W System.err: 	at sun.nio.ch.DatagramChannelImpl.sendFromNativeBuffer(DatagramChannelImpl.java:573)
11-28 13:36:33.539 30074 30124 W System.err: 	at sun.nio.ch.DatagramChannelImpl.send(DatagramChannelImpl.java:550)
11-28 13:36:33.539 30074 30124 W System.err: 	at sun.nio.ch.DatagramChannelImpl.send(DatagramChannelImpl.java:514)
11-28 13:36:33.539 30074 30124 W System.err: 	at symlab.CloudAR.network.TransmissionTask.run(TransmissionTask.java:138)
11-28 13:36:33.539 30074 30124 W System.err: 	at android.os.Handler.handleCallback(Handler.java:907)
11-28 13:36:33.539 30074 30124 W System.err: 	at android.os.Handler.dispatchMessage(Handler.java:105)
11-28 13:36:33.539 30074 30124 W System.err: 	at android.os.Looper.loop(Looper.java:216)
11-28 13:36:33.539 30074 30124 W System.err: 	at android.os.HandlerThread.run(HandlerThread.java:65)
11-28 13:36:33.562 30074 30124 W System.err: java.net.SocketException: Message too long
11-28 13:36:33.562 30074 30124 W System.err: 	at sun.nio.ch.DatagramChannelImpl.send0(Native Method)
11-28 13:36:33.562 30074 30124 W System.err: 	at sun.nio.ch.DatagramChannelImpl.sendFromNativeBuffer(DatagramChannelImpl.java:573)
11-28 13:36:33.562 30074 30124 W System.err: 	at sun.nio.ch.DatagramChannelImpl.send(DatagramChannelImpl.java:550)
11-28 13:36:33.562 30074 30124 W System.err: 	at sun.nio.ch.DatagramChannelImpl.send(DatagramChannelImpl.java:514)
11-28 13:36:33.562 30074 30124 W System.err: 	at symlab.CloudAR.network.TransmissionTask.run(TransmissionTask.java:138)
11-28 13:36:33.562 30074 30124 W System.err: 	at android.os.Handler.handleCallback(Handler.java:907)
11-28 13:36:33.562 30074 30124 W System.err: 	at android.os.Handler.dispatchMessage(Handler.java:105)
11-28 13:36:33.562 30074 30124 W System.err: 	at android.os.Looper.loop(Looper.java:216)
11-28 13:36:33.562 30074 30124 W System.err: 	at android.os.HandlerThread.run(HandlerThread.java:65)
11-28 13:36:33.749 30074 30124 W System.err: java.net.SocketException: Message too long
11-28 13:36:33.749 30074 30124 W System.err: 	at sun.nio.ch.DatagramChannelImpl.send0(Native Method)
11-28 13:36:33.749 30074 30124 W System.err: 	at sun.nio.ch.DatagramChannelImpl.sendFromNativeBuffer(DatagramChannelImpl.java:573)
11-28 13:36:33.749 30074 30124 W System.err: 	at sun.nio.ch.DatagramChannelImpl.send(DatagramChannelImpl.java:550)
11-28 13:36:33.749 30074 30124 W System.err: 	at sun.nio.ch.DatagramChannelImpl.send(DatagramChannelImpl.java:514)
11-28 13:36:33.750 30074 30124 W System.err: 	at symlab.CloudAR.network.TransmissionTask.run(TransmissionTask.java:138)
11-28 13:36:33.750 30074 30124 W System.err: 	at android.os.Handler.handleCallback(Handler.java:907)
11-28 13:36:33.750 30074 30124 W System.err: 	at android.os.Handler.dispatchMessage(Handler.java:105)
11-28 13:36:33.750 30074 30124 W System.err: 	at android.os.Looper.loop(Looper.java:216)
11-28 13:36:33.750 30074 30124 W System.err: 	at android.os.HandlerThread.run(HandlerThread.java:65)
11-28 13:36:33.830 30074 30124 W System.err: java.net.SocketException: Message too long
