11-26 14:19:38.445 24008 24049 W System.err: 	at symlab.CloudAR.network.TransmissionTask.run(TransmissionTask.java:133)
11-26 14:19:38.445 24008 24049 W System.err: 	at android.os.Handler.handleCallback(Handler.java:874)
11-26 14:19:38.445 24008 24049 W System.err: 	at android.os.Handler.dispatchMessage(Handler.java:100)
11-26 14:19:38.445 24008 24049 W System.err: 	at android.os.Looper.loop(Looper.java:198)
11-26 14:19:38.445 24008 24049 W System.err: 	at android.os.HandlerThread.run(HandlerThread.java:65)
11-26 14:19:38.469 24008 24049 W System.err: java.net.SocketException: Message too long
11-26 14:19:38.470 24008 24049 W System.err: 	at sun.nio.ch.DatagramChannelImpl.send0(Native Method)
11-26 14:19:38.470 24008 24049 W System.err: 	at sun.nio.ch.DatagramChannelImpl.sendFromNativeBuffer(DatagramChannelImpl.java:573)
11-26 14:19:38.470 24008 24049 W System.err: 	at sun.nio.ch.DatagramChannelImpl.send(DatagramChannelImpl.java:550)
11-26 14:19:38.470 24008 24049 W System.err: 	at sun.nio.ch.DatagramChannelImpl.send(DatagramChannelImpl.java:514)
11-26 14:19:38.470 24008 24049 W System.err: 	at symlab.CloudAR.network.TransmissionTask.run(TransmissionTask.java:133)
11-26 14:19:38.470 24008 24049 W System.err: 	at android.os.Handler.handleCallback(Handler.java:874)
11-26 14:19:38.470 24008 24049 W System.err: 	at android.os.Handler.dispatchMessage(Handler.java:100)
11-26 14:19:38.470 24008 24049 W System.err: 	at android.os.Looper.loop(Looper.java:198)
11-26 14:19:38.470 24008 24049 W System.err: 	at android.os.HandlerThread.run(HandlerThread.java:65)
11-26 14:19:38.553 24008 24049 W System.err: java.net.SocketException: Message too long
11-26 14:19:38.554 24008 24049 W System.err: 	at sun.nio.ch.DatagramChannelImpl.send0(Native Method)
11-26 14:19:38.554 24008 24049 W System.err: 	at sun.nio.ch.DatagramChannelImpl.sendFromNativeBuffer(DatagramChannelImpl.java:573)
11-26 14:19:38.554 24008 24049 W System.err: 	at sun.nio.ch.DatagramChannelImpl.send(DatagramChannelImpl.java:550)
11-26 14:19:38.554 24008 24049 W System.err: 	at sun.nio.ch.DatagramChannelImpl.send(DatagramChannelImpl.java:514)
11-26 14:19:38.554 24008 24049 W System.err: 	at symlab.CloudAR.network.TransmissionTask.run(TransmissionTask.java:133)
11-26 14:19:38.554 24008 24049 W System.err: 	at android.os.Handler.handleCallback(Handler.java:874)
11-26 14:19:38.554 24008 24049 W System.err: 	at android.os.Handler.dispatchMessage(Handler.java:100)
11-26 14:19:38.554 24008 24049 W System.err: 	at android.os.Looper.loop(Looper.java:198)
11-26 14:19:38.555 24008 24049 W System.err: 	at android.os.HandlerThread.run(HandlerThread.java:65)
11-26 14:19:38.581 24008 24019 W System  : A resource failed to call close. 
11-26 14:19:38.583 24008 24019 I chatty  : uid=10203(symlab.cloudridar.arhud) FinalizerDaemon identical 20 lines
11-26 14:19:38.583 24008 24019 W System  : A resource failed to call close. 
11-26 14:19:38.638 24008 24049 W System.err: java.net.SocketException: Message too long
11-26 14:19:38.639 24008 24049 W System.err: 	at sun.nio.ch.DatagramChannelImpl.send0(Native Method)
11-26 14:19:38.639 24008 24049 W System.err: 	at sun.nio.ch.DatagramChannelImpl.sendFromNativeBuffer(DatagramChannelImpl.java:573)
11-26 14:19:38.639 24008 24049 W System.err: 	at sun.nio.ch.DatagramChannelImpl.send(DatagramChannelImpl.java:550)
11-26 14:19:38.639 24008 24049 W System.err: 	at sun.nio.ch.DatagramChannelImpl.send(DatagramChannelImpl.java:514)
11-26 14:19:38.639 24008 24049 W System.err: 	at symlab.CloudAR.network.TransmissionTask.run(TransmissionTask.java:133)
11-26 14:19:38.639 24008 24049 W System.err: 	at android.os.Handler.handleCallback(Handler.java:874)
11-26 14:19:38.639 24008 24049 W System.err: 	at android.os.Handler.dispatchMessage(Handler.java:100)
11-26 14:19:38.639 24008 24049 W System.err: 	at android.os.Looper.loop(Looper.java:198)
11-26 14:19:38.639 24008 24049 W System.err: 	at android.os.HandlerThread.run(HandlerThread.java:65)
11-26 14:19:38.677 24008 24049 W System.err: java.net.SocketException: Message too long
11-26 14:19:38.677 24008 24049 W System.err: 	at sun.nio.ch.DatagramChannelImpl.send0(Native Method)
11-26 14:19:38.677 24008 24049 W System.err: 	at sun.nio.ch.DatagramChannelImpl.sendFromNativeBuffer(DatagramChannelImpl.java:573)
11-26 14:19:38.677 24008 24049 W System.err: 	at sun.nio.ch.DatagramChannelImpl.send(DatagramChannelImpl.java:550)
11-26 14:19:38.677 24008 24049 W System.err: 	at sun.nio.ch.DatagramChannelImpl.send(DatagramChannelImpl.java:514)
11-26 14:19:38.677 24008 24049 W System.err: 	at symlab.CloudAR.network.TransmissionTask.run(TransmissionTask.java:133)
11-26 14:19:38.677 24008 24049 W System.err: 	at android.os.Handler.handleCallback(Handler.java:874)
11-26 14:19:38.677 24008 24049 W System.err: 	at android.os.Handler.dispatchMessage(Handler.java:100)
11-26 14:19:38.677 24008 24049 W System.err: 	at android.os.Looper.loop(Looper.java:198)
11-26 14:19:38.677 24008 24049 W System.err: 	at android.os.HandlerThread.run(HandlerThread.java:65)
11-26 14:19:38.680 24008 24049 D Evaluation: 4 res for frame 314 received at 1574770778680
11-26 14:19:38.778 24008 24049 W System.err: java.net.SocketException: Message too long
11-26 14:19:38.778 24008 24049 W System.err: 	at sun.nio.ch.DatagramChannelImpl.send0(Native Method)
11-26 14:19:38.778 24008 24049 W System.err: 	at sun.nio.ch.DatagramChannelImpl.sendFromNativeBuffer(DatagramChannelImpl.java:573)
11-26 14:19:38.778 24008 24049 W System.err: 	at sun.nio.ch.DatagramChannelImpl.send(DatagramChannelImpl.java:550)
11-26 14:19:38.778 24008 24049 W System.err: 	at sun.nio.ch.DatagramChannelImpl.send(DatagramChannelImpl.java:514)
11-26 14:19:38.778 24008 24049 W System.err: 	at symlab.CloudAR.network.TransmissionTask.run(TransmissionTask.java:133)
11-26 14:19:38.779 24008 24049 W System.err: 	at android.os.Handler.handleCallback(Handler.java:874)
11-26 14:19:38.779 24008 24049 W System.err: 	at android.os.Handler.dispatchMessage(Handler.java:100)
11-26 14:19:38.779 24008 24049 W System.err: 	at android.os.Looper.loop(Looper.java:198)
11-26 14:19:38.779 24008 24049 W System.err: 	at android.os.HandlerThread.run(HandlerThread.java:65)
11-26 14:19:38.781 24008 24049 D Evaluation: 4 res for frame 317 received at 1574770778781
11-26 14:19:38.812 24008 24049 W System.err: java.net.SocketException: Message too long
11-26 14:19:38.812 24008 24049 W System.err: 	at sun.nio.ch.DatagramChannelImpl.send0(Native Method)
11-26 14:19:38.812 24008 24049 W System.err: 	at sun.nio.ch.DatagramChannelImpl.sendFromNativeBuffer(DatagramChannelImpl.java:573)
11-26 14:19:38.812 24008 24049 W System.err: 	at sun.nio.ch.DatagramChannelImpl.send(DatagramChannelImpl.java:550)
11-26 14:19:38.812 24008 24049 W System.err: 	at sun.nio.ch.DatagramChannelImpl.send(DatagramChannelImpl.java:514)
11-26 14:19:38.812 24008 24049 W System.err: 	at symlab.CloudAR.network.TransmissionTask.run(TransmissionTask.java:133)
11-26 14:19:38.812 24008 24049 W System.err: 	at android.os.Handler.handleCallback(Handler.java:874)
11-26 14:19:38.812 24008 24049 W System.err: 	at android.os.Handler.dispatchMessage(Handler.java:100)
11-26 14:19:38.812 24008 24049 W System.err: 	at android.os.Looper.loop(Looper.java:198)
11-26 14:19:38.812 24008 24049 W System.err: 	at android.os.HandlerThread.run(HandlerThread.java:65)
11-26 14:19:38.984 24008 24049 D Evaluation: 5 res for frame 321 received at 1574770778984
11-26 14:19:39.012 24008 24049 D Evaluation: 4 res for frame 321 received at 1574770779011
11-26 14:19:39.048 24008 24049 D Evaluation: 4 res for frame 322 received at 1574770779048
11-26 14:19:39.147 24008 24049 D Evaluation: 4 res for frame 323 received at 1574770779147
11-26 14:19:39.184 24008 24049 D Evaluation: 4 res for frame 324 received at 1574770779184
11-26 14:19:39.268 24008 24049 D Evaluation: 3 res for frame 325 received at 1574770779268
11-26 14:19:39.306 24008 24049 D Evaluation: 2 res for frame 326 received at 1574770779306
11-26 14:19:39.333 24008 24049 D Evaluation: 0 res for frame 327 received at 1574770779333
11-26 14:19:39.353 24008 24049 D Evaluation: 1 res for frame 329 received at 1574770779353
11-26 14:19:39.375 24008 24049 D Evaluation: 1 res for frame 330 received at 1574770779375
11-26 14:19:39.447 24008 24049 D Evaluation: 2 res for frame 331 received at 1574770779447
11-26 14:19:39.520 24008 24049 D Evaluation: 2 res for frame 332 received at 1574770779520
11-26 14:19:39.548 24008 24049 D Evaluation: 3 res for frame 332 received at 1574770779548
11-26 14:19:39.561 24008 24019 W System  : A resource failed to call close. 
11-26 14:19:39.562 24008 24019 I chatty  : uid=10203(symlab.cloudridar.arhud) FinalizerDaemon identical 29 lines
11-26 14:19:39.563 24008 24019 W System  : A resource failed to call close. 
11-26 14:19:39.583 24008 24049 D Evaluation: 5 res for frame 333 received at 1574770779583
11-26 14:19:39.608 24008 24049 D Evaluation: 5 res for frame 334 received at 1574770779608
11-26 14:19:39.646 24008 24049 D Evaluation: 4 res for frame 335 received at 1574770779646
11-26 14:19:39.683 24008 24049 D Evaluation: 5 res for frame 336 received at 1574770779683
11-26 14:19:39.842 24008 24049 D Evaluation: 4 res for frame 337 received at 1574770779842
11-26 14:19:39.888 24008 24049 D Evaluation: 3 res for frame 338 received at 1574770779888
11-26 14:19:39.923 24008 24049 W System.err: java.net.SocketException: Message too long
11-26 14:19:39.923 24008 24049 W System.err: 	at sun.nio.ch.DatagramChannelImpl.send0(Native Method)
11-26 14:19:39.923 24008 24049 W System.err: 	at sun.nio.ch.DatagramChannelImpl.sendFromNativeBuffer(DatagramChannelImpl.java:573)
11-26 14:19:39.923 24008 24049 W System.err: 	at sun.nio.ch.DatagramChannelImpl.send(DatagramChannelImpl.java:550)
11-26 14:19:39.923 24008 24049 W System.err: 	at sun.nio.ch.DatagramChannelImpl.send(DatagramChannelImpl.java:514)
11-26 14:19:39.923 24008 24049 W System.err: 	at symlab.CloudAR.network.TransmissionTask.run(TransmissionTask.java:133)
11-26 14:19:39.923 24008 24049 W System.err: 	at android.os.Handler.handleCallback(Handler.java:874)
11-26 14:19:39.923 24008 24049 W System.err: 	at android.os.Handler.dispatchMessage(Handler.java:100)
11-26 14:19:39.923 24008 24049 W System.err: 	at android.os.Looper.loop(Looper.java:198)
11-26 14:19:39.923 24008 24049 W System.err: 	at android.os.HandlerThread.run(HandlerThread.java:65)
11-26 14:19:39.925 24008 24049 D Evaluation: 5 res for frame 339 received at 1574770779925
11-26 14:19:39.954 24008 24049 D Evaluation: 5 res for frame 341 received at 1574770779954
11-26 14:19:39.981 24008 24049 D Evaluation: 5 res for frame 343 received at 1574770779981
11-26 14:19:40.070 24008 24049 D Evaluation: 5 res for frame 345 received at 1574770780070
11-26 14:19:40.101 24008 24049 D Evaluation: 0 res for frame 542 received at 1574770780101
11-26 14:19:40.129 24008 24049 D Evaluation: 4 res for frame 345 received at 1574770780129
11-26 14:19:40.156 24008 24049 D Evaluation: 4 res for frame 345 received at 1574770780156
11-26 14:19:40.185 24008 24049 D Evaluation: 4 res for frame 347 received at 1574770780185
11-26 14:19:40.207 24008 24049 W System.err: java.net.SocketException: Message too long
11-26 14:19:40.207 24008 24049 W System.err: 	at sun.nio.ch.DatagramChannelImpl.send0(Native Method)
11-26 14:19:40.207 24008 24049 W System.err: 	at sun.nio.ch.DatagramChannelImpl.sendFromNativeBuffer(DatagramChannelImpl.java:573)
11-26 14:19:40.207 24008 24049 W System.err: 	at sun.nio.ch.DatagramChannelImpl.send(DatagramChannelImpl.java:550)
11-26 14:19:40.207 24008 24049 W System.err: 	at sun.nio.ch.DatagramChannelImpl.send(DatagramChannelImpl.java:514)
11-26 14:19:40.207 24008 24049 W System.err: 	at symlab.CloudAR.network.TransmissionTask.run(TransmissionTask.java:133)
11-26 14:19:40.207 24008 24049 W System.err: 	at android.os.Handler.handleCallback(Handler.java:874)
11-26 14:19:40.207 24008 24049 W System.err: 	at android.os.Handler.dispatchMessage(Handler.java:100)
11-26 14:19:40.207 24008 24049 W System.err: 	at android.os.Looper.loop(Looper.java:198)
11-26 14:19:40.207 24008 24049 W System.err: 	at android.os.HandlerThread.run(HandlerThread.java:65)
11-26 14:19:40.209 24008 24049 D Evaluation: 4 res for frame 348 received at 1574770780209
11-26 14:19:40.301 24008 24049 D Evaluation: 5 res for frame 349 received at 1574770780301
11-26 14:19:40.342 24008 24049 D Evaluation: 5 res for frame 349 received at 1574770780342
11-26 14:19:40.358 24008 24019 W System  : A resource failed to call close. 
11-26 14:19:40.365 24008 24019 I chatty  : uid=10203(symlab.cloudridar.arhud) FinalizerDaemon identical 31 lines
11-26 14:19:40.366 24008 24019 W System  : A resource failed to call close. 
11-26 14:19:40.392 24008 24049 D Evaluation: 4 res for frame 350 received at 1574770780392
11-26 14:19:40.420 24008 24049 D Evaluation: 4 res for frame 353 received at 1574770780420
11-26 14:19:40.447 24008 24049 D Evaluation: 4 res for frame 353 received at 1574770780447
11-26 14:19:40.469 24008 24049 W System.err: java.net.SocketException: Message too long
11-26 14:19:40.469 24008 24049 W System.err: 	at sun.nio.ch.DatagramChannelImpl.send0(Native Method)
11-26 14:19:40.469 24008 24049 W System.err: 	at sun.nio.ch.DatagramChannelImpl.sendFromNativeBuffer(DatagramChannelImpl.java:573)
11-26 14:19:40.469 24008 24049 W System.err: 	at sun.nio.ch.DatagramChannelImpl.send(DatagramChannelImpl.java:550)
11-26 14:19:40.469 24008 24049 W System.err: 	at sun.nio.ch.DatagramChannelImpl.send(DatagramChannelImpl.java:514)
11-26 14:19:40.469 24008 24049 W System.err: 	at symlab.CloudAR.network.TransmissionTask.run(TransmissionTask.java:133)
11-26 14:19:40.469 24008 24049 W System.err: 	at android.os.Handler.handleCallback(Handler.java:874)
11-26 14:19:40.469 24008 24049 W System.err: 	at android.os.Handler.dispatchMessage(Handler.java:100)
11-26 14:19:40.470 24008 24049 W System.err: 	at android.os.Looper.loop(Looper.java:198)
11-26 14:19:40.470 24008 24049 W System.err: 	at android.os.HandlerThread.run(HandlerThread.java:65)
11-26 14:19:40.471 24008 24049 D Evaluation: 4 res for frame 355 received at 1574770780471
11-26 14:19:40.515 24008 24049 D Evaluation: 4 res for frame 356 received at 1574770780515
11-26 14:19:40.589 24008 24049 D Evaluation: 4 res for frame 356 received at 1574770780589
11-26 14:19:40.624 24008 24049 D Evaluation: 4 res for frame 358 received at 1574770780624
11-26 14:19:40.652 24008 24049 D Evaluation: 4 res for frame 359 received at 1574770780652
11-26 14:19:40.682 24008 24049 D Evaluation: 5 res for frame 361 received at 1574770780682
11-26 14:19:40.720 24008 24049 D Evaluation: 4 res for frame 361 received at 1574770780720
11-26 14:19:40.769 24008 24049 D Evaluation: 4 res for frame 362 received at 1574770780769
11-26 14:19:40.869 24008 24049 D Evaluation: 4 res for frame 363 received at 1574770780868
11-26 14:19:40.914 24008 24049 D Evaluation: 4 res for frame 364 received at 1574770780914
11-26 14:19:40.948 24008 24049 D Evaluation: 5 res for frame 367 received at 1574770780948
11-26 14:19:40.975 24008 24049 D Evaluation: 5 res for frame 368 received at 1574770780975
11-26 14:19:40.999 24008 24049 D Evaluation: 4 res for frame 369 received at 1574770780999
11-26 14:19:41.021 24008 24049 D Evaluation: 4 res for frame 370 received at 1574770781021
11-26 14:19:41.043 24008 24049 D Evaluation: 3 res for frame 371 received at 1574770781043
11-26 14:19:41.104 24008 24049 D Evaluation: 3 res for frame 371 received at 1574770781104
11-26 14:19:41.149 24008 24019 W System  : A resource failed to call close. 
11-26 14:19:41.153 24008 24019 I chatty  : uid=10203(symlab.cloudridar.arhud) FinalizerDaemon identical 36 lines
11-26 14:19:41.153 24008 24019 W System  : A resource failed to call close. 
11-26 14:19:41.194 24008 24049 D Evaluation: 3 res for frame 371 received at 1574770781194
11-26 14:19:41.230 24008 24049 D Evaluation: 2 res for frame 372 received at 1574770781230
11-26 14:19:41.263 24008 24049 D Evaluation: 3 res for frame 375 received at 1574770781263
11-26 14:19:41.291 24008 24049 D Evaluation: 3 res for frame 376 received at 1574770781291
11-26 14:19:41.319 24008 24049 D Evaluation: 2 res for frame 377 received at 1574770781319
11-26 14:19:41.342 24008 24049 D Evaluation: 4 res for frame 378 received at 1574770781342
11-26 14:19:41.365 24008 24049 D Evaluation: 4 res for frame 379 received at 1574770781365
11-26 14:19:41.387 24008 24049 D Evaluation: 4 res for frame 379 received at 1574770781387
11-26 14:19:41.409 24008 24049 D Evaluation: 4 res for frame 380 received at 1574770781409
11-26 14:19:41.458 24008 24049 D Evaluation: 4 res for frame 381 received at 1574770781458
11-26 14:19:41.484 24008 24049 D Evaluation: 3 res for frame 381 received at 1574770781484
11-26 14:19:41.505 24008 24049 D Evaluation: 4 res for frame 382 received at 1574770781505
11-26 14:19:41.541 24008 24049 D Evaluation: 4 res for frame 384 received at 1574770781541
11-26 14:19:41.585 24008 24049 D Evaluation: 4 res for frame 384 received at 1574770781585
11-26 14:19:41.740 24008 24049 D Evaluation: 3 res for frame 385 received at 1574770781739
11-26 14:19:41.777 24008 24049 D Evaluation: 3 res for frame 386 received at 1574770781777
11-26 14:19:41.817 24008 24049 D Evaluation: 5 res for frame 388 received at 1574770781817
11-26 14:19:41.842 24008 24049 D Evaluation: 2 res for frame 389 received at 1574770781842
11-26 14:19:41.865 24008 24049 D Evaluation: 2 res for frame 391 received at 1574770781865
11-26 14:19:41.887 24008 24049 D Evaluation: 4 res for frame 391 received at 1574770781887
11-26 14:19:41.900 24008 24019 W System  : A resource failed to call close. 
11-26 14:19:41.902 24008 24019 I chatty  : uid=10203(symlab.cloudridar.arhud) FinalizerDaemon identical 37 lines
11-26 14:19:41.902 24008 24019 W System  : A resource failed to call close. 
11-26 14:19:41.908 24008 24049 D Evaluation: 4 res for frame 392 received at 1574770781908
11-26 14:19:41.989 24008 24049 D Evaluation: 4 res for frame 393 received at 1574770781989
11-26 14:19:42.015 24008 24049 D Evaluation: 1 res for frame 393 received at 1574770782015
11-26 14:19:42.064 24008 24049 D Evaluation: 5 res for frame 395 received at 1574770782064
11-26 14:19:42.094 24008 24049 D Evaluation: 3 res for frame 395 received at 1574770782094
11-26 14:19:42.120 24008 24049 D Evaluation: 5 res for frame 397 received at 1574770782120
11-26 14:19:42.201 24008 24049 D Evaluation: 5 res for frame 398 received at 1574770782201
11-26 14:19:42.237 24008 24049 D Evaluation: 5 res for frame 398 received at 1574770782236
11-26 14:19:42.328 24008 24049 D Evaluation: 4 res for frame 400 received at 1574770782328
11-26 14:19:42.415 24008 24049 D Evaluation: 5 res for frame 400 received at 1574770782415
11-26 14:19:42.459 24008 24049 D Evaluation: 4 res for frame 401 received at 1574770782459
11-26 14:19:42.487 24008 24049 D Evaluation: 5 res for frame 403 received at 1574770782487
11-26 14:19:42.513 24008 24049 D Evaluation: 5 res for frame 405 received at 1574770782513
11-26 14:19:42.537 24008 24049 D Evaluation: 5 res for frame 406 received at 1574770782537
11-26 14:19:42.561 24008 24049 D Evaluation: 5 res for frame 406 received at 1574770782561
11-26 14:19:42.622 24008 24008 I Poster  :  onPause() called.
11-26 14:19:42.632 24008 24049 D Evaluation: 5 res for frame 407 received at 1574770782632
11-26 14:19:43.481 24008 24008 I Poster  :  surfaceDestroyed() called.
11-26 14:19:43.483 24008 24008 I Poster  :  onStop() called.
11-26 14:19:48.197 24008 24019 W System  : A resource failed to call close. 
11-26 14:19:48.202 24008 24019 I chatty  : uid=10203(symlab.cloudridar.arhud) FinalizerDaemon identical 32 lines
11-26 14:19:48.202 24008 24019 W System  : A resource failed to call close. 
11-26 14:24:18.153 24008 24017 W loudridar.arhu: Receiving file descriptor from ADB failed (socket 43): Success
11-26 14:24:18.153 24008 24017 E loudridar.arhu: Something went wrong getting fds from adb. Retry!: Success
