11-26 14:08:32.172 20026 20063 W System.err: 	at android.os.HandlerThread.run(HandlerThread.java:65)
11-26 14:08:32.430 20026 20063 D Evaluation: 1 res for frame 1161 received at 1574770112430
11-26 14:08:32.465 20026 20063 D Evaluation: 1 res for frame 1163 received at 1574770112465
11-26 14:08:32.499 20026 20063 D Evaluation: 1 res for frame 1163 received at 1574770112499
11-26 14:08:32.531 20026 20063 D Evaluation: 3 res for frame 1164 received at 1574770112531
11-26 14:08:32.545 20026 20042 W System  : A resource failed to call close. 
11-26 14:08:32.549 20026 20042 I chatty  : uid=10203(symlab.cloudridar.arhud) FinalizerDaemon identical 25 lines
11-26 14:08:32.549 20026 20042 W System  : A resource failed to call close. 
11-26 14:08:32.568 20026 20063 D Evaluation: 1 res for frame 1165 received at 1574770112568
11-26 14:08:32.610 20026 20063 D Evaluation: 1 res for frame 1166 received at 1574770112610
11-26 14:08:32.663 20026 20063 D Evaluation: 1 res for frame 1167 received at 1574770112663
11-26 14:08:32.728 20026 20063 D Evaluation: 2 res for frame 1168 received at 1574770112728
11-26 14:08:32.798 20026 20063 D Evaluation: 2 res for frame 1169 received at 1574770112798
11-26 14:08:32.833 20026 20063 D Evaluation: 3 res for frame 1170 received at 1574770112833
11-26 14:08:32.862 20026 20063 D Evaluation: 1 res for frame 1172 received at 1574770112862
11-26 14:08:32.902 20026 20063 D Evaluation: 1 res for frame 1173 received at 1574770112901
11-26 14:08:32.941 20026 20063 D Evaluation: 0 res for frame 1173 received at 1574770112941
11-26 14:08:32.971 20026 20063 D Evaluation: 1 res for frame 1174 received at 1574770112971
11-26 14:08:33.020 20026 20063 D Evaluation: 0 res for frame 1175 received at 1574770113020
11-26 14:08:33.043 20026 20063 D Evaluation: 0 res for frame 1176 received at 1574770113043
11-26 14:08:33.074 20026 20063 D Evaluation: 0 res for frame 1178 received at 1574770113074
11-26 14:08:33.146 20026 20063 D Evaluation: 0 res for frame 1178 received at 1574770113146
11-26 14:08:33.175 20026 20063 D Evaluation: 2 res for frame 1179 received at 1574770113175
11-26 14:08:33.200 20026 20063 D Evaluation: 1 res for frame 1180 received at 1574770113200
11-26 14:08:33.228 20026 20063 D Evaluation: 3 res for frame 1182 received at 1574770113228
11-26 14:08:33.273 20026 20063 D Evaluation: 3 res for frame 1182 received at 1574770113273
11-26 14:08:33.306 20026 20063 D Evaluation: 3 res for frame 1183 received at 1574770113306
11-26 14:08:33.336 20026 20063 D Evaluation: 3 res for frame 1185 received at 1574770113336
11-26 14:08:33.364 20026 20063 D Evaluation: 1 res for frame 1185 received at 1574770113364
11-26 14:08:33.406 20026 20063 D Evaluation: 1 res for frame 1186 received at 1574770113406
11-26 14:08:33.416 20026 20042 W System  : A resource failed to call close. 
11-26 14:08:33.419 20026 20042 I chatty  : uid=10203(symlab.cloudridar.arhud) FinalizerDaemon identical 43 lines
11-26 14:08:33.419 20026 20042 W System  : A resource failed to call close. 
11-26 14:08:33.473 20026 20063 D Evaluation: 1 res for frame 1187 received at 1574770113472
11-26 14:08:33.551 20026 20063 D Evaluation: 1 res for frame 1188 received at 1574770113551
11-26 14:08:33.584 20026 20063 D Evaluation: 3 res for frame 1189 received at 1574770113584
11-26 14:08:33.614 20026 20063 D Evaluation: 3 res for frame 1191 received at 1574770113614
11-26 14:08:33.640 20026 20063 D Evaluation: 3 res for frame 1192 received at 1574770113640
11-26 14:08:33.665 20026 20063 D Evaluation: 3 res for frame 1193 received at 1574770113665
11-26 14:08:33.744 20026 20063 D Evaluation: 1 res for frame 1193 received at 1574770113744
11-26 14:08:33.775 20026 20063 D Evaluation: 1 res for frame 1194 received at 1574770113775
11-26 14:08:33.884 20026 20063 D Evaluation: 0 res for frame 1196 received at 1574770113884
11-26 14:08:33.914 20026 20063 D Evaluation: 0 res for frame 1196 received at 1574770113914
11-26 14:08:33.970 20026 20063 D Evaluation: 2 res for frame 1198 received at 1574770113970
11-26 14:08:33.996 20026 20063 D Evaluation: 1 res for frame 1199 received at 1574770113996
11-26 14:08:34.037 20026 20063 D Evaluation: 1 res for frame 1199 received at 1574770114037
11-26 14:08:34.070 20026 20063 D Evaluation: 1 res for frame 1200 received at 1574770114070
11-26 14:08:34.094 20026 20063 D Evaluation: 1 res for frame 1201 received at 1574770114094
11-26 14:08:34.179 20026 20063 D Evaluation: 2 res for frame 1202 received at 1574770114179
11-26 14:08:34.303 20026 20063 D Evaluation: 0 res for frame 1203 received at 1574770114303
11-26 14:08:34.342 20026 20063 D Evaluation: 1 res for frame 1204 received at 1574770114342
11-26 14:08:34.355 20026 20042 W System  : A resource failed to call close. 
11-26 14:08:34.357 20026 20042 I chatty  : uid=10203(symlab.cloudridar.arhud) FinalizerDaemon identical 35 lines
11-26 14:08:34.357 20026 20042 W System  : A resource failed to call close. 
11-26 14:08:34.371 20026 20063 D Evaluation: 2 res for frame 1205 received at 1574770114371
11-26 14:08:34.394 20026 20063 D Evaluation: 1 res for frame 1207 received at 1574770114394
11-26 14:08:34.416 20026 20063 D Evaluation: 2 res for frame 1209 received at 1574770114416
11-26 14:08:34.476 20026 20063 D Evaluation: 1 res for frame 1209 received at 1574770114476
11-26 14:08:34.507 20026 20063 D Evaluation: 1 res for frame 1210 received at 1574770114507
11-26 14:08:34.531 20026 20063 D Evaluation: 1 res for frame 1210 received at 1574770114531
11-26 14:08:34.620 20026 20063 D Evaluation: 3 res for frame 1212 received at 1574770114620
11-26 14:08:34.681 20026 20063 D Evaluation: 4 res for frame 1212 received at 1574770114681
11-26 14:08:34.723 20026 20063 D Evaluation: 3 res for frame 1213 received at 1574770114723
11-26 14:08:34.750 20026 20063 D Evaluation: 2 res for frame 1214 received at 1574770114750
11-26 14:08:34.808 20026 20063 D Evaluation: 2 res for frame 1215 received at 1574770114808
11-26 14:08:34.965 20026 20063 D Evaluation: 2 res for frame 1217 received at 1574770114965
11-26 14:08:35.015 20026 20063 D Evaluation: 2 res for frame 1217 received at 1574770115015
11-26 14:08:35.056 20026 20063 D Evaluation: 2 res for frame 1218 received at 1574770115056
11-26 14:08:35.082 20026 20063 D Evaluation: 2 res for frame 1220 received at 1574770115082
11-26 14:08:35.108 20026 20063 D Evaluation: 2 res for frame 1221 received at 1574770115108
11-26 14:08:35.131 20026 20063 D Evaluation: 2 res for frame 1223 received at 1574770115131
11-26 14:08:35.153 20026 20063 D Evaluation: 2 res for frame 1224 received at 1574770115153
11-26 14:08:35.253 20026 20063 D Evaluation: 2 res for frame 1225 received at 1574770115253
11-26 14:08:35.284 20026 20063 D Evaluation: 2 res for frame 1225 received at 1574770115284
11-26 14:08:35.295 20026 20042 W System  : A resource failed to call close. 
11-26 14:08:35.298 20026 20042 I chatty  : uid=10203(symlab.cloudridar.arhud) FinalizerDaemon identical 38 lines
11-26 14:08:35.298 20026 20042 W System  : A resource failed to call close. 
11-26 14:08:35.310 20026 20063 D Evaluation: 2 res for frame 1227 received at 1574770115310
11-26 14:08:35.341 20026 20063 D Evaluation: 3 res for frame 1228 received at 1574770115341
11-26 14:08:35.374 20026 20063 D Evaluation: 2 res for frame 1228 received at 1574770115374
11-26 14:08:35.400 20026 20063 D Evaluation: 3 res for frame 1229 received at 1574770115400
11-26 14:08:35.431 20026 20063 D Evaluation: 2 res for frame 1231 received at 1574770115431
11-26 14:08:35.498 20026 20063 D Evaluation: 2 res for frame 1231 received at 1574770115498
11-26 14:08:35.559 20026 20063 D Evaluation: 1 res for frame 1232 received at 1574770115559
11-26 14:08:35.615 20026 20063 D Evaluation: 2 res for frame 1233 received at 1574770115615
11-26 14:08:35.647 20026 20063 D Evaluation: 2 res for frame 1234 received at 1574770115647
11-26 14:08:35.673 20026 20063 D Evaluation: 2 res for frame 1235 received at 1574770115673
11-26 14:08:35.698 20026 20063 D Evaluation: 2 res for frame 1237 received at 1574770115698
11-26 14:08:35.750 20026 20063 D Evaluation: 2 res for frame 1238 received at 1574770115750
11-26 14:08:35.840 20026 20063 D Evaluation: 3 res for frame 1239 received at 1574770115840
11-26 14:08:35.876 20026 20063 D Evaluation: 2 res for frame 1239 received at 1574770115876
11-26 14:08:35.904 20026 20063 D Evaluation: 2 res for frame 1240 received at 1574770115904
11-26 14:08:35.931 20026 20063 D Evaluation: 3 res for frame 1242 received at 1574770115931
11-26 14:08:35.955 20026 20063 D Evaluation: 2 res for frame 1243 received at 1574770115955
11-26 14:08:35.979 20026 20063 D Evaluation: 4 res for frame 1244 received at 1574770115979
11-26 14:08:35.989 20026 20042 W System  : A resource failed to call close. 
11-26 14:08:35.990 20026 20042 I chatty  : uid=10203(symlab.cloudridar.arhud) FinalizerDaemon identical 35 lines
11-26 14:08:35.990 20026 20042 W System  : A resource failed to call close. 
11-26 14:08:36.058 20026 20063 D Evaluation: 4 res for frame 1245 received at 1574770116058
11-26 14:08:36.146 20026 20063 D Evaluation: 5 res for frame 1245 received at 1574770116146
11-26 14:08:36.194 20026 20063 D Evaluation: 4 res for frame 1246 received at 1574770116194
11-26 14:08:36.226 20026 20063 D Evaluation: 3 res for frame 1247 received at 1574770116226
11-26 14:08:36.258 20026 20063 D Evaluation: 2 res for frame 1249 received at 1574770116258
11-26 14:08:36.289 20026 20063 D Evaluation: 4 res for frame 1251 received at 1574770116289
11-26 14:08:36.314 20026 20063 D Evaluation: 4 res for frame 1252 received at 1574770116314
11-26 14:08:36.461 20026 20063 D Evaluation: 3 res for frame 1253 received at 1574770116461
11-26 14:08:36.495 20026 20063 D Evaluation: 2 res for frame 1253 received at 1574770116495
11-26 14:08:36.525 20026 20063 D Evaluation: 2 res for frame 1253 received at 1574770116525
11-26 14:08:36.552 20026 20063 D Evaluation: 1 res for frame 1255 received at 1574770116552
11-26 14:08:36.575 20026 20063 D Evaluation: 3 res for frame 1256 received at 1574770116575
11-26 14:08:36.649 20026 20063 D Evaluation: 2 res for frame 1257 received at 1574770116649
11-26 14:08:36.729 20026 20063 D Evaluation: 2 res for frame 1258 received at 1574770116729
11-26 14:08:36.759 20026 20063 D Evaluation: 2 res for frame 1258 received at 1574770116759
11-26 14:08:36.784 20026 20063 D Evaluation: 4 res for frame 1259 received at 1574770116784
11-26 14:08:36.830 20026 20063 D Evaluation: 2 res for frame 1261 received at 1574770116830
11-26 14:08:36.889 20026 20063 D Evaluation: 3 res for frame 1262 received at 1574770116889
11-26 14:08:36.905 20026 20042 W System  : A resource failed to call close. 
11-26 14:08:36.907 20026 20042 I chatty  : uid=10203(symlab.cloudridar.arhud) FinalizerDaemon identical 34 lines
11-26 14:08:36.907 20026 20042 W System  : A resource failed to call close. 
11-26 14:08:36.939 20026 20063 D Evaluation: 2 res for frame 1262 received at 1574770116939
11-26 14:08:36.968 20026 20063 D Evaluation: 2 res for frame 1263 received at 1574770116968
11-26 14:08:37.006 20026 20063 D Evaluation: 2 res for frame 1264 received at 1574770117006
11-26 14:08:37.035 20026 20063 W System.err: java.net.SocketException: Message too long
11-26 14:08:37.035 20026 20063 W System.err: 	at sun.nio.ch.DatagramChannelImpl.send0(Native Method)
11-26 14:08:37.036 20026 20063 W System.err: 	at sun.nio.ch.DatagramChannelImpl.sendFromNativeBuffer(DatagramChannelImpl.java:573)
11-26 14:08:37.036 20026 20063 W System.err: 	at sun.nio.ch.DatagramChannelImpl.send(DatagramChannelImpl.java:550)
11-26 14:08:37.036 20026 20063 W System.err: 	at sun.nio.ch.DatagramChannelImpl.send(DatagramChannelImpl.java:514)
11-26 14:08:37.036 20026 20063 W System.err: 	at symlab.CloudAR.network.TransmissionTask.run(TransmissionTask.java:133)
11-26 14:08:37.036 20026 20063 W System.err: 	at android.os.Handler.handleCallback(Handler.java:874)
11-26 14:08:37.036 20026 20063 W System.err: 	at android.os.Handler.dispatchMessage(Handler.java:100)
11-26 14:08:37.036 20026 20063 W System.err: 	at android.os.Looper.loop(Looper.java:198)
11-26 14:08:37.036 20026 20063 W System.err: 	at android.os.HandlerThread.run(HandlerThread.java:65)
11-26 14:08:37.038 20026 20063 D Evaluation: 2 res for frame 1265 received at 1574770117037
11-26 14:08:37.062 20026 20063 W System.err: java.net.SocketException: Message too long
11-26 14:08:37.062 20026 20063 W System.err: 	at sun.nio.ch.DatagramChannelImpl.send0(Native Method)
11-26 14:08:37.062 20026 20063 W System.err: 	at sun.nio.ch.DatagramChannelImpl.sendFromNativeBuffer(DatagramChannelImpl.java:573)
11-26 14:08:37.062 20026 20063 W System.err: 	at sun.nio.ch.DatagramChannelImpl.send(DatagramChannelImpl.java:550)
11-26 14:08:37.062 20026 20063 W System.err: 	at sun.nio.ch.DatagramChannelImpl.send(DatagramChannelImpl.java:514)
11-26 14:08:37.062 20026 20063 W System.err: 	at symlab.CloudAR.network.TransmissionTask.run(TransmissionTask.java:133)
11-26 14:08:37.062 20026 20063 W System.err: 	at android.os.Handler.handleCallback(Handler.java:874)
11-26 14:08:37.062 20026 20063 W System.err: 	at android.os.Handler.dispatchMessage(Handler.java:100)
11-26 14:08:37.062 20026 20063 W System.err: 	at android.os.Looper.loop(Looper.java:198)
11-26 14:08:37.062 20026 20063 W System.err: 	at android.os.HandlerThread.run(HandlerThread.java:65)
11-26 14:08:37.101 20026 20063 W System.err: java.net.SocketException: Message too long
11-26 14:08:37.101 20026 20063 W System.err: 	at sun.nio.ch.DatagramChannelImpl.send0(Native Method)
11-26 14:08:37.101 20026 20063 W System.err: 	at sun.nio.ch.DatagramChannelImpl.sendFromNativeBuffer(DatagramChannelImpl.java:573)
11-26 14:08:37.101 20026 20063 W System.err: 	at sun.nio.ch.DatagramChannelImpl.send(DatagramChannelImpl.java:550)
11-26 14:08:37.101 20026 20063 W System.err: 	at sun.nio.ch.DatagramChannelImpl.send(DatagramChannelImpl.java:514)
11-26 14:08:37.101 20026 20063 W System.err: 	at symlab.CloudAR.network.TransmissionTask.run(TransmissionTask.java:133)
11-26 14:08:37.101 20026 20063 W System.err: 	at android.os.Handler.handleCallback(Handler.java:874)
11-26 14:08:37.101 20026 20063 W System.err: 	at android.os.Handler.dispatchMessage(Handler.java:100)
11-26 14:08:37.101 20026 20063 W System.err: 	at android.os.Looper.loop(Looper.java:198)
11-26 14:08:37.101 20026 20063 W System.err: 	at android.os.HandlerThread.run(HandlerThread.java:65)
11-26 14:08:37.127 20026 20063 W System.err: java.net.SocketException: Message too long
11-26 14:08:37.127 20026 20063 W System.err: 	at sun.nio.ch.DatagramChannelImpl.send0(Native Method)
11-26 14:08:37.127 20026 20063 W System.err: 	at sun.nio.ch.DatagramChannelImpl.sendFromNativeBuffer(DatagramChannelImpl.java:573)
11-26 14:08:37.127 20026 20063 W System.err: 	at sun.nio.ch.DatagramChannelImpl.send(DatagramChannelImpl.java:550)
11-26 14:08:37.127 20026 20063 W System.err: 	at sun.nio.ch.DatagramChannelImpl.send(DatagramChannelImpl.java:514)
11-26 14:08:37.127 20026 20063 W System.err: 	at symlab.CloudAR.network.TransmissionTask.run(TransmissionTask.java:133)
11-26 14:08:37.127 20026 20063 W System.err: 	at android.os.Handler.handleCallback(Handler.java:874)
11-26 14:08:37.127 20026 20063 W System.err: 	at android.os.Handler.dispatchMessage(Handler.java:100)
11-26 14:08:37.127 20026 20063 W System.err: 	at android.os.Looper.loop(Looper.java:198)
11-26 14:08:37.127 20026 20063 W System.err: 	at android.os.HandlerThread.run(HandlerThread.java:65)
11-26 14:08:37.785 20026 20042 W System  : A resource failed to call close. 
11-26 14:08:37.787 20026 20042 I chatty  : uid=10203(symlab.cloudridar.arhud) FinalizerDaemon identical 19 lines
11-26 14:08:37.787 20026 20042 W System  : A resource failed to call close. 
11-26 14:08:38.603 20026 20063 D Evaluation: 2 res for frame 1300 received at 1574770118603
11-26 14:08:38.734 20026 20063 D Evaluation: 3 res for frame 1301 received at 1574770118734
11-26 14:08:38.778 20026 20063 D Evaluation: 1 res for frame 1302 received at 1574770118778
11-26 14:08:38.806 20026 20063 D Evaluation: 2 res for frame 1304 received at 1574770118806
11-26 14:08:38.821 20026 20042 W System  : A resource failed to call close. 
11-26 14:08:38.823 20026 20042 I chatty  : uid=10203(symlab.cloudridar.arhud) FinalizerDaemon identical 24 lines
11-26 14:08:38.823 20026 20042 W System  : A resource failed to call close. 
11-26 14:08:38.832 20026 20063 D Evaluation: 3 res for frame 1306 received at 1574770118832
11-26 14:08:38.855 20026 20063 D Evaluation: 2 res for frame 1307 received at 1574770118855
11-26 14:08:38.913 20026 20063 D Evaluation: 2 res for frame 1307 received at 1574770118913
11-26 14:08:38.944 20026 20063 D Evaluation: 2 res for frame 1307 received at 1574770118944
11-26 14:08:38.973 20026 20063 D Evaluation: 3 res for frame 1309 received at 1574770118973
11-26 14:08:39.003 20026 20063 D Evaluation: 4 res for frame 1310 received at 1574770119003
11-26 14:08:39.028 20026 20063 D Evaluation: 2 res for frame 1310 received at 1574770119028
11-26 14:08:39.119 20026 20063 D Evaluation: 2 res for frame 1311 received at 1574770119119
11-26 14:08:39.156 20026 20063 D Evaluation: 2 res for frame 1312 received at 1574770119156
11-26 14:08:39.207 20026 20063 D Evaluation: 2 res for frame 1314 received at 1574770119207
11-26 14:08:39.258 20026 20063 D Evaluation: 3 res for frame 1314 received at 1574770119258
11-26 14:08:39.288 20026 20063 D Evaluation: 2 res for frame 1315 received at 1574770119288
11-26 14:08:39.342 20026 20063 D Evaluation: 2 res for frame 1317 received at 1574770119342
11-26 14:08:39.373 20026 20063 D Evaluation: 2 res for frame 1317 received at 1574770119373
11-26 14:08:39.406 20026 20063 D Evaluation: 3 res for frame 1318 received at 1574770119406
11-26 14:08:39.500 20026 20063 D Evaluation: 2 res for frame 1319 received at 1574770119500
11-26 14:08:39.754 20026 20063 D Evaluation: 2 res for frame 1320 received at 1574770119754
11-26 14:08:39.772 20026 20042 W System  : A resource failed to call close. 
11-26 14:08:39.776 20026 20042 I chatty  : uid=10203(symlab.cloudridar.arhud) FinalizerDaemon identical 32 lines
11-26 14:08:39.776 20026 20042 W System  : A resource failed to call close. 
11-26 14:08:39.801 20026 20063 D Evaluation: 2 res for frame 1321 received at 1574770119801
11-26 14:08:39.834 20026 20063 D Evaluation: 2 res for frame 1322 received at 1574770119834
11-26 14:08:39.862 20026 20063 D Evaluation: 2 res for frame 1323 received at 1574770119862
11-26 14:08:40.668 20026 20063 D Evaluation: 2 res for frame 1344 received at 1574770120667
11-26 14:08:40.703 20026 20063 D Evaluation: 3 res for frame 1344 received at 1574770120703
11-26 14:08:40.719 20026 20042 W System  : A resource failed to call close. 
11-26 14:08:40.720 20026 20042 I chatty  : uid=10203(symlab.cloudridar.arhud) FinalizerDaemon identical 25 lines
11-26 14:08:40.720 20026 20042 W System  : A resource failed to call close. 
11-26 14:08:40.731 20026 20063 D Evaluation: 4 res for frame 1345 received at 1574770120731
11-26 14:08:40.776 20026 20063 D Evaluation: 2 res for frame 1347 received at 1574770120776
11-26 14:08:40.806 20026 20063 D Evaluation: 3 res for frame 1347 received at 1574770120806
11-26 14:08:40.834 20026 20063 D Evaluation: 2 res for frame 1349 received at 1574770120834
11-26 14:08:40.856 20026 20063 D Evaluation: 2 res for frame 1350 received at 1574770120856
11-26 14:08:40.893 20026 20063 D Evaluation: 1 res for frame 1350 received at 1574770120893
11-26 14:08:40.990 20026 20063 D Evaluation: 2 res for frame 1351 received at 1574770120990
11-26 14:08:41.031 20026 20063 D Evaluation: 2 res for frame 1352 received at 1574770121031
11-26 14:08:41.066 20026 20063 D Evaluation: 1 res for frame 1354 received at 1574770121066
11-26 14:08:41.092 20026 20063 D Evaluation: 0 res for frame 1355 received at 1574770121092
11-26 14:08:41.235 20026 20063 D Evaluation: 2 res for frame 1357 received at 1574770121235
11-26 14:08:41.269 20026 20063 D Evaluation: 1 res for frame 1357 received at 1574770121269
11-26 14:08:41.356 20026 20063 D Evaluation: 1 res for frame 1357 received at 1574770121356
11-26 14:08:41.400 20026 20063 D Evaluation: 1 res for frame 1358 received at 1574770121400
11-26 14:08:41.429 20026 20063 D Evaluation: 3 res for frame 1359 received at 1574770121429
11-26 14:08:41.454 20026 20063 D Evaluation: 2 res for frame 1362 received at 1574770121454
11-26 14:08:41.478 20026 20063 D Evaluation: 3 res for frame 1363 received at 1574770121478
11-26 14:08:41.489 20026 20042 W System  : A resource failed to call close. 
11-26 14:08:41.491 20026 20042 I chatty  : uid=10203(symlab.cloudridar.arhud) FinalizerDaemon identical 33 lines
11-26 14:08:41.491 20026 20042 W System  : A resource failed to call close. 
11-26 14:08:41.503 20026 20063 D Evaluation: 3 res for frame 1364 received at 1574770121503
11-26 14:08:41.589 20026 20063 D Evaluation: 3 res for frame 1365 received at 1574770121589
11-26 14:08:41.623 20026 20063 D Evaluation: 3 res for frame 1365 received at 1574770121623
11-26 14:08:41.650 20026 20063 D Evaluation: 3 res for frame 1365 received at 1574770121650
11-26 14:08:41.676 20026 20063 D Evaluation: 3 res for frame 1367 received at 1574770121676
11-26 14:08:41.701 20026 20063 D Evaluation: 3 res for frame 1368 received at 1574770121701
11-26 14:08:41.723 20026 20063 D Evaluation: 2 res for frame 1369 received at 1574770121723
11-26 14:08:41.848 20026 20063 D Evaluation: 2 res for frame 1370 received at 1574770121848
11-26 14:08:41.880 20026 20063 D Evaluation: 4 res for frame 1370 received at 1574770121880
11-26 14:08:41.906 20026 20063 D Evaluation: 3 res for frame 1371 received at 1574770121906
11-26 14:08:41.930 20026 20063 D Evaluation: 2 res for frame 1373 received at 1574770121930
11-26 14:08:42.346 20026 20042 W System  : A resource failed to call close. 
11-26 14:08:42.351 20026 20042 I chatty  : uid=10203(symlab.cloudridar.arhud) FinalizerDaemon identical 28 lines
11-26 14:08:42.351 20026 20042 W System  : A resource failed to call close. 
11-26 14:08:43.078 20026 20063 W System.err: java.net.SocketException: Message too long
11-26 14:08:43.078 20026 20063 W System.err: 	at sun.nio.ch.DatagramChannelImpl.send0(Native Method)
11-26 14:08:43.078 20026 20063 W System.err: 	at sun.nio.ch.DatagramChannelImpl.sendFromNativeBuffer(DatagramChannelImpl.java:573)
11-26 14:08:43.078 20026 20063 W System.err: 	at sun.nio.ch.DatagramChannelImpl.send(DatagramChannelImpl.java:550)
11-26 14:08:43.078 20026 20063 W System.err: 	at sun.nio.ch.DatagramChannelImpl.send(DatagramChannelImpl.java:514)
11-26 14:08:43.078 20026 20063 W System.err: 	at symlab.CloudAR.network.TransmissionTask.run(TransmissionTask.java:133)
11-26 14:08:43.078 20026 20063 W System.err: 	at android.os.Handler.handleCallback(Handler.java:874)
11-26 14:08:43.078 20026 20063 W System.err: 	at android.os.Handler.dispatchMessage(Handler.java:100)
11-26 14:08:43.078 20026 20063 W System.err: 	at android.os.Looper.loop(Looper.java:198)
11-26 14:08:43.078 20026 20063 W System.err: 	at android.os.HandlerThread.run(HandlerThread.java:65)
11-26 14:08:43.117 20026 20042 W System  : A resource failed to call close. 
11-26 14:08:43.117 20026 20042 I chatty  : uid=10203(symlab.cloudridar.arhud) FinalizerDaemon identical 4 lines
11-26 14:08:43.117 20026 20042 W System  : A resource failed to call close. 
11-26 14:08:43.119 20026 20042 W System  : A resource failed to call close. 
11-26 14:08:43.120 20026 20042 I chatty  : uid=10203(symlab.cloudridar.arhud) FinalizerDaemon identical 11 lines
11-26 14:08:43.120 20026 20042 W System  : A resource failed to call close. 
11-26 14:08:44.069 20026 20042 W System  : A resource failed to call close. 
11-26 14:08:44.071 20026 20042 I chatty  : uid=10203(symlab.cloudridar.arhud) FinalizerDaemon identical 19 lines
11-26 14:08:44.071 20026 20042 W System  : A resource failed to call close. 
11-26 14:08:44.943 20026 20042 W System  : A resource failed to call close. 
11-26 14:08:44.945 20026 20042 I chatty  : uid=10203(symlab.cloudridar.arhud) FinalizerDaemon identical 20 lines
11-26 14:08:44.945 20026 20042 W System  : A resource failed to call close. 
11-26 14:08:45.819 20026 20042 W System  : A resource failed to call close. 
11-26 14:08:45.821 20026 20042 I chatty  : uid=10203(symlab.cloudridar.arhud) FinalizerDaemon identical 19 lines
11-26 14:08:45.821 20026 20042 W System  : A resource failed to call close. 
11-26 14:08:46.355 20026 20063 W System.err: java.net.SocketException: Message too long
11-26 14:08:46.356 20026 20063 W System.err: 	at sun.nio.ch.DatagramChannelImpl.send0(Native Method)
11-26 14:08:46.356 20026 20063 W System.err: 	at sun.nio.ch.DatagramChannelImpl.sendFromNativeBuffer(DatagramChannelImpl.java:573)
11-26 14:08:46.356 20026 20063 W System.err: 	at sun.nio.ch.DatagramChannelImpl.send(DatagramChannelImpl.java:550)
11-26 14:08:46.356 20026 20063 W System.err: 	at sun.nio.ch.DatagramChannelImpl.send(DatagramChannelImpl.java:514)
11-26 14:08:46.356 20026 20063 W System.err: 	at symlab.CloudAR.network.TransmissionTask.run(TransmissionTask.java:133)
11-26 14:08:46.356 20026 20063 W System.err: 	at android.os.Handler.handleCallback(Handler.java:874)
11-26 14:08:46.356 20026 20063 W System.err: 	at android.os.Handler.dispatchMessage(Handler.java:100)
11-26 14:08:46.356 20026 20063 W System.err: 	at android.os.Looper.loop(Looper.java:198)
11-26 14:08:46.356 20026 20063 W System.err: 	at android.os.HandlerThread.run(HandlerThread.java:65)
11-26 14:08:46.635 20026 20063 W System.err: java.net.SocketException: Message too long
11-26 14:08:46.635 20026 20063 W System.err: 	at sun.nio.ch.DatagramChannelImpl.send0(Native Method)
11-26 14:08:46.636 20026 20063 W System.err: 	at sun.nio.ch.DatagramChannelImpl.sendFromNativeBuffer(DatagramChannelImpl.java:573)
11-26 14:08:46.636 20026 20063 W System.err: 	at sun.nio.ch.DatagramChannelImpl.send(DatagramChannelImpl.java:550)
11-26 14:08:46.636 20026 20063 W System.err: 	at sun.nio.ch.DatagramChannelImpl.send(DatagramChannelImpl.java:514)
11-26 14:08:46.636 20026 20063 W System.err: 	at symlab.CloudAR.network.TransmissionTask.run(TransmissionTask.java:133)
11-26 14:08:46.636 20026 20063 W System.err: 	at android.os.Handler.handleCallback(Handler.java:874)
11-26 14:08:46.636 20026 20063 W System.err: 	at android.os.Handler.dispatchMessage(Handler.java:100)
11-26 14:08:46.636 20026 20063 W System.err: 	at android.os.Looper.loop(Looper.java:198)
11-26 14:08:46.637 20026 20063 W System.err: 	at android.os.HandlerThread.run(HandlerThread.java:65)
11-26 14:08:46.651 20026 20042 W System  : A resource failed to call close. 
11-26 14:08:46.652 20026 20042 I chatty  : uid=10203(symlab.cloudridar.arhud) FinalizerDaemon identical 18 lines
11-26 14:08:46.652 20026 20042 W System  : A resource failed to call close. 
11-26 14:08:46.974 20026 20063 W System.err: java.net.SocketException: Message too long
11-26 14:08:46.975 20026 20063 W System.err: 	at sun.nio.ch.DatagramChannelImpl.send0(Native Method)
11-26 14:08:46.975 20026 20063 W System.err: 	at sun.nio.ch.DatagramChannelImpl.sendFromNativeBuffer(DatagramChannelImpl.java:573)
11-26 14:08:46.975 20026 20063 W System.err: 	at sun.nio.ch.DatagramChannelImpl.send(DatagramChannelImpl.java:550)
11-26 14:08:46.975 20026 20063 W System.err: 	at sun.nio.ch.DatagramChannelImpl.send(DatagramChannelImpl.java:514)
11-26 14:08:46.975 20026 20063 W System.err: 	at symlab.CloudAR.network.TransmissionTask.run(TransmissionTask.java:133)
11-26 14:08:46.975 20026 20063 W System.err: 	at android.os.Handler.handleCallback(Handler.java:874)
11-26 14:08:46.975 20026 20063 W System.err: 	at android.os.Handler.dispatchMessage(Handler.java:100)
11-26 14:08:46.975 20026 20063 W System.err: 	at android.os.Looper.loop(Looper.java:198)
11-26 14:08:46.975 20026 20063 W System.err: 	at android.os.HandlerThread.run(HandlerThread.java:65)
11-26 14:08:47.252 20026 20063 W System.err: java.net.SocketException: Message too long
11-26 14:08:47.252 20026 20063 W System.err: 	at sun.nio.ch.DatagramChannelImpl.send0(Native Method)
11-26 14:08:47.252 20026 20063 W System.err: 	at sun.nio.ch.DatagramChannelImpl.sendFromNativeBuffer(DatagramChannelImpl.java:573)
11-26 14:08:47.252 20026 20063 W System.err: 	at sun.nio.ch.DatagramChannelImpl.send(DatagramChannelImpl.java:550)
11-26 14:08:47.252 20026 20063 W System.err: 	at sun.nio.ch.DatagramChannelImpl.send(DatagramChannelImpl.java:514)
11-26 14:08:47.252 20026 20063 W System.err: 	at symlab.CloudAR.network.TransmissionTask.run(TransmissionTask.java:133)
11-26 14:08:47.252 20026 20063 W System.err: 	at android.os.Handler.handleCallback(Handler.java:874)
11-26 14:08:47.252 20026 20063 W System.err: 	at android.os.Handler.dispatchMessage(Handler.java:100)
11-26 14:08:47.252 20026 20063 W System.err: 	at android.os.Looper.loop(Looper.java:198)
11-26 14:08:47.252 20026 20063 W System.err: 	at android.os.HandlerThread.run(HandlerThread.java:65)
11-26 14:08:47.450 20026 20063 W System.err: java.net.SocketException: Message too long
11-26 14:08:47.450 20026 20063 W System.err: 	at sun.nio.ch.DatagramChannelImpl.send0(Native Method)
11-26 14:08:47.450 20026 20063 W System.err: 	at sun.nio.ch.DatagramChannelImpl.sendFromNativeBuffer(DatagramChannelImpl.java:573)
11-26 14:08:47.450 20026 20063 W System.err: 	at sun.nio.ch.DatagramChannelImpl.send(DatagramChannelImpl.java:550)
11-26 14:08:47.450 20026 20063 W System.err: 	at sun.nio.ch.DatagramChannelImpl.send(DatagramChannelImpl.java:514)
11-26 14:08:47.450 20026 20063 W System.err: 	at symlab.CloudAR.network.TransmissionTask.run(TransmissionTask.java:133)
11-26 14:08:47.450 20026 20063 W System.err: 	at android.os.Handler.handleCallback(Handler.java:874)
11-26 14:08:47.450 20026 20063 W System.err: 	at android.os.Handler.dispatchMessage(Handler.java:100)
11-26 14:08:47.450 20026 20063 W System.err: 	at android.os.Looper.loop(Looper.java:198)
11-26 14:08:47.450 20026 20063 W System.err: 	at android.os.HandlerThread.run(HandlerThread.java:65)
11-26 14:08:47.539 20026 20042 W System  : A resource failed to call close. 
11-26 14:08:47.539 20026 20042 I chatty  : uid=10203(symlab.cloudridar.arhud) FinalizerDaemon identical 14 lines
11-26 14:08:47.539 20026 20042 W System  : A resource failed to call close. 
11-26 14:08:47.551 20026 20063 W System.err: java.net.SocketException: Message too long
11-26 14:08:47.551 20026 20063 W System.err: 	at sun.nio.ch.DatagramChannelImpl.send0(Native Method)
11-26 14:08:47.551 20026 20063 W System.err: 	at sun.nio.ch.DatagramChannelImpl.sendFromNativeBuffer(DatagramChannelImpl.java:573)
11-26 14:08:47.551 20026 20063 W System.err: 	at sun.nio.ch.DatagramChannelImpl.send(DatagramChannelImpl.java:550)
11-26 14:08:47.551 20026 20063 W System.err: 	at sun.nio.ch.DatagramChannelImpl.send(DatagramChannelImpl.java:514)
11-26 14:08:47.551 20026 20063 W System.err: 	at symlab.CloudAR.network.TransmissionTask.run(TransmissionTask.java:133)
11-26 14:08:47.551 20026 20063 W System.err: 	at android.os.Handler.handleCallback(Handler.java:874)
11-26 14:08:47.551 20026 20063 W System.err: 	at android.os.Handler.dispatchMessage(Handler.java:100)
11-26 14:08:47.551 20026 20063 W System.err: 	at android.os.Looper.loop(Looper.java:198)
11-26 14:08:47.551 20026 20063 W System.err: 	at android.os.HandlerThread.run(HandlerThread.java:65)
11-26 14:08:47.601 20026 20063 W System.err: java.net.SocketException: Message too long
11-26 14:08:47.602 20026 20063 W System.err: 	at sun.nio.ch.DatagramChannelImpl.send0(Native Method)
11-26 14:08:47.602 20026 20063 W System.err: 	at sun.nio.ch.DatagramChannelImpl.sendFromNativeBuffer(DatagramChannelImpl.java:573)
11-26 14:08:47.602 20026 20063 W System.err: 	at sun.nio.ch.DatagramChannelImpl.send(DatagramChannelImpl.java:550)
11-26 14:08:47.602 20026 20063 W System.err: 	at sun.nio.ch.DatagramChannelImpl.send(DatagramChannelImpl.java:514)
11-26 14:08:47.602 20026 20063 W System.err: 	at symlab.CloudAR.network.TransmissionTask.run(TransmissionTask.java:133)
11-26 14:08:47.602 20026 20063 W System.err: 	at android.os.Handler.handleCallback(Handler.java:874)
11-26 14:08:47.602 20026 20063 W System.err: 	at android.os.Handler.dispatchMessage(Handler.java:100)
11-26 14:08:47.602 20026 20063 W System.err: 	at android.os.Looper.loop(Looper.java:198)
11-26 14:08:47.602 20026 20063 W System.err: 	at android.os.HandlerThread.run(HandlerThread.java:65)
11-26 14:08:47.811 20026 20063 W System.err: java.net.SocketException: Message too long
11-26 14:08:47.811 20026 20063 W System.err: 	at sun.nio.ch.DatagramChannelImpl.send0(Native Method)
11-26 14:08:47.811 20026 20063 W System.err: 	at sun.nio.ch.DatagramChannelImpl.sendFromNativeBuffer(DatagramChannelImpl.java:573)
11-26 14:08:47.811 20026 20063 W System.err: 	at sun.nio.ch.DatagramChannelImpl.send(DatagramChannelImpl.java:550)
11-26 14:08:47.811 20026 20063 W System.err: 	at sun.nio.ch.DatagramChannelImpl.send(DatagramChannelImpl.java:514)
11-26 14:08:47.811 20026 20063 W System.err: 	at symlab.CloudAR.network.TransmissionTask.run(TransmissionTask.java:133)
11-26 14:08:47.812 20026 20063 W System.err: 	at android.os.Handler.handleCallback(Handler.java:874)
11-26 14:08:47.812 20026 20063 W System.err: 	at android.os.Handler.dispatchMessage(Handler.java:100)
11-26 14:08:47.812 20026 20063 W System.err: 	at android.os.Looper.loop(Looper.java:198)
11-26 14:08:47.812 20026 20063 W System.err: 	at android.os.HandlerThread.run(HandlerThread.java:65)
11-26 14:08:47.849 20026 20063 W System.err: java.net.SocketException: Message too long
11-26 14:08:47.849 20026 20063 W System.err: 	at sun.nio.ch.DatagramChannelImpl.send0(Native Method)
11-26 14:08:47.849 20026 20063 W System.err: 	at sun.nio.ch.DatagramChannelImpl.sendFromNativeBuffer(DatagramChannelImpl.java:573)
11-26 14:08:47.849 20026 20063 W System.err: 	at sun.nio.ch.DatagramChannelImpl.send(DatagramChannelImpl.java:550)
11-26 14:08:47.849 20026 20063 W System.err: 	at sun.nio.ch.DatagramChannelImpl.send(DatagramChannelImpl.java:514)
11-26 14:08:47.849 20026 20063 W System.err: 	at symlab.CloudAR.network.TransmissionTask.run(TransmissionTask.java:133)
11-26 14:08:47.849 20026 20063 W System.err: 	at android.os.Handler.handleCallback(Handler.java:874)
11-26 14:08:47.849 20026 20063 W System.err: 	at android.os.Handler.dispatchMessage(Handler.java:100)
11-26 14:08:47.849 20026 20063 W System.err: 	at android.os.Looper.loop(Looper.java:198)
11-26 14:08:47.849 20026 20063 W System.err: 	at android.os.HandlerThread.run(HandlerThread.java:65)
11-26 14:08:47.875 20026 20063 W System.err: java.net.SocketException: Message too long
11-26 14:08:47.875 20026 20063 W System.err: 	at sun.nio.ch.DatagramChannelImpl.send0(Native Method)
11-26 14:08:47.875 20026 20063 W System.err: 	at sun.nio.ch.DatagramChannelImpl.sendFromNativeBuffer(DatagramChannelImpl.java:573)
11-26 14:08:47.875 20026 20063 W System.err: 	at sun.nio.ch.DatagramChannelImpl.send(DatagramChannelImpl.java:550)
11-26 14:08:47.875 20026 20063 W System.err: 	at sun.nio.ch.DatagramChannelImpl.send(DatagramChannelImpl.java:514)
11-26 14:08:47.875 20026 20063 W System.err: 	at symlab.CloudAR.network.TransmissionTask.run(TransmissionTask.java:133)
11-26 14:08:47.875 20026 20063 W System.err: 	at android.os.Handler.handleCallback(Handler.java:874)
11-26 14:08:47.875 20026 20063 W System.err: 	at android.os.Handler.dispatchMessage(Handler.java:100)
11-26 14:08:47.875 20026 20063 W System.err: 	at android.os.Looper.loop(Looper.java:198)
11-26 14:08:47.875 20026 20063 W System.err: 	at android.os.HandlerThread.run(HandlerThread.java:65)
11-26 14:08:47.899 20026 20063 W System.err: java.net.SocketException: Message too long
11-26 14:08:47.899 20026 20063 W System.err: 	at sun.nio.ch.DatagramChannelImpl.send0(Native Method)
11-26 14:08:47.899 20026 20063 W System.err: 	at sun.nio.ch.DatagramChannelImpl.sendFromNativeBuffer(DatagramChannelImpl.java:573)
11-26 14:08:47.899 20026 20063 W System.err: 	at sun.nio.ch.DatagramChannelImpl.send(DatagramChannelImpl.java:550)
11-26 14:08:47.899 20026 20063 W System.err: 	at sun.nio.ch.DatagramChannelImpl.send(DatagramChannelImpl.java:514)
11-26 14:08:47.899 20026 20063 W System.err: 	at symlab.CloudAR.network.TransmissionTask.run(TransmissionTask.java:133)
11-26 14:08:47.899 20026 20063 W System.err: 	at android.os.Handler.handleCallback(Handler.java:874)
11-26 14:08:47.899 20026 20063 W System.err: 	at android.os.Handler.dispatchMessage(Handler.java:100)
11-26 14:08:47.899 20026 20063 W System.err: 	at android.os.Looper.loop(Looper.java:198)
11-26 14:08:47.899 20026 20063 W System.err: 	at android.os.HandlerThread.run(HandlerThread.java:65)
11-26 14:08:47.922 20026 20063 W System.err: java.net.SocketException: Message too long
11-26 14:08:47.922 20026 20063 W System.err: 	at sun.nio.ch.DatagramChannelImpl.send0(Native Method)
11-26 14:08:47.922 20026 20063 W System.err: 	at sun.nio.ch.DatagramChannelImpl.sendFromNativeBuffer(DatagramChannelImpl.java:573)
11-26 14:08:47.922 20026 20063 W System.err: 	at sun.nio.ch.DatagramChannelImpl.send(DatagramChannelImpl.java:550)
11-26 14:08:47.922 20026 20063 W System.err: 	at sun.nio.ch.DatagramChannelImpl.send(DatagramChannelImpl.java:514)
11-26 14:08:47.922 20026 20063 W System.err: 	at symlab.CloudAR.network.TransmissionTask.run(TransmissionTask.java:133)
11-26 14:08:47.922 20026 20063 W System.err: 	at android.os.Handler.handleCallback(Handler.java:874)
11-26 14:08:47.922 20026 20063 W System.err: 	at android.os.Handler.dispatchMessage(Handler.java:100)
11-26 14:08:47.922 20026 20063 W System.err: 	at android.os.Looper.loop(Looper.java:198)
11-26 14:08:47.922 20026 20063 W System.err: 	at android.os.HandlerThread.run(HandlerThread.java:65)
11-26 14:08:47.942 20026 20063 W System.err: java.net.SocketException: Message too long
11-26 14:08:47.943 20026 20063 W System.err: 	at sun.nio.ch.DatagramChannelImpl.send0(Native Method)
11-26 14:08:47.943 20026 20063 W System.err: 	at sun.nio.ch.DatagramChannelImpl.sendFromNativeBuffer(DatagramChannelImpl.java:573)
11-26 14:08:47.943 20026 20063 W System.err: 	at sun.nio.ch.DatagramChannelImpl.send(DatagramChannelImpl.java:550)
11-26 14:08:47.943 20026 20063 W System.err: 	at sun.nio.ch.DatagramChannelImpl.send(DatagramChannelImpl.java:514)
11-26 14:08:47.943 20026 20063 W System.err: 	at symlab.CloudAR.network.TransmissionTask.run(TransmissionTask.java:133)
11-26 14:08:47.943 20026 20063 W System.err: 	at android.os.Handler.handleCallback(Handler.java:874)
11-26 14:08:47.943 20026 20063 W System.err: 	at android.os.Handler.dispatchMessage(Handler.java:100)
11-26 14:08:47.943 20026 20063 W System.err: 	at android.os.Looper.loop(Looper.java:198)
11-26 14:08:47.943 20026 20063 W System.err: 	at android.os.HandlerThread.run(HandlerThread.java:65)
11-26 14:08:48.023 20026 20063 W System.err: java.net.SocketException: Message too long
11-26 14:08:48.023 20026 20063 W System.err: 	at sun.nio.ch.DatagramChannelImpl.send0(Native Method)
11-26 14:08:48.023 20026 20063 W System.err: 	at sun.nio.ch.DatagramChannelImpl.sendFromNativeBuffer(DatagramChannelImpl.java:573)
11-26 14:08:48.023 20026 20063 W System.err: 	at sun.nio.ch.DatagramChannelImpl.send(DatagramChannelImpl.java:550)
11-26 14:08:48.023 20026 20063 W System.err: 	at sun.nio.ch.DatagramChannelImpl.send(DatagramChannelImpl.java:514)
11-26 14:08:48.023 20026 20063 W System.err: 	at symlab.CloudAR.network.TransmissionTask.run(TransmissionTask.java:133)
11-26 14:08:48.023 20026 20063 W System.err: 	at android.os.Handler.handleCallback(Handler.java:874)
11-26 14:08:48.023 20026 20063 W System.err: 	at android.os.Handler.dispatchMessage(Handler.java:100)
11-26 14:08:48.023 20026 20063 W System.err: 	at android.os.Looper.loop(Looper.java:198)
11-26 14:08:48.023 20026 20063 W System.err: 	at android.os.HandlerThread.run(HandlerThread.java:65)
11-26 14:08:48.091 20026 20063 W System.err: java.net.SocketException: Message too long
11-26 14:08:48.091 20026 20063 W System.err: 	at sun.nio.ch.DatagramChannelImpl.send0(Native Method)
11-26 14:08:48.092 20026 20063 W System.err: 	at sun.nio.ch.DatagramChannelImpl.sendFromNativeBuffer(DatagramChannelImpl.java:573)
11-26 14:08:48.092 20026 20063 W System.err: 	at sun.nio.ch.DatagramChannelImpl.send(DatagramChannelImpl.java:550)
11-26 14:08:48.092 20026 20063 W System.err: 	at sun.nio.ch.DatagramChannelImpl.send(DatagramChannelImpl.java:514)
11-26 14:08:48.092 20026 20063 W System.err: 	at symlab.CloudAR.network.TransmissionTask.run(TransmissionTask.java:133)
11-26 14:08:48.092 20026 20063 W System.err: 	at android.os.Handler.handleCallback(Handler.java:874)
11-26 14:08:48.092 20026 20063 W System.err: 	at android.os.Handler.dispatchMessage(Handler.java:100)
11-26 14:08:48.092 20026 20063 W System.err: 	at android.os.Looper.loop(Looper.java:198)
11-26 14:08:48.092 20026 20063 W System.err: 	at android.os.HandlerThread.run(HandlerThread.java:65)
11-26 14:08:48.125 20026 20063 W System.err: java.net.SocketException: Message too long
11-26 14:08:48.125 20026 20063 W System.err: 	at sun.nio.ch.DatagramChannelImpl.send0(Native Method)
11-26 14:08:48.125 20026 20063 W System.err: 	at sun.nio.ch.DatagramChannelImpl.sendFromNativeBuffer(DatagramChannelImpl.java:573)
11-26 14:08:48.125 20026 20063 W System.err: 	at sun.nio.ch.DatagramChannelImpl.send(DatagramChannelImpl.java:550)
11-26 14:08:48.125 20026 20063 W System.err: 	at sun.nio.ch.DatagramChannelImpl.send(DatagramChannelImpl.java:514)
11-26 14:08:48.125 20026 20063 W System.err: 	at symlab.CloudAR.network.TransmissionTask.run(TransmissionTask.java:133)
11-26 14:08:48.125 20026 20063 W System.err: 	at android.os.Handler.handleCallback(Handler.java:874)
11-26 14:08:48.125 20026 20063 W System.err: 	at android.os.Handler.dispatchMessage(Handler.java:100)
11-26 14:08:48.125 20026 20063 W System.err: 	at android.os.Looper.loop(Looper.java:198)
11-26 14:08:48.125 20026 20063 W System.err: 	at android.os.HandlerThread.run(HandlerThread.java:65)
11-26 14:08:48.155 20026 20063 W System.err: java.net.SocketException: Message too long
11-26 14:08:48.156 20026 20063 W System.err: 	at sun.nio.ch.DatagramChannelImpl.send0(Native Method)
11-26 14:08:48.156 20026 20063 W System.err: 	at sun.nio.ch.DatagramChannelImpl.sendFromNativeBuffer(DatagramChannelImpl.java:573)
11-26 14:08:48.156 20026 20063 W System.err: 	at sun.nio.ch.DatagramChannelImpl.send(DatagramChannelImpl.java:550)
11-26 14:08:48.156 20026 20063 W System.err: 	at sun.nio.ch.DatagramChannelImpl.send(DatagramChannelImpl.java:514)
11-26 14:08:48.156 20026 20063 W System.err: 	at symlab.CloudAR.network.TransmissionTask.run(TransmissionTask.java:133)
11-26 14:08:48.156 20026 20063 W System.err: 	at android.os.Handler.handleCallback(Handler.java:874)
11-26 14:08:48.156 20026 20063 W System.err: 	at android.os.Handler.dispatchMessage(Handler.java:100)
11-26 14:08:48.156 20026 20063 W System.err: 	at android.os.Looper.loop(Looper.java:198)
11-26 14:08:48.156 20026 20063 W System.err: 	at android.os.HandlerThread.run(HandlerThread.java:65)
11-26 14:08:48.186 20026 20063 W System.err: java.net.SocketException: Message too long
11-26 14:08:48.187 20026 20063 W System.err: 	at sun.nio.ch.DatagramChannelImpl.send0(Native Method)
11-26 14:08:48.187 20026 20063 W System.err: 	at sun.nio.ch.DatagramChannelImpl.sendFromNativeBuffer(DatagramChannelImpl.java:573)
11-26 14:08:48.187 20026 20063 W System.err: 	at sun.nio.ch.DatagramChannelImpl.send(DatagramChannelImpl.java:550)
11-26 14:08:48.187 20026 20063 W System.err: 	at sun.nio.ch.DatagramChannelImpl.send(DatagramChannelImpl.java:514)
11-26 14:08:48.187 20026 20063 W System.err: 	at symlab.CloudAR.network.TransmissionTask.run(TransmissionTask.java:133)
11-26 14:08:48.187 20026 20063 W System.err: 	at android.os.Handler.handleCallback(Handler.java:874)
11-26 14:08:48.187 20026 20063 W System.err: 	at android.os.Handler.dispatchMessage(Handler.java:100)
11-26 14:08:48.187 20026 20063 W System.err: 	at android.os.Looper.loop(Looper.java:198)
11-26 14:08:48.187 20026 20063 W System.err: 	at android.os.HandlerThread.run(HandlerThread.java:65)
11-26 14:08:48.211 20026 20063 W System.err: java.net.SocketException: Message too long
11-26 14:08:48.211 20026 20063 W System.err: 	at sun.nio.ch.DatagramChannelImpl.send0(Native Method)
11-26 14:08:48.211 20026 20063 W System.err: 	at sun.nio.ch.DatagramChannelImpl.sendFromNativeBuffer(DatagramChannelImpl.java:573)
11-26 14:08:48.211 20026 20063 W System.err: 	at sun.nio.ch.DatagramChannelImpl.send(DatagramChannelImpl.java:550)
11-26 14:08:48.211 20026 20063 W System.err: 	at sun.nio.ch.DatagramChannelImpl.send(DatagramChannelImpl.java:514)
11-26 14:08:48.212 20026 20063 W System.err: 	at symlab.CloudAR.network.TransmissionTask.run(TransmissionTask.java:133)
11-26 14:08:48.212 20026 20063 W System.err: 	at android.os.Handler.handleCallback(Handler.java:874)
11-26 14:08:48.212 20026 20063 W System.err: 	at android.os.Handler.dispatchMessage(Handler.java:100)
11-26 14:08:48.212 20026 20063 W System.err: 	at android.os.Looper.loop(Looper.java:198)
11-26 14:08:48.212 20026 20063 W System.err: 	at android.os.HandlerThread.run(HandlerThread.java:65)
11-26 14:08:48.237 20026 20063 W System.err: java.net.SocketException: Message too long
11-26 14:08:48.237 20026 20063 W System.err: 	at sun.nio.ch.DatagramChannelImpl.send0(Native Method)
11-26 14:08:48.237 20026 20063 W System.err: 	at sun.nio.ch.DatagramChannelImpl.sendFromNativeBuffer(DatagramChannelImpl.java:573)
11-26 14:08:48.237 20026 20063 W System.err: 	at sun.nio.ch.DatagramChannelImpl.send(DatagramChannelImpl.java:550)
11-26 14:08:48.237 20026 20063 W System.err: 	at sun.nio.ch.DatagramChannelImpl.send(DatagramChannelImpl.java:514)
11-26 14:08:48.237 20026 20063 W System.err: 	at symlab.CloudAR.network.TransmissionTask.run(TransmissionTask.java:133)
11-26 14:08:48.237 20026 20063 W System.err: 	at android.os.Handler.handleCallback(Handler.java:874)
11-26 14:08:48.237 20026 20063 W System.err: 	at android.os.Handler.dispatchMessage(Handler.java:100)
11-26 14:08:48.237 20026 20063 W System.err: 	at android.os.Looper.loop(Looper.java:198)
11-26 14:08:48.237 20026 20063 W System.err: 	at android.os.HandlerThread.run(HandlerThread.java:65)
11-26 14:08:48.262 20026 20063 W System.err: java.net.SocketException: Message too long
11-26 14:08:48.262 20026 20063 W System.err: 	at sun.nio.ch.DatagramChannelImpl.send0(Native Method)
11-26 14:08:48.262 20026 20063 W System.err: 	at sun.nio.ch.DatagramChannelImpl.sendFromNativeBuffer(DatagramChannelImpl.java:573)
11-26 14:08:48.262 20026 20063 W System.err: 	at sun.nio.ch.DatagramChannelImpl.send(DatagramChannelImpl.java:550)
11-26 14:08:48.262 20026 20063 W System.err: 	at sun.nio.ch.DatagramChannelImpl.send(DatagramChannelImpl.java:514)
11-26 14:08:48.262 20026 20063 W System.err: 	at symlab.CloudAR.network.TransmissionTask.run(TransmissionTask.java:133)
11-26 14:08:48.263 20026 20063 W System.err: 	at android.os.Handler.handleCallback(Handler.java:874)
11-26 14:08:48.263 20026 20063 W System.err: 	at android.os.Handler.dispatchMessage(Handler.java:100)
11-26 14:08:48.263 20026 20063 W System.err: 	at android.os.Looper.loop(Looper.java:198)
11-26 14:08:48.263 20026 20063 W System.err: 	at android.os.HandlerThread.run(HandlerThread.java:65)
11-26 14:08:48.381 20026 20063 W System.err: java.net.SocketException: Message too long
11-26 14:08:48.381 20026 20063 W System.err: 	at sun.nio.ch.DatagramChannelImpl.send0(Native Method)
11-26 14:08:48.381 20026 20063 W System.err: 	at sun.nio.ch.DatagramChannelImpl.sendFromNativeBuffer(DatagramChannelImpl.java:573)
11-26 14:08:48.382 20026 20063 W System.err: 	at sun.nio.ch.DatagramChannelImpl.send(DatagramChannelImpl.java:550)
11-26 14:08:48.382 20026 20063 W System.err: 	at sun.nio.ch.DatagramChannelImpl.send(DatagramChannelImpl.java:514)
11-26 14:08:48.382 20026 20063 W System.err: 	at symlab.CloudAR.network.TransmissionTask.run(TransmissionTask.java:133)
11-26 14:08:48.382 20026 20063 W System.err: 	at android.os.Handler.handleCallback(Handler.java:874)
11-26 14:08:48.382 20026 20063 W System.err: 	at android.os.Handler.dispatchMessage(Handler.java:100)
11-26 14:08:48.382 20026 20063 W System.err: 	at android.os.Looper.loop(Looper.java:198)
11-26 14:08:48.382 20026 20063 W System.err: 	at android.os.HandlerThread.run(HandlerThread.java:65)
11-26 14:08:48.519 20026 20063 W System.err: java.net.SocketException: Message too long
11-26 14:08:48.520 20026 20063 W System.err: 	at sun.nio.ch.DatagramChannelImpl.send0(Native Method)
11-26 14:08:48.520 20026 20063 W System.err: 	at sun.nio.ch.DatagramChannelImpl.sendFromNativeBuffer(DatagramChannelImpl.java:573)
11-26 14:08:48.520 20026 20063 W System.err: 	at sun.nio.ch.DatagramChannelImpl.send(DatagramChannelImpl.java:550)
11-26 14:08:48.521 20026 20063 W System.err: 	at sun.nio.ch.DatagramChannelImpl.send(DatagramChannelImpl.java:514)
11-26 14:08:48.521 20026 20063 W System.err: 	at symlab.CloudAR.network.TransmissionTask.run(TransmissionTask.java:133)
11-26 14:08:48.521 20026 20063 W System.err: 	at android.os.Handler.handleCallback(Handler.java:874)
11-26 14:08:48.521 20026 20063 W System.err: 	at android.os.Handler.dispatchMessage(Handler.java:100)
11-26 14:08:48.521 20026 20063 W System.err: 	at android.os.Looper.loop(Looper.java:198)
11-26 14:08:48.521 20026 20063 W System.err: 	at android.os.HandlerThread.run(HandlerThread.java:65)
11-26 14:08:48.555 20026 20063 W System.err: java.net.SocketException: Message too long
11-26 14:08:48.555 20026 20063 W System.err: 	at sun.nio.ch.DatagramChannelImpl.send0(Native Method)
11-26 14:08:48.555 20026 20063 W System.err: 	at sun.nio.ch.DatagramChannelImpl.sendFromNativeBuffer(DatagramChannelImpl.java:573)
11-26 14:08:48.556 20026 20063 W System.err: 	at sun.nio.ch.DatagramChannelImpl.send(DatagramChannelImpl.java:550)
