11-26 14:08:15.384 20026 20063 W System.err: 	at sun.nio.ch.DatagramChannelImpl.send(DatagramChannelImpl.java:550)
11-26 14:08:15.384 20026 20063 W System.err: 	at sun.nio.ch.DatagramChannelImpl.send(DatagramChannelImpl.java:514)
11-26 14:08:15.384 20026 20063 W System.err: 	at symlab.CloudAR.network.TransmissionTask.run(TransmissionTask.java:133)
11-26 14:08:15.384 20026 20063 W System.err: 	at android.os.Handler.handleCallback(Handler.java:874)
11-26 14:08:15.384 20026 20063 W System.err: 	at android.os.Handler.dispatchMessage(Handler.java:100)
11-26 14:08:15.384 20026 20063 W System.err: 	at android.os.Looper.loop(Looper.java:198)
11-26 14:08:15.384 20026 20063 W System.err: 	at android.os.HandlerThread.run(HandlerThread.java:65)
11-26 14:08:15.415 20026 20063 W System.err: java.net.SocketException: Message too long
11-26 14:08:15.416 20026 20063 W System.err: 	at sun.nio.ch.DatagramChannelImpl.send0(Native Method)
11-26 14:08:15.416 20026 20063 W System.err: 	at sun.nio.ch.DatagramChannelImpl.sendFromNativeBuffer(DatagramChannelImpl.java:573)
11-26 14:08:15.416 20026 20063 W System.err: 	at sun.nio.ch.DatagramChannelImpl.send(DatagramChannelImpl.java:550)
11-26 14:08:15.416 20026 20063 W System.err: 	at sun.nio.ch.DatagramChannelImpl.send(DatagramChannelImpl.java:514)
11-26 14:08:15.416 20026 20063 W System.err: 	at symlab.CloudAR.network.TransmissionTask.run(TransmissionTask.java:133)
11-26 14:08:15.416 20026 20063 W System.err: 	at android.os.Handler.handleCallback(Handler.java:874)
11-26 14:08:15.416 20026 20063 W System.err: 	at android.os.Handler.dispatchMessage(Handler.java:100)
11-26 14:08:15.416 20026 20063 W System.err: 	at android.os.Looper.loop(Looper.java:198)
11-26 14:08:15.416 20026 20063 W System.err: 	at android.os.HandlerThread.run(HandlerThread.java:65)
11-26 14:08:15.440 20026 20063 W System.err: java.net.SocketException: Message too long
11-26 14:08:15.441 20026 20063 W System.err: 	at sun.nio.ch.DatagramChannelImpl.send0(Native Method)
11-26 14:08:15.441 20026 20063 W System.err: 	at sun.nio.ch.DatagramChannelImpl.sendFromNativeBuffer(DatagramChannelImpl.java:573)
11-26 14:08:15.441 20026 20063 W System.err: 	at sun.nio.ch.DatagramChannelImpl.send(DatagramChannelImpl.java:550)
11-26 14:08:15.441 20026 20063 W System.err: 	at sun.nio.ch.DatagramChannelImpl.send(DatagramChannelImpl.java:514)
11-26 14:08:15.441 20026 20063 W System.err: 	at symlab.CloudAR.network.TransmissionTask.run(TransmissionTask.java:133)
11-26 14:08:15.441 20026 20063 W System.err: 	at android.os.Handler.handleCallback(Handler.java:874)
11-26 14:08:15.441 20026 20063 W System.err: 	at android.os.Handler.dispatchMessage(Handler.java:100)
11-26 14:08:15.441 20026 20063 W System.err: 	at android.os.Looper.loop(Looper.java:198)
11-26 14:08:15.441 20026 20063 W System.err: 	at android.os.HandlerThread.run(HandlerThread.java:65)
11-26 14:08:15.505 20026 20063 W System.err: java.net.SocketException: Message too long
11-26 14:08:15.505 20026 20063 W System.err: 	at sun.nio.ch.DatagramChannelImpl.send0(Native Method)
11-26 14:08:15.505 20026 20063 W System.err: 	at sun.nio.ch.DatagramChannelImpl.sendFromNativeBuffer(DatagramChannelImpl.java:573)
11-26 14:08:15.505 20026 20063 W System.err: 	at sun.nio.ch.DatagramChannelImpl.send(DatagramChannelImpl.java:550)
11-26 14:08:15.505 20026 20063 W System.err: 	at sun.nio.ch.DatagramChannelImpl.send(DatagramChannelImpl.java:514)
11-26 14:08:15.505 20026 20063 W System.err: 	at symlab.CloudAR.network.TransmissionTask.run(TransmissionTask.java:133)
11-26 14:08:15.505 20026 20063 W System.err: 	at android.os.Handler.handleCallback(Handler.java:874)
11-26 14:08:15.505 20026 20063 W System.err: 	at android.os.Handler.dispatchMessage(Handler.java:100)
11-26 14:08:15.506 20026 20063 W System.err: 	at android.os.Looper.loop(Looper.java:198)
11-26 14:08:15.506 20026 20063 W System.err: 	at android.os.HandlerThread.run(HandlerThread.java:65)
11-26 14:08:15.532 20026 20063 W System.err: java.net.SocketException: Message too long
11-26 14:08:15.533 20026 20063 W System.err: 	at sun.nio.ch.DatagramChannelImpl.send0(Native Method)
11-26 14:08:15.533 20026 20063 W System.err: 	at sun.nio.ch.DatagramChannelImpl.sendFromNativeBuffer(DatagramChannelImpl.java:573)
11-26 14:08:15.533 20026 20063 W System.err: 	at sun.nio.ch.DatagramChannelImpl.send(DatagramChannelImpl.java:550)
11-26 14:08:15.533 20026 20063 W System.err: 	at sun.nio.ch.DatagramChannelImpl.send(DatagramChannelImpl.java:514)
11-26 14:08:15.533 20026 20063 W System.err: 	at symlab.CloudAR.network.TransmissionTask.run(TransmissionTask.java:133)
11-26 14:08:15.533 20026 20063 W System.err: 	at android.os.Handler.handleCallback(Handler.java:874)
11-26 14:08:15.533 20026 20063 W System.err: 	at android.os.Handler.dispatchMessage(Handler.java:100)
11-26 14:08:15.533 20026 20063 W System.err: 	at android.os.Looper.loop(Looper.java:198)
11-26 14:08:15.533 20026 20063 W System.err: 	at android.os.HandlerThread.run(HandlerThread.java:65)
11-26 14:08:15.588 20026 20063 W System.err: java.net.SocketException: Message too long
11-26 14:08:15.589 20026 20063 W System.err: 	at sun.nio.ch.DatagramChannelImpl.send0(Native Method)
11-26 14:08:15.589 20026 20063 W System.err: 	at sun.nio.ch.DatagramChannelImpl.sendFromNativeBuffer(DatagramChannelImpl.java:573)
11-26 14:08:15.589 20026 20063 W System.err: 	at sun.nio.ch.DatagramChannelImpl.send(DatagramChannelImpl.java:550)
11-26 14:08:15.589 20026 20063 W System.err: 	at sun.nio.ch.DatagramChannelImpl.send(DatagramChannelImpl.java:514)
11-26 14:08:15.589 20026 20063 W System.err: 	at symlab.CloudAR.network.TransmissionTask.run(TransmissionTask.java:133)
11-26 14:08:15.589 20026 20063 W System.err: 	at android.os.Handler.handleCallback(Handler.java:874)
11-26 14:08:15.589 20026 20063 W System.err: 	at android.os.Handler.dispatchMessage(Handler.java:100)
11-26 14:08:15.589 20026 20063 W System.err: 	at android.os.Looper.loop(Looper.java:198)
11-26 14:08:15.589 20026 20063 W System.err: 	at android.os.HandlerThread.run(HandlerThread.java:65)
11-26 14:08:15.619 20026 20063 W System.err: java.net.SocketException: Message too long
11-26 14:08:15.620 20026 20063 W System.err: 	at sun.nio.ch.DatagramChannelImpl.send0(Native Method)
11-26 14:08:15.620 20026 20063 W System.err: 	at sun.nio.ch.DatagramChannelImpl.sendFromNativeBuffer(DatagramChannelImpl.java:573)
11-26 14:08:15.620 20026 20063 W System.err: 	at sun.nio.ch.DatagramChannelImpl.send(DatagramChannelImpl.java:550)
11-26 14:08:15.620 20026 20063 W System.err: 	at sun.nio.ch.DatagramChannelImpl.send(DatagramChannelImpl.java:514)
11-26 14:08:15.620 20026 20063 W System.err: 	at symlab.CloudAR.network.TransmissionTask.run(TransmissionTask.java:133)
11-26 14:08:15.620 20026 20063 W System.err: 	at android.os.Handler.handleCallback(Handler.java:874)
11-26 14:08:15.620 20026 20063 W System.err: 	at android.os.Handler.dispatchMessage(Handler.java:100)
11-26 14:08:15.620 20026 20063 W System.err: 	at android.os.Looper.loop(Looper.java:198)
11-26 14:08:15.620 20026 20063 W System.err: 	at android.os.HandlerThread.run(HandlerThread.java:65)
11-26 14:08:15.645 20026 20063 W System.err: java.net.SocketException: Message too long
11-26 14:08:15.645 20026 20063 W System.err: 	at sun.nio.ch.DatagramChannelImpl.send0(Native Method)
11-26 14:08:15.645 20026 20063 W System.err: 	at sun.nio.ch.DatagramChannelImpl.sendFromNativeBuffer(DatagramChannelImpl.java:573)
11-26 14:08:15.645 20026 20063 W System.err: 	at sun.nio.ch.DatagramChannelImpl.send(DatagramChannelImpl.java:550)
11-26 14:08:15.645 20026 20063 W System.err: 	at sun.nio.ch.DatagramChannelImpl.send(DatagramChannelImpl.java:514)
11-26 14:08:15.646 20026 20063 W System.err: 	at symlab.CloudAR.network.TransmissionTask.run(TransmissionTask.java:133)
11-26 14:08:15.646 20026 20063 W System.err: 	at android.os.Handler.handleCallback(Handler.java:874)
11-26 14:08:15.646 20026 20063 W System.err: 	at android.os.Handler.dispatchMessage(Handler.java:100)
11-26 14:08:15.646 20026 20063 W System.err: 	at android.os.Looper.loop(Looper.java:198)
11-26 14:08:15.646 20026 20063 W System.err: 	at android.os.HandlerThread.run(HandlerThread.java:65)
11-26 14:08:15.842 20026 20042 W System  : A resource failed to call close. 
11-26 14:08:15.843 20026 20042 I chatty  : uid=10203(symlab.cloudridar.arhud) FinalizerDaemon identical 2 lines
11-26 14:08:15.843 20026 20042 W System  : A resource failed to call close. 
11-26 14:08:16.110 20026 20063 D Evaluation: 0 res for frame 788 received at 1574770096110
11-26 14:08:16.139 20026 20063 D Evaluation: 0 res for frame 789 received at 1574770096139
11-26 14:08:16.178 20026 20063 D Evaluation: 0 res for frame 789 received at 1574770096178
11-26 14:08:16.200 20026 20063 D Evaluation: 0 res for frame 790 received at 1574770096200
11-26 14:08:16.368 20026 20063 D Evaluation: 0 res for frame 791 received at 1574770096368
11-26 14:08:16.398 20026 20063 D Evaluation: 0 res for frame 792 received at 1574770096398
11-26 14:08:16.419 20026 20063 D Evaluation: 0 res for frame 793 received at 1574770096419
11-26 14:08:16.438 20026 20063 D Evaluation: 0 res for frame 795 received at 1574770096438
11-26 14:08:17.316 20026 20042 W System  : A resource failed to call close. 
11-26 14:08:17.317 20026 20042 I chatty  : uid=10203(symlab.cloudridar.arhud) FinalizerDaemon identical 4 lines
11-26 14:08:17.317 20026 20042 W System  : A resource failed to call close. 
11-26 14:08:17.317 20026 20042 W System  : A resource failed to call close. 
11-26 14:08:17.319 20026 20042 I chatty  : uid=10203(symlab.cloudridar.arhud) FinalizerDaemon identical 31 lines
11-26 14:08:17.319 20026 20042 W System  : A resource failed to call close. 
11-26 14:08:18.369 20026 20042 W System  : A resource failed to call close. 
11-26 14:08:18.371 20026 20042 I chatty  : uid=10203(symlab.cloudridar.arhud) FinalizerDaemon identical 26 lines
11-26 14:08:18.371 20026 20042 W System  : A resource failed to call close. 
11-26 14:08:19.386 20026 20042 W System  : A resource failed to call close. 
11-26 14:08:19.387 20026 20042 I chatty  : uid=10203(symlab.cloudridar.arhud) FinalizerDaemon identical 21 lines
11-26 14:08:19.388 20026 20042 W System  : A resource failed to call close. 
11-26 14:08:20.162 20026 20063 D Evaluation: 3 res for frame 881 received at 1574770100162
11-26 14:08:20.246 20026 20063 D Evaluation: 4 res for frame 882 received at 1574770100246
11-26 14:08:20.269 20026 20042 W System  : A resource failed to call close. 
11-26 14:08:20.271 20026 20042 I chatty  : uid=10203(symlab.cloudridar.arhud) FinalizerDaemon identical 21 lines
11-26 14:08:20.271 20026 20042 W System  : A resource failed to call close. 
11-26 14:08:20.280 20026 20063 D Evaluation: 3 res for frame 884 received at 1574770100280
11-26 14:08:20.310 20026 20063 D Evaluation: 3 res for frame 885 received at 1574770100310
11-26 14:08:20.353 20026 20063 D Evaluation: 2 res for frame 886 received at 1574770100353
11-26 14:08:20.389 20026 20063 D Evaluation: 2 res for frame 886 received at 1574770100389
11-26 14:08:20.414 20026 20063 D Evaluation: 3 res for frame 887 received at 1574770100413
11-26 14:08:20.453 20026 20063 D Evaluation: 1 res for frame 889 received at 1574770100453
11-26 14:08:20.479 20026 20063 D Evaluation: 3 res for frame 889 received at 1574770100479
11-26 14:08:20.561 20026 20063 D Evaluation: 2 res for frame 890 received at 1574770100561
11-26 14:08:20.592 20026 20063 D Evaluation: 1 res for frame 891 received at 1574770100592
11-26 14:08:20.618 20026 20063 D Evaluation: 2 res for frame 893 received at 1574770100618
11-26 14:08:20.718 20026 20063 D Evaluation: 2 res for frame 893 received at 1574770100718
11-26 14:08:20.798 20026 20063 D Evaluation: 3 res for frame 894 received at 1574770100798
11-26 14:08:20.832 20026 20063 W System.err: java.net.SocketException: Message too long
11-26 14:08:20.832 20026 20063 W System.err: 	at sun.nio.ch.DatagramChannelImpl.send0(Native Method)
11-26 14:08:20.832 20026 20063 W System.err: 	at sun.nio.ch.DatagramChannelImpl.sendFromNativeBuffer(DatagramChannelImpl.java:573)
11-26 14:08:20.832 20026 20063 W System.err: 	at sun.nio.ch.DatagramChannelImpl.send(DatagramChannelImpl.java:550)
11-26 14:08:20.832 20026 20063 W System.err: 	at sun.nio.ch.DatagramChannelImpl.send(DatagramChannelImpl.java:514)
11-26 14:08:20.832 20026 20063 W System.err: 	at symlab.CloudAR.network.TransmissionTask.run(TransmissionTask.java:133)
11-26 14:08:20.832 20026 20063 W System.err: 	at android.os.Handler.handleCallback(Handler.java:874)
11-26 14:08:20.832 20026 20063 W System.err: 	at android.os.Handler.dispatchMessage(Handler.java:100)
11-26 14:08:20.832 20026 20063 W System.err: 	at android.os.Looper.loop(Looper.java:198)
11-26 14:08:20.833 20026 20063 W System.err: 	at android.os.HandlerThread.run(HandlerThread.java:65)
11-26 14:08:20.835 20026 20063 D Evaluation: 3 res for frame 895 received at 1574770100835
11-26 14:08:20.861 20026 20063 W System.err: java.net.SocketException: Message too long
11-26 14:08:20.862 20026 20063 W System.err: 	at sun.nio.ch.DatagramChannelImpl.send0(Native Method)
11-26 14:08:20.862 20026 20063 W System.err: 	at sun.nio.ch.DatagramChannelImpl.sendFromNativeBuffer(DatagramChannelImpl.java:573)
11-26 14:08:20.862 20026 20063 W System.err: 	at sun.nio.ch.DatagramChannelImpl.send(DatagramChannelImpl.java:550)
11-26 14:08:20.862 20026 20063 W System.err: 	at sun.nio.ch.DatagramChannelImpl.send(DatagramChannelImpl.java:514)
11-26 14:08:20.862 20026 20063 W System.err: 	at symlab.CloudAR.network.TransmissionTask.run(TransmissionTask.java:133)
11-26 14:08:20.862 20026 20063 W System.err: 	at android.os.Handler.handleCallback(Handler.java:874)
11-26 14:08:20.862 20026 20063 W System.err: 	at android.os.Handler.dispatchMessage(Handler.java:100)
11-26 14:08:20.862 20026 20063 W System.err: 	at android.os.Looper.loop(Looper.java:198)
11-26 14:08:20.862 20026 20063 W System.err: 	at android.os.HandlerThread.run(HandlerThread.java:65)
11-26 14:08:20.992 20026 20042 W System  : A resource failed to call close. 
11-26 14:08:20.994 20026 20042 I chatty  : uid=10203(symlab.cloudridar.arhud) FinalizerDaemon identical 28 lines
11-26 14:08:20.994 20026 20042 W System  : A resource failed to call close. 
11-26 14:08:21.006 20026 20063 W System.err: java.net.SocketException: Message too long
11-26 14:08:21.007 20026 20063 W System.err: 	at sun.nio.ch.DatagramChannelImpl.send0(Native Method)
11-26 14:08:21.007 20026 20063 W System.err: 	at sun.nio.ch.DatagramChannelImpl.sendFromNativeBuffer(DatagramChannelImpl.java:573)
11-26 14:08:21.007 20026 20063 W System.err: 	at sun.nio.ch.DatagramChannelImpl.send(DatagramChannelImpl.java:550)
11-26 14:08:21.007 20026 20063 W System.err: 	at sun.nio.ch.DatagramChannelImpl.send(DatagramChannelImpl.java:514)
11-26 14:08:21.007 20026 20063 W System.err: 	at symlab.CloudAR.network.TransmissionTask.run(TransmissionTask.java:133)
11-26 14:08:21.007 20026 20063 W System.err: 	at android.os.Handler.handleCallback(Handler.java:874)
11-26 14:08:21.007 20026 20063 W System.err: 	at android.os.Handler.dispatchMessage(Handler.java:100)
11-26 14:08:21.007 20026 20063 W System.err: 	at android.os.Looper.loop(Looper.java:198)
11-26 14:08:21.007 20026 20063 W System.err: 	at android.os.HandlerThread.run(HandlerThread.java:65)
11-26 14:08:21.085 20026 20063 W System.err: java.net.SocketException: Message too long
11-26 14:08:21.085 20026 20063 W System.err: 	at sun.nio.ch.DatagramChannelImpl.send0(Native Method)
11-26 14:08:21.085 20026 20063 W System.err: 	at sun.nio.ch.DatagramChannelImpl.sendFromNativeBuffer(DatagramChannelImpl.java:573)
11-26 14:08:21.085 20026 20063 W System.err: 	at sun.nio.ch.DatagramChannelImpl.send(DatagramChannelImpl.java:550)
11-26 14:08:21.085 20026 20063 W System.err: 	at sun.nio.ch.DatagramChannelImpl.send(DatagramChannelImpl.java:514)
11-26 14:08:21.085 20026 20063 W System.err: 	at symlab.CloudAR.network.TransmissionTask.run(TransmissionTask.java:133)
11-26 14:08:21.085 20026 20063 W System.err: 	at android.os.Handler.handleCallback(Handler.java:874)
11-26 14:08:21.085 20026 20063 W System.err: 	at android.os.Handler.dispatchMessage(Handler.java:100)
11-26 14:08:21.085 20026 20063 W System.err: 	at android.os.Looper.loop(Looper.java:198)
11-26 14:08:21.085 20026 20063 W System.err: 	at android.os.HandlerThread.run(HandlerThread.java:65)
11-26 14:08:21.157 20026 20063 W System.err: java.net.SocketException: Message too long
11-26 14:08:21.157 20026 20063 W System.err: 	at sun.nio.ch.DatagramChannelImpl.send0(Native Method)
11-26 14:08:21.157 20026 20063 W System.err: 	at sun.nio.ch.DatagramChannelImpl.sendFromNativeBuffer(DatagramChannelImpl.java:573)
11-26 14:08:21.157 20026 20063 W System.err: 	at sun.nio.ch.DatagramChannelImpl.send(DatagramChannelImpl.java:550)
11-26 14:08:21.157 20026 20063 W System.err: 	at sun.nio.ch.DatagramChannelImpl.send(DatagramChannelImpl.java:514)
11-26 14:08:21.157 20026 20063 W System.err: 	at symlab.CloudAR.network.TransmissionTask.run(TransmissionTask.java:133)
11-26 14:08:21.157 20026 20063 W System.err: 	at android.os.Handler.handleCallback(Handler.java:874)
11-26 14:08:21.157 20026 20063 W System.err: 	at android.os.Handler.dispatchMessage(Handler.java:100)
11-26 14:08:21.157 20026 20063 W System.err: 	at android.os.Looper.loop(Looper.java:198)
11-26 14:08:21.157 20026 20063 W System.err: 	at android.os.HandlerThread.run(HandlerThread.java:65)
11-26 14:08:21.216 20026 20063 W System.err: java.net.SocketException: Message too long
11-26 14:08:21.216 20026 20063 W System.err: 	at sun.nio.ch.DatagramChannelImpl.send0(Native Method)
11-26 14:08:21.216 20026 20063 W System.err: 	at sun.nio.ch.DatagramChannelImpl.sendFromNativeBuffer(DatagramChannelImpl.java:573)
11-26 14:08:21.216 20026 20063 W System.err: 	at sun.nio.ch.DatagramChannelImpl.send(DatagramChannelImpl.java:550)
11-26 14:08:21.216 20026 20063 W System.err: 	at sun.nio.ch.DatagramChannelImpl.send(DatagramChannelImpl.java:514)
11-26 14:08:21.216 20026 20063 W System.err: 	at symlab.CloudAR.network.TransmissionTask.run(TransmissionTask.java:133)
11-26 14:08:21.217 20026 20063 W System.err: 	at android.os.Handler.handleCallback(Handler.java:874)
11-26 14:08:21.217 20026 20063 W System.err: 	at android.os.Handler.dispatchMessage(Handler.java:100)
11-26 14:08:21.217 20026 20063 W System.err: 	at android.os.Looper.loop(Looper.java:198)
11-26 14:08:21.217 20026 20063 W System.err: 	at android.os.HandlerThread.run(HandlerThread.java:65)
11-26 14:08:21.242 20026 20063 W System.err: java.net.SocketException: Message too long
11-26 14:08:21.243 20026 20063 W System.err: 	at sun.nio.ch.DatagramChannelImpl.send0(Native Method)
11-26 14:08:21.243 20026 20063 W System.err: 	at sun.nio.ch.DatagramChannelImpl.sendFromNativeBuffer(DatagramChannelImpl.java:573)
11-26 14:08:21.243 20026 20063 W System.err: 	at sun.nio.ch.DatagramChannelImpl.send(DatagramChannelImpl.java:550)
11-26 14:08:21.243 20026 20063 W System.err: 	at sun.nio.ch.DatagramChannelImpl.send(DatagramChannelImpl.java:514)
11-26 14:08:21.243 20026 20063 W System.err: 	at symlab.CloudAR.network.TransmissionTask.run(TransmissionTask.java:133)
11-26 14:08:21.243 20026 20063 W System.err: 	at android.os.Handler.handleCallback(Handler.java:874)
11-26 14:08:21.243 20026 20063 W System.err: 	at android.os.Handler.dispatchMessage(Handler.java:100)
11-26 14:08:21.243 20026 20063 W System.err: 	at android.os.Looper.loop(Looper.java:198)
11-26 14:08:21.243 20026 20063 W System.err: 	at android.os.HandlerThread.run(HandlerThread.java:65)
11-26 14:08:21.286 20026 20063 W System.err: java.net.SocketException: Message too long
11-26 14:08:21.286 20026 20063 W System.err: 	at sun.nio.ch.DatagramChannelImpl.send0(Native Method)
11-26 14:08:21.286 20026 20063 W System.err: 	at sun.nio.ch.DatagramChannelImpl.sendFromNativeBuffer(DatagramChannelImpl.java:573)
11-26 14:08:21.286 20026 20063 W System.err: 	at sun.nio.ch.DatagramChannelImpl.send(DatagramChannelImpl.java:550)
11-26 14:08:21.286 20026 20063 W System.err: 	at sun.nio.ch.DatagramChannelImpl.send(DatagramChannelImpl.java:514)
11-26 14:08:21.286 20026 20063 W System.err: 	at symlab.CloudAR.network.TransmissionTask.run(TransmissionTask.java:133)
11-26 14:08:21.286 20026 20063 W System.err: 	at android.os.Handler.handleCallback(Handler.java:874)
11-26 14:08:21.286 20026 20063 W System.err: 	at android.os.Handler.dispatchMessage(Handler.java:100)
11-26 14:08:21.286 20026 20063 W System.err: 	at android.os.Looper.loop(Looper.java:198)
11-26 14:08:21.286 20026 20063 W System.err: 	at android.os.HandlerThread.run(HandlerThread.java:65)
11-26 14:08:21.323 20026 20063 W System.err: java.net.SocketException: Message too long
11-26 14:08:21.323 20026 20063 W System.err: 	at sun.nio.ch.DatagramChannelImpl.send0(Native Method)
11-26 14:08:21.323 20026 20063 W System.err: 	at sun.nio.ch.DatagramChannelImpl.sendFromNativeBuffer(DatagramChannelImpl.java:573)
11-26 14:08:21.323 20026 20063 W System.err: 	at sun.nio.ch.DatagramChannelImpl.send(DatagramChannelImpl.java:550)
11-26 14:08:21.323 20026 20063 W System.err: 	at sun.nio.ch.DatagramChannelImpl.send(DatagramChannelImpl.java:514)
11-26 14:08:21.323 20026 20063 W System.err: 	at symlab.CloudAR.network.TransmissionTask.run(TransmissionTask.java:133)
11-26 14:08:21.323 20026 20063 W System.err: 	at android.os.Handler.handleCallback(Handler.java:874)
11-26 14:08:21.323 20026 20063 W System.err: 	at android.os.Handler.dispatchMessage(Handler.java:100)
11-26 14:08:21.323 20026 20063 W System.err: 	at android.os.Looper.loop(Looper.java:198)
11-26 14:08:21.323 20026 20063 W System.err: 	at android.os.HandlerThread.run(HandlerThread.java:65)
11-26 14:08:21.345 20026 20063 W System.err: java.net.SocketException: Message too long
11-26 14:08:21.345 20026 20063 W System.err: 	at sun.nio.ch.DatagramChannelImpl.send0(Native Method)
11-26 14:08:21.345 20026 20063 W System.err: 	at sun.nio.ch.DatagramChannelImpl.sendFromNativeBuffer(DatagramChannelImpl.java:573)
11-26 14:08:21.345 20026 20063 W System.err: 	at sun.nio.ch.DatagramChannelImpl.send(DatagramChannelImpl.java:550)
11-26 14:08:21.345 20026 20063 W System.err: 	at sun.nio.ch.DatagramChannelImpl.send(DatagramChannelImpl.java:514)
11-26 14:08:21.345 20026 20063 W System.err: 	at symlab.CloudAR.network.TransmissionTask.run(TransmissionTask.java:133)
11-26 14:08:21.345 20026 20063 W System.err: 	at android.os.Handler.handleCallback(Handler.java:874)
11-26 14:08:21.346 20026 20063 W System.err: 	at android.os.Handler.dispatchMessage(Handler.java:100)
11-26 14:08:21.346 20026 20063 W System.err: 	at android.os.Looper.loop(Looper.java:198)
11-26 14:08:21.346 20026 20063 W System.err: 	at android.os.HandlerThread.run(HandlerThread.java:65)
11-26 14:08:21.430 20026 20063 W System.err: java.net.SocketException: Message too long
11-26 14:08:21.430 20026 20063 W System.err: 	at sun.nio.ch.DatagramChannelImpl.send0(Native Method)
11-26 14:08:21.430 20026 20063 W System.err: 	at sun.nio.ch.DatagramChannelImpl.sendFromNativeBuffer(DatagramChannelImpl.java:573)
11-26 14:08:21.430 20026 20063 W System.err: 	at sun.nio.ch.DatagramChannelImpl.send(DatagramChannelImpl.java:550)
11-26 14:08:21.430 20026 20063 W System.err: 	at sun.nio.ch.DatagramChannelImpl.send(DatagramChannelImpl.java:514)
11-26 14:08:21.431 20026 20063 W System.err: 	at symlab.CloudAR.network.TransmissionTask.run(TransmissionTask.java:133)
11-26 14:08:21.431 20026 20063 W System.err: 	at android.os.Handler.handleCallback(Handler.java:874)
11-26 14:08:21.431 20026 20063 W System.err: 	at android.os.Handler.dispatchMessage(Handler.java:100)
11-26 14:08:21.431 20026 20063 W System.err: 	at android.os.Looper.loop(Looper.java:198)
11-26 14:08:21.431 20026 20063 W System.err: 	at android.os.HandlerThread.run(HandlerThread.java:65)
11-26 14:08:21.887 20026 20042 W System  : A resource failed to call close. 
11-26 14:08:21.887 20026 20042 I chatty  : uid=10203(symlab.cloudridar.arhud) FinalizerDaemon identical 8 lines
11-26 14:08:21.888 20026 20042 W System  : A resource failed to call close. 
11-26 14:08:21.897 20026 20063 W System.err: java.net.SocketException: Message too long
11-26 14:08:21.897 20026 20063 W System.err: 	at sun.nio.ch.DatagramChannelImpl.send0(Native Method)
11-26 14:08:21.897 20026 20063 W System.err: 	at sun.nio.ch.DatagramChannelImpl.sendFromNativeBuffer(DatagramChannelImpl.java:573)
11-26 14:08:21.897 20026 20063 W System.err: 	at sun.nio.ch.DatagramChannelImpl.send(DatagramChannelImpl.java:550)
11-26 14:08:21.898 20026 20063 W System.err: 	at sun.nio.ch.DatagramChannelImpl.send(DatagramChannelImpl.java:514)
11-26 14:08:21.898 20026 20063 W System.err: 	at symlab.CloudAR.network.TransmissionTask.run(TransmissionTask.java:133)
11-26 14:08:21.898 20026 20063 W System.err: 	at android.os.Handler.handleCallback(Handler.java:874)
11-26 14:08:21.898 20026 20063 W System.err: 	at android.os.Handler.dispatchMessage(Handler.java:100)
11-26 14:08:21.898 20026 20063 W System.err: 	at android.os.Looper.loop(Looper.java:198)
11-26 14:08:21.898 20026 20063 W System.err: 	at android.os.HandlerThread.run(HandlerThread.java:65)
11-26 14:08:22.209 20026 20063 D Evaluation: 3 res for frame 929 received at 1574770102209
11-26 14:08:22.245 20026 20063 W System.err: java.net.SocketException: Message too long
11-26 14:08:22.245 20026 20063 W System.err: 	at sun.nio.ch.DatagramChannelImpl.send0(Native Method)
11-26 14:08:22.245 20026 20063 W System.err: 	at sun.nio.ch.DatagramChannelImpl.sendFromNativeBuffer(DatagramChannelImpl.java:573)
11-26 14:08:22.245 20026 20063 W System.err: 	at sun.nio.ch.DatagramChannelImpl.send(DatagramChannelImpl.java:550)
11-26 14:08:22.245 20026 20063 W System.err: 	at sun.nio.ch.DatagramChannelImpl.send(DatagramChannelImpl.java:514)
11-26 14:08:22.245 20026 20063 W System.err: 	at symlab.CloudAR.network.TransmissionTask.run(TransmissionTask.java:133)
11-26 14:08:22.245 20026 20063 W System.err: 	at android.os.Handler.handleCallback(Handler.java:874)
11-26 14:08:22.245 20026 20063 W System.err: 	at android.os.Handler.dispatchMessage(Handler.java:100)
11-26 14:08:22.245 20026 20063 W System.err: 	at android.os.Looper.loop(Looper.java:198)
11-26 14:08:22.245 20026 20063 W System.err: 	at android.os.HandlerThread.run(HandlerThread.java:65)
11-26 14:08:22.247 20026 20063 D Evaluation: 2 res for frame 929 received at 1574770102247
11-26 14:08:22.301 20026 20063 D Evaluation: 2 res for frame 930 received at 1574770102300
11-26 14:08:22.330 20026 20063 D Evaluation: 3 res for frame 931 received at 1574770102330
11-26 14:08:22.381 20026 20063 D Evaluation: 4 res for frame 934 received at 1574770102381
11-26 14:08:22.428 20026 20063 D Evaluation: 4 res for frame 935 received at 1574770102428
11-26 14:08:22.457 20026 20063 D Evaluation: 3 res for frame 936 received at 1574770102457
11-26 14:08:22.569 20026 20063 D Evaluation: 3 res for frame 936 received at 1574770102569
11-26 14:08:22.597 20026 20063 D Evaluation: 5 res for frame 937 received at 1574770102597
11-26 14:08:22.667 20026 20063 D Evaluation: 3 res for frame 938 received at 1574770102667
11-26 14:08:22.699 20026 20063 D Evaluation: 4 res for frame 940 received at 1574770102699
11-26 14:08:22.713 20026 20042 W System  : A resource failed to call close. 
11-26 14:08:22.715 20026 20042 I chatty  : uid=10203(symlab.cloudridar.arhud) FinalizerDaemon identical 25 lines
11-26 14:08:22.715 20026 20042 W System  : A resource failed to call close. 
11-26 14:08:22.729 20026 20063 D Evaluation: 2 res for frame 940 received at 1574770102729
11-26 14:08:22.755 20026 20063 D Evaluation: 2 res for frame 942 received at 1574770102755
11-26 14:08:22.778 20026 20063 W System.err: java.net.SocketException: Message too long
11-26 14:08:22.778 20026 20063 W System.err: 	at sun.nio.ch.DatagramChannelImpl.send0(Native Method)
11-26 14:08:22.778 20026 20063 W System.err: 	at sun.nio.ch.DatagramChannelImpl.sendFromNativeBuffer(DatagramChannelImpl.java:573)
11-26 14:08:22.778 20026 20063 W System.err: 	at sun.nio.ch.DatagramChannelImpl.send(DatagramChannelImpl.java:550)
11-26 14:08:22.778 20026 20063 W System.err: 	at sun.nio.ch.DatagramChannelImpl.send(DatagramChannelImpl.java:514)
11-26 14:08:22.778 20026 20063 W System.err: 	at symlab.CloudAR.network.TransmissionTask.run(TransmissionTask.java:133)
11-26 14:08:22.778 20026 20063 W System.err: 	at android.os.Handler.handleCallback(Handler.java:874)
11-26 14:08:22.778 20026 20063 W System.err: 	at android.os.Handler.dispatchMessage(Handler.java:100)
11-26 14:08:22.778 20026 20063 W System.err: 	at android.os.Looper.loop(Looper.java:198)
11-26 14:08:22.778 20026 20063 W System.err: 	at android.os.HandlerThread.run(HandlerThread.java:65)
11-26 14:08:22.780 20026 20063 D Evaluation: 2 res for frame 943 received at 1574770102780
11-26 14:08:22.899 20026 20063 D Evaluation: 1 res for frame 944 received at 1574770102899
11-26 14:08:22.935 20026 20063 D Evaluation: 5 res for frame 944 received at 1574770102935
11-26 14:08:22.963 20026 20063 D Evaluation: 3 res for frame 947 received at 1574770102963
11-26 14:08:22.989 20026 20063 D Evaluation: 3 res for frame 948 received at 1574770102989
11-26 14:08:23.013 20026 20063 D Evaluation: 2 res for frame 949 received at 1574770103013
11-26 14:08:23.097 20026 20063 D Evaluation: 4 res for frame 950 received at 1574770103097
11-26 14:08:23.127 20026 20063 W System.err: java.net.SocketException: Message too long
11-26 14:08:23.127 20026 20063 W System.err: 	at sun.nio.ch.DatagramChannelImpl.send0(Native Method)
11-26 14:08:23.127 20026 20063 W System.err: 	at sun.nio.ch.DatagramChannelImpl.sendFromNativeBuffer(DatagramChannelImpl.java:573)
11-26 14:08:23.127 20026 20063 W System.err: 	at sun.nio.ch.DatagramChannelImpl.send(DatagramChannelImpl.java:550)
11-26 14:08:23.127 20026 20063 W System.err: 	at sun.nio.ch.DatagramChannelImpl.send(DatagramChannelImpl.java:514)
11-26 14:08:23.127 20026 20063 W System.err: 	at symlab.CloudAR.network.TransmissionTask.run(TransmissionTask.java:133)
11-26 14:08:23.127 20026 20063 W System.err: 	at android.os.Handler.handleCallback(Handler.java:874)
11-26 14:08:23.127 20026 20063 W System.err: 	at android.os.Handler.dispatchMessage(Handler.java:100)
11-26 14:08:23.127 20026 20063 W System.err: 	at android.os.Looper.loop(Looper.java:198)
11-26 14:08:23.127 20026 20063 W System.err: 	at android.os.HandlerThread.run(HandlerThread.java:65)
11-26 14:08:23.129 20026 20063 D Evaluation: 2 res for frame 950 received at 1574770103129
11-26 14:08:23.156 20026 20063 D Evaluation: 2 res for frame 952 received at 1574770103156
11-26 14:08:23.216 20026 20063 D Evaluation: 4 res for frame 953 received at 1574770103216
11-26 14:08:23.291 20026 20063 W System.err: java.net.SocketException: Message too long
11-26 14:08:23.291 20026 20063 W System.err: 	at sun.nio.ch.DatagramChannelImpl.send0(Native Method)
11-26 14:08:23.291 20026 20063 W System.err: 	at sun.nio.ch.DatagramChannelImpl.sendFromNativeBuffer(DatagramChannelImpl.java:573)
11-26 14:08:23.291 20026 20063 W System.err: 	at sun.nio.ch.DatagramChannelImpl.send(DatagramChannelImpl.java:550)
11-26 14:08:23.291 20026 20063 W System.err: 	at sun.nio.ch.DatagramChannelImpl.send(DatagramChannelImpl.java:514)
11-26 14:08:23.291 20026 20063 W System.err: 	at symlab.CloudAR.network.TransmissionTask.run(TransmissionTask.java:133)
11-26 14:08:23.291 20026 20063 W System.err: 	at android.os.Handler.handleCallback(Handler.java:874)
11-26 14:08:23.291 20026 20063 W System.err: 	at android.os.Handler.dispatchMessage(Handler.java:100)
11-26 14:08:23.291 20026 20063 W System.err: 	at android.os.Looper.loop(Looper.java:198)
11-26 14:08:23.291 20026 20063 W System.err: 	at android.os.HandlerThread.run(HandlerThread.java:65)
11-26 14:08:23.293 20026 20063 D Evaluation: 3 res for frame 954 received at 1574770103293
11-26 14:08:23.516 20026 20063 D Evaluation: 4 res for frame 955 received at 1574770103516
11-26 14:08:23.620 20026 20042 W System  : A resource failed to call close. 
11-26 14:08:23.622 20026 20042 I chatty  : uid=10203(symlab.cloudridar.arhud) FinalizerDaemon identical 29 lines
11-26 14:08:23.622 20026 20042 W System  : A resource failed to call close. 
11-26 14:08:23.714 20026 20063 W System.err: java.net.SocketException: Message too long
11-26 14:08:23.714 20026 20063 W System.err: 	at sun.nio.ch.DatagramChannelImpl.send0(Native Method)
11-26 14:08:23.714 20026 20063 W System.err: 	at sun.nio.ch.DatagramChannelImpl.sendFromNativeBuffer(DatagramChannelImpl.java:573)
11-26 14:08:23.714 20026 20063 W System.err: 	at sun.nio.ch.DatagramChannelImpl.send(DatagramChannelImpl.java:550)
11-26 14:08:23.715 20026 20063 W System.err: 	at sun.nio.ch.DatagramChannelImpl.send(DatagramChannelImpl.java:514)
11-26 14:08:23.715 20026 20063 W System.err: 	at symlab.CloudAR.network.TransmissionTask.run(TransmissionTask.java:133)
11-26 14:08:23.715 20026 20063 W System.err: 	at android.os.Handler.handleCallback(Handler.java:874)
11-26 14:08:23.715 20026 20063 W System.err: 	at android.os.Handler.dispatchMessage(Handler.java:100)
11-26 14:08:23.715 20026 20063 W System.err: 	at android.os.Looper.loop(Looper.java:198)
11-26 14:08:23.715 20026 20063 W System.err: 	at android.os.HandlerThread.run(HandlerThread.java:65)
11-26 14:08:23.753 20026 20063 W System.err: java.net.SocketException: Message too long
11-26 14:08:23.754 20026 20063 W System.err: 	at sun.nio.ch.DatagramChannelImpl.send0(Native Method)
11-26 14:08:23.754 20026 20063 W System.err: 	at sun.nio.ch.DatagramChannelImpl.sendFromNativeBuffer(DatagramChannelImpl.java:573)
11-26 14:08:23.754 20026 20063 W System.err: 	at sun.nio.ch.DatagramChannelImpl.send(DatagramChannelImpl.java:550)
11-26 14:08:23.754 20026 20063 W System.err: 	at sun.nio.ch.DatagramChannelImpl.send(DatagramChannelImpl.java:514)
11-26 14:08:23.754 20026 20063 W System.err: 	at symlab.CloudAR.network.TransmissionTask.run(TransmissionTask.java:133)
11-26 14:08:23.754 20026 20063 W System.err: 	at android.os.Handler.handleCallback(Handler.java:874)
11-26 14:08:23.754 20026 20063 W System.err: 	at android.os.Handler.dispatchMessage(Handler.java:100)
11-26 14:08:23.754 20026 20063 W System.err: 	at android.os.Looper.loop(Looper.java:198)
11-26 14:08:23.754 20026 20063 W System.err: 	at android.os.HandlerThread.run(HandlerThread.java:65)
11-26 14:08:23.782 20026 20063 W System.err: java.net.SocketException: Message too long
11-26 14:08:23.782 20026 20063 W System.err: 	at sun.nio.ch.DatagramChannelImpl.send0(Native Method)
11-26 14:08:23.782 20026 20063 W System.err: 	at sun.nio.ch.DatagramChannelImpl.sendFromNativeBuffer(DatagramChannelImpl.java:573)
11-26 14:08:23.782 20026 20063 W System.err: 	at sun.nio.ch.DatagramChannelImpl.send(DatagramChannelImpl.java:550)
11-26 14:08:23.782 20026 20063 W System.err: 	at sun.nio.ch.DatagramChannelImpl.send(DatagramChannelImpl.java:514)
11-26 14:08:23.782 20026 20063 W System.err: 	at symlab.CloudAR.network.TransmissionTask.run(TransmissionTask.java:133)
11-26 14:08:23.782 20026 20063 W System.err: 	at android.os.Handler.handleCallback(Handler.java:874)
11-26 14:08:23.782 20026 20063 W System.err: 	at android.os.Handler.dispatchMessage(Handler.java:100)
11-26 14:08:23.782 20026 20063 W System.err: 	at android.os.Looper.loop(Looper.java:198)
11-26 14:08:23.782 20026 20063 W System.err: 	at android.os.HandlerThread.run(HandlerThread.java:65)
11-26 14:08:23.808 20026 20063 W System.err: java.net.SocketException: Message too long
11-26 14:08:23.808 20026 20063 W System.err: 	at sun.nio.ch.DatagramChannelImpl.send0(Native Method)
11-26 14:08:23.808 20026 20063 W System.err: 	at sun.nio.ch.DatagramChannelImpl.sendFromNativeBuffer(DatagramChannelImpl.java:573)
11-26 14:08:23.808 20026 20063 W System.err: 	at sun.nio.ch.DatagramChannelImpl.send(DatagramChannelImpl.java:550)
11-26 14:08:23.808 20026 20063 W System.err: 	at sun.nio.ch.DatagramChannelImpl.send(DatagramChannelImpl.java:514)
11-26 14:08:23.808 20026 20063 W System.err: 	at symlab.CloudAR.network.TransmissionTask.run(TransmissionTask.java:133)
11-26 14:08:23.808 20026 20063 W System.err: 	at android.os.Handler.handleCallback(Handler.java:874)
11-26 14:08:23.808 20026 20063 W System.err: 	at android.os.Handler.dispatchMessage(Handler.java:100)
11-26 14:08:23.808 20026 20063 W System.err: 	at android.os.Looper.loop(Looper.java:198)
11-26 14:08:23.808 20026 20063 W System.err: 	at android.os.HandlerThread.run(HandlerThread.java:65)
11-26 14:08:23.830 20026 20063 W System.err: java.net.SocketException: Message too long
11-26 14:08:23.830 20026 20063 W System.err: 	at sun.nio.ch.DatagramChannelImpl.send0(Native Method)
11-26 14:08:23.830 20026 20063 W System.err: 	at sun.nio.ch.DatagramChannelImpl.sendFromNativeBuffer(DatagramChannelImpl.java:573)
11-26 14:08:23.830 20026 20063 W System.err: 	at sun.nio.ch.DatagramChannelImpl.send(DatagramChannelImpl.java:550)
11-26 14:08:23.830 20026 20063 W System.err: 	at sun.nio.ch.DatagramChannelImpl.send(DatagramChannelImpl.java:514)
11-26 14:08:23.830 20026 20063 W System.err: 	at symlab.CloudAR.network.TransmissionTask.run(TransmissionTask.java:133)
11-26 14:08:23.830 20026 20063 W System.err: 	at android.os.Handler.handleCallback(Handler.java:874)
11-26 14:08:23.830 20026 20063 W System.err: 	at android.os.Handler.dispatchMessage(Handler.java:100)
11-26 14:08:23.831 20026 20063 W System.err: 	at android.os.Looper.loop(Looper.java:198)
11-26 14:08:23.831 20026 20063 W System.err: 	at android.os.HandlerThread.run(HandlerThread.java:65)
11-26 14:08:23.888 20026 20063 W System.err: java.net.SocketException: Message too long
11-26 14:08:23.888 20026 20063 W System.err: 	at sun.nio.ch.DatagramChannelImpl.send0(Native Method)
11-26 14:08:23.888 20026 20063 W System.err: 	at sun.nio.ch.DatagramChannelImpl.sendFromNativeBuffer(DatagramChannelImpl.java:573)
11-26 14:08:23.888 20026 20063 W System.err: 	at sun.nio.ch.DatagramChannelImpl.send(DatagramChannelImpl.java:550)
11-26 14:08:23.888 20026 20063 W System.err: 	at sun.nio.ch.DatagramChannelImpl.send(DatagramChannelImpl.java:514)
11-26 14:08:23.888 20026 20063 W System.err: 	at symlab.CloudAR.network.TransmissionTask.run(TransmissionTask.java:133)
11-26 14:08:23.888 20026 20063 W System.err: 	at android.os.Handler.handleCallback(Handler.java:874)
11-26 14:08:23.888 20026 20063 W System.err: 	at android.os.Handler.dispatchMessage(Handler.java:100)
11-26 14:08:23.888 20026 20063 W System.err: 	at android.os.Looper.loop(Looper.java:198)
11-26 14:08:23.888 20026 20063 W System.err: 	at android.os.HandlerThread.run(HandlerThread.java:65)
11-26 14:08:24.344 20026 20063 D Evaluation: 3 res for frame 976 received at 1574770104344
11-26 14:08:24.372 20026 20063 D Evaluation: 3 res for frame 978 received at 1574770104372
11-26 14:08:24.420 20026 20063 D Evaluation: 3 res for frame 979 received at 1574770104420
11-26 14:08:24.436 20026 20042 W System  : A resource failed to call close. 
11-26 14:08:24.437 20026 20042 I chatty  : uid=10203(symlab.cloudridar.arhud) FinalizerDaemon identical 14 lines
11-26 14:08:24.437 20026 20042 W System  : A resource failed to call close. 
11-26 14:08:24.453 20026 20063 D Evaluation: 2 res for frame 979 received at 1574770104453
11-26 14:08:24.482 20026 20063 D Evaluation: 3 res for frame 980 received at 1574770104482
11-26 14:08:24.504 20026 20063 D Evaluation: 4 res for frame 982 received at 1574770104504
11-26 14:08:24.535 20026 20063 D Evaluation: 4 res for frame 983 received at 1574770104535
11-26 14:08:24.570 20026 20063 D Evaluation: 3 res for frame 983 received at 1574770104570
11-26 14:08:24.604 20026 20063 D Evaluation: 4 res for frame 984 received at 1574770104604
11-26 14:08:24.635 20026 20063 D Evaluation: 4 res for frame 985 received at 1574770104635
11-26 14:08:24.679 20026 20063 D Evaluation: 3 res for frame 986 received at 1574770104679
11-26 14:08:24.716 20026 20063 D Evaluation: 3 res for frame 987 received at 1574770104716
11-26 14:08:24.747 20026 20063 D Evaluation: 3 res for frame 988 received at 1574770104747
11-26 14:08:24.789 20026 20063 D Evaluation: 3 res for frame 989 received at 1574770104789
11-26 14:08:24.823 20026 20063 D Evaluation: 3 res for frame 990 received at 1574770104823
11-26 14:08:24.898 20026 20063 D Evaluation: 3 res for frame 991 received at 1574770104898
11-26 14:08:24.984 20026 20063 D Evaluation: 3 res for frame 992 received at 1574770104984
11-26 14:08:25.030 20026 20063 D Evaluation: 4 res for frame 993 received at 1574770105030
11-26 14:08:25.065 20026 20063 D Evaluation: 4 res for frame 994 received at 1574770105065
11-26 14:08:25.096 20026 20063 D Evaluation: 3 res for frame 995 received at 1574770105096
11-26 14:08:25.109 20026 20042 W System  : A resource failed to call close. 
11-26 14:08:25.109 20026 20042 I chatty  : uid=10203(symlab.cloudridar.arhud) FinalizerDaemon identical 8 lines
11-26 14:08:25.109 20026 20042 W System  : A resource failed to call close. 
11-26 14:08:25.109 20026 20042 W System  : A resource failed to call close. 
11-26 14:08:25.111 20026 20042 I chatty  : uid=10203(symlab.cloudridar.arhud) FinalizerDaemon identical 24 lines
11-26 14:08:25.111 20026 20042 W System  : A resource failed to call close. 
11-26 14:08:25.178 20026 20063 D Evaluation: 3 res for frame 997 received at 1574770105177
11-26 14:08:25.226 20026 20063 D Evaluation: 3 res for frame 998 received at 1574770105226
11-26 14:08:25.264 20026 20063 D Evaluation: 3 res for frame 998 received at 1574770105264
11-26 14:08:25.290 20026 20063 D Evaluation: 3 res for frame 999 received at 1574770105290
11-26 14:08:25.316 20026 20063 D Evaluation: 4 res for frame 1001 received at 1574770105316
11-26 14:08:25.339 20026 20063 D Evaluation: 5 res for frame 1002 received at 1574770105339
11-26 14:08:25.389 20026 20063 D Evaluation: 4 res for frame 1003 received at 1574770105389
11-26 14:08:25.870 20026 20042 W System  : A resource failed to call close. 
11-26 14:08:25.872 20026 20042 I chatty  : uid=10203(symlab.cloudridar.arhud) FinalizerDaemon identical 22 lines
11-26 14:08:25.872 20026 20042 W System  : A resource failed to call close. 
11-26 14:08:26.363 20026 20063 D Evaluation: 4 res for frame 1024 received at 1574770106363
11-26 14:08:26.398 20026 20063 D Evaluation: 3 res for frame 1025 received at 1574770106398
11-26 14:08:26.426 20026 20063 D Evaluation: 3 res for frame 1027 received at 1574770106426
11-26 14:08:26.449 20026 20063 D Evaluation: 3 res for frame 1028 received at 1574770106449
11-26 14:08:26.536 20026 20063 D Evaluation: 3 res for frame 1029 received at 1574770106536
11-26 14:08:26.564 20026 20063 D Evaluation: 3 res for frame 1029 received at 1574770106564
11-26 14:08:26.614 20026 20063 D Evaluation: 3 res for frame 1031 received at 1574770106614
11-26 14:08:26.652 20026 20063 D Evaluation: 3 res for frame 1032 received at 1574770106652
11-26 14:08:26.766 20026 20063 D Evaluation: 3 res for frame 1033 received at 1574770106766
11-26 14:08:26.782 20026 20042 W System  : A resource failed to call close. 
11-26 14:08:26.784 20026 20042 I chatty  : uid=10203(symlab.cloudridar.arhud) FinalizerDaemon identical 26 lines
11-26 14:08:26.784 20026 20042 W System  : A resource failed to call close. 
11-26 14:08:26.797 20026 20063 D Evaluation: 3 res for frame 1033 received at 1574770106797
11-26 14:08:26.873 20026 20063 D Evaluation: 3 res for frame 1034 received at 1574770106873
11-26 14:08:26.906 20026 20063 D Evaluation: 3 res for frame 1035 received at 1574770106906
11-26 14:08:26.996 20026 20063 D Evaluation: 3 res for frame 1036 received at 1574770106996
11-26 14:08:27.105 20026 20063 D Evaluation: 1 res for frame 1038 received at 1574770107105
11-26 14:08:27.149 20026 20063 D Evaluation: 1 res for frame 1038 received at 1574770107149
11-26 14:08:27.190 20026 20063 D Evaluation: 2 res for frame 1039 received at 1574770107190
11-26 14:08:27.219 20026 20063 D Evaluation: 2 res for frame 1041 received at 1574770107219
11-26 14:08:27.248 20026 20063 D Evaluation: 4 res for frame 1041 received at 1574770107248
11-26 14:08:27.342 20026 20063 D Evaluation: 2 res for frame 1043 received at 1574770107342
11-26 14:08:27.770 20026 20042 W System  : A resource failed to call close. 
11-26 14:08:27.772 20026 20042 I chatty  : uid=10203(symlab.cloudridar.arhud) FinalizerDaemon identical 28 lines
11-26 14:08:27.772 20026 20042 W System  : A resource failed to call close. 
11-26 14:08:28.376 20026 20063 D Evaluation: 5 res for frame 1066 received at 1574770108376
11-26 14:08:28.410 20026 20063 D Evaluation: 5 res for frame 1067 received at 1574770108410
11-26 14:08:28.443 20026 20063 D Evaluation: 5 res for frame 1069 received at 1574770108443
11-26 14:08:28.476 20026 20063 D Evaluation: 4 res for frame 1070 received at 1574770108476
11-26 14:08:28.540 20026 20063 D Evaluation: 4 res for frame 1070 received at 1574770108540
11-26 14:08:28.638 20026 20042 W System  : A resource failed to call close. 
11-26 14:08:28.640 20026 20042 I chatty  : uid=10203(symlab.cloudridar.arhud) FinalizerDaemon identical 23 lines
11-26 14:08:28.640 20026 20042 W System  : A resource failed to call close. 
11-26 14:08:29.765 20026 20042 W System  : A resource failed to call close. 
11-26 14:08:29.767 20026 20042 I chatty  : uid=10203(symlab.cloudridar.arhud) FinalizerDaemon identical 24 lines
11-26 14:08:29.767 20026 20042 W System  : A resource failed to call close. 
11-26 14:08:30.418 20026 20063 D Evaluation: 2 res for frame 1112 received at 1574770110418
11-26 14:08:30.455 20026 20063 D Evaluation: 2 res for frame 1112 received at 1574770110455
11-26 14:08:30.486 20026 20063 D Evaluation: 2 res for frame 1113 received at 1574770110486
11-26 14:08:30.524 20026 20063 D Evaluation: 2 res for frame 1114 received at 1574770110524
11-26 14:08:30.558 20026 20063 D Evaluation: 2 res for frame 1115 received at 1574770110558
11-26 14:08:30.612 20026 20063 D Evaluation: 1 res for frame 1116 received at 1574770110612
11-26 14:08:30.661 20026 20063 D Evaluation: 1 res for frame 1117 received at 1574770110660
11-26 14:08:30.693 20026 20063 D Evaluation: 1 res for frame 1118 received at 1574770110693
11-26 14:08:30.737 20026 20063 D Evaluation: 1 res for frame 1119 received at 1574770110737
11-26 14:08:30.782 20026 20063 D Evaluation: 1 res for frame 1120 received at 1574770110782
11-26 14:08:30.813 20026 20063 D Evaluation: 1 res for frame 1121 received at 1574770110813
11-26 14:08:30.828 20026 20042 W System  : A resource failed to call close. 
11-26 14:08:30.830 20026 20042 I chatty  : uid=10203(symlab.cloudridar.arhud) FinalizerDaemon identical 31 lines
11-26 14:08:30.830 20026 20042 W System  : A resource failed to call close. 
11-26 14:08:30.846 20026 20063 D Evaluation: 2 res for frame 1122 received at 1574770110846
11-26 14:08:30.894 20026 20063 D Evaluation: 2 res for frame 1123 received at 1574770110894
11-26 14:08:30.922 20026 20063 D Evaluation: 2 res for frame 1124 received at 1574770110922
11-26 14:08:30.978 20026 20063 D Evaluation: 2 res for frame 1125 received at 1574770110978
11-26 14:08:31.014 20026 20063 D Evaluation: 2 res for frame 1126 received at 1574770111014
11-26 14:08:31.051 20026 20063 D Evaluation: 3 res for frame 1127 received at 1574770111051
11-26 14:08:31.101 20026 20063 D Evaluation: 2 res for frame 1128 received at 1574770111101
11-26 14:08:31.148 20026 20063 D Evaluation: 2 res for frame 1129 received at 1574770111148
11-26 14:08:31.185 20026 20063 D Evaluation: 2 res for frame 1130 received at 1574770111185
11-26 14:08:31.229 20026 20063 D Evaluation: 1 res for frame 1131 received at 1574770111229
11-26 14:08:31.260 20026 20063 D Evaluation: 2 res for frame 1132 received at 1574770111260
11-26 14:08:31.287 20026 20063 D Evaluation: 1 res for frame 1133 received at 1574770111287
11-26 14:08:31.358 20026 20063 D Evaluation: 2 res for frame 1134 received at 1574770111358
11-26 14:08:31.395 20026 20063 D Evaluation: 1 res for frame 1135 received at 1574770111395
11-26 14:08:31.422 20026 20063 D Evaluation: 1 res for frame 1137 received at 1574770111422
11-26 14:08:31.448 20026 20063 D Evaluation: 2 res for frame 1138 received at 1574770111448
11-26 14:08:31.482 20026 20063 D Evaluation: 1 res for frame 1139 received at 1574770111482
11-26 14:08:31.585 20026 20063 D Evaluation: 2 res for frame 1139 received at 1574770111584
11-26 14:08:31.612 20026 20063 D Evaluation: 2 res for frame 1140 received at 1574770111612
11-26 14:08:31.651 20026 20063 D Evaluation: 2 res for frame 1141 received at 1574770111651
11-26 14:08:31.661 20026 20042 W System  : A resource failed to call close. 
11-26 14:08:31.663 20026 20042 I chatty  : uid=10203(symlab.cloudridar.arhud) FinalizerDaemon identical 37 lines
11-26 14:08:31.664 20026 20042 W System  : A resource failed to call close. 
11-26 14:08:31.704 20026 20063 D Evaluation: 2 res for frame 1142 received at 1574770111704
11-26 14:08:31.740 20026 20063 D Evaluation: 3 res for frame 1143 received at 1574770111740
11-26 14:08:32.172 20026 20063 W System.err: java.net.SocketException: Message too long
11-26 14:08:32.172 20026 20063 W System.err: 	at sun.nio.ch.DatagramChannelImpl.send0(Native Method)
11-26 14:08:32.172 20026 20063 W System.err: 	at sun.nio.ch.DatagramChannelImpl.sendFromNativeBuffer(DatagramChannelImpl.java:573)
11-26 14:08:32.172 20026 20063 W System.err: 	at sun.nio.ch.DatagramChannelImpl.send(DatagramChannelImpl.java:550)
11-26 14:08:32.172 20026 20063 W System.err: 	at sun.nio.ch.DatagramChannelImpl.send(DatagramChannelImpl.java:514)
11-26 14:08:32.172 20026 20063 W System.err: 	at symlab.CloudAR.network.TransmissionTask.run(TransmissionTask.java:133)
11-26 14:08:32.172 20026 20063 W System.err: 	at android.os.Handler.handleCallback(Handler.java:874)
11-26 14:08:32.172 20026 20063 W System.err: 	at android.os.Handler.dispatchMessage(Handler.java:100)
11-26 14:08:32.172 20026 20063 W System.err: 	at android.os.Looper.loop(Looper.java:198)
