11-26 14:19:28.872 24008 24049 W System.err: 	at android.os.Handler.handleCallback(Handler.java:874)
11-26 14:19:28.872 24008 24049 W System.err: 	at android.os.Handler.dispatchMessage(Handler.java:100)
11-26 14:19:28.872 24008 24049 W System.err: 	at android.os.Looper.loop(Looper.java:198)
11-26 14:19:28.872 24008 24049 W System.err: 	at android.os.HandlerThread.run(HandlerThread.java:65)
11-26 14:19:28.901 24008 24049 W System.err: java.net.SocketException: Message too long
11-26 14:19:28.902 24008 24049 W System.err: 	at sun.nio.ch.DatagramChannelImpl.send0(Native Method)
11-26 14:19:28.902 24008 24049 W System.err: 	at sun.nio.ch.DatagramChannelImpl.sendFromNativeBuffer(DatagramChannelImpl.java:573)
11-26 14:19:28.902 24008 24049 W System.err: 	at sun.nio.ch.DatagramChannelImpl.send(DatagramChannelImpl.java:550)
11-26 14:19:28.902 24008 24049 W System.err: 	at sun.nio.ch.DatagramChannelImpl.send(DatagramChannelImpl.java:514)
11-26 14:19:28.902 24008 24049 W System.err: 	at symlab.CloudAR.network.TransmissionTask.run(TransmissionTask.java:133)
11-26 14:19:28.902 24008 24049 W System.err: 	at android.os.Handler.handleCallback(Handler.java:874)
11-26 14:19:28.902 24008 24049 W System.err: 	at android.os.Handler.dispatchMessage(Handler.java:100)
11-26 14:19:28.902 24008 24049 W System.err: 	at android.os.Looper.loop(Looper.java:198)
11-26 14:19:28.902 24008 24049 W System.err: 	at android.os.HandlerThread.run(HandlerThread.java:65)
11-26 14:19:28.932 24008 24049 W System.err: java.net.SocketException: Message too long
11-26 14:19:28.932 24008 24049 W System.err: 	at sun.nio.ch.DatagramChannelImpl.send0(Native Method)
11-26 14:19:28.932 24008 24049 W System.err: 	at sun.nio.ch.DatagramChannelImpl.sendFromNativeBuffer(DatagramChannelImpl.java:573)
11-26 14:19:28.932 24008 24049 W System.err: 	at sun.nio.ch.DatagramChannelImpl.send(DatagramChannelImpl.java:550)
11-26 14:19:28.932 24008 24049 W System.err: 	at sun.nio.ch.DatagramChannelImpl.send(DatagramChannelImpl.java:514)
11-26 14:19:28.932 24008 24049 W System.err: 	at symlab.CloudAR.network.TransmissionTask.run(TransmissionTask.java:133)
11-26 14:19:28.932 24008 24049 W System.err: 	at android.os.Handler.handleCallback(Handler.java:874)
11-26 14:19:28.932 24008 24049 W System.err: 	at android.os.Handler.dispatchMessage(Handler.java:100)
11-26 14:19:28.932 24008 24049 W System.err: 	at android.os.Looper.loop(Looper.java:198)
11-26 14:19:28.932 24008 24049 W System.err: 	at android.os.HandlerThread.run(HandlerThread.java:65)
11-26 14:19:28.963 24008 24049 W System.err: java.net.SocketException: Message too long
11-26 14:19:28.964 24008 24049 W System.err: 	at sun.nio.ch.DatagramChannelImpl.send0(Native Method)
11-26 14:19:28.964 24008 24049 W System.err: 	at sun.nio.ch.DatagramChannelImpl.sendFromNativeBuffer(DatagramChannelImpl.java:573)
11-26 14:19:28.964 24008 24049 W System.err: 	at sun.nio.ch.DatagramChannelImpl.send(DatagramChannelImpl.java:550)
11-26 14:19:28.964 24008 24049 W System.err: 	at sun.nio.ch.DatagramChannelImpl.send(DatagramChannelImpl.java:514)
11-26 14:19:28.964 24008 24049 W System.err: 	at symlab.CloudAR.network.TransmissionTask.run(TransmissionTask.java:133)
11-26 14:19:28.964 24008 24049 W System.err: 	at android.os.Handler.handleCallback(Handler.java:874)
11-26 14:19:28.964 24008 24049 W System.err: 	at android.os.Handler.dispatchMessage(Handler.java:100)
11-26 14:19:28.964 24008 24049 W System.err: 	at android.os.Looper.loop(Looper.java:198)
11-26 14:19:28.964 24008 24049 W System.err: 	at android.os.HandlerThread.run(HandlerThread.java:65)
11-26 14:19:28.996 24008 24049 W System.err: java.net.SocketException: Message too long
11-26 14:19:28.996 24008 24049 W System.err: 	at sun.nio.ch.DatagramChannelImpl.send0(Native Method)
11-26 14:19:28.996 24008 24049 W System.err: 	at sun.nio.ch.DatagramChannelImpl.sendFromNativeBuffer(DatagramChannelImpl.java:573)
11-26 14:19:28.996 24008 24049 W System.err: 	at sun.nio.ch.DatagramChannelImpl.send(DatagramChannelImpl.java:550)
11-26 14:19:28.996 24008 24049 W System.err: 	at sun.nio.ch.DatagramChannelImpl.send(DatagramChannelImpl.java:514)
11-26 14:19:28.996 24008 24049 W System.err: 	at symlab.CloudAR.network.TransmissionTask.run(TransmissionTask.java:133)
11-26 14:19:28.996 24008 24049 W System.err: 	at android.os.Handler.handleCallback(Handler.java:874)
11-26 14:19:28.996 24008 24049 W System.err: 	at android.os.Handler.dispatchMessage(Handler.java:100)
11-26 14:19:28.996 24008 24049 W System.err: 	at android.os.Looper.loop(Looper.java:198)
11-26 14:19:28.996 24008 24049 W System.err: 	at android.os.HandlerThread.run(HandlerThread.java:65)
11-26 14:19:29.038 24008 24049 W System.err: java.net.SocketException: Message too long
11-26 14:19:29.038 24008 24049 W System.err: 	at sun.nio.ch.DatagramChannelImpl.send0(Native Method)
11-26 14:19:29.038 24008 24049 W System.err: 	at sun.nio.ch.DatagramChannelImpl.sendFromNativeBuffer(DatagramChannelImpl.java:573)
11-26 14:19:29.038 24008 24049 W System.err: 	at sun.nio.ch.DatagramChannelImpl.send(DatagramChannelImpl.java:550)
11-26 14:19:29.038 24008 24049 W System.err: 	at sun.nio.ch.DatagramChannelImpl.send(DatagramChannelImpl.java:514)
11-26 14:19:29.038 24008 24049 W System.err: 	at symlab.CloudAR.network.TransmissionTask.run(TransmissionTask.java:133)
11-26 14:19:29.038 24008 24049 W System.err: 	at android.os.Handler.handleCallback(Handler.java:874)
11-26 14:19:29.038 24008 24049 W System.err: 	at android.os.Handler.dispatchMessage(Handler.java:100)
11-26 14:19:29.038 24008 24049 W System.err: 	at android.os.Looper.loop(Looper.java:198)
11-26 14:19:29.038 24008 24049 W System.err: 	at android.os.HandlerThread.run(HandlerThread.java:65)
11-26 14:19:29.065 24008 24049 W System.err: java.net.SocketException: Message too long
11-26 14:19:29.065 24008 24049 W System.err: 	at sun.nio.ch.DatagramChannelImpl.send0(Native Method)
11-26 14:19:29.065 24008 24049 W System.err: 	at sun.nio.ch.DatagramChannelImpl.sendFromNativeBuffer(DatagramChannelImpl.java:573)
11-26 14:19:29.065 24008 24049 W System.err: 	at sun.nio.ch.DatagramChannelImpl.send(DatagramChannelImpl.java:550)
11-26 14:19:29.065 24008 24049 W System.err: 	at sun.nio.ch.DatagramChannelImpl.send(DatagramChannelImpl.java:514)
11-26 14:19:29.065 24008 24049 W System.err: 	at symlab.CloudAR.network.TransmissionTask.run(TransmissionTask.java:133)
11-26 14:19:29.065 24008 24049 W System.err: 	at android.os.Handler.handleCallback(Handler.java:874)
11-26 14:19:29.065 24008 24049 W System.err: 	at android.os.Handler.dispatchMessage(Handler.java:100)
11-26 14:19:29.065 24008 24049 W System.err: 	at android.os.Looper.loop(Looper.java:198)
11-26 14:19:29.065 24008 24049 W System.err: 	at android.os.HandlerThread.run(HandlerThread.java:65)
11-26 14:19:29.197 24008 24049 W System.err: java.net.SocketException: Message too long
11-26 14:19:29.197 24008 24049 W System.err: 	at sun.nio.ch.DatagramChannelImpl.send0(Native Method)
11-26 14:19:29.197 24008 24049 W System.err: 	at sun.nio.ch.DatagramChannelImpl.sendFromNativeBuffer(DatagramChannelImpl.java:573)
11-26 14:19:29.197 24008 24049 W System.err: 	at sun.nio.ch.DatagramChannelImpl.send(DatagramChannelImpl.java:550)
11-26 14:19:29.197 24008 24049 W System.err: 	at sun.nio.ch.DatagramChannelImpl.send(DatagramChannelImpl.java:514)
11-26 14:19:29.197 24008 24049 W System.err: 	at symlab.CloudAR.network.TransmissionTask.run(TransmissionTask.java:133)
11-26 14:19:29.197 24008 24049 W System.err: 	at android.os.Handler.handleCallback(Handler.java:874)
11-26 14:19:29.197 24008 24049 W System.err: 	at android.os.Handler.dispatchMessage(Handler.java:100)
11-26 14:19:29.197 24008 24049 W System.err: 	at android.os.Looper.loop(Looper.java:198)
11-26 14:19:29.197 24008 24049 W System.err: 	at android.os.HandlerThread.run(HandlerThread.java:65)
11-26 14:19:29.226 24008 24049 W System.err: java.net.SocketException: Message too long
11-26 14:19:29.226 24008 24049 W System.err: 	at sun.nio.ch.DatagramChannelImpl.send0(Native Method)
11-26 14:19:29.226 24008 24049 W System.err: 	at sun.nio.ch.DatagramChannelImpl.sendFromNativeBuffer(DatagramChannelImpl.java:573)
11-26 14:19:29.226 24008 24049 W System.err: 	at sun.nio.ch.DatagramChannelImpl.send(DatagramChannelImpl.java:550)
11-26 14:19:29.226 24008 24049 W System.err: 	at sun.nio.ch.DatagramChannelImpl.send(DatagramChannelImpl.java:514)
11-26 14:19:29.226 24008 24049 W System.err: 	at symlab.CloudAR.network.TransmissionTask.run(TransmissionTask.java:133)
11-26 14:19:29.226 24008 24049 W System.err: 	at android.os.Handler.handleCallback(Handler.java:874)
11-26 14:19:29.226 24008 24049 W System.err: 	at android.os.Handler.dispatchMessage(Handler.java:100)
11-26 14:19:29.226 24008 24049 W System.err: 	at android.os.Looper.loop(Looper.java:198)
11-26 14:19:29.227 24008 24049 W System.err: 	at android.os.HandlerThread.run(HandlerThread.java:65)
11-26 14:19:29.289 24008 24049 W System.err: java.net.SocketException: Message too long
11-26 14:19:29.289 24008 24049 W System.err: 	at sun.nio.ch.DatagramChannelImpl.send0(Native Method)
11-26 14:19:29.289 24008 24049 W System.err: 	at sun.nio.ch.DatagramChannelImpl.sendFromNativeBuffer(DatagramChannelImpl.java:573)
11-26 14:19:29.289 24008 24049 W System.err: 	at sun.nio.ch.DatagramChannelImpl.send(DatagramChannelImpl.java:550)
11-26 14:19:29.289 24008 24049 W System.err: 	at sun.nio.ch.DatagramChannelImpl.send(DatagramChannelImpl.java:514)
11-26 14:19:29.289 24008 24049 W System.err: 	at symlab.CloudAR.network.TransmissionTask.run(TransmissionTask.java:133)
11-26 14:19:29.289 24008 24049 W System.err: 	at android.os.Handler.handleCallback(Handler.java:874)
11-26 14:19:29.289 24008 24049 W System.err: 	at android.os.Handler.dispatchMessage(Handler.java:100)
11-26 14:19:29.289 24008 24049 W System.err: 	at android.os.Looper.loop(Looper.java:198)
11-26 14:19:29.289 24008 24049 W System.err: 	at android.os.HandlerThread.run(HandlerThread.java:65)
11-26 14:19:29.321 24008 24049 W System.err: java.net.SocketException: Message too long
11-26 14:19:29.321 24008 24049 W System.err: 	at sun.nio.ch.DatagramChannelImpl.send0(Native Method)
11-26 14:19:29.321 24008 24049 W System.err: 	at sun.nio.ch.DatagramChannelImpl.sendFromNativeBuffer(DatagramChannelImpl.java:573)
11-26 14:19:29.321 24008 24049 W System.err: 	at sun.nio.ch.DatagramChannelImpl.send(DatagramChannelImpl.java:550)
11-26 14:19:29.321 24008 24049 W System.err: 	at sun.nio.ch.DatagramChannelImpl.send(DatagramChannelImpl.java:514)
11-26 14:19:29.321 24008 24049 W System.err: 	at symlab.CloudAR.network.TransmissionTask.run(TransmissionTask.java:133)
11-26 14:19:29.321 24008 24049 W System.err: 	at android.os.Handler.handleCallback(Handler.java:874)
11-26 14:19:29.321 24008 24049 W System.err: 	at android.os.Handler.dispatchMessage(Handler.java:100)
11-26 14:19:29.321 24008 24049 W System.err: 	at android.os.Looper.loop(Looper.java:198)
11-26 14:19:29.321 24008 24049 W System.err: 	at android.os.HandlerThread.run(HandlerThread.java:65)
11-26 14:19:29.343 24008 24049 W System.err: java.net.SocketException: Message too long
11-26 14:19:29.343 24008 24049 W System.err: 	at sun.nio.ch.DatagramChannelImpl.send0(Native Method)
11-26 14:19:29.343 24008 24049 W System.err: 	at sun.nio.ch.DatagramChannelImpl.sendFromNativeBuffer(DatagramChannelImpl.java:573)
11-26 14:19:29.343 24008 24049 W System.err: 	at sun.nio.ch.DatagramChannelImpl.send(DatagramChannelImpl.java:550)
11-26 14:19:29.343 24008 24049 W System.err: 	at sun.nio.ch.DatagramChannelImpl.send(DatagramChannelImpl.java:514)
11-26 14:19:29.343 24008 24049 W System.err: 	at symlab.CloudAR.network.TransmissionTask.run(TransmissionTask.java:133)
11-26 14:19:29.344 24008 24049 W System.err: 	at android.os.Handler.handleCallback(Handler.java:874)
11-26 14:19:29.344 24008 24049 W System.err: 	at android.os.Handler.dispatchMessage(Handler.java:100)
11-26 14:19:29.344 24008 24049 W System.err: 	at android.os.Looper.loop(Looper.java:198)
11-26 14:19:29.344 24008 24049 W System.err: 	at android.os.HandlerThread.run(HandlerThread.java:65)
11-26 14:19:29.370 24008 24049 W System.err: java.net.SocketException: Message too long
11-26 14:19:29.371 24008 24049 W System.err: 	at sun.nio.ch.DatagramChannelImpl.send0(Native Method)
11-26 14:19:29.371 24008 24049 W System.err: 	at sun.nio.ch.DatagramChannelImpl.sendFromNativeBuffer(DatagramChannelImpl.java:573)
11-26 14:19:29.371 24008 24049 W System.err: 	at sun.nio.ch.DatagramChannelImpl.send(DatagramChannelImpl.java:550)
11-26 14:19:29.371 24008 24049 W System.err: 	at sun.nio.ch.DatagramChannelImpl.send(DatagramChannelImpl.java:514)
11-26 14:19:29.371 24008 24049 W System.err: 	at symlab.CloudAR.network.TransmissionTask.run(TransmissionTask.java:133)
11-26 14:19:29.371 24008 24049 W System.err: 	at android.os.Handler.handleCallback(Handler.java:874)
11-26 14:19:29.371 24008 24049 W System.err: 	at android.os.Handler.dispatchMessage(Handler.java:100)
11-26 14:19:29.371 24008 24049 W System.err: 	at android.os.Looper.loop(Looper.java:198)
11-26 14:19:29.371 24008 24049 W System.err: 	at android.os.HandlerThread.run(HandlerThread.java:65)
11-26 14:19:29.398 24008 24049 W System.err: java.net.SocketException: Message too long
11-26 14:19:29.398 24008 24049 W System.err: 	at sun.nio.ch.DatagramChannelImpl.send0(Native Method)
11-26 14:19:29.398 24008 24049 W System.err: 	at sun.nio.ch.DatagramChannelImpl.sendFromNativeBuffer(DatagramChannelImpl.java:573)
11-26 14:19:29.398 24008 24049 W System.err: 	at sun.nio.ch.DatagramChannelImpl.send(DatagramChannelImpl.java:550)
11-26 14:19:29.398 24008 24049 W System.err: 	at sun.nio.ch.DatagramChannelImpl.send(DatagramChannelImpl.java:514)
11-26 14:19:29.398 24008 24049 W System.err: 	at symlab.CloudAR.network.TransmissionTask.run(TransmissionTask.java:133)
11-26 14:19:29.398 24008 24049 W System.err: 	at android.os.Handler.handleCallback(Handler.java:874)
11-26 14:19:29.398 24008 24049 W System.err: 	at android.os.Handler.dispatchMessage(Handler.java:100)
11-26 14:19:29.398 24008 24049 W System.err: 	at android.os.Looper.loop(Looper.java:198)
11-26 14:19:29.398 24008 24049 W System.err: 	at android.os.HandlerThread.run(HandlerThread.java:65)
11-26 14:19:29.426 24008 24049 W System.err: java.net.SocketException: Message too long
11-26 14:19:29.426 24008 24049 W System.err: 	at sun.nio.ch.DatagramChannelImpl.send0(Native Method)
11-26 14:19:29.426 24008 24049 W System.err: 	at sun.nio.ch.DatagramChannelImpl.sendFromNativeBuffer(DatagramChannelImpl.java:573)
11-26 14:19:29.426 24008 24049 W System.err: 	at sun.nio.ch.DatagramChannelImpl.send(DatagramChannelImpl.java:550)
11-26 14:19:29.426 24008 24049 W System.err: 	at sun.nio.ch.DatagramChannelImpl.send(DatagramChannelImpl.java:514)
11-26 14:19:29.426 24008 24049 W System.err: 	at symlab.CloudAR.network.TransmissionTask.run(TransmissionTask.java:133)
11-26 14:19:29.426 24008 24049 W System.err: 	at android.os.Handler.handleCallback(Handler.java:874)
11-26 14:19:29.426 24008 24049 W System.err: 	at android.os.Handler.dispatchMessage(Handler.java:100)
11-26 14:19:29.426 24008 24049 W System.err: 	at android.os.Looper.loop(Looper.java:198)
11-26 14:19:29.426 24008 24049 W System.err: 	at android.os.HandlerThread.run(HandlerThread.java:65)
11-26 14:19:29.669 24008 24049 D Evaluation: 5 res for frame 105 received at 1574770769669
11-26 14:19:29.750 24008 24049 D Evaluation: 1 res for frame 107 received at 1574770769750
11-26 14:19:29.779 24008 24049 D Evaluation: 0 res for frame 109 received at 1574770769779
11-26 14:19:29.801 24008 24049 D Evaluation: 0 res for frame 110 received at 1574770769800
11-26 14:19:29.821 24008 24049 D Evaluation: 0 res for frame 111 received at 1574770769821
11-26 14:19:29.841 24008 24049 D Evaluation: 0 res for frame 111 received at 1574770769841
11-26 14:19:29.906 24008 24049 D Evaluation: 0 res for frame 112 received at 1574770769906
11-26 14:19:29.964 24008 24049 D Evaluation: 0 res for frame 112 received at 1574770769964
11-26 14:19:29.990 24008 24049 D Evaluation: 0 res for frame 113 received at 1574770769990
11-26 14:19:30.033 24008 24049 D Evaluation: 0 res for frame 115 received at 1574770770033
11-26 14:19:30.055 24008 24049 D Evaluation: 0 res for frame 116 received at 1574770770055
11-26 14:19:30.097 24008 24049 D Evaluation: 0 res for frame 117 received at 1574770770097
11-26 14:19:30.179 24008 24049 D Evaluation: 0 res for frame 117 received at 1574770770178
11-26 14:19:30.200 24008 24049 D Evaluation: 0 res for frame 118 received at 1574770770200
11-26 14:19:30.230 24008 24049 D Evaluation: 0 res for frame 119 received at 1574770770230
11-26 14:19:30.320 24008 24049 D Evaluation: 0 res for frame 121 received at 1574770770320
11-26 14:19:30.396 24008 24049 D Evaluation: 0 res for frame 121 received at 1574770770396
11-26 14:19:30.453 24008 24049 D Evaluation: 0 res for frame 122 received at 1574770770453
11-26 14:19:30.453 24008 24019 W System  : A resource failed to call close. 
11-26 14:19:30.455 24008 24019 I chatty  : uid=10203(symlab.cloudridar.arhud) FinalizerDaemon identical 35 lines
11-26 14:19:30.455 24008 24019 W System  : A resource failed to call close. 
11-26 14:19:30.498 24008 24049 D Evaluation: 0 res for frame 123 received at 1574770770497
11-26 14:19:30.520 24008 24049 D Evaluation: 0 res for frame 124 received at 1574770770520
11-26 14:19:30.552 24008 24049 D Evaluation: 0 res for frame 125 received at 1574770770552
11-26 14:19:30.621 24008 24049 D Evaluation: 0 res for frame 126 received at 1574770770621
11-26 14:19:30.670 24008 24049 D Evaluation: 2 res for frame 127 received at 1574770770670
11-26 14:19:30.691 24008 24049 D Evaluation: 1 res for frame 128 received at 1574770770691
11-26 14:19:30.719 24008 24049 D Evaluation: 0 res for frame 129 received at 1574770770719
11-26 14:19:30.756 24008 24049 D Evaluation: 1 res for frame 131 received at 1574770770756
11-26 14:19:30.798 24008 24049 D Evaluation: 0 res for frame 131 received at 1574770770798
11-26 14:19:30.875 24008 24049 D Evaluation: 0 res for frame 132 received at 1574770770875
11-26 14:19:30.914 24008 24049 D Evaluation: 3 res for frame 133 received at 1574770770914
11-26 14:19:30.937 24008 24049 D Evaluation: 2 res for frame 134 received at 1574770770937
11-26 14:19:30.996 24008 24049 D Evaluation: 5 res for frame 135 received at 1574770770996
11-26 14:19:31.021 24008 24049 D Evaluation: 5 res for frame 137 received at 1574770771021
11-26 14:19:31.069 24008 24049 D Evaluation: 5 res for frame 137 received at 1574770771069
11-26 14:19:31.116 24008 24049 D Evaluation: 5 res for frame 138 received at 1574770771116
11-26 14:19:31.143 24008 24049 D Evaluation: 5 res for frame 139 received at 1574770771143
11-26 14:19:31.171 24008 24049 D Evaluation: 5 res for frame 140 received at 1574770771171
11-26 14:19:31.206 24008 24049 D Evaluation: 3 res for frame 142 received at 1574770771206
11-26 14:19:31.237 24008 24049 D Evaluation: 5 res for frame 142 received at 1574770771237
11-26 14:19:31.272 24008 24049 D Evaluation: 4 res for frame 143 received at 1574770771272
11-26 14:19:31.278 24008 24019 W System  : A resource failed to call close. 
11-26 14:19:31.281 24008 24019 I chatty  : uid=10203(symlab.cloudridar.arhud) FinalizerDaemon identical 40 lines
11-26 14:19:31.281 24008 24019 W System  : A resource failed to call close. 
11-26 14:19:31.301 24008 24049 D Evaluation: 5 res for frame 144 received at 1574770771301
11-26 14:19:31.324 24008 24049 D Evaluation: 4 res for frame 145 received at 1574770771324
11-26 14:19:31.361 24008 24049 D Evaluation: 5 res for frame 146 received at 1574770771361
11-26 14:19:31.398 24008 24049 D Evaluation: 3 res for frame 147 received at 1574770771398
11-26 14:19:31.533 24008 24049 D Evaluation: 3 res for frame 148 received at 1574770771532
11-26 14:19:31.561 24008 24049 D Evaluation: 3 res for frame 149 received at 1574770771561
11-26 14:19:31.621 24008 24049 D Evaluation: 3 res for frame 150 received at 1574770771621
11-26 14:19:31.659 24008 24049 D Evaluation: 3 res for frame 152 received at 1574770771659
11-26 14:19:31.684 24008 24049 W System.err: java.net.SocketException: Message too long
11-26 14:19:31.684 24008 24049 W System.err: 	at sun.nio.ch.DatagramChannelImpl.send0(Native Method)
11-26 14:19:31.684 24008 24049 W System.err: 	at sun.nio.ch.DatagramChannelImpl.sendFromNativeBuffer(DatagramChannelImpl.java:573)
11-26 14:19:31.684 24008 24049 W System.err: 	at sun.nio.ch.DatagramChannelImpl.send(DatagramChannelImpl.java:550)
11-26 14:19:31.684 24008 24049 W System.err: 	at sun.nio.ch.DatagramChannelImpl.send(DatagramChannelImpl.java:514)
11-26 14:19:31.684 24008 24049 W System.err: 	at symlab.CloudAR.network.TransmissionTask.run(TransmissionTask.java:133)
11-26 14:19:31.684 24008 24049 W System.err: 	at android.os.Handler.handleCallback(Handler.java:874)
11-26 14:19:31.684 24008 24049 W System.err: 	at android.os.Handler.dispatchMessage(Handler.java:100)
11-26 14:19:31.684 24008 24049 W System.err: 	at android.os.Looper.loop(Looper.java:198)
11-26 14:19:31.684 24008 24049 W System.err: 	at android.os.HandlerThread.run(HandlerThread.java:65)
11-26 14:19:31.687 24008 24049 D Evaluation: 4 res for frame 152 received at 1574770771687
11-26 14:19:31.732 24008 24049 D Evaluation: 3 res for frame 154 received at 1574770771732
11-26 14:19:31.754 24008 24049 D Evaluation: 3 res for frame 155 received at 1574770771754
11-26 14:19:31.790 24008 24049 D Evaluation: 3 res for frame 156 received at 1574770771790
11-26 14:19:31.820 24008 24049 D Evaluation: 4 res for frame 157 received at 1574770771820
11-26 14:19:31.852 24008 24049 D Evaluation: 3 res for frame 158 received at 1574770771852
11-26 14:19:31.900 24008 24049 D Evaluation: 4 res for frame 159 received at 1574770771900
11-26 14:19:31.956 24008 24049 D Evaluation: 4 res for frame 160 received at 1574770771956
11-26 14:19:31.980 24008 24049 D Evaluation: 4 res for frame 161 received at 1574770771980
11-26 14:19:32.036 24008 24049 D Evaluation: 2 res for frame 163 received at 1574770772036
11-26 14:19:32.043 24008 24019 W System  : A resource failed to call close. 
11-26 14:19:32.045 24008 24019 I chatty  : uid=10203(symlab.cloudridar.arhud) FinalizerDaemon identical 34 lines
11-26 14:19:32.045 24008 24019 W System  : A resource failed to call close. 
11-26 14:19:32.130 24008 24049 D Evaluation: 4 res for frame 163 received at 1574770772130
11-26 14:19:32.182 24008 24049 D Evaluation: 3 res for frame 164 received at 1574770772182
11-26 14:19:32.269 24008 24049 D Evaluation: 5 res for frame 165 received at 1574770772269
11-26 14:19:32.320 24008 24049 D Evaluation: 4 res for frame 166 received at 1574770772320
11-26 14:19:32.342 24008 24049 D Evaluation: 4 res for frame 167 received at 1574770772342
11-26 14:19:32.363 24008 24049 D Evaluation: 3 res for frame 168 received at 1574770772363
11-26 14:19:32.391 24008 24049 D Evaluation: 5 res for frame 170 received at 1574770772391
11-26 14:19:32.424 24008 24049 D Evaluation: 4 res for frame 171 received at 1574770772424
11-26 14:19:32.470 24008 24049 D Evaluation: 5 res for frame 171 received at 1574770772470
11-26 14:19:32.533 24008 24049 D Evaluation: 2 res for frame 172 received at 1574770772533
11-26 14:19:32.564 24008 24049 D Evaluation: 3 res for frame 173 received at 1574770772564
11-26 14:19:32.593 24008 24049 D Evaluation: 5 res for frame 174 received at 1574770772593
11-26 14:19:32.667 24008 24049 D Evaluation: 4 res for frame 175 received at 1574770772667
11-26 14:19:32.813 24008 24049 D Evaluation: 1 res for frame 176 received at 1574770772813
11-26 14:19:32.858 24008 24049 D Evaluation: 3 res for frame 177 received at 1574770772858
11-26 14:19:32.883 24008 24049 D Evaluation: 4 res for frame 178 received at 1574770772883
11-26 14:19:32.903 24008 24049 D Evaluation: 0 res for frame 179 received at 1574770772902
11-26 14:19:32.932 24008 24049 D Evaluation: 0 res for frame 181 received at 1574770772932
11-26 14:19:32.968 24008 24049 D Evaluation: 0 res for frame 182 received at 1574770772968
11-26 14:19:32.992 24008 24049 D Evaluation: 0 res for frame 182 received at 1574770772992
11-26 14:19:33.032 24008 24049 D Evaluation: 0 res for frame 183 received at 1574770773032
11-26 14:19:33.064 24008 24049 D Evaluation: 0 res for frame 184 received at 1574770773064
11-26 14:19:33.187 24008 24049 D Evaluation: 0 res for frame 185 received at 1574770773187
11-26 14:19:33.252 24008 24049 D Evaluation: 0 res for frame 186 received at 1574770773252
11-26 14:19:33.280 24008 24049 D Evaluation: 0 res for frame 187 received at 1574770773280
11-26 14:19:33.294 24008 24019 W System  : A resource failed to call close. 
11-26 14:19:33.297 24008 24019 I chatty  : uid=10203(symlab.cloudridar.arhud) FinalizerDaemon identical 48 lines
11-26 14:19:33.297 24008 24019 W System  : A resource failed to call close. 
11-26 14:19:33.303 24008 24049 D Evaluation: 0 res for frame 188 received at 1574770773303
11-26 14:19:33.341 24008 24049 D Evaluation: 0 res for frame 189 received at 1574770773341
11-26 14:19:33.366 24008 24049 D Evaluation: 0 res for frame 190 received at 1574770773366
11-26 14:19:33.400 24008 24049 D Evaluation: 0 res for frame 191 received at 1574770773400
11-26 14:19:33.433 24008 24049 D Evaluation: 0 res for frame 192 received at 1574770773433
11-26 14:19:33.469 24008 24049 D Evaluation: 0 res for frame 193 received at 1574770773469
11-26 14:19:33.502 24008 24049 D Evaluation: 0 res for frame 194 received at 1574770773501
11-26 14:19:33.571 24008 24049 D Evaluation: 0 res for frame 195 received at 1574770773571
11-26 14:19:33.600 24008 24049 D Evaluation: 1 res for frame 196 received at 1574770773600
11-26 14:19:33.622 24008 24049 D Evaluation: 0 res for frame 197 received at 1574770773622
11-26 14:19:33.645 24008 24049 D Evaluation: 0 res for frame 199 received at 1574770773644
11-26 14:19:33.680 24008 24049 D Evaluation: 0 res for frame 200 received at 1574770773680
11-26 14:19:33.706 24008 24049 D Evaluation: 0 res for frame 200 received at 1574770773706
11-26 14:19:33.770 24008 24049 D Evaluation: 0 res for frame 201 received at 1574770773770
11-26 14:19:33.791 24008 24049 D Evaluation: 0 res for frame 202 received at 1574770773791
11-26 14:19:33.854 24008 24049 D Evaluation: 0 res for frame 203 received at 1574770773854
11-26 14:19:33.875 24008 24049 D Evaluation: 0 res for frame 205 received at 1574770773875
11-26 14:19:33.922 24008 24049 D Evaluation: 1 res for frame 205 received at 1574770773922
11-26 14:19:33.944 24008 24049 D Evaluation: 0 res for frame 206 received at 1574770773944
11-26 14:19:33.975 24008 24049 D Evaluation: 0 res for frame 207 received at 1574770773975
11-26 14:19:34.054 24008 24049 D Evaluation: 0 res for frame 209 received at 1574770774054
11-26 14:19:34.081 24008 24049 D Evaluation: 1 res for frame 209 received at 1574770774081
11-26 14:19:34.112 24008 24049 D Evaluation: 0 res for frame 210 received at 1574770774112
11-26 14:19:34.123 24008 24019 W System  : A resource failed to call close. 
11-26 14:19:34.123 24008 24019 W System  : A resource failed to call close. 
11-26 14:19:34.124 24008 24019 W System  : A resource failed to call close. 
11-26 14:19:34.129 24008 24019 I chatty  : uid=10203(symlab.cloudridar.arhud) FinalizerDaemon identical 44 lines
11-26 14:19:34.129 24008 24019 W System  : A resource failed to call close. 
11-26 14:19:34.146 24008 24049 D Evaluation: 0 res for frame 211 received at 1574770774146
11-26 14:19:34.174 24008 24049 D Evaluation: 0 res for frame 212 received at 1574770774174
11-26 14:19:34.209 24008 24049 D Evaluation: 0 res for frame 213 received at 1574770774209
11-26 14:19:34.369 24008 24049 D Evaluation: 0 res for frame 214 received at 1574770774369
11-26 14:19:34.465 24008 24049 D Evaluation: 0 res for frame 215 received at 1574770774465
11-26 14:19:34.508 24008 24049 D Evaluation: 0 res for frame 216 received at 1574770774508
11-26 14:19:34.545 24008 24049 D Evaluation: 0 res for frame 217 received at 1574770774545
11-26 14:19:34.570 24008 24049 D Evaluation: 0 res for frame 220 received at 1574770774570
11-26 14:19:34.596 24008 24049 D Evaluation: 0 res for frame 221 received at 1574770774596
11-26 14:19:34.619 24008 24049 D Evaluation: 0 res for frame 222 received at 1574770774619
11-26 14:19:34.699 24008 24049 D Evaluation: 0 res for frame 223 received at 1574770774698
11-26 14:19:34.801 24008 24049 D Evaluation: 0 res for frame 223 received at 1574770774801
11-26 14:19:34.843 24008 24049 D Evaluation: 0 res for frame 223 received at 1574770774843
11-26 14:19:34.879 24008 24049 D Evaluation: 0 res for frame 224 received at 1574770774879
11-26 14:19:34.906 24008 24049 D Evaluation: 0 res for frame 226 received at 1574770774906
11-26 14:19:34.927 24008 24049 D Evaluation: 0 res for frame 227 received at 1574770774927
11-26 14:19:34.949 24008 24049 D Evaluation: 0 res for frame 228 received at 1574770774948
11-26 14:19:34.978 24008 24049 D Evaluation: 0 res for frame 229 received at 1574770774978
11-26 14:19:35.052 24008 24049 D Evaluation: 0 res for frame 230 received at 1574770775052
11-26 14:19:35.066 24008 24019 W System  : A resource failed to call close. 
11-26 14:19:35.069 24008 24019 I chatty  : uid=10203(symlab.cloudridar.arhud) FinalizerDaemon identical 35 lines
11-26 14:19:35.069 24008 24019 W System  : A resource failed to call close. 
11-26 14:19:35.074 24008 24049 D Evaluation: 0 res for frame 230 received at 1574770775074
11-26 14:19:35.108 24008 24049 D Evaluation: 0 res for frame 231 received at 1574770775108
11-26 14:19:35.189 24008 24049 D Evaluation: 0 res for frame 232 received at 1574770775189
11-26 14:19:35.212 24008 24049 D Evaluation: 0 res for frame 233 received at 1574770775212
11-26 14:19:35.249 24008 24049 D Evaluation: 0 res for frame 234 received at 1574770775249
11-26 14:19:35.277 24008 24049 D Evaluation: 0 res for frame 235 received at 1574770775277
11-26 14:19:35.310 24008 24049 D Evaluation: 0 res for frame 236 received at 1574770775310
11-26 14:19:35.335 24008 24049 D Evaluation: 0 res for frame 237 received at 1574770775335
11-26 14:19:35.376 24008 24049 D Evaluation: 0 res for frame 238 received at 1574770775376
11-26 14:19:35.406 24008 24049 D Evaluation: 0 res for frame 239 received at 1574770775406
11-26 14:19:35.536 24008 24049 D Evaluation: 0 res for frame 240 received at 1574770775536
11-26 14:19:35.595 24008 24049 D Evaluation: 0 res for frame 241 received at 1574770775595
11-26 14:19:35.628 24008 24049 D Evaluation: 0 res for frame 242 received at 1574770775628
11-26 14:19:35.649 24008 24049 D Evaluation: 0 res for frame 243 received at 1574770775649
11-26 14:19:35.714 24008 24049 D Evaluation: 0 res for frame 245 received at 1574770775714
11-26 14:19:35.744 24008 24049 D Evaluation: 0 res for frame 246 received at 1574770775744
11-26 14:19:35.773 24008 24049 D Evaluation: 0 res for frame 246 received at 1574770775773
11-26 14:19:35.802 24008 24049 D Evaluation: 0 res for frame 247 received at 1574770775802
11-26 14:19:35.837 24008 24049 D Evaluation: 0 res for frame 248 received at 1574770775837
11-26 14:19:35.886 24008 24049 D Evaluation: 0 res for frame 249 received at 1574770775886
11-26 14:19:36.016 24008 24049 D Evaluation: 0 res for frame 250 received at 1574770776016
11-26 14:19:36.062 24008 24049 D Evaluation: 0 res for frame 251 received at 1574770776062
11-26 14:19:36.091 24008 24049 D Evaluation: 0 res for frame 252 received at 1574770776091
11-26 14:19:36.117 24008 24049 D Evaluation: 0 res for frame 254 received at 1574770776116
11-26 14:19:36.129 24008 24019 W System  : A resource failed to call close. 
11-26 14:19:36.132 24008 24019 I chatty  : uid=10203(symlab.cloudridar.arhud) FinalizerDaemon identical 46 lines
11-26 14:19:36.132 24008 24019 W System  : A resource failed to call close. 
11-26 14:19:36.138 24008 24049 D Evaluation: 0 res for frame 256 received at 1574770776138
11-26 14:19:36.159 24008 24049 D Evaluation: 0 res for frame 257 received at 1574770776159
11-26 14:19:36.181 24008 24049 D Evaluation: 0 res for frame 258 received at 1574770776181
11-26 14:19:36.260 24008 24049 D Evaluation: 2 res for frame 258 received at 1574770776260
11-26 14:19:36.282 24008 24049 D Evaluation: 2 res for frame 259 received at 1574770776282
11-26 14:19:36.314 24008 24049 D Evaluation: 2 res for frame 259 received at 1574770776314
11-26 14:19:36.342 24008 24049 W System.err: java.net.SocketException: Message too long
11-26 14:19:36.342 24008 24049 W System.err: 	at sun.nio.ch.DatagramChannelImpl.send0(Native Method)
11-26 14:19:36.342 24008 24049 W System.err: 	at sun.nio.ch.DatagramChannelImpl.sendFromNativeBuffer(DatagramChannelImpl.java:573)
11-26 14:19:36.342 24008 24049 W System.err: 	at sun.nio.ch.DatagramChannelImpl.send(DatagramChannelImpl.java:550)
11-26 14:19:36.342 24008 24049 W System.err: 	at sun.nio.ch.DatagramChannelImpl.send(DatagramChannelImpl.java:514)
11-26 14:19:36.342 24008 24049 W System.err: 	at symlab.CloudAR.network.TransmissionTask.run(TransmissionTask.java:133)
11-26 14:19:36.342 24008 24049 W System.err: 	at android.os.Handler.handleCallback(Handler.java:874)
11-26 14:19:36.342 24008 24049 W System.err: 	at android.os.Handler.dispatchMessage(Handler.java:100)
11-26 14:19:36.342 24008 24049 W System.err: 	at android.os.Looper.loop(Looper.java:198)
11-26 14:19:36.342 24008 24049 W System.err: 	at android.os.HandlerThread.run(HandlerThread.java:65)
11-26 14:19:36.344 24008 24049 D Evaluation: 1 res for frame 261 received at 1574770776344
11-26 14:19:36.376 24008 24049 W System.err: java.net.SocketException: Message too long
11-26 14:19:36.376 24008 24049 W System.err: 	at sun.nio.ch.DatagramChannelImpl.send0(Native Method)
11-26 14:19:36.376 24008 24049 W System.err: 	at sun.nio.ch.DatagramChannelImpl.sendFromNativeBuffer(DatagramChannelImpl.java:573)
11-26 14:19:36.376 24008 24049 W System.err: 	at sun.nio.ch.DatagramChannelImpl.send(DatagramChannelImpl.java:550)
11-26 14:19:36.376 24008 24049 W System.err: 	at sun.nio.ch.DatagramChannelImpl.send(DatagramChannelImpl.java:514)
11-26 14:19:36.376 24008 24049 W System.err: 	at symlab.CloudAR.network.TransmissionTask.run(TransmissionTask.java:133)
11-26 14:19:36.377 24008 24049 W System.err: 	at android.os.Handler.handleCallback(Handler.java:874)
11-26 14:19:36.377 24008 24049 W System.err: 	at android.os.Handler.dispatchMessage(Handler.java:100)
11-26 14:19:36.377 24008 24049 W System.err: 	at android.os.Looper.loop(Looper.java:198)
11-26 14:19:36.377 24008 24049 W System.err: 	at android.os.HandlerThread.run(HandlerThread.java:65)
11-26 14:19:36.378 24008 24049 D Evaluation: 1 res for frame 261 received at 1574770776378
11-26 14:19:36.469 24008 24049 D Evaluation: 1 res for frame 262 received at 1574770776469
11-26 14:19:36.528 24008 24049 D Evaluation: 2 res for frame 265 received at 1574770776528
11-26 14:19:36.581 24008 24049 W System.err: java.net.SocketException: Message too long
11-26 14:19:36.581 24008 24049 W System.err: 	at sun.nio.ch.DatagramChannelImpl.send0(Native Method)
11-26 14:19:36.581 24008 24049 W System.err: 	at sun.nio.ch.DatagramChannelImpl.sendFromNativeBuffer(DatagramChannelImpl.java:573)
11-26 14:19:36.582 24008 24049 W System.err: 	at sun.nio.ch.DatagramChannelImpl.send(DatagramChannelImpl.java:550)
11-26 14:19:36.582 24008 24049 W System.err: 	at sun.nio.ch.DatagramChannelImpl.send(DatagramChannelImpl.java:514)
11-26 14:19:36.582 24008 24049 W System.err: 	at symlab.CloudAR.network.TransmissionTask.run(TransmissionTask.java:133)
11-26 14:19:36.582 24008 24049 W System.err: 	at android.os.Handler.handleCallback(Handler.java:874)
11-26 14:19:36.582 24008 24049 W System.err: 	at android.os.Handler.dispatchMessage(Handler.java:100)
11-26 14:19:36.582 24008 24049 W System.err: 	at android.os.Looper.loop(Looper.java:198)
11-26 14:19:36.582 24008 24049 W System.err: 	at android.os.HandlerThread.run(HandlerThread.java:65)
11-26 14:19:36.584 24008 24049 D Evaluation: 2 res for frame 267 received at 1574770776584
11-26 14:19:36.612 24008 24049 W System.err: java.net.SocketException: Message too long
11-26 14:19:36.612 24008 24049 W System.err: 	at sun.nio.ch.DatagramChannelImpl.send0(Native Method)
11-26 14:19:36.612 24008 24049 W System.err: 	at sun.nio.ch.DatagramChannelImpl.sendFromNativeBuffer(DatagramChannelImpl.java:573)
11-26 14:19:36.612 24008 24049 W System.err: 	at sun.nio.ch.DatagramChannelImpl.send(DatagramChannelImpl.java:550)
11-26 14:19:36.612 24008 24049 W System.err: 	at sun.nio.ch.DatagramChannelImpl.send(DatagramChannelImpl.java:514)
11-26 14:19:36.612 24008 24049 W System.err: 	at symlab.CloudAR.network.TransmissionTask.run(TransmissionTask.java:133)
11-26 14:19:36.612 24008 24049 W System.err: 	at android.os.Handler.handleCallback(Handler.java:874)
11-26 14:19:36.612 24008 24049 W System.err: 	at android.os.Handler.dispatchMessage(Handler.java:100)
11-26 14:19:36.612 24008 24049 W System.err: 	at android.os.Looper.loop(Looper.java:198)
11-26 14:19:36.612 24008 24049 W System.err: 	at android.os.HandlerThread.run(HandlerThread.java:65)
11-26 14:19:36.615 24008 24049 D Evaluation: 1 res for frame 267 received at 1574770776614
11-26 14:19:36.641 24008 24049 W System.err: java.net.SocketException: Message too long
11-26 14:19:36.641 24008 24049 W System.err: 	at sun.nio.ch.DatagramChannelImpl.send0(Native Method)
11-26 14:19:36.641 24008 24049 W System.err: 	at sun.nio.ch.DatagramChannelImpl.sendFromNativeBuffer(DatagramChannelImpl.java:573)
11-26 14:19:36.641 24008 24049 W System.err: 	at sun.nio.ch.DatagramChannelImpl.send(DatagramChannelImpl.java:550)
11-26 14:19:36.641 24008 24049 W System.err: 	at sun.nio.ch.DatagramChannelImpl.send(DatagramChannelImpl.java:514)
11-26 14:19:36.641 24008 24049 W System.err: 	at symlab.CloudAR.network.TransmissionTask.run(TransmissionTask.java:133)
11-26 14:19:36.641 24008 24049 W System.err: 	at android.os.Handler.handleCallback(Handler.java:874)
11-26 14:19:36.641 24008 24049 W System.err: 	at android.os.Handler.dispatchMessage(Handler.java:100)
11-26 14:19:36.641 24008 24049 W System.err: 	at android.os.Looper.loop(Looper.java:198)
11-26 14:19:36.641 24008 24049 W System.err: 	at android.os.HandlerThread.run(HandlerThread.java:65)
11-26 14:19:36.723 24008 24049 W System.err: java.net.SocketException: Message too long
11-26 14:19:36.723 24008 24049 W System.err: 	at sun.nio.ch.DatagramChannelImpl.send0(Native Method)
11-26 14:19:36.723 24008 24049 W System.err: 	at sun.nio.ch.DatagramChannelImpl.sendFromNativeBuffer(DatagramChannelImpl.java:573)
11-26 14:19:36.723 24008 24049 W System.err: 	at sun.nio.ch.DatagramChannelImpl.send(DatagramChannelImpl.java:550)
11-26 14:19:36.723 24008 24049 W System.err: 	at sun.nio.ch.DatagramChannelImpl.send(DatagramChannelImpl.java:514)
11-26 14:19:36.724 24008 24049 W System.err: 	at symlab.CloudAR.network.TransmissionTask.run(TransmissionTask.java:133)
11-26 14:19:36.724 24008 24049 W System.err: 	at android.os.Handler.handleCallback(Handler.java:874)
11-26 14:19:36.724 24008 24049 W System.err: 	at android.os.Handler.dispatchMessage(Handler.java:100)
11-26 14:19:36.724 24008 24049 W System.err: 	at android.os.Looper.loop(Looper.java:198)
11-26 14:19:36.724 24008 24049 W System.err: 	at android.os.HandlerThread.run(HandlerThread.java:65)
11-26 14:19:36.935 24008 24019 W System  : A resource failed to call close. 
11-26 14:19:36.940 24008 24019 I chatty  : uid=10203(symlab.cloudridar.arhud) FinalizerDaemon identical 20 lines
11-26 14:19:36.940 24008 24019 W System  : A resource failed to call close. 
11-26 14:19:36.940 24008 24019 W System  : A resource failed to call close. 
11-26 14:19:36.941 24008 24019 W System  : A resource failed to call close. 
11-26 14:19:36.955 24008 24049 D Evaluation: 2 res for frame 273 received at 1574770776955
11-26 14:19:36.976 24008 24049 D Evaluation: 0 res for frame 274 received at 1574770776976
11-26 14:19:36.998 24008 24049 D Evaluation: 0 res for frame 275 received at 1574770776998
11-26 14:19:37.031 24008 24049 D Evaluation: 0 res for frame 276 received at 1574770777031
11-26 14:19:37.115 24008 24049 D Evaluation: 0 res for frame 276 received at 1574770777115
11-26 14:19:37.147 24008 24049 D Evaluation: 0 res for frame 277 received at 1574770777147
11-26 14:19:37.171 24008 24049 D Evaluation: 0 res for frame 278 received at 1574770777171
11-26 14:19:37.215 24008 24049 D Evaluation: 0 res for frame 279 received at 1574770777215
11-26 14:19:37.236 24008 24049 D Evaluation: 0 res for frame 280 received at 1574770777236
11-26 14:19:37.285 24008 24049 D Evaluation: 0 res for frame 281 received at 1574770777285
11-26 14:19:37.307 24008 24049 D Evaluation: 0 res for frame 282 received at 1574770777307
11-26 14:19:37.342 24008 24049 D Evaluation: 0 res for frame 283 received at 1574770777342
11-26 14:19:37.419 24008 24049 D Evaluation: 0 res for frame 284 received at 1574770777419
11-26 14:19:37.459 24008 24049 D Evaluation: 1 res for frame 285 received at 1574770777458
11-26 14:19:37.479 24008 24049 D Evaluation: 1 res for frame 286 received at 1574770777479
11-26 14:19:37.521 24008 24049 D Evaluation: 4 res for frame 287 received at 1574770777521
11-26 14:19:37.550 24008 24049 D Evaluation: 1 res for frame 288 received at 1574770777550
11-26 14:19:37.582 24008 24049 D Evaluation: 1 res for frame 289 received at 1574770777582
11-26 14:19:37.609 24008 24049 D Evaluation: 2 res for frame 290 received at 1574770777609
11-26 14:19:37.690 24008 24049 D Evaluation: 3 res for frame 291 received at 1574770777690
11-26 14:19:37.713 24008 24049 D Evaluation: 3 res for frame 292 received at 1574770777713
11-26 14:19:37.722 24008 24019 W System  : A resource failed to call close. 
11-26 14:19:37.724 24008 24019 I chatty  : uid=10203(symlab.cloudridar.arhud) FinalizerDaemon identical 40 lines
11-26 14:19:37.724 24008 24019 W System  : A resource failed to call close. 
11-26 14:19:37.792 24008 24049 W System.err: java.net.SocketException: Message too long
11-26 14:19:37.792 24008 24049 W System.err: 	at sun.nio.ch.DatagramChannelImpl.send0(Native Method)
11-26 14:19:37.792 24008 24049 W System.err: 	at sun.nio.ch.DatagramChannelImpl.sendFromNativeBuffer(DatagramChannelImpl.java:573)
11-26 14:19:37.792 24008 24049 W System.err: 	at sun.nio.ch.DatagramChannelImpl.send(DatagramChannelImpl.java:550)
11-26 14:19:37.792 24008 24049 W System.err: 	at sun.nio.ch.DatagramChannelImpl.send(DatagramChannelImpl.java:514)
11-26 14:19:37.792 24008 24049 W System.err: 	at symlab.CloudAR.network.TransmissionTask.run(TransmissionTask.java:133)
11-26 14:19:37.792 24008 24049 W System.err: 	at android.os.Handler.handleCallback(Handler.java:874)
11-26 14:19:37.792 24008 24049 W System.err: 	at android.os.Handler.dispatchMessage(Handler.java:100)
11-26 14:19:37.792 24008 24049 W System.err: 	at android.os.Looper.loop(Looper.java:198)
11-26 14:19:37.792 24008 24049 W System.err: 	at android.os.HandlerThread.run(HandlerThread.java:65)
11-26 14:19:37.794 24008 24049 D Evaluation: 2 res for frame 293 received at 1574770777794
11-26 14:19:37.818 24008 24049 D Evaluation: 3 res for frame 295 received at 1574770777818
11-26 14:19:37.887 24008 24049 D Evaluation: 4 res for frame 295 received at 1574770777887
11-26 14:19:37.914 24008 24049 D Evaluation: 3 res for frame 297 received at 1574770777914
11-26 14:19:37.940 24008 24049 D Evaluation: 3 res for frame 298 received at 1574770777940
11-26 14:19:38.027 24008 24049 D Evaluation: 3 res for frame 299 received at 1574770778027
11-26 14:19:38.054 24008 24049 D Evaluation: 3 res for frame 300 received at 1574770778054
11-26 14:19:38.131 24008 24049 D Evaluation: 4 res for frame 302 received at 1574770778131
11-26 14:19:38.166 24008 24049 W System.err: java.net.SocketException: Message too long
11-26 14:19:38.166 24008 24049 W System.err: 	at sun.nio.ch.DatagramChannelImpl.send0(Native Method)
11-26 14:19:38.166 24008 24049 W System.err: 	at sun.nio.ch.DatagramChannelImpl.sendFromNativeBuffer(DatagramChannelImpl.java:573)
11-26 14:19:38.166 24008 24049 W System.err: 	at sun.nio.ch.DatagramChannelImpl.send(DatagramChannelImpl.java:550)
11-26 14:19:38.166 24008 24049 W System.err: 	at sun.nio.ch.DatagramChannelImpl.send(DatagramChannelImpl.java:514)
11-26 14:19:38.166 24008 24049 W System.err: 	at symlab.CloudAR.network.TransmissionTask.run(TransmissionTask.java:133)
11-26 14:19:38.166 24008 24049 W System.err: 	at android.os.Handler.handleCallback(Handler.java:874)
11-26 14:19:38.166 24008 24049 W System.err: 	at android.os.Handler.dispatchMessage(Handler.java:100)
11-26 14:19:38.166 24008 24049 W System.err: 	at android.os.Looper.loop(Looper.java:198)
11-26 14:19:38.166 24008 24049 W System.err: 	at android.os.HandlerThread.run(HandlerThread.java:65)
11-26 14:19:38.169 24008 24049 D Evaluation: 5 res for frame 302 received at 1574770778168
11-26 14:19:38.237 24008 24049 D Evaluation: 3 res for frame 303 received at 1574770778237
11-26 14:19:38.310 24008 24049 W System.err: java.net.SocketException: Message too long
11-26 14:19:38.310 24008 24049 W System.err: 	at sun.nio.ch.DatagramChannelImpl.send0(Native Method)
11-26 14:19:38.310 24008 24049 W System.err: 	at sun.nio.ch.DatagramChannelImpl.sendFromNativeBuffer(DatagramChannelImpl.java:573)
11-26 14:19:38.310 24008 24049 W System.err: 	at sun.nio.ch.DatagramChannelImpl.send(DatagramChannelImpl.java:550)
11-26 14:19:38.310 24008 24049 W System.err: 	at sun.nio.ch.DatagramChannelImpl.send(DatagramChannelImpl.java:514)
11-26 14:19:38.310 24008 24049 W System.err: 	at symlab.CloudAR.network.TransmissionTask.run(TransmissionTask.java:133)
11-26 14:19:38.310 24008 24049 W System.err: 	at android.os.Handler.handleCallback(Handler.java:874)
11-26 14:19:38.310 24008 24049 W System.err: 	at android.os.Handler.dispatchMessage(Handler.java:100)
11-26 14:19:38.310 24008 24049 W System.err: 	at android.os.Looper.loop(Looper.java:198)
11-26 14:19:38.310 24008 24049 W System.err: 	at android.os.HandlerThread.run(HandlerThread.java:65)
11-26 14:19:38.312 24008 24049 D Evaluation: 3 res for frame 305 received at 1574770778312
11-26 14:19:38.349 24008 24049 W System.err: java.net.SocketException: Message too long
11-26 14:19:38.349 24008 24049 W System.err: 	at sun.nio.ch.DatagramChannelImpl.send0(Native Method)
11-26 14:19:38.349 24008 24049 W System.err: 	at sun.nio.ch.DatagramChannelImpl.sendFromNativeBuffer(DatagramChannelImpl.java:573)
11-26 14:19:38.349 24008 24049 W System.err: 	at sun.nio.ch.DatagramChannelImpl.send(DatagramChannelImpl.java:550)
11-26 14:19:38.349 24008 24049 W System.err: 	at sun.nio.ch.DatagramChannelImpl.send(DatagramChannelImpl.java:514)
11-26 14:19:38.349 24008 24049 W System.err: 	at symlab.CloudAR.network.TransmissionTask.run(TransmissionTask.java:133)
11-26 14:19:38.349 24008 24049 W System.err: 	at android.os.Handler.handleCallback(Handler.java:874)
11-26 14:19:38.349 24008 24049 W System.err: 	at android.os.Handler.dispatchMessage(Handler.java:100)
11-26 14:19:38.349 24008 24049 W System.err: 	at android.os.Looper.loop(Looper.java:198)
11-26 14:19:38.349 24008 24049 W System.err: 	at android.os.HandlerThread.run(HandlerThread.java:65)
11-26 14:19:38.351 24008 24049 D Evaluation: 4 res for frame 306 received at 1574770778351
11-26 14:19:38.381 24008 24049 W System.err: java.net.SocketException: Message too long
11-26 14:19:38.381 24008 24049 W System.err: 	at sun.nio.ch.DatagramChannelImpl.send0(Native Method)
11-26 14:19:38.381 24008 24049 W System.err: 	at sun.nio.ch.DatagramChannelImpl.sendFromNativeBuffer(DatagramChannelImpl.java:573)
11-26 14:19:38.381 24008 24049 W System.err: 	at sun.nio.ch.DatagramChannelImpl.send(DatagramChannelImpl.java:550)
11-26 14:19:38.381 24008 24049 W System.err: 	at sun.nio.ch.DatagramChannelImpl.send(DatagramChannelImpl.java:514)
11-26 14:19:38.381 24008 24049 W System.err: 	at symlab.CloudAR.network.TransmissionTask.run(TransmissionTask.java:133)
11-26 14:19:38.381 24008 24049 W System.err: 	at android.os.Handler.handleCallback(Handler.java:874)
11-26 14:19:38.381 24008 24049 W System.err: 	at android.os.Handler.dispatchMessage(Handler.java:100)
11-26 14:19:38.381 24008 24049 W System.err: 	at android.os.Looper.loop(Looper.java:198)
11-26 14:19:38.381 24008 24049 W System.err: 	at android.os.HandlerThread.run(HandlerThread.java:65)
11-26 14:19:38.408 24008 24049 W System.err: java.net.SocketException: Message too long
11-26 14:19:38.408 24008 24049 W System.err: 	at sun.nio.ch.DatagramChannelImpl.send0(Native Method)
11-26 14:19:38.408 24008 24049 W System.err: 	at sun.nio.ch.DatagramChannelImpl.sendFromNativeBuffer(DatagramChannelImpl.java:573)
11-26 14:19:38.408 24008 24049 W System.err: 	at sun.nio.ch.DatagramChannelImpl.send(DatagramChannelImpl.java:550)
11-26 14:19:38.408 24008 24049 W System.err: 	at sun.nio.ch.DatagramChannelImpl.send(DatagramChannelImpl.java:514)
11-26 14:19:38.408 24008 24049 W System.err: 	at symlab.CloudAR.network.TransmissionTask.run(TransmissionTask.java:133)
11-26 14:19:38.408 24008 24049 W System.err: 	at android.os.Handler.handleCallback(Handler.java:874)
11-26 14:19:38.408 24008 24049 W System.err: 	at android.os.Handler.dispatchMessage(Handler.java:100)
11-26 14:19:38.408 24008 24049 W System.err: 	at android.os.Looper.loop(Looper.java:198)
11-26 14:19:38.408 24008 24049 W System.err: 	at android.os.HandlerThread.run(HandlerThread.java:65)
11-26 14:19:38.444 24008 24049 W System.err: java.net.SocketException: Message too long
11-26 14:19:38.444 24008 24049 W System.err: 	at sun.nio.ch.DatagramChannelImpl.send0(Native Method)
11-26 14:19:38.445 24008 24049 W System.err: 	at sun.nio.ch.DatagramChannelImpl.sendFromNativeBuffer(DatagramChannelImpl.java:573)
11-26 14:19:38.445 24008 24049 W System.err: 	at sun.nio.ch.DatagramChannelImpl.send(DatagramChannelImpl.java:550)
11-26 14:19:38.445 24008 24049 W System.err: 	at sun.nio.ch.DatagramChannelImpl.send(DatagramChannelImpl.java:514)
