--------- beginning of main
11-26 14:07:41.725 20026 20026 I MultiDex: Installing application
11-26 14:07:41.725 20026 20026 I MultiDex: VM has multidex support, MultiDex support library is disabled.
11-26 14:07:41.729 20026 20026 I Poster  :  onCreate() called.
11-26 14:07:41.737 20026 20026 I DecorView: It non-support bigbang
11-26 14:07:41.742 20026 20026 I PhoneWindow: isNeedChangeNaviBarColor taskInfo: [android.app.ActivityManager$RunningTaskInfo@fbf91f7] size: 1
11-26 14:07:41.742 20026 20026 I PhoneWindow: isAPPNeedChange pkgName: symlab.cloudridar.arhud needKeep: false
11-26 14:07:41.742 20026 20026 I PhoneWindow: isNeedChangeNaviBarColor false
11-26 14:07:41.742 20026 20026 I PhoneWindow: generateLayout mNavigationBarColor: ff000000
11-26 14:07:41.743 20026 20026 I PhoneWindow: generateLayout isLightNavi false, Visibility: 0
11-26 14:07:41.754 20026 20026 D OpenGLRenderer: Skia GL Pipeline
11-26 14:07:41.763 20026 20026 D LocationManager: [LocationManager] requestLocationUpdates(), 
11-26 14:07:41.763 20026 20026 D LocationManager: java.lang.RuntimeException
11-26 14:07:41.763 20026 20026 D LocationManager: 	at android.location.LocationManager.requestLocationUpdates(LocationManager.java:1013)
11-26 14:07:41.763 20026 20026 D LocationManager: 	at android.location.LocationManager.requestLocationUpdates(LocationManager.java:562)
11-26 14:07:41.763 20026 20026 D LocationManager: 	at symlab.ARHUD.MainActivity.onCreate(MainActivity.java:94)
11-26 14:07:41.763 20026 20026 D LocationManager: 	at android.app.Activity.performCreate(Activity.java:7136)
11-26 14:07:41.763 20026 20026 D LocationManager: 	at android.app.Activity.performCreate(Activity.java:7127)
11-26 14:07:41.763 20026 20026 D LocationManager: 	at android.app.Instrumentation.callActivityOnCreate(Instrumentation.java:1272)
11-26 14:07:41.763 20026 20026 D LocationManager: 	at android.app.ActivityThread.performLaunchActivity(ActivityThread.java:2908)
11-26 14:07:41.763 20026 20026 D LocationManager: 	at android.app.ActivityThread.handleLaunchActivity(ActivityThread.java:3063)
11-26 14:07:41.763 20026 20026 D LocationManager: 	at android.app.servertransaction.LaunchActivityItem.execute(LaunchActivityItem.java:78)
11-26 14:07:41.763 20026 20026 D LocationManager: 	at android.app.servertransaction.TransactionExecutor.executeCallbacks(TransactionExecutor.java:108)
11-26 14:07:41.763 20026 20026 D LocationManager: 	at android.app.servertransaction.TransactionExecutor.execute(TransactionExecutor.java:68)
11-26 14:07:41.763 20026 20026 D LocationManager: 	at android.app.ActivityThread$H.handleMessage(ActivityThread.java:1823)
11-26 14:07:41.763 20026 20026 D LocationManager: 	at android.os.Handler.dispatchMessage(Handler.java:107)
11-26 14:07:41.763 20026 20026 D LocationManager: 	at android.os.Looper.loop(Looper.java:198)
11-26 14:07:41.763 20026 20026 D LocationManager: 	at android.app.ActivityThread.main(ActivityThread.java:6729)
11-26 14:07:41.763 20026 20026 D LocationManager: 	at java.lang.reflect.Method.invoke(Native Method)
11-26 14:07:41.763 20026 20026 D LocationManager: 	at com.android.internal.os.RuntimeInit$MethodAndArgsCaller.run(RuntimeInit.java:493)
11-26 14:07:41.763 20026 20026 D LocationManager: 	at com.android.internal.os.ZygoteInit.main(ZygoteInit.java:858)
11-26 14:07:41.781 20026 20026 D Poster  : Server details are IP 10.42.0.1 and port 52727
11-26 14:07:41.788 20026 20026 D Poster  : Server bound to IP 10.42.0.1 and port 52727
11-26 14:07:41.800 20026 20026 I Poster  :  onStart() called.
11-26 14:07:41.801 20026 20026 I Poster  :  onResume() called.
11-26 14:07:41.805 20026 20026 E libc    : Access denied finding property "vendor.camera.aux.packagelist"
11-26 14:07:41.792 20026 20026 W loudridar.arhud: type=1400 audit(0.0:16432): avc: denied { read } for name="u:object_r:vendor_camera_prop:s0" dev="tmpfs" ino=5653 scontext=u:r:untrusted_app:s0:c203,c256,c512,c768 tcontext=u:object_r:vendor_camera_prop:s0 tclass=file permissive=0
11-26 14:07:41.807 20026 20026 E libc    : Access denied finding property "vendor.camera.aux.packagelist"
11-26 14:07:41.809 20026 20026 E libc    : Access denied finding property "vendor.camera.aux.packagelist"
11-26 14:07:41.792 20026 20026 W loudridar.arhud: type=1400 audit(0.0:16433): avc: denied { read } for name="u:object_r:vendor_camera_prop:s0" dev="tmpfs" ino=5653 scontext=u:r:untrusted_app:s0:c203,c256,c512,c768 tcontext=u:object_r:vendor_camera_prop:s0 tclass=file permissive=0
11-26 14:07:41.802 20026 20026 W loudridar.arhud: type=1400 audit(0.0:16434): avc: denied { read } for name="u:object_r:vendor_camera_prop:s0" dev="tmpfs" ino=5653 scontext=u:r:untrusted_app:s0:c203,c256,c512,c768 tcontext=u:object_r:vendor_camera_prop:s0 tclass=file permissive=0
11-26 14:07:42.045 20026 20120 I Adreno  : QUALCOMM build                   : a4d39a0, I6fd668c4d3
11-26 14:07:42.045 20026 20120 I Adreno  : Build Date                       : 10/05/18
11-26 14:07:42.045 20026 20120 I Adreno  : OpenGL ES Shader Compiler Version: EV031.25.03.01
11-26 14:07:42.045 20026 20120 I Adreno  : Local Branch                     : 
11-26 14:07:42.045 20026 20120 I Adreno  : Remote Branch                    : refs/tags/AU_LINUX_ANDROID_LA.UM.7.2.R1.09.00.00.442.049
11-26 14:07:42.045 20026 20120 I Adreno  : Remote Branch                    : NONE
11-26 14:07:42.045 20026 20120 I Adreno  : Reconstruct Branch               : NOTHING
11-26 14:07:42.045 20026 20120 I Adreno  : Build Config                     : S L 6.0.7 AArch32
11-26 14:07:42.051 20026 20120 I Adreno  : PFP: 0x005ff112, ME: 0x005ff066
11-26 14:07:42.055 20026 20120 I ConfigStore: android::hardware::configstore::V1_0::ISurfaceFlingerConfigs::hasWideColorDisplay retrieved: 0
11-26 14:07:42.055 20026 20120 I ConfigStore: android::hardware::configstore::V1_0::ISurfaceFlingerConfigs::hasHDRDisplay retrieved: 0
11-26 14:07:42.056 20026 20120 I OpenGLRenderer: Initialized EGL, version 1.4
11-26 14:07:42.056 20026 20120 D OpenGLRenderer: Swap behavior 2
11-26 14:07:42.073 20026 20026 I Poster  :  surfaceCreated() called.
11-26 14:07:42.074 20026 20026 I Poster  : initPreview() called
11-26 14:07:42.101 20026 20042 W System  : A resource failed to call close. 
11-26 14:07:42.131 20026 20026 I Poster  :  surfaceChanged() called.
11-26 14:07:43.466 20026 20042 W System  : A resource failed to call close. 
11-26 14:07:43.468 20026 20042 I chatty  : uid=10203(symlab.cloudridar.arhud) FinalizerDaemon identical 25 lines
11-26 14:07:43.468 20026 20042 W System  : A resource failed to call close. 
11-26 14:07:44.775 20026 20042 W System  : A resource failed to call close. 
11-26 14:07:44.777 20026 20042 I chatty  : uid=10203(symlab.cloudridar.arhud) FinalizerDaemon identical 27 lines
11-26 14:07:44.777 20026 20042 W System  : A resource failed to call close. 
11-26 14:07:45.318 20026 20063 D Evaluation: 1 res for frame 70 received at 1574770065318
11-26 14:07:45.352 20026 20063 D Evaluation: 1 res for frame 71 received at 1574770065352
11-26 14:07:45.404 20026 20063 D Evaluation: 1 res for frame 72 received at 1574770065404
11-26 14:07:45.440 20026 20063 D Evaluation: 1 res for frame 73 received at 1574770065440
11-26 14:07:45.485 20026 20063 D Evaluation: 0 res for frame 74 received at 1574770065485
11-26 14:07:45.514 20026 20063 D Evaluation: 1 res for frame 75 received at 1574770065514
11-26 14:07:45.558 20026 20063 D Evaluation: 1 res for frame 76 received at 1574770065558
11-26 14:07:45.602 20026 20063 D Evaluation: 1 res for frame 77 received at 1574770065601
11-26 14:07:45.646 20026 20063 D Evaluation: 1 res for frame 78 received at 1574770065646
11-26 14:07:45.865 20026 20042 W System  : A resource failed to call close. 
11-26 14:07:45.866 20026 20042 I chatty  : uid=10203(symlab.cloudridar.arhud) FinalizerDaemon identical 2 lines
11-26 14:07:45.866 20026 20042 W System  : A resource failed to call close. 
11-26 14:07:45.866 20026 20042 W System  : A resource failed to call close. 
11-26 14:07:45.868 20026 20042 I chatty  : uid=10203(symlab.cloudridar.arhud) FinalizerDaemon identical 31 lines
11-26 14:07:45.869 20026 20042 W System  : A resource failed to call close. 
11-26 14:07:46.919 20026 20042 W System  : A resource failed to call close. 
11-26 14:07:46.922 20026 20042 I chatty  : uid=10203(symlab.cloudridar.arhud) FinalizerDaemon identical 24 lines
11-26 14:07:46.922 20026 20042 W System  : A resource failed to call close. 
11-26 14:07:47.358 20026 20063 D Evaluation: 2 res for frame 121 received at 1574770067358
11-26 14:07:47.443 20026 20063 D Evaluation: 2 res for frame 122 received at 1574770067443
11-26 14:07:47.469 20026 20063 D Evaluation: 1 res for frame 123 received at 1574770067469
11-26 14:07:47.507 20026 20063 D Evaluation: 2 res for frame 125 received at 1574770067507
11-26 14:07:47.535 20026 20063 D Evaluation: 1 res for frame 125 received at 1574770067535
11-26 14:07:47.583 20026 20063 D Evaluation: 1 res for frame 126 received at 1574770067583
11-26 14:07:47.688 20026 20063 D Evaluation: 1 res for frame 127 received at 1574770067688
11-26 14:07:47.726 20026 20063 D Evaluation: 1 res for frame 128 received at 1574770067726
11-26 14:07:47.754 20026 20063 D Evaluation: 1 res for frame 130 received at 1574770067754
11-26 14:07:47.787 20026 20063 D Evaluation: 1 res for frame 131 received at 1574770067787
11-26 14:07:47.847 20026 20063 D Evaluation: 2 res for frame 131 received at 1574770067847
11-26 14:07:47.879 20026 20063 D Evaluation: 2 res for frame 132 received at 1574770067879
11-26 14:07:47.929 20026 20042 W System  : A resource failed to call close. 
11-26 14:07:47.929 20026 20063 D Evaluation: 2 res for frame 133 received at 1574770067929
11-26 14:07:47.929 20026 20042 W System  : A resource failed to call close. 
11-26 14:07:47.931 20026 20042 I chatty  : uid=10203(symlab.cloudridar.arhud) FinalizerDaemon identical 34 lines
11-26 14:07:47.932 20026 20042 W System  : A resource failed to call close. 
11-26 14:07:47.953 20026 20063 D Evaluation: 2 res for frame 134 received at 1574770067953
11-26 14:07:48.003 20026 20063 D Evaluation: 2 res for frame 135 received at 1574770068003
11-26 14:07:48.088 20026 20063 D Evaluation: 2 res for frame 136 received at 1574770068088
11-26 14:07:48.117 20026 20063 D Evaluation: 2 res for frame 137 received at 1574770068117
11-26 14:07:48.170 20026 20063 D Evaluation: 2 res for frame 138 received at 1574770068170
11-26 14:07:48.209 20026 20063 D Evaluation: 1 res for frame 139 received at 1574770068209
11-26 14:07:48.242 20026 20063 D Evaluation: 0 res for frame 140 received at 1574770068242
11-26 14:07:48.326 20026 20063 D Evaluation: 2 res for frame 142 received at 1574770068326
11-26 14:07:48.351 20026 20063 D Evaluation: 0 res for frame 142 received at 1574770068351
11-26 14:07:48.884 20026 20042 W System  : A resource failed to call close. 
11-26 14:07:48.886 20026 20042 I chatty  : uid=10203(symlab.cloudridar.arhud) FinalizerDaemon identical 30 lines
11-26 14:07:48.886 20026 20042 W System  : A resource failed to call close. 
11-26 14:07:49.434 20026 20063 D Evaluation: 0 res for frame 170 received at 1574770069434
11-26 14:07:49.502 20026 20063 D Evaluation: 1 res for frame 170 received at 1574770069502
11-26 14:07:49.538 20026 20063 D Evaluation: 0 res for frame 171 received at 1574770069538
11-26 14:07:49.564 20026 20063 D Evaluation: 1 res for frame 172 received at 1574770069564
11-26 14:07:49.589 20026 20063 D Evaluation: 1 res for frame 174 received at 1574770069589
11-26 14:07:49.628 20026 20063 D Evaluation: 2 res for frame 175 received at 1574770069628
11-26 14:07:49.806 20026 20063 D Evaluation: 1 res for frame 175 received at 1574770069806
11-26 14:07:49.843 20026 20063 D Evaluation: 1 res for frame 176 received at 1574770069843
11-26 14:07:49.878 20026 20063 D Evaluation: 0 res for frame 178 received at 1574770069878
11-26 14:07:49.906 20026 20063 D Evaluation: 2 res for frame 179 received at 1574770069906
11-26 14:07:49.932 20026 20063 D Evaluation: 2 res for frame 180 received at 1574770069932
11-26 14:07:49.942 20026 20042 W System  : A resource failed to call close. 
11-26 14:07:49.943 20026 20042 I chatty  : uid=10203(symlab.cloudridar.arhud) FinalizerDaemon identical 11 lines
11-26 14:07:49.943 20026 20042 W System  : A resource failed to call close. 
11-26 14:07:49.943 20026 20042 W System  : A resource failed to call close. 
11-26 14:07:49.944 20026 20042 I chatty  : uid=10203(symlab.cloudridar.arhud) FinalizerDaemon identical 18 lines
11-26 14:07:49.944 20026 20042 W System  : A resource failed to call close. 
11-26 14:07:49.956 20026 20063 D Evaluation: 1 res for frame 181 received at 1574770069956
11-26 14:07:50.009 20026 20063 D Evaluation: 1 res for frame 182 received at 1574770070009
11-26 14:07:50.100 20026 20063 D Evaluation: 1 res for frame 182 received at 1574770070100
11-26 14:07:50.135 20026 20063 D Evaluation: 2 res for frame 183 received at 1574770070135
11-26 14:07:50.170 20026 20063 D Evaluation: 1 res for frame 185 received at 1574770070170
11-26 14:07:50.206 20026 20063 D Evaluation: 2 res for frame 186 received at 1574770070206
11-26 14:07:50.240 20026 20063 D Evaluation: 2 res for frame 186 received at 1574770070240
11-26 14:07:50.339 20026 20063 D Evaluation: 2 res for frame 187 received at 1574770070339
11-26 14:07:50.372 20026 20063 D Evaluation: 2 res for frame 188 received at 1574770070372
11-26 14:07:50.443 20026 20063 D Evaluation: 2 res for frame 190 received at 1574770070443
11-26 14:07:50.477 20026 20063 D Evaluation: 2 res for frame 191 received at 1574770070477
11-26 14:07:50.588 20026 20063 D Evaluation: 2 res for frame 191 received at 1574770070588
11-26 14:07:50.616 20026 20063 D Evaluation: 2 res for frame 192 received at 1574770070616
11-26 14:07:50.640 20026 20063 D Evaluation: 2 res for frame 193 received at 1574770070640
11-26 14:07:50.692 20026 20063 D Evaluation: 2 res for frame 195 received at 1574770070691
11-26 14:07:50.720 20026 20063 D Evaluation: 2 res for frame 196 received at 1574770070720
11-26 14:07:50.811 20026 20063 D Evaluation: 2 res for frame 196 received at 1574770070811
11-26 14:07:50.840 20026 20063 D Evaluation: 2 res for frame 197 received at 1574770070840
11-26 14:07:50.965 20026 20063 D Evaluation: 2 res for frame 198 received at 1574770070965
11-26 14:07:51.007 20026 20063 D Evaluation: 0 res for frame 199 received at 1574770071006
11-26 14:07:51.038 20026 20063 D Evaluation: 0 res for frame 200 received at 1574770071038
11-26 14:07:51.063 20026 20063 D Evaluation: 0 res for frame 202 received at 1574770071063
11-26 14:07:51.072 20026 20042 W System  : A resource failed to call close. 
11-26 14:07:51.075 20026 20042 I chatty  : uid=10203(symlab.cloudridar.arhud) FinalizerDaemon identical 43 lines
11-26 14:07:51.075 20026 20042 W System  : A resource failed to call close. 
11-26 14:07:51.087 20026 20063 D Evaluation: 0 res for frame 203 received at 1574770071087
11-26 14:07:51.171 20026 20063 D Evaluation: 0 res for frame 204 received at 1574770071171
11-26 14:07:51.211 20026 20063 D Evaluation: 0 res for frame 205 received at 1574770071211
11-26 14:07:51.244 20026 20063 D Evaluation: 0 res for frame 205 received at 1574770071244
11-26 14:07:51.472 20026 20063 D Evaluation: 0 res for frame 214 received at 1574770071472
11-26 14:07:51.500 20026 20063 D Evaluation: 1 res for frame 215 received at 1574770071500
11-26 14:07:51.597 20026 20063 D Evaluation: 1 res for frame 216 received at 1574770071597
11-26 14:07:51.628 20026 20063 D Evaluation: 1 res for frame 217 received at 1574770071628
11-26 14:07:51.657 20026 20063 D Evaluation: 0 res for frame 218 received at 1574770071657
11-26 14:07:51.683 20026 20063 D Evaluation: 0 res for frame 220 received at 1574770071683
11-26 14:07:51.715 20026 20063 D Evaluation: 2 res for frame 221 received at 1574770071715
11-26 14:07:51.741 20026 20063 D Evaluation: 2 res for frame 221 received at 1574770071741
11-26 14:07:51.787 20026 20063 D Evaluation: 1 res for frame 223 received at 1574770071787
11-26 14:07:51.865 20026 20063 D Evaluation: 2 res for frame 223 received at 1574770071865
11-26 14:07:51.937 20026 20063 D Evaluation: 2 res for frame 224 received at 1574770071937
11-26 14:07:51.999 20026 20063 D Evaluation: 4 res for frame 225 received at 1574770071999
11-26 14:07:52.039 20026 20063 D Evaluation: 1 res for frame 226 received at 1574770072039
11-26 14:07:52.055 20026 20042 W System  : A resource failed to call close. 
11-26 14:07:52.058 20026 20042 I chatty  : uid=10203(symlab.cloudridar.arhud) FinalizerDaemon identical 35 lines
11-26 14:07:52.058 20026 20042 W System  : A resource failed to call close. 
11-26 14:07:52.058 20026 20042 W System  : A resource failed to call close. 
11-26 14:07:52.059 20026 20042 I chatty  : uid=10203(symlab.cloudridar.arhud) FinalizerDaemon identical 4 lines
11-26 14:07:52.059 20026 20042 W System  : A resource failed to call close. 
11-26 14:07:52.072 20026 20063 D Evaluation: 4 res for frame 228 received at 1574770072072
11-26 14:07:52.099 20026 20063 D Evaluation: 4 res for frame 229 received at 1574770072099
11-26 14:07:52.124 20026 20063 D Evaluation: 3 res for frame 230 received at 1574770072124
11-26 14:07:52.186 20026 20063 D Evaluation: 3 res for frame 231 received at 1574770072186
11-26 14:07:52.221 20026 20063 D Evaluation: 3 res for frame 231 received at 1574770072221
11-26 14:07:52.256 20026 20063 D Evaluation: 4 res for frame 232 received at 1574770072256
11-26 14:07:52.337 20026 20063 D Evaluation: 4 res for frame 233 received at 1574770072337
11-26 14:07:52.510 20026 20063 D Evaluation: 4 res for frame 234 received at 1574770072510
11-26 14:07:52.550 20026 20063 D Evaluation: 3 res for frame 235 received at 1574770072550
11-26 14:07:52.582 20026 20063 D Evaluation: 3 res for frame 238 received at 1574770072582
11-26 14:07:52.605 20026 20063 D Evaluation: 4 res for frame 239 received at 1574770072605
11-26 14:07:52.627 20026 20063 D Evaluation: 4 res for frame 240 received at 1574770072627
11-26 14:07:52.649 20026 20063 D Evaluation: 4 res for frame 241 received at 1574770072649
11-26 14:07:52.831 20026 20042 W System  : A resource failed to call close. 
11-26 14:07:52.832 20026 20042 I chatty  : uid=10203(symlab.cloudridar.arhud) FinalizerDaemon identical 14 lines
11-26 14:07:52.832 20026 20042 W System  : A resource failed to call close. 
11-26 14:07:52.833 20026 20042 W System  : A resource failed to call close. 
11-26 14:07:52.833 20026 20042 I chatty  : uid=10203(symlab.cloudridar.arhud) FinalizerDaemon identical 12 lines
11-26 14:07:52.833 20026 20042 W System  : A resource failed to call close. 
11-26 14:07:53.508 20026 20063 D Evaluation: 4 res for frame 264 received at 1574770073508
11-26 14:07:53.530 20026 20063 D Evaluation: 3 res for frame 264 received at 1574770073530
11-26 14:07:53.556 20026 20063 D Evaluation: 2 res for frame 265 received at 1574770073556
11-26 14:07:53.597 20026 20063 D Evaluation: 1 res for frame 266 received at 1574770073597
11-26 14:07:53.643 20026 20063 D Evaluation: 1 res for frame 267 received at 1574770073643
11-26 14:07:53.683 20026 20063 D Evaluation: 1 res for frame 267 received at 1574770073683
11-26 14:07:53.717 20026 20063 D Evaluation: 0 res for frame 268 received at 1574770073716
11-26 14:07:53.733 20026 20042 W System  : A resource failed to call close. 
11-26 14:07:53.734 20026 20042 I chatty  : uid=10203(symlab.cloudridar.arhud) FinalizerDaemon identical 18 lines
11-26 14:07:53.734 20026 20042 W System  : A resource failed to call close. 
11-26 14:07:53.734 20026 20042 W System  : A resource failed to call close. 
11-26 14:07:53.735 20026 20042 I chatty  : uid=10203(symlab.cloudridar.arhud) FinalizerDaemon identical 9 lines
11-26 14:07:53.735 20026 20042 W System  : A resource failed to call close. 
11-26 14:07:53.741 20026 20063 D Evaluation: 0 res for frame 270 received at 1574770073741
11-26 14:07:53.764 20026 20063 D Evaluation: 0 res for frame 271 received at 1574770073764
11-26 14:07:53.806 20026 20063 D Evaluation: 0 res for frame 271 received at 1574770073806
11-26 14:07:53.849 20026 20063 D Evaluation: 0 res for frame 272 received at 1574770073849
11-26 14:07:53.888 20026 20063 D Evaluation: 0 res for frame 273 received at 1574770073888
11-26 14:07:53.913 20026 20063 D Evaluation: 0 res for frame 274 received at 1574770073913
11-26 14:07:53.944 20026 20063 D Evaluation: 0 res for frame 275 received at 1574770073944
11-26 14:07:53.973 20026 20063 D Evaluation: 2 res for frame 276 received at 1574770073973
11-26 14:07:54.004 20026 20063 D Evaluation: 2 res for frame 277 received at 1574770074004
11-26 14:07:54.088 20026 20063 D Evaluation: 1 res for frame 278 received at 1574770074088
11-26 14:07:54.118 20026 20063 D Evaluation: 0 res for frame 279 received at 1574770074118
11-26 14:07:54.162 20026 20063 D Evaluation: 0 res for frame 281 received at 1574770074162
11-26 14:07:54.191 20026 20063 D Evaluation: 0 res for frame 281 received at 1574770074191
11-26 14:07:54.233 20026 20063 D Evaluation: 0 res for frame 283 received at 1574770074233
11-26 14:07:54.263 20026 20063 D Evaluation: 0 res for frame 283 received at 1574770074263
11-26 14:07:54.287 20026 20063 D Evaluation: 0 res for frame 284 received at 1574770074287
11-26 14:07:54.352 20026 20063 D Evaluation: 0 res for frame 286 received at 1574770074352
11-26 14:07:54.394 20026 20063 D Evaluation: 0 res for frame 286 received at 1574770074394
11-26 14:07:54.420 20026 20063 D Evaluation: 0 res for frame 287 received at 1574770074420
11-26 14:07:54.487 20026 20063 D Evaluation: 0 res for frame 288 received at 1574770074487
11-26 14:07:54.523 20026 20063 D Evaluation: 0 res for frame 289 received at 1574770074523
11-26 14:07:54.552 20026 20063 D Evaluation: 0 res for frame 290 received at 1574770074552
11-26 14:07:54.673 20026 20063 D Evaluation: 0 res for frame 291 received at 1574770074673
11-26 14:07:54.705 20026 20063 D Evaluation: 0 res for frame 292 received at 1574770074705
11-26 14:07:54.751 20026 20042 W System  : A resource failed to call close. 
11-26 14:07:54.756 20026 20042 I chatty  : uid=10203(symlab.cloudridar.arhud) FinalizerDaemon identical 48 lines
11-26 14:07:54.756 20026 20042 W System  : A resource failed to call close. 
11-26 14:07:55.548 20026 20063 D Evaluation: 1 res for frame 312 received at 1574770075548
11-26 14:07:55.581 20026 20063 D Evaluation: 1 res for frame 313 received at 1574770075581
11-26 14:07:55.614 20026 20063 D Evaluation: 1 res for frame 313 received at 1574770075614
11-26 14:07:55.729 20026 20063 D Evaluation: 2 res for frame 314 received at 1574770075729
11-26 14:07:55.763 20026 20063 D Evaluation: 0 res for frame 315 received at 1574770075763
11-26 14:07:55.788 20026 20063 D Evaluation: 0 res for frame 317 received at 1574770075788
11-26 14:07:55.822 20026 20063 D Evaluation: 1 res for frame 317 received at 1574770075822
11-26 14:07:55.859 20026 20063 D Evaluation: 0 res for frame 318 received at 1574770075859
11-26 14:07:55.920 20026 20063 D Evaluation: 0 res for frame 319 received at 1574770075919
11-26 14:07:56.010 20026 20063 D Evaluation: 0 res for frame 320 received at 1574770076010
11-26 14:07:56.027 20026 20042 W System  : A resource failed to call close. 
11-26 14:07:56.031 20026 20042 I chatty  : uid=10203(symlab.cloudridar.arhud) FinalizerDaemon identical 33 lines
11-26 14:07:56.031 20026 20042 W System  : A resource failed to call close. 
11-26 14:07:56.060 20026 20063 D Evaluation: 0 res for frame 321 received at 1574770076060
11-26 14:07:56.093 20026 20063 D Evaluation: 0 res for frame 323 received at 1574770076093
11-26 14:07:56.125 20026 20063 D Evaluation: 0 res for frame 325 received at 1574770076125
11-26 14:07:56.156 20026 20063 D Evaluation: 4 res for frame 326 received at 1574770076156
11-26 14:07:56.182 20026 20063 D Evaluation: 5 res for frame 326 received at 1574770076182
11-26 14:07:56.273 20026 20063 D Evaluation: 5 res for frame 327 received at 1574770076273
11-26 14:07:56.304 20026 20063 D Evaluation: 5 res for frame 327 received at 1574770076304
11-26 14:07:56.353 20026 20063 D Evaluation: 3 res for frame 329 received at 1574770076353
11-26 14:07:56.388 20026 20063 D Evaluation: 2 res for frame 330 received at 1574770076388
11-26 14:07:56.414 20026 20063 D Evaluation: 4 res for frame 331 received at 1574770076414
11-26 14:07:56.445 20026 20063 D Evaluation: 4 res for frame 331 received at 1574770076445
11-26 14:07:56.469 20026 20063 D Evaluation: 1 res for frame 332 received at 1574770076469
11-26 14:07:56.507 20026 20063 D Evaluation: 2 res for frame 333 received at 1574770076507
11-26 14:07:56.562 20026 20063 D Evaluation: 2 res for frame 334 received at 1574770076561
11-26 14:07:56.621 20026 20063 D Evaluation: 1 res for frame 335 received at 1574770076621
11-26 14:07:56.653 20026 20063 D Evaluation: 1 res for frame 336 received at 1574770076653
11-26 14:07:56.678 20026 20063 D Evaluation: 0 res for frame 337 received at 1574770076678
11-26 14:07:56.722 20026 20063 D Evaluation: 0 res for frame 338 received at 1574770076722
11-26 14:07:56.752 20026 20063 D Evaluation: 1 res for frame 340 received at 1574770076752
11-26 14:07:56.834 20026 20063 D Evaluation: 0 res for frame 340 received at 1574770076834
11-26 14:07:56.933 20026 20042 W System  : A resource failed to call close. 
11-26 14:07:56.937 20026 20042 I chatty  : uid=10203(symlab.cloudridar.arhud) FinalizerDaemon identical 43 lines
11-26 14:07:56.937 20026 20042 W System  : A resource failed to call close. 
11-26 14:07:57.672 20026 20063 D Evaluation: 0 res for frame 360 received at 1574770077672
11-26 14:07:57.709 20026 20063 D Evaluation: 0 res for frame 361 received at 1574770077709
11-26 14:07:57.740 20026 20063 D Evaluation: 0 res for frame 363 received at 1574770077740
11-26 14:07:57.768 20026 20063 D Evaluation: 0 res for frame 364 received at 1574770077768
11-26 14:07:57.791 20026 20063 D Evaluation: 0 res for frame 365 received at 1574770077791
11-26 14:07:57.936 20026 20063 D Evaluation: 0 res for frame 366 received at 1574770077936
11-26 14:07:57.997 20026 20063 D Evaluation: 0 res for frame 366 received at 1574770077996
11-26 14:07:58.038 20026 20063 D Evaluation: 0 res for frame 367 received at 1574770078038
11-26 14:07:58.069 20026 20063 D Evaluation: 0 res for frame 368 received at 1574770078069
11-26 14:07:58.101 20026 20063 D Evaluation: 0 res for frame 369 received at 1574770078101
11-26 14:07:58.135 20026 20063 D Evaluation: 0 res for frame 370 received at 1574770078135
11-26 14:07:58.180 20026 20063 D Evaluation: 0 res for frame 371 received at 1574770078180
11-26 14:07:58.212 20026 20063 D Evaluation: 0 res for frame 372 received at 1574770078212
11-26 14:07:58.237 20026 20063 D Evaluation: 0 res for frame 373 received at 1574770078237
11-26 14:07:58.272 20026 20063 D Evaluation: 0 res for frame 374 received at 1574770078272
11-26 14:07:58.299 20026 20063 D Evaluation: 0 res for frame 375 received at 1574770078299
11-26 14:07:58.334 20026 20063 D Evaluation: 0 res for frame 376 received at 1574770078334
11-26 14:07:58.342 20026 20042 W System  : A resource failed to call close. 
11-26 14:07:58.343 20026 20042 I chatty  : uid=10203(symlab.cloudridar.arhud) FinalizerDaemon identical 14 lines
11-26 14:07:58.343 20026 20042 W System  : A resource failed to call close. 
11-26 14:07:58.343 20026 20042 W System  : A resource failed to call close. 
11-26 14:07:58.344 20026 20042 I chatty  : uid=10203(symlab.cloudridar.arhud) FinalizerDaemon identical 1 line
11-26 14:07:58.344 20026 20042 W System  : A resource failed to call close. 
11-26 14:07:58.344 20026 20042 W System  : A resource failed to call close. 
11-26 14:07:58.347 20026 20042 W System  : A resource failed to call close. 
11-26 14:07:58.347 20026 20042 W System  : A resource failed to call close. 
11-26 14:07:58.348 20026 20042 I chatty  : uid=10203(symlab.cloudridar.arhud) FinalizerDaemon identical 14 lines
11-26 14:07:58.348 20026 20042 W System  : A resource failed to call close. 
11-26 14:07:58.348 20026 20042 W System  : A resource failed to call close. 
11-26 14:07:58.354 20026 20042 I chatty  : uid=10203(symlab.cloudridar.arhud) FinalizerDaemon identical 9 lines
11-26 14:07:58.354 20026 20042 W System  : A resource failed to call close. 
11-26 14:07:58.372 20026 20063 D Evaluation: 0 res for frame 377 received at 1574770078372
11-26 14:07:58.418 20026 20063 D Evaluation: 0 res for frame 378 received at 1574770078418
11-26 14:07:58.448 20026 20063 D Evaluation: 0 res for frame 379 received at 1574770078448
11-26 14:07:58.469 20026 20063 D Evaluation: 0 res for frame 381 received at 1574770078469
11-26 14:07:58.526 20026 20063 D Evaluation: 0 res for frame 381 received at 1574770078526
11-26 14:07:58.561 20026 20063 D Evaluation: 0 res for frame 382 received at 1574770078561
11-26 14:07:58.620 20026 20063 D Evaluation: 0 res for frame 384 received at 1574770078620
11-26 14:07:58.652 20026 20063 D Evaluation: 0 res for frame 384 received at 1574770078652
11-26 14:07:58.722 20026 20063 D Evaluation: 0 res for frame 386 received at 1574770078721
11-26 14:07:58.756 20026 20063 D Evaluation: 0 res for frame 386 received at 1574770078756
11-26 14:07:58.787 20026 20063 D Evaluation: 1 res for frame 387 received at 1574770078787
11-26 14:07:58.813 20026 20063 D Evaluation: 2 res for frame 389 received at 1574770078813
11-26 14:07:58.858 20026 20063 D Evaluation: 2 res for frame 389 received at 1574770078858
11-26 14:07:58.894 20026 20063 D Evaluation: 2 res for frame 390 received at 1574770078894
11-26 14:07:58.925 20026 20063 D Evaluation: 2 res for frame 391 received at 1574770078925
11-26 14:07:58.950 20026 20063 D Evaluation: 4 res for frame 393 received at 1574770078950
11-26 14:07:59.044 20026 20063 D Evaluation: 3 res for frame 394 received at 1574770079044
11-26 14:07:59.079 20026 20063 D Evaluation: 2 res for frame 394 received at 1574770079079
11-26 14:07:59.301 20026 20042 W System  : A resource failed to call close. 
11-26 14:07:59.304 20026 20042 I chatty  : uid=10203(symlab.cloudridar.arhud) FinalizerDaemon identical 42 lines
11-26 14:07:59.304 20026 20042 W System  : A resource failed to call close. 
11-26 14:07:59.791 20026 20063 D Evaluation: 2 res for frame 411 received at 1574770079791
11-26 14:07:59.871 20026 20063 D Evaluation: 2 res for frame 412 received at 1574770079871
11-26 14:07:59.901 20026 20063 D Evaluation: 1 res for frame 414 received at 1574770079901
11-26 14:07:59.931 20026 20063 D Evaluation: 1 res for frame 415 received at 1574770079931
11-26 14:07:59.956 20026 20063 D Evaluation: 0 res for frame 416 received at 1574770079956
11-26 14:08:00.076 20026 20063 D Evaluation: 0 res for frame 417 received at 1574770080076
11-26 14:08:00.119 20026 20063 D Evaluation: 0 res for frame 417 received at 1574770080119
11-26 14:08:00.152 20026 20063 D Evaluation: 0 res for frame 418 received at 1574770080151
11-26 14:08:00.183 20026 20063 D Evaluation: 0 res for frame 420 received at 1574770080183
11-26 14:08:00.217 20026 20063 D Evaluation: 0 res for frame 421 received at 1574770080217
11-26 14:08:00.253 20026 20063 D Evaluation: 0 res for frame 421 received at 1574770080253
11-26 14:08:00.287 20026 20063 D Evaluation: 0 res for frame 422 received at 1574770080287
11-26 14:08:00.318 20026 20063 D Evaluation: 0 res for frame 423 received at 1574770080318
11-26 14:08:00.346 20026 20063 D Evaluation: 0 res for frame 424 received at 1574770080346
11-26 14:08:00.356 20026 20042 W System  : A resource failed to call close. 
11-26 14:08:00.359 20026 20042 I chatty  : uid=10203(symlab.cloudridar.arhud) FinalizerDaemon identical 34 lines
11-26 14:08:00.359 20026 20042 W System  : A resource failed to call close. 
11-26 14:08:00.519 20026 20063 D Evaluation: 0 res for frame 426 received at 1574770080519
11-26 14:08:00.549 20026 20063 D Evaluation: 0 res for frame 426 received at 1574770080549
11-26 14:08:00.584 20026 20063 D Evaluation: 0 res for frame 427 received at 1574770080584
11-26 14:08:00.611 20026 20063 D Evaluation: 0 res for frame 428 received at 1574770080611
11-26 14:08:00.669 20026 20063 D Evaluation: 0 res for frame 429 received at 1574770080669
11-26 14:08:00.706 20026 20063 D Evaluation: 0 res for frame 430 received at 1574770080706
11-26 14:08:00.735 20026 20063 D Evaluation: 0 res for frame 432 received at 1574770080735
11-26 14:08:00.900 20026 20063 D Evaluation: 0 res for frame 433 received at 1574770080900
11-26 14:08:00.955 20026 20063 D Evaluation: 0 res for frame 433 received at 1574770080955
11-26 14:08:00.993 20026 20063 D Evaluation: 0 res for frame 436 received at 1574770080993
11-26 14:08:01.828 20026 20042 W System  : A resource failed to call close. 
11-26 14:08:01.828 20026 20042 I chatty  : uid=10203(symlab.cloudridar.arhud) FinalizerDaemon identical 4 lines
11-26 14:08:01.828 20026 20042 W System  : A resource failed to call close. 
11-26 14:08:01.828 20026 20042 W System  : A resource failed to call close. 
11-26 14:08:01.830 20026 20042 I chatty  : uid=10203(symlab.cloudridar.arhud) FinalizerDaemon identical 30 lines
11-26 14:08:01.830 20026 20042 W System  : A resource failed to call close. 
11-26 14:08:01.833 20026 20063 D Evaluation: 3 res for frame 453 received at 1574770081833
11-26 14:08:01.859 20026 20063 D Evaluation: 2 res for frame 454 received at 1574770081859
11-26 14:08:01.924 20026 20063 D Evaluation: 5 res for frame 455 received at 1574770081924
11-26 14:08:02.046 20026 20063 D Evaluation: 3 res for frame 455 received at 1574770082046
11-26 14:08:02.085 20026 20063 D Evaluation: 3 res for frame 456 received at 1574770082085
11-26 14:08:02.116 20026 20063 D Evaluation: 2 res for frame 457 received at 1574770082116
11-26 14:08:02.143 20026 20063 D Evaluation: 5 res for frame 459 received at 1574770082143
11-26 14:08:02.167 20026 20063 D Evaluation: 3 res for frame 461 received at 1574770082167
11-26 14:08:02.190 20026 20063 D Evaluation: 3 res for frame 461 received at 1574770082190
11-26 14:08:02.214 20026 20063 D Evaluation: 3 res for frame 462 received at 1574770082214
11-26 14:08:02.237 20026 20063 D Evaluation: 5 res for frame 463 received at 1574770082237
11-26 14:08:02.290 20026 20063 D Evaluation: 5 res for frame 464 received at 1574770082290
11-26 14:08:02.321 20026 20063 D Evaluation: 3 res for frame 464 received at 1574770082321
11-26 14:08:02.553 20026 20042 W System  : A resource failed to call close. 
11-26 14:08:02.553 20026 20042 W System  : A resource failed to call close. 
11-26 14:08:02.557 20026 20042 I chatty  : uid=10203(symlab.cloudridar.arhud) FinalizerDaemon identical 29 lines
11-26 14:08:02.557 20026 20042 W System  : A resource failed to call close. 
11-26 14:08:03.439 20026 20042 W System  : A resource failed to call close. 
11-26 14:08:03.441 20026 20042 I chatty  : uid=10203(symlab.cloudridar.arhud) FinalizerDaemon identical 13 lines
11-26 14:08:03.441 20026 20042 W System  : A resource failed to call close. 
11-26 14:08:03.441 20026 20042 W System  : A resource failed to call close. 
11-26 14:08:03.441 20026 20042 I chatty  : uid=10203(symlab.cloudridar.arhud) FinalizerDaemon identical 2 lines
11-26 14:08:03.441 20026 20042 W System  : A resource failed to call close. 
11-26 14:08:03.781 20026 20063 D Evaluation: 2 res for frame 499 received at 1574770083781
11-26 14:08:03.817 20026 20063 D Evaluation: 3 res for frame 500 received at 1574770083817
11-26 14:08:03.846 20026 20063 D Evaluation: 2 res for frame 501 received at 1574770083846
11-26 14:08:03.891 20026 20063 D Evaluation: 4 res for frame 503 received at 1574770083891
11-26 14:08:03.925 20026 20063 D Evaluation: 4 res for frame 503 received at 1574770083925
11-26 14:08:03.952 20026 20063 D Evaluation: 4 res for frame 505 received at 1574770083952
11-26 14:08:03.978 20026 20063 D Evaluation: 5 res for frame 506 received at 1574770083978
11-26 14:08:04.001 20026 20063 D Evaluation: 3 res for frame 507 received at 1574770084001
11-26 14:08:04.125 20026 20063 D Evaluation: 3 res for frame 508 received at 1574770084125
11-26 14:08:04.160 20026 20063 D Evaluation: 5 res for frame 508 received at 1574770084160
11-26 14:08:04.180 20026 20042 W System  : A resource failed to call close. 
11-26 14:08:04.182 20026 20042 I chatty  : uid=10203(symlab.cloudridar.arhud) FinalizerDaemon identical 26 lines
11-26 14:08:04.182 20026 20042 W System  : A resource failed to call close. 
11-26 14:08:05.089 20026 20042 W System  : A resource failed to call close. 
11-26 14:08:05.089 20026 20042 W System  : A resource failed to call close. 
11-26 14:08:05.089 20026 20042 W System  : A resource failed to call close. 
11-26 14:08:05.090 20026 20042 I chatty  : uid=10203(symlab.cloudridar.arhud) FinalizerDaemon identical 17 lines
11-26 14:08:05.090 20026 20042 W System  : A resource failed to call close. 
11-26 14:08:05.799 20026 20063 D Evaluation: 4 res for frame 544 received at 1574770085799
11-26 14:08:05.922 20026 20063 D Evaluation: 3 res for frame 545 received at 1574770085922
11-26 14:08:06.021 20026 20063 D Evaluation: 4 res for frame 545 received at 1574770086020
11-26 14:08:06.058 20026 20063 D Evaluation: 3 res for frame 546 received at 1574770086058
11-26 14:08:06.071 20026 20042 W System  : A resource failed to call close. 
11-26 14:08:06.073 20026 20042 I chatty  : uid=10203(symlab.cloudridar.arhud) FinalizerDaemon identical 19 lines
11-26 14:08:06.073 20026 20042 W System  : A resource failed to call close. 
11-26 14:08:06.087 20026 20063 D Evaluation: 3 res for frame 548 received at 1574770086087
11-26 14:08:06.114 20026 20063 D Evaluation: 5 res for frame 550 received at 1574770086114
11-26 14:08:06.139 20026 20063 D Evaluation: 4 res for frame 550 received at 1574770086139
11-26 14:08:06.164 20026 20063 D Evaluation: 4 res for frame 551 received at 1574770086163
11-26 14:08:06.187 20026 20063 D Evaluation: 5 res for frame 552 received at 1574770086186
11-26 14:08:06.255 20026 20063 D Evaluation: 5 res for frame 553 received at 1574770086255
11-26 14:08:06.284 20026 20063 D Evaluation: 5 res for frame 553 received at 1574770086284
11-26 14:08:06.311 20026 20063 D Evaluation: 3 res for frame 555 received at 1574770086311
11-26 14:08:06.355 20026 20063 D Evaluation: 5 res for frame 556 received at 1574770086355
11-26 14:08:06.379 20026 20063 D Evaluation: 5 res for frame 556 received at 1574770086379
11-26 14:08:06.466 20026 20063 D Evaluation: 5 res for frame 557 received at 1574770086466
11-26 14:08:06.498 20026 20063 D Evaluation: 4 res for frame 558 received at 1574770086498
11-26 14:08:06.595 20026 20063 D Evaluation: 4 res for frame 559 received at 1574770086595
11-26 14:08:06.635 20026 20063 D Evaluation: 4 res for frame 561 received at 1574770086635
11-26 14:08:06.662 20026 20063 D Evaluation: 4 res for frame 561 received at 1574770086662
11-26 14:08:06.707 20026 20063 D Evaluation: 4 res for frame 562 received at 1574770086707
11-26 14:08:06.751 20026 20063 D Evaluation: 5 res for frame 564 received at 1574770086751
11-26 14:08:06.753 20026 20042 W System  : A resource failed to call close. 
11-26 14:08:06.756 20026 20042 I chatty  : uid=10203(symlab.cloudridar.arhud) FinalizerDaemon identical 33 lines
11-26 14:08:06.756 20026 20042 W System  : A resource failed to call close. 
11-26 14:08:07.692 20026 20042 W System  : A resource failed to call close. 
11-26 14:08:07.694 20026 20042 I chatty  : uid=10203(symlab.cloudridar.arhud) FinalizerDaemon identical 18 lines
11-26 14:08:07.694 20026 20042 W System  : A resource failed to call close. 
11-26 14:08:07.832 20026 20063 D Evaluation: 5 res for frame 590 received at 1574770087832
11-26 14:08:07.923 20026 20063 D Evaluation: 5 res for frame 590 received at 1574770087923
11-26 14:08:07.956 20026 20063 D Evaluation: 3 res for frame 591 received at 1574770087956
11-26 14:08:08.014 20026 20063 D Evaluation: 4 res for frame 592 received at 1574770088014
11-26 14:08:08.049 20026 20063 D Evaluation: 5 res for frame 594 received at 1574770088049
11-26 14:08:08.077 20026 20063 D Evaluation: 5 res for frame 594 received at 1574770088077
11-26 14:08:08.156 20026 20063 D Evaluation: 5 res for frame 595 received at 1574770088156
11-26 14:08:08.287 20026 20063 D Evaluation: 5 res for frame 597 received at 1574770088287
11-26 14:08:08.328 20026 20063 D Evaluation: 5 res for frame 597 received at 1574770088328
11-26 14:08:08.362 20026 20063 D Evaluation: 5 res for frame 598 received at 1574770088362
11-26 14:08:08.393 20026 20063 D Evaluation: 5 res for frame 600 received at 1574770088393
11-26 14:08:08.446 20026 20063 D Evaluation: 5 res for frame 601 received at 1574770088446
11-26 14:08:08.481 20026 20042 W System  : A resource failed to call close. 
11-26 14:08:08.483 20026 20042 I chatty  : uid=10203(symlab.cloudridar.arhud) FinalizerDaemon identical 27 lines
11-26 14:08:08.483 20026 20042 W System  : A resource failed to call close. 
11-26 14:08:08.485 20026 20063 D Evaluation: 5 res for frame 602 received at 1574770088485
11-26 14:08:08.517 20026 20063 D Evaluation: 5 res for frame 602 received at 1574770088517
11-26 14:08:08.546 20026 20063 D Evaluation: 5 res for frame 603 received at 1574770088546
11-26 14:08:08.580 20026 20063 D Evaluation: 5 res for frame 604 received at 1574770088580
11-26 14:08:08.635 20026 20063 D Evaluation: 5 res for frame 606 received at 1574770088635
11-26 14:08:09.494 20026 20042 W System  : A resource failed to call close. 
11-26 14:08:09.496 20026 20042 I chatty  : uid=10203(symlab.cloudridar.arhud) FinalizerDaemon identical 26 lines
11-26 14:08:09.496 20026 20042 W System  : A resource failed to call close. 
11-26 14:08:09.924 20026 20063 D Evaluation: 5 res for frame 637 received at 1574770089924
11-26 14:08:10.033 20026 20063 D Evaluation: 3 res for frame 638 received at 1574770090033
11-26 14:08:10.115 20026 20063 D Evaluation: 3 res for frame 640 received at 1574770090115
11-26 14:08:10.145 20026 20063 D Evaluation: 3 res for frame 640 received at 1574770090145
11-26 14:08:10.181 20026 20063 W System.err: java.net.SocketException: Message too long
11-26 14:08:10.182 20026 20063 W System.err: 	at sun.nio.ch.DatagramChannelImpl.send0(Native Method)
11-26 14:08:10.182 20026 20063 W System.err: 	at sun.nio.ch.DatagramChannelImpl.sendFromNativeBuffer(DatagramChannelImpl.java:573)
11-26 14:08:10.182 20026 20063 W System.err: 	at sun.nio.ch.DatagramChannelImpl.send(DatagramChannelImpl.java:550)
11-26 14:08:10.182 20026 20063 W System.err: 	at sun.nio.ch.DatagramChannelImpl.send(DatagramChannelImpl.java:514)
11-26 14:08:10.182 20026 20063 W System.err: 	at symlab.CloudAR.network.TransmissionTask.run(TransmissionTask.java:133)
11-26 14:08:10.182 20026 20063 W System.err: 	at android.os.Handler.handleCallback(Handler.java:874)
11-26 14:08:10.182 20026 20063 W System.err: 	at android.os.Handler.dispatchMessage(Handler.java:100)
11-26 14:08:10.182 20026 20063 W System.err: 	at android.os.Looper.loop(Looper.java:198)
11-26 14:08:10.183 20026 20063 W System.err: 	at android.os.HandlerThread.run(HandlerThread.java:65)
11-26 14:08:10.263 20026 20042 W System  : A resource failed to call close. 
11-26 14:08:10.264 20026 20042 I chatty  : uid=10203(symlab.cloudridar.arhud) FinalizerDaemon identical 21 lines
11-26 14:08:10.264 20026 20042 W System  : A resource failed to call close. 
11-26 14:08:10.271 20026 20063 W System.err: java.net.SocketException: Message too long
11-26 14:08:10.271 20026 20063 W System.err: 	at sun.nio.ch.DatagramChannelImpl.send0(Native Method)
11-26 14:08:10.271 20026 20063 W System.err: 	at sun.nio.ch.DatagramChannelImpl.sendFromNativeBuffer(DatagramChannelImpl.java:573)
11-26 14:08:10.271 20026 20063 W System.err: 	at sun.nio.ch.DatagramChannelImpl.send(DatagramChannelImpl.java:550)
11-26 14:08:10.271 20026 20063 W System.err: 	at sun.nio.ch.DatagramChannelImpl.send(DatagramChannelImpl.java:514)
11-26 14:08:10.271 20026 20063 W System.err: 	at symlab.CloudAR.network.TransmissionTask.run(TransmissionTask.java:133)
11-26 14:08:10.271 20026 20063 W System.err: 	at android.os.Handler.handleCallback(Handler.java:874)
11-26 14:08:10.271 20026 20063 W System.err: 	at android.os.Handler.dispatchMessage(Handler.java:100)
11-26 14:08:10.271 20026 20063 W System.err: 	at android.os.Looper.loop(Looper.java:198)
11-26 14:08:10.271 20026 20063 W System.err: 	at android.os.HandlerThread.run(HandlerThread.java:65)
11-26 14:08:10.519 20026 20063 W System.err: java.net.SocketException: Message too long
11-26 14:08:10.519 20026 20063 W System.err: 	at sun.nio.ch.DatagramChannelImpl.send0(Native Method)
11-26 14:08:10.519 20026 20063 W System.err: 	at sun.nio.ch.DatagramChannelImpl.sendFromNativeBuffer(DatagramChannelImpl.java:573)
11-26 14:08:10.519 20026 20063 W System.err: 	at sun.nio.ch.DatagramChannelImpl.send(DatagramChannelImpl.java:550)
11-26 14:08:10.519 20026 20063 W System.err: 	at sun.nio.ch.DatagramChannelImpl.send(DatagramChannelImpl.java:514)
11-26 14:08:10.519 20026 20063 W System.err: 	at symlab.CloudAR.network.TransmissionTask.run(TransmissionTask.java:133)
11-26 14:08:10.519 20026 20063 W System.err: 	at android.os.Handler.handleCallback(Handler.java:874)
11-26 14:08:10.519 20026 20063 W System.err: 	at android.os.Handler.dispatchMessage(Handler.java:100)
11-26 14:08:10.519 20026 20063 W System.err: 	at android.os.Looper.loop(Looper.java:198)
11-26 14:08:10.519 20026 20063 W System.err: 	at android.os.HandlerThread.run(HandlerThread.java:65)
11-26 14:08:10.757 20026 20063 W System.err: java.net.SocketException: Message too long
11-26 14:08:10.758 20026 20063 W System.err: 	at sun.nio.ch.DatagramChannelImpl.send0(Native Method)
11-26 14:08:10.758 20026 20063 W System.err: 	at sun.nio.ch.DatagramChannelImpl.sendFromNativeBuffer(DatagramChannelImpl.java:573)
11-26 14:08:10.758 20026 20063 W System.err: 	at sun.nio.ch.DatagramChannelImpl.send(DatagramChannelImpl.java:550)
11-26 14:08:10.759 20026 20063 W System.err: 	at sun.nio.ch.DatagramChannelImpl.send(DatagramChannelImpl.java:514)
11-26 14:08:10.759 20026 20063 W System.err: 	at symlab.CloudAR.network.TransmissionTask.run(TransmissionTask.java:133)
11-26 14:08:10.759 20026 20063 W System.err: 	at android.os.Handler.handleCallback(Handler.java:874)
11-26 14:08:10.759 20026 20063 W System.err: 	at android.os.Handler.dispatchMessage(Handler.java:100)
11-26 14:08:10.759 20026 20063 W System.err: 	at android.os.Looper.loop(Looper.java:198)
11-26 14:08:10.759 20026 20063 W System.err: 	at android.os.HandlerThread.run(HandlerThread.java:65)
11-26 14:08:10.851 20026 20063 W System.err: java.net.SocketException: Message too long
11-26 14:08:10.852 20026 20063 W System.err: 	at sun.nio.ch.DatagramChannelImpl.send0(Native Method)
11-26 14:08:10.852 20026 20063 W System.err: 	at sun.nio.ch.DatagramChannelImpl.sendFromNativeBuffer(DatagramChannelImpl.java:573)
11-26 14:08:10.852 20026 20063 W System.err: 	at sun.nio.ch.DatagramChannelImpl.send(DatagramChannelImpl.java:550)
11-26 14:08:10.852 20026 20063 W System.err: 	at sun.nio.ch.DatagramChannelImpl.send(DatagramChannelImpl.java:514)
11-26 14:08:10.852 20026 20063 W System.err: 	at symlab.CloudAR.network.TransmissionTask.run(TransmissionTask.java:133)
11-26 14:08:10.852 20026 20063 W System.err: 	at android.os.Handler.handleCallback(Handler.java:874)
11-26 14:08:10.852 20026 20063 W System.err: 	at android.os.Handler.dispatchMessage(Handler.java:100)
11-26 14:08:10.852 20026 20063 W System.err: 	at android.os.Looper.loop(Looper.java:198)
11-26 14:08:10.852 20026 20063 W System.err: 	at android.os.HandlerThread.run(HandlerThread.java:65)
11-26 14:08:10.917 20026 20063 W System.err: java.net.SocketException: Message too long
11-26 14:08:10.918 20026 20063 W System.err: 	at sun.nio.ch.DatagramChannelImpl.send0(Native Method)
11-26 14:08:10.918 20026 20063 W System.err: 	at sun.nio.ch.DatagramChannelImpl.sendFromNativeBuffer(DatagramChannelImpl.java:573)
11-26 14:08:10.918 20026 20063 W System.err: 	at sun.nio.ch.DatagramChannelImpl.send(DatagramChannelImpl.java:550)
11-26 14:08:10.918 20026 20063 W System.err: 	at sun.nio.ch.DatagramChannelImpl.send(DatagramChannelImpl.java:514)
11-26 14:08:10.918 20026 20063 W System.err: 	at symlab.CloudAR.network.TransmissionTask.run(TransmissionTask.java:133)
11-26 14:08:10.918 20026 20063 W System.err: 	at android.os.Handler.handleCallback(Handler.java:874)
11-26 14:08:10.918 20026 20063 W System.err: 	at android.os.Handler.dispatchMessage(Handler.java:100)
11-26 14:08:10.918 20026 20063 W System.err: 	at android.os.Looper.loop(Looper.java:198)
11-26 14:08:10.918 20026 20063 W System.err: 	at android.os.HandlerThread.run(HandlerThread.java:65)
11-26 14:08:10.943 20026 20063 W System.err: java.net.SocketException: Message too long
11-26 14:08:10.943 20026 20063 W System.err: 	at sun.nio.ch.DatagramChannelImpl.send0(Native Method)
11-26 14:08:10.943 20026 20063 W System.err: 	at sun.nio.ch.DatagramChannelImpl.sendFromNativeBuffer(DatagramChannelImpl.java:573)
11-26 14:08:10.943 20026 20063 W System.err: 	at sun.nio.ch.DatagramChannelImpl.send(DatagramChannelImpl.java:550)
11-26 14:08:10.943 20026 20063 W System.err: 	at sun.nio.ch.DatagramChannelImpl.send(DatagramChannelImpl.java:514)
11-26 14:08:10.943 20026 20063 W System.err: 	at symlab.CloudAR.network.TransmissionTask.run(TransmissionTask.java:133)
11-26 14:08:10.943 20026 20063 W System.err: 	at android.os.Handler.handleCallback(Handler.java:874)
11-26 14:08:10.944 20026 20063 W System.err: 	at android.os.Handler.dispatchMessage(Handler.java:100)
11-26 14:08:10.944 20026 20063 W System.err: 	at android.os.Looper.loop(Looper.java:198)
11-26 14:08:10.944 20026 20063 W System.err: 	at android.os.HandlerThread.run(HandlerThread.java:65)
11-26 14:08:11.068 20026 20063 W System.err: java.net.SocketException: Message too long
11-26 14:08:11.068 20026 20063 W System.err: 	at sun.nio.ch.DatagramChannelImpl.send0(Native Method)
