--------- beginning of main
11-05 11:53:50.494  9448  9474 E         : [ZeroHung]zrhung_get_config: Get config failed for wp[0x0102]
11-05 11:53:50.494  9448  9474 W ZrHung.AppEyeUiProbe: Failed to get config from zrhung
11-05 11:53:50.495  9472  9472 W logcat  : type=1400 audit(0.0:2903): avc: granted { create } for name="logcat_1572947630484.txt" scontext=u:r:untrusted_app:s0:c149,c256,c512,c768 tcontext=u:object_r:sdcardfs:s0:c149,c256,c512,c768 tclass=file
11-05 11:53:50.497  9448  9448 I MultiDex: Installing application
11-05 11:53:50.497  9448  9448 I MultiDex: VM has multidex support, MultiDex support library is disabled.
--------- beginning of system
11-05 11:53:50.500  9448  9448 V ActivityThread: callActivityOnCreate
11-05 11:53:50.500  9448  9448 I Poster  :  onCreate() called.
11-05 11:53:50.503  9448  9448 I HwApsImpl: APS: new HwApsImpl created
11-05 11:53:50.510  9448  9448 V HwWidgetFactory: : successes to get AllImpl object and return....
11-05 11:53:50.517  9448  9448 D OpenGLRenderer: Skia GL Pipeline
11-05 11:53:50.543  9448  9448 D Poster  : Server bound to IP 193.166.28.132 and port 52727
11-05 11:53:50.545  9448  9483 D Evaluation: metadata 0 sent 
11-05 11:53:50.546  9448  9448 D ActivityThread: add activity client record, r= ActivityRecord{2968de0 token=android.os.BinderProxy@406e6b {symlab.cloudridar.arhud/symlab.ARHUD.MainActivity}} token= android.os.BinderProxy@406e6b
11-05 11:53:50.548  9448  9448 I Poster  :  onStart() called.
11-05 11:53:50.549  9448  9448 D ZrHung.AppEyeUiProbe: notify runnable to start.
11-05 11:53:50.550  9448  9448 I Poster  :  onResume() called.
11-05 11:53:50.555  9448  9448 I PermissionManager: camera remind result:true
11-05 11:53:50.555  9448  9448 I Camera  : open camera: 0, package name: symlab.cloudridar.arhud
11-05 11:53:50.555  9448  9448 I BackgroundPermManager: pkgName: symlab.cloudridar.arhud,pid: 9448 ,uidOf3RdApk: 10149 ,permType: 0 ,permCfg: 1
11-05 11:53:50.556  9448  9448 I HwCameraUtil: notifySurfaceFlingerCameraStatus : isFront = false , isOpend = true
11-05 11:53:50.564  9448  9448 D ActivityThread: isOptEnabled=false isWechatScanOpt=false
11-05 11:53:50.567  9448  9448 I HwSecImmHelper: mSecurityInputMethodService is null
11-05 11:53:50.575  9448  9448 D OpenGLRenderer:   HWUI Binary is  enabled
11-05 11:53:50.596  9448  9502 D HiTouch_PressGestureDetector: onAttached, package=symlab.cloudridar.arhud, windowType=1, mHiTouchRestricted=false
11-05 11:53:50.607  9448  9501 I ConfigStore: android::hardware::configstore::V1_0::ISurfaceFlingerConfigs::hasWideColorDisplay retrieved: 0
11-05 11:53:50.607  9448  9501 I ConfigStore: android::hardware::configstore::V1_0::ISurfaceFlingerConfigs::hasHDRDisplay retrieved: 0
11-05 11:53:50.608  9448  9501 I iGraphics: [0020080c] pn: symlab.cloudridar.arhud, p: 9448
11-05 11:53:50.608  9448  9501 I OpenGLRenderer: Initialized EGL, version 1.4, mEglDisplay 0x1
11-05 11:53:50.608  9448  9501 D OpenGLRenderer: Swap behavior 2
11-05 11:53:50.617  9448  9501 D mali_winsys: EGLint new_window_surface(egl_winsys_display *, void *, EGLSurface, EGLConfig, egl_winsys_surface **, EGLBoolean) returns 0x3000
11-05 11:53:50.626  9448  9448 I Poster  :  surfaceCreated() called.
11-05 11:53:50.626  9448  9448 I Poster  : initPreview() called
11-05 11:53:50.631  9448  9448 I PermissionManager: camera remind result:true
11-05 11:53:50.635  9448  9448 I Poster  :  surfaceChanged() called.
11-05 11:53:50.652  9448  9448 W InputMethodManager: startInputReason = 1
11-05 11:53:50.665  9448  9448 W InputMethodManager: startInputReason = 5
11-05 11:53:50.822  9448  9448 D Poster  : At 1572947630822 location is 65.05944644427821 (latitude), and 25.466261344834987 (longitude)
11-05 11:53:50.903  9448  9483 D Evaluation: metadata 1 sent 
11-05 11:53:50.936  9448  9483 D Evaluation: metadata 2 sent 
11-05 11:53:50.972  9448  9483 D Evaluation: metadata 3 sent 
11-05 11:53:51.004  9448  9483 D Evaluation: metadata 4 sent 
11-05 11:53:51.037  9448  9483 D Evaluation: metadata 5 sent 
11-05 11:53:51.084  9448  9483 D Evaluation: Frame 6 sent at 1572947631084
11-05 11:53:51.113  9448  9483 D Evaluation: Frame 7 sent at 1572947631113
11-05 11:53:51.148  9448  9483 D Evaluation: Frame 8 sent at 1572947631148
11-05 11:53:51.181  9448  9483 D Evaluation: Frame 9 sent at 1572947631181
11-05 11:53:51.221  9448  9483 D Evaluation: Frame 10 sent at 1572947631221
11-05 11:53:51.222  9448  9483 D Evaluation: 0 res for frame 6 received at 1572947631222
11-05 11:53:51.251  9448  9483 D Evaluation: Frame 11 sent at 1572947631251
11-05 11:53:51.252  9448  9483 D Evaluation: 0 res for frame 7 received at 1572947631252
11-05 11:53:51.281  9448  9483 D Evaluation: Frame 12 sent at 1572947631281
11-05 11:53:51.282  9448  9483 D Evaluation: 0 res for frame 8 received at 1572947631282
11-05 11:53:51.316  9448  9483 D Evaluation: Frame 13 sent at 1572947631316
11-05 11:53:51.317  9448  9483 D Evaluation: 0 res for frame 9 received at 1572947631317
11-05 11:53:51.350  9448  9483 D Evaluation: Frame 14 sent at 1572947631350
11-05 11:53:51.351  9448  9483 D Evaluation: 0 res for frame 10 received at 1572947631351
11-05 11:53:51.385  9448  9483 D Evaluation: Frame 15 sent at 1572947631385
11-05 11:53:51.386  9448  9483 D Evaluation: 0 res for frame 11 received at 1572947631386
11-05 11:53:51.419  9448  9483 D Evaluation: Frame 16 sent at 1572947631419
11-05 11:53:51.420  9448  9483 D Evaluation: 0 res for frame 12 received at 1572947631420
11-05 11:53:51.449  9448  9483 D Evaluation: Frame 17 sent at 1572947631449
11-05 11:53:51.450  9448  9483 D Evaluation: 0 res for frame 13 received at 1572947631450
11-05 11:53:51.484  9448  9483 D Evaluation: Frame 18 sent at 1572947631484
11-05 11:53:51.485  9448  9483 D Evaluation: 0 res for frame 14 received at 1572947631485
11-05 11:53:51.516  9448  9483 D Evaluation: Frame 19 sent at 1572947631516
11-05 11:53:51.517  9448  9483 D Evaluation: 0 res for frame 15 received at 1572947631517
11-05 11:53:51.551  9448  9483 D Evaluation: Frame 20 sent at 1572947631551
11-05 11:53:51.552  9448  9483 D Evaluation: 0 res for frame 16 received at 1572947631552
11-05 11:53:51.587  9448  9483 D Evaluation: Frame 21 sent at 1572947631587
11-05 11:53:51.618  9448  9483 D Evaluation: Frame 22 sent at 1572947631618
11-05 11:53:51.619  9448  9483 D Evaluation: 0 res for frame 17 received at 1572947631619
11-05 11:53:51.654  9448  9483 D Evaluation: Frame 23 sent at 1572947631654
11-05 11:53:51.655  9448  9483 D Evaluation: 0 res for frame 18 received at 1572947631654
11-05 11:53:51.684  9448  9483 D Evaluation: Frame 24 sent at 1572947631684
11-05 11:53:51.685  9448  9483 D Evaluation: 0 res for frame 19 received at 1572947631685
11-05 11:53:51.718  9448  9483 D Evaluation: Frame 25 sent at 1572947631718
11-05 11:53:51.719  9448  9483 D Evaluation: 0 res for frame 20 received at 1572947631719
11-05 11:53:51.755  9448  9483 D Evaluation: Frame 26 sent at 1572947631755
11-05 11:53:51.755  9448  9483 D Evaluation: 0 res for frame 21 received at 1572947631755
11-05 11:53:51.785  9448  9483 D Evaluation: Frame 27 sent at 1572947631785
11-05 11:53:51.786  9448  9483 D Evaluation: 0 res for frame 22 received at 1572947631786
11-05 11:53:51.812  9448  9448 D Poster  : At 1572947631812 location is 65.05944644427821 (latitude), and 25.466261344834987 (longitude)
11-05 11:53:51.823  9448  9483 D Evaluation: Frame 28 sent at 1572947631823
11-05 11:53:51.861  9448  9483 D Evaluation: Frame 29 sent at 1572947631861
11-05 11:53:51.862  9448  9483 D Evaluation: 0 res for frame 23 received at 1572947631862
11-05 11:53:51.900  9448  9483 D Evaluation: Frame 30 sent at 1572947631900
11-05 11:53:51.901  9448  9483 D Evaluation: 0 res for frame 24 received at 1572947631901
11-05 11:53:51.941  9448  9483 D Evaluation: Frame 31 sent at 1572947631941
11-05 11:53:51.942  9448  9483 D Evaluation: 0 res for frame 25 received at 1572947631942
11-05 11:53:51.967  9448  9483 D Evaluation: Frame 32 sent at 1572947631967
11-05 11:53:52.006  9448  9483 D Evaluation: Frame 33 sent at 1572947632006
11-05 11:53:52.007  9448  9483 D Evaluation: 0 res for frame 26 received at 1572947632007
11-05 11:53:52.007  9448  9459 E         : [ZeroHung]zrhung_get_config: Get config failed for wp[0x0008]
11-05 11:53:52.025  9448  9457 W System  : A resource failed to call close. 
11-05 11:53:52.027  9448  9457 I chatty  : uid=10149(symlab.cloudridar.arhud) FinalizerDaemon identical 40 lines
11-05 11:53:52.027  9448  9457 W System  : A resource failed to call close. 
11-05 11:53:52.050  9448  9483 D Evaluation: Frame 34 sent at 1572947632050
11-05 11:53:52.051  9448  9483 D Evaluation: 0 res for frame 27 received at 1572947632051
11-05 11:53:52.088  9448  9483 D Evaluation: Frame 35 sent at 1572947632088
11-05 11:53:52.089  9448  9483 D Evaluation: 0 res for frame 28 received at 1572947632089
11-05 11:53:52.109  9448  9483 D Evaluation: Frame 36 sent at 1572947632109
11-05 11:53:52.145  9448  9483 D Evaluation: Frame 37 sent at 1572947632145
11-05 11:53:52.184  9448  9483 D Evaluation: Frame 38 sent at 1572947632184
11-05 11:53:52.185  9448  9483 D Evaluation: 0 res for frame 29 received at 1572947632185
11-05 11:53:52.210  9448  9483 D Evaluation: Frame 39 sent at 1572947632210
11-05 11:53:52.211  9448  9483 D Evaluation: 0 res for frame 30 received at 1572947632211
11-05 11:53:52.241  9448  9483 D Evaluation: Frame 40 sent at 1572947632241
11-05 11:53:52.267  9448  9483 D Evaluation: Frame 41 sent at 1572947632267
11-05 11:53:52.292  9448  9448 D stylus  : init stylus touchlistener.
11-05 11:53:52.296  9448  9448 W Settings: Setting device_provisioned has moved from android.provider.Settings.Secure to android.provider.Settings.Global.
11-05 11:53:52.297  9448  9448 V HiTouch_HiTouchSensor: User setup is finished.
11-05 11:53:52.316  9448  9483 D Evaluation: Frame 42 sent at 1572947632316
11-05 11:53:52.318  9448  9483 D Evaluation: 0 res for frame 31 received at 1572947632318
11-05 11:53:52.355  9448  9483 D Evaluation: Frame 43 sent at 1572947632355
11-05 11:53:52.357  9448  9483 D Evaluation: 0 res for frame 32 received at 1572947632357
11-05 11:53:52.385  9448  9483 D Evaluation: Frame 44 sent at 1572947632384
11-05 11:53:52.386  9448  9483 D Evaluation: 0 res for frame 33 received at 1572947632386
11-05 11:53:52.407  9448  9448 W HiTouch_PressGestureDetector: Touch pointer move a lot. The moving distance of X is:17.883087, limit is:60The moving distance of Y is:66.44823, limit is:60
11-05 11:53:52.414  9448  9483 D Evaluation: Frame 45 sent at 1572947632414
11-05 11:53:52.415  9448  9483 D Evaluation: 0 res for frame 34 received at 1572947632415
11-05 11:53:52.440  9448  9483 D Evaluation: Frame 46 sent at 1572947632440
11-05 11:53:52.474  9448  9483 D Evaluation: Frame 47 sent at 1572947632474
11-05 11:53:52.475  9448  9483 D Evaluation: 0 res for frame 35 received at 1572947632475
11-05 11:53:52.511  9448  9483 D Evaluation: Frame 48 sent at 1572947632511
11-05 11:53:52.513  9448  9483 D Evaluation: 0 res for frame 36 received at 1572947632513
11-05 11:53:52.534  9448  9483 D Evaluation: Frame 49 sent at 1572947632534
11-05 11:53:52.569  9448  9483 D Evaluation: Frame 50 sent at 1572947632569
11-05 11:53:52.571  9448  9483 D Evaluation: 0 res for frame 37 received at 1572947632571
11-05 11:53:52.599  9448  9483 D Evaluation: Frame 51 sent at 1572947632599
11-05 11:53:52.600  9448  9483 D Evaluation: 0 res for frame 38 received at 1572947632600
11-05 11:53:52.638  9448  9483 D Evaluation: Frame 52 sent at 1572947632638
11-05 11:53:52.639  9448  9483 D Evaluation: 0 res for frame 39 received at 1572947632639
11-05 11:53:52.705  9448  9483 D Evaluation: Frame 53 sent at 1572947632705
11-05 11:53:52.706  9448  9483 D Evaluation: 0 res for frame 40 received at 1572947632706
11-05 11:53:52.733  9448  9483 D Evaluation: Frame 54 sent at 1572947632733
11-05 11:53:52.734  9448  9483 D Evaluation: 0 res for frame 41 received at 1572947632734
11-05 11:53:52.763  9448  9483 D Evaluation: Frame 55 sent at 1572947632763
11-05 11:53:52.797  9448  9483 D Evaluation: Frame 56 sent at 1572947632797
11-05 11:53:52.798  9448  9483 D Evaluation: 0 res for frame 42 received at 1572947632798
11-05 11:53:52.821  9448  9448 D Poster  : At 1572947632821 location is 65.05944549165694 (latitude), and 25.466262352537804 (longitude)
11-05 11:53:52.830  9448  9483 D Evaluation: Frame 57 sent at 1572947632830
11-05 11:53:52.831  9448  9483 D Evaluation: 0 res for frame 43 received at 1572947632831
11-05 11:53:52.863  9448  9483 D Evaluation: Frame 58 sent at 1572947632863
11-05 11:53:52.899  9448  9483 D Evaluation: Frame 59 sent at 1572947632899
11-05 11:53:52.900  9448  9483 D Evaluation: 0 res for frame 44 received at 1572947632900
11-05 11:53:52.936  9448  9483 D Evaluation: Frame 60 sent at 1572947632936
11-05 11:53:52.971  9448  9483 D Evaluation: Frame 61 sent at 1572947632971
11-05 11:53:53.004  9448  9483 D Evaluation: Frame 62 sent at 1572947633004
11-05 11:53:53.005  9448  9483 D Evaluation: 0 res for frame 48 received at 1572947633005
11-05 11:53:53.050  9448  9483 D Evaluation: Frame 63 sent at 1572947633050
11-05 11:53:53.079  9448  9483 D Evaluation: Frame 64 sent at 1572947633079
11-05 11:53:53.105  9448  9483 D Evaluation: Frame 65 sent at 1572947633105
11-05 11:53:53.140  9448  9483 D Evaluation: Frame 66 sent at 1572947633140
11-05 11:53:53.143  9448  9483 D Evaluation: 0 res for frame 52 received at 1572947633143
11-05 11:53:53.173  9448  9483 D Evaluation: Frame 67 sent at 1572947633173
11-05 11:53:53.175  9448  9483 D Evaluation: 0 res for frame 53 received at 1572947633175
11-05 11:53:53.214  9448  9483 D Evaluation: Frame 68 sent at 1572947633213
11-05 11:53:53.215  9448  9483 D Evaluation: 0 res for frame 54 received at 1572947633215
11-05 11:53:53.246  9448  9483 D Evaluation: Frame 69 sent at 1572947633246
11-05 11:53:53.247  9448  9483 D Evaluation: 0 res for frame 55 received at 1572947633247
11-05 11:53:53.278  9448  9483 D Evaluation: Frame 70 sent at 1572947633278
11-05 11:53:53.309  9448  9483 D Evaluation: Frame 71 sent at 1572947633309
11-05 11:53:53.311  9448  9483 D Evaluation: 0 res for frame 56 received at 1572947633311
11-05 11:53:53.339  9448  9483 D Evaluation: Frame 72 sent at 1572947633339
11-05 11:53:53.373  9448  9483 D Evaluation: Frame 73 sent at 1572947633373
11-05 11:53:53.412  9448  9483 D Evaluation: Frame 74 sent at 1572947633411
11-05 11:53:53.442  9448  9483 D Evaluation: Frame 75 sent at 1572947633442
11-05 11:53:53.443  9448  9483 D Evaluation: 0 res for frame 60 received at 1572947633443
11-05 11:53:53.475  9448  9483 D Evaluation: Frame 76 sent at 1572947633475
11-05 11:53:53.508  9448  9483 D Evaluation: Frame 77 sent at 1572947633508
11-05 11:53:53.542  9448  9483 D Evaluation: Frame 78 sent at 1572947633542
11-05 11:53:53.592  9448  9483 D Evaluation: Frame 79 sent at 1572947633592
11-05 11:53:53.612  9448  9483 D Evaluation: Frame 80 sent at 1572947633612
11-05 11:53:53.638  9448  9483 D Evaluation: Frame 81 sent at 1572947633638
11-05 11:53:53.683  9448  9483 D Evaluation: Frame 82 sent at 1572947633683
11-05 11:53:53.684  9448  9483 D Evaluation: 0 res for frame 68 received at 1572947633684
11-05 11:53:53.709  9448  9483 D Evaluation: Frame 83 sent at 1572947633709
11-05 11:53:53.711  9448  9483 D Evaluation: 0 res for frame 69 received at 1572947633711
11-05 11:53:53.743  9448  9483 D Evaluation: Frame 84 sent at 1572947633743
11-05 11:53:53.745  9448  9483 D Evaluation: 0 res for frame 70 received at 1572947633745
11-05 11:53:53.776  9448  9483 D Evaluation: Frame 85 sent at 1572947633776
11-05 11:53:53.810  9448  9483 D Evaluation: Frame 86 sent at 1572947633810
11-05 11:53:53.830  9448  9448 D Poster  : At 1572947633829 location is 65.05944307635912 (latitude), and 25.466264907478223 (longitude)
11-05 11:53:53.859  9448  9483 D Evaluation: Frame 87 sent at 1572947633859
11-05 11:53:53.885  9448  9483 D Evaluation: Frame 88 sent at 1572947633885
11-05 11:53:53.914  9448  9483 D Evaluation: Frame 89 sent at 1572947633914
11-05 11:53:53.950  9448  9483 D Evaluation: Frame 90 sent at 1572947633950
11-05 11:53:53.952  9448  9483 D Evaluation: 2 res for frame 76 received at 1572947633952
11-05 11:53:53.976  9448  9483 D Evaluation: Frame 91 sent at 1572947633976
11-05 11:53:54.019  9448  9483 D Evaluation: Frame 92 sent at 1572947634019
11-05 11:53:54.020  9448  9483 D Evaluation: 2 res for frame 77 received at 1572947634020
11-05 11:53:54.045  9448  9483 D Evaluation: Frame 93 sent at 1572947634045
11-05 11:53:54.081  9448  9483 D Evaluation: Frame 94 sent at 1572947634081
11-05 11:53:54.125  9448  9483 D Evaluation: Frame 95 sent at 1572947634125
11-05 11:53:54.126  9448  9483 D Evaluation: 1 res for frame 79 received at 1572947634126
11-05 11:53:54.154  9448  9483 D Evaluation: Frame 96 sent at 1572947634154
11-05 11:53:54.179  9448  9483 D Evaluation: Frame 97 sent at 1572947634179
11-05 11:53:54.258  9448  9483 D Evaluation: Frame 98 sent at 1572947634258
11-05 11:53:54.259  9448  9483 D Evaluation: 0 res for frame 82 received at 1572947634259
11-05 11:53:54.285  9448  9483 D Evaluation: Frame 99 sent at 1572947634285
11-05 11:53:54.314  9448  9483 D Evaluation: Frame 100 sent at 1572947634314
11-05 11:53:54.348  9448  9483 D Evaluation: Frame 101 sent at 1572947634348
11-05 11:53:54.386  9448  9483 D Evaluation: Frame 102 sent at 1572947634386
11-05 11:53:54.417  9448  9483 D Evaluation: Frame 103 sent at 1572947634417
11-05 11:53:54.452  9448  9483 D Evaluation: Frame 104 sent at 1572947634452
11-05 11:53:54.481  9448  9483 D Evaluation: Frame 105 sent at 1572947634481
11-05 11:53:54.516  9448  9483 D Evaluation: Frame 106 sent at 1572947634516
11-05 11:53:54.549  9448  9483 D Evaluation: Frame 107 sent at 1572947634549
11-05 11:53:54.550  9448  9483 D Evaluation: 0 res for frame 95 received at 1572947634550
11-05 11:53:54.583  9448  9483 D Evaluation: Frame 108 sent at 1572947634583
11-05 11:53:54.624  9448  9483 D Evaluation: Frame 109 sent at 1572947634624
11-05 11:53:54.626  9448  9483 D Evaluation: 0 res for frame 96 received at 1572947634626
11-05 11:53:54.663  9448  9459 E         : [ZeroHung]zrhung_get_config: Get config failed for wp[0x0008]
11-05 11:53:54.663  9448  9483 D Evaluation: Frame 110 sent at 1572947634663
11-05 11:53:54.665  9448  9483 D Evaluation: 0 res for frame 97 received at 1572947634665
11-05 11:53:54.679  9448  9457 W System  : A resource failed to call close. 
11-05 11:53:54.682  9448  9457 I chatty  : uid=10149(symlab.cloudridar.arhud) FinalizerDaemon identical 66 lines
11-05 11:53:54.682  9448  9457 W System  : A resource failed to call close. 
11-05 11:53:54.683  9448  9483 D Evaluation: Frame 111 sent at 1572947634683
11-05 11:53:54.684  9448  9483 D Evaluation: 0 res for frame 98 received at 1572947634683
11-05 11:53:54.716  9448  9483 D Evaluation: Frame 112 sent at 1572947634716
11-05 11:53:54.751  9448  9483 D Evaluation: Frame 113 sent at 1572947634751
11-05 11:53:54.753  9448  9483 D Evaluation: 0 res for frame 99 received at 1572947634753
11-05 11:53:54.786  9448  9483 D Evaluation: Frame 114 sent at 1572947634786
11-05 11:53:54.788  9448  9483 D Evaluation: 0 res for frame 100 received at 1572947634788
11-05 11:53:54.827  9448  9448 D Poster  : At 1572947634827 location is 65.05944307635912 (latitude), and 25.466264907478223 (longitude)
11-05 11:53:54.829  9448  9483 D Evaluation: Frame 115 sent at 1572947634829
11-05 11:53:54.864  9448  9483 D Evaluation: Frame 116 sent at 1572947634864
11-05 11:53:54.866  9448  9483 D Evaluation: 0 res for frame 101 received at 1572947634865
11-05 11:53:54.882  9448  9483 D Evaluation: Frame 117 sent at 1572947634882
11-05 11:53:54.921  9448  9483 D Evaluation: Frame 118 sent at 1572947634921
11-05 11:53:54.923  9448  9483 D Evaluation: 0 res for frame 102 received at 1572947634923
11-05 11:53:54.953  9448  9483 D Evaluation: Frame 119 sent at 1572947634953
11-05 11:53:54.985  9448  9483 D Evaluation: Frame 120 sent at 1572947634985
11-05 11:53:55.018  9448  9483 D Evaluation: Frame 121 sent at 1572947635018
11-05 11:53:55.054  9448  9483 D Evaluation: Frame 122 sent at 1572947635054
11-05 11:53:55.055  9448  9483 D Evaluation: 0 res for frame 106 received at 1572947635055
11-05 11:53:55.094  9448  9483 D Evaluation: Frame 123 sent at 1572947635094
11-05 11:53:55.163  9448  9483 D Evaluation: Frame 124 sent at 1572947635163
11-05 11:53:55.205  9448  9483 D Evaluation: Frame 125 sent at 1572947635205
11-05 11:53:55.229  9448  9483 D Evaluation: Frame 126 sent at 1572947635229
11-05 11:53:55.264  9448  9483 D Evaluation: Frame 127 sent at 1572947635264
11-05 11:53:55.294  9448  9483 D Evaluation: Frame 128 sent at 1572947635294
11-05 11:53:55.323  9448  9483 D Evaluation: Frame 129 sent at 1572947635323
11-05 11:53:55.357  9448  9483 D Evaluation: Frame 130 sent at 1572947635357
11-05 11:53:55.389  9448  9483 D Evaluation: Frame 131 sent at 1572947635389
11-05 11:53:55.420  9448  9483 D Evaluation: Frame 132 sent at 1572947635420
11-05 11:53:55.422  9448  9483 D Evaluation: 0 res for frame 114 received at 1572947635422
11-05 11:53:55.455  9448  9483 D Evaluation: Frame 133 sent at 1572947635455
11-05 11:53:55.487  9448  9448 I AwareBitmapCacher: init lrucache size: 2097152 pid=9448
11-05 11:53:55.489  9448  9483 D Evaluation: Frame 134 sent at 1572947635489
11-05 11:53:55.490  9448  9483 D Evaluation: 0 res for frame 115 received at 1572947635490
11-05 11:53:55.522  9448  9483 D Evaluation: Frame 135 sent at 1572947635522
11-05 11:53:55.567  9448  9483 D Evaluation: Frame 136 sent at 1572947635567
11-05 11:53:55.601  9448  9483 D Evaluation: Frame 137 sent at 1572947635600
11-05 11:53:55.628  9448  9483 D Evaluation: Frame 138 sent at 1572947635628
11-05 11:53:55.659  9448  9483 D Evaluation: Frame 139 sent at 1572947635659
11-05 11:53:55.702  9448  9483 D Evaluation: Frame 140 sent at 1572947635702
11-05 11:53:55.736  9448  9483 D Evaluation: Frame 141 sent at 1572947635736
11-05 11:53:55.769  9448  9483 D Evaluation: Frame 142 sent at 1572947635769
11-05 11:53:55.793  9448  9483 D Evaluation: Frame 143 sent at 1572947635793
11-05 11:53:55.826  9448  9448 D Poster  : At 1572947635826 location is 65.05944307635912 (latitude), and 25.466264907478223 (longitude)
11-05 11:53:55.838  9448  9483 D Evaluation: Frame 144 sent at 1572947635838
11-05 11:53:55.840  9448  9483 D Evaluation: 0 res for frame 124 received at 1572947635840
11-05 11:53:55.860  9448  9483 D Evaluation: Frame 145 sent at 1572947635860
11-05 11:53:55.900  9448  9483 D Evaluation: Frame 146 sent at 1572947635900
11-05 11:53:55.928  9448  9483 D Evaluation: Frame 147 sent at 1572947635928
11-05 11:53:55.960  9448  9483 D Evaluation: Frame 148 sent at 1572947635960
11-05 11:53:55.994  9448  9483 D Evaluation: Frame 149 sent at 1572947635994
11-05 11:53:56.025  9448  9483 D Evaluation: Frame 150 sent at 1572947636025
11-05 11:53:56.064  9448  9483 D Evaluation: Frame 151 sent at 1572947636064
11-05 11:53:56.103  9448  9483 D Evaluation: Frame 152 sent at 1572947636103
11-05 11:53:56.136  9448  9483 D Evaluation: Frame 153 sent at 1572947636136
11-05 11:53:56.161  9448  9483 D Evaluation: Frame 154 sent at 1572947636160
11-05 11:53:56.196  9448  9483 D Evaluation: Frame 155 sent at 1572947636196
11-05 11:53:56.230  9448  9483 D Evaluation: Frame 156 sent at 1572947636230
11-05 11:53:56.284  9448  9483 D Evaluation: Frame 157 sent at 1572947636284
11-05 11:53:56.310  9448  9483 D Evaluation: Frame 158 sent at 1572947636310
11-05 11:53:56.333  9448  9483 D Evaluation: Frame 159 sent at 1572947636333
11-05 11:53:56.396  9448  9483 D Evaluation: Frame 160 sent at 1572947636396
11-05 11:53:56.439  9448  9483 D Evaluation: Frame 161 sent at 1572947636439
11-05 11:53:56.464  9448  9483 D Evaluation: Frame 162 sent at 1572947636464
11-05 11:53:56.505  9448  9483 D Evaluation: Frame 163 sent at 1572947636505
11-05 11:53:56.531  9448  9483 D Evaluation: Frame 164 sent at 1572947636531
11-05 11:53:56.580  9448  9483 D Evaluation: Frame 165 sent at 1572947636580
11-05 11:53:56.605  9448  9483 D Evaluation: Frame 166 sent at 1572947636604
11-05 11:53:56.632  9448  9483 D Evaluation: Frame 167 sent at 1572947636632
11-05 11:53:56.664  9448  9483 D Evaluation: Frame 168 sent at 1572947636664
11-05 11:53:56.706  9448  9483 D Evaluation: Frame 169 sent at 1572947636706
11-05 11:53:56.733  9448  9483 D Evaluation: Frame 170 sent at 1572947636733
11-05 11:53:56.772  9448  9483 D Evaluation: Frame 171 sent at 1572947636772
11-05 11:53:56.798  9448  9483 D Evaluation: Frame 172 sent at 1572947636798
11-05 11:53:56.832  9448  9448 D Poster  : At 1572947636831 location is 65.05944032955223 (latitude), and 25.466287866347763 (longitude)
11-05 11:53:56.858  9448  9483 D Evaluation: Frame 173 sent at 1572947636858
11-05 11:53:56.875  9448  9483 D Evaluation: Frame 174 sent at 1572947636875
11-05 11:53:56.906  9448  9483 D Evaluation: Frame 175 sent at 1572947636906
11-05 11:53:56.915  9448  9448 W HiTouch_PressGestureDetector: Touch pointer move a lot. The moving distance of X is:101.95459, limit is:60The moving distance of Y is:42.960236, limit is:60
11-05 11:53:56.942  9448  9483 D Evaluation: Frame 176 sent at 1572947636942
11-05 11:53:57.001  9448  9483 D Evaluation: Frame 177 sent at 1572947637001
11-05 11:53:57.073  9448  9483 D Evaluation: Frame 178 sent at 1572947637073
11-05 11:53:57.104  9448  9483 D Evaluation: Frame 179 sent at 1572947637104
11-05 11:53:57.134  9448  9483 D Evaluation: Frame 180 sent at 1572947637134
11-05 11:53:57.174  9448  9483 D Evaluation: Frame 181 sent at 1572947637174
11-05 11:53:57.206  9448  9483 D Evaluation: Frame 182 sent at 1572947637206
11-05 11:53:57.237  9448  9483 D Evaluation: Frame 183 sent at 1572947637237
11-05 11:53:57.270  9448  9483 D Evaluation: Frame 184 sent at 1572947637270
11-05 11:53:57.302  9448  9483 D Evaluation: Frame 185 sent at 1572947637302
11-05 11:53:57.338  9448  9483 D Evaluation: Frame 186 sent at 1572947637338
11-05 11:53:57.371  9448  9483 D Evaluation: Frame 187 sent at 1572947637371
11-05 11:53:57.405  9448  9483 D Evaluation: Frame 188 sent at 1572947637405
11-05 11:53:57.441  9448  9483 D Evaluation: Frame 189 sent at 1572947637441
11-05 11:53:57.482  9448  9483 D Evaluation: Frame 190 sent at 1572947637482
11-05 11:53:57.508  9448  9448 I Poster  :  onPause() called.
11-05 11:53:57.510  9448  9483 D Evaluation: Frame 191 sent at 1572947637510
11-05 11:53:57.576  9448  9448 I Camera  : close camera: 0, package name: symlab.cloudridar.arhud
11-05 11:53:57.576  9448  9448 I BackgroundPermManager: pkgName: symlab.cloudridar.arhud,pid: 9448 ,uidOf3RdApk: 10149 ,permType: 0 ,permCfg: 0
11-05 11:53:57.579  9448  9448 I HwCameraUtil: notifySurfaceFlingerCameraStatus : isFront = false , isOpend = false
11-05 11:53:57.700  9448  9448 D ZrHung.AppEyeUiProbe: stop checker.
11-05 11:53:57.719  9448  9448 I Poster  :  surfaceDestroyed() called.
11-05 11:53:57.720  9448  9448 D ViewRootImpl[MainActivity]: surface should not be released
11-05 11:53:57.720  9448  9448 I Poster  :  onStop() called.
11-05 11:53:57.744  9448  9501 W libEGL  : EGLNativeWindowType 0xecf70008 disconnect failed
11-05 11:53:57.838  9448  9448 D Poster  : At 1572947637838 location is 65.05944032955223 (latitude), and 25.466287866347763 (longitude)
11-05 11:53:57.851  9448  9448 D Latitude: status
11-05 11:53:58.496  9448  9474 D ZrHung.AppEyeUiProbe: Current Activity:false
11-05 11:53:58.496  9448  9474 D ZrHung.AppEyeUiProbe: not watching, wait.
11-05 11:54:00.455  9448  9448 I Poster  :  onStart() called.
11-05 11:54:00.455  9448  9448 D ZrHung.AppEyeUiProbe: notify runnable to start.
11-05 11:54:00.455  9448  9448 I Poster  :  onResume() called.
11-05 11:54:00.457  9448  9474 D ZrHung.AppEyeUiProbe: restart watching
11-05 11:54:00.462  9448  9448 I PermissionManager: camera remind result:true
11-05 11:54:00.462  9448  9448 I Camera  : open camera: 0, package name: symlab.cloudridar.arhud
11-05 11:54:00.462  9448  9448 I BackgroundPermManager: pkgName: symlab.cloudridar.arhud,pid: 9448 ,uidOf3RdApk: 10149 ,permType: 0 ,permCfg: 1
11-05 11:54:00.463  9448  9448 I HwCameraUtil: notifySurfaceFlingerCameraStatus : isFront = false , isOpend = true
11-05 11:54:00.475  9448  9448 D ActivityThread: isOptEnabled=false isWechatScanOpt=false
11-05 11:54:00.508  9448  9501 D mali_winsys: EGLint new_window_surface(egl_winsys_display *, void *, EGLSurface, EGLConfig, egl_winsys_surface **, EGLBoolean) returns 0x3000
11-05 11:54:00.510  9448  9448 I Poster  :  surfaceCreated() called.
11-05 11:54:00.510  9448  9448 I Poster  : initPreview() called
11-05 11:54:00.514  9448  9448 I PermissionManager: camera remind result:true
11-05 11:54:00.524  9448  9448 I Poster  :  surfaceChanged() called.
11-05 11:54:00.525  9448  9448 E BpSurfaceComposerClient: Failed to transact (-1)
11-05 11:54:00.526  9448  9448 E BpSurfaceComposerClient: Failed to transact (-1)
11-05 11:54:00.528  9448  9448 W InputMethodManager: startInputReason = 1
11-05 11:54:00.551  9448  9501 W libEGL  : EGLNativeWindowType 0xecf70008 disconnect failed
11-05 11:54:00.551  9448  9501 D mali_winsys: EGLint new_window_surface(egl_winsys_display *, void *, EGLSurface, EGLConfig, egl_winsys_surface **, EGLBoolean) returns 0x3000
11-05 11:54:00.820  9448  9448 W MessageQueue: Handler (android.os.Handler) {1301a09} sending message to a Handler on a dead thread
11-05 11:54:00.820  9448  9448 W MessageQueue: java.lang.IllegalStateException: Handler (android.os.Handler) {1301a09} sending message to a Handler on a dead thread
11-05 11:54:00.820  9448  9448 W MessageQueue: 	at android.os.MessageQueue.enqueueMessage(MessageQueue.java:650)
11-05 11:54:00.820  9448  9448 W MessageQueue: 	at android.os.Handler.enqueueMessage(Handler.java:769)
11-05 11:54:00.820  9448  9448 W MessageQueue: 	at android.os.Handler.sendMessageAtTime(Handler.java:718)
11-05 11:54:00.820  9448  9448 W MessageQueue: 	at android.os.Handler.sendMessageDelayed(Handler.java:688)
11-05 11:54:00.820  9448  9448 W MessageQueue: 	at android.os.Handler.post(Handler.java:405)
11-05 11:54:00.820  9448  9448 W MessageQueue: 	at symlab.CloudAR.ARManager.recognizeTime(ARManager.java:151)
11-05 11:54:00.820  9448  9448 W MessageQueue: 	at symlab.ARHUD.MainActivity$3.onPreviewFrame(MainActivity.java:296)
11-05 11:54:00.820  9448  9448 W MessageQueue: 	at android.hardware.Camera$EventHandler.handleMessage(Camera.java:1278)
11-05 11:54:00.820  9448  9448 W MessageQueue: 	at android.os.Handler.dispatchMessage(Handler.java:112)
11-05 11:54:00.820  9448  9448 W MessageQueue: 	at android.os.Looper.loop(Looper.java:216)
11-05 11:54:00.820  9448  9448 W MessageQueue: 	at android.app.ActivityThread.main(ActivityThread.java:7579)
11-05 11:54:00.820  9448  9448 W MessageQueue: 	at java.lang.reflect.Method.invoke(Native Method)
11-05 11:54:00.820  9448  9448 W MessageQueue: 	at com.android.internal.os.RuntimeInit$MethodAndArgsCaller.run(RuntimeInit.java:524)
11-05 11:54:00.820  9448  9448 W MessageQueue: 	at com.android.internal.os.ZygoteInit.main(ZygoteInit.java:1034)
11-05 11:54:00.820  9448  9448 W MessageQueue: Handler (android.os.Handler) {1301a09} sending message to a Handler on a dead thread
11-05 11:54:00.820  9448  9448 W MessageQueue: java.lang.IllegalStateException: Handler (android.os.Handler) {1301a09} sending message to a Handler on a dead thread
11-05 11:54:00.820  9448  9448 W MessageQueue: 	at android.os.MessageQueue.enqueueMessage(MessageQueue.java:650)
11-05 11:54:00.820  9448  9448 W MessageQueue: 	at android.os.Handler.enqueueMessage(Handler.java:769)
11-05 11:54:00.820  9448  9448 W MessageQueue: 	at android.os.Handler.sendMessageAtTime(Handler.java:718)
11-05 11:54:00.820  9448  9448 W MessageQueue: 	at android.os.Handler.sendMessageDelayed(Handler.java:688)
11-05 11:54:00.820  9448  9448 W MessageQueue: 	at android.os.Handler.post(Handler.java:405)
11-05 11:54:00.820  9448  9448 W MessageQueue: 	at symlab.CloudAR.ARManager.driveFrame(ARManager.java:156)
11-05 11:54:00.820  9448  9448 W MessageQueue: 	at symlab.ARHUD.MainActivity$3.onPreviewFrame(MainActivity.java:297)
11-05 11:54:00.820  9448  9448 W MessageQueue: 	at android.hardware.Camera$EventHandler.handleMessage(Camera.java:1278)
11-05 11:54:00.820  9448  9448 W MessageQueue: 	at android.os.Handler.dispatchMessage(Handler.java:112)
11-05 11:54:00.820  9448  9448 W MessageQueue: 	at android.os.Looper.loop(Looper.java:216)
11-05 11:54:00.820  9448  9448 W MessageQueue: 	at android.app.ActivityThread.main(ActivityThread.java:7579)
11-05 11:54:00.820  9448  9448 W MessageQueue: 	at java.lang.reflect.Method.invoke(Native Method)
11-05 11:54:00.820  9448  9448 W MessageQueue: 	at com.android.internal.os.RuntimeInit$MethodAndArgsCaller.run(RuntimeInit.java:524)
11-05 11:54:00.820  9448  9448 W MessageQueue: 	at com.android.internal.os.ZygoteInit.main(ZygoteInit.java:1034)
11-05 11:54:00.835  9448  9448 D Poster  : At 1572947640835 location is 65.05944032955223 (latitude), and 25.466287866347763 (longitude)
11-05 11:54:00.848  9448  9448 D Latitude: status
11-05 11:54:00.852  9448  9448 W MessageQueue: Handler (android.os.Handler) {1301a09} sending message to a Handler on a dead thread
11-05 11:54:00.852  9448  9448 W MessageQueue: java.lang.IllegalStateException: Handler (android.os.Handler) {1301a09} sending message to a Handler on a dead thread
11-05 11:54:00.852  9448  9448 W MessageQueue: 	at android.os.MessageQueue.enqueueMessage(MessageQueue.java:650)
11-05 11:54:00.852  9448  9448 W MessageQueue: 	at android.os.Handler.enqueueMessage(Handler.java:769)
11-05 11:54:00.852  9448  9448 W MessageQueue: 	at android.os.Handler.sendMessageAtTime(Handler.java:718)
11-05 11:54:00.852  9448  9448 W MessageQueue: 	at android.os.Handler.sendMessageDelayed(Handler.java:688)
11-05 11:54:00.852  9448  9448 W MessageQueue: 	at android.os.Handler.post(Handler.java:405)
11-05 11:54:00.852  9448  9448 W MessageQueue: 	at symlab.CloudAR.ARManager.recognizeTime(ARManager.java:151)
11-05 11:54:00.852  9448  9448 W MessageQueue: 	at symlab.ARHUD.MainActivity$3.onPreviewFrame(MainActivity.java:296)
11-05 11:54:00.852  9448  9448 W MessageQueue: 	at android.hardware.Camera$EventHandler.handleMessage(Camera.java:1278)
11-05 11:54:00.852  9448  9448 W MessageQueue: 	at android.os.Handler.dispatchMessage(Handler.java:112)
11-05 11:54:00.852  9448  9448 W MessageQueue: 	at android.os.Looper.loop(Looper.java:216)
11-05 11:54:00.852  9448  9448 W MessageQueue: 	at android.app.ActivityThread.main(ActivityThread.java:7579)
11-05 11:54:00.852  9448  9448 W MessageQueue: 	at java.lang.reflect.Method.invoke(Native Method)
11-05 11:54:00.852  9448  9448 W MessageQueue: 	at com.android.internal.os.RuntimeInit$MethodAndArgsCaller.run(RuntimeInit.java:524)
11-05 11:54:00.852  9448  9448 W MessageQueue: 	at com.android.internal.os.ZygoteInit.main(ZygoteInit.java:1034)
11-05 11:54:00.852  9448  9448 W MessageQueue: Handler (android.os.Handler) {1301a09} sending message to a Handler on a dead thread
11-05 11:54:00.852  9448  9448 W MessageQueue: java.lang.IllegalStateException: Handler (android.os.Handler) {1301a09} sending message to a Handler on a dead thread
11-05 11:54:00.852  9448  9448 W MessageQueue: 	at android.os.MessageQueue.enqueueMessage(MessageQueue.java:650)
11-05 11:54:00.852  9448  9448 W MessageQueue: 	at android.os.Handler.enqueueMessage(Handler.java:769)
11-05 11:54:00.852  9448  9448 W MessageQueue: 	at android.os.Handler.sendMessageAtTime(Handler.java:718)
11-05 11:54:00.852  9448  9448 W MessageQueue: 	at android.os.Handler.sendMessageDelayed(Handler.java:688)
11-05 11:54:00.852  9448  9448 W MessageQueue: 	at android.os.Handler.post(Handler.java:405)
11-05 11:54:00.852  9448  9448 W MessageQueue: 	at symlab.CloudAR.ARManager.driveFrame(ARManager.java:156)
11-05 11:54:00.852  9448  9448 W MessageQueue: 	at symlab.ARHUD.MainActivity$3.onPreviewFrame(MainActivity.java:297)
11-05 11:54:00.852  9448  9448 W MessageQueue: 	at android.hardware.Camera$EventHandler.handleMessage(Camera.java:1278)
11-05 11:54:00.852  9448  9448 W MessageQueue: 	at android.os.Handler.dispatchMessage(Handler.java:112)
11-05 11:54:00.852  9448  9448 W MessageQueue: 	at android.os.Looper.loop(Looper.java:216)
11-05 11:54:00.852  9448  9448 W MessageQueue: 	at android.app.ActivityThread.main(ActivityThread.java:7579)
11-05 11:54:00.852  9448  9448 W MessageQueue: 	at java.lang.reflect.Method.invoke(Native Method)
11-05 11:54:00.852  9448  9448 W MessageQueue: 	at com.android.internal.os.RuntimeInit$MethodAndArgsCaller.run(RuntimeInit.java:524)
11-05 11:54:00.852  9448  9448 W MessageQueue: 	at com.android.internal.os.ZygoteInit.main(ZygoteInit.java:1034)
11-05 11:54:00.887  9448  9448 W MessageQueue: Handler (android.os.Handler) {1301a09} sending message to a Handler on a dead thread
11-05 11:54:00.887  9448  9448 W MessageQueue: java.lang.IllegalStateException: Handler (android.os.Handler) {1301a09} sending message to a Handler on a dead thread
11-05 11:54:00.887  9448  9448 W MessageQueue: 	at android.os.MessageQueue.enqueueMessage(MessageQueue.java:650)
11-05 11:54:00.887  9448  9448 W MessageQueue: 	at android.os.Handler.enqueueMessage(Handler.java:769)
11-05 11:54:00.887  9448  9448 W MessageQueue: 	at android.os.Handler.sendMessageAtTime(Handler.java:718)
11-05 11:54:00.887  9448  9448 W MessageQueue: 	at android.os.Handler.sendMessageDelayed(Handler.java:688)
11-05 11:54:00.887  9448  9448 W MessageQueue: 	at android.os.Handler.post(Handler.java:405)
11-05 11:54:00.887  9448  9448 W MessageQueue: 	at symlab.CloudAR.ARManager.recognizeTime(ARManager.java:151)
11-05 11:54:00.887  9448  9448 W MessageQueue: 	at symlab.ARHUD.MainActivity$3.onPreviewFrame(MainActivity.java:296)
11-05 11:54:00.887  9448  9448 W MessageQueue: 	at android.hardware.Camera$EventHandler.handleMessage(Camera.java:1278)
11-05 11:54:00.887  9448  9448 W MessageQueue: 	at android.os.Handler.dispatchMessage(Handler.java:112)
11-05 11:54:00.887  9448  9448 W MessageQueue: 	at android.os.Looper.loop(Looper.java:216)
11-05 11:54:00.887  9448  9448 W MessageQueue: 	at android.app.ActivityThread.main(ActivityThread.java:7579)
11-05 11:54:00.887  9448  9448 W MessageQueue: 	at java.lang.reflect.Method.invoke(Native Method)
11-05 11:54:00.887  9448  9448 W MessageQueue: 	at com.android.internal.os.RuntimeInit$MethodAndArgsCaller.run(RuntimeInit.java:524)
11-05 11:54:00.887  9448  9448 W MessageQueue: 	at com.android.internal.os.ZygoteInit.main(ZygoteInit.java:1034)
11-05 11:54:00.887  9448  9448 W MessageQueue: Handler (android.os.Handler) {1301a09} sending message to a Handler on a dead thread
11-05 11:54:00.887  9448  9448 W MessageQueue: java.lang.IllegalStateException: Handler (android.os.Handler) {1301a09} sending message to a Handler on a dead thread
11-05 11:54:00.887  9448  9448 W MessageQueue: 	at android.os.MessageQueue.enqueueMessage(MessageQueue.java:650)
11-05 11:54:00.887  9448  9448 W MessageQueue: 	at android.os.Handler.enqueueMessage(Handler.java:769)
11-05 11:54:00.887  9448  9448 W MessageQueue: 	at android.os.Handler.sendMessageAtTime(Handler.java:718)
11-05 11:54:00.887  9448  9448 W MessageQueue: 	at android.os.Handler.sendMessageDelayed(Handler.java:688)
11-05 11:54:00.887  9448  9448 W MessageQueue: 	at android.os.Handler.post(Handler.java:405)
11-05 11:54:00.887  9448  9448 W MessageQueue: 	at symlab.CloudAR.ARManager.driveFrame(ARManager.java:156)
11-05 11:54:00.887  9448  9448 W MessageQueue: 	at symlab.ARHUD.MainActivity$3.onPreviewFrame(MainActivity.java:297)
11-05 11:54:00.887  9448  9448 W MessageQueue: 	at android.hardware.Camera$EventHandler.handleMessage(Camera.java:1278)
11-05 11:54:00.887  9448  9448 W MessageQueue: 	at android.os.Handler.dispatchMessage(Handler.java:112)
11-05 11:54:00.887  9448  9448 W MessageQueue: 	at android.os.Looper.loop(Looper.java:216)
11-05 11:54:00.887  9448  9448 W MessageQueue: 	at android.app.ActivityThread.main(ActivityThread.java:7579)
11-05 11:54:00.887  9448  9448 W MessageQueue: 	at java.lang.reflect.Method.invoke(Native Method)
11-05 11:54:00.887  9448  9448 W MessageQueue: 	at com.android.internal.os.RuntimeInit$MethodAndArgsCaller.run(RuntimeInit.java:524)
11-05 11:54:00.887  9448  9448 W MessageQueue: 	at com.android.internal.os.ZygoteInit.main(ZygoteInit.java:1034)
11-05 11:54:00.920  9448  9448 W MessageQueue: Handler (android.os.Handler) {1301a09} sending message to a Handler on a dead thread
11-05 11:54:00.920  9448  9448 W MessageQueue: java.lang.IllegalStateException: Handler (android.os.Handler) {1301a09} sending message to a Handler on a dead thread
11-05 11:54:00.920  9448  9448 W MessageQueue: 	at android.os.MessageQueue.enqueueMessage(MessageQueue.java:650)
11-05 11:54:00.920  9448  9448 W MessageQueue: 	at android.os.Handler.enqueueMessage(Handler.java:769)
11-05 11:54:00.920  9448  9448 W MessageQueue: 	at android.os.Handler.sendMessageAtTime(Handler.java:718)
11-05 11:54:00.920  9448  9448 W MessageQueue: 	at android.os.Handler.sendMessageDelayed(Handler.java:688)
11-05 11:54:00.920  9448  9448 W MessageQueue: 	at android.os.Handler.post(Handler.java:405)
11-05 11:54:00.920  9448  9448 W MessageQueue: 	at symlab.CloudAR.ARManager.recognizeTime(ARManager.java:151)
11-05 11:54:00.920  9448  9448 W MessageQueue: 	at symlab.ARHUD.MainActivity$3.onPreviewFrame(MainActivity.java:296)
11-05 11:54:00.920  9448  9448 W MessageQueue: 	at android.hardware.Camera$EventHandler.handleMessage(Camera.java:1278)
11-05 11:54:00.920  9448  9448 W MessageQueue: 	at android.os.Handler.dispatchMessage(Handler.java:112)
11-05 11:54:00.920  9448  9448 W MessageQueue: 	at android.os.Looper.loop(Looper.java:216)
11-05 11:54:00.920  9448  9448 W MessageQueue: 	at android.app.ActivityThread.main(ActivityThread.java:7579)
11-05 11:54:00.920  9448  9448 W MessageQueue: 	at java.lang.reflect.Method.invoke(Native Method)
11-05 11:54:00.920  9448  9448 W MessageQueue: 	at com.android.internal.os.RuntimeInit$MethodAndArgsCaller.run(RuntimeInit.java:524)
11-05 11:54:00.920  9448  9448 W MessageQueue: 	at com.android.internal.os.ZygoteInit.main(ZygoteInit.java:1034)
11-05 11:54:00.921  9448  9448 W MessageQueue: Handler (android.os.Handler) {1301a09} sending message to a Handler on a dead thread
11-05 11:54:00.921  9448  9448 W MessageQueue: java.lang.IllegalStateException: Handler (android.os.Handler) {1301a09} sending message to a Handler on a dead thread
11-05 11:54:00.921  9448  9448 W MessageQueue: 	at android.os.MessageQueue.enqueueMessage(MessageQueue.java:650)
11-05 11:54:00.921  9448  9448 W MessageQueue: 	at android.os.Handler.enqueueMessage(Handler.java:769)
11-05 11:54:00.921  9448  9448 W MessageQueue: 	at android.os.Handler.sendMessageAtTime(Handler.java:718)
11-05 11:54:00.921  9448  9448 W MessageQueue: 	at android.os.Handler.sendMessageDelayed(Handler.java:688)
11-05 11:54:00.921  9448  9448 W MessageQueue: 	at android.os.Handler.post(Handler.java:405)
11-05 11:54:00.921  9448  9448 W MessageQueue: 	at symlab.CloudAR.ARManager.driveFrame(ARManager.java:156)
11-05 11:54:00.921  9448  9448 W MessageQueue: 	at symlab.ARHUD.MainActivity$3.onPreviewFrame(MainActivity.java:297)
11-05 11:54:00.921  9448  9448 W MessageQueue: 	at android.hardware.Camera$EventHandler.handleMessage(Camera.java:1278)
11-05 11:54:00.921  9448  9448 W MessageQueue: 	at android.os.Handler.dispatchMessage(Handler.java:112)
11-05 11:54:00.921  9448  9448 W MessageQueue: 	at android.os.Looper.loop(Looper.java:216)
11-05 11:54:00.921  9448  9448 W MessageQueue: 	at android.app.ActivityThread.main(ActivityThread.java:7579)
11-05 11:54:00.921  9448  9448 W MessageQueue: 	at java.lang.reflect.Method.invoke(Native Method)
11-05 11:54:00.921  9448  9448 W MessageQueue: 	at com.android.internal.os.RuntimeInit$MethodAndArgsCaller.run(RuntimeInit.java:524)
11-05 11:54:00.921  9448  9448 W MessageQueue: 	at com.android.internal.os.ZygoteInit.main(ZygoteInit.java:1034)
11-05 11:54:00.953  9448  9448 W MessageQueue: Handler (android.os.Handler) {1301a09} sending message to a Handler on a dead thread
11-05 11:54:00.953  9448  9448 W MessageQueue: java.lang.IllegalStateException: Handler (android.os.Handler) {1301a09} sending message to a Handler on a dead thread
11-05 11:54:00.953  9448  9448 W MessageQueue: 	at android.os.MessageQueue.enqueueMessage(MessageQueue.java:650)
11-05 11:54:00.953  9448  9448 W MessageQueue: 	at android.os.Handler.enqueueMessage(Handler.java:769)
11-05 11:54:00.953  9448  9448 W MessageQueue: 	at android.os.Handler.sendMessageAtTime(Handler.java:718)
11-05 11:54:00.953  9448  9448 W MessageQueue: 	at android.os.Handler.sendMessageDelayed(Handler.java:688)
11-05 11:54:00.953  9448  9448 W MessageQueue: 	at android.os.Handler.post(Handler.java:405)
11-05 11:54:00.953  9448  9448 W MessageQueue: 	at symlab.CloudAR.ARManager.recognizeTime(ARManager.java:151)
11-05 11:54:00.953  9448  9448 W MessageQueue: 	at symlab.ARHUD.MainActivity$3.onPreviewFrame(MainActivity.java:296)
11-05 11:54:00.953  9448  9448 W MessageQueue: 	at android.hardware.Camera$EventHandler.handleMessage(Camera.java:1278)
11-05 11:54:00.953  9448  9448 W MessageQueue: 	at android.os.Handler.dispatchMessage(Handler.java:112)
11-05 11:54:00.953  9448  9448 W MessageQueue: 	at android.os.Looper.loop(Looper.java:216)
11-05 11:54:00.953  9448  9448 W MessageQueue: 	at android.app.ActivityThread.main(ActivityThread.java:7579)
11-05 11:54:00.953  9448  9448 W MessageQueue: 	at java.lang.reflect.Method.invoke(Native Method)
11-05 11:54:00.953  9448  9448 W MessageQueue: 	at com.android.internal.os.RuntimeInit$MethodAndArgsCaller.run(RuntimeInit.java:524)
11-05 11:54:00.953  9448  9448 W MessageQueue: 	at com.android.internal.os.ZygoteInit.main(ZygoteInit.java:1034)
11-05 11:54:00.954  9448  9448 W MessageQueue: Handler (android.os.Handler) {1301a09} sending message to a Handler on a dead thread
11-05 11:54:00.954  9448  9448 W MessageQueue: java.lang.IllegalStateException: Handler (android.os.Handler) {1301a09} sending message to a Handler on a dead thread
11-05 11:54:00.954  9448  9448 W MessageQueue: 	at android.os.MessageQueue.enqueueMessage(MessageQueue.java:650)
11-05 11:54:00.954  9448  9448 W MessageQueue: 	at android.os.Handler.enqueueMessage(Handler.java:769)
11-05 11:54:00.954  9448  9448 W MessageQueue: 	at android.os.Handler.sendMessageAtTime(Handler.java:718)
11-05 11:54:00.954  9448  9448 W MessageQueue: 	at android.os.Handler.sendMessageDelayed(Handler.java:688)
11-05 11:54:00.954  9448  9448 W MessageQueue: 	at android.os.Handler.post(Handler.java:405)
11-05 11:54:00.954  9448  9448 W MessageQueue: 	at symlab.CloudAR.ARManager.driveFrame(ARManager.java:156)
11-05 11:54:00.954  9448  9448 W MessageQueue: 	at symlab.ARHUD.MainActivity$3.onPreviewFrame(MainActivity.java:297)
11-05 11:54:00.954  9448  9448 W MessageQueue: 	at android.hardware.Camera$EventHandler.handleMessage(Camera.java:1278)
11-05 11:54:00.954  9448  9448 W MessageQueue: 	at android.os.Handler.dispatchMessage(Handler.java:112)
11-05 11:54:00.954  9448  9448 W MessageQueue: 	at android.os.Looper.loop(Looper.java:216)
11-05 11:54:00.954  9448  9448 W MessageQueue: 	at android.app.ActivityThread.main(ActivityThread.java:7579)
11-05 11:54:00.954  9448  9448 W MessageQueue: 	at java.lang.reflect.Method.invoke(Native Method)
11-05 11:54:00.954  9448  9448 W MessageQueue: 	at com.android.internal.os.RuntimeInit$MethodAndArgsCaller.run(RuntimeInit.java:524)
11-05 11:54:00.954  9448  9448 W MessageQueue: 	at com.android.internal.os.ZygoteInit.main(ZygoteInit.java:1034)
11-05 11:54:00.988  9448  9448 W MessageQueue: Handler (android.os.Handler) {1301a09} sending message to a Handler on a dead thread
11-05 11:54:00.988  9448  9448 W MessageQueue: java.lang.IllegalStateException: Handler (android.os.Handler) {1301a09} sending message to a Handler on a dead thread
11-05 11:54:00.988  9448  9448 W MessageQueue: 	at android.os.MessageQueue.enqueueMessage(MessageQueue.java:650)
11-05 11:54:00.988  9448  9448 W MessageQueue: 	at android.os.Handler.enqueueMessage(Handler.java:769)
11-05 11:54:00.988  9448  9448 W MessageQueue: 	at android.os.Handler.sendMessageAtTime(Handler.java:718)
11-05 11:54:00.988  9448  9448 W MessageQueue: 	at android.os.Handler.sendMessageDelayed(Handler.java:688)
11-05 11:54:00.988  9448  9448 W MessageQueue: 	at android.os.Handler.post(Handler.java:405)
11-05 11:54:00.988  9448  9448 W MessageQueue: 	at symlab.CloudAR.ARManager.recognizeTime(ARManager.java:151)
11-05 11:54:00.988  9448  9448 W MessageQueue: 	at symlab.ARHUD.MainActivity$3.onPreviewFrame(MainActivity.java:296)
11-05 11:54:00.988  9448  9448 W MessageQueue: 	at android.hardware.Camera$EventHandler.handleMessage(Camera.java:1278)
11-05 11:54:00.988  9448  9448 W MessageQueue: 	at android.os.Handler.dispatchMessage(Handler.java:112)
11-05 11:54:00.988  9448  9448 W MessageQueue: 	at android.os.Looper.loop(Looper.java:216)
11-05 11:54:00.988  9448  9448 W MessageQueue: 	at android.app.ActivityThread.main(ActivityThread.java:7579)
11-05 11:54:00.988  9448  9448 W MessageQueue: 	at java.lang.reflect.Method.invoke(Native Method)
11-05 11:54:00.988  9448  9448 W MessageQueue: 	at com.android.internal.os.RuntimeInit$MethodAndArgsCaller.run(RuntimeInit.java:524)
11-05 11:54:00.988  9448  9448 W MessageQueue: 	at com.android.internal.os.ZygoteInit.main(ZygoteInit.java:1034)
11-05 11:54:00.988  9448  9448 W MessageQueue: Handler (android.os.Handler) {1301a09} sending message to a Handler on a dead thread
11-05 11:54:00.988  9448  9448 W MessageQueue: java.lang.IllegalStateException: Handler (android.os.Handler) {1301a09} sending message to a Handler on a dead thread
11-05 11:54:00.988  9448  9448 W MessageQueue: 	at android.os.MessageQueue.enqueueMessage(MessageQueue.java:650)
11-05 11:54:00.988  9448  9448 W MessageQueue: 	at android.os.Handler.enqueueMessage(Handler.java:769)
