11-06 13:24:20.034 15242 15242 D Poster  : Connected to mobile network 20
11-06 13:24:20.036 15242 15275 W System.err: java.net.SocketException: Message too long
11-06 13:24:20.037 15242 15275 W System.err: 	at sun.nio.ch.DatagramChannelImpl.send0(Native Method)
11-06 13:24:20.037 15242 15275 W System.err: 	at sun.nio.ch.DatagramChannelImpl.sendFromNativeBuffer(DatagramChannelImpl.java:573)
11-06 13:24:20.037 15242 15275 W System.err: 	at sun.nio.ch.DatagramChannelImpl.send(DatagramChannelImpl.java:550)
11-06 13:24:20.037 15242 15275 W System.err: 	at sun.nio.ch.DatagramChannelImpl.send(DatagramChannelImpl.java:514)
11-06 13:24:20.037 15242 15275 W System.err: 	at symlab.CloudAR.network.TransmissionTask.run(TransmissionTask.java:124)
11-06 13:24:20.037 15242 15275 W System.err: 	at android.os.Handler.handleCallback(Handler.java:907)
11-06 13:24:20.037 15242 15275 W System.err: 	at android.os.Handler.dispatchMessage(Handler.java:105)
11-06 13:24:20.037 15242 15275 W System.err: 	at android.os.Looper.loop(Looper.java:216)
11-06 13:24:20.037 15242 15275 W System.err: 	at android.os.HandlerThread.run(HandlerThread.java:65)
11-06 13:24:20.071 15242 15253 E         : [ZeroHung]zrhung_get_config: Get config failed for wp[0x0008]
11-06 13:24:20.071 15242 15275 W System.err: java.net.SocketException: Message too long
11-06 13:24:20.071 15242 15275 W System.err: 	at sun.nio.ch.DatagramChannelImpl.send0(Native Method)
11-06 13:24:20.071 15242 15275 W System.err: 	at sun.nio.ch.DatagramChannelImpl.sendFromNativeBuffer(DatagramChannelImpl.java:573)
11-06 13:24:20.071 15242 15275 W System.err: 	at sun.nio.ch.DatagramChannelImpl.send(DatagramChannelImpl.java:550)
11-06 13:24:20.071 15242 15275 W System.err: 	at sun.nio.ch.DatagramChannelImpl.send(DatagramChannelImpl.java:514)
11-06 13:24:20.071 15242 15275 W System.err: 	at symlab.CloudAR.network.TransmissionTask.run(TransmissionTask.java:124)
11-06 13:24:20.071 15242 15275 W System.err: 	at android.os.Handler.handleCallback(Handler.java:907)
11-06 13:24:20.071 15242 15275 W System.err: 	at android.os.Handler.dispatchMessage(Handler.java:105)
11-06 13:24:20.072 15242 15275 W System.err: 	at android.os.Looper.loop(Looper.java:216)
11-06 13:24:20.072 15242 15275 W System.err: 	at android.os.HandlerThread.run(HandlerThread.java:65)
11-06 13:24:20.096 15242 15275 W System.err: java.net.SocketException: Message too long
11-06 13:24:20.096 15242 15275 W System.err: 	at sun.nio.ch.DatagramChannelImpl.send0(Native Method)
11-06 13:24:20.097 15242 15275 W System.err: 	at sun.nio.ch.DatagramChannelImpl.sendFromNativeBuffer(DatagramChannelImpl.java:573)
11-06 13:24:20.097 15242 15275 W System.err: 	at sun.nio.ch.DatagramChannelImpl.send(DatagramChannelImpl.java:550)
11-06 13:24:20.097 15242 15275 W System.err: 	at sun.nio.ch.DatagramChannelImpl.send(DatagramChannelImpl.java:514)
11-06 13:24:20.097 15242 15275 W System.err: 	at symlab.CloudAR.network.TransmissionTask.run(TransmissionTask.java:124)
11-06 13:24:20.097 15242 15275 W System.err: 	at android.os.Handler.handleCallback(Handler.java:907)
11-06 13:24:20.097 15242 15275 W System.err: 	at android.os.Handler.dispatchMessage(Handler.java:105)
11-06 13:24:20.097 15242 15275 W System.err: 	at android.os.Looper.loop(Looper.java:216)
11-06 13:24:20.097 15242 15275 W System.err: 	at android.os.HandlerThread.run(HandlerThread.java:65)
11-06 13:24:20.128 15242 15275 W System.err: java.net.SocketException: Message too long
11-06 13:24:20.128 15242 15275 W System.err: 	at sun.nio.ch.DatagramChannelImpl.send0(Native Method)
11-06 13:24:20.128 15242 15275 W System.err: 	at sun.nio.ch.DatagramChannelImpl.sendFromNativeBuffer(DatagramChannelImpl.java:573)
11-06 13:24:20.128 15242 15275 W System.err: 	at sun.nio.ch.DatagramChannelImpl.send(DatagramChannelImpl.java:550)
11-06 13:24:20.128 15242 15275 W System.err: 	at sun.nio.ch.DatagramChannelImpl.send(DatagramChannelImpl.java:514)
11-06 13:24:20.128 15242 15275 W System.err: 	at symlab.CloudAR.network.TransmissionTask.run(TransmissionTask.java:124)
11-06 13:24:20.128 15242 15275 W System.err: 	at android.os.Handler.handleCallback(Handler.java:907)
11-06 13:24:20.128 15242 15275 W System.err: 	at android.os.Handler.dispatchMessage(Handler.java:105)
11-06 13:24:20.128 15242 15275 W System.err: 	at android.os.Looper.loop(Looper.java:216)
11-06 13:24:20.128 15242 15275 W System.err: 	at android.os.HandlerThread.run(HandlerThread.java:65)
11-06 13:24:20.162 15242 15275 W System.err: java.net.SocketException: Message too long
11-06 13:24:20.162 15242 15275 W System.err: 	at sun.nio.ch.DatagramChannelImpl.send0(Native Method)
11-06 13:24:20.162 15242 15275 W System.err: 	at sun.nio.ch.DatagramChannelImpl.sendFromNativeBuffer(DatagramChannelImpl.java:573)
11-06 13:24:20.162 15242 15275 W System.err: 	at sun.nio.ch.DatagramChannelImpl.send(DatagramChannelImpl.java:550)
11-06 13:24:20.162 15242 15275 W System.err: 	at sun.nio.ch.DatagramChannelImpl.send(DatagramChannelImpl.java:514)
11-06 13:24:20.162 15242 15275 W System.err: 	at symlab.CloudAR.network.TransmissionTask.run(TransmissionTask.java:124)
11-06 13:24:20.162 15242 15275 W System.err: 	at android.os.Handler.handleCallback(Handler.java:907)
11-06 13:24:20.162 15242 15275 W System.err: 	at android.os.Handler.dispatchMessage(Handler.java:105)
11-06 13:24:20.162 15242 15275 W System.err: 	at android.os.Looper.loop(Looper.java:216)
11-06 13:24:20.162 15242 15275 W System.err: 	at android.os.HandlerThread.run(HandlerThread.java:65)
11-06 13:24:20.203 15242 15275 W System.err: java.net.SocketException: Message too long
11-06 13:24:20.203 15242 15275 W System.err: 	at sun.nio.ch.DatagramChannelImpl.send0(Native Method)
11-06 13:24:20.203 15242 15275 W System.err: 	at sun.nio.ch.DatagramChannelImpl.sendFromNativeBuffer(DatagramChannelImpl.java:573)
11-06 13:24:20.203 15242 15275 W System.err: 	at sun.nio.ch.DatagramChannelImpl.send(DatagramChannelImpl.java:550)
11-06 13:24:20.203 15242 15275 W System.err: 	at sun.nio.ch.DatagramChannelImpl.send(DatagramChannelImpl.java:514)
11-06 13:24:20.203 15242 15275 W System.err: 	at symlab.CloudAR.network.TransmissionTask.run(TransmissionTask.java:124)
11-06 13:24:20.203 15242 15275 W System.err: 	at android.os.Handler.handleCallback(Handler.java:907)
11-06 13:24:20.203 15242 15275 W System.err: 	at android.os.Handler.dispatchMessage(Handler.java:105)
11-06 13:24:20.203 15242 15275 W System.err: 	at android.os.Looper.loop(Looper.java:216)
11-06 13:24:20.203 15242 15275 W System.err: 	at android.os.HandlerThread.run(HandlerThread.java:65)
11-06 13:24:20.242 15242 15275 W System.err: java.net.SocketException: Message too long
11-06 13:24:20.243 15242 15275 W System.err: 	at sun.nio.ch.DatagramChannelImpl.send0(Native Method)
11-06 13:24:20.243 15242 15275 W System.err: 	at sun.nio.ch.DatagramChannelImpl.sendFromNativeBuffer(DatagramChannelImpl.java:573)
11-06 13:24:20.243 15242 15275 W System.err: 	at sun.nio.ch.DatagramChannelImpl.send(DatagramChannelImpl.java:550)
11-06 13:24:20.243 15242 15275 W System.err: 	at sun.nio.ch.DatagramChannelImpl.send(DatagramChannelImpl.java:514)
11-06 13:24:20.243 15242 15275 W System.err: 	at symlab.CloudAR.network.TransmissionTask.run(TransmissionTask.java:124)
11-06 13:24:20.243 15242 15275 W System.err: 	at android.os.Handler.handleCallback(Handler.java:907)
11-06 13:24:20.243 15242 15275 W System.err: 	at android.os.Handler.dispatchMessage(Handler.java:105)
11-06 13:24:20.243 15242 15275 W System.err: 	at android.os.Looper.loop(Looper.java:216)
11-06 13:24:20.243 15242 15275 W System.err: 	at android.os.HandlerThread.run(HandlerThread.java:65)
11-06 13:24:20.271 15242 15275 W System.err: java.net.SocketException: Message too long
11-06 13:24:20.271 15242 15275 W System.err: 	at sun.nio.ch.DatagramChannelImpl.send0(Native Method)
11-06 13:24:20.272 15242 15275 W System.err: 	at sun.nio.ch.DatagramChannelImpl.sendFromNativeBuffer(DatagramChannelImpl.java:573)
11-06 13:24:20.272 15242 15275 W System.err: 	at sun.nio.ch.DatagramChannelImpl.send(DatagramChannelImpl.java:550)
11-06 13:24:20.272 15242 15275 W System.err: 	at sun.nio.ch.DatagramChannelImpl.send(DatagramChannelImpl.java:514)
11-06 13:24:20.272 15242 15275 W System.err: 	at symlab.CloudAR.network.TransmissionTask.run(TransmissionTask.java:124)
11-06 13:24:20.272 15242 15275 W System.err: 	at android.os.Handler.handleCallback(Handler.java:907)
11-06 13:24:20.272 15242 15275 W System.err: 	at android.os.Handler.dispatchMessage(Handler.java:105)
11-06 13:24:20.272 15242 15275 W System.err: 	at android.os.Looper.loop(Looper.java:216)
11-06 13:24:20.272 15242 15275 W System.err: 	at android.os.HandlerThread.run(HandlerThread.java:65)
11-06 13:24:20.302 15242 15275 W System.err: java.net.SocketException: Message too long
11-06 13:24:20.302 15242 15275 W System.err: 	at sun.nio.ch.DatagramChannelImpl.send0(Native Method)
11-06 13:24:20.302 15242 15275 W System.err: 	at sun.nio.ch.DatagramChannelImpl.sendFromNativeBuffer(DatagramChannelImpl.java:573)
11-06 13:24:20.302 15242 15275 W System.err: 	at sun.nio.ch.DatagramChannelImpl.send(DatagramChannelImpl.java:550)
11-06 13:24:20.302 15242 15275 W System.err: 	at sun.nio.ch.DatagramChannelImpl.send(DatagramChannelImpl.java:514)
11-06 13:24:20.302 15242 15275 W System.err: 	at symlab.CloudAR.network.TransmissionTask.run(TransmissionTask.java:124)
11-06 13:24:20.302 15242 15275 W System.err: 	at android.os.Handler.handleCallback(Handler.java:907)
11-06 13:24:20.302 15242 15275 W System.err: 	at android.os.Handler.dispatchMessage(Handler.java:105)
11-06 13:24:20.302 15242 15275 W System.err: 	at android.os.Looper.loop(Looper.java:216)
11-06 13:24:20.302 15242 15275 W System.err: 	at android.os.HandlerThread.run(HandlerThread.java:65)
11-06 13:24:20.345 15242 15275 W System.err: java.net.SocketException: Message too long
11-06 13:24:20.345 15242 15275 W System.err: 	at sun.nio.ch.DatagramChannelImpl.send0(Native Method)
11-06 13:24:20.345 15242 15275 W System.err: 	at sun.nio.ch.DatagramChannelImpl.sendFromNativeBuffer(DatagramChannelImpl.java:573)
11-06 13:24:20.345 15242 15275 W System.err: 	at sun.nio.ch.DatagramChannelImpl.send(DatagramChannelImpl.java:550)
11-06 13:24:20.345 15242 15275 W System.err: 	at sun.nio.ch.DatagramChannelImpl.send(DatagramChannelImpl.java:514)
11-06 13:24:20.345 15242 15275 W System.err: 	at symlab.CloudAR.network.TransmissionTask.run(TransmissionTask.java:124)
11-06 13:24:20.345 15242 15275 W System.err: 	at android.os.Handler.handleCallback(Handler.java:907)
11-06 13:24:20.345 15242 15275 W System.err: 	at android.os.Handler.dispatchMessage(Handler.java:105)
11-06 13:24:20.346 15242 15275 W System.err: 	at android.os.Looper.loop(Looper.java:216)
11-06 13:24:20.346 15242 15275 W System.err: 	at android.os.HandlerThread.run(HandlerThread.java:65)
11-06 13:24:20.371 15242 15275 W System.err: java.net.SocketException: Message too long
11-06 13:24:20.371 15242 15275 W System.err: 	at sun.nio.ch.DatagramChannelImpl.send0(Native Method)
11-06 13:24:20.371 15242 15275 W System.err: 	at sun.nio.ch.DatagramChannelImpl.sendFromNativeBuffer(DatagramChannelImpl.java:573)
11-06 13:24:20.371 15242 15275 W System.err: 	at sun.nio.ch.DatagramChannelImpl.send(DatagramChannelImpl.java:550)
11-06 13:24:20.371 15242 15275 W System.err: 	at sun.nio.ch.DatagramChannelImpl.send(DatagramChannelImpl.java:514)
11-06 13:24:20.371 15242 15275 W System.err: 	at symlab.CloudAR.network.TransmissionTask.run(TransmissionTask.java:124)
11-06 13:24:20.371 15242 15275 W System.err: 	at android.os.Handler.handleCallback(Handler.java:907)
11-06 13:24:20.371 15242 15275 W System.err: 	at android.os.Handler.dispatchMessage(Handler.java:105)
11-06 13:24:20.371 15242 15275 W System.err: 	at android.os.Looper.loop(Looper.java:216)
11-06 13:24:20.371 15242 15275 W System.err: 	at android.os.HandlerThread.run(HandlerThread.java:65)
11-06 13:24:20.407 15242 15275 W System.err: java.net.SocketException: Message too long
11-06 13:24:20.407 15242 15275 W System.err: 	at sun.nio.ch.DatagramChannelImpl.send0(Native Method)
11-06 13:24:20.407 15242 15275 W System.err: 	at sun.nio.ch.DatagramChannelImpl.sendFromNativeBuffer(DatagramChannelImpl.java:573)
11-06 13:24:20.407 15242 15275 W System.err: 	at sun.nio.ch.DatagramChannelImpl.send(DatagramChannelImpl.java:550)
11-06 13:24:20.407 15242 15275 W System.err: 	at sun.nio.ch.DatagramChannelImpl.send(DatagramChannelImpl.java:514)
11-06 13:24:20.407 15242 15275 W System.err: 	at symlab.CloudAR.network.TransmissionTask.run(TransmissionTask.java:124)
11-06 13:24:20.407 15242 15275 W System.err: 	at android.os.Handler.handleCallback(Handler.java:907)
11-06 13:24:20.407 15242 15275 W System.err: 	at android.os.Handler.dispatchMessage(Handler.java:105)
11-06 13:24:20.407 15242 15275 W System.err: 	at android.os.Looper.loop(Looper.java:216)
11-06 13:24:20.408 15242 15275 W System.err: 	at android.os.HandlerThread.run(HandlerThread.java:65)
11-06 13:24:20.442 15242 15275 W System.err: java.net.SocketException: Message too long
11-06 13:24:20.442 15242 15275 W System.err: 	at sun.nio.ch.DatagramChannelImpl.send0(Native Method)
11-06 13:24:20.442 15242 15275 W System.err: 	at sun.nio.ch.DatagramChannelImpl.sendFromNativeBuffer(DatagramChannelImpl.java:573)
11-06 13:24:20.442 15242 15275 W System.err: 	at sun.nio.ch.DatagramChannelImpl.send(DatagramChannelImpl.java:550)
11-06 13:24:20.442 15242 15275 W System.err: 	at sun.nio.ch.DatagramChannelImpl.send(DatagramChannelImpl.java:514)
11-06 13:24:20.442 15242 15275 W System.err: 	at symlab.CloudAR.network.TransmissionTask.run(TransmissionTask.java:124)
11-06 13:24:20.442 15242 15275 W System.err: 	at android.os.Handler.handleCallback(Handler.java:907)
11-06 13:24:20.442 15242 15275 W System.err: 	at android.os.Handler.dispatchMessage(Handler.java:105)
11-06 13:24:20.442 15242 15275 W System.err: 	at android.os.Looper.loop(Looper.java:216)
11-06 13:24:20.442 15242 15275 W System.err: 	at android.os.HandlerThread.run(HandlerThread.java:65)
11-06 13:24:20.473 15242 15275 W System.err: java.net.SocketException: Message too long
11-06 13:24:20.473 15242 15275 W System.err: 	at sun.nio.ch.DatagramChannelImpl.send0(Native Method)
11-06 13:24:20.473 15242 15275 W System.err: 	at sun.nio.ch.DatagramChannelImpl.sendFromNativeBuffer(DatagramChannelImpl.java:573)
11-06 13:24:20.473 15242 15275 W System.err: 	at sun.nio.ch.DatagramChannelImpl.send(DatagramChannelImpl.java:550)
11-06 13:24:20.473 15242 15275 W System.err: 	at sun.nio.ch.DatagramChannelImpl.send(DatagramChannelImpl.java:514)
11-06 13:24:20.473 15242 15275 W System.err: 	at symlab.CloudAR.network.TransmissionTask.run(TransmissionTask.java:124)
11-06 13:24:20.473 15242 15275 W System.err: 	at android.os.Handler.handleCallback(Handler.java:907)
11-06 13:24:20.473 15242 15275 W System.err: 	at android.os.Handler.dispatchMessage(Handler.java:105)
11-06 13:24:20.473 15242 15275 W System.err: 	at android.os.Looper.loop(Looper.java:216)
11-06 13:24:20.473 15242 15275 W System.err: 	at android.os.HandlerThread.run(HandlerThread.java:65)
11-06 13:24:20.498 15242 15275 W System.err: java.net.SocketException: Message too long
11-06 13:24:20.498 15242 15275 W System.err: 	at sun.nio.ch.DatagramChannelImpl.send0(Native Method)
11-06 13:24:20.498 15242 15275 W System.err: 	at sun.nio.ch.DatagramChannelImpl.sendFromNativeBuffer(DatagramChannelImpl.java:573)
11-06 13:24:20.498 15242 15275 W System.err: 	at sun.nio.ch.DatagramChannelImpl.send(DatagramChannelImpl.java:550)
11-06 13:24:20.499 15242 15275 W System.err: 	at sun.nio.ch.DatagramChannelImpl.send(DatagramChannelImpl.java:514)
11-06 13:24:20.499 15242 15275 W System.err: 	at symlab.CloudAR.network.TransmissionTask.run(TransmissionTask.java:124)
11-06 13:24:20.499 15242 15275 W System.err: 	at android.os.Handler.handleCallback(Handler.java:907)
11-06 13:24:20.499 15242 15275 W System.err: 	at android.os.Handler.dispatchMessage(Handler.java:105)
11-06 13:24:20.499 15242 15275 W System.err: 	at android.os.Looper.loop(Looper.java:216)
11-06 13:24:20.499 15242 15275 W System.err: 	at android.os.HandlerThread.run(HandlerThread.java:65)
11-06 13:24:20.543 15242 15275 W System.err: java.net.SocketException: Message too long
11-06 13:24:20.543 15242 15275 W System.err: 	at sun.nio.ch.DatagramChannelImpl.send0(Native Method)
11-06 13:24:20.543 15242 15275 W System.err: 	at sun.nio.ch.DatagramChannelImpl.sendFromNativeBuffer(DatagramChannelImpl.java:573)
11-06 13:24:20.543 15242 15275 W System.err: 	at sun.nio.ch.DatagramChannelImpl.send(DatagramChannelImpl.java:550)
11-06 13:24:20.543 15242 15275 W System.err: 	at sun.nio.ch.DatagramChannelImpl.send(DatagramChannelImpl.java:514)
11-06 13:24:20.543 15242 15275 W System.err: 	at symlab.CloudAR.network.TransmissionTask.run(TransmissionTask.java:124)
11-06 13:24:20.543 15242 15275 W System.err: 	at android.os.Handler.handleCallback(Handler.java:907)
11-06 13:24:20.543 15242 15275 W System.err: 	at android.os.Handler.dispatchMessage(Handler.java:105)
11-06 13:24:20.543 15242 15275 W System.err: 	at android.os.Looper.loop(Looper.java:216)
11-06 13:24:20.543 15242 15275 W System.err: 	at android.os.HandlerThread.run(HandlerThread.java:65)
11-06 13:24:20.578 15242 15275 W System.err: java.net.SocketException: Message too long
11-06 13:24:20.578 15242 15275 W System.err: 	at sun.nio.ch.DatagramChannelImpl.send0(Native Method)
11-06 13:24:20.578 15242 15275 W System.err: 	at sun.nio.ch.DatagramChannelImpl.sendFromNativeBuffer(DatagramChannelImpl.java:573)
11-06 13:24:20.578 15242 15275 W System.err: 	at sun.nio.ch.DatagramChannelImpl.send(DatagramChannelImpl.java:550)
11-06 13:24:20.578 15242 15275 W System.err: 	at sun.nio.ch.DatagramChannelImpl.send(DatagramChannelImpl.java:514)
11-06 13:24:20.578 15242 15275 W System.err: 	at symlab.CloudAR.network.TransmissionTask.run(TransmissionTask.java:124)
11-06 13:24:20.578 15242 15275 W System.err: 	at android.os.Handler.handleCallback(Handler.java:907)
11-06 13:24:20.578 15242 15275 W System.err: 	at android.os.Handler.dispatchMessage(Handler.java:105)
11-06 13:24:20.578 15242 15275 W System.err: 	at android.os.Looper.loop(Looper.java:216)
11-06 13:24:20.578 15242 15275 W System.err: 	at android.os.HandlerThread.run(HandlerThread.java:65)
11-06 13:24:20.608 15242 15275 W System.err: java.net.SocketException: Message too long
11-06 13:24:20.608 15242 15275 W System.err: 	at sun.nio.ch.DatagramChannelImpl.send0(Native Method)
11-06 13:24:20.608 15242 15275 W System.err: 	at sun.nio.ch.DatagramChannelImpl.sendFromNativeBuffer(DatagramChannelImpl.java:573)
11-06 13:24:20.608 15242 15275 W System.err: 	at sun.nio.ch.DatagramChannelImpl.send(DatagramChannelImpl.java:550)
11-06 13:24:20.608 15242 15275 W System.err: 	at sun.nio.ch.DatagramChannelImpl.send(DatagramChannelImpl.java:514)
11-06 13:24:20.608 15242 15275 W System.err: 	at symlab.CloudAR.network.TransmissionTask.run(TransmissionTask.java:124)
11-06 13:24:20.608 15242 15275 W System.err: 	at android.os.Handler.handleCallback(Handler.java:907)
11-06 13:24:20.608 15242 15275 W System.err: 	at android.os.Handler.dispatchMessage(Handler.java:105)
11-06 13:24:20.608 15242 15275 W System.err: 	at android.os.Looper.loop(Looper.java:216)
11-06 13:24:20.608 15242 15275 W System.err: 	at android.os.HandlerThread.run(HandlerThread.java:65)
11-06 13:24:20.632 15242 15275 W System.err: java.net.SocketException: Message too long
11-06 13:24:20.632 15242 15275 W System.err: 	at sun.nio.ch.DatagramChannelImpl.send0(Native Method)
11-06 13:24:20.632 15242 15275 W System.err: 	at sun.nio.ch.DatagramChannelImpl.sendFromNativeBuffer(DatagramChannelImpl.java:573)
11-06 13:24:20.632 15242 15275 W System.err: 	at sun.nio.ch.DatagramChannelImpl.send(DatagramChannelImpl.java:550)
11-06 13:24:20.632 15242 15275 W System.err: 	at sun.nio.ch.DatagramChannelImpl.send(DatagramChannelImpl.java:514)
11-06 13:24:20.632 15242 15275 W System.err: 	at symlab.CloudAR.network.TransmissionTask.run(TransmissionTask.java:124)
11-06 13:24:20.632 15242 15275 W System.err: 	at android.os.Handler.handleCallback(Handler.java:907)
11-06 13:24:20.632 15242 15275 W System.err: 	at android.os.Handler.dispatchMessage(Handler.java:105)
11-06 13:24:20.632 15242 15275 W System.err: 	at android.os.Looper.loop(Looper.java:216)
11-06 13:24:20.632 15242 15275 W System.err: 	at android.os.HandlerThread.run(HandlerThread.java:65)
11-06 13:24:20.674 15242 15275 D Evaluation: Frame 126 sent at 1573039460674
11-06 13:24:20.718 15242 15275 D Evaluation: Frame 128 sent at 1573039460718
11-06 13:24:20.742 15242 15275 D Evaluation: Frame 128 sent at 1573039460742
11-06 13:24:20.779 15242 15275 D Evaluation: Frame 129 sent at 1573039460779
11-06 13:24:20.802 15242 15275 W System.err: java.net.SocketException: Message too long
11-06 13:24:20.802 15242 15275 W System.err: 	at sun.nio.ch.DatagramChannelImpl.send0(Native Method)
11-06 13:24:20.803 15242 15275 W System.err: 	at sun.nio.ch.DatagramChannelImpl.sendFromNativeBuffer(DatagramChannelImpl.java:573)
11-06 13:24:20.803 15242 15275 W System.err: 	at sun.nio.ch.DatagramChannelImpl.send(DatagramChannelImpl.java:550)
11-06 13:24:20.803 15242 15275 W System.err: 	at sun.nio.ch.DatagramChannelImpl.send(DatagramChannelImpl.java:514)
11-06 13:24:20.803 15242 15275 W System.err: 	at symlab.CloudAR.network.TransmissionTask.run(TransmissionTask.java:124)
11-06 13:24:20.803 15242 15275 W System.err: 	at android.os.Handler.handleCallback(Handler.java:907)
11-06 13:24:20.803 15242 15275 W System.err: 	at android.os.Handler.dispatchMessage(Handler.java:105)
11-06 13:24:20.803 15242 15275 W System.err: 	at android.os.Looper.loop(Looper.java:216)
11-06 13:24:20.803 15242 15275 W System.err: 	at android.os.HandlerThread.run(HandlerThread.java:65)
11-06 13:24:20.835 15242 15275 W System.err: java.net.SocketException: Message too long
11-06 13:24:20.836 15242 15275 W System.err: 	at sun.nio.ch.DatagramChannelImpl.send0(Native Method)
11-06 13:24:20.836 15242 15275 W System.err: 	at sun.nio.ch.DatagramChannelImpl.sendFromNativeBuffer(DatagramChannelImpl.java:573)
11-06 13:24:20.836 15242 15275 W System.err: 	at sun.nio.ch.DatagramChannelImpl.send(DatagramChannelImpl.java:550)
11-06 13:24:20.836 15242 15275 W System.err: 	at sun.nio.ch.DatagramChannelImpl.send(DatagramChannelImpl.java:514)
11-06 13:24:20.836 15242 15275 W System.err: 	at symlab.CloudAR.network.TransmissionTask.run(TransmissionTask.java:124)
11-06 13:24:20.836 15242 15275 W System.err: 	at android.os.Handler.handleCallback(Handler.java:907)
11-06 13:24:20.836 15242 15275 W System.err: 	at android.os.Handler.dispatchMessage(Handler.java:105)
11-06 13:24:20.836 15242 15275 W System.err: 	at android.os.Looper.loop(Looper.java:216)
11-06 13:24:20.836 15242 15275 W System.err: 	at android.os.HandlerThread.run(HandlerThread.java:65)
11-06 13:24:20.874 15242 15275 D Evaluation: Frame 132 sent at 1573039460874
11-06 13:24:20.898 15242 15253 E         : [ZeroHung]zrhung_get_config: Get config failed for wp[0x0008]
11-06 13:24:20.898 15242 15275 D Evaluation: Frame 133 sent at 1573039460898
11-06 13:24:20.914 15242 15259 I loudridar.arhu: Waiting for a blocking GC ProfileSaver
11-06 13:24:20.931 15242 15242 I AwareBitmapCacher: init lrucache size: 2097152 pid=15242
11-06 13:24:20.935 15242 15275 D Evaluation: Frame 134 sent at 1573039460935
11-06 13:24:20.936 15242 15275 D Evaluation: 0 res for frame 126 received at 1573039460936
11-06 13:24:20.979 15242 15275 D Evaluation: Frame 135 sent at 1573039460979
11-06 13:24:21.023 15242 15275 D Evaluation: Frame 136 sent at 1573039461023
11-06 13:24:21.042 15242 15242 D Poster  : At 1573039461042 location is 65.06010520337291 (latitude), and 25.46680033408033 (longitude)
11-06 13:24:21.045 15242 15242 D Poster  : Connected to mobile network 20
11-06 13:24:21.046 15242 15275 D Evaluation: Frame 137 sent at 1573039461046
11-06 13:24:21.082 15242 15275 D Evaluation: Frame 138 sent at 1573039461082
11-06 13:24:21.103 15242 15275 D Evaluation: Frame 139 sent at 1573039461102
11-06 13:24:21.140 15242 15275 D Evaluation: Frame 140 sent at 1573039461140
11-06 13:24:21.141 15242 15275 D Evaluation: 1 res for frame 127 received at 1573039461141
11-06 13:24:21.173 15242 15275 D Evaluation: Frame 141 sent at 1573039461173
11-06 13:24:21.208 15242 15275 W System.err: java.net.SocketException: Message too long
11-06 13:24:21.208 15242 15275 W System.err: 	at sun.nio.ch.DatagramChannelImpl.send0(Native Method)
11-06 13:24:21.208 15242 15275 W System.err: 	at sun.nio.ch.DatagramChannelImpl.sendFromNativeBuffer(DatagramChannelImpl.java:573)
11-06 13:24:21.208 15242 15275 W System.err: 	at sun.nio.ch.DatagramChannelImpl.send(DatagramChannelImpl.java:550)
11-06 13:24:21.208 15242 15275 W System.err: 	at sun.nio.ch.DatagramChannelImpl.send(DatagramChannelImpl.java:514)
11-06 13:24:21.208 15242 15275 W System.err: 	at symlab.CloudAR.network.TransmissionTask.run(TransmissionTask.java:124)
11-06 13:24:21.208 15242 15275 W System.err: 	at android.os.Handler.handleCallback(Handler.java:907)
11-06 13:24:21.208 15242 15275 W System.err: 	at android.os.Handler.dispatchMessage(Handler.java:105)
11-06 13:24:21.208 15242 15275 W System.err: 	at android.os.Looper.loop(Looper.java:216)
11-06 13:24:21.208 15242 15275 W System.err: 	at android.os.HandlerThread.run(HandlerThread.java:65)
11-06 13:24:21.238 15242 15275 D Evaluation: Frame 143 sent at 1573039461238
11-06 13:24:21.274 15242 15275 D Evaluation: Frame 144 sent at 1573039461274
11-06 13:24:21.307 15242 15275 D Evaluation: Frame 145 sent at 1573039461307
11-06 13:24:21.342 15242 15275 D Evaluation: Frame 146 sent at 1573039461342
11-06 13:24:21.377 15242 15275 W System.err: java.net.SocketException: Message too long
11-06 13:24:21.377 15242 15275 W System.err: 	at sun.nio.ch.DatagramChannelImpl.send0(Native Method)
11-06 13:24:21.377 15242 15275 W System.err: 	at sun.nio.ch.DatagramChannelImpl.sendFromNativeBuffer(DatagramChannelImpl.java:573)
11-06 13:24:21.377 15242 15275 W System.err: 	at sun.nio.ch.DatagramChannelImpl.send(DatagramChannelImpl.java:550)
11-06 13:24:21.377 15242 15275 W System.err: 	at sun.nio.ch.DatagramChannelImpl.send(DatagramChannelImpl.java:514)
11-06 13:24:21.377 15242 15275 W System.err: 	at symlab.CloudAR.network.TransmissionTask.run(TransmissionTask.java:124)
11-06 13:24:21.377 15242 15275 W System.err: 	at android.os.Handler.handleCallback(Handler.java:907)
11-06 13:24:21.377 15242 15275 W System.err: 	at android.os.Handler.dispatchMessage(Handler.java:105)
11-06 13:24:21.377 15242 15275 W System.err: 	at android.os.Looper.loop(Looper.java:216)
11-06 13:24:21.377 15242 15275 W System.err: 	at android.os.HandlerThread.run(HandlerThread.java:65)
11-06 13:24:21.410 15242 15275 W System.err: java.net.SocketException: Message too long
11-06 13:24:21.411 15242 15275 W System.err: 	at sun.nio.ch.DatagramChannelImpl.send0(Native Method)
11-06 13:24:21.411 15242 15275 W System.err: 	at sun.nio.ch.DatagramChannelImpl.sendFromNativeBuffer(DatagramChannelImpl.java:573)
11-06 13:24:21.411 15242 15275 W System.err: 	at sun.nio.ch.DatagramChannelImpl.send(DatagramChannelImpl.java:550)
11-06 13:24:21.411 15242 15275 W System.err: 	at sun.nio.ch.DatagramChannelImpl.send(DatagramChannelImpl.java:514)
11-06 13:24:21.411 15242 15275 W System.err: 	at symlab.CloudAR.network.TransmissionTask.run(TransmissionTask.java:124)
11-06 13:24:21.411 15242 15275 W System.err: 	at android.os.Handler.handleCallback(Handler.java:907)
11-06 13:24:21.411 15242 15275 W System.err: 	at android.os.Handler.dispatchMessage(Handler.java:105)
11-06 13:24:21.411 15242 15275 W System.err: 	at android.os.Looper.loop(Looper.java:216)
11-06 13:24:21.411 15242 15275 W System.err: 	at android.os.HandlerThread.run(HandlerThread.java:65)
11-06 13:24:21.451 15242 15275 D Evaluation: Frame 149 sent at 1573039461451
11-06 13:24:21.474 15242 15275 D Evaluation: Frame 150 sent at 1573039461474
11-06 13:24:21.509 15242 15275 W System.err: java.net.SocketException: Message too long
11-06 13:24:21.509 15242 15275 W System.err: 	at sun.nio.ch.DatagramChannelImpl.send0(Native Method)
11-06 13:24:21.509 15242 15275 W System.err: 	at sun.nio.ch.DatagramChannelImpl.sendFromNativeBuffer(DatagramChannelImpl.java:573)
11-06 13:24:21.509 15242 15275 W System.err: 	at sun.nio.ch.DatagramChannelImpl.send(DatagramChannelImpl.java:550)
11-06 13:24:21.509 15242 15275 W System.err: 	at sun.nio.ch.DatagramChannelImpl.send(DatagramChannelImpl.java:514)
11-06 13:24:21.509 15242 15275 W System.err: 	at symlab.CloudAR.network.TransmissionTask.run(TransmissionTask.java:124)
11-06 13:24:21.510 15242 15275 W System.err: 	at android.os.Handler.handleCallback(Handler.java:907)
11-06 13:24:21.510 15242 15275 W System.err: 	at android.os.Handler.dispatchMessage(Handler.java:105)
11-06 13:24:21.510 15242 15275 W System.err: 	at android.os.Looper.loop(Looper.java:216)
11-06 13:24:21.510 15242 15275 W System.err: 	at android.os.HandlerThread.run(HandlerThread.java:65)
11-06 13:24:21.545 15242 15275 W System.err: java.net.SocketException: Message too long
11-06 13:24:21.545 15242 15275 W System.err: 	at sun.nio.ch.DatagramChannelImpl.send0(Native Method)
11-06 13:24:21.545 15242 15275 W System.err: 	at sun.nio.ch.DatagramChannelImpl.sendFromNativeBuffer(DatagramChannelImpl.java:573)
11-06 13:24:21.545 15242 15275 W System.err: 	at sun.nio.ch.DatagramChannelImpl.send(DatagramChannelImpl.java:550)
11-06 13:24:21.545 15242 15275 W System.err: 	at sun.nio.ch.DatagramChannelImpl.send(DatagramChannelImpl.java:514)
11-06 13:24:21.545 15242 15275 W System.err: 	at symlab.CloudAR.network.TransmissionTask.run(TransmissionTask.java:124)
11-06 13:24:21.545 15242 15275 W System.err: 	at android.os.Handler.handleCallback(Handler.java:907)
11-06 13:24:21.545 15242 15275 W System.err: 	at android.os.Handler.dispatchMessage(Handler.java:105)
11-06 13:24:21.545 15242 15275 W System.err: 	at android.os.Looper.loop(Looper.java:216)
11-06 13:24:21.545 15242 15275 W System.err: 	at android.os.HandlerThread.run(HandlerThread.java:65)
11-06 13:24:21.589 15242 15275 W System.err: java.net.SocketException: Message too long
11-06 13:24:21.589 15242 15275 W System.err: 	at sun.nio.ch.DatagramChannelImpl.send0(Native Method)
11-06 13:24:21.589 15242 15275 W System.err: 	at sun.nio.ch.DatagramChannelImpl.sendFromNativeBuffer(DatagramChannelImpl.java:573)
11-06 13:24:21.589 15242 15275 W System.err: 	at sun.nio.ch.DatagramChannelImpl.send(DatagramChannelImpl.java:550)
11-06 13:24:21.589 15242 15275 W System.err: 	at sun.nio.ch.DatagramChannelImpl.send(DatagramChannelImpl.java:514)
11-06 13:24:21.589 15242 15275 W System.err: 	at symlab.CloudAR.network.TransmissionTask.run(TransmissionTask.java:124)
11-06 13:24:21.589 15242 15275 W System.err: 	at android.os.Handler.handleCallback(Handler.java:907)
11-06 13:24:21.589 15242 15275 W System.err: 	at android.os.Handler.dispatchMessage(Handler.java:105)
11-06 13:24:21.589 15242 15275 W System.err: 	at android.os.Looper.loop(Looper.java:216)
11-06 13:24:21.589 15242 15275 W System.err: 	at android.os.HandlerThread.run(HandlerThread.java:65)
11-06 13:24:21.618 15242 15275 W System.err: java.net.SocketException: Message too long
11-06 13:24:21.618 15242 15275 W System.err: 	at sun.nio.ch.DatagramChannelImpl.send0(Native Method)
11-06 13:24:21.618 15242 15275 W System.err: 	at sun.nio.ch.DatagramChannelImpl.sendFromNativeBuffer(DatagramChannelImpl.java:573)
11-06 13:24:21.618 15242 15275 W System.err: 	at sun.nio.ch.DatagramChannelImpl.send(DatagramChannelImpl.java:550)
11-06 13:24:21.618 15242 15275 W System.err: 	at sun.nio.ch.DatagramChannelImpl.send(DatagramChannelImpl.java:514)
11-06 13:24:21.618 15242 15275 W System.err: 	at symlab.CloudAR.network.TransmissionTask.run(TransmissionTask.java:124)
11-06 13:24:21.618 15242 15275 W System.err: 	at android.os.Handler.handleCallback(Handler.java:907)
11-06 13:24:21.618 15242 15275 W System.err: 	at android.os.Handler.dispatchMessage(Handler.java:105)
11-06 13:24:21.618 15242 15275 W System.err: 	at android.os.Looper.loop(Looper.java:216)
11-06 13:24:21.618 15242 15275 W System.err: 	at android.os.HandlerThread.run(HandlerThread.java:65)
11-06 13:24:21.650 15242 15275 W System.err: java.net.SocketException: Message too long
11-06 13:24:21.650 15242 15275 W System.err: 	at sun.nio.ch.DatagramChannelImpl.send0(Native Method)
11-06 13:24:21.651 15242 15275 W System.err: 	at sun.nio.ch.DatagramChannelImpl.sendFromNativeBuffer(DatagramChannelImpl.java:573)
11-06 13:24:21.651 15242 15275 W System.err: 	at sun.nio.ch.DatagramChannelImpl.send(DatagramChannelImpl.java:550)
11-06 13:24:21.651 15242 15275 W System.err: 	at sun.nio.ch.DatagramChannelImpl.send(DatagramChannelImpl.java:514)
11-06 13:24:21.651 15242 15275 W System.err: 	at symlab.CloudAR.network.TransmissionTask.run(TransmissionTask.java:124)
11-06 13:24:21.651 15242 15275 W System.err: 	at android.os.Handler.handleCallback(Handler.java:907)
11-06 13:24:21.651 15242 15275 W System.err: 	at android.os.Handler.dispatchMessage(Handler.java:105)
11-06 13:24:21.651 15242 15275 W System.err: 	at android.os.Looper.loop(Looper.java:216)
11-06 13:24:21.651 15242 15275 W System.err: 	at android.os.HandlerThread.run(HandlerThread.java:65)
11-06 13:24:21.677 15242 15275 W System.err: java.net.SocketException: Message too long
11-06 13:24:21.677 15242 15275 W System.err: 	at sun.nio.ch.DatagramChannelImpl.send0(Native Method)
11-06 13:24:21.677 15242 15275 W System.err: 	at sun.nio.ch.DatagramChannelImpl.sendFromNativeBuffer(DatagramChannelImpl.java:573)
11-06 13:24:21.677 15242 15275 W System.err: 	at sun.nio.ch.DatagramChannelImpl.send(DatagramChannelImpl.java:550)
11-06 13:24:21.677 15242 15275 W System.err: 	at sun.nio.ch.DatagramChannelImpl.send(DatagramChannelImpl.java:514)
11-06 13:24:21.677 15242 15275 W System.err: 	at symlab.CloudAR.network.TransmissionTask.run(TransmissionTask.java:124)
11-06 13:24:21.677 15242 15275 W System.err: 	at android.os.Handler.handleCallback(Handler.java:907)
11-06 13:24:21.677 15242 15275 W System.err: 	at android.os.Handler.dispatchMessage(Handler.java:105)
11-06 13:24:21.677 15242 15275 W System.err: 	at android.os.Looper.loop(Looper.java:216)
11-06 13:24:21.677 15242 15275 W System.err: 	at android.os.HandlerThread.run(HandlerThread.java:65)
11-06 13:24:21.717 15242 15275 W System.err: java.net.SocketException: Message too long
11-06 13:24:21.717 15242 15275 W System.err: 	at sun.nio.ch.DatagramChannelImpl.send0(Native Method)
11-06 13:24:21.717 15242 15275 W System.err: 	at sun.nio.ch.DatagramChannelImpl.sendFromNativeBuffer(DatagramChannelImpl.java:573)
11-06 13:24:21.717 15242 15275 W System.err: 	at sun.nio.ch.DatagramChannelImpl.send(DatagramChannelImpl.java:550)
11-06 13:24:21.717 15242 15275 W System.err: 	at sun.nio.ch.DatagramChannelImpl.send(DatagramChannelImpl.java:514)
11-06 13:24:21.717 15242 15275 W System.err: 	at symlab.CloudAR.network.TransmissionTask.run(TransmissionTask.java:124)
11-06 13:24:21.717 15242 15275 W System.err: 	at android.os.Handler.handleCallback(Handler.java:907)
11-06 13:24:21.717 15242 15275 W System.err: 	at android.os.Handler.dispatchMessage(Handler.java:105)
11-06 13:24:21.717 15242 15275 W System.err: 	at android.os.Looper.loop(Looper.java:216)
11-06 13:24:21.717 15242 15275 W System.err: 	at android.os.HandlerThread.run(HandlerThread.java:65)
11-06 13:24:21.743 15242 15275 W System.err: java.net.SocketException: Message too long
11-06 13:24:21.743 15242 15275 W System.err: 	at sun.nio.ch.DatagramChannelImpl.send0(Native Method)
11-06 13:24:21.743 15242 15275 W System.err: 	at sun.nio.ch.DatagramChannelImpl.sendFromNativeBuffer(DatagramChannelImpl.java:573)
11-06 13:24:21.743 15242 15275 W System.err: 	at sun.nio.ch.DatagramChannelImpl.send(DatagramChannelImpl.java:550)
11-06 13:24:21.743 15242 15275 W System.err: 	at sun.nio.ch.DatagramChannelImpl.send(DatagramChannelImpl.java:514)
11-06 13:24:21.743 15242 15275 W System.err: 	at symlab.CloudAR.network.TransmissionTask.run(TransmissionTask.java:124)
11-06 13:24:21.743 15242 15275 W System.err: 	at android.os.Handler.handleCallback(Handler.java:907)
11-06 13:24:21.743 15242 15275 W System.err: 	at android.os.Handler.dispatchMessage(Handler.java:105)
11-06 13:24:21.743 15242 15275 W System.err: 	at android.os.Looper.loop(Looper.java:216)
11-06 13:24:21.743 15242 15275 W System.err: 	at android.os.HandlerThread.run(HandlerThread.java:65)
11-06 13:24:21.785 15242 15275 W System.err: java.net.SocketException: Message too long
11-06 13:24:21.785 15242 15275 W System.err: 	at sun.nio.ch.DatagramChannelImpl.send0(Native Method)
11-06 13:24:21.785 15242 15275 W System.err: 	at sun.nio.ch.DatagramChannelImpl.sendFromNativeBuffer(DatagramChannelImpl.java:573)
11-06 13:24:21.786 15242 15275 W System.err: 	at sun.nio.ch.DatagramChannelImpl.send(DatagramChannelImpl.java:550)
11-06 13:24:21.786 15242 15275 W System.err: 	at sun.nio.ch.DatagramChannelImpl.send(DatagramChannelImpl.java:514)
11-06 13:24:21.786 15242 15275 W System.err: 	at symlab.CloudAR.network.TransmissionTask.run(TransmissionTask.java:124)
11-06 13:24:21.786 15242 15275 W System.err: 	at android.os.Handler.handleCallback(Handler.java:907)
11-06 13:24:21.786 15242 15275 W System.err: 	at android.os.Handler.dispatchMessage(Handler.java:105)
11-06 13:24:21.786 15242 15275 W System.err: 	at android.os.Looper.loop(Looper.java:216)
11-06 13:24:21.786 15242 15275 W System.err: 	at android.os.HandlerThread.run(HandlerThread.java:65)
11-06 13:24:21.818 15242 15275 W System.err: java.net.SocketException: Message too long
11-06 13:24:21.818 15242 15275 W System.err: 	at sun.nio.ch.DatagramChannelImpl.send0(Native Method)
11-06 13:24:21.818 15242 15275 W System.err: 	at sun.nio.ch.DatagramChannelImpl.sendFromNativeBuffer(DatagramChannelImpl.java:573)
11-06 13:24:21.818 15242 15275 W System.err: 	at sun.nio.ch.DatagramChannelImpl.send(DatagramChannelImpl.java:550)
11-06 13:24:21.818 15242 15275 W System.err: 	at sun.nio.ch.DatagramChannelImpl.send(DatagramChannelImpl.java:514)
11-06 13:24:21.818 15242 15275 W System.err: 	at symlab.CloudAR.network.TransmissionTask.run(TransmissionTask.java:124)
11-06 13:24:21.818 15242 15275 W System.err: 	at android.os.Handler.handleCallback(Handler.java:907)
11-06 13:24:21.818 15242 15275 W System.err: 	at android.os.Handler.dispatchMessage(Handler.java:105)
11-06 13:24:21.818 15242 15275 W System.err: 	at android.os.Looper.loop(Looper.java:216)
11-06 13:24:21.818 15242 15275 W System.err: 	at android.os.HandlerThread.run(HandlerThread.java:65)
11-06 13:24:21.847 15242 15275 W System.err: java.net.SocketException: Message too long
11-06 13:24:21.847 15242 15275 W System.err: 	at sun.nio.ch.DatagramChannelImpl.send0(Native Method)
11-06 13:24:21.847 15242 15275 W System.err: 	at sun.nio.ch.DatagramChannelImpl.sendFromNativeBuffer(DatagramChannelImpl.java:573)
11-06 13:24:21.847 15242 15275 W System.err: 	at sun.nio.ch.DatagramChannelImpl.send(DatagramChannelImpl.java:550)
11-06 13:24:21.847 15242 15275 W System.err: 	at sun.nio.ch.DatagramChannelImpl.send(DatagramChannelImpl.java:514)
11-06 13:24:21.847 15242 15275 W System.err: 	at symlab.CloudAR.network.TransmissionTask.run(TransmissionTask.java:124)
11-06 13:24:21.847 15242 15275 W System.err: 	at android.os.Handler.handleCallback(Handler.java:907)
11-06 13:24:21.847 15242 15275 W System.err: 	at android.os.Handler.dispatchMessage(Handler.java:105)
11-06 13:24:21.847 15242 15275 W System.err: 	at android.os.Looper.loop(Looper.java:216)
11-06 13:24:21.847 15242 15275 W System.err: 	at android.os.HandlerThread.run(HandlerThread.java:65)
11-06 13:24:21.876 15242 15253 E         : [ZeroHung]zrhung_get_config: Get config failed for wp[0x0008]
11-06 13:24:21.877 15242 15275 W System.err: java.net.SocketException: Message too long
11-06 13:24:21.877 15242 15275 W System.err: 	at sun.nio.ch.DatagramChannelImpl.send0(Native Method)
11-06 13:24:21.877 15242 15275 W System.err: 	at sun.nio.ch.DatagramChannelImpl.sendFromNativeBuffer(DatagramChannelImpl.java:573)
11-06 13:24:21.877 15242 15275 W System.err: 	at sun.nio.ch.DatagramChannelImpl.send(DatagramChannelImpl.java:550)
11-06 13:24:21.877 15242 15275 W System.err: 	at sun.nio.ch.DatagramChannelImpl.send(DatagramChannelImpl.java:514)
11-06 13:24:21.877 15242 15275 W System.err: 	at symlab.CloudAR.network.TransmissionTask.run(TransmissionTask.java:124)
11-06 13:24:21.877 15242 15275 W System.err: 	at android.os.Handler.handleCallback(Handler.java:907)
11-06 13:24:21.877 15242 15275 W System.err: 	at android.os.Handler.dispatchMessage(Handler.java:105)
11-06 13:24:21.877 15242 15275 W System.err: 	at android.os.Looper.loop(Looper.java:216)
11-06 13:24:21.877 15242 15275 W System.err: 	at android.os.HandlerThread.run(HandlerThread.java:65)
11-06 13:24:21.903 15242 15251 W System  : A resource failed to call close. 
11-06 13:24:21.904 15242 15251 I chatty  : uid=10149(symlab.cloudridar.arhud) FinalizerDaemon identical 2 lines
11-06 13:24:21.904 15242 15251 W System  : A resource failed to call close. 
11-06 13:24:21.919 15242 15275 W System.err: java.net.SocketException: Message too long
11-06 13:24:21.919 15242 15275 W System.err: 	at sun.nio.ch.DatagramChannelImpl.send0(Native Method)
11-06 13:24:21.919 15242 15275 W System.err: 	at sun.nio.ch.DatagramChannelImpl.sendFromNativeBuffer(DatagramChannelImpl.java:573)
11-06 13:24:21.919 15242 15275 W System.err: 	at sun.nio.ch.DatagramChannelImpl.send(DatagramChannelImpl.java:550)
11-06 13:24:21.919 15242 15275 W System.err: 	at sun.nio.ch.DatagramChannelImpl.send(DatagramChannelImpl.java:514)
11-06 13:24:21.919 15242 15275 W System.err: 	at symlab.CloudAR.network.TransmissionTask.run(TransmissionTask.java:124)
11-06 13:24:21.919 15242 15275 W System.err: 	at android.os.Handler.handleCallback(Handler.java:907)
11-06 13:24:21.919 15242 15275 W System.err: 	at android.os.Handler.dispatchMessage(Handler.java:105)
11-06 13:24:21.919 15242 15275 W System.err: 	at android.os.Looper.loop(Looper.java:216)
11-06 13:24:21.919 15242 15275 W System.err: 	at android.os.HandlerThread.run(HandlerThread.java:65)
11-06 13:24:21.951 15242 15275 W System.err: java.net.SocketException: Message too long
11-06 13:24:21.951 15242 15275 W System.err: 	at sun.nio.ch.DatagramChannelImpl.send0(Native Method)
11-06 13:24:21.951 15242 15275 W System.err: 	at sun.nio.ch.DatagramChannelImpl.sendFromNativeBuffer(DatagramChannelImpl.java:573)
11-06 13:24:21.951 15242 15275 W System.err: 	at sun.nio.ch.DatagramChannelImpl.send(DatagramChannelImpl.java:550)
11-06 13:24:21.951 15242 15275 W System.err: 	at sun.nio.ch.DatagramChannelImpl.send(DatagramChannelImpl.java:514)
11-06 13:24:21.951 15242 15275 W System.err: 	at symlab.CloudAR.network.TransmissionTask.run(TransmissionTask.java:124)
11-06 13:24:21.951 15242 15275 W System.err: 	at android.os.Handler.handleCallback(Handler.java:907)
11-06 13:24:21.951 15242 15275 W System.err: 	at android.os.Handler.dispatchMessage(Handler.java:105)
11-06 13:24:21.951 15242 15275 W System.err: 	at android.os.Looper.loop(Looper.java:216)
11-06 13:24:21.951 15242 15275 W System.err: 	at android.os.HandlerThread.run(HandlerThread.java:65)
11-06 13:24:21.973 15242 15275 W System.err: java.net.SocketException: Message too long
11-06 13:24:21.973 15242 15275 W System.err: 	at sun.nio.ch.DatagramChannelImpl.send0(Native Method)
11-06 13:24:21.974 15242 15275 W System.err: 	at sun.nio.ch.DatagramChannelImpl.sendFromNativeBuffer(DatagramChannelImpl.java:573)
11-06 13:24:21.974 15242 15275 W System.err: 	at sun.nio.ch.DatagramChannelImpl.send(DatagramChannelImpl.java:550)
11-06 13:24:21.974 15242 15275 W System.err: 	at sun.nio.ch.DatagramChannelImpl.send(DatagramChannelImpl.java:514)
11-06 13:24:21.974 15242 15275 W System.err: 	at symlab.CloudAR.network.TransmissionTask.run(TransmissionTask.java:124)
11-06 13:24:21.974 15242 15275 W System.err: 	at android.os.Handler.handleCallback(Handler.java:907)
11-06 13:24:21.974 15242 15275 W System.err: 	at android.os.Handler.dispatchMessage(Handler.java:105)
11-06 13:24:21.974 15242 15275 W System.err: 	at android.os.Looper.loop(Looper.java:216)
11-06 13:24:21.974 15242 15275 W System.err: 	at android.os.HandlerThread.run(HandlerThread.java:65)
11-06 13:24:22.015 15242 15275 W System.err: java.net.SocketException: Message too long
11-06 13:24:22.015 15242 15275 W System.err: 	at sun.nio.ch.DatagramChannelImpl.send0(Native Method)
11-06 13:24:22.015 15242 15275 W System.err: 	at sun.nio.ch.DatagramChannelImpl.sendFromNativeBuffer(DatagramChannelImpl.java:573)
11-06 13:24:22.015 15242 15275 W System.err: 	at sun.nio.ch.DatagramChannelImpl.send(DatagramChannelImpl.java:550)
11-06 13:24:22.015 15242 15275 W System.err: 	at sun.nio.ch.DatagramChannelImpl.send(DatagramChannelImpl.java:514)
11-06 13:24:22.015 15242 15275 W System.err: 	at symlab.CloudAR.network.TransmissionTask.run(TransmissionTask.java:124)
11-06 13:24:22.015 15242 15275 W System.err: 	at android.os.Handler.handleCallback(Handler.java:907)
11-06 13:24:22.015 15242 15275 W System.err: 	at android.os.Handler.dispatchMessage(Handler.java:105)
11-06 13:24:22.015 15242 15275 W System.err: 	at android.os.Looper.loop(Looper.java:216)
11-06 13:24:22.015 15242 15275 W System.err: 	at android.os.HandlerThread.run(HandlerThread.java:65)
11-06 13:24:22.031 15242 15242 D Poster  : At 1573039462030 location is 65.06010520337291 (latitude), and 25.46680033408033 (longitude)
11-06 13:24:22.033 15242 15242 D Poster  : Connected to mobile network 20
11-06 13:24:22.051 15242 15275 W System.err: java.net.SocketException: Message too long
11-06 13:24:22.051 15242 15275 W System.err: 	at sun.nio.ch.DatagramChannelImpl.send0(Native Method)
11-06 13:24:22.052 15242 15275 W System.err: 	at sun.nio.ch.DatagramChannelImpl.sendFromNativeBuffer(DatagramChannelImpl.java:573)
11-06 13:24:22.052 15242 15275 W System.err: 	at sun.nio.ch.DatagramChannelImpl.send(DatagramChannelImpl.java:550)
11-06 13:24:22.052 15242 15275 W System.err: 	at sun.nio.ch.DatagramChannelImpl.send(DatagramChannelImpl.java:514)
11-06 13:24:22.052 15242 15275 W System.err: 	at symlab.CloudAR.network.TransmissionTask.run(TransmissionTask.java:124)
11-06 13:24:22.052 15242 15275 W System.err: 	at android.os.Handler.handleCallback(Handler.java:907)
11-06 13:24:22.052 15242 15275 W System.err: 	at android.os.Handler.dispatchMessage(Handler.java:105)
11-06 13:24:22.052 15242 15275 W System.err: 	at android.os.Looper.loop(Looper.java:216)
11-06 13:24:22.052 15242 15275 W System.err: 	at android.os.HandlerThread.run(HandlerThread.java:65)
11-06 13:24:22.084 15242 15275 W System.err: java.net.SocketException: Message too long
11-06 13:24:22.084 15242 15275 W System.err: 	at sun.nio.ch.DatagramChannelImpl.send0(Native Method)
11-06 13:24:22.084 15242 15275 W System.err: 	at sun.nio.ch.DatagramChannelImpl.sendFromNativeBuffer(DatagramChannelImpl.java:573)
11-06 13:24:22.084 15242 15275 W System.err: 	at sun.nio.ch.DatagramChannelImpl.send(DatagramChannelImpl.java:550)
11-06 13:24:22.085 15242 15275 W System.err: 	at sun.nio.ch.DatagramChannelImpl.send(DatagramChannelImpl.java:514)
11-06 13:24:22.085 15242 15275 W System.err: 	at symlab.CloudAR.network.TransmissionTask.run(TransmissionTask.java:124)
11-06 13:24:22.085 15242 15275 W System.err: 	at android.os.Handler.handleCallback(Handler.java:907)
11-06 13:24:22.085 15242 15275 W System.err: 	at android.os.Handler.dispatchMessage(Handler.java:105)
11-06 13:24:22.085 15242 15275 W System.err: 	at android.os.Looper.loop(Looper.java:216)
11-06 13:24:22.085 15242 15275 W System.err: 	at android.os.HandlerThread.run(HandlerThread.java:65)
11-06 13:24:22.124 15242 15275 W System.err: java.net.SocketException: Message too long
11-06 13:24:22.124 15242 15275 W System.err: 	at sun.nio.ch.DatagramChannelImpl.send0(Native Method)
11-06 13:24:22.124 15242 15275 W System.err: 	at sun.nio.ch.DatagramChannelImpl.sendFromNativeBuffer(DatagramChannelImpl.java:573)
11-06 13:24:22.124 15242 15275 W System.err: 	at sun.nio.ch.DatagramChannelImpl.send(DatagramChannelImpl.java:550)
11-06 13:24:22.124 15242 15275 W System.err: 	at sun.nio.ch.DatagramChannelImpl.send(DatagramChannelImpl.java:514)
11-06 13:24:22.124 15242 15275 W System.err: 	at symlab.CloudAR.network.TransmissionTask.run(TransmissionTask.java:124)
11-06 13:24:22.124 15242 15275 W System.err: 	at android.os.Handler.handleCallback(Handler.java:907)
11-06 13:24:22.124 15242 15275 W System.err: 	at android.os.Handler.dispatchMessage(Handler.java:105)
11-06 13:24:22.124 15242 15275 W System.err: 	at android.os.Looper.loop(Looper.java:216)
11-06 13:24:22.124 15242 15275 W System.err: 	at android.os.HandlerThread.run(HandlerThread.java:65)
11-06 13:24:22.154 15242 15275 W System.err: java.net.SocketException: Message too long
11-06 13:24:22.154 15242 15275 W System.err: 	at sun.nio.ch.DatagramChannelImpl.send0(Native Method)
11-06 13:24:22.154 15242 15275 W System.err: 	at sun.nio.ch.DatagramChannelImpl.sendFromNativeBuffer(DatagramChannelImpl.java:573)
11-06 13:24:22.154 15242 15275 W System.err: 	at sun.nio.ch.DatagramChannelImpl.send(DatagramChannelImpl.java:550)
11-06 13:24:22.154 15242 15275 W System.err: 	at sun.nio.ch.DatagramChannelImpl.send(DatagramChannelImpl.java:514)
11-06 13:24:22.154 15242 15275 W System.err: 	at symlab.CloudAR.network.TransmissionTask.run(TransmissionTask.java:124)
11-06 13:24:22.154 15242 15275 W System.err: 	at android.os.Handler.handleCallback(Handler.java:907)
11-06 13:24:22.154 15242 15275 W System.err: 	at android.os.Handler.dispatchMessage(Handler.java:105)
11-06 13:24:22.154 15242 15275 W System.err: 	at android.os.Looper.loop(Looper.java:216)
11-06 13:24:22.154 15242 15275 W System.err: 	at android.os.HandlerThread.run(HandlerThread.java:65)
11-06 13:24:22.178 15242 15275 W System.err: java.net.SocketException: Message too long
11-06 13:24:22.178 15242 15275 W System.err: 	at sun.nio.ch.DatagramChannelImpl.send0(Native Method)
