11-07 11:29:21.468 19812 19847 D Evaluation: Frame 254 sent at 1573118961468
11-07 11:29:21.472 19812 19812 D Poster  : Connected to mobile network 20
11-07 11:29:21.489 19812 19847 D Evaluation: Frame 254 sent at 1573118961489
11-07 11:29:21.522 19812 19847 D Evaluation: Frame 255 sent at 1573118961522
11-07 11:29:21.554 19812 19847 D Evaluation: Frame 256 sent at 1573118961553
11-07 11:29:21.598 19812 19847 D Evaluation: Frame 257 sent at 1573118961598
11-07 11:29:21.637 19812 19847 D Evaluation: Frame 258 sent at 1573118961637
11-07 11:29:21.673 19812 19847 D Evaluation: Frame 259 sent at 1573118961672
11-07 11:29:21.718 19812 19847 D Evaluation: Frame 261 sent at 1573118961718
11-07 11:29:21.743 19812 19847 D Evaluation: Frame 261 sent at 1573118961743
11-07 11:29:21.769 19812 19847 D Evaluation: Frame 262 sent at 1573118961769
11-07 11:29:21.795 19812 19847 D Evaluation: Frame 263 sent at 1573118961795
11-07 11:29:21.838 19812 19847 D Evaluation: Frame 264 sent at 1573118961838
11-07 11:29:21.874 19812 19847 D Evaluation: Frame 265 sent at 1573118961874
11-07 11:29:21.895 19812 19847 D Evaluation: Frame 266 sent at 1573118961895
11-07 11:29:21.934 19812 19847 D Evaluation: Frame 267 sent at 1573118961934
11-07 11:29:21.965 19812 19847 D Evaluation: Frame 268 sent at 1573118961965
11-07 11:29:22.008 19812 19847 D Evaluation: Frame 269 sent at 1573118962008
11-07 11:29:22.045 19812 19847 D Evaluation: Frame 270 sent at 1573118962045
11-07 11:29:22.072 19812 19847 D Evaluation: Frame 271 sent at 1573118962072
11-07 11:29:22.106 19812 19847 D Evaluation: Frame 272 sent at 1573118962106
11-07 11:29:22.127 19812 19847 W System.err: java.net.SocketException: Message too long
11-07 11:29:22.127 19812 19847 W System.err: 	at sun.nio.ch.DatagramChannelImpl.send0(Native Method)
11-07 11:29:22.127 19812 19847 W System.err: 	at sun.nio.ch.DatagramChannelImpl.sendFromNativeBuffer(DatagramChannelImpl.java:573)
11-07 11:29:22.127 19812 19847 W System.err: 	at sun.nio.ch.DatagramChannelImpl.send(DatagramChannelImpl.java:550)
11-07 11:29:22.128 19812 19847 W System.err: 	at sun.nio.ch.DatagramChannelImpl.send(DatagramChannelImpl.java:514)
11-07 11:29:22.128 19812 19847 W System.err: 	at symlab.CloudAR.network.TransmissionTask.run(TransmissionTask.java:124)
11-07 11:29:22.128 19812 19847 W System.err: 	at android.os.Handler.handleCallback(Handler.java:907)
11-07 11:29:22.128 19812 19847 W System.err: 	at android.os.Handler.dispatchMessage(Handler.java:105)
11-07 11:29:22.128 19812 19847 W System.err: 	at android.os.Looper.loop(Looper.java:216)
11-07 11:29:22.128 19812 19847 W System.err: 	at android.os.HandlerThread.run(HandlerThread.java:65)
11-07 11:29:22.172 19812 19847 W System.err: java.net.SocketException: Message too long
11-07 11:29:22.172 19812 19847 W System.err: 	at sun.nio.ch.DatagramChannelImpl.send0(Native Method)
11-07 11:29:22.172 19812 19847 W System.err: 	at sun.nio.ch.DatagramChannelImpl.sendFromNativeBuffer(DatagramChannelImpl.java:573)
11-07 11:29:22.172 19812 19847 W System.err: 	at sun.nio.ch.DatagramChannelImpl.send(DatagramChannelImpl.java:550)
11-07 11:29:22.172 19812 19847 W System.err: 	at sun.nio.ch.DatagramChannelImpl.send(DatagramChannelImpl.java:514)
11-07 11:29:22.172 19812 19847 W System.err: 	at symlab.CloudAR.network.TransmissionTask.run(TransmissionTask.java:124)
11-07 11:29:22.172 19812 19847 W System.err: 	at android.os.Handler.handleCallback(Handler.java:907)
11-07 11:29:22.172 19812 19847 W System.err: 	at android.os.Handler.dispatchMessage(Handler.java:105)
11-07 11:29:22.172 19812 19847 W System.err: 	at android.os.Looper.loop(Looper.java:216)
11-07 11:29:22.172 19812 19847 W System.err: 	at android.os.HandlerThread.run(HandlerThread.java:65)
11-07 11:29:22.211 19812 19847 W System.err: java.net.SocketException: Message too long
11-07 11:29:22.211 19812 19847 W System.err: 	at sun.nio.ch.DatagramChannelImpl.send0(Native Method)
11-07 11:29:22.211 19812 19847 W System.err: 	at sun.nio.ch.DatagramChannelImpl.sendFromNativeBuffer(DatagramChannelImpl.java:573)
11-07 11:29:22.211 19812 19847 W System.err: 	at sun.nio.ch.DatagramChannelImpl.send(DatagramChannelImpl.java:550)
11-07 11:29:22.211 19812 19847 W System.err: 	at sun.nio.ch.DatagramChannelImpl.send(DatagramChannelImpl.java:514)
11-07 11:29:22.211 19812 19847 W System.err: 	at symlab.CloudAR.network.TransmissionTask.run(TransmissionTask.java:124)
11-07 11:29:22.211 19812 19847 W System.err: 	at android.os.Handler.handleCallback(Handler.java:907)
11-07 11:29:22.211 19812 19847 W System.err: 	at android.os.Handler.dispatchMessage(Handler.java:105)
11-07 11:29:22.211 19812 19847 W System.err: 	at android.os.Looper.loop(Looper.java:216)
11-07 11:29:22.211 19812 19847 W System.err: 	at android.os.HandlerThread.run(HandlerThread.java:65)
11-07 11:29:22.249 19812 19847 W System.err: java.net.SocketException: Message too long
11-07 11:29:22.249 19812 19847 W System.err: 	at sun.nio.ch.DatagramChannelImpl.send0(Native Method)
11-07 11:29:22.249 19812 19847 W System.err: 	at sun.nio.ch.DatagramChannelImpl.sendFromNativeBuffer(DatagramChannelImpl.java:573)
11-07 11:29:22.249 19812 19847 W System.err: 	at sun.nio.ch.DatagramChannelImpl.send(DatagramChannelImpl.java:550)
11-07 11:29:22.249 19812 19847 W System.err: 	at sun.nio.ch.DatagramChannelImpl.send(DatagramChannelImpl.java:514)
11-07 11:29:22.250 19812 19847 W System.err: 	at symlab.CloudAR.network.TransmissionTask.run(TransmissionTask.java:124)
11-07 11:29:22.250 19812 19847 W System.err: 	at android.os.Handler.handleCallback(Handler.java:907)
11-07 11:29:22.250 19812 19847 W System.err: 	at android.os.Handler.dispatchMessage(Handler.java:105)
11-07 11:29:22.250 19812 19847 W System.err: 	at android.os.Looper.loop(Looper.java:216)
11-07 11:29:22.250 19812 19847 W System.err: 	at android.os.HandlerThread.run(HandlerThread.java:65)
11-07 11:29:22.273 19812 19823 E         : [ZeroHung]zrhung_get_config: Get config failed for wp[0x0008]
11-07 11:29:22.274 19812 19847 W System.err: java.net.SocketException: Message too long
11-07 11:29:22.274 19812 19847 W System.err: 	at sun.nio.ch.DatagramChannelImpl.send0(Native Method)
11-07 11:29:22.274 19812 19847 W System.err: 	at sun.nio.ch.DatagramChannelImpl.sendFromNativeBuffer(DatagramChannelImpl.java:573)
11-07 11:29:22.274 19812 19847 W System.err: 	at sun.nio.ch.DatagramChannelImpl.send(DatagramChannelImpl.java:550)
11-07 11:29:22.274 19812 19847 W System.err: 	at sun.nio.ch.DatagramChannelImpl.send(DatagramChannelImpl.java:514)
11-07 11:29:22.274 19812 19847 W System.err: 	at symlab.CloudAR.network.TransmissionTask.run(TransmissionTask.java:124)
11-07 11:29:22.274 19812 19847 W System.err: 	at android.os.Handler.handleCallback(Handler.java:907)
11-07 11:29:22.274 19812 19847 W System.err: 	at android.os.Handler.dispatchMessage(Handler.java:105)
11-07 11:29:22.274 19812 19847 W System.err: 	at android.os.Looper.loop(Looper.java:216)
11-07 11:29:22.274 19812 19847 W System.err: 	at android.os.HandlerThread.run(HandlerThread.java:65)
11-07 11:29:22.301 19812 19847 W System.err: java.net.SocketException: Message too long
11-07 11:29:22.301 19812 19847 W System.err: 	at sun.nio.ch.DatagramChannelImpl.send0(Native Method)
11-07 11:29:22.301 19812 19847 W System.err: 	at sun.nio.ch.DatagramChannelImpl.sendFromNativeBuffer(DatagramChannelImpl.java:573)
11-07 11:29:22.301 19812 19847 W System.err: 	at sun.nio.ch.DatagramChannelImpl.send(DatagramChannelImpl.java:550)
11-07 11:29:22.301 19812 19847 W System.err: 	at sun.nio.ch.DatagramChannelImpl.send(DatagramChannelImpl.java:514)
11-07 11:29:22.301 19812 19847 W System.err: 	at symlab.CloudAR.network.TransmissionTask.run(TransmissionTask.java:124)
11-07 11:29:22.301 19812 19847 W System.err: 	at android.os.Handler.handleCallback(Handler.java:907)
11-07 11:29:22.301 19812 19847 W System.err: 	at android.os.Handler.dispatchMessage(Handler.java:105)
11-07 11:29:22.301 19812 19847 W System.err: 	at android.os.Looper.loop(Looper.java:216)
11-07 11:29:22.301 19812 19847 W System.err: 	at android.os.HandlerThread.run(HandlerThread.java:65)
11-07 11:29:22.328 19812 19847 W System.err: java.net.SocketException: Message too long
11-07 11:29:22.328 19812 19847 W System.err: 	at sun.nio.ch.DatagramChannelImpl.send0(Native Method)
11-07 11:29:22.329 19812 19847 W System.err: 	at sun.nio.ch.DatagramChannelImpl.sendFromNativeBuffer(DatagramChannelImpl.java:573)
11-07 11:29:22.329 19812 19847 W System.err: 	at sun.nio.ch.DatagramChannelImpl.send(DatagramChannelImpl.java:550)
11-07 11:29:22.329 19812 19847 W System.err: 	at sun.nio.ch.DatagramChannelImpl.send(DatagramChannelImpl.java:514)
11-07 11:29:22.329 19812 19847 W System.err: 	at symlab.CloudAR.network.TransmissionTask.run(TransmissionTask.java:124)
11-07 11:29:22.329 19812 19847 W System.err: 	at android.os.Handler.handleCallback(Handler.java:907)
11-07 11:29:22.329 19812 19847 W System.err: 	at android.os.Handler.dispatchMessage(Handler.java:105)
11-07 11:29:22.329 19812 19847 W System.err: 	at android.os.Looper.loop(Looper.java:216)
11-07 11:29:22.329 19812 19847 W System.err: 	at android.os.HandlerThread.run(HandlerThread.java:65)
11-07 11:29:22.422 19812 19847 W System.err: java.net.SocketException: Message too long
11-07 11:29:22.422 19812 19847 W System.err: 	at sun.nio.ch.DatagramChannelImpl.send0(Native Method)
11-07 11:29:22.422 19812 19847 W System.err: 	at sun.nio.ch.DatagramChannelImpl.sendFromNativeBuffer(DatagramChannelImpl.java:573)
11-07 11:29:22.422 19812 19847 W System.err: 	at sun.nio.ch.DatagramChannelImpl.send(DatagramChannelImpl.java:550)
11-07 11:29:22.422 19812 19847 W System.err: 	at sun.nio.ch.DatagramChannelImpl.send(DatagramChannelImpl.java:514)
11-07 11:29:22.423 19812 19847 W System.err: 	at symlab.CloudAR.network.TransmissionTask.run(TransmissionTask.java:124)
11-07 11:29:22.423 19812 19847 W System.err: 	at android.os.Handler.handleCallback(Handler.java:907)
11-07 11:29:22.423 19812 19847 W System.err: 	at android.os.Handler.dispatchMessage(Handler.java:105)
11-07 11:29:22.423 19812 19847 W System.err: 	at android.os.Looper.loop(Looper.java:216)
11-07 11:29:22.423 19812 19847 W System.err: 	at android.os.HandlerThread.run(HandlerThread.java:65)
11-07 11:29:22.480 19812 19812 D Poster  : At 1573118962479 location is 65.05739167561765 (latitude), and 25.46935537870664 (longitude)
11-07 11:29:22.482 19812 19812 D Poster  : Connected to mobile network 20
11-07 11:29:22.485 19812 19847 W System.err: java.net.SocketException: Message too long
11-07 11:29:22.485 19812 19847 W System.err: 	at sun.nio.ch.DatagramChannelImpl.send0(Native Method)
11-07 11:29:22.485 19812 19847 W System.err: 	at sun.nio.ch.DatagramChannelImpl.sendFromNativeBuffer(DatagramChannelImpl.java:573)
11-07 11:29:22.485 19812 19847 W System.err: 	at sun.nio.ch.DatagramChannelImpl.send(DatagramChannelImpl.java:550)
11-07 11:29:22.485 19812 19847 W System.err: 	at sun.nio.ch.DatagramChannelImpl.send(DatagramChannelImpl.java:514)
11-07 11:29:22.485 19812 19847 W System.err: 	at symlab.CloudAR.network.TransmissionTask.run(TransmissionTask.java:124)
11-07 11:29:22.485 19812 19847 W System.err: 	at android.os.Handler.handleCallback(Handler.java:907)
11-07 11:29:22.485 19812 19847 W System.err: 	at android.os.Handler.dispatchMessage(Handler.java:105)
11-07 11:29:22.485 19812 19847 W System.err: 	at android.os.Looper.loop(Looper.java:216)
11-07 11:29:22.485 19812 19847 W System.err: 	at android.os.HandlerThread.run(HandlerThread.java:65)
11-07 11:29:22.556 19812 19847 W System.err: java.net.SocketException: Message too long
11-07 11:29:22.556 19812 19847 W System.err: 	at sun.nio.ch.DatagramChannelImpl.send0(Native Method)
11-07 11:29:22.556 19812 19847 W System.err: 	at sun.nio.ch.DatagramChannelImpl.sendFromNativeBuffer(DatagramChannelImpl.java:573)
11-07 11:29:22.556 19812 19847 W System.err: 	at sun.nio.ch.DatagramChannelImpl.send(DatagramChannelImpl.java:550)
11-07 11:29:22.556 19812 19847 W System.err: 	at sun.nio.ch.DatagramChannelImpl.send(DatagramChannelImpl.java:514)
11-07 11:29:22.556 19812 19847 W System.err: 	at symlab.CloudAR.network.TransmissionTask.run(TransmissionTask.java:124)
11-07 11:29:22.556 19812 19847 W System.err: 	at android.os.Handler.handleCallback(Handler.java:907)
11-07 11:29:22.556 19812 19847 W System.err: 	at android.os.Handler.dispatchMessage(Handler.java:105)
11-07 11:29:22.556 19812 19847 W System.err: 	at android.os.Looper.loop(Looper.java:216)
11-07 11:29:22.556 19812 19847 W System.err: 	at android.os.HandlerThread.run(HandlerThread.java:65)
11-07 11:29:22.582 19812 19847 W System.err: java.net.SocketException: Message too long
11-07 11:29:22.582 19812 19847 W System.err: 	at sun.nio.ch.DatagramChannelImpl.send0(Native Method)
11-07 11:29:22.582 19812 19847 W System.err: 	at sun.nio.ch.DatagramChannelImpl.sendFromNativeBuffer(DatagramChannelImpl.java:573)
11-07 11:29:22.583 19812 19847 W System.err: 	at sun.nio.ch.DatagramChannelImpl.send(DatagramChannelImpl.java:550)
11-07 11:29:22.583 19812 19847 W System.err: 	at sun.nio.ch.DatagramChannelImpl.send(DatagramChannelImpl.java:514)
11-07 11:29:22.583 19812 19847 W System.err: 	at symlab.CloudAR.network.TransmissionTask.run(TransmissionTask.java:124)
11-07 11:29:22.583 19812 19847 W System.err: 	at android.os.Handler.handleCallback(Handler.java:907)
11-07 11:29:22.583 19812 19847 W System.err: 	at android.os.Handler.dispatchMessage(Handler.java:105)
11-07 11:29:22.583 19812 19847 W System.err: 	at android.os.Looper.loop(Looper.java:216)
11-07 11:29:22.583 19812 19847 W System.err: 	at android.os.HandlerThread.run(HandlerThread.java:65)
11-07 11:29:22.606 19812 19847 W System.err: java.net.SocketException: Message too long
11-07 11:29:22.606 19812 19847 W System.err: 	at sun.nio.ch.DatagramChannelImpl.send0(Native Method)
11-07 11:29:22.607 19812 19847 W System.err: 	at sun.nio.ch.DatagramChannelImpl.sendFromNativeBuffer(DatagramChannelImpl.java:573)
11-07 11:29:22.607 19812 19847 W System.err: 	at sun.nio.ch.DatagramChannelImpl.send(DatagramChannelImpl.java:550)
11-07 11:29:22.607 19812 19847 W System.err: 	at sun.nio.ch.DatagramChannelImpl.send(DatagramChannelImpl.java:514)
11-07 11:29:22.607 19812 19847 W System.err: 	at symlab.CloudAR.network.TransmissionTask.run(TransmissionTask.java:124)
11-07 11:29:22.607 19812 19847 W System.err: 	at android.os.Handler.handleCallback(Handler.java:907)
11-07 11:29:22.607 19812 19847 W System.err: 	at android.os.Handler.dispatchMessage(Handler.java:105)
11-07 11:29:22.607 19812 19847 W System.err: 	at android.os.Looper.loop(Looper.java:216)
11-07 11:29:22.607 19812 19847 W System.err: 	at android.os.HandlerThread.run(HandlerThread.java:65)
11-07 11:29:22.645 19812 19847 W System.err: java.net.SocketException: Message too long
11-07 11:29:22.645 19812 19847 W System.err: 	at sun.nio.ch.DatagramChannelImpl.send0(Native Method)
11-07 11:29:22.645 19812 19847 W System.err: 	at sun.nio.ch.DatagramChannelImpl.sendFromNativeBuffer(DatagramChannelImpl.java:573)
11-07 11:29:22.645 19812 19847 W System.err: 	at sun.nio.ch.DatagramChannelImpl.send(DatagramChannelImpl.java:550)
11-07 11:29:22.645 19812 19847 W System.err: 	at sun.nio.ch.DatagramChannelImpl.send(DatagramChannelImpl.java:514)
11-07 11:29:22.645 19812 19847 W System.err: 	at symlab.CloudAR.network.TransmissionTask.run(TransmissionTask.java:124)
11-07 11:29:22.645 19812 19847 W System.err: 	at android.os.Handler.handleCallback(Handler.java:907)
11-07 11:29:22.645 19812 19847 W System.err: 	at android.os.Handler.dispatchMessage(Handler.java:105)
11-07 11:29:22.645 19812 19847 W System.err: 	at android.os.Looper.loop(Looper.java:216)
11-07 11:29:22.645 19812 19847 W System.err: 	at android.os.HandlerThread.run(HandlerThread.java:65)
11-07 11:29:22.669 19812 19847 W System.err: java.net.SocketException: Message too long
11-07 11:29:22.669 19812 19847 W System.err: 	at sun.nio.ch.DatagramChannelImpl.send0(Native Method)
11-07 11:29:22.669 19812 19847 W System.err: 	at sun.nio.ch.DatagramChannelImpl.sendFromNativeBuffer(DatagramChannelImpl.java:573)
11-07 11:29:22.669 19812 19847 W System.err: 	at sun.nio.ch.DatagramChannelImpl.send(DatagramChannelImpl.java:550)
11-07 11:29:22.669 19812 19847 W System.err: 	at sun.nio.ch.DatagramChannelImpl.send(DatagramChannelImpl.java:514)
11-07 11:29:22.669 19812 19847 W System.err: 	at symlab.CloudAR.network.TransmissionTask.run(TransmissionTask.java:124)
11-07 11:29:22.669 19812 19847 W System.err: 	at android.os.Handler.handleCallback(Handler.java:907)
11-07 11:29:22.669 19812 19847 W System.err: 	at android.os.Handler.dispatchMessage(Handler.java:105)
11-07 11:29:22.669 19812 19847 W System.err: 	at android.os.Looper.loop(Looper.java:216)
11-07 11:29:22.669 19812 19847 W System.err: 	at android.os.HandlerThread.run(HandlerThread.java:65)
11-07 11:29:22.711 19812 19847 W System.err: java.net.SocketException: Message too long
11-07 11:29:22.711 19812 19847 W System.err: 	at sun.nio.ch.DatagramChannelImpl.send0(Native Method)
11-07 11:29:22.711 19812 19847 W System.err: 	at sun.nio.ch.DatagramChannelImpl.sendFromNativeBuffer(DatagramChannelImpl.java:573)
11-07 11:29:22.711 19812 19847 W System.err: 	at sun.nio.ch.DatagramChannelImpl.send(DatagramChannelImpl.java:550)
11-07 11:29:22.711 19812 19847 W System.err: 	at sun.nio.ch.DatagramChannelImpl.send(DatagramChannelImpl.java:514)
11-07 11:29:22.711 19812 19847 W System.err: 	at symlab.CloudAR.network.TransmissionTask.run(TransmissionTask.java:124)
11-07 11:29:22.711 19812 19847 W System.err: 	at android.os.Handler.handleCallback(Handler.java:907)
11-07 11:29:22.711 19812 19847 W System.err: 	at android.os.Handler.dispatchMessage(Handler.java:105)
11-07 11:29:22.711 19812 19847 W System.err: 	at android.os.Looper.loop(Looper.java:216)
11-07 11:29:22.711 19812 19847 W System.err: 	at android.os.HandlerThread.run(HandlerThread.java:65)
11-07 11:29:22.745 19812 19847 D Evaluation: Frame 288 sent at 1573118962745
11-07 11:29:22.781 19812 19847 D Evaluation: Frame 289 sent at 1573118962781
11-07 11:29:22.805 19812 19847 W System.err: java.net.SocketException: Message too long
11-07 11:29:22.805 19812 19847 W System.err: 	at sun.nio.ch.DatagramChannelImpl.send0(Native Method)
11-07 11:29:22.805 19812 19847 W System.err: 	at sun.nio.ch.DatagramChannelImpl.sendFromNativeBuffer(DatagramChannelImpl.java:573)
11-07 11:29:22.805 19812 19847 W System.err: 	at sun.nio.ch.DatagramChannelImpl.send(DatagramChannelImpl.java:550)
11-07 11:29:22.805 19812 19847 W System.err: 	at sun.nio.ch.DatagramChannelImpl.send(DatagramChannelImpl.java:514)
11-07 11:29:22.805 19812 19847 W System.err: 	at symlab.CloudAR.network.TransmissionTask.run(TransmissionTask.java:124)
11-07 11:29:22.805 19812 19847 W System.err: 	at android.os.Handler.handleCallback(Handler.java:907)
11-07 11:29:22.805 19812 19847 W System.err: 	at android.os.Handler.dispatchMessage(Handler.java:105)
11-07 11:29:22.805 19812 19847 W System.err: 	at android.os.Looper.loop(Looper.java:216)
11-07 11:29:22.805 19812 19847 W System.err: 	at android.os.HandlerThread.run(HandlerThread.java:65)
11-07 11:29:22.834 19812 19847 D Evaluation: Frame 291 sent at 1573118962834
11-07 11:29:22.877 19812 19847 D Evaluation: Frame 292 sent at 1573118962876
11-07 11:29:22.898 19812 19847 D Evaluation: Frame 293 sent at 1573118962898
11-07 11:29:22.934 19812 19847 D Evaluation: Frame 294 sent at 1573118962934
11-07 11:29:22.965 19812 19847 D Evaluation: Frame 295 sent at 1573118962965
11-07 11:29:23.019 19812 19847 D Evaluation: Frame 296 sent at 1573118963019
11-07 11:29:23.043 19812 19847 D Evaluation: Frame 297 sent at 1573118963043
11-07 11:29:23.046 19812 19847 D Evaluation: 0 res for frame 288 received at 1573118963046
11-07 11:29:23.067 19812 19847 D Evaluation: Frame 298 sent at 1573118963067
11-07 11:29:23.110 19812 19847 D Evaluation: Frame 299 sent at 1573118963110
11-07 11:29:23.145 19812 19847 D Evaluation: Frame 300 sent at 1573118963145
11-07 11:29:23.171 19812 19847 D Evaluation: Frame 301 sent at 1573118963171
11-07 11:29:23.214 19812 19847 D Evaluation: Frame 302 sent at 1573118963214
11-07 11:29:23.217 19812 19847 D Evaluation: 0 res for frame 289 received at 1573118963217
11-07 11:29:23.250 19812 19847 D Evaluation: Frame 304 sent at 1573118963250
11-07 11:29:23.274 19812 19847 D Evaluation: Frame 304 sent at 1573118963274
11-07 11:29:23.307 19812 19847 D Evaluation: Frame 305 sent at 1573118963307
11-07 11:29:23.336 19812 19847 D Evaluation: Frame 306 sent at 1573118963336
11-07 11:29:23.368 19812 19823 E         : [ZeroHung]zrhung_get_config: Get config failed for wp[0x0008]
11-07 11:29:23.368 19812 19847 D Evaluation: Frame 307 sent at 1573118963368
11-07 11:29:23.383 19812 19821 W System  : A resource failed to call close. 
11-07 11:29:23.383 19812 19821 I chatty  : uid=10149(symlab.cloudridar.arhud) FinalizerDaemon identical 2 lines
11-07 11:29:23.383 19812 19821 W System  : A resource failed to call close. 
11-07 11:29:23.416 19812 19847 D Evaluation: Frame 308 sent at 1573118963416
11-07 11:29:23.454 19812 19847 D Evaluation: Frame 309 sent at 1573118963454
11-07 11:29:23.476 19812 19812 D Poster  : At 1573118963475 location is 65.05739017787002 (latitude), and 25.469316710136873 (longitude)
11-07 11:29:23.478 19812 19812 D Poster  : Connected to mobile network 20
11-07 11:29:23.489 19812 19847 D Evaluation: Frame 310 sent at 1573118963489
11-07 11:29:23.517 19812 19847 D Evaluation: Frame 311 sent at 1573118963517
11-07 11:29:23.542 19812 19847 D Evaluation: Frame 312 sent at 1573118963542
11-07 11:29:23.579 19812 19847 D Evaluation: Frame 313 sent at 1573118963579
11-07 11:29:23.604 19812 19847 D Evaluation: Frame 314 sent at 1573118963604
11-07 11:29:23.640 19812 19847 D Evaluation: Frame 315 sent at 1573118963640
11-07 11:29:23.670 19812 19847 D Evaluation: Frame 316 sent at 1573118963670
11-07 11:29:23.716 19812 19847 D Evaluation: Frame 317 sent at 1573118963716
11-07 11:29:23.748 19812 19847 D Evaluation: Frame 318 sent at 1573118963748
11-07 11:29:23.782 19812 19847 D Evaluation: Frame 319 sent at 1573118963782
11-07 11:29:23.826 19812 19847 D Evaluation: Frame 320 sent at 1573118963826
11-07 11:29:23.851 19812 19847 D Evaluation: Frame 321 sent at 1573118963851
11-07 11:29:23.879 19812 19847 D Evaluation: Frame 322 sent at 1573118963879
11-07 11:29:23.913 19812 19847 D Evaluation: Frame 323 sent at 1573118963913
11-07 11:29:23.945 19812 19847 D Evaluation: Frame 324 sent at 1573118963945
11-07 11:29:23.984 19812 19847 D Evaluation: Frame 325 sent at 1573118963984
11-07 11:29:24.019 19812 19847 D Evaluation: Frame 326 sent at 1573118964019
11-07 11:29:24.052 19812 19847 D Evaluation: Frame 327 sent at 1573118964052
11-07 11:29:24.077 19812 19847 D Evaluation: Frame 328 sent at 1573118964077
11-07 11:29:24.130 19812 19847 D Evaluation: Frame 330 sent at 1573118964130
11-07 11:29:24.150 19812 19847 D Evaluation: Frame 330 sent at 1573118964150
11-07 11:29:24.187 19812 19847 D Evaluation: Frame 331 sent at 1573118964187
11-07 11:29:24.220 19812 19847 D Evaluation: Frame 332 sent at 1573118964220
11-07 11:29:24.255 19812 19847 D Evaluation: Frame 333 sent at 1573118964255
11-07 11:29:24.284 19812 19847 D Evaluation: Frame 334 sent at 1573118964284
11-07 11:29:24.318 19812 19847 D Evaluation: Frame 335 sent at 1573118964318
11-07 11:29:24.362 19812 19847 D Evaluation: Frame 336 sent at 1573118964361
11-07 11:29:24.425 19812 19847 D Evaluation: Frame 337 sent at 1573118964425
11-07 11:29:24.448 19812 19847 D Evaluation: Frame 338 sent at 1573118964448
11-07 11:29:24.475 19812 19812 D Poster  : At 1573118964475 location is 65.05738723583838 (latitude), and 25.469281210676357 (longitude)
11-07 11:29:24.477 19812 19812 D Poster  : Connected to mobile network 20
11-07 11:29:24.487 19812 19847 D Evaluation: Frame 339 sent at 1573118964487
11-07 11:29:24.514 19812 19847 D Evaluation: Frame 340 sent at 1573118964514
11-07 11:29:24.544 19812 19823 E         : [ZeroHung]zrhung_get_config: Get config failed for wp[0x0008]
11-07 11:29:24.545 19812 19847 W System.err: java.net.SocketException: Message too long
11-07 11:29:24.545 19812 19847 W System.err: 	at sun.nio.ch.DatagramChannelImpl.send0(Native Method)
11-07 11:29:24.545 19812 19847 W System.err: 	at sun.nio.ch.DatagramChannelImpl.sendFromNativeBuffer(DatagramChannelImpl.java:573)
11-07 11:29:24.545 19812 19847 W System.err: 	at sun.nio.ch.DatagramChannelImpl.send(DatagramChannelImpl.java:550)
11-07 11:29:24.545 19812 19847 W System.err: 	at sun.nio.ch.DatagramChannelImpl.send(DatagramChannelImpl.java:514)
11-07 11:29:24.545 19812 19847 W System.err: 	at symlab.CloudAR.network.TransmissionTask.run(TransmissionTask.java:124)
11-07 11:29:24.545 19812 19847 W System.err: 	at android.os.Handler.handleCallback(Handler.java:907)
11-07 11:29:24.545 19812 19847 W System.err: 	at android.os.Handler.dispatchMessage(Handler.java:105)
11-07 11:29:24.545 19812 19847 W System.err: 	at android.os.Looper.loop(Looper.java:216)
11-07 11:29:24.545 19812 19847 W System.err: 	at android.os.HandlerThread.run(HandlerThread.java:65)
11-07 11:29:24.583 19812 19847 D Evaluation: Frame 342 sent at 1573118964583
11-07 11:29:24.613 19812 19847 W System.err: java.net.SocketException: Message too long
11-07 11:29:24.613 19812 19847 W System.err: 	at sun.nio.ch.DatagramChannelImpl.send0(Native Method)
11-07 11:29:24.613 19812 19847 W System.err: 	at sun.nio.ch.DatagramChannelImpl.sendFromNativeBuffer(DatagramChannelImpl.java:573)
11-07 11:29:24.613 19812 19847 W System.err: 	at sun.nio.ch.DatagramChannelImpl.send(DatagramChannelImpl.java:550)
11-07 11:29:24.613 19812 19847 W System.err: 	at sun.nio.ch.DatagramChannelImpl.send(DatagramChannelImpl.java:514)
11-07 11:29:24.613 19812 19847 W System.err: 	at symlab.CloudAR.network.TransmissionTask.run(TransmissionTask.java:124)
11-07 11:29:24.613 19812 19847 W System.err: 	at android.os.Handler.handleCallback(Handler.java:907)
11-07 11:29:24.613 19812 19847 W System.err: 	at android.os.Handler.dispatchMessage(Handler.java:105)
11-07 11:29:24.613 19812 19847 W System.err: 	at android.os.Looper.loop(Looper.java:216)
11-07 11:29:24.613 19812 19847 W System.err: 	at android.os.HandlerThread.run(HandlerThread.java:65)
11-07 11:29:24.653 19812 19847 D Evaluation: Frame 344 sent at 1573118964653
11-07 11:29:24.700 19812 19847 D Evaluation: Frame 345 sent at 1573118964700
11-07 11:29:24.725 19812 19847 D Evaluation: Frame 346 sent at 1573118964725
11-07 11:29:24.756 19812 19847 D Evaluation: Frame 347 sent at 1573118964756
11-07 11:29:24.788 19812 19847 D Evaluation: Frame 348 sent at 1573118964788
11-07 11:29:24.832 19812 19847 D Evaluation: Frame 349 sent at 1573118964831
11-07 11:29:24.867 19812 19847 D Evaluation: Frame 350 sent at 1573118964867
11-07 11:29:24.890 19812 19847 D Evaluation: Frame 351 sent at 1573118964890
11-07 11:29:24.926 19812 19847 D Evaluation: Frame 352 sent at 1573118964926
11-07 11:29:24.951 19812 19847 D Evaluation: Frame 353 sent at 1573118964951
11-07 11:29:24.987 19812 19847 D Evaluation: Frame 354 sent at 1573118964987
11-07 11:29:25.025 19812 19847 D Evaluation: Frame 355 sent at 1573118965025
11-07 11:29:25.061 19812 19847 D Evaluation: Frame 356 sent at 1573118965061
11-07 11:29:25.100 19812 19847 D Evaluation: Frame 357 sent at 1573118965100
11-07 11:29:25.122 19812 19847 D Evaluation: Frame 358 sent at 1573118965122
11-07 11:29:25.160 19812 19847 D Evaluation: Frame 359 sent at 1573118965160
11-07 11:29:25.196 19812 19847 D Evaluation: Frame 360 sent at 1573118965196
11-07 11:29:25.219 19812 19847 D Evaluation: Frame 361 sent at 1573118965219
11-07 11:29:25.259 19812 19847 D Evaluation: Frame 362 sent at 1573118965259
11-07 11:29:25.284 19812 19847 D Evaluation: Frame 363 sent at 1573118965284
11-07 11:29:25.327 19812 19847 D Evaluation: Frame 364 sent at 1573118965327
11-07 11:29:25.363 19812 19847 D Evaluation: Frame 365 sent at 1573118965363
11-07 11:29:25.393 19812 19847 D Evaluation: Frame 366 sent at 1573118965393
11-07 11:29:25.421 19812 19847 D Evaluation: Frame 367 sent at 1573118965421
11-07 11:29:25.458 19812 19847 D Evaluation: Frame 368 sent at 1573118965458
11-07 11:29:25.460 19812 19812 D Poster  : At 1573118965460 location is 65.05738731326528 (latitude), and 25.46924740337622 (longitude)
11-07 11:29:25.464 19812 19812 D Poster  : Connected to mobile network 20
11-07 11:29:25.495 19812 19847 D Evaluation: Frame 369 sent at 1573118965495
11-07 11:29:25.516 19812 19847 D Evaluation: Frame 370 sent at 1573118965516
11-07 11:29:25.561 19812 19847 D Evaluation: Frame 371 sent at 1573118965561
11-07 11:29:25.586 19812 19847 D Evaluation: Frame 372 sent at 1573118965586
11-07 11:29:25.624 19812 19823 E         : [ZeroHung]zrhung_get_config: Get config failed for wp[0x0008]
11-07 11:29:25.624 19812 19847 D Evaluation: Frame 373 sent at 1573118965624
11-07 11:29:25.682 19812 19847 W System.err: java.net.SocketException: Message too long
11-07 11:29:25.682 19812 19847 W System.err: 	at sun.nio.ch.DatagramChannelImpl.send0(Native Method)
11-07 11:29:25.682 19812 19847 W System.err: 	at sun.nio.ch.DatagramChannelImpl.sendFromNativeBuffer(DatagramChannelImpl.java:573)
11-07 11:29:25.682 19812 19847 W System.err: 	at sun.nio.ch.DatagramChannelImpl.send(DatagramChannelImpl.java:550)
11-07 11:29:25.682 19812 19847 W System.err: 	at sun.nio.ch.DatagramChannelImpl.send(DatagramChannelImpl.java:514)
11-07 11:29:25.682 19812 19847 W System.err: 	at symlab.CloudAR.network.TransmissionTask.run(TransmissionTask.java:124)
11-07 11:29:25.682 19812 19847 W System.err: 	at android.os.Handler.handleCallback(Handler.java:907)
11-07 11:29:25.682 19812 19847 W System.err: 	at android.os.Handler.dispatchMessage(Handler.java:105)
11-07 11:29:25.682 19812 19847 W System.err: 	at android.os.Looper.loop(Looper.java:216)
11-07 11:29:25.682 19812 19847 W System.err: 	at android.os.HandlerThread.run(HandlerThread.java:65)
11-07 11:29:25.702 19812 19847 W System.err: java.net.SocketException: Message too long
11-07 11:29:25.702 19812 19847 W System.err: 	at sun.nio.ch.DatagramChannelImpl.send0(Native Method)
11-07 11:29:25.702 19812 19847 W System.err: 	at sun.nio.ch.DatagramChannelImpl.sendFromNativeBuffer(DatagramChannelImpl.java:573)
11-07 11:29:25.702 19812 19847 W System.err: 	at sun.nio.ch.DatagramChannelImpl.send(DatagramChannelImpl.java:550)
11-07 11:29:25.702 19812 19847 W System.err: 	at sun.nio.ch.DatagramChannelImpl.send(DatagramChannelImpl.java:514)
11-07 11:29:25.702 19812 19847 W System.err: 	at symlab.CloudAR.network.TransmissionTask.run(TransmissionTask.java:124)
11-07 11:29:25.702 19812 19847 W System.err: 	at android.os.Handler.handleCallback(Handler.java:907)
11-07 11:29:25.702 19812 19847 W System.err: 	at android.os.Handler.dispatchMessage(Handler.java:105)
11-07 11:29:25.702 19812 19847 W System.err: 	at android.os.Looper.loop(Looper.java:216)
11-07 11:29:25.702 19812 19847 W System.err: 	at android.os.HandlerThread.run(HandlerThread.java:65)
11-07 11:29:25.728 19812 19847 D Evaluation: Frame 376 sent at 1573118965728
11-07 11:29:25.758 19812 19847 D Evaluation: Frame 377 sent at 1573118965758
11-07 11:29:25.802 19812 19847 D Evaluation: Frame 379 sent at 1573118965802
11-07 11:29:25.821 19812 19847 D Evaluation: Frame 379 sent at 1573118965821
11-07 11:29:25.865 19812 19847 D Evaluation: Frame 380 sent at 1573118965865
11-07 11:29:25.907 19812 19847 D Evaluation: Frame 381 sent at 1573118965906
11-07 11:29:25.948 19812 19847 D Evaluation: Frame 382 sent at 1573118965948
11-07 11:29:25.997 19812 19847 D Evaluation: Frame 383 sent at 1573118965997
11-07 11:29:26.031 19812 19847 D Evaluation: Frame 384 sent at 1573118966031
11-07 11:29:26.071 19812 19847 D Evaluation: Frame 385 sent at 1573118966071
11-07 11:29:26.105 19812 19847 D Evaluation: Frame 386 sent at 1573118966105
11-07 11:29:26.140 19812 19847 D Evaluation: Frame 388 sent at 1573118966140
11-07 11:29:26.160 19812 19847 D Evaluation: Frame 388 sent at 1573118966160
11-07 11:29:26.235 19812 19847 D Evaluation: Frame 389 sent at 1573118966235
11-07 11:29:26.274 19812 19847 D Evaluation: Frame 390 sent at 1573118966274
11-07 11:29:26.297 19812 19847 D Evaluation: Frame 391 sent at 1573118966297
11-07 11:29:26.329 19812 19847 D Evaluation: Frame 392 sent at 1573118966328
11-07 11:29:26.372 19812 19847 D Evaluation: Frame 393 sent at 1573118966372
11-07 11:29:26.436 19812 19847 D Evaluation: Frame 394 sent at 1573118966436
11-07 11:29:26.476 19812 19812 D Poster  : At 1573118966475 location is 65.0573860898727 (latitude), and 25.469217676580456 (longitude)
11-07 11:29:26.478 19812 19812 D Poster  : Connected to mobile network 20
11-07 11:29:26.494 19812 19847 D Evaluation: Frame 396 sent at 1573118966494
11-07 11:29:26.515 19812 19847 D Evaluation: Frame 397 sent at 1573118966515
11-07 11:29:26.533 19812 19847 D Evaluation: Frame 397 sent at 1573118966533
11-07 11:29:26.566 19812 19847 D Evaluation: Frame 398 sent at 1573118966566
11-07 11:29:26.594 19812 19847 D Evaluation: Frame 399 sent at 1573118966594
11-07 11:29:26.640 19812 19847 D Evaluation: Frame 400 sent at 1573118966640
11-07 11:29:26.662 19812 19847 D Evaluation: Frame 401 sent at 1573118966662
11-07 11:29:26.711 19812 19847 W System.err: java.net.SocketException: Message too long
11-07 11:29:26.711 19812 19847 W System.err: 	at sun.nio.ch.DatagramChannelImpl.send0(Native Method)
11-07 11:29:26.711 19812 19847 W System.err: 	at sun.nio.ch.DatagramChannelImpl.sendFromNativeBuffer(DatagramChannelImpl.java:573)
11-07 11:29:26.711 19812 19847 W System.err: 	at sun.nio.ch.DatagramChannelImpl.send(DatagramChannelImpl.java:550)
11-07 11:29:26.711 19812 19847 W System.err: 	at sun.nio.ch.DatagramChannelImpl.send(DatagramChannelImpl.java:514)
11-07 11:29:26.711 19812 19847 W System.err: 	at symlab.CloudAR.network.TransmissionTask.run(TransmissionTask.java:124)
11-07 11:29:26.711 19812 19847 W System.err: 	at android.os.Handler.handleCallback(Handler.java:907)
11-07 11:29:26.711 19812 19847 W System.err: 	at android.os.Handler.dispatchMessage(Handler.java:105)
11-07 11:29:26.711 19812 19847 W System.err: 	at android.os.Looper.loop(Looper.java:216)
11-07 11:29:26.711 19812 19847 W System.err: 	at android.os.HandlerThread.run(HandlerThread.java:65)
11-07 11:29:26.733 19812 19847 W System.err: java.net.SocketException: Message too long
11-07 11:29:26.733 19812 19847 W System.err: 	at sun.nio.ch.DatagramChannelImpl.send0(Native Method)
11-07 11:29:26.733 19812 19847 W System.err: 	at sun.nio.ch.DatagramChannelImpl.sendFromNativeBuffer(DatagramChannelImpl.java:573)
11-07 11:29:26.733 19812 19847 W System.err: 	at sun.nio.ch.DatagramChannelImpl.send(DatagramChannelImpl.java:550)
11-07 11:29:26.733 19812 19847 W System.err: 	at sun.nio.ch.DatagramChannelImpl.send(DatagramChannelImpl.java:514)
11-07 11:29:26.733 19812 19847 W System.err: 	at symlab.CloudAR.network.TransmissionTask.run(TransmissionTask.java:124)
11-07 11:29:26.733 19812 19847 W System.err: 	at android.os.Handler.handleCallback(Handler.java:907)
11-07 11:29:26.733 19812 19847 W System.err: 	at android.os.Handler.dispatchMessage(Handler.java:105)
11-07 11:29:26.733 19812 19847 W System.err: 	at android.os.Looper.loop(Looper.java:216)
11-07 11:29:26.733 19812 19847 W System.err: 	at android.os.HandlerThread.run(HandlerThread.java:65)
11-07 11:29:26.773 19812 19847 D Evaluation: Frame 404 sent at 1573118966773
11-07 11:29:26.796 19812 19823 E         : [ZeroHung]zrhung_get_config: Get config failed for wp[0x0008]
11-07 11:29:26.796 19812 19847 D Evaluation: Frame 405 sent at 1573118966796
11-07 11:29:26.842 19812 19847 D Evaluation: Frame 406 sent at 1573118966842
11-07 11:29:26.879 19812 19847 D Evaluation: Frame 407 sent at 1573118966879
11-07 11:29:26.910 19812 19847 W System.err: java.net.SocketException: Message too long
11-07 11:29:26.910 19812 19847 W System.err: 	at sun.nio.ch.DatagramChannelImpl.send0(Native Method)
11-07 11:29:26.910 19812 19847 W System.err: 	at sun.nio.ch.DatagramChannelImpl.sendFromNativeBuffer(DatagramChannelImpl.java:573)
11-07 11:29:26.910 19812 19847 W System.err: 	at sun.nio.ch.DatagramChannelImpl.send(DatagramChannelImpl.java:550)
11-07 11:29:26.910 19812 19847 W System.err: 	at sun.nio.ch.DatagramChannelImpl.send(DatagramChannelImpl.java:514)
11-07 11:29:26.910 19812 19847 W System.err: 	at symlab.CloudAR.network.TransmissionTask.run(TransmissionTask.java:124)
11-07 11:29:26.910 19812 19847 W System.err: 	at android.os.Handler.handleCallback(Handler.java:907)
11-07 11:29:26.910 19812 19847 W System.err: 	at android.os.Handler.dispatchMessage(Handler.java:105)
11-07 11:29:26.910 19812 19847 W System.err: 	at android.os.Looper.loop(Looper.java:216)
11-07 11:29:26.910 19812 19847 W System.err: 	at android.os.HandlerThread.run(HandlerThread.java:65)
11-07 11:29:26.935 19812 19847 D Evaluation: Frame 409 sent at 1573118966935
11-07 11:29:26.972 19812 19847 D Evaluation: Frame 410 sent at 1573118966972
11-07 11:29:27.003 19812 19847 W System.err: java.net.SocketException: Message too long
11-07 11:29:27.003 19812 19847 W System.err: 	at sun.nio.ch.DatagramChannelImpl.send0(Native Method)
11-07 11:29:27.003 19812 19847 W System.err: 	at sun.nio.ch.DatagramChannelImpl.sendFromNativeBuffer(DatagramChannelImpl.java:573)
11-07 11:29:27.003 19812 19847 W System.err: 	at sun.nio.ch.DatagramChannelImpl.send(DatagramChannelImpl.java:550)
11-07 11:29:27.003 19812 19847 W System.err: 	at sun.nio.ch.DatagramChannelImpl.send(DatagramChannelImpl.java:514)
11-07 11:29:27.003 19812 19847 W System.err: 	at symlab.CloudAR.network.TransmissionTask.run(TransmissionTask.java:124)
11-07 11:29:27.003 19812 19847 W System.err: 	at android.os.Handler.handleCallback(Handler.java:907)
11-07 11:29:27.003 19812 19847 W System.err: 	at android.os.Handler.dispatchMessage(Handler.java:105)
11-07 11:29:27.003 19812 19847 W System.err: 	at android.os.Looper.loop(Looper.java:216)
11-07 11:29:27.003 19812 19847 W System.err: 	at android.os.HandlerThread.run(HandlerThread.java:65)
11-07 11:29:27.069 19812 19847 D Evaluation: Frame 412 sent at 1573118967069
11-07 11:29:27.122 19812 19847 D Evaluation: Frame 413 sent at 1573118967122
11-07 11:29:27.147 19812 19847 W System.err: java.net.SocketException: Message too long
11-07 11:29:27.147 19812 19847 W System.err: 	at sun.nio.ch.DatagramChannelImpl.send0(Native Method)
11-07 11:29:27.147 19812 19847 W System.err: 	at sun.nio.ch.DatagramChannelImpl.sendFromNativeBuffer(DatagramChannelImpl.java:573)
11-07 11:29:27.147 19812 19847 W System.err: 	at sun.nio.ch.DatagramChannelImpl.send(DatagramChannelImpl.java:550)
11-07 11:29:27.147 19812 19847 W System.err: 	at sun.nio.ch.DatagramChannelImpl.send(DatagramChannelImpl.java:514)
11-07 11:29:27.147 19812 19847 W System.err: 	at symlab.CloudAR.network.TransmissionTask.run(TransmissionTask.java:124)
11-07 11:29:27.147 19812 19847 W System.err: 	at android.os.Handler.handleCallback(Handler.java:907)
11-07 11:29:27.147 19812 19847 W System.err: 	at android.os.Handler.dispatchMessage(Handler.java:105)
11-07 11:29:27.147 19812 19847 W System.err: 	at android.os.Looper.loop(Looper.java:216)
11-07 11:29:27.147 19812 19847 W System.err: 	at android.os.HandlerThread.run(HandlerThread.java:65)
11-07 11:29:27.179 19812 19847 D Evaluation: Frame 416 sent at 1573118967179
11-07 11:29:27.199 19812 19847 D Evaluation: Frame 416 sent at 1573118967199
11-07 11:29:27.236 19812 19847 D Evaluation: Frame 417 sent at 1573118967236
11-07 11:29:27.262 19812 19847 D Evaluation: Frame 418 sent at 1573118967262
11-07 11:29:27.295 19812 19847 D Evaluation: Frame 419 sent at 1573118967295
11-07 11:29:27.336 19812 19847 D Evaluation: Frame 420 sent at 1573118967336
11-07 11:29:27.371 19812 19847 D Evaluation: Frame 421 sent at 1573118967370
11-07 11:29:27.411 19812 19847 D Evaluation: Frame 422 sent at 1573118967411
11-07 11:29:27.456 19812 19847 D Evaluation: Frame 423 sent at 1573118967456
11-07 11:29:27.468 19812 19812 D Poster  : At 1573118967467 location is 65.05738766819911 (latitude), and 25.46918730790503 (longitude)
11-07 11:29:27.470 19812 19812 D Poster  : Connected to mobile network 20
11-07 11:29:27.498 19812 19847 D Evaluation: Frame 424 sent at 1573118967498
11-07 11:29:27.547 19812 19847 D Evaluation: Frame 425 sent at 1573118967547
11-07 11:29:27.594 19812 19847 D Evaluation: Frame 427 sent at 1573118967594
11-07 11:29:27.623 19812 19847 D Evaluation: Frame 428 sent at 1573118967622
11-07 11:29:27.646 19812 19847 D Evaluation: Frame 428 sent at 1573118967646
11-07 11:29:27.675 19812 19847 D Evaluation: Frame 429 sent at 1573118967675
11-07 11:29:27.720 19812 19847 D Evaluation: Frame 430 sent at 1573118967720
11-07 11:29:27.779 19812 19847 W System.err: java.net.SocketException: Message too long
11-07 11:29:27.779 19812 19847 W System.err: 	at sun.nio.ch.DatagramChannelImpl.send0(Native Method)
11-07 11:29:27.779 19812 19847 W System.err: 	at sun.nio.ch.DatagramChannelImpl.sendFromNativeBuffer(DatagramChannelImpl.java:573)
11-07 11:29:27.780 19812 19847 W System.err: 	at sun.nio.ch.DatagramChannelImpl.send(DatagramChannelImpl.java:550)
11-07 11:29:27.780 19812 19847 W System.err: 	at sun.nio.ch.DatagramChannelImpl.send(DatagramChannelImpl.java:514)
11-07 11:29:27.780 19812 19847 W System.err: 	at symlab.CloudAR.network.TransmissionTask.run(TransmissionTask.java:124)
11-07 11:29:27.780 19812 19847 W System.err: 	at android.os.Handler.handleCallback(Handler.java:907)
11-07 11:29:27.780 19812 19847 W System.err: 	at android.os.Handler.dispatchMessage(Handler.java:105)
11-07 11:29:27.780 19812 19847 W System.err: 	at android.os.Looper.loop(Looper.java:216)
11-07 11:29:27.780 19812 19847 W System.err: 	at android.os.HandlerThread.run(HandlerThread.java:65)
11-07 11:29:27.814 19812 19847 W System.err: java.net.SocketException: Message too long
11-07 11:29:27.814 19812 19847 W System.err: 	at sun.nio.ch.DatagramChannelImpl.send0(Native Method)
11-07 11:29:27.814 19812 19847 W System.err: 	at sun.nio.ch.DatagramChannelImpl.sendFromNativeBuffer(DatagramChannelImpl.java:573)
11-07 11:29:27.814 19812 19847 W System.err: 	at sun.nio.ch.DatagramChannelImpl.send(DatagramChannelImpl.java:550)
11-07 11:29:27.814 19812 19847 W System.err: 	at sun.nio.ch.DatagramChannelImpl.send(DatagramChannelImpl.java:514)
11-07 11:29:27.814 19812 19847 W System.err: 	at symlab.CloudAR.network.TransmissionTask.run(TransmissionTask.java:124)
11-07 11:29:27.814 19812 19847 W System.err: 	at android.os.Handler.handleCallback(Handler.java:907)
11-07 11:29:27.814 19812 19847 W System.err: 	at android.os.Handler.dispatchMessage(Handler.java:105)
11-07 11:29:27.814 19812 19847 W System.err: 	at android.os.Looper.loop(Looper.java:216)
11-07 11:29:27.814 19812 19847 W System.err: 	at android.os.HandlerThread.run(HandlerThread.java:65)
11-07 11:29:27.837 19812 19847 W System.err: java.net.SocketException: Message too long
11-07 11:29:27.837 19812 19847 W System.err: 	at sun.nio.ch.DatagramChannelImpl.send0(Native Method)
11-07 11:29:27.837 19812 19847 W System.err: 	at sun.nio.ch.DatagramChannelImpl.sendFromNativeBuffer(DatagramChannelImpl.java:573)
11-07 11:29:27.837 19812 19847 W System.err: 	at sun.nio.ch.DatagramChannelImpl.send(DatagramChannelImpl.java:550)
11-07 11:29:27.837 19812 19847 W System.err: 	at sun.nio.ch.DatagramChannelImpl.send(DatagramChannelImpl.java:514)
11-07 11:29:27.837 19812 19847 W System.err: 	at symlab.CloudAR.network.TransmissionTask.run(TransmissionTask.java:124)
11-07 11:29:27.837 19812 19847 W System.err: 	at android.os.Handler.handleCallback(Handler.java:907)
11-07 11:29:27.837 19812 19847 W System.err: 	at android.os.Handler.dispatchMessage(Handler.java:105)
11-07 11:29:27.837 19812 19847 W System.err: 	at android.os.Looper.loop(Looper.java:216)
11-07 11:29:27.837 19812 19847 W System.err: 	at android.os.HandlerThread.run(HandlerThread.java:65)
11-07 11:29:27.889 19812 19847 D Evaluation: Frame 434 sent at 1573118967889
11-07 11:29:27.913 19812 19847 W System.err: java.net.SocketException: Message too long
11-07 11:29:27.913 19812 19847 W System.err: 	at sun.nio.ch.DatagramChannelImpl.send0(Native Method)
11-07 11:29:27.913 19812 19847 W System.err: 	at sun.nio.ch.DatagramChannelImpl.sendFromNativeBuffer(DatagramChannelImpl.java:573)
11-07 11:29:27.913 19812 19847 W System.err: 	at sun.nio.ch.DatagramChannelImpl.send(DatagramChannelImpl.java:550)
11-07 11:29:27.913 19812 19847 W System.err: 	at sun.nio.ch.DatagramChannelImpl.send(DatagramChannelImpl.java:514)
11-07 11:29:27.913 19812 19847 W System.err: 	at symlab.CloudAR.network.TransmissionTask.run(TransmissionTask.java:124)
11-07 11:29:27.913 19812 19847 W System.err: 	at android.os.Handler.handleCallback(Handler.java:907)
11-07 11:29:27.913 19812 19847 W System.err: 	at android.os.Handler.dispatchMessage(Handler.java:105)
11-07 11:29:27.913 19812 19847 W System.err: 	at android.os.Looper.loop(Looper.java:216)
11-07 11:29:27.913 19812 19847 W System.err: 	at android.os.HandlerThread.run(HandlerThread.java:65)
11-07 11:29:27.947 19812 19823 E         : [ZeroHung]zrhung_get_config: Get config failed for wp[0x0008]
11-07 11:29:27.947 19812 19847 W System.err: java.net.SocketException: Message too long
11-07 11:29:27.947 19812 19847 W System.err: 	at sun.nio.ch.DatagramChannelImpl.send0(Native Method)
11-07 11:29:27.947 19812 19847 W System.err: 	at sun.nio.ch.DatagramChannelImpl.sendFromNativeBuffer(DatagramChannelImpl.java:573)
11-07 11:29:27.947 19812 19847 W System.err: 	at sun.nio.ch.DatagramChannelImpl.send(DatagramChannelImpl.java:550)
11-07 11:29:27.947 19812 19847 W System.err: 	at sun.nio.ch.DatagramChannelImpl.send(DatagramChannelImpl.java:514)
11-07 11:29:27.947 19812 19847 W System.err: 	at symlab.CloudAR.network.TransmissionTask.run(TransmissionTask.java:124)
11-07 11:29:27.947 19812 19847 W System.err: 	at android.os.Handler.handleCallback(Handler.java:907)
11-07 11:29:27.947 19812 19847 W System.err: 	at android.os.Handler.dispatchMessage(Handler.java:105)
11-07 11:29:27.947 19812 19847 W System.err: 	at android.os.Looper.loop(Looper.java:216)
11-07 11:29:27.947 19812 19847 W System.err: 	at android.os.HandlerThread.run(HandlerThread.java:65)
11-07 11:29:27.979 19812 19847 D Evaluation: Frame 437 sent at 1573118967979
11-07 11:29:28.018 19812 19847 D Evaluation: Frame 438 sent at 1573118968018
11-07 11:29:28.050 19812 19847 D Evaluation: Frame 439 sent at 1573118968050
11-07 11:29:28.081 19812 19847 D Evaluation: Frame 440 sent at 1573118968080
11-07 11:29:28.111 19812 19847 D Evaluation: Frame 441 sent at 1573118968111
11-07 11:29:28.151 19812 19847 D Evaluation: Frame 442 sent at 1573118968151
11-07 11:29:28.186 19812 19847 D Evaluation: Frame 443 sent at 1573118968186
11-07 11:29:28.227 19812 19847 D Evaluation: Frame 444 sent at 1573118968227
11-07 11:29:28.250 19812 19847 D Evaluation: Frame 445 sent at 1573118968250
11-07 11:29:28.282 19812 19847 D Evaluation: Frame 446 sent at 1573118968282
11-07 11:29:28.303 19812 19847 D Evaluation: Frame 447 sent at 1573118968303
11-07 11:29:28.347 19812 19847 D Evaluation: Frame 448 sent at 1573118968347
11-07 11:29:28.375 19812 19847 D Evaluation: Frame 449 sent at 1573118968375
11-07 11:29:28.446 19812 19847 D Evaluation: Frame 451 sent at 1573118968446
11-07 11:29:28.464 19812 19812 D Poster  : At 1573118968464 location is 65.05739171862258 (latitude), and 25.469145094874126 (longitude)
11-07 11:29:28.468 19812 19812 D Poster  : Connected to mobile network 20
11-07 11:29:28.471 19812 19847 D Evaluation: Frame 451 sent at 1573118968471
11-07 11:29:28.502 19812 19847 D Evaluation: Frame 453 sent at 1573118968502
11-07 11:29:28.522 19812 19847 D Evaluation: Frame 453 sent at 1573118968522
11-07 11:29:28.549 19812 19847 W System.err: java.net.SocketException: Message too long
11-07 11:29:28.550 19812 19847 W System.err: 	at sun.nio.ch.DatagramChannelImpl.send0(Native Method)
11-07 11:29:28.550 19812 19847 W System.err: 	at sun.nio.ch.DatagramChannelImpl.sendFromNativeBuffer(DatagramChannelImpl.java:573)
11-07 11:29:28.550 19812 19847 W System.err: 	at sun.nio.ch.DatagramChannelImpl.send(DatagramChannelImpl.java:550)
11-07 11:29:28.550 19812 19847 W System.err: 	at sun.nio.ch.DatagramChannelImpl.send(DatagramChannelImpl.java:514)
11-07 11:29:28.550 19812 19847 W System.err: 	at symlab.CloudAR.network.TransmissionTask.run(TransmissionTask.java:124)
11-07 11:29:28.550 19812 19847 W System.err: 	at android.os.Handler.handleCallback(Handler.java:907)
11-07 11:29:28.550 19812 19847 W System.err: 	at android.os.Handler.dispatchMessage(Handler.java:105)
11-07 11:29:28.550 19812 19847 W System.err: 	at android.os.Looper.loop(Looper.java:216)
11-07 11:29:28.550 19812 19847 W System.err: 	at android.os.HandlerThread.run(HandlerThread.java:65)
11-07 11:29:28.593 19812 19847 D Evaluation: Frame 455 sent at 1573118968593
11-07 11:29:28.626 19812 19847 D Evaluation: Frame 457 sent at 1573118968626
11-07 11:29:28.644 19812 19847 D Evaluation: Frame 457 sent at 1573118968644
11-07 11:29:28.680 19812 19847 D Evaluation: Frame 458 sent at 1573118968680
11-07 11:29:28.712 19812 19847 D Evaluation: Frame 459 sent at 1573118968712
11-07 11:29:28.765 19812 19847 D Evaluation: Frame 461 sent at 1573118968765
11-07 11:29:28.789 19812 19847 W System.err: java.net.SocketException: Message too long
11-07 11:29:28.789 19812 19847 W System.err: 	at sun.nio.ch.DatagramChannelImpl.send0(Native Method)
11-07 11:29:28.789 19812 19847 W System.err: 	at sun.nio.ch.DatagramChannelImpl.sendFromNativeBuffer(DatagramChannelImpl.java:573)
11-07 11:29:28.789 19812 19847 W System.err: 	at sun.nio.ch.DatagramChannelImpl.send(DatagramChannelImpl.java:550)
11-07 11:29:28.789 19812 19847 W System.err: 	at sun.nio.ch.DatagramChannelImpl.send(DatagramChannelImpl.java:514)
11-07 11:29:28.789 19812 19847 W System.err: 	at symlab.CloudAR.network.TransmissionTask.run(TransmissionTask.java:124)
11-07 11:29:28.789 19812 19847 W System.err: 	at android.os.Handler.handleCallback(Handler.java:907)
