10-28 13:11:34.161 12651 12730 W System.err: 	at sun.nio.ch.DatagramChannelImpl.send0(Native Method)
10-28 13:11:34.161 12651 12730 W System.err: 	at sun.nio.ch.DatagramChannelImpl.sendFromNativeBuffer(DatagramChannelImpl.java:573)
10-28 13:11:34.161 12651 12730 W System.err: 	at sun.nio.ch.DatagramChannelImpl.send(DatagramChannelImpl.java:550)
10-28 13:11:34.161 12651 12730 W System.err: 	at sun.nio.ch.DatagramChannelImpl.send(DatagramChannelImpl.java:514)
10-28 13:11:34.161 12651 12730 W System.err: 	at symlab.CloudAR.network.TransmissionTask.run(TransmissionTask.java:112)
10-28 13:11:34.161 12651 12730 W System.err: 	at android.os.Handler.handleCallback(Handler.java:874)
10-28 13:11:34.161 12651 12730 W System.err: 	at android.os.Handler.dispatchMessage(Handler.java:100)
10-28 13:11:34.161 12651 12730 W System.err: 	at android.os.Looper.loop(Looper.java:198)
10-28 13:11:34.161 12651 12730 W System.err: 	at android.os.HandlerThread.run(HandlerThread.java:65)
10-28 13:11:34.202 12651 12730 W System.err: java.net.SocketException: Network is unreachable
10-28 13:11:34.202 12651 12730 W System.err: 	at sun.nio.ch.DatagramChannelImpl.send0(Native Method)
10-28 13:11:34.202 12651 12730 W System.err: 	at sun.nio.ch.DatagramChannelImpl.sendFromNativeBuffer(DatagramChannelImpl.java:573)
10-28 13:11:34.202 12651 12730 W System.err: 	at sun.nio.ch.DatagramChannelImpl.send(DatagramChannelImpl.java:550)
10-28 13:11:34.202 12651 12730 W System.err: 	at sun.nio.ch.DatagramChannelImpl.send(DatagramChannelImpl.java:514)
10-28 13:11:34.202 12651 12730 W System.err: 	at symlab.CloudAR.network.TransmissionTask.run(TransmissionTask.java:112)
10-28 13:11:34.202 12651 12730 W System.err: 	at android.os.Handler.handleCallback(Handler.java:874)
10-28 13:11:34.202 12651 12730 W System.err: 	at android.os.Handler.dispatchMessage(Handler.java:100)
10-28 13:11:34.202 12651 12730 W System.err: 	at android.os.Looper.loop(Looper.java:198)
10-28 13:11:34.203 12651 12730 W System.err: 	at android.os.HandlerThread.run(HandlerThread.java:65)
10-28 13:11:34.242 12651 12730 W System.err: java.net.SocketException: Network is unreachable
10-28 13:11:34.242 12651 12730 W System.err: 	at sun.nio.ch.DatagramChannelImpl.send0(Native Method)
10-28 13:11:34.243 12651 12730 W System.err: 	at sun.nio.ch.DatagramChannelImpl.sendFromNativeBuffer(DatagramChannelImpl.java:573)
10-28 13:11:34.243 12651 12730 W System.err: 	at sun.nio.ch.DatagramChannelImpl.send(DatagramChannelImpl.java:550)
10-28 13:11:34.243 12651 12730 W System.err: 	at sun.nio.ch.DatagramChannelImpl.send(DatagramChannelImpl.java:514)
10-28 13:11:34.243 12651 12730 W System.err: 	at symlab.CloudAR.network.TransmissionTask.run(TransmissionTask.java:112)
10-28 13:11:34.243 12651 12730 W System.err: 	at android.os.Handler.handleCallback(Handler.java:874)
10-28 13:11:34.243 12651 12730 W System.err: 	at android.os.Handler.dispatchMessage(Handler.java:100)
10-28 13:11:34.243 12651 12730 W System.err: 	at android.os.Looper.loop(Looper.java:198)
10-28 13:11:34.243 12651 12730 W System.err: 	at android.os.HandlerThread.run(HandlerThread.java:65)
10-28 13:11:34.269 12651 12730 W System.err: java.net.SocketException: Network is unreachable
10-28 13:11:34.269 12651 12730 W System.err: 	at sun.nio.ch.DatagramChannelImpl.send0(Native Method)
10-28 13:11:34.270 12651 12730 W System.err: 	at sun.nio.ch.DatagramChannelImpl.sendFromNativeBuffer(DatagramChannelImpl.java:573)
10-28 13:11:34.270 12651 12730 W System.err: 	at sun.nio.ch.DatagramChannelImpl.send(DatagramChannelImpl.java:550)
10-28 13:11:34.270 12651 12730 W System.err: 	at sun.nio.ch.DatagramChannelImpl.send(DatagramChannelImpl.java:514)
10-28 13:11:34.270 12651 12730 W System.err: 	at symlab.CloudAR.network.TransmissionTask.run(TransmissionTask.java:112)
10-28 13:11:34.270 12651 12730 W System.err: 	at android.os.Handler.handleCallback(Handler.java:874)
10-28 13:11:34.270 12651 12730 W System.err: 	at android.os.Handler.dispatchMessage(Handler.java:100)
10-28 13:11:34.270 12651 12730 W System.err: 	at android.os.Looper.loop(Looper.java:198)
10-28 13:11:34.270 12651 12730 W System.err: 	at android.os.HandlerThread.run(HandlerThread.java:65)
10-28 13:11:34.301 12651 12730 W System.err: java.net.SocketException: Network is unreachable
10-28 13:11:34.301 12651 12730 W System.err: 	at sun.nio.ch.DatagramChannelImpl.send0(Native Method)
10-28 13:11:34.302 12651 12730 W System.err: 	at sun.nio.ch.DatagramChannelImpl.sendFromNativeBuffer(DatagramChannelImpl.java:573)
10-28 13:11:34.302 12651 12730 W System.err: 	at sun.nio.ch.DatagramChannelImpl.send(DatagramChannelImpl.java:550)
10-28 13:11:34.302 12651 12730 W System.err: 	at sun.nio.ch.DatagramChannelImpl.send(DatagramChannelImpl.java:514)
10-28 13:11:34.302 12651 12730 W System.err: 	at symlab.CloudAR.network.TransmissionTask.run(TransmissionTask.java:112)
10-28 13:11:34.302 12651 12730 W System.err: 	at android.os.Handler.handleCallback(Handler.java:874)
10-28 13:11:34.302 12651 12730 W System.err: 	at android.os.Handler.dispatchMessage(Handler.java:100)
10-28 13:11:34.302 12651 12730 W System.err: 	at android.os.Looper.loop(Looper.java:198)
10-28 13:11:34.302 12651 12730 W System.err: 	at android.os.HandlerThread.run(HandlerThread.java:65)
10-28 13:11:34.343 12651 12730 W System.err: java.net.SocketException: Network is unreachable
10-28 13:11:34.343 12651 12730 W System.err: 	at sun.nio.ch.DatagramChannelImpl.send0(Native Method)
10-28 13:11:34.343 12651 12730 W System.err: 	at sun.nio.ch.DatagramChannelImpl.sendFromNativeBuffer(DatagramChannelImpl.java:573)
10-28 13:11:34.343 12651 12730 W System.err: 	at sun.nio.ch.DatagramChannelImpl.send(DatagramChannelImpl.java:550)
10-28 13:11:34.343 12651 12730 W System.err: 	at sun.nio.ch.DatagramChannelImpl.send(DatagramChannelImpl.java:514)
10-28 13:11:34.343 12651 12730 W System.err: 	at symlab.CloudAR.network.TransmissionTask.run(TransmissionTask.java:112)
10-28 13:11:34.343 12651 12730 W System.err: 	at android.os.Handler.handleCallback(Handler.java:874)
10-28 13:11:34.343 12651 12730 W System.err: 	at android.os.Handler.dispatchMessage(Handler.java:100)
10-28 13:11:34.343 12651 12730 W System.err: 	at android.os.Looper.loop(Looper.java:198)
10-28 13:11:34.343 12651 12730 W System.err: 	at android.os.HandlerThread.run(HandlerThread.java:65)
10-28 13:11:34.386 12651 12730 W System.err: java.net.SocketException: Network is unreachable
10-28 13:11:34.386 12651 12730 W System.err: 	at sun.nio.ch.DatagramChannelImpl.send0(Native Method)
10-28 13:11:34.387 12651 12730 W System.err: 	at sun.nio.ch.DatagramChannelImpl.sendFromNativeBuffer(DatagramChannelImpl.java:573)
10-28 13:11:34.387 12651 12730 W System.err: 	at sun.nio.ch.DatagramChannelImpl.send(DatagramChannelImpl.java:550)
10-28 13:11:34.387 12651 12730 W System.err: 	at sun.nio.ch.DatagramChannelImpl.send(DatagramChannelImpl.java:514)
10-28 13:11:34.387 12651 12730 W System.err: 	at symlab.CloudAR.network.TransmissionTask.run(TransmissionTask.java:112)
10-28 13:11:34.387 12651 12730 W System.err: 	at android.os.Handler.handleCallback(Handler.java:874)
10-28 13:11:34.387 12651 12730 W System.err: 	at android.os.Handler.dispatchMessage(Handler.java:100)
10-28 13:11:34.387 12651 12730 W System.err: 	at android.os.Looper.loop(Looper.java:198)
10-28 13:11:34.387 12651 12730 W System.err: 	at android.os.HandlerThread.run(HandlerThread.java:65)
10-28 13:11:34.420 12651 12730 W System.err: java.net.SocketException: Network is unreachable
10-28 13:11:34.420 12651 12730 W System.err: 	at sun.nio.ch.DatagramChannelImpl.send0(Native Method)
10-28 13:11:34.420 12651 12730 W System.err: 	at sun.nio.ch.DatagramChannelImpl.sendFromNativeBuffer(DatagramChannelImpl.java:573)
10-28 13:11:34.420 12651 12730 W System.err: 	at sun.nio.ch.DatagramChannelImpl.send(DatagramChannelImpl.java:550)
10-28 13:11:34.420 12651 12730 W System.err: 	at sun.nio.ch.DatagramChannelImpl.send(DatagramChannelImpl.java:514)
10-28 13:11:34.420 12651 12730 W System.err: 	at symlab.CloudAR.network.TransmissionTask.run(TransmissionTask.java:112)
10-28 13:11:34.420 12651 12730 W System.err: 	at android.os.Handler.handleCallback(Handler.java:874)
10-28 13:11:34.421 12651 12730 W System.err: 	at android.os.Handler.dispatchMessage(Handler.java:100)
10-28 13:11:34.421 12651 12730 W System.err: 	at android.os.Looper.loop(Looper.java:198)
10-28 13:11:34.421 12651 12730 W System.err: 	at android.os.HandlerThread.run(HandlerThread.java:65)
10-28 13:11:34.453 12651 12730 W System.err: java.net.SocketException: Network is unreachable
10-28 13:11:34.454 12651 12730 W System.err: 	at sun.nio.ch.DatagramChannelImpl.send0(Native Method)
10-28 13:11:34.454 12651 12730 W System.err: 	at sun.nio.ch.DatagramChannelImpl.sendFromNativeBuffer(DatagramChannelImpl.java:573)
10-28 13:11:34.454 12651 12730 W System.err: 	at sun.nio.ch.DatagramChannelImpl.send(DatagramChannelImpl.java:550)
10-28 13:11:34.454 12651 12730 W System.err: 	at sun.nio.ch.DatagramChannelImpl.send(DatagramChannelImpl.java:514)
10-28 13:11:34.454 12651 12730 W System.err: 	at symlab.CloudAR.network.TransmissionTask.run(TransmissionTask.java:112)
10-28 13:11:34.454 12651 12730 W System.err: 	at android.os.Handler.handleCallback(Handler.java:874)
10-28 13:11:34.454 12651 12730 W System.err: 	at android.os.Handler.dispatchMessage(Handler.java:100)
10-28 13:11:34.454 12651 12730 W System.err: 	at android.os.Looper.loop(Looper.java:198)
10-28 13:11:34.454 12651 12730 W System.err: 	at android.os.HandlerThread.run(HandlerThread.java:65)
10-28 13:11:34.480 12651 12730 W System.err: java.net.SocketException: Network is unreachable
10-28 13:11:34.480 12651 12730 W System.err: 	at sun.nio.ch.DatagramChannelImpl.send0(Native Method)
10-28 13:11:34.480 12651 12730 W System.err: 	at sun.nio.ch.DatagramChannelImpl.sendFromNativeBuffer(DatagramChannelImpl.java:573)
10-28 13:11:34.480 12651 12730 W System.err: 	at sun.nio.ch.DatagramChannelImpl.send(DatagramChannelImpl.java:550)
10-28 13:11:34.480 12651 12730 W System.err: 	at sun.nio.ch.DatagramChannelImpl.send(DatagramChannelImpl.java:514)
10-28 13:11:34.480 12651 12730 W System.err: 	at symlab.CloudAR.network.TransmissionTask.run(TransmissionTask.java:112)
10-28 13:11:34.480 12651 12730 W System.err: 	at android.os.Handler.handleCallback(Handler.java:874)
10-28 13:11:34.480 12651 12730 W System.err: 	at android.os.Handler.dispatchMessage(Handler.java:100)
10-28 13:11:34.480 12651 12730 W System.err: 	at android.os.Looper.loop(Looper.java:198)
10-28 13:11:34.480 12651 12730 W System.err: 	at android.os.HandlerThread.run(HandlerThread.java:65)
10-28 13:11:34.566 12651 12651 I Poster  :  onPause() called.
10-28 13:11:34.582 12651 12730 W System.err: java.net.SocketException: Network is unreachable
10-28 13:11:34.582 12651 12730 W System.err: 	at sun.nio.ch.DatagramChannelImpl.send0(Native Method)
10-28 13:11:34.582 12651 12730 W System.err: 	at sun.nio.ch.DatagramChannelImpl.sendFromNativeBuffer(DatagramChannelImpl.java:573)
10-28 13:11:34.582 12651 12730 W System.err: 	at sun.nio.ch.DatagramChannelImpl.send(DatagramChannelImpl.java:550)
10-28 13:11:34.582 12651 12730 W System.err: 	at sun.nio.ch.DatagramChannelImpl.send(DatagramChannelImpl.java:514)
10-28 13:11:34.582 12651 12730 W System.err: 	at symlab.CloudAR.network.TransmissionTask.run(TransmissionTask.java:112)
10-28 13:11:34.583 12651 12730 W System.err: 	at android.os.Handler.handleCallback(Handler.java:874)
10-28 13:11:34.583 12651 12730 W System.err: 	at android.os.Handler.dispatchMessage(Handler.java:100)
10-28 13:11:34.583 12651 12730 W System.err: 	at android.os.Looper.loop(Looper.java:198)
10-28 13:11:34.583 12651 12730 W System.err: 	at android.os.HandlerThread.run(HandlerThread.java:65)
10-28 13:11:35.390 12651 12651 I Poster  :  surfaceDestroyed() called.
10-28 13:11:35.391 12651 12651 I Poster  :  onStop() called.
10-28 13:11:36.156 12651 12651 I Poster  :  onDestroy() called.
11-01 13:21:13.816 14412 14412 I loudridar.arhu: Late-enabling -Xcheck:jni
11-01 13:21:13.920 14412 14425 E loudridar.arhu: Failed to send jdwp-handshake response.: Broken pipe
11-01 13:21:14.210 14412 14412 I Perf    : Connecting to perf service.
11-01 13:21:14.228 14412 14412 I MultiDex: VM with version 2.1.0 has multidex support
11-01 13:21:14.228 14412 14412 I MultiDex: Installing application
11-01 13:21:14.228 14412 14412 I MultiDex: VM has multidex support, MultiDex support library is disabled.
11-01 13:21:14.236 14412 14412 I FirebaseInitProvider: FirebaseApp initialization unsuccessful
11-01 13:21:14.290 14412 14412 I MultiDex: Installing application
11-01 13:21:14.290 14412 14412 I MultiDex: VM has multidex support, MultiDex support library is disabled.
11-01 13:21:14.295 14412 14412 I Poster  :  onCreate() called.
11-01 13:21:14.306 14412 14412 I DecorView: It non-support bigbang
11-01 13:21:14.310 14412 14412 I PhoneWindow: isNeedChangeNaviBarColor taskInfo: [android.app.ActivityManager$RunningTaskInfo@c93a69a] size: 1
11-01 13:21:14.310 14412 14412 I PhoneWindow: isAPPNeedChange pkgName: symlab.cloudridar.arhud needKeep: false
11-01 13:21:14.310 14412 14412 I PhoneWindow: isNeedChangeNaviBarColor false
11-01 13:21:14.311 14412 14412 I PhoneWindow: generateLayout mNavigationBarColor: ff000000
11-01 13:21:14.311 14412 14412 I PhoneWindow: generateLayout isLightNavi false, Visibility: 0
11-01 13:21:14.321 14412 14412 D OpenGLRenderer: Skia GL Pipeline
11-01 13:21:14.329 14412 14412 D LocationManager: [LocationManager] requestLocationUpdates(), 
11-01 13:21:14.329 14412 14412 D LocationManager: java.lang.RuntimeException
11-01 13:21:14.329 14412 14412 D LocationManager: 	at android.location.LocationManager.requestLocationUpdates(LocationManager.java:1013)
11-01 13:21:14.329 14412 14412 D LocationManager: 	at android.location.LocationManager.requestLocationUpdates(LocationManager.java:562)
11-01 13:21:14.329 14412 14412 D LocationManager: 	at symlab.ARHUD.MainActivity.onCreate(MainActivity.java:94)
11-01 13:21:14.329 14412 14412 D LocationManager: 	at android.app.Activity.performCreate(Activity.java:7136)
11-01 13:21:14.329 14412 14412 D LocationManager: 	at android.app.Activity.performCreate(Activity.java:7127)
11-01 13:21:14.329 14412 14412 D LocationManager: 	at android.app.Instrumentation.callActivityOnCreate(Instrumentation.java:1272)
11-01 13:21:14.329 14412 14412 D LocationManager: 	at android.app.ActivityThread.performLaunchActivity(ActivityThread.java:2908)
11-01 13:21:14.329 14412 14412 D LocationManager: 	at android.app.ActivityThread.handleLaunchActivity(ActivityThread.java:3063)
11-01 13:21:14.329 14412 14412 D LocationManager: 	at android.app.servertransaction.LaunchActivityItem.execute(LaunchActivityItem.java:78)
11-01 13:21:14.329 14412 14412 D LocationManager: 	at android.app.servertransaction.TransactionExecutor.executeCallbacks(TransactionExecutor.java:108)
11-01 13:21:14.329 14412 14412 D LocationManager: 	at android.app.servertransaction.TransactionExecutor.execute(TransactionExecutor.java:68)
11-01 13:21:14.329 14412 14412 D LocationManager: 	at android.app.ActivityThread$H.handleMessage(ActivityThread.java:1823)
11-01 13:21:14.329 14412 14412 D LocationManager: 	at android.os.Handler.dispatchMessage(Handler.java:107)
11-01 13:21:14.329 14412 14412 D LocationManager: 	at android.os.Looper.loop(Looper.java:198)
11-01 13:21:14.329 14412 14412 D LocationManager: 	at android.app.ActivityThread.main(ActivityThread.java:6729)
11-01 13:21:14.329 14412 14412 D LocationManager: 	at java.lang.reflect.Method.invoke(Native Method)
11-01 13:21:14.329 14412 14412 D LocationManager: 	at com.android.internal.os.RuntimeInit$MethodAndArgsCaller.run(RuntimeInit.java:493)
11-01 13:21:14.329 14412 14412 D LocationManager: 	at com.android.internal.os.ZygoteInit.main(ZygoteInit.java:858)
11-01 13:21:14.355 14412 14412 D Poster  : Server bound to IP 10.42.0.1 and port 52727
11-01 13:21:14.363 14412 14466 D Evaluation: metadata 0 sent 
11-01 13:21:14.368 14412 14412 I Poster  :  onStart() called.
11-01 13:21:14.369 14412 14412 I Poster  :  onResume() called.
11-01 13:21:14.370 14412 14412 E libc    : Access denied finding property "vendor.camera.aux.packagelist"
11-01 13:21:14.353 14412 14412 W loudridar.arhud: type=1400 audit(0.0:15294): avc: denied { read } for name="u:object_r:vendor_camera_prop:s0" dev="tmpfs" ino=16779 scontext=u:r:untrusted_app:s0:c203,c256,c512,c768 tcontext=u:object_r:vendor_camera_prop:s0 tclass=file permissive=0
11-01 13:21:14.363 14412 14412 W loudridar.arhud: type=1400 audit(0.0:15295): avc: denied { read } for name="u:object_r:vendor_camera_prop:s0" dev="tmpfs" ino=16779 scontext=u:r:untrusted_app:s0:c203,c256,c512,c768 tcontext=u:object_r:vendor_camera_prop:s0 tclass=file permissive=0
11-01 13:21:14.371 14412 14412 E libc    : Access denied finding property "vendor.camera.aux.packagelist"
11-01 13:21:14.363 14412 14412 W loudridar.arhud: type=1400 audit(0.0:15296): avc: denied { read } for name="u:object_r:vendor_camera_prop:s0" dev="tmpfs" ino=16779 scontext=u:r:untrusted_app:s0:c203,c256,c512,c768 tcontext=u:object_r:vendor_camera_prop:s0 tclass=file permissive=0
11-01 13:21:14.374 14412 14412 E libc    : Access denied finding property "vendor.camera.aux.packagelist"
11-01 13:21:14.610 14412 14523 I Adreno  : QUALCOMM build                   : a4d39a0, I6fd668c4d3
11-01 13:21:14.610 14412 14523 I Adreno  : Build Date                       : 10/05/18
11-01 13:21:14.610 14412 14523 I Adreno  : OpenGL ES Shader Compiler Version: EV031.25.03.01
11-01 13:21:14.610 14412 14523 I Adreno  : Local Branch                     : 
11-01 13:21:14.610 14412 14523 I Adreno  : Remote Branch                    : refs/tags/AU_LINUX_ANDROID_LA.UM.7.2.R1.09.00.00.442.049
11-01 13:21:14.610 14412 14523 I Adreno  : Remote Branch                    : NONE
11-01 13:21:14.610 14412 14523 I Adreno  : Reconstruct Branch               : NOTHING
11-01 13:21:14.610 14412 14523 I Adreno  : Build Config                     : S L 6.0.7 AArch32
11-01 13:21:14.614 14412 14523 I Adreno  : PFP: 0x005ff112, ME: 0x005ff066
11-01 13:21:14.618 14412 14523 I ConfigStore: android::hardware::configstore::V1_0::ISurfaceFlingerConfigs::hasWideColorDisplay retrieved: 0
11-01 13:21:14.618 14412 14523 I ConfigStore: android::hardware::configstore::V1_0::ISurfaceFlingerConfigs::hasHDRDisplay retrieved: 0
11-01 13:21:14.618 14412 14523 I OpenGLRenderer: Initialized EGL, version 1.4
11-01 13:21:14.619 14412 14523 D OpenGLRenderer: Swap behavior 2
11-01 13:21:14.626 14412 14412 I Poster  :  surfaceCreated() called.
11-01 13:21:14.626 14412 14412 I Poster  : initPreview() called
11-01 13:21:14.684 14412 14412 I Poster  :  surfaceChanged() called.
11-01 13:21:15.011 14412 14466 D Evaluation: metadata 1 sent 
11-01 13:21:15.053 14412 14466 D Evaluation: metadata 2 sent 
11-01 13:21:15.099 14412 14466 D Evaluation: metadata 3 sent 
11-01 13:21:15.134 14412 14466 D Evaluation: metadata 4 sent 
11-01 13:21:15.178 14412 14466 D Evaluation: metadata 5 sent 
11-01 13:21:15.255 14412 14466 D Evaluation: frame 7 sent 
11-01 13:21:15.281 14412 14466 D Evaluation: frame 7 sent 
11-01 13:21:15.302 14412 14466 D Evaluation: frame 8 sent 
11-01 13:21:15.310 14412 14466 D Evaluation: 0 res 7 received 
11-01 13:21:15.339 14412 14466 D Evaluation: frame 9 sent 
11-01 13:21:15.345 14412 14466 D Evaluation: 0 res 7 received 
11-01 13:21:15.374 14412 14466 D Evaluation: frame 10 sent 
11-01 13:21:15.377 14412 14466 D Evaluation: 0 res 8 received 
11-01 13:21:15.400 14412 14466 D Evaluation: frame 11 sent 
11-01 13:21:15.404 14412 14466 D Evaluation: 0 res 9 received 
11-01 13:21:15.432 14412 14466 D Evaluation: frame 12 sent 
11-01 13:21:15.437 14412 14466 D Evaluation: 0 res 10 received 
11-01 13:21:15.467 14412 14466 D Evaluation: frame 13 sent 
11-01 13:21:15.471 14412 14466 D Evaluation: 0 res 11 received 
11-01 13:21:15.499 14412 14466 D Evaluation: frame 14 sent 
11-01 13:21:15.504 14412 14466 D Evaluation: 0 res 12 received 
11-01 13:21:15.536 14412 14466 D Evaluation: frame 15 sent 
11-01 13:21:15.540 14412 14466 D Evaluation: 0 res 13 received 
11-01 13:21:15.570 14412 14466 D Evaluation: frame 16 sent 
11-01 13:21:15.574 14412 14466 D Evaluation: 0 res 14 received 
11-01 13:21:15.612 14412 14466 D Evaluation: frame 17 sent 
11-01 13:21:15.616 14412 14466 D Evaluation: 0 res 15 received 
11-01 13:21:15.637 14412 14466 D Evaluation: frame 18 sent 
11-01 13:21:15.642 14412 14466 D Evaluation: 0 res 16 received 
11-01 13:21:15.670 14412 14466 D Evaluation: frame 19 sent 
11-01 13:21:15.674 14412 14466 D Evaluation: 0 res 17 received 
11-01 13:21:15.702 14412 14466 D Evaluation: frame 20 sent 
11-01 13:21:15.705 14412 14466 D Evaluation: 0 res 18 received 
11-01 13:21:15.735 14412 14466 D Evaluation: frame 21 sent 
11-01 13:21:15.768 14412 14466 D Evaluation: frame 22 sent 
11-01 13:21:15.770 14412 14466 D Evaluation: 0 res 20 received 
11-01 13:21:15.805 14412 14466 D Evaluation: frame 23 sent 
11-01 13:21:15.808 14412 14466 D Evaluation: 0 res 21 received 
11-01 13:21:15.839 14412 14466 D Evaluation: frame 24 sent 
11-01 13:21:15.841 14412 14466 D Evaluation: 0 res 22 received 
11-01 13:21:15.848 14412 14427 W System  : A resource failed to call close. 
11-01 13:21:15.850 14412 14427 I chatty  : uid=10203(symlab.cloudridar.arhud) FinalizerDaemon identical 28 lines
11-01 13:21:15.850 14412 14427 W System  : A resource failed to call close. 
11-01 13:21:15.871 14412 14466 D Evaluation: frame 25 sent 
11-01 13:21:15.873 14412 14466 D Evaluation: 0 res 23 received 
11-01 13:21:15.911 14412 14466 D Evaluation: frame 26 sent 
11-01 13:21:15.913 14412 14466 D Evaluation: 0 res 24 received 
11-01 13:21:15.936 14412 14466 D Evaluation: frame 27 sent 
11-01 13:21:15.938 14412 14466 D Evaluation: 0 res 25 received 
11-01 13:21:15.971 14412 14466 D Evaluation: frame 28 sent 
11-01 13:21:15.974 14412 14466 D Evaluation: 0 res 26 received 
11-01 13:21:16.001 14412 14466 D Evaluation: frame 29 sent 
11-01 13:21:16.033 14412 14466 D Evaluation: frame 30 sent 
11-01 13:21:16.036 14412 14466 D Evaluation: 0 res 27 received 
11-01 13:21:16.070 14412 14466 D Evaluation: frame 31 sent 
11-01 13:21:16.073 14412 14466 D Evaluation: 0 res 28 received 
11-01 13:21:16.107 14412 14466 D Evaluation: frame 32 sent 
11-01 13:21:16.109 14412 14466 D Evaluation: 0 res 29 received 
11-01 13:21:16.139 14412 14466 D Evaluation: frame 33 sent 
11-01 13:21:16.141 14412 14466 D Evaluation: 0 res 30 received 
11-01 13:21:16.180 14412 14466 D Evaluation: frame 34 sent 
11-01 13:21:16.184 14412 14466 D Evaluation: 0 res 31 received 
11-01 13:21:16.203 14412 14466 D Evaluation: frame 35 sent 
11-01 13:21:16.205 14412 14466 D Evaluation: 0 res 32 received 
11-01 13:21:16.234 14412 14466 D Evaluation: frame 36 sent 
11-01 13:21:16.236 14412 14466 D Evaluation: 0 res 33 received 
11-01 13:21:16.269 14412 14466 D Evaluation: frame 37 sent 
11-01 13:21:16.271 14412 14466 D Evaluation: 0 res 34 received 
11-01 13:21:16.305 14412 14466 D Evaluation: frame 38 sent 
11-01 13:21:16.307 14412 14466 D Evaluation: 0 res 35 received 
11-01 13:21:16.382 14412 14466 D Evaluation: frame 39 sent 
11-01 13:21:16.385 14412 14466 D Evaluation: 0 res 36 received 
11-01 13:21:16.418 14412 14466 D Evaluation: frame 40 sent 
11-01 13:21:16.421 14412 14466 D Evaluation: 0 res 37 received 
11-01 13:21:16.442 14412 14466 D Evaluation: frame 41 sent 
11-01 13:21:16.444 14412 14466 D Evaluation: 0 res 38 received 
11-01 13:21:16.480 14412 14466 D Evaluation: frame 42 sent 
11-01 13:21:16.482 14412 14466 D Evaluation: 0 res 39 received 
11-01 13:21:16.495 14412 14427 W System  : A resource failed to call close. 
11-01 13:21:16.497 14412 14427 I chatty  : uid=10203(symlab.cloudridar.arhud) FinalizerDaemon identical 33 lines
11-01 13:21:16.497 14412 14427 W System  : A resource failed to call close. 
11-01 13:21:16.502 14412 14466 D Evaluation: frame 43 sent 
11-01 13:21:16.504 14412 14466 D Evaluation: 0 res 40 received 
11-01 13:21:16.548 14412 14466 D Evaluation: frame 44 sent 
11-01 13:21:16.550 14412 14466 D Evaluation: 0 res 41 received 
11-01 13:21:16.570 14412 14466 D Evaluation: frame 45 sent 
11-01 13:21:16.572 14412 14466 D Evaluation: 0 res 42 received 
11-01 13:21:16.609 14412 14466 D Evaluation: frame 46 sent 
11-01 13:21:16.612 14412 14466 D Evaluation: 0 res 43 received 
11-01 13:21:16.682 14412 14466 D Evaluation: frame 47 sent 
11-01 13:21:16.685 14412 14466 D Evaluation: 0 res 44 received 
11-01 13:21:16.743 14412 14466 D Evaluation: frame 48 sent 
11-01 13:21:16.753 14412 14466 D Evaluation: 0 res 45 received 
11-01 13:21:16.772 14412 14466 D Evaluation: frame 49 sent 
11-01 13:21:16.775 14412 14466 D Evaluation: 0 res 46 received 
11-01 13:21:16.801 14412 14466 D Evaluation: frame 50 sent 
11-01 13:21:16.804 14412 14466 D Evaluation: 0 res 47 received 
11-01 13:21:16.833 14412 14466 D Evaluation: frame 51 sent 
11-01 13:21:16.836 14412 14466 D Evaluation: 0 res 48 received 
11-01 13:21:16.867 14412 14466 D Evaluation: frame 52 sent 
11-01 13:21:16.870 14412 14466 D Evaluation: 0 res 49 received 
11-01 13:21:16.905 14412 14466 D Evaluation: frame 53 sent 
11-01 13:21:16.908 14412 14466 D Evaluation: 0 res 50 received 
11-01 13:21:16.937 14412 14466 D Evaluation: frame 54 sent 
11-01 13:21:16.940 14412 14466 D Evaluation: 0 res 51 received 
11-01 13:21:16.966 14412 14466 D Evaluation: frame 55 sent 
11-01 13:21:16.969 14412 14466 D Evaluation: 0 res 52 received 
11-01 13:21:17.002 14412 14466 D Evaluation: frame 56 sent 
11-01 13:21:17.004 14412 14466 D Evaluation: 0 res 53 received 
11-01 13:21:17.036 14412 14466 D Evaluation: frame 57 sent 
11-01 13:21:17.038 14412 14466 D Evaluation: 0 res 54 received 
11-01 13:21:17.071 14412 14466 D Evaluation: frame 58 sent 
11-01 13:21:17.073 14412 14466 D Evaluation: 0 res 55 received 
11-01 13:21:17.106 14412 14466 D Evaluation: frame 59 sent 
11-01 13:21:17.109 14412 14466 D Evaluation: 0 res 56 received 
11-01 13:21:17.138 14412 14466 D Evaluation: frame 60 sent 
11-01 13:21:17.140 14412 14466 D Evaluation: 0 res 57 received 
11-01 13:21:17.169 14412 14466 D Evaluation: frame 61 sent 
11-01 13:21:17.171 14412 14466 D Evaluation: 0 res 58 received 
11-01 13:21:17.200 14412 14466 D Evaluation: frame 62 sent 
11-01 13:21:17.202 14412 14466 D Evaluation: 0 res 59 received 
11-01 13:21:17.253 14412 14466 D Evaluation: frame 63 sent 
11-01 13:21:17.256 14412 14466 D Evaluation: 0 res 60 received 
11-01 13:21:17.277 14412 14466 D Evaluation: frame 64 sent 
11-01 13:21:17.280 14412 14466 D Evaluation: 0 res 61 received 
11-01 13:21:17.301 14412 14466 D Evaluation: frame 65 sent 
11-01 13:21:17.304 14412 14466 D Evaluation: 0 res 62 received 
11-01 13:21:17.338 14412 14466 D Evaluation: frame 66 sent 
11-01 13:21:17.341 14412 14466 D Evaluation: 0 res 63 received 
11-01 13:21:17.348 14412 14427 W System  : A resource failed to call close. 
11-01 13:21:17.350 14412 14427 I chatty  : uid=10203(symlab.cloudridar.arhud) FinalizerDaemon identical 22 lines
11-01 13:21:17.350 14412 14427 W System  : A resource failed to call close. 
11-01 13:21:17.350 14412 14427 W System  : A resource failed to call close. 
11-01 13:21:17.351 14412 14427 I chatty  : uid=10203(symlab.cloudridar.arhud) FinalizerDaemon identical 21 lines
11-01 13:21:17.351 14412 14427 W System  : A resource failed to call close. 
11-01 13:21:17.376 14412 14466 D Evaluation: frame 67 sent 
11-01 13:21:17.378 14412 14466 D Evaluation: 0 res 64 received 
11-01 13:21:17.455 14412 14466 D Evaluation: frame 69 sent 
11-01 13:21:17.457 14412 14466 D Evaluation: 0 res 66 received 
11-01 13:21:17.477 14412 14466 D Evaluation: frame 69 sent 
11-01 13:21:17.479 14412 14466 D Evaluation: 0 res 67 received 
11-01 13:21:17.511 14412 14466 D Evaluation: frame 70 sent 
11-01 13:21:17.513 14412 14466 D Evaluation: 1 res 69 received 
11-01 13:21:17.540 14412 14466 D Evaluation: frame 71 sent 
11-01 13:21:17.542 14412 14466 D Evaluation: 0 res 69 received 
11-01 13:21:17.579 14412 14466 D Evaluation: frame 72 sent 
11-01 13:21:17.581 14412 14466 D Evaluation: 0 res 70 received 
11-01 13:21:17.642 14412 14466 D Evaluation: frame 73 sent 
11-01 13:21:17.644 14412 14466 D Evaluation: 0 res 72 received 
11-01 13:21:17.677 14412 14466 D Evaluation: frame 74 sent 
11-01 13:21:17.679 14412 14466 D Evaluation: 0 res 73 received 
11-01 13:21:17.703 14412 14466 D Evaluation: frame 75 sent 
11-01 13:21:17.784 14412 14466 D Evaluation: frame 76 sent 
11-01 13:21:17.787 14412 14466 D Evaluation: 0 res 74 received 
11-01 13:21:17.808 14412 14466 D Evaluation: frame 77 sent 
11-01 13:21:17.810 14412 14466 D Evaluation: 0 res 75 received 
11-01 13:21:17.861 14412 14466 D Evaluation: frame 79 sent 
11-01 13:21:17.864 14412 14466 D Evaluation: 0 res 76 received 
11-01 13:21:17.889 14412 14466 D Evaluation: frame 79 sent 
11-01 13:21:17.892 14412 14466 D Evaluation: 0 res 77 received 
11-01 13:21:17.918 14412 14466 D Evaluation: frame 80 sent 
11-01 13:21:17.945 14412 14466 D Evaluation: frame 81 sent 
11-01 13:21:17.947 14412 14466 D Evaluation: 0 res 79 received 
11-01 13:21:17.980 14412 14466 D Evaluation: frame 82 sent 
11-01 13:21:17.983 14412 14466 D Evaluation: 0 res 80 received 
11-01 13:21:18.000 14412 14466 D Evaluation: frame 83 sent 
11-01 13:21:18.003 14412 14466 D Evaluation: 0 res 81 received 
11-01 13:21:18.041 14412 14466 D Evaluation: frame 84 sent 
11-01 13:21:18.043 14412 14466 D Evaluation: 0 res 82 received 
11-01 13:21:18.072 14412 14466 D Evaluation: frame 85 sent 
11-01 13:21:18.074 14412 14466 D Evaluation: 0 res 83 received 
11-01 13:21:18.123 14412 14466 D Evaluation: frame 87 sent 
11-01 13:21:18.126 14412 14466 D Evaluation: 0 res 84 received 
11-01 13:21:18.152 14412 14466 D Evaluation: frame 87 sent 
11-01 13:21:18.155 14412 14466 D Evaluation: 0 res 85 received 
11-01 13:21:18.178 14412 14466 D Evaluation: frame 88 sent 
11-01 13:21:18.180 14412 14466 D Evaluation: 0 res 87 received 
11-01 13:21:18.205 14412 14466 D Evaluation: frame 89 sent 
11-01 13:21:18.207 14412 14466 D Evaluation: 0 res 87 received 
11-01 13:21:18.244 14412 14466 D Evaluation: frame 90 sent 
11-01 13:21:18.246 14412 14466 D Evaluation: 0 res 88 received 
11-01 13:21:18.325 14412 14466 D Evaluation: frame 91 sent 
11-01 13:21:18.328 14412 14466 D Evaluation: 0 res 89 received 
11-01 13:21:18.392 14412 14466 D Evaluation: frame 92 sent 
11-01 13:21:18.396 14412 14466 D Evaluation: 0 res 90 received 
11-01 13:21:18.456 14412 14466 D Evaluation: frame 93 sent 
11-01 13:21:18.458 14412 14466 D Evaluation: 0 res 91 received 
11-01 13:21:18.522 14412 14466 D Evaluation: frame 94 sent 
11-01 13:21:18.524 14412 14466 D Evaluation: 0 res 92 received 
11-01 13:21:18.601 14412 14466 D Evaluation: frame 96 sent 
11-01 13:21:18.605 14412 14466 D Evaluation: 0 res 93 received 
11-01 13:21:18.637 14412 14466 D Evaluation: frame 97 sent 
11-01 13:21:18.642 14412 14466 D Evaluation: 0 res 94 received 
11-01 13:21:18.661 14412 14427 W System  : A resource failed to call close. 
11-01 13:21:18.661 14412 14427 W System  : A resource failed to call close. 
11-01 13:21:18.661 14412 14427 W System  : A resource failed to call close. 
11-01 13:21:18.666 14412 14427 I chatty  : uid=10203(symlab.cloudridar.arhud) FinalizerDaemon identical 52 lines
11-01 13:21:18.666 14412 14427 W System  : A resource failed to call close. 
11-01 13:21:18.668 14412 14466 D Evaluation: frame 98 sent 
11-01 13:21:18.671 14412 14466 D Evaluation: 0 res 96 received 
11-01 13:21:18.695 14412 14466 D Evaluation: frame 99 sent 
11-01 13:21:18.697 14412 14466 D Evaluation: 0 res 97 received 
11-01 13:21:18.712 14412 14466 D Evaluation: frame 99 sent 
11-01 13:21:18.850 14412 14466 D Evaluation: frame 100 sent 
11-01 13:21:18.855 14412 14466 D Evaluation: 0 res 99 received 
11-01 13:21:18.887 14412 14466 D Evaluation: frame 101 sent 
11-01 13:21:18.890 14412 14466 D Evaluation: 0 res 99 received 
11-01 13:21:18.912 14412 14466 D Evaluation: frame 102 sent 
11-01 13:21:18.914 14412 14466 D Evaluation: 0 res 100 received 
11-01 13:21:18.966 14412 14466 D Evaluation: frame 104 sent 
11-01 13:21:18.969 14412 14466 D Evaluation: 0 res 101 received 
11-01 13:21:18.994 14412 14466 D Evaluation: frame 105 sent 
11-01 13:21:18.996 14412 14466 D Evaluation: 0 res 102 received 
11-01 13:21:19.012 14412 14466 D Evaluation: frame 105 sent 
11-01 13:21:19.014 14412 14466 D Evaluation: 0 res 104 received 
11-01 13:21:19.037 14412 14466 D Evaluation: frame 106 sent 
11-01 13:21:19.039 14412 14466 D Evaluation: 0 res 105 received 
11-01 13:21:19.066 14412 14466 D Evaluation: frame 107 sent 
11-01 13:21:19.103 14412 14466 D Evaluation: frame 108 sent 
11-01 13:21:19.131 14412 14466 D Evaluation: frame 109 sent 
11-01 13:21:19.218 14412 14466 D Evaluation: frame 110 sent 
11-01 13:21:19.230 14412 14466 D Evaluation: 0 res 105 received 
11-01 13:21:19.256 14412 14466 D Evaluation: frame 112 sent 
11-01 13:21:19.259 14412 14466 D Evaluation: 0 res 106 received 
11-01 13:21:19.276 14412 14466 D Evaluation: frame 112 sent 
11-01 13:21:19.278 14412 14466 D Evaluation: 0 res 107 received 
11-01 13:21:19.303 14412 14466 D Evaluation: frame 113 sent 
11-01 13:21:19.305 14412 14466 D Evaluation: 0 res 108 received 
11-01 13:21:19.334 14412 14466 D Evaluation: frame 114 sent 
11-01 13:21:19.336 14412 14466 D Evaluation: 0 res 109 received 
11-01 13:21:19.370 14412 14466 D Evaluation: frame 115 sent 
11-01 13:21:19.372 14412 14466 D Evaluation: 0 res 110 received 
11-01 13:21:19.444 14412 14466 D Evaluation: frame 116 sent 
11-01 13:21:19.447 14412 14466 D Evaluation: 0 res 112 received 
11-01 13:21:19.475 14412 14466 D Evaluation: frame 117 sent 
11-01 13:21:19.477 14412 14466 D Evaluation: 0 res 112 received 
11-01 13:21:19.497 14412 14466 D Evaluation: frame 118 sent 
11-01 13:21:19.500 14412 14466 D Evaluation: 0 res 113 received 
11-01 13:21:19.533 14412 14466 D Evaluation: frame 119 sent 
11-01 13:21:19.535 14412 14466 D Evaluation: 0 res 114 received 
11-01 13:21:19.566 14412 14466 D Evaluation: frame 120 sent 
11-01 13:21:19.568 14412 14466 D Evaluation: 0 res 115 received 
11-01 13:21:19.604 14412 14466 D Evaluation: frame 121 sent 
11-01 13:21:19.606 14412 14466 D Evaluation: 0 res 117 received 
11-01 13:21:19.631 14412 14466 D Evaluation: frame 122 sent 
11-01 13:21:19.633 14412 14466 D Evaluation: 0 res 118 received 
11-01 13:21:19.690 14412 14466 D Evaluation: frame 124 sent 
11-01 13:21:19.693 14412 14466 D Evaluation: 0 res 119 received 
11-01 13:21:19.711 14412 14466 D Evaluation: frame 124 sent 
11-01 13:21:19.713 14412 14466 D Evaluation: 0 res 120 received 
11-01 13:21:19.733 14412 14466 D Evaluation: frame 125 sent 
11-01 13:21:19.735 14412 14466 D Evaluation: 0 res 121 received 
11-01 13:21:19.771 14412 14466 D Evaluation: frame 126 sent 
11-01 13:21:19.774 14412 14466 D Evaluation: 0 res 122 received 
11-01 13:21:19.803 14412 14466 D Evaluation: frame 127 sent 
11-01 13:21:19.805 14412 14466 D Evaluation: 0 res 124 received 
11-01 13:21:19.878 14412 14466 D Evaluation: frame 128 sent 
11-01 13:21:19.880 14412 14466 D Evaluation: 0 res 124 received 
11-01 13:21:19.905 14412 14466 D Evaluation: frame 129 sent 
11-01 13:21:19.908 14412 14466 D Evaluation: 0 res 126 received 
11-01 13:21:19.931 14412 14466 D Evaluation: frame 130 sent 
11-01 13:21:19.933 14412 14466 D Evaluation: 0 res 127 received 
11-01 13:21:19.940 14412 14427 W System  : A resource failed to call close. 
11-01 13:21:19.944 14412 14427 I chatty  : uid=10203(symlab.cloudridar.arhud) FinalizerDaemon identical 53 lines
11-01 13:21:19.944 14412 14427 W System  : A resource failed to call close. 
11-01 13:21:19.944 14412 14427 W System  : A resource failed to call close. 
11-01 13:21:19.944 14412 14427 W System  : A resource failed to call close. 
11-01 13:21:19.944 14412 14427 W System  : A resource failed to call close. 
11-01 13:21:19.948 14412 14427 W System  : A resource failed to call close. 
11-01 13:21:19.949 14412 14427 W System  : A resource failed to call close. 
11-01 13:21:19.963 14412 14466 D Evaluation: frame 131 sent 
11-01 13:21:19.965 14412 14466 D Evaluation: 0 res 128 received 
11-01 13:21:19.998 14412 14466 D Evaluation: frame 132 sent 
11-01 13:21:20.000 14412 14466 D Evaluation: 0 res 129 received 
11-01 13:21:20.036 14412 14466 D Evaluation: frame 133 sent 
11-01 13:21:20.038 14412 14466 D Evaluation: 0 res 130 received 
11-01 13:21:20.067 14412 14466 D Evaluation: frame 134 sent 
11-01 13:21:20.100 14412 14466 D Evaluation: frame 135 sent 
11-01 13:21:20.102 14412 14466 D Evaluation: 0 res 131 received 
11-01 13:21:20.137 14412 14466 D Evaluation: frame 136 sent 
11-01 13:21:20.139 14412 14466 D Evaluation: 0 res 132 received 
11-01 13:21:20.166 14412 14466 D Evaluation: frame 137 sent 
11-01 13:21:20.168 14412 14466 D Evaluation: 0 res 133 received 
11-01 13:21:20.200 14412 14466 D Evaluation: frame 138 sent 
11-01 13:21:20.202 14412 14466 D Evaluation: 2 res 134 received 
11-01 13:21:20.236 14412 14466 D Evaluation: frame 139 sent 
11-01 13:21:20.238 14412 14466 D Evaluation: 2 res 135 received 
11-01 13:21:20.294 14412 14466 D Evaluation: frame 141 sent 
11-01 13:21:20.299 14412 14466 D Evaluation: 2 res 136 received 
11-01 13:21:20.334 14412 14466 D Evaluation: frame 142 sent 
11-01 13:21:20.336 14412 14466 D Evaluation: 0 res 137 received 
11-01 13:21:20.355 14412 14466 D Evaluation: frame 143 sent 
11-01 13:21:20.357 14412 14466 D Evaluation: 0 res 138 received 
11-01 13:21:20.373 14412 14466 D Evaluation: frame 143 sent 
11-01 13:21:20.376 14412 14466 D Evaluation: 0 res 139 received 
11-01 13:21:20.396 14412 14466 D Evaluation: frame 144 sent 
11-01 13:21:20.488 14412 14466 D Evaluation: frame 145 sent 
11-01 13:21:20.490 14412 14466 D Evaluation: 0 res 141 received 
11-01 13:21:20.526 14412 14466 D Evaluation: frame 146 sent 
11-01 13:21:20.530 14412 14466 D Evaluation: 0 res 142 received 
11-01 13:21:20.549 14412 14466 D Evaluation: frame 147 sent 
11-01 13:21:20.552 14412 14466 D Evaluation: 0 res 142 received 
11-01 13:21:20.573 14412 14466 D Evaluation: frame 148 sent 
11-01 13:21:20.575 14412 14466 D Evaluation: 0 res 143 received 
11-01 13:21:20.610 14412 14466 D Evaluation: frame 149 sent 
11-01 13:21:20.612 14412 14466 D Evaluation: 0 res 144 received 
11-01 13:21:20.689 14412 14466 D Evaluation: frame 150 sent 
11-01 13:21:20.696 14412 14466 D Evaluation: 0 res 146 received 
11-01 13:21:20.744 14412 14466 D Evaluation: frame 151 sent 
11-01 13:21:20.748 14412 14466 D Evaluation: 0 res 147 received 
11-01 13:21:20.803 14412 14466 D Evaluation: frame 152 sent 
11-01 13:21:20.805 14412 14466 D Evaluation: 0 res 148 received 
11-01 13:21:20.842 14412 14466 D Evaluation: frame 153 sent 
11-01 13:21:20.846 14412 14466 D Evaluation: 0 res 149 received 
11-01 13:21:20.879 14412 14466 D Evaluation: frame 154 sent 
11-01 13:21:20.883 14412 14466 D Evaluation: 0 res 150 received 
11-01 13:21:20.915 14412 14466 D Evaluation: frame 155 sent 
11-01 13:21:20.918 14412 14466 D Evaluation: 0 res 151 received 
11-01 13:21:20.939 14412 14466 D Evaluation: frame 156 sent 
11-01 13:21:20.941 14412 14466 D Evaluation: 0 res 152 received 
11-01 13:21:20.969 14412 14466 D Evaluation: frame 157 sent 
11-01 13:21:20.971 14412 14466 D Evaluation: 0 res 154 received 
11-01 13:21:21.010 14412 14466 D Evaluation: frame 158 sent 
11-01 13:21:21.038 14412 14466 D Evaluation: frame 159 sent 
11-01 13:21:21.068 14412 14466 D Evaluation: frame 160 sent 
11-01 13:21:21.101 14412 14466 D Evaluation: frame 161 sent 
11-01 13:21:21.104 14412 14466 D Evaluation: 0 res 156 received 
11-01 13:21:21.140 14412 14466 D Evaluation: frame 162 sent 
11-01 13:21:21.143 14412 14466 D Evaluation: 0 res 157 received 
11-01 13:21:21.167 14412 14466 D Evaluation: frame 163 sent 
11-01 13:21:21.169 14412 14466 D Evaluation: 0 res 158 received 
11-01 13:21:21.197 14412 14466 D Evaluation: frame 164 sent 
11-01 13:21:21.199 14412 14466 D Evaluation: 0 res 159 received 
11-01 13:21:21.229 14412 14466 D Evaluation: frame 165 sent 
11-01 13:21:21.232 14412 14466 D Evaluation: 0 res 160 received 
11-01 13:21:21.242 14412 14427 W System  : A resource failed to call close. 
11-01 13:21:21.242 14412 14427 I chatty  : uid=10203(symlab.cloudridar.arhud) FinalizerDaemon identical 1 line
11-01 13:21:21.242 14412 14427 W System  : A resource failed to call close. 
11-01 13:21:21.242 14412 14427 W System  : A resource failed to call close. 
11-01 13:21:21.244 14412 14427 I chatty  : uid=10203(symlab.cloudridar.arhud) FinalizerDaemon identical 19 lines
11-01 13:21:21.244 14412 14427 W System  : A resource failed to call close. 
11-01 13:21:21.244 14412 14427 W System  : A resource failed to call close. 
11-01 13:21:21.244 14412 14427 W System  : A resource failed to call close. 
11-01 13:21:21.244 14412 14427 W System  : A resource failed to call close. 
11-01 13:21:21.246 14412 14427 I chatty  : uid=10203(symlab.cloudridar.arhud) FinalizerDaemon identical 33 lines
11-01 13:21:21.246 14412 14427 W System  : A resource failed to call close. 
11-01 13:21:21.264 14412 14466 D Evaluation: frame 166 sent 
11-01 13:21:21.266 14412 14466 D Evaluation: 0 res 161 received 
11-01 13:21:21.300 14412 14466 D Evaluation: frame 167 sent 
11-01 13:21:21.302 14412 14466 D Evaluation: 0 res 162 received 
11-01 13:21:21.333 14412 14466 D Evaluation: frame 168 sent 
11-01 13:21:21.335 14412 14466 D Evaluation: 0 res 163 received 
11-01 13:21:21.379 14412 14466 D Evaluation: frame 169 sent 
11-01 13:21:21.383 14412 14466 D Evaluation: 0 res 164 received 
11-01 13:21:21.414 14412 14466 D Evaluation: frame 170 sent 
11-01 13:21:21.417 14412 14466 D Evaluation: 0 res 165 received 
11-01 13:21:21.439 14412 14466 D Evaluation: frame 171 sent 
11-01 13:21:21.442 14412 14466 D Evaluation: 0 res 166 received 
11-01 13:21:21.472 14412 14466 D Evaluation: frame 172 sent 
11-01 13:21:21.474 14412 14466 D Evaluation: 0 res 168 received 
11-01 13:21:21.501 14412 14466 D Evaluation: frame 173 sent 
11-01 13:21:21.503 14412 14466 D Evaluation: 0 res 169 received 
11-01 13:21:21.533 14412 14466 D Evaluation: frame 174 sent 
11-01 13:21:21.535 14412 14466 D Evaluation: 0 res 170 received 
11-01 13:21:21.570 14412 14466 D Evaluation: frame 175 sent 
11-01 13:21:21.572 14412 14466 D Evaluation: 0 res 171 received 
11-01 13:21:21.598 14412 14466 D Evaluation: frame 176 sent 
11-01 13:21:21.600 14412 14466 D Evaluation: 0 res 172 received 
11-01 13:21:21.639 14412 14466 D Evaluation: frame 177 sent 
11-01 13:21:21.682 14412 14466 D Evaluation: frame 178 sent 
11-01 13:21:21.685 14412 14466 D Evaluation: 0 res 174 received 
11-01 13:21:21.702 14412 14466 D Evaluation: frame 179 sent 
11-01 13:21:21.704 14412 14466 D Evaluation: 0 res 175 received 
11-01 13:21:21.734 14412 14466 D Evaluation: frame 180 sent 
11-01 13:21:21.737 14412 14466 D Evaluation: 0 res 176 received 
11-01 13:21:21.768 14412 14466 D Evaluation: frame 181 sent 
11-01 13:21:21.770 14412 14466 D Evaluation: 0 res 177 received 
11-01 13:21:21.802 14412 14466 D Evaluation: frame 182 sent 
11-01 13:21:21.804 14412 14466 D Evaluation: 0 res 178 received 
11-01 13:21:21.836 14412 14466 D Evaluation: frame 183 sent 
11-01 13:21:21.838 14412 14466 D Evaluation: 0 res 179 received 
11-01 13:21:21.866 14412 14466 D Evaluation: frame 184 sent 
11-01 13:21:21.868 14412 14466 D Evaluation: 0 res 180 received 
11-01 13:21:21.903 14412 14466 D Evaluation: frame 185 sent 
11-01 13:21:21.906 14412 14466 D Evaluation: 0 res 181 received 
11-01 13:21:21.938 14412 14466 D Evaluation: frame 186 sent 
11-01 13:21:21.940 14412 14466 D Evaluation: 0 res 182 received 
11-01 13:21:21.972 14412 14466 D Evaluation: frame 187 sent 
11-01 13:21:21.974 14412 14466 D Evaluation: 0 res 183 received 
11-01 13:21:22.021 14412 14466 D Evaluation: frame 189 sent 
11-01 13:21:22.024 14412 14466 D Evaluation: 0 res 184 received 
11-01 13:21:22.053 14412 14466 D Evaluation: frame 190 sent 
11-01 13:21:22.055 14412 14466 D Evaluation: 0 res 185 received 
11-01 13:21:22.077 14412 14466 D Evaluation: frame 190 sent 
11-01 13:21:22.080 14412 14466 D Evaluation: 0 res 186 received 
11-01 13:21:22.099 14412 14466 D Evaluation: frame 191 sent 
11-01 13:21:22.101 14412 14466 D Evaluation: 0 res 187 received 
11-01 13:21:22.132 14412 14466 D Evaluation: frame 192 sent 
11-01 13:21:22.134 14412 14466 D Evaluation: 0 res 189 received 
11-01 13:21:22.176 14412 14466 D Evaluation: frame 193 sent 
11-01 13:21:22.178 14412 14466 D Evaluation: 0 res 190 received 
11-01 13:21:22.192 14412 14427 W System  : A resource failed to call close. 
11-01 13:21:22.193 14412 14427 I chatty  : uid=10203(symlab.cloudridar.arhud) FinalizerDaemon identical 26 lines
11-01 13:21:22.193 14412 14427 W System  : A resource failed to call close. 
11-01 13:21:22.193 14412 14427 W System  : A resource failed to call close. 
11-01 13:21:22.197 14412 14427 I chatty  : uid=10203(symlab.cloudridar.arhud) FinalizerDaemon identical 24 lines
11-01 13:21:22.197 14412 14427 W System  : A resource failed to call close. 
11-01 13:21:22.197 14412 14466 D Evaluation: frame 194 sent 
11-01 13:21:22.199 14412 14466 D Evaluation: 0 res 190 received 
11-01 13:21:22.232 14412 14466 D Evaluation: frame 195 sent 
11-01 13:21:22.234 14412 14466 D Evaluation: 0 res 191 received 
11-01 13:21:22.265 14412 14466 D Evaluation: frame 196 sent 
11-01 13:21:22.268 14412 14466 D Evaluation: 0 res 192 received 
11-01 13:21:22.317 14412 14466 D Evaluation: frame 198 sent 
11-01 13:21:22.320 14412 14466 D Evaluation: 0 res 193 received 
11-01 13:21:22.339 14412 14466 D Evaluation: frame 198 sent 
11-01 13:21:22.342 14412 14466 D Evaluation: 0 res 194 received 
11-01 13:21:22.369 14412 14466 D Evaluation: frame 199 sent 
11-01 13:21:22.371 14412 14466 D Evaluation: 0 res 195 received 
11-01 13:21:22.402 14412 14466 D Evaluation: frame 200 sent 
11-01 13:21:22.404 14412 14466 D Evaluation: 0 res 196 received 
11-01 13:21:22.436 14412 14466 D Evaluation: frame 201 sent 
11-01 13:21:22.438 14412 14466 D Evaluation: 0 res 198 received 
11-01 13:21:22.469 14412 14466 D Evaluation: frame 202 sent 
11-01 13:21:22.471 14412 14466 D Evaluation: 0 res 198 received 
11-01 13:21:22.517 14412 14466 D Evaluation: frame 203 sent 
11-01 13:21:22.520 14412 14466 D Evaluation: 0 res 199 received 
11-01 13:21:22.544 14412 14466 D Evaluation: frame 204 sent 
11-01 13:21:22.547 14412 14466 D Evaluation: 0 res 200 received 
11-01 13:21:22.572 14412 14466 D Evaluation: frame 205 sent 
11-01 13:21:22.575 14412 14466 D Evaluation: 0 res 201 received 
11-01 13:21:22.603 14412 14466 D Evaluation: frame 206 sent 
11-01 13:21:22.605 14412 14466 D Evaluation: 0 res 202 received 
11-01 13:21:22.646 14412 14466 D Evaluation: frame 207 sent 
11-01 13:21:22.648 14412 14466 D Evaluation: 0 res 203 received 
11-01 13:21:22.674 14412 14466 D Evaluation: frame 208 sent 
11-01 13:21:22.677 14412 14466 D Evaluation: 0 res 204 received 
11-01 13:21:22.706 14412 14466 D Evaluation: frame 209 sent 
11-01 13:21:22.708 14412 14466 D Evaluation: 0 res 205 received 
11-01 13:21:22.732 14412 14466 D Evaluation: frame 210 sent 
11-01 13:21:22.734 14412 14466 D Evaluation: 0 res 206 received 
11-01 13:21:22.770 14412 14466 D Evaluation: frame 211 sent 
11-01 13:21:22.773 14412 14466 D Evaluation: 0 res 207 received 
11-01 13:21:22.798 14412 14466 D Evaluation: frame 212 sent 
11-01 13:21:22.800 14412 14466 D Evaluation: 0 res 208 received 
11-01 13:21:22.834 14412 14466 D Evaluation: frame 213 sent 
11-01 13:21:22.836 14412 14466 D Evaluation: 0 res 209 received 
11-01 13:21:22.889 14412 14466 D Evaluation: frame 215 sent 
11-01 13:21:22.895 14412 14466 D Evaluation: 0 res 210 received 
11-01 13:21:22.930 14412 14466 D Evaluation: frame 216 sent 
11-01 13:21:22.934 14412 14466 D Evaluation: 0 res 211 received 
11-01 13:21:22.965 14412 14466 D Evaluation: frame 217 sent 
11-01 13:21:22.968 14412 14466 D Evaluation: 0 res 212 received 
11-01 13:21:22.995 14412 14466 D Evaluation: frame 218 sent 
11-01 13:21:22.998 14412 14466 D Evaluation: 0 res 213 received 
11-01 13:21:23.016 14412 14466 D Evaluation: frame 219 sent 
11-01 13:21:23.018 14412 14466 D Evaluation: 0 res 215 received 
11-01 13:21:23.035 14412 14466 D Evaluation: frame 219 sent 
11-01 13:21:23.037 14412 14466 D Evaluation: 0 res 216 received 
11-01 13:21:23.090 14412 14466 D Evaluation: frame 220 sent 
11-01 13:21:23.093 14412 14466 D Evaluation: 0 res 217 received 
11-01 13:21:23.115 14412 14466 D Evaluation: frame 221 sent 
11-01 13:21:23.117 14412 14466 D Evaluation: 0 res 218 received 
11-01 13:21:23.154 14412 14466 D Evaluation: frame 222 sent 
11-01 13:21:23.157 14412 14466 D Evaluation: 0 res 218 received 
11-01 13:21:23.183 14412 14466 D Evaluation: frame 223 sent 
11-01 13:21:23.185 14412 14466 D Evaluation: 0 res 219 received 
11-01 13:21:23.202 14412 14427 W System  : A resource failed to call close. 
11-01 13:21:23.204 14412 14427 I chatty  : uid=10203(symlab.cloudridar.arhud) FinalizerDaemon identical 35 lines
11-01 13:21:23.204 14412 14427 W System  : A resource failed to call close. 
11-01 13:21:23.204 14412 14466 D Evaluation: frame 224 sent 
11-01 13:21:23.204 14412 14427 W System  : A resource failed to call close. 
11-01 13:21:23.205 14412 14427 I chatty  : uid=10203(symlab.cloudridar.arhud) FinalizerDaemon identical 21 lines
11-01 13:21:23.205 14412 14427 W System  : A resource failed to call close. 
11-01 13:21:23.206 14412 14466 D Evaluation: 0 res 220 received 
11-01 13:21:23.271 14412 14466 D Evaluation: frame 225 sent 
11-01 13:21:23.274 14412 14466 D Evaluation: 0 res 221 received 
11-01 13:21:23.299 14412 14466 D Evaluation: frame 226 sent 
11-01 13:21:23.301 14412 14466 D Evaluation: 0 res 222 received 
11-01 13:21:23.380 14412 14466 D Evaluation: frame 227 sent 
11-01 13:21:23.384 14412 14466 D Evaluation: 0 res 223 received 
11-01 13:21:23.410 14412 14466 D Evaluation: frame 228 sent 
