11-06 15:34:26.573 31307 31343 D Evaluation: 0 res for frame 2250 received at 1573047266573
11-06 15:34:26.594 31307 31343 D Evaluation: Frame 2276 sent at 1573047266594
11-06 15:34:26.595 31307 31343 D Evaluation: 0 res for frame 2252 received at 1573047266595
11-06 15:34:26.635 31307 31343 D Evaluation: Frame 2277 sent at 1573047266635
11-06 15:34:26.637 31307 31343 D Evaluation: 0 res for frame 2252 received at 1573047266637
11-06 15:34:26.665 31307 31343 D Evaluation: Frame 2278 sent at 1573047266665
11-06 15:34:26.666 31307 31343 D Evaluation: 0 res for frame 2253 received at 1573047266666
11-06 15:34:26.704 31307 31343 D Evaluation: Frame 2279 sent at 1573047266704
11-06 15:34:26.706 31307 31343 D Evaluation: 0 res for frame 2254 received at 1573047266706
11-06 15:34:26.736 31307 31343 D Evaluation: Frame 2280 sent at 1573047266736
11-06 15:34:26.738 31307 31343 D Evaluation: 0 res for frame 2255 received at 1573047266738
11-06 15:34:26.765 31307 31343 D Evaluation: Frame 2281 sent at 1573047266765
11-06 15:34:26.766 31307 31343 D Evaluation: 0 res for frame 2256 received at 1573047266766
11-06 15:34:26.792 31307 31343 D Evaluation: Frame 2282 sent at 1573047266792
11-06 15:34:26.793 31307 31343 D Evaluation: 0 res for frame 2257 received at 1573047266793
11-06 15:34:26.842 31307 31343 D Evaluation: Frame 2283 sent at 1573047266842
11-06 15:34:26.844 31307 31343 D Evaluation: 0 res for frame 2258 received at 1573047266844
11-06 15:34:26.877 31307 31343 D Evaluation: Frame 2284 sent at 1573047266877
11-06 15:34:26.879 31307 31343 D Evaluation: 0 res for frame 2259 received at 1573047266879
11-06 15:34:26.904 31307 31343 D Evaluation: Frame 2285 sent at 1573047266904
11-06 15:34:26.905 31307 31343 D Evaluation: 0 res for frame 2260 received at 1573047266905
11-06 15:34:26.928 31307 31343 D Evaluation: Frame 2286 sent at 1573047266928
11-06 15:34:26.929 31307 31343 D Evaluation: 0 res for frame 2261 received at 1573047266929
11-06 15:34:26.971 31307 31343 D Evaluation: Frame 2287 sent at 1573047266971
11-06 15:34:26.972 31307 31307 W HiTouch_PressGestureDetector: Touch pointer move a lot. The moving distance of X is:108.22681, limit is:60The moving distance of Y is:7.901825, limit is:60
11-06 15:34:26.972 31307 31343 D Evaluation: 0 res for frame 2262 received at 1573047266972
11-06 15:34:27.005 31307 31343 D Evaluation: Frame 2289 sent at 1573047267005
11-06 15:34:27.006 31307 31343 D Evaluation: 0 res for frame 2263 received at 1573047267006
11-06 15:34:27.027 31307 31343 D Evaluation: Frame 2289 sent at 1573047267027
11-06 15:34:27.028 31307 31343 D Evaluation: 0 res for frame 2264 received at 1573047267028
11-06 15:34:27.072 31307 31343 D Evaluation: Frame 2290 sent at 1573047267072
11-06 15:34:27.073 31307 31343 D Evaluation: 0 res for frame 2265 received at 1573047267073
11-06 15:34:27.111 31307 31343 D Evaluation: Frame 2291 sent at 1573047267111
11-06 15:34:27.113 31307 31343 D Evaluation: 0 res for frame 2266 received at 1573047267113
11-06 15:34:27.135 31307 31343 D Evaluation: Frame 2292 sent at 1573047267135
11-06 15:34:27.137 31307 31343 D Evaluation: 0 res for frame 2267 received at 1573047267137
11-06 15:34:27.176 31307 31343 D Evaluation: Frame 2293 sent at 1573047267176
11-06 15:34:27.178 31307 31343 D Evaluation: 0 res for frame 2268 received at 1573047267178
11-06 15:34:27.210 31307 31343 D Evaluation: Frame 2294 sent at 1573047267210
11-06 15:34:27.212 31307 31343 D Evaluation: 0 res for frame 2269 received at 1573047267212
11-06 15:34:27.242 31307 31343 D Evaluation: Frame 2295 sent at 1573047267242
11-06 15:34:27.243 31307 31343 D Evaluation: 0 res for frame 2270 received at 1573047267243
11-06 15:34:27.306 31307 31307 D Poster  : At 1573047267306 location is 65.05801609076096 (latitude), and 25.469628306062965 (longitude)
11-06 15:34:27.309 31307 31307 D Poster  : Connected to mobile network 13
11-06 15:34:27.314 31307 31343 D Evaluation: Frame 2296 sent at 1573047267314
11-06 15:34:27.316 31307 31343 D Evaluation: 0 res for frame 2271 received at 1573047267316
11-06 15:34:27.347 31307 31318 E         : [ZeroHung]zrhung_get_config: Get config failed for wp[0x0008]
11-06 15:34:27.347 31307 31343 D Evaluation: Frame 2297 sent at 1573047267347
11-06 15:34:27.349 31307 31343 D Evaluation: 0 res for frame 2272 received at 1573047267349
11-06 15:34:27.363 31307 31316 W System  : A resource failed to call close. 
11-06 15:34:27.365 31307 31316 I chatty  : uid=10149(symlab.cloudridar.arhud) FinalizerDaemon identical 57 lines
11-06 15:34:27.365 31307 31316 W System  : A resource failed to call close. 
11-06 15:34:27.376 31307 31343 D Evaluation: Frame 2298 sent at 1573047267376
11-06 15:34:27.378 31307 31343 D Evaluation: 0 res for frame 2273 received at 1573047267378
11-06 15:34:27.403 31307 31343 D Evaluation: Frame 2299 sent at 1573047267403
11-06 15:34:27.404 31307 31343 D Evaluation: 0 res for frame 2274 received at 1573047267404
11-06 15:34:27.424 31307 31343 D Evaluation: Frame 2300 sent at 1573047267424
11-06 15:34:27.425 31307 31343 D Evaluation: 0 res for frame 2276 received at 1573047267425
11-06 15:34:27.459 31307 31343 D Evaluation: Frame 2301 sent at 1573047267459
11-06 15:34:27.460 31307 31343 D Evaluation: 0 res for frame 2276 received at 1573047267460
11-06 15:34:27.500 31307 31343 D Evaluation: Frame 2302 sent at 1573047267500
11-06 15:34:27.501 31307 31343 D Evaluation: 0 res for frame 2277 received at 1573047267501
11-06 15:34:27.542 31307 31343 D Evaluation: Frame 2303 sent at 1573047267542
11-06 15:34:27.543 31307 31343 D Evaluation: 0 res for frame 2278 received at 1573047267543
11-06 15:34:27.573 31307 31343 D Evaluation: Frame 2304 sent at 1573047267573
11-06 15:34:27.574 31307 31343 D Evaluation: 0 res for frame 2279 received at 1573047267574
11-06 15:34:27.613 31307 31343 D Evaluation: Frame 2305 sent at 1573047267613
11-06 15:34:27.615 31307 31343 D Evaluation: 0 res for frame 2280 received at 1573047267615
11-06 15:34:27.646 31307 31343 D Evaluation: Frame 2306 sent at 1573047267646
11-06 15:34:27.647 31307 31343 D Evaluation: 0 res for frame 2281 received at 1573047267647
11-06 15:34:27.728 31307 31343 D Evaluation: Frame 2308 sent at 1573047267728
11-06 15:34:27.730 31307 31343 D Evaluation: 0 res for frame 2282 received at 1573047267730
11-06 15:34:27.755 31307 31343 D Evaluation: Frame 2308 sent at 1573047267755
11-06 15:34:27.756 31307 31343 D Evaluation: 0 res for frame 2283 received at 1573047267756
11-06 15:34:27.770 31307 31307 W HiTouch_PressGestureDetector: Touch pointer move a lot. The moving distance of X is:77.96533, limit is:60The moving distance of Y is:26.975006, limit is:60
11-06 15:34:27.780 31307 31343 D Evaluation: Frame 2309 sent at 1573047267780
11-06 15:34:27.781 31307 31343 D Evaluation: 0 res for frame 2284 received at 1573047267781
11-06 15:34:27.803 31307 31343 D Evaluation: Frame 2310 sent at 1573047267803
11-06 15:34:27.805 31307 31343 D Evaluation: 0 res for frame 2285 received at 1573047267805
11-06 15:34:27.842 31307 31343 D Evaluation: Frame 2311 sent at 1573047267842
11-06 15:34:27.843 31307 31343 D Evaluation: 0 res for frame 2286 received at 1573047267843
11-06 15:34:27.875 31307 31343 D Evaluation: Frame 2312 sent at 1573047267875
11-06 15:34:27.876 31307 31343 D Evaluation: 0 res for frame 2287 received at 1573047267876
11-06 15:34:27.909 31307 31343 D Evaluation: Frame 2313 sent at 1573047267909
11-06 15:34:27.910 31307 31343 D Evaluation: 0 res for frame 2289 received at 1573047267910
11-06 15:34:27.933 31307 31343 D Evaluation: Frame 2314 sent at 1573047267933
11-06 15:34:27.934 31307 31343 D Evaluation: 0 res for frame 2289 received at 1573047267934
11-06 15:34:27.975 31307 31343 D Evaluation: Frame 2315 sent at 1573047267975
11-06 15:34:27.977 31307 31343 D Evaluation: 0 res for frame 2290 received at 1573047267977
11-06 15:34:28.006 31307 31343 D Evaluation: Frame 2316 sent at 1573047268006
11-06 15:34:28.007 31307 31343 D Evaluation: 0 res for frame 2291 received at 1573047268007
11-06 15:34:28.050 31307 31343 D Evaluation: Frame 2317 sent at 1573047268050
11-06 15:34:28.051 31307 31343 D Evaluation: 0 res for frame 2292 received at 1573047268051
11-06 15:34:28.078 31307 31343 D Evaluation: Frame 2318 sent at 1573047268078
11-06 15:34:28.079 31307 31343 D Evaluation: 0 res for frame 2293 received at 1573047268079
11-06 15:34:28.115 31307 31343 D Evaluation: Frame 2319 sent at 1573047268115
11-06 15:34:28.116 31307 31343 D Evaluation: 0 res for frame 2294 received at 1573047268116
11-06 15:34:28.179 31307 31343 D Evaluation: Frame 2320 sent at 1573047268179
11-06 15:34:28.181 31307 31343 D Evaluation: 0 res for frame 2295 received at 1573047268180
11-06 15:34:28.212 31307 31343 D Evaluation: Frame 2321 sent at 1573047268212
11-06 15:34:28.213 31307 31343 D Evaluation: 0 res for frame 2296 received at 1573047268213
11-06 15:34:28.252 31307 31343 D Evaluation: Frame 2322 sent at 1573047268252
11-06 15:34:28.253 31307 31343 D Evaluation: 0 res for frame 2297 received at 1573047268253
11-06 15:34:28.285 31307 31343 D Evaluation: Frame 2323 sent at 1573047268285
11-06 15:34:28.287 31307 31343 D Evaluation: 0 res for frame 2298 received at 1573047268287
11-06 15:34:28.289 31307 31307 D Poster  : At 1573047268289 location is 65.05801609076096 (latitude), and 25.469628306062965 (longitude)
11-06 15:34:28.291 31307 31307 D Poster  : Connected to mobile network 13
11-06 15:34:28.314 31307 31343 D Evaluation: Frame 2324 sent at 1573047268314
11-06 15:34:28.315 31307 31343 D Evaluation: 0 res for frame 2299 received at 1573047268315
11-06 15:34:28.341 31307 31318 E         : [ZeroHung]zrhung_get_config: Get config failed for wp[0x0008]
11-06 15:34:28.341 31307 31343 D Evaluation: Frame 2325 sent at 1573047268341
11-06 15:34:28.342 31307 31343 D Evaluation: 0 res for frame 2300 received at 1573047268342
11-06 15:34:28.362 31307 31316 W System  : A resource failed to call close. 
11-06 15:34:28.367 31307 31316 I chatty  : uid=10149(symlab.cloudridar.arhud) FinalizerDaemon identical 54 lines
11-06 15:34:28.367 31307 31316 W System  : A resource failed to call close. 
11-06 15:34:28.371 31307 31343 D Evaluation: Frame 2326 sent at 1573047268371
11-06 15:34:28.373 31307 31343 D Evaluation: 0 res for frame 2301 received at 1573047268373
11-06 15:34:28.419 31307 31343 D Evaluation: Frame 2327 sent at 1573047268419
11-06 15:34:28.420 31307 31343 D Evaluation: 0 res for frame 2302 received at 1573047268420
11-06 15:34:28.449 31307 31343 D Evaluation: Frame 2328 sent at 1573047268449
11-06 15:34:28.450 31307 31343 D Evaluation: 0 res for frame 2303 received at 1573047268450
11-06 15:34:28.474 31307 31343 D Evaluation: Frame 2329 sent at 1573047268474
11-06 15:34:28.475 31307 31343 D Evaluation: 0 res for frame 2304 received at 1573047268475
11-06 15:34:28.513 31307 31343 D Evaluation: Frame 2330 sent at 1573047268513
11-06 15:34:28.514 31307 31343 D Evaluation: 0 res for frame 2305 received at 1573047268514
11-06 15:34:28.548 31307 31343 D Evaluation: Frame 2331 sent at 1573047268548
11-06 15:34:28.550 31307 31343 D Evaluation: 0 res for frame 2306 received at 1573047268550
11-06 15:34:28.582 31307 31343 D Evaluation: Frame 2332 sent at 1573047268582
11-06 15:34:28.583 31307 31343 D Evaluation: 0 res for frame 2307 received at 1573047268583
11-06 15:34:28.623 31307 31307 W HiTouch_PressGestureDetector: Touch pointer move a lot. The moving distance of X is:84.94092, limit is:60The moving distance of Y is:12.059387, limit is:60
11-06 15:34:28.656 31307 31343 D Evaluation: Frame 2334 sent at 1573047268656
11-06 15:34:28.658 31307 31343 D Evaluation: 0 res for frame 2308 received at 1573047268658
11-06 15:34:28.678 31307 31343 W System.err: java.net.SocketException: Message too long
11-06 15:34:28.678 31307 31343 W System.err: 	at sun.nio.ch.DatagramChannelImpl.send0(Native Method)
11-06 15:34:28.678 31307 31343 W System.err: 	at sun.nio.ch.DatagramChannelImpl.sendFromNativeBuffer(DatagramChannelImpl.java:573)
11-06 15:34:28.678 31307 31343 W System.err: 	at sun.nio.ch.DatagramChannelImpl.send(DatagramChannelImpl.java:550)
11-06 15:34:28.678 31307 31343 W System.err: 	at sun.nio.ch.DatagramChannelImpl.send(DatagramChannelImpl.java:514)
11-06 15:34:28.678 31307 31343 W System.err: 	at symlab.CloudAR.network.TransmissionTask.run(TransmissionTask.java:124)
11-06 15:34:28.678 31307 31343 W System.err: 	at android.os.Handler.handleCallback(Handler.java:907)
11-06 15:34:28.678 31307 31343 W System.err: 	at android.os.Handler.dispatchMessage(Handler.java:105)
11-06 15:34:28.678 31307 31343 W System.err: 	at android.os.Looper.loop(Looper.java:216)
11-06 15:34:28.678 31307 31343 W System.err: 	at android.os.HandlerThread.run(HandlerThread.java:65)
11-06 15:34:28.679 31307 31343 D Evaluation: 0 res for frame 2309 received at 1573047268679
11-06 15:34:28.754 31307 31343 D Evaluation: Frame 2335 sent at 1573047268754
11-06 15:34:28.755 31307 31343 D Evaluation: 0 res for frame 2310 received at 1573047268755
11-06 15:34:28.792 31307 31343 D Evaluation: Frame 2336 sent at 1573047268792
11-06 15:34:28.794 31307 31343 D Evaluation: 0 res for frame 2311 received at 1573047268794
11-06 15:34:28.857 31307 31343 D Evaluation: Frame 2338 sent at 1573047268857
11-06 15:34:28.858 31307 31343 D Evaluation: 0 res for frame 2312 received at 1573047268858
11-06 15:34:28.882 31307 31343 D Evaluation: Frame 2338 sent at 1573047268882
11-06 15:34:28.883 31307 31343 D Evaluation: 0 res for frame 2313 received at 1573047268883
11-06 15:34:28.922 31307 31343 D Evaluation: Frame 2339 sent at 1573047268922
11-06 15:34:28.924 31307 31343 D Evaluation: 0 res for frame 2314 received at 1573047268924
11-06 15:34:28.946 31307 31343 D Evaluation: Frame 2340 sent at 1573047268946
11-06 15:34:28.948 31307 31343 D Evaluation: 0 res for frame 2315 received at 1573047268947
11-06 15:34:28.991 31307 31343 D Evaluation: Frame 2341 sent at 1573047268991
11-06 15:34:28.992 31307 31343 D Evaluation: 0 res for frame 2316 received at 1573047268992
11-06 15:34:29.019 31307 31343 D Evaluation: Frame 2342 sent at 1573047269019
11-06 15:34:29.021 31307 31343 D Evaluation: 0 res for frame 2317 received at 1573047269021
11-06 15:34:29.051 31307 31343 W System.err: java.net.SocketException: Message too long
11-06 15:34:29.051 31307 31343 W System.err: 	at sun.nio.ch.DatagramChannelImpl.send0(Native Method)
11-06 15:34:29.052 31307 31343 W System.err: 	at sun.nio.ch.DatagramChannelImpl.sendFromNativeBuffer(DatagramChannelImpl.java:573)
11-06 15:34:29.052 31307 31343 W System.err: 	at sun.nio.ch.DatagramChannelImpl.send(DatagramChannelImpl.java:550)
11-06 15:34:29.052 31307 31343 W System.err: 	at sun.nio.ch.DatagramChannelImpl.send(DatagramChannelImpl.java:514)
11-06 15:34:29.052 31307 31343 W System.err: 	at symlab.CloudAR.network.TransmissionTask.run(TransmissionTask.java:124)
11-06 15:34:29.052 31307 31343 W System.err: 	at android.os.Handler.handleCallback(Handler.java:907)
11-06 15:34:29.052 31307 31343 W System.err: 	at android.os.Handler.dispatchMessage(Handler.java:105)
11-06 15:34:29.052 31307 31343 W System.err: 	at android.os.Looper.loop(Looper.java:216)
11-06 15:34:29.052 31307 31343 W System.err: 	at android.os.HandlerThread.run(HandlerThread.java:65)
11-06 15:34:29.053 31307 31343 D Evaluation: 0 res for frame 2318 received at 1573047269053
11-06 15:34:29.094 31307 31343 W System.err: java.net.SocketException: Message too long
11-06 15:34:29.094 31307 31343 W System.err: 	at sun.nio.ch.DatagramChannelImpl.send0(Native Method)
11-06 15:34:29.095 31307 31343 W System.err: 	at sun.nio.ch.DatagramChannelImpl.sendFromNativeBuffer(DatagramChannelImpl.java:573)
11-06 15:34:29.095 31307 31343 W System.err: 	at sun.nio.ch.DatagramChannelImpl.send(DatagramChannelImpl.java:550)
11-06 15:34:29.095 31307 31343 W System.err: 	at sun.nio.ch.DatagramChannelImpl.send(DatagramChannelImpl.java:514)
11-06 15:34:29.095 31307 31343 W System.err: 	at symlab.CloudAR.network.TransmissionTask.run(TransmissionTask.java:124)
11-06 15:34:29.095 31307 31343 W System.err: 	at android.os.Handler.handleCallback(Handler.java:907)
11-06 15:34:29.095 31307 31343 W System.err: 	at android.os.Handler.dispatchMessage(Handler.java:105)
11-06 15:34:29.095 31307 31343 W System.err: 	at android.os.Looper.loop(Looper.java:216)
11-06 15:34:29.095 31307 31343 W System.err: 	at android.os.HandlerThread.run(HandlerThread.java:65)
11-06 15:34:29.097 31307 31343 D Evaluation: 0 res for frame 2319 received at 1573047269096
11-06 15:34:29.124 31307 31343 W System.err: java.net.SocketException: Message too long
11-06 15:34:29.124 31307 31343 W System.err: 	at sun.nio.ch.DatagramChannelImpl.send0(Native Method)
11-06 15:34:29.124 31307 31343 W System.err: 	at sun.nio.ch.DatagramChannelImpl.sendFromNativeBuffer(DatagramChannelImpl.java:573)
11-06 15:34:29.124 31307 31343 W System.err: 	at sun.nio.ch.DatagramChannelImpl.send(DatagramChannelImpl.java:550)
11-06 15:34:29.124 31307 31343 W System.err: 	at sun.nio.ch.DatagramChannelImpl.send(DatagramChannelImpl.java:514)
11-06 15:34:29.124 31307 31343 W System.err: 	at symlab.CloudAR.network.TransmissionTask.run(TransmissionTask.java:124)
11-06 15:34:29.124 31307 31343 W System.err: 	at android.os.Handler.handleCallback(Handler.java:907)
11-06 15:34:29.124 31307 31343 W System.err: 	at android.os.Handler.dispatchMessage(Handler.java:105)
11-06 15:34:29.124 31307 31343 W System.err: 	at android.os.Looper.loop(Looper.java:216)
11-06 15:34:29.124 31307 31343 W System.err: 	at android.os.HandlerThread.run(HandlerThread.java:65)
11-06 15:34:29.125 31307 31343 D Evaluation: 0 res for frame 2320 received at 1573047269125
11-06 15:34:29.146 31307 31343 W System.err: java.net.SocketException: Message too long
11-06 15:34:29.146 31307 31343 W System.err: 	at sun.nio.ch.DatagramChannelImpl.send0(Native Method)
11-06 15:34:29.146 31307 31343 W System.err: 	at sun.nio.ch.DatagramChannelImpl.sendFromNativeBuffer(DatagramChannelImpl.java:573)
11-06 15:34:29.146 31307 31343 W System.err: 	at sun.nio.ch.DatagramChannelImpl.send(DatagramChannelImpl.java:550)
11-06 15:34:29.146 31307 31343 W System.err: 	at sun.nio.ch.DatagramChannelImpl.send(DatagramChannelImpl.java:514)
11-06 15:34:29.146 31307 31343 W System.err: 	at symlab.CloudAR.network.TransmissionTask.run(TransmissionTask.java:124)
11-06 15:34:29.146 31307 31343 W System.err: 	at android.os.Handler.handleCallback(Handler.java:907)
11-06 15:34:29.146 31307 31343 W System.err: 	at android.os.Handler.dispatchMessage(Handler.java:105)
11-06 15:34:29.146 31307 31343 W System.err: 	at android.os.Looper.loop(Looper.java:216)
11-06 15:34:29.146 31307 31343 W System.err: 	at android.os.HandlerThread.run(HandlerThread.java:65)
11-06 15:34:29.147 31307 31343 D Evaluation: 0 res for frame 2321 received at 1573047269147
11-06 15:34:29.185 31307 31343 D Evaluation: Frame 2347 sent at 1573047269185
11-06 15:34:29.186 31307 31343 D Evaluation: 0 res for frame 2322 received at 1573047269186
11-06 15:34:29.213 31307 31343 W System.err: java.net.SocketException: Message too long
11-06 15:34:29.213 31307 31343 W System.err: 	at sun.nio.ch.DatagramChannelImpl.send0(Native Method)
11-06 15:34:29.213 31307 31343 W System.err: 	at sun.nio.ch.DatagramChannelImpl.sendFromNativeBuffer(DatagramChannelImpl.java:573)
11-06 15:34:29.213 31307 31343 W System.err: 	at sun.nio.ch.DatagramChannelImpl.send(DatagramChannelImpl.java:550)
11-06 15:34:29.213 31307 31343 W System.err: 	at sun.nio.ch.DatagramChannelImpl.send(DatagramChannelImpl.java:514)
11-06 15:34:29.213 31307 31343 W System.err: 	at symlab.CloudAR.network.TransmissionTask.run(TransmissionTask.java:124)
11-06 15:34:29.213 31307 31343 W System.err: 	at android.os.Handler.handleCallback(Handler.java:907)
11-06 15:34:29.213 31307 31343 W System.err: 	at android.os.Handler.dispatchMessage(Handler.java:105)
11-06 15:34:29.213 31307 31343 W System.err: 	at android.os.Looper.loop(Looper.java:216)
11-06 15:34:29.213 31307 31343 W System.err: 	at android.os.HandlerThread.run(HandlerThread.java:65)
11-06 15:34:29.214 31307 31343 D Evaluation: 0 res for frame 2323 received at 1573047269214
11-06 15:34:29.261 31307 31318 E         : [ZeroHung]zrhung_get_config: Get config failed for wp[0x0008]
11-06 15:34:29.261 31307 31343 W System.err: java.net.SocketException: Message too long
11-06 15:34:29.261 31307 31343 W System.err: 	at sun.nio.ch.DatagramChannelImpl.send0(Native Method)
11-06 15:34:29.261 31307 31343 W System.err: 	at sun.nio.ch.DatagramChannelImpl.sendFromNativeBuffer(DatagramChannelImpl.java:573)
11-06 15:34:29.261 31307 31343 W System.err: 	at sun.nio.ch.DatagramChannelImpl.send(DatagramChannelImpl.java:550)
11-06 15:34:29.262 31307 31343 W System.err: 	at sun.nio.ch.DatagramChannelImpl.send(DatagramChannelImpl.java:514)
11-06 15:34:29.262 31307 31343 W System.err: 	at symlab.CloudAR.network.TransmissionTask.run(TransmissionTask.java:124)
11-06 15:34:29.262 31307 31343 W System.err: 	at android.os.Handler.handleCallback(Handler.java:907)
11-06 15:34:29.262 31307 31343 W System.err: 	at android.os.Handler.dispatchMessage(Handler.java:105)
11-06 15:34:29.262 31307 31343 W System.err: 	at android.os.Looper.loop(Looper.java:216)
11-06 15:34:29.262 31307 31343 W System.err: 	at android.os.HandlerThread.run(HandlerThread.java:65)
11-06 15:34:29.263 31307 31343 D Evaluation: 0 res for frame 2324 received at 1573047269263
11-06 15:34:29.282 31307 31316 W System  : A resource failed to call close. 
11-06 15:34:29.282 31307 31316 W System  : A resource failed to call close. 
11-06 15:34:29.283 31307 31316 W System  : A resource failed to call close. 
11-06 15:34:29.283 31307 31316 W System  : A resource failed to call close. 
11-06 15:34:29.283 31307 31316 W System  : A resource failed to call close. 
11-06 15:34:29.283 31307 31316 W System  : A resource failed to call close. 
11-06 15:34:29.283 31307 31316 W System  : A resource failed to call close. 
11-06 15:34:29.283 31307 31316 W System  : A resource failed to call close. 
11-06 15:34:29.283 31307 31316 W System  : A resource failed to call close. 
11-06 15:34:29.283 31307 31316 I chatty  : uid=10149(symlab.cloudridar.arhud) FinalizerDaemon identical 1 line
11-06 15:34:29.283 31307 31316 W System  : A resource failed to call close. 
11-06 15:34:29.283 31307 31316 W System  : A resource failed to call close. 
11-06 15:34:29.283 31307 31316 I chatty  : uid=10149(symlab.cloudridar.arhud) FinalizerDaemon identical 10 lines
11-06 15:34:29.283 31307 31316 W System  : A resource failed to call close. 
11-06 15:34:29.283 31307 31316 W System  : A resource failed to call close. 
11-06 15:34:29.284 31307 31316 I chatty  : uid=10149(symlab.cloudridar.arhud) FinalizerDaemon identical 16 lines
11-06 15:34:29.284 31307 31316 W System  : A resource failed to call close. 
11-06 15:34:29.284 31307 31316 W System  : A resource failed to call close. 
11-06 15:34:29.284 31307 31316 I chatty  : uid=10149(symlab.cloudridar.arhud) FinalizerDaemon identical 4 lines
11-06 15:34:29.284 31307 31316 W System  : A resource failed to call close. 
11-06 15:34:29.284 31307 31316 W System  : A resource failed to call close. 
11-06 15:34:29.284 31307 31316 I chatty  : uid=10149(symlab.cloudridar.arhud) FinalizerDaemon identical 1 line
11-06 15:34:29.285 31307 31316 W System  : A resource failed to call close. 
11-06 15:34:29.287 31307 31307 D Poster  : At 1573047269287 location is 65.05801609076096 (latitude), and 25.469628306062965 (longitude)
11-06 15:34:29.291 31307 31307 D Poster  : Connected to mobile network 13
11-06 15:34:29.291 31307 31343 W System.err: java.net.SocketException: Message too long
11-06 15:34:29.291 31307 31343 W System.err: 	at sun.nio.ch.DatagramChannelImpl.send0(Native Method)
11-06 15:34:29.291 31307 31343 W System.err: 	at sun.nio.ch.DatagramChannelImpl.sendFromNativeBuffer(DatagramChannelImpl.java:573)
11-06 15:34:29.291 31307 31343 W System.err: 	at sun.nio.ch.DatagramChannelImpl.send(DatagramChannelImpl.java:550)
11-06 15:34:29.291 31307 31343 W System.err: 	at sun.nio.ch.DatagramChannelImpl.send(DatagramChannelImpl.java:514)
11-06 15:34:29.291 31307 31343 W System.err: 	at symlab.CloudAR.network.TransmissionTask.run(TransmissionTask.java:124)
11-06 15:34:29.291 31307 31343 W System.err: 	at android.os.Handler.handleCallback(Handler.java:907)
11-06 15:34:29.291 31307 31343 W System.err: 	at android.os.Handler.dispatchMessage(Handler.java:105)
11-06 15:34:29.291 31307 31343 W System.err: 	at android.os.Looper.loop(Looper.java:216)
11-06 15:34:29.291 31307 31343 W System.err: 	at android.os.HandlerThread.run(HandlerThread.java:65)
11-06 15:34:29.293 31307 31343 D Evaluation: 0 res for frame 2325 received at 1573047269293
11-06 15:34:29.324 31307 31343 W System.err: java.net.SocketException: Message too long
11-06 15:34:29.325 31307 31343 W System.err: 	at sun.nio.ch.DatagramChannelImpl.send0(Native Method)
11-06 15:34:29.325 31307 31343 W System.err: 	at sun.nio.ch.DatagramChannelImpl.sendFromNativeBuffer(DatagramChannelImpl.java:573)
11-06 15:34:29.325 31307 31343 W System.err: 	at sun.nio.ch.DatagramChannelImpl.send(DatagramChannelImpl.java:550)
11-06 15:34:29.325 31307 31343 W System.err: 	at sun.nio.ch.DatagramChannelImpl.send(DatagramChannelImpl.java:514)
11-06 15:34:29.325 31307 31343 W System.err: 	at symlab.CloudAR.network.TransmissionTask.run(TransmissionTask.java:124)
11-06 15:34:29.325 31307 31343 W System.err: 	at android.os.Handler.handleCallback(Handler.java:907)
11-06 15:34:29.325 31307 31343 W System.err: 	at android.os.Handler.dispatchMessage(Handler.java:105)
11-06 15:34:29.325 31307 31343 W System.err: 	at android.os.Looper.loop(Looper.java:216)
11-06 15:34:29.325 31307 31343 W System.err: 	at android.os.HandlerThread.run(HandlerThread.java:65)
11-06 15:34:29.326 31307 31343 D Evaluation: 0 res for frame 2326 received at 1573047269326
11-06 15:34:29.348 31307 31343 W System.err: java.net.SocketException: Message too long
11-06 15:34:29.348 31307 31343 W System.err: 	at sun.nio.ch.DatagramChannelImpl.send0(Native Method)
11-06 15:34:29.348 31307 31343 W System.err: 	at sun.nio.ch.DatagramChannelImpl.sendFromNativeBuffer(DatagramChannelImpl.java:573)
11-06 15:34:29.348 31307 31343 W System.err: 	at sun.nio.ch.DatagramChannelImpl.send(DatagramChannelImpl.java:550)
11-06 15:34:29.348 31307 31343 W System.err: 	at sun.nio.ch.DatagramChannelImpl.send(DatagramChannelImpl.java:514)
11-06 15:34:29.348 31307 31343 W System.err: 	at symlab.CloudAR.network.TransmissionTask.run(TransmissionTask.java:124)
11-06 15:34:29.348 31307 31343 W System.err: 	at android.os.Handler.handleCallback(Handler.java:907)
11-06 15:34:29.348 31307 31343 W System.err: 	at android.os.Handler.dispatchMessage(Handler.java:105)
11-06 15:34:29.348 31307 31343 W System.err: 	at android.os.Looper.loop(Looper.java:216)
11-06 15:34:29.348 31307 31343 W System.err: 	at android.os.HandlerThread.run(HandlerThread.java:65)
11-06 15:34:29.349 31307 31343 D Evaluation: 0 res for frame 2327 received at 1573047269349
11-06 15:34:29.381 31307 31343 W System.err: java.net.SocketException: Message too long
11-06 15:34:29.381 31307 31343 W System.err: 	at sun.nio.ch.DatagramChannelImpl.send0(Native Method)
11-06 15:34:29.381 31307 31343 W System.err: 	at sun.nio.ch.DatagramChannelImpl.sendFromNativeBuffer(DatagramChannelImpl.java:573)
11-06 15:34:29.381 31307 31343 W System.err: 	at sun.nio.ch.DatagramChannelImpl.send(DatagramChannelImpl.java:550)
11-06 15:34:29.381 31307 31343 W System.err: 	at sun.nio.ch.DatagramChannelImpl.send(DatagramChannelImpl.java:514)
11-06 15:34:29.381 31307 31343 W System.err: 	at symlab.CloudAR.network.TransmissionTask.run(TransmissionTask.java:124)
11-06 15:34:29.381 31307 31343 W System.err: 	at android.os.Handler.handleCallback(Handler.java:907)
11-06 15:34:29.381 31307 31343 W System.err: 	at android.os.Handler.dispatchMessage(Handler.java:105)
11-06 15:34:29.381 31307 31343 W System.err: 	at android.os.Looper.loop(Looper.java:216)
11-06 15:34:29.381 31307 31343 W System.err: 	at android.os.HandlerThread.run(HandlerThread.java:65)
11-06 15:34:29.382 31307 31343 D Evaluation: 0 res for frame 2328 received at 1573047269382
11-06 15:34:29.433 31307 31343 D Evaluation: Frame 2354 sent at 1573047269433
11-06 15:34:29.434 31307 31343 D Evaluation: 0 res for frame 2329 received at 1573047269434
11-06 15:34:29.457 31307 31343 D Evaluation: Frame 2356 sent at 1573047269457
11-06 15:34:29.458 31307 31343 D Evaluation: 0 res for frame 2330 received at 1573047269458
11-06 15:34:29.477 31307 31343 D Evaluation: Frame 2356 sent at 1573047269477
11-06 15:34:29.478 31307 31343 D Evaluation: 0 res for frame 2331 received at 1573047269478
11-06 15:34:29.515 31307 31343 W System.err: java.net.SocketException: Message too long
11-06 15:34:29.515 31307 31343 W System.err: 	at sun.nio.ch.DatagramChannelImpl.send0(Native Method)
11-06 15:34:29.515 31307 31343 W System.err: 	at sun.nio.ch.DatagramChannelImpl.sendFromNativeBuffer(DatagramChannelImpl.java:573)
11-06 15:34:29.515 31307 31343 W System.err: 	at sun.nio.ch.DatagramChannelImpl.send(DatagramChannelImpl.java:550)
11-06 15:34:29.515 31307 31343 W System.err: 	at sun.nio.ch.DatagramChannelImpl.send(DatagramChannelImpl.java:514)
11-06 15:34:29.515 31307 31343 W System.err: 	at symlab.CloudAR.network.TransmissionTask.run(TransmissionTask.java:124)
11-06 15:34:29.515 31307 31343 W System.err: 	at android.os.Handler.handleCallback(Handler.java:907)
11-06 15:34:29.515 31307 31343 W System.err: 	at android.os.Handler.dispatchMessage(Handler.java:105)
11-06 15:34:29.515 31307 31343 W System.err: 	at android.os.Looper.loop(Looper.java:216)
11-06 15:34:29.515 31307 31343 W System.err: 	at android.os.HandlerThread.run(HandlerThread.java:65)
11-06 15:34:29.516 31307 31343 D Evaluation: 0 res for frame 2332 received at 1573047269516
11-06 15:34:29.549 31307 31343 W System.err: java.net.SocketException: Message too long
11-06 15:34:29.549 31307 31343 W System.err: 	at sun.nio.ch.DatagramChannelImpl.send0(Native Method)
11-06 15:34:29.549 31307 31343 W System.err: 	at sun.nio.ch.DatagramChannelImpl.sendFromNativeBuffer(DatagramChannelImpl.java:573)
11-06 15:34:29.549 31307 31343 W System.err: 	at sun.nio.ch.DatagramChannelImpl.send(DatagramChannelImpl.java:550)
11-06 15:34:29.549 31307 31343 W System.err: 	at sun.nio.ch.DatagramChannelImpl.send(DatagramChannelImpl.java:514)
11-06 15:34:29.549 31307 31343 W System.err: 	at symlab.CloudAR.network.TransmissionTask.run(TransmissionTask.java:124)
11-06 15:34:29.549 31307 31343 W System.err: 	at android.os.Handler.handleCallback(Handler.java:907)
11-06 15:34:29.549 31307 31343 W System.err: 	at android.os.Handler.dispatchMessage(Handler.java:105)
11-06 15:34:29.549 31307 31343 W System.err: 	at android.os.Looper.loop(Looper.java:216)
11-06 15:34:29.549 31307 31343 W System.err: 	at android.os.HandlerThread.run(HandlerThread.java:65)
11-06 15:34:29.550 31307 31343 D Evaluation: 0 res for frame 2334 received at 1573047269550
11-06 15:34:29.586 31307 31343 W System.err: java.net.SocketException: Message too long
11-06 15:34:29.586 31307 31343 W System.err: 	at sun.nio.ch.DatagramChannelImpl.send0(Native Method)
11-06 15:34:29.586 31307 31343 W System.err: 	at sun.nio.ch.DatagramChannelImpl.sendFromNativeBuffer(DatagramChannelImpl.java:573)
11-06 15:34:29.586 31307 31343 W System.err: 	at sun.nio.ch.DatagramChannelImpl.send(DatagramChannelImpl.java:550)
11-06 15:34:29.586 31307 31343 W System.err: 	at sun.nio.ch.DatagramChannelImpl.send(DatagramChannelImpl.java:514)
11-06 15:34:29.586 31307 31343 W System.err: 	at symlab.CloudAR.network.TransmissionTask.run(TransmissionTask.java:124)
11-06 15:34:29.586 31307 31343 W System.err: 	at android.os.Handler.handleCallback(Handler.java:907)
11-06 15:34:29.586 31307 31343 W System.err: 	at android.os.Handler.dispatchMessage(Handler.java:105)
11-06 15:34:29.586 31307 31343 W System.err: 	at android.os.Looper.loop(Looper.java:216)
11-06 15:34:29.587 31307 31343 W System.err: 	at android.os.HandlerThread.run(HandlerThread.java:65)
11-06 15:34:29.588 31307 31343 D Evaluation: 0 res for frame 2335 received at 1573047269588
11-06 15:34:29.620 31307 31343 W System.err: java.net.SocketException: Message too long
11-06 15:34:29.620 31307 31343 W System.err: 	at sun.nio.ch.DatagramChannelImpl.send0(Native Method)
11-06 15:34:29.620 31307 31343 W System.err: 	at sun.nio.ch.DatagramChannelImpl.sendFromNativeBuffer(DatagramChannelImpl.java:573)
11-06 15:34:29.620 31307 31343 W System.err: 	at sun.nio.ch.DatagramChannelImpl.send(DatagramChannelImpl.java:550)
11-06 15:34:29.620 31307 31343 W System.err: 	at sun.nio.ch.DatagramChannelImpl.send(DatagramChannelImpl.java:514)
11-06 15:34:29.620 31307 31343 W System.err: 	at symlab.CloudAR.network.TransmissionTask.run(TransmissionTask.java:124)
11-06 15:34:29.620 31307 31343 W System.err: 	at android.os.Handler.handleCallback(Handler.java:907)
11-06 15:34:29.620 31307 31343 W System.err: 	at android.os.Handler.dispatchMessage(Handler.java:105)
11-06 15:34:29.620 31307 31343 W System.err: 	at android.os.Looper.loop(Looper.java:216)
11-06 15:34:29.620 31307 31343 W System.err: 	at android.os.HandlerThread.run(HandlerThread.java:65)
11-06 15:34:29.621 31307 31343 D Evaluation: 0 res for frame 2336 received at 1573047269621
11-06 15:34:29.663 31307 31343 W System.err: java.net.SocketException: Message too long
11-06 15:34:29.663 31307 31343 W System.err: 	at sun.nio.ch.DatagramChannelImpl.send0(Native Method)
11-06 15:34:29.663 31307 31343 W System.err: 	at sun.nio.ch.DatagramChannelImpl.sendFromNativeBuffer(DatagramChannelImpl.java:573)
11-06 15:34:29.663 31307 31343 W System.err: 	at sun.nio.ch.DatagramChannelImpl.send(DatagramChannelImpl.java:550)
11-06 15:34:29.663 31307 31343 W System.err: 	at sun.nio.ch.DatagramChannelImpl.send(DatagramChannelImpl.java:514)
11-06 15:34:29.663 31307 31343 W System.err: 	at symlab.CloudAR.network.TransmissionTask.run(TransmissionTask.java:124)
11-06 15:34:29.663 31307 31343 W System.err: 	at android.os.Handler.handleCallback(Handler.java:907)
11-06 15:34:29.663 31307 31343 W System.err: 	at android.os.Handler.dispatchMessage(Handler.java:105)
11-06 15:34:29.663 31307 31343 W System.err: 	at android.os.Looper.loop(Looper.java:216)
11-06 15:34:29.663 31307 31343 W System.err: 	at android.os.HandlerThread.run(HandlerThread.java:65)
11-06 15:34:29.664 31307 31343 D Evaluation: 0 res for frame 2338 received at 1573047269664
11-06 15:34:29.687 31307 31343 W System.err: java.net.SocketException: Message too long
11-06 15:34:29.687 31307 31343 W System.err: 	at sun.nio.ch.DatagramChannelImpl.send0(Native Method)
11-06 15:34:29.687 31307 31343 W System.err: 	at sun.nio.ch.DatagramChannelImpl.sendFromNativeBuffer(DatagramChannelImpl.java:573)
11-06 15:34:29.687 31307 31343 W System.err: 	at sun.nio.ch.DatagramChannelImpl.send(DatagramChannelImpl.java:550)
11-06 15:34:29.687 31307 31343 W System.err: 	at sun.nio.ch.DatagramChannelImpl.send(DatagramChannelImpl.java:514)
11-06 15:34:29.687 31307 31343 W System.err: 	at symlab.CloudAR.network.TransmissionTask.run(TransmissionTask.java:124)
11-06 15:34:29.687 31307 31343 W System.err: 	at android.os.Handler.handleCallback(Handler.java:907)
11-06 15:34:29.687 31307 31343 W System.err: 	at android.os.Handler.dispatchMessage(Handler.java:105)
11-06 15:34:29.687 31307 31343 W System.err: 	at android.os.Looper.loop(Looper.java:216)
11-06 15:34:29.687 31307 31343 W System.err: 	at android.os.HandlerThread.run(HandlerThread.java:65)
11-06 15:34:29.690 31307 31343 D Evaluation: 0 res for frame 2338 received at 1573047269690
11-06 15:34:29.727 31307 31343 W System.err: java.net.SocketException: Message too long
11-06 15:34:29.727 31307 31343 W System.err: 	at sun.nio.ch.DatagramChannelImpl.send0(Native Method)
11-06 15:34:29.727 31307 31343 W System.err: 	at sun.nio.ch.DatagramChannelImpl.sendFromNativeBuffer(DatagramChannelImpl.java:573)
11-06 15:34:29.727 31307 31343 W System.err: 	at sun.nio.ch.DatagramChannelImpl.send(DatagramChannelImpl.java:550)
11-06 15:34:29.727 31307 31343 W System.err: 	at sun.nio.ch.DatagramChannelImpl.send(DatagramChannelImpl.java:514)
11-06 15:34:29.727 31307 31343 W System.err: 	at symlab.CloudAR.network.TransmissionTask.run(TransmissionTask.java:124)
11-06 15:34:29.727 31307 31343 W System.err: 	at android.os.Handler.handleCallback(Handler.java:907)
11-06 15:34:29.727 31307 31343 W System.err: 	at android.os.Handler.dispatchMessage(Handler.java:105)
11-06 15:34:29.727 31307 31343 W System.err: 	at android.os.Looper.loop(Looper.java:216)
11-06 15:34:29.728 31307 31343 W System.err: 	at android.os.HandlerThread.run(HandlerThread.java:65)
11-06 15:34:29.729 31307 31343 D Evaluation: 0 res for frame 2339 received at 1573047269729
11-06 15:34:29.753 31307 31343 W System.err: java.net.SocketException: Message too long
11-06 15:34:29.753 31307 31343 W System.err: 	at sun.nio.ch.DatagramChannelImpl.send0(Native Method)
11-06 15:34:29.753 31307 31343 W System.err: 	at sun.nio.ch.DatagramChannelImpl.sendFromNativeBuffer(DatagramChannelImpl.java:573)
11-06 15:34:29.753 31307 31343 W System.err: 	at sun.nio.ch.DatagramChannelImpl.send(DatagramChannelImpl.java:550)
11-06 15:34:29.753 31307 31343 W System.err: 	at sun.nio.ch.DatagramChannelImpl.send(DatagramChannelImpl.java:514)
11-06 15:34:29.753 31307 31343 W System.err: 	at symlab.CloudAR.network.TransmissionTask.run(TransmissionTask.java:124)
11-06 15:34:29.754 31307 31343 W System.err: 	at android.os.Handler.handleCallback(Handler.java:907)
11-06 15:34:29.754 31307 31343 W System.err: 	at android.os.Handler.dispatchMessage(Handler.java:105)
11-06 15:34:29.754 31307 31343 W System.err: 	at android.os.Looper.loop(Looper.java:216)
11-06 15:34:29.754 31307 31343 W System.err: 	at android.os.HandlerThread.run(HandlerThread.java:65)
11-06 15:34:29.755 31307 31343 D Evaluation: 0 res for frame 2340 received at 1573047269755
11-06 15:34:29.791 31307 31343 D Evaluation: Frame 2365 sent at 1573047269791
11-06 15:34:29.793 31307 31343 D Evaluation: 0 res for frame 2341 received at 1573047269793
11-06 15:34:29.820 31307 31343 D Evaluation: Frame 2366 sent at 1573047269820
11-06 15:34:29.822 31307 31343 D Evaluation: 0 res for frame 2342 received at 1573047269822
11-06 15:34:29.864 31307 31343 D Evaluation: Frame 2367 sent at 1573047269864
11-06 15:34:29.865 31307 31343 D Evaluation: 0 res for frame 2347 received at 1573047269865
11-06 15:34:29.894 31307 31343 D Evaluation: Frame 2368 sent at 1573047269894
11-06 15:34:29.895 31307 31343 D Evaluation: 0 res for frame 2354 received at 1573047269895
11-06 15:34:29.926 31307 31343 D Evaluation: Frame 2369 sent at 1573047269926
11-06 15:34:29.927 31307 31343 D Evaluation: 0 res for frame 2356 received at 1573047269927
11-06 15:34:29.954 31307 31343 D Evaluation: Frame 2370 sent at 1573047269954
11-06 15:34:29.955 31307 31343 D Evaluation: 0 res for frame 2356 received at 1573047269955
11-06 15:34:30.004 31307 31343 D Evaluation: Frame 2371 sent at 1573047270004
11-06 15:34:30.006 31307 31343 D Evaluation: 0 res for frame 2365 received at 1573047270006
11-06 15:34:30.026 31307 31318 E         : [ZeroHung]zrhung_get_config: Get config failed for wp[0x0008]
11-06 15:34:30.026 31307 31343 D Evaluation: Frame 2372 sent at 1573047270026
11-06 15:34:30.028 31307 31343 D Evaluation: 0 res for frame 2366 received at 1573047270028
11-06 15:34:30.055 31307 31316 W System  : A resource failed to call close. 
11-06 15:34:30.058 31307 31316 I chatty  : uid=10149(symlab.cloudridar.arhud) FinalizerDaemon identical 42 lines
11-06 15:34:30.058 31307 31316 W System  : A resource failed to call close. 
11-06 15:34:30.063 31307 31343 D Evaluation: Frame 2373 sent at 1573047270063
11-06 15:34:30.064 31307 31343 D Evaluation: 0 res for frame 2367 received at 1573047270064
11-06 15:34:30.093 31307 31343 D Evaluation: Frame 2374 sent at 1573047270093
11-06 15:34:30.094 31307 31343 D Evaluation: 0 res for frame 2368 received at 1573047270094
11-06 15:34:30.130 31307 31343 D Evaluation: Frame 2375 sent at 1573047270130
11-06 15:34:30.131 31307 31343 D Evaluation: 0 res for frame 2369 received at 1573047270131
11-06 15:34:30.160 31307 31343 D Evaluation: Frame 2376 sent at 1573047270160
11-06 15:34:30.162 31307 31343 D Evaluation: 0 res for frame 2370 received at 1573047270162
11-06 15:34:30.191 31307 31343 D Evaluation: Frame 2377 sent at 1573047270191
11-06 15:34:30.201 31307 31343 D Evaluation: 0 res for frame 2371 received at 1573047270201
11-06 15:34:30.234 31307 31343 D Evaluation: Frame 2378 sent at 1573047270234
11-06 15:34:30.235 31307 31343 D Evaluation: 0 res for frame 2372 received at 1573047270235
11-06 15:34:30.251 31307 31343 D Evaluation: Frame 2379 sent at 1573047270251
11-06 15:34:30.252 31307 31343 D Evaluation: 0 res for frame 2373 received at 1573047270252
11-06 15:34:30.270 31307 31307 I Poster  :  onPause() called.
11-06 15:34:30.274 31307 31343 D Evaluation: Frame 2380 sent at 1573047270274
11-06 15:34:30.275 31307 31343 D Evaluation: 0 res for frame 2374 received at 1573047270275
11-06 15:34:30.356 31307 31307 I Camera  : close camera: 0, package name: symlab.cloudridar.arhud
11-06 15:34:30.356 31307 31307 I BackgroundPermManager: pkgName: symlab.cloudridar.arhud,pid: 31307 ,uidOf3RdApk: 10149 ,permType: 0 ,permCfg: 0
11-06 15:34:30.358 31307 31307 I HwCameraUtil: notifySurfaceFlingerCameraStatus : isFront = false , isOpend = false
11-06 15:34:30.464 31307 31307 D ZrHung.AppEyeUiProbe: stop checker.
11-06 15:34:30.475 31307 31307 D Poster  : At 1573047270475 location is 65.05801609076096 (latitude), and 25.469628306062965 (longitude)
11-06 15:34:30.476 31307 31307 D Poster  : Connected to mobile network 13
11-06 15:34:30.506 31307 31307 I Poster  :  surfaceDestroyed() called.
11-06 15:34:30.506 31307 31307 D ViewRootImpl[MainActivity]: surface should not be released
11-06 15:34:30.506 31307 31307 I Poster  :  onStop() called.
11-06 15:34:30.520 31307 31364 W libEGL  : EGLNativeWindowType 0xe5af0008 disconnect failed
11-06 15:34:30.542 31307 31332 D ZrHung.AppEyeUiProbe: Current Activity:false
11-06 15:34:30.542 31307 31332 D ZrHung.AppEyeUiProbe: not watching, wait.
11-06 15:34:31.281 31307 31307 D Poster  : At 1573047271281 location is 65.05801609076096 (latitude), and 25.469628306062965 (longitude)
11-06 15:34:31.282 31307 31307 D Poster  : Connected to mobile network 13
11-06 15:34:31.289 31307 31307 D Latitude: status
11-06 15:34:32.012 31307 31307 I Poster  :  onDestroy() called.
