11-06 11:16:18.167 29826 29860 D Evaluation: Frame 815 sent at 1573031778167
11-06 11:16:18.169 29826 29860 D Evaluation: 1 res for frame 807 received at 1573031778169
11-06 11:16:18.204 29826 29860 D Evaluation: Frame 816 sent at 1573031778204
11-06 11:16:18.206 29826 29860 D Evaluation: 1 res for frame 808 received at 1573031778206
11-06 11:16:18.241 29826 29860 D Evaluation: Frame 817 sent at 1573031778241
11-06 11:16:18.243 29826 29860 D Evaluation: 1 res for frame 809 received at 1573031778243
11-06 11:16:18.284 29826 29860 D Evaluation: Frame 819 sent at 1573031778284
11-06 11:16:18.285 29826 29860 D Evaluation: 1 res for frame 810 received at 1573031778285
11-06 11:16:18.307 29826 29860 D Evaluation: Frame 819 sent at 1573031778307
11-06 11:16:18.308 29826 29860 D Evaluation: 1 res for frame 811 received at 1573031778308
11-06 11:16:18.337 29826 29826 D Poster  : At 1573031778336 location is 65.05993543275409 (latitude), and 25.46863693017135 (longitude)
11-06 11:16:18.338 29826 29860 D Evaluation: Frame 820 sent at 1573031778338
11-06 11:16:18.339 29826 29826 D Poster  : Connected to mobile network 20
11-06 11:16:18.339 29826 29860 D Evaluation: 1 res for frame 812 received at 1573031778339
11-06 11:16:18.373 29826 29860 D Evaluation: Frame 821 sent at 1573031778373
11-06 11:16:18.375 29826 29860 D Evaluation: 1 res for frame 814 received at 1573031778375
11-06 11:16:18.410 29826 29860 D Evaluation: Frame 822 sent at 1573031778410
11-06 11:16:18.412 29826 29860 D Evaluation: 1 res for frame 814 received at 1573031778412
11-06 11:16:18.440 29826 29860 D Evaluation: Frame 823 sent at 1573031778439
11-06 11:16:18.441 29826 29860 D Evaluation: 1 res for frame 815 received at 1573031778441
11-06 11:16:18.482 29826 29860 D Evaluation: Frame 825 sent at 1573031778482
11-06 11:16:18.483 29826 29860 D Evaluation: 1 res for frame 816 received at 1573031778483
11-06 11:16:18.504 29826 29860 D Evaluation: Frame 825 sent at 1573031778504
11-06 11:16:18.506 29826 29860 D Evaluation: 1 res for frame 817 received at 1573031778506
11-06 11:16:18.548 29826 29860 D Evaluation: Frame 826 sent at 1573031778548
11-06 11:16:18.550 29826 29860 D Evaluation: 1 res for frame 819 received at 1573031778550
11-06 11:16:18.584 29826 29860 D Evaluation: Frame 827 sent at 1573031778584
11-06 11:16:18.586 29826 29860 D Evaluation: 1 res for frame 819 received at 1573031778586
11-06 11:16:18.620 29826 29860 D Evaluation: Frame 828 sent at 1573031778619
11-06 11:16:18.622 29826 29860 D Evaluation: 1 res for frame 820 received at 1573031778622
11-06 11:16:18.649 29826 29860 D Evaluation: Frame 830 sent at 1573031778648
11-06 11:16:18.650 29826 29860 D Evaluation: 1 res for frame 821 received at 1573031778650
11-06 11:16:18.672 29826 29860 D Evaluation: Frame 830 sent at 1573031778672
11-06 11:16:18.673 29826 29860 D Evaluation: 1 res for frame 822 received at 1573031778673
11-06 11:16:18.700 29826 29837 E         : [ZeroHung]zrhung_get_config: Get config failed for wp[0x0008]
11-06 11:16:18.700 29826 29860 D Evaluation: Frame 831 sent at 1573031778700
11-06 11:16:18.702 29826 29860 D Evaluation: 1 res for frame 823 received at 1573031778702
11-06 11:16:18.720 29826 29835 W System  : A resource failed to call close. 
11-06 11:16:18.721 29826 29835 I chatty  : uid=10149(symlab.cloudridar.arhud) FinalizerDaemon identical 4 lines
11-06 11:16:18.721 29826 29835 W System  : A resource failed to call close. 
11-06 11:16:18.721 29826 29835 W System  : A resource failed to call close. 
11-06 11:16:18.721 29826 29835 W System  : A resource failed to call close. 
11-06 11:16:18.728 29826 29835 I chatty  : uid=10149(symlab.cloudridar.arhud) FinalizerDaemon identical 59 lines
11-06 11:16:18.728 29826 29835 W System  : A resource failed to call close. 
11-06 11:16:18.743 29826 29860 D Evaluation: Frame 832 sent at 1573031778743
11-06 11:16:18.745 29826 29860 D Evaluation: 1 res for frame 825 received at 1573031778745
11-06 11:16:18.774 29826 29860 D Evaluation: Frame 833 sent at 1573031778774
11-06 11:16:18.775 29826 29860 D Evaluation: 1 res for frame 825 received at 1573031778775
11-06 11:16:18.806 29826 29860 D Evaluation: Frame 834 sent at 1573031778806
11-06 11:16:18.807 29826 29860 D Evaluation: 1 res for frame 826 received at 1573031778807
11-06 11:16:18.850 29826 29860 D Evaluation: Frame 835 sent at 1573031778850
11-06 11:16:18.852 29826 29860 D Evaluation: 1 res for frame 827 received at 1573031778852
11-06 11:16:18.872 29826 29860 D Evaluation: Frame 836 sent at 1573031778872
11-06 11:16:18.873 29826 29860 D Evaluation: 1 res for frame 828 received at 1573031778873
11-06 11:16:18.907 29826 29860 D Evaluation: Frame 837 sent at 1573031778907
11-06 11:16:18.908 29826 29860 D Evaluation: 1 res for frame 830 received at 1573031778908
11-06 11:16:18.954 29826 29860 D Evaluation: Frame 838 sent at 1573031778954
11-06 11:16:18.955 29826 29860 D Evaluation: 1 res for frame 830 received at 1573031778955
11-06 11:16:18.984 29826 29860 D Evaluation: Frame 839 sent at 1573031778984
11-06 11:16:18.986 29826 29860 D Evaluation: 1 res for frame 831 received at 1573031778986
11-06 11:16:19.010 29826 29860 D Evaluation: Frame 840 sent at 1573031779010
11-06 11:16:19.012 29826 29860 D Evaluation: 1 res for frame 832 received at 1573031779012
11-06 11:16:19.037 29826 29860 D Evaluation: Frame 841 sent at 1573031779037
11-06 11:16:19.038 29826 29860 D Evaluation: 1 res for frame 833 received at 1573031779038
11-06 11:16:19.079 29826 29860 D Evaluation: Frame 842 sent at 1573031779079
11-06 11:16:19.081 29826 29860 D Evaluation: 1 res for frame 834 received at 1573031779081
11-06 11:16:19.121 29826 29860 D Evaluation: Frame 843 sent at 1573031779121
11-06 11:16:19.123 29826 29860 D Evaluation: 1 res for frame 835 received at 1573031779123
11-06 11:16:19.147 29826 29860 D Evaluation: Frame 844 sent at 1573031779147
11-06 11:16:19.148 29826 29860 D Evaluation: 1 res for frame 836 received at 1573031779148
11-06 11:16:19.175 29826 29860 D Evaluation: Frame 845 sent at 1573031779175
11-06 11:16:19.176 29826 29860 D Evaluation: 1 res for frame 837 received at 1573031779176
11-06 11:16:19.208 29826 29860 D Evaluation: Frame 846 sent at 1573031779208
11-06 11:16:19.210 29826 29860 D Evaluation: 1 res for frame 838 received at 1573031779210
11-06 11:16:19.243 29826 29860 D Evaluation: Frame 847 sent at 1573031779243
11-06 11:16:19.244 29826 29860 D Evaluation: 1 res for frame 839 received at 1573031779244
11-06 11:16:19.287 29826 29860 D Evaluation: Frame 848 sent at 1573031779287
11-06 11:16:19.289 29826 29860 D Evaluation: 1 res for frame 840 received at 1573031779289
11-06 11:16:19.318 29826 29860 D Evaluation: Frame 849 sent at 1573031779318
11-06 11:16:19.320 29826 29860 D Evaluation: 1 res for frame 841 received at 1573031779320
11-06 11:16:19.330 29826 29826 D Poster  : At 1573031779329 location is 65.05993543275409 (latitude), and 25.46863693017135 (longitude)
11-06 11:16:19.333 29826 29826 D Poster  : Connected to mobile network 20
11-06 11:16:19.372 29826 29860 D Evaluation: Frame 850 sent at 1573031779372
11-06 11:16:19.375 29826 29860 D Evaluation: 1 res for frame 842 received at 1573031779375
11-06 11:16:19.411 29826 29860 D Evaluation: Frame 851 sent at 1573031779411
11-06 11:16:19.413 29826 29860 D Evaluation: 1 res for frame 843 received at 1573031779413
11-06 11:16:19.455 29826 29860 D Evaluation: Frame 852 sent at 1573031779455
11-06 11:16:19.457 29826 29860 D Evaluation: 1 res for frame 844 received at 1573031779457
11-06 11:16:19.476 29826 29860 D Evaluation: Frame 853 sent at 1573031779476
11-06 11:16:19.478 29826 29860 D Evaluation: 1 res for frame 845 received at 1573031779478
11-06 11:16:19.502 29826 29860 D Evaluation: Frame 854 sent at 1573031779501
11-06 11:16:19.503 29826 29860 D Evaluation: 1 res for frame 846 received at 1573031779503
11-06 11:16:19.552 29826 29860 D Evaluation: Frame 855 sent at 1573031779552
11-06 11:16:19.554 29826 29860 D Evaluation: 1 res for frame 847 received at 1573031779554
11-06 11:16:19.586 29826 29860 D Evaluation: Frame 856 sent at 1573031779586
11-06 11:16:19.587 29826 29860 D Evaluation: 1 res for frame 848 received at 1573031779587
11-06 11:16:19.638 29826 29860 D Evaluation: Frame 857 sent at 1573031779638
11-06 11:16:19.640 29826 29860 D Evaluation: 1 res for frame 849 received at 1573031779640
11-06 11:16:19.685 29826 29860 D Evaluation: Frame 858 sent at 1573031779685
11-06 11:16:19.686 29826 29860 D Evaluation: 1 res for frame 850 received at 1573031779686
11-06 11:16:19.723 29826 29860 D Evaluation: Frame 859 sent at 1573031779722
11-06 11:16:19.724 29826 29860 D Evaluation: 1 res for frame 851 received at 1573031779724
11-06 11:16:19.762 29826 29860 D Evaluation: Frame 861 sent at 1573031779762
11-06 11:16:19.764 29826 29860 D Evaluation: 1 res for frame 852 received at 1573031779764
11-06 11:16:19.782 29826 29860 D Evaluation: Frame 861 sent at 1573031779782
11-06 11:16:19.784 29826 29860 D Evaluation: 1 res for frame 853 received at 1573031779784
11-06 11:16:19.815 29826 29860 D Evaluation: Frame 862 sent at 1573031779815
11-06 11:16:19.817 29826 29860 D Evaluation: 1 res for frame 854 received at 1573031779817
11-06 11:16:19.839 29826 29860 D Evaluation: Frame 863 sent at 1573031779839
11-06 11:16:19.840 29826 29860 D Evaluation: 1 res for frame 855 received at 1573031779840
11-06 11:16:19.882 29826 29860 D Evaluation: Frame 864 sent at 1573031779882
11-06 11:16:19.884 29826 29860 D Evaluation: 1 res for frame 856 received at 1573031779884
11-06 11:16:19.916 29826 29860 D Evaluation: Frame 865 sent at 1573031779916
11-06 11:16:19.918 29826 29860 D Evaluation: 1 res for frame 857 received at 1573031779918
11-06 11:16:19.949 29826 29837 E         : [ZeroHung]zrhung_get_config: Get config failed for wp[0x0008]
11-06 11:16:19.950 29826 29860 D Evaluation: Frame 866 sent at 1573031779950
11-06 11:16:19.952 29826 29860 D Evaluation: 1 res for frame 858 received at 1573031779952
11-06 11:16:19.976 29826 29835 W System  : A resource failed to call close. 
11-06 11:16:19.977 29826 29835 I chatty  : uid=10149(symlab.cloudridar.arhud) FinalizerDaemon identical 26 lines
11-06 11:16:19.977 29826 29835 W System  : A resource failed to call close. 
11-06 11:16:19.977 29826 29835 W System  : A resource failed to call close. 
11-06 11:16:19.977 29826 29835 I chatty  : uid=10149(symlab.cloudridar.arhud) FinalizerDaemon identical 4 lines
11-06 11:16:19.977 29826 29835 W System  : A resource failed to call close. 
11-06 11:16:19.978 29826 29835 W System  : A resource failed to call close. 
11-06 11:16:19.978 29826 29835 I chatty  : uid=10149(symlab.cloudridar.arhud) FinalizerDaemon identical 2 lines
11-06 11:16:19.978 29826 29835 W System  : A resource failed to call close. 
11-06 11:16:19.978 29826 29835 W System  : A resource failed to call close. 
11-06 11:16:19.979 29826 29835 I chatty  : uid=10149(symlab.cloudridar.arhud) FinalizerDaemon identical 30 lines
11-06 11:16:19.979 29826 29835 W System  : A resource failed to call close. 
11-06 11:16:20.001 29826 29860 D Evaluation: Frame 868 sent at 1573031780001
11-06 11:16:20.002 29826 29860 D Evaluation: 1 res for frame 859 received at 1573031780002
11-06 11:16:20.020 29826 29860 D Evaluation: Frame 868 sent at 1573031780020
11-06 11:16:20.021 29826 29860 D Evaluation: 1 res for frame 861 received at 1573031780021
11-06 11:16:20.053 29826 29860 D Evaluation: Frame 869 sent at 1573031780053
11-06 11:16:20.055 29826 29860 D Evaluation: 1 res for frame 861 received at 1573031780055
11-06 11:16:20.092 29826 29860 D Evaluation: Frame 870 sent at 1573031780092
11-06 11:16:20.094 29826 29860 D Evaluation: 1 res for frame 862 received at 1573031780093
11-06 11:16:20.125 29826 29860 D Evaluation: Frame 871 sent at 1573031780125
11-06 11:16:20.127 29826 29860 D Evaluation: 1 res for frame 863 received at 1573031780127
11-06 11:16:20.151 29826 29860 D Evaluation: Frame 872 sent at 1573031780151
11-06 11:16:20.153 29826 29860 D Evaluation: 1 res for frame 864 received at 1573031780153
11-06 11:16:20.177 29826 29860 D Evaluation: Frame 873 sent at 1573031780177
11-06 11:16:20.178 29826 29860 D Evaluation: 1 res for frame 865 received at 1573031780178
11-06 11:16:20.228 29826 29860 D Evaluation: Frame 874 sent at 1573031780228
11-06 11:16:20.230 29826 29860 D Evaluation: 1 res for frame 866 received at 1573031780230
11-06 11:16:20.260 29826 29860 D Evaluation: Frame 875 sent at 1573031780260
11-06 11:16:20.262 29826 29860 D Evaluation: 1 res for frame 868 received at 1573031780262
11-06 11:16:20.283 29826 29860 D Evaluation: Frame 876 sent at 1573031780283
11-06 11:16:20.284 29826 29860 D Evaluation: 1 res for frame 868 received at 1573031780284
11-06 11:16:20.313 29826 29860 D Evaluation: Frame 877 sent at 1573031780313
11-06 11:16:20.315 29826 29860 D Evaluation: 1 res for frame 869 received at 1573031780315
11-06 11:16:20.330 29826 29826 D Poster  : At 1573031780330 location is 65.05993543275409 (latitude), and 25.46863693017135 (longitude)
11-06 11:16:20.335 29826 29826 D Poster  : Connected to mobile network 20
11-06 11:16:20.360 29826 29860 D Evaluation: Frame 878 sent at 1573031780360
11-06 11:16:20.362 29826 29860 D Evaluation: 1 res for frame 870 received at 1573031780362
11-06 11:16:20.385 29826 29860 D Evaluation: Frame 879 sent at 1573031780385
11-06 11:16:20.387 29826 29860 D Evaluation: 1 res for frame 871 received at 1573031780387
11-06 11:16:20.420 29826 29860 D Evaluation: Frame 880 sent at 1573031780420
11-06 11:16:20.422 29826 29860 D Evaluation: 1 res for frame 872 received at 1573031780422
11-06 11:16:20.457 29826 29860 D Evaluation: Frame 881 sent at 1573031780457
11-06 11:16:20.459 29826 29860 D Evaluation: 1 res for frame 873 received at 1573031780459
11-06 11:16:20.483 29826 29860 D Evaluation: Frame 882 sent at 1573031780483
11-06 11:16:20.484 29826 29860 D Evaluation: 1 res for frame 874 received at 1573031780484
11-06 11:16:20.523 29826 29860 D Evaluation: Frame 883 sent at 1573031780523
11-06 11:16:20.525 29826 29860 D Evaluation: 1 res for frame 875 received at 1573031780525
11-06 11:16:20.551 29826 29860 D Evaluation: Frame 884 sent at 1573031780551
11-06 11:16:20.553 29826 29860 D Evaluation: 1 res for frame 876 received at 1573031780553
11-06 11:16:20.607 29826 29860 D Evaluation: Frame 886 sent at 1573031780607
11-06 11:16:20.609 29826 29860 D Evaluation: 1 res for frame 877 received at 1573031780609
11-06 11:16:20.630 29826 29860 D Evaluation: Frame 887 sent at 1573031780630
11-06 11:16:20.632 29826 29860 D Evaluation: 1 res for frame 878 received at 1573031780632
11-06 11:16:20.650 29826 29860 D Evaluation: Frame 887 sent at 1573031780650
11-06 11:16:20.652 29826 29860 D Evaluation: 1 res for frame 879 received at 1573031780652
11-06 11:16:20.690 29826 29860 D Evaluation: Frame 888 sent at 1573031780690
11-06 11:16:20.691 29826 29860 D Evaluation: 1 res for frame 880 received at 1573031780691
11-06 11:16:20.721 29826 29860 D Evaluation: Frame 889 sent at 1573031780721
11-06 11:16:20.723 29826 29860 D Evaluation: 1 res for frame 881 received at 1573031780723
11-06 11:16:20.755 29826 29860 D Evaluation: Frame 890 sent at 1573031780755
11-06 11:16:20.756 29826 29860 D Evaluation: 1 res for frame 882 received at 1573031780756
11-06 11:16:20.787 29826 29860 D Evaluation: Frame 891 sent at 1573031780787
11-06 11:16:20.789 29826 29860 D Evaluation: 1 res for frame 883 received at 1573031780789
11-06 11:16:20.824 29826 29860 D Evaluation: Frame 892 sent at 1573031780824
11-06 11:16:20.826 29826 29860 D Evaluation: 1 res for frame 884 received at 1573031780826
11-06 11:16:20.857 29826 29860 D Evaluation: Frame 893 sent at 1573031780857
11-06 11:16:20.859 29826 29860 D Evaluation: 1 res for frame 886 received at 1573031780859
11-06 11:16:20.894 29826 29860 D Evaluation: Frame 894 sent at 1573031780894
11-06 11:16:20.896 29826 29860 D Evaluation: 1 res for frame 887 received at 1573031780896
11-06 11:16:20.924 29826 29860 D Evaluation: Frame 895 sent at 1573031780924
11-06 11:16:20.925 29826 29860 D Evaluation: 1 res for frame 887 received at 1573031780925
11-06 11:16:20.958 29826 29860 D Evaluation: Frame 896 sent at 1573031780958
11-06 11:16:20.960 29826 29860 D Evaluation: 1 res for frame 888 received at 1573031780960
11-06 11:16:20.996 29826 29860 D Evaluation: Frame 897 sent at 1573031780996
11-06 11:16:20.998 29826 29860 D Evaluation: 1 res for frame 889 received at 1573031780998
11-06 11:16:21.027 29826 29860 D Evaluation: Frame 898 sent at 1573031781027
11-06 11:16:21.029 29826 29860 D Evaluation: 1 res for frame 890 received at 1573031781029
11-06 11:16:21.058 29826 29860 D Evaluation: Frame 899 sent at 1573031781058
11-06 11:16:21.060 29826 29860 D Evaluation: 1 res for frame 891 received at 1573031781060
11-06 11:16:21.098 29826 29860 D Evaluation: Frame 900 sent at 1573031781098
11-06 11:16:21.100 29826 29860 D Evaluation: 1 res for frame 892 received at 1573031781100
11-06 11:16:21.137 29826 29860 D Evaluation: Frame 901 sent at 1573031781137
11-06 11:16:21.139 29826 29860 D Evaluation: 1 res for frame 893 received at 1573031781139
11-06 11:16:21.159 29826 29837 E         : [ZeroHung]zrhung_get_config: Get config failed for wp[0x0008]
11-06 11:16:21.159 29826 29860 D Evaluation: Frame 902 sent at 1573031781159
11-06 11:16:21.160 29826 29860 D Evaluation: 1 res for frame 894 received at 1573031781160
11-06 11:16:21.185 29826 29860 D Evaluation: Frame 903 sent at 1573031781185
11-06 11:16:21.186 29826 29860 D Evaluation: 1 res for frame 895 received at 1573031781186
11-06 11:16:21.188 29826 29835 W System  : A resource failed to call close. 
11-06 11:16:21.188 29826 29835 W System  : A resource failed to call close. 
11-06 11:16:21.188 29826 29835 W System  : A resource failed to call close. 
11-06 11:16:21.188 29826 29835 W System  : A resource failed to call close. 
11-06 11:16:21.188 29826 29835 I chatty  : uid=10149(symlab.cloudridar.arhud) FinalizerDaemon identical 2 lines
11-06 11:16:21.188 29826 29835 W System  : A resource failed to call close. 
11-06 11:16:21.188 29826 29835 W System  : A resource failed to call close. 
11-06 11:16:21.188 29826 29835 W System  : A resource failed to call close. 
11-06 11:16:21.188 29826 29835 W System  : A resource failed to call close. 
11-06 11:16:21.188 29826 29835 W System  : A resource failed to call close. 
11-06 11:16:21.188 29826 29835 W System  : A resource failed to call close. 
11-06 11:16:21.188 29826 29835 I chatty  : uid=10149(symlab.cloudridar.arhud) FinalizerDaemon identical 3 lines
11-06 11:16:21.188 29826 29835 W System  : A resource failed to call close. 
11-06 11:16:21.188 29826 29835 W System  : A resource failed to call close. 
11-06 11:16:21.189 29826 29835 W System  : A resource failed to call close. 
11-06 11:16:21.189 29826 29835 W System  : A resource failed to call close. 
11-06 11:16:21.189 29826 29835 W System  : A resource failed to call close. 
11-06 11:16:21.189 29826 29835 I chatty  : uid=10149(symlab.cloudridar.arhud) FinalizerDaemon identical 3 lines
11-06 11:16:21.189 29826 29835 W System  : A resource failed to call close. 
11-06 11:16:21.189 29826 29835 W System  : A resource failed to call close. 
11-06 11:16:21.189 29826 29835 I chatty  : uid=10149(symlab.cloudridar.arhud) FinalizerDaemon identical 12 lines
11-06 11:16:21.189 29826 29835 W System  : A resource failed to call close. 
11-06 11:16:21.189 29826 29835 W System  : A resource failed to call close. 
11-06 11:16:21.189 29826 29835 W System  : A resource failed to call close. 
11-06 11:16:21.190 29826 29835 W System  : A resource failed to call close. 
11-06 11:16:21.190 29826 29835 W System  : A resource failed to call close. 
11-06 11:16:21.190 29826 29835 W System  : A resource failed to call close. 
11-06 11:16:21.190 29826 29835 I chatty  : uid=10149(symlab.cloudridar.arhud) FinalizerDaemon identical 2 lines
11-06 11:16:21.190 29826 29835 W System  : A resource failed to call close. 
11-06 11:16:21.190 29826 29835 W System  : A resource failed to call close. 
11-06 11:16:21.190 29826 29835 W System  : A resource failed to call close. 
11-06 11:16:21.190 29826 29835 W System  : A resource failed to call close. 
11-06 11:16:21.190 29826 29835 W System  : A resource failed to call close. 
11-06 11:16:21.190 29826 29835 I chatty  : uid=10149(symlab.cloudridar.arhud) FinalizerDaemon identical 2 lines
11-06 11:16:21.190 29826 29835 W System  : A resource failed to call close. 
11-06 11:16:21.190 29826 29835 W System  : A resource failed to call close. 
11-06 11:16:21.190 29826 29835 I chatty  : uid=10149(symlab.cloudridar.arhud) FinalizerDaemon identical 1 line
11-06 11:16:21.190 29826 29835 W System  : A resource failed to call close. 
11-06 11:16:21.190 29826 29835 W System  : A resource failed to call close. 
11-06 11:16:21.191 29826 29835 I chatty  : uid=10149(symlab.cloudridar.arhud) FinalizerDaemon identical 14 lines
11-06 11:16:21.191 29826 29835 W System  : A resource failed to call close. 
11-06 11:16:21.216 29826 29860 D Evaluation: Frame 904 sent at 1573031781216
11-06 11:16:21.217 29826 29860 D Evaluation: 1 res for frame 896 received at 1573031781217
11-06 11:16:21.255 29826 29860 D Evaluation: Frame 905 sent at 1573031781255
11-06 11:16:21.257 29826 29860 D Evaluation: 0 res for frame 897 received at 1573031781257
11-06 11:16:21.298 29826 29860 D Evaluation: Frame 906 sent at 1573031781298
11-06 11:16:21.300 29826 29860 D Evaluation: 1 res for frame 898 received at 1573031781300
11-06 11:16:21.340 29826 29826 D Poster  : At 1573031781340 location is 65.05993543275409 (latitude), and 25.46863693017135 (longitude)
11-06 11:16:21.342 29826 29826 D Poster  : Connected to mobile network 20
11-06 11:16:21.352 29826 29860 D Evaluation: Frame 907 sent at 1573031781352
11-06 11:16:21.353 29826 29860 D Evaluation: 0 res for frame 899 received at 1573031781353
11-06 11:16:21.383 29826 29860 D Evaluation: Frame 908 sent at 1573031781383
11-06 11:16:21.384 29826 29860 D Evaluation: 1 res for frame 900 received at 1573031781384
11-06 11:16:21.426 29826 29860 D Evaluation: Frame 909 sent at 1573031781425
11-06 11:16:21.427 29826 29860 D Evaluation: 1 res for frame 901 received at 1573031781427
11-06 11:16:21.459 29826 29860 D Evaluation: Frame 910 sent at 1573031781459
11-06 11:16:21.461 29826 29860 D Evaluation: 1 res for frame 902 received at 1573031781461
11-06 11:16:21.506 29826 29860 D Evaluation: Frame 911 sent at 1573031781506
11-06 11:16:21.508 29826 29860 D Evaluation: 1 res for frame 903 received at 1573031781508
11-06 11:16:21.539 29826 29860 D Evaluation: Frame 913 sent at 1573031781539
11-06 11:16:21.540 29826 29860 D Evaluation: 1 res for frame 904 received at 1573031781540
11-06 11:16:21.562 29826 29860 D Evaluation: Frame 913 sent at 1573031781562
11-06 11:16:21.564 29826 29860 D Evaluation: 0 res for frame 905 received at 1573031781564
11-06 11:16:21.596 29826 29860 D Evaluation: Frame 914 sent at 1573031781596
11-06 11:16:21.597 29826 29860 D Evaluation: 0 res for frame 906 received at 1573031781597
11-06 11:16:21.700 29826 29860 D Evaluation: Frame 916 sent at 1573031781700
11-06 11:16:21.702 29826 29860 D Evaluation: 0 res for frame 907 received at 1573031781702
11-06 11:16:21.721 29826 29860 D Evaluation: Frame 917 sent at 1573031781721
11-06 11:16:21.723 29826 29860 D Evaluation: 0 res for frame 908 received at 1573031781723
11-06 11:16:21.741 29826 29860 D Evaluation: Frame 917 sent at 1573031781741
11-06 11:16:21.743 29826 29860 D Evaluation: 1 res for frame 909 received at 1573031781743
11-06 11:16:21.765 29826 29860 D Evaluation: Frame 918 sent at 1573031781765
11-06 11:16:21.767 29826 29860 D Evaluation: 1 res for frame 910 received at 1573031781767
11-06 11:16:21.788 29826 29860 D Evaluation: Frame 919 sent at 1573031781788
11-06 11:16:21.789 29826 29860 D Evaluation: 0 res for frame 911 received at 1573031781789
11-06 11:16:21.827 29826 29860 D Evaluation: Frame 920 sent at 1573031781827
11-06 11:16:21.828 29826 29860 D Evaluation: 1 res for frame 913 received at 1573031781828
11-06 11:16:21.854 29826 29860 D Evaluation: Frame 921 sent at 1573031781854
11-06 11:16:21.855 29826 29860 D Evaluation: 0 res for frame 913 received at 1573031781855
11-06 11:16:21.895 29826 29860 D Evaluation: Frame 922 sent at 1573031781895
11-06 11:16:21.898 29826 29860 D Evaluation: 1 res for frame 914 received at 1573031781898
11-06 11:16:21.931 29826 29860 D Evaluation: Frame 923 sent at 1573031781931
11-06 11:16:21.935 29826 29860 D Evaluation: 1 res for frame 916 received at 1573031781935
11-06 11:16:21.967 29826 29860 D Evaluation: Frame 924 sent at 1573031781967
11-06 11:16:21.968 29826 29860 D Evaluation: 1 res for frame 917 received at 1573031781968
11-06 11:16:21.999 29826 29860 D Evaluation: Frame 925 sent at 1573031781999
11-06 11:16:22.000 29826 29860 D Evaluation: 1 res for frame 917 received at 1573031782000
11-06 11:16:22.036 29826 29860 D Evaluation: Frame 926 sent at 1573031782036
11-06 11:16:22.037 29826 29860 D Evaluation: 0 res for frame 918 received at 1573031782037
11-06 11:16:22.077 29826 29860 D Evaluation: Frame 927 sent at 1573031782077
11-06 11:16:22.079 29826 29860 D Evaluation: 0 res for frame 919 received at 1573031782079
11-06 11:16:22.109 29826 29860 D Evaluation: Frame 928 sent at 1573031782109
11-06 11:16:22.111 29826 29860 D Evaluation: 0 res for frame 920 received at 1573031782111
11-06 11:16:22.135 29826 29860 D Evaluation: Frame 929 sent at 1573031782135
11-06 11:16:22.137 29826 29860 D Evaluation: 1 res for frame 921 received at 1573031782137
11-06 11:16:22.164 29826 29860 D Evaluation: Frame 930 sent at 1573031782164
11-06 11:16:22.165 29826 29860 D Evaluation: 1 res for frame 922 received at 1573031782165
11-06 11:16:22.197 29826 29860 D Evaluation: Frame 931 sent at 1573031782197
11-06 11:16:22.199 29826 29860 D Evaluation: 1 res for frame 923 received at 1573031782199
11-06 11:16:22.240 29826 29860 D Evaluation: Frame 932 sent at 1573031782240
11-06 11:16:22.242 29826 29860 D Evaluation: 1 res for frame 924 received at 1573031782242
11-06 11:16:22.272 29826 29860 D Evaluation: Frame 933 sent at 1573031782272
11-06 11:16:22.274 29826 29860 D Evaluation: 0 res for frame 925 received at 1573031782274
11-06 11:16:22.318 29826 29860 D Evaluation: Frame 934 sent at 1573031782318
11-06 11:16:22.321 29826 29860 D Evaluation: 1 res for frame 926 received at 1573031782321
11-06 11:16:22.346 29826 29826 D Poster  : At 1573031782346 location is 65.05993543275409 (latitude), and 25.46863693017135 (longitude)
11-06 11:16:22.347 29826 29860 D Evaluation: Frame 935 sent at 1573031782347
11-06 11:16:22.349 29826 29860 D Evaluation: 1 res for frame 927 received at 1573031782349
11-06 11:16:22.351 29826 29826 D Poster  : Connected to mobile network 20
11-06 11:16:22.379 29826 29860 D Evaluation: Frame 937 sent at 1573031782379
11-06 11:16:22.381 29826 29860 D Evaluation: 0 res for frame 928 received at 1573031782381
11-06 11:16:22.398 29826 29860 D Evaluation: Frame 937 sent at 1573031782398
11-06 11:16:22.399 29826 29860 D Evaluation: 0 res for frame 929 received at 1573031782399
11-06 11:16:22.425 29826 29860 D Evaluation: Frame 938 sent at 1573031782425
11-06 11:16:22.427 29826 29860 D Evaluation: 0 res for frame 930 received at 1573031782427
11-06 11:16:22.427 29826 29837 E         : [ZeroHung]zrhung_get_config: Get config failed for wp[0x0008]
11-06 11:16:22.458 29826 29835 W System  : A resource failed to call close. 
11-06 11:16:22.461 29826 29835 I chatty  : uid=10149(symlab.cloudridar.arhud) FinalizerDaemon identical 30 lines
11-06 11:16:22.461 29826 29835 W System  : A resource failed to call close. 
11-06 11:16:22.461 29826 29835 W System  : A resource failed to call close. 
11-06 11:16:22.461 29826 29835 I chatty  : uid=10149(symlab.cloudridar.arhud) FinalizerDaemon identical 6 lines
11-06 11:16:22.461 29826 29835 W System  : A resource failed to call close. 
11-06 11:16:22.461 29826 29835 W System  : A resource failed to call close. 
11-06 11:16:22.462 29826 29835 W System  : A resource failed to call close. 
11-06 11:16:22.464 29826 29835 I chatty  : uid=10149(symlab.cloudridar.arhud) FinalizerDaemon identical 31 lines
11-06 11:16:22.464 29826 29835 W System  : A resource failed to call close. 
11-06 11:16:22.468 29826 29860 D Evaluation: Frame 939 sent at 1573031782468
11-06 11:16:22.470 29826 29860 D Evaluation: 1 res for frame 931 received at 1573031782470
11-06 11:16:22.500 29826 29860 D Evaluation: Frame 940 sent at 1573031782500
11-06 11:16:22.501 29826 29860 D Evaluation: 1 res for frame 932 received at 1573031782501
11-06 11:16:22.530 29826 29860 D Evaluation: Frame 941 sent at 1573031782530
11-06 11:16:22.531 29826 29860 D Evaluation: 0 res for frame 933 received at 1573031782531
11-06 11:16:22.571 29826 29860 D Evaluation: Frame 942 sent at 1573031782571
11-06 11:16:22.572 29826 29860 D Evaluation: 1 res for frame 934 received at 1573031782572
11-06 11:16:22.600 29826 29860 D Evaluation: Frame 943 sent at 1573031782600
11-06 11:16:22.601 29826 29860 D Evaluation: 0 res for frame 935 received at 1573031782601
11-06 11:16:22.685 29826 29860 D Evaluation: Frame 944 sent at 1573031782685
11-06 11:16:22.690 29826 29860 D Evaluation: 0 res for frame 937 received at 1573031782689
11-06 11:16:22.718 29826 29860 D Evaluation: Frame 945 sent at 1573031782718
11-06 11:16:22.720 29826 29860 D Evaluation: 0 res for frame 937 received at 1573031782720
11-06 11:16:22.740 29826 29860 D Evaluation: Frame 946 sent at 1573031782740
11-06 11:16:22.742 29826 29860 D Evaluation: 0 res for frame 938 received at 1573031782742
11-06 11:16:22.765 29826 29860 D Evaluation: Frame 947 sent at 1573031782765
11-06 11:16:22.766 29826 29860 D Evaluation: 0 res for frame 939 received at 1573031782766
11-06 11:16:22.803 29826 29860 D Evaluation: Frame 948 sent at 1573031782803
11-06 11:16:22.804 29826 29860 D Evaluation: 1 res for frame 940 received at 1573031782804
11-06 11:16:22.842 29826 29860 D Evaluation: Frame 949 sent at 1573031782842
11-06 11:16:22.843 29826 29860 D Evaluation: 0 res for frame 941 received at 1573031782843
11-06 11:16:22.883 29826 29860 D Evaluation: Frame 951 sent at 1573031782883
11-06 11:16:22.885 29826 29860 D Evaluation: 0 res for frame 942 received at 1573031782885
11-06 11:16:22.905 29826 29860 D Evaluation: Frame 951 sent at 1573031782905
11-06 11:16:22.907 29826 29860 D Evaluation: 1 res for frame 943 received at 1573031782907
11-06 11:16:22.946 29826 29860 D Evaluation: Frame 952 sent at 1573031782946
11-06 11:16:22.948 29826 29860 D Evaluation: 1 res for frame 944 received at 1573031782948
11-06 11:16:22.981 29826 29860 D Evaluation: Frame 953 sent at 1573031782981
11-06 11:16:22.983 29826 29860 D Evaluation: 1 res for frame 945 received at 1573031782983
11-06 11:16:23.014 29826 29860 D Evaluation: Frame 954 sent at 1573031783014
11-06 11:16:23.015 29826 29860 D Evaluation: 1 res for frame 946 received at 1573031783015
11-06 11:16:23.049 29826 29860 D Evaluation: Frame 956 sent at 1573031783049
11-06 11:16:23.051 29826 29860 D Evaluation: 0 res for frame 947 received at 1573031783051
11-06 11:16:23.071 29826 29860 D Evaluation: Frame 956 sent at 1573031783071
11-06 11:16:23.073 29826 29860 D Evaluation: 0 res for frame 948 received at 1573031783073
11-06 11:16:23.115 29826 29860 D Evaluation: Frame 958 sent at 1573031783115
11-06 11:16:23.117 29826 29860 D Evaluation: 1 res for frame 949 received at 1573031783117
11-06 11:16:23.133 29826 29860 D Evaluation: Frame 958 sent at 1573031783133
11-06 11:16:23.134 29826 29860 D Evaluation: 0 res for frame 951 received at 1573031783134
11-06 11:16:23.167 29826 29860 D Evaluation: Frame 959 sent at 1573031783167
11-06 11:16:23.169 29826 29860 D Evaluation: 0 res for frame 951 received at 1573031783169
11-06 11:16:23.206 29826 29860 D Evaluation: Frame 960 sent at 1573031783206
11-06 11:16:23.207 29826 29860 D Evaluation: 1 res for frame 952 received at 1573031783207
11-06 11:16:23.247 29826 29860 D Evaluation: Frame 961 sent at 1573031783247
11-06 11:16:23.248 29826 29860 D Evaluation: 1 res for frame 953 received at 1573031783248
11-06 11:16:23.280 29826 29860 D Evaluation: Frame 962 sent at 1573031783280
11-06 11:16:23.282 29826 29860 D Evaluation: 0 res for frame 954 received at 1573031783282
11-06 11:16:23.316 29826 29860 D Evaluation: Frame 963 sent at 1573031783316
11-06 11:16:23.317 29826 29860 D Evaluation: 0 res for frame 956 received at 1573031783317
11-06 11:16:23.330 29826 29826 D Poster  : At 1573031783330 location is 65.05993543275409 (latitude), and 25.46863693017135 (longitude)
11-06 11:16:23.333 29826 29826 D Poster  : Connected to mobile network 20
11-06 11:16:23.361 29826 29860 D Evaluation: Frame 965 sent at 1573031783361
11-06 11:16:23.362 29826 29860 D Evaluation: 0 res for frame 956 received at 1573031783362
11-06 11:16:23.383 29826 29860 D Evaluation: Frame 965 sent at 1573031783383
11-06 11:16:23.385 29826 29860 D Evaluation: 0 res for frame 958 received at 1573031783385
11-06 11:16:23.407 29826 29860 D Evaluation: Frame 966 sent at 1573031783407
11-06 11:16:23.409 29826 29860 D Evaluation: 1 res for frame 958 received at 1573031783409
11-06 11:16:23.443 29826 29860 D Evaluation: Frame 967 sent at 1573031783443
11-06 11:16:23.445 29826 29860 D Evaluation: 1 res for frame 959 received at 1573031783445
11-06 11:16:23.495 29826 29860 D Evaluation: Frame 969 sent at 1573031783495
11-06 11:16:23.496 29826 29860 D Evaluation: 1 res for frame 960 received at 1573031783496
11-06 11:16:23.517 29826 29860 D Evaluation: Frame 969 sent at 1573031783517
11-06 11:16:23.518 29826 29860 D Evaluation: 0 res for frame 961 received at 1573031783518
11-06 11:16:23.545 29826 29860 D Evaluation: Frame 970 sent at 1573031783545
11-06 11:16:23.547 29826 29860 D Evaluation: 0 res for frame 962 received at 1573031783547
11-06 11:16:23.585 29826 29860 D Evaluation: Frame 971 sent at 1573031783585
11-06 11:16:23.587 29826 29860 D Evaluation: 0 res for frame 963 received at 1573031783587
11-06 11:16:23.612 29826 29860 D Evaluation: Frame 972 sent at 1573031783612
11-06 11:16:23.614 29826 29860 D Evaluation: 0 res for frame 965 received at 1573031783614
11-06 11:16:23.642 29826 29860 D Evaluation: Frame 973 sent at 1573031783642
11-06 11:16:23.643 29826 29860 D Evaluation: 0 res for frame 965 received at 1573031783643
11-06 11:16:23.676 29826 29837 E         : [ZeroHung]zrhung_get_config: Get config failed for wp[0x0008]
11-06 11:16:23.676 29826 29860 D Evaluation: Frame 974 sent at 1573031783676
11-06 11:16:23.678 29826 29860 D Evaluation: 0 res for frame 966 received at 1573031783678
11-06 11:16:23.700 29826 29835 W System  : A resource failed to call close. 
11-06 11:16:23.708 29826 29835 I chatty  : uid=10149(symlab.cloudridar.arhud) FinalizerDaemon identical 68 lines
11-06 11:16:23.708 29826 29835 W System  : A resource failed to call close. 
11-06 11:16:23.726 29826 29860 D Evaluation: Frame 976 sent at 1573031783726
11-06 11:16:23.728 29826 29860 D Evaluation: 0 res for frame 967 received at 1573031783728
11-06 11:16:23.749 29826 29860 D Evaluation: Frame 976 sent at 1573031783749
11-06 11:16:23.750 29826 29860 D Evaluation: 0 res for frame 969 received at 1573031783750
11-06 11:16:23.778 29826 29860 D Evaluation: Frame 977 sent at 1573031783778
11-06 11:16:23.779 29826 29860 D Evaluation: 1 res for frame 969 received at 1573031783779
11-06 11:16:23.817 29826 29860 D Evaluation: Frame 978 sent at 1573031783817
11-06 11:16:23.818 29826 29860 D Evaluation: 0 res for frame 970 received at 1573031783818
11-06 11:16:23.852 29826 29860 D Evaluation: Frame 979 sent at 1573031783852
11-06 11:16:23.853 29826 29860 D Evaluation: 0 res for frame 971 received at 1573031783853
11-06 11:16:23.881 29826 29860 D Evaluation: Frame 980 sent at 1573031783881
11-06 11:16:23.883 29826 29860 D Evaluation: 0 res for frame 972 received at 1573031783883
11-06 11:16:23.900 29826 29826 D stylus  : init stylus touchlistener.
11-06 11:16:23.909 29826 29826 W Settings: Setting device_provisioned has moved from android.provider.Settings.Secure to android.provider.Settings.Global.
11-06 11:16:23.910 29826 29826 V HiTouch_HiTouchSensor: User setup is finished.
11-06 11:16:23.913 29826 29860 D Evaluation: Frame 981 sent at 1573031783913
11-06 11:16:23.914 29826 29860 D Evaluation: 0 res for frame 973 received at 1573031783914
11-06 11:16:23.923 29826 29826 W HiTouch_PressGestureDetector: Touch pointer move a lot. The moving distance of X is:69.625, limit is:60The moving distance of Y is:18.764801, limit is:60
11-06 11:16:23.951 29826 29860 D Evaluation: Frame 982 sent at 1573031783950
11-06 11:16:23.952 29826 29860 D Evaluation: 0 res for frame 974 received at 1573031783952
11-06 11:16:23.984 29826 29860 D Evaluation: Frame 983 sent at 1573031783984
11-06 11:16:23.985 29826 29860 D Evaluation: 0 res for frame 976 received at 1573031783985
11-06 11:16:24.017 29826 29860 D Evaluation: Frame 984 sent at 1573031784017
11-06 11:16:24.019 29826 29860 D Evaluation: 0 res for frame 977 received at 1573031784019
11-06 11:16:24.042 29826 29860 D Evaluation: Frame 985 sent at 1573031784042
11-06 11:16:24.043 29826 29860 D Evaluation: 0 res for frame 978 received at 1573031784043
11-06 11:16:24.075 29826 29860 D Evaluation: Frame 986 sent at 1573031784075
11-06 11:16:24.076 29826 29860 D Evaluation: 0 res for frame 979 received at 1573031784076
11-06 11:16:24.099 29826 29860 D Evaluation: Frame 987 sent at 1573031784099
11-06 11:16:24.100 29826 29860 D Evaluation: 1 res for frame 980 received at 1573031784100
11-06 11:16:24.144 29826 29860 D Evaluation: Frame 988 sent at 1573031784144
11-06 11:16:24.145 29826 29860 D Evaluation: 1 res for frame 981 received at 1573031784145
11-06 11:16:24.167 29826 29860 D Evaluation: Frame 989 sent at 1573031784167
11-06 11:16:24.168 29826 29860 D Evaluation: 1 res for frame 982 received at 1573031784168
11-06 11:16:24.198 29826 29860 D Evaluation: Frame 990 sent at 1573031784198
11-06 11:16:24.199 29826 29860 D Evaluation: 1 res for frame 983 received at 1573031784199
11-06 11:16:24.231 29826 29860 D Evaluation: Frame 991 sent at 1573031784231
11-06 11:16:24.232 29826 29860 D Evaluation: 1 res for frame 984 received at 1573031784232
11-06 11:16:24.263 29826 29860 D Evaluation: Frame 992 sent at 1573031784263
11-06 11:16:24.265 29826 29860 D Evaluation: 0 res for frame 985 received at 1573031784265
11-06 11:16:24.299 29826 29860 D Evaluation: Frame 993 sent at 1573031784299
11-06 11:16:24.301 29826 29860 D Evaluation: 1 res for frame 986 received at 1573031784301
11-06 11:16:24.342 29826 29826 D Poster  : At 1573031784342 location is 65.05993543275409 (latitude), and 25.46863693017135 (longitude)
11-06 11:16:24.342 29826 29860 D Evaluation: Frame 994 sent at 1573031784342
11-06 11:16:24.343 29826 29860 D Evaluation: 1 res for frame 987 received at 1573031784343
11-06 11:16:24.344 29826 29826 D Poster  : Connected to mobile network 20
11-06 11:16:24.369 29826 29860 D Evaluation: Frame 995 sent at 1573031784369
11-06 11:16:24.371 29826 29860 D Evaluation: 0 res for frame 988 received at 1573031784370
11-06 11:16:24.398 29826 29860 D Evaluation: Frame 996 sent at 1573031784398
11-06 11:16:24.399 29826 29860 D Evaluation: 1 res for frame 989 received at 1573031784399
11-06 11:16:24.433 29826 29860 D Evaluation: Frame 997 sent at 1573031784433
11-06 11:16:24.435 29826 29860 D Evaluation: 1 res for frame 990 received at 1573031784435
11-06 11:16:24.468 29826 29860 D Evaluation: Frame 998 sent at 1573031784468
11-06 11:16:24.470 29826 29860 D Evaluation: 1 res for frame 991 received at 1573031784470
11-06 11:16:24.498 29826 29860 D Evaluation: Frame 999 sent at 1573031784498
11-06 11:16:24.499 29826 29860 D Evaluation: 1 res for frame 992 received at 1573031784499
11-06 11:16:24.545 29826 29860 D Evaluation: Frame 1000 sent at 1573031784545
11-06 11:16:24.546 29826 29860 D Evaluation: 1 res for frame 993 received at 1573031784546
11-06 11:16:24.570 29826 29860 D Evaluation: Frame 1001 sent at 1573031784570
11-06 11:16:24.571 29826 29860 D Evaluation: 1 res for frame 994 received at 1573031784571
11-06 11:16:24.604 29826 29860 D Evaluation: Frame 1002 sent at 1573031784604
11-06 11:16:24.605 29826 29860 D Evaluation: 1 res for frame 995 received at 1573031784605
11-06 11:16:24.634 29826 29860 D Evaluation: Frame 1003 sent at 1573031784634
11-06 11:16:24.635 29826 29860 D Evaluation: 0 res for frame 996 received at 1573031784635
11-06 11:16:24.638 29826 29826 I Poster  :  onPause() called.
11-06 11:16:24.742 29826 29826 I Camera  : close camera: 0, package name: symlab.cloudridar.arhud
11-06 11:16:24.742 29826 29826 I BackgroundPermManager: pkgName: symlab.cloudridar.arhud,pid: 29826 ,uidOf3RdApk: 10149 ,permType: 0 ,permCfg: 0
11-06 11:16:24.744 29826 29826 I HwCameraUtil: notifySurfaceFlingerCameraStatus : isFront = false , isOpend = false
11-06 11:16:24.827 29826 29826 D ZrHung.AppEyeUiProbe: stop checker.
11-06 11:16:24.841 29826 29826 I Poster  :  surfaceDestroyed() called.
11-06 11:16:24.843 29826 29826 D ViewRootImpl[MainActivity]: surface should not be released
11-06 11:16:24.843 29826 29826 I Poster  :  onStop() called.
11-06 11:16:24.857 29826 29877 W libEGL  : EGLNativeWindowType 0xef5f0008 disconnect failed
11-06 11:16:25.318 29826 29826 D Poster  : At 1573031785318 location is 65.05993543275409 (latitude), and 25.46863693017135 (longitude)
11-06 11:16:25.319 29826 29826 D Poster  : Connected to mobile network 20
11-06 11:16:25.329 29826 29826 D Latitude: status
11-06 11:16:25.654 29826 29851 D ZrHung.AppEyeUiProbe: Current Activity:false
11-06 11:16:25.654 29826 29851 D ZrHung.AppEyeUiProbe: not watching, wait.
11-06 11:16:26.063 29826 29826 I Poster  :  onDestroy() called.
11-06 11:16:26.064 29826 29826 D ActivityThread: Remove activity client record, r= ActivityRecord{fd66872 token=android.os.BinderProxy@8cd3ec5 {symlab.cloudridar.arhud/symlab.ARHUD.MainActivity}} token= android.os.BinderProxy@8cd3ec5
