11-06 14:40:53.813 24222 24256 W System.err: 	at sun.nio.ch.DatagramChannelImpl.send0(Native Method)
11-06 14:40:53.813 24222 24256 W System.err: 	at sun.nio.ch.DatagramChannelImpl.sendFromNativeBuffer(DatagramChannelImpl.java:573)
11-06 14:40:53.813 24222 24256 W System.err: 	at sun.nio.ch.DatagramChannelImpl.send(DatagramChannelImpl.java:550)
11-06 14:40:53.813 24222 24256 W System.err: 	at sun.nio.ch.DatagramChannelImpl.send(DatagramChannelImpl.java:514)
11-06 14:40:53.813 24222 24256 W System.err: 	at symlab.CloudAR.network.TransmissionTask.run(TransmissionTask.java:124)
11-06 14:40:53.813 24222 24256 W System.err: 	at android.os.Handler.handleCallback(Handler.java:907)
11-06 14:40:53.813 24222 24256 W System.err: 	at android.os.Handler.dispatchMessage(Handler.java:105)
11-06 14:40:53.813 24222 24256 W System.err: 	at android.os.Looper.loop(Looper.java:216)
11-06 14:40:53.813 24222 24256 W System.err: 	at android.os.HandlerThread.run(HandlerThread.java:65)
11-06 14:40:53.847 24222 24234 E         : [ZeroHung]zrhung_get_config: Get config failed for wp[0x0008]
11-06 14:40:53.847 24222 24256 W System.err: java.net.SocketException: Message too long
11-06 14:40:53.847 24222 24256 W System.err: 	at sun.nio.ch.DatagramChannelImpl.send0(Native Method)
11-06 14:40:53.847 24222 24256 W System.err: 	at sun.nio.ch.DatagramChannelImpl.sendFromNativeBuffer(DatagramChannelImpl.java:573)
11-06 14:40:53.847 24222 24256 W System.err: 	at sun.nio.ch.DatagramChannelImpl.send(DatagramChannelImpl.java:550)
11-06 14:40:53.847 24222 24256 W System.err: 	at sun.nio.ch.DatagramChannelImpl.send(DatagramChannelImpl.java:514)
11-06 14:40:53.847 24222 24256 W System.err: 	at symlab.CloudAR.network.TransmissionTask.run(TransmissionTask.java:124)
11-06 14:40:53.847 24222 24256 W System.err: 	at android.os.Handler.handleCallback(Handler.java:907)
11-06 14:40:53.847 24222 24256 W System.err: 	at android.os.Handler.dispatchMessage(Handler.java:105)
11-06 14:40:53.847 24222 24256 W System.err: 	at android.os.Looper.loop(Looper.java:216)
11-06 14:40:53.847 24222 24256 W System.err: 	at android.os.HandlerThread.run(HandlerThread.java:65)
11-06 14:40:53.852 24222 24222 D Poster  : At 1573044053852 location is 65.05843024860346 (latitude), and 25.466736555340674 (longitude)
11-06 14:40:53.859 24222 24222 D Poster  : Connected to mobile network 20
11-06 14:40:53.863 24222 24232 W System  : A resource failed to call close. 
11-06 14:40:53.863 24222 24232 W System  : A resource failed to call close. 
11-06 14:40:53.863 24222 24232 I chatty  : uid=10149(symlab.cloudridar.arhud) FinalizerDaemon identical 1 line
11-06 14:40:53.863 24222 24232 W System  : A resource failed to call close. 
11-06 14:40:53.883 24222 24256 W System.err: java.net.SocketException: Message too long
11-06 14:40:53.883 24222 24256 W System.err: 	at sun.nio.ch.DatagramChannelImpl.send0(Native Method)
11-06 14:40:53.883 24222 24256 W System.err: 	at sun.nio.ch.DatagramChannelImpl.sendFromNativeBuffer(DatagramChannelImpl.java:573)
11-06 14:40:53.883 24222 24256 W System.err: 	at sun.nio.ch.DatagramChannelImpl.send(DatagramChannelImpl.java:550)
11-06 14:40:53.883 24222 24256 W System.err: 	at sun.nio.ch.DatagramChannelImpl.send(DatagramChannelImpl.java:514)
11-06 14:40:53.883 24222 24256 W System.err: 	at symlab.CloudAR.network.TransmissionTask.run(TransmissionTask.java:124)
11-06 14:40:53.883 24222 24256 W System.err: 	at android.os.Handler.handleCallback(Handler.java:907)
11-06 14:40:53.883 24222 24256 W System.err: 	at android.os.Handler.dispatchMessage(Handler.java:105)
11-06 14:40:53.883 24222 24256 W System.err: 	at android.os.Looper.loop(Looper.java:216)
11-06 14:40:53.883 24222 24256 W System.err: 	at android.os.HandlerThread.run(HandlerThread.java:65)
11-06 14:40:53.915 24222 24256 W System.err: java.net.SocketException: Message too long
11-06 14:40:53.916 24222 24256 W System.err: 	at sun.nio.ch.DatagramChannelImpl.send0(Native Method)
11-06 14:40:53.916 24222 24256 W System.err: 	at sun.nio.ch.DatagramChannelImpl.sendFromNativeBuffer(DatagramChannelImpl.java:573)
11-06 14:40:53.916 24222 24256 W System.err: 	at sun.nio.ch.DatagramChannelImpl.send(DatagramChannelImpl.java:550)
11-06 14:40:53.916 24222 24256 W System.err: 	at sun.nio.ch.DatagramChannelImpl.send(DatagramChannelImpl.java:514)
11-06 14:40:53.916 24222 24256 W System.err: 	at symlab.CloudAR.network.TransmissionTask.run(TransmissionTask.java:124)
11-06 14:40:53.916 24222 24256 W System.err: 	at android.os.Handler.handleCallback(Handler.java:907)
11-06 14:40:53.916 24222 24256 W System.err: 	at android.os.Handler.dispatchMessage(Handler.java:105)
11-06 14:40:53.916 24222 24256 W System.err: 	at android.os.Looper.loop(Looper.java:216)
11-06 14:40:53.916 24222 24256 W System.err: 	at android.os.HandlerThread.run(HandlerThread.java:65)
11-06 14:40:53.965 24222 24256 W System.err: java.net.SocketException: Message too long
11-06 14:40:53.965 24222 24256 W System.err: 	at sun.nio.ch.DatagramChannelImpl.send0(Native Method)
11-06 14:40:53.965 24222 24256 W System.err: 	at sun.nio.ch.DatagramChannelImpl.sendFromNativeBuffer(DatagramChannelImpl.java:573)
11-06 14:40:53.965 24222 24256 W System.err: 	at sun.nio.ch.DatagramChannelImpl.send(DatagramChannelImpl.java:550)
11-06 14:40:53.965 24222 24256 W System.err: 	at sun.nio.ch.DatagramChannelImpl.send(DatagramChannelImpl.java:514)
11-06 14:40:53.965 24222 24256 W System.err: 	at symlab.CloudAR.network.TransmissionTask.run(TransmissionTask.java:124)
11-06 14:40:53.965 24222 24256 W System.err: 	at android.os.Handler.handleCallback(Handler.java:907)
11-06 14:40:53.965 24222 24256 W System.err: 	at android.os.Handler.dispatchMessage(Handler.java:105)
11-06 14:40:53.965 24222 24256 W System.err: 	at android.os.Looper.loop(Looper.java:216)
11-06 14:40:53.965 24222 24256 W System.err: 	at android.os.HandlerThread.run(HandlerThread.java:65)
11-06 14:40:53.967 24222 24256 D Evaluation: 0 res for frame 52 received at 1573044053967
11-06 14:40:53.994 24222 24256 W System.err: java.net.SocketException: Message too long
11-06 14:40:53.995 24222 24256 W System.err: 	at sun.nio.ch.DatagramChannelImpl.send0(Native Method)
11-06 14:40:53.995 24222 24256 W System.err: 	at sun.nio.ch.DatagramChannelImpl.sendFromNativeBuffer(DatagramChannelImpl.java:573)
11-06 14:40:53.995 24222 24256 W System.err: 	at sun.nio.ch.DatagramChannelImpl.send(DatagramChannelImpl.java:550)
11-06 14:40:53.995 24222 24256 W System.err: 	at sun.nio.ch.DatagramChannelImpl.send(DatagramChannelImpl.java:514)
11-06 14:40:53.995 24222 24256 W System.err: 	at symlab.CloudAR.network.TransmissionTask.run(TransmissionTask.java:124)
11-06 14:40:53.995 24222 24256 W System.err: 	at android.os.Handler.handleCallback(Handler.java:907)
11-06 14:40:53.995 24222 24256 W System.err: 	at android.os.Handler.dispatchMessage(Handler.java:105)
11-06 14:40:53.995 24222 24256 W System.err: 	at android.os.Looper.loop(Looper.java:216)
11-06 14:40:53.995 24222 24256 W System.err: 	at android.os.HandlerThread.run(HandlerThread.java:65)
11-06 14:40:54.017 24222 24256 W System.err: java.net.SocketException: Message too long
11-06 14:40:54.017 24222 24256 W System.err: 	at sun.nio.ch.DatagramChannelImpl.send0(Native Method)
11-06 14:40:54.017 24222 24256 W System.err: 	at sun.nio.ch.DatagramChannelImpl.sendFromNativeBuffer(DatagramChannelImpl.java:573)
11-06 14:40:54.017 24222 24256 W System.err: 	at sun.nio.ch.DatagramChannelImpl.send(DatagramChannelImpl.java:550)
11-06 14:40:54.017 24222 24256 W System.err: 	at sun.nio.ch.DatagramChannelImpl.send(DatagramChannelImpl.java:514)
11-06 14:40:54.017 24222 24256 W System.err: 	at symlab.CloudAR.network.TransmissionTask.run(TransmissionTask.java:124)
11-06 14:40:54.017 24222 24256 W System.err: 	at android.os.Handler.handleCallback(Handler.java:907)
11-06 14:40:54.017 24222 24256 W System.err: 	at android.os.Handler.dispatchMessage(Handler.java:105)
11-06 14:40:54.017 24222 24256 W System.err: 	at android.os.Looper.loop(Looper.java:216)
11-06 14:40:54.017 24222 24256 W System.err: 	at android.os.HandlerThread.run(HandlerThread.java:65)
11-06 14:40:54.063 24222 24256 W System.err: java.net.SocketException: Message too long
11-06 14:40:54.063 24222 24256 W System.err: 	at sun.nio.ch.DatagramChannelImpl.send0(Native Method)
11-06 14:40:54.063 24222 24256 W System.err: 	at sun.nio.ch.DatagramChannelImpl.sendFromNativeBuffer(DatagramChannelImpl.java:573)
11-06 14:40:54.063 24222 24256 W System.err: 	at sun.nio.ch.DatagramChannelImpl.send(DatagramChannelImpl.java:550)
11-06 14:40:54.063 24222 24256 W System.err: 	at sun.nio.ch.DatagramChannelImpl.send(DatagramChannelImpl.java:514)
11-06 14:40:54.063 24222 24256 W System.err: 	at symlab.CloudAR.network.TransmissionTask.run(TransmissionTask.java:124)
11-06 14:40:54.063 24222 24256 W System.err: 	at android.os.Handler.handleCallback(Handler.java:907)
11-06 14:40:54.063 24222 24256 W System.err: 	at android.os.Handler.dispatchMessage(Handler.java:105)
11-06 14:40:54.064 24222 24256 W System.err: 	at android.os.Looper.loop(Looper.java:216)
11-06 14:40:54.064 24222 24256 W System.err: 	at android.os.HandlerThread.run(HandlerThread.java:65)
11-06 14:40:54.096 24222 24256 W System.err: java.net.SocketException: Message too long
11-06 14:40:54.097 24222 24256 W System.err: 	at sun.nio.ch.DatagramChannelImpl.send0(Native Method)
11-06 14:40:54.097 24222 24256 W System.err: 	at sun.nio.ch.DatagramChannelImpl.sendFromNativeBuffer(DatagramChannelImpl.java:573)
11-06 14:40:54.097 24222 24256 W System.err: 	at sun.nio.ch.DatagramChannelImpl.send(DatagramChannelImpl.java:550)
11-06 14:40:54.097 24222 24256 W System.err: 	at sun.nio.ch.DatagramChannelImpl.send(DatagramChannelImpl.java:514)
11-06 14:40:54.097 24222 24256 W System.err: 	at symlab.CloudAR.network.TransmissionTask.run(TransmissionTask.java:124)
11-06 14:40:54.097 24222 24256 W System.err: 	at android.os.Handler.handleCallback(Handler.java:907)
11-06 14:40:54.097 24222 24256 W System.err: 	at android.os.Handler.dispatchMessage(Handler.java:105)
11-06 14:40:54.097 24222 24256 W System.err: 	at android.os.Looper.loop(Looper.java:216)
11-06 14:40:54.097 24222 24256 W System.err: 	at android.os.HandlerThread.run(HandlerThread.java:65)
11-06 14:40:54.135 24222 24256 W System.err: java.net.SocketException: Message too long
11-06 14:40:54.135 24222 24256 W System.err: 	at sun.nio.ch.DatagramChannelImpl.send0(Native Method)
11-06 14:40:54.135 24222 24256 W System.err: 	at sun.nio.ch.DatagramChannelImpl.sendFromNativeBuffer(DatagramChannelImpl.java:573)
11-06 14:40:54.135 24222 24256 W System.err: 	at sun.nio.ch.DatagramChannelImpl.send(DatagramChannelImpl.java:550)
11-06 14:40:54.135 24222 24256 W System.err: 	at sun.nio.ch.DatagramChannelImpl.send(DatagramChannelImpl.java:514)
11-06 14:40:54.135 24222 24256 W System.err: 	at symlab.CloudAR.network.TransmissionTask.run(TransmissionTask.java:124)
11-06 14:40:54.135 24222 24256 W System.err: 	at android.os.Handler.handleCallback(Handler.java:907)
11-06 14:40:54.135 24222 24256 W System.err: 	at android.os.Handler.dispatchMessage(Handler.java:105)
11-06 14:40:54.136 24222 24256 W System.err: 	at android.os.Looper.loop(Looper.java:216)
11-06 14:40:54.136 24222 24256 W System.err: 	at android.os.HandlerThread.run(HandlerThread.java:65)
11-06 14:40:54.165 24222 24256 W System.err: java.net.SocketException: Message too long
11-06 14:40:54.165 24222 24256 W System.err: 	at sun.nio.ch.DatagramChannelImpl.send0(Native Method)
11-06 14:40:54.165 24222 24256 W System.err: 	at sun.nio.ch.DatagramChannelImpl.sendFromNativeBuffer(DatagramChannelImpl.java:573)
11-06 14:40:54.165 24222 24256 W System.err: 	at sun.nio.ch.DatagramChannelImpl.send(DatagramChannelImpl.java:550)
11-06 14:40:54.165 24222 24256 W System.err: 	at sun.nio.ch.DatagramChannelImpl.send(DatagramChannelImpl.java:514)
11-06 14:40:54.165 24222 24256 W System.err: 	at symlab.CloudAR.network.TransmissionTask.run(TransmissionTask.java:124)
11-06 14:40:54.165 24222 24256 W System.err: 	at android.os.Handler.handleCallback(Handler.java:907)
11-06 14:40:54.165 24222 24256 W System.err: 	at android.os.Handler.dispatchMessage(Handler.java:105)
11-06 14:40:54.165 24222 24256 W System.err: 	at android.os.Looper.loop(Looper.java:216)
11-06 14:40:54.165 24222 24256 W System.err: 	at android.os.HandlerThread.run(HandlerThread.java:65)
11-06 14:40:54.166 24222 24256 D Evaluation: 0 res for frame 54 received at 1573044054166
11-06 14:40:54.184 24222 24256 W System.err: java.net.SocketException: Message too long
11-06 14:40:54.185 24222 24256 W System.err: 	at sun.nio.ch.DatagramChannelImpl.send0(Native Method)
11-06 14:40:54.185 24222 24256 W System.err: 	at sun.nio.ch.DatagramChannelImpl.sendFromNativeBuffer(DatagramChannelImpl.java:573)
11-06 14:40:54.185 24222 24256 W System.err: 	at sun.nio.ch.DatagramChannelImpl.send(DatagramChannelImpl.java:550)
11-06 14:40:54.185 24222 24256 W System.err: 	at sun.nio.ch.DatagramChannelImpl.send(DatagramChannelImpl.java:514)
11-06 14:40:54.185 24222 24256 W System.err: 	at symlab.CloudAR.network.TransmissionTask.run(TransmissionTask.java:124)
11-06 14:40:54.185 24222 24256 W System.err: 	at android.os.Handler.handleCallback(Handler.java:907)
11-06 14:40:54.185 24222 24256 W System.err: 	at android.os.Handler.dispatchMessage(Handler.java:105)
11-06 14:40:54.185 24222 24256 W System.err: 	at android.os.Looper.loop(Looper.java:216)
11-06 14:40:54.185 24222 24256 W System.err: 	at android.os.HandlerThread.run(HandlerThread.java:65)
11-06 14:40:54.221 24222 24256 W System.err: java.net.SocketException: Message too long
11-06 14:40:54.221 24222 24256 W System.err: 	at sun.nio.ch.DatagramChannelImpl.send0(Native Method)
11-06 14:40:54.221 24222 24256 W System.err: 	at sun.nio.ch.DatagramChannelImpl.sendFromNativeBuffer(DatagramChannelImpl.java:573)
11-06 14:40:54.221 24222 24256 W System.err: 	at sun.nio.ch.DatagramChannelImpl.send(DatagramChannelImpl.java:550)
11-06 14:40:54.221 24222 24256 W System.err: 	at sun.nio.ch.DatagramChannelImpl.send(DatagramChannelImpl.java:514)
11-06 14:40:54.221 24222 24256 W System.err: 	at symlab.CloudAR.network.TransmissionTask.run(TransmissionTask.java:124)
11-06 14:40:54.221 24222 24256 W System.err: 	at android.os.Handler.handleCallback(Handler.java:907)
11-06 14:40:54.221 24222 24256 W System.err: 	at android.os.Handler.dispatchMessage(Handler.java:105)
11-06 14:40:54.221 24222 24256 W System.err: 	at android.os.Looper.loop(Looper.java:216)
11-06 14:40:54.221 24222 24256 W System.err: 	at android.os.HandlerThread.run(HandlerThread.java:65)
11-06 14:40:54.252 24222 24256 W System.err: java.net.SocketException: Message too long
11-06 14:40:54.253 24222 24256 W System.err: 	at sun.nio.ch.DatagramChannelImpl.send0(Native Method)
11-06 14:40:54.253 24222 24256 W System.err: 	at sun.nio.ch.DatagramChannelImpl.sendFromNativeBuffer(DatagramChannelImpl.java:573)
11-06 14:40:54.253 24222 24256 W System.err: 	at sun.nio.ch.DatagramChannelImpl.send(DatagramChannelImpl.java:550)
11-06 14:40:54.253 24222 24256 W System.err: 	at sun.nio.ch.DatagramChannelImpl.send(DatagramChannelImpl.java:514)
11-06 14:40:54.253 24222 24256 W System.err: 	at symlab.CloudAR.network.TransmissionTask.run(TransmissionTask.java:124)
11-06 14:40:54.253 24222 24256 W System.err: 	at android.os.Handler.handleCallback(Handler.java:907)
11-06 14:40:54.253 24222 24256 W System.err: 	at android.os.Handler.dispatchMessage(Handler.java:105)
11-06 14:40:54.253 24222 24256 W System.err: 	at android.os.Looper.loop(Looper.java:216)
11-06 14:40:54.253 24222 24256 W System.err: 	at android.os.HandlerThread.run(HandlerThread.java:65)
11-06 14:40:54.292 24222 24256 W System.err: java.net.SocketException: Message too long
11-06 14:40:54.292 24222 24256 W System.err: 	at sun.nio.ch.DatagramChannelImpl.send0(Native Method)
11-06 14:40:54.292 24222 24256 W System.err: 	at sun.nio.ch.DatagramChannelImpl.sendFromNativeBuffer(DatagramChannelImpl.java:573)
11-06 14:40:54.292 24222 24256 W System.err: 	at sun.nio.ch.DatagramChannelImpl.send(DatagramChannelImpl.java:550)
11-06 14:40:54.292 24222 24256 W System.err: 	at sun.nio.ch.DatagramChannelImpl.send(DatagramChannelImpl.java:514)
11-06 14:40:54.292 24222 24256 W System.err: 	at symlab.CloudAR.network.TransmissionTask.run(TransmissionTask.java:124)
11-06 14:40:54.292 24222 24256 W System.err: 	at android.os.Handler.handleCallback(Handler.java:907)
11-06 14:40:54.292 24222 24256 W System.err: 	at android.os.Handler.dispatchMessage(Handler.java:105)
11-06 14:40:54.292 24222 24256 W System.err: 	at android.os.Looper.loop(Looper.java:216)
11-06 14:40:54.292 24222 24256 W System.err: 	at android.os.HandlerThread.run(HandlerThread.java:65)
11-06 14:40:54.318 24222 24256 W System.err: java.net.SocketException: Message too long
11-06 14:40:54.318 24222 24256 W System.err: 	at sun.nio.ch.DatagramChannelImpl.send0(Native Method)
11-06 14:40:54.319 24222 24256 W System.err: 	at sun.nio.ch.DatagramChannelImpl.sendFromNativeBuffer(DatagramChannelImpl.java:573)
11-06 14:40:54.319 24222 24256 W System.err: 	at sun.nio.ch.DatagramChannelImpl.send(DatagramChannelImpl.java:550)
11-06 14:40:54.319 24222 24256 W System.err: 	at sun.nio.ch.DatagramChannelImpl.send(DatagramChannelImpl.java:514)
11-06 14:40:54.319 24222 24256 W System.err: 	at symlab.CloudAR.network.TransmissionTask.run(TransmissionTask.java:124)
11-06 14:40:54.319 24222 24256 W System.err: 	at android.os.Handler.handleCallback(Handler.java:907)
11-06 14:40:54.319 24222 24256 W System.err: 	at android.os.Handler.dispatchMessage(Handler.java:105)
11-06 14:40:54.319 24222 24256 W System.err: 	at android.os.Looper.loop(Looper.java:216)
11-06 14:40:54.319 24222 24256 W System.err: 	at android.os.HandlerThread.run(HandlerThread.java:65)
11-06 14:40:54.359 24222 24256 W System.err: java.net.SocketException: Message too long
11-06 14:40:54.359 24222 24256 W System.err: 	at sun.nio.ch.DatagramChannelImpl.send0(Native Method)
11-06 14:40:54.359 24222 24256 W System.err: 	at sun.nio.ch.DatagramChannelImpl.sendFromNativeBuffer(DatagramChannelImpl.java:573)
11-06 14:40:54.359 24222 24256 W System.err: 	at sun.nio.ch.DatagramChannelImpl.send(DatagramChannelImpl.java:550)
11-06 14:40:54.359 24222 24256 W System.err: 	at sun.nio.ch.DatagramChannelImpl.send(DatagramChannelImpl.java:514)
11-06 14:40:54.359 24222 24256 W System.err: 	at symlab.CloudAR.network.TransmissionTask.run(TransmissionTask.java:124)
11-06 14:40:54.359 24222 24256 W System.err: 	at android.os.Handler.handleCallback(Handler.java:907)
11-06 14:40:54.359 24222 24256 W System.err: 	at android.os.Handler.dispatchMessage(Handler.java:105)
11-06 14:40:54.359 24222 24256 W System.err: 	at android.os.Looper.loop(Looper.java:216)
11-06 14:40:54.359 24222 24256 W System.err: 	at android.os.HandlerThread.run(HandlerThread.java:65)
11-06 14:40:54.392 24222 24256 W System.err: java.net.SocketException: Message too long
11-06 14:40:54.393 24222 24256 W System.err: 	at sun.nio.ch.DatagramChannelImpl.send0(Native Method)
11-06 14:40:54.393 24222 24256 W System.err: 	at sun.nio.ch.DatagramChannelImpl.sendFromNativeBuffer(DatagramChannelImpl.java:573)
11-06 14:40:54.393 24222 24256 W System.err: 	at sun.nio.ch.DatagramChannelImpl.send(DatagramChannelImpl.java:550)
11-06 14:40:54.393 24222 24256 W System.err: 	at sun.nio.ch.DatagramChannelImpl.send(DatagramChannelImpl.java:514)
11-06 14:40:54.393 24222 24256 W System.err: 	at symlab.CloudAR.network.TransmissionTask.run(TransmissionTask.java:124)
11-06 14:40:54.393 24222 24256 W System.err: 	at android.os.Handler.handleCallback(Handler.java:907)
11-06 14:40:54.393 24222 24256 W System.err: 	at android.os.Handler.dispatchMessage(Handler.java:105)
11-06 14:40:54.393 24222 24256 W System.err: 	at android.os.Looper.loop(Looper.java:216)
11-06 14:40:54.393 24222 24256 W System.err: 	at android.os.HandlerThread.run(HandlerThread.java:65)
11-06 14:40:54.472 24222 24256 W System.err: java.net.SocketException: Message too long
11-06 14:40:54.472 24222 24256 W System.err: 	at sun.nio.ch.DatagramChannelImpl.send0(Native Method)
11-06 14:40:54.472 24222 24256 W System.err: 	at sun.nio.ch.DatagramChannelImpl.sendFromNativeBuffer(DatagramChannelImpl.java:573)
11-06 14:40:54.472 24222 24256 W System.err: 	at sun.nio.ch.DatagramChannelImpl.send(DatagramChannelImpl.java:550)
11-06 14:40:54.472 24222 24256 W System.err: 	at sun.nio.ch.DatagramChannelImpl.send(DatagramChannelImpl.java:514)
11-06 14:40:54.472 24222 24256 W System.err: 	at symlab.CloudAR.network.TransmissionTask.run(TransmissionTask.java:124)
11-06 14:40:54.472 24222 24256 W System.err: 	at android.os.Handler.handleCallback(Handler.java:907)
11-06 14:40:54.472 24222 24256 W System.err: 	at android.os.Handler.dispatchMessage(Handler.java:105)
11-06 14:40:54.472 24222 24256 W System.err: 	at android.os.Looper.loop(Looper.java:216)
11-06 14:40:54.472 24222 24256 W System.err: 	at android.os.HandlerThread.run(HandlerThread.java:65)
11-06 14:40:54.505 24222 24256 W System.err: java.net.SocketException: Message too long
11-06 14:40:54.505 24222 24256 W System.err: 	at sun.nio.ch.DatagramChannelImpl.send0(Native Method)
11-06 14:40:54.505 24222 24256 W System.err: 	at sun.nio.ch.DatagramChannelImpl.sendFromNativeBuffer(DatagramChannelImpl.java:573)
11-06 14:40:54.505 24222 24256 W System.err: 	at sun.nio.ch.DatagramChannelImpl.send(DatagramChannelImpl.java:550)
11-06 14:40:54.505 24222 24256 W System.err: 	at sun.nio.ch.DatagramChannelImpl.send(DatagramChannelImpl.java:514)
11-06 14:40:54.505 24222 24256 W System.err: 	at symlab.CloudAR.network.TransmissionTask.run(TransmissionTask.java:124)
11-06 14:40:54.505 24222 24256 W System.err: 	at android.os.Handler.handleCallback(Handler.java:907)
11-06 14:40:54.505 24222 24256 W System.err: 	at android.os.Handler.dispatchMessage(Handler.java:105)
11-06 14:40:54.505 24222 24256 W System.err: 	at android.os.Looper.loop(Looper.java:216)
11-06 14:40:54.505 24222 24256 W System.err: 	at android.os.HandlerThread.run(HandlerThread.java:65)
11-06 14:40:54.525 24222 24256 W System.err: java.net.SocketException: Message too long
11-06 14:40:54.525 24222 24256 W System.err: 	at sun.nio.ch.DatagramChannelImpl.send0(Native Method)
11-06 14:40:54.526 24222 24256 W System.err: 	at sun.nio.ch.DatagramChannelImpl.sendFromNativeBuffer(DatagramChannelImpl.java:573)
11-06 14:40:54.526 24222 24256 W System.err: 	at sun.nio.ch.DatagramChannelImpl.send(DatagramChannelImpl.java:550)
11-06 14:40:54.526 24222 24256 W System.err: 	at sun.nio.ch.DatagramChannelImpl.send(DatagramChannelImpl.java:514)
11-06 14:40:54.526 24222 24256 W System.err: 	at symlab.CloudAR.network.TransmissionTask.run(TransmissionTask.java:124)
11-06 14:40:54.526 24222 24256 W System.err: 	at android.os.Handler.handleCallback(Handler.java:907)
11-06 14:40:54.526 24222 24256 W System.err: 	at android.os.Handler.dispatchMessage(Handler.java:105)
11-06 14:40:54.526 24222 24256 W System.err: 	at android.os.Looper.loop(Looper.java:216)
11-06 14:40:54.526 24222 24256 W System.err: 	at android.os.HandlerThread.run(HandlerThread.java:65)
11-06 14:40:54.558 24222 24256 W System.err: java.net.SocketException: Message too long
11-06 14:40:54.558 24222 24256 W System.err: 	at sun.nio.ch.DatagramChannelImpl.send0(Native Method)
11-06 14:40:54.558 24222 24256 W System.err: 	at sun.nio.ch.DatagramChannelImpl.sendFromNativeBuffer(DatagramChannelImpl.java:573)
11-06 14:40:54.558 24222 24256 W System.err: 	at sun.nio.ch.DatagramChannelImpl.send(DatagramChannelImpl.java:550)
11-06 14:40:54.558 24222 24256 W System.err: 	at sun.nio.ch.DatagramChannelImpl.send(DatagramChannelImpl.java:514)
11-06 14:40:54.558 24222 24256 W System.err: 	at symlab.CloudAR.network.TransmissionTask.run(TransmissionTask.java:124)
11-06 14:40:54.558 24222 24256 W System.err: 	at android.os.Handler.handleCallback(Handler.java:907)
11-06 14:40:54.558 24222 24256 W System.err: 	at android.os.Handler.dispatchMessage(Handler.java:105)
11-06 14:40:54.558 24222 24256 W System.err: 	at android.os.Looper.loop(Looper.java:216)
11-06 14:40:54.558 24222 24256 W System.err: 	at android.os.HandlerThread.run(HandlerThread.java:65)
11-06 14:40:54.599 24222 24256 W System.err: java.net.SocketException: Message too long
11-06 14:40:54.599 24222 24256 W System.err: 	at sun.nio.ch.DatagramChannelImpl.send0(Native Method)
11-06 14:40:54.599 24222 24256 W System.err: 	at sun.nio.ch.DatagramChannelImpl.sendFromNativeBuffer(DatagramChannelImpl.java:573)
11-06 14:40:54.599 24222 24256 W System.err: 	at sun.nio.ch.DatagramChannelImpl.send(DatagramChannelImpl.java:550)
11-06 14:40:54.599 24222 24256 W System.err: 	at sun.nio.ch.DatagramChannelImpl.send(DatagramChannelImpl.java:514)
11-06 14:40:54.599 24222 24256 W System.err: 	at symlab.CloudAR.network.TransmissionTask.run(TransmissionTask.java:124)
11-06 14:40:54.599 24222 24256 W System.err: 	at android.os.Handler.handleCallback(Handler.java:907)
11-06 14:40:54.599 24222 24256 W System.err: 	at android.os.Handler.dispatchMessage(Handler.java:105)
11-06 14:40:54.599 24222 24256 W System.err: 	at android.os.Looper.loop(Looper.java:216)
11-06 14:40:54.599 24222 24256 W System.err: 	at android.os.HandlerThread.run(HandlerThread.java:65)
11-06 14:40:54.628 24222 24256 W System.err: java.net.SocketException: Message too long
11-06 14:40:54.628 24222 24256 W System.err: 	at sun.nio.ch.DatagramChannelImpl.send0(Native Method)
11-06 14:40:54.628 24222 24256 W System.err: 	at sun.nio.ch.DatagramChannelImpl.sendFromNativeBuffer(DatagramChannelImpl.java:573)
11-06 14:40:54.628 24222 24256 W System.err: 	at sun.nio.ch.DatagramChannelImpl.send(DatagramChannelImpl.java:550)
11-06 14:40:54.628 24222 24256 W System.err: 	at sun.nio.ch.DatagramChannelImpl.send(DatagramChannelImpl.java:514)
11-06 14:40:54.628 24222 24256 W System.err: 	at symlab.CloudAR.network.TransmissionTask.run(TransmissionTask.java:124)
11-06 14:40:54.628 24222 24256 W System.err: 	at android.os.Handler.handleCallback(Handler.java:907)
11-06 14:40:54.628 24222 24256 W System.err: 	at android.os.Handler.dispatchMessage(Handler.java:105)
11-06 14:40:54.628 24222 24256 W System.err: 	at android.os.Looper.loop(Looper.java:216)
11-06 14:40:54.628 24222 24256 W System.err: 	at android.os.HandlerThread.run(HandlerThread.java:65)
11-06 14:40:54.668 24222 24234 E         : [ZeroHung]zrhung_get_config: Get config failed for wp[0x0008]
11-06 14:40:54.669 24222 24256 W System.err: java.net.SocketException: Message too long
11-06 14:40:54.669 24222 24256 W System.err: 	at sun.nio.ch.DatagramChannelImpl.send0(Native Method)
11-06 14:40:54.669 24222 24256 W System.err: 	at sun.nio.ch.DatagramChannelImpl.sendFromNativeBuffer(DatagramChannelImpl.java:573)
11-06 14:40:54.669 24222 24256 W System.err: 	at sun.nio.ch.DatagramChannelImpl.send(DatagramChannelImpl.java:550)
11-06 14:40:54.669 24222 24256 W System.err: 	at sun.nio.ch.DatagramChannelImpl.send(DatagramChannelImpl.java:514)
11-06 14:40:54.669 24222 24256 W System.err: 	at symlab.CloudAR.network.TransmissionTask.run(TransmissionTask.java:124)
11-06 14:40:54.669 24222 24256 W System.err: 	at android.os.Handler.handleCallback(Handler.java:907)
11-06 14:40:54.669 24222 24256 W System.err: 	at android.os.Handler.dispatchMessage(Handler.java:105)
11-06 14:40:54.669 24222 24256 W System.err: 	at android.os.Looper.loop(Looper.java:216)
11-06 14:40:54.669 24222 24256 W System.err: 	at android.os.HandlerThread.run(HandlerThread.java:65)
11-06 14:40:54.682 24222 24232 W System  : A resource failed to call close. 
11-06 14:40:54.682 24222 24232 W System  : A resource failed to call close. 
11-06 14:40:54.682 24222 24232 W System  : A resource failed to call close. 
11-06 14:40:54.682 24222 24232 W System  : A resource failed to call close. 
11-06 14:40:54.734 24222 24256 D Evaluation: Frame 82 sent at 1573044054734
11-06 14:40:54.809 24222 24256 D Evaluation: Frame 83 sent at 1573044054809
11-06 14:40:54.848 24222 24256 D Evaluation: Frame 84 sent at 1573044054848
11-06 14:40:54.859 24222 24222 D Poster  : At 1573044054859 location is 65.05836597084577 (latitude), and 25.466848570340638 (longitude)
11-06 14:40:54.862 24222 24222 D Poster  : Connected to mobile network 20
11-06 14:40:54.875 24222 24256 D Evaluation: Frame 86 sent at 1573044054875
11-06 14:40:54.892 24222 24256 W System.err: java.net.SocketException: Message too long
11-06 14:40:54.892 24222 24256 W System.err: 	at sun.nio.ch.DatagramChannelImpl.send0(Native Method)
11-06 14:40:54.892 24222 24256 W System.err: 	at sun.nio.ch.DatagramChannelImpl.sendFromNativeBuffer(DatagramChannelImpl.java:573)
11-06 14:40:54.892 24222 24256 W System.err: 	at sun.nio.ch.DatagramChannelImpl.send(DatagramChannelImpl.java:550)
11-06 14:40:54.892 24222 24256 W System.err: 	at sun.nio.ch.DatagramChannelImpl.send(DatagramChannelImpl.java:514)
11-06 14:40:54.892 24222 24256 W System.err: 	at symlab.CloudAR.network.TransmissionTask.run(TransmissionTask.java:124)
11-06 14:40:54.892 24222 24256 W System.err: 	at android.os.Handler.handleCallback(Handler.java:907)
11-06 14:40:54.892 24222 24256 W System.err: 	at android.os.Handler.dispatchMessage(Handler.java:105)
11-06 14:40:54.892 24222 24256 W System.err: 	at android.os.Looper.loop(Looper.java:216)
11-06 14:40:54.892 24222 24256 W System.err: 	at android.os.HandlerThread.run(HandlerThread.java:65)
11-06 14:40:54.918 24222 24256 W System.err: java.net.SocketException: Message too long
11-06 14:40:54.919 24222 24256 W System.err: 	at sun.nio.ch.DatagramChannelImpl.send0(Native Method)
11-06 14:40:54.919 24222 24256 W System.err: 	at sun.nio.ch.DatagramChannelImpl.sendFromNativeBuffer(DatagramChannelImpl.java:573)
11-06 14:40:54.919 24222 24256 W System.err: 	at sun.nio.ch.DatagramChannelImpl.send(DatagramChannelImpl.java:550)
11-06 14:40:54.919 24222 24256 W System.err: 	at sun.nio.ch.DatagramChannelImpl.send(DatagramChannelImpl.java:514)
11-06 14:40:54.919 24222 24256 W System.err: 	at symlab.CloudAR.network.TransmissionTask.run(TransmissionTask.java:124)
11-06 14:40:54.919 24222 24256 W System.err: 	at android.os.Handler.handleCallback(Handler.java:907)
11-06 14:40:54.919 24222 24256 W System.err: 	at android.os.Handler.dispatchMessage(Handler.java:105)
11-06 14:40:54.919 24222 24256 W System.err: 	at android.os.Looper.loop(Looper.java:216)
11-06 14:40:54.919 24222 24256 W System.err: 	at android.os.HandlerThread.run(HandlerThread.java:65)
11-06 14:40:54.959 24222 24256 W System.err: java.net.SocketException: Message too long
11-06 14:40:54.959 24222 24256 W System.err: 	at sun.nio.ch.DatagramChannelImpl.send0(Native Method)
11-06 14:40:54.959 24222 24256 W System.err: 	at sun.nio.ch.DatagramChannelImpl.sendFromNativeBuffer(DatagramChannelImpl.java:573)
11-06 14:40:54.959 24222 24256 W System.err: 	at sun.nio.ch.DatagramChannelImpl.send(DatagramChannelImpl.java:550)
11-06 14:40:54.959 24222 24256 W System.err: 	at sun.nio.ch.DatagramChannelImpl.send(DatagramChannelImpl.java:514)
11-06 14:40:54.959 24222 24256 W System.err: 	at symlab.CloudAR.network.TransmissionTask.run(TransmissionTask.java:124)
11-06 14:40:54.959 24222 24256 W System.err: 	at android.os.Handler.handleCallback(Handler.java:907)
11-06 14:40:54.959 24222 24256 W System.err: 	at android.os.Handler.dispatchMessage(Handler.java:105)
11-06 14:40:54.959 24222 24256 W System.err: 	at android.os.Looper.loop(Looper.java:216)
11-06 14:40:54.959 24222 24256 W System.err: 	at android.os.HandlerThread.run(HandlerThread.java:65)
11-06 14:40:54.999 24222 24256 W System.err: java.net.SocketException: Message too long
11-06 14:40:54.999 24222 24256 W System.err: 	at sun.nio.ch.DatagramChannelImpl.send0(Native Method)
11-06 14:40:54.999 24222 24256 W System.err: 	at sun.nio.ch.DatagramChannelImpl.sendFromNativeBuffer(DatagramChannelImpl.java:573)
11-06 14:40:54.999 24222 24256 W System.err: 	at sun.nio.ch.DatagramChannelImpl.send(DatagramChannelImpl.java:550)
11-06 14:40:54.999 24222 24256 W System.err: 	at sun.nio.ch.DatagramChannelImpl.send(DatagramChannelImpl.java:514)
11-06 14:40:54.999 24222 24256 W System.err: 	at symlab.CloudAR.network.TransmissionTask.run(TransmissionTask.java:124)
11-06 14:40:54.999 24222 24256 W System.err: 	at android.os.Handler.handleCallback(Handler.java:907)
11-06 14:40:54.999 24222 24256 W System.err: 	at android.os.Handler.dispatchMessage(Handler.java:105)
11-06 14:40:54.999 24222 24256 W System.err: 	at android.os.Looper.loop(Looper.java:216)
11-06 14:40:54.999 24222 24256 W System.err: 	at android.os.HandlerThread.run(HandlerThread.java:65)
11-06 14:40:55.000 24222 24256 D Evaluation: 0 res for frame 82 received at 1573044055000
11-06 14:40:55.032 24222 24256 D Evaluation: Frame 90 sent at 1573044055032
11-06 14:40:55.064 24222 24256 D Evaluation: Frame 91 sent at 1573044055064
11-06 14:40:55.097 24222 24256 D Evaluation: Frame 92 sent at 1573044055097
11-06 14:40:55.141 24222 24256 D Evaluation: Frame 93 sent at 1573044055141
11-06 14:40:55.168 24222 24256 D Evaluation: Frame 94 sent at 1573044055168
11-06 14:40:55.202 24222 24256 D Evaluation: Frame 95 sent at 1573044055202
11-06 14:40:55.203 24222 24256 D Evaluation: 0 res for frame 83 received at 1573044055203
11-06 14:40:55.230 24222 24256 D Evaluation: Frame 96 sent at 1573044055230
11-06 14:40:55.265 24222 24256 D Evaluation: Frame 97 sent at 1573044055265
11-06 14:40:55.294 24222 24256 D Evaluation: Frame 98 sent at 1573044055293
11-06 14:40:55.359 24222 24256 D Evaluation: Frame 100 sent at 1573044055359
11-06 14:40:55.384 24222 24256 D Evaluation: Frame 100 sent at 1573044055384
11-06 14:40:55.415 24222 24256 D Evaluation: Frame 101 sent at 1573044055415
11-06 14:40:55.449 24222 24256 D Evaluation: Frame 102 sent at 1573044055448
11-06 14:40:55.478 24222 24256 D Evaluation: Frame 103 sent at 1573044055478
11-06 14:40:55.508 24222 24256 D Evaluation: Frame 104 sent at 1573044055508
11-06 14:40:55.545 24222 24256 D Evaluation: Frame 105 sent at 1573044055545
11-06 14:40:55.567 24222 24256 D Evaluation: Frame 106 sent at 1573044055567
11-06 14:40:55.598 24222 24256 D Evaluation: Frame 107 sent at 1573044055598
11-06 14:40:55.638 24222 24256 D Evaluation: Frame 108 sent at 1573044055638
11-06 14:40:55.687 24222 24256 D Evaluation: Frame 109 sent at 1573044055687
11-06 14:40:55.716 24222 24256 D Evaluation: Frame 110 sent at 1573044055716
11-06 14:40:55.774 24222 24256 D Evaluation: Frame 111 sent at 1573044055774
11-06 14:40:55.822 24222 24256 D Evaluation: Frame 112 sent at 1573044055822
11-06 14:40:55.848 24222 24256 D Evaluation: Frame 113 sent at 1573044055848
11-06 14:40:55.882 24222 24256 D Evaluation: Frame 114 sent at 1573044055882
11-06 14:40:55.915 24222 24256 D Evaluation: Frame 115 sent at 1573044055915
11-06 14:40:55.946 24222 24256 D Evaluation: Frame 116 sent at 1573044055946
11-06 14:40:55.976 24222 24256 D Evaluation: Frame 117 sent at 1573044055976
11-06 14:40:56.011 24222 24256 D Evaluation: Frame 118 sent at 1573044056011
11-06 14:40:56.041 24222 24256 D Evaluation: Frame 119 sent at 1573044056041
11-06 14:40:56.083 24222 24256 D Evaluation: Frame 120 sent at 1573044056083
11-06 14:40:56.123 24222 24234 E         : [ZeroHung]zrhung_get_config: Get config failed for wp[0x0008]
11-06 14:40:56.124 24222 24256 D Evaluation: Frame 121 sent at 1573044056124
11-06 14:40:56.150 24222 24256 D Evaluation: Frame 123 sent at 1573044056150
11-06 14:40:56.156 24222 24232 W System  : A resource failed to call close. 
11-06 14:40:56.156 24222 24232 I chatty  : uid=10149(symlab.cloudridar.arhud) FinalizerDaemon identical 2 lines
11-06 14:40:56.156 24222 24232 W System  : A resource failed to call close. 
11-06 14:40:56.169 24222 24256 D Evaluation: Frame 123 sent at 1573044056169
11-06 14:40:56.197 24222 24256 D Evaluation: Frame 124 sent at 1573044056197
11-06 14:40:56.206 24222 24222 D Poster  : At 1573044056206 location is 65.05843909677694 (latitude), and 25.466779296486386 (longitude)
11-06 14:40:56.208 24222 24222 D Poster  : Connected to mobile network 20
11-06 14:40:56.241 24222 24256 D Evaluation: Frame 125 sent at 1573044056241
11-06 14:40:56.268 24222 24256 D Evaluation: Frame 126 sent at 1573044056268
11-06 14:40:56.308 24222 24256 D Evaluation: Frame 127 sent at 1573044056308
11-06 14:40:56.349 24222 24256 D Evaluation: Frame 128 sent at 1573044056349
11-06 14:40:56.379 24222 24256 D Evaluation: Frame 129 sent at 1573044056379
11-06 14:40:56.452 24222 24256 D Evaluation: Frame 130 sent at 1573044056452
11-06 14:40:56.454 24222 24222 I AwareBitmapCacher: init lrucache size: 2097152 pid=24222
11-06 14:40:56.483 24222 24256 D Evaluation: Frame 131 sent at 1573044056483
11-06 14:40:56.521 24222 24256 D Evaluation: Frame 132 sent at 1573044056521
11-06 14:40:56.539 24222 24256 D Evaluation: Frame 133 sent at 1573044056539
11-06 14:40:56.590 24222 24256 D Evaluation: Frame 134 sent at 1573044056590
11-06 14:40:56.619 24222 24256 D Evaluation: Frame 135 sent at 1573044056619
11-06 14:40:56.645 24222 24256 D Evaluation: Frame 136 sent at 1573044056645
11-06 14:40:56.689 24222 24256 W System.err: java.net.SocketException: Message too long
11-06 14:40:56.689 24222 24256 W System.err: 	at sun.nio.ch.DatagramChannelImpl.send0(Native Method)
11-06 14:40:56.689 24222 24256 W System.err: 	at sun.nio.ch.DatagramChannelImpl.sendFromNativeBuffer(DatagramChannelImpl.java:573)
11-06 14:40:56.690 24222 24256 W System.err: 	at sun.nio.ch.DatagramChannelImpl.send(DatagramChannelImpl.java:550)
11-06 14:40:56.690 24222 24256 W System.err: 	at sun.nio.ch.DatagramChannelImpl.send(DatagramChannelImpl.java:514)
11-06 14:40:56.690 24222 24256 W System.err: 	at symlab.CloudAR.network.TransmissionTask.run(TransmissionTask.java:124)
11-06 14:40:56.690 24222 24256 W System.err: 	at android.os.Handler.handleCallback(Handler.java:907)
11-06 14:40:56.690 24222 24256 W System.err: 	at android.os.Handler.dispatchMessage(Handler.java:105)
11-06 14:40:56.690 24222 24256 W System.err: 	at android.os.Looper.loop(Looper.java:216)
11-06 14:40:56.690 24222 24256 W System.err: 	at android.os.HandlerThread.run(HandlerThread.java:65)
11-06 14:40:56.756 24222 24256 W System.err: java.net.SocketException: Message too long
11-06 14:40:56.756 24222 24256 W System.err: 	at sun.nio.ch.DatagramChannelImpl.send0(Native Method)
11-06 14:40:56.756 24222 24256 W System.err: 	at sun.nio.ch.DatagramChannelImpl.sendFromNativeBuffer(DatagramChannelImpl.java:573)
11-06 14:40:56.757 24222 24256 W System.err: 	at sun.nio.ch.DatagramChannelImpl.send(DatagramChannelImpl.java:550)
11-06 14:40:56.757 24222 24256 W System.err: 	at sun.nio.ch.DatagramChannelImpl.send(DatagramChannelImpl.java:514)
11-06 14:40:56.757 24222 24256 W System.err: 	at symlab.CloudAR.network.TransmissionTask.run(TransmissionTask.java:124)
11-06 14:40:56.757 24222 24256 W System.err: 	at android.os.Handler.handleCallback(Handler.java:907)
11-06 14:40:56.757 24222 24256 W System.err: 	at android.os.Handler.dispatchMessage(Handler.java:105)
11-06 14:40:56.757 24222 24256 W System.err: 	at android.os.Looper.loop(Looper.java:216)
11-06 14:40:56.757 24222 24256 W System.err: 	at android.os.HandlerThread.run(HandlerThread.java:65)
11-06 14:40:56.791 24222 24256 W System.err: java.net.SocketException: Message too long
11-06 14:40:56.792 24222 24256 W System.err: 	at sun.nio.ch.DatagramChannelImpl.send0(Native Method)
11-06 14:40:56.792 24222 24256 W System.err: 	at sun.nio.ch.DatagramChannelImpl.sendFromNativeBuffer(DatagramChannelImpl.java:573)
11-06 14:40:56.792 24222 24256 W System.err: 	at sun.nio.ch.DatagramChannelImpl.send(DatagramChannelImpl.java:550)
11-06 14:40:56.792 24222 24256 W System.err: 	at sun.nio.ch.DatagramChannelImpl.send(DatagramChannelImpl.java:514)
11-06 14:40:56.792 24222 24256 W System.err: 	at symlab.CloudAR.network.TransmissionTask.run(TransmissionTask.java:124)
11-06 14:40:56.792 24222 24256 W System.err: 	at android.os.Handler.handleCallback(Handler.java:907)
11-06 14:40:56.792 24222 24256 W System.err: 	at android.os.Handler.dispatchMessage(Handler.java:105)
11-06 14:40:56.792 24222 24256 W System.err: 	at android.os.Looper.loop(Looper.java:216)
11-06 14:40:56.792 24222 24256 W System.err: 	at android.os.HandlerThread.run(HandlerThread.java:65)
11-06 14:40:56.818 24222 24256 W System.err: java.net.SocketException: Message too long
11-06 14:40:56.818 24222 24256 W System.err: 	at sun.nio.ch.DatagramChannelImpl.send0(Native Method)
11-06 14:40:56.818 24222 24256 W System.err: 	at sun.nio.ch.DatagramChannelImpl.sendFromNativeBuffer(DatagramChannelImpl.java:573)
11-06 14:40:56.818 24222 24256 W System.err: 	at sun.nio.ch.DatagramChannelImpl.send(DatagramChannelImpl.java:550)
11-06 14:40:56.818 24222 24256 W System.err: 	at sun.nio.ch.DatagramChannelImpl.send(DatagramChannelImpl.java:514)
11-06 14:40:56.818 24222 24256 W System.err: 	at symlab.CloudAR.network.TransmissionTask.run(TransmissionTask.java:124)
11-06 14:40:56.818 24222 24256 W System.err: 	at android.os.Handler.handleCallback(Handler.java:907)
11-06 14:40:56.818 24222 24256 W System.err: 	at android.os.Handler.dispatchMessage(Handler.java:105)
11-06 14:40:56.818 24222 24256 W System.err: 	at android.os.Looper.loop(Looper.java:216)
11-06 14:40:56.818 24222 24256 W System.err: 	at android.os.HandlerThread.run(HandlerThread.java:65)
11-06 14:40:56.846 24222 24256 W System.err: java.net.SocketException: Message too long
11-06 14:40:56.846 24222 24256 W System.err: 	at sun.nio.ch.DatagramChannelImpl.send0(Native Method)
11-06 14:40:56.846 24222 24256 W System.err: 	at sun.nio.ch.DatagramChannelImpl.sendFromNativeBuffer(DatagramChannelImpl.java:573)
11-06 14:40:56.846 24222 24256 W System.err: 	at sun.nio.ch.DatagramChannelImpl.send(DatagramChannelImpl.java:550)
11-06 14:40:56.846 24222 24256 W System.err: 	at sun.nio.ch.DatagramChannelImpl.send(DatagramChannelImpl.java:514)
11-06 14:40:56.846 24222 24256 W System.err: 	at symlab.CloudAR.network.TransmissionTask.run(TransmissionTask.java:124)
11-06 14:40:56.846 24222 24256 W System.err: 	at android.os.Handler.handleCallback(Handler.java:907)
11-06 14:40:56.846 24222 24256 W System.err: 	at android.os.Handler.dispatchMessage(Handler.java:105)
11-06 14:40:56.846 24222 24256 W System.err: 	at android.os.Looper.loop(Looper.java:216)
11-06 14:40:56.846 24222 24256 W System.err: 	at android.os.HandlerThread.run(HandlerThread.java:65)
11-06 14:40:56.891 24222 24256 W System.err: java.net.SocketException: Message too long
11-06 14:40:56.891 24222 24256 W System.err: 	at sun.nio.ch.DatagramChannelImpl.send0(Native Method)
11-06 14:40:56.891 24222 24256 W System.err: 	at sun.nio.ch.DatagramChannelImpl.sendFromNativeBuffer(DatagramChannelImpl.java:573)
11-06 14:40:56.891 24222 24256 W System.err: 	at sun.nio.ch.DatagramChannelImpl.send(DatagramChannelImpl.java:550)
11-06 14:40:56.891 24222 24256 W System.err: 	at sun.nio.ch.DatagramChannelImpl.send(DatagramChannelImpl.java:514)
11-06 14:40:56.891 24222 24256 W System.err: 	at symlab.CloudAR.network.TransmissionTask.run(TransmissionTask.java:124)
11-06 14:40:56.891 24222 24256 W System.err: 	at android.os.Handler.handleCallback(Handler.java:907)
11-06 14:40:56.891 24222 24256 W System.err: 	at android.os.Handler.dispatchMessage(Handler.java:105)
11-06 14:40:56.891 24222 24256 W System.err: 	at android.os.Looper.loop(Looper.java:216)
11-06 14:40:56.891 24222 24256 W System.err: 	at android.os.HandlerThread.run(HandlerThread.java:65)
11-06 14:40:56.922 24222 24256 W System.err: java.net.SocketException: Message too long
11-06 14:40:56.922 24222 24256 W System.err: 	at sun.nio.ch.DatagramChannelImpl.send0(Native Method)
11-06 14:40:56.922 24222 24256 W System.err: 	at sun.nio.ch.DatagramChannelImpl.sendFromNativeBuffer(DatagramChannelImpl.java:573)
11-06 14:40:56.922 24222 24256 W System.err: 	at sun.nio.ch.DatagramChannelImpl.send(DatagramChannelImpl.java:550)
11-06 14:40:56.922 24222 24256 W System.err: 	at sun.nio.ch.DatagramChannelImpl.send(DatagramChannelImpl.java:514)
11-06 14:40:56.922 24222 24256 W System.err: 	at symlab.CloudAR.network.TransmissionTask.run(TransmissionTask.java:124)
11-06 14:40:56.922 24222 24256 W System.err: 	at android.os.Handler.handleCallback(Handler.java:907)
11-06 14:40:56.922 24222 24256 W System.err: 	at android.os.Handler.dispatchMessage(Handler.java:105)
11-06 14:40:56.922 24222 24256 W System.err: 	at android.os.Looper.loop(Looper.java:216)
11-06 14:40:56.922 24222 24256 W System.err: 	at android.os.HandlerThread.run(HandlerThread.java:65)
11-06 14:40:56.948 24222 24256 W System.err: java.net.SocketException: Message too long
11-06 14:40:56.949 24222 24256 W System.err: 	at sun.nio.ch.DatagramChannelImpl.send0(Native Method)
11-06 14:40:56.949 24222 24256 W System.err: 	at sun.nio.ch.DatagramChannelImpl.sendFromNativeBuffer(DatagramChannelImpl.java:573)
11-06 14:40:56.949 24222 24256 W System.err: 	at sun.nio.ch.DatagramChannelImpl.send(DatagramChannelImpl.java:550)
11-06 14:40:56.949 24222 24256 W System.err: 	at sun.nio.ch.DatagramChannelImpl.send(DatagramChannelImpl.java:514)
11-06 14:40:56.949 24222 24256 W System.err: 	at symlab.CloudAR.network.TransmissionTask.run(TransmissionTask.java:124)
11-06 14:40:56.949 24222 24256 W System.err: 	at android.os.Handler.handleCallback(Handler.java:907)
11-06 14:40:56.949 24222 24256 W System.err: 	at android.os.Handler.dispatchMessage(Handler.java:105)
11-06 14:40:56.949 24222 24256 W System.err: 	at android.os.Looper.loop(Looper.java:216)
11-06 14:40:56.949 24222 24256 W System.err: 	at android.os.HandlerThread.run(HandlerThread.java:65)
11-06 14:40:56.982 24222 24256 W System.err: java.net.SocketException: Message too long
11-06 14:40:56.982 24222 24256 W System.err: 	at sun.nio.ch.DatagramChannelImpl.send0(Native Method)
11-06 14:40:56.983 24222 24256 W System.err: 	at sun.nio.ch.DatagramChannelImpl.sendFromNativeBuffer(DatagramChannelImpl.java:573)
11-06 14:40:56.983 24222 24256 W System.err: 	at sun.nio.ch.DatagramChannelImpl.send(DatagramChannelImpl.java:550)
11-06 14:40:56.983 24222 24256 W System.err: 	at sun.nio.ch.DatagramChannelImpl.send(DatagramChannelImpl.java:514)
11-06 14:40:56.983 24222 24256 W System.err: 	at symlab.CloudAR.network.TransmissionTask.run(TransmissionTask.java:124)
11-06 14:40:56.983 24222 24256 W System.err: 	at android.os.Handler.handleCallback(Handler.java:907)
11-06 14:40:56.983 24222 24256 W System.err: 	at android.os.Handler.dispatchMessage(Handler.java:105)
11-06 14:40:56.983 24222 24256 W System.err: 	at android.os.Looper.loop(Looper.java:216)
11-06 14:40:56.983 24222 24256 W System.err: 	at android.os.HandlerThread.run(HandlerThread.java:65)
11-06 14:40:57.017 24222 24256 W System.err: java.net.SocketException: Message too long
11-06 14:40:57.017 24222 24256 W System.err: 	at sun.nio.ch.DatagramChannelImpl.send0(Native Method)
11-06 14:40:57.017 24222 24256 W System.err: 	at sun.nio.ch.DatagramChannelImpl.sendFromNativeBuffer(DatagramChannelImpl.java:573)
11-06 14:40:57.017 24222 24256 W System.err: 	at sun.nio.ch.DatagramChannelImpl.send(DatagramChannelImpl.java:550)
11-06 14:40:57.017 24222 24256 W System.err: 	at sun.nio.ch.DatagramChannelImpl.send(DatagramChannelImpl.java:514)
11-06 14:40:57.018 24222 24256 W System.err: 	at symlab.CloudAR.network.TransmissionTask.run(TransmissionTask.java:124)
11-06 14:40:57.018 24222 24256 W System.err: 	at android.os.Handler.handleCallback(Handler.java:907)
11-06 14:40:57.018 24222 24256 W System.err: 	at android.os.Handler.dispatchMessage(Handler.java:105)
11-06 14:40:57.018 24222 24256 W System.err: 	at android.os.Looper.loop(Looper.java:216)
11-06 14:40:57.018 24222 24256 W System.err: 	at android.os.HandlerThread.run(HandlerThread.java:65)
11-06 14:40:57.058 24222 24256 W System.err: java.net.SocketException: Message too long
11-06 14:40:57.058 24222 24256 W System.err: 	at sun.nio.ch.DatagramChannelImpl.send0(Native Method)
11-06 14:40:57.058 24222 24256 W System.err: 	at sun.nio.ch.DatagramChannelImpl.sendFromNativeBuffer(DatagramChannelImpl.java:573)
11-06 14:40:57.058 24222 24256 W System.err: 	at sun.nio.ch.DatagramChannelImpl.send(DatagramChannelImpl.java:550)
11-06 14:40:57.058 24222 24256 W System.err: 	at sun.nio.ch.DatagramChannelImpl.send(DatagramChannelImpl.java:514)
11-06 14:40:57.058 24222 24256 W System.err: 	at symlab.CloudAR.network.TransmissionTask.run(TransmissionTask.java:124)
11-06 14:40:57.058 24222 24256 W System.err: 	at android.os.Handler.handleCallback(Handler.java:907)
11-06 14:40:57.058 24222 24256 W System.err: 	at android.os.Handler.dispatchMessage(Handler.java:105)
11-06 14:40:57.058 24222 24256 W System.err: 	at android.os.Looper.loop(Looper.java:216)
11-06 14:40:57.058 24222 24256 W System.err: 	at android.os.HandlerThread.run(HandlerThread.java:65)
11-06 14:40:57.096 24222 24256 W System.err: java.net.SocketException: Message too long
11-06 14:40:57.096 24222 24256 W System.err: 	at sun.nio.ch.DatagramChannelImpl.send0(Native Method)
11-06 14:40:57.096 24222 24256 W System.err: 	at sun.nio.ch.DatagramChannelImpl.sendFromNativeBuffer(DatagramChannelImpl.java:573)
11-06 14:40:57.096 24222 24256 W System.err: 	at sun.nio.ch.DatagramChannelImpl.send(DatagramChannelImpl.java:550)
11-06 14:40:57.096 24222 24256 W System.err: 	at sun.nio.ch.DatagramChannelImpl.send(DatagramChannelImpl.java:514)
11-06 14:40:57.096 24222 24256 W System.err: 	at symlab.CloudAR.network.TransmissionTask.run(TransmissionTask.java:124)
11-06 14:40:57.096 24222 24256 W System.err: 	at android.os.Handler.handleCallback(Handler.java:907)
11-06 14:40:57.096 24222 24256 W System.err: 	at android.os.Handler.dispatchMessage(Handler.java:105)
11-06 14:40:57.096 24222 24256 W System.err: 	at android.os.Looper.loop(Looper.java:216)
11-06 14:40:57.096 24222 24256 W System.err: 	at android.os.HandlerThread.run(HandlerThread.java:65)
11-06 14:40:57.127 24222 24256 W System.err: java.net.SocketException: Message too long
11-06 14:40:57.127 24222 24256 W System.err: 	at sun.nio.ch.DatagramChannelImpl.send0(Native Method)
