11-06 13:24:27.241 15242 15275 W System.err: 	at sun.nio.ch.DatagramChannelImpl.send(DatagramChannelImpl.java:514)
11-06 13:24:27.241 15242 15275 W System.err: 	at symlab.CloudAR.network.TransmissionTask.run(TransmissionTask.java:124)
11-06 13:24:27.241 15242 15275 W System.err: 	at android.os.Handler.handleCallback(Handler.java:907)
11-06 13:24:27.241 15242 15275 W System.err: 	at android.os.Handler.dispatchMessage(Handler.java:105)
11-06 13:24:27.241 15242 15275 W System.err: 	at android.os.Looper.loop(Looper.java:216)
11-06 13:24:27.241 15242 15275 W System.err: 	at android.os.HandlerThread.run(HandlerThread.java:65)
11-06 13:24:27.286 15242 15275 W System.err: java.net.SocketException: Message too long
11-06 13:24:27.286 15242 15275 W System.err: 	at sun.nio.ch.DatagramChannelImpl.send0(Native Method)
11-06 13:24:27.286 15242 15275 W System.err: 	at sun.nio.ch.DatagramChannelImpl.sendFromNativeBuffer(DatagramChannelImpl.java:573)
11-06 13:24:27.286 15242 15275 W System.err: 	at sun.nio.ch.DatagramChannelImpl.send(DatagramChannelImpl.java:550)
11-06 13:24:27.286 15242 15275 W System.err: 	at sun.nio.ch.DatagramChannelImpl.send(DatagramChannelImpl.java:514)
11-06 13:24:27.286 15242 15275 W System.err: 	at symlab.CloudAR.network.TransmissionTask.run(TransmissionTask.java:124)
11-06 13:24:27.286 15242 15275 W System.err: 	at android.os.Handler.handleCallback(Handler.java:907)
11-06 13:24:27.286 15242 15275 W System.err: 	at android.os.Handler.dispatchMessage(Handler.java:105)
11-06 13:24:27.286 15242 15275 W System.err: 	at android.os.Looper.loop(Looper.java:216)
11-06 13:24:27.286 15242 15275 W System.err: 	at android.os.HandlerThread.run(HandlerThread.java:65)
11-06 13:24:27.288 15242 15275 D Evaluation: 0 res for frame 306 received at 1573039467288
11-06 13:24:27.327 15242 15275 W System.err: java.net.SocketException: Message too long
11-06 13:24:27.327 15242 15275 W System.err: 	at sun.nio.ch.DatagramChannelImpl.send0(Native Method)
11-06 13:24:27.327 15242 15275 W System.err: 	at sun.nio.ch.DatagramChannelImpl.sendFromNativeBuffer(DatagramChannelImpl.java:573)
11-06 13:24:27.327 15242 15275 W System.err: 	at sun.nio.ch.DatagramChannelImpl.send(DatagramChannelImpl.java:550)
11-06 13:24:27.327 15242 15275 W System.err: 	at sun.nio.ch.DatagramChannelImpl.send(DatagramChannelImpl.java:514)
11-06 13:24:27.327 15242 15275 W System.err: 	at symlab.CloudAR.network.TransmissionTask.run(TransmissionTask.java:124)
11-06 13:24:27.327 15242 15275 W System.err: 	at android.os.Handler.handleCallback(Handler.java:907)
11-06 13:24:27.327 15242 15275 W System.err: 	at android.os.Handler.dispatchMessage(Handler.java:105)
11-06 13:24:27.327 15242 15275 W System.err: 	at android.os.Looper.loop(Looper.java:216)
11-06 13:24:27.327 15242 15275 W System.err: 	at android.os.HandlerThread.run(HandlerThread.java:65)
11-06 13:24:27.356 15242 15275 D Evaluation: Frame 319 sent at 1573039467356
11-06 13:24:27.386 15242 15275 D Evaluation: Frame 320 sent at 1573039467385
11-06 13:24:27.433 15242 15275 W System.err: java.net.SocketException: Message too long
11-06 13:24:27.433 15242 15275 W System.err: 	at sun.nio.ch.DatagramChannelImpl.send0(Native Method)
11-06 13:24:27.433 15242 15275 W System.err: 	at sun.nio.ch.DatagramChannelImpl.sendFromNativeBuffer(DatagramChannelImpl.java:573)
11-06 13:24:27.433 15242 15275 W System.err: 	at sun.nio.ch.DatagramChannelImpl.send(DatagramChannelImpl.java:550)
11-06 13:24:27.433 15242 15275 W System.err: 	at sun.nio.ch.DatagramChannelImpl.send(DatagramChannelImpl.java:514)
11-06 13:24:27.433 15242 15275 W System.err: 	at symlab.CloudAR.network.TransmissionTask.run(TransmissionTask.java:124)
11-06 13:24:27.433 15242 15275 W System.err: 	at android.os.Handler.handleCallback(Handler.java:907)
11-06 13:24:27.433 15242 15275 W System.err: 	at android.os.Handler.dispatchMessage(Handler.java:105)
11-06 13:24:27.433 15242 15275 W System.err: 	at android.os.Looper.loop(Looper.java:216)
11-06 13:24:27.433 15242 15275 W System.err: 	at android.os.HandlerThread.run(HandlerThread.java:65)
11-06 13:24:27.457 15242 15275 W System.err: java.net.SocketException: Message too long
11-06 13:24:27.457 15242 15275 W System.err: 	at sun.nio.ch.DatagramChannelImpl.send0(Native Method)
11-06 13:24:27.457 15242 15275 W System.err: 	at sun.nio.ch.DatagramChannelImpl.sendFromNativeBuffer(DatagramChannelImpl.java:573)
11-06 13:24:27.457 15242 15275 W System.err: 	at sun.nio.ch.DatagramChannelImpl.send(DatagramChannelImpl.java:550)
11-06 13:24:27.457 15242 15275 W System.err: 	at sun.nio.ch.DatagramChannelImpl.send(DatagramChannelImpl.java:514)
11-06 13:24:27.457 15242 15275 W System.err: 	at symlab.CloudAR.network.TransmissionTask.run(TransmissionTask.java:124)
11-06 13:24:27.457 15242 15275 W System.err: 	at android.os.Handler.handleCallback(Handler.java:907)
11-06 13:24:27.457 15242 15275 W System.err: 	at android.os.Handler.dispatchMessage(Handler.java:105)
11-06 13:24:27.457 15242 15275 W System.err: 	at android.os.Looper.loop(Looper.java:216)
11-06 13:24:27.457 15242 15275 W System.err: 	at android.os.HandlerThread.run(HandlerThread.java:65)
11-06 13:24:27.491 15242 15275 D Evaluation: Frame 323 sent at 1573039467491
11-06 13:24:27.525 15242 15275 D Evaluation: Frame 324 sent at 1573039467525
11-06 13:24:27.555 15242 15275 W System.err: java.net.SocketException: Message too long
11-06 13:24:27.555 15242 15275 W System.err: 	at sun.nio.ch.DatagramChannelImpl.send0(Native Method)
11-06 13:24:27.555 15242 15275 W System.err: 	at sun.nio.ch.DatagramChannelImpl.sendFromNativeBuffer(DatagramChannelImpl.java:573)
11-06 13:24:27.555 15242 15275 W System.err: 	at sun.nio.ch.DatagramChannelImpl.send(DatagramChannelImpl.java:550)
11-06 13:24:27.555 15242 15275 W System.err: 	at sun.nio.ch.DatagramChannelImpl.send(DatagramChannelImpl.java:514)
11-06 13:24:27.555 15242 15275 W System.err: 	at symlab.CloudAR.network.TransmissionTask.run(TransmissionTask.java:124)
11-06 13:24:27.555 15242 15275 W System.err: 	at android.os.Handler.handleCallback(Handler.java:907)
11-06 13:24:27.555 15242 15275 W System.err: 	at android.os.Handler.dispatchMessage(Handler.java:105)
11-06 13:24:27.555 15242 15275 W System.err: 	at android.os.Looper.loop(Looper.java:216)
11-06 13:24:27.555 15242 15275 W System.err: 	at android.os.HandlerThread.run(HandlerThread.java:65)
11-06 13:24:27.591 15242 15275 W System.err: java.net.SocketException: Message too long
11-06 13:24:27.591 15242 15275 W System.err: 	at sun.nio.ch.DatagramChannelImpl.send0(Native Method)
11-06 13:24:27.591 15242 15275 W System.err: 	at sun.nio.ch.DatagramChannelImpl.sendFromNativeBuffer(DatagramChannelImpl.java:573)
11-06 13:24:27.591 15242 15275 W System.err: 	at sun.nio.ch.DatagramChannelImpl.send(DatagramChannelImpl.java:550)
11-06 13:24:27.591 15242 15275 W System.err: 	at sun.nio.ch.DatagramChannelImpl.send(DatagramChannelImpl.java:514)
11-06 13:24:27.591 15242 15275 W System.err: 	at symlab.CloudAR.network.TransmissionTask.run(TransmissionTask.java:124)
11-06 13:24:27.591 15242 15275 W System.err: 	at android.os.Handler.handleCallback(Handler.java:907)
11-06 13:24:27.591 15242 15275 W System.err: 	at android.os.Handler.dispatchMessage(Handler.java:105)
11-06 13:24:27.591 15242 15275 W System.err: 	at android.os.Looper.loop(Looper.java:216)
11-06 13:24:27.591 15242 15275 W System.err: 	at android.os.HandlerThread.run(HandlerThread.java:65)
11-06 13:24:27.620 15242 15275 D Evaluation: Frame 327 sent at 1573039467620
11-06 13:24:27.659 15242 15275 D Evaluation: Frame 328 sent at 1573039467659
11-06 13:24:27.661 15242 15275 D Evaluation: 0 res for frame 319 received at 1573039467661
11-06 13:24:27.704 15242 15275 D Evaluation: Frame 329 sent at 1573039467704
11-06 13:24:27.734 15242 15275 D Evaluation: Frame 330 sent at 1573039467734
11-06 13:24:27.763 15242 15275 D Evaluation: Frame 331 sent at 1573039467763
11-06 13:24:27.787 15242 15275 W System.err: java.net.SocketException: Message too long
11-06 13:24:27.787 15242 15275 W System.err: 	at sun.nio.ch.DatagramChannelImpl.send0(Native Method)
11-06 13:24:27.787 15242 15275 W System.err: 	at sun.nio.ch.DatagramChannelImpl.sendFromNativeBuffer(DatagramChannelImpl.java:573)
11-06 13:24:27.787 15242 15275 W System.err: 	at sun.nio.ch.DatagramChannelImpl.send(DatagramChannelImpl.java:550)
11-06 13:24:27.787 15242 15275 W System.err: 	at sun.nio.ch.DatagramChannelImpl.send(DatagramChannelImpl.java:514)
11-06 13:24:27.787 15242 15275 W System.err: 	at symlab.CloudAR.network.TransmissionTask.run(TransmissionTask.java:124)
11-06 13:24:27.787 15242 15275 W System.err: 	at android.os.Handler.handleCallback(Handler.java:907)
11-06 13:24:27.787 15242 15275 W System.err: 	at android.os.Handler.dispatchMessage(Handler.java:105)
11-06 13:24:27.787 15242 15275 W System.err: 	at android.os.Looper.loop(Looper.java:216)
11-06 13:24:27.787 15242 15275 W System.err: 	at android.os.HandlerThread.run(HandlerThread.java:65)
11-06 13:24:27.823 15242 15275 W System.err: java.net.SocketException: Message too long
11-06 13:24:27.823 15242 15275 W System.err: 	at sun.nio.ch.DatagramChannelImpl.send0(Native Method)
11-06 13:24:27.823 15242 15275 W System.err: 	at sun.nio.ch.DatagramChannelImpl.sendFromNativeBuffer(DatagramChannelImpl.java:573)
11-06 13:24:27.823 15242 15275 W System.err: 	at sun.nio.ch.DatagramChannelImpl.send(DatagramChannelImpl.java:550)
11-06 13:24:27.823 15242 15275 W System.err: 	at sun.nio.ch.DatagramChannelImpl.send(DatagramChannelImpl.java:514)
11-06 13:24:27.823 15242 15275 W System.err: 	at symlab.CloudAR.network.TransmissionTask.run(TransmissionTask.java:124)
11-06 13:24:27.823 15242 15275 W System.err: 	at android.os.Handler.handleCallback(Handler.java:907)
11-06 13:24:27.823 15242 15275 W System.err: 	at android.os.Handler.dispatchMessage(Handler.java:105)
11-06 13:24:27.823 15242 15275 W System.err: 	at android.os.Looper.loop(Looper.java:216)
11-06 13:24:27.823 15242 15275 W System.err: 	at android.os.HandlerThread.run(HandlerThread.java:65)
11-06 13:24:27.863 15242 15275 W System.err: java.net.SocketException: Message too long
11-06 13:24:27.863 15242 15275 W System.err: 	at sun.nio.ch.DatagramChannelImpl.send0(Native Method)
11-06 13:24:27.863 15242 15275 W System.err: 	at sun.nio.ch.DatagramChannelImpl.sendFromNativeBuffer(DatagramChannelImpl.java:573)
11-06 13:24:27.863 15242 15275 W System.err: 	at sun.nio.ch.DatagramChannelImpl.send(DatagramChannelImpl.java:550)
11-06 13:24:27.863 15242 15275 W System.err: 	at sun.nio.ch.DatagramChannelImpl.send(DatagramChannelImpl.java:514)
11-06 13:24:27.863 15242 15275 W System.err: 	at symlab.CloudAR.network.TransmissionTask.run(TransmissionTask.java:124)
11-06 13:24:27.863 15242 15275 W System.err: 	at android.os.Handler.handleCallback(Handler.java:907)
11-06 13:24:27.863 15242 15275 W System.err: 	at android.os.Handler.dispatchMessage(Handler.java:105)
11-06 13:24:27.863 15242 15275 W System.err: 	at android.os.Looper.loop(Looper.java:216)
11-06 13:24:27.863 15242 15275 W System.err: 	at android.os.HandlerThread.run(HandlerThread.java:65)
11-06 13:24:27.865 15242 15275 D Evaluation: 0 res for frame 320 received at 1573039467865
11-06 13:24:27.890 15242 15275 D Evaluation: Frame 335 sent at 1573039467890
11-06 13:24:27.919 15242 15275 D Evaluation: Frame 336 sent at 1573039467919
11-06 13:24:27.957 15242 15253 E         : [ZeroHung]zrhung_get_config: Get config failed for wp[0x0008]
11-06 13:24:27.957 15242 15275 D Evaluation: Frame 337 sent at 1573039467957
11-06 13:24:27.977 15242 15251 W System  : A resource failed to call close. 
11-06 13:24:27.979 15242 15251 I chatty  : uid=10149(symlab.cloudridar.arhud) FinalizerDaemon identical 4 lines
11-06 13:24:27.979 15242 15251 W System  : A resource failed to call close. 
11-06 13:24:28.017 15242 15275 D Evaluation: Frame 339 sent at 1573039468017
11-06 13:24:28.040 15242 15242 D Poster  : At 1573039468040 location is 65.06012303328612 (latitude), and 25.466736584090192 (longitude)
11-06 13:24:28.042 15242 15242 D Poster  : Connected to mobile network 20
11-06 13:24:28.047 15242 15275 W System.err: java.net.SocketException: Message too long
11-06 13:24:28.047 15242 15275 W System.err: 	at sun.nio.ch.DatagramChannelImpl.send0(Native Method)
11-06 13:24:28.047 15242 15275 W System.err: 	at sun.nio.ch.DatagramChannelImpl.sendFromNativeBuffer(DatagramChannelImpl.java:573)
11-06 13:24:28.047 15242 15275 W System.err: 	at sun.nio.ch.DatagramChannelImpl.send(DatagramChannelImpl.java:550)
11-06 13:24:28.047 15242 15275 W System.err: 	at sun.nio.ch.DatagramChannelImpl.send(DatagramChannelImpl.java:514)
11-06 13:24:28.047 15242 15275 W System.err: 	at symlab.CloudAR.network.TransmissionTask.run(TransmissionTask.java:124)
11-06 13:24:28.047 15242 15275 W System.err: 	at android.os.Handler.handleCallback(Handler.java:907)
11-06 13:24:28.047 15242 15275 W System.err: 	at android.os.Handler.dispatchMessage(Handler.java:105)
11-06 13:24:28.047 15242 15275 W System.err: 	at android.os.Looper.loop(Looper.java:216)
11-06 13:24:28.047 15242 15275 W System.err: 	at android.os.HandlerThread.run(HandlerThread.java:65)
11-06 13:24:28.079 15242 15275 W System.err: java.net.SocketException: Message too long
11-06 13:24:28.079 15242 15275 W System.err: 	at sun.nio.ch.DatagramChannelImpl.send0(Native Method)
11-06 13:24:28.079 15242 15275 W System.err: 	at sun.nio.ch.DatagramChannelImpl.sendFromNativeBuffer(DatagramChannelImpl.java:573)
11-06 13:24:28.079 15242 15275 W System.err: 	at sun.nio.ch.DatagramChannelImpl.send(DatagramChannelImpl.java:550)
11-06 13:24:28.079 15242 15275 W System.err: 	at sun.nio.ch.DatagramChannelImpl.send(DatagramChannelImpl.java:514)
11-06 13:24:28.079 15242 15275 W System.err: 	at symlab.CloudAR.network.TransmissionTask.run(TransmissionTask.java:124)
11-06 13:24:28.079 15242 15275 W System.err: 	at android.os.Handler.handleCallback(Handler.java:907)
11-06 13:24:28.079 15242 15275 W System.err: 	at android.os.Handler.dispatchMessage(Handler.java:105)
11-06 13:24:28.079 15242 15275 W System.err: 	at android.os.Looper.loop(Looper.java:216)
11-06 13:24:28.079 15242 15275 W System.err: 	at android.os.HandlerThread.run(HandlerThread.java:65)
11-06 13:24:28.126 15242 15275 W System.err: java.net.SocketException: Message too long
11-06 13:24:28.126 15242 15275 W System.err: 	at sun.nio.ch.DatagramChannelImpl.send0(Native Method)
11-06 13:24:28.126 15242 15275 W System.err: 	at sun.nio.ch.DatagramChannelImpl.sendFromNativeBuffer(DatagramChannelImpl.java:573)
11-06 13:24:28.126 15242 15275 W System.err: 	at sun.nio.ch.DatagramChannelImpl.send(DatagramChannelImpl.java:550)
11-06 13:24:28.126 15242 15275 W System.err: 	at sun.nio.ch.DatagramChannelImpl.send(DatagramChannelImpl.java:514)
11-06 13:24:28.126 15242 15275 W System.err: 	at symlab.CloudAR.network.TransmissionTask.run(TransmissionTask.java:124)
11-06 13:24:28.126 15242 15275 W System.err: 	at android.os.Handler.handleCallback(Handler.java:907)
11-06 13:24:28.126 15242 15275 W System.err: 	at android.os.Handler.dispatchMessage(Handler.java:105)
11-06 13:24:28.126 15242 15275 W System.err: 	at android.os.Looper.loop(Looper.java:216)
11-06 13:24:28.126 15242 15275 W System.err: 	at android.os.HandlerThread.run(HandlerThread.java:65)
11-06 13:24:28.165 15242 15275 D Evaluation: Frame 342 sent at 1573039468165
11-06 13:24:28.200 15242 15275 D Evaluation: Frame 343 sent at 1573039468200
11-06 13:24:28.236 15242 15275 W System.err: java.net.SocketException: Message too long
11-06 13:24:28.237 15242 15275 W System.err: 	at sun.nio.ch.DatagramChannelImpl.send0(Native Method)
11-06 13:24:28.237 15242 15275 W System.err: 	at sun.nio.ch.DatagramChannelImpl.sendFromNativeBuffer(DatagramChannelImpl.java:573)
11-06 13:24:28.237 15242 15275 W System.err: 	at sun.nio.ch.DatagramChannelImpl.send(DatagramChannelImpl.java:550)
11-06 13:24:28.237 15242 15275 W System.err: 	at sun.nio.ch.DatagramChannelImpl.send(DatagramChannelImpl.java:514)
11-06 13:24:28.237 15242 15275 W System.err: 	at symlab.CloudAR.network.TransmissionTask.run(TransmissionTask.java:124)
11-06 13:24:28.237 15242 15275 W System.err: 	at android.os.Handler.handleCallback(Handler.java:907)
11-06 13:24:28.237 15242 15275 W System.err: 	at android.os.Handler.dispatchMessage(Handler.java:105)
11-06 13:24:28.237 15242 15275 W System.err: 	at android.os.Looper.loop(Looper.java:216)
11-06 13:24:28.237 15242 15275 W System.err: 	at android.os.HandlerThread.run(HandlerThread.java:65)
11-06 13:24:28.260 15242 15275 W System.err: java.net.SocketException: Message too long
11-06 13:24:28.260 15242 15275 W System.err: 	at sun.nio.ch.DatagramChannelImpl.send0(Native Method)
11-06 13:24:28.260 15242 15275 W System.err: 	at sun.nio.ch.DatagramChannelImpl.sendFromNativeBuffer(DatagramChannelImpl.java:573)
11-06 13:24:28.260 15242 15275 W System.err: 	at sun.nio.ch.DatagramChannelImpl.send(DatagramChannelImpl.java:550)
11-06 13:24:28.260 15242 15275 W System.err: 	at sun.nio.ch.DatagramChannelImpl.send(DatagramChannelImpl.java:514)
11-06 13:24:28.260 15242 15275 W System.err: 	at symlab.CloudAR.network.TransmissionTask.run(TransmissionTask.java:124)
11-06 13:24:28.260 15242 15275 W System.err: 	at android.os.Handler.handleCallback(Handler.java:907)
11-06 13:24:28.260 15242 15275 W System.err: 	at android.os.Handler.dispatchMessage(Handler.java:105)
11-06 13:24:28.260 15242 15275 W System.err: 	at android.os.Looper.loop(Looper.java:216)
11-06 13:24:28.260 15242 15275 W System.err: 	at android.os.HandlerThread.run(HandlerThread.java:65)
11-06 13:24:28.306 15242 15275 W System.err: java.net.SocketException: Message too long
11-06 13:24:28.306 15242 15275 W System.err: 	at sun.nio.ch.DatagramChannelImpl.send0(Native Method)
11-06 13:24:28.306 15242 15275 W System.err: 	at sun.nio.ch.DatagramChannelImpl.sendFromNativeBuffer(DatagramChannelImpl.java:573)
11-06 13:24:28.306 15242 15275 W System.err: 	at sun.nio.ch.DatagramChannelImpl.send(DatagramChannelImpl.java:550)
11-06 13:24:28.306 15242 15275 W System.err: 	at sun.nio.ch.DatagramChannelImpl.send(DatagramChannelImpl.java:514)
11-06 13:24:28.306 15242 15275 W System.err: 	at symlab.CloudAR.network.TransmissionTask.run(TransmissionTask.java:124)
11-06 13:24:28.306 15242 15275 W System.err: 	at android.os.Handler.handleCallback(Handler.java:907)
11-06 13:24:28.306 15242 15275 W System.err: 	at android.os.Handler.dispatchMessage(Handler.java:105)
11-06 13:24:28.306 15242 15275 W System.err: 	at android.os.Looper.loop(Looper.java:216)
11-06 13:24:28.306 15242 15275 W System.err: 	at android.os.HandlerThread.run(HandlerThread.java:65)
11-06 13:24:28.378 15242 15275 W System.err: java.net.SocketException: Message too long
11-06 13:24:28.378 15242 15275 W System.err: 	at sun.nio.ch.DatagramChannelImpl.send0(Native Method)
11-06 13:24:28.378 15242 15275 W System.err: 	at sun.nio.ch.DatagramChannelImpl.sendFromNativeBuffer(DatagramChannelImpl.java:573)
11-06 13:24:28.378 15242 15275 W System.err: 	at sun.nio.ch.DatagramChannelImpl.send(DatagramChannelImpl.java:550)
11-06 13:24:28.378 15242 15275 W System.err: 	at sun.nio.ch.DatagramChannelImpl.send(DatagramChannelImpl.java:514)
11-06 13:24:28.378 15242 15275 W System.err: 	at symlab.CloudAR.network.TransmissionTask.run(TransmissionTask.java:124)
11-06 13:24:28.378 15242 15275 W System.err: 	at android.os.Handler.handleCallback(Handler.java:907)
11-06 13:24:28.378 15242 15275 W System.err: 	at android.os.Handler.dispatchMessage(Handler.java:105)
11-06 13:24:28.378 15242 15275 W System.err: 	at android.os.Looper.loop(Looper.java:216)
11-06 13:24:28.378 15242 15275 W System.err: 	at android.os.HandlerThread.run(HandlerThread.java:65)
11-06 13:24:28.407 15242 15275 W System.err: java.net.SocketException: Message too long
11-06 13:24:28.407 15242 15275 W System.err: 	at sun.nio.ch.DatagramChannelImpl.send0(Native Method)
11-06 13:24:28.407 15242 15275 W System.err: 	at sun.nio.ch.DatagramChannelImpl.sendFromNativeBuffer(DatagramChannelImpl.java:573)
11-06 13:24:28.407 15242 15275 W System.err: 	at sun.nio.ch.DatagramChannelImpl.send(DatagramChannelImpl.java:550)
11-06 13:24:28.407 15242 15275 W System.err: 	at sun.nio.ch.DatagramChannelImpl.send(DatagramChannelImpl.java:514)
11-06 13:24:28.407 15242 15275 W System.err: 	at symlab.CloudAR.network.TransmissionTask.run(TransmissionTask.java:124)
11-06 13:24:28.407 15242 15275 W System.err: 	at android.os.Handler.handleCallback(Handler.java:907)
11-06 13:24:28.407 15242 15275 W System.err: 	at android.os.Handler.dispatchMessage(Handler.java:105)
11-06 13:24:28.407 15242 15275 W System.err: 	at android.os.Looper.loop(Looper.java:216)
11-06 13:24:28.407 15242 15275 W System.err: 	at android.os.HandlerThread.run(HandlerThread.java:65)
11-06 13:24:28.437 15242 15275 W System.err: java.net.SocketException: Message too long
11-06 13:24:28.437 15242 15275 W System.err: 	at sun.nio.ch.DatagramChannelImpl.send0(Native Method)
11-06 13:24:28.437 15242 15275 W System.err: 	at sun.nio.ch.DatagramChannelImpl.sendFromNativeBuffer(DatagramChannelImpl.java:573)
11-06 13:24:28.437 15242 15275 W System.err: 	at sun.nio.ch.DatagramChannelImpl.send(DatagramChannelImpl.java:550)
11-06 13:24:28.437 15242 15275 W System.err: 	at sun.nio.ch.DatagramChannelImpl.send(DatagramChannelImpl.java:514)
11-06 13:24:28.437 15242 15275 W System.err: 	at symlab.CloudAR.network.TransmissionTask.run(TransmissionTask.java:124)
11-06 13:24:28.437 15242 15275 W System.err: 	at android.os.Handler.handleCallback(Handler.java:907)
11-06 13:24:28.437 15242 15275 W System.err: 	at android.os.Handler.dispatchMessage(Handler.java:105)
11-06 13:24:28.437 15242 15275 W System.err: 	at android.os.Looper.loop(Looper.java:216)
11-06 13:24:28.437 15242 15275 W System.err: 	at android.os.HandlerThread.run(HandlerThread.java:65)
11-06 13:24:28.466 15242 15275 D Evaluation: Frame 350 sent at 1573039468466
11-06 13:24:28.497 15242 15275 D Evaluation: Frame 351 sent at 1573039468497
11-06 13:24:28.527 15242 15275 D Evaluation: Frame 352 sent at 1573039468527
11-06 13:24:28.550 15242 15275 D Evaluation: Frame 353 sent at 1573039468550
11-06 13:24:28.594 15242 15275 D Evaluation: Frame 354 sent at 1573039468594
11-06 13:24:28.642 15242 15275 D Evaluation: Frame 355 sent at 1573039468642
11-06 13:24:28.674 15242 15275 D Evaluation: Frame 356 sent at 1573039468674
11-06 13:24:28.710 15242 15275 D Evaluation: Frame 357 sent at 1573039468710
11-06 13:24:28.740 15242 15275 D Evaluation: Frame 358 sent at 1573039468740
11-06 13:24:28.775 15242 15275 D Evaluation: Frame 359 sent at 1573039468775
11-06 13:24:28.809 15242 15275 D Evaluation: Frame 360 sent at 1573039468809
11-06 13:24:28.835 15242 15275 D Evaluation: Frame 361 sent at 1573039468835
11-06 13:24:28.878 15242 15275 D Evaluation: Frame 363 sent at 1573039468878
11-06 13:24:28.898 15242 15275 D Evaluation: Frame 363 sent at 1573039468898
11-06 13:24:28.900 15242 15275 D Evaluation: 1 res for frame 350 received at 1573039468900
11-06 13:24:28.938 15242 15275 D Evaluation: Frame 364 sent at 1573039468937
11-06 13:24:28.967 15242 15275 W System.err: java.net.SocketException: Message too long
11-06 13:24:28.967 15242 15275 W System.err: 	at sun.nio.ch.DatagramChannelImpl.send0(Native Method)
11-06 13:24:28.967 15242 15275 W System.err: 	at sun.nio.ch.DatagramChannelImpl.sendFromNativeBuffer(DatagramChannelImpl.java:573)
11-06 13:24:28.967 15242 15275 W System.err: 	at sun.nio.ch.DatagramChannelImpl.send(DatagramChannelImpl.java:550)
11-06 13:24:28.967 15242 15275 W System.err: 	at sun.nio.ch.DatagramChannelImpl.send(DatagramChannelImpl.java:514)
11-06 13:24:28.967 15242 15275 W System.err: 	at symlab.CloudAR.network.TransmissionTask.run(TransmissionTask.java:124)
11-06 13:24:28.967 15242 15275 W System.err: 	at android.os.Handler.handleCallback(Handler.java:907)
11-06 13:24:28.967 15242 15275 W System.err: 	at android.os.Handler.dispatchMessage(Handler.java:105)
11-06 13:24:28.967 15242 15275 W System.err: 	at android.os.Looper.loop(Looper.java:216)
11-06 13:24:28.967 15242 15275 W System.err: 	at android.os.HandlerThread.run(HandlerThread.java:65)
11-06 13:24:29.011 15242 15275 W System.err: java.net.SocketException: Message too long
11-06 13:24:29.011 15242 15275 W System.err: 	at sun.nio.ch.DatagramChannelImpl.send0(Native Method)
11-06 13:24:29.011 15242 15275 W System.err: 	at sun.nio.ch.DatagramChannelImpl.sendFromNativeBuffer(DatagramChannelImpl.java:573)
11-06 13:24:29.011 15242 15275 W System.err: 	at sun.nio.ch.DatagramChannelImpl.send(DatagramChannelImpl.java:550)
11-06 13:24:29.011 15242 15275 W System.err: 	at sun.nio.ch.DatagramChannelImpl.send(DatagramChannelImpl.java:514)
11-06 13:24:29.011 15242 15275 W System.err: 	at symlab.CloudAR.network.TransmissionTask.run(TransmissionTask.java:124)
11-06 13:24:29.011 15242 15275 W System.err: 	at android.os.Handler.handleCallback(Handler.java:907)
11-06 13:24:29.011 15242 15275 W System.err: 	at android.os.Handler.dispatchMessage(Handler.java:105)
11-06 13:24:29.011 15242 15275 W System.err: 	at android.os.Looper.loop(Looper.java:216)
11-06 13:24:29.011 15242 15275 W System.err: 	at android.os.HandlerThread.run(HandlerThread.java:65)
11-06 13:24:29.028 15242 15242 D Poster  : At 1573039469028 location is 65.0601242722366 (latitude), and 25.466732496408667 (longitude)
11-06 13:24:29.030 15242 15242 D Poster  : Connected to mobile network 20
11-06 13:24:29.032 15242 15253 E         : [ZeroHung]zrhung_get_config: Get config failed for wp[0x0008]
11-06 13:24:29.033 15242 15275 W System.err: java.net.SocketException: Message too long
11-06 13:24:29.033 15242 15275 W System.err: 	at sun.nio.ch.DatagramChannelImpl.send0(Native Method)
11-06 13:24:29.033 15242 15275 W System.err: 	at sun.nio.ch.DatagramChannelImpl.sendFromNativeBuffer(DatagramChannelImpl.java:573)
11-06 13:24:29.033 15242 15275 W System.err: 	at sun.nio.ch.DatagramChannelImpl.send(DatagramChannelImpl.java:550)
11-06 13:24:29.033 15242 15275 W System.err: 	at sun.nio.ch.DatagramChannelImpl.send(DatagramChannelImpl.java:514)
11-06 13:24:29.033 15242 15275 W System.err: 	at symlab.CloudAR.network.TransmissionTask.run(TransmissionTask.java:124)
11-06 13:24:29.033 15242 15275 W System.err: 	at android.os.Handler.handleCallback(Handler.java:907)
11-06 13:24:29.033 15242 15275 W System.err: 	at android.os.Handler.dispatchMessage(Handler.java:105)
11-06 13:24:29.033 15242 15275 W System.err: 	at android.os.Looper.loop(Looper.java:216)
11-06 13:24:29.033 15242 15275 W System.err: 	at android.os.HandlerThread.run(HandlerThread.java:65)
11-06 13:24:29.056 15242 15251 W System  : A resource failed to call close. 
11-06 13:24:29.056 15242 15251 W System  : A resource failed to call close. 
11-06 13:24:29.069 15242 15275 D Evaluation: Frame 368 sent at 1573039469069
11-06 13:24:29.090 15242 15275 D Evaluation: Frame 369 sent at 1573039469090
11-06 13:24:29.145 15242 15275 D Evaluation: Frame 370 sent at 1573039469145
11-06 13:24:29.164 15242 15275 D Evaluation: Frame 371 sent at 1573039469164
11-06 13:24:29.201 15242 15275 W System.err: java.net.SocketException: Message too long
11-06 13:24:29.201 15242 15275 W System.err: 	at sun.nio.ch.DatagramChannelImpl.send0(Native Method)
11-06 13:24:29.201 15242 15275 W System.err: 	at sun.nio.ch.DatagramChannelImpl.sendFromNativeBuffer(DatagramChannelImpl.java:573)
11-06 13:24:29.201 15242 15275 W System.err: 	at sun.nio.ch.DatagramChannelImpl.send(DatagramChannelImpl.java:550)
11-06 13:24:29.201 15242 15275 W System.err: 	at sun.nio.ch.DatagramChannelImpl.send(DatagramChannelImpl.java:514)
11-06 13:24:29.201 15242 15275 W System.err: 	at symlab.CloudAR.network.TransmissionTask.run(TransmissionTask.java:124)
11-06 13:24:29.201 15242 15275 W System.err: 	at android.os.Handler.handleCallback(Handler.java:907)
11-06 13:24:29.201 15242 15275 W System.err: 	at android.os.Handler.dispatchMessage(Handler.java:105)
11-06 13:24:29.201 15242 15275 W System.err: 	at android.os.Looper.loop(Looper.java:216)
11-06 13:24:29.201 15242 15275 W System.err: 	at android.os.HandlerThread.run(HandlerThread.java:65)
11-06 13:24:29.231 15242 15275 D Evaluation: Frame 373 sent at 1573039469231
11-06 13:24:29.268 15242 15275 D Evaluation: Frame 374 sent at 1573039469268
11-06 13:24:29.301 15242 15275 D Evaluation: Frame 375 sent at 1573039469301
11-06 13:24:29.344 15242 15275 D Evaluation: Frame 376 sent at 1573039469344
11-06 13:24:29.381 15242 15275 W System.err: java.net.SocketException: Message too long
11-06 13:24:29.381 15242 15275 W System.err: 	at sun.nio.ch.DatagramChannelImpl.send0(Native Method)
11-06 13:24:29.381 15242 15275 W System.err: 	at sun.nio.ch.DatagramChannelImpl.sendFromNativeBuffer(DatagramChannelImpl.java:573)
11-06 13:24:29.381 15242 15275 W System.err: 	at sun.nio.ch.DatagramChannelImpl.send(DatagramChannelImpl.java:550)
11-06 13:24:29.381 15242 15275 W System.err: 	at sun.nio.ch.DatagramChannelImpl.send(DatagramChannelImpl.java:514)
11-06 13:24:29.381 15242 15275 W System.err: 	at symlab.CloudAR.network.TransmissionTask.run(TransmissionTask.java:124)
11-06 13:24:29.381 15242 15275 W System.err: 	at android.os.Handler.handleCallback(Handler.java:907)
11-06 13:24:29.381 15242 15275 W System.err: 	at android.os.Handler.dispatchMessage(Handler.java:105)
11-06 13:24:29.381 15242 15275 W System.err: 	at android.os.Looper.loop(Looper.java:216)
11-06 13:24:29.381 15242 15275 W System.err: 	at android.os.HandlerThread.run(HandlerThread.java:65)
11-06 13:24:29.414 15242 15275 W System.err: java.net.SocketException: Message too long
11-06 13:24:29.414 15242 15275 W System.err: 	at sun.nio.ch.DatagramChannelImpl.send0(Native Method)
11-06 13:24:29.414 15242 15275 W System.err: 	at sun.nio.ch.DatagramChannelImpl.sendFromNativeBuffer(DatagramChannelImpl.java:573)
11-06 13:24:29.414 15242 15275 W System.err: 	at sun.nio.ch.DatagramChannelImpl.send(DatagramChannelImpl.java:550)
11-06 13:24:29.414 15242 15275 W System.err: 	at sun.nio.ch.DatagramChannelImpl.send(DatagramChannelImpl.java:514)
11-06 13:24:29.414 15242 15275 W System.err: 	at symlab.CloudAR.network.TransmissionTask.run(TransmissionTask.java:124)
11-06 13:24:29.414 15242 15275 W System.err: 	at android.os.Handler.handleCallback(Handler.java:907)
11-06 13:24:29.414 15242 15275 W System.err: 	at android.os.Handler.dispatchMessage(Handler.java:105)
11-06 13:24:29.414 15242 15275 W System.err: 	at android.os.Looper.loop(Looper.java:216)
11-06 13:24:29.414 15242 15275 W System.err: 	at android.os.HandlerThread.run(HandlerThread.java:65)
11-06 13:24:29.441 15242 15275 W System.err: java.net.SocketException: Message too long
11-06 13:24:29.442 15242 15275 W System.err: 	at sun.nio.ch.DatagramChannelImpl.send0(Native Method)
11-06 13:24:29.442 15242 15275 W System.err: 	at sun.nio.ch.DatagramChannelImpl.sendFromNativeBuffer(DatagramChannelImpl.java:573)
11-06 13:24:29.442 15242 15275 W System.err: 	at sun.nio.ch.DatagramChannelImpl.send(DatagramChannelImpl.java:550)
11-06 13:24:29.442 15242 15275 W System.err: 	at sun.nio.ch.DatagramChannelImpl.send(DatagramChannelImpl.java:514)
11-06 13:24:29.442 15242 15275 W System.err: 	at symlab.CloudAR.network.TransmissionTask.run(TransmissionTask.java:124)
11-06 13:24:29.442 15242 15275 W System.err: 	at android.os.Handler.handleCallback(Handler.java:907)
11-06 13:24:29.442 15242 15275 W System.err: 	at android.os.Handler.dispatchMessage(Handler.java:105)
11-06 13:24:29.442 15242 15275 W System.err: 	at android.os.Looper.loop(Looper.java:216)
11-06 13:24:29.442 15242 15275 W System.err: 	at android.os.HandlerThread.run(HandlerThread.java:65)
11-06 13:24:29.478 15242 15275 W System.err: java.net.SocketException: Message too long
11-06 13:24:29.478 15242 15275 W System.err: 	at sun.nio.ch.DatagramChannelImpl.send0(Native Method)
11-06 13:24:29.478 15242 15275 W System.err: 	at sun.nio.ch.DatagramChannelImpl.sendFromNativeBuffer(DatagramChannelImpl.java:573)
11-06 13:24:29.478 15242 15275 W System.err: 	at sun.nio.ch.DatagramChannelImpl.send(DatagramChannelImpl.java:550)
11-06 13:24:29.478 15242 15275 W System.err: 	at sun.nio.ch.DatagramChannelImpl.send(DatagramChannelImpl.java:514)
11-06 13:24:29.478 15242 15275 W System.err: 	at symlab.CloudAR.network.TransmissionTask.run(TransmissionTask.java:124)
11-06 13:24:29.478 15242 15275 W System.err: 	at android.os.Handler.handleCallback(Handler.java:907)
11-06 13:24:29.478 15242 15275 W System.err: 	at android.os.Handler.dispatchMessage(Handler.java:105)
11-06 13:24:29.478 15242 15275 W System.err: 	at android.os.Looper.loop(Looper.java:216)
11-06 13:24:29.478 15242 15275 W System.err: 	at android.os.HandlerThread.run(HandlerThread.java:65)
11-06 13:24:29.506 15242 15275 D Evaluation: Frame 381 sent at 1573039469506
11-06 13:24:29.540 15242 15275 D Evaluation: Frame 382 sent at 1573039469540
11-06 13:24:29.570 15242 15275 D Evaluation: Frame 383 sent at 1573039469570
11-06 13:24:29.611 15242 15275 D Evaluation: Frame 384 sent at 1573039469611
11-06 13:24:29.647 15242 15275 W System.err: java.net.SocketException: Message too long
11-06 13:24:29.647 15242 15275 W System.err: 	at sun.nio.ch.DatagramChannelImpl.send0(Native Method)
11-06 13:24:29.647 15242 15275 W System.err: 	at sun.nio.ch.DatagramChannelImpl.sendFromNativeBuffer(DatagramChannelImpl.java:573)
11-06 13:24:29.647 15242 15275 W System.err: 	at sun.nio.ch.DatagramChannelImpl.send(DatagramChannelImpl.java:550)
11-06 13:24:29.647 15242 15275 W System.err: 	at sun.nio.ch.DatagramChannelImpl.send(DatagramChannelImpl.java:514)
11-06 13:24:29.647 15242 15275 W System.err: 	at symlab.CloudAR.network.TransmissionTask.run(TransmissionTask.java:124)
11-06 13:24:29.647 15242 15275 W System.err: 	at android.os.Handler.handleCallback(Handler.java:907)
11-06 13:24:29.647 15242 15275 W System.err: 	at android.os.Handler.dispatchMessage(Handler.java:105)
11-06 13:24:29.647 15242 15275 W System.err: 	at android.os.Looper.loop(Looper.java:216)
11-06 13:24:29.647 15242 15275 W System.err: 	at android.os.HandlerThread.run(HandlerThread.java:65)
11-06 13:24:29.676 15242 15275 W System.err: java.net.SocketException: Message too long
11-06 13:24:29.677 15242 15275 W System.err: 	at sun.nio.ch.DatagramChannelImpl.send0(Native Method)
11-06 13:24:29.677 15242 15275 W System.err: 	at sun.nio.ch.DatagramChannelImpl.sendFromNativeBuffer(DatagramChannelImpl.java:573)
11-06 13:24:29.677 15242 15275 W System.err: 	at sun.nio.ch.DatagramChannelImpl.send(DatagramChannelImpl.java:550)
11-06 13:24:29.677 15242 15275 W System.err: 	at sun.nio.ch.DatagramChannelImpl.send(DatagramChannelImpl.java:514)
11-06 13:24:29.677 15242 15275 W System.err: 	at symlab.CloudAR.network.TransmissionTask.run(TransmissionTask.java:124)
11-06 13:24:29.677 15242 15275 W System.err: 	at android.os.Handler.handleCallback(Handler.java:907)
11-06 13:24:29.677 15242 15275 W System.err: 	at android.os.Handler.dispatchMessage(Handler.java:105)
11-06 13:24:29.677 15242 15275 W System.err: 	at android.os.Looper.loop(Looper.java:216)
11-06 13:24:29.677 15242 15275 W System.err: 	at android.os.HandlerThread.run(HandlerThread.java:65)
11-06 13:24:29.718 15242 15275 W System.err: java.net.SocketException: Message too long
11-06 13:24:29.718 15242 15275 W System.err: 	at sun.nio.ch.DatagramChannelImpl.send0(Native Method)
11-06 13:24:29.718 15242 15275 W System.err: 	at sun.nio.ch.DatagramChannelImpl.sendFromNativeBuffer(DatagramChannelImpl.java:573)
11-06 13:24:29.718 15242 15275 W System.err: 	at sun.nio.ch.DatagramChannelImpl.send(DatagramChannelImpl.java:550)
11-06 13:24:29.718 15242 15275 W System.err: 	at sun.nio.ch.DatagramChannelImpl.send(DatagramChannelImpl.java:514)
11-06 13:24:29.718 15242 15275 W System.err: 	at symlab.CloudAR.network.TransmissionTask.run(TransmissionTask.java:124)
11-06 13:24:29.718 15242 15275 W System.err: 	at android.os.Handler.handleCallback(Handler.java:907)
11-06 13:24:29.718 15242 15275 W System.err: 	at android.os.Handler.dispatchMessage(Handler.java:105)
11-06 13:24:29.718 15242 15275 W System.err: 	at android.os.Looper.loop(Looper.java:216)
11-06 13:24:29.718 15242 15275 W System.err: 	at android.os.HandlerThread.run(HandlerThread.java:65)
11-06 13:24:29.742 15242 15275 W System.err: java.net.SocketException: Message too long
11-06 13:24:29.742 15242 15275 W System.err: 	at sun.nio.ch.DatagramChannelImpl.send0(Native Method)
11-06 13:24:29.742 15242 15275 W System.err: 	at sun.nio.ch.DatagramChannelImpl.sendFromNativeBuffer(DatagramChannelImpl.java:573)
11-06 13:24:29.742 15242 15275 W System.err: 	at sun.nio.ch.DatagramChannelImpl.send(DatagramChannelImpl.java:550)
11-06 13:24:29.742 15242 15275 W System.err: 	at sun.nio.ch.DatagramChannelImpl.send(DatagramChannelImpl.java:514)
11-06 13:24:29.742 15242 15275 W System.err: 	at symlab.CloudAR.network.TransmissionTask.run(TransmissionTask.java:124)
11-06 13:24:29.742 15242 15275 W System.err: 	at android.os.Handler.handleCallback(Handler.java:907)
11-06 13:24:29.743 15242 15275 W System.err: 	at android.os.Handler.dispatchMessage(Handler.java:105)
11-06 13:24:29.743 15242 15275 W System.err: 	at android.os.Looper.loop(Looper.java:216)
11-06 13:24:29.743 15242 15275 W System.err: 	at android.os.HandlerThread.run(HandlerThread.java:65)
11-06 13:24:29.787 15242 15275 W System.err: java.net.SocketException: Message too long
11-06 13:24:29.787 15242 15275 W System.err: 	at sun.nio.ch.DatagramChannelImpl.send0(Native Method)
11-06 13:24:29.787 15242 15275 W System.err: 	at sun.nio.ch.DatagramChannelImpl.sendFromNativeBuffer(DatagramChannelImpl.java:573)
11-06 13:24:29.788 15242 15275 W System.err: 	at sun.nio.ch.DatagramChannelImpl.send(DatagramChannelImpl.java:550)
11-06 13:24:29.788 15242 15275 W System.err: 	at sun.nio.ch.DatagramChannelImpl.send(DatagramChannelImpl.java:514)
11-06 13:24:29.788 15242 15275 W System.err: 	at symlab.CloudAR.network.TransmissionTask.run(TransmissionTask.java:124)
11-06 13:24:29.788 15242 15275 W System.err: 	at android.os.Handler.handleCallback(Handler.java:907)
11-06 13:24:29.788 15242 15275 W System.err: 	at android.os.Handler.dispatchMessage(Handler.java:105)
11-06 13:24:29.788 15242 15275 W System.err: 	at android.os.Looper.loop(Looper.java:216)
11-06 13:24:29.788 15242 15275 W System.err: 	at android.os.HandlerThread.run(HandlerThread.java:65)
11-06 13:24:29.810 15242 15275 W System.err: java.net.SocketException: Message too long
11-06 13:24:29.810 15242 15275 W System.err: 	at sun.nio.ch.DatagramChannelImpl.send0(Native Method)
11-06 13:24:29.810 15242 15275 W System.err: 	at sun.nio.ch.DatagramChannelImpl.sendFromNativeBuffer(DatagramChannelImpl.java:573)
11-06 13:24:29.810 15242 15275 W System.err: 	at sun.nio.ch.DatagramChannelImpl.send(DatagramChannelImpl.java:550)
11-06 13:24:29.810 15242 15275 W System.err: 	at sun.nio.ch.DatagramChannelImpl.send(DatagramChannelImpl.java:514)
11-06 13:24:29.810 15242 15275 W System.err: 	at symlab.CloudAR.network.TransmissionTask.run(TransmissionTask.java:124)
11-06 13:24:29.810 15242 15275 W System.err: 	at android.os.Handler.handleCallback(Handler.java:907)
11-06 13:24:29.810 15242 15275 W System.err: 	at android.os.Handler.dispatchMessage(Handler.java:105)
11-06 13:24:29.810 15242 15275 W System.err: 	at android.os.Looper.loop(Looper.java:216)
11-06 13:24:29.810 15242 15275 W System.err: 	at android.os.HandlerThread.run(HandlerThread.java:65)
11-06 13:24:29.856 15242 15275 W System.err: java.net.SocketException: Message too long
11-06 13:24:29.856 15242 15275 W System.err: 	at sun.nio.ch.DatagramChannelImpl.send0(Native Method)
11-06 13:24:29.856 15242 15275 W System.err: 	at sun.nio.ch.DatagramChannelImpl.sendFromNativeBuffer(DatagramChannelImpl.java:573)
11-06 13:24:29.856 15242 15275 W System.err: 	at sun.nio.ch.DatagramChannelImpl.send(DatagramChannelImpl.java:550)
11-06 13:24:29.856 15242 15275 W System.err: 	at sun.nio.ch.DatagramChannelImpl.send(DatagramChannelImpl.java:514)
11-06 13:24:29.856 15242 15275 W System.err: 	at symlab.CloudAR.network.TransmissionTask.run(TransmissionTask.java:124)
11-06 13:24:29.856 15242 15275 W System.err: 	at android.os.Handler.handleCallback(Handler.java:907)
11-06 13:24:29.856 15242 15275 W System.err: 	at android.os.Handler.dispatchMessage(Handler.java:105)
11-06 13:24:29.856 15242 15275 W System.err: 	at android.os.Looper.loop(Looper.java:216)
11-06 13:24:29.856 15242 15275 W System.err: 	at android.os.HandlerThread.run(HandlerThread.java:65)
11-06 13:24:29.883 15242 15275 W System.err: java.net.SocketException: Message too long
11-06 13:24:29.884 15242 15275 W System.err: 	at sun.nio.ch.DatagramChannelImpl.send0(Native Method)
11-06 13:24:29.884 15242 15275 W System.err: 	at sun.nio.ch.DatagramChannelImpl.sendFromNativeBuffer(DatagramChannelImpl.java:573)
11-06 13:24:29.884 15242 15275 W System.err: 	at sun.nio.ch.DatagramChannelImpl.send(DatagramChannelImpl.java:550)
11-06 13:24:29.884 15242 15275 W System.err: 	at sun.nio.ch.DatagramChannelImpl.send(DatagramChannelImpl.java:514)
11-06 13:24:29.884 15242 15275 W System.err: 	at symlab.CloudAR.network.TransmissionTask.run(TransmissionTask.java:124)
11-06 13:24:29.884 15242 15275 W System.err: 	at android.os.Handler.handleCallback(Handler.java:907)
11-06 13:24:29.884 15242 15275 W System.err: 	at android.os.Handler.dispatchMessage(Handler.java:105)
11-06 13:24:29.884 15242 15275 W System.err: 	at android.os.Looper.loop(Looper.java:216)
11-06 13:24:29.884 15242 15275 W System.err: 	at android.os.HandlerThread.run(HandlerThread.java:65)
11-06 13:24:29.910 15242 15275 D Evaluation: Frame 393 sent at 1573039469910
11-06 13:24:29.941 15242 15275 W System.err: java.net.SocketException: Message too long
11-06 13:24:29.941 15242 15275 W System.err: 	at sun.nio.ch.DatagramChannelImpl.send0(Native Method)
11-06 13:24:29.941 15242 15275 W System.err: 	at sun.nio.ch.DatagramChannelImpl.sendFromNativeBuffer(DatagramChannelImpl.java:573)
11-06 13:24:29.941 15242 15275 W System.err: 	at sun.nio.ch.DatagramChannelImpl.send(DatagramChannelImpl.java:550)
11-06 13:24:29.941 15242 15275 W System.err: 	at sun.nio.ch.DatagramChannelImpl.send(DatagramChannelImpl.java:514)
11-06 13:24:29.941 15242 15275 W System.err: 	at symlab.CloudAR.network.TransmissionTask.run(TransmissionTask.java:124)
11-06 13:24:29.941 15242 15275 W System.err: 	at android.os.Handler.handleCallback(Handler.java:907)
11-06 13:24:29.941 15242 15275 W System.err: 	at android.os.Handler.dispatchMessage(Handler.java:105)
11-06 13:24:29.941 15242 15275 W System.err: 	at android.os.Looper.loop(Looper.java:216)
11-06 13:24:29.941 15242 15275 W System.err: 	at android.os.HandlerThread.run(HandlerThread.java:65)
11-06 13:24:29.979 15242 15275 W System.err: java.net.SocketException: Message too long
11-06 13:24:29.979 15242 15275 W System.err: 	at sun.nio.ch.DatagramChannelImpl.send0(Native Method)
11-06 13:24:29.979 15242 15275 W System.err: 	at sun.nio.ch.DatagramChannelImpl.sendFromNativeBuffer(DatagramChannelImpl.java:573)
11-06 13:24:29.979 15242 15275 W System.err: 	at sun.nio.ch.DatagramChannelImpl.send(DatagramChannelImpl.java:550)
11-06 13:24:29.979 15242 15275 W System.err: 	at sun.nio.ch.DatagramChannelImpl.send(DatagramChannelImpl.java:514)
11-06 13:24:29.979 15242 15275 W System.err: 	at symlab.CloudAR.network.TransmissionTask.run(TransmissionTask.java:124)
11-06 13:24:29.979 15242 15275 W System.err: 	at android.os.Handler.handleCallback(Handler.java:907)
11-06 13:24:29.979 15242 15275 W System.err: 	at android.os.Handler.dispatchMessage(Handler.java:105)
11-06 13:24:29.980 15242 15275 W System.err: 	at android.os.Looper.loop(Looper.java:216)
11-06 13:24:29.980 15242 15275 W System.err: 	at android.os.HandlerThread.run(HandlerThread.java:65)
11-06 13:24:30.019 15242 15275 W System.err: java.net.SocketException: Message too long
11-06 13:24:30.019 15242 15275 W System.err: 	at sun.nio.ch.DatagramChannelImpl.send0(Native Method)
11-06 13:24:30.019 15242 15275 W System.err: 	at sun.nio.ch.DatagramChannelImpl.sendFromNativeBuffer(DatagramChannelImpl.java:573)
11-06 13:24:30.019 15242 15275 W System.err: 	at sun.nio.ch.DatagramChannelImpl.send(DatagramChannelImpl.java:550)
11-06 13:24:30.019 15242 15275 W System.err: 	at sun.nio.ch.DatagramChannelImpl.send(DatagramChannelImpl.java:514)
11-06 13:24:30.019 15242 15275 W System.err: 	at symlab.CloudAR.network.TransmissionTask.run(TransmissionTask.java:124)
11-06 13:24:30.019 15242 15275 W System.err: 	at android.os.Handler.handleCallback(Handler.java:907)
11-06 13:24:30.019 15242 15275 W System.err: 	at android.os.Handler.dispatchMessage(Handler.java:105)
11-06 13:24:30.019 15242 15275 W System.err: 	at android.os.Looper.loop(Looper.java:216)
11-06 13:24:30.019 15242 15275 W System.err: 	at android.os.HandlerThread.run(HandlerThread.java:65)
11-06 13:24:30.037 15242 15242 D Poster  : At 1573039470037 location is 65.06012682695274 (latitude), and 25.466727089936093 (longitude)
11-06 13:24:30.039 15242 15242 D Poster  : Connected to mobile network 20
11-06 13:24:30.052 15242 15253 E         : [ZeroHung]zrhung_get_config: Get config failed for wp[0x0008]
11-06 13:24:30.055 15242 15275 W System.err: java.net.SocketException: Message too long
11-06 13:24:30.055 15242 15275 W System.err: 	at sun.nio.ch.DatagramChannelImpl.send0(Native Method)
11-06 13:24:30.055 15242 15275 W System.err: 	at sun.nio.ch.DatagramChannelImpl.sendFromNativeBuffer(DatagramChannelImpl.java:573)
11-06 13:24:30.055 15242 15275 W System.err: 	at sun.nio.ch.DatagramChannelImpl.send(DatagramChannelImpl.java:550)
11-06 13:24:30.055 15242 15275 W System.err: 	at sun.nio.ch.DatagramChannelImpl.send(DatagramChannelImpl.java:514)
11-06 13:24:30.055 15242 15275 W System.err: 	at symlab.CloudAR.network.TransmissionTask.run(TransmissionTask.java:124)
11-06 13:24:30.055 15242 15275 W System.err: 	at android.os.Handler.handleCallback(Handler.java:907)
11-06 13:24:30.055 15242 15275 W System.err: 	at android.os.Handler.dispatchMessage(Handler.java:105)
11-06 13:24:30.055 15242 15275 W System.err: 	at android.os.Looper.loop(Looper.java:216)
11-06 13:24:30.055 15242 15275 W System.err: 	at android.os.HandlerThread.run(HandlerThread.java:65)
11-06 13:24:30.075 15242 15275 W System.err: java.net.SocketException: Message too long
11-06 13:24:30.075 15242 15275 W System.err: 	at sun.nio.ch.DatagramChannelImpl.send0(Native Method)
11-06 13:24:30.075 15242 15275 W System.err: 	at sun.nio.ch.DatagramChannelImpl.sendFromNativeBuffer(DatagramChannelImpl.java:573)
11-06 13:24:30.075 15242 15275 W System.err: 	at sun.nio.ch.DatagramChannelImpl.send(DatagramChannelImpl.java:550)
11-06 13:24:30.075 15242 15275 W System.err: 	at sun.nio.ch.DatagramChannelImpl.send(DatagramChannelImpl.java:514)
11-06 13:24:30.075 15242 15275 W System.err: 	at symlab.CloudAR.network.TransmissionTask.run(TransmissionTask.java:124)
11-06 13:24:30.075 15242 15275 W System.err: 	at android.os.Handler.handleCallback(Handler.java:907)
11-06 13:24:30.075 15242 15275 W System.err: 	at android.os.Handler.dispatchMessage(Handler.java:105)
11-06 13:24:30.075 15242 15275 W System.err: 	at android.os.Looper.loop(Looper.java:216)
11-06 13:24:30.075 15242 15275 W System.err: 	at android.os.HandlerThread.run(HandlerThread.java:65)
11-06 13:24:30.095 15242 15275 W System.err: java.net.SocketException: Message too long
11-06 13:24:30.095 15242 15275 W System.err: 	at sun.nio.ch.DatagramChannelImpl.send0(Native Method)
11-06 13:24:30.095 15242 15275 W System.err: 	at sun.nio.ch.DatagramChannelImpl.sendFromNativeBuffer(DatagramChannelImpl.java:573)
11-06 13:24:30.095 15242 15275 W System.err: 	at sun.nio.ch.DatagramChannelImpl.send(DatagramChannelImpl.java:550)
11-06 13:24:30.095 15242 15275 W System.err: 	at sun.nio.ch.DatagramChannelImpl.send(DatagramChannelImpl.java:514)
11-06 13:24:30.095 15242 15275 W System.err: 	at symlab.CloudAR.network.TransmissionTask.run(TransmissionTask.java:124)
11-06 13:24:30.095 15242 15275 W System.err: 	at android.os.Handler.handleCallback(Handler.java:907)
11-06 13:24:30.095 15242 15275 W System.err: 	at android.os.Handler.dispatchMessage(Handler.java:105)
11-06 13:24:30.095 15242 15275 W System.err: 	at android.os.Looper.loop(Looper.java:216)
11-06 13:24:30.095 15242 15275 W System.err: 	at android.os.HandlerThread.run(HandlerThread.java:65)
11-06 13:24:30.135 15242 15275 W System.err: java.net.SocketException: Message too long
11-06 13:24:30.135 15242 15275 W System.err: 	at sun.nio.ch.DatagramChannelImpl.send0(Native Method)
11-06 13:24:30.135 15242 15275 W System.err: 	at sun.nio.ch.DatagramChannelImpl.sendFromNativeBuffer(DatagramChannelImpl.java:573)
11-06 13:24:30.135 15242 15275 W System.err: 	at sun.nio.ch.DatagramChannelImpl.send(DatagramChannelImpl.java:550)
11-06 13:24:30.135 15242 15275 W System.err: 	at sun.nio.ch.DatagramChannelImpl.send(DatagramChannelImpl.java:514)
11-06 13:24:30.135 15242 15275 W System.err: 	at symlab.CloudAR.network.TransmissionTask.run(TransmissionTask.java:124)
11-06 13:24:30.135 15242 15275 W System.err: 	at android.os.Handler.handleCallback(Handler.java:907)
11-06 13:24:30.135 15242 15275 W System.err: 	at android.os.Handler.dispatchMessage(Handler.java:105)
11-06 13:24:30.135 15242 15275 W System.err: 	at android.os.Looper.loop(Looper.java:216)
11-06 13:24:30.135 15242 15275 W System.err: 	at android.os.HandlerThread.run(HandlerThread.java:65)
11-06 13:24:30.174 15242 15275 W System.err: java.net.SocketException: Message too long
11-06 13:24:30.174 15242 15275 W System.err: 	at sun.nio.ch.DatagramChannelImpl.send0(Native Method)
11-06 13:24:30.174 15242 15275 W System.err: 	at sun.nio.ch.DatagramChannelImpl.sendFromNativeBuffer(DatagramChannelImpl.java:573)
11-06 13:24:30.174 15242 15275 W System.err: 	at sun.nio.ch.DatagramChannelImpl.send(DatagramChannelImpl.java:550)
11-06 13:24:30.174 15242 15275 W System.err: 	at sun.nio.ch.DatagramChannelImpl.send(DatagramChannelImpl.java:514)
11-06 13:24:30.174 15242 15275 W System.err: 	at symlab.CloudAR.network.TransmissionTask.run(TransmissionTask.java:124)
