11-06 14:39:36.687 24017 24051 D Evaluation: 0 res for frame 473 received at 1573043976687
11-06 14:39:36.718 24017 24051 D Evaluation: Frame 488 sent at 1573043976718
11-06 14:39:36.720 24017 24051 D Evaluation: 0 res for frame 474 received at 1573043976720
11-06 14:39:36.773 24017 24051 D Evaluation: Frame 489 sent at 1573043976773
11-06 14:39:36.776 24017 24051 D Evaluation: 0 res for frame 475 received at 1573043976776
11-06 14:39:36.797 24017 24051 D Evaluation: Frame 490 sent at 1573043976797
11-06 14:39:36.799 24017 24051 D Evaluation: 0 res for frame 476 received at 1573043976799
11-06 14:39:36.819 24017 24051 D Evaluation: Frame 491 sent at 1573043976819
11-06 14:39:36.820 24017 24051 D Evaluation: 0 res for frame 477 received at 1573043976820
11-06 14:39:36.854 24017 24051 D Evaluation: Frame 492 sent at 1573043976854
11-06 14:39:36.855 24017 24051 D Evaluation: 0 res for frame 478 received at 1573043976855
11-06 14:39:36.898 24017 24051 D Evaluation: Frame 493 sent at 1573043976898
11-06 14:39:36.899 24017 24051 D Evaluation: 0 res for frame 479 received at 1573043976899
11-06 14:39:36.930 24017 24028 E         : [ZeroHung]zrhung_get_config: Get config failed for wp[0x0008]
11-06 14:39:36.931 24017 24051 D Evaluation: Frame 494 sent at 1573043976931
11-06 14:39:36.934 24017 24051 D Evaluation: 0 res for frame 480 received at 1573043976934
11-06 14:39:36.948 24017 24026 W System  : A resource failed to call close. 
11-06 14:39:36.951 24017 24026 I chatty  : uid=10149(symlab.cloudridar.arhud) FinalizerDaemon identical 58 lines
11-06 14:39:36.951 24017 24026 W System  : A resource failed to call close. 
11-06 14:39:36.962 24017 24051 W System.err: java.net.SocketException: Message too long
11-06 14:39:36.963 24017 24051 W System.err: 	at sun.nio.ch.DatagramChannelImpl.send0(Native Method)
11-06 14:39:36.963 24017 24051 W System.err: 	at sun.nio.ch.DatagramChannelImpl.sendFromNativeBuffer(DatagramChannelImpl.java:573)
11-06 14:39:36.964 24017 24051 W System.err: 	at sun.nio.ch.DatagramChannelImpl.send(DatagramChannelImpl.java:550)
11-06 14:39:36.964 24017 24051 W System.err: 	at sun.nio.ch.DatagramChannelImpl.send(DatagramChannelImpl.java:514)
11-06 14:39:36.964 24017 24051 W System.err: 	at symlab.CloudAR.network.TransmissionTask.run(TransmissionTask.java:124)
11-06 14:39:36.964 24017 24051 W System.err: 	at android.os.Handler.handleCallback(Handler.java:907)
11-06 14:39:36.964 24017 24051 W System.err: 	at android.os.Handler.dispatchMessage(Handler.java:105)
11-06 14:39:36.964 24017 24051 W System.err: 	at android.os.Looper.loop(Looper.java:216)
11-06 14:39:36.964 24017 24051 W System.err: 	at android.os.HandlerThread.run(HandlerThread.java:65)
11-06 14:39:36.966 24017 24051 D Evaluation: 0 res for frame 481 received at 1573043976966
11-06 14:39:36.985 24017 24051 W System.err: java.net.SocketException: Message too long
11-06 14:39:36.985 24017 24051 W System.err: 	at sun.nio.ch.DatagramChannelImpl.send0(Native Method)
11-06 14:39:36.985 24017 24051 W System.err: 	at sun.nio.ch.DatagramChannelImpl.sendFromNativeBuffer(DatagramChannelImpl.java:573)
11-06 14:39:36.985 24017 24051 W System.err: 	at sun.nio.ch.DatagramChannelImpl.send(DatagramChannelImpl.java:550)
11-06 14:39:36.985 24017 24051 W System.err: 	at sun.nio.ch.DatagramChannelImpl.send(DatagramChannelImpl.java:514)
11-06 14:39:36.985 24017 24051 W System.err: 	at symlab.CloudAR.network.TransmissionTask.run(TransmissionTask.java:124)
11-06 14:39:36.985 24017 24051 W System.err: 	at android.os.Handler.handleCallback(Handler.java:907)
11-06 14:39:36.985 24017 24051 W System.err: 	at android.os.Handler.dispatchMessage(Handler.java:105)
11-06 14:39:36.985 24017 24051 W System.err: 	at android.os.Looper.loop(Looper.java:216)
11-06 14:39:36.985 24017 24051 W System.err: 	at android.os.HandlerThread.run(HandlerThread.java:65)
11-06 14:39:36.987 24017 24051 D Evaluation: 0 res for frame 482 received at 1573043976987
11-06 14:39:37.019 24017 24051 D Evaluation: Frame 497 sent at 1573043977019
11-06 14:39:37.022 24017 24051 D Evaluation: 0 res for frame 483 received at 1573043977022
11-06 14:39:37.100 24017 24051 D Evaluation: Frame 498 sent at 1573043977100
11-06 14:39:37.102 24017 24051 D Evaluation: 0 res for frame 484 received at 1573043977102
11-06 14:39:37.123 24017 24051 D Evaluation: Frame 499 sent at 1573043977123
11-06 14:39:37.124 24017 24051 D Evaluation: 0 res for frame 485 received at 1573043977124
11-06 14:39:37.153 24017 24051 D Evaluation: Frame 500 sent at 1573043977153
11-06 14:39:37.155 24017 24051 D Evaluation: 0 res for frame 486 received at 1573043977155
11-06 14:39:37.189 24017 24051 D Evaluation: Frame 501 sent at 1573043977189
11-06 14:39:37.190 24017 24051 D Evaluation: 0 res for frame 487 received at 1573043977190
11-06 14:39:37.220 24017 24017 D Poster  : At 1573043977220 location is 65.05776392822519 (latitude), and 25.46805712521446 (longitude)
11-06 14:39:37.221 24017 24017 D Poster  : Connected to mobile network 20
11-06 14:39:37.225 24017 24051 D Evaluation: Frame 502 sent at 1573043977225
11-06 14:39:37.227 24017 24051 D Evaluation: 0 res for frame 488 received at 1573043977227
11-06 14:39:37.259 24017 24051 D Evaluation: Frame 503 sent at 1573043977259
11-06 14:39:37.261 24017 24051 D Evaluation: 0 res for frame 489 received at 1573043977261
11-06 14:39:37.299 24017 24051 D Evaluation: Frame 504 sent at 1573043977299
11-06 14:39:37.301 24017 24051 D Evaluation: 0 res for frame 490 received at 1573043977301
11-06 14:39:37.333 24017 24051 D Evaluation: Frame 505 sent at 1573043977333
11-06 14:39:37.335 24017 24051 D Evaluation: 1 res for frame 491 received at 1573043977335
11-06 14:39:37.359 24017 24051 D Evaluation: Frame 506 sent at 1573043977359
11-06 14:39:37.361 24017 24051 D Evaluation: 1 res for frame 492 received at 1573043977361
11-06 14:39:37.392 24017 24051 D Evaluation: Frame 507 sent at 1573043977392
11-06 14:39:37.393 24017 24051 D Evaluation: 2 res for frame 493 received at 1573043977393
11-06 14:39:37.427 24017 24051 D Evaluation: Frame 508 sent at 1573043977427
11-06 14:39:37.429 24017 24051 D Evaluation: 1 res for frame 494 received at 1573043977429
11-06 14:39:37.469 24017 24051 D Evaluation: Frame 509 sent at 1573043977469
11-06 14:39:37.470 24017 24051 D Evaluation: 1 res for frame 497 received at 1573043977470
11-06 14:39:37.502 24017 24051 D Evaluation: Frame 510 sent at 1573043977502
11-06 14:39:37.503 24017 24051 D Evaluation: 1 res for frame 498 received at 1573043977503
11-06 14:39:37.531 24017 24051 D Evaluation: Frame 511 sent at 1573043977531
11-06 14:39:37.533 24017 24051 D Evaluation: 2 res for frame 499 received at 1573043977533
11-06 14:39:37.572 24017 24051 D Evaluation: Frame 512 sent at 1573043977572
11-06 14:39:37.574 24017 24051 D Evaluation: 1 res for frame 500 received at 1573043977574
11-06 14:39:37.594 24017 24051 D Evaluation: Frame 513 sent at 1573043977594
11-06 14:39:37.596 24017 24051 D Evaluation: 1 res for frame 501 received at 1573043977596
11-06 14:39:37.637 24017 24051 D Evaluation: Frame 514 sent at 1573043977637
11-06 14:39:37.639 24017 24051 D Evaluation: 1 res for frame 502 received at 1573043977639
11-06 14:39:37.661 24017 24051 D Evaluation: Frame 515 sent at 1573043977661
11-06 14:39:37.663 24017 24051 D Evaluation: 0 res for frame 503 received at 1573043977663
11-06 14:39:37.699 24017 24051 D Evaluation: Frame 516 sent at 1573043977699
11-06 14:39:37.701 24017 24051 D Evaluation: 0 res for frame 504 received at 1573043977701
11-06 14:39:37.727 24017 24051 D Evaluation: Frame 517 sent at 1573043977727
11-06 14:39:37.729 24017 24051 D Evaluation: 0 res for frame 505 received at 1573043977729
11-06 14:39:37.770 24017 24051 D Evaluation: Frame 518 sent at 1573043977770
11-06 14:39:37.772 24017 24051 D Evaluation: 1 res for frame 506 received at 1573043977772
11-06 14:39:37.797 24017 24051 D Evaluation: Frame 519 sent at 1573043977797
11-06 14:39:37.799 24017 24051 D Evaluation: 0 res for frame 507 received at 1573043977799
11-06 14:39:37.852 24017 24028 E         : [ZeroHung]zrhung_get_config: Get config failed for wp[0x0008]
11-06 14:39:37.852 24017 24051 D Evaluation: Frame 520 sent at 1573043977852
11-06 14:39:37.855 24017 24051 D Evaluation: 0 res for frame 508 received at 1573043977855
11-06 14:39:37.868 24017 24026 W System  : A resource failed to call close. 
11-06 14:39:37.870 24017 24026 I chatty  : uid=10149(symlab.cloudridar.arhud) FinalizerDaemon identical 50 lines
11-06 14:39:37.870 24017 24026 W System  : A resource failed to call close. 
11-06 14:39:37.874 24017 24051 D Evaluation: Frame 521 sent at 1573043977874
11-06 14:39:37.875 24017 24051 D Evaluation: 0 res for frame 509 received at 1573043977875
11-06 14:39:37.900 24017 24051 D Evaluation: Frame 522 sent at 1573043977900
11-06 14:39:37.902 24017 24051 D Evaluation: 0 res for frame 510 received at 1573043977901
11-06 14:39:37.926 24017 24051 D Evaluation: Frame 523 sent at 1573043977926
11-06 14:39:37.928 24017 24051 D Evaluation: 1 res for frame 511 received at 1573043977928
11-06 14:39:37.974 24017 24051 D Evaluation: Frame 524 sent at 1573043977974
11-06 14:39:37.975 24017 24051 D Evaluation: 2 res for frame 512 received at 1573043977975
11-06 14:39:37.998 24017 24051 D Evaluation: Frame 525 sent at 1573043977998
11-06 14:39:38.000 24017 24051 D Evaluation: 0 res for frame 513 received at 1573043978000
11-06 14:39:38.037 24017 24051 D Evaluation: Frame 526 sent at 1573043978036
11-06 14:39:38.038 24017 24051 D Evaluation: 0 res for frame 514 received at 1573043978038
11-06 14:39:38.072 24017 24051 D Evaluation: Frame 527 sent at 1573043978072
11-06 14:39:38.074 24017 24051 D Evaluation: 1 res for frame 515 received at 1573043978074
11-06 14:39:38.107 24017 24051 D Evaluation: Frame 528 sent at 1573043978107
11-06 14:39:38.109 24017 24051 D Evaluation: 0 res for frame 516 received at 1573043978109
11-06 14:39:38.144 24017 24051 D Evaluation: Frame 529 sent at 1573043978144
11-06 14:39:38.146 24017 24051 D Evaluation: 0 res for frame 517 received at 1573043978146
11-06 14:39:38.179 24017 24051 D Evaluation: Frame 530 sent at 1573043978179
11-06 14:39:38.180 24017 24051 D Evaluation: 0 res for frame 518 received at 1573043978180
11-06 14:39:38.218 24017 24051 D Evaluation: Frame 531 sent at 1573043978218
11-06 14:39:38.220 24017 24017 D Poster  : At 1573043978220 location is 65.0577835745572 (latitude), and 25.46805503917449 (longitude)
11-06 14:39:38.224 24017 24017 D Poster  : Connected to mobile network 20
11-06 14:39:38.241 24017 24051 D Evaluation: Frame 532 sent at 1573043978241
11-06 14:39:38.262 24017 24051 D Evaluation: Frame 533 sent at 1573043978262
11-06 14:39:38.315 24017 24051 D Evaluation: Frame 534 sent at 1573043978315
11-06 14:39:38.350 24017 24051 D Evaluation: Frame 535 sent at 1573043978350
11-06 14:39:38.377 24017 24051 D Evaluation: Frame 536 sent at 1573043978377
11-06 14:39:38.412 24017 24051 D Evaluation: Frame 537 sent at 1573043978412
11-06 14:39:38.445 24017 24051 D Evaluation: Frame 538 sent at 1573043978445
11-06 14:39:38.482 24017 24051 D Evaluation: Frame 539 sent at 1573043978482
11-06 14:39:38.484 24017 24051 D Evaluation: 0 res for frame 529 received at 1573043978484
11-06 14:39:38.506 24017 24051 D Evaluation: Frame 540 sent at 1573043978506
11-06 14:39:38.508 24017 24051 D Evaluation: 0 res for frame 530 received at 1573043978508
11-06 14:39:38.543 24017 24051 D Evaluation: Frame 541 sent at 1573043978543
11-06 14:39:38.545 24017 24051 D Evaluation: 0 res for frame 531 received at 1573043978544
11-06 14:39:38.573 24017 24051 D Evaluation: Frame 542 sent at 1573043978573
11-06 14:39:38.574 24017 24051 D Evaluation: 0 res for frame 532 received at 1573043978574
11-06 14:39:38.608 24017 24051 D Evaluation: Frame 543 sent at 1573043978608
11-06 14:39:38.610 24017 24051 D Evaluation: 0 res for frame 533 received at 1573043978610
11-06 14:39:38.634 24017 24051 D Evaluation: Frame 544 sent at 1573043978634
11-06 14:39:38.635 24017 24051 D Evaluation: 0 res for frame 534 received at 1573043978635
11-06 14:39:38.676 24017 24051 D Evaluation: Frame 545 sent at 1573043978676
11-06 14:39:38.678 24017 24051 D Evaluation: 0 res for frame 535 received at 1573043978678
11-06 14:39:38.712 24017 24051 D Evaluation: Frame 546 sent at 1573043978712
11-06 14:39:38.714 24017 24051 D Evaluation: 0 res for frame 536 received at 1573043978714
11-06 14:39:38.747 24017 24051 D Evaluation: Frame 547 sent at 1573043978747
11-06 14:39:38.749 24017 24051 D Evaluation: 0 res for frame 537 received at 1573043978749
11-06 14:39:38.797 24017 24051 D Evaluation: Frame 548 sent at 1573043978797
11-06 14:39:38.800 24017 24051 D Evaluation: 0 res for frame 538 received at 1573043978800
11-06 14:39:38.831 24017 24051 D Evaluation: Frame 549 sent at 1573043978831
11-06 14:39:38.833 24017 24051 D Evaluation: 0 res for frame 539 received at 1573043978833
11-06 14:39:38.850 24017 24051 D Evaluation: Frame 550 sent at 1573043978850
11-06 14:39:38.852 24017 24051 D Evaluation: 0 res for frame 540 received at 1573043978851
11-06 14:39:38.941 24017 24051 D Evaluation: Frame 552 sent at 1573043978941
11-06 14:39:38.943 24017 24051 D Evaluation: 0 res for frame 541 received at 1573043978943
11-06 14:39:38.967 24017 24051 D Evaluation: Frame 552 sent at 1573043978967
11-06 14:39:38.969 24017 24051 D Evaluation: 0 res for frame 542 received at 1573043978969
11-06 14:39:38.991 24017 24028 E         : [ZeroHung]zrhung_get_config: Get config failed for wp[0x0008]
11-06 14:39:38.992 24017 24051 D Evaluation: Frame 553 sent at 1573043978992
11-06 14:39:38.994 24017 24051 D Evaluation: 0 res for frame 543 received at 1573043978994
11-06 14:39:39.017 24017 24026 W System  : A resource failed to call close. 
11-06 14:39:39.017 24017 24026 I chatty  : uid=10149(symlab.cloudridar.arhud) FinalizerDaemon identical 3 lines
11-06 14:39:39.017 24017 24026 W System  : A resource failed to call close. 
11-06 14:39:39.017 24017 24026 W System  : A resource failed to call close. 
11-06 14:39:39.017 24017 24017 W HiTouch_PressGestureDetector: Touch pointer move a lot. The moving distance of X is:47.136963, limit is:60The moving distance of Y is:103.79893, limit is:60
11-06 14:39:39.017 24017 24026 W System  : A resource failed to call close. 
11-06 14:39:39.018 24017 24026 I chatty  : uid=10149(symlab.cloudridar.arhud) FinalizerDaemon identical 10 lines
11-06 14:39:39.018 24017 24026 W System  : A resource failed to call close. 
11-06 14:39:39.018 24017 24026 W System  : A resource failed to call close. 
11-06 14:39:39.018 24017 24026 W System  : A resource failed to call close. 
11-06 14:39:39.018 24017 24026 I chatty  : uid=10149(symlab.cloudridar.arhud) FinalizerDaemon identical 1 line
11-06 14:39:39.019 24017 24026 W System  : A resource failed to call close. 
11-06 14:39:39.020 24017 24026 W System  : A resource failed to call close. 
11-06 14:39:39.021 24017 24026 I chatty  : uid=10149(symlab.cloudridar.arhud) FinalizerDaemon identical 4 lines
11-06 14:39:39.021 24017 24026 W System  : A resource failed to call close. 
11-06 14:39:39.021 24017 24026 W System  : A resource failed to call close. 
11-06 14:39:39.022 24017 24026 I chatty  : uid=10149(symlab.cloudridar.arhud) FinalizerDaemon identical 20 lines
11-06 14:39:39.023 24017 24026 W System  : A resource failed to call close. 
11-06 14:39:39.028 24017 24051 D Evaluation: Frame 555 sent at 1573043979028
11-06 14:39:39.030 24017 24051 D Evaluation: 0 res for frame 544 received at 1573043979030
11-06 14:39:39.048 24017 24051 D Evaluation: Frame 555 sent at 1573043979048
11-06 14:39:39.050 24017 24051 D Evaluation: 0 res for frame 545 received at 1573043979050
11-06 14:39:39.079 24017 24051 D Evaluation: Frame 556 sent at 1573043979079
11-06 14:39:39.081 24017 24051 D Evaluation: 0 res for frame 546 received at 1573043979081
11-06 14:39:39.108 24017 24051 D Evaluation: Frame 557 sent at 1573043979108
11-06 14:39:39.110 24017 24051 D Evaluation: 0 res for frame 547 received at 1573043979110
11-06 14:39:39.145 24017 24051 D Evaluation: Frame 558 sent at 1573043979145
11-06 14:39:39.146 24017 24051 D Evaluation: 0 res for frame 548 received at 1573043979146
11-06 14:39:39.173 24017 24051 D Evaluation: Frame 559 sent at 1573043979173
11-06 14:39:39.174 24017 24051 D Evaluation: 0 res for frame 549 received at 1573043979174
11-06 14:39:39.215 24017 24051 D Evaluation: Frame 560 sent at 1573043979215
11-06 14:39:39.217 24017 24051 D Evaluation: 0 res for frame 550 received at 1573043979217
11-06 14:39:39.221 24017 24017 D Poster  : At 1573043979221 location is 65.05780195670442 (latitude), and 25.468056694586934 (longitude)
11-06 14:39:39.223 24017 24017 D Poster  : Connected to mobile network 20
11-06 14:39:39.253 24017 24051 D Evaluation: Frame 561 sent at 1573043979253
11-06 14:39:39.254 24017 24051 D Evaluation: 0 res for frame 552 received at 1573043979254
11-06 14:39:39.280 24017 24051 D Evaluation: Frame 562 sent at 1573043979280
11-06 14:39:39.282 24017 24051 D Evaluation: 0 res for frame 552 received at 1573043979282
11-06 14:39:39.308 24017 24051 D Evaluation: Frame 563 sent at 1573043979308
11-06 14:39:39.310 24017 24051 D Evaluation: 0 res for frame 553 received at 1573043979310
11-06 14:39:39.350 24017 24051 D Evaluation: Frame 564 sent at 1573043979350
11-06 14:39:39.351 24017 24051 D Evaluation: 0 res for frame 555 received at 1573043979351
11-06 14:39:39.378 24017 24051 D Evaluation: Frame 565 sent at 1573043979378
11-06 14:39:39.380 24017 24051 D Evaluation: 0 res for frame 555 received at 1573043979380
11-06 14:39:39.416 24017 24051 D Evaluation: Frame 566 sent at 1573043979416
11-06 14:39:39.419 24017 24051 D Evaluation: 0 res for frame 556 received at 1573043979419
11-06 14:39:39.447 24017 24051 D Evaluation: Frame 567 sent at 1573043979447
11-06 14:39:39.483 24017 24051 D Evaluation: Frame 568 sent at 1573043979483
11-06 14:39:39.511 24017 24051 D Evaluation: Frame 569 sent at 1573043979511
11-06 14:39:39.513 24017 24051 D Evaluation: 0 res for frame 557 received at 1573043979513
11-06 14:39:39.542 24017 24051 D Evaluation: Frame 570 sent at 1573043979542
11-06 14:39:39.544 24017 24051 D Evaluation: 0 res for frame 558 received at 1573043979544
11-06 14:39:39.582 24017 24051 D Evaluation: Frame 571 sent at 1573043979582
11-06 14:39:39.587 24017 24051 D Evaluation: 0 res for frame 559 received at 1573043979587
11-06 14:39:39.608 24017 24051 D Evaluation: Frame 572 sent at 1573043979608
11-06 14:39:39.609 24017 24051 D Evaluation: 0 res for frame 560 received at 1573043979609
11-06 14:39:39.654 24017 24051 D Evaluation: Frame 573 sent at 1573043979654
11-06 14:39:39.656 24017 24051 D Evaluation: 0 res for frame 561 received at 1573043979656
11-06 14:39:39.676 24017 24051 D Evaluation: Frame 574 sent at 1573043979676
11-06 14:39:39.708 24017 24051 D Evaluation: Frame 575 sent at 1573043979708
11-06 14:39:39.709 24017 24051 D Evaluation: 0 res for frame 562 received at 1573043979709
11-06 14:39:39.741 24017 24051 D Evaluation: Frame 576 sent at 1573043979741
11-06 14:39:39.742 24017 24051 D Evaluation: 0 res for frame 563 received at 1573043979742
11-06 14:39:39.775 24017 24051 D Evaluation: Frame 577 sent at 1573043979775
11-06 14:39:39.777 24017 24051 D Evaluation: 0 res for frame 564 received at 1573043979777
11-06 14:39:39.813 24017 24051 D Evaluation: Frame 578 sent at 1573043979813
11-06 14:39:39.814 24017 24051 D Evaluation: 0 res for frame 565 received at 1573043979814
11-06 14:39:39.853 24017 24051 D Evaluation: Frame 579 sent at 1573043979853
11-06 14:39:39.854 24017 24051 D Evaluation: 0 res for frame 566 received at 1573043979854
11-06 14:39:39.886 24017 24051 D Evaluation: Frame 580 sent at 1573043979886
11-06 14:39:39.888 24017 24051 D Evaluation: 0 res for frame 567 received at 1573043979888
11-06 14:39:39.921 24017 24051 D Evaluation: Frame 581 sent at 1573043979921
11-06 14:39:39.923 24017 24051 D Evaluation: 0 res for frame 568 received at 1573043979923
11-06 14:39:39.950 24017 24028 E         : [ZeroHung]zrhung_get_config: Get config failed for wp[0x0008]
11-06 14:39:39.950 24017 24051 D Evaluation: Frame 582 sent at 1573043979950
11-06 14:39:39.954 24017 24051 D Evaluation: 0 res for frame 569 received at 1573043979954
11-06 14:39:39.972 24017 24026 W System  : A resource failed to call close. 
11-06 14:39:39.975 24017 24026 I chatty  : uid=10149(symlab.cloudridar.arhud) FinalizerDaemon identical 50 lines
11-06 14:39:39.975 24017 24026 W System  : A resource failed to call close. 
11-06 14:39:39.983 24017 24051 D Evaluation: Frame 583 sent at 1573043979983
11-06 14:39:39.984 24017 24051 D Evaluation: 0 res for frame 570 received at 1573043979984
11-06 14:39:40.005 24017 24051 D Evaluation: Frame 584 sent at 1573043980005
11-06 14:39:40.007 24017 24051 D Evaluation: 0 res for frame 571 received at 1573043980007
11-06 14:39:40.044 24017 24051 D Evaluation: Frame 585 sent at 1573043980044
11-06 14:39:40.045 24017 24051 D Evaluation: 0 res for frame 572 received at 1573043980045
11-06 14:39:40.085 24017 24051 D Evaluation: Frame 586 sent at 1573043980085
11-06 14:39:40.087 24017 24051 D Evaluation: 0 res for frame 573 received at 1573043980087
11-06 14:39:40.119 24017 24051 D Evaluation: Frame 587 sent at 1573043980119
11-06 14:39:40.152 24017 24051 D Evaluation: Frame 588 sent at 1573043980152
11-06 14:39:40.153 24017 24051 D Evaluation: 0 res for frame 574 received at 1573043980153
11-06 14:39:40.183 24017 24051 D Evaluation: Frame 589 sent at 1573043980183
11-06 14:39:40.188 24017 24051 D Evaluation: 0 res for frame 575 received at 1573043980188
11-06 14:39:40.203 24017 24017 D Poster  : At 1573043980203 location is 65.05781337187081 (latitude), and 25.468057866353792 (longitude)
11-06 14:39:40.205 24017 24017 D Poster  : Connected to mobile network 20
11-06 14:39:40.226 24017 24051 D Evaluation: Frame 590 sent at 1573043980226
11-06 14:39:40.228 24017 24051 D Evaluation: 0 res for frame 576 received at 1573043980228
11-06 14:39:40.245 24017 24051 D Evaluation: Frame 591 sent at 1573043980245
11-06 14:39:40.246 24017 24051 D Evaluation: 0 res for frame 577 received at 1573043980246
11-06 14:39:40.276 24017 24051 D Evaluation: Frame 592 sent at 1573043980276
11-06 14:39:40.278 24017 24051 D Evaluation: 0 res for frame 578 received at 1573043980278
11-06 14:39:40.315 24017 24051 D Evaluation: Frame 593 sent at 1573043980315
11-06 14:39:40.318 24017 24051 D Evaluation: 0 res for frame 579 received at 1573043980318
11-06 14:39:40.353 24017 24051 D Evaluation: Frame 594 sent at 1573043980353
11-06 14:39:40.379 24017 24051 D Evaluation: Frame 595 sent at 1573043980379
11-06 14:39:40.381 24017 24051 D Evaluation: 0 res for frame 580 received at 1573043980381
11-06 14:39:40.418 24017 24051 D Evaluation: Frame 596 sent at 1573043980418
11-06 14:39:40.420 24017 24051 D Evaluation: 0 res for frame 581 received at 1573043980420
11-06 14:39:40.457 24017 24051 D Evaluation: Frame 597 sent at 1573043980457
11-06 14:39:40.459 24017 24051 D Evaluation: 0 res for frame 582 received at 1573043980459
11-06 14:39:40.488 24017 24051 D Evaluation: Frame 598 sent at 1573043980488
11-06 14:39:40.515 24017 24051 D Evaluation: Frame 599 sent at 1573043980515
11-06 14:39:40.517 24017 24051 D Evaluation: 0 res for frame 583 received at 1573043980517
11-06 14:39:40.556 24017 24051 D Evaluation: Frame 600 sent at 1573043980556
11-06 14:39:40.558 24017 24051 D Evaluation: 0 res for frame 584 received at 1573043980558
11-06 14:39:40.590 24017 24051 D Evaluation: Frame 601 sent at 1573043980590
11-06 14:39:40.593 24017 24051 D Evaluation: 0 res for frame 585 received at 1573043980593
11-06 14:39:40.618 24017 24051 D Evaluation: Frame 602 sent at 1573043980618
11-06 14:39:40.619 24017 24051 D Evaluation: 0 res for frame 586 received at 1573043980619
11-06 14:39:40.650 24017 24051 D Evaluation: Frame 603 sent at 1573043980650
11-06 14:39:40.651 24017 24051 D Evaluation: 0 res for frame 587 received at 1573043980651
11-06 14:39:40.682 24017 24051 D Evaluation: Frame 604 sent at 1573043980682
11-06 14:39:40.683 24017 24051 D Evaluation: 0 res for frame 588 received at 1573043980683
11-06 14:39:40.721 24017 24051 D Evaluation: Frame 605 sent at 1573043980721
11-06 14:39:40.723 24017 24051 D Evaluation: 0 res for frame 589 received at 1573043980723
11-06 14:39:40.749 24017 24051 D Evaluation: Frame 606 sent at 1573043980749
11-06 14:39:40.751 24017 24051 D Evaluation: 0 res for frame 590 received at 1573043980751
11-06 14:39:40.784 24017 24051 D Evaluation: Frame 607 sent at 1573043980784
11-06 14:39:40.786 24017 24051 D Evaluation: 0 res for frame 591 received at 1573043980786
11-06 14:39:40.818 24017 24051 D Evaluation: Frame 608 sent at 1573043980818
11-06 14:39:40.820 24017 24051 D Evaluation: 0 res for frame 592 received at 1573043980820
11-06 14:39:40.859 24017 24051 D Evaluation: Frame 609 sent at 1573043980859
11-06 14:39:40.861 24017 24051 D Evaluation: 0 res for frame 593 received at 1573043980861
11-06 14:39:40.890 24017 24051 D Evaluation: Frame 610 sent at 1573043980890
11-06 14:39:40.892 24017 24051 D Evaluation: 0 res for frame 594 received at 1573043980892
11-06 14:39:40.919 24017 24051 D Evaluation: Frame 611 sent at 1573043980919
11-06 14:39:40.921 24017 24051 D Evaluation: 0 res for frame 595 received at 1573043980921
11-06 14:39:40.961 24017 24051 D Evaluation: Frame 612 sent at 1573043980961
11-06 14:39:40.963 24017 24051 D Evaluation: 0 res for frame 596 received at 1573043980963
11-06 14:39:41.006 24017 24028 E         : [ZeroHung]zrhung_get_config: Get config failed for wp[0x0008]
11-06 14:39:41.007 24017 24051 D Evaluation: Frame 613 sent at 1573043981007
11-06 14:39:41.008 24017 24051 D Evaluation: 0 res for frame 597 received at 1573043981008
11-06 14:39:41.024 24017 24026 W System  : A resource failed to call close. 
11-06 14:39:41.025 24017 24026 I chatty  : uid=10149(symlab.cloudridar.arhud) FinalizerDaemon identical 21 lines
11-06 14:39:41.025 24017 24026 W System  : A resource failed to call close. 
11-06 14:39:41.026 24017 24051 D Evaluation: Frame 614 sent at 1573043981026
11-06 14:39:41.027 24017 24026 W System  : A resource failed to call close. 
11-06 14:39:41.027 24017 24026 W System  : A resource failed to call close. 
11-06 14:39:41.027 24017 24026 W System  : A resource failed to call close. 
11-06 14:39:41.027 24017 24026 W System  : A resource failed to call close. 
11-06 14:39:41.027 24017 24026 I chatty  : uid=10149(symlab.cloudridar.arhud) FinalizerDaemon identical 5 lines
11-06 14:39:41.027 24017 24026 W System  : A resource failed to call close. 
11-06 14:39:41.027 24017 24026 W System  : A resource failed to call close. 
11-06 14:39:41.027 24017 24026 W System  : A resource failed to call close. 
11-06 14:39:41.027 24017 24026 W System  : A resource failed to call close. 
11-06 14:39:41.027 24017 24026 W System  : A resource failed to call close. 
11-06 14:39:41.027 24017 24026 I chatty  : uid=10149(symlab.cloudridar.arhud) FinalizerDaemon identical 1 line
11-06 14:39:41.027 24017 24026 W System  : A resource failed to call close. 
11-06 14:39:41.027 24017 24051 D Evaluation: 0 res for frame 598 received at 1573043981027
11-06 14:39:41.027 24017 24026 W System  : A resource failed to call close. 
11-06 14:39:41.028 24017 24026 W System  : A resource failed to call close. 
11-06 14:39:41.028 24017 24026 W System  : A resource failed to call close. 
11-06 14:39:41.028 24017 24026 W System  : A resource failed to call close. 
11-06 14:39:41.028 24017 24026 W System  : A resource failed to call close. 
11-06 14:39:41.028 24017 24026 I chatty  : uid=10149(symlab.cloudridar.arhud) FinalizerDaemon identical 1 line
11-06 14:39:41.028 24017 24026 W System  : A resource failed to call close. 
11-06 14:39:41.028 24017 24026 W System  : A resource failed to call close. 
11-06 14:39:41.028 24017 24026 I chatty  : uid=10149(symlab.cloudridar.arhud) FinalizerDaemon identical 5 lines
11-06 14:39:41.028 24017 24026 W System  : A resource failed to call close. 
11-06 14:39:41.029 24017 24026 W System  : A resource failed to call close. 
11-06 14:39:41.029 24017 24026 I chatty  : uid=10149(symlab.cloudridar.arhud) FinalizerDaemon identical 3 lines
11-06 14:39:41.029 24017 24026 W System  : A resource failed to call close. 
11-06 14:39:41.051 24017 24051 D Evaluation: Frame 615 sent at 1573043981051
11-06 14:39:41.052 24017 24051 D Evaluation: 0 res for frame 599 received at 1573043981052
11-06 14:39:41.088 24017 24051 D Evaluation: Frame 616 sent at 1573043981087
11-06 14:39:41.089 24017 24051 D Evaluation: 0 res for frame 600 received at 1573043981089
11-06 14:39:41.121 24017 24051 D Evaluation: Frame 617 sent at 1573043981121
11-06 14:39:41.122 24017 24051 D Evaluation: 0 res for frame 601 received at 1573043981122
11-06 14:39:41.158 24017 24051 D Evaluation: Frame 618 sent at 1573043981158
11-06 14:39:41.159 24017 24051 D Evaluation: 0 res for frame 602 received at 1573043981159
11-06 14:39:41.186 24017 24051 D Evaluation: Frame 619 sent at 1573043981186
11-06 14:39:41.188 24017 24051 D Evaluation: 0 res for frame 603 received at 1573043981188
11-06 14:39:41.221 24017 24051 D Evaluation: Frame 620 sent at 1573043981221
11-06 14:39:41.223 24017 24051 D Evaluation: 0 res for frame 604 received at 1573043981223
11-06 14:39:41.233 24017 24017 D Poster  : At 1573043981233 location is 65.05781530298276 (latitude), and 25.46806917666762 (longitude)
11-06 14:39:41.234 24017 24017 D Poster  : Connected to mobile network 20
11-06 14:39:41.266 24017 24051 D Evaluation: Frame 621 sent at 1573043981266
11-06 14:39:41.268 24017 24051 D Evaluation: 0 res for frame 605 received at 1573043981268
11-06 14:39:41.287 24017 24051 D Evaluation: Frame 622 sent at 1573043981287
11-06 14:39:41.289 24017 24051 D Evaluation: 0 res for frame 606 received at 1573043981289
11-06 14:39:41.318 24017 24051 D Evaluation: Frame 623 sent at 1573043981317
11-06 14:39:41.319 24017 24051 D Evaluation: 0 res for frame 607 received at 1573043981319
11-06 14:39:41.355 24017 24051 D Evaluation: Frame 624 sent at 1573043981355
11-06 14:39:41.357 24017 24051 D Evaluation: 0 res for frame 608 received at 1573043981357
11-06 14:39:41.386 24017 24051 D Evaluation: Frame 625 sent at 1573043981386
11-06 14:39:41.387 24017 24051 D Evaluation: 0 res for frame 609 received at 1573043981387
11-06 14:39:41.425 24017 24051 D Evaluation: Frame 626 sent at 1573043981425
11-06 14:39:41.427 24017 24051 D Evaluation: 0 res for frame 610 received at 1573043981427
11-06 14:39:41.454 24017 24051 D Evaluation: Frame 627 sent at 1573043981454
11-06 14:39:41.456 24017 24051 D Evaluation: 0 res for frame 611 received at 1573043981456
11-06 14:39:41.489 24017 24051 D Evaluation: Frame 628 sent at 1573043981489
11-06 14:39:41.491 24017 24051 D Evaluation: 0 res for frame 612 received at 1573043981491
11-06 14:39:41.525 24017 24051 D Evaluation: Frame 629 sent at 1573043981525
11-06 14:39:41.527 24017 24051 D Evaluation: 0 res for frame 613 received at 1573043981527
11-06 14:39:41.558 24017 24051 D Evaluation: Frame 630 sent at 1573043981558
11-06 14:39:41.559 24017 24051 D Evaluation: 0 res for frame 614 received at 1573043981559
11-06 14:39:41.592 24017 24051 D Evaluation: Frame 631 sent at 1573043981592
11-06 14:39:41.594 24017 24051 D Evaluation: 0 res for frame 615 received at 1573043981594
11-06 14:39:41.628 24017 24051 D Evaluation: Frame 632 sent at 1573043981628
11-06 14:39:41.629 24017 24051 D Evaluation: 0 res for frame 616 received at 1573043981629
11-06 14:39:41.663 24017 24051 D Evaluation: Frame 633 sent at 1573043981663
11-06 14:39:41.665 24017 24051 D Evaluation: 0 res for frame 617 received at 1573043981665
11-06 14:39:41.690 24017 24051 D Evaluation: Frame 634 sent at 1573043981690
11-06 14:39:41.691 24017 24051 D Evaluation: 0 res for frame 618 received at 1573043981691
11-06 14:39:41.725 24017 24051 D Evaluation: Frame 635 sent at 1573043981725
11-06 14:39:41.727 24017 24051 D Evaluation: 0 res for frame 619 received at 1573043981727
11-06 14:39:41.758 24017 24051 D Evaluation: Frame 636 sent at 1573043981758
11-06 14:39:41.759 24017 24051 D Evaluation: 0 res for frame 620 received at 1573043981759
11-06 14:39:41.792 24017 24051 D Evaluation: Frame 637 sent at 1573043981792
11-06 14:39:41.794 24017 24051 D Evaluation: 0 res for frame 621 received at 1573043981794
11-06 14:39:41.834 24017 24051 D Evaluation: Frame 638 sent at 1573043981834
11-06 14:39:41.835 24017 24051 D Evaluation: 0 res for frame 622 received at 1573043981835
11-06 14:39:41.865 24017 24051 D Evaluation: Frame 639 sent at 1573043981865
11-06 14:39:41.867 24017 24051 D Evaluation: 0 res for frame 623 received at 1573043981867
11-06 14:39:41.892 24017 24051 D Evaluation: Frame 640 sent at 1573043981892
11-06 14:39:41.893 24017 24051 D Evaluation: 0 res for frame 624 received at 1573043981893
11-06 14:39:41.927 24017 24051 D Evaluation: Frame 641 sent at 1573043981927
11-06 14:39:41.928 24017 24051 D Evaluation: 0 res for frame 625 received at 1573043981928
11-06 14:39:41.961 24017 24051 D Evaluation: Frame 642 sent at 1573043981961
11-06 14:39:41.963 24017 24051 D Evaluation: 0 res for frame 626 received at 1573043981963
11-06 14:39:42.001 24017 24028 E         : [ZeroHung]zrhung_get_config: Get config failed for wp[0x0008]
11-06 14:39:42.001 24017 24051 D Evaluation: Frame 643 sent at 1573043982001
11-06 14:39:42.003 24017 24051 D Evaluation: 0 res for frame 627 received at 1573043982003
11-06 14:39:42.019 24017 24026 W System  : A resource failed to call close. 
11-06 14:39:42.022 24017 24026 I chatty  : uid=10149(symlab.cloudridar.arhud) FinalizerDaemon identical 56 lines
11-06 14:39:42.022 24017 24026 W System  : A resource failed to call close. 
11-06 14:39:42.026 24017 24051 D Evaluation: Frame 644 sent at 1573043982026
11-06 14:39:42.027 24017 24051 D Evaluation: 0 res for frame 628 received at 1573043982027
11-06 14:39:42.058 24017 24051 D Evaluation: Frame 645 sent at 1573043982058
11-06 14:39:42.060 24017 24051 D Evaluation: 0 res for frame 629 received at 1573043982060
11-06 14:39:42.092 24017 24051 D Evaluation: Frame 646 sent at 1573043982092
11-06 14:39:42.094 24017 24051 D Evaluation: 0 res for frame 630 received at 1573043982094
11-06 14:39:42.130 24017 24051 D Evaluation: Frame 647 sent at 1573043982130
11-06 14:39:42.132 24017 24051 D Evaluation: 0 res for frame 631 received at 1573043982132
11-06 14:39:42.160 24017 24051 D Evaluation: Frame 648 sent at 1573043982160
11-06 14:39:42.162 24017 24051 D Evaluation: 0 res for frame 632 received at 1573043982162
11-06 14:39:42.194 24017 24051 D Evaluation: Frame 649 sent at 1573043982194
11-06 14:39:42.195 24017 24051 D Evaluation: 0 res for frame 633 received at 1573043982195
11-06 14:39:42.219 24017 24017 D Poster  : At 1573043982219 location is 65.05781813771681 (latitude), and 25.468085779366916 (longitude)
11-06 14:39:42.221 24017 24017 D Poster  : Connected to mobile network 20
11-06 14:39:42.230 24017 24051 D Evaluation: Frame 650 sent at 1573043982230
11-06 14:39:42.232 24017 24051 D Evaluation: 0 res for frame 634 received at 1573043982232
11-06 14:39:42.262 24017 24051 D Evaluation: Frame 651 sent at 1573043982262
11-06 14:39:42.264 24017 24051 D Evaluation: 0 res for frame 635 received at 1573043982264
11-06 14:39:42.293 24017 24051 D Evaluation: Frame 652 sent at 1573043982293
11-06 14:39:42.294 24017 24051 D Evaluation: 0 res for frame 636 received at 1573043982294
11-06 14:39:42.334 24017 24051 D Evaluation: Frame 653 sent at 1573043982334
11-06 14:39:42.335 24017 24051 D Evaluation: 0 res for frame 637 received at 1573043982335
11-06 14:39:42.364 24017 24051 D Evaluation: Frame 654 sent at 1573043982364
11-06 14:39:42.365 24017 24051 D Evaluation: 0 res for frame 638 received at 1573043982365
11-06 14:39:42.396 24017 24051 D Evaluation: Frame 655 sent at 1573043982396
11-06 14:39:42.398 24017 24051 D Evaluation: 0 res for frame 639 received at 1573043982397
11-06 14:39:42.434 24017 24051 D Evaluation: Frame 656 sent at 1573043982434
11-06 14:39:42.436 24017 24051 D Evaluation: 0 res for frame 640 received at 1573043982436
11-06 14:39:42.466 24017 24051 D Evaluation: Frame 657 sent at 1573043982466
11-06 14:39:42.468 24017 24051 D Evaluation: 0 res for frame 641 received at 1573043982468
11-06 14:39:42.500 24017 24051 D Evaluation: Frame 658 sent at 1573043982500
11-06 14:39:42.502 24017 24051 D Evaluation: 2 res for frame 642 received at 1573043982502
11-06 14:39:42.540 24017 24051 D Evaluation: Frame 659 sent at 1573043982540
11-06 14:39:42.542 24017 24051 D Evaluation: 0 res for frame 643 received at 1573043982542
11-06 14:39:42.562 24017 24051 D Evaluation: Frame 660 sent at 1573043982562
11-06 14:39:42.563 24017 24051 D Evaluation: 0 res for frame 644 received at 1573043982563
11-06 14:39:42.594 24017 24051 D Evaluation: Frame 661 sent at 1573043982594
11-06 14:39:42.596 24017 24051 D Evaluation: 0 res for frame 645 received at 1573043982596
11-06 14:39:42.632 24017 24051 D Evaluation: Frame 662 sent at 1573043982632
11-06 14:39:42.634 24017 24051 D Evaluation: 0 res for frame 646 received at 1573043982634
11-06 14:39:42.673 24017 24051 D Evaluation: Frame 663 sent at 1573043982673
11-06 14:39:42.676 24017 24051 D Evaluation: 0 res for frame 647 received at 1573043982676
11-06 14:39:42.701 24017 24051 D Evaluation: Frame 664 sent at 1573043982701
11-06 14:39:42.702 24017 24051 D Evaluation: 0 res for frame 648 received at 1573043982702
11-06 14:39:42.729 24017 24051 D Evaluation: Frame 665 sent at 1573043982729
11-06 14:39:42.731 24017 24051 D Evaluation: 0 res for frame 649 received at 1573043982731
11-06 14:39:42.763 24017 24051 D Evaluation: Frame 666 sent at 1573043982763
11-06 14:39:42.765 24017 24051 D Evaluation: 0 res for frame 650 received at 1573043982765
11-06 14:39:42.799 24017 24051 D Evaluation: Frame 667 sent at 1573043982799
11-06 14:39:42.800 24017 24051 D Evaluation: 0 res for frame 651 received at 1573043982800
11-06 14:39:42.845 24017 24051 D Evaluation: Frame 668 sent at 1573043982845
11-06 14:39:42.846 24017 24051 D Evaluation: 0 res for frame 652 received at 1573043982846
11-06 14:39:42.871 24017 24051 D Evaluation: Frame 669 sent at 1573043982871
11-06 14:39:42.873 24017 24051 D Evaluation: 0 res for frame 653 received at 1573043982872
11-06 14:39:42.906 24017 24051 D Evaluation: Frame 670 sent at 1573043982906
11-06 14:39:42.908 24017 24051 D Evaluation: 0 res for frame 654 received at 1573043982908
11-06 14:39:42.932 24017 24051 D Evaluation: Frame 671 sent at 1573043982932
11-06 14:39:42.934 24017 24051 D Evaluation: 0 res for frame 655 received at 1573043982934
11-06 14:39:42.965 24017 24051 D Evaluation: Frame 672 sent at 1573043982965
11-06 14:39:42.966 24017 24051 D Evaluation: 0 res for frame 656 received at 1573043982966
11-06 14:39:43.000 24017 24051 D Evaluation: Frame 673 sent at 1573043983000
11-06 14:39:43.002 24017 24028 E         : [ZeroHung]zrhung_get_config: Get config failed for wp[0x0008]
11-06 14:39:43.002 24017 24051 D Evaluation: 0 res for frame 657 received at 1573043983002
11-06 14:39:43.017 24017 24026 W System  : A resource failed to call close. 
11-06 14:39:43.020 24017 24026 I chatty  : uid=10149(symlab.cloudridar.arhud) FinalizerDaemon identical 51 lines
11-06 14:39:43.020 24017 24026 W System  : A resource failed to call close. 
11-06 14:39:43.021 24017 24026 W System  : A resource failed to call close. 
11-06 14:39:43.022 24017 24026 W System  : A resource failed to call close. 
11-06 14:39:43.022 24017 24026 I chatty  : uid=10149(symlab.cloudridar.arhud) FinalizerDaemon identical 6 lines
11-06 14:39:43.022 24017 24026 W System  : A resource failed to call close. 
11-06 14:39:43.036 24017 24051 D Evaluation: Frame 674 sent at 1573043983036
11-06 14:39:43.037 24017 24051 D Evaluation: 0 res for frame 658 received at 1573043983037
11-06 14:39:43.068 24017 24051 D Evaluation: Frame 675 sent at 1573043983068
11-06 14:39:43.069 24017 24051 D Evaluation: 0 res for frame 659 received at 1573043983069
11-06 14:39:43.106 24017 24051 D Evaluation: Frame 676 sent at 1573043983106
11-06 14:39:43.107 24017 24051 D Evaluation: 0 res for frame 660 received at 1573043983107
11-06 14:39:43.136 24017 24051 D Evaluation: Frame 677 sent at 1573043983136
11-06 14:39:43.138 24017 24051 D Evaluation: 0 res for frame 661 received at 1573043983138
11-06 14:39:43.168 24017 24051 D Evaluation: Frame 678 sent at 1573043983168
11-06 14:39:43.169 24017 24051 D Evaluation: 0 res for frame 662 received at 1573043983169
11-06 14:39:43.201 24017 24017 D Poster  : At 1573043983201 location is 65.05782014274072 (latitude), and 25.468097522512974 (longitude)
11-06 14:39:43.203 24017 24017 D Poster  : Connected to mobile network 20
11-06 14:39:43.205 24017 24051 D Evaluation: Frame 679 sent at 1573043983205
11-06 14:39:43.207 24017 24051 D Evaluation: 0 res for frame 663 received at 1573043983207
11-06 14:39:43.237 24017 24051 D Evaluation: Frame 680 sent at 1573043983237
11-06 14:39:43.238 24017 24051 D Evaluation: 0 res for frame 664 received at 1573043983238
11-06 14:39:43.268 24017 24051 D Evaluation: Frame 681 sent at 1573043983268
11-06 14:39:43.270 24017 24051 D Evaluation: 0 res for frame 665 received at 1573043983270
11-06 14:39:43.302 24017 24051 D Evaluation: Frame 682 sent at 1573043983302
11-06 14:39:43.304 24017 24051 D Evaluation: 0 res for frame 666 received at 1573043983304
11-06 14:39:43.335 24017 24051 D Evaluation: Frame 683 sent at 1573043983335
11-06 14:39:43.336 24017 24051 D Evaluation: 0 res for frame 667 received at 1573043983336
11-06 14:39:43.368 24017 24051 D Evaluation: Frame 684 sent at 1573043983368
11-06 14:39:43.370 24017 24051 D Evaluation: 0 res for frame 668 received at 1573043983370
11-06 14:39:43.419 24017 24051 D Evaluation: Frame 685 sent at 1573043983419
11-06 14:39:43.421 24017 24051 D Evaluation: 0 res for frame 669 received at 1573043983421
11-06 14:39:43.448 24017 24051 D Evaluation: Frame 686 sent at 1573043983448
11-06 14:39:43.449 24017 24051 D Evaluation: 0 res for frame 670 received at 1573043983449
11-06 14:39:43.487 24017 24051 D Evaluation: Frame 687 sent at 1573043983487
11-06 14:39:43.488 24017 24051 D Evaluation: 0 res for frame 671 received at 1573043983488
11-06 14:39:43.515 24017 24051 D Evaluation: Frame 688 sent at 1573043983515
11-06 14:39:43.516 24017 24051 D Evaluation: 0 res for frame 672 received at 1573043983516
11-06 14:39:43.557 24017 24051 D Evaluation: Frame 689 sent at 1573043983557
11-06 14:39:43.559 24017 24051 D Evaluation: 0 res for frame 673 received at 1573043983559
11-06 14:39:43.594 24017 24051 D Evaluation: Frame 690 sent at 1573043983594
11-06 14:39:43.597 24017 24051 D Evaluation: 0 res for frame 674 received at 1573043983597
11-06 14:39:43.615 24017 24051 D Evaluation: Frame 691 sent at 1573043983614
11-06 14:39:43.616 24017 24051 D Evaluation: 0 res for frame 675 received at 1573043983616
11-06 14:39:43.646 24017 24051 D Evaluation: Frame 692 sent at 1573043983646
11-06 14:39:43.647 24017 24051 D Evaluation: 2 res for frame 676 received at 1573043983647
11-06 14:39:43.684 24017 24051 D Evaluation: Frame 693 sent at 1573043983684
11-06 14:39:43.685 24017 24051 D Evaluation: 0 res for frame 677 received at 1573043983685
11-06 14:39:43.719 24017 24051 D Evaluation: Frame 694 sent at 1573043983719
11-06 14:39:43.721 24017 24051 D Evaluation: 0 res for frame 678 received at 1573043983721
11-06 14:39:43.751 24017 24051 D Evaluation: Frame 695 sent at 1573043983751
11-06 14:39:43.753 24017 24051 D Evaluation: 0 res for frame 679 received at 1573043983753
11-06 14:39:43.789 24017 24051 D Evaluation: Frame 696 sent at 1573043983789
11-06 14:39:43.791 24017 24051 D Evaluation: 2 res for frame 680 received at 1573043983791
11-06 14:39:43.827 24017 24051 D Evaluation: Frame 697 sent at 1573043983827
11-06 14:39:43.828 24017 24051 D Evaluation: 0 res for frame 681 received at 1573043983828
11-06 14:39:43.893 24017 24051 D Evaluation: Frame 698 sent at 1573043983893
11-06 14:39:43.895 24017 24051 D Evaluation: 0 res for frame 682 received at 1573043983895
11-06 14:39:43.930 24017 24051 D Evaluation: Frame 699 sent at 1573043983930
11-06 14:39:43.932 24017 24051 D Evaluation: 0 res for frame 683 received at 1573043983932
11-06 14:39:43.954 24017 24051 D Evaluation: Frame 700 sent at 1573043983954
11-06 14:39:43.956 24017 24051 D Evaluation: 0 res for frame 684 received at 1573043983956
11-06 14:39:43.982 24017 24051 D Evaluation: Frame 701 sent at 1573043983982
11-06 14:39:43.984 24017 24051 D Evaluation: 0 res for frame 685 received at 1573043983984
11-06 14:39:44.017 24017 24051 D Evaluation: Frame 702 sent at 1573043984017
11-06 14:39:44.019 24017 24051 D Evaluation: 0 res for frame 686 received at 1573043984019
11-06 14:39:44.079 24017 24051 D Evaluation: Frame 703 sent at 1573043984079
11-06 14:39:44.081 24017 24051 D Evaluation: 0 res for frame 687 received at 1573043984081
11-06 14:39:44.118 24017 24051 D Evaluation: Frame 704 sent at 1573043984118
11-06 14:39:44.120 24017 24051 D Evaluation: 0 res for frame 688 received at 1573043984120
11-06 14:39:44.140 24017 24051 D Evaluation: Frame 705 sent at 1573043984140
11-06 14:39:44.141 24017 24051 D Evaluation: 0 res for frame 689 received at 1573043984141
11-06 14:39:44.172 24017 24051 D Evaluation: Frame 706 sent at 1573043984172
11-06 14:39:44.173 24017 24051 D Evaluation: 0 res for frame 690 received at 1573043984173
11-06 14:39:44.209 24017 24017 D Poster  : At 1573043984208 location is 65.05782072183648 (latitude), and 25.468100914192604 (longitude)
11-06 14:39:44.210 24017 24051 D Evaluation: Frame 707 sent at 1573043984210
11-06 14:39:44.210 24017 24017 D Poster  : Connected to mobile network 20
11-06 14:39:44.212 24017 24028 E         : [ZeroHung]zrhung_get_config: Get config failed for wp[0x0008]
11-06 14:39:44.213 24017 24051 D Evaluation: 0 res for frame 691 received at 1573043984213
11-06 14:39:44.234 24017 24026 W System  : A resource failed to call close. 
11-06 14:39:44.237 24017 24026 I chatty  : uid=10149(symlab.cloudridar.arhud) FinalizerDaemon identical 65 lines
11-06 14:39:44.237 24017 24026 W System  : A resource failed to call close. 
11-06 14:39:44.243 24017 24051 D Evaluation: Frame 708 sent at 1573043984243
11-06 14:39:44.244 24017 24051 D Evaluation: 2 res for frame 692 received at 1573043984244
11-06 14:39:44.275 24017 24051 D Evaluation: Frame 709 sent at 1573043984275
11-06 14:39:44.276 24017 24051 D Evaluation: 1 res for frame 693 received at 1573043984276
11-06 14:39:44.311 24017 24051 D Evaluation: Frame 710 sent at 1573043984311
11-06 14:39:44.313 24017 24051 D Evaluation: 2 res for frame 694 received at 1573043984313
11-06 14:39:44.317 24017 24017 V InputMethodManager: Reporting focus gain, without startInput
11-06 14:39:44.347 24017 24051 D Evaluation: Frame 711 sent at 1573043984347
11-06 14:39:44.349 24017 24051 D Evaluation: 1 res for frame 695 received at 1573043984349
11-06 14:39:44.375 24017 24051 D Evaluation: Frame 712 sent at 1573043984375
11-06 14:39:44.376 24017 24051 D Evaluation: 1 res for frame 696 received at 1573043984376
11-06 14:39:44.413 24017 24051 D Evaluation: Frame 713 sent at 1573043984413
11-06 14:39:44.415 24017 24051 D Evaluation: 1 res for frame 697 received at 1573043984415
11-06 14:39:44.444 24017 24051 D Evaluation: Frame 714 sent at 1573043984444
11-06 14:39:44.445 24017 24051 D Evaluation: 2 res for frame 698 received at 1573043984445
11-06 14:39:44.475 24017 24051 D Evaluation: Frame 715 sent at 1573043984475
11-06 14:39:44.476 24017 24051 D Evaluation: 2 res for frame 699 received at 1573043984476
11-06 14:39:44.513 24017 24051 D Evaluation: Frame 716 sent at 1573043984513
11-06 14:39:44.515 24017 24051 D Evaluation: 2 res for frame 700 received at 1573043984515
11-06 14:39:44.556 24017 24051 D Evaluation: Frame 717 sent at 1573043984556
11-06 14:39:44.558 24017 24051 D Evaluation: 0 res for frame 701 received at 1573043984558
11-06 14:39:44.578 24017 24051 D Evaluation: Frame 718 sent at 1573043984578
11-06 14:39:44.579 24017 24051 D Evaluation: 0 res for frame 702 received at 1573043984579
11-06 14:39:44.612 24017 24051 D Evaluation: Frame 719 sent at 1573043984612
11-06 14:39:44.613 24017 24051 D Evaluation: 0 res for frame 703 received at 1573043984613
11-06 14:39:44.655 24017 24051 D Evaluation: Frame 720 sent at 1573043984655
11-06 14:39:44.656 24017 24051 D Evaluation: 0 res for frame 704 received at 1573043984656
11-06 14:39:44.694 24017 24051 D Evaluation: Frame 721 sent at 1573043984694
11-06 14:39:44.696 24017 24051 D Evaluation: 0 res for frame 705 received at 1573043984696
11-06 14:39:44.718 24017 24051 D Evaluation: Frame 722 sent at 1573043984718
11-06 14:39:44.719 24017 24051 D Evaluation: 0 res for frame 706 received at 1573043984719
11-06 14:39:44.745 24017 24051 D Evaluation: Frame 723 sent at 1573043984745
11-06 14:39:44.747 24017 24051 D Evaluation: 1 res for frame 707 received at 1573043984747
11-06 14:39:44.788 24017 24051 D Evaluation: Frame 724 sent at 1573043984787
11-06 14:39:44.789 24017 24051 D Evaluation: 2 res for frame 708 received at 1573043984789
11-06 14:39:44.826 24017 24051 D Evaluation: Frame 725 sent at 1573043984826
11-06 14:39:44.827 24017 24051 D Evaluation: 1 res for frame 709 received at 1573043984827
11-06 14:39:44.865 24017 24051 D Evaluation: Frame 726 sent at 1573043984865
11-06 14:39:44.866 24017 24051 D Evaluation: 2 res for frame 710 received at 1573043984866
11-06 14:39:44.903 24017 24051 D Evaluation: Frame 727 sent at 1573043984903
11-06 14:39:44.904 24017 24051 D Evaluation: 0 res for frame 711 received at 1573043984904
11-06 14:39:44.938 24017 24051 D Evaluation: Frame 728 sent at 1573043984937
11-06 14:39:44.939 24017 24051 D Evaluation: 0 res for frame 712 received at 1573043984939
11-06 14:39:44.966 24017 24051 D Evaluation: Frame 729 sent at 1573043984966
