--------- beginning of main
11-06 11:15:49.643 29849 29849 W logcat  : type=1400 audit(0.0:34669): avc: granted { create } for name="logcat_1573031749632.txt" scontext=u:r:untrusted_app:s0:c149,c256,c512,c768 tcontext=u:object_r:sdcardfs:s0:c149,c256,c512,c768 tclass=file
11-06 11:15:49.646 29826 29826 I MultiDex: Installing application
11-06 11:15:49.646 29826 29826 I MultiDex: VM has multidex support, MultiDex support library is disabled.
--------- beginning of system
11-06 11:15:49.649 29826 29826 V ActivityThread: callActivityOnCreate
11-06 11:15:49.649 29826 29826 I Poster  :  onCreate() called.
11-06 11:15:49.653 29826 29826 I HwApsImpl: APS: new HwApsImpl created
11-06 11:15:49.659 29826 29826 V HwWidgetFactory: : successes to get AllImpl object and return....
11-06 11:15:49.665 29826 29826 D OpenGLRenderer: Skia GL Pipeline
11-06 11:15:49.688 29826 29826 D Poster  : Server bound to IP 193.166.28.132 and port 52727
11-06 11:15:49.692 29826 29860 D Evaluation: metadata 0 sent 
11-06 11:15:49.693 29826 29826 D ActivityThread: add activity client record, r= ActivityRecord{fd66872 token=android.os.BinderProxy@8cd3ec5 {symlab.cloudridar.arhud/symlab.ARHUD.MainActivity}} token= android.os.BinderProxy@8cd3ec5
11-06 11:15:49.695 29826 29826 I Poster  :  onStart() called.
11-06 11:15:49.695 29826 29826 D ZrHung.AppEyeUiProbe: notify runnable to start.
11-06 11:15:49.697 29826 29826 I Poster  :  onResume() called.
11-06 11:15:49.700 29826 29826 I PermissionManager: camera remind result:true
11-06 11:15:49.700 29826 29826 I Camera  : open camera: 0, package name: symlab.cloudridar.arhud
11-06 11:15:49.701 29826 29826 I BackgroundPermManager: pkgName: symlab.cloudridar.arhud,pid: 29826 ,uidOf3RdApk: 10149 ,permType: 0 ,permCfg: 1
11-06 11:15:49.701 29826 29826 I HwCameraUtil: notifySurfaceFlingerCameraStatus : isFront = false , isOpend = true
11-06 11:15:49.715 29826 29826 D ActivityThread: isOptEnabled=false isWechatScanOpt=false
11-06 11:15:49.716 29826 29826 I HwSecImmHelper: mSecurityInputMethodService is null
11-06 11:15:49.723 29826 29826 D OpenGLRenderer:   HWUI Binary is  enabled
11-06 11:15:49.735 29826 29878 D HiTouch_PressGestureDetector: onAttached, package=symlab.cloudridar.arhud, windowType=1, mHiTouchRestricted=false
11-06 11:15:49.746 29826 29877 I ConfigStore: android::hardware::configstore::V1_0::ISurfaceFlingerConfigs::hasWideColorDisplay retrieved: 0
11-06 11:15:49.746 29826 29877 I ConfigStore: android::hardware::configstore::V1_0::ISurfaceFlingerConfigs::hasHDRDisplay retrieved: 0
11-06 11:15:49.746 29826 29877 I iGraphics: [0020080c] pn: symlab.cloudridar.arhud, p: 29826
11-06 11:15:49.746 29826 29877 I OpenGLRenderer: Initialized EGL, version 1.4, mEglDisplay 0x1
11-06 11:15:49.746 29826 29877 D OpenGLRenderer: Swap behavior 2
11-06 11:15:49.757 29826 29877 D mali_winsys: EGLint new_window_surface(egl_winsys_display *, void *, EGLSurface, EGLConfig, egl_winsys_surface **, EGLBoolean) returns 0x3000
11-06 11:15:49.766 29826 29826 I Poster  :  surfaceCreated() called.
11-06 11:15:49.766 29826 29826 I Poster  : initPreview() called
11-06 11:15:49.770 29826 29826 I PermissionManager: camera remind result:true
11-06 11:15:49.776 29826 29826 I Poster  :  surfaceChanged() called.
11-06 11:15:49.792 29826 29826 W InputMethodManager: startInputReason = 1
11-06 11:15:49.803 29826 29826 W InputMethodManager: startInputReason = 5
11-06 11:15:50.052 29826 29860 D Evaluation: metadata 1 sent 
11-06 11:15:50.083 29826 29860 D Evaluation: metadata 2 sent 
11-06 11:15:50.120 29826 29860 D Evaluation: metadata 3 sent 
11-06 11:15:50.156 29826 29860 D Evaluation: metadata 4 sent 
11-06 11:15:50.193 29826 29860 D Evaluation: metadata 5 sent 
11-06 11:15:50.240 29826 29860 D Evaluation: Frame 6 sent at 1573031750240
11-06 11:15:50.264 29826 29860 D Evaluation: Frame 7 sent at 1573031750264
11-06 11:15:50.298 29826 29860 D Evaluation: Frame 8 sent at 1573031750298
11-06 11:15:50.333 29826 29826 D Poster  : At 1573031750333 location is 65.05993756346251 (latitude), and 25.468542873142063 (longitude)
11-06 11:15:50.335 29826 29860 D Evaluation: Frame 9 sent at 1573031750335
11-06 11:15:50.336 29826 29826 D Poster  : Connected to mobile network 20
11-06 11:15:50.371 29826 29860 D Evaluation: Frame 10 sent at 1573031750371
11-06 11:15:50.399 29826 29860 D Evaluation: Frame 11 sent at 1573031750399
11-06 11:15:50.433 29826 29860 D Evaluation: Frame 12 sent at 1573031750433
11-06 11:15:50.470 29826 29860 D Evaluation: Frame 13 sent at 1573031750470
11-06 11:15:50.504 29826 29860 D Evaluation: Frame 14 sent at 1573031750504
11-06 11:15:50.538 29826 29860 D Evaluation: Frame 15 sent at 1573031750538
11-06 11:15:50.570 29826 29837 E         : [ZeroHung]zrhung_get_config: Get config failed for wp[0x0008]
11-06 11:15:50.571 29826 29860 D Evaluation: Frame 16 sent at 1573031750571
11-06 11:15:50.605 29826 29860 D Evaluation: Frame 17 sent at 1573031750605
11-06 11:15:50.635 29826 29860 D Evaluation: Frame 18 sent at 1573031750635
11-06 11:15:50.668 29826 29860 D Evaluation: Frame 19 sent at 1573031750668
11-06 11:15:50.706 29826 29860 D Evaluation: Frame 20 sent at 1573031750706
11-06 11:15:50.739 29826 29860 D Evaluation: Frame 21 sent at 1573031750739
11-06 11:15:50.773 29826 29860 D Evaluation: Frame 22 sent at 1573031750773
11-06 11:15:50.806 29826 29860 D Evaluation: Frame 23 sent at 1573031750806
11-06 11:15:50.840 29826 29860 D Evaluation: Frame 24 sent at 1573031750840
11-06 11:15:50.873 29826 29860 D Evaluation: Frame 25 sent at 1573031750873
11-06 11:15:50.904 29826 29860 D Evaluation: Frame 26 sent at 1573031750904
11-06 11:15:50.951 29826 29860 D Evaluation: Frame 27 sent at 1573031750951
11-06 11:15:50.979 29826 29860 D Evaluation: Frame 28 sent at 1573031750978
11-06 11:15:51.022 29826 29860 D Evaluation: Frame 29 sent at 1573031751022
11-06 11:15:51.056 29826 29860 D Evaluation: Frame 30 sent at 1573031751056
11-06 11:15:51.097 29826 29860 D Evaluation: Frame 31 sent at 1573031751097
11-06 11:15:51.118 29826 29860 D Evaluation: Frame 32 sent at 1573031751118
11-06 11:15:51.153 29826 29860 D Evaluation: Frame 33 sent at 1573031751153
11-06 11:15:51.180 29826 29860 D Evaluation: Frame 34 sent at 1573031751180
11-06 11:15:51.222 29826 29860 D Evaluation: Frame 35 sent at 1573031751222
11-06 11:15:51.252 29826 29860 D Evaluation: Frame 36 sent at 1573031751252
11-06 11:15:51.293 29826 29860 D Evaluation: Frame 37 sent at 1573031751292
11-06 11:15:51.328 29826 29860 D Evaluation: Frame 38 sent at 1573031751328
11-06 11:15:51.330 29826 29826 D Poster  : At 1573031751330 location is 65.05993756346251 (latitude), and 25.468542873142063 (longitude)
11-06 11:15:51.333 29826 29826 D Poster  : Connected to mobile network 20
11-06 11:15:51.369 29826 29860 D Evaluation: Frame 39 sent at 1573031751369
11-06 11:15:51.389 29826 29860 D Evaluation: Frame 40 sent at 1573031751389
11-06 11:15:51.423 29826 29860 D Evaluation: Frame 41 sent at 1573031751423
11-06 11:15:51.457 29826 29860 D Evaluation: Frame 42 sent at 1573031751457
11-06 11:15:51.498 29826 29860 D Evaluation: Frame 43 sent at 1573031751498
11-06 11:15:51.545 29826 29860 D Evaluation: Frame 44 sent at 1573031751545
11-06 11:15:51.566 29826 29860 D Evaluation: Frame 45 sent at 1573031751566
11-06 11:15:51.609 29826 29860 D Evaluation: Frame 46 sent at 1573031751609
11-06 11:15:51.637 29826 29860 D Evaluation: Frame 47 sent at 1573031751637
11-06 11:15:51.671 29826 29860 D Evaluation: Frame 48 sent at 1573031751671
11-06 11:15:51.707 29826 29860 D Evaluation: Frame 49 sent at 1573031751707
11-06 11:15:51.738 29826 29860 D Evaluation: Frame 50 sent at 1573031751738
11-06 11:15:51.765 29826 29860 D Evaluation: Frame 51 sent at 1573031751765
11-06 11:15:51.813 29826 29860 D Evaluation: Frame 52 sent at 1573031751813
11-06 11:15:51.842 29826 29860 D Evaluation: Frame 53 sent at 1573031751842
11-06 11:15:51.867 29826 29860 D Evaluation: Frame 54 sent at 1573031751867
11-06 11:15:51.899 29826 29860 D Evaluation: Frame 55 sent at 1573031751899
11-06 11:15:51.931 29826 29860 D Evaluation: Frame 56 sent at 1573031751931
11-06 11:15:51.960 29826 29860 D Evaluation: Frame 57 sent at 1573031751960
11-06 11:15:51.996 29826 29860 D Evaluation: Frame 58 sent at 1573031751996
11-06 11:15:52.035 29826 29860 D Evaluation: Frame 59 sent at 1573031752035
11-06 11:15:52.079 29826 29860 D Evaluation: Frame 60 sent at 1573031752079
11-06 11:15:52.107 29826 29860 D Evaluation: Frame 61 sent at 1573031752107
11-06 11:15:52.142 29826 29860 D Evaluation: Frame 62 sent at 1573031752142
11-06 11:15:52.176 29826 29860 D Evaluation: Frame 63 sent at 1573031752176
11-06 11:15:52.206 29826 29860 D Evaluation: Frame 64 sent at 1573031752206
11-06 11:15:52.242 29826 29860 D Evaluation: Frame 65 sent at 1573031752242
11-06 11:15:52.272 29826 29860 D Evaluation: Frame 66 sent at 1573031752272
11-06 11:15:52.307 29826 29860 D Evaluation: Frame 67 sent at 1573031752307
11-06 11:15:52.307 29826 29837 E         : [ZeroHung]zrhung_get_config: Get config failed for wp[0x0008]
11-06 11:15:52.330 29826 29826 D Poster  : At 1573031752330 location is 65.05993804951085 (latitude), and 25.46853710810738 (longitude)
11-06 11:15:52.331 29826 29860 D Evaluation: Frame 68 sent at 1573031752331
11-06 11:15:52.332 29826 29826 D Poster  : Connected to mobile network 20
11-06 11:15:52.371 29826 29860 D Evaluation: Frame 69 sent at 1573031752371
11-06 11:15:52.406 29826 29860 D Evaluation: Frame 70 sent at 1573031752406
11-06 11:15:52.446 29826 29860 D Evaluation: Frame 71 sent at 1573031752446
11-06 11:15:52.485 29826 29860 D Evaluation: Frame 72 sent at 1573031752485
11-06 11:15:52.509 29826 29860 D Evaluation: Frame 73 sent at 1573031752509
11-06 11:15:52.537 29826 29860 D Evaluation: Frame 74 sent at 1573031752537
11-06 11:15:52.602 29826 29860 D Evaluation: Frame 75 sent at 1573031752601
11-06 11:15:52.634 29826 29860 D Evaluation: Frame 76 sent at 1573031752634
11-06 11:15:52.670 29826 29860 D Evaluation: Frame 77 sent at 1573031752670
11-06 11:15:52.725 29826 29860 D Evaluation: Frame 78 sent at 1573031752725
11-06 11:15:52.753 29826 29860 D Evaluation: Frame 79 sent at 1573031752753
11-06 11:15:52.776 29826 29860 D Evaluation: Frame 80 sent at 1573031752776
11-06 11:15:52.811 29826 29860 D Evaluation: Frame 81 sent at 1573031752811
11-06 11:15:52.845 29826 29860 D Evaluation: Frame 82 sent at 1573031752845
11-06 11:15:52.883 29826 29860 D Evaluation: Frame 83 sent at 1573031752883
11-06 11:15:52.920 29826 29860 D Evaluation: Frame 84 sent at 1573031752920
11-06 11:15:52.954 29826 29860 D Evaluation: Frame 86 sent at 1573031752954
11-06 11:15:52.973 29826 29860 D Evaluation: Frame 86 sent at 1573031752973
11-06 11:15:53.006 29826 29860 D Evaluation: Frame 87 sent at 1573031753006
11-06 11:15:53.046 29826 29860 D Evaluation: Frame 88 sent at 1573031753045
11-06 11:15:53.083 29826 29860 D Evaluation: Frame 89 sent at 1573031753083
11-06 11:15:53.114 29826 29860 D Evaluation: Frame 90 sent at 1573031753114
11-06 11:15:53.141 29826 29860 D Evaluation: Frame 91 sent at 1573031753141
11-06 11:15:53.186 29826 29860 D Evaluation: Frame 92 sent at 1573031753186
11-06 11:15:53.219 29826 29860 D Evaluation: Frame 93 sent at 1573031753219
11-06 11:15:53.248 29826 29860 D Evaluation: Frame 94 sent at 1573031753248
11-06 11:15:53.276 29826 29860 D Evaluation: Frame 95 sent at 1573031753276
11-06 11:15:53.311 29826 29860 D Evaluation: Frame 96 sent at 1573031753311
11-06 11:15:53.346 29826 29826 D Poster  : At 1573031753346 location is 65.05994173487817 (latitude), and 25.468538868258367 (longitude)
11-06 11:15:53.348 29826 29826 D Poster  : Connected to mobile network 20
11-06 11:15:53.349 29826 29860 D Evaluation: Frame 97 sent at 1573031753349
11-06 11:15:53.382 29826 29860 D Evaluation: Frame 98 sent at 1573031753382
11-06 11:15:53.411 29826 29860 D Evaluation: Frame 99 sent at 1573031753411
11-06 11:15:53.442 29826 29860 D Evaluation: Frame 100 sent at 1573031753442
11-06 11:15:53.486 29826 29860 D Evaluation: Frame 101 sent at 1573031753486
11-06 11:15:53.527 29826 29860 D Evaluation: Frame 102 sent at 1573031753527
11-06 11:15:53.556 29826 29860 D Evaluation: Frame 103 sent at 1573031753556
11-06 11:15:53.594 29826 29860 D Evaluation: Frame 104 sent at 1573031753594
11-06 11:15:53.617 29826 29860 D Evaluation: Frame 105 sent at 1573031753617
11-06 11:15:53.639 29826 29860 D Evaluation: Frame 106 sent at 1573031753639
11-06 11:15:53.682 29826 29860 D Evaluation: Frame 107 sent at 1573031753681
11-06 11:15:53.716 29826 29860 D Evaluation: Frame 108 sent at 1573031753716
11-06 11:15:53.759 29826 29860 D Evaluation: Frame 110 sent at 1573031753759
11-06 11:15:53.778 29826 29860 D Evaluation: Frame 110 sent at 1573031753778
11-06 11:15:53.816 29826 29860 D Evaluation: Frame 111 sent at 1573031753816
11-06 11:15:53.864 29826 29860 D Evaluation: Frame 112 sent at 1573031753864
11-06 11:15:53.902 29826 29860 D Evaluation: Frame 113 sent at 1573031753902
11-06 11:15:53.934 29826 29860 D Evaluation: Frame 114 sent at 1573031753934
11-06 11:15:53.968 29826 29860 D Evaluation: Frame 115 sent at 1573031753968
11-06 11:15:54.036 29826 29860 D Evaluation: Frame 116 sent at 1573031754036
11-06 11:15:54.060 29826 29860 D Evaluation: Frame 117 sent at 1573031754060
11-06 11:15:54.094 29826 29860 D Evaluation: Frame 118 sent at 1573031754094
11-06 11:15:54.121 29826 29860 D Evaluation: Frame 119 sent at 1573031754121
11-06 11:15:54.162 29826 29837 E         : [ZeroHung]zrhung_get_config: Get config failed for wp[0x0008]
11-06 11:15:54.162 29826 29860 D Evaluation: Frame 120 sent at 1573031754162
11-06 11:15:54.188 29826 29860 D Evaluation: Frame 121 sent at 1573031754188
11-06 11:15:54.226 29826 29860 D Evaluation: Frame 122 sent at 1573031754226
11-06 11:15:54.262 29826 29860 D Evaluation: Frame 123 sent at 1573031754262
11-06 11:15:54.291 29826 29860 D Evaluation: Frame 124 sent at 1573031754290
11-06 11:15:54.323 29826 29860 D Evaluation: Frame 125 sent at 1573031754323
11-06 11:15:54.332 29826 29826 D Poster  : At 1573031754332 location is 65.05994506737194 (latitude), and 25.468549847489477 (longitude)
11-06 11:15:54.335 29826 29826 D Poster  : Connected to mobile network 20
11-06 11:15:54.365 29826 29860 D Evaluation: Frame 126 sent at 1573031754365
11-06 11:15:54.385 29826 29860 D Evaluation: Frame 127 sent at 1573031754385
11-06 11:15:54.418 29826 29860 D Evaluation: Frame 128 sent at 1573031754418
11-06 11:15:54.457 29826 29860 D Evaluation: Frame 129 sent at 1573031754457
11-06 11:15:54.495 29826 29860 D Evaluation: Frame 130 sent at 1573031754495
11-06 11:15:54.536 29826 29860 D Evaluation: Frame 132 sent at 1573031754536
11-06 11:15:54.553 29826 29860 D Evaluation: Frame 132 sent at 1573031754553
11-06 11:15:54.584 29826 29860 D Evaluation: Frame 133 sent at 1573031754584
11-06 11:15:54.616 29826 29860 D Evaluation: Frame 134 sent at 1573031754616
11-06 11:15:54.630 29826 29826 I AwareBitmapCacher: init lrucache size: 2097152 pid=29826
11-06 11:15:54.655 29826 29860 D Evaluation: Frame 135 sent at 1573031754655
11-06 11:15:54.683 29826 29860 D Evaluation: Frame 136 sent at 1573031754683
11-06 11:15:54.729 29826 29860 D Evaluation: Frame 137 sent at 1573031754729
11-06 11:15:54.764 29826 29860 D Evaluation: Frame 138 sent at 1573031754764
11-06 11:15:54.790 29826 29860 D Evaluation: Frame 139 sent at 1573031754790
11-06 11:15:54.824 29826 29860 D Evaluation: Frame 140 sent at 1573031754824
11-06 11:15:54.870 29826 29860 D Evaluation: Frame 141 sent at 1573031754870
11-06 11:15:54.909 29826 29860 D Evaluation: Frame 143 sent at 1573031754909
11-06 11:15:54.934 29826 29860 D Evaluation: Frame 143 sent at 1573031754934
11-06 11:15:54.967 29826 29860 D Evaluation: Frame 144 sent at 1573031754967
11-06 11:15:54.997 29826 29860 D Evaluation: Frame 145 sent at 1573031754997
11-06 11:15:55.028 29826 29860 D Evaluation: Frame 146 sent at 1573031755028
11-06 11:15:55.070 29826 29860 D Evaluation: Frame 147 sent at 1573031755070
11-06 11:15:55.102 29826 29860 D Evaluation: Frame 148 sent at 1573031755102
11-06 11:15:55.131 29826 29860 D Evaluation: Frame 149 sent at 1573031755131
11-06 11:15:55.164 29826 29860 D Evaluation: Frame 150 sent at 1573031755164
11-06 11:15:55.206 29826 29860 D Evaluation: Frame 151 sent at 1573031755206
11-06 11:15:55.244 29826 29860 D Evaluation: Frame 152 sent at 1573031755244
11-06 11:15:55.281 29826 29860 D Evaluation: Frame 154 sent at 1573031755281
11-06 11:15:55.302 29826 29860 D Evaluation: Frame 154 sent at 1573031755302
11-06 11:15:55.328 29826 29860 D Evaluation: Frame 155 sent at 1573031755328
11-06 11:15:55.359 29826 29826 D Poster  : At 1573031755359 location is 65.05994347764806 (latitude), and 25.468569195922587 (longitude)
11-06 11:15:55.360 29826 29860 D Evaluation: Frame 156 sent at 1573031755360
11-06 11:15:55.361 29826 29826 D Poster  : Connected to mobile network 20
11-06 11:15:55.399 29826 29860 D Evaluation: Frame 157 sent at 1573031755399
11-06 11:15:55.435 29826 29860 D Evaluation: Frame 158 sent at 1573031755435
11-06 11:15:55.453 29826 29860 D Evaluation: Frame 159 sent at 1573031755453
11-06 11:15:55.490 29826 29860 D Evaluation: Frame 160 sent at 1573031755490
11-06 11:15:55.537 29826 29860 D Evaluation: Frame 161 sent at 1573031755537
11-06 11:15:55.569 29826 29860 D Evaluation: Frame 162 sent at 1573031755569
11-06 11:15:55.605 29826 29860 D Evaluation: Frame 163 sent at 1573031755605
11-06 11:15:55.637 29826 29860 D Evaluation: Frame 164 sent at 1573031755637
11-06 11:15:55.679 29826 29860 D Evaluation: Frame 165 sent at 1573031755679
11-06 11:15:55.751 29826 29860 D Evaluation: Frame 166 sent at 1573031755751
11-06 11:15:55.778 29826 29860 D Evaluation: Frame 167 sent at 1573031755778
11-06 11:15:55.806 29826 29860 D Evaluation: Frame 168 sent at 1573031755806
11-06 11:15:55.838 29826 29860 D Evaluation: Frame 169 sent at 1573031755838
11-06 11:15:55.840 29826 29860 D Evaluation: 0 res for frame 166 received at 1573031755840
11-06 11:15:55.873 29826 29860 D Evaluation: Frame 170 sent at 1573031755873
11-06 11:15:55.874 29826 29860 D Evaluation: 0 res for frame 167 received at 1573031755874
11-06 11:15:55.909 29826 29860 D Evaluation: Frame 171 sent at 1573031755909
11-06 11:15:55.912 29826 29860 D Evaluation: 0 res for frame 168 received at 1573031755912
11-06 11:15:55.937 29826 29860 D Evaluation: Frame 172 sent at 1573031755937
11-06 11:15:55.939 29826 29860 D Evaluation: 0 res for frame 169 received at 1573031755939
11-06 11:15:55.979 29826 29860 D Evaluation: Frame 174 sent at 1573031755979
11-06 11:15:55.980 29826 29860 D Evaluation: 0 res for frame 170 received at 1573031755980
11-06 11:15:56.001 29826 29860 D Evaluation: Frame 174 sent at 1573031756001
11-06 11:15:56.003 29826 29860 D Evaluation: 0 res for frame 171 received at 1573031756003
11-06 11:15:56.003 29826 29837 E         : [ZeroHung]zrhung_get_config: Get config failed for wp[0x0008]
11-06 11:15:56.023 29826 29835 W System  : A resource failed to call close. 
11-06 11:15:56.025 29826 29835 I chatty  : uid=10149(symlab.cloudridar.arhud) FinalizerDaemon identical 10 lines
11-06 11:15:56.025 29826 29835 W System  : A resource failed to call close. 
11-06 11:15:56.033 29826 29860 D Evaluation: Frame 175 sent at 1573031756033
11-06 11:15:56.034 29826 29860 D Evaluation: 0 res for frame 172 received at 1573031756034
11-06 11:15:56.062 29826 29860 D Evaluation: Frame 176 sent at 1573031756061
11-06 11:15:56.063 29826 29860 D Evaluation: 0 res for frame 174 received at 1573031756063
11-06 11:15:56.104 29826 29860 D Evaluation: Frame 177 sent at 1573031756104
11-06 11:15:56.105 29826 29860 D Evaluation: 0 res for frame 174 received at 1573031756105
11-06 11:15:56.158 29826 29860 D Evaluation: Frame 179 sent at 1573031756158
11-06 11:15:56.161 29826 29860 D Evaluation: 0 res for frame 175 received at 1573031756161
11-06 11:15:56.184 29826 29860 D Evaluation: Frame 179 sent at 1573031756184
11-06 11:15:56.186 29826 29860 D Evaluation: 0 res for frame 176 received at 1573031756186
11-06 11:15:56.213 29826 29860 D Evaluation: Frame 180 sent at 1573031756213
11-06 11:15:56.214 29826 29860 D Evaluation: 0 res for frame 177 received at 1573031756214
11-06 11:15:56.270 29826 29860 D Evaluation: Frame 181 sent at 1573031756270
11-06 11:15:56.271 29826 29860 D Evaluation: 3 res for frame 179 received at 1573031756271
11-06 11:15:56.305 29826 29860 D Evaluation: Frame 182 sent at 1573031756305
11-06 11:15:56.306 29826 29860 D Evaluation: 0 res for frame 179 received at 1573031756306
11-06 11:15:56.333 29826 29826 D Poster  : At 1573031756333 location is 65.05994204430507 (latitude), and 25.468588253118668 (longitude)
11-06 11:15:56.335 29826 29826 D Poster  : Connected to mobile network 20
11-06 11:15:56.337 29826 29860 D Evaluation: Frame 183 sent at 1573031756337
11-06 11:15:56.339 29826 29860 D Evaluation: 1 res for frame 180 received at 1573031756339
11-06 11:15:56.382 29826 29860 D Evaluation: Frame 185 sent at 1573031756382
11-06 11:15:56.384 29826 29860 D Evaluation: 1 res for frame 181 received at 1573031756384
11-06 11:15:56.408 29826 29860 D Evaluation: Frame 185 sent at 1573031756408
11-06 11:15:56.409 29826 29860 D Evaluation: 1 res for frame 182 received at 1573031756409
11-06 11:15:56.443 29826 29860 D Evaluation: Frame 186 sent at 1573031756443
11-06 11:15:56.445 29826 29860 D Evaluation: 1 res for frame 183 received at 1573031756445
11-06 11:15:56.481 29826 29860 D Evaluation: Frame 187 sent at 1573031756481
11-06 11:15:56.483 29826 29860 D Evaluation: 1 res for frame 185 received at 1573031756483
11-06 11:15:56.515 29826 29860 D Evaluation: Frame 188 sent at 1573031756515
11-06 11:15:56.517 29826 29860 D Evaluation: 1 res for frame 185 received at 1573031756517
11-06 11:15:56.547 29826 29860 D Evaluation: Frame 189 sent at 1573031756547
11-06 11:15:56.548 29826 29860 D Evaluation: 1 res for frame 186 received at 1573031756548
11-06 11:15:56.585 29826 29860 D Evaluation: Frame 190 sent at 1573031756585
11-06 11:15:56.587 29826 29860 D Evaluation: 1 res for frame 187 received at 1573031756587
11-06 11:15:56.614 29826 29860 D Evaluation: Frame 191 sent at 1573031756614
11-06 11:15:56.616 29826 29860 D Evaluation: 1 res for frame 188 received at 1573031756616
11-06 11:15:56.673 29826 29860 D Evaluation: Frame 192 sent at 1573031756672
11-06 11:15:56.675 29826 29860 D Evaluation: 1 res for frame 189 received at 1573031756675
11-06 11:15:56.700 29826 29860 D Evaluation: Frame 193 sent at 1573031756700
11-06 11:15:56.701 29826 29860 D Evaluation: 1 res for frame 190 received at 1573031756701
11-06 11:15:56.742 29826 29860 D Evaluation: Frame 194 sent at 1573031756742
11-06 11:15:56.743 29826 29860 D Evaluation: 1 res for frame 191 received at 1573031756743
11-06 11:15:56.773 29826 29860 D Evaluation: Frame 195 sent at 1573031756773
11-06 11:15:56.774 29826 29860 D Evaluation: 1 res for frame 192 received at 1573031756774
11-06 11:15:56.812 29826 29860 D Evaluation: Frame 196 sent at 1573031756812
11-06 11:15:56.813 29826 29860 D Evaluation: 1 res for frame 193 received at 1573031756813
11-06 11:15:56.844 29826 29860 D Evaluation: Frame 197 sent at 1573031756844
11-06 11:15:56.845 29826 29860 D Evaluation: 1 res for frame 194 received at 1573031756845
11-06 11:15:56.884 29826 29860 D Evaluation: Frame 198 sent at 1573031756884
11-06 11:15:56.885 29826 29860 D Evaluation: 1 res for frame 195 received at 1573031756885
11-06 11:15:56.913 29826 29860 D Evaluation: Frame 199 sent at 1573031756913
11-06 11:15:56.915 29826 29860 D Evaluation: 1 res for frame 196 received at 1573031756914
11-06 11:15:56.952 29826 29860 D Evaluation: Frame 200 sent at 1573031756952
11-06 11:15:56.953 29826 29860 D Evaluation: 1 res for frame 197 received at 1573031756953
11-06 11:15:56.978 29826 29860 D Evaluation: Frame 201 sent at 1573031756978
11-06 11:15:57.007 29826 29860 D Evaluation: Frame 202 sent at 1573031757007
11-06 11:15:57.008 29826 29860 D Evaluation: 1 res for frame 198 received at 1573031757008
11-06 11:15:57.047 29826 29860 D Evaluation: Frame 203 sent at 1573031757047
11-06 11:15:57.049 29826 29860 D Evaluation: 1 res for frame 199 received at 1573031757048
11-06 11:15:57.088 29826 29860 D Evaluation: Frame 204 sent at 1573031757087
11-06 11:15:57.089 29826 29860 D Evaluation: 1 res for frame 200 received at 1573031757089
11-06 11:15:57.126 29826 29860 D Evaluation: Frame 205 sent at 1573031757126
11-06 11:15:57.128 29826 29860 D Evaluation: 1 res for frame 201 received at 1573031757128
11-06 11:15:57.151 29826 29860 D Evaluation: Frame 206 sent at 1573031757151
11-06 11:15:57.152 29826 29860 D Evaluation: 1 res for frame 202 received at 1573031757152
11-06 11:15:57.178 29826 29860 D Evaluation: Frame 207 sent at 1573031757178
11-06 11:15:57.179 29826 29860 D Evaluation: 1 res for frame 203 received at 1573031757179
11-06 11:15:57.222 29826 29860 D Evaluation: Frame 208 sent at 1573031757222
11-06 11:15:57.224 29826 29860 D Evaluation: 1 res for frame 204 received at 1573031757224
11-06 11:15:57.257 29826 29860 D Evaluation: Frame 209 sent at 1573031757257
11-06 11:15:57.258 29826 29860 D Evaluation: 1 res for frame 205 received at 1573031757258
11-06 11:15:57.283 29826 29860 D Evaluation: Frame 210 sent at 1573031757283
11-06 11:15:57.284 29826 29860 D Evaluation: 1 res for frame 206 received at 1573031757284
11-06 11:15:57.315 29826 29860 D Evaluation: Frame 211 sent at 1573031757315
11-06 11:15:57.316 29826 29837 E         : [ZeroHung]zrhung_get_config: Get config failed for wp[0x0008]
11-06 11:15:57.317 29826 29860 D Evaluation: 1 res for frame 207 received at 1573031757317
11-06 11:15:57.340 29826 29826 D Poster  : At 1573031757340 location is 65.05993990505556 (latitude), and 25.468609669349323 (longitude)
11-06 11:15:57.342 29826 29826 D Poster  : Connected to mobile network 20
11-06 11:15:57.349 29826 29860 D Evaluation: Frame 212 sent at 1573031757349
11-06 11:15:57.350 29826 29860 D Evaluation: 1 res for frame 208 received at 1573031757350
11-06 11:15:57.354 29826 29835 W System  : A resource failed to call close. 
11-06 11:15:57.355 29826 29835 W System  : A resource failed to call close. 
11-06 11:15:57.356 29826 29835 I chatty  : uid=10149(symlab.cloudridar.arhud) FinalizerDaemon identical 7 lines
11-06 11:15:57.356 29826 29835 W System  : A resource failed to call close. 
11-06 11:15:57.356 29826 29835 W System  : A resource failed to call close. 
11-06 11:15:57.356 29826 29835 W System  : A resource failed to call close. 
11-06 11:15:57.368 29826 29835 I chatty  : uid=10149(symlab.cloudridar.arhud) FinalizerDaemon identical 59 lines
11-06 11:15:57.368 29826 29835 W System  : A resource failed to call close. 
11-06 11:15:57.372 29826 29860 D Evaluation: Frame 213 sent at 1573031757372
11-06 11:15:57.403 29826 29860 D Evaluation: Frame 214 sent at 1573031757403
11-06 11:15:57.405 29826 29860 D Evaluation: 1 res for frame 209 received at 1573031757405
11-06 11:15:57.450 29826 29860 D Evaluation: Frame 215 sent at 1573031757450
11-06 11:15:57.452 29826 29860 D Evaluation: 1 res for frame 210 received at 1573031757452
11-06 11:15:57.497 29826 29860 D Evaluation: Frame 217 sent at 1573031757497
11-06 11:15:57.498 29826 29860 D Evaluation: 1 res for frame 211 received at 1573031757498
11-06 11:15:57.516 29826 29860 D Evaluation: Frame 217 sent at 1573031757516
11-06 11:15:57.517 29826 29860 D Evaluation: 1 res for frame 212 received at 1573031757517
11-06 11:15:57.547 29826 29860 D Evaluation: Frame 218 sent at 1573031757547
11-06 11:15:57.548 29826 29860 D Evaluation: 1 res for frame 213 received at 1573031757548
11-06 11:15:57.579 29826 29860 D Evaluation: Frame 219 sent at 1573031757579
11-06 11:15:57.580 29826 29860 D Evaluation: 1 res for frame 214 received at 1573031757580
11-06 11:15:57.618 29826 29860 D Evaluation: Frame 220 sent at 1573031757618
11-06 11:15:57.619 29826 29860 D Evaluation: 1 res for frame 215 received at 1573031757619
11-06 11:15:57.652 29826 29860 D Evaluation: Frame 221 sent at 1573031757652
11-06 11:15:57.654 29826 29860 D Evaluation: 1 res for frame 217 received at 1573031757654
11-06 11:15:57.680 29826 29860 D Evaluation: Frame 222 sent at 1573031757680
11-06 11:15:57.681 29826 29860 D Evaluation: 1 res for frame 217 received at 1573031757681
11-06 11:15:57.721 29826 29860 D Evaluation: Frame 223 sent at 1573031757721
11-06 11:15:57.722 29826 29860 D Evaluation: 1 res for frame 218 received at 1573031757722
11-06 11:15:57.749 29826 29860 D Evaluation: Frame 224 sent at 1573031757749
11-06 11:15:57.751 29826 29860 D Evaluation: 1 res for frame 219 received at 1573031757750
11-06 11:15:57.779 29826 29860 D Evaluation: Frame 225 sent at 1573031757779
11-06 11:15:57.781 29826 29860 D Evaluation: 1 res for frame 220 received at 1573031757781
11-06 11:15:57.825 29826 29860 D Evaluation: Frame 226 sent at 1573031757825
11-06 11:15:57.827 29826 29860 D Evaluation: 1 res for frame 221 received at 1573031757826
11-06 11:15:57.854 29826 29860 D Evaluation: Frame 227 sent at 1573031757854
11-06 11:15:57.855 29826 29860 D Evaluation: 1 res for frame 222 received at 1573031757855
11-06 11:15:57.893 29826 29860 D Evaluation: Frame 228 sent at 1573031757893
11-06 11:15:57.894 29826 29860 D Evaluation: 1 res for frame 223 received at 1573031757894
11-06 11:15:57.922 29826 29860 D Evaluation: Frame 229 sent at 1573031757922
11-06 11:15:57.923 29826 29860 D Evaluation: 1 res for frame 224 received at 1573031757923
11-06 11:15:57.954 29826 29860 D Evaluation: Frame 230 sent at 1573031757954
11-06 11:15:57.955 29826 29860 D Evaluation: 1 res for frame 225 received at 1573031757955
11-06 11:15:57.979 29826 29860 D Evaluation: Frame 231 sent at 1573031757979
11-06 11:15:57.981 29826 29860 D Evaluation: 1 res for frame 226 received at 1573031757981
11-06 11:15:58.010 29826 29860 D Evaluation: Frame 232 sent at 1573031758010
11-06 11:15:58.011 29826 29860 D Evaluation: 1 res for frame 227 received at 1573031758011
11-06 11:15:58.046 29826 29860 D Evaluation: Frame 233 sent at 1573031758046
11-06 11:15:58.047 29826 29860 D Evaluation: 1 res for frame 228 received at 1573031758047
11-06 11:15:58.109 29826 29860 D Evaluation: Frame 235 sent at 1573031758109
11-06 11:15:58.110 29826 29860 D Evaluation: 1 res for frame 229 received at 1573031758110
11-06 11:15:58.136 29826 29860 D Evaluation: Frame 236 sent at 1573031758136
11-06 11:15:58.138 29826 29860 D Evaluation: 1 res for frame 230 received at 1573031758138
11-06 11:15:58.162 29826 29860 D Evaluation: Frame 236 sent at 1573031758162
11-06 11:15:58.163 29826 29860 D Evaluation: 1 res for frame 231 received at 1573031758163
11-06 11:15:58.189 29826 29860 D Evaluation: Frame 237 sent at 1573031758189
11-06 11:15:58.192 29826 29860 D Evaluation: 1 res for frame 232 received at 1573031758192
11-06 11:15:58.214 29826 29860 D Evaluation: Frame 238 sent at 1573031758214
11-06 11:15:58.215 29826 29860 D Evaluation: 1 res for frame 233 received at 1573031758215
11-06 11:15:58.301 29826 29860 D Evaluation: Frame 239 sent at 1573031758301
11-06 11:15:58.302 29826 29860 D Evaluation: 1 res for frame 235 received at 1573031758302
11-06 11:15:58.354 29826 29826 D Poster  : At 1573031758354 location is 65.05993654525251 (latitude), and 25.46861687312768 (longitude)
11-06 11:15:58.355 29826 29860 D Evaluation: Frame 241 sent at 1573031758355
11-06 11:15:58.356 29826 29860 D Evaluation: 1 res for frame 236 received at 1573031758356
11-06 11:15:58.359 29826 29826 D Poster  : Connected to mobile network 20
11-06 11:15:58.377 29826 29860 D Evaluation: Frame 242 sent at 1573031758377
11-06 11:15:58.378 29826 29860 D Evaluation: 1 res for frame 236 received at 1573031758378
11-06 11:15:58.392 29826 29860 D Evaluation: Frame 242 sent at 1573031758392
11-06 11:15:58.393 29826 29860 D Evaluation: 1 res for frame 237 received at 1573031758393
11-06 11:15:58.406 29826 29860 D Evaluation: Frame 243 sent at 1573031758406
11-06 11:15:58.407 29826 29860 D Evaluation: 1 res for frame 238 received at 1573031758407
11-06 11:15:58.445 29826 29860 D Evaluation: Frame 244 sent at 1573031758444
11-06 11:15:58.446 29826 29860 D Evaluation: 1 res for frame 239 received at 1573031758446
11-06 11:15:58.483 29826 29860 D Evaluation: Frame 245 sent at 1573031758483
11-06 11:15:58.484 29826 29860 D Evaluation: 1 res for frame 241 received at 1573031758484
11-06 11:15:58.531 29826 29837 E         : [ZeroHung]zrhung_get_config: Get config failed for wp[0x0008]
11-06 11:15:58.532 29826 29860 D Evaluation: Frame 246 sent at 1573031758532
11-06 11:15:58.533 29826 29860 D Evaluation: 1 res for frame 242 received at 1573031758533
11-06 11:15:58.550 29826 29835 W System  : A resource failed to call close. 
11-06 11:15:58.555 29826 29835 I chatty  : uid=10149(symlab.cloudridar.arhud) FinalizerDaemon identical 37 lines
11-06 11:15:58.555 29826 29835 W System  : A resource failed to call close. 
11-06 11:15:58.555 29826 29835 W System  : A resource failed to call close. 
11-06 11:15:58.556 29826 29835 I chatty  : uid=10149(symlab.cloudridar.arhud) FinalizerDaemon identical 5 lines
11-06 11:15:58.556 29826 29835 W System  : A resource failed to call close. 
11-06 11:15:58.556 29826 29835 W System  : A resource failed to call close. 
11-06 11:15:58.556 29826 29835 I chatty  : uid=10149(symlab.cloudridar.arhud) FinalizerDaemon identical 2 lines
11-06 11:15:58.556 29826 29835 W System  : A resource failed to call close. 
11-06 11:15:58.556 29826 29835 W System  : A resource failed to call close. 
11-06 11:15:58.556 29826 29835 W System  : A resource failed to call close. 
11-06 11:15:58.557 29826 29835 W System  : A resource failed to call close. 
11-06 11:15:58.557 29826 29835 W System  : A resource failed to call close. 
11-06 11:15:58.557 29826 29835 W System  : A resource failed to call close. 
11-06 11:15:58.559 29826 29835 W System  : A resource failed to call close. 
11-06 11:15:58.559 29826 29835 W System  : A resource failed to call close. 
11-06 11:15:58.560 29826 29835 W System  : A resource failed to call close. 
11-06 11:15:58.560 29826 29835 W System  : A resource failed to call close. 
11-06 11:15:58.560 29826 29835 I chatty  : uid=10149(symlab.cloudridar.arhud) FinalizerDaemon identical 2 lines
11-06 11:15:58.560 29826 29835 W System  : A resource failed to call close. 
11-06 11:15:58.560 29826 29835 W System  : A resource failed to call close. 
11-06 11:15:58.560 29826 29835 W System  : A resource failed to call close. 
11-06 11:15:58.561 29826 29835 W System  : A resource failed to call close. 
11-06 11:15:58.561 29826 29835 W System  : A resource failed to call close. 
11-06 11:15:58.561 29826 29860 D Evaluation: Frame 247 sent at 1573031758561
11-06 11:15:58.562 29826 29860 D Evaluation: 1 res for frame 242 received at 1573031758562
11-06 11:15:58.591 29826 29860 D Evaluation: Frame 248 sent at 1573031758591
11-06 11:15:58.593 29826 29860 D Evaluation: 1 res for frame 243 received at 1573031758593
11-06 11:15:58.620 29826 29860 D Evaluation: Frame 249 sent at 1573031758620
11-06 11:15:58.622 29826 29860 D Evaluation: 1 res for frame 244 received at 1573031758622
11-06 11:15:58.661 29826 29860 D Evaluation: Frame 250 sent at 1573031758661
11-06 11:15:58.663 29826 29860 D Evaluation: 1 res for frame 245 received at 1573031758663
11-06 11:15:58.693 29826 29860 D Evaluation: Frame 251 sent at 1573031758693
11-06 11:15:58.694 29826 29860 D Evaluation: 1 res for frame 246 received at 1573031758694
11-06 11:15:58.735 29826 29860 D Evaluation: Frame 252 sent at 1573031758735
11-06 11:15:58.736 29826 29860 D Evaluation: 1 res for frame 247 received at 1573031758736
11-06 11:15:58.757 29826 29860 D Evaluation: Frame 253 sent at 1573031758757
11-06 11:15:58.758 29826 29860 D Evaluation: 1 res for frame 248 received at 1573031758758
11-06 11:15:58.796 29826 29860 D Evaluation: Frame 254 sent at 1573031758796
11-06 11:15:58.798 29826 29860 D Evaluation: 1 res for frame 249 received at 1573031758798
11-06 11:15:58.817 29826 29860 D Evaluation: Frame 255 sent at 1573031758817
11-06 11:15:58.818 29826 29860 D Evaluation: 1 res for frame 250 received at 1573031758818
11-06 11:15:58.861 29826 29860 D Evaluation: Frame 256 sent at 1573031758861
11-06 11:15:58.862 29826 29860 D Evaluation: 1 res for frame 251 received at 1573031758862
11-06 11:15:58.901 29826 29860 D Evaluation: Frame 258 sent at 1573031758900
11-06 11:15:58.902 29826 29860 D Evaluation: 1 res for frame 252 received at 1573031758902
11-06 11:15:58.923 29826 29860 D Evaluation: Frame 258 sent at 1573031758923
11-06 11:15:58.924 29826 29860 D Evaluation: 1 res for frame 253 received at 1573031758924
11-06 11:15:58.962 29826 29860 D Evaluation: Frame 259 sent at 1573031758962
11-06 11:15:58.964 29826 29860 D Evaluation: 1 res for frame 254 received at 1573031758964
11-06 11:15:58.996 29826 29860 D Evaluation: Frame 260 sent at 1573031758996
11-06 11:15:58.997 29826 29860 D Evaluation: 1 res for frame 255 received at 1573031758997
11-06 11:15:59.019 29826 29860 D Evaluation: Frame 261 sent at 1573031759019
11-06 11:15:59.020 29826 29860 D Evaluation: 1 res for frame 256 received at 1573031759020
11-06 11:15:59.064 29826 29860 D Evaluation: Frame 262 sent at 1573031759064
11-06 11:15:59.066 29826 29860 D Evaluation: 1 res for frame 258 received at 1573031759066
11-06 11:15:59.091 29826 29860 D Evaluation: Frame 263 sent at 1573031759091
11-06 11:15:59.092 29826 29860 D Evaluation: 1 res for frame 258 received at 1573031759092
11-06 11:15:59.130 29826 29860 D Evaluation: Frame 264 sent at 1573031759130
11-06 11:15:59.131 29826 29860 D Evaluation: 1 res for frame 259 received at 1573031759131
11-06 11:15:59.158 29826 29860 D Evaluation: Frame 265 sent at 1573031759158
11-06 11:15:59.159 29826 29860 D Evaluation: 1 res for frame 260 received at 1573031759159
11-06 11:15:59.185 29826 29860 D Evaluation: Frame 266 sent at 1573031759185
11-06 11:15:59.186 29826 29860 D Evaluation: 1 res for frame 261 received at 1573031759186
11-06 11:15:59.234 29826 29860 D Evaluation: Frame 267 sent at 1573031759234
11-06 11:15:59.235 29826 29860 D Evaluation: 1 res for frame 262 received at 1573031759235
11-06 11:15:59.303 29826 29860 D Evaluation: Frame 268 sent at 1573031759303
11-06 11:15:59.305 29826 29860 D Evaluation: 1 res for frame 263 received at 1573031759305
11-06 11:15:59.334 29826 29860 D Evaluation: Frame 269 sent at 1573031759334
11-06 11:15:59.336 29826 29860 D Evaluation: 1 res for frame 264 received at 1573031759336
11-06 11:15:59.341 29826 29826 D Poster  : At 1573031759341 location is 65.05992997239936 (latitude), and 25.468627156235733 (longitude)
11-06 11:15:59.344 29826 29826 D Poster  : Connected to mobile network 20
11-06 11:15:59.360 29826 29860 D Evaluation: Frame 270 sent at 1573031759360
11-06 11:15:59.361 29826 29860 D Evaluation: 1 res for frame 265 received at 1573031759361
11-06 11:15:59.394 29826 29860 D Evaluation: Frame 271 sent at 1573031759394
11-06 11:15:59.395 29826 29860 D Evaluation: 1 res for frame 266 received at 1573031759395
11-06 11:15:59.411 29826 29860 D Evaluation: Frame 272 sent at 1573031759411
11-06 11:15:59.412 29826 29860 D Evaluation: 1 res for frame 267 received at 1573031759412
11-06 11:15:59.457 29826 29860 D Evaluation: Frame 273 sent at 1573031759457
11-06 11:15:59.458 29826 29860 D Evaluation: 1 res for frame 268 received at 1573031759458
11-06 11:15:59.489 29826 29860 D Evaluation: Frame 274 sent at 1573031759489
11-06 11:15:59.491 29826 29860 D Evaluation: 1 res for frame 269 received at 1573031759491
11-06 11:15:59.518 29826 29860 D Evaluation: Frame 275 sent at 1573031759518
11-06 11:15:59.519 29826 29860 D Evaluation: 1 res for frame 270 received at 1573031759519
11-06 11:15:59.563 29826 29860 D Evaluation: Frame 276 sent at 1573031759563
11-06 11:15:59.564 29826 29860 D Evaluation: 1 res for frame 271 received at 1573031759564
11-06 11:15:59.592 29826 29860 D Evaluation: Frame 277 sent at 1573031759592
11-06 11:15:59.595 29826 29860 D Evaluation: 1 res for frame 272 received at 1573031759595
11-06 11:15:59.636 29826 29860 D Evaluation: Frame 278 sent at 1573031759636
11-06 11:15:59.638 29826 29860 D Evaluation: 1 res for frame 273 received at 1573031759638
11-06 11:15:59.674 29826 29860 D Evaluation: Frame 280 sent at 1573031759674
11-06 11:15:59.675 29826 29860 D Evaluation: 1 res for frame 274 received at 1573031759675
11-06 11:15:59.693 29826 29860 D Evaluation: Frame 280 sent at 1573031759693
11-06 11:15:59.695 29826 29860 D Evaluation: 1 res for frame 275 received at 1573031759695
11-06 11:15:59.719 29826 29837 E         : [ZeroHung]zrhung_get_config: Get config failed for wp[0x0008]
11-06 11:15:59.719 29826 29860 D Evaluation: Frame 281 sent at 1573031759719
11-06 11:15:59.722 29826 29860 D Evaluation: 1 res for frame 276 received at 1573031759722
11-06 11:15:59.737 29826 29835 W System  : A resource failed to call close. 
11-06 11:15:59.747 29826 29835 I chatty  : uid=10149(symlab.cloudridar.arhud) FinalizerDaemon identical 68 lines
11-06 11:15:59.747 29826 29835 W System  : A resource failed to call close. 
11-06 11:15:59.765 29826 29860 D Evaluation: Frame 282 sent at 1573031759765
11-06 11:15:59.768 29826 29860 D Evaluation: 1 res for frame 277 received at 1573031759768
11-06 11:15:59.796 29826 29860 D Evaluation: Frame 283 sent at 1573031759796
11-06 11:15:59.798 29826 29860 D Evaluation: 1 res for frame 278 received at 1573031759798
11-06 11:15:59.829 29826 29860 D Evaluation: Frame 284 sent at 1573031759828
11-06 11:15:59.831 29826 29860 D Evaluation: 1 res for frame 280 received at 1573031759831
11-06 11:15:59.858 29826 29860 D Evaluation: Frame 285 sent at 1573031759858
11-06 11:15:59.901 29826 29860 D Evaluation: Frame 286 sent at 1573031759901
11-06 11:15:59.903 29826 29860 D Evaluation: 1 res for frame 280 received at 1573031759903
11-06 11:15:59.947 29826 29860 D Evaluation: Frame 287 sent at 1573031759947
11-06 11:15:59.950 29826 29860 D Evaluation: 1 res for frame 281 received at 1573031759950
11-06 11:15:59.979 29826 29860 D Evaluation: Frame 288 sent at 1573031759979
11-06 11:15:59.981 29826 29860 D Evaluation: 1 res for frame 282 received at 1573031759981
11-06 11:16:00.009 29826 29860 D Evaluation: Frame 289 sent at 1573031760009
11-06 11:16:00.011 29826 29860 D Evaluation: 1 res for frame 283 received at 1573031760011
11-06 11:16:00.038 29826 29860 D Evaluation: Frame 290 sent at 1573031760038
11-06 11:16:00.040 29826 29860 D Evaluation: 1 res for frame 284 received at 1573031760040
11-06 11:16:00.059 29826 29860 D Evaluation: Frame 291 sent at 1573031760059
11-06 11:16:00.061 29826 29860 D Evaluation: 1 res for frame 285 received at 1573031760061
11-06 11:16:00.088 29826 29860 D Evaluation: Frame 292 sent at 1573031760088
11-06 11:16:00.128 29826 29860 D Evaluation: Frame 293 sent at 1573031760128
11-06 11:16:00.130 29826 29860 D Evaluation: 1 res for frame 286 received at 1573031760130
11-06 11:16:00.162 29826 29860 D Evaluation: Frame 294 sent at 1573031760162
11-06 11:16:00.164 29826 29860 D Evaluation: 1 res for frame 287 received at 1573031760164
11-06 11:16:00.200 29826 29860 D Evaluation: Frame 295 sent at 1573031760200
11-06 11:16:00.202 29826 29860 D Evaluation: 1 res for frame 288 received at 1573031760202
11-06 11:16:00.241 29826 29860 D Evaluation: Frame 296 sent at 1573031760241
11-06 11:16:00.243 29826 29860 D Evaluation: 1 res for frame 289 received at 1573031760243
11-06 11:16:00.282 29826 29860 D Evaluation: Frame 298 sent at 1573031760281
11-06 11:16:00.284 29826 29860 D Evaluation: 1 res for frame 290 received at 1573031760284
11-06 11:16:00.310 29826 29860 D Evaluation: Frame 298 sent at 1573031760310
11-06 11:16:00.312 29826 29860 D Evaluation: 1 res for frame 291 received at 1573031760312
11-06 11:16:00.333 29826 29860 D Evaluation: Frame 299 sent at 1573031760333
11-06 11:16:00.334 29826 29826 D Poster  : At 1573031760334 location is 65.05993092054179 (latitude), and 25.4686288582478 (longitude)
11-06 11:16:00.335 29826 29860 D Evaluation: 1 res for frame 292 received at 1573031760335
11-06 11:16:00.336 29826 29826 D Poster  : Connected to mobile network 20
11-06 11:16:00.370 29826 29860 D Evaluation: Frame 300 sent at 1573031760370
11-06 11:16:00.372 29826 29860 D Evaluation: 1 res for frame 293 received at 1573031760372
11-06 11:16:00.395 29826 29860 D Evaluation: Frame 301 sent at 1573031760395
11-06 11:16:00.397 29826 29860 D Evaluation: 1 res for frame 294 received at 1573031760397
11-06 11:16:00.423 29826 29860 D Evaluation: Frame 302 sent at 1573031760423
11-06 11:16:00.425 29826 29860 D Evaluation: 1 res for frame 295 received at 1573031760425
11-06 11:16:00.468 29826 29860 D Evaluation: Frame 303 sent at 1573031760468
11-06 11:16:00.471 29826 29860 D Evaluation: 1 res for frame 296 received at 1573031760471
11-06 11:16:00.497 29826 29860 D Evaluation: Frame 304 sent at 1573031760497
11-06 11:16:00.499 29826 29860 D Evaluation: 1 res for frame 298 received at 1573031760499
11-06 11:16:00.538 29826 29860 D Evaluation: Frame 305 sent at 1573031760538
11-06 11:16:00.540 29826 29860 D Evaluation: 1 res for frame 298 received at 1573031760540
11-06 11:16:00.581 29826 29860 D Evaluation: Frame 306 sent at 1573031760581
11-06 11:16:00.583 29826 29860 D Evaluation: 1 res for frame 299 received at 1573031760583
11-06 11:16:00.615 29826 29860 D Evaluation: Frame 307 sent at 1573031760615
11-06 11:16:00.618 29826 29860 D Evaluation: 1 res for frame 300 received at 1573031760618
11-06 11:16:00.649 29826 29860 D Evaluation: Frame 308 sent at 1573031760649
11-06 11:16:00.652 29826 29860 D Evaluation: 1 res for frame 301 received at 1573031760652
11-06 11:16:00.677 29826 29860 D Evaluation: Frame 309 sent at 1573031760677
11-06 11:16:00.679 29826 29860 D Evaluation: 1 res for frame 302 received at 1573031760679
11-06 11:16:00.707 29826 29860 D Evaluation: Frame 310 sent at 1573031760707
11-06 11:16:00.709 29826 29860 D Evaluation: 1 res for frame 303 received at 1573031760709
11-06 11:16:00.741 29826 29860 D Evaluation: Frame 311 sent at 1573031760741
11-06 11:16:00.743 29826 29860 D Evaluation: 1 res for frame 304 received at 1573031760743
11-06 11:16:00.777 29826 29860 D Evaluation: Frame 312 sent at 1573031760777
11-06 11:16:00.779 29826 29860 D Evaluation: 1 res for frame 305 received at 1573031760779
11-06 11:16:00.804 29826 29860 D Evaluation: Frame 313 sent at 1573031760804
11-06 11:16:00.806 29826 29860 D Evaluation: 1 res for frame 306 received at 1573031760806
11-06 11:16:00.841 29826 29860 D Evaluation: Frame 314 sent at 1573031760841
11-06 11:16:00.843 29826 29860 D Evaluation: 1 res for frame 307 received at 1573031760843
11-06 11:16:00.875 29826 29860 D Evaluation: Frame 315 sent at 1573031760875
11-06 11:16:00.877 29826 29860 D Evaluation: 1 res for frame 308 received at 1573031760877
11-06 11:16:00.907 29826 29837 E         : [ZeroHung]zrhung_get_config: Get config failed for wp[0x0008]
11-06 11:16:00.908 29826 29860 D Evaluation: Frame 316 sent at 1573031760908
11-06 11:16:00.910 29826 29860 D Evaluation: 1 res for frame 309 received at 1573031760910
11-06 11:16:00.928 29826 29835 W System  : A resource failed to call close. 
11-06 11:16:00.928 29826 29835 W System  : A resource failed to call close. 
11-06 11:16:00.929 29826 29835 W System  : A resource failed to call close. 
11-06 11:16:00.933 29826 29835 I chatty  : uid=10149(symlab.cloudridar.arhud) FinalizerDaemon identical 62 lines
11-06 11:16:00.933 29826 29835 W System  : A resource failed to call close. 
11-06 11:16:00.955 29826 29860 D Evaluation: Frame 317 sent at 1573031760955
11-06 11:16:00.957 29826 29860 D Evaluation: 1 res for frame 310 received at 1573031760957
11-06 11:16:00.982 29826 29860 D Evaluation: Frame 318 sent at 1573031760982
11-06 11:16:00.984 29826 29860 D Evaluation: 1 res for frame 311 received at 1573031760984
11-06 11:16:01.021 29826 29860 D Evaluation: Frame 320 sent at 1573031761021
11-06 11:16:01.023 29826 29860 D Evaluation: 1 res for frame 312 received at 1573031761023
11-06 11:16:01.042 29826 29860 D Evaluation: Frame 320 sent at 1573031761042
11-06 11:16:01.044 29826 29860 D Evaluation: 1 res for frame 313 received at 1573031761044
11-06 11:16:01.084 29826 29860 D Evaluation: Frame 322 sent at 1573031761084
11-06 11:16:01.086 29826 29860 D Evaluation: 1 res for frame 314 received at 1573031761086
11-06 11:16:01.103 29826 29860 D Evaluation: Frame 322 sent at 1573031761103
11-06 11:16:01.104 29826 29860 D Evaluation: 1 res for frame 315 received at 1573031761104
11-06 11:16:01.136 29826 29860 D Evaluation: Frame 323 sent at 1573031761136
11-06 11:16:01.138 29826 29860 D Evaluation: 1 res for frame 316 received at 1573031761138
11-06 11:16:01.173 29826 29860 D Evaluation: Frame 324 sent at 1573031761173
11-06 11:16:01.175 29826 29860 D Evaluation: 1 res for frame 317 received at 1573031761175
11-06 11:16:01.215 29826 29860 D Evaluation: Frame 325 sent at 1573031761215
11-06 11:16:01.217 29826 29860 D Evaluation: 1 res for frame 318 received at 1573031761217
11-06 11:16:01.238 29826 29860 D Evaluation: Frame 326 sent at 1573031761238
11-06 11:16:01.240 29826 29860 D Evaluation: 1 res for frame 320 received at 1573031761240
11-06 11:16:01.322 29826 29860 D Evaluation: Frame 327 sent at 1573031761322
11-06 11:16:01.324 29826 29860 D Evaluation: 1 res for frame 320 received at 1573031761324
11-06 11:16:01.344 29826 29826 D Poster  : At 1573031761343 location is 65.05993314318826 (latitude), and 25.468618250543624 (longitude)
11-06 11:16:01.347 29826 29826 D Poster  : Connected to mobile network 20
11-06 11:16:01.386 29826 29860 D Evaluation: Frame 329 sent at 1573031761386
11-06 11:16:01.389 29826 29860 D Evaluation: 1 res for frame 322 received at 1573031761389
11-06 11:16:01.411 29826 29860 D Evaluation: Frame 329 sent at 1573031761411
11-06 11:16:01.413 29826 29860 D Evaluation: 1 res for frame 322 received at 1573031761413
