--------- beginning of main
11-06 13:16:50.787 13701 13701 W logcat  : type=1400 audit(0.0:6032): avc: granted { create } for name="logcat_1573039010775.txt" scontext=u:r:untrusted_app:s0:c149,c256,c512,c768 tcontext=u:object_r:sdcardfs:s0:c149,c256,c512,c768 tclass=file
11-06 13:16:50.787 13672 13704 E         : [ZeroHung]zrhung_get_config: Get config failed for wp[0x0102]
11-06 13:16:50.787 13672 13704 W ZrHung.AppEyeUiProbe: Failed to get config from zrhung
11-06 13:16:50.789 13672 13672 I MultiDex: Installing application
11-06 13:16:50.789 13672 13672 I MultiDex: VM has multidex support, MultiDex support library is disabled.
--------- beginning of system
11-06 13:16:50.792 13672 13672 V ActivityThread: callActivityOnCreate
11-06 13:16:50.792 13672 13672 I Poster  :  onCreate() called.
11-06 13:16:50.795 13672 13672 I HwApsImpl: APS: new HwApsImpl created
11-06 13:16:50.801 13672 13672 V HwWidgetFactory: : successes to get AllImpl object and return....
11-06 13:16:50.809 13672 13672 D OpenGLRenderer: Skia GL Pipeline
11-06 13:16:50.832 13672 13672 D Poster  : Server bound to IP 193.166.28.132 and port 52727
11-06 13:16:50.835 13672 13713 D Evaluation: metadata 0 sent 
11-06 13:16:50.835 13672 13672 D ActivityThread: add activity client record, r= ActivityRecord{24fb417 token=android.os.BinderProxy@d843f40 {symlab.cloudridar.arhud/symlab.ARHUD.MainActivity}} token= android.os.BinderProxy@d843f40
11-06 13:16:50.837 13672 13672 I Poster  :  onStart() called.
11-06 13:16:50.838 13672 13672 D ZrHung.AppEyeUiProbe: notify runnable to start.
11-06 13:16:50.839 13672 13672 I Poster  :  onResume() called.
11-06 13:16:50.843 13672 13672 I PermissionManager: camera remind result:true
11-06 13:16:50.843 13672 13672 I Camera  : open camera: 0, package name: symlab.cloudridar.arhud
11-06 13:16:50.843 13672 13672 I BackgroundPermManager: pkgName: symlab.cloudridar.arhud,pid: 13672 ,uidOf3RdApk: 10149 ,permType: 0 ,permCfg: 1
11-06 13:16:50.844 13672 13672 I HwCameraUtil: notifySurfaceFlingerCameraStatus : isFront = false , isOpend = true
11-06 13:16:50.854 13672 13672 D ActivityThread: isOptEnabled=false isWechatScanOpt=false
11-06 13:16:50.856 13672 13672 I HwSecImmHelper: mSecurityInputMethodService is null
11-06 13:16:50.872 13672 13672 D OpenGLRenderer:   HWUI Binary is  enabled
11-06 13:16:50.884 13672 13731 D HiTouch_PressGestureDetector: onAttached, package=symlab.cloudridar.arhud, windowType=1, mHiTouchRestricted=false
11-06 13:16:50.894 13672 13730 I ConfigStore: android::hardware::configstore::V1_0::ISurfaceFlingerConfigs::hasWideColorDisplay retrieved: 0
11-06 13:16:50.894 13672 13730 I ConfigStore: android::hardware::configstore::V1_0::ISurfaceFlingerConfigs::hasHDRDisplay retrieved: 0
11-06 13:16:50.894 13672 13730 I iGraphics: [0020080c] pn: symlab.cloudridar.arhud, p: 13672
11-06 13:16:50.894 13672 13730 I OpenGLRenderer: Initialized EGL, version 1.4, mEglDisplay 0x1
11-06 13:16:50.894 13672 13730 D OpenGLRenderer: Swap behavior 2
11-06 13:16:50.903 13672 13730 D mali_winsys: EGLint new_window_surface(egl_winsys_display *, void *, EGLSurface, EGLConfig, egl_winsys_surface **, EGLBoolean) returns 0x3000
11-06 13:16:50.910 13672 13672 I Poster  :  surfaceCreated() called.
11-06 13:16:50.910 13672 13672 I Poster  : initPreview() called
11-06 13:16:50.915 13672 13672 I PermissionManager: camera remind result:true
11-06 13:16:50.922 13672 13672 I Poster  :  surfaceChanged() called.
11-06 13:16:50.939 13672 13672 W InputMethodManager: startInputReason = 1
11-06 13:16:50.959 13672 13672 W InputMethodManager: startInputReason = 5
11-06 13:16:51.214 13672 13713 D Evaluation: metadata 1 sent 
11-06 13:16:51.245 13672 13713 D Evaluation: metadata 2 sent 
11-06 13:16:51.282 13672 13713 D Evaluation: metadata 3 sent 
11-06 13:16:51.315 13672 13713 D Evaluation: metadata 4 sent 
11-06 13:16:51.350 13672 13713 D Evaluation: metadata 5 sent 
11-06 13:16:51.398 13672 13713 D Evaluation: Frame 6 sent at 1573039011398
11-06 13:16:51.429 13672 13713 D Evaluation: Frame 7 sent at 1573039011429
11-06 13:16:51.465 13672 13713 D Evaluation: Frame 8 sent at 1573039011465
11-06 13:16:51.494 13672 13713 D Evaluation: Frame 9 sent at 1573039011494
11-06 13:16:51.534 13672 13713 D Evaluation: Frame 10 sent at 1573039011534
11-06 13:16:51.561 13672 13713 D Evaluation: Frame 11 sent at 1573039011561
11-06 13:16:51.596 13672 13713 D Evaluation: Frame 12 sent at 1573039011596
11-06 13:16:51.597 13672 13713 D Evaluation: 0 res for frame 6 received at 1573039011597
11-06 13:16:51.633 13672 13713 D Evaluation: Frame 13 sent at 1573039011633
11-06 13:16:51.663 13672 13713 D Evaluation: Frame 14 sent at 1573039011663
11-06 13:16:51.698 13672 13713 D Evaluation: Frame 15 sent at 1573039011698
11-06 13:16:51.734 13672 13713 D Evaluation: Frame 16 sent at 1573039011733
11-06 13:16:51.734 13672 13713 D Evaluation: 0 res for frame 7 received at 1573039011734
11-06 13:16:51.767 13672 13713 D Evaluation: Frame 17 sent at 1573039011767
11-06 13:16:51.798 13672 13713 D Evaluation: Frame 18 sent at 1573039011798
11-06 13:16:51.830 13672 13713 D Evaluation: Frame 19 sent at 1573039011830
11-06 13:16:51.865 13672 13686 E         : [ZeroHung]zrhung_get_config: Get config failed for wp[0x0008]
11-06 13:16:51.865 13672 13713 D Evaluation: Frame 20 sent at 1573039011865
11-06 13:16:51.866 13672 13713 D Evaluation: 1 res for frame 8 received at 1573039011866
11-06 13:16:51.873 13672 13681 W System  : A resource failed to call close. 
11-06 13:16:51.874 13672 13681 I chatty  : uid=10149(symlab.cloudridar.arhud) FinalizerDaemon identical 2 lines
11-06 13:16:51.874 13672 13681 W System  : A resource failed to call close. 
11-06 13:16:51.898 13672 13713 D Evaluation: Frame 21 sent at 1573039011898
11-06 13:16:51.932 13672 13713 D Evaluation: Frame 22 sent at 1573039011932
11-06 13:16:51.965 13672 13713 D Evaluation: Frame 23 sent at 1573039011965
11-06 13:16:51.998 13672 13713 D Evaluation: Frame 24 sent at 1573039011998
11-06 13:16:51.999 13672 13713 D Evaluation: 0 res for frame 9 received at 1573039011999
11-06 13:16:52.024 13672 13672 D Poster  : At 1573039012024 location is 65.05996733140462 (latitude), and 25.465666483554475 (longitude)
11-06 13:16:52.027 13672 13672 D Poster  : Connected to mobile network 20
11-06 13:16:52.033 13672 13713 D Evaluation: Frame 25 sent at 1573039012033
11-06 13:16:52.066 13672 13713 D Evaluation: Frame 26 sent at 1573039012066
11-06 13:16:52.099 13672 13713 D Evaluation: Frame 27 sent at 1573039012099
11-06 13:16:52.137 13672 13713 D Evaluation: Frame 28 sent at 1573039012137
11-06 13:16:52.183 13672 13713 D Evaluation: Frame 29 sent at 1573039012183
11-06 13:16:52.183 13672 13672 D Poster  : At 1573039012183 location is 65.05998004507141 (latitude), and 25.467750817199608 (longitude)
11-06 13:16:52.186 13672 13672 D Poster  : Connected to mobile network 20
11-06 13:16:52.218 13672 13713 D Evaluation: Frame 30 sent at 1573039012218
11-06 13:16:52.250 13672 13713 W System.err: java.net.SocketException: Message too long
11-06 13:16:52.250 13672 13713 W System.err: 	at sun.nio.ch.DatagramChannelImpl.send0(Native Method)
11-06 13:16:52.250 13672 13713 W System.err: 	at sun.nio.ch.DatagramChannelImpl.sendFromNativeBuffer(DatagramChannelImpl.java:573)
11-06 13:16:52.250 13672 13713 W System.err: 	at sun.nio.ch.DatagramChannelImpl.send(DatagramChannelImpl.java:550)
11-06 13:16:52.250 13672 13713 W System.err: 	at sun.nio.ch.DatagramChannelImpl.send(DatagramChannelImpl.java:514)
11-06 13:16:52.250 13672 13713 W System.err: 	at symlab.CloudAR.network.TransmissionTask.run(TransmissionTask.java:124)
11-06 13:16:52.250 13672 13713 W System.err: 	at android.os.Handler.handleCallback(Handler.java:907)
11-06 13:16:52.251 13672 13713 W System.err: 	at android.os.Handler.dispatchMessage(Handler.java:105)
11-06 13:16:52.251 13672 13713 W System.err: 	at android.os.Looper.loop(Looper.java:216)
11-06 13:16:52.251 13672 13713 W System.err: 	at android.os.HandlerThread.run(HandlerThread.java:65)
11-06 13:16:52.272 13672 13713 W System.err: java.net.SocketException: Message too long
11-06 13:16:52.273 13672 13713 W System.err: 	at sun.nio.ch.DatagramChannelImpl.send0(Native Method)
11-06 13:16:52.273 13672 13713 W System.err: 	at sun.nio.ch.DatagramChannelImpl.sendFromNativeBuffer(DatagramChannelImpl.java:573)
11-06 13:16:52.273 13672 13713 W System.err: 	at sun.nio.ch.DatagramChannelImpl.send(DatagramChannelImpl.java:550)
11-06 13:16:52.273 13672 13713 W System.err: 	at sun.nio.ch.DatagramChannelImpl.send(DatagramChannelImpl.java:514)
11-06 13:16:52.273 13672 13713 W System.err: 	at symlab.CloudAR.network.TransmissionTask.run(TransmissionTask.java:124)
11-06 13:16:52.273 13672 13713 W System.err: 	at android.os.Handler.handleCallback(Handler.java:907)
11-06 13:16:52.273 13672 13713 W System.err: 	at android.os.Handler.dispatchMessage(Handler.java:105)
11-06 13:16:52.273 13672 13713 W System.err: 	at android.os.Looper.loop(Looper.java:216)
11-06 13:16:52.273 13672 13713 W System.err: 	at android.os.HandlerThread.run(HandlerThread.java:65)
11-06 13:16:52.317 13672 13713 D Evaluation: Frame 33 sent at 1573039012317
11-06 13:16:52.354 13672 13713 D Evaluation: Frame 34 sent at 1573039012354
11-06 13:16:52.395 13672 13713 D Evaluation: Frame 35 sent at 1573039012395
11-06 13:16:52.431 13672 13713 D Evaluation: Frame 36 sent at 1573039012431
11-06 13:16:52.458 13672 13713 D Evaluation: Frame 37 sent at 1573039012458
11-06 13:16:52.496 13672 13713 W System.err: java.net.SocketException: Message too long
11-06 13:16:52.496 13672 13713 W System.err: 	at sun.nio.ch.DatagramChannelImpl.send0(Native Method)
11-06 13:16:52.496 13672 13713 W System.err: 	at sun.nio.ch.DatagramChannelImpl.sendFromNativeBuffer(DatagramChannelImpl.java:573)
11-06 13:16:52.496 13672 13713 W System.err: 	at sun.nio.ch.DatagramChannelImpl.send(DatagramChannelImpl.java:550)
11-06 13:16:52.496 13672 13713 W System.err: 	at sun.nio.ch.DatagramChannelImpl.send(DatagramChannelImpl.java:514)
11-06 13:16:52.496 13672 13713 W System.err: 	at symlab.CloudAR.network.TransmissionTask.run(TransmissionTask.java:124)
11-06 13:16:52.496 13672 13713 W System.err: 	at android.os.Handler.handleCallback(Handler.java:907)
11-06 13:16:52.496 13672 13713 W System.err: 	at android.os.Handler.dispatchMessage(Handler.java:105)
11-06 13:16:52.496 13672 13713 W System.err: 	at android.os.Looper.loop(Looper.java:216)
11-06 13:16:52.496 13672 13713 W System.err: 	at android.os.HandlerThread.run(HandlerThread.java:65)
11-06 13:16:52.536 13672 13713 W System.err: java.net.SocketException: Message too long
11-06 13:16:52.536 13672 13713 W System.err: 	at sun.nio.ch.DatagramChannelImpl.send0(Native Method)
11-06 13:16:52.536 13672 13713 W System.err: 	at sun.nio.ch.DatagramChannelImpl.sendFromNativeBuffer(DatagramChannelImpl.java:573)
11-06 13:16:52.536 13672 13713 W System.err: 	at sun.nio.ch.DatagramChannelImpl.send(DatagramChannelImpl.java:550)
11-06 13:16:52.536 13672 13713 W System.err: 	at sun.nio.ch.DatagramChannelImpl.send(DatagramChannelImpl.java:514)
11-06 13:16:52.536 13672 13713 W System.err: 	at symlab.CloudAR.network.TransmissionTask.run(TransmissionTask.java:124)
11-06 13:16:52.536 13672 13713 W System.err: 	at android.os.Handler.handleCallback(Handler.java:907)
11-06 13:16:52.536 13672 13713 W System.err: 	at android.os.Handler.dispatchMessage(Handler.java:105)
11-06 13:16:52.536 13672 13713 W System.err: 	at android.os.Looper.loop(Looper.java:216)
11-06 13:16:52.536 13672 13713 W System.err: 	at android.os.HandlerThread.run(HandlerThread.java:65)
11-06 13:16:52.569 13672 13713 D Evaluation: Frame 40 sent at 1573039012569
11-06 13:16:52.595 13672 13713 W System.err: java.net.SocketException: Message too long
11-06 13:16:52.596 13672 13713 W System.err: 	at sun.nio.ch.DatagramChannelImpl.send0(Native Method)
11-06 13:16:52.596 13672 13713 W System.err: 	at sun.nio.ch.DatagramChannelImpl.sendFromNativeBuffer(DatagramChannelImpl.java:573)
11-06 13:16:52.596 13672 13713 W System.err: 	at sun.nio.ch.DatagramChannelImpl.send(DatagramChannelImpl.java:550)
11-06 13:16:52.596 13672 13713 W System.err: 	at sun.nio.ch.DatagramChannelImpl.send(DatagramChannelImpl.java:514)
11-06 13:16:52.596 13672 13713 W System.err: 	at symlab.CloudAR.network.TransmissionTask.run(TransmissionTask.java:124)
11-06 13:16:52.596 13672 13713 W System.err: 	at android.os.Handler.handleCallback(Handler.java:907)
11-06 13:16:52.596 13672 13713 W System.err: 	at android.os.Handler.dispatchMessage(Handler.java:105)
11-06 13:16:52.596 13672 13713 W System.err: 	at android.os.Looper.loop(Looper.java:216)
11-06 13:16:52.596 13672 13713 W System.err: 	at android.os.HandlerThread.run(HandlerThread.java:65)
11-06 13:16:52.629 13672 13713 D Evaluation: Frame 42 sent at 1573039012629
11-06 13:16:52.665 13672 13713 D Evaluation: Frame 43 sent at 1573039012665
11-06 13:16:52.700 13672 13713 D Evaluation: Frame 44 sent at 1573039012700
11-06 13:16:52.730 13672 13713 D Evaluation: Frame 45 sent at 1573039012730
11-06 13:16:52.759 13672 13713 D Evaluation: Frame 46 sent at 1573039012759
11-06 13:16:52.798 13672 13713 D Evaluation: Frame 47 sent at 1573039012798
11-06 13:16:52.841 13672 13713 D Evaluation: Frame 48 sent at 1573039012841
11-06 13:16:52.878 13672 13686 E         : [ZeroHung]zrhung_get_config: Get config failed for wp[0x0008]
11-06 13:16:52.879 13672 13713 D Evaluation: Frame 49 sent at 1573039012879
11-06 13:16:52.895 13672 13681 W System  : A resource failed to call close. 
11-06 13:16:52.895 13672 13681 I chatty  : uid=10149(symlab.cloudridar.arhud) FinalizerDaemon identical 2 lines
11-06 13:16:52.896 13672 13681 W System  : A resource failed to call close. 
11-06 13:16:52.913 13672 13713 D Evaluation: Frame 50 sent at 1573039012913
11-06 13:16:52.934 13672 13713 D Evaluation: Frame 51 sent at 1573039012934
11-06 13:16:52.961 13672 13713 D Evaluation: Frame 52 sent at 1573039012961
11-06 13:16:52.998 13672 13713 D Evaluation: Frame 53 sent at 1573039012997
11-06 13:16:53.034 13672 13713 W System.err: java.net.SocketException: Message too long
11-06 13:16:53.034 13672 13713 W System.err: 	at sun.nio.ch.DatagramChannelImpl.send0(Native Method)
11-06 13:16:53.034 13672 13713 W System.err: 	at sun.nio.ch.DatagramChannelImpl.sendFromNativeBuffer(DatagramChannelImpl.java:573)
11-06 13:16:53.034 13672 13713 W System.err: 	at sun.nio.ch.DatagramChannelImpl.send(DatagramChannelImpl.java:550)
11-06 13:16:53.034 13672 13713 W System.err: 	at sun.nio.ch.DatagramChannelImpl.send(DatagramChannelImpl.java:514)
11-06 13:16:53.034 13672 13713 W System.err: 	at symlab.CloudAR.network.TransmissionTask.run(TransmissionTask.java:124)
11-06 13:16:53.034 13672 13713 W System.err: 	at android.os.Handler.handleCallback(Handler.java:907)
11-06 13:16:53.034 13672 13713 W System.err: 	at android.os.Handler.dispatchMessage(Handler.java:105)
11-06 13:16:53.034 13672 13713 W System.err: 	at android.os.Looper.loop(Looper.java:216)
11-06 13:16:53.034 13672 13713 W System.err: 	at android.os.HandlerThread.run(HandlerThread.java:65)
11-06 13:16:53.063 13672 13713 W System.err: java.net.SocketException: Message too long
11-06 13:16:53.063 13672 13713 W System.err: 	at sun.nio.ch.DatagramChannelImpl.send0(Native Method)
11-06 13:16:53.063 13672 13713 W System.err: 	at sun.nio.ch.DatagramChannelImpl.sendFromNativeBuffer(DatagramChannelImpl.java:573)
11-06 13:16:53.063 13672 13713 W System.err: 	at sun.nio.ch.DatagramChannelImpl.send(DatagramChannelImpl.java:550)
11-06 13:16:53.063 13672 13713 W System.err: 	at sun.nio.ch.DatagramChannelImpl.send(DatagramChannelImpl.java:514)
11-06 13:16:53.063 13672 13713 W System.err: 	at symlab.CloudAR.network.TransmissionTask.run(TransmissionTask.java:124)
11-06 13:16:53.063 13672 13713 W System.err: 	at android.os.Handler.handleCallback(Handler.java:907)
11-06 13:16:53.063 13672 13713 W System.err: 	at android.os.Handler.dispatchMessage(Handler.java:105)
11-06 13:16:53.063 13672 13713 W System.err: 	at android.os.Looper.loop(Looper.java:216)
11-06 13:16:53.064 13672 13713 W System.err: 	at android.os.HandlerThread.run(HandlerThread.java:65)
11-06 13:16:53.089 13672 13713 D Evaluation: Frame 56 sent at 1573039013089
11-06 13:16:53.117 13672 13713 D Evaluation: Frame 57 sent at 1573039013117
11-06 13:16:53.165 13672 13713 W System.err: java.net.SocketException: Message too long
11-06 13:16:53.165 13672 13713 W System.err: 	at sun.nio.ch.DatagramChannelImpl.send0(Native Method)
11-06 13:16:53.165 13672 13713 W System.err: 	at sun.nio.ch.DatagramChannelImpl.sendFromNativeBuffer(DatagramChannelImpl.java:573)
11-06 13:16:53.165 13672 13713 W System.err: 	at sun.nio.ch.DatagramChannelImpl.send(DatagramChannelImpl.java:550)
11-06 13:16:53.165 13672 13713 W System.err: 	at sun.nio.ch.DatagramChannelImpl.send(DatagramChannelImpl.java:514)
11-06 13:16:53.166 13672 13713 W System.err: 	at symlab.CloudAR.network.TransmissionTask.run(TransmissionTask.java:124)
11-06 13:16:53.166 13672 13713 W System.err: 	at android.os.Handler.handleCallback(Handler.java:907)
11-06 13:16:53.166 13672 13713 W System.err: 	at android.os.Handler.dispatchMessage(Handler.java:105)
11-06 13:16:53.166 13672 13713 W System.err: 	at android.os.Looper.loop(Looper.java:216)
11-06 13:16:53.166 13672 13713 W System.err: 	at android.os.HandlerThread.run(HandlerThread.java:65)
11-06 13:16:53.186 13672 13672 D Poster  : At 1573039013186 location is 65.05996629616092 (latitude), and 25.46696650931312 (longitude)
11-06 13:16:53.189 13672 13672 D Poster  : Connected to mobile network 20
11-06 13:16:53.233 13672 13713 D Evaluation: Frame 59 sent at 1573039013233
11-06 13:16:53.261 13672 13713 D Evaluation: Frame 60 sent at 1573039013261
11-06 13:16:53.294 13672 13713 D Evaluation: Frame 61 sent at 1573039013294
11-06 13:16:53.345 13672 13713 D Evaluation: Frame 62 sent at 1573039013345
11-06 13:16:53.377 13672 13713 W System.err: java.net.SocketException: Message too long
11-06 13:16:53.377 13672 13713 W System.err: 	at sun.nio.ch.DatagramChannelImpl.send0(Native Method)
11-06 13:16:53.377 13672 13713 W System.err: 	at sun.nio.ch.DatagramChannelImpl.sendFromNativeBuffer(DatagramChannelImpl.java:573)
11-06 13:16:53.377 13672 13713 W System.err: 	at sun.nio.ch.DatagramChannelImpl.send(DatagramChannelImpl.java:550)
11-06 13:16:53.377 13672 13713 W System.err: 	at sun.nio.ch.DatagramChannelImpl.send(DatagramChannelImpl.java:514)
11-06 13:16:53.377 13672 13713 W System.err: 	at symlab.CloudAR.network.TransmissionTask.run(TransmissionTask.java:124)
11-06 13:16:53.377 13672 13713 W System.err: 	at android.os.Handler.handleCallback(Handler.java:907)
11-06 13:16:53.377 13672 13713 W System.err: 	at android.os.Handler.dispatchMessage(Handler.java:105)
11-06 13:16:53.377 13672 13713 W System.err: 	at android.os.Looper.loop(Looper.java:216)
11-06 13:16:53.377 13672 13713 W System.err: 	at android.os.HandlerThread.run(HandlerThread.java:65)
11-06 13:16:53.409 13672 13713 W System.err: java.net.SocketException: Message too long
11-06 13:16:53.409 13672 13713 W System.err: 	at sun.nio.ch.DatagramChannelImpl.send0(Native Method)
11-06 13:16:53.409 13672 13713 W System.err: 	at sun.nio.ch.DatagramChannelImpl.sendFromNativeBuffer(DatagramChannelImpl.java:573)
11-06 13:16:53.409 13672 13713 W System.err: 	at sun.nio.ch.DatagramChannelImpl.send(DatagramChannelImpl.java:550)
11-06 13:16:53.409 13672 13713 W System.err: 	at sun.nio.ch.DatagramChannelImpl.send(DatagramChannelImpl.java:514)
11-06 13:16:53.409 13672 13713 W System.err: 	at symlab.CloudAR.network.TransmissionTask.run(TransmissionTask.java:124)
11-06 13:16:53.409 13672 13713 W System.err: 	at android.os.Handler.handleCallback(Handler.java:907)
11-06 13:16:53.409 13672 13713 W System.err: 	at android.os.Handler.dispatchMessage(Handler.java:105)
11-06 13:16:53.410 13672 13713 W System.err: 	at android.os.Looper.loop(Looper.java:216)
11-06 13:16:53.410 13672 13713 W System.err: 	at android.os.HandlerThread.run(HandlerThread.java:65)
11-06 13:16:53.440 13672 13713 W System.err: java.net.SocketException: Message too long
11-06 13:16:53.440 13672 13713 W System.err: 	at sun.nio.ch.DatagramChannelImpl.send0(Native Method)
11-06 13:16:53.440 13672 13713 W System.err: 	at sun.nio.ch.DatagramChannelImpl.sendFromNativeBuffer(DatagramChannelImpl.java:573)
11-06 13:16:53.440 13672 13713 W System.err: 	at sun.nio.ch.DatagramChannelImpl.send(DatagramChannelImpl.java:550)
11-06 13:16:53.440 13672 13713 W System.err: 	at sun.nio.ch.DatagramChannelImpl.send(DatagramChannelImpl.java:514)
11-06 13:16:53.440 13672 13713 W System.err: 	at symlab.CloudAR.network.TransmissionTask.run(TransmissionTask.java:124)
11-06 13:16:53.440 13672 13713 W System.err: 	at android.os.Handler.handleCallback(Handler.java:907)
11-06 13:16:53.440 13672 13713 W System.err: 	at android.os.Handler.dispatchMessage(Handler.java:105)
11-06 13:16:53.440 13672 13713 W System.err: 	at android.os.Looper.loop(Looper.java:216)
11-06 13:16:53.440 13672 13713 W System.err: 	at android.os.HandlerThread.run(HandlerThread.java:65)
11-06 13:16:53.475 13672 13713 D Evaluation: Frame 66 sent at 1573039013475
11-06 13:16:53.509 13672 13713 D Evaluation: Frame 67 sent at 1573039013509
11-06 13:16:53.539 13672 13713 D Evaluation: Frame 68 sent at 1573039013539
11-06 13:16:53.571 13672 13713 W System.err: java.net.SocketException: Message too long
11-06 13:16:53.571 13672 13713 W System.err: 	at sun.nio.ch.DatagramChannelImpl.send0(Native Method)
11-06 13:16:53.571 13672 13713 W System.err: 	at sun.nio.ch.DatagramChannelImpl.sendFromNativeBuffer(DatagramChannelImpl.java:573)
11-06 13:16:53.571 13672 13713 W System.err: 	at sun.nio.ch.DatagramChannelImpl.send(DatagramChannelImpl.java:550)
11-06 13:16:53.571 13672 13713 W System.err: 	at sun.nio.ch.DatagramChannelImpl.send(DatagramChannelImpl.java:514)
11-06 13:16:53.571 13672 13713 W System.err: 	at symlab.CloudAR.network.TransmissionTask.run(TransmissionTask.java:124)
11-06 13:16:53.571 13672 13713 W System.err: 	at android.os.Handler.handleCallback(Handler.java:907)
11-06 13:16:53.572 13672 13713 W System.err: 	at android.os.Handler.dispatchMessage(Handler.java:105)
11-06 13:16:53.572 13672 13713 W System.err: 	at android.os.Looper.loop(Looper.java:216)
11-06 13:16:53.572 13672 13713 W System.err: 	at android.os.HandlerThread.run(HandlerThread.java:65)
11-06 13:16:53.597 13672 13713 W System.err: java.net.SocketException: Message too long
11-06 13:16:53.597 13672 13713 W System.err: 	at sun.nio.ch.DatagramChannelImpl.send0(Native Method)
11-06 13:16:53.597 13672 13713 W System.err: 	at sun.nio.ch.DatagramChannelImpl.sendFromNativeBuffer(DatagramChannelImpl.java:573)
11-06 13:16:53.597 13672 13713 W System.err: 	at sun.nio.ch.DatagramChannelImpl.send(DatagramChannelImpl.java:550)
11-06 13:16:53.597 13672 13713 W System.err: 	at sun.nio.ch.DatagramChannelImpl.send(DatagramChannelImpl.java:514)
11-06 13:16:53.597 13672 13713 W System.err: 	at symlab.CloudAR.network.TransmissionTask.run(TransmissionTask.java:124)
11-06 13:16:53.597 13672 13713 W System.err: 	at android.os.Handler.handleCallback(Handler.java:907)
11-06 13:16:53.597 13672 13713 W System.err: 	at android.os.Handler.dispatchMessage(Handler.java:105)
11-06 13:16:53.597 13672 13713 W System.err: 	at android.os.Looper.loop(Looper.java:216)
11-06 13:16:53.598 13672 13713 W System.err: 	at android.os.HandlerThread.run(HandlerThread.java:65)
11-06 13:16:53.637 13672 13713 W System.err: java.net.SocketException: Message too long
11-06 13:16:53.637 13672 13713 W System.err: 	at sun.nio.ch.DatagramChannelImpl.send0(Native Method)
11-06 13:16:53.637 13672 13713 W System.err: 	at sun.nio.ch.DatagramChannelImpl.sendFromNativeBuffer(DatagramChannelImpl.java:573)
11-06 13:16:53.637 13672 13713 W System.err: 	at sun.nio.ch.DatagramChannelImpl.send(DatagramChannelImpl.java:550)
11-06 13:16:53.637 13672 13713 W System.err: 	at sun.nio.ch.DatagramChannelImpl.send(DatagramChannelImpl.java:514)
11-06 13:16:53.637 13672 13713 W System.err: 	at symlab.CloudAR.network.TransmissionTask.run(TransmissionTask.java:124)
11-06 13:16:53.637 13672 13713 W System.err: 	at android.os.Handler.handleCallback(Handler.java:907)
11-06 13:16:53.637 13672 13713 W System.err: 	at android.os.Handler.dispatchMessage(Handler.java:105)
11-06 13:16:53.637 13672 13713 W System.err: 	at android.os.Looper.loop(Looper.java:216)
11-06 13:16:53.637 13672 13713 W System.err: 	at android.os.HandlerThread.run(HandlerThread.java:65)
11-06 13:16:53.669 13672 13713 W System.err: java.net.SocketException: Message too long
11-06 13:16:53.669 13672 13713 W System.err: 	at sun.nio.ch.DatagramChannelImpl.send0(Native Method)
11-06 13:16:53.669 13672 13713 W System.err: 	at sun.nio.ch.DatagramChannelImpl.sendFromNativeBuffer(DatagramChannelImpl.java:573)
11-06 13:16:53.669 13672 13713 W System.err: 	at sun.nio.ch.DatagramChannelImpl.send(DatagramChannelImpl.java:550)
11-06 13:16:53.669 13672 13713 W System.err: 	at sun.nio.ch.DatagramChannelImpl.send(DatagramChannelImpl.java:514)
11-06 13:16:53.669 13672 13713 W System.err: 	at symlab.CloudAR.network.TransmissionTask.run(TransmissionTask.java:124)
11-06 13:16:53.669 13672 13713 W System.err: 	at android.os.Handler.handleCallback(Handler.java:907)
11-06 13:16:53.669 13672 13713 W System.err: 	at android.os.Handler.dispatchMessage(Handler.java:105)
11-06 13:16:53.669 13672 13713 W System.err: 	at android.os.Looper.loop(Looper.java:216)
11-06 13:16:53.669 13672 13713 W System.err: 	at android.os.HandlerThread.run(HandlerThread.java:65)
11-06 13:16:53.702 13672 13713 W System.err: java.net.SocketException: Message too long
11-06 13:16:53.702 13672 13713 W System.err: 	at sun.nio.ch.DatagramChannelImpl.send0(Native Method)
11-06 13:16:53.702 13672 13713 W System.err: 	at sun.nio.ch.DatagramChannelImpl.sendFromNativeBuffer(DatagramChannelImpl.java:573)
11-06 13:16:53.702 13672 13713 W System.err: 	at sun.nio.ch.DatagramChannelImpl.send(DatagramChannelImpl.java:550)
11-06 13:16:53.702 13672 13713 W System.err: 	at sun.nio.ch.DatagramChannelImpl.send(DatagramChannelImpl.java:514)
11-06 13:16:53.703 13672 13713 W System.err: 	at symlab.CloudAR.network.TransmissionTask.run(TransmissionTask.java:124)
11-06 13:16:53.703 13672 13713 W System.err: 	at android.os.Handler.handleCallback(Handler.java:907)
11-06 13:16:53.703 13672 13713 W System.err: 	at android.os.Handler.dispatchMessage(Handler.java:105)
11-06 13:16:53.703 13672 13713 W System.err: 	at android.os.Looper.loop(Looper.java:216)
11-06 13:16:53.703 13672 13713 W System.err: 	at android.os.HandlerThread.run(HandlerThread.java:65)
11-06 13:16:53.746 13672 13713 W System.err: java.net.SocketException: Message too long
11-06 13:16:53.746 13672 13713 W System.err: 	at sun.nio.ch.DatagramChannelImpl.send0(Native Method)
11-06 13:16:53.746 13672 13713 W System.err: 	at sun.nio.ch.DatagramChannelImpl.sendFromNativeBuffer(DatagramChannelImpl.java:573)
11-06 13:16:53.746 13672 13713 W System.err: 	at sun.nio.ch.DatagramChannelImpl.send(DatagramChannelImpl.java:550)
11-06 13:16:53.746 13672 13713 W System.err: 	at sun.nio.ch.DatagramChannelImpl.send(DatagramChannelImpl.java:514)
11-06 13:16:53.746 13672 13713 W System.err: 	at symlab.CloudAR.network.TransmissionTask.run(TransmissionTask.java:124)
11-06 13:16:53.746 13672 13713 W System.err: 	at android.os.Handler.handleCallback(Handler.java:907)
11-06 13:16:53.746 13672 13713 W System.err: 	at android.os.Handler.dispatchMessage(Handler.java:105)
11-06 13:16:53.746 13672 13713 W System.err: 	at android.os.Looper.loop(Looper.java:216)
11-06 13:16:53.747 13672 13713 W System.err: 	at android.os.HandlerThread.run(HandlerThread.java:65)
11-06 13:16:53.777 13672 13713 W System.err: java.net.SocketException: Message too long
11-06 13:16:53.777 13672 13713 W System.err: 	at sun.nio.ch.DatagramChannelImpl.send0(Native Method)
11-06 13:16:53.777 13672 13713 W System.err: 	at sun.nio.ch.DatagramChannelImpl.sendFromNativeBuffer(DatagramChannelImpl.java:573)
11-06 13:16:53.777 13672 13713 W System.err: 	at sun.nio.ch.DatagramChannelImpl.send(DatagramChannelImpl.java:550)
11-06 13:16:53.777 13672 13713 W System.err: 	at sun.nio.ch.DatagramChannelImpl.send(DatagramChannelImpl.java:514)
11-06 13:16:53.777 13672 13713 W System.err: 	at symlab.CloudAR.network.TransmissionTask.run(TransmissionTask.java:124)
11-06 13:16:53.777 13672 13713 W System.err: 	at android.os.Handler.handleCallback(Handler.java:907)
11-06 13:16:53.777 13672 13713 W System.err: 	at android.os.Handler.dispatchMessage(Handler.java:105)
11-06 13:16:53.777 13672 13713 W System.err: 	at android.os.Looper.loop(Looper.java:216)
11-06 13:16:53.777 13672 13713 W System.err: 	at android.os.HandlerThread.run(HandlerThread.java:65)
11-06 13:16:53.810 13672 13713 D Evaluation: Frame 76 sent at 1573039013810
11-06 13:16:53.838 13672 13686 E         : [ZeroHung]zrhung_get_config: Get config failed for wp[0x0008]
11-06 13:16:53.838 13672 13713 D Evaluation: Frame 77 sent at 1573039013838
11-06 13:16:53.881 13672 13713 D Evaluation: Frame 78 sent at 1573039013881
11-06 13:16:53.911 13672 13713 D Evaluation: Frame 79 sent at 1573039013911
11-06 13:16:53.942 13672 13713 W System.err: java.net.SocketException: Message too long
11-06 13:16:53.942 13672 13713 W System.err: 	at sun.nio.ch.DatagramChannelImpl.send0(Native Method)
11-06 13:16:53.942 13672 13713 W System.err: 	at sun.nio.ch.DatagramChannelImpl.sendFromNativeBuffer(DatagramChannelImpl.java:573)
11-06 13:16:53.942 13672 13713 W System.err: 	at sun.nio.ch.DatagramChannelImpl.send(DatagramChannelImpl.java:550)
11-06 13:16:53.942 13672 13713 W System.err: 	at sun.nio.ch.DatagramChannelImpl.send(DatagramChannelImpl.java:514)
11-06 13:16:53.943 13672 13713 W System.err: 	at symlab.CloudAR.network.TransmissionTask.run(TransmissionTask.java:124)
11-06 13:16:53.943 13672 13713 W System.err: 	at android.os.Handler.handleCallback(Handler.java:907)
11-06 13:16:53.943 13672 13713 W System.err: 	at android.os.Handler.dispatchMessage(Handler.java:105)
11-06 13:16:53.943 13672 13713 W System.err: 	at android.os.Looper.loop(Looper.java:216)
11-06 13:16:53.943 13672 13713 W System.err: 	at android.os.HandlerThread.run(HandlerThread.java:65)
11-06 13:16:53.970 13672 13713 W System.err: java.net.SocketException: Message too long
11-06 13:16:53.970 13672 13713 W System.err: 	at sun.nio.ch.DatagramChannelImpl.send0(Native Method)
11-06 13:16:53.970 13672 13713 W System.err: 	at sun.nio.ch.DatagramChannelImpl.sendFromNativeBuffer(DatagramChannelImpl.java:573)
11-06 13:16:53.970 13672 13713 W System.err: 	at sun.nio.ch.DatagramChannelImpl.send(DatagramChannelImpl.java:550)
11-06 13:16:53.970 13672 13713 W System.err: 	at sun.nio.ch.DatagramChannelImpl.send(DatagramChannelImpl.java:514)
11-06 13:16:53.970 13672 13713 W System.err: 	at symlab.CloudAR.network.TransmissionTask.run(TransmissionTask.java:124)
11-06 13:16:53.970 13672 13713 W System.err: 	at android.os.Handler.handleCallback(Handler.java:907)
11-06 13:16:53.970 13672 13713 W System.err: 	at android.os.Handler.dispatchMessage(Handler.java:105)
11-06 13:16:53.970 13672 13713 W System.err: 	at android.os.Looper.loop(Looper.java:216)
11-06 13:16:53.970 13672 13713 W System.err: 	at android.os.HandlerThread.run(HandlerThread.java:65)
11-06 13:16:54.005 13672 13713 W System.err: java.net.SocketException: Message too long
11-06 13:16:54.006 13672 13713 W System.err: 	at sun.nio.ch.DatagramChannelImpl.send0(Native Method)
11-06 13:16:54.006 13672 13713 W System.err: 	at sun.nio.ch.DatagramChannelImpl.sendFromNativeBuffer(DatagramChannelImpl.java:573)
11-06 13:16:54.006 13672 13713 W System.err: 	at sun.nio.ch.DatagramChannelImpl.send(DatagramChannelImpl.java:550)
11-06 13:16:54.006 13672 13713 W System.err: 	at sun.nio.ch.DatagramChannelImpl.send(DatagramChannelImpl.java:514)
11-06 13:16:54.006 13672 13713 W System.err: 	at symlab.CloudAR.network.TransmissionTask.run(TransmissionTask.java:124)
11-06 13:16:54.006 13672 13713 W System.err: 	at android.os.Handler.handleCallback(Handler.java:907)
11-06 13:16:54.006 13672 13713 W System.err: 	at android.os.Handler.dispatchMessage(Handler.java:105)
11-06 13:16:54.006 13672 13713 W System.err: 	at android.os.Looper.loop(Looper.java:216)
11-06 13:16:54.006 13672 13713 W System.err: 	at android.os.HandlerThread.run(HandlerThread.java:65)
11-06 13:16:54.044 13672 13713 D Evaluation: Frame 83 sent at 1573039014044
11-06 13:16:54.072 13672 13713 D Evaluation: Frame 84 sent at 1573039014072
11-06 13:16:54.106 13672 13713 D Evaluation: Frame 85 sent at 1573039014106
11-06 13:16:54.141 13672 13713 D Evaluation: Frame 86 sent at 1573039014141
11-06 13:16:54.170 13672 13713 D Evaluation: Frame 87 sent at 1573039014170
11-06 13:16:54.188 13672 13672 D Poster  : At 1573039014188 location is 65.05999905874363 (latitude), and 25.46684829162925 (longitude)
11-06 13:16:54.191 13672 13672 D Poster  : Connected to mobile network 20
11-06 13:16:54.210 13672 13713 W System.err: java.net.SocketException: Message too long
11-06 13:16:54.210 13672 13713 W System.err: 	at sun.nio.ch.DatagramChannelImpl.send0(Native Method)
11-06 13:16:54.210 13672 13713 W System.err: 	at sun.nio.ch.DatagramChannelImpl.sendFromNativeBuffer(DatagramChannelImpl.java:573)
11-06 13:16:54.210 13672 13713 W System.err: 	at sun.nio.ch.DatagramChannelImpl.send(DatagramChannelImpl.java:550)
11-06 13:16:54.210 13672 13713 W System.err: 	at sun.nio.ch.DatagramChannelImpl.send(DatagramChannelImpl.java:514)
11-06 13:16:54.210 13672 13713 W System.err: 	at symlab.CloudAR.network.TransmissionTask.run(TransmissionTask.java:124)
11-06 13:16:54.210 13672 13713 W System.err: 	at android.os.Handler.handleCallback(Handler.java:907)
11-06 13:16:54.210 13672 13713 W System.err: 	at android.os.Handler.dispatchMessage(Handler.java:105)
11-06 13:16:54.210 13672 13713 W System.err: 	at android.os.Looper.loop(Looper.java:216)
11-06 13:16:54.210 13672 13713 W System.err: 	at android.os.HandlerThread.run(HandlerThread.java:65)
11-06 13:16:54.211 13672 13713 D Evaluation: 0 res for frame 76 received at 1573039014211
11-06 13:16:54.229 13672 13713 W System.err: java.net.SocketException: Message too long
11-06 13:16:54.230 13672 13713 W System.err: 	at sun.nio.ch.DatagramChannelImpl.send0(Native Method)
11-06 13:16:54.230 13672 13713 W System.err: 	at sun.nio.ch.DatagramChannelImpl.sendFromNativeBuffer(DatagramChannelImpl.java:573)
11-06 13:16:54.230 13672 13713 W System.err: 	at sun.nio.ch.DatagramChannelImpl.send(DatagramChannelImpl.java:550)
11-06 13:16:54.230 13672 13713 W System.err: 	at sun.nio.ch.DatagramChannelImpl.send(DatagramChannelImpl.java:514)
11-06 13:16:54.230 13672 13713 W System.err: 	at symlab.CloudAR.network.TransmissionTask.run(TransmissionTask.java:124)
11-06 13:16:54.230 13672 13713 W System.err: 	at android.os.Handler.handleCallback(Handler.java:907)
11-06 13:16:54.230 13672 13713 W System.err: 	at android.os.Handler.dispatchMessage(Handler.java:105)
11-06 13:16:54.230 13672 13713 W System.err: 	at android.os.Looper.loop(Looper.java:216)
11-06 13:16:54.230 13672 13713 W System.err: 	at android.os.HandlerThread.run(HandlerThread.java:65)
11-06 13:16:54.270 13672 13713 W System.err: java.net.SocketException: Message too long
11-06 13:16:54.270 13672 13713 W System.err: 	at sun.nio.ch.DatagramChannelImpl.send0(Native Method)
11-06 13:16:54.270 13672 13713 W System.err: 	at sun.nio.ch.DatagramChannelImpl.sendFromNativeBuffer(DatagramChannelImpl.java:573)
11-06 13:16:54.270 13672 13713 W System.err: 	at sun.nio.ch.DatagramChannelImpl.send(DatagramChannelImpl.java:550)
11-06 13:16:54.270 13672 13713 W System.err: 	at sun.nio.ch.DatagramChannelImpl.send(DatagramChannelImpl.java:514)
11-06 13:16:54.270 13672 13713 W System.err: 	at symlab.CloudAR.network.TransmissionTask.run(TransmissionTask.java:124)
11-06 13:16:54.270 13672 13713 W System.err: 	at android.os.Handler.handleCallback(Handler.java:907)
11-06 13:16:54.270 13672 13713 W System.err: 	at android.os.Handler.dispatchMessage(Handler.java:105)
11-06 13:16:54.271 13672 13713 W System.err: 	at android.os.Looper.loop(Looper.java:216)
11-06 13:16:54.271 13672 13713 W System.err: 	at android.os.HandlerThread.run(HandlerThread.java:65)
11-06 13:16:54.314 13672 13713 D Evaluation: Frame 91 sent at 1573039014314
11-06 13:16:54.343 13672 13713 D Evaluation: Frame 92 sent at 1573039014343
11-06 13:16:54.371 13672 13713 W System.err: java.net.SocketException: Message too long
11-06 13:16:54.371 13672 13713 W System.err: 	at sun.nio.ch.DatagramChannelImpl.send0(Native Method)
11-06 13:16:54.371 13672 13713 W System.err: 	at sun.nio.ch.DatagramChannelImpl.sendFromNativeBuffer(DatagramChannelImpl.java:573)
11-06 13:16:54.371 13672 13713 W System.err: 	at sun.nio.ch.DatagramChannelImpl.send(DatagramChannelImpl.java:550)
11-06 13:16:54.371 13672 13713 W System.err: 	at sun.nio.ch.DatagramChannelImpl.send(DatagramChannelImpl.java:514)
11-06 13:16:54.371 13672 13713 W System.err: 	at symlab.CloudAR.network.TransmissionTask.run(TransmissionTask.java:124)
11-06 13:16:54.371 13672 13713 W System.err: 	at android.os.Handler.handleCallback(Handler.java:907)
11-06 13:16:54.371 13672 13713 W System.err: 	at android.os.Handler.dispatchMessage(Handler.java:105)
11-06 13:16:54.371 13672 13713 W System.err: 	at android.os.Looper.loop(Looper.java:216)
11-06 13:16:54.372 13672 13713 W System.err: 	at android.os.HandlerThread.run(HandlerThread.java:65)
11-06 13:16:54.413 13672 13713 D Evaluation: Frame 94 sent at 1573039014413
11-06 13:16:54.442 13672 13713 D Evaluation: Frame 95 sent at 1573039014442
11-06 13:16:54.475 13672 13713 D Evaluation: Frame 96 sent at 1573039014475
11-06 13:16:54.510 13672 13713 D Evaluation: Frame 97 sent at 1573039014510
11-06 13:16:54.544 13672 13713 D Evaluation: Frame 98 sent at 1573039014544
11-06 13:16:54.581 13672 13713 D Evaluation: Frame 99 sent at 1573039014581
11-06 13:16:54.614 13672 13713 D Evaluation: Frame 100 sent at 1573039014614
11-06 13:16:54.650 13672 13713 D Evaluation: Frame 101 sent at 1573039014650
11-06 13:16:54.681 13672 13713 D Evaluation: Frame 102 sent at 1573039014681
11-06 13:16:54.708 13672 13713 D Evaluation: Frame 103 sent at 1573039014708
11-06 13:16:54.756 13672 13713 D Evaluation: Frame 104 sent at 1573039014756
11-06 13:16:54.782 13672 13713 W System.err: java.net.SocketException: Message too long
11-06 13:16:54.782 13672 13713 W System.err: 	at sun.nio.ch.DatagramChannelImpl.send0(Native Method)
11-06 13:16:54.782 13672 13713 W System.err: 	at sun.nio.ch.DatagramChannelImpl.sendFromNativeBuffer(DatagramChannelImpl.java:573)
11-06 13:16:54.782 13672 13713 W System.err: 	at sun.nio.ch.DatagramChannelImpl.send(DatagramChannelImpl.java:550)
11-06 13:16:54.782 13672 13713 W System.err: 	at sun.nio.ch.DatagramChannelImpl.send(DatagramChannelImpl.java:514)
11-06 13:16:54.782 13672 13713 W System.err: 	at symlab.CloudAR.network.TransmissionTask.run(TransmissionTask.java:124)
11-06 13:16:54.782 13672 13713 W System.err: 	at android.os.Handler.handleCallback(Handler.java:907)
11-06 13:16:54.782 13672 13713 W System.err: 	at android.os.Handler.dispatchMessage(Handler.java:105)
11-06 13:16:54.782 13672 13713 W System.err: 	at android.os.Looper.loop(Looper.java:216)
11-06 13:16:54.782 13672 13713 W System.err: 	at android.os.HandlerThread.run(HandlerThread.java:65)
11-06 13:16:54.820 13672 13713 W System.err: java.net.SocketException: Message too long
11-06 13:16:54.821 13672 13713 W System.err: 	at sun.nio.ch.DatagramChannelImpl.send0(Native Method)
11-06 13:16:54.821 13672 13713 W System.err: 	at sun.nio.ch.DatagramChannelImpl.sendFromNativeBuffer(DatagramChannelImpl.java:573)
11-06 13:16:54.821 13672 13713 W System.err: 	at sun.nio.ch.DatagramChannelImpl.send(DatagramChannelImpl.java:550)
11-06 13:16:54.821 13672 13713 W System.err: 	at sun.nio.ch.DatagramChannelImpl.send(DatagramChannelImpl.java:514)
11-06 13:16:54.821 13672 13713 W System.err: 	at symlab.CloudAR.network.TransmissionTask.run(TransmissionTask.java:124)
11-06 13:16:54.821 13672 13713 W System.err: 	at android.os.Handler.handleCallback(Handler.java:907)
11-06 13:16:54.821 13672 13713 W System.err: 	at android.os.Handler.dispatchMessage(Handler.java:105)
11-06 13:16:54.821 13672 13713 W System.err: 	at android.os.Looper.loop(Looper.java:216)
11-06 13:16:54.821 13672 13713 W System.err: 	at android.os.HandlerThread.run(HandlerThread.java:65)
11-06 13:16:54.859 13672 13713 W System.err: java.net.SocketException: Message too long
11-06 13:16:54.860 13672 13713 W System.err: 	at sun.nio.ch.DatagramChannelImpl.send0(Native Method)
11-06 13:16:54.860 13672 13713 W System.err: 	at sun.nio.ch.DatagramChannelImpl.sendFromNativeBuffer(DatagramChannelImpl.java:573)
11-06 13:16:54.860 13672 13713 W System.err: 	at sun.nio.ch.DatagramChannelImpl.send(DatagramChannelImpl.java:550)
11-06 13:16:54.860 13672 13713 W System.err: 	at sun.nio.ch.DatagramChannelImpl.send(DatagramChannelImpl.java:514)
11-06 13:16:54.860 13672 13713 W System.err: 	at symlab.CloudAR.network.TransmissionTask.run(TransmissionTask.java:124)
11-06 13:16:54.860 13672 13713 W System.err: 	at android.os.Handler.handleCallback(Handler.java:907)
11-06 13:16:54.860 13672 13713 W System.err: 	at android.os.Handler.dispatchMessage(Handler.java:105)
11-06 13:16:54.860 13672 13713 W System.err: 	at android.os.Looper.loop(Looper.java:216)
11-06 13:16:54.860 13672 13713 W System.err: 	at android.os.HandlerThread.run(HandlerThread.java:65)
11-06 13:16:54.883 13672 13713 D Evaluation: Frame 108 sent at 1573039014883
11-06 13:16:54.919 13672 13686 E         : [ZeroHung]zrhung_get_config: Get config failed for wp[0x0008]
11-06 13:16:54.919 13672 13713 D Evaluation: Frame 109 sent at 1573039014919
11-06 13:16:54.949 13672 13681 W System  : A resource failed to call close. 
11-06 13:16:54.950 13672 13681 W System  : A resource failed to call close. 
11-06 13:16:54.961 13672 13713 D Evaluation: Frame 111 sent at 1573039014961
11-06 13:16:54.980 13672 13713 D Evaluation: Frame 111 sent at 1573039014980
11-06 13:16:55.019 13672 13713 D Evaluation: Frame 112 sent at 1573039015019
11-06 13:16:55.054 13672 13713 D Evaluation: Frame 113 sent at 1573039015054
11-06 13:16:55.097 13672 13713 D Evaluation: Frame 114 sent at 1573039015097
11-06 13:16:55.114 13672 13672 D stylus  : init stylus touchlistener.
11-06 13:16:55.117 13672 13672 W Settings: Setting device_provisioned has moved from android.provider.Settings.Secure to android.provider.Settings.Global.
11-06 13:16:55.118 13672 13672 V HiTouch_HiTouchSensor: User setup is finished.
11-06 13:16:55.121 13672 13713 D Evaluation: Frame 115 sent at 1573039015121
11-06 13:16:55.150 13672 13713 D Evaluation: Frame 116 sent at 1573039015150
11-06 13:16:55.182 13672 13713 D Evaluation: Frame 117 sent at 1573039015182
11-06 13:16:55.202 13672 13672 W HiTouch_PressGestureDetector: Touch pointer move a lot. The moving distance of X is:32.01062, limit is:60The moving distance of Y is:88.56758, limit is:60
11-06 13:16:55.268 13672 13713 D Evaluation: Frame 119 sent at 1573039015268
11-06 13:16:55.289 13672 13713 D Evaluation: Frame 119 sent at 1573039015289
11-06 13:16:55.311 13672 13713 D Evaluation: Frame 120 sent at 1573039015310
11-06 13:16:55.334 13672 13713 D Evaluation: Frame 121 sent at 1573039015334
11-06 13:16:55.367 13672 13713 D Evaluation: Frame 122 sent at 1573039015367
11-06 13:16:55.399 13672 13713 D Evaluation: Frame 123 sent at 1573039015399
11-06 13:16:55.438 13672 13713 D Evaluation: Frame 124 sent at 1573039015438
11-06 13:16:55.472 13672 13713 W System.err: java.net.SocketException: Message too long
11-06 13:16:55.472 13672 13713 W System.err: 	at sun.nio.ch.DatagramChannelImpl.send0(Native Method)
11-06 13:16:55.472 13672 13713 W System.err: 	at sun.nio.ch.DatagramChannelImpl.sendFromNativeBuffer(DatagramChannelImpl.java:573)
11-06 13:16:55.472 13672 13713 W System.err: 	at sun.nio.ch.DatagramChannelImpl.send(DatagramChannelImpl.java:550)
11-06 13:16:55.472 13672 13713 W System.err: 	at sun.nio.ch.DatagramChannelImpl.send(DatagramChannelImpl.java:514)
11-06 13:16:55.472 13672 13713 W System.err: 	at symlab.CloudAR.network.TransmissionTask.run(TransmissionTask.java:124)
11-06 13:16:55.472 13672 13713 W System.err: 	at android.os.Handler.handleCallback(Handler.java:907)
11-06 13:16:55.472 13672 13713 W System.err: 	at android.os.Handler.dispatchMessage(Handler.java:105)
11-06 13:16:55.472 13672 13713 W System.err: 	at android.os.Looper.loop(Looper.java:216)
11-06 13:16:55.472 13672 13713 W System.err: 	at android.os.HandlerThread.run(HandlerThread.java:65)
11-06 13:16:55.517 13672 13713 D Evaluation: Frame 126 sent at 1573039015517
11-06 13:16:55.542 13672 13713 D Evaluation: Frame 127 sent at 1573039015542
11-06 13:16:55.574 13672 13713 D Evaluation: Frame 128 sent at 1573039015574
11-06 13:16:55.590 13672 13672 D Poster  : At 1573039015589 location is 65.0599860445585 (latitude), and 25.466744509578263 (longitude)
11-06 13:16:55.591 13672 13672 D Poster  : Connected to mobile network 20
11-06 13:16:55.617 13672 13713 D Evaluation: Frame 129 sent at 1573039015617
11-06 13:16:55.635 13672 13713 D Evaluation: Frame 130 sent at 1573039015635
11-06 13:16:55.741 13672 13713 D Evaluation: Frame 131 sent at 1573039015741
11-06 13:16:55.772 13672 13713 D Evaluation: Frame 132 sent at 1573039015772
11-06 13:16:55.774 13672 13672 I AwareBitmapCacher: init lrucache size: 2097152 pid=13672
11-06 13:16:55.815 13672 13713 D Evaluation: Frame 133 sent at 1573039015815
11-06 13:16:55.860 13672 13713 D Evaluation: Frame 134 sent at 1573039015859
11-06 13:16:55.919 13672 13713 D Evaluation: Frame 135 sent at 1573039015919
11-06 13:16:55.946 13672 13713 W System.err: java.net.SocketException: Message too long
11-06 13:16:55.946 13672 13713 W System.err: 	at sun.nio.ch.DatagramChannelImpl.send0(Native Method)
11-06 13:16:55.946 13672 13713 W System.err: 	at sun.nio.ch.DatagramChannelImpl.sendFromNativeBuffer(DatagramChannelImpl.java:573)
11-06 13:16:55.946 13672 13713 W System.err: 	at sun.nio.ch.DatagramChannelImpl.send(DatagramChannelImpl.java:550)
11-06 13:16:55.946 13672 13713 W System.err: 	at sun.nio.ch.DatagramChannelImpl.send(DatagramChannelImpl.java:514)
11-06 13:16:55.946 13672 13713 W System.err: 	at symlab.CloudAR.network.TransmissionTask.run(TransmissionTask.java:124)
11-06 13:16:55.946 13672 13713 W System.err: 	at android.os.Handler.handleCallback(Handler.java:907)
11-06 13:16:55.946 13672 13713 W System.err: 	at android.os.Handler.dispatchMessage(Handler.java:105)
11-06 13:16:55.947 13672 13713 W System.err: 	at android.os.Looper.loop(Looper.java:216)
11-06 13:16:55.948 13672 13713 W System.err: 	at android.os.HandlerThread.run(HandlerThread.java:65)
11-06 13:16:55.973 13672 13713 D Evaluation: Frame 137 sent at 1573039015973
11-06 13:16:56.020 13672 13713 D Evaluation: Frame 138 sent at 1573039016020
11-06 13:16:56.042 13672 13713 D Evaluation: Frame 139 sent at 1573039016042
11-06 13:16:56.081 13672 13713 D Evaluation: Frame 140 sent at 1573039016081
11-06 13:16:56.108 13672 13713 D Evaluation: Frame 141 sent at 1573039016108
11-06 13:16:56.147 13672 13713 D Evaluation: Frame 142 sent at 1573039016146
11-06 13:16:56.174 13672 13713 D Evaluation: Frame 143 sent at 1573039016174
11-06 13:16:56.214 13672 13713 D Evaluation: Frame 144 sent at 1573039016214
11-06 13:16:56.242 13672 13686 E         : [ZeroHung]zrhung_get_config: Get config failed for wp[0x0008]
11-06 13:16:56.243 13672 13713 D Evaluation: Frame 145 sent at 1573039016243
11-06 13:16:56.280 13672 13713 D Evaluation: Frame 146 sent at 1573039016280
11-06 13:16:56.310 13672 13713 D Evaluation: Frame 147 sent at 1573039016310
11-06 13:16:56.342 13672 13713 D Evaluation: Frame 148 sent at 1573039016342
11-06 13:16:56.390 13672 13713 D Evaluation: Frame 149 sent at 1573039016390
11-06 13:16:56.412 13672 13713 D Evaluation: Frame 150 sent at 1573039016412
11-06 13:16:56.445 13672 13713 D Evaluation: Frame 151 sent at 1573039016445
11-06 13:16:56.476 13672 13713 D Evaluation: Frame 152 sent at 1573039016476
11-06 13:16:56.513 13672 13713 D Evaluation: Frame 153 sent at 1573039016513
11-06 13:16:56.546 13672 13713 D Evaluation: Frame 154 sent at 1573039016546
11-06 13:16:56.580 13672 13713 D Evaluation: Frame 155 sent at 1573039016580
11-06 13:16:56.584 13672 13672 D Poster  : At 1573039016584 location is 65.05999312794386 (latitude), and 25.466700428004913 (longitude)
11-06 13:16:56.585 13672 13672 D Poster  : Connected to mobile network 20
11-06 13:16:56.621 13672 13713 D Evaluation: Frame 156 sent at 1573039016621
11-06 13:16:56.647 13672 13713 D Evaluation: Frame 157 sent at 1573039016647
11-06 13:16:56.675 13672 13713 D Evaluation: Frame 158 sent at 1573039016674
11-06 13:16:56.718 13672 13713 D Evaluation: Frame 159 sent at 1573039016718
11-06 13:16:56.749 13672 13713 D Evaluation: Frame 160 sent at 1573039016749
11-06 13:16:56.778 13672 13713 D Evaluation: Frame 161 sent at 1573039016778
11-06 13:16:56.816 13672 13713 D Evaluation: Frame 162 sent at 1573039016815
11-06 13:16:56.851 13672 13713 W System.err: java.net.SocketException: Message too long
11-06 13:16:56.851 13672 13713 W System.err: 	at sun.nio.ch.DatagramChannelImpl.send0(Native Method)
11-06 13:16:56.851 13672 13713 W System.err: 	at sun.nio.ch.DatagramChannelImpl.sendFromNativeBuffer(DatagramChannelImpl.java:573)
11-06 13:16:56.851 13672 13713 W System.err: 	at sun.nio.ch.DatagramChannelImpl.send(DatagramChannelImpl.java:550)
11-06 13:16:56.851 13672 13713 W System.err: 	at sun.nio.ch.DatagramChannelImpl.send(DatagramChannelImpl.java:514)
11-06 13:16:56.851 13672 13713 W System.err: 	at symlab.CloudAR.network.TransmissionTask.run(TransmissionTask.java:124)
11-06 13:16:56.851 13672 13713 W System.err: 	at android.os.Handler.handleCallback(Handler.java:907)
11-06 13:16:56.851 13672 13713 W System.err: 	at android.os.Handler.dispatchMessage(Handler.java:105)
11-06 13:16:56.851 13672 13713 W System.err: 	at android.os.Looper.loop(Looper.java:216)
