11-06 14:40:04.487 24017 24026 I chatty  : uid=10149(symlab.cloudridar.arhud) FinalizerDaemon identical 12 lines
11-06 14:40:04.487 24017 24026 W System  : A resource failed to call close. 
11-06 14:40:04.487 24017 24026 W System  : A resource failed to call close. 
11-06 14:40:04.487 24017 24026 W System  : A resource failed to call close. 
11-06 14:40:04.487 24017 24051 D Evaluation: 0 res for frame 1288 received at 1573044004487
11-06 14:40:04.487 24017 24026 W System  : A resource failed to call close. 
11-06 14:40:04.488 24017 24026 W System  : A resource failed to call close. 
11-06 14:40:04.508 24017 24051 D Evaluation: Frame 1296 sent at 1573044004508
11-06 14:40:04.509 24017 24051 D Evaluation: 0 res for frame 1289 received at 1573044004509
11-06 14:40:04.539 24017 24051 D Evaluation: Frame 1297 sent at 1573044004539
11-06 14:40:04.540 24017 24051 D Evaluation: 0 res for frame 1290 received at 1573044004540
11-06 14:40:04.582 24017 24051 D Evaluation: Frame 1298 sent at 1573044004582
11-06 14:40:04.584 24017 24051 D Evaluation: 0 res for frame 1291 received at 1573044004584
11-06 14:40:04.603 24017 24051 D Evaluation: Frame 1299 sent at 1573044004603
11-06 14:40:04.605 24017 24051 D Evaluation: 0 res for frame 1293 received at 1573044004605
11-06 14:40:04.637 24017 24051 D Evaluation: Frame 1300 sent at 1573044004637
11-06 14:40:04.638 24017 24051 D Evaluation: 0 res for frame 1293 received at 1573044004638
11-06 14:40:04.673 24017 24051 D Evaluation: Frame 1301 sent at 1573044004673
11-06 14:40:04.674 24017 24051 D Evaluation: 0 res for frame 1294 received at 1573044004674
11-06 14:40:04.711 24017 24051 D Evaluation: Frame 1302 sent at 1573044004711
11-06 14:40:04.712 24017 24051 D Evaluation: 0 res for frame 1295 received at 1573044004712
11-06 14:40:04.754 24017 24051 D Evaluation: Frame 1303 sent at 1573044004754
11-06 14:40:04.755 24017 24051 D Evaluation: 0 res for frame 1296 received at 1573044004755
11-06 14:40:04.778 24017 24051 D Evaluation: Frame 1304 sent at 1573044004778
11-06 14:40:04.779 24017 24051 D Evaluation: 0 res for frame 1297 received at 1573044004779
11-06 14:40:04.821 24017 24051 D Evaluation: Frame 1305 sent at 1573044004821
11-06 14:40:04.822 24017 24051 D Evaluation: 1 res for frame 1298 received at 1573044004822
11-06 14:40:04.850 24017 24051 D Evaluation: Frame 1306 sent at 1573044004850
11-06 14:40:04.851 24017 24051 D Evaluation: 0 res for frame 1299 received at 1573044004851
11-06 14:40:04.883 24017 24051 D Evaluation: Frame 1307 sent at 1573044004883
11-06 14:40:04.885 24017 24051 D Evaluation: 0 res for frame 1300 received at 1573044004885
11-06 14:40:04.925 24017 24051 D Evaluation: Frame 1308 sent at 1573044004925
11-06 14:40:04.927 24017 24051 D Evaluation: 0 res for frame 1301 received at 1573044004927
11-06 14:40:04.953 24017 24051 D Evaluation: Frame 1309 sent at 1573044004953
11-06 14:40:04.954 24017 24051 D Evaluation: 0 res for frame 1302 received at 1573044004954
11-06 14:40:04.984 24017 24051 D Evaluation: Frame 1310 sent at 1573044004984
11-06 14:40:04.986 24017 24051 D Evaluation: 0 res for frame 1303 received at 1573044004986
11-06 14:40:05.016 24017 24051 D Evaluation: Frame 1311 sent at 1573044005016
11-06 14:40:05.017 24017 24051 D Evaluation: 0 res for frame 1304 received at 1573044005017
11-06 14:40:05.050 24017 24051 D Evaluation: Frame 1312 sent at 1573044005050
11-06 14:40:05.051 24017 24051 D Evaluation: 0 res for frame 1305 received at 1573044005051
11-06 14:40:05.074 24017 24051 D Evaluation: Frame 1313 sent at 1573044005074
11-06 14:40:05.076 24017 24051 D Evaluation: 0 res for frame 1306 received at 1573044005076
11-06 14:40:05.128 24017 24051 D Evaluation: Frame 1314 sent at 1573044005128
11-06 14:40:05.129 24017 24051 D Evaluation: 0 res for frame 1307 received at 1573044005129
11-06 14:40:05.151 24017 24051 D Evaluation: Frame 1315 sent at 1573044005151
11-06 14:40:05.152 24017 24051 D Evaluation: 0 res for frame 1308 received at 1573044005152
11-06 14:40:05.188 24017 24051 D Evaluation: Frame 1316 sent at 1573044005188
11-06 14:40:05.189 24017 24051 D Evaluation: 0 res for frame 1309 received at 1573044005189
11-06 14:40:05.219 24017 24017 D Poster  : At 1573044005219 location is 65.0578787091479 (latitude), and 25.468005245653 (longitude)
11-06 14:40:05.219 24017 24051 D Evaluation: Frame 1317 sent at 1573044005219
11-06 14:40:05.221 24017 24017 D Poster  : Connected to mobile network 20
11-06 14:40:05.226 24017 24051 D Evaluation: 0 res for frame 1310 received at 1573044005226
11-06 14:40:05.244 24017 24051 D Evaluation: Frame 1318 sent at 1573044005244
11-06 14:40:05.245 24017 24051 D Evaluation: 0 res for frame 1311 received at 1573044005245
11-06 14:40:05.284 24017 24051 D Evaluation: Frame 1319 sent at 1573044005284
11-06 14:40:05.286 24017 24051 D Evaluation: 0 res for frame 1312 received at 1573044005286
11-06 14:40:05.312 24017 24051 D Evaluation: Frame 1320 sent at 1573044005311
11-06 14:40:05.313 24017 24051 D Evaluation: 0 res for frame 1313 received at 1573044005313
11-06 14:40:05.360 24017 24051 D Evaluation: Frame 1321 sent at 1573044005360
11-06 14:40:05.362 24017 24051 D Evaluation: 0 res for frame 1314 received at 1573044005362
11-06 14:40:05.387 24017 24051 D Evaluation: Frame 1322 sent at 1573044005387
11-06 14:40:05.388 24017 24051 D Evaluation: 0 res for frame 1315 received at 1573044005388
11-06 14:40:05.412 24017 24051 D Evaluation: Frame 1323 sent at 1573044005412
11-06 14:40:05.414 24017 24051 D Evaluation: 0 res for frame 1316 received at 1573044005414
11-06 14:40:05.460 24017 24051 D Evaluation: Frame 1324 sent at 1573044005460
11-06 14:40:05.461 24017 24051 D Evaluation: 0 res for frame 1317 received at 1573044005461
11-06 14:40:05.491 24017 24051 D Evaluation: Frame 1325 sent at 1573044005491
11-06 14:40:05.493 24017 24051 D Evaluation: 1 res for frame 1318 received at 1573044005493
11-06 14:40:05.524 24017 24051 D Evaluation: Frame 1326 sent at 1573044005524
11-06 14:40:05.526 24017 24051 D Evaluation: 0 res for frame 1319 received at 1573044005526
11-06 14:40:05.553 24017 24051 D Evaluation: Frame 1327 sent at 1573044005553
11-06 14:40:05.555 24017 24051 D Evaluation: 0 res for frame 1320 received at 1573044005555
11-06 14:40:05.591 24017 24051 D Evaluation: Frame 1328 sent at 1573044005591
11-06 14:40:05.593 24017 24051 D Evaluation: 0 res for frame 1321 received at 1573044005593
11-06 14:40:05.626 24017 24051 D Evaluation: Frame 1329 sent at 1573044005626
11-06 14:40:05.627 24017 24051 D Evaluation: 0 res for frame 1322 received at 1573044005627
11-06 14:40:05.661 24017 24051 D Evaluation: Frame 1330 sent at 1573044005661
11-06 14:40:05.663 24017 24051 D Evaluation: 0 res for frame 1323 received at 1573044005663
11-06 14:40:05.690 24017 24051 D Evaluation: Frame 1331 sent at 1573044005690
11-06 14:40:05.692 24017 24051 D Evaluation: 0 res for frame 1324 received at 1573044005692
11-06 14:40:05.712 24017 24051 D Evaluation: Frame 1332 sent at 1573044005712
11-06 14:40:05.713 24017 24051 D Evaluation: 0 res for frame 1325 received at 1573044005713
11-06 14:40:05.749 24017 24051 D Evaluation: Frame 1333 sent at 1573044005748
11-06 14:40:05.750 24017 24051 D Evaluation: 0 res for frame 1326 received at 1573044005750
11-06 14:40:05.781 24017 24051 D Evaluation: Frame 1334 sent at 1573044005781
11-06 14:40:05.782 24017 24051 D Evaluation: 0 res for frame 1327 received at 1573044005782
11-06 14:40:05.820 24017 24051 D Evaluation: Frame 1335 sent at 1573044005820
11-06 14:40:05.822 24017 24051 D Evaluation: 0 res for frame 1328 received at 1573044005822
11-06 14:40:05.879 24017 24051 D Evaluation: Frame 1336 sent at 1573044005879
11-06 14:40:05.881 24017 24051 D Evaluation: 0 res for frame 1329 received at 1573044005880
11-06 14:40:05.898 24017 24028 E         : [ZeroHung]zrhung_get_config: Get config failed for wp[0x0008]
11-06 14:40:05.899 24017 24051 D Evaluation: Frame 1337 sent at 1573044005899
11-06 14:40:05.900 24017 24051 D Evaluation: 0 res for frame 1330 received at 1573044005900
11-06 14:40:05.937 24017 24026 W System  : A resource failed to call close. 
11-06 14:40:05.941 24017 24026 I chatty  : uid=10149(symlab.cloudridar.arhud) FinalizerDaemon identical 83 lines
11-06 14:40:05.941 24017 24026 W System  : A resource failed to call close. 
11-06 14:40:05.941 24017 24026 W System  : A resource failed to call close. 
11-06 14:40:05.961 24017 24051 D Evaluation: Frame 1338 sent at 1573044005961
11-06 14:40:05.963 24017 24051 D Evaluation: 0 res for frame 1331 received at 1573044005962
11-06 14:40:05.988 24017 24051 D Evaluation: Frame 1339 sent at 1573044005987
11-06 14:40:05.989 24017 24051 D Evaluation: 0 res for frame 1332 received at 1573044005989
11-06 14:40:06.033 24017 24051 D Evaluation: Frame 1340 sent at 1573044006033
11-06 14:40:06.035 24017 24051 D Evaluation: 0 res for frame 1333 received at 1573044006035
11-06 14:40:06.065 24017 24051 D Evaluation: Frame 1342 sent at 1573044006065
11-06 14:40:06.067 24017 24051 D Evaluation: 0 res for frame 1334 received at 1573044006067
11-06 14:40:06.087 24017 24051 D Evaluation: Frame 1342 sent at 1573044006087
11-06 14:40:06.088 24017 24051 D Evaluation: 0 res for frame 1335 received at 1573044006088
11-06 14:40:06.122 24017 24051 D Evaluation: Frame 1343 sent at 1573044006122
11-06 14:40:06.123 24017 24051 D Evaluation: 0 res for frame 1336 received at 1573044006123
11-06 14:40:06.159 24017 24051 D Evaluation: Frame 1344 sent at 1573044006159
11-06 14:40:06.161 24017 24051 D Evaluation: 0 res for frame 1337 received at 1573044006161
11-06 14:40:06.188 24017 24051 D Evaluation: Frame 1345 sent at 1573044006187
11-06 14:40:06.189 24017 24051 D Evaluation: 0 res for frame 1338 received at 1573044006189
11-06 14:40:06.213 24017 24017 D Poster  : At 1573044006213 location is 65.05787603875557 (latitude), and 25.467993652974936 (longitude)
11-06 14:40:06.215 24017 24017 D Poster  : Connected to mobile network 20
11-06 14:40:06.221 24017 24051 D Evaluation: Frame 1346 sent at 1573044006221
11-06 14:40:06.222 24017 24051 D Evaluation: 0 res for frame 1339 received at 1573044006222
11-06 14:40:06.250 24017 24051 D Evaluation: Frame 1347 sent at 1573044006250
11-06 14:40:06.251 24017 24051 D Evaluation: 0 res for frame 1340 received at 1573044006251
11-06 14:40:06.290 24017 24051 D Evaluation: Frame 1348 sent at 1573044006290
11-06 14:40:06.292 24017 24051 D Evaluation: 0 res for frame 1342 received at 1573044006292
11-06 14:40:06.327 24017 24051 D Evaluation: Frame 1349 sent at 1573044006327
11-06 14:40:06.328 24017 24051 D Evaluation: 0 res for frame 1342 received at 1573044006328
11-06 14:40:06.359 24017 24051 D Evaluation: Frame 1350 sent at 1573044006359
11-06 14:40:06.360 24017 24051 D Evaluation: 0 res for frame 1343 received at 1573044006360
11-06 14:40:06.394 24017 24051 D Evaluation: Frame 1351 sent at 1573044006394
11-06 14:40:06.395 24017 24051 D Evaluation: 0 res for frame 1344 received at 1573044006395
11-06 14:40:06.463 24017 24051 D Evaluation: Frame 1352 sent at 1573044006463
11-06 14:40:06.465 24017 24051 D Evaluation: 0 res for frame 1345 received at 1573044006465
11-06 14:40:06.494 24017 24051 D Evaluation: Frame 1353 sent at 1573044006494
11-06 14:40:06.495 24017 24051 D Evaluation: 0 res for frame 1346 received at 1573044006495
11-06 14:40:06.534 24017 24051 D Evaluation: Frame 1354 sent at 1573044006534
11-06 14:40:06.535 24017 24051 D Evaluation: 0 res for frame 1347 received at 1573044006535
11-06 14:40:06.567 24017 24051 D Evaluation: Frame 1355 sent at 1573044006567
11-06 14:40:06.569 24017 24051 D Evaluation: 0 res for frame 1348 received at 1573044006569
11-06 14:40:06.634 24017 24051 D Evaluation: Frame 1356 sent at 1573044006634
11-06 14:40:06.636 24017 24051 D Evaluation: 0 res for frame 1349 received at 1573044006636
11-06 14:40:06.682 24017 24051 D Evaluation: Frame 1358 sent at 1573044006682
11-06 14:40:06.684 24017 24051 D Evaluation: 2 res for frame 1350 received at 1573044006684
11-06 14:40:06.707 24017 24051 D Evaluation: Frame 1358 sent at 1573044006707
11-06 14:40:06.709 24017 24051 D Evaluation: 0 res for frame 1351 received at 1573044006709
11-06 14:40:06.745 24017 24051 D Evaluation: Frame 1360 sent at 1573044006745
11-06 14:40:06.747 24017 24051 D Evaluation: 0 res for frame 1352 received at 1573044006747
11-06 14:40:06.769 24017 24051 D Evaluation: Frame 1360 sent at 1573044006769
11-06 14:40:06.770 24017 24051 D Evaluation: 0 res for frame 1353 received at 1573044006770
11-06 14:40:06.802 24017 24051 D Evaluation: Frame 1361 sent at 1573044006802
11-06 14:40:06.803 24017 24051 D Evaluation: 0 res for frame 1354 received at 1573044006803
11-06 14:40:06.826 24017 24051 D Evaluation: Frame 1362 sent at 1573044006826
11-06 14:40:06.827 24017 24051 D Evaluation: 0 res for frame 1355 received at 1573044006827
11-06 14:40:06.864 24017 24051 D Evaluation: Frame 1363 sent at 1573044006864
11-06 14:40:06.866 24017 24051 D Evaluation: 0 res for frame 1356 received at 1573044006866
11-06 14:40:06.899 24017 24051 D Evaluation: Frame 1364 sent at 1573044006899
11-06 14:40:06.901 24017 24051 D Evaluation: 0 res for frame 1358 received at 1573044006901
11-06 14:40:06.927 24017 24051 D Evaluation: Frame 1365 sent at 1573044006927
11-06 14:40:06.928 24017 24051 D Evaluation: 0 res for frame 1358 received at 1573044006928
11-06 14:40:06.953 24017 24051 D Evaluation: Frame 1366 sent at 1573044006953
11-06 14:40:06.954 24017 24051 D Evaluation: 0 res for frame 1360 received at 1573044006954
11-06 14:40:06.995 24017 24051 D Evaluation: Frame 1367 sent at 1573044006995
11-06 14:40:06.997 24017 24051 D Evaluation: 1 res for frame 1360 received at 1573044006997
11-06 14:40:07.041 24017 24051 D Evaluation: Frame 1368 sent at 1573044007041
11-06 14:40:07.042 24017 24051 D Evaluation: 0 res for frame 1361 received at 1573044007042
11-06 14:40:07.073 24017 24051 D Evaluation: Frame 1369 sent at 1573044007073
11-06 14:40:07.075 24017 24051 D Evaluation: 0 res for frame 1362 received at 1573044007075
11-06 14:40:07.097 24017 24051 D Evaluation: Frame 1370 sent at 1573044007097
11-06 14:40:07.099 24017 24051 D Evaluation: 0 res for frame 1363 received at 1573044007099
11-06 14:40:07.135 24017 24051 D Evaluation: Frame 1371 sent at 1573044007135
11-06 14:40:07.136 24017 24051 D Evaluation: 0 res for frame 1364 received at 1573044007136
11-06 14:40:07.224 24017 24051 D Evaluation: Frame 1373 sent at 1573044007224
11-06 14:40:07.226 24017 24051 D Evaluation: 0 res for frame 1365 received at 1573044007226
11-06 14:40:07.228 24017 24017 D Poster  : At 1573044007228 location is 65.05787405527632 (latitude), and 25.46798016206441 (longitude)
11-06 14:40:07.229 24017 24017 D Poster  : Connected to mobile network 20
11-06 14:40:07.248 24017 24051 D Evaluation: Frame 1374 sent at 1573044007248
11-06 14:40:07.248 24017 24051 D Evaluation: 0 res for frame 1366 received at 1573044007248
11-06 14:40:07.262 24017 24051 D Evaluation: Frame 1374 sent at 1573044007262
11-06 14:40:07.263 24017 24051 D Evaluation: 0 res for frame 1367 received at 1573044007263
11-06 14:40:07.280 24017 24051 D Evaluation: Frame 1375 sent at 1573044007280
11-06 14:40:07.281 24017 24051 D Evaluation: 0 res for frame 1368 received at 1573044007281
11-06 14:40:07.321 24017 24051 D Evaluation: Frame 1376 sent at 1573044007321
11-06 14:40:07.321 24017 24051 D Evaluation: 0 res for frame 1369 received at 1573044007321
11-06 14:40:07.355 24017 24051 D Evaluation: Frame 1377 sent at 1573044007355
11-06 14:40:07.356 24017 24051 D Evaluation: 1 res for frame 1370 received at 1573044007356
11-06 14:40:07.402 24017 24051 D Evaluation: Frame 1378 sent at 1573044007402
11-06 14:40:07.403 24017 24051 D Evaluation: 0 res for frame 1371 received at 1573044007403
11-06 14:40:07.427 24017 24051 D Evaluation: Frame 1379 sent at 1573044007427
11-06 14:40:07.427 24017 24028 E         : [ZeroHung]zrhung_get_config: Get config failed for wp[0x0008]
11-06 14:40:07.454 24017 24026 W System  : A resource failed to call close. 
11-06 14:40:07.458 24017 24026 I chatty  : uid=10149(symlab.cloudridar.arhud) FinalizerDaemon identical 82 lines
11-06 14:40:07.458 24017 24026 W System  : A resource failed to call close. 
11-06 14:40:07.467 24017 24051 D Evaluation: Frame 1380 sent at 1573044007467
11-06 14:40:07.468 24017 24051 D Evaluation: 0 res for frame 1373 received at 1573044007468
11-06 14:40:07.504 24017 24051 D Evaluation: Frame 1381 sent at 1573044007504
11-06 14:40:07.505 24017 24051 D Evaluation: 0 res for frame 1374 received at 1573044007505
11-06 14:40:07.542 24017 24051 D Evaluation: Frame 1382 sent at 1573044007542
11-06 14:40:07.543 24017 24051 D Evaluation: 0 res for frame 1374 received at 1573044007543
11-06 14:40:07.572 24017 24051 D Evaluation: Frame 1383 sent at 1573044007572
11-06 14:40:07.573 24017 24051 D Evaluation: 0 res for frame 1375 received at 1573044007573
11-06 14:40:07.611 24017 24051 D Evaluation: Frame 1384 sent at 1573044007611
11-06 14:40:07.612 24017 24051 D Evaluation: 0 res for frame 1376 received at 1573044007612
11-06 14:40:07.645 24017 24051 D Evaluation: Frame 1385 sent at 1573044007645
11-06 14:40:07.647 24017 24051 D Evaluation: 0 res for frame 1377 received at 1573044007647
11-06 14:40:07.710 24017 24051 D Evaluation: Frame 1386 sent at 1573044007710
11-06 14:40:07.711 24017 24051 D Evaluation: 0 res for frame 1378 received at 1573044007711
11-06 14:40:07.740 24017 24051 D Evaluation: Frame 1387 sent at 1573044007740
11-06 14:40:07.742 24017 24051 D Evaluation: 0 res for frame 1379 received at 1573044007742
11-06 14:40:07.761 24017 24051 D Evaluation: Frame 1388 sent at 1573044007761
11-06 14:40:07.762 24017 24051 D Evaluation: 0 res for frame 1380 received at 1573044007762
11-06 14:40:07.806 24017 24051 D Evaluation: Frame 1389 sent at 1573044007806
11-06 14:40:07.807 24017 24051 D Evaluation: 0 res for frame 1381 received at 1573044007807
11-06 14:40:07.834 24017 24051 D Evaluation: Frame 1390 sent at 1573044007834
11-06 14:40:07.836 24017 24051 D Evaluation: 0 res for frame 1382 received at 1573044007836
11-06 14:40:07.861 24017 24051 D Evaluation: Frame 1391 sent at 1573044007861
11-06 14:40:07.863 24017 24051 D Evaluation: 0 res for frame 1383 received at 1573044007863
11-06 14:40:07.897 24017 24051 D Evaluation: Frame 1392 sent at 1573044007897
11-06 14:40:07.898 24017 24051 D Evaluation: 0 res for frame 1384 received at 1573044007898
11-06 14:40:07.958 24017 24051 D Evaluation: Frame 1394 sent at 1573044007958
11-06 14:40:07.959 24017 24051 D Evaluation: 0 res for frame 1385 received at 1573044007959
11-06 14:40:07.979 24017 24051 D Evaluation: Frame 1395 sent at 1573044007979
11-06 14:40:07.980 24017 24051 D Evaluation: 0 res for frame 1386 received at 1573044007980
11-06 14:40:07.997 24017 24051 D Evaluation: Frame 1395 sent at 1573044007997
11-06 14:40:07.998 24017 24051 D Evaluation: 0 res for frame 1387 received at 1573044007998
11-06 14:40:08.035 24017 24051 D Evaluation: Frame 1396 sent at 1573044008035
11-06 14:40:08.037 24017 24051 D Evaluation: 0 res for frame 1388 received at 1573044008037
11-06 14:40:08.071 24017 24051 D Evaluation: Frame 1397 sent at 1573044008071
11-06 14:40:08.073 24017 24051 D Evaluation: 0 res for frame 1389 received at 1573044008073
11-06 14:40:08.102 24017 24051 D Evaluation: Frame 1398 sent at 1573044008102
11-06 14:40:08.104 24017 24051 D Evaluation: 0 res for frame 1390 received at 1573044008104
11-06 14:40:08.135 24017 24051 D Evaluation: Frame 1399 sent at 1573044008135
11-06 14:40:08.137 24017 24051 D Evaluation: 0 res for frame 1391 received at 1573044008137
11-06 14:40:08.196 24017 24051 D Evaluation: Frame 1401 sent at 1573044008196
11-06 14:40:08.198 24017 24051 D Evaluation: 0 res for frame 1392 received at 1573044008198
11-06 14:40:08.214 24017 24017 D Poster  : At 1573044008213 location is 65.05787299010336 (latitude), and 25.46796344784707 (longitude)
11-06 14:40:08.216 24017 24017 D Poster  : Connected to mobile network 20
11-06 14:40:08.223 24017 24051 D Evaluation: Frame 1401 sent at 1573044008223
11-06 14:40:08.224 24017 24051 D Evaluation: 0 res for frame 1394 received at 1573044008224
11-06 14:40:08.249 24017 24051 D Evaluation: Frame 1402 sent at 1573044008249
11-06 14:40:08.250 24017 24051 D Evaluation: 0 res for frame 1395 received at 1573044008250
11-06 14:40:08.267 24017 24051 D Evaluation: Frame 1403 sent at 1573044008267
11-06 14:40:08.268 24017 24051 D Evaluation: 0 res for frame 1395 received at 1573044008268
11-06 14:40:08.302 24017 24051 D Evaluation: Frame 1404 sent at 1573044008302
11-06 14:40:08.303 24017 24051 D Evaluation: 0 res for frame 1396 received at 1573044008303
11-06 14:40:08.343 24017 24051 D Evaluation: Frame 1405 sent at 1573044008343
11-06 14:40:08.346 24017 24051 D Evaluation: 0 res for frame 1397 received at 1573044008346
11-06 14:40:08.381 24017 24051 D Evaluation: Frame 1406 sent at 1573044008381
11-06 14:40:08.382 24017 24051 D Evaluation: 0 res for frame 1398 received at 1573044008382
11-06 14:40:08.402 24017 24051 D Evaluation: Frame 1407 sent at 1573044008402
11-06 14:40:08.403 24017 24051 D Evaluation: 0 res for frame 1399 received at 1573044008403
11-06 14:40:08.440 24017 24051 D Evaluation: Frame 1408 sent at 1573044008440
11-06 14:40:08.441 24017 24051 D Evaluation: 0 res for frame 1401 received at 1573044008441
11-06 14:40:08.474 24017 24051 D Evaluation: Frame 1409 sent at 1573044008474
11-06 14:40:08.475 24017 24051 D Evaluation: 0 res for frame 1401 received at 1573044008475
11-06 14:40:08.512 24017 24051 D Evaluation: Frame 1410 sent at 1573044008512
11-06 14:40:08.514 24017 24051 D Evaluation: 0 res for frame 1402 received at 1573044008514
11-06 14:40:08.548 24017 24051 D Evaluation: Frame 1411 sent at 1573044008548
11-06 14:40:08.550 24017 24051 D Evaluation: 0 res for frame 1403 received at 1573044008550
11-06 14:40:08.582 24017 24051 D Evaluation: Frame 1412 sent at 1573044008582
11-06 14:40:08.583 24017 24051 D Evaluation: 0 res for frame 1404 received at 1573044008583
11-06 14:40:08.618 24017 24051 D Evaluation: Frame 1413 sent at 1573044008618
11-06 14:40:08.619 24017 24051 D Evaluation: 0 res for frame 1405 received at 1573044008619
11-06 14:40:08.647 24017 24051 D Evaluation: Frame 1414 sent at 1573044008647
11-06 14:40:08.649 24017 24051 D Evaluation: 0 res for frame 1406 received at 1573044008649
11-06 14:40:08.682 24017 24051 D Evaluation: Frame 1415 sent at 1573044008682
11-06 14:40:08.683 24017 24051 D Evaluation: 0 res for frame 1407 received at 1573044008683
11-06 14:40:08.714 24017 24051 D Evaluation: Frame 1416 sent at 1573044008714
11-06 14:40:08.716 24017 24051 D Evaluation: 0 res for frame 1408 received at 1573044008716
11-06 14:40:08.738 24017 24051 D Evaluation: Frame 1417 sent at 1573044008738
11-06 14:40:08.739 24017 24051 D Evaluation: 0 res for frame 1409 received at 1573044008739
11-06 14:40:08.776 24017 24051 D Evaluation: Frame 1418 sent at 1573044008776
11-06 14:40:08.777 24017 24051 D Evaluation: 0 res for frame 1410 received at 1573044008777
11-06 14:40:08.808 24017 24051 D Evaluation: Frame 1419 sent at 1573044008808
11-06 14:40:08.810 24017 24051 D Evaluation: 0 res for frame 1411 received at 1573044008810
11-06 14:40:08.810 24017 24028 E         : [ZeroHung]zrhung_get_config: Get config failed for wp[0x0008]
11-06 14:40:08.839 24017 24026 W System  : A resource failed to call close. 
11-06 14:40:08.842 24017 24026 I chatty  : uid=10149(symlab.cloudridar.arhud) FinalizerDaemon identical 78 lines
11-06 14:40:08.842 24017 24026 W System  : A resource failed to call close. 
11-06 14:40:08.853 24017 24051 D Evaluation: Frame 1420 sent at 1573044008853
11-06 14:40:08.854 24017 24051 D Evaluation: 0 res for frame 1412 received at 1573044008854
11-06 14:40:08.878 24017 24051 D Evaluation: Frame 1421 sent at 1573044008878
11-06 14:40:08.880 24017 24051 D Evaluation: 0 res for frame 1413 received at 1573044008880
11-06 14:40:08.906 24017 24051 D Evaluation: Frame 1422 sent at 1573044008906
11-06 14:40:08.907 24017 24051 D Evaluation: 0 res for frame 1414 received at 1573044008907
11-06 14:40:08.937 24017 24051 D Evaluation: Frame 1423 sent at 1573044008937
11-06 14:40:08.939 24017 24051 D Evaluation: 0 res for frame 1415 received at 1573044008939
11-06 14:40:08.993 24017 24051 D Evaluation: Frame 1424 sent at 1573044008993
11-06 14:40:08.995 24017 24051 D Evaluation: 0 res for frame 1416 received at 1573044008995
11-06 14:40:09.026 24017 24051 D Evaluation: Frame 1425 sent at 1573044009026
11-06 14:40:09.027 24017 24051 D Evaluation: 0 res for frame 1417 received at 1573044009027
11-06 14:40:09.053 24017 24051 D Evaluation: Frame 1426 sent at 1573044009053
11-06 14:40:09.054 24017 24051 D Evaluation: 0 res for frame 1418 received at 1573044009054
11-06 14:40:09.087 24017 24051 D Evaluation: Frame 1427 sent at 1573044009087
11-06 14:40:09.088 24017 24051 D Evaluation: 0 res for frame 1419 received at 1573044009088
11-06 14:40:09.111 24017 24051 D Evaluation: Frame 1428 sent at 1573044009111
11-06 14:40:09.112 24017 24051 D Evaluation: 0 res for frame 1420 received at 1573044009112
11-06 14:40:09.145 24017 24051 D Evaluation: Frame 1429 sent at 1573044009145
11-06 14:40:09.146 24017 24051 D Evaluation: 0 res for frame 1421 received at 1573044009146
11-06 14:40:09.187 24017 24051 D Evaluation: Frame 1430 sent at 1573044009187
11-06 14:40:09.189 24017 24051 D Evaluation: 0 res for frame 1422 received at 1573044009189
11-06 14:40:09.220 24017 24017 D Poster  : At 1573044009220 location is 65.05787071749353 (latitude), and 25.467953422631407 (longitude)
11-06 14:40:09.222 24017 24017 D Poster  : Connected to mobile network 20
11-06 14:40:09.223 24017 24051 D Evaluation: Frame 1431 sent at 1573044009223
11-06 14:40:09.224 24017 24051 D Evaluation: 0 res for frame 1423 received at 1573044009224
11-06 14:40:09.248 24017 24051 D Evaluation: Frame 1432 sent at 1573044009248
11-06 14:40:09.249 24017 24051 D Evaluation: 0 res for frame 1424 received at 1573044009249
11-06 14:40:09.283 24017 24051 D Evaluation: Frame 1433 sent at 1573044009283
11-06 14:40:09.284 24017 24051 D Evaluation: 0 res for frame 1425 received at 1573044009284
11-06 14:40:09.317 24017 24051 D Evaluation: Frame 1434 sent at 1573044009317
11-06 14:40:09.318 24017 24051 D Evaluation: 0 res for frame 1426 received at 1573044009318
11-06 14:40:09.347 24017 24051 D Evaluation: Frame 1435 sent at 1573044009347
11-06 14:40:09.349 24017 24051 D Evaluation: 0 res for frame 1427 received at 1573044009349
11-06 14:40:09.374 24017 24051 D Evaluation: Frame 1436 sent at 1573044009374
11-06 14:40:09.376 24017 24051 D Evaluation: 0 res for frame 1428 received at 1573044009376
11-06 14:40:09.416 24017 24051 D Evaluation: Frame 1437 sent at 1573044009416
11-06 14:40:09.417 24017 24051 D Evaluation: 0 res for frame 1429 received at 1573044009417
11-06 14:40:09.445 24017 24051 D Evaluation: Frame 1438 sent at 1573044009445
11-06 14:40:09.446 24017 24051 D Evaluation: 0 res for frame 1430 received at 1573044009446
11-06 14:40:09.477 24017 24051 D Evaluation: Frame 1439 sent at 1573044009477
11-06 14:40:09.479 24017 24051 D Evaluation: 0 res for frame 1431 received at 1573044009479
11-06 14:40:09.511 24017 24051 D Evaluation: Frame 1440 sent at 1573044009511
11-06 14:40:09.512 24017 24051 D Evaluation: 0 res for frame 1432 received at 1573044009512
11-06 14:40:09.539 24017 24051 D Evaluation: Frame 1441 sent at 1573044009539
11-06 14:40:09.541 24017 24051 D Evaluation: 0 res for frame 1433 received at 1573044009541
11-06 14:40:09.574 24017 24051 D Evaluation: Frame 1442 sent at 1573044009574
11-06 14:40:09.575 24017 24051 D Evaluation: 0 res for frame 1434 received at 1573044009575
11-06 14:40:09.651 24017 24051 D Evaluation: Frame 1444 sent at 1573044009651
11-06 14:40:09.653 24017 24051 D Evaluation: 0 res for frame 1435 received at 1573044009653
11-06 14:40:09.673 24017 24051 D Evaluation: Frame 1445 sent at 1573044009673
11-06 14:40:09.674 24017 24051 D Evaluation: 0 res for frame 1436 received at 1573044009674
11-06 14:40:09.693 24017 24051 D Evaluation: Frame 1446 sent at 1573044009693
11-06 14:40:09.694 24017 24051 D Evaluation: 0 res for frame 1437 received at 1573044009694
11-06 14:40:09.708 24017 24051 D Evaluation: Frame 1446 sent at 1573044009708
11-06 14:40:09.709 24017 24051 D Evaluation: 0 res for frame 1438 received at 1573044009709
11-06 14:40:09.778 24017 24051 D Evaluation: Frame 1447 sent at 1573044009778
11-06 14:40:09.779 24017 24051 D Evaluation: 0 res for frame 1439 received at 1573044009779
11-06 14:40:09.819 24017 24051 D Evaluation: Frame 1448 sent at 1573044009819
11-06 14:40:09.821 24017 24051 D Evaluation: 0 res for frame 1440 received at 1573044009821
11-06 14:40:09.851 24017 24051 D Evaluation: Frame 1449 sent at 1573044009851
11-06 14:40:09.853 24017 24051 D Evaluation: 0 res for frame 1441 received at 1573044009853
11-06 14:40:09.877 24017 24051 D Evaluation: Frame 1450 sent at 1573044009877
11-06 14:40:09.878 24017 24051 D Evaluation: 0 res for frame 1442 received at 1573044009878
11-06 14:40:09.921 24017 24051 D Evaluation: Frame 1451 sent at 1573044009921
11-06 14:40:09.922 24017 24051 D Evaluation: 0 res for frame 1444 received at 1573044009922
11-06 14:40:10.002 24017 24051 D Evaluation: Frame 1452 sent at 1573044010002
11-06 14:40:10.003 24017 24051 D Evaluation: 0 res for frame 1445 received at 1573044010003
11-06 14:40:10.036 24017 24051 D Evaluation: Frame 1453 sent at 1573044010036
11-06 14:40:10.037 24017 24051 D Evaluation: 0 res for frame 1446 received at 1573044010037
11-06 14:40:10.080 24017 24028 E         : [ZeroHung]zrhung_get_config: Get config failed for wp[0x0008]
11-06 14:40:10.081 24017 24051 D Evaluation: Frame 1455 sent at 1573044010081
11-06 14:40:10.082 24017 24051 D Evaluation: 0 res for frame 1446 received at 1573044010082
11-06 14:40:10.102 24017 24026 W System  : A resource failed to call close. 
11-06 14:40:10.107 24017 24026 I chatty  : uid=10149(symlab.cloudridar.arhud) FinalizerDaemon identical 66 lines
11-06 14:40:10.107 24017 24026 W System  : A resource failed to call close. 
11-06 14:40:10.107 24017 24051 D Evaluation: Frame 1456 sent at 1573044010107
11-06 14:40:10.109 24017 24051 D Evaluation: 0 res for frame 1447 received at 1573044010109
11-06 14:40:10.127 24017 24051 D Evaluation: Frame 1456 sent at 1573044010127
11-06 14:40:10.128 24017 24051 D Evaluation: 0 res for frame 1448 received at 1573044010128
11-06 14:40:10.147 24017 24051 D Evaluation: Frame 1457 sent at 1573044010147
11-06 14:40:10.148 24017 24051 D Evaluation: 0 res for frame 1449 received at 1573044010148
11-06 14:40:10.181 24017 24051 D Evaluation: Frame 1458 sent at 1573044010181
11-06 14:40:10.182 24017 24051 D Evaluation: 0 res for frame 1450 received at 1573044010182
11-06 14:40:10.211 24017 24017 D Poster  : At 1573044010210 location is 65.05786712084296 (latitude), and 25.467949324717814 (longitude)
11-06 14:40:10.217 24017 24017 D Poster  : Connected to mobile network 20
11-06 14:40:10.232 24017 24051 D Evaluation: Frame 1459 sent at 1573044010232
11-06 14:40:10.233 24017 24051 D Evaluation: 0 res for frame 1451 received at 1573044010233
11-06 14:40:10.249 24017 24051 D Evaluation: Frame 1460 sent at 1573044010249
11-06 14:40:10.250 24017 24051 D Evaluation: 0 res for frame 1452 received at 1573044010250
11-06 14:40:10.279 24017 24051 D Evaluation: Frame 1461 sent at 1573044010279
11-06 14:40:10.280 24017 24051 D Evaluation: 0 res for frame 1453 received at 1573044010280
11-06 14:40:10.317 24017 24051 D Evaluation: Frame 1462 sent at 1573044010317
11-06 14:40:10.318 24017 24051 D Evaluation: 0 res for frame 1455 received at 1573044010318
11-06 14:40:10.354 24017 24051 D Evaluation: Frame 1463 sent at 1573044010354
11-06 14:40:10.356 24017 24051 D Evaluation: 0 res for frame 1456 received at 1573044010356
11-06 14:40:10.402 24017 24051 D Evaluation: Frame 1464 sent at 1573044010402
11-06 14:40:10.404 24017 24051 D Evaluation: 0 res for frame 1456 received at 1573044010404
11-06 14:40:10.433 24017 24051 D Evaluation: Frame 1465 sent at 1573044010433
11-06 14:40:10.435 24017 24051 D Evaluation: 0 res for frame 1457 received at 1573044010435
11-06 14:40:10.464 24017 24051 D Evaluation: Frame 1466 sent at 1573044010464
11-06 14:40:10.465 24017 24051 D Evaluation: 0 res for frame 1458 received at 1573044010465
11-06 14:40:10.484 24017 24051 D Evaluation: Frame 1467 sent at 1573044010484
11-06 14:40:10.485 24017 24051 D Evaluation: 0 res for frame 1459 received at 1573044010485
11-06 14:40:10.517 24017 24051 D Evaluation: Frame 1468 sent at 1573044010517
11-06 14:40:10.518 24017 24051 D Evaluation: 0 res for frame 1460 received at 1573044010518
11-06 14:40:10.560 24017 24051 D Evaluation: Frame 1469 sent at 1573044010560
11-06 14:40:10.561 24017 24051 D Evaluation: 0 res for frame 1461 received at 1573044010561
11-06 14:40:10.597 24017 24051 W System.err: java.net.SocketException: Message too long
11-06 14:40:10.597 24017 24051 W System.err: 	at sun.nio.ch.DatagramChannelImpl.send0(Native Method)
11-06 14:40:10.597 24017 24051 W System.err: 	at sun.nio.ch.DatagramChannelImpl.sendFromNativeBuffer(DatagramChannelImpl.java:573)
11-06 14:40:10.597 24017 24051 W System.err: 	at sun.nio.ch.DatagramChannelImpl.send(DatagramChannelImpl.java:550)
11-06 14:40:10.597 24017 24051 W System.err: 	at sun.nio.ch.DatagramChannelImpl.send(DatagramChannelImpl.java:514)
11-06 14:40:10.597 24017 24051 W System.err: 	at symlab.CloudAR.network.TransmissionTask.run(TransmissionTask.java:124)
11-06 14:40:10.597 24017 24051 W System.err: 	at android.os.Handler.handleCallback(Handler.java:907)
11-06 14:40:10.597 24017 24051 W System.err: 	at android.os.Handler.dispatchMessage(Handler.java:105)
11-06 14:40:10.597 24017 24051 W System.err: 	at android.os.Looper.loop(Looper.java:216)
11-06 14:40:10.597 24017 24051 W System.err: 	at android.os.HandlerThread.run(HandlerThread.java:65)
11-06 14:40:10.598 24017 24051 D Evaluation: 0 res for frame 1462 received at 1573044010598
11-06 14:40:10.630 24017 24051 W System.err: java.net.SocketException: Message too long
11-06 14:40:10.630 24017 24051 W System.err: 	at sun.nio.ch.DatagramChannelImpl.send0(Native Method)
11-06 14:40:10.630 24017 24051 W System.err: 	at sun.nio.ch.DatagramChannelImpl.sendFromNativeBuffer(DatagramChannelImpl.java:573)
11-06 14:40:10.631 24017 24051 W System.err: 	at sun.nio.ch.DatagramChannelImpl.send(DatagramChannelImpl.java:550)
11-06 14:40:10.631 24017 24051 W System.err: 	at sun.nio.ch.DatagramChannelImpl.send(DatagramChannelImpl.java:514)
11-06 14:40:10.631 24017 24051 W System.err: 	at symlab.CloudAR.network.TransmissionTask.run(TransmissionTask.java:124)
11-06 14:40:10.631 24017 24051 W System.err: 	at android.os.Handler.handleCallback(Handler.java:907)
11-06 14:40:10.631 24017 24051 W System.err: 	at android.os.Handler.dispatchMessage(Handler.java:105)
11-06 14:40:10.631 24017 24051 W System.err: 	at android.os.Looper.loop(Looper.java:216)
11-06 14:40:10.631 24017 24051 W System.err: 	at android.os.HandlerThread.run(HandlerThread.java:65)
11-06 14:40:10.632 24017 24051 D Evaluation: 0 res for frame 1463 received at 1573044010632
11-06 14:40:10.656 24017 24017 W HiTouch_PressGestureDetector: Touch pointer move a lot. The moving distance of X is:27.883728, limit is:60The moving distance of Y is:84.61009, limit is:60
11-06 14:40:10.662 24017 24051 W System.err: java.net.SocketException: Message too long
11-06 14:40:10.662 24017 24051 W System.err: 	at sun.nio.ch.DatagramChannelImpl.send0(Native Method)
11-06 14:40:10.662 24017 24051 W System.err: 	at sun.nio.ch.DatagramChannelImpl.sendFromNativeBuffer(DatagramChannelImpl.java:573)
11-06 14:40:10.662 24017 24051 W System.err: 	at sun.nio.ch.DatagramChannelImpl.send(DatagramChannelImpl.java:550)
11-06 14:40:10.662 24017 24051 W System.err: 	at sun.nio.ch.DatagramChannelImpl.send(DatagramChannelImpl.java:514)
11-06 14:40:10.662 24017 24051 W System.err: 	at symlab.CloudAR.network.TransmissionTask.run(TransmissionTask.java:124)
11-06 14:40:10.662 24017 24051 W System.err: 	at android.os.Handler.handleCallback(Handler.java:907)
11-06 14:40:10.662 24017 24051 W System.err: 	at android.os.Handler.dispatchMessage(Handler.java:105)
11-06 14:40:10.662 24017 24051 W System.err: 	at android.os.Looper.loop(Looper.java:216)
11-06 14:40:10.662 24017 24051 W System.err: 	at android.os.HandlerThread.run(HandlerThread.java:65)
11-06 14:40:10.663 24017 24051 D Evaluation: 0 res for frame 1464 received at 1573044010663
11-06 14:40:10.686 24017 24051 W System.err: java.net.SocketException: Message too long
11-06 14:40:10.686 24017 24051 W System.err: 	at sun.nio.ch.DatagramChannelImpl.send0(Native Method)
11-06 14:40:10.686 24017 24051 W System.err: 	at sun.nio.ch.DatagramChannelImpl.sendFromNativeBuffer(DatagramChannelImpl.java:573)
11-06 14:40:10.686 24017 24051 W System.err: 	at sun.nio.ch.DatagramChannelImpl.send(DatagramChannelImpl.java:550)
11-06 14:40:10.686 24017 24051 W System.err: 	at sun.nio.ch.DatagramChannelImpl.send(DatagramChannelImpl.java:514)
11-06 14:40:10.686 24017 24051 W System.err: 	at symlab.CloudAR.network.TransmissionTask.run(TransmissionTask.java:124)
11-06 14:40:10.686 24017 24051 W System.err: 	at android.os.Handler.handleCallback(Handler.java:907)
11-06 14:40:10.686 24017 24051 W System.err: 	at android.os.Handler.dispatchMessage(Handler.java:105)
11-06 14:40:10.687 24017 24051 W System.err: 	at android.os.Looper.loop(Looper.java:216)
11-06 14:40:10.687 24017 24051 W System.err: 	at android.os.HandlerThread.run(HandlerThread.java:65)
11-06 14:40:10.688 24017 24051 D Evaluation: 0 res for frame 1465 received at 1573044010688
11-06 14:40:10.729 24017 24051 W System.err: java.net.SocketException: Message too long
11-06 14:40:10.729 24017 24051 W System.err: 	at sun.nio.ch.DatagramChannelImpl.send0(Native Method)
11-06 14:40:10.729 24017 24051 W System.err: 	at sun.nio.ch.DatagramChannelImpl.sendFromNativeBuffer(DatagramChannelImpl.java:573)
11-06 14:40:10.729 24017 24051 W System.err: 	at sun.nio.ch.DatagramChannelImpl.send(DatagramChannelImpl.java:550)
11-06 14:40:10.729 24017 24051 W System.err: 	at sun.nio.ch.DatagramChannelImpl.send(DatagramChannelImpl.java:514)
11-06 14:40:10.729 24017 24051 W System.err: 	at symlab.CloudAR.network.TransmissionTask.run(TransmissionTask.java:124)
11-06 14:40:10.729 24017 24051 W System.err: 	at android.os.Handler.handleCallback(Handler.java:907)
11-06 14:40:10.729 24017 24051 W System.err: 	at android.os.Handler.dispatchMessage(Handler.java:105)
11-06 14:40:10.729 24017 24051 W System.err: 	at android.os.Looper.loop(Looper.java:216)
11-06 14:40:10.729 24017 24051 W System.err: 	at android.os.HandlerThread.run(HandlerThread.java:65)
11-06 14:40:10.731 24017 24051 D Evaluation: 0 res for frame 1466 received at 1573044010731
11-06 14:40:10.758 24017 24051 W System.err: java.net.SocketException: Message too long
11-06 14:40:10.758 24017 24051 W System.err: 	at sun.nio.ch.DatagramChannelImpl.send0(Native Method)
11-06 14:40:10.758 24017 24051 W System.err: 	at sun.nio.ch.DatagramChannelImpl.sendFromNativeBuffer(DatagramChannelImpl.java:573)
11-06 14:40:10.758 24017 24051 W System.err: 	at sun.nio.ch.DatagramChannelImpl.send(DatagramChannelImpl.java:550)
11-06 14:40:10.759 24017 24051 W System.err: 	at sun.nio.ch.DatagramChannelImpl.send(DatagramChannelImpl.java:514)
11-06 14:40:10.759 24017 24051 W System.err: 	at symlab.CloudAR.network.TransmissionTask.run(TransmissionTask.java:124)
11-06 14:40:10.759 24017 24051 W System.err: 	at android.os.Handler.handleCallback(Handler.java:907)
11-06 14:40:10.759 24017 24051 W System.err: 	at android.os.Handler.dispatchMessage(Handler.java:105)
11-06 14:40:10.759 24017 24051 W System.err: 	at android.os.Looper.loop(Looper.java:216)
11-06 14:40:10.759 24017 24051 W System.err: 	at android.os.HandlerThread.run(HandlerThread.java:65)
11-06 14:40:10.760 24017 24051 D Evaluation: 0 res for frame 1467 received at 1573044010760
11-06 14:40:10.785 24017 24051 W System.err: java.net.SocketException: Message too long
11-06 14:40:10.786 24017 24051 W System.err: 	at sun.nio.ch.DatagramChannelImpl.send0(Native Method)
11-06 14:40:10.786 24017 24051 W System.err: 	at sun.nio.ch.DatagramChannelImpl.sendFromNativeBuffer(DatagramChannelImpl.java:573)
11-06 14:40:10.786 24017 24051 W System.err: 	at sun.nio.ch.DatagramChannelImpl.send(DatagramChannelImpl.java:550)
11-06 14:40:10.786 24017 24051 W System.err: 	at sun.nio.ch.DatagramChannelImpl.send(DatagramChannelImpl.java:514)
11-06 14:40:10.786 24017 24051 W System.err: 	at symlab.CloudAR.network.TransmissionTask.run(TransmissionTask.java:124)
11-06 14:40:10.786 24017 24051 W System.err: 	at android.os.Handler.handleCallback(Handler.java:907)
11-06 14:40:10.786 24017 24051 W System.err: 	at android.os.Handler.dispatchMessage(Handler.java:105)
11-06 14:40:10.786 24017 24051 W System.err: 	at android.os.Looper.loop(Looper.java:216)
11-06 14:40:10.786 24017 24051 W System.err: 	at android.os.HandlerThread.run(HandlerThread.java:65)
11-06 14:40:10.787 24017 24051 D Evaluation: 0 res for frame 1468 received at 1573044010787
11-06 14:40:10.823 24017 24028 E         : [ZeroHung]zrhung_get_config: Get config failed for wp[0x0008]
11-06 14:40:10.823 24017 24051 D Evaluation: Frame 1477 sent at 1573044010823
11-06 14:40:10.824 24017 24051 D Evaluation: 0 res for frame 1469 received at 1573044010824
11-06 14:40:10.842 24017 24026 W System  : A resource failed to call close. 
11-06 14:40:10.843 24017 24026 I chatty  : uid=10149(symlab.cloudridar.arhud) FinalizerDaemon identical 9 lines
11-06 14:40:10.843 24017 24026 W System  : A resource failed to call close. 
11-06 14:40:10.843 24017 24026 W System  : A resource failed to call close. 
11-06 14:40:10.843 24017 24026 W System  : A resource failed to call close. 
11-06 14:40:10.844 24017 24026 I chatty  : uid=10149(symlab.cloudridar.arhud) FinalizerDaemon identical 32 lines
11-06 14:40:10.844 24017 24026 W System  : A resource failed to call close. 
11-06 14:40:10.852 24017 24051 D Evaluation: Frame 1478 sent at 1573044010852
11-06 14:40:10.879 24017 24051 D Evaluation: Frame 1479 sent at 1573044010879
11-06 14:40:10.910 24017 24051 D Evaluation: Frame 1480 sent at 1573044010910
11-06 14:40:10.947 24017 24051 D Evaluation: Frame 1481 sent at 1573044010947
11-06 14:40:10.981 24017 24051 D Evaluation: Frame 1482 sent at 1573044010981
11-06 14:40:10.983 24017 24051 D Evaluation: 0 res for frame 1477 received at 1573044010983
11-06 14:40:11.013 24017 24051 D Evaluation: Frame 1483 sent at 1573044011013
11-06 14:40:11.014 24017 24051 D Evaluation: 0 res for frame 1478 received at 1573044011014
11-06 14:40:11.050 24017 24051 D Evaluation: Frame 1484 sent at 1573044011050
11-06 14:40:11.051 24017 24051 D Evaluation: 0 res for frame 1479 received at 1573044011051
11-06 14:40:11.080 24017 24051 D Evaluation: Frame 1485 sent at 1573044011080
11-06 14:40:11.081 24017 24051 D Evaluation: 0 res for frame 1480 received at 1573044011081
11-06 14:40:11.113 24017 24051 D Evaluation: Frame 1486 sent at 1573044011113
11-06 14:40:11.114 24017 24051 D Evaluation: 0 res for frame 1481 received at 1573044011114
11-06 14:40:11.147 24017 24051 D Evaluation: Frame 1487 sent at 1573044011147
11-06 14:40:11.148 24017 24051 D Evaluation: 0 res for frame 1482 received at 1573044011148
11-06 14:40:11.191 24017 24051 D Evaluation: Frame 1488 sent at 1573044011191
11-06 14:40:11.193 24017 24051 D Evaluation: 0 res for frame 1483 received at 1573044011193
11-06 14:40:11.219 24017 24017 D Poster  : At 1573044011219 location is 65.05792109798709 (latitude), and 25.467873364362898 (longitude)
11-06 14:40:11.221 24017 24017 D Poster  : Connected to mobile network 20
11-06 14:40:11.222 24017 24051 D Evaluation: Frame 1489 sent at 1573044011222
11-06 14:40:11.224 24017 24051 D Evaluation: 0 res for frame 1484 received at 1573044011224
11-06 14:40:11.254 24017 24051 D Evaluation: Frame 1490 sent at 1573044011254
11-06 14:40:11.257 24017 24051 D Evaluation: 0 res for frame 1485 received at 1573044011257
11-06 14:40:11.279 24017 24051 D Evaluation: Frame 1491 sent at 1573044011279
11-06 14:40:11.280 24017 24051 D Evaluation: 0 res for frame 1486 received at 1573044011280
11-06 14:40:11.313 24017 24051 D Evaluation: Frame 1492 sent at 1573044011313
11-06 14:40:11.314 24017 24051 D Evaluation: 0 res for frame 1487 received at 1573044011314
11-06 14:40:11.354 24017 24051 D Evaluation: Frame 1493 sent at 1573044011354
11-06 14:40:11.355 24017 24051 D Evaluation: 0 res for frame 1488 received at 1573044011355
11-06 14:40:11.382 24017 24051 D Evaluation: Frame 1494 sent at 1573044011382
11-06 14:40:11.383 24017 24051 D Evaluation: 0 res for frame 1489 received at 1573044011383
11-06 14:40:11.412 24017 24051 D Evaluation: Frame 1495 sent at 1573044011412
11-06 14:40:11.413 24017 24051 D Evaluation: 0 res for frame 1490 received at 1573044011413
11-06 14:40:11.458 24017 24051 D Evaluation: Frame 1496 sent at 1573044011458
11-06 14:40:11.459 24017 24051 D Evaluation: 0 res for frame 1491 received at 1573044011459
11-06 14:40:11.488 24017 24051 D Evaluation: Frame 1497 sent at 1573044011488
11-06 14:40:11.490 24017 24051 D Evaluation: 0 res for frame 1492 received at 1573044011490
11-06 14:40:11.516 24017 24051 D Evaluation: Frame 1498 sent at 1573044011516
11-06 14:40:11.517 24017 24051 D Evaluation: 0 res for frame 1493 received at 1573044011517
11-06 14:40:11.551 24017 24051 D Evaluation: Frame 1499 sent at 1573044011551
11-06 14:40:11.552 24017 24051 D Evaluation: 0 res for frame 1494 received at 1573044011552
11-06 14:40:11.584 24017 24051 D Evaluation: Frame 1500 sent at 1573044011584
11-06 14:40:11.585 24017 24051 D Evaluation: 0 res for frame 1495 received at 1573044011585
11-06 14:40:11.630 24017 24051 D Evaluation: Frame 1501 sent at 1573044011630
11-06 14:40:11.632 24017 24051 D Evaluation: 0 res for frame 1496 received at 1573044011632
11-06 14:40:11.652 24017 24051 D Evaluation: Frame 1502 sent at 1573044011652
11-06 14:40:11.654 24017 24051 D Evaluation: 0 res for frame 1497 received at 1573044011654
11-06 14:40:11.684 24017 24051 D Evaluation: Frame 1503 sent at 1573044011684
11-06 14:40:11.685 24017 24051 D Evaluation: 0 res for frame 1498 received at 1573044011685
11-06 14:40:11.719 24017 24051 D Evaluation: Frame 1504 sent at 1573044011719
11-06 14:40:11.720 24017 24051 D Evaluation: 0 res for frame 1499 received at 1573044011720
11-06 14:40:11.750 24017 24051 D Evaluation: Frame 1505 sent at 1573044011750
11-06 14:40:11.752 24017 24051 D Evaluation: 0 res for frame 1500 received at 1573044011752
11-06 14:40:11.784 24017 24051 D Evaluation: Frame 1506 sent at 1573044011784
11-06 14:40:11.785 24017 24051 D Evaluation: 0 res for frame 1501 received at 1573044011785
11-06 14:40:11.818 24017 24051 D Evaluation: Frame 1507 sent at 1573044011818
11-06 14:40:11.819 24017 24051 D Evaluation: 0 res for frame 1502 received at 1573044011819
11-06 14:40:11.855 24017 24028 E         : [ZeroHung]zrhung_get_config: Get config failed for wp[0x0008]
11-06 14:40:11.855 24017 24051 D Evaluation: Frame 1508 sent at 1573044011855
11-06 14:40:11.857 24017 24051 D Evaluation: 0 res for frame 1503 received at 1573044011857
11-06 14:40:11.870 24017 24026 W System  : A resource failed to call close. 
11-06 14:40:11.871 24017 24026 I chatty  : uid=10149(symlab.cloudridar.arhud) FinalizerDaemon identical 21 lines
11-06 14:40:11.871 24017 24026 W System  : A resource failed to call close. 
11-06 14:40:11.871 24017 24026 W System  : A resource failed to call close. 
11-06 14:40:11.871 24017 24026 W System  : A resource failed to call close. 
11-06 14:40:11.871 24017 24026 W System  : A resource failed to call close. 
11-06 14:40:11.871 24017 24026 W System  : A resource failed to call close. 
11-06 14:40:11.871 24017 24026 W System  : A resource failed to call close. 
11-06 14:40:11.871 24017 24026 W System  : A resource failed to call close. 
11-06 14:40:11.871 24017 24026 I chatty  : uid=10149(symlab.cloudridar.arhud) FinalizerDaemon identical 6 lines
11-06 14:40:11.871 24017 24026 W System  : A resource failed to call close. 
11-06 14:40:11.871 24017 24026 W System  : A resource failed to call close. 
11-06 14:40:11.871 24017 24026 I chatty  : uid=10149(symlab.cloudridar.arhud) FinalizerDaemon identical 4 lines
11-06 14:40:11.871 24017 24026 W System  : A resource failed to call close. 
11-06 14:40:11.871 24017 24026 W System  : A resource failed to call close. 
11-06 14:40:11.872 24017 24026 I chatty  : uid=10149(symlab.cloudridar.arhud) FinalizerDaemon identical 1 line
11-06 14:40:11.872 24017 24026 W System  : A resource failed to call close. 
11-06 14:40:11.872 24017 24026 W System  : A resource failed to call close. 
11-06 14:40:11.872 24017 24026 I chatty  : uid=10149(symlab.cloudridar.arhud) FinalizerDaemon identical 1 line
11-06 14:40:11.872 24017 24026 W System  : A resource failed to call close. 
11-06 14:40:11.872 24017 24026 W System  : A resource failed to call close. 
11-06 14:40:11.872 24017 24026 W System  : A resource failed to call close. 
11-06 14:40:11.872 24017 24026 W System  : A resource failed to call close. 
11-06 14:40:11.872 24017 24026 W System  : A resource failed to call close. 
11-06 14:40:11.872 24017 24026 W System  : A resource failed to call close. 
11-06 14:40:11.872 24017 24026 W System  : A resource failed to call close. 
11-06 14:40:11.907 24017 24051 D Evaluation: Frame 1510 sent at 1573044011907
11-06 14:40:11.908 24017 24051 D Evaluation: 0 res for frame 1504 received at 1573044011908
11-06 14:40:11.923 24017 24051 D Evaluation: Frame 1510 sent at 1573044011923
11-06 14:40:11.924 24017 24051 D Evaluation: 0 res for frame 1505 received at 1573044011924
11-06 14:40:11.953 24017 24051 D Evaluation: Frame 1511 sent at 1573044011953
11-06 14:40:11.955 24017 24051 D Evaluation: 0 res for frame 1506 received at 1573044011955
