--------- beginning of main
11-06 14:42:09.202 24431 24455 E         : [ZeroHung]zrhung_get_config: Get config failed for wp[0x0102]
11-06 14:42:09.202 24431 24455 W ZrHung.AppEyeUiProbe: Failed to get config from zrhung
11-06 14:42:09.203 24453 24453 W logcat  : type=1400 audit(0.0:18187): avc: granted { create } for name="logcat_1573044129194.txt" scontext=u:r:untrusted_app:s0:c149,c256,c512,c768 tcontext=u:object_r:sdcardfs:s0:c149,c256,c512,c768 tclass=file
11-06 14:42:09.209 24431 24431 I MultiDex: Installing application
11-06 14:42:09.209 24431 24431 I MultiDex: VM has multidex support, MultiDex support library is disabled.
--------- beginning of system
11-06 14:42:09.211 24431 24431 V ActivityThread: callActivityOnCreate
11-06 14:42:09.211 24431 24431 I Poster  :  onCreate() called.
11-06 14:42:09.214 24431 24431 I HwApsImpl: APS: new HwApsImpl created
11-06 14:42:09.221 24431 24431 V HwWidgetFactory: : successes to get AllImpl object and return....
11-06 14:42:09.228 24431 24431 D OpenGLRenderer: Skia GL Pipeline
11-06 14:42:09.252 24431 24431 D Poster  : Server bound to IP 193.166.28.132 and port 52727
11-06 14:42:09.255 24431 24464 D Evaluation: metadata 0 sent 
11-06 14:42:09.255 24431 24431 D ActivityThread: add activity client record, r= ActivityRecord{24fb417 token=android.os.BinderProxy@3a687be {symlab.cloudridar.arhud/symlab.ARHUD.MainActivity}} token= android.os.BinderProxy@3a687be
11-06 14:42:09.257 24431 24431 I Poster  :  onStart() called.
11-06 14:42:09.258 24431 24431 D ZrHung.AppEyeUiProbe: notify runnable to start.
11-06 14:42:09.259 24431 24431 I Poster  :  onResume() called.
11-06 14:42:09.264 24431 24431 I PermissionManager: camera remind result:true
11-06 14:42:09.264 24431 24431 I Camera  : open camera: 0, package name: symlab.cloudridar.arhud
11-06 14:42:09.264 24431 24431 I BackgroundPermManager: pkgName: symlab.cloudridar.arhud,pid: 24431 ,uidOf3RdApk: 10149 ,permType: 0 ,permCfg: 1
11-06 14:42:09.265 24431 24431 I HwCameraUtil: notifySurfaceFlingerCameraStatus : isFront = false , isOpend = true
11-06 14:42:09.273 24431 24431 D ActivityThread: isOptEnabled=false isWechatScanOpt=false
11-06 14:42:09.276 24431 24431 I HwSecImmHelper: mSecurityInputMethodService is null
11-06 14:42:09.284 24431 24431 D OpenGLRenderer:   HWUI Binary is  enabled
11-06 14:42:09.302 24431 24483 D HiTouch_PressGestureDetector: onAttached, package=symlab.cloudridar.arhud, windowType=1, mHiTouchRestricted=false
11-06 14:42:09.312 24431 24481 I ConfigStore: android::hardware::configstore::V1_0::ISurfaceFlingerConfigs::hasWideColorDisplay retrieved: 0
11-06 14:42:09.312 24431 24481 I ConfigStore: android::hardware::configstore::V1_0::ISurfaceFlingerConfigs::hasHDRDisplay retrieved: 0
11-06 14:42:09.312 24431 24481 I iGraphics: [0020080c] pn: symlab.cloudridar.arhud, p: 24431
11-06 14:42:09.312 24431 24481 I OpenGLRenderer: Initialized EGL, version 1.4, mEglDisplay 0x1
11-06 14:42:09.312 24431 24481 D OpenGLRenderer: Swap behavior 2
11-06 14:42:09.321 24431 24481 D mali_winsys: EGLint new_window_surface(egl_winsys_display *, void *, EGLSurface, EGLConfig, egl_winsys_surface **, EGLBoolean) returns 0x3000
11-06 14:42:09.328 24431 24431 I Poster  :  surfaceCreated() called.
11-06 14:42:09.328 24431 24431 I Poster  : initPreview() called
11-06 14:42:09.333 24431 24431 I PermissionManager: camera remind result:true
11-06 14:42:09.338 24431 24431 I Poster  :  surfaceChanged() called.
11-06 14:42:09.356 24431 24431 W InputMethodManager: startInputReason = 1
11-06 14:42:09.370 24431 24431 W InputMethodManager: startInputReason = 5
11-06 14:42:09.628 24431 24464 D Evaluation: metadata 1 sent 
11-06 14:42:09.656 24431 24464 D Evaluation: metadata 2 sent 
11-06 14:42:09.693 24431 24464 D Evaluation: metadata 3 sent 
11-06 14:42:09.727 24431 24464 D Evaluation: metadata 4 sent 
11-06 14:42:09.760 24431 24464 D Evaluation: metadata 5 sent 
11-06 14:42:09.814 24431 24464 W System.err: java.net.SocketException: Message too long
11-06 14:42:09.814 24431 24464 W System.err: 	at sun.nio.ch.DatagramChannelImpl.send0(Native Method)
11-06 14:42:09.814 24431 24464 W System.err: 	at sun.nio.ch.DatagramChannelImpl.sendFromNativeBuffer(DatagramChannelImpl.java:573)
11-06 14:42:09.814 24431 24464 W System.err: 	at sun.nio.ch.DatagramChannelImpl.send(DatagramChannelImpl.java:550)
11-06 14:42:09.814 24431 24464 W System.err: 	at sun.nio.ch.DatagramChannelImpl.send(DatagramChannelImpl.java:514)
11-06 14:42:09.814 24431 24464 W System.err: 	at symlab.CloudAR.network.TransmissionTask.run(TransmissionTask.java:124)
11-06 14:42:09.814 24431 24464 W System.err: 	at android.os.Handler.handleCallback(Handler.java:907)
11-06 14:42:09.815 24431 24464 W System.err: 	at android.os.Handler.dispatchMessage(Handler.java:105)
11-06 14:42:09.815 24431 24464 W System.err: 	at android.os.Looper.loop(Looper.java:216)
11-06 14:42:09.815 24431 24464 W System.err: 	at android.os.HandlerThread.run(HandlerThread.java:65)
11-06 14:42:09.841 24431 24464 W System.err: java.net.SocketException: Message too long
11-06 14:42:09.841 24431 24464 W System.err: 	at sun.nio.ch.DatagramChannelImpl.send0(Native Method)
11-06 14:42:09.841 24431 24464 W System.err: 	at sun.nio.ch.DatagramChannelImpl.sendFromNativeBuffer(DatagramChannelImpl.java:573)
11-06 14:42:09.841 24431 24464 W System.err: 	at sun.nio.ch.DatagramChannelImpl.send(DatagramChannelImpl.java:550)
11-06 14:42:09.841 24431 24464 W System.err: 	at sun.nio.ch.DatagramChannelImpl.send(DatagramChannelImpl.java:514)
11-06 14:42:09.841 24431 24464 W System.err: 	at symlab.CloudAR.network.TransmissionTask.run(TransmissionTask.java:124)
11-06 14:42:09.841 24431 24464 W System.err: 	at android.os.Handler.handleCallback(Handler.java:907)
11-06 14:42:09.841 24431 24464 W System.err: 	at android.os.Handler.dispatchMessage(Handler.java:105)
11-06 14:42:09.841 24431 24464 W System.err: 	at android.os.Looper.loop(Looper.java:216)
11-06 14:42:09.841 24431 24464 W System.err: 	at android.os.HandlerThread.run(HandlerThread.java:65)
11-06 14:42:09.875 24431 24464 W System.err: java.net.SocketException: Message too long
11-06 14:42:09.875 24431 24464 W System.err: 	at sun.nio.ch.DatagramChannelImpl.send0(Native Method)
11-06 14:42:09.875 24431 24464 W System.err: 	at sun.nio.ch.DatagramChannelImpl.sendFromNativeBuffer(DatagramChannelImpl.java:573)
11-06 14:42:09.875 24431 24464 W System.err: 	at sun.nio.ch.DatagramChannelImpl.send(DatagramChannelImpl.java:550)
11-06 14:42:09.875 24431 24464 W System.err: 	at sun.nio.ch.DatagramChannelImpl.send(DatagramChannelImpl.java:514)
11-06 14:42:09.875 24431 24464 W System.err: 	at symlab.CloudAR.network.TransmissionTask.run(TransmissionTask.java:124)
11-06 14:42:09.875 24431 24464 W System.err: 	at android.os.Handler.handleCallback(Handler.java:907)
11-06 14:42:09.875 24431 24464 W System.err: 	at android.os.Handler.dispatchMessage(Handler.java:105)
11-06 14:42:09.875 24431 24464 W System.err: 	at android.os.Looper.loop(Looper.java:216)
11-06 14:42:09.875 24431 24464 W System.err: 	at android.os.HandlerThread.run(HandlerThread.java:65)
11-06 14:42:09.909 24431 24464 W System.err: java.net.SocketException: Message too long
11-06 14:42:09.909 24431 24464 W System.err: 	at sun.nio.ch.DatagramChannelImpl.send0(Native Method)
11-06 14:42:09.909 24431 24464 W System.err: 	at sun.nio.ch.DatagramChannelImpl.sendFromNativeBuffer(DatagramChannelImpl.java:573)
11-06 14:42:09.909 24431 24464 W System.err: 	at sun.nio.ch.DatagramChannelImpl.send(DatagramChannelImpl.java:550)
11-06 14:42:09.909 24431 24464 W System.err: 	at sun.nio.ch.DatagramChannelImpl.send(DatagramChannelImpl.java:514)
11-06 14:42:09.909 24431 24464 W System.err: 	at symlab.CloudAR.network.TransmissionTask.run(TransmissionTask.java:124)
11-06 14:42:09.909 24431 24464 W System.err: 	at android.os.Handler.handleCallback(Handler.java:907)
11-06 14:42:09.909 24431 24464 W System.err: 	at android.os.Handler.dispatchMessage(Handler.java:105)
11-06 14:42:09.909 24431 24464 W System.err: 	at android.os.Looper.loop(Looper.java:216)
11-06 14:42:09.909 24431 24464 W System.err: 	at android.os.HandlerThread.run(HandlerThread.java:65)
11-06 14:42:09.945 24431 24464 W System.err: java.net.SocketException: Message too long
11-06 14:42:09.945 24431 24464 W System.err: 	at sun.nio.ch.DatagramChannelImpl.send0(Native Method)
11-06 14:42:09.945 24431 24464 W System.err: 	at sun.nio.ch.DatagramChannelImpl.sendFromNativeBuffer(DatagramChannelImpl.java:573)
11-06 14:42:09.945 24431 24464 W System.err: 	at sun.nio.ch.DatagramChannelImpl.send(DatagramChannelImpl.java:550)
11-06 14:42:09.945 24431 24464 W System.err: 	at sun.nio.ch.DatagramChannelImpl.send(DatagramChannelImpl.java:514)
11-06 14:42:09.945 24431 24464 W System.err: 	at symlab.CloudAR.network.TransmissionTask.run(TransmissionTask.java:124)
11-06 14:42:09.945 24431 24464 W System.err: 	at android.os.Handler.handleCallback(Handler.java:907)
11-06 14:42:09.945 24431 24464 W System.err: 	at android.os.Handler.dispatchMessage(Handler.java:105)
11-06 14:42:09.945 24431 24464 W System.err: 	at android.os.Looper.loop(Looper.java:216)
11-06 14:42:09.945 24431 24464 W System.err: 	at android.os.HandlerThread.run(HandlerThread.java:65)
11-06 14:42:09.975 24431 24442 E         : [ZeroHung]zrhung_get_config: Get config failed for wp[0x0008]
11-06 14:42:09.975 24431 24464 W System.err: java.net.SocketException: Message too long
11-06 14:42:09.975 24431 24464 W System.err: 	at sun.nio.ch.DatagramChannelImpl.send0(Native Method)
11-06 14:42:09.975 24431 24464 W System.err: 	at sun.nio.ch.DatagramChannelImpl.sendFromNativeBuffer(DatagramChannelImpl.java:573)
11-06 14:42:09.975 24431 24464 W System.err: 	at sun.nio.ch.DatagramChannelImpl.send(DatagramChannelImpl.java:550)
11-06 14:42:09.976 24431 24464 W System.err: 	at sun.nio.ch.DatagramChannelImpl.send(DatagramChannelImpl.java:514)
11-06 14:42:09.976 24431 24464 W System.err: 	at symlab.CloudAR.network.TransmissionTask.run(TransmissionTask.java:124)
11-06 14:42:09.976 24431 24464 W System.err: 	at android.os.Handler.handleCallback(Handler.java:907)
11-06 14:42:09.976 24431 24464 W System.err: 	at android.os.Handler.dispatchMessage(Handler.java:105)
11-06 14:42:09.976 24431 24464 W System.err: 	at android.os.Looper.loop(Looper.java:216)
11-06 14:42:09.976 24431 24464 W System.err: 	at android.os.HandlerThread.run(HandlerThread.java:65)
11-06 14:42:10.010 24431 24464 W System.err: java.net.SocketException: Message too long
11-06 14:42:10.010 24431 24464 W System.err: 	at sun.nio.ch.DatagramChannelImpl.send0(Native Method)
11-06 14:42:10.010 24431 24464 W System.err: 	at sun.nio.ch.DatagramChannelImpl.sendFromNativeBuffer(DatagramChannelImpl.java:573)
11-06 14:42:10.011 24431 24464 W System.err: 	at sun.nio.ch.DatagramChannelImpl.send(DatagramChannelImpl.java:550)
11-06 14:42:10.011 24431 24464 W System.err: 	at sun.nio.ch.DatagramChannelImpl.send(DatagramChannelImpl.java:514)
11-06 14:42:10.011 24431 24464 W System.err: 	at symlab.CloudAR.network.TransmissionTask.run(TransmissionTask.java:124)
11-06 14:42:10.011 24431 24464 W System.err: 	at android.os.Handler.handleCallback(Handler.java:907)
11-06 14:42:10.011 24431 24464 W System.err: 	at android.os.Handler.dispatchMessage(Handler.java:105)
11-06 14:42:10.011 24431 24464 W System.err: 	at android.os.Looper.loop(Looper.java:216)
11-06 14:42:10.011 24431 24464 W System.err: 	at android.os.HandlerThread.run(HandlerThread.java:65)
11-06 14:42:10.042 24431 24464 W System.err: java.net.SocketException: Message too long
11-06 14:42:10.042 24431 24464 W System.err: 	at sun.nio.ch.DatagramChannelImpl.send0(Native Method)
11-06 14:42:10.042 24431 24464 W System.err: 	at sun.nio.ch.DatagramChannelImpl.sendFromNativeBuffer(DatagramChannelImpl.java:573)
11-06 14:42:10.042 24431 24464 W System.err: 	at sun.nio.ch.DatagramChannelImpl.send(DatagramChannelImpl.java:550)
11-06 14:42:10.042 24431 24464 W System.err: 	at sun.nio.ch.DatagramChannelImpl.send(DatagramChannelImpl.java:514)
11-06 14:42:10.042 24431 24464 W System.err: 	at symlab.CloudAR.network.TransmissionTask.run(TransmissionTask.java:124)
11-06 14:42:10.042 24431 24464 W System.err: 	at android.os.Handler.handleCallback(Handler.java:907)
11-06 14:42:10.042 24431 24464 W System.err: 	at android.os.Handler.dispatchMessage(Handler.java:105)
11-06 14:42:10.043 24431 24464 W System.err: 	at android.os.Looper.loop(Looper.java:216)
11-06 14:42:10.043 24431 24464 W System.err: 	at android.os.HandlerThread.run(HandlerThread.java:65)
11-06 14:42:10.075 24431 24464 W System.err: java.net.SocketException: Message too long
11-06 14:42:10.075 24431 24464 W System.err: 	at sun.nio.ch.DatagramChannelImpl.send0(Native Method)
11-06 14:42:10.075 24431 24464 W System.err: 	at sun.nio.ch.DatagramChannelImpl.sendFromNativeBuffer(DatagramChannelImpl.java:573)
11-06 14:42:10.075 24431 24464 W System.err: 	at sun.nio.ch.DatagramChannelImpl.send(DatagramChannelImpl.java:550)
11-06 14:42:10.075 24431 24464 W System.err: 	at sun.nio.ch.DatagramChannelImpl.send(DatagramChannelImpl.java:514)
11-06 14:42:10.075 24431 24464 W System.err: 	at symlab.CloudAR.network.TransmissionTask.run(TransmissionTask.java:124)
11-06 14:42:10.075 24431 24464 W System.err: 	at android.os.Handler.handleCallback(Handler.java:907)
11-06 14:42:10.075 24431 24464 W System.err: 	at android.os.Handler.dispatchMessage(Handler.java:105)
11-06 14:42:10.076 24431 24464 W System.err: 	at android.os.Looper.loop(Looper.java:216)
11-06 14:42:10.076 24431 24464 W System.err: 	at android.os.HandlerThread.run(HandlerThread.java:65)
11-06 14:42:10.110 24431 24464 W System.err: java.net.SocketException: Message too long
11-06 14:42:10.110 24431 24464 W System.err: 	at sun.nio.ch.DatagramChannelImpl.send0(Native Method)
11-06 14:42:10.110 24431 24464 W System.err: 	at sun.nio.ch.DatagramChannelImpl.sendFromNativeBuffer(DatagramChannelImpl.java:573)
11-06 14:42:10.110 24431 24464 W System.err: 	at sun.nio.ch.DatagramChannelImpl.send(DatagramChannelImpl.java:550)
11-06 14:42:10.110 24431 24464 W System.err: 	at sun.nio.ch.DatagramChannelImpl.send(DatagramChannelImpl.java:514)
11-06 14:42:10.110 24431 24464 W System.err: 	at symlab.CloudAR.network.TransmissionTask.run(TransmissionTask.java:124)
11-06 14:42:10.110 24431 24464 W System.err: 	at android.os.Handler.handleCallback(Handler.java:907)
11-06 14:42:10.110 24431 24464 W System.err: 	at android.os.Handler.dispatchMessage(Handler.java:105)
11-06 14:42:10.110 24431 24464 W System.err: 	at android.os.Looper.loop(Looper.java:216)
11-06 14:42:10.110 24431 24464 W System.err: 	at android.os.HandlerThread.run(HandlerThread.java:65)
11-06 14:42:10.143 24431 24464 D Evaluation: Frame 16 sent at 1573044130143
11-06 14:42:10.175 24431 24464 D Evaluation: Frame 17 sent at 1573044130175
11-06 14:42:10.213 24431 24464 D Evaluation: Frame 18 sent at 1573044130213
11-06 14:42:10.243 24431 24464 D Evaluation: Frame 19 sent at 1573044130243
11-06 14:42:10.277 24431 24464 D Evaluation: Frame 20 sent at 1573044130277
11-06 14:42:10.310 24431 24464 D Evaluation: Frame 21 sent at 1573044130310
11-06 14:42:10.343 24431 24464 D Evaluation: Frame 22 sent at 1573044130343
11-06 14:42:10.376 24431 24464 D Evaluation: Frame 23 sent at 1573044130376
11-06 14:42:10.409 24431 24464 D Evaluation: Frame 24 sent at 1573044130409
11-06 14:42:10.424 24431 24431 D Poster  : At 1573044130424 location is 65.05894868016989 (latitude), and 25.466534800083508 (longitude)
11-06 14:42:10.427 24431 24431 D Poster  : Connected to mobile network 20
11-06 14:42:10.454 24431 24464 D Evaluation: Frame 25 sent at 1573044130454
11-06 14:42:10.455 24431 24464 D Evaluation: 0 res for frame 16 received at 1573044130455
11-06 14:42:10.477 24431 24464 D Evaluation: Frame 26 sent at 1573044130477
11-06 14:42:10.514 24431 24464 D Evaluation: Frame 27 sent at 1573044130514
11-06 14:42:10.544 24431 24464 D Evaluation: Frame 28 sent at 1573044130544
11-06 14:42:10.586 24431 24464 D Evaluation: Frame 29 sent at 1573044130586
11-06 14:42:10.587 24431 24464 D Evaluation: 0 res for frame 17 received at 1573044130587
11-06 14:42:10.599 24431 24431 D Poster  : At 1573044130599 location is 65.05917749021434 (latitude), and 25.46640470452675 (longitude)
11-06 14:42:10.602 24431 24431 D Poster  : Connected to mobile network 20
11-06 14:42:10.621 24431 24464 D Evaluation: Frame 30 sent at 1573044130621
11-06 14:42:10.652 24431 24464 D Evaluation: Frame 31 sent at 1573044130652
11-06 14:42:10.691 24431 24464 D Evaluation: Frame 32 sent at 1573044130691
11-06 14:42:10.728 24431 24464 D Evaluation: Frame 33 sent at 1573044130728
11-06 14:42:10.765 24431 24464 D Evaluation: Frame 34 sent at 1573044130765
11-06 14:42:10.793 24431 24464 D Evaluation: Frame 35 sent at 1573044130793
11-06 14:42:10.828 24431 24464 D Evaluation: Frame 36 sent at 1573044130828
11-06 14:42:10.857 24431 24464 D Evaluation: Frame 37 sent at 1573044130857
11-06 14:42:10.892 24431 24464 D Evaluation: Frame 38 sent at 1573044130892
11-06 14:42:10.933 24431 24464 D Evaluation: Frame 39 sent at 1573044130933
11-06 14:42:10.965 24431 24464 D Evaluation: Frame 40 sent at 1573044130965
11-06 14:42:11.001 24431 24464 D Evaluation: Frame 41 sent at 1573044131001
11-06 14:42:11.026 24431 24464 D Evaluation: Frame 42 sent at 1573044131026
11-06 14:42:11.062 24431 24464 D Evaluation: Frame 43 sent at 1573044131062
11-06 14:42:11.100 24431 24464 D Evaluation: Frame 44 sent at 1573044131100
11-06 14:42:11.131 24431 24464 D Evaluation: Frame 45 sent at 1573044131131
11-06 14:42:11.165 24431 24464 D Evaluation: Frame 46 sent at 1573044131165
11-06 14:42:11.198 24431 24464 D Evaluation: Frame 47 sent at 1573044131198
11-06 14:42:11.230 24431 24464 D Evaluation: Frame 48 sent at 1573044131230
11-06 14:42:11.274 24431 24464 D Evaluation: Frame 49 sent at 1573044131274
11-06 14:42:11.307 24431 24464 D Evaluation: Frame 50 sent at 1573044131307
11-06 14:42:11.329 24431 24464 D Evaluation: Frame 51 sent at 1573044131329
11-06 14:42:11.355 24431 24464 D Evaluation: Frame 52 sent at 1573044131355
11-06 14:42:11.397 24431 24464 D Evaluation: Frame 53 sent at 1573044131397
11-06 14:42:11.431 24431 24464 D Evaluation: Frame 54 sent at 1573044131430
11-06 14:42:11.432 24431 24464 D Evaluation: 0 res for frame 39 received at 1573044131432
11-06 14:42:11.471 24431 24464 D Evaluation: Frame 55 sent at 1573044131471
11-06 14:42:11.472 24431 24464 D Evaluation: 0 res for frame 40 received at 1573044131472
11-06 14:42:11.499 24431 24464 D Evaluation: Frame 56 sent at 1573044131498
11-06 14:42:11.500 24431 24464 D Evaluation: 0 res for frame 41 received at 1573044131500
11-06 14:42:11.531 24431 24464 D Evaluation: Frame 57 sent at 1573044131531
11-06 14:42:11.533 24431 24464 D Evaluation: 0 res for frame 42 received at 1573044131533
11-06 14:42:11.563 24431 24464 D Evaluation: Frame 58 sent at 1573044131563
11-06 14:42:11.564 24431 24464 D Evaluation: 0 res for frame 43 received at 1573044131564
11-06 14:42:11.597 24431 24464 D Evaluation: Frame 59 sent at 1573044131597
11-06 14:42:11.599 24431 24464 D Evaluation: 0 res for frame 44 received at 1573044131599
11-06 14:42:11.603 24431 24431 D Poster  : At 1573044131602 location is 65.05933368330574 (latitude), and 25.466321711890814 (longitude)
11-06 14:42:11.604 24431 24431 D Poster  : Connected to mobile network 20
11-06 14:42:11.638 24431 24464 D Evaluation: Frame 60 sent at 1573044131638
11-06 14:42:11.639 24431 24464 D Evaluation: 0 res for frame 45 received at 1573044131639
11-06 14:42:11.667 24431 24464 D Evaluation: Frame 61 sent at 1573044131667
11-06 14:42:11.668 24431 24464 D Evaluation: 0 res for frame 46 received at 1573044131668
11-06 14:42:11.693 24431 24464 D Evaluation: Frame 62 sent at 1573044131693
11-06 14:42:11.695 24431 24464 D Evaluation: 0 res for frame 47 received at 1573044131695
11-06 14:42:11.735 24431 24464 D Evaluation: Frame 63 sent at 1573044131735
11-06 14:42:11.737 24431 24464 D Evaluation: 0 res for frame 48 received at 1573044131737
11-06 14:42:11.776 24431 24464 D Evaluation: Frame 64 sent at 1573044131776
11-06 14:42:11.778 24431 24464 D Evaluation: 0 res for frame 49 received at 1573044131778
11-06 14:42:11.809 24431 24464 D Evaluation: Frame 65 sent at 1573044131809
11-06 14:42:11.814 24431 24464 D Evaluation: 0 res for frame 50 received at 1573044131814
11-06 14:42:11.838 24431 24464 D Evaluation: Frame 66 sent at 1573044131837
11-06 14:42:11.839 24431 24464 D Evaluation: 0 res for frame 51 received at 1573044131839
11-06 14:42:11.867 24431 24464 D Evaluation: Frame 67 sent at 1573044131867
11-06 14:42:11.869 24431 24464 D Evaluation: 0 res for frame 52 received at 1573044131869
11-06 14:42:11.904 24431 24464 D Evaluation: Frame 68 sent at 1573044131904
11-06 14:42:11.906 24431 24464 D Evaluation: 0 res for frame 53 received at 1573044131906
11-06 14:42:11.936 24431 24442 E         : [ZeroHung]zrhung_get_config: Get config failed for wp[0x0008]
11-06 14:42:11.937 24431 24464 D Evaluation: Frame 69 sent at 1573044131937
11-06 14:42:11.939 24431 24464 D Evaluation: 0 res for frame 54 received at 1573044131939
11-06 14:42:11.952 24431 24440 W System  : A resource failed to call close. 
11-06 14:42:11.954 24431 24440 I chatty  : uid=10149(symlab.cloudridar.arhud) FinalizerDaemon identical 30 lines
11-06 14:42:11.954 24431 24440 W System  : A resource failed to call close. 
11-06 14:42:11.954 24431 24440 W System  : A resource failed to call close. 
11-06 14:42:11.954 24431 24440 W System  : A resource failed to call close. 
11-06 14:42:11.974 24431 24464 D Evaluation: Frame 70 sent at 1573044131974
11-06 14:42:11.976 24431 24464 D Evaluation: 0 res for frame 55 received at 1573044131976
11-06 14:42:12.012 24431 24464 D Evaluation: Frame 71 sent at 1573044132012
11-06 14:42:12.014 24431 24464 D Evaluation: 0 res for frame 56 received at 1573044132014
11-06 14:42:12.040 24431 24464 D Evaluation: Frame 72 sent at 1573044132040
11-06 14:42:12.041 24431 24464 D Evaluation: 0 res for frame 57 received at 1573044132041
11-06 14:42:12.107 24431 24464 D Evaluation: Frame 73 sent at 1573044132107
11-06 14:42:12.108 24431 24464 D Evaluation: 0 res for frame 58 received at 1573044132108
11-06 14:42:12.142 24431 24464 D Evaluation: Frame 74 sent at 1573044132142
11-06 14:42:12.143 24431 24464 D Evaluation: 0 res for frame 59 received at 1573044132143
11-06 14:42:12.169 24431 24464 D Evaluation: Frame 75 sent at 1573044132169
11-06 14:42:12.171 24431 24464 D Evaluation: 0 res for frame 60 received at 1573044132171
11-06 14:42:12.208 24431 24464 D Evaluation: Frame 76 sent at 1573044132208
11-06 14:42:12.209 24431 24464 D Evaluation: 0 res for frame 61 received at 1573044132209
11-06 14:42:12.234 24431 24464 D Evaluation: Frame 77 sent at 1573044132234
11-06 14:42:12.236 24431 24464 D Evaluation: 0 res for frame 62 received at 1573044132236
11-06 14:42:12.273 24431 24464 D Evaluation: Frame 78 sent at 1573044132273
11-06 14:42:12.274 24431 24464 D Evaluation: 0 res for frame 63 received at 1573044132274
11-06 14:42:12.315 24431 24464 D Evaluation: Frame 79 sent at 1573044132315
11-06 14:42:12.316 24431 24464 D Evaluation: 0 res for frame 64 received at 1573044132316
11-06 14:42:12.353 24431 24464 D Evaluation: Frame 80 sent at 1573044132353
11-06 14:42:12.354 24431 24464 D Evaluation: 0 res for frame 65 received at 1573044132354
11-06 14:42:12.385 24431 24464 D Evaluation: Frame 81 sent at 1573044132385
11-06 14:42:12.386 24431 24464 D Evaluation: 0 res for frame 66 received at 1573044132386
11-06 14:42:12.416 24431 24464 D Evaluation: Frame 82 sent at 1573044132416
11-06 14:42:12.418 24431 24464 D Evaluation: 0 res for frame 67 received at 1573044132418
11-06 14:42:12.449 24431 24464 D Evaluation: Frame 83 sent at 1573044132449
11-06 14:42:12.451 24431 24464 D Evaluation: 0 res for frame 68 received at 1573044132451
11-06 14:42:12.483 24431 24464 D Evaluation: Frame 84 sent at 1573044132483
11-06 14:42:12.484 24431 24464 D Evaluation: 0 res for frame 69 received at 1573044132484
11-06 14:42:12.521 24431 24464 D Evaluation: Frame 85 sent at 1573044132521
11-06 14:42:12.522 24431 24464 D Evaluation: 0 res for frame 70 received at 1573044132522
11-06 14:42:12.549 24431 24464 D Evaluation: Frame 86 sent at 1573044132549
11-06 14:42:12.550 24431 24464 D Evaluation: 0 res for frame 71 received at 1573044132550
11-06 14:42:12.586 24431 24464 D Evaluation: Frame 87 sent at 1573044132586
11-06 14:42:12.588 24431 24464 D Evaluation: 0 res for frame 72 received at 1573044132588
11-06 14:42:12.607 24431 24431 D Poster  : At 1573044132607 location is 65.05933171543661 (latitude), and 25.466423138226816 (longitude)
11-06 14:42:12.609 24431 24431 D Poster  : Connected to mobile network 20
11-06 14:42:12.610 24431 24464 D Evaluation: Frame 88 sent at 1573044132610
11-06 14:42:12.611 24431 24464 D Evaluation: 0 res for frame 73 received at 1573044132611
11-06 14:42:12.644 24431 24464 D Evaluation: Frame 89 sent at 1573044132644
11-06 14:42:12.646 24431 24464 D Evaluation: 0 res for frame 74 received at 1573044132646
11-06 14:42:12.678 24431 24464 D Evaluation: Frame 90 sent at 1573044132678
11-06 14:42:12.679 24431 24464 D Evaluation: 0 res for frame 75 received at 1573044132679
11-06 14:42:12.723 24431 24464 D Evaluation: Frame 91 sent at 1573044132723
11-06 14:42:12.724 24431 24464 D Evaluation: 0 res for frame 76 received at 1573044132724
11-06 14:42:12.740 24431 24464 D Evaluation: Frame 92 sent at 1573044132740
11-06 14:42:12.742 24431 24464 D Evaluation: 0 res for frame 77 received at 1573044132742
11-06 14:42:12.780 24431 24464 D Evaluation: Frame 93 sent at 1573044132780
11-06 14:42:12.781 24431 24464 D Evaluation: 0 res for frame 78 received at 1573044132781
11-06 14:42:12.808 24431 24464 D Evaluation: Frame 94 sent at 1573044132808
11-06 14:42:12.810 24431 24464 D Evaluation: 0 res for frame 79 received at 1573044132810
11-06 14:42:12.848 24431 24464 D Evaluation: Frame 95 sent at 1573044132848
11-06 14:42:12.849 24431 24464 D Evaluation: 0 res for frame 80 received at 1573044132849
11-06 14:42:12.883 24431 24464 D Evaluation: Frame 96 sent at 1573044132883
11-06 14:42:12.885 24431 24464 D Evaluation: 0 res for frame 81 received at 1573044132884
11-06 14:42:12.913 24431 24464 D Evaluation: Frame 97 sent at 1573044132913
11-06 14:42:12.915 24431 24464 D Evaluation: 1 res for frame 82 received at 1573044132915
11-06 14:42:12.945 24431 24464 D Evaluation: Frame 98 sent at 1573044132945
11-06 14:42:12.946 24431 24464 D Evaluation: 0 res for frame 83 received at 1573044132946
11-06 14:42:13.023 24431 24464 D Evaluation: Frame 99 sent at 1573044133023
11-06 14:42:13.024 24431 24464 D Evaluation: 0 res for frame 84 received at 1573044133024
11-06 14:42:13.048 24431 24464 D Evaluation: Frame 100 sent at 1573044133048
11-06 14:42:13.049 24431 24464 D Evaluation: 1 res for frame 85 received at 1573044133049
11-06 14:42:13.081 24431 24464 D Evaluation: Frame 101 sent at 1573044133081
11-06 14:42:13.083 24431 24464 D Evaluation: 1 res for frame 86 received at 1573044133083
11-06 14:42:13.109 24431 24464 D Evaluation: Frame 102 sent at 1573044133109
11-06 14:42:13.111 24431 24464 D Evaluation: 1 res for frame 87 received at 1573044133111
11-06 14:42:13.150 24431 24464 D Evaluation: Frame 103 sent at 1573044133150
11-06 14:42:13.151 24431 24464 D Evaluation: 1 res for frame 88 received at 1573044133151
11-06 14:42:13.188 24431 24464 D Evaluation: Frame 104 sent at 1573044133188
11-06 14:42:13.190 24431 24464 D Evaluation: 1 res for frame 89 received at 1573044133190
11-06 14:42:13.209 24431 24431 D Poster  : At 1573044133208 location is 65.05933494931877 (latitude), and 25.466414966261063 (longitude)
11-06 14:42:13.211 24431 24431 D Poster  : Connected to mobile network 20
11-06 14:42:13.227 24431 24464 D Evaluation: Frame 105 sent at 1573044133227
11-06 14:42:13.229 24431 24464 D Evaluation: 1 res for frame 90 received at 1573044133229
11-06 14:42:13.246 24431 24464 D Evaluation: Frame 106 sent at 1573044133246
11-06 14:42:13.247 24431 24464 D Evaluation: 1 res for frame 91 received at 1573044133247
11-06 14:42:13.277 24431 24464 D Evaluation: Frame 107 sent at 1573044133277
11-06 14:42:13.278 24431 24464 D Evaluation: 1 res for frame 92 received at 1573044133278
11-06 14:42:13.331 24431 24464 D Evaluation: Frame 108 sent at 1573044133331
11-06 14:42:13.333 24431 24464 D Evaluation: 1 res for frame 93 received at 1573044133333
11-06 14:42:13.353 24431 24464 D Evaluation: Frame 109 sent at 1573044133353
11-06 14:42:13.355 24431 24464 D Evaluation: 1 res for frame 94 received at 1573044133355
11-06 14:42:13.384 24431 24464 D Evaluation: Frame 110 sent at 1573044133384
11-06 14:42:13.386 24431 24464 D Evaluation: 0 res for frame 95 received at 1573044133386
11-06 14:42:13.433 24431 24464 D Evaluation: Frame 111 sent at 1573044133433
11-06 14:42:13.435 24431 24464 D Evaluation: 0 res for frame 96 received at 1573044133435
11-06 14:42:13.460 24431 24464 D Evaluation: Frame 112 sent at 1573044133460
11-06 14:42:13.461 24431 24464 D Evaluation: 0 res for frame 97 received at 1573044133461
11-06 14:42:13.491 24431 24464 D Evaluation: Frame 113 sent at 1573044133491
11-06 14:42:13.493 24431 24464 D Evaluation: 1 res for frame 99 received at 1573044133492
11-06 14:42:13.522 24431 24464 D Evaluation: Frame 114 sent at 1573044133522
11-06 14:42:13.524 24431 24464 D Evaluation: 1 res for frame 100 received at 1573044133523
11-06 14:42:13.553 24431 24464 D Evaluation: Frame 115 sent at 1573044133553
11-06 14:42:13.554 24431 24464 D Evaluation: 1 res for frame 101 received at 1573044133554
11-06 14:42:13.598 24431 24464 D Evaluation: Frame 116 sent at 1573044133598
11-06 14:42:13.600 24431 24464 D Evaluation: 1 res for frame 102 received at 1573044133600
11-06 14:42:13.626 24431 24464 D Evaluation: Frame 117 sent at 1573044133626
11-06 14:42:13.628 24431 24464 D Evaluation: 1 res for frame 103 received at 1573044133628
11-06 14:42:13.662 24431 24464 D Evaluation: Frame 118 sent at 1573044133662
11-06 14:42:13.693 24431 24464 D Evaluation: Frame 119 sent at 1573044133693
11-06 14:42:13.695 24431 24464 D Evaluation: 1 res for frame 104 received at 1573044133695
11-06 14:42:13.730 24431 24464 D Evaluation: Frame 120 sent at 1573044133730
11-06 14:42:13.731 24431 24464 D Evaluation: 1 res for frame 105 received at 1573044133731
11-06 14:42:13.807 24431 24464 D Evaluation: Frame 121 sent at 1573044133807
11-06 14:42:13.808 24431 24464 D Evaluation: 1 res for frame 106 received at 1573044133808
11-06 14:42:13.829 24431 24464 D Evaluation: Frame 122 sent at 1573044133829
11-06 14:42:13.830 24431 24464 D Evaluation: 1 res for frame 108 received at 1573044133830
11-06 14:42:13.865 24431 24464 D Evaluation: Frame 123 sent at 1573044133865
11-06 14:42:13.895 24431 24464 D Evaluation: Frame 124 sent at 1573044133895
11-06 14:42:13.932 24431 24464 D Evaluation: Frame 125 sent at 1573044133932
11-06 14:42:13.966 24431 24464 D Evaluation: Frame 126 sent at 1573044133966
11-06 14:42:13.967 24431 24464 D Evaluation: 1 res for frame 111 received at 1573044133967
11-06 14:42:13.998 24431 24464 D Evaluation: Frame 127 sent at 1573044133998
11-06 14:42:14.027 24431 24464 D Evaluation: Frame 128 sent at 1573044134027
11-06 14:42:14.117 24431 24464 D Evaluation: Frame 130 sent at 1573044134117
11-06 14:42:14.118 24431 24464 D Evaluation: 1 res for frame 116 received at 1573044134118
11-06 14:42:14.138 24431 24442 E         : [ZeroHung]zrhung_get_config: Get config failed for wp[0x0008]
11-06 14:42:14.139 24431 24464 D Evaluation: Frame 130 sent at 1573044134139
11-06 14:42:14.160 24431 24464 D Evaluation: Frame 131 sent at 1573044134160
11-06 14:42:14.168 24431 24440 W System  : A resource failed to call close. 
11-06 14:42:14.168 24431 24440 W System  : A resource failed to call close. 
11-06 14:42:14.168 24431 24440 W System  : A resource failed to call close. 
11-06 14:42:14.169 24431 24440 I chatty  : uid=10149(symlab.cloudridar.arhud) FinalizerDaemon identical 4 lines
11-06 14:42:14.169 24431 24440 W System  : A resource failed to call close. 
11-06 14:42:14.169 24431 24440 W System  : A resource failed to call close. 
11-06 14:42:14.169 24431 24440 W System  : A resource failed to call close. 
11-06 14:42:14.169 24431 24440 W System  : A resource failed to call close. 
11-06 14:42:14.169 24431 24440 I chatty  : uid=10149(symlab.cloudridar.arhud) FinalizerDaemon identical 5 lines
11-06 14:42:14.169 24431 24440 W System  : A resource failed to call close. 
11-06 14:42:14.169 24431 24440 W System  : A resource failed to call close. 
11-06 14:42:14.169 24431 24440 I chatty  : uid=10149(symlab.cloudridar.arhud) FinalizerDaemon identical 3 lines
11-06 14:42:14.169 24431 24440 W System  : A resource failed to call close. 
11-06 14:42:14.170 24431 24440 W System  : A resource failed to call close. 
11-06 14:42:14.170 24431 24440 I chatty  : uid=10149(symlab.cloudridar.arhud) FinalizerDaemon identical 2 lines
11-06 14:42:14.170 24431 24440 W System  : A resource failed to call close. 
11-06 14:42:14.170 24431 24440 W System  : A resource failed to call close. 
11-06 14:42:14.170 24431 24440 I chatty  : uid=10149(symlab.cloudridar.arhud) FinalizerDaemon identical 8 lines
11-06 14:42:14.170 24431 24440 W System  : A resource failed to call close. 
11-06 14:42:14.170 24431 24440 W System  : A resource failed to call close. 
11-06 14:42:14.170 24431 24440 I chatty  : uid=10149(symlab.cloudridar.arhud) FinalizerDaemon identical 2 lines
11-06 14:42:14.170 24431 24440 W System  : A resource failed to call close. 
11-06 14:42:14.171 24431 24440 W System  : A resource failed to call close. 
11-06 14:42:14.172 24431 24440 I chatty  : uid=10149(symlab.cloudridar.arhud) FinalizerDaemon identical 26 lines
11-06 14:42:14.172 24431 24440 W System  : A resource failed to call close. 
11-06 14:42:14.172 24431 24440 W System  : A resource failed to call close. 
11-06 14:42:14.176 24431 24440 I chatty  : uid=10149(symlab.cloudridar.arhud) FinalizerDaemon identical 40 lines
11-06 14:42:14.176 24431 24440 W System  : A resource failed to call close. 
11-06 14:42:14.194 24431 24431 I AwareBitmapCacher: init lrucache size: 2097152 pid=24431
11-06 14:42:14.194 24431 24464 D Evaluation: Frame 132 sent at 1573044134194
11-06 14:42:14.204 24431 24431 D Poster  : At 1573044134204 location is 65.05938764587377 (latitude), and 25.46631024725273 (longitude)
11-06 14:42:14.206 24431 24431 D Poster  : Connected to mobile network 20
11-06 14:42:14.215 24431 24464 D Evaluation: Frame 133 sent at 1573044134215
11-06 14:42:14.247 24431 24464 D Evaluation: Frame 134 sent at 1573044134247
11-06 14:42:14.291 24431 24464 D Evaluation: Frame 135 sent at 1573044134291
11-06 14:42:14.293 24431 24464 D Evaluation: 1 res for frame 121 received at 1573044134293
11-06 14:42:14.328 24431 24464 D Evaluation: Frame 136 sent at 1573044134328
11-06 14:42:14.330 24431 24464 D Evaluation: 1 res for frame 122 received at 1573044134330
11-06 14:42:14.363 24431 24464 D Evaluation: Frame 137 sent at 1573044134362
11-06 14:42:14.364 24431 24464 D Evaluation: 1 res for frame 123 received at 1573044134364
11-06 14:42:14.393 24431 24464 D Evaluation: Frame 138 sent at 1573044134393
11-06 14:42:14.394 24431 24464 D Evaluation: 1 res for frame 124 received at 1573044134394
11-06 14:42:14.433 24431 24464 D Evaluation: Frame 139 sent at 1573044134433
11-06 14:42:14.435 24431 24464 D Evaluation: 1 res for frame 125 received at 1573044134435
11-06 14:42:14.466 24431 24464 D Evaluation: Frame 140 sent at 1573044134466
11-06 14:42:14.501 24431 24464 D Evaluation: Frame 141 sent at 1573044134500
11-06 14:42:14.538 24431 24464 D Evaluation: Frame 142 sent at 1573044134538
11-06 14:42:14.570 24431 24464 D Evaluation: Frame 143 sent at 1573044134570
11-06 14:42:14.603 24431 24464 D Evaluation: Frame 144 sent at 1573044134603
11-06 14:42:14.604 24431 24464 D Evaluation: 1 res for frame 130 received at 1573044134604
11-06 14:42:14.634 24431 24464 D Evaluation: Frame 145 sent at 1573044134634
11-06 14:42:14.665 24431 24464 D Evaluation: Frame 146 sent at 1573044134665
11-06 14:42:14.666 24431 24464 D Evaluation: 0 res for frame 131 received at 1573044134666
11-06 14:42:14.687 24431 24464 D Evaluation: Frame 147 sent at 1573044134687
11-06 14:42:14.689 24431 24464 D Evaluation: 0 res for frame 132 received at 1573044134689
11-06 14:42:14.727 24431 24464 D Evaluation: Frame 148 sent at 1573044134727
11-06 14:42:14.760 24431 24464 D Evaluation: Frame 149 sent at 1573044134760
11-06 14:42:14.798 24431 24464 D Evaluation: Frame 150 sent at 1573044134798
11-06 14:42:14.800 24431 24464 D Evaluation: 1 res for frame 135 received at 1573044134800
11-06 14:42:14.832 24431 24464 D Evaluation: Frame 151 sent at 1573044134832
11-06 14:42:14.834 24431 24464 D Evaluation: 0 res for frame 136 received at 1573044134834
11-06 14:42:14.876 24431 24464 D Evaluation: Frame 152 sent at 1573044134876
11-06 14:42:14.878 24431 24464 D Evaluation: 0 res for frame 137 received at 1573044134878
11-06 14:42:14.907 24431 24464 D Evaluation: Frame 153 sent at 1573044134907
11-06 14:42:14.939 24431 24464 D Evaluation: Frame 154 sent at 1573044134939
11-06 14:42:14.972 24431 24464 D Evaluation: Frame 155 sent at 1573044134972
11-06 14:42:15.013 24431 24464 D Evaluation: Frame 156 sent at 1573044135012
11-06 14:42:15.040 24431 24464 D Evaluation: Frame 157 sent at 1573044135040
11-06 14:42:15.065 24431 24464 D Evaluation: Frame 158 sent at 1573044135065
11-06 14:42:15.066 24431 24464 D Evaluation: 1 res for frame 142 received at 1573044135066
11-06 14:42:15.096 24431 24464 D Evaluation: Frame 159 sent at 1573044135096
11-06 14:42:15.137 24431 24464 D Evaluation: Frame 160 sent at 1573044135137
11-06 14:42:15.176 24431 24464 D Evaluation: Frame 161 sent at 1573044135176
11-06 14:42:15.204 24431 24431 D Poster  : At 1573044135204 location is 65.0593239633454 (latitude), and 25.466548331750538 (longitude)
11-06 14:42:15.206 24431 24431 D Poster  : Connected to mobile network 20
11-06 14:42:15.211 24431 24464 D Evaluation: Frame 162 sent at 1573044135211
11-06 14:42:15.242 24431 24464 D Evaluation: Frame 163 sent at 1573044135242
11-06 14:42:15.244 24431 24464 D Evaluation: 1 res for frame 148 received at 1573044135244
11-06 14:42:15.271 24431 24464 D Evaluation: Frame 164 sent at 1573044135271
11-06 14:42:15.273 24431 24464 D Evaluation: 1 res for frame 149 received at 1573044135273
11-06 14:42:15.309 24431 24464 D Evaluation: Frame 165 sent at 1573044135309
11-06 14:42:15.310 24431 24464 D Evaluation: 1 res for frame 150 received at 1573044135310
11-06 14:42:15.341 24431 24464 D Evaluation: Frame 166 sent at 1573044135340
11-06 14:42:15.372 24431 24464 D Evaluation: Frame 167 sent at 1573044135372
11-06 14:42:15.373 24431 24464 D Evaluation: 1 res for frame 152 received at 1573044135373
11-06 14:42:15.413 24431 24464 D Evaluation: Frame 168 sent at 1573044135413
11-06 14:42:15.415 24431 24464 D Evaluation: 1 res for frame 153 received at 1573044135415
11-06 14:42:15.450 24431 24464 D Evaluation: Frame 169 sent at 1573044135450
11-06 14:42:15.451 24431 24464 D Evaluation: 1 res for frame 154 received at 1573044135451
11-06 14:42:15.481 24431 24464 D Evaluation: Frame 170 sent at 1573044135481
11-06 14:42:15.508 24431 24464 D Evaluation: Frame 171 sent at 1573044135508
11-06 14:42:15.548 24431 24464 D Evaluation: Frame 173 sent at 1573044135548
11-06 14:42:15.550 24431 24464 D Evaluation: 1 res for frame 156 received at 1573044135550
11-06 14:42:15.569 24431 24464 D Evaluation: Frame 173 sent at 1573044135569
11-06 14:42:15.603 24431 24464 D Evaluation: Frame 174 sent at 1573044135603
11-06 14:42:15.636 24431 24464 D Evaluation: Frame 175 sent at 1573044135636
11-06 14:42:15.639 24431 24464 D Evaluation: 1 res for frame 159 received at 1573044135639
11-06 14:42:15.688 24431 24464 D Evaluation: Frame 176 sent at 1573044135688
11-06 14:42:15.690 24431 24464 D Evaluation: 1 res for frame 160 received at 1573044135690
11-06 14:42:15.718 24431 24464 D Evaluation: Frame 177 sent at 1573044135718
11-06 14:42:15.719 24431 24464 D Evaluation: 1 res for frame 161 received at 1573044135719
11-06 14:42:15.739 24431 24464 D Evaluation: Frame 178 sent at 1573044135739
11-06 14:42:15.741 24431 24464 D Evaluation: 1 res for frame 162 received at 1573044135741
11-06 14:42:15.768 24431 24464 D Evaluation: Frame 179 sent at 1573044135768
11-06 14:42:15.820 24431 24464 D Evaluation: Frame 181 sent at 1573044135820
11-06 14:42:15.822 24431 24464 D Evaluation: 1 res for frame 165 received at 1573044135822
11-06 14:42:15.842 24431 24464 D Evaluation: Frame 181 sent at 1573044135842
11-06 14:42:15.843 24431 24464 D Evaluation: 1 res for frame 166 received at 1573044135843
11-06 14:42:15.887 24431 24464 D Evaluation: Frame 182 sent at 1573044135887
11-06 14:42:15.917 24431 24464 D Evaluation: Frame 183 sent at 1573044135917
11-06 14:42:15.919 24431 24464 D Evaluation: 1 res for frame 168 received at 1573044135919
11-06 14:42:15.940 24431 24464 D Evaluation: Frame 184 sent at 1573044135940
11-06 14:42:15.941 24431 24464 D Evaluation: 1 res for frame 169 received at 1573044135941
11-06 14:42:15.978 24431 24464 D Evaluation: Frame 185 sent at 1573044135977
11-06 14:42:15.979 24431 24464 D Evaluation: 1 res for frame 170 received at 1573044135979
11-06 14:42:16.011 24431 24464 D Evaluation: Frame 186 sent at 1573044136011
11-06 14:42:16.050 24431 24464 D Evaluation: Frame 187 sent at 1573044136050
11-06 14:42:16.051 24431 24464 D Evaluation: 0 res for frame 173 received at 1573044136051
11-06 14:42:16.123 24431 24464 D Evaluation: Frame 189 sent at 1573044136123
11-06 14:42:16.125 24431 24464 D Evaluation: 1 res for frame 174 received at 1573044136125
11-06 14:42:16.144 24431 24464 D Evaluation: Frame 189 sent at 1573044136144
11-06 14:42:16.146 24431 24464 D Evaluation: 1 res for frame 175 received at 1573044136146
11-06 14:42:16.175 24431 24464 D Evaluation: Frame 190 sent at 1573044136175
11-06 14:42:16.177 24431 24464 D Evaluation: 1 res for frame 176 received at 1573044136177
11-06 14:42:16.202 24431 24431 D Poster  : At 1573044136202 location is 65.05932092036659 (latitude), and 25.46650666810359 (longitude)
11-06 14:42:16.205 24431 24431 D Poster  : Connected to mobile network 20
11-06 14:42:16.208 24431 24464 D Evaluation: Frame 191 sent at 1573044136208
11-06 14:42:16.209 24431 24464 D Evaluation: 1 res for frame 177 received at 1573044136209
11-06 14:42:16.244 24431 24464 D Evaluation: Frame 192 sent at 1573044136244
11-06 14:42:16.273 24431 24464 D Evaluation: Frame 193 sent at 1573044136273
11-06 14:42:16.321 24431 24464 D Evaluation: Frame 194 sent at 1573044136321
11-06 14:42:16.323 24431 24464 D Evaluation: 1 res for frame 181 received at 1573044136323
11-06 14:42:16.356 24431 24464 D Evaluation: Frame 195 sent at 1573044136356
11-06 14:42:16.357 24431 24464 D Evaluation: 1 res for frame 181 received at 1573044136357
11-06 14:42:16.382 24431 24464 D Evaluation: Frame 196 sent at 1573044136382
11-06 14:42:16.383 24431 24464 D Evaluation: 1 res for frame 182 received at 1573044136383
11-06 14:42:16.403 24431 24464 D Evaluation: Frame 197 sent at 1573044136403
11-06 14:42:16.405 24431 24464 D Evaluation: 1 res for frame 183 received at 1573044136405
11-06 14:42:16.446 24431 24464 D Evaluation: Frame 198 sent at 1573044136446
11-06 14:42:16.477 24431 24464 D Evaluation: Frame 199 sent at 1573044136477
11-06 14:42:16.479 24431 24464 D Evaluation: 1 res for frame 185 received at 1573044136479
11-06 14:42:16.519 24431 24464 D Evaluation: Frame 200 sent at 1573044136519
11-06 14:42:16.520 24431 24464 D Evaluation: 1 res for frame 186 received at 1573044136520
11-06 14:42:16.553 24431 24464 D Evaluation: Frame 201 sent at 1573044136553
11-06 14:42:16.555 24431 24464 D Evaluation: 1 res for frame 187 received at 1573044136555
11-06 14:42:16.576 24431 24464 D Evaluation: Frame 202 sent at 1573044136576
11-06 14:42:16.577 24431 24464 D Evaluation: 1 res for frame 188 received at 1573044136577
11-06 14:42:16.623 24431 24464 D Evaluation: Frame 204 sent at 1573044136623
11-06 14:42:16.624 24431 24464 D Evaluation: 1 res for frame 189 received at 1573044136624
11-06 14:42:16.640 24431 24464 D Evaluation: Frame 204 sent at 1573044136640
11-06 14:42:16.641 24431 24464 D Evaluation: 1 res for frame 190 received at 1573044136641
11-06 14:42:16.687 24431 24464 D Evaluation: Frame 205 sent at 1573044136687
11-06 14:42:16.689 24431 24464 D Evaluation: 1 res for frame 191 received at 1573044136689
11-06 14:42:16.711 24431 24464 D Evaluation: Frame 206 sent at 1573044136711
11-06 14:42:16.712 24431 24464 D Evaluation: 1 res for frame 192 received at 1573044136712
11-06 14:42:16.739 24431 24464 D Evaluation: Frame 207 sent at 1573044136739
11-06 14:42:16.741 24431 24464 D Evaluation: 1 res for frame 193 received at 1573044136741
11-06 14:42:16.789 24431 24464 D Evaluation: Frame 208 sent at 1573044136789
11-06 14:42:16.791 24431 24464 D Evaluation: 1 res for frame 194 received at 1573044136791
11-06 14:42:16.809 24431 24464 D Evaluation: Frame 209 sent at 1573044136809
11-06 14:42:16.810 24431 24464 D Evaluation: 1 res for frame 195 received at 1573044136810
11-06 14:42:16.844 24431 24464 D Evaluation: Frame 210 sent at 1573044136843
11-06 14:42:16.845 24431 24464 D Evaluation: 1 res for frame 196 received at 1573044136845
11-06 14:42:16.878 24431 24464 D Evaluation: Frame 211 sent at 1573044136878
11-06 14:42:16.879 24431 24464 D Evaluation: 1 res for frame 197 received at 1573044136879
11-06 14:42:16.880 24431 24442 E         : [ZeroHung]zrhung_get_config: Get config failed for wp[0x0008]
11-06 14:42:16.898 24431 24440 W System  : A resource failed to call close. 
11-06 14:42:16.898 24431 24440 I chatty  : uid=10149(symlab.cloudridar.arhud) FinalizerDaemon identical 8 lines
11-06 14:42:16.899 24431 24440 W System  : A resource failed to call close. 
11-06 14:42:16.899 24431 24440 W System  : A resource failed to call close. 
11-06 14:42:16.899 24431 24440 W System  : A resource failed to call close. 
11-06 14:42:16.899 24431 24440 W System  : A resource failed to call close. 
11-06 14:42:16.899 24431 24440 W System  : A resource failed to call close. 
11-06 14:42:16.899 24431 24440 W System  : A resource failed to call close. 
11-06 14:42:16.902 24431 24440 I chatty  : uid=10149(symlab.cloudridar.arhud) FinalizerDaemon identical 34 lines
11-06 14:42:16.902 24431 24440 W System  : A resource failed to call close. 
11-06 14:42:16.903 24431 24440 W System  : A resource failed to call close. 
11-06 14:42:16.903 24431 24440 I chatty  : uid=10149(symlab.cloudridar.arhud) FinalizerDaemon identical 6 lines
11-06 14:42:16.903 24431 24440 W System  : A resource failed to call close. 
11-06 14:42:16.903 24431 24440 W System  : A resource failed to call close. 
11-06 14:42:16.906 24431 24440 I chatty  : uid=10149(symlab.cloudridar.arhud) FinalizerDaemon identical 40 lines
11-06 14:42:16.906 24431 24440 W System  : A resource failed to call close. 
11-06 14:42:16.918 24431 24464 D Evaluation: Frame 212 sent at 1573044136918
11-06 14:42:16.920 24431 24464 D Evaluation: 1 res for frame 198 received at 1573044136920
11-06 14:42:16.945 24431 24464 D Evaluation: Frame 213 sent at 1573044136945
11-06 14:42:16.946 24431 24464 D Evaluation: 1 res for frame 199 received at 1573044136946
11-06 14:42:16.985 24431 24464 D Evaluation: Frame 214 sent at 1573044136985
11-06 14:42:16.988 24431 24464 D Evaluation: 1 res for frame 200 received at 1573044136988
11-06 14:42:17.013 24431 24464 D Evaluation: Frame 215 sent at 1573044137012
11-06 14:42:17.014 24431 24464 D Evaluation: 1 res for frame 201 received at 1573044137014
11-06 14:42:17.058 24431 24464 D Evaluation: Frame 216 sent at 1573044137057
11-06 14:42:17.059 24431 24464 D Evaluation: 1 res for frame 202 received at 1573044137059
11-06 14:42:17.086 24431 24464 D Evaluation: Frame 217 sent at 1573044137086
11-06 14:42:17.087 24431 24464 D Evaluation: 1 res for frame 204 received at 1573044137087
11-06 14:42:17.120 24431 24464 D Evaluation: Frame 218 sent at 1573044137120
11-06 14:42:17.121 24431 24464 D Evaluation: 1 res for frame 204 received at 1573044137121
11-06 14:42:17.151 24431 24464 D Evaluation: Frame 219 sent at 1573044137151
11-06 14:42:17.156 24431 24464 D Evaluation: 1 res for frame 205 received at 1573044137156
11-06 14:42:17.182 24431 24464 D Evaluation: Frame 220 sent at 1573044137182
11-06 14:42:17.219 24431 24431 D Poster  : At 1573044137219 location is 65.05931915592181 (latitude), and 25.466465738010868 (longitude)
11-06 14:42:17.222 24431 24464 D Evaluation: Frame 221 sent at 1573044137222
11-06 14:42:17.223 24431 24431 D Poster  : Connected to mobile network 20
11-06 14:42:17.225 24431 24464 D Evaluation: 1 res for frame 206 received at 1573044137225
11-06 14:42:17.251 24431 24464 D Evaluation: Frame 222 sent at 1573044137251
11-06 14:42:17.253 24431 24464 D Evaluation: 1 res for frame 207 received at 1573044137253
11-06 14:42:17.285 24431 24464 D Evaluation: Frame 223 sent at 1573044137285
11-06 14:42:17.287 24431 24464 D Evaluation: 1 res for frame 208 received at 1573044137286
11-06 14:42:17.323 24431 24464 D Evaluation: Frame 224 sent at 1573044137323
11-06 14:42:17.325 24431 24464 D Evaluation: 1 res for frame 209 received at 1573044137325
11-06 14:42:17.360 24431 24464 D Evaluation: Frame 225 sent at 1573044137359
11-06 14:42:17.362 24431 24464 D Evaluation: 1 res for frame 210 received at 1573044137362
11-06 14:42:17.387 24431 24464 D Evaluation: Frame 226 sent at 1573044137387
11-06 14:42:17.388 24431 24464 D Evaluation: 1 res for frame 211 received at 1573044137388
11-06 14:42:17.417 24431 24464 D Evaluation: Frame 227 sent at 1573044137417
11-06 14:42:17.419 24431 24464 D Evaluation: 1 res for frame 212 received at 1573044137419
11-06 14:42:17.455 24431 24464 D Evaluation: Frame 228 sent at 1573044137455
11-06 14:42:17.457 24431 24464 D Evaluation: 1 res for frame 213 received at 1573044137457
