--------- beginning of main
11-06 14:40:51.462 24222 24222 I MultiDex: Installing application
11-06 14:40:51.462 24222 24222 I MultiDex: VM has multidex support, MultiDex support library is disabled.
11-06 14:40:51.463 24246 24246 W logcat  : type=1400 audit(0.0:18125): avc: granted { create } for name="logcat_1573044051450.txt" scontext=u:r:untrusted_app:s0:c149,c256,c512,c768 tcontext=u:object_r:sdcardfs:s0:c149,c256,c512,c768 tclass=file
--------- beginning of system
11-06 14:40:51.465 24222 24222 V ActivityThread: callActivityOnCreate
11-06 14:40:51.465 24222 24222 I Poster  :  onCreate() called.
11-06 14:40:51.468 24222 24222 I HwApsImpl: APS: new HwApsImpl created
11-06 14:40:51.474 24222 24222 V HwWidgetFactory: : successes to get AllImpl object and return....
11-06 14:40:51.482 24222 24222 D OpenGLRenderer: Skia GL Pipeline
11-06 14:40:51.505 24222 24222 D Poster  : Server bound to IP 193.166.28.132 and port 52727
11-06 14:40:51.508 24222 24222 D ActivityThread: add activity client record, r= ActivityRecord{24fb417 token=android.os.BinderProxy@3a687be {symlab.cloudridar.arhud/symlab.ARHUD.MainActivity}} token= android.os.BinderProxy@3a687be
11-06 14:40:51.508 24222 24256 D Evaluation: metadata 0 sent 
11-06 14:40:51.510 24222 24222 I Poster  :  onStart() called.
11-06 14:40:51.510 24222 24222 D ZrHung.AppEyeUiProbe: notify runnable to start.
11-06 14:40:51.512 24222 24222 I Poster  :  onResume() called.
11-06 14:40:51.516 24222 24222 I PermissionManager: camera remind result:true
11-06 14:40:51.516 24222 24222 I Camera  : open camera: 0, package name: symlab.cloudridar.arhud
11-06 14:40:51.516 24222 24222 I BackgroundPermManager: pkgName: symlab.cloudridar.arhud,pid: 24222 ,uidOf3RdApk: 10149 ,permType: 0 ,permCfg: 1
11-06 14:40:51.517 24222 24222 I HwCameraUtil: notifySurfaceFlingerCameraStatus : isFront = false , isOpend = true
11-06 14:40:51.526 24222 24222 D ActivityThread: isOptEnabled=false isWechatScanOpt=false
11-06 14:40:51.530 24222 24222 I HwSecImmHelper: mSecurityInputMethodService is null
11-06 14:40:51.536 24222 24222 D OpenGLRenderer:   HWUI Binary is  enabled
11-06 14:40:51.561 24222 24279 D HiTouch_PressGestureDetector: onAttached, package=symlab.cloudridar.arhud, windowType=1, mHiTouchRestricted=false
11-06 14:40:51.571 24222 24273 I ConfigStore: android::hardware::configstore::V1_0::ISurfaceFlingerConfigs::hasWideColorDisplay retrieved: 0
11-06 14:40:51.571 24222 24273 I ConfigStore: android::hardware::configstore::V1_0::ISurfaceFlingerConfigs::hasHDRDisplay retrieved: 0
11-06 14:40:51.571 24222 24273 I iGraphics: [0020080c] pn: symlab.cloudridar.arhud, p: 24222
11-06 14:40:51.571 24222 24273 I OpenGLRenderer: Initialized EGL, version 1.4, mEglDisplay 0x1
11-06 14:40:51.571 24222 24273 D OpenGLRenderer: Swap behavior 2
11-06 14:40:51.581 24222 24273 D mali_winsys: EGLint new_window_surface(egl_winsys_display *, void *, EGLSurface, EGLConfig, egl_winsys_surface **, EGLBoolean) returns 0x3000
11-06 14:40:51.589 24222 24222 I Poster  :  surfaceCreated() called.
11-06 14:40:51.589 24222 24222 I Poster  : initPreview() called
11-06 14:40:51.594 24222 24222 I PermissionManager: camera remind result:true
11-06 14:40:51.598 24222 24222 I Poster  :  surfaceChanged() called.
11-06 14:40:51.612 24222 24222 W InputMethodManager: startInputReason = 1
11-06 14:40:51.627 24222 24222 W InputMethodManager: startInputReason = 5
11-06 14:40:51.881 24222 24256 D Evaluation: metadata 1 sent 
11-06 14:40:51.907 24222 24256 D Evaluation: metadata 2 sent 
11-06 14:40:51.943 24222 24256 D Evaluation: metadata 3 sent 
11-06 14:40:51.978 24222 24256 D Evaluation: metadata 4 sent 
11-06 14:40:52.013 24222 24256 D Evaluation: metadata 5 sent 
11-06 14:40:52.063 24222 24256 W System.err: java.net.SocketException: Message too long
11-06 14:40:52.063 24222 24256 W System.err: 	at sun.nio.ch.DatagramChannelImpl.send0(Native Method)
11-06 14:40:52.063 24222 24256 W System.err: 	at sun.nio.ch.DatagramChannelImpl.sendFromNativeBuffer(DatagramChannelImpl.java:573)
11-06 14:40:52.063 24222 24256 W System.err: 	at sun.nio.ch.DatagramChannelImpl.send(DatagramChannelImpl.java:550)
11-06 14:40:52.063 24222 24256 W System.err: 	at sun.nio.ch.DatagramChannelImpl.send(DatagramChannelImpl.java:514)
11-06 14:40:52.063 24222 24256 W System.err: 	at symlab.CloudAR.network.TransmissionTask.run(TransmissionTask.java:124)
11-06 14:40:52.063 24222 24256 W System.err: 	at android.os.Handler.handleCallback(Handler.java:907)
11-06 14:40:52.063 24222 24256 W System.err: 	at android.os.Handler.dispatchMessage(Handler.java:105)
11-06 14:40:52.063 24222 24256 W System.err: 	at android.os.Looper.loop(Looper.java:216)
11-06 14:40:52.063 24222 24256 W System.err: 	at android.os.HandlerThread.run(HandlerThread.java:65)
11-06 14:40:52.091 24222 24256 W System.err: java.net.SocketException: Message too long
11-06 14:40:52.091 24222 24256 W System.err: 	at sun.nio.ch.DatagramChannelImpl.send0(Native Method)
11-06 14:40:52.091 24222 24256 W System.err: 	at sun.nio.ch.DatagramChannelImpl.sendFromNativeBuffer(DatagramChannelImpl.java:573)
11-06 14:40:52.091 24222 24256 W System.err: 	at sun.nio.ch.DatagramChannelImpl.send(DatagramChannelImpl.java:550)
11-06 14:40:52.091 24222 24256 W System.err: 	at sun.nio.ch.DatagramChannelImpl.send(DatagramChannelImpl.java:514)
11-06 14:40:52.091 24222 24256 W System.err: 	at symlab.CloudAR.network.TransmissionTask.run(TransmissionTask.java:124)
11-06 14:40:52.091 24222 24256 W System.err: 	at android.os.Handler.handleCallback(Handler.java:907)
11-06 14:40:52.091 24222 24256 W System.err: 	at android.os.Handler.dispatchMessage(Handler.java:105)
11-06 14:40:52.091 24222 24256 W System.err: 	at android.os.Looper.loop(Looper.java:216)
11-06 14:40:52.091 24222 24256 W System.err: 	at android.os.HandlerThread.run(HandlerThread.java:65)
11-06 14:40:52.125 24222 24256 W System.err: java.net.SocketException: Message too long
11-06 14:40:52.126 24222 24256 W System.err: 	at sun.nio.ch.DatagramChannelImpl.send0(Native Method)
11-06 14:40:52.126 24222 24256 W System.err: 	at sun.nio.ch.DatagramChannelImpl.sendFromNativeBuffer(DatagramChannelImpl.java:573)
11-06 14:40:52.126 24222 24256 W System.err: 	at sun.nio.ch.DatagramChannelImpl.send(DatagramChannelImpl.java:550)
11-06 14:40:52.126 24222 24256 W System.err: 	at sun.nio.ch.DatagramChannelImpl.send(DatagramChannelImpl.java:514)
11-06 14:40:52.126 24222 24256 W System.err: 	at symlab.CloudAR.network.TransmissionTask.run(TransmissionTask.java:124)
11-06 14:40:52.126 24222 24256 W System.err: 	at android.os.Handler.handleCallback(Handler.java:907)
11-06 14:40:52.126 24222 24256 W System.err: 	at android.os.Handler.dispatchMessage(Handler.java:105)
11-06 14:40:52.126 24222 24256 W System.err: 	at android.os.Looper.loop(Looper.java:216)
11-06 14:40:52.126 24222 24256 W System.err: 	at android.os.HandlerThread.run(HandlerThread.java:65)
11-06 14:40:52.158 24222 24256 W System.err: java.net.SocketException: Message too long
11-06 14:40:52.158 24222 24256 W System.err: 	at sun.nio.ch.DatagramChannelImpl.send0(Native Method)
11-06 14:40:52.158 24222 24256 W System.err: 	at sun.nio.ch.DatagramChannelImpl.sendFromNativeBuffer(DatagramChannelImpl.java:573)
11-06 14:40:52.158 24222 24256 W System.err: 	at sun.nio.ch.DatagramChannelImpl.send(DatagramChannelImpl.java:550)
11-06 14:40:52.158 24222 24256 W System.err: 	at sun.nio.ch.DatagramChannelImpl.send(DatagramChannelImpl.java:514)
11-06 14:40:52.158 24222 24256 W System.err: 	at symlab.CloudAR.network.TransmissionTask.run(TransmissionTask.java:124)
11-06 14:40:52.158 24222 24256 W System.err: 	at android.os.Handler.handleCallback(Handler.java:907)
11-06 14:40:52.158 24222 24256 W System.err: 	at android.os.Handler.dispatchMessage(Handler.java:105)
11-06 14:40:52.158 24222 24256 W System.err: 	at android.os.Looper.loop(Looper.java:216)
11-06 14:40:52.158 24222 24256 W System.err: 	at android.os.HandlerThread.run(HandlerThread.java:65)
11-06 14:40:52.195 24222 24256 W System.err: java.net.SocketException: Message too long
11-06 14:40:52.195 24222 24256 W System.err: 	at sun.nio.ch.DatagramChannelImpl.send0(Native Method)
11-06 14:40:52.195 24222 24256 W System.err: 	at sun.nio.ch.DatagramChannelImpl.sendFromNativeBuffer(DatagramChannelImpl.java:573)
11-06 14:40:52.195 24222 24256 W System.err: 	at sun.nio.ch.DatagramChannelImpl.send(DatagramChannelImpl.java:550)
11-06 14:40:52.195 24222 24256 W System.err: 	at sun.nio.ch.DatagramChannelImpl.send(DatagramChannelImpl.java:514)
11-06 14:40:52.195 24222 24256 W System.err: 	at symlab.CloudAR.network.TransmissionTask.run(TransmissionTask.java:124)
11-06 14:40:52.195 24222 24256 W System.err: 	at android.os.Handler.handleCallback(Handler.java:907)
11-06 14:40:52.195 24222 24256 W System.err: 	at android.os.Handler.dispatchMessage(Handler.java:105)
11-06 14:40:52.195 24222 24256 W System.err: 	at android.os.Looper.loop(Looper.java:216)
11-06 14:40:52.196 24222 24256 W System.err: 	at android.os.HandlerThread.run(HandlerThread.java:65)
11-06 14:40:52.227 24222 24234 E         : [ZeroHung]zrhung_get_config: Get config failed for wp[0x0008]
11-06 14:40:52.227 24222 24256 W System.err: java.net.SocketException: Message too long
11-06 14:40:52.227 24222 24256 W System.err: 	at sun.nio.ch.DatagramChannelImpl.send0(Native Method)
11-06 14:40:52.227 24222 24256 W System.err: 	at sun.nio.ch.DatagramChannelImpl.sendFromNativeBuffer(DatagramChannelImpl.java:573)
11-06 14:40:52.228 24222 24256 W System.err: 	at sun.nio.ch.DatagramChannelImpl.send(DatagramChannelImpl.java:550)
11-06 14:40:52.228 24222 24256 W System.err: 	at sun.nio.ch.DatagramChannelImpl.send(DatagramChannelImpl.java:514)
11-06 14:40:52.228 24222 24256 W System.err: 	at symlab.CloudAR.network.TransmissionTask.run(TransmissionTask.java:124)
11-06 14:40:52.228 24222 24256 W System.err: 	at android.os.Handler.handleCallback(Handler.java:907)
11-06 14:40:52.228 24222 24256 W System.err: 	at android.os.Handler.dispatchMessage(Handler.java:105)
11-06 14:40:52.228 24222 24256 W System.err: 	at android.os.Looper.loop(Looper.java:216)
11-06 14:40:52.228 24222 24256 W System.err: 	at android.os.HandlerThread.run(HandlerThread.java:65)
11-06 14:40:52.264 24222 24256 W System.err: java.net.SocketException: Message too long
11-06 14:40:52.264 24222 24256 W System.err: 	at sun.nio.ch.DatagramChannelImpl.send0(Native Method)
11-06 14:40:52.264 24222 24256 W System.err: 	at sun.nio.ch.DatagramChannelImpl.sendFromNativeBuffer(DatagramChannelImpl.java:573)
11-06 14:40:52.264 24222 24256 W System.err: 	at sun.nio.ch.DatagramChannelImpl.send(DatagramChannelImpl.java:550)
11-06 14:40:52.264 24222 24256 W System.err: 	at sun.nio.ch.DatagramChannelImpl.send(DatagramChannelImpl.java:514)
11-06 14:40:52.264 24222 24256 W System.err: 	at symlab.CloudAR.network.TransmissionTask.run(TransmissionTask.java:124)
11-06 14:40:52.265 24222 24256 W System.err: 	at android.os.Handler.handleCallback(Handler.java:907)
11-06 14:40:52.265 24222 24256 W System.err: 	at android.os.Handler.dispatchMessage(Handler.java:105)
11-06 14:40:52.265 24222 24256 W System.err: 	at android.os.Looper.loop(Looper.java:216)
11-06 14:40:52.265 24222 24256 W System.err: 	at android.os.HandlerThread.run(HandlerThread.java:65)
11-06 14:40:52.291 24222 24256 W System.err: java.net.SocketException: Message too long
11-06 14:40:52.292 24222 24256 W System.err: 	at sun.nio.ch.DatagramChannelImpl.send0(Native Method)
11-06 14:40:52.292 24222 24256 W System.err: 	at sun.nio.ch.DatagramChannelImpl.sendFromNativeBuffer(DatagramChannelImpl.java:573)
11-06 14:40:52.292 24222 24256 W System.err: 	at sun.nio.ch.DatagramChannelImpl.send(DatagramChannelImpl.java:550)
11-06 14:40:52.292 24222 24256 W System.err: 	at sun.nio.ch.DatagramChannelImpl.send(DatagramChannelImpl.java:514)
11-06 14:40:52.292 24222 24256 W System.err: 	at symlab.CloudAR.network.TransmissionTask.run(TransmissionTask.java:124)
11-06 14:40:52.292 24222 24256 W System.err: 	at android.os.Handler.handleCallback(Handler.java:907)
11-06 14:40:52.292 24222 24256 W System.err: 	at android.os.Handler.dispatchMessage(Handler.java:105)
11-06 14:40:52.292 24222 24256 W System.err: 	at android.os.Looper.loop(Looper.java:216)
11-06 14:40:52.292 24222 24256 W System.err: 	at android.os.HandlerThread.run(HandlerThread.java:65)
11-06 14:40:52.326 24222 24256 W System.err: java.net.SocketException: Message too long
11-06 14:40:52.326 24222 24256 W System.err: 	at sun.nio.ch.DatagramChannelImpl.send0(Native Method)
11-06 14:40:52.326 24222 24256 W System.err: 	at sun.nio.ch.DatagramChannelImpl.sendFromNativeBuffer(DatagramChannelImpl.java:573)
11-06 14:40:52.326 24222 24256 W System.err: 	at sun.nio.ch.DatagramChannelImpl.send(DatagramChannelImpl.java:550)
11-06 14:40:52.326 24222 24256 W System.err: 	at sun.nio.ch.DatagramChannelImpl.send(DatagramChannelImpl.java:514)
11-06 14:40:52.326 24222 24256 W System.err: 	at symlab.CloudAR.network.TransmissionTask.run(TransmissionTask.java:124)
11-06 14:40:52.326 24222 24256 W System.err: 	at android.os.Handler.handleCallback(Handler.java:907)
11-06 14:40:52.326 24222 24256 W System.err: 	at android.os.Handler.dispatchMessage(Handler.java:105)
11-06 14:40:52.326 24222 24256 W System.err: 	at android.os.Looper.loop(Looper.java:216)
11-06 14:40:52.326 24222 24256 W System.err: 	at android.os.HandlerThread.run(HandlerThread.java:65)
11-06 14:40:52.360 24222 24256 W System.err: java.net.SocketException: Message too long
11-06 14:40:52.360 24222 24256 W System.err: 	at sun.nio.ch.DatagramChannelImpl.send0(Native Method)
11-06 14:40:52.360 24222 24256 W System.err: 	at sun.nio.ch.DatagramChannelImpl.sendFromNativeBuffer(DatagramChannelImpl.java:573)
11-06 14:40:52.360 24222 24256 W System.err: 	at sun.nio.ch.DatagramChannelImpl.send(DatagramChannelImpl.java:550)
11-06 14:40:52.360 24222 24256 W System.err: 	at sun.nio.ch.DatagramChannelImpl.send(DatagramChannelImpl.java:514)
11-06 14:40:52.360 24222 24256 W System.err: 	at symlab.CloudAR.network.TransmissionTask.run(TransmissionTask.java:124)
11-06 14:40:52.360 24222 24256 W System.err: 	at android.os.Handler.handleCallback(Handler.java:907)
11-06 14:40:52.361 24222 24256 W System.err: 	at android.os.Handler.dispatchMessage(Handler.java:105)
11-06 14:40:52.361 24222 24256 W System.err: 	at android.os.Looper.loop(Looper.java:216)
11-06 14:40:52.361 24222 24256 W System.err: 	at android.os.HandlerThread.run(HandlerThread.java:65)
11-06 14:40:52.393 24222 24256 W System.err: java.net.SocketException: Message too long
11-06 14:40:52.393 24222 24256 W System.err: 	at sun.nio.ch.DatagramChannelImpl.send0(Native Method)
11-06 14:40:52.393 24222 24256 W System.err: 	at sun.nio.ch.DatagramChannelImpl.sendFromNativeBuffer(DatagramChannelImpl.java:573)
11-06 14:40:52.393 24222 24256 W System.err: 	at sun.nio.ch.DatagramChannelImpl.send(DatagramChannelImpl.java:550)
11-06 14:40:52.393 24222 24256 W System.err: 	at sun.nio.ch.DatagramChannelImpl.send(DatagramChannelImpl.java:514)
11-06 14:40:52.393 24222 24256 W System.err: 	at symlab.CloudAR.network.TransmissionTask.run(TransmissionTask.java:124)
11-06 14:40:52.393 24222 24256 W System.err: 	at android.os.Handler.handleCallback(Handler.java:907)
11-06 14:40:52.394 24222 24256 W System.err: 	at android.os.Handler.dispatchMessage(Handler.java:105)
11-06 14:40:52.394 24222 24256 W System.err: 	at android.os.Looper.loop(Looper.java:216)
11-06 14:40:52.394 24222 24256 W System.err: 	at android.os.HandlerThread.run(HandlerThread.java:65)
11-06 14:40:52.428 24222 24256 W System.err: java.net.SocketException: Message too long
11-06 14:40:52.428 24222 24256 W System.err: 	at sun.nio.ch.DatagramChannelImpl.send0(Native Method)
11-06 14:40:52.428 24222 24256 W System.err: 	at sun.nio.ch.DatagramChannelImpl.sendFromNativeBuffer(DatagramChannelImpl.java:573)
11-06 14:40:52.428 24222 24256 W System.err: 	at sun.nio.ch.DatagramChannelImpl.send(DatagramChannelImpl.java:550)
11-06 14:40:52.428 24222 24256 W System.err: 	at sun.nio.ch.DatagramChannelImpl.send(DatagramChannelImpl.java:514)
11-06 14:40:52.428 24222 24256 W System.err: 	at symlab.CloudAR.network.TransmissionTask.run(TransmissionTask.java:124)
11-06 14:40:52.428 24222 24256 W System.err: 	at android.os.Handler.handleCallback(Handler.java:907)
11-06 14:40:52.428 24222 24256 W System.err: 	at android.os.Handler.dispatchMessage(Handler.java:105)
11-06 14:40:52.428 24222 24256 W System.err: 	at android.os.Looper.loop(Looper.java:216)
11-06 14:40:52.428 24222 24256 W System.err: 	at android.os.HandlerThread.run(HandlerThread.java:65)
11-06 14:40:52.464 24222 24256 W System.err: java.net.SocketException: Message too long
11-06 14:40:52.464 24222 24256 W System.err: 	at sun.nio.ch.DatagramChannelImpl.send0(Native Method)
11-06 14:40:52.464 24222 24256 W System.err: 	at sun.nio.ch.DatagramChannelImpl.sendFromNativeBuffer(DatagramChannelImpl.java:573)
11-06 14:40:52.464 24222 24256 W System.err: 	at sun.nio.ch.DatagramChannelImpl.send(DatagramChannelImpl.java:550)
11-06 14:40:52.464 24222 24256 W System.err: 	at sun.nio.ch.DatagramChannelImpl.send(DatagramChannelImpl.java:514)
11-06 14:40:52.464 24222 24256 W System.err: 	at symlab.CloudAR.network.TransmissionTask.run(TransmissionTask.java:124)
11-06 14:40:52.464 24222 24256 W System.err: 	at android.os.Handler.handleCallback(Handler.java:907)
11-06 14:40:52.464 24222 24256 W System.err: 	at android.os.Handler.dispatchMessage(Handler.java:105)
11-06 14:40:52.464 24222 24256 W System.err: 	at android.os.Looper.loop(Looper.java:216)
11-06 14:40:52.464 24222 24256 W System.err: 	at android.os.HandlerThread.run(HandlerThread.java:65)
11-06 14:40:52.495 24222 24256 W System.err: java.net.SocketException: Message too long
11-06 14:40:52.495 24222 24256 W System.err: 	at sun.nio.ch.DatagramChannelImpl.send0(Native Method)
11-06 14:40:52.496 24222 24256 W System.err: 	at sun.nio.ch.DatagramChannelImpl.sendFromNativeBuffer(DatagramChannelImpl.java:573)
11-06 14:40:52.496 24222 24256 W System.err: 	at sun.nio.ch.DatagramChannelImpl.send(DatagramChannelImpl.java:550)
11-06 14:40:52.496 24222 24256 W System.err: 	at sun.nio.ch.DatagramChannelImpl.send(DatagramChannelImpl.java:514)
11-06 14:40:52.496 24222 24256 W System.err: 	at symlab.CloudAR.network.TransmissionTask.run(TransmissionTask.java:124)
11-06 14:40:52.496 24222 24256 W System.err: 	at android.os.Handler.handleCallback(Handler.java:907)
11-06 14:40:52.496 24222 24256 W System.err: 	at android.os.Handler.dispatchMessage(Handler.java:105)
11-06 14:40:52.496 24222 24256 W System.err: 	at android.os.Looper.loop(Looper.java:216)
11-06 14:40:52.496 24222 24256 W System.err: 	at android.os.HandlerThread.run(HandlerThread.java:65)
11-06 14:40:52.528 24222 24256 W System.err: java.net.SocketException: Message too long
11-06 14:40:52.528 24222 24256 W System.err: 	at sun.nio.ch.DatagramChannelImpl.send0(Native Method)
11-06 14:40:52.528 24222 24256 W System.err: 	at sun.nio.ch.DatagramChannelImpl.sendFromNativeBuffer(DatagramChannelImpl.java:573)
11-06 14:40:52.528 24222 24256 W System.err: 	at sun.nio.ch.DatagramChannelImpl.send(DatagramChannelImpl.java:550)
11-06 14:40:52.528 24222 24256 W System.err: 	at sun.nio.ch.DatagramChannelImpl.send(DatagramChannelImpl.java:514)
11-06 14:40:52.528 24222 24256 W System.err: 	at symlab.CloudAR.network.TransmissionTask.run(TransmissionTask.java:124)
11-06 14:40:52.528 24222 24256 W System.err: 	at android.os.Handler.handleCallback(Handler.java:907)
11-06 14:40:52.528 24222 24256 W System.err: 	at android.os.Handler.dispatchMessage(Handler.java:105)
11-06 14:40:52.528 24222 24256 W System.err: 	at android.os.Looper.loop(Looper.java:216)
11-06 14:40:52.529 24222 24256 W System.err: 	at android.os.HandlerThread.run(HandlerThread.java:65)
11-06 14:40:52.563 24222 24256 W System.err: java.net.SocketException: Message too long
11-06 14:40:52.563 24222 24256 W System.err: 	at sun.nio.ch.DatagramChannelImpl.send0(Native Method)
11-06 14:40:52.563 24222 24256 W System.err: 	at sun.nio.ch.DatagramChannelImpl.sendFromNativeBuffer(DatagramChannelImpl.java:573)
11-06 14:40:52.563 24222 24256 W System.err: 	at sun.nio.ch.DatagramChannelImpl.send(DatagramChannelImpl.java:550)
11-06 14:40:52.563 24222 24256 W System.err: 	at sun.nio.ch.DatagramChannelImpl.send(DatagramChannelImpl.java:514)
11-06 14:40:52.564 24222 24256 W System.err: 	at symlab.CloudAR.network.TransmissionTask.run(TransmissionTask.java:124)
11-06 14:40:52.564 24222 24256 W System.err: 	at android.os.Handler.handleCallback(Handler.java:907)
11-06 14:40:52.564 24222 24256 W System.err: 	at android.os.Handler.dispatchMessage(Handler.java:105)
11-06 14:40:52.564 24222 24256 W System.err: 	at android.os.Looper.loop(Looper.java:216)
11-06 14:40:52.564 24222 24256 W System.err: 	at android.os.HandlerThread.run(HandlerThread.java:65)
11-06 14:40:52.595 24222 24256 W System.err: java.net.SocketException: Message too long
11-06 14:40:52.595 24222 24256 W System.err: 	at sun.nio.ch.DatagramChannelImpl.send0(Native Method)
11-06 14:40:52.595 24222 24256 W System.err: 	at sun.nio.ch.DatagramChannelImpl.sendFromNativeBuffer(DatagramChannelImpl.java:573)
11-06 14:40:52.595 24222 24256 W System.err: 	at sun.nio.ch.DatagramChannelImpl.send(DatagramChannelImpl.java:550)
11-06 14:40:52.595 24222 24256 W System.err: 	at sun.nio.ch.DatagramChannelImpl.send(DatagramChannelImpl.java:514)
11-06 14:40:52.595 24222 24256 W System.err: 	at symlab.CloudAR.network.TransmissionTask.run(TransmissionTask.java:124)
11-06 14:40:52.595 24222 24256 W System.err: 	at android.os.Handler.handleCallback(Handler.java:907)
11-06 14:40:52.595 24222 24256 W System.err: 	at android.os.Handler.dispatchMessage(Handler.java:105)
11-06 14:40:52.595 24222 24256 W System.err: 	at android.os.Looper.loop(Looper.java:216)
11-06 14:40:52.595 24222 24256 W System.err: 	at android.os.HandlerThread.run(HandlerThread.java:65)
11-06 14:40:52.633 24222 24256 W System.err: java.net.SocketException: Message too long
11-06 14:40:52.633 24222 24256 W System.err: 	at sun.nio.ch.DatagramChannelImpl.send0(Native Method)
11-06 14:40:52.633 24222 24256 W System.err: 	at sun.nio.ch.DatagramChannelImpl.sendFromNativeBuffer(DatagramChannelImpl.java:573)
11-06 14:40:52.633 24222 24256 W System.err: 	at sun.nio.ch.DatagramChannelImpl.send(DatagramChannelImpl.java:550)
11-06 14:40:52.633 24222 24256 W System.err: 	at sun.nio.ch.DatagramChannelImpl.send(DatagramChannelImpl.java:514)
11-06 14:40:52.633 24222 24256 W System.err: 	at symlab.CloudAR.network.TransmissionTask.run(TransmissionTask.java:124)
11-06 14:40:52.633 24222 24256 W System.err: 	at android.os.Handler.handleCallback(Handler.java:907)
11-06 14:40:52.633 24222 24256 W System.err: 	at android.os.Handler.dispatchMessage(Handler.java:105)
11-06 14:40:52.633 24222 24256 W System.err: 	at android.os.Looper.loop(Looper.java:216)
11-06 14:40:52.634 24222 24256 W System.err: 	at android.os.HandlerThread.run(HandlerThread.java:65)
11-06 14:40:52.667 24222 24256 W System.err: java.net.SocketException: Message too long
11-06 14:40:52.667 24222 24256 W System.err: 	at sun.nio.ch.DatagramChannelImpl.send0(Native Method)
11-06 14:40:52.667 24222 24256 W System.err: 	at sun.nio.ch.DatagramChannelImpl.sendFromNativeBuffer(DatagramChannelImpl.java:573)
11-06 14:40:52.667 24222 24256 W System.err: 	at sun.nio.ch.DatagramChannelImpl.send(DatagramChannelImpl.java:550)
11-06 14:40:52.667 24222 24256 W System.err: 	at sun.nio.ch.DatagramChannelImpl.send(DatagramChannelImpl.java:514)
11-06 14:40:52.667 24222 24256 W System.err: 	at symlab.CloudAR.network.TransmissionTask.run(TransmissionTask.java:124)
11-06 14:40:52.667 24222 24256 W System.err: 	at android.os.Handler.handleCallback(Handler.java:907)
11-06 14:40:52.667 24222 24256 W System.err: 	at android.os.Handler.dispatchMessage(Handler.java:105)
11-06 14:40:52.667 24222 24256 W System.err: 	at android.os.Looper.loop(Looper.java:216)
11-06 14:40:52.667 24222 24256 W System.err: 	at android.os.HandlerThread.run(HandlerThread.java:65)
11-06 14:40:52.689 24222 24222 D Poster  : At 1573044052689 location is 65.05801680325827 (latitude), and 25.467704869136238 (longitude)
11-06 14:40:52.692 24222 24222 D Poster  : Connected to mobile network 20
11-06 14:40:52.699 24222 24256 W System.err: java.net.SocketException: Message too long
11-06 14:40:52.699 24222 24256 W System.err: 	at sun.nio.ch.DatagramChannelImpl.send0(Native Method)
11-06 14:40:52.699 24222 24256 W System.err: 	at sun.nio.ch.DatagramChannelImpl.sendFromNativeBuffer(DatagramChannelImpl.java:573)
11-06 14:40:52.699 24222 24256 W System.err: 	at sun.nio.ch.DatagramChannelImpl.send(DatagramChannelImpl.java:550)
11-06 14:40:52.699 24222 24256 W System.err: 	at sun.nio.ch.DatagramChannelImpl.send(DatagramChannelImpl.java:514)
11-06 14:40:52.699 24222 24256 W System.err: 	at symlab.CloudAR.network.TransmissionTask.run(TransmissionTask.java:124)
11-06 14:40:52.699 24222 24256 W System.err: 	at android.os.Handler.handleCallback(Handler.java:907)
11-06 14:40:52.699 24222 24256 W System.err: 	at android.os.Handler.dispatchMessage(Handler.java:105)
11-06 14:40:52.699 24222 24256 W System.err: 	at android.os.Looper.loop(Looper.java:216)
11-06 14:40:52.699 24222 24256 W System.err: 	at android.os.HandlerThread.run(HandlerThread.java:65)
11-06 14:40:52.732 24222 24256 W System.err: java.net.SocketException: Message too long
11-06 14:40:52.732 24222 24256 W System.err: 	at sun.nio.ch.DatagramChannelImpl.send0(Native Method)
11-06 14:40:52.733 24222 24256 W System.err: 	at sun.nio.ch.DatagramChannelImpl.sendFromNativeBuffer(DatagramChannelImpl.java:573)
11-06 14:40:52.733 24222 24256 W System.err: 	at sun.nio.ch.DatagramChannelImpl.send(DatagramChannelImpl.java:550)
11-06 14:40:52.733 24222 24256 W System.err: 	at sun.nio.ch.DatagramChannelImpl.send(DatagramChannelImpl.java:514)
11-06 14:40:52.733 24222 24256 W System.err: 	at symlab.CloudAR.network.TransmissionTask.run(TransmissionTask.java:124)
11-06 14:40:52.733 24222 24256 W System.err: 	at android.os.Handler.handleCallback(Handler.java:907)
11-06 14:40:52.733 24222 24256 W System.err: 	at android.os.Handler.dispatchMessage(Handler.java:105)
11-06 14:40:52.733 24222 24256 W System.err: 	at android.os.Looper.loop(Looper.java:216)
11-06 14:40:52.733 24222 24256 W System.err: 	at android.os.HandlerThread.run(HandlerThread.java:65)
11-06 14:40:52.764 24222 24256 W System.err: java.net.SocketException: Message too long
11-06 14:40:52.764 24222 24256 W System.err: 	at sun.nio.ch.DatagramChannelImpl.send0(Native Method)
11-06 14:40:52.764 24222 24256 W System.err: 	at sun.nio.ch.DatagramChannelImpl.sendFromNativeBuffer(DatagramChannelImpl.java:573)
11-06 14:40:52.764 24222 24256 W System.err: 	at sun.nio.ch.DatagramChannelImpl.send(DatagramChannelImpl.java:550)
11-06 14:40:52.764 24222 24256 W System.err: 	at sun.nio.ch.DatagramChannelImpl.send(DatagramChannelImpl.java:514)
11-06 14:40:52.764 24222 24256 W System.err: 	at symlab.CloudAR.network.TransmissionTask.run(TransmissionTask.java:124)
11-06 14:40:52.764 24222 24256 W System.err: 	at android.os.Handler.handleCallback(Handler.java:907)
11-06 14:40:52.764 24222 24256 W System.err: 	at android.os.Handler.dispatchMessage(Handler.java:105)
11-06 14:40:52.764 24222 24256 W System.err: 	at android.os.Looper.loop(Looper.java:216)
11-06 14:40:52.764 24222 24256 W System.err: 	at android.os.HandlerThread.run(HandlerThread.java:65)
11-06 14:40:52.796 24222 24256 W System.err: java.net.SocketException: Message too long
11-06 14:40:52.796 24222 24256 W System.err: 	at sun.nio.ch.DatagramChannelImpl.send0(Native Method)
11-06 14:40:52.796 24222 24256 W System.err: 	at sun.nio.ch.DatagramChannelImpl.sendFromNativeBuffer(DatagramChannelImpl.java:573)
11-06 14:40:52.796 24222 24256 W System.err: 	at sun.nio.ch.DatagramChannelImpl.send(DatagramChannelImpl.java:550)
11-06 14:40:52.796 24222 24256 W System.err: 	at sun.nio.ch.DatagramChannelImpl.send(DatagramChannelImpl.java:514)
11-06 14:40:52.796 24222 24256 W System.err: 	at symlab.CloudAR.network.TransmissionTask.run(TransmissionTask.java:124)
11-06 14:40:52.797 24222 24256 W System.err: 	at android.os.Handler.handleCallback(Handler.java:907)
11-06 14:40:52.797 24222 24256 W System.err: 	at android.os.Handler.dispatchMessage(Handler.java:105)
11-06 14:40:52.797 24222 24256 W System.err: 	at android.os.Looper.loop(Looper.java:216)
11-06 14:40:52.797 24222 24256 W System.err: 	at android.os.HandlerThread.run(HandlerThread.java:65)
11-06 14:40:52.842 24222 24256 W System.err: java.net.SocketException: Message too long
11-06 14:40:52.842 24222 24256 W System.err: 	at sun.nio.ch.DatagramChannelImpl.send0(Native Method)
11-06 14:40:52.842 24222 24256 W System.err: 	at sun.nio.ch.DatagramChannelImpl.sendFromNativeBuffer(DatagramChannelImpl.java:573)
11-06 14:40:52.842 24222 24256 W System.err: 	at sun.nio.ch.DatagramChannelImpl.send(DatagramChannelImpl.java:550)
11-06 14:40:52.842 24222 24256 W System.err: 	at sun.nio.ch.DatagramChannelImpl.send(DatagramChannelImpl.java:514)
11-06 14:40:52.842 24222 24256 W System.err: 	at symlab.CloudAR.network.TransmissionTask.run(TransmissionTask.java:124)
11-06 14:40:52.842 24222 24256 W System.err: 	at android.os.Handler.handleCallback(Handler.java:907)
11-06 14:40:52.842 24222 24256 W System.err: 	at android.os.Handler.dispatchMessage(Handler.java:105)
11-06 14:40:52.842 24222 24256 W System.err: 	at android.os.Looper.loop(Looper.java:216)
11-06 14:40:52.842 24222 24256 W System.err: 	at android.os.HandlerThread.run(HandlerThread.java:65)
11-06 14:40:52.847 24222 24222 D Poster  : At 1573044052847 location is 65.05873803968049 (latitude), and 25.46682582087647 (longitude)
11-06 14:40:52.849 24222 24222 D Poster  : Connected to mobile network 20
11-06 14:40:52.872 24222 24256 W System.err: java.net.SocketException: Message too long
11-06 14:40:52.872 24222 24256 W System.err: 	at sun.nio.ch.DatagramChannelImpl.send0(Native Method)
11-06 14:40:52.872 24222 24256 W System.err: 	at sun.nio.ch.DatagramChannelImpl.sendFromNativeBuffer(DatagramChannelImpl.java:573)
11-06 14:40:52.872 24222 24256 W System.err: 	at sun.nio.ch.DatagramChannelImpl.send(DatagramChannelImpl.java:550)
11-06 14:40:52.872 24222 24256 W System.err: 	at sun.nio.ch.DatagramChannelImpl.send(DatagramChannelImpl.java:514)
11-06 14:40:52.873 24222 24256 W System.err: 	at symlab.CloudAR.network.TransmissionTask.run(TransmissionTask.java:124)
11-06 14:40:52.873 24222 24256 W System.err: 	at android.os.Handler.handleCallback(Handler.java:907)
11-06 14:40:52.873 24222 24256 W System.err: 	at android.os.Handler.dispatchMessage(Handler.java:105)
11-06 14:40:52.873 24222 24256 W System.err: 	at android.os.Looper.loop(Looper.java:216)
11-06 14:40:52.873 24222 24256 W System.err: 	at android.os.HandlerThread.run(HandlerThread.java:65)
11-06 14:40:52.902 24222 24234 E         : [ZeroHung]zrhung_get_config: Get config failed for wp[0x0008]
11-06 14:40:52.903 24222 24256 W System.err: java.net.SocketException: Message too long
11-06 14:40:52.903 24222 24256 W System.err: 	at sun.nio.ch.DatagramChannelImpl.send0(Native Method)
11-06 14:40:52.903 24222 24256 W System.err: 	at sun.nio.ch.DatagramChannelImpl.sendFromNativeBuffer(DatagramChannelImpl.java:573)
11-06 14:40:52.903 24222 24256 W System.err: 	at sun.nio.ch.DatagramChannelImpl.send(DatagramChannelImpl.java:550)
11-06 14:40:52.903 24222 24256 W System.err: 	at sun.nio.ch.DatagramChannelImpl.send(DatagramChannelImpl.java:514)
11-06 14:40:52.903 24222 24256 W System.err: 	at symlab.CloudAR.network.TransmissionTask.run(TransmissionTask.java:124)
11-06 14:40:52.903 24222 24256 W System.err: 	at android.os.Handler.handleCallback(Handler.java:907)
11-06 14:40:52.903 24222 24256 W System.err: 	at android.os.Handler.dispatchMessage(Handler.java:105)
11-06 14:40:52.903 24222 24256 W System.err: 	at android.os.Looper.loop(Looper.java:216)
11-06 14:40:52.903 24222 24256 W System.err: 	at android.os.HandlerThread.run(HandlerThread.java:65)
11-06 14:40:52.940 24222 24256 W System.err: java.net.SocketException: Message too long
11-06 14:40:52.940 24222 24256 W System.err: 	at sun.nio.ch.DatagramChannelImpl.send0(Native Method)
11-06 14:40:52.940 24222 24256 W System.err: 	at sun.nio.ch.DatagramChannelImpl.sendFromNativeBuffer(DatagramChannelImpl.java:573)
11-06 14:40:52.940 24222 24256 W System.err: 	at sun.nio.ch.DatagramChannelImpl.send(DatagramChannelImpl.java:550)
11-06 14:40:52.940 24222 24256 W System.err: 	at sun.nio.ch.DatagramChannelImpl.send(DatagramChannelImpl.java:514)
11-06 14:40:52.940 24222 24256 W System.err: 	at symlab.CloudAR.network.TransmissionTask.run(TransmissionTask.java:124)
11-06 14:40:52.940 24222 24256 W System.err: 	at android.os.Handler.handleCallback(Handler.java:907)
11-06 14:40:52.940 24222 24256 W System.err: 	at android.os.Handler.dispatchMessage(Handler.java:105)
11-06 14:40:52.940 24222 24256 W System.err: 	at android.os.Looper.loop(Looper.java:216)
11-06 14:40:52.940 24222 24256 W System.err: 	at android.os.HandlerThread.run(HandlerThread.java:65)
11-06 14:40:52.978 24222 24256 W System.err: java.net.SocketException: Message too long
11-06 14:40:52.978 24222 24256 W System.err: 	at sun.nio.ch.DatagramChannelImpl.send0(Native Method)
11-06 14:40:52.978 24222 24256 W System.err: 	at sun.nio.ch.DatagramChannelImpl.sendFromNativeBuffer(DatagramChannelImpl.java:573)
11-06 14:40:52.978 24222 24256 W System.err: 	at sun.nio.ch.DatagramChannelImpl.send(DatagramChannelImpl.java:550)
11-06 14:40:52.978 24222 24256 W System.err: 	at sun.nio.ch.DatagramChannelImpl.send(DatagramChannelImpl.java:514)
11-06 14:40:52.979 24222 24256 W System.err: 	at symlab.CloudAR.network.TransmissionTask.run(TransmissionTask.java:124)
11-06 14:40:52.979 24222 24256 W System.err: 	at android.os.Handler.handleCallback(Handler.java:907)
11-06 14:40:52.979 24222 24256 W System.err: 	at android.os.Handler.dispatchMessage(Handler.java:105)
11-06 14:40:52.979 24222 24256 W System.err: 	at android.os.Looper.loop(Looper.java:216)
11-06 14:40:52.979 24222 24256 W System.err: 	at android.os.HandlerThread.run(HandlerThread.java:65)
11-06 14:40:53.022 24222 24256 D Evaluation: Frame 34 sent at 1573044053022
11-06 14:40:53.045 24222 24256 D Evaluation: Frame 35 sent at 1573044053045
11-06 14:40:53.086 24222 24256 D Evaluation: Frame 36 sent at 1573044053086
11-06 14:40:53.115 24222 24256 D Evaluation: Frame 37 sent at 1573044053115
11-06 14:40:53.202 24222 24256 D Evaluation: Frame 39 sent at 1573044053202
11-06 14:40:53.228 24222 24256 D Evaluation: Frame 39 sent at 1573044053228
11-06 14:40:53.249 24222 24256 D Evaluation: Frame 40 sent at 1573044053249
11-06 14:40:53.278 24222 24256 W System.err: java.net.SocketException: Message too long
11-06 14:40:53.278 24222 24256 W System.err: 	at sun.nio.ch.DatagramChannelImpl.send0(Native Method)
11-06 14:40:53.278 24222 24256 W System.err: 	at sun.nio.ch.DatagramChannelImpl.sendFromNativeBuffer(DatagramChannelImpl.java:573)
11-06 14:40:53.278 24222 24256 W System.err: 	at sun.nio.ch.DatagramChannelImpl.send(DatagramChannelImpl.java:550)
11-06 14:40:53.278 24222 24256 W System.err: 	at sun.nio.ch.DatagramChannelImpl.send(DatagramChannelImpl.java:514)
11-06 14:40:53.278 24222 24256 W System.err: 	at symlab.CloudAR.network.TransmissionTask.run(TransmissionTask.java:124)
11-06 14:40:53.278 24222 24256 W System.err: 	at android.os.Handler.handleCallback(Handler.java:907)
11-06 14:40:53.278 24222 24256 W System.err: 	at android.os.Handler.dispatchMessage(Handler.java:105)
11-06 14:40:53.278 24222 24256 W System.err: 	at android.os.Looper.loop(Looper.java:216)
11-06 14:40:53.278 24222 24256 W System.err: 	at android.os.HandlerThread.run(HandlerThread.java:65)
11-06 14:40:53.311 24222 24256 W System.err: java.net.SocketException: Message too long
11-06 14:40:53.312 24222 24256 W System.err: 	at sun.nio.ch.DatagramChannelImpl.send0(Native Method)
11-06 14:40:53.312 24222 24256 W System.err: 	at sun.nio.ch.DatagramChannelImpl.sendFromNativeBuffer(DatagramChannelImpl.java:573)
11-06 14:40:53.312 24222 24256 W System.err: 	at sun.nio.ch.DatagramChannelImpl.send(DatagramChannelImpl.java:550)
11-06 14:40:53.312 24222 24256 W System.err: 	at sun.nio.ch.DatagramChannelImpl.send(DatagramChannelImpl.java:514)
11-06 14:40:53.312 24222 24256 W System.err: 	at symlab.CloudAR.network.TransmissionTask.run(TransmissionTask.java:124)
11-06 14:40:53.312 24222 24256 W System.err: 	at android.os.Handler.handleCallback(Handler.java:907)
11-06 14:40:53.312 24222 24256 W System.err: 	at android.os.Handler.dispatchMessage(Handler.java:105)
11-06 14:40:53.312 24222 24256 W System.err: 	at android.os.Looper.loop(Looper.java:216)
11-06 14:40:53.312 24222 24256 W System.err: 	at android.os.HandlerThread.run(HandlerThread.java:65)
11-06 14:40:53.353 24222 24256 W System.err: java.net.SocketException: Message too long
11-06 14:40:53.353 24222 24256 W System.err: 	at sun.nio.ch.DatagramChannelImpl.send0(Native Method)
11-06 14:40:53.353 24222 24256 W System.err: 	at sun.nio.ch.DatagramChannelImpl.sendFromNativeBuffer(DatagramChannelImpl.java:573)
11-06 14:40:53.353 24222 24256 W System.err: 	at sun.nio.ch.DatagramChannelImpl.send(DatagramChannelImpl.java:550)
11-06 14:40:53.353 24222 24256 W System.err: 	at sun.nio.ch.DatagramChannelImpl.send(DatagramChannelImpl.java:514)
11-06 14:40:53.353 24222 24256 W System.err: 	at symlab.CloudAR.network.TransmissionTask.run(TransmissionTask.java:124)
11-06 14:40:53.353 24222 24256 W System.err: 	at android.os.Handler.handleCallback(Handler.java:907)
11-06 14:40:53.353 24222 24256 W System.err: 	at android.os.Handler.dispatchMessage(Handler.java:105)
11-06 14:40:53.354 24222 24256 W System.err: 	at android.os.Looper.loop(Looper.java:216)
11-06 14:40:53.354 24222 24256 W System.err: 	at android.os.HandlerThread.run(HandlerThread.java:65)
11-06 14:40:53.355 24222 24256 D Evaluation: 0 res for frame 34 received at 1573044053355
11-06 14:40:53.383 24222 24256 W System.err: java.net.SocketException: Message too long
11-06 14:40:53.383 24222 24256 W System.err: 	at sun.nio.ch.DatagramChannelImpl.send0(Native Method)
11-06 14:40:53.383 24222 24256 W System.err: 	at sun.nio.ch.DatagramChannelImpl.sendFromNativeBuffer(DatagramChannelImpl.java:573)
11-06 14:40:53.383 24222 24256 W System.err: 	at sun.nio.ch.DatagramChannelImpl.send(DatagramChannelImpl.java:550)
11-06 14:40:53.383 24222 24256 W System.err: 	at sun.nio.ch.DatagramChannelImpl.send(DatagramChannelImpl.java:514)
11-06 14:40:53.383 24222 24256 W System.err: 	at symlab.CloudAR.network.TransmissionTask.run(TransmissionTask.java:124)
11-06 14:40:53.383 24222 24256 W System.err: 	at android.os.Handler.handleCallback(Handler.java:907)
11-06 14:40:53.383 24222 24256 W System.err: 	at android.os.Handler.dispatchMessage(Handler.java:105)
11-06 14:40:53.383 24222 24256 W System.err: 	at android.os.Looper.loop(Looper.java:216)
11-06 14:40:53.383 24222 24256 W System.err: 	at android.os.HandlerThread.run(HandlerThread.java:65)
11-06 14:40:53.419 24222 24256 W System.err: java.net.SocketException: Message too long
11-06 14:40:53.419 24222 24256 W System.err: 	at sun.nio.ch.DatagramChannelImpl.send0(Native Method)
11-06 14:40:53.419 24222 24256 W System.err: 	at sun.nio.ch.DatagramChannelImpl.sendFromNativeBuffer(DatagramChannelImpl.java:573)
11-06 14:40:53.419 24222 24256 W System.err: 	at sun.nio.ch.DatagramChannelImpl.send(DatagramChannelImpl.java:550)
11-06 14:40:53.419 24222 24256 W System.err: 	at sun.nio.ch.DatagramChannelImpl.send(DatagramChannelImpl.java:514)
11-06 14:40:53.419 24222 24256 W System.err: 	at symlab.CloudAR.network.TransmissionTask.run(TransmissionTask.java:124)
11-06 14:40:53.419 24222 24256 W System.err: 	at android.os.Handler.handleCallback(Handler.java:907)
11-06 14:40:53.419 24222 24256 W System.err: 	at android.os.Handler.dispatchMessage(Handler.java:105)
11-06 14:40:53.419 24222 24256 W System.err: 	at android.os.Looper.loop(Looper.java:216)
11-06 14:40:53.419 24222 24256 W System.err: 	at android.os.HandlerThread.run(HandlerThread.java:65)
11-06 14:40:53.446 24222 24256 W System.err: java.net.SocketException: Message too long
11-06 14:40:53.446 24222 24256 W System.err: 	at sun.nio.ch.DatagramChannelImpl.send0(Native Method)
11-06 14:40:53.446 24222 24256 W System.err: 	at sun.nio.ch.DatagramChannelImpl.sendFromNativeBuffer(DatagramChannelImpl.java:573)
11-06 14:40:53.446 24222 24256 W System.err: 	at sun.nio.ch.DatagramChannelImpl.send(DatagramChannelImpl.java:550)
11-06 14:40:53.446 24222 24256 W System.err: 	at sun.nio.ch.DatagramChannelImpl.send(DatagramChannelImpl.java:514)
11-06 14:40:53.446 24222 24256 W System.err: 	at symlab.CloudAR.network.TransmissionTask.run(TransmissionTask.java:124)
11-06 14:40:53.446 24222 24256 W System.err: 	at android.os.Handler.handleCallback(Handler.java:907)
11-06 14:40:53.446 24222 24256 W System.err: 	at android.os.Handler.dispatchMessage(Handler.java:105)
11-06 14:40:53.446 24222 24256 W System.err: 	at android.os.Looper.loop(Looper.java:216)
11-06 14:40:53.446 24222 24256 W System.err: 	at android.os.HandlerThread.run(HandlerThread.java:65)
11-06 14:40:53.494 24222 24256 W System.err: java.net.SocketException: Message too long
11-06 14:40:53.494 24222 24256 W System.err: 	at sun.nio.ch.DatagramChannelImpl.send0(Native Method)
11-06 14:40:53.494 24222 24256 W System.err: 	at sun.nio.ch.DatagramChannelImpl.sendFromNativeBuffer(DatagramChannelImpl.java:573)
11-06 14:40:53.494 24222 24256 W System.err: 	at sun.nio.ch.DatagramChannelImpl.send(DatagramChannelImpl.java:550)
11-06 14:40:53.494 24222 24256 W System.err: 	at sun.nio.ch.DatagramChannelImpl.send(DatagramChannelImpl.java:514)
11-06 14:40:53.494 24222 24256 W System.err: 	at symlab.CloudAR.network.TransmissionTask.run(TransmissionTask.java:124)
11-06 14:40:53.494 24222 24256 W System.err: 	at android.os.Handler.handleCallback(Handler.java:907)
11-06 14:40:53.494 24222 24256 W System.err: 	at android.os.Handler.dispatchMessage(Handler.java:105)
11-06 14:40:53.494 24222 24256 W System.err: 	at android.os.Looper.loop(Looper.java:216)
11-06 14:40:53.494 24222 24256 W System.err: 	at android.os.HandlerThread.run(HandlerThread.java:65)
11-06 14:40:53.518 24222 24256 W System.err: java.net.SocketException: Message too long
11-06 14:40:53.518 24222 24256 W System.err: 	at sun.nio.ch.DatagramChannelImpl.send0(Native Method)
11-06 14:40:53.518 24222 24256 W System.err: 	at sun.nio.ch.DatagramChannelImpl.sendFromNativeBuffer(DatagramChannelImpl.java:573)
11-06 14:40:53.518 24222 24256 W System.err: 	at sun.nio.ch.DatagramChannelImpl.send(DatagramChannelImpl.java:550)
11-06 14:40:53.518 24222 24256 W System.err: 	at sun.nio.ch.DatagramChannelImpl.send(DatagramChannelImpl.java:514)
11-06 14:40:53.519 24222 24256 W System.err: 	at symlab.CloudAR.network.TransmissionTask.run(TransmissionTask.java:124)
11-06 14:40:53.519 24222 24256 W System.err: 	at android.os.Handler.handleCallback(Handler.java:907)
11-06 14:40:53.519 24222 24256 W System.err: 	at android.os.Handler.dispatchMessage(Handler.java:105)
11-06 14:40:53.519 24222 24256 W System.err: 	at android.os.Looper.loop(Looper.java:216)
11-06 14:40:53.519 24222 24256 W System.err: 	at android.os.HandlerThread.run(HandlerThread.java:65)
11-06 14:40:53.520 24222 24256 D Evaluation: 0 res for frame 35 received at 1573044053520
11-06 14:40:53.555 24222 24256 W System.err: java.net.SocketException: Message too long
11-06 14:40:53.555 24222 24256 W System.err: 	at sun.nio.ch.DatagramChannelImpl.send0(Native Method)
11-06 14:40:53.555 24222 24256 W System.err: 	at sun.nio.ch.DatagramChannelImpl.sendFromNativeBuffer(DatagramChannelImpl.java:573)
11-06 14:40:53.555 24222 24256 W System.err: 	at sun.nio.ch.DatagramChannelImpl.send(DatagramChannelImpl.java:550)
11-06 14:40:53.555 24222 24256 W System.err: 	at sun.nio.ch.DatagramChannelImpl.send(DatagramChannelImpl.java:514)
11-06 14:40:53.555 24222 24256 W System.err: 	at symlab.CloudAR.network.TransmissionTask.run(TransmissionTask.java:124)
11-06 14:40:53.555 24222 24256 W System.err: 	at android.os.Handler.handleCallback(Handler.java:907)
11-06 14:40:53.555 24222 24256 W System.err: 	at android.os.Handler.dispatchMessage(Handler.java:105)
11-06 14:40:53.556 24222 24256 W System.err: 	at android.os.Looper.loop(Looper.java:216)
11-06 14:40:53.556 24222 24256 W System.err: 	at android.os.HandlerThread.run(HandlerThread.java:65)
11-06 14:40:53.601 24222 24256 W System.err: java.net.SocketException: Message too long
11-06 14:40:53.601 24222 24256 W System.err: 	at sun.nio.ch.DatagramChannelImpl.send0(Native Method)
11-06 14:40:53.601 24222 24256 W System.err: 	at sun.nio.ch.DatagramChannelImpl.sendFromNativeBuffer(DatagramChannelImpl.java:573)
11-06 14:40:53.601 24222 24256 W System.err: 	at sun.nio.ch.DatagramChannelImpl.send(DatagramChannelImpl.java:550)
11-06 14:40:53.601 24222 24256 W System.err: 	at sun.nio.ch.DatagramChannelImpl.send(DatagramChannelImpl.java:514)
11-06 14:40:53.602 24222 24256 W System.err: 	at symlab.CloudAR.network.TransmissionTask.run(TransmissionTask.java:124)
11-06 14:40:53.602 24222 24256 W System.err: 	at android.os.Handler.handleCallback(Handler.java:907)
11-06 14:40:53.602 24222 24256 W System.err: 	at android.os.Handler.dispatchMessage(Handler.java:105)
11-06 14:40:53.602 24222 24256 W System.err: 	at android.os.Looper.loop(Looper.java:216)
11-06 14:40:53.602 24222 24256 W System.err: 	at android.os.HandlerThread.run(HandlerThread.java:65)
11-06 14:40:53.626 24222 24256 W System.err: java.net.SocketException: Message too long
11-06 14:40:53.626 24222 24256 W System.err: 	at sun.nio.ch.DatagramChannelImpl.send0(Native Method)
11-06 14:40:53.626 24222 24256 W System.err: 	at sun.nio.ch.DatagramChannelImpl.sendFromNativeBuffer(DatagramChannelImpl.java:573)
11-06 14:40:53.626 24222 24256 W System.err: 	at sun.nio.ch.DatagramChannelImpl.send(DatagramChannelImpl.java:550)
11-06 14:40:53.626 24222 24256 W System.err: 	at sun.nio.ch.DatagramChannelImpl.send(DatagramChannelImpl.java:514)
11-06 14:40:53.626 24222 24256 W System.err: 	at symlab.CloudAR.network.TransmissionTask.run(TransmissionTask.java:124)
11-06 14:40:53.626 24222 24256 W System.err: 	at android.os.Handler.handleCallback(Handler.java:907)
11-06 14:40:53.626 24222 24256 W System.err: 	at android.os.Handler.dispatchMessage(Handler.java:105)
11-06 14:40:53.626 24222 24256 W System.err: 	at android.os.Looper.loop(Looper.java:216)
11-06 14:40:53.626 24222 24256 W System.err: 	at android.os.HandlerThread.run(HandlerThread.java:65)
11-06 14:40:53.653 24222 24256 D Evaluation: Frame 52 sent at 1573044053653
11-06 14:40:53.697 24222 24256 W System.err: java.net.SocketException: Message too long
11-06 14:40:53.698 24222 24256 W System.err: 	at sun.nio.ch.DatagramChannelImpl.send0(Native Method)
11-06 14:40:53.698 24222 24256 W System.err: 	at sun.nio.ch.DatagramChannelImpl.sendFromNativeBuffer(DatagramChannelImpl.java:573)
11-06 14:40:53.698 24222 24256 W System.err: 	at sun.nio.ch.DatagramChannelImpl.send(DatagramChannelImpl.java:550)
11-06 14:40:53.698 24222 24256 W System.err: 	at sun.nio.ch.DatagramChannelImpl.send(DatagramChannelImpl.java:514)
11-06 14:40:53.698 24222 24256 W System.err: 	at symlab.CloudAR.network.TransmissionTask.run(TransmissionTask.java:124)
11-06 14:40:53.698 24222 24256 W System.err: 	at android.os.Handler.handleCallback(Handler.java:907)
11-06 14:40:53.698 24222 24256 W System.err: 	at android.os.Handler.dispatchMessage(Handler.java:105)
11-06 14:40:53.698 24222 24256 W System.err: 	at android.os.Looper.loop(Looper.java:216)
11-06 14:40:53.698 24222 24256 W System.err: 	at android.os.HandlerThread.run(HandlerThread.java:65)
11-06 14:40:53.721 24222 24256 D Evaluation: Frame 54 sent at 1573044053721
11-06 14:40:53.751 24222 24256 W System.err: java.net.SocketException: Message too long
11-06 14:40:53.752 24222 24256 W System.err: 	at sun.nio.ch.DatagramChannelImpl.send0(Native Method)
11-06 14:40:53.752 24222 24256 W System.err: 	at sun.nio.ch.DatagramChannelImpl.sendFromNativeBuffer(DatagramChannelImpl.java:573)
11-06 14:40:53.752 24222 24256 W System.err: 	at sun.nio.ch.DatagramChannelImpl.send(DatagramChannelImpl.java:550)
11-06 14:40:53.752 24222 24256 W System.err: 	at sun.nio.ch.DatagramChannelImpl.send(DatagramChannelImpl.java:514)
11-06 14:40:53.752 24222 24256 W System.err: 	at symlab.CloudAR.network.TransmissionTask.run(TransmissionTask.java:124)
11-06 14:40:53.752 24222 24256 W System.err: 	at android.os.Handler.handleCallback(Handler.java:907)
11-06 14:40:53.752 24222 24256 W System.err: 	at android.os.Handler.dispatchMessage(Handler.java:105)
11-06 14:40:53.752 24222 24256 W System.err: 	at android.os.Looper.loop(Looper.java:216)
11-06 14:40:53.752 24222 24256 W System.err: 	at android.os.HandlerThread.run(HandlerThread.java:65)
11-06 14:40:53.784 24222 24256 W System.err: java.net.SocketException: Message too long
11-06 14:40:53.784 24222 24256 W System.err: 	at sun.nio.ch.DatagramChannelImpl.send0(Native Method)
11-06 14:40:53.784 24222 24256 W System.err: 	at sun.nio.ch.DatagramChannelImpl.sendFromNativeBuffer(DatagramChannelImpl.java:573)
11-06 14:40:53.784 24222 24256 W System.err: 	at sun.nio.ch.DatagramChannelImpl.send(DatagramChannelImpl.java:550)
11-06 14:40:53.784 24222 24256 W System.err: 	at sun.nio.ch.DatagramChannelImpl.send(DatagramChannelImpl.java:514)
11-06 14:40:53.784 24222 24256 W System.err: 	at symlab.CloudAR.network.TransmissionTask.run(TransmissionTask.java:124)
11-06 14:40:53.784 24222 24256 W System.err: 	at android.os.Handler.handleCallback(Handler.java:907)
11-06 14:40:53.784 24222 24256 W System.err: 	at android.os.Handler.dispatchMessage(Handler.java:105)
11-06 14:40:53.784 24222 24256 W System.err: 	at android.os.Looper.loop(Looper.java:216)
11-06 14:40:53.784 24222 24256 W System.err: 	at android.os.HandlerThread.run(HandlerThread.java:65)
11-06 14:40:53.813 24222 24256 W System.err: java.net.SocketException: Message too long
