--------- beginning of main
11-06 15:38:13.223 31937 31937 W logcat  : type=1400 audit(0.0:24816): avc: granted { create } for name="logcat_1573047493211.txt" scontext=u:r:untrusted_app:s0:c149,c256,c512,c768 tcontext=u:object_r:sdcardfs:s0:c149,c256,c512,c768 tclass=file
11-06 15:38:13.226 31916 31916 D ZrHung.AppEyeUiProbe: notify runnable to start.
11-06 15:38:13.226 31916 31942 D ZrHung.AppEyeUiProbe: Runnable thread started.
11-06 15:38:13.226 31916 31942 D IMonitor: Load library imonitor_jni
11-06 15:38:13.229 31916 31942 E         : [ZeroHung]zrhung_get_config: Get config failed for wp[0x0102]
11-06 15:38:13.229 31916 31942 W ZrHung.AppEyeUiProbe: Failed to get config from zrhung
11-06 15:38:13.231 31916 31916 I MultiDex: Installing application
11-06 15:38:13.231 31916 31916 I MultiDex: VM has multidex support, MultiDex support library is disabled.
--------- beginning of system
11-06 15:38:13.234 31916 31916 V ActivityThread: callActivityOnCreate
11-06 15:38:13.235 31916 31916 I Poster  :  onCreate() called.
11-06 15:38:13.238 31916 31916 I HwApsImpl: APS: new HwApsImpl created
11-06 15:38:13.244 31916 31916 V HwWidgetFactory: : successes to get AllImpl object and return....
11-06 15:38:13.252 31916 31916 D OpenGLRenderer: Skia GL Pipeline
11-06 15:38:13.278 31916 31916 D Poster  : Server bound to IP 193.166.28.132 and port 52727
11-06 15:38:13.279 31916 31950 D Evaluation: metadata 0 sent 
11-06 15:38:13.280 31916 31916 D ActivityThread: add activity client record, r= ActivityRecord{24fb417 token=android.os.BinderProxy@3a687be {symlab.cloudridar.arhud/symlab.ARHUD.MainActivity}} token= android.os.BinderProxy@3a687be
11-06 15:38:13.282 31916 31916 I Poster  :  onStart() called.
11-06 15:38:13.283 31916 31916 D ZrHung.AppEyeUiProbe: notify runnable to start.
11-06 15:38:13.284 31916 31916 I Poster  :  onResume() called.
11-06 15:38:13.288 31916 31916 I PermissionManager: camera remind result:true
11-06 15:38:13.289 31916 31916 I Camera  : open camera: 0, package name: symlab.cloudridar.arhud
11-06 15:38:13.289 31916 31916 I BackgroundPermManager: pkgName: symlab.cloudridar.arhud,pid: 31916 ,uidOf3RdApk: 10149 ,permType: 0 ,permCfg: 1
11-06 15:38:13.290 31916 31916 I HwCameraUtil: notifySurfaceFlingerCameraStatus : isFront = false , isOpend = true
11-06 15:38:13.302 31916 31916 D ActivityThread: isOptEnabled=false isWechatScanOpt=false
11-06 15:38:13.304 31916 31916 I HwSecImmHelper: mSecurityInputMethodService is null
11-06 15:38:13.310 31916 31916 D OpenGLRenderer:   HWUI Binary is  enabled
11-06 15:38:13.324 31916 31969 D HiTouch_PressGestureDetector: onAttached, package=symlab.cloudridar.arhud, windowType=1, mHiTouchRestricted=false
11-06 15:38:13.336 31916 31968 I ConfigStore: android::hardware::configstore::V1_0::ISurfaceFlingerConfigs::hasWideColorDisplay retrieved: 0
11-06 15:38:13.336 31916 31968 I ConfigStore: android::hardware::configstore::V1_0::ISurfaceFlingerConfigs::hasHDRDisplay retrieved: 0
11-06 15:38:13.337 31916 31968 I iGraphics: [0020080c] pn: symlab.cloudridar.arhud, p: 31916
11-06 15:38:13.337 31916 31968 I OpenGLRenderer: Initialized EGL, version 1.4, mEglDisplay 0x1
11-06 15:38:13.337 31916 31968 D OpenGLRenderer: Swap behavior 2
11-06 15:38:13.347 31916 31968 D mali_winsys: EGLint new_window_surface(egl_winsys_display *, void *, EGLSurface, EGLConfig, egl_winsys_surface **, EGLBoolean) returns 0x3000
11-06 15:38:13.352 31916 31916 I Poster  :  surfaceCreated() called.
11-06 15:38:13.353 31916 31916 I Poster  : initPreview() called
11-06 15:38:13.358 31916 31916 I PermissionManager: camera remind result:true
11-06 15:38:13.363 31916 31916 I Poster  :  surfaceChanged() called.
11-06 15:38:13.379 31916 31916 W InputMethodManager: startInputReason = 1
11-06 15:38:13.389 31916 31916 W InputMethodManager: startInputReason = 5
11-06 15:38:13.636 31916 31950 D Evaluation: metadata 1 sent 
11-06 15:38:13.667 31916 31950 D Evaluation: metadata 2 sent 
11-06 15:38:13.704 31916 31950 D Evaluation: metadata 3 sent 
11-06 15:38:13.738 31916 31950 D Evaluation: metadata 4 sent 
11-06 15:38:13.777 31916 31950 D Evaluation: metadata 5 sent 
11-06 15:38:13.824 31916 31950 D Evaluation: Frame 6 sent at 1573047493824
11-06 15:38:13.848 31916 31950 D Evaluation: Frame 7 sent at 1573047493848
11-06 15:38:13.885 31916 31950 D Evaluation: Frame 8 sent at 1573047493885
11-06 15:38:13.919 31916 31950 D Evaluation: Frame 9 sent at 1573047493919
11-06 15:38:13.954 31916 31950 D Evaluation: Frame 10 sent at 1573047493954
11-06 15:38:13.983 31916 31950 D Evaluation: Frame 11 sent at 1573047493983
11-06 15:38:14.018 31916 31927 E         : [ZeroHung]zrhung_get_config: Get config failed for wp[0x0008]
11-06 15:38:14.018 31916 31950 D Evaluation: Frame 12 sent at 1573047494018
11-06 15:38:14.054 31916 31950 D Evaluation: Frame 13 sent at 1573047494054
11-06 15:38:14.055 31916 31950 D Evaluation: 0 res for frame 6 received at 1573047494055
11-06 15:38:14.085 31916 31950 D Evaluation: Frame 14 sent at 1573047494085
11-06 15:38:14.123 31916 31950 D Evaluation: Frame 15 sent at 1573047494123
11-06 15:38:14.152 31916 31950 D Evaluation: Frame 16 sent at 1573047494152
11-06 15:38:14.189 31916 31950 D Evaluation: Frame 17 sent at 1573047494189
11-06 15:38:14.190 31916 31950 D Evaluation: 0 res for frame 7 received at 1573047494190
11-06 15:38:14.220 31916 31950 D Evaluation: Frame 18 sent at 1573047494220
11-06 15:38:14.253 31916 31950 D Evaluation: Frame 19 sent at 1573047494253
11-06 15:38:14.262 31916 31916 D Poster  : At 1573047494262 location is 65.05790233807774 (latitude), and 25.469913736741322 (longitude)
11-06 15:38:14.264 31916 31916 D Poster  : Connected to mobile network 20
11-06 15:38:14.288 31916 31950 D Evaluation: Frame 20 sent at 1573047494288
11-06 15:38:14.320 31916 31950 D Evaluation: Frame 21 sent at 1573047494320
11-06 15:38:14.355 31916 31950 D Evaluation: Frame 22 sent at 1573047494355
11-06 15:38:14.356 31916 31950 D Evaluation: 0 res for frame 8 received at 1573047494356
11-06 15:38:14.387 31916 31950 D Evaluation: Frame 23 sent at 1573047494387
11-06 15:38:14.421 31916 31950 D Evaluation: Frame 24 sent at 1573047494421
11-06 15:38:14.455 31916 31950 D Evaluation: Frame 25 sent at 1573047494455
11-06 15:38:14.491 31916 31950 D Evaluation: Frame 26 sent at 1573047494491
11-06 15:38:14.492 31916 31950 D Evaluation: 0 res for frame 9 received at 1573047494492
11-06 15:38:14.525 31916 31950 D Evaluation: Frame 27 sent at 1573047494525
11-06 15:38:14.561 31916 31950 D Evaluation: Frame 28 sent at 1573047494561
11-06 15:38:14.602 31916 31950 D Evaluation: Frame 29 sent at 1573047494602
11-06 15:38:14.640 31916 31950 D Evaluation: Frame 30 sent at 1573047494640
11-06 15:38:14.667 31916 31950 D Evaluation: Frame 31 sent at 1573047494667
11-06 15:38:14.710 31916 31950 D Evaluation: Frame 32 sent at 1573047494710
11-06 15:38:14.744 31916 31950 D Evaluation: Frame 33 sent at 1573047494744
11-06 15:38:14.773 31916 31950 D Evaluation: Frame 34 sent at 1573047494773
11-06 15:38:14.835 31916 31950 D Evaluation: Frame 35 sent at 1573047494835
11-06 15:38:14.860 31916 31950 D Evaluation: Frame 36 sent at 1573047494860
11-06 15:38:14.885 31916 31950 D Evaluation: Frame 37 sent at 1573047494885
11-06 15:38:14.907 31916 31950 D Evaluation: Frame 38 sent at 1573047494907
11-06 15:38:14.944 31916 31950 D Evaluation: Frame 39 sent at 1573047494944
11-06 15:38:14.978 31916 31950 D Evaluation: Frame 40 sent at 1573047494978
11-06 15:38:15.015 31916 31950 D Evaluation: Frame 41 sent at 1573047495015
11-06 15:38:15.046 31916 31950 D Evaluation: Frame 42 sent at 1573047495046
11-06 15:38:15.071 31916 31950 D Evaluation: Frame 43 sent at 1573047495071
11-06 15:38:15.112 31916 31950 D Evaluation: Frame 44 sent at 1573047495112
11-06 15:38:15.160 31916 31950 D Evaluation: Frame 45 sent at 1573047495160
11-06 15:38:15.189 31916 31950 D Evaluation: Frame 46 sent at 1573047495189
11-06 15:38:15.222 31916 31927 E         : [ZeroHung]zrhung_get_config: Get config failed for wp[0x0008]
11-06 15:38:15.223 31916 31950 D Evaluation: Frame 47 sent at 1573047495222
11-06 15:38:15.241 31916 31925 W System  : A resource failed to call close. 
11-06 15:38:15.241 31916 31925 W System  : A resource failed to call close. 
11-06 15:38:15.241 31916 31925 W System  : A resource failed to call close. 
11-06 15:38:15.241 31916 31925 I chatty  : uid=10149(symlab.cloudridar.arhud) FinalizerDaemon identical 1 line
11-06 15:38:15.241 31916 31925 W System  : A resource failed to call close. 
11-06 15:38:15.241 31916 31925 W System  : A resource failed to call close. 
11-06 15:38:15.242 31916 31925 I chatty  : uid=10149(symlab.cloudridar.arhud) FinalizerDaemon identical 1 line
11-06 15:38:15.242 31916 31925 W System  : A resource failed to call close. 
11-06 15:38:15.253 31916 31950 D Evaluation: Frame 48 sent at 1573047495253
11-06 15:38:15.263 31916 31916 D Poster  : At 1573047495263 location is 65.05790233807774 (latitude), and 25.469913736741322 (longitude)
11-06 15:38:15.268 31916 31916 D Poster  : Connected to mobile network 20
11-06 15:38:15.293 31916 31950 D Evaluation: Frame 50 sent at 1573047495293
11-06 15:38:15.311 31916 31950 D Evaluation: Frame 50 sent at 1573047495311
11-06 15:38:15.353 31916 31950 D Evaluation: Frame 51 sent at 1573047495353
11-06 15:38:15.384 31916 31950 D Evaluation: Frame 52 sent at 1573047495384
11-06 15:38:15.417 31916 31950 D Evaluation: Frame 53 sent at 1573047495417
11-06 15:38:15.460 31916 31950 D Evaluation: Frame 54 sent at 1573047495460
11-06 15:38:15.482 31916 31950 D Evaluation: Frame 55 sent at 1573047495482
11-06 15:38:15.510 31916 31950 D Evaluation: Frame 56 sent at 1573047495510
11-06 15:38:15.555 31916 31950 D Evaluation: Frame 57 sent at 1573047495555
11-06 15:38:15.575 31916 31950 D Evaluation: Frame 58 sent at 1573047495575
11-06 15:38:15.606 31916 31950 D Evaluation: Frame 59 sent at 1573047495606
11-06 15:38:15.646 31916 31950 D Evaluation: Frame 60 sent at 1573047495646
11-06 15:38:15.682 31916 31950 D Evaluation: Frame 61 sent at 1573047495682
11-06 15:38:15.711 31916 31950 D Evaluation: Frame 62 sent at 1573047495711
11-06 15:38:15.754 31916 31950 D Evaluation: Frame 63 sent at 1573047495754
11-06 15:38:15.787 31916 31950 D Evaluation: Frame 64 sent at 1573047495787
11-06 15:38:15.845 31916 31950 D Evaluation: Frame 66 sent at 1573047495845
11-06 15:38:15.866 31916 31950 D Evaluation: Frame 67 sent at 1573047495866
11-06 15:38:15.883 31916 31950 D Evaluation: Frame 67 sent at 1573047495883
11-06 15:38:15.953 31916 31950 D Evaluation: Frame 68 sent at 1573047495953
11-06 15:38:15.988 31916 31950 D Evaluation: Frame 69 sent at 1573047495988
11-06 15:38:16.023 31916 31950 D Evaluation: Frame 70 sent at 1573047496023
11-06 15:38:16.050 31916 31950 D Evaluation: Frame 71 sent at 1573047496050
11-06 15:38:16.089 31916 31950 D Evaluation: Frame 72 sent at 1573047496089
11-06 15:38:16.124 31916 31950 D Evaluation: Frame 73 sent at 1573047496124
11-06 15:38:16.155 31916 31950 D Evaluation: Frame 74 sent at 1573047496155
11-06 15:38:16.189 31916 31950 D Evaluation: Frame 75 sent at 1573047496189
11-06 15:38:16.224 31916 31950 D Evaluation: Frame 76 sent at 1573047496223
11-06 15:38:16.253 31916 31950 D Evaluation: Frame 77 sent at 1573047496253
11-06 15:38:16.270 31916 31916 D Poster  : At 1573047496270 location is 65.05790233807774 (latitude), and 25.469913736741322 (longitude)
11-06 15:38:16.275 31916 31916 D Poster  : Connected to mobile network 20
11-06 15:38:16.291 31916 31950 D Evaluation: Frame 78 sent at 1573047496291
11-06 15:38:16.323 31916 31927 E         : [ZeroHung]zrhung_get_config: Get config failed for wp[0x0008]
11-06 15:38:16.323 31916 31950 D Evaluation: Frame 79 sent at 1573047496323
11-06 15:38:16.348 31916 31950 D Evaluation: Frame 80 sent at 1573047496348
11-06 15:38:16.403 31916 31950 D Evaluation: Frame 81 sent at 1573047496403
11-06 15:38:16.429 31916 31950 D Evaluation: Frame 82 sent at 1573047496429
11-06 15:38:16.458 31916 31950 D Evaluation: Frame 83 sent at 1573047496458
11-06 15:38:16.478 31916 31950 D Evaluation: Frame 84 sent at 1573047496478
11-06 15:38:16.528 31916 31950 D Evaluation: Frame 85 sent at 1573047496528
11-06 15:38:16.558 31916 31950 D Evaluation: Frame 86 sent at 1573047496558
11-06 15:38:16.631 31916 31950 D Evaluation: Frame 87 sent at 1573047496631
11-06 15:38:16.682 31916 31950 D Evaluation: Frame 89 sent at 1573047496682
11-06 15:38:16.700 31916 31950 D Evaluation: Frame 89 sent at 1573047496700
11-06 15:38:16.766 31916 31950 D Evaluation: Frame 90 sent at 1573047496766
11-06 15:38:16.792 31916 31950 D Evaluation: Frame 91 sent at 1573047496792
11-06 15:38:16.833 31916 31950 D Evaluation: Frame 92 sent at 1573047496833
11-06 15:38:16.861 31916 31950 D Evaluation: Frame 93 sent at 1573047496861
11-06 15:38:16.901 31916 31950 D Evaluation: Frame 94 sent at 1573047496901
11-06 15:38:16.926 31916 31916 D stylus  : init stylus touchlistener.
11-06 15:38:16.931 31916 31916 W Settings: Setting device_provisioned has moved from android.provider.Settings.Secure to android.provider.Settings.Global.
11-06 15:38:16.932 31916 31916 V HiTouch_HiTouchSensor: User setup is finished.
11-06 15:38:16.933 31916 31950 D Evaluation: Frame 95 sent at 1573047496933
11-06 15:38:16.967 31916 31950 D Evaluation: Frame 96 sent at 1573047496967
11-06 15:38:16.997 31916 31916 W HiTouch_PressGestureDetector: Touch pointer move a lot. The moving distance of X is:34.928223, limit is:60The moving distance of Y is:61.46614, limit is:60
11-06 15:38:16.999 31916 31950 D Evaluation: Frame 97 sent at 1573047496999
11-06 15:38:17.031 31916 31950 D Evaluation: Frame 98 sent at 1573047497031
11-06 15:38:17.054 31916 31950 D Evaluation: Frame 99 sent at 1573047497054
11-06 15:38:17.139 31916 31950 D Evaluation: Frame 101 sent at 1573047497139
11-06 15:38:17.159 31916 31950 D Evaluation: Frame 101 sent at 1573047497159
11-06 15:38:17.193 31916 31950 D Evaluation: Frame 102 sent at 1573047497193
11-06 15:38:17.220 31916 31950 D Evaluation: Frame 103 sent at 1573047497220
11-06 15:38:17.259 31916 31950 D Evaluation: Frame 104 sent at 1573047497259
11-06 15:38:17.282 31916 31916 D Poster  : At 1573047497282 location is 65.05791825003972 (latitude), and 25.46985430581514 (longitude)
11-06 15:38:17.283 31916 31916 D Poster  : Connected to mobile network 20
11-06 15:38:17.286 31916 31950 D Evaluation: Frame 105 sent at 1573047497286
11-06 15:38:17.328 31916 31950 D Evaluation: Frame 106 sent at 1573047497328
11-06 15:38:17.353 31916 31950 D Evaluation: Frame 107 sent at 1573047497353
11-06 15:38:17.388 31916 31950 D Evaluation: Frame 108 sent at 1573047497388
11-06 15:38:17.421 31916 31950 D Evaluation: Frame 109 sent at 1573047497421
11-06 15:38:17.465 31916 31950 D Evaluation: Frame 110 sent at 1573047497465
11-06 15:38:17.496 31916 31950 D Evaluation: Frame 111 sent at 1573047497496
11-06 15:38:17.528 31916 31950 D Evaluation: Frame 112 sent at 1573047497528
11-06 15:38:17.558 31916 31950 D Evaluation: Frame 113 sent at 1573047497558
11-06 15:38:17.590 31916 31950 D Evaluation: Frame 114 sent at 1573047497590
11-06 15:38:17.625 31916 31950 D Evaluation: Frame 115 sent at 1573047497625
11-06 15:38:17.661 31916 31927 E         : [ZeroHung]zrhung_get_config: Get config failed for wp[0x0008]
11-06 15:38:17.662 31916 31950 D Evaluation: Frame 116 sent at 1573047497662
11-06 15:38:17.698 31916 31950 D Evaluation: Frame 117 sent at 1573047497698
11-06 15:38:17.724 31916 31950 D Evaluation: Frame 118 sent at 1573047497724
11-06 15:38:17.757 31916 31950 D Evaluation: Frame 119 sent at 1573047497757
11-06 15:38:17.793 31916 31950 D Evaluation: Frame 120 sent at 1573047497793
11-06 15:38:17.825 31916 31950 D Evaluation: Frame 121 sent at 1573047497825
11-06 15:38:17.859 31916 31950 D Evaluation: Frame 122 sent at 1573047497859
11-06 15:38:17.892 31916 31950 D Evaluation: Frame 123 sent at 1573047497892
11-06 15:38:17.929 31916 31950 D Evaluation: Frame 124 sent at 1573047497929
11-06 15:38:17.966 31916 31950 D Evaluation: Frame 125 sent at 1573047497966
11-06 15:38:17.995 31916 31950 D Evaluation: Frame 126 sent at 1573047497995
11-06 15:38:18.032 31916 31950 D Evaluation: Frame 127 sent at 1573047498032
11-06 15:38:18.062 31916 31950 D Evaluation: Frame 128 sent at 1573047498062
11-06 15:38:18.106 31916 31950 D Evaluation: Frame 129 sent at 1573047498106
11-06 15:38:18.128 31916 31950 D Evaluation: Frame 130 sent at 1573047498128
11-06 15:38:18.158 31916 31950 D Evaluation: Frame 131 sent at 1573047498158
11-06 15:38:18.194 31916 31950 D Evaluation: Frame 132 sent at 1573047498194
11-06 15:38:18.213 31916 31916 I AwareBitmapCacher: init lrucache size: 2097152 pid=31916
11-06 15:38:18.237 31916 31950 D Evaluation: Frame 133 sent at 1573047498237
11-06 15:38:18.261 31916 31916 D Poster  : At 1573047498261 location is 65.05791825003972 (latitude), and 25.46985430581514 (longitude)
11-06 15:38:18.263 31916 31916 D Poster  : Connected to mobile network 20
11-06 15:38:18.273 31916 31950 D Evaluation: Frame 134 sent at 1573047498273
11-06 15:38:18.300 31916 31950 D Evaluation: Frame 135 sent at 1573047498300
11-06 15:38:18.337 31916 31950 D Evaluation: Frame 136 sent at 1573047498337
11-06 15:38:18.368 31916 31950 D Evaluation: Frame 137 sent at 1573047498368
11-06 15:38:18.396 31916 31950 D Evaluation: Frame 138 sent at 1573047498396
11-06 15:38:18.435 31916 31950 D Evaluation: Frame 139 sent at 1573047498435
11-06 15:38:18.466 31916 31950 D Evaluation: Frame 140 sent at 1573047498466
11-06 15:38:18.504 31916 31950 D Evaluation: Frame 141 sent at 1573047498503
11-06 15:38:18.569 31916 31950 D Evaluation: Frame 142 sent at 1573047498569
11-06 15:38:18.603 31916 31950 D Evaluation: Frame 143 sent at 1573047498603
11-06 15:38:18.671 31916 31950 D Evaluation: Frame 144 sent at 1573047498671
11-06 15:38:18.696 31916 31950 D Evaluation: Frame 145 sent at 1573047498696
11-06 15:38:18.748 31916 31950 D Evaluation: Frame 146 sent at 1573047498748
11-06 15:38:18.771 31916 31950 D Evaluation: Frame 147 sent at 1573047498771
11-06 15:38:18.798 31916 31950 D Evaluation: Frame 148 sent at 1573047498798
11-06 15:38:18.840 31916 31950 D Evaluation: Frame 149 sent at 1573047498840
11-06 15:38:18.872 31916 31950 D Evaluation: Frame 150 sent at 1573047498872
11-06 15:38:18.902 31916 31950 D Evaluation: Frame 151 sent at 1573047498902
11-06 15:38:18.942 31916 31950 D Evaluation: Frame 152 sent at 1573047498942
11-06 15:38:18.973 31916 31950 D Evaluation: Frame 153 sent at 1573047498973
11-06 15:38:19.008 31916 31950 D Evaluation: Frame 154 sent at 1573047499008
11-06 15:38:19.035 31916 31950 D Evaluation: Frame 155 sent at 1573047499035
11-06 15:38:19.074 31916 31950 D Evaluation: Frame 156 sent at 1573047499074
11-06 15:38:19.104 31916 31950 D Evaluation: Frame 157 sent at 1573047499104
11-06 15:38:19.141 31916 31927 E         : [ZeroHung]zrhung_get_config: Get config failed for wp[0x0008]
11-06 15:38:19.142 31916 31950 D Evaluation: Frame 158 sent at 1573047499142
11-06 15:38:19.171 31916 31950 D Evaluation: Frame 159 sent at 1573047499171
11-06 15:38:19.212 31916 31950 D Evaluation: Frame 160 sent at 1573047499212
11-06 15:38:19.236 31916 31950 D Evaluation: Frame 161 sent at 1573047499236
11-06 15:38:19.276 31916 31916 D Poster  : At 1573047499276 location is 65.05791825003972 (latitude), and 25.46985430581514 (longitude)
11-06 15:38:19.278 31916 31916 D Poster  : Connected to mobile network 20
11-06 15:38:19.295 31916 31950 D Evaluation: Frame 163 sent at 1573047499295
11-06 15:38:19.315 31916 31950 D Evaluation: Frame 163 sent at 1573047499314
11-06 15:38:19.335 31916 31950 W System.err: java.net.SocketException: Message too long
11-06 15:38:19.335 31916 31950 W System.err: 	at sun.nio.ch.DatagramChannelImpl.send0(Native Method)
11-06 15:38:19.335 31916 31950 W System.err: 	at sun.nio.ch.DatagramChannelImpl.sendFromNativeBuffer(DatagramChannelImpl.java:573)
11-06 15:38:19.335 31916 31950 W System.err: 	at sun.nio.ch.DatagramChannelImpl.send(DatagramChannelImpl.java:550)
11-06 15:38:19.335 31916 31950 W System.err: 	at sun.nio.ch.DatagramChannelImpl.send(DatagramChannelImpl.java:514)
11-06 15:38:19.335 31916 31950 W System.err: 	at symlab.CloudAR.network.TransmissionTask.run(TransmissionTask.java:124)
11-06 15:38:19.335 31916 31950 W System.err: 	at android.os.Handler.handleCallback(Handler.java:907)
11-06 15:38:19.335 31916 31950 W System.err: 	at android.os.Handler.dispatchMessage(Handler.java:105)
11-06 15:38:19.335 31916 31950 W System.err: 	at android.os.Looper.loop(Looper.java:216)
11-06 15:38:19.335 31916 31950 W System.err: 	at android.os.HandlerThread.run(HandlerThread.java:65)
11-06 15:38:19.367 31916 31950 W System.err: java.net.SocketException: Message too long
11-06 15:38:19.367 31916 31950 W System.err: 	at sun.nio.ch.DatagramChannelImpl.send0(Native Method)
11-06 15:38:19.367 31916 31950 W System.err: 	at sun.nio.ch.DatagramChannelImpl.sendFromNativeBuffer(DatagramChannelImpl.java:573)
11-06 15:38:19.367 31916 31950 W System.err: 	at sun.nio.ch.DatagramChannelImpl.send(DatagramChannelImpl.java:550)
11-06 15:38:19.367 31916 31950 W System.err: 	at sun.nio.ch.DatagramChannelImpl.send(DatagramChannelImpl.java:514)
11-06 15:38:19.367 31916 31950 W System.err: 	at symlab.CloudAR.network.TransmissionTask.run(TransmissionTask.java:124)
11-06 15:38:19.367 31916 31950 W System.err: 	at android.os.Handler.handleCallback(Handler.java:907)
11-06 15:38:19.367 31916 31950 W System.err: 	at android.os.Handler.dispatchMessage(Handler.java:105)
11-06 15:38:19.367 31916 31950 W System.err: 	at android.os.Looper.loop(Looper.java:216)
11-06 15:38:19.367 31916 31950 W System.err: 	at android.os.HandlerThread.run(HandlerThread.java:65)
11-06 15:38:19.403 31916 31950 D Evaluation: Frame 166 sent at 1573047499403
11-06 15:38:19.437 31916 31950 W System.err: java.net.SocketException: Message too long
11-06 15:38:19.438 31916 31950 W System.err: 	at sun.nio.ch.DatagramChannelImpl.send0(Native Method)
11-06 15:38:19.438 31916 31950 W System.err: 	at sun.nio.ch.DatagramChannelImpl.sendFromNativeBuffer(DatagramChannelImpl.java:573)
11-06 15:38:19.438 31916 31950 W System.err: 	at sun.nio.ch.DatagramChannelImpl.send(DatagramChannelImpl.java:550)
11-06 15:38:19.438 31916 31950 W System.err: 	at sun.nio.ch.DatagramChannelImpl.send(DatagramChannelImpl.java:514)
11-06 15:38:19.438 31916 31950 W System.err: 	at symlab.CloudAR.network.TransmissionTask.run(TransmissionTask.java:124)
11-06 15:38:19.438 31916 31950 W System.err: 	at android.os.Handler.handleCallback(Handler.java:907)
11-06 15:38:19.438 31916 31950 W System.err: 	at android.os.Handler.dispatchMessage(Handler.java:105)
11-06 15:38:19.438 31916 31950 W System.err: 	at android.os.Looper.loop(Looper.java:216)
11-06 15:38:19.438 31916 31950 W System.err: 	at android.os.HandlerThread.run(HandlerThread.java:65)
11-06 15:38:19.473 31916 31950 W System.err: java.net.SocketException: Message too long
11-06 15:38:19.473 31916 31950 W System.err: 	at sun.nio.ch.DatagramChannelImpl.send0(Native Method)
11-06 15:38:19.473 31916 31950 W System.err: 	at sun.nio.ch.DatagramChannelImpl.sendFromNativeBuffer(DatagramChannelImpl.java:573)
11-06 15:38:19.474 31916 31950 W System.err: 	at sun.nio.ch.DatagramChannelImpl.send(DatagramChannelImpl.java:550)
11-06 15:38:19.474 31916 31950 W System.err: 	at sun.nio.ch.DatagramChannelImpl.send(DatagramChannelImpl.java:514)
11-06 15:38:19.474 31916 31950 W System.err: 	at symlab.CloudAR.network.TransmissionTask.run(TransmissionTask.java:124)
11-06 15:38:19.474 31916 31950 W System.err: 	at android.os.Handler.handleCallback(Handler.java:907)
11-06 15:38:19.474 31916 31950 W System.err: 	at android.os.Handler.dispatchMessage(Handler.java:105)
11-06 15:38:19.474 31916 31950 W System.err: 	at android.os.Looper.loop(Looper.java:216)
11-06 15:38:19.474 31916 31950 W System.err: 	at android.os.HandlerThread.run(HandlerThread.java:65)
11-06 15:38:19.508 31916 31950 W System.err: java.net.SocketException: Message too long
11-06 15:38:19.508 31916 31950 W System.err: 	at sun.nio.ch.DatagramChannelImpl.send0(Native Method)
11-06 15:38:19.508 31916 31950 W System.err: 	at sun.nio.ch.DatagramChannelImpl.sendFromNativeBuffer(DatagramChannelImpl.java:573)
11-06 15:38:19.508 31916 31950 W System.err: 	at sun.nio.ch.DatagramChannelImpl.send(DatagramChannelImpl.java:550)
11-06 15:38:19.508 31916 31950 W System.err: 	at sun.nio.ch.DatagramChannelImpl.send(DatagramChannelImpl.java:514)
11-06 15:38:19.508 31916 31950 W System.err: 	at symlab.CloudAR.network.TransmissionTask.run(TransmissionTask.java:124)
11-06 15:38:19.508 31916 31950 W System.err: 	at android.os.Handler.handleCallback(Handler.java:907)
11-06 15:38:19.508 31916 31950 W System.err: 	at android.os.Handler.dispatchMessage(Handler.java:105)
11-06 15:38:19.508 31916 31950 W System.err: 	at android.os.Looper.loop(Looper.java:216)
11-06 15:38:19.508 31916 31950 W System.err: 	at android.os.HandlerThread.run(HandlerThread.java:65)
11-06 15:38:19.585 31916 31950 W System.err: java.net.SocketException: Message too long
11-06 15:38:19.585 31916 31950 W System.err: 	at sun.nio.ch.DatagramChannelImpl.send0(Native Method)
11-06 15:38:19.585 31916 31950 W System.err: 	at sun.nio.ch.DatagramChannelImpl.sendFromNativeBuffer(DatagramChannelImpl.java:573)
11-06 15:38:19.585 31916 31950 W System.err: 	at sun.nio.ch.DatagramChannelImpl.send(DatagramChannelImpl.java:550)
11-06 15:38:19.585 31916 31950 W System.err: 	at sun.nio.ch.DatagramChannelImpl.send(DatagramChannelImpl.java:514)
11-06 15:38:19.586 31916 31950 W System.err: 	at symlab.CloudAR.network.TransmissionTask.run(TransmissionTask.java:124)
11-06 15:38:19.586 31916 31950 W System.err: 	at android.os.Handler.handleCallback(Handler.java:907)
11-06 15:38:19.586 31916 31950 W System.err: 	at android.os.Handler.dispatchMessage(Handler.java:105)
11-06 15:38:19.586 31916 31950 W System.err: 	at android.os.Looper.loop(Looper.java:216)
11-06 15:38:19.586 31916 31950 W System.err: 	at android.os.HandlerThread.run(HandlerThread.java:65)
11-06 15:38:19.611 31916 31950 W System.err: java.net.SocketException: Message too long
11-06 15:38:19.611 31916 31950 W System.err: 	at sun.nio.ch.DatagramChannelImpl.send0(Native Method)
11-06 15:38:19.611 31916 31950 W System.err: 	at sun.nio.ch.DatagramChannelImpl.sendFromNativeBuffer(DatagramChannelImpl.java:573)
11-06 15:38:19.611 31916 31950 W System.err: 	at sun.nio.ch.DatagramChannelImpl.send(DatagramChannelImpl.java:550)
11-06 15:38:19.611 31916 31950 W System.err: 	at sun.nio.ch.DatagramChannelImpl.send(DatagramChannelImpl.java:514)
11-06 15:38:19.611 31916 31950 W System.err: 	at symlab.CloudAR.network.TransmissionTask.run(TransmissionTask.java:124)
11-06 15:38:19.611 31916 31950 W System.err: 	at android.os.Handler.handleCallback(Handler.java:907)
11-06 15:38:19.611 31916 31950 W System.err: 	at android.os.Handler.dispatchMessage(Handler.java:105)
11-06 15:38:19.611 31916 31950 W System.err: 	at android.os.Looper.loop(Looper.java:216)
11-06 15:38:19.612 31916 31950 W System.err: 	at android.os.HandlerThread.run(HandlerThread.java:65)
11-06 15:38:19.643 31916 31950 W System.err: java.net.SocketException: Message too long
11-06 15:38:19.643 31916 31950 W System.err: 	at sun.nio.ch.DatagramChannelImpl.send0(Native Method)
11-06 15:38:19.643 31916 31950 W System.err: 	at sun.nio.ch.DatagramChannelImpl.sendFromNativeBuffer(DatagramChannelImpl.java:573)
11-06 15:38:19.643 31916 31950 W System.err: 	at sun.nio.ch.DatagramChannelImpl.send(DatagramChannelImpl.java:550)
11-06 15:38:19.643 31916 31950 W System.err: 	at sun.nio.ch.DatagramChannelImpl.send(DatagramChannelImpl.java:514)
11-06 15:38:19.643 31916 31950 W System.err: 	at symlab.CloudAR.network.TransmissionTask.run(TransmissionTask.java:124)
11-06 15:38:19.643 31916 31950 W System.err: 	at android.os.Handler.handleCallback(Handler.java:907)
11-06 15:38:19.643 31916 31950 W System.err: 	at android.os.Handler.dispatchMessage(Handler.java:105)
11-06 15:38:19.643 31916 31950 W System.err: 	at android.os.Looper.loop(Looper.java:216)
11-06 15:38:19.643 31916 31950 W System.err: 	at android.os.HandlerThread.run(HandlerThread.java:65)
11-06 15:38:19.678 31916 31950 W System.err: java.net.SocketException: Message too long
11-06 15:38:19.678 31916 31950 W System.err: 	at sun.nio.ch.DatagramChannelImpl.send0(Native Method)
11-06 15:38:19.678 31916 31950 W System.err: 	at sun.nio.ch.DatagramChannelImpl.sendFromNativeBuffer(DatagramChannelImpl.java:573)
11-06 15:38:19.679 31916 31950 W System.err: 	at sun.nio.ch.DatagramChannelImpl.send(DatagramChannelImpl.java:550)
11-06 15:38:19.679 31916 31950 W System.err: 	at sun.nio.ch.DatagramChannelImpl.send(DatagramChannelImpl.java:514)
11-06 15:38:19.679 31916 31950 W System.err: 	at symlab.CloudAR.network.TransmissionTask.run(TransmissionTask.java:124)
11-06 15:38:19.679 31916 31950 W System.err: 	at android.os.Handler.handleCallback(Handler.java:907)
11-06 15:38:19.679 31916 31950 W System.err: 	at android.os.Handler.dispatchMessage(Handler.java:105)
11-06 15:38:19.679 31916 31950 W System.err: 	at android.os.Looper.loop(Looper.java:216)
11-06 15:38:19.679 31916 31950 W System.err: 	at android.os.HandlerThread.run(HandlerThread.java:65)
11-06 15:38:19.705 31916 31950 W System.err: java.net.SocketException: Message too long
11-06 15:38:19.705 31916 31950 W System.err: 	at sun.nio.ch.DatagramChannelImpl.send0(Native Method)
11-06 15:38:19.705 31916 31950 W System.err: 	at sun.nio.ch.DatagramChannelImpl.sendFromNativeBuffer(DatagramChannelImpl.java:573)
11-06 15:38:19.705 31916 31950 W System.err: 	at sun.nio.ch.DatagramChannelImpl.send(DatagramChannelImpl.java:550)
11-06 15:38:19.705 31916 31950 W System.err: 	at sun.nio.ch.DatagramChannelImpl.send(DatagramChannelImpl.java:514)
11-06 15:38:19.705 31916 31950 W System.err: 	at symlab.CloudAR.network.TransmissionTask.run(TransmissionTask.java:124)
11-06 15:38:19.705 31916 31950 W System.err: 	at android.os.Handler.handleCallback(Handler.java:907)
11-06 15:38:19.705 31916 31950 W System.err: 	at android.os.Handler.dispatchMessage(Handler.java:105)
11-06 15:38:19.705 31916 31950 W System.err: 	at android.os.Looper.loop(Looper.java:216)
11-06 15:38:19.705 31916 31950 W System.err: 	at android.os.HandlerThread.run(HandlerThread.java:65)
11-06 15:38:19.747 31916 31950 W System.err: java.net.SocketException: Message too long
11-06 15:38:19.747 31916 31950 W System.err: 	at sun.nio.ch.DatagramChannelImpl.send0(Native Method)
11-06 15:38:19.747 31916 31950 W System.err: 	at sun.nio.ch.DatagramChannelImpl.sendFromNativeBuffer(DatagramChannelImpl.java:573)
11-06 15:38:19.747 31916 31950 W System.err: 	at sun.nio.ch.DatagramChannelImpl.send(DatagramChannelImpl.java:550)
11-06 15:38:19.747 31916 31950 W System.err: 	at sun.nio.ch.DatagramChannelImpl.send(DatagramChannelImpl.java:514)
11-06 15:38:19.747 31916 31950 W System.err: 	at symlab.CloudAR.network.TransmissionTask.run(TransmissionTask.java:124)
11-06 15:38:19.747 31916 31950 W System.err: 	at android.os.Handler.handleCallback(Handler.java:907)
11-06 15:38:19.747 31916 31950 W System.err: 	at android.os.Handler.dispatchMessage(Handler.java:105)
11-06 15:38:19.747 31916 31950 W System.err: 	at android.os.Looper.loop(Looper.java:216)
11-06 15:38:19.747 31916 31950 W System.err: 	at android.os.HandlerThread.run(HandlerThread.java:65)
11-06 15:38:19.774 31916 31950 W System.err: java.net.SocketException: Message too long
11-06 15:38:19.774 31916 31950 W System.err: 	at sun.nio.ch.DatagramChannelImpl.send0(Native Method)
11-06 15:38:19.774 31916 31950 W System.err: 	at sun.nio.ch.DatagramChannelImpl.sendFromNativeBuffer(DatagramChannelImpl.java:573)
11-06 15:38:19.774 31916 31950 W System.err: 	at sun.nio.ch.DatagramChannelImpl.send(DatagramChannelImpl.java:550)
11-06 15:38:19.774 31916 31950 W System.err: 	at sun.nio.ch.DatagramChannelImpl.send(DatagramChannelImpl.java:514)
11-06 15:38:19.774 31916 31950 W System.err: 	at symlab.CloudAR.network.TransmissionTask.run(TransmissionTask.java:124)
11-06 15:38:19.774 31916 31950 W System.err: 	at android.os.Handler.handleCallback(Handler.java:907)
11-06 15:38:19.774 31916 31950 W System.err: 	at android.os.Handler.dispatchMessage(Handler.java:105)
11-06 15:38:19.774 31916 31950 W System.err: 	at android.os.Looper.loop(Looper.java:216)
11-06 15:38:19.774 31916 31950 W System.err: 	at android.os.HandlerThread.run(HandlerThread.java:65)
11-06 15:38:19.818 31916 31950 W System.err: java.net.SocketException: Message too long
11-06 15:38:19.818 31916 31950 W System.err: 	at sun.nio.ch.DatagramChannelImpl.send0(Native Method)
11-06 15:38:19.819 31916 31950 W System.err: 	at sun.nio.ch.DatagramChannelImpl.sendFromNativeBuffer(DatagramChannelImpl.java:573)
11-06 15:38:19.819 31916 31950 W System.err: 	at sun.nio.ch.DatagramChannelImpl.send(DatagramChannelImpl.java:550)
11-06 15:38:19.819 31916 31950 W System.err: 	at sun.nio.ch.DatagramChannelImpl.send(DatagramChannelImpl.java:514)
11-06 15:38:19.819 31916 31950 W System.err: 	at symlab.CloudAR.network.TransmissionTask.run(TransmissionTask.java:124)
11-06 15:38:19.819 31916 31950 W System.err: 	at android.os.Handler.handleCallback(Handler.java:907)
11-06 15:38:19.819 31916 31950 W System.err: 	at android.os.Handler.dispatchMessage(Handler.java:105)
11-06 15:38:19.819 31916 31950 W System.err: 	at android.os.Looper.loop(Looper.java:216)
11-06 15:38:19.819 31916 31950 W System.err: 	at android.os.HandlerThread.run(HandlerThread.java:65)
11-06 15:38:19.848 31916 31950 W System.err: java.net.SocketException: Message too long
11-06 15:38:19.848 31916 31950 W System.err: 	at sun.nio.ch.DatagramChannelImpl.send0(Native Method)
11-06 15:38:19.848 31916 31950 W System.err: 	at sun.nio.ch.DatagramChannelImpl.sendFromNativeBuffer(DatagramChannelImpl.java:573)
11-06 15:38:19.848 31916 31950 W System.err: 	at sun.nio.ch.DatagramChannelImpl.send(DatagramChannelImpl.java:550)
11-06 15:38:19.848 31916 31950 W System.err: 	at sun.nio.ch.DatagramChannelImpl.send(DatagramChannelImpl.java:514)
11-06 15:38:19.848 31916 31950 W System.err: 	at symlab.CloudAR.network.TransmissionTask.run(TransmissionTask.java:124)
11-06 15:38:19.848 31916 31950 W System.err: 	at android.os.Handler.handleCallback(Handler.java:907)
11-06 15:38:19.848 31916 31950 W System.err: 	at android.os.Handler.dispatchMessage(Handler.java:105)
11-06 15:38:19.848 31916 31950 W System.err: 	at android.os.Looper.loop(Looper.java:216)
11-06 15:38:19.848 31916 31950 W System.err: 	at android.os.HandlerThread.run(HandlerThread.java:65)
11-06 15:38:19.880 31916 31950 W System.err: java.net.SocketException: Message too long
11-06 15:38:19.881 31916 31950 W System.err: 	at sun.nio.ch.DatagramChannelImpl.send0(Native Method)
11-06 15:38:19.881 31916 31950 W System.err: 	at sun.nio.ch.DatagramChannelImpl.sendFromNativeBuffer(DatagramChannelImpl.java:573)
11-06 15:38:19.881 31916 31950 W System.err: 	at sun.nio.ch.DatagramChannelImpl.send(DatagramChannelImpl.java:550)
11-06 15:38:19.881 31916 31950 W System.err: 	at sun.nio.ch.DatagramChannelImpl.send(DatagramChannelImpl.java:514)
11-06 15:38:19.881 31916 31950 W System.err: 	at symlab.CloudAR.network.TransmissionTask.run(TransmissionTask.java:124)
11-06 15:38:19.881 31916 31950 W System.err: 	at android.os.Handler.handleCallback(Handler.java:907)
11-06 15:38:19.881 31916 31950 W System.err: 	at android.os.Handler.dispatchMessage(Handler.java:105)
11-06 15:38:19.881 31916 31950 W System.err: 	at android.os.Looper.loop(Looper.java:216)
11-06 15:38:19.881 31916 31950 W System.err: 	at android.os.HandlerThread.run(HandlerThread.java:65)
11-06 15:38:19.907 31916 31950 W System.err: java.net.SocketException: Message too long
11-06 15:38:19.907 31916 31950 W System.err: 	at sun.nio.ch.DatagramChannelImpl.send0(Native Method)
11-06 15:38:19.907 31916 31950 W System.err: 	at sun.nio.ch.DatagramChannelImpl.sendFromNativeBuffer(DatagramChannelImpl.java:573)
11-06 15:38:19.907 31916 31950 W System.err: 	at sun.nio.ch.DatagramChannelImpl.send(DatagramChannelImpl.java:550)
11-06 15:38:19.907 31916 31950 W System.err: 	at sun.nio.ch.DatagramChannelImpl.send(DatagramChannelImpl.java:514)
11-06 15:38:19.907 31916 31950 W System.err: 	at symlab.CloudAR.network.TransmissionTask.run(TransmissionTask.java:124)
11-06 15:38:19.908 31916 31950 W System.err: 	at android.os.Handler.handleCallback(Handler.java:907)
11-06 15:38:19.908 31916 31950 W System.err: 	at android.os.Handler.dispatchMessage(Handler.java:105)
11-06 15:38:19.908 31916 31950 W System.err: 	at android.os.Looper.loop(Looper.java:216)
11-06 15:38:19.908 31916 31950 W System.err: 	at android.os.HandlerThread.run(HandlerThread.java:65)
11-06 15:38:19.949 31916 31950 W System.err: java.net.SocketException: Message too long
11-06 15:38:19.949 31916 31950 W System.err: 	at sun.nio.ch.DatagramChannelImpl.send0(Native Method)
11-06 15:38:19.949 31916 31950 W System.err: 	at sun.nio.ch.DatagramChannelImpl.sendFromNativeBuffer(DatagramChannelImpl.java:573)
11-06 15:38:19.949 31916 31950 W System.err: 	at sun.nio.ch.DatagramChannelImpl.send(DatagramChannelImpl.java:550)
11-06 15:38:19.950 31916 31950 W System.err: 	at sun.nio.ch.DatagramChannelImpl.send(DatagramChannelImpl.java:514)
11-06 15:38:19.950 31916 31950 W System.err: 	at symlab.CloudAR.network.TransmissionTask.run(TransmissionTask.java:124)
11-06 15:38:19.950 31916 31950 W System.err: 	at android.os.Handler.handleCallback(Handler.java:907)
11-06 15:38:19.950 31916 31950 W System.err: 	at android.os.Handler.dispatchMessage(Handler.java:105)
11-06 15:38:19.950 31916 31950 W System.err: 	at android.os.Looper.loop(Looper.java:216)
11-06 15:38:19.950 31916 31950 W System.err: 	at android.os.HandlerThread.run(HandlerThread.java:65)
11-06 15:38:19.979 31916 31950 W System.err: java.net.SocketException: Message too long
11-06 15:38:19.979 31916 31950 W System.err: 	at sun.nio.ch.DatagramChannelImpl.send0(Native Method)
11-06 15:38:19.979 31916 31950 W System.err: 	at sun.nio.ch.DatagramChannelImpl.sendFromNativeBuffer(DatagramChannelImpl.java:573)
11-06 15:38:19.979 31916 31950 W System.err: 	at sun.nio.ch.DatagramChannelImpl.send(DatagramChannelImpl.java:550)
11-06 15:38:19.979 31916 31950 W System.err: 	at sun.nio.ch.DatagramChannelImpl.send(DatagramChannelImpl.java:514)
11-06 15:38:19.979 31916 31950 W System.err: 	at symlab.CloudAR.network.TransmissionTask.run(TransmissionTask.java:124)
11-06 15:38:19.979 31916 31950 W System.err: 	at android.os.Handler.handleCallback(Handler.java:907)
11-06 15:38:19.979 31916 31950 W System.err: 	at android.os.Handler.dispatchMessage(Handler.java:105)
11-06 15:38:19.979 31916 31950 W System.err: 	at android.os.Looper.loop(Looper.java:216)
11-06 15:38:19.979 31916 31950 W System.err: 	at android.os.HandlerThread.run(HandlerThread.java:65)
11-06 15:38:20.018 31916 31927 E         : [ZeroHung]zrhung_get_config: Get config failed for wp[0x0008]
11-06 15:38:20.018 31916 31950 W System.err: java.net.SocketException: Message too long
11-06 15:38:20.018 31916 31950 W System.err: 	at sun.nio.ch.DatagramChannelImpl.send0(Native Method)
11-06 15:38:20.018 31916 31950 W System.err: 	at sun.nio.ch.DatagramChannelImpl.sendFromNativeBuffer(DatagramChannelImpl.java:573)
11-06 15:38:20.018 31916 31950 W System.err: 	at sun.nio.ch.DatagramChannelImpl.send(DatagramChannelImpl.java:550)
11-06 15:38:20.018 31916 31950 W System.err: 	at sun.nio.ch.DatagramChannelImpl.send(DatagramChannelImpl.java:514)
11-06 15:38:20.018 31916 31950 W System.err: 	at symlab.CloudAR.network.TransmissionTask.run(TransmissionTask.java:124)
11-06 15:38:20.018 31916 31950 W System.err: 	at android.os.Handler.handleCallback(Handler.java:907)
11-06 15:38:20.018 31916 31950 W System.err: 	at android.os.Handler.dispatchMessage(Handler.java:105)
11-06 15:38:20.019 31916 31950 W System.err: 	at android.os.Looper.loop(Looper.java:216)
11-06 15:38:20.019 31916 31950 W System.err: 	at android.os.HandlerThread.run(HandlerThread.java:65)
11-06 15:38:20.055 31916 31950 W System.err: java.net.SocketException: Message too long
11-06 15:38:20.055 31916 31950 W System.err: 	at sun.nio.ch.DatagramChannelImpl.send0(Native Method)
11-06 15:38:20.055 31916 31950 W System.err: 	at sun.nio.ch.DatagramChannelImpl.sendFromNativeBuffer(DatagramChannelImpl.java:573)
11-06 15:38:20.055 31916 31950 W System.err: 	at sun.nio.ch.DatagramChannelImpl.send(DatagramChannelImpl.java:550)
11-06 15:38:20.055 31916 31950 W System.err: 	at sun.nio.ch.DatagramChannelImpl.send(DatagramChannelImpl.java:514)
11-06 15:38:20.055 31916 31950 W System.err: 	at symlab.CloudAR.network.TransmissionTask.run(TransmissionTask.java:124)
11-06 15:38:20.055 31916 31950 W System.err: 	at android.os.Handler.handleCallback(Handler.java:907)
11-06 15:38:20.055 31916 31950 W System.err: 	at android.os.Handler.dispatchMessage(Handler.java:105)
11-06 15:38:20.055 31916 31950 W System.err: 	at android.os.Looper.loop(Looper.java:216)
11-06 15:38:20.055 31916 31950 W System.err: 	at android.os.HandlerThread.run(HandlerThread.java:65)
11-06 15:38:20.074 31916 31950 W System.err: java.net.SocketException: Message too long
11-06 15:38:20.075 31916 31950 W System.err: 	at sun.nio.ch.DatagramChannelImpl.send0(Native Method)
11-06 15:38:20.075 31916 31950 W System.err: 	at sun.nio.ch.DatagramChannelImpl.sendFromNativeBuffer(DatagramChannelImpl.java:573)
11-06 15:38:20.075 31916 31950 W System.err: 	at sun.nio.ch.DatagramChannelImpl.send(DatagramChannelImpl.java:550)
11-06 15:38:20.075 31916 31950 W System.err: 	at sun.nio.ch.DatagramChannelImpl.send(DatagramChannelImpl.java:514)
11-06 15:38:20.075 31916 31950 W System.err: 	at symlab.CloudAR.network.TransmissionTask.run(TransmissionTask.java:124)
11-06 15:38:20.075 31916 31950 W System.err: 	at android.os.Handler.handleCallback(Handler.java:907)
11-06 15:38:20.075 31916 31950 W System.err: 	at android.os.Handler.dispatchMessage(Handler.java:105)
11-06 15:38:20.075 31916 31950 W System.err: 	at android.os.Looper.loop(Looper.java:216)
11-06 15:38:20.075 31916 31950 W System.err: 	at android.os.HandlerThread.run(HandlerThread.java:65)
11-06 15:38:20.125 31916 31950 D Evaluation: Frame 186 sent at 1573047500125
11-06 15:38:20.150 31916 31950 D Evaluation: Frame 187 sent at 1573047500150
11-06 15:38:20.179 31916 31950 D Evaluation: Frame 188 sent at 1573047500178
11-06 15:38:20.244 31916 31950 D Evaluation: Frame 189 sent at 1573047500244
11-06 15:38:20.265 31916 31916 D Poster  : At 1573047500264 location is 65.05791046388109 (latitude), and 25.46983236676669 (longitude)
11-06 15:38:20.267 31916 31916 D Poster  : Connected to mobile network 20
11-06 15:38:20.295 31916 31950 D Evaluation: Frame 190 sent at 1573047500294
11-06 15:38:20.349 31916 31950 D Evaluation: Frame 191 sent at 1573047500349
11-06 15:38:20.380 31916 31950 D Evaluation: Frame 192 sent at 1573047500380
11-06 15:38:20.452 31916 31950 D Evaluation: Frame 193 sent at 1573047500452
11-06 15:38:20.483 31916 31950 D Evaluation: Frame 194 sent at 1573047500483
11-06 15:38:20.510 31916 31950 D Evaluation: Frame 195 sent at 1573047500510
11-06 15:38:20.550 31916 31950 D Evaluation: Frame 196 sent at 1573047500550
11-06 15:38:20.585 31916 31950 D Evaluation: Frame 197 sent at 1573047500585
11-06 15:38:20.610 31916 31950 D Evaluation: Frame 198 sent at 1573047500610
11-06 15:38:20.667 31916 31950 D Evaluation: Frame 199 sent at 1573047500667
11-06 15:38:20.683 31916 31950 D Evaluation: Frame 200 sent at 1573047500683
11-06 15:38:20.711 31916 31950 D Evaluation: Frame 201 sent at 1573047500711
11-06 15:38:20.757 31916 31950 D Evaluation: Frame 202 sent at 1573047500757
11-06 15:38:20.781 31916 31950 D Evaluation: Frame 203 sent at 1573047500781
11-06 15:38:20.819 31916 31950 D Evaluation: Frame 204 sent at 1573047500819
11-06 15:38:20.850 31916 31950 D Evaluation: Frame 205 sent at 1573047500850
11-06 15:38:20.889 31916 31950 D Evaluation: Frame 206 sent at 1573047500889
11-06 15:38:20.927 31916 31950 D Evaluation: Frame 207 sent at 1573047500927
11-06 15:38:20.954 31916 31950 D Evaluation: Frame 208 sent at 1573047500954
11-06 15:38:20.988 31916 31950 D Evaluation: Frame 209 sent at 1573047500988
11-06 15:38:21.015 31916 31950 D Evaluation: Frame 210 sent at 1573047501015
11-06 15:38:21.055 31916 31950 D Evaluation: Frame 211 sent at 1573047501055
11-06 15:38:21.085 31916 31950 D Evaluation: Frame 212 sent at 1573047501085
11-06 15:38:21.124 31916 31950 D Evaluation: Frame 213 sent at 1573047501124
11-06 15:38:21.156 31916 31950 D Evaluation: Frame 214 sent at 1573047501156
11-06 15:38:21.185 31916 31950 D Evaluation: Frame 215 sent at 1573047501185
11-06 15:38:21.226 31916 31950 D Evaluation: Frame 216 sent at 1573047501226
11-06 15:38:21.250 31916 31950 D Evaluation: Frame 217 sent at 1573047501250
11-06 15:38:21.290 31916 31916 D Poster  : At 1573047501290 location is 65.05791021248423 (latitude), and 25.46982619365423 (longitude)
11-06 15:38:21.291 31916 31916 D Poster  : Connected to mobile network 20
11-06 15:38:21.297 31916 31950 D Evaluation: Frame 218 sent at 1573047501297
11-06 15:38:21.321 31916 31950 D Evaluation: Frame 219 sent at 1573047501321
11-06 15:38:21.347 31916 31950 D Evaluation: Frame 220 sent at 1573047501347
11-06 15:38:21.390 31916 31950 D Evaluation: Frame 221 sent at 1573047501390
11-06 15:38:21.422 31916 31950 D Evaluation: Frame 222 sent at 1573047501422
11-06 15:38:21.460 31916 31950 D Evaluation: Frame 223 sent at 1573047501460
11-06 15:38:21.508 31916 31950 D Evaluation: Frame 224 sent at 1573047501508
11-06 15:38:21.536 31916 31950 D Evaluation: Frame 225 sent at 1573047501536
11-06 15:38:21.565 31916 31950 D Evaluation: Frame 226 sent at 1573047501564
11-06 15:38:21.593 31916 31950 D Evaluation: Frame 227 sent at 1573047501593
11-06 15:38:21.634 31916 31950 D Evaluation: Frame 228 sent at 1573047501634
11-06 15:38:21.669 31916 31950 D Evaluation: Frame 229 sent at 1573047501669
11-06 15:38:21.710 31916 31950 D Evaluation: Frame 230 sent at 1573047501710
11-06 15:38:21.742 31916 31950 D Evaluation: Frame 231 sent at 1573047501742
11-06 15:38:21.765 31916 31950 D Evaluation: Frame 232 sent at 1573047501765
11-06 15:38:21.799 31916 31950 D Evaluation: Frame 233 sent at 1573047501799
11-06 15:38:21.821 31916 31950 D Evaluation: Frame 234 sent at 1573047501821
11-06 15:38:21.879 31916 31950 D Evaluation: Frame 235 sent at 1573047501878
11-06 15:38:21.918 31916 31950 D Evaluation: Frame 237 sent at 1573047501918
11-06 15:38:21.937 31916 31950 D Evaluation: Frame 237 sent at 1573047501937
11-06 15:38:21.975 31916 31950 D Evaluation: Frame 238 sent at 1573047501975
11-06 15:38:22.009 31916 31950 D Evaluation: Frame 239 sent at 1573047502009
11-06 15:38:22.073 31916 31950 D Evaluation: Frame 240 sent at 1573047502073
11-06 15:38:22.126 31916 31950 D Evaluation: Frame 241 sent at 1573047502126
11-06 15:38:22.192 31916 31950 D Evaluation: Frame 242 sent at 1573047502192
11-06 15:38:22.241 31916 31950 D Evaluation: Frame 243 sent at 1573047502241
11-06 15:38:22.265 31916 31916 D Poster  : At 1573047502264 location is 65.057904426082 (latitude), and 25.46982602903651 (longitude)
11-06 15:38:22.267 31916 31916 D Poster  : Connected to mobile network 20
11-06 15:38:22.310 31916 31950 D Evaluation: Frame 244 sent at 1573047502310
11-06 15:38:22.361 31916 31950 D Evaluation: Frame 245 sent at 1573047502361
11-06 15:38:22.413 31916 31950 D Evaluation: Frame 246 sent at 1573047502413
11-06 15:38:22.495 31916 31927 E         : [ZeroHung]zrhung_get_config: Get config failed for wp[0x0008]
11-06 15:38:22.495 31916 31950 D Evaluation: Frame 247 sent at 1573047502495
11-06 15:38:22.561 31916 31950 D Evaluation: Frame 248 sent at 1573047502561
11-06 15:38:22.618 31916 31950 D Evaluation: Frame 249 sent at 1573047502618
11-06 15:38:22.674 31916 31950 D Evaluation: Frame 250 sent at 1573047502674
11-06 15:38:22.724 31916 31950 D Evaluation: Frame 251 sent at 1573047502724
11-06 15:38:22.787 31916 31950 D Evaluation: Frame 252 sent at 1573047502787
11-06 15:38:22.835 31916 31950 D Evaluation: Frame 253 sent at 1573047502835
11-06 15:38:22.920 31916 31950 D Evaluation: Frame 254 sent at 1573047502920
11-06 15:38:22.984 31916 31950 D Evaluation: Frame 255 sent at 1573047502984
11-06 15:38:23.012 31916 31950 D Evaluation: Frame 256 sent at 1573047503012
11-06 15:38:23.088 31916 31950 D Evaluation: Frame 257 sent at 1573047503088
11-06 15:38:23.155 31916 31950 D Evaluation: Frame 258 sent at 1573047503155
11-06 15:38:23.216 31916 31950 D Evaluation: Frame 259 sent at 1573047503216
11-06 15:38:23.273 31916 31916 D Poster  : At 1573047503272 location is 65.0579002867852 (latitude), and 25.46982879656122 (longitude)
11-06 15:38:23.275 31916 31916 D Poster  : Connected to mobile network 20
11-06 15:38:23.276 31916 31950 D Evaluation: Frame 260 sent at 1573047503276
11-06 15:38:23.316 31916 31950 D Evaluation: Frame 261 sent at 1573047503316
11-06 15:38:23.386 31916 31950 D Evaluation: Frame 262 sent at 1573047503386
11-06 15:38:23.448 31916 31950 D Evaluation: Frame 263 sent at 1573047503448
11-06 15:38:23.504 31916 31950 D Evaluation: Frame 264 sent at 1573047503504
11-06 15:38:23.566 31916 31950 D Evaluation: Frame 265 sent at 1573047503566
11-06 15:38:23.622 31916 31950 D Evaluation: Frame 266 sent at 1573047503622
11-06 15:38:23.694 31916 31950 D Evaluation: Frame 267 sent at 1573047503694
11-06 15:38:23.755 31916 31950 D Evaluation: Frame 268 sent at 1573047503755
11-06 15:38:23.812 31916 31950 D Evaluation: Frame 269 sent at 1573047503812
11-06 15:38:23.875 31916 31950 D Evaluation: Frame 270 sent at 1573047503875
11-06 15:38:23.947 31916 31950 D Evaluation: Frame 271 sent at 1573047503947
11-06 15:38:23.999 31916 31950 D Evaluation: Frame 272 sent at 1573047503999
11-06 15:38:24.058 31916 31950 D Evaluation: Frame 273 sent at 1573047504058
11-06 15:38:24.123 31916 31950 D Evaluation: Frame 274 sent at 1573047504123
11-06 15:38:24.177 31916 31950 D Evaluation: Frame 275 sent at 1573047504177
