11-05 12:37:43.015  9109  9143 W System.err: 	at android.os.Handler.handleCallback(Handler.java:907)
11-05 12:37:43.015  9109  9143 W System.err: 	at android.os.Handler.dispatchMessage(Handler.java:105)
11-05 12:37:43.015  9109  9143 W System.err: 	at android.os.Looper.loop(Looper.java:216)
11-05 12:37:43.015  9109  9143 W System.err: 	at android.os.HandlerThread.run(HandlerThread.java:65)
11-05 12:37:43.056  9109  9143 W System.err: java.net.SocketException: Message too long
11-05 12:37:43.056  9109  9143 W System.err: 	at sun.nio.ch.DatagramChannelImpl.send0(Native Method)
11-05 12:37:43.057  9109  9143 W System.err: 	at sun.nio.ch.DatagramChannelImpl.sendFromNativeBuffer(DatagramChannelImpl.java:573)
11-05 12:37:43.057  9109  9143 W System.err: 	at sun.nio.ch.DatagramChannelImpl.send(DatagramChannelImpl.java:550)
11-05 12:37:43.057  9109  9143 W System.err: 	at sun.nio.ch.DatagramChannelImpl.send(DatagramChannelImpl.java:514)
11-05 12:37:43.057  9109  9143 W System.err: 	at symlab.CloudAR.network.TransmissionTask.run(TransmissionTask.java:124)
11-05 12:37:43.057  9109  9143 W System.err: 	at android.os.Handler.handleCallback(Handler.java:907)
11-05 12:37:43.057  9109  9143 W System.err: 	at android.os.Handler.dispatchMessage(Handler.java:105)
11-05 12:37:43.057  9109  9143 W System.err: 	at android.os.Looper.loop(Looper.java:216)
11-05 12:37:43.057  9109  9143 W System.err: 	at android.os.HandlerThread.run(HandlerThread.java:65)
11-05 12:37:43.081  9109  9143 W System.err: java.net.SocketException: Message too long
11-05 12:37:43.081  9109  9143 W System.err: 	at sun.nio.ch.DatagramChannelImpl.send0(Native Method)
11-05 12:37:43.081  9109  9143 W System.err: 	at sun.nio.ch.DatagramChannelImpl.sendFromNativeBuffer(DatagramChannelImpl.java:573)
11-05 12:37:43.081  9109  9143 W System.err: 	at sun.nio.ch.DatagramChannelImpl.send(DatagramChannelImpl.java:550)
11-05 12:37:43.081  9109  9143 W System.err: 	at sun.nio.ch.DatagramChannelImpl.send(DatagramChannelImpl.java:514)
11-05 12:37:43.081  9109  9143 W System.err: 	at symlab.CloudAR.network.TransmissionTask.run(TransmissionTask.java:124)
11-05 12:37:43.081  9109  9143 W System.err: 	at android.os.Handler.handleCallback(Handler.java:907)
11-05 12:37:43.081  9109  9143 W System.err: 	at android.os.Handler.dispatchMessage(Handler.java:105)
11-05 12:37:43.081  9109  9143 W System.err: 	at android.os.Looper.loop(Looper.java:216)
11-05 12:37:43.081  9109  9143 W System.err: 	at android.os.HandlerThread.run(HandlerThread.java:65)
11-05 12:37:43.128  9109  9143 W System.err: java.net.SocketException: Message too long
11-05 12:37:43.128  9109  9143 W System.err: 	at sun.nio.ch.DatagramChannelImpl.send0(Native Method)
11-05 12:37:43.128  9109  9143 W System.err: 	at sun.nio.ch.DatagramChannelImpl.sendFromNativeBuffer(DatagramChannelImpl.java:573)
11-05 12:37:43.128  9109  9143 W System.err: 	at sun.nio.ch.DatagramChannelImpl.send(DatagramChannelImpl.java:550)
11-05 12:37:43.128  9109  9143 W System.err: 	at sun.nio.ch.DatagramChannelImpl.send(DatagramChannelImpl.java:514)
11-05 12:37:43.128  9109  9143 W System.err: 	at symlab.CloudAR.network.TransmissionTask.run(TransmissionTask.java:124)
11-05 12:37:43.128  9109  9143 W System.err: 	at android.os.Handler.handleCallback(Handler.java:907)
11-05 12:37:43.128  9109  9143 W System.err: 	at android.os.Handler.dispatchMessage(Handler.java:105)
11-05 12:37:43.128  9109  9143 W System.err: 	at android.os.Looper.loop(Looper.java:216)
11-05 12:37:43.128  9109  9143 W System.err: 	at android.os.HandlerThread.run(HandlerThread.java:65)
11-05 12:37:43.149  9109  9143 W System.err: java.net.SocketException: Message too long
11-05 12:37:43.149  9109  9143 W System.err: 	at sun.nio.ch.DatagramChannelImpl.send0(Native Method)
11-05 12:37:43.149  9109  9143 W System.err: 	at sun.nio.ch.DatagramChannelImpl.sendFromNativeBuffer(DatagramChannelImpl.java:573)
11-05 12:37:43.149  9109  9143 W System.err: 	at sun.nio.ch.DatagramChannelImpl.send(DatagramChannelImpl.java:550)
11-05 12:37:43.149  9109  9143 W System.err: 	at sun.nio.ch.DatagramChannelImpl.send(DatagramChannelImpl.java:514)
11-05 12:37:43.149  9109  9143 W System.err: 	at symlab.CloudAR.network.TransmissionTask.run(TransmissionTask.java:124)
11-05 12:37:43.149  9109  9143 W System.err: 	at android.os.Handler.handleCallback(Handler.java:907)
11-05 12:37:43.149  9109  9143 W System.err: 	at android.os.Handler.dispatchMessage(Handler.java:105)
11-05 12:37:43.149  9109  9143 W System.err: 	at android.os.Looper.loop(Looper.java:216)
11-05 12:37:43.149  9109  9143 W System.err: 	at android.os.HandlerThread.run(HandlerThread.java:65)
11-05 12:37:43.182  9109  9143 W System.err: java.net.SocketException: Message too long
11-05 12:37:43.182  9109  9143 W System.err: 	at sun.nio.ch.DatagramChannelImpl.send0(Native Method)
11-05 12:37:43.182  9109  9143 W System.err: 	at sun.nio.ch.DatagramChannelImpl.sendFromNativeBuffer(DatagramChannelImpl.java:573)
11-05 12:37:43.182  9109  9143 W System.err: 	at sun.nio.ch.DatagramChannelImpl.send(DatagramChannelImpl.java:550)
11-05 12:37:43.182  9109  9143 W System.err: 	at sun.nio.ch.DatagramChannelImpl.send(DatagramChannelImpl.java:514)
11-05 12:37:43.182  9109  9143 W System.err: 	at symlab.CloudAR.network.TransmissionTask.run(TransmissionTask.java:124)
11-05 12:37:43.182  9109  9143 W System.err: 	at android.os.Handler.handleCallback(Handler.java:907)
11-05 12:37:43.182  9109  9143 W System.err: 	at android.os.Handler.dispatchMessage(Handler.java:105)
11-05 12:37:43.182  9109  9143 W System.err: 	at android.os.Looper.loop(Looper.java:216)
11-05 12:37:43.182  9109  9143 W System.err: 	at android.os.HandlerThread.run(HandlerThread.java:65)
11-05 12:37:43.216  9109  9143 W System.err: java.net.SocketException: Message too long
11-05 12:37:43.216  9109  9143 W System.err: 	at sun.nio.ch.DatagramChannelImpl.send0(Native Method)
11-05 12:37:43.216  9109  9143 W System.err: 	at sun.nio.ch.DatagramChannelImpl.sendFromNativeBuffer(DatagramChannelImpl.java:573)
11-05 12:37:43.216  9109  9143 W System.err: 	at sun.nio.ch.DatagramChannelImpl.send(DatagramChannelImpl.java:550)
11-05 12:37:43.216  9109  9143 W System.err: 	at sun.nio.ch.DatagramChannelImpl.send(DatagramChannelImpl.java:514)
11-05 12:37:43.216  9109  9143 W System.err: 	at symlab.CloudAR.network.TransmissionTask.run(TransmissionTask.java:124)
11-05 12:37:43.216  9109  9143 W System.err: 	at android.os.Handler.handleCallback(Handler.java:907)
11-05 12:37:43.216  9109  9143 W System.err: 	at android.os.Handler.dispatchMessage(Handler.java:105)
11-05 12:37:43.216  9109  9143 W System.err: 	at android.os.Looper.loop(Looper.java:216)
11-05 12:37:43.216  9109  9143 W System.err: 	at android.os.HandlerThread.run(HandlerThread.java:65)
11-05 12:37:43.255  9109  9143 W System.err: java.net.SocketException: Message too long
11-05 12:37:43.255  9109  9143 W System.err: 	at sun.nio.ch.DatagramChannelImpl.send0(Native Method)
11-05 12:37:43.255  9109  9143 W System.err: 	at sun.nio.ch.DatagramChannelImpl.sendFromNativeBuffer(DatagramChannelImpl.java:573)
11-05 12:37:43.255  9109  9143 W System.err: 	at sun.nio.ch.DatagramChannelImpl.send(DatagramChannelImpl.java:550)
11-05 12:37:43.255  9109  9143 W System.err: 	at sun.nio.ch.DatagramChannelImpl.send(DatagramChannelImpl.java:514)
11-05 12:37:43.255  9109  9143 W System.err: 	at symlab.CloudAR.network.TransmissionTask.run(TransmissionTask.java:124)
11-05 12:37:43.255  9109  9143 W System.err: 	at android.os.Handler.handleCallback(Handler.java:907)
11-05 12:37:43.255  9109  9143 W System.err: 	at android.os.Handler.dispatchMessage(Handler.java:105)
11-05 12:37:43.255  9109  9143 W System.err: 	at android.os.Looper.loop(Looper.java:216)
11-05 12:37:43.255  9109  9143 W System.err: 	at android.os.HandlerThread.run(HandlerThread.java:65)
11-05 12:37:43.281  9109  9143 W System.err: java.net.SocketException: Message too long
11-05 12:37:43.281  9109  9143 W System.err: 	at sun.nio.ch.DatagramChannelImpl.send0(Native Method)
11-05 12:37:43.281  9109  9143 W System.err: 	at sun.nio.ch.DatagramChannelImpl.sendFromNativeBuffer(DatagramChannelImpl.java:573)
11-05 12:37:43.281  9109  9143 W System.err: 	at sun.nio.ch.DatagramChannelImpl.send(DatagramChannelImpl.java:550)
11-05 12:37:43.281  9109  9143 W System.err: 	at sun.nio.ch.DatagramChannelImpl.send(DatagramChannelImpl.java:514)
11-05 12:37:43.281  9109  9143 W System.err: 	at symlab.CloudAR.network.TransmissionTask.run(TransmissionTask.java:124)
11-05 12:37:43.281  9109  9143 W System.err: 	at android.os.Handler.handleCallback(Handler.java:907)
11-05 12:37:43.281  9109  9143 W System.err: 	at android.os.Handler.dispatchMessage(Handler.java:105)
11-05 12:37:43.281  9109  9143 W System.err: 	at android.os.Looper.loop(Looper.java:216)
11-05 12:37:43.281  9109  9143 W System.err: 	at android.os.HandlerThread.run(HandlerThread.java:65)
11-05 12:37:43.318  9109  9143 W System.err: java.net.SocketException: Message too long
11-05 12:37:43.318  9109  9143 W System.err: 	at sun.nio.ch.DatagramChannelImpl.send0(Native Method)
11-05 12:37:43.318  9109  9143 W System.err: 	at sun.nio.ch.DatagramChannelImpl.sendFromNativeBuffer(DatagramChannelImpl.java:573)
11-05 12:37:43.318  9109  9143 W System.err: 	at sun.nio.ch.DatagramChannelImpl.send(DatagramChannelImpl.java:550)
11-05 12:37:43.318  9109  9143 W System.err: 	at sun.nio.ch.DatagramChannelImpl.send(DatagramChannelImpl.java:514)
11-05 12:37:43.318  9109  9143 W System.err: 	at symlab.CloudAR.network.TransmissionTask.run(TransmissionTask.java:124)
11-05 12:37:43.318  9109  9143 W System.err: 	at android.os.Handler.handleCallback(Handler.java:907)
11-05 12:37:43.318  9109  9143 W System.err: 	at android.os.Handler.dispatchMessage(Handler.java:105)
11-05 12:37:43.318  9109  9143 W System.err: 	at android.os.Looper.loop(Looper.java:216)
11-05 12:37:43.318  9109  9143 W System.err: 	at android.os.HandlerThread.run(HandlerThread.java:65)
11-05 12:37:43.350  9109  9143 W System.err: java.net.SocketException: Message too long
11-05 12:37:43.350  9109  9143 W System.err: 	at sun.nio.ch.DatagramChannelImpl.send0(Native Method)
11-05 12:37:43.350  9109  9143 W System.err: 	at sun.nio.ch.DatagramChannelImpl.sendFromNativeBuffer(DatagramChannelImpl.java:573)
11-05 12:37:43.350  9109  9143 W System.err: 	at sun.nio.ch.DatagramChannelImpl.send(DatagramChannelImpl.java:550)
11-05 12:37:43.350  9109  9143 W System.err: 	at sun.nio.ch.DatagramChannelImpl.send(DatagramChannelImpl.java:514)
11-05 12:37:43.350  9109  9143 W System.err: 	at symlab.CloudAR.network.TransmissionTask.run(TransmissionTask.java:124)
11-05 12:37:43.350  9109  9143 W System.err: 	at android.os.Handler.handleCallback(Handler.java:907)
11-05 12:37:43.350  9109  9143 W System.err: 	at android.os.Handler.dispatchMessage(Handler.java:105)
11-05 12:37:43.350  9109  9143 W System.err: 	at android.os.Looper.loop(Looper.java:216)
11-05 12:37:43.350  9109  9143 W System.err: 	at android.os.HandlerThread.run(HandlerThread.java:65)
11-05 12:37:43.392  9109  9143 W System.err: java.net.SocketException: Message too long
11-05 12:37:43.392  9109  9143 W System.err: 	at sun.nio.ch.DatagramChannelImpl.send0(Native Method)
11-05 12:37:43.392  9109  9143 W System.err: 	at sun.nio.ch.DatagramChannelImpl.sendFromNativeBuffer(DatagramChannelImpl.java:573)
11-05 12:37:43.392  9109  9143 W System.err: 	at sun.nio.ch.DatagramChannelImpl.send(DatagramChannelImpl.java:550)
11-05 12:37:43.392  9109  9143 W System.err: 	at sun.nio.ch.DatagramChannelImpl.send(DatagramChannelImpl.java:514)
11-05 12:37:43.392  9109  9143 W System.err: 	at symlab.CloudAR.network.TransmissionTask.run(TransmissionTask.java:124)
11-05 12:37:43.392  9109  9143 W System.err: 	at android.os.Handler.handleCallback(Handler.java:907)
11-05 12:37:43.392  9109  9143 W System.err: 	at android.os.Handler.dispatchMessage(Handler.java:105)
11-05 12:37:43.392  9109  9143 W System.err: 	at android.os.Looper.loop(Looper.java:216)
11-05 12:37:43.392  9109  9143 W System.err: 	at android.os.HandlerThread.run(HandlerThread.java:65)
11-05 12:37:43.416  9109  9143 W System.err: java.net.SocketException: Message too long
11-05 12:37:43.416  9109  9143 W System.err: 	at sun.nio.ch.DatagramChannelImpl.send0(Native Method)
11-05 12:37:43.416  9109  9143 W System.err: 	at sun.nio.ch.DatagramChannelImpl.sendFromNativeBuffer(DatagramChannelImpl.java:573)
11-05 12:37:43.416  9109  9143 W System.err: 	at sun.nio.ch.DatagramChannelImpl.send(DatagramChannelImpl.java:550)
11-05 12:37:43.416  9109  9143 W System.err: 	at sun.nio.ch.DatagramChannelImpl.send(DatagramChannelImpl.java:514)
11-05 12:37:43.416  9109  9143 W System.err: 	at symlab.CloudAR.network.TransmissionTask.run(TransmissionTask.java:124)
11-05 12:37:43.416  9109  9143 W System.err: 	at android.os.Handler.handleCallback(Handler.java:907)
11-05 12:37:43.416  9109  9143 W System.err: 	at android.os.Handler.dispatchMessage(Handler.java:105)
11-05 12:37:43.416  9109  9143 W System.err: 	at android.os.Looper.loop(Looper.java:216)
11-05 12:37:43.416  9109  9143 W System.err: 	at android.os.HandlerThread.run(HandlerThread.java:65)
11-05 12:37:43.451  9109  9143 W System.err: java.net.SocketException: Message too long
11-05 12:37:43.451  9109  9143 W System.err: 	at sun.nio.ch.DatagramChannelImpl.send0(Native Method)
11-05 12:37:43.451  9109  9143 W System.err: 	at sun.nio.ch.DatagramChannelImpl.sendFromNativeBuffer(DatagramChannelImpl.java:573)
11-05 12:37:43.451  9109  9143 W System.err: 	at sun.nio.ch.DatagramChannelImpl.send(DatagramChannelImpl.java:550)
11-05 12:37:43.451  9109  9143 W System.err: 	at sun.nio.ch.DatagramChannelImpl.send(DatagramChannelImpl.java:514)
11-05 12:37:43.451  9109  9143 W System.err: 	at symlab.CloudAR.network.TransmissionTask.run(TransmissionTask.java:124)
11-05 12:37:43.451  9109  9143 W System.err: 	at android.os.Handler.handleCallback(Handler.java:907)
11-05 12:37:43.451  9109  9143 W System.err: 	at android.os.Handler.dispatchMessage(Handler.java:105)
11-05 12:37:43.451  9109  9143 W System.err: 	at android.os.Looper.loop(Looper.java:216)
11-05 12:37:43.451  9109  9143 W System.err: 	at android.os.HandlerThread.run(HandlerThread.java:65)
11-05 12:37:43.483  9109  9143 W System.err: java.net.SocketException: Message too long
11-05 12:37:43.483  9109  9143 W System.err: 	at sun.nio.ch.DatagramChannelImpl.send0(Native Method)
11-05 12:37:43.483  9109  9143 W System.err: 	at sun.nio.ch.DatagramChannelImpl.sendFromNativeBuffer(DatagramChannelImpl.java:573)
11-05 12:37:43.483  9109  9143 W System.err: 	at sun.nio.ch.DatagramChannelImpl.send(DatagramChannelImpl.java:550)
11-05 12:37:43.483  9109  9143 W System.err: 	at sun.nio.ch.DatagramChannelImpl.send(DatagramChannelImpl.java:514)
11-05 12:37:43.483  9109  9143 W System.err: 	at symlab.CloudAR.network.TransmissionTask.run(TransmissionTask.java:124)
11-05 12:37:43.483  9109  9143 W System.err: 	at android.os.Handler.handleCallback(Handler.java:907)
11-05 12:37:43.483  9109  9143 W System.err: 	at android.os.Handler.dispatchMessage(Handler.java:105)
11-05 12:37:43.483  9109  9143 W System.err: 	at android.os.Looper.loop(Looper.java:216)
11-05 12:37:43.483  9109  9143 W System.err: 	at android.os.HandlerThread.run(HandlerThread.java:65)
11-05 12:37:43.515  9109  9109 D Poster  : At 1572950263515 location is 65.05849982759115 (latitude), and 25.469207568601473 (longitude)
11-05 12:37:43.528  9109  9143 W System.err: java.net.SocketException: Message too long
11-05 12:37:43.528  9109  9143 W System.err: 	at sun.nio.ch.DatagramChannelImpl.send0(Native Method)
11-05 12:37:43.528  9109  9143 W System.err: 	at sun.nio.ch.DatagramChannelImpl.sendFromNativeBuffer(DatagramChannelImpl.java:573)
11-05 12:37:43.528  9109  9143 W System.err: 	at sun.nio.ch.DatagramChannelImpl.send(DatagramChannelImpl.java:550)
11-05 12:37:43.528  9109  9143 W System.err: 	at sun.nio.ch.DatagramChannelImpl.send(DatagramChannelImpl.java:514)
11-05 12:37:43.528  9109  9143 W System.err: 	at symlab.CloudAR.network.TransmissionTask.run(TransmissionTask.java:124)
11-05 12:37:43.528  9109  9143 W System.err: 	at android.os.Handler.handleCallback(Handler.java:907)
11-05 12:37:43.528  9109  9143 W System.err: 	at android.os.Handler.dispatchMessage(Handler.java:105)
11-05 12:37:43.528  9109  9143 W System.err: 	at android.os.Looper.loop(Looper.java:216)
11-05 12:37:43.528  9109  9143 W System.err: 	at android.os.HandlerThread.run(HandlerThread.java:65)
11-05 12:37:43.557  9109  9143 W System.err: java.net.SocketException: Message too long
11-05 12:37:43.557  9109  9143 W System.err: 	at sun.nio.ch.DatagramChannelImpl.send0(Native Method)
11-05 12:37:43.557  9109  9143 W System.err: 	at sun.nio.ch.DatagramChannelImpl.sendFromNativeBuffer(DatagramChannelImpl.java:573)
11-05 12:37:43.557  9109  9143 W System.err: 	at sun.nio.ch.DatagramChannelImpl.send(DatagramChannelImpl.java:550)
11-05 12:37:43.557  9109  9143 W System.err: 	at sun.nio.ch.DatagramChannelImpl.send(DatagramChannelImpl.java:514)
11-05 12:37:43.557  9109  9143 W System.err: 	at symlab.CloudAR.network.TransmissionTask.run(TransmissionTask.java:124)
11-05 12:37:43.557  9109  9143 W System.err: 	at android.os.Handler.handleCallback(Handler.java:907)
11-05 12:37:43.557  9109  9143 W System.err: 	at android.os.Handler.dispatchMessage(Handler.java:105)
11-05 12:37:43.557  9109  9143 W System.err: 	at android.os.Looper.loop(Looper.java:216)
11-05 12:37:43.557  9109  9143 W System.err: 	at android.os.HandlerThread.run(HandlerThread.java:65)
11-05 12:37:43.586  9109  9143 W System.err: java.net.SocketException: Message too long
11-05 12:37:43.586  9109  9143 W System.err: 	at sun.nio.ch.DatagramChannelImpl.send0(Native Method)
11-05 12:37:43.586  9109  9143 W System.err: 	at sun.nio.ch.DatagramChannelImpl.sendFromNativeBuffer(DatagramChannelImpl.java:573)
11-05 12:37:43.586  9109  9143 W System.err: 	at sun.nio.ch.DatagramChannelImpl.send(DatagramChannelImpl.java:550)
11-05 12:37:43.586  9109  9143 W System.err: 	at sun.nio.ch.DatagramChannelImpl.send(DatagramChannelImpl.java:514)
11-05 12:37:43.586  9109  9143 W System.err: 	at symlab.CloudAR.network.TransmissionTask.run(TransmissionTask.java:124)
11-05 12:37:43.586  9109  9143 W System.err: 	at android.os.Handler.handleCallback(Handler.java:907)
11-05 12:37:43.586  9109  9143 W System.err: 	at android.os.Handler.dispatchMessage(Handler.java:105)
11-05 12:37:43.586  9109  9143 W System.err: 	at android.os.Looper.loop(Looper.java:216)
11-05 12:37:43.586  9109  9143 W System.err: 	at android.os.HandlerThread.run(HandlerThread.java:65)
11-05 12:37:43.619  9109  9120 E         : [ZeroHung]zrhung_get_config: Get config failed for wp[0x0008]
11-05 12:37:43.620  9109  9143 W System.err: java.net.SocketException: Message too long
11-05 12:37:43.620  9109  9143 W System.err: 	at sun.nio.ch.DatagramChannelImpl.send0(Native Method)
11-05 12:37:43.620  9109  9143 W System.err: 	at sun.nio.ch.DatagramChannelImpl.sendFromNativeBuffer(DatagramChannelImpl.java:573)
11-05 12:37:43.620  9109  9143 W System.err: 	at sun.nio.ch.DatagramChannelImpl.send(DatagramChannelImpl.java:550)
11-05 12:37:43.620  9109  9143 W System.err: 	at sun.nio.ch.DatagramChannelImpl.send(DatagramChannelImpl.java:514)
11-05 12:37:43.620  9109  9143 W System.err: 	at symlab.CloudAR.network.TransmissionTask.run(TransmissionTask.java:124)
11-05 12:37:43.620  9109  9143 W System.err: 	at android.os.Handler.handleCallback(Handler.java:907)
11-05 12:37:43.620  9109  9143 W System.err: 	at android.os.Handler.dispatchMessage(Handler.java:105)
11-05 12:37:43.620  9109  9143 W System.err: 	at android.os.Looper.loop(Looper.java:216)
11-05 12:37:43.620  9109  9143 W System.err: 	at android.os.HandlerThread.run(HandlerThread.java:65)
11-05 12:37:43.663  9109  9143 W System.err: java.net.SocketException: Message too long
11-05 12:37:43.663  9109  9143 W System.err: 	at sun.nio.ch.DatagramChannelImpl.send0(Native Method)
11-05 12:37:43.663  9109  9143 W System.err: 	at sun.nio.ch.DatagramChannelImpl.sendFromNativeBuffer(DatagramChannelImpl.java:573)
11-05 12:37:43.663  9109  9143 W System.err: 	at sun.nio.ch.DatagramChannelImpl.send(DatagramChannelImpl.java:550)
11-05 12:37:43.663  9109  9143 W System.err: 	at sun.nio.ch.DatagramChannelImpl.send(DatagramChannelImpl.java:514)
11-05 12:37:43.663  9109  9143 W System.err: 	at symlab.CloudAR.network.TransmissionTask.run(TransmissionTask.java:124)
11-05 12:37:43.663  9109  9143 W System.err: 	at android.os.Handler.handleCallback(Handler.java:907)
11-05 12:37:43.663  9109  9143 W System.err: 	at android.os.Handler.dispatchMessage(Handler.java:105)
11-05 12:37:43.663  9109  9143 W System.err: 	at android.os.Looper.loop(Looper.java:216)
11-05 12:37:43.663  9109  9143 W System.err: 	at android.os.HandlerThread.run(HandlerThread.java:65)
11-05 12:37:43.685  9109  9143 W System.err: java.net.SocketException: Message too long
11-05 12:37:43.685  9109  9143 W System.err: 	at sun.nio.ch.DatagramChannelImpl.send0(Native Method)
11-05 12:37:43.685  9109  9143 W System.err: 	at sun.nio.ch.DatagramChannelImpl.sendFromNativeBuffer(DatagramChannelImpl.java:573)
11-05 12:37:43.685  9109  9143 W System.err: 	at sun.nio.ch.DatagramChannelImpl.send(DatagramChannelImpl.java:550)
11-05 12:37:43.685  9109  9143 W System.err: 	at sun.nio.ch.DatagramChannelImpl.send(DatagramChannelImpl.java:514)
11-05 12:37:43.685  9109  9143 W System.err: 	at symlab.CloudAR.network.TransmissionTask.run(TransmissionTask.java:124)
11-05 12:37:43.685  9109  9143 W System.err: 	at android.os.Handler.handleCallback(Handler.java:907)
11-05 12:37:43.685  9109  9143 W System.err: 	at android.os.Handler.dispatchMessage(Handler.java:105)
11-05 12:37:43.685  9109  9143 W System.err: 	at android.os.Looper.loop(Looper.java:216)
11-05 12:37:43.685  9109  9143 W System.err: 	at android.os.HandlerThread.run(HandlerThread.java:65)
11-05 12:37:43.727  9109  9143 W System.err: java.net.SocketException: Message too long
11-05 12:37:43.727  9109  9143 W System.err: 	at sun.nio.ch.DatagramChannelImpl.send0(Native Method)
11-05 12:37:43.727  9109  9143 W System.err: 	at sun.nio.ch.DatagramChannelImpl.sendFromNativeBuffer(DatagramChannelImpl.java:573)
11-05 12:37:43.727  9109  9143 W System.err: 	at sun.nio.ch.DatagramChannelImpl.send(DatagramChannelImpl.java:550)
11-05 12:37:43.727  9109  9143 W System.err: 	at sun.nio.ch.DatagramChannelImpl.send(DatagramChannelImpl.java:514)
11-05 12:37:43.727  9109  9143 W System.err: 	at symlab.CloudAR.network.TransmissionTask.run(TransmissionTask.java:124)
11-05 12:37:43.727  9109  9143 W System.err: 	at android.os.Handler.handleCallback(Handler.java:907)
11-05 12:37:43.727  9109  9143 W System.err: 	at android.os.Handler.dispatchMessage(Handler.java:105)
11-05 12:37:43.727  9109  9143 W System.err: 	at android.os.Looper.loop(Looper.java:216)
11-05 12:37:43.727  9109  9143 W System.err: 	at android.os.HandlerThread.run(HandlerThread.java:65)
11-05 12:37:43.755  9109  9143 W System.err: java.net.SocketException: Message too long
11-05 12:37:43.755  9109  9143 W System.err: 	at sun.nio.ch.DatagramChannelImpl.send0(Native Method)
11-05 12:37:43.755  9109  9143 W System.err: 	at sun.nio.ch.DatagramChannelImpl.sendFromNativeBuffer(DatagramChannelImpl.java:573)
11-05 12:37:43.755  9109  9143 W System.err: 	at sun.nio.ch.DatagramChannelImpl.send(DatagramChannelImpl.java:550)
11-05 12:37:43.755  9109  9143 W System.err: 	at sun.nio.ch.DatagramChannelImpl.send(DatagramChannelImpl.java:514)
11-05 12:37:43.755  9109  9143 W System.err: 	at symlab.CloudAR.network.TransmissionTask.run(TransmissionTask.java:124)
11-05 12:37:43.755  9109  9143 W System.err: 	at android.os.Handler.handleCallback(Handler.java:907)
11-05 12:37:43.755  9109  9143 W System.err: 	at android.os.Handler.dispatchMessage(Handler.java:105)
11-05 12:37:43.755  9109  9143 W System.err: 	at android.os.Looper.loop(Looper.java:216)
11-05 12:37:43.755  9109  9143 W System.err: 	at android.os.HandlerThread.run(HandlerThread.java:65)
11-05 12:37:43.796  9109  9143 W System.err: java.net.SocketException: Message too long
11-05 12:37:43.796  9109  9143 W System.err: 	at sun.nio.ch.DatagramChannelImpl.send0(Native Method)
11-05 12:37:43.796  9109  9143 W System.err: 	at sun.nio.ch.DatagramChannelImpl.sendFromNativeBuffer(DatagramChannelImpl.java:573)
11-05 12:37:43.796  9109  9143 W System.err: 	at sun.nio.ch.DatagramChannelImpl.send(DatagramChannelImpl.java:550)
11-05 12:37:43.796  9109  9143 W System.err: 	at sun.nio.ch.DatagramChannelImpl.send(DatagramChannelImpl.java:514)
11-05 12:37:43.796  9109  9143 W System.err: 	at symlab.CloudAR.network.TransmissionTask.run(TransmissionTask.java:124)
11-05 12:37:43.796  9109  9143 W System.err: 	at android.os.Handler.handleCallback(Handler.java:907)
11-05 12:37:43.796  9109  9143 W System.err: 	at android.os.Handler.dispatchMessage(Handler.java:105)
11-05 12:37:43.796  9109  9143 W System.err: 	at android.os.Looper.loop(Looper.java:216)
11-05 12:37:43.796  9109  9143 W System.err: 	at android.os.HandlerThread.run(HandlerThread.java:65)
11-05 12:37:43.815  9109  9143 W System.err: java.net.SocketException: Message too long
11-05 12:37:43.815  9109  9143 W System.err: 	at sun.nio.ch.DatagramChannelImpl.send0(Native Method)
11-05 12:37:43.815  9109  9143 W System.err: 	at sun.nio.ch.DatagramChannelImpl.sendFromNativeBuffer(DatagramChannelImpl.java:573)
11-05 12:37:43.815  9109  9143 W System.err: 	at sun.nio.ch.DatagramChannelImpl.send(DatagramChannelImpl.java:550)
11-05 12:37:43.815  9109  9143 W System.err: 	at sun.nio.ch.DatagramChannelImpl.send(DatagramChannelImpl.java:514)
11-05 12:37:43.815  9109  9143 W System.err: 	at symlab.CloudAR.network.TransmissionTask.run(TransmissionTask.java:124)
11-05 12:37:43.815  9109  9143 W System.err: 	at android.os.Handler.handleCallback(Handler.java:907)
11-05 12:37:43.815  9109  9143 W System.err: 	at android.os.Handler.dispatchMessage(Handler.java:105)
11-05 12:37:43.815  9109  9143 W System.err: 	at android.os.Looper.loop(Looper.java:216)
11-05 12:37:43.815  9109  9143 W System.err: 	at android.os.HandlerThread.run(HandlerThread.java:65)
11-05 12:37:43.860  9109  9143 W System.err: java.net.SocketException: Message too long
11-05 12:37:43.860  9109  9143 W System.err: 	at sun.nio.ch.DatagramChannelImpl.send0(Native Method)
11-05 12:37:43.860  9109  9143 W System.err: 	at sun.nio.ch.DatagramChannelImpl.sendFromNativeBuffer(DatagramChannelImpl.java:573)
11-05 12:37:43.860  9109  9143 W System.err: 	at sun.nio.ch.DatagramChannelImpl.send(DatagramChannelImpl.java:550)
11-05 12:37:43.860  9109  9143 W System.err: 	at sun.nio.ch.DatagramChannelImpl.send(DatagramChannelImpl.java:514)
11-05 12:37:43.860  9109  9143 W System.err: 	at symlab.CloudAR.network.TransmissionTask.run(TransmissionTask.java:124)
11-05 12:37:43.860  9109  9143 W System.err: 	at android.os.Handler.handleCallback(Handler.java:907)
11-05 12:37:43.860  9109  9143 W System.err: 	at android.os.Handler.dispatchMessage(Handler.java:105)
11-05 12:37:43.860  9109  9143 W System.err: 	at android.os.Looper.loop(Looper.java:216)
11-05 12:37:43.860  9109  9143 W System.err: 	at android.os.HandlerThread.run(HandlerThread.java:65)
11-05 12:37:43.888  9109  9143 W System.err: java.net.SocketException: Message too long
11-05 12:37:43.888  9109  9143 W System.err: 	at sun.nio.ch.DatagramChannelImpl.send0(Native Method)
11-05 12:37:43.888  9109  9143 W System.err: 	at sun.nio.ch.DatagramChannelImpl.sendFromNativeBuffer(DatagramChannelImpl.java:573)
11-05 12:37:43.888  9109  9143 W System.err: 	at sun.nio.ch.DatagramChannelImpl.send(DatagramChannelImpl.java:550)
11-05 12:37:43.888  9109  9143 W System.err: 	at sun.nio.ch.DatagramChannelImpl.send(DatagramChannelImpl.java:514)
11-05 12:37:43.888  9109  9143 W System.err: 	at symlab.CloudAR.network.TransmissionTask.run(TransmissionTask.java:124)
11-05 12:37:43.888  9109  9143 W System.err: 	at android.os.Handler.handleCallback(Handler.java:907)
11-05 12:37:43.888  9109  9143 W System.err: 	at android.os.Handler.dispatchMessage(Handler.java:105)
11-05 12:37:43.888  9109  9143 W System.err: 	at android.os.Looper.loop(Looper.java:216)
11-05 12:37:43.888  9109  9143 W System.err: 	at android.os.HandlerThread.run(HandlerThread.java:65)
11-05 12:37:43.945  9109  9143 W System.err: java.net.SocketException: Message too long
11-05 12:37:43.945  9109  9143 W System.err: 	at sun.nio.ch.DatagramChannelImpl.send0(Native Method)
11-05 12:37:43.945  9109  9143 W System.err: 	at sun.nio.ch.DatagramChannelImpl.sendFromNativeBuffer(DatagramChannelImpl.java:573)
11-05 12:37:43.945  9109  9143 W System.err: 	at sun.nio.ch.DatagramChannelImpl.send(DatagramChannelImpl.java:550)
11-05 12:37:43.945  9109  9143 W System.err: 	at sun.nio.ch.DatagramChannelImpl.send(DatagramChannelImpl.java:514)
11-05 12:37:43.945  9109  9143 W System.err: 	at symlab.CloudAR.network.TransmissionTask.run(TransmissionTask.java:124)
11-05 12:37:43.945  9109  9143 W System.err: 	at android.os.Handler.handleCallback(Handler.java:907)
11-05 12:37:43.945  9109  9143 W System.err: 	at android.os.Handler.dispatchMessage(Handler.java:105)
11-05 12:37:43.945  9109  9143 W System.err: 	at android.os.Looper.loop(Looper.java:216)
11-05 12:37:43.945  9109  9143 W System.err: 	at android.os.HandlerThread.run(HandlerThread.java:65)
11-05 12:37:43.967  9109  9143 W System.err: java.net.SocketException: Message too long
11-05 12:37:43.968  9109  9143 W System.err: 	at sun.nio.ch.DatagramChannelImpl.send0(Native Method)
11-05 12:37:43.968  9109  9143 W System.err: 	at sun.nio.ch.DatagramChannelImpl.sendFromNativeBuffer(DatagramChannelImpl.java:573)
11-05 12:37:43.968  9109  9143 W System.err: 	at sun.nio.ch.DatagramChannelImpl.send(DatagramChannelImpl.java:550)
11-05 12:37:43.968  9109  9143 W System.err: 	at sun.nio.ch.DatagramChannelImpl.send(DatagramChannelImpl.java:514)
11-05 12:37:43.968  9109  9143 W System.err: 	at symlab.CloudAR.network.TransmissionTask.run(TransmissionTask.java:124)
11-05 12:37:43.968  9109  9143 W System.err: 	at android.os.Handler.handleCallback(Handler.java:907)
11-05 12:37:43.968  9109  9143 W System.err: 	at android.os.Handler.dispatchMessage(Handler.java:105)
11-05 12:37:43.968  9109  9143 W System.err: 	at android.os.Looper.loop(Looper.java:216)
11-05 12:37:43.968  9109  9143 W System.err: 	at android.os.HandlerThread.run(HandlerThread.java:65)
11-05 12:37:43.987  9109  9143 W System.err: java.net.SocketException: Message too long
11-05 12:37:43.988  9109  9143 W System.err: 	at sun.nio.ch.DatagramChannelImpl.send0(Native Method)
11-05 12:37:43.988  9109  9143 W System.err: 	at sun.nio.ch.DatagramChannelImpl.sendFromNativeBuffer(DatagramChannelImpl.java:573)
11-05 12:37:43.988  9109  9143 W System.err: 	at sun.nio.ch.DatagramChannelImpl.send(DatagramChannelImpl.java:550)
11-05 12:37:43.988  9109  9143 W System.err: 	at sun.nio.ch.DatagramChannelImpl.send(DatagramChannelImpl.java:514)
11-05 12:37:43.988  9109  9143 W System.err: 	at symlab.CloudAR.network.TransmissionTask.run(TransmissionTask.java:124)
11-05 12:37:43.988  9109  9143 W System.err: 	at android.os.Handler.handleCallback(Handler.java:907)
11-05 12:37:43.988  9109  9143 W System.err: 	at android.os.Handler.dispatchMessage(Handler.java:105)
11-05 12:37:43.988  9109  9143 W System.err: 	at android.os.Looper.loop(Looper.java:216)
11-05 12:37:43.988  9109  9143 W System.err: 	at android.os.HandlerThread.run(HandlerThread.java:65)
11-05 12:37:44.029  9109  9143 W System.err: java.net.SocketException: Message too long
11-05 12:37:44.029  9109  9143 W System.err: 	at sun.nio.ch.DatagramChannelImpl.send0(Native Method)
11-05 12:37:44.029  9109  9143 W System.err: 	at sun.nio.ch.DatagramChannelImpl.sendFromNativeBuffer(DatagramChannelImpl.java:573)
11-05 12:37:44.029  9109  9143 W System.err: 	at sun.nio.ch.DatagramChannelImpl.send(DatagramChannelImpl.java:550)
11-05 12:37:44.029  9109  9143 W System.err: 	at sun.nio.ch.DatagramChannelImpl.send(DatagramChannelImpl.java:514)
11-05 12:37:44.029  9109  9143 W System.err: 	at symlab.CloudAR.network.TransmissionTask.run(TransmissionTask.java:124)
11-05 12:37:44.030  9109  9143 W System.err: 	at android.os.Handler.handleCallback(Handler.java:907)
11-05 12:37:44.030  9109  9143 W System.err: 	at android.os.Handler.dispatchMessage(Handler.java:105)
11-05 12:37:44.030  9109  9143 W System.err: 	at android.os.Looper.loop(Looper.java:216)
11-05 12:37:44.030  9109  9143 W System.err: 	at android.os.HandlerThread.run(HandlerThread.java:65)
11-05 12:37:44.055  9109  9143 W System.err: java.net.SocketException: Message too long
11-05 12:37:44.055  9109  9143 W System.err: 	at sun.nio.ch.DatagramChannelImpl.send0(Native Method)
11-05 12:37:44.055  9109  9143 W System.err: 	at sun.nio.ch.DatagramChannelImpl.sendFromNativeBuffer(DatagramChannelImpl.java:573)
11-05 12:37:44.056  9109  9143 W System.err: 	at sun.nio.ch.DatagramChannelImpl.send(DatagramChannelImpl.java:550)
11-05 12:37:44.056  9109  9143 W System.err: 	at sun.nio.ch.DatagramChannelImpl.send(DatagramChannelImpl.java:514)
11-05 12:37:44.056  9109  9143 W System.err: 	at symlab.CloudAR.network.TransmissionTask.run(TransmissionTask.java:124)
11-05 12:37:44.056  9109  9143 W System.err: 	at android.os.Handler.handleCallback(Handler.java:907)
11-05 12:37:44.056  9109  9143 W System.err: 	at android.os.Handler.dispatchMessage(Handler.java:105)
11-05 12:37:44.056  9109  9143 W System.err: 	at android.os.Looper.loop(Looper.java:216)
11-05 12:37:44.056  9109  9143 W System.err: 	at android.os.HandlerThread.run(HandlerThread.java:65)
11-05 12:37:44.098  9109  9143 W System.err: java.net.SocketException: Message too long
11-05 12:37:44.098  9109  9143 W System.err: 	at sun.nio.ch.DatagramChannelImpl.send0(Native Method)
11-05 12:37:44.098  9109  9143 W System.err: 	at sun.nio.ch.DatagramChannelImpl.sendFromNativeBuffer(DatagramChannelImpl.java:573)
11-05 12:37:44.098  9109  9143 W System.err: 	at sun.nio.ch.DatagramChannelImpl.send(DatagramChannelImpl.java:550)
11-05 12:37:44.098  9109  9143 W System.err: 	at sun.nio.ch.DatagramChannelImpl.send(DatagramChannelImpl.java:514)
11-05 12:37:44.098  9109  9143 W System.err: 	at symlab.CloudAR.network.TransmissionTask.run(TransmissionTask.java:124)
11-05 12:37:44.099  9109  9143 W System.err: 	at android.os.Handler.handleCallback(Handler.java:907)
11-05 12:37:44.099  9109  9143 W System.err: 	at android.os.Handler.dispatchMessage(Handler.java:105)
11-05 12:37:44.099  9109  9143 W System.err: 	at android.os.Looper.loop(Looper.java:216)
11-05 12:37:44.099  9109  9143 W System.err: 	at android.os.HandlerThread.run(HandlerThread.java:65)
11-05 12:37:44.118  9109  9143 W System.err: java.net.SocketException: Message too long
11-05 12:37:44.118  9109  9143 W System.err: 	at sun.nio.ch.DatagramChannelImpl.send0(Native Method)
11-05 12:37:44.118  9109  9143 W System.err: 	at sun.nio.ch.DatagramChannelImpl.sendFromNativeBuffer(DatagramChannelImpl.java:573)
11-05 12:37:44.118  9109  9143 W System.err: 	at sun.nio.ch.DatagramChannelImpl.send(DatagramChannelImpl.java:550)
11-05 12:37:44.118  9109  9143 W System.err: 	at sun.nio.ch.DatagramChannelImpl.send(DatagramChannelImpl.java:514)
11-05 12:37:44.118  9109  9143 W System.err: 	at symlab.CloudAR.network.TransmissionTask.run(TransmissionTask.java:124)
11-05 12:37:44.118  9109  9143 W System.err: 	at android.os.Handler.handleCallback(Handler.java:907)
11-05 12:37:44.118  9109  9143 W System.err: 	at android.os.Handler.dispatchMessage(Handler.java:105)
11-05 12:37:44.118  9109  9143 W System.err: 	at android.os.Looper.loop(Looper.java:216)
11-05 12:37:44.118  9109  9143 W System.err: 	at android.os.HandlerThread.run(HandlerThread.java:65)
11-05 12:37:44.163  9109  9143 W System.err: java.net.SocketException: Message too long
11-05 12:37:44.163  9109  9143 W System.err: 	at sun.nio.ch.DatagramChannelImpl.send0(Native Method)
11-05 12:37:44.163  9109  9143 W System.err: 	at sun.nio.ch.DatagramChannelImpl.sendFromNativeBuffer(DatagramChannelImpl.java:573)
11-05 12:37:44.163  9109  9143 W System.err: 	at sun.nio.ch.DatagramChannelImpl.send(DatagramChannelImpl.java:550)
11-05 12:37:44.163  9109  9143 W System.err: 	at sun.nio.ch.DatagramChannelImpl.send(DatagramChannelImpl.java:514)
11-05 12:37:44.163  9109  9143 W System.err: 	at symlab.CloudAR.network.TransmissionTask.run(TransmissionTask.java:124)
11-05 12:37:44.163  9109  9143 W System.err: 	at android.os.Handler.handleCallback(Handler.java:907)
11-05 12:37:44.163  9109  9143 W System.err: 	at android.os.Handler.dispatchMessage(Handler.java:105)
11-05 12:37:44.163  9109  9143 W System.err: 	at android.os.Looper.loop(Looper.java:216)
11-05 12:37:44.163  9109  9143 W System.err: 	at android.os.HandlerThread.run(HandlerThread.java:65)
11-05 12:37:44.195  9109  9143 W System.err: java.net.SocketException: Message too long
11-05 12:37:44.195  9109  9143 W System.err: 	at sun.nio.ch.DatagramChannelImpl.send0(Native Method)
11-05 12:37:44.195  9109  9143 W System.err: 	at sun.nio.ch.DatagramChannelImpl.sendFromNativeBuffer(DatagramChannelImpl.java:573)
11-05 12:37:44.195  9109  9143 W System.err: 	at sun.nio.ch.DatagramChannelImpl.send(DatagramChannelImpl.java:550)
11-05 12:37:44.195  9109  9143 W System.err: 	at sun.nio.ch.DatagramChannelImpl.send(DatagramChannelImpl.java:514)
11-05 12:37:44.195  9109  9143 W System.err: 	at symlab.CloudAR.network.TransmissionTask.run(TransmissionTask.java:124)
11-05 12:37:44.196  9109  9143 W System.err: 	at android.os.Handler.handleCallback(Handler.java:907)
11-05 12:37:44.196  9109  9143 W System.err: 	at android.os.Handler.dispatchMessage(Handler.java:105)
11-05 12:37:44.196  9109  9143 W System.err: 	at android.os.Looper.loop(Looper.java:216)
11-05 12:37:44.196  9109  9143 W System.err: 	at android.os.HandlerThread.run(HandlerThread.java:65)
11-05 12:37:44.242  9109  9143 W System.err: java.net.SocketException: Message too long
11-05 12:37:44.242  9109  9143 W System.err: 	at sun.nio.ch.DatagramChannelImpl.send0(Native Method)
11-05 12:37:44.242  9109  9143 W System.err: 	at sun.nio.ch.DatagramChannelImpl.sendFromNativeBuffer(DatagramChannelImpl.java:573)
11-05 12:37:44.242  9109  9143 W System.err: 	at sun.nio.ch.DatagramChannelImpl.send(DatagramChannelImpl.java:550)
11-05 12:37:44.242  9109  9143 W System.err: 	at sun.nio.ch.DatagramChannelImpl.send(DatagramChannelImpl.java:514)
11-05 12:37:44.242  9109  9143 W System.err: 	at symlab.CloudAR.network.TransmissionTask.run(TransmissionTask.java:124)
11-05 12:37:44.242  9109  9143 W System.err: 	at android.os.Handler.handleCallback(Handler.java:907)
11-05 12:37:44.242  9109  9143 W System.err: 	at android.os.Handler.dispatchMessage(Handler.java:105)
11-05 12:37:44.242  9109  9143 W System.err: 	at android.os.Looper.loop(Looper.java:216)
11-05 12:37:44.242  9109  9143 W System.err: 	at android.os.HandlerThread.run(HandlerThread.java:65)
11-05 12:37:44.275  9109  9143 W System.err: java.net.SocketException: Message too long
11-05 12:37:44.275  9109  9143 W System.err: 	at sun.nio.ch.DatagramChannelImpl.send0(Native Method)
11-05 12:37:44.275  9109  9143 W System.err: 	at sun.nio.ch.DatagramChannelImpl.sendFromNativeBuffer(DatagramChannelImpl.java:573)
11-05 12:37:44.275  9109  9143 W System.err: 	at sun.nio.ch.DatagramChannelImpl.send(DatagramChannelImpl.java:550)
11-05 12:37:44.275  9109  9143 W System.err: 	at sun.nio.ch.DatagramChannelImpl.send(DatagramChannelImpl.java:514)
11-05 12:37:44.275  9109  9143 W System.err: 	at symlab.CloudAR.network.TransmissionTask.run(TransmissionTask.java:124)
11-05 12:37:44.275  9109  9143 W System.err: 	at android.os.Handler.handleCallback(Handler.java:907)
11-05 12:37:44.275  9109  9143 W System.err: 	at android.os.Handler.dispatchMessage(Handler.java:105)
11-05 12:37:44.275  9109  9143 W System.err: 	at android.os.Looper.loop(Looper.java:216)
11-05 12:37:44.275  9109  9143 W System.err: 	at android.os.HandlerThread.run(HandlerThread.java:65)
11-05 12:37:44.301  9109  9143 W System.err: java.net.SocketException: Message too long
11-05 12:37:44.301  9109  9143 W System.err: 	at sun.nio.ch.DatagramChannelImpl.send0(Native Method)
11-05 12:37:44.301  9109  9143 W System.err: 	at sun.nio.ch.DatagramChannelImpl.sendFromNativeBuffer(DatagramChannelImpl.java:573)
11-05 12:37:44.301  9109  9143 W System.err: 	at sun.nio.ch.DatagramChannelImpl.send(DatagramChannelImpl.java:550)
11-05 12:37:44.301  9109  9143 W System.err: 	at sun.nio.ch.DatagramChannelImpl.send(DatagramChannelImpl.java:514)
11-05 12:37:44.301  9109  9143 W System.err: 	at symlab.CloudAR.network.TransmissionTask.run(TransmissionTask.java:124)
11-05 12:37:44.301  9109  9143 W System.err: 	at android.os.Handler.handleCallback(Handler.java:907)
11-05 12:37:44.301  9109  9143 W System.err: 	at android.os.Handler.dispatchMessage(Handler.java:105)
11-05 12:37:44.301  9109  9143 W System.err: 	at android.os.Looper.loop(Looper.java:216)
11-05 12:37:44.301  9109  9143 W System.err: 	at android.os.HandlerThread.run(HandlerThread.java:65)
11-05 12:37:44.323  9109  9143 W System.err: java.net.SocketException: Message too long
11-05 12:37:44.323  9109  9143 W System.err: 	at sun.nio.ch.DatagramChannelImpl.send0(Native Method)
11-05 12:37:44.323  9109  9143 W System.err: 	at sun.nio.ch.DatagramChannelImpl.sendFromNativeBuffer(DatagramChannelImpl.java:573)
11-05 12:37:44.323  9109  9143 W System.err: 	at sun.nio.ch.DatagramChannelImpl.send(DatagramChannelImpl.java:550)
11-05 12:37:44.323  9109  9143 W System.err: 	at sun.nio.ch.DatagramChannelImpl.send(DatagramChannelImpl.java:514)
11-05 12:37:44.323  9109  9143 W System.err: 	at symlab.CloudAR.network.TransmissionTask.run(TransmissionTask.java:124)
11-05 12:37:44.323  9109  9143 W System.err: 	at android.os.Handler.handleCallback(Handler.java:907)
11-05 12:37:44.323  9109  9143 W System.err: 	at android.os.Handler.dispatchMessage(Handler.java:105)
11-05 12:37:44.323  9109  9143 W System.err: 	at android.os.Looper.loop(Looper.java:216)
11-05 12:37:44.323  9109  9143 W System.err: 	at android.os.HandlerThread.run(HandlerThread.java:65)
11-05 12:37:44.361  9109  9143 D Evaluation: Frame 213 sent at 1572950264361
11-05 12:37:44.417  9109  9143 D Evaluation: Frame 214 sent at 1572950264417
11-05 12:37:44.440  9109  9143 D Evaluation: Frame 215 sent at 1572950264439
11-05 12:37:44.465  9109  9143 D Evaluation: Frame 216 sent at 1572950264465
11-05 12:37:44.502  9109  9143 D Evaluation: Frame 217 sent at 1572950264502
11-05 12:37:44.524  9109  9109 D Poster  : At 1572950264524 location is 65.0584891203456 (latitude), and 25.469197782329847 (longitude)
11-05 12:37:44.537  9109  9120 E         : [ZeroHung]zrhung_get_config: Get config failed for wp[0x0008]
11-05 12:37:44.538  9109  9143 D Evaluation: Frame 218 sent at 1572950264538
11-05 12:37:44.572  9109  9143 D Evaluation: Frame 219 sent at 1572950264571
11-05 12:37:44.606  9109  9143 D Evaluation: Frame 220 sent at 1572950264606
11-05 12:37:44.649  9109  9143 D Evaluation: Frame 221 sent at 1572950264649
11-05 12:37:44.681  9109  9143 D Evaluation: Frame 222 sent at 1572950264681
11-05 12:37:44.682  9109  9143 D Evaluation: 2 res for frame 213 received at 1572950264682
11-05 12:37:44.718  9109  9143 D Evaluation: Frame 223 sent at 1572950264718
11-05 12:37:44.749  9109  9143 D Evaluation: Frame 224 sent at 1572950264749
11-05 12:37:44.787  9109  9143 D Evaluation: Frame 226 sent at 1572950264787
11-05 12:37:44.813  9109  9143 W System.err: java.net.SocketException: Message too long
11-05 12:37:44.813  9109  9143 W System.err: 	at sun.nio.ch.DatagramChannelImpl.send0(Native Method)
11-05 12:37:44.813  9109  9143 W System.err: 	at sun.nio.ch.DatagramChannelImpl.sendFromNativeBuffer(DatagramChannelImpl.java:573)
11-05 12:37:44.813  9109  9143 W System.err: 	at sun.nio.ch.DatagramChannelImpl.send(DatagramChannelImpl.java:550)
11-05 12:37:44.813  9109  9143 W System.err: 	at sun.nio.ch.DatagramChannelImpl.send(DatagramChannelImpl.java:514)
11-05 12:37:44.813  9109  9143 W System.err: 	at symlab.CloudAR.network.TransmissionTask.run(TransmissionTask.java:124)
11-05 12:37:44.813  9109  9143 W System.err: 	at android.os.Handler.handleCallback(Handler.java:907)
11-05 12:37:44.813  9109  9143 W System.err: 	at android.os.Handler.dispatchMessage(Handler.java:105)
11-05 12:37:44.813  9109  9143 W System.err: 	at android.os.Looper.loop(Looper.java:216)
11-05 12:37:44.813  9109  9143 W System.err: 	at android.os.HandlerThread.run(HandlerThread.java:65)
11-05 12:37:44.835  9109  9143 W System.err: java.net.SocketException: Message too long
11-05 12:37:44.835  9109  9143 W System.err: 	at sun.nio.ch.DatagramChannelImpl.send0(Native Method)
11-05 12:37:44.836  9109  9143 W System.err: 	at sun.nio.ch.DatagramChannelImpl.sendFromNativeBuffer(DatagramChannelImpl.java:573)
11-05 12:37:44.836  9109  9143 W System.err: 	at sun.nio.ch.DatagramChannelImpl.send(DatagramChannelImpl.java:550)
11-05 12:37:44.836  9109  9143 W System.err: 	at sun.nio.ch.DatagramChannelImpl.send(DatagramChannelImpl.java:514)
11-05 12:37:44.836  9109  9143 W System.err: 	at symlab.CloudAR.network.TransmissionTask.run(TransmissionTask.java:124)
11-05 12:37:44.836  9109  9143 W System.err: 	at android.os.Handler.handleCallback(Handler.java:907)
11-05 12:37:44.836  9109  9143 W System.err: 	at android.os.Handler.dispatchMessage(Handler.java:105)
11-05 12:37:44.836  9109  9143 W System.err: 	at android.os.Looper.loop(Looper.java:216)
11-05 12:37:44.836  9109  9143 W System.err: 	at android.os.HandlerThread.run(HandlerThread.java:65)
11-05 12:37:44.870  9109  9143 D Evaluation: Frame 228 sent at 1572950264870
11-05 12:37:44.871  9109  9143 D Evaluation: 0 res for frame 214 received at 1572950264871
11-05 12:37:44.904  9109  9143 D Evaluation: Frame 229 sent at 1572950264904
11-05 12:37:44.958  9109  9143 D Evaluation: Frame 231 sent at 1572950264958
11-05 12:37:44.982  9109  9143 D Evaluation: Frame 231 sent at 1572950264982
11-05 12:37:45.016  9109  9143 D Evaluation: Frame 232 sent at 1572950265016
11-05 12:37:45.042  9109  9143 D Evaluation: Frame 233 sent at 1572950265042
11-05 12:37:45.086  9109  9143 D Evaluation: Frame 234 sent at 1572950265086
11-05 12:37:45.119  9109  9143 W System.err: java.net.SocketException: Message too long
11-05 12:37:45.119  9109  9143 W System.err: 	at sun.nio.ch.DatagramChannelImpl.send0(Native Method)
11-05 12:37:45.119  9109  9143 W System.err: 	at sun.nio.ch.DatagramChannelImpl.sendFromNativeBuffer(DatagramChannelImpl.java:573)
11-05 12:37:45.119  9109  9143 W System.err: 	at sun.nio.ch.DatagramChannelImpl.send(DatagramChannelImpl.java:550)
11-05 12:37:45.119  9109  9143 W System.err: 	at sun.nio.ch.DatagramChannelImpl.send(DatagramChannelImpl.java:514)
11-05 12:37:45.119  9109  9143 W System.err: 	at symlab.CloudAR.network.TransmissionTask.run(TransmissionTask.java:124)
11-05 12:37:45.119  9109  9143 W System.err: 	at android.os.Handler.handleCallback(Handler.java:907)
11-05 12:37:45.119  9109  9143 W System.err: 	at android.os.Handler.dispatchMessage(Handler.java:105)
11-05 12:37:45.119  9109  9143 W System.err: 	at android.os.Looper.loop(Looper.java:216)
11-05 12:37:45.119  9109  9143 W System.err: 	at android.os.HandlerThread.run(HandlerThread.java:65)
11-05 12:37:45.141  9109  9143 D Evaluation: Frame 236 sent at 1572950265141
11-05 12:37:45.169  9109  9143 D Evaluation: Frame 237 sent at 1572950265169
11-05 12:37:45.206  9109  9143 D Evaluation: Frame 238 sent at 1572950265206
11-05 12:37:45.240  9109  9143 W System.err: java.net.SocketException: Message too long
11-05 12:37:45.240  9109  9143 W System.err: 	at sun.nio.ch.DatagramChannelImpl.send0(Native Method)
11-05 12:37:45.240  9109  9143 W System.err: 	at sun.nio.ch.DatagramChannelImpl.sendFromNativeBuffer(DatagramChannelImpl.java:573)
11-05 12:37:45.240  9109  9143 W System.err: 	at sun.nio.ch.DatagramChannelImpl.send(DatagramChannelImpl.java:550)
11-05 12:37:45.240  9109  9143 W System.err: 	at sun.nio.ch.DatagramChannelImpl.send(DatagramChannelImpl.java:514)
11-05 12:37:45.240  9109  9143 W System.err: 	at symlab.CloudAR.network.TransmissionTask.run(TransmissionTask.java:124)
11-05 12:37:45.240  9109  9143 W System.err: 	at android.os.Handler.handleCallback(Handler.java:907)
11-05 12:37:45.240  9109  9143 W System.err: 	at android.os.Handler.dispatchMessage(Handler.java:105)
11-05 12:37:45.240  9109  9143 W System.err: 	at android.os.Looper.loop(Looper.java:216)
11-05 12:37:45.240  9109  9143 W System.err: 	at android.os.HandlerThread.run(HandlerThread.java:65)
11-05 12:37:45.278  9109  9143 D Evaluation: Frame 240 sent at 1572950265278
11-05 12:37:45.306  9109  9143 D Evaluation: Frame 241 sent at 1572950265306
11-05 12:37:45.355  9109  9143 D Evaluation: Frame 242 sent at 1572950265355
11-05 12:37:45.383  9109  9143 D Evaluation: Frame 243 sent at 1572950265383
11-05 12:37:45.414  9109  9143 D Evaluation: Frame 244 sent at 1572950265414
11-05 12:37:45.452  9109  9143 D Evaluation: Frame 245 sent at 1572950265452
11-05 12:37:45.474  9109  9143 D Evaluation: Frame 246 sent at 1572950265474
11-05 12:37:45.520  9109  9109 D Poster  : At 1572950265520 location is 65.05849374690133 (latitude), and 25.46916942546946 (longitude)
11-05 12:37:45.520  9109  9143 D Evaluation: Frame 247 sent at 1572950265520
11-05 12:37:45.547  9109  9143 D Evaluation: Frame 248 sent at 1572950265547
11-05 12:37:45.578  9109  9143 D Evaluation: Frame 249 sent at 1572950265578
11-05 12:37:45.616  9109  9120 E         : [ZeroHung]zrhung_get_config: Get config failed for wp[0x0008]
11-05 12:37:45.617  9109  9143 D Evaluation: Frame 250 sent at 1572950265617
11-05 12:37:45.645  9109  9118 W System  : A resource failed to call close. 
11-05 12:37:45.645  9109  9118 I chatty  : uid=10149(symlab.cloudridar.arhud) FinalizerDaemon identical 2 lines
11-05 12:37:45.645  9109  9118 W System  : A resource failed to call close. 
11-05 12:37:45.649  9109  9143 D Evaluation: Frame 251 sent at 1572950265649
