--------- beginning of main
11-07 11:29:12.204 19812 19838 E         : [ZeroHung]zrhung_get_config: Get config failed for wp[0x0102]
11-07 11:29:12.204 19812 19838 W ZrHung.AppEyeUiProbe: Failed to get config from zrhung
11-07 11:29:12.207 19836 19836 W logcat  : type=1400 audit(0.0:60766): avc: granted { create } for name="logcat_1573118952195.txt" scontext=u:r:untrusted_app:s0:c149,c256,c512,c768 tcontext=u:object_r:sdcardfs:s0:c149,c256,c512,c768 tclass=file
11-07 11:29:12.208 19812 19812 I MultiDex: Installing application
11-07 11:29:12.208 19812 19812 I MultiDex: VM has multidex support, MultiDex support library is disabled.
--------- beginning of system
11-07 11:29:12.211 19812 19812 V ActivityThread: callActivityOnCreate
11-07 11:29:12.211 19812 19812 I Poster  :  onCreate() called.
11-07 11:29:12.214 19812 19812 I HwApsImpl: APS: new HwApsImpl created
11-07 11:29:12.220 19812 19812 V HwWidgetFactory: : successes to get AllImpl object and return....
11-07 11:29:12.228 19812 19812 D OpenGLRenderer: Skia GL Pipeline
11-07 11:29:12.250 19812 19812 D Poster  : Server bound to IP 193.166.28.132 and port 52727
11-07 11:29:12.252 19812 19812 D ActivityThread: add activity client record, r= ActivityRecord{24fb417 token=android.os.BinderProxy@3a687be {symlab.cloudridar.arhud/symlab.ARHUD.MainActivity}} token= android.os.BinderProxy@3a687be
11-07 11:29:12.252 19812 19847 D Evaluation: metadata 0 sent 
11-07 11:29:12.254 19812 19812 I Poster  :  onStart() called.
11-07 11:29:12.254 19812 19812 D ZrHung.AppEyeUiProbe: notify runnable to start.
11-07 11:29:12.256 19812 19812 I Poster  :  onResume() called.
11-07 11:29:12.260 19812 19812 I PermissionManager: camera remind result:true
11-07 11:29:12.260 19812 19812 I Camera  : open camera: 0, package name: symlab.cloudridar.arhud
11-07 11:29:12.260 19812 19812 I BackgroundPermManager: pkgName: symlab.cloudridar.arhud,pid: 19812 ,uidOf3RdApk: 10149 ,permType: 0 ,permCfg: 1
11-07 11:29:12.261 19812 19812 I HwCameraUtil: notifySurfaceFlingerCameraStatus : isFront = false , isOpend = true
11-07 11:29:12.270 19812 19812 D ActivityThread: isOptEnabled=false isWechatScanOpt=false
11-07 11:29:12.273 19812 19812 I HwSecImmHelper: mSecurityInputMethodService is null
11-07 11:29:12.279 19812 19812 D OpenGLRenderer:   HWUI Binary is  enabled
11-07 11:29:12.296 19812 19865 D HiTouch_PressGestureDetector: onAttached, package=symlab.cloudridar.arhud, windowType=1, mHiTouchRestricted=false
11-07 11:29:12.305 19812 19863 I ConfigStore: android::hardware::configstore::V1_0::ISurfaceFlingerConfigs::hasWideColorDisplay retrieved: 0
11-07 11:29:12.306 19812 19863 I ConfigStore: android::hardware::configstore::V1_0::ISurfaceFlingerConfigs::hasHDRDisplay retrieved: 0
11-07 11:29:12.306 19812 19863 I iGraphics: [0020080c] pn: symlab.cloudridar.arhud, p: 19812
11-07 11:29:12.306 19812 19863 I OpenGLRenderer: Initialized EGL, version 1.4, mEglDisplay 0x1
11-07 11:29:12.306 19812 19863 D OpenGLRenderer: Swap behavior 2
11-07 11:29:12.314 19812 19863 D mali_winsys: EGLint new_window_surface(egl_winsys_display *, void *, EGLSurface, EGLConfig, egl_winsys_surface **, EGLBoolean) returns 0x3000
11-07 11:29:12.323 19812 19812 I Poster  :  surfaceCreated() called.
11-07 11:29:12.323 19812 19812 I Poster  : initPreview() called
11-07 11:29:12.324 19812 19823 E         : [ZeroHung]zrhung_get_config: Get config failed for wp[0x0008]
11-07 11:29:12.327 19812 19812 I PermissionManager: camera remind result:true
11-07 11:29:12.332 19812 19812 I Poster  :  surfaceChanged() called.
11-07 11:29:12.350 19812 19812 W InputMethodManager: startInputReason = 1
11-07 11:29:12.363 19812 19812 W InputMethodManager: startInputReason = 5
11-07 11:29:12.462 19812 19812 D Poster  : At 1573118952462 location is 65.05734178123357 (latitude), and 25.469554968183992 (longitude)
11-07 11:29:12.465 19812 19812 D Poster  : Connected to mobile network 20
11-07 11:29:12.621 19812 19847 D Evaluation: metadata 1 sent 
11-07 11:29:12.653 19812 19847 D Evaluation: metadata 2 sent 
11-07 11:29:12.689 19812 19847 D Evaluation: metadata 3 sent 
11-07 11:29:12.724 19812 19847 D Evaluation: metadata 4 sent 
11-07 11:29:12.758 19812 19847 D Evaluation: metadata 5 sent 
11-07 11:29:12.807 19812 19847 W System.err: java.net.SocketException: Message too long
11-07 11:29:12.807 19812 19847 W System.err: 	at sun.nio.ch.DatagramChannelImpl.send0(Native Method)
11-07 11:29:12.807 19812 19847 W System.err: 	at sun.nio.ch.DatagramChannelImpl.sendFromNativeBuffer(DatagramChannelImpl.java:573)
11-07 11:29:12.807 19812 19847 W System.err: 	at sun.nio.ch.DatagramChannelImpl.send(DatagramChannelImpl.java:550)
11-07 11:29:12.807 19812 19847 W System.err: 	at sun.nio.ch.DatagramChannelImpl.send(DatagramChannelImpl.java:514)
11-07 11:29:12.807 19812 19847 W System.err: 	at symlab.CloudAR.network.TransmissionTask.run(TransmissionTask.java:124)
11-07 11:29:12.807 19812 19847 W System.err: 	at android.os.Handler.handleCallback(Handler.java:907)
11-07 11:29:12.807 19812 19847 W System.err: 	at android.os.Handler.dispatchMessage(Handler.java:105)
11-07 11:29:12.807 19812 19847 W System.err: 	at android.os.Looper.loop(Looper.java:216)
11-07 11:29:12.807 19812 19847 W System.err: 	at android.os.HandlerThread.run(HandlerThread.java:65)
11-07 11:29:12.841 19812 19847 D Evaluation: Frame 7 sent at 1573118952841
11-07 11:29:12.870 19812 19847 D Evaluation: Frame 8 sent at 1573118952870
11-07 11:29:12.902 19812 19847 D Evaluation: Frame 9 sent at 1573118952902
11-07 11:29:12.941 19812 19847 D Evaluation: Frame 10 sent at 1573118952941
11-07 11:29:12.970 19812 19847 D Evaluation: Frame 11 sent at 1573118952970
11-07 11:29:13.005 19812 19847 D Evaluation: Frame 12 sent at 1573118953005
11-07 11:29:13.037 19812 19847 D Evaluation: Frame 13 sent at 1573118953037
11-07 11:29:13.071 19812 19847 W System.err: java.net.SocketException: Message too long
11-07 11:29:13.072 19812 19847 W System.err: 	at sun.nio.ch.DatagramChannelImpl.send0(Native Method)
11-07 11:29:13.072 19812 19847 W System.err: 	at sun.nio.ch.DatagramChannelImpl.sendFromNativeBuffer(DatagramChannelImpl.java:573)
11-07 11:29:13.072 19812 19847 W System.err: 	at sun.nio.ch.DatagramChannelImpl.send(DatagramChannelImpl.java:550)
11-07 11:29:13.072 19812 19847 W System.err: 	at sun.nio.ch.DatagramChannelImpl.send(DatagramChannelImpl.java:514)
11-07 11:29:13.072 19812 19847 W System.err: 	at symlab.CloudAR.network.TransmissionTask.run(TransmissionTask.java:124)
11-07 11:29:13.072 19812 19847 W System.err: 	at android.os.Handler.handleCallback(Handler.java:907)
11-07 11:29:13.072 19812 19847 W System.err: 	at android.os.Handler.dispatchMessage(Handler.java:105)
11-07 11:29:13.072 19812 19847 W System.err: 	at android.os.Looper.loop(Looper.java:216)
11-07 11:29:13.072 19812 19847 W System.err: 	at android.os.HandlerThread.run(HandlerThread.java:65)
11-07 11:29:13.108 19812 19847 W System.err: java.net.SocketException: Message too long
11-07 11:29:13.108 19812 19847 W System.err: 	at sun.nio.ch.DatagramChannelImpl.send0(Native Method)
11-07 11:29:13.108 19812 19847 W System.err: 	at sun.nio.ch.DatagramChannelImpl.sendFromNativeBuffer(DatagramChannelImpl.java:573)
11-07 11:29:13.108 19812 19847 W System.err: 	at sun.nio.ch.DatagramChannelImpl.send(DatagramChannelImpl.java:550)
11-07 11:29:13.108 19812 19847 W System.err: 	at sun.nio.ch.DatagramChannelImpl.send(DatagramChannelImpl.java:514)
11-07 11:29:13.108 19812 19847 W System.err: 	at symlab.CloudAR.network.TransmissionTask.run(TransmissionTask.java:124)
11-07 11:29:13.108 19812 19847 W System.err: 	at android.os.Handler.handleCallback(Handler.java:907)
11-07 11:29:13.108 19812 19847 W System.err: 	at android.os.Handler.dispatchMessage(Handler.java:105)
11-07 11:29:13.108 19812 19847 W System.err: 	at android.os.Looper.loop(Looper.java:216)
11-07 11:29:13.108 19812 19847 W System.err: 	at android.os.HandlerThread.run(HandlerThread.java:65)
11-07 11:29:13.141 19812 19847 W System.err: java.net.SocketException: Message too long
11-07 11:29:13.141 19812 19847 W System.err: 	at sun.nio.ch.DatagramChannelImpl.send0(Native Method)
11-07 11:29:13.141 19812 19847 W System.err: 	at sun.nio.ch.DatagramChannelImpl.sendFromNativeBuffer(DatagramChannelImpl.java:573)
11-07 11:29:13.141 19812 19847 W System.err: 	at sun.nio.ch.DatagramChannelImpl.send(DatagramChannelImpl.java:550)
11-07 11:29:13.141 19812 19847 W System.err: 	at sun.nio.ch.DatagramChannelImpl.send(DatagramChannelImpl.java:514)
11-07 11:29:13.141 19812 19847 W System.err: 	at symlab.CloudAR.network.TransmissionTask.run(TransmissionTask.java:124)
11-07 11:29:13.141 19812 19847 W System.err: 	at android.os.Handler.handleCallback(Handler.java:907)
11-07 11:29:13.141 19812 19847 W System.err: 	at android.os.Handler.dispatchMessage(Handler.java:105)
11-07 11:29:13.141 19812 19847 W System.err: 	at android.os.Looper.loop(Looper.java:216)
11-07 11:29:13.141 19812 19847 W System.err: 	at android.os.HandlerThread.run(HandlerThread.java:65)
11-07 11:29:13.142 19812 19847 D Evaluation: 0 res for frame 7 received at 1573118953142
11-07 11:29:13.175 19812 19847 W System.err: java.net.SocketException: Message too long
11-07 11:29:13.175 19812 19847 W System.err: 	at sun.nio.ch.DatagramChannelImpl.send0(Native Method)
11-07 11:29:13.175 19812 19847 W System.err: 	at sun.nio.ch.DatagramChannelImpl.sendFromNativeBuffer(DatagramChannelImpl.java:573)
11-07 11:29:13.175 19812 19847 W System.err: 	at sun.nio.ch.DatagramChannelImpl.send(DatagramChannelImpl.java:550)
11-07 11:29:13.175 19812 19847 W System.err: 	at sun.nio.ch.DatagramChannelImpl.send(DatagramChannelImpl.java:514)
11-07 11:29:13.175 19812 19847 W System.err: 	at symlab.CloudAR.network.TransmissionTask.run(TransmissionTask.java:124)
11-07 11:29:13.175 19812 19847 W System.err: 	at android.os.Handler.handleCallback(Handler.java:907)
11-07 11:29:13.175 19812 19847 W System.err: 	at android.os.Handler.dispatchMessage(Handler.java:105)
11-07 11:29:13.175 19812 19847 W System.err: 	at android.os.Looper.loop(Looper.java:216)
11-07 11:29:13.175 19812 19847 W System.err: 	at android.os.HandlerThread.run(HandlerThread.java:65)
11-07 11:29:13.208 19812 19847 W System.err: java.net.SocketException: Message too long
11-07 11:29:13.208 19812 19847 W System.err: 	at sun.nio.ch.DatagramChannelImpl.send0(Native Method)
11-07 11:29:13.208 19812 19847 W System.err: 	at sun.nio.ch.DatagramChannelImpl.sendFromNativeBuffer(DatagramChannelImpl.java:573)
11-07 11:29:13.208 19812 19847 W System.err: 	at sun.nio.ch.DatagramChannelImpl.send(DatagramChannelImpl.java:550)
11-07 11:29:13.208 19812 19847 W System.err: 	at sun.nio.ch.DatagramChannelImpl.send(DatagramChannelImpl.java:514)
11-07 11:29:13.208 19812 19847 W System.err: 	at symlab.CloudAR.network.TransmissionTask.run(TransmissionTask.java:124)
11-07 11:29:13.208 19812 19847 W System.err: 	at android.os.Handler.handleCallback(Handler.java:907)
11-07 11:29:13.208 19812 19847 W System.err: 	at android.os.Handler.dispatchMessage(Handler.java:105)
11-07 11:29:13.208 19812 19847 W System.err: 	at android.os.Looper.loop(Looper.java:216)
11-07 11:29:13.208 19812 19847 W System.err: 	at android.os.HandlerThread.run(HandlerThread.java:65)
11-07 11:29:13.241 19812 19847 W System.err: java.net.SocketException: Message too long
11-07 11:29:13.241 19812 19847 W System.err: 	at sun.nio.ch.DatagramChannelImpl.send0(Native Method)
11-07 11:29:13.241 19812 19847 W System.err: 	at sun.nio.ch.DatagramChannelImpl.sendFromNativeBuffer(DatagramChannelImpl.java:573)
11-07 11:29:13.241 19812 19847 W System.err: 	at sun.nio.ch.DatagramChannelImpl.send(DatagramChannelImpl.java:550)
11-07 11:29:13.241 19812 19847 W System.err: 	at sun.nio.ch.DatagramChannelImpl.send(DatagramChannelImpl.java:514)
11-07 11:29:13.241 19812 19847 W System.err: 	at symlab.CloudAR.network.TransmissionTask.run(TransmissionTask.java:124)
11-07 11:29:13.242 19812 19847 W System.err: 	at android.os.Handler.handleCallback(Handler.java:907)
11-07 11:29:13.242 19812 19847 W System.err: 	at android.os.Handler.dispatchMessage(Handler.java:105)
11-07 11:29:13.242 19812 19847 W System.err: 	at android.os.Looper.loop(Looper.java:216)
11-07 11:29:13.242 19812 19847 W System.err: 	at android.os.HandlerThread.run(HandlerThread.java:65)
11-07 11:29:13.279 19812 19847 W System.err: java.net.SocketException: Message too long
11-07 11:29:13.279 19812 19847 W System.err: 	at sun.nio.ch.DatagramChannelImpl.send0(Native Method)
11-07 11:29:13.279 19812 19847 W System.err: 	at sun.nio.ch.DatagramChannelImpl.sendFromNativeBuffer(DatagramChannelImpl.java:573)
11-07 11:29:13.279 19812 19847 W System.err: 	at sun.nio.ch.DatagramChannelImpl.send(DatagramChannelImpl.java:550)
11-07 11:29:13.279 19812 19847 W System.err: 	at sun.nio.ch.DatagramChannelImpl.send(DatagramChannelImpl.java:514)
11-07 11:29:13.279 19812 19847 W System.err: 	at symlab.CloudAR.network.TransmissionTask.run(TransmissionTask.java:124)
11-07 11:29:13.280 19812 19847 W System.err: 	at android.os.Handler.handleCallback(Handler.java:907)
11-07 11:29:13.280 19812 19847 W System.err: 	at android.os.Handler.dispatchMessage(Handler.java:105)
11-07 11:29:13.280 19812 19847 W System.err: 	at android.os.Looper.loop(Looper.java:216)
11-07 11:29:13.280 19812 19847 W System.err: 	at android.os.HandlerThread.run(HandlerThread.java:65)
11-07 11:29:13.280 19812 19847 D Evaluation: 0 res for frame 8 received at 1573118953280
11-07 11:29:13.308 19812 19847 W System.err: java.net.SocketException: Message too long
11-07 11:29:13.308 19812 19847 W System.err: 	at sun.nio.ch.DatagramChannelImpl.send0(Native Method)
11-07 11:29:13.308 19812 19847 W System.err: 	at sun.nio.ch.DatagramChannelImpl.sendFromNativeBuffer(DatagramChannelImpl.java:573)
11-07 11:29:13.308 19812 19847 W System.err: 	at sun.nio.ch.DatagramChannelImpl.send(DatagramChannelImpl.java:550)
11-07 11:29:13.308 19812 19847 W System.err: 	at sun.nio.ch.DatagramChannelImpl.send(DatagramChannelImpl.java:514)
11-07 11:29:13.308 19812 19847 W System.err: 	at symlab.CloudAR.network.TransmissionTask.run(TransmissionTask.java:124)
11-07 11:29:13.308 19812 19847 W System.err: 	at android.os.Handler.handleCallback(Handler.java:907)
11-07 11:29:13.308 19812 19847 W System.err: 	at android.os.Handler.dispatchMessage(Handler.java:105)
11-07 11:29:13.308 19812 19847 W System.err: 	at android.os.Looper.loop(Looper.java:216)
11-07 11:29:13.308 19812 19847 W System.err: 	at android.os.HandlerThread.run(HandlerThread.java:65)
11-07 11:29:13.342 19812 19847 W System.err: java.net.SocketException: Message too long
11-07 11:29:13.342 19812 19847 W System.err: 	at sun.nio.ch.DatagramChannelImpl.send0(Native Method)
11-07 11:29:13.342 19812 19847 W System.err: 	at sun.nio.ch.DatagramChannelImpl.sendFromNativeBuffer(DatagramChannelImpl.java:573)
11-07 11:29:13.342 19812 19847 W System.err: 	at sun.nio.ch.DatagramChannelImpl.send(DatagramChannelImpl.java:550)
11-07 11:29:13.342 19812 19847 W System.err: 	at sun.nio.ch.DatagramChannelImpl.send(DatagramChannelImpl.java:514)
11-07 11:29:13.342 19812 19847 W System.err: 	at symlab.CloudAR.network.TransmissionTask.run(TransmissionTask.java:124)
11-07 11:29:13.342 19812 19847 W System.err: 	at android.os.Handler.handleCallback(Handler.java:907)
11-07 11:29:13.342 19812 19847 W System.err: 	at android.os.Handler.dispatchMessage(Handler.java:105)
11-07 11:29:13.342 19812 19847 W System.err: 	at android.os.Looper.loop(Looper.java:216)
11-07 11:29:13.342 19812 19847 W System.err: 	at android.os.HandlerThread.run(HandlerThread.java:65)
11-07 11:29:13.375 19812 19847 W System.err: java.net.SocketException: Message too long
11-07 11:29:13.375 19812 19847 W System.err: 	at sun.nio.ch.DatagramChannelImpl.send0(Native Method)
11-07 11:29:13.375 19812 19847 W System.err: 	at sun.nio.ch.DatagramChannelImpl.sendFromNativeBuffer(DatagramChannelImpl.java:573)
11-07 11:29:13.375 19812 19847 W System.err: 	at sun.nio.ch.DatagramChannelImpl.send(DatagramChannelImpl.java:550)
11-07 11:29:13.375 19812 19847 W System.err: 	at sun.nio.ch.DatagramChannelImpl.send(DatagramChannelImpl.java:514)
11-07 11:29:13.375 19812 19847 W System.err: 	at symlab.CloudAR.network.TransmissionTask.run(TransmissionTask.java:124)
11-07 11:29:13.375 19812 19847 W System.err: 	at android.os.Handler.handleCallback(Handler.java:907)
11-07 11:29:13.375 19812 19847 W System.err: 	at android.os.Handler.dispatchMessage(Handler.java:105)
11-07 11:29:13.375 19812 19847 W System.err: 	at android.os.Looper.loop(Looper.java:216)
11-07 11:29:13.375 19812 19847 W System.err: 	at android.os.HandlerThread.run(HandlerThread.java:65)
11-07 11:29:13.409 19812 19847 W System.err: java.net.SocketException: Message too long
11-07 11:29:13.409 19812 19847 W System.err: 	at sun.nio.ch.DatagramChannelImpl.send0(Native Method)
11-07 11:29:13.409 19812 19847 W System.err: 	at sun.nio.ch.DatagramChannelImpl.sendFromNativeBuffer(DatagramChannelImpl.java:573)
11-07 11:29:13.409 19812 19847 W System.err: 	at sun.nio.ch.DatagramChannelImpl.send(DatagramChannelImpl.java:550)
11-07 11:29:13.409 19812 19847 W System.err: 	at sun.nio.ch.DatagramChannelImpl.send(DatagramChannelImpl.java:514)
11-07 11:29:13.409 19812 19847 W System.err: 	at symlab.CloudAR.network.TransmissionTask.run(TransmissionTask.java:124)
11-07 11:29:13.409 19812 19847 W System.err: 	at android.os.Handler.handleCallback(Handler.java:907)
11-07 11:29:13.409 19812 19847 W System.err: 	at android.os.Handler.dispatchMessage(Handler.java:105)
11-07 11:29:13.409 19812 19847 W System.err: 	at android.os.Looper.loop(Looper.java:216)
11-07 11:29:13.409 19812 19847 W System.err: 	at android.os.HandlerThread.run(HandlerThread.java:65)
11-07 11:29:13.440 19812 19812 D Poster  : At 1573118953440 location is 65.05734835268437 (latitude), and 25.46957173127627 (longitude)
11-07 11:29:13.442 19812 19812 D Poster  : Connected to mobile network 20
11-07 11:29:13.444 19812 19847 W System.err: java.net.SocketException: Message too long
11-07 11:29:13.444 19812 19847 W System.err: 	at sun.nio.ch.DatagramChannelImpl.send0(Native Method)
11-07 11:29:13.444 19812 19847 W System.err: 	at sun.nio.ch.DatagramChannelImpl.sendFromNativeBuffer(DatagramChannelImpl.java:573)
11-07 11:29:13.444 19812 19847 W System.err: 	at sun.nio.ch.DatagramChannelImpl.send(DatagramChannelImpl.java:550)
11-07 11:29:13.444 19812 19847 W System.err: 	at sun.nio.ch.DatagramChannelImpl.send(DatagramChannelImpl.java:514)
11-07 11:29:13.444 19812 19847 W System.err: 	at symlab.CloudAR.network.TransmissionTask.run(TransmissionTask.java:124)
11-07 11:29:13.444 19812 19847 W System.err: 	at android.os.Handler.handleCallback(Handler.java:907)
11-07 11:29:13.444 19812 19847 W System.err: 	at android.os.Handler.dispatchMessage(Handler.java:105)
11-07 11:29:13.444 19812 19847 W System.err: 	at android.os.Looper.loop(Looper.java:216)
11-07 11:29:13.444 19812 19847 W System.err: 	at android.os.HandlerThread.run(HandlerThread.java:65)
11-07 11:29:13.476 19812 19847 W System.err: java.net.SocketException: Message too long
11-07 11:29:13.476 19812 19847 W System.err: 	at sun.nio.ch.DatagramChannelImpl.send0(Native Method)
11-07 11:29:13.476 19812 19847 W System.err: 	at sun.nio.ch.DatagramChannelImpl.sendFromNativeBuffer(DatagramChannelImpl.java:573)
11-07 11:29:13.476 19812 19847 W System.err: 	at sun.nio.ch.DatagramChannelImpl.send(DatagramChannelImpl.java:550)
11-07 11:29:13.476 19812 19847 W System.err: 	at sun.nio.ch.DatagramChannelImpl.send(DatagramChannelImpl.java:514)
11-07 11:29:13.476 19812 19847 W System.err: 	at symlab.CloudAR.network.TransmissionTask.run(TransmissionTask.java:124)
11-07 11:29:13.476 19812 19847 W System.err: 	at android.os.Handler.handleCallback(Handler.java:907)
11-07 11:29:13.476 19812 19847 W System.err: 	at android.os.Handler.dispatchMessage(Handler.java:105)
11-07 11:29:13.476 19812 19847 W System.err: 	at android.os.Looper.loop(Looper.java:216)
11-07 11:29:13.476 19812 19847 W System.err: 	at android.os.HandlerThread.run(HandlerThread.java:65)
11-07 11:29:13.509 19812 19847 W System.err: java.net.SocketException: Message too long
11-07 11:29:13.509 19812 19847 W System.err: 	at sun.nio.ch.DatagramChannelImpl.send0(Native Method)
11-07 11:29:13.509 19812 19847 W System.err: 	at sun.nio.ch.DatagramChannelImpl.sendFromNativeBuffer(DatagramChannelImpl.java:573)
11-07 11:29:13.509 19812 19847 W System.err: 	at sun.nio.ch.DatagramChannelImpl.send(DatagramChannelImpl.java:550)
11-07 11:29:13.509 19812 19847 W System.err: 	at sun.nio.ch.DatagramChannelImpl.send(DatagramChannelImpl.java:514)
11-07 11:29:13.509 19812 19847 W System.err: 	at symlab.CloudAR.network.TransmissionTask.run(TransmissionTask.java:124)
11-07 11:29:13.509 19812 19847 W System.err: 	at android.os.Handler.handleCallback(Handler.java:907)
11-07 11:29:13.509 19812 19847 W System.err: 	at android.os.Handler.dispatchMessage(Handler.java:105)
11-07 11:29:13.509 19812 19847 W System.err: 	at android.os.Looper.loop(Looper.java:216)
11-07 11:29:13.509 19812 19847 W System.err: 	at android.os.HandlerThread.run(HandlerThread.java:65)
11-07 11:29:13.548 19812 19847 W System.err: java.net.SocketException: Message too long
11-07 11:29:13.549 19812 19847 W System.err: 	at sun.nio.ch.DatagramChannelImpl.send0(Native Method)
11-07 11:29:13.549 19812 19847 W System.err: 	at sun.nio.ch.DatagramChannelImpl.sendFromNativeBuffer(DatagramChannelImpl.java:573)
11-07 11:29:13.549 19812 19847 W System.err: 	at sun.nio.ch.DatagramChannelImpl.send(DatagramChannelImpl.java:550)
11-07 11:29:13.549 19812 19847 W System.err: 	at sun.nio.ch.DatagramChannelImpl.send(DatagramChannelImpl.java:514)
11-07 11:29:13.549 19812 19847 W System.err: 	at symlab.CloudAR.network.TransmissionTask.run(TransmissionTask.java:124)
11-07 11:29:13.549 19812 19847 W System.err: 	at android.os.Handler.handleCallback(Handler.java:907)
11-07 11:29:13.549 19812 19847 W System.err: 	at android.os.Handler.dispatchMessage(Handler.java:105)
11-07 11:29:13.549 19812 19847 W System.err: 	at android.os.Looper.loop(Looper.java:216)
11-07 11:29:13.549 19812 19847 W System.err: 	at android.os.HandlerThread.run(HandlerThread.java:65)
11-07 11:29:13.582 19812 19823 E         : [ZeroHung]zrhung_get_config: Get config failed for wp[0x0008]
11-07 11:29:13.582 19812 19847 W System.err: java.net.SocketException: Message too long
11-07 11:29:13.582 19812 19847 W System.err: 	at sun.nio.ch.DatagramChannelImpl.send0(Native Method)
11-07 11:29:13.582 19812 19847 W System.err: 	at sun.nio.ch.DatagramChannelImpl.sendFromNativeBuffer(DatagramChannelImpl.java:573)
11-07 11:29:13.582 19812 19847 W System.err: 	at sun.nio.ch.DatagramChannelImpl.send(DatagramChannelImpl.java:550)
11-07 11:29:13.582 19812 19847 W System.err: 	at sun.nio.ch.DatagramChannelImpl.send(DatagramChannelImpl.java:514)
11-07 11:29:13.582 19812 19847 W System.err: 	at symlab.CloudAR.network.TransmissionTask.run(TransmissionTask.java:124)
11-07 11:29:13.582 19812 19847 W System.err: 	at android.os.Handler.handleCallback(Handler.java:907)
11-07 11:29:13.582 19812 19847 W System.err: 	at android.os.Handler.dispatchMessage(Handler.java:105)
11-07 11:29:13.582 19812 19847 W System.err: 	at android.os.Looper.loop(Looper.java:216)
11-07 11:29:13.582 19812 19847 W System.err: 	at android.os.HandlerThread.run(HandlerThread.java:65)
11-07 11:29:13.594 19812 19821 W System  : A resource failed to call close. 
11-07 11:29:13.594 19812 19821 I chatty  : uid=10149(symlab.cloudridar.arhud) FinalizerDaemon identical 2 lines
11-07 11:29:13.594 19812 19821 W System  : A resource failed to call close. 
11-07 11:29:13.616 19812 19847 W System.err: java.net.SocketException: Message too long
11-07 11:29:13.616 19812 19847 W System.err: 	at sun.nio.ch.DatagramChannelImpl.send0(Native Method)
11-07 11:29:13.616 19812 19847 W System.err: 	at sun.nio.ch.DatagramChannelImpl.sendFromNativeBuffer(DatagramChannelImpl.java:573)
11-07 11:29:13.616 19812 19847 W System.err: 	at sun.nio.ch.DatagramChannelImpl.send(DatagramChannelImpl.java:550)
11-07 11:29:13.616 19812 19847 W System.err: 	at sun.nio.ch.DatagramChannelImpl.send(DatagramChannelImpl.java:514)
11-07 11:29:13.616 19812 19847 W System.err: 	at symlab.CloudAR.network.TransmissionTask.run(TransmissionTask.java:124)
11-07 11:29:13.616 19812 19847 W System.err: 	at android.os.Handler.handleCallback(Handler.java:907)
11-07 11:29:13.616 19812 19847 W System.err: 	at android.os.Handler.dispatchMessage(Handler.java:105)
11-07 11:29:13.616 19812 19847 W System.err: 	at android.os.Looper.loop(Looper.java:216)
11-07 11:29:13.616 19812 19847 W System.err: 	at android.os.HandlerThread.run(HandlerThread.java:65)
11-07 11:29:13.656 19812 19847 W System.err: java.net.SocketException: Message too long
11-07 11:29:13.657 19812 19847 W System.err: 	at sun.nio.ch.DatagramChannelImpl.send0(Native Method)
11-07 11:29:13.657 19812 19847 W System.err: 	at sun.nio.ch.DatagramChannelImpl.sendFromNativeBuffer(DatagramChannelImpl.java:573)
11-07 11:29:13.657 19812 19847 W System.err: 	at sun.nio.ch.DatagramChannelImpl.send(DatagramChannelImpl.java:550)
11-07 11:29:13.657 19812 19847 W System.err: 	at sun.nio.ch.DatagramChannelImpl.send(DatagramChannelImpl.java:514)
11-07 11:29:13.657 19812 19847 W System.err: 	at symlab.CloudAR.network.TransmissionTask.run(TransmissionTask.java:124)
11-07 11:29:13.657 19812 19847 W System.err: 	at android.os.Handler.handleCallback(Handler.java:907)
11-07 11:29:13.657 19812 19847 W System.err: 	at android.os.Handler.dispatchMessage(Handler.java:105)
11-07 11:29:13.657 19812 19847 W System.err: 	at android.os.Looper.loop(Looper.java:216)
11-07 11:29:13.657 19812 19847 W System.err: 	at android.os.HandlerThread.run(HandlerThread.java:65)
11-07 11:29:13.692 19812 19847 W System.err: java.net.SocketException: Message too long
11-07 11:29:13.692 19812 19847 W System.err: 	at sun.nio.ch.DatagramChannelImpl.send0(Native Method)
11-07 11:29:13.692 19812 19847 W System.err: 	at sun.nio.ch.DatagramChannelImpl.sendFromNativeBuffer(DatagramChannelImpl.java:573)
11-07 11:29:13.692 19812 19847 W System.err: 	at sun.nio.ch.DatagramChannelImpl.send(DatagramChannelImpl.java:550)
11-07 11:29:13.692 19812 19847 W System.err: 	at sun.nio.ch.DatagramChannelImpl.send(DatagramChannelImpl.java:514)
11-07 11:29:13.693 19812 19847 W System.err: 	at symlab.CloudAR.network.TransmissionTask.run(TransmissionTask.java:124)
11-07 11:29:13.693 19812 19847 W System.err: 	at android.os.Handler.handleCallback(Handler.java:907)
11-07 11:29:13.693 19812 19847 W System.err: 	at android.os.Handler.dispatchMessage(Handler.java:105)
11-07 11:29:13.693 19812 19847 W System.err: 	at android.os.Looper.loop(Looper.java:216)
11-07 11:29:13.693 19812 19847 W System.err: 	at android.os.HandlerThread.run(HandlerThread.java:65)
11-07 11:29:13.721 19812 19847 W System.err: java.net.SocketException: Message too long
11-07 11:29:13.721 19812 19847 W System.err: 	at sun.nio.ch.DatagramChannelImpl.send0(Native Method)
11-07 11:29:13.721 19812 19847 W System.err: 	at sun.nio.ch.DatagramChannelImpl.sendFromNativeBuffer(DatagramChannelImpl.java:573)
11-07 11:29:13.721 19812 19847 W System.err: 	at sun.nio.ch.DatagramChannelImpl.send(DatagramChannelImpl.java:550)
11-07 11:29:13.721 19812 19847 W System.err: 	at sun.nio.ch.DatagramChannelImpl.send(DatagramChannelImpl.java:514)
11-07 11:29:13.721 19812 19847 W System.err: 	at symlab.CloudAR.network.TransmissionTask.run(TransmissionTask.java:124)
11-07 11:29:13.721 19812 19847 W System.err: 	at android.os.Handler.handleCallback(Handler.java:907)
11-07 11:29:13.721 19812 19847 W System.err: 	at android.os.Handler.dispatchMessage(Handler.java:105)
11-07 11:29:13.721 19812 19847 W System.err: 	at android.os.Looper.loop(Looper.java:216)
11-07 11:29:13.721 19812 19847 W System.err: 	at android.os.HandlerThread.run(HandlerThread.java:65)
11-07 11:29:13.767 19812 19847 W System.err: java.net.SocketException: Message too long
11-07 11:29:13.767 19812 19847 W System.err: 	at sun.nio.ch.DatagramChannelImpl.send0(Native Method)
11-07 11:29:13.767 19812 19847 W System.err: 	at sun.nio.ch.DatagramChannelImpl.sendFromNativeBuffer(DatagramChannelImpl.java:573)
11-07 11:29:13.767 19812 19847 W System.err: 	at sun.nio.ch.DatagramChannelImpl.send(DatagramChannelImpl.java:550)
11-07 11:29:13.767 19812 19847 W System.err: 	at sun.nio.ch.DatagramChannelImpl.send(DatagramChannelImpl.java:514)
11-07 11:29:13.768 19812 19847 W System.err: 	at symlab.CloudAR.network.TransmissionTask.run(TransmissionTask.java:124)
11-07 11:29:13.768 19812 19847 W System.err: 	at android.os.Handler.handleCallback(Handler.java:907)
11-07 11:29:13.768 19812 19847 W System.err: 	at android.os.Handler.dispatchMessage(Handler.java:105)
11-07 11:29:13.768 19812 19847 W System.err: 	at android.os.Looper.loop(Looper.java:216)
11-07 11:29:13.768 19812 19847 W System.err: 	at android.os.HandlerThread.run(HandlerThread.java:65)
11-07 11:29:13.795 19812 19847 W System.err: java.net.SocketException: Message too long
11-07 11:29:13.795 19812 19847 W System.err: 	at sun.nio.ch.DatagramChannelImpl.send0(Native Method)
11-07 11:29:13.795 19812 19847 W System.err: 	at sun.nio.ch.DatagramChannelImpl.sendFromNativeBuffer(DatagramChannelImpl.java:573)
11-07 11:29:13.795 19812 19847 W System.err: 	at sun.nio.ch.DatagramChannelImpl.send(DatagramChannelImpl.java:550)
11-07 11:29:13.795 19812 19847 W System.err: 	at sun.nio.ch.DatagramChannelImpl.send(DatagramChannelImpl.java:514)
11-07 11:29:13.795 19812 19847 W System.err: 	at symlab.CloudAR.network.TransmissionTask.run(TransmissionTask.java:124)
11-07 11:29:13.795 19812 19847 W System.err: 	at android.os.Handler.handleCallback(Handler.java:907)
11-07 11:29:13.795 19812 19847 W System.err: 	at android.os.Handler.dispatchMessage(Handler.java:105)
11-07 11:29:13.795 19812 19847 W System.err: 	at android.os.Looper.loop(Looper.java:216)
11-07 11:29:13.796 19812 19847 W System.err: 	at android.os.HandlerThread.run(HandlerThread.java:65)
11-07 11:29:13.820 19812 19847 W System.err: java.net.SocketException: Message too long
11-07 11:29:13.820 19812 19847 W System.err: 	at sun.nio.ch.DatagramChannelImpl.send0(Native Method)
11-07 11:29:13.820 19812 19847 W System.err: 	at sun.nio.ch.DatagramChannelImpl.sendFromNativeBuffer(DatagramChannelImpl.java:573)
11-07 11:29:13.820 19812 19847 W System.err: 	at sun.nio.ch.DatagramChannelImpl.send(DatagramChannelImpl.java:550)
11-07 11:29:13.820 19812 19847 W System.err: 	at sun.nio.ch.DatagramChannelImpl.send(DatagramChannelImpl.java:514)
11-07 11:29:13.820 19812 19847 W System.err: 	at symlab.CloudAR.network.TransmissionTask.run(TransmissionTask.java:124)
11-07 11:29:13.820 19812 19847 W System.err: 	at android.os.Handler.handleCallback(Handler.java:907)
11-07 11:29:13.820 19812 19847 W System.err: 	at android.os.Handler.dispatchMessage(Handler.java:105)
11-07 11:29:13.821 19812 19847 W System.err: 	at android.os.Looper.loop(Looper.java:216)
11-07 11:29:13.821 19812 19847 W System.err: 	at android.os.HandlerThread.run(HandlerThread.java:65)
11-07 11:29:13.865 19812 19847 W System.err: java.net.SocketException: Message too long
11-07 11:29:13.865 19812 19847 W System.err: 	at sun.nio.ch.DatagramChannelImpl.send0(Native Method)
11-07 11:29:13.865 19812 19847 W System.err: 	at sun.nio.ch.DatagramChannelImpl.sendFromNativeBuffer(DatagramChannelImpl.java:573)
11-07 11:29:13.865 19812 19847 W System.err: 	at sun.nio.ch.DatagramChannelImpl.send(DatagramChannelImpl.java:550)
11-07 11:29:13.865 19812 19847 W System.err: 	at sun.nio.ch.DatagramChannelImpl.send(DatagramChannelImpl.java:514)
11-07 11:29:13.866 19812 19847 W System.err: 	at symlab.CloudAR.network.TransmissionTask.run(TransmissionTask.java:124)
11-07 11:29:13.866 19812 19847 W System.err: 	at android.os.Handler.handleCallback(Handler.java:907)
11-07 11:29:13.866 19812 19847 W System.err: 	at android.os.Handler.dispatchMessage(Handler.java:105)
11-07 11:29:13.866 19812 19847 W System.err: 	at android.os.Looper.loop(Looper.java:216)
11-07 11:29:13.866 19812 19847 W System.err: 	at android.os.HandlerThread.run(HandlerThread.java:65)
11-07 11:29:13.892 19812 19847 W System.err: java.net.SocketException: Message too long
11-07 11:29:13.892 19812 19847 W System.err: 	at sun.nio.ch.DatagramChannelImpl.send0(Native Method)
11-07 11:29:13.892 19812 19847 W System.err: 	at sun.nio.ch.DatagramChannelImpl.sendFromNativeBuffer(DatagramChannelImpl.java:573)
11-07 11:29:13.892 19812 19847 W System.err: 	at sun.nio.ch.DatagramChannelImpl.send(DatagramChannelImpl.java:550)
11-07 11:29:13.892 19812 19847 W System.err: 	at sun.nio.ch.DatagramChannelImpl.send(DatagramChannelImpl.java:514)
11-07 11:29:13.892 19812 19847 W System.err: 	at symlab.CloudAR.network.TransmissionTask.run(TransmissionTask.java:124)
11-07 11:29:13.892 19812 19847 W System.err: 	at android.os.Handler.handleCallback(Handler.java:907)
11-07 11:29:13.892 19812 19847 W System.err: 	at android.os.Handler.dispatchMessage(Handler.java:105)
11-07 11:29:13.892 19812 19847 W System.err: 	at android.os.Looper.loop(Looper.java:216)
11-07 11:29:13.892 19812 19847 W System.err: 	at android.os.HandlerThread.run(HandlerThread.java:65)
11-07 11:29:13.928 19812 19847 W System.err: java.net.SocketException: Message too long
11-07 11:29:13.928 19812 19847 W System.err: 	at sun.nio.ch.DatagramChannelImpl.send0(Native Method)
11-07 11:29:13.928 19812 19847 W System.err: 	at sun.nio.ch.DatagramChannelImpl.sendFromNativeBuffer(DatagramChannelImpl.java:573)
11-07 11:29:13.928 19812 19847 W System.err: 	at sun.nio.ch.DatagramChannelImpl.send(DatagramChannelImpl.java:550)
11-07 11:29:13.928 19812 19847 W System.err: 	at sun.nio.ch.DatagramChannelImpl.send(DatagramChannelImpl.java:514)
11-07 11:29:13.928 19812 19847 W System.err: 	at symlab.CloudAR.network.TransmissionTask.run(TransmissionTask.java:124)
11-07 11:29:13.928 19812 19847 W System.err: 	at android.os.Handler.handleCallback(Handler.java:907)
11-07 11:29:13.929 19812 19847 W System.err: 	at android.os.Handler.dispatchMessage(Handler.java:105)
11-07 11:29:13.929 19812 19847 W System.err: 	at android.os.Looper.loop(Looper.java:216)
11-07 11:29:13.929 19812 19847 W System.err: 	at android.os.HandlerThread.run(HandlerThread.java:65)
11-07 11:29:13.962 19812 19847 W System.err: java.net.SocketException: Message too long
11-07 11:29:13.962 19812 19847 W System.err: 	at sun.nio.ch.DatagramChannelImpl.send0(Native Method)
11-07 11:29:13.962 19812 19847 W System.err: 	at sun.nio.ch.DatagramChannelImpl.sendFromNativeBuffer(DatagramChannelImpl.java:573)
11-07 11:29:13.962 19812 19847 W System.err: 	at sun.nio.ch.DatagramChannelImpl.send(DatagramChannelImpl.java:550)
11-07 11:29:13.963 19812 19847 W System.err: 	at sun.nio.ch.DatagramChannelImpl.send(DatagramChannelImpl.java:514)
11-07 11:29:13.963 19812 19847 W System.err: 	at symlab.CloudAR.network.TransmissionTask.run(TransmissionTask.java:124)
11-07 11:29:13.963 19812 19847 W System.err: 	at android.os.Handler.handleCallback(Handler.java:907)
11-07 11:29:13.963 19812 19847 W System.err: 	at android.os.Handler.dispatchMessage(Handler.java:105)
11-07 11:29:13.963 19812 19847 W System.err: 	at android.os.Looper.loop(Looper.java:216)
11-07 11:29:13.963 19812 19847 W System.err: 	at android.os.HandlerThread.run(HandlerThread.java:65)
11-07 11:29:14.003 19812 19847 W System.err: java.net.SocketException: Message too long
11-07 11:29:14.003 19812 19847 W System.err: 	at sun.nio.ch.DatagramChannelImpl.send0(Native Method)
11-07 11:29:14.004 19812 19847 W System.err: 	at sun.nio.ch.DatagramChannelImpl.sendFromNativeBuffer(DatagramChannelImpl.java:573)
11-07 11:29:14.004 19812 19847 W System.err: 	at sun.nio.ch.DatagramChannelImpl.send(DatagramChannelImpl.java:550)
11-07 11:29:14.004 19812 19847 W System.err: 	at sun.nio.ch.DatagramChannelImpl.send(DatagramChannelImpl.java:514)
11-07 11:29:14.004 19812 19847 W System.err: 	at symlab.CloudAR.network.TransmissionTask.run(TransmissionTask.java:124)
11-07 11:29:14.004 19812 19847 W System.err: 	at android.os.Handler.handleCallback(Handler.java:907)
11-07 11:29:14.004 19812 19847 W System.err: 	at android.os.Handler.dispatchMessage(Handler.java:105)
11-07 11:29:14.004 19812 19847 W System.err: 	at android.os.Looper.loop(Looper.java:216)
11-07 11:29:14.004 19812 19847 W System.err: 	at android.os.HandlerThread.run(HandlerThread.java:65)
11-07 11:29:14.039 19812 19847 W System.err: java.net.SocketException: Message too long
11-07 11:29:14.039 19812 19847 W System.err: 	at sun.nio.ch.DatagramChannelImpl.send0(Native Method)
11-07 11:29:14.039 19812 19847 W System.err: 	at sun.nio.ch.DatagramChannelImpl.sendFromNativeBuffer(DatagramChannelImpl.java:573)
11-07 11:29:14.039 19812 19847 W System.err: 	at sun.nio.ch.DatagramChannelImpl.send(DatagramChannelImpl.java:550)
11-07 11:29:14.039 19812 19847 W System.err: 	at sun.nio.ch.DatagramChannelImpl.send(DatagramChannelImpl.java:514)
11-07 11:29:14.039 19812 19847 W System.err: 	at symlab.CloudAR.network.TransmissionTask.run(TransmissionTask.java:124)
11-07 11:29:14.039 19812 19847 W System.err: 	at android.os.Handler.handleCallback(Handler.java:907)
11-07 11:29:14.040 19812 19847 W System.err: 	at android.os.Handler.dispatchMessage(Handler.java:105)
11-07 11:29:14.040 19812 19847 W System.err: 	at android.os.Looper.loop(Looper.java:216)
11-07 11:29:14.040 19812 19847 W System.err: 	at android.os.HandlerThread.run(HandlerThread.java:65)
11-07 11:29:14.069 19812 19847 W System.err: java.net.SocketException: Message too long
11-07 11:29:14.069 19812 19847 W System.err: 	at sun.nio.ch.DatagramChannelImpl.send0(Native Method)
11-07 11:29:14.069 19812 19847 W System.err: 	at sun.nio.ch.DatagramChannelImpl.sendFromNativeBuffer(DatagramChannelImpl.java:573)
11-07 11:29:14.069 19812 19847 W System.err: 	at sun.nio.ch.DatagramChannelImpl.send(DatagramChannelImpl.java:550)
11-07 11:29:14.069 19812 19847 W System.err: 	at sun.nio.ch.DatagramChannelImpl.send(DatagramChannelImpl.java:514)
11-07 11:29:14.069 19812 19847 W System.err: 	at symlab.CloudAR.network.TransmissionTask.run(TransmissionTask.java:124)
11-07 11:29:14.069 19812 19847 W System.err: 	at android.os.Handler.handleCallback(Handler.java:907)
11-07 11:29:14.069 19812 19847 W System.err: 	at android.os.Handler.dispatchMessage(Handler.java:105)
11-07 11:29:14.070 19812 19847 W System.err: 	at android.os.Looper.loop(Looper.java:216)
11-07 11:29:14.070 19812 19847 W System.err: 	at android.os.HandlerThread.run(HandlerThread.java:65)
11-07 11:29:14.103 19812 19847 W System.err: java.net.SocketException: Message too long
11-07 11:29:14.103 19812 19847 W System.err: 	at sun.nio.ch.DatagramChannelImpl.send0(Native Method)
11-07 11:29:14.103 19812 19847 W System.err: 	at sun.nio.ch.DatagramChannelImpl.sendFromNativeBuffer(DatagramChannelImpl.java:573)
11-07 11:29:14.103 19812 19847 W System.err: 	at sun.nio.ch.DatagramChannelImpl.send(DatagramChannelImpl.java:550)
11-07 11:29:14.103 19812 19847 W System.err: 	at sun.nio.ch.DatagramChannelImpl.send(DatagramChannelImpl.java:514)
11-07 11:29:14.103 19812 19847 W System.err: 	at symlab.CloudAR.network.TransmissionTask.run(TransmissionTask.java:124)
11-07 11:29:14.103 19812 19847 W System.err: 	at android.os.Handler.handleCallback(Handler.java:907)
11-07 11:29:14.103 19812 19847 W System.err: 	at android.os.Handler.dispatchMessage(Handler.java:105)
11-07 11:29:14.103 19812 19847 W System.err: 	at android.os.Looper.loop(Looper.java:216)
11-07 11:29:14.103 19812 19847 W System.err: 	at android.os.HandlerThread.run(HandlerThread.java:65)
11-07 11:29:14.130 19812 19847 W System.err: java.net.SocketException: Message too long
11-07 11:29:14.130 19812 19847 W System.err: 	at sun.nio.ch.DatagramChannelImpl.send0(Native Method)
11-07 11:29:14.130 19812 19847 W System.err: 	at sun.nio.ch.DatagramChannelImpl.sendFromNativeBuffer(DatagramChannelImpl.java:573)
11-07 11:29:14.131 19812 19847 W System.err: 	at sun.nio.ch.DatagramChannelImpl.send(DatagramChannelImpl.java:550)
11-07 11:29:14.131 19812 19847 W System.err: 	at sun.nio.ch.DatagramChannelImpl.send(DatagramChannelImpl.java:514)
11-07 11:29:14.131 19812 19847 W System.err: 	at symlab.CloudAR.network.TransmissionTask.run(TransmissionTask.java:124)
11-07 11:29:14.131 19812 19847 W System.err: 	at android.os.Handler.handleCallback(Handler.java:907)
11-07 11:29:14.131 19812 19847 W System.err: 	at android.os.Handler.dispatchMessage(Handler.java:105)
11-07 11:29:14.131 19812 19847 W System.err: 	at android.os.Looper.loop(Looper.java:216)
11-07 11:29:14.131 19812 19847 W System.err: 	at android.os.HandlerThread.run(HandlerThread.java:65)
11-07 11:29:14.160 19812 19847 W System.err: java.net.SocketException: Message too long
11-07 11:29:14.160 19812 19847 W System.err: 	at sun.nio.ch.DatagramChannelImpl.send0(Native Method)
11-07 11:29:14.160 19812 19847 W System.err: 	at sun.nio.ch.DatagramChannelImpl.sendFromNativeBuffer(DatagramChannelImpl.java:573)
11-07 11:29:14.160 19812 19847 W System.err: 	at sun.nio.ch.DatagramChannelImpl.send(DatagramChannelImpl.java:550)
11-07 11:29:14.160 19812 19847 W System.err: 	at sun.nio.ch.DatagramChannelImpl.send(DatagramChannelImpl.java:514)
11-07 11:29:14.160 19812 19847 W System.err: 	at symlab.CloudAR.network.TransmissionTask.run(TransmissionTask.java:124)
11-07 11:29:14.160 19812 19847 W System.err: 	at android.os.Handler.handleCallback(Handler.java:907)
11-07 11:29:14.160 19812 19847 W System.err: 	at android.os.Handler.dispatchMessage(Handler.java:105)
11-07 11:29:14.160 19812 19847 W System.err: 	at android.os.Looper.loop(Looper.java:216)
11-07 11:29:14.160 19812 19847 W System.err: 	at android.os.HandlerThread.run(HandlerThread.java:65)
11-07 11:29:14.203 19812 19847 W System.err: java.net.SocketException: Message too long
11-07 11:29:14.203 19812 19847 W System.err: 	at sun.nio.ch.DatagramChannelImpl.send0(Native Method)
11-07 11:29:14.203 19812 19847 W System.err: 	at sun.nio.ch.DatagramChannelImpl.sendFromNativeBuffer(DatagramChannelImpl.java:573)
11-07 11:29:14.203 19812 19847 W System.err: 	at sun.nio.ch.DatagramChannelImpl.send(DatagramChannelImpl.java:550)
11-07 11:29:14.203 19812 19847 W System.err: 	at sun.nio.ch.DatagramChannelImpl.send(DatagramChannelImpl.java:514)
11-07 11:29:14.203 19812 19847 W System.err: 	at symlab.CloudAR.network.TransmissionTask.run(TransmissionTask.java:124)
11-07 11:29:14.203 19812 19847 W System.err: 	at android.os.Handler.handleCallback(Handler.java:907)
11-07 11:29:14.203 19812 19847 W System.err: 	at android.os.Handler.dispatchMessage(Handler.java:105)
11-07 11:29:14.203 19812 19847 W System.err: 	at android.os.Looper.loop(Looper.java:216)
11-07 11:29:14.203 19812 19847 W System.err: 	at android.os.HandlerThread.run(HandlerThread.java:65)
11-07 11:29:14.242 19812 19847 W System.err: java.net.SocketException: Message too long
11-07 11:29:14.242 19812 19847 W System.err: 	at sun.nio.ch.DatagramChannelImpl.send0(Native Method)
11-07 11:29:14.242 19812 19847 W System.err: 	at sun.nio.ch.DatagramChannelImpl.sendFromNativeBuffer(DatagramChannelImpl.java:573)
11-07 11:29:14.242 19812 19847 W System.err: 	at sun.nio.ch.DatagramChannelImpl.send(DatagramChannelImpl.java:550)
11-07 11:29:14.242 19812 19847 W System.err: 	at sun.nio.ch.DatagramChannelImpl.send(DatagramChannelImpl.java:514)
11-07 11:29:14.242 19812 19847 W System.err: 	at symlab.CloudAR.network.TransmissionTask.run(TransmissionTask.java:124)
11-07 11:29:14.242 19812 19847 W System.err: 	at android.os.Handler.handleCallback(Handler.java:907)
11-07 11:29:14.242 19812 19847 W System.err: 	at android.os.Handler.dispatchMessage(Handler.java:105)
11-07 11:29:14.242 19812 19847 W System.err: 	at android.os.Looper.loop(Looper.java:216)
11-07 11:29:14.242 19812 19847 W System.err: 	at android.os.HandlerThread.run(HandlerThread.java:65)
11-07 11:29:14.271 19812 19847 W System.err: java.net.SocketException: Message too long
11-07 11:29:14.271 19812 19847 W System.err: 	at sun.nio.ch.DatagramChannelImpl.send0(Native Method)
11-07 11:29:14.271 19812 19847 W System.err: 	at sun.nio.ch.DatagramChannelImpl.sendFromNativeBuffer(DatagramChannelImpl.java:573)
11-07 11:29:14.271 19812 19847 W System.err: 	at sun.nio.ch.DatagramChannelImpl.send(DatagramChannelImpl.java:550)
11-07 11:29:14.271 19812 19847 W System.err: 	at sun.nio.ch.DatagramChannelImpl.send(DatagramChannelImpl.java:514)
11-07 11:29:14.271 19812 19847 W System.err: 	at symlab.CloudAR.network.TransmissionTask.run(TransmissionTask.java:124)
11-07 11:29:14.271 19812 19847 W System.err: 	at android.os.Handler.handleCallback(Handler.java:907)
11-07 11:29:14.271 19812 19847 W System.err: 	at android.os.Handler.dispatchMessage(Handler.java:105)
11-07 11:29:14.271 19812 19847 W System.err: 	at android.os.Looper.loop(Looper.java:216)
11-07 11:29:14.271 19812 19847 W System.err: 	at android.os.HandlerThread.run(HandlerThread.java:65)
11-07 11:29:14.305 19812 19847 W System.err: java.net.SocketException: Message too long
11-07 11:29:14.305 19812 19847 W System.err: 	at sun.nio.ch.DatagramChannelImpl.send0(Native Method)
11-07 11:29:14.305 19812 19847 W System.err: 	at sun.nio.ch.DatagramChannelImpl.sendFromNativeBuffer(DatagramChannelImpl.java:573)
11-07 11:29:14.306 19812 19847 W System.err: 	at sun.nio.ch.DatagramChannelImpl.send(DatagramChannelImpl.java:550)
11-07 11:29:14.306 19812 19847 W System.err: 	at sun.nio.ch.DatagramChannelImpl.send(DatagramChannelImpl.java:514)
11-07 11:29:14.306 19812 19847 W System.err: 	at symlab.CloudAR.network.TransmissionTask.run(TransmissionTask.java:124)
11-07 11:29:14.306 19812 19847 W System.err: 	at android.os.Handler.handleCallback(Handler.java:907)
11-07 11:29:14.306 19812 19847 W System.err: 	at android.os.Handler.dispatchMessage(Handler.java:105)
11-07 11:29:14.306 19812 19847 W System.err: 	at android.os.Looper.loop(Looper.java:216)
11-07 11:29:14.306 19812 19847 W System.err: 	at android.os.HandlerThread.run(HandlerThread.java:65)
11-07 11:29:14.338 19812 19823 E         : [ZeroHung]zrhung_get_config: Get config failed for wp[0x0008]
11-07 11:29:14.338 19812 19847 W System.err: java.net.SocketException: Message too long
11-07 11:29:14.339 19812 19847 W System.err: 	at sun.nio.ch.DatagramChannelImpl.send0(Native Method)
11-07 11:29:14.339 19812 19847 W System.err: 	at sun.nio.ch.DatagramChannelImpl.sendFromNativeBuffer(DatagramChannelImpl.java:573)
11-07 11:29:14.339 19812 19847 W System.err: 	at sun.nio.ch.DatagramChannelImpl.send(DatagramChannelImpl.java:550)
11-07 11:29:14.339 19812 19847 W System.err: 	at sun.nio.ch.DatagramChannelImpl.send(DatagramChannelImpl.java:514)
11-07 11:29:14.339 19812 19847 W System.err: 	at symlab.CloudAR.network.TransmissionTask.run(TransmissionTask.java:124)
11-07 11:29:14.339 19812 19847 W System.err: 	at android.os.Handler.handleCallback(Handler.java:907)
11-07 11:29:14.339 19812 19847 W System.err: 	at android.os.Handler.dispatchMessage(Handler.java:105)
11-07 11:29:14.339 19812 19847 W System.err: 	at android.os.Looper.loop(Looper.java:216)
11-07 11:29:14.339 19812 19847 W System.err: 	at android.os.HandlerThread.run(HandlerThread.java:65)
11-07 11:29:14.364 19812 19847 W System.err: java.net.SocketException: Message too long
11-07 11:29:14.364 19812 19847 W System.err: 	at sun.nio.ch.DatagramChannelImpl.send0(Native Method)
11-07 11:29:14.364 19812 19847 W System.err: 	at sun.nio.ch.DatagramChannelImpl.sendFromNativeBuffer(DatagramChannelImpl.java:573)
11-07 11:29:14.364 19812 19847 W System.err: 	at sun.nio.ch.DatagramChannelImpl.send(DatagramChannelImpl.java:550)
11-07 11:29:14.364 19812 19847 W System.err: 	at sun.nio.ch.DatagramChannelImpl.send(DatagramChannelImpl.java:514)
11-07 11:29:14.364 19812 19847 W System.err: 	at symlab.CloudAR.network.TransmissionTask.run(TransmissionTask.java:124)
11-07 11:29:14.364 19812 19847 W System.err: 	at android.os.Handler.handleCallback(Handler.java:907)
11-07 11:29:14.364 19812 19847 W System.err: 	at android.os.Handler.dispatchMessage(Handler.java:105)
11-07 11:29:14.364 19812 19847 W System.err: 	at android.os.Looper.loop(Looper.java:216)
11-07 11:29:14.364 19812 19847 W System.err: 	at android.os.HandlerThread.run(HandlerThread.java:65)
11-07 11:29:14.451 19812 19847 W System.err: java.net.SocketException: Message too long
11-07 11:29:14.451 19812 19847 W System.err: 	at sun.nio.ch.DatagramChannelImpl.send0(Native Method)
11-07 11:29:14.452 19812 19847 W System.err: 	at sun.nio.ch.DatagramChannelImpl.sendFromNativeBuffer(DatagramChannelImpl.java:573)
11-07 11:29:14.452 19812 19847 W System.err: 	at sun.nio.ch.DatagramChannelImpl.send(DatagramChannelImpl.java:550)
11-07 11:29:14.452 19812 19847 W System.err: 	at sun.nio.ch.DatagramChannelImpl.send(DatagramChannelImpl.java:514)
11-07 11:29:14.452 19812 19847 W System.err: 	at symlab.CloudAR.network.TransmissionTask.run(TransmissionTask.java:124)
11-07 11:29:14.452 19812 19847 W System.err: 	at android.os.Handler.handleCallback(Handler.java:907)
11-07 11:29:14.452 19812 19847 W System.err: 	at android.os.Handler.dispatchMessage(Handler.java:105)
11-07 11:29:14.452 19812 19847 W System.err: 	at android.os.Looper.loop(Looper.java:216)
11-07 11:29:14.452 19812 19847 W System.err: 	at android.os.HandlerThread.run(HandlerThread.java:65)
11-07 11:29:14.501 19812 19847 W System.err: java.net.SocketException: Message too long
11-07 11:29:14.528 19812 19847 W System.err: java.net.SocketException: Message too long
11-07 11:29:14.528 19812 19847 W System.err: 	at sun.nio.ch.DatagramChannelImpl.send0(Native Method)
11-07 11:29:14.528 19812 19847 W System.err: 	at sun.nio.ch.DatagramChannelImpl.sendFromNativeBuffer(DatagramChannelImpl.java:573)
11-07 11:29:14.528 19812 19847 W System.err: 	at sun.nio.ch.DatagramChannelImpl.send(DatagramChannelImpl.java:550)
11-07 11:29:14.528 19812 19847 W System.err: 	at sun.nio.ch.DatagramChannelImpl.send(DatagramChannelImpl.java:514)
11-07 11:29:14.528 19812 19847 W System.err: 	at symlab.CloudAR.network.TransmissionTask.run(TransmissionTask.java:124)
