11-05 12:05:09.765  9712  9745 D Evaluation: Frame 322 sent at 1572948309765
11-05 12:05:09.790  9712  9745 D Evaluation: Frame 323 sent at 1572948309790
11-05 12:05:09.834  9712  9745 D Evaluation: Frame 324 sent at 1572948309834
11-05 12:05:09.880  9712  9745 D Evaluation: Frame 325 sent at 1572948309880
11-05 12:05:09.909  9712  9745 D Evaluation: Frame 326 sent at 1572948309909
11-05 12:05:09.934  9712  9745 D Evaluation: Frame 327 sent at 1572948309934
11-05 12:05:09.934  9712  9712 W HiTouch_PressGestureDetector: Touch pointer move a lot. The moving distance of X is:16.31018, limit is:60The moving distance of Y is:105.21676, limit is:60
11-05 12:05:09.967  9712  9745 D Evaluation: Frame 328 sent at 1572948309967
11-05 12:05:10.002  9712  9745 D Evaluation: Frame 329 sent at 1572948310002
11-05 12:05:10.026  9712  9745 D Evaluation: Frame 330 sent at 1572948310026
11-05 12:05:10.061  9712  9745 D Evaluation: Frame 331 sent at 1572948310061
11-05 12:05:10.098  9712  9745 D Evaluation: Frame 332 sent at 1572948310098
11-05 12:05:10.129  9712  9745 D Evaluation: Frame 333 sent at 1572948310129
11-05 12:05:10.166  9712  9745 D Evaluation: Frame 334 sent at 1572948310166
11-05 12:05:10.195  9712  9745 D Evaluation: Frame 335 sent at 1572948310195
11-05 12:05:10.233  9712  9745 D Evaluation: Frame 336 sent at 1572948310233
11-05 12:05:10.270  9712  9745 D Evaluation: Frame 337 sent at 1572948310270
11-05 12:05:10.300  9712  9745 D Evaluation: Frame 338 sent at 1572948310300
11-05 12:05:10.331  9712  9745 D Evaluation: Frame 339 sent at 1572948310331
11-05 12:05:10.366  9712  9745 D Evaluation: Frame 340 sent at 1572948310366
11-05 12:05:10.408  9712  9745 D Evaluation: Frame 341 sent at 1572948310408
11-05 12:05:10.434  9712  9745 D Evaluation: Frame 342 sent at 1572948310434
11-05 12:05:10.452  9712  9712 D Poster  : At 1572948310452 location is 65.05871741374337 (latitude), and 25.46618428334784 (longitude)
11-05 12:05:10.492  9712  9745 D Evaluation: Frame 344 sent at 1572948310492
11-05 12:05:10.510  9712  9745 D Evaluation: Frame 344 sent at 1572948310510
11-05 12:05:10.539  9712  9745 D Evaluation: Frame 345 sent at 1572948310539
11-05 12:05:10.568  9712  9745 D Evaluation: Frame 346 sent at 1572948310568
11-05 12:05:10.600  9712  9745 D Evaluation: Frame 347 sent at 1572948310600
11-05 12:05:10.635  9712  9745 D Evaluation: Frame 348 sent at 1572948310635
11-05 12:05:10.675  9712  9745 D Evaluation: Frame 349 sent at 1572948310675
11-05 12:05:10.702  9712  9745 D Evaluation: Frame 350 sent at 1572948310702
11-05 12:05:10.735  9712  9745 D Evaluation: Frame 351 sent at 1572948310735
11-05 12:05:10.770  9712  9745 D Evaluation: Frame 352 sent at 1572948310770
11-05 12:05:10.816  9712  9745 D Evaluation: Frame 353 sent at 1572948310816
11-05 12:05:10.847  9712  9745 D Evaluation: Frame 354 sent at 1572948310847
11-05 12:05:10.870  9712  9745 D Evaluation: Frame 355 sent at 1572948310870
11-05 12:05:10.902  9712  9745 D Evaluation: Frame 356 sent at 1572948310902
11-05 12:05:10.935  9712  9745 D Evaluation: Frame 357 sent at 1572948310935
11-05 12:05:10.977  9712  9745 D Evaluation: Frame 358 sent at 1572948310977
11-05 12:05:11.004  9712  9745 D Evaluation: Frame 359 sent at 1572948311004
11-05 12:05:11.047  9712  9745 D Evaluation: Frame 360 sent at 1572948311047
11-05 12:05:11.087  9712  9745 D Evaluation: Frame 361 sent at 1572948311087
11-05 12:05:11.114  9712  9745 D Evaluation: Frame 362 sent at 1572948311114
11-05 12:05:11.136  9712  9745 D Evaluation: Frame 363 sent at 1572948311136
11-05 12:05:11.179  9712  9745 D Evaluation: Frame 364 sent at 1572948311179
11-05 12:05:11.207  9712  9745 D Evaluation: Frame 365 sent at 1572948311207
11-05 12:05:11.245  9712  9745 D Evaluation: Frame 366 sent at 1572948311245
11-05 12:05:11.277  9712  9745 D Evaluation: Frame 367 sent at 1572948311277
11-05 12:05:11.306  9712  9745 D Evaluation: Frame 368 sent at 1572948311306
11-05 12:05:11.353  9712  9723 E         : [ZeroHung]zrhung_get_config: Get config failed for wp[0x0008]
11-05 12:05:11.354  9712  9745 D Evaluation: Frame 369 sent at 1572948311354
11-05 12:05:11.382  9712  9745 D Evaluation: Frame 370 sent at 1572948311382
11-05 12:05:11.406  9712  9745 D Evaluation: Frame 371 sent at 1572948311406
11-05 12:05:11.448  9712  9712 D Poster  : At 1572948311448 location is 65.05873148875048 (latitude), and 25.46617570007901 (longitude)
11-05 12:05:11.454  9712  9745 D Evaluation: Frame 372 sent at 1572948311454
11-05 12:05:11.482  9712  9745 D Evaluation: Frame 373 sent at 1572948311482
11-05 12:05:11.506  9712  9745 D Evaluation: Frame 374 sent at 1572948311506
11-05 12:05:11.538  9712  9745 D Evaluation: Frame 375 sent at 1572948311538
11-05 12:05:11.575  9712  9745 D Evaluation: Frame 376 sent at 1572948311575
11-05 12:05:11.626  9712  9745 D Evaluation: Frame 377 sent at 1572948311626
11-05 12:05:11.649  9712  9745 D Evaluation: Frame 378 sent at 1572948311649
11-05 12:05:11.673  9712  9745 D Evaluation: Frame 379 sent at 1572948311673
11-05 12:05:11.717  9712  9745 D Evaluation: Frame 380 sent at 1572948311717
11-05 12:05:11.750  9712  9745 D Evaluation: Frame 381 sent at 1572948311750
11-05 12:05:11.788  9712  9745 D Evaluation: Frame 382 sent at 1572948311788
11-05 12:05:11.808  9712  9745 D Evaluation: Frame 383 sent at 1572948311808
11-05 12:05:11.843  9712  9745 D Evaluation: Frame 384 sent at 1572948311843
11-05 12:05:11.881  9712  9745 D Evaluation: Frame 385 sent at 1572948311881
11-05 12:05:11.912  9712  9745 D Evaluation: Frame 386 sent at 1572948311912
11-05 12:05:11.945  9712  9745 D Evaluation: Frame 387 sent at 1572948311945
11-05 12:05:11.977  9712  9745 D Evaluation: Frame 388 sent at 1572948311977
11-05 12:05:12.012  9712  9745 D Evaluation: Frame 389 sent at 1572948312012
11-05 12:05:12.044  9712  9745 D Evaluation: Frame 390 sent at 1572948312044
11-05 12:05:12.078  9712  9745 D Evaluation: Frame 391 sent at 1572948312078
11-05 12:05:12.112  9712  9745 D Evaluation: Frame 392 sent at 1572948312112
11-05 12:05:12.157  9712  9745 D Evaluation: Frame 393 sent at 1572948312157
11-05 12:05:12.189  9712  9745 D Evaluation: Frame 394 sent at 1572948312189
11-05 12:05:12.220  9712  9745 D Evaluation: Frame 395 sent at 1572948312220
11-05 12:05:12.254  9712  9745 D Evaluation: Frame 396 sent at 1572948312254
11-05 12:05:12.278  9712  9745 D Evaluation: Frame 397 sent at 1572948312278
11-05 12:05:12.312  9712  9745 D Evaluation: Frame 398 sent at 1572948312312
11-05 12:05:12.345  9712  9745 D Evaluation: Frame 399 sent at 1572948312345
11-05 12:05:12.389  9712  9745 D Evaluation: Frame 400 sent at 1572948312389
11-05 12:05:12.439  9712  9745 D Evaluation: Frame 401 sent at 1572948312439
11-05 12:05:12.457  9712  9712 D Poster  : At 1572948312457 location is 65.05874820837467 (latitude), and 25.46613678819807 (longitude)
11-05 12:05:12.459  9712  9745 D Evaluation: Frame 402 sent at 1572948312459
11-05 12:05:12.486  9712  9745 D Evaluation: Frame 403 sent at 1572948312486
11-05 12:05:12.511  9712  9745 D Evaluation: Frame 404 sent at 1572948312510
11-05 12:05:12.548  9712  9745 D Evaluation: Frame 405 sent at 1572948312548
11-05 12:05:12.582  9712  9745 D Evaluation: Frame 406 sent at 1572948312582
11-05 12:05:12.615  9712  9745 D Evaluation: Frame 407 sent at 1572948312615
11-05 12:05:12.657  9712  9745 D Evaluation: Frame 408 sent at 1572948312657
11-05 12:05:12.691  9712  9745 D Evaluation: Frame 409 sent at 1572948312691
11-05 12:05:12.722  9712  9745 D Evaluation: Frame 410 sent at 1572948312722
11-05 12:05:12.749  9712  9745 D Evaluation: Frame 411 sent at 1572948312749
11-05 12:05:12.786  9712  9745 D Evaluation: Frame 412 sent at 1572948312786
11-05 12:05:12.814  9712  9745 D Evaluation: Frame 413 sent at 1572948312814
11-05 12:05:12.858  9712  9745 D Evaluation: Frame 414 sent at 1572948312858
11-05 12:05:12.892  9712  9745 D Evaluation: Frame 415 sent at 1572948312892
11-05 12:05:12.927  9712  9745 D Evaluation: Frame 416 sent at 1572948312927
11-05 12:05:12.978  9712  9745 D Evaluation: Frame 417 sent at 1572948312978
11-05 12:05:12.997  9712  9745 D Evaluation: Frame 418 sent at 1572948312997
11-05 12:05:13.024  9712  9745 D Evaluation: Frame 419 sent at 1572948313024
11-05 12:05:13.050  9712  9745 D Evaluation: Frame 420 sent at 1572948313050
11-05 12:05:13.087  9712  9745 D Evaluation: Frame 421 sent at 1572948313087
11-05 12:05:13.119  9712  9745 D Evaluation: Frame 422 sent at 1572948313119
11-05 12:05:13.153  9712  9745 D Evaluation: Frame 423 sent at 1572948313153
11-05 12:05:13.189  9712  9745 D Evaluation: Frame 424 sent at 1572948313189
11-05 12:05:13.265  9712  9745 D Evaluation: Frame 425 sent at 1572948313265
11-05 12:05:13.294  9712  9745 D Evaluation: Frame 426 sent at 1572948313294
11-05 12:05:13.321  9712  9745 D Evaluation: Frame 427 sent at 1572948313321
11-05 12:05:13.363  9712  9745 D Evaluation: Frame 428 sent at 1572948313363
11-05 12:05:13.389  9712  9745 D Evaluation: Frame 429 sent at 1572948313389
11-05 12:05:13.430  9712  9745 D Evaluation: Frame 430 sent at 1572948313430
11-05 12:05:13.452  9712  9712 D Poster  : At 1572948313452 location is 65.05877031651661 (latitude), and 25.46610069749646 (longitude)
11-05 12:05:13.465  9712  9745 D Evaluation: Frame 431 sent at 1572948313465
11-05 12:05:13.494  9712  9723 E         : [ZeroHung]zrhung_get_config: Get config failed for wp[0x0008]
11-05 12:05:13.497  9712  9745 D Evaluation: Frame 432 sent at 1572948313497
11-05 12:05:13.521  9712  9745 D Evaluation: Frame 433 sent at 1572948313521
11-05 12:05:13.553  9712  9745 D Evaluation: Frame 434 sent at 1572948313553
11-05 12:05:13.594  9712  9745 D Evaluation: Frame 435 sent at 1572948313594
11-05 12:05:13.630  9712  9745 D Evaluation: Frame 436 sent at 1572948313630
11-05 12:05:13.657  9712  9745 D Evaluation: Frame 437 sent at 1572948313657
11-05 12:05:13.699  9712  9745 D Evaluation: Frame 438 sent at 1572948313699
11-05 12:05:13.727  9712  9745 D Evaluation: Frame 439 sent at 1572948313727
11-05 12:05:13.765  9712  9745 D Evaluation: Frame 440 sent at 1572948313765
11-05 12:05:13.796  9712  9745 D Evaluation: Frame 441 sent at 1572948313796
11-05 12:05:13.833  9712  9745 D Evaluation: Frame 442 sent at 1572948313833
11-05 12:05:13.859  9712  9745 D Evaluation: Frame 443 sent at 1572948313859
11-05 12:05:13.898  9712  9745 D Evaluation: Frame 444 sent at 1572948313898
11-05 12:05:13.926  9712  9745 D Evaluation: Frame 445 sent at 1572948313926
11-05 12:05:13.967  9712  9745 D Evaluation: Frame 446 sent at 1572948313967
11-05 12:05:13.999  9712  9745 D Evaluation: Frame 447 sent at 1572948313999
11-05 12:05:14.029  9712  9745 D Evaluation: Frame 448 sent at 1572948314029
11-05 12:05:14.080  9712  9745 D Evaluation: Frame 449 sent at 1572948314080
11-05 12:05:14.105  9712  9745 D Evaluation: Frame 450 sent at 1572948314105
11-05 12:05:14.131  9712  9745 D Evaluation: Frame 451 sent at 1572948314130
11-05 12:05:14.166  9712  9745 D Evaluation: Frame 452 sent at 1572948314166
11-05 12:05:14.192  9712  9745 D Evaluation: Frame 453 sent at 1572948314192
11-05 12:05:14.237  9712  9745 D Evaluation: Frame 454 sent at 1572948314237
11-05 12:05:14.304  9712  9745 D Evaluation: Frame 455 sent at 1572948314304
11-05 12:05:14.336  9712  9745 D Evaluation: Frame 456 sent at 1572948314336
11-05 12:05:14.370  9712  9745 D Evaluation: Frame 457 sent at 1572948314370
11-05 12:05:14.410  9712  9745 D Evaluation: Frame 458 sent at 1572948314410
11-05 12:05:14.443  9712  9712 D Poster  : At 1572948314443 location is 65.05878670193346 (latitude), and 25.466090492887606 (longitude)
11-05 12:05:14.450  9712  9745 D Evaluation: Frame 459 sent at 1572948314450
11-05 12:05:14.475  9712  9745 D Evaluation: Frame 460 sent at 1572948314474
11-05 12:05:14.510  9712  9745 D Evaluation: Frame 461 sent at 1572948314510
11-05 12:05:14.546  9712  9745 D Evaluation: Frame 462 sent at 1572948314546
11-05 12:05:14.579  9712  9745 D Evaluation: Frame 463 sent at 1572948314579
11-05 12:05:14.608  9712  9745 D Evaluation: Frame 464 sent at 1572948314608
11-05 12:05:14.646  9712  9745 D Evaluation: Frame 465 sent at 1572948314646
11-05 12:05:14.679  9712  9745 D Evaluation: Frame 466 sent at 1572948314679
11-05 12:05:14.705  9712  9745 D Evaluation: Frame 467 sent at 1572948314705
11-05 12:05:14.761  9712  9745 D Evaluation: Frame 468 sent at 1572948314761
11-05 12:05:14.784  9712  9745 D Evaluation: Frame 469 sent at 1572948314784
11-05 12:05:14.828  9712  9745 D Evaluation: Frame 470 sent at 1572948314828
11-05 12:05:14.853  9712  9745 D Evaluation: Frame 472 sent at 1572948314853
11-05 12:05:14.871  9712  9745 D Evaluation: Frame 472 sent at 1572948314871
11-05 12:05:14.908  9712  9745 D Evaluation: Frame 473 sent at 1572948314908
11-05 12:05:15.017  9712  9745 D Evaluation: Frame 475 sent at 1572948315017
11-05 12:05:15.038  9712  9745 D Evaluation: Frame 476 sent at 1572948315038
11-05 12:05:15.055  9712  9745 D Evaluation: Frame 476 sent at 1572948315055
11-05 12:05:15.071  9712  9745 D Evaluation: Frame 477 sent at 1572948315071
11-05 12:05:15.123  9712  9745 D Evaluation: Frame 478 sent at 1572948315123
11-05 12:05:15.146  9712  9745 D Evaluation: Frame 479 sent at 1572948315146
11-05 12:05:15.184  9712  9745 D Evaluation: Frame 480 sent at 1572948315184
11-05 12:05:15.217  9712  9745 D Evaluation: Frame 481 sent at 1572948315217
11-05 12:05:15.267  9712  9745 D Evaluation: Frame 482 sent at 1572948315267
11-05 12:05:15.289  9712  9745 D Evaluation: Frame 483 sent at 1572948315289
11-05 12:05:15.351  9712  9745 D Evaluation: Frame 484 sent at 1572948315351
11-05 12:05:15.446  9712  9745 D Evaluation: Frame 485 sent at 1572948315446
11-05 12:05:15.474  9712  9712 D Poster  : At 1572948315474 location is 65.05878712604769 (latitude), and 25.46608554967829 (longitude)
11-05 12:05:15.477  9712  9745 D Evaluation: Frame 487 sent at 1572948315477
11-05 12:05:15.497  9712  9745 D Evaluation: Frame 487 sent at 1572948315497
11-05 12:05:15.515  9712  9745 D Evaluation: Frame 488 sent at 1572948315515
11-05 12:05:15.544  9712  9745 D Evaluation: Frame 489 sent at 1572948315544
11-05 12:05:15.581  9712  9745 D Evaluation: Frame 490 sent at 1572948315581
11-05 12:05:15.619  9712  9745 D Evaluation: Frame 491 sent at 1572948315619
11-05 12:05:15.664  9712  9745 D Evaluation: Frame 492 sent at 1572948315664
11-05 12:05:15.714  9712  9745 D Evaluation: Frame 494 sent at 1572948315714
11-05 12:05:15.734  9712  9745 D Evaluation: Frame 495 sent at 1572948315734
11-05 12:05:15.754  9712  9745 D Evaluation: Frame 495 sent at 1572948315754
11-05 12:05:15.790  9712  9745 D Evaluation: Frame 496 sent at 1572948315790
11-05 12:05:15.831  9712  9745 D Evaluation: Frame 498 sent at 1572948315831
11-05 12:05:15.851  9712  9745 D Evaluation: Frame 498 sent at 1572948315850
11-05 12:05:15.884  9712  9723 E         : [ZeroHung]zrhung_get_config: Get config failed for wp[0x0008]
11-05 12:05:15.884  9712  9745 D Evaluation: Frame 499 sent at 1572948315884
11-05 12:05:15.928  9712  9745 D Evaluation: Frame 500 sent at 1572948315928
11-05 12:05:15.962  9712  9745 D Evaluation: Frame 501 sent at 1572948315962
11-05 12:05:15.995  9712  9745 D Evaluation: Frame 502 sent at 1572948315995
11-05 12:05:16.041  9712  9745 D Evaluation: Frame 503 sent at 1572948316041
11-05 12:05:16.066  9712  9745 D Evaluation: Frame 504 sent at 1572948316066
11-05 12:05:16.090  9712  9745 D Evaluation: Frame 505 sent at 1572948316090
11-05 12:05:16.107  9712  9712 W HiTouch_PressGestureDetector: Touch pointer move a lot. The moving distance of X is:7.9864197, limit is:60The moving distance of Y is:108.317154, limit is:60
11-05 12:05:16.118  9712  9745 D Evaluation: Frame 506 sent at 1572948316118
11-05 12:05:16.160  9712  9745 D Evaluation: Frame 507 sent at 1572948316160
11-05 12:05:16.193  9712  9745 D Evaluation: Frame 508 sent at 1572948316193
11-05 12:05:16.214  9712  9745 D Evaluation: Frame 509 sent at 1572948316214
11-05 12:05:16.243  9712  9745 D Evaluation: Frame 510 sent at 1572948316243
11-05 12:05:16.276  9712  9745 D Evaluation: Frame 511 sent at 1572948316276
11-05 12:05:16.316  9712  9745 D Evaluation: Frame 512 sent at 1572948316316
11-05 12:05:16.350  9712  9745 D Evaluation: Frame 513 sent at 1572948316350
11-05 12:05:16.376  9712  9745 D Evaluation: Frame 514 sent at 1572948316376
11-05 12:05:16.418  9712  9745 D Evaluation: Frame 515 sent at 1572948316418
11-05 12:05:16.447  9712  9745 D Evaluation: Frame 516 sent at 1572948316447
11-05 12:05:16.454  9712  9712 D Poster  : At 1572948316454 location is 65.05881196547128 (latitude), and 25.466089748423016 (longitude)
11-05 12:05:16.488  9712  9745 D Evaluation: Frame 517 sent at 1572948316488
11-05 12:05:16.510  9712  9745 D Evaluation: Frame 518 sent at 1572948316510
11-05 12:05:16.544  9712  9745 D Evaluation: Frame 519 sent at 1572948316544
11-05 12:05:16.575  9712  9745 D Evaluation: Frame 520 sent at 1572948316575
11-05 12:05:16.610  9712  9745 D Evaluation: Frame 521 sent at 1572948316610
11-05 12:05:16.644  9712  9745 D Evaluation: Frame 522 sent at 1572948316644
11-05 12:05:16.677  9712  9745 D Evaluation: Frame 523 sent at 1572948316677
11-05 12:05:16.726  9712  9745 D Evaluation: Frame 524 sent at 1572948316726
11-05 12:05:16.753  9712  9745 D Evaluation: Frame 525 sent at 1572948316753
11-05 12:05:16.781  9712  9745 D Evaluation: Frame 526 sent at 1572948316781
11-05 12:05:16.822  9712  9745 D Evaluation: Frame 527 sent at 1572948316822
11-05 12:05:16.850  9712  9745 D Evaluation: Frame 528 sent at 1572948316850
11-05 12:05:16.879  9712  9745 D Evaluation: Frame 529 sent at 1572948316878
11-05 12:05:16.922  9712  9745 D Evaluation: Frame 530 sent at 1572948316922
11-05 12:05:16.945  9712  9745 D Evaluation: Frame 531 sent at 1572948316945
11-05 12:05:17.000  9712  9745 D Evaluation: Frame 532 sent at 1572948317000
11-05 12:05:17.017  9712  9745 D Evaluation: Frame 533 sent at 1572948317017
11-05 12:05:17.057  9712  9745 D Evaluation: Frame 534 sent at 1572948317057
11-05 12:05:17.081  9712  9745 D Evaluation: Frame 535 sent at 1572948317081
11-05 12:05:17.120  9712  9745 D Evaluation: Frame 536 sent at 1572948317120
11-05 12:05:17.149  9712  9745 D Evaluation: Frame 537 sent at 1572948317149
11-05 12:05:17.182  9712  9745 D Evaluation: Frame 538 sent at 1572948317182
11-05 12:05:17.220  9712  9745 D Evaluation: Frame 539 sent at 1572948317220
11-05 12:05:17.249  9712  9745 D Evaluation: Frame 540 sent at 1572948317249
11-05 12:05:17.285  9712  9745 D Evaluation: Frame 541 sent at 1572948317285
11-05 12:05:17.314  9712  9745 D Evaluation: Frame 542 sent at 1572948317314
11-05 12:05:17.351  9712  9745 D Evaluation: Frame 543 sent at 1572948317351
11-05 12:05:17.384  9712  9745 D Evaluation: Frame 544 sent at 1572948317384
11-05 12:05:17.426  9712  9745 D Evaluation: Frame 545 sent at 1572948317426
11-05 12:05:17.450  9712  9745 D Evaluation: Frame 546 sent at 1572948317450
11-05 12:05:17.455  9712  9712 D Poster  : At 1572948317455 location is 65.05881633585085 (latitude), and 25.46609250139417 (longitude)
11-05 12:05:17.491  9712  9745 D Evaluation: Frame 547 sent at 1572948317491
11-05 12:05:17.529  9712  9745 D Evaluation: Frame 548 sent at 1572948317529
11-05 12:05:17.561  9712  9745 D Evaluation: Frame 549 sent at 1572948317561
11-05 12:05:17.587  9712  9745 D Evaluation: Frame 550 sent at 1572948317587
11-05 12:05:17.628  9712  9745 D Evaluation: Frame 551 sent at 1572948317628
11-05 12:05:17.653  9712  9745 D Evaluation: Frame 552 sent at 1572948317653
11-05 12:05:17.694  9712  9745 D Evaluation: Frame 553 sent at 1572948317694
11-05 12:05:17.727  9712  9745 D Evaluation: Frame 554 sent at 1572948317726
11-05 12:05:17.758  9712  9745 D Evaluation: Frame 555 sent at 1572948317758
11-05 12:05:17.786  9712  9745 D Evaluation: Frame 556 sent at 1572948317786
11-05 12:05:17.826  9712  9745 D Evaluation: Frame 557 sent at 1572948317826
11-05 12:05:17.853  9712  9745 D Evaluation: Frame 558 sent at 1572948317853
11-05 12:05:17.922  9712  9745 D Evaluation: Frame 559 sent at 1572948317922
11-05 12:05:17.956  9712  9745 D Evaluation: Frame 560 sent at 1572948317956
11-05 12:05:17.989  9712  9745 D Evaluation: Frame 561 sent at 1572948317989
11-05 12:05:18.067  9712  9745 D Evaluation: Frame 562 sent at 1572948318067
11-05 12:05:18.095  9712  9745 D Evaluation: Frame 563 sent at 1572948318095
11-05 12:05:18.123  9712  9745 D Evaluation: Frame 564 sent at 1572948318123
11-05 12:05:18.166  9712  9745 D Evaluation: Frame 565 sent at 1572948318166
11-05 12:05:18.191  9712  9745 D Evaluation: Frame 566 sent at 1572948318191
11-05 12:05:18.224  9712  9745 D Evaluation: Frame 567 sent at 1572948318224
11-05 12:05:18.268  9712  9745 D Evaluation: Frame 568 sent at 1572948318268
11-05 12:05:18.291  9712  9745 D Evaluation: Frame 569 sent at 1572948318291
11-05 12:05:18.326  9712  9745 D Evaluation: Frame 570 sent at 1572948318326
11-05 12:05:18.355  9712  9745 D Evaluation: Frame 571 sent at 1572948318355
11-05 12:05:18.385  9712  9745 D Evaluation: Frame 572 sent at 1572948318385
11-05 12:05:18.422  9712  9745 D Evaluation: Frame 573 sent at 1572948318422
11-05 12:05:18.452  9712  9712 D Poster  : At 1572948318452 location is 65.05882105609987 (latitude), and 25.466084641913447 (longitude)
11-05 12:05:18.464  9712  9745 D Evaluation: Frame 574 sent at 1572948318464
11-05 12:05:18.492  9712  9745 D Evaluation: Frame 575 sent at 1572948318491
11-05 12:05:18.531  9712  9745 D Evaluation: Frame 576 sent at 1572948318531
11-05 12:05:18.562  9712  9745 D Evaluation: Frame 577 sent at 1572948318562
11-05 12:05:18.595  9712  9745 D Evaluation: Frame 578 sent at 1572948318595
11-05 12:05:18.626  9712  9745 D Evaluation: Frame 579 sent at 1572948318626
11-05 12:05:18.669  9712  9745 D Evaluation: Frame 580 sent at 1572948318669
11-05 12:05:18.696  9712  9745 D Evaluation: Frame 581 sent at 1572948318696
11-05 12:05:18.734  9712  9745 D Evaluation: Frame 582 sent at 1572948318734
11-05 12:05:18.763  9712  9745 D Evaluation: Frame 583 sent at 1572948318762
11-05 12:05:18.794  9712  9745 D Evaluation: Frame 584 sent at 1572948318794
11-05 12:05:18.830  9712  9745 D Evaluation: Frame 585 sent at 1572948318830
11-05 12:05:18.866  9712  9745 D Evaluation: Frame 586 sent at 1572948318866
11-05 12:05:18.890  9712  9745 D Evaluation: Frame 587 sent at 1572948318890
11-05 12:05:18.926  9712  9745 D Evaluation: Frame 588 sent at 1572948318926
11-05 12:05:18.971  9712  9745 D Evaluation: Frame 589 sent at 1572948318971
11-05 12:05:19.002  9712  9745 D Evaluation: Frame 590 sent at 1572948319002
11-05 12:05:19.029  9712  9745 D Evaluation: Frame 591 sent at 1572948319029
11-05 12:05:19.063  9712  9745 D Evaluation: Frame 592 sent at 1572948319063
11-05 12:05:19.096  9712  9745 D Evaluation: Frame 593 sent at 1572948319096
11-05 12:05:19.156  9712  9745 D Evaluation: Frame 594 sent at 1572948319156
11-05 12:05:19.175  9712  9745 D Evaluation: Frame 595 sent at 1572948319175
11-05 12:05:19.199  9712  9723 E         : [ZeroHung]zrhung_get_config: Get config failed for wp[0x0008]
11-05 12:05:19.200  9712  9745 D Evaluation: Frame 596 sent at 1572948319200
11-05 12:05:19.232  9712  9745 D Evaluation: Frame 597 sent at 1572948319232
11-05 12:05:19.264  9712  9745 D Evaluation: Frame 598 sent at 1572948319264
11-05 12:05:19.298  9712  9745 D Evaluation: Frame 599 sent at 1572948319298
11-05 12:05:19.333  9712  9745 D Evaluation: Frame 600 sent at 1572948319333
11-05 12:05:19.366  9712  9745 D Evaluation: Frame 601 sent at 1572948319366
11-05 12:05:19.397  9712  9745 D Evaluation: Frame 602 sent at 1572948319397
11-05 12:05:19.438  9712  9745 D Evaluation: Frame 603 sent at 1572948319438
11-05 12:05:19.442  9712  9712 D Poster  : At 1572948319441 location is 65.05882551954546 (latitude), and 25.466075862699803 (longitude)
11-05 12:05:19.486  9712  9745 D Evaluation: Frame 605 sent at 1572948319486
11-05 12:05:19.499  9712  9745 D Evaluation: Frame 605 sent at 1572948319498
11-05 12:05:19.528  9712  9745 D Evaluation: Frame 606 sent at 1572948319528
11-05 12:05:19.564  9712  9745 D Evaluation: Frame 607 sent at 1572948319564
11-05 12:05:19.597  9712  9745 D Evaluation: Frame 608 sent at 1572948319597
11-05 12:05:19.633  9712  9745 D Evaluation: Frame 609 sent at 1572948319633
11-05 12:05:19.756  9712  9745 D Evaluation: Frame 610 sent at 1572948319756
11-05 12:05:19.792  9712  9745 D Evaluation: Frame 611 sent at 1572948319792
11-05 12:05:19.926  9712  9745 D Evaluation: Frame 612 sent at 1572948319926
11-05 12:05:19.958  9712  9745 D Evaluation: Frame 613 sent at 1572948319958
11-05 12:05:19.985  9712  9745 D Evaluation: Frame 614 sent at 1572948319985
11-05 12:05:20.024  9712  9745 D Evaluation: Frame 615 sent at 1572948320024
11-05 12:05:20.053  9712  9745 D Evaluation: Frame 616 sent at 1572948320053
11-05 12:05:20.093  9712  9745 D Evaluation: Frame 617 sent at 1572948320093
11-05 12:05:20.126  9712  9745 D Evaluation: Frame 618 sent at 1572948320126
11-05 12:05:20.153  9712  9745 D Evaluation: Frame 619 sent at 1572948320153
11-05 12:05:20.193  9712  9745 D Evaluation: Frame 620 sent at 1572948320193
11-05 12:05:20.221  9712  9745 D Evaluation: Frame 621 sent at 1572948320221
11-05 12:05:20.257  9712  9745 D Evaluation: Frame 622 sent at 1572948320257
11-05 12:05:20.302  9712  9745 D Evaluation: Frame 623 sent at 1572948320302
11-05 12:05:20.326  9712  9745 D Evaluation: Frame 624 sent at 1572948320326
11-05 12:05:20.354  9712  9745 D Evaluation: Frame 625 sent at 1572948320354
11-05 12:05:20.395  9712  9745 D Evaluation: Frame 626 sent at 1572948320395
11-05 12:05:20.422  9712  9745 D Evaluation: Frame 627 sent at 1572948320421
11-05 12:05:20.448  9712  9712 D Poster  : At 1572948320448 location is 65.05883104879943 (latitude), and 25.466069484074918 (longitude)
11-05 12:05:20.472  9712  9745 D Evaluation: Frame 628 sent at 1572948320472
11-05 12:05:20.489  9712  9745 D Evaluation: Frame 629 sent at 1572948320489
11-05 12:05:20.531  9712  9745 D Evaluation: Frame 630 sent at 1572948320531
11-05 12:05:20.561  9712  9745 D Evaluation: Frame 631 sent at 1572948320561
11-05 12:05:20.611  9712  9745 D Evaluation: Frame 632 sent at 1572948320611
11-05 12:05:20.642  9712  9745 D Evaluation: Frame 633 sent at 1572948320642
11-05 12:05:20.680  9712  9745 D Evaluation: Frame 634 sent at 1572948320680
11-05 12:05:20.709  9712  9745 D Evaluation: Frame 635 sent at 1572948320708
11-05 12:05:20.753  9712  9745 D Evaluation: Frame 636 sent at 1572948320753
11-05 12:05:20.779  9712  9745 D Evaluation: Frame 637 sent at 1572948320779
11-05 12:05:20.814  9712  9745 D Evaluation: Frame 638 sent at 1572948320814
11-05 12:05:20.852  9712  9745 D Evaluation: Frame 639 sent at 1572948320852
11-05 12:05:20.879  9712  9745 D Evaluation: Frame 640 sent at 1572948320879
11-05 12:05:20.922  9712  9745 D Evaluation: Frame 641 sent at 1572948320922
11-05 12:05:20.951  9712  9745 D Evaluation: Frame 642 sent at 1572948320951
11-05 12:05:20.974  9712  9745 D Evaluation: Frame 643 sent at 1572948320974
11-05 12:05:21.014  9712  9745 D Evaluation: Frame 644 sent at 1572948321014
11-05 12:05:21.048  9712  9745 D Evaluation: Frame 645 sent at 1572948321048
11-05 12:05:21.090  9712  9745 D Evaluation: Frame 646 sent at 1572948321090
11-05 12:05:21.116  9712  9745 D Evaluation: Frame 647 sent at 1572948321116
11-05 12:05:21.149  9712  9745 D Evaluation: Frame 648 sent at 1572948321148
11-05 12:05:21.185  9712  9745 D Evaluation: Frame 649 sent at 1572948321185
11-05 12:05:21.214  9712  9745 D Evaluation: Frame 650 sent at 1572948321214
11-05 12:05:21.254  9712  9745 D Evaluation: Frame 651 sent at 1572948321254
11-05 12:05:21.285  9712  9745 D Evaluation: Frame 652 sent at 1572948321285
11-05 12:05:21.317  9712  9745 D Evaluation: Frame 653 sent at 1572948321317
11-05 12:05:21.356  9712  9745 D Evaluation: Frame 654 sent at 1572948321356
11-05 12:05:21.380  9712  9712 W HiTouch_PressGestureDetector: Touch pointer move a lot. The moving distance of X is:106.427, limit is:60The moving distance of Y is:27.343292, limit is:60
11-05 12:05:21.392  9712  9745 D Evaluation: Frame 655 sent at 1572948321392
11-05 12:05:21.419  9712  9745 D Evaluation: Frame 656 sent at 1572948321419
11-05 12:05:21.447  9712  9712 D Poster  : At 1572948321447 location is 65.05884389301183 (latitude), and 25.46607392639603 (longitude)
11-05 12:05:21.453  9712  9745 D Evaluation: Frame 657 sent at 1572948321453
11-05 12:05:21.479  9712  9745 D Evaluation: Frame 658 sent at 1572948321479
11-05 12:05:21.501  9712  9745 D Evaluation: Frame 659 sent at 1572948321501
11-05 12:05:21.541  9712  9745 D Evaluation: Frame 660 sent at 1572948321541
11-05 12:05:21.569  9712  9745 D Evaluation: Frame 661 sent at 1572948321569
11-05 12:05:21.607  9712  9745 D Evaluation: Frame 662 sent at 1572948321607
11-05 12:05:21.632  9712  9745 D Evaluation: Frame 663 sent at 1572948321632
11-05 12:05:21.674  9712  9745 D Evaluation: Frame 664 sent at 1572948321674
11-05 12:05:21.701  9712  9745 D Evaluation: Frame 665 sent at 1572948321701
11-05 12:05:21.741  9712  9745 D Evaluation: Frame 666 sent at 1572948321741
11-05 12:05:21.769  9712  9745 D Evaluation: Frame 667 sent at 1572948321769
11-05 12:05:21.807  9712  9745 D Evaluation: Frame 668 sent at 1572948321807
11-05 12:05:21.832  9712  9745 D Evaluation: Frame 669 sent at 1572948321832
11-05 12:05:21.875  9712  9745 D Evaluation: Frame 670 sent at 1572948321875
11-05 12:05:21.907  9712  9745 D Evaluation: Frame 671 sent at 1572948321907
11-05 12:05:21.957  9712  9745 D Evaluation: Frame 673 sent at 1572948321957
11-05 12:05:21.976  9712  9745 D Evaluation: Frame 673 sent at 1572948321976
11-05 12:05:22.005  9712  9745 D Evaluation: Frame 674 sent at 1572948322005
11-05 12:05:22.006  9712  9712 I Poster  :  onPause() called.
11-05 12:05:22.144  9712  9712 I Camera  : close camera: 0, package name: symlab.cloudridar.arhud
11-05 12:05:22.145  9712  9712 I BackgroundPermManager: pkgName: symlab.cloudridar.arhud,pid: 9712 ,uidOf3RdApk: 10149 ,permType: 0 ,permCfg: 0
11-05 12:05:22.151  9712  9712 I HwCameraUtil: notifySurfaceFlingerCameraStatus : isFront = false , isOpend = false
11-05 12:05:22.223  9712  9712 D ZrHung.AppEyeUiProbe: stop checker.
11-05 12:05:22.246  9712  9712 I Poster  :  surfaceDestroyed() called.
11-05 12:05:22.246  9712  9712 D ViewRootImpl[MainActivity]: surface should not be released
11-05 12:05:22.246  9712  9712 I Poster  :  onStop() called.
11-05 12:05:22.264  9712  9762 W libEGL  : EGLNativeWindowType 0xf2770008 disconnect failed
11-05 12:05:22.279  9712  9737 D ZrHung.AppEyeUiProbe: Current Activity:false
11-05 12:05:22.279  9712  9737 D ZrHung.AppEyeUiProbe: not watching, wait.
11-05 12:05:22.445  9712  9712 D Poster  : At 1572948322445 location is 65.0588678021485 (latitude), and 25.466072532420178 (longitude)
11-05 12:05:22.466  9712  9712 D Latitude: status
11-05 12:05:23.333  9712  9712 I Poster  :  onDestroy() called.
