--------- beginning of main
11-06 14:28:00.838 22291 22291 I MultiDex: Installing application
11-06 14:28:00.838 22291 22291 I MultiDex: VM has multidex support, MultiDex support library is disabled.
11-06 14:28:00.839 22319 22319 W logcat  : type=1400 audit(0.0:16352): avc: granted { create } for name="logcat_1573043280822.txt" scontext=u:r:untrusted_app:s0:c149,c256,c512,c768 tcontext=u:object_r:sdcardfs:s0:c149,c256,c512,c768 tclass=file
--------- beginning of system
11-06 14:28:00.842 22291 22291 V ActivityThread: callActivityOnCreate
11-06 14:28:00.843 22291 22291 I Poster  :  onCreate() called.
11-06 14:28:00.846 22291 22291 I HwApsImpl: APS: new HwApsImpl created
11-06 14:28:00.853 22291 22291 V HwWidgetFactory: : successes to get AllImpl object and return....
11-06 14:28:00.860 22291 22291 D OpenGLRenderer: Skia GL Pipeline
11-06 14:28:00.885 22291 22291 D Poster  : Server bound to IP 193.166.28.132 and port 52727
11-06 14:28:00.888 22291 22338 D Evaluation: metadata 0 sent 
11-06 14:28:00.889 22291 22291 D ActivityThread: add activity client record, r= ActivityRecord{24fb417 token=android.os.BinderProxy@3a687be {symlab.cloudridar.arhud/symlab.ARHUD.MainActivity}} token= android.os.BinderProxy@3a687be
11-06 14:28:00.891 22291 22291 I Poster  :  onStart() called.
11-06 14:28:00.891 22291 22291 D ZrHung.AppEyeUiProbe: notify runnable to start.
11-06 14:28:00.893 22291 22291 I Poster  :  onResume() called.
11-06 14:28:00.898 22291 22291 I PermissionManager: camera remind result:true
11-06 14:28:00.898 22291 22291 I Camera  : open camera: 0, package name: symlab.cloudridar.arhud
11-06 14:28:00.898 22291 22291 I BackgroundPermManager: pkgName: symlab.cloudridar.arhud,pid: 22291 ,uidOf3RdApk: 10149 ,permType: 0 ,permCfg: 1
11-06 14:28:00.899 22291 22291 I HwCameraUtil: notifySurfaceFlingerCameraStatus : isFront = false , isOpend = true
11-06 14:28:00.907 22291 22291 D ActivityThread: isOptEnabled=false isWechatScanOpt=false
11-06 14:28:00.909 22291 22291 I HwSecImmHelper: mSecurityInputMethodService is null
11-06 14:28:00.914 22291 22291 D OpenGLRenderer:   HWUI Binary is  enabled
11-06 14:28:00.939 22291 22364 D HiTouch_PressGestureDetector: onAttached, package=symlab.cloudridar.arhud, windowType=1, mHiTouchRestricted=false
11-06 14:28:00.949 22291 22361 I ConfigStore: android::hardware::configstore::V1_0::ISurfaceFlingerConfigs::hasWideColorDisplay retrieved: 0
11-06 14:28:00.949 22291 22361 I ConfigStore: android::hardware::configstore::V1_0::ISurfaceFlingerConfigs::hasHDRDisplay retrieved: 0
11-06 14:28:00.949 22291 22361 I iGraphics: [0020080c] pn: symlab.cloudridar.arhud, p: 22291
11-06 14:28:00.949 22291 22361 I OpenGLRenderer: Initialized EGL, version 1.4, mEglDisplay 0x1
11-06 14:28:00.950 22291 22361 D OpenGLRenderer: Swap behavior 2
11-06 14:28:00.958 22291 22361 D mali_winsys: EGLint new_window_surface(egl_winsys_display *, void *, EGLSurface, EGLConfig, egl_winsys_surface **, EGLBoolean) returns 0x3000
11-06 14:28:00.977 22291 22291 I Poster  :  surfaceCreated() called.
11-06 14:28:00.977 22291 22291 I Poster  : initPreview() called
11-06 14:28:00.982 22291 22291 I PermissionManager: camera remind result:true
11-06 14:28:00.988 22291 22291 I Poster  :  surfaceChanged() called.
11-06 14:28:01.006 22291 22291 W InputMethodManager: startInputReason = 1
11-06 14:28:01.032 22291 22291 W InputMethodManager: startInputReason = 5
11-06 14:28:01.292 22291 22338 D Evaluation: metadata 1 sent 
11-06 14:28:01.323 22291 22338 D Evaluation: metadata 2 sent 
11-06 14:28:01.360 22291 22338 D Evaluation: metadata 3 sent 
11-06 14:28:01.393 22291 22338 D Evaluation: metadata 4 sent 
11-06 14:28:01.427 22291 22338 D Evaluation: metadata 5 sent 
11-06 14:28:01.476 22291 22338 D Evaluation: Frame 6 sent at 1573043281476
11-06 14:28:01.504 22291 22338 D Evaluation: Frame 7 sent at 1573043281503
11-06 14:28:01.537 22291 22338 D Evaluation: Frame 8 sent at 1573043281537
11-06 14:28:01.573 22291 22338 D Evaluation: Frame 9 sent at 1573043281573
11-06 14:28:01.611 22291 22338 D Evaluation: Frame 10 sent at 1573043281611
11-06 14:28:01.641 22291 22338 D Evaluation: Frame 11 sent at 1573043281641
11-06 14:28:01.673 22291 22338 D Evaluation: Frame 12 sent at 1573043281673
11-06 14:28:01.705 22291 22338 D Evaluation: Frame 13 sent at 1573043281705
11-06 14:28:01.739 22291 22338 D Evaluation: Frame 14 sent at 1573043281739
11-06 14:28:01.775 22291 22338 D Evaluation: Frame 15 sent at 1573043281775
11-06 14:28:01.808 22291 22338 D Evaluation: Frame 16 sent at 1573043281808
11-06 14:28:01.839 22291 22338 D Evaluation: Frame 17 sent at 1573043281839
11-06 14:28:01.874 22291 22338 D Evaluation: Frame 18 sent at 1573043281874
11-06 14:28:01.907 22291 22338 D Evaluation: Frame 19 sent at 1573043281907
11-06 14:28:01.908 22291 22338 D Evaluation: 0 res for frame 6 received at 1573043281908
11-06 14:28:01.941 22291 22338 D Evaluation: Frame 20 sent at 1573043281941
11-06 14:28:01.974 22291 22338 D Evaluation: Frame 21 sent at 1573043281974
11-06 14:28:01.974 22291 22338 D Evaluation: 0 res for frame 7 received at 1573043281974
11-06 14:28:02.008 22291 22338 D Evaluation: Frame 22 sent at 1573043282008
11-06 14:28:02.043 22291 22338 D Evaluation: Frame 23 sent at 1573043282043
11-06 14:28:02.078 22291 22338 D Evaluation: Frame 24 sent at 1573043282078
11-06 14:28:02.110 22291 22338 D Evaluation: Frame 25 sent at 1573043282110
11-06 14:28:02.142 22291 22338 D Evaluation: Frame 26 sent at 1573043282142
11-06 14:28:02.195 22291 22338 D Evaluation: Frame 27 sent at 1573043282195
11-06 14:28:02.222 22291 22338 D Evaluation: Frame 28 sent at 1573043282222
11-06 14:28:02.258 22291 22338 D Evaluation: Frame 29 sent at 1573043282258
11-06 14:28:02.295 22291 22338 D Evaluation: Frame 30 sent at 1573043282295
11-06 14:28:02.323 22291 22338 D Evaluation: Frame 31 sent at 1573043282323
11-06 14:28:02.350 22291 22303 E         : [ZeroHung]zrhung_get_config: Get config failed for wp[0x0008]
11-06 14:28:02.350 22291 22338 D Evaluation: Frame 32 sent at 1573043282350
11-06 14:28:02.365 22291 22301 W System  : A resource failed to call close. 
11-06 14:28:02.365 22291 22301 I chatty  : uid=10149(symlab.cloudridar.arhud) FinalizerDaemon identical 2 lines
11-06 14:28:02.365 22291 22301 W System  : A resource failed to call close. 
11-06 14:28:02.390 22291 22338 D Evaluation: Frame 33 sent at 1573043282390
11-06 14:28:02.425 22291 22338 D Evaluation: Frame 34 sent at 1573043282425
11-06 14:28:02.462 22291 22338 D Evaluation: Frame 35 sent at 1573043282462
11-06 14:28:02.494 22291 22338 D Evaluation: Frame 36 sent at 1573043282494
11-06 14:28:02.526 22291 22338 D Evaluation: Frame 37 sent at 1573043282526
11-06 14:28:02.554 22291 22338 D Evaluation: Frame 38 sent at 1573043282554
11-06 14:28:02.597 22291 22338 D Evaluation: Frame 39 sent at 1573043282597
11-06 14:28:02.630 22291 22338 D Evaluation: Frame 40 sent at 1573043282630
11-06 14:28:02.665 22291 22338 D Evaluation: Frame 41 sent at 1573043282665
11-06 14:28:02.697 22291 22338 D Evaluation: Frame 42 sent at 1573043282697
11-06 14:28:02.740 22291 22338 D Evaluation: Frame 43 sent at 1573043282740
11-06 14:28:02.769 22291 22338 D Evaluation: Frame 44 sent at 1573043282769
11-06 14:28:02.795 22291 22338 D Evaluation: Frame 45 sent at 1573043282795
11-06 14:28:02.834 22291 22338 D Evaluation: Frame 46 sent at 1573043282834
11-06 14:28:02.865 22291 22338 D Evaluation: Frame 47 sent at 1573043282865
11-06 14:28:02.899 22291 22338 D Evaluation: Frame 48 sent at 1573043282899
11-06 14:28:02.932 22291 22338 D Evaluation: Frame 49 sent at 1573043282932
11-06 14:28:02.976 22291 22338 D Evaluation: Frame 50 sent at 1573043282976
11-06 14:28:02.998 22291 22338 D Evaluation: Frame 51 sent at 1573043282998
11-06 14:28:03.027 22291 22338 D Evaluation: Frame 52 sent at 1573043283027
11-06 14:28:03.067 22291 22338 D Evaluation: Frame 53 sent at 1573043283067
11-06 14:28:03.103 22291 22338 D Evaluation: Frame 54 sent at 1573043283103
11-06 14:28:03.137 22291 22338 D Evaluation: Frame 55 sent at 1573043283137
11-06 14:28:03.168 22291 22338 D Evaluation: Frame 56 sent at 1573043283168
11-06 14:28:03.192 22291 22338 D Evaluation: Frame 57 sent at 1573043283192
11-06 14:28:03.227 22291 22338 D Evaluation: Frame 58 sent at 1573043283227
11-06 14:28:03.262 22291 22338 D Evaluation: Frame 59 sent at 1573043283262
11-06 14:28:03.294 22291 22338 D Evaluation: Frame 60 sent at 1573043283294
11-06 14:28:03.329 22291 22338 D Evaluation: Frame 61 sent at 1573043283329
11-06 14:28:03.372 22291 22338 D Evaluation: Frame 62 sent at 1573043283372
11-06 14:28:03.410 22291 22338 D Evaluation: Frame 63 sent at 1573043283410
11-06 14:28:03.442 22291 22338 D Evaluation: Frame 64 sent at 1573043283441
11-06 14:28:03.479 22291 22338 D Evaluation: Frame 65 sent at 1573043283479
11-06 14:28:03.501 22291 22338 D Evaluation: Frame 66 sent at 1573043283501
11-06 14:28:03.531 22291 22338 D Evaluation: Frame 67 sent at 1573043283531
11-06 14:28:03.574 22291 22338 D Evaluation: Frame 68 sent at 1573043283574
11-06 14:28:03.615 22291 22338 D Evaluation: Frame 69 sent at 1573043283615
11-06 14:28:03.641 22291 22338 D Evaluation: Frame 70 sent at 1573043283641
11-06 14:28:03.676 22291 22338 D Evaluation: Frame 71 sent at 1573043283676
11-06 14:28:03.703 22291 22338 D Evaluation: Frame 72 sent at 1573043283703
11-06 14:28:03.746 22291 22338 D Evaluation: Frame 73 sent at 1573043283746
11-06 14:28:03.775 22291 22338 D Evaluation: Frame 74 sent at 1573043283775
11-06 14:28:03.811 22291 22338 D Evaluation: Frame 75 sent at 1573043283811
11-06 14:28:03.835 22291 22338 D Evaluation: Frame 76 sent at 1573043283835
11-06 14:28:03.874 22291 22338 D Evaluation: Frame 77 sent at 1573043283874
11-06 14:28:03.908 22291 22338 D Evaluation: Frame 78 sent at 1573043283908
11-06 14:28:03.950 22291 22338 D Evaluation: Frame 79 sent at 1573043283950
11-06 14:28:03.975 22291 22338 D Evaluation: Frame 80 sent at 1573043283975
11-06 14:28:04.012 22291 22338 D Evaluation: Frame 81 sent at 1573043284012
11-06 14:28:04.036 22291 22338 D Evaluation: Frame 82 sent at 1573043284036
11-06 14:28:04.078 22291 22338 D Evaluation: Frame 83 sent at 1573043284078
11-06 14:28:04.100 22291 22338 D Evaluation: Frame 84 sent at 1573043284100
11-06 14:28:04.159 22291 22338 D Evaluation: Frame 85 sent at 1573043284159
11-06 14:28:04.181 22291 22338 D Evaluation: Frame 86 sent at 1573043284181
11-06 14:28:04.210 22291 22338 D Evaluation: Frame 87 sent at 1573043284210
11-06 14:28:04.238 22291 22338 D Evaluation: Frame 88 sent at 1573043284238
11-06 14:28:04.315 22291 22338 D Evaluation: Frame 89 sent at 1573043284315
11-06 14:28:04.351 22291 22338 D Evaluation: Frame 90 sent at 1573043284351
11-06 14:28:04.380 22291 22338 D Evaluation: Frame 91 sent at 1573043284380
11-06 14:28:04.445 22291 22338 D Evaluation: Frame 92 sent at 1573043284445
11-06 14:28:04.514 22291 22338 D Evaluation: Frame 93 sent at 1573043284514
11-06 14:28:04.561 22291 22338 D Evaluation: Frame 94 sent at 1573043284561
11-06 14:28:04.582 22291 22338 D Evaluation: Frame 95 sent at 1573043284582
11-06 14:28:04.607 22291 22338 D Evaluation: Frame 96 sent at 1573043284607
11-06 14:28:04.638 22291 22338 D Evaluation: Frame 97 sent at 1573043284638
11-06 14:28:04.673 22291 22338 D Evaluation: Frame 98 sent at 1573043284673
11-06 14:28:04.709 22291 22338 D Evaluation: Frame 99 sent at 1573043284709
11-06 14:28:04.741 22291 22338 D Evaluation: Frame 100 sent at 1573043284741
11-06 14:28:04.781 22291 22338 D Evaluation: Frame 101 sent at 1573043284781
11-06 14:28:04.818 22291 22338 D Evaluation: Frame 102 sent at 1573043284818
11-06 14:28:04.820 22291 22338 D Evaluation: 1 res for frame 89 received at 1573043284819
11-06 14:28:04.820 22291 22303 E         : [ZeroHung]zrhung_get_config: Get config failed for wp[0x0008]
11-06 14:28:04.837 22291 22301 W System  : A resource failed to call close. 
11-06 14:28:04.837 22291 22301 W System  : A resource failed to call close. 
11-06 14:28:04.899 22291 22338 D Evaluation: Frame 103 sent at 1573043284899
11-06 14:28:04.964 22291 22338 D Evaluation: Frame 104 sent at 1573043284964
11-06 14:28:05.008 22291 22338 D Evaluation: Frame 106 sent at 1573043285007
11-06 14:28:05.028 22291 22338 D Evaluation: Frame 106 sent at 1573043285028
11-06 14:28:05.086 22291 22338 D Evaluation: Frame 107 sent at 1573043285086
11-06 14:28:05.122 22291 22338 D Evaluation: Frame 108 sent at 1573043285122
11-06 14:28:05.164 22291 22338 D Evaluation: Frame 109 sent at 1573043285164
11-06 14:28:05.202 22291 22338 D Evaluation: Frame 111 sent at 1573043285202
11-06 14:28:05.220 22291 22338 D Evaluation: Frame 111 sent at 1573043285219
11-06 14:28:05.251 22291 22338 D Evaluation: Frame 112 sent at 1573043285251
11-06 14:28:05.307 22291 22338 D Evaluation: Frame 113 sent at 1573043285307
11-06 14:28:05.338 22291 22338 D Evaluation: Frame 114 sent at 1573043285338
11-06 14:28:05.363 22291 22338 D Evaluation: Frame 115 sent at 1573043285363
11-06 14:28:05.395 22291 22338 D Evaluation: Frame 116 sent at 1573043285395
11-06 14:28:05.425 22291 22338 D Evaluation: Frame 117 sent at 1573043285425
11-06 14:28:05.501 22291 22338 D Evaluation: Frame 118 sent at 1573043285501
11-06 14:28:05.533 22291 22338 D Evaluation: Frame 119 sent at 1573043285533
11-06 14:28:05.565 22291 22338 D Evaluation: Frame 120 sent at 1573043285564
11-06 14:28:05.593 22291 22338 D Evaluation: Frame 121 sent at 1573043285593
11-06 14:28:05.639 22291 22338 D Evaluation: Frame 122 sent at 1573043285639
11-06 14:28:05.670 22291 22338 D Evaluation: Frame 123 sent at 1573043285670
11-06 14:28:05.691 22291 22338 D Evaluation: Frame 124 sent at 1573043285691
11-06 14:28:05.717 22291 22338 D Evaluation: Frame 125 sent at 1573043285717
11-06 14:28:05.753 22291 22338 D Evaluation: Frame 126 sent at 1573043285753
11-06 14:28:05.786 22291 22338 D Evaluation: Frame 127 sent at 1573043285786
11-06 14:28:05.817 22291 22338 D Evaluation: Frame 128 sent at 1573043285817
11-06 14:28:05.829 22291 22291 I AwareBitmapCacher: init lrucache size: 2097152 pid=22291
11-06 14:28:05.860 22291 22338 D Evaluation: Frame 129 sent at 1573043285860
11-06 14:28:05.894 22291 22338 D Evaluation: Frame 130 sent at 1573043285894
11-06 14:28:05.931 22291 22338 D Evaluation: Frame 131 sent at 1573043285931
11-06 14:28:05.951 22291 22338 D Evaluation: Frame 132 sent at 1573043285951
11-06 14:28:05.999 22291 22338 D Evaluation: Frame 133 sent at 1573043285999
11-06 14:28:06.022 22291 22338 D Evaluation: Frame 134 sent at 1573043286022
11-06 14:28:06.024 22291 22338 D Evaluation: 0 res for frame 118 received at 1573043286024
11-06 14:28:06.103 22291 22338 D Evaluation: Frame 135 sent at 1573043286103
11-06 14:28:06.141 22291 22338 D Evaluation: Frame 136 sent at 1573043286141
11-06 14:28:06.161 22291 22338 D Evaluation: Frame 137 sent at 1573043286161
11-06 14:28:06.223 22291 22338 D Evaluation: Frame 138 sent at 1573043286223
11-06 14:28:06.319 22291 22338 D Evaluation: Frame 139 sent at 1573043286319
11-06 14:28:06.345 22291 22338 D Evaluation: Frame 140 sent at 1573043286345
11-06 14:28:06.374 22291 22338 D Evaluation: Frame 141 sent at 1573043286374
11-06 14:28:06.404 22291 22338 D Evaluation: Frame 142 sent at 1573043286404
11-06 14:28:06.436 22291 22338 D Evaluation: Frame 143 sent at 1573043286436
11-06 14:28:06.463 22291 22338 D Evaluation: Frame 144 sent at 1573043286463
11-06 14:28:06.509 22291 22338 D Evaluation: Frame 145 sent at 1573043286509
11-06 14:28:06.537 22291 22338 D Evaluation: Frame 146 sent at 1573043286537
11-06 14:28:06.562 22291 22338 D Evaluation: Frame 147 sent at 1573043286562
11-06 14:28:06.615 22291 22338 D Evaluation: Frame 148 sent at 1573043286615
11-06 14:28:06.617 22291 22338 D Evaluation: 1 res for frame 135 received at 1573043286617
11-06 14:28:06.640 22291 22338 D Evaluation: Frame 149 sent at 1573043286640
11-06 14:28:06.679 22291 22338 D Evaluation: Frame 151 sent at 1573043286679
11-06 14:28:06.695 22291 22338 D Evaluation: Frame 151 sent at 1573043286695
11-06 14:28:06.724 22291 22338 D Evaluation: Frame 152 sent at 1573043286724
11-06 14:28:06.759 22291 22338 D Evaluation: Frame 153 sent at 1573043286759
11-06 14:28:06.801 22291 22338 D Evaluation: Frame 154 sent at 1573043286801
11-06 14:28:06.843 22291 22338 D Evaluation: Frame 155 sent at 1573043286843
11-06 14:28:06.845 22291 22338 D Evaluation: 1 res for frame 139 received at 1573043286845
11-06 14:28:06.877 22291 22338 D Evaluation: Frame 156 sent at 1573043286877
11-06 14:28:06.911 22291 22338 D Evaluation: Frame 157 sent at 1573043286910
11-06 14:28:06.943 22291 22338 D Evaluation: Frame 158 sent at 1573043286943
11-06 14:28:06.968 22291 22338 D Evaluation: Frame 159 sent at 1573043286968
11-06 14:28:07.009 22291 22338 D Evaluation: Frame 160 sent at 1573043287009
11-06 14:28:07.041 22291 22338 D Evaluation: Frame 161 sent at 1573043287041
11-06 14:28:07.075 22291 22338 D Evaluation: Frame 162 sent at 1573043287075
11-06 14:28:07.097 22291 22338 D Evaluation: Frame 163 sent at 1573043287097
11-06 14:28:07.138 22291 22338 D Evaluation: Frame 164 sent at 1573043287138
11-06 14:28:07.168 22291 22338 D Evaluation: Frame 165 sent at 1573043287168
11-06 14:28:07.202 22291 22338 D Evaluation: Frame 166 sent at 1573043287201
11-06 14:28:07.253 22291 22338 D Evaluation: Frame 167 sent at 1573043287253
11-06 14:28:07.277 22291 22338 D Evaluation: Frame 168 sent at 1573043287277
11-06 14:28:07.307 22291 22338 D Evaluation: Frame 169 sent at 1573043287307
11-06 14:28:07.341 22291 22338 D Evaluation: Frame 170 sent at 1573043287341
11-06 14:28:07.378 22291 22338 D Evaluation: Frame 171 sent at 1573043287378
11-06 14:28:07.398 22291 22338 D Evaluation: Frame 172 sent at 1573043287398
11-06 14:28:07.426 22291 22338 D Evaluation: Frame 173 sent at 1573043287426
11-06 14:28:07.474 22291 22338 D Evaluation: Frame 174 sent at 1573043287474
11-06 14:28:07.523 22291 22338 D Evaluation: Frame 175 sent at 1573043287523
11-06 14:28:07.549 22291 22338 D Evaluation: Frame 176 sent at 1573043287549
11-06 14:28:07.574 22291 22338 D Evaluation: Frame 177 sent at 1573043287574
11-06 14:28:07.610 22291 22338 D Evaluation: Frame 178 sent at 1573043287610
11-06 14:28:07.634 22291 22338 D Evaluation: Frame 179 sent at 1573043287634
11-06 14:28:07.679 22291 22338 D Evaluation: Frame 180 sent at 1573043287679
11-06 14:28:07.701 22291 22338 D Evaluation: Frame 181 sent at 1573043287701
11-06 14:28:07.740 22291 22338 D Evaluation: Frame 182 sent at 1573043287740
11-06 14:28:07.774 22291 22338 D Evaluation: Frame 183 sent at 1573043287774
11-06 14:28:07.854 22291 22338 D Evaluation: Frame 184 sent at 1573043287854
11-06 14:28:07.912 22291 22338 D Evaluation: Frame 185 sent at 1573043287912
11-06 14:28:07.953 22291 22338 D Evaluation: Frame 186 sent at 1573043287953
11-06 14:28:07.979 22291 22338 D Evaluation: Frame 187 sent at 1573043287979
11-06 14:28:08.026 22291 22338 D Evaluation: Frame 188 sent at 1573043288026
11-06 14:28:08.046 22291 22338 D Evaluation: Frame 189 sent at 1573043288046
11-06 14:28:08.070 22291 22338 D Evaluation: Frame 190 sent at 1573043288070
11-06 14:28:08.112 22291 22338 D Evaluation: Frame 191 sent at 1573043288112
11-06 14:28:08.160 22291 22338 D Evaluation: Frame 193 sent at 1573043288160
11-06 14:28:08.176 22291 22338 D Evaluation: Frame 193 sent at 1573043288176
11-06 14:28:08.200 22291 22338 D Evaluation: Frame 194 sent at 1573043288200
11-06 14:28:08.242 22291 22338 D Evaluation: Frame 195 sent at 1573043288242
11-06 14:28:08.291 22291 22338 D Evaluation: Frame 196 sent at 1573043288291
11-06 14:28:08.370 22291 22338 D Evaluation: Frame 198 sent at 1573043288370
11-06 14:28:08.371 22291 22338 D Evaluation: 1 res for frame 184 received at 1573043288371
11-06 14:28:08.399 22291 22338 D Evaluation: Frame 199 sent at 1573043288399
11-06 14:28:08.401 22291 22338 D Evaluation: 1 res for frame 185 received at 1573043288401
11-06 14:28:08.401 22291 22303 E         : [ZeroHung]zrhung_get_config: Get config failed for wp[0x0008]
11-06 14:28:08.417 22291 22338 D Evaluation: Frame 199 sent at 1573043288417
11-06 14:28:08.418 22291 22301 W System  : A resource failed to call close. 
11-06 14:28:08.418 22291 22301 W System  : A resource failed to call close. 
11-06 14:28:08.419 22291 22301 W System  : A resource failed to call close. 
11-06 14:28:08.419 22291 22301 I chatty  : uid=10149(symlab.cloudridar.arhud) FinalizerDaemon identical 1 line
11-06 14:28:08.419 22291 22301 W System  : A resource failed to call close. 
11-06 14:28:08.419 22291 22301 W System  : A resource failed to call close. 
11-06 14:28:08.420 22291 22301 W System  : A resource failed to call close. 
11-06 14:28:08.420 22291 22301 I chatty  : uid=10149(symlab.cloudridar.arhud) FinalizerDaemon identical 2 lines
11-06 14:28:08.420 22291 22301 W System  : A resource failed to call close. 
11-06 14:28:08.438 22291 22338 D Evaluation: Frame 200 sent at 1573043288438
11-06 14:28:08.470 22291 22338 D Evaluation: Frame 201 sent at 1573043288469
11-06 14:28:08.472 22291 22338 D Evaluation: 1 res for frame 186 received at 1573043288472
11-06 14:28:08.508 22291 22338 D Evaluation: Frame 202 sent at 1573043288508
11-06 14:28:08.541 22291 22338 D Evaluation: Frame 203 sent at 1573043288541
11-06 14:28:08.604 22291 22338 D Evaluation: Frame 204 sent at 1573043288604
11-06 14:28:08.627 22291 22338 D Evaluation: Frame 205 sent at 1573043288627
11-06 14:28:08.656 22291 22338 D Evaluation: Frame 206 sent at 1573043288656
11-06 14:28:08.686 22291 22338 D Evaluation: Frame 207 sent at 1573043288686
11-06 14:28:08.724 22291 22338 D Evaluation: Frame 208 sent at 1573043288724
11-06 14:28:08.754 22291 22338 D Evaluation: Frame 209 sent at 1573043288754
11-06 14:28:08.781 22291 22338 D Evaluation: Frame 210 sent at 1573043288781
11-06 14:28:08.824 22291 22338 D Evaluation: Frame 211 sent at 1573043288824
11-06 14:28:08.856 22291 22338 D Evaluation: Frame 212 sent at 1573043288856
11-06 14:28:08.890 22291 22338 D Evaluation: Frame 213 sent at 1573043288890
11-06 14:28:08.892 22291 22338 D Evaluation: 1 res for frame 198 received at 1573043288892
11-06 14:28:08.909 22291 22338 D Evaluation: Frame 214 sent at 1573043288909
11-06 14:28:08.952 22291 22338 D Evaluation: Frame 215 sent at 1573043288952
11-06 14:28:08.980 22291 22338 D Evaluation: Frame 216 sent at 1573043288980
11-06 14:28:09.030 22291 22338 D Evaluation: Frame 218 sent at 1573043289029
11-06 14:28:09.046 22291 22338 D Evaluation: Frame 218 sent at 1573043289046
11-06 14:28:09.077 22291 22338 D Evaluation: Frame 219 sent at 1573043289077
11-06 14:28:09.108 22291 22338 D Evaluation: Frame 220 sent at 1573043289108
11-06 14:28:09.151 22291 22338 D Evaluation: Frame 221 sent at 1573043289151
11-06 14:28:09.189 22291 22338 D Evaluation: Frame 222 sent at 1573043289189
11-06 14:28:09.227 22291 22338 D Evaluation: Frame 223 sent at 1573043289227
11-06 14:28:09.266 22291 22338 D Evaluation: Frame 224 sent at 1573043289266
11-06 14:28:09.294 22291 22338 D Evaluation: Frame 225 sent at 1573043289294
11-06 14:28:09.323 22291 22338 D Evaluation: Frame 226 sent at 1573043289323
11-06 14:28:09.354 22291 22338 D Evaluation: Frame 227 sent at 1573043289354
11-06 14:28:09.390 22291 22338 D Evaluation: Frame 228 sent at 1573043289390
11-06 14:28:09.413 22291 22338 D Evaluation: Frame 229 sent at 1573043289413
11-06 14:28:09.451 22291 22338 D Evaluation: Frame 230 sent at 1573043289451
11-06 14:28:09.489 22291 22338 D Evaluation: Frame 231 sent at 1573043289489
11-06 14:28:09.522 22291 22338 D Evaluation: Frame 232 sent at 1573043289521
11-06 14:28:09.555 22291 22338 D Evaluation: Frame 233 sent at 1573043289555
11-06 14:28:09.582 22291 22338 D Evaluation: Frame 234 sent at 1573043289582
11-06 14:28:09.625 22291 22338 D Evaluation: Frame 235 sent at 1573043289625
11-06 14:28:09.652 22291 22338 D Evaluation: Frame 236 sent at 1573043289652
11-06 14:28:09.693 22291 22338 D Evaluation: Frame 237 sent at 1573043289693
11-06 14:28:09.724 22291 22338 D Evaluation: Frame 238 sent at 1573043289724
11-06 14:28:09.750 22291 22338 D Evaluation: Frame 239 sent at 1573043289750
11-06 14:28:09.787 22291 22338 D Evaluation: Frame 240 sent at 1573043289787
11-06 14:28:09.827 22291 22338 D Evaluation: Frame 241 sent at 1573043289827
11-06 14:28:09.855 22291 22338 D Evaluation: Frame 242 sent at 1573043289855
11-06 14:28:09.884 22291 22338 D Evaluation: Frame 243 sent at 1573043289884
11-06 14:28:09.916 22291 22338 D Evaluation: Frame 244 sent at 1573043289916
11-06 14:28:09.947 22291 22338 D Evaluation: Frame 245 sent at 1573043289947
11-06 14:28:09.991 22291 22338 D Evaluation: Frame 246 sent at 1573043289991
11-06 14:28:10.030 22291 22338 D Evaluation: Frame 247 sent at 1573043290030
11-06 14:28:10.056 22291 22338 D Evaluation: Frame 248 sent at 1573043290056
11-06 14:28:10.087 22291 22338 D Evaluation: Frame 249 sent at 1573043290087
11-06 14:28:10.123 22291 22338 D Evaluation: Frame 250 sent at 1573043290123
11-06 14:28:10.148 22291 22338 D Evaluation: Frame 251 sent at 1573043290148
11-06 14:28:10.205 22291 22338 D Evaluation: Frame 252 sent at 1573043290205
11-06 14:28:10.227 22291 22338 D Evaluation: Frame 253 sent at 1573043290227
11-06 14:28:10.253 22291 22338 D Evaluation: Frame 254 sent at 1573043290253
11-06 14:28:10.283 22291 22338 D Evaluation: Frame 255 sent at 1573043290283
11-06 14:28:10.311 22291 22338 D Evaluation: Frame 256 sent at 1573043290311
11-06 14:28:10.353 22291 22338 D Evaluation: Frame 257 sent at 1573043290353
11-06 14:28:10.381 22291 22338 D Evaluation: Frame 258 sent at 1573043290381
11-06 14:28:10.425 22291 22338 D Evaluation: Frame 259 sent at 1573043290425
11-06 14:28:10.456 22291 22338 D Evaluation: Frame 260 sent at 1573043290456
11-06 14:28:10.486 22291 22338 D Evaluation: Frame 261 sent at 1573043290486
11-06 14:28:10.520 22291 22338 D Evaluation: Frame 262 sent at 1573043290520
11-06 14:28:10.555 22291 22338 D Evaluation: Frame 263 sent at 1573043290555
11-06 14:28:10.584 22291 22338 D Evaluation: Frame 264 sent at 1573043290583
11-06 14:28:10.626 22291 22338 D Evaluation: Frame 265 sent at 1573043290626
11-06 14:28:10.656 22291 22338 D Evaluation: Frame 266 sent at 1573043290656
11-06 14:28:10.692 22291 22338 D Evaluation: Frame 267 sent at 1573043290692
11-06 14:28:10.728 22291 22338 D Evaluation: Frame 268 sent at 1573043290728
11-06 14:28:10.758 22291 22338 D Evaluation: Frame 269 sent at 1573043290758
11-06 14:28:10.800 22291 22338 D Evaluation: Frame 270 sent at 1573043290800
11-06 14:28:10.832 22291 22338 D Evaluation: Frame 271 sent at 1573043290832
11-06 14:28:10.874 22291 22338 D Evaluation: Frame 272 sent at 1573043290874
11-06 14:28:10.900 22291 22338 D Evaluation: Frame 273 sent at 1573043290900
11-06 14:28:10.934 22291 22338 D Evaluation: Frame 274 sent at 1573043290934
11-06 14:28:10.968 22291 22338 D Evaluation: Frame 275 sent at 1573043290968
11-06 14:28:11.003 22291 22338 D Evaluation: Frame 276 sent at 1573043291003
11-06 14:28:11.032 22291 22338 D Evaluation: Frame 277 sent at 1573043291032
11-06 14:28:11.059 22291 22338 D Evaluation: Frame 278 sent at 1573043291059
11-06 14:28:11.102 22291 22338 D Evaluation: Frame 279 sent at 1573043291102
11-06 14:28:11.132 22291 22338 D Evaluation: Frame 280 sent at 1573043291131
11-06 14:28:11.165 22291 22338 D Evaluation: Frame 281 sent at 1573043291165
11-06 14:28:11.203 22291 22338 D Evaluation: Frame 282 sent at 1573043291203
11-06 14:28:11.244 22291 22338 D Evaluation: Frame 283 sent at 1573043291244
11-06 14:28:11.267 22291 22338 D Evaluation: Frame 284 sent at 1573043291267
11-06 14:28:11.305 22291 22338 D Evaluation: Frame 285 sent at 1573043291305
11-06 14:28:11.344 22291 22338 D Evaluation: Frame 286 sent at 1573043291344
11-06 14:28:11.377 22291 22338 D Evaluation: Frame 287 sent at 1573043291377
11-06 14:28:11.410 22291 22338 D Evaluation: Frame 288 sent at 1573043291410
11-06 14:28:11.437 22291 22338 D Evaluation: Frame 289 sent at 1573043291437
11-06 14:28:11.472 22291 22338 D Evaluation: Frame 290 sent at 1573043291472
11-06 14:28:11.550 22291 22338 D Evaluation: Frame 291 sent at 1573043291550
11-06 14:28:11.578 22291 22338 D Evaluation: Frame 292 sent at 1573043291577
11-06 14:28:11.611 22291 22338 D Evaluation: Frame 293 sent at 1573043291611
11-06 14:28:11.613 22291 22338 D Evaluation: 0 res for frame 279 received at 1573043291613
11-06 14:28:11.648 22291 22338 D Evaluation: Frame 294 sent at 1573043291648
11-06 14:28:11.683 22291 22338 D Evaluation: Frame 295 sent at 1573043291683
11-06 14:28:11.703 22291 22338 D Evaluation: Frame 296 sent at 1573043291703
11-06 14:28:11.731 22291 22338 D Evaluation: Frame 297 sent at 1573043291731
11-06 14:28:11.770 22291 22338 D Evaluation: Frame 298 sent at 1573043291770
11-06 14:28:11.799 22291 22338 D Evaluation: Frame 299 sent at 1573043291799
11-06 14:28:11.837 22291 22338 D Evaluation: Frame 300 sent at 1573043291837
11-06 14:28:11.870 22291 22338 D Evaluation: Frame 301 sent at 1573043291870
11-06 14:28:11.915 22291 22338 D Evaluation: Frame 302 sent at 1573043291915
11-06 14:28:11.948 22291 22338 D Evaluation: Frame 303 sent at 1573043291948
11-06 14:28:11.948 22291 22303 E         : [ZeroHung]zrhung_get_config: Get config failed for wp[0x0008]
11-06 14:28:11.970 22291 22301 W System  : A resource failed to call close. 
11-06 14:28:11.973 22291 22301 I chatty  : uid=10149(symlab.cloudridar.arhud) FinalizerDaemon identical 4 lines
11-06 14:28:11.973 22291 22301 W System  : A resource failed to call close. 
11-06 14:28:11.985 22291 22338 D Evaluation: Frame 304 sent at 1573043291985
11-06 14:28:12.008 22291 22338 D Evaluation: Frame 305 sent at 1573043292008
11-06 14:28:12.031 22291 22338 D Evaluation: Frame 306 sent at 1573043292031
11-06 14:28:12.033 22291 22338 D Evaluation: 0 res for frame 291 received at 1573043292033
11-06 14:28:12.080 22291 22338 D Evaluation: Frame 307 sent at 1573043292080
11-06 14:28:12.082 22291 22338 D Evaluation: 0 res for frame 292 received at 1573043292082
11-06 14:28:12.115 22291 22338 D Evaluation: Frame 308 sent at 1573043292115
11-06 14:28:12.148 22291 22338 D Evaluation: Frame 309 sent at 1573043292148
11-06 14:28:12.184 22291 22338 D Evaluation: Frame 310 sent at 1573043292184
11-06 14:28:12.217 22291 22338 D Evaluation: Frame 311 sent at 1573043292217
11-06 14:28:12.254 22291 22338 D Evaluation: Frame 313 sent at 1573043292254
11-06 14:28:12.273 22291 22338 D Evaluation: Frame 313 sent at 1573043292273
11-06 14:28:12.312 22291 22338 D Evaluation: Frame 314 sent at 1573043292312
11-06 14:28:12.344 22291 22338 D Evaluation: Frame 315 sent at 1573043292344
11-06 14:28:12.379 22291 22338 D Evaluation: Frame 316 sent at 1573043292379
11-06 14:28:12.402 22291 22338 D Evaluation: Frame 317 sent at 1573043292402
11-06 14:28:12.451 22291 22338 D Evaluation: Frame 318 sent at 1573043292451
11-06 14:28:12.454 22291 22338 D Evaluation: 0 res for frame 302 received at 1573043292454
11-06 14:28:12.482 22291 22338 D Evaluation: Frame 319 sent at 1573043292482
11-06 14:28:12.517 22291 22338 D Evaluation: Frame 320 sent at 1573043292517
11-06 14:28:12.550 22291 22338 D Evaluation: Frame 321 sent at 1573043292550
11-06 14:28:12.578 22291 22338 D Evaluation: Frame 322 sent at 1573043292578
11-06 14:28:12.612 22291 22338 D Evaluation: Frame 323 sent at 1573043292612
11-06 14:28:12.636 22291 22338 D Evaluation: Frame 324 sent at 1573043292636
11-06 14:28:12.680 22291 22338 D Evaluation: Frame 325 sent at 1573043292680
11-06 14:28:12.719 22291 22338 D Evaluation: Frame 326 sent at 1573043292719
11-06 14:28:12.749 22291 22338 D Evaluation: Frame 327 sent at 1573043292749
11-06 14:28:12.779 22291 22338 D Evaluation: Frame 328 sent at 1573043292779
11-06 14:28:12.819 22291 22338 D Evaluation: Frame 329 sent at 1573043292818
11-06 14:28:12.847 22291 22338 D Evaluation: Frame 330 sent at 1573043292847
11-06 14:28:12.848 22291 22338 D Evaluation: 0 res for frame 314 received at 1573043292848
11-06 14:28:12.880 22291 22338 D Evaluation: Frame 331 sent at 1573043292880
11-06 14:28:12.911 22291 22338 D Evaluation: Frame 332 sent at 1573043292911
11-06 14:28:12.940 22291 22338 D Evaluation: Frame 333 sent at 1573043292940
11-06 14:28:12.981 22291 22338 D Evaluation: Frame 334 sent at 1573043292981
11-06 14:28:13.028 22291 22338 D Evaluation: Frame 335 sent at 1573043293028
11-06 14:28:13.054 22291 22338 D Evaluation: Frame 336 sent at 1573043293054
11-06 14:28:13.091 22291 22338 D Evaluation: Frame 337 sent at 1573043293091
11-06 14:28:13.114 22291 22338 D Evaluation: Frame 338 sent at 1573043293114
11-06 14:28:13.148 22291 22338 D Evaluation: Frame 339 sent at 1573043293148
11-06 14:28:13.183 22291 22338 D Evaluation: Frame 340 sent at 1573043293183
11-06 14:28:13.186 22291 22338 D Evaluation: 0 res for frame 325 received at 1573043293186
11-06 14:28:13.237 22291 22338 D Evaluation: Frame 342 sent at 1573043293236
11-06 14:28:13.258 22291 22338 D Evaluation: Frame 342 sent at 1573043293258
11-06 14:28:13.289 22291 22338 D Evaluation: Frame 343 sent at 1573043293289
11-06 14:28:13.314 22291 22338 D Evaluation: Frame 344 sent at 1573043293314
11-06 14:28:13.353 22291 22338 D Evaluation: Frame 345 sent at 1573043293352
11-06 14:28:13.387 22291 22338 D Evaluation: Frame 346 sent at 1573043293387
11-06 14:28:13.421 22291 22338 D Evaluation: Frame 347 sent at 1573043293421
11-06 14:28:13.451 22291 22338 D Evaluation: Frame 348 sent at 1573043293451
11-06 14:28:13.495 22291 22338 D Evaluation: Frame 349 sent at 1573043293495
11-06 14:28:13.521 22291 22338 D Evaluation: Frame 350 sent at 1573043293521
11-06 14:28:13.560 22291 22338 D Evaluation: Frame 351 sent at 1573043293560
11-06 14:28:13.594 22291 22338 D Evaluation: Frame 352 sent at 1573043293594
11-06 14:28:13.624 22291 22338 D Evaluation: Frame 353 sent at 1573043293624
11-06 14:28:13.661 22291 22338 D Evaluation: Frame 354 sent at 1573043293661
11-06 14:28:13.694 22291 22338 D Evaluation: Frame 355 sent at 1573043293694
11-06 14:28:13.731 22291 22338 D Evaluation: Frame 356 sent at 1573043293731
11-06 14:28:13.754 22291 22338 D Evaluation: Frame 357 sent at 1573043293754
11-06 14:28:13.786 22291 22338 D Evaluation: Frame 358 sent at 1573043293786
11-06 14:28:13.833 22291 22338 D Evaluation: Frame 359 sent at 1573043293833
11-06 14:28:13.857 22291 22338 D Evaluation: Frame 360 sent at 1573043293857
11-06 14:28:13.892 22291 22338 D Evaluation: Frame 361 sent at 1573043293892
11-06 14:28:13.921 22291 22338 D Evaluation: Frame 362 sent at 1573043293921
11-06 14:28:13.952 22291 22338 D Evaluation: Frame 363 sent at 1573043293952
11-06 14:28:13.995 22291 22338 D Evaluation: Frame 364 sent at 1573043293995
11-06 14:28:14.022 22291 22338 D Evaluation: Frame 365 sent at 1573043294022
11-06 14:28:14.067 22291 22338 D Evaluation: Frame 366 sent at 1573043294067
11-06 14:28:14.100 22291 22338 D Evaluation: Frame 367 sent at 1573043294100
11-06 14:28:14.126 22291 22338 D Evaluation: Frame 368 sent at 1573043294126
11-06 14:28:14.156 22291 22291 D stylus  : init stylus touchlistener.
11-06 14:28:14.162 22291 22291 W Settings: Setting device_provisioned has moved from android.provider.Settings.Secure to android.provider.Settings.Global.
11-06 14:28:14.163 22291 22291 V HiTouch_HiTouchSensor: User setup is finished.
11-06 14:28:14.164 22291 22338 D Evaluation: Frame 369 sent at 1573043294164
11-06 14:28:14.199 22291 22338 D Evaluation: Frame 370 sent at 1573043294199
11-06 14:28:14.226 22291 22338 D Evaluation: Frame 371 sent at 1573043294225
11-06 14:28:14.259 22291 22291 W HiTouch_PressGestureDetector: Touch pointer move a lot. The moving distance of X is:13.95311, limit is:60The moving distance of Y is:79.641556, limit is:60
11-06 14:28:14.263 22291 22338 D Evaluation: Frame 372 sent at 1573043294263
11-06 14:28:14.301 22291 22338 D Evaluation: Frame 373 sent at 1573043294301
11-06 14:28:14.331 22291 22338 D Evaluation: Frame 374 sent at 1573043294331
11-06 14:28:14.360 22291 22338 D Evaluation: Frame 375 sent at 1573043294360
11-06 14:28:14.385 22291 22338 D Evaluation: Frame 376 sent at 1573043294385
11-06 14:28:14.420 22291 22338 D Evaluation: Frame 377 sent at 1573043294420
11-06 14:28:14.441 22291 22338 D Evaluation: Frame 378 sent at 1573043294441
11-06 14:28:14.486 22291 22338 D Evaluation: Frame 379 sent at 1573043294486
11-06 14:28:14.515 22291 22338 D Evaluation: Frame 380 sent at 1573043294515
11-06 14:28:14.553 22291 22338 D Evaluation: Frame 381 sent at 1573043294553
11-06 14:28:14.588 22291 22338 D Evaluation: Frame 382 sent at 1573043294588
11-06 14:28:14.625 22291 22338 D Evaluation: Frame 383 sent at 1573043294625
11-06 14:28:14.656 22291 22338 D Evaluation: Frame 384 sent at 1573043294656
11-06 14:28:14.687 22291 22338 D Evaluation: Frame 385 sent at 1573043294687
11-06 14:28:14.725 22291 22338 D Evaluation: Frame 386 sent at 1573043294725
11-06 14:28:14.754 22291 22338 D Evaluation: Frame 387 sent at 1573043294754
11-06 14:28:14.781 22291 22338 D Evaluation: Frame 388 sent at 1573043294781
11-06 14:28:14.824 22291 22338 D Evaluation: Frame 389 sent at 1573043294824
11-06 14:28:14.849 22291 22338 D Evaluation: Frame 390 sent at 1573043294849
11-06 14:28:14.892 22291 22338 D Evaluation: Frame 391 sent at 1573043294892
11-06 14:28:14.923 22291 22338 D Evaluation: Frame 392 sent at 1573043294922
11-06 14:28:14.949 22291 22338 D Evaluation: Frame 393 sent at 1573043294949
11-06 14:28:14.991 22291 22338 D Evaluation: Frame 394 sent at 1573043294991
11-06 14:28:15.024 22291 22291 W HiTouch_PressGestureDetector: Touch pointer move a lot. The moving distance of X is:1.5506134, limit is:60The moving distance of Y is:60.342667, limit is:60
11-06 14:28:15.026 22291 22338 D Evaluation: Frame 395 sent at 1573043295026
11-06 14:28:15.055 22291 22338 D Evaluation: Frame 396 sent at 1573043295055
11-06 14:28:15.089 22291 22338 D Evaluation: Frame 397 sent at 1573043295089
11-06 14:28:15.124 22291 22338 D Evaluation: Frame 398 sent at 1573043295124
11-06 14:28:15.154 22291 22338 D Evaluation: Frame 399 sent at 1573043295154
11-06 14:28:15.192 22291 22303 E         : [ZeroHung]zrhung_get_config: Get config failed for wp[0x0008]
11-06 14:28:15.192 22291 22338 D Evaluation: Frame 400 sent at 1573043295192
11-06 14:28:15.211 22291 22301 W System  : A resource failed to call close. 
11-06 14:28:15.212 22291 22301 I chatty  : uid=10149(symlab.cloudridar.arhud) FinalizerDaemon identical 8 lines
11-06 14:28:15.212 22291 22301 W System  : A resource failed to call close. 
11-06 14:28:15.228 22291 22338 D Evaluation: Frame 401 sent at 1573043295228
11-06 14:28:15.251 22291 22338 D Evaluation: Frame 402 sent at 1573043295251
11-06 14:28:15.290 22291 22338 D Evaluation: Frame 403 sent at 1573043295290
11-06 14:28:15.320 22291 22338 D Evaluation: Frame 404 sent at 1573043295320
11-06 14:28:15.360 22291 22338 D Evaluation: Frame 405 sent at 1573043295360
11-06 14:28:15.395 22291 22338 D Evaluation: Frame 406 sent at 1573043295395
11-06 14:28:15.429 22291 22338 D Evaluation: Frame 407 sent at 1573043295429
11-06 14:28:15.453 22291 22338 D Evaluation: Frame 408 sent at 1573043295453
11-06 14:28:15.494 22291 22338 D Evaluation: Frame 409 sent at 1573043295494
11-06 14:28:15.524 22291 22338 D Evaluation: Frame 410 sent at 1573043295524
11-06 14:28:15.554 22291 22338 D Evaluation: Frame 411 sent at 1573043295554
11-06 14:28:15.594 22291 22338 D Evaluation: Frame 412 sent at 1573043295594
11-06 14:28:15.628 22291 22338 D Evaluation: Frame 413 sent at 1573043295628
11-06 14:28:15.665 22291 22338 D Evaluation: Frame 414 sent at 1573043295665
11-06 14:28:15.704 22291 22338 D Evaluation: Frame 415 sent at 1573043295704
11-06 14:28:15.730 22291 22338 D Evaluation: Frame 416 sent at 1573043295730
11-06 14:28:15.754 22291 22338 D Evaluation: Frame 417 sent at 1573043295754
11-06 14:28:15.757 22291 22291 W HiTouch_PressGestureDetector: Touch pointer move a lot. The moving distance of X is:28.808868, limit is:60The moving distance of Y is:104.99742, limit is:60
11-06 14:28:15.797 22291 22338 D Evaluation: Frame 418 sent at 1573043295797
11-06 14:28:15.822 22291 22338 D Evaluation: Frame 419 sent at 1573043295821
11-06 14:28:15.863 22291 22338 D Evaluation: Frame 420 sent at 1573043295862
11-06 14:28:15.888 22291 22338 D Evaluation: Frame 421 sent at 1573043295888
11-06 14:28:15.929 22291 22338 D Evaluation: Frame 422 sent at 1573043295929
11-06 14:28:15.956 22291 22338 D Evaluation: Frame 423 sent at 1573043295956
11-06 14:28:15.998 22291 22338 D Evaluation: Frame 424 sent at 1573043295998
11-06 14:28:16.022 22291 22338 D Evaluation: Frame 425 sent at 1573043296022
11-06 14:28:16.066 22291 22338 D Evaluation: Frame 426 sent at 1573043296066
11-06 14:28:16.097 22291 22338 D Evaluation: Frame 427 sent at 1573043296097
11-06 14:28:16.168 22291 22338 D Evaluation: Frame 428 sent at 1573043296168
11-06 14:28:16.199 22291 22338 D Evaluation: Frame 429 sent at 1573043296199
11-06 14:28:16.229 22291 22338 D Evaluation: Frame 430 sent at 1573043296229
11-06 14:28:16.265 22291 22338 D Evaluation: Frame 431 sent at 1573043296265
11-06 14:28:16.292 22291 22338 D Evaluation: Frame 432 sent at 1573043296292
11-06 14:28:16.334 22291 22338 D Evaluation: Frame 433 sent at 1573043296334
11-06 14:28:16.360 22291 22338 D Evaluation: Frame 434 sent at 1573043296360
11-06 14:28:16.395 22291 22338 D Evaluation: Frame 435 sent at 1573043296395
11-06 14:28:16.426 22291 22338 D Evaluation: Frame 436 sent at 1573043296426
11-06 14:28:16.460 22291 22338 D Evaluation: Frame 437 sent at 1573043296460
11-06 14:28:16.498 22291 22338 D Evaluation: Frame 438 sent at 1573043296498
11-06 14:28:16.526 22291 22338 D Evaluation: Frame 439 sent at 1573043296526
11-06 14:28:16.559 22291 22338 D Evaluation: Frame 440 sent at 1573043296559
11-06 14:28:16.592 22291 22338 D Evaluation: Frame 441 sent at 1573043296592
11-06 14:28:16.627 22291 22338 D Evaluation: Frame 442 sent at 1573043296627
11-06 14:28:16.662 22291 22338 D Evaluation: Frame 443 sent at 1573043296662
11-06 14:28:16.697 22291 22338 D Evaluation: Frame 444 sent at 1573043296697
11-06 14:28:16.729 22291 22338 D Evaluation: Frame 445 sent at 1573043296729
11-06 14:28:16.773 22291 22338 D Evaluation: Frame 446 sent at 1573043296773
11-06 14:28:16.801 22291 22338 D Evaluation: Frame 447 sent at 1573043296801
11-06 14:28:16.829 22291 22338 D Evaluation: Frame 448 sent at 1573043296829
11-06 14:28:16.869 22291 22338 D Evaluation: Frame 449 sent at 1573043296869
11-06 14:28:16.904 22291 22338 D Evaluation: Frame 450 sent at 1573043296904
11-06 14:28:16.938 22291 22338 D Evaluation: Frame 451 sent at 1573043296938
11-06 14:28:16.970 22291 22338 D Evaluation: Frame 452 sent at 1573043296970
11-06 14:28:17.004 22291 22338 D Evaluation: Frame 453 sent at 1573043297004
11-06 14:28:17.036 22291 22338 D Evaluation: Frame 454 sent at 1573043297036
11-06 14:28:17.070 22291 22338 D Evaluation: Frame 455 sent at 1573043297070
11-06 14:28:17.097 22291 22338 D Evaluation: Frame 456 sent at 1573043297097
11-06 14:28:17.140 22291 22338 D Evaluation: Frame 457 sent at 1573043297140
11-06 14:28:17.166 22291 22338 D Evaluation: Frame 458 sent at 1573043297166
11-06 14:28:17.209 22291 22338 D Evaluation: Frame 459 sent at 1573043297209
11-06 14:28:17.233 22291 22338 D Evaluation: Frame 460 sent at 1573043297233
11-06 14:28:17.275 22291 22338 D Evaluation: Frame 461 sent at 1573043297275
11-06 14:28:17.313 22291 22338 D Evaluation: Frame 462 sent at 1573043297313
11-06 14:28:17.340 22291 22338 D Evaluation: Frame 463 sent at 1573043297340
11-06 14:28:17.366 22291 22338 D Evaluation: Frame 464 sent at 1573043297366
11-06 14:28:17.415 22291 22338 D Evaluation: Frame 465 sent at 1573043297415
11-06 14:28:17.432 22291 22338 D Evaluation: Frame 466 sent at 1573043297432
11-06 14:28:17.475 22291 22338 D Evaluation: Frame 467 sent at 1573043297475
11-06 14:28:17.501 22291 22338 D Evaluation: Frame 468 sent at 1573043297501
11-06 14:28:17.576 22291 22338 D Evaluation: Frame 469 sent at 1573043297576
11-06 14:28:17.611 22291 22338 D Evaluation: Frame 470 sent at 1573043297611
11-06 14:28:17.679 22291 22338 D Evaluation: Frame 471 sent at 1573043297679
11-06 14:28:17.710 22291 22338 D Evaluation: Frame 472 sent at 1573043297710
11-06 14:28:17.735 22291 22338 D Evaluation: Frame 473 sent at 1573043297735
11-06 14:28:17.766 22291 22338 D Evaluation: Frame 474 sent at 1573043297766
11-06 14:28:17.802 22291 22338 D Evaluation: Frame 475 sent at 1573043297802
11-06 14:28:17.845 22291 22338 D Evaluation: Frame 476 sent at 1573043297845
11-06 14:28:17.879 22291 22338 D Evaluation: Frame 477 sent at 1573043297879
11-06 14:28:17.905 22291 22338 D Evaluation: Frame 478 sent at 1573043297905
11-06 14:28:17.946 22291 22338 D Evaluation: Frame 479 sent at 1573043297946
11-06 14:28:17.980 22291 22338 D Evaluation: Frame 480 sent at 1573043297980
11-06 14:28:18.005 22291 22338 D Evaluation: Frame 481 sent at 1573043298005
11-06 14:28:18.040 22291 22338 D Evaluation: Frame 482 sent at 1573043298040
11-06 14:28:18.075 22291 22338 D Evaluation: Frame 483 sent at 1573043298075
11-06 14:28:18.114 22291 22338 D Evaluation: Frame 484 sent at 1573043298114
11-06 14:28:18.145 22291 22338 D Evaluation: Frame 485 sent at 1573043298145
11-06 14:28:18.175 22291 22338 D Evaluation: Frame 486 sent at 1573043298175
11-06 14:28:18.214 22291 22338 D Evaluation: Frame 487 sent at 1573043298214
11-06 14:28:18.240 22291 22338 D Evaluation: Frame 488 sent at 1573043298240
11-06 14:28:18.282 22291 22338 D Evaluation: Frame 489 sent at 1573043298282
11-06 14:28:18.307 22291 22338 D Evaluation: Frame 490 sent at 1573043298307
11-06 14:28:18.341 22291 22338 D Evaluation: Frame 491 sent at 1573043298341
11-06 14:28:18.382 22291 22338 D Evaluation: Frame 492 sent at 1573043298382
11-06 14:28:18.420 22291 22338 D Evaluation: Frame 493 sent at 1573043298420
11-06 14:28:18.445 22291 22303 E         : [ZeroHung]zrhung_get_config: Get config failed for wp[0x0008]
11-06 14:28:18.446 22291 22338 D Evaluation: Frame 494 sent at 1573043298445
11-06 14:28:18.482 22291 22338 D Evaluation: Frame 495 sent at 1573043298482
11-06 14:28:18.507 22291 22338 D Evaluation: Frame 496 sent at 1573043298507
11-06 14:28:18.545 22291 22338 D Evaluation: Frame 497 sent at 1573043298545
11-06 14:28:18.587 22291 22338 D Evaluation: Frame 498 sent at 1573043298587
11-06 14:28:18.619 22291 22338 D Evaluation: Frame 499 sent at 1573043298619
11-06 14:28:18.657 22291 22338 D Evaluation: Frame 500 sent at 1573043298657
11-06 14:28:18.694 22291 22338 D Evaluation: Frame 501 sent at 1573043298694
11-06 14:28:18.725 22291 22338 D Evaluation: Frame 502 sent at 1573043298725
11-06 14:28:18.753 22291 22338 D Evaluation: Frame 503 sent at 1573043298753
11-06 14:28:18.783 22291 22338 D Evaluation: Frame 504 sent at 1573043298783
11-06 14:28:18.812 22291 22338 D Evaluation: Frame 505 sent at 1573043298812
11-06 14:28:18.850 22291 22338 D Evaluation: Frame 506 sent at 1573043298850
11-06 14:28:18.889 22291 22338 D Evaluation: Frame 507 sent at 1573043298889
11-06 14:28:18.931 22291 22338 D Evaluation: Frame 508 sent at 1573043298931
11-06 14:28:18.966 22291 22338 D Evaluation: Frame 509 sent at 1573043298966
11-06 14:28:19.001 22291 22338 D Evaluation: Frame 510 sent at 1573043299001
11-06 14:28:19.025 22291 22338 D Evaluation: Frame 511 sent at 1573043299025
11-06 14:28:19.060 22291 22338 D Evaluation: Frame 512 sent at 1573043299060
11-06 14:28:19.100 22291 22338 D Evaluation: Frame 513 sent at 1573043299100
11-06 14:28:19.141 22291 22338 D Evaluation: Frame 514 sent at 1573043299141
11-06 14:28:19.162 22291 22338 D Evaluation: Frame 515 sent at 1573043299162
11-06 14:28:19.193 22291 22338 D Evaluation: Frame 516 sent at 1573043299193
11-06 14:28:19.237 22291 22338 D Evaluation: Frame 517 sent at 1573043299237
11-06 14:28:19.315 22291 22338 D Evaluation: Frame 518 sent at 1573043299315
11-06 14:28:19.339 22291 22338 D Evaluation: Frame 519 sent at 1573043299339
11-06 14:28:19.371 22291 22338 D Evaluation: Frame 520 sent at 1573043299371
11-06 14:28:19.401 22291 22338 D Evaluation: Frame 521 sent at 1573043299400
11-06 14:28:19.439 22291 22338 D Evaluation: Frame 522 sent at 1573043299439
11-06 14:28:19.473 22291 22338 D Evaluation: Frame 523 sent at 1573043299473
11-06 14:28:19.503 22291 22338 D Evaluation: Frame 524 sent at 1573043299503
11-06 14:28:19.540 22291 22338 D Evaluation: Frame 525 sent at 1573043299540
11-06 14:28:19.575 22291 22338 D Evaluation: Frame 526 sent at 1573043299575
11-06 14:28:19.603 22291 22338 D Evaluation: Frame 527 sent at 1573043299603
11-06 14:28:19.652 22291 22338 D Evaluation: Frame 529 sent at 1573043299652
11-06 14:28:19.673 22291 22338 D Evaluation: Frame 529 sent at 1573043299673
11-06 14:28:19.699 22291 22338 D Evaluation: Frame 530 sent at 1573043299699
11-06 14:28:19.727 22291 22338 D Evaluation: Frame 531 sent at 1573043299727
11-06 14:28:19.774 22291 22338 D Evaluation: Frame 532 sent at 1573043299774
11-06 14:28:19.789 22291 22291 D Poster  : At 1573043299788 location is 65.05694362310558 (latitude), and 25.46680645669217 (longitude)
11-06 14:28:19.795 22291 22291 D Poster  : Connected to mobile network 20
11-06 14:28:19.810 22291 22338 D Evaluation: Frame 533 sent at 1573043299810
11-06 14:28:19.831 22291 22338 D Evaluation: Frame 534 sent at 1573043299831
11-06 14:28:19.852 22291 22338 D Evaluation: Frame 535 sent at 1573043299852
11-06 14:28:19.887 22291 22338 D Evaluation: Frame 536 sent at 1573043299887
11-06 14:28:19.928 22291 22338 D Evaluation: Frame 537 sent at 1573043299928
11-06 14:28:19.973 22291 22338 D Evaluation: Frame 538 sent at 1573043299972
11-06 14:28:20.005 22291 22338 D Evaluation: Frame 539 sent at 1573043300005
11-06 14:28:20.038 22291 22338 D Evaluation: Frame 540 sent at 1573043300038
11-06 14:28:20.064 22291 22338 D Evaluation: Frame 541 sent at 1573043300064
11-06 14:28:20.103 22291 22338 D Evaluation: Frame 542 sent at 1573043300103
