--------- beginning of main
11-06 15:51:04.452   967  1026 E         : [ZeroHung]zrhung_get_config: Get config failed for wp[0x0102]
11-06 15:51:04.452   967  1026 W ZrHung.AppEyeUiProbe: Failed to get config from zrhung
11-06 15:51:04.457   967   967 I MultiDex: Installing application
11-06 15:51:04.457   967   967 I MultiDex: VM has multidex support, MultiDex support library is disabled.
11-06 15:51:04.459  1021  1021 W logcat  : type=1400 audit(0.0:27416): avc: granted { create } for name="logcat_1573048264445.txt" scontext=u:r:untrusted_app:s0:c149,c256,c512,c768 tcontext=u:object_r:sdcardfs:s0:c149,c256,c512,c768 tclass=file
--------- beginning of system
11-06 15:51:04.461   967   967 V ActivityThread: callActivityOnCreate
11-06 15:51:04.461   967   967 I Poster  :  onCreate() called.
11-06 15:51:04.464   967   967 I HwApsImpl: APS: new HwApsImpl created
11-06 15:51:04.471   967   967 V HwWidgetFactory: : successes to get AllImpl object and return....
11-06 15:51:04.478   967   967 D OpenGLRenderer: Skia GL Pipeline
11-06 15:51:04.501   967   967 D Poster  : Server bound to IP 193.166.28.132 and port 52727
11-06 15:51:04.504   967  1051 D Evaluation: metadata 0 sent 
11-06 15:51:04.504   967   967 D ActivityThread: add activity client record, r= ActivityRecord{24fb417 token=android.os.BinderProxy@3a687be {symlab.cloudridar.arhud/symlab.ARHUD.MainActivity}} token= android.os.BinderProxy@3a687be
11-06 15:51:04.506   967   967 I Poster  :  onStart() called.
11-06 15:51:04.507   967   967 D ZrHung.AppEyeUiProbe: notify runnable to start.
11-06 15:51:04.508   967   967 I Poster  :  onResume() called.
11-06 15:51:04.512   967   967 I PermissionManager: camera remind result:true
11-06 15:51:04.512   967   967 I Camera  : open camera: 0, package name: symlab.cloudridar.arhud
11-06 15:51:04.512   967   967 I BackgroundPermManager: pkgName: symlab.cloudridar.arhud,pid: 967 ,uidOf3RdApk: 10149 ,permType: 0 ,permCfg: 1
11-06 15:51:04.513   967   967 I HwCameraUtil: notifySurfaceFlingerCameraStatus : isFront = false , isOpend = true
11-06 15:51:04.522   967   967 D ActivityThread: isOptEnabled=false isWechatScanOpt=false
11-06 15:51:04.524   967   967 I HwSecImmHelper: mSecurityInputMethodService is null
11-06 15:51:04.530   967   967 D OpenGLRenderer:   HWUI Binary is  enabled
11-06 15:51:04.558   967  1094 D HiTouch_PressGestureDetector: onAttached, package=symlab.cloudridar.arhud, windowType=1, mHiTouchRestricted=false
11-06 15:51:04.568   967  1089 I ConfigStore: android::hardware::configstore::V1_0::ISurfaceFlingerConfigs::hasWideColorDisplay retrieved: 0
11-06 15:51:04.568   967  1089 I ConfigStore: android::hardware::configstore::V1_0::ISurfaceFlingerConfigs::hasHDRDisplay retrieved: 0
11-06 15:51:04.568   967  1089 I iGraphics: [0020080c] pn: symlab.cloudridar.arhud, p: 967
11-06 15:51:04.569   967  1089 I OpenGLRenderer: Initialized EGL, version 1.4, mEglDisplay 0x1
11-06 15:51:04.569   967  1089 D OpenGLRenderer: Swap behavior 2
11-06 15:51:04.578   967  1089 D mali_winsys: EGLint new_window_surface(egl_winsys_display *, void *, EGLSurface, EGLConfig, egl_winsys_surface **, EGLBoolean) returns 0x3000
11-06 15:51:04.586   967   967 I Poster  :  surfaceCreated() called.
11-06 15:51:04.586   967   967 I Poster  : initPreview() called
11-06 15:51:04.590   967   967 I PermissionManager: camera remind result:true
11-06 15:51:04.595   967   967 I Poster  :  surfaceChanged() called.
11-06 15:51:04.612   967   967 W InputMethodManager: startInputReason = 1
11-06 15:51:04.623   967   967 W InputMethodManager: startInputReason = 5
11-06 15:51:04.871   967  1051 D Evaluation: metadata 1 sent 
11-06 15:51:04.902   967  1051 D Evaluation: metadata 2 sent 
11-06 15:51:04.939   967  1051 D Evaluation: metadata 3 sent 
11-06 15:51:04.974   967  1051 D Evaluation: metadata 4 sent 
11-06 15:51:05.009   967  1051 D Evaluation: metadata 5 sent 
11-06 15:51:05.061   967  1051 D Evaluation: Frame 6 sent at 1573048265061
11-06 15:51:05.083   967  1051 D Evaluation: Frame 7 sent at 1573048265083
11-06 15:51:05.118   967  1051 D Evaluation: Frame 8 sent at 1573048265118
11-06 15:51:05.154   967  1051 D Evaluation: Frame 9 sent at 1573048265154
11-06 15:51:05.188   967  1051 D Evaluation: Frame 10 sent at 1573048265188
11-06 15:51:05.218   967   994 E         : [ZeroHung]zrhung_get_config: Get config failed for wp[0x0008]
11-06 15:51:05.218   967  1051 D Evaluation: Frame 11 sent at 1573048265218
11-06 15:51:05.252   967  1051 D Evaluation: Frame 12 sent at 1573048265252
11-06 15:51:05.285   967  1051 D Evaluation: Frame 13 sent at 1573048265285
11-06 15:51:05.286   967   967 D Poster  : At 1573048265286 location is 65.0579788715701 (latitude), and 25.46846247671292 (longitude)
11-06 15:51:05.286   967  1051 D Evaluation: 0 res for frame 6 received at 1573048265286
11-06 15:51:05.289   967   967 D Poster  : Connected to mobile network 20
11-06 15:51:05.321   967  1051 D Evaluation: Frame 14 sent at 1573048265321
11-06 15:51:05.358   967  1051 D Evaluation: Frame 15 sent at 1573048265358
11-06 15:51:05.387   967  1051 D Evaluation: Frame 16 sent at 1573048265387
11-06 15:51:05.424   967  1051 D Evaluation: Frame 17 sent at 1573048265424
11-06 15:51:05.454   967  1051 D Evaluation: Frame 18 sent at 1573048265454
11-06 15:51:05.487   967  1051 D Evaluation: Frame 19 sent at 1573048265487
11-06 15:51:05.487   967  1051 D Evaluation: 0 res for frame 7 received at 1573048265487
11-06 15:51:05.525   967  1051 D Evaluation: Frame 20 sent at 1573048265525
11-06 15:51:05.557   967  1051 D Evaluation: Frame 21 sent at 1573048265557
11-06 15:51:05.591   967  1051 D Evaluation: Frame 22 sent at 1573048265591
11-06 15:51:05.624   967  1051 D Evaluation: Frame 23 sent at 1573048265624
11-06 15:51:05.659   967  1051 D Evaluation: Frame 24 sent at 1573048265659
11-06 15:51:05.659   967  1051 D Evaluation: 0 res for frame 8 received at 1573048265659
11-06 15:51:05.688   967  1051 D Evaluation: Frame 25 sent at 1573048265688
11-06 15:51:05.721   967  1051 D Evaluation: Frame 26 sent at 1573048265721
11-06 15:51:05.755   967  1051 D Evaluation: Frame 27 sent at 1573048265755
11-06 15:51:05.790   967  1051 D Evaluation: Frame 28 sent at 1573048265790
11-06 15:51:05.838   967  1051 D Evaluation: Frame 29 sent at 1573048265838
11-06 15:51:05.883   967  1051 D Evaluation: Frame 30 sent at 1573048265883
11-06 15:51:05.908   967  1051 D Evaluation: Frame 31 sent at 1573048265907
11-06 15:51:05.936   967  1051 D Evaluation: Frame 32 sent at 1573048265936
11-06 15:51:05.938   967  1051 D Evaluation: 0 res for frame 26 received at 1573048265938
11-06 15:51:05.963   967  1051 D Evaluation: Frame 33 sent at 1573048265962
11-06 15:51:05.963   967  1051 D Evaluation: 0 res for frame 27 received at 1573048265963
11-06 15:51:06.009   967  1051 D Evaluation: Frame 34 sent at 1573048266009
11-06 15:51:06.011   967  1051 D Evaluation: 0 res for frame 28 received at 1573048266010
11-06 15:51:06.040   967  1051 D Evaluation: Frame 35 sent at 1573048266040
11-06 15:51:06.041   967  1051 D Evaluation: 1 res for frame 29 received at 1573048266041
11-06 15:51:06.080   967  1051 D Evaluation: Frame 36 sent at 1573048266080
11-06 15:51:06.081   967  1051 D Evaluation: 0 res for frame 30 received at 1573048266081
11-06 15:51:06.115   967  1051 D Evaluation: Frame 37 sent at 1573048266115
11-06 15:51:06.116   967  1051 D Evaluation: 0 res for frame 31 received at 1573048266116
11-06 15:51:06.152   967  1051 D Evaluation: Frame 38 sent at 1573048266152
11-06 15:51:06.180   967  1051 D Evaluation: Frame 39 sent at 1573048266180
11-06 15:51:06.220   967  1051 D Evaluation: Frame 40 sent at 1573048266220
11-06 15:51:06.224   967  1051 D Evaluation: 0 res for frame 32 received at 1573048266224
11-06 15:51:06.251   967  1051 D Evaluation: Frame 41 sent at 1573048266251
11-06 15:51:06.252   967  1051 D Evaluation: 0 res for frame 33 received at 1573048266252
11-06 15:51:06.276   967  1051 D Evaluation: Frame 42 sent at 1573048266276
11-06 15:51:06.278   967  1051 D Evaluation: 0 res for frame 34 received at 1573048266278
11-06 15:51:06.278   967   967 D Poster  : At 1573048266278 location is 65.0579788715701 (latitude), and 25.46846247671292 (longitude)
11-06 15:51:06.279   967   967 D Poster  : Connected to mobile network 20
11-06 15:51:06.306   967  1051 D Evaluation: Frame 43 sent at 1573048266306
11-06 15:51:06.345   967  1051 D Evaluation: Frame 44 sent at 1573048266345
11-06 15:51:06.391   967  1051 D Evaluation: Frame 45 sent at 1573048266391
11-06 15:51:06.392   967  1051 D Evaluation: 0 res for frame 35 received at 1573048266392
11-06 15:51:06.424   967  1051 D Evaluation: Frame 46 sent at 1573048266424
11-06 15:51:06.425   967  1051 D Evaluation: 0 res for frame 36 received at 1573048266425
11-06 15:51:06.450   967  1051 D Evaluation: Frame 47 sent at 1573048266450
11-06 15:51:06.480   967  1051 D Evaluation: Frame 48 sent at 1573048266480
11-06 15:51:06.481   967  1051 D Evaluation: 0 res for frame 37 received at 1573048266481
11-06 15:51:06.519   967  1051 D Evaluation: Frame 49 sent at 1573048266518
11-06 15:51:06.552   967  1051 D Evaluation: Frame 50 sent at 1573048266552
11-06 15:51:06.553   967  1051 D Evaluation: 0 res for frame 38 received at 1573048266553
11-06 15:51:06.589   967  1051 D Evaluation: Frame 51 sent at 1573048266589
11-06 15:51:06.623   967  1051 D Evaluation: Frame 52 sent at 1573048266623
11-06 15:51:06.625   967  1051 D Evaluation: 0 res for frame 39 received at 1573048266625
11-06 15:51:06.685   967  1051 D Evaluation: Frame 53 sent at 1573048266685
11-06 15:51:06.687   967  1051 D Evaluation: 0 res for frame 40 received at 1573048266687
11-06 15:51:06.719   967  1051 D Evaluation: Frame 54 sent at 1573048266719
11-06 15:51:06.720   967  1051 D Evaluation: 0 res for frame 41 received at 1573048266720
11-06 15:51:06.747   967  1051 D Evaluation: Frame 55 sent at 1573048266747
11-06 15:51:06.775   967  1051 D Evaluation: Frame 56 sent at 1573048266775
11-06 15:51:06.776   967  1051 D Evaluation: 0 res for frame 42 received at 1573048266776
11-06 15:51:06.807   967   994 E         : [ZeroHung]zrhung_get_config: Get config failed for wp[0x0008]
11-06 15:51:06.807   967  1051 D Evaluation: Frame 57 sent at 1573048266807
11-06 15:51:06.808   967  1051 D Evaluation: 0 res for frame 43 received at 1573048266808
11-06 15:51:06.819   967   992 W System  : A resource failed to call close. 
11-06 15:51:06.820   967   992 I chatty  : uid=10149(symlab.cloudridar.arhud) FinalizerDaemon identical 16 lines
11-06 15:51:06.820   967   992 W System  : A resource failed to call close. 
11-06 15:51:06.820   967   992 W System  : A resource failed to call close. 
11-06 15:51:06.820   967   992 I chatty  : uid=10149(symlab.cloudridar.arhud) FinalizerDaemon identical 9 lines
11-06 15:51:06.820   967   992 W System  : A resource failed to call close. 
11-06 15:51:06.820   967   992 W System  : A resource failed to call close. 
11-06 15:51:06.821   967   992 I chatty  : uid=10149(symlab.cloudridar.arhud) FinalizerDaemon identical 9 lines
11-06 15:51:06.821   967   992 W System  : A resource failed to call close. 
11-06 15:51:06.837   967  1051 D Evaluation: Frame 58 sent at 1573048266837
11-06 15:51:06.838   967  1051 D Evaluation: 0 res for frame 44 received at 1573048266838
11-06 15:51:06.874   967  1051 D Evaluation: Frame 59 sent at 1573048266874
11-06 15:51:06.875   967  1051 D Evaluation: 0 res for frame 45 received at 1573048266875
11-06 15:51:06.911   967  1051 D Evaluation: Frame 60 sent at 1573048266911
11-06 15:51:06.949   967  1051 D Evaluation: Frame 61 sent at 1573048266949
11-06 15:51:06.950   967  1051 D Evaluation: 0 res for frame 46 received at 1573048266950
11-06 15:51:06.981   967  1051 D Evaluation: Frame 62 sent at 1573048266981
11-06 15:51:06.983   967  1051 D Evaluation: 0 res for frame 47 received at 1573048266983
11-06 15:51:07.023   967  1051 D Evaluation: Frame 63 sent at 1573048267023
11-06 15:51:07.024   967  1051 D Evaluation: 0 res for frame 48 received at 1573048267024
11-06 15:51:07.056   967  1051 D Evaluation: Frame 64 sent at 1573048267056
11-06 15:51:07.057   967  1051 D Evaluation: 0 res for frame 49 received at 1573048267057
11-06 15:51:07.089   967  1051 D Evaluation: Frame 65 sent at 1573048267089
11-06 15:51:07.090   967  1051 D Evaluation: 0 res for frame 50 received at 1573048267090
11-06 15:51:07.118   967  1051 D Evaluation: Frame 66 sent at 1573048267118
11-06 15:51:07.156   967  1051 D Evaluation: Frame 67 sent at 1573048267156
11-06 15:51:07.157   967  1051 D Evaluation: 0 res for frame 51 received at 1573048267157
11-06 15:51:07.195   967  1051 D Evaluation: Frame 68 sent at 1573048267195
11-06 15:51:07.196   967  1051 D Evaluation: 0 res for frame 52 received at 1573048267196
11-06 15:51:07.232   967  1051 D Evaluation: Frame 69 sent at 1573048267232
11-06 15:51:07.233   967  1051 D Evaluation: 0 res for frame 53 received at 1573048267233
11-06 15:51:07.264   967  1051 D Evaluation: Frame 70 sent at 1573048267264
11-06 15:51:07.265   967  1051 D Evaluation: 0 res for frame 54 received at 1573048267265
11-06 15:51:07.283   967   967 D Poster  : At 1573048267283 location is 65.0579788715701 (latitude), and 25.46846247671292 (longitude)
11-06 15:51:07.286   967   967 D Poster  : Connected to mobile network 20
11-06 15:51:07.288   967  1051 D Evaluation: Frame 71 sent at 1573048267288
11-06 15:51:07.289   967  1051 D Evaluation: 0 res for frame 55 received at 1573048267289
11-06 15:51:07.316   967  1051 D Evaluation: Frame 72 sent at 1573048267316
11-06 15:51:07.318   967  1051 D Evaluation: 0 res for frame 56 received at 1573048267318
11-06 15:51:07.352   967  1051 D Evaluation: Frame 73 sent at 1573048267352
11-06 15:51:07.354   967  1051 D Evaluation: 0 res for frame 57 received at 1573048267354
11-06 15:51:07.382   967  1051 D Evaluation: Frame 74 sent at 1573048267382
11-06 15:51:07.426   967  1051 D Evaluation: Frame 75 sent at 1573048267426
11-06 15:51:07.427   967  1051 D Evaluation: 0 res for frame 58 received at 1573048267427
11-06 15:51:07.450   967  1051 D Evaluation: Frame 76 sent at 1573048267450
11-06 15:51:07.451   967  1051 D Evaluation: 0 res for frame 59 received at 1573048267451
11-06 15:51:07.481   967  1051 D Evaluation: Frame 77 sent at 1573048267481
11-06 15:51:07.482   967  1051 D Evaluation: 1 res for frame 60 received at 1573048267482
11-06 15:51:07.519   967  1051 D Evaluation: Frame 78 sent at 1573048267519
11-06 15:51:07.521   967  1051 D Evaluation: 1 res for frame 61 received at 1573048267521
11-06 15:51:07.600   967  1051 D Evaluation: Frame 79 sent at 1573048267600
11-06 15:51:07.602   967  1051 D Evaluation: 1 res for frame 62 received at 1573048267602
11-06 15:51:07.622   967  1051 D Evaluation: Frame 80 sent at 1573048267622
11-06 15:51:07.623   967  1051 D Evaluation: 1 res for frame 63 received at 1573048267623
11-06 15:51:07.665   967  1051 D Evaluation: Frame 81 sent at 1573048267664
11-06 15:51:07.666   967  1051 D Evaluation: 0 res for frame 64 received at 1573048267666
11-06 15:51:07.693   967  1051 D Evaluation: Frame 82 sent at 1573048267693
11-06 15:51:07.694   967  1051 D Evaluation: 0 res for frame 65 received at 1573048267694
11-06 15:51:07.714   967  1051 D Evaluation: Frame 83 sent at 1573048267714
11-06 15:51:07.715   967  1051 D Evaluation: 1 res for frame 66 received at 1573048267715
11-06 15:51:07.757   967  1051 D Evaluation: Frame 84 sent at 1573048267757
11-06 15:51:07.758   967  1051 D Evaluation: 1 res for frame 67 received at 1573048267758
11-06 15:51:07.788   967  1051 D Evaluation: Frame 85 sent at 1573048267788
11-06 15:51:07.790   967  1051 D Evaluation: 2 res for frame 68 received at 1573048267790
11-06 15:51:07.836   967  1051 D Evaluation: Frame 86 sent at 1573048267836
11-06 15:51:07.837   967  1051 D Evaluation: 1 res for frame 69 received at 1573048267837
11-06 15:51:07.860   967  1051 D Evaluation: Frame 87 sent at 1573048267860
11-06 15:51:07.890   967  1051 D Evaluation: Frame 88 sent at 1573048267890
11-06 15:51:07.891   967  1051 D Evaluation: 2 res for frame 70 received at 1573048267891
11-06 15:51:07.924   967  1051 D Evaluation: Frame 89 sent at 1573048267924
11-06 15:51:07.926   967  1051 D Evaluation: 2 res for frame 71 received at 1573048267925
11-06 15:51:07.990   967  1051 D Evaluation: Frame 90 sent at 1573048267990
11-06 15:51:07.991   967  1051 D Evaluation: 1 res for frame 72 received at 1573048267991
11-06 15:51:08.040   967  1051 D Evaluation: Frame 91 sent at 1573048268040
11-06 15:51:08.042   967  1051 D Evaluation: 0 res for frame 73 received at 1573048268041
11-06 15:51:08.068   967  1051 D Evaluation: Frame 92 sent at 1573048268068
11-06 15:51:08.069   967  1051 D Evaluation: 0 res for frame 74 received at 1573048268069
11-06 15:51:08.104   967  1051 D Evaluation: Frame 93 sent at 1573048268104
11-06 15:51:08.106   967  1051 D Evaluation: 0 res for frame 75 received at 1573048268106
11-06 15:51:08.137   967  1051 D Evaluation: Frame 94 sent at 1573048268137
11-06 15:51:08.138   967  1051 D Evaluation: 0 res for frame 76 received at 1573048268138
11-06 15:51:08.159   967  1051 D Evaluation: Frame 95 sent at 1573048268159
11-06 15:51:08.160   967  1051 D Evaluation: 0 res for frame 77 received at 1573048268160
11-06 15:51:08.196   967  1051 D Evaluation: Frame 96 sent at 1573048268196
11-06 15:51:08.197   967  1051 D Evaluation: 0 res for frame 78 received at 1573048268197
11-06 15:51:08.238   967  1051 D Evaluation: Frame 97 sent at 1573048268237
11-06 15:51:08.239   967   994 E         : [ZeroHung]zrhung_get_config: Get config failed for wp[0x0008]
11-06 15:51:08.239   967  1051 D Evaluation: 0 res for frame 79 received at 1573048268239
11-06 15:51:08.262   967   992 W System  : A resource failed to call close. 
11-06 15:51:08.263   967   992 I chatty  : uid=10149(symlab.cloudridar.arhud) FinalizerDaemon identical 20 lines
11-06 15:51:08.263   967   992 W System  : A resource failed to call close. 
11-06 15:51:08.263   967  1051 D Evaluation: Frame 98 sent at 1573048268263
11-06 15:51:08.263   967   992 W System  : A resource failed to call close. 
11-06 15:51:08.264   967   992 I chatty  : uid=10149(symlab.cloudridar.arhud) FinalizerDaemon identical 21 lines
11-06 15:51:08.264   967   992 W System  : A resource failed to call close. 
11-06 15:51:08.264   967  1051 D Evaluation: 0 res for frame 80 received at 1573048268264
11-06 15:51:08.264   967   992 W System  : A resource failed to call close. 
11-06 15:51:08.265   967   992 I chatty  : uid=10149(symlab.cloudridar.arhud) FinalizerDaemon identical 14 lines
11-06 15:51:08.265   967   992 W System  : A resource failed to call close. 
11-06 15:51:08.265   967   992 W System  : A resource failed to call close. 
11-06 15:51:08.265   967   992 W System  : A resource failed to call close. 
11-06 15:51:08.265   967   992 W System  : A resource failed to call close. 
11-06 15:51:08.266   967   992 I chatty  : uid=10149(symlab.cloudridar.arhud) FinalizerDaemon identical 3 lines
11-06 15:51:08.266   967   992 W System  : A resource failed to call close. 
11-06 15:51:08.266   967   992 W System  : A resource failed to call close. 
11-06 15:51:08.266   967   992 W System  : A resource failed to call close. 
11-06 15:51:08.266   967   992 I chatty  : uid=10149(symlab.cloudridar.arhud) FinalizerDaemon identical 2 lines
11-06 15:51:08.266   967   992 W System  : A resource failed to call close. 
11-06 15:51:08.266   967   992 W System  : A resource failed to call close. 
11-06 15:51:08.282   967   967 D Poster  : At 1573048268282 location is 65.0579788715701 (latitude), and 25.46846247671292 (longitude)
11-06 15:51:08.284   967   967 D Poster  : Connected to mobile network 20
11-06 15:51:08.287   967  1051 D Evaluation: Frame 99 sent at 1573048268287
11-06 15:51:08.320   967  1051 D Evaluation: Frame 100 sent at 1573048268320
11-06 15:51:08.359   967  1051 D Evaluation: Frame 101 sent at 1573048268359
11-06 15:51:08.360   967  1051 D Evaluation: 0 res for frame 82 received at 1573048268360
11-06 15:51:08.402   967  1051 D Evaluation: Frame 102 sent at 1573048268402
11-06 15:51:08.403   967  1051 D Evaluation: 0 res for frame 83 received at 1573048268403
11-06 15:51:08.433   967  1051 D Evaluation: Frame 103 sent at 1573048268433
11-06 15:51:08.435   967  1051 D Evaluation: 0 res for frame 84 received at 1573048268435
11-06 15:51:08.464   967  1051 D Evaluation: Frame 104 sent at 1573048268464
11-06 15:51:08.465   967  1051 D Evaluation: 0 res for frame 85 received at 1573048268465
11-06 15:51:08.504   967  1051 D Evaluation: Frame 105 sent at 1573048268504
11-06 15:51:08.530   967  1051 D Evaluation: Frame 106 sent at 1573048268530
11-06 15:51:08.532   967  1051 D Evaluation: 0 res for frame 86 received at 1573048268532
11-06 15:51:08.563   967  1051 D Evaluation: Frame 107 sent at 1573048268563
11-06 15:51:08.565   967  1051 D Evaluation: 0 res for frame 87 received at 1573048268565
11-06 15:51:08.597   967  1051 D Evaluation: Frame 108 sent at 1573048268597
11-06 15:51:08.634   967  1051 D Evaluation: Frame 109 sent at 1573048268634
11-06 15:51:08.635   967  1051 D Evaluation: 0 res for frame 88 received at 1573048268635
11-06 15:51:08.687   967  1051 D Evaluation: Frame 110 sent at 1573048268687
11-06 15:51:08.688   967  1051 D Evaluation: 0 res for frame 89 received at 1573048268688
11-06 15:51:08.716   967  1051 D Evaluation: Frame 111 sent at 1573048268716
11-06 15:51:08.718   967  1051 D Evaluation: 0 res for frame 90 received at 1573048268718
11-06 15:51:08.743   967  1051 D Evaluation: Frame 112 sent at 1573048268743
11-06 15:51:08.745   967  1051 D Evaluation: 0 res for frame 91 received at 1573048268745
11-06 15:51:08.774   967  1051 D Evaluation: Frame 113 sent at 1573048268774
11-06 15:51:08.802   967  1051 D Evaluation: Frame 114 sent at 1573048268802
11-06 15:51:08.803   967  1051 D Evaluation: 0 res for frame 92 received at 1573048268803
11-06 15:51:08.834   967  1051 D Evaluation: Frame 115 sent at 1573048268834
11-06 15:51:08.836   967  1051 D Evaluation: 0 res for frame 93 received at 1573048268836
11-06 15:51:08.882   967  1051 D Evaluation: Frame 116 sent at 1573048268882
11-06 15:51:08.884   967  1051 D Evaluation: 0 res for frame 94 received at 1573048268884
11-06 15:51:08.913   967  1051 D Evaluation: Frame 117 sent at 1573048268913
11-06 15:51:08.946   967  1051 D Evaluation: Frame 119 sent at 1573048268946
11-06 15:51:08.947   967  1051 D Evaluation: 0 res for frame 95 received at 1573048268947
11-06 15:51:08.969   967  1051 D Evaluation: Frame 119 sent at 1573048268969
11-06 15:51:08.970   967  1051 D Evaluation: 0 res for frame 96 received at 1573048268970
11-06 15:51:09.006   967  1051 D Evaluation: Frame 120 sent at 1573048269006
11-06 15:51:09.078   967  1051 D Evaluation: Frame 121 sent at 1573048269078
11-06 15:51:09.080   967  1051 D Evaluation: 0 res for frame 97 received at 1573048269080
11-06 15:51:09.111   967  1051 D Evaluation: Frame 122 sent at 1573048269111
11-06 15:51:09.112   967  1051 D Evaluation: 0 res for frame 98 received at 1573048269112
11-06 15:51:09.143   967  1051 D Evaluation: Frame 123 sent at 1573048269143
11-06 15:51:09.144   967  1051 D Evaluation: 0 res for frame 99 received at 1573048269144
11-06 15:51:09.172   967  1051 D Evaluation: Frame 124 sent at 1573048269172
11-06 15:51:09.174   967  1051 D Evaluation: 0 res for frame 100 received at 1573048269174
11-06 15:51:09.197   967  1051 D Evaluation: Frame 125 sent at 1573048269197
11-06 15:51:09.242   967  1051 D Evaluation: Frame 126 sent at 1573048269242
11-06 15:51:09.244   967  1051 D Evaluation: 0 res for frame 101 received at 1573048269244
11-06 15:51:09.285   967   967 D Poster  : At 1573048269284 location is 65.0579788715701 (latitude), and 25.46846247671292 (longitude)
11-06 15:51:09.287   967   967 D Poster  : Connected to mobile network 20
11-06 15:51:09.288   967  1051 D Evaluation: Frame 127 sent at 1573048269288
11-06 15:51:09.289   967  1051 D Evaluation: 0 res for frame 102 received at 1573048269289
11-06 15:51:09.317   967  1051 D Evaluation: Frame 129 sent at 1573048269317
11-06 15:51:09.318   967  1051 D Evaluation: 0 res for frame 103 received at 1573048269318
11-06 15:51:09.333   967  1051 D Evaluation: Frame 129 sent at 1573048269333
11-06 15:51:09.367   967  1051 D Evaluation: Frame 130 sent at 1573048269367
11-06 15:51:09.368   967  1051 D Evaluation: 0 res for frame 104 received at 1573048269368
11-06 15:51:09.400   967  1051 D Evaluation: Frame 131 sent at 1573048269399
11-06 15:51:09.401   967  1051 D Evaluation: 0 res for frame 105 received at 1573048269401
11-06 15:51:09.447   967   967 I AwareBitmapCacher: init lrucache size: 2097152 pid=967
11-06 15:51:09.450   967  1051 D Evaluation: Frame 133 sent at 1573048269450
11-06 15:51:09.451   967  1051 D Evaluation: 0 res for frame 106 received at 1573048269451
11-06 15:51:09.467   967  1051 D Evaluation: Frame 133 sent at 1573048269467
11-06 15:51:09.506   967  1051 D Evaluation: Frame 134 sent at 1573048269506
11-06 15:51:09.536   967  1051 D Evaluation: Frame 135 sent at 1573048269536
11-06 15:51:09.537   967  1051 D Evaluation: 0 res for frame 107 received at 1573048269537
11-06 15:51:09.629   967  1051 D Evaluation: Frame 136 sent at 1573048269629
11-06 15:51:09.630   967  1051 D Evaluation: 0 res for frame 108 received at 1573048269630
11-06 15:51:09.692   967  1051 D Evaluation: Frame 137 sent at 1573048269692
11-06 15:51:09.693   967  1051 D Evaluation: 0 res for frame 109 received at 1573048269693
11-06 15:51:09.716   967  1051 D Evaluation: Frame 138 sent at 1573048269716
11-06 15:51:09.717   967  1051 D Evaluation: 0 res for frame 110 received at 1573048269717
11-06 15:51:09.747   967   994 E         : [ZeroHung]zrhung_get_config: Get config failed for wp[0x0008]
11-06 15:51:09.748   967  1051 D Evaluation: Frame 139 sent at 1573048269748
11-06 15:51:09.750   967  1051 D Evaluation: 0 res for frame 111 received at 1573048269750
11-06 15:51:09.765   967   992 W System  : A resource failed to call close. 
11-06 15:51:09.774   967   992 I chatty  : uid=10149(symlab.cloudridar.arhud) FinalizerDaemon identical 58 lines
11-06 15:51:09.774   967   992 W System  : A resource failed to call close. 
11-06 15:51:09.816   967  1051 D Evaluation: Frame 140 sent at 1573048269816
11-06 15:51:09.817   967  1051 D Evaluation: 0 res for frame 112 received at 1573048269817
11-06 15:51:09.856   967  1051 D Evaluation: Frame 141 sent at 1573048269856
11-06 15:51:09.858   967  1051 D Evaluation: 0 res for frame 113 received at 1573048269858
11-06 15:51:09.887   967  1051 D Evaluation: Frame 142 sent at 1573048269886
11-06 15:51:09.888   967  1051 D Evaluation: 0 res for frame 114 received at 1573048269888
11-06 15:51:09.920   967  1051 D Evaluation: Frame 143 sent at 1573048269920
11-06 15:51:09.922   967  1051 D Evaluation: 0 res for frame 115 received at 1573048269922
11-06 15:51:09.955   967  1051 D Evaluation: Frame 144 sent at 1573048269955
11-06 15:51:09.956   967  1051 D Evaluation: 0 res for frame 116 received at 1573048269956
11-06 15:51:09.979   967  1051 D Evaluation: Frame 145 sent at 1573048269979
11-06 15:51:09.980   967  1051 D Evaluation: 0 res for frame 117 received at 1573048269980
11-06 15:51:10.016   967  1051 D Evaluation: Frame 146 sent at 1573048270016
11-06 15:51:10.056   967  1051 D Evaluation: Frame 147 sent at 1573048270056
11-06 15:51:10.058   967  1051 D Evaluation: 0 res for frame 119 received at 1573048270058
11-06 15:51:10.087   967  1051 D Evaluation: Frame 148 sent at 1573048270087
11-06 15:51:10.088   967  1051 D Evaluation: 0 res for frame 119 received at 1573048270088
11-06 15:51:10.125   967  1051 D Evaluation: Frame 149 sent at 1573048270125
11-06 15:51:10.149   967  1051 D Evaluation: Frame 150 sent at 1573048270149
11-06 15:51:10.150   967  1051 D Evaluation: 0 res for frame 120 received at 1573048270150
11-06 15:51:10.184   967  1051 D Evaluation: Frame 151 sent at 1573048270184
11-06 15:51:10.186   967  1051 D Evaluation: 0 res for frame 121 received at 1573048270186
11-06 15:51:10.211   967  1051 D Evaluation: Frame 152 sent at 1573048270210
11-06 15:51:10.212   967  1051 D Evaluation: 0 res for frame 122 received at 1573048270212
11-06 15:51:10.254   967  1051 D Evaluation: Frame 153 sent at 1573048270254
11-06 15:51:10.289   967  1051 D Evaluation: Frame 154 sent at 1573048270289
11-06 15:51:10.290   967  1051 D Evaluation: 0 res for frame 123 received at 1573048270290
11-06 15:51:10.291   967   967 D Poster  : At 1573048270290 location is 65.0579788715701 (latitude), and 25.46846247671292 (longitude)
11-06 15:51:10.294   967   967 D Poster  : Connected to mobile network 20
11-06 15:51:10.333   967  1051 D Evaluation: Frame 156 sent at 1573048270333
11-06 15:51:10.334   967  1051 D Evaluation: 0 res for frame 124 received at 1573048270334
11-06 15:51:10.354   967  1051 D Evaluation: Frame 156 sent at 1573048270354
11-06 15:51:10.356   967  1051 D Evaluation: 0 res for frame 125 received at 1573048270355
11-06 15:51:10.375   967  1051 D Evaluation: Frame 157 sent at 1573048270375
11-06 15:51:10.410   967  1051 D Evaluation: Frame 158 sent at 1573048270410
11-06 15:51:10.449   967  1051 D Evaluation: Frame 159 sent at 1573048270449
11-06 15:51:10.450   967  1051 D Evaluation: 0 res for frame 126 received at 1573048270450
11-06 15:51:10.486   967  1051 D Evaluation: Frame 160 sent at 1573048270486
11-06 15:51:10.487   967  1051 D Evaluation: 0 res for frame 127 received at 1573048270487
11-06 15:51:10.515   967  1051 D Evaluation: Frame 161 sent at 1573048270515
11-06 15:51:10.516   967  1051 D Evaluation: 0 res for frame 129 received at 1573048270516
11-06 15:51:10.561   967  1051 D Evaluation: Frame 162 sent at 1573048270561
11-06 15:51:10.590   967  1051 D Evaluation: Frame 163 sent at 1573048270590
11-06 15:51:10.592   967  1051 D Evaluation: 0 res for frame 129 received at 1573048270591
11-06 15:51:10.613   967  1051 D Evaluation: Frame 164 sent at 1573048270612
11-06 15:51:10.614   967  1051 D Evaluation: 0 res for frame 130 received at 1573048270614
11-06 15:51:10.650   967  1051 D Evaluation: Frame 165 sent at 1573048270650
11-06 15:51:10.680   967  1051 D Evaluation: Frame 166 sent at 1573048270680
11-06 15:51:10.682   967  1051 D Evaluation: 0 res for frame 131 received at 1573048270682
11-06 15:51:10.715   967  1051 D Evaluation: Frame 167 sent at 1573048270715
11-06 15:51:10.716   967  1051 D Evaluation: 0 res for frame 133 received at 1573048270716
11-06 15:51:10.752   967  1051 D Evaluation: Frame 168 sent at 1573048270752
11-06 15:51:10.754   967  1051 D Evaluation: 0 res for frame 133 received at 1573048270754
11-06 15:51:10.790   967  1051 D Evaluation: Frame 169 sent at 1573048270790
11-06 15:51:10.822   967  1051 D Evaluation: Frame 170 sent at 1573048270822
11-06 15:51:10.823   967  1051 D Evaluation: 0 res for frame 134 received at 1573048270823
11-06 15:51:10.906   967  1051 D Evaluation: Frame 171 sent at 1573048270906
11-06 15:51:10.908   967  1051 D Evaluation: 0 res for frame 135 received at 1573048270908
11-06 15:51:10.933   967  1051 D Evaluation: Frame 172 sent at 1573048270933
11-06 15:51:10.935   967  1051 D Evaluation: 0 res for frame 136 received at 1573048270935
11-06 15:51:10.962   967  1051 D Evaluation: Frame 173 sent at 1573048270962
11-06 15:51:10.963   967  1051 D Evaluation: 0 res for frame 137 received at 1573048270963
11-06 15:51:11.033   967  1051 D Evaluation: Frame 174 sent at 1573048271033
11-06 15:51:11.035   967  1051 D Evaluation: 0 res for frame 138 received at 1573048271035
11-06 15:51:11.071   967  1051 D Evaluation: Frame 176 sent at 1573048271071
11-06 15:51:11.072   967  1051 D Evaluation: 0 res for frame 139 received at 1573048271072
11-06 15:51:11.093   967  1051 D Evaluation: Frame 176 sent at 1573048271093
11-06 15:51:11.095   967  1051 D Evaluation: 0 res for frame 140 received at 1573048271095
11-06 15:51:11.118   967  1051 D Evaluation: Frame 177 sent at 1573048271118
11-06 15:51:11.149   967  1051 D Evaluation: Frame 178 sent at 1573048271149
11-06 15:51:11.197   967  1051 D Evaluation: Frame 180 sent at 1573048271197
11-06 15:51:11.198   967   994 E         : [ZeroHung]zrhung_get_config: Get config failed for wp[0x0008]
11-06 15:51:11.198   967  1051 D Evaluation: 0 res for frame 141 received at 1573048271198
11-06 15:51:11.219   967   992 W System  : A resource failed to call close. 
11-06 15:51:11.220   967   992 I chatty  : uid=10149(symlab.cloudridar.arhud) FinalizerDaemon identical 12 lines
11-06 15:51:11.221   967   992 W System  : A resource failed to call close. 
11-06 15:51:11.221   967  1051 D Evaluation: Frame 180 sent at 1573048271221
11-06 15:51:11.221   967   992 W System  : A resource failed to call close. 
11-06 15:51:11.222   967   992 I chatty  : uid=10149(symlab.cloudridar.arhud) FinalizerDaemon identical 9 lines
11-06 15:51:11.222   967   992 W System  : A resource failed to call close. 
11-06 15:51:11.222   967  1051 D Evaluation: 0 res for frame 142 received at 1573048271222
11-06 15:51:11.222   967   992 W System  : A resource failed to call close. 
11-06 15:51:11.223   967   992 I chatty  : uid=10149(symlab.cloudridar.arhud) FinalizerDaemon identical 11 lines
11-06 15:51:11.223   967   992 W System  : A resource failed to call close. 
11-06 15:51:11.223   967   992 W System  : A resource failed to call close. 
11-06 15:51:11.224   967   992 W System  : A resource failed to call close. 
11-06 15:51:11.224   967   992 W System  : A resource failed to call close. 
11-06 15:51:11.225   967   992 I chatty  : uid=10149(symlab.cloudridar.arhud) FinalizerDaemon identical 6 lines
11-06 15:51:11.225   967   992 W System  : A resource failed to call close. 
11-06 15:51:11.225   967   992 W System  : A resource failed to call close. 
11-06 15:51:11.225   967   992 W System  : A resource failed to call close. 
11-06 15:51:11.226   967   992 W System  : A resource failed to call close. 
11-06 15:51:11.226   967   992 W System  : A resource failed to call close. 
11-06 15:51:11.226   967   992 W System  : A resource failed to call close. 
11-06 15:51:11.230   967   992 W System  : A resource failed to call close. 
11-06 15:51:11.231   967   992 I chatty  : uid=10149(symlab.cloudridar.arhud) FinalizerDaemon identical 3 lines
11-06 15:51:11.231   967   992 W System  : A resource failed to call close. 
11-06 15:51:11.231   967   992 W System  : A resource failed to call close. 
11-06 15:51:11.231   967   992 W System  : A resource failed to call close. 
11-06 15:51:11.231   967   992 W System  : A resource failed to call close. 
11-06 15:51:11.231   967   992 W System  : A resource failed to call close. 
11-06 15:51:11.259   967  1051 D Evaluation: Frame 181 sent at 1573048271259
11-06 15:51:11.297   967   967 D Poster  : At 1573048271296 location is 65.0579788715701 (latitude), and 25.46846247671292 (longitude)
11-06 15:51:11.298   967  1051 D Evaluation: Frame 182 sent at 1573048271298
11-06 15:51:11.300   967   967 D Poster  : Connected to mobile network 20
11-06 15:51:11.301   967  1051 D Evaluation: 0 res for frame 143 received at 1573048271301
11-06 15:51:11.333   967  1051 D Evaluation: Frame 184 sent at 1573048271333
11-06 15:51:11.334   967  1051 D Evaluation: 0 res for frame 144 received at 1573048271334
11-06 15:51:11.357   967  1051 D Evaluation: Frame 184 sent at 1573048271357
11-06 15:51:11.392   967  1051 D Evaluation: Frame 185 sent at 1573048271392
11-06 15:51:11.418   967  1051 D Evaluation: Frame 186 sent at 1573048271418
11-06 15:51:11.419   967  1051 D Evaluation: 0 res for frame 146 received at 1573048271419
11-06 15:51:11.493   967  1051 D Evaluation: Frame 187 sent at 1573048271493
11-06 15:51:11.495   967  1051 D Evaluation: 0 res for frame 147 received at 1573048271495
11-06 15:51:11.530   967  1051 D Evaluation: Frame 188 sent at 1573048271530
11-06 15:51:11.532   967  1051 D Evaluation: 0 res for frame 148 received at 1573048271532
11-06 15:51:11.561   967  1051 D Evaluation: Frame 189 sent at 1573048271561
11-06 15:51:11.563   967  1051 D Evaluation: 0 res for frame 149 received at 1573048271563
11-06 15:51:11.646   967  1051 D Evaluation: Frame 191 sent at 1573048271646
11-06 15:51:11.647   967  1051 D Evaluation: 0 res for frame 150 received at 1573048271647
11-06 15:51:11.670   967  1051 D Evaluation: Frame 191 sent at 1573048271670
11-06 15:51:11.696   967  1051 D Evaluation: Frame 192 sent at 1573048271696
11-06 15:51:11.698   967  1051 D Evaluation: 0 res for frame 151 received at 1573048271698
11-06 15:51:11.722   967  1051 D Evaluation: Frame 193 sent at 1573048271722
11-06 15:51:11.724   967  1051 D Evaluation: 0 res for frame 152 received at 1573048271724
11-06 15:51:11.768   967  1051 D Evaluation: Frame 194 sent at 1573048271768
11-06 15:51:11.769   967  1051 D Evaluation: 0 res for frame 153 received at 1573048271769
11-06 15:51:11.792   967  1051 D Evaluation: Frame 195 sent at 1573048271792
11-06 15:51:11.821   967  1051 D Evaluation: Frame 196 sent at 1573048271821
11-06 15:51:11.822   967  1051 D Evaluation: 0 res for frame 154 received at 1573048271822
11-06 15:51:11.857   967  1051 D Evaluation: Frame 197 sent at 1573048271857
11-06 15:51:11.858   967  1051 D Evaluation: 0 res for frame 156 received at 1573048271858
11-06 15:51:11.903   967  1051 D Evaluation: Frame 198 sent at 1573048271903
11-06 15:51:11.905   967  1051 D Evaluation: 0 res for frame 156 received at 1573048271905
11-06 15:51:11.929   967  1051 D Evaluation: Frame 199 sent at 1573048271929
11-06 15:51:11.930   967  1051 D Evaluation: 0 res for frame 157 received at 1573048271930
11-06 15:51:11.970   967  1051 D Evaluation: Frame 200 sent at 1573048271970
11-06 15:51:11.971   967  1051 D Evaluation: 0 res for frame 158 received at 1573048271971
11-06 15:51:11.995   967  1051 D Evaluation: Frame 201 sent at 1573048271995
11-06 15:51:12.033   967  1051 D Evaluation: Frame 202 sent at 1573048272033
11-06 15:51:12.034   967  1051 D Evaluation: 0 res for frame 159 received at 1573048272034
11-06 15:51:12.058   967  1051 D Evaluation: Frame 203 sent at 1573048272058
11-06 15:51:12.059   967  1051 D Evaluation: 0 res for frame 160 received at 1573048272059
11-06 15:51:12.098   967  1051 D Evaluation: Frame 204 sent at 1573048272098
11-06 15:51:12.100   967  1051 D Evaluation: 0 res for frame 161 received at 1573048272100
11-06 15:51:12.132   967  1051 D Evaluation: Frame 205 sent at 1573048272131
11-06 15:51:12.168   967  1051 D Evaluation: Frame 206 sent at 1573048272167
11-06 15:51:12.169   967  1051 D Evaluation: 0 res for frame 162 received at 1573048272169
11-06 15:51:12.196   967  1051 D Evaluation: Frame 207 sent at 1573048272196
11-06 15:51:12.197   967  1051 D Evaluation: 0 res for frame 163 received at 1573048272197
11-06 15:51:12.231   967  1051 D Evaluation: Frame 208 sent at 1573048272231
11-06 15:51:12.232   967  1051 D Evaluation: 0 res for frame 164 received at 1573048272232
11-06 15:51:12.266   967  1051 D Evaluation: Frame 209 sent at 1573048272266
11-06 15:51:12.268   967  1051 D Evaluation: 0 res for frame 165 received at 1573048272268
11-06 15:51:12.292   967  1051 D Evaluation: Frame 210 sent at 1573048272292
11-06 15:51:12.292   967   967 D Poster  : At 1573048272292 location is 65.05798732525521 (latitude), and 25.468477803721978 (longitude)
11-06 15:51:12.294   967   967 D Poster  : Connected to mobile network 20
11-06 15:51:12.329   967  1051 D Evaluation: Frame 211 sent at 1573048272329
11-06 15:51:12.331   967  1051 D Evaluation: 0 res for frame 166 received at 1573048272331
11-06 15:51:12.358   967  1051 D Evaluation: Frame 212 sent at 1573048272358
11-06 15:51:12.361   967  1051 D Evaluation: 0 res for frame 167 received at 1573048272361
11-06 15:51:12.392   967  1051 D Evaluation: Frame 213 sent at 1573048272392
11-06 15:51:12.394   967  1051 D Evaluation: 0 res for frame 168 received at 1573048272394
11-06 15:51:12.437   967  1051 D Evaluation: Frame 214 sent at 1573048272437
11-06 15:51:12.460   967  1051 D Evaluation: Frame 215 sent at 1573048272460
11-06 15:51:12.461   967  1051 D Evaluation: 0 res for frame 169 received at 1573048272461
11-06 15:51:12.505   967  1051 D Evaluation: Frame 216 sent at 1573048272505
11-06 15:51:12.506   967  1051 D Evaluation: 0 res for frame 170 received at 1573048272506
11-06 15:51:12.533   967  1051 D Evaluation: Frame 217 sent at 1573048272533
11-06 15:51:12.534   967  1051 D Evaluation: 0 res for frame 171 received at 1573048272534
11-06 15:51:12.572   967   994 E         : [ZeroHung]zrhung_get_config: Get config failed for wp[0x0008]
11-06 15:51:12.572   967  1051 D Evaluation: Frame 218 sent at 1573048272572
11-06 15:51:12.573   967  1051 D Evaluation: 0 res for frame 172 received at 1573048272573
11-06 15:51:12.593   967   992 W System  : A resource failed to call close. 
11-06 15:51:12.601   967   992 I chatty  : uid=10149(symlab.cloudridar.arhud) FinalizerDaemon identical 56 lines
11-06 15:51:12.601   967   992 W System  : A resource failed to call close. 
11-06 15:51:12.651   967  1051 D Evaluation: Frame 219 sent at 1573048272651
11-06 15:51:12.652   967  1051 D Evaluation: 0 res for frame 173 received at 1573048272652
11-06 15:51:12.675   967  1051 D Evaluation: Frame 220 sent at 1573048272675
11-06 15:51:12.676   967  1051 D Evaluation: 0 res for frame 174 received at 1573048272676
11-06 15:51:12.704   967  1051 D Evaluation: Frame 221 sent at 1573048272704
11-06 15:51:12.705   967  1051 D Evaluation: 0 res for frame 176 received at 1573048272705
11-06 15:51:12.730   967  1051 D Evaluation: Frame 222 sent at 1573048272730
11-06 15:51:12.771   967  1051 D Evaluation: Frame 223 sent at 1573048272771
11-06 15:51:12.772   967  1051 D Evaluation: 0 res for frame 176 received at 1573048272772
11-06 15:51:12.806   967  1051 D Evaluation: Frame 224 sent at 1573048272806
11-06 15:51:12.808   967  1051 D Evaluation: 0 res for frame 177 received at 1573048272808
11-06 15:51:12.831   967  1051 D Evaluation: Frame 225 sent at 1573048272831
11-06 15:51:12.833   967  1051 D Evaluation: 0 res for frame 178 received at 1573048272833
11-06 15:51:12.865   967  1051 D Evaluation: Frame 226 sent at 1573048272865
11-06 15:51:12.866   967  1051 D Evaluation: 0 res for frame 180 received at 1573048272866
11-06 15:51:12.904   967  1051 D Evaluation: Frame 227 sent at 1573048272904
11-06 15:51:12.930   967  1051 D Evaluation: Frame 228 sent at 1573048272930
11-06 15:51:12.931   967  1051 D Evaluation: 1 res for frame 180 received at 1573048272931
11-06 15:51:12.982   967  1051 D Evaluation: Frame 229 sent at 1573048272982
11-06 15:51:12.983   967  1051 D Evaluation: 0 res for frame 181 received at 1573048272983
11-06 15:51:13.011   967  1051 D Evaluation: Frame 230 sent at 1573048273011
11-06 15:51:13.013   967  1051 D Evaluation: 0 res for frame 182 received at 1573048273013
11-06 15:51:13.040   967  1051 D Evaluation: Frame 231 sent at 1573048273039
11-06 15:51:13.070   967  1051 D Evaluation: Frame 232 sent at 1573048273070
11-06 15:51:13.071   967  1051 D Evaluation: 0 res for frame 184 received at 1573048273071
11-06 15:51:13.105   967  1051 D Evaluation: Frame 233 sent at 1573048273105
11-06 15:51:13.106   967  1051 D Evaluation: 0 res for frame 184 received at 1573048273106
11-06 15:51:13.147   967  1051 D Evaluation: Frame 234 sent at 1573048273147
11-06 15:51:13.149   967  1051 D Evaluation: 0 res for frame 185 received at 1573048273149
11-06 15:51:13.177   967  1051 D Evaluation: Frame 235 sent at 1573048273177
11-06 15:51:13.179   967  1051 D Evaluation: 0 res for frame 186 received at 1573048273179
11-06 15:51:13.211   967  1051 D Evaluation: Frame 236 sent at 1573048273211
11-06 15:51:13.236   967  1051 D Evaluation: Frame 237 sent at 1573048273236
11-06 15:51:13.285   967  1051 D Evaluation: Frame 239 sent at 1573048273285
11-06 15:51:13.286   967  1051 D Evaluation: 0 res for frame 187 received at 1573048273286
11-06 15:51:13.291   967   967 D Poster  : At 1573048273291 location is 65.05798919739519 (latitude), and 25.46848042784327 (longitude)
11-06 15:51:13.293   967   967 D Poster  : Connected to mobile network 20
11-06 15:51:13.307   967  1051 D Evaluation: Frame 239 sent at 1573048273307
11-06 15:51:13.309   967  1051 D Evaluation: 0 res for frame 188 received at 1573048273309
11-06 15:51:13.328   967  1051 D Evaluation: Frame 240 sent at 1573048273327
11-06 15:51:13.329   967  1051 D Evaluation: 0 res for frame 189 received at 1573048273328
11-06 15:51:13.374   967  1051 D Evaluation: Frame 241 sent at 1573048273374
11-06 15:51:13.403   967  1051 D Evaluation: Frame 242 sent at 1573048273403
11-06 15:51:13.404   967  1051 D Evaluation: 0 res for frame 191 received at 1573048273404
11-06 15:51:13.450   967  1051 D Evaluation: Frame 243 sent at 1573048273450
11-06 15:51:13.451   967  1051 D Evaluation: 0 res for frame 191 received at 1573048273451
11-06 15:51:13.476   967  1051 D Evaluation: Frame 244 sent at 1573048273476
11-06 15:51:13.503   967  1051 D Evaluation: Frame 245 sent at 1573048273503
11-06 15:51:13.505   967  1051 D Evaluation: 0 res for frame 192 received at 1573048273505
11-06 15:51:13.610   967  1051 D Evaluation: Frame 246 sent at 1573048273610
11-06 15:51:13.611   967  1051 D Evaluation: 0 res for frame 193 received at 1573048273611
11-06 15:51:13.650   967  1051 D Evaluation: Frame 247 sent at 1573048273650
11-06 15:51:13.652   967  1051 D Evaluation: 0 res for frame 194 received at 1573048273651
11-06 15:51:13.676   967  1051 D Evaluation: Frame 248 sent at 1573048273676
11-06 15:51:13.677   967  1051 D Evaluation: 0 res for frame 195 received at 1573048273677
11-06 15:51:13.716   967  1051 D Evaluation: Frame 249 sent at 1573048273716
11-06 15:51:13.717   967  1051 D Evaluation: 0 res for frame 196 received at 1573048273717
11-06 15:51:13.748   967  1051 D Evaluation: Frame 250 sent at 1573048273748
11-06 15:51:13.750   967  1051 D Evaluation: 0 res for frame 197 received at 1573048273750
11-06 15:51:13.778   967  1051 D Evaluation: Frame 251 sent at 1573048273778
11-06 15:51:13.813   967  1051 D Evaluation: Frame 252 sent at 1573048273813
11-06 15:51:13.814   967  1051 D Evaluation: 0 res for frame 198 received at 1573048273814
11-06 15:51:13.845   967  1051 D Evaluation: Frame 253 sent at 1573048273845
11-06 15:51:13.846   967  1051 D Evaluation: 0 res for frame 199 received at 1573048273846
11-06 15:51:13.879   967  1051 D Evaluation: Frame 254 sent at 1573048273879
11-06 15:51:13.880   967  1051 D Evaluation: 0 res for frame 200 received at 1573048273880
11-06 15:51:13.909   967  1051 D Evaluation: Frame 255 sent at 1573048273909
11-06 15:51:13.942   967  1051 D Evaluation: Frame 256 sent at 1573048273942
11-06 15:51:13.943   967  1051 D Evaluation: 0 res for frame 201 received at 1573048273943
11-06 15:51:13.978   967   994 E         : [ZeroHung]zrhung_get_config: Get config failed for wp[0x0008]
11-06 15:51:13.978   967  1051 D Evaluation: Frame 257 sent at 1573048273978
11-06 15:51:13.980   967  1051 D Evaluation: 0 res for frame 202 received at 1573048273979
11-06 15:51:13.996   967   992 W System  : A resource failed to call close. 
11-06 15:51:14.006   967   992 I chatty  : uid=10149(symlab.cloudridar.arhud) FinalizerDaemon identical 58 lines
11-06 15:51:14.006   967   992 W System  : A resource failed to call close. 
11-06 15:51:14.069   967  1051 D Evaluation: Frame 258 sent at 1573048274069
11-06 15:51:14.071   967  1051 D Evaluation: 0 res for frame 203 received at 1573048274071
11-06 15:51:14.103   967  1051 D Evaluation: Frame 260 sent at 1573048274103
11-06 15:51:14.105   967  1051 D Evaluation: 0 res for frame 204 received at 1573048274105
11-06 15:51:14.125   967  1051 D Evaluation: Frame 260 sent at 1573048274125
11-06 15:51:14.127   967  1051 D Evaluation: 0 res for frame 205 received at 1573048274127
11-06 15:51:14.180   967  1051 D Evaluation: Frame 261 sent at 1573048274180
11-06 15:51:14.181   967  1051 D Evaluation: 0 res for frame 206 received at 1573048274181
11-06 15:51:14.210   967  1051 D Evaluation: Frame 262 sent at 1573048274210
11-06 15:51:14.211   967  1051 D Evaluation: 0 res for frame 207 received at 1573048274211
11-06 15:51:14.242   967  1051 D Evaluation: Frame 263 sent at 1573048274242
11-06 15:51:14.243   967  1051 D Evaluation: 0 res for frame 208 received at 1573048274243
11-06 15:51:14.288   967  1051 D Evaluation: Frame 264 sent at 1573048274288
11-06 15:51:14.288   967   967 D Poster  : At 1573048274288 location is 65.05799201085821 (latitude), and 25.46848336494912 (longitude)
11-06 15:51:14.290   967  1051 D Evaluation: 0 res for frame 209 received at 1573048274290
11-06 15:51:14.291   967   967 D Poster  : Connected to mobile network 20
11-06 15:51:14.315   967  1051 D Evaluation: Frame 265 sent at 1573048274315
11-06 15:51:14.333   967  1051 D Evaluation: Frame 266 sent at 1573048274333
11-06 15:51:14.335   967  1051 D Evaluation: 0 res for frame 210 received at 1573048274334
11-06 15:51:14.381   967  1051 D Evaluation: Frame 267 sent at 1573048274381
11-06 15:51:14.410   967  1051 D Evaluation: Frame 268 sent at 1573048274410
11-06 15:51:14.411   967  1051 D Evaluation: 0 res for frame 211 received at 1573048274411
11-06 15:51:14.450   967  1051 D Evaluation: Frame 269 sent at 1573048274450
11-06 15:51:14.451   967  1051 D Evaluation: 0 res for frame 212 received at 1573048274451
11-06 15:51:14.487   967  1051 D Evaluation: Frame 270 sent at 1573048274487
11-06 15:51:14.489   967  1051 D Evaluation: 0 res for frame 213 received at 1573048274489
11-06 15:51:14.518   967  1051 D Evaluation: Frame 271 sent at 1573048274518
11-06 15:51:14.548   967  1051 D Evaluation: Frame 272 sent at 1573048274548
11-06 15:51:14.551   967  1051 D Evaluation: 0 res for frame 214 received at 1573048274551
11-06 15:51:14.577   967  1051 D Evaluation: Frame 273 sent at 1573048274577
