--------- beginning of main
11-05 12:37:36.575  9133  9133 W logcat  : type=1400 audit(0.0:1898): avc: granted { create } for name="logcat_1572950256565.txt" scontext=u:r:untrusted_app:s0:c149,c256,c512,c768 tcontext=u:object_r:sdcardfs:s0:c149,c256,c512,c768 tclass=file
11-05 12:37:36.579  9109  9109 I MultiDex: Installing application
11-05 12:37:36.579  9109  9109 I MultiDex: VM has multidex support, MultiDex support library is disabled.
--------- beginning of system
11-05 12:37:36.583  9109  9109 V ActivityThread: callActivityOnCreate
11-05 12:37:36.583  9109  9109 I Poster  :  onCreate() called.
11-05 12:37:36.587  9109  9109 I HwApsImpl: APS: new HwApsImpl created
11-05 12:37:36.594  9109  9109 V HwWidgetFactory: : successes to get AllImpl object and return....
11-05 12:37:36.602  9109  9109 D OpenGLRenderer: Skia GL Pipeline
11-05 12:37:36.625  9109  9109 D Poster  : Server bound to IP 193.166.28.132 and port 52727
11-05 12:37:36.627  9109  9143 D Evaluation: metadata 0 sent 
11-05 12:37:36.628  9109  9109 D ActivityThread: add activity client record, r= ActivityRecord{1a947b3 token=android.os.BinderProxy@d3b22ca {symlab.cloudridar.arhud/symlab.ARHUD.MainActivity}} token= android.os.BinderProxy@d3b22ca
11-05 12:37:36.630  9109  9109 I Poster  :  onStart() called.
11-05 12:37:36.631  9109  9109 D ZrHung.AppEyeUiProbe: notify runnable to start.
11-05 12:37:36.632  9109  9109 I Poster  :  onResume() called.
11-05 12:37:36.636  9109  9109 I PermissionManager: camera remind result:true
11-05 12:37:36.636  9109  9109 I Camera  : open camera: 0, package name: symlab.cloudridar.arhud
11-05 12:37:36.636  9109  9109 I BackgroundPermManager: pkgName: symlab.cloudridar.arhud,pid: 9109 ,uidOf3RdApk: 10149 ,permType: 0 ,permCfg: 1
11-05 12:37:36.637  9109  9109 I HwCameraUtil: notifySurfaceFlingerCameraStatus : isFront = false , isOpend = true
11-05 12:37:36.647  9109  9109 D ActivityThread: isOptEnabled=false isWechatScanOpt=false
11-05 12:37:36.648  9109  9109 I HwSecImmHelper: mSecurityInputMethodService is null
11-05 12:37:36.654  9109  9109 D OpenGLRenderer:   HWUI Binary is  enabled
11-05 12:37:36.682  9109  9167 D HiTouch_PressGestureDetector: onAttached, package=symlab.cloudridar.arhud, windowType=1, mHiTouchRestricted=false
11-05 12:37:36.691  9109  9160 I ConfigStore: android::hardware::configstore::V1_0::ISurfaceFlingerConfigs::hasWideColorDisplay retrieved: 0
11-05 12:37:36.691  9109  9160 I ConfigStore: android::hardware::configstore::V1_0::ISurfaceFlingerConfigs::hasHDRDisplay retrieved: 0
11-05 12:37:36.691  9109  9160 I iGraphics: [0020080c] pn: symlab.cloudridar.arhud, p: 9109
11-05 12:37:36.694  9109  9160 I OpenGLRenderer: Initialized EGL, version 1.4, mEglDisplay 0x1
11-05 12:37:36.694  9109  9160 D OpenGLRenderer: Swap behavior 2
11-05 12:37:36.702  9109  9160 D mali_winsys: EGLint new_window_surface(egl_winsys_display *, void *, EGLSurface, EGLConfig, egl_winsys_surface **, EGLBoolean) returns 0x3000
11-05 12:37:36.711  9109  9109 I Poster  :  surfaceCreated() called.
11-05 12:37:36.711  9109  9109 I Poster  : initPreview() called
11-05 12:37:36.717  9109  9109 I PermissionManager: camera remind result:true
11-05 12:37:36.723  9109  9109 I Poster  :  surfaceChanged() called.
11-05 12:37:36.739  9109  9109 W InputMethodManager: startInputReason = 1
11-05 12:37:36.761  9109  9109 W InputMethodManager: startInputReason = 5
11-05 12:37:37.017  9109  9143 D Evaluation: metadata 1 sent 
11-05 12:37:37.041  9109  9143 D Evaluation: metadata 2 sent 
11-05 12:37:37.078  9109  9143 D Evaluation: metadata 3 sent 
11-05 12:37:37.112  9109  9143 D Evaluation: metadata 4 sent 
11-05 12:37:37.145  9109  9143 D Evaluation: metadata 5 sent 
11-05 12:37:37.190  9109  9143 D Evaluation: Frame 6 sent at 1572950257190
11-05 12:37:37.221  9109  9143 D Evaluation: Frame 7 sent at 1572950257221
11-05 12:37:37.255  9109  9143 D Evaluation: Frame 8 sent at 1572950257255
11-05 12:37:37.288  9109  9143 D Evaluation: Frame 9 sent at 1572950257288
11-05 12:37:37.326  9109  9143 D Evaluation: Frame 10 sent at 1572950257326
11-05 12:37:37.327  9109  9143 D Evaluation: 0 res for frame 6 received at 1572950257327
11-05 12:37:37.356  9109  9143 D Evaluation: Frame 11 sent at 1572950257356
11-05 12:37:37.357  9109  9143 D Evaluation: 0 res for frame 7 received at 1572950257357
11-05 12:37:37.391  9109  9143 D Evaluation: Frame 12 sent at 1572950257391
11-05 12:37:37.392  9109  9143 D Evaluation: 0 res for frame 8 received at 1572950257392
11-05 12:37:37.424  9109  9143 D Evaluation: Frame 13 sent at 1572950257424
11-05 12:37:37.458  9109  9143 D Evaluation: Frame 14 sent at 1572950257458
11-05 12:37:37.459  9109  9143 D Evaluation: 0 res for frame 9 received at 1572950257459
11-05 12:37:37.494  9109  9143 D Evaluation: Frame 15 sent at 1572950257494
11-05 12:37:37.495  9109  9143 D Evaluation: 0 res for frame 10 received at 1572950257495
11-05 12:37:37.526  9109  9143 D Evaluation: Frame 16 sent at 1572950257526
11-05 12:37:37.526  9109  9143 D Evaluation: 0 res for frame 11 received at 1572950257526
11-05 12:37:37.558  9109  9143 D Evaluation: Frame 17 sent at 1572950257558
11-05 12:37:37.592  9109  9143 D Evaluation: Frame 18 sent at 1572950257592
11-05 12:37:37.626  9109  9143 D Evaluation: Frame 19 sent at 1572950257626
11-05 12:37:37.626  9109  9143 D Evaluation: 0 res for frame 12 received at 1572950257626
11-05 12:37:37.660  9109  9143 D Evaluation: Frame 20 sent at 1572950257660
11-05 12:37:37.694  9109  9143 D Evaluation: Frame 21 sent at 1572950257694
11-05 12:37:37.728  9109  9143 D Evaluation: Frame 22 sent at 1572950257728
11-05 12:37:37.729  9109  9143 D Evaluation: 0 res for frame 13 received at 1572950257729
11-05 12:37:37.762  9109  9143 D Evaluation: Frame 23 sent at 1572950257762
11-05 12:37:37.795  9109  9143 D Evaluation: Frame 24 sent at 1572950257795
11-05 12:37:37.828  9109  9109 D Poster  : At 1572950257827 location is 65.0585291397301 (latitude), and 25.469506093537163 (longitude)
11-05 12:37:37.828  9109  9120 E         : [ZeroHung]zrhung_get_config: Get config failed for wp[0x0008]
11-05 12:37:37.828  9109  9143 D Evaluation: Frame 25 sent at 1572950257828
11-05 12:37:37.840  9109  9118 W System  : A resource failed to call close. 
11-05 12:37:37.841  9109  9118 I chatty  : uid=10149(symlab.cloudridar.arhud) FinalizerDaemon identical 14 lines
11-05 12:37:37.841  9109  9118 W System  : A resource failed to call close. 
11-05 12:37:37.863  9109  9143 D Evaluation: Frame 26 sent at 1572950257863
11-05 12:37:37.863  9109  9143 D Evaluation: 0 res for frame 14 received at 1572950257863
11-05 12:37:37.896  9109  9143 D Evaluation: Frame 27 sent at 1572950257896
11-05 12:37:37.932  9109  9143 D Evaluation: Frame 28 sent at 1572950257932
11-05 12:37:37.971  9109  9143 D Evaluation: Frame 29 sent at 1572950257971
11-05 12:37:38.012  9109  9109 D Poster  : At 1572950258011 location is 65.05853968849361 (latitude), and 25.469285349270077 (longitude)
11-05 12:37:38.013  9109  9143 D Evaluation: Frame 30 sent at 1572950258013
11-05 12:37:38.043  9109  9143 D Evaluation: Frame 31 sent at 1572950258043
11-05 12:37:38.074  9109  9143 D Evaluation: Frame 32 sent at 1572950258074
11-05 12:37:38.107  9109  9143 D Evaluation: Frame 33 sent at 1572950258107
11-05 12:37:38.147  9109  9143 D Evaluation: Frame 34 sent at 1572950258147
11-05 12:37:38.187  9109  9143 D Evaluation: Frame 35 sent at 1572950258187
11-05 12:37:38.225  9109  9143 D Evaluation: Frame 36 sent at 1572950258225
11-05 12:37:38.248  9109  9143 D Evaluation: Frame 37 sent at 1572950258248
11-05 12:37:38.287  9109  9143 D Evaluation: Frame 38 sent at 1572950258287
11-05 12:37:38.319  9109  9143 D Evaluation: Frame 39 sent at 1572950258319
11-05 12:37:38.354  9109  9143 D Evaluation: Frame 40 sent at 1572950258354
11-05 12:37:38.388  9109  9143 D Evaluation: Frame 41 sent at 1572950258388
11-05 12:37:38.417  9109  9143 W System.err: java.net.SocketException: Message too long
11-05 12:37:38.417  9109  9143 W System.err: 	at sun.nio.ch.DatagramChannelImpl.send0(Native Method)
11-05 12:37:38.418  9109  9143 W System.err: 	at sun.nio.ch.DatagramChannelImpl.sendFromNativeBuffer(DatagramChannelImpl.java:573)
11-05 12:37:38.418  9109  9143 W System.err: 	at sun.nio.ch.DatagramChannelImpl.send(DatagramChannelImpl.java:550)
11-05 12:37:38.418  9109  9143 W System.err: 	at sun.nio.ch.DatagramChannelImpl.send(DatagramChannelImpl.java:514)
11-05 12:37:38.418  9109  9143 W System.err: 	at symlab.CloudAR.network.TransmissionTask.run(TransmissionTask.java:124)
11-05 12:37:38.418  9109  9143 W System.err: 	at android.os.Handler.handleCallback(Handler.java:907)
11-05 12:37:38.418  9109  9143 W System.err: 	at android.os.Handler.dispatchMessage(Handler.java:105)
11-05 12:37:38.418  9109  9143 W System.err: 	at android.os.Looper.loop(Looper.java:216)
11-05 12:37:38.418  9109  9143 W System.err: 	at android.os.HandlerThread.run(HandlerThread.java:65)
11-05 12:37:38.540  9109  9143 W System.err: java.net.SocketException: Message too long
11-05 12:37:38.540  9109  9143 W System.err: 	at sun.nio.ch.DatagramChannelImpl.send0(Native Method)
11-05 12:37:38.540  9109  9143 W System.err: 	at sun.nio.ch.DatagramChannelImpl.sendFromNativeBuffer(DatagramChannelImpl.java:573)
11-05 12:37:38.540  9109  9143 W System.err: 	at sun.nio.ch.DatagramChannelImpl.send(DatagramChannelImpl.java:550)
11-05 12:37:38.541  9109  9143 W System.err: 	at sun.nio.ch.DatagramChannelImpl.send(DatagramChannelImpl.java:514)
11-05 12:37:38.541  9109  9143 W System.err: 	at symlab.CloudAR.network.TransmissionTask.run(TransmissionTask.java:124)
11-05 12:37:38.541  9109  9143 W System.err: 	at android.os.Handler.handleCallback(Handler.java:907)
11-05 12:37:38.541  9109  9143 W System.err: 	at android.os.Handler.dispatchMessage(Handler.java:105)
11-05 12:37:38.541  9109  9143 W System.err: 	at android.os.Looper.loop(Looper.java:216)
11-05 12:37:38.541  9109  9143 W System.err: 	at android.os.HandlerThread.run(HandlerThread.java:65)
11-05 12:37:38.570  9109  9143 W System.err: java.net.SocketException: Message too long
11-05 12:37:38.570  9109  9143 W System.err: 	at sun.nio.ch.DatagramChannelImpl.send0(Native Method)
11-05 12:37:38.570  9109  9143 W System.err: 	at sun.nio.ch.DatagramChannelImpl.sendFromNativeBuffer(DatagramChannelImpl.java:573)
11-05 12:37:38.570  9109  9143 W System.err: 	at sun.nio.ch.DatagramChannelImpl.send(DatagramChannelImpl.java:550)
11-05 12:37:38.570  9109  9143 W System.err: 	at sun.nio.ch.DatagramChannelImpl.send(DatagramChannelImpl.java:514)
11-05 12:37:38.570  9109  9143 W System.err: 	at symlab.CloudAR.network.TransmissionTask.run(TransmissionTask.java:124)
11-05 12:37:38.570  9109  9143 W System.err: 	at android.os.Handler.handleCallback(Handler.java:907)
11-05 12:37:38.570  9109  9143 W System.err: 	at android.os.Handler.dispatchMessage(Handler.java:105)
11-05 12:37:38.570  9109  9143 W System.err: 	at android.os.Looper.loop(Looper.java:216)
11-05 12:37:38.570  9109  9143 W System.err: 	at android.os.HandlerThread.run(HandlerThread.java:65)
11-05 12:37:38.595  9109  9143 W System.err: java.net.SocketException: Message too long
11-05 12:37:38.595  9109  9143 W System.err: 	at sun.nio.ch.DatagramChannelImpl.send0(Native Method)
11-05 12:37:38.595  9109  9143 W System.err: 	at sun.nio.ch.DatagramChannelImpl.sendFromNativeBuffer(DatagramChannelImpl.java:573)
11-05 12:37:38.595  9109  9143 W System.err: 	at sun.nio.ch.DatagramChannelImpl.send(DatagramChannelImpl.java:550)
11-05 12:37:38.595  9109  9143 W System.err: 	at sun.nio.ch.DatagramChannelImpl.send(DatagramChannelImpl.java:514)
11-05 12:37:38.595  9109  9143 W System.err: 	at symlab.CloudAR.network.TransmissionTask.run(TransmissionTask.java:124)
11-05 12:37:38.595  9109  9143 W System.err: 	at android.os.Handler.handleCallback(Handler.java:907)
11-05 12:37:38.595  9109  9143 W System.err: 	at android.os.Handler.dispatchMessage(Handler.java:105)
11-05 12:37:38.595  9109  9143 W System.err: 	at android.os.Looper.loop(Looper.java:216)
11-05 12:37:38.595  9109  9143 W System.err: 	at android.os.HandlerThread.run(HandlerThread.java:65)
11-05 12:37:38.623  9109  9143 W System.err: java.net.SocketException: Message too long
11-05 12:37:38.623  9109  9143 W System.err: 	at sun.nio.ch.DatagramChannelImpl.send0(Native Method)
11-05 12:37:38.623  9109  9143 W System.err: 	at sun.nio.ch.DatagramChannelImpl.sendFromNativeBuffer(DatagramChannelImpl.java:573)
11-05 12:37:38.623  9109  9143 W System.err: 	at sun.nio.ch.DatagramChannelImpl.send(DatagramChannelImpl.java:550)
11-05 12:37:38.624  9109  9143 W System.err: 	at sun.nio.ch.DatagramChannelImpl.send(DatagramChannelImpl.java:514)
11-05 12:37:38.624  9109  9143 W System.err: 	at symlab.CloudAR.network.TransmissionTask.run(TransmissionTask.java:124)
11-05 12:37:38.624  9109  9143 W System.err: 	at android.os.Handler.handleCallback(Handler.java:907)
11-05 12:37:38.624  9109  9143 W System.err: 	at android.os.Handler.dispatchMessage(Handler.java:105)
11-05 12:37:38.624  9109  9143 W System.err: 	at android.os.Looper.loop(Looper.java:216)
11-05 12:37:38.624  9109  9143 W System.err: 	at android.os.HandlerThread.run(HandlerThread.java:65)
11-05 12:37:38.655  9109  9143 W System.err: java.net.SocketException: Message too long
11-05 12:37:38.655  9109  9143 W System.err: 	at sun.nio.ch.DatagramChannelImpl.send0(Native Method)
11-05 12:37:38.655  9109  9143 W System.err: 	at sun.nio.ch.DatagramChannelImpl.sendFromNativeBuffer(DatagramChannelImpl.java:573)
11-05 12:37:38.655  9109  9143 W System.err: 	at sun.nio.ch.DatagramChannelImpl.send(DatagramChannelImpl.java:550)
11-05 12:37:38.655  9109  9143 W System.err: 	at sun.nio.ch.DatagramChannelImpl.send(DatagramChannelImpl.java:514)
11-05 12:37:38.655  9109  9143 W System.err: 	at symlab.CloudAR.network.TransmissionTask.run(TransmissionTask.java:124)
11-05 12:37:38.655  9109  9143 W System.err: 	at android.os.Handler.handleCallback(Handler.java:907)
11-05 12:37:38.655  9109  9143 W System.err: 	at android.os.Handler.dispatchMessage(Handler.java:105)
11-05 12:37:38.655  9109  9143 W System.err: 	at android.os.Looper.loop(Looper.java:216)
11-05 12:37:38.655  9109  9143 W System.err: 	at android.os.HandlerThread.run(HandlerThread.java:65)
11-05 12:37:38.696  9109  9143 W System.err: java.net.SocketException: Message too long
11-05 12:37:38.696  9109  9143 W System.err: 	at sun.nio.ch.DatagramChannelImpl.send0(Native Method)
11-05 12:37:38.697  9109  9143 W System.err: 	at sun.nio.ch.DatagramChannelImpl.sendFromNativeBuffer(DatagramChannelImpl.java:573)
11-05 12:37:38.697  9109  9143 W System.err: 	at sun.nio.ch.DatagramChannelImpl.send(DatagramChannelImpl.java:550)
11-05 12:37:38.697  9109  9143 W System.err: 	at sun.nio.ch.DatagramChannelImpl.send(DatagramChannelImpl.java:514)
11-05 12:37:38.697  9109  9143 W System.err: 	at symlab.CloudAR.network.TransmissionTask.run(TransmissionTask.java:124)
11-05 12:37:38.697  9109  9143 W System.err: 	at android.os.Handler.handleCallback(Handler.java:907)
11-05 12:37:38.697  9109  9143 W System.err: 	at android.os.Handler.dispatchMessage(Handler.java:105)
11-05 12:37:38.697  9109  9143 W System.err: 	at android.os.Looper.loop(Looper.java:216)
11-05 12:37:38.697  9109  9143 W System.err: 	at android.os.HandlerThread.run(HandlerThread.java:65)
11-05 12:37:38.720  9109  9143 W System.err: java.net.SocketException: Message too long
11-05 12:37:38.720  9109  9143 W System.err: 	at sun.nio.ch.DatagramChannelImpl.send0(Native Method)
11-05 12:37:38.720  9109  9143 W System.err: 	at sun.nio.ch.DatagramChannelImpl.sendFromNativeBuffer(DatagramChannelImpl.java:573)
11-05 12:37:38.720  9109  9143 W System.err: 	at sun.nio.ch.DatagramChannelImpl.send(DatagramChannelImpl.java:550)
11-05 12:37:38.720  9109  9143 W System.err: 	at sun.nio.ch.DatagramChannelImpl.send(DatagramChannelImpl.java:514)
11-05 12:37:38.721  9109  9143 W System.err: 	at symlab.CloudAR.network.TransmissionTask.run(TransmissionTask.java:124)
11-05 12:37:38.721  9109  9143 W System.err: 	at android.os.Handler.handleCallback(Handler.java:907)
11-05 12:37:38.721  9109  9143 W System.err: 	at android.os.Handler.dispatchMessage(Handler.java:105)
11-05 12:37:38.721  9109  9143 W System.err: 	at android.os.Looper.loop(Looper.java:216)
11-05 12:37:38.721  9109  9143 W System.err: 	at android.os.HandlerThread.run(HandlerThread.java:65)
11-05 12:37:38.762  9109  9143 W System.err: java.net.SocketException: Message too long
11-05 12:37:38.762  9109  9143 W System.err: 	at sun.nio.ch.DatagramChannelImpl.send0(Native Method)
11-05 12:37:38.762  9109  9143 W System.err: 	at sun.nio.ch.DatagramChannelImpl.sendFromNativeBuffer(DatagramChannelImpl.java:573)
11-05 12:37:38.762  9109  9143 W System.err: 	at sun.nio.ch.DatagramChannelImpl.send(DatagramChannelImpl.java:550)
11-05 12:37:38.762  9109  9143 W System.err: 	at sun.nio.ch.DatagramChannelImpl.send(DatagramChannelImpl.java:514)
11-05 12:37:38.762  9109  9143 W System.err: 	at symlab.CloudAR.network.TransmissionTask.run(TransmissionTask.java:124)
11-05 12:37:38.762  9109  9143 W System.err: 	at android.os.Handler.handleCallback(Handler.java:907)
11-05 12:37:38.762  9109  9143 W System.err: 	at android.os.Handler.dispatchMessage(Handler.java:105)
11-05 12:37:38.762  9109  9143 W System.err: 	at android.os.Looper.loop(Looper.java:216)
11-05 12:37:38.762  9109  9143 W System.err: 	at android.os.HandlerThread.run(HandlerThread.java:65)
11-05 12:37:38.790  9109  9143 W System.err: java.net.SocketException: Message too long
11-05 12:37:38.790  9109  9143 W System.err: 	at sun.nio.ch.DatagramChannelImpl.send0(Native Method)
11-05 12:37:38.790  9109  9143 W System.err: 	at sun.nio.ch.DatagramChannelImpl.sendFromNativeBuffer(DatagramChannelImpl.java:573)
11-05 12:37:38.790  9109  9143 W System.err: 	at sun.nio.ch.DatagramChannelImpl.send(DatagramChannelImpl.java:550)
11-05 12:37:38.790  9109  9143 W System.err: 	at sun.nio.ch.DatagramChannelImpl.send(DatagramChannelImpl.java:514)
11-05 12:37:38.790  9109  9143 W System.err: 	at symlab.CloudAR.network.TransmissionTask.run(TransmissionTask.java:124)
11-05 12:37:38.790  9109  9143 W System.err: 	at android.os.Handler.handleCallback(Handler.java:907)
11-05 12:37:38.790  9109  9143 W System.err: 	at android.os.Handler.dispatchMessage(Handler.java:105)
11-05 12:37:38.790  9109  9143 W System.err: 	at android.os.Looper.loop(Looper.java:216)
11-05 12:37:38.790  9109  9143 W System.err: 	at android.os.HandlerThread.run(HandlerThread.java:65)
11-05 12:37:38.822  9109  9143 W System.err: java.net.SocketException: Message too long
11-05 12:37:38.822  9109  9143 W System.err: 	at sun.nio.ch.DatagramChannelImpl.send0(Native Method)
11-05 12:37:38.822  9109  9143 W System.err: 	at sun.nio.ch.DatagramChannelImpl.sendFromNativeBuffer(DatagramChannelImpl.java:573)
11-05 12:37:38.822  9109  9143 W System.err: 	at sun.nio.ch.DatagramChannelImpl.send(DatagramChannelImpl.java:550)
11-05 12:37:38.822  9109  9143 W System.err: 	at sun.nio.ch.DatagramChannelImpl.send(DatagramChannelImpl.java:514)
11-05 12:37:38.822  9109  9143 W System.err: 	at symlab.CloudAR.network.TransmissionTask.run(TransmissionTask.java:124)
11-05 12:37:38.822  9109  9143 W System.err: 	at android.os.Handler.handleCallback(Handler.java:907)
11-05 12:37:38.822  9109  9143 W System.err: 	at android.os.Handler.dispatchMessage(Handler.java:105)
11-05 12:37:38.822  9109  9143 W System.err: 	at android.os.Looper.loop(Looper.java:216)
11-05 12:37:38.822  9109  9143 W System.err: 	at android.os.HandlerThread.run(HandlerThread.java:65)
11-05 12:37:38.885  9109  9143 W System.err: java.net.SocketException: Message too long
11-05 12:37:38.885  9109  9143 W System.err: 	at sun.nio.ch.DatagramChannelImpl.send0(Native Method)
11-05 12:37:38.885  9109  9143 W System.err: 	at sun.nio.ch.DatagramChannelImpl.sendFromNativeBuffer(DatagramChannelImpl.java:573)
11-05 12:37:38.885  9109  9143 W System.err: 	at sun.nio.ch.DatagramChannelImpl.send(DatagramChannelImpl.java:550)
11-05 12:37:38.885  9109  9143 W System.err: 	at sun.nio.ch.DatagramChannelImpl.send(DatagramChannelImpl.java:514)
11-05 12:37:38.885  9109  9143 W System.err: 	at symlab.CloudAR.network.TransmissionTask.run(TransmissionTask.java:124)
11-05 12:37:38.885  9109  9143 W System.err: 	at android.os.Handler.handleCallback(Handler.java:907)
11-05 12:37:38.886  9109  9143 W System.err: 	at android.os.Handler.dispatchMessage(Handler.java:105)
11-05 12:37:38.886  9109  9143 W System.err: 	at android.os.Looper.loop(Looper.java:216)
11-05 12:37:38.886  9109  9143 W System.err: 	at android.os.HandlerThread.run(HandlerThread.java:65)
11-05 12:37:38.916  9109  9120 E         : [ZeroHung]zrhung_get_config: Get config failed for wp[0x0008]
11-05 12:37:38.917  9109  9143 W System.err: java.net.SocketException: Message too long
11-05 12:37:38.917  9109  9143 W System.err: 	at sun.nio.ch.DatagramChannelImpl.send0(Native Method)
11-05 12:37:38.917  9109  9143 W System.err: 	at sun.nio.ch.DatagramChannelImpl.sendFromNativeBuffer(DatagramChannelImpl.java:573)
11-05 12:37:38.917  9109  9143 W System.err: 	at sun.nio.ch.DatagramChannelImpl.send(DatagramChannelImpl.java:550)
11-05 12:37:38.917  9109  9143 W System.err: 	at sun.nio.ch.DatagramChannelImpl.send(DatagramChannelImpl.java:514)
11-05 12:37:38.917  9109  9143 W System.err: 	at symlab.CloudAR.network.TransmissionTask.run(TransmissionTask.java:124)
11-05 12:37:38.917  9109  9143 W System.err: 	at android.os.Handler.handleCallback(Handler.java:907)
11-05 12:37:38.917  9109  9143 W System.err: 	at android.os.Handler.dispatchMessage(Handler.java:105)
11-05 12:37:38.917  9109  9143 W System.err: 	at android.os.Looper.loop(Looper.java:216)
11-05 12:37:38.917  9109  9143 W System.err: 	at android.os.HandlerThread.run(HandlerThread.java:65)
11-05 12:37:38.937  9109  9118 W System  : A resource failed to call close. 
11-05 12:37:38.937  9109  9118 W System  : A resource failed to call close. 
11-05 12:37:38.953  9109  9143 W System.err: java.net.SocketException: Message too long
11-05 12:37:38.953  9109  9143 W System.err: 	at sun.nio.ch.DatagramChannelImpl.send0(Native Method)
11-05 12:37:38.954  9109  9143 W System.err: 	at sun.nio.ch.DatagramChannelImpl.sendFromNativeBuffer(DatagramChannelImpl.java:573)
11-05 12:37:38.954  9109  9143 W System.err: 	at sun.nio.ch.DatagramChannelImpl.send(DatagramChannelImpl.java:550)
11-05 12:37:38.954  9109  9143 W System.err: 	at sun.nio.ch.DatagramChannelImpl.send(DatagramChannelImpl.java:514)
11-05 12:37:38.954  9109  9143 W System.err: 	at symlab.CloudAR.network.TransmissionTask.run(TransmissionTask.java:124)
11-05 12:37:38.954  9109  9143 W System.err: 	at android.os.Handler.handleCallback(Handler.java:907)
11-05 12:37:38.954  9109  9143 W System.err: 	at android.os.Handler.dispatchMessage(Handler.java:105)
11-05 12:37:38.954  9109  9143 W System.err: 	at android.os.Looper.loop(Looper.java:216)
11-05 12:37:38.954  9109  9143 W System.err: 	at android.os.HandlerThread.run(HandlerThread.java:65)
11-05 12:37:38.976  9109  9143 W System.err: java.net.SocketException: Message too long
11-05 12:37:38.976  9109  9143 W System.err: 	at sun.nio.ch.DatagramChannelImpl.send0(Native Method)
11-05 12:37:38.976  9109  9143 W System.err: 	at sun.nio.ch.DatagramChannelImpl.sendFromNativeBuffer(DatagramChannelImpl.java:573)
11-05 12:37:38.976  9109  9143 W System.err: 	at sun.nio.ch.DatagramChannelImpl.send(DatagramChannelImpl.java:550)
11-05 12:37:38.976  9109  9143 W System.err: 	at sun.nio.ch.DatagramChannelImpl.send(DatagramChannelImpl.java:514)
11-05 12:37:38.976  9109  9143 W System.err: 	at symlab.CloudAR.network.TransmissionTask.run(TransmissionTask.java:124)
11-05 12:37:38.976  9109  9143 W System.err: 	at android.os.Handler.handleCallback(Handler.java:907)
11-05 12:37:38.976  9109  9143 W System.err: 	at android.os.Handler.dispatchMessage(Handler.java:105)
11-05 12:37:38.976  9109  9143 W System.err: 	at android.os.Looper.loop(Looper.java:216)
11-05 12:37:38.976  9109  9143 W System.err: 	at android.os.HandlerThread.run(HandlerThread.java:65)
11-05 12:37:38.983  9109  9109 D Poster  : At 1572950258983 location is 65.0585476108633 (latitude), and 25.46923450349342 (longitude)
11-05 12:37:39.015  9109  9143 W System.err: java.net.SocketException: Message too long
11-05 12:37:39.015  9109  9143 W System.err: 	at sun.nio.ch.DatagramChannelImpl.send0(Native Method)
11-05 12:37:39.015  9109  9143 W System.err: 	at sun.nio.ch.DatagramChannelImpl.sendFromNativeBuffer(DatagramChannelImpl.java:573)
11-05 12:37:39.015  9109  9143 W System.err: 	at sun.nio.ch.DatagramChannelImpl.send(DatagramChannelImpl.java:550)
11-05 12:37:39.015  9109  9143 W System.err: 	at sun.nio.ch.DatagramChannelImpl.send(DatagramChannelImpl.java:514)
11-05 12:37:39.015  9109  9143 W System.err: 	at symlab.CloudAR.network.TransmissionTask.run(TransmissionTask.java:124)
11-05 12:37:39.015  9109  9143 W System.err: 	at android.os.Handler.handleCallback(Handler.java:907)
11-05 12:37:39.015  9109  9143 W System.err: 	at android.os.Handler.dispatchMessage(Handler.java:105)
11-05 12:37:39.015  9109  9143 W System.err: 	at android.os.Looper.loop(Looper.java:216)
11-05 12:37:39.015  9109  9143 W System.err: 	at android.os.HandlerThread.run(HandlerThread.java:65)
11-05 12:37:39.054  9109  9143 W System.err: java.net.SocketException: Message too long
11-05 12:37:39.054  9109  9143 W System.err: 	at sun.nio.ch.DatagramChannelImpl.send0(Native Method)
11-05 12:37:39.055  9109  9143 W System.err: 	at sun.nio.ch.DatagramChannelImpl.sendFromNativeBuffer(DatagramChannelImpl.java:573)
11-05 12:37:39.055  9109  9143 W System.err: 	at sun.nio.ch.DatagramChannelImpl.send(DatagramChannelImpl.java:550)
11-05 12:37:39.055  9109  9143 W System.err: 	at sun.nio.ch.DatagramChannelImpl.send(DatagramChannelImpl.java:514)
11-05 12:37:39.055  9109  9143 W System.err: 	at symlab.CloudAR.network.TransmissionTask.run(TransmissionTask.java:124)
11-05 12:37:39.055  9109  9143 W System.err: 	at android.os.Handler.handleCallback(Handler.java:907)
11-05 12:37:39.055  9109  9143 W System.err: 	at android.os.Handler.dispatchMessage(Handler.java:105)
11-05 12:37:39.055  9109  9143 W System.err: 	at android.os.Looper.loop(Looper.java:216)
11-05 12:37:39.055  9109  9143 W System.err: 	at android.os.HandlerThread.run(HandlerThread.java:65)
11-05 12:37:39.087  9109  9143 W System.err: java.net.SocketException: Message too long
11-05 12:37:39.087  9109  9143 W System.err: 	at sun.nio.ch.DatagramChannelImpl.send0(Native Method)
11-05 12:37:39.087  9109  9143 W System.err: 	at sun.nio.ch.DatagramChannelImpl.sendFromNativeBuffer(DatagramChannelImpl.java:573)
11-05 12:37:39.087  9109  9143 W System.err: 	at sun.nio.ch.DatagramChannelImpl.send(DatagramChannelImpl.java:550)
11-05 12:37:39.088  9109  9143 W System.err: 	at sun.nio.ch.DatagramChannelImpl.send(DatagramChannelImpl.java:514)
11-05 12:37:39.088  9109  9143 W System.err: 	at symlab.CloudAR.network.TransmissionTask.run(TransmissionTask.java:124)
11-05 12:37:39.088  9109  9143 W System.err: 	at android.os.Handler.handleCallback(Handler.java:907)
11-05 12:37:39.088  9109  9143 W System.err: 	at android.os.Handler.dispatchMessage(Handler.java:105)
11-05 12:37:39.088  9109  9143 W System.err: 	at android.os.Looper.loop(Looper.java:216)
11-05 12:37:39.088  9109  9143 W System.err: 	at android.os.HandlerThread.run(HandlerThread.java:65)
11-05 12:37:39.126  9109  9143 W System.err: java.net.SocketException: Message too long
11-05 12:37:39.126  9109  9143 W System.err: 	at sun.nio.ch.DatagramChannelImpl.send0(Native Method)
11-05 12:37:39.126  9109  9143 W System.err: 	at sun.nio.ch.DatagramChannelImpl.sendFromNativeBuffer(DatagramChannelImpl.java:573)
11-05 12:37:39.126  9109  9143 W System.err: 	at sun.nio.ch.DatagramChannelImpl.send(DatagramChannelImpl.java:550)
11-05 12:37:39.126  9109  9143 W System.err: 	at sun.nio.ch.DatagramChannelImpl.send(DatagramChannelImpl.java:514)
11-05 12:37:39.126  9109  9143 W System.err: 	at symlab.CloudAR.network.TransmissionTask.run(TransmissionTask.java:124)
11-05 12:37:39.127  9109  9143 W System.err: 	at android.os.Handler.handleCallback(Handler.java:907)
11-05 12:37:39.127  9109  9143 W System.err: 	at android.os.Handler.dispatchMessage(Handler.java:105)
11-05 12:37:39.127  9109  9143 W System.err: 	at android.os.Looper.loop(Looper.java:216)
11-05 12:37:39.127  9109  9143 W System.err: 	at android.os.HandlerThread.run(HandlerThread.java:65)
11-05 12:37:39.157  9109  9143 W System.err: java.net.SocketException: Message too long
11-05 12:37:39.157  9109  9143 W System.err: 	at sun.nio.ch.DatagramChannelImpl.send0(Native Method)
11-05 12:37:39.157  9109  9143 W System.err: 	at sun.nio.ch.DatagramChannelImpl.sendFromNativeBuffer(DatagramChannelImpl.java:573)
11-05 12:37:39.157  9109  9143 W System.err: 	at sun.nio.ch.DatagramChannelImpl.send(DatagramChannelImpl.java:550)
11-05 12:37:39.158  9109  9143 W System.err: 	at sun.nio.ch.DatagramChannelImpl.send(DatagramChannelImpl.java:514)
11-05 12:37:39.158  9109  9143 W System.err: 	at symlab.CloudAR.network.TransmissionTask.run(TransmissionTask.java:124)
11-05 12:37:39.158  9109  9143 W System.err: 	at android.os.Handler.handleCallback(Handler.java:907)
11-05 12:37:39.158  9109  9143 W System.err: 	at android.os.Handler.dispatchMessage(Handler.java:105)
11-05 12:37:39.158  9109  9143 W System.err: 	at android.os.Looper.loop(Looper.java:216)
11-05 12:37:39.158  9109  9143 W System.err: 	at android.os.HandlerThread.run(HandlerThread.java:65)
11-05 12:37:39.191  9109  9143 W System.err: java.net.SocketException: Message too long
11-05 12:37:39.192  9109  9143 W System.err: 	at sun.nio.ch.DatagramChannelImpl.send0(Native Method)
11-05 12:37:39.192  9109  9143 W System.err: 	at sun.nio.ch.DatagramChannelImpl.sendFromNativeBuffer(DatagramChannelImpl.java:573)
11-05 12:37:39.192  9109  9143 W System.err: 	at sun.nio.ch.DatagramChannelImpl.send(DatagramChannelImpl.java:550)
11-05 12:37:39.192  9109  9143 W System.err: 	at sun.nio.ch.DatagramChannelImpl.send(DatagramChannelImpl.java:514)
11-05 12:37:39.192  9109  9143 W System.err: 	at symlab.CloudAR.network.TransmissionTask.run(TransmissionTask.java:124)
11-05 12:37:39.192  9109  9143 W System.err: 	at android.os.Handler.handleCallback(Handler.java:907)
11-05 12:37:39.192  9109  9143 W System.err: 	at android.os.Handler.dispatchMessage(Handler.java:105)
11-05 12:37:39.192  9109  9143 W System.err: 	at android.os.Looper.loop(Looper.java:216)
11-05 12:37:39.192  9109  9143 W System.err: 	at android.os.HandlerThread.run(HandlerThread.java:65)
11-05 12:37:39.238  9109  9143 W System.err: java.net.SocketException: Message too long
11-05 12:37:39.238  9109  9143 W System.err: 	at sun.nio.ch.DatagramChannelImpl.send0(Native Method)
11-05 12:37:39.238  9109  9143 W System.err: 	at sun.nio.ch.DatagramChannelImpl.sendFromNativeBuffer(DatagramChannelImpl.java:573)
11-05 12:37:39.238  9109  9143 W System.err: 	at sun.nio.ch.DatagramChannelImpl.send(DatagramChannelImpl.java:550)
11-05 12:37:39.238  9109  9143 W System.err: 	at sun.nio.ch.DatagramChannelImpl.send(DatagramChannelImpl.java:514)
11-05 12:37:39.238  9109  9143 W System.err: 	at symlab.CloudAR.network.TransmissionTask.run(TransmissionTask.java:124)
11-05 12:37:39.238  9109  9143 W System.err: 	at android.os.Handler.handleCallback(Handler.java:907)
11-05 12:37:39.238  9109  9143 W System.err: 	at android.os.Handler.dispatchMessage(Handler.java:105)
11-05 12:37:39.238  9109  9143 W System.err: 	at android.os.Looper.loop(Looper.java:216)
11-05 12:37:39.238  9109  9143 W System.err: 	at android.os.HandlerThread.run(HandlerThread.java:65)
11-05 12:37:39.265  9109  9143 W System.err: java.net.SocketException: Message too long
11-05 12:37:39.265  9109  9143 W System.err: 	at sun.nio.ch.DatagramChannelImpl.send0(Native Method)
11-05 12:37:39.265  9109  9143 W System.err: 	at sun.nio.ch.DatagramChannelImpl.sendFromNativeBuffer(DatagramChannelImpl.java:573)
11-05 12:37:39.265  9109  9143 W System.err: 	at sun.nio.ch.DatagramChannelImpl.send(DatagramChannelImpl.java:550)
11-05 12:37:39.265  9109  9143 W System.err: 	at sun.nio.ch.DatagramChannelImpl.send(DatagramChannelImpl.java:514)
11-05 12:37:39.265  9109  9143 W System.err: 	at symlab.CloudAR.network.TransmissionTask.run(TransmissionTask.java:124)
11-05 12:37:39.265  9109  9143 W System.err: 	at android.os.Handler.handleCallback(Handler.java:907)
11-05 12:37:39.265  9109  9143 W System.err: 	at android.os.Handler.dispatchMessage(Handler.java:105)
11-05 12:37:39.265  9109  9143 W System.err: 	at android.os.Looper.loop(Looper.java:216)
11-05 12:37:39.265  9109  9143 W System.err: 	at android.os.HandlerThread.run(HandlerThread.java:65)
11-05 12:37:39.302  9109  9143 W System.err: java.net.SocketException: Message too long
11-05 12:37:39.302  9109  9143 W System.err: 	at sun.nio.ch.DatagramChannelImpl.send0(Native Method)
11-05 12:37:39.302  9109  9143 W System.err: 	at sun.nio.ch.DatagramChannelImpl.sendFromNativeBuffer(DatagramChannelImpl.java:573)
11-05 12:37:39.302  9109  9143 W System.err: 	at sun.nio.ch.DatagramChannelImpl.send(DatagramChannelImpl.java:550)
11-05 12:37:39.302  9109  9143 W System.err: 	at sun.nio.ch.DatagramChannelImpl.send(DatagramChannelImpl.java:514)
11-05 12:37:39.302  9109  9143 W System.err: 	at symlab.CloudAR.network.TransmissionTask.run(TransmissionTask.java:124)
11-05 12:37:39.303  9109  9143 W System.err: 	at android.os.Handler.handleCallback(Handler.java:907)
11-05 12:37:39.303  9109  9143 W System.err: 	at android.os.Handler.dispatchMessage(Handler.java:105)
11-05 12:37:39.303  9109  9143 W System.err: 	at android.os.Looper.loop(Looper.java:216)
11-05 12:37:39.303  9109  9143 W System.err: 	at android.os.HandlerThread.run(HandlerThread.java:65)
11-05 12:37:39.332  9109  9143 W System.err: java.net.SocketException: Message too long
11-05 12:37:39.332  9109  9143 W System.err: 	at sun.nio.ch.DatagramChannelImpl.send0(Native Method)
11-05 12:37:39.333  9109  9143 W System.err: 	at sun.nio.ch.DatagramChannelImpl.sendFromNativeBuffer(DatagramChannelImpl.java:573)
11-05 12:37:39.333  9109  9143 W System.err: 	at sun.nio.ch.DatagramChannelImpl.send(DatagramChannelImpl.java:550)
11-05 12:37:39.333  9109  9143 W System.err: 	at sun.nio.ch.DatagramChannelImpl.send(DatagramChannelImpl.java:514)
11-05 12:37:39.333  9109  9143 W System.err: 	at symlab.CloudAR.network.TransmissionTask.run(TransmissionTask.java:124)
11-05 12:37:39.333  9109  9143 W System.err: 	at android.os.Handler.handleCallback(Handler.java:907)
11-05 12:37:39.333  9109  9143 W System.err: 	at android.os.Handler.dispatchMessage(Handler.java:105)
11-05 12:37:39.333  9109  9143 W System.err: 	at android.os.Looper.loop(Looper.java:216)
11-05 12:37:39.333  9109  9143 W System.err: 	at android.os.HandlerThread.run(HandlerThread.java:65)
11-05 12:37:39.366  9109  9143 W System.err: java.net.SocketException: Message too long
11-05 12:37:39.366  9109  9143 W System.err: 	at sun.nio.ch.DatagramChannelImpl.send0(Native Method)
11-05 12:37:39.366  9109  9143 W System.err: 	at sun.nio.ch.DatagramChannelImpl.sendFromNativeBuffer(DatagramChannelImpl.java:573)
11-05 12:37:39.366  9109  9143 W System.err: 	at sun.nio.ch.DatagramChannelImpl.send(DatagramChannelImpl.java:550)
11-05 12:37:39.366  9109  9143 W System.err: 	at sun.nio.ch.DatagramChannelImpl.send(DatagramChannelImpl.java:514)
11-05 12:37:39.366  9109  9143 W System.err: 	at symlab.CloudAR.network.TransmissionTask.run(TransmissionTask.java:124)
11-05 12:37:39.366  9109  9143 W System.err: 	at android.os.Handler.handleCallback(Handler.java:907)
11-05 12:37:39.367  9109  9143 W System.err: 	at android.os.Handler.dispatchMessage(Handler.java:105)
11-05 12:37:39.367  9109  9143 W System.err: 	at android.os.Looper.loop(Looper.java:216)
11-05 12:37:39.367  9109  9143 W System.err: 	at android.os.HandlerThread.run(HandlerThread.java:65)
11-05 12:37:39.398  9109  9143 W System.err: java.net.SocketException: Message too long
11-05 12:37:39.398  9109  9143 W System.err: 	at sun.nio.ch.DatagramChannelImpl.send0(Native Method)
11-05 12:37:39.398  9109  9143 W System.err: 	at sun.nio.ch.DatagramChannelImpl.sendFromNativeBuffer(DatagramChannelImpl.java:573)
11-05 12:37:39.398  9109  9143 W System.err: 	at sun.nio.ch.DatagramChannelImpl.send(DatagramChannelImpl.java:550)
11-05 12:37:39.398  9109  9143 W System.err: 	at sun.nio.ch.DatagramChannelImpl.send(DatagramChannelImpl.java:514)
11-05 12:37:39.399  9109  9143 W System.err: 	at symlab.CloudAR.network.TransmissionTask.run(TransmissionTask.java:124)
11-05 12:37:39.399  9109  9143 W System.err: 	at android.os.Handler.handleCallback(Handler.java:907)
11-05 12:37:39.399  9109  9143 W System.err: 	at android.os.Handler.dispatchMessage(Handler.java:105)
11-05 12:37:39.399  9109  9143 W System.err: 	at android.os.Looper.loop(Looper.java:216)
11-05 12:37:39.399  9109  9143 W System.err: 	at android.os.HandlerThread.run(HandlerThread.java:65)
11-05 12:37:39.423  9109  9143 W System.err: java.net.SocketException: Message too long
11-05 12:37:39.423  9109  9143 W System.err: 	at sun.nio.ch.DatagramChannelImpl.send0(Native Method)
11-05 12:37:39.423  9109  9143 W System.err: 	at sun.nio.ch.DatagramChannelImpl.sendFromNativeBuffer(DatagramChannelImpl.java:573)
11-05 12:37:39.424  9109  9143 W System.err: 	at sun.nio.ch.DatagramChannelImpl.send(DatagramChannelImpl.java:550)
11-05 12:37:39.424  9109  9143 W System.err: 	at sun.nio.ch.DatagramChannelImpl.send(DatagramChannelImpl.java:514)
11-05 12:37:39.424  9109  9143 W System.err: 	at symlab.CloudAR.network.TransmissionTask.run(TransmissionTask.java:124)
11-05 12:37:39.424  9109  9143 W System.err: 	at android.os.Handler.handleCallback(Handler.java:907)
11-05 12:37:39.424  9109  9143 W System.err: 	at android.os.Handler.dispatchMessage(Handler.java:105)
11-05 12:37:39.424  9109  9143 W System.err: 	at android.os.Looper.loop(Looper.java:216)
11-05 12:37:39.424  9109  9143 W System.err: 	at android.os.HandlerThread.run(HandlerThread.java:65)
11-05 12:37:39.476  9109  9143 W System.err: java.net.SocketException: Message too long
11-05 12:37:39.476  9109  9143 W System.err: 	at sun.nio.ch.DatagramChannelImpl.send0(Native Method)
11-05 12:37:39.476  9109  9143 W System.err: 	at sun.nio.ch.DatagramChannelImpl.sendFromNativeBuffer(DatagramChannelImpl.java:573)
11-05 12:37:39.476  9109  9143 W System.err: 	at sun.nio.ch.DatagramChannelImpl.send(DatagramChannelImpl.java:550)
11-05 12:37:39.476  9109  9143 W System.err: 	at sun.nio.ch.DatagramChannelImpl.send(DatagramChannelImpl.java:514)
11-05 12:37:39.476  9109  9143 W System.err: 	at symlab.CloudAR.network.TransmissionTask.run(TransmissionTask.java:124)
11-05 12:37:39.476  9109  9143 W System.err: 	at android.os.Handler.handleCallback(Handler.java:907)
11-05 12:37:39.476  9109  9143 W System.err: 	at android.os.Handler.dispatchMessage(Handler.java:105)
11-05 12:37:39.476  9109  9143 W System.err: 	at android.os.Looper.loop(Looper.java:216)
11-05 12:37:39.476  9109  9143 W System.err: 	at android.os.HandlerThread.run(HandlerThread.java:65)
11-05 12:37:39.502  9109  9143 W System.err: java.net.SocketException: Message too long
11-05 12:37:39.502  9109  9143 W System.err: 	at sun.nio.ch.DatagramChannelImpl.send0(Native Method)
11-05 12:37:39.502  9109  9143 W System.err: 	at sun.nio.ch.DatagramChannelImpl.sendFromNativeBuffer(DatagramChannelImpl.java:573)
11-05 12:37:39.502  9109  9143 W System.err: 	at sun.nio.ch.DatagramChannelImpl.send(DatagramChannelImpl.java:550)
11-05 12:37:39.502  9109  9143 W System.err: 	at sun.nio.ch.DatagramChannelImpl.send(DatagramChannelImpl.java:514)
11-05 12:37:39.502  9109  9143 W System.err: 	at symlab.CloudAR.network.TransmissionTask.run(TransmissionTask.java:124)
11-05 12:37:39.502  9109  9143 W System.err: 	at android.os.Handler.handleCallback(Handler.java:907)
11-05 12:37:39.502  9109  9143 W System.err: 	at android.os.Handler.dispatchMessage(Handler.java:105)
11-05 12:37:39.502  9109  9143 W System.err: 	at android.os.Looper.loop(Looper.java:216)
11-05 12:37:39.502  9109  9143 W System.err: 	at android.os.HandlerThread.run(HandlerThread.java:65)
11-05 12:37:39.533  9109  9143 W System.err: java.net.SocketException: Message too long
11-05 12:37:39.533  9109  9143 W System.err: 	at sun.nio.ch.DatagramChannelImpl.send0(Native Method)
11-05 12:37:39.533  9109  9143 W System.err: 	at sun.nio.ch.DatagramChannelImpl.sendFromNativeBuffer(DatagramChannelImpl.java:573)
11-05 12:37:39.533  9109  9143 W System.err: 	at sun.nio.ch.DatagramChannelImpl.send(DatagramChannelImpl.java:550)
11-05 12:37:39.533  9109  9143 W System.err: 	at sun.nio.ch.DatagramChannelImpl.send(DatagramChannelImpl.java:514)
11-05 12:37:39.533  9109  9143 W System.err: 	at symlab.CloudAR.network.TransmissionTask.run(TransmissionTask.java:124)
11-05 12:37:39.533  9109  9143 W System.err: 	at android.os.Handler.handleCallback(Handler.java:907)
11-05 12:37:39.533  9109  9143 W System.err: 	at android.os.Handler.dispatchMessage(Handler.java:105)
11-05 12:37:39.533  9109  9143 W System.err: 	at android.os.Looper.loop(Looper.java:216)
11-05 12:37:39.533  9109  9143 W System.err: 	at android.os.HandlerThread.run(HandlerThread.java:65)
11-05 12:37:39.567  9109  9143 W System.err: java.net.SocketException: Message too long
11-05 12:37:39.567  9109  9143 W System.err: 	at sun.nio.ch.DatagramChannelImpl.send0(Native Method)
11-05 12:37:39.567  9109  9143 W System.err: 	at sun.nio.ch.DatagramChannelImpl.sendFromNativeBuffer(DatagramChannelImpl.java:573)
11-05 12:37:39.567  9109  9143 W System.err: 	at sun.nio.ch.DatagramChannelImpl.send(DatagramChannelImpl.java:550)
11-05 12:37:39.567  9109  9143 W System.err: 	at sun.nio.ch.DatagramChannelImpl.send(DatagramChannelImpl.java:514)
11-05 12:37:39.567  9109  9143 W System.err: 	at symlab.CloudAR.network.TransmissionTask.run(TransmissionTask.java:124)
11-05 12:37:39.567  9109  9143 W System.err: 	at android.os.Handler.handleCallback(Handler.java:907)
11-05 12:37:39.567  9109  9143 W System.err: 	at android.os.Handler.dispatchMessage(Handler.java:105)
11-05 12:37:39.567  9109  9143 W System.err: 	at android.os.Looper.loop(Looper.java:216)
11-05 12:37:39.567  9109  9143 W System.err: 	at android.os.HandlerThread.run(HandlerThread.java:65)
11-05 12:37:39.598  9109  9120 E         : [ZeroHung]zrhung_get_config: Get config failed for wp[0x0008]
11-05 12:37:39.598  9109  9143 W System.err: java.net.SocketException: Message too long
11-05 12:37:39.598  9109  9143 W System.err: 	at sun.nio.ch.DatagramChannelImpl.send0(Native Method)
11-05 12:37:39.598  9109  9143 W System.err: 	at sun.nio.ch.DatagramChannelImpl.sendFromNativeBuffer(DatagramChannelImpl.java:573)
11-05 12:37:39.598  9109  9143 W System.err: 	at sun.nio.ch.DatagramChannelImpl.send(DatagramChannelImpl.java:550)
11-05 12:37:39.599  9109  9143 W System.err: 	at sun.nio.ch.DatagramChannelImpl.send(DatagramChannelImpl.java:514)
11-05 12:37:39.599  9109  9143 W System.err: 	at symlab.CloudAR.network.TransmissionTask.run(TransmissionTask.java:124)
11-05 12:37:39.599  9109  9143 W System.err: 	at android.os.Handler.handleCallback(Handler.java:907)
11-05 12:37:39.599  9109  9143 W System.err: 	at android.os.Handler.dispatchMessage(Handler.java:105)
11-05 12:37:39.599  9109  9143 W System.err: 	at android.os.Looper.loop(Looper.java:216)
11-05 12:37:39.599  9109  9143 W System.err: 	at android.os.HandlerThread.run(HandlerThread.java:65)
11-05 12:37:39.666  9109  9143 W System.err: java.net.SocketException: Message too long
11-05 12:37:39.666  9109  9143 W System.err: 	at sun.nio.ch.DatagramChannelImpl.send0(Native Method)
11-05 12:37:39.666  9109  9143 W System.err: 	at sun.nio.ch.DatagramChannelImpl.sendFromNativeBuffer(DatagramChannelImpl.java:573)
11-05 12:37:39.666  9109  9143 W System.err: 	at sun.nio.ch.DatagramChannelImpl.send(DatagramChannelImpl.java:550)
11-05 12:37:39.666  9109  9143 W System.err: 	at sun.nio.ch.DatagramChannelImpl.send(DatagramChannelImpl.java:514)
11-05 12:37:39.666  9109  9143 W System.err: 	at symlab.CloudAR.network.TransmissionTask.run(TransmissionTask.java:124)
11-05 12:37:39.666  9109  9143 W System.err: 	at android.os.Handler.handleCallback(Handler.java:907)
11-05 12:37:39.666  9109  9143 W System.err: 	at android.os.Handler.dispatchMessage(Handler.java:105)
11-05 12:37:39.666  9109  9143 W System.err: 	at android.os.Looper.loop(Looper.java:216)
11-05 12:37:39.666  9109  9143 W System.err: 	at android.os.HandlerThread.run(HandlerThread.java:65)
11-05 12:37:39.697  9109  9143 W System.err: java.net.SocketException: Message too long
11-05 12:37:39.697  9109  9143 W System.err: 	at sun.nio.ch.DatagramChannelImpl.send0(Native Method)
11-05 12:37:39.697  9109  9143 W System.err: 	at sun.nio.ch.DatagramChannelImpl.sendFromNativeBuffer(DatagramChannelImpl.java:573)
11-05 12:37:39.697  9109  9143 W System.err: 	at sun.nio.ch.DatagramChannelImpl.send(DatagramChannelImpl.java:550)
11-05 12:37:39.697  9109  9143 W System.err: 	at sun.nio.ch.DatagramChannelImpl.send(DatagramChannelImpl.java:514)
11-05 12:37:39.697  9109  9143 W System.err: 	at symlab.CloudAR.network.TransmissionTask.run(TransmissionTask.java:124)
11-05 12:37:39.697  9109  9143 W System.err: 	at android.os.Handler.handleCallback(Handler.java:907)
11-05 12:37:39.697  9109  9143 W System.err: 	at android.os.Handler.dispatchMessage(Handler.java:105)
11-05 12:37:39.697  9109  9143 W System.err: 	at android.os.Looper.loop(Looper.java:216)
11-05 12:37:39.697  9109  9143 W System.err: 	at android.os.HandlerThread.run(HandlerThread.java:65)
11-05 12:37:39.701  9109  9109 D stylus  : init stylus touchlistener.
11-05 12:37:39.705  9109  9109 W Settings: Setting device_provisioned has moved from android.provider.Settings.Secure to android.provider.Settings.Global.
11-05 12:37:39.705  9109  9109 V HiTouch_HiTouchSensor: User setup is finished.
11-05 12:37:39.722  9109  9143 W System.err: java.net.SocketException: Message too long
11-05 12:37:39.722  9109  9143 W System.err: 	at sun.nio.ch.DatagramChannelImpl.send0(Native Method)
11-05 12:37:39.722  9109  9143 W System.err: 	at sun.nio.ch.DatagramChannelImpl.sendFromNativeBuffer(DatagramChannelImpl.java:573)
11-05 12:37:39.722  9109  9143 W System.err: 	at sun.nio.ch.DatagramChannelImpl.send(DatagramChannelImpl.java:550)
11-05 12:37:39.722  9109  9143 W System.err: 	at sun.nio.ch.DatagramChannelImpl.send(DatagramChannelImpl.java:514)
11-05 12:37:39.722  9109  9143 W System.err: 	at symlab.CloudAR.network.TransmissionTask.run(TransmissionTask.java:124)
11-05 12:37:39.722  9109  9143 W System.err: 	at android.os.Handler.handleCallback(Handler.java:907)
11-05 12:37:39.722  9109  9143 W System.err: 	at android.os.Handler.dispatchMessage(Handler.java:105)
11-05 12:37:39.722  9109  9143 W System.err: 	at android.os.Looper.loop(Looper.java:216)
11-05 12:37:39.722  9109  9143 W System.err: 	at android.os.HandlerThread.run(HandlerThread.java:65)
11-05 12:37:39.757  9109  9143 W System.err: java.net.SocketException: Message too long
11-05 12:37:39.757  9109  9143 W System.err: 	at sun.nio.ch.DatagramChannelImpl.send0(Native Method)
11-05 12:37:39.758  9109  9143 W System.err: 	at sun.nio.ch.DatagramChannelImpl.sendFromNativeBuffer(DatagramChannelImpl.java:573)
11-05 12:37:39.758  9109  9143 W System.err: 	at sun.nio.ch.DatagramChannelImpl.send(DatagramChannelImpl.java:550)
11-05 12:37:39.758  9109  9143 W System.err: 	at sun.nio.ch.DatagramChannelImpl.send(DatagramChannelImpl.java:514)
11-05 12:37:39.758  9109  9143 W System.err: 	at symlab.CloudAR.network.TransmissionTask.run(TransmissionTask.java:124)
11-05 12:37:39.758  9109  9143 W System.err: 	at android.os.Handler.handleCallback(Handler.java:907)
11-05 12:37:39.758  9109  9143 W System.err: 	at android.os.Handler.dispatchMessage(Handler.java:105)
11-05 12:37:39.758  9109  9143 W System.err: 	at android.os.Looper.loop(Looper.java:216)
11-05 12:37:39.758  9109  9143 W System.err: 	at android.os.HandlerThread.run(HandlerThread.java:65)
11-05 12:37:39.794  9109  9109 W HiTouch_PressGestureDetector: Touch pointer move a lot. The moving distance of X is:54.04001, limit is:60The moving distance of Y is:119.21014, limit is:60
11-05 12:37:39.795  9109  9143 W System.err: java.net.SocketException: Message too long
11-05 12:37:39.795  9109  9143 W System.err: 	at sun.nio.ch.DatagramChannelImpl.send0(Native Method)
11-05 12:37:39.795  9109  9143 W System.err: 	at sun.nio.ch.DatagramChannelImpl.sendFromNativeBuffer(DatagramChannelImpl.java:573)
11-05 12:37:39.795  9109  9143 W System.err: 	at sun.nio.ch.DatagramChannelImpl.send(DatagramChannelImpl.java:550)
11-05 12:37:39.795  9109  9143 W System.err: 	at sun.nio.ch.DatagramChannelImpl.send(DatagramChannelImpl.java:514)
11-05 12:37:39.795  9109  9143 W System.err: 	at symlab.CloudAR.network.TransmissionTask.run(TransmissionTask.java:124)
11-05 12:37:39.795  9109  9143 W System.err: 	at android.os.Handler.handleCallback(Handler.java:907)
11-05 12:37:39.795  9109  9143 W System.err: 	at android.os.Handler.dispatchMessage(Handler.java:105)
11-05 12:37:39.795  9109  9143 W System.err: 	at android.os.Looper.loop(Looper.java:216)
11-05 12:37:39.795  9109  9143 W System.err: 	at android.os.HandlerThread.run(HandlerThread.java:65)
11-05 12:37:39.823  9109  9143 W System.err: java.net.SocketException: Message too long
11-05 12:37:39.823  9109  9143 W System.err: 	at sun.nio.ch.DatagramChannelImpl.send0(Native Method)
11-05 12:37:39.824  9109  9143 W System.err: 	at sun.nio.ch.DatagramChannelImpl.sendFromNativeBuffer(DatagramChannelImpl.java:573)
11-05 12:37:39.824  9109  9143 W System.err: 	at sun.nio.ch.DatagramChannelImpl.send(DatagramChannelImpl.java:550)
11-05 12:37:39.824  9109  9143 W System.err: 	at sun.nio.ch.DatagramChannelImpl.send(DatagramChannelImpl.java:514)
11-05 12:37:39.824  9109  9143 W System.err: 	at symlab.CloudAR.network.TransmissionTask.run(TransmissionTask.java:124)
