--------- beginning of main
11-06 11:12:07.709 28256 28282 E         : [ZeroHung]zrhung_get_config: Get config failed for wp[0x0102]
11-06 11:12:07.709 28256 28282 W ZrHung.AppEyeUiProbe: Failed to get config from zrhung
11-06 11:12:07.711 28280 28280 W logcat  : type=1400 audit(0.0:33991): avc: granted { create } for name="logcat_1573031527700.txt" scontext=u:r:untrusted_app:s0:c149,c256,c512,c768 tcontext=u:object_r:sdcardfs:s0:c149,c256,c512,c768 tclass=file
11-06 11:12:07.714 28256 28256 I MultiDex: Installing application
11-06 11:12:07.714 28256 28256 I MultiDex: VM has multidex support, MultiDex support library is disabled.
--------- beginning of system
11-06 11:12:07.717 28256 28256 V ActivityThread: callActivityOnCreate
11-06 11:12:07.717 28256 28256 I Poster  :  onCreate() called.
11-06 11:12:07.720 28256 28256 I HwApsImpl: APS: new HwApsImpl created
11-06 11:12:07.726 28256 28256 V HwWidgetFactory: : successes to get AllImpl object and return....
11-06 11:12:07.734 28256 28256 D OpenGLRenderer: Skia GL Pipeline
11-06 11:12:07.757 28256 28256 D Poster  : Server bound to IP 193.166.28.132 and port 52727
11-06 11:12:07.761 28256 28291 D Evaluation: metadata 0 sent 
11-06 11:12:07.762 28256 28256 D ActivityThread: add activity client record, r= ActivityRecord{fd66872 token=android.os.BinderProxy@8cd3ec5 {symlab.cloudridar.arhud/symlab.ARHUD.MainActivity}} token= android.os.BinderProxy@8cd3ec5
11-06 11:12:07.764 28256 28256 I Poster  :  onStart() called.
11-06 11:12:07.764 28256 28256 D ZrHung.AppEyeUiProbe: notify runnable to start.
11-06 11:12:07.766 28256 28256 I Poster  :  onResume() called.
11-06 11:12:07.769 28256 28256 I PermissionManager: camera remind result:true
11-06 11:12:07.769 28256 28256 I Camera  : open camera: 0, package name: symlab.cloudridar.arhud
11-06 11:12:07.770 28256 28256 I BackgroundPermManager: pkgName: symlab.cloudridar.arhud,pid: 28256 ,uidOf3RdApk: 10149 ,permType: 0 ,permCfg: 1
11-06 11:12:07.770 28256 28256 I HwCameraUtil: notifySurfaceFlingerCameraStatus : isFront = false , isOpend = true
11-06 11:12:07.780 28256 28256 D ActivityThread: isOptEnabled=false isWechatScanOpt=false
11-06 11:12:07.782 28256 28256 I HwSecImmHelper: mSecurityInputMethodService is null
11-06 11:12:07.788 28256 28256 D OpenGLRenderer:   HWUI Binary is  enabled
11-06 11:12:07.811 28256 28309 D HiTouch_PressGestureDetector: onAttached, package=symlab.cloudridar.arhud, windowType=1, mHiTouchRestricted=false
11-06 11:12:07.823 28256 28308 I ConfigStore: android::hardware::configstore::V1_0::ISurfaceFlingerConfigs::hasWideColorDisplay retrieved: 0
11-06 11:12:07.823 28256 28308 I ConfigStore: android::hardware::configstore::V1_0::ISurfaceFlingerConfigs::hasHDRDisplay retrieved: 0
11-06 11:12:07.823 28256 28308 I iGraphics: [0020080c] pn: symlab.cloudridar.arhud, p: 28256
11-06 11:12:07.824 28256 28308 I OpenGLRenderer: Initialized EGL, version 1.4, mEglDisplay 0x1
11-06 11:12:07.824 28256 28308 D OpenGLRenderer: Swap behavior 2
11-06 11:12:07.833 28256 28308 D mali_winsys: EGLint new_window_surface(egl_winsys_display *, void *, EGLSurface, EGLConfig, egl_winsys_surface **, EGLBoolean) returns 0x3000
11-06 11:12:07.841 28256 28256 I Poster  :  surfaceCreated() called.
11-06 11:12:07.841 28256 28256 I Poster  : initPreview() called
11-06 11:12:07.846 28256 28256 I PermissionManager: camera remind result:true
11-06 11:12:07.850 28256 28256 I Poster  :  surfaceChanged() called.
11-06 11:12:07.868 28256 28256 W InputMethodManager: startInputReason = 1
11-06 11:12:07.881 28256 28256 W InputMethodManager: startInputReason = 5
11-06 11:12:08.119 28256 28291 D Evaluation: metadata 1 sent 
11-06 11:12:08.150 28256 28291 D Evaluation: metadata 2 sent 
11-06 11:12:08.187 28256 28291 D Evaluation: metadata 3 sent 
11-06 11:12:08.220 28256 28291 D Evaluation: metadata 4 sent 
11-06 11:12:08.254 28256 28291 D Evaluation: metadata 5 sent 
11-06 11:12:08.321 28256 28291 W System.err: java.net.SocketException: Message too long
11-06 11:12:08.321 28256 28291 W System.err: 	at sun.nio.ch.DatagramChannelImpl.send0(Native Method)
11-06 11:12:08.321 28256 28291 W System.err: 	at sun.nio.ch.DatagramChannelImpl.sendFromNativeBuffer(DatagramChannelImpl.java:573)
11-06 11:12:08.321 28256 28291 W System.err: 	at sun.nio.ch.DatagramChannelImpl.send(DatagramChannelImpl.java:550)
11-06 11:12:08.321 28256 28291 W System.err: 	at sun.nio.ch.DatagramChannelImpl.send(DatagramChannelImpl.java:514)
11-06 11:12:08.321 28256 28291 W System.err: 	at symlab.CloudAR.network.TransmissionTask.run(TransmissionTask.java:124)
11-06 11:12:08.321 28256 28291 W System.err: 	at android.os.Handler.handleCallback(Handler.java:907)
11-06 11:12:08.321 28256 28291 W System.err: 	at android.os.Handler.dispatchMessage(Handler.java:105)
11-06 11:12:08.321 28256 28291 W System.err: 	at android.os.Looper.loop(Looper.java:216)
11-06 11:12:08.321 28256 28291 W System.err: 	at android.os.HandlerThread.run(HandlerThread.java:65)
11-06 11:12:08.339 28256 28291 W System.err: java.net.SocketException: Message too long
11-06 11:12:08.339 28256 28291 W System.err: 	at sun.nio.ch.DatagramChannelImpl.send0(Native Method)
11-06 11:12:08.339 28256 28291 W System.err: 	at sun.nio.ch.DatagramChannelImpl.sendFromNativeBuffer(DatagramChannelImpl.java:573)
11-06 11:12:08.339 28256 28291 W System.err: 	at sun.nio.ch.DatagramChannelImpl.send(DatagramChannelImpl.java:550)
11-06 11:12:08.339 28256 28291 W System.err: 	at sun.nio.ch.DatagramChannelImpl.send(DatagramChannelImpl.java:514)
11-06 11:12:08.339 28256 28291 W System.err: 	at symlab.CloudAR.network.TransmissionTask.run(TransmissionTask.java:124)
11-06 11:12:08.339 28256 28291 W System.err: 	at android.os.Handler.handleCallback(Handler.java:907)
11-06 11:12:08.339 28256 28291 W System.err: 	at android.os.Handler.dispatchMessage(Handler.java:105)
11-06 11:12:08.339 28256 28291 W System.err: 	at android.os.Looper.loop(Looper.java:216)
11-06 11:12:08.339 28256 28291 W System.err: 	at android.os.HandlerThread.run(HandlerThread.java:65)
11-06 11:12:08.341 28256 28256 D Poster  : At 1573031528341 location is 65.06001141254947 (latitude), and 25.466796042827657 (longitude)
11-06 11:12:08.343 28256 28256 D Poster  : Connected to mobile network 20
11-06 11:12:08.376 28256 28291 W System.err: java.net.SocketException: Message too long
11-06 11:12:08.376 28256 28291 W System.err: 	at sun.nio.ch.DatagramChannelImpl.send0(Native Method)
11-06 11:12:08.376 28256 28291 W System.err: 	at sun.nio.ch.DatagramChannelImpl.sendFromNativeBuffer(DatagramChannelImpl.java:573)
11-06 11:12:08.376 28256 28291 W System.err: 	at sun.nio.ch.DatagramChannelImpl.send(DatagramChannelImpl.java:550)
11-06 11:12:08.376 28256 28291 W System.err: 	at sun.nio.ch.DatagramChannelImpl.send(DatagramChannelImpl.java:514)
11-06 11:12:08.376 28256 28291 W System.err: 	at symlab.CloudAR.network.TransmissionTask.run(TransmissionTask.java:124)
11-06 11:12:08.376 28256 28291 W System.err: 	at android.os.Handler.handleCallback(Handler.java:907)
11-06 11:12:08.376 28256 28291 W System.err: 	at android.os.Handler.dispatchMessage(Handler.java:105)
11-06 11:12:08.376 28256 28291 W System.err: 	at android.os.Looper.loop(Looper.java:216)
11-06 11:12:08.376 28256 28291 W System.err: 	at android.os.HandlerThread.run(HandlerThread.java:65)
11-06 11:12:08.402 28256 28267 E         : [ZeroHung]zrhung_get_config: Get config failed for wp[0x0008]
11-06 11:12:08.403 28256 28291 W System.err: java.net.SocketException: Message too long
11-06 11:12:08.403 28256 28291 W System.err: 	at sun.nio.ch.DatagramChannelImpl.send0(Native Method)
11-06 11:12:08.403 28256 28291 W System.err: 	at sun.nio.ch.DatagramChannelImpl.sendFromNativeBuffer(DatagramChannelImpl.java:573)
11-06 11:12:08.403 28256 28291 W System.err: 	at sun.nio.ch.DatagramChannelImpl.send(DatagramChannelImpl.java:550)
11-06 11:12:08.403 28256 28291 W System.err: 	at sun.nio.ch.DatagramChannelImpl.send(DatagramChannelImpl.java:514)
11-06 11:12:08.403 28256 28291 W System.err: 	at symlab.CloudAR.network.TransmissionTask.run(TransmissionTask.java:124)
11-06 11:12:08.403 28256 28291 W System.err: 	at android.os.Handler.handleCallback(Handler.java:907)
11-06 11:12:08.403 28256 28291 W System.err: 	at android.os.Handler.dispatchMessage(Handler.java:105)
11-06 11:12:08.403 28256 28291 W System.err: 	at android.os.Looper.loop(Looper.java:216)
11-06 11:12:08.403 28256 28291 W System.err: 	at android.os.HandlerThread.run(HandlerThread.java:65)
11-06 11:12:08.442 28256 28291 W System.err: java.net.SocketException: Message too long
11-06 11:12:08.443 28256 28291 W System.err: 	at sun.nio.ch.DatagramChannelImpl.send0(Native Method)
11-06 11:12:08.443 28256 28291 W System.err: 	at sun.nio.ch.DatagramChannelImpl.sendFromNativeBuffer(DatagramChannelImpl.java:573)
11-06 11:12:08.443 28256 28291 W System.err: 	at sun.nio.ch.DatagramChannelImpl.send(DatagramChannelImpl.java:550)
11-06 11:12:08.443 28256 28291 W System.err: 	at sun.nio.ch.DatagramChannelImpl.send(DatagramChannelImpl.java:514)
11-06 11:12:08.443 28256 28291 W System.err: 	at symlab.CloudAR.network.TransmissionTask.run(TransmissionTask.java:124)
11-06 11:12:08.443 28256 28291 W System.err: 	at android.os.Handler.handleCallback(Handler.java:907)
11-06 11:12:08.443 28256 28291 W System.err: 	at android.os.Handler.dispatchMessage(Handler.java:105)
11-06 11:12:08.443 28256 28291 W System.err: 	at android.os.Looper.loop(Looper.java:216)
11-06 11:12:08.443 28256 28291 W System.err: 	at android.os.HandlerThread.run(HandlerThread.java:65)
11-06 11:12:08.471 28256 28291 W System.err: java.net.SocketException: Message too long
11-06 11:12:08.471 28256 28291 W System.err: 	at sun.nio.ch.DatagramChannelImpl.send0(Native Method)
11-06 11:12:08.471 28256 28291 W System.err: 	at sun.nio.ch.DatagramChannelImpl.sendFromNativeBuffer(DatagramChannelImpl.java:573)
11-06 11:12:08.471 28256 28291 W System.err: 	at sun.nio.ch.DatagramChannelImpl.send(DatagramChannelImpl.java:550)
11-06 11:12:08.471 28256 28291 W System.err: 	at sun.nio.ch.DatagramChannelImpl.send(DatagramChannelImpl.java:514)
11-06 11:12:08.471 28256 28291 W System.err: 	at symlab.CloudAR.network.TransmissionTask.run(TransmissionTask.java:124)
11-06 11:12:08.471 28256 28291 W System.err: 	at android.os.Handler.handleCallback(Handler.java:907)
11-06 11:12:08.471 28256 28291 W System.err: 	at android.os.Handler.dispatchMessage(Handler.java:105)
11-06 11:12:08.471 28256 28291 W System.err: 	at android.os.Looper.loop(Looper.java:216)
11-06 11:12:08.471 28256 28291 W System.err: 	at android.os.HandlerThread.run(HandlerThread.java:65)
11-06 11:12:08.504 28256 28291 W System.err: java.net.SocketException: Message too long
11-06 11:12:08.504 28256 28291 W System.err: 	at sun.nio.ch.DatagramChannelImpl.send0(Native Method)
11-06 11:12:08.504 28256 28291 W System.err: 	at sun.nio.ch.DatagramChannelImpl.sendFromNativeBuffer(DatagramChannelImpl.java:573)
11-06 11:12:08.504 28256 28291 W System.err: 	at sun.nio.ch.DatagramChannelImpl.send(DatagramChannelImpl.java:550)
11-06 11:12:08.504 28256 28291 W System.err: 	at sun.nio.ch.DatagramChannelImpl.send(DatagramChannelImpl.java:514)
11-06 11:12:08.504 28256 28291 W System.err: 	at symlab.CloudAR.network.TransmissionTask.run(TransmissionTask.java:124)
11-06 11:12:08.504 28256 28291 W System.err: 	at android.os.Handler.handleCallback(Handler.java:907)
11-06 11:12:08.504 28256 28291 W System.err: 	at android.os.Handler.dispatchMessage(Handler.java:105)
11-06 11:12:08.504 28256 28291 W System.err: 	at android.os.Looper.loop(Looper.java:216)
11-06 11:12:08.504 28256 28291 W System.err: 	at android.os.HandlerThread.run(HandlerThread.java:65)
11-06 11:12:08.537 28256 28291 W System.err: java.net.SocketException: Message too long
11-06 11:12:08.537 28256 28291 W System.err: 	at sun.nio.ch.DatagramChannelImpl.send0(Native Method)
11-06 11:12:08.537 28256 28291 W System.err: 	at sun.nio.ch.DatagramChannelImpl.sendFromNativeBuffer(DatagramChannelImpl.java:573)
11-06 11:12:08.537 28256 28291 W System.err: 	at sun.nio.ch.DatagramChannelImpl.send(DatagramChannelImpl.java:550)
11-06 11:12:08.538 28256 28291 W System.err: 	at sun.nio.ch.DatagramChannelImpl.send(DatagramChannelImpl.java:514)
11-06 11:12:08.538 28256 28291 W System.err: 	at symlab.CloudAR.network.TransmissionTask.run(TransmissionTask.java:124)
11-06 11:12:08.538 28256 28291 W System.err: 	at android.os.Handler.handleCallback(Handler.java:907)
11-06 11:12:08.538 28256 28291 W System.err: 	at android.os.Handler.dispatchMessage(Handler.java:105)
11-06 11:12:08.538 28256 28291 W System.err: 	at android.os.Looper.loop(Looper.java:216)
11-06 11:12:08.538 28256 28291 W System.err: 	at android.os.HandlerThread.run(HandlerThread.java:65)
11-06 11:12:08.570 28256 28291 W System.err: java.net.SocketException: Message too long
11-06 11:12:08.571 28256 28291 W System.err: 	at sun.nio.ch.DatagramChannelImpl.send0(Native Method)
11-06 11:12:08.571 28256 28291 W System.err: 	at sun.nio.ch.DatagramChannelImpl.sendFromNativeBuffer(DatagramChannelImpl.java:573)
11-06 11:12:08.571 28256 28291 W System.err: 	at sun.nio.ch.DatagramChannelImpl.send(DatagramChannelImpl.java:550)
11-06 11:12:08.571 28256 28291 W System.err: 	at sun.nio.ch.DatagramChannelImpl.send(DatagramChannelImpl.java:514)
11-06 11:12:08.571 28256 28291 W System.err: 	at symlab.CloudAR.network.TransmissionTask.run(TransmissionTask.java:124)
11-06 11:12:08.571 28256 28291 W System.err: 	at android.os.Handler.handleCallback(Handler.java:907)
11-06 11:12:08.571 28256 28291 W System.err: 	at android.os.Handler.dispatchMessage(Handler.java:105)
11-06 11:12:08.571 28256 28291 W System.err: 	at android.os.Looper.loop(Looper.java:216)
11-06 11:12:08.571 28256 28291 W System.err: 	at android.os.HandlerThread.run(HandlerThread.java:65)
11-06 11:12:08.612 28256 28291 W System.err: java.net.SocketException: Message too long
11-06 11:12:08.612 28256 28291 W System.err: 	at sun.nio.ch.DatagramChannelImpl.send0(Native Method)
11-06 11:12:08.612 28256 28291 W System.err: 	at sun.nio.ch.DatagramChannelImpl.sendFromNativeBuffer(DatagramChannelImpl.java:573)
11-06 11:12:08.612 28256 28291 W System.err: 	at sun.nio.ch.DatagramChannelImpl.send(DatagramChannelImpl.java:550)
11-06 11:12:08.612 28256 28291 W System.err: 	at sun.nio.ch.DatagramChannelImpl.send(DatagramChannelImpl.java:514)
11-06 11:12:08.612 28256 28291 W System.err: 	at symlab.CloudAR.network.TransmissionTask.run(TransmissionTask.java:124)
11-06 11:12:08.612 28256 28291 W System.err: 	at android.os.Handler.handleCallback(Handler.java:907)
11-06 11:12:08.612 28256 28291 W System.err: 	at android.os.Handler.dispatchMessage(Handler.java:105)
11-06 11:12:08.612 28256 28291 W System.err: 	at android.os.Looper.loop(Looper.java:216)
11-06 11:12:08.612 28256 28291 W System.err: 	at android.os.HandlerThread.run(HandlerThread.java:65)
11-06 11:12:08.638 28256 28291 W System.err: java.net.SocketException: Message too long
11-06 11:12:08.638 28256 28291 W System.err: 	at sun.nio.ch.DatagramChannelImpl.send0(Native Method)
11-06 11:12:08.638 28256 28291 W System.err: 	at sun.nio.ch.DatagramChannelImpl.sendFromNativeBuffer(DatagramChannelImpl.java:573)
11-06 11:12:08.638 28256 28291 W System.err: 	at sun.nio.ch.DatagramChannelImpl.send(DatagramChannelImpl.java:550)
11-06 11:12:08.638 28256 28291 W System.err: 	at sun.nio.ch.DatagramChannelImpl.send(DatagramChannelImpl.java:514)
11-06 11:12:08.638 28256 28291 W System.err: 	at symlab.CloudAR.network.TransmissionTask.run(TransmissionTask.java:124)
11-06 11:12:08.638 28256 28291 W System.err: 	at android.os.Handler.handleCallback(Handler.java:907)
11-06 11:12:08.638 28256 28291 W System.err: 	at android.os.Handler.dispatchMessage(Handler.java:105)
11-06 11:12:08.638 28256 28291 W System.err: 	at android.os.Looper.loop(Looper.java:216)
11-06 11:12:08.638 28256 28291 W System.err: 	at android.os.HandlerThread.run(HandlerThread.java:65)
11-06 11:12:08.675 28256 28291 W System.err: java.net.SocketException: Message too long
11-06 11:12:08.675 28256 28291 W System.err: 	at sun.nio.ch.DatagramChannelImpl.send0(Native Method)
11-06 11:12:08.675 28256 28291 W System.err: 	at sun.nio.ch.DatagramChannelImpl.sendFromNativeBuffer(DatagramChannelImpl.java:573)
11-06 11:12:08.675 28256 28291 W System.err: 	at sun.nio.ch.DatagramChannelImpl.send(DatagramChannelImpl.java:550)
11-06 11:12:08.675 28256 28291 W System.err: 	at sun.nio.ch.DatagramChannelImpl.send(DatagramChannelImpl.java:514)
11-06 11:12:08.675 28256 28291 W System.err: 	at symlab.CloudAR.network.TransmissionTask.run(TransmissionTask.java:124)
11-06 11:12:08.675 28256 28291 W System.err: 	at android.os.Handler.handleCallback(Handler.java:907)
11-06 11:12:08.675 28256 28291 W System.err: 	at android.os.Handler.dispatchMessage(Handler.java:105)
11-06 11:12:08.675 28256 28291 W System.err: 	at android.os.Looper.loop(Looper.java:216)
11-06 11:12:08.676 28256 28291 W System.err: 	at android.os.HandlerThread.run(HandlerThread.java:65)
11-06 11:12:08.705 28256 28291 W System.err: java.net.SocketException: Message too long
11-06 11:12:08.705 28256 28291 W System.err: 	at sun.nio.ch.DatagramChannelImpl.send0(Native Method)
11-06 11:12:08.705 28256 28291 W System.err: 	at sun.nio.ch.DatagramChannelImpl.sendFromNativeBuffer(DatagramChannelImpl.java:573)
11-06 11:12:08.705 28256 28291 W System.err: 	at sun.nio.ch.DatagramChannelImpl.send(DatagramChannelImpl.java:550)
11-06 11:12:08.705 28256 28291 W System.err: 	at sun.nio.ch.DatagramChannelImpl.send(DatagramChannelImpl.java:514)
11-06 11:12:08.705 28256 28291 W System.err: 	at symlab.CloudAR.network.TransmissionTask.run(TransmissionTask.java:124)
11-06 11:12:08.705 28256 28291 W System.err: 	at android.os.Handler.handleCallback(Handler.java:907)
11-06 11:12:08.705 28256 28291 W System.err: 	at android.os.Handler.dispatchMessage(Handler.java:105)
11-06 11:12:08.705 28256 28291 W System.err: 	at android.os.Looper.loop(Looper.java:216)
11-06 11:12:08.705 28256 28291 W System.err: 	at android.os.HandlerThread.run(HandlerThread.java:65)
11-06 11:12:08.737 28256 28291 W System.err: java.net.SocketException: Message too long
11-06 11:12:08.737 28256 28291 W System.err: 	at sun.nio.ch.DatagramChannelImpl.send0(Native Method)
11-06 11:12:08.737 28256 28291 W System.err: 	at sun.nio.ch.DatagramChannelImpl.sendFromNativeBuffer(DatagramChannelImpl.java:573)
11-06 11:12:08.737 28256 28291 W System.err: 	at sun.nio.ch.DatagramChannelImpl.send(DatagramChannelImpl.java:550)
11-06 11:12:08.737 28256 28291 W System.err: 	at sun.nio.ch.DatagramChannelImpl.send(DatagramChannelImpl.java:514)
11-06 11:12:08.737 28256 28291 W System.err: 	at symlab.CloudAR.network.TransmissionTask.run(TransmissionTask.java:124)
11-06 11:12:08.737 28256 28291 W System.err: 	at android.os.Handler.handleCallback(Handler.java:907)
11-06 11:12:08.737 28256 28291 W System.err: 	at android.os.Handler.dispatchMessage(Handler.java:105)
11-06 11:12:08.737 28256 28291 W System.err: 	at android.os.Looper.loop(Looper.java:216)
11-06 11:12:08.737 28256 28291 W System.err: 	at android.os.HandlerThread.run(HandlerThread.java:65)
11-06 11:12:08.776 28256 28291 W System.err: java.net.SocketException: Message too long
11-06 11:12:08.776 28256 28291 W System.err: 	at sun.nio.ch.DatagramChannelImpl.send0(Native Method)
11-06 11:12:08.776 28256 28291 W System.err: 	at sun.nio.ch.DatagramChannelImpl.sendFromNativeBuffer(DatagramChannelImpl.java:573)
11-06 11:12:08.776 28256 28291 W System.err: 	at sun.nio.ch.DatagramChannelImpl.send(DatagramChannelImpl.java:550)
11-06 11:12:08.776 28256 28291 W System.err: 	at sun.nio.ch.DatagramChannelImpl.send(DatagramChannelImpl.java:514)
11-06 11:12:08.776 28256 28291 W System.err: 	at symlab.CloudAR.network.TransmissionTask.run(TransmissionTask.java:124)
11-06 11:12:08.776 28256 28291 W System.err: 	at android.os.Handler.handleCallback(Handler.java:907)
11-06 11:12:08.776 28256 28291 W System.err: 	at android.os.Handler.dispatchMessage(Handler.java:105)
11-06 11:12:08.776 28256 28291 W System.err: 	at android.os.Looper.loop(Looper.java:216)
11-06 11:12:08.776 28256 28291 W System.err: 	at android.os.HandlerThread.run(HandlerThread.java:65)
11-06 11:12:08.811 28256 28291 W System.err: java.net.SocketException: Message too long
11-06 11:12:08.811 28256 28291 W System.err: 	at sun.nio.ch.DatagramChannelImpl.send0(Native Method)
11-06 11:12:08.811 28256 28291 W System.err: 	at sun.nio.ch.DatagramChannelImpl.sendFromNativeBuffer(DatagramChannelImpl.java:573)
11-06 11:12:08.811 28256 28291 W System.err: 	at sun.nio.ch.DatagramChannelImpl.send(DatagramChannelImpl.java:550)
11-06 11:12:08.811 28256 28291 W System.err: 	at sun.nio.ch.DatagramChannelImpl.send(DatagramChannelImpl.java:514)
11-06 11:12:08.811 28256 28291 W System.err: 	at symlab.CloudAR.network.TransmissionTask.run(TransmissionTask.java:124)
11-06 11:12:08.811 28256 28291 W System.err: 	at android.os.Handler.handleCallback(Handler.java:907)
11-06 11:12:08.811 28256 28291 W System.err: 	at android.os.Handler.dispatchMessage(Handler.java:105)
11-06 11:12:08.811 28256 28291 W System.err: 	at android.os.Looper.loop(Looper.java:216)
11-06 11:12:08.811 28256 28291 W System.err: 	at android.os.HandlerThread.run(HandlerThread.java:65)
11-06 11:12:08.840 28256 28291 W System.err: java.net.SocketException: Message too long
11-06 11:12:08.840 28256 28291 W System.err: 	at sun.nio.ch.DatagramChannelImpl.send0(Native Method)
11-06 11:12:08.840 28256 28291 W System.err: 	at sun.nio.ch.DatagramChannelImpl.sendFromNativeBuffer(DatagramChannelImpl.java:573)
11-06 11:12:08.840 28256 28291 W System.err: 	at sun.nio.ch.DatagramChannelImpl.send(DatagramChannelImpl.java:550)
11-06 11:12:08.840 28256 28291 W System.err: 	at sun.nio.ch.DatagramChannelImpl.send(DatagramChannelImpl.java:514)
11-06 11:12:08.840 28256 28291 W System.err: 	at symlab.CloudAR.network.TransmissionTask.run(TransmissionTask.java:124)
11-06 11:12:08.840 28256 28291 W System.err: 	at android.os.Handler.handleCallback(Handler.java:907)
11-06 11:12:08.840 28256 28291 W System.err: 	at android.os.Handler.dispatchMessage(Handler.java:105)
11-06 11:12:08.840 28256 28291 W System.err: 	at android.os.Looper.loop(Looper.java:216)
11-06 11:12:08.840 28256 28291 W System.err: 	at android.os.HandlerThread.run(HandlerThread.java:65)
11-06 11:12:08.873 28256 28291 W System.err: java.net.SocketException: Message too long
11-06 11:12:08.873 28256 28291 W System.err: 	at sun.nio.ch.DatagramChannelImpl.send0(Native Method)
11-06 11:12:08.873 28256 28291 W System.err: 	at sun.nio.ch.DatagramChannelImpl.sendFromNativeBuffer(DatagramChannelImpl.java:573)
11-06 11:12:08.873 28256 28291 W System.err: 	at sun.nio.ch.DatagramChannelImpl.send(DatagramChannelImpl.java:550)
11-06 11:12:08.873 28256 28291 W System.err: 	at sun.nio.ch.DatagramChannelImpl.send(DatagramChannelImpl.java:514)
11-06 11:12:08.873 28256 28291 W System.err: 	at symlab.CloudAR.network.TransmissionTask.run(TransmissionTask.java:124)
11-06 11:12:08.873 28256 28291 W System.err: 	at android.os.Handler.handleCallback(Handler.java:907)
11-06 11:12:08.873 28256 28291 W System.err: 	at android.os.Handler.dispatchMessage(Handler.java:105)
11-06 11:12:08.873 28256 28291 W System.err: 	at android.os.Looper.loop(Looper.java:216)
11-06 11:12:08.873 28256 28291 W System.err: 	at android.os.HandlerThread.run(HandlerThread.java:65)
11-06 11:12:08.908 28256 28291 W System.err: java.net.SocketException: Message too long
11-06 11:12:08.908 28256 28291 W System.err: 	at sun.nio.ch.DatagramChannelImpl.send0(Native Method)
11-06 11:12:08.908 28256 28291 W System.err: 	at sun.nio.ch.DatagramChannelImpl.sendFromNativeBuffer(DatagramChannelImpl.java:573)
11-06 11:12:08.908 28256 28291 W System.err: 	at sun.nio.ch.DatagramChannelImpl.send(DatagramChannelImpl.java:550)
11-06 11:12:08.908 28256 28291 W System.err: 	at sun.nio.ch.DatagramChannelImpl.send(DatagramChannelImpl.java:514)
11-06 11:12:08.908 28256 28291 W System.err: 	at symlab.CloudAR.network.TransmissionTask.run(TransmissionTask.java:124)
11-06 11:12:08.908 28256 28291 W System.err: 	at android.os.Handler.handleCallback(Handler.java:907)
11-06 11:12:08.908 28256 28291 W System.err: 	at android.os.Handler.dispatchMessage(Handler.java:105)
11-06 11:12:08.908 28256 28291 W System.err: 	at android.os.Looper.loop(Looper.java:216)
11-06 11:12:08.908 28256 28291 W System.err: 	at android.os.HandlerThread.run(HandlerThread.java:65)
11-06 11:12:08.941 28256 28291 W System.err: java.net.SocketException: Message too long
11-06 11:12:08.941 28256 28291 W System.err: 	at sun.nio.ch.DatagramChannelImpl.send0(Native Method)
11-06 11:12:08.941 28256 28291 W System.err: 	at sun.nio.ch.DatagramChannelImpl.sendFromNativeBuffer(DatagramChannelImpl.java:573)
11-06 11:12:08.941 28256 28291 W System.err: 	at sun.nio.ch.DatagramChannelImpl.send(DatagramChannelImpl.java:550)
11-06 11:12:08.941 28256 28291 W System.err: 	at sun.nio.ch.DatagramChannelImpl.send(DatagramChannelImpl.java:514)
11-06 11:12:08.941 28256 28291 W System.err: 	at symlab.CloudAR.network.TransmissionTask.run(TransmissionTask.java:124)
11-06 11:12:08.941 28256 28291 W System.err: 	at android.os.Handler.handleCallback(Handler.java:907)
11-06 11:12:08.941 28256 28291 W System.err: 	at android.os.Handler.dispatchMessage(Handler.java:105)
11-06 11:12:08.941 28256 28291 W System.err: 	at android.os.Looper.loop(Looper.java:216)
11-06 11:12:08.941 28256 28291 W System.err: 	at android.os.HandlerThread.run(HandlerThread.java:65)
11-06 11:12:08.975 28256 28291 W System.err: java.net.SocketException: Message too long
11-06 11:12:08.976 28256 28291 W System.err: 	at sun.nio.ch.DatagramChannelImpl.send0(Native Method)
11-06 11:12:08.976 28256 28291 W System.err: 	at sun.nio.ch.DatagramChannelImpl.sendFromNativeBuffer(DatagramChannelImpl.java:573)
11-06 11:12:08.976 28256 28291 W System.err: 	at sun.nio.ch.DatagramChannelImpl.send(DatagramChannelImpl.java:550)
11-06 11:12:08.976 28256 28291 W System.err: 	at sun.nio.ch.DatagramChannelImpl.send(DatagramChannelImpl.java:514)
11-06 11:12:08.976 28256 28291 W System.err: 	at symlab.CloudAR.network.TransmissionTask.run(TransmissionTask.java:124)
11-06 11:12:08.976 28256 28291 W System.err: 	at android.os.Handler.handleCallback(Handler.java:907)
11-06 11:12:08.976 28256 28291 W System.err: 	at android.os.Handler.dispatchMessage(Handler.java:105)
11-06 11:12:08.976 28256 28291 W System.err: 	at android.os.Looper.loop(Looper.java:216)
11-06 11:12:08.976 28256 28291 W System.err: 	at android.os.HandlerThread.run(HandlerThread.java:65)
11-06 11:12:09.012 28256 28267 E         : [ZeroHung]zrhung_get_config: Get config failed for wp[0x0008]
11-06 11:12:09.012 28256 28291 W System.err: java.net.SocketException: Message too long
11-06 11:12:09.012 28256 28291 W System.err: 	at sun.nio.ch.DatagramChannelImpl.send0(Native Method)
11-06 11:12:09.012 28256 28291 W System.err: 	at sun.nio.ch.DatagramChannelImpl.sendFromNativeBuffer(DatagramChannelImpl.java:573)
11-06 11:12:09.012 28256 28291 W System.err: 	at sun.nio.ch.DatagramChannelImpl.send(DatagramChannelImpl.java:550)
11-06 11:12:09.012 28256 28291 W System.err: 	at sun.nio.ch.DatagramChannelImpl.send(DatagramChannelImpl.java:514)
11-06 11:12:09.013 28256 28291 W System.err: 	at symlab.CloudAR.network.TransmissionTask.run(TransmissionTask.java:124)
11-06 11:12:09.013 28256 28291 W System.err: 	at android.os.Handler.handleCallback(Handler.java:907)
11-06 11:12:09.013 28256 28291 W System.err: 	at android.os.Handler.dispatchMessage(Handler.java:105)
11-06 11:12:09.013 28256 28291 W System.err: 	at android.os.Looper.loop(Looper.java:216)
11-06 11:12:09.013 28256 28291 W System.err: 	at android.os.HandlerThread.run(HandlerThread.java:65)
11-06 11:12:09.051 28256 28291 W System.err: java.net.SocketException: Message too long
11-06 11:12:09.051 28256 28291 W System.err: 	at sun.nio.ch.DatagramChannelImpl.send0(Native Method)
11-06 11:12:09.051 28256 28291 W System.err: 	at sun.nio.ch.DatagramChannelImpl.sendFromNativeBuffer(DatagramChannelImpl.java:573)
11-06 11:12:09.051 28256 28291 W System.err: 	at sun.nio.ch.DatagramChannelImpl.send(DatagramChannelImpl.java:550)
11-06 11:12:09.051 28256 28291 W System.err: 	at sun.nio.ch.DatagramChannelImpl.send(DatagramChannelImpl.java:514)
11-06 11:12:09.051 28256 28291 W System.err: 	at symlab.CloudAR.network.TransmissionTask.run(TransmissionTask.java:124)
11-06 11:12:09.051 28256 28291 W System.err: 	at android.os.Handler.handleCallback(Handler.java:907)
11-06 11:12:09.052 28256 28291 W System.err: 	at android.os.Handler.dispatchMessage(Handler.java:105)
11-06 11:12:09.052 28256 28291 W System.err: 	at android.os.Looper.loop(Looper.java:216)
11-06 11:12:09.052 28256 28291 W System.err: 	at android.os.HandlerThread.run(HandlerThread.java:65)
11-06 11:12:09.087 28256 28291 W System.err: java.net.SocketException: Message too long
11-06 11:12:09.087 28256 28291 W System.err: 	at sun.nio.ch.DatagramChannelImpl.send0(Native Method)
11-06 11:12:09.087 28256 28291 W System.err: 	at sun.nio.ch.DatagramChannelImpl.sendFromNativeBuffer(DatagramChannelImpl.java:573)
11-06 11:12:09.087 28256 28291 W System.err: 	at sun.nio.ch.DatagramChannelImpl.send(DatagramChannelImpl.java:550)
11-06 11:12:09.087 28256 28291 W System.err: 	at sun.nio.ch.DatagramChannelImpl.send(DatagramChannelImpl.java:514)
11-06 11:12:09.087 28256 28291 W System.err: 	at symlab.CloudAR.network.TransmissionTask.run(TransmissionTask.java:124)
11-06 11:12:09.087 28256 28291 W System.err: 	at android.os.Handler.handleCallback(Handler.java:907)
11-06 11:12:09.087 28256 28291 W System.err: 	at android.os.Handler.dispatchMessage(Handler.java:105)
11-06 11:12:09.087 28256 28291 W System.err: 	at android.os.Looper.loop(Looper.java:216)
11-06 11:12:09.087 28256 28291 W System.err: 	at android.os.HandlerThread.run(HandlerThread.java:65)
11-06 11:12:09.126 28256 28291 W System.err: java.net.SocketException: Message too long
11-06 11:12:09.126 28256 28291 W System.err: 	at sun.nio.ch.DatagramChannelImpl.send0(Native Method)
11-06 11:12:09.126 28256 28291 W System.err: 	at sun.nio.ch.DatagramChannelImpl.sendFromNativeBuffer(DatagramChannelImpl.java:573)
11-06 11:12:09.126 28256 28291 W System.err: 	at sun.nio.ch.DatagramChannelImpl.send(DatagramChannelImpl.java:550)
11-06 11:12:09.126 28256 28291 W System.err: 	at sun.nio.ch.DatagramChannelImpl.send(DatagramChannelImpl.java:514)
11-06 11:12:09.126 28256 28291 W System.err: 	at symlab.CloudAR.network.TransmissionTask.run(TransmissionTask.java:124)
11-06 11:12:09.126 28256 28291 W System.err: 	at android.os.Handler.handleCallback(Handler.java:907)
11-06 11:12:09.126 28256 28291 W System.err: 	at android.os.Handler.dispatchMessage(Handler.java:105)
11-06 11:12:09.126 28256 28291 W System.err: 	at android.os.Looper.loop(Looper.java:216)
11-06 11:12:09.126 28256 28291 W System.err: 	at android.os.HandlerThread.run(HandlerThread.java:65)
11-06 11:12:09.158 28256 28291 W System.err: java.net.SocketException: Message too long
11-06 11:12:09.158 28256 28291 W System.err: 	at sun.nio.ch.DatagramChannelImpl.send0(Native Method)
11-06 11:12:09.159 28256 28291 W System.err: 	at sun.nio.ch.DatagramChannelImpl.sendFromNativeBuffer(DatagramChannelImpl.java:573)
11-06 11:12:09.159 28256 28291 W System.err: 	at sun.nio.ch.DatagramChannelImpl.send(DatagramChannelImpl.java:550)
11-06 11:12:09.159 28256 28291 W System.err: 	at sun.nio.ch.DatagramChannelImpl.send(DatagramChannelImpl.java:514)
11-06 11:12:09.159 28256 28291 W System.err: 	at symlab.CloudAR.network.TransmissionTask.run(TransmissionTask.java:124)
11-06 11:12:09.159 28256 28291 W System.err: 	at android.os.Handler.handleCallback(Handler.java:907)
11-06 11:12:09.159 28256 28291 W System.err: 	at android.os.Handler.dispatchMessage(Handler.java:105)
11-06 11:12:09.159 28256 28291 W System.err: 	at android.os.Looper.loop(Looper.java:216)
11-06 11:12:09.159 28256 28291 W System.err: 	at android.os.HandlerThread.run(HandlerThread.java:65)
11-06 11:12:09.191 28256 28291 W System.err: java.net.SocketException: Message too long
11-06 11:12:09.191 28256 28291 W System.err: 	at sun.nio.ch.DatagramChannelImpl.send0(Native Method)
11-06 11:12:09.191 28256 28291 W System.err: 	at sun.nio.ch.DatagramChannelImpl.sendFromNativeBuffer(DatagramChannelImpl.java:573)
11-06 11:12:09.191 28256 28291 W System.err: 	at sun.nio.ch.DatagramChannelImpl.send(DatagramChannelImpl.java:550)
11-06 11:12:09.191 28256 28291 W System.err: 	at sun.nio.ch.DatagramChannelImpl.send(DatagramChannelImpl.java:514)
11-06 11:12:09.191 28256 28291 W System.err: 	at symlab.CloudAR.network.TransmissionTask.run(TransmissionTask.java:124)
11-06 11:12:09.191 28256 28291 W System.err: 	at android.os.Handler.handleCallback(Handler.java:907)
11-06 11:12:09.191 28256 28291 W System.err: 	at android.os.Handler.dispatchMessage(Handler.java:105)
11-06 11:12:09.191 28256 28291 W System.err: 	at android.os.Looper.loop(Looper.java:216)
11-06 11:12:09.191 28256 28291 W System.err: 	at android.os.HandlerThread.run(HandlerThread.java:65)
11-06 11:12:09.230 28256 28291 W System.err: java.net.SocketException: Message too long
11-06 11:12:09.230 28256 28291 W System.err: 	at sun.nio.ch.DatagramChannelImpl.send0(Native Method)
11-06 11:12:09.230 28256 28291 W System.err: 	at sun.nio.ch.DatagramChannelImpl.sendFromNativeBuffer(DatagramChannelImpl.java:573)
11-06 11:12:09.230 28256 28291 W System.err: 	at sun.nio.ch.DatagramChannelImpl.send(DatagramChannelImpl.java:550)
11-06 11:12:09.230 28256 28291 W System.err: 	at sun.nio.ch.DatagramChannelImpl.send(DatagramChannelImpl.java:514)
11-06 11:12:09.230 28256 28291 W System.err: 	at symlab.CloudAR.network.TransmissionTask.run(TransmissionTask.java:124)
11-06 11:12:09.230 28256 28291 W System.err: 	at android.os.Handler.handleCallback(Handler.java:907)
11-06 11:12:09.230 28256 28291 W System.err: 	at android.os.Handler.dispatchMessage(Handler.java:105)
11-06 11:12:09.230 28256 28291 W System.err: 	at android.os.Looper.loop(Looper.java:216)
11-06 11:12:09.230 28256 28291 W System.err: 	at android.os.HandlerThread.run(HandlerThread.java:65)
11-06 11:12:09.262 28256 28291 W System.err: java.net.SocketException: Message too long
11-06 11:12:09.262 28256 28291 W System.err: 	at sun.nio.ch.DatagramChannelImpl.send0(Native Method)
11-06 11:12:09.262 28256 28291 W System.err: 	at sun.nio.ch.DatagramChannelImpl.sendFromNativeBuffer(DatagramChannelImpl.java:573)
11-06 11:12:09.262 28256 28291 W System.err: 	at sun.nio.ch.DatagramChannelImpl.send(DatagramChannelImpl.java:550)
11-06 11:12:09.262 28256 28291 W System.err: 	at sun.nio.ch.DatagramChannelImpl.send(DatagramChannelImpl.java:514)
11-06 11:12:09.262 28256 28291 W System.err: 	at symlab.CloudAR.network.TransmissionTask.run(TransmissionTask.java:124)
11-06 11:12:09.262 28256 28291 W System.err: 	at android.os.Handler.handleCallback(Handler.java:907)
11-06 11:12:09.262 28256 28291 W System.err: 	at android.os.Handler.dispatchMessage(Handler.java:105)
11-06 11:12:09.262 28256 28291 W System.err: 	at android.os.Looper.loop(Looper.java:216)
11-06 11:12:09.262 28256 28291 W System.err: 	at android.os.HandlerThread.run(HandlerThread.java:65)
11-06 11:12:09.309 28256 28291 W System.err: java.net.SocketException: Message too long
11-06 11:12:09.309 28256 28291 W System.err: 	at sun.nio.ch.DatagramChannelImpl.send0(Native Method)
11-06 11:12:09.309 28256 28291 W System.err: 	at sun.nio.ch.DatagramChannelImpl.sendFromNativeBuffer(DatagramChannelImpl.java:573)
11-06 11:12:09.309 28256 28291 W System.err: 	at sun.nio.ch.DatagramChannelImpl.send(DatagramChannelImpl.java:550)
11-06 11:12:09.309 28256 28291 W System.err: 	at sun.nio.ch.DatagramChannelImpl.send(DatagramChannelImpl.java:514)
11-06 11:12:09.309 28256 28291 W System.err: 	at symlab.CloudAR.network.TransmissionTask.run(TransmissionTask.java:124)
11-06 11:12:09.309 28256 28291 W System.err: 	at android.os.Handler.handleCallback(Handler.java:907)
11-06 11:12:09.309 28256 28291 W System.err: 	at android.os.Handler.dispatchMessage(Handler.java:105)
11-06 11:12:09.309 28256 28291 W System.err: 	at android.os.Looper.loop(Looper.java:216)
11-06 11:12:09.309 28256 28291 W System.err: 	at android.os.HandlerThread.run(HandlerThread.java:65)
11-06 11:12:09.340 28256 28256 D Poster  : At 1573031529339 location is 65.06001141254947 (latitude), and 25.466796042827657 (longitude)
11-06 11:12:09.345 28256 28256 D Poster  : Connected to mobile network 20
11-06 11:12:09.348 28256 28291 W System.err: java.net.SocketException: Message too long
11-06 11:12:09.348 28256 28291 W System.err: 	at sun.nio.ch.DatagramChannelImpl.send0(Native Method)
11-06 11:12:09.348 28256 28291 W System.err: 	at sun.nio.ch.DatagramChannelImpl.sendFromNativeBuffer(DatagramChannelImpl.java:573)
11-06 11:12:09.348 28256 28291 W System.err: 	at sun.nio.ch.DatagramChannelImpl.send(DatagramChannelImpl.java:550)
11-06 11:12:09.348 28256 28291 W System.err: 	at sun.nio.ch.DatagramChannelImpl.send(DatagramChannelImpl.java:514)
11-06 11:12:09.348 28256 28291 W System.err: 	at symlab.CloudAR.network.TransmissionTask.run(TransmissionTask.java:124)
11-06 11:12:09.348 28256 28291 W System.err: 	at android.os.Handler.handleCallback(Handler.java:907)
11-06 11:12:09.348 28256 28291 W System.err: 	at android.os.Handler.dispatchMessage(Handler.java:105)
11-06 11:12:09.348 28256 28291 W System.err: 	at android.os.Looper.loop(Looper.java:216)
11-06 11:12:09.348 28256 28291 W System.err: 	at android.os.HandlerThread.run(HandlerThread.java:65)
11-06 11:12:09.372 28256 28291 W System.err: java.net.SocketException: Message too long
11-06 11:12:09.372 28256 28291 W System.err: 	at sun.nio.ch.DatagramChannelImpl.send0(Native Method)
11-06 11:12:09.372 28256 28291 W System.err: 	at sun.nio.ch.DatagramChannelImpl.sendFromNativeBuffer(DatagramChannelImpl.java:573)
11-06 11:12:09.372 28256 28291 W System.err: 	at sun.nio.ch.DatagramChannelImpl.send(DatagramChannelImpl.java:550)
11-06 11:12:09.372 28256 28291 W System.err: 	at sun.nio.ch.DatagramChannelImpl.send(DatagramChannelImpl.java:514)
11-06 11:12:09.372 28256 28291 W System.err: 	at symlab.CloudAR.network.TransmissionTask.run(TransmissionTask.java:124)
11-06 11:12:09.372 28256 28291 W System.err: 	at android.os.Handler.handleCallback(Handler.java:907)
11-06 11:12:09.372 28256 28291 W System.err: 	at android.os.Handler.dispatchMessage(Handler.java:105)
11-06 11:12:09.372 28256 28291 W System.err: 	at android.os.Looper.loop(Looper.java:216)
11-06 11:12:09.372 28256 28291 W System.err: 	at android.os.HandlerThread.run(HandlerThread.java:65)
11-06 11:12:09.398 28256 28291 W System.err: java.net.SocketException: Message too long
11-06 11:12:09.398 28256 28291 W System.err: 	at sun.nio.ch.DatagramChannelImpl.send0(Native Method)
11-06 11:12:09.398 28256 28291 W System.err: 	at sun.nio.ch.DatagramChannelImpl.sendFromNativeBuffer(DatagramChannelImpl.java:573)
11-06 11:12:09.398 28256 28291 W System.err: 	at sun.nio.ch.DatagramChannelImpl.send(DatagramChannelImpl.java:550)
11-06 11:12:09.398 28256 28291 W System.err: 	at sun.nio.ch.DatagramChannelImpl.send(DatagramChannelImpl.java:514)
11-06 11:12:09.398 28256 28291 W System.err: 	at symlab.CloudAR.network.TransmissionTask.run(TransmissionTask.java:124)
11-06 11:12:09.398 28256 28291 W System.err: 	at android.os.Handler.handleCallback(Handler.java:907)
11-06 11:12:09.398 28256 28291 W System.err: 	at android.os.Handler.dispatchMessage(Handler.java:105)
11-06 11:12:09.398 28256 28291 W System.err: 	at android.os.Looper.loop(Looper.java:216)
11-06 11:12:09.398 28256 28291 W System.err: 	at android.os.HandlerThread.run(HandlerThread.java:65)
11-06 11:12:09.432 28256 28291 W System.err: java.net.SocketException: Message too long
11-06 11:12:09.432 28256 28291 W System.err: 	at sun.nio.ch.DatagramChannelImpl.send0(Native Method)
11-06 11:12:09.432 28256 28291 W System.err: 	at sun.nio.ch.DatagramChannelImpl.sendFromNativeBuffer(DatagramChannelImpl.java:573)
11-06 11:12:09.432 28256 28291 W System.err: 	at sun.nio.ch.DatagramChannelImpl.send(DatagramChannelImpl.java:550)
11-06 11:12:09.432 28256 28291 W System.err: 	at sun.nio.ch.DatagramChannelImpl.send(DatagramChannelImpl.java:514)
11-06 11:12:09.432 28256 28291 W System.err: 	at symlab.CloudAR.network.TransmissionTask.run(TransmissionTask.java:124)
11-06 11:12:09.432 28256 28291 W System.err: 	at android.os.Handler.handleCallback(Handler.java:907)
11-06 11:12:09.432 28256 28291 W System.err: 	at android.os.Handler.dispatchMessage(Handler.java:105)
11-06 11:12:09.432 28256 28291 W System.err: 	at android.os.Looper.loop(Looper.java:216)
11-06 11:12:09.432 28256 28291 W System.err: 	at android.os.HandlerThread.run(HandlerThread.java:65)
11-06 11:12:09.477 28256 28267 E         : [ZeroHung]zrhung_get_config: Get config failed for wp[0x0008]
11-06 11:12:09.477 28256 28291 W System.err: java.net.SocketException: Message too long
11-06 11:12:09.477 28256 28291 W System.err: 	at sun.nio.ch.DatagramChannelImpl.send0(Native Method)
11-06 11:12:09.477 28256 28291 W System.err: 	at sun.nio.ch.DatagramChannelImpl.sendFromNativeBuffer(DatagramChannelImpl.java:573)
11-06 11:12:09.477 28256 28291 W System.err: 	at sun.nio.ch.DatagramChannelImpl.send(DatagramChannelImpl.java:550)
11-06 11:12:09.477 28256 28291 W System.err: 	at sun.nio.ch.DatagramChannelImpl.send(DatagramChannelImpl.java:514)
11-06 11:12:09.478 28256 28291 W System.err: 	at symlab.CloudAR.network.TransmissionTask.run(TransmissionTask.java:124)
11-06 11:12:09.478 28256 28291 W System.err: 	at android.os.Handler.handleCallback(Handler.java:907)
11-06 11:12:09.478 28256 28291 W System.err: 	at android.os.Handler.dispatchMessage(Handler.java:105)
11-06 11:12:09.478 28256 28291 W System.err: 	at android.os.Looper.loop(Looper.java:216)
11-06 11:12:09.478 28256 28291 W System.err: 	at android.os.HandlerThread.run(HandlerThread.java:65)
11-06 11:12:09.499 28256 28291 W System.err: java.net.SocketException: Message too long
11-06 11:12:09.500 28256 28291 W System.err: 	at sun.nio.ch.DatagramChannelImpl.send0(Native Method)
11-06 11:12:09.500 28256 28291 W System.err: 	at sun.nio.ch.DatagramChannelImpl.sendFromNativeBuffer(DatagramChannelImpl.java:573)
11-06 11:12:09.500 28256 28291 W System.err: 	at sun.nio.ch.DatagramChannelImpl.send(DatagramChannelImpl.java:550)
11-06 11:12:09.500 28256 28291 W System.err: 	at sun.nio.ch.DatagramChannelImpl.send(DatagramChannelImpl.java:514)
11-06 11:12:09.500 28256 28291 W System.err: 	at symlab.CloudAR.network.TransmissionTask.run(TransmissionTask.java:124)
11-06 11:12:09.500 28256 28291 W System.err: 	at android.os.Handler.handleCallback(Handler.java:907)
11-06 11:12:09.500 28256 28291 W System.err: 	at android.os.Handler.dispatchMessage(Handler.java:105)
11-06 11:12:09.500 28256 28291 W System.err: 	at android.os.Looper.loop(Looper.java:216)
11-06 11:12:09.500 28256 28291 W System.err: 	at android.os.HandlerThread.run(HandlerThread.java:65)
11-06 11:12:09.530 28256 28291 W System.err: java.net.SocketException: Message too long
11-06 11:12:09.530 28256 28291 W System.err: 	at sun.nio.ch.DatagramChannelImpl.send0(Native Method)
11-06 11:12:09.530 28256 28291 W System.err: 	at sun.nio.ch.DatagramChannelImpl.sendFromNativeBuffer(DatagramChannelImpl.java:573)
11-06 11:12:09.530 28256 28291 W System.err: 	at sun.nio.ch.DatagramChannelImpl.send(DatagramChannelImpl.java:550)
11-06 11:12:09.530 28256 28291 W System.err: 	at sun.nio.ch.DatagramChannelImpl.send(DatagramChannelImpl.java:514)
11-06 11:12:09.530 28256 28291 W System.err: 	at symlab.CloudAR.network.TransmissionTask.run(TransmissionTask.java:124)
11-06 11:12:09.530 28256 28291 W System.err: 	at android.os.Handler.handleCallback(Handler.java:907)
11-06 11:12:09.530 28256 28291 W System.err: 	at android.os.Handler.dispatchMessage(Handler.java:105)
11-06 11:12:09.530 28256 28291 W System.err: 	at android.os.Looper.loop(Looper.java:216)
11-06 11:12:09.530 28256 28291 W System.err: 	at android.os.HandlerThread.run(HandlerThread.java:65)
11-06 11:12:09.568 28256 28291 W System.err: java.net.SocketException: Message too long
11-06 11:12:09.568 28256 28291 W System.err: 	at sun.nio.ch.DatagramChannelImpl.send0(Native Method)
11-06 11:12:09.568 28256 28291 W System.err: 	at sun.nio.ch.DatagramChannelImpl.sendFromNativeBuffer(DatagramChannelImpl.java:573)
11-06 11:12:09.568 28256 28291 W System.err: 	at sun.nio.ch.DatagramChannelImpl.send(DatagramChannelImpl.java:550)
11-06 11:12:09.568 28256 28291 W System.err: 	at sun.nio.ch.DatagramChannelImpl.send(DatagramChannelImpl.java:514)
11-06 11:12:09.568 28256 28291 W System.err: 	at symlab.CloudAR.network.TransmissionTask.run(TransmissionTask.java:124)
11-06 11:12:09.568 28256 28291 W System.err: 	at android.os.Handler.handleCallback(Handler.java:907)
11-06 11:12:09.568 28256 28291 W System.err: 	at android.os.Handler.dispatchMessage(Handler.java:105)
11-06 11:12:09.568 28256 28291 W System.err: 	at android.os.Looper.loop(Looper.java:216)
11-06 11:12:09.568 28256 28291 W System.err: 	at android.os.HandlerThread.run(HandlerThread.java:65)
11-06 11:12:09.599 28256 28291 W System.err: java.net.SocketException: Message too long
11-06 11:12:09.599 28256 28291 W System.err: 	at sun.nio.ch.DatagramChannelImpl.send0(Native Method)
11-06 11:12:09.599 28256 28291 W System.err: 	at sun.nio.ch.DatagramChannelImpl.sendFromNativeBuffer(DatagramChannelImpl.java:573)
11-06 11:12:09.599 28256 28291 W System.err: 	at sun.nio.ch.DatagramChannelImpl.send(DatagramChannelImpl.java:550)
11-06 11:12:09.599 28256 28291 W System.err: 	at sun.nio.ch.DatagramChannelImpl.send(DatagramChannelImpl.java:514)
11-06 11:12:09.599 28256 28291 W System.err: 	at symlab.CloudAR.network.TransmissionTask.run(TransmissionTask.java:124)
11-06 11:12:09.599 28256 28291 W System.err: 	at android.os.Handler.handleCallback(Handler.java:907)
11-06 11:12:09.599 28256 28291 W System.err: 	at android.os.Handler.dispatchMessage(Handler.java:105)
11-06 11:12:09.599 28256 28291 W System.err: 	at android.os.Looper.loop(Looper.java:216)
11-06 11:12:09.599 28256 28291 W System.err: 	at android.os.HandlerThread.run(HandlerThread.java:65)
11-06 11:12:09.634 28256 28291 W System.err: java.net.SocketException: Message too long
11-06 11:12:09.634 28256 28291 W System.err: 	at sun.nio.ch.DatagramChannelImpl.send0(Native Method)
11-06 11:12:09.634 28256 28291 W System.err: 	at sun.nio.ch.DatagramChannelImpl.sendFromNativeBuffer(DatagramChannelImpl.java:573)
11-06 11:12:09.634 28256 28291 W System.err: 	at sun.nio.ch.DatagramChannelImpl.send(DatagramChannelImpl.java:550)
11-06 11:12:09.634 28256 28291 W System.err: 	at sun.nio.ch.DatagramChannelImpl.send(DatagramChannelImpl.java:514)
11-06 11:12:09.634 28256 28291 W System.err: 	at symlab.CloudAR.network.TransmissionTask.run(TransmissionTask.java:124)
11-06 11:12:09.635 28256 28291 W System.err: 	at android.os.Handler.handleCallback(Handler.java:907)
11-06 11:12:09.635 28256 28291 W System.err: 	at android.os.Handler.dispatchMessage(Handler.java:105)
11-06 11:12:09.635 28256 28291 W System.err: 	at android.os.Looper.loop(Looper.java:216)
11-06 11:12:09.635 28256 28291 W System.err: 	at android.os.HandlerThread.run(HandlerThread.java:65)
11-06 11:12:09.663 28256 28291 W System.err: java.net.SocketException: Message too long
11-06 11:12:09.663 28256 28291 W System.err: 	at sun.nio.ch.DatagramChannelImpl.send0(Native Method)
11-06 11:12:09.663 28256 28291 W System.err: 	at sun.nio.ch.DatagramChannelImpl.sendFromNativeBuffer(DatagramChannelImpl.java:573)
11-06 11:12:09.663 28256 28291 W System.err: 	at sun.nio.ch.DatagramChannelImpl.send(DatagramChannelImpl.java:550)
11-06 11:12:09.663 28256 28291 W System.err: 	at sun.nio.ch.DatagramChannelImpl.send(DatagramChannelImpl.java:514)
11-06 11:12:09.663 28256 28291 W System.err: 	at symlab.CloudAR.network.TransmissionTask.run(TransmissionTask.java:124)
11-06 11:12:09.663 28256 28291 W System.err: 	at android.os.Handler.handleCallback(Handler.java:907)
11-06 11:12:09.663 28256 28291 W System.err: 	at android.os.Handler.dispatchMessage(Handler.java:105)
11-06 11:12:09.663 28256 28291 W System.err: 	at android.os.Looper.loop(Looper.java:216)
11-06 11:12:09.663 28256 28291 W System.err: 	at android.os.HandlerThread.run(HandlerThread.java:65)
11-06 11:12:09.694 28256 28291 W System.err: java.net.SocketException: Message too long
11-06 11:12:09.694 28256 28291 W System.err: 	at sun.nio.ch.DatagramChannelImpl.send0(Native Method)
11-06 11:12:09.694 28256 28291 W System.err: 	at sun.nio.ch.DatagramChannelImpl.sendFromNativeBuffer(DatagramChannelImpl.java:573)
11-06 11:12:09.694 28256 28291 W System.err: 	at sun.nio.ch.DatagramChannelImpl.send(DatagramChannelImpl.java:550)
11-06 11:12:09.694 28256 28291 W System.err: 	at sun.nio.ch.DatagramChannelImpl.send(DatagramChannelImpl.java:514)
11-06 11:12:09.694 28256 28291 W System.err: 	at symlab.CloudAR.network.TransmissionTask.run(TransmissionTask.java:124)
11-06 11:12:09.694 28256 28291 W System.err: 	at android.os.Handler.handleCallback(Handler.java:907)
11-06 11:12:09.694 28256 28291 W System.err: 	at android.os.Handler.dispatchMessage(Handler.java:105)
11-06 11:12:09.694 28256 28291 W System.err: 	at android.os.Looper.loop(Looper.java:216)
11-06 11:12:09.694 28256 28291 W System.err: 	at android.os.HandlerThread.run(HandlerThread.java:65)
11-06 11:12:09.732 28256 28291 W System.err: java.net.SocketException: Message too long
11-06 11:12:09.732 28256 28291 W System.err: 	at sun.nio.ch.DatagramChannelImpl.send0(Native Method)
11-06 11:12:09.732 28256 28291 W System.err: 	at sun.nio.ch.DatagramChannelImpl.sendFromNativeBuffer(DatagramChannelImpl.java:573)
11-06 11:12:09.732 28256 28291 W System.err: 	at sun.nio.ch.DatagramChannelImpl.send(DatagramChannelImpl.java:550)
11-06 11:12:09.732 28256 28291 W System.err: 	at sun.nio.ch.DatagramChannelImpl.send(DatagramChannelImpl.java:514)
11-06 11:12:09.732 28256 28291 W System.err: 	at symlab.CloudAR.network.TransmissionTask.run(TransmissionTask.java:124)
