--------- beginning of main
11-06 14:39:19.217 24017 24031 I HwApiCacheMangerEx: apicache path=/storage/emulated/0 state=mounted key=symlab.cloudridar.arhud#10149#256
11-06 14:39:19.218 24017 24031 I HwApiCacheMangerEx: apicache path=/storage/emulated/0 state=mounted key=symlab.cloudridar.arhud#10149#0
11-06 14:39:19.228 24017 24017 I loudridar.arhu: QarthPatchMonintor::Init
11-06 14:39:19.228 24017 24017 I loudridar.arhu: 
11-06 14:39:19.228 24017 24017 I loudridar.arhu: QarthPatchMonintor::StartWatch
11-06 14:39:19.228 24017 24017 I loudridar.arhu: 
11-06 14:39:19.228 24017 24017 I loudridar.arhu: QarthPatchMonintor::WatchPackage: /data/hotpatch/fwkhotpatch/
11-06 14:39:19.228 24017 24017 I loudridar.arhu: 
11-06 14:39:19.228 24017 24017 I loudridar.arhu: QarthPatchMonintor::CheckAndWatchPatch: /data/hotpatch/fwkhotpatch/symlab.cloudridar.arhud
11-06 14:39:19.228 24017 24017 I loudridar.arhu: 
11-06 14:39:19.228 24017 24017 I loudridar.arhu: QarthPatchMonintor::CheckAndWatchPatch: /data/hotpatch/fwkhotpatch/all
11-06 14:39:19.228 24017 24017 I loudridar.arhu: 
11-06 14:39:19.228 24017 24017 I loudridar.arhu: QarthPatchMonintor::Run
11-06 14:39:19.228 24017 24017 I loudridar.arhu: 
11-06 14:39:19.228 24017 24035 I loudridar.arhu: QarthPatchMonintor::Reading
11-06 14:39:19.228 24017 24035 I loudridar.arhu: 
11-06 14:39:19.228 24017 24035 I loudridar.arhu: QarthPatchMonintor::CheckNotifyEvent
11-06 14:39:19.228 24017 24035 I loudridar.arhu: 
11-06 14:39:19.228 24017 24035 I loudridar.arhu: QarthPatchMonintor::CheckNotifyEvent before read
11-06 14:39:19.228 24017 24035 I loudridar.arhu: 
11-06 14:39:19.231 24017 24017 I MultiDex: VM with version 2.1.0 has multidex support
11-06 14:39:19.231 24017 24017 I MultiDex: Installing application
11-06 14:39:19.231 24017 24017 I MultiDex: VM has multidex support, MultiDex support library is disabled.
11-06 14:39:19.233 24017 24017 I FirebaseInitProvider: FirebaseApp initialization unsuccessful
11-06 14:39:19.234 24017 24031 I AwareBitmapCacher: init processName:symlab.cloudridar.arhud pid=24017 uid=10149
11-06 14:39:19.235 24017 24036 E AwareLog: AtomicFileUtils: readFileLines file not exist: android.util.AtomicFile@e6a077d
11-06 14:39:19.235 24017 24036 E AwareLog: AtomicFileUtils: readFileLines file not exist: android.util.AtomicFile@91b7672
11-06 14:39:19.246 24017 24017 D ZrHung.AppEyeUiProbe: notify runnable to start.
11-06 14:39:19.246 24017 24043 D ZrHung.AppEyeUiProbe: Runnable thread started.
11-06 14:39:19.246 24017 24043 D IMonitor: Load library imonitor_jni
11-06 14:39:19.247 24040 24040 W logcat  : type=1400 audit(0.0:17849): avc: granted { create } for name="logcat_1573043959234.txt" scontext=u:r:untrusted_app:s0:c149,c256,c512,c768 tcontext=u:object_r:sdcardfs:s0:c149,c256,c512,c768 tclass=file
11-06 14:39:19.249 24017 24043 E         : [ZeroHung]zrhung_get_config: Get config failed for wp[0x0102]
11-06 14:39:19.249 24017 24043 W ZrHung.AppEyeUiProbe: Failed to get config from zrhung
11-06 14:39:19.251 24017 24017 I MultiDex: Installing application
11-06 14:39:19.251 24017 24017 I MultiDex: VM has multidex support, MultiDex support library is disabled.
--------- beginning of system
11-06 14:39:19.255 24017 24017 V ActivityThread: callActivityOnCreate
11-06 14:39:19.256 24017 24017 I Poster  :  onCreate() called.
11-06 14:39:19.259 24017 24017 I HwApsImpl: APS: new HwApsImpl created
11-06 14:39:19.265 24017 24017 V HwWidgetFactory: : successes to get AllImpl object and return....
11-06 14:39:19.272 24017 24017 D OpenGLRenderer: Skia GL Pipeline
11-06 14:39:19.298 24017 24017 D Poster  : Server bound to IP 193.166.28.132 and port 52727
11-06 14:39:19.301 24017 24017 D ActivityThread: add activity client record, r= ActivityRecord{24fb417 token=android.os.BinderProxy@3a687be {symlab.cloudridar.arhud/symlab.ARHUD.MainActivity}} token= android.os.BinderProxy@3a687be
11-06 14:39:19.302 24017 24051 D Evaluation: metadata 0 sent 
11-06 14:39:19.304 24017 24017 I Poster  :  onStart() called.
11-06 14:39:19.304 24017 24017 D ZrHung.AppEyeUiProbe: notify runnable to start.
11-06 14:39:19.305 24017 24017 I Poster  :  onResume() called.
11-06 14:39:19.309 24017 24017 I PermissionManager: camera remind result:true
11-06 14:39:19.309 24017 24017 I Camera  : open camera: 0, package name: symlab.cloudridar.arhud
11-06 14:39:19.310 24017 24017 I BackgroundPermManager: pkgName: symlab.cloudridar.arhud,pid: 24017 ,uidOf3RdApk: 10149 ,permType: 0 ,permCfg: 1
11-06 14:39:19.310 24017 24017 I HwCameraUtil: notifySurfaceFlingerCameraStatus : isFront = false , isOpend = true
11-06 14:39:19.320 24017 24017 D ActivityThread: isOptEnabled=false isWechatScanOpt=false
11-06 14:39:19.322 24017 24017 I HwSecImmHelper: mSecurityInputMethodService is null
11-06 14:39:19.331 24017 24017 D OpenGLRenderer:   HWUI Binary is  enabled
11-06 14:39:19.357 24017 24069 D HiTouch_PressGestureDetector: onAttached, package=symlab.cloudridar.arhud, windowType=1, mHiTouchRestricted=false
11-06 14:39:19.368 24017 24068 I ConfigStore: android::hardware::configstore::V1_0::ISurfaceFlingerConfigs::hasWideColorDisplay retrieved: 0
11-06 14:39:19.368 24017 24068 I ConfigStore: android::hardware::configstore::V1_0::ISurfaceFlingerConfigs::hasHDRDisplay retrieved: 0
11-06 14:39:19.368 24017 24068 I iGraphics: [0020080c] pn: symlab.cloudridar.arhud, p: 24017
11-06 14:39:19.368 24017 24068 I OpenGLRenderer: Initialized EGL, version 1.4, mEglDisplay 0x1
11-06 14:39:19.368 24017 24068 D OpenGLRenderer: Swap behavior 2
11-06 14:39:19.379 24017 24068 D mali_winsys: EGLint new_window_surface(egl_winsys_display *, void *, EGLSurface, EGLConfig, egl_winsys_surface **, EGLBoolean) returns 0x3000
11-06 14:39:19.386 24017 24017 I Poster  :  surfaceCreated() called.
11-06 14:39:19.386 24017 24017 I Poster  : initPreview() called
11-06 14:39:19.391 24017 24017 I PermissionManager: camera remind result:true
11-06 14:39:19.396 24017 24017 I Poster  :  surfaceChanged() called.
11-06 14:39:19.419 24017 24017 W InputMethodManager: startInputReason = 1
11-06 14:39:19.431 24017 24017 W InputMethodManager: startInputReason = 5
11-06 14:39:19.668 24017 24051 D Evaluation: metadata 1 sent 
11-06 14:39:19.699 24017 24051 D Evaluation: metadata 2 sent 
11-06 14:39:19.736 24017 24051 D Evaluation: metadata 3 sent 
11-06 14:39:19.770 24017 24051 D Evaluation: metadata 4 sent 
11-06 14:39:19.804 24017 24051 D Evaluation: metadata 5 sent 
11-06 14:39:19.858 24017 24051 D Evaluation: Frame 6 sent at 1573043959858
11-06 14:39:19.881 24017 24051 D Evaluation: Frame 7 sent at 1573043959881
11-06 14:39:19.914 24017 24051 D Evaluation: Frame 8 sent at 1573043959914
11-06 14:39:19.951 24017 24051 D Evaluation: Frame 9 sent at 1573043959951
11-06 14:39:19.988 24017 24051 D Evaluation: Frame 10 sent at 1573043959988
11-06 14:39:20.015 24017 24051 D Evaluation: Frame 11 sent at 1573043960015
11-06 14:39:20.053 24017 24051 D Evaluation: Frame 12 sent at 1573043960053
11-06 14:39:20.054 24017 24051 D Evaluation: 0 res for frame 6 received at 1573043960054
11-06 14:39:20.082 24017 24051 D Evaluation: Frame 13 sent at 1573043960082
11-06 14:39:20.116 24017 24051 D Evaluation: Frame 14 sent at 1573043960116
11-06 14:39:20.116 24017 24051 D Evaluation: 0 res for frame 7 received at 1573043960116
11-06 14:39:20.153 24017 24051 D Evaluation: Frame 15 sent at 1573043960153
11-06 14:39:20.188 24017 24051 D Evaluation: Frame 16 sent at 1573043960187
11-06 14:39:20.189 24017 24051 D Evaluation: 0 res for frame 8 received at 1573043960189
11-06 14:39:20.189 24017 24017 D Poster  : At 1573043960189 location is 65.05755618586855 (latitude), and 25.46832757332469 (longitude)
11-06 14:39:20.192 24017 24017 D Poster  : Connected to mobile network 20
11-06 14:39:20.216 24017 24051 D Evaluation: Frame 17 sent at 1573043960216
11-06 14:39:20.217 24017 24051 D Evaluation: 0 res for frame 9 received at 1573043960217
11-06 14:39:20.253 24017 24051 D Evaluation: Frame 18 sent at 1573043960253
11-06 14:39:20.283 24017 24051 D Evaluation: Frame 19 sent at 1573043960283
11-06 14:39:20.284 24017 24051 D Evaluation: 0 res for frame 10 received at 1573043960284
11-06 14:39:20.317 24017 24028 E         : [ZeroHung]zrhung_get_config: Get config failed for wp[0x0008]
11-06 14:39:20.318 24017 24051 D Evaluation: Frame 20 sent at 1573043960318
11-06 14:39:20.319 24017 24051 D Evaluation: 0 res for frame 11 received at 1573043960319
11-06 14:39:20.330 24017 24026 W System  : A resource failed to call close. 
11-06 14:39:20.330 24017 24026 I chatty  : uid=10149(symlab.cloudridar.arhud) FinalizerDaemon identical 8 lines
11-06 14:39:20.330 24017 24026 W System  : A resource failed to call close. 
11-06 14:39:20.353 24017 24051 D Evaluation: Frame 21 sent at 1573043960353
11-06 14:39:20.386 24017 24051 D Evaluation: Frame 22 sent at 1573043960386
11-06 14:39:20.387 24017 24051 D Evaluation: 0 res for frame 12 received at 1573043960387
11-06 14:39:20.422 24017 24051 D Evaluation: Frame 23 sent at 1573043960422
11-06 14:39:20.423 24017 24051 D Evaluation: 0 res for frame 13 received at 1573043960423
11-06 14:39:20.454 24017 24051 D Evaluation: Frame 24 sent at 1573043960454
11-06 14:39:20.455 24017 24051 D Evaluation: 0 res for frame 14 received at 1573043960455
11-06 14:39:20.466 24017 24017 D stylus  : init stylus touchlistener.
11-06 14:39:20.467 24017 24017 W Settings: Setting device_provisioned has moved from android.provider.Settings.Secure to android.provider.Settings.Global.
11-06 14:39:20.468 24017 24017 V HiTouch_HiTouchSensor: User setup is finished.
11-06 14:39:20.490 24017 24051 D Evaluation: Frame 25 sent at 1573043960490
11-06 14:39:20.491 24017 24051 D Evaluation: 0 res for frame 15 received at 1573043960491
11-06 14:39:20.500 24017 24017 W HiTouch_PressGestureDetector: Touch pointer move a lot. The moving distance of X is:11.512878, limit is:60The moving distance of Y is:163.94266, limit is:60
11-06 14:39:20.525 24017 24051 D Evaluation: Frame 26 sent at 1573043960525
11-06 14:39:20.526 24017 24051 D Evaluation: 0 res for frame 16 received at 1573043960526
11-06 14:39:20.553 24017 24051 D Evaluation: Frame 27 sent at 1573043960553
11-06 14:39:20.554 24017 24051 D Evaluation: 0 res for frame 17 received at 1573043960554
11-06 14:39:20.590 24017 24051 D Evaluation: Frame 28 sent at 1573043960590
11-06 14:39:20.591 24017 24051 D Evaluation: 0 res for frame 18 received at 1573043960591
11-06 14:39:20.624 24017 24051 D Evaluation: Frame 29 sent at 1573043960624
11-06 14:39:20.625 24017 24051 D Evaluation: 0 res for frame 19 received at 1573043960625
11-06 14:39:20.661 24017 24051 D Evaluation: Frame 30 sent at 1573043960661
11-06 14:39:20.662 24017 24051 D Evaluation: 0 res for frame 20 received at 1573043960662
11-06 14:39:20.696 24017 24051 D Evaluation: Frame 31 sent at 1573043960696
11-06 14:39:20.729 24017 24051 D Evaluation: Frame 32 sent at 1573043960728
11-06 14:39:20.730 24017 24051 D Evaluation: 0 res for frame 21 received at 1573043960730
11-06 14:39:20.762 24017 24051 D Evaluation: Frame 33 sent at 1573043960762
11-06 14:39:20.799 24017 24051 D Evaluation: Frame 34 sent at 1573043960799
11-06 14:39:20.800 24017 24051 D Evaluation: 0 res for frame 22 received at 1573043960800
11-06 14:39:20.841 24017 24051 D Evaluation: Frame 35 sent at 1573043960841
11-06 14:39:20.843 24017 24051 D Evaluation: 0 res for frame 23 received at 1573043960843
11-06 14:39:20.864 24017 24051 D Evaluation: Frame 36 sent at 1573043960864
11-06 14:39:20.896 24017 24051 D Evaluation: Frame 37 sent at 1573043960896
11-06 14:39:20.934 24017 24051 D Evaluation: Frame 38 sent at 1573043960934
11-06 14:39:20.935 24017 24051 D Evaluation: 0 res for frame 24 received at 1573043960935
11-06 14:39:20.966 24017 24051 D Evaluation: Frame 39 sent at 1573043960966
11-06 14:39:20.968 24017 24051 D Evaluation: 0 res for frame 25 received at 1573043960968
11-06 14:39:21.008 24017 24051 D Evaluation: Frame 40 sent at 1573043961008
11-06 14:39:21.032 24017 24051 D Evaluation: Frame 41 sent at 1573043961032
11-06 14:39:21.033 24017 24051 D Evaluation: 1 res for frame 26 received at 1573043961033
11-06 14:39:21.065 24017 24051 D Evaluation: Frame 42 sent at 1573043961065
11-06 14:39:21.098 24017 24051 D Evaluation: Frame 43 sent at 1573043961098
11-06 14:39:21.099 24017 24051 D Evaluation: 0 res for frame 27 received at 1573043961099
11-06 14:39:21.129 24017 24051 D Evaluation: Frame 44 sent at 1573043961129
11-06 14:39:21.168 24017 24051 D Evaluation: Frame 45 sent at 1573043961168
11-06 14:39:21.203 24017 24017 D Poster  : At 1573043961202 location is 65.05755691626938 (latitude), and 25.468311881044336 (longitude)
11-06 14:39:21.204 24017 24017 D Poster  : Connected to mobile network 20
11-06 14:39:21.206 24017 24051 D Evaluation: Frame 46 sent at 1573043961206
11-06 14:39:21.207 24017 24051 D Evaluation: 0 res for frame 28 received at 1573043961207
11-06 14:39:21.233 24017 24051 D Evaluation: Frame 47 sent at 1573043961233
11-06 14:39:21.299 24017 24051 D Evaluation: Frame 48 sent at 1573043961299
11-06 14:39:21.301 24017 24051 D Evaluation: 0 res for frame 29 received at 1573043961301
11-06 14:39:21.345 24017 24051 D Evaluation: Frame 49 sent at 1573043961345
11-06 14:39:21.346 24017 24051 D Evaluation: 0 res for frame 30 received at 1573043961346
11-06 14:39:21.372 24017 24051 D Evaluation: Frame 50 sent at 1573043961372
11-06 14:39:21.373 24017 24051 D Evaluation: 0 res for frame 31 received at 1573043961373
11-06 14:39:21.402 24017 24051 D Evaluation: Frame 51 sent at 1573043961402
11-06 14:39:21.436 24017 24051 D Evaluation: Frame 52 sent at 1573043961436
11-06 14:39:21.437 24017 24051 D Evaluation: 0 res for frame 32 received at 1573043961437
11-06 14:39:21.469 24017 24051 D Evaluation: Frame 53 sent at 1573043961469
11-06 14:39:21.502 24017 24051 D Evaluation: Frame 54 sent at 1573043961502
11-06 14:39:21.503 24017 24051 D Evaluation: 0 res for frame 33 received at 1573043961503
11-06 14:39:21.527 24017 24051 D Evaluation: Frame 55 sent at 1573043961527
11-06 14:39:21.565 24017 24051 D Evaluation: Frame 56 sent at 1573043961565
11-06 14:39:21.567 24017 24051 D Evaluation: 0 res for frame 34 received at 1573043961567
11-06 14:39:21.595 24017 24051 D Evaluation: Frame 57 sent at 1573043961595
11-06 14:39:21.643 24017 24051 D Evaluation: Frame 58 sent at 1573043961643
11-06 14:39:21.644 24017 24051 D Evaluation: 0 res for frame 35 received at 1573043961644
11-06 14:39:21.663 24017 24051 D Evaluation: Frame 59 sent at 1573043961663
11-06 14:39:21.701 24017 24051 D Evaluation: Frame 60 sent at 1573043961701
11-06 14:39:21.736 24017 24028 E         : [ZeroHung]zrhung_get_config: Get config failed for wp[0x0008]
11-06 14:39:21.737 24017 24051 D Evaluation: Frame 61 sent at 1573043961737
11-06 14:39:21.738 24017 24051 D Evaluation: 0 res for frame 36 received at 1573043961738
11-06 14:39:21.751 24017 24026 W System  : A resource failed to call close. 
11-06 14:39:21.754 24017 24026 I chatty  : uid=10149(symlab.cloudridar.arhud) FinalizerDaemon identical 48 lines
11-06 14:39:21.754 24017 24026 W System  : A resource failed to call close. 
11-06 14:39:21.770 24017 24051 D Evaluation: Frame 62 sent at 1573043961770
11-06 14:39:21.805 24017 24051 D Evaluation: Frame 63 sent at 1573043961805
11-06 14:39:21.839 24017 24051 D Evaluation: Frame 64 sent at 1573043961839
11-06 14:39:21.840 24017 24051 D Evaluation: 0 res for frame 37 received at 1573043961840
11-06 14:39:21.873 24017 24051 D Evaluation: Frame 65 sent at 1573043961873
11-06 14:39:21.914 24017 24051 D Evaluation: Frame 66 sent at 1573043961914
11-06 14:39:21.952 24017 24051 D Evaluation: Frame 67 sent at 1573043961952
11-06 14:39:21.953 24017 24051 D Evaluation: 0 res for frame 38 received at 1573043961953
11-06 14:39:21.981 24017 24051 D Evaluation: Frame 68 sent at 1573043961981
11-06 14:39:22.005 24017 24051 D Evaluation: Frame 69 sent at 1573043962005
11-06 14:39:22.041 24017 24051 D Evaluation: Frame 70 sent at 1573043962041
11-06 14:39:22.070 24017 24051 D Evaluation: Frame 71 sent at 1573043962070
11-06 14:39:22.071 24017 24051 D Evaluation: 0 res for frame 39 received at 1573043962071
11-06 14:39:22.107 24017 24051 D Evaluation: Frame 72 sent at 1573043962107
11-06 14:39:22.142 24017 24051 D Evaluation: Frame 73 sent at 1573043962142
11-06 14:39:22.190 24017 24051 D Evaluation: Frame 74 sent at 1573043962190
11-06 14:39:22.192 24017 24051 D Evaluation: 0 res for frame 40 received at 1573043962192
11-06 14:39:22.210 24017 24017 D Poster  : At 1573043962210 location is 65.05755907314604 (latitude), and 25.468292318809134 (longitude)
11-06 14:39:22.211 24017 24051 D Evaluation: Frame 75 sent at 1573043962211
11-06 14:39:22.211 24017 24017 D Poster  : Connected to mobile network 20
11-06 14:39:22.246 24017 24051 D Evaluation: Frame 76 sent at 1573043962246
11-06 14:39:22.275 24017 24051 D Evaluation: Frame 77 sent at 1573043962275
11-06 14:39:22.277 24017 24051 D Evaluation: 0 res for frame 41 received at 1573043962277
11-06 14:39:22.308 24017 24051 D Evaluation: Frame 78 sent at 1573043962308
11-06 14:39:22.309 24017 24051 D Evaluation: 0 res for frame 42 received at 1573043962309
11-06 14:39:22.346 24017 24051 D Evaluation: Frame 79 sent at 1573043962346
11-06 14:39:22.347 24017 24051 D Evaluation: 0 res for frame 43 received at 1573043962347
11-06 14:39:22.376 24017 24051 D Evaluation: Frame 80 sent at 1573043962376
11-06 14:39:22.411 24017 24051 D Evaluation: Frame 81 sent at 1573043962411
11-06 14:39:22.413 24017 24051 D Evaluation: 0 res for frame 44 received at 1573043962413
11-06 14:39:22.456 24017 24051 D Evaluation: Frame 82 sent at 1573043962456
11-06 14:39:22.457 24017 24051 D Evaluation: 0 res for frame 45 received at 1573043962457
11-06 14:39:22.479 24017 24051 D Evaluation: Frame 83 sent at 1573043962479
11-06 14:39:22.519 24017 24051 D Evaluation: Frame 84 sent at 1573043962518
11-06 14:39:22.520 24017 24051 D Evaluation: 0 res for frame 46 received at 1573043962520
11-06 14:39:22.544 24017 24051 D Evaluation: Frame 85 sent at 1573043962544
11-06 14:39:22.585 24017 24051 D Evaluation: Frame 86 sent at 1573043962585
11-06 14:39:22.586 24017 24051 D Evaluation: 0 res for frame 47 received at 1573043962586
11-06 14:39:22.612 24017 24051 D Evaluation: Frame 87 sent at 1573043962612
11-06 14:39:22.613 24017 24051 D Evaluation: 0 res for frame 48 received at 1573043962613
11-06 14:39:22.654 24017 24051 D Evaluation: Frame 88 sent at 1573043962654
11-06 14:39:22.657 24017 24051 D Evaluation: 0 res for frame 49 received at 1573043962657
11-06 14:39:22.688 24017 24051 D Evaluation: Frame 89 sent at 1573043962688
11-06 14:39:22.725 24017 24051 D Evaluation: Frame 90 sent at 1573043962725
11-06 14:39:22.748 24017 24051 D Evaluation: Frame 91 sent at 1573043962748
11-06 14:39:22.749 24017 24051 D Evaluation: 0 res for frame 50 received at 1573043962749
11-06 14:39:22.783 24017 24051 D Evaluation: Frame 92 sent at 1573043962783
11-06 14:39:22.809 24017 24051 D Evaluation: Frame 93 sent at 1573043962809
11-06 14:39:22.856 24017 24051 D Evaluation: Frame 94 sent at 1573043962856
11-06 14:39:22.878 24017 24051 D Evaluation: Frame 95 sent at 1573043962878
11-06 14:39:22.923 24017 24051 D Evaluation: Frame 96 sent at 1573043962923
11-06 14:39:22.924 24017 24051 D Evaluation: 0 res for frame 51 received at 1573043962924
11-06 14:39:22.955 24017 24051 D Evaluation: Frame 97 sent at 1573043962955
11-06 14:39:22.956 24017 24051 D Evaluation: 0 res for frame 52 received at 1573043962956
11-06 14:39:22.983 24017 24051 D Evaluation: Frame 98 sent at 1573043962983
11-06 14:39:23.023 24017 24051 D Evaluation: Frame 99 sent at 1573043963023
11-06 14:39:23.025 24017 24051 D Evaluation: 0 res for frame 53 received at 1573043963025
11-06 14:39:23.084 24017 24051 D Evaluation: Frame 100 sent at 1573043963084
11-06 14:39:23.085 24017 24051 D Evaluation: 0 res for frame 54 received at 1573043963085
11-06 14:39:23.159 24017 24051 D Evaluation: Frame 101 sent at 1573043963159
11-06 14:39:23.160 24017 24051 D Evaluation: 0 res for frame 55 received at 1573043963160
11-06 14:39:23.192 24017 24051 D Evaluation: Frame 102 sent at 1573043963192
11-06 14:39:23.204 24017 24017 D Poster  : At 1573043963204 location is 65.05756411322139 (latitude), and 25.468281248684416 (longitude)
11-06 14:39:23.206 24017 24017 D Poster  : Connected to mobile network 20
11-06 14:39:23.236 24017 24051 D Evaluation: Frame 103 sent at 1573043963236
11-06 14:39:23.238 24017 24051 D Evaluation: 0 res for frame 56 received at 1573043963238
11-06 14:39:23.258 24017 24051 D Evaluation: Frame 104 sent at 1573043963258
11-06 14:39:23.286 24017 24051 D Evaluation: Frame 105 sent at 1573043963286
11-06 14:39:23.326 24017 24051 D Evaluation: Frame 106 sent at 1573043963326
11-06 14:39:23.327 24017 24051 D Evaluation: 0 res for frame 57 received at 1573043963327
11-06 14:39:23.328 24017 24028 E         : [ZeroHung]zrhung_get_config: Get config failed for wp[0x0008]
11-06 14:39:23.351 24017 24026 W System  : A resource failed to call close. 
11-06 14:39:23.354 24017 24026 I chatty  : uid=10149(symlab.cloudridar.arhud) FinalizerDaemon identical 40 lines
11-06 14:39:23.354 24017 24026 W System  : A resource failed to call close. 
11-06 14:39:23.354 24017 24026 W System  : A resource failed to call close. 
11-06 14:39:23.354 24017 24026 W System  : A resource failed to call close. 
11-06 14:39:23.361 24017 24051 D Evaluation: Frame 107 sent at 1573043963361
11-06 14:39:23.362 24017 24051 D Evaluation: 0 res for frame 58 received at 1573043963362
11-06 14:39:23.387 24017 24051 D Evaluation: Frame 108 sent at 1573043963387
11-06 14:39:23.389 24017 24051 D Evaluation: 0 res for frame 59 received at 1573043963389
11-06 14:39:23.419 24017 24051 D Evaluation: Frame 109 sent at 1573043963419
11-06 14:39:23.420 24017 24051 D Evaluation: 0 res for frame 60 received at 1573043963420
11-06 14:39:23.459 24017 24051 D Evaluation: Frame 110 sent at 1573043963459
11-06 14:39:23.489 24017 24051 D Evaluation: Frame 111 sent at 1573043963489
11-06 14:39:23.528 24017 24051 D Evaluation: Frame 112 sent at 1573043963528
11-06 14:39:23.559 24017 24051 D Evaluation: Frame 113 sent at 1573043963559
11-06 14:39:23.561 24017 24051 D Evaluation: 0 res for frame 61 received at 1573043963561
11-06 14:39:23.586 24017 24051 D Evaluation: Frame 114 sent at 1573043963586
11-06 14:39:23.587 24017 24051 D Evaluation: 0 res for frame 62 received at 1573043963587
11-06 14:39:23.628 24017 24051 D Evaluation: Frame 115 sent at 1573043963628
11-06 14:39:23.653 24017 24051 D Evaluation: Frame 116 sent at 1573043963653
11-06 14:39:23.654 24017 24051 D Evaluation: 0 res for frame 63 received at 1573043963654
11-06 14:39:23.694 24017 24051 D Evaluation: Frame 117 sent at 1573043963694
11-06 14:39:23.718 24017 24051 D Evaluation: Frame 118 sent at 1573043963718
11-06 14:39:23.719 24017 24051 D Evaluation: 0 res for frame 64 received at 1573043963719
11-06 14:39:23.773 24017 24051 D Evaluation: Frame 120 sent at 1573043963773
11-06 14:39:23.774 24017 24051 D Evaluation: 0 res for frame 65 received at 1573043963774
11-06 14:39:23.789 24017 24051 D Evaluation: Frame 120 sent at 1573043963789
11-06 14:39:23.817 24017 24051 D Evaluation: Frame 121 sent at 1573043963817
11-06 14:39:23.818 24017 24051 D Evaluation: 0 res for frame 66 received at 1573043963818
11-06 14:39:23.853 24017 24051 D Evaluation: Frame 122 sent at 1573043963853
11-06 14:39:23.854 24017 24051 D Evaluation: 0 res for frame 67 received at 1573043963854
11-06 14:39:23.891 24017 24051 D Evaluation: Frame 123 sent at 1573043963891
11-06 14:39:23.892 24017 24051 D Evaluation: 0 res for frame 68 received at 1573043963892
11-06 14:39:23.923 24017 24051 D Evaluation: Frame 124 sent at 1573043963923
11-06 14:39:23.924 24017 24051 D Evaluation: 0 res for frame 69 received at 1573043963924
11-06 14:39:24.000 24017 24051 D Evaluation: Frame 125 sent at 1573043964000
11-06 14:39:24.001 24017 24051 D Evaluation: 0 res for frame 70 received at 1573043964001
11-06 14:39:24.031 24017 24051 D Evaluation: Frame 126 sent at 1573043964031
11-06 14:39:24.033 24017 24051 D Evaluation: 0 res for frame 71 received at 1573043964032
11-06 14:39:24.065 24017 24051 D Evaluation: Frame 127 sent at 1573043964065
11-06 14:39:24.066 24017 24051 D Evaluation: 0 res for frame 72 received at 1573043964066
11-06 14:39:24.090 24017 24051 D Evaluation: Frame 128 sent at 1573043964090
11-06 14:39:24.091 24017 24051 D Evaluation: 0 res for frame 73 received at 1573043964091
11-06 14:39:24.123 24017 24051 D Evaluation: Frame 129 sent at 1573043964123
11-06 14:39:24.125 24017 24051 D Evaluation: 1 res for frame 74 received at 1573043964125
11-06 14:39:24.156 24017 24051 D Evaluation: Frame 130 sent at 1573043964156
11-06 14:39:24.157 24017 24051 D Evaluation: 0 res for frame 75 received at 1573043964157
11-06 14:39:24.188 24017 24051 D Evaluation: Frame 131 sent at 1573043964188
11-06 14:39:24.189 24017 24051 D Evaluation: 0 res for frame 76 received at 1573043964189
11-06 14:39:24.195 24017 24017 D Poster  : At 1573043964195 location is 65.05757509408066 (latitude), and 25.468281605155457 (longitude)
11-06 14:39:24.197 24017 24017 D Poster  : Connected to mobile network 20
11-06 14:39:24.227 24017 24051 D Evaluation: Frame 132 sent at 1573043964226
11-06 14:39:24.229 24017 24051 D Evaluation: 0 res for frame 77 received at 1573043964229
11-06 14:39:24.234 24017 24017 I AwareBitmapCacher: init lrucache size: 2097152 pid=24017
11-06 14:39:24.258 24017 24051 D Evaluation: Frame 133 sent at 1573043964258
11-06 14:39:24.259 24017 24051 D Evaluation: 0 res for frame 78 received at 1573043964259
11-06 14:39:24.301 24017 24051 D Evaluation: Frame 134 sent at 1573043964301
11-06 14:39:24.303 24017 24051 D Evaluation: 0 res for frame 79 received at 1573043964303
11-06 14:39:24.326 24017 24051 D Evaluation: Frame 135 sent at 1573043964326
11-06 14:39:24.327 24017 24051 D Evaluation: 0 res for frame 80 received at 1573043964327
11-06 14:39:24.363 24017 24051 D Evaluation: Frame 136 sent at 1573043964363
11-06 14:39:24.389 24017 24051 D Evaluation: Frame 137 sent at 1573043964389
11-06 14:39:24.425 24017 24051 D Evaluation: Frame 138 sent at 1573043964425
11-06 14:39:24.427 24017 24051 D Evaluation: 0 res for frame 81 received at 1573043964427
11-06 14:39:24.459 24017 24051 D Evaluation: Frame 139 sent at 1573043964459
11-06 14:39:24.493 24017 24051 D Evaluation: Frame 140 sent at 1573043964493
11-06 14:39:24.495 24017 24051 D Evaluation: 0 res for frame 82 received at 1573043964495
11-06 14:39:24.534 24017 24051 D Evaluation: Frame 141 sent at 1573043964534
11-06 14:39:24.536 24017 24051 D Evaluation: 0 res for frame 83 received at 1573043964536
11-06 14:39:24.564 24017 24051 D Evaluation: Frame 142 sent at 1573043964564
11-06 14:39:24.565 24017 24051 D Evaluation: 0 res for frame 84 received at 1573043964565
11-06 14:39:24.601 24017 24051 D Evaluation: Frame 143 sent at 1573043964601
11-06 14:39:24.602 24017 24051 D Evaluation: 0 res for frame 85 received at 1573043964602
11-06 14:39:24.626 24017 24051 D Evaluation: Frame 144 sent at 1573043964626
11-06 14:39:24.671 24017 24051 D Evaluation: Frame 145 sent at 1573043964671
11-06 14:39:24.672 24017 24051 D Evaluation: 0 res for frame 86 received at 1573043964672
11-06 14:39:24.699 24017 24051 D Evaluation: Frame 146 sent at 1573043964699
11-06 14:39:24.728 24017 24028 E         : [ZeroHung]zrhung_get_config: Get config failed for wp[0x0008]
11-06 14:39:24.729 24017 24051 D Evaluation: Frame 147 sent at 1573043964729
11-06 14:39:24.730 24017 24051 D Evaluation: 0 res for frame 87 received at 1573043964730
11-06 14:39:24.745 24017 24026 W System  : A resource failed to call close. 
11-06 14:39:24.749 24017 24026 I chatty  : uid=10149(symlab.cloudridar.arhud) FinalizerDaemon identical 56 lines
11-06 14:39:24.749 24017 24026 W System  : A resource failed to call close. 
11-06 14:39:24.764 24017 24051 D Evaluation: Frame 148 sent at 1573043964764
11-06 14:39:24.793 24017 24051 D Evaluation: Frame 149 sent at 1573043964793
11-06 14:39:24.836 24017 24051 D Evaluation: Frame 150 sent at 1573043964836
11-06 14:39:24.911 24017 24051 D Evaluation: Frame 151 sent at 1573043964911
11-06 14:39:24.942 24017 24051 D Evaluation: Frame 152 sent at 1573043964942
11-06 14:39:24.977 24017 24051 D Evaluation: Frame 153 sent at 1573043964977
11-06 14:39:25.011 24017 24051 D Evaluation: Frame 154 sent at 1573043965011
11-06 14:39:25.038 24017 24051 D Evaluation: Frame 155 sent at 1573043965038
11-06 14:39:25.085 24017 24051 D Evaluation: Frame 156 sent at 1573043965085
11-06 14:39:25.105 24017 24051 D Evaluation: Frame 157 sent at 1573043965105
11-06 14:39:25.132 24017 24051 D Evaluation: Frame 158 sent at 1573043965132
11-06 14:39:25.133 24017 24051 D Evaluation: 0 res for frame 151 received at 1573043965133
11-06 14:39:25.210 24017 24017 D Poster  : At 1573043965210 location is 65.05758965496665 (latitude), and 25.46828249122689 (longitude)
11-06 14:39:25.213 24017 24017 D Poster  : Connected to mobile network 20
11-06 14:39:25.216 24017 24051 D Evaluation: Frame 159 sent at 1573043965216
11-06 14:39:25.217 24017 24051 D Evaluation: 1 res for frame 152 received at 1573043965217
11-06 14:39:25.251 24017 24051 D Evaluation: Frame 160 sent at 1573043965251
11-06 14:39:25.252 24017 24051 D Evaluation: 0 res for frame 153 received at 1573043965252
11-06 14:39:25.280 24017 24051 D Evaluation: Frame 161 sent at 1573043965280
11-06 14:39:25.282 24017 24051 D Evaluation: 0 res for frame 154 received at 1573043965282
11-06 14:39:25.303 24017 24051 D Evaluation: Frame 162 sent at 1573043965303
11-06 14:39:25.305 24017 24051 D Evaluation: 0 res for frame 155 received at 1573043965304
11-06 14:39:25.341 24017 24051 D Evaluation: Frame 163 sent at 1573043965341
11-06 14:39:25.342 24017 24051 D Evaluation: 1 res for frame 156 received at 1573043965342
11-06 14:39:25.378 24017 24051 D Evaluation: Frame 164 sent at 1573043965378
11-06 14:39:25.380 24017 24051 D Evaluation: 0 res for frame 157 received at 1573043965380
11-06 14:39:25.409 24017 24051 D Evaluation: Frame 165 sent at 1573043965409
11-06 14:39:25.410 24017 24051 D Evaluation: 1 res for frame 158 received at 1573043965410
11-06 14:39:25.448 24017 24051 D Evaluation: Frame 166 sent at 1573043965448
11-06 14:39:25.449 24017 24051 D Evaluation: 0 res for frame 159 received at 1573043965449
11-06 14:39:25.486 24017 24051 D Evaluation: Frame 167 sent at 1573043965486
11-06 14:39:25.487 24017 24051 D Evaluation: 0 res for frame 160 received at 1573043965487
11-06 14:39:25.522 24017 24051 D Evaluation: Frame 168 sent at 1573043965522
11-06 14:39:25.523 24017 24051 D Evaluation: 0 res for frame 161 received at 1573043965523
11-06 14:39:25.560 24017 24051 D Evaluation: Frame 169 sent at 1573043965560
11-06 14:39:25.561 24017 24051 D Evaluation: 0 res for frame 162 received at 1573043965561
11-06 14:39:25.579 24017 24051 D Evaluation: Frame 170 sent at 1573043965579
11-06 14:39:25.580 24017 24051 D Evaluation: 0 res for frame 163 received at 1573043965580
11-06 14:39:25.618 24017 24051 D Evaluation: Frame 171 sent at 1573043965618
11-06 14:39:25.619 24017 24051 D Evaluation: 0 res for frame 164 received at 1573043965619
11-06 14:39:25.656 24017 24051 D Evaluation: Frame 172 sent at 1573043965656
11-06 14:39:25.657 24017 24051 D Evaluation: 0 res for frame 165 received at 1573043965657
11-06 14:39:25.692 24017 24051 D Evaluation: Frame 173 sent at 1573043965692
11-06 14:39:25.694 24017 24051 D Evaluation: 0 res for frame 166 received at 1573043965694
11-06 14:39:25.737 24017 24051 D Evaluation: Frame 174 sent at 1573043965737
11-06 14:39:25.738 24017 24051 D Evaluation: 0 res for frame 167 received at 1573043965738
11-06 14:39:25.762 24017 24051 D Evaluation: Frame 176 sent at 1573043965762
11-06 14:39:25.763 24017 24051 D Evaluation: 0 res for frame 168 received at 1573043965763
11-06 14:39:25.780 24017 24051 D Evaluation: Frame 176 sent at 1573043965780
11-06 14:39:25.781 24017 24051 D Evaluation: 0 res for frame 169 received at 1573043965781
11-06 14:39:25.863 24017 24051 D Evaluation: Frame 177 sent at 1573043965862
11-06 14:39:25.864 24017 24051 D Evaluation: 0 res for frame 170 received at 1573043965864
11-06 14:39:25.895 24017 24051 D Evaluation: Frame 178 sent at 1573043965895
11-06 14:39:25.896 24017 24051 D Evaluation: 0 res for frame 171 received at 1573043965896
11-06 14:39:25.929 24017 24051 D Evaluation: Frame 179 sent at 1573043965929
11-06 14:39:25.931 24017 24051 D Evaluation: 0 res for frame 172 received at 1573043965931
11-06 14:39:25.958 24017 24051 D Evaluation: Frame 180 sent at 1573043965958
11-06 14:39:25.959 24017 24051 D Evaluation: 0 res for frame 173 received at 1573043965959
11-06 14:39:25.993 24017 24051 D Evaluation: Frame 181 sent at 1573043965993
11-06 14:39:26.029 24017 24051 D Evaluation: Frame 182 sent at 1573043966029
11-06 14:39:26.055 24017 24051 D Evaluation: Frame 183 sent at 1573043966055
11-06 14:39:26.056 24017 24051 D Evaluation: 0 res for frame 174 received at 1573043966056
11-06 14:39:26.096 24017 24051 D Evaluation: Frame 184 sent at 1573043966096
11-06 14:39:26.124 24017 24028 E         : [ZeroHung]zrhung_get_config: Get config failed for wp[0x0008]
11-06 14:39:26.125 24017 24051 D Evaluation: Frame 185 sent at 1573043966125
11-06 14:39:26.156 24017 24026 W System  : A resource failed to call close. 
11-06 14:39:26.156 24017 24026 W System  : A resource failed to call close. 
11-06 14:39:26.156 24017 24026 W System  : A resource failed to call close. 
11-06 14:39:26.156 24017 24026 I chatty  : uid=10149(symlab.cloudridar.arhud) FinalizerDaemon identical 2 lines
11-06 14:39:26.157 24017 24026 W System  : A resource failed to call close. 
11-06 14:39:26.157 24017 24026 W System  : A resource failed to call close. 
11-06 14:39:26.157 24017 24026 I chatty  : uid=10149(symlab.cloudridar.arhud) FinalizerDaemon identical 5 lines
11-06 14:39:26.157 24017 24026 W System  : A resource failed to call close. 
11-06 14:39:26.157 24017 24026 W System  : A resource failed to call close. 
11-06 14:39:26.157 24017 24026 I chatty  : uid=10149(symlab.cloudridar.arhud) FinalizerDaemon identical 1 line
11-06 14:39:26.157 24017 24026 W System  : A resource failed to call close. 
11-06 14:39:26.158 24017 24026 W System  : A resource failed to call close. 
11-06 14:39:26.158 24017 24026 I chatty  : uid=10149(symlab.cloudridar.arhud) FinalizerDaemon identical 1 line
11-06 14:39:26.158 24017 24026 W System  : A resource failed to call close. 
11-06 14:39:26.158 24017 24026 W System  : A resource failed to call close. 
11-06 14:39:26.158 24017 24026 I chatty  : uid=10149(symlab.cloudridar.arhud) FinalizerDaemon identical 1 line
11-06 14:39:26.158 24017 24026 W System  : A resource failed to call close. 
11-06 14:39:26.158 24017 24026 W System  : A resource failed to call close. 
11-06 14:39:26.158 24017 24026 W System  : A resource failed to call close. 
11-06 14:39:26.158 24017 24026 W System  : A resource failed to call close. 
11-06 14:39:26.158 24017 24026 W System  : A resource failed to call close. 
11-06 14:39:26.158 24017 24026 W System  : A resource failed to call close. 
11-06 14:39:26.159 24017 24026 I chatty  : uid=10149(symlab.cloudridar.arhud) FinalizerDaemon identical 7 lines
11-06 14:39:26.159 24017 24026 W System  : A resource failed to call close. 
11-06 14:39:26.159 24017 24026 W System  : A resource failed to call close. 
11-06 14:39:26.161 24017 24026 I chatty  : uid=10149(symlab.cloudridar.arhud) FinalizerDaemon identical 13 lines
11-06 14:39:26.161 24017 24026 W System  : A resource failed to call close. 
11-06 14:39:26.164 24017 24051 W System.err: java.net.SocketException: Message too long
11-06 14:39:26.164 24017 24051 W System.err: 	at sun.nio.ch.DatagramChannelImpl.send0(Native Method)
11-06 14:39:26.164 24017 24051 W System.err: 	at sun.nio.ch.DatagramChannelImpl.sendFromNativeBuffer(DatagramChannelImpl.java:573)
11-06 14:39:26.164 24017 24051 W System.err: 	at sun.nio.ch.DatagramChannelImpl.send(DatagramChannelImpl.java:550)
11-06 14:39:26.164 24017 24051 W System.err: 	at sun.nio.ch.DatagramChannelImpl.send(DatagramChannelImpl.java:514)
11-06 14:39:26.164 24017 24051 W System.err: 	at symlab.CloudAR.network.TransmissionTask.run(TransmissionTask.java:124)
11-06 14:39:26.164 24017 24051 W System.err: 	at android.os.Handler.handleCallback(Handler.java:907)
11-06 14:39:26.164 24017 24051 W System.err: 	at android.os.Handler.dispatchMessage(Handler.java:105)
11-06 14:39:26.164 24017 24051 W System.err: 	at android.os.Looper.loop(Looper.java:216)
11-06 14:39:26.164 24017 24051 W System.err: 	at android.os.HandlerThread.run(HandlerThread.java:65)
11-06 14:39:26.186 24017 24051 D Evaluation: Frame 187 sent at 1573043966186
11-06 14:39:26.187 24017 24051 D Evaluation: 0 res for frame 176 received at 1573043966187
11-06 14:39:26.223 24017 24017 D Poster  : At 1573043966223 location is 65.05759682884596 (latitude), and 25.46827529884656 (longitude)
11-06 14:39:26.225 24017 24051 D Evaluation: Frame 188 sent at 1573043966225
11-06 14:39:26.225 24017 24017 D Poster  : Connected to mobile network 20
11-06 14:39:26.226 24017 24051 D Evaluation: 0 res for frame 176 received at 1573043966226
11-06 14:39:26.259 24017 24051 D Evaluation: Frame 189 sent at 1573043966259
11-06 14:39:26.280 24017 24051 D Evaluation: Frame 190 sent at 1573043966280
11-06 14:39:26.331 24017 24051 D Evaluation: Frame 191 sent at 1573043966331
11-06 14:39:26.332 24017 24051 D Evaluation: 0 res for frame 177 received at 1573043966332
11-06 14:39:26.364 24017 24051 D Evaluation: Frame 192 sent at 1573043966364
11-06 14:39:26.384 24017 24051 D Evaluation: Frame 193 sent at 1573043966384
11-06 14:39:26.385 24017 24051 D Evaluation: 0 res for frame 178 received at 1573043966385
11-06 14:39:26.422 24017 24051 D Evaluation: Frame 194 sent at 1573043966422
11-06 14:39:26.423 24017 24051 D Evaluation: 0 res for frame 179 received at 1573043966423
11-06 14:39:26.451 24017 24051 D Evaluation: Frame 195 sent at 1573043966451
11-06 14:39:26.452 24017 24051 D Evaluation: 0 res for frame 180 received at 1573043966452
11-06 14:39:26.562 24017 24051 D Evaluation: Frame 197 sent at 1573043966562
11-06 14:39:26.564 24017 24051 D Evaluation: 1 res for frame 181 received at 1573043966564
11-06 14:39:26.589 24017 24051 D Evaluation: Frame 198 sent at 1573043966589
11-06 14:39:26.590 24017 24051 D Evaluation: 0 res for frame 182 received at 1573043966590
11-06 14:39:26.609 24017 24051 D Evaluation: Frame 199 sent at 1573043966609
11-06 14:39:26.611 24017 24051 D Evaluation: 0 res for frame 183 received at 1573043966610
11-06 14:39:26.628 24017 24051 D Evaluation: Frame 199 sent at 1573043966628
11-06 14:39:26.662 24017 24051 D Evaluation: Frame 200 sent at 1573043966662
11-06 14:39:26.664 24017 24051 D Evaluation: 0 res for frame 184 received at 1573043966663
11-06 14:39:26.687 24017 24051 D Evaluation: Frame 201 sent at 1573043966687
11-06 14:39:26.688 24017 24051 D Evaluation: 0 res for frame 185 received at 1573043966688
11-06 14:39:26.733 24017 24051 D Evaluation: Frame 202 sent at 1573043966733
11-06 14:39:26.734 24017 24051 D Evaluation: 0 res for frame 187 received at 1573043966734
11-06 14:39:26.770 24017 24051 D Evaluation: Frame 203 sent at 1573043966770
11-06 14:39:26.771 24017 24051 D Evaluation: 0 res for frame 188 received at 1573043966771
11-06 14:39:26.794 24017 24051 D Evaluation: Frame 204 sent at 1573043966794
11-06 14:39:26.795 24017 24051 D Evaluation: 0 res for frame 189 received at 1573043966795
11-06 14:39:26.823 24017 24051 D Evaluation: Frame 205 sent at 1573043966823
11-06 14:39:26.825 24017 24051 D Evaluation: 0 res for frame 190 received at 1573043966825
11-06 14:39:26.856 24017 24051 D Evaluation: Frame 206 sent at 1573043966856
11-06 14:39:26.903 24017 24051 D Evaluation: Frame 207 sent at 1573043966902
11-06 14:39:26.904 24017 24051 D Evaluation: 0 res for frame 191 received at 1573043966904
11-06 14:39:26.926 24017 24051 D Evaluation: Frame 208 sent at 1573043966926
11-06 14:39:26.927 24017 24051 D Evaluation: 0 res for frame 192 received at 1573043966927
11-06 14:39:26.965 24017 24051 D Evaluation: Frame 209 sent at 1573043966965
11-06 14:39:26.966 24017 24051 D Evaluation: 0 res for frame 193 received at 1573043966966
11-06 14:39:27.000 24017 24051 D Evaluation: Frame 210 sent at 1573043967000
11-06 14:39:27.034 24017 24051 D Evaluation: Frame 211 sent at 1573043967034
11-06 14:39:27.072 24017 24051 D Evaluation: Frame 212 sent at 1573043967072
11-06 14:39:27.074 24017 24051 D Evaluation: 0 res for frame 194 received at 1573043967074
11-06 14:39:27.105 24017 24051 D Evaluation: Frame 213 sent at 1573043967104
11-06 14:39:27.106 24017 24051 D Evaluation: 0 res for frame 195 received at 1573043967106
11-06 14:39:27.128 24017 24051 D Evaluation: Frame 214 sent at 1573043967128
11-06 14:39:27.164 24017 24051 D Evaluation: Frame 215 sent at 1573043967164
11-06 14:39:27.203 24017 24051 D Evaluation: Frame 216 sent at 1573043967203
11-06 14:39:27.222 24017 24017 D Poster  : At 1573043967222 location is 65.05760088123354 (latitude), and 25.468264521430513 (longitude)
11-06 14:39:27.224 24017 24017 D Poster  : Connected to mobile network 20
11-06 14:39:27.232 24017 24051 D Evaluation: Frame 217 sent at 1573043967232
11-06 14:39:27.261 24017 24051 D Evaluation: Frame 218 sent at 1573043967261
11-06 14:39:27.315 24017 24028 E         : [ZeroHung]zrhung_get_config: Get config failed for wp[0x0008]
11-06 14:39:27.316 24017 24051 D Evaluation: Frame 220 sent at 1573043967316
11-06 14:39:27.318 24017 24051 D Evaluation: 0 res for frame 197 received at 1573043967318
11-06 14:39:27.337 24017 24051 D Evaluation: Frame 220 sent at 1573043967337
11-06 14:39:27.338 24017 24051 D Evaluation: 0 res for frame 198 received at 1573043967338
11-06 14:39:27.344 24017 24026 W System  : A resource failed to call close. 
11-06 14:39:27.349 24017 24026 I chatty  : uid=10149(symlab.cloudridar.arhud) FinalizerDaemon identical 38 lines
11-06 14:39:27.349 24017 24026 W System  : A resource failed to call close. 
11-06 14:39:27.395 24017 24051 D Evaluation: Frame 221 sent at 1573043967395
11-06 14:39:27.396 24017 24051 D Evaluation: 0 res for frame 199 received at 1573043967396
11-06 14:39:27.452 24017 24051 D Evaluation: Frame 223 sent at 1573043967451
11-06 14:39:27.453 24017 24051 D Evaluation: 0 res for frame 199 received at 1573043967453
11-06 14:39:27.474 24017 24051 D Evaluation: Frame 224 sent at 1573043967474
11-06 14:39:27.475 24017 24051 D Evaluation: 0 res for frame 200 received at 1573043967475
11-06 14:39:27.493 24017 24051 D Evaluation: Frame 224 sent at 1573043967493
11-06 14:39:27.494 24017 24051 D Evaluation: 0 res for frame 201 received at 1573043967494
11-06 14:39:27.551 24017 24051 D Evaluation: Frame 225 sent at 1573043967551
11-06 14:39:27.552 24017 24051 D Evaluation: 0 res for frame 202 received at 1573043967552
11-06 14:39:27.613 24017 24051 D Evaluation: Frame 226 sent at 1573043967612
11-06 14:39:27.614 24017 24051 D Evaluation: 0 res for frame 203 received at 1573043967614
11-06 14:39:27.643 24017 24051 D Evaluation: Frame 227 sent at 1573043967642
11-06 14:39:27.644 24017 24051 D Evaluation: 0 res for frame 204 received at 1573043967644
11-06 14:39:27.677 24017 24051 D Evaluation: Frame 228 sent at 1573043967677
11-06 14:39:27.678 24017 24051 D Evaluation: 0 res for frame 205 received at 1573043967678
11-06 14:39:27.712 24017 24051 D Evaluation: Frame 229 sent at 1573043967712
11-06 14:39:27.713 24017 24051 D Evaluation: 0 res for frame 206 received at 1573043967713
11-06 14:39:27.745 24017 24051 D Evaluation: Frame 231 sent at 1573043967745
11-06 14:39:27.746 24017 24051 D Evaluation: 0 res for frame 207 received at 1573043967746
11-06 14:39:27.766 24017 24051 D Evaluation: Frame 231 sent at 1573043967766
11-06 14:39:27.767 24017 24051 D Evaluation: 0 res for frame 208 received at 1573043967767
11-06 14:39:27.785 24017 24051 D Evaluation: Frame 232 sent at 1573043967785
11-06 14:39:27.786 24017 24051 D Evaluation: 0 res for frame 209 received at 1573043967786
11-06 14:39:27.828 24017 24051 D Evaluation: Frame 233 sent at 1573043967828
11-06 14:39:27.829 24017 24051 D Evaluation: 0 res for frame 210 received at 1573043967829
11-06 14:39:27.866 24017 24051 D Evaluation: Frame 234 sent at 1573043967866
11-06 14:39:27.868 24017 24051 D Evaluation: 0 res for frame 211 received at 1573043967868
11-06 14:39:27.904 24017 24051 D Evaluation: Frame 235 sent at 1573043967904
11-06 14:39:27.905 24017 24051 D Evaluation: 0 res for frame 212 received at 1573043967905
11-06 14:39:27.944 24017 24051 D Evaluation: Frame 237 sent at 1573043967944
11-06 14:39:27.946 24017 24051 D Evaluation: 0 res for frame 213 received at 1573043967946
11-06 14:39:27.966 24017 24051 D Evaluation: Frame 237 sent at 1573043967966
11-06 14:39:28.082 24017 24051 D Evaluation: Frame 238 sent at 1573043968082
11-06 14:39:28.084 24017 24051 D Evaluation: 0 res for frame 214 received at 1573043968084
11-06 14:39:28.106 24017 24051 D Evaluation: Frame 239 sent at 1573043968106
11-06 14:39:28.107 24017 24051 D Evaluation: 0 res for frame 215 received at 1573043968107
11-06 14:39:28.138 24017 24051 D Evaluation: Frame 240 sent at 1573043968138
11-06 14:39:28.140 24017 24051 D Evaluation: 0 res for frame 216 received at 1573043968140
11-06 14:39:28.169 24017 24051 D Evaluation: Frame 241 sent at 1573043968168
11-06 14:39:28.170 24017 24051 D Evaluation: 0 res for frame 217 received at 1573043968170
11-06 14:39:28.210 24017 24051 D Evaluation: Frame 242 sent at 1573043968210
11-06 14:39:28.210 24017 24017 D Poster  : At 1573043968210 location is 65.05760681017473 (latitude), and 25.468255444346674 (longitude)
11-06 14:39:28.211 24017 24051 D Evaluation: 0 res for frame 218 received at 1573043968211
11-06 14:39:28.213 24017 24017 D Poster  : Connected to mobile network 20
11-06 14:39:28.239 24017 24051 D Evaluation: Frame 243 sent at 1573043968239
11-06 14:39:28.240 24017 24051 D Evaluation: 1 res for frame 220 received at 1573043968240
11-06 14:39:28.257 24017 24051 D Evaluation: Frame 244 sent at 1573043968257
11-06 14:39:28.258 24017 24051 D Evaluation: 0 res for frame 220 received at 1573043968258
11-06 14:39:28.296 24017 24051 D Evaluation: Frame 245 sent at 1573043968296
11-06 14:39:28.297 24017 24051 D Evaluation: 0 res for frame 221 received at 1573043968297
11-06 14:39:28.330 24017 24051 D Evaluation: Frame 246 sent at 1573043968330
11-06 14:39:28.331 24017 24051 D Evaluation: 0 res for frame 223 received at 1573043968331
11-06 14:39:28.369 24017 24051 D Evaluation: Frame 247 sent at 1573043968369
11-06 14:39:28.370 24017 24051 D Evaluation: 0 res for frame 223 received at 1573043968370
11-06 14:39:28.411 24017 24051 D Evaluation: Frame 248 sent at 1573043968411
11-06 14:39:28.413 24017 24051 D Evaluation: 0 res for frame 224 received at 1573043968413
11-06 14:39:28.441 24017 24051 D Evaluation: Frame 249 sent at 1573043968441
11-06 14:39:28.482 24017 24051 D Evaluation: Frame 250 sent at 1573043968482
11-06 14:39:28.483 24017 24051 D Evaluation: 0 res for frame 225 received at 1573043968483
11-06 14:39:28.515 24017 24051 D Evaluation: Frame 251 sent at 1573043968515
11-06 14:39:28.516 24017 24051 D Evaluation: 0 res for frame 226 received at 1573043968516
11-06 14:39:28.540 24017 24051 D Evaluation: Frame 252 sent at 1573043968540
11-06 14:39:28.541 24017 24051 D Evaluation: 0 res for frame 227 received at 1573043968541
11-06 14:39:28.570 24017 24051 D Evaluation: Frame 253 sent at 1573043968570
11-06 14:39:28.573 24017 24051 D Evaluation: 0 res for frame 228 received at 1573043968573
11-06 14:39:28.598 24017 24051 D Evaluation: Frame 254 sent at 1573043968598
11-06 14:39:28.599 24017 24051 D Evaluation: 0 res for frame 229 received at 1573043968599
11-06 14:39:28.630 24017 24051 D Evaluation: Frame 255 sent at 1573043968630
11-06 14:39:28.632 24017 24051 D Evaluation: 0 res for frame 231 received at 1573043968632
11-06 14:39:28.665 24017 24051 D Evaluation: Frame 256 sent at 1573043968664
11-06 14:39:28.666 24017 24051 D Evaluation: 0 res for frame 231 received at 1573043968666
11-06 14:39:28.703 24017 24051 D Evaluation: Frame 257 sent at 1573043968703
11-06 14:39:28.705 24017 24051 D Evaluation: 0 res for frame 232 received at 1573043968705
11-06 14:39:28.743 24017 24051 D Evaluation: Frame 258 sent at 1573043968743
11-06 14:39:28.744 24017 24051 D Evaluation: 0 res for frame 233 received at 1573043968744
11-06 14:39:28.787 24017 24028 E         : [ZeroHung]zrhung_get_config: Get config failed for wp[0x0008]
11-06 14:39:28.787 24017 24051 D Evaluation: Frame 259 sent at 1573043968787
11-06 14:39:28.790 24017 24051 D Evaluation: 0 res for frame 234 received at 1573043968790
11-06 14:39:28.807 24017 24026 W System  : A resource failed to call close. 
11-06 14:39:28.808 24017 24026 I chatty  : uid=10149(symlab.cloudridar.arhud) FinalizerDaemon identical 8 lines
11-06 14:39:28.808 24017 24026 W System  : A resource failed to call close. 
11-06 14:39:28.808 24017 24026 W System  : A resource failed to call close. 
11-06 14:39:28.808 24017 24026 W System  : A resource failed to call close. 
11-06 14:39:28.809 24017 24026 W System  : A resource failed to call close. 
11-06 14:39:28.809 24017 24026 W System  : A resource failed to call close. 
11-06 14:39:28.809 24017 24026 W System  : A resource failed to call close. 
11-06 14:39:28.809 24017 24026 I chatty  : uid=10149(symlab.cloudridar.arhud) FinalizerDaemon identical 2 lines
11-06 14:39:28.810 24017 24026 W System  : A resource failed to call close. 
11-06 14:39:28.810 24017 24026 W System  : A resource failed to call close. 
11-06 14:39:28.811 24017 24026 I chatty  : uid=10149(symlab.cloudridar.arhud) FinalizerDaemon identical 8 lines
11-06 14:39:28.811 24017 24026 W System  : A resource failed to call close. 
