--------- beginning of main
11-06 11:29:02.699 31245 31274 E         : [ZeroHung]zrhung_get_config: Get config failed for wp[0x0102]
11-06 11:29:02.699 31245 31274 W ZrHung.AppEyeUiProbe: Failed to get config from zrhung
11-06 11:29:02.703 31272 31272 W logcat  : type=1400 audit(0.0:37013): avc: granted { create } for name="logcat_1573032542692.txt" scontext=u:r:untrusted_app:s0:c149,c256,c512,c768 tcontext=u:object_r:sdcardfs:s0:c149,c256,c512,c768 tclass=file
11-06 11:29:02.708 31245 31245 I MultiDex: Installing application
11-06 11:29:02.708 31245 31245 I MultiDex: VM has multidex support, MultiDex support library is disabled.
--------- beginning of system
11-06 11:29:02.712 31245 31245 V ActivityThread: callActivityOnCreate
11-06 11:29:02.712 31245 31245 I Poster  :  onCreate() called.
11-06 11:29:02.715 31245 31245 I HwApsImpl: APS: new HwApsImpl created
11-06 11:29:02.722 31245 31245 V HwWidgetFactory: : successes to get AllImpl object and return....
11-06 11:29:02.729 31245 31245 D OpenGLRenderer: Skia GL Pipeline
11-06 11:29:02.754 31245 31245 D Poster  : Server bound to IP 193.166.28.132 and port 52727
11-06 11:29:02.758 31245 31284 D Evaluation: metadata 0 sent 
11-06 11:29:02.759 31245 31245 D ActivityThread: add activity client record, r= ActivityRecord{fd66872 token=android.os.BinderProxy@8cd3ec5 {symlab.cloudridar.arhud/symlab.ARHUD.MainActivity}} token= android.os.BinderProxy@8cd3ec5
11-06 11:29:02.761 31245 31245 I Poster  :  onStart() called.
11-06 11:29:02.762 31245 31245 D ZrHung.AppEyeUiProbe: notify runnable to start.
11-06 11:29:02.763 31245 31245 I Poster  :  onResume() called.
11-06 11:29:02.767 31245 31245 I PermissionManager: camera remind result:true
11-06 11:29:02.767 31245 31245 I Camera  : open camera: 0, package name: symlab.cloudridar.arhud
11-06 11:29:02.767 31245 31245 I BackgroundPermManager: pkgName: symlab.cloudridar.arhud,pid: 31245 ,uidOf3RdApk: 10149 ,permType: 0 ,permCfg: 1
11-06 11:29:02.768 31245 31245 I HwCameraUtil: notifySurfaceFlingerCameraStatus : isFront = false , isOpend = true
11-06 11:29:02.778 31245 31245 D ActivityThread: isOptEnabled=false isWechatScanOpt=false
11-06 11:29:02.780 31245 31245 I HwSecImmHelper: mSecurityInputMethodService is null
11-06 11:29:02.788 31245 31245 D OpenGLRenderer:   HWUI Binary is  enabled
11-06 11:29:02.802 31245 31302 D HiTouch_PressGestureDetector: onAttached, package=symlab.cloudridar.arhud, windowType=1, mHiTouchRestricted=false
11-06 11:29:02.812 31245 31301 I ConfigStore: android::hardware::configstore::V1_0::ISurfaceFlingerConfigs::hasWideColorDisplay retrieved: 0
11-06 11:29:02.812 31245 31301 I ConfigStore: android::hardware::configstore::V1_0::ISurfaceFlingerConfigs::hasHDRDisplay retrieved: 0
11-06 11:29:02.812 31245 31301 I iGraphics: [0020080c] pn: symlab.cloudridar.arhud, p: 31245
11-06 11:29:02.812 31245 31301 I OpenGLRenderer: Initialized EGL, version 1.4, mEglDisplay 0x1
11-06 11:29:02.812 31245 31301 D OpenGLRenderer: Swap behavior 2
11-06 11:29:02.820 31245 31301 D mali_winsys: EGLint new_window_surface(egl_winsys_display *, void *, EGLSurface, EGLConfig, egl_winsys_surface **, EGLBoolean) returns 0x3000
11-06 11:29:02.832 31245 31245 I Poster  :  surfaceCreated() called.
11-06 11:29:02.832 31245 31245 I Poster  : initPreview() called
11-06 11:29:02.837 31245 31245 I PermissionManager: camera remind result:true
11-06 11:29:02.842 31245 31245 I Poster  :  surfaceChanged() called.
11-06 11:29:02.859 31245 31245 W InputMethodManager: startInputReason = 1
11-06 11:29:02.880 31245 31245 W InputMethodManager: startInputReason = 5
11-06 11:29:03.127 31245 31284 D Evaluation: metadata 1 sent 
11-06 11:29:03.159 31245 31284 D Evaluation: metadata 2 sent 
11-06 11:29:03.195 31245 31284 D Evaluation: metadata 3 sent 
11-06 11:29:03.229 31245 31284 D Evaluation: metadata 4 sent 
11-06 11:29:03.264 31245 31284 D Evaluation: metadata 5 sent 
11-06 11:29:03.319 31245 31284 D Evaluation: Frame 6 sent at 1573032543319
11-06 11:29:03.341 31245 31284 D Evaluation: Frame 7 sent at 1573032543341
11-06 11:29:03.375 31245 31284 D Evaluation: Frame 8 sent at 1573032543375
11-06 11:29:03.408 31245 31284 D Evaluation: Frame 9 sent at 1573032543408
11-06 11:29:03.450 31245 31284 D Evaluation: Frame 10 sent at 1573032543450
11-06 11:29:03.478 31245 31284 D Evaluation: Frame 11 sent at 1573032543478
11-06 11:29:03.545 31245 31260 E         : [ZeroHung]zrhung_get_config: Get config failed for wp[0x0008]
11-06 11:29:03.546 31245 31284 D Evaluation: Frame 12 sent at 1573032543546
11-06 11:29:03.582 31245 31284 D Evaluation: Frame 13 sent at 1573032543582
11-06 11:29:03.583 31245 31284 D Evaluation: 0 res for frame 6 received at 1573032543583
11-06 11:29:03.677 31245 31284 D Evaluation: Frame 14 sent at 1573032543677
11-06 11:29:03.742 31245 31284 D Evaluation: Frame 15 sent at 1573032543742
11-06 11:29:03.742 31245 31284 D Evaluation: 0 res for frame 7 received at 1573032543742
11-06 11:29:03.809 31245 31284 D Evaluation: Frame 16 sent at 1573032543809
11-06 11:29:03.844 31245 31284 D Evaluation: Frame 17 sent at 1573032543844
11-06 11:29:03.881 31245 31284 D Evaluation: Frame 18 sent at 1573032543881
11-06 11:29:03.882 31245 31284 D Evaluation: 0 res for frame 8 received at 1573032543882
11-06 11:29:03.911 31245 31284 D Evaluation: Frame 19 sent at 1573032543910
11-06 11:29:03.943 31245 31284 D Evaluation: Frame 20 sent at 1573032543943
11-06 11:29:03.977 31245 31284 D Evaluation: Frame 21 sent at 1573032543977
11-06 11:29:04.018 31245 31284 D Evaluation: Frame 22 sent at 1573032544018
11-06 11:29:04.053 31245 31284 D Evaluation: Frame 23 sent at 1573032544053
11-06 11:29:04.092 31245 31284 D Evaluation: Frame 24 sent at 1573032544092
11-06 11:29:04.151 31245 31284 D Evaluation: Frame 25 sent at 1573032544151
11-06 11:29:04.153 31245 31284 D Evaluation: 0 res for frame 14 received at 1573032544153
11-06 11:29:04.174 31245 31284 D Evaluation: Frame 26 sent at 1573032544174
11-06 11:29:04.198 31245 31284 D Evaluation: Frame 27 sent at 1573032544198
11-06 11:29:04.238 31245 31284 D Evaluation: Frame 28 sent at 1573032544238
11-06 11:29:04.240 31245 31284 D Evaluation: 0 res for frame 15 received at 1573032544240
11-06 11:29:04.269 31245 31284 D Evaluation: Frame 29 sent at 1573032544269
11-06 11:29:04.301 31245 31284 D Evaluation: Frame 30 sent at 1573032544301
11-06 11:29:04.338 31245 31284 D Evaluation: Frame 31 sent at 1573032544338
11-06 11:29:04.371 31245 31284 D Evaluation: Frame 32 sent at 1573032544371
11-06 11:29:04.405 31245 31284 D Evaluation: Frame 33 sent at 1573032544405
11-06 11:29:04.438 31245 31284 D Evaluation: Frame 34 sent at 1573032544437
11-06 11:29:04.468 31245 31284 D Evaluation: Frame 35 sent at 1573032544468
11-06 11:29:04.495 31245 31284 D Evaluation: Frame 36 sent at 1573032544495
11-06 11:29:04.533 31245 31284 D Evaluation: Frame 37 sent at 1573032544533
11-06 11:29:04.576 31245 31284 D Evaluation: Frame 38 sent at 1573032544576
11-06 11:29:04.621 31245 31284 D Evaluation: Frame 39 sent at 1573032544621
11-06 11:29:04.641 31245 31284 D Evaluation: Frame 40 sent at 1573032544641
11-06 11:29:04.667 31245 31284 D Evaluation: Frame 41 sent at 1573032544667
11-06 11:29:04.702 31245 31284 D Evaluation: Frame 42 sent at 1573032544702
11-06 11:29:04.748 31245 31284 D Evaluation: Frame 43 sent at 1573032544748
11-06 11:29:04.777 31245 31284 D Evaluation: Frame 44 sent at 1573032544777
11-06 11:29:04.843 31245 31284 D Evaluation: Frame 45 sent at 1573032544843
11-06 11:29:04.888 31245 31284 D Evaluation: Frame 46 sent at 1573032544888
11-06 11:29:04.913 31245 31284 D Evaluation: Frame 47 sent at 1573032544913
11-06 11:29:04.940 31245 31284 D Evaluation: Frame 48 sent at 1573032544940
11-06 11:29:04.997 31245 31284 D Evaluation: Frame 49 sent at 1573032544997
11-06 11:29:05.025 31245 31284 D Evaluation: Frame 50 sent at 1573032545025
11-06 11:29:05.063 31245 31284 D Evaluation: Frame 51 sent at 1573032545063
11-06 11:29:05.098 31245 31284 D Evaluation: Frame 52 sent at 1573032545098
11-06 11:29:05.134 31245 31284 D Evaluation: Frame 53 sent at 1573032545134
11-06 11:29:05.183 31245 31284 D Evaluation: Frame 54 sent at 1573032545183
11-06 11:29:05.207 31245 31284 D Evaluation: Frame 55 sent at 1573032545207
11-06 11:29:05.242 31245 31284 D Evaluation: Frame 56 sent at 1573032545242
11-06 11:29:05.282 31245 31284 D Evaluation: Frame 57 sent at 1573032545282
11-06 11:29:05.317 31245 31284 D Evaluation: Frame 58 sent at 1573032545317
11-06 11:29:05.347 31245 31284 D Evaluation: Frame 59 sent at 1573032545347
11-06 11:29:05.381 31245 31284 D Evaluation: Frame 60 sent at 1573032545381
11-06 11:29:05.421 31245 31284 D Evaluation: Frame 61 sent at 1573032545421
11-06 11:29:05.437 31245 31284 D Evaluation: Frame 62 sent at 1573032545437
11-06 11:29:05.474 31245 31284 D Evaluation: Frame 63 sent at 1573032545474
11-06 11:29:05.507 31245 31284 D Evaluation: Frame 64 sent at 1573032545507
11-06 11:29:05.534 31245 31284 D Evaluation: Frame 65 sent at 1573032545534
11-06 11:29:05.535 31245 31284 D Evaluation: 0 res for frame 49 received at 1573032545535
11-06 11:29:05.573 31245 31284 D Evaluation: Frame 66 sent at 1573032545573
11-06 11:29:05.574 31245 31284 D Evaluation: 0 res for frame 51 received at 1573032545574
11-06 11:29:05.607 31245 31284 D Evaluation: Frame 67 sent at 1573032545607
11-06 11:29:05.609 31245 31284 D Evaluation: 0 res for frame 52 received at 1573032545609
11-06 11:29:05.663 31245 31284 D Evaluation: Frame 68 sent at 1573032545663
11-06 11:29:05.664 31245 31284 D Evaluation: 0 res for frame 53 received at 1573032545664
11-06 11:29:05.694 31245 31284 D Evaluation: Frame 69 sent at 1573032545694
11-06 11:29:05.695 31245 31284 D Evaluation: 0 res for frame 54 received at 1573032545695
11-06 11:29:05.729 31245 31284 D Evaluation: Frame 70 sent at 1573032545729
11-06 11:29:05.730 31245 31284 D Evaluation: 0 res for frame 55 received at 1573032545730
11-06 11:29:05.766 31245 31284 D Evaluation: Frame 71 sent at 1573032545766
11-06 11:29:05.767 31245 31284 D Evaluation: 0 res for frame 56 received at 1573032545767
11-06 11:29:05.818 31245 31284 D Evaluation: Frame 72 sent at 1573032545818
11-06 11:29:05.874 31245 31284 D Evaluation: Frame 73 sent at 1573032545874
11-06 11:29:05.920 31245 31284 D Evaluation: Frame 74 sent at 1573032545920
11-06 11:29:05.966 31245 31284 D Evaluation: Frame 75 sent at 1573032545966
11-06 11:29:05.967 31245 31284 D Evaluation: 0 res for frame 61 received at 1573032545967
11-06 11:29:06.018 31245 31284 D Evaluation: Frame 76 sent at 1573032546018
11-06 11:29:06.062 31245 31260 E         : [ZeroHung]zrhung_get_config: Get config failed for wp[0x0008]
11-06 11:29:06.063 31245 31284 D Evaluation: Frame 77 sent at 1573032546063
11-06 11:29:06.078 31245 31258 W System  : A resource failed to call close. 
11-06 11:29:06.080 31245 31258 I chatty  : uid=10149(symlab.cloudridar.arhud) FinalizerDaemon identical 24 lines
11-06 11:29:06.081 31245 31258 W System  : A resource failed to call close. 
11-06 11:29:06.116 31245 31284 D Evaluation: Frame 78 sent at 1573032546116
11-06 11:29:06.169 31245 31284 D Evaluation: Frame 79 sent at 1573032546169
11-06 11:29:06.207 31245 31284 D Evaluation: Frame 80 sent at 1573032546207
11-06 11:29:06.267 31245 31284 D Evaluation: Frame 81 sent at 1573032546267
11-06 11:29:06.320 31245 31284 D Evaluation: Frame 82 sent at 1573032546320
11-06 11:29:06.377 31245 31284 D Evaluation: Frame 83 sent at 1573032546377
11-06 11:29:06.418 31245 31284 D Evaluation: Frame 84 sent at 1573032546418
11-06 11:29:06.419 31245 31284 D Evaluation: 0 res for frame 73 received at 1573032546419
11-06 11:29:06.432 31245 31245 D stylus  : init stylus touchlistener.
11-06 11:29:06.437 31245 31245 W Settings: Setting device_provisioned has moved from android.provider.Settings.Secure to android.provider.Settings.Global.
11-06 11:29:06.438 31245 31245 V HiTouch_HiTouchSensor: User setup is finished.
11-06 11:29:06.465 31245 31284 D Evaluation: Frame 85 sent at 1573032546465
11-06 11:29:06.467 31245 31284 D Evaluation: 0 res for frame 74 received at 1573032546467
11-06 11:29:06.500 31245 31284 D Evaluation: Frame 86 sent at 1573032546500
11-06 11:29:06.501 31245 31284 D Evaluation: 0 res for frame 75 received at 1573032546501
11-06 11:29:06.538 31245 31284 D Evaluation: Frame 87 sent at 1573032546538
11-06 11:29:06.540 31245 31284 D Evaluation: 0 res for frame 76 received at 1573032546540
11-06 11:29:06.546 31245 31245 W HiTouch_PressGestureDetector: Touch pointer move a lot. The moving distance of X is:28.646606, limit is:60The moving distance of Y is:92.4182, limit is:60
11-06 11:29:06.559 31245 31284 D Evaluation: Frame 88 sent at 1573032546558
11-06 11:29:06.602 31245 31284 D Evaluation: Frame 89 sent at 1573032546602
11-06 11:29:06.622 31245 31284 D Evaluation: Frame 90 sent at 1573032546622
11-06 11:29:06.623 31245 31284 D Evaluation: 0 res for frame 78 received at 1573032546623
11-06 11:29:06.657 31245 31284 D Evaluation: Frame 91 sent at 1573032546657
11-06 11:29:06.658 31245 31284 D Evaluation: 0 res for frame 79 received at 1573032546658
11-06 11:29:06.691 31245 31284 D Evaluation: Frame 92 sent at 1573032546691
11-06 11:29:06.692 31245 31284 D Evaluation: 0 res for frame 80 received at 1573032546692
11-06 11:29:06.730 31245 31284 D Evaluation: Frame 93 sent at 1573032546730
11-06 11:29:06.732 31245 31284 D Evaluation: 0 res for frame 81 received at 1573032546731
11-06 11:29:06.760 31245 31284 D Evaluation: Frame 94 sent at 1573032546760
11-06 11:29:06.791 31245 31284 D Evaluation: Frame 95 sent at 1573032546791
11-06 11:29:06.792 31245 31284 D Evaluation: 0 res for frame 82 received at 1573032546792
11-06 11:29:06.828 31245 31284 D Evaluation: Frame 96 sent at 1573032546828
11-06 11:29:06.830 31245 31284 D Evaluation: 0 res for frame 83 received at 1573032546830
11-06 11:29:06.878 31245 31284 D Evaluation: Frame 97 sent at 1573032546878
11-06 11:29:06.880 31245 31284 D Evaluation: 0 res for frame 84 received at 1573032546880
11-06 11:29:06.897 31245 31284 D Evaluation: Frame 98 sent at 1573032546897
11-06 11:29:06.898 31245 31284 D Evaluation: 0 res for frame 85 received at 1573032546898
11-06 11:29:06.919 31245 31284 D Evaluation: Frame 99 sent at 1573032546919
11-06 11:29:06.920 31245 31284 D Evaluation: 0 res for frame 86 received at 1573032546920
11-06 11:29:06.961 31245 31284 D Evaluation: Frame 100 sent at 1573032546960
11-06 11:29:06.995 31245 31284 D Evaluation: Frame 101 sent at 1573032546995
11-06 11:29:06.996 31245 31284 D Evaluation: 0 res for frame 87 received at 1573032546996
11-06 11:29:07.029 31245 31284 D Evaluation: Frame 102 sent at 1573032547029
11-06 11:29:07.066 31245 31284 D Evaluation: Frame 103 sent at 1573032547066
11-06 11:29:07.068 31245 31284 D Evaluation: 0 res for frame 88 received at 1573032547067
11-06 11:29:07.144 31245 31284 D Evaluation: Frame 104 sent at 1573032547144
11-06 11:29:07.170 31245 31284 D Evaluation: Frame 105 sent at 1573032547170
11-06 11:29:07.198 31245 31284 D Evaluation: Frame 106 sent at 1573032547198
11-06 11:29:07.236 31245 31284 D Evaluation: Frame 107 sent at 1573032547236
11-06 11:29:07.263 31245 31284 D Evaluation: Frame 108 sent at 1573032547263
11-06 11:29:07.305 31245 31284 D Evaluation: Frame 109 sent at 1573032547305
11-06 11:29:07.333 31245 31284 D Evaluation: Frame 110 sent at 1573032547333
11-06 11:29:07.375 31245 31284 D Evaluation: Frame 111 sent at 1573032547375
11-06 11:29:07.403 31245 31284 D Evaluation: Frame 112 sent at 1573032547403
11-06 11:29:07.439 31245 31284 D Evaluation: Frame 113 sent at 1573032547439
11-06 11:29:07.466 31245 31284 D Evaluation: Frame 114 sent at 1573032547466
11-06 11:29:07.506 31245 31260 E         : [ZeroHung]zrhung_get_config: Get config failed for wp[0x0008]
11-06 11:29:07.509 31245 31284 D Evaluation: Frame 115 sent at 1573032547508
11-06 11:29:07.526 31245 31258 W System  : A resource failed to call close. 
11-06 11:29:07.528 31245 31258 I chatty  : uid=10149(symlab.cloudridar.arhud) FinalizerDaemon identical 28 lines
11-06 11:29:07.528 31245 31258 W System  : A resource failed to call close. 
11-06 11:29:07.538 31245 31284 D Evaluation: Frame 116 sent at 1573032547538
11-06 11:29:07.569 31245 31284 D Evaluation: Frame 117 sent at 1573032547569
11-06 11:29:07.599 31245 31284 D Evaluation: Frame 118 sent at 1573032547599
11-06 11:29:07.630 31245 31284 D Evaluation: Frame 119 sent at 1573032547630
11-06 11:29:07.672 31245 31284 D Evaluation: Frame 120 sent at 1573032547672
11-06 11:29:07.689 31245 31245 I AwareBitmapCacher: init lrucache size: 2097152 pid=31245
11-06 11:29:07.709 31245 31284 D Evaluation: Frame 121 sent at 1573032547709
11-06 11:29:07.742 31245 31284 D Evaluation: Frame 122 sent at 1573032547742
11-06 11:29:07.768 31245 31284 D Evaluation: Frame 123 sent at 1573032547768
11-06 11:29:07.811 31245 31284 D Evaluation: Frame 124 sent at 1573032547811
11-06 11:29:07.836 31245 31284 D Evaluation: Frame 125 sent at 1573032547836
11-06 11:29:07.876 31245 31284 D Evaluation: Frame 126 sent at 1573032547876
11-06 11:29:07.902 31245 31284 D Evaluation: Frame 127 sent at 1573032547902
11-06 11:29:07.946 31245 31284 D Evaluation: Frame 128 sent at 1573032547946
11-06 11:29:07.972 31245 31284 D Evaluation: Frame 129 sent at 1573032547972
11-06 11:29:08.004 31245 31284 D Evaluation: Frame 130 sent at 1573032548004
11-06 11:29:08.039 31245 31284 W System.err: java.net.SocketException: Message too long
11-06 11:29:08.039 31245 31284 W System.err: 	at sun.nio.ch.DatagramChannelImpl.send0(Native Method)
11-06 11:29:08.039 31245 31284 W System.err: 	at sun.nio.ch.DatagramChannelImpl.sendFromNativeBuffer(DatagramChannelImpl.java:573)
11-06 11:29:08.039 31245 31284 W System.err: 	at sun.nio.ch.DatagramChannelImpl.send(DatagramChannelImpl.java:550)
11-06 11:29:08.040 31245 31284 W System.err: 	at sun.nio.ch.DatagramChannelImpl.send(DatagramChannelImpl.java:514)
11-06 11:29:08.040 31245 31284 W System.err: 	at symlab.CloudAR.network.TransmissionTask.run(TransmissionTask.java:124)
11-06 11:29:08.040 31245 31284 W System.err: 	at android.os.Handler.handleCallback(Handler.java:907)
11-06 11:29:08.040 31245 31284 W System.err: 	at android.os.Handler.dispatchMessage(Handler.java:105)
11-06 11:29:08.040 31245 31284 W System.err: 	at android.os.Looper.loop(Looper.java:216)
11-06 11:29:08.040 31245 31284 W System.err: 	at android.os.HandlerThread.run(HandlerThread.java:65)
11-06 11:29:08.073 31245 31284 W System.err: java.net.SocketException: Message too long
11-06 11:29:08.073 31245 31284 W System.err: 	at sun.nio.ch.DatagramChannelImpl.send0(Native Method)
11-06 11:29:08.073 31245 31284 W System.err: 	at sun.nio.ch.DatagramChannelImpl.sendFromNativeBuffer(DatagramChannelImpl.java:573)
11-06 11:29:08.073 31245 31284 W System.err: 	at sun.nio.ch.DatagramChannelImpl.send(DatagramChannelImpl.java:550)
11-06 11:29:08.073 31245 31284 W System.err: 	at sun.nio.ch.DatagramChannelImpl.send(DatagramChannelImpl.java:514)
11-06 11:29:08.073 31245 31284 W System.err: 	at symlab.CloudAR.network.TransmissionTask.run(TransmissionTask.java:124)
11-06 11:29:08.073 31245 31284 W System.err: 	at android.os.Handler.handleCallback(Handler.java:907)
11-06 11:29:08.073 31245 31284 W System.err: 	at android.os.Handler.dispatchMessage(Handler.java:105)
11-06 11:29:08.073 31245 31284 W System.err: 	at android.os.Looper.loop(Looper.java:216)
11-06 11:29:08.073 31245 31284 W System.err: 	at android.os.HandlerThread.run(HandlerThread.java:65)
11-06 11:29:08.103 31245 31284 W System.err: java.net.SocketException: Message too long
11-06 11:29:08.104 31245 31284 W System.err: 	at sun.nio.ch.DatagramChannelImpl.send0(Native Method)
11-06 11:29:08.104 31245 31284 W System.err: 	at sun.nio.ch.DatagramChannelImpl.sendFromNativeBuffer(DatagramChannelImpl.java:573)
11-06 11:29:08.104 31245 31284 W System.err: 	at sun.nio.ch.DatagramChannelImpl.send(DatagramChannelImpl.java:550)
11-06 11:29:08.104 31245 31284 W System.err: 	at sun.nio.ch.DatagramChannelImpl.send(DatagramChannelImpl.java:514)
11-06 11:29:08.104 31245 31284 W System.err: 	at symlab.CloudAR.network.TransmissionTask.run(TransmissionTask.java:124)
11-06 11:29:08.104 31245 31284 W System.err: 	at android.os.Handler.handleCallback(Handler.java:907)
11-06 11:29:08.104 31245 31284 W System.err: 	at android.os.Handler.dispatchMessage(Handler.java:105)
11-06 11:29:08.104 31245 31284 W System.err: 	at android.os.Looper.loop(Looper.java:216)
11-06 11:29:08.104 31245 31284 W System.err: 	at android.os.HandlerThread.run(HandlerThread.java:65)
11-06 11:29:08.140 31245 31284 W System.err: java.net.SocketException: Message too long
11-06 11:29:08.140 31245 31284 W System.err: 	at sun.nio.ch.DatagramChannelImpl.send0(Native Method)
11-06 11:29:08.140 31245 31284 W System.err: 	at sun.nio.ch.DatagramChannelImpl.sendFromNativeBuffer(DatagramChannelImpl.java:573)
11-06 11:29:08.140 31245 31284 W System.err: 	at sun.nio.ch.DatagramChannelImpl.send(DatagramChannelImpl.java:550)
11-06 11:29:08.140 31245 31284 W System.err: 	at sun.nio.ch.DatagramChannelImpl.send(DatagramChannelImpl.java:514)
11-06 11:29:08.140 31245 31284 W System.err: 	at symlab.CloudAR.network.TransmissionTask.run(TransmissionTask.java:124)
11-06 11:29:08.140 31245 31284 W System.err: 	at android.os.Handler.handleCallback(Handler.java:907)
11-06 11:29:08.140 31245 31284 W System.err: 	at android.os.Handler.dispatchMessage(Handler.java:105)
11-06 11:29:08.140 31245 31284 W System.err: 	at android.os.Looper.loop(Looper.java:216)
11-06 11:29:08.140 31245 31284 W System.err: 	at android.os.HandlerThread.run(HandlerThread.java:65)
11-06 11:29:08.171 31245 31284 W System.err: java.net.SocketException: Message too long
11-06 11:29:08.171 31245 31284 W System.err: 	at sun.nio.ch.DatagramChannelImpl.send0(Native Method)
11-06 11:29:08.171 31245 31284 W System.err: 	at sun.nio.ch.DatagramChannelImpl.sendFromNativeBuffer(DatagramChannelImpl.java:573)
11-06 11:29:08.171 31245 31284 W System.err: 	at sun.nio.ch.DatagramChannelImpl.send(DatagramChannelImpl.java:550)
11-06 11:29:08.171 31245 31284 W System.err: 	at sun.nio.ch.DatagramChannelImpl.send(DatagramChannelImpl.java:514)
11-06 11:29:08.171 31245 31284 W System.err: 	at symlab.CloudAR.network.TransmissionTask.run(TransmissionTask.java:124)
11-06 11:29:08.171 31245 31284 W System.err: 	at android.os.Handler.handleCallback(Handler.java:907)
11-06 11:29:08.172 31245 31284 W System.err: 	at android.os.Handler.dispatchMessage(Handler.java:105)
11-06 11:29:08.172 31245 31284 W System.err: 	at android.os.Looper.loop(Looper.java:216)
11-06 11:29:08.172 31245 31284 W System.err: 	at android.os.HandlerThread.run(HandlerThread.java:65)
11-06 11:29:08.209 31245 31284 W System.err: java.net.SocketException: Message too long
11-06 11:29:08.209 31245 31284 W System.err: 	at sun.nio.ch.DatagramChannelImpl.send0(Native Method)
11-06 11:29:08.209 31245 31284 W System.err: 	at sun.nio.ch.DatagramChannelImpl.sendFromNativeBuffer(DatagramChannelImpl.java:573)
11-06 11:29:08.209 31245 31284 W System.err: 	at sun.nio.ch.DatagramChannelImpl.send(DatagramChannelImpl.java:550)
11-06 11:29:08.209 31245 31284 W System.err: 	at sun.nio.ch.DatagramChannelImpl.send(DatagramChannelImpl.java:514)
11-06 11:29:08.209 31245 31284 W System.err: 	at symlab.CloudAR.network.TransmissionTask.run(TransmissionTask.java:124)
11-06 11:29:08.209 31245 31284 W System.err: 	at android.os.Handler.handleCallback(Handler.java:907)
11-06 11:29:08.209 31245 31284 W System.err: 	at android.os.Handler.dispatchMessage(Handler.java:105)
11-06 11:29:08.209 31245 31284 W System.err: 	at android.os.Looper.loop(Looper.java:216)
11-06 11:29:08.209 31245 31284 W System.err: 	at android.os.HandlerThread.run(HandlerThread.java:65)
11-06 11:29:08.241 31245 31284 W System.err: java.net.SocketException: Message too long
11-06 11:29:08.241 31245 31284 W System.err: 	at sun.nio.ch.DatagramChannelImpl.send0(Native Method)
11-06 11:29:08.241 31245 31284 W System.err: 	at sun.nio.ch.DatagramChannelImpl.sendFromNativeBuffer(DatagramChannelImpl.java:573)
11-06 11:29:08.241 31245 31284 W System.err: 	at sun.nio.ch.DatagramChannelImpl.send(DatagramChannelImpl.java:550)
11-06 11:29:08.241 31245 31284 W System.err: 	at sun.nio.ch.DatagramChannelImpl.send(DatagramChannelImpl.java:514)
11-06 11:29:08.241 31245 31284 W System.err: 	at symlab.CloudAR.network.TransmissionTask.run(TransmissionTask.java:124)
11-06 11:29:08.241 31245 31284 W System.err: 	at android.os.Handler.handleCallback(Handler.java:907)
11-06 11:29:08.241 31245 31284 W System.err: 	at android.os.Handler.dispatchMessage(Handler.java:105)
11-06 11:29:08.241 31245 31284 W System.err: 	at android.os.Looper.loop(Looper.java:216)
11-06 11:29:08.241 31245 31284 W System.err: 	at android.os.HandlerThread.run(HandlerThread.java:65)
11-06 11:29:08.272 31245 31284 W System.err: java.net.SocketException: Message too long
11-06 11:29:08.273 31245 31284 W System.err: 	at sun.nio.ch.DatagramChannelImpl.send0(Native Method)
11-06 11:29:08.273 31245 31284 W System.err: 	at sun.nio.ch.DatagramChannelImpl.sendFromNativeBuffer(DatagramChannelImpl.java:573)
11-06 11:29:08.273 31245 31284 W System.err: 	at sun.nio.ch.DatagramChannelImpl.send(DatagramChannelImpl.java:550)
11-06 11:29:08.273 31245 31284 W System.err: 	at sun.nio.ch.DatagramChannelImpl.send(DatagramChannelImpl.java:514)
11-06 11:29:08.273 31245 31284 W System.err: 	at symlab.CloudAR.network.TransmissionTask.run(TransmissionTask.java:124)
11-06 11:29:08.273 31245 31284 W System.err: 	at android.os.Handler.handleCallback(Handler.java:907)
11-06 11:29:08.273 31245 31284 W System.err: 	at android.os.Handler.dispatchMessage(Handler.java:105)
11-06 11:29:08.273 31245 31284 W System.err: 	at android.os.Looper.loop(Looper.java:216)
11-06 11:29:08.273 31245 31284 W System.err: 	at android.os.HandlerThread.run(HandlerThread.java:65)
11-06 11:29:08.307 31245 31284 W System.err: java.net.SocketException: Message too long
11-06 11:29:08.307 31245 31284 W System.err: 	at sun.nio.ch.DatagramChannelImpl.send0(Native Method)
11-06 11:29:08.307 31245 31284 W System.err: 	at sun.nio.ch.DatagramChannelImpl.sendFromNativeBuffer(DatagramChannelImpl.java:573)
11-06 11:29:08.307 31245 31284 W System.err: 	at sun.nio.ch.DatagramChannelImpl.send(DatagramChannelImpl.java:550)
11-06 11:29:08.307 31245 31284 W System.err: 	at sun.nio.ch.DatagramChannelImpl.send(DatagramChannelImpl.java:514)
11-06 11:29:08.307 31245 31284 W System.err: 	at symlab.CloudAR.network.TransmissionTask.run(TransmissionTask.java:124)
11-06 11:29:08.308 31245 31284 W System.err: 	at android.os.Handler.handleCallback(Handler.java:907)
11-06 11:29:08.308 31245 31284 W System.err: 	at android.os.Handler.dispatchMessage(Handler.java:105)
11-06 11:29:08.308 31245 31284 W System.err: 	at android.os.Looper.loop(Looper.java:216)
11-06 11:29:08.308 31245 31284 W System.err: 	at android.os.HandlerThread.run(HandlerThread.java:65)
11-06 11:29:08.341 31245 31260 E         : [ZeroHung]zrhung_get_config: Get config failed for wp[0x0008]
11-06 11:29:08.342 31245 31284 W System.err: java.net.SocketException: Message too long
11-06 11:29:08.342 31245 31284 W System.err: 	at sun.nio.ch.DatagramChannelImpl.send0(Native Method)
11-06 11:29:08.342 31245 31284 W System.err: 	at sun.nio.ch.DatagramChannelImpl.sendFromNativeBuffer(DatagramChannelImpl.java:573)
11-06 11:29:08.342 31245 31284 W System.err: 	at sun.nio.ch.DatagramChannelImpl.send(DatagramChannelImpl.java:550)
11-06 11:29:08.342 31245 31284 W System.err: 	at sun.nio.ch.DatagramChannelImpl.send(DatagramChannelImpl.java:514)
11-06 11:29:08.342 31245 31284 W System.err: 	at symlab.CloudAR.network.TransmissionTask.run(TransmissionTask.java:124)
11-06 11:29:08.342 31245 31284 W System.err: 	at android.os.Handler.handleCallback(Handler.java:907)
11-06 11:29:08.342 31245 31284 W System.err: 	at android.os.Handler.dispatchMessage(Handler.java:105)
11-06 11:29:08.342 31245 31284 W System.err: 	at android.os.Looper.loop(Looper.java:216)
11-06 11:29:08.342 31245 31284 W System.err: 	at android.os.HandlerThread.run(HandlerThread.java:65)
11-06 11:29:08.372 31245 31284 W System.err: java.net.SocketException: Message too long
11-06 11:29:08.373 31245 31284 W System.err: 	at sun.nio.ch.DatagramChannelImpl.send0(Native Method)
11-06 11:29:08.373 31245 31284 W System.err: 	at sun.nio.ch.DatagramChannelImpl.sendFromNativeBuffer(DatagramChannelImpl.java:573)
11-06 11:29:08.373 31245 31284 W System.err: 	at sun.nio.ch.DatagramChannelImpl.send(DatagramChannelImpl.java:550)
11-06 11:29:08.373 31245 31284 W System.err: 	at sun.nio.ch.DatagramChannelImpl.send(DatagramChannelImpl.java:514)
11-06 11:29:08.373 31245 31284 W System.err: 	at symlab.CloudAR.network.TransmissionTask.run(TransmissionTask.java:124)
11-06 11:29:08.373 31245 31284 W System.err: 	at android.os.Handler.handleCallback(Handler.java:907)
11-06 11:29:08.373 31245 31284 W System.err: 	at android.os.Handler.dispatchMessage(Handler.java:105)
11-06 11:29:08.373 31245 31284 W System.err: 	at android.os.Looper.loop(Looper.java:216)
11-06 11:29:08.373 31245 31284 W System.err: 	at android.os.HandlerThread.run(HandlerThread.java:65)
11-06 11:29:08.410 31245 31284 W System.err: java.net.SocketException: Message too long
11-06 11:29:08.411 31245 31284 W System.err: 	at sun.nio.ch.DatagramChannelImpl.send0(Native Method)
11-06 11:29:08.411 31245 31284 W System.err: 	at sun.nio.ch.DatagramChannelImpl.sendFromNativeBuffer(DatagramChannelImpl.java:573)
11-06 11:29:08.411 31245 31284 W System.err: 	at sun.nio.ch.DatagramChannelImpl.send(DatagramChannelImpl.java:550)
11-06 11:29:08.411 31245 31284 W System.err: 	at sun.nio.ch.DatagramChannelImpl.send(DatagramChannelImpl.java:514)
11-06 11:29:08.411 31245 31284 W System.err: 	at symlab.CloudAR.network.TransmissionTask.run(TransmissionTask.java:124)
11-06 11:29:08.411 31245 31284 W System.err: 	at android.os.Handler.handleCallback(Handler.java:907)
11-06 11:29:08.411 31245 31284 W System.err: 	at android.os.Handler.dispatchMessage(Handler.java:105)
11-06 11:29:08.411 31245 31284 W System.err: 	at android.os.Looper.loop(Looper.java:216)
11-06 11:29:08.411 31245 31284 W System.err: 	at android.os.HandlerThread.run(HandlerThread.java:65)
11-06 11:29:08.439 31245 31284 W System.err: java.net.SocketException: Message too long
11-06 11:29:08.439 31245 31284 W System.err: 	at sun.nio.ch.DatagramChannelImpl.send0(Native Method)
11-06 11:29:08.439 31245 31284 W System.err: 	at sun.nio.ch.DatagramChannelImpl.sendFromNativeBuffer(DatagramChannelImpl.java:573)
11-06 11:29:08.439 31245 31284 W System.err: 	at sun.nio.ch.DatagramChannelImpl.send(DatagramChannelImpl.java:550)
11-06 11:29:08.439 31245 31284 W System.err: 	at sun.nio.ch.DatagramChannelImpl.send(DatagramChannelImpl.java:514)
11-06 11:29:08.439 31245 31284 W System.err: 	at symlab.CloudAR.network.TransmissionTask.run(TransmissionTask.java:124)
11-06 11:29:08.439 31245 31284 W System.err: 	at android.os.Handler.handleCallback(Handler.java:907)
11-06 11:29:08.439 31245 31284 W System.err: 	at android.os.Handler.dispatchMessage(Handler.java:105)
11-06 11:29:08.439 31245 31284 W System.err: 	at android.os.Looper.loop(Looper.java:216)
11-06 11:29:08.439 31245 31284 W System.err: 	at android.os.HandlerThread.run(HandlerThread.java:65)
11-06 11:29:08.488 31245 31284 W System.err: java.net.SocketException: Message too long
11-06 11:29:08.488 31245 31284 W System.err: 	at sun.nio.ch.DatagramChannelImpl.send0(Native Method)
11-06 11:29:08.489 31245 31284 W System.err: 	at sun.nio.ch.DatagramChannelImpl.sendFromNativeBuffer(DatagramChannelImpl.java:573)
11-06 11:29:08.489 31245 31284 W System.err: 	at sun.nio.ch.DatagramChannelImpl.send(DatagramChannelImpl.java:550)
11-06 11:29:08.489 31245 31284 W System.err: 	at sun.nio.ch.DatagramChannelImpl.send(DatagramChannelImpl.java:514)
11-06 11:29:08.489 31245 31284 W System.err: 	at symlab.CloudAR.network.TransmissionTask.run(TransmissionTask.java:124)
11-06 11:29:08.489 31245 31284 W System.err: 	at android.os.Handler.handleCallback(Handler.java:907)
11-06 11:29:08.489 31245 31284 W System.err: 	at android.os.Handler.dispatchMessage(Handler.java:105)
11-06 11:29:08.489 31245 31284 W System.err: 	at android.os.Looper.loop(Looper.java:216)
11-06 11:29:08.489 31245 31284 W System.err: 	at android.os.HandlerThread.run(HandlerThread.java:65)
11-06 11:29:08.510 31245 31284 W System.err: java.net.SocketException: Message too long
11-06 11:29:08.510 31245 31284 W System.err: 	at sun.nio.ch.DatagramChannelImpl.send0(Native Method)
11-06 11:29:08.510 31245 31284 W System.err: 	at sun.nio.ch.DatagramChannelImpl.sendFromNativeBuffer(DatagramChannelImpl.java:573)
11-06 11:29:08.510 31245 31284 W System.err: 	at sun.nio.ch.DatagramChannelImpl.send(DatagramChannelImpl.java:550)
11-06 11:29:08.511 31245 31284 W System.err: 	at sun.nio.ch.DatagramChannelImpl.send(DatagramChannelImpl.java:514)
11-06 11:29:08.511 31245 31284 W System.err: 	at symlab.CloudAR.network.TransmissionTask.run(TransmissionTask.java:124)
11-06 11:29:08.511 31245 31284 W System.err: 	at android.os.Handler.handleCallback(Handler.java:907)
11-06 11:29:08.511 31245 31284 W System.err: 	at android.os.Handler.dispatchMessage(Handler.java:105)
11-06 11:29:08.511 31245 31284 W System.err: 	at android.os.Looper.loop(Looper.java:216)
11-06 11:29:08.511 31245 31284 W System.err: 	at android.os.HandlerThread.run(HandlerThread.java:65)
11-06 11:29:08.541 31245 31284 W System.err: java.net.SocketException: Message too long
11-06 11:29:08.541 31245 31284 W System.err: 	at sun.nio.ch.DatagramChannelImpl.send0(Native Method)
11-06 11:29:08.541 31245 31284 W System.err: 	at sun.nio.ch.DatagramChannelImpl.sendFromNativeBuffer(DatagramChannelImpl.java:573)
11-06 11:29:08.541 31245 31284 W System.err: 	at sun.nio.ch.DatagramChannelImpl.send(DatagramChannelImpl.java:550)
11-06 11:29:08.541 31245 31284 W System.err: 	at sun.nio.ch.DatagramChannelImpl.send(DatagramChannelImpl.java:514)
11-06 11:29:08.541 31245 31284 W System.err: 	at symlab.CloudAR.network.TransmissionTask.run(TransmissionTask.java:124)
11-06 11:29:08.541 31245 31284 W System.err: 	at android.os.Handler.handleCallback(Handler.java:907)
11-06 11:29:08.541 31245 31284 W System.err: 	at android.os.Handler.dispatchMessage(Handler.java:105)
11-06 11:29:08.541 31245 31284 W System.err: 	at android.os.Looper.loop(Looper.java:216)
11-06 11:29:08.541 31245 31284 W System.err: 	at android.os.HandlerThread.run(HandlerThread.java:65)
11-06 11:29:08.572 31245 31284 W System.err: java.net.SocketException: Message too long
11-06 11:29:08.572 31245 31284 W System.err: 	at sun.nio.ch.DatagramChannelImpl.send0(Native Method)
11-06 11:29:08.572 31245 31284 W System.err: 	at sun.nio.ch.DatagramChannelImpl.sendFromNativeBuffer(DatagramChannelImpl.java:573)
11-06 11:29:08.572 31245 31284 W System.err: 	at sun.nio.ch.DatagramChannelImpl.send(DatagramChannelImpl.java:550)
11-06 11:29:08.572 31245 31284 W System.err: 	at sun.nio.ch.DatagramChannelImpl.send(DatagramChannelImpl.java:514)
11-06 11:29:08.572 31245 31284 W System.err: 	at symlab.CloudAR.network.TransmissionTask.run(TransmissionTask.java:124)
11-06 11:29:08.572 31245 31284 W System.err: 	at android.os.Handler.handleCallback(Handler.java:907)
11-06 11:29:08.573 31245 31284 W System.err: 	at android.os.Handler.dispatchMessage(Handler.java:105)
11-06 11:29:08.573 31245 31284 W System.err: 	at android.os.Looper.loop(Looper.java:216)
11-06 11:29:08.573 31245 31284 W System.err: 	at android.os.HandlerThread.run(HandlerThread.java:65)
11-06 11:29:08.612 31245 31284 W System.err: java.net.SocketException: Message too long
11-06 11:29:08.612 31245 31284 W System.err: 	at sun.nio.ch.DatagramChannelImpl.send0(Native Method)
11-06 11:29:08.612 31245 31284 W System.err: 	at sun.nio.ch.DatagramChannelImpl.sendFromNativeBuffer(DatagramChannelImpl.java:573)
11-06 11:29:08.612 31245 31284 W System.err: 	at sun.nio.ch.DatagramChannelImpl.send(DatagramChannelImpl.java:550)
11-06 11:29:08.612 31245 31284 W System.err: 	at sun.nio.ch.DatagramChannelImpl.send(DatagramChannelImpl.java:514)
11-06 11:29:08.612 31245 31284 W System.err: 	at symlab.CloudAR.network.TransmissionTask.run(TransmissionTask.java:124)
11-06 11:29:08.612 31245 31284 W System.err: 	at android.os.Handler.handleCallback(Handler.java:907)
11-06 11:29:08.612 31245 31284 W System.err: 	at android.os.Handler.dispatchMessage(Handler.java:105)
11-06 11:29:08.612 31245 31284 W System.err: 	at android.os.Looper.loop(Looper.java:216)
11-06 11:29:08.612 31245 31284 W System.err: 	at android.os.HandlerThread.run(HandlerThread.java:65)
11-06 11:29:08.643 31245 31284 W System.err: java.net.SocketException: Message too long
11-06 11:29:08.643 31245 31284 W System.err: 	at sun.nio.ch.DatagramChannelImpl.send0(Native Method)
11-06 11:29:08.643 31245 31284 W System.err: 	at sun.nio.ch.DatagramChannelImpl.sendFromNativeBuffer(DatagramChannelImpl.java:573)
11-06 11:29:08.643 31245 31284 W System.err: 	at sun.nio.ch.DatagramChannelImpl.send(DatagramChannelImpl.java:550)
11-06 11:29:08.643 31245 31284 W System.err: 	at sun.nio.ch.DatagramChannelImpl.send(DatagramChannelImpl.java:514)
11-06 11:29:08.643 31245 31284 W System.err: 	at symlab.CloudAR.network.TransmissionTask.run(TransmissionTask.java:124)
11-06 11:29:08.643 31245 31284 W System.err: 	at android.os.Handler.handleCallback(Handler.java:907)
11-06 11:29:08.643 31245 31284 W System.err: 	at android.os.Handler.dispatchMessage(Handler.java:105)
11-06 11:29:08.643 31245 31284 W System.err: 	at android.os.Looper.loop(Looper.java:216)
11-06 11:29:08.643 31245 31284 W System.err: 	at android.os.HandlerThread.run(HandlerThread.java:65)
11-06 11:29:08.685 31245 31284 W System.err: java.net.SocketException: Message too long
11-06 11:29:08.685 31245 31284 W System.err: 	at sun.nio.ch.DatagramChannelImpl.send0(Native Method)
11-06 11:29:08.685 31245 31284 W System.err: 	at sun.nio.ch.DatagramChannelImpl.sendFromNativeBuffer(DatagramChannelImpl.java:573)
11-06 11:29:08.685 31245 31284 W System.err: 	at sun.nio.ch.DatagramChannelImpl.send(DatagramChannelImpl.java:550)
11-06 11:29:08.685 31245 31284 W System.err: 	at sun.nio.ch.DatagramChannelImpl.send(DatagramChannelImpl.java:514)
11-06 11:29:08.685 31245 31284 W System.err: 	at symlab.CloudAR.network.TransmissionTask.run(TransmissionTask.java:124)
11-06 11:29:08.685 31245 31284 W System.err: 	at android.os.Handler.handleCallback(Handler.java:907)
11-06 11:29:08.685 31245 31284 W System.err: 	at android.os.Handler.dispatchMessage(Handler.java:105)
11-06 11:29:08.685 31245 31284 W System.err: 	at android.os.Looper.loop(Looper.java:216)
11-06 11:29:08.685 31245 31284 W System.err: 	at android.os.HandlerThread.run(HandlerThread.java:65)
11-06 11:29:08.712 31245 31284 W System.err: java.net.SocketException: Message too long
11-06 11:29:08.712 31245 31284 W System.err: 	at sun.nio.ch.DatagramChannelImpl.send0(Native Method)
11-06 11:29:08.712 31245 31284 W System.err: 	at sun.nio.ch.DatagramChannelImpl.sendFromNativeBuffer(DatagramChannelImpl.java:573)
11-06 11:29:08.712 31245 31284 W System.err: 	at sun.nio.ch.DatagramChannelImpl.send(DatagramChannelImpl.java:550)
11-06 11:29:08.712 31245 31284 W System.err: 	at sun.nio.ch.DatagramChannelImpl.send(DatagramChannelImpl.java:514)
11-06 11:29:08.712 31245 31284 W System.err: 	at symlab.CloudAR.network.TransmissionTask.run(TransmissionTask.java:124)
11-06 11:29:08.712 31245 31284 W System.err: 	at android.os.Handler.handleCallback(Handler.java:907)
11-06 11:29:08.712 31245 31284 W System.err: 	at android.os.Handler.dispatchMessage(Handler.java:105)
11-06 11:29:08.712 31245 31284 W System.err: 	at android.os.Looper.loop(Looper.java:216)
11-06 11:29:08.712 31245 31284 W System.err: 	at android.os.HandlerThread.run(HandlerThread.java:65)
11-06 11:29:08.758 31245 31284 W System.err: java.net.SocketException: Message too long
11-06 11:29:08.759 31245 31284 W System.err: 	at sun.nio.ch.DatagramChannelImpl.send0(Native Method)
11-06 11:29:08.759 31245 31284 W System.err: 	at sun.nio.ch.DatagramChannelImpl.sendFromNativeBuffer(DatagramChannelImpl.java:573)
11-06 11:29:08.759 31245 31284 W System.err: 	at sun.nio.ch.DatagramChannelImpl.send(DatagramChannelImpl.java:550)
11-06 11:29:08.759 31245 31284 W System.err: 	at sun.nio.ch.DatagramChannelImpl.send(DatagramChannelImpl.java:514)
11-06 11:29:08.759 31245 31284 W System.err: 	at symlab.CloudAR.network.TransmissionTask.run(TransmissionTask.java:124)
11-06 11:29:08.759 31245 31284 W System.err: 	at android.os.Handler.handleCallback(Handler.java:907)
11-06 11:29:08.759 31245 31284 W System.err: 	at android.os.Handler.dispatchMessage(Handler.java:105)
11-06 11:29:08.759 31245 31284 W System.err: 	at android.os.Looper.loop(Looper.java:216)
11-06 11:29:08.759 31245 31284 W System.err: 	at android.os.HandlerThread.run(HandlerThread.java:65)
11-06 11:29:08.784 31245 31284 W System.err: java.net.SocketException: Message too long
11-06 11:29:08.784 31245 31284 W System.err: 	at sun.nio.ch.DatagramChannelImpl.send0(Native Method)
11-06 11:29:08.784 31245 31284 W System.err: 	at sun.nio.ch.DatagramChannelImpl.sendFromNativeBuffer(DatagramChannelImpl.java:573)
11-06 11:29:08.784 31245 31284 W System.err: 	at sun.nio.ch.DatagramChannelImpl.send(DatagramChannelImpl.java:550)
11-06 11:29:08.784 31245 31284 W System.err: 	at sun.nio.ch.DatagramChannelImpl.send(DatagramChannelImpl.java:514)
11-06 11:29:08.784 31245 31284 W System.err: 	at symlab.CloudAR.network.TransmissionTask.run(TransmissionTask.java:124)
11-06 11:29:08.784 31245 31284 W System.err: 	at android.os.Handler.handleCallback(Handler.java:907)
11-06 11:29:08.784 31245 31284 W System.err: 	at android.os.Handler.dispatchMessage(Handler.java:105)
11-06 11:29:08.784 31245 31284 W System.err: 	at android.os.Looper.loop(Looper.java:216)
11-06 11:29:08.784 31245 31284 W System.err: 	at android.os.HandlerThread.run(HandlerThread.java:65)
11-06 11:29:08.806 31245 31284 W System.err: java.net.SocketException: Message too long
11-06 11:29:08.806 31245 31284 W System.err: 	at sun.nio.ch.DatagramChannelImpl.send0(Native Method)
11-06 11:29:08.806 31245 31284 W System.err: 	at sun.nio.ch.DatagramChannelImpl.sendFromNativeBuffer(DatagramChannelImpl.java:573)
11-06 11:29:08.807 31245 31284 W System.err: 	at sun.nio.ch.DatagramChannelImpl.send(DatagramChannelImpl.java:550)
11-06 11:29:08.807 31245 31284 W System.err: 	at sun.nio.ch.DatagramChannelImpl.send(DatagramChannelImpl.java:514)
11-06 11:29:08.807 31245 31284 W System.err: 	at symlab.CloudAR.network.TransmissionTask.run(TransmissionTask.java:124)
11-06 11:29:08.807 31245 31284 W System.err: 	at android.os.Handler.handleCallback(Handler.java:907)
11-06 11:29:08.807 31245 31284 W System.err: 	at android.os.Handler.dispatchMessage(Handler.java:105)
11-06 11:29:08.807 31245 31284 W System.err: 	at android.os.Looper.loop(Looper.java:216)
11-06 11:29:08.807 31245 31284 W System.err: 	at android.os.HandlerThread.run(HandlerThread.java:65)
11-06 11:29:08.840 31245 31284 D Evaluation: Frame 155 sent at 1573032548840
11-06 11:29:08.874 31245 31284 D Evaluation: Frame 156 sent at 1573032548874
11-06 11:29:08.912 31245 31284 W System.err: java.net.SocketException: Message too long
11-06 11:29:08.912 31245 31284 W System.err: 	at sun.nio.ch.DatagramChannelImpl.send0(Native Method)
11-06 11:29:08.912 31245 31284 W System.err: 	at sun.nio.ch.DatagramChannelImpl.sendFromNativeBuffer(DatagramChannelImpl.java:573)
11-06 11:29:08.912 31245 31284 W System.err: 	at sun.nio.ch.DatagramChannelImpl.send(DatagramChannelImpl.java:550)
11-06 11:29:08.912 31245 31284 W System.err: 	at sun.nio.ch.DatagramChannelImpl.send(DatagramChannelImpl.java:514)
11-06 11:29:08.912 31245 31284 W System.err: 	at symlab.CloudAR.network.TransmissionTask.run(TransmissionTask.java:124)
11-06 11:29:08.912 31245 31284 W System.err: 	at android.os.Handler.handleCallback(Handler.java:907)
11-06 11:29:08.912 31245 31284 W System.err: 	at android.os.Handler.dispatchMessage(Handler.java:105)
11-06 11:29:08.912 31245 31284 W System.err: 	at android.os.Looper.loop(Looper.java:216)
11-06 11:29:08.912 31245 31284 W System.err: 	at android.os.HandlerThread.run(HandlerThread.java:65)
11-06 11:29:08.945 31245 31284 W System.err: java.net.SocketException: Message too long
11-06 11:29:08.945 31245 31284 W System.err: 	at sun.nio.ch.DatagramChannelImpl.send0(Native Method)
11-06 11:29:08.945 31245 31284 W System.err: 	at sun.nio.ch.DatagramChannelImpl.sendFromNativeBuffer(DatagramChannelImpl.java:573)
11-06 11:29:08.945 31245 31284 W System.err: 	at sun.nio.ch.DatagramChannelImpl.send(DatagramChannelImpl.java:550)
11-06 11:29:08.945 31245 31284 W System.err: 	at sun.nio.ch.DatagramChannelImpl.send(DatagramChannelImpl.java:514)
11-06 11:29:08.945 31245 31284 W System.err: 	at symlab.CloudAR.network.TransmissionTask.run(TransmissionTask.java:124)
11-06 11:29:08.945 31245 31284 W System.err: 	at android.os.Handler.handleCallback(Handler.java:907)
11-06 11:29:08.945 31245 31284 W System.err: 	at android.os.Handler.dispatchMessage(Handler.java:105)
11-06 11:29:08.945 31245 31284 W System.err: 	at android.os.Looper.loop(Looper.java:216)
11-06 11:29:08.945 31245 31284 W System.err: 	at android.os.HandlerThread.run(HandlerThread.java:65)
11-06 11:29:08.979 31245 31284 D Evaluation: Frame 159 sent at 1573032548979
11-06 11:29:09.032 31245 31284 W System.err: java.net.SocketException: Message too long
11-06 11:29:09.032 31245 31284 W System.err: 	at sun.nio.ch.DatagramChannelImpl.send0(Native Method)
11-06 11:29:09.032 31245 31284 W System.err: 	at sun.nio.ch.DatagramChannelImpl.sendFromNativeBuffer(DatagramChannelImpl.java:573)
11-06 11:29:09.032 31245 31284 W System.err: 	at sun.nio.ch.DatagramChannelImpl.send(DatagramChannelImpl.java:550)
11-06 11:29:09.032 31245 31284 W System.err: 	at sun.nio.ch.DatagramChannelImpl.send(DatagramChannelImpl.java:514)
11-06 11:29:09.032 31245 31284 W System.err: 	at symlab.CloudAR.network.TransmissionTask.run(TransmissionTask.java:124)
11-06 11:29:09.032 31245 31284 W System.err: 	at android.os.Handler.handleCallback(Handler.java:907)
11-06 11:29:09.032 31245 31284 W System.err: 	at android.os.Handler.dispatchMessage(Handler.java:105)
11-06 11:29:09.032 31245 31284 W System.err: 	at android.os.Looper.loop(Looper.java:216)
11-06 11:29:09.032 31245 31284 W System.err: 	at android.os.HandlerThread.run(HandlerThread.java:65)
11-06 11:29:09.053 31245 31284 W System.err: java.net.SocketException: Message too long
11-06 11:29:09.054 31245 31284 W System.err: 	at sun.nio.ch.DatagramChannelImpl.send0(Native Method)
11-06 11:29:09.054 31245 31284 W System.err: 	at sun.nio.ch.DatagramChannelImpl.sendFromNativeBuffer(DatagramChannelImpl.java:573)
11-06 11:29:09.054 31245 31284 W System.err: 	at sun.nio.ch.DatagramChannelImpl.send(DatagramChannelImpl.java:550)
11-06 11:29:09.054 31245 31284 W System.err: 	at sun.nio.ch.DatagramChannelImpl.send(DatagramChannelImpl.java:514)
11-06 11:29:09.054 31245 31284 W System.err: 	at symlab.CloudAR.network.TransmissionTask.run(TransmissionTask.java:124)
11-06 11:29:09.054 31245 31284 W System.err: 	at android.os.Handler.handleCallback(Handler.java:907)
11-06 11:29:09.054 31245 31284 W System.err: 	at android.os.Handler.dispatchMessage(Handler.java:105)
11-06 11:29:09.054 31245 31284 W System.err: 	at android.os.Looper.loop(Looper.java:216)
11-06 11:29:09.054 31245 31284 W System.err: 	at android.os.HandlerThread.run(HandlerThread.java:65)
11-06 11:29:09.079 31245 31284 W System.err: java.net.SocketException: Message too long
11-06 11:29:09.079 31245 31284 W System.err: 	at sun.nio.ch.DatagramChannelImpl.send0(Native Method)
11-06 11:29:09.079 31245 31284 W System.err: 	at sun.nio.ch.DatagramChannelImpl.sendFromNativeBuffer(DatagramChannelImpl.java:573)
11-06 11:29:09.079 31245 31284 W System.err: 	at sun.nio.ch.DatagramChannelImpl.send(DatagramChannelImpl.java:550)
11-06 11:29:09.079 31245 31284 W System.err: 	at sun.nio.ch.DatagramChannelImpl.send(DatagramChannelImpl.java:514)
11-06 11:29:09.079 31245 31284 W System.err: 	at symlab.CloudAR.network.TransmissionTask.run(TransmissionTask.java:124)
11-06 11:29:09.079 31245 31284 W System.err: 	at android.os.Handler.handleCallback(Handler.java:907)
11-06 11:29:09.079 31245 31284 W System.err: 	at android.os.Handler.dispatchMessage(Handler.java:105)
11-06 11:29:09.079 31245 31284 W System.err: 	at android.os.Looper.loop(Looper.java:216)
11-06 11:29:09.079 31245 31284 W System.err: 	at android.os.HandlerThread.run(HandlerThread.java:65)
11-06 11:29:09.111 31245 31284 W System.err: java.net.SocketException: Message too long
11-06 11:29:09.111 31245 31284 W System.err: 	at sun.nio.ch.DatagramChannelImpl.send0(Native Method)
11-06 11:29:09.111 31245 31284 W System.err: 	at sun.nio.ch.DatagramChannelImpl.sendFromNativeBuffer(DatagramChannelImpl.java:573)
11-06 11:29:09.111 31245 31284 W System.err: 	at sun.nio.ch.DatagramChannelImpl.send(DatagramChannelImpl.java:550)
11-06 11:29:09.111 31245 31284 W System.err: 	at sun.nio.ch.DatagramChannelImpl.send(DatagramChannelImpl.java:514)
11-06 11:29:09.111 31245 31284 W System.err: 	at symlab.CloudAR.network.TransmissionTask.run(TransmissionTask.java:124)
11-06 11:29:09.111 31245 31284 W System.err: 	at android.os.Handler.handleCallback(Handler.java:907)
11-06 11:29:09.111 31245 31284 W System.err: 	at android.os.Handler.dispatchMessage(Handler.java:105)
11-06 11:29:09.111 31245 31284 W System.err: 	at android.os.Looper.loop(Looper.java:216)
11-06 11:29:09.111 31245 31284 W System.err: 	at android.os.HandlerThread.run(HandlerThread.java:65)
11-06 11:29:09.147 31245 31284 W System.err: java.net.SocketException: Message too long
11-06 11:29:09.147 31245 31284 W System.err: 	at sun.nio.ch.DatagramChannelImpl.send0(Native Method)
11-06 11:29:09.147 31245 31284 W System.err: 	at sun.nio.ch.DatagramChannelImpl.sendFromNativeBuffer(DatagramChannelImpl.java:573)
