--------- beginning of main
11-06 14:53:18.164 27161 27161 W logcat  : type=1400 audit(0.0:19413): avc: granted { create } for name="logcat_1573044798157.txt" scontext=u:r:untrusted_app:s0:c149,c256,c512,c768 tcontext=u:object_r:sdcardfs:s0:c149,c256,c512,c768 tclass=file
11-06 14:53:18.165 27130 27163 E         : [ZeroHung]zrhung_get_config: Get config failed for wp[0x0102]
11-06 14:53:18.165 27130 27163 W ZrHung.AppEyeUiProbe: Failed to get config from zrhung
11-06 14:53:18.169 27130 27130 I MultiDex: Installing application
11-06 14:53:18.169 27130 27130 I MultiDex: VM has multidex support, MultiDex support library is disabled.
--------- beginning of system
11-06 14:53:18.172 27130 27130 V ActivityThread: callActivityOnCreate
11-06 14:53:18.172 27130 27130 I Poster  :  onCreate() called.
11-06 14:53:18.175 27130 27130 I HwApsImpl: APS: new HwApsImpl created
11-06 14:53:18.181 27130 27130 V HwWidgetFactory: : successes to get AllImpl object and return....
11-06 14:53:18.188 27130 27130 D OpenGLRenderer: Skia GL Pipeline
11-06 14:53:18.212 27130 27130 D Poster  : Server bound to IP 193.166.28.132 and port 52727
11-06 14:53:18.215 27130 27130 D ActivityThread: add activity client record, r= ActivityRecord{24fb417 token=android.os.BinderProxy@3a687be {symlab.cloudridar.arhud/symlab.ARHUD.MainActivity}} token= android.os.BinderProxy@3a687be
11-06 14:53:18.217 27130 27130 I Poster  :  onStart() called.
11-06 14:53:18.218 27130 27172 D Evaluation: metadata 0 sent 
11-06 14:53:18.218 27130 27130 D ZrHung.AppEyeUiProbe: notify runnable to start.
11-06 14:53:18.220 27130 27130 I Poster  :  onResume() called.
11-06 14:53:18.224 27130 27130 I PermissionManager: camera remind result:true
11-06 14:53:18.224 27130 27130 I Camera  : open camera: 0, package name: symlab.cloudridar.arhud
11-06 14:53:18.224 27130 27130 I BackgroundPermManager: pkgName: symlab.cloudridar.arhud,pid: 27130 ,uidOf3RdApk: 10149 ,permType: 0 ,permCfg: 1
11-06 14:53:18.225 27130 27130 I HwCameraUtil: notifySurfaceFlingerCameraStatus : isFront = false , isOpend = true
11-06 14:53:18.234 27130 27130 D ActivityThread: isOptEnabled=false isWechatScanOpt=false
11-06 14:53:18.237 27130 27130 I HwSecImmHelper: mSecurityInputMethodService is null
11-06 14:53:18.244 27130 27130 D OpenGLRenderer:   HWUI Binary is  enabled
11-06 14:53:18.267 27130 27192 D HiTouch_PressGestureDetector: onAttached, package=symlab.cloudridar.arhud, windowType=1, mHiTouchRestricted=false
11-06 14:53:18.284 27130 27191 I ConfigStore: android::hardware::configstore::V1_0::ISurfaceFlingerConfigs::hasWideColorDisplay retrieved: 0
11-06 14:53:18.284 27130 27191 I ConfigStore: android::hardware::configstore::V1_0::ISurfaceFlingerConfigs::hasHDRDisplay retrieved: 0
11-06 14:53:18.284 27130 27191 I iGraphics: [0020080c] pn: symlab.cloudridar.arhud, p: 27130
11-06 14:53:18.285 27130 27191 I OpenGLRenderer: Initialized EGL, version 1.4, mEglDisplay 0x1
11-06 14:53:18.285 27130 27191 D OpenGLRenderer: Swap behavior 2
11-06 14:53:18.294 27130 27191 D mali_winsys: EGLint new_window_surface(egl_winsys_display *, void *, EGLSurface, EGLConfig, egl_winsys_surface **, EGLBoolean) returns 0x3000
11-06 14:53:18.308 27130 27130 I Poster  :  surfaceCreated() called.
11-06 14:53:18.308 27130 27130 I Poster  : initPreview() called
11-06 14:53:18.313 27130 27130 I PermissionManager: camera remind result:true
11-06 14:53:18.319 27130 27130 I Poster  :  surfaceChanged() called.
11-06 14:53:18.341 27130 27130 W InputMethodManager: startInputReason = 1
11-06 14:53:18.345 27130 27130 W InputMethodManager: startInputReason = 5
11-06 14:53:18.592 27130 27172 D Evaluation: metadata 1 sent 
11-06 14:53:18.623 27130 27172 D Evaluation: metadata 2 sent 
11-06 14:53:18.659 27130 27172 D Evaluation: metadata 3 sent 
11-06 14:53:18.693 27130 27172 D Evaluation: metadata 4 sent 
11-06 14:53:18.726 27130 27172 D Evaluation: metadata 5 sent 
11-06 14:53:18.782 27130 27172 W System.err: java.net.SocketException: Message too long
11-06 14:53:18.783 27130 27172 W System.err: 	at sun.nio.ch.DatagramChannelImpl.send0(Native Method)
11-06 14:53:18.783 27130 27172 W System.err: 	at sun.nio.ch.DatagramChannelImpl.sendFromNativeBuffer(DatagramChannelImpl.java:573)
11-06 14:53:18.783 27130 27172 W System.err: 	at sun.nio.ch.DatagramChannelImpl.send(DatagramChannelImpl.java:550)
11-06 14:53:18.783 27130 27172 W System.err: 	at sun.nio.ch.DatagramChannelImpl.send(DatagramChannelImpl.java:514)
11-06 14:53:18.783 27130 27172 W System.err: 	at symlab.CloudAR.network.TransmissionTask.run(TransmissionTask.java:124)
11-06 14:53:18.783 27130 27172 W System.err: 	at android.os.Handler.handleCallback(Handler.java:907)
11-06 14:53:18.783 27130 27172 W System.err: 	at android.os.Handler.dispatchMessage(Handler.java:105)
11-06 14:53:18.783 27130 27172 W System.err: 	at android.os.Looper.loop(Looper.java:216)
11-06 14:53:18.783 27130 27172 W System.err: 	at android.os.HandlerThread.run(HandlerThread.java:65)
11-06 14:53:18.808 27130 27172 W System.err: java.net.SocketException: Message too long
11-06 14:53:18.809 27130 27172 W System.err: 	at sun.nio.ch.DatagramChannelImpl.send0(Native Method)
11-06 14:53:18.809 27130 27172 W System.err: 	at sun.nio.ch.DatagramChannelImpl.sendFromNativeBuffer(DatagramChannelImpl.java:573)
11-06 14:53:18.809 27130 27172 W System.err: 	at sun.nio.ch.DatagramChannelImpl.send(DatagramChannelImpl.java:550)
11-06 14:53:18.809 27130 27172 W System.err: 	at sun.nio.ch.DatagramChannelImpl.send(DatagramChannelImpl.java:514)
11-06 14:53:18.809 27130 27172 W System.err: 	at symlab.CloudAR.network.TransmissionTask.run(TransmissionTask.java:124)
11-06 14:53:18.809 27130 27172 W System.err: 	at android.os.Handler.handleCallback(Handler.java:907)
11-06 14:53:18.809 27130 27172 W System.err: 	at android.os.Handler.dispatchMessage(Handler.java:105)
11-06 14:53:18.809 27130 27172 W System.err: 	at android.os.Looper.loop(Looper.java:216)
11-06 14:53:18.809 27130 27172 W System.err: 	at android.os.HandlerThread.run(HandlerThread.java:65)
11-06 14:53:18.841 27130 27172 W System.err: java.net.SocketException: Message too long
11-06 14:53:18.841 27130 27172 W System.err: 	at sun.nio.ch.DatagramChannelImpl.send0(Native Method)
11-06 14:53:18.841 27130 27172 W System.err: 	at sun.nio.ch.DatagramChannelImpl.sendFromNativeBuffer(DatagramChannelImpl.java:573)
11-06 14:53:18.841 27130 27172 W System.err: 	at sun.nio.ch.DatagramChannelImpl.send(DatagramChannelImpl.java:550)
11-06 14:53:18.841 27130 27172 W System.err: 	at sun.nio.ch.DatagramChannelImpl.send(DatagramChannelImpl.java:514)
11-06 14:53:18.841 27130 27172 W System.err: 	at symlab.CloudAR.network.TransmissionTask.run(TransmissionTask.java:124)
11-06 14:53:18.841 27130 27172 W System.err: 	at android.os.Handler.handleCallback(Handler.java:907)
11-06 14:53:18.842 27130 27172 W System.err: 	at android.os.Handler.dispatchMessage(Handler.java:105)
11-06 14:53:18.842 27130 27172 W System.err: 	at android.os.Looper.loop(Looper.java:216)
11-06 14:53:18.842 27130 27172 W System.err: 	at android.os.HandlerThread.run(HandlerThread.java:65)
11-06 14:53:18.875 27130 27145 E         : [ZeroHung]zrhung_get_config: Get config failed for wp[0x0008]
11-06 14:53:18.875 27130 27172 W System.err: java.net.SocketException: Message too long
11-06 14:53:18.875 27130 27172 W System.err: 	at sun.nio.ch.DatagramChannelImpl.send0(Native Method)
11-06 14:53:18.875 27130 27172 W System.err: 	at sun.nio.ch.DatagramChannelImpl.sendFromNativeBuffer(DatagramChannelImpl.java:573)
11-06 14:53:18.875 27130 27172 W System.err: 	at sun.nio.ch.DatagramChannelImpl.send(DatagramChannelImpl.java:550)
11-06 14:53:18.875 27130 27172 W System.err: 	at sun.nio.ch.DatagramChannelImpl.send(DatagramChannelImpl.java:514)
11-06 14:53:18.875 27130 27172 W System.err: 	at symlab.CloudAR.network.TransmissionTask.run(TransmissionTask.java:124)
11-06 14:53:18.876 27130 27172 W System.err: 	at android.os.Handler.handleCallback(Handler.java:907)
11-06 14:53:18.876 27130 27172 W System.err: 	at android.os.Handler.dispatchMessage(Handler.java:105)
11-06 14:53:18.876 27130 27172 W System.err: 	at android.os.Looper.loop(Looper.java:216)
11-06 14:53:18.876 27130 27172 W System.err: 	at android.os.HandlerThread.run(HandlerThread.java:65)
11-06 14:53:18.913 27130 27172 W System.err: java.net.SocketException: Message too long
11-06 14:53:18.913 27130 27172 W System.err: 	at sun.nio.ch.DatagramChannelImpl.send0(Native Method)
11-06 14:53:18.913 27130 27172 W System.err: 	at sun.nio.ch.DatagramChannelImpl.sendFromNativeBuffer(DatagramChannelImpl.java:573)
11-06 14:53:18.914 27130 27172 W System.err: 	at sun.nio.ch.DatagramChannelImpl.send(DatagramChannelImpl.java:550)
11-06 14:53:18.914 27130 27172 W System.err: 	at sun.nio.ch.DatagramChannelImpl.send(DatagramChannelImpl.java:514)
11-06 14:53:18.914 27130 27172 W System.err: 	at symlab.CloudAR.network.TransmissionTask.run(TransmissionTask.java:124)
11-06 14:53:18.914 27130 27172 W System.err: 	at android.os.Handler.handleCallback(Handler.java:907)
11-06 14:53:18.914 27130 27172 W System.err: 	at android.os.Handler.dispatchMessage(Handler.java:105)
11-06 14:53:18.914 27130 27172 W System.err: 	at android.os.Looper.loop(Looper.java:216)
11-06 14:53:18.914 27130 27172 W System.err: 	at android.os.HandlerThread.run(HandlerThread.java:65)
11-06 14:53:18.942 27130 27172 W System.err: java.net.SocketException: Message too long
11-06 14:53:18.942 27130 27172 W System.err: 	at sun.nio.ch.DatagramChannelImpl.send0(Native Method)
11-06 14:53:18.942 27130 27172 W System.err: 	at sun.nio.ch.DatagramChannelImpl.sendFromNativeBuffer(DatagramChannelImpl.java:573)
11-06 14:53:18.942 27130 27172 W System.err: 	at sun.nio.ch.DatagramChannelImpl.send(DatagramChannelImpl.java:550)
11-06 14:53:18.943 27130 27172 W System.err: 	at sun.nio.ch.DatagramChannelImpl.send(DatagramChannelImpl.java:514)
11-06 14:53:18.943 27130 27172 W System.err: 	at symlab.CloudAR.network.TransmissionTask.run(TransmissionTask.java:124)
11-06 14:53:18.943 27130 27172 W System.err: 	at android.os.Handler.handleCallback(Handler.java:907)
11-06 14:53:18.943 27130 27172 W System.err: 	at android.os.Handler.dispatchMessage(Handler.java:105)
11-06 14:53:18.943 27130 27172 W System.err: 	at android.os.Looper.loop(Looper.java:216)
11-06 14:53:18.943 27130 27172 W System.err: 	at android.os.HandlerThread.run(HandlerThread.java:65)
11-06 14:53:18.975 27130 27172 W System.err: java.net.SocketException: Message too long
11-06 14:53:18.975 27130 27172 W System.err: 	at sun.nio.ch.DatagramChannelImpl.send0(Native Method)
11-06 14:53:18.975 27130 27172 W System.err: 	at sun.nio.ch.DatagramChannelImpl.sendFromNativeBuffer(DatagramChannelImpl.java:573)
11-06 14:53:18.975 27130 27172 W System.err: 	at sun.nio.ch.DatagramChannelImpl.send(DatagramChannelImpl.java:550)
11-06 14:53:18.975 27130 27172 W System.err: 	at sun.nio.ch.DatagramChannelImpl.send(DatagramChannelImpl.java:514)
11-06 14:53:18.975 27130 27172 W System.err: 	at symlab.CloudAR.network.TransmissionTask.run(TransmissionTask.java:124)
11-06 14:53:18.975 27130 27172 W System.err: 	at android.os.Handler.handleCallback(Handler.java:907)
11-06 14:53:18.975 27130 27172 W System.err: 	at android.os.Handler.dispatchMessage(Handler.java:105)
11-06 14:53:18.975 27130 27172 W System.err: 	at android.os.Looper.loop(Looper.java:216)
11-06 14:53:18.975 27130 27172 W System.err: 	at android.os.HandlerThread.run(HandlerThread.java:65)
11-06 14:53:19.007 27130 27172 W System.err: java.net.SocketException: Message too long
11-06 14:53:19.007 27130 27172 W System.err: 	at sun.nio.ch.DatagramChannelImpl.send0(Native Method)
11-06 14:53:19.007 27130 27172 W System.err: 	at sun.nio.ch.DatagramChannelImpl.sendFromNativeBuffer(DatagramChannelImpl.java:573)
11-06 14:53:19.007 27130 27172 W System.err: 	at sun.nio.ch.DatagramChannelImpl.send(DatagramChannelImpl.java:550)
11-06 14:53:19.007 27130 27172 W System.err: 	at sun.nio.ch.DatagramChannelImpl.send(DatagramChannelImpl.java:514)
11-06 14:53:19.007 27130 27172 W System.err: 	at symlab.CloudAR.network.TransmissionTask.run(TransmissionTask.java:124)
11-06 14:53:19.007 27130 27172 W System.err: 	at android.os.Handler.handleCallback(Handler.java:907)
11-06 14:53:19.007 27130 27172 W System.err: 	at android.os.Handler.dispatchMessage(Handler.java:105)
11-06 14:53:19.007 27130 27172 W System.err: 	at android.os.Looper.loop(Looper.java:216)
11-06 14:53:19.007 27130 27172 W System.err: 	at android.os.HandlerThread.run(HandlerThread.java:65)
11-06 14:53:19.042 27130 27172 W System.err: java.net.SocketException: Message too long
11-06 14:53:19.042 27130 27172 W System.err: 	at sun.nio.ch.DatagramChannelImpl.send0(Native Method)
11-06 14:53:19.042 27130 27172 W System.err: 	at sun.nio.ch.DatagramChannelImpl.sendFromNativeBuffer(DatagramChannelImpl.java:573)
11-06 14:53:19.042 27130 27172 W System.err: 	at sun.nio.ch.DatagramChannelImpl.send(DatagramChannelImpl.java:550)
11-06 14:53:19.043 27130 27172 W System.err: 	at sun.nio.ch.DatagramChannelImpl.send(DatagramChannelImpl.java:514)
11-06 14:53:19.043 27130 27172 W System.err: 	at symlab.CloudAR.network.TransmissionTask.run(TransmissionTask.java:124)
11-06 14:53:19.043 27130 27172 W System.err: 	at android.os.Handler.handleCallback(Handler.java:907)
11-06 14:53:19.043 27130 27172 W System.err: 	at android.os.Handler.dispatchMessage(Handler.java:105)
11-06 14:53:19.043 27130 27172 W System.err: 	at android.os.Looper.loop(Looper.java:216)
11-06 14:53:19.043 27130 27172 W System.err: 	at android.os.HandlerThread.run(HandlerThread.java:65)
11-06 14:53:19.079 27130 27172 W System.err: java.net.SocketException: Message too long
11-06 14:53:19.079 27130 27172 W System.err: 	at sun.nio.ch.DatagramChannelImpl.send0(Native Method)
11-06 14:53:19.079 27130 27172 W System.err: 	at sun.nio.ch.DatagramChannelImpl.sendFromNativeBuffer(DatagramChannelImpl.java:573)
11-06 14:53:19.079 27130 27172 W System.err: 	at sun.nio.ch.DatagramChannelImpl.send(DatagramChannelImpl.java:550)
11-06 14:53:19.079 27130 27172 W System.err: 	at sun.nio.ch.DatagramChannelImpl.send(DatagramChannelImpl.java:514)
11-06 14:53:19.079 27130 27172 W System.err: 	at symlab.CloudAR.network.TransmissionTask.run(TransmissionTask.java:124)
11-06 14:53:19.079 27130 27172 W System.err: 	at android.os.Handler.handleCallback(Handler.java:907)
11-06 14:53:19.079 27130 27172 W System.err: 	at android.os.Handler.dispatchMessage(Handler.java:105)
11-06 14:53:19.079 27130 27172 W System.err: 	at android.os.Looper.loop(Looper.java:216)
11-06 14:53:19.079 27130 27172 W System.err: 	at android.os.HandlerThread.run(HandlerThread.java:65)
11-06 14:53:19.111 27130 27172 W System.err: java.net.SocketException: Message too long
11-06 14:53:19.111 27130 27172 W System.err: 	at sun.nio.ch.DatagramChannelImpl.send0(Native Method)
11-06 14:53:19.111 27130 27172 W System.err: 	at sun.nio.ch.DatagramChannelImpl.sendFromNativeBuffer(DatagramChannelImpl.java:573)
11-06 14:53:19.111 27130 27172 W System.err: 	at sun.nio.ch.DatagramChannelImpl.send(DatagramChannelImpl.java:550)
11-06 14:53:19.111 27130 27172 W System.err: 	at sun.nio.ch.DatagramChannelImpl.send(DatagramChannelImpl.java:514)
11-06 14:53:19.111 27130 27172 W System.err: 	at symlab.CloudAR.network.TransmissionTask.run(TransmissionTask.java:124)
11-06 14:53:19.111 27130 27172 W System.err: 	at android.os.Handler.handleCallback(Handler.java:907)
11-06 14:53:19.111 27130 27172 W System.err: 	at android.os.Handler.dispatchMessage(Handler.java:105)
11-06 14:53:19.111 27130 27172 W System.err: 	at android.os.Looper.loop(Looper.java:216)
11-06 14:53:19.111 27130 27172 W System.err: 	at android.os.HandlerThread.run(HandlerThread.java:65)
11-06 14:53:19.143 27130 27172 W System.err: java.net.SocketException: Message too long
11-06 14:53:19.143 27130 27172 W System.err: 	at sun.nio.ch.DatagramChannelImpl.send0(Native Method)
11-06 14:53:19.143 27130 27172 W System.err: 	at sun.nio.ch.DatagramChannelImpl.sendFromNativeBuffer(DatagramChannelImpl.java:573)
11-06 14:53:19.143 27130 27172 W System.err: 	at sun.nio.ch.DatagramChannelImpl.send(DatagramChannelImpl.java:550)
11-06 14:53:19.143 27130 27172 W System.err: 	at sun.nio.ch.DatagramChannelImpl.send(DatagramChannelImpl.java:514)
11-06 14:53:19.143 27130 27172 W System.err: 	at symlab.CloudAR.network.TransmissionTask.run(TransmissionTask.java:124)
11-06 14:53:19.143 27130 27172 W System.err: 	at android.os.Handler.handleCallback(Handler.java:907)
11-06 14:53:19.143 27130 27172 W System.err: 	at android.os.Handler.dispatchMessage(Handler.java:105)
11-06 14:53:19.143 27130 27172 W System.err: 	at android.os.Looper.loop(Looper.java:216)
11-06 14:53:19.143 27130 27172 W System.err: 	at android.os.HandlerThread.run(HandlerThread.java:65)
11-06 14:53:19.178 27130 27172 W System.err: java.net.SocketException: Message too long
11-06 14:53:19.178 27130 27172 W System.err: 	at sun.nio.ch.DatagramChannelImpl.send0(Native Method)
11-06 14:53:19.178 27130 27172 W System.err: 	at sun.nio.ch.DatagramChannelImpl.sendFromNativeBuffer(DatagramChannelImpl.java:573)
11-06 14:53:19.178 27130 27172 W System.err: 	at sun.nio.ch.DatagramChannelImpl.send(DatagramChannelImpl.java:550)
11-06 14:53:19.178 27130 27172 W System.err: 	at sun.nio.ch.DatagramChannelImpl.send(DatagramChannelImpl.java:514)
11-06 14:53:19.178 27130 27172 W System.err: 	at symlab.CloudAR.network.TransmissionTask.run(TransmissionTask.java:124)
11-06 14:53:19.178 27130 27172 W System.err: 	at android.os.Handler.handleCallback(Handler.java:907)
11-06 14:53:19.178 27130 27172 W System.err: 	at android.os.Handler.dispatchMessage(Handler.java:105)
11-06 14:53:19.178 27130 27172 W System.err: 	at android.os.Looper.loop(Looper.java:216)
11-06 14:53:19.178 27130 27172 W System.err: 	at android.os.HandlerThread.run(HandlerThread.java:65)
11-06 14:53:19.209 27130 27172 W System.err: java.net.SocketException: Message too long
11-06 14:53:19.209 27130 27172 W System.err: 	at sun.nio.ch.DatagramChannelImpl.send0(Native Method)
11-06 14:53:19.209 27130 27172 W System.err: 	at sun.nio.ch.DatagramChannelImpl.sendFromNativeBuffer(DatagramChannelImpl.java:573)
11-06 14:53:19.209 27130 27172 W System.err: 	at sun.nio.ch.DatagramChannelImpl.send(DatagramChannelImpl.java:550)
11-06 14:53:19.209 27130 27172 W System.err: 	at sun.nio.ch.DatagramChannelImpl.send(DatagramChannelImpl.java:514)
11-06 14:53:19.209 27130 27172 W System.err: 	at symlab.CloudAR.network.TransmissionTask.run(TransmissionTask.java:124)
11-06 14:53:19.209 27130 27172 W System.err: 	at android.os.Handler.handleCallback(Handler.java:907)
11-06 14:53:19.209 27130 27172 W System.err: 	at android.os.Handler.dispatchMessage(Handler.java:105)
11-06 14:53:19.209 27130 27172 W System.err: 	at android.os.Looper.loop(Looper.java:216)
11-06 14:53:19.209 27130 27172 W System.err: 	at android.os.HandlerThread.run(HandlerThread.java:65)
11-06 14:53:19.244 27130 27172 W System.err: java.net.SocketException: Message too long
11-06 14:53:19.245 27130 27172 W System.err: 	at sun.nio.ch.DatagramChannelImpl.send0(Native Method)
11-06 14:53:19.245 27130 27172 W System.err: 	at sun.nio.ch.DatagramChannelImpl.sendFromNativeBuffer(DatagramChannelImpl.java:573)
11-06 14:53:19.245 27130 27172 W System.err: 	at sun.nio.ch.DatagramChannelImpl.send(DatagramChannelImpl.java:550)
11-06 14:53:19.245 27130 27172 W System.err: 	at sun.nio.ch.DatagramChannelImpl.send(DatagramChannelImpl.java:514)
11-06 14:53:19.245 27130 27172 W System.err: 	at symlab.CloudAR.network.TransmissionTask.run(TransmissionTask.java:124)
11-06 14:53:19.245 27130 27172 W System.err: 	at android.os.Handler.handleCallback(Handler.java:907)
11-06 14:53:19.245 27130 27172 W System.err: 	at android.os.Handler.dispatchMessage(Handler.java:105)
11-06 14:53:19.245 27130 27172 W System.err: 	at android.os.Looper.loop(Looper.java:216)
11-06 14:53:19.245 27130 27172 W System.err: 	at android.os.HandlerThread.run(HandlerThread.java:65)
11-06 14:53:19.279 27130 27172 W System.err: java.net.SocketException: Message too long
11-06 14:53:19.279 27130 27172 W System.err: 	at sun.nio.ch.DatagramChannelImpl.send0(Native Method)
11-06 14:53:19.279 27130 27172 W System.err: 	at sun.nio.ch.DatagramChannelImpl.sendFromNativeBuffer(DatagramChannelImpl.java:573)
11-06 14:53:19.279 27130 27172 W System.err: 	at sun.nio.ch.DatagramChannelImpl.send(DatagramChannelImpl.java:550)
11-06 14:53:19.279 27130 27172 W System.err: 	at sun.nio.ch.DatagramChannelImpl.send(DatagramChannelImpl.java:514)
11-06 14:53:19.279 27130 27172 W System.err: 	at symlab.CloudAR.network.TransmissionTask.run(TransmissionTask.java:124)
11-06 14:53:19.280 27130 27172 W System.err: 	at android.os.Handler.handleCallback(Handler.java:907)
11-06 14:53:19.280 27130 27172 W System.err: 	at android.os.Handler.dispatchMessage(Handler.java:105)
11-06 14:53:19.280 27130 27172 W System.err: 	at android.os.Looper.loop(Looper.java:216)
11-06 14:53:19.280 27130 27172 W System.err: 	at android.os.HandlerThread.run(HandlerThread.java:65)
11-06 14:53:19.316 27130 27172 W System.err: java.net.SocketException: Message too long
11-06 14:53:19.316 27130 27172 W System.err: 	at sun.nio.ch.DatagramChannelImpl.send0(Native Method)
11-06 14:53:19.316 27130 27172 W System.err: 	at sun.nio.ch.DatagramChannelImpl.sendFromNativeBuffer(DatagramChannelImpl.java:573)
11-06 14:53:19.316 27130 27172 W System.err: 	at sun.nio.ch.DatagramChannelImpl.send(DatagramChannelImpl.java:550)
11-06 14:53:19.316 27130 27172 W System.err: 	at sun.nio.ch.DatagramChannelImpl.send(DatagramChannelImpl.java:514)
11-06 14:53:19.316 27130 27172 W System.err: 	at symlab.CloudAR.network.TransmissionTask.run(TransmissionTask.java:124)
11-06 14:53:19.316 27130 27172 W System.err: 	at android.os.Handler.handleCallback(Handler.java:907)
11-06 14:53:19.316 27130 27172 W System.err: 	at android.os.Handler.dispatchMessage(Handler.java:105)
11-06 14:53:19.316 27130 27172 W System.err: 	at android.os.Looper.loop(Looper.java:216)
11-06 14:53:19.316 27130 27172 W System.err: 	at android.os.HandlerThread.run(HandlerThread.java:65)
11-06 14:53:19.343 27130 27172 W System.err: java.net.SocketException: Message too long
11-06 14:53:19.343 27130 27172 W System.err: 	at sun.nio.ch.DatagramChannelImpl.send0(Native Method)
11-06 14:53:19.343 27130 27172 W System.err: 	at sun.nio.ch.DatagramChannelImpl.sendFromNativeBuffer(DatagramChannelImpl.java:573)
11-06 14:53:19.343 27130 27172 W System.err: 	at sun.nio.ch.DatagramChannelImpl.send(DatagramChannelImpl.java:550)
11-06 14:53:19.343 27130 27172 W System.err: 	at sun.nio.ch.DatagramChannelImpl.send(DatagramChannelImpl.java:514)
11-06 14:53:19.343 27130 27172 W System.err: 	at symlab.CloudAR.network.TransmissionTask.run(TransmissionTask.java:124)
11-06 14:53:19.343 27130 27172 W System.err: 	at android.os.Handler.handleCallback(Handler.java:907)
11-06 14:53:19.343 27130 27172 W System.err: 	at android.os.Handler.dispatchMessage(Handler.java:105)
11-06 14:53:19.343 27130 27172 W System.err: 	at android.os.Looper.loop(Looper.java:216)
11-06 14:53:19.343 27130 27172 W System.err: 	at android.os.HandlerThread.run(HandlerThread.java:65)
11-06 14:53:19.377 27130 27172 D Evaluation: Frame 24 sent at 1573044799377
11-06 14:53:19.413 27130 27172 W System.err: java.net.SocketException: Message too long
11-06 14:53:19.413 27130 27172 W System.err: 	at sun.nio.ch.DatagramChannelImpl.send0(Native Method)
11-06 14:53:19.413 27130 27172 W System.err: 	at sun.nio.ch.DatagramChannelImpl.sendFromNativeBuffer(DatagramChannelImpl.java:573)
11-06 14:53:19.413 27130 27172 W System.err: 	at sun.nio.ch.DatagramChannelImpl.send(DatagramChannelImpl.java:550)
11-06 14:53:19.413 27130 27172 W System.err: 	at sun.nio.ch.DatagramChannelImpl.send(DatagramChannelImpl.java:514)
11-06 14:53:19.413 27130 27172 W System.err: 	at symlab.CloudAR.network.TransmissionTask.run(TransmissionTask.java:124)
11-06 14:53:19.413 27130 27172 W System.err: 	at android.os.Handler.handleCallback(Handler.java:907)
11-06 14:53:19.413 27130 27172 W System.err: 	at android.os.Handler.dispatchMessage(Handler.java:105)
11-06 14:53:19.413 27130 27172 W System.err: 	at android.os.Looper.loop(Looper.java:216)
11-06 14:53:19.413 27130 27172 W System.err: 	at android.os.HandlerThread.run(HandlerThread.java:65)
11-06 14:53:19.448 27130 27172 W System.err: java.net.SocketException: Message too long
11-06 14:53:19.448 27130 27172 W System.err: 	at sun.nio.ch.DatagramChannelImpl.send0(Native Method)
11-06 14:53:19.448 27130 27172 W System.err: 	at sun.nio.ch.DatagramChannelImpl.sendFromNativeBuffer(DatagramChannelImpl.java:573)
11-06 14:53:19.448 27130 27172 W System.err: 	at sun.nio.ch.DatagramChannelImpl.send(DatagramChannelImpl.java:550)
11-06 14:53:19.448 27130 27172 W System.err: 	at sun.nio.ch.DatagramChannelImpl.send(DatagramChannelImpl.java:514)
11-06 14:53:19.448 27130 27172 W System.err: 	at symlab.CloudAR.network.TransmissionTask.run(TransmissionTask.java:124)
11-06 14:53:19.448 27130 27172 W System.err: 	at android.os.Handler.handleCallback(Handler.java:907)
11-06 14:53:19.448 27130 27172 W System.err: 	at android.os.Handler.dispatchMessage(Handler.java:105)
11-06 14:53:19.448 27130 27172 W System.err: 	at android.os.Looper.loop(Looper.java:216)
11-06 14:53:19.448 27130 27172 W System.err: 	at android.os.HandlerThread.run(HandlerThread.java:65)
11-06 14:53:19.480 27130 27172 W System.err: java.net.SocketException: Message too long
11-06 14:53:19.480 27130 27172 W System.err: 	at sun.nio.ch.DatagramChannelImpl.send0(Native Method)
11-06 14:53:19.480 27130 27172 W System.err: 	at sun.nio.ch.DatagramChannelImpl.sendFromNativeBuffer(DatagramChannelImpl.java:573)
11-06 14:53:19.480 27130 27172 W System.err: 	at sun.nio.ch.DatagramChannelImpl.send(DatagramChannelImpl.java:550)
11-06 14:53:19.480 27130 27172 W System.err: 	at sun.nio.ch.DatagramChannelImpl.send(DatagramChannelImpl.java:514)
11-06 14:53:19.480 27130 27172 W System.err: 	at symlab.CloudAR.network.TransmissionTask.run(TransmissionTask.java:124)
11-06 14:53:19.480 27130 27172 W System.err: 	at android.os.Handler.handleCallback(Handler.java:907)
11-06 14:53:19.480 27130 27172 W System.err: 	at android.os.Handler.dispatchMessage(Handler.java:105)
11-06 14:53:19.480 27130 27172 W System.err: 	at android.os.Looper.loop(Looper.java:216)
11-06 14:53:19.481 27130 27172 W System.err: 	at android.os.HandlerThread.run(HandlerThread.java:65)
11-06 14:53:19.518 27130 27172 W System.err: java.net.SocketException: Message too long
11-06 14:53:19.518 27130 27172 W System.err: 	at sun.nio.ch.DatagramChannelImpl.send0(Native Method)
11-06 14:53:19.518 27130 27172 W System.err: 	at sun.nio.ch.DatagramChannelImpl.sendFromNativeBuffer(DatagramChannelImpl.java:573)
11-06 14:53:19.518 27130 27172 W System.err: 	at sun.nio.ch.DatagramChannelImpl.send(DatagramChannelImpl.java:550)
11-06 14:53:19.518 27130 27172 W System.err: 	at sun.nio.ch.DatagramChannelImpl.send(DatagramChannelImpl.java:514)
11-06 14:53:19.518 27130 27172 W System.err: 	at symlab.CloudAR.network.TransmissionTask.run(TransmissionTask.java:124)
11-06 14:53:19.518 27130 27172 W System.err: 	at android.os.Handler.handleCallback(Handler.java:907)
11-06 14:53:19.518 27130 27172 W System.err: 	at android.os.Handler.dispatchMessage(Handler.java:105)
11-06 14:53:19.518 27130 27172 W System.err: 	at android.os.Looper.loop(Looper.java:216)
11-06 14:53:19.518 27130 27172 W System.err: 	at android.os.HandlerThread.run(HandlerThread.java:65)
11-06 14:53:19.554 27130 27145 E         : [ZeroHung]zrhung_get_config: Get config failed for wp[0x0008]
11-06 14:53:19.554 27130 27172 W System.err: java.net.SocketException: Message too long
11-06 14:53:19.554 27130 27172 W System.err: 	at sun.nio.ch.DatagramChannelImpl.send0(Native Method)
11-06 14:53:19.554 27130 27172 W System.err: 	at sun.nio.ch.DatagramChannelImpl.sendFromNativeBuffer(DatagramChannelImpl.java:573)
11-06 14:53:19.554 27130 27172 W System.err: 	at sun.nio.ch.DatagramChannelImpl.send(DatagramChannelImpl.java:550)
11-06 14:53:19.554 27130 27172 W System.err: 	at sun.nio.ch.DatagramChannelImpl.send(DatagramChannelImpl.java:514)
11-06 14:53:19.554 27130 27172 W System.err: 	at symlab.CloudAR.network.TransmissionTask.run(TransmissionTask.java:124)
11-06 14:53:19.555 27130 27172 W System.err: 	at android.os.Handler.handleCallback(Handler.java:907)
11-06 14:53:19.555 27130 27172 W System.err: 	at android.os.Handler.dispatchMessage(Handler.java:105)
11-06 14:53:19.555 27130 27172 W System.err: 	at android.os.Looper.loop(Looper.java:216)
11-06 14:53:19.555 27130 27172 W System.err: 	at android.os.HandlerThread.run(HandlerThread.java:65)
11-06 14:53:19.556 27130 27172 D Evaluation: 0 res for frame 24 received at 1573044799556
11-06 14:53:19.561 27130 27130 D Poster  : At 1573044799561 location is 65.0581093931811 (latitude), and 25.46724054636851 (longitude)
11-06 14:53:19.568 27130 27130 D Poster  : Connected to mobile network 20
11-06 14:53:19.593 27130 27172 W System.err: java.net.SocketException: Message too long
11-06 14:53:19.593 27130 27172 W System.err: 	at sun.nio.ch.DatagramChannelImpl.send0(Native Method)
11-06 14:53:19.593 27130 27172 W System.err: 	at sun.nio.ch.DatagramChannelImpl.sendFromNativeBuffer(DatagramChannelImpl.java:573)
11-06 14:53:19.593 27130 27172 W System.err: 	at sun.nio.ch.DatagramChannelImpl.send(DatagramChannelImpl.java:550)
11-06 14:53:19.593 27130 27172 W System.err: 	at sun.nio.ch.DatagramChannelImpl.send(DatagramChannelImpl.java:514)
11-06 14:53:19.593 27130 27172 W System.err: 	at symlab.CloudAR.network.TransmissionTask.run(TransmissionTask.java:124)
11-06 14:53:19.593 27130 27172 W System.err: 	at android.os.Handler.handleCallback(Handler.java:907)
11-06 14:53:19.593 27130 27172 W System.err: 	at android.os.Handler.dispatchMessage(Handler.java:105)
11-06 14:53:19.593 27130 27172 W System.err: 	at android.os.Looper.loop(Looper.java:216)
11-06 14:53:19.593 27130 27172 W System.err: 	at android.os.HandlerThread.run(HandlerThread.java:65)
11-06 14:53:19.614 27130 27172 W System.err: java.net.SocketException: Message too long
11-06 14:53:19.614 27130 27172 W System.err: 	at sun.nio.ch.DatagramChannelImpl.send0(Native Method)
11-06 14:53:19.614 27130 27172 W System.err: 	at sun.nio.ch.DatagramChannelImpl.sendFromNativeBuffer(DatagramChannelImpl.java:573)
11-06 14:53:19.615 27130 27172 W System.err: 	at sun.nio.ch.DatagramChannelImpl.send(DatagramChannelImpl.java:550)
11-06 14:53:19.615 27130 27172 W System.err: 	at sun.nio.ch.DatagramChannelImpl.send(DatagramChannelImpl.java:514)
11-06 14:53:19.615 27130 27172 W System.err: 	at symlab.CloudAR.network.TransmissionTask.run(TransmissionTask.java:124)
11-06 14:53:19.615 27130 27172 W System.err: 	at android.os.Handler.handleCallback(Handler.java:907)
11-06 14:53:19.615 27130 27172 W System.err: 	at android.os.Handler.dispatchMessage(Handler.java:105)
11-06 14:53:19.615 27130 27172 W System.err: 	at android.os.Looper.loop(Looper.java:216)
11-06 14:53:19.615 27130 27172 W System.err: 	at android.os.HandlerThread.run(HandlerThread.java:65)
11-06 14:53:19.651 27130 27172 W System.err: java.net.SocketException: Message too long
11-06 14:53:19.651 27130 27172 W System.err: 	at sun.nio.ch.DatagramChannelImpl.send0(Native Method)
11-06 14:53:19.651 27130 27172 W System.err: 	at sun.nio.ch.DatagramChannelImpl.sendFromNativeBuffer(DatagramChannelImpl.java:573)
11-06 14:53:19.651 27130 27172 W System.err: 	at sun.nio.ch.DatagramChannelImpl.send(DatagramChannelImpl.java:550)
11-06 14:53:19.651 27130 27172 W System.err: 	at sun.nio.ch.DatagramChannelImpl.send(DatagramChannelImpl.java:514)
11-06 14:53:19.651 27130 27172 W System.err: 	at symlab.CloudAR.network.TransmissionTask.run(TransmissionTask.java:124)
11-06 14:53:19.651 27130 27172 W System.err: 	at android.os.Handler.handleCallback(Handler.java:907)
11-06 14:53:19.651 27130 27172 W System.err: 	at android.os.Handler.dispatchMessage(Handler.java:105)
11-06 14:53:19.651 27130 27172 W System.err: 	at android.os.Looper.loop(Looper.java:216)
11-06 14:53:19.651 27130 27172 W System.err: 	at android.os.HandlerThread.run(HandlerThread.java:65)
11-06 14:53:19.683 27130 27172 W System.err: java.net.SocketException: Message too long
11-06 14:53:19.683 27130 27172 W System.err: 	at sun.nio.ch.DatagramChannelImpl.send0(Native Method)
11-06 14:53:19.683 27130 27172 W System.err: 	at sun.nio.ch.DatagramChannelImpl.sendFromNativeBuffer(DatagramChannelImpl.java:573)
11-06 14:53:19.683 27130 27172 W System.err: 	at sun.nio.ch.DatagramChannelImpl.send(DatagramChannelImpl.java:550)
11-06 14:53:19.683 27130 27172 W System.err: 	at sun.nio.ch.DatagramChannelImpl.send(DatagramChannelImpl.java:514)
11-06 14:53:19.683 27130 27172 W System.err: 	at symlab.CloudAR.network.TransmissionTask.run(TransmissionTask.java:124)
11-06 14:53:19.683 27130 27172 W System.err: 	at android.os.Handler.handleCallback(Handler.java:907)
11-06 14:53:19.683 27130 27172 W System.err: 	at android.os.Handler.dispatchMessage(Handler.java:105)
11-06 14:53:19.683 27130 27172 W System.err: 	at android.os.Looper.loop(Looper.java:216)
11-06 14:53:19.683 27130 27172 W System.err: 	at android.os.HandlerThread.run(HandlerThread.java:65)
11-06 14:53:19.725 27130 27172 W System.err: java.net.SocketException: Message too long
11-06 14:53:19.725 27130 27172 W System.err: 	at sun.nio.ch.DatagramChannelImpl.send0(Native Method)
11-06 14:53:19.725 27130 27172 W System.err: 	at sun.nio.ch.DatagramChannelImpl.sendFromNativeBuffer(DatagramChannelImpl.java:573)
11-06 14:53:19.725 27130 27172 W System.err: 	at sun.nio.ch.DatagramChannelImpl.send(DatagramChannelImpl.java:550)
11-06 14:53:19.725 27130 27172 W System.err: 	at sun.nio.ch.DatagramChannelImpl.send(DatagramChannelImpl.java:514)
11-06 14:53:19.725 27130 27172 W System.err: 	at symlab.CloudAR.network.TransmissionTask.run(TransmissionTask.java:124)
11-06 14:53:19.725 27130 27172 W System.err: 	at android.os.Handler.handleCallback(Handler.java:907)
11-06 14:53:19.725 27130 27172 W System.err: 	at android.os.Handler.dispatchMessage(Handler.java:105)
11-06 14:53:19.725 27130 27172 W System.err: 	at android.os.Looper.loop(Looper.java:216)
11-06 14:53:19.725 27130 27172 W System.err: 	at android.os.HandlerThread.run(HandlerThread.java:65)
11-06 14:53:19.761 27130 27172 W System.err: java.net.SocketException: Message too long
11-06 14:53:19.761 27130 27172 W System.err: 	at sun.nio.ch.DatagramChannelImpl.send0(Native Method)
11-06 14:53:19.761 27130 27172 W System.err: 	at sun.nio.ch.DatagramChannelImpl.sendFromNativeBuffer(DatagramChannelImpl.java:573)
11-06 14:53:19.761 27130 27172 W System.err: 	at sun.nio.ch.DatagramChannelImpl.send(DatagramChannelImpl.java:550)
11-06 14:53:19.761 27130 27172 W System.err: 	at sun.nio.ch.DatagramChannelImpl.send(DatagramChannelImpl.java:514)
11-06 14:53:19.761 27130 27172 W System.err: 	at symlab.CloudAR.network.TransmissionTask.run(TransmissionTask.java:124)
11-06 14:53:19.761 27130 27172 W System.err: 	at android.os.Handler.handleCallback(Handler.java:907)
11-06 14:53:19.761 27130 27172 W System.err: 	at android.os.Handler.dispatchMessage(Handler.java:105)
11-06 14:53:19.761 27130 27172 W System.err: 	at android.os.Looper.loop(Looper.java:216)
11-06 14:53:19.761 27130 27172 W System.err: 	at android.os.HandlerThread.run(HandlerThread.java:65)
11-06 14:53:19.801 27130 27172 D Evaluation: Frame 36 sent at 1573044799801
11-06 14:53:19.827 27130 27172 D Evaluation: Frame 37 sent at 1573044799827
11-06 14:53:19.869 27130 27172 D Evaluation: Frame 38 sent at 1573044799869
11-06 14:53:19.902 27130 27172 W System.err: java.net.SocketException: Message too long
11-06 14:53:19.902 27130 27172 W System.err: 	at sun.nio.ch.DatagramChannelImpl.send0(Native Method)
11-06 14:53:19.902 27130 27172 W System.err: 	at sun.nio.ch.DatagramChannelImpl.sendFromNativeBuffer(DatagramChannelImpl.java:573)
11-06 14:53:19.902 27130 27172 W System.err: 	at sun.nio.ch.DatagramChannelImpl.send(DatagramChannelImpl.java:550)
11-06 14:53:19.902 27130 27172 W System.err: 	at sun.nio.ch.DatagramChannelImpl.send(DatagramChannelImpl.java:514)
11-06 14:53:19.902 27130 27172 W System.err: 	at symlab.CloudAR.network.TransmissionTask.run(TransmissionTask.java:124)
11-06 14:53:19.902 27130 27172 W System.err: 	at android.os.Handler.handleCallback(Handler.java:907)
11-06 14:53:19.902 27130 27172 W System.err: 	at android.os.Handler.dispatchMessage(Handler.java:105)
11-06 14:53:19.902 27130 27172 W System.err: 	at android.os.Looper.loop(Looper.java:216)
11-06 14:53:19.902 27130 27172 W System.err: 	at android.os.HandlerThread.run(HandlerThread.java:65)
11-06 14:53:19.943 27130 27172 W System.err: java.net.SocketException: Message too long
11-06 14:53:19.943 27130 27172 W System.err: 	at sun.nio.ch.DatagramChannelImpl.send0(Native Method)
11-06 14:53:19.943 27130 27172 W System.err: 	at sun.nio.ch.DatagramChannelImpl.sendFromNativeBuffer(DatagramChannelImpl.java:573)
11-06 14:53:19.943 27130 27172 W System.err: 	at sun.nio.ch.DatagramChannelImpl.send(DatagramChannelImpl.java:550)
11-06 14:53:19.943 27130 27172 W System.err: 	at sun.nio.ch.DatagramChannelImpl.send(DatagramChannelImpl.java:514)
11-06 14:53:19.943 27130 27172 W System.err: 	at symlab.CloudAR.network.TransmissionTask.run(TransmissionTask.java:124)
11-06 14:53:19.943 27130 27172 W System.err: 	at android.os.Handler.handleCallback(Handler.java:907)
11-06 14:53:19.943 27130 27172 W System.err: 	at android.os.Handler.dispatchMessage(Handler.java:105)
11-06 14:53:19.943 27130 27172 W System.err: 	at android.os.Looper.loop(Looper.java:216)
11-06 14:53:19.943 27130 27172 W System.err: 	at android.os.HandlerThread.run(HandlerThread.java:65)
11-06 14:53:19.971 27130 27172 W System.err: java.net.SocketException: Message too long
11-06 14:53:19.971 27130 27172 W System.err: 	at sun.nio.ch.DatagramChannelImpl.send0(Native Method)
11-06 14:53:19.971 27130 27172 W System.err: 	at sun.nio.ch.DatagramChannelImpl.sendFromNativeBuffer(DatagramChannelImpl.java:573)
11-06 14:53:19.972 27130 27172 W System.err: 	at sun.nio.ch.DatagramChannelImpl.send(DatagramChannelImpl.java:550)
11-06 14:53:19.972 27130 27172 W System.err: 	at sun.nio.ch.DatagramChannelImpl.send(DatagramChannelImpl.java:514)
11-06 14:53:19.972 27130 27172 W System.err: 	at symlab.CloudAR.network.TransmissionTask.run(TransmissionTask.java:124)
11-06 14:53:19.972 27130 27172 W System.err: 	at android.os.Handler.handleCallback(Handler.java:907)
11-06 14:53:19.972 27130 27172 W System.err: 	at android.os.Handler.dispatchMessage(Handler.java:105)
11-06 14:53:19.972 27130 27172 W System.err: 	at android.os.Looper.loop(Looper.java:216)
11-06 14:53:19.972 27130 27172 W System.err: 	at android.os.HandlerThread.run(HandlerThread.java:65)
11-06 14:53:20.000 27130 27172 W System.err: java.net.SocketException: Message too long
11-06 14:53:20.000 27130 27172 W System.err: 	at sun.nio.ch.DatagramChannelImpl.send0(Native Method)
11-06 14:53:20.000 27130 27172 W System.err: 	at sun.nio.ch.DatagramChannelImpl.sendFromNativeBuffer(DatagramChannelImpl.java:573)
11-06 14:53:20.000 27130 27172 W System.err: 	at sun.nio.ch.DatagramChannelImpl.send(DatagramChannelImpl.java:550)
11-06 14:53:20.000 27130 27172 W System.err: 	at sun.nio.ch.DatagramChannelImpl.send(DatagramChannelImpl.java:514)
11-06 14:53:20.000 27130 27172 W System.err: 	at symlab.CloudAR.network.TransmissionTask.run(TransmissionTask.java:124)
11-06 14:53:20.000 27130 27172 W System.err: 	at android.os.Handler.handleCallback(Handler.java:907)
11-06 14:53:20.000 27130 27172 W System.err: 	at android.os.Handler.dispatchMessage(Handler.java:105)
11-06 14:53:20.000 27130 27172 W System.err: 	at android.os.Looper.loop(Looper.java:216)
11-06 14:53:20.000 27130 27172 W System.err: 	at android.os.HandlerThread.run(HandlerThread.java:65)
11-06 14:53:20.002 27130 27172 D Evaluation: 0 res for frame 36 received at 1573044800002
11-06 14:53:20.025 27130 27172 W System.err: java.net.SocketException: Message too long
11-06 14:53:20.025 27130 27172 W System.err: 	at sun.nio.ch.DatagramChannelImpl.send0(Native Method)
11-06 14:53:20.025 27130 27172 W System.err: 	at sun.nio.ch.DatagramChannelImpl.sendFromNativeBuffer(DatagramChannelImpl.java:573)
11-06 14:53:20.025 27130 27172 W System.err: 	at sun.nio.ch.DatagramChannelImpl.send(DatagramChannelImpl.java:550)
11-06 14:53:20.025 27130 27172 W System.err: 	at sun.nio.ch.DatagramChannelImpl.send(DatagramChannelImpl.java:514)
11-06 14:53:20.025 27130 27172 W System.err: 	at symlab.CloudAR.network.TransmissionTask.run(TransmissionTask.java:124)
11-06 14:53:20.026 27130 27172 W System.err: 	at android.os.Handler.handleCallback(Handler.java:907)
11-06 14:53:20.026 27130 27172 W System.err: 	at android.os.Handler.dispatchMessage(Handler.java:105)
11-06 14:53:20.026 27130 27172 W System.err: 	at android.os.Looper.loop(Looper.java:216)
11-06 14:53:20.026 27130 27172 W System.err: 	at android.os.HandlerThread.run(HandlerThread.java:65)
11-06 14:53:20.117 27130 27172 W System.err: java.net.SocketException: Message too long
11-06 14:53:20.117 27130 27172 W System.err: 	at sun.nio.ch.DatagramChannelImpl.send0(Native Method)
11-06 14:53:20.117 27130 27172 W System.err: 	at sun.nio.ch.DatagramChannelImpl.sendFromNativeBuffer(DatagramChannelImpl.java:573)
11-06 14:53:20.117 27130 27172 W System.err: 	at sun.nio.ch.DatagramChannelImpl.send(DatagramChannelImpl.java:550)
11-06 14:53:20.117 27130 27172 W System.err: 	at sun.nio.ch.DatagramChannelImpl.send(DatagramChannelImpl.java:514)
11-06 14:53:20.117 27130 27172 W System.err: 	at symlab.CloudAR.network.TransmissionTask.run(TransmissionTask.java:124)
11-06 14:53:20.117 27130 27172 W System.err: 	at android.os.Handler.handleCallback(Handler.java:907)
11-06 14:53:20.117 27130 27172 W System.err: 	at android.os.Handler.dispatchMessage(Handler.java:105)
11-06 14:53:20.117 27130 27172 W System.err: 	at android.os.Looper.loop(Looper.java:216)
11-06 14:53:20.117 27130 27172 W System.err: 	at android.os.HandlerThread.run(HandlerThread.java:65)
11-06 14:53:20.118 27130 27172 D Evaluation: 0 res for frame 37 received at 1573044800118
11-06 14:53:20.143 27130 27172 W System.err: java.net.SocketException: Message too long
11-06 14:53:20.144 27130 27172 W System.err: 	at sun.nio.ch.DatagramChannelImpl.send0(Native Method)
11-06 14:53:20.144 27130 27172 W System.err: 	at sun.nio.ch.DatagramChannelImpl.sendFromNativeBuffer(DatagramChannelImpl.java:573)
11-06 14:53:20.144 27130 27172 W System.err: 	at sun.nio.ch.DatagramChannelImpl.send(DatagramChannelImpl.java:550)
11-06 14:53:20.144 27130 27172 W System.err: 	at sun.nio.ch.DatagramChannelImpl.send(DatagramChannelImpl.java:514)
11-06 14:53:20.144 27130 27172 W System.err: 	at symlab.CloudAR.network.TransmissionTask.run(TransmissionTask.java:124)
11-06 14:53:20.144 27130 27172 W System.err: 	at android.os.Handler.handleCallback(Handler.java:907)
11-06 14:53:20.144 27130 27172 W System.err: 	at android.os.Handler.dispatchMessage(Handler.java:105)
11-06 14:53:20.144 27130 27172 W System.err: 	at android.os.Looper.loop(Looper.java:216)
11-06 14:53:20.144 27130 27172 W System.err: 	at android.os.HandlerThread.run(HandlerThread.java:65)
11-06 14:53:20.145 27130 27172 D Evaluation: 0 res for frame 38 received at 1573044800145
11-06 14:53:20.169 27130 27172 W System.err: java.net.SocketException: Message too long
11-06 14:53:20.169 27130 27172 W System.err: 	at sun.nio.ch.DatagramChannelImpl.send0(Native Method)
11-06 14:53:20.169 27130 27172 W System.err: 	at sun.nio.ch.DatagramChannelImpl.sendFromNativeBuffer(DatagramChannelImpl.java:573)
11-06 14:53:20.169 27130 27172 W System.err: 	at sun.nio.ch.DatagramChannelImpl.send(DatagramChannelImpl.java:550)
11-06 14:53:20.169 27130 27172 W System.err: 	at sun.nio.ch.DatagramChannelImpl.send(DatagramChannelImpl.java:514)
11-06 14:53:20.169 27130 27172 W System.err: 	at symlab.CloudAR.network.TransmissionTask.run(TransmissionTask.java:124)
11-06 14:53:20.169 27130 27172 W System.err: 	at android.os.Handler.handleCallback(Handler.java:907)
11-06 14:53:20.169 27130 27172 W System.err: 	at android.os.Handler.dispatchMessage(Handler.java:105)
11-06 14:53:20.170 27130 27172 W System.err: 	at android.os.Looper.loop(Looper.java:216)
11-06 14:53:20.170 27130 27172 W System.err: 	at android.os.HandlerThread.run(HandlerThread.java:65)
11-06 14:53:20.199 27130 27172 W System.err: java.net.SocketException: Message too long
11-06 14:53:20.199 27130 27172 W System.err: 	at sun.nio.ch.DatagramChannelImpl.send0(Native Method)
11-06 14:53:20.199 27130 27172 W System.err: 	at sun.nio.ch.DatagramChannelImpl.sendFromNativeBuffer(DatagramChannelImpl.java:573)
11-06 14:53:20.199 27130 27172 W System.err: 	at sun.nio.ch.DatagramChannelImpl.send(DatagramChannelImpl.java:550)
11-06 14:53:20.199 27130 27172 W System.err: 	at sun.nio.ch.DatagramChannelImpl.send(DatagramChannelImpl.java:514)
11-06 14:53:20.199 27130 27172 W System.err: 	at symlab.CloudAR.network.TransmissionTask.run(TransmissionTask.java:124)
11-06 14:53:20.199 27130 27172 W System.err: 	at android.os.Handler.handleCallback(Handler.java:907)
11-06 14:53:20.199 27130 27172 W System.err: 	at android.os.Handler.dispatchMessage(Handler.java:105)
11-06 14:53:20.199 27130 27172 W System.err: 	at android.os.Looper.loop(Looper.java:216)
11-06 14:53:20.199 27130 27172 W System.err: 	at android.os.HandlerThread.run(HandlerThread.java:65)
11-06 14:53:20.239 27130 27172 D Evaluation: Frame 48 sent at 1573044800239
11-06 14:53:20.276 27130 27172 W System.err: java.net.SocketException: Message too long
11-06 14:53:20.276 27130 27172 W System.err: 	at sun.nio.ch.DatagramChannelImpl.send0(Native Method)
11-06 14:53:20.276 27130 27172 W System.err: 	at sun.nio.ch.DatagramChannelImpl.sendFromNativeBuffer(DatagramChannelImpl.java:573)
11-06 14:53:20.276 27130 27172 W System.err: 	at sun.nio.ch.DatagramChannelImpl.send(DatagramChannelImpl.java:550)
11-06 14:53:20.276 27130 27172 W System.err: 	at sun.nio.ch.DatagramChannelImpl.send(DatagramChannelImpl.java:514)
11-06 14:53:20.276 27130 27172 W System.err: 	at symlab.CloudAR.network.TransmissionTask.run(TransmissionTask.java:124)
11-06 14:53:20.276 27130 27172 W System.err: 	at android.os.Handler.handleCallback(Handler.java:907)
11-06 14:53:20.276 27130 27172 W System.err: 	at android.os.Handler.dispatchMessage(Handler.java:105)
11-06 14:53:20.276 27130 27172 W System.err: 	at android.os.Looper.loop(Looper.java:216)
11-06 14:53:20.276 27130 27172 W System.err: 	at android.os.HandlerThread.run(HandlerThread.java:65)
11-06 14:53:20.301 27130 27172 W System.err: java.net.SocketException: Message too long
11-06 14:53:20.301 27130 27172 W System.err: 	at sun.nio.ch.DatagramChannelImpl.send0(Native Method)
11-06 14:53:20.301 27130 27172 W System.err: 	at sun.nio.ch.DatagramChannelImpl.sendFromNativeBuffer(DatagramChannelImpl.java:573)
11-06 14:53:20.301 27130 27172 W System.err: 	at sun.nio.ch.DatagramChannelImpl.send(DatagramChannelImpl.java:550)
11-06 14:53:20.301 27130 27172 W System.err: 	at sun.nio.ch.DatagramChannelImpl.send(DatagramChannelImpl.java:514)
11-06 14:53:20.301 27130 27172 W System.err: 	at symlab.CloudAR.network.TransmissionTask.run(TransmissionTask.java:124)
11-06 14:53:20.301 27130 27172 W System.err: 	at android.os.Handler.handleCallback(Handler.java:907)
11-06 14:53:20.301 27130 27172 W System.err: 	at android.os.Handler.dispatchMessage(Handler.java:105)
11-06 14:53:20.301 27130 27172 W System.err: 	at android.os.Looper.loop(Looper.java:216)
11-06 14:53:20.301 27130 27172 W System.err: 	at android.os.HandlerThread.run(HandlerThread.java:65)
11-06 14:53:20.336 27130 27172 W System.err: java.net.SocketException: Message too long
11-06 14:53:20.336 27130 27172 W System.err: 	at sun.nio.ch.DatagramChannelImpl.send0(Native Method)
11-06 14:53:20.336 27130 27172 W System.err: 	at sun.nio.ch.DatagramChannelImpl.sendFromNativeBuffer(DatagramChannelImpl.java:573)
11-06 14:53:20.336 27130 27172 W System.err: 	at sun.nio.ch.DatagramChannelImpl.send(DatagramChannelImpl.java:550)
11-06 14:53:20.336 27130 27172 W System.err: 	at sun.nio.ch.DatagramChannelImpl.send(DatagramChannelImpl.java:514)
11-06 14:53:20.336 27130 27172 W System.err: 	at symlab.CloudAR.network.TransmissionTask.run(TransmissionTask.java:124)
11-06 14:53:20.336 27130 27172 W System.err: 	at android.os.Handler.handleCallback(Handler.java:907)
11-06 14:53:20.336 27130 27172 W System.err: 	at android.os.Handler.dispatchMessage(Handler.java:105)
11-06 14:53:20.336 27130 27172 W System.err: 	at android.os.Looper.loop(Looper.java:216)
11-06 14:53:20.336 27130 27172 W System.err: 	at android.os.HandlerThread.run(HandlerThread.java:65)
11-06 14:53:20.337 27130 27172 D Evaluation: 0 res for frame 48 received at 1573044800337
11-06 14:53:20.365 27130 27145 E         : [ZeroHung]zrhung_get_config: Get config failed for wp[0x0008]
11-06 14:53:20.365 27130 27172 W System.err: java.net.SocketException: Message too long
11-06 14:53:20.365 27130 27172 W System.err: 	at sun.nio.ch.DatagramChannelImpl.send0(Native Method)
11-06 14:53:20.365 27130 27172 W System.err: 	at sun.nio.ch.DatagramChannelImpl.sendFromNativeBuffer(DatagramChannelImpl.java:573)
11-06 14:53:20.365 27130 27172 W System.err: 	at sun.nio.ch.DatagramChannelImpl.send(DatagramChannelImpl.java:550)
11-06 14:53:20.365 27130 27172 W System.err: 	at sun.nio.ch.DatagramChannelImpl.send(DatagramChannelImpl.java:514)
11-06 14:53:20.365 27130 27172 W System.err: 	at symlab.CloudAR.network.TransmissionTask.run(TransmissionTask.java:124)
11-06 14:53:20.365 27130 27172 W System.err: 	at android.os.Handler.handleCallback(Handler.java:907)
11-06 14:53:20.365 27130 27172 W System.err: 	at android.os.Handler.dispatchMessage(Handler.java:105)
11-06 14:53:20.365 27130 27172 W System.err: 	at android.os.Looper.loop(Looper.java:216)
11-06 14:53:20.365 27130 27172 W System.err: 	at android.os.HandlerThread.run(HandlerThread.java:65)
11-06 14:53:20.378 27130 27143 W System  : A resource failed to call close. 
