11-06 13:14:17.166 12549 12591 D Evaluation: Frame 539 sent at 1573038857166
11-06 13:14:17.207 12549 12591 D Evaluation: Frame 540 sent at 1573038857207
11-06 13:14:17.234 12549 12591 D Evaluation: Frame 541 sent at 1573038857234
11-06 13:14:17.278 12549 12591 D Evaluation: Frame 542 sent at 1573038857278
11-06 13:14:17.312 12549 12591 D Evaluation: Frame 543 sent at 1573038857312
11-06 13:14:17.344 12549 12591 D Evaluation: Frame 544 sent at 1573038857344
11-06 13:14:17.377 12549 12591 D Evaluation: Frame 545 sent at 1573038857377
11-06 13:14:17.412 12549 12591 D Evaluation: Frame 546 sent at 1573038857412
11-06 13:14:17.445 12549 12591 D Evaluation: Frame 547 sent at 1573038857445
11-06 13:14:17.479 12549 12591 D Evaluation: Frame 548 sent at 1573038857479
11-06 13:14:17.504 12549 12591 D Evaluation: Frame 549 sent at 1573038857504
11-06 13:14:17.545 12549 12591 D Evaluation: Frame 550 sent at 1573038857545
11-06 13:14:17.576 12549 12549 D Poster  : At 1573038857576 location is 65.06003202625404 (latitude), and 25.464109572706192 (longitude)
11-06 13:14:17.579 12549 12549 D Poster  : Connected to mobile network 20
11-06 13:14:17.601 12549 12591 D Evaluation: Frame 551 sent at 1573038857601
11-06 13:14:17.618 12549 12591 D Evaluation: Frame 552 sent at 1573038857618
11-06 13:14:17.636 12549 12591 D Evaluation: Frame 553 sent at 1573038857636
11-06 13:14:17.681 12549 12591 D Evaluation: Frame 554 sent at 1573038857681
11-06 13:14:17.704 12549 12591 D Evaluation: Frame 555 sent at 1573038857704
11-06 13:14:17.748 12549 12591 D Evaluation: Frame 556 sent at 1573038857748
11-06 13:14:17.781 12549 12591 D Evaluation: Frame 557 sent at 1573038857781
11-06 13:14:17.823 12549 12591 D Evaluation: Frame 558 sent at 1573038857822
11-06 13:14:17.846 12549 12591 D Evaluation: Frame 559 sent at 1573038857846
11-06 13:14:17.882 12549 12591 D Evaluation: Frame 560 sent at 1573038857882
11-06 13:14:17.914 12549 12591 D Evaluation: Frame 561 sent at 1573038857914
11-06 13:14:17.945 12549 12591 D Evaluation: Frame 562 sent at 1573038857945
11-06 13:14:17.984 12549 12564 E         : [ZeroHung]zrhung_get_config: Get config failed for wp[0x0008]
11-06 13:14:17.986 12549 12591 D Evaluation: Frame 563 sent at 1573038857986
11-06 13:14:18.012 12549 12591 D Evaluation: Frame 564 sent at 1573038858012
11-06 13:14:18.039 12549 12591 D Evaluation: Frame 565 sent at 1573038858039
11-06 13:14:18.074 12549 12591 D Evaluation: Frame 566 sent at 1573038858074
11-06 13:14:18.110 12549 12591 D Evaluation: Frame 567 sent at 1573038858110
11-06 13:14:18.164 12549 12591 D Evaluation: Frame 568 sent at 1573038858164
11-06 13:14:18.183 12549 12591 D Evaluation: Frame 569 sent at 1573038858183
11-06 13:14:18.205 12549 12591 D Evaluation: Frame 570 sent at 1573038858205
11-06 13:14:18.245 12549 12591 D Evaluation: Frame 571 sent at 1573038858245
11-06 13:14:18.285 12549 12591 D Evaluation: Frame 572 sent at 1573038858285
11-06 13:14:18.315 12549 12591 D Evaluation: Frame 573 sent at 1573038858315
11-06 13:14:18.344 12549 12591 D Evaluation: Frame 574 sent at 1573038858344
11-06 13:14:18.377 12549 12591 D Evaluation: Frame 575 sent at 1573038858377
11-06 13:14:18.416 12549 12591 D Evaluation: Frame 576 sent at 1573038858416
11-06 13:14:18.444 12549 12591 D Evaluation: Frame 577 sent at 1573038858444
11-06 13:14:18.488 12549 12591 D Evaluation: Frame 578 sent at 1573038858488
11-06 13:14:18.516 12549 12591 D Evaluation: Frame 579 sent at 1573038858516
11-06 13:14:18.546 12549 12591 D Evaluation: Frame 580 sent at 1573038858546
11-06 13:14:18.585 12549 12549 D Poster  : At 1573038858585 location is 65.06002926429758 (latitude), and 25.46410124030828 (longitude)
11-06 13:14:18.587 12549 12549 D Poster  : Connected to mobile network 20
11-06 13:14:18.587 12549 12591 D Evaluation: Frame 581 sent at 1573038858587
11-06 13:14:18.623 12549 12591 D Evaluation: Frame 582 sent at 1573038858623
11-06 13:14:18.651 12549 12591 D Evaluation: Frame 583 sent at 1573038858651
11-06 13:14:18.683 12549 12591 D Evaluation: Frame 584 sent at 1573038858683
11-06 13:14:18.714 12549 12591 D Evaluation: Frame 585 sent at 1573038858714
11-06 13:14:18.747 12549 12591 D Evaluation: Frame 586 sent at 1573038858747
11-06 13:14:18.782 12549 12591 D Evaluation: Frame 587 sent at 1573038858782
11-06 13:14:18.814 12549 12591 D Evaluation: Frame 588 sent at 1573038858814
11-06 13:14:18.850 12549 12591 D Evaluation: Frame 589 sent at 1573038858850
11-06 13:14:18.883 12549 12591 D Evaluation: Frame 590 sent at 1573038858883
11-06 13:14:18.916 12549 12591 D Evaluation: Frame 591 sent at 1573038858916
11-06 13:14:18.955 12549 12591 D Evaluation: Frame 592 sent at 1573038858955
11-06 13:14:18.980 12549 12591 D Evaluation: Frame 593 sent at 1573038858980
11-06 13:14:19.017 12549 12591 D Evaluation: Frame 594 sent at 1573038859017
11-06 13:14:19.049 12549 12591 D Evaluation: Frame 595 sent at 1573038859049
11-06 13:14:19.091 12549 12591 D Evaluation: Frame 596 sent at 1573038859091
11-06 13:14:19.117 12549 12591 D Evaluation: Frame 597 sent at 1573038859117
11-06 13:14:19.161 12549 12591 D Evaluation: Frame 598 sent at 1573038859161
11-06 13:14:19.183 12549 12591 D Evaluation: Frame 599 sent at 1573038859183
11-06 13:14:19.227 12549 12591 D Evaluation: Frame 600 sent at 1573038859227
11-06 13:14:19.253 12549 12591 D Evaluation: Frame 601 sent at 1573038859253
11-06 13:14:19.284 12549 12591 D Evaluation: Frame 602 sent at 1573038859284
11-06 13:14:19.317 12549 12591 D Evaluation: Frame 603 sent at 1573038859317
11-06 13:14:19.353 12549 12591 D Evaluation: Frame 604 sent at 1573038859353
11-06 13:14:19.392 12549 12591 D Evaluation: Frame 605 sent at 1573038859392
11-06 13:14:19.427 12549 12591 D Evaluation: Frame 606 sent at 1573038859427
11-06 13:14:19.458 12549 12591 D Evaluation: Frame 607 sent at 1573038859458
11-06 13:14:19.492 12549 12591 D Evaluation: Frame 608 sent at 1573038859492
11-06 13:14:19.526 12549 12591 D Evaluation: Frame 609 sent at 1573038859526
11-06 13:14:19.552 12549 12591 D Evaluation: Frame 610 sent at 1573038859552
11-06 13:14:19.580 12549 12549 D Poster  : At 1573038859579 location is 65.06002926429758 (latitude), and 25.46410124030828 (longitude)
11-06 13:14:19.581 12549 12549 D Poster  : Connected to mobile network 20
11-06 13:14:19.617 12549 12591 D Evaluation: Frame 612 sent at 1573038859617
11-06 13:14:19.634 12549 12591 D Evaluation: Frame 612 sent at 1573038859634
11-06 13:14:19.659 12549 12591 D Evaluation: Frame 613 sent at 1573038859659
11-06 13:14:19.685 12549 12591 D Evaluation: Frame 614 sent at 1573038859685
11-06 13:14:19.726 12549 12591 D Evaluation: Frame 615 sent at 1573038859726
11-06 13:14:19.763 12549 12591 D Evaluation: Frame 616 sent at 1573038859763
11-06 13:14:19.803 12549 12591 D Evaluation: Frame 617 sent at 1573038859803
11-06 13:14:19.831 12549 12591 D Evaluation: Frame 618 sent at 1573038859831
11-06 13:14:19.862 12549 12591 D Evaluation: Frame 619 sent at 1573038859862
11-06 13:14:19.891 12549 12591 D Evaluation: Frame 620 sent at 1573038859891
11-06 13:14:19.933 12549 12591 D Evaluation: Frame 621 sent at 1573038859933
11-06 13:14:19.958 12549 12591 D Evaluation: Frame 622 sent at 1573038859958
11-06 13:14:19.998 12549 12591 D Evaluation: Frame 623 sent at 1573038859998
11-06 13:14:20.028 12549 12591 D Evaluation: Frame 624 sent at 1573038860028
11-06 13:14:20.076 12549 12591 D Evaluation: Frame 625 sent at 1573038860076
11-06 13:14:20.097 12549 12591 D Evaluation: Frame 626 sent at 1573038860097
11-06 13:14:20.126 12549 12591 D Evaluation: Frame 627 sent at 1573038860126
11-06 13:14:20.169 12549 12591 D Evaluation: Frame 628 sent at 1573038860169
11-06 13:14:20.196 12549 12564 E         : [ZeroHung]zrhung_get_config: Get config failed for wp[0x0008]
11-06 13:14:20.196 12549 12591 D Evaluation: Frame 629 sent at 1573038860196
11-06 13:14:20.227 12549 12591 D Evaluation: Frame 630 sent at 1573038860227
11-06 13:14:20.271 12549 12591 D Evaluation: Frame 631 sent at 1573038860271
11-06 13:14:20.299 12549 12591 D Evaluation: Frame 632 sent at 1573038860299
11-06 13:14:20.338 12549 12591 D Evaluation: Frame 633 sent at 1573038860338
11-06 13:14:20.369 12549 12591 D Evaluation: Frame 634 sent at 1573038860369
11-06 13:14:20.401 12549 12591 D Evaluation: Frame 635 sent at 1573038860401
11-06 13:14:20.433 12549 12591 D Evaluation: Frame 636 sent at 1573038860433
11-06 13:14:20.461 12549 12591 D Evaluation: Frame 637 sent at 1573038860461
11-06 13:14:20.506 12549 12591 D Evaluation: Frame 638 sent at 1573038860506
11-06 13:14:20.521 12549 12549 W HiTouch_PressGestureDetector: Touch pointer move a lot. The moving distance of X is:100.51172, limit is:60The moving distance of Y is:20.25824, limit is:60
11-06 13:14:20.533 12549 12591 D Evaluation: Frame 639 sent at 1573038860533
11-06 13:14:20.562 12549 12591 D Evaluation: Frame 640 sent at 1573038860562
11-06 13:14:20.583 12549 12549 D Poster  : At 1573038860583 location is 65.06002807345972 (latitude), and 25.46410222315883 (longitude)
11-06 13:14:20.585 12549 12549 D Poster  : Connected to mobile network 20
11-06 13:14:20.623 12549 12591 D Evaluation: Frame 642 sent at 1573038860623
11-06 13:14:20.638 12549 12591 D Evaluation: Frame 642 sent at 1573038860638
11-06 13:14:20.668 12549 12591 D Evaluation: Frame 643 sent at 1573038860668
11-06 13:14:20.703 12549 12591 D Evaluation: Frame 644 sent at 1573038860703
11-06 13:14:20.729 12549 12591 D Evaluation: Frame 645 sent at 1573038860729
11-06 13:14:20.771 12549 12591 D Evaluation: Frame 646 sent at 1573038860771
11-06 13:14:20.802 12549 12591 D Evaluation: Frame 647 sent at 1573038860802
11-06 13:14:20.831 12549 12591 D Evaluation: Frame 648 sent at 1573038860831
11-06 13:14:20.865 12549 12591 D Evaluation: Frame 649 sent at 1573038860865
11-06 13:14:20.895 12549 12591 D Evaluation: Frame 650 sent at 1573038860895
11-06 13:14:20.931 12549 12591 D Evaluation: Frame 651 sent at 1573038860931
11-06 13:14:20.973 12549 12591 D Evaluation: Frame 652 sent at 1573038860973
11-06 13:14:21.005 12549 12591 D Evaluation: Frame 653 sent at 1573038861005
11-06 13:14:21.028 12549 12591 D Evaluation: Frame 654 sent at 1573038861028
11-06 13:14:21.065 12549 12591 D Evaluation: Frame 655 sent at 1573038861065
11-06 13:14:21.099 12549 12591 D Evaluation: Frame 656 sent at 1573038861099
11-06 13:14:21.142 12549 12591 D Evaluation: Frame 657 sent at 1573038861142
11-06 13:14:21.180 12549 12591 D Evaluation: Frame 658 sent at 1573038861180
11-06 13:14:21.205 12549 12591 D Evaluation: Frame 659 sent at 1573038861205
11-06 13:14:21.254 12549 12591 D Evaluation: Frame 661 sent at 1573038861254
11-06 13:14:21.270 12549 12591 D Evaluation: Frame 661 sent at 1573038861270
11-06 13:14:21.283 12549 12549 I Poster  :  onPause() called.
11-06 13:14:21.369 12549 12549 I Camera  : close camera: 0, package name: symlab.cloudridar.arhud
11-06 13:14:21.369 12549 12549 I BackgroundPermManager: pkgName: symlab.cloudridar.arhud,pid: 12549 ,uidOf3RdApk: 10149 ,permType: 0 ,permCfg: 0
11-06 13:14:21.372 12549 12549 I HwCameraUtil: notifySurfaceFlingerCameraStatus : isFront = false , isOpend = false
11-06 13:14:21.462 12549 12549 D ZrHung.AppEyeUiProbe: stop checker.
11-06 13:14:21.472 12549 12549 I Poster  :  surfaceDestroyed() called.
11-06 13:14:21.472 12549 12549 D ViewRootImpl[MainActivity]: surface should not be released
11-06 13:14:21.472 12549 12549 I Poster  :  onStop() called.
11-06 13:14:21.492 12549 12610 W libEGL  : EGLNativeWindowType 0xe5af0008 disconnect failed
11-06 13:14:21.627 12549 12549 D Poster  : At 1573038861626 location is 65.06002569527917 (latitude), and 25.464092775332883 (longitude)
11-06 13:14:21.631 12549 12549 D Poster  : Connected to mobile network 20
11-06 13:14:21.643 12549 12549 D Latitude: status
11-06 13:14:21.931 12549 12582 D ZrHung.AppEyeUiProbe: Current Activity:false
11-06 13:14:21.931 12549 12582 D ZrHung.AppEyeUiProbe: not watching, wait.
