11-06 15:52:49.973   967  1051 D Evaluation: Frame 2961 sent at 1573048369973
11-06 15:52:50.013   967  1051 D Evaluation: Frame 2962 sent at 1573048370013
11-06 15:52:50.043   967   994 E         : [ZeroHung]zrhung_get_config: Get config failed for wp[0x0008]
11-06 15:52:50.047   967  1051 D Evaluation: Frame 2963 sent at 1573048370047
11-06 15:52:50.069   967   992 W System  : A resource failed to call close. 
11-06 15:52:50.069   967   992 W System  : A resource failed to call close. 
11-06 15:52:50.075   967  1051 D Evaluation: Frame 2964 sent at 1573048370075
11-06 15:52:50.100   967  1051 D Evaluation: Frame 2965 sent at 1573048370100
11-06 15:52:50.135   967  1051 D Evaluation: Frame 2966 sent at 1573048370135
11-06 15:52:50.160   967  1051 D Evaluation: Frame 2967 sent at 1573048370160
11-06 15:52:50.203   967  1051 D Evaluation: Frame 2968 sent at 1573048370203
11-06 15:52:50.230   967  1051 D Evaluation: Frame 2969 sent at 1573048370230
11-06 15:52:50.291   967   967 D Poster  : At 1573048370291 location is 65.05799248792809 (latitude), and 25.468526794738008 (longitude)
11-06 15:52:50.295   967   967 D Poster  : Connected to mobile network 20
11-06 15:52:50.300   967  1051 D Evaluation: Frame 2970 sent at 1573048370300
11-06 15:52:50.329   967  1051 D Evaluation: Frame 2971 sent at 1573048370329
11-06 15:52:50.376   967  1051 D Evaluation: Frame 2972 sent at 1573048370376
11-06 15:52:50.451   967  1051 D Evaluation: Frame 2973 sent at 1573048370451
11-06 15:52:50.477   967  1051 D Evaluation: Frame 2974 sent at 1573048370477
11-06 15:52:50.512   967  1051 D Evaluation: Frame 2975 sent at 1573048370512
11-06 15:52:50.541   967  1051 D Evaluation: Frame 2976 sent at 1573048370541
11-06 15:52:50.616   967  1051 D Evaluation: Frame 2977 sent at 1573048370616
11-06 15:52:50.659   967  1051 D Evaluation: Frame 2979 sent at 1573048370659
11-06 15:52:50.676   967  1051 D Evaluation: Frame 2979 sent at 1573048370676
11-06 15:52:50.705   967  1051 D Evaluation: Frame 2980 sent at 1573048370705
11-06 15:52:50.740   967  1051 D Evaluation: Frame 2981 sent at 1573048370740
11-06 15:52:50.768   967  1051 D Evaluation: Frame 2982 sent at 1573048370768
11-06 15:52:50.816   967  1051 D Evaluation: Frame 2983 sent at 1573048370816
11-06 15:52:50.851   967  1051 D Evaluation: Frame 2984 sent at 1573048370851
11-06 15:52:50.885   967  1051 D Evaluation: Frame 2985 sent at 1573048370885
11-06 15:52:50.909   967  1051 D Evaluation: Frame 2986 sent at 1573048370909
11-06 15:52:50.944   967  1051 D Evaluation: Frame 2987 sent at 1573048370944
11-06 15:52:50.981   967  1051 D Evaluation: Frame 2989 sent at 1573048370981
11-06 15:52:50.997   967  1051 D Evaluation: Frame 2989 sent at 1573048370997
11-06 15:52:51.049   967  1051 D Evaluation: Frame 2990 sent at 1573048371049
11-06 15:52:51.075   967  1051 D Evaluation: Frame 2991 sent at 1573048371075
11-06 15:52:51.109   967  1051 D Evaluation: Frame 2992 sent at 1573048371109
11-06 15:52:51.143   967  1051 D Evaluation: Frame 2993 sent at 1573048371143
11-06 15:52:51.182   967  1051 D Evaluation: Frame 2994 sent at 1573048371182
11-06 15:52:51.209   967  1051 D Evaluation: Frame 2995 sent at 1573048371209
11-06 15:52:51.253   967  1051 D Evaluation: Frame 2996 sent at 1573048371253
11-06 15:52:51.283   967  1051 D Evaluation: Frame 2997 sent at 1573048371283
11-06 15:52:51.284   967   967 D Poster  : At 1573048371284 location is 65.05799048045078 (latitude), and 25.468516934931934 (longitude)
11-06 15:52:51.286   967   967 D Poster  : Connected to mobile network 20
11-06 15:52:51.333   967  1051 D Evaluation: Frame 2999 sent at 1573048371333
11-06 15:52:51.356   967  1051 D Evaluation: Frame 2999 sent at 1573048371356
11-06 15:52:51.384   967  1051 D Evaluation: Frame 3000 sent at 1573048371384
11-06 15:52:51.411   967  1051 D Evaluation: Frame 3001 sent at 1573048371411
11-06 15:52:51.440   967  1051 D Evaluation: Frame 3002 sent at 1573048371440
11-06 15:52:51.479   967  1051 D Evaluation: Frame 3003 sent at 1573048371479
11-06 15:52:51.518   967  1051 D Evaluation: Frame 3004 sent at 1573048371518
11-06 15:52:51.555   967  1051 D Evaluation: Frame 3005 sent at 1573048371555
11-06 15:52:51.581   967  1051 D Evaluation: Frame 3006 sent at 1573048371581
11-06 15:52:51.656   967  1051 D Evaluation: Frame 3007 sent at 1573048371656
11-06 15:52:51.689   967  1051 D Evaluation: Frame 3008 sent at 1573048371689
11-06 15:52:51.726   967  1051 D Evaluation: Frame 3009 sent at 1573048371726
11-06 15:52:51.751   967  1051 D Evaluation: Frame 3010 sent at 1573048371751
11-06 15:52:51.775   967  1051 D Evaluation: Frame 3011 sent at 1573048371774
11-06 15:52:51.860   967  1051 D Evaluation: Frame 3012 sent at 1573048371860
11-06 15:52:51.886   967  1051 D Evaluation: Frame 3013 sent at 1573048371886
11-06 15:52:51.914   967  1051 D Evaluation: Frame 3014 sent at 1573048371914
11-06 15:52:51.947   967  1051 D Evaluation: Frame 3015 sent at 1573048371947
11-06 15:52:51.982   967  1051 D Evaluation: Frame 3016 sent at 1573048371982
11-06 15:52:52.065   967  1051 D Evaluation: Frame 3018 sent at 1573048372065
11-06 15:52:52.089   967  1051 D Evaluation: Frame 3018 sent at 1573048372089
11-06 15:52:52.119   967  1051 D Evaluation: Frame 3019 sent at 1573048372118
11-06 15:52:52.150   967  1051 D Evaluation: Frame 3020 sent at 1573048372150
11-06 15:52:52.191   967   994 E         : [ZeroHung]zrhung_get_config: Get config failed for wp[0x0008]
11-06 15:52:52.191   967  1051 D Evaluation: Frame 3021 sent at 1573048372191
11-06 15:52:52.225   967  1051 D Evaluation: Frame 3022 sent at 1573048372225
11-06 15:52:52.256   967  1051 D Evaluation: Frame 3023 sent at 1573048372256
11-06 15:52:52.286   967   967 D Poster  : At 1573048372286 location is 65.05798854254887 (latitude), and 25.468504426065884 (longitude)
11-06 15:52:52.288   967   967 D Poster  : Connected to mobile network 20
11-06 15:52:52.292   967  1051 D Evaluation: Frame 3024 sent at 1573048372292
11-06 15:52:52.324   967  1051 D Evaluation: Frame 3025 sent at 1573048372324
11-06 15:52:52.345   967  1051 D Evaluation: Frame 3026 sent at 1573048372345
11-06 15:52:52.386   967  1051 D Evaluation: Frame 3027 sent at 1573048372386
11-06 15:52:52.423   967  1051 D Evaluation: Frame 3028 sent at 1573048372423
11-06 15:52:52.446   967  1051 D Evaluation: Frame 3029 sent at 1573048372446
11-06 15:52:52.498   967  1051 D Evaluation: Frame 3030 sent at 1573048372498
11-06 15:52:52.524   967  1051 D Evaluation: Frame 3031 sent at 1573048372524
11-06 15:52:52.560   967  1051 D Evaluation: Frame 3032 sent at 1573048372560
11-06 15:52:52.587   967  1051 D Evaluation: Frame 3033 sent at 1573048372587
11-06 15:52:52.623   967  1051 D Evaluation: Frame 3034 sent at 1573048372623
11-06 15:52:52.656   967  1051 D Evaluation: Frame 3035 sent at 1573048372656
11-06 15:52:52.698   967  1051 D Evaluation: Frame 3036 sent at 1573048372698
11-06 15:52:52.723   967  1051 D Evaluation: Frame 3037 sent at 1573048372723
11-06 15:52:52.755   967  1051 D Evaluation: Frame 3038 sent at 1573048372755
11-06 15:52:52.797   967  1051 D Evaluation: Frame 3039 sent at 1573048372797
11-06 15:52:52.823   967  1051 D Evaluation: Frame 3040 sent at 1573048372823
11-06 15:52:52.856   967  1051 D Evaluation: Frame 3041 sent at 1573048372856
11-06 15:52:52.895   967  1051 D Evaluation: Frame 3042 sent at 1573048372895
11-06 15:52:52.922   967  1051 D Evaluation: Frame 3043 sent at 1573048372922
11-06 15:52:52.953   967  1051 D Evaluation: Frame 3044 sent at 1573048372953
11-06 15:52:53.002   967  1051 D Evaluation: Frame 3045 sent at 1573048373002
11-06 15:52:53.024   967  1051 D Evaluation: Frame 3046 sent at 1573048373024
11-06 15:52:53.058   967  1051 D Evaluation: Frame 3047 sent at 1573048373058
11-06 15:52:53.086   967  1051 D Evaluation: Frame 3048 sent at 1573048373086
11-06 15:52:53.127   967  1051 D Evaluation: Frame 3049 sent at 1573048373127
11-06 15:52:53.231   967  1051 D Evaluation: Frame 3051 sent at 1573048373230
11-06 15:52:53.254   967  1051 D Evaluation: Frame 3052 sent at 1573048373254
11-06 15:52:53.275   967  1051 D Evaluation: Frame 3053 sent at 1573048373275
11-06 15:52:53.287   967   967 D Poster  : At 1573048373287 location is 65.05799039605407 (latitude), and 25.46844685700277 (longitude)
11-06 15:52:53.290   967   967 D Poster  : Connected to mobile network 20
11-06 15:52:53.292   967  1051 D Evaluation: Frame 3053 sent at 1573048373292
11-06 15:52:53.321   967  1051 D Evaluation: Frame 3054 sent at 1573048373321
11-06 15:52:53.357   967  1051 D Evaluation: Frame 3055 sent at 1573048373357
11-06 15:52:53.390   967  1051 D Evaluation: Frame 3056 sent at 1573048373390
11-06 15:52:53.429   967  1051 D Evaluation: Frame 3057 sent at 1573048373429
11-06 15:52:53.454   967  1051 D Evaluation: Frame 3058 sent at 1573048373454
11-06 15:52:53.498   967  1051 D Evaluation: Frame 3059 sent at 1573048373498
11-06 15:52:53.527   967  1051 D Evaluation: Frame 3060 sent at 1573048373527
11-06 15:52:53.564   967  1051 D Evaluation: Frame 3061 sent at 1573048373564
11-06 15:52:53.595   967  1051 D Evaluation: Frame 3062 sent at 1573048373595
11-06 15:52:53.687   967  1051 D Evaluation: Frame 3063 sent at 1573048373687
11-06 15:52:53.748   967  1051 D Evaluation: Frame 3064 sent at 1573048373748
11-06 15:52:53.775   967  1051 D Evaluation: Frame 3065 sent at 1573048373775
11-06 15:52:53.801   967  1051 D Evaluation: Frame 3066 sent at 1573048373801
11-06 15:52:53.829   967  1051 D Evaluation: Frame 3067 sent at 1573048373829
11-06 15:52:53.869   967  1051 D Evaluation: Frame 3068 sent at 1573048373869
11-06 15:52:53.894   967  1051 D Evaluation: Frame 3069 sent at 1573048373894
11-06 15:52:53.942   967  1051 D Evaluation: Frame 3070 sent at 1573048373942
11-06 15:52:53.979   967  1051 D Evaluation: Frame 3072 sent at 1573048373979
11-06 15:52:54.002   967  1051 D Evaluation: Frame 3072 sent at 1573048374002
11-06 15:52:54.020   967   967 D stylus  : init stylus touchlistener.
11-06 15:52:54.040   967  1051 D Evaluation: Frame 3073 sent at 1573048374040
11-06 15:52:54.064   967  1051 D Evaluation: Frame 3074 sent at 1573048374064
11-06 15:52:54.106   967  1051 D Evaluation: Frame 3075 sent at 1573048374106
11-06 15:52:54.173   967  1051 D Evaluation: Frame 3076 sent at 1573048374173
11-06 15:52:54.202   967  1051 D Evaluation: Frame 3077 sent at 1573048374202
11-06 15:52:54.235   967  1051 D Evaluation: Frame 3078 sent at 1573048374235
11-06 15:52:54.253   967  1051 D Evaluation: Frame 3079 sent at 1573048374253
11-06 15:52:54.292   967   967 D Poster  : At 1573048374292 location is 65.05799281721634 (latitude), and 25.468431113694745 (longitude)
11-06 15:52:54.294   967   967 D Poster  : Connected to mobile network 20
11-06 15:52:54.295   967  1051 D Evaluation: Frame 3080 sent at 1573048374295
11-06 15:52:54.328   967  1051 D Evaluation: Frame 3081 sent at 1573048374328
11-06 15:52:54.364   967   994 E         : [ZeroHung]zrhung_get_config: Get config failed for wp[0x0008]
11-06 15:52:54.365   967  1051 D Evaluation: Frame 3082 sent at 1573048374365
11-06 15:52:54.403   967  1051 D Evaluation: Frame 3083 sent at 1573048374403
11-06 15:52:54.434   967  1051 D Evaluation: Frame 3084 sent at 1573048374434
11-06 15:52:54.459   967  1051 D Evaluation: Frame 3085 sent at 1573048374459
11-06 15:52:54.542   967  1051 D Evaluation: Frame 3086 sent at 1573048374542
11-06 15:52:54.572   967  1051 D Evaluation: Frame 3087 sent at 1573048374572
11-06 15:52:54.608   967  1051 D Evaluation: Frame 3088 sent at 1573048374608
11-06 15:52:54.642   967  1051 D Evaluation: Frame 3089 sent at 1573048374642
11-06 15:52:54.681   967  1051 D Evaluation: Frame 3090 sent at 1573048374681
11-06 15:52:54.710   967  1051 D Evaluation: Frame 3091 sent at 1573048374710
11-06 15:52:54.742   967  1051 D Evaluation: Frame 3092 sent at 1573048374742
11-06 15:52:54.778   967  1051 D Evaluation: Frame 3093 sent at 1573048374778
11-06 15:52:54.795   967  1051 D Evaluation: Frame 3094 sent at 1573048374795
11-06 15:52:54.840   967  1051 D Evaluation: Frame 3095 sent at 1573048374840
11-06 15:52:54.862   967  1051 D Evaluation: Frame 3096 sent at 1573048374862
11-06 15:52:54.892   967  1051 D Evaluation: Frame 3097 sent at 1573048374892
11-06 15:52:54.936   967  1051 D Evaluation: Frame 3098 sent at 1573048374936
11-06 15:52:54.973   967  1051 D Evaluation: Frame 3099 sent at 1573048374973
11-06 15:52:54.997   967  1051 D Evaluation: Frame 3100 sent at 1573048374997
11-06 15:52:55.032   967  1051 D Evaluation: Frame 3101 sent at 1573048375032
11-06 15:52:55.086   967  1051 D Evaluation: Frame 3102 sent at 1573048375086
11-06 15:52:55.114   967  1051 D Evaluation: Frame 3104 sent at 1573048375114
11-06 15:52:55.135   967  1051 D Evaluation: Frame 3104 sent at 1573048375135
11-06 15:52:55.164   967  1051 D Evaluation: Frame 3105 sent at 1573048375164
11-06 15:52:55.199   967  1051 D Evaluation: Frame 3106 sent at 1573048375199
11-06 15:52:55.254   967  1051 D Evaluation: Frame 3107 sent at 1573048375254
11-06 15:52:55.282   967   967 D Poster  : At 1573048375282 location is 65.05799281721634 (latitude), and 25.468431113694745 (longitude)
11-06 15:52:55.286   967   967 D Poster  : Connected to mobile network 20
11-06 15:52:55.287   967  1051 D Evaluation: Frame 3108 sent at 1573048375287
11-06 15:52:55.322   967  1051 D Evaluation: Frame 3110 sent at 1573048375322
11-06 15:52:55.339   967  1051 D Evaluation: Frame 3110 sent at 1573048375339
11-06 15:52:55.378   967  1051 D Evaluation: Frame 3111 sent at 1573048375378
11-06 15:52:55.398   967  1051 D Evaluation: Frame 3112 sent at 1573048375398
11-06 15:52:55.430   967  1051 D Evaluation: Frame 3113 sent at 1573048375430
11-06 15:52:55.473   967  1051 D Evaluation: Frame 3114 sent at 1573048375473
11-06 15:52:55.493   967  1051 D Evaluation: Frame 3115 sent at 1573048375493
11-06 15:52:55.542   967  1051 D Evaluation: Frame 3116 sent at 1573048375542
11-06 15:52:55.620   967  1051 D Evaluation: Frame 3117 sent at 1573048375620
11-06 15:52:55.646   967  1051 D Evaluation: Frame 3118 sent at 1573048375646
11-06 15:52:55.684   967  1051 D Evaluation: Frame 3119 sent at 1573048375684
11-06 15:52:55.713   967  1051 D Evaluation: Frame 3120 sent at 1573048375713
11-06 15:52:55.792   967  1051 D Evaluation: Frame 3121 sent at 1573048375792
11-06 15:52:55.794   967  1051 D Evaluation: 0 res for frame 3007 received at 1573048375794
11-06 15:52:55.821   967  1051 D Evaluation: Frame 3122 sent at 1573048375821
11-06 15:52:55.852   967  1051 D Evaluation: Frame 3123 sent at 1573048375852
11-06 15:52:55.886   967  1051 D Evaluation: Frame 3125 sent at 1573048375886
11-06 15:52:55.907   967  1051 D Evaluation: Frame 3125 sent at 1573048375907
11-06 15:52:55.940   967  1051 D Evaluation: Frame 3126 sent at 1573048375940
11-06 15:52:55.973   967  1051 D Evaluation: Frame 3127 sent at 1573048375973
11-06 15:52:56.019   967  1051 D Evaluation: Frame 3128 sent at 1573048376019
11-06 15:52:56.021   967  1051 D Evaluation: 0 res for frame 3012 received at 1573048376021
11-06 15:52:56.046   967  1051 D Evaluation: Frame 3129 sent at 1573048376046
11-06 15:52:56.086   967  1051 D Evaluation: Frame 3130 sent at 1573048376086
11-06 15:52:56.114   967  1051 D Evaluation: Frame 3131 sent at 1573048376114
11-06 15:52:56.147   967  1051 D Evaluation: Frame 3132 sent at 1573048376147
11-06 15:52:56.177   967  1051 D Evaluation: Frame 3133 sent at 1573048376177
11-06 15:52:56.211   967  1051 D Evaluation: Frame 3134 sent at 1573048376211
11-06 15:52:56.262   967  1051 D Evaluation: Frame 3135 sent at 1573048376262
11-06 15:52:56.275   967   967 D Poster  : At 1573048376275 location is 65.05799281721634 (latitude), and 25.468431113694745 (longitude)
11-06 15:52:56.277   967   967 D Poster  : Connected to mobile network 20
11-06 15:52:56.329   967  1051 D Evaluation: Frame 3136 sent at 1573048376329
11-06 15:52:56.331   967  1051 D Evaluation: 0 res for frame 3018 received at 1573048376331
11-06 15:52:56.355   967  1051 D Evaluation: Frame 3137 sent at 1573048376355
11-06 15:52:56.385   967  1051 D Evaluation: Frame 3138 sent at 1573048376385
11-06 15:52:56.412   967  1051 D Evaluation: Frame 3139 sent at 1573048376412
11-06 15:52:56.459   967  1051 D Evaluation: Frame 3140 sent at 1573048376459
11-06 15:52:56.484   967  1051 D Evaluation: Frame 3141 sent at 1573048376484
11-06 15:52:56.518   967   994 E         : [ZeroHung]zrhung_get_config: Get config failed for wp[0x0008]
11-06 15:52:56.518   967  1051 D Evaluation: Frame 3142 sent at 1573048376518
11-06 15:52:56.549   967   992 W System  : A resource failed to call close. 
11-06 15:52:56.550   967   992 I chatty  : uid=10149(symlab.cloudridar.arhud) FinalizerDaemon identical 4 lines
11-06 15:52:56.550   967   992 W System  : A resource failed to call close. 
11-06 15:52:56.572   967  1051 D Evaluation: Frame 3144 sent at 1573048376572
11-06 15:52:56.592   967  1051 D Evaluation: Frame 3144 sent at 1573048376592
11-06 15:52:56.618   967  1051 D Evaluation: Frame 3145 sent at 1573048376618
11-06 15:52:56.656   967  1051 D Evaluation: Frame 3146 sent at 1573048376656
11-06 15:52:56.691   967  1051 D Evaluation: Frame 3147 sent at 1573048376690
11-06 15:52:56.719   967  1051 D Evaluation: Frame 3148 sent at 1573048376719
11-06 15:52:56.743   967  1051 D Evaluation: Frame 3149 sent at 1573048376743
11-06 15:52:56.785   967  1051 D Evaluation: Frame 3150 sent at 1573048376785
11-06 15:52:56.814   967  1051 D Evaluation: Frame 3151 sent at 1573048376814
11-06 15:52:56.863   967  1051 D Evaluation: Frame 3153 sent at 1573048376863
11-06 15:52:56.883   967  1051 D Evaluation: Frame 3153 sent at 1573048376883
11-06 15:52:56.917   967  1051 D Evaluation: Frame 3154 sent at 1573048376917
11-06 15:52:56.959   967  1051 D Evaluation: Frame 3155 sent at 1573048376959
11-06 15:52:56.989   967  1051 D Evaluation: Frame 3156 sent at 1573048376989
11-06 15:52:57.024   967  1051 D Evaluation: Frame 3157 sent at 1573048377024
11-06 15:52:57.055   967  1051 D Evaluation: Frame 3158 sent at 1573048377055
11-06 15:52:57.091   967  1051 D Evaluation: Frame 3159 sent at 1573048377091
11-06 15:52:57.127   967  1051 D Evaluation: Frame 3160 sent at 1573048377127
11-06 15:52:57.156   967  1051 D Evaluation: Frame 3161 sent at 1573048377156
11-06 15:52:57.197   967  1051 D Evaluation: Frame 3162 sent at 1573048377197
11-06 15:52:57.228   967  1051 D Evaluation: Frame 3163 sent at 1573048377228
11-06 15:52:57.267   967  1051 D Evaluation: Frame 3164 sent at 1573048377267
11-06 15:52:57.288   967   967 D Poster  : At 1573048377288 location is 65.05799281721634 (latitude), and 25.468431113694745 (longitude)
11-06 15:52:57.290   967   967 D Poster  : Connected to mobile network 20
11-06 15:52:57.307   967  1051 D Evaluation: Frame 3166 sent at 1573048377307
11-06 15:52:57.320   967  1051 D Evaluation: Frame 3166 sent at 1573048377320
11-06 15:52:57.339   967  1051 D Evaluation: Frame 3167 sent at 1573048377339
11-06 15:52:57.383   967  1051 D Evaluation: Frame 3168 sent at 1573048377382
11-06 15:52:57.419   967  1051 D Evaluation: Frame 3169 sent at 1573048377419
11-06 15:52:57.474   967  1051 D Evaluation: Frame 3170 sent at 1573048377474
11-06 15:52:57.501   967  1051 D Evaluation: Frame 3171 sent at 1573048377501
11-06 15:52:57.532   967  1051 D Evaluation: Frame 3172 sent at 1573048377532
11-06 15:52:57.564   967  1051 D Evaluation: Frame 3173 sent at 1573048377564
11-06 15:52:57.599   967  1051 D Evaluation: Frame 3174 sent at 1573048377599
11-06 15:52:57.630   967  1051 D Evaluation: Frame 3175 sent at 1573048377630
11-06 15:52:57.666   967  1051 D Evaluation: Frame 3176 sent at 1573048377666
11-06 15:52:57.696   967  1051 D Evaluation: Frame 3177 sent at 1573048377696
11-06 15:52:57.776   967  1051 D Evaluation: Frame 3178 sent at 1573048377776
11-06 15:52:57.806   967  1051 D Evaluation: Frame 3179 sent at 1573048377806
11-06 15:52:57.856   967  1051 D Evaluation: Frame 3180 sent at 1573048377856
11-06 15:52:57.893   967  1051 D Evaluation: Frame 3181 sent at 1573048377893
11-06 15:52:57.924   967  1051 D Evaluation: Frame 3182 sent at 1573048377924
11-06 15:52:57.965   967  1051 D Evaluation: Frame 3183 sent at 1573048377965
11-06 15:52:57.988   967  1051 D Evaluation: Frame 3184 sent at 1573048377988
11-06 15:52:58.021   967   967 W Settings: Setting device_provisioned has moved from android.provider.Settings.Secure to android.provider.Settings.Global.
11-06 15:52:58.022   967   967 V HiTouch_HiTouchSensor: User setup is finished.
11-06 15:52:58.028   967  1051 D Evaluation: Frame 3185 sent at 1573048378028
11-06 15:52:58.067   967  1051 D Evaluation: Frame 3186 sent at 1573048378067
11-06 15:52:58.078   967   967 W HiTouch_PressGestureDetector: Touch pointer move a lot. The moving distance of X is:15.651413, limit is:60The moving distance of Y is:80.66857, limit is:60
11-06 15:52:58.101   967  1051 D Evaluation: Frame 3187 sent at 1573048378101
11-06 15:52:58.128   967  1051 D Evaluation: Frame 3188 sent at 1573048378128
11-06 15:52:58.161   967  1051 D Evaluation: Frame 3189 sent at 1573048378161
11-06 15:52:58.192   967  1051 D Evaluation: Frame 3190 sent at 1573048378192
11-06 15:52:58.231   967  1051 D Evaluation: Frame 3191 sent at 1573048378231
11-06 15:52:58.257   967  1051 D Evaluation: Frame 3192 sent at 1573048378257
11-06 15:52:58.278   967   967 D Poster  : At 1573048378278 location is 65.05799281721634 (latitude), and 25.468431113694745 (longitude)
11-06 15:52:58.279   967   967 D Poster  : Connected to mobile network 20
11-06 15:52:58.284   967  1051 D Evaluation: Frame 3193 sent at 1573048378284
11-06 15:52:58.317   967  1051 D Evaluation: Frame 3194 sent at 1573048378317
11-06 15:52:58.351   967  1051 D Evaluation: Frame 3195 sent at 1573048378351
11-06 15:52:58.384   967  1051 D Evaluation: Frame 3196 sent at 1573048378384
11-06 15:52:58.417   967  1051 D Evaluation: Frame 3197 sent at 1573048378417
11-06 15:52:58.450   967  1051 D Evaluation: Frame 3198 sent at 1573048378450
11-06 15:52:58.486   967  1051 D Evaluation: Frame 3199 sent at 1573048378486
11-06 15:52:58.520   967  1051 D Evaluation: Frame 3200 sent at 1573048378520
11-06 15:52:58.554   967  1051 D Evaluation: Frame 3201 sent at 1573048378554
11-06 15:52:58.585   967  1051 D Evaluation: Frame 3202 sent at 1573048378585
11-06 15:52:58.618   967  1051 D Evaluation: Frame 3203 sent at 1573048378618
11-06 15:52:58.651   967   994 E         : [ZeroHung]zrhung_get_config: Get config failed for wp[0x0008]
11-06 15:52:58.651   967  1051 D Evaluation: Frame 3204 sent at 1573048378651
11-06 15:52:58.687   967  1051 D Evaluation: Frame 3205 sent at 1573048378687
11-06 15:52:58.720   967  1051 D Evaluation: Frame 3206 sent at 1573048378720
11-06 15:52:58.760   967  1051 D Evaluation: Frame 3207 sent at 1573048378760
11-06 15:52:58.791   967  1051 D Evaluation: Frame 3208 sent at 1573048378791
11-06 15:52:58.819   967  1051 D Evaluation: Frame 3209 sent at 1573048378819
11-06 15:52:58.860   967  1051 D Evaluation: Frame 3210 sent at 1573048378860
11-06 15:52:58.886   967  1051 D Evaluation: Frame 3211 sent at 1573048378886
11-06 15:52:58.927   967  1051 D Evaluation: Frame 3212 sent at 1573048378927
11-06 15:52:58.954   967  1051 D Evaluation: Frame 3213 sent at 1573048378954
11-06 15:52:59.023   967  1051 D Evaluation: Frame 3214 sent at 1573048379023
11-06 15:52:59.064   967  1051 D Evaluation: Frame 3215 sent at 1573048379064
11-06 15:52:59.087   967  1051 D Evaluation: Frame 3216 sent at 1573048379087
11-06 15:52:59.129   967  1051 D Evaluation: Frame 3217 sent at 1573048379129
11-06 15:52:59.153   967  1051 D Evaluation: Frame 3218 sent at 1573048379153
11-06 15:52:59.193   967  1051 D Evaluation: Frame 3219 sent at 1573048379193
11-06 15:52:59.221   967  1051 D Evaluation: Frame 3220 sent at 1573048379221
11-06 15:52:59.253   967  1051 D Evaluation: Frame 3221 sent at 1573048379253
11-06 15:52:59.281   967   967 D Poster  : At 1573048379281 location is 65.05799281721634 (latitude), and 25.468431113694745 (longitude)
11-06 15:52:59.282   967   967 D Poster  : Connected to mobile network 20
11-06 15:52:59.293   967  1051 D Evaluation: Frame 3222 sent at 1573048379293
11-06 15:52:59.327   967  1051 D Evaluation: Frame 3223 sent at 1573048379327
11-06 15:52:59.359   967  1051 D Evaluation: Frame 3224 sent at 1573048379359
11-06 15:52:59.393   967  1051 D Evaluation: Frame 3225 sent at 1573048379393
11-06 15:52:59.428   967  1051 D Evaluation: Frame 3226 sent at 1573048379428
11-06 15:52:59.457   967  1051 D Evaluation: Frame 3227 sent at 1573048379457
11-06 15:52:59.491   967  1051 D Evaluation: Frame 3228 sent at 1573048379491
11-06 15:52:59.524   967  1051 D Evaluation: Frame 3229 sent at 1573048379524
11-06 15:52:59.562   967  1051 D Evaluation: Frame 3230 sent at 1573048379562
11-06 15:52:59.597   967  1051 D Evaluation: Frame 3231 sent at 1573048379597
11-06 15:52:59.625   967  1051 D Evaluation: Frame 3232 sent at 1573048379625
11-06 15:52:59.660   967  1051 D Evaluation: Frame 3233 sent at 1573048379660
11-06 15:52:59.694   967  1051 D Evaluation: Frame 3234 sent at 1573048379693
11-06 15:52:59.729   967  1051 D Evaluation: Frame 3235 sent at 1573048379729
11-06 15:52:59.761   967  1051 D Evaluation: Frame 3236 sent at 1573048379761
11-06 15:52:59.791   967  1051 D Evaluation: Frame 3237 sent at 1573048379791
11-06 15:52:59.827   967  1051 D Evaluation: Frame 3238 sent at 1573048379827
11-06 15:52:59.861   967  1051 D Evaluation: Frame 3239 sent at 1573048379861
11-06 15:52:59.905   967  1051 D Evaluation: Frame 3240 sent at 1573048379905
11-06 15:52:59.927   967  1051 D Evaluation: Frame 3241 sent at 1573048379927
11-06 15:52:59.969   967  1051 D Evaluation: Frame 3242 sent at 1573048379969
11-06 15:52:59.996   967  1051 D Evaluation: Frame 3243 sent at 1573048379996
11-06 15:53:00.038   967  1051 D Evaluation: Frame 3244 sent at 1573048380038
11-06 15:53:00.065   967  1051 D Evaluation: Frame 3245 sent at 1573048380065
11-06 15:53:00.110   967  1051 D Evaluation: Frame 3246 sent at 1573048380110
11-06 15:53:00.133   967  1051 D Evaluation: Frame 3247 sent at 1573048380133
11-06 15:53:00.162   967  1051 D Evaluation: Frame 3248 sent at 1573048380162
11-06 15:53:00.195   967  1051 D Evaluation: Frame 3249 sent at 1573048380195
11-06 15:53:00.234   967  1051 D Evaluation: Frame 3250 sent at 1573048380234
11-06 15:53:00.265   967  1051 D Evaluation: Frame 3251 sent at 1573048380265
11-06 15:53:00.280   967   967 D Poster  : At 1573048380280 location is 65.05799281721634 (latitude), and 25.468431113694745 (longitude)
11-06 15:53:00.281   967   967 D Poster  : Connected to mobile network 20
11-06 15:53:00.310   967  1051 D Evaluation: Frame 3252 sent at 1573048380310
11-06 15:53:00.333   967  1051 D Evaluation: Frame 3253 sent at 1573048380333
11-06 15:53:00.364   967  1051 D Evaluation: Frame 3254 sent at 1573048380364
11-06 15:53:00.398   967  1051 D Evaluation: Frame 3255 sent at 1573048380398
11-06 15:53:00.434   967  1051 D Evaluation: Frame 3256 sent at 1573048380434
11-06 15:53:00.467   967  1051 D Evaluation: Frame 3257 sent at 1573048380467
11-06 15:53:00.499   967  1051 D Evaluation: Frame 3258 sent at 1573048380499
11-06 15:53:00.533   967  1051 D Evaluation: Frame 3259 sent at 1573048380533
11-06 15:53:00.568   967  1051 D Evaluation: Frame 3260 sent at 1573048380568
11-06 15:53:00.602   967  1051 D Evaluation: Frame 3261 sent at 1573048380602
11-06 15:53:00.632   967  1051 D Evaluation: Frame 3262 sent at 1573048380632
11-06 15:53:00.666   967  1051 D Evaluation: Frame 3263 sent at 1573048380666
11-06 15:53:00.700   967  1051 D Evaluation: Frame 3264 sent at 1573048380700
11-06 15:53:00.734   967  1051 D Evaluation: Frame 3265 sent at 1573048380734
11-06 15:53:00.768   967   994 E         : [ZeroHung]zrhung_get_config: Get config failed for wp[0x0008]
11-06 15:53:00.769   967  1051 D Evaluation: Frame 3266 sent at 1573048380769
11-06 15:53:00.802   967  1051 D Evaluation: Frame 3267 sent at 1573048380802
11-06 15:53:00.835   967  1051 D Evaluation: Frame 3268 sent at 1573048380835
11-06 15:53:00.868   967  1051 D Evaluation: Frame 3269 sent at 1573048380868
11-06 15:53:00.911   967  1051 D Evaluation: Frame 3270 sent at 1573048380911
11-06 15:53:00.944   967  1051 D Evaluation: Frame 3271 sent at 1573048380944
11-06 15:53:00.969   967  1051 D Evaluation: Frame 3272 sent at 1573048380969
11-06 15:53:01.004   967  1051 D Evaluation: Frame 3273 sent at 1573048381004
11-06 15:53:01.039   967  1051 D Evaluation: Frame 3274 sent at 1573048381039
11-06 15:53:01.079   967  1051 D Evaluation: Frame 3275 sent at 1573048381079
11-06 15:53:01.114   967  1051 D Evaluation: Frame 3276 sent at 1573048381114
11-06 15:53:01.137   967  1051 D Evaluation: Frame 3277 sent at 1573048381137
11-06 15:53:01.172   967  1051 D Evaluation: Frame 3278 sent at 1573048381172
11-06 15:53:01.205   967  1051 D Evaluation: Frame 3279 sent at 1573048381205
11-06 15:53:01.240   967  1051 D Evaluation: Frame 3280 sent at 1573048381240
11-06 15:53:01.277   967   967 D Poster  : At 1573048381277 location is 65.05799281721634 (latitude), and 25.468431113694745 (longitude)
11-06 15:53:01.277   967  1051 D Evaluation: Frame 3281 sent at 1573048381277
11-06 15:53:01.278   967   967 D Poster  : Connected to mobile network 20
11-06 15:53:01.308   967  1051 D Evaluation: Frame 3282 sent at 1573048381308
11-06 15:53:01.338   967  1051 D Evaluation: Frame 3283 sent at 1573048381338
11-06 15:53:01.373   967  1051 D Evaluation: Frame 3284 sent at 1573048381373
11-06 15:53:01.406   967  1051 D Evaluation: Frame 3285 sent at 1573048381406
11-06 15:53:01.453   967  1051 D Evaluation: Frame 3286 sent at 1573048381453
11-06 15:53:01.481   967  1051 D Evaluation: Frame 3287 sent at 1573048381481
11-06 15:53:01.506   967  1051 D Evaluation: Frame 3288 sent at 1573048381506
11-06 15:53:01.540   967  1051 D Evaluation: Frame 3289 sent at 1573048381540
11-06 15:53:01.572   967  1051 D Evaluation: Frame 3290 sent at 1573048381572
11-06 15:53:01.607   967  1051 D Evaluation: Frame 3291 sent at 1573048381607
11-06 15:53:01.643   967  1051 D Evaluation: Frame 3292 sent at 1573048381643
11-06 15:53:01.719   967  1051 D Evaluation: Frame 3293 sent at 1573048381719
11-06 15:53:01.779   967  1051 D Evaluation: Frame 3294 sent at 1573048381779
11-06 15:53:01.816   967  1051 D Evaluation: Frame 3295 sent at 1573048381816
11-06 15:53:01.842   967  1051 D Evaluation: Frame 3296 sent at 1573048381842
11-06 15:53:01.885   967  1051 D Evaluation: Frame 3297 sent at 1573048381885
11-06 15:53:01.913   967  1051 D Evaluation: Frame 3298 sent at 1573048381913
11-06 15:53:01.949   967  1051 D Evaluation: Frame 3299 sent at 1573048381949
11-06 15:53:01.979   967  1051 D Evaluation: Frame 3300 sent at 1573048381979
11-06 15:53:02.017   967  1051 D Evaluation: Frame 3301 sent at 1573048382017
11-06 15:53:02.044   967  1051 D Evaluation: Frame 3302 sent at 1573048382044
11-06 15:53:02.085   967  1051 D Evaluation: Frame 3303 sent at 1573048382085
11-06 15:53:02.112   967  1051 D Evaluation: Frame 3304 sent at 1573048382112
11-06 15:53:02.144   967  1051 D Evaluation: Frame 3305 sent at 1573048382144
11-06 15:53:02.177   967  1051 D Evaluation: Frame 3306 sent at 1573048382177
11-06 15:53:02.211   967  1051 D Evaluation: Frame 3307 sent at 1573048382211
11-06 15:53:02.244   967  1051 D Evaluation: Frame 3308 sent at 1573048382244
11-06 15:53:02.279   967   967 D Poster  : At 1573048382279 location is 65.05799281721634 (latitude), and 25.468431113694745 (longitude)
11-06 15:53:02.280   967   967 D Poster  : Connected to mobile network 20
11-06 15:53:02.282   967  1051 D Evaluation: Frame 3309 sent at 1573048382282
11-06 15:53:02.314   967  1051 D Evaluation: Frame 3310 sent at 1573048382314
11-06 15:53:02.347   967  1051 D Evaluation: Frame 3311 sent at 1573048382347
11-06 15:53:02.380   967  1051 D Evaluation: Frame 3312 sent at 1573048382380
11-06 15:53:02.383   967   967 V InputMethodManager: Reporting focus gain, without startInput
11-06 15:53:02.421   967  1051 D Evaluation: Frame 3313 sent at 1573048382421
11-06 15:53:02.446   967  1051 D Evaluation: Frame 3314 sent at 1573048382446
11-06 15:53:02.478   967  1051 D Evaluation: Frame 3315 sent at 1573048382478
11-06 15:53:02.513   967  1051 D Evaluation: Frame 3316 sent at 1573048382513
11-06 15:53:02.545   967  1051 D Evaluation: Frame 3317 sent at 1573048382545
11-06 15:53:02.584   967  1051 D Evaluation: Frame 3318 sent at 1573048382584
11-06 15:53:02.616   967  1051 D Evaluation: Frame 3319 sent at 1573048382616
11-06 15:53:02.649   967  1051 D Evaluation: Frame 3320 sent at 1573048382649
11-06 15:53:02.691   967  1051 D Evaluation: Frame 3321 sent at 1573048382691
11-06 15:53:02.714   967  1051 D Evaluation: Frame 3322 sent at 1573048382714
11-06 15:53:02.747   967  1051 D Evaluation: Frame 3323 sent at 1573048382747
11-06 15:53:02.783   967  1051 D Evaluation: Frame 3324 sent at 1573048382783
11-06 15:53:02.821   967  1051 D Evaluation: Frame 3325 sent at 1573048382821
11-06 15:53:02.851   967  1051 D Evaluation: Frame 3326 sent at 1573048382851
11-06 15:53:02.896   967  1051 D Evaluation: Frame 3327 sent at 1573048382896
11-06 15:53:02.932   967   994 E         : [ZeroHung]zrhung_get_config: Get config failed for wp[0x0008]
11-06 15:53:02.933   967  1051 D Evaluation: Frame 3328 sent at 1573048382932
11-06 15:53:02.972   967  1051 D Evaluation: Frame 3329 sent at 1573048382972
11-06 15:53:03.000   967  1051 D Evaluation: Frame 3330 sent at 1573048383000
11-06 15:53:03.025   967  1051 D Evaluation: Frame 3331 sent at 1573048383025
11-06 15:53:03.066   967  1051 D Evaluation: Frame 3332 sent at 1573048383066
11-06 15:53:03.108   967  1051 D Evaluation: Frame 3333 sent at 1573048383108
11-06 15:53:03.131   967  1051 D Evaluation: Frame 3334 sent at 1573048383131
11-06 15:53:03.160   967  1051 D Evaluation: Frame 3335 sent at 1573048383160
11-06 15:53:03.202   967  1051 D Evaluation: Frame 3336 sent at 1573048383202
11-06 15:53:03.240   967  1051 D Evaluation: Frame 3337 sent at 1573048383240
11-06 15:53:03.265   967  1051 D Evaluation: Frame 3338 sent at 1573048383265
11-06 15:53:03.289   967   967 D Poster  : At 1573048383289 location is 65.05799281721634 (latitude), and 25.468431113694745 (longitude)
11-06 15:53:03.291   967   967 D Poster  : Connected to mobile network 20
11-06 15:53:03.302   967  1051 D Evaluation: Frame 3339 sent at 1573048383302
11-06 15:53:03.325   967  1051 D Evaluation: Frame 3340 sent at 1573048383325
11-06 15:53:03.408   967  1051 D Evaluation: Frame 3341 sent at 1573048383408
11-06 15:53:03.443   967  1051 D Evaluation: Frame 3342 sent at 1573048383443
11-06 15:53:03.475   967  1051 D Evaluation: Frame 3343 sent at 1573048383475
11-06 15:53:03.552   967  1051 D Evaluation: Frame 3344 sent at 1573048383552
11-06 15:53:03.577   967  1051 D Evaluation: Frame 3345 sent at 1573048383577
11-06 15:53:03.609   967  1051 D Evaluation: Frame 3346 sent at 1573048383609
11-06 15:53:03.647   967  1051 D Evaluation: Frame 3347 sent at 1573048383647
11-06 15:53:03.674   967  1051 D Evaluation: Frame 3348 sent at 1573048383674
11-06 15:53:03.706   967  1051 D Evaluation: Frame 3349 sent at 1573048383706
11-06 15:53:03.738   967  1051 D Evaluation: Frame 3350 sent at 1573048383738
11-06 15:53:03.775   967  1051 D Evaluation: Frame 3351 sent at 1573048383775
11-06 15:53:03.813   967  1051 D Evaluation: Frame 3352 sent at 1573048383813
11-06 15:53:03.838   967  1051 D Evaluation: Frame 3353 sent at 1573048383837
11-06 15:53:03.869   967  1051 D Evaluation: Frame 3354 sent at 1573048383869
11-06 15:53:03.918   967  1051 D Evaluation: Frame 3355 sent at 1573048383918
11-06 15:53:03.951   967  1051 D Evaluation: Frame 3356 sent at 1573048383951
11-06 15:53:03.977   967  1051 D Evaluation: Frame 3357 sent at 1573048383977
11-06 15:53:04.017   967  1051 D Evaluation: Frame 3358 sent at 1573048384017
11-06 15:53:04.049   967  1051 D Evaluation: Frame 3359 sent at 1573048384049
11-06 15:53:04.132   967  1051 D Evaluation: Frame 3361 sent at 1573048384132
11-06 15:53:04.155   967  1051 D Evaluation: Frame 3362 sent at 1573048384155
11-06 15:53:04.179   967  1051 D Evaluation: Frame 3362 sent at 1573048384179
11-06 15:53:04.210   967  1051 D Evaluation: Frame 3363 sent at 1573048384210
11-06 15:53:04.241   967  1051 D Evaluation: Frame 3364 sent at 1573048384241
11-06 15:53:04.275   967  1051 D Evaluation: Frame 3365 sent at 1573048384275
11-06 15:53:04.282   967   967 D Poster  : At 1573048384282 location is 65.05799281721634 (latitude), and 25.468431113694745 (longitude)
11-06 15:53:04.285   967   967 D Poster  : Connected to mobile network 20
11-06 15:53:04.324   967  1051 D Evaluation: Frame 3367 sent at 1573048384324
11-06 15:53:04.340   967  1051 D Evaluation: Frame 3367 sent at 1573048384340
11-06 15:53:04.376   967  1051 D Evaluation: Frame 3368 sent at 1573048384376
11-06 15:53:04.420   967  1051 D Evaluation: Frame 3369 sent at 1573048384420
11-06 15:53:04.457   967  1051 D Evaluation: Frame 3370 sent at 1573048384457
11-06 15:53:04.482   967  1051 D Evaluation: Frame 3371 sent at 1573048384482
11-06 15:53:04.500   967  1051 D Evaluation: Frame 3372 sent at 1573048384499
11-06 15:53:04.540   967  1051 D Evaluation: Frame 3373 sent at 1573048384540
11-06 15:53:04.576   967  1051 D Evaluation: Frame 3374 sent at 1573048384576
11-06 15:53:04.619   967  1051 D Evaluation: Frame 3375 sent at 1573048384619
11-06 15:53:04.654   967  1051 D Evaluation: Frame 3376 sent at 1573048384654
11-06 15:53:04.690   967  1051 D Evaluation: Frame 3377 sent at 1573048384690
11-06 15:53:04.717   967  1051 D Evaluation: Frame 3378 sent at 1573048384717
11-06 15:53:04.759   967  1051 D Evaluation: Frame 3379 sent at 1573048384759
11-06 15:53:04.794   967  1051 D Evaluation: Frame 3380 sent at 1573048384794
11-06 15:53:04.828   967  1051 D Evaluation: Frame 3381 sent at 1573048384828
11-06 15:53:04.858   967  1051 D Evaluation: Frame 3383 sent at 1573048384858
11-06 15:53:04.881   967   994 E         : [ZeroHung]zrhung_get_config: Get config failed for wp[0x0008]
11-06 15:53:04.881   967  1051 D Evaluation: Frame 3383 sent at 1573048384881
11-06 15:53:04.926   967  1051 D Evaluation: Frame 3384 sent at 1573048384926
11-06 15:53:04.950   967  1051 D Evaluation: Frame 3385 sent at 1573048384950
11-06 15:53:04.993   967  1051 D Evaluation: Frame 3386 sent at 1573048384993
11-06 15:53:05.026   967  1051 D Evaluation: Frame 3387 sent at 1573048385026
11-06 15:53:05.056   967  1051 D Evaluation: Frame 3388 sent at 1573048385056
11-06 15:53:05.093   967  1051 D Evaluation: Frame 3389 sent at 1573048385093
11-06 15:53:05.147   967  1051 D Evaluation: Frame 3390 sent at 1573048385147
11-06 15:53:05.184   967  1051 D Evaluation: Frame 3391 sent at 1573048385184
11-06 15:53:05.217   967  1051 D Evaluation: Frame 3392 sent at 1573048385217
11-06 15:53:05.252   967  1051 D Evaluation: Frame 3393 sent at 1573048385252
11-06 15:53:05.277   967   967 D Poster  : At 1573048385277 location is 65.05799281721634 (latitude), and 25.468431113694745 (longitude)
11-06 15:53:05.279   967   967 D Poster  : Connected to mobile network 20
11-06 15:53:05.283   967  1051 D Evaluation: Frame 3394 sent at 1573048385283
11-06 15:53:05.312   967  1051 D Evaluation: Frame 3395 sent at 1573048385312
11-06 15:53:05.352   967  1051 D Evaluation: Frame 3396 sent at 1573048385352
11-06 15:53:05.417   967  1051 D Evaluation: Frame 3397 sent at 1573048385417
11-06 15:53:05.459   967  1051 D Evaluation: Frame 3398 sent at 1573048385459
11-06 15:53:05.487   967  1051 D Evaluation: Frame 3399 sent at 1573048385487
11-06 15:53:05.528   967  1051 D Evaluation: Frame 3400 sent at 1573048385528
11-06 15:53:05.554   967  1051 D Evaluation: Frame 3401 sent at 1573048385554
11-06 15:53:05.583   967  1051 D Evaluation: Frame 3402 sent at 1573048385583
11-06 15:53:05.613   967  1051 D Evaluation: Frame 3403 sent at 1573048385613
11-06 15:53:05.663   967  1051 D Evaluation: Frame 3404 sent at 1573048385663
11-06 15:53:05.686   967  1051 D Evaluation: Frame 3405 sent at 1573048385686
11-06 15:53:05.720   967  1051 D Evaluation: Frame 3406 sent at 1573048385720
11-06 15:53:05.758   967  1051 D Evaluation: Frame 3407 sent at 1573048385758
11-06 15:53:05.797   967  1051 D Evaluation: Frame 3408 sent at 1573048385797
11-06 15:53:05.828   967  1051 D Evaluation: Frame 3409 sent at 1573048385828
11-06 15:53:05.857   967  1051 D Evaluation: Frame 3410 sent at 1573048385857
11-06 15:53:05.890   967  1051 D Evaluation: Frame 3411 sent at 1573048385890
11-06 15:53:05.972   967  1051 D Evaluation: Frame 3412 sent at 1573048385972
11-06 15:53:06.050   967  1051 D Evaluation: Frame 3413 sent at 1573048386050
11-06 15:53:06.142   967  1051 D Evaluation: Frame 3414 sent at 1573048386142
11-06 15:53:06.173   967  1051 D Evaluation: Frame 3415 sent at 1573048386173
11-06 15:53:06.206   967  1051 D Evaluation: Frame 3417 sent at 1573048386206
11-06 15:53:06.227   967  1051 D Evaluation: Frame 3417 sent at 1573048386227
11-06 15:53:06.257   967  1051 D Evaluation: Frame 3418 sent at 1573048386257
11-06 15:53:06.285   967   967 D Poster  : At 1573048386285 location is 65.05799281721634 (latitude), and 25.468431113694745 (longitude)
11-06 15:53:06.286   967  1051 D Evaluation: Frame 3419 sent at 1573048386286
11-06 15:53:06.287   967   967 D Poster  : Connected to mobile network 20
11-06 15:53:06.327   967  1051 D Evaluation: Frame 3420 sent at 1573048386327
11-06 15:53:06.358   967  1051 D Evaluation: Frame 3421 sent at 1573048386358
11-06 15:53:06.393   967  1051 D Evaluation: Frame 3422 sent at 1573048386393
11-06 15:53:06.437   967  1051 D Evaluation: Frame 3423 sent at 1573048386437
11-06 15:53:06.469   967  1051 D Evaluation: Frame 3424 sent at 1573048386469
11-06 15:53:06.493   967  1051 D Evaluation: Frame 3425 sent at 1573048386493
11-06 15:53:06.530   967  1051 D Evaluation: Frame 3426 sent at 1573048386530
11-06 15:53:06.552   967  1051 D Evaluation: Frame 3427 sent at 1573048386552
11-06 15:53:06.598   967  1051 D Evaluation: Frame 3428 sent at 1573048386598
11-06 15:53:06.640   967  1051 D Evaluation: Frame 3429 sent at 1573048386640
11-06 15:53:06.666   967  1051 D Evaluation: Frame 3430 sent at 1573048386666
11-06 15:53:06.698   967  1051 D Evaluation: Frame 3431 sent at 1573048386698
11-06 15:53:06.734   967  1051 D Evaluation: Frame 3432 sent at 1573048386734
11-06 15:53:06.778   967  1051 D Evaluation: Frame 3433 sent at 1573048386778
11-06 15:53:06.807   967  1051 D Evaluation: Frame 3434 sent at 1573048386807
11-06 15:53:06.838   967  1051 D Evaluation: Frame 3435 sent at 1573048386838
11-06 15:53:06.874   967  1051 D Evaluation: Frame 3436 sent at 1573048386874
11-06 15:53:06.907   967  1051 D Evaluation: Frame 3437 sent at 1573048386907
11-06 15:53:06.908   967   994 E         : [ZeroHung]zrhung_get_config: Get config failed for wp[0x0008]
11-06 15:53:06.933   967  1051 D Evaluation: Frame 3438 sent at 1573048386933
11-06 15:53:06.961   967  1051 D Evaluation: Frame 3439 sent at 1573048386961
11-06 15:53:07.000   967  1051 D Evaluation: Frame 3440 sent at 1573048387000
11-06 15:53:07.037   967  1051 D Evaluation: Frame 3441 sent at 1573048387037
11-06 15:53:07.076   967  1051 D Evaluation: Frame 3442 sent at 1573048387076
11-06 15:53:07.107   967  1051 D Evaluation: Frame 3443 sent at 1573048387107
11-06 15:53:07.142   967  1051 D Evaluation: Frame 3444 sent at 1573048387142
11-06 15:53:07.170   967  1051 D Evaluation: Frame 3445 sent at 1573048387170
11-06 15:53:07.198   967  1051 D Evaluation: Frame 3446 sent at 1573048387198
11-06 15:53:07.226   967  1051 D Evaluation: Frame 3447 sent at 1573048387226
11-06 15:53:07.259   967  1051 D Evaluation: Frame 3448 sent at 1573048387259
11-06 15:53:07.291   967   967 D Poster  : At 1573048387291 location is 65.05799281721634 (latitude), and 25.468431113694745 (longitude)
11-06 15:53:07.293   967   967 D Poster  : Connected to mobile network 20
11-06 15:53:07.306   967  1051 D Evaluation: Frame 3449 sent at 1573048387306
11-06 15:53:07.329   967  1051 D Evaluation: Frame 3450 sent at 1573048387329
11-06 15:53:07.363   967  1051 D Evaluation: Frame 3451 sent at 1573048387363
11-06 15:53:07.399   967  1051 D Evaluation: Frame 3452 sent at 1573048387398
11-06 15:53:07.443   967  1051 D Evaluation: Frame 3453 sent at 1573048387443
11-06 15:53:07.470   967  1051 D Evaluation: Frame 3454 sent at 1573048387470
11-06 15:53:07.514   967  1051 D Evaluation: Frame 3455 sent at 1573048387514
11-06 15:53:07.544   967  1051 D Evaluation: Frame 3456 sent at 1573048387544
11-06 15:53:07.571   967  1051 D Evaluation: Frame 3457 sent at 1573048387571
11-06 15:53:07.602   967  1051 D Evaluation: Frame 3458 sent at 1573048387602
11-06 15:53:07.638   967  1051 D Evaluation: Frame 3459 sent at 1573048387638
11-06 15:53:07.684   967  1051 D Evaluation: Frame 3461 sent at 1573048387684
11-06 15:53:07.705   967  1051 D Evaluation: Frame 3461 sent at 1573048387705
11-06 15:53:07.742   967  1051 D Evaluation: Frame 3462 sent at 1573048387742
11-06 15:53:07.770   967  1051 D Evaluation: Frame 3463 sent at 1573048387770
11-06 15:53:07.800   967  1051 D Evaluation: Frame 3464 sent at 1573048387800
11-06 15:53:07.840   967  1051 D Evaluation: Frame 3465 sent at 1573048387840
11-06 15:53:07.870   967  1051 D Evaluation: Frame 3466 sent at 1573048387870
11-06 15:53:07.894   967  1051 D Evaluation: Frame 3467 sent at 1573048387894
11-06 15:53:07.940   967  1051 D Evaluation: Frame 3468 sent at 1573048387940
11-06 15:53:07.980   967  1051 D Evaluation: Frame 3469 sent at 1573048387979
11-06 15:53:08.012   967  1051 D Evaluation: Frame 3470 sent at 1573048388012
11-06 15:53:08.053   967  1051 D Evaluation: Frame 3472 sent at 1573048388053
11-06 15:53:08.073   967  1051 D Evaluation: Frame 3472 sent at 1573048388073
11-06 15:53:08.103   967  1051 D Evaluation: Frame 3473 sent at 1573048388103
11-06 15:53:08.140   967  1051 D Evaluation: Frame 3474 sent at 1573048388140
11-06 15:53:08.186   967  1051 D Evaluation: Frame 3475 sent at 1573048388186
11-06 15:53:08.214   967  1051 D Evaluation: Frame 3476 sent at 1573048388214
11-06 15:53:08.230   967  1051 D Evaluation: Frame 3477 sent at 1573048388230
11-06 15:53:08.266   967  1051 D Evaluation: Frame 3478 sent at 1573048388266
11-06 15:53:08.285   967   967 D Poster  : At 1573048388285 location is 65.05799281721634 (latitude), and 25.468431113694745 (longitude)
11-06 15:53:08.288   967   967 D Poster  : Connected to mobile network 20
11-06 15:53:08.332   967   967 W HiTouch_PressGestureDetector: Touch pointer move a lot. The moving distance of X is:59.902466, limit is:60The moving distance of Y is:111.73889, limit is:60
11-06 15:53:08.351   967  1051 D Evaluation: Frame 3479 sent at 1573048388350
11-06 15:53:08.376   967  1051 D Evaluation: Frame 3480 sent at 1573048388376
11-06 15:53:08.401   967  1051 D Evaluation: Frame 3481 sent at 1573048388401
11-06 15:53:08.433   967  1051 D Evaluation: Frame 3482 sent at 1573048388433
11-06 15:53:08.494   967  1051 D Evaluation: Frame 3483 sent at 1573048388494
11-06 15:53:08.527   967  1051 D Evaluation: Frame 3484 sent at 1573048388527
11-06 15:53:08.565   967  1051 D Evaluation: Frame 3485 sent at 1573048388565
11-06 15:53:08.596   967  1051 D Evaluation: Frame 3486 sent at 1573048388596
11-06 15:53:08.629   967  1051 D Evaluation: Frame 3487 sent at 1573048388629
11-06 15:53:08.663   967  1051 D Evaluation: Frame 3488 sent at 1573048388663
11-06 15:53:08.701   967  1051 D Evaluation: Frame 3489 sent at 1573048388701
11-06 15:53:08.729   967  1051 D Evaluation: Frame 3490 sent at 1573048388729
11-06 15:53:08.769   967  1051 D Evaluation: Frame 3491 sent at 1573048388769
11-06 15:53:08.795   967  1051 D Evaluation: Frame 3492 sent at 1573048388795
11-06 15:53:08.835   967  1051 D Evaluation: Frame 3493 sent at 1573048388835
11-06 15:53:08.861   967  1051 D Evaluation: Frame 3494 sent at 1573048388861
11-06 15:53:08.895   967  1051 D Evaluation: Frame 3495 sent at 1573048388895
11-06 15:53:08.941   967  1051 D Evaluation: Frame 3496 sent at 1573048388941
11-06 15:53:08.971   967  1051 D Evaluation: Frame 3497 sent at 1573048388971
11-06 15:53:08.999   967  1051 D Evaluation: Frame 3498 sent at 1573048388999
11-06 15:53:09.066   967  1051 D Evaluation: Frame 3499 sent at 1573048389066
11-06 15:53:09.139   967   994 E         : [ZeroHung]zrhung_get_config: Get config failed for wp[0x0008]
11-06 15:53:09.139   967  1051 D Evaluation: Frame 3500 sent at 1573048389139
11-06 15:53:09.163   967  1051 D Evaluation: Frame 3501 sent at 1573048389163
11-06 15:53:09.200   967  1051 D Evaluation: Frame 3502 sent at 1573048389200
11-06 15:53:09.275   967  1051 D Evaluation: Frame 3503 sent at 1573048389275
11-06 15:53:09.278   967   967 D Poster  : At 1573048389278 location is 65.05799281721634 (latitude), and 25.468431113694745 (longitude)
11-06 15:53:09.279   967   967 D Poster  : Connected to mobile network 20
11-06 15:53:09.314   967  1051 D Evaluation: Frame 3504 sent at 1573048389314
11-06 15:53:09.332   967  1051 D Evaluation: Frame 3505 sent at 1573048389332
11-06 15:53:09.360   967  1051 D Evaluation: Frame 3506 sent at 1573048389360
11-06 15:53:09.398   967  1051 D Evaluation: Frame 3507 sent at 1573048389398
11-06 15:53:09.433   967  1051 D Evaluation: Frame 3508 sent at 1573048389433
11-06 15:53:09.475   967  1051 D Evaluation: Frame 3509 sent at 1573048389475
11-06 15:53:09.503   967  1051 D Evaluation: Frame 3510 sent at 1573048389503
11-06 15:53:09.535   967  1051 D Evaluation: Frame 3511 sent at 1573048389535
11-06 15:53:09.570   967  1051 D Evaluation: Frame 3512 sent at 1573048389570
11-06 15:53:09.605   967  1051 D Evaluation: Frame 3513 sent at 1573048389605
11-06 15:53:09.639   967  1051 D Evaluation: Frame 3514 sent at 1573048389639
