11-06 15:38:56.409 31916 31950 D Evaluation: Frame 1080 sent at 1573047536409
11-06 15:38:56.442 31916 31950 D Evaluation: Frame 1081 sent at 1573047536442
11-06 15:38:56.473 31916 31950 D Evaluation: Frame 1082 sent at 1573047536473
11-06 15:38:56.513 31916 31950 D Evaluation: Frame 1083 sent at 1573047536513
11-06 15:38:56.549 31916 31950 D Evaluation: Frame 1084 sent at 1573047536549
11-06 15:38:56.585 31916 31950 D Evaluation: Frame 1085 sent at 1573047536585
11-06 15:38:56.609 31916 31950 D Evaluation: Frame 1086 sent at 1573047536609
11-06 15:38:56.651 31916 31950 D Evaluation: Frame 1087 sent at 1573047536651
11-06 15:38:56.681 31916 31950 D Evaluation: Frame 1088 sent at 1573047536681
11-06 15:38:56.710 31916 31950 D Evaluation: Frame 1089 sent at 1573047536710
11-06 15:38:56.743 31916 31950 D Evaluation: Frame 1090 sent at 1573047536743
11-06 15:38:56.780 31916 31950 D Evaluation: Frame 1091 sent at 1573047536780
11-06 15:38:56.809 31916 31950 D Evaluation: Frame 1092 sent at 1573047536809
11-06 15:38:56.846 31916 31950 D Evaluation: Frame 1093 sent at 1573047536846
11-06 15:38:56.878 31916 31950 D Evaluation: Frame 1094 sent at 1573047536878
11-06 15:38:56.917 31916 31950 D Evaluation: Frame 1095 sent at 1573047536917
11-06 15:38:56.945 31916 31950 D Evaluation: Frame 1096 sent at 1573047536945
11-06 15:38:56.980 31916 31950 D Evaluation: Frame 1097 sent at 1573047536980
11-06 15:38:57.011 31916 31950 D Evaluation: Frame 1098 sent at 1573047537011
11-06 15:38:57.058 31916 31950 D Evaluation: Frame 1099 sent at 1573047537058
11-06 15:38:57.077 31916 31950 D Evaluation: Frame 1100 sent at 1573047537077
11-06 15:38:57.113 31916 31927 E         : [ZeroHung]zrhung_get_config: Get config failed for wp[0x0008]
11-06 15:38:57.113 31916 31950 D Evaluation: Frame 1101 sent at 1573047537113
11-06 15:38:57.150 31916 31950 D Evaluation: Frame 1102 sent at 1573047537150
11-06 15:38:57.180 31916 31950 D Evaluation: Frame 1103 sent at 1573047537180
11-06 15:38:57.214 31916 31950 D Evaluation: Frame 1104 sent at 1573047537214
11-06 15:38:57.248 31916 31950 D Evaluation: Frame 1105 sent at 1573047537248
11-06 15:38:57.285 31916 31950 D Evaluation: Frame 1106 sent at 1573047537285
11-06 15:38:57.322 31916 31950 D Evaluation: Frame 1107 sent at 1573047537322
11-06 15:38:57.351 31916 31950 D Evaluation: Frame 1108 sent at 1573047537351
11-06 15:38:57.381 31916 31950 D Evaluation: Frame 1109 sent at 1573047537381
11-06 15:38:57.414 31916 31950 D Evaluation: Frame 1110 sent at 1573047537414
11-06 15:38:57.448 31916 31950 D Evaluation: Frame 1111 sent at 1573047537448
11-06 15:38:57.482 31916 31950 D Evaluation: Frame 1112 sent at 1573047537482
11-06 15:38:57.515 31916 31950 D Evaluation: Frame 1113 sent at 1573047537515
11-06 15:38:57.551 31916 31950 D Evaluation: Frame 1114 sent at 1573047537551
11-06 15:38:57.594 31916 31950 D Evaluation: Frame 1115 sent at 1573047537594
11-06 15:38:57.630 31916 31950 W System.err: java.net.SocketException: Message too long
11-06 15:38:57.630 31916 31950 W System.err: 	at sun.nio.ch.DatagramChannelImpl.send0(Native Method)
11-06 15:38:57.630 31916 31950 W System.err: 	at sun.nio.ch.DatagramChannelImpl.sendFromNativeBuffer(DatagramChannelImpl.java:573)
11-06 15:38:57.630 31916 31950 W System.err: 	at sun.nio.ch.DatagramChannelImpl.send(DatagramChannelImpl.java:550)
11-06 15:38:57.630 31916 31950 W System.err: 	at sun.nio.ch.DatagramChannelImpl.send(DatagramChannelImpl.java:514)
11-06 15:38:57.630 31916 31950 W System.err: 	at symlab.CloudAR.network.TransmissionTask.run(TransmissionTask.java:124)
11-06 15:38:57.630 31916 31950 W System.err: 	at android.os.Handler.handleCallback(Handler.java:907)
11-06 15:38:57.630 31916 31950 W System.err: 	at android.os.Handler.dispatchMessage(Handler.java:105)
11-06 15:38:57.630 31916 31950 W System.err: 	at android.os.Looper.loop(Looper.java:216)
11-06 15:38:57.630 31916 31950 W System.err: 	at android.os.HandlerThread.run(HandlerThread.java:65)
11-06 15:38:57.659 31916 31950 W System.err: java.net.SocketException: Message too long
11-06 15:38:57.659 31916 31950 W System.err: 	at sun.nio.ch.DatagramChannelImpl.send0(Native Method)
11-06 15:38:57.659 31916 31950 W System.err: 	at sun.nio.ch.DatagramChannelImpl.sendFromNativeBuffer(DatagramChannelImpl.java:573)
11-06 15:38:57.659 31916 31950 W System.err: 	at sun.nio.ch.DatagramChannelImpl.send(DatagramChannelImpl.java:550)
11-06 15:38:57.659 31916 31950 W System.err: 	at sun.nio.ch.DatagramChannelImpl.send(DatagramChannelImpl.java:514)
11-06 15:38:57.659 31916 31950 W System.err: 	at symlab.CloudAR.network.TransmissionTask.run(TransmissionTask.java:124)
11-06 15:38:57.659 31916 31950 W System.err: 	at android.os.Handler.handleCallback(Handler.java:907)
11-06 15:38:57.659 31916 31950 W System.err: 	at android.os.Handler.dispatchMessage(Handler.java:105)
11-06 15:38:57.659 31916 31950 W System.err: 	at android.os.Looper.loop(Looper.java:216)
11-06 15:38:57.659 31916 31950 W System.err: 	at android.os.HandlerThread.run(HandlerThread.java:65)
11-06 15:38:57.687 31916 31950 W System.err: java.net.SocketException: Message too long
11-06 15:38:57.687 31916 31950 W System.err: 	at sun.nio.ch.DatagramChannelImpl.send0(Native Method)
11-06 15:38:57.687 31916 31950 W System.err: 	at sun.nio.ch.DatagramChannelImpl.sendFromNativeBuffer(DatagramChannelImpl.java:573)
11-06 15:38:57.687 31916 31950 W System.err: 	at sun.nio.ch.DatagramChannelImpl.send(DatagramChannelImpl.java:550)
11-06 15:38:57.687 31916 31950 W System.err: 	at sun.nio.ch.DatagramChannelImpl.send(DatagramChannelImpl.java:514)
11-06 15:38:57.687 31916 31950 W System.err: 	at symlab.CloudAR.network.TransmissionTask.run(TransmissionTask.java:124)
11-06 15:38:57.687 31916 31950 W System.err: 	at android.os.Handler.handleCallback(Handler.java:907)
11-06 15:38:57.687 31916 31950 W System.err: 	at android.os.Handler.dispatchMessage(Handler.java:105)
11-06 15:38:57.687 31916 31950 W System.err: 	at android.os.Looper.loop(Looper.java:216)
11-06 15:38:57.687 31916 31950 W System.err: 	at android.os.HandlerThread.run(HandlerThread.java:65)
11-06 15:38:57.716 31916 31950 W System.err: java.net.SocketException: Message too long
11-06 15:38:57.716 31916 31950 W System.err: 	at sun.nio.ch.DatagramChannelImpl.send0(Native Method)
11-06 15:38:57.716 31916 31950 W System.err: 	at sun.nio.ch.DatagramChannelImpl.sendFromNativeBuffer(DatagramChannelImpl.java:573)
11-06 15:38:57.716 31916 31950 W System.err: 	at sun.nio.ch.DatagramChannelImpl.send(DatagramChannelImpl.java:550)
11-06 15:38:57.716 31916 31950 W System.err: 	at sun.nio.ch.DatagramChannelImpl.send(DatagramChannelImpl.java:514)
11-06 15:38:57.716 31916 31950 W System.err: 	at symlab.CloudAR.network.TransmissionTask.run(TransmissionTask.java:124)
11-06 15:38:57.716 31916 31950 W System.err: 	at android.os.Handler.handleCallback(Handler.java:907)
11-06 15:38:57.716 31916 31950 W System.err: 	at android.os.Handler.dispatchMessage(Handler.java:105)
11-06 15:38:57.716 31916 31950 W System.err: 	at android.os.Looper.loop(Looper.java:216)
11-06 15:38:57.716 31916 31950 W System.err: 	at android.os.HandlerThread.run(HandlerThread.java:65)
11-06 15:38:57.753 31916 31950 W System.err: java.net.SocketException: Message too long
11-06 15:38:57.753 31916 31950 W System.err: 	at sun.nio.ch.DatagramChannelImpl.send0(Native Method)
11-06 15:38:57.753 31916 31950 W System.err: 	at sun.nio.ch.DatagramChannelImpl.sendFromNativeBuffer(DatagramChannelImpl.java:573)
11-06 15:38:57.753 31916 31950 W System.err: 	at sun.nio.ch.DatagramChannelImpl.send(DatagramChannelImpl.java:550)
11-06 15:38:57.753 31916 31950 W System.err: 	at sun.nio.ch.DatagramChannelImpl.send(DatagramChannelImpl.java:514)
11-06 15:38:57.753 31916 31950 W System.err: 	at symlab.CloudAR.network.TransmissionTask.run(TransmissionTask.java:124)
11-06 15:38:57.753 31916 31950 W System.err: 	at android.os.Handler.handleCallback(Handler.java:907)
11-06 15:38:57.753 31916 31950 W System.err: 	at android.os.Handler.dispatchMessage(Handler.java:105)
11-06 15:38:57.753 31916 31950 W System.err: 	at android.os.Looper.loop(Looper.java:216)
11-06 15:38:57.753 31916 31950 W System.err: 	at android.os.HandlerThread.run(HandlerThread.java:65)
11-06 15:38:57.786 31916 31950 W System.err: java.net.SocketException: Message too long
11-06 15:38:57.786 31916 31950 W System.err: 	at sun.nio.ch.DatagramChannelImpl.send0(Native Method)
11-06 15:38:57.786 31916 31950 W System.err: 	at sun.nio.ch.DatagramChannelImpl.sendFromNativeBuffer(DatagramChannelImpl.java:573)
11-06 15:38:57.786 31916 31950 W System.err: 	at sun.nio.ch.DatagramChannelImpl.send(DatagramChannelImpl.java:550)
11-06 15:38:57.786 31916 31950 W System.err: 	at sun.nio.ch.DatagramChannelImpl.send(DatagramChannelImpl.java:514)
11-06 15:38:57.786 31916 31950 W System.err: 	at symlab.CloudAR.network.TransmissionTask.run(TransmissionTask.java:124)
11-06 15:38:57.786 31916 31950 W System.err: 	at android.os.Handler.handleCallback(Handler.java:907)
11-06 15:38:57.786 31916 31950 W System.err: 	at android.os.Handler.dispatchMessage(Handler.java:105)
11-06 15:38:57.786 31916 31950 W System.err: 	at android.os.Looper.loop(Looper.java:216)
11-06 15:38:57.786 31916 31950 W System.err: 	at android.os.HandlerThread.run(HandlerThread.java:65)
11-06 15:38:57.816 31916 31950 W System.err: java.net.SocketException: Message too long
11-06 15:38:57.816 31916 31950 W System.err: 	at sun.nio.ch.DatagramChannelImpl.send0(Native Method)
11-06 15:38:57.816 31916 31950 W System.err: 	at sun.nio.ch.DatagramChannelImpl.sendFromNativeBuffer(DatagramChannelImpl.java:573)
11-06 15:38:57.816 31916 31950 W System.err: 	at sun.nio.ch.DatagramChannelImpl.send(DatagramChannelImpl.java:550)
11-06 15:38:57.816 31916 31950 W System.err: 	at sun.nio.ch.DatagramChannelImpl.send(DatagramChannelImpl.java:514)
11-06 15:38:57.816 31916 31950 W System.err: 	at symlab.CloudAR.network.TransmissionTask.run(TransmissionTask.java:124)
11-06 15:38:57.816 31916 31950 W System.err: 	at android.os.Handler.handleCallback(Handler.java:907)
11-06 15:38:57.816 31916 31950 W System.err: 	at android.os.Handler.dispatchMessage(Handler.java:105)
11-06 15:38:57.816 31916 31950 W System.err: 	at android.os.Looper.loop(Looper.java:216)
11-06 15:38:57.816 31916 31950 W System.err: 	at android.os.HandlerThread.run(HandlerThread.java:65)
11-06 15:38:57.862 31916 31950 W System.err: java.net.SocketException: Message too long
11-06 15:38:57.862 31916 31950 W System.err: 	at sun.nio.ch.DatagramChannelImpl.send0(Native Method)
11-06 15:38:57.862 31916 31950 W System.err: 	at sun.nio.ch.DatagramChannelImpl.sendFromNativeBuffer(DatagramChannelImpl.java:573)
11-06 15:38:57.862 31916 31950 W System.err: 	at sun.nio.ch.DatagramChannelImpl.send(DatagramChannelImpl.java:550)
11-06 15:38:57.862 31916 31950 W System.err: 	at sun.nio.ch.DatagramChannelImpl.send(DatagramChannelImpl.java:514)
11-06 15:38:57.862 31916 31950 W System.err: 	at symlab.CloudAR.network.TransmissionTask.run(TransmissionTask.java:124)
11-06 15:38:57.862 31916 31950 W System.err: 	at android.os.Handler.handleCallback(Handler.java:907)
11-06 15:38:57.862 31916 31950 W System.err: 	at android.os.Handler.dispatchMessage(Handler.java:105)
11-06 15:38:57.862 31916 31950 W System.err: 	at android.os.Looper.loop(Looper.java:216)
11-06 15:38:57.862 31916 31950 W System.err: 	at android.os.HandlerThread.run(HandlerThread.java:65)
11-06 15:38:57.887 31916 31950 D Evaluation: Frame 1124 sent at 1573047537887
11-06 15:38:57.962 31916 31950 D Evaluation: Frame 1125 sent at 1573047537962
11-06 15:38:57.991 31916 31950 D Evaluation: Frame 1126 sent at 1573047537991
11-06 15:38:58.054 31916 31950 D Evaluation: Frame 1127 sent at 1573047538054
11-06 15:38:58.174 31916 31950 D Evaluation: Frame 1128 sent at 1573047538174
11-06 15:38:58.196 31916 31950 D Evaluation: Frame 1129 sent at 1573047538196
11-06 15:38:58.222 31916 31950 D Evaluation: Frame 1130 sent at 1573047538222
11-06 15:38:58.261 31916 31950 D Evaluation: Frame 1131 sent at 1573047538261
11-06 15:38:58.334 31916 31950 D Evaluation: Frame 1132 sent at 1573047538334
11-06 15:38:58.356 31916 31927 E         : [ZeroHung]zrhung_get_config: Get config failed for wp[0x0008]
11-06 15:38:58.357 31916 31950 D Evaluation: Frame 1133 sent at 1573047538357
11-06 15:38:58.392 31916 31950 D Evaluation: Frame 1134 sent at 1573047538392
11-06 15:38:58.422 31916 31950 D Evaluation: Frame 1135 sent at 1573047538422
11-06 15:38:58.452 31916 31950 D Evaluation: Frame 1136 sent at 1573047538452
11-06 15:38:58.489 31916 31950 D Evaluation: Frame 1137 sent at 1573047538489
11-06 15:38:58.524 31916 31950 D Evaluation: Frame 1138 sent at 1573047538524
11-06 15:38:58.565 31916 31950 D Evaluation: Frame 1139 sent at 1573047538565
11-06 15:38:58.598 31916 31950 D Evaluation: Frame 1140 sent at 1573047538598
11-06 15:38:58.624 31916 31950 D Evaluation: Frame 1141 sent at 1573047538624
11-06 15:38:58.668 31916 31950 D Evaluation: Frame 1142 sent at 1573047538668
11-06 15:38:58.702 31916 31950 D Evaluation: Frame 1143 sent at 1573047538702
11-06 15:38:58.725 31916 31950 D Evaluation: Frame 1144 sent at 1573047538725
11-06 15:38:58.757 31916 31950 D Evaluation: Frame 1145 sent at 1573047538757
11-06 15:38:58.793 31916 31950 D Evaluation: Frame 1146 sent at 1573047538793
11-06 15:38:58.828 31916 31950 D Evaluation: Frame 1147 sent at 1573047538828
11-06 15:38:58.860 31916 31950 D Evaluation: Frame 1148 sent at 1573047538860
11-06 15:38:58.893 31916 31950 D Evaluation: Frame 1149 sent at 1573047538893
11-06 15:38:58.930 31916 31950 D Evaluation: Frame 1150 sent at 1573047538930
11-06 15:38:58.963 31916 31950 D Evaluation: Frame 1151 sent at 1573047538963
11-06 15:38:59.014 31916 31950 D Evaluation: Frame 1152 sent at 1573047539014
11-06 15:38:59.044 31916 31950 D Evaluation: Frame 1154 sent at 1573047539044
11-06 15:38:59.061 31916 31950 D Evaluation: Frame 1154 sent at 1573047539061
11-06 15:38:59.100 31916 31950 D Evaluation: Frame 1155 sent at 1573047539100
11-06 15:38:59.133 31916 31950 D Evaluation: Frame 1156 sent at 1573047539133
11-06 15:38:59.167 31916 31950 D Evaluation: Frame 1157 sent at 1573047539167
11-06 15:38:59.201 31916 31950 D Evaluation: Frame 1158 sent at 1573047539201
11-06 15:38:59.235 31916 31950 D Evaluation: Frame 1159 sent at 1573047539235
11-06 15:38:59.288 31916 31950 D Evaluation: Frame 1160 sent at 1573047539288
11-06 15:38:59.314 31916 31950 D Evaluation: Frame 1161 sent at 1573047539314
11-06 15:38:59.350 31916 31950 D Evaluation: Frame 1162 sent at 1573047539349
11-06 15:38:59.373 31916 31950 D Evaluation: Frame 1163 sent at 1573047539373
11-06 15:38:59.406 31916 31950 D Evaluation: Frame 1164 sent at 1573047539406
11-06 15:38:59.432 31916 31950 D Evaluation: Frame 1165 sent at 1573047539432
11-06 15:38:59.479 31916 31950 D Evaluation: Frame 1166 sent at 1573047539479
11-06 15:38:59.512 31916 31950 D Evaluation: Frame 1167 sent at 1573047539512
11-06 15:38:59.550 31916 31950 D Evaluation: Frame 1168 sent at 1573047539550
11-06 15:38:59.631 31916 31950 D Evaluation: Frame 1170 sent at 1573047539631
11-06 15:38:59.655 31916 31927 E         : [ZeroHung]zrhung_get_config: Get config failed for wp[0x0008]
11-06 15:38:59.655 31916 31950 D Evaluation: Frame 1170 sent at 1573047539655
11-06 15:38:59.681 31916 31950 D Evaluation: Frame 1171 sent at 1573047539681
11-06 15:38:59.714 31916 31950 D Evaluation: Frame 1172 sent at 1573047539713
11-06 15:38:59.743 31916 31950 D Evaluation: Frame 1173 sent at 1573047539743
11-06 15:38:59.770 31916 31950 D Evaluation: Frame 1174 sent at 1573047539770
11-06 15:38:59.803 31916 31950 D Evaluation: Frame 1175 sent at 1573047539803
11-06 15:38:59.841 31916 31950 D Evaluation: Frame 1176 sent at 1573047539841
11-06 15:38:59.874 31916 31950 D Evaluation: Frame 1177 sent at 1573047539874
11-06 15:38:59.928 31916 31950 D Evaluation: Frame 1179 sent at 1573047539928
11-06 15:38:59.951 31916 31950 D Evaluation: Frame 1179 sent at 1573047539951
11-06 15:38:59.988 31916 31950 D Evaluation: Frame 1180 sent at 1573047539988
11-06 15:39:00.020 31916 31950 D Evaluation: Frame 1181 sent at 1573047540020
11-06 15:39:00.051 31916 31950 D Evaluation: Frame 1182 sent at 1573047540051
11-06 15:39:00.115 31916 31950 D Evaluation: Frame 1183 sent at 1573047540115
11-06 15:39:00.153 31916 31950 D Evaluation: Frame 1184 sent at 1573047540153
11-06 15:39:00.186 31916 31950 D Evaluation: Frame 1185 sent at 1573047540186
11-06 15:39:00.217 31916 31950 D Evaluation: Frame 1186 sent at 1573047540217
11-06 15:39:00.260 31916 31950 D Evaluation: Frame 1187 sent at 1573047540260
11-06 15:39:00.279 31916 31950 D Evaluation: Frame 1188 sent at 1573047540279
11-06 15:39:00.323 31916 31950 D Evaluation: Frame 1189 sent at 1573047540323
11-06 15:39:00.357 31916 31950 D Evaluation: Frame 1190 sent at 1573047540357
11-06 15:39:00.387 31916 31950 D Evaluation: Frame 1191 sent at 1573047540387
11-06 15:39:00.418 31916 31950 D Evaluation: Frame 1192 sent at 1573047540418
11-06 15:39:00.453 31916 31950 D Evaluation: Frame 1193 sent at 1573047540453
11-06 15:39:00.486 31916 31950 D Evaluation: Frame 1194 sent at 1573047540486
11-06 15:39:00.560 31916 31950 D Evaluation: Frame 1195 sent at 1573047540560
11-06 15:39:00.586 31916 31950 D Evaluation: Frame 1196 sent at 1573047540586
11-06 15:39:00.629 31916 31950 D Evaluation: Frame 1198 sent at 1573047540629
11-06 15:39:00.647 31916 31950 D Evaluation: Frame 1198 sent at 1573047540647
11-06 15:39:00.691 31916 31950 D Evaluation: Frame 1199 sent at 1573047540691
11-06 15:39:00.725 31916 31950 D Evaluation: Frame 1201 sent at 1573047540725
11-06 15:39:00.741 31916 31950 D Evaluation: Frame 1201 sent at 1573047540741
11-06 15:39:00.777 31916 31950 D Evaluation: Frame 1202 sent at 1573047540777
11-06 15:39:00.852 31916 31950 D Evaluation: Frame 1203 sent at 1573047540852
11-06 15:39:00.881 31916 31950 D Evaluation: Frame 1204 sent at 1573047540881
11-06 15:39:00.917 31916 31950 D Evaluation: Frame 1205 sent at 1573047540917
11-06 15:39:00.943 31916 31950 D Evaluation: Frame 1206 sent at 1573047540943
11-06 15:39:00.979 31916 31950 D Evaluation: Frame 1207 sent at 1573047540979
11-06 15:39:01.009 31916 31950 D Evaluation: Frame 1208 sent at 1573047541009
11-06 15:39:01.050 31916 31927 E         : [ZeroHung]zrhung_get_config: Get config failed for wp[0x0008]
11-06 15:39:01.051 31916 31950 D Evaluation: Frame 1209 sent at 1573047541050
11-06 15:39:01.081 31916 31950 D Evaluation: Frame 1210 sent at 1573047541081
11-06 15:39:01.116 31916 31950 D Evaluation: Frame 1211 sent at 1573047541116
11-06 15:39:01.143 31916 31950 D Evaluation: Frame 1212 sent at 1573047541143
11-06 15:39:01.183 31916 31950 D Evaluation: Frame 1213 sent at 1573047541183
11-06 15:39:01.209 31916 31950 D Evaluation: Frame 1214 sent at 1573047541209
11-06 15:39:01.265 31916 31950 D Evaluation: Frame 1215 sent at 1573047541265
11-06 15:39:01.282 31916 31950 D Evaluation: Frame 1216 sent at 1573047541282
11-06 15:39:01.307 31916 31950 D Evaluation: Frame 1217 sent at 1573047541307
11-06 15:39:01.354 31916 31950 D Evaluation: Frame 1218 sent at 1573047541354
11-06 15:39:01.383 31916 31950 D Evaluation: Frame 1219 sent at 1573047541383
11-06 15:39:01.412 31916 31950 D Evaluation: Frame 1220 sent at 1573047541412
11-06 15:39:01.454 31916 31950 D Evaluation: Frame 1221 sent at 1573047541454
11-06 15:39:01.486 31916 31950 D Evaluation: Frame 1222 sent at 1573047541486
11-06 15:39:01.510 31916 31950 D Evaluation: Frame 1223 sent at 1573047541510
11-06 15:39:01.556 31916 31950 D Evaluation: Frame 1224 sent at 1573047541556
11-06 15:39:01.581 31916 31950 D Evaluation: Frame 1225 sent at 1573047541581
11-06 15:39:01.619 31916 31950 D Evaluation: Frame 1226 sent at 1573047541619
11-06 15:39:01.647 31916 31950 D Evaluation: Frame 1227 sent at 1573047541646
11-06 15:39:01.689 31916 31950 W System.err: java.net.SocketException: Message too long
11-06 15:39:01.689 31916 31950 W System.err: 	at sun.nio.ch.DatagramChannelImpl.send0(Native Method)
11-06 15:39:01.689 31916 31950 W System.err: 	at sun.nio.ch.DatagramChannelImpl.sendFromNativeBuffer(DatagramChannelImpl.java:573)
11-06 15:39:01.689 31916 31950 W System.err: 	at sun.nio.ch.DatagramChannelImpl.send(DatagramChannelImpl.java:550)
11-06 15:39:01.689 31916 31950 W System.err: 	at sun.nio.ch.DatagramChannelImpl.send(DatagramChannelImpl.java:514)
11-06 15:39:01.689 31916 31950 W System.err: 	at symlab.CloudAR.network.TransmissionTask.run(TransmissionTask.java:124)
11-06 15:39:01.689 31916 31950 W System.err: 	at android.os.Handler.handleCallback(Handler.java:907)
11-06 15:39:01.689 31916 31950 W System.err: 	at android.os.Handler.dispatchMessage(Handler.java:105)
11-06 15:39:01.689 31916 31950 W System.err: 	at android.os.Looper.loop(Looper.java:216)
11-06 15:39:01.689 31916 31950 W System.err: 	at android.os.HandlerThread.run(HandlerThread.java:65)
11-06 15:39:01.715 31916 31950 D Evaluation: Frame 1229 sent at 1573047541715
11-06 15:39:01.752 31916 31950 D Evaluation: Frame 1230 sent at 1573047541752
11-06 15:39:01.785 31916 31950 D Evaluation: Frame 1231 sent at 1573047541785
11-06 15:39:01.812 31916 31916 W HiTouch_PressGestureDetector: Touch pointer move a lot. The moving distance of X is:8.167725, limit is:60The moving distance of Y is:109.92644, limit is:60
11-06 15:39:01.853 31916 31950 W System.err: java.net.SocketException: Message too long
11-06 15:39:01.853 31916 31950 W System.err: 	at sun.nio.ch.DatagramChannelImpl.send0(Native Method)
11-06 15:39:01.853 31916 31950 W System.err: 	at sun.nio.ch.DatagramChannelImpl.sendFromNativeBuffer(DatagramChannelImpl.java:573)
11-06 15:39:01.853 31916 31950 W System.err: 	at sun.nio.ch.DatagramChannelImpl.send(DatagramChannelImpl.java:550)
11-06 15:39:01.853 31916 31950 W System.err: 	at sun.nio.ch.DatagramChannelImpl.send(DatagramChannelImpl.java:514)
11-06 15:39:01.853 31916 31950 W System.err: 	at symlab.CloudAR.network.TransmissionTask.run(TransmissionTask.java:124)
11-06 15:39:01.853 31916 31950 W System.err: 	at android.os.Handler.handleCallback(Handler.java:907)
11-06 15:39:01.853 31916 31950 W System.err: 	at android.os.Handler.dispatchMessage(Handler.java:105)
11-06 15:39:01.854 31916 31950 W System.err: 	at android.os.Looper.loop(Looper.java:216)
11-06 15:39:01.854 31916 31950 W System.err: 	at android.os.HandlerThread.run(HandlerThread.java:65)
11-06 15:39:01.918 31916 31950 D Evaluation: Frame 1233 sent at 1573047541918
11-06 15:39:01.985 31916 31950 D Evaluation: Frame 1234 sent at 1573047541985
11-06 15:39:02.069 31916 31950 W System.err: java.net.SocketException: Message too long
11-06 15:39:02.069 31916 31950 W System.err: 	at sun.nio.ch.DatagramChannelImpl.send0(Native Method)
11-06 15:39:02.069 31916 31950 W System.err: 	at sun.nio.ch.DatagramChannelImpl.sendFromNativeBuffer(DatagramChannelImpl.java:573)
11-06 15:39:02.069 31916 31950 W System.err: 	at sun.nio.ch.DatagramChannelImpl.send(DatagramChannelImpl.java:550)
11-06 15:39:02.069 31916 31950 W System.err: 	at sun.nio.ch.DatagramChannelImpl.send(DatagramChannelImpl.java:514)
11-06 15:39:02.069 31916 31950 W System.err: 	at symlab.CloudAR.network.TransmissionTask.run(TransmissionTask.java:124)
11-06 15:39:02.069 31916 31950 W System.err: 	at android.os.Handler.handleCallback(Handler.java:907)
11-06 15:39:02.069 31916 31950 W System.err: 	at android.os.Handler.dispatchMessage(Handler.java:105)
11-06 15:39:02.069 31916 31950 W System.err: 	at android.os.Looper.loop(Looper.java:216)
11-06 15:39:02.069 31916 31950 W System.err: 	at android.os.HandlerThread.run(HandlerThread.java:65)
11-06 15:39:02.095 31916 31950 W System.err: java.net.SocketException: Message too long
11-06 15:39:02.095 31916 31950 W System.err: 	at sun.nio.ch.DatagramChannelImpl.send0(Native Method)
11-06 15:39:02.095 31916 31950 W System.err: 	at sun.nio.ch.DatagramChannelImpl.sendFromNativeBuffer(DatagramChannelImpl.java:573)
11-06 15:39:02.095 31916 31950 W System.err: 	at sun.nio.ch.DatagramChannelImpl.send(DatagramChannelImpl.java:550)
11-06 15:39:02.095 31916 31950 W System.err: 	at sun.nio.ch.DatagramChannelImpl.send(DatagramChannelImpl.java:514)
11-06 15:39:02.095 31916 31950 W System.err: 	at symlab.CloudAR.network.TransmissionTask.run(TransmissionTask.java:124)
11-06 15:39:02.095 31916 31950 W System.err: 	at android.os.Handler.handleCallback(Handler.java:907)
11-06 15:39:02.095 31916 31950 W System.err: 	at android.os.Handler.dispatchMessage(Handler.java:105)
11-06 15:39:02.095 31916 31950 W System.err: 	at android.os.Looper.loop(Looper.java:216)
11-06 15:39:02.095 31916 31950 W System.err: 	at android.os.HandlerThread.run(HandlerThread.java:65)
11-06 15:39:02.118 31916 31950 W System.err: java.net.SocketException: Message too long
11-06 15:39:02.118 31916 31950 W System.err: 	at sun.nio.ch.DatagramChannelImpl.send0(Native Method)
11-06 15:39:02.119 31916 31950 W System.err: 	at sun.nio.ch.DatagramChannelImpl.sendFromNativeBuffer(DatagramChannelImpl.java:573)
11-06 15:39:02.119 31916 31950 W System.err: 	at sun.nio.ch.DatagramChannelImpl.send(DatagramChannelImpl.java:550)
11-06 15:39:02.119 31916 31950 W System.err: 	at sun.nio.ch.DatagramChannelImpl.send(DatagramChannelImpl.java:514)
11-06 15:39:02.119 31916 31950 W System.err: 	at symlab.CloudAR.network.TransmissionTask.run(TransmissionTask.java:124)
11-06 15:39:02.119 31916 31950 W System.err: 	at android.os.Handler.handleCallback(Handler.java:907)
11-06 15:39:02.119 31916 31950 W System.err: 	at android.os.Handler.dispatchMessage(Handler.java:105)
11-06 15:39:02.119 31916 31950 W System.err: 	at android.os.Looper.loop(Looper.java:216)
11-06 15:39:02.119 31916 31950 W System.err: 	at android.os.HandlerThread.run(HandlerThread.java:65)
11-06 15:39:02.154 31916 31950 W System.err: java.net.SocketException: Message too long
11-06 15:39:02.154 31916 31950 W System.err: 	at sun.nio.ch.DatagramChannelImpl.send0(Native Method)
11-06 15:39:02.154 31916 31950 W System.err: 	at sun.nio.ch.DatagramChannelImpl.sendFromNativeBuffer(DatagramChannelImpl.java:573)
11-06 15:39:02.154 31916 31950 W System.err: 	at sun.nio.ch.DatagramChannelImpl.send(DatagramChannelImpl.java:550)
11-06 15:39:02.154 31916 31950 W System.err: 	at sun.nio.ch.DatagramChannelImpl.send(DatagramChannelImpl.java:514)
11-06 15:39:02.154 31916 31950 W System.err: 	at symlab.CloudAR.network.TransmissionTask.run(TransmissionTask.java:124)
11-06 15:39:02.154 31916 31950 W System.err: 	at android.os.Handler.handleCallback(Handler.java:907)
11-06 15:39:02.154 31916 31950 W System.err: 	at android.os.Handler.dispatchMessage(Handler.java:105)
11-06 15:39:02.154 31916 31950 W System.err: 	at android.os.Looper.loop(Looper.java:216)
11-06 15:39:02.154 31916 31950 W System.err: 	at android.os.HandlerThread.run(HandlerThread.java:65)
11-06 15:39:02.187 31916 31950 W System.err: java.net.SocketException: Message too long
11-06 15:39:02.187 31916 31950 W System.err: 	at sun.nio.ch.DatagramChannelImpl.send0(Native Method)
11-06 15:39:02.187 31916 31950 W System.err: 	at sun.nio.ch.DatagramChannelImpl.sendFromNativeBuffer(DatagramChannelImpl.java:573)
11-06 15:39:02.187 31916 31950 W System.err: 	at sun.nio.ch.DatagramChannelImpl.send(DatagramChannelImpl.java:550)
11-06 15:39:02.187 31916 31950 W System.err: 	at sun.nio.ch.DatagramChannelImpl.send(DatagramChannelImpl.java:514)
11-06 15:39:02.187 31916 31950 W System.err: 	at symlab.CloudAR.network.TransmissionTask.run(TransmissionTask.java:124)
11-06 15:39:02.188 31916 31950 W System.err: 	at android.os.Handler.handleCallback(Handler.java:907)
11-06 15:39:02.188 31916 31950 W System.err: 	at android.os.Handler.dispatchMessage(Handler.java:105)
11-06 15:39:02.188 31916 31950 W System.err: 	at android.os.Looper.loop(Looper.java:216)
11-06 15:39:02.188 31916 31950 W System.err: 	at android.os.HandlerThread.run(HandlerThread.java:65)
11-06 15:39:02.220 31916 31950 W System.err: java.net.SocketException: Message too long
11-06 15:39:02.220 31916 31950 W System.err: 	at sun.nio.ch.DatagramChannelImpl.send0(Native Method)
11-06 15:39:02.220 31916 31950 W System.err: 	at sun.nio.ch.DatagramChannelImpl.sendFromNativeBuffer(DatagramChannelImpl.java:573)
11-06 15:39:02.220 31916 31950 W System.err: 	at sun.nio.ch.DatagramChannelImpl.send(DatagramChannelImpl.java:550)
11-06 15:39:02.220 31916 31950 W System.err: 	at sun.nio.ch.DatagramChannelImpl.send(DatagramChannelImpl.java:514)
11-06 15:39:02.220 31916 31950 W System.err: 	at symlab.CloudAR.network.TransmissionTask.run(TransmissionTask.java:124)
11-06 15:39:02.220 31916 31950 W System.err: 	at android.os.Handler.handleCallback(Handler.java:907)
11-06 15:39:02.220 31916 31950 W System.err: 	at android.os.Handler.dispatchMessage(Handler.java:105)
11-06 15:39:02.220 31916 31950 W System.err: 	at android.os.Looper.loop(Looper.java:216)
11-06 15:39:02.220 31916 31950 W System.err: 	at android.os.HandlerThread.run(HandlerThread.java:65)
11-06 15:39:02.254 31916 31950 W System.err: java.net.SocketException: Message too long
11-06 15:39:02.254 31916 31950 W System.err: 	at sun.nio.ch.DatagramChannelImpl.send0(Native Method)
11-06 15:39:02.254 31916 31950 W System.err: 	at sun.nio.ch.DatagramChannelImpl.sendFromNativeBuffer(DatagramChannelImpl.java:573)
11-06 15:39:02.254 31916 31950 W System.err: 	at sun.nio.ch.DatagramChannelImpl.send(DatagramChannelImpl.java:550)
11-06 15:39:02.254 31916 31950 W System.err: 	at sun.nio.ch.DatagramChannelImpl.send(DatagramChannelImpl.java:514)
11-06 15:39:02.254 31916 31950 W System.err: 	at symlab.CloudAR.network.TransmissionTask.run(TransmissionTask.java:124)
11-06 15:39:02.254 31916 31950 W System.err: 	at android.os.Handler.handleCallback(Handler.java:907)
11-06 15:39:02.254 31916 31950 W System.err: 	at android.os.Handler.dispatchMessage(Handler.java:105)
11-06 15:39:02.254 31916 31950 W System.err: 	at android.os.Looper.loop(Looper.java:216)
11-06 15:39:02.254 31916 31950 W System.err: 	at android.os.HandlerThread.run(HandlerThread.java:65)
11-06 15:39:02.286 31916 31927 E         : [ZeroHung]zrhung_get_config: Get config failed for wp[0x0008]
11-06 15:39:02.286 31916 31950 W System.err: java.net.SocketException: Message too long
11-06 15:39:02.287 31916 31950 W System.err: 	at sun.nio.ch.DatagramChannelImpl.send0(Native Method)
11-06 15:39:02.287 31916 31950 W System.err: 	at sun.nio.ch.DatagramChannelImpl.sendFromNativeBuffer(DatagramChannelImpl.java:573)
11-06 15:39:02.287 31916 31950 W System.err: 	at sun.nio.ch.DatagramChannelImpl.send(DatagramChannelImpl.java:550)
11-06 15:39:02.287 31916 31950 W System.err: 	at sun.nio.ch.DatagramChannelImpl.send(DatagramChannelImpl.java:514)
11-06 15:39:02.287 31916 31950 W System.err: 	at symlab.CloudAR.network.TransmissionTask.run(TransmissionTask.java:124)
11-06 15:39:02.287 31916 31950 W System.err: 	at android.os.Handler.handleCallback(Handler.java:907)
11-06 15:39:02.287 31916 31950 W System.err: 	at android.os.Handler.dispatchMessage(Handler.java:105)
11-06 15:39:02.287 31916 31950 W System.err: 	at android.os.Looper.loop(Looper.java:216)
11-06 15:39:02.287 31916 31950 W System.err: 	at android.os.HandlerThread.run(HandlerThread.java:65)
11-06 15:39:02.316 31916 31950 W System.err: java.net.SocketException: Message too long
11-06 15:39:02.316 31916 31950 W System.err: 	at sun.nio.ch.DatagramChannelImpl.send0(Native Method)
11-06 15:39:02.316 31916 31950 W System.err: 	at sun.nio.ch.DatagramChannelImpl.sendFromNativeBuffer(DatagramChannelImpl.java:573)
11-06 15:39:02.316 31916 31950 W System.err: 	at sun.nio.ch.DatagramChannelImpl.send(DatagramChannelImpl.java:550)
11-06 15:39:02.316 31916 31950 W System.err: 	at sun.nio.ch.DatagramChannelImpl.send(DatagramChannelImpl.java:514)
11-06 15:39:02.316 31916 31950 W System.err: 	at symlab.CloudAR.network.TransmissionTask.run(TransmissionTask.java:124)
11-06 15:39:02.316 31916 31950 W System.err: 	at android.os.Handler.handleCallback(Handler.java:907)
11-06 15:39:02.316 31916 31950 W System.err: 	at android.os.Handler.dispatchMessage(Handler.java:105)
11-06 15:39:02.316 31916 31950 W System.err: 	at android.os.Looper.loop(Looper.java:216)
11-06 15:39:02.316 31916 31950 W System.err: 	at android.os.HandlerThread.run(HandlerThread.java:65)
11-06 15:39:02.356 31916 31950 W System.err: java.net.SocketException: Message too long
11-06 15:39:02.356 31916 31950 W System.err: 	at sun.nio.ch.DatagramChannelImpl.send0(Native Method)
11-06 15:39:02.357 31916 31950 W System.err: 	at sun.nio.ch.DatagramChannelImpl.sendFromNativeBuffer(DatagramChannelImpl.java:573)
11-06 15:39:02.357 31916 31950 W System.err: 	at sun.nio.ch.DatagramChannelImpl.send(DatagramChannelImpl.java:550)
11-06 15:39:02.357 31916 31950 W System.err: 	at sun.nio.ch.DatagramChannelImpl.send(DatagramChannelImpl.java:514)
11-06 15:39:02.357 31916 31950 W System.err: 	at symlab.CloudAR.network.TransmissionTask.run(TransmissionTask.java:124)
11-06 15:39:02.357 31916 31950 W System.err: 	at android.os.Handler.handleCallback(Handler.java:907)
11-06 15:39:02.357 31916 31950 W System.err: 	at android.os.Handler.dispatchMessage(Handler.java:105)
11-06 15:39:02.357 31916 31950 W System.err: 	at android.os.Looper.loop(Looper.java:216)
11-06 15:39:02.357 31916 31950 W System.err: 	at android.os.HandlerThread.run(HandlerThread.java:65)
11-06 15:39:02.387 31916 31950 W System.err: java.net.SocketException: Message too long
11-06 15:39:02.387 31916 31950 W System.err: 	at sun.nio.ch.DatagramChannelImpl.send0(Native Method)
11-06 15:39:02.387 31916 31950 W System.err: 	at sun.nio.ch.DatagramChannelImpl.sendFromNativeBuffer(DatagramChannelImpl.java:573)
11-06 15:39:02.387 31916 31950 W System.err: 	at sun.nio.ch.DatagramChannelImpl.send(DatagramChannelImpl.java:550)
11-06 15:39:02.387 31916 31950 W System.err: 	at sun.nio.ch.DatagramChannelImpl.send(DatagramChannelImpl.java:514)
11-06 15:39:02.387 31916 31950 W System.err: 	at symlab.CloudAR.network.TransmissionTask.run(TransmissionTask.java:124)
11-06 15:39:02.387 31916 31950 W System.err: 	at android.os.Handler.handleCallback(Handler.java:907)
11-06 15:39:02.387 31916 31950 W System.err: 	at android.os.Handler.dispatchMessage(Handler.java:105)
11-06 15:39:02.387 31916 31950 W System.err: 	at android.os.Looper.loop(Looper.java:216)
11-06 15:39:02.387 31916 31950 W System.err: 	at android.os.HandlerThread.run(HandlerThread.java:65)
11-06 15:39:02.421 31916 31950 W System.err: java.net.SocketException: Message too long
11-06 15:39:02.421 31916 31950 W System.err: 	at sun.nio.ch.DatagramChannelImpl.send0(Native Method)
11-06 15:39:02.421 31916 31950 W System.err: 	at sun.nio.ch.DatagramChannelImpl.sendFromNativeBuffer(DatagramChannelImpl.java:573)
11-06 15:39:02.421 31916 31950 W System.err: 	at sun.nio.ch.DatagramChannelImpl.send(DatagramChannelImpl.java:550)
11-06 15:39:02.421 31916 31950 W System.err: 	at sun.nio.ch.DatagramChannelImpl.send(DatagramChannelImpl.java:514)
11-06 15:39:02.421 31916 31950 W System.err: 	at symlab.CloudAR.network.TransmissionTask.run(TransmissionTask.java:124)
11-06 15:39:02.421 31916 31950 W System.err: 	at android.os.Handler.handleCallback(Handler.java:907)
11-06 15:39:02.421 31916 31950 W System.err: 	at android.os.Handler.dispatchMessage(Handler.java:105)
11-06 15:39:02.421 31916 31950 W System.err: 	at android.os.Looper.loop(Looper.java:216)
11-06 15:39:02.421 31916 31950 W System.err: 	at android.os.HandlerThread.run(HandlerThread.java:65)
11-06 15:39:02.454 31916 31950 D Evaluation: Frame 1247 sent at 1573047542454
11-06 15:39:02.490 31916 31950 D Evaluation: Frame 1248 sent at 1573047542490
11-06 15:39:02.521 31916 31950 D Evaluation: Frame 1249 sent at 1573047542521
11-06 15:39:02.554 31916 31950 W System.err: java.net.SocketException: Message too long
11-06 15:39:02.554 31916 31950 W System.err: 	at sun.nio.ch.DatagramChannelImpl.send0(Native Method)
11-06 15:39:02.554 31916 31950 W System.err: 	at sun.nio.ch.DatagramChannelImpl.sendFromNativeBuffer(DatagramChannelImpl.java:573)
11-06 15:39:02.554 31916 31950 W System.err: 	at sun.nio.ch.DatagramChannelImpl.send(DatagramChannelImpl.java:550)
11-06 15:39:02.554 31916 31950 W System.err: 	at sun.nio.ch.DatagramChannelImpl.send(DatagramChannelImpl.java:514)
11-06 15:39:02.554 31916 31950 W System.err: 	at symlab.CloudAR.network.TransmissionTask.run(TransmissionTask.java:124)
11-06 15:39:02.554 31916 31950 W System.err: 	at android.os.Handler.handleCallback(Handler.java:907)
11-06 15:39:02.554 31916 31950 W System.err: 	at android.os.Handler.dispatchMessage(Handler.java:105)
11-06 15:39:02.554 31916 31950 W System.err: 	at android.os.Looper.loop(Looper.java:216)
11-06 15:39:02.554 31916 31950 W System.err: 	at android.os.HandlerThread.run(HandlerThread.java:65)
11-06 15:39:02.600 31916 31950 W System.err: java.net.SocketException: Message too long
11-06 15:39:02.600 31916 31950 W System.err: 	at sun.nio.ch.DatagramChannelImpl.send0(Native Method)
11-06 15:39:02.600 31916 31950 W System.err: 	at sun.nio.ch.DatagramChannelImpl.sendFromNativeBuffer(DatagramChannelImpl.java:573)
11-06 15:39:02.600 31916 31950 W System.err: 	at sun.nio.ch.DatagramChannelImpl.send(DatagramChannelImpl.java:550)
11-06 15:39:02.600 31916 31950 W System.err: 	at sun.nio.ch.DatagramChannelImpl.send(DatagramChannelImpl.java:514)
11-06 15:39:02.600 31916 31950 W System.err: 	at symlab.CloudAR.network.TransmissionTask.run(TransmissionTask.java:124)
11-06 15:39:02.600 31916 31950 W System.err: 	at android.os.Handler.handleCallback(Handler.java:907)
11-06 15:39:02.600 31916 31950 W System.err: 	at android.os.Handler.dispatchMessage(Handler.java:105)
11-06 15:39:02.600 31916 31950 W System.err: 	at android.os.Looper.loop(Looper.java:216)
11-06 15:39:02.600 31916 31950 W System.err: 	at android.os.HandlerThread.run(HandlerThread.java:65)
11-06 15:39:02.619 31916 31950 W System.err: java.net.SocketException: Message too long
11-06 15:39:02.619 31916 31950 W System.err: 	at sun.nio.ch.DatagramChannelImpl.send0(Native Method)
11-06 15:39:02.619 31916 31950 W System.err: 	at sun.nio.ch.DatagramChannelImpl.sendFromNativeBuffer(DatagramChannelImpl.java:573)
11-06 15:39:02.619 31916 31950 W System.err: 	at sun.nio.ch.DatagramChannelImpl.send(DatagramChannelImpl.java:550)
11-06 15:39:02.619 31916 31950 W System.err: 	at sun.nio.ch.DatagramChannelImpl.send(DatagramChannelImpl.java:514)
11-06 15:39:02.619 31916 31950 W System.err: 	at symlab.CloudAR.network.TransmissionTask.run(TransmissionTask.java:124)
11-06 15:39:02.619 31916 31950 W System.err: 	at android.os.Handler.handleCallback(Handler.java:907)
11-06 15:39:02.619 31916 31950 W System.err: 	at android.os.Handler.dispatchMessage(Handler.java:105)
11-06 15:39:02.619 31916 31950 W System.err: 	at android.os.Looper.loop(Looper.java:216)
11-06 15:39:02.619 31916 31950 W System.err: 	at android.os.HandlerThread.run(HandlerThread.java:65)
11-06 15:39:02.654 31916 31950 D Evaluation: Frame 1253 sent at 1573047542654
11-06 15:39:02.692 31916 31950 D Evaluation: Frame 1254 sent at 1573047542692
11-06 15:39:02.721 31916 31950 D Evaluation: Frame 1255 sent at 1573047542721
11-06 15:39:02.758 31916 31950 D Evaluation: Frame 1256 sent at 1573047542758
11-06 15:39:02.792 31916 31950 D Evaluation: Frame 1257 sent at 1573047542792
11-06 15:39:02.833 31916 31950 W System.err: java.net.SocketException: Message too long
11-06 15:39:02.833 31916 31950 W System.err: 	at sun.nio.ch.DatagramChannelImpl.send0(Native Method)
11-06 15:39:02.833 31916 31950 W System.err: 	at sun.nio.ch.DatagramChannelImpl.sendFromNativeBuffer(DatagramChannelImpl.java:573)
11-06 15:39:02.833 31916 31950 W System.err: 	at sun.nio.ch.DatagramChannelImpl.send(DatagramChannelImpl.java:550)
11-06 15:39:02.833 31916 31950 W System.err: 	at sun.nio.ch.DatagramChannelImpl.send(DatagramChannelImpl.java:514)
11-06 15:39:02.833 31916 31950 W System.err: 	at symlab.CloudAR.network.TransmissionTask.run(TransmissionTask.java:124)
11-06 15:39:02.833 31916 31950 W System.err: 	at android.os.Handler.handleCallback(Handler.java:907)
11-06 15:39:02.833 31916 31950 W System.err: 	at android.os.Handler.dispatchMessage(Handler.java:105)
11-06 15:39:02.833 31916 31950 W System.err: 	at android.os.Looper.loop(Looper.java:216)
11-06 15:39:02.833 31916 31950 W System.err: 	at android.os.HandlerThread.run(HandlerThread.java:65)
11-06 15:39:02.861 31916 31950 D Evaluation: Frame 1259 sent at 1573047542861
11-06 15:39:02.898 31916 31950 D Evaluation: Frame 1260 sent at 1573047542898
11-06 15:39:02.926 31916 31950 D Evaluation: Frame 1261 sent at 1573047542926
11-06 15:39:02.967 31916 31950 D Evaluation: Frame 1262 sent at 1573047542967
11-06 15:39:02.998 31916 31950 D Evaluation: Frame 1263 sent at 1573047542998
11-06 15:39:03.023 31916 31950 D Evaluation: Frame 1264 sent at 1573047543023
11-06 15:39:03.066 31916 31950 D Evaluation: Frame 1265 sent at 1573047543066
11-06 15:39:03.092 31916 31950 D Evaluation: Frame 1266 sent at 1573047543092
11-06 15:39:03.149 31916 31950 D Evaluation: Frame 1268 sent at 1573047543149
11-06 15:39:03.169 31916 31950 W System.err: java.net.SocketException: Message too long
11-06 15:39:03.169 31916 31950 W System.err: 	at sun.nio.ch.DatagramChannelImpl.send0(Native Method)
11-06 15:39:03.169 31916 31950 W System.err: 	at sun.nio.ch.DatagramChannelImpl.sendFromNativeBuffer(DatagramChannelImpl.java:573)
11-06 15:39:03.169 31916 31950 W System.err: 	at sun.nio.ch.DatagramChannelImpl.send(DatagramChannelImpl.java:550)
11-06 15:39:03.169 31916 31950 W System.err: 	at sun.nio.ch.DatagramChannelImpl.send(DatagramChannelImpl.java:514)
11-06 15:39:03.169 31916 31950 W System.err: 	at symlab.CloudAR.network.TransmissionTask.run(TransmissionTask.java:124)
11-06 15:39:03.169 31916 31950 W System.err: 	at android.os.Handler.handleCallback(Handler.java:907)
11-06 15:39:03.169 31916 31950 W System.err: 	at android.os.Handler.dispatchMessage(Handler.java:105)
11-06 15:39:03.169 31916 31950 W System.err: 	at android.os.Looper.loop(Looper.java:216)
11-06 15:39:03.169 31916 31950 W System.err: 	at android.os.HandlerThread.run(HandlerThread.java:65)
11-06 15:39:03.187 31916 31950 W System.err: java.net.SocketException: Message too long
11-06 15:39:03.187 31916 31950 W System.err: 	at sun.nio.ch.DatagramChannelImpl.send0(Native Method)
11-06 15:39:03.187 31916 31950 W System.err: 	at sun.nio.ch.DatagramChannelImpl.sendFromNativeBuffer(DatagramChannelImpl.java:573)
11-06 15:39:03.187 31916 31950 W System.err: 	at sun.nio.ch.DatagramChannelImpl.send(DatagramChannelImpl.java:550)
11-06 15:39:03.187 31916 31950 W System.err: 	at sun.nio.ch.DatagramChannelImpl.send(DatagramChannelImpl.java:514)
11-06 15:39:03.187 31916 31950 W System.err: 	at symlab.CloudAR.network.TransmissionTask.run(TransmissionTask.java:124)
11-06 15:39:03.187 31916 31950 W System.err: 	at android.os.Handler.handleCallback(Handler.java:907)
11-06 15:39:03.187 31916 31950 W System.err: 	at android.os.Handler.dispatchMessage(Handler.java:105)
11-06 15:39:03.187 31916 31950 W System.err: 	at android.os.Looper.loop(Looper.java:216)
11-06 15:39:03.187 31916 31950 W System.err: 	at android.os.HandlerThread.run(HandlerThread.java:65)
11-06 15:39:03.223 31916 31950 W System.err: java.net.SocketException: Message too long
11-06 15:39:03.223 31916 31950 W System.err: 	at sun.nio.ch.DatagramChannelImpl.send0(Native Method)
11-06 15:39:03.223 31916 31950 W System.err: 	at sun.nio.ch.DatagramChannelImpl.sendFromNativeBuffer(DatagramChannelImpl.java:573)
11-06 15:39:03.223 31916 31950 W System.err: 	at sun.nio.ch.DatagramChannelImpl.send(DatagramChannelImpl.java:550)
11-06 15:39:03.223 31916 31950 W System.err: 	at sun.nio.ch.DatagramChannelImpl.send(DatagramChannelImpl.java:514)
11-06 15:39:03.223 31916 31950 W System.err: 	at symlab.CloudAR.network.TransmissionTask.run(TransmissionTask.java:124)
11-06 15:39:03.223 31916 31950 W System.err: 	at android.os.Handler.handleCallback(Handler.java:907)
11-06 15:39:03.223 31916 31950 W System.err: 	at android.os.Handler.dispatchMessage(Handler.java:105)
11-06 15:39:03.223 31916 31950 W System.err: 	at android.os.Looper.loop(Looper.java:216)
11-06 15:39:03.223 31916 31950 W System.err: 	at android.os.HandlerThread.run(HandlerThread.java:65)
11-06 15:39:03.258 31916 31950 W System.err: java.net.SocketException: Message too long
11-06 15:39:03.258 31916 31950 W System.err: 	at sun.nio.ch.DatagramChannelImpl.send0(Native Method)
11-06 15:39:03.258 31916 31950 W System.err: 	at sun.nio.ch.DatagramChannelImpl.sendFromNativeBuffer(DatagramChannelImpl.java:573)
11-06 15:39:03.258 31916 31950 W System.err: 	at sun.nio.ch.DatagramChannelImpl.send(DatagramChannelImpl.java:550)
11-06 15:39:03.258 31916 31950 W System.err: 	at sun.nio.ch.DatagramChannelImpl.send(DatagramChannelImpl.java:514)
11-06 15:39:03.258 31916 31950 W System.err: 	at symlab.CloudAR.network.TransmissionTask.run(TransmissionTask.java:124)
11-06 15:39:03.258 31916 31950 W System.err: 	at android.os.Handler.handleCallback(Handler.java:907)
11-06 15:39:03.258 31916 31950 W System.err: 	at android.os.Handler.dispatchMessage(Handler.java:105)
11-06 15:39:03.258 31916 31950 W System.err: 	at android.os.Looper.loop(Looper.java:216)
11-06 15:39:03.258 31916 31950 W System.err: 	at android.os.HandlerThread.run(HandlerThread.java:65)
11-06 15:39:03.293 31916 31927 E         : [ZeroHung]zrhung_get_config: Get config failed for wp[0x0008]
11-06 15:39:03.293 31916 31950 W System.err: java.net.SocketException: Message too long
11-06 15:39:03.293 31916 31950 W System.err: 	at sun.nio.ch.DatagramChannelImpl.send0(Native Method)
11-06 15:39:03.293 31916 31950 W System.err: 	at sun.nio.ch.DatagramChannelImpl.sendFromNativeBuffer(DatagramChannelImpl.java:573)
11-06 15:39:03.293 31916 31950 W System.err: 	at sun.nio.ch.DatagramChannelImpl.send(DatagramChannelImpl.java:550)
11-06 15:39:03.293 31916 31950 W System.err: 	at sun.nio.ch.DatagramChannelImpl.send(DatagramChannelImpl.java:514)
11-06 15:39:03.293 31916 31950 W System.err: 	at symlab.CloudAR.network.TransmissionTask.run(TransmissionTask.java:124)
11-06 15:39:03.293 31916 31950 W System.err: 	at android.os.Handler.handleCallback(Handler.java:907)
11-06 15:39:03.293 31916 31950 W System.err: 	at android.os.Handler.dispatchMessage(Handler.java:105)
11-06 15:39:03.293 31916 31950 W System.err: 	at android.os.Looper.loop(Looper.java:216)
11-06 15:39:03.293 31916 31950 W System.err: 	at android.os.HandlerThread.run(HandlerThread.java:65)
11-06 15:39:03.331 31916 31950 W System.err: java.net.SocketException: Message too long
11-06 15:39:03.331 31916 31950 W System.err: 	at sun.nio.ch.DatagramChannelImpl.send0(Native Method)
11-06 15:39:03.331 31916 31950 W System.err: 	at sun.nio.ch.DatagramChannelImpl.sendFromNativeBuffer(DatagramChannelImpl.java:573)
11-06 15:39:03.331 31916 31950 W System.err: 	at sun.nio.ch.DatagramChannelImpl.send(DatagramChannelImpl.java:550)
11-06 15:39:03.331 31916 31950 W System.err: 	at sun.nio.ch.DatagramChannelImpl.send(DatagramChannelImpl.java:514)
11-06 15:39:03.331 31916 31950 W System.err: 	at symlab.CloudAR.network.TransmissionTask.run(TransmissionTask.java:124)
11-06 15:39:03.331 31916 31950 W System.err: 	at android.os.Handler.handleCallback(Handler.java:907)
11-06 15:39:03.331 31916 31950 W System.err: 	at android.os.Handler.dispatchMessage(Handler.java:105)
11-06 15:39:03.331 31916 31950 W System.err: 	at android.os.Looper.loop(Looper.java:216)
11-06 15:39:03.331 31916 31950 W System.err: 	at android.os.HandlerThread.run(HandlerThread.java:65)
11-06 15:39:03.363 31916 31950 D Evaluation: Frame 1274 sent at 1573047543363
11-06 15:39:03.393 31916 31950 W System.err: java.net.SocketException: Message too long
11-06 15:39:03.393 31916 31950 W System.err: 	at sun.nio.ch.DatagramChannelImpl.send0(Native Method)
11-06 15:39:03.393 31916 31950 W System.err: 	at sun.nio.ch.DatagramChannelImpl.sendFromNativeBuffer(DatagramChannelImpl.java:573)
11-06 15:39:03.394 31916 31950 W System.err: 	at sun.nio.ch.DatagramChannelImpl.send(DatagramChannelImpl.java:550)
11-06 15:39:03.394 31916 31950 W System.err: 	at sun.nio.ch.DatagramChannelImpl.send(DatagramChannelImpl.java:514)
11-06 15:39:03.394 31916 31950 W System.err: 	at symlab.CloudAR.network.TransmissionTask.run(TransmissionTask.java:124)
11-06 15:39:03.394 31916 31950 W System.err: 	at android.os.Handler.handleCallback(Handler.java:907)
11-06 15:39:03.394 31916 31950 W System.err: 	at android.os.Handler.dispatchMessage(Handler.java:105)
11-06 15:39:03.394 31916 31950 W System.err: 	at android.os.Looper.loop(Looper.java:216)
11-06 15:39:03.394 31916 31950 W System.err: 	at android.os.HandlerThread.run(HandlerThread.java:65)
11-06 15:39:03.441 31916 31950 W System.err: java.net.SocketException: Message too long
11-06 15:39:03.441 31916 31950 W System.err: 	at sun.nio.ch.DatagramChannelImpl.send0(Native Method)
11-06 15:39:03.442 31916 31950 W System.err: 	at sun.nio.ch.DatagramChannelImpl.sendFromNativeBuffer(DatagramChannelImpl.java:573)
11-06 15:39:03.442 31916 31950 W System.err: 	at sun.nio.ch.DatagramChannelImpl.send(DatagramChannelImpl.java:550)
11-06 15:39:03.442 31916 31950 W System.err: 	at sun.nio.ch.DatagramChannelImpl.send(DatagramChannelImpl.java:514)
11-06 15:39:03.442 31916 31950 W System.err: 	at symlab.CloudAR.network.TransmissionTask.run(TransmissionTask.java:124)
11-06 15:39:03.442 31916 31950 W System.err: 	at android.os.Handler.handleCallback(Handler.java:907)
11-06 15:39:03.442 31916 31950 W System.err: 	at android.os.Handler.dispatchMessage(Handler.java:105)
11-06 15:39:03.442 31916 31950 W System.err: 	at android.os.Looper.loop(Looper.java:216)
11-06 15:39:03.442 31916 31950 W System.err: 	at android.os.HandlerThread.run(HandlerThread.java:65)
11-06 15:39:03.468 31916 31950 W System.err: java.net.SocketException: Message too long
11-06 15:39:03.468 31916 31950 W System.err: 	at sun.nio.ch.DatagramChannelImpl.send0(Native Method)
11-06 15:39:03.468 31916 31950 W System.err: 	at sun.nio.ch.DatagramChannelImpl.sendFromNativeBuffer(DatagramChannelImpl.java:573)
