11-06 15:38:36.812 31916 31950 W System.err: 	at android.os.Handler.handleCallback(Handler.java:907)
11-06 15:38:36.813 31916 31950 W System.err: 	at android.os.Handler.dispatchMessage(Handler.java:105)
11-06 15:38:36.813 31916 31950 W System.err: 	at android.os.Looper.loop(Looper.java:216)
11-06 15:38:36.813 31916 31950 W System.err: 	at android.os.HandlerThread.run(HandlerThread.java:65)
11-06 15:38:36.846 31916 31950 D Evaluation: Frame 516 sent at 1573047516846
11-06 15:38:36.880 31916 31950 D Evaluation: Frame 517 sent at 1573047516880
11-06 15:38:36.911 31916 31950 D Evaluation: Frame 518 sent at 1573047516911
11-06 15:38:36.950 31916 31950 D Evaluation: Frame 519 sent at 1573047516950
11-06 15:38:36.982 31916 31950 D Evaluation: Frame 520 sent at 1573047516982
11-06 15:38:37.015 31916 31950 D Evaluation: Frame 521 sent at 1573047517015
11-06 15:38:37.040 31916 31950 D Evaluation: Frame 522 sent at 1573047517040
11-06 15:38:37.071 31916 31950 W System.err: java.net.SocketException: Message too long
11-06 15:38:37.071 31916 31950 W System.err: 	at sun.nio.ch.DatagramChannelImpl.send0(Native Method)
11-06 15:38:37.071 31916 31950 W System.err: 	at sun.nio.ch.DatagramChannelImpl.sendFromNativeBuffer(DatagramChannelImpl.java:573)
11-06 15:38:37.072 31916 31950 W System.err: 	at sun.nio.ch.DatagramChannelImpl.send(DatagramChannelImpl.java:550)
11-06 15:38:37.072 31916 31950 W System.err: 	at sun.nio.ch.DatagramChannelImpl.send(DatagramChannelImpl.java:514)
11-06 15:38:37.072 31916 31950 W System.err: 	at symlab.CloudAR.network.TransmissionTask.run(TransmissionTask.java:124)
11-06 15:38:37.072 31916 31950 W System.err: 	at android.os.Handler.handleCallback(Handler.java:907)
11-06 15:38:37.072 31916 31950 W System.err: 	at android.os.Handler.dispatchMessage(Handler.java:105)
11-06 15:38:37.072 31916 31950 W System.err: 	at android.os.Looper.loop(Looper.java:216)
11-06 15:38:37.072 31916 31950 W System.err: 	at android.os.HandlerThread.run(HandlerThread.java:65)
11-06 15:38:37.104 31916 31950 W System.err: java.net.SocketException: Message too long
11-06 15:38:37.104 31916 31950 W System.err: 	at sun.nio.ch.DatagramChannelImpl.send0(Native Method)
11-06 15:38:37.104 31916 31950 W System.err: 	at sun.nio.ch.DatagramChannelImpl.sendFromNativeBuffer(DatagramChannelImpl.java:573)
11-06 15:38:37.104 31916 31950 W System.err: 	at sun.nio.ch.DatagramChannelImpl.send(DatagramChannelImpl.java:550)
11-06 15:38:37.104 31916 31950 W System.err: 	at sun.nio.ch.DatagramChannelImpl.send(DatagramChannelImpl.java:514)
11-06 15:38:37.104 31916 31950 W System.err: 	at symlab.CloudAR.network.TransmissionTask.run(TransmissionTask.java:124)
11-06 15:38:37.104 31916 31950 W System.err: 	at android.os.Handler.handleCallback(Handler.java:907)
11-06 15:38:37.104 31916 31950 W System.err: 	at android.os.Handler.dispatchMessage(Handler.java:105)
11-06 15:38:37.104 31916 31950 W System.err: 	at android.os.Looper.loop(Looper.java:216)
11-06 15:38:37.104 31916 31950 W System.err: 	at android.os.HandlerThread.run(HandlerThread.java:65)
11-06 15:38:37.143 31916 31950 W System.err: java.net.SocketException: Message too long
11-06 15:38:37.143 31916 31950 W System.err: 	at sun.nio.ch.DatagramChannelImpl.send0(Native Method)
11-06 15:38:37.143 31916 31950 W System.err: 	at sun.nio.ch.DatagramChannelImpl.sendFromNativeBuffer(DatagramChannelImpl.java:573)
11-06 15:38:37.143 31916 31950 W System.err: 	at sun.nio.ch.DatagramChannelImpl.send(DatagramChannelImpl.java:550)
11-06 15:38:37.143 31916 31950 W System.err: 	at sun.nio.ch.DatagramChannelImpl.send(DatagramChannelImpl.java:514)
11-06 15:38:37.143 31916 31950 W System.err: 	at symlab.CloudAR.network.TransmissionTask.run(TransmissionTask.java:124)
11-06 15:38:37.143 31916 31950 W System.err: 	at android.os.Handler.handleCallback(Handler.java:907)
11-06 15:38:37.143 31916 31950 W System.err: 	at android.os.Handler.dispatchMessage(Handler.java:105)
11-06 15:38:37.143 31916 31950 W System.err: 	at android.os.Looper.loop(Looper.java:216)
11-06 15:38:37.143 31916 31950 W System.err: 	at android.os.HandlerThread.run(HandlerThread.java:65)
11-06 15:38:37.176 31916 31950 D Evaluation: Frame 526 sent at 1573047517176
11-06 15:38:37.211 31916 31950 D Evaluation: Frame 527 sent at 1573047517211
11-06 15:38:37.238 31916 31950 D Evaluation: Frame 528 sent at 1573047517238
11-06 15:38:37.259 31916 31916 D Poster  : At 1573047517259 location is 65.05789504114938 (latitude), and 25.469829957775666 (longitude)
11-06 15:38:37.262 31916 31916 D Poster  : Connected to mobile network 20
11-06 15:38:37.266 31916 31950 D Evaluation: Frame 529 sent at 1573047517266
11-06 15:38:37.299 31916 31950 D Evaluation: Frame 530 sent at 1573047517299
11-06 15:38:37.335 31916 31950 D Evaluation: Frame 531 sent at 1573047517335
11-06 15:38:37.366 31916 31950 D Evaluation: Frame 532 sent at 1573047517366
11-06 15:38:37.394 31916 31950 D Evaluation: Frame 533 sent at 1573047517394
11-06 15:38:37.448 31916 31950 D Evaluation: Frame 534 sent at 1573047517448
11-06 15:38:37.475 31916 31950 D Evaluation: Frame 535 sent at 1573047517475
11-06 15:38:37.509 31916 31927 E         : [ZeroHung]zrhung_get_config: Get config failed for wp[0x0008]
11-06 15:38:37.509 31916 31950 D Evaluation: Frame 536 sent at 1573047517509
11-06 15:38:37.556 31916 31950 D Evaluation: Frame 537 sent at 1573047517556
11-06 15:38:37.584 31916 31950 D Evaluation: Frame 538 sent at 1573047517584
11-06 15:38:37.611 31916 31950 D Evaluation: Frame 539 sent at 1573047517611
11-06 15:38:37.642 31916 31950 D Evaluation: Frame 540 sent at 1573047517642
11-06 15:38:37.682 31916 31950 D Evaluation: Frame 541 sent at 1573047517682
11-06 15:38:37.721 31916 31950 W System.err: java.net.SocketException: Message too long
11-06 15:38:37.721 31916 31950 W System.err: 	at sun.nio.ch.DatagramChannelImpl.send0(Native Method)
11-06 15:38:37.721 31916 31950 W System.err: 	at sun.nio.ch.DatagramChannelImpl.sendFromNativeBuffer(DatagramChannelImpl.java:573)
11-06 15:38:37.721 31916 31950 W System.err: 	at sun.nio.ch.DatagramChannelImpl.send(DatagramChannelImpl.java:550)
11-06 15:38:37.721 31916 31950 W System.err: 	at sun.nio.ch.DatagramChannelImpl.send(DatagramChannelImpl.java:514)
11-06 15:38:37.721 31916 31950 W System.err: 	at symlab.CloudAR.network.TransmissionTask.run(TransmissionTask.java:124)
11-06 15:38:37.721 31916 31950 W System.err: 	at android.os.Handler.handleCallback(Handler.java:907)
11-06 15:38:37.721 31916 31950 W System.err: 	at android.os.Handler.dispatchMessage(Handler.java:105)
11-06 15:38:37.721 31916 31950 W System.err: 	at android.os.Looper.loop(Looper.java:216)
11-06 15:38:37.721 31916 31950 W System.err: 	at android.os.HandlerThread.run(HandlerThread.java:65)
11-06 15:38:37.741 31916 31950 W System.err: java.net.SocketException: Message too long
11-06 15:38:37.741 31916 31950 W System.err: 	at sun.nio.ch.DatagramChannelImpl.send0(Native Method)
11-06 15:38:37.741 31916 31950 W System.err: 	at sun.nio.ch.DatagramChannelImpl.sendFromNativeBuffer(DatagramChannelImpl.java:573)
11-06 15:38:37.741 31916 31950 W System.err: 	at sun.nio.ch.DatagramChannelImpl.send(DatagramChannelImpl.java:550)
11-06 15:38:37.741 31916 31950 W System.err: 	at sun.nio.ch.DatagramChannelImpl.send(DatagramChannelImpl.java:514)
11-06 15:38:37.741 31916 31950 W System.err: 	at symlab.CloudAR.network.TransmissionTask.run(TransmissionTask.java:124)
11-06 15:38:37.741 31916 31950 W System.err: 	at android.os.Handler.handleCallback(Handler.java:907)
11-06 15:38:37.741 31916 31950 W System.err: 	at android.os.Handler.dispatchMessage(Handler.java:105)
11-06 15:38:37.741 31916 31950 W System.err: 	at android.os.Looper.loop(Looper.java:216)
11-06 15:38:37.741 31916 31950 W System.err: 	at android.os.HandlerThread.run(HandlerThread.java:65)
11-06 15:38:37.783 31916 31950 W System.err: java.net.SocketException: Message too long
11-06 15:38:37.783 31916 31950 W System.err: 	at sun.nio.ch.DatagramChannelImpl.send0(Native Method)
11-06 15:38:37.783 31916 31950 W System.err: 	at sun.nio.ch.DatagramChannelImpl.sendFromNativeBuffer(DatagramChannelImpl.java:573)
11-06 15:38:37.784 31916 31950 W System.err: 	at sun.nio.ch.DatagramChannelImpl.send(DatagramChannelImpl.java:550)
11-06 15:38:37.784 31916 31950 W System.err: 	at sun.nio.ch.DatagramChannelImpl.send(DatagramChannelImpl.java:514)
11-06 15:38:37.784 31916 31950 W System.err: 	at symlab.CloudAR.network.TransmissionTask.run(TransmissionTask.java:124)
11-06 15:38:37.784 31916 31950 W System.err: 	at android.os.Handler.handleCallback(Handler.java:907)
11-06 15:38:37.784 31916 31950 W System.err: 	at android.os.Handler.dispatchMessage(Handler.java:105)
11-06 15:38:37.784 31916 31950 W System.err: 	at android.os.Looper.loop(Looper.java:216)
11-06 15:38:37.784 31916 31950 W System.err: 	at android.os.HandlerThread.run(HandlerThread.java:65)
11-06 15:38:37.847 31916 31950 W System.err: java.net.SocketException: Message too long
11-06 15:38:37.847 31916 31950 W System.err: 	at sun.nio.ch.DatagramChannelImpl.send0(Native Method)
11-06 15:38:37.847 31916 31950 W System.err: 	at sun.nio.ch.DatagramChannelImpl.sendFromNativeBuffer(DatagramChannelImpl.java:573)
11-06 15:38:37.847 31916 31950 W System.err: 	at sun.nio.ch.DatagramChannelImpl.send(DatagramChannelImpl.java:550)
11-06 15:38:37.847 31916 31950 W System.err: 	at sun.nio.ch.DatagramChannelImpl.send(DatagramChannelImpl.java:514)
11-06 15:38:37.847 31916 31950 W System.err: 	at symlab.CloudAR.network.TransmissionTask.run(TransmissionTask.java:124)
11-06 15:38:37.847 31916 31950 W System.err: 	at android.os.Handler.handleCallback(Handler.java:907)
11-06 15:38:37.848 31916 31950 W System.err: 	at android.os.Handler.dispatchMessage(Handler.java:105)
11-06 15:38:37.848 31916 31950 W System.err: 	at android.os.Looper.loop(Looper.java:216)
11-06 15:38:37.848 31916 31950 W System.err: 	at android.os.HandlerThread.run(HandlerThread.java:65)
11-06 15:38:37.894 31916 31950 W System.err: java.net.SocketException: Message too long
11-06 15:38:37.894 31916 31950 W System.err: 	at sun.nio.ch.DatagramChannelImpl.send0(Native Method)
11-06 15:38:37.894 31916 31950 W System.err: 	at sun.nio.ch.DatagramChannelImpl.sendFromNativeBuffer(DatagramChannelImpl.java:573)
11-06 15:38:37.894 31916 31950 W System.err: 	at sun.nio.ch.DatagramChannelImpl.send(DatagramChannelImpl.java:550)
11-06 15:38:37.894 31916 31950 W System.err: 	at sun.nio.ch.DatagramChannelImpl.send(DatagramChannelImpl.java:514)
11-06 15:38:37.895 31916 31950 W System.err: 	at symlab.CloudAR.network.TransmissionTask.run(TransmissionTask.java:124)
11-06 15:38:37.895 31916 31950 W System.err: 	at android.os.Handler.handleCallback(Handler.java:907)
11-06 15:38:37.895 31916 31950 W System.err: 	at android.os.Handler.dispatchMessage(Handler.java:105)
11-06 15:38:37.895 31916 31950 W System.err: 	at android.os.Looper.loop(Looper.java:216)
11-06 15:38:37.895 31916 31950 W System.err: 	at android.os.HandlerThread.run(HandlerThread.java:65)
11-06 15:38:37.928 31916 31950 W System.err: java.net.SocketException: Message too long
11-06 15:38:37.929 31916 31950 W System.err: 	at sun.nio.ch.DatagramChannelImpl.send0(Native Method)
11-06 15:38:37.929 31916 31950 W System.err: 	at sun.nio.ch.DatagramChannelImpl.sendFromNativeBuffer(DatagramChannelImpl.java:573)
11-06 15:38:37.929 31916 31950 W System.err: 	at sun.nio.ch.DatagramChannelImpl.send(DatagramChannelImpl.java:550)
11-06 15:38:37.929 31916 31950 W System.err: 	at sun.nio.ch.DatagramChannelImpl.send(DatagramChannelImpl.java:514)
11-06 15:38:37.929 31916 31950 W System.err: 	at symlab.CloudAR.network.TransmissionTask.run(TransmissionTask.java:124)
11-06 15:38:37.929 31916 31950 W System.err: 	at android.os.Handler.handleCallback(Handler.java:907)
11-06 15:38:37.929 31916 31950 W System.err: 	at android.os.Handler.dispatchMessage(Handler.java:105)
11-06 15:38:37.929 31916 31950 W System.err: 	at android.os.Looper.loop(Looper.java:216)
11-06 15:38:37.929 31916 31950 W System.err: 	at android.os.HandlerThread.run(HandlerThread.java:65)
11-06 15:38:37.951 31916 31950 D Evaluation: Frame 548 sent at 1573047517951
11-06 15:38:37.988 31916 31950 D Evaluation: Frame 549 sent at 1573047517988
11-06 15:38:38.013 31916 31950 D Evaluation: Frame 550 sent at 1573047518013
11-06 15:38:38.057 31916 31950 D Evaluation: Frame 551 sent at 1573047518057
11-06 15:38:38.083 31916 31950 D Evaluation: Frame 552 sent at 1573047518083
11-06 15:38:38.124 31916 31950 D Evaluation: Frame 553 sent at 1573047518124
11-06 15:38:38.154 31916 31950 D Evaluation: Frame 554 sent at 1573047518154
11-06 15:38:38.196 31916 31950 D Evaluation: Frame 556 sent at 1573047518196
11-06 15:38:38.223 31916 31950 D Evaluation: Frame 556 sent at 1573047518223
11-06 15:38:38.253 31916 31916 D Poster  : At 1573047518253 location is 65.05789504114938 (latitude), and 25.469829957775666 (longitude)
11-06 15:38:38.254 31916 31950 D Evaluation: Frame 557 sent at 1573047518254
11-06 15:38:38.256 31916 31916 D Poster  : Connected to mobile network 20
11-06 15:38:38.293 31916 31950 D Evaluation: Frame 558 sent at 1573047518293
11-06 15:38:38.324 31916 31950 D Evaluation: Frame 559 sent at 1573047518324
11-06 15:38:38.363 31916 31950 D Evaluation: Frame 560 sent at 1573047518363
11-06 15:38:38.379 31916 31950 D Evaluation: Frame 561 sent at 1573047518379
11-06 15:38:38.412 31916 31950 D Evaluation: Frame 562 sent at 1573047518412
11-06 15:38:38.456 31916 31950 D Evaluation: Frame 563 sent at 1573047518456
11-06 15:38:38.480 31916 31950 D Evaluation: Frame 564 sent at 1573047518480
11-06 15:38:38.526 31916 31950 D Evaluation: Frame 565 sent at 1573047518526
11-06 15:38:38.554 31916 31950 D Evaluation: Frame 566 sent at 1573047518554
11-06 15:38:38.598 31916 31950 D Evaluation: Frame 567 sent at 1573047518598
11-06 15:38:38.629 31916 31950 D Evaluation: Frame 568 sent at 1573047518629
11-06 15:38:38.657 31916 31950 D Evaluation: Frame 569 sent at 1573047518656
11-06 15:38:38.686 31916 31950 D Evaluation: Frame 570 sent at 1573047518686
11-06 15:38:38.718 31916 31950 D Evaluation: Frame 571 sent at 1573047518718
11-06 15:38:38.743 31916 31927 E         : [ZeroHung]zrhung_get_config: Get config failed for wp[0x0008]
11-06 15:38:38.744 31916 31950 D Evaluation: Frame 572 sent at 1573047518744
11-06 15:38:38.798 31916 31950 D Evaluation: Frame 573 sent at 1573047518798
11-06 15:38:38.830 31916 31950 D Evaluation: Frame 574 sent at 1573047518830
11-06 15:38:38.865 31916 31950 D Evaluation: Frame 575 sent at 1573047518865
11-06 15:38:38.891 31916 31950 D Evaluation: Frame 576 sent at 1573047518891
11-06 15:38:38.925 31916 31950 D Evaluation: Frame 577 sent at 1573047518925
11-06 15:38:38.956 31916 31950 D Evaluation: Frame 578 sent at 1573047518956
11-06 15:38:38.989 31916 31950 D Evaluation: Frame 579 sent at 1573047518989
11-06 15:38:39.032 31916 31950 D Evaluation: Frame 580 sent at 1573047519032
11-06 15:38:39.058 31916 31950 D Evaluation: Frame 581 sent at 1573047519058
11-06 15:38:39.101 31916 31950 D Evaluation: Frame 583 sent at 1573047519101
11-06 15:38:39.124 31916 31950 D Evaluation: Frame 583 sent at 1573047519124
11-06 15:38:39.208 31916 31950 D Evaluation: Frame 585 sent at 1573047519208
11-06 15:38:39.229 31916 31950 D Evaluation: Frame 585 sent at 1573047519229
11-06 15:38:39.264 31916 31916 D Poster  : At 1573047519263 location is 65.05789504114938 (latitude), and 25.469829957775666 (longitude)
11-06 15:38:39.266 31916 31916 D Poster  : Connected to mobile network 20
11-06 15:38:39.271 31916 31950 D Evaluation: Frame 586 sent at 1573047519271
11-06 15:38:39.294 31916 31950 D Evaluation: Frame 587 sent at 1573047519294
11-06 15:38:39.321 31916 31950 D Evaluation: Frame 588 sent at 1573047519321
11-06 15:38:39.361 31916 31950 D Evaluation: Frame 589 sent at 1573047519361
11-06 15:38:39.382 31916 31950 D Evaluation: Frame 590 sent at 1573047519382
11-06 15:38:39.416 31916 31950 D Evaluation: Frame 591 sent at 1573047519416
11-06 15:38:39.457 31916 31950 D Evaluation: Frame 592 sent at 1573047519457
11-06 15:38:39.488 31916 31950 D Evaluation: Frame 593 sent at 1573047519488
11-06 15:38:39.574 31916 31950 D Evaluation: Frame 594 sent at 1573047519574
11-06 15:38:39.597 31916 31950 D Evaluation: Frame 595 sent at 1573047519597
11-06 15:38:39.668 31916 31950 D Evaluation: Frame 596 sent at 1573047519668
11-06 15:38:39.701 31916 31950 D Evaluation: Frame 597 sent at 1573047519701
11-06 15:38:39.726 31916 31950 D Evaluation: Frame 598 sent at 1573047519726
11-06 15:38:39.757 31916 31950 D Evaluation: Frame 599 sent at 1573047519757
11-06 15:38:39.791 31916 31950 D Evaluation: Frame 600 sent at 1573047519791
11-06 15:38:39.844 31916 31950 D Evaluation: Frame 601 sent at 1573047519844
11-06 15:38:39.875 31916 31950 D Evaluation: Frame 602 sent at 1573047519875
11-06 15:38:39.898 31916 31950 D Evaluation: Frame 603 sent at 1573047519898
11-06 15:38:39.934 31916 31950 D Evaluation: Frame 604 sent at 1573047519934
11-06 15:38:39.969 31916 31950 D Evaluation: Frame 605 sent at 1573047519969
11-06 15:38:39.992 31916 31950 D Evaluation: Frame 606 sent at 1573047519992
11-06 15:38:40.035 31916 31950 D Evaluation: Frame 607 sent at 1573047520035
11-06 15:38:40.073 31916 31950 D Evaluation: Frame 609 sent at 1573047520073
11-06 15:38:40.097 31916 31950 D Evaluation: Frame 609 sent at 1573047520097
11-06 15:38:40.132 31916 31950 D Evaluation: Frame 610 sent at 1573047520132
11-06 15:38:40.161 31916 31950 D Evaluation: Frame 611 sent at 1573047520161
11-06 15:38:40.205 31916 31927 E         : [ZeroHung]zrhung_get_config: Get config failed for wp[0x0008]
11-06 15:38:40.206 31916 31950 D Evaluation: Frame 612 sent at 1573047520206
11-06 15:38:40.242 31916 31950 D Evaluation: Frame 613 sent at 1573047520242
11-06 15:38:40.266 31916 31950 D Evaluation: Frame 614 sent at 1573047520266
11-06 15:38:40.269 31916 31916 D Poster  : At 1573047520269 location is 65.05789504114938 (latitude), and 25.469829957775666 (longitude)
11-06 15:38:40.272 31916 31916 D Poster  : Connected to mobile network 20
11-06 15:38:40.298 31916 31950 D Evaluation: Frame 615 sent at 1573047520298
11-06 15:38:40.310 31916 31916 W HiTouch_PressGestureDetector: Touch pointer move a lot. The moving distance of X is:17.1969, limit is:60The moving distance of Y is:68.50457, limit is:60
11-06 15:38:40.322 31916 31950 D Evaluation: Frame 616 sent at 1573047520322
11-06 15:38:40.370 31916 31950 D Evaluation: Frame 617 sent at 1573047520370
11-06 15:38:40.405 31916 31950 D Evaluation: Frame 618 sent at 1573047520405
11-06 15:38:40.428 31916 31950 D Evaluation: Frame 619 sent at 1573047520428
11-06 15:38:40.464 31916 31950 D Evaluation: Frame 620 sent at 1573047520464
11-06 15:38:40.487 31916 31950 D Evaluation: Frame 621 sent at 1573047520487
11-06 15:38:40.522 31916 31950 D Evaluation: Frame 622 sent at 1573047520522
11-06 15:38:40.554 31916 31950 D Evaluation: Frame 623 sent at 1573047520554
11-06 15:38:40.591 31916 31950 D Evaluation: Frame 624 sent at 1573047520591
11-06 15:38:40.626 31916 31950 D Evaluation: Frame 625 sent at 1573047520626
11-06 15:38:40.653 31916 31950 D Evaluation: Frame 626 sent at 1573047520653
11-06 15:38:40.697 31916 31950 D Evaluation: Frame 627 sent at 1573047520697
11-06 15:38:40.734 31916 31950 D Evaluation: Frame 628 sent at 1573047520734
11-06 15:38:40.760 31916 31950 D Evaluation: Frame 629 sent at 1573047520760
11-06 15:38:40.798 31916 31950 D Evaluation: Frame 630 sent at 1573047520797
11-06 15:38:40.823 31916 31950 D Evaluation: Frame 631 sent at 1573047520823
11-06 15:38:40.863 31916 31950 D Evaluation: Frame 632 sent at 1573047520862
11-06 15:38:40.890 31916 31950 D Evaluation: Frame 633 sent at 1573047520890
11-06 15:38:40.934 31916 31950 D Evaluation: Frame 634 sent at 1573047520934
11-06 15:38:40.968 31916 31950 D Evaluation: Frame 635 sent at 1573047520968
11-06 15:38:40.996 31916 31950 D Evaluation: Frame 636 sent at 1573047520996
11-06 15:38:41.026 31916 31950 D Evaluation: Frame 637 sent at 1573047521025
11-06 15:38:41.058 31916 31950 D Evaluation: Frame 638 sent at 1573047521058
11-06 15:38:41.092 31916 31950 D Evaluation: Frame 639 sent at 1573047521092
11-06 15:38:41.135 31916 31950 D Evaluation: Frame 640 sent at 1573047521135
11-06 15:38:41.157 31916 31950 D Evaluation: Frame 641 sent at 1573047521157
11-06 15:38:41.200 31916 31950 D Evaluation: Frame 642 sent at 1573047521200
11-06 15:38:41.228 31916 31950 D Evaluation: Frame 643 sent at 1573047521228
11-06 15:38:41.267 31916 31950 D Evaluation: Frame 644 sent at 1573047521267
11-06 15:38:41.295 31916 31950 D Evaluation: Frame 645 sent at 1573047521295
11-06 15:38:41.332 31916 31950 D Evaluation: Frame 646 sent at 1573047521332
11-06 15:38:41.361 31916 31927 E         : [ZeroHung]zrhung_get_config: Get config failed for wp[0x0008]
11-06 15:38:41.362 31916 31950 D Evaluation: Frame 647 sent at 1573047521362
11-06 15:38:41.399 31916 31950 D Evaluation: Frame 648 sent at 1573047521399
11-06 15:38:41.427 31916 31950 D Evaluation: Frame 649 sent at 1573047521427
11-06 15:38:41.470 31916 31950 D Evaluation: Frame 650 sent at 1573047521470
11-06 15:38:41.499 31916 31950 D Evaluation: Frame 651 sent at 1573047521499
11-06 15:38:41.534 31916 31950 D Evaluation: Frame 652 sent at 1573047521534
11-06 15:38:41.561 31916 31950 D Evaluation: Frame 653 sent at 1573047521561
11-06 15:38:41.631 31916 31950 D Evaluation: Frame 654 sent at 1573047521631
11-06 15:38:41.700 31916 31950 D Evaluation: Frame 655 sent at 1573047521700
11-06 15:38:41.782 31916 31950 D Evaluation: Frame 656 sent at 1573047521782
11-06 15:38:41.807 31916 31950 D Evaluation: Frame 657 sent at 1573047521807
11-06 15:38:41.830 31916 31950 D Evaluation: Frame 658 sent at 1573047521830
11-06 15:38:41.865 31916 31950 D Evaluation: Frame 659 sent at 1573047521865
11-06 15:38:41.897 31916 31950 D Evaluation: Frame 660 sent at 1573047521897
11-06 15:38:41.932 31916 31950 D Evaluation: Frame 661 sent at 1573047521932
11-06 15:38:41.966 31916 31950 D Evaluation: Frame 662 sent at 1573047521966
11-06 15:38:41.996 31916 31950 D Evaluation: Frame 663 sent at 1573047521996
11-06 15:38:42.038 31916 31950 D Evaluation: Frame 664 sent at 1573047522038
11-06 15:38:42.072 31916 31950 D Evaluation: Frame 665 sent at 1573047522071
11-06 15:38:42.099 31916 31950 D Evaluation: Frame 666 sent at 1573047522099
11-06 15:38:42.133 31916 31950 D Evaluation: Frame 667 sent at 1573047522133
11-06 15:38:42.167 31916 31950 D Evaluation: Frame 668 sent at 1573047522167
11-06 15:38:42.201 31916 31950 D Evaluation: Frame 669 sent at 1573047522201
11-06 15:38:42.233 31916 31950 D Evaluation: Frame 670 sent at 1573047522232
11-06 15:38:42.269 31916 31950 D Evaluation: Frame 671 sent at 1573047522268
11-06 15:38:42.304 31916 31950 D Evaluation: Frame 672 sent at 1573047522304
11-06 15:38:42.335 31916 31950 D Evaluation: Frame 673 sent at 1573047522335
11-06 15:38:42.371 31916 31950 D Evaluation: Frame 674 sent at 1573047522371
11-06 15:38:42.402 31916 31950 D Evaluation: Frame 675 sent at 1573047522402
11-06 15:38:42.437 31916 31950 D Evaluation: Frame 676 sent at 1573047522437
11-06 15:38:42.471 31916 31950 D Evaluation: Frame 677 sent at 1573047522471
11-06 15:38:42.505 31916 31950 D Evaluation: Frame 678 sent at 1573047522505
11-06 15:38:42.536 31916 31950 D Evaluation: Frame 679 sent at 1573047522536
11-06 15:38:42.573 31916 31950 D Evaluation: Frame 680 sent at 1573047522573
11-06 15:38:42.603 31916 31950 D Evaluation: Frame 681 sent at 1573047522603
11-06 15:38:42.635 31916 31950 D Evaluation: Frame 682 sent at 1573047522635
11-06 15:38:42.671 31916 31950 D Evaluation: Frame 683 sent at 1573047522671
11-06 15:38:42.704 31916 31950 D Evaluation: Frame 684 sent at 1573047522704
11-06 15:38:42.734 31916 31950 D Evaluation: Frame 685 sent at 1573047522734
11-06 15:38:42.770 31916 31950 D Evaluation: Frame 686 sent at 1573047522770
11-06 15:38:42.804 31916 31950 D Evaluation: Frame 687 sent at 1573047522804
11-06 15:38:42.843 31916 31927 E         : [ZeroHung]zrhung_get_config: Get config failed for wp[0x0008]
11-06 15:38:42.843 31916 31950 D Evaluation: Frame 688 sent at 1573047522843
11-06 15:38:42.870 31916 31950 D Evaluation: Frame 689 sent at 1573047522870
11-06 15:38:42.905 31916 31950 D Evaluation: Frame 690 sent at 1573047522905
11-06 15:38:42.946 31916 31950 D Evaluation: Frame 691 sent at 1573047522946
11-06 15:38:42.977 31916 31950 D Evaluation: Frame 692 sent at 1573047522977
11-06 15:38:43.007 31916 31950 D Evaluation: Frame 693 sent at 1573047523007
11-06 15:38:43.047 31916 31950 D Evaluation: Frame 694 sent at 1573047523047
11-06 15:38:43.073 31916 31950 D Evaluation: Frame 695 sent at 1573047523073
11-06 15:38:43.118 31916 31950 D Evaluation: Frame 696 sent at 1573047523118
11-06 15:38:43.147 31916 31950 D Evaluation: Frame 697 sent at 1573047523147
11-06 15:38:43.174 31916 31950 D Evaluation: Frame 698 sent at 1573047523174
11-06 15:38:43.214 31916 31950 D Evaluation: Frame 699 sent at 1573047523214
11-06 15:38:43.243 31916 31950 D Evaluation: Frame 700 sent at 1573047523243
11-06 15:38:43.287 31916 31950 D Evaluation: Frame 701 sent at 1573047523287
11-06 15:38:43.317 31916 31950 D Evaluation: Frame 702 sent at 1573047523317
11-06 15:38:43.342 31916 31950 D Evaluation: Frame 703 sent at 1573047523342
11-06 15:38:43.371 31916 31950 D Evaluation: Frame 704 sent at 1573047523371
11-06 15:38:43.440 31916 31950 D Evaluation: Frame 705 sent at 1573047523440
11-06 15:38:43.469 31916 31950 D Evaluation: Frame 706 sent at 1573047523469
11-06 15:38:43.510 31916 31950 D Evaluation: Frame 707 sent at 1573047523510
11-06 15:38:43.555 31916 31950 D Evaluation: Frame 708 sent at 1573047523555
11-06 15:38:43.578 31916 31950 D Evaluation: Frame 709 sent at 1573047523578
11-06 15:38:43.618 31916 31950 D Evaluation: Frame 710 sent at 1573047523618
11-06 15:38:43.663 31916 31950 D Evaluation: Frame 711 sent at 1573047523663
11-06 15:38:43.687 31916 31950 D Evaluation: Frame 712 sent at 1573047523687
11-06 15:38:43.716 31916 31950 D Evaluation: Frame 713 sent at 1573047523716
11-06 15:38:43.744 31916 31950 D Evaluation: Frame 714 sent at 1573047523744
11-06 15:38:43.778 31916 31950 D Evaluation: Frame 715 sent at 1573047523778
11-06 15:38:43.813 31916 31950 D Evaluation: Frame 716 sent at 1573047523813
11-06 15:38:43.846 31916 31950 D Evaluation: Frame 717 sent at 1573047523846
11-06 15:38:43.889 31916 31950 D Evaluation: Frame 718 sent at 1573047523889
11-06 15:38:43.923 31916 31950 D Evaluation: Frame 719 sent at 1573047523923
11-06 15:38:43.947 31916 31950 D Evaluation: Frame 720 sent at 1573047523947
11-06 15:38:43.990 31916 31950 D Evaluation: Frame 721 sent at 1573047523990
11-06 15:38:44.016 31916 31950 D Evaluation: Frame 722 sent at 1573047524016
11-06 15:38:44.061 31916 31950 D Evaluation: Frame 723 sent at 1573047524061
11-06 15:38:44.087 31916 31950 D Evaluation: Frame 724 sent at 1573047524087
11-06 15:38:44.116 31916 31950 D Evaluation: Frame 725 sent at 1573047524116
11-06 15:38:44.157 31916 31950 D Evaluation: Frame 726 sent at 1573047524157
11-06 15:38:44.199 31916 31950 D Evaluation: Frame 727 sent at 1573047524199
11-06 15:38:44.221 31916 31950 D Evaluation: Frame 728 sent at 1573047524221
11-06 15:38:44.245 31916 31927 E         : [ZeroHung]zrhung_get_config: Get config failed for wp[0x0008]
11-06 15:38:44.245 31916 31950 D Evaluation: Frame 729 sent at 1573047524245
11-06 15:38:44.282 31916 31950 D Evaluation: Frame 730 sent at 1573047524282
11-06 15:38:44.313 31916 31950 D Evaluation: Frame 731 sent at 1573047524313
11-06 15:38:44.350 31916 31950 D Evaluation: Frame 732 sent at 1573047524350
11-06 15:38:44.384 31916 31950 D Evaluation: Frame 733 sent at 1573047524384
11-06 15:38:44.414 31916 31950 D Evaluation: Frame 734 sent at 1573047524414
11-06 15:38:44.514 31916 31950 D Evaluation: Frame 736 sent at 1573047524514
11-06 15:38:44.533 31916 31950 D Evaluation: Frame 736 sent at 1573047524533
11-06 15:38:44.557 31916 31950 D Evaluation: Frame 737 sent at 1573047524557
11-06 15:38:44.585 31916 31950 D Evaluation: Frame 738 sent at 1573047524585
11-06 15:38:44.626 31916 31950 D Evaluation: Frame 739 sent at 1573047524626
11-06 15:38:44.658 31916 31950 D Evaluation: Frame 740 sent at 1573047524658
11-06 15:38:44.685 31916 31950 D Evaluation: Frame 741 sent at 1573047524684
11-06 15:38:44.719 31916 31950 D Evaluation: Frame 742 sent at 1573047524719
11-06 15:38:44.753 31916 31950 D Evaluation: Frame 743 sent at 1573047524753
11-06 15:38:44.796 31916 31950 D Evaluation: Frame 744 sent at 1573047524796
11-06 15:38:44.829 31916 31950 D Evaluation: Frame 745 sent at 1573047524829
11-06 15:38:44.870 31916 31950 D Evaluation: Frame 746 sent at 1573047524870
11-06 15:38:44.904 31916 31950 W System.err: java.net.SocketException: Message too long
11-06 15:38:44.904 31916 31950 W System.err: 	at sun.nio.ch.DatagramChannelImpl.send0(Native Method)
11-06 15:38:44.904 31916 31950 W System.err: 	at sun.nio.ch.DatagramChannelImpl.sendFromNativeBuffer(DatagramChannelImpl.java:573)
11-06 15:38:44.904 31916 31950 W System.err: 	at sun.nio.ch.DatagramChannelImpl.send(DatagramChannelImpl.java:550)
11-06 15:38:44.904 31916 31950 W System.err: 	at sun.nio.ch.DatagramChannelImpl.send(DatagramChannelImpl.java:514)
11-06 15:38:44.904 31916 31950 W System.err: 	at symlab.CloudAR.network.TransmissionTask.run(TransmissionTask.java:124)
11-06 15:38:44.904 31916 31950 W System.err: 	at android.os.Handler.handleCallback(Handler.java:907)
11-06 15:38:44.904 31916 31950 W System.err: 	at android.os.Handler.dispatchMessage(Handler.java:105)
11-06 15:38:44.904 31916 31950 W System.err: 	at android.os.Looper.loop(Looper.java:216)
11-06 15:38:44.904 31916 31950 W System.err: 	at android.os.HandlerThread.run(HandlerThread.java:65)
11-06 15:38:44.929 31916 31950 W System.err: java.net.SocketException: Message too long
11-06 15:38:44.929 31916 31950 W System.err: 	at sun.nio.ch.DatagramChannelImpl.send0(Native Method)
11-06 15:38:44.929 31916 31950 W System.err: 	at sun.nio.ch.DatagramChannelImpl.sendFromNativeBuffer(DatagramChannelImpl.java:573)
11-06 15:38:44.929 31916 31950 W System.err: 	at sun.nio.ch.DatagramChannelImpl.send(DatagramChannelImpl.java:550)
11-06 15:38:44.929 31916 31950 W System.err: 	at sun.nio.ch.DatagramChannelImpl.send(DatagramChannelImpl.java:514)
11-06 15:38:44.929 31916 31950 W System.err: 	at symlab.CloudAR.network.TransmissionTask.run(TransmissionTask.java:124)
11-06 15:38:44.929 31916 31950 W System.err: 	at android.os.Handler.handleCallback(Handler.java:907)
11-06 15:38:44.929 31916 31950 W System.err: 	at android.os.Handler.dispatchMessage(Handler.java:105)
11-06 15:38:44.929 31916 31950 W System.err: 	at android.os.Looper.loop(Looper.java:216)
11-06 15:38:44.929 31916 31950 W System.err: 	at android.os.HandlerThread.run(HandlerThread.java:65)
11-06 15:38:44.976 31916 31950 W System.err: java.net.SocketException: Message too long
11-06 15:38:44.977 31916 31950 W System.err: 	at sun.nio.ch.DatagramChannelImpl.send0(Native Method)
11-06 15:38:44.977 31916 31950 W System.err: 	at sun.nio.ch.DatagramChannelImpl.sendFromNativeBuffer(DatagramChannelImpl.java:573)
11-06 15:38:44.977 31916 31950 W System.err: 	at sun.nio.ch.DatagramChannelImpl.send(DatagramChannelImpl.java:550)
11-06 15:38:44.977 31916 31950 W System.err: 	at sun.nio.ch.DatagramChannelImpl.send(DatagramChannelImpl.java:514)
11-06 15:38:44.977 31916 31950 W System.err: 	at symlab.CloudAR.network.TransmissionTask.run(TransmissionTask.java:124)
11-06 15:38:44.977 31916 31950 W System.err: 	at android.os.Handler.handleCallback(Handler.java:907)
11-06 15:38:44.977 31916 31950 W System.err: 	at android.os.Handler.dispatchMessage(Handler.java:105)
11-06 15:38:44.977 31916 31950 W System.err: 	at android.os.Looper.loop(Looper.java:216)
11-06 15:38:44.977 31916 31950 W System.err: 	at android.os.HandlerThread.run(HandlerThread.java:65)
11-06 15:38:45.011 31916 31950 W System.err: java.net.SocketException: Message too long
11-06 15:38:45.011 31916 31950 W System.err: 	at sun.nio.ch.DatagramChannelImpl.send0(Native Method)
11-06 15:38:45.011 31916 31950 W System.err: 	at sun.nio.ch.DatagramChannelImpl.sendFromNativeBuffer(DatagramChannelImpl.java:573)
11-06 15:38:45.011 31916 31950 W System.err: 	at sun.nio.ch.DatagramChannelImpl.send(DatagramChannelImpl.java:550)
11-06 15:38:45.011 31916 31950 W System.err: 	at sun.nio.ch.DatagramChannelImpl.send(DatagramChannelImpl.java:514)
11-06 15:38:45.011 31916 31950 W System.err: 	at symlab.CloudAR.network.TransmissionTask.run(TransmissionTask.java:124)
11-06 15:38:45.011 31916 31950 W System.err: 	at android.os.Handler.handleCallback(Handler.java:907)
11-06 15:38:45.011 31916 31950 W System.err: 	at android.os.Handler.dispatchMessage(Handler.java:105)
11-06 15:38:45.011 31916 31950 W System.err: 	at android.os.Looper.loop(Looper.java:216)
11-06 15:38:45.011 31916 31950 W System.err: 	at android.os.HandlerThread.run(HandlerThread.java:65)
11-06 15:38:45.045 31916 31950 W System.err: java.net.SocketException: Message too long
11-06 15:38:45.045 31916 31950 W System.err: 	at sun.nio.ch.DatagramChannelImpl.send0(Native Method)
11-06 15:38:45.045 31916 31950 W System.err: 	at sun.nio.ch.DatagramChannelImpl.sendFromNativeBuffer(DatagramChannelImpl.java:573)
11-06 15:38:45.045 31916 31950 W System.err: 	at sun.nio.ch.DatagramChannelImpl.send(DatagramChannelImpl.java:550)
11-06 15:38:45.045 31916 31950 W System.err: 	at sun.nio.ch.DatagramChannelImpl.send(DatagramChannelImpl.java:514)
11-06 15:38:45.045 31916 31950 W System.err: 	at symlab.CloudAR.network.TransmissionTask.run(TransmissionTask.java:124)
11-06 15:38:45.045 31916 31950 W System.err: 	at android.os.Handler.handleCallback(Handler.java:907)
11-06 15:38:45.045 31916 31950 W System.err: 	at android.os.Handler.dispatchMessage(Handler.java:105)
11-06 15:38:45.045 31916 31950 W System.err: 	at android.os.Looper.loop(Looper.java:216)
11-06 15:38:45.046 31916 31950 W System.err: 	at android.os.HandlerThread.run(HandlerThread.java:65)
11-06 15:38:45.121 31916 31950 W System.err: java.net.SocketException: Message too long
11-06 15:38:45.121 31916 31950 W System.err: 	at sun.nio.ch.DatagramChannelImpl.send0(Native Method)
11-06 15:38:45.121 31916 31950 W System.err: 	at sun.nio.ch.DatagramChannelImpl.sendFromNativeBuffer(DatagramChannelImpl.java:573)
11-06 15:38:45.121 31916 31950 W System.err: 	at sun.nio.ch.DatagramChannelImpl.send(DatagramChannelImpl.java:550)
11-06 15:38:45.121 31916 31950 W System.err: 	at sun.nio.ch.DatagramChannelImpl.send(DatagramChannelImpl.java:514)
11-06 15:38:45.122 31916 31950 W System.err: 	at symlab.CloudAR.network.TransmissionTask.run(TransmissionTask.java:124)
11-06 15:38:45.122 31916 31950 W System.err: 	at android.os.Handler.handleCallback(Handler.java:907)
11-06 15:38:45.122 31916 31950 W System.err: 	at android.os.Handler.dispatchMessage(Handler.java:105)
11-06 15:38:45.122 31916 31950 W System.err: 	at android.os.Looper.loop(Looper.java:216)
11-06 15:38:45.122 31916 31950 W System.err: 	at android.os.HandlerThread.run(HandlerThread.java:65)
11-06 15:38:45.146 31916 31950 W System.err: java.net.SocketException: Message too long
11-06 15:38:45.146 31916 31950 W System.err: 	at sun.nio.ch.DatagramChannelImpl.send0(Native Method)
11-06 15:38:45.146 31916 31950 W System.err: 	at sun.nio.ch.DatagramChannelImpl.sendFromNativeBuffer(DatagramChannelImpl.java:573)
11-06 15:38:45.146 31916 31950 W System.err: 	at sun.nio.ch.DatagramChannelImpl.send(DatagramChannelImpl.java:550)
11-06 15:38:45.146 31916 31950 W System.err: 	at sun.nio.ch.DatagramChannelImpl.send(DatagramChannelImpl.java:514)
11-06 15:38:45.146 31916 31950 W System.err: 	at symlab.CloudAR.network.TransmissionTask.run(TransmissionTask.java:124)
11-06 15:38:45.146 31916 31950 W System.err: 	at android.os.Handler.handleCallback(Handler.java:907)
11-06 15:38:45.146 31916 31950 W System.err: 	at android.os.Handler.dispatchMessage(Handler.java:105)
11-06 15:38:45.146 31916 31950 W System.err: 	at android.os.Looper.loop(Looper.java:216)
11-06 15:38:45.146 31916 31950 W System.err: 	at android.os.HandlerThread.run(HandlerThread.java:65)
11-06 15:38:45.169 31916 31950 W System.err: java.net.SocketException: Message too long
11-06 15:38:45.169 31916 31950 W System.err: 	at sun.nio.ch.DatagramChannelImpl.send0(Native Method)
11-06 15:38:45.169 31916 31950 W System.err: 	at sun.nio.ch.DatagramChannelImpl.sendFromNativeBuffer(DatagramChannelImpl.java:573)
11-06 15:38:45.169 31916 31950 W System.err: 	at sun.nio.ch.DatagramChannelImpl.send(DatagramChannelImpl.java:550)
11-06 15:38:45.169 31916 31950 W System.err: 	at sun.nio.ch.DatagramChannelImpl.send(DatagramChannelImpl.java:514)
11-06 15:38:45.169 31916 31950 W System.err: 	at symlab.CloudAR.network.TransmissionTask.run(TransmissionTask.java:124)
11-06 15:38:45.169 31916 31950 W System.err: 	at android.os.Handler.handleCallback(Handler.java:907)
11-06 15:38:45.169 31916 31950 W System.err: 	at android.os.Handler.dispatchMessage(Handler.java:105)
11-06 15:38:45.169 31916 31950 W System.err: 	at android.os.Looper.loop(Looper.java:216)
11-06 15:38:45.169 31916 31950 W System.err: 	at android.os.HandlerThread.run(HandlerThread.java:65)
11-06 15:38:45.200 31916 31950 W System.err: java.net.SocketException: Message too long
11-06 15:38:45.200 31916 31950 W System.err: 	at sun.nio.ch.DatagramChannelImpl.send0(Native Method)
11-06 15:38:45.201 31916 31950 W System.err: 	at sun.nio.ch.DatagramChannelImpl.sendFromNativeBuffer(DatagramChannelImpl.java:573)
11-06 15:38:45.201 31916 31950 W System.err: 	at sun.nio.ch.DatagramChannelImpl.send(DatagramChannelImpl.java:550)
11-06 15:38:45.201 31916 31950 W System.err: 	at sun.nio.ch.DatagramChannelImpl.send(DatagramChannelImpl.java:514)
11-06 15:38:45.201 31916 31950 W System.err: 	at symlab.CloudAR.network.TransmissionTask.run(TransmissionTask.java:124)
11-06 15:38:45.201 31916 31950 W System.err: 	at android.os.Handler.handleCallback(Handler.java:907)
11-06 15:38:45.201 31916 31950 W System.err: 	at android.os.Handler.dispatchMessage(Handler.java:105)
11-06 15:38:45.201 31916 31950 W System.err: 	at android.os.Looper.loop(Looper.java:216)
11-06 15:38:45.201 31916 31950 W System.err: 	at android.os.HandlerThread.run(HandlerThread.java:65)
11-06 15:38:45.233 31916 31950 W System.err: java.net.SocketException: Message too long
11-06 15:38:45.233 31916 31950 W System.err: 	at sun.nio.ch.DatagramChannelImpl.send0(Native Method)
11-06 15:38:45.233 31916 31950 W System.err: 	at sun.nio.ch.DatagramChannelImpl.sendFromNativeBuffer(DatagramChannelImpl.java:573)
11-06 15:38:45.233 31916 31950 W System.err: 	at sun.nio.ch.DatagramChannelImpl.send(DatagramChannelImpl.java:550)
11-06 15:38:45.233 31916 31950 W System.err: 	at sun.nio.ch.DatagramChannelImpl.send(DatagramChannelImpl.java:514)
11-06 15:38:45.233 31916 31950 W System.err: 	at symlab.CloudAR.network.TransmissionTask.run(TransmissionTask.java:124)
11-06 15:38:45.233 31916 31950 W System.err: 	at android.os.Handler.handleCallback(Handler.java:907)
11-06 15:38:45.233 31916 31950 W System.err: 	at android.os.Handler.dispatchMessage(Handler.java:105)
11-06 15:38:45.233 31916 31950 W System.err: 	at android.os.Looper.loop(Looper.java:216)
11-06 15:38:45.234 31916 31950 W System.err: 	at android.os.HandlerThread.run(HandlerThread.java:65)
11-06 15:38:45.267 31916 31950 W System.err: java.net.SocketException: Message too long
11-06 15:38:45.267 31916 31950 W System.err: 	at sun.nio.ch.DatagramChannelImpl.send0(Native Method)
11-06 15:38:45.267 31916 31950 W System.err: 	at sun.nio.ch.DatagramChannelImpl.sendFromNativeBuffer(DatagramChannelImpl.java:573)
11-06 15:38:45.267 31916 31950 W System.err: 	at sun.nio.ch.DatagramChannelImpl.send(DatagramChannelImpl.java:550)
11-06 15:38:45.267 31916 31950 W System.err: 	at sun.nio.ch.DatagramChannelImpl.send(DatagramChannelImpl.java:514)
11-06 15:38:45.267 31916 31950 W System.err: 	at symlab.CloudAR.network.TransmissionTask.run(TransmissionTask.java:124)
11-06 15:38:45.267 31916 31950 W System.err: 	at android.os.Handler.handleCallback(Handler.java:907)
11-06 15:38:45.267 31916 31950 W System.err: 	at android.os.Handler.dispatchMessage(Handler.java:105)
11-06 15:38:45.267 31916 31950 W System.err: 	at android.os.Looper.loop(Looper.java:216)
11-06 15:38:45.267 31916 31950 W System.err: 	at android.os.HandlerThread.run(HandlerThread.java:65)
11-06 15:38:45.301 31916 31950 W System.err: java.net.SocketException: Message too long
11-06 15:38:45.301 31916 31950 W System.err: 	at sun.nio.ch.DatagramChannelImpl.send0(Native Method)
11-06 15:38:45.301 31916 31950 W System.err: 	at sun.nio.ch.DatagramChannelImpl.sendFromNativeBuffer(DatagramChannelImpl.java:573)
11-06 15:38:45.301 31916 31950 W System.err: 	at sun.nio.ch.DatagramChannelImpl.send(DatagramChannelImpl.java:550)
11-06 15:38:45.301 31916 31950 W System.err: 	at sun.nio.ch.DatagramChannelImpl.send(DatagramChannelImpl.java:514)
11-06 15:38:45.301 31916 31950 W System.err: 	at symlab.CloudAR.network.TransmissionTask.run(TransmissionTask.java:124)
11-06 15:38:45.301 31916 31950 W System.err: 	at android.os.Handler.handleCallback(Handler.java:907)
11-06 15:38:45.301 31916 31950 W System.err: 	at android.os.Handler.dispatchMessage(Handler.java:105)
11-06 15:38:45.302 31916 31950 W System.err: 	at android.os.Looper.loop(Looper.java:216)
11-06 15:38:45.302 31916 31950 W System.err: 	at android.os.HandlerThread.run(HandlerThread.java:65)
11-06 15:38:45.333 31916 31950 W System.err: java.net.SocketException: Message too long
11-06 15:38:45.333 31916 31950 W System.err: 	at sun.nio.ch.DatagramChannelImpl.send0(Native Method)
11-06 15:38:45.333 31916 31950 W System.err: 	at sun.nio.ch.DatagramChannelImpl.sendFromNativeBuffer(DatagramChannelImpl.java:573)
11-06 15:38:45.333 31916 31950 W System.err: 	at sun.nio.ch.DatagramChannelImpl.send(DatagramChannelImpl.java:550)
11-06 15:38:45.333 31916 31950 W System.err: 	at sun.nio.ch.DatagramChannelImpl.send(DatagramChannelImpl.java:514)
11-06 15:38:45.333 31916 31950 W System.err: 	at symlab.CloudAR.network.TransmissionTask.run(TransmissionTask.java:124)
11-06 15:38:45.333 31916 31950 W System.err: 	at android.os.Handler.handleCallback(Handler.java:907)
11-06 15:38:45.333 31916 31950 W System.err: 	at android.os.Handler.dispatchMessage(Handler.java:105)
11-06 15:38:45.333 31916 31950 W System.err: 	at android.os.Looper.loop(Looper.java:216)
11-06 15:38:45.333 31916 31950 W System.err: 	at android.os.HandlerThread.run(HandlerThread.java:65)
11-06 15:38:45.374 31916 31927 E         : [ZeroHung]zrhung_get_config: Get config failed for wp[0x0008]
11-06 15:38:45.375 31916 31950 W System.err: java.net.SocketException: Message too long
11-06 15:38:45.375 31916 31950 W System.err: 	at sun.nio.ch.DatagramChannelImpl.send0(Native Method)
11-06 15:38:45.375 31916 31950 W System.err: 	at sun.nio.ch.DatagramChannelImpl.sendFromNativeBuffer(DatagramChannelImpl.java:573)
11-06 15:38:45.375 31916 31950 W System.err: 	at sun.nio.ch.DatagramChannelImpl.send(DatagramChannelImpl.java:550)
11-06 15:38:45.376 31916 31950 W System.err: 	at sun.nio.ch.DatagramChannelImpl.send(DatagramChannelImpl.java:514)
11-06 15:38:45.376 31916 31950 W System.err: 	at symlab.CloudAR.network.TransmissionTask.run(TransmissionTask.java:124)
11-06 15:38:45.376 31916 31950 W System.err: 	at android.os.Handler.handleCallback(Handler.java:907)
11-06 15:38:45.376 31916 31950 W System.err: 	at android.os.Handler.dispatchMessage(Handler.java:105)
11-06 15:38:45.376 31916 31950 W System.err: 	at android.os.Looper.loop(Looper.java:216)
11-06 15:38:45.376 31916 31950 W System.err: 	at android.os.HandlerThread.run(HandlerThread.java:65)
11-06 15:38:45.413 31916 31950 W System.err: java.net.SocketException: Message too long
11-06 15:38:45.413 31916 31950 W System.err: 	at sun.nio.ch.DatagramChannelImpl.send0(Native Method)
11-06 15:38:45.413 31916 31950 W System.err: 	at sun.nio.ch.DatagramChannelImpl.sendFromNativeBuffer(DatagramChannelImpl.java:573)
11-06 15:38:45.413 31916 31950 W System.err: 	at sun.nio.ch.DatagramChannelImpl.send(DatagramChannelImpl.java:550)
11-06 15:38:45.414 31916 31950 W System.err: 	at sun.nio.ch.DatagramChannelImpl.send(DatagramChannelImpl.java:514)
11-06 15:38:45.414 31916 31950 W System.err: 	at symlab.CloudAR.network.TransmissionTask.run(TransmissionTask.java:124)
11-06 15:38:45.414 31916 31950 W System.err: 	at android.os.Handler.handleCallback(Handler.java:907)
11-06 15:38:45.414 31916 31950 W System.err: 	at android.os.Handler.dispatchMessage(Handler.java:105)
11-06 15:38:45.414 31916 31950 W System.err: 	at android.os.Looper.loop(Looper.java:216)
11-06 15:38:45.414 31916 31950 W System.err: 	at android.os.HandlerThread.run(HandlerThread.java:65)
11-06 15:38:45.448 31916 31950 W System.err: java.net.SocketException: Message too long
11-06 15:38:45.448 31916 31950 W System.err: 	at sun.nio.ch.DatagramChannelImpl.send0(Native Method)
11-06 15:38:45.448 31916 31950 W System.err: 	at sun.nio.ch.DatagramChannelImpl.sendFromNativeBuffer(DatagramChannelImpl.java:573)
11-06 15:38:45.448 31916 31950 W System.err: 	at sun.nio.ch.DatagramChannelImpl.send(DatagramChannelImpl.java:550)
11-06 15:38:45.448 31916 31950 W System.err: 	at sun.nio.ch.DatagramChannelImpl.send(DatagramChannelImpl.java:514)
11-06 15:38:45.448 31916 31950 W System.err: 	at symlab.CloudAR.network.TransmissionTask.run(TransmissionTask.java:124)
11-06 15:38:45.448 31916 31950 W System.err: 	at android.os.Handler.handleCallback(Handler.java:907)
11-06 15:38:45.448 31916 31950 W System.err: 	at android.os.Handler.dispatchMessage(Handler.java:105)
11-06 15:38:45.448 31916 31950 W System.err: 	at android.os.Looper.loop(Looper.java:216)
11-06 15:38:45.448 31916 31950 W System.err: 	at android.os.HandlerThread.run(HandlerThread.java:65)
11-06 15:38:45.472 31916 31950 W System.err: java.net.SocketException: Message too long
11-06 15:38:45.472 31916 31950 W System.err: 	at sun.nio.ch.DatagramChannelImpl.send0(Native Method)
11-06 15:38:45.472 31916 31950 W System.err: 	at sun.nio.ch.DatagramChannelImpl.sendFromNativeBuffer(DatagramChannelImpl.java:573)
11-06 15:38:45.472 31916 31950 W System.err: 	at sun.nio.ch.DatagramChannelImpl.send(DatagramChannelImpl.java:550)
11-06 15:38:45.472 31916 31950 W System.err: 	at sun.nio.ch.DatagramChannelImpl.send(DatagramChannelImpl.java:514)
11-06 15:38:45.472 31916 31950 W System.err: 	at symlab.CloudAR.network.TransmissionTask.run(TransmissionTask.java:124)
11-06 15:38:45.472 31916 31950 W System.err: 	at android.os.Handler.handleCallback(Handler.java:907)
11-06 15:38:45.472 31916 31950 W System.err: 	at android.os.Handler.dispatchMessage(Handler.java:105)
11-06 15:38:45.472 31916 31950 W System.err: 	at android.os.Looper.loop(Looper.java:216)
11-06 15:38:45.472 31916 31950 W System.err: 	at android.os.HandlerThread.run(HandlerThread.java:65)
11-06 15:38:45.582 31916 31950 W System.err: java.net.SocketException: Message too long
11-06 15:38:45.582 31916 31950 W System.err: 	at sun.nio.ch.DatagramChannelImpl.send0(Native Method)
11-06 15:38:45.582 31916 31950 W System.err: 	at sun.nio.ch.DatagramChannelImpl.sendFromNativeBuffer(DatagramChannelImpl.java:573)
11-06 15:38:45.582 31916 31950 W System.err: 	at sun.nio.ch.DatagramChannelImpl.send(DatagramChannelImpl.java:550)
11-06 15:38:45.582 31916 31950 W System.err: 	at sun.nio.ch.DatagramChannelImpl.send(DatagramChannelImpl.java:514)
11-06 15:38:45.582 31916 31950 W System.err: 	at symlab.CloudAR.network.TransmissionTask.run(TransmissionTask.java:124)
11-06 15:38:45.582 31916 31950 W System.err: 	at android.os.Handler.handleCallback(Handler.java:907)
11-06 15:38:45.582 31916 31950 W System.err: 	at android.os.Handler.dispatchMessage(Handler.java:105)
11-06 15:38:45.582 31916 31950 W System.err: 	at android.os.Looper.loop(Looper.java:216)
11-06 15:38:45.582 31916 31950 W System.err: 	at android.os.HandlerThread.run(HandlerThread.java:65)
11-06 15:38:45.609 31916 31950 W System.err: java.net.SocketException: Message too long
11-06 15:38:45.609 31916 31950 W System.err: 	at sun.nio.ch.DatagramChannelImpl.send0(Native Method)
11-06 15:38:45.609 31916 31950 W System.err: 	at sun.nio.ch.DatagramChannelImpl.sendFromNativeBuffer(DatagramChannelImpl.java:573)
11-06 15:38:45.609 31916 31950 W System.err: 	at sun.nio.ch.DatagramChannelImpl.send(DatagramChannelImpl.java:550)
11-06 15:38:45.609 31916 31950 W System.err: 	at sun.nio.ch.DatagramChannelImpl.send(DatagramChannelImpl.java:514)
11-06 15:38:45.609 31916 31950 W System.err: 	at symlab.CloudAR.network.TransmissionTask.run(TransmissionTask.java:124)
11-06 15:38:45.609 31916 31950 W System.err: 	at android.os.Handler.handleCallback(Handler.java:907)
11-06 15:38:45.609 31916 31950 W System.err: 	at android.os.Handler.dispatchMessage(Handler.java:105)
11-06 15:38:45.609 31916 31950 W System.err: 	at android.os.Looper.loop(Looper.java:216)
11-06 15:38:45.609 31916 31950 W System.err: 	at android.os.HandlerThread.run(HandlerThread.java:65)
11-06 15:38:45.631 31916 31950 W System.err: java.net.SocketException: Message too long
11-06 15:38:45.631 31916 31950 W System.err: 	at sun.nio.ch.DatagramChannelImpl.send0(Native Method)
11-06 15:38:45.631 31916 31950 W System.err: 	at sun.nio.ch.DatagramChannelImpl.sendFromNativeBuffer(DatagramChannelImpl.java:573)
11-06 15:38:45.631 31916 31950 W System.err: 	at sun.nio.ch.DatagramChannelImpl.send(DatagramChannelImpl.java:550)
11-06 15:38:45.631 31916 31950 W System.err: 	at sun.nio.ch.DatagramChannelImpl.send(DatagramChannelImpl.java:514)
11-06 15:38:45.631 31916 31950 W System.err: 	at symlab.CloudAR.network.TransmissionTask.run(TransmissionTask.java:124)
11-06 15:38:45.631 31916 31950 W System.err: 	at android.os.Handler.handleCallback(Handler.java:907)
11-06 15:38:45.631 31916 31950 W System.err: 	at android.os.Handler.dispatchMessage(Handler.java:105)
11-06 15:38:45.631 31916 31950 W System.err: 	at android.os.Looper.loop(Looper.java:216)
