11-07 11:29:53.596 19812 19847 W System.err: 	at android.os.Handler.handleCallback(Handler.java:907)
11-07 11:29:53.596 19812 19847 W System.err: 	at android.os.Handler.dispatchMessage(Handler.java:105)
11-07 11:29:53.596 19812 19847 W System.err: 	at android.os.Looper.loop(Looper.java:216)
11-07 11:29:53.596 19812 19847 W System.err: 	at android.os.HandlerThread.run(HandlerThread.java:65)
11-07 11:29:53.633 19812 19847 W System.err: java.net.SocketException: Message too long
11-07 11:29:53.633 19812 19847 W System.err: 	at sun.nio.ch.DatagramChannelImpl.send0(Native Method)
11-07 11:29:53.633 19812 19847 W System.err: 	at sun.nio.ch.DatagramChannelImpl.sendFromNativeBuffer(DatagramChannelImpl.java:573)
11-07 11:29:53.633 19812 19847 W System.err: 	at sun.nio.ch.DatagramChannelImpl.send(DatagramChannelImpl.java:550)
11-07 11:29:53.633 19812 19847 W System.err: 	at sun.nio.ch.DatagramChannelImpl.send(DatagramChannelImpl.java:514)
11-07 11:29:53.633 19812 19847 W System.err: 	at symlab.CloudAR.network.TransmissionTask.run(TransmissionTask.java:124)
11-07 11:29:53.633 19812 19847 W System.err: 	at android.os.Handler.handleCallback(Handler.java:907)
11-07 11:29:53.633 19812 19847 W System.err: 	at android.os.Handler.dispatchMessage(Handler.java:105)
11-07 11:29:53.633 19812 19847 W System.err: 	at android.os.Looper.loop(Looper.java:216)
11-07 11:29:53.633 19812 19847 W System.err: 	at android.os.HandlerThread.run(HandlerThread.java:65)
11-07 11:29:53.700 19812 19847 W System.err: java.net.SocketException: Message too long
11-07 11:29:53.700 19812 19847 W System.err: 	at sun.nio.ch.DatagramChannelImpl.send0(Native Method)
11-07 11:29:53.700 19812 19847 W System.err: 	at sun.nio.ch.DatagramChannelImpl.sendFromNativeBuffer(DatagramChannelImpl.java:573)
11-07 11:29:53.700 19812 19847 W System.err: 	at sun.nio.ch.DatagramChannelImpl.send(DatagramChannelImpl.java:550)
11-07 11:29:53.700 19812 19847 W System.err: 	at sun.nio.ch.DatagramChannelImpl.send(DatagramChannelImpl.java:514)
11-07 11:29:53.700 19812 19847 W System.err: 	at symlab.CloudAR.network.TransmissionTask.run(TransmissionTask.java:124)
11-07 11:29:53.700 19812 19847 W System.err: 	at android.os.Handler.handleCallback(Handler.java:907)
11-07 11:29:53.700 19812 19847 W System.err: 	at android.os.Handler.dispatchMessage(Handler.java:105)
11-07 11:29:53.700 19812 19847 W System.err: 	at android.os.Looper.loop(Looper.java:216)
11-07 11:29:53.700 19812 19847 W System.err: 	at android.os.HandlerThread.run(HandlerThread.java:65)
11-07 11:29:53.724 19812 19847 W System.err: java.net.SocketException: Message too long
11-07 11:29:53.725 19812 19847 W System.err: 	at sun.nio.ch.DatagramChannelImpl.send0(Native Method)
11-07 11:29:53.725 19812 19847 W System.err: 	at sun.nio.ch.DatagramChannelImpl.sendFromNativeBuffer(DatagramChannelImpl.java:573)
11-07 11:29:53.725 19812 19847 W System.err: 	at sun.nio.ch.DatagramChannelImpl.send(DatagramChannelImpl.java:550)
11-07 11:29:53.725 19812 19847 W System.err: 	at sun.nio.ch.DatagramChannelImpl.send(DatagramChannelImpl.java:514)
11-07 11:29:53.725 19812 19847 W System.err: 	at symlab.CloudAR.network.TransmissionTask.run(TransmissionTask.java:124)
11-07 11:29:53.725 19812 19847 W System.err: 	at android.os.Handler.handleCallback(Handler.java:907)
11-07 11:29:53.725 19812 19847 W System.err: 	at android.os.Handler.dispatchMessage(Handler.java:105)
11-07 11:29:53.725 19812 19847 W System.err: 	at android.os.Looper.loop(Looper.java:216)
11-07 11:29:53.725 19812 19847 W System.err: 	at android.os.HandlerThread.run(HandlerThread.java:65)
11-07 11:29:53.746 19812 19847 W System.err: java.net.SocketException: Message too long
11-07 11:29:53.746 19812 19847 W System.err: 	at sun.nio.ch.DatagramChannelImpl.send0(Native Method)
11-07 11:29:53.746 19812 19847 W System.err: 	at sun.nio.ch.DatagramChannelImpl.sendFromNativeBuffer(DatagramChannelImpl.java:573)
11-07 11:29:53.746 19812 19847 W System.err: 	at sun.nio.ch.DatagramChannelImpl.send(DatagramChannelImpl.java:550)
11-07 11:29:53.746 19812 19847 W System.err: 	at sun.nio.ch.DatagramChannelImpl.send(DatagramChannelImpl.java:514)
11-07 11:29:53.746 19812 19847 W System.err: 	at symlab.CloudAR.network.TransmissionTask.run(TransmissionTask.java:124)
11-07 11:29:53.746 19812 19847 W System.err: 	at android.os.Handler.handleCallback(Handler.java:907)
11-07 11:29:53.746 19812 19847 W System.err: 	at android.os.Handler.dispatchMessage(Handler.java:105)
11-07 11:29:53.746 19812 19847 W System.err: 	at android.os.Looper.loop(Looper.java:216)
11-07 11:29:53.746 19812 19847 W System.err: 	at android.os.HandlerThread.run(HandlerThread.java:65)
11-07 11:29:53.769 19812 19847 W System.err: java.net.SocketException: Message too long
11-07 11:29:53.769 19812 19847 W System.err: 	at sun.nio.ch.DatagramChannelImpl.send0(Native Method)
11-07 11:29:53.769 19812 19847 W System.err: 	at sun.nio.ch.DatagramChannelImpl.sendFromNativeBuffer(DatagramChannelImpl.java:573)
11-07 11:29:53.769 19812 19847 W System.err: 	at sun.nio.ch.DatagramChannelImpl.send(DatagramChannelImpl.java:550)
11-07 11:29:53.769 19812 19847 W System.err: 	at sun.nio.ch.DatagramChannelImpl.send(DatagramChannelImpl.java:514)
11-07 11:29:53.769 19812 19847 W System.err: 	at symlab.CloudAR.network.TransmissionTask.run(TransmissionTask.java:124)
11-07 11:29:53.769 19812 19847 W System.err: 	at android.os.Handler.handleCallback(Handler.java:907)
11-07 11:29:53.769 19812 19847 W System.err: 	at android.os.Handler.dispatchMessage(Handler.java:105)
11-07 11:29:53.769 19812 19847 W System.err: 	at android.os.Looper.loop(Looper.java:216)
11-07 11:29:53.769 19812 19847 W System.err: 	at android.os.HandlerThread.run(HandlerThread.java:65)
11-07 11:29:53.799 19812 19847 W System.err: java.net.SocketException: Message too long
11-07 11:29:53.799 19812 19847 W System.err: 	at sun.nio.ch.DatagramChannelImpl.send0(Native Method)
11-07 11:29:53.799 19812 19847 W System.err: 	at sun.nio.ch.DatagramChannelImpl.sendFromNativeBuffer(DatagramChannelImpl.java:573)
11-07 11:29:53.799 19812 19847 W System.err: 	at sun.nio.ch.DatagramChannelImpl.send(DatagramChannelImpl.java:550)
11-07 11:29:53.799 19812 19847 W System.err: 	at sun.nio.ch.DatagramChannelImpl.send(DatagramChannelImpl.java:514)
11-07 11:29:53.799 19812 19847 W System.err: 	at symlab.CloudAR.network.TransmissionTask.run(TransmissionTask.java:124)
11-07 11:29:53.799 19812 19847 W System.err: 	at android.os.Handler.handleCallback(Handler.java:907)
11-07 11:29:53.799 19812 19847 W System.err: 	at android.os.Handler.dispatchMessage(Handler.java:105)
11-07 11:29:53.799 19812 19847 W System.err: 	at android.os.Looper.loop(Looper.java:216)
11-07 11:29:53.799 19812 19847 W System.err: 	at android.os.HandlerThread.run(HandlerThread.java:65)
11-07 11:29:53.837 19812 19823 E         : [ZeroHung]zrhung_get_config: Get config failed for wp[0x0008]
11-07 11:29:53.837 19812 19847 W System.err: java.net.SocketException: Message too long
11-07 11:29:53.837 19812 19847 W System.err: 	at sun.nio.ch.DatagramChannelImpl.send0(Native Method)
11-07 11:29:53.837 19812 19847 W System.err: 	at sun.nio.ch.DatagramChannelImpl.sendFromNativeBuffer(DatagramChannelImpl.java:573)
11-07 11:29:53.837 19812 19847 W System.err: 	at sun.nio.ch.DatagramChannelImpl.send(DatagramChannelImpl.java:550)
11-07 11:29:53.837 19812 19847 W System.err: 	at sun.nio.ch.DatagramChannelImpl.send(DatagramChannelImpl.java:514)
11-07 11:29:53.837 19812 19847 W System.err: 	at symlab.CloudAR.network.TransmissionTask.run(TransmissionTask.java:124)
11-07 11:29:53.837 19812 19847 W System.err: 	at android.os.Handler.handleCallback(Handler.java:907)
11-07 11:29:53.837 19812 19847 W System.err: 	at android.os.Handler.dispatchMessage(Handler.java:105)
11-07 11:29:53.837 19812 19847 W System.err: 	at android.os.Looper.loop(Looper.java:216)
11-07 11:29:53.837 19812 19847 W System.err: 	at android.os.HandlerThread.run(HandlerThread.java:65)
11-07 11:29:53.873 19812 19821 W System  : A resource failed to call close. 
11-07 11:29:53.873 19812 19821 W System  : A resource failed to call close. 
11-07 11:29:53.891 19812 19847 W System.err: java.net.SocketException: Message too long
11-07 11:29:53.891 19812 19847 W System.err: 	at sun.nio.ch.DatagramChannelImpl.send0(Native Method)
11-07 11:29:53.892 19812 19847 W System.err: 	at sun.nio.ch.DatagramChannelImpl.sendFromNativeBuffer(DatagramChannelImpl.java:573)
11-07 11:29:53.892 19812 19847 W System.err: 	at sun.nio.ch.DatagramChannelImpl.send(DatagramChannelImpl.java:550)
11-07 11:29:53.892 19812 19847 W System.err: 	at sun.nio.ch.DatagramChannelImpl.send(DatagramChannelImpl.java:514)
11-07 11:29:53.892 19812 19847 W System.err: 	at symlab.CloudAR.network.TransmissionTask.run(TransmissionTask.java:124)
11-07 11:29:53.892 19812 19847 W System.err: 	at android.os.Handler.handleCallback(Handler.java:907)
11-07 11:29:53.892 19812 19847 W System.err: 	at android.os.Handler.dispatchMessage(Handler.java:105)
11-07 11:29:53.892 19812 19847 W System.err: 	at android.os.Looper.loop(Looper.java:216)
11-07 11:29:53.892 19812 19847 W System.err: 	at android.os.HandlerThread.run(HandlerThread.java:65)
11-07 11:29:53.916 19812 19847 W System.err: java.net.SocketException: Message too long
11-07 11:29:53.916 19812 19847 W System.err: 	at sun.nio.ch.DatagramChannelImpl.send0(Native Method)
11-07 11:29:53.916 19812 19847 W System.err: 	at sun.nio.ch.DatagramChannelImpl.sendFromNativeBuffer(DatagramChannelImpl.java:573)
11-07 11:29:53.916 19812 19847 W System.err: 	at sun.nio.ch.DatagramChannelImpl.send(DatagramChannelImpl.java:550)
11-07 11:29:53.916 19812 19847 W System.err: 	at sun.nio.ch.DatagramChannelImpl.send(DatagramChannelImpl.java:514)
11-07 11:29:53.916 19812 19847 W System.err: 	at symlab.CloudAR.network.TransmissionTask.run(TransmissionTask.java:124)
11-07 11:29:53.916 19812 19847 W System.err: 	at android.os.Handler.handleCallback(Handler.java:907)
11-07 11:29:53.916 19812 19847 W System.err: 	at android.os.Handler.dispatchMessage(Handler.java:105)
11-07 11:29:53.916 19812 19847 W System.err: 	at android.os.Looper.loop(Looper.java:216)
11-07 11:29:53.916 19812 19847 W System.err: 	at android.os.HandlerThread.run(HandlerThread.java:65)
11-07 11:29:53.938 19812 19847 W System.err: java.net.SocketException: Message too long
11-07 11:29:53.938 19812 19847 W System.err: 	at sun.nio.ch.DatagramChannelImpl.send0(Native Method)
11-07 11:29:53.938 19812 19847 W System.err: 	at sun.nio.ch.DatagramChannelImpl.sendFromNativeBuffer(DatagramChannelImpl.java:573)
11-07 11:29:53.938 19812 19847 W System.err: 	at sun.nio.ch.DatagramChannelImpl.send(DatagramChannelImpl.java:550)
11-07 11:29:53.938 19812 19847 W System.err: 	at sun.nio.ch.DatagramChannelImpl.send(DatagramChannelImpl.java:514)
11-07 11:29:53.938 19812 19847 W System.err: 	at symlab.CloudAR.network.TransmissionTask.run(TransmissionTask.java:124)
11-07 11:29:53.938 19812 19847 W System.err: 	at android.os.Handler.handleCallback(Handler.java:907)
11-07 11:29:53.938 19812 19847 W System.err: 	at android.os.Handler.dispatchMessage(Handler.java:105)
11-07 11:29:53.938 19812 19847 W System.err: 	at android.os.Looper.loop(Looper.java:216)
11-07 11:29:53.938 19812 19847 W System.err: 	at android.os.HandlerThread.run(HandlerThread.java:65)
11-07 11:29:53.979 19812 19847 W System.err: java.net.SocketException: Message too long
11-07 11:29:53.979 19812 19847 W System.err: 	at sun.nio.ch.DatagramChannelImpl.send0(Native Method)
11-07 11:29:53.979 19812 19847 W System.err: 	at sun.nio.ch.DatagramChannelImpl.sendFromNativeBuffer(DatagramChannelImpl.java:573)
11-07 11:29:53.979 19812 19847 W System.err: 	at sun.nio.ch.DatagramChannelImpl.send(DatagramChannelImpl.java:550)
11-07 11:29:53.980 19812 19847 W System.err: 	at sun.nio.ch.DatagramChannelImpl.send(DatagramChannelImpl.java:514)
11-07 11:29:53.980 19812 19847 W System.err: 	at symlab.CloudAR.network.TransmissionTask.run(TransmissionTask.java:124)
11-07 11:29:53.980 19812 19847 W System.err: 	at android.os.Handler.handleCallback(Handler.java:907)
11-07 11:29:53.980 19812 19847 W System.err: 	at android.os.Handler.dispatchMessage(Handler.java:105)
11-07 11:29:53.980 19812 19847 W System.err: 	at android.os.Looper.loop(Looper.java:216)
11-07 11:29:53.980 19812 19847 W System.err: 	at android.os.HandlerThread.run(HandlerThread.java:65)
11-07 11:29:54.005 19812 19847 W System.err: java.net.SocketException: Message too long
11-07 11:29:54.005 19812 19847 W System.err: 	at sun.nio.ch.DatagramChannelImpl.send0(Native Method)
11-07 11:29:54.005 19812 19847 W System.err: 	at sun.nio.ch.DatagramChannelImpl.sendFromNativeBuffer(DatagramChannelImpl.java:573)
11-07 11:29:54.005 19812 19847 W System.err: 	at sun.nio.ch.DatagramChannelImpl.send(DatagramChannelImpl.java:550)
11-07 11:29:54.005 19812 19847 W System.err: 	at sun.nio.ch.DatagramChannelImpl.send(DatagramChannelImpl.java:514)
11-07 11:29:54.005 19812 19847 W System.err: 	at symlab.CloudAR.network.TransmissionTask.run(TransmissionTask.java:124)
11-07 11:29:54.005 19812 19847 W System.err: 	at android.os.Handler.handleCallback(Handler.java:907)
11-07 11:29:54.005 19812 19847 W System.err: 	at android.os.Handler.dispatchMessage(Handler.java:105)
11-07 11:29:54.005 19812 19847 W System.err: 	at android.os.Looper.loop(Looper.java:216)
11-07 11:29:54.005 19812 19847 W System.err: 	at android.os.HandlerThread.run(HandlerThread.java:65)
11-07 11:29:54.044 19812 19847 W System.err: java.net.SocketException: Message too long
11-07 11:29:54.044 19812 19847 W System.err: 	at sun.nio.ch.DatagramChannelImpl.send0(Native Method)
11-07 11:29:54.044 19812 19847 W System.err: 	at sun.nio.ch.DatagramChannelImpl.sendFromNativeBuffer(DatagramChannelImpl.java:573)
11-07 11:29:54.045 19812 19847 W System.err: 	at sun.nio.ch.DatagramChannelImpl.send(DatagramChannelImpl.java:550)
11-07 11:29:54.045 19812 19847 W System.err: 	at sun.nio.ch.DatagramChannelImpl.send(DatagramChannelImpl.java:514)
11-07 11:29:54.045 19812 19847 W System.err: 	at symlab.CloudAR.network.TransmissionTask.run(TransmissionTask.java:124)
11-07 11:29:54.045 19812 19847 W System.err: 	at android.os.Handler.handleCallback(Handler.java:907)
11-07 11:29:54.045 19812 19847 W System.err: 	at android.os.Handler.dispatchMessage(Handler.java:105)
11-07 11:29:54.045 19812 19847 W System.err: 	at android.os.Looper.loop(Looper.java:216)
11-07 11:29:54.045 19812 19847 W System.err: 	at android.os.HandlerThread.run(HandlerThread.java:65)
11-07 11:29:54.075 19812 19847 W System.err: java.net.SocketException: Message too long
11-07 11:29:54.075 19812 19847 W System.err: 	at sun.nio.ch.DatagramChannelImpl.send0(Native Method)
11-07 11:29:54.075 19812 19847 W System.err: 	at sun.nio.ch.DatagramChannelImpl.sendFromNativeBuffer(DatagramChannelImpl.java:573)
11-07 11:29:54.076 19812 19847 W System.err: 	at sun.nio.ch.DatagramChannelImpl.send(DatagramChannelImpl.java:550)
11-07 11:29:54.076 19812 19847 W System.err: 	at sun.nio.ch.DatagramChannelImpl.send(DatagramChannelImpl.java:514)
11-07 11:29:54.076 19812 19847 W System.err: 	at symlab.CloudAR.network.TransmissionTask.run(TransmissionTask.java:124)
11-07 11:29:54.076 19812 19847 W System.err: 	at android.os.Handler.handleCallback(Handler.java:907)
11-07 11:29:54.076 19812 19847 W System.err: 	at android.os.Handler.dispatchMessage(Handler.java:105)
11-07 11:29:54.076 19812 19847 W System.err: 	at android.os.Looper.loop(Looper.java:216)
11-07 11:29:54.076 19812 19847 W System.err: 	at android.os.HandlerThread.run(HandlerThread.java:65)
11-07 11:29:54.116 19812 19847 W System.err: java.net.SocketException: Message too long
11-07 11:29:54.116 19812 19847 W System.err: 	at sun.nio.ch.DatagramChannelImpl.send0(Native Method)
11-07 11:29:54.116 19812 19847 W System.err: 	at sun.nio.ch.DatagramChannelImpl.sendFromNativeBuffer(DatagramChannelImpl.java:573)
11-07 11:29:54.116 19812 19847 W System.err: 	at sun.nio.ch.DatagramChannelImpl.send(DatagramChannelImpl.java:550)
11-07 11:29:54.116 19812 19847 W System.err: 	at sun.nio.ch.DatagramChannelImpl.send(DatagramChannelImpl.java:514)
11-07 11:29:54.116 19812 19847 W System.err: 	at symlab.CloudAR.network.TransmissionTask.run(TransmissionTask.java:124)
11-07 11:29:54.116 19812 19847 W System.err: 	at android.os.Handler.handleCallback(Handler.java:907)
11-07 11:29:54.116 19812 19847 W System.err: 	at android.os.Handler.dispatchMessage(Handler.java:105)
11-07 11:29:54.116 19812 19847 W System.err: 	at android.os.Looper.loop(Looper.java:216)
11-07 11:29:54.116 19812 19847 W System.err: 	at android.os.HandlerThread.run(HandlerThread.java:65)
11-07 11:29:54.158 19812 19847 W System.err: java.net.SocketException: Message too long
11-07 11:29:54.158 19812 19847 W System.err: 	at sun.nio.ch.DatagramChannelImpl.send0(Native Method)
11-07 11:29:54.158 19812 19847 W System.err: 	at sun.nio.ch.DatagramChannelImpl.sendFromNativeBuffer(DatagramChannelImpl.java:573)
11-07 11:29:54.158 19812 19847 W System.err: 	at sun.nio.ch.DatagramChannelImpl.send(DatagramChannelImpl.java:550)
11-07 11:29:54.158 19812 19847 W System.err: 	at sun.nio.ch.DatagramChannelImpl.send(DatagramChannelImpl.java:514)
11-07 11:29:54.158 19812 19847 W System.err: 	at symlab.CloudAR.network.TransmissionTask.run(TransmissionTask.java:124)
11-07 11:29:54.158 19812 19847 W System.err: 	at android.os.Handler.handleCallback(Handler.java:907)
11-07 11:29:54.158 19812 19847 W System.err: 	at android.os.Handler.dispatchMessage(Handler.java:105)
11-07 11:29:54.158 19812 19847 W System.err: 	at android.os.Looper.loop(Looper.java:216)
11-07 11:29:54.158 19812 19847 W System.err: 	at android.os.HandlerThread.run(HandlerThread.java:65)
11-07 11:29:54.181 19812 19847 W System.err: java.net.SocketException: Message too long
11-07 11:29:54.181 19812 19847 W System.err: 	at sun.nio.ch.DatagramChannelImpl.send0(Native Method)
11-07 11:29:54.181 19812 19847 W System.err: 	at sun.nio.ch.DatagramChannelImpl.sendFromNativeBuffer(DatagramChannelImpl.java:573)
11-07 11:29:54.181 19812 19847 W System.err: 	at sun.nio.ch.DatagramChannelImpl.send(DatagramChannelImpl.java:550)
11-07 11:29:54.181 19812 19847 W System.err: 	at sun.nio.ch.DatagramChannelImpl.send(DatagramChannelImpl.java:514)
11-07 11:29:54.181 19812 19847 W System.err: 	at symlab.CloudAR.network.TransmissionTask.run(TransmissionTask.java:124)
11-07 11:29:54.181 19812 19847 W System.err: 	at android.os.Handler.handleCallback(Handler.java:907)
11-07 11:29:54.181 19812 19847 W System.err: 	at android.os.Handler.dispatchMessage(Handler.java:105)
11-07 11:29:54.181 19812 19847 W System.err: 	at android.os.Looper.loop(Looper.java:216)
11-07 11:29:54.181 19812 19847 W System.err: 	at android.os.HandlerThread.run(HandlerThread.java:65)
11-07 11:29:54.212 19812 19847 W System.err: java.net.SocketException: Message too long
11-07 11:29:54.212 19812 19847 W System.err: 	at sun.nio.ch.DatagramChannelImpl.send0(Native Method)
11-07 11:29:54.212 19812 19847 W System.err: 	at sun.nio.ch.DatagramChannelImpl.sendFromNativeBuffer(DatagramChannelImpl.java:573)
11-07 11:29:54.212 19812 19847 W System.err: 	at sun.nio.ch.DatagramChannelImpl.send(DatagramChannelImpl.java:550)
11-07 11:29:54.212 19812 19847 W System.err: 	at sun.nio.ch.DatagramChannelImpl.send(DatagramChannelImpl.java:514)
11-07 11:29:54.212 19812 19847 W System.err: 	at symlab.CloudAR.network.TransmissionTask.run(TransmissionTask.java:124)
11-07 11:29:54.212 19812 19847 W System.err: 	at android.os.Handler.handleCallback(Handler.java:907)
11-07 11:29:54.212 19812 19847 W System.err: 	at android.os.Handler.dispatchMessage(Handler.java:105)
11-07 11:29:54.212 19812 19847 W System.err: 	at android.os.Looper.loop(Looper.java:216)
11-07 11:29:54.213 19812 19847 W System.err: 	at android.os.HandlerThread.run(HandlerThread.java:65)
11-07 11:29:54.306 19812 19847 W System.err: java.net.SocketException: Message too long
11-07 11:29:54.306 19812 19847 W System.err: 	at sun.nio.ch.DatagramChannelImpl.send0(Native Method)
11-07 11:29:54.306 19812 19847 W System.err: 	at sun.nio.ch.DatagramChannelImpl.sendFromNativeBuffer(DatagramChannelImpl.java:573)
11-07 11:29:54.306 19812 19847 W System.err: 	at sun.nio.ch.DatagramChannelImpl.send(DatagramChannelImpl.java:550)
11-07 11:29:54.306 19812 19847 W System.err: 	at sun.nio.ch.DatagramChannelImpl.send(DatagramChannelImpl.java:514)
11-07 11:29:54.306 19812 19847 W System.err: 	at symlab.CloudAR.network.TransmissionTask.run(TransmissionTask.java:124)
11-07 11:29:54.306 19812 19847 W System.err: 	at android.os.Handler.handleCallback(Handler.java:907)
11-07 11:29:54.306 19812 19847 W System.err: 	at android.os.Handler.dispatchMessage(Handler.java:105)
11-07 11:29:54.306 19812 19847 W System.err: 	at android.os.Looper.loop(Looper.java:216)
11-07 11:29:54.306 19812 19847 W System.err: 	at android.os.HandlerThread.run(HandlerThread.java:65)
11-07 11:29:54.334 19812 19847 W System.err: java.net.SocketException: Message too long
11-07 11:29:54.334 19812 19847 W System.err: 	at sun.nio.ch.DatagramChannelImpl.send0(Native Method)
11-07 11:29:54.334 19812 19847 W System.err: 	at sun.nio.ch.DatagramChannelImpl.sendFromNativeBuffer(DatagramChannelImpl.java:573)
11-07 11:29:54.334 19812 19847 W System.err: 	at sun.nio.ch.DatagramChannelImpl.send(DatagramChannelImpl.java:550)
11-07 11:29:54.334 19812 19847 W System.err: 	at sun.nio.ch.DatagramChannelImpl.send(DatagramChannelImpl.java:514)
11-07 11:29:54.334 19812 19847 W System.err: 	at symlab.CloudAR.network.TransmissionTask.run(TransmissionTask.java:124)
11-07 11:29:54.334 19812 19847 W System.err: 	at android.os.Handler.handleCallback(Handler.java:907)
11-07 11:29:54.334 19812 19847 W System.err: 	at android.os.Handler.dispatchMessage(Handler.java:105)
11-07 11:29:54.334 19812 19847 W System.err: 	at android.os.Looper.loop(Looper.java:216)
11-07 11:29:54.334 19812 19847 W System.err: 	at android.os.HandlerThread.run(HandlerThread.java:65)
11-07 11:29:54.355 19812 19847 W System.err: java.net.SocketException: Message too long
11-07 11:29:54.356 19812 19847 W System.err: 	at sun.nio.ch.DatagramChannelImpl.send0(Native Method)
11-07 11:29:54.356 19812 19847 W System.err: 	at sun.nio.ch.DatagramChannelImpl.sendFromNativeBuffer(DatagramChannelImpl.java:573)
11-07 11:29:54.356 19812 19847 W System.err: 	at sun.nio.ch.DatagramChannelImpl.send(DatagramChannelImpl.java:550)
11-07 11:29:54.356 19812 19847 W System.err: 	at sun.nio.ch.DatagramChannelImpl.send(DatagramChannelImpl.java:514)
11-07 11:29:54.356 19812 19847 W System.err: 	at symlab.CloudAR.network.TransmissionTask.run(TransmissionTask.java:124)
11-07 11:29:54.356 19812 19847 W System.err: 	at android.os.Handler.handleCallback(Handler.java:907)
11-07 11:29:54.356 19812 19847 W System.err: 	at android.os.Handler.dispatchMessage(Handler.java:105)
11-07 11:29:54.356 19812 19847 W System.err: 	at android.os.Looper.loop(Looper.java:216)
11-07 11:29:54.356 19812 19847 W System.err: 	at android.os.HandlerThread.run(HandlerThread.java:65)
11-07 11:29:54.382 19812 19847 W System.err: java.net.SocketException: Message too long
11-07 11:29:54.382 19812 19847 W System.err: 	at sun.nio.ch.DatagramChannelImpl.send0(Native Method)
11-07 11:29:54.382 19812 19847 W System.err: 	at sun.nio.ch.DatagramChannelImpl.sendFromNativeBuffer(DatagramChannelImpl.java:573)
11-07 11:29:54.382 19812 19847 W System.err: 	at sun.nio.ch.DatagramChannelImpl.send(DatagramChannelImpl.java:550)
11-07 11:29:54.382 19812 19847 W System.err: 	at sun.nio.ch.DatagramChannelImpl.send(DatagramChannelImpl.java:514)
11-07 11:29:54.382 19812 19847 W System.err: 	at symlab.CloudAR.network.TransmissionTask.run(TransmissionTask.java:124)
11-07 11:29:54.382 19812 19847 W System.err: 	at android.os.Handler.handleCallback(Handler.java:907)
11-07 11:29:54.382 19812 19847 W System.err: 	at android.os.Handler.dispatchMessage(Handler.java:105)
11-07 11:29:54.382 19812 19847 W System.err: 	at android.os.Looper.loop(Looper.java:216)
11-07 11:29:54.382 19812 19847 W System.err: 	at android.os.HandlerThread.run(HandlerThread.java:65)
11-07 11:29:54.453 19812 19847 W System.err: java.net.SocketException: Message too long
11-07 11:29:54.453 19812 19847 W System.err: 	at sun.nio.ch.DatagramChannelImpl.send0(Native Method)
11-07 11:29:54.453 19812 19847 W System.err: 	at sun.nio.ch.DatagramChannelImpl.sendFromNativeBuffer(DatagramChannelImpl.java:573)
11-07 11:29:54.453 19812 19847 W System.err: 	at sun.nio.ch.DatagramChannelImpl.send(DatagramChannelImpl.java:550)
11-07 11:29:54.453 19812 19847 W System.err: 	at sun.nio.ch.DatagramChannelImpl.send(DatagramChannelImpl.java:514)
11-07 11:29:54.453 19812 19847 W System.err: 	at symlab.CloudAR.network.TransmissionTask.run(TransmissionTask.java:124)
11-07 11:29:54.453 19812 19847 W System.err: 	at android.os.Handler.handleCallback(Handler.java:907)
11-07 11:29:54.453 19812 19847 W System.err: 	at android.os.Handler.dispatchMessage(Handler.java:105)
11-07 11:29:54.453 19812 19847 W System.err: 	at android.os.Looper.loop(Looper.java:216)
11-07 11:29:54.453 19812 19847 W System.err: 	at android.os.HandlerThread.run(HandlerThread.java:65)
11-07 11:29:54.484 19812 19812 D Poster  : At 1573118994484 location is 65.0573659391024 (latitude), and 25.468595575699773 (longitude)
11-07 11:29:54.486 19812 19812 D Poster  : Connected to mobile network 20
11-07 11:29:54.489 19812 19847 W System.err: java.net.SocketException: Message too long
11-07 11:29:54.489 19812 19847 W System.err: 	at sun.nio.ch.DatagramChannelImpl.send0(Native Method)
11-07 11:29:54.489 19812 19847 W System.err: 	at sun.nio.ch.DatagramChannelImpl.sendFromNativeBuffer(DatagramChannelImpl.java:573)
11-07 11:29:54.489 19812 19847 W System.err: 	at sun.nio.ch.DatagramChannelImpl.send(DatagramChannelImpl.java:550)
11-07 11:29:54.489 19812 19847 W System.err: 	at sun.nio.ch.DatagramChannelImpl.send(DatagramChannelImpl.java:514)
11-07 11:29:54.489 19812 19847 W System.err: 	at symlab.CloudAR.network.TransmissionTask.run(TransmissionTask.java:124)
11-07 11:29:54.489 19812 19847 W System.err: 	at android.os.Handler.handleCallback(Handler.java:907)
11-07 11:29:54.489 19812 19847 W System.err: 	at android.os.Handler.dispatchMessage(Handler.java:105)
11-07 11:29:54.489 19812 19847 W System.err: 	at android.os.Looper.loop(Looper.java:216)
11-07 11:29:54.489 19812 19847 W System.err: 	at android.os.HandlerThread.run(HandlerThread.java:65)
11-07 11:29:54.513 19812 19847 W System.err: java.net.SocketException: Message too long
11-07 11:29:54.514 19812 19847 W System.err: 	at sun.nio.ch.DatagramChannelImpl.send0(Native Method)
11-07 11:29:54.514 19812 19847 W System.err: 	at sun.nio.ch.DatagramChannelImpl.sendFromNativeBuffer(DatagramChannelImpl.java:573)
11-07 11:29:54.514 19812 19847 W System.err: 	at sun.nio.ch.DatagramChannelImpl.send(DatagramChannelImpl.java:550)
11-07 11:29:54.514 19812 19847 W System.err: 	at sun.nio.ch.DatagramChannelImpl.send(DatagramChannelImpl.java:514)
11-07 11:29:54.514 19812 19847 W System.err: 	at symlab.CloudAR.network.TransmissionTask.run(TransmissionTask.java:124)
11-07 11:29:54.514 19812 19847 W System.err: 	at android.os.Handler.handleCallback(Handler.java:907)
11-07 11:29:54.514 19812 19847 W System.err: 	at android.os.Handler.dispatchMessage(Handler.java:105)
11-07 11:29:54.514 19812 19847 W System.err: 	at android.os.Looper.loop(Looper.java:216)
11-07 11:29:54.514 19812 19847 W System.err: 	at android.os.HandlerThread.run(HandlerThread.java:65)
11-07 11:29:54.546 19812 19847 W System.err: java.net.SocketException: Message too long
11-07 11:29:54.546 19812 19847 W System.err: 	at sun.nio.ch.DatagramChannelImpl.send0(Native Method)
11-07 11:29:54.546 19812 19847 W System.err: 	at sun.nio.ch.DatagramChannelImpl.sendFromNativeBuffer(DatagramChannelImpl.java:573)
11-07 11:29:54.546 19812 19847 W System.err: 	at sun.nio.ch.DatagramChannelImpl.send(DatagramChannelImpl.java:550)
11-07 11:29:54.546 19812 19847 W System.err: 	at sun.nio.ch.DatagramChannelImpl.send(DatagramChannelImpl.java:514)
11-07 11:29:54.546 19812 19847 W System.err: 	at symlab.CloudAR.network.TransmissionTask.run(TransmissionTask.java:124)
11-07 11:29:54.546 19812 19847 W System.err: 	at android.os.Handler.handleCallback(Handler.java:907)
11-07 11:29:54.546 19812 19847 W System.err: 	at android.os.Handler.dispatchMessage(Handler.java:105)
11-07 11:29:54.546 19812 19847 W System.err: 	at android.os.Looper.loop(Looper.java:216)
11-07 11:29:54.546 19812 19847 W System.err: 	at android.os.HandlerThread.run(HandlerThread.java:65)
11-07 11:29:54.626 19812 19847 W System.err: java.net.SocketException: Message too long
11-07 11:29:54.626 19812 19847 W System.err: 	at sun.nio.ch.DatagramChannelImpl.send0(Native Method)
11-07 11:29:54.626 19812 19847 W System.err: 	at sun.nio.ch.DatagramChannelImpl.sendFromNativeBuffer(DatagramChannelImpl.java:573)
11-07 11:29:54.626 19812 19847 W System.err: 	at sun.nio.ch.DatagramChannelImpl.send(DatagramChannelImpl.java:550)
11-07 11:29:54.626 19812 19847 W System.err: 	at sun.nio.ch.DatagramChannelImpl.send(DatagramChannelImpl.java:514)
11-07 11:29:54.626 19812 19847 W System.err: 	at symlab.CloudAR.network.TransmissionTask.run(TransmissionTask.java:124)
11-07 11:29:54.626 19812 19847 W System.err: 	at android.os.Handler.handleCallback(Handler.java:907)
11-07 11:29:54.626 19812 19847 W System.err: 	at android.os.Handler.dispatchMessage(Handler.java:105)
11-07 11:29:54.626 19812 19847 W System.err: 	at android.os.Looper.loop(Looper.java:216)
11-07 11:29:54.626 19812 19847 W System.err: 	at android.os.HandlerThread.run(HandlerThread.java:65)
11-07 11:29:54.647 19812 19847 W System.err: java.net.SocketException: Message too long
11-07 11:29:54.647 19812 19847 W System.err: 	at sun.nio.ch.DatagramChannelImpl.send0(Native Method)
11-07 11:29:54.647 19812 19847 W System.err: 	at sun.nio.ch.DatagramChannelImpl.sendFromNativeBuffer(DatagramChannelImpl.java:573)
11-07 11:29:54.647 19812 19847 W System.err: 	at sun.nio.ch.DatagramChannelImpl.send(DatagramChannelImpl.java:550)
11-07 11:29:54.647 19812 19847 W System.err: 	at sun.nio.ch.DatagramChannelImpl.send(DatagramChannelImpl.java:514)
11-07 11:29:54.647 19812 19847 W System.err: 	at symlab.CloudAR.network.TransmissionTask.run(TransmissionTask.java:124)
11-07 11:29:54.647 19812 19847 W System.err: 	at android.os.Handler.handleCallback(Handler.java:907)
11-07 11:29:54.647 19812 19847 W System.err: 	at android.os.Handler.dispatchMessage(Handler.java:105)
11-07 11:29:54.647 19812 19847 W System.err: 	at android.os.Looper.loop(Looper.java:216)
11-07 11:29:54.647 19812 19847 W System.err: 	at android.os.HandlerThread.run(HandlerThread.java:65)
11-07 11:29:54.676 19812 19847 W System.err: java.net.SocketException: Message too long
11-07 11:29:54.676 19812 19847 W System.err: 	at sun.nio.ch.DatagramChannelImpl.send0(Native Method)
11-07 11:29:54.676 19812 19847 W System.err: 	at sun.nio.ch.DatagramChannelImpl.sendFromNativeBuffer(DatagramChannelImpl.java:573)
11-07 11:29:54.676 19812 19847 W System.err: 	at sun.nio.ch.DatagramChannelImpl.send(DatagramChannelImpl.java:550)
11-07 11:29:54.676 19812 19847 W System.err: 	at sun.nio.ch.DatagramChannelImpl.send(DatagramChannelImpl.java:514)
11-07 11:29:54.676 19812 19847 W System.err: 	at symlab.CloudAR.network.TransmissionTask.run(TransmissionTask.java:124)
11-07 11:29:54.676 19812 19847 W System.err: 	at android.os.Handler.handleCallback(Handler.java:907)
11-07 11:29:54.676 19812 19847 W System.err: 	at android.os.Handler.dispatchMessage(Handler.java:105)
11-07 11:29:54.676 19812 19847 W System.err: 	at android.os.Looper.loop(Looper.java:216)
11-07 11:29:54.676 19812 19847 W System.err: 	at android.os.HandlerThread.run(HandlerThread.java:65)
11-07 11:29:54.706 19812 19823 E         : [ZeroHung]zrhung_get_config: Get config failed for wp[0x0008]
11-07 11:29:54.706 19812 19847 D Evaluation: Frame 1211 sent at 1573118994706
11-07 11:29:54.795 19812 19847 D Evaluation: Frame 1212 sent at 1573118994795
11-07 11:29:54.839 19812 19847 D Evaluation: Frame 1214 sent at 1573118994839
11-07 11:29:54.863 19812 19847 W System.err: java.net.SocketException: Message too long
11-07 11:29:54.863 19812 19847 W System.err: 	at sun.nio.ch.DatagramChannelImpl.send0(Native Method)
11-07 11:29:54.863 19812 19847 W System.err: 	at sun.nio.ch.DatagramChannelImpl.sendFromNativeBuffer(DatagramChannelImpl.java:573)
11-07 11:29:54.863 19812 19847 W System.err: 	at sun.nio.ch.DatagramChannelImpl.send(DatagramChannelImpl.java:550)
11-07 11:29:54.863 19812 19847 W System.err: 	at sun.nio.ch.DatagramChannelImpl.send(DatagramChannelImpl.java:514)
11-07 11:29:54.863 19812 19847 W System.err: 	at symlab.CloudAR.network.TransmissionTask.run(TransmissionTask.java:124)
11-07 11:29:54.863 19812 19847 W System.err: 	at android.os.Handler.handleCallback(Handler.java:907)
11-07 11:29:54.863 19812 19847 W System.err: 	at android.os.Handler.dispatchMessage(Handler.java:105)
11-07 11:29:54.863 19812 19847 W System.err: 	at android.os.Looper.loop(Looper.java:216)
11-07 11:29:54.863 19812 19847 W System.err: 	at android.os.HandlerThread.run(HandlerThread.java:65)
11-07 11:29:54.882 19812 19847 W System.err: java.net.SocketException: Message too long
11-07 11:29:54.882 19812 19847 W System.err: 	at sun.nio.ch.DatagramChannelImpl.send0(Native Method)
11-07 11:29:54.882 19812 19847 W System.err: 	at sun.nio.ch.DatagramChannelImpl.sendFromNativeBuffer(DatagramChannelImpl.java:573)
11-07 11:29:54.882 19812 19847 W System.err: 	at sun.nio.ch.DatagramChannelImpl.send(DatagramChannelImpl.java:550)
11-07 11:29:54.882 19812 19847 W System.err: 	at sun.nio.ch.DatagramChannelImpl.send(DatagramChannelImpl.java:514)
11-07 11:29:54.882 19812 19847 W System.err: 	at symlab.CloudAR.network.TransmissionTask.run(TransmissionTask.java:124)
11-07 11:29:54.882 19812 19847 W System.err: 	at android.os.Handler.handleCallback(Handler.java:907)
11-07 11:29:54.882 19812 19847 W System.err: 	at android.os.Handler.dispatchMessage(Handler.java:105)
11-07 11:29:54.882 19812 19847 W System.err: 	at android.os.Looper.loop(Looper.java:216)
11-07 11:29:54.882 19812 19847 W System.err: 	at android.os.HandlerThread.run(HandlerThread.java:65)
11-07 11:29:54.921 19812 19847 W System.err: java.net.SocketException: Message too long
11-07 11:29:54.921 19812 19847 W System.err: 	at sun.nio.ch.DatagramChannelImpl.send0(Native Method)
11-07 11:29:54.921 19812 19847 W System.err: 	at sun.nio.ch.DatagramChannelImpl.sendFromNativeBuffer(DatagramChannelImpl.java:573)
11-07 11:29:54.921 19812 19847 W System.err: 	at sun.nio.ch.DatagramChannelImpl.send(DatagramChannelImpl.java:550)
11-07 11:29:54.921 19812 19847 W System.err: 	at sun.nio.ch.DatagramChannelImpl.send(DatagramChannelImpl.java:514)
11-07 11:29:54.921 19812 19847 W System.err: 	at symlab.CloudAR.network.TransmissionTask.run(TransmissionTask.java:124)
11-07 11:29:54.921 19812 19847 W System.err: 	at android.os.Handler.handleCallback(Handler.java:907)
11-07 11:29:54.921 19812 19847 W System.err: 	at android.os.Handler.dispatchMessage(Handler.java:105)
11-07 11:29:54.921 19812 19847 W System.err: 	at android.os.Looper.loop(Looper.java:216)
11-07 11:29:54.921 19812 19847 W System.err: 	at android.os.HandlerThread.run(HandlerThread.java:65)
11-07 11:29:54.941 19812 19847 W System.err: java.net.SocketException: Message too long
11-07 11:29:54.941 19812 19847 W System.err: 	at sun.nio.ch.DatagramChannelImpl.send0(Native Method)
11-07 11:29:54.941 19812 19847 W System.err: 	at sun.nio.ch.DatagramChannelImpl.sendFromNativeBuffer(DatagramChannelImpl.java:573)
11-07 11:29:54.941 19812 19847 W System.err: 	at sun.nio.ch.DatagramChannelImpl.send(DatagramChannelImpl.java:550)
11-07 11:29:54.941 19812 19847 W System.err: 	at sun.nio.ch.DatagramChannelImpl.send(DatagramChannelImpl.java:514)
11-07 11:29:54.941 19812 19847 W System.err: 	at symlab.CloudAR.network.TransmissionTask.run(TransmissionTask.java:124)
11-07 11:29:54.941 19812 19847 W System.err: 	at android.os.Handler.handleCallback(Handler.java:907)
11-07 11:29:54.941 19812 19847 W System.err: 	at android.os.Handler.dispatchMessage(Handler.java:105)
11-07 11:29:54.941 19812 19847 W System.err: 	at android.os.Looper.loop(Looper.java:216)
11-07 11:29:54.941 19812 19847 W System.err: 	at android.os.HandlerThread.run(HandlerThread.java:65)
11-07 11:29:54.983 19812 19847 W System.err: java.net.SocketException: Message too long
11-07 11:29:54.983 19812 19847 W System.err: 	at sun.nio.ch.DatagramChannelImpl.send0(Native Method)
11-07 11:29:54.983 19812 19847 W System.err: 	at sun.nio.ch.DatagramChannelImpl.sendFromNativeBuffer(DatagramChannelImpl.java:573)
11-07 11:29:54.983 19812 19847 W System.err: 	at sun.nio.ch.DatagramChannelImpl.send(DatagramChannelImpl.java:550)
11-07 11:29:54.983 19812 19847 W System.err: 	at sun.nio.ch.DatagramChannelImpl.send(DatagramChannelImpl.java:514)
11-07 11:29:54.983 19812 19847 W System.err: 	at symlab.CloudAR.network.TransmissionTask.run(TransmissionTask.java:124)
11-07 11:29:54.983 19812 19847 W System.err: 	at android.os.Handler.handleCallback(Handler.java:907)
11-07 11:29:54.983 19812 19847 W System.err: 	at android.os.Handler.dispatchMessage(Handler.java:105)
11-07 11:29:54.983 19812 19847 W System.err: 	at android.os.Looper.loop(Looper.java:216)
11-07 11:29:54.984 19812 19847 W System.err: 	at android.os.HandlerThread.run(HandlerThread.java:65)
11-07 11:29:54.985 19812 19847 D Evaluation: 0 res for frame 1211 received at 1573118994985
11-07 11:29:55.012 19812 19847 W System.err: java.net.SocketException: Message too long
11-07 11:29:55.012 19812 19847 W System.err: 	at sun.nio.ch.DatagramChannelImpl.send0(Native Method)
11-07 11:29:55.012 19812 19847 W System.err: 	at sun.nio.ch.DatagramChannelImpl.sendFromNativeBuffer(DatagramChannelImpl.java:573)
11-07 11:29:55.012 19812 19847 W System.err: 	at sun.nio.ch.DatagramChannelImpl.send(DatagramChannelImpl.java:550)
11-07 11:29:55.012 19812 19847 W System.err: 	at sun.nio.ch.DatagramChannelImpl.send(DatagramChannelImpl.java:514)
11-07 11:29:55.013 19812 19847 W System.err: 	at symlab.CloudAR.network.TransmissionTask.run(TransmissionTask.java:124)
11-07 11:29:55.013 19812 19847 W System.err: 	at android.os.Handler.handleCallback(Handler.java:907)
11-07 11:29:55.013 19812 19847 W System.err: 	at android.os.Handler.dispatchMessage(Handler.java:105)
11-07 11:29:55.013 19812 19847 W System.err: 	at android.os.Looper.loop(Looper.java:216)
11-07 11:29:55.013 19812 19847 W System.err: 	at android.os.HandlerThread.run(HandlerThread.java:65)
11-07 11:29:55.064 19812 19847 W System.err: java.net.SocketException: Message too long
11-07 11:29:55.064 19812 19847 W System.err: 	at sun.nio.ch.DatagramChannelImpl.send0(Native Method)
11-07 11:29:55.064 19812 19847 W System.err: 	at sun.nio.ch.DatagramChannelImpl.sendFromNativeBuffer(DatagramChannelImpl.java:573)
11-07 11:29:55.064 19812 19847 W System.err: 	at sun.nio.ch.DatagramChannelImpl.send(DatagramChannelImpl.java:550)
11-07 11:29:55.064 19812 19847 W System.err: 	at sun.nio.ch.DatagramChannelImpl.send(DatagramChannelImpl.java:514)
11-07 11:29:55.064 19812 19847 W System.err: 	at symlab.CloudAR.network.TransmissionTask.run(TransmissionTask.java:124)
11-07 11:29:55.064 19812 19847 W System.err: 	at android.os.Handler.handleCallback(Handler.java:907)
11-07 11:29:55.064 19812 19847 W System.err: 	at android.os.Handler.dispatchMessage(Handler.java:105)
11-07 11:29:55.064 19812 19847 W System.err: 	at android.os.Looper.loop(Looper.java:216)
11-07 11:29:55.064 19812 19847 W System.err: 	at android.os.HandlerThread.run(HandlerThread.java:65)
11-07 11:29:55.086 19812 19847 W System.err: java.net.SocketException: Message too long
11-07 11:29:55.086 19812 19847 W System.err: 	at sun.nio.ch.DatagramChannelImpl.send0(Native Method)
11-07 11:29:55.086 19812 19847 W System.err: 	at sun.nio.ch.DatagramChannelImpl.sendFromNativeBuffer(DatagramChannelImpl.java:573)
11-07 11:29:55.086 19812 19847 W System.err: 	at sun.nio.ch.DatagramChannelImpl.send(DatagramChannelImpl.java:550)
11-07 11:29:55.086 19812 19847 W System.err: 	at sun.nio.ch.DatagramChannelImpl.send(DatagramChannelImpl.java:514)
11-07 11:29:55.086 19812 19847 W System.err: 	at symlab.CloudAR.network.TransmissionTask.run(TransmissionTask.java:124)
11-07 11:29:55.086 19812 19847 W System.err: 	at android.os.Handler.handleCallback(Handler.java:907)
11-07 11:29:55.086 19812 19847 W System.err: 	at android.os.Handler.dispatchMessage(Handler.java:105)
11-07 11:29:55.086 19812 19847 W System.err: 	at android.os.Looper.loop(Looper.java:216)
11-07 11:29:55.086 19812 19847 W System.err: 	at android.os.HandlerThread.run(HandlerThread.java:65)
11-07 11:29:55.120 19812 19847 W System.err: java.net.SocketException: Message too long
11-07 11:29:55.120 19812 19847 W System.err: 	at sun.nio.ch.DatagramChannelImpl.send0(Native Method)
11-07 11:29:55.120 19812 19847 W System.err: 	at sun.nio.ch.DatagramChannelImpl.sendFromNativeBuffer(DatagramChannelImpl.java:573)
11-07 11:29:55.120 19812 19847 W System.err: 	at sun.nio.ch.DatagramChannelImpl.send(DatagramChannelImpl.java:550)
11-07 11:29:55.120 19812 19847 W System.err: 	at sun.nio.ch.DatagramChannelImpl.send(DatagramChannelImpl.java:514)
11-07 11:29:55.120 19812 19847 W System.err: 	at symlab.CloudAR.network.TransmissionTask.run(TransmissionTask.java:124)
11-07 11:29:55.120 19812 19847 W System.err: 	at android.os.Handler.handleCallback(Handler.java:907)
11-07 11:29:55.120 19812 19847 W System.err: 	at android.os.Handler.dispatchMessage(Handler.java:105)
11-07 11:29:55.120 19812 19847 W System.err: 	at android.os.Looper.loop(Looper.java:216)
11-07 11:29:55.120 19812 19847 W System.err: 	at android.os.HandlerThread.run(HandlerThread.java:65)
11-07 11:29:55.152 19812 19847 W System.err: java.net.SocketException: Message too long
11-07 11:29:55.152 19812 19847 W System.err: 	at sun.nio.ch.DatagramChannelImpl.send0(Native Method)
11-07 11:29:55.152 19812 19847 W System.err: 	at sun.nio.ch.DatagramChannelImpl.sendFromNativeBuffer(DatagramChannelImpl.java:573)
11-07 11:29:55.152 19812 19847 W System.err: 	at sun.nio.ch.DatagramChannelImpl.send(DatagramChannelImpl.java:550)
11-07 11:29:55.152 19812 19847 W System.err: 	at sun.nio.ch.DatagramChannelImpl.send(DatagramChannelImpl.java:514)
11-07 11:29:55.152 19812 19847 W System.err: 	at symlab.CloudAR.network.TransmissionTask.run(TransmissionTask.java:124)
11-07 11:29:55.152 19812 19847 W System.err: 	at android.os.Handler.handleCallback(Handler.java:907)
11-07 11:29:55.152 19812 19847 W System.err: 	at android.os.Handler.dispatchMessage(Handler.java:105)
11-07 11:29:55.152 19812 19847 W System.err: 	at android.os.Looper.loop(Looper.java:216)
11-07 11:29:55.152 19812 19847 W System.err: 	at android.os.HandlerThread.run(HandlerThread.java:65)
11-07 11:29:55.181 19812 19847 W System.err: java.net.SocketException: Message too long
11-07 11:29:55.181 19812 19847 W System.err: 	at sun.nio.ch.DatagramChannelImpl.send0(Native Method)
11-07 11:29:55.181 19812 19847 W System.err: 	at sun.nio.ch.DatagramChannelImpl.sendFromNativeBuffer(DatagramChannelImpl.java:573)
11-07 11:29:55.181 19812 19847 W System.err: 	at sun.nio.ch.DatagramChannelImpl.send(DatagramChannelImpl.java:550)
11-07 11:29:55.181 19812 19847 W System.err: 	at sun.nio.ch.DatagramChannelImpl.send(DatagramChannelImpl.java:514)
11-07 11:29:55.181 19812 19847 W System.err: 	at symlab.CloudAR.network.TransmissionTask.run(TransmissionTask.java:124)
11-07 11:29:55.181 19812 19847 W System.err: 	at android.os.Handler.handleCallback(Handler.java:907)
11-07 11:29:55.181 19812 19847 W System.err: 	at android.os.Handler.dispatchMessage(Handler.java:105)
11-07 11:29:55.181 19812 19847 W System.err: 	at android.os.Looper.loop(Looper.java:216)
11-07 11:29:55.181 19812 19847 W System.err: 	at android.os.HandlerThread.run(HandlerThread.java:65)
11-07 11:29:55.221 19812 19847 W System.err: java.net.SocketException: Message too long
11-07 11:29:55.221 19812 19847 W System.err: 	at sun.nio.ch.DatagramChannelImpl.send0(Native Method)
11-07 11:29:55.221 19812 19847 W System.err: 	at sun.nio.ch.DatagramChannelImpl.sendFromNativeBuffer(DatagramChannelImpl.java:573)
11-07 11:29:55.221 19812 19847 W System.err: 	at sun.nio.ch.DatagramChannelImpl.send(DatagramChannelImpl.java:550)
11-07 11:29:55.221 19812 19847 W System.err: 	at sun.nio.ch.DatagramChannelImpl.send(DatagramChannelImpl.java:514)
11-07 11:29:55.221 19812 19847 W System.err: 	at symlab.CloudAR.network.TransmissionTask.run(TransmissionTask.java:124)
11-07 11:29:55.221 19812 19847 W System.err: 	at android.os.Handler.handleCallback(Handler.java:907)
11-07 11:29:55.221 19812 19847 W System.err: 	at android.os.Handler.dispatchMessage(Handler.java:105)
11-07 11:29:55.221 19812 19847 W System.err: 	at android.os.Looper.loop(Looper.java:216)
11-07 11:29:55.221 19812 19847 W System.err: 	at android.os.HandlerThread.run(HandlerThread.java:65)
11-07 11:29:55.223 19812 19847 D Evaluation: 0 res for frame 1212 received at 1573118995223
11-07 11:29:55.257 19812 19847 D Evaluation: Frame 1226 sent at 1573118995257
11-07 11:29:55.281 19812 19847 W System.err: java.net.SocketException: Message too long
11-07 11:29:55.281 19812 19847 W System.err: 	at sun.nio.ch.DatagramChannelImpl.send0(Native Method)
11-07 11:29:55.281 19812 19847 W System.err: 	at sun.nio.ch.DatagramChannelImpl.sendFromNativeBuffer(DatagramChannelImpl.java:573)
11-07 11:29:55.281 19812 19847 W System.err: 	at sun.nio.ch.DatagramChannelImpl.send(DatagramChannelImpl.java:550)
11-07 11:29:55.281 19812 19847 W System.err: 	at sun.nio.ch.DatagramChannelImpl.send(DatagramChannelImpl.java:514)
11-07 11:29:55.281 19812 19847 W System.err: 	at symlab.CloudAR.network.TransmissionTask.run(TransmissionTask.java:124)
11-07 11:29:55.281 19812 19847 W System.err: 	at android.os.Handler.handleCallback(Handler.java:907)
11-07 11:29:55.281 19812 19847 W System.err: 	at android.os.Handler.dispatchMessage(Handler.java:105)
11-07 11:29:55.281 19812 19847 W System.err: 	at android.os.Looper.loop(Looper.java:216)
11-07 11:29:55.281 19812 19847 W System.err: 	at android.os.HandlerThread.run(HandlerThread.java:65)
11-07 11:29:55.320 19812 19847 D Evaluation: Frame 1228 sent at 1573118995319
11-07 11:29:55.342 19812 19847 D Evaluation: Frame 1229 sent at 1573118995342
11-07 11:29:55.389 19812 19847 D Evaluation: Frame 1230 sent at 1573118995389
11-07 11:29:55.422 19812 19847 D Evaluation: Frame 1231 sent at 1573118995422
11-07 11:29:55.448 19812 19847 D Evaluation: Frame 1232 sent at 1573118995448
11-07 11:29:55.485 19812 19812 D Poster  : At 1573118995485 location is 65.05735290338107 (latitude), and 25.468580571377753 (longitude)
11-07 11:29:55.486 19812 19847 D Evaluation: Frame 1233 sent at 1573118995486
11-07 11:29:55.487 19812 19812 D Poster  : Connected to mobile network 20
11-07 11:29:55.510 19812 19847 D Evaluation: Frame 1234 sent at 1573118995510
11-07 11:29:55.557 19812 19847 D Evaluation: Frame 1236 sent at 1573118995557
11-07 11:29:55.580 19812 19847 D Evaluation: Frame 1236 sent at 1573118995580
11-07 11:29:55.582 19812 19847 D Evaluation: 0 res for frame 1226 received at 1573118995582
11-07 11:29:55.630 19812 19847 D Evaluation: Frame 1237 sent at 1573118995630
11-07 11:29:55.663 19812 19847 D Evaluation: Frame 1239 sent at 1573118995663
11-07 11:29:55.681 19812 19847 D Evaluation: Frame 1239 sent at 1573118995681
11-07 11:29:55.719 19812 19847 D Evaluation: Frame 1240 sent at 1573118995719
11-07 11:29:55.744 19812 19847 D Evaluation: Frame 1241 sent at 1573118995744
11-07 11:29:55.791 19812 19847 D Evaluation: Frame 1242 sent at 1573118995791
11-07 11:29:55.793 19812 19847 D Evaluation: 0 res for frame 1228 received at 1573118995793
11-07 11:29:55.834 19812 19847 D Evaluation: Frame 1243 sent at 1573118995834
11-07 11:29:55.834 19812 19823 E         : [ZeroHung]zrhung_get_config: Get config failed for wp[0x0008]
11-07 11:29:55.858 19812 19821 W System  : A resource failed to call close. 
11-07 11:29:55.859 19812 19821 W System  : A resource failed to call close. 
11-07 11:29:55.859 19812 19821 I chatty  : uid=10149(symlab.cloudridar.arhud) FinalizerDaemon identical 2 lines
11-07 11:29:55.859 19812 19821 W System  : A resource failed to call close. 
11-07 11:29:55.859 19812 19821 W System  : A resource failed to call close. 
11-07 11:29:55.859 19812 19821 I chatty  : uid=10149(symlab.cloudridar.arhud) FinalizerDaemon identical 1 line
11-07 11:29:55.859 19812 19821 W System  : A resource failed to call close. 
11-07 11:29:55.864 19812 19847 D Evaluation: Frame 1244 sent at 1573118995864
11-07 11:29:55.888 19812 19847 D Evaluation: Frame 1245 sent at 1573118995888
11-07 11:29:55.909 19812 19847 D Evaluation: Frame 1246 sent at 1573118995909
11-07 11:29:55.946 19812 19847 D Evaluation: Frame 1247 sent at 1573118995946
11-07 11:29:55.992 19812 19847 D Evaluation: Frame 1248 sent at 1573118995992
11-07 11:29:56.034 19812 19847 D Evaluation: Frame 1249 sent at 1573118996034
11-07 11:29:56.069 19812 19847 D Evaluation: Frame 1250 sent at 1573118996069
11-07 11:29:56.098 19812 19847 D Evaluation: Frame 1251 sent at 1573118996097
11-07 11:29:56.135 19812 19847 D Evaluation: Frame 1252 sent at 1573118996135
11-07 11:29:56.165 19812 19847 D Evaluation: Frame 1254 sent at 1573118996165
11-07 11:29:56.188 19812 19847 D Evaluation: Frame 1254 sent at 1573118996188
11-07 11:29:56.223 19812 19847 D Evaluation: Frame 1255 sent at 1573118996223
11-07 11:29:56.255 19812 19847 D Evaluation: Frame 1256 sent at 1573118996255
11-07 11:29:56.300 19812 19847 D Evaluation: Frame 1257 sent at 1573118996300
11-07 11:29:56.328 19812 19847 D Evaluation: Frame 1258 sent at 1573118996328
11-07 11:29:56.361 19812 19847 D Evaluation: Frame 1259 sent at 1573118996361
11-07 11:29:56.385 19812 19847 D Evaluation: Frame 1260 sent at 1573118996385
11-07 11:29:56.427 19812 19847 D Evaluation: Frame 1261 sent at 1573118996427
11-07 11:29:56.462 19812 19847 D Evaluation: Frame 1262 sent at 1573118996462
