11-06 13:24:30.174 15242 15275 W System.err: 	at android.os.Handler.handleCallback(Handler.java:907)
11-06 13:24:30.174 15242 15275 W System.err: 	at android.os.Handler.dispatchMessage(Handler.java:105)
11-06 13:24:30.174 15242 15275 W System.err: 	at android.os.Looper.loop(Looper.java:216)
11-06 13:24:30.174 15242 15275 W System.err: 	at android.os.HandlerThread.run(HandlerThread.java:65)
11-06 13:24:30.208 15242 15275 W System.err: java.net.SocketException: Message too long
11-06 13:24:30.208 15242 15275 W System.err: 	at sun.nio.ch.DatagramChannelImpl.send0(Native Method)
11-06 13:24:30.208 15242 15275 W System.err: 	at sun.nio.ch.DatagramChannelImpl.sendFromNativeBuffer(DatagramChannelImpl.java:573)
11-06 13:24:30.208 15242 15275 W System.err: 	at sun.nio.ch.DatagramChannelImpl.send(DatagramChannelImpl.java:550)
11-06 13:24:30.208 15242 15275 W System.err: 	at sun.nio.ch.DatagramChannelImpl.send(DatagramChannelImpl.java:514)
11-06 13:24:30.208 15242 15275 W System.err: 	at symlab.CloudAR.network.TransmissionTask.run(TransmissionTask.java:124)
11-06 13:24:30.208 15242 15275 W System.err: 	at android.os.Handler.handleCallback(Handler.java:907)
11-06 13:24:30.208 15242 15275 W System.err: 	at android.os.Handler.dispatchMessage(Handler.java:105)
11-06 13:24:30.208 15242 15275 W System.err: 	at android.os.Looper.loop(Looper.java:216)
11-06 13:24:30.208 15242 15275 W System.err: 	at android.os.HandlerThread.run(HandlerThread.java:65)
11-06 13:24:30.245 15242 15275 W System.err: java.net.SocketException: Message too long
11-06 13:24:30.245 15242 15275 W System.err: 	at sun.nio.ch.DatagramChannelImpl.send0(Native Method)
11-06 13:24:30.245 15242 15275 W System.err: 	at sun.nio.ch.DatagramChannelImpl.sendFromNativeBuffer(DatagramChannelImpl.java:573)
11-06 13:24:30.245 15242 15275 W System.err: 	at sun.nio.ch.DatagramChannelImpl.send(DatagramChannelImpl.java:550)
11-06 13:24:30.245 15242 15275 W System.err: 	at sun.nio.ch.DatagramChannelImpl.send(DatagramChannelImpl.java:514)
11-06 13:24:30.245 15242 15275 W System.err: 	at symlab.CloudAR.network.TransmissionTask.run(TransmissionTask.java:124)
11-06 13:24:30.245 15242 15275 W System.err: 	at android.os.Handler.handleCallback(Handler.java:907)
11-06 13:24:30.245 15242 15275 W System.err: 	at android.os.Handler.dispatchMessage(Handler.java:105)
11-06 13:24:30.245 15242 15275 W System.err: 	at android.os.Looper.loop(Looper.java:216)
11-06 13:24:30.245 15242 15275 W System.err: 	at android.os.HandlerThread.run(HandlerThread.java:65)
11-06 13:24:30.287 15242 15275 W System.err: java.net.SocketException: Message too long
11-06 13:24:30.287 15242 15275 W System.err: 	at sun.nio.ch.DatagramChannelImpl.send0(Native Method)
11-06 13:24:30.287 15242 15275 W System.err: 	at sun.nio.ch.DatagramChannelImpl.sendFromNativeBuffer(DatagramChannelImpl.java:573)
11-06 13:24:30.287 15242 15275 W System.err: 	at sun.nio.ch.DatagramChannelImpl.send(DatagramChannelImpl.java:550)
11-06 13:24:30.287 15242 15275 W System.err: 	at sun.nio.ch.DatagramChannelImpl.send(DatagramChannelImpl.java:514)
11-06 13:24:30.287 15242 15275 W System.err: 	at symlab.CloudAR.network.TransmissionTask.run(TransmissionTask.java:124)
11-06 13:24:30.287 15242 15275 W System.err: 	at android.os.Handler.handleCallback(Handler.java:907)
11-06 13:24:30.287 15242 15275 W System.err: 	at android.os.Handler.dispatchMessage(Handler.java:105)
11-06 13:24:30.287 15242 15275 W System.err: 	at android.os.Looper.loop(Looper.java:216)
11-06 13:24:30.287 15242 15275 W System.err: 	at android.os.HandlerThread.run(HandlerThread.java:65)
11-06 13:24:30.314 15242 15275 W System.err: java.net.SocketException: Message too long
11-06 13:24:30.314 15242 15275 W System.err: 	at sun.nio.ch.DatagramChannelImpl.send0(Native Method)
11-06 13:24:30.314 15242 15275 W System.err: 	at sun.nio.ch.DatagramChannelImpl.sendFromNativeBuffer(DatagramChannelImpl.java:573)
11-06 13:24:30.314 15242 15275 W System.err: 	at sun.nio.ch.DatagramChannelImpl.send(DatagramChannelImpl.java:550)
11-06 13:24:30.314 15242 15275 W System.err: 	at sun.nio.ch.DatagramChannelImpl.send(DatagramChannelImpl.java:514)
11-06 13:24:30.314 15242 15275 W System.err: 	at symlab.CloudAR.network.TransmissionTask.run(TransmissionTask.java:124)
11-06 13:24:30.314 15242 15275 W System.err: 	at android.os.Handler.handleCallback(Handler.java:907)
11-06 13:24:30.314 15242 15275 W System.err: 	at android.os.Handler.dispatchMessage(Handler.java:105)
11-06 13:24:30.314 15242 15275 W System.err: 	at android.os.Looper.loop(Looper.java:216)
11-06 13:24:30.314 15242 15275 W System.err: 	at android.os.HandlerThread.run(HandlerThread.java:65)
11-06 13:24:30.316 15242 15275 D Evaluation: 0 res for frame 393 received at 1573039470316
11-06 13:24:30.350 15242 15275 W System.err: java.net.SocketException: Message too long
11-06 13:24:30.350 15242 15275 W System.err: 	at sun.nio.ch.DatagramChannelImpl.send0(Native Method)
11-06 13:24:30.350 15242 15275 W System.err: 	at sun.nio.ch.DatagramChannelImpl.sendFromNativeBuffer(DatagramChannelImpl.java:573)
11-06 13:24:30.350 15242 15275 W System.err: 	at sun.nio.ch.DatagramChannelImpl.send(DatagramChannelImpl.java:550)
11-06 13:24:30.350 15242 15275 W System.err: 	at sun.nio.ch.DatagramChannelImpl.send(DatagramChannelImpl.java:514)
11-06 13:24:30.350 15242 15275 W System.err: 	at symlab.CloudAR.network.TransmissionTask.run(TransmissionTask.java:124)
11-06 13:24:30.350 15242 15275 W System.err: 	at android.os.Handler.handleCallback(Handler.java:907)
11-06 13:24:30.350 15242 15275 W System.err: 	at android.os.Handler.dispatchMessage(Handler.java:105)
11-06 13:24:30.350 15242 15275 W System.err: 	at android.os.Looper.loop(Looper.java:216)
11-06 13:24:30.350 15242 15275 W System.err: 	at android.os.HandlerThread.run(HandlerThread.java:65)
11-06 13:24:30.381 15242 15275 D Evaluation: Frame 407 sent at 1573039470381
11-06 13:24:30.414 15242 15275 D Evaluation: Frame 408 sent at 1573039470414
11-06 13:24:30.452 15242 15275 W System.err: java.net.SocketException: Message too long
11-06 13:24:30.452 15242 15275 W System.err: 	at sun.nio.ch.DatagramChannelImpl.send0(Native Method)
11-06 13:24:30.452 15242 15275 W System.err: 	at sun.nio.ch.DatagramChannelImpl.sendFromNativeBuffer(DatagramChannelImpl.java:573)
11-06 13:24:30.452 15242 15275 W System.err: 	at sun.nio.ch.DatagramChannelImpl.send(DatagramChannelImpl.java:550)
11-06 13:24:30.452 15242 15275 W System.err: 	at sun.nio.ch.DatagramChannelImpl.send(DatagramChannelImpl.java:514)
11-06 13:24:30.452 15242 15275 W System.err: 	at symlab.CloudAR.network.TransmissionTask.run(TransmissionTask.java:124)
11-06 13:24:30.452 15242 15275 W System.err: 	at android.os.Handler.handleCallback(Handler.java:907)
11-06 13:24:30.452 15242 15275 W System.err: 	at android.os.Handler.dispatchMessage(Handler.java:105)
11-06 13:24:30.452 15242 15275 W System.err: 	at android.os.Looper.loop(Looper.java:216)
11-06 13:24:30.452 15242 15275 W System.err: 	at android.os.HandlerThread.run(HandlerThread.java:65)
11-06 13:24:30.487 15242 15275 W System.err: java.net.SocketException: Message too long
11-06 13:24:30.487 15242 15275 W System.err: 	at sun.nio.ch.DatagramChannelImpl.send0(Native Method)
11-06 13:24:30.487 15242 15275 W System.err: 	at sun.nio.ch.DatagramChannelImpl.sendFromNativeBuffer(DatagramChannelImpl.java:573)
11-06 13:24:30.487 15242 15275 W System.err: 	at sun.nio.ch.DatagramChannelImpl.send(DatagramChannelImpl.java:550)
11-06 13:24:30.487 15242 15275 W System.err: 	at sun.nio.ch.DatagramChannelImpl.send(DatagramChannelImpl.java:514)
11-06 13:24:30.488 15242 15275 W System.err: 	at symlab.CloudAR.network.TransmissionTask.run(TransmissionTask.java:124)
11-06 13:24:30.488 15242 15275 W System.err: 	at android.os.Handler.handleCallback(Handler.java:907)
11-06 13:24:30.488 15242 15275 W System.err: 	at android.os.Handler.dispatchMessage(Handler.java:105)
11-06 13:24:30.488 15242 15275 W System.err: 	at android.os.Looper.loop(Looper.java:216)
11-06 13:24:30.488 15242 15275 W System.err: 	at android.os.HandlerThread.run(HandlerThread.java:65)
11-06 13:24:30.518 15242 15275 W System.err: java.net.SocketException: Message too long
11-06 13:24:30.518 15242 15275 W System.err: 	at sun.nio.ch.DatagramChannelImpl.send0(Native Method)
11-06 13:24:30.518 15242 15275 W System.err: 	at sun.nio.ch.DatagramChannelImpl.sendFromNativeBuffer(DatagramChannelImpl.java:573)
11-06 13:24:30.518 15242 15275 W System.err: 	at sun.nio.ch.DatagramChannelImpl.send(DatagramChannelImpl.java:550)
11-06 13:24:30.518 15242 15275 W System.err: 	at sun.nio.ch.DatagramChannelImpl.send(DatagramChannelImpl.java:514)
11-06 13:24:30.518 15242 15275 W System.err: 	at symlab.CloudAR.network.TransmissionTask.run(TransmissionTask.java:124)
11-06 13:24:30.518 15242 15275 W System.err: 	at android.os.Handler.handleCallback(Handler.java:907)
11-06 13:24:30.518 15242 15275 W System.err: 	at android.os.Handler.dispatchMessage(Handler.java:105)
11-06 13:24:30.518 15242 15275 W System.err: 	at android.os.Looper.loop(Looper.java:216)
11-06 13:24:30.518 15242 15275 W System.err: 	at android.os.HandlerThread.run(HandlerThread.java:65)
11-06 13:24:30.562 15242 15275 W System.err: java.net.SocketException: Message too long
11-06 13:24:30.562 15242 15275 W System.err: 	at sun.nio.ch.DatagramChannelImpl.send0(Native Method)
11-06 13:24:30.562 15242 15275 W System.err: 	at sun.nio.ch.DatagramChannelImpl.sendFromNativeBuffer(DatagramChannelImpl.java:573)
11-06 13:24:30.562 15242 15275 W System.err: 	at sun.nio.ch.DatagramChannelImpl.send(DatagramChannelImpl.java:550)
11-06 13:24:30.562 15242 15275 W System.err: 	at sun.nio.ch.DatagramChannelImpl.send(DatagramChannelImpl.java:514)
11-06 13:24:30.562 15242 15275 W System.err: 	at symlab.CloudAR.network.TransmissionTask.run(TransmissionTask.java:124)
11-06 13:24:30.562 15242 15275 W System.err: 	at android.os.Handler.handleCallback(Handler.java:907)
11-06 13:24:30.562 15242 15275 W System.err: 	at android.os.Handler.dispatchMessage(Handler.java:105)
11-06 13:24:30.562 15242 15275 W System.err: 	at android.os.Looper.loop(Looper.java:216)
11-06 13:24:30.562 15242 15275 W System.err: 	at android.os.HandlerThread.run(HandlerThread.java:65)
11-06 13:24:30.584 15242 15275 W System.err: java.net.SocketException: Message too long
11-06 13:24:30.584 15242 15275 W System.err: 	at sun.nio.ch.DatagramChannelImpl.send0(Native Method)
11-06 13:24:30.584 15242 15275 W System.err: 	at sun.nio.ch.DatagramChannelImpl.sendFromNativeBuffer(DatagramChannelImpl.java:573)
11-06 13:24:30.584 15242 15275 W System.err: 	at sun.nio.ch.DatagramChannelImpl.send(DatagramChannelImpl.java:550)
11-06 13:24:30.584 15242 15275 W System.err: 	at sun.nio.ch.DatagramChannelImpl.send(DatagramChannelImpl.java:514)
11-06 13:24:30.584 15242 15275 W System.err: 	at symlab.CloudAR.network.TransmissionTask.run(TransmissionTask.java:124)
11-06 13:24:30.584 15242 15275 W System.err: 	at android.os.Handler.handleCallback(Handler.java:907)
11-06 13:24:30.584 15242 15275 W System.err: 	at android.os.Handler.dispatchMessage(Handler.java:105)
11-06 13:24:30.584 15242 15275 W System.err: 	at android.os.Looper.loop(Looper.java:216)
11-06 13:24:30.584 15242 15275 W System.err: 	at android.os.HandlerThread.run(HandlerThread.java:65)
11-06 13:24:30.618 15242 15275 W System.err: java.net.SocketException: Message too long
11-06 13:24:30.618 15242 15275 W System.err: 	at sun.nio.ch.DatagramChannelImpl.send0(Native Method)
11-06 13:24:30.618 15242 15275 W System.err: 	at sun.nio.ch.DatagramChannelImpl.sendFromNativeBuffer(DatagramChannelImpl.java:573)
11-06 13:24:30.618 15242 15275 W System.err: 	at sun.nio.ch.DatagramChannelImpl.send(DatagramChannelImpl.java:550)
11-06 13:24:30.618 15242 15275 W System.err: 	at sun.nio.ch.DatagramChannelImpl.send(DatagramChannelImpl.java:514)
11-06 13:24:30.618 15242 15275 W System.err: 	at symlab.CloudAR.network.TransmissionTask.run(TransmissionTask.java:124)
11-06 13:24:30.618 15242 15275 W System.err: 	at android.os.Handler.handleCallback(Handler.java:907)
11-06 13:24:30.618 15242 15275 W System.err: 	at android.os.Handler.dispatchMessage(Handler.java:105)
11-06 13:24:30.618 15242 15275 W System.err: 	at android.os.Looper.loop(Looper.java:216)
11-06 13:24:30.618 15242 15275 W System.err: 	at android.os.HandlerThread.run(HandlerThread.java:65)
11-06 13:24:30.657 15242 15275 W System.err: java.net.SocketException: Message too long
11-06 13:24:30.658 15242 15275 W System.err: 	at sun.nio.ch.DatagramChannelImpl.send0(Native Method)
11-06 13:24:30.658 15242 15275 W System.err: 	at sun.nio.ch.DatagramChannelImpl.sendFromNativeBuffer(DatagramChannelImpl.java:573)
11-06 13:24:30.658 15242 15275 W System.err: 	at sun.nio.ch.DatagramChannelImpl.send(DatagramChannelImpl.java:550)
11-06 13:24:30.658 15242 15275 W System.err: 	at sun.nio.ch.DatagramChannelImpl.send(DatagramChannelImpl.java:514)
11-06 13:24:30.658 15242 15275 W System.err: 	at symlab.CloudAR.network.TransmissionTask.run(TransmissionTask.java:124)
11-06 13:24:30.658 15242 15275 W System.err: 	at android.os.Handler.handleCallback(Handler.java:907)
11-06 13:24:30.658 15242 15275 W System.err: 	at android.os.Handler.dispatchMessage(Handler.java:105)
11-06 13:24:30.658 15242 15275 W System.err: 	at android.os.Looper.loop(Looper.java:216)
11-06 13:24:30.658 15242 15275 W System.err: 	at android.os.HandlerThread.run(HandlerThread.java:65)
11-06 13:24:30.659 15242 15275 D Evaluation: 0 res for frame 407 received at 1573039470659
11-06 13:24:30.680 15242 15275 W System.err: java.net.SocketException: Message too long
11-06 13:24:30.680 15242 15275 W System.err: 	at sun.nio.ch.DatagramChannelImpl.send0(Native Method)
11-06 13:24:30.680 15242 15275 W System.err: 	at sun.nio.ch.DatagramChannelImpl.sendFromNativeBuffer(DatagramChannelImpl.java:573)
11-06 13:24:30.680 15242 15275 W System.err: 	at sun.nio.ch.DatagramChannelImpl.send(DatagramChannelImpl.java:550)
11-06 13:24:30.680 15242 15275 W System.err: 	at sun.nio.ch.DatagramChannelImpl.send(DatagramChannelImpl.java:514)
11-06 13:24:30.680 15242 15275 W System.err: 	at symlab.CloudAR.network.TransmissionTask.run(TransmissionTask.java:124)
11-06 13:24:30.680 15242 15275 W System.err: 	at android.os.Handler.handleCallback(Handler.java:907)
11-06 13:24:30.680 15242 15275 W System.err: 	at android.os.Handler.dispatchMessage(Handler.java:105)
11-06 13:24:30.680 15242 15275 W System.err: 	at android.os.Looper.loop(Looper.java:216)
11-06 13:24:30.680 15242 15275 W System.err: 	at android.os.HandlerThread.run(HandlerThread.java:65)
11-06 13:24:30.718 15242 15275 W System.err: java.net.SocketException: Message too long
11-06 13:24:30.719 15242 15275 W System.err: 	at sun.nio.ch.DatagramChannelImpl.send0(Native Method)
11-06 13:24:30.719 15242 15275 W System.err: 	at sun.nio.ch.DatagramChannelImpl.sendFromNativeBuffer(DatagramChannelImpl.java:573)
11-06 13:24:30.719 15242 15275 W System.err: 	at sun.nio.ch.DatagramChannelImpl.send(DatagramChannelImpl.java:550)
11-06 13:24:30.719 15242 15275 W System.err: 	at sun.nio.ch.DatagramChannelImpl.send(DatagramChannelImpl.java:514)
11-06 13:24:30.719 15242 15275 W System.err: 	at symlab.CloudAR.network.TransmissionTask.run(TransmissionTask.java:124)
11-06 13:24:30.719 15242 15275 W System.err: 	at android.os.Handler.handleCallback(Handler.java:907)
11-06 13:24:30.719 15242 15275 W System.err: 	at android.os.Handler.dispatchMessage(Handler.java:105)
11-06 13:24:30.719 15242 15275 W System.err: 	at android.os.Looper.loop(Looper.java:216)
11-06 13:24:30.719 15242 15275 W System.err: 	at android.os.HandlerThread.run(HandlerThread.java:65)
11-06 13:24:30.745 15242 15275 W System.err: java.net.SocketException: Message too long
11-06 13:24:30.745 15242 15275 W System.err: 	at sun.nio.ch.DatagramChannelImpl.send0(Native Method)
11-06 13:24:30.745 15242 15275 W System.err: 	at sun.nio.ch.DatagramChannelImpl.sendFromNativeBuffer(DatagramChannelImpl.java:573)
11-06 13:24:30.745 15242 15275 W System.err: 	at sun.nio.ch.DatagramChannelImpl.send(DatagramChannelImpl.java:550)
11-06 13:24:30.745 15242 15275 W System.err: 	at sun.nio.ch.DatagramChannelImpl.send(DatagramChannelImpl.java:514)
11-06 13:24:30.745 15242 15275 W System.err: 	at symlab.CloudAR.network.TransmissionTask.run(TransmissionTask.java:124)
11-06 13:24:30.745 15242 15275 W System.err: 	at android.os.Handler.handleCallback(Handler.java:907)
11-06 13:24:30.745 15242 15275 W System.err: 	at android.os.Handler.dispatchMessage(Handler.java:105)
11-06 13:24:30.745 15242 15275 W System.err: 	at android.os.Looper.loop(Looper.java:216)
11-06 13:24:30.745 15242 15275 W System.err: 	at android.os.HandlerThread.run(HandlerThread.java:65)
11-06 13:24:30.787 15242 15275 W System.err: java.net.SocketException: Message too long
11-06 13:24:30.787 15242 15275 W System.err: 	at sun.nio.ch.DatagramChannelImpl.send0(Native Method)
11-06 13:24:30.787 15242 15275 W System.err: 	at sun.nio.ch.DatagramChannelImpl.sendFromNativeBuffer(DatagramChannelImpl.java:573)
11-06 13:24:30.787 15242 15275 W System.err: 	at sun.nio.ch.DatagramChannelImpl.send(DatagramChannelImpl.java:550)
11-06 13:24:30.787 15242 15275 W System.err: 	at sun.nio.ch.DatagramChannelImpl.send(DatagramChannelImpl.java:514)
11-06 13:24:30.787 15242 15275 W System.err: 	at symlab.CloudAR.network.TransmissionTask.run(TransmissionTask.java:124)
11-06 13:24:30.787 15242 15275 W System.err: 	at android.os.Handler.handleCallback(Handler.java:907)
11-06 13:24:30.787 15242 15275 W System.err: 	at android.os.Handler.dispatchMessage(Handler.java:105)
11-06 13:24:30.787 15242 15275 W System.err: 	at android.os.Looper.loop(Looper.java:216)
11-06 13:24:30.787 15242 15275 W System.err: 	at android.os.HandlerThread.run(HandlerThread.java:65)
11-06 13:24:30.816 15242 15275 W System.err: java.net.SocketException: Message too long
11-06 13:24:30.816 15242 15275 W System.err: 	at sun.nio.ch.DatagramChannelImpl.send0(Native Method)
11-06 13:24:30.816 15242 15275 W System.err: 	at sun.nio.ch.DatagramChannelImpl.sendFromNativeBuffer(DatagramChannelImpl.java:573)
11-06 13:24:30.816 15242 15275 W System.err: 	at sun.nio.ch.DatagramChannelImpl.send(DatagramChannelImpl.java:550)
11-06 13:24:30.816 15242 15275 W System.err: 	at sun.nio.ch.DatagramChannelImpl.send(DatagramChannelImpl.java:514)
11-06 13:24:30.816 15242 15275 W System.err: 	at symlab.CloudAR.network.TransmissionTask.run(TransmissionTask.java:124)
11-06 13:24:30.816 15242 15275 W System.err: 	at android.os.Handler.handleCallback(Handler.java:907)
11-06 13:24:30.816 15242 15275 W System.err: 	at android.os.Handler.dispatchMessage(Handler.java:105)
11-06 13:24:30.816 15242 15275 W System.err: 	at android.os.Looper.loop(Looper.java:216)
11-06 13:24:30.816 15242 15275 W System.err: 	at android.os.HandlerThread.run(HandlerThread.java:65)
11-06 13:24:30.857 15242 15275 D Evaluation: Frame 421 sent at 1573039470857
11-06 13:24:30.859 15242 15275 D Evaluation: 0 res for frame 408 received at 1573039470859
11-06 13:24:30.893 15242 15275 D Evaluation: Frame 423 sent at 1573039470893
11-06 13:24:30.916 15242 15253 E         : [ZeroHung]zrhung_get_config: Get config failed for wp[0x0008]
11-06 13:24:30.916 15242 15275 W System.err: java.net.SocketException: Message too long
11-06 13:24:30.916 15242 15275 W System.err: 	at sun.nio.ch.DatagramChannelImpl.send0(Native Method)
11-06 13:24:30.916 15242 15275 W System.err: 	at sun.nio.ch.DatagramChannelImpl.sendFromNativeBuffer(DatagramChannelImpl.java:573)
11-06 13:24:30.916 15242 15275 W System.err: 	at sun.nio.ch.DatagramChannelImpl.send(DatagramChannelImpl.java:550)
11-06 13:24:30.916 15242 15275 W System.err: 	at sun.nio.ch.DatagramChannelImpl.send(DatagramChannelImpl.java:514)
11-06 13:24:30.916 15242 15275 W System.err: 	at symlab.CloudAR.network.TransmissionTask.run(TransmissionTask.java:124)
11-06 13:24:30.916 15242 15275 W System.err: 	at android.os.Handler.handleCallback(Handler.java:907)
11-06 13:24:30.917 15242 15275 W System.err: 	at android.os.Handler.dispatchMessage(Handler.java:105)
11-06 13:24:30.917 15242 15275 W System.err: 	at android.os.Looper.loop(Looper.java:216)
11-06 13:24:30.917 15242 15275 W System.err: 	at android.os.HandlerThread.run(HandlerThread.java:65)
11-06 13:24:30.934 15242 15251 W System  : A resource failed to call close. 
11-06 13:24:30.935 15242 15251 I chatty  : uid=10149(symlab.cloudridar.arhud) FinalizerDaemon identical 4 lines
11-06 13:24:30.935 15242 15251 W System  : A resource failed to call close. 
11-06 13:24:30.951 15242 15275 W System.err: java.net.SocketException: Message too long
11-06 13:24:30.951 15242 15275 W System.err: 	at sun.nio.ch.DatagramChannelImpl.send0(Native Method)
11-06 13:24:30.951 15242 15275 W System.err: 	at sun.nio.ch.DatagramChannelImpl.sendFromNativeBuffer(DatagramChannelImpl.java:573)
11-06 13:24:30.951 15242 15275 W System.err: 	at sun.nio.ch.DatagramChannelImpl.send(DatagramChannelImpl.java:550)
11-06 13:24:30.951 15242 15275 W System.err: 	at sun.nio.ch.DatagramChannelImpl.send(DatagramChannelImpl.java:514)
11-06 13:24:30.951 15242 15275 W System.err: 	at symlab.CloudAR.network.TransmissionTask.run(TransmissionTask.java:124)
11-06 13:24:30.951 15242 15275 W System.err: 	at android.os.Handler.handleCallback(Handler.java:907)
11-06 13:24:30.951 15242 15275 W System.err: 	at android.os.Handler.dispatchMessage(Handler.java:105)
11-06 13:24:30.951 15242 15275 W System.err: 	at android.os.Looper.loop(Looper.java:216)
11-06 13:24:30.951 15242 15275 W System.err: 	at android.os.HandlerThread.run(HandlerThread.java:65)
11-06 13:24:30.980 15242 15275 W System.err: java.net.SocketException: Message too long
11-06 13:24:30.980 15242 15275 W System.err: 	at sun.nio.ch.DatagramChannelImpl.send0(Native Method)
11-06 13:24:30.980 15242 15275 W System.err: 	at sun.nio.ch.DatagramChannelImpl.sendFromNativeBuffer(DatagramChannelImpl.java:573)
11-06 13:24:30.980 15242 15275 W System.err: 	at sun.nio.ch.DatagramChannelImpl.send(DatagramChannelImpl.java:550)
11-06 13:24:30.980 15242 15275 W System.err: 	at sun.nio.ch.DatagramChannelImpl.send(DatagramChannelImpl.java:514)
11-06 13:24:30.980 15242 15275 W System.err: 	at symlab.CloudAR.network.TransmissionTask.run(TransmissionTask.java:124)
11-06 13:24:30.980 15242 15275 W System.err: 	at android.os.Handler.handleCallback(Handler.java:907)
11-06 13:24:30.980 15242 15275 W System.err: 	at android.os.Handler.dispatchMessage(Handler.java:105)
11-06 13:24:30.980 15242 15275 W System.err: 	at android.os.Looper.loop(Looper.java:216)
11-06 13:24:30.980 15242 15275 W System.err: 	at android.os.HandlerThread.run(HandlerThread.java:65)
11-06 13:24:31.016 15242 15275 D Evaluation: Frame 426 sent at 1573039471016
11-06 13:24:31.035 15242 15242 D Poster  : At 1573039471035 location is 65.06012928965545 (latitude), and 25.466722193408025 (longitude)
11-06 13:24:31.037 15242 15242 D Poster  : Connected to mobile network 20
11-06 13:24:31.053 15242 15275 D Evaluation: Frame 427 sent at 1573039471053
11-06 13:24:31.086 15242 15275 D Evaluation: Frame 428 sent at 1573039471086
11-06 13:24:31.122 15242 15275 W System.err: java.net.SocketException: Message too long
11-06 13:24:31.123 15242 15275 W System.err: 	at sun.nio.ch.DatagramChannelImpl.send0(Native Method)
11-06 13:24:31.123 15242 15275 W System.err: 	at sun.nio.ch.DatagramChannelImpl.sendFromNativeBuffer(DatagramChannelImpl.java:573)
11-06 13:24:31.123 15242 15275 W System.err: 	at sun.nio.ch.DatagramChannelImpl.send(DatagramChannelImpl.java:550)
11-06 13:24:31.123 15242 15275 W System.err: 	at sun.nio.ch.DatagramChannelImpl.send(DatagramChannelImpl.java:514)
11-06 13:24:31.123 15242 15275 W System.err: 	at symlab.CloudAR.network.TransmissionTask.run(TransmissionTask.java:124)
11-06 13:24:31.123 15242 15275 W System.err: 	at android.os.Handler.handleCallback(Handler.java:907)
11-06 13:24:31.123 15242 15275 W System.err: 	at android.os.Handler.dispatchMessage(Handler.java:105)
11-06 13:24:31.123 15242 15275 W System.err: 	at android.os.Looper.loop(Looper.java:216)
11-06 13:24:31.123 15242 15275 W System.err: 	at android.os.HandlerThread.run(HandlerThread.java:65)
11-06 13:24:31.125 15242 15275 D Evaluation: 0 res for frame 421 received at 1573039471124
11-06 13:24:31.159 15242 15275 W System.err: java.net.SocketException: Message too long
11-06 13:24:31.159 15242 15275 W System.err: 	at sun.nio.ch.DatagramChannelImpl.send0(Native Method)
11-06 13:24:31.159 15242 15275 W System.err: 	at sun.nio.ch.DatagramChannelImpl.sendFromNativeBuffer(DatagramChannelImpl.java:573)
11-06 13:24:31.159 15242 15275 W System.err: 	at sun.nio.ch.DatagramChannelImpl.send(DatagramChannelImpl.java:550)
11-06 13:24:31.159 15242 15275 W System.err: 	at sun.nio.ch.DatagramChannelImpl.send(DatagramChannelImpl.java:514)
11-06 13:24:31.159 15242 15275 W System.err: 	at symlab.CloudAR.network.TransmissionTask.run(TransmissionTask.java:124)
11-06 13:24:31.159 15242 15275 W System.err: 	at android.os.Handler.handleCallback(Handler.java:907)
11-06 13:24:31.159 15242 15275 W System.err: 	at android.os.Handler.dispatchMessage(Handler.java:105)
11-06 13:24:31.159 15242 15275 W System.err: 	at android.os.Looper.loop(Looper.java:216)
11-06 13:24:31.159 15242 15275 W System.err: 	at android.os.HandlerThread.run(HandlerThread.java:65)
11-06 13:24:31.198 15242 15275 W System.err: java.net.SocketException: Message too long
11-06 13:24:31.198 15242 15275 W System.err: 	at sun.nio.ch.DatagramChannelImpl.send0(Native Method)
11-06 13:24:31.198 15242 15275 W System.err: 	at sun.nio.ch.DatagramChannelImpl.sendFromNativeBuffer(DatagramChannelImpl.java:573)
11-06 13:24:31.198 15242 15275 W System.err: 	at sun.nio.ch.DatagramChannelImpl.send(DatagramChannelImpl.java:550)
11-06 13:24:31.198 15242 15275 W System.err: 	at sun.nio.ch.DatagramChannelImpl.send(DatagramChannelImpl.java:514)
11-06 13:24:31.198 15242 15275 W System.err: 	at symlab.CloudAR.network.TransmissionTask.run(TransmissionTask.java:124)
11-06 13:24:31.198 15242 15275 W System.err: 	at android.os.Handler.handleCallback(Handler.java:907)
11-06 13:24:31.198 15242 15275 W System.err: 	at android.os.Handler.dispatchMessage(Handler.java:105)
11-06 13:24:31.198 15242 15275 W System.err: 	at android.os.Looper.loop(Looper.java:216)
11-06 13:24:31.198 15242 15275 W System.err: 	at android.os.HandlerThread.run(HandlerThread.java:65)
11-06 13:24:31.222 15242 15275 W System.err: java.net.SocketException: Message too long
11-06 13:24:31.222 15242 15275 W System.err: 	at sun.nio.ch.DatagramChannelImpl.send0(Native Method)
11-06 13:24:31.222 15242 15275 W System.err: 	at sun.nio.ch.DatagramChannelImpl.sendFromNativeBuffer(DatagramChannelImpl.java:573)
11-06 13:24:31.222 15242 15275 W System.err: 	at sun.nio.ch.DatagramChannelImpl.send(DatagramChannelImpl.java:550)
11-06 13:24:31.222 15242 15275 W System.err: 	at sun.nio.ch.DatagramChannelImpl.send(DatagramChannelImpl.java:514)
11-06 13:24:31.222 15242 15275 W System.err: 	at symlab.CloudAR.network.TransmissionTask.run(TransmissionTask.java:124)
11-06 13:24:31.222 15242 15275 W System.err: 	at android.os.Handler.handleCallback(Handler.java:907)
11-06 13:24:31.222 15242 15275 W System.err: 	at android.os.Handler.dispatchMessage(Handler.java:105)
11-06 13:24:31.222 15242 15275 W System.err: 	at android.os.Looper.loop(Looper.java:216)
11-06 13:24:31.222 15242 15275 W System.err: 	at android.os.HandlerThread.run(HandlerThread.java:65)
11-06 13:24:31.279 15242 15275 D Evaluation: Frame 433 sent at 1573039471279
11-06 13:24:31.319 15242 15275 D Evaluation: Frame 434 sent at 1573039471319
11-06 13:24:31.321 15242 15275 D Evaluation: 0 res for frame 423 received at 1573039471321
11-06 13:24:31.358 15242 15275 D Evaluation: Frame 435 sent at 1573039471358
11-06 13:24:31.390 15242 15275 D Evaluation: Frame 436 sent at 1573039471389
11-06 13:24:31.423 15242 15275 D Evaluation: Frame 437 sent at 1573039471423
11-06 13:24:31.453 15242 15275 D Evaluation: Frame 438 sent at 1573039471453
11-06 13:24:31.493 15242 15275 D Evaluation: Frame 439 sent at 1573039471493
11-06 13:24:31.519 15242 15275 D Evaluation: Frame 440 sent at 1573039471519
11-06 13:24:31.521 15242 15275 D Evaluation: 1 res for frame 426 received at 1573039471521
11-06 13:24:31.560 15242 15275 D Evaluation: Frame 441 sent at 1573039471559
11-06 13:24:31.595 15242 15275 D Evaluation: Frame 442 sent at 1573039471595
11-06 13:24:31.628 15242 15275 D Evaluation: Frame 443 sent at 1573039471628
11-06 13:24:31.659 15242 15275 D Evaluation: Frame 444 sent at 1573039471659
11-06 13:24:31.685 15242 15275 D Evaluation: Frame 445 sent at 1573039471685
11-06 13:24:31.722 15242 15275 D Evaluation: Frame 446 sent at 1573039471722
11-06 13:24:31.751 15242 15275 D Evaluation: Frame 447 sent at 1573039471751
11-06 13:24:31.791 15242 15275 D Evaluation: Frame 448 sent at 1573039471791
11-06 13:24:31.824 15242 15275 D Evaluation: Frame 449 sent at 1573039471824
11-06 13:24:31.826 15242 15275 D Evaluation: 0 res for frame 433 received at 1573039471826
11-06 13:24:31.857 15242 15275 D Evaluation: Frame 450 sent at 1573039471857
11-06 13:24:31.896 15242 15275 W System.err: java.net.SocketException: Message too long
11-06 13:24:31.896 15242 15275 W System.err: 	at sun.nio.ch.DatagramChannelImpl.send0(Native Method)
11-06 13:24:31.896 15242 15275 W System.err: 	at sun.nio.ch.DatagramChannelImpl.sendFromNativeBuffer(DatagramChannelImpl.java:573)
11-06 13:24:31.896 15242 15275 W System.err: 	at sun.nio.ch.DatagramChannelImpl.send(DatagramChannelImpl.java:550)
11-06 13:24:31.896 15242 15275 W System.err: 	at sun.nio.ch.DatagramChannelImpl.send(DatagramChannelImpl.java:514)
11-06 13:24:31.896 15242 15275 W System.err: 	at symlab.CloudAR.network.TransmissionTask.run(TransmissionTask.java:124)
11-06 13:24:31.896 15242 15275 W System.err: 	at android.os.Handler.handleCallback(Handler.java:907)
11-06 13:24:31.896 15242 15275 W System.err: 	at android.os.Handler.dispatchMessage(Handler.java:105)
11-06 13:24:31.896 15242 15275 W System.err: 	at android.os.Looper.loop(Looper.java:216)
11-06 13:24:31.897 15242 15275 W System.err: 	at android.os.HandlerThread.run(HandlerThread.java:65)
11-06 13:24:31.923 15242 15275 D Evaluation: Frame 452 sent at 1573039471923
11-06 13:24:31.958 15242 15275 D Evaluation: Frame 453 sent at 1573039471958
11-06 13:24:31.990 15242 15275 D Evaluation: Frame 454 sent at 1573039471990
11-06 13:24:32.019 15242 15275 D Evaluation: Frame 455 sent at 1573039472019
11-06 13:24:32.029 15242 15242 D Poster  : At 1573039472028 location is 65.06013206223811 (latitude), and 25.466716803208815 (longitude)
11-06 13:24:32.030 15242 15242 D Poster  : Connected to mobile network 20
11-06 13:24:32.084 15242 15253 E         : [ZeroHung]zrhung_get_config: Get config failed for wp[0x0008]
11-06 13:24:32.085 15242 15275 D Evaluation: Frame 457 sent at 1573039472084
11-06 13:24:32.105 15242 15251 W System  : A resource failed to call close. 
11-06 13:24:32.106 15242 15251 I chatty  : uid=10149(symlab.cloudridar.arhud) FinalizerDaemon identical 6 lines
11-06 13:24:32.106 15242 15251 W System  : A resource failed to call close. 
11-06 13:24:32.114 15242 15275 D Evaluation: Frame 458 sent at 1573039472114
11-06 13:24:32.140 15242 15275 D Evaluation: Frame 459 sent at 1573039472140
11-06 13:24:32.161 15242 15275 D Evaluation: Frame 459 sent at 1573039472161
11-06 13:24:32.194 15242 15275 D Evaluation: Frame 460 sent at 1573039472194
11-06 13:24:32.230 15242 15275 D Evaluation: Frame 461 sent at 1573039472230
11-06 13:24:32.251 15242 15275 D Evaluation: Frame 462 sent at 1573039472251
11-06 13:24:32.287 15242 15275 W System.err: java.net.SocketException: Message too long
11-06 13:24:32.287 15242 15275 W System.err: 	at sun.nio.ch.DatagramChannelImpl.send0(Native Method)
11-06 13:24:32.287 15242 15275 W System.err: 	at sun.nio.ch.DatagramChannelImpl.sendFromNativeBuffer(DatagramChannelImpl.java:573)
11-06 13:24:32.287 15242 15275 W System.err: 	at sun.nio.ch.DatagramChannelImpl.send(DatagramChannelImpl.java:550)
11-06 13:24:32.287 15242 15275 W System.err: 	at sun.nio.ch.DatagramChannelImpl.send(DatagramChannelImpl.java:514)
11-06 13:24:32.287 15242 15275 W System.err: 	at symlab.CloudAR.network.TransmissionTask.run(TransmissionTask.java:124)
11-06 13:24:32.287 15242 15275 W System.err: 	at android.os.Handler.handleCallback(Handler.java:907)
11-06 13:24:32.287 15242 15275 W System.err: 	at android.os.Handler.dispatchMessage(Handler.java:105)
11-06 13:24:32.287 15242 15275 W System.err: 	at android.os.Looper.loop(Looper.java:216)
11-06 13:24:32.287 15242 15275 W System.err: 	at android.os.HandlerThread.run(HandlerThread.java:65)
11-06 13:24:32.325 15242 15275 D Evaluation: Frame 464 sent at 1573039472325
11-06 13:24:32.355 15242 15275 D Evaluation: Frame 465 sent at 1573039472355
11-06 13:24:32.401 15242 15275 D Evaluation: Frame 466 sent at 1573039472401
11-06 13:24:32.431 15242 15275 D Evaluation: Frame 467 sent at 1573039472431
11-06 13:24:32.470 15242 15275 D Evaluation: Frame 468 sent at 1573039472470
11-06 13:24:32.537 15242 15275 D Evaluation: Frame 469 sent at 1573039472537
11-06 13:24:32.568 15242 15275 D Evaluation: Frame 470 sent at 1573039472568
11-06 13:24:32.596 15242 15275 D Evaluation: Frame 471 sent at 1573039472595
11-06 13:24:32.636 15242 15275 D Evaluation: Frame 472 sent at 1573039472636
11-06 13:24:32.669 15242 15275 D Evaluation: Frame 473 sent at 1573039472669
11-06 13:24:32.693 15242 15275 D Evaluation: Frame 474 sent at 1573039472693
11-06 13:24:32.722 15242 15275 D Evaluation: Frame 475 sent at 1573039472722
11-06 13:24:32.758 15242 15275 D Evaluation: Frame 476 sent at 1573039472758
11-06 13:24:32.812 15242 15275 D Evaluation: Frame 478 sent at 1573039472812
11-06 13:24:32.835 15242 15275 D Evaluation: Frame 478 sent at 1573039472835
11-06 13:24:32.871 15242 15275 D Evaluation: Frame 479 sent at 1573039472871
11-06 13:24:32.897 15242 15275 D Evaluation: Frame 480 sent at 1573039472897
11-06 13:24:32.925 15242 15275 D Evaluation: Frame 481 sent at 1573039472925
11-06 13:24:32.957 15242 15275 D Evaluation: Frame 482 sent at 1573039472957
11-06 13:24:33.006 15242 15275 D Evaluation: Frame 483 sent at 1573039473006
11-06 13:24:33.031 15242 15242 D Poster  : At 1573039473030 location is 65.06013513688713 (latitude), and 25.466715424022095 (longitude)
11-06 13:24:33.033 15242 15242 D Poster  : Connected to mobile network 20
11-06 13:24:33.036 15242 15275 D Evaluation: Frame 484 sent at 1573039473036
11-06 13:24:33.072 15242 15275 D Evaluation: Frame 485 sent at 1573039473072
11-06 13:24:33.105 15242 15275 D Evaluation: Frame 486 sent at 1573039473105
11-06 13:24:33.125 15242 15275 D Evaluation: Frame 487 sent at 1573039473125
11-06 13:24:33.165 15242 15275 D Evaluation: Frame 488 sent at 1573039473165
11-06 13:24:33.200 15242 15275 D Evaluation: Frame 489 sent at 1573039473200
11-06 13:24:33.238 15242 15275 D Evaluation: Frame 490 sent at 1573039473238
11-06 13:24:33.276 15242 15253 E         : [ZeroHung]zrhung_get_config: Get config failed for wp[0x0008]
11-06 13:24:33.276 15242 15275 D Evaluation: Frame 491 sent at 1573039473276
11-06 13:24:33.303 15242 15275 D Evaluation: Frame 492 sent at 1573039473303
11-06 13:24:33.337 15242 15275 D Evaluation: Frame 493 sent at 1573039473337
11-06 13:24:33.363 15242 15275 D Evaluation: Frame 494 sent at 1573039473363
11-06 13:24:33.395 15242 15275 D Evaluation: Frame 495 sent at 1573039473395
11-06 13:24:33.425 15242 15275 D Evaluation: Frame 496 sent at 1573039473425
11-06 13:24:33.469 15242 15275 D Evaluation: Frame 497 sent at 1573039473469
11-06 13:24:33.499 15242 15275 D Evaluation: Frame 498 sent at 1573039473499
11-06 13:24:33.538 15242 15275 D Evaluation: Frame 499 sent at 1573039473538
11-06 13:24:33.572 15242 15275 D Evaluation: Frame 500 sent at 1573039473572
11-06 13:24:33.596 15242 15275 D Evaluation: Frame 501 sent at 1573039473596
11-06 13:24:33.639 15242 15275 D Evaluation: Frame 502 sent at 1573039473639
11-06 13:24:33.717 15242 15275 D Evaluation: Frame 503 sent at 1573039473717
11-06 13:24:33.749 15242 15275 D Evaluation: Frame 504 sent at 1573039473749
11-06 13:24:33.772 15242 15275 D Evaluation: Frame 505 sent at 1573039473772
11-06 13:24:33.805 15242 15275 D Evaluation: Frame 506 sent at 1573039473805
11-06 13:24:33.837 15242 15275 D Evaluation: Frame 507 sent at 1573039473837
11-06 13:24:33.874 15242 15275 D Evaluation: Frame 508 sent at 1573039473874
11-06 13:24:33.894 15242 15275 D Evaluation: Frame 509 sent at 1573039473894
11-06 13:24:33.927 15242 15275 D Evaluation: Frame 510 sent at 1573039473927
11-06 13:24:33.968 15242 15275 D Evaluation: Frame 511 sent at 1573039473968
11-06 13:24:34.022 15242 15275 D Evaluation: Frame 513 sent at 1573039474022
11-06 13:24:34.036 15242 15242 D Poster  : At 1573039474036 location is 65.06013596883653 (latitude), and 25.466712612610504 (longitude)
11-06 13:24:34.038 15242 15242 D Poster  : Connected to mobile network 20
11-06 13:24:34.044 15242 15275 D Evaluation: Frame 513 sent at 1573039474044
11-06 13:24:34.066 15242 15275 D Evaluation: Frame 514 sent at 1573039474066
11-06 13:24:34.152 15242 15275 W System.err: java.net.SocketException: Message too long
11-06 13:24:34.152 15242 15275 W System.err: 	at sun.nio.ch.DatagramChannelImpl.send0(Native Method)
11-06 13:24:34.152 15242 15275 W System.err: 	at sun.nio.ch.DatagramChannelImpl.sendFromNativeBuffer(DatagramChannelImpl.java:573)
11-06 13:24:34.152 15242 15275 W System.err: 	at sun.nio.ch.DatagramChannelImpl.send(DatagramChannelImpl.java:550)
11-06 13:24:34.152 15242 15275 W System.err: 	at sun.nio.ch.DatagramChannelImpl.send(DatagramChannelImpl.java:514)
11-06 13:24:34.152 15242 15275 W System.err: 	at symlab.CloudAR.network.TransmissionTask.run(TransmissionTask.java:124)
11-06 13:24:34.152 15242 15275 W System.err: 	at android.os.Handler.handleCallback(Handler.java:907)
11-06 13:24:34.152 15242 15275 W System.err: 	at android.os.Handler.dispatchMessage(Handler.java:105)
11-06 13:24:34.152 15242 15275 W System.err: 	at android.os.Looper.loop(Looper.java:216)
11-06 13:24:34.152 15242 15275 W System.err: 	at android.os.HandlerThread.run(HandlerThread.java:65)
11-06 13:24:34.179 15242 15275 W System.err: java.net.SocketException: Message too long
11-06 13:24:34.179 15242 15275 W System.err: 	at sun.nio.ch.DatagramChannelImpl.send0(Native Method)
11-06 13:24:34.179 15242 15275 W System.err: 	at sun.nio.ch.DatagramChannelImpl.sendFromNativeBuffer(DatagramChannelImpl.java:573)
11-06 13:24:34.179 15242 15275 W System.err: 	at sun.nio.ch.DatagramChannelImpl.send(DatagramChannelImpl.java:550)
11-06 13:24:34.179 15242 15275 W System.err: 	at sun.nio.ch.DatagramChannelImpl.send(DatagramChannelImpl.java:514)
11-06 13:24:34.179 15242 15275 W System.err: 	at symlab.CloudAR.network.TransmissionTask.run(TransmissionTask.java:124)
11-06 13:24:34.179 15242 15275 W System.err: 	at android.os.Handler.handleCallback(Handler.java:907)
11-06 13:24:34.179 15242 15275 W System.err: 	at android.os.Handler.dispatchMessage(Handler.java:105)
11-06 13:24:34.179 15242 15275 W System.err: 	at android.os.Looper.loop(Looper.java:216)
11-06 13:24:34.179 15242 15275 W System.err: 	at android.os.HandlerThread.run(HandlerThread.java:65)
11-06 13:24:34.220 15242 15275 W System.err: java.net.SocketException: Message too long
11-06 13:24:34.220 15242 15275 W System.err: 	at sun.nio.ch.DatagramChannelImpl.send0(Native Method)
11-06 13:24:34.220 15242 15275 W System.err: 	at sun.nio.ch.DatagramChannelImpl.sendFromNativeBuffer(DatagramChannelImpl.java:573)
11-06 13:24:34.220 15242 15275 W System.err: 	at sun.nio.ch.DatagramChannelImpl.send(DatagramChannelImpl.java:550)
11-06 13:24:34.220 15242 15275 W System.err: 	at sun.nio.ch.DatagramChannelImpl.send(DatagramChannelImpl.java:514)
11-06 13:24:34.220 15242 15275 W System.err: 	at symlab.CloudAR.network.TransmissionTask.run(TransmissionTask.java:124)
11-06 13:24:34.220 15242 15275 W System.err: 	at android.os.Handler.handleCallback(Handler.java:907)
11-06 13:24:34.220 15242 15275 W System.err: 	at android.os.Handler.dispatchMessage(Handler.java:105)
11-06 13:24:34.220 15242 15275 W System.err: 	at android.os.Looper.loop(Looper.java:216)
11-06 13:24:34.220 15242 15275 W System.err: 	at android.os.HandlerThread.run(HandlerThread.java:65)
11-06 13:24:34.241 15242 15275 W System.err: java.net.SocketException: Message too long
11-06 13:24:34.241 15242 15275 W System.err: 	at sun.nio.ch.DatagramChannelImpl.send0(Native Method)
11-06 13:24:34.241 15242 15275 W System.err: 	at sun.nio.ch.DatagramChannelImpl.sendFromNativeBuffer(DatagramChannelImpl.java:573)
11-06 13:24:34.241 15242 15275 W System.err: 	at sun.nio.ch.DatagramChannelImpl.send(DatagramChannelImpl.java:550)
11-06 13:24:34.241 15242 15275 W System.err: 	at sun.nio.ch.DatagramChannelImpl.send(DatagramChannelImpl.java:514)
11-06 13:24:34.241 15242 15275 W System.err: 	at symlab.CloudAR.network.TransmissionTask.run(TransmissionTask.java:124)
11-06 13:24:34.241 15242 15275 W System.err: 	at android.os.Handler.handleCallback(Handler.java:907)
11-06 13:24:34.241 15242 15275 W System.err: 	at android.os.Handler.dispatchMessage(Handler.java:105)
11-06 13:24:34.241 15242 15275 W System.err: 	at android.os.Looper.loop(Looper.java:216)
11-06 13:24:34.241 15242 15275 W System.err: 	at android.os.HandlerThread.run(HandlerThread.java:65)
11-06 13:24:34.275 15242 15275 W System.err: java.net.SocketException: Message too long
11-06 13:24:34.275 15242 15275 W System.err: 	at sun.nio.ch.DatagramChannelImpl.send0(Native Method)
11-06 13:24:34.275 15242 15275 W System.err: 	at sun.nio.ch.DatagramChannelImpl.sendFromNativeBuffer(DatagramChannelImpl.java:573)
11-06 13:24:34.275 15242 15275 W System.err: 	at sun.nio.ch.DatagramChannelImpl.send(DatagramChannelImpl.java:550)
11-06 13:24:34.275 15242 15275 W System.err: 	at sun.nio.ch.DatagramChannelImpl.send(DatagramChannelImpl.java:514)
11-06 13:24:34.275 15242 15275 W System.err: 	at symlab.CloudAR.network.TransmissionTask.run(TransmissionTask.java:124)
11-06 13:24:34.275 15242 15275 W System.err: 	at android.os.Handler.handleCallback(Handler.java:907)
11-06 13:24:34.275 15242 15275 W System.err: 	at android.os.Handler.dispatchMessage(Handler.java:105)
11-06 13:24:34.275 15242 15275 W System.err: 	at android.os.Looper.loop(Looper.java:216)
11-06 13:24:34.275 15242 15275 W System.err: 	at android.os.HandlerThread.run(HandlerThread.java:65)
11-06 13:24:34.308 15242 15275 W System.err: java.net.SocketException: Message too long
11-06 13:24:34.308 15242 15275 W System.err: 	at sun.nio.ch.DatagramChannelImpl.send0(Native Method)
11-06 13:24:34.308 15242 15275 W System.err: 	at sun.nio.ch.DatagramChannelImpl.sendFromNativeBuffer(DatagramChannelImpl.java:573)
11-06 13:24:34.308 15242 15275 W System.err: 	at sun.nio.ch.DatagramChannelImpl.send(DatagramChannelImpl.java:550)
11-06 13:24:34.308 15242 15275 W System.err: 	at sun.nio.ch.DatagramChannelImpl.send(DatagramChannelImpl.java:514)
11-06 13:24:34.308 15242 15275 W System.err: 	at symlab.CloudAR.network.TransmissionTask.run(TransmissionTask.java:124)
11-06 13:24:34.308 15242 15275 W System.err: 	at android.os.Handler.handleCallback(Handler.java:907)
11-06 13:24:34.308 15242 15275 W System.err: 	at android.os.Handler.dispatchMessage(Handler.java:105)
11-06 13:24:34.308 15242 15275 W System.err: 	at android.os.Looper.loop(Looper.java:216)
11-06 13:24:34.308 15242 15275 W System.err: 	at android.os.HandlerThread.run(HandlerThread.java:65)
11-06 13:24:34.349 15242 15275 W System.err: java.net.SocketException: Message too long
11-06 13:24:34.349 15242 15275 W System.err: 	at sun.nio.ch.DatagramChannelImpl.send0(Native Method)
11-06 13:24:34.349 15242 15275 W System.err: 	at sun.nio.ch.DatagramChannelImpl.sendFromNativeBuffer(DatagramChannelImpl.java:573)
11-06 13:24:34.349 15242 15275 W System.err: 	at sun.nio.ch.DatagramChannelImpl.send(DatagramChannelImpl.java:550)
11-06 13:24:34.349 15242 15275 W System.err: 	at sun.nio.ch.DatagramChannelImpl.send(DatagramChannelImpl.java:514)
11-06 13:24:34.349 15242 15275 W System.err: 	at symlab.CloudAR.network.TransmissionTask.run(TransmissionTask.java:124)
11-06 13:24:34.349 15242 15275 W System.err: 	at android.os.Handler.handleCallback(Handler.java:907)
11-06 13:24:34.349 15242 15275 W System.err: 	at android.os.Handler.dispatchMessage(Handler.java:105)
11-06 13:24:34.349 15242 15275 W System.err: 	at android.os.Looper.loop(Looper.java:216)
11-06 13:24:34.349 15242 15275 W System.err: 	at android.os.HandlerThread.run(HandlerThread.java:65)
11-06 13:24:34.371 15242 15253 E         : [ZeroHung]zrhung_get_config: Get config failed for wp[0x0008]
11-06 13:24:34.372 15242 15275 W System.err: java.net.SocketException: Message too long
11-06 13:24:34.372 15242 15275 W System.err: 	at sun.nio.ch.DatagramChannelImpl.send0(Native Method)
11-06 13:24:34.372 15242 15275 W System.err: 	at sun.nio.ch.DatagramChannelImpl.sendFromNativeBuffer(DatagramChannelImpl.java:573)
11-06 13:24:34.372 15242 15275 W System.err: 	at sun.nio.ch.DatagramChannelImpl.send(DatagramChannelImpl.java:550)
11-06 13:24:34.372 15242 15275 W System.err: 	at sun.nio.ch.DatagramChannelImpl.send(DatagramChannelImpl.java:514)
11-06 13:24:34.372 15242 15275 W System.err: 	at symlab.CloudAR.network.TransmissionTask.run(TransmissionTask.java:124)
11-06 13:24:34.372 15242 15275 W System.err: 	at android.os.Handler.handleCallback(Handler.java:907)
11-06 13:24:34.372 15242 15275 W System.err: 	at android.os.Handler.dispatchMessage(Handler.java:105)
11-06 13:24:34.372 15242 15275 W System.err: 	at android.os.Looper.loop(Looper.java:216)
11-06 13:24:34.372 15242 15275 W System.err: 	at android.os.HandlerThread.run(HandlerThread.java:65)
11-06 13:24:34.409 15242 15275 W System.err: java.net.SocketException: Message too long
11-06 13:24:34.409 15242 15275 W System.err: 	at sun.nio.ch.DatagramChannelImpl.send0(Native Method)
11-06 13:24:34.409 15242 15275 W System.err: 	at sun.nio.ch.DatagramChannelImpl.sendFromNativeBuffer(DatagramChannelImpl.java:573)
11-06 13:24:34.409 15242 15275 W System.err: 	at sun.nio.ch.DatagramChannelImpl.send(DatagramChannelImpl.java:550)
11-06 13:24:34.409 15242 15275 W System.err: 	at sun.nio.ch.DatagramChannelImpl.send(DatagramChannelImpl.java:514)
11-06 13:24:34.409 15242 15275 W System.err: 	at symlab.CloudAR.network.TransmissionTask.run(TransmissionTask.java:124)
11-06 13:24:34.409 15242 15275 W System.err: 	at android.os.Handler.handleCallback(Handler.java:907)
11-06 13:24:34.409 15242 15275 W System.err: 	at android.os.Handler.dispatchMessage(Handler.java:105)
11-06 13:24:34.409 15242 15275 W System.err: 	at android.os.Looper.loop(Looper.java:216)
11-06 13:24:34.409 15242 15275 W System.err: 	at android.os.HandlerThread.run(HandlerThread.java:65)
11-06 13:24:34.433 15242 15275 D Evaluation: Frame 524 sent at 1573039474433
11-06 13:24:34.508 15242 15275 D Evaluation: Frame 525 sent at 1573039474508
11-06 13:24:34.558 15242 15275 D Evaluation: Frame 526 sent at 1573039474558
11-06 13:24:34.579 15242 15275 D Evaluation: Frame 527 sent at 1573039474579
11-06 13:24:34.602 15242 15275 D Evaluation: Frame 528 sent at 1573039474602
11-06 13:24:34.646 15242 15275 D Evaluation: Frame 529 sent at 1573039474646
11-06 13:24:34.675 15242 15275 D Evaluation: Frame 530 sent at 1573039474675
11-06 13:24:34.721 15242 15275 D Evaluation: Frame 531 sent at 1573039474721
11-06 13:24:34.755 15242 15275 D Evaluation: Frame 532 sent at 1573039474754
11-06 13:24:34.780 15242 15275 D Evaluation: Frame 533 sent at 1573039474780
11-06 13:24:34.782 15242 15275 D Evaluation: 0 res for frame 524 received at 1573039474782
11-06 13:24:34.816 15242 15275 D Evaluation: Frame 534 sent at 1573039474816
11-06 13:24:34.843 15242 15275 D Evaluation: Frame 535 sent at 1573039474843
11-06 13:24:34.883 15242 15275 D Evaluation: Frame 536 sent at 1573039474883
11-06 13:24:34.919 15242 15275 D Evaluation: Frame 538 sent at 1573039474919
11-06 13:24:34.940 15242 15275 D Evaluation: Frame 538 sent at 1573039474940
11-06 13:24:34.989 15242 15275 D Evaluation: Frame 539 sent at 1573039474989
11-06 13:24:34.991 15242 15275 D Evaluation: 0 res for frame 525 received at 1573039474991
11-06 13:24:35.015 15242 15275 D Evaluation: Frame 540 sent at 1573039475015
11-06 13:24:35.046 15242 15242 D Poster  : At 1573039475045 location is 65.06013462989013 (latitude), and 25.466707210587835 (longitude)
11-06 13:24:35.049 15242 15242 D Poster  : Connected to mobile network 20
11-06 13:24:35.054 15242 15275 D Evaluation: Frame 541 sent at 1573039475054
11-06 13:24:35.083 15242 15275 D Evaluation: Frame 542 sent at 1573039475083
11-06 13:24:35.111 15242 15275 D Evaluation: Frame 543 sent at 1573039475111
11-06 13:24:35.147 15242 15275 D Evaluation: Frame 544 sent at 1573039475147
11-06 13:24:35.184 15242 15275 D Evaluation: Frame 545 sent at 1573039475184
11-06 13:24:35.215 15242 15275 D Evaluation: Frame 546 sent at 1573039475215
11-06 13:24:35.254 15242 15275 D Evaluation: Frame 547 sent at 1573039475254
11-06 13:24:35.276 15242 15275 D Evaluation: Frame 548 sent at 1573039475276
11-06 13:24:35.318 15242 15275 D Evaluation: Frame 549 sent at 1573039475318
11-06 13:24:35.361 15242 15275 D Evaluation: Frame 550 sent at 1573039475361
11-06 13:24:35.387 15242 15275 D Evaluation: Frame 551 sent at 1573039475387
11-06 13:24:35.414 15242 15275 D Evaluation: Frame 552 sent at 1573039475414
11-06 13:24:35.443 15242 15253 E         : [ZeroHung]zrhung_get_config: Get config failed for wp[0x0008]
11-06 13:24:35.443 15242 15275 D Evaluation: Frame 553 sent at 1573039475443
11-06 13:24:35.460 15242 15251 W System  : A resource failed to call close. 
11-06 13:24:35.461 15242 15251 I chatty  : uid=10149(symlab.cloudridar.arhud) FinalizerDaemon identical 2 lines
11-06 13:24:35.461 15242 15251 W System  : A resource failed to call close. 
11-06 13:24:35.488 15242 15275 D Evaluation: Frame 554 sent at 1573039475488
11-06 13:24:35.519 15242 15275 D Evaluation: Frame 555 sent at 1573039475519
