--------- beginning of main
11-05 11:31:42.224  7393  7409 I HwApiCacheMangerEx: apicache path=/storage/emulated/0 state=mounted key=symlab.cloudridar.arhud#10149#256
11-05 11:31:42.225  7393  7409 I HwApiCacheMangerEx: apicache path=/storage/emulated/0 state=mounted key=symlab.cloudridar.arhud#10149#0
11-05 11:31:42.225  7393  7393 I loudridar.arhu: QarthPatchMonintor::Init
11-05 11:31:42.225  7393  7393 I loudridar.arhu: 
11-05 11:31:42.225  7393  7393 I loudridar.arhu: QarthPatchMonintor::StartWatch
11-05 11:31:42.225  7393  7393 I loudridar.arhu: 
11-05 11:31:42.225  7393  7393 I loudridar.arhu: QarthPatchMonintor::WatchPackage: /data/hotpatch/fwkhotpatch/
11-05 11:31:42.225  7393  7393 I loudridar.arhu: 
11-05 11:31:42.225  7393  7393 I loudridar.arhu: QarthPatchMonintor::CheckAndWatchPatch: /data/hotpatch/fwkhotpatch/symlab.cloudridar.arhud
11-05 11:31:42.225  7393  7393 I loudridar.arhu: 
11-05 11:31:42.226  7393  7393 I loudridar.arhu: QarthPatchMonintor::CheckAndWatchPatch: /data/hotpatch/fwkhotpatch/all
11-05 11:31:42.226  7393  7393 I loudridar.arhu: 
11-05 11:31:42.226  7393  7393 I loudridar.arhu: QarthPatchMonintor::Run
11-05 11:31:42.226  7393  7393 I loudridar.arhu: 
11-05 11:31:42.226  7393  7413 I loudridar.arhu: QarthPatchMonintor::Reading
11-05 11:31:42.226  7393  7413 I loudridar.arhu: 
11-05 11:31:42.226  7393  7413 I loudridar.arhu: QarthPatchMonintor::CheckNotifyEvent
11-05 11:31:42.226  7393  7413 I loudridar.arhu: 
11-05 11:31:42.226  7393  7413 I loudridar.arhu: QarthPatchMonintor::CheckNotifyEvent before read
11-05 11:31:42.226  7393  7413 I loudridar.arhu: 
11-05 11:31:42.228  7393  7393 I MultiDex: VM with version 2.1.0 has multidex support
11-05 11:31:42.228  7393  7393 I MultiDex: Installing application
11-05 11:31:42.228  7393  7393 I MultiDex: VM has multidex support, MultiDex support library is disabled.
11-05 11:31:42.230  7393  7409 I AwareBitmapCacher: init processName:symlab.cloudridar.arhud pid=7393 uid=10149
11-05 11:31:42.230  7393  7393 I FirebaseInitProvider: FirebaseApp initialization unsuccessful
11-05 11:31:42.233  7393  7415 E AwareLog: AtomicFileUtils: readFileLines file not exist: android.util.AtomicFile@c5f96ae
11-05 11:31:42.234  7393  7415 E AwareLog: AtomicFileUtils: readFileLines file not exist: android.util.AtomicFile@c3778e5
11-05 11:31:42.237  7393  7393 D ZrHung.AppEyeUiProbe: notify runnable to start.
11-05 11:31:42.237  7393  7420 D ZrHung.AppEyeUiProbe: Runnable thread started.
11-05 11:31:42.237  7393  7420 D IMonitor: Load library imonitor_jni
11-05 11:31:42.243  7393  7420 E         : [ZeroHung]zrhung_get_config: Get config failed for wp[0x0102]
11-05 11:31:42.243  7393  7420 W ZrHung.AppEyeUiProbe: Failed to get config from zrhung
11-05 11:31:42.245  7393  7393 I MultiDex: Installing application
11-05 11:31:42.245  7393  7393 I MultiDex: VM has multidex support, MultiDex support library is disabled.
11-05 11:31:42.247  7418  7418 W logcat  : type=1400 audit(0.0:1381): avc: granted { create } for name="logcat_1572946302232.txt" scontext=u:r:untrusted_app:s0:c149,c256,c512,c768 tcontext=u:object_r:sdcardfs:s0:c149,c256,c512,c768 tclass=file
11-05 11:31:42.247  7393  7393 I Poster  :  onCreate() called.
11-05 11:31:42.250  7393  7393 I HwApsImpl: APS: new HwApsImpl created
11-05 11:31:42.257  7393  7393 V HwWidgetFactory: : successes to get AllImpl object and return....
11-05 11:31:42.264  7393  7393 D OpenGLRenderer: Skia GL Pipeline
11-05 11:31:42.288  7393  7393 D Poster  : Server bound to IP 193.166.28.132 and port 52727
--------- beginning of system
11-05 11:31:42.291  7393  7393 D ActivityThread: add activity client record, r= ActivityRecord{2968de0 token=android.os.BinderProxy@406e6b {symlab.cloudridar.arhud/symlab.ARHUD.MainActivity}} token= android.os.BinderProxy@406e6b
11-05 11:31:42.291  7393  7428 D Evaluation: metadata 0 sent 
11-05 11:31:42.293  7393  7393 I Poster  :  onStart() called.
11-05 11:31:42.294  7393  7393 D ZrHung.AppEyeUiProbe: notify runnable to start.
11-05 11:31:42.295  7393  7393 I Poster  :  onResume() called.
11-05 11:31:42.300  7393  7393 I PermissionManager: camera remind result:true
11-05 11:31:42.300  7393  7393 I Camera  : open camera: 0, package name: symlab.cloudridar.arhud
11-05 11:31:42.300  7393  7393 I BackgroundPermManager: pkgName: symlab.cloudridar.arhud,pid: 7393 ,uidOf3RdApk: 10149 ,permType: 0 ,permCfg: 1
11-05 11:31:42.301  7393  7393 I HwCameraUtil: notifySurfaceFlingerCameraStatus : isFront = false , isOpend = true
11-05 11:31:42.311  7393  7393 D ActivityThread: isOptEnabled=false isWechatScanOpt=false
11-05 11:31:42.313  7393  7393 I HwSecImmHelper: mSecurityInputMethodService is null
11-05 11:31:42.330  7393  7393 D OpenGLRenderer:   HWUI Binary is  enabled
11-05 11:31:42.343  7393  7446 D HiTouch_PressGestureDetector: onAttached, package=symlab.cloudridar.arhud, windowType=1, mHiTouchRestricted=false
11-05 11:31:42.355  7393  7445 I ConfigStore: android::hardware::configstore::V1_0::ISurfaceFlingerConfigs::hasWideColorDisplay retrieved: 0
11-05 11:31:42.355  7393  7445 I ConfigStore: android::hardware::configstore::V1_0::ISurfaceFlingerConfigs::hasHDRDisplay retrieved: 0
11-05 11:31:42.355  7393  7445 I iGraphics: [0020080c] pn: symlab.cloudridar.arhud, p: 7393
11-05 11:31:42.355  7393  7445 I OpenGLRenderer: Initialized EGL, version 1.4, mEglDisplay 0x1
11-05 11:31:42.355  7393  7445 D OpenGLRenderer: Swap behavior 2
11-05 11:31:42.364  7393  7445 D mali_winsys: EGLint new_window_surface(egl_winsys_display *, void *, EGLSurface, EGLConfig, egl_winsys_surface **, EGLBoolean) returns 0x3000
11-05 11:31:42.373  7393  7393 I Poster  :  surfaceCreated() called.
11-05 11:31:42.374  7393  7393 I Poster  : initPreview() called
11-05 11:31:42.379  7393  7393 I PermissionManager: camera remind result:true
11-05 11:31:42.384  7393  7393 I Poster  :  surfaceChanged() called.
11-05 11:31:42.407  7393  7393 W InputMethodManager: startInputReason = 1
11-05 11:31:42.433  7393  7393 W InputMethodManager: startInputReason = 5
11-05 11:31:42.669  7393  7428 D Evaluation: metadata 1 sent 
11-05 11:31:42.700  7393  7428 D Evaluation: metadata 2 sent 
11-05 11:31:42.737  7393  7428 D Evaluation: metadata 3 sent 
11-05 11:31:42.771  7393  7428 D Evaluation: metadata 4 sent 
11-05 11:31:42.804  7393  7428 D Evaluation: metadata 5 sent 
11-05 11:31:42.854  7393  7428 D Evaluation: Frame 6 sent at 1572946302854
11-05 11:31:42.882  7393  7428 D Evaluation: Frame 7 sent at 1572946302882
11-05 11:31:42.915  7393  7428 D Evaluation: Frame 8 sent at 1572946302915
11-05 11:31:42.951  7393  7428 D Evaluation: Frame 9 sent at 1572946302951
11-05 11:31:42.988  7393  7428 D Evaluation: Frame 10 sent at 1572946302987
11-05 11:31:43.217  7393  7428 D Evaluation: Frame 11 sent at 1572946303217
11-05 11:31:43.220  7393  7428 D Evaluation: 0 res for frame 6 received at 1572946303220
11-05 11:31:43.252  7393  7428 D Evaluation: Frame 12 sent at 1572946303252
11-05 11:31:43.253  7393  7428 D Evaluation: 0 res for frame 7 received at 1572946303253
11-05 11:31:43.288  7393  7428 D Evaluation: Frame 13 sent at 1572946303288
11-05 11:31:43.289  7393  7428 D Evaluation: 0 res for frame 8 received at 1572946303289
11-05 11:31:43.321  7393  7428 D Evaluation: Frame 14 sent at 1572946303321
11-05 11:31:43.322  7393  7428 D Evaluation: 0 res for frame 9 received at 1572946303322
11-05 11:31:43.352  7393  7428 D Evaluation: Frame 15 sent at 1572946303352
11-05 11:31:43.353  7393  7428 D Evaluation: 0 res for frame 10 received at 1572946303353
11-05 11:31:43.386  7393  7428 D Evaluation: Frame 16 sent at 1572946303386
11-05 11:31:43.386  7393  7428 D Evaluation: 0 res for frame 11 received at 1572946303386
11-05 11:31:43.422  7393  7428 D Evaluation: Frame 17 sent at 1572946303422
11-05 11:31:43.422  7393  7428 D Evaluation: 0 res for frame 12 received at 1572946303422
11-05 11:31:43.458  7393  7428 D Evaluation: Frame 18 sent at 1572946303458
11-05 11:31:43.459  7393  7428 D Evaluation: 0 res for frame 13 received at 1572946303459
11-05 11:31:43.490  7393  7393 D stylus  : init stylus touchlistener.
11-05 11:31:43.490  7393  7428 D Evaluation: Frame 19 sent at 1572946303490
11-05 11:31:43.492  7393  7428 D Evaluation: 0 res for frame 14 received at 1572946303492
11-05 11:31:43.494  7393  7393 W Settings: Setting device_provisioned has moved from android.provider.Settings.Secure to android.provider.Settings.Global.
11-05 11:31:43.494  7393  7393 V HiTouch_HiTouchSensor: User setup is finished.
11-05 11:31:43.521  7393  7428 D Evaluation: Frame 20 sent at 1572946303521
11-05 11:31:43.521  7393  7428 D Evaluation: 0 res for frame 15 received at 1572946303521
11-05 11:31:43.554  7393  7428 D Evaluation: Frame 21 sent at 1572946303554
11-05 11:31:43.555  7393  7428 D Evaluation: 0 res for frame 16 received at 1572946303555
11-05 11:31:43.594  7393  7428 D Evaluation: Frame 22 sent at 1572946303594
11-05 11:31:43.595  7393  7428 D Evaluation: 0 res for frame 17 received at 1572946303595
11-05 11:31:43.605  7393  7393 W HiTouch_PressGestureDetector: Touch pointer move a lot. The moving distance of X is:27.438934, limit is:60The moving distance of Y is:106.29872, limit is:60
11-05 11:31:43.632  7393  7428 D Evaluation: Frame 23 sent at 1572946303632
11-05 11:31:43.633  7393  7428 D Evaluation: 0 res for frame 18 received at 1572946303633
11-05 11:31:43.664  7393  7428 D Evaluation: Frame 24 sent at 1572946303664
11-05 11:31:43.665  7393  7406 E         : [ZeroHung]zrhung_get_config: Get config failed for wp[0x0008]
11-05 11:31:43.665  7393  7428 D Evaluation: 0 res for frame 19 received at 1572946303665
11-05 11:31:43.681  7393  7404 W System  : A resource failed to call close. 
11-05 11:31:43.681  7393  7404 I chatty  : uid=10149(symlab.cloudridar.arhud) FinalizerDaemon identical 14 lines
11-05 11:31:43.681  7393  7404 W System  : A resource failed to call close. 
11-05 11:31:43.681  7393  7404 W System  : A resource failed to call close. 
11-05 11:31:43.682  7393  7404 W System  : A resource failed to call close. 
11-05 11:31:43.682  7393  7404 W System  : A resource failed to call close. 
11-05 11:31:43.682  7393  7404 W System  : A resource failed to call close. 
11-05 11:31:43.682  7393  7404 W System  : A resource failed to call close. 
11-05 11:31:43.682  7393  7404 I chatty  : uid=10149(symlab.cloudridar.arhud) FinalizerDaemon identical 2 lines
11-05 11:31:43.682  7393  7404 W System  : A resource failed to call close. 
11-05 11:31:43.682  7393  7404 W System  : A resource failed to call close. 
11-05 11:31:43.682  7393  7404 I chatty  : uid=10149(symlab.cloudridar.arhud) FinalizerDaemon identical 1 line
11-05 11:31:43.682  7393  7404 W System  : A resource failed to call close. 
11-05 11:31:43.682  7393  7404 W System  : A resource failed to call close. 
11-05 11:31:43.706  7393  7428 D Evaluation: Frame 25 sent at 1572946303705
11-05 11:31:43.707  7393  7428 D Evaluation: 0 res for frame 20 received at 1572946303707
11-05 11:31:43.730  7393  7428 D Evaluation: Frame 26 sent at 1572946303730
11-05 11:31:43.731  7393  7428 D Evaluation: 0 res for frame 21 received at 1572946303731
11-05 11:31:43.763  7393  7428 D Evaluation: Frame 27 sent at 1572946303763
11-05 11:31:43.802  7393  7428 D Evaluation: Frame 28 sent at 1572946303802
11-05 11:31:43.803  7393  7428 D Evaluation: 0 res for frame 22 received at 1572946303803
11-05 11:31:43.833  7393  7428 D Evaluation: Frame 29 sent at 1572946303833
11-05 11:31:43.834  7393  7428 D Evaluation: 0 res for frame 23 received at 1572946303834
11-05 11:31:43.874  7393  7428 D Evaluation: Frame 30 sent at 1572946303874
11-05 11:31:43.875  7393  7428 D Evaluation: 0 res for frame 24 received at 1572946303875
11-05 11:31:43.899  7393  7428 D Evaluation: Frame 31 sent at 1572946303899
11-05 11:31:43.901  7393  7428 D Evaluation: 0 res for frame 25 received at 1572946303901
11-05 11:31:43.935  7393  7428 D Evaluation: Frame 32 sent at 1572946303935
11-05 11:31:43.936  7393  7428 D Evaluation: 0 res for frame 26 received at 1572946303936
11-05 11:31:43.966  7393  7428 D Evaluation: Frame 33 sent at 1572946303966
11-05 11:31:43.967  7393  7428 D Evaluation: 0 res for frame 27 received at 1572946303967
11-05 11:31:44.006  7393  7428 D Evaluation: Frame 34 sent at 1572946304006
11-05 11:31:44.007  7393  7428 D Evaluation: 0 res for frame 28 received at 1572946304007
11-05 11:31:44.031  7393  7428 D Evaluation: Frame 35 sent at 1572946304031
11-05 11:31:44.064  7393  7428 D Evaluation: Frame 36 sent at 1572946304064
11-05 11:31:44.065  7393  7428 D Evaluation: 0 res for frame 29 received at 1572946304065
11-05 11:31:44.099  7393  7428 D Evaluation: Frame 37 sent at 1572946304099
11-05 11:31:44.100  7393  7428 D Evaluation: 0 res for frame 30 received at 1572946304100
11-05 11:31:44.144  7393  7428 D Evaluation: Frame 38 sent at 1572946304144
11-05 11:31:44.145  7393  7428 D Evaluation: 0 res for frame 31 received at 1572946304145
11-05 11:31:44.178  7393  7428 D Evaluation: Frame 39 sent at 1572946304178
11-05 11:31:44.179  7393  7428 D Evaluation: 0 res for frame 32 received at 1572946304179
11-05 11:31:44.202  7393  7428 D Evaluation: Frame 40 sent at 1572946304202
11-05 11:31:44.203  7393  7428 D Evaluation: 0 res for frame 33 received at 1572946304203
11-05 11:31:44.245  7393  7428 D Evaluation: Frame 41 sent at 1572946304245
11-05 11:31:44.246  7393  7428 D Evaluation: 0 res for frame 34 received at 1572946304246
11-05 11:31:44.270  7393  7428 D Evaluation: Frame 42 sent at 1572946304269
11-05 11:31:44.271  7393  7428 D Evaluation: 0 res for frame 35 received at 1572946304271
11-05 11:31:44.308  7393  7428 D Evaluation: Frame 43 sent at 1572946304308
11-05 11:31:44.309  7393  7428 D Evaluation: 0 res for frame 36 received at 1572946304309
11-05 11:31:44.343  7393  7428 D Evaluation: Frame 44 sent at 1572946304343
11-05 11:31:44.344  7393  7428 D Evaluation: 0 res for frame 37 received at 1572946304344
11-05 11:31:44.370  7393  7428 D Evaluation: Frame 45 sent at 1572946304370
11-05 11:31:44.371  7393  7428 D Evaluation: 0 res for frame 38 received at 1572946304371
11-05 11:31:44.408  7393  7428 D Evaluation: Frame 46 sent at 1572946304408
11-05 11:31:44.409  7393  7428 D Evaluation: 0 res for frame 39 received at 1572946304409
11-05 11:31:44.439  7393  7428 D Evaluation: Frame 47 sent at 1572946304439
11-05 11:31:44.440  7393  7428 D Evaluation: 0 res for frame 40 received at 1572946304440
11-05 11:31:44.470  7393  7428 D Evaluation: Frame 48 sent at 1572946304470
11-05 11:31:44.471  7393  7428 D Evaluation: 0 res for frame 41 received at 1572946304471
11-05 11:31:44.540  7393  7428 D Evaluation: Frame 49 sent at 1572946304540
11-05 11:31:44.541  7393  7428 D Evaluation: 0 res for frame 42 received at 1572946304541
11-05 11:31:44.566  7393  7428 D Evaluation: Frame 50 sent at 1572946304566
11-05 11:31:44.567  7393  7428 D Evaluation: 0 res for frame 43 received at 1572946304567
11-05 11:31:44.598  7393  7428 D Evaluation: Frame 51 sent at 1572946304598
11-05 11:31:44.599  7393  7428 D Evaluation: 0 res for frame 44 received at 1572946304599
11-05 11:31:44.637  7393  7428 D Evaluation: Frame 52 sent at 1572946304637
11-05 11:31:44.639  7393  7428 D Evaluation: 0 res for frame 45 received at 1572946304639
11-05 11:31:44.684  7393  7428 D Evaluation: Frame 53 sent at 1572946304684
11-05 11:31:44.686  7393  7428 D Evaluation: 0 res for frame 46 received at 1572946304686
11-05 11:31:44.704  7393  7428 D Evaluation: Frame 54 sent at 1572946304704
11-05 11:31:44.705  7393  7428 D Evaluation: 1 res for frame 47 received at 1572946304705
11-05 11:31:44.737  7393  7428 D Evaluation: Frame 55 sent at 1572946304737
11-05 11:31:44.738  7393  7428 D Evaluation: 0 res for frame 48 received at 1572946304738
11-05 11:31:44.770  7393  7428 D Evaluation: Frame 56 sent at 1572946304770
11-05 11:31:44.771  7393  7428 D Evaluation: 0 res for frame 49 received at 1572946304771
11-05 11:31:44.807  7393  7428 D Evaluation: Frame 57 sent at 1572946304807
11-05 11:31:44.808  7393  7428 D Evaluation: 0 res for frame 50 received at 1572946304808
11-05 11:31:44.840  7393  7428 D Evaluation: Frame 58 sent at 1572946304840
11-05 11:31:44.841  7393  7428 D Evaluation: 0 res for frame 51 received at 1572946304841
11-05 11:31:44.880  7393  7428 D Evaluation: Frame 59 sent at 1572946304880
11-05 11:31:44.881  7393  7428 D Evaluation: 0 res for frame 52 received at 1572946304881
11-05 11:31:44.906  7393  7428 D Evaluation: Frame 60 sent at 1572946304906
11-05 11:31:44.907  7393  7428 D Evaluation: 0 res for frame 53 received at 1572946304907
11-05 11:31:44.946  7393  7428 D Evaluation: Frame 61 sent at 1572946304946
11-05 11:31:44.947  7393  7428 D Evaluation: 0 res for frame 54 received at 1572946304947
11-05 11:31:44.979  7393  7428 D Evaluation: Frame 62 sent at 1572946304979
11-05 11:31:44.980  7393  7428 D Evaluation: 0 res for frame 55 received at 1572946304980
11-05 11:31:45.017  7393  7428 D Evaluation: Frame 63 sent at 1572946305017
11-05 11:31:45.018  7393  7428 D Evaluation: 0 res for frame 56 received at 1572946305018
11-05 11:31:45.040  7393  7428 D Evaluation: Frame 64 sent at 1572946305040
11-05 11:31:45.041  7393  7428 D Evaluation: 1 res for frame 57 received at 1572946305041
11-05 11:31:45.089  7393  7428 D Evaluation: Frame 65 sent at 1572946305089
11-05 11:31:45.091  7393  7428 D Evaluation: 0 res for frame 58 received at 1572946305091
11-05 11:31:45.114  7393  7428 D Evaluation: Frame 66 sent at 1572946305114
11-05 11:31:45.115  7393  7428 D Evaluation: 0 res for frame 59 received at 1572946305115
11-05 11:31:45.141  7393  7428 D Evaluation: Frame 67 sent at 1572946305141
11-05 11:31:45.142  7393  7428 D Evaluation: 1 res for frame 60 received at 1572946305142
11-05 11:31:45.174  7393  7428 D Evaluation: Frame 68 sent at 1572946305174
11-05 11:31:45.175  7393  7428 D Evaluation: 1 res for frame 61 received at 1572946305175
11-05 11:31:45.210  7393  7428 D Evaluation: Frame 69 sent at 1572946305210
11-05 11:31:45.211  7393  7428 D Evaluation: 0 res for frame 62 received at 1572946305211
11-05 11:31:45.239  7393  7428 D Evaluation: Frame 70 sent at 1572946305239
11-05 11:31:45.240  7393  7428 D Evaluation: 0 res for frame 63 received at 1572946305240
11-05 11:31:45.276  7393  7406 E         : [ZeroHung]zrhung_get_config: Get config failed for wp[0x0008]
11-05 11:31:45.277  7393  7428 D Evaluation: Frame 71 sent at 1572946305277
11-05 11:31:45.278  7393  7428 D Evaluation: 0 res for frame 64 received at 1572946305278
11-05 11:31:45.293  7393  7404 W System  : A resource failed to call close. 
11-05 11:31:45.298  7393  7404 I chatty  : uid=10149(symlab.cloudridar.arhud) FinalizerDaemon identical 86 lines
11-05 11:31:45.298  7393  7404 W System  : A resource failed to call close. 
11-05 11:31:45.308  7393  7428 D Evaluation: Frame 72 sent at 1572946305308
11-05 11:31:45.309  7393  7428 D Evaluation: 0 res for frame 65 received at 1572946305309
11-05 11:31:45.349  7393  7428 D Evaluation: Frame 73 sent at 1572946305349
11-05 11:31:45.350  7393  7428 D Evaluation: 0 res for frame 66 received at 1572946305350
11-05 11:31:45.380  7393  7428 D Evaluation: Frame 74 sent at 1572946305380
11-05 11:31:45.381  7393  7428 D Evaluation: 0 res for frame 67 received at 1572946305381
11-05 11:31:45.409  7393  7428 D Evaluation: Frame 75 sent at 1572946305409
11-05 11:31:45.410  7393  7428 D Evaluation: 0 res for frame 68 received at 1572946305410
11-05 11:31:45.443  7393  7428 D Evaluation: Frame 76 sent at 1572946305443
11-05 11:31:45.444  7393  7428 D Evaluation: 0 res for frame 69 received at 1572946305444
11-05 11:31:45.478  7393  7428 D Evaluation: Frame 77 sent at 1572946305478
11-05 11:31:45.479  7393  7428 D Evaluation: 0 res for frame 70 received at 1572946305479
11-05 11:31:45.510  7393  7428 D Evaluation: Frame 78 sent at 1572946305510
11-05 11:31:45.511  7393  7428 D Evaluation: 0 res for frame 71 received at 1572946305511
11-05 11:31:45.544  7393  7428 D Evaluation: Frame 79 sent at 1572946305544
11-05 11:31:45.546  7393  7428 D Evaluation: 0 res for frame 72 received at 1572946305546
11-05 11:31:45.580  7393  7428 D Evaluation: Frame 80 sent at 1572946305580
11-05 11:31:45.581  7393  7428 D Evaluation: 0 res for frame 73 received at 1572946305581
11-05 11:31:45.621  7393  7428 D Evaluation: Frame 81 sent at 1572946305621
11-05 11:31:45.622  7393  7428 D Evaluation: 0 res for frame 74 received at 1572946305622
11-05 11:31:45.654  7393  7428 D Evaluation: Frame 82 sent at 1572946305654
11-05 11:31:45.655  7393  7428 D Evaluation: 0 res for frame 75 received at 1572946305655
11-05 11:31:45.693  7393  7428 D Evaluation: Frame 83 sent at 1572946305693
11-05 11:31:45.694  7393  7428 D Evaluation: 0 res for frame 76 received at 1572946305694
11-05 11:31:45.720  7393  7428 D Evaluation: Frame 84 sent at 1572946305720
11-05 11:31:45.721  7393  7428 D Evaluation: 0 res for frame 77 received at 1572946305721
11-05 11:31:45.747  7393  7428 D Evaluation: Frame 85 sent at 1572946305747
11-05 11:31:45.748  7393  7428 D Evaluation: 0 res for frame 78 received at 1572946305748
11-05 11:31:45.788  7393  7428 D Evaluation: Frame 86 sent at 1572946305788
11-05 11:31:45.790  7393  7428 D Evaluation: 0 res for frame 79 received at 1572946305790
11-05 11:31:45.822  7393  7428 D Evaluation: Frame 87 sent at 1572946305822
11-05 11:31:45.823  7393  7428 D Evaluation: 0 res for frame 80 received at 1572946305823
11-05 11:31:45.856  7393  7428 D Evaluation: Frame 88 sent at 1572946305856
11-05 11:31:45.858  7393  7428 D Evaluation: 0 res for frame 81 received at 1572946305857
11-05 11:31:45.896  7393  7428 D Evaluation: Frame 89 sent at 1572946305896
11-05 11:31:45.897  7393  7428 D Evaluation: 0 res for frame 82 received at 1572946305897
11-05 11:31:45.922  7393  7428 D Evaluation: Frame 90 sent at 1572946305922
11-05 11:31:45.922  7393  7428 D Evaluation: 0 res for frame 83 received at 1572946305922
11-05 11:31:45.947  7393  7428 D Evaluation: Frame 91 sent at 1572946305947
11-05 11:31:45.948  7393  7428 D Evaluation: 0 res for frame 84 received at 1572946305948
11-05 11:31:45.980  7393  7428 D Evaluation: Frame 92 sent at 1572946305980
11-05 11:31:45.982  7393  7428 D Evaluation: 0 res for frame 85 received at 1572946305982
11-05 11:31:46.023  7393  7428 D Evaluation: Frame 93 sent at 1572946306023
11-05 11:31:46.024  7393  7428 D Evaluation: 0 res for frame 86 received at 1572946306024
11-05 11:31:46.058  7393  7428 D Evaluation: Frame 94 sent at 1572946306058
11-05 11:31:46.059  7393  7428 D Evaluation: 0 res for frame 87 received at 1572946306059
11-05 11:31:46.084  7393  7428 D Evaluation: Frame 95 sent at 1572946306084
11-05 11:31:46.086  7393  7428 D Evaluation: 1 res for frame 88 received at 1572946306086
11-05 11:31:46.119  7393  7428 D Evaluation: Frame 96 sent at 1572946306119
11-05 11:31:46.121  7393  7428 D Evaluation: 0 res for frame 89 received at 1572946306121
11-05 11:31:46.156  7393  7428 D Evaluation: Frame 97 sent at 1572946306156
11-05 11:31:46.157  7393  7428 D Evaluation: 0 res for frame 90 received at 1572946306157
11-05 11:31:46.196  7393  7428 D Evaluation: Frame 98 sent at 1572946306196
11-05 11:31:46.197  7393  7428 D Evaluation: 0 res for frame 91 received at 1572946306197
11-05 11:31:46.229  7393  7428 D Evaluation: Frame 99 sent at 1572946306229
11-05 11:31:46.230  7393  7428 D Evaluation: 3 res for frame 92 received at 1572946306230
11-05 11:31:46.250  7393  7428 D Evaluation: Frame 100 sent at 1572946306250
11-05 11:31:46.251  7393  7428 D Evaluation: 2 res for frame 93 received at 1572946306251
11-05 11:31:46.282  7393  7428 D Evaluation: Frame 101 sent at 1572946306282
11-05 11:31:46.283  7393  7428 D Evaluation: 4 res for frame 94 received at 1572946306283
11-05 11:31:46.320  7393  7428 D Evaluation: Frame 102 sent at 1572946306320
11-05 11:31:46.322  7393  7428 D Evaluation: 4 res for frame 95 received at 1572946306322
11-05 11:31:46.351  7393  7428 D Evaluation: Frame 103 sent at 1572946306351
11-05 11:31:46.395  7393  7428 D Evaluation: Frame 104 sent at 1572946306395
11-05 11:31:46.396  7393  7428 D Evaluation: 2 res for frame 96 received at 1572946306396
11-05 11:31:46.433  7393  7406 E         : [ZeroHung]zrhung_get_config: Get config failed for wp[0x0008]
11-05 11:31:46.433  7393  7428 D Evaluation: Frame 105 sent at 1572946306433
11-05 11:31:46.435  7393  7428 D Evaluation: 4 res for frame 97 received at 1572946306435
11-05 11:31:46.449  7393  7404 W System  : A resource failed to call close. 
11-05 11:31:46.453  7393  7404 I chatty  : uid=10149(symlab.cloudridar.arhud) FinalizerDaemon identical 64 lines
11-05 11:31:46.453  7393  7404 W System  : A resource failed to call close. 
11-05 11:31:46.458  7393  7428 D Evaluation: Frame 106 sent at 1572946306458
11-05 11:31:46.540  7393  7428 D Evaluation: Frame 107 sent at 1572946306540
11-05 11:31:46.541  7393  7428 D Evaluation: 2 res for frame 98 received at 1572946306541
11-05 11:31:46.573  7393  7428 D Evaluation: Frame 108 sent at 1572946306572
11-05 11:31:46.574  7393  7428 D Evaluation: 4 res for frame 99 received at 1572946306574
11-05 11:31:46.593  7393  7428 D Evaluation: Frame 109 sent at 1572946306593
11-05 11:31:46.621  7393  7428 D Evaluation: Frame 110 sent at 1572946306621
11-05 11:31:46.657  7393  7428 D Evaluation: Frame 111 sent at 1572946306657
11-05 11:31:46.658  7393  7428 D Evaluation: 3 res for frame 100 received at 1572946306658
11-05 11:31:46.690  7393  7428 D Evaluation: Frame 112 sent at 1572946306690
11-05 11:31:46.722  7393  7428 D Evaluation: Frame 113 sent at 1572946306722
11-05 11:31:46.757  7393  7428 D Evaluation: Frame 114 sent at 1572946306757
11-05 11:31:46.793  7393  7428 D Evaluation: Frame 115 sent at 1572946306793
11-05 11:31:46.824  7393  7428 D Evaluation: Frame 116 sent at 1572946306824
11-05 11:31:46.861  7393  7428 D Evaluation: Frame 117 sent at 1572946306861
11-05 11:31:46.892  7393  7428 D Evaluation: Frame 118 sent at 1572946306892
11-05 11:31:46.931  7393  7428 D Evaluation: Frame 119 sent at 1572946306931
11-05 11:31:46.972  7393  7428 D Evaluation: Frame 120 sent at 1572946306972
11-05 11:31:46.974  7393  7428 D Evaluation: 4 res for frame 107 received at 1572946306974
11-05 11:31:46.998  7393  7428 D Evaluation: Frame 121 sent at 1572946306998
11-05 11:31:47.030  7393  7428 D Evaluation: Frame 122 sent at 1572946307030
11-05 11:31:47.065  7393  7428 D Evaluation: Frame 123 sent at 1572946307065
11-05 11:31:47.094  7393  7428 D Evaluation: Frame 124 sent at 1572946307094
11-05 11:31:47.133  7393  7428 D Evaluation: Frame 125 sent at 1572946307133
11-05 11:31:47.163  7393  7428 D Evaluation: Frame 126 sent at 1572946307163
11-05 11:31:47.193  7393  7428 D Evaluation: Frame 127 sent at 1572946307193
11-05 11:31:47.223  7393  7428 D Evaluation: Frame 128 sent at 1572946307223
11-05 11:31:47.231  7393  7393 I AwareBitmapCacher: init lrucache size: 2097152 pid=7393
11-05 11:31:47.260  7393  7428 D Evaluation: Frame 129 sent at 1572946307260
11-05 11:31:47.292  7393  7428 D Evaluation: Frame 130 sent at 1572946307292
11-05 11:31:47.326  7393  7428 D Evaluation: Frame 131 sent at 1572946307326
11-05 11:31:47.360  7393  7428 D Evaluation: Frame 132 sent at 1572946307360
11-05 11:31:47.395  7393  7428 D Evaluation: Frame 133 sent at 1572946307395
11-05 11:31:47.428  7393  7428 D Evaluation: Frame 134 sent at 1572946307428
11-05 11:31:47.459  7393  7428 D Evaluation: Frame 135 sent at 1572946307459
11-05 11:31:47.503  7393  7428 D Evaluation: Frame 136 sent at 1572946307503
11-05 11:31:47.541  7393  7428 D Evaluation: Frame 137 sent at 1572946307541
11-05 11:31:47.564  7393  7428 D Evaluation: Frame 138 sent at 1572946307564
11-05 11:31:47.596  7393  7428 D Evaluation: Frame 139 sent at 1572946307596
11-05 11:31:47.628  7393  7428 D Evaluation: Frame 140 sent at 1572946307628
11-05 11:31:47.664  7393  7428 D Evaluation: Frame 141 sent at 1572946307664
11-05 11:31:47.697  7393  7406 E         : [ZeroHung]zrhung_get_config: Get config failed for wp[0x0008]
11-05 11:31:47.697  7393  7428 D Evaluation: Frame 142 sent at 1572946307697
11-05 11:31:47.713  7393  7404 W System  : A resource failed to call close. 
11-05 11:31:47.714  7393  7404 I chatty  : uid=10149(symlab.cloudridar.arhud) FinalizerDaemon identical 8 lines
11-05 11:31:47.714  7393  7404 W System  : A resource failed to call close. 
11-05 11:31:47.735  7393  7428 D Evaluation: Frame 143 sent at 1572946307735
11-05 11:31:47.749  7393  7393 W HiTouch_PressGestureDetector: Touch pointer move a lot. The moving distance of X is:35.553696, limit is:60The moving distance of Y is:80.203896, limit is:60
11-05 11:31:47.771  7393  7428 D Evaluation: Frame 144 sent at 1572946307771
11-05 11:31:47.802  7393  7428 D Evaluation: Frame 145 sent at 1572946307802
11-05 11:31:47.834  7393  7428 D Evaluation: Frame 146 sent at 1572946307834
11-05 11:31:47.876  7393  7428 D Evaluation: Frame 147 sent at 1572946307876
11-05 11:31:47.898  7393  7428 D Evaluation: Frame 148 sent at 1572946307898
11-05 11:31:47.930  7393  7428 D Evaluation: Frame 149 sent at 1572946307930
11-05 11:31:47.962  7393  7428 D Evaluation: Frame 150 sent at 1572946307962
11-05 11:31:47.997  7393  7428 D Evaluation: Frame 151 sent at 1572946307997
11-05 11:31:48.031  7393  7428 D Evaluation: Frame 152 sent at 1572946308031
11-05 11:31:48.064  7393  7428 D Evaluation: Frame 153 sent at 1572946308064
11-05 11:31:48.121  7393  7428 D Evaluation: Frame 154 sent at 1572946308121
11-05 11:31:48.140  7393  7428 D Evaluation: Frame 155 sent at 1572946308140
11-05 11:31:48.162  7393  7428 D Evaluation: Frame 156 sent at 1572946308162
11-05 11:31:48.202  7393  7428 D Evaluation: Frame 157 sent at 1572946308202
11-05 11:31:48.235  7393  7428 D Evaluation: Frame 158 sent at 1572946308235
11-05 11:31:48.272  7393  7428 D Evaluation: Frame 159 sent at 1572946308272
11-05 11:31:48.273  7393  7428 D Evaluation: 0 res for frame 147 received at 1572946308273
11-05 11:31:48.300  7393  7428 D Evaluation: Frame 160 sent at 1572946308300
11-05 11:31:48.345  7393  7428 D Evaluation: Frame 161 sent at 1572946308345
11-05 11:31:48.366  7393  7428 D Evaluation: Frame 162 sent at 1572946308366
11-05 11:31:48.449  7393  7428 D Evaluation: Frame 163 sent at 1572946308449
11-05 11:31:48.475  7393  7428 D Evaluation: Frame 164 sent at 1572946308475
11-05 11:31:48.506  7393  7428 D Evaluation: Frame 165 sent at 1572946308506
11-05 11:31:48.550  7393  7428 D Evaluation: Frame 166 sent at 1572946308550
11-05 11:31:48.551  7393  7428 D Evaluation: 0 res for frame 154 received at 1572946308551
11-05 11:31:48.570  7393  7428 D Evaluation: Frame 167 sent at 1572946308570
11-05 11:31:48.609  7393  7428 D Evaluation: Frame 168 sent at 1572946308609
11-05 11:31:48.640  7393  7428 D Evaluation: Frame 169 sent at 1572946308640
11-05 11:31:48.670  7393  7428 D Evaluation: Frame 170 sent at 1572946308670
11-05 11:31:48.721  7393  7428 D Evaluation: Frame 171 sent at 1572946308721
11-05 11:31:48.750  7393  7428 D Evaluation: Frame 172 sent at 1572946308749
11-05 11:31:48.776  7393  7428 D Evaluation: Frame 173 sent at 1572946308776
11-05 11:31:48.804  7393  7428 D Evaluation: Frame 174 sent at 1572946308804
11-05 11:31:48.839  7393  7428 D Evaluation: Frame 175 sent at 1572946308839
11-05 11:31:48.840  7393  7428 D Evaluation: 0 res for frame 163 received at 1572946308840
11-05 11:31:48.875  7393  7428 D Evaluation: Frame 176 sent at 1572946308875
11-05 11:31:48.876  7393  7428 D Evaluation: 0 res for frame 164 received at 1572946308876
11-05 11:31:48.914  7393  7428 D Evaluation: Frame 177 sent at 1572946308914
11-05 11:31:48.916  7393  7428 D Evaluation: 0 res for frame 165 received at 1572946308916
11-05 11:31:48.940  7393  7428 D Evaluation: Frame 178 sent at 1572946308940
11-05 11:31:48.975  7393  7428 D Evaluation: Frame 179 sent at 1572946308975
11-05 11:31:48.976  7393  7428 D Evaluation: 0 res for frame 166 received at 1572946308976
11-05 11:31:49.007  7393  7428 D Evaluation: Frame 180 sent at 1572946309007
11-05 11:31:49.041  7393  7428 D Evaluation: Frame 181 sent at 1572946309041
11-05 11:31:49.076  7393  7428 D Evaluation: Frame 182 sent at 1572946309076
11-05 11:31:49.086  7393  7393 D Poster  : At 1572946309086 location is 65.05750298747648 (latitude), and 25.46949259695915 (longitude)
11-05 11:31:49.126  7393  7428 D Evaluation: Frame 184 sent at 1572946309126
11-05 11:31:49.143  7393  7428 D Evaluation: Frame 184 sent at 1572946309143
11-05 11:31:49.144  7393  7428 D Evaluation: 0 res for frame 171 received at 1572946309144
11-05 11:31:49.181  7393  7428 D Evaluation: Frame 185 sent at 1572946309181
11-05 11:31:49.217  7393  7428 D Evaluation: Frame 186 sent at 1572946309217
11-05 11:31:49.253  7393  7428 D Evaluation: Frame 187 sent at 1572946309253
11-05 11:31:49.271  7393  7428 D Evaluation: Frame 188 sent at 1572946309271
11-05 11:31:49.303  7393  7406 E         : [ZeroHung]zrhung_get_config: Get config failed for wp[0x0008]
11-05 11:31:49.304  7393  7428 D Evaluation: Frame 189 sent at 1572946309304
11-05 11:31:49.318  7393  7404 W System  : A resource failed to call close. 
11-05 11:31:49.318  7393  7404 W System  : A resource failed to call close. 
11-05 11:31:49.318  7393  7404 W System  : A resource failed to call close. 
11-05 11:31:49.318  7393  7404 W System  : A resource failed to call close. 
11-05 11:31:49.318  7393  7404 W System  : A resource failed to call close. 
11-05 11:31:49.318  7393  7404 W System  : A resource failed to call close. 
11-05 11:31:49.319  7393  7404 I chatty  : uid=10149(symlab.cloudridar.arhud) FinalizerDaemon identical 5 lines
11-05 11:31:49.319  7393  7404 W System  : A resource failed to call close. 
11-05 11:31:49.319  7393  7404 W System  : A resource failed to call close. 
11-05 11:31:49.319  7393  7404 W System  : A resource failed to call close. 
11-05 11:31:49.344  7393  7428 D Evaluation: Frame 190 sent at 1572946309344
11-05 11:31:49.378  7393  7428 D Evaluation: Frame 191 sent at 1572946309378
11-05 11:31:49.418  7393  7428 D Evaluation: Frame 192 sent at 1572946309418
11-05 11:31:49.451  7393  7428 D Evaluation: Frame 193 sent at 1572946309451
11-05 11:31:49.473  7393  7428 D Evaluation: Frame 194 sent at 1572946309473
11-05 11:31:49.511  7393  7428 D Evaluation: Frame 195 sent at 1572946309511
11-05 11:31:49.542  7393  7428 D Evaluation: Frame 196 sent at 1572946309542
11-05 11:31:49.543  7393  7428 D Evaluation: 1 res for frame 184 received at 1572946309543
11-05 11:31:49.576  7393  7428 D Evaluation: Frame 197 sent at 1572946309576
11-05 11:31:49.610  7393  7428 D Evaluation: Frame 198 sent at 1572946309610
11-05 11:31:49.646  7393  7428 D Evaluation: Frame 199 sent at 1572946309646
11-05 11:31:49.685  7393  7428 D Evaluation: Frame 200 sent at 1572946309685
11-05 11:31:49.721  7393  7428 D Evaluation: Frame 201 sent at 1572946309721
11-05 11:31:49.749  7393  7428 D Evaluation: Frame 202 sent at 1572946309749
11-05 11:31:49.799  7393  7428 D Evaluation: Frame 203 sent at 1572946309799
11-05 11:31:49.819  7393  7428 D Evaluation: Frame 204 sent at 1572946309819
11-05 11:31:49.842  7393  7428 D Evaluation: Frame 205 sent at 1572946309842
11-05 11:31:49.892  7393  7428 D Evaluation: Frame 206 sent at 1572946309892
11-05 11:31:49.914  7393  7428 D Evaluation: Frame 207 sent at 1572946309914
11-05 11:31:49.947  7393  7428 D Evaluation: Frame 208 sent at 1572946309947
11-05 11:31:49.980  7393  7428 D Evaluation: Frame 209 sent at 1572946309980
11-05 11:31:50.016  7393  7428 D Evaluation: Frame 210 sent at 1572946310016
11-05 11:31:50.049  7393  7428 D Evaluation: Frame 211 sent at 1572946310049
11-05 11:31:50.067  7393  7393 D Poster  : At 1572946310066 location is 65.0574494279099 (latitude), and 25.469547266828567 (longitude)
11-05 11:31:50.097  7393  7428 D Evaluation: Frame 212 sent at 1572946310097
11-05 11:31:50.122  7393  7428 D Evaluation: Frame 213 sent at 1572946310122
11-05 11:31:50.149  7393  7428 D Evaluation: Frame 214 sent at 1572946310149
11-05 11:31:50.188  7393  7428 D Evaluation: Frame 215 sent at 1572946310188
11-05 11:31:50.216  7393  7428 D Evaluation: Frame 216 sent at 1572946310216
11-05 11:31:50.255  7393  7428 D Evaluation: Frame 217 sent at 1572946310255
11-05 11:31:50.282  7393  7428 D Evaluation: Frame 218 sent at 1572946310282
11-05 11:31:50.333  7393  7428 D Evaluation: Frame 219 sent at 1572946310333
11-05 11:31:50.350  7393  7428 D Evaluation: Frame 220 sent at 1572946310350
11-05 11:31:50.382  7393  7428 D Evaluation: Frame 221 sent at 1572946310382
11-05 11:31:50.424  7393  7428 D Evaluation: Frame 222 sent at 1572946310424
11-05 11:31:50.460  7393  7428 D Evaluation: Frame 223 sent at 1572946310460
11-05 11:31:50.489  7393  7428 D Evaluation: Frame 224 sent at 1572946310489
11-05 11:31:50.517  7393  7428 D Evaluation: Frame 225 sent at 1572946310517
11-05 11:31:50.561  7393  7428 D Evaluation: Frame 226 sent at 1572946310561
11-05 11:31:50.596  7393  7428 D Evaluation: Frame 227 sent at 1572946310596
11-05 11:31:50.617  7393  7428 D Evaluation: Frame 228 sent at 1572946310617
11-05 11:31:50.659  7393  7428 D Evaluation: Frame 229 sent at 1572946310658
11-05 11:31:50.687  7393  7428 D Evaluation: Frame 230 sent at 1572946310687
11-05 11:31:50.725  7393  7428 D Evaluation: Frame 231 sent at 1572946310725
11-05 11:31:50.752  7393  7428 D Evaluation: Frame 232 sent at 1572946310752
11-05 11:31:50.787  7393  7428 D Evaluation: Frame 233 sent at 1572946310787
11-05 11:31:50.823  7393  7428 D Evaluation: Frame 234 sent at 1572946310823
11-05 11:31:50.865  7393  7428 D Evaluation: Frame 235 sent at 1572946310865
11-05 11:31:50.888  7393  7428 D Evaluation: Frame 236 sent at 1572946310888
11-05 11:31:50.916  7393  7428 D Evaluation: Frame 237 sent at 1572946310916
11-05 11:31:50.962  7393  7428 D Evaluation: Frame 238 sent at 1572946310962
11-05 11:31:50.997  7393  7428 D Evaluation: Frame 239 sent at 1572946310997
11-05 11:31:51.027  7393  7428 D Evaluation: Frame 240 sent at 1572946311027
11-05 11:31:51.056  7393  7428 D Evaluation: Frame 241 sent at 1572946311056
11-05 11:31:51.078  7393  7393 D Poster  : At 1572946311078 location is 65.05736105648752 (latitude), and 25.46965720877495 (longitude)
11-05 11:31:51.092  7393  7428 D Evaluation: Frame 242 sent at 1572946311092
11-05 11:31:51.126  7393  7428 D Evaluation: Frame 243 sent at 1572946311126
11-05 11:31:51.154  7393  7428 D Evaluation: Frame 244 sent at 1572946311154
11-05 11:31:51.188  7393  7428 D Evaluation: Frame 245 sent at 1572946311188
11-05 11:31:51.227  7393  7406 E         : [ZeroHung]zrhung_get_config: Get config failed for wp[0x0008]
11-05 11:31:51.227  7393  7428 D Evaluation: Frame 246 sent at 1572946311227
11-05 11:31:51.249  7393  7404 W System  : A resource failed to call close. 
11-05 11:31:51.249  7393  7404 W System  : A resource failed to call close. 
11-05 11:31:51.253  7393  7428 D Evaluation: Frame 247 sent at 1572946311253
11-05 11:31:51.288  7393  7428 D Evaluation: Frame 248 sent at 1572946311288
11-05 11:31:51.321  7393  7428 D Evaluation: Frame 249 sent at 1572946311321
11-05 11:31:51.360  7393  7428 D Evaluation: Frame 250 sent at 1572946311360
11-05 11:31:51.397  7393  7428 D Evaluation: Frame 251 sent at 1572946311397
11-05 11:31:51.430  7393  7428 D Evaluation: Frame 252 sent at 1572946311430
11-05 11:31:51.463  7393  7428 D Evaluation: Frame 253 sent at 1572946311463
11-05 11:31:51.490  7393  7428 D Evaluation: Frame 254 sent at 1572946311490
11-05 11:31:51.523  7393  7428 D Evaluation: Frame 255 sent at 1572946311523
11-05 11:31:51.559  7393  7428 D Evaluation: Frame 256 sent at 1572946311559
11-05 11:31:51.598  7393  7428 D Evaluation: Frame 257 sent at 1572946311598
11-05 11:31:51.623  7393  7428 D Evaluation: Frame 258 sent at 1572946311623
11-05 11:31:51.686  7393  7428 D Evaluation: Frame 260 sent at 1572946311686
11-05 11:31:51.699  7393  7428 D Evaluation: Frame 260 sent at 1572946311699
11-05 11:31:51.721  7393  7428 D Evaluation: Frame 261 sent at 1572946311720
11-05 11:31:51.765  7393  7428 D Evaluation: Frame 262 sent at 1572946311765
11-05 11:31:51.793  7393  7428 D Evaluation: Frame 263 sent at 1572946311793
11-05 11:31:51.832  7393  7428 D Evaluation: Frame 264 sent at 1572946311832
11-05 11:31:51.860  7393  7428 D Evaluation: Frame 265 sent at 1572946311860
11-05 11:31:51.902  7393  7428 D Evaluation: Frame 266 sent at 1572946311902
11-05 11:31:51.927  7393  7428 D Evaluation: Frame 267 sent at 1572946311927
11-05 11:31:51.977  7393  7428 D Evaluation: Frame 268 sent at 1572946311977
11-05 11:31:51.993  7393  7428 D Evaluation: Frame 269 sent at 1572946311993
11-05 11:31:52.062  7393  7428 D Evaluation: Frame 270 sent at 1572946312062
11-05 11:31:52.072  7393  7393 D Poster  : At 1572946312072 location is 65.05742423989793 (latitude), and 25.469597625638055 (longitude)
11-05 11:31:52.105  7393  7428 D Evaluation: Frame 271 sent at 1572946312105
11-05 11:31:52.126  7393  7428 D Evaluation: Frame 272 sent at 1572946312126
11-05 11:31:52.162  7393  7428 D Evaluation: Frame 273 sent at 1572946312162
11-05 11:31:52.199  7393  7428 D Evaluation: Frame 274 sent at 1572946312199
11-05 11:31:52.233  7393  7428 D Evaluation: Frame 275 sent at 1572946312233
11-05 11:31:52.271  7393  7428 D Evaluation: Frame 276 sent at 1572946312271
11-05 11:31:52.301  7393  7428 D Evaluation: Frame 277 sent at 1572946312300
11-05 11:31:52.345  7393  7428 D Evaluation: Frame 278 sent at 1572946312345
11-05 11:31:52.376  7393  7393 W HiTouch_PressGestureDetector: Touch pointer move a lot. The moving distance of X is:122.448975, limit is:60The moving distance of Y is:62.141678, limit is:60
11-05 11:31:52.385  7393  7428 D Evaluation: Frame 279 sent at 1572946312385
11-05 11:31:52.409  7393  7428 D Evaluation: Frame 280 sent at 1572946312409
11-05 11:31:52.437  7393  7428 D Evaluation: Frame 281 sent at 1572946312437
11-05 11:31:52.464  7393  7428 D Evaluation: Frame 282 sent at 1572946312464
11-05 11:31:52.499  7393  7428 D Evaluation: Frame 283 sent at 1572946312499
11-05 11:31:52.537  7393  7428 D Evaluation: Frame 284 sent at 1572946312537
11-05 11:31:52.566  7393  7428 D Evaluation: Frame 285 sent at 1572946312566
11-05 11:31:52.606  7393  7428 D Evaluation: Frame 286 sent at 1572946312606
11-05 11:31:52.632  7393  7428 D Evaluation: Frame 287 sent at 1572946312631
11-05 11:31:52.676  7393  7428 D Evaluation: Frame 288 sent at 1572946312676
11-05 11:31:52.714  7393  7428 D Evaluation: Frame 289 sent at 1572946312714
11-05 11:31:52.738  7393  7428 D Evaluation: Frame 290 sent at 1572946312738
11-05 11:31:52.767  7393  7428 D Evaluation: Frame 291 sent at 1572946312767
11-05 11:31:52.808  7393  7428 D Evaluation: Frame 292 sent at 1572946312808
11-05 11:31:52.832  7393  7428 D Evaluation: Frame 293 sent at 1572946312832
11-05 11:31:52.875  7393  7428 D Evaluation: Frame 294 sent at 1572946312875
11-05 11:31:52.907  7393  7428 D Evaluation: Frame 295 sent at 1572946312907
11-05 11:31:52.936  7393  7428 D Evaluation: Frame 296 sent at 1572946312936
11-05 11:31:52.978  7393  7428 D Evaluation: Frame 297 sent at 1572946312978
11-05 11:31:53.004  7393  7428 D Evaluation: Frame 298 sent at 1572946313003
11-05 11:31:53.045  7393  7428 D Evaluation: Frame 299 sent at 1572946313045
11-05 11:31:53.071  7393  7428 D Evaluation: Frame 300 sent at 1572946313071
11-05 11:31:53.076  7393  7393 D Poster  : At 1572946313076 location is 65.05744990683343 (latitude), and 25.469471179279754 (longitude)
11-05 11:31:53.120  7393  7428 D Evaluation: Frame 301 sent at 1572946313120
11-05 11:31:53.170  7393  7428 D Evaluation: Frame 303 sent at 1572946313170
11-05 11:31:53.184  7393  7428 D Evaluation: Frame 303 sent at 1572946313184
11-05 11:31:53.199  7393  7428 D Evaluation: Frame 304 sent at 1572946313199
11-05 11:31:53.199  7393  7393 I Poster  :  onPause() called.
11-05 11:31:53.269  7393  7393 I Camera  : close camera: 0, package name: symlab.cloudridar.arhud
11-05 11:31:53.270  7393  7393 I BackgroundPermManager: pkgName: symlab.cloudridar.arhud,pid: 7393 ,uidOf3RdApk: 10149 ,permType: 0 ,permCfg: 0
11-05 11:31:53.274  7393  7393 I HwCameraUtil: notifySurfaceFlingerCameraStatus : isFront = false , isOpend = false
11-05 11:31:53.352  7393  7393 D ZrHung.AppEyeUiProbe: stop checker.
11-05 11:31:53.370  7393  7393 I Poster  :  surfaceDestroyed() called.
11-05 11:31:53.370  7393  7393 D ViewRootImpl[MainActivity]: surface should not be released
11-05 11:31:53.370  7393  7393 I Poster  :  onStop() called.
11-05 11:31:53.394  7393  7445 W libEGL  : EGLNativeWindowType 0xecf70008 disconnect failed
11-05 11:31:54.070  7393  7393 D Poster  : At 1572946314070 location is 65.05743080625186 (latitude), and 25.469468739804256 (longitude)
11-05 11:31:54.084  7393  7393 D Latitude: status
11-05 11:31:54.245  7393  7420 D ZrHung.AppEyeUiProbe: Current Activity:false
11-05 11:31:54.246  7393  7420 D ZrHung.AppEyeUiProbe: not watching, wait.
11-05 11:31:58.205  7393  7393 I AwareBitmapCacher: handleReleaseCache: pid=7393
11-05 11:31:58.205  7393  7393 I AwareBitmapCacher: init lrucache size: 2097152 pid=7393
11-05 11:31:58.367  7393  7406 E         : [ZeroHung]zrhung_get_config: Get config failed for wp[0x0008]
11-05 11:32:06.530  7393  7393 I Poster  :  onStart() called.
11-05 11:32:06.531  7393  7393 D ZrHung.AppEyeUiProbe: notify runnable to start.
11-05 11:32:06.532  7393  7393 I Poster  :  onResume() called.
11-05 11:32:06.533  7393  7420 D ZrHung.AppEyeUiProbe: restart watching
11-05 11:32:06.548  7393  7393 I PermissionManager: camera remind result:true
11-05 11:32:06.548  7393  7393 I Camera  : open camera: 0, package name: symlab.cloudridar.arhud
11-05 11:32:06.548  7393  7393 I BackgroundPermManager: pkgName: symlab.cloudridar.arhud,pid: 7393 ,uidOf3RdApk: 10149 ,permType: 0 ,permCfg: 1
11-05 11:32:06.550  7393  7393 I HwCameraUtil: notifySurfaceFlingerCameraStatus : isFront = false , isOpend = true
11-05 11:32:06.576  7393  7393 D ActivityThread: isOptEnabled=false isWechatScanOpt=false
11-05 11:32:06.585  7393  7445 D mali_winsys: EGLint new_window_surface(egl_winsys_display *, void *, EGLSurface, EGLConfig, egl_winsys_surface **, EGLBoolean) returns 0x3000
11-05 11:32:06.593  7393  7393 I Poster  :  surfaceCreated() called.
11-05 11:32:06.593  7393  7393 I Poster  : initPreview() called
11-05 11:32:06.595  7393  7393 I PermissionManager: camera remind result:true
11-05 11:32:06.599  7393  7393 I Poster  :  surfaceChanged() called.
11-05 11:32:06.599  7393  7393 E BpSurfaceComposerClient: Failed to transact (-1)
11-05 11:32:06.600  7393  7393 E BpSurfaceComposerClient: Failed to transact (-1)
11-05 11:32:06.600  7393  7393 W InputMethodManager: startInputReason = 1
11-05 11:32:06.878  7393  7393 W MessageQueue: Handler (android.os.Handler) {1301a09} sending message to a Handler on a dead thread
11-05 11:32:06.878  7393  7393 W MessageQueue: java.lang.IllegalStateException: Handler (android.os.Handler) {1301a09} sending message to a Handler on a dead thread
11-05 11:32:06.878  7393  7393 W MessageQueue: 	at android.os.MessageQueue.enqueueMessage(MessageQueue.java:650)
11-05 11:32:06.878  7393  7393 W MessageQueue: 	at android.os.Handler.enqueueMessage(Handler.java:769)
11-05 11:32:06.878  7393  7393 W MessageQueue: 	at android.os.Handler.sendMessageAtTime(Handler.java:718)
11-05 11:32:06.878  7393  7393 W MessageQueue: 	at android.os.Handler.sendMessageDelayed(Handler.java:688)
11-05 11:32:06.878  7393  7393 W MessageQueue: 	at android.os.Handler.post(Handler.java:405)
11-05 11:32:06.878  7393  7393 W MessageQueue: 	at symlab.CloudAR.ARManager.recognizeTime(ARManager.java:151)
11-05 11:32:06.878  7393  7393 W MessageQueue: 	at symlab.ARHUD.MainActivity$3.onPreviewFrame(MainActivity.java:296)
11-05 11:32:06.878  7393  7393 W MessageQueue: 	at android.hardware.Camera$EventHandler.handleMessage(Camera.java:1278)
11-05 11:32:06.878  7393  7393 W MessageQueue: 	at android.os.Handler.dispatchMessage(Handler.java:112)
11-05 11:32:06.878  7393  7393 W MessageQueue: 	at android.os.Looper.loop(Looper.java:216)
11-05 11:32:06.878  7393  7393 W MessageQueue: 	at android.app.ActivityThread.main(ActivityThread.java:7579)
11-05 11:32:06.878  7393  7393 W MessageQueue: 	at java.lang.reflect.Method.invoke(Native Method)
11-05 11:32:06.878  7393  7393 W MessageQueue: 	at com.android.internal.os.RuntimeInit$MethodAndArgsCaller.run(RuntimeInit.java:524)
11-05 11:32:06.878  7393  7393 W MessageQueue: 	at com.android.internal.os.ZygoteInit.main(ZygoteInit.java:1034)
11-05 11:32:06.879  7393  7393 W MessageQueue: Handler (android.os.Handler) {1301a09} sending message to a Handler on a dead thread
11-05 11:32:06.879  7393  7393 W MessageQueue: java.lang.IllegalStateException: Handler (android.os.Handler) {1301a09} sending message to a Handler on a dead thread
11-05 11:32:06.879  7393  7393 W MessageQueue: 	at android.os.MessageQueue.enqueueMessage(MessageQueue.java:650)
11-05 11:32:06.879  7393  7393 W MessageQueue: 	at android.os.Handler.enqueueMessage(Handler.java:769)
11-05 11:32:06.879  7393  7393 W MessageQueue: 	at android.os.Handler.sendMessageAtTime(Handler.java:718)
11-05 11:32:06.879  7393  7393 W MessageQueue: 	at android.os.Handler.sendMessageDelayed(Handler.java:688)
11-05 11:32:06.879  7393  7393 W MessageQueue: 	at android.os.Handler.post(Handler.java:405)
11-05 11:32:06.879  7393  7393 W MessageQueue: 	at symlab.CloudAR.ARManager.driveFrame(ARManager.java:156)
11-05 11:32:06.879  7393  7393 W MessageQueue: 	at symlab.ARHUD.MainActivity$3.onPreviewFrame(MainActivity.java:297)
11-05 11:32:06.879  7393  7393 W MessageQueue: 	at android.hardware.Camera$EventHandler.handleMessage(Camera.java:1278)
11-05 11:32:06.879  7393  7393 W MessageQueue: 	at android.os.Handler.dispatchMessage(Handler.java:112)
11-05 11:32:06.879  7393  7393 W MessageQueue: 	at android.os.Looper.loop(Looper.java:216)
