--------- beginning of main
11-05 12:31:41.581  7608  7637 E         : [ZeroHung]zrhung_get_config: Get config failed for wp[0x0102]
11-05 12:31:41.581  7608  7637 W ZrHung.AppEyeUiProbe: Failed to get config from zrhung
11-05 12:31:41.584  7608  7608 I MultiDex: Installing application
11-05 12:31:41.584  7608  7608 I MultiDex: VM has multidex support, MultiDex support library is disabled.
11-05 12:31:41.587  7635  7635 W logcat  : type=1400 audit(0.0:985): avc: granted { create } for name="logcat_1572949901568.txt" scontext=u:r:untrusted_app:s0:c149,c256,c512,c768 tcontext=u:object_r:sdcardfs:s0:c149,c256,c512,c768 tclass=file
--------- beginning of system
11-05 12:31:41.588  7608  7608 V ActivityThread: callActivityOnCreate
11-05 12:31:41.588  7608  7608 I Poster  :  onCreate() called.
11-05 12:31:41.592  7608  7608 I HwApsImpl: APS: new HwApsImpl created
11-05 12:31:41.598  7608  7608 V HwWidgetFactory: : successes to get AllImpl object and return....
11-05 12:31:41.606  7608  7608 D OpenGLRenderer: Skia GL Pipeline
11-05 12:31:41.629  7608  7608 D Poster  : Server bound to IP 193.166.28.132 and port 52727
11-05 12:31:41.631  7608  7646 D Evaluation: metadata 0 sent 
11-05 12:31:41.631  7608  7608 D ActivityThread: add activity client record, r= ActivityRecord{1a947b3 token=android.os.BinderProxy@d3b22ca {symlab.cloudridar.arhud/symlab.ARHUD.MainActivity}} token= android.os.BinderProxy@d3b22ca
11-05 12:31:41.634  7608  7608 I Poster  :  onStart() called.
11-05 12:31:41.634  7608  7608 D ZrHung.AppEyeUiProbe: notify runnable to start.
11-05 12:31:41.639  7608  7608 I Poster  :  onResume() called.
11-05 12:31:41.643  7608  7608 I PermissionManager: camera remind result:true
11-05 12:31:41.644  7608  7608 I Camera  : open camera: 0, package name: symlab.cloudridar.arhud
11-05 12:31:41.644  7608  7608 I BackgroundPermManager: pkgName: symlab.cloudridar.arhud,pid: 7608 ,uidOf3RdApk: 10149 ,permType: 0 ,permCfg: 1
11-05 12:31:41.645  7608  7608 I HwCameraUtil: notifySurfaceFlingerCameraStatus : isFront = false , isOpend = true
11-05 12:31:41.657  7608  7608 D ActivityThread: isOptEnabled=false isWechatScanOpt=false
11-05 12:31:41.659  7608  7608 I HwSecImmHelper: mSecurityInputMethodService is null
11-05 12:31:41.666  7608  7608 D OpenGLRenderer:   HWUI Binary is  enabled
11-05 12:31:41.691  7608  7665 D HiTouch_PressGestureDetector: onAttached, package=symlab.cloudridar.arhud, windowType=1, mHiTouchRestricted=false
11-05 12:31:41.699  7608  7664 I ConfigStore: android::hardware::configstore::V1_0::ISurfaceFlingerConfigs::hasWideColorDisplay retrieved: 0
11-05 12:31:41.699  7608  7664 I ConfigStore: android::hardware::configstore::V1_0::ISurfaceFlingerConfigs::hasHDRDisplay retrieved: 0
11-05 12:31:41.699  7608  7664 I iGraphics: [0020080c] pn: symlab.cloudridar.arhud, p: 7608
11-05 12:31:41.699  7608  7664 I OpenGLRenderer: Initialized EGL, version 1.4, mEglDisplay 0x1
11-05 12:31:41.699  7608  7664 D OpenGLRenderer: Swap behavior 2
11-05 12:31:41.709  7608  7664 D mali_winsys: EGLint new_window_surface(egl_winsys_display *, void *, EGLSurface, EGLConfig, egl_winsys_surface **, EGLBoolean) returns 0x3000
11-05 12:31:41.719  7608  7608 I Poster  :  surfaceCreated() called.
11-05 12:31:41.719  7608  7608 I Poster  : initPreview() called
11-05 12:31:41.724  7608  7608 I PermissionManager: camera remind result:true
11-05 12:31:41.731  7608  7608 I Poster  :  surfaceChanged() called.
11-05 12:31:41.751  7608  7608 W InputMethodManager: startInputReason = 1
11-05 12:31:41.764  7608  7608 W InputMethodManager: startInputReason = 5
11-05 12:31:42.022  7608  7646 D Evaluation: metadata 1 sent 
11-05 12:31:42.050  7608  7646 D Evaluation: metadata 2 sent 
11-05 12:31:42.087  7608  7646 D Evaluation: metadata 3 sent 
11-05 12:31:42.121  7608  7646 D Evaluation: metadata 4 sent 
11-05 12:31:42.154  7608  7646 D Evaluation: metadata 5 sent 
11-05 12:31:42.207  7608  7646 W System.err: java.net.SocketException: Message too long
11-05 12:31:42.208  7608  7646 W System.err: 	at sun.nio.ch.DatagramChannelImpl.send0(Native Method)
11-05 12:31:42.208  7608  7646 W System.err: 	at sun.nio.ch.DatagramChannelImpl.sendFromNativeBuffer(DatagramChannelImpl.java:573)
11-05 12:31:42.208  7608  7646 W System.err: 	at sun.nio.ch.DatagramChannelImpl.send(DatagramChannelImpl.java:550)
11-05 12:31:42.208  7608  7646 W System.err: 	at sun.nio.ch.DatagramChannelImpl.send(DatagramChannelImpl.java:514)
11-05 12:31:42.208  7608  7646 W System.err: 	at symlab.CloudAR.network.TransmissionTask.run(TransmissionTask.java:124)
11-05 12:31:42.208  7608  7646 W System.err: 	at android.os.Handler.handleCallback(Handler.java:907)
11-05 12:31:42.208  7608  7646 W System.err: 	at android.os.Handler.dispatchMessage(Handler.java:105)
11-05 12:31:42.208  7608  7646 W System.err: 	at android.os.Looper.loop(Looper.java:216)
11-05 12:31:42.208  7608  7646 W System.err: 	at android.os.HandlerThread.run(HandlerThread.java:65)
11-05 12:31:42.235  7608  7646 W System.err: java.net.SocketException: Message too long
11-05 12:31:42.235  7608  7646 W System.err: 	at sun.nio.ch.DatagramChannelImpl.send0(Native Method)
11-05 12:31:42.235  7608  7646 W System.err: 	at sun.nio.ch.DatagramChannelImpl.sendFromNativeBuffer(DatagramChannelImpl.java:573)
11-05 12:31:42.235  7608  7646 W System.err: 	at sun.nio.ch.DatagramChannelImpl.send(DatagramChannelImpl.java:550)
11-05 12:31:42.235  7608  7646 W System.err: 	at sun.nio.ch.DatagramChannelImpl.send(DatagramChannelImpl.java:514)
11-05 12:31:42.235  7608  7646 W System.err: 	at symlab.CloudAR.network.TransmissionTask.run(TransmissionTask.java:124)
11-05 12:31:42.235  7608  7646 W System.err: 	at android.os.Handler.handleCallback(Handler.java:907)
11-05 12:31:42.235  7608  7646 W System.err: 	at android.os.Handler.dispatchMessage(Handler.java:105)
11-05 12:31:42.235  7608  7646 W System.err: 	at android.os.Looper.loop(Looper.java:216)
11-05 12:31:42.235  7608  7646 W System.err: 	at android.os.HandlerThread.run(HandlerThread.java:65)
11-05 12:31:42.269  7608  7646 D Evaluation: Frame 8 sent at 1572949902269
11-05 12:31:42.301  7608  7646 W System.err: java.net.SocketException: Message too long
11-05 12:31:42.301  7608  7646 W System.err: 	at sun.nio.ch.DatagramChannelImpl.send0(Native Method)
11-05 12:31:42.301  7608  7646 W System.err: 	at sun.nio.ch.DatagramChannelImpl.sendFromNativeBuffer(DatagramChannelImpl.java:573)
11-05 12:31:42.301  7608  7646 W System.err: 	at sun.nio.ch.DatagramChannelImpl.send(DatagramChannelImpl.java:550)
11-05 12:31:42.301  7608  7646 W System.err: 	at sun.nio.ch.DatagramChannelImpl.send(DatagramChannelImpl.java:514)
11-05 12:31:42.301  7608  7646 W System.err: 	at symlab.CloudAR.network.TransmissionTask.run(TransmissionTask.java:124)
11-05 12:31:42.301  7608  7646 W System.err: 	at android.os.Handler.handleCallback(Handler.java:907)
11-05 12:31:42.301  7608  7646 W System.err: 	at android.os.Handler.dispatchMessage(Handler.java:105)
11-05 12:31:42.301  7608  7646 W System.err: 	at android.os.Looper.loop(Looper.java:216)
11-05 12:31:42.301  7608  7646 W System.err: 	at android.os.HandlerThread.run(HandlerThread.java:65)
11-05 12:31:42.339  7608  7646 W System.err: java.net.SocketException: Message too long
11-05 12:31:42.339  7608  7646 W System.err: 	at sun.nio.ch.DatagramChannelImpl.send0(Native Method)
11-05 12:31:42.339  7608  7646 W System.err: 	at sun.nio.ch.DatagramChannelImpl.sendFromNativeBuffer(DatagramChannelImpl.java:573)
11-05 12:31:42.339  7608  7646 W System.err: 	at sun.nio.ch.DatagramChannelImpl.send(DatagramChannelImpl.java:550)
11-05 12:31:42.339  7608  7646 W System.err: 	at sun.nio.ch.DatagramChannelImpl.send(DatagramChannelImpl.java:514)
11-05 12:31:42.339  7608  7646 W System.err: 	at symlab.CloudAR.network.TransmissionTask.run(TransmissionTask.java:124)
11-05 12:31:42.339  7608  7646 W System.err: 	at android.os.Handler.handleCallback(Handler.java:907)
11-05 12:31:42.339  7608  7646 W System.err: 	at android.os.Handler.dispatchMessage(Handler.java:105)
11-05 12:31:42.339  7608  7646 W System.err: 	at android.os.Looper.loop(Looper.java:216)
11-05 12:31:42.339  7608  7646 W System.err: 	at android.os.HandlerThread.run(HandlerThread.java:65)
11-05 12:31:42.369  7608  7646 W System.err: java.net.SocketException: Message too long
11-05 12:31:42.369  7608  7646 W System.err: 	at sun.nio.ch.DatagramChannelImpl.send0(Native Method)
11-05 12:31:42.369  7608  7646 W System.err: 	at sun.nio.ch.DatagramChannelImpl.sendFromNativeBuffer(DatagramChannelImpl.java:573)
11-05 12:31:42.369  7608  7646 W System.err: 	at sun.nio.ch.DatagramChannelImpl.send(DatagramChannelImpl.java:550)
11-05 12:31:42.369  7608  7646 W System.err: 	at sun.nio.ch.DatagramChannelImpl.send(DatagramChannelImpl.java:514)
11-05 12:31:42.370  7608  7646 W System.err: 	at symlab.CloudAR.network.TransmissionTask.run(TransmissionTask.java:124)
11-05 12:31:42.370  7608  7646 W System.err: 	at android.os.Handler.handleCallback(Handler.java:907)
11-05 12:31:42.370  7608  7646 W System.err: 	at android.os.Handler.dispatchMessage(Handler.java:105)
11-05 12:31:42.370  7608  7646 W System.err: 	at android.os.Looper.loop(Looper.java:216)
11-05 12:31:42.370  7608  7646 W System.err: 	at android.os.HandlerThread.run(HandlerThread.java:65)
11-05 12:31:42.402  7608  7646 W System.err: java.net.SocketException: Message too long
11-05 12:31:42.402  7608  7646 W System.err: 	at sun.nio.ch.DatagramChannelImpl.send0(Native Method)
11-05 12:31:42.402  7608  7646 W System.err: 	at sun.nio.ch.DatagramChannelImpl.sendFromNativeBuffer(DatagramChannelImpl.java:573)
11-05 12:31:42.402  7608  7646 W System.err: 	at sun.nio.ch.DatagramChannelImpl.send(DatagramChannelImpl.java:550)
11-05 12:31:42.402  7608  7646 W System.err: 	at sun.nio.ch.DatagramChannelImpl.send(DatagramChannelImpl.java:514)
11-05 12:31:42.402  7608  7646 W System.err: 	at symlab.CloudAR.network.TransmissionTask.run(TransmissionTask.java:124)
11-05 12:31:42.402  7608  7646 W System.err: 	at android.os.Handler.handleCallback(Handler.java:907)
11-05 12:31:42.403  7608  7646 W System.err: 	at android.os.Handler.dispatchMessage(Handler.java:105)
11-05 12:31:42.403  7608  7646 W System.err: 	at android.os.Looper.loop(Looper.java:216)
11-05 12:31:42.403  7608  7646 W System.err: 	at android.os.HandlerThread.run(HandlerThread.java:65)
11-05 12:31:42.435  7608  7646 W System.err: java.net.SocketException: Message too long
11-05 12:31:42.435  7608  7646 W System.err: 	at sun.nio.ch.DatagramChannelImpl.send0(Native Method)
11-05 12:31:42.435  7608  7646 W System.err: 	at sun.nio.ch.DatagramChannelImpl.sendFromNativeBuffer(DatagramChannelImpl.java:573)
11-05 12:31:42.435  7608  7646 W System.err: 	at sun.nio.ch.DatagramChannelImpl.send(DatagramChannelImpl.java:550)
11-05 12:31:42.435  7608  7646 W System.err: 	at sun.nio.ch.DatagramChannelImpl.send(DatagramChannelImpl.java:514)
11-05 12:31:42.435  7608  7646 W System.err: 	at symlab.CloudAR.network.TransmissionTask.run(TransmissionTask.java:124)
11-05 12:31:42.435  7608  7646 W System.err: 	at android.os.Handler.handleCallback(Handler.java:907)
11-05 12:31:42.435  7608  7646 W System.err: 	at android.os.Handler.dispatchMessage(Handler.java:105)
11-05 12:31:42.436  7608  7646 W System.err: 	at android.os.Looper.loop(Looper.java:216)
11-05 12:31:42.436  7608  7646 W System.err: 	at android.os.HandlerThread.run(HandlerThread.java:65)
11-05 12:31:42.470  7608  7646 W System.err: java.net.SocketException: Message too long
11-05 12:31:42.470  7608  7646 W System.err: 	at sun.nio.ch.DatagramChannelImpl.send0(Native Method)
11-05 12:31:42.470  7608  7646 W System.err: 	at sun.nio.ch.DatagramChannelImpl.sendFromNativeBuffer(DatagramChannelImpl.java:573)
11-05 12:31:42.470  7608  7646 W System.err: 	at sun.nio.ch.DatagramChannelImpl.send(DatagramChannelImpl.java:550)
11-05 12:31:42.470  7608  7646 W System.err: 	at sun.nio.ch.DatagramChannelImpl.send(DatagramChannelImpl.java:514)
11-05 12:31:42.470  7608  7646 W System.err: 	at symlab.CloudAR.network.TransmissionTask.run(TransmissionTask.java:124)
11-05 12:31:42.470  7608  7646 W System.err: 	at android.os.Handler.handleCallback(Handler.java:907)
11-05 12:31:42.470  7608  7646 W System.err: 	at android.os.Handler.dispatchMessage(Handler.java:105)
11-05 12:31:42.470  7608  7646 W System.err: 	at android.os.Looper.loop(Looper.java:216)
11-05 12:31:42.470  7608  7646 W System.err: 	at android.os.HandlerThread.run(HandlerThread.java:65)
11-05 12:31:42.503  7608  7646 W System.err: java.net.SocketException: Message too long
11-05 12:31:42.503  7608  7646 W System.err: 	at sun.nio.ch.DatagramChannelImpl.send0(Native Method)
11-05 12:31:42.503  7608  7646 W System.err: 	at sun.nio.ch.DatagramChannelImpl.sendFromNativeBuffer(DatagramChannelImpl.java:573)
11-05 12:31:42.503  7608  7646 W System.err: 	at sun.nio.ch.DatagramChannelImpl.send(DatagramChannelImpl.java:550)
11-05 12:31:42.503  7608  7646 W System.err: 	at sun.nio.ch.DatagramChannelImpl.send(DatagramChannelImpl.java:514)
11-05 12:31:42.503  7608  7646 W System.err: 	at symlab.CloudAR.network.TransmissionTask.run(TransmissionTask.java:124)
11-05 12:31:42.503  7608  7646 W System.err: 	at android.os.Handler.handleCallback(Handler.java:907)
11-05 12:31:42.503  7608  7646 W System.err: 	at android.os.Handler.dispatchMessage(Handler.java:105)
11-05 12:31:42.503  7608  7646 W System.err: 	at android.os.Looper.loop(Looper.java:216)
11-05 12:31:42.503  7608  7646 W System.err: 	at android.os.HandlerThread.run(HandlerThread.java:65)
11-05 12:31:42.519  7608  7608 D Poster  : At 1572949902519 location is 65.05834144217067 (latitude), and 25.46841973544184 (longitude)
11-05 12:31:42.549  7608  7646 W System.err: java.net.SocketException: Message too long
11-05 12:31:42.549  7608  7646 W System.err: 	at sun.nio.ch.DatagramChannelImpl.send0(Native Method)
11-05 12:31:42.549  7608  7646 W System.err: 	at sun.nio.ch.DatagramChannelImpl.sendFromNativeBuffer(DatagramChannelImpl.java:573)
11-05 12:31:42.549  7608  7646 W System.err: 	at sun.nio.ch.DatagramChannelImpl.send(DatagramChannelImpl.java:550)
11-05 12:31:42.549  7608  7646 W System.err: 	at sun.nio.ch.DatagramChannelImpl.send(DatagramChannelImpl.java:514)
11-05 12:31:42.549  7608  7646 W System.err: 	at symlab.CloudAR.network.TransmissionTask.run(TransmissionTask.java:124)
11-05 12:31:42.549  7608  7646 W System.err: 	at android.os.Handler.handleCallback(Handler.java:907)
11-05 12:31:42.549  7608  7646 W System.err: 	at android.os.Handler.dispatchMessage(Handler.java:105)
11-05 12:31:42.549  7608  7646 W System.err: 	at android.os.Looper.loop(Looper.java:216)
11-05 12:31:42.549  7608  7646 W System.err: 	at android.os.HandlerThread.run(HandlerThread.java:65)
11-05 12:31:42.550  7608  7646 D Evaluation: 1 res for frame 8 received at 1572949902550
11-05 12:31:42.571  7608  7646 W System.err: java.net.SocketException: Message too long
11-05 12:31:42.571  7608  7646 W System.err: 	at sun.nio.ch.DatagramChannelImpl.send0(Native Method)
11-05 12:31:42.571  7608  7646 W System.err: 	at sun.nio.ch.DatagramChannelImpl.sendFromNativeBuffer(DatagramChannelImpl.java:573)
11-05 12:31:42.571  7608  7646 W System.err: 	at sun.nio.ch.DatagramChannelImpl.send(DatagramChannelImpl.java:550)
11-05 12:31:42.571  7608  7646 W System.err: 	at sun.nio.ch.DatagramChannelImpl.send(DatagramChannelImpl.java:514)
11-05 12:31:42.571  7608  7646 W System.err: 	at symlab.CloudAR.network.TransmissionTask.run(TransmissionTask.java:124)
11-05 12:31:42.571  7608  7646 W System.err: 	at android.os.Handler.handleCallback(Handler.java:907)
11-05 12:31:42.571  7608  7646 W System.err: 	at android.os.Handler.dispatchMessage(Handler.java:105)
11-05 12:31:42.571  7608  7646 W System.err: 	at android.os.Looper.loop(Looper.java:216)
11-05 12:31:42.571  7608  7646 W System.err: 	at android.os.HandlerThread.run(HandlerThread.java:65)
11-05 12:31:42.604  7608  7622 E         : [ZeroHung]zrhung_get_config: Get config failed for wp[0x0008]
11-05 12:31:42.604  7608  7646 W System.err: java.net.SocketException: Message too long
11-05 12:31:42.604  7608  7646 W System.err: 	at sun.nio.ch.DatagramChannelImpl.send0(Native Method)
11-05 12:31:42.604  7608  7646 W System.err: 	at sun.nio.ch.DatagramChannelImpl.sendFromNativeBuffer(DatagramChannelImpl.java:573)
11-05 12:31:42.604  7608  7646 W System.err: 	at sun.nio.ch.DatagramChannelImpl.send(DatagramChannelImpl.java:550)
11-05 12:31:42.604  7608  7646 W System.err: 	at sun.nio.ch.DatagramChannelImpl.send(DatagramChannelImpl.java:514)
11-05 12:31:42.604  7608  7646 W System.err: 	at symlab.CloudAR.network.TransmissionTask.run(TransmissionTask.java:124)
11-05 12:31:42.604  7608  7646 W System.err: 	at android.os.Handler.handleCallback(Handler.java:907)
11-05 12:31:42.604  7608  7646 W System.err: 	at android.os.Handler.dispatchMessage(Handler.java:105)
11-05 12:31:42.604  7608  7646 W System.err: 	at android.os.Looper.loop(Looper.java:216)
11-05 12:31:42.605  7608  7646 W System.err: 	at android.os.HandlerThread.run(HandlerThread.java:65)
11-05 12:31:42.620  7608  7620 W System  : A resource failed to call close. 
11-05 12:31:42.620  7608  7620 W System  : A resource failed to call close. 
11-05 12:31:42.638  7608  7646 W System.err: java.net.SocketException: Message too long
11-05 12:31:42.638  7608  7646 W System.err: 	at sun.nio.ch.DatagramChannelImpl.send0(Native Method)
11-05 12:31:42.638  7608  7646 W System.err: 	at sun.nio.ch.DatagramChannelImpl.sendFromNativeBuffer(DatagramChannelImpl.java:573)
11-05 12:31:42.638  7608  7646 W System.err: 	at sun.nio.ch.DatagramChannelImpl.send(DatagramChannelImpl.java:550)
11-05 12:31:42.638  7608  7646 W System.err: 	at sun.nio.ch.DatagramChannelImpl.send(DatagramChannelImpl.java:514)
11-05 12:31:42.638  7608  7646 W System.err: 	at symlab.CloudAR.network.TransmissionTask.run(TransmissionTask.java:124)
11-05 12:31:42.638  7608  7646 W System.err: 	at android.os.Handler.handleCallback(Handler.java:907)
11-05 12:31:42.638  7608  7646 W System.err: 	at android.os.Handler.dispatchMessage(Handler.java:105)
11-05 12:31:42.638  7608  7646 W System.err: 	at android.os.Looper.loop(Looper.java:216)
11-05 12:31:42.638  7608  7646 W System.err: 	at android.os.HandlerThread.run(HandlerThread.java:65)
11-05 12:31:42.672  7608  7646 W System.err: java.net.SocketException: Message too long
11-05 12:31:42.672  7608  7646 W System.err: 	at sun.nio.ch.DatagramChannelImpl.send0(Native Method)
11-05 12:31:42.672  7608  7646 W System.err: 	at sun.nio.ch.DatagramChannelImpl.sendFromNativeBuffer(DatagramChannelImpl.java:573)
11-05 12:31:42.672  7608  7646 W System.err: 	at sun.nio.ch.DatagramChannelImpl.send(DatagramChannelImpl.java:550)
11-05 12:31:42.672  7608  7646 W System.err: 	at sun.nio.ch.DatagramChannelImpl.send(DatagramChannelImpl.java:514)
11-05 12:31:42.672  7608  7646 W System.err: 	at symlab.CloudAR.network.TransmissionTask.run(TransmissionTask.java:124)
11-05 12:31:42.672  7608  7646 W System.err: 	at android.os.Handler.handleCallback(Handler.java:907)
11-05 12:31:42.672  7608  7646 W System.err: 	at android.os.Handler.dispatchMessage(Handler.java:105)
11-05 12:31:42.672  7608  7646 W System.err: 	at android.os.Looper.loop(Looper.java:216)
11-05 12:31:42.672  7608  7646 W System.err: 	at android.os.HandlerThread.run(HandlerThread.java:65)
11-05 12:31:42.706  7608  7646 W System.err: java.net.SocketException: Message too long
11-05 12:31:42.706  7608  7646 W System.err: 	at sun.nio.ch.DatagramChannelImpl.send0(Native Method)
11-05 12:31:42.706  7608  7646 W System.err: 	at sun.nio.ch.DatagramChannelImpl.sendFromNativeBuffer(DatagramChannelImpl.java:573)
11-05 12:31:42.706  7608  7646 W System.err: 	at sun.nio.ch.DatagramChannelImpl.send(DatagramChannelImpl.java:550)
11-05 12:31:42.706  7608  7646 W System.err: 	at sun.nio.ch.DatagramChannelImpl.send(DatagramChannelImpl.java:514)
11-05 12:31:42.706  7608  7646 W System.err: 	at symlab.CloudAR.network.TransmissionTask.run(TransmissionTask.java:124)
11-05 12:31:42.706  7608  7646 W System.err: 	at android.os.Handler.handleCallback(Handler.java:907)
11-05 12:31:42.706  7608  7646 W System.err: 	at android.os.Handler.dispatchMessage(Handler.java:105)
11-05 12:31:42.706  7608  7646 W System.err: 	at android.os.Looper.loop(Looper.java:216)
11-05 12:31:42.706  7608  7646 W System.err: 	at android.os.HandlerThread.run(HandlerThread.java:65)
11-05 12:31:42.738  7608  7646 W System.err: java.net.SocketException: Message too long
11-05 12:31:42.738  7608  7646 W System.err: 	at sun.nio.ch.DatagramChannelImpl.send0(Native Method)
11-05 12:31:42.738  7608  7646 W System.err: 	at sun.nio.ch.DatagramChannelImpl.sendFromNativeBuffer(DatagramChannelImpl.java:573)
11-05 12:31:42.738  7608  7646 W System.err: 	at sun.nio.ch.DatagramChannelImpl.send(DatagramChannelImpl.java:550)
11-05 12:31:42.738  7608  7646 W System.err: 	at sun.nio.ch.DatagramChannelImpl.send(DatagramChannelImpl.java:514)
11-05 12:31:42.738  7608  7646 W System.err: 	at symlab.CloudAR.network.TransmissionTask.run(TransmissionTask.java:124)
11-05 12:31:42.738  7608  7646 W System.err: 	at android.os.Handler.handleCallback(Handler.java:907)
11-05 12:31:42.738  7608  7646 W System.err: 	at android.os.Handler.dispatchMessage(Handler.java:105)
11-05 12:31:42.739  7608  7646 W System.err: 	at android.os.Looper.loop(Looper.java:216)
11-05 12:31:42.739  7608  7646 W System.err: 	at android.os.HandlerThread.run(HandlerThread.java:65)
11-05 12:31:42.806  7608  7646 W System.err: java.net.SocketException: Message too long
11-05 12:31:42.806  7608  7646 W System.err: 	at sun.nio.ch.DatagramChannelImpl.send0(Native Method)
11-05 12:31:42.806  7608  7646 W System.err: 	at sun.nio.ch.DatagramChannelImpl.sendFromNativeBuffer(DatagramChannelImpl.java:573)
11-05 12:31:42.806  7608  7646 W System.err: 	at sun.nio.ch.DatagramChannelImpl.send(DatagramChannelImpl.java:550)
11-05 12:31:42.806  7608  7646 W System.err: 	at sun.nio.ch.DatagramChannelImpl.send(DatagramChannelImpl.java:514)
11-05 12:31:42.806  7608  7646 W System.err: 	at symlab.CloudAR.network.TransmissionTask.run(TransmissionTask.java:124)
11-05 12:31:42.806  7608  7646 W System.err: 	at android.os.Handler.handleCallback(Handler.java:907)
11-05 12:31:42.806  7608  7646 W System.err: 	at android.os.Handler.dispatchMessage(Handler.java:105)
11-05 12:31:42.806  7608  7646 W System.err: 	at android.os.Looper.loop(Looper.java:216)
11-05 12:31:42.806  7608  7646 W System.err: 	at android.os.HandlerThread.run(HandlerThread.java:65)
11-05 12:31:42.838  7608  7646 W System.err: java.net.SocketException: Message too long
11-05 12:31:42.838  7608  7646 W System.err: 	at sun.nio.ch.DatagramChannelImpl.send0(Native Method)
11-05 12:31:42.838  7608  7646 W System.err: 	at sun.nio.ch.DatagramChannelImpl.sendFromNativeBuffer(DatagramChannelImpl.java:573)
11-05 12:31:42.839  7608  7646 W System.err: 	at sun.nio.ch.DatagramChannelImpl.send(DatagramChannelImpl.java:550)
11-05 12:31:42.839  7608  7646 W System.err: 	at sun.nio.ch.DatagramChannelImpl.send(DatagramChannelImpl.java:514)
11-05 12:31:42.839  7608  7646 W System.err: 	at symlab.CloudAR.network.TransmissionTask.run(TransmissionTask.java:124)
11-05 12:31:42.839  7608  7646 W System.err: 	at android.os.Handler.handleCallback(Handler.java:907)
11-05 12:31:42.839  7608  7646 W System.err: 	at android.os.Handler.dispatchMessage(Handler.java:105)
11-05 12:31:42.839  7608  7646 W System.err: 	at android.os.Looper.loop(Looper.java:216)
11-05 12:31:42.839  7608  7646 W System.err: 	at android.os.HandlerThread.run(HandlerThread.java:65)
11-05 12:31:42.873  7608  7646 W System.err: java.net.SocketException: Message too long
11-05 12:31:42.873  7608  7646 W System.err: 	at sun.nio.ch.DatagramChannelImpl.send0(Native Method)
11-05 12:31:42.873  7608  7646 W System.err: 	at sun.nio.ch.DatagramChannelImpl.sendFromNativeBuffer(DatagramChannelImpl.java:573)
11-05 12:31:42.873  7608  7646 W System.err: 	at sun.nio.ch.DatagramChannelImpl.send(DatagramChannelImpl.java:550)
11-05 12:31:42.873  7608  7646 W System.err: 	at sun.nio.ch.DatagramChannelImpl.send(DatagramChannelImpl.java:514)
11-05 12:31:42.873  7608  7646 W System.err: 	at symlab.CloudAR.network.TransmissionTask.run(TransmissionTask.java:124)
11-05 12:31:42.873  7608  7646 W System.err: 	at android.os.Handler.handleCallback(Handler.java:907)
11-05 12:31:42.873  7608  7646 W System.err: 	at android.os.Handler.dispatchMessage(Handler.java:105)
11-05 12:31:42.873  7608  7646 W System.err: 	at android.os.Looper.loop(Looper.java:216)
11-05 12:31:42.873  7608  7646 W System.err: 	at android.os.HandlerThread.run(HandlerThread.java:65)
11-05 12:31:42.906  7608  7646 W System.err: java.net.SocketException: Message too long
11-05 12:31:42.906  7608  7646 W System.err: 	at sun.nio.ch.DatagramChannelImpl.send0(Native Method)
11-05 12:31:42.906  7608  7646 W System.err: 	at sun.nio.ch.DatagramChannelImpl.sendFromNativeBuffer(DatagramChannelImpl.java:573)
11-05 12:31:42.906  7608  7646 W System.err: 	at sun.nio.ch.DatagramChannelImpl.send(DatagramChannelImpl.java:550)
11-05 12:31:42.906  7608  7646 W System.err: 	at sun.nio.ch.DatagramChannelImpl.send(DatagramChannelImpl.java:514)
11-05 12:31:42.906  7608  7646 W System.err: 	at symlab.CloudAR.network.TransmissionTask.run(TransmissionTask.java:124)
11-05 12:31:42.906  7608  7646 W System.err: 	at android.os.Handler.handleCallback(Handler.java:907)
11-05 12:31:42.906  7608  7646 W System.err: 	at android.os.Handler.dispatchMessage(Handler.java:105)
11-05 12:31:42.906  7608  7646 W System.err: 	at android.os.Looper.loop(Looper.java:216)
11-05 12:31:42.906  7608  7646 W System.err: 	at android.os.HandlerThread.run(HandlerThread.java:65)
11-05 12:31:42.952  7608  7646 W System.err: java.net.SocketException: Message too long
11-05 12:31:42.952  7608  7646 W System.err: 	at sun.nio.ch.DatagramChannelImpl.send0(Native Method)
11-05 12:31:42.952  7608  7646 W System.err: 	at sun.nio.ch.DatagramChannelImpl.sendFromNativeBuffer(DatagramChannelImpl.java:573)
11-05 12:31:42.952  7608  7646 W System.err: 	at sun.nio.ch.DatagramChannelImpl.send(DatagramChannelImpl.java:550)
11-05 12:31:42.952  7608  7646 W System.err: 	at sun.nio.ch.DatagramChannelImpl.send(DatagramChannelImpl.java:514)
11-05 12:31:42.953  7608  7646 W System.err: 	at symlab.CloudAR.network.TransmissionTask.run(TransmissionTask.java:124)
11-05 12:31:42.953  7608  7646 W System.err: 	at android.os.Handler.handleCallback(Handler.java:907)
11-05 12:31:42.953  7608  7646 W System.err: 	at android.os.Handler.dispatchMessage(Handler.java:105)
11-05 12:31:42.953  7608  7646 W System.err: 	at android.os.Looper.loop(Looper.java:216)
11-05 12:31:42.953  7608  7646 W System.err: 	at android.os.HandlerThread.run(HandlerThread.java:65)
11-05 12:31:42.987  7608  7646 W System.err: java.net.SocketException: Message too long
11-05 12:31:42.987  7608  7646 W System.err: 	at sun.nio.ch.DatagramChannelImpl.send0(Native Method)
11-05 12:31:42.988  7608  7646 W System.err: 	at sun.nio.ch.DatagramChannelImpl.sendFromNativeBuffer(DatagramChannelImpl.java:573)
11-05 12:31:42.988  7608  7646 W System.err: 	at sun.nio.ch.DatagramChannelImpl.send(DatagramChannelImpl.java:550)
11-05 12:31:42.988  7608  7646 W System.err: 	at sun.nio.ch.DatagramChannelImpl.send(DatagramChannelImpl.java:514)
11-05 12:31:42.988  7608  7646 W System.err: 	at symlab.CloudAR.network.TransmissionTask.run(TransmissionTask.java:124)
11-05 12:31:42.988  7608  7646 W System.err: 	at android.os.Handler.handleCallback(Handler.java:907)
11-05 12:31:42.988  7608  7646 W System.err: 	at android.os.Handler.dispatchMessage(Handler.java:105)
11-05 12:31:42.988  7608  7646 W System.err: 	at android.os.Looper.loop(Looper.java:216)
11-05 12:31:42.988  7608  7646 W System.err: 	at android.os.HandlerThread.run(HandlerThread.java:65)
11-05 12:31:43.027  7608  7646 W System.err: java.net.SocketException: Message too long
11-05 12:31:43.028  7608  7646 W System.err: 	at sun.nio.ch.DatagramChannelImpl.send0(Native Method)
11-05 12:31:43.028  7608  7646 W System.err: 	at sun.nio.ch.DatagramChannelImpl.sendFromNativeBuffer(DatagramChannelImpl.java:573)
11-05 12:31:43.028  7608  7646 W System.err: 	at sun.nio.ch.DatagramChannelImpl.send(DatagramChannelImpl.java:550)
11-05 12:31:43.028  7608  7646 W System.err: 	at sun.nio.ch.DatagramChannelImpl.send(DatagramChannelImpl.java:514)
11-05 12:31:43.028  7608  7646 W System.err: 	at symlab.CloudAR.network.TransmissionTask.run(TransmissionTask.java:124)
11-05 12:31:43.028  7608  7646 W System.err: 	at android.os.Handler.handleCallback(Handler.java:907)
11-05 12:31:43.028  7608  7646 W System.err: 	at android.os.Handler.dispatchMessage(Handler.java:105)
11-05 12:31:43.028  7608  7646 W System.err: 	at android.os.Looper.loop(Looper.java:216)
11-05 12:31:43.028  7608  7646 W System.err: 	at android.os.HandlerThread.run(HandlerThread.java:65)
11-05 12:31:43.058  7608  7646 W System.err: java.net.SocketException: Message too long
11-05 12:31:43.058  7608  7646 W System.err: 	at sun.nio.ch.DatagramChannelImpl.send0(Native Method)
11-05 12:31:43.058  7608  7646 W System.err: 	at sun.nio.ch.DatagramChannelImpl.sendFromNativeBuffer(DatagramChannelImpl.java:573)
11-05 12:31:43.058  7608  7646 W System.err: 	at sun.nio.ch.DatagramChannelImpl.send(DatagramChannelImpl.java:550)
11-05 12:31:43.058  7608  7646 W System.err: 	at sun.nio.ch.DatagramChannelImpl.send(DatagramChannelImpl.java:514)
11-05 12:31:43.058  7608  7646 W System.err: 	at symlab.CloudAR.network.TransmissionTask.run(TransmissionTask.java:124)
11-05 12:31:43.058  7608  7646 W System.err: 	at android.os.Handler.handleCallback(Handler.java:907)
11-05 12:31:43.058  7608  7646 W System.err: 	at android.os.Handler.dispatchMessage(Handler.java:105)
11-05 12:31:43.058  7608  7646 W System.err: 	at android.os.Looper.loop(Looper.java:216)
11-05 12:31:43.058  7608  7646 W System.err: 	at android.os.HandlerThread.run(HandlerThread.java:65)
11-05 12:31:43.086  7608  7646 W System.err: java.net.SocketException: Message too long
11-05 12:31:43.086  7608  7646 W System.err: 	at sun.nio.ch.DatagramChannelImpl.send0(Native Method)
11-05 12:31:43.086  7608  7646 W System.err: 	at sun.nio.ch.DatagramChannelImpl.sendFromNativeBuffer(DatagramChannelImpl.java:573)
11-05 12:31:43.086  7608  7646 W System.err: 	at sun.nio.ch.DatagramChannelImpl.send(DatagramChannelImpl.java:550)
11-05 12:31:43.086  7608  7646 W System.err: 	at sun.nio.ch.DatagramChannelImpl.send(DatagramChannelImpl.java:514)
11-05 12:31:43.086  7608  7646 W System.err: 	at symlab.CloudAR.network.TransmissionTask.run(TransmissionTask.java:124)
11-05 12:31:43.086  7608  7646 W System.err: 	at android.os.Handler.handleCallback(Handler.java:907)
11-05 12:31:43.086  7608  7646 W System.err: 	at android.os.Handler.dispatchMessage(Handler.java:105)
11-05 12:31:43.086  7608  7646 W System.err: 	at android.os.Looper.loop(Looper.java:216)
11-05 12:31:43.086  7608  7646 W System.err: 	at android.os.HandlerThread.run(HandlerThread.java:65)
11-05 12:31:43.124  7608  7646 W System.err: java.net.SocketException: Message too long
11-05 12:31:43.124  7608  7646 W System.err: 	at sun.nio.ch.DatagramChannelImpl.send0(Native Method)
11-05 12:31:43.124  7608  7646 W System.err: 	at sun.nio.ch.DatagramChannelImpl.sendFromNativeBuffer(DatagramChannelImpl.java:573)
11-05 12:31:43.124  7608  7646 W System.err: 	at sun.nio.ch.DatagramChannelImpl.send(DatagramChannelImpl.java:550)
11-05 12:31:43.124  7608  7646 W System.err: 	at sun.nio.ch.DatagramChannelImpl.send(DatagramChannelImpl.java:514)
11-05 12:31:43.124  7608  7646 W System.err: 	at symlab.CloudAR.network.TransmissionTask.run(TransmissionTask.java:124)
11-05 12:31:43.124  7608  7646 W System.err: 	at android.os.Handler.handleCallback(Handler.java:907)
11-05 12:31:43.124  7608  7646 W System.err: 	at android.os.Handler.dispatchMessage(Handler.java:105)
11-05 12:31:43.124  7608  7646 W System.err: 	at android.os.Looper.loop(Looper.java:216)
11-05 12:31:43.124  7608  7646 W System.err: 	at android.os.HandlerThread.run(HandlerThread.java:65)
11-05 12:31:43.167  7608  7646 W System.err: java.net.SocketException: Message too long
11-05 12:31:43.167  7608  7646 W System.err: 	at sun.nio.ch.DatagramChannelImpl.send0(Native Method)
11-05 12:31:43.167  7608  7646 W System.err: 	at sun.nio.ch.DatagramChannelImpl.sendFromNativeBuffer(DatagramChannelImpl.java:573)
11-05 12:31:43.167  7608  7646 W System.err: 	at sun.nio.ch.DatagramChannelImpl.send(DatagramChannelImpl.java:550)
11-05 12:31:43.167  7608  7646 W System.err: 	at sun.nio.ch.DatagramChannelImpl.send(DatagramChannelImpl.java:514)
11-05 12:31:43.167  7608  7646 W System.err: 	at symlab.CloudAR.network.TransmissionTask.run(TransmissionTask.java:124)
11-05 12:31:43.167  7608  7646 W System.err: 	at android.os.Handler.handleCallback(Handler.java:907)
11-05 12:31:43.167  7608  7646 W System.err: 	at android.os.Handler.dispatchMessage(Handler.java:105)
11-05 12:31:43.167  7608  7646 W System.err: 	at android.os.Looper.loop(Looper.java:216)
11-05 12:31:43.167  7608  7646 W System.err: 	at android.os.HandlerThread.run(HandlerThread.java:65)
11-05 12:31:43.245  7608  7646 W System.err: java.net.SocketException: Message too long
11-05 12:31:43.245  7608  7646 W System.err: 	at sun.nio.ch.DatagramChannelImpl.send0(Native Method)
11-05 12:31:43.245  7608  7646 W System.err: 	at sun.nio.ch.DatagramChannelImpl.sendFromNativeBuffer(DatagramChannelImpl.java:573)
11-05 12:31:43.245  7608  7646 W System.err: 	at sun.nio.ch.DatagramChannelImpl.send(DatagramChannelImpl.java:550)
11-05 12:31:43.245  7608  7646 W System.err: 	at sun.nio.ch.DatagramChannelImpl.send(DatagramChannelImpl.java:514)
11-05 12:31:43.245  7608  7646 W System.err: 	at symlab.CloudAR.network.TransmissionTask.run(TransmissionTask.java:124)
11-05 12:31:43.245  7608  7646 W System.err: 	at android.os.Handler.handleCallback(Handler.java:907)
11-05 12:31:43.245  7608  7646 W System.err: 	at android.os.Handler.dispatchMessage(Handler.java:105)
11-05 12:31:43.245  7608  7646 W System.err: 	at android.os.Looper.loop(Looper.java:216)
11-05 12:31:43.245  7608  7646 W System.err: 	at android.os.HandlerThread.run(HandlerThread.java:65)
11-05 12:31:43.303  7608  7646 W System.err: java.net.SocketException: Message too long
11-05 12:31:43.303  7608  7646 W System.err: 	at sun.nio.ch.DatagramChannelImpl.send0(Native Method)
11-05 12:31:43.303  7608  7646 W System.err: 	at sun.nio.ch.DatagramChannelImpl.sendFromNativeBuffer(DatagramChannelImpl.java:573)
11-05 12:31:43.303  7608  7646 W System.err: 	at sun.nio.ch.DatagramChannelImpl.send(DatagramChannelImpl.java:550)
11-05 12:31:43.304  7608  7646 W System.err: 	at sun.nio.ch.DatagramChannelImpl.send(DatagramChannelImpl.java:514)
11-05 12:31:43.304  7608  7646 W System.err: 	at symlab.CloudAR.network.TransmissionTask.run(TransmissionTask.java:124)
11-05 12:31:43.304  7608  7646 W System.err: 	at android.os.Handler.handleCallback(Handler.java:907)
11-05 12:31:43.304  7608  7646 W System.err: 	at android.os.Handler.dispatchMessage(Handler.java:105)
11-05 12:31:43.304  7608  7646 W System.err: 	at android.os.Looper.loop(Looper.java:216)
11-05 12:31:43.304  7608  7646 W System.err: 	at android.os.HandlerThread.run(HandlerThread.java:65)
11-05 12:31:43.370  7608  7646 W System.err: java.net.SocketException: Message too long
11-05 12:31:43.370  7608  7646 W System.err: 	at sun.nio.ch.DatagramChannelImpl.send0(Native Method)
11-05 12:31:43.370  7608  7646 W System.err: 	at sun.nio.ch.DatagramChannelImpl.sendFromNativeBuffer(DatagramChannelImpl.java:573)
11-05 12:31:43.370  7608  7646 W System.err: 	at sun.nio.ch.DatagramChannelImpl.send(DatagramChannelImpl.java:550)
11-05 12:31:43.370  7608  7646 W System.err: 	at sun.nio.ch.DatagramChannelImpl.send(DatagramChannelImpl.java:514)
11-05 12:31:43.370  7608  7646 W System.err: 	at symlab.CloudAR.network.TransmissionTask.run(TransmissionTask.java:124)
11-05 12:31:43.370  7608  7646 W System.err: 	at android.os.Handler.handleCallback(Handler.java:907)
11-05 12:31:43.370  7608  7646 W System.err: 	at android.os.Handler.dispatchMessage(Handler.java:105)
11-05 12:31:43.370  7608  7646 W System.err: 	at android.os.Looper.loop(Looper.java:216)
11-05 12:31:43.370  7608  7646 W System.err: 	at android.os.HandlerThread.run(HandlerThread.java:65)
11-05 12:31:43.393  7608  7646 W System.err: java.net.SocketException: Message too long
11-05 12:31:43.393  7608  7646 W System.err: 	at sun.nio.ch.DatagramChannelImpl.send0(Native Method)
11-05 12:31:43.393  7608  7646 W System.err: 	at sun.nio.ch.DatagramChannelImpl.sendFromNativeBuffer(DatagramChannelImpl.java:573)
11-05 12:31:43.393  7608  7646 W System.err: 	at sun.nio.ch.DatagramChannelImpl.send(DatagramChannelImpl.java:550)
11-05 12:31:43.393  7608  7646 W System.err: 	at sun.nio.ch.DatagramChannelImpl.send(DatagramChannelImpl.java:514)
11-05 12:31:43.394  7608  7646 W System.err: 	at symlab.CloudAR.network.TransmissionTask.run(TransmissionTask.java:124)
11-05 12:31:43.394  7608  7646 W System.err: 	at android.os.Handler.handleCallback(Handler.java:907)
11-05 12:31:43.394  7608  7646 W System.err: 	at android.os.Handler.dispatchMessage(Handler.java:105)
11-05 12:31:43.394  7608  7646 W System.err: 	at android.os.Looper.loop(Looper.java:216)
11-05 12:31:43.394  7608  7646 W System.err: 	at android.os.HandlerThread.run(HandlerThread.java:65)
11-05 12:31:43.422  7608  7646 W System.err: java.net.SocketException: Message too long
11-05 12:31:43.422  7608  7646 W System.err: 	at sun.nio.ch.DatagramChannelImpl.send0(Native Method)
11-05 12:31:43.423  7608  7646 W System.err: 	at sun.nio.ch.DatagramChannelImpl.sendFromNativeBuffer(DatagramChannelImpl.java:573)
11-05 12:31:43.423  7608  7646 W System.err: 	at sun.nio.ch.DatagramChannelImpl.send(DatagramChannelImpl.java:550)
11-05 12:31:43.423  7608  7646 W System.err: 	at sun.nio.ch.DatagramChannelImpl.send(DatagramChannelImpl.java:514)
11-05 12:31:43.423  7608  7646 W System.err: 	at symlab.CloudAR.network.TransmissionTask.run(TransmissionTask.java:124)
11-05 12:31:43.423  7608  7646 W System.err: 	at android.os.Handler.handleCallback(Handler.java:907)
11-05 12:31:43.423  7608  7646 W System.err: 	at android.os.Handler.dispatchMessage(Handler.java:105)
11-05 12:31:43.423  7608  7646 W System.err: 	at android.os.Looper.loop(Looper.java:216)
11-05 12:31:43.423  7608  7646 W System.err: 	at android.os.HandlerThread.run(HandlerThread.java:65)
11-05 12:31:43.462  7608  7646 W System.err: java.net.SocketException: Message too long
11-05 12:31:43.462  7608  7646 W System.err: 	at sun.nio.ch.DatagramChannelImpl.send0(Native Method)
11-05 12:31:43.462  7608  7646 W System.err: 	at sun.nio.ch.DatagramChannelImpl.sendFromNativeBuffer(DatagramChannelImpl.java:573)
11-05 12:31:43.462  7608  7646 W System.err: 	at sun.nio.ch.DatagramChannelImpl.send(DatagramChannelImpl.java:550)
11-05 12:31:43.462  7608  7646 W System.err: 	at sun.nio.ch.DatagramChannelImpl.send(DatagramChannelImpl.java:514)
11-05 12:31:43.462  7608  7646 W System.err: 	at symlab.CloudAR.network.TransmissionTask.run(TransmissionTask.java:124)
11-05 12:31:43.463  7608  7646 W System.err: 	at android.os.Handler.handleCallback(Handler.java:907)
11-05 12:31:43.463  7608  7646 W System.err: 	at android.os.Handler.dispatchMessage(Handler.java:105)
11-05 12:31:43.463  7608  7646 W System.err: 	at android.os.Looper.loop(Looper.java:216)
11-05 12:31:43.463  7608  7646 W System.err: 	at android.os.HandlerThread.run(HandlerThread.java:65)
11-05 12:31:43.503  7608  7646 W System.err: java.net.SocketException: Message too long
11-05 12:31:43.503  7608  7646 W System.err: 	at sun.nio.ch.DatagramChannelImpl.send0(Native Method)
11-05 12:31:43.503  7608  7646 W System.err: 	at sun.nio.ch.DatagramChannelImpl.sendFromNativeBuffer(DatagramChannelImpl.java:573)
11-05 12:31:43.503  7608  7646 W System.err: 	at sun.nio.ch.DatagramChannelImpl.send(DatagramChannelImpl.java:550)
11-05 12:31:43.503  7608  7646 W System.err: 	at sun.nio.ch.DatagramChannelImpl.send(DatagramChannelImpl.java:514)
11-05 12:31:43.503  7608  7646 W System.err: 	at symlab.CloudAR.network.TransmissionTask.run(TransmissionTask.java:124)
11-05 12:31:43.503  7608  7646 W System.err: 	at android.os.Handler.handleCallback(Handler.java:907)
11-05 12:31:43.503  7608  7646 W System.err: 	at android.os.Handler.dispatchMessage(Handler.java:105)
11-05 12:31:43.503  7608  7646 W System.err: 	at android.os.Looper.loop(Looper.java:216)
11-05 12:31:43.503  7608  7646 W System.err: 	at android.os.HandlerThread.run(HandlerThread.java:65)
11-05 12:31:43.520  7608  7608 D Poster  : At 1572949903520 location is 65.05833785890273 (latitude), and 25.468424076186825 (longitude)
11-05 12:31:43.550  7608  7622 E         : [ZeroHung]zrhung_get_config: Get config failed for wp[0x0008]
11-05 12:31:43.551  7608  7646 W System.err: java.net.SocketException: Message too long
11-05 12:31:43.551  7608  7646 W System.err: 	at sun.nio.ch.DatagramChannelImpl.send0(Native Method)
11-05 12:31:43.551  7608  7646 W System.err: 	at sun.nio.ch.DatagramChannelImpl.sendFromNativeBuffer(DatagramChannelImpl.java:573)
11-05 12:31:43.551  7608  7646 W System.err: 	at sun.nio.ch.DatagramChannelImpl.send(DatagramChannelImpl.java:550)
11-05 12:31:43.551  7608  7646 W System.err: 	at sun.nio.ch.DatagramChannelImpl.send(DatagramChannelImpl.java:514)
11-05 12:31:43.551  7608  7646 W System.err: 	at symlab.CloudAR.network.TransmissionTask.run(TransmissionTask.java:124)
11-05 12:31:43.551  7608  7646 W System.err: 	at android.os.Handler.handleCallback(Handler.java:907)
11-05 12:31:43.551  7608  7646 W System.err: 	at android.os.Handler.dispatchMessage(Handler.java:105)
11-05 12:31:43.551  7608  7646 W System.err: 	at android.os.Looper.loop(Looper.java:216)
11-05 12:31:43.551  7608  7646 W System.err: 	at android.os.HandlerThread.run(HandlerThread.java:65)
11-05 12:31:43.593  7608  7646 W System.err: java.net.SocketException: Message too long
11-05 12:31:43.594  7608  7646 W System.err: 	at sun.nio.ch.DatagramChannelImpl.send0(Native Method)
11-05 12:31:43.594  7608  7646 W System.err: 	at sun.nio.ch.DatagramChannelImpl.sendFromNativeBuffer(DatagramChannelImpl.java:573)
11-05 12:31:43.594  7608  7646 W System.err: 	at sun.nio.ch.DatagramChannelImpl.send(DatagramChannelImpl.java:550)
11-05 12:31:43.594  7608  7646 W System.err: 	at sun.nio.ch.DatagramChannelImpl.send(DatagramChannelImpl.java:514)
11-05 12:31:43.594  7608  7646 W System.err: 	at symlab.CloudAR.network.TransmissionTask.run(TransmissionTask.java:124)
11-05 12:31:43.594  7608  7646 W System.err: 	at android.os.Handler.handleCallback(Handler.java:907)
11-05 12:31:43.594  7608  7646 W System.err: 	at android.os.Handler.dispatchMessage(Handler.java:105)
11-05 12:31:43.594  7608  7646 W System.err: 	at android.os.Looper.loop(Looper.java:216)
11-05 12:31:43.594  7608  7646 W System.err: 	at android.os.HandlerThread.run(HandlerThread.java:65)
11-05 12:31:43.626  7608  7646 W System.err: java.net.SocketException: Message too long
11-05 12:31:43.626  7608  7646 W System.err: 	at sun.nio.ch.DatagramChannelImpl.send0(Native Method)
11-05 12:31:43.626  7608  7646 W System.err: 	at sun.nio.ch.DatagramChannelImpl.sendFromNativeBuffer(DatagramChannelImpl.java:573)
11-05 12:31:43.626  7608  7646 W System.err: 	at sun.nio.ch.DatagramChannelImpl.send(DatagramChannelImpl.java:550)
11-05 12:31:43.626  7608  7646 W System.err: 	at sun.nio.ch.DatagramChannelImpl.send(DatagramChannelImpl.java:514)
11-05 12:31:43.626  7608  7646 W System.err: 	at symlab.CloudAR.network.TransmissionTask.run(TransmissionTask.java:124)
11-05 12:31:43.626  7608  7646 W System.err: 	at android.os.Handler.handleCallback(Handler.java:907)
11-05 12:31:43.626  7608  7646 W System.err: 	at android.os.Handler.dispatchMessage(Handler.java:105)
11-05 12:31:43.626  7608  7646 W System.err: 	at android.os.Looper.loop(Looper.java:216)
11-05 12:31:43.626  7608  7646 W System.err: 	at android.os.HandlerThread.run(HandlerThread.java:65)
11-05 12:31:43.675  7608  7646 W System.err: java.net.SocketException: Message too long
11-05 12:31:43.675  7608  7646 W System.err: 	at sun.nio.ch.DatagramChannelImpl.send0(Native Method)
11-05 12:31:43.675  7608  7646 W System.err: 	at sun.nio.ch.DatagramChannelImpl.sendFromNativeBuffer(DatagramChannelImpl.java:573)
11-05 12:31:43.675  7608  7646 W System.err: 	at sun.nio.ch.DatagramChannelImpl.send(DatagramChannelImpl.java:550)
11-05 12:31:43.675  7608  7646 W System.err: 	at sun.nio.ch.DatagramChannelImpl.send(DatagramChannelImpl.java:514)
11-05 12:31:43.675  7608  7646 W System.err: 	at symlab.CloudAR.network.TransmissionTask.run(TransmissionTask.java:124)
11-05 12:31:43.675  7608  7646 W System.err: 	at android.os.Handler.handleCallback(Handler.java:907)
11-05 12:31:43.675  7608  7646 W System.err: 	at android.os.Handler.dispatchMessage(Handler.java:105)
11-05 12:31:43.675  7608  7646 W System.err: 	at android.os.Looper.loop(Looper.java:216)
11-05 12:31:43.675  7608  7646 W System.err: 	at android.os.HandlerThread.run(HandlerThread.java:65)
11-05 12:31:43.703  7608  7646 D Evaluation: Frame 45 sent at 1572949903703
11-05 12:31:43.740  7608  7646 D Evaluation: Frame 46 sent at 1572949903740
11-05 12:31:43.763  7608  7646 D Evaluation: Frame 47 sent at 1572949903763
11-05 12:31:43.802  7608  7646 D Evaluation: Frame 48 sent at 1572949903802
11-05 12:31:43.841  7608  7646 D Evaluation: Frame 49 sent at 1572949903841
11-05 12:31:43.865  7608  7646 D Evaluation: Frame 50 sent at 1572949903865
11-05 12:31:43.896  7608  7646 D Evaluation: Frame 51 sent at 1572949903896
11-05 12:31:43.936  7608  7646 D Evaluation: Frame 52 sent at 1572949903936
11-05 12:31:43.959  7608  7646 D Evaluation: Frame 53 sent at 1572949903959
11-05 12:31:43.992  7608  7646 W System.err: java.net.SocketException: Message too long
11-05 12:31:43.992  7608  7646 W System.err: 	at sun.nio.ch.DatagramChannelImpl.send0(Native Method)
11-05 12:31:43.992  7608  7646 W System.err: 	at sun.nio.ch.DatagramChannelImpl.sendFromNativeBuffer(DatagramChannelImpl.java:573)
11-05 12:31:43.992  7608  7646 W System.err: 	at sun.nio.ch.DatagramChannelImpl.send(DatagramChannelImpl.java:550)
11-05 12:31:43.992  7608  7646 W System.err: 	at sun.nio.ch.DatagramChannelImpl.send(DatagramChannelImpl.java:514)
11-05 12:31:43.992  7608  7646 W System.err: 	at symlab.CloudAR.network.TransmissionTask.run(TransmissionTask.java:124)
11-05 12:31:43.992  7608  7646 W System.err: 	at android.os.Handler.handleCallback(Handler.java:907)
11-05 12:31:43.992  7608  7646 W System.err: 	at android.os.Handler.dispatchMessage(Handler.java:105)
11-05 12:31:43.992  7608  7646 W System.err: 	at android.os.Looper.loop(Looper.java:216)
11-05 12:31:43.992  7608  7646 W System.err: 	at android.os.HandlerThread.run(HandlerThread.java:65)
11-05 12:31:43.993  7608  7646 D Evaluation: 2 res for frame 45 received at 1572949903993
11-05 12:31:44.033  7608  7646 W System.err: java.net.SocketException: Message too long
11-05 12:31:44.033  7608  7646 W System.err: 	at sun.nio.ch.DatagramChannelImpl.send0(Native Method)
11-05 12:31:44.033  7608  7646 W System.err: 	at sun.nio.ch.DatagramChannelImpl.sendFromNativeBuffer(DatagramChannelImpl.java:573)
11-05 12:31:44.033  7608  7646 W System.err: 	at sun.nio.ch.DatagramChannelImpl.send(DatagramChannelImpl.java:550)
11-05 12:31:44.033  7608  7646 W System.err: 	at sun.nio.ch.DatagramChannelImpl.send(DatagramChannelImpl.java:514)
11-05 12:31:44.033  7608  7646 W System.err: 	at symlab.CloudAR.network.TransmissionTask.run(TransmissionTask.java:124)
11-05 12:31:44.033  7608  7646 W System.err: 	at android.os.Handler.handleCallback(Handler.java:907)
11-05 12:31:44.033  7608  7646 W System.err: 	at android.os.Handler.dispatchMessage(Handler.java:105)
11-05 12:31:44.033  7608  7646 W System.err: 	at android.os.Looper.loop(Looper.java:216)
11-05 12:31:44.033  7608  7646 W System.err: 	at android.os.HandlerThread.run(HandlerThread.java:65)
11-05 12:31:44.061  7608  7646 W System.err: java.net.SocketException: Message too long
11-05 12:31:44.061  7608  7646 W System.err: 	at sun.nio.ch.DatagramChannelImpl.send0(Native Method)
11-05 12:31:44.061  7608  7646 W System.err: 	at sun.nio.ch.DatagramChannelImpl.sendFromNativeBuffer(DatagramChannelImpl.java:573)
11-05 12:31:44.061  7608  7646 W System.err: 	at sun.nio.ch.DatagramChannelImpl.send(DatagramChannelImpl.java:550)
11-05 12:31:44.061  7608  7646 W System.err: 	at sun.nio.ch.DatagramChannelImpl.send(DatagramChannelImpl.java:514)
11-05 12:31:44.061  7608  7646 W System.err: 	at symlab.CloudAR.network.TransmissionTask.run(TransmissionTask.java:124)
11-05 12:31:44.062  7608  7646 W System.err: 	at android.os.Handler.handleCallback(Handler.java:907)
11-05 12:31:44.062  7608  7646 W System.err: 	at android.os.Handler.dispatchMessage(Handler.java:105)
11-05 12:31:44.062  7608  7646 W System.err: 	at android.os.Looper.loop(Looper.java:216)
11-05 12:31:44.062  7608  7646 W System.err: 	at android.os.HandlerThread.run(HandlerThread.java:65)
11-05 12:31:44.091  7608  7646 W System.err: java.net.SocketException: Message too long
11-05 12:31:44.091  7608  7646 W System.err: 	at sun.nio.ch.DatagramChannelImpl.send0(Native Method)
11-05 12:31:44.091  7608  7646 W System.err: 	at sun.nio.ch.DatagramChannelImpl.sendFromNativeBuffer(DatagramChannelImpl.java:573)
11-05 12:31:44.091  7608  7646 W System.err: 	at sun.nio.ch.DatagramChannelImpl.send(DatagramChannelImpl.java:550)
11-05 12:31:44.091  7608  7646 W System.err: 	at sun.nio.ch.DatagramChannelImpl.send(DatagramChannelImpl.java:514)
11-05 12:31:44.091  7608  7646 W System.err: 	at symlab.CloudAR.network.TransmissionTask.run(TransmissionTask.java:124)
11-05 12:31:44.091  7608  7646 W System.err: 	at android.os.Handler.handleCallback(Handler.java:907)
11-05 12:31:44.091  7608  7646 W System.err: 	at android.os.Handler.dispatchMessage(Handler.java:105)
