11-06 11:13:02.398 28528 28561 W System.err: 	at sun.nio.ch.DatagramChannelImpl.send(DatagramChannelImpl.java:514)
11-06 11:13:02.398 28528 28561 W System.err: 	at symlab.CloudAR.network.TransmissionTask.run(TransmissionTask.java:124)
11-06 11:13:02.398 28528 28561 W System.err: 	at android.os.Handler.handleCallback(Handler.java:907)
11-06 11:13:02.398 28528 28561 W System.err: 	at android.os.Handler.dispatchMessage(Handler.java:105)
11-06 11:13:02.398 28528 28561 W System.err: 	at android.os.Looper.loop(Looper.java:216)
11-06 11:13:02.398 28528 28561 W System.err: 	at android.os.HandlerThread.run(HandlerThread.java:65)
11-06 11:13:02.436 28528 28561 W System.err: java.net.SocketException: Message too long
11-06 11:13:02.436 28528 28561 W System.err: 	at sun.nio.ch.DatagramChannelImpl.send0(Native Method)
11-06 11:13:02.436 28528 28561 W System.err: 	at sun.nio.ch.DatagramChannelImpl.sendFromNativeBuffer(DatagramChannelImpl.java:573)
11-06 11:13:02.436 28528 28561 W System.err: 	at sun.nio.ch.DatagramChannelImpl.send(DatagramChannelImpl.java:550)
11-06 11:13:02.436 28528 28561 W System.err: 	at sun.nio.ch.DatagramChannelImpl.send(DatagramChannelImpl.java:514)
11-06 11:13:02.436 28528 28561 W System.err: 	at symlab.CloudAR.network.TransmissionTask.run(TransmissionTask.java:124)
11-06 11:13:02.436 28528 28561 W System.err: 	at android.os.Handler.handleCallback(Handler.java:907)
11-06 11:13:02.436 28528 28561 W System.err: 	at android.os.Handler.dispatchMessage(Handler.java:105)
11-06 11:13:02.436 28528 28561 W System.err: 	at android.os.Looper.loop(Looper.java:216)
11-06 11:13:02.436 28528 28561 W System.err: 	at android.os.HandlerThread.run(HandlerThread.java:65)
11-06 11:13:02.467 28528 28561 W System.err: java.net.SocketException: Message too long
11-06 11:13:02.467 28528 28561 W System.err: 	at sun.nio.ch.DatagramChannelImpl.send0(Native Method)
11-06 11:13:02.467 28528 28561 W System.err: 	at sun.nio.ch.DatagramChannelImpl.sendFromNativeBuffer(DatagramChannelImpl.java:573)
11-06 11:13:02.467 28528 28561 W System.err: 	at sun.nio.ch.DatagramChannelImpl.send(DatagramChannelImpl.java:550)
11-06 11:13:02.467 28528 28561 W System.err: 	at sun.nio.ch.DatagramChannelImpl.send(DatagramChannelImpl.java:514)
11-06 11:13:02.467 28528 28561 W System.err: 	at symlab.CloudAR.network.TransmissionTask.run(TransmissionTask.java:124)
11-06 11:13:02.467 28528 28561 W System.err: 	at android.os.Handler.handleCallback(Handler.java:907)
11-06 11:13:02.467 28528 28561 W System.err: 	at android.os.Handler.dispatchMessage(Handler.java:105)
11-06 11:13:02.467 28528 28561 W System.err: 	at android.os.Looper.loop(Looper.java:216)
11-06 11:13:02.467 28528 28561 W System.err: 	at android.os.HandlerThread.run(HandlerThread.java:65)
11-06 11:13:02.503 28528 28561 W System.err: java.net.SocketException: Message too long
11-06 11:13:02.503 28528 28561 W System.err: 	at sun.nio.ch.DatagramChannelImpl.send0(Native Method)
11-06 11:13:02.503 28528 28561 W System.err: 	at sun.nio.ch.DatagramChannelImpl.sendFromNativeBuffer(DatagramChannelImpl.java:573)
11-06 11:13:02.503 28528 28561 W System.err: 	at sun.nio.ch.DatagramChannelImpl.send(DatagramChannelImpl.java:550)
11-06 11:13:02.503 28528 28561 W System.err: 	at sun.nio.ch.DatagramChannelImpl.send(DatagramChannelImpl.java:514)
11-06 11:13:02.503 28528 28561 W System.err: 	at symlab.CloudAR.network.TransmissionTask.run(TransmissionTask.java:124)
11-06 11:13:02.503 28528 28561 W System.err: 	at android.os.Handler.handleCallback(Handler.java:907)
11-06 11:13:02.503 28528 28561 W System.err: 	at android.os.Handler.dispatchMessage(Handler.java:105)
11-06 11:13:02.503 28528 28561 W System.err: 	at android.os.Looper.loop(Looper.java:216)
11-06 11:13:02.503 28528 28561 W System.err: 	at android.os.HandlerThread.run(HandlerThread.java:65)
11-06 11:13:02.536 28528 28561 W System.err: java.net.SocketException: Message too long
11-06 11:13:02.537 28528 28561 W System.err: 	at sun.nio.ch.DatagramChannelImpl.send0(Native Method)
11-06 11:13:02.537 28528 28561 W System.err: 	at sun.nio.ch.DatagramChannelImpl.sendFromNativeBuffer(DatagramChannelImpl.java:573)
11-06 11:13:02.537 28528 28561 W System.err: 	at sun.nio.ch.DatagramChannelImpl.send(DatagramChannelImpl.java:550)
11-06 11:13:02.537 28528 28561 W System.err: 	at sun.nio.ch.DatagramChannelImpl.send(DatagramChannelImpl.java:514)
11-06 11:13:02.537 28528 28561 W System.err: 	at symlab.CloudAR.network.TransmissionTask.run(TransmissionTask.java:124)
11-06 11:13:02.537 28528 28561 W System.err: 	at android.os.Handler.handleCallback(Handler.java:907)
11-06 11:13:02.537 28528 28561 W System.err: 	at android.os.Handler.dispatchMessage(Handler.java:105)
11-06 11:13:02.537 28528 28561 W System.err: 	at android.os.Looper.loop(Looper.java:216)
11-06 11:13:02.537 28528 28561 W System.err: 	at android.os.HandlerThread.run(HandlerThread.java:65)
11-06 11:13:02.573 28528 28561 W System.err: java.net.SocketException: Message too long
11-06 11:13:02.573 28528 28561 W System.err: 	at sun.nio.ch.DatagramChannelImpl.send0(Native Method)
11-06 11:13:02.573 28528 28561 W System.err: 	at sun.nio.ch.DatagramChannelImpl.sendFromNativeBuffer(DatagramChannelImpl.java:573)
11-06 11:13:02.573 28528 28561 W System.err: 	at sun.nio.ch.DatagramChannelImpl.send(DatagramChannelImpl.java:550)
11-06 11:13:02.573 28528 28561 W System.err: 	at sun.nio.ch.DatagramChannelImpl.send(DatagramChannelImpl.java:514)
11-06 11:13:02.573 28528 28561 W System.err: 	at symlab.CloudAR.network.TransmissionTask.run(TransmissionTask.java:124)
11-06 11:13:02.574 28528 28561 W System.err: 	at android.os.Handler.handleCallback(Handler.java:907)
11-06 11:13:02.574 28528 28561 W System.err: 	at android.os.Handler.dispatchMessage(Handler.java:105)
11-06 11:13:02.574 28528 28561 W System.err: 	at android.os.Looper.loop(Looper.java:216)
11-06 11:13:02.574 28528 28561 W System.err: 	at android.os.HandlerThread.run(HandlerThread.java:65)
11-06 11:13:02.593 28528 28528 I AwareBitmapCacher: init lrucache size: 2097152 pid=28528
11-06 11:13:02.600 28528 28561 W System.err: java.net.SocketException: Message too long
11-06 11:13:02.600 28528 28561 W System.err: 	at sun.nio.ch.DatagramChannelImpl.send0(Native Method)
11-06 11:13:02.600 28528 28561 W System.err: 	at sun.nio.ch.DatagramChannelImpl.sendFromNativeBuffer(DatagramChannelImpl.java:573)
11-06 11:13:02.600 28528 28561 W System.err: 	at sun.nio.ch.DatagramChannelImpl.send(DatagramChannelImpl.java:550)
11-06 11:13:02.600 28528 28561 W System.err: 	at sun.nio.ch.DatagramChannelImpl.send(DatagramChannelImpl.java:514)
11-06 11:13:02.600 28528 28561 W System.err: 	at symlab.CloudAR.network.TransmissionTask.run(TransmissionTask.java:124)
11-06 11:13:02.600 28528 28561 W System.err: 	at android.os.Handler.handleCallback(Handler.java:907)
11-06 11:13:02.600 28528 28561 W System.err: 	at android.os.Handler.dispatchMessage(Handler.java:105)
11-06 11:13:02.600 28528 28561 W System.err: 	at android.os.Looper.loop(Looper.java:216)
11-06 11:13:02.600 28528 28561 W System.err: 	at android.os.HandlerThread.run(HandlerThread.java:65)
11-06 11:13:02.644 28528 28561 W System.err: java.net.SocketException: Message too long
11-06 11:13:02.644 28528 28561 W System.err: 	at sun.nio.ch.DatagramChannelImpl.send0(Native Method)
11-06 11:13:02.644 28528 28561 W System.err: 	at sun.nio.ch.DatagramChannelImpl.sendFromNativeBuffer(DatagramChannelImpl.java:573)
11-06 11:13:02.644 28528 28561 W System.err: 	at sun.nio.ch.DatagramChannelImpl.send(DatagramChannelImpl.java:550)
11-06 11:13:02.644 28528 28561 W System.err: 	at sun.nio.ch.DatagramChannelImpl.send(DatagramChannelImpl.java:514)
11-06 11:13:02.644 28528 28561 W System.err: 	at symlab.CloudAR.network.TransmissionTask.run(TransmissionTask.java:124)
11-06 11:13:02.644 28528 28561 W System.err: 	at android.os.Handler.handleCallback(Handler.java:907)
11-06 11:13:02.644 28528 28561 W System.err: 	at android.os.Handler.dispatchMessage(Handler.java:105)
11-06 11:13:02.644 28528 28561 W System.err: 	at android.os.Looper.loop(Looper.java:216)
11-06 11:13:02.644 28528 28561 W System.err: 	at android.os.HandlerThread.run(HandlerThread.java:65)
11-06 11:13:02.676 28528 28561 W System.err: java.net.SocketException: Message too long
11-06 11:13:02.676 28528 28561 W System.err: 	at sun.nio.ch.DatagramChannelImpl.send0(Native Method)
11-06 11:13:02.676 28528 28561 W System.err: 	at sun.nio.ch.DatagramChannelImpl.sendFromNativeBuffer(DatagramChannelImpl.java:573)
11-06 11:13:02.676 28528 28561 W System.err: 	at sun.nio.ch.DatagramChannelImpl.send(DatagramChannelImpl.java:550)
11-06 11:13:02.676 28528 28561 W System.err: 	at sun.nio.ch.DatagramChannelImpl.send(DatagramChannelImpl.java:514)
11-06 11:13:02.676 28528 28561 W System.err: 	at symlab.CloudAR.network.TransmissionTask.run(TransmissionTask.java:124)
11-06 11:13:02.676 28528 28561 W System.err: 	at android.os.Handler.handleCallback(Handler.java:907)
11-06 11:13:02.676 28528 28561 W System.err: 	at android.os.Handler.dispatchMessage(Handler.java:105)
11-06 11:13:02.676 28528 28561 W System.err: 	at android.os.Looper.loop(Looper.java:216)
11-06 11:13:02.676 28528 28561 W System.err: 	at android.os.HandlerThread.run(HandlerThread.java:65)
11-06 11:13:02.706 28528 28561 W System.err: java.net.SocketException: Message too long
11-06 11:13:02.707 28528 28561 W System.err: 	at sun.nio.ch.DatagramChannelImpl.send0(Native Method)
11-06 11:13:02.707 28528 28561 W System.err: 	at sun.nio.ch.DatagramChannelImpl.sendFromNativeBuffer(DatagramChannelImpl.java:573)
11-06 11:13:02.707 28528 28561 W System.err: 	at sun.nio.ch.DatagramChannelImpl.send(DatagramChannelImpl.java:550)
11-06 11:13:02.707 28528 28561 W System.err: 	at sun.nio.ch.DatagramChannelImpl.send(DatagramChannelImpl.java:514)
11-06 11:13:02.707 28528 28561 W System.err: 	at symlab.CloudAR.network.TransmissionTask.run(TransmissionTask.java:124)
11-06 11:13:02.707 28528 28561 W System.err: 	at android.os.Handler.handleCallback(Handler.java:907)
11-06 11:13:02.707 28528 28561 W System.err: 	at android.os.Handler.dispatchMessage(Handler.java:105)
11-06 11:13:02.707 28528 28561 W System.err: 	at android.os.Looper.loop(Looper.java:216)
11-06 11:13:02.707 28528 28561 W System.err: 	at android.os.HandlerThread.run(HandlerThread.java:65)
11-06 11:13:02.744 28528 28539 E         : [ZeroHung]zrhung_get_config: Get config failed for wp[0x0008]
11-06 11:13:02.745 28528 28561 W System.err: java.net.SocketException: Message too long
11-06 11:13:02.746 28528 28561 W System.err: 	at sun.nio.ch.DatagramChannelImpl.send0(Native Method)
11-06 11:13:02.746 28528 28561 W System.err: 	at sun.nio.ch.DatagramChannelImpl.sendFromNativeBuffer(DatagramChannelImpl.java:573)
11-06 11:13:02.746 28528 28561 W System.err: 	at sun.nio.ch.DatagramChannelImpl.send(DatagramChannelImpl.java:550)
11-06 11:13:02.746 28528 28561 W System.err: 	at sun.nio.ch.DatagramChannelImpl.send(DatagramChannelImpl.java:514)
11-06 11:13:02.746 28528 28561 W System.err: 	at symlab.CloudAR.network.TransmissionTask.run(TransmissionTask.java:124)
11-06 11:13:02.746 28528 28561 W System.err: 	at android.os.Handler.handleCallback(Handler.java:907)
11-06 11:13:02.746 28528 28561 W System.err: 	at android.os.Handler.dispatchMessage(Handler.java:105)
11-06 11:13:02.746 28528 28561 W System.err: 	at android.os.Looper.loop(Looper.java:216)
11-06 11:13:02.746 28528 28561 W System.err: 	at android.os.HandlerThread.run(HandlerThread.java:65)
11-06 11:13:02.788 28528 28561 W System.err: java.net.SocketException: Message too long
11-06 11:13:02.788 28528 28561 W System.err: 	at sun.nio.ch.DatagramChannelImpl.send0(Native Method)
11-06 11:13:02.788 28528 28561 W System.err: 	at sun.nio.ch.DatagramChannelImpl.sendFromNativeBuffer(DatagramChannelImpl.java:573)
11-06 11:13:02.788 28528 28561 W System.err: 	at sun.nio.ch.DatagramChannelImpl.send(DatagramChannelImpl.java:550)
11-06 11:13:02.788 28528 28561 W System.err: 	at sun.nio.ch.DatagramChannelImpl.send(DatagramChannelImpl.java:514)
11-06 11:13:02.788 28528 28561 W System.err: 	at symlab.CloudAR.network.TransmissionTask.run(TransmissionTask.java:124)
11-06 11:13:02.788 28528 28561 W System.err: 	at android.os.Handler.handleCallback(Handler.java:907)
11-06 11:13:02.788 28528 28561 W System.err: 	at android.os.Handler.dispatchMessage(Handler.java:105)
11-06 11:13:02.788 28528 28561 W System.err: 	at android.os.Looper.loop(Looper.java:216)
11-06 11:13:02.788 28528 28561 W System.err: 	at android.os.HandlerThread.run(HandlerThread.java:65)
11-06 11:13:02.816 28528 28561 W System.err: java.net.SocketException: Message too long
11-06 11:13:02.816 28528 28561 W System.err: 	at sun.nio.ch.DatagramChannelImpl.send0(Native Method)
11-06 11:13:02.816 28528 28561 W System.err: 	at sun.nio.ch.DatagramChannelImpl.sendFromNativeBuffer(DatagramChannelImpl.java:573)
11-06 11:13:02.816 28528 28561 W System.err: 	at sun.nio.ch.DatagramChannelImpl.send(DatagramChannelImpl.java:550)
11-06 11:13:02.816 28528 28561 W System.err: 	at sun.nio.ch.DatagramChannelImpl.send(DatagramChannelImpl.java:514)
11-06 11:13:02.816 28528 28561 W System.err: 	at symlab.CloudAR.network.TransmissionTask.run(TransmissionTask.java:124)
11-06 11:13:02.816 28528 28561 W System.err: 	at android.os.Handler.handleCallback(Handler.java:907)
11-06 11:13:02.816 28528 28561 W System.err: 	at android.os.Handler.dispatchMessage(Handler.java:105)
11-06 11:13:02.816 28528 28561 W System.err: 	at android.os.Looper.loop(Looper.java:216)
11-06 11:13:02.816 28528 28561 W System.err: 	at android.os.HandlerThread.run(HandlerThread.java:65)
11-06 11:13:02.842 28528 28561 W System.err: java.net.SocketException: Message too long
11-06 11:13:02.842 28528 28561 W System.err: 	at sun.nio.ch.DatagramChannelImpl.send0(Native Method)
11-06 11:13:02.842 28528 28561 W System.err: 	at sun.nio.ch.DatagramChannelImpl.sendFromNativeBuffer(DatagramChannelImpl.java:573)
11-06 11:13:02.842 28528 28561 W System.err: 	at sun.nio.ch.DatagramChannelImpl.send(DatagramChannelImpl.java:550)
11-06 11:13:02.842 28528 28561 W System.err: 	at sun.nio.ch.DatagramChannelImpl.send(DatagramChannelImpl.java:514)
11-06 11:13:02.842 28528 28561 W System.err: 	at symlab.CloudAR.network.TransmissionTask.run(TransmissionTask.java:124)
11-06 11:13:02.842 28528 28561 W System.err: 	at android.os.Handler.handleCallback(Handler.java:907)
11-06 11:13:02.842 28528 28561 W System.err: 	at android.os.Handler.dispatchMessage(Handler.java:105)
11-06 11:13:02.842 28528 28561 W System.err: 	at android.os.Looper.loop(Looper.java:216)
11-06 11:13:02.842 28528 28561 W System.err: 	at android.os.HandlerThread.run(HandlerThread.java:65)
11-06 11:13:02.874 28528 28561 W System.err: java.net.SocketException: Message too long
11-06 11:13:02.874 28528 28561 W System.err: 	at sun.nio.ch.DatagramChannelImpl.send0(Native Method)
11-06 11:13:02.874 28528 28561 W System.err: 	at sun.nio.ch.DatagramChannelImpl.sendFromNativeBuffer(DatagramChannelImpl.java:573)
11-06 11:13:02.874 28528 28561 W System.err: 	at sun.nio.ch.DatagramChannelImpl.send(DatagramChannelImpl.java:550)
11-06 11:13:02.874 28528 28561 W System.err: 	at sun.nio.ch.DatagramChannelImpl.send(DatagramChannelImpl.java:514)
11-06 11:13:02.874 28528 28561 W System.err: 	at symlab.CloudAR.network.TransmissionTask.run(TransmissionTask.java:124)
11-06 11:13:02.874 28528 28561 W System.err: 	at android.os.Handler.handleCallback(Handler.java:907)
11-06 11:13:02.874 28528 28561 W System.err: 	at android.os.Handler.dispatchMessage(Handler.java:105)
11-06 11:13:02.874 28528 28561 W System.err: 	at android.os.Looper.loop(Looper.java:216)
11-06 11:13:02.874 28528 28561 W System.err: 	at android.os.HandlerThread.run(HandlerThread.java:65)
11-06 11:13:02.905 28528 28561 W System.err: java.net.SocketException: Message too long
11-06 11:13:02.905 28528 28561 W System.err: 	at sun.nio.ch.DatagramChannelImpl.send0(Native Method)
11-06 11:13:02.905 28528 28561 W System.err: 	at sun.nio.ch.DatagramChannelImpl.sendFromNativeBuffer(DatagramChannelImpl.java:573)
11-06 11:13:02.905 28528 28561 W System.err: 	at sun.nio.ch.DatagramChannelImpl.send(DatagramChannelImpl.java:550)
11-06 11:13:02.905 28528 28561 W System.err: 	at sun.nio.ch.DatagramChannelImpl.send(DatagramChannelImpl.java:514)
11-06 11:13:02.905 28528 28561 W System.err: 	at symlab.CloudAR.network.TransmissionTask.run(TransmissionTask.java:124)
11-06 11:13:02.905 28528 28561 W System.err: 	at android.os.Handler.handleCallback(Handler.java:907)
11-06 11:13:02.905 28528 28561 W System.err: 	at android.os.Handler.dispatchMessage(Handler.java:105)
11-06 11:13:02.905 28528 28561 W System.err: 	at android.os.Looper.loop(Looper.java:216)
11-06 11:13:02.905 28528 28561 W System.err: 	at android.os.HandlerThread.run(HandlerThread.java:65)
11-06 11:13:02.942 28528 28561 W System.err: java.net.SocketException: Message too long
11-06 11:13:02.943 28528 28561 W System.err: 	at sun.nio.ch.DatagramChannelImpl.send0(Native Method)
11-06 11:13:02.943 28528 28561 W System.err: 	at sun.nio.ch.DatagramChannelImpl.sendFromNativeBuffer(DatagramChannelImpl.java:573)
11-06 11:13:02.943 28528 28561 W System.err: 	at sun.nio.ch.DatagramChannelImpl.send(DatagramChannelImpl.java:550)
11-06 11:13:02.943 28528 28561 W System.err: 	at sun.nio.ch.DatagramChannelImpl.send(DatagramChannelImpl.java:514)
11-06 11:13:02.943 28528 28561 W System.err: 	at symlab.CloudAR.network.TransmissionTask.run(TransmissionTask.java:124)
11-06 11:13:02.943 28528 28561 W System.err: 	at android.os.Handler.handleCallback(Handler.java:907)
11-06 11:13:02.943 28528 28561 W System.err: 	at android.os.Handler.dispatchMessage(Handler.java:105)
11-06 11:13:02.943 28528 28561 W System.err: 	at android.os.Looper.loop(Looper.java:216)
11-06 11:13:02.943 28528 28561 W System.err: 	at android.os.HandlerThread.run(HandlerThread.java:65)
11-06 11:13:02.981 28528 28561 W System.err: java.net.SocketException: Message too long
11-06 11:13:02.981 28528 28561 W System.err: 	at sun.nio.ch.DatagramChannelImpl.send0(Native Method)
11-06 11:13:02.981 28528 28561 W System.err: 	at sun.nio.ch.DatagramChannelImpl.sendFromNativeBuffer(DatagramChannelImpl.java:573)
11-06 11:13:02.981 28528 28561 W System.err: 	at sun.nio.ch.DatagramChannelImpl.send(DatagramChannelImpl.java:550)
11-06 11:13:02.981 28528 28561 W System.err: 	at sun.nio.ch.DatagramChannelImpl.send(DatagramChannelImpl.java:514)
11-06 11:13:02.981 28528 28561 W System.err: 	at symlab.CloudAR.network.TransmissionTask.run(TransmissionTask.java:124)
11-06 11:13:02.981 28528 28561 W System.err: 	at android.os.Handler.handleCallback(Handler.java:907)
11-06 11:13:02.981 28528 28561 W System.err: 	at android.os.Handler.dispatchMessage(Handler.java:105)
11-06 11:13:02.981 28528 28561 W System.err: 	at android.os.Looper.loop(Looper.java:216)
11-06 11:13:02.981 28528 28561 W System.err: 	at android.os.HandlerThread.run(HandlerThread.java:65)
11-06 11:13:03.007 28528 28561 W System.err: java.net.SocketException: Message too long
11-06 11:13:03.007 28528 28561 W System.err: 	at sun.nio.ch.DatagramChannelImpl.send0(Native Method)
11-06 11:13:03.008 28528 28561 W System.err: 	at sun.nio.ch.DatagramChannelImpl.sendFromNativeBuffer(DatagramChannelImpl.java:573)
11-06 11:13:03.008 28528 28561 W System.err: 	at sun.nio.ch.DatagramChannelImpl.send(DatagramChannelImpl.java:550)
11-06 11:13:03.008 28528 28561 W System.err: 	at sun.nio.ch.DatagramChannelImpl.send(DatagramChannelImpl.java:514)
11-06 11:13:03.008 28528 28561 W System.err: 	at symlab.CloudAR.network.TransmissionTask.run(TransmissionTask.java:124)
11-06 11:13:03.008 28528 28561 W System.err: 	at android.os.Handler.handleCallback(Handler.java:907)
11-06 11:13:03.008 28528 28561 W System.err: 	at android.os.Handler.dispatchMessage(Handler.java:105)
11-06 11:13:03.008 28528 28561 W System.err: 	at android.os.Looper.loop(Looper.java:216)
11-06 11:13:03.008 28528 28561 W System.err: 	at android.os.HandlerThread.run(HandlerThread.java:65)
11-06 11:13:03.045 28528 28561 W System.err: java.net.SocketException: Message too long
11-06 11:13:03.045 28528 28561 W System.err: 	at sun.nio.ch.DatagramChannelImpl.send0(Native Method)
11-06 11:13:03.045 28528 28561 W System.err: 	at sun.nio.ch.DatagramChannelImpl.sendFromNativeBuffer(DatagramChannelImpl.java:573)
11-06 11:13:03.045 28528 28561 W System.err: 	at sun.nio.ch.DatagramChannelImpl.send(DatagramChannelImpl.java:550)
11-06 11:13:03.045 28528 28561 W System.err: 	at sun.nio.ch.DatagramChannelImpl.send(DatagramChannelImpl.java:514)
11-06 11:13:03.045 28528 28561 W System.err: 	at symlab.CloudAR.network.TransmissionTask.run(TransmissionTask.java:124)
11-06 11:13:03.045 28528 28561 W System.err: 	at android.os.Handler.handleCallback(Handler.java:907)
11-06 11:13:03.045 28528 28561 W System.err: 	at android.os.Handler.dispatchMessage(Handler.java:105)
11-06 11:13:03.045 28528 28561 W System.err: 	at android.os.Looper.loop(Looper.java:216)
11-06 11:13:03.045 28528 28561 W System.err: 	at android.os.HandlerThread.run(HandlerThread.java:65)
11-06 11:13:03.075 28528 28561 W System.err: java.net.SocketException: Message too long
11-06 11:13:03.075 28528 28561 W System.err: 	at sun.nio.ch.DatagramChannelImpl.send0(Native Method)
11-06 11:13:03.075 28528 28561 W System.err: 	at sun.nio.ch.DatagramChannelImpl.sendFromNativeBuffer(DatagramChannelImpl.java:573)
11-06 11:13:03.075 28528 28561 W System.err: 	at sun.nio.ch.DatagramChannelImpl.send(DatagramChannelImpl.java:550)
11-06 11:13:03.075 28528 28561 W System.err: 	at sun.nio.ch.DatagramChannelImpl.send(DatagramChannelImpl.java:514)
11-06 11:13:03.075 28528 28561 W System.err: 	at symlab.CloudAR.network.TransmissionTask.run(TransmissionTask.java:124)
11-06 11:13:03.075 28528 28561 W System.err: 	at android.os.Handler.handleCallback(Handler.java:907)
11-06 11:13:03.076 28528 28561 W System.err: 	at android.os.Handler.dispatchMessage(Handler.java:105)
11-06 11:13:03.076 28528 28561 W System.err: 	at android.os.Looper.loop(Looper.java:216)
11-06 11:13:03.076 28528 28561 W System.err: 	at android.os.HandlerThread.run(HandlerThread.java:65)
11-06 11:13:03.115 28528 28539 E         : [ZeroHung]zrhung_get_config: Get config failed for wp[0x0008]
11-06 11:13:03.115 28528 28561 W System.err: java.net.SocketException: Message too long
11-06 11:13:03.116 28528 28561 W System.err: 	at sun.nio.ch.DatagramChannelImpl.send0(Native Method)
11-06 11:13:03.116 28528 28561 W System.err: 	at sun.nio.ch.DatagramChannelImpl.sendFromNativeBuffer(DatagramChannelImpl.java:573)
11-06 11:13:03.116 28528 28561 W System.err: 	at sun.nio.ch.DatagramChannelImpl.send(DatagramChannelImpl.java:550)
11-06 11:13:03.116 28528 28561 W System.err: 	at sun.nio.ch.DatagramChannelImpl.send(DatagramChannelImpl.java:514)
11-06 11:13:03.116 28528 28561 W System.err: 	at symlab.CloudAR.network.TransmissionTask.run(TransmissionTask.java:124)
11-06 11:13:03.116 28528 28561 W System.err: 	at android.os.Handler.handleCallback(Handler.java:907)
11-06 11:13:03.116 28528 28561 W System.err: 	at android.os.Handler.dispatchMessage(Handler.java:105)
11-06 11:13:03.116 28528 28561 W System.err: 	at android.os.Looper.loop(Looper.java:216)
11-06 11:13:03.116 28528 28561 W System.err: 	at android.os.HandlerThread.run(HandlerThread.java:65)
11-06 11:13:03.141 28528 28561 W System.err: java.net.SocketException: Message too long
11-06 11:13:03.141 28528 28561 W System.err: 	at sun.nio.ch.DatagramChannelImpl.send0(Native Method)
11-06 11:13:03.141 28528 28561 W System.err: 	at sun.nio.ch.DatagramChannelImpl.sendFromNativeBuffer(DatagramChannelImpl.java:573)
11-06 11:13:03.141 28528 28561 W System.err: 	at sun.nio.ch.DatagramChannelImpl.send(DatagramChannelImpl.java:550)
11-06 11:13:03.141 28528 28561 W System.err: 	at sun.nio.ch.DatagramChannelImpl.send(DatagramChannelImpl.java:514)
11-06 11:13:03.141 28528 28561 W System.err: 	at symlab.CloudAR.network.TransmissionTask.run(TransmissionTask.java:124)
11-06 11:13:03.141 28528 28561 W System.err: 	at android.os.Handler.handleCallback(Handler.java:907)
11-06 11:13:03.141 28528 28561 W System.err: 	at android.os.Handler.dispatchMessage(Handler.java:105)
11-06 11:13:03.141 28528 28561 W System.err: 	at android.os.Looper.loop(Looper.java:216)
11-06 11:13:03.141 28528 28561 W System.err: 	at android.os.HandlerThread.run(HandlerThread.java:65)
11-06 11:13:03.185 28528 28561 W System.err: java.net.SocketException: Message too long
11-06 11:13:03.185 28528 28561 W System.err: 	at sun.nio.ch.DatagramChannelImpl.send0(Native Method)
11-06 11:13:03.185 28528 28561 W System.err: 	at sun.nio.ch.DatagramChannelImpl.sendFromNativeBuffer(DatagramChannelImpl.java:573)
11-06 11:13:03.186 28528 28561 W System.err: 	at sun.nio.ch.DatagramChannelImpl.send(DatagramChannelImpl.java:550)
11-06 11:13:03.186 28528 28561 W System.err: 	at sun.nio.ch.DatagramChannelImpl.send(DatagramChannelImpl.java:514)
11-06 11:13:03.186 28528 28561 W System.err: 	at symlab.CloudAR.network.TransmissionTask.run(TransmissionTask.java:124)
11-06 11:13:03.186 28528 28561 W System.err: 	at android.os.Handler.handleCallback(Handler.java:907)
11-06 11:13:03.186 28528 28561 W System.err: 	at android.os.Handler.dispatchMessage(Handler.java:105)
11-06 11:13:03.186 28528 28561 W System.err: 	at android.os.Looper.loop(Looper.java:216)
11-06 11:13:03.186 28528 28561 W System.err: 	at android.os.HandlerThread.run(HandlerThread.java:65)
11-06 11:13:03.211 28528 28561 W System.err: java.net.SocketException: Message too long
11-06 11:13:03.211 28528 28561 W System.err: 	at sun.nio.ch.DatagramChannelImpl.send0(Native Method)
11-06 11:13:03.211 28528 28561 W System.err: 	at sun.nio.ch.DatagramChannelImpl.sendFromNativeBuffer(DatagramChannelImpl.java:573)
11-06 11:13:03.211 28528 28561 W System.err: 	at sun.nio.ch.DatagramChannelImpl.send(DatagramChannelImpl.java:550)
11-06 11:13:03.211 28528 28561 W System.err: 	at sun.nio.ch.DatagramChannelImpl.send(DatagramChannelImpl.java:514)
11-06 11:13:03.211 28528 28561 W System.err: 	at symlab.CloudAR.network.TransmissionTask.run(TransmissionTask.java:124)
11-06 11:13:03.212 28528 28561 W System.err: 	at android.os.Handler.handleCallback(Handler.java:907)
11-06 11:13:03.212 28528 28561 W System.err: 	at android.os.Handler.dispatchMessage(Handler.java:105)
11-06 11:13:03.212 28528 28561 W System.err: 	at android.os.Looper.loop(Looper.java:216)
11-06 11:13:03.212 28528 28561 W System.err: 	at android.os.HandlerThread.run(HandlerThread.java:65)
11-06 11:13:03.249 28528 28561 W System.err: java.net.SocketException: Message too long
11-06 11:13:03.250 28528 28561 W System.err: 	at sun.nio.ch.DatagramChannelImpl.send0(Native Method)
11-06 11:13:03.250 28528 28561 W System.err: 	at sun.nio.ch.DatagramChannelImpl.sendFromNativeBuffer(DatagramChannelImpl.java:573)
11-06 11:13:03.250 28528 28561 W System.err: 	at sun.nio.ch.DatagramChannelImpl.send(DatagramChannelImpl.java:550)
11-06 11:13:03.250 28528 28561 W System.err: 	at sun.nio.ch.DatagramChannelImpl.send(DatagramChannelImpl.java:514)
11-06 11:13:03.250 28528 28561 W System.err: 	at symlab.CloudAR.network.TransmissionTask.run(TransmissionTask.java:124)
11-06 11:13:03.250 28528 28561 W System.err: 	at android.os.Handler.handleCallback(Handler.java:907)
11-06 11:13:03.250 28528 28561 W System.err: 	at android.os.Handler.dispatchMessage(Handler.java:105)
11-06 11:13:03.250 28528 28561 W System.err: 	at android.os.Looper.loop(Looper.java:216)
11-06 11:13:03.250 28528 28561 W System.err: 	at android.os.HandlerThread.run(HandlerThread.java:65)
11-06 11:13:03.277 28528 28561 W System.err: java.net.SocketException: Message too long
11-06 11:13:03.277 28528 28561 W System.err: 	at sun.nio.ch.DatagramChannelImpl.send0(Native Method)
11-06 11:13:03.277 28528 28561 W System.err: 	at sun.nio.ch.DatagramChannelImpl.sendFromNativeBuffer(DatagramChannelImpl.java:573)
11-06 11:13:03.277 28528 28561 W System.err: 	at sun.nio.ch.DatagramChannelImpl.send(DatagramChannelImpl.java:550)
11-06 11:13:03.277 28528 28561 W System.err: 	at sun.nio.ch.DatagramChannelImpl.send(DatagramChannelImpl.java:514)
11-06 11:13:03.278 28528 28561 W System.err: 	at symlab.CloudAR.network.TransmissionTask.run(TransmissionTask.java:124)
11-06 11:13:03.278 28528 28561 W System.err: 	at android.os.Handler.handleCallback(Handler.java:907)
11-06 11:13:03.278 28528 28561 W System.err: 	at android.os.Handler.dispatchMessage(Handler.java:105)
11-06 11:13:03.278 28528 28561 W System.err: 	at android.os.Looper.loop(Looper.java:216)
11-06 11:13:03.278 28528 28561 W System.err: 	at android.os.HandlerThread.run(HandlerThread.java:65)
11-06 11:13:03.326 28528 28561 W System.err: java.net.SocketException: Message too long
11-06 11:13:03.326 28528 28561 W System.err: 	at sun.nio.ch.DatagramChannelImpl.send0(Native Method)
11-06 11:13:03.326 28528 28561 W System.err: 	at sun.nio.ch.DatagramChannelImpl.sendFromNativeBuffer(DatagramChannelImpl.java:573)
11-06 11:13:03.326 28528 28561 W System.err: 	at sun.nio.ch.DatagramChannelImpl.send(DatagramChannelImpl.java:550)
11-06 11:13:03.326 28528 28561 W System.err: 	at sun.nio.ch.DatagramChannelImpl.send(DatagramChannelImpl.java:514)
11-06 11:13:03.326 28528 28561 W System.err: 	at symlab.CloudAR.network.TransmissionTask.run(TransmissionTask.java:124)
11-06 11:13:03.326 28528 28561 W System.err: 	at android.os.Handler.handleCallback(Handler.java:907)
11-06 11:13:03.326 28528 28561 W System.err: 	at android.os.Handler.dispatchMessage(Handler.java:105)
11-06 11:13:03.326 28528 28561 W System.err: 	at android.os.Looper.loop(Looper.java:216)
11-06 11:13:03.326 28528 28561 W System.err: 	at android.os.HandlerThread.run(HandlerThread.java:65)
11-06 11:13:03.337 28528 28528 D Poster  : At 1573031583337 location is 65.05988861690842 (latitude), and 25.466804802134384 (longitude)
11-06 11:13:03.338 28528 28528 D Poster  : Connected to mobile network 20
11-06 11:13:03.354 28528 28561 W System.err: java.net.SocketException: Message too long
11-06 11:13:03.354 28528 28561 W System.err: 	at sun.nio.ch.DatagramChannelImpl.send0(Native Method)
11-06 11:13:03.354 28528 28561 W System.err: 	at sun.nio.ch.DatagramChannelImpl.sendFromNativeBuffer(DatagramChannelImpl.java:573)
11-06 11:13:03.354 28528 28561 W System.err: 	at sun.nio.ch.DatagramChannelImpl.send(DatagramChannelImpl.java:550)
11-06 11:13:03.354 28528 28561 W System.err: 	at sun.nio.ch.DatagramChannelImpl.send(DatagramChannelImpl.java:514)
11-06 11:13:03.354 28528 28561 W System.err: 	at symlab.CloudAR.network.TransmissionTask.run(TransmissionTask.java:124)
11-06 11:13:03.355 28528 28561 W System.err: 	at android.os.Handler.handleCallback(Handler.java:907)
11-06 11:13:03.355 28528 28561 W System.err: 	at android.os.Handler.dispatchMessage(Handler.java:105)
11-06 11:13:03.355 28528 28561 W System.err: 	at android.os.Looper.loop(Looper.java:216)
11-06 11:13:03.355 28528 28561 W System.err: 	at android.os.HandlerThread.run(HandlerThread.java:65)
11-06 11:13:03.379 28528 28561 W System.err: java.net.SocketException: Message too long
11-06 11:13:03.379 28528 28561 W System.err: 	at sun.nio.ch.DatagramChannelImpl.send0(Native Method)
11-06 11:13:03.379 28528 28561 W System.err: 	at sun.nio.ch.DatagramChannelImpl.sendFromNativeBuffer(DatagramChannelImpl.java:573)
11-06 11:13:03.379 28528 28561 W System.err: 	at sun.nio.ch.DatagramChannelImpl.send(DatagramChannelImpl.java:550)
11-06 11:13:03.379 28528 28561 W System.err: 	at sun.nio.ch.DatagramChannelImpl.send(DatagramChannelImpl.java:514)
11-06 11:13:03.379 28528 28561 W System.err: 	at symlab.CloudAR.network.TransmissionTask.run(TransmissionTask.java:124)
11-06 11:13:03.379 28528 28561 W System.err: 	at android.os.Handler.handleCallback(Handler.java:907)
11-06 11:13:03.379 28528 28561 W System.err: 	at android.os.Handler.dispatchMessage(Handler.java:105)
11-06 11:13:03.379 28528 28561 W System.err: 	at android.os.Looper.loop(Looper.java:216)
11-06 11:13:03.379 28528 28561 W System.err: 	at android.os.HandlerThread.run(HandlerThread.java:65)
11-06 11:13:03.414 28528 28561 W System.err: java.net.SocketException: Message too long
11-06 11:13:03.414 28528 28561 W System.err: 	at sun.nio.ch.DatagramChannelImpl.send0(Native Method)
11-06 11:13:03.414 28528 28561 W System.err: 	at sun.nio.ch.DatagramChannelImpl.sendFromNativeBuffer(DatagramChannelImpl.java:573)
11-06 11:13:03.414 28528 28561 W System.err: 	at sun.nio.ch.DatagramChannelImpl.send(DatagramChannelImpl.java:550)
11-06 11:13:03.414 28528 28561 W System.err: 	at sun.nio.ch.DatagramChannelImpl.send(DatagramChannelImpl.java:514)
11-06 11:13:03.415 28528 28561 W System.err: 	at symlab.CloudAR.network.TransmissionTask.run(TransmissionTask.java:124)
11-06 11:13:03.415 28528 28561 W System.err: 	at android.os.Handler.handleCallback(Handler.java:907)
11-06 11:13:03.415 28528 28561 W System.err: 	at android.os.Handler.dispatchMessage(Handler.java:105)
11-06 11:13:03.415 28528 28561 W System.err: 	at android.os.Looper.loop(Looper.java:216)
11-06 11:13:03.415 28528 28561 W System.err: 	at android.os.HandlerThread.run(HandlerThread.java:65)
11-06 11:13:03.442 28528 28561 W System.err: java.net.SocketException: Message too long
11-06 11:13:03.442 28528 28561 W System.err: 	at sun.nio.ch.DatagramChannelImpl.send0(Native Method)
11-06 11:13:03.442 28528 28561 W System.err: 	at sun.nio.ch.DatagramChannelImpl.sendFromNativeBuffer(DatagramChannelImpl.java:573)
11-06 11:13:03.442 28528 28561 W System.err: 	at sun.nio.ch.DatagramChannelImpl.send(DatagramChannelImpl.java:550)
11-06 11:13:03.442 28528 28561 W System.err: 	at sun.nio.ch.DatagramChannelImpl.send(DatagramChannelImpl.java:514)
11-06 11:13:03.442 28528 28561 W System.err: 	at symlab.CloudAR.network.TransmissionTask.run(TransmissionTask.java:124)
11-06 11:13:03.442 28528 28561 W System.err: 	at android.os.Handler.handleCallback(Handler.java:907)
11-06 11:13:03.442 28528 28561 W System.err: 	at android.os.Handler.dispatchMessage(Handler.java:105)
11-06 11:13:03.442 28528 28561 W System.err: 	at android.os.Looper.loop(Looper.java:216)
11-06 11:13:03.442 28528 28561 W System.err: 	at android.os.HandlerThread.run(HandlerThread.java:65)
11-06 11:13:03.484 28528 28561 W System.err: java.net.SocketException: Message too long
11-06 11:13:03.484 28528 28561 W System.err: 	at sun.nio.ch.DatagramChannelImpl.send0(Native Method)
11-06 11:13:03.484 28528 28561 W System.err: 	at sun.nio.ch.DatagramChannelImpl.sendFromNativeBuffer(DatagramChannelImpl.java:573)
11-06 11:13:03.484 28528 28561 W System.err: 	at sun.nio.ch.DatagramChannelImpl.send(DatagramChannelImpl.java:550)
11-06 11:13:03.484 28528 28561 W System.err: 	at sun.nio.ch.DatagramChannelImpl.send(DatagramChannelImpl.java:514)
11-06 11:13:03.485 28528 28561 W System.err: 	at symlab.CloudAR.network.TransmissionTask.run(TransmissionTask.java:124)
11-06 11:13:03.485 28528 28561 W System.err: 	at android.os.Handler.handleCallback(Handler.java:907)
11-06 11:13:03.485 28528 28561 W System.err: 	at android.os.Handler.dispatchMessage(Handler.java:105)
11-06 11:13:03.485 28528 28561 W System.err: 	at android.os.Looper.loop(Looper.java:216)
11-06 11:13:03.485 28528 28561 W System.err: 	at android.os.HandlerThread.run(HandlerThread.java:65)
11-06 11:13:03.515 28528 28539 E         : [ZeroHung]zrhung_get_config: Get config failed for wp[0x0008]
11-06 11:13:03.516 28528 28561 W System.err: java.net.SocketException: Message too long
11-06 11:13:03.516 28528 28561 W System.err: 	at sun.nio.ch.DatagramChannelImpl.send0(Native Method)
11-06 11:13:03.516 28528 28561 W System.err: 	at sun.nio.ch.DatagramChannelImpl.sendFromNativeBuffer(DatagramChannelImpl.java:573)
11-06 11:13:03.516 28528 28561 W System.err: 	at sun.nio.ch.DatagramChannelImpl.send(DatagramChannelImpl.java:550)
11-06 11:13:03.516 28528 28561 W System.err: 	at sun.nio.ch.DatagramChannelImpl.send(DatagramChannelImpl.java:514)
11-06 11:13:03.516 28528 28561 W System.err: 	at symlab.CloudAR.network.TransmissionTask.run(TransmissionTask.java:124)
11-06 11:13:03.516 28528 28561 W System.err: 	at android.os.Handler.handleCallback(Handler.java:907)
11-06 11:13:03.516 28528 28561 W System.err: 	at android.os.Handler.dispatchMessage(Handler.java:105)
11-06 11:13:03.516 28528 28561 W System.err: 	at android.os.Looper.loop(Looper.java:216)
11-06 11:13:03.516 28528 28561 W System.err: 	at android.os.HandlerThread.run(HandlerThread.java:65)
11-06 11:13:03.552 28528 28561 W System.err: java.net.SocketException: Message too long
11-06 11:13:03.552 28528 28561 W System.err: 	at sun.nio.ch.DatagramChannelImpl.send0(Native Method)
11-06 11:13:03.552 28528 28561 W System.err: 	at sun.nio.ch.DatagramChannelImpl.sendFromNativeBuffer(DatagramChannelImpl.java:573)
11-06 11:13:03.552 28528 28561 W System.err: 	at sun.nio.ch.DatagramChannelImpl.send(DatagramChannelImpl.java:550)
11-06 11:13:03.552 28528 28561 W System.err: 	at sun.nio.ch.DatagramChannelImpl.send(DatagramChannelImpl.java:514)
11-06 11:13:03.552 28528 28561 W System.err: 	at symlab.CloudAR.network.TransmissionTask.run(TransmissionTask.java:124)
11-06 11:13:03.553 28528 28561 W System.err: 	at android.os.Handler.handleCallback(Handler.java:907)
11-06 11:13:03.553 28528 28561 W System.err: 	at android.os.Handler.dispatchMessage(Handler.java:105)
11-06 11:13:03.553 28528 28561 W System.err: 	at android.os.Looper.loop(Looper.java:216)
11-06 11:13:03.553 28528 28561 W System.err: 	at android.os.HandlerThread.run(HandlerThread.java:65)
11-06 11:13:03.580 28528 28561 W System.err: java.net.SocketException: Message too long
11-06 11:13:03.580 28528 28561 W System.err: 	at sun.nio.ch.DatagramChannelImpl.send0(Native Method)
11-06 11:13:03.580 28528 28561 W System.err: 	at sun.nio.ch.DatagramChannelImpl.sendFromNativeBuffer(DatagramChannelImpl.java:573)
11-06 11:13:03.580 28528 28561 W System.err: 	at sun.nio.ch.DatagramChannelImpl.send(DatagramChannelImpl.java:550)
11-06 11:13:03.580 28528 28561 W System.err: 	at sun.nio.ch.DatagramChannelImpl.send(DatagramChannelImpl.java:514)
11-06 11:13:03.580 28528 28561 W System.err: 	at symlab.CloudAR.network.TransmissionTask.run(TransmissionTask.java:124)
11-06 11:13:03.580 28528 28561 W System.err: 	at android.os.Handler.handleCallback(Handler.java:907)
11-06 11:13:03.580 28528 28561 W System.err: 	at android.os.Handler.dispatchMessage(Handler.java:105)
11-06 11:13:03.580 28528 28561 W System.err: 	at android.os.Looper.loop(Looper.java:216)
11-06 11:13:03.580 28528 28561 W System.err: 	at android.os.HandlerThread.run(HandlerThread.java:65)
11-06 11:13:03.618 28528 28561 W System.err: java.net.SocketException: Message too long
11-06 11:13:03.618 28528 28561 W System.err: 	at sun.nio.ch.DatagramChannelImpl.send0(Native Method)
11-06 11:13:03.618 28528 28561 W System.err: 	at sun.nio.ch.DatagramChannelImpl.sendFromNativeBuffer(DatagramChannelImpl.java:573)
11-06 11:13:03.618 28528 28561 W System.err: 	at sun.nio.ch.DatagramChannelImpl.send(DatagramChannelImpl.java:550)
11-06 11:13:03.618 28528 28561 W System.err: 	at sun.nio.ch.DatagramChannelImpl.send(DatagramChannelImpl.java:514)
11-06 11:13:03.618 28528 28561 W System.err: 	at symlab.CloudAR.network.TransmissionTask.run(TransmissionTask.java:124)
11-06 11:13:03.618 28528 28561 W System.err: 	at android.os.Handler.handleCallback(Handler.java:907)
11-06 11:13:03.618 28528 28561 W System.err: 	at android.os.Handler.dispatchMessage(Handler.java:105)
11-06 11:13:03.618 28528 28561 W System.err: 	at android.os.Looper.loop(Looper.java:216)
11-06 11:13:03.618 28528 28561 W System.err: 	at android.os.HandlerThread.run(HandlerThread.java:65)
11-06 11:13:03.646 28528 28561 W System.err: java.net.SocketException: Message too long
11-06 11:13:03.647 28528 28561 W System.err: 	at sun.nio.ch.DatagramChannelImpl.send0(Native Method)
11-06 11:13:03.647 28528 28561 W System.err: 	at sun.nio.ch.DatagramChannelImpl.sendFromNativeBuffer(DatagramChannelImpl.java:573)
11-06 11:13:03.647 28528 28561 W System.err: 	at sun.nio.ch.DatagramChannelImpl.send(DatagramChannelImpl.java:550)
11-06 11:13:03.647 28528 28561 W System.err: 	at sun.nio.ch.DatagramChannelImpl.send(DatagramChannelImpl.java:514)
11-06 11:13:03.647 28528 28561 W System.err: 	at symlab.CloudAR.network.TransmissionTask.run(TransmissionTask.java:124)
11-06 11:13:03.647 28528 28561 W System.err: 	at android.os.Handler.handleCallback(Handler.java:907)
11-06 11:13:03.647 28528 28561 W System.err: 	at android.os.Handler.dispatchMessage(Handler.java:105)
11-06 11:13:03.647 28528 28561 W System.err: 	at android.os.Looper.loop(Looper.java:216)
11-06 11:13:03.647 28528 28561 W System.err: 	at android.os.HandlerThread.run(HandlerThread.java:65)
11-06 11:13:03.680 28528 28561 W System.err: java.net.SocketException: Message too long
11-06 11:13:03.680 28528 28561 W System.err: 	at sun.nio.ch.DatagramChannelImpl.send0(Native Method)
11-06 11:13:03.680 28528 28561 W System.err: 	at sun.nio.ch.DatagramChannelImpl.sendFromNativeBuffer(DatagramChannelImpl.java:573)
11-06 11:13:03.680 28528 28561 W System.err: 	at sun.nio.ch.DatagramChannelImpl.send(DatagramChannelImpl.java:550)
11-06 11:13:03.680 28528 28561 W System.err: 	at sun.nio.ch.DatagramChannelImpl.send(DatagramChannelImpl.java:514)
11-06 11:13:03.680 28528 28561 W System.err: 	at symlab.CloudAR.network.TransmissionTask.run(TransmissionTask.java:124)
11-06 11:13:03.680 28528 28561 W System.err: 	at android.os.Handler.handleCallback(Handler.java:907)
11-06 11:13:03.680 28528 28561 W System.err: 	at android.os.Handler.dispatchMessage(Handler.java:105)
11-06 11:13:03.680 28528 28561 W System.err: 	at android.os.Looper.loop(Looper.java:216)
11-06 11:13:03.680 28528 28561 W System.err: 	at android.os.HandlerThread.run(HandlerThread.java:65)
11-06 11:13:03.710 28528 28561 W System.err: java.net.SocketException: Message too long
11-06 11:13:03.710 28528 28561 W System.err: 	at sun.nio.ch.DatagramChannelImpl.send0(Native Method)
11-06 11:13:03.710 28528 28561 W System.err: 	at sun.nio.ch.DatagramChannelImpl.sendFromNativeBuffer(DatagramChannelImpl.java:573)
11-06 11:13:03.710 28528 28561 W System.err: 	at sun.nio.ch.DatagramChannelImpl.send(DatagramChannelImpl.java:550)
11-06 11:13:03.710 28528 28561 W System.err: 	at sun.nio.ch.DatagramChannelImpl.send(DatagramChannelImpl.java:514)
11-06 11:13:03.710 28528 28561 W System.err: 	at symlab.CloudAR.network.TransmissionTask.run(TransmissionTask.java:124)
11-06 11:13:03.710 28528 28561 W System.err: 	at android.os.Handler.handleCallback(Handler.java:907)
11-06 11:13:03.710 28528 28561 W System.err: 	at android.os.Handler.dispatchMessage(Handler.java:105)
11-06 11:13:03.710 28528 28561 W System.err: 	at android.os.Looper.loop(Looper.java:216)
11-06 11:13:03.710 28528 28561 W System.err: 	at android.os.HandlerThread.run(HandlerThread.java:65)
11-06 11:13:03.745 28528 28561 W System.err: java.net.SocketException: Message too long
11-06 11:13:03.745 28528 28561 W System.err: 	at sun.nio.ch.DatagramChannelImpl.send0(Native Method)
11-06 11:13:03.745 28528 28561 W System.err: 	at sun.nio.ch.DatagramChannelImpl.sendFromNativeBuffer(DatagramChannelImpl.java:573)
11-06 11:13:03.745 28528 28561 W System.err: 	at sun.nio.ch.DatagramChannelImpl.send(DatagramChannelImpl.java:550)
11-06 11:13:03.745 28528 28561 W System.err: 	at sun.nio.ch.DatagramChannelImpl.send(DatagramChannelImpl.java:514)
11-06 11:13:03.745 28528 28561 W System.err: 	at symlab.CloudAR.network.TransmissionTask.run(TransmissionTask.java:124)
11-06 11:13:03.745 28528 28561 W System.err: 	at android.os.Handler.handleCallback(Handler.java:907)
11-06 11:13:03.745 28528 28561 W System.err: 	at android.os.Handler.dispatchMessage(Handler.java:105)
11-06 11:13:03.745 28528 28561 W System.err: 	at android.os.Looper.loop(Looper.java:216)
11-06 11:13:03.745 28528 28561 W System.err: 	at android.os.HandlerThread.run(HandlerThread.java:65)
11-06 11:13:03.784 28528 28561 W System.err: java.net.SocketException: Message too long
11-06 11:13:03.784 28528 28561 W System.err: 	at sun.nio.ch.DatagramChannelImpl.send0(Native Method)
11-06 11:13:03.784 28528 28561 W System.err: 	at sun.nio.ch.DatagramChannelImpl.sendFromNativeBuffer(DatagramChannelImpl.java:573)
11-06 11:13:03.784 28528 28561 W System.err: 	at sun.nio.ch.DatagramChannelImpl.send(DatagramChannelImpl.java:550)
11-06 11:13:03.784 28528 28561 W System.err: 	at sun.nio.ch.DatagramChannelImpl.send(DatagramChannelImpl.java:514)
11-06 11:13:03.784 28528 28561 W System.err: 	at symlab.CloudAR.network.TransmissionTask.run(TransmissionTask.java:124)
11-06 11:13:03.784 28528 28561 W System.err: 	at android.os.Handler.handleCallback(Handler.java:907)
11-06 11:13:03.784 28528 28561 W System.err: 	at android.os.Handler.dispatchMessage(Handler.java:105)
11-06 11:13:03.784 28528 28561 W System.err: 	at android.os.Looper.loop(Looper.java:216)
11-06 11:13:03.784 28528 28561 W System.err: 	at android.os.HandlerThread.run(HandlerThread.java:65)
11-06 11:13:03.814 28528 28561 W System.err: java.net.SocketException: Message too long
11-06 11:13:03.814 28528 28561 W System.err: 	at sun.nio.ch.DatagramChannelImpl.send0(Native Method)
11-06 11:13:03.814 28528 28561 W System.err: 	at sun.nio.ch.DatagramChannelImpl.sendFromNativeBuffer(DatagramChannelImpl.java:573)
11-06 11:13:03.814 28528 28561 W System.err: 	at sun.nio.ch.DatagramChannelImpl.send(DatagramChannelImpl.java:550)
11-06 11:13:03.814 28528 28561 W System.err: 	at sun.nio.ch.DatagramChannelImpl.send(DatagramChannelImpl.java:514)
11-06 11:13:03.815 28528 28561 W System.err: 	at symlab.CloudAR.network.TransmissionTask.run(TransmissionTask.java:124)
11-06 11:13:03.815 28528 28561 W System.err: 	at android.os.Handler.handleCallback(Handler.java:907)
11-06 11:13:03.815 28528 28561 W System.err: 	at android.os.Handler.dispatchMessage(Handler.java:105)
11-06 11:13:03.815 28528 28561 W System.err: 	at android.os.Looper.loop(Looper.java:216)
11-06 11:13:03.815 28528 28561 W System.err: 	at android.os.HandlerThread.run(HandlerThread.java:65)
11-06 11:13:03.862 28528 28561 W System.err: java.net.SocketException: Message too long
11-06 11:13:03.862 28528 28561 W System.err: 	at sun.nio.ch.DatagramChannelImpl.send0(Native Method)
11-06 11:13:03.862 28528 28561 W System.err: 	at sun.nio.ch.DatagramChannelImpl.sendFromNativeBuffer(DatagramChannelImpl.java:573)
11-06 11:13:03.862 28528 28561 W System.err: 	at sun.nio.ch.DatagramChannelImpl.send(DatagramChannelImpl.java:550)
11-06 11:13:03.862 28528 28561 W System.err: 	at sun.nio.ch.DatagramChannelImpl.send(DatagramChannelImpl.java:514)
11-06 11:13:03.862 28528 28561 W System.err: 	at symlab.CloudAR.network.TransmissionTask.run(TransmissionTask.java:124)
11-06 11:13:03.862 28528 28561 W System.err: 	at android.os.Handler.handleCallback(Handler.java:907)
11-06 11:13:03.862 28528 28561 W System.err: 	at android.os.Handler.dispatchMessage(Handler.java:105)
11-06 11:13:03.862 28528 28561 W System.err: 	at android.os.Looper.loop(Looper.java:216)
11-06 11:13:03.862 28528 28561 W System.err: 	at android.os.HandlerThread.run(HandlerThread.java:65)
11-06 11:13:03.886 28528 28561 W System.err: java.net.SocketException: Message too long
11-06 11:13:03.887 28528 28561 W System.err: 	at sun.nio.ch.DatagramChannelImpl.send0(Native Method)
11-06 11:13:03.887 28528 28561 W System.err: 	at sun.nio.ch.DatagramChannelImpl.sendFromNativeBuffer(DatagramChannelImpl.java:573)
11-06 11:13:03.887 28528 28561 W System.err: 	at sun.nio.ch.DatagramChannelImpl.send(DatagramChannelImpl.java:550)
11-06 11:13:03.887 28528 28561 W System.err: 	at sun.nio.ch.DatagramChannelImpl.send(DatagramChannelImpl.java:514)
11-06 11:13:03.887 28528 28561 W System.err: 	at symlab.CloudAR.network.TransmissionTask.run(TransmissionTask.java:124)
11-06 11:13:03.887 28528 28561 W System.err: 	at android.os.Handler.handleCallback(Handler.java:907)
11-06 11:13:03.887 28528 28561 W System.err: 	at android.os.Handler.dispatchMessage(Handler.java:105)
11-06 11:13:03.887 28528 28561 W System.err: 	at android.os.Looper.loop(Looper.java:216)
11-06 11:13:03.887 28528 28561 W System.err: 	at android.os.HandlerThread.run(HandlerThread.java:65)
11-06 11:13:03.914 28528 28561 W System.err: java.net.SocketException: Message too long
11-06 11:13:03.914 28528 28561 W System.err: 	at sun.nio.ch.DatagramChannelImpl.send0(Native Method)
11-06 11:13:03.914 28528 28561 W System.err: 	at sun.nio.ch.DatagramChannelImpl.sendFromNativeBuffer(DatagramChannelImpl.java:573)
11-06 11:13:03.914 28528 28561 W System.err: 	at sun.nio.ch.DatagramChannelImpl.send(DatagramChannelImpl.java:550)
11-06 11:13:03.914 28528 28561 W System.err: 	at sun.nio.ch.DatagramChannelImpl.send(DatagramChannelImpl.java:514)
11-06 11:13:03.914 28528 28561 W System.err: 	at symlab.CloudAR.network.TransmissionTask.run(TransmissionTask.java:124)
11-06 11:13:03.914 28528 28561 W System.err: 	at android.os.Handler.handleCallback(Handler.java:907)
11-06 11:13:03.914 28528 28561 W System.err: 	at android.os.Handler.dispatchMessage(Handler.java:105)
11-06 11:13:03.914 28528 28561 W System.err: 	at android.os.Looper.loop(Looper.java:216)
11-06 11:13:03.914 28528 28561 W System.err: 	at android.os.HandlerThread.run(HandlerThread.java:65)
11-06 11:13:03.952 28528 28539 E         : [ZeroHung]zrhung_get_config: Get config failed for wp[0x0008]
11-06 11:13:03.953 28528 28561 W System.err: java.net.SocketException: Message too long
11-06 11:13:03.954 28528 28561 W System.err: 	at sun.nio.ch.DatagramChannelImpl.send0(Native Method)
11-06 11:13:03.954 28528 28561 W System.err: 	at sun.nio.ch.DatagramChannelImpl.sendFromNativeBuffer(DatagramChannelImpl.java:573)
11-06 11:13:03.954 28528 28561 W System.err: 	at sun.nio.ch.DatagramChannelImpl.send(DatagramChannelImpl.java:550)
11-06 11:13:03.954 28528 28561 W System.err: 	at sun.nio.ch.DatagramChannelImpl.send(DatagramChannelImpl.java:514)
11-06 11:13:03.954 28528 28561 W System.err: 	at symlab.CloudAR.network.TransmissionTask.run(TransmissionTask.java:124)
11-06 11:13:03.954 28528 28561 W System.err: 	at android.os.Handler.handleCallback(Handler.java:907)
