11-06 11:29:56.661 31437 31471 D Evaluation: Frame 522 sent at 1573032596661
11-06 11:29:56.692 31437 31471 D Evaluation: Frame 523 sent at 1573032596692
11-06 11:29:56.728 31437 31471 D Evaluation: Frame 524 sent at 1573032596728
11-06 11:29:56.775 31437 31471 D Evaluation: Frame 525 sent at 1573032596775
11-06 11:29:56.797 31437 31437 D Poster  : At 1573032596797 location is 65.06076697964869 (latitude), and 25.46748384793766 (longitude)
11-06 11:29:56.801 31437 31437 D Poster  : Connected to mobile network 20
11-06 11:29:56.803 31437 31471 D Evaluation: Frame 526 sent at 1573032596803
11-06 11:29:56.828 31437 31471 D Evaluation: Frame 527 sent at 1573032596828
11-06 11:29:56.856 31437 31471 D Evaluation: Frame 528 sent at 1573032596856
11-06 11:29:56.891 31437 31471 D Evaluation: Frame 529 sent at 1573032596891
11-06 11:29:56.940 31437 31471 D Evaluation: Frame 530 sent at 1573032596940
11-06 11:29:56.966 31437 31471 D Evaluation: Frame 531 sent at 1573032596966
11-06 11:29:56.995 31437 31471 D Evaluation: Frame 532 sent at 1573032596995
11-06 11:29:57.030 31437 31471 D Evaluation: Frame 533 sent at 1573032597030
11-06 11:29:57.067 31437 31471 D Evaluation: Frame 534 sent at 1573032597067
11-06 11:29:57.158 31437 31471 D Evaluation: Frame 536 sent at 1573032597157
11-06 11:29:57.179 31437 31471 D Evaluation: Frame 536 sent at 1573032597179
11-06 11:29:57.204 31437 31471 D Evaluation: Frame 537 sent at 1573032597204
11-06 11:29:57.232 31437 31471 D Evaluation: Frame 538 sent at 1573032597231
11-06 11:29:57.289 31437 31471 D Evaluation: Frame 539 sent at 1573032597289
11-06 11:29:57.312 31437 31471 D Evaluation: Frame 541 sent at 1573032597312
11-06 11:29:57.331 31437 31471 D Evaluation: Frame 541 sent at 1573032597331
11-06 11:29:57.377 31437 31471 D Evaluation: Frame 542 sent at 1573032597377
11-06 11:29:57.399 31437 31471 D Evaluation: Frame 543 sent at 1573032597399
11-06 11:29:57.442 31437 31471 D Evaluation: Frame 544 sent at 1573032597442
11-06 11:29:57.479 31437 31471 D Evaluation: Frame 545 sent at 1573032597479
11-06 11:29:57.507 31437 31471 D Evaluation: Frame 546 sent at 1573032597507
11-06 11:29:57.535 31437 31471 D Evaluation: Frame 547 sent at 1573032597535
11-06 11:29:57.625 31437 31471 D Evaluation: Frame 549 sent at 1573032597625
11-06 11:29:57.651 31437 31471 D Evaluation: Frame 550 sent at 1573032597651
11-06 11:29:57.668 31437 31471 D Evaluation: Frame 550 sent at 1573032597668
11-06 11:29:57.705 31437 31471 D Evaluation: Frame 551 sent at 1573032597705
11-06 11:29:57.744 31437 31471 D Evaluation: Frame 552 sent at 1573032597744
11-06 11:29:57.775 31437 31471 D Evaluation: Frame 553 sent at 1573032597775
11-06 11:29:57.805 31437 31437 D Poster  : At 1573032597805 location is 65.06079145613401 (latitude), and 25.467457239292198 (longitude)
11-06 11:29:57.807 31437 31437 D Poster  : Connected to mobile network 20
11-06 11:29:57.809 31437 31471 D Evaluation: Frame 554 sent at 1573032597809
11-06 11:29:57.842 31437 31471 D Evaluation: Frame 555 sent at 1573032597842
11-06 11:29:57.874 31437 31471 D Evaluation: Frame 556 sent at 1573032597874
11-06 11:29:57.911 31437 31471 D Evaluation: Frame 557 sent at 1573032597911
11-06 11:29:57.954 31437 31471 D Evaluation: Frame 558 sent at 1573032597954
11-06 11:29:57.982 31437 31471 D Evaluation: Frame 559 sent at 1573032597982
11-06 11:29:58.008 31437 31471 D Evaluation: Frame 560 sent at 1573032598008
11-06 11:29:58.046 31437 31471 D Evaluation: Frame 561 sent at 1573032598046
11-06 11:29:58.090 31437 31471 D Evaluation: Frame 562 sent at 1573032598090
11-06 11:29:58.123 31437 31471 D Evaluation: Frame 563 sent at 1573032598123
11-06 11:29:58.155 31437 31471 D Evaluation: Frame 564 sent at 1573032598155
11-06 11:29:58.178 31437 31471 D Evaluation: Frame 565 sent at 1573032598178
11-06 11:29:58.206 31437 31471 D Evaluation: Frame 566 sent at 1573032598206
11-06 11:29:58.243 31437 31471 D Evaluation: Frame 567 sent at 1573032598243
11-06 11:29:58.284 31437 31471 D Evaluation: Frame 568 sent at 1573032598283
11-06 11:29:58.318 31437 31471 D Evaluation: Frame 569 sent at 1573032598318
11-06 11:29:58.339 31437 31471 D Evaluation: Frame 570 sent at 1573032598339
11-06 11:29:58.375 31437 31471 D Evaluation: Frame 571 sent at 1573032598375
11-06 11:29:58.412 31437 31448 E         : [ZeroHung]zrhung_get_config: Get config failed for wp[0x0008]
11-06 11:29:58.412 31437 31471 D Evaluation: Frame 572 sent at 1573032598412
11-06 11:29:58.461 31437 31471 D Evaluation: Frame 573 sent at 1573032598461
11-06 11:29:58.486 31437 31471 D Evaluation: Frame 574 sent at 1573032598486
11-06 11:29:58.510 31437 31471 D Evaluation: Frame 575 sent at 1573032598510
11-06 11:29:58.551 31437 31471 D Evaluation: Frame 576 sent at 1573032598551
11-06 11:29:58.575 31437 31471 D Evaluation: Frame 577 sent at 1573032598575
11-06 11:29:58.648 31437 31471 D Evaluation: Frame 579 sent at 1573032598648
11-06 11:29:58.668 31437 31471 D Evaluation: Frame 580 sent at 1573032598668
11-06 11:29:58.688 31437 31471 D Evaluation: Frame 580 sent at 1573032598688
11-06 11:29:58.710 31437 31471 D Evaluation: Frame 581 sent at 1573032598710
11-06 11:29:58.744 31437 31471 D Evaluation: Frame 582 sent at 1573032598744
11-06 11:29:58.782 31437 31471 D Evaluation: Frame 583 sent at 1573032598782
11-06 11:29:58.792 31437 31437 D Poster  : At 1573032598792 location is 65.06080509661712 (latitude), and 25.467451383926115 (longitude)
11-06 11:29:58.795 31437 31437 D Poster  : Connected to mobile network 20
11-06 11:29:58.820 31437 31471 D Evaluation: Frame 585 sent at 1573032598820
11-06 11:29:58.837 31437 31471 D Evaluation: Frame 585 sent at 1573032598837
11-06 11:29:58.880 31437 31471 D Evaluation: Frame 586 sent at 1573032598879
11-06 11:29:58.911 31437 31471 D Evaluation: Frame 587 sent at 1573032598911
11-06 11:29:58.941 31437 31471 D Evaluation: Frame 588 sent at 1573032598941
11-06 11:29:58.975 31437 31471 D Evaluation: Frame 589 sent at 1573032598975
11-06 11:29:59.009 31437 31471 D Evaluation: Frame 590 sent at 1573032599009
11-06 11:29:59.052 31437 31471 D Evaluation: Frame 591 sent at 1573032599052
11-06 11:29:59.082 31437 31471 D Evaluation: Frame 592 sent at 1573032599082
11-06 11:29:59.126 31437 31471 D Evaluation: Frame 594 sent at 1573032599126
11-06 11:29:59.147 31437 31471 D Evaluation: Frame 594 sent at 1573032599147
11-06 11:29:59.226 31437 31471 D Evaluation: Frame 595 sent at 1573032599226
11-06 11:29:59.268 31437 31471 D Evaluation: Frame 597 sent at 1573032599267
11-06 11:29:59.290 31437 31471 D Evaluation: Frame 597 sent at 1573032599290
11-06 11:29:59.324 31437 31471 D Evaluation: Frame 598 sent at 1573032599324
11-06 11:29:59.347 31437 31471 D Evaluation: Frame 599 sent at 1573032599347
11-06 11:29:59.397 31437 31471 D Evaluation: Frame 600 sent at 1573032599397
11-06 11:29:59.424 31437 31471 D Evaluation: Frame 601 sent at 1573032599424
11-06 11:29:59.461 31437 31471 D Evaluation: Frame 603 sent at 1573032599461
11-06 11:29:59.480 31437 31471 D Evaluation: Frame 603 sent at 1573032599479
11-06 11:29:59.521 31437 31471 D Evaluation: Frame 604 sent at 1573032599521
11-06 11:29:59.550 31437 31471 D Evaluation: Frame 605 sent at 1573032599550
11-06 11:29:59.587 31437 31471 D Evaluation: Frame 606 sent at 1573032599587
11-06 11:29:59.624 31437 31471 D Evaluation: Frame 607 sent at 1573032599624
11-06 11:29:59.663 31437 31471 D Evaluation: Frame 609 sent at 1573032599663
11-06 11:29:59.683 31437 31471 D Evaluation: Frame 609 sent at 1573032599683
11-06 11:29:59.719 31437 31471 D Evaluation: Frame 610 sent at 1573032599719
11-06 11:29:59.750 31437 31471 D Evaluation: Frame 611 sent at 1573032599750
11-06 11:29:59.803 31437 31437 D Poster  : At 1573032599803 location is 65.06080793890189 (latitude), and 25.467467938763377 (longitude)
11-06 11:29:59.805 31437 31437 D Poster  : Connected to mobile network 20
11-06 11:29:59.813 31437 31471 D Evaluation: Frame 612 sent at 1573032599813
11-06 11:29:59.839 31437 31471 D Evaluation: Frame 614 sent at 1573032599839
11-06 11:29:59.855 31437 31471 D Evaluation: Frame 614 sent at 1573032599855
11-06 11:29:59.891 31437 31471 D Evaluation: Frame 615 sent at 1573032599891
11-06 11:29:59.914 31437 31471 D Evaluation: Frame 616 sent at 1573032599914
11-06 11:29:59.974 31437 31471 D Evaluation: Frame 617 sent at 1573032599974
11-06 11:29:59.999 31437 31471 D Evaluation: Frame 618 sent at 1573032599999
11-06 11:30:00.024 31437 31471 D Evaluation: Frame 619 sent at 1573032600024
11-06 11:30:00.063 31437 31471 D Evaluation: Frame 620 sent at 1573032600063
11-06 11:30:00.126 31437 31471 D Evaluation: Frame 621 sent at 1573032600126
11-06 11:30:00.155 31437 31471 D Evaluation: Frame 622 sent at 1573032600155
11-06 11:30:00.213 31437 31471 D Evaluation: Frame 624 sent at 1573032600213
11-06 11:30:00.237 31437 31471 D Evaluation: Frame 624 sent at 1573032600237
11-06 11:30:00.263 31437 31471 D Evaluation: Frame 625 sent at 1573032600263
11-06 11:30:00.300 31437 31471 D Evaluation: Frame 626 sent at 1573032600300
11-06 11:30:00.325 31437 31471 D Evaluation: Frame 627 sent at 1573032600325
11-06 11:30:00.352 31437 31471 D Evaluation: Frame 628 sent at 1573032600352
11-06 11:30:00.388 31437 31471 D Evaluation: Frame 629 sent at 1573032600388
11-06 11:30:00.426 31437 31471 D Evaluation: Frame 630 sent at 1573032600426
11-06 11:30:00.478 31437 31471 D Evaluation: Frame 631 sent at 1573032600478
11-06 11:30:00.507 31437 31471 D Evaluation: Frame 632 sent at 1573032600507
11-06 11:30:00.541 31437 31471 D Evaluation: Frame 633 sent at 1573032600541
11-06 11:30:00.569 31437 31471 D Evaluation: Frame 634 sent at 1573032600569
11-06 11:30:00.597 31437 31471 D Evaluation: Frame 635 sent at 1573032600597
11-06 11:30:00.634 31437 31471 D Evaluation: Frame 636 sent at 1573032600634
11-06 11:30:00.663 31437 31471 D Evaluation: Frame 637 sent at 1573032600663
11-06 11:30:00.691 31437 31471 D Evaluation: Frame 638 sent at 1573032600691
11-06 11:30:00.729 31437 31471 D Evaluation: Frame 639 sent at 1573032600729
11-06 11:30:00.763 31437 31471 D Evaluation: Frame 640 sent at 1573032600763
11-06 11:30:00.799 31437 31437 D Poster  : At 1573032600799 location is 65.06080843040898 (latitude), and 25.467506489254546 (longitude)
11-06 11:30:00.802 31437 31471 D Evaluation: Frame 641 sent at 1573032600802
11-06 11:30:00.802 31437 31437 D Poster  : Connected to mobile network 20
11-06 11:30:00.839 31437 31471 D Evaluation: Frame 643 sent at 1573032600839
11-06 11:30:00.857 31437 31471 D Evaluation: Frame 643 sent at 1573032600857
11-06 11:30:00.889 31437 31471 D Evaluation: Frame 644 sent at 1573032600889
11-06 11:30:00.948 31437 31471 D Evaluation: Frame 646 sent at 1573032600948
11-06 11:30:00.970 31437 31471 D Evaluation: Frame 646 sent at 1573032600970
11-06 11:30:01.000 31437 31471 D Evaluation: Frame 647 sent at 1573032601000
11-06 11:30:01.020 31437 31471 D Evaluation: Frame 648 sent at 1573032601020
11-06 11:30:01.065 31437 31471 D Evaluation: Frame 649 sent at 1573032601065
11-06 11:30:01.154 31437 31471 D Evaluation: Frame 651 sent at 1573032601154
11-06 11:30:01.179 31437 31471 D Evaluation: Frame 651 sent at 1573032601179
11-06 11:30:01.205 31437 31448 E         : [ZeroHung]zrhung_get_config: Get config failed for wp[0x0008]
11-06 11:30:01.205 31437 31471 D Evaluation: Frame 652 sent at 1573032601205
11-06 11:30:01.239 31437 31471 D Evaluation: Frame 653 sent at 1573032601239
11-06 11:30:01.261 31437 31471 D Evaluation: Frame 654 sent at 1573032601261
11-06 11:30:01.303 31437 31471 D Evaluation: Frame 655 sent at 1573032601303
11-06 11:30:01.340 31437 31471 D Evaluation: Frame 656 sent at 1573032601340
11-06 11:30:01.361 31437 31471 D Evaluation: Frame 657 sent at 1573032601361
11-06 11:30:01.414 31437 31471 D Evaluation: Frame 658 sent at 1573032601414
11-06 11:30:01.433 31437 31471 D Evaluation: Frame 659 sent at 1573032601433
11-06 11:30:01.474 31437 31471 D Evaluation: Frame 660 sent at 1573032601474
11-06 11:30:01.508 31437 31471 D Evaluation: Frame 661 sent at 1573032601508
11-06 11:30:01.538 31437 31471 D Evaluation: Frame 662 sent at 1573032601538
11-06 11:30:01.576 31437 31471 D Evaluation: Frame 663 sent at 1573032601576
11-06 11:30:01.609 31437 31471 D Evaluation: Frame 664 sent at 1573032601609
11-06 11:30:01.642 31437 31471 D Evaluation: Frame 665 sent at 1573032601641
11-06 11:30:01.674 31437 31471 D Evaluation: Frame 666 sent at 1573032601674
11-06 11:30:01.697 31437 31471 D Evaluation: Frame 667 sent at 1573032601697
11-06 11:30:01.734 31437 31471 D Evaluation: Frame 668 sent at 1573032601734
11-06 11:30:01.790 31437 31471 D Evaluation: Frame 669 sent at 1573032601790
11-06 11:30:01.802 31437 31437 D Poster  : At 1573032601802 location is 65.06081850736318 (latitude), and 25.467542948673493 (longitude)
11-06 11:30:01.804 31437 31437 D Poster  : Connected to mobile network 20
11-06 11:30:01.822 31437 31471 D Evaluation: Frame 670 sent at 1573032601822
11-06 11:30:01.844 31437 31471 D Evaluation: Frame 671 sent at 1573032601844
11-06 11:30:01.866 31437 31471 D Evaluation: Frame 672 sent at 1573032601866
11-06 11:30:01.897 31437 31471 D Evaluation: Frame 673 sent at 1573032601897
11-06 11:30:01.936 31437 31471 D Evaluation: Frame 674 sent at 1573032601936
11-06 11:30:01.980 31437 31471 D Evaluation: Frame 675 sent at 1573032601980
11-06 11:30:02.007 31437 31471 D Evaluation: Frame 676 sent at 1573032602007
11-06 11:30:02.043 31437 31471 D Evaluation: Frame 677 sent at 1573032602043
11-06 11:30:02.078 31437 31471 D Evaluation: Frame 678 sent at 1573032602078
11-06 11:30:02.099 31437 31471 D Evaluation: Frame 679 sent at 1573032602099
11-06 11:30:02.144 31437 31471 D Evaluation: Frame 680 sent at 1573032602144
11-06 11:30:02.165 31437 31471 D Evaluation: Frame 681 sent at 1573032602165
11-06 11:30:02.212 31437 31471 D Evaluation: Frame 682 sent at 1573032602212
11-06 11:30:02.235 31437 31471 D Evaluation: Frame 683 sent at 1573032602235
11-06 11:30:02.277 31437 31471 D Evaluation: Frame 684 sent at 1573032602277
11-06 11:30:02.310 31437 31471 D Evaluation: Frame 685 sent at 1573032602310
11-06 11:30:02.341 31437 31471 D Evaluation: Frame 686 sent at 1573032602341
11-06 11:30:02.372 31437 31471 D Evaluation: Frame 687 sent at 1573032602372
11-06 11:30:02.420 31437 31471 D Evaluation: Frame 688 sent at 1573032602420
11-06 11:30:02.441 31437 31471 D Evaluation: Frame 689 sent at 1573032602441
11-06 11:30:02.521 31437 31471 D Evaluation: Frame 690 sent at 1573032602521
11-06 11:30:02.571 31437 31471 D Evaluation: Frame 692 sent at 1573032602571
11-06 11:30:02.593 31437 31471 D Evaluation: Frame 693 sent at 1573032602593
11-06 11:30:02.611 31437 31471 D Evaluation: Frame 693 sent at 1573032602611
11-06 11:30:02.648 31437 31471 D Evaluation: Frame 694 sent at 1573032602648
11-06 11:30:02.683 31437 31471 D Evaluation: Frame 696 sent at 1573032602683
11-06 11:30:02.704 31437 31471 D Evaluation: Frame 696 sent at 1573032602704
11-06 11:30:02.749 31437 31471 D Evaluation: Frame 697 sent at 1573032602749
11-06 11:30:02.780 31437 31471 D Evaluation: Frame 698 sent at 1573032602780
11-06 11:30:02.797 31437 31437 D Poster  : At 1573032602797 location is 65.06082716382937 (latitude), and 25.46754619384807 (longitude)
11-06 11:30:02.802 31437 31437 D Poster  : Connected to mobile network 20
11-06 11:30:02.829 31437 31471 D Evaluation: Frame 700 sent at 1573032602829
11-06 11:30:02.848 31437 31471 D Evaluation: Frame 700 sent at 1573032602848
11-06 11:30:02.875 31437 31471 D Evaluation: Frame 701 sent at 1573032602875
11-06 11:30:02.911 31437 31471 D Evaluation: Frame 702 sent at 1573032602911
11-06 11:30:02.954 31437 31471 D Evaluation: Frame 703 sent at 1573032602954
11-06 11:30:02.992 31437 31471 D Evaluation: Frame 704 sent at 1573032602992
11-06 11:30:03.027 31437 31471 D Evaluation: Frame 706 sent at 1573032603027
11-06 11:30:03.050 31437 31471 D Evaluation: Frame 706 sent at 1573032603050
11-06 11:30:03.072 31437 31471 D Evaluation: Frame 707 sent at 1573032603072
11-06 11:30:03.108 31437 31471 D Evaluation: Frame 708 sent at 1573032603108
11-06 11:30:03.148 31437 31471 D Evaluation: Frame 709 sent at 1573032603148
11-06 11:30:03.176 31437 31471 D Evaluation: Frame 710 sent at 1573032603176
11-06 11:30:03.213 31437 31471 D Evaluation: Frame 711 sent at 1573032603213
11-06 11:30:03.258 31437 31471 D Evaluation: Frame 712 sent at 1573032603258
11-06 11:30:03.287 31437 31471 D Evaluation: Frame 713 sent at 1573032603287
11-06 11:30:03.323 31437 31471 D Evaluation: Frame 714 sent at 1573032603323
11-06 11:30:03.358 31437 31471 D Evaluation: Frame 715 sent at 1573032603358
11-06 11:30:03.383 31437 31471 D Evaluation: Frame 716 sent at 1573032603383
11-06 11:30:03.417 31437 31471 D Evaluation: Frame 717 sent at 1573032603417
11-06 11:30:03.446 31437 31471 D Evaluation: Frame 718 sent at 1573032603446
11-06 11:30:03.502 31437 31471 D Evaluation: Frame 719 sent at 1573032603502
11-06 11:30:03.524 31437 31471 D Evaluation: Frame 720 sent at 1573032603524
11-06 11:30:03.550 31437 31471 D Evaluation: Frame 721 sent at 1573032603550
11-06 11:30:03.584 31437 31471 D Evaluation: Frame 722 sent at 1573032603584
11-06 11:30:03.620 31437 31471 D Evaluation: Frame 723 sent at 1573032603620
11-06 11:30:03.647 31437 31471 D Evaluation: Frame 724 sent at 1573032603647
11-06 11:30:03.684 31437 31471 D Evaluation: Frame 725 sent at 1573032603684
11-06 11:30:03.723 31437 31471 D Evaluation: Frame 726 sent at 1573032603723
11-06 11:30:03.756 31437 31471 D Evaluation: Frame 727 sent at 1573032603756
11-06 11:30:03.788 31437 31471 D Evaluation: Frame 728 sent at 1573032603788
11-06 11:30:03.829 31437 31437 D Poster  : At 1573032603829 location is 65.06083261302467 (latitude), and 25.467562768454172 (longitude)
11-06 11:30:03.831 31437 31437 D Poster  : Connected to mobile network 20
11-06 11:30:03.837 31437 31471 D Evaluation: Frame 730 sent at 1573032603837
11-06 11:30:03.854 31437 31471 D Evaluation: Frame 730 sent at 1573032603854
11-06 11:30:03.876 31437 31471 D Evaluation: Frame 731 sent at 1573032603876
11-06 11:30:03.917 31437 31471 D Evaluation: Frame 732 sent at 1573032603917
11-06 11:30:03.968 31437 31448 E         : [ZeroHung]zrhung_get_config: Get config failed for wp[0x0008]
11-06 11:30:03.969 31437 31471 D Evaluation: Frame 734 sent at 1573032603969
11-06 11:30:03.986 31437 31471 D Evaluation: Frame 734 sent at 1573032603986
11-06 11:30:04.024 31437 31471 D Evaluation: Frame 735 sent at 1573032604024
11-06 11:30:04.046 31437 31471 D Evaluation: Frame 736 sent at 1573032604046
11-06 11:30:04.101 31437 31471 D Evaluation: Frame 737 sent at 1573032604101
11-06 11:30:04.125 31437 31471 D Evaluation: Frame 738 sent at 1573032604125
11-06 11:30:04.156 31437 31471 D Evaluation: Frame 739 sent at 1573032604156
11-06 11:30:04.184 31437 31471 D Evaluation: Frame 740 sent at 1573032604184
11-06 11:30:04.268 31437 31471 D Evaluation: Frame 741 sent at 1573032604268
11-06 11:30:04.301 31437 31471 D Evaluation: Frame 742 sent at 1573032604300
11-06 11:30:04.330 31437 31471 D Evaluation: Frame 743 sent at 1573032604330
11-06 11:30:04.354 31437 31471 D Evaluation: Frame 744 sent at 1573032604354
11-06 11:30:04.395 31437 31471 D Evaluation: Frame 745 sent at 1573032604395
11-06 11:30:04.435 31437 31471 D Evaluation: Frame 746 sent at 1573032604435
11-06 11:30:04.462 31437 31471 D Evaluation: Frame 747 sent at 1573032604461
11-06 11:30:04.503 31437 31471 D Evaluation: Frame 748 sent at 1573032604503
11-06 11:30:04.523 31437 31471 D Evaluation: Frame 749 sent at 1573032604523
11-06 11:30:04.550 31437 31471 D Evaluation: Frame 750 sent at 1573032604550
11-06 11:30:04.585 31437 31471 D Evaluation: Frame 751 sent at 1573032604585
11-06 11:30:04.625 31437 31471 D Evaluation: Frame 752 sent at 1573032604625
11-06 11:30:04.665 31437 31471 D Evaluation: Frame 753 sent at 1573032604665
11-06 11:30:04.700 31437 31471 D Evaluation: Frame 754 sent at 1573032604700
11-06 11:30:04.722 31437 31471 D Evaluation: Frame 755 sent at 1573032604722
11-06 11:30:04.768 31437 31471 D Evaluation: Frame 756 sent at 1573032604768
11-06 11:30:04.794 31437 31437 D Poster  : At 1573032604794 location is 65.06083554044731 (latitude), and 25.467549606105024 (longitude)
11-06 11:30:04.797 31437 31437 D Poster  : Connected to mobile network 20
11-06 11:30:04.804 31437 31471 D Evaluation: Frame 757 sent at 1573032604804
11-06 11:30:04.833 31437 31471 D Evaluation: Frame 758 sent at 1573032604832
11-06 11:30:04.859 31437 31471 D Evaluation: Frame 759 sent at 1573032604859
11-06 11:30:04.884 31437 31471 D Evaluation: Frame 760 sent at 1573032604884
11-06 11:30:04.924 31437 31471 D Evaluation: Frame 761 sent at 1573032604924
11-06 11:30:04.962 31437 31471 D Evaluation: Frame 762 sent at 1573032604962
11-06 11:30:04.993 31437 31471 D Evaluation: Frame 763 sent at 1573032604993
11-06 11:30:05.022 31437 31471 D Evaluation: Frame 764 sent at 1573032605022
11-06 11:30:05.056 31437 31471 D Evaluation: Frame 765 sent at 1573032605056
11-06 11:30:05.107 31437 31471 D Evaluation: Frame 766 sent at 1573032605107
11-06 11:30:05.134 31437 31471 D Evaluation: Frame 767 sent at 1573032605134
11-06 11:30:05.160 31437 31471 D Evaluation: Frame 768 sent at 1573032605160
11-06 11:30:05.190 31437 31471 D Evaluation: Frame 769 sent at 1573032605190
11-06 11:30:05.233 31437 31471 D Evaluation: Frame 770 sent at 1573032605232
11-06 11:30:05.272 31437 31471 D Evaluation: Frame 771 sent at 1573032605272
11-06 11:30:05.304 31437 31471 D Evaluation: Frame 772 sent at 1573032605304
11-06 11:30:05.340 31437 31471 D Evaluation: Frame 773 sent at 1573032605340
11-06 11:30:05.364 31437 31471 D Evaluation: Frame 774 sent at 1573032605364
11-06 11:30:05.401 31437 31471 D Evaluation: Frame 775 sent at 1573032605401
11-06 11:30:05.426 31437 31471 D Evaluation: Frame 776 sent at 1573032605426
11-06 11:30:05.474 31437 31471 D Evaluation: Frame 777 sent at 1573032605474
11-06 11:30:05.513 31437 31471 D Evaluation: Frame 778 sent at 1573032605513
11-06 11:30:05.534 31437 31471 D Evaluation: Frame 779 sent at 1573032605534
11-06 11:30:05.562 31437 31471 D Evaluation: Frame 780 sent at 1573032605562
11-06 11:30:05.605 31437 31471 D Evaluation: Frame 781 sent at 1573032605605
11-06 11:30:05.633 31437 31471 D Evaluation: Frame 782 sent at 1573032605633
11-06 11:30:05.668 31437 31471 D Evaluation: Frame 783 sent at 1573032605668
11-06 11:30:05.705 31437 31471 D Evaluation: Frame 784 sent at 1573032605705
11-06 11:30:05.741 31437 31471 D Evaluation: Frame 785 sent at 1573032605740
11-06 11:30:05.772 31437 31471 D Evaluation: Frame 786 sent at 1573032605772
11-06 11:30:05.811 31437 31437 D Poster  : At 1573032605811 location is 65.06083836679608 (latitude), and 25.46753884471126 (longitude)
11-06 11:30:05.815 31437 31437 D Poster  : Connected to mobile network 20
11-06 11:30:05.817 31437 31471 D Evaluation: Frame 787 sent at 1573032605817
11-06 11:30:05.837 31437 31471 D Evaluation: Frame 788 sent at 1573032605837
11-06 11:30:05.854 31437 31471 D Evaluation: Frame 789 sent at 1573032605854
11-06 11:30:05.883 31437 31471 D Evaluation: Frame 790 sent at 1573032605883
11-06 11:30:05.930 31437 31471 D Evaluation: Frame 791 sent at 1573032605929
11-06 11:30:05.973 31437 31471 D Evaluation: Frame 792 sent at 1573032605973
11-06 11:30:06.013 31437 31471 D Evaluation: Frame 793 sent at 1573032606012
11-06 11:30:06.044 31437 31471 D Evaluation: Frame 794 sent at 1573032606044
11-06 11:30:06.070 31437 31471 D Evaluation: Frame 795 sent at 1573032606070
11-06 11:30:06.102 31437 31471 D Evaluation: Frame 796 sent at 1573032606102
11-06 11:30:06.132 31437 31471 D Evaluation: Frame 797 sent at 1573032606132
11-06 11:30:06.161 31437 31471 D Evaluation: Frame 798 sent at 1573032606161
11-06 11:30:06.196 31437 31471 D Evaluation: Frame 799 sent at 1573032606196
11-06 11:30:06.237 31437 31471 D Evaluation: Frame 800 sent at 1573032606237
11-06 11:30:06.259 31437 31471 D Evaluation: Frame 801 sent at 1573032606259
11-06 11:30:06.298 31437 31471 D Evaluation: Frame 802 sent at 1573032606298
11-06 11:30:06.332 31437 31471 D Evaluation: Frame 803 sent at 1573032606332
11-06 11:30:06.373 31437 31471 D Evaluation: Frame 804 sent at 1573032606373
11-06 11:30:06.413 31437 31471 D Evaluation: Frame 805 sent at 1573032606412
11-06 11:30:06.442 31437 31471 D Evaluation: Frame 806 sent at 1573032606442
11-06 11:30:06.484 31437 31471 D Evaluation: Frame 808 sent at 1573032606484
11-06 11:30:06.505 31437 31471 D Evaluation: Frame 808 sent at 1573032606505
11-06 11:30:06.539 31437 31471 D Evaluation: Frame 809 sent at 1573032606539
11-06 11:30:06.568 31437 31471 D Evaluation: Frame 810 sent at 1573032606568
11-06 11:30:06.612 31437 31471 D Evaluation: Frame 811 sent at 1573032606612
11-06 11:30:06.647 31437 31471 D Evaluation: Frame 812 sent at 1573032606647
11-06 11:30:06.675 31437 31471 D Evaluation: Frame 813 sent at 1573032606675
11-06 11:30:06.708 31437 31471 D Evaluation: Frame 814 sent at 1573032606708
11-06 11:30:06.740 31437 31448 E         : [ZeroHung]zrhung_get_config: Get config failed for wp[0x0008]
11-06 11:30:06.740 31437 31471 D Evaluation: Frame 815 sent at 1573032606740
11-06 11:30:06.796 31437 31437 D Poster  : At 1573032606796 location is 65.0608426503751 (latitude), and 25.467521519340757 (longitude)
11-06 11:30:06.797 31437 31471 D Evaluation: Frame 816 sent at 1573032606797
11-06 11:30:06.798 31437 31437 D Poster  : Connected to mobile network 20
11-06 11:30:06.852 31437 31471 D Evaluation: Frame 817 sent at 1573032606852
11-06 11:30:06.874 31437 31471 D Evaluation: Frame 818 sent at 1573032606874
11-06 11:30:06.902 31437 31471 D Evaluation: Frame 819 sent at 1573032606902
11-06 11:30:06.940 31437 31471 D Evaluation: Frame 820 sent at 1573032606940
11-06 11:30:06.980 31437 31471 D Evaluation: Frame 821 sent at 1573032606980
11-06 11:30:07.015 31437 31471 D Evaluation: Frame 822 sent at 1573032607015
11-06 11:30:07.085 31437 31471 D Evaluation: Frame 823 sent at 1573032607085
11-06 11:30:07.117 31437 31471 D Evaluation: Frame 824 sent at 1573032607117
11-06 11:30:07.145 31437 31471 D Evaluation: Frame 825 sent at 1573032607144
11-06 11:30:07.176 31437 31471 D Evaluation: Frame 826 sent at 1573032607176
11-06 11:30:07.222 31437 31471 D Evaluation: Frame 828 sent at 1573032607222
11-06 11:30:07.246 31437 31471 D Evaluation: Frame 828 sent at 1573032607246
11-06 11:30:07.281 31437 31471 D Evaluation: Frame 829 sent at 1573032607281
11-06 11:30:07.312 31437 31471 D Evaluation: Frame 830 sent at 1573032607312
11-06 11:30:07.356 31437 31471 D Evaluation: Frame 831 sent at 1573032607356
11-06 11:30:07.382 31437 31471 D Evaluation: Frame 832 sent at 1573032607382
11-06 11:30:07.428 31437 31471 D Evaluation: Frame 834 sent at 1573032607428
11-06 11:30:07.449 31437 31471 D Evaluation: Frame 834 sent at 1573032607449
11-06 11:30:07.480 31437 31471 D Evaluation: Frame 835 sent at 1573032607480
11-06 11:30:07.523 31437 31471 D Evaluation: Frame 836 sent at 1573032607523
11-06 11:30:07.548 31437 31471 D Evaluation: Frame 837 sent at 1573032607548
11-06 11:30:07.584 31437 31471 D Evaluation: Frame 838 sent at 1573032607584
11-06 11:30:07.609 31437 31471 D Evaluation: Frame 839 sent at 1573032607609
11-06 11:30:07.654 31437 31471 D Evaluation: Frame 840 sent at 1573032607654
11-06 11:30:07.681 31437 31471 D Evaluation: Frame 841 sent at 1573032607681
11-06 11:30:07.711 31437 31471 D Evaluation: Frame 842 sent at 1573032607711
11-06 11:30:07.754 31437 31471 D Evaluation: Frame 843 sent at 1573032607754
11-06 11:30:07.782 31437 31471 D Evaluation: Frame 844 sent at 1573032607782
11-06 11:30:07.797 31437 31437 D Poster  : At 1573032607797 location is 65.06086184249872 (latitude), and 25.46747673214858 (longitude)
11-06 11:30:07.801 31437 31437 D Poster  : Connected to mobile network 20
11-06 11:30:07.826 31437 31471 D Evaluation: Frame 845 sent at 1573032607826
11-06 11:30:07.858 31437 31471 D Evaluation: Frame 846 sent at 1573032607858
11-06 11:30:07.881 31437 31471 D Evaluation: Frame 847 sent at 1573032607881
11-06 11:30:07.906 31437 31471 D Evaluation: Frame 848 sent at 1573032607906
11-06 11:30:07.947 31437 31471 D Evaluation: Frame 849 sent at 1573032607947
11-06 11:30:07.983 31437 31471 D Evaluation: Frame 850 sent at 1573032607983
11-06 11:30:08.009 31437 31471 D Evaluation: Frame 851 sent at 1573032608009
11-06 11:30:08.044 31437 31471 D Evaluation: Frame 852 sent at 1573032608044
11-06 11:30:08.082 31437 31471 D Evaluation: Frame 853 sent at 1573032608082
11-06 11:30:08.126 31437 31471 D Evaluation: Frame 854 sent at 1573032608126
11-06 11:30:08.205 31437 31471 D Evaluation: Frame 856 sent at 1573032608205
11-06 11:30:08.225 31437 31471 D Evaluation: Frame 856 sent at 1573032608225
11-06 11:30:08.244 31437 31471 D Evaluation: Frame 857 sent at 1573032608244
11-06 11:30:08.275 31437 31471 D Evaluation: Frame 858 sent at 1573032608275
11-06 11:30:08.318 31437 31471 D Evaluation: Frame 859 sent at 1573032608317
11-06 11:30:08.355 31437 31471 D Evaluation: Frame 860 sent at 1573032608355
11-06 11:30:08.384 31437 31471 D Evaluation: Frame 861 sent at 1573032608384
11-06 11:30:08.416 31437 31471 D Evaluation: Frame 862 sent at 1573032608416
11-06 11:30:08.443 31437 31471 D Evaluation: Frame 863 sent at 1573032608443
11-06 11:30:08.481 31437 31471 D Evaluation: Frame 864 sent at 1573032608481
11-06 11:30:08.516 31437 31471 D Evaluation: Frame 865 sent at 1573032608516
11-06 11:30:08.555 31437 31471 D Evaluation: Frame 866 sent at 1573032608555
11-06 11:30:08.595 31437 31471 D Evaluation: Frame 867 sent at 1573032608595
11-06 11:30:08.629 31437 31471 D Evaluation: Frame 868 sent at 1573032608629
11-06 11:30:08.668 31437 31471 D Evaluation: Frame 869 sent at 1573032608668
11-06 11:30:08.734 31437 31471 D Evaluation: Frame 870 sent at 1573032608734
11-06 11:30:08.759 31437 31471 D Evaluation: Frame 871 sent at 1573032608759
11-06 11:30:08.801 31437 31471 D Evaluation: Frame 872 sent at 1573032608801
11-06 11:30:08.820 31437 31437 D Poster  : At 1573032608820 location is 65.06087137715974 (latitude), and 25.46745246119996 (longitude)
11-06 11:30:08.822 31437 31437 D Poster  : Connected to mobile network 20
11-06 11:30:08.832 31437 31471 D Evaluation: Frame 873 sent at 1573032608832
11-06 11:30:08.857 31437 31471 D Evaluation: Frame 874 sent at 1573032608857
11-06 11:30:08.890 31437 31471 D Evaluation: Frame 875 sent at 1573032608890
11-06 11:30:08.924 31437 31471 D Evaluation: Frame 876 sent at 1573032608924
11-06 11:30:08.964 31437 31471 D Evaluation: Frame 877 sent at 1573032608964
11-06 11:30:09.001 31437 31471 D Evaluation: Frame 878 sent at 1573032609001
11-06 11:30:09.035 31437 31471 D Evaluation: Frame 879 sent at 1573032609035
11-06 11:30:09.064 31437 31471 D Evaluation: Frame 880 sent at 1573032609064
11-06 11:30:09.091 31437 31471 D Evaluation: Frame 881 sent at 1573032609091
11-06 11:30:09.126 31437 31471 D Evaluation: Frame 882 sent at 1573032609126
11-06 11:30:09.157 31437 31471 D Evaluation: Frame 883 sent at 1573032609157
11-06 11:30:09.210 31437 31471 D Evaluation: Frame 884 sent at 1573032609210
11-06 11:30:09.238 31437 31471 D Evaluation: Frame 885 sent at 1573032609238
11-06 11:30:09.260 31437 31471 D Evaluation: Frame 886 sent at 1573032609260
11-06 11:30:09.291 31437 31471 D Evaluation: Frame 887 sent at 1573032609291
11-06 11:30:09.326 31437 31448 E         : [ZeroHung]zrhung_get_config: Get config failed for wp[0x0008]
11-06 11:30:09.327 31437 31471 D Evaluation: Frame 888 sent at 1573032609327
11-06 11:30:09.356 31437 31471 D Evaluation: Frame 889 sent at 1573032609356
11-06 11:30:09.391 31437 31471 D Evaluation: Frame 890 sent at 1573032609391
11-06 11:30:09.424 31437 31471 D Evaluation: Frame 891 sent at 1573032609424
11-06 11:30:09.464 31437 31471 D Evaluation: Frame 892 sent at 1573032609464
11-06 11:30:09.491 31437 31437 D stylus  : init stylus touchlistener.
11-06 11:30:09.497 31437 31437 W Settings: Setting device_provisioned has moved from android.provider.Settings.Secure to android.provider.Settings.Global.
11-06 11:30:09.498 31437 31471 D Evaluation: Frame 893 sent at 1573032609498
11-06 11:30:09.498 31437 31437 V HiTouch_HiTouchSensor: User setup is finished.
11-06 11:30:09.529 31437 31471 D Evaluation: Frame 894 sent at 1573032609529
11-06 11:30:09.576 31437 31471 D Evaluation: Frame 895 sent at 1573032609576
11-06 11:30:09.599 31437 31471 D Evaluation: Frame 896 sent at 1573032609599
11-06 11:30:09.626 31437 31471 D Evaluation: Frame 897 sent at 1573032609626
11-06 11:30:09.655 31437 31471 D Evaluation: Frame 898 sent at 1573032609655
11-06 11:30:09.667 31437 31437 W HiTouch_PressGestureDetector: Touch pointer move a lot. The moving distance of X is:68.69238, limit is:60The moving distance of Y is:14.304031, limit is:60
11-06 11:30:09.700 31437 31471 D Evaluation: Frame 899 sent at 1573032609700
11-06 11:30:09.735 31437 31471 D Evaluation: Frame 901 sent at 1573032609735
11-06 11:30:09.753 31437 31471 D Evaluation: Frame 901 sent at 1573032609753
11-06 11:30:09.788 31437 31471 D Evaluation: Frame 902 sent at 1573032609788
11-06 11:30:09.797 31437 31437 D Poster  : At 1573032609797 location is 65.06088927512239 (latitude), and 25.467404755191666 (longitude)
11-06 11:30:09.799 31437 31437 D Poster  : Connected to mobile network 20
11-06 11:30:09.822 31437 31471 D Evaluation: Frame 903 sent at 1573032609822
11-06 11:30:09.854 31437 31471 D Evaluation: Frame 904 sent at 1573032609854
11-06 11:30:09.926 31437 31471 D Evaluation: Frame 905 sent at 1573032609926
11-06 11:30:09.956 31437 31471 D Evaluation: Frame 906 sent at 1573032609956
11-06 11:30:10.036 31437 31471 D Evaluation: Frame 907 sent at 1573032610036
11-06 11:30:10.057 31437 31471 D Evaluation: Frame 908 sent at 1573032610057
11-06 11:30:10.080 31437 31471 D Evaluation: Frame 909 sent at 1573032610080
11-06 11:30:10.114 31437 31471 D Evaluation: Frame 910 sent at 1573032610114
11-06 11:30:10.153 31437 31471 D Evaluation: Frame 911 sent at 1573032610153
11-06 11:30:10.189 31437 31471 D Evaluation: Frame 912 sent at 1573032610189
11-06 11:30:10.215 31437 31471 D Evaluation: Frame 913 sent at 1573032610215
11-06 11:30:10.249 31437 31471 D Evaluation: Frame 914 sent at 1573032610249
11-06 11:30:10.286 31437 31471 D Evaluation: Frame 915 sent at 1573032610286
11-06 11:30:10.365 31437 31471 D Evaluation: Frame 916 sent at 1573032610365
11-06 11:30:10.391 31437 31471 D Evaluation: Frame 917 sent at 1573032610391
11-06 11:30:10.422 31437 31471 D Evaluation: Frame 918 sent at 1573032610422
11-06 11:30:10.481 31437 31471 D Evaluation: Frame 919 sent at 1573032610481
11-06 11:30:10.483 31437 31437 I Poster  :  onPause() called.
11-06 11:30:10.542 31437 31437 I Camera  : close camera: 0, package name: symlab.cloudridar.arhud
11-06 11:30:10.542 31437 31437 I BackgroundPermManager: pkgName: symlab.cloudridar.arhud,pid: 31437 ,uidOf3RdApk: 10149 ,permType: 0 ,permCfg: 0
11-06 11:30:10.545 31437 31437 I HwCameraUtil: notifySurfaceFlingerCameraStatus : isFront = false , isOpend = false
11-06 11:30:10.672 31437 31437 D ZrHung.AppEyeUiProbe: stop checker.
11-06 11:30:10.695 31437 31437 I Poster  :  surfaceDestroyed() called.
11-06 11:30:10.695 31437 31437 D ViewRootImpl[MainActivity]: surface should not be released
11-06 11:30:10.695 31437 31437 I Poster  :  onStop() called.
11-06 11:30:10.720 31437 31489 W libEGL  : EGLNativeWindowType 0xef5f0008 disconnect failed
11-06 11:30:10.806 31437 31437 D Poster  : At 1573032610806 location is 65.0609103672772 (latitude), and 25.467365063895368 (longitude)
11-06 11:30:10.809 31437 31437 D Poster  : Connected to mobile network 20
11-06 11:30:10.827 31437 31437 D Latitude: status
11-06 11:30:11.209 31437 31462 D ZrHung.AppEyeUiProbe: Current Activity:false
11-06 11:30:11.209 31437 31462 D ZrHung.AppEyeUiProbe: not watching, wait.
