11-07 11:29:17.192 19812 19847 W System.err: java.net.SocketException: Message too long
11-07 11:29:17.192 19812 19847 W System.err: 	at sun.nio.ch.DatagramChannelImpl.send0(Native Method)
11-07 11:29:17.192 19812 19847 W System.err: 	at sun.nio.ch.DatagramChannelImpl.sendFromNativeBuffer(DatagramChannelImpl.java:573)
11-07 11:29:17.192 19812 19847 W System.err: 	at sun.nio.ch.DatagramChannelImpl.send(DatagramChannelImpl.java:550)
11-07 11:29:17.192 19812 19847 W System.err: 	at sun.nio.ch.DatagramChannelImpl.send(DatagramChannelImpl.java:514)
11-07 11:29:17.192 19812 19847 W System.err: 	at symlab.CloudAR.network.TransmissionTask.run(TransmissionTask.java:124)
11-07 11:29:17.192 19812 19847 W System.err: 	at android.os.Handler.handleCallback(Handler.java:907)
11-07 11:29:17.192 19812 19847 W System.err: 	at android.os.Handler.dispatchMessage(Handler.java:105)
11-07 11:29:17.192 19812 19847 W System.err: 	at android.os.Looper.loop(Looper.java:216)
11-07 11:29:17.192 19812 19847 W System.err: 	at android.os.HandlerThread.run(HandlerThread.java:65)
11-07 11:29:17.196 19812 19812 I AwareBitmapCacher: init lrucache size: 2097152 pid=19812
11-07 11:29:17.221 19812 19847 W System.err: java.net.SocketException: Message too long
11-07 11:29:17.221 19812 19847 W System.err: 	at sun.nio.ch.DatagramChannelImpl.send0(Native Method)
11-07 11:29:17.221 19812 19847 W System.err: 	at sun.nio.ch.DatagramChannelImpl.sendFromNativeBuffer(DatagramChannelImpl.java:573)
11-07 11:29:17.221 19812 19847 W System.err: 	at sun.nio.ch.DatagramChannelImpl.send(DatagramChannelImpl.java:550)
11-07 11:29:17.221 19812 19847 W System.err: 	at sun.nio.ch.DatagramChannelImpl.send(DatagramChannelImpl.java:514)
11-07 11:29:17.221 19812 19847 W System.err: 	at symlab.CloudAR.network.TransmissionTask.run(TransmissionTask.java:124)
11-07 11:29:17.221 19812 19847 W System.err: 	at android.os.Handler.handleCallback(Handler.java:907)
11-07 11:29:17.221 19812 19847 W System.err: 	at android.os.Handler.dispatchMessage(Handler.java:105)
11-07 11:29:17.221 19812 19847 W System.err: 	at android.os.Looper.loop(Looper.java:216)
11-07 11:29:17.221 19812 19847 W System.err: 	at android.os.HandlerThread.run(HandlerThread.java:65)
11-07 11:29:17.261 19812 19847 W System.err: java.net.SocketException: Message too long
11-07 11:29:17.261 19812 19847 W System.err: 	at sun.nio.ch.DatagramChannelImpl.send0(Native Method)
11-07 11:29:17.261 19812 19847 W System.err: 	at sun.nio.ch.DatagramChannelImpl.sendFromNativeBuffer(DatagramChannelImpl.java:573)
11-07 11:29:17.262 19812 19847 W System.err: 	at sun.nio.ch.DatagramChannelImpl.send(DatagramChannelImpl.java:550)
11-07 11:29:17.262 19812 19847 W System.err: 	at sun.nio.ch.DatagramChannelImpl.send(DatagramChannelImpl.java:514)
11-07 11:29:17.262 19812 19847 W System.err: 	at symlab.CloudAR.network.TransmissionTask.run(TransmissionTask.java:124)
11-07 11:29:17.262 19812 19847 W System.err: 	at android.os.Handler.handleCallback(Handler.java:907)
11-07 11:29:17.262 19812 19847 W System.err: 	at android.os.Handler.dispatchMessage(Handler.java:105)
11-07 11:29:17.262 19812 19847 W System.err: 	at android.os.Looper.loop(Looper.java:216)
11-07 11:29:17.262 19812 19847 W System.err: 	at android.os.HandlerThread.run(HandlerThread.java:65)
11-07 11:29:17.292 19812 19847 W System.err: java.net.SocketException: Message too long
11-07 11:29:17.292 19812 19847 W System.err: 	at sun.nio.ch.DatagramChannelImpl.send0(Native Method)
11-07 11:29:17.292 19812 19847 W System.err: 	at sun.nio.ch.DatagramChannelImpl.sendFromNativeBuffer(DatagramChannelImpl.java:573)
11-07 11:29:17.292 19812 19847 W System.err: 	at sun.nio.ch.DatagramChannelImpl.send(DatagramChannelImpl.java:550)
11-07 11:29:17.292 19812 19847 W System.err: 	at sun.nio.ch.DatagramChannelImpl.send(DatagramChannelImpl.java:514)
11-07 11:29:17.292 19812 19847 W System.err: 	at symlab.CloudAR.network.TransmissionTask.run(TransmissionTask.java:124)
11-07 11:29:17.292 19812 19847 W System.err: 	at android.os.Handler.handleCallback(Handler.java:907)
11-07 11:29:17.292 19812 19847 W System.err: 	at android.os.Handler.dispatchMessage(Handler.java:105)
11-07 11:29:17.292 19812 19847 W System.err: 	at android.os.Looper.loop(Looper.java:216)
11-07 11:29:17.292 19812 19847 W System.err: 	at android.os.HandlerThread.run(HandlerThread.java:65)
11-07 11:29:17.333 19812 19847 W System.err: java.net.SocketException: Message too long
11-07 11:29:17.333 19812 19847 W System.err: 	at sun.nio.ch.DatagramChannelImpl.send0(Native Method)
11-07 11:29:17.333 19812 19847 W System.err: 	at sun.nio.ch.DatagramChannelImpl.sendFromNativeBuffer(DatagramChannelImpl.java:573)
11-07 11:29:17.333 19812 19847 W System.err: 	at sun.nio.ch.DatagramChannelImpl.send(DatagramChannelImpl.java:550)
11-07 11:29:17.333 19812 19847 W System.err: 	at sun.nio.ch.DatagramChannelImpl.send(DatagramChannelImpl.java:514)
11-07 11:29:17.333 19812 19847 W System.err: 	at symlab.CloudAR.network.TransmissionTask.run(TransmissionTask.java:124)
11-07 11:29:17.333 19812 19847 W System.err: 	at android.os.Handler.handleCallback(Handler.java:907)
11-07 11:29:17.333 19812 19847 W System.err: 	at android.os.Handler.dispatchMessage(Handler.java:105)
11-07 11:29:17.333 19812 19847 W System.err: 	at android.os.Looper.loop(Looper.java:216)
11-07 11:29:17.333 19812 19847 W System.err: 	at android.os.HandlerThread.run(HandlerThread.java:65)
11-07 11:29:17.378 19812 19847 W System.err: java.net.SocketException: Message too long
11-07 11:29:17.378 19812 19847 W System.err: 	at sun.nio.ch.DatagramChannelImpl.send0(Native Method)
11-07 11:29:17.378 19812 19847 W System.err: 	at sun.nio.ch.DatagramChannelImpl.sendFromNativeBuffer(DatagramChannelImpl.java:573)
11-07 11:29:17.379 19812 19847 W System.err: 	at sun.nio.ch.DatagramChannelImpl.send(DatagramChannelImpl.java:550)
11-07 11:29:17.379 19812 19847 W System.err: 	at sun.nio.ch.DatagramChannelImpl.send(DatagramChannelImpl.java:514)
11-07 11:29:17.379 19812 19847 W System.err: 	at symlab.CloudAR.network.TransmissionTask.run(TransmissionTask.java:124)
11-07 11:29:17.379 19812 19847 W System.err: 	at android.os.Handler.handleCallback(Handler.java:907)
11-07 11:29:17.379 19812 19847 W System.err: 	at android.os.Handler.dispatchMessage(Handler.java:105)
11-07 11:29:17.379 19812 19847 W System.err: 	at android.os.Looper.loop(Looper.java:216)
11-07 11:29:17.379 19812 19847 W System.err: 	at android.os.HandlerThread.run(HandlerThread.java:65)
11-07 11:29:17.417 19812 19847 W System.err: java.net.SocketException: Message too long
11-07 11:29:17.417 19812 19847 W System.err: 	at sun.nio.ch.DatagramChannelImpl.send0(Native Method)
11-07 11:29:17.417 19812 19847 W System.err: 	at sun.nio.ch.DatagramChannelImpl.sendFromNativeBuffer(DatagramChannelImpl.java:573)
11-07 11:29:17.417 19812 19847 W System.err: 	at sun.nio.ch.DatagramChannelImpl.send(DatagramChannelImpl.java:550)
11-07 11:29:17.417 19812 19847 W System.err: 	at sun.nio.ch.DatagramChannelImpl.send(DatagramChannelImpl.java:514)
11-07 11:29:17.417 19812 19847 W System.err: 	at symlab.CloudAR.network.TransmissionTask.run(TransmissionTask.java:124)
11-07 11:29:17.417 19812 19847 W System.err: 	at android.os.Handler.handleCallback(Handler.java:907)
11-07 11:29:17.417 19812 19847 W System.err: 	at android.os.Handler.dispatchMessage(Handler.java:105)
11-07 11:29:17.417 19812 19847 W System.err: 	at android.os.Looper.loop(Looper.java:216)
11-07 11:29:17.418 19812 19847 W System.err: 	at android.os.HandlerThread.run(HandlerThread.java:65)
11-07 11:29:17.449 19812 19847 W System.err: java.net.SocketException: Message too long
11-07 11:29:17.449 19812 19847 W System.err: 	at sun.nio.ch.DatagramChannelImpl.send0(Native Method)
11-07 11:29:17.449 19812 19847 W System.err: 	at sun.nio.ch.DatagramChannelImpl.sendFromNativeBuffer(DatagramChannelImpl.java:573)
11-07 11:29:17.449 19812 19847 W System.err: 	at sun.nio.ch.DatagramChannelImpl.send(DatagramChannelImpl.java:550)
11-07 11:29:17.449 19812 19847 W System.err: 	at sun.nio.ch.DatagramChannelImpl.send(DatagramChannelImpl.java:514)
11-07 11:29:17.449 19812 19847 W System.err: 	at symlab.CloudAR.network.TransmissionTask.run(TransmissionTask.java:124)
11-07 11:29:17.449 19812 19847 W System.err: 	at android.os.Handler.handleCallback(Handler.java:907)
11-07 11:29:17.449 19812 19847 W System.err: 	at android.os.Handler.dispatchMessage(Handler.java:105)
11-07 11:29:17.449 19812 19847 W System.err: 	at android.os.Looper.loop(Looper.java:216)
11-07 11:29:17.449 19812 19847 W System.err: 	at android.os.HandlerThread.run(HandlerThread.java:65)
11-07 11:29:17.454 19812 19812 D Poster  : At 1573118957454 location is 65.0573553366025 (latitude), and 25.469532229055538 (longitude)
11-07 11:29:17.457 19812 19812 D Poster  : Connected to mobile network 20
11-07 11:29:17.471 19812 19847 W System.err: java.net.SocketException: Message too long
11-07 11:29:17.471 19812 19847 W System.err: 	at sun.nio.ch.DatagramChannelImpl.send0(Native Method)
11-07 11:29:17.471 19812 19847 W System.err: 	at sun.nio.ch.DatagramChannelImpl.sendFromNativeBuffer(DatagramChannelImpl.java:573)
11-07 11:29:17.471 19812 19847 W System.err: 	at sun.nio.ch.DatagramChannelImpl.send(DatagramChannelImpl.java:550)
11-07 11:29:17.471 19812 19847 W System.err: 	at sun.nio.ch.DatagramChannelImpl.send(DatagramChannelImpl.java:514)
11-07 11:29:17.471 19812 19847 W System.err: 	at symlab.CloudAR.network.TransmissionTask.run(TransmissionTask.java:124)
11-07 11:29:17.471 19812 19847 W System.err: 	at android.os.Handler.handleCallback(Handler.java:907)
11-07 11:29:17.471 19812 19847 W System.err: 	at android.os.Handler.dispatchMessage(Handler.java:105)
11-07 11:29:17.471 19812 19847 W System.err: 	at android.os.Looper.loop(Looper.java:216)
11-07 11:29:17.472 19812 19847 W System.err: 	at android.os.HandlerThread.run(HandlerThread.java:65)
11-07 11:29:17.497 19812 19847 W System.err: java.net.SocketException: Message too long
11-07 11:29:17.497 19812 19847 W System.err: 	at sun.nio.ch.DatagramChannelImpl.send0(Native Method)
11-07 11:29:17.497 19812 19847 W System.err: 	at sun.nio.ch.DatagramChannelImpl.sendFromNativeBuffer(DatagramChannelImpl.java:573)
11-07 11:29:17.497 19812 19847 W System.err: 	at sun.nio.ch.DatagramChannelImpl.send(DatagramChannelImpl.java:550)
11-07 11:29:17.497 19812 19847 W System.err: 	at sun.nio.ch.DatagramChannelImpl.send(DatagramChannelImpl.java:514)
11-07 11:29:17.497 19812 19847 W System.err: 	at symlab.CloudAR.network.TransmissionTask.run(TransmissionTask.java:124)
11-07 11:29:17.497 19812 19847 W System.err: 	at android.os.Handler.handleCallback(Handler.java:907)
11-07 11:29:17.497 19812 19847 W System.err: 	at android.os.Handler.dispatchMessage(Handler.java:105)
11-07 11:29:17.497 19812 19847 W System.err: 	at android.os.Looper.loop(Looper.java:216)
11-07 11:29:17.497 19812 19847 W System.err: 	at android.os.HandlerThread.run(HandlerThread.java:65)
11-07 11:29:17.527 19812 19847 W System.err: java.net.SocketException: Message too long
11-07 11:29:17.528 19812 19847 W System.err: 	at sun.nio.ch.DatagramChannelImpl.send0(Native Method)
11-07 11:29:17.528 19812 19847 W System.err: 	at sun.nio.ch.DatagramChannelImpl.sendFromNativeBuffer(DatagramChannelImpl.java:573)
11-07 11:29:17.528 19812 19847 W System.err: 	at sun.nio.ch.DatagramChannelImpl.send(DatagramChannelImpl.java:550)
11-07 11:29:17.528 19812 19847 W System.err: 	at sun.nio.ch.DatagramChannelImpl.send(DatagramChannelImpl.java:514)
11-07 11:29:17.528 19812 19847 W System.err: 	at symlab.CloudAR.network.TransmissionTask.run(TransmissionTask.java:124)
11-07 11:29:17.528 19812 19847 W System.err: 	at android.os.Handler.handleCallback(Handler.java:907)
11-07 11:29:17.528 19812 19847 W System.err: 	at android.os.Handler.dispatchMessage(Handler.java:105)
11-07 11:29:17.528 19812 19847 W System.err: 	at android.os.Looper.loop(Looper.java:216)
11-07 11:29:17.528 19812 19847 W System.err: 	at android.os.HandlerThread.run(HandlerThread.java:65)
11-07 11:29:17.571 19812 19847 W System.err: java.net.SocketException: Message too long
11-07 11:29:17.571 19812 19847 W System.err: 	at sun.nio.ch.DatagramChannelImpl.send0(Native Method)
11-07 11:29:17.571 19812 19847 W System.err: 	at sun.nio.ch.DatagramChannelImpl.sendFromNativeBuffer(DatagramChannelImpl.java:573)
11-07 11:29:17.571 19812 19847 W System.err: 	at sun.nio.ch.DatagramChannelImpl.send(DatagramChannelImpl.java:550)
11-07 11:29:17.571 19812 19847 W System.err: 	at sun.nio.ch.DatagramChannelImpl.send(DatagramChannelImpl.java:514)
11-07 11:29:17.571 19812 19847 W System.err: 	at symlab.CloudAR.network.TransmissionTask.run(TransmissionTask.java:124)
11-07 11:29:17.571 19812 19847 W System.err: 	at android.os.Handler.handleCallback(Handler.java:907)
11-07 11:29:17.571 19812 19847 W System.err: 	at android.os.Handler.dispatchMessage(Handler.java:105)
11-07 11:29:17.571 19812 19847 W System.err: 	at android.os.Looper.loop(Looper.java:216)
11-07 11:29:17.571 19812 19847 W System.err: 	at android.os.HandlerThread.run(HandlerThread.java:65)
11-07 11:29:17.603 19812 19847 W System.err: java.net.SocketException: Message too long
11-07 11:29:17.603 19812 19847 W System.err: 	at sun.nio.ch.DatagramChannelImpl.send0(Native Method)
11-07 11:29:17.603 19812 19847 W System.err: 	at sun.nio.ch.DatagramChannelImpl.sendFromNativeBuffer(DatagramChannelImpl.java:573)
11-07 11:29:17.603 19812 19847 W System.err: 	at sun.nio.ch.DatagramChannelImpl.send(DatagramChannelImpl.java:550)
11-07 11:29:17.603 19812 19847 W System.err: 	at sun.nio.ch.DatagramChannelImpl.send(DatagramChannelImpl.java:514)
11-07 11:29:17.603 19812 19847 W System.err: 	at symlab.CloudAR.network.TransmissionTask.run(TransmissionTask.java:124)
11-07 11:29:17.603 19812 19847 W System.err: 	at android.os.Handler.handleCallback(Handler.java:907)
11-07 11:29:17.603 19812 19847 W System.err: 	at android.os.Handler.dispatchMessage(Handler.java:105)
11-07 11:29:17.603 19812 19847 W System.err: 	at android.os.Looper.loop(Looper.java:216)
11-07 11:29:17.603 19812 19847 W System.err: 	at android.os.HandlerThread.run(HandlerThread.java:65)
11-07 11:29:17.640 19812 19847 W System.err: java.net.SocketException: Message too long
11-07 11:29:17.640 19812 19847 W System.err: 	at sun.nio.ch.DatagramChannelImpl.send0(Native Method)
11-07 11:29:17.640 19812 19847 W System.err: 	at sun.nio.ch.DatagramChannelImpl.sendFromNativeBuffer(DatagramChannelImpl.java:573)
11-07 11:29:17.640 19812 19847 W System.err: 	at sun.nio.ch.DatagramChannelImpl.send(DatagramChannelImpl.java:550)
11-07 11:29:17.640 19812 19847 W System.err: 	at sun.nio.ch.DatagramChannelImpl.send(DatagramChannelImpl.java:514)
11-07 11:29:17.640 19812 19847 W System.err: 	at symlab.CloudAR.network.TransmissionTask.run(TransmissionTask.java:124)
11-07 11:29:17.640 19812 19847 W System.err: 	at android.os.Handler.handleCallback(Handler.java:907)
11-07 11:29:17.640 19812 19847 W System.err: 	at android.os.Handler.dispatchMessage(Handler.java:105)
11-07 11:29:17.640 19812 19847 W System.err: 	at android.os.Looper.loop(Looper.java:216)
11-07 11:29:17.640 19812 19847 W System.err: 	at android.os.HandlerThread.run(HandlerThread.java:65)
11-07 11:29:17.673 19812 19847 W System.err: java.net.SocketException: Message too long
11-07 11:29:17.673 19812 19847 W System.err: 	at sun.nio.ch.DatagramChannelImpl.send0(Native Method)
11-07 11:29:17.673 19812 19847 W System.err: 	at sun.nio.ch.DatagramChannelImpl.sendFromNativeBuffer(DatagramChannelImpl.java:573)
11-07 11:29:17.673 19812 19847 W System.err: 	at sun.nio.ch.DatagramChannelImpl.send(DatagramChannelImpl.java:550)
11-07 11:29:17.673 19812 19847 W System.err: 	at sun.nio.ch.DatagramChannelImpl.send(DatagramChannelImpl.java:514)
11-07 11:29:17.673 19812 19847 W System.err: 	at symlab.CloudAR.network.TransmissionTask.run(TransmissionTask.java:124)
11-07 11:29:17.673 19812 19847 W System.err: 	at android.os.Handler.handleCallback(Handler.java:907)
11-07 11:29:17.673 19812 19847 W System.err: 	at android.os.Handler.dispatchMessage(Handler.java:105)
11-07 11:29:17.673 19812 19847 W System.err: 	at android.os.Looper.loop(Looper.java:216)
11-07 11:29:17.673 19812 19847 W System.err: 	at android.os.HandlerThread.run(HandlerThread.java:65)
11-07 11:29:17.692 19812 19823 E         : [ZeroHung]zrhung_get_config: Get config failed for wp[0x0008]
11-07 11:29:17.693 19812 19847 W System.err: java.net.SocketException: Message too long
11-07 11:29:17.693 19812 19847 W System.err: 	at sun.nio.ch.DatagramChannelImpl.send0(Native Method)
11-07 11:29:17.693 19812 19847 W System.err: 	at sun.nio.ch.DatagramChannelImpl.sendFromNativeBuffer(DatagramChannelImpl.java:573)
11-07 11:29:17.693 19812 19847 W System.err: 	at sun.nio.ch.DatagramChannelImpl.send(DatagramChannelImpl.java:550)
11-07 11:29:17.693 19812 19847 W System.err: 	at sun.nio.ch.DatagramChannelImpl.send(DatagramChannelImpl.java:514)
11-07 11:29:17.693 19812 19847 W System.err: 	at symlab.CloudAR.network.TransmissionTask.run(TransmissionTask.java:124)
11-07 11:29:17.693 19812 19847 W System.err: 	at android.os.Handler.handleCallback(Handler.java:907)
11-07 11:29:17.693 19812 19847 W System.err: 	at android.os.Handler.dispatchMessage(Handler.java:105)
11-07 11:29:17.693 19812 19847 W System.err: 	at android.os.Looper.loop(Looper.java:216)
11-07 11:29:17.693 19812 19847 W System.err: 	at android.os.HandlerThread.run(HandlerThread.java:65)
11-07 11:29:17.754 19812 19847 W System.err: java.net.SocketException: Message too long
11-07 11:29:17.754 19812 19847 W System.err: 	at sun.nio.ch.DatagramChannelImpl.send0(Native Method)
11-07 11:29:17.754 19812 19847 W System.err: 	at sun.nio.ch.DatagramChannelImpl.sendFromNativeBuffer(DatagramChannelImpl.java:573)
11-07 11:29:17.754 19812 19847 W System.err: 	at sun.nio.ch.DatagramChannelImpl.send(DatagramChannelImpl.java:550)
11-07 11:29:17.754 19812 19847 W System.err: 	at sun.nio.ch.DatagramChannelImpl.send(DatagramChannelImpl.java:514)
11-07 11:29:17.754 19812 19847 W System.err: 	at symlab.CloudAR.network.TransmissionTask.run(TransmissionTask.java:124)
11-07 11:29:17.754 19812 19847 W System.err: 	at android.os.Handler.handleCallback(Handler.java:907)
11-07 11:29:17.754 19812 19847 W System.err: 	at android.os.Handler.dispatchMessage(Handler.java:105)
11-07 11:29:17.754 19812 19847 W System.err: 	at android.os.Looper.loop(Looper.java:216)
11-07 11:29:17.754 19812 19847 W System.err: 	at android.os.HandlerThread.run(HandlerThread.java:65)
11-07 11:29:17.779 19812 19847 W System.err: java.net.SocketException: Message too long
11-07 11:29:17.779 19812 19847 W System.err: 	at sun.nio.ch.DatagramChannelImpl.send0(Native Method)
11-07 11:29:17.779 19812 19847 W System.err: 	at sun.nio.ch.DatagramChannelImpl.sendFromNativeBuffer(DatagramChannelImpl.java:573)
11-07 11:29:17.779 19812 19847 W System.err: 	at sun.nio.ch.DatagramChannelImpl.send(DatagramChannelImpl.java:550)
11-07 11:29:17.779 19812 19847 W System.err: 	at sun.nio.ch.DatagramChannelImpl.send(DatagramChannelImpl.java:514)
11-07 11:29:17.779 19812 19847 W System.err: 	at symlab.CloudAR.network.TransmissionTask.run(TransmissionTask.java:124)
11-07 11:29:17.779 19812 19847 W System.err: 	at android.os.Handler.handleCallback(Handler.java:907)
11-07 11:29:17.779 19812 19847 W System.err: 	at android.os.Handler.dispatchMessage(Handler.java:105)
11-07 11:29:17.779 19812 19847 W System.err: 	at android.os.Looper.loop(Looper.java:216)
11-07 11:29:17.779 19812 19847 W System.err: 	at android.os.HandlerThread.run(HandlerThread.java:65)
11-07 11:29:17.800 19812 19847 W System.err: java.net.SocketException: Message too long
11-07 11:29:17.800 19812 19847 W System.err: 	at sun.nio.ch.DatagramChannelImpl.send0(Native Method)
11-07 11:29:17.800 19812 19847 W System.err: 	at sun.nio.ch.DatagramChannelImpl.sendFromNativeBuffer(DatagramChannelImpl.java:573)
11-07 11:29:17.800 19812 19847 W System.err: 	at sun.nio.ch.DatagramChannelImpl.send(DatagramChannelImpl.java:550)
11-07 11:29:17.800 19812 19847 W System.err: 	at sun.nio.ch.DatagramChannelImpl.send(DatagramChannelImpl.java:514)
11-07 11:29:17.800 19812 19847 W System.err: 	at symlab.CloudAR.network.TransmissionTask.run(TransmissionTask.java:124)
11-07 11:29:17.800 19812 19847 W System.err: 	at android.os.Handler.handleCallback(Handler.java:907)
11-07 11:29:17.800 19812 19847 W System.err: 	at android.os.Handler.dispatchMessage(Handler.java:105)
11-07 11:29:17.800 19812 19847 W System.err: 	at android.os.Looper.loop(Looper.java:216)
11-07 11:29:17.800 19812 19847 W System.err: 	at android.os.HandlerThread.run(HandlerThread.java:65)
11-07 11:29:17.839 19812 19847 W System.err: java.net.SocketException: Message too long
11-07 11:29:17.839 19812 19847 W System.err: 	at sun.nio.ch.DatagramChannelImpl.send0(Native Method)
11-07 11:29:17.839 19812 19847 W System.err: 	at sun.nio.ch.DatagramChannelImpl.sendFromNativeBuffer(DatagramChannelImpl.java:573)
11-07 11:29:17.839 19812 19847 W System.err: 	at sun.nio.ch.DatagramChannelImpl.send(DatagramChannelImpl.java:550)
11-07 11:29:17.839 19812 19847 W System.err: 	at sun.nio.ch.DatagramChannelImpl.send(DatagramChannelImpl.java:514)
11-07 11:29:17.840 19812 19847 W System.err: 	at symlab.CloudAR.network.TransmissionTask.run(TransmissionTask.java:124)
11-07 11:29:17.840 19812 19847 W System.err: 	at android.os.Handler.handleCallback(Handler.java:907)
11-07 11:29:17.840 19812 19847 W System.err: 	at android.os.Handler.dispatchMessage(Handler.java:105)
11-07 11:29:17.840 19812 19847 W System.err: 	at android.os.Looper.loop(Looper.java:216)
11-07 11:29:17.840 19812 19847 W System.err: 	at android.os.HandlerThread.run(HandlerThread.java:65)
11-07 11:29:17.864 19812 19847 W System.err: java.net.SocketException: Message too long
11-07 11:29:17.864 19812 19847 W System.err: 	at sun.nio.ch.DatagramChannelImpl.send0(Native Method)
11-07 11:29:17.864 19812 19847 W System.err: 	at sun.nio.ch.DatagramChannelImpl.sendFromNativeBuffer(DatagramChannelImpl.java:573)
11-07 11:29:17.864 19812 19847 W System.err: 	at sun.nio.ch.DatagramChannelImpl.send(DatagramChannelImpl.java:550)
11-07 11:29:17.864 19812 19847 W System.err: 	at sun.nio.ch.DatagramChannelImpl.send(DatagramChannelImpl.java:514)
11-07 11:29:17.864 19812 19847 W System.err: 	at symlab.CloudAR.network.TransmissionTask.run(TransmissionTask.java:124)
11-07 11:29:17.864 19812 19847 W System.err: 	at android.os.Handler.handleCallback(Handler.java:907)
11-07 11:29:17.864 19812 19847 W System.err: 	at android.os.Handler.dispatchMessage(Handler.java:105)
11-07 11:29:17.864 19812 19847 W System.err: 	at android.os.Looper.loop(Looper.java:216)
11-07 11:29:17.864 19812 19847 W System.err: 	at android.os.HandlerThread.run(HandlerThread.java:65)
11-07 11:29:17.903 19812 19847 W System.err: java.net.SocketException: Message too long
11-07 11:29:17.903 19812 19847 W System.err: 	at sun.nio.ch.DatagramChannelImpl.send0(Native Method)
11-07 11:29:17.903 19812 19847 W System.err: 	at sun.nio.ch.DatagramChannelImpl.sendFromNativeBuffer(DatagramChannelImpl.java:573)
11-07 11:29:17.903 19812 19847 W System.err: 	at sun.nio.ch.DatagramChannelImpl.send(DatagramChannelImpl.java:550)
11-07 11:29:17.903 19812 19847 W System.err: 	at sun.nio.ch.DatagramChannelImpl.send(DatagramChannelImpl.java:514)
11-07 11:29:17.903 19812 19847 W System.err: 	at symlab.CloudAR.network.TransmissionTask.run(TransmissionTask.java:124)
11-07 11:29:17.903 19812 19847 W System.err: 	at android.os.Handler.handleCallback(Handler.java:907)
11-07 11:29:17.903 19812 19847 W System.err: 	at android.os.Handler.dispatchMessage(Handler.java:105)
11-07 11:29:17.903 19812 19847 W System.err: 	at android.os.Looper.loop(Looper.java:216)
11-07 11:29:17.903 19812 19847 W System.err: 	at android.os.HandlerThread.run(HandlerThread.java:65)
11-07 11:29:17.946 19812 19847 W System.err: java.net.SocketException: Message too long
11-07 11:29:17.946 19812 19847 W System.err: 	at sun.nio.ch.DatagramChannelImpl.send0(Native Method)
11-07 11:29:17.946 19812 19847 W System.err: 	at sun.nio.ch.DatagramChannelImpl.sendFromNativeBuffer(DatagramChannelImpl.java:573)
11-07 11:29:17.946 19812 19847 W System.err: 	at sun.nio.ch.DatagramChannelImpl.send(DatagramChannelImpl.java:550)
11-07 11:29:17.946 19812 19847 W System.err: 	at sun.nio.ch.DatagramChannelImpl.send(DatagramChannelImpl.java:514)
11-07 11:29:17.946 19812 19847 W System.err: 	at symlab.CloudAR.network.TransmissionTask.run(TransmissionTask.java:124)
11-07 11:29:17.946 19812 19847 W System.err: 	at android.os.Handler.handleCallback(Handler.java:907)
11-07 11:29:17.946 19812 19847 W System.err: 	at android.os.Handler.dispatchMessage(Handler.java:105)
11-07 11:29:17.946 19812 19847 W System.err: 	at android.os.Looper.loop(Looper.java:216)
11-07 11:29:17.946 19812 19847 W System.err: 	at android.os.HandlerThread.run(HandlerThread.java:65)
11-07 11:29:17.986 19812 19847 W System.err: java.net.SocketException: Message too long
11-07 11:29:17.986 19812 19847 W System.err: 	at sun.nio.ch.DatagramChannelImpl.send0(Native Method)
11-07 11:29:17.986 19812 19847 W System.err: 	at sun.nio.ch.DatagramChannelImpl.sendFromNativeBuffer(DatagramChannelImpl.java:573)
11-07 11:29:17.986 19812 19847 W System.err: 	at sun.nio.ch.DatagramChannelImpl.send(DatagramChannelImpl.java:550)
11-07 11:29:17.986 19812 19847 W System.err: 	at sun.nio.ch.DatagramChannelImpl.send(DatagramChannelImpl.java:514)
11-07 11:29:17.986 19812 19847 W System.err: 	at symlab.CloudAR.network.TransmissionTask.run(TransmissionTask.java:124)
11-07 11:29:17.986 19812 19847 W System.err: 	at android.os.Handler.handleCallback(Handler.java:907)
11-07 11:29:17.986 19812 19847 W System.err: 	at android.os.Handler.dispatchMessage(Handler.java:105)
11-07 11:29:17.986 19812 19847 W System.err: 	at android.os.Looper.loop(Looper.java:216)
11-07 11:29:17.986 19812 19847 W System.err: 	at android.os.HandlerThread.run(HandlerThread.java:65)
11-07 11:29:18.006 19812 19847 W System.err: java.net.SocketException: Message too long
11-07 11:29:18.006 19812 19847 W System.err: 	at sun.nio.ch.DatagramChannelImpl.send0(Native Method)
11-07 11:29:18.006 19812 19847 W System.err: 	at sun.nio.ch.DatagramChannelImpl.sendFromNativeBuffer(DatagramChannelImpl.java:573)
11-07 11:29:18.006 19812 19847 W System.err: 	at sun.nio.ch.DatagramChannelImpl.send(DatagramChannelImpl.java:550)
11-07 11:29:18.006 19812 19847 W System.err: 	at sun.nio.ch.DatagramChannelImpl.send(DatagramChannelImpl.java:514)
11-07 11:29:18.006 19812 19847 W System.err: 	at symlab.CloudAR.network.TransmissionTask.run(TransmissionTask.java:124)
11-07 11:29:18.006 19812 19847 W System.err: 	at android.os.Handler.handleCallback(Handler.java:907)
11-07 11:29:18.006 19812 19847 W System.err: 	at android.os.Handler.dispatchMessage(Handler.java:105)
11-07 11:29:18.006 19812 19847 W System.err: 	at android.os.Looper.loop(Looper.java:216)
11-07 11:29:18.006 19812 19847 W System.err: 	at android.os.HandlerThread.run(HandlerThread.java:65)
11-07 11:29:18.040 19812 19847 W System.err: java.net.SocketException: Message too long
11-07 11:29:18.040 19812 19847 W System.err: 	at sun.nio.ch.DatagramChannelImpl.send0(Native Method)
11-07 11:29:18.040 19812 19847 W System.err: 	at sun.nio.ch.DatagramChannelImpl.sendFromNativeBuffer(DatagramChannelImpl.java:573)
11-07 11:29:18.040 19812 19847 W System.err: 	at sun.nio.ch.DatagramChannelImpl.send(DatagramChannelImpl.java:550)
11-07 11:29:18.040 19812 19847 W System.err: 	at sun.nio.ch.DatagramChannelImpl.send(DatagramChannelImpl.java:514)
11-07 11:29:18.040 19812 19847 W System.err: 	at symlab.CloudAR.network.TransmissionTask.run(TransmissionTask.java:124)
11-07 11:29:18.040 19812 19847 W System.err: 	at android.os.Handler.handleCallback(Handler.java:907)
11-07 11:29:18.040 19812 19847 W System.err: 	at android.os.Handler.dispatchMessage(Handler.java:105)
11-07 11:29:18.040 19812 19847 W System.err: 	at android.os.Looper.loop(Looper.java:216)
11-07 11:29:18.040 19812 19847 W System.err: 	at android.os.HandlerThread.run(HandlerThread.java:65)
11-07 11:29:18.078 19812 19847 W System.err: java.net.SocketException: Message too long
11-07 11:29:18.078 19812 19847 W System.err: 	at sun.nio.ch.DatagramChannelImpl.send0(Native Method)
11-07 11:29:18.078 19812 19847 W System.err: 	at sun.nio.ch.DatagramChannelImpl.sendFromNativeBuffer(DatagramChannelImpl.java:573)
11-07 11:29:18.078 19812 19847 W System.err: 	at sun.nio.ch.DatagramChannelImpl.send(DatagramChannelImpl.java:550)
11-07 11:29:18.078 19812 19847 W System.err: 	at sun.nio.ch.DatagramChannelImpl.send(DatagramChannelImpl.java:514)
11-07 11:29:18.078 19812 19847 W System.err: 	at symlab.CloudAR.network.TransmissionTask.run(TransmissionTask.java:124)
11-07 11:29:18.078 19812 19847 W System.err: 	at android.os.Handler.handleCallback(Handler.java:907)
11-07 11:29:18.078 19812 19847 W System.err: 	at android.os.Handler.dispatchMessage(Handler.java:105)
11-07 11:29:18.078 19812 19847 W System.err: 	at android.os.Looper.loop(Looper.java:216)
11-07 11:29:18.078 19812 19847 W System.err: 	at android.os.HandlerThread.run(HandlerThread.java:65)
11-07 11:29:18.097 19812 19847 W System.err: java.net.SocketException: Message too long
11-07 11:29:18.098 19812 19847 W System.err: 	at sun.nio.ch.DatagramChannelImpl.send0(Native Method)
11-07 11:29:18.098 19812 19847 W System.err: 	at sun.nio.ch.DatagramChannelImpl.sendFromNativeBuffer(DatagramChannelImpl.java:573)
11-07 11:29:18.098 19812 19847 W System.err: 	at sun.nio.ch.DatagramChannelImpl.send(DatagramChannelImpl.java:550)
11-07 11:29:18.098 19812 19847 W System.err: 	at sun.nio.ch.DatagramChannelImpl.send(DatagramChannelImpl.java:514)
11-07 11:29:18.098 19812 19847 W System.err: 	at symlab.CloudAR.network.TransmissionTask.run(TransmissionTask.java:124)
11-07 11:29:18.098 19812 19847 W System.err: 	at android.os.Handler.handleCallback(Handler.java:907)
11-07 11:29:18.098 19812 19847 W System.err: 	at android.os.Handler.dispatchMessage(Handler.java:105)
11-07 11:29:18.098 19812 19847 W System.err: 	at android.os.Looper.loop(Looper.java:216)
11-07 11:29:18.098 19812 19847 W System.err: 	at android.os.HandlerThread.run(HandlerThread.java:65)
11-07 11:29:18.141 19812 19847 W System.err: java.net.SocketException: Message too long
11-07 11:29:18.141 19812 19847 W System.err: 	at sun.nio.ch.DatagramChannelImpl.send0(Native Method)
11-07 11:29:18.141 19812 19847 W System.err: 	at sun.nio.ch.DatagramChannelImpl.sendFromNativeBuffer(DatagramChannelImpl.java:573)
11-07 11:29:18.141 19812 19847 W System.err: 	at sun.nio.ch.DatagramChannelImpl.send(DatagramChannelImpl.java:550)
11-07 11:29:18.141 19812 19847 W System.err: 	at sun.nio.ch.DatagramChannelImpl.send(DatagramChannelImpl.java:514)
11-07 11:29:18.141 19812 19847 W System.err: 	at symlab.CloudAR.network.TransmissionTask.run(TransmissionTask.java:124)
11-07 11:29:18.141 19812 19847 W System.err: 	at android.os.Handler.handleCallback(Handler.java:907)
11-07 11:29:18.141 19812 19847 W System.err: 	at android.os.Handler.dispatchMessage(Handler.java:105)
11-07 11:29:18.141 19812 19847 W System.err: 	at android.os.Looper.loop(Looper.java:216)
11-07 11:29:18.141 19812 19847 W System.err: 	at android.os.HandlerThread.run(HandlerThread.java:65)
11-07 11:29:18.170 19812 19847 W System.err: java.net.SocketException: Message too long
11-07 11:29:18.170 19812 19847 W System.err: 	at sun.nio.ch.DatagramChannelImpl.send0(Native Method)
11-07 11:29:18.171 19812 19847 W System.err: 	at sun.nio.ch.DatagramChannelImpl.sendFromNativeBuffer(DatagramChannelImpl.java:573)
11-07 11:29:18.171 19812 19847 W System.err: 	at sun.nio.ch.DatagramChannelImpl.send(DatagramChannelImpl.java:550)
11-07 11:29:18.171 19812 19847 W System.err: 	at sun.nio.ch.DatagramChannelImpl.send(DatagramChannelImpl.java:514)
11-07 11:29:18.171 19812 19847 W System.err: 	at symlab.CloudAR.network.TransmissionTask.run(TransmissionTask.java:124)
11-07 11:29:18.171 19812 19847 W System.err: 	at android.os.Handler.handleCallback(Handler.java:907)
11-07 11:29:18.171 19812 19847 W System.err: 	at android.os.Handler.dispatchMessage(Handler.java:105)
11-07 11:29:18.171 19812 19847 W System.err: 	at android.os.Looper.loop(Looper.java:216)
11-07 11:29:18.171 19812 19847 W System.err: 	at android.os.HandlerThread.run(HandlerThread.java:65)
11-07 11:29:18.212 19812 19847 W System.err: java.net.SocketException: Message too long
11-07 11:29:18.212 19812 19847 W System.err: 	at sun.nio.ch.DatagramChannelImpl.send0(Native Method)
11-07 11:29:18.212 19812 19847 W System.err: 	at sun.nio.ch.DatagramChannelImpl.sendFromNativeBuffer(DatagramChannelImpl.java:573)
11-07 11:29:18.212 19812 19847 W System.err: 	at sun.nio.ch.DatagramChannelImpl.send(DatagramChannelImpl.java:550)
11-07 11:29:18.212 19812 19847 W System.err: 	at sun.nio.ch.DatagramChannelImpl.send(DatagramChannelImpl.java:514)
11-07 11:29:18.212 19812 19847 W System.err: 	at symlab.CloudAR.network.TransmissionTask.run(TransmissionTask.java:124)
11-07 11:29:18.212 19812 19847 W System.err: 	at android.os.Handler.handleCallback(Handler.java:907)
11-07 11:29:18.212 19812 19847 W System.err: 	at android.os.Handler.dispatchMessage(Handler.java:105)
11-07 11:29:18.212 19812 19847 W System.err: 	at android.os.Looper.loop(Looper.java:216)
11-07 11:29:18.212 19812 19847 W System.err: 	at android.os.HandlerThread.run(HandlerThread.java:65)
11-07 11:29:18.288 19812 19847 D Evaluation: Frame 163 sent at 1573118958288
11-07 11:29:18.311 19812 19847 D Evaluation: Frame 164 sent at 1573118958311
11-07 11:29:18.335 19812 19847 D Evaluation: Frame 165 sent at 1573118958335
11-07 11:29:18.389 19812 19847 W System.err: java.net.SocketException: Message too long
11-07 11:29:18.389 19812 19847 W System.err: 	at sun.nio.ch.DatagramChannelImpl.send0(Native Method)
11-07 11:29:18.389 19812 19847 W System.err: 	at sun.nio.ch.DatagramChannelImpl.sendFromNativeBuffer(DatagramChannelImpl.java:573)
11-07 11:29:18.389 19812 19847 W System.err: 	at sun.nio.ch.DatagramChannelImpl.send(DatagramChannelImpl.java:550)
11-07 11:29:18.389 19812 19847 W System.err: 	at sun.nio.ch.DatagramChannelImpl.send(DatagramChannelImpl.java:514)
11-07 11:29:18.389 19812 19847 W System.err: 	at symlab.CloudAR.network.TransmissionTask.run(TransmissionTask.java:124)
11-07 11:29:18.389 19812 19847 W System.err: 	at android.os.Handler.handleCallback(Handler.java:907)
11-07 11:29:18.389 19812 19847 W System.err: 	at android.os.Handler.dispatchMessage(Handler.java:105)
11-07 11:29:18.389 19812 19847 W System.err: 	at android.os.Looper.loop(Looper.java:216)
11-07 11:29:18.389 19812 19847 W System.err: 	at android.os.HandlerThread.run(HandlerThread.java:65)
11-07 11:29:18.410 19812 19847 W System.err: java.net.SocketException: Message too long
11-07 11:29:18.410 19812 19847 W System.err: 	at sun.nio.ch.DatagramChannelImpl.send0(Native Method)
11-07 11:29:18.410 19812 19847 W System.err: 	at sun.nio.ch.DatagramChannelImpl.sendFromNativeBuffer(DatagramChannelImpl.java:573)
11-07 11:29:18.410 19812 19847 W System.err: 	at sun.nio.ch.DatagramChannelImpl.send(DatagramChannelImpl.java:550)
11-07 11:29:18.410 19812 19847 W System.err: 	at sun.nio.ch.DatagramChannelImpl.send(DatagramChannelImpl.java:514)
11-07 11:29:18.410 19812 19847 W System.err: 	at symlab.CloudAR.network.TransmissionTask.run(TransmissionTask.java:124)
11-07 11:29:18.410 19812 19847 W System.err: 	at android.os.Handler.handleCallback(Handler.java:907)
11-07 11:29:18.410 19812 19847 W System.err: 	at android.os.Handler.dispatchMessage(Handler.java:105)
11-07 11:29:18.410 19812 19847 W System.err: 	at android.os.Looper.loop(Looper.java:216)
11-07 11:29:18.410 19812 19847 W System.err: 	at android.os.HandlerThread.run(HandlerThread.java:65)
11-07 11:29:18.446 19812 19847 W System.err: java.net.SocketException: Message too long
11-07 11:29:18.446 19812 19847 W System.err: 	at sun.nio.ch.DatagramChannelImpl.send0(Native Method)
11-07 11:29:18.446 19812 19847 W System.err: 	at sun.nio.ch.DatagramChannelImpl.sendFromNativeBuffer(DatagramChannelImpl.java:573)
11-07 11:29:18.446 19812 19847 W System.err: 	at sun.nio.ch.DatagramChannelImpl.send(DatagramChannelImpl.java:550)
11-07 11:29:18.446 19812 19847 W System.err: 	at sun.nio.ch.DatagramChannelImpl.send(DatagramChannelImpl.java:514)
11-07 11:29:18.446 19812 19847 W System.err: 	at symlab.CloudAR.network.TransmissionTask.run(TransmissionTask.java:124)
11-07 11:29:18.446 19812 19847 W System.err: 	at android.os.Handler.handleCallback(Handler.java:907)
11-07 11:29:18.446 19812 19847 W System.err: 	at android.os.Handler.dispatchMessage(Handler.java:105)
11-07 11:29:18.446 19812 19847 W System.err: 	at android.os.Looper.loop(Looper.java:216)
11-07 11:29:18.446 19812 19847 W System.err: 	at android.os.HandlerThread.run(HandlerThread.java:65)
11-07 11:29:18.462 19812 19812 D Poster  : At 1573118958462 location is 65.05736408808706 (latitude), and 25.469497990752217 (longitude)
11-07 11:29:18.464 19812 19812 D Poster  : Connected to mobile network 20
11-07 11:29:18.473 19812 19847 W System.err: java.net.SocketException: Message too long
11-07 11:29:18.473 19812 19847 W System.err: 	at sun.nio.ch.DatagramChannelImpl.send0(Native Method)
11-07 11:29:18.473 19812 19847 W System.err: 	at sun.nio.ch.DatagramChannelImpl.sendFromNativeBuffer(DatagramChannelImpl.java:573)
11-07 11:29:18.473 19812 19847 W System.err: 	at sun.nio.ch.DatagramChannelImpl.send(DatagramChannelImpl.java:550)
11-07 11:29:18.473 19812 19847 W System.err: 	at sun.nio.ch.DatagramChannelImpl.send(DatagramChannelImpl.java:514)
11-07 11:29:18.473 19812 19847 W System.err: 	at symlab.CloudAR.network.TransmissionTask.run(TransmissionTask.java:124)
11-07 11:29:18.473 19812 19847 W System.err: 	at android.os.Handler.handleCallback(Handler.java:907)
11-07 11:29:18.473 19812 19847 W System.err: 	at android.os.Handler.dispatchMessage(Handler.java:105)
11-07 11:29:18.473 19812 19847 W System.err: 	at android.os.Looper.loop(Looper.java:216)
11-07 11:29:18.473 19812 19847 W System.err: 	at android.os.HandlerThread.run(HandlerThread.java:65)
11-07 11:29:18.512 19812 19847 W System.err: java.net.SocketException: Message too long
11-07 11:29:18.512 19812 19847 W System.err: 	at sun.nio.ch.DatagramChannelImpl.send0(Native Method)
11-07 11:29:18.512 19812 19847 W System.err: 	at sun.nio.ch.DatagramChannelImpl.sendFromNativeBuffer(DatagramChannelImpl.java:573)
11-07 11:29:18.512 19812 19847 W System.err: 	at sun.nio.ch.DatagramChannelImpl.send(DatagramChannelImpl.java:550)
11-07 11:29:18.512 19812 19847 W System.err: 	at sun.nio.ch.DatagramChannelImpl.send(DatagramChannelImpl.java:514)
11-07 11:29:18.512 19812 19847 W System.err: 	at symlab.CloudAR.network.TransmissionTask.run(TransmissionTask.java:124)
11-07 11:29:18.512 19812 19847 W System.err: 	at android.os.Handler.handleCallback(Handler.java:907)
11-07 11:29:18.512 19812 19847 W System.err: 	at android.os.Handler.dispatchMessage(Handler.java:105)
11-07 11:29:18.512 19812 19847 W System.err: 	at android.os.Looper.loop(Looper.java:216)
11-07 11:29:18.512 19812 19847 W System.err: 	at android.os.HandlerThread.run(HandlerThread.java:65)
11-07 11:29:18.548 19812 19847 W System.err: java.net.SocketException: Message too long
11-07 11:29:18.548 19812 19847 W System.err: 	at sun.nio.ch.DatagramChannelImpl.send0(Native Method)
11-07 11:29:18.548 19812 19847 W System.err: 	at sun.nio.ch.DatagramChannelImpl.sendFromNativeBuffer(DatagramChannelImpl.java:573)
11-07 11:29:18.548 19812 19847 W System.err: 	at sun.nio.ch.DatagramChannelImpl.send(DatagramChannelImpl.java:550)
11-07 11:29:18.548 19812 19847 W System.err: 	at sun.nio.ch.DatagramChannelImpl.send(DatagramChannelImpl.java:514)
11-07 11:29:18.548 19812 19847 W System.err: 	at symlab.CloudAR.network.TransmissionTask.run(TransmissionTask.java:124)
11-07 11:29:18.548 19812 19847 W System.err: 	at android.os.Handler.handleCallback(Handler.java:907)
11-07 11:29:18.548 19812 19847 W System.err: 	at android.os.Handler.dispatchMessage(Handler.java:105)
11-07 11:29:18.548 19812 19847 W System.err: 	at android.os.Looper.loop(Looper.java:216)
11-07 11:29:18.548 19812 19847 W System.err: 	at android.os.HandlerThread.run(HandlerThread.java:65)
11-07 11:29:18.571 19812 19847 W System.err: java.net.SocketException: Message too long
11-07 11:29:18.571 19812 19847 W System.err: 	at sun.nio.ch.DatagramChannelImpl.send0(Native Method)
11-07 11:29:18.571 19812 19847 W System.err: 	at sun.nio.ch.DatagramChannelImpl.sendFromNativeBuffer(DatagramChannelImpl.java:573)
11-07 11:29:18.571 19812 19847 W System.err: 	at sun.nio.ch.DatagramChannelImpl.send(DatagramChannelImpl.java:550)
11-07 11:29:18.572 19812 19847 W System.err: 	at sun.nio.ch.DatagramChannelImpl.send(DatagramChannelImpl.java:514)
11-07 11:29:18.572 19812 19847 W System.err: 	at symlab.CloudAR.network.TransmissionTask.run(TransmissionTask.java:124)
11-07 11:29:18.572 19812 19847 W System.err: 	at android.os.Handler.handleCallback(Handler.java:907)
11-07 11:29:18.572 19812 19847 W System.err: 	at android.os.Handler.dispatchMessage(Handler.java:105)
11-07 11:29:18.572 19812 19847 W System.err: 	at android.os.Looper.loop(Looper.java:216)
11-07 11:29:18.572 19812 19847 W System.err: 	at android.os.HandlerThread.run(HandlerThread.java:65)
11-07 11:29:18.613 19812 19847 D Evaluation: Frame 173 sent at 1573118958613
11-07 11:29:18.614 19812 19847 D Evaluation: 0 res for frame 163 received at 1573118958614
11-07 11:29:18.655 19812 19823 E         : [ZeroHung]zrhung_get_config: Get config failed for wp[0x0008]
11-07 11:29:18.656 19812 19847 D Evaluation: Frame 175 sent at 1573118958656
11-07 11:29:18.680 19812 19821 W System  : A resource failed to call close. 
11-07 11:29:18.680 19812 19821 W System  : A resource failed to call close. 
11-07 11:29:18.682 19812 19847 D Evaluation: Frame 175 sent at 1573118958682
11-07 11:29:18.713 19812 19847 D Evaluation: Frame 176 sent at 1573118958713
11-07 11:29:18.741 19812 19847 D Evaluation: Frame 177 sent at 1573118958741
11-07 11:29:18.782 19812 19847 D Evaluation: Frame 178 sent at 1573118958782
11-07 11:29:18.806 19812 19847 D Evaluation: Frame 179 sent at 1573118958806
11-07 11:29:18.807 19812 19847 D Evaluation: 0 res for frame 164 received at 1573118958807
11-07 11:29:18.847 19812 19847 D Evaluation: Frame 180 sent at 1573118958847
11-07 11:29:18.871 19812 19847 D Evaluation: Frame 181 sent at 1573118958871
11-07 11:29:18.915 19812 19847 D Evaluation: Frame 182 sent at 1573118958915
11-07 11:29:18.956 19812 19847 D Evaluation: Frame 183 sent at 1573118958956
11-07 11:29:18.989 19812 19847 D Evaluation: Frame 185 sent at 1573118958989
11-07 11:29:19.012 19812 19847 D Evaluation: Frame 185 sent at 1573118959012
11-07 11:29:19.048 19812 19847 D Evaluation: Frame 186 sent at 1573118959048
11-07 11:29:19.083 19812 19847 D Evaluation: Frame 187 sent at 1573118959083
11-07 11:29:19.084 19812 19847 D Evaluation: 0 res for frame 173 received at 1573118959084
11-07 11:29:19.112 19812 19847 D Evaluation: Frame 188 sent at 1573118959112
11-07 11:29:19.153 19812 19847 D Evaluation: Frame 189 sent at 1573118959153
11-07 11:29:19.183 19812 19847 D Evaluation: Frame 190 sent at 1573118959183
11-07 11:29:19.213 19812 19847 D Evaluation: Frame 191 sent at 1573118959213
11-07 11:29:19.248 19812 19847 D Evaluation: Frame 192 sent at 1573118959248
11-07 11:29:19.286 19812 19847 D Evaluation: Frame 193 sent at 1573118959286
11-07 11:29:19.315 19812 19847 D Evaluation: Frame 194 sent at 1573118959315
11-07 11:29:19.354 19812 19847 D Evaluation: Frame 195 sent at 1573118959354
11-07 11:29:19.387 19812 19847 D Evaluation: Frame 196 sent at 1573118959387
11-07 11:29:19.410 19812 19847 D Evaluation: Frame 197 sent at 1573118959410
11-07 11:29:19.450 19812 19847 D Evaluation: Frame 198 sent at 1573118959450
11-07 11:29:19.475 19812 19812 D Poster  : At 1573118959475 location is 65.05736800894066 (latitude), and 25.469459341351893 (longitude)
11-07 11:29:19.478 19812 19812 D Poster  : Connected to mobile network 20
11-07 11:29:19.484 19812 19847 D Evaluation: Frame 199 sent at 1573118959484
11-07 11:29:19.511 19812 19847 D Evaluation: Frame 200 sent at 1573118959511
11-07 11:29:19.548 19812 19847 D Evaluation: Frame 201 sent at 1573118959548
11-07 11:29:19.578 19812 19847 D Evaluation: Frame 202 sent at 1573118959578
11-07 11:29:19.625 19812 19847 D Evaluation: Frame 203 sent at 1573118959625
11-07 11:29:19.649 19812 19847 D Evaluation: Frame 204 sent at 1573118959649
11-07 11:29:19.677 19812 19847 D Evaluation: Frame 205 sent at 1573118959677
11-07 11:29:19.732 19812 19847 D Evaluation: Frame 206 sent at 1573118959732
11-07 11:29:19.760 19812 19847 D Evaluation: Frame 207 sent at 1573118959760
11-07 11:29:19.788 19812 19847 D Evaluation: Frame 208 sent at 1573118959788
11-07 11:29:19.825 19812 19823 E         : [ZeroHung]zrhung_get_config: Get config failed for wp[0x0008]
11-07 11:29:19.826 19812 19847 D Evaluation: Frame 209 sent at 1573118959826
11-07 11:29:19.855 19812 19847 D Evaluation: Frame 210 sent at 1573118959854
11-07 11:29:19.856 19812 19821 W System  : A resource failed to call close. 
11-07 11:29:19.856 19812 19821 I chatty  : uid=10149(symlab.cloudridar.arhud) FinalizerDaemon identical 2 lines
11-07 11:29:19.856 19812 19821 W System  : A resource failed to call close. 
11-07 11:29:19.889 19812 19847 D Evaluation: Frame 212 sent at 1573118959889
11-07 11:29:19.910 19812 19847 D Evaluation: Frame 212 sent at 1573118959910
11-07 11:29:19.953 19812 19847 D Evaluation: Frame 213 sent at 1573118959953
11-07 11:29:19.980 19812 19847 D Evaluation: Frame 214 sent at 1573118959980
11-07 11:29:20.031 19812 19847 D Evaluation: Frame 216 sent at 1573118960031
11-07 11:29:20.051 19812 19847 D Evaluation: Frame 216 sent at 1573118960051
11-07 11:29:20.090 19812 19847 D Evaluation: Frame 217 sent at 1573118960090
11-07 11:29:20.123 19812 19847 D Evaluation: Frame 218 sent at 1573118960123
11-07 11:29:20.159 19812 19847 D Evaluation: Frame 219 sent at 1573118960159
11-07 11:29:20.191 19812 19847 D Evaluation: Frame 221 sent at 1573118960191
11-07 11:29:20.210 19812 19847 D Evaluation: Frame 221 sent at 1573118960210
11-07 11:29:20.240 19812 19847 D Evaluation: Frame 222 sent at 1573118960240
11-07 11:29:20.333 19812 19847 D Evaluation: Frame 223 sent at 1573118960333
11-07 11:29:20.365 19812 19847 D Evaluation: Frame 224 sent at 1573118960365
11-07 11:29:20.397 19812 19847 D Evaluation: Frame 225 sent at 1573118960397
11-07 11:29:20.427 19812 19847 D Evaluation: Frame 226 sent at 1573118960427
11-07 11:29:20.471 19812 19812 D Poster  : At 1573118960470 location is 65.05737568870136 (latitude), and 25.46942717922397 (longitude)
11-07 11:29:20.473 19812 19812 D Poster  : Connected to mobile network 20
11-07 11:29:20.518 19812 19847 D Evaluation: Frame 227 sent at 1573118960518
11-07 11:29:20.551 19812 19847 D Evaluation: Frame 228 sent at 1573118960551
11-07 11:29:20.584 19812 19847 D Evaluation: Frame 229 sent at 1573118960584
11-07 11:29:20.629 19812 19847 D Evaluation: Frame 230 sent at 1573118960629
11-07 11:29:20.667 19812 19847 D Evaluation: Frame 231 sent at 1573118960666
11-07 11:29:20.689 19812 19847 D Evaluation: Frame 232 sent at 1573118960689
11-07 11:29:20.715 19812 19847 D Evaluation: Frame 233 sent at 1573118960715
11-07 11:29:20.803 19812 19847 D Evaluation: Frame 234 sent at 1573118960803
11-07 11:29:20.840 19812 19847 D Evaluation: Frame 236 sent at 1573118960840
11-07 11:29:20.869 19812 19847 D Evaluation: Frame 236 sent at 1573118960869
11-07 11:29:20.897 19812 19847 D Evaluation: Frame 238 sent at 1573118960897
11-07 11:29:20.915 19812 19847 D Evaluation: Frame 238 sent at 1573118960915
11-07 11:29:20.959 19812 19847 D Evaluation: Frame 239 sent at 1573118960959
11-07 11:29:20.983 19812 19847 D Evaluation: Frame 240 sent at 1573118960983
11-07 11:29:21.029 19812 19847 D Evaluation: Frame 241 sent at 1573118961029
11-07 11:29:21.069 19812 19847 D Evaluation: Frame 242 sent at 1573118961069
11-07 11:29:21.145 19812 19847 W System.err: java.net.SocketException: Message too long
11-07 11:29:21.145 19812 19847 W System.err: 	at sun.nio.ch.DatagramChannelImpl.send0(Native Method)
11-07 11:29:21.145 19812 19847 W System.err: 	at sun.nio.ch.DatagramChannelImpl.sendFromNativeBuffer(DatagramChannelImpl.java:573)
11-07 11:29:21.145 19812 19847 W System.err: 	at sun.nio.ch.DatagramChannelImpl.send(DatagramChannelImpl.java:550)
11-07 11:29:21.145 19812 19847 W System.err: 	at sun.nio.ch.DatagramChannelImpl.send(DatagramChannelImpl.java:514)
11-07 11:29:21.146 19812 19847 W System.err: 	at symlab.CloudAR.network.TransmissionTask.run(TransmissionTask.java:124)
11-07 11:29:21.146 19812 19847 W System.err: 	at android.os.Handler.handleCallback(Handler.java:907)
11-07 11:29:21.146 19812 19847 W System.err: 	at android.os.Handler.dispatchMessage(Handler.java:105)
11-07 11:29:21.146 19812 19847 W System.err: 	at android.os.Looper.loop(Looper.java:216)
11-07 11:29:21.146 19812 19847 W System.err: 	at android.os.HandlerThread.run(HandlerThread.java:65)
11-07 11:29:21.171 19812 19823 E         : [ZeroHung]zrhung_get_config: Get config failed for wp[0x0008]
11-07 11:29:21.172 19812 19847 D Evaluation: Frame 244 sent at 1573118961172
11-07 11:29:21.204 19812 19847 D Evaluation: Frame 245 sent at 1573118961204
11-07 11:29:21.229 19812 19847 D Evaluation: Frame 246 sent at 1573118961229
11-07 11:29:21.253 19812 19847 D Evaluation: Frame 247 sent at 1573118961253
11-07 11:29:21.293 19812 19847 D Evaluation: Frame 248 sent at 1573118961293
11-07 11:29:21.327 19812 19847 D Evaluation: Frame 249 sent at 1573118961327
11-07 11:29:21.375 19812 19847 D Evaluation: Frame 250 sent at 1573118961375
11-07 11:29:21.405 19812 19847 D Evaluation: Frame 252 sent at 1573118961405
11-07 11:29:21.429 19812 19847 D Evaluation: Frame 252 sent at 1573118961429
11-07 11:29:21.467 19812 19812 D Poster  : At 1573118961467 location is 65.05738775242142 (latitude), and 25.46939009472021 (longitude)
