11-06 13:15:18.838 13017 13054 D Evaluation: Frame 511 sent at 1573038918838
11-06 13:15:18.869 13017 13054 D Evaluation: Frame 512 sent at 1573038918869
11-06 13:15:18.898 13017 13054 D Evaluation: Frame 513 sent at 1573038918898
11-06 13:15:18.926 13017 13054 D Evaluation: Frame 514 sent at 1573038918926
11-06 13:15:18.960 13017 13054 D Evaluation: Frame 515 sent at 1573038918960
11-06 13:15:19.005 13017 13054 D Evaluation: Frame 516 sent at 1573038919005
11-06 13:15:19.038 13017 13054 D Evaluation: Frame 517 sent at 1573038919038
11-06 13:15:19.073 13017 13054 D Evaluation: Frame 518 sent at 1573038919073
11-06 13:15:19.100 13017 13054 D Evaluation: Frame 519 sent at 1573038919100
11-06 13:15:19.185 13017 13054 D Evaluation: Frame 520 sent at 1573038919185
11-06 13:15:19.210 13017 13054 D Evaluation: Frame 521 sent at 1573038919210
11-06 13:15:19.237 13017 13054 D Evaluation: Frame 522 sent at 1573038919237
11-06 13:15:19.260 13017 13054 D Evaluation: Frame 523 sent at 1573038919260
11-06 13:15:19.304 13017 13054 D Evaluation: Frame 524 sent at 1573038919304
11-06 13:15:19.338 13017 13054 D Evaluation: Frame 525 sent at 1573038919338
11-06 13:15:19.366 13017 13054 D Evaluation: Frame 526 sent at 1573038919366
11-06 13:15:19.404 13017 13054 D Evaluation: Frame 527 sent at 1573038919404
11-06 13:15:19.437 13017 13054 D Evaluation: Frame 528 sent at 1573038919436
11-06 13:15:19.472 13017 13054 D Evaluation: Frame 529 sent at 1573038919472
11-06 13:15:19.507 13017 13054 D Evaluation: Frame 530 sent at 1573038919507
11-06 13:15:19.539 13017 13054 D Evaluation: Frame 531 sent at 1573038919539
11-06 13:15:19.585 13017 13017 D Poster  : At 1573038919585 location is 65.06007491019611 (latitude), and 25.464056423076215 (longitude)
11-06 13:15:19.588 13017 13017 D Poster  : Connected to mobile network 20
11-06 13:15:19.632 13017 13054 D Evaluation: Frame 533 sent at 1573038919632
11-06 13:15:19.653 13017 13054 D Evaluation: Frame 534 sent at 1573038919653
11-06 13:15:19.671 13017 13054 D Evaluation: Frame 534 sent at 1573038919671
11-06 13:15:19.706 13017 13054 D Evaluation: Frame 535 sent at 1573038919705
11-06 13:15:19.743 13017 13054 D Evaluation: Frame 536 sent at 1573038919743
11-06 13:15:19.771 13017 13054 D Evaluation: Frame 537 sent at 1573038919771
11-06 13:15:19.815 13017 13054 D Evaluation: Frame 538 sent at 1573038919814
11-06 13:15:19.849 13017 13054 D Evaluation: Frame 539 sent at 1573038919849
11-06 13:15:19.880 13017 13054 D Evaluation: Frame 540 sent at 1573038919880
11-06 13:15:19.911 13017 13054 D Evaluation: Frame 542 sent at 1573038919910
11-06 13:15:19.927 13017 13054 D Evaluation: Frame 542 sent at 1573038919927
11-06 13:15:19.968 13017 13054 D Evaluation: Frame 543 sent at 1573038919968
11-06 13:15:20.016 13017 13054 D Evaluation: Frame 544 sent at 1573038920016
11-06 13:15:20.040 13017 13054 D Evaluation: Frame 545 sent at 1573038920040
11-06 13:15:20.075 13017 13054 D Evaluation: Frame 546 sent at 1573038920075
11-06 13:15:20.116 13017 13054 D Evaluation: Frame 547 sent at 1573038920116
11-06 13:15:20.146 13017 13054 D Evaluation: Frame 548 sent at 1573038920145
11-06 13:15:20.225 13017 13054 D Evaluation: Frame 549 sent at 1573038920225
11-06 13:15:20.246 13017 13054 D Evaluation: Frame 550 sent at 1573038920246
11-06 13:15:20.265 13017 13054 D Evaluation: Frame 551 sent at 1573038920265
11-06 13:15:20.302 13017 13054 D Evaluation: Frame 552 sent at 1573038920302
11-06 13:15:20.337 13017 13054 D Evaluation: Frame 553 sent at 1573038920337
11-06 13:15:20.369 13017 13054 D Evaluation: Frame 554 sent at 1573038920369
11-06 13:15:20.405 13017 13054 D Evaluation: Frame 555 sent at 1573038920405
11-06 13:15:20.447 13017 13054 D Evaluation: Frame 556 sent at 1573038920447
11-06 13:15:20.475 13017 13054 D Evaluation: Frame 557 sent at 1573038920475
11-06 13:15:20.509 13017 13054 D Evaluation: Frame 558 sent at 1573038920509
11-06 13:15:20.543 13017 13054 D Evaluation: Frame 559 sent at 1573038920543
11-06 13:15:20.569 13017 13054 D Evaluation: Frame 560 sent at 1573038920569
11-06 13:15:20.576 13017 13017 D Poster  : At 1573038920576 location is 65.06007073807508 (latitude), and 25.464077323590637 (longitude)
11-06 13:15:20.579 13017 13017 D Poster  : Connected to mobile network 20
11-06 13:15:20.609 13017 13054 D Evaluation: Frame 561 sent at 1573038920609
11-06 13:15:20.634 13017 13054 D Evaluation: Frame 562 sent at 1573038920634
11-06 13:15:20.668 13017 13054 D Evaluation: Frame 563 sent at 1573038920668
11-06 13:15:20.703 13017 13054 D Evaluation: Frame 564 sent at 1573038920703
11-06 13:15:20.748 13017 13054 D Evaluation: Frame 565 sent at 1573038920747
11-06 13:15:20.783 13017 13054 D Evaluation: Frame 566 sent at 1573038920783
11-06 13:15:20.809 13017 13054 D Evaluation: Frame 567 sent at 1573038920809
11-06 13:15:20.887 13017 13054 D Evaluation: Frame 568 sent at 1573038920887
11-06 13:15:20.917 13017 13054 D Evaluation: Frame 569 sent at 1573038920917
11-06 13:15:20.948 13017 13054 D Evaluation: Frame 570 sent at 1573038920948
11-06 13:15:20.989 13017 13054 D Evaluation: Frame 571 sent at 1573038920989
11-06 13:15:21.021 13017 13054 D Evaluation: Frame 572 sent at 1573038921021
11-06 13:15:21.052 13017 13054 D Evaluation: Frame 573 sent at 1573038921052
11-06 13:15:21.085 13017 13054 D Evaluation: Frame 574 sent at 1573038921085
11-06 13:15:21.113 13017 13054 D Evaluation: Frame 575 sent at 1573038921113
11-06 13:15:21.150 13017 13054 D Evaluation: Frame 576 sent at 1573038921150
11-06 13:15:21.188 13017 13054 D Evaluation: Frame 577 sent at 1573038921188
11-06 13:15:21.217 13017 13054 D Evaluation: Frame 578 sent at 1573038921217
11-06 13:15:21.246 13017 13054 D Evaluation: Frame 579 sent at 1573038921246
11-06 13:15:21.270 13017 13054 D Evaluation: Frame 580 sent at 1573038921270
11-06 13:15:21.311 13017 13054 D Evaluation: Frame 581 sent at 1573038921311
11-06 13:15:21.450 13017 13054 D Evaluation: Frame 583 sent at 1573038921450
11-06 13:15:21.472 13017 13054 D Evaluation: Frame 583 sent at 1573038921472
11-06 13:15:21.525 13017 13054 D Evaluation: Frame 584 sent at 1573038921525
11-06 13:15:21.563 13017 13054 D Evaluation: Frame 585 sent at 1573038921563
11-06 13:15:21.591 13017 13017 D Poster  : At 1573038921591 location is 65.06006738937518 (latitude), and 25.46409568415785 (longitude)
11-06 13:15:21.592 13017 13054 D Evaluation: Frame 586 sent at 1573038921592
11-06 13:15:21.594 13017 13017 D Poster  : Connected to mobile network 20
11-06 13:15:21.629 13017 13054 D Evaluation: Frame 588 sent at 1573038921629
11-06 13:15:21.648 13017 13054 D Evaluation: Frame 588 sent at 1573038921648
11-06 13:15:21.685 13017 13054 D Evaluation: Frame 589 sent at 1573038921685
11-06 13:15:21.712 13017 13054 D Evaluation: Frame 590 sent at 1573038921712
11-06 13:15:21.761 13017 13054 D Evaluation: Frame 591 sent at 1573038921761
11-06 13:15:21.779 13017 13054 D Evaluation: Frame 592 sent at 1573038921779
11-06 13:15:21.815 13017 13054 D Evaluation: Frame 593 sent at 1573038921815
11-06 13:15:21.847 13017 13054 D Evaluation: Frame 594 sent at 1573038921847
11-06 13:15:21.915 13017 13054 D Evaluation: Frame 595 sent at 1573038921915
11-06 13:15:21.948 13017 13054 D Evaluation: Frame 596 sent at 1573038921948
11-06 13:15:21.982 13017 13054 D Evaluation: Frame 597 sent at 1573038921982
11-06 13:15:22.009 13017 13054 D Evaluation: Frame 598 sent at 1573038922008
11-06 13:15:22.049 13017 13028 E         : [ZeroHung]zrhung_get_config: Get config failed for wp[0x0008]
11-06 13:15:22.050 13017 13054 D Evaluation: Frame 599 sent at 1573038922050
11-06 13:15:22.072 13017 13017 W HiTouch_PressGestureDetector: Touch pointer move a lot. The moving distance of X is:23.83496, limit is:60The moving distance of Y is:79.30873, limit is:60
11-06 13:15:22.078 13017 13054 D Evaluation: Frame 600 sent at 1573038922078
11-06 13:15:22.106 13017 13054 D Evaluation: Frame 601 sent at 1573038922106
11-06 13:15:22.141 13017 13054 D Evaluation: Frame 602 sent at 1573038922141
11-06 13:15:22.173 13017 13054 D Evaluation: Frame 603 sent at 1573038922172
11-06 13:15:22.207 13017 13054 D Evaluation: Frame 604 sent at 1573038922207
11-06 13:15:22.242 13017 13054 D Evaluation: Frame 605 sent at 1573038922242
11-06 13:15:22.285 13017 13054 D Evaluation: Frame 606 sent at 1573038922285
11-06 13:15:22.316 13017 13054 D Evaluation: Frame 607 sent at 1573038922316
11-06 13:15:22.342 13017 13054 D Evaluation: Frame 608 sent at 1573038922342
11-06 13:15:22.379 13017 13054 D Evaluation: Frame 609 sent at 1573038922379
11-06 13:15:22.410 13017 13054 D Evaluation: Frame 610 sent at 1573038922410
11-06 13:15:22.444 13017 13054 D Evaluation: Frame 611 sent at 1573038922444
11-06 13:15:22.478 13017 13054 D Evaluation: Frame 612 sent at 1573038922478
11-06 13:15:22.520 13017 13054 D Evaluation: Frame 613 sent at 1573038922519
11-06 13:15:22.558 13017 13054 D Evaluation: Frame 614 sent at 1573038922558
11-06 13:15:22.579 13017 13017 D Poster  : At 1573038922579 location is 65.06003522996794 (latitude), and 25.464085518526144 (longitude)
11-06 13:15:22.581 13017 13017 D Poster  : Connected to mobile network 20
11-06 13:15:22.586 13017 13054 D Evaluation: Frame 615 sent at 1573038922586
11-06 13:15:22.612 13017 13054 D Evaluation: Frame 616 sent at 1573038922612
11-06 13:15:22.644 13017 13054 D Evaluation: Frame 617 sent at 1573038922644
11-06 13:15:22.676 13017 13054 D Evaluation: Frame 618 sent at 1573038922676
11-06 13:15:22.710 13017 13054 D Evaluation: Frame 619 sent at 1573038922710
11-06 13:15:22.743 13017 13054 D Evaluation: Frame 620 sent at 1573038922743
11-06 13:15:22.862 13017 13054 D Evaluation: Frame 621 sent at 1573038922862
11-06 13:15:22.888 13017 13054 D Evaluation: Frame 622 sent at 1573038922888
11-06 13:15:22.947 13017 13054 D Evaluation: Frame 623 sent at 1573038922947
11-06 13:15:22.981 13017 13054 D Evaluation: Frame 624 sent at 1573038922981
11-06 13:15:23.014 13017 13054 D Evaluation: Frame 625 sent at 1573038923014
11-06 13:15:23.049 13017 13054 D Evaluation: Frame 626 sent at 1573038923049
11-06 13:15:23.079 13017 13054 D Evaluation: Frame 627 sent at 1573038923079
11-06 13:15:23.118 13017 13054 D Evaluation: Frame 628 sent at 1573038923118
11-06 13:15:23.151 13017 13054 D Evaluation: Frame 629 sent at 1573038923151
11-06 13:15:23.181 13017 13054 D Evaluation: Frame 630 sent at 1573038923181
11-06 13:15:23.218 13017 13054 D Evaluation: Frame 631 sent at 1573038923218
11-06 13:15:23.250 13017 13054 D Evaluation: Frame 632 sent at 1573038923250
11-06 13:15:23.292 13017 13054 D Evaluation: Frame 633 sent at 1573038923292
11-06 13:15:23.326 13017 13054 D Evaluation: Frame 634 sent at 1573038923326
11-06 13:15:23.360 13017 13054 D Evaluation: Frame 635 sent at 1573038923360
11-06 13:15:23.394 13017 13054 D Evaluation: Frame 636 sent at 1573038923394
11-06 13:15:23.419 13017 13054 D Evaluation: Frame 637 sent at 1573038923418
11-06 13:15:23.451 13017 13054 D Evaluation: Frame 638 sent at 1573038923451
11-06 13:15:23.485 13017 13054 D Evaluation: Frame 639 sent at 1573038923485
11-06 13:15:23.517 13017 13054 D Evaluation: Frame 640 sent at 1573038923517
11-06 13:15:23.522 13017 13017 I HiTouch_HiTouchSensor: ORIENTATION_LANDSCAPE
11-06 13:15:23.522 13017 13017 D PhoneWindow: updateStyledWidth: CoordinationModeUtils is not foldable.
11-06 13:15:23.553 13017 13017 I Poster  :  surfaceChanged() called.
11-06 13:15:23.584 13017 13054 D Evaluation: Frame 641 sent at 1573038923584
11-06 13:15:23.584 13017 13017 D Poster  : At 1573038923584 location is 65.06001262729636 (latitude), and 25.46409730832099 (longitude)
11-06 13:15:23.585 13017 13017 D Poster  : Connected to mobile network 20
11-06 13:15:23.615 13017 13017 I Poster  :  onPause() called.
11-06 13:15:23.625 13017 13054 D Evaluation: Frame 642 sent at 1573038923625
11-06 13:15:23.717 13017 13017 I Camera  : close camera: 0, package name: symlab.cloudridar.arhud
11-06 13:15:23.717 13017 13017 I BackgroundPermManager: pkgName: symlab.cloudridar.arhud,pid: 13017 ,uidOf3RdApk: 10149 ,permType: 0 ,permCfg: 0
11-06 13:15:23.718 13017 13017 I HwCameraUtil: notifySurfaceFlingerCameraStatus : isFront = false , isOpend = false
11-06 13:15:23.769 13017 13017 D ZrHung.AppEyeUiProbe: stop checker.
11-06 13:15:23.794 13017 13017 I HiTouch_HiTouchSensor: ORIENTATION_LANDSCAPE
11-06 13:15:23.794 13017 13017 D PhoneWindow: updateStyledWidth: CoordinationModeUtils is not foldable.
11-06 13:15:23.799 13017 13017 I Poster  :  surfaceDestroyed() called.
11-06 13:15:23.799 13017 13017 D ViewRootImpl[MainActivity]: surface should not be released
11-06 13:15:23.799 13017 13017 I Poster  :  onStop() called.
11-06 13:15:23.800 13017 13017 I Poster  :  onDestroy() called.
11-06 13:15:23.801 13017 13017 D ActivityThread: Remove activity client record, r= ActivityRecord{24fb417 token=android.os.BinderProxy@3a687be {symlab.cloudridar.arhud/symlab.ARHUD.MainActivity}} token= android.os.BinderProxy@3a687be
11-06 13:15:23.808 13017 13017 D ZrHung.AppEyeUiProbe: notify runnable to start.
11-06 13:15:23.817 13017 13017 I MultiDex: Installing application
11-06 13:15:23.817 13017 13017 I MultiDex: VM has multidex support, MultiDex support library is disabled.
11-06 13:15:23.823 13017 13017 V ActivityThread: callActivityOnCreate
11-06 13:15:23.823 13017 13017 I Poster  :  onCreate() called.
11-06 13:15:23.869 13017 13017 D Poster  : Server bound to IP 193.166.28.132 and port 52727
11-06 13:15:23.873 13017 13185 D Evaluation: metadata 0 sent 
11-06 13:15:23.875 13017 13017 D ActivityThread: add activity client record, r= ActivityRecord{24fb417 token=android.os.BinderProxy@3a687be {symlab.cloudridar.arhud/symlab.ARHUD.MainActivity}} token= android.os.BinderProxy@3a687be
11-06 13:15:23.878 13017 13017 I Poster  :  onStart() called.
11-06 13:15:23.879 13017 13017 D ZrHung.AppEyeUiProbe: notify runnable to start.
11-06 13:15:23.880 13017 13017 I Poster  :  onResume() called.
11-06 13:15:23.882 13017 13017 I PermissionManager: camera remind result:true
11-06 13:15:23.882 13017 13017 I Camera  : open camera: 0, package name: symlab.cloudridar.arhud
11-06 13:15:23.882 13017 13017 I BackgroundPermManager: pkgName: symlab.cloudridar.arhud,pid: 13017 ,uidOf3RdApk: 10149 ,permType: 0 ,permCfg: 1
11-06 13:15:23.883 13017 13017 I HwCameraUtil: notifySurfaceFlingerCameraStatus : isFront = false , isOpend = true
11-06 13:15:23.899 13017 13017 D ActivityThread: isOptEnabled=false isWechatScanOpt=false
11-06 13:15:23.901 13017 13017 I Poster  :  onPause() called.
11-06 13:15:23.901 13017 13017 I Camera  : close camera: 0, package name: symlab.cloudridar.arhud
11-06 13:15:23.901 13017 13017 I BackgroundPermManager: pkgName: symlab.cloudridar.arhud,pid: 13017 ,uidOf3RdApk: 10149 ,permType: 0 ,permCfg: 0
11-06 13:15:23.905 13017 13017 I HwCameraUtil: notifySurfaceFlingerCameraStatus : isFront = false , isOpend = false
11-06 13:15:23.999 13017 13017 D ZrHung.AppEyeUiProbe: stop checker.
11-06 13:15:24.039 13017 13075 W libEGL  : EGLNativeWindowType 0xe5af0008 disconnect failed
11-06 13:15:24.040 13017 13075 D mali_winsys: EGLint new_window_surface(egl_winsys_display *, void *, EGLSurface, EGLConfig, egl_winsys_surface **, EGLBoolean) returns 0x3000
11-06 13:15:24.068 13017 13017 I Poster  :  surfaceCreated() called.
11-06 13:15:24.068 13017 13017 I Poster  : initPreview() called
11-06 13:15:24.068 13017 13017 I Poster  :  surfaceChanged() called.
11-06 13:15:24.082 13017 13075 W libEGL  : EGLNativeWindowType 0xdcb70808 disconnect failed
11-06 13:15:24.083 13017 13075 D mali_winsys: EGLint new_window_surface(egl_winsys_display *, void *, EGLSurface, EGLConfig, egl_winsys_surface **, EGLBoolean) returns 0x3000
11-06 13:15:24.154 13017 13075 W libEGL  : EGLNativeWindowType 0xdcb70808 disconnect failed
11-06 13:15:24.154 13017 13075 D mali_winsys: EGLint new_window_surface(egl_winsys_display *, void *, EGLSurface, EGLConfig, egl_winsys_surface **, EGLBoolean) returns 0x3000
11-06 13:15:24.578 13017 13017 D Poster  : At 1573038924578 location is 65.059987984823 (latitude), and 25.464114851632658 (longitude)
11-06 13:15:24.580 13017 13017 D Poster  : Connected to mobile network 20
11-06 13:15:24.593 13017 13017 D Poster  : At 1573038924593 location is 65.059987984823 (latitude), and 25.464114851632658 (longitude)
11-06 13:15:24.594 13017 13017 D Poster  : Connected to mobile network 20
11-06 13:15:24.639 13017 13045 D ZrHung.AppEyeUiProbe: Current Activity:false
11-06 13:15:24.639 13017 13045 D ZrHung.AppEyeUiProbe: not watching, wait.
11-06 13:15:25.008 13017 13075 W libEGL  : EGLNativeWindowType 0xdcbc6808 disconnect failed
11-06 13:15:25.008 13017 13075 D mali_winsys: EGLint new_window_surface(egl_winsys_display *, void *, EGLSurface, EGLConfig, egl_winsys_surface **, EGLBoolean) returns 0x3000
11-06 13:15:25.194 13017 13017 I Poster  :  surfaceDestroyed() called.
11-06 13:15:25.195 13017 13017 D ViewRootImpl[MainActivity]: surface should not be released
11-06 13:15:25.195 13017 13017 I Poster  :  onStop() called.
11-06 13:15:25.195 13017 13017 I Poster  :  onDestroy() called.
11-06 13:15:25.195 13017 13017 D ActivityThread: Remove activity client record, r= ActivityRecord{24fb417 token=android.os.BinderProxy@3a687be {symlab.cloudridar.arhud/symlab.ARHUD.MainActivity}} token= android.os.BinderProxy@3a687be
11-06 13:15:25.198 13017 13017 D ZrHung.AppEyeUiProbe: notify runnable to start.
11-06 13:15:25.199 13017 13045 D ZrHung.AppEyeUiProbe: restart watching
11-06 13:15:25.208 13017 13017 I MultiDex: Installing application
11-06 13:15:25.208 13017 13017 I MultiDex: VM has multidex support, MultiDex support library is disabled.
11-06 13:15:25.210 13017 13017 V ActivityThread: callActivityOnCreate
11-06 13:15:25.210 13017 13017 I Poster  :  onCreate() called.
11-06 13:15:25.232 13017 13017 D Poster  : Server bound to IP 193.166.28.132 and port 52727
11-06 13:15:25.234 13017 13212 D Evaluation: metadata 0 sent 
11-06 13:15:25.234 13017 13017 D ActivityThread: add activity client record, r= ActivityRecord{24fb417 token=android.os.BinderProxy@3a687be {symlab.cloudridar.arhud/symlab.ARHUD.MainActivity}} token= android.os.BinderProxy@3a687be
11-06 13:15:25.240 13017 13017 I Poster  :  onStart() called.
11-06 13:15:25.241 13017 13017 D ZrHung.AppEyeUiProbe: notify runnable to start.
11-06 13:15:25.241 13017 13017 I Poster  :  onResume() called.
11-06 13:15:25.244 13017 13017 I PermissionManager: camera remind result:true
11-06 13:15:25.244 13017 13017 I Camera  : open camera: 0, package name: symlab.cloudridar.arhud
11-06 13:15:25.244 13017 13017 I BackgroundPermManager: pkgName: symlab.cloudridar.arhud,pid: 13017 ,uidOf3RdApk: 10149 ,permType: 0 ,permCfg: 1
11-06 13:15:25.245 13017 13017 I HwCameraUtil: notifySurfaceFlingerCameraStatus : isFront = false , isOpend = true
11-06 13:15:25.265 13017 13017 D ActivityThread: isOptEnabled=false isWechatScanOpt=false
11-06 13:15:25.266 13017 13017 I Poster  :  onPause() called.
11-06 13:15:25.267 13017 13017 I Camera  : close camera: 0, package name: symlab.cloudridar.arhud
11-06 13:15:25.267 13017 13017 I BackgroundPermManager: pkgName: symlab.cloudridar.arhud,pid: 13017 ,uidOf3RdApk: 10149 ,permType: 0 ,permCfg: 0
11-06 13:15:25.268 13017 13017 I HwCameraUtil: notifySurfaceFlingerCameraStatus : isFront = false , isOpend = false
11-06 13:15:25.359 13017 13017 D ZrHung.AppEyeUiProbe: stop checker.
11-06 13:15:25.372 13017 13017 I HiTouch_HiTouchSensor: ORIENTATION_LANDSCAPE
11-06 13:15:25.372 13017 13017 D PhoneWindow: updateStyledWidth: CoordinationModeUtils is not foldable.
11-06 13:15:25.400 13017 13017 I Poster  :  surfaceCreated() called.
11-06 13:15:25.400 13017 13017 I Poster  : initPreview() called
11-06 13:15:25.400 13017 13017 I Poster  :  surfaceChanged() called.
11-06 13:15:25.537 13017 13017 W InputMethodManager: startInputReason = 1
11-06 13:15:25.600 13017 13075 W libEGL  : EGLNativeWindowType 0xc737b008 disconnect failed
11-06 13:15:25.602 13017 13075 D mali_winsys: EGLint new_window_surface(egl_winsys_display *, void *, EGLSurface, EGLConfig, egl_winsys_surface **, EGLBoolean) returns 0x3000
11-06 13:15:25.610 13017 13017 D Poster  : At 1573038925610 location is 65.05996272324613 (latitude), and 25.46410778376555 (longitude)
11-06 13:15:25.611 13017 13017 D Poster  : Connected to mobile network 20
11-06 13:15:25.671 13017 13017 D ZrHung.AppEyeUiProbe: notify runnable to start.
11-06 13:15:25.671 13017 13017 I Poster  :  onResume() called.
11-06 13:15:25.678 13017 13017 I PermissionManager: camera remind result:true
11-06 13:15:25.678 13017 13017 I Camera  : open camera: 0, package name: symlab.cloudridar.arhud
11-06 13:15:25.678 13017 13017 I BackgroundPermManager: pkgName: symlab.cloudridar.arhud,pid: 13017 ,uidOf3RdApk: 10149 ,permType: 0 ,permCfg: 1
11-06 13:15:25.679 13017 13017 I HwCameraUtil: notifySurfaceFlingerCameraStatus : isFront = false , isOpend = true
11-06 13:15:25.687 13017 13017 D ActivityThread: isOptEnabled=false isWechatScanOpt=false
11-06 13:15:25.689 13017 13017 I HiTouch_HiTouchSensor: ORIENTATION_LANDSCAPE
11-06 13:15:25.689 13017 13017 D PhoneWindow: updateStyledWidth: CoordinationModeUtils is not foldable.
11-06 13:15:25.690 13017 13017 D Poster  : At 1573038925689 location is 65.05996272324613 (latitude), and 25.46410778376555 (longitude)
11-06 13:15:25.691 13017 13017 D Poster  : Connected to mobile network 20
11-06 13:15:25.692 13017 13017 D Poster  : At 1573038925692 location is 65.05996272324613 (latitude), and 25.46410778376555 (longitude)
11-06 13:15:25.693 13017 13017 D Poster  : Connected to mobile network 20
11-06 13:15:25.715 13017 13017 I Poster  :  surfaceChanged() called.
11-06 13:15:26.463 13017 13017 W HiTouch_PressGestureDetector: Touch pointer move a lot. The moving distance of X is:115.49243, limit is:60The moving distance of Y is:14.661987, limit is:60
11-06 13:15:26.569 13017 13017 D Poster  : At 1573038926569 location is 65.0599611682961 (latitude), and 25.464110506542884 (longitude)
11-06 13:15:26.571 13017 13017 D Poster  : Connected to mobile network 20
11-06 13:15:26.581 13017 13017 D Poster  : At 1573038926580 location is 65.0599611682961 (latitude), and 25.464110506542884 (longitude)
11-06 13:15:26.582 13017 13017 D Poster  : Connected to mobile network 20
11-06 13:15:26.583 13017 13017 D Poster  : At 1573038926583 location is 65.0599611682961 (latitude), and 25.464110506542884 (longitude)
11-06 13:15:26.583 13017 13017 D Poster  : Connected to mobile network 20
11-06 13:15:27.102 13017 13017 I Poster  :  onPause() called.
11-06 13:15:27.103 13017 13017 I Camera  : close camera: 0, package name: symlab.cloudridar.arhud
11-06 13:15:27.103 13017 13017 I BackgroundPermManager: pkgName: symlab.cloudridar.arhud,pid: 13017 ,uidOf3RdApk: 10149 ,permType: 0 ,permCfg: 0
11-06 13:15:27.105 13017 13017 I HwCameraUtil: notifySurfaceFlingerCameraStatus : isFront = false , isOpend = false
11-06 13:15:27.202 13017 13017 W MessageQueue: Handler (android.os.Handler) {e6a171b} sending message to a Handler on a dead thread
11-06 13:15:27.202 13017 13017 W MessageQueue: java.lang.IllegalStateException: Handler (android.os.Handler) {e6a171b} sending message to a Handler on a dead thread
11-06 13:15:27.202 13017 13017 W MessageQueue: 	at android.os.MessageQueue.enqueueMessage(MessageQueue.java:650)
11-06 13:15:27.202 13017 13017 W MessageQueue: 	at android.os.Handler.enqueueMessage(Handler.java:769)
11-06 13:15:27.202 13017 13017 W MessageQueue: 	at android.os.Handler.sendMessageAtTime(Handler.java:718)
11-06 13:15:27.202 13017 13017 W MessageQueue: 	at android.os.Handler.sendMessageDelayed(Handler.java:688)
11-06 13:15:27.202 13017 13017 W MessageQueue: 	at android.os.Handler.post(Handler.java:405)
11-06 13:15:27.202 13017 13017 W MessageQueue: 	at symlab.CloudAR.ARManager.stop(ARManager.java:116)
11-06 13:15:27.202 13017 13017 W MessageQueue: 	at symlab.ARHUD.MainActivity.onPause(MainActivity.java:206)
11-06 13:15:27.202 13017 13017 W MessageQueue: 	at android.app.Activity.performPause(Activity.java:7711)
11-06 13:15:27.202 13017 13017 W MessageQueue: 	at android.app.Instrumentation.callActivityOnPause(Instrumentation.java:1481)
11-06 13:15:27.202 13017 13017 W MessageQueue: 	at android.app.ActivityThread.performPauseActivityIfNeeded(ActivityThread.java:4700)
11-06 13:15:27.202 13017 13017 W MessageQueue: 	at android.app.ActivityThread.performPauseActivity(ActivityThread.java:4665)
11-06 13:15:27.202 13017 13017 W MessageQueue: 	at android.app.ActivityThread.handlePauseActivity(ActivityThread.java:4612)
11-06 13:15:27.202 13017 13017 W MessageQueue: 	at android.app.servertransaction.PauseActivityItem.execute(PauseActivityItem.java:45)
11-06 13:15:27.202 13017 13017 W MessageQueue: 	at android.app.servertransaction.TransactionExecutor.executeLifecycleState(TransactionExecutor.java:154)
11-06 13:15:27.202 13017 13017 W MessageQueue: 	at android.app.servertransaction.TransactionExecutor.execute(TransactionExecutor.java:76)
11-06 13:15:27.202 13017 13017 W MessageQueue: 	at android.app.ActivityThread$H.handleMessage(ActivityThread.java:2208)
11-06 13:15:27.202 13017 13017 W MessageQueue: 	at android.os.Handler.dispatchMessage(Handler.java:112)
11-06 13:15:27.202 13017 13017 W MessageQueue: 	at android.os.Looper.loop(Looper.java:216)
11-06 13:15:27.202 13017 13017 W MessageQueue: 	at android.app.ActivityThread.main(ActivityThread.java:7579)
11-06 13:15:27.202 13017 13017 W MessageQueue: 	at java.lang.reflect.Method.invoke(Native Method)
11-06 13:15:27.202 13017 13017 W MessageQueue: 	at com.android.internal.os.RuntimeInit$MethodAndArgsCaller.run(RuntimeInit.java:524)
11-06 13:15:27.202 13017 13017 W MessageQueue: 	at com.android.internal.os.ZygoteInit.main(ZygoteInit.java:1034)
11-06 13:15:27.202 13017 13017 D ZrHung.AppEyeUiProbe: stop checker.
11-06 13:15:27.204 13017 13045 D ZrHung.AppEyeUiProbe: Current Activity:false
11-06 13:15:27.204 13017 13045 D ZrHung.AppEyeUiProbe: not watching, wait.
11-06 13:15:27.220 13017 13017 I Poster  :  surfaceDestroyed() called.
11-06 13:15:27.221 13017 13017 D ViewRootImpl[MainActivity]: surface should not be released
11-06 13:15:27.222 13017 13017 I Poster  :  onStop() called.
11-06 13:15:27.231 13017 13075 W libEGL  : EGLNativeWindowType 0xc1b17808 disconnect failed
11-06 13:15:27.585 13017 13017 D Poster  : At 1573038927585 location is 65.05995952571502 (latitude), and 25.464114321286562 (longitude)
11-06 13:15:27.587 13017 13017 D Poster  : Connected to mobile network 20
11-06 13:15:27.619 13017 13017 D Latitude: status
11-06 13:15:27.623 13017 13017 D Poster  : At 1573038927623 location is 65.05995952571502 (latitude), and 25.464114321286562 (longitude)
11-06 13:15:27.625 13017 13017 D Poster  : Connected to mobile network 20
11-06 13:15:27.628 13017 13017 D Latitude: status
11-06 13:15:27.629 13017 13017 D Poster  : At 1573038927629 location is 65.05995952571502 (latitude), and 25.464114321286562 (longitude)
11-06 13:15:27.633 13017 13017 D Poster  : Connected to mobile network 20
11-06 13:15:27.635 13017 13017 D Latitude: status
