--------- beginning of main
11-05 11:02:21.023 13009 13009 W logcat  : type=1400 audit(0.0:5754): avc: granted { create } for name="logcat_1572944541014.txt" scontext=u:r:untrusted_app:s0:c149,c256,c512,c768 tcontext=u:object_r:sdcardfs:s0:c149,c256,c512,c768 tclass=file
11-05 11:02:21.023 12982 13011 E         : [ZeroHung]zrhung_get_config: Get config failed for wp[0x0102]
11-05 11:02:21.023 12982 13011 W ZrHung.AppEyeUiProbe: Failed to get config from zrhung
11-05 11:02:21.028 12982 12982 I MultiDex: Installing application
11-05 11:02:21.028 12982 12982 I MultiDex: VM has multidex support, MultiDex support library is disabled.
--------- beginning of system
11-05 11:02:21.031 12982 12982 V ActivityThread: callActivityOnCreate
11-05 11:02:21.031 12982 12982 I Poster  :  onCreate() called.
11-05 11:02:21.033 12982 12982 I HwApsImpl: APS: new HwApsImpl created
11-05 11:02:21.039 12982 12982 V HwWidgetFactory: : successes to get AllImpl object and return....
11-05 11:02:21.047 12982 12982 D OpenGLRenderer: Skia GL Pipeline
11-05 11:02:21.072 12982 12982 D Poster  : Server bound to IP 193.166.28.132 and port 52727
11-05 11:02:21.076 12982 13020 D Evaluation: metadata 0 sent 
11-05 11:02:21.077 12982 12982 D ActivityThread: add activity client record, r= ActivityRecord{29e1f5e token=android.os.BinderProxy@1f33661 {symlab.cloudridar.arhud/symlab.ARHUD.MainActivity}} token= android.os.BinderProxy@1f33661
11-05 11:02:21.079 12982 12982 I Poster  :  onStart() called.
11-05 11:02:21.080 12982 12982 D ZrHung.AppEyeUiProbe: notify runnable to start.
11-05 11:02:21.081 12982 12982 I Poster  :  onResume() called.
11-05 11:02:21.086 12982 12982 I PermissionManager: camera remind result:true
11-05 11:02:21.086 12982 12982 I Camera  : open camera: 0, package name: symlab.cloudridar.arhud
11-05 11:02:21.086 12982 12982 I BackgroundPermManager: pkgName: symlab.cloudridar.arhud,pid: 12982 ,uidOf3RdApk: 10149 ,permType: 0 ,permCfg: 1
11-05 11:02:21.087 12982 12982 I HwCameraUtil: notifySurfaceFlingerCameraStatus : isFront = false , isOpend = true
11-05 11:02:21.096 12982 12982 D ActivityThread: isOptEnabled=false isWechatScanOpt=false
11-05 11:02:21.099 12982 12982 I HwSecImmHelper: mSecurityInputMethodService is null
11-05 11:02:21.105 12982 12982 D OpenGLRenderer:   HWUI Binary is  enabled
11-05 11:02:21.124 12982 13044 D HiTouch_PressGestureDetector: onAttached, package=symlab.cloudridar.arhud, windowType=1, mHiTouchRestricted=false
11-05 11:02:21.133 12982 13041 I ConfigStore: android::hardware::configstore::V1_0::ISurfaceFlingerConfigs::hasWideColorDisplay retrieved: 0
11-05 11:02:21.133 12982 13041 I ConfigStore: android::hardware::configstore::V1_0::ISurfaceFlingerConfigs::hasHDRDisplay retrieved: 0
11-05 11:02:21.134 12982 13041 I iGraphics: [0020080c] pn: symlab.cloudridar.arhud, p: 12982
11-05 11:02:21.134 12982 13041 I OpenGLRenderer: Initialized EGL, version 1.4, mEglDisplay 0x1
11-05 11:02:21.134 12982 13041 D OpenGLRenderer: Swap behavior 2
11-05 11:02:21.145 12982 13041 D mali_winsys: EGLint new_window_surface(egl_winsys_display *, void *, EGLSurface, EGLConfig, egl_winsys_surface **, EGLBoolean) returns 0x3000
11-05 11:02:21.154 12982 12982 I Poster  :  surfaceCreated() called.
11-05 11:02:21.154 12982 12982 I Poster  : initPreview() called
11-05 11:02:21.159 12982 12982 I PermissionManager: camera remind result:true
11-05 11:02:21.164 12982 12982 I Poster  :  surfaceChanged() called.
11-05 11:02:21.181 12982 12982 W InputMethodManager: startInputReason = 1
11-05 11:02:21.199 12982 12982 W InputMethodManager: startInputReason = 5
11-05 11:02:21.444 12982 13020 D Evaluation: metadata 1 sent 
11-05 11:02:21.475 12982 13020 D Evaluation: metadata 2 sent 
11-05 11:02:21.512 12982 13020 D Evaluation: metadata 3 sent 
11-05 11:02:21.546 12982 13020 D Evaluation: metadata 4 sent 
11-05 11:02:21.582 12982 13020 D Evaluation: metadata 5 sent 
11-05 11:02:21.631 12982 13020 D Evaluation: Frame 6 sent at 1572944541631
11-05 11:02:21.657 12982 13020 D Evaluation: Frame 7 sent at 1572944541657
11-05 11:02:21.692 12982 13020 D Evaluation: Frame 8 sent at 1572944541692
11-05 11:02:21.729 12982 13020 D Evaluation: Frame 9 sent at 1572944541729
11-05 11:02:21.767 12982 13020 D Evaluation: Frame 10 sent at 1572944541767
11-05 11:02:21.792 12982 13020 D Evaluation: Frame 11 sent at 1572944541792
11-05 11:02:21.831 12982 13020 D Evaluation: Frame 12 sent at 1572944541831
11-05 11:02:21.859 12982 13020 D Evaluation: Frame 13 sent at 1572944541859
11-05 11:02:21.860 12982 13020 D Evaluation: 0 res for frame 6 received at 1572944541860
11-05 11:02:21.893 12982 13020 D Evaluation: Frame 14 sent at 1572944541893
11-05 11:02:21.929 12982 13020 D Evaluation: Frame 15 sent at 1572944541929
11-05 11:02:21.959 12982 13020 D Evaluation: Frame 16 sent at 1572944541959
11-05 11:02:21.959 12982 13020 D Evaluation: 0 res for frame 7 received at 1572944541959
11-05 11:02:21.991 12982 13020 D Evaluation: Frame 17 sent at 1572944541991
11-05 11:02:22.027 12982 13020 D Evaluation: Frame 18 sent at 1572944542027
11-05 11:02:22.058 12982 13020 D Evaluation: Frame 19 sent at 1572944542058
11-05 11:02:22.094 12982 12994 E         : [ZeroHung]zrhung_get_config: Get config failed for wp[0x0008]
11-05 11:02:22.094 12982 13020 D Evaluation: Frame 20 sent at 1572944542094
11-05 11:02:22.103 12982 12992 W System  : A resource failed to call close. 
11-05 11:02:22.104 12982 12992 I chatty  : uid=10149(symlab.cloudridar.arhud) FinalizerDaemon identical 2 lines
11-05 11:02:22.104 12982 12992 W System  : A resource failed to call close. 
11-05 11:02:22.128 12982 13020 D Evaluation: Frame 21 sent at 1572944542128
11-05 11:02:22.159 12982 13020 D Evaluation: Frame 22 sent at 1572944542159
11-05 11:02:22.160 12982 13020 D Evaluation: 0 res for frame 8 received at 1572944542160
11-05 11:02:22.194 12982 13020 D Evaluation: Frame 23 sent at 1572944542194
11-05 11:02:22.227 12982 13020 D Evaluation: Frame 24 sent at 1572944542227
11-05 11:02:22.260 12982 13020 D Evaluation: Frame 25 sent at 1572944542260
11-05 11:02:22.294 12982 13020 D Evaluation: Frame 26 sent at 1572944542294
11-05 11:02:22.337 12982 13020 D Evaluation: Frame 27 sent at 1572944542337
11-05 11:02:22.380 12982 13020 D Evaluation: Frame 28 sent at 1572944542380
11-05 11:02:22.415 12982 13020 D Evaluation: Frame 29 sent at 1572944542415
11-05 11:02:22.470 12982 13020 D Evaluation: Frame 30 sent at 1572944542470
11-05 11:02:22.489 12982 13020 D Evaluation: Frame 31 sent at 1572944542489
11-05 11:02:22.513 12982 13020 D Evaluation: Frame 32 sent at 1572944542513
11-05 11:02:22.561 12982 13020 D Evaluation: Frame 33 sent at 1572944542561
11-05 11:02:22.582 12982 13020 D Evaluation: Frame 34 sent at 1572944542582
11-05 11:02:22.626 12982 13020 D Evaluation: Frame 35 sent at 1572944542625
11-05 11:02:22.657 12982 13020 D Evaluation: Frame 36 sent at 1572944542657
11-05 11:02:22.692 12982 13020 D Evaluation: Frame 37 sent at 1572944542692
11-05 11:02:22.725 12982 13020 D Evaluation: Frame 38 sent at 1572944542725
11-05 11:02:22.761 12982 13020 D Evaluation: Frame 39 sent at 1572944542761
11-05 11:02:22.793 12982 13020 D Evaluation: Frame 40 sent at 1572944542793
11-05 11:02:22.821 12982 13020 D Evaluation: Frame 41 sent at 1572944542821
11-05 11:02:22.852 12982 13020 D Evaluation: Frame 42 sent at 1572944542852
11-05 11:02:22.891 12982 13020 D Evaluation: Frame 43 sent at 1572944542891
11-05 11:02:22.926 12982 13020 D Evaluation: Frame 44 sent at 1572944542926
11-05 11:02:22.950 12982 13020 D Evaluation: Frame 45 sent at 1572944542950
11-05 11:02:22.992 12982 13020 D Evaluation: Frame 46 sent at 1572944542992
11-05 11:02:23.030 12982 13020 D Evaluation: Frame 47 sent at 1572944543030
11-05 11:02:23.094 12982 13020 D Evaluation: Frame 48 sent at 1572944543094
11-05 11:02:23.132 12982 13020 D Evaluation: Frame 49 sent at 1572944543132
11-05 11:02:23.164 12982 13020 D Evaluation: Frame 50 sent at 1572944543164
11-05 11:02:23.199 12982 13020 D Evaluation: Frame 51 sent at 1572944543199
11-05 11:02:23.224 12982 13020 D Evaluation: Frame 52 sent at 1572944543224
11-05 11:02:23.261 12982 13020 D Evaluation: Frame 53 sent at 1572944543261
11-05 11:02:23.294 12982 13020 D Evaluation: Frame 54 sent at 1572944543294
11-05 11:02:23.329 12982 13020 D Evaluation: Frame 55 sent at 1572944543329
11-05 11:02:23.355 12982 13020 D Evaluation: Frame 56 sent at 1572944543355
11-05 11:02:23.390 12982 13020 D Evaluation: Frame 57 sent at 1572944543390
11-05 11:02:23.421 12982 13020 D Evaluation: Frame 58 sent at 1572944543421
11-05 11:02:23.502 12982 13020 D Evaluation: Frame 59 sent at 1572944543502
11-05 11:02:23.537 12982 13020 D Evaluation: Frame 60 sent at 1572944543537
11-05 11:02:23.570 12982 13020 D Evaluation: Frame 61 sent at 1572944543570
11-05 11:02:23.602 12982 13020 D Evaluation: Frame 62 sent at 1572944543601
11-05 11:02:23.634 12982 13020 D Evaluation: Frame 63 sent at 1572944543634
11-05 11:02:23.667 12982 13020 D Evaluation: Frame 64 sent at 1572944543667
11-05 11:02:23.700 12982 13020 D Evaluation: Frame 65 sent at 1572944543700
11-05 11:02:23.737 12982 13020 D Evaluation: Frame 66 sent at 1572944543737
11-05 11:02:23.766 12982 13020 D Evaluation: Frame 67 sent at 1572944543766
11-05 11:02:23.791 12982 13020 D Evaluation: Frame 68 sent at 1572944543791
11-05 11:02:23.829 12982 13020 D Evaluation: Frame 69 sent at 1572944543829
11-05 11:02:23.856 12982 13020 D Evaluation: Frame 70 sent at 1572944543856
11-05 11:02:23.890 12982 13020 D Evaluation: Frame 71 sent at 1572944543890
11-05 11:02:23.925 12982 13020 D Evaluation: Frame 72 sent at 1572944543925
11-05 11:02:23.961 12982 13020 D Evaluation: Frame 73 sent at 1572944543961
11-05 11:02:23.998 12982 13020 D Evaluation: Frame 74 sent at 1572944543998
11-05 11:02:24.032 12982 13020 D Evaluation: Frame 75 sent at 1572944544032
11-05 11:02:24.061 12982 13020 D Evaluation: Frame 76 sent at 1572944544061
11-05 11:02:24.108 12982 13020 D Evaluation: Frame 77 sent at 1572944544108
11-05 11:02:24.138 12982 13020 D Evaluation: Frame 78 sent at 1572944544138
11-05 11:02:24.166 12982 13020 D Evaluation: Frame 79 sent at 1572944544166
11-05 11:02:24.190 12982 13020 D Evaluation: Frame 80 sent at 1572944544190
11-05 11:02:24.224 12982 13020 D Evaluation: Frame 81 sent at 1572944544224
11-05 11:02:24.261 12982 13020 D Evaluation: Frame 82 sent at 1572944544261
11-05 11:02:24.294 12982 13020 D Evaluation: Frame 83 sent at 1572944544293
11-05 11:02:24.326 12982 13020 D Evaluation: Frame 84 sent at 1572944544326
11-05 11:02:24.375 12982 13020 D Evaluation: Frame 85 sent at 1572944544375
11-05 11:02:24.401 12982 13020 D Evaluation: Frame 86 sent at 1572944544401
11-05 11:02:24.430 12982 13020 D Evaluation: Frame 87 sent at 1572944544430
11-05 11:02:24.467 12982 13020 D Evaluation: Frame 88 sent at 1572944544467
11-05 11:02:24.507 12982 13020 D Evaluation: Frame 89 sent at 1572944544507
11-05 11:02:24.530 12982 13020 D Evaluation: Frame 90 sent at 1572944544530
11-05 11:02:24.562 12982 13020 D Evaluation: Frame 91 sent at 1572944544562
11-05 11:02:24.599 12982 13020 D Evaluation: Frame 92 sent at 1572944544599
11-05 11:02:24.639 12982 13020 D Evaluation: Frame 93 sent at 1572944544639
11-05 11:02:24.671 12982 13020 D Evaluation: Frame 94 sent at 1572944544671
11-05 11:02:24.704 12982 13020 D Evaluation: Frame 95 sent at 1572944544704
11-05 11:02:24.724 12982 13020 D Evaluation: Frame 96 sent at 1572944544724
11-05 11:02:24.762 12982 13020 D Evaluation: Frame 97 sent at 1572944544762
11-05 11:02:24.802 12982 13020 D Evaluation: Frame 98 sent at 1572944544802
11-05 11:02:24.839 12982 12994 E         : [ZeroHung]zrhung_get_config: Get config failed for wp[0x0008]
11-05 11:02:24.840 12982 13020 D Evaluation: Frame 99 sent at 1572944544840
11-05 11:02:24.858 12982 12992 W System  : A resource failed to call close. 
11-05 11:02:24.858 12982 12992 W System  : A resource failed to call close. 
11-05 11:02:24.866 12982 13020 D Evaluation: Frame 100 sent at 1572944544866
11-05 11:02:24.904 12982 13020 D Evaluation: Frame 101 sent at 1572944544904
11-05 11:02:24.940 12982 13020 D Evaluation: Frame 102 sent at 1572944544940
11-05 11:02:24.978 12982 13020 D Evaluation: Frame 103 sent at 1572944544978
11-05 11:02:25.023 12982 13020 D Evaluation: Frame 104 sent at 1572944545023
11-05 11:02:25.025 12982 13020 D Evaluation: 0 res for frame 99 received at 1572944545025
11-05 11:02:25.053 12982 13020 D Evaluation: Frame 105 sent at 1572944545053
11-05 11:02:25.054 12982 13020 D Evaluation: 0 res for frame 100 received at 1572944545054
11-05 11:02:25.075 12982 13020 D Evaluation: Frame 106 sent at 1572944545075
11-05 11:02:25.163 12982 13020 D Evaluation: Frame 108 sent at 1572944545163
11-05 11:02:25.165 12982 13020 D Evaluation: 0 res for frame 101 received at 1572944545165
11-05 11:02:25.186 12982 13020 D Evaluation: Frame 109 sent at 1572944545186
11-05 11:02:25.187 12982 13020 D Evaluation: 0 res for frame 102 received at 1572944545187
11-05 11:02:25.205 12982 13020 D Evaluation: Frame 109 sent at 1572944545205
11-05 11:02:25.244 12982 13020 D Evaluation: Frame 110 sent at 1572944545244
11-05 11:02:25.278 12982 13020 D Evaluation: Frame 111 sent at 1572944545278
11-05 11:02:25.279 12982 13020 D Evaluation: 0 res for frame 103 received at 1572944545279
11-05 11:02:25.316 12982 13020 D Evaluation: Frame 112 sent at 1572944545316
11-05 11:02:25.319 12982 13020 D Evaluation: 0 res for frame 104 received at 1572944545319
11-05 11:02:25.353 12982 13020 D Evaluation: Frame 113 sent at 1572944545353
11-05 11:02:25.378 12982 13020 D Evaluation: Frame 114 sent at 1572944545378
11-05 11:02:25.379 12982 13020 D Evaluation: 0 res for frame 105 received at 1572944545379
11-05 11:02:25.415 12982 13020 D Evaluation: Frame 115 sent at 1572944545415
11-05 11:02:25.448 12982 13020 D Evaluation: Frame 116 sent at 1572944545448
11-05 11:02:25.450 12982 13020 D Evaluation: 0 res for frame 106 received at 1572944545450
11-05 11:02:25.481 12982 13020 D Evaluation: Frame 117 sent at 1572944545481
11-05 11:02:25.519 12982 13020 D Evaluation: Frame 118 sent at 1572944545519
11-05 11:02:25.521 12982 13020 D Evaluation: 0 res for frame 108 received at 1572944545521
11-05 11:02:25.553 12982 13020 D Evaluation: Frame 119 sent at 1572944545553
11-05 11:02:25.554 12982 13020 D Evaluation: 0 res for frame 109 received at 1572944545554
11-05 11:02:25.586 12982 13020 D Evaluation: Frame 120 sent at 1572944545586
11-05 11:02:25.617 12982 13020 D Evaluation: Frame 121 sent at 1572944545616
11-05 11:02:25.618 12982 13020 D Evaluation: 0 res for frame 109 received at 1572944545618
11-05 11:02:25.654 12982 13020 D Evaluation: Frame 122 sent at 1572944545654
11-05 11:02:25.682 12982 13020 D Evaluation: Frame 123 sent at 1572944545682
11-05 11:02:25.683 12982 13020 D Evaluation: 0 res for frame 110 received at 1572944545683
11-05 11:02:25.709 12982 13020 D Evaluation: Frame 124 sent at 1572944545709
11-05 11:02:25.751 12982 13020 D Evaluation: Frame 125 sent at 1572944545751
11-05 11:02:25.752 12982 13020 D Evaluation: 0 res for frame 111 received at 1572944545752
11-05 11:02:25.787 12982 13020 D Evaluation: Frame 126 sent at 1572944545787
11-05 11:02:25.822 12982 13020 D Evaluation: Frame 127 sent at 1572944545822
11-05 11:02:25.823 12982 13020 D Evaluation: 0 res for frame 112 received at 1572944545823
11-05 11:02:25.847 12982 13020 D Evaluation: Frame 128 sent at 1572944545847
11-05 11:02:25.849 12982 13020 D Evaluation: 0 res for frame 113 received at 1572944545849
11-05 11:02:25.882 12982 13020 D Evaluation: Frame 129 sent at 1572944545882
11-05 11:02:25.905 12982 13020 D Evaluation: Frame 130 sent at 1572944545905
11-05 11:02:25.950 12982 13020 D Evaluation: Frame 131 sent at 1572944545950
11-05 11:02:25.988 12982 13020 D Evaluation: Frame 132 sent at 1572944545988
11-05 11:02:26.014 12982 13020 D Evaluation: Frame 133 sent at 1572944546014
11-05 11:02:26.015 12982 12982 I AwareBitmapCacher: init lrucache size: 2097152 pid=12982
11-05 11:02:26.049 12982 13020 D Evaluation: Frame 134 sent at 1572944546049
11-05 11:02:26.088 12982 13020 D Evaluation: Frame 135 sent at 1572944546088
11-05 11:02:26.120 12982 13020 D Evaluation: Frame 136 sent at 1572944546120
11-05 11:02:26.155 12982 13020 D Evaluation: Frame 137 sent at 1572944546155
11-05 11:02:26.186 12982 13020 D Evaluation: Frame 138 sent at 1572944546186
11-05 11:02:26.208 12982 13020 D Evaluation: Frame 139 sent at 1572944546208
11-05 11:02:26.261 12982 13020 D Evaluation: Frame 140 sent at 1572944546261
11-05 11:02:26.297 12982 13020 D Evaluation: Frame 141 sent at 1572944546297
11-05 11:02:26.325 12982 13020 D Evaluation: Frame 142 sent at 1572944546325
11-05 11:02:26.360 12982 13020 D Evaluation: Frame 143 sent at 1572944546360
11-05 11:02:26.395 12982 13020 D Evaluation: Frame 144 sent at 1572944546395
11-05 11:02:26.433 12982 13020 D Evaluation: Frame 145 sent at 1572944546433
11-05 11:02:26.459 12982 13020 D Evaluation: Frame 146 sent at 1572944546459
11-05 11:02:26.473 12982 12982 D stylus  : init stylus touchlistener.
11-05 11:02:26.486 12982 12982 W Settings: Setting device_provisioned has moved from android.provider.Settings.Secure to android.provider.Settings.Global.
11-05 11:02:26.487 12982 12982 V HiTouch_HiTouchSensor: User setup is finished.
11-05 11:02:26.496 12982 12982 W HiTouch_PressGestureDetector: Touch pointer move a lot. The moving distance of X is:62.91748, limit is:60The moving distance of Y is:47.358337, limit is:60
11-05 11:02:26.516 12982 13020 D Evaluation: Frame 148 sent at 1572944546516
11-05 11:02:26.536 12982 13020 D Evaluation: Frame 149 sent at 1572944546536
11-05 11:02:26.552 12982 13020 D Evaluation: Frame 149 sent at 1572944546552
11-05 11:02:26.570 12982 13020 D Evaluation: Frame 150 sent at 1572944546570
11-05 11:02:26.603 12982 13020 D Evaluation: Frame 151 sent at 1572944546603
11-05 11:02:26.637 12982 13020 D Evaluation: Frame 152 sent at 1572944546637
11-05 11:02:26.673 12982 13020 D Evaluation: Frame 153 sent at 1572944546673
11-05 11:02:26.712 12982 13020 D Evaluation: Frame 154 sent at 1572944546712
11-05 11:02:26.738 12982 13020 D Evaluation: Frame 155 sent at 1572944546738
11-05 11:02:26.780 12982 13020 D Evaluation: Frame 156 sent at 1572944546780
11-05 11:02:26.811 12982 13020 D Evaluation: Frame 157 sent at 1572944546811
11-05 11:02:26.838 12982 13020 D Evaluation: Frame 158 sent at 1572944546838
11-05 11:02:26.873 12982 13020 D Evaluation: Frame 159 sent at 1572944546873
11-05 11:02:26.907 12982 13020 D Evaluation: Frame 160 sent at 1572944546907
11-05 11:02:26.951 12982 13020 D Evaluation: Frame 161 sent at 1572944546951
11-05 11:02:26.979 12982 13020 D Evaluation: Frame 162 sent at 1572944546979
11-05 11:02:27.010 12982 13020 D Evaluation: Frame 163 sent at 1572944547010
11-05 11:02:27.045 12982 13020 D Evaluation: Frame 164 sent at 1572944547045
11-05 11:02:27.084 12982 13020 D Evaluation: Frame 165 sent at 1572944547084
11-05 11:02:27.108 12982 13020 D Evaluation: Frame 166 sent at 1572944547108
11-05 11:02:27.141 12982 12994 E         : [ZeroHung]zrhung_get_config: Get config failed for wp[0x0008]
11-05 11:02:27.141 12982 13020 D Evaluation: Frame 167 sent at 1572944547141
11-05 11:02:27.157 12982 12992 W System  : A resource failed to call close. 
11-05 11:02:27.159 12982 12992 I chatty  : uid=10149(symlab.cloudridar.arhud) FinalizerDaemon identical 20 lines
11-05 11:02:27.159 12982 12992 W System  : A resource failed to call close. 
11-05 11:02:27.159 12982 12992 W System  : A resource failed to call close. 
11-05 11:02:27.159 12982 12992 I chatty  : uid=10149(symlab.cloudridar.arhud) FinalizerDaemon identical 6 lines
11-05 11:02:27.159 12982 12992 W System  : A resource failed to call close. 
11-05 11:02:27.176 12982 13020 D Evaluation: Frame 168 sent at 1572944547176
11-05 11:02:27.211 12982 13020 D Evaluation: Frame 169 sent at 1572944547211
11-05 11:02:27.244 12982 13020 D Evaluation: Frame 170 sent at 1572944547244
11-05 11:02:27.279 12982 13020 D Evaluation: Frame 171 sent at 1572944547279
11-05 11:02:27.318 12982 13020 D Evaluation: Frame 172 sent at 1572944547318
11-05 11:02:27.349 12982 13020 D Evaluation: Frame 173 sent at 1572944547349
11-05 11:02:27.380 12982 13020 D Evaluation: Frame 174 sent at 1572944547380
11-05 11:02:27.415 12982 13020 D Evaluation: Frame 175 sent at 1572944547415
11-05 11:02:27.445 12982 12982 I Poster  :  onPause() called.
11-05 11:02:27.448 12982 13020 D Evaluation: Frame 176 sent at 1572944547448
11-05 11:02:27.568 12982 12982 I Camera  : close camera: 0, package name: symlab.cloudridar.arhud
11-05 11:02:27.568 12982 12982 I BackgroundPermManager: pkgName: symlab.cloudridar.arhud,pid: 12982 ,uidOf3RdApk: 10149 ,permType: 0 ,permCfg: 0
11-05 11:02:27.569 12982 12982 I HwCameraUtil: notifySurfaceFlingerCameraStatus : isFront = false , isOpend = false
11-05 11:02:27.637 12982 12982 D ZrHung.AppEyeUiProbe: stop checker.
11-05 11:02:27.652 12982 12982 I Poster  :  surfaceDestroyed() called.
11-05 11:02:27.653 12982 12982 D ViewRootImpl[MainActivity]: surface should not be released
11-05 11:02:27.653 12982 12982 I Poster  :  onStop() called.
11-05 11:02:27.670 12982 13041 W libEGL  : EGLNativeWindowType 0xed170008 disconnect failed
11-05 11:02:28.024 12982 13011 D ZrHung.AppEyeUiProbe: Current Activity:false
11-05 11:02:28.025 12982 13011 D ZrHung.AppEyeUiProbe: not watching, wait.
11-05 11:02:30.529 12982 12982 I Poster  :  onStart() called.
11-05 11:02:30.529 12982 12982 D ZrHung.AppEyeUiProbe: notify runnable to start.
11-05 11:02:30.529 12982 13011 D ZrHung.AppEyeUiProbe: restart watching
11-05 11:02:30.529 12982 12982 I Poster  :  onResume() called.
11-05 11:02:30.545 12982 12982 I PermissionManager: camera remind result:true
11-05 11:02:30.545 12982 12982 I Camera  : open camera: 0, package name: symlab.cloudridar.arhud
11-05 11:02:30.545 12982 12982 I BackgroundPermManager: pkgName: symlab.cloudridar.arhud,pid: 12982 ,uidOf3RdApk: 10149 ,permType: 0 ,permCfg: 1
11-05 11:02:30.548 12982 12982 I HwCameraUtil: notifySurfaceFlingerCameraStatus : isFront = false , isOpend = true
11-05 11:02:30.563 12982 12982 D ActivityThread: isOptEnabled=false isWechatScanOpt=false
11-05 11:02:30.592 12982 13041 D mali_winsys: EGLint new_window_surface(egl_winsys_display *, void *, EGLSurface, EGLConfig, egl_winsys_surface **, EGLBoolean) returns 0x3000
11-05 11:02:30.607 12982 12982 I Poster  :  surfaceCreated() called.
11-05 11:02:30.607 12982 12982 I Poster  : initPreview() called
11-05 11:02:30.610 12982 12982 I PermissionManager: camera remind result:true
11-05 11:02:30.616 12982 12982 I Poster  :  surfaceChanged() called.
11-05 11:02:30.616 12982 12982 E BpSurfaceComposerClient: Failed to transact (-1)
11-05 11:02:30.616 12982 12982 E BpSurfaceComposerClient: Failed to transact (-1)
11-05 11:02:30.618 12982 12982 W InputMethodManager: startInputReason = 1
11-05 11:02:30.629 12982 13041 W libEGL  : EGLNativeWindowType 0xed170008 disconnect failed
11-05 11:02:30.630 12982 13041 D mali_winsys: EGLint new_window_surface(egl_winsys_display *, void *, EGLSurface, EGLConfig, egl_winsys_surface **, EGLBoolean) returns 0x3000
11-05 11:02:30.882 12982 12982 W MessageQueue: Handler (android.os.Handler) {fbc9209} sending message to a Handler on a dead thread
11-05 11:02:30.882 12982 12982 W MessageQueue: java.lang.IllegalStateException: Handler (android.os.Handler) {fbc9209} sending message to a Handler on a dead thread
11-05 11:02:30.882 12982 12982 W MessageQueue: 	at android.os.MessageQueue.enqueueMessage(MessageQueue.java:650)
11-05 11:02:30.882 12982 12982 W MessageQueue: 	at android.os.Handler.enqueueMessage(Handler.java:769)
11-05 11:02:30.882 12982 12982 W MessageQueue: 	at android.os.Handler.sendMessageAtTime(Handler.java:718)
11-05 11:02:30.882 12982 12982 W MessageQueue: 	at android.os.Handler.sendMessageDelayed(Handler.java:688)
11-05 11:02:30.882 12982 12982 W MessageQueue: 	at android.os.Handler.post(Handler.java:405)
11-05 11:02:30.882 12982 12982 W MessageQueue: 	at symlab.CloudAR.ARManager.recognizeTime(ARManager.java:151)
11-05 11:02:30.882 12982 12982 W MessageQueue: 	at symlab.ARHUD.MainActivity$3.onPreviewFrame(MainActivity.java:296)
11-05 11:02:30.882 12982 12982 W MessageQueue: 	at android.hardware.Camera$EventHandler.handleMessage(Camera.java:1278)
11-05 11:02:30.882 12982 12982 W MessageQueue: 	at android.os.Handler.dispatchMessage(Handler.java:112)
11-05 11:02:30.882 12982 12982 W MessageQueue: 	at android.os.Looper.loop(Looper.java:216)
11-05 11:02:30.882 12982 12982 W MessageQueue: 	at android.app.ActivityThread.main(ActivityThread.java:7579)
11-05 11:02:30.882 12982 12982 W MessageQueue: 	at java.lang.reflect.Method.invoke(Native Method)
11-05 11:02:30.882 12982 12982 W MessageQueue: 	at com.android.internal.os.RuntimeInit$MethodAndArgsCaller.run(RuntimeInit.java:524)
11-05 11:02:30.882 12982 12982 W MessageQueue: 	at com.android.internal.os.ZygoteInit.main(ZygoteInit.java:1034)
11-05 11:02:30.883 12982 12982 W MessageQueue: Handler (android.os.Handler) {fbc9209} sending message to a Handler on a dead thread
11-05 11:02:30.883 12982 12982 W MessageQueue: java.lang.IllegalStateException: Handler (android.os.Handler) {fbc9209} sending message to a Handler on a dead thread
11-05 11:02:30.883 12982 12982 W MessageQueue: 	at android.os.MessageQueue.enqueueMessage(MessageQueue.java:650)
11-05 11:02:30.883 12982 12982 W MessageQueue: 	at android.os.Handler.enqueueMessage(Handler.java:769)
11-05 11:02:30.883 12982 12982 W MessageQueue: 	at android.os.Handler.sendMessageAtTime(Handler.java:718)
11-05 11:02:30.883 12982 12982 W MessageQueue: 	at android.os.Handler.sendMessageDelayed(Handler.java:688)
11-05 11:02:30.883 12982 12982 W MessageQueue: 	at android.os.Handler.post(Handler.java:405)
11-05 11:02:30.883 12982 12982 W MessageQueue: 	at symlab.CloudAR.ARManager.driveFrame(ARManager.java:156)
11-05 11:02:30.883 12982 12982 W MessageQueue: 	at symlab.ARHUD.MainActivity$3.onPreviewFrame(MainActivity.java:297)
11-05 11:02:30.883 12982 12982 W MessageQueue: 	at android.hardware.Camera$EventHandler.handleMessage(Camera.java:1278)
11-05 11:02:30.883 12982 12982 W MessageQueue: 	at android.os.Handler.dispatchMessage(Handler.java:112)
11-05 11:02:30.883 12982 12982 W MessageQueue: 	at android.os.Looper.loop(Looper.java:216)
11-05 11:02:30.883 12982 12982 W MessageQueue: 	at android.app.ActivityThread.main(ActivityThread.java:7579)
11-05 11:02:30.883 12982 12982 W MessageQueue: 	at java.lang.reflect.Method.invoke(Native Method)
11-05 11:02:30.883 12982 12982 W MessageQueue: 	at com.android.internal.os.RuntimeInit$MethodAndArgsCaller.run(RuntimeInit.java:524)
11-05 11:02:30.883 12982 12982 W MessageQueue: 	at com.android.internal.os.ZygoteInit.main(ZygoteInit.java:1034)
11-05 11:02:30.914 12982 12982 W MessageQueue: Handler (android.os.Handler) {fbc9209} sending message to a Handler on a dead thread
11-05 11:02:30.914 12982 12982 W MessageQueue: java.lang.IllegalStateException: Handler (android.os.Handler) {fbc9209} sending message to a Handler on a dead thread
11-05 11:02:30.914 12982 12982 W MessageQueue: 	at android.os.MessageQueue.enqueueMessage(MessageQueue.java:650)
11-05 11:02:30.914 12982 12982 W MessageQueue: 	at android.os.Handler.enqueueMessage(Handler.java:769)
11-05 11:02:30.914 12982 12982 W MessageQueue: 	at android.os.Handler.sendMessageAtTime(Handler.java:718)
11-05 11:02:30.914 12982 12982 W MessageQueue: 	at android.os.Handler.sendMessageDelayed(Handler.java:688)
11-05 11:02:30.914 12982 12982 W MessageQueue: 	at android.os.Handler.post(Handler.java:405)
11-05 11:02:30.914 12982 12982 W MessageQueue: 	at symlab.CloudAR.ARManager.recognizeTime(ARManager.java:151)
11-05 11:02:30.914 12982 12982 W MessageQueue: 	at symlab.ARHUD.MainActivity$3.onPreviewFrame(MainActivity.java:296)
11-05 11:02:30.914 12982 12982 W MessageQueue: 	at android.hardware.Camera$EventHandler.handleMessage(Camera.java:1278)
11-05 11:02:30.914 12982 12982 W MessageQueue: 	at android.os.Handler.dispatchMessage(Handler.java:112)
11-05 11:02:30.914 12982 12982 W MessageQueue: 	at android.os.Looper.loop(Looper.java:216)
11-05 11:02:30.914 12982 12982 W MessageQueue: 	at android.app.ActivityThread.main(ActivityThread.java:7579)
11-05 11:02:30.914 12982 12982 W MessageQueue: 	at java.lang.reflect.Method.invoke(Native Method)
11-05 11:02:30.914 12982 12982 W MessageQueue: 	at com.android.internal.os.RuntimeInit$MethodAndArgsCaller.run(RuntimeInit.java:524)
11-05 11:02:30.914 12982 12982 W MessageQueue: 	at com.android.internal.os.ZygoteInit.main(ZygoteInit.java:1034)
11-05 11:02:30.915 12982 12982 W MessageQueue: Handler (android.os.Handler) {fbc9209} sending message to a Handler on a dead thread
11-05 11:02:30.915 12982 12982 W MessageQueue: java.lang.IllegalStateException: Handler (android.os.Handler) {fbc9209} sending message to a Handler on a dead thread
11-05 11:02:30.915 12982 12982 W MessageQueue: 	at android.os.MessageQueue.enqueueMessage(MessageQueue.java:650)
11-05 11:02:30.915 12982 12982 W MessageQueue: 	at android.os.Handler.enqueueMessage(Handler.java:769)
11-05 11:02:30.915 12982 12982 W MessageQueue: 	at android.os.Handler.sendMessageAtTime(Handler.java:718)
11-05 11:02:30.915 12982 12982 W MessageQueue: 	at android.os.Handler.sendMessageDelayed(Handler.java:688)
11-05 11:02:30.915 12982 12982 W MessageQueue: 	at android.os.Handler.post(Handler.java:405)
11-05 11:02:30.915 12982 12982 W MessageQueue: 	at symlab.CloudAR.ARManager.driveFrame(ARManager.java:156)
11-05 11:02:30.915 12982 12982 W MessageQueue: 	at symlab.ARHUD.MainActivity$3.onPreviewFrame(MainActivity.java:297)
11-05 11:02:30.915 12982 12982 W MessageQueue: 	at android.hardware.Camera$EventHandler.handleMessage(Camera.java:1278)
11-05 11:02:30.915 12982 12982 W MessageQueue: 	at android.os.Handler.dispatchMessage(Handler.java:112)
11-05 11:02:30.915 12982 12982 W MessageQueue: 	at android.os.Looper.loop(Looper.java:216)
11-05 11:02:30.915 12982 12982 W MessageQueue: 	at android.app.ActivityThread.main(ActivityThread.java:7579)
11-05 11:02:30.915 12982 12982 W MessageQueue: 	at java.lang.reflect.Method.invoke(Native Method)
11-05 11:02:30.915 12982 12982 W MessageQueue: 	at com.android.internal.os.RuntimeInit$MethodAndArgsCaller.run(RuntimeInit.java:524)
11-05 11:02:30.915 12982 12982 W MessageQueue: 	at com.android.internal.os.ZygoteInit.main(ZygoteInit.java:1034)
11-05 11:02:30.951 12982 12982 W MessageQueue: Handler (android.os.Handler) {fbc9209} sending message to a Handler on a dead thread
11-05 11:02:30.951 12982 12982 W MessageQueue: java.lang.IllegalStateException: Handler (android.os.Handler) {fbc9209} sending message to a Handler on a dead thread
11-05 11:02:30.951 12982 12982 W MessageQueue: 	at android.os.MessageQueue.enqueueMessage(MessageQueue.java:650)
11-05 11:02:30.951 12982 12982 W MessageQueue: 	at android.os.Handler.enqueueMessage(Handler.java:769)
11-05 11:02:30.951 12982 12982 W MessageQueue: 	at android.os.Handler.sendMessageAtTime(Handler.java:718)
11-05 11:02:30.951 12982 12982 W MessageQueue: 	at android.os.Handler.sendMessageDelayed(Handler.java:688)
11-05 11:02:30.951 12982 12982 W MessageQueue: 	at android.os.Handler.post(Handler.java:405)
11-05 11:02:30.951 12982 12982 W MessageQueue: 	at symlab.CloudAR.ARManager.recognizeTime(ARManager.java:151)
11-05 11:02:30.951 12982 12982 W MessageQueue: 	at symlab.ARHUD.MainActivity$3.onPreviewFrame(MainActivity.java:296)
11-05 11:02:30.951 12982 12982 W MessageQueue: 	at android.hardware.Camera$EventHandler.handleMessage(Camera.java:1278)
11-05 11:02:30.951 12982 12982 W MessageQueue: 	at android.os.Handler.dispatchMessage(Handler.java:112)
11-05 11:02:30.951 12982 12982 W MessageQueue: 	at android.os.Looper.loop(Looper.java:216)
11-05 11:02:30.951 12982 12982 W MessageQueue: 	at android.app.ActivityThread.main(ActivityThread.java:7579)
11-05 11:02:30.951 12982 12982 W MessageQueue: 	at java.lang.reflect.Method.invoke(Native Method)
11-05 11:02:30.951 12982 12982 W MessageQueue: 	at com.android.internal.os.RuntimeInit$MethodAndArgsCaller.run(RuntimeInit.java:524)
11-05 11:02:30.951 12982 12982 W MessageQueue: 	at com.android.internal.os.ZygoteInit.main(ZygoteInit.java:1034)
11-05 11:02:30.952 12982 12982 W MessageQueue: Handler (android.os.Handler) {fbc9209} sending message to a Handler on a dead thread
11-05 11:02:30.952 12982 12982 W MessageQueue: java.lang.IllegalStateException: Handler (android.os.Handler) {fbc9209} sending message to a Handler on a dead thread
11-05 11:02:30.952 12982 12982 W MessageQueue: 	at android.os.MessageQueue.enqueueMessage(MessageQueue.java:650)
11-05 11:02:30.952 12982 12982 W MessageQueue: 	at android.os.Handler.enqueueMessage(Handler.java:769)
11-05 11:02:30.952 12982 12982 W MessageQueue: 	at android.os.Handler.sendMessageAtTime(Handler.java:718)
11-05 11:02:30.952 12982 12982 W MessageQueue: 	at android.os.Handler.sendMessageDelayed(Handler.java:688)
11-05 11:02:30.952 12982 12982 W MessageQueue: 	at android.os.Handler.post(Handler.java:405)
11-05 11:02:30.952 12982 12982 W MessageQueue: 	at symlab.CloudAR.ARManager.driveFrame(ARManager.java:156)
11-05 11:02:30.952 12982 12982 W MessageQueue: 	at symlab.ARHUD.MainActivity$3.onPreviewFrame(MainActivity.java:297)
11-05 11:02:30.952 12982 12982 W MessageQueue: 	at android.hardware.Camera$EventHandler.handleMessage(Camera.java:1278)
11-05 11:02:30.952 12982 12982 W MessageQueue: 	at android.os.Handler.dispatchMessage(Handler.java:112)
11-05 11:02:30.952 12982 12982 W MessageQueue: 	at android.os.Looper.loop(Looper.java:216)
11-05 11:02:30.952 12982 12982 W MessageQueue: 	at android.app.ActivityThread.main(ActivityThread.java:7579)
11-05 11:02:30.952 12982 12982 W MessageQueue: 	at java.lang.reflect.Method.invoke(Native Method)
11-05 11:02:30.952 12982 12982 W MessageQueue: 	at com.android.internal.os.RuntimeInit$MethodAndArgsCaller.run(RuntimeInit.java:524)
11-05 11:02:30.952 12982 12982 W MessageQueue: 	at com.android.internal.os.ZygoteInit.main(ZygoteInit.java:1034)
11-05 11:02:30.985 12982 12982 W MessageQueue: Handler (android.os.Handler) {fbc9209} sending message to a Handler on a dead thread
11-05 11:02:30.985 12982 12982 W MessageQueue: java.lang.IllegalStateException: Handler (android.os.Handler) {fbc9209} sending message to a Handler on a dead thread
11-05 11:02:30.985 12982 12982 W MessageQueue: 	at android.os.MessageQueue.enqueueMessage(MessageQueue.java:650)
11-05 11:02:30.985 12982 12982 W MessageQueue: 	at android.os.Handler.enqueueMessage(Handler.java:769)
11-05 11:02:30.985 12982 12982 W MessageQueue: 	at android.os.Handler.sendMessageAtTime(Handler.java:718)
11-05 11:02:30.985 12982 12982 W MessageQueue: 	at android.os.Handler.sendMessageDelayed(Handler.java:688)
11-05 11:02:30.985 12982 12982 W MessageQueue: 	at android.os.Handler.post(Handler.java:405)
11-05 11:02:30.985 12982 12982 W MessageQueue: 	at symlab.CloudAR.ARManager.recognizeTime(ARManager.java:151)
11-05 11:02:30.985 12982 12982 W MessageQueue: 	at symlab.ARHUD.MainActivity$3.onPreviewFrame(MainActivity.java:296)
11-05 11:02:30.985 12982 12982 W MessageQueue: 	at android.hardware.Camera$EventHandler.handleMessage(Camera.java:1278)
11-05 11:02:30.985 12982 12982 W MessageQueue: 	at android.os.Handler.dispatchMessage(Handler.java:112)
11-05 11:02:30.985 12982 12982 W MessageQueue: 	at android.os.Looper.loop(Looper.java:216)
11-05 11:02:30.985 12982 12982 W MessageQueue: 	at android.app.ActivityThread.main(ActivityThread.java:7579)
11-05 11:02:30.985 12982 12982 W MessageQueue: 	at java.lang.reflect.Method.invoke(Native Method)
11-05 11:02:30.985 12982 12982 W MessageQueue: 	at com.android.internal.os.RuntimeInit$MethodAndArgsCaller.run(RuntimeInit.java:524)
11-05 11:02:30.985 12982 12982 W MessageQueue: 	at com.android.internal.os.ZygoteInit.main(ZygoteInit.java:1034)
11-05 11:02:30.985 12982 12982 W MessageQueue: Handler (android.os.Handler) {fbc9209} sending message to a Handler on a dead thread
11-05 11:02:30.985 12982 12982 W MessageQueue: java.lang.IllegalStateException: Handler (android.os.Handler) {fbc9209} sending message to a Handler on a dead thread
11-05 11:02:30.985 12982 12982 W MessageQueue: 	at android.os.MessageQueue.enqueueMessage(MessageQueue.java:650)
11-05 11:02:30.985 12982 12982 W MessageQueue: 	at android.os.Handler.enqueueMessage(Handler.java:769)
11-05 11:02:30.985 12982 12982 W MessageQueue: 	at android.os.Handler.sendMessageAtTime(Handler.java:718)
11-05 11:02:30.985 12982 12982 W MessageQueue: 	at android.os.Handler.sendMessageDelayed(Handler.java:688)
11-05 11:02:30.985 12982 12982 W MessageQueue: 	at android.os.Handler.post(Handler.java:405)
11-05 11:02:30.985 12982 12982 W MessageQueue: 	at symlab.CloudAR.ARManager.driveFrame(ARManager.java:156)
11-05 11:02:30.985 12982 12982 W MessageQueue: 	at symlab.ARHUD.MainActivity$3.onPreviewFrame(MainActivity.java:297)
11-05 11:02:30.985 12982 12982 W MessageQueue: 	at android.hardware.Camera$EventHandler.handleMessage(Camera.java:1278)
11-05 11:02:30.985 12982 12982 W MessageQueue: 	at android.os.Handler.dispatchMessage(Handler.java:112)
11-05 11:02:30.985 12982 12982 W MessageQueue: 	at android.os.Looper.loop(Looper.java:216)
11-05 11:02:30.985 12982 12982 W MessageQueue: 	at android.app.ActivityThread.main(ActivityThread.java:7579)
11-05 11:02:30.985 12982 12982 W MessageQueue: 	at java.lang.reflect.Method.invoke(Native Method)
11-05 11:02:30.985 12982 12982 W MessageQueue: 	at com.android.internal.os.RuntimeInit$MethodAndArgsCaller.run(RuntimeInit.java:524)
11-05 11:02:30.985 12982 12982 W MessageQueue: 	at com.android.internal.os.ZygoteInit.main(ZygoteInit.java:1034)
11-05 11:02:31.018 12982 12982 W MessageQueue: Handler (android.os.Handler) {fbc9209} sending message to a Handler on a dead thread
11-05 11:02:31.018 12982 12982 W MessageQueue: java.lang.IllegalStateException: Handler (android.os.Handler) {fbc9209} sending message to a Handler on a dead thread
11-05 11:02:31.018 12982 12982 W MessageQueue: 	at android.os.MessageQueue.enqueueMessage(MessageQueue.java:650)
11-05 11:02:31.018 12982 12982 W MessageQueue: 	at android.os.Handler.enqueueMessage(Handler.java:769)
11-05 11:02:31.018 12982 12982 W MessageQueue: 	at android.os.Handler.sendMessageAtTime(Handler.java:718)
11-05 11:02:31.018 12982 12982 W MessageQueue: 	at android.os.Handler.sendMessageDelayed(Handler.java:688)
11-05 11:02:31.018 12982 12982 W MessageQueue: 	at android.os.Handler.post(Handler.java:405)
11-05 11:02:31.018 12982 12982 W MessageQueue: 	at symlab.CloudAR.ARManager.recognizeTime(ARManager.java:151)
11-05 11:02:31.018 12982 12982 W MessageQueue: 	at symlab.ARHUD.MainActivity$3.onPreviewFrame(MainActivity.java:296)
11-05 11:02:31.018 12982 12982 W MessageQueue: 	at android.hardware.Camera$EventHandler.handleMessage(Camera.java:1278)
11-05 11:02:31.018 12982 12982 W MessageQueue: 	at android.os.Handler.dispatchMessage(Handler.java:112)
11-05 11:02:31.018 12982 12982 W MessageQueue: 	at android.os.Looper.loop(Looper.java:216)
11-05 11:02:31.018 12982 12982 W MessageQueue: 	at android.app.ActivityThread.main(ActivityThread.java:7579)
11-05 11:02:31.018 12982 12982 W MessageQueue: 	at java.lang.reflect.Method.invoke(Native Method)
11-05 11:02:31.018 12982 12982 W MessageQueue: 	at com.android.internal.os.RuntimeInit$MethodAndArgsCaller.run(RuntimeInit.java:524)
11-05 11:02:31.018 12982 12982 W MessageQueue: 	at com.android.internal.os.ZygoteInit.main(ZygoteInit.java:1034)
11-05 11:02:31.019 12982 12982 W MessageQueue: Handler (android.os.Handler) {fbc9209} sending message to a Handler on a dead thread
11-05 11:02:31.019 12982 12982 W MessageQueue: java.lang.IllegalStateException: Handler (android.os.Handler) {fbc9209} sending message to a Handler on a dead thread
11-05 11:02:31.019 12982 12982 W MessageQueue: 	at android.os.MessageQueue.enqueueMessage(MessageQueue.java:650)
11-05 11:02:31.019 12982 12982 W MessageQueue: 	at android.os.Handler.enqueueMessage(Handler.java:769)
11-05 11:02:31.019 12982 12982 W MessageQueue: 	at android.os.Handler.sendMessageAtTime(Handler.java:718)
11-05 11:02:31.019 12982 12982 W MessageQueue: 	at android.os.Handler.sendMessageDelayed(Handler.java:688)
11-05 11:02:31.019 12982 12982 W MessageQueue: 	at android.os.Handler.post(Handler.java:405)
11-05 11:02:31.019 12982 12982 W MessageQueue: 	at symlab.CloudAR.ARManager.driveFrame(ARManager.java:156)
11-05 11:02:31.019 12982 12982 W MessageQueue: 	at symlab.ARHUD.MainActivity$3.onPreviewFrame(MainActivity.java:297)
11-05 11:02:31.019 12982 12982 W MessageQueue: 	at android.hardware.Camera$EventHandler.handleMessage(Camera.java:1278)
11-05 11:02:31.019 12982 12982 W MessageQueue: 	at android.os.Handler.dispatchMessage(Handler.java:112)
11-05 11:02:31.019 12982 12982 W MessageQueue: 	at android.os.Looper.loop(Looper.java:216)
11-05 11:02:31.019 12982 12982 W MessageQueue: 	at android.app.ActivityThread.main(ActivityThread.java:7579)
11-05 11:02:31.019 12982 12982 W MessageQueue: 	at java.lang.reflect.Method.invoke(Native Method)
11-05 11:02:31.019 12982 12982 W MessageQueue: 	at com.android.internal.os.RuntimeInit$MethodAndArgsCaller.run(RuntimeInit.java:524)
11-05 11:02:31.019 12982 12982 W MessageQueue: 	at com.android.internal.os.ZygoteInit.main(ZygoteInit.java:1034)
11-05 11:02:31.052 12982 12982 W MessageQueue: Handler (android.os.Handler) {fbc9209} sending message to a Handler on a dead thread
11-05 11:02:31.052 12982 12982 W MessageQueue: java.lang.IllegalStateException: Handler (android.os.Handler) {fbc9209} sending message to a Handler on a dead thread
11-05 11:02:31.052 12982 12982 W MessageQueue: 	at android.os.MessageQueue.enqueueMessage(MessageQueue.java:650)
11-05 11:02:31.052 12982 12982 W MessageQueue: 	at android.os.Handler.enqueueMessage(Handler.java:769)
11-05 11:02:31.052 12982 12982 W MessageQueue: 	at android.os.Handler.sendMessageAtTime(Handler.java:718)
11-05 11:02:31.052 12982 12982 W MessageQueue: 	at android.os.Handler.sendMessageDelayed(Handler.java:688)
11-05 11:02:31.052 12982 12982 W MessageQueue: 	at android.os.Handler.post(Handler.java:405)
11-05 11:02:31.052 12982 12982 W MessageQueue: 	at symlab.CloudAR.ARManager.recognizeTime(ARManager.java:151)
11-05 11:02:31.052 12982 12982 W MessageQueue: 	at symlab.ARHUD.MainActivity$3.onPreviewFrame(MainActivity.java:296)
11-05 11:02:31.052 12982 12982 W MessageQueue: 	at android.hardware.Camera$EventHandler.handleMessage(Camera.java:1278)
11-05 11:02:31.052 12982 12982 W MessageQueue: 	at android.os.Handler.dispatchMessage(Handler.java:112)
11-05 11:02:31.052 12982 12982 W MessageQueue: 	at android.os.Looper.loop(Looper.java:216)
11-05 11:02:31.052 12982 12982 W MessageQueue: 	at android.app.ActivityThread.main(ActivityThread.java:7579)
11-05 11:02:31.052 12982 12982 W MessageQueue: 	at java.lang.reflect.Method.invoke(Native Method)
11-05 11:02:31.052 12982 12982 W MessageQueue: 	at com.android.internal.os.RuntimeInit$MethodAndArgsCaller.run(RuntimeInit.java:524)
11-05 11:02:31.052 12982 12982 W MessageQueue: 	at com.android.internal.os.ZygoteInit.main(ZygoteInit.java:1034)
11-05 11:02:31.052 12982 12982 W MessageQueue: Handler (android.os.Handler) {fbc9209} sending message to a Handler on a dead thread
11-05 11:02:31.052 12982 12982 W MessageQueue: java.lang.IllegalStateException: Handler (android.os.Handler) {fbc9209} sending message to a Handler on a dead thread
11-05 11:02:31.052 12982 12982 W MessageQueue: 	at android.os.MessageQueue.enqueueMessage(MessageQueue.java:650)
11-05 11:02:31.052 12982 12982 W MessageQueue: 	at android.os.Handler.enqueueMessage(Handler.java:769)
11-05 11:02:31.052 12982 12982 W MessageQueue: 	at android.os.Handler.sendMessageAtTime(Handler.java:718)
11-05 11:02:31.052 12982 12982 W MessageQueue: 	at android.os.Handler.sendMessageDelayed(Handler.java:688)
11-05 11:02:31.052 12982 12982 W MessageQueue: 	at android.os.Handler.post(Handler.java:405)
11-05 11:02:31.052 12982 12982 W MessageQueue: 	at symlab.CloudAR.ARManager.driveFrame(ARManager.java:156)
11-05 11:02:31.052 12982 12982 W MessageQueue: 	at symlab.ARHUD.MainActivity$3.onPreviewFrame(MainActivity.java:297)
11-05 11:02:31.052 12982 12982 W MessageQueue: 	at android.hardware.Camera$EventHandler.handleMessage(Camera.java:1278)
11-05 11:02:31.052 12982 12982 W MessageQueue: 	at android.os.Handler.dispatchMessage(Handler.java:112)
11-05 11:02:31.052 12982 12982 W MessageQueue: 	at android.os.Looper.loop(Looper.java:216)
11-05 11:02:31.052 12982 12982 W MessageQueue: 	at android.app.ActivityThread.main(ActivityThread.java:7579)
11-05 11:02:31.052 12982 12982 W MessageQueue: 	at java.lang.reflect.Method.invoke(Native Method)
11-05 11:02:31.052 12982 12982 W MessageQueue: 	at com.android.internal.os.RuntimeInit$MethodAndArgsCaller.run(RuntimeInit.java:524)
11-05 11:02:31.052 12982 12982 W MessageQueue: 	at com.android.internal.os.ZygoteInit.main(ZygoteInit.java:1034)
11-05 11:02:31.085 12982 12982 W MessageQueue: Handler (android.os.Handler) {fbc9209} sending message to a Handler on a dead thread
11-05 11:02:31.085 12982 12982 W MessageQueue: java.lang.IllegalStateException: Handler (android.os.Handler) {fbc9209} sending message to a Handler on a dead thread
11-05 11:02:31.085 12982 12982 W MessageQueue: 	at android.os.MessageQueue.enqueueMessage(MessageQueue.java:650)
11-05 11:02:31.085 12982 12982 W MessageQueue: 	at android.os.Handler.enqueueMessage(Handler.java:769)
11-05 11:02:31.085 12982 12982 W MessageQueue: 	at android.os.Handler.sendMessageAtTime(Handler.java:718)
11-05 11:02:31.085 12982 12982 W MessageQueue: 	at android.os.Handler.sendMessageDelayed(Handler.java:688)
11-05 11:02:31.085 12982 12982 W MessageQueue: 	at android.os.Handler.post(Handler.java:405)
11-05 11:02:31.085 12982 12982 W MessageQueue: 	at symlab.CloudAR.ARManager.recognizeTime(ARManager.java:151)
11-05 11:02:31.085 12982 12982 W MessageQueue: 	at symlab.ARHUD.MainActivity$3.onPreviewFrame(MainActivity.java:296)
11-05 11:02:31.085 12982 12982 W MessageQueue: 	at android.hardware.Camera$EventHandler.handleMessage(Camera.java:1278)
11-05 11:02:31.085 12982 12982 W MessageQueue: 	at android.os.Handler.dispatchMessage(Handler.java:112)
11-05 11:02:31.085 12982 12982 W MessageQueue: 	at android.os.Looper.loop(Looper.java:216)
11-05 11:02:31.085 12982 12982 W MessageQueue: 	at android.app.ActivityThread.main(ActivityThread.java:7579)
11-05 11:02:31.085 12982 12982 W MessageQueue: 	at java.lang.reflect.Method.invoke(Native Method)
11-05 11:02:31.085 12982 12982 W MessageQueue: 	at com.android.internal.os.RuntimeInit$MethodAndArgsCaller.run(RuntimeInit.java:524)
11-05 11:02:31.085 12982 12982 W MessageQueue: 	at com.android.internal.os.ZygoteInit.main(ZygoteInit.java:1034)
11-05 11:02:31.086 12982 12982 W MessageQueue: Handler (android.os.Handler) {fbc9209} sending message to a Handler on a dead thread
11-05 11:02:31.086 12982 12982 W MessageQueue: java.lang.IllegalStateException: Handler (android.os.Handler) {fbc9209} sending message to a Handler on a dead thread
11-05 11:02:31.086 12982 12982 W MessageQueue: 	at android.os.MessageQueue.enqueueMessage(MessageQueue.java:650)
11-05 11:02:31.086 12982 12982 W MessageQueue: 	at android.os.Handler.enqueueMessage(Handler.java:769)
11-05 11:02:31.086 12982 12982 W MessageQueue: 	at android.os.Handler.sendMessageAtTime(Handler.java:718)
11-05 11:02:31.086 12982 12982 W MessageQueue: 	at android.os.Handler.sendMessageDelayed(Handler.java:688)
11-05 11:02:31.086 12982 12982 W MessageQueue: 	at android.os.Handler.post(Handler.java:405)
11-05 11:02:31.086 12982 12982 W MessageQueue: 	at symlab.CloudAR.ARManager.driveFrame(ARManager.java:156)
11-05 11:02:31.086 12982 12982 W MessageQueue: 	at symlab.ARHUD.MainActivity$3.onPreviewFrame(MainActivity.java:297)
11-05 11:02:31.086 12982 12982 W MessageQueue: 	at android.hardware.Camera$EventHandler.handleMessage(Camera.java:1278)
11-05 11:02:31.086 12982 12982 W MessageQueue: 	at android.os.Handler.dispatchMessage(Handler.java:112)
11-05 11:02:31.086 12982 12982 W MessageQueue: 	at android.os.Looper.loop(Looper.java:216)
11-05 11:02:31.086 12982 12982 W MessageQueue: 	at android.app.ActivityThread.main(ActivityThread.java:7579)
11-05 11:02:31.086 12982 12982 W MessageQueue: 	at java.lang.reflect.Method.invoke(Native Method)
11-05 11:02:31.086 12982 12982 W MessageQueue: 	at com.android.internal.os.RuntimeInit$MethodAndArgsCaller.run(RuntimeInit.java:524)
11-05 11:02:31.086 12982 12982 W MessageQueue: 	at com.android.internal.os.ZygoteInit.main(ZygoteInit.java:1034)
11-05 11:02:31.119 12982 12982 W MessageQueue: Handler (android.os.Handler) {fbc9209} sending message to a Handler on a dead thread
11-05 11:02:31.119 12982 12982 W MessageQueue: java.lang.IllegalStateException: Handler (android.os.Handler) {fbc9209} sending message to a Handler on a dead thread
11-05 11:02:31.119 12982 12982 W MessageQueue: 	at android.os.MessageQueue.enqueueMessage(MessageQueue.java:650)
11-05 11:02:31.119 12982 12982 W MessageQueue: 	at android.os.Handler.enqueueMessage(Handler.java:769)
11-05 11:02:31.119 12982 12982 W MessageQueue: 	at android.os.Handler.sendMessageAtTime(Handler.java:718)
11-05 11:02:31.119 12982 12982 W MessageQueue: 	at android.os.Handler.sendMessageDelayed(Handler.java:688)
11-05 11:02:31.119 12982 12982 W MessageQueue: 	at android.os.Handler.post(Handler.java:405)
11-05 11:02:31.119 12982 12982 W MessageQueue: 	at symlab.CloudAR.ARManager.recognizeTime(ARManager.java:151)
11-05 11:02:31.119 12982 12982 W MessageQueue: 	at symlab.ARHUD.MainActivity$3.onPreviewFrame(MainActivity.java:296)
11-05 11:02:31.119 12982 12982 W MessageQueue: 	at android.hardware.Camera$EventHandler.handleMessage(Camera.java:1278)
11-05 11:02:31.119 12982 12982 W MessageQueue: 	at android.os.Handler.dispatchMessage(Handler.java:112)
11-05 11:02:31.119 12982 12982 W MessageQueue: 	at android.os.Looper.loop(Looper.java:216)
