--------- beginning of main
11-06 13:24:15.941 15242 15267 E         : [ZeroHung]zrhung_get_config: Get config failed for wp[0x0102]
11-06 13:24:15.941 15242 15267 W ZrHung.AppEyeUiProbe: Failed to get config from zrhung
11-06 13:24:15.944 15242 15242 I MultiDex: Installing application
11-06 13:24:15.944 15242 15242 I MultiDex: VM has multidex support, MultiDex support library is disabled.
11-06 13:24:15.947 15265 15265 W logcat  : type=1400 audit(0.0:7328): avc: granted { create } for name="logcat_1573039455929.txt" scontext=u:r:untrusted_app:s0:c149,c256,c512,c768 tcontext=u:object_r:sdcardfs:s0:c149,c256,c512,c768 tclass=file
--------- beginning of system
11-06 13:24:15.948 15242 15242 V ActivityThread: callActivityOnCreate
11-06 13:24:15.948 15242 15242 I Poster  :  onCreate() called.
11-06 13:24:15.952 15242 15242 I HwApsImpl: APS: new HwApsImpl created
11-06 13:24:15.958 15242 15242 V HwWidgetFactory: : successes to get AllImpl object and return....
11-06 13:24:15.965 15242 15242 D OpenGLRenderer: Skia GL Pipeline
11-06 13:24:15.990 15242 15242 D Poster  : Server bound to IP 193.166.28.132 and port 52727
11-06 13:24:15.996 15242 15242 D ActivityThread: add activity client record, r= ActivityRecord{24fb417 token=android.os.BinderProxy@3a687be {symlab.cloudridar.arhud/symlab.ARHUD.MainActivity}} token= android.os.BinderProxy@3a687be
11-06 13:24:15.998 15242 15275 D Evaluation: metadata 0 sent 
11-06 13:24:15.998 15242 15242 I Poster  :  onStart() called.
11-06 13:24:15.999 15242 15242 D ZrHung.AppEyeUiProbe: notify runnable to start.
11-06 13:24:16.000 15242 15242 I Poster  :  onResume() called.
11-06 13:24:16.019 15242 15242 I PermissionManager: camera remind result:true
11-06 13:24:16.019 15242 15242 I Camera  : open camera: 0, package name: symlab.cloudridar.arhud
11-06 13:24:16.020 15242 15242 I BackgroundPermManager: pkgName: symlab.cloudridar.arhud,pid: 15242 ,uidOf3RdApk: 10149 ,permType: 0 ,permCfg: 1
11-06 13:24:16.021 15242 15242 I HwCameraUtil: notifySurfaceFlingerCameraStatus : isFront = false , isOpend = true
11-06 13:24:16.028 15242 15242 D ActivityThread: isOptEnabled=false isWechatScanOpt=false
11-06 13:24:16.031 15242 15242 I HwSecImmHelper: mSecurityInputMethodService is null
11-06 13:24:16.039 15242 15242 D OpenGLRenderer:   HWUI Binary is  enabled
11-06 13:24:16.058 15242 15242 D Poster  : At 1573039456058 location is 65.06009871555142 (latitude), and 25.466792641263822 (longitude)
11-06 13:24:16.060 15242 15242 D Poster  : Connected to mobile network 20
11-06 13:24:16.077 15242 15312 D HiTouch_PressGestureDetector: onAttached, package=symlab.cloudridar.arhud, windowType=1, mHiTouchRestricted=false
11-06 13:24:16.097 15242 15307 I ConfigStore: android::hardware::configstore::V1_0::ISurfaceFlingerConfigs::hasWideColorDisplay retrieved: 0
11-06 13:24:16.097 15242 15307 I ConfigStore: android::hardware::configstore::V1_0::ISurfaceFlingerConfigs::hasHDRDisplay retrieved: 0
11-06 13:24:16.097 15242 15307 I iGraphics: [0020080c] pn: symlab.cloudridar.arhud, p: 15242
11-06 13:24:16.097 15242 15307 I OpenGLRenderer: Initialized EGL, version 1.4, mEglDisplay 0x1
11-06 13:24:16.097 15242 15307 D OpenGLRenderer: Swap behavior 2
11-06 13:24:16.108 15242 15307 D mali_winsys: EGLint new_window_surface(egl_winsys_display *, void *, EGLSurface, EGLConfig, egl_winsys_surface **, EGLBoolean) returns 0x3000
11-06 13:24:16.118 15242 15242 I Poster  :  surfaceCreated() called.
11-06 13:24:16.118 15242 15242 I Poster  : initPreview() called
11-06 13:24:16.125 15242 15242 I PermissionManager: camera remind result:true
11-06 13:24:16.130 15242 15242 I Poster  :  surfaceChanged() called.
11-06 13:24:16.130 15242 15307 D OpenGLRenderer:   HWUI Binary is  enabled
11-06 13:24:16.157 15242 15242 W InputMethodManager: startInputReason = 1
11-06 13:24:16.185 15242 15242 W InputMethodManager: startInputReason = 5
11-06 13:24:16.402 15242 15275 D Evaluation: metadata 1 sent 
11-06 13:24:16.434 15242 15275 D Evaluation: metadata 2 sent 
11-06 13:24:16.470 15242 15275 D Evaluation: metadata 3 sent 
11-06 13:24:16.504 15242 15275 D Evaluation: metadata 4 sent 
11-06 13:24:16.537 15242 15275 D Evaluation: metadata 5 sent 
11-06 13:24:16.591 15242 15275 D Evaluation: Frame 6 sent at 1573039456591
11-06 13:24:16.617 15242 15275 D Evaluation: Frame 7 sent at 1573039456617
11-06 13:24:16.656 15242 15275 W System.err: java.net.SocketException: Message too long
11-06 13:24:16.657 15242 15275 W System.err: 	at sun.nio.ch.DatagramChannelImpl.send0(Native Method)
11-06 13:24:16.657 15242 15275 W System.err: 	at sun.nio.ch.DatagramChannelImpl.sendFromNativeBuffer(DatagramChannelImpl.java:573)
11-06 13:24:16.657 15242 15275 W System.err: 	at sun.nio.ch.DatagramChannelImpl.send(DatagramChannelImpl.java:550)
11-06 13:24:16.657 15242 15275 W System.err: 	at sun.nio.ch.DatagramChannelImpl.send(DatagramChannelImpl.java:514)
11-06 13:24:16.657 15242 15275 W System.err: 	at symlab.CloudAR.network.TransmissionTask.run(TransmissionTask.java:124)
11-06 13:24:16.657 15242 15275 W System.err: 	at android.os.Handler.handleCallback(Handler.java:907)
11-06 13:24:16.657 15242 15275 W System.err: 	at android.os.Handler.dispatchMessage(Handler.java:105)
11-06 13:24:16.657 15242 15275 W System.err: 	at android.os.Looper.loop(Looper.java:216)
11-06 13:24:16.657 15242 15275 W System.err: 	at android.os.HandlerThread.run(HandlerThread.java:65)
11-06 13:24:16.683 15242 15275 D Evaluation: Frame 9 sent at 1573039456683
11-06 13:24:16.720 15242 15275 W System.err: java.net.SocketException: Message too long
11-06 13:24:16.720 15242 15275 W System.err: 	at sun.nio.ch.DatagramChannelImpl.send0(Native Method)
11-06 13:24:16.720 15242 15275 W System.err: 	at sun.nio.ch.DatagramChannelImpl.sendFromNativeBuffer(DatagramChannelImpl.java:573)
11-06 13:24:16.720 15242 15275 W System.err: 	at sun.nio.ch.DatagramChannelImpl.send(DatagramChannelImpl.java:550)
11-06 13:24:16.721 15242 15275 W System.err: 	at sun.nio.ch.DatagramChannelImpl.send(DatagramChannelImpl.java:514)
11-06 13:24:16.721 15242 15275 W System.err: 	at symlab.CloudAR.network.TransmissionTask.run(TransmissionTask.java:124)
11-06 13:24:16.721 15242 15275 W System.err: 	at android.os.Handler.handleCallback(Handler.java:907)
11-06 13:24:16.721 15242 15275 W System.err: 	at android.os.Handler.dispatchMessage(Handler.java:105)
11-06 13:24:16.721 15242 15275 W System.err: 	at android.os.Looper.loop(Looper.java:216)
11-06 13:24:16.721 15242 15275 W System.err: 	at android.os.HandlerThread.run(HandlerThread.java:65)
11-06 13:24:16.751 15242 15275 D Evaluation: Frame 11 sent at 1573039456751
11-06 13:24:16.788 15242 15275 D Evaluation: Frame 12 sent at 1573039456788
11-06 13:24:16.817 15242 15275 D Evaluation: Frame 13 sent at 1573039456817
11-06 13:24:16.851 15242 15275 D Evaluation: Frame 14 sent at 1573039456851
11-06 13:24:16.890 15242 15275 D Evaluation: Frame 15 sent at 1573039456890
11-06 13:24:16.920 15242 15275 D Evaluation: Frame 16 sent at 1573039456920
11-06 13:24:16.951 15242 15275 D Evaluation: Frame 17 sent at 1573039456950
11-06 13:24:16.985 15242 15253 E         : [ZeroHung]zrhung_get_config: Get config failed for wp[0x0008]
11-06 13:24:16.986 15242 15275 D Evaluation: Frame 18 sent at 1573039456986
11-06 13:24:17.017 15242 15242 D Poster  : At 1573039457017 location is 65.06009871555142 (latitude), and 25.466792641263822 (longitude)
11-06 13:24:17.018 15242 15275 D Evaluation: Frame 19 sent at 1573039457018
11-06 13:24:17.019 15242 15242 D Poster  : Connected to mobile network 20
11-06 13:24:17.054 15242 15275 D Evaluation: Frame 20 sent at 1573039457054
11-06 13:24:17.092 15242 15275 W System.err: java.net.SocketException: Message too long
11-06 13:24:17.092 15242 15275 W System.err: 	at sun.nio.ch.DatagramChannelImpl.send0(Native Method)
11-06 13:24:17.092 15242 15275 W System.err: 	at sun.nio.ch.DatagramChannelImpl.sendFromNativeBuffer(DatagramChannelImpl.java:573)
11-06 13:24:17.092 15242 15275 W System.err: 	at sun.nio.ch.DatagramChannelImpl.send(DatagramChannelImpl.java:550)
11-06 13:24:17.092 15242 15275 W System.err: 	at sun.nio.ch.DatagramChannelImpl.send(DatagramChannelImpl.java:514)
11-06 13:24:17.092 15242 15275 W System.err: 	at symlab.CloudAR.network.TransmissionTask.run(TransmissionTask.java:124)
11-06 13:24:17.092 15242 15275 W System.err: 	at android.os.Handler.handleCallback(Handler.java:907)
11-06 13:24:17.092 15242 15275 W System.err: 	at android.os.Handler.dispatchMessage(Handler.java:105)
11-06 13:24:17.092 15242 15275 W System.err: 	at android.os.Looper.loop(Looper.java:216)
11-06 13:24:17.092 15242 15275 W System.err: 	at android.os.HandlerThread.run(HandlerThread.java:65)
11-06 13:24:17.120 15242 15275 W System.err: java.net.SocketException: Message too long
11-06 13:24:17.120 15242 15275 W System.err: 	at sun.nio.ch.DatagramChannelImpl.send0(Native Method)
11-06 13:24:17.121 15242 15275 W System.err: 	at sun.nio.ch.DatagramChannelImpl.sendFromNativeBuffer(DatagramChannelImpl.java:573)
11-06 13:24:17.121 15242 15275 W System.err: 	at sun.nio.ch.DatagramChannelImpl.send(DatagramChannelImpl.java:550)
11-06 13:24:17.121 15242 15275 W System.err: 	at sun.nio.ch.DatagramChannelImpl.send(DatagramChannelImpl.java:514)
11-06 13:24:17.121 15242 15275 W System.err: 	at symlab.CloudAR.network.TransmissionTask.run(TransmissionTask.java:124)
11-06 13:24:17.121 15242 15275 W System.err: 	at android.os.Handler.handleCallback(Handler.java:907)
11-06 13:24:17.121 15242 15275 W System.err: 	at android.os.Handler.dispatchMessage(Handler.java:105)
11-06 13:24:17.121 15242 15275 W System.err: 	at android.os.Looper.loop(Looper.java:216)
11-06 13:24:17.121 15242 15275 W System.err: 	at android.os.HandlerThread.run(HandlerThread.java:65)
11-06 13:24:17.153 15242 15275 W System.err: java.net.SocketException: Message too long
11-06 13:24:17.153 15242 15275 W System.err: 	at sun.nio.ch.DatagramChannelImpl.send0(Native Method)
11-06 13:24:17.153 15242 15275 W System.err: 	at sun.nio.ch.DatagramChannelImpl.sendFromNativeBuffer(DatagramChannelImpl.java:573)
11-06 13:24:17.154 15242 15275 W System.err: 	at sun.nio.ch.DatagramChannelImpl.send(DatagramChannelImpl.java:550)
11-06 13:24:17.154 15242 15275 W System.err: 	at sun.nio.ch.DatagramChannelImpl.send(DatagramChannelImpl.java:514)
11-06 13:24:17.154 15242 15275 W System.err: 	at symlab.CloudAR.network.TransmissionTask.run(TransmissionTask.java:124)
11-06 13:24:17.154 15242 15275 W System.err: 	at android.os.Handler.handleCallback(Handler.java:907)
11-06 13:24:17.154 15242 15275 W System.err: 	at android.os.Handler.dispatchMessage(Handler.java:105)
11-06 13:24:17.154 15242 15275 W System.err: 	at android.os.Looper.loop(Looper.java:216)
11-06 13:24:17.154 15242 15275 W System.err: 	at android.os.HandlerThread.run(HandlerThread.java:65)
11-06 13:24:17.187 15242 15275 W System.err: java.net.SocketException: Message too long
11-06 13:24:17.187 15242 15275 W System.err: 	at sun.nio.ch.DatagramChannelImpl.send0(Native Method)
11-06 13:24:17.187 15242 15275 W System.err: 	at sun.nio.ch.DatagramChannelImpl.sendFromNativeBuffer(DatagramChannelImpl.java:573)
11-06 13:24:17.187 15242 15275 W System.err: 	at sun.nio.ch.DatagramChannelImpl.send(DatagramChannelImpl.java:550)
11-06 13:24:17.187 15242 15275 W System.err: 	at sun.nio.ch.DatagramChannelImpl.send(DatagramChannelImpl.java:514)
11-06 13:24:17.187 15242 15275 W System.err: 	at symlab.CloudAR.network.TransmissionTask.run(TransmissionTask.java:124)
11-06 13:24:17.187 15242 15275 W System.err: 	at android.os.Handler.handleCallback(Handler.java:907)
11-06 13:24:17.187 15242 15275 W System.err: 	at android.os.Handler.dispatchMessage(Handler.java:105)
11-06 13:24:17.188 15242 15275 W System.err: 	at android.os.Looper.loop(Looper.java:216)
11-06 13:24:17.188 15242 15275 W System.err: 	at android.os.HandlerThread.run(HandlerThread.java:65)
11-06 13:24:17.221 15242 15275 W System.err: java.net.SocketException: Message too long
11-06 13:24:17.221 15242 15275 W System.err: 	at sun.nio.ch.DatagramChannelImpl.send0(Native Method)
11-06 13:24:17.221 15242 15275 W System.err: 	at sun.nio.ch.DatagramChannelImpl.sendFromNativeBuffer(DatagramChannelImpl.java:573)
11-06 13:24:17.221 15242 15275 W System.err: 	at sun.nio.ch.DatagramChannelImpl.send(DatagramChannelImpl.java:550)
11-06 13:24:17.221 15242 15275 W System.err: 	at sun.nio.ch.DatagramChannelImpl.send(DatagramChannelImpl.java:514)
11-06 13:24:17.221 15242 15275 W System.err: 	at symlab.CloudAR.network.TransmissionTask.run(TransmissionTask.java:124)
11-06 13:24:17.221 15242 15275 W System.err: 	at android.os.Handler.handleCallback(Handler.java:907)
11-06 13:24:17.221 15242 15275 W System.err: 	at android.os.Handler.dispatchMessage(Handler.java:105)
11-06 13:24:17.221 15242 15275 W System.err: 	at android.os.Looper.loop(Looper.java:216)
11-06 13:24:17.221 15242 15275 W System.err: 	at android.os.HandlerThread.run(HandlerThread.java:65)
11-06 13:24:17.256 15242 15275 W System.err: java.net.SocketException: Message too long
11-06 13:24:17.256 15242 15275 W System.err: 	at sun.nio.ch.DatagramChannelImpl.send0(Native Method)
11-06 13:24:17.256 15242 15275 W System.err: 	at sun.nio.ch.DatagramChannelImpl.sendFromNativeBuffer(DatagramChannelImpl.java:573)
11-06 13:24:17.256 15242 15275 W System.err: 	at sun.nio.ch.DatagramChannelImpl.send(DatagramChannelImpl.java:550)
11-06 13:24:17.256 15242 15275 W System.err: 	at sun.nio.ch.DatagramChannelImpl.send(DatagramChannelImpl.java:514)
11-06 13:24:17.256 15242 15275 W System.err: 	at symlab.CloudAR.network.TransmissionTask.run(TransmissionTask.java:124)
11-06 13:24:17.256 15242 15275 W System.err: 	at android.os.Handler.handleCallback(Handler.java:907)
11-06 13:24:17.256 15242 15275 W System.err: 	at android.os.Handler.dispatchMessage(Handler.java:105)
11-06 13:24:17.257 15242 15275 W System.err: 	at android.os.Looper.loop(Looper.java:216)
11-06 13:24:17.257 15242 15275 W System.err: 	at android.os.HandlerThread.run(HandlerThread.java:65)
11-06 13:24:17.289 15242 15275 W System.err: java.net.SocketException: Message too long
11-06 13:24:17.289 15242 15275 W System.err: 	at sun.nio.ch.DatagramChannelImpl.send0(Native Method)
11-06 13:24:17.289 15242 15275 W System.err: 	at sun.nio.ch.DatagramChannelImpl.sendFromNativeBuffer(DatagramChannelImpl.java:573)
11-06 13:24:17.289 15242 15275 W System.err: 	at sun.nio.ch.DatagramChannelImpl.send(DatagramChannelImpl.java:550)
11-06 13:24:17.289 15242 15275 W System.err: 	at sun.nio.ch.DatagramChannelImpl.send(DatagramChannelImpl.java:514)
11-06 13:24:17.289 15242 15275 W System.err: 	at symlab.CloudAR.network.TransmissionTask.run(TransmissionTask.java:124)
11-06 13:24:17.289 15242 15275 W System.err: 	at android.os.Handler.handleCallback(Handler.java:907)
11-06 13:24:17.289 15242 15275 W System.err: 	at android.os.Handler.dispatchMessage(Handler.java:105)
11-06 13:24:17.289 15242 15275 W System.err: 	at android.os.Looper.loop(Looper.java:216)
11-06 13:24:17.289 15242 15275 W System.err: 	at android.os.HandlerThread.run(HandlerThread.java:65)
11-06 13:24:17.330 15242 15275 W System.err: java.net.SocketException: Message too long
11-06 13:24:17.330 15242 15275 W System.err: 	at sun.nio.ch.DatagramChannelImpl.send0(Native Method)
11-06 13:24:17.330 15242 15275 W System.err: 	at sun.nio.ch.DatagramChannelImpl.sendFromNativeBuffer(DatagramChannelImpl.java:573)
11-06 13:24:17.330 15242 15275 W System.err: 	at sun.nio.ch.DatagramChannelImpl.send(DatagramChannelImpl.java:550)
11-06 13:24:17.330 15242 15275 W System.err: 	at sun.nio.ch.DatagramChannelImpl.send(DatagramChannelImpl.java:514)
11-06 13:24:17.330 15242 15275 W System.err: 	at symlab.CloudAR.network.TransmissionTask.run(TransmissionTask.java:124)
11-06 13:24:17.330 15242 15275 W System.err: 	at android.os.Handler.handleCallback(Handler.java:907)
11-06 13:24:17.330 15242 15275 W System.err: 	at android.os.Handler.dispatchMessage(Handler.java:105)
11-06 13:24:17.330 15242 15275 W System.err: 	at android.os.Looper.loop(Looper.java:216)
11-06 13:24:17.330 15242 15275 W System.err: 	at android.os.HandlerThread.run(HandlerThread.java:65)
11-06 13:24:17.368 15242 15275 W System.err: java.net.SocketException: Message too long
11-06 13:24:17.368 15242 15275 W System.err: 	at sun.nio.ch.DatagramChannelImpl.send0(Native Method)
11-06 13:24:17.368 15242 15275 W System.err: 	at sun.nio.ch.DatagramChannelImpl.sendFromNativeBuffer(DatagramChannelImpl.java:573)
11-06 13:24:17.368 15242 15275 W System.err: 	at sun.nio.ch.DatagramChannelImpl.send(DatagramChannelImpl.java:550)
11-06 13:24:17.368 15242 15275 W System.err: 	at sun.nio.ch.DatagramChannelImpl.send(DatagramChannelImpl.java:514)
11-06 13:24:17.368 15242 15275 W System.err: 	at symlab.CloudAR.network.TransmissionTask.run(TransmissionTask.java:124)
11-06 13:24:17.368 15242 15275 W System.err: 	at android.os.Handler.handleCallback(Handler.java:907)
11-06 13:24:17.368 15242 15275 W System.err: 	at android.os.Handler.dispatchMessage(Handler.java:105)
11-06 13:24:17.368 15242 15275 W System.err: 	at android.os.Looper.loop(Looper.java:216)
11-06 13:24:17.368 15242 15275 W System.err: 	at android.os.HandlerThread.run(HandlerThread.java:65)
11-06 13:24:17.406 15242 15275 W System.err: java.net.SocketException: Message too long
11-06 13:24:17.406 15242 15275 W System.err: 	at sun.nio.ch.DatagramChannelImpl.send0(Native Method)
11-06 13:24:17.406 15242 15275 W System.err: 	at sun.nio.ch.DatagramChannelImpl.sendFromNativeBuffer(DatagramChannelImpl.java:573)
11-06 13:24:17.406 15242 15275 W System.err: 	at sun.nio.ch.DatagramChannelImpl.send(DatagramChannelImpl.java:550)
11-06 13:24:17.406 15242 15275 W System.err: 	at sun.nio.ch.DatagramChannelImpl.send(DatagramChannelImpl.java:514)
11-06 13:24:17.406 15242 15275 W System.err: 	at symlab.CloudAR.network.TransmissionTask.run(TransmissionTask.java:124)
11-06 13:24:17.407 15242 15275 W System.err: 	at android.os.Handler.handleCallback(Handler.java:907)
11-06 13:24:17.407 15242 15275 W System.err: 	at android.os.Handler.dispatchMessage(Handler.java:105)
11-06 13:24:17.407 15242 15275 W System.err: 	at android.os.Looper.loop(Looper.java:216)
11-06 13:24:17.407 15242 15275 W System.err: 	at android.os.HandlerThread.run(HandlerThread.java:65)
11-06 13:24:17.442 15242 15275 W System.err: java.net.SocketException: Message too long
11-06 13:24:17.442 15242 15275 W System.err: 	at sun.nio.ch.DatagramChannelImpl.send0(Native Method)
11-06 13:24:17.442 15242 15275 W System.err: 	at sun.nio.ch.DatagramChannelImpl.sendFromNativeBuffer(DatagramChannelImpl.java:573)
11-06 13:24:17.442 15242 15275 W System.err: 	at sun.nio.ch.DatagramChannelImpl.send(DatagramChannelImpl.java:550)
11-06 13:24:17.442 15242 15275 W System.err: 	at sun.nio.ch.DatagramChannelImpl.send(DatagramChannelImpl.java:514)
11-06 13:24:17.442 15242 15275 W System.err: 	at symlab.CloudAR.network.TransmissionTask.run(TransmissionTask.java:124)
11-06 13:24:17.442 15242 15275 W System.err: 	at android.os.Handler.handleCallback(Handler.java:907)
11-06 13:24:17.442 15242 15275 W System.err: 	at android.os.Handler.dispatchMessage(Handler.java:105)
11-06 13:24:17.442 15242 15275 W System.err: 	at android.os.Looper.loop(Looper.java:216)
11-06 13:24:17.442 15242 15275 W System.err: 	at android.os.HandlerThread.run(HandlerThread.java:65)
11-06 13:24:17.472 15242 15275 W System.err: java.net.SocketException: Message too long
11-06 13:24:17.472 15242 15275 W System.err: 	at sun.nio.ch.DatagramChannelImpl.send0(Native Method)
11-06 13:24:17.472 15242 15275 W System.err: 	at sun.nio.ch.DatagramChannelImpl.sendFromNativeBuffer(DatagramChannelImpl.java:573)
11-06 13:24:17.472 15242 15275 W System.err: 	at sun.nio.ch.DatagramChannelImpl.send(DatagramChannelImpl.java:550)
11-06 13:24:17.472 15242 15275 W System.err: 	at sun.nio.ch.DatagramChannelImpl.send(DatagramChannelImpl.java:514)
11-06 13:24:17.472 15242 15275 W System.err: 	at symlab.CloudAR.network.TransmissionTask.run(TransmissionTask.java:124)
11-06 13:24:17.472 15242 15275 W System.err: 	at android.os.Handler.handleCallback(Handler.java:907)
11-06 13:24:17.472 15242 15275 W System.err: 	at android.os.Handler.dispatchMessage(Handler.java:105)
11-06 13:24:17.472 15242 15275 W System.err: 	at android.os.Looper.loop(Looper.java:216)
11-06 13:24:17.472 15242 15275 W System.err: 	at android.os.HandlerThread.run(HandlerThread.java:65)
11-06 13:24:17.499 15242 15275 W System.err: java.net.SocketException: Message too long
11-06 13:24:17.499 15242 15275 W System.err: 	at sun.nio.ch.DatagramChannelImpl.send0(Native Method)
11-06 13:24:17.499 15242 15275 W System.err: 	at sun.nio.ch.DatagramChannelImpl.sendFromNativeBuffer(DatagramChannelImpl.java:573)
11-06 13:24:17.499 15242 15275 W System.err: 	at sun.nio.ch.DatagramChannelImpl.send(DatagramChannelImpl.java:550)
11-06 13:24:17.499 15242 15275 W System.err: 	at sun.nio.ch.DatagramChannelImpl.send(DatagramChannelImpl.java:514)
11-06 13:24:17.499 15242 15275 W System.err: 	at symlab.CloudAR.network.TransmissionTask.run(TransmissionTask.java:124)
11-06 13:24:17.500 15242 15275 W System.err: 	at android.os.Handler.handleCallback(Handler.java:907)
11-06 13:24:17.500 15242 15275 W System.err: 	at android.os.Handler.dispatchMessage(Handler.java:105)
11-06 13:24:17.500 15242 15275 W System.err: 	at android.os.Looper.loop(Looper.java:216)
11-06 13:24:17.500 15242 15275 W System.err: 	at android.os.HandlerThread.run(HandlerThread.java:65)
11-06 13:24:17.539 15242 15275 W System.err: java.net.SocketException: Message too long
11-06 13:24:17.539 15242 15275 W System.err: 	at sun.nio.ch.DatagramChannelImpl.send0(Native Method)
11-06 13:24:17.539 15242 15275 W System.err: 	at sun.nio.ch.DatagramChannelImpl.sendFromNativeBuffer(DatagramChannelImpl.java:573)
11-06 13:24:17.539 15242 15275 W System.err: 	at sun.nio.ch.DatagramChannelImpl.send(DatagramChannelImpl.java:550)
11-06 13:24:17.539 15242 15275 W System.err: 	at sun.nio.ch.DatagramChannelImpl.send(DatagramChannelImpl.java:514)
11-06 13:24:17.539 15242 15275 W System.err: 	at symlab.CloudAR.network.TransmissionTask.run(TransmissionTask.java:124)
11-06 13:24:17.539 15242 15275 W System.err: 	at android.os.Handler.handleCallback(Handler.java:907)
11-06 13:24:17.539 15242 15275 W System.err: 	at android.os.Handler.dispatchMessage(Handler.java:105)
11-06 13:24:17.539 15242 15275 W System.err: 	at android.os.Looper.loop(Looper.java:216)
11-06 13:24:17.539 15242 15275 W System.err: 	at android.os.HandlerThread.run(HandlerThread.java:65)
11-06 13:24:17.574 15242 15275 W System.err: java.net.SocketException: Message too long
11-06 13:24:17.574 15242 15275 W System.err: 	at sun.nio.ch.DatagramChannelImpl.send0(Native Method)
11-06 13:24:17.574 15242 15275 W System.err: 	at sun.nio.ch.DatagramChannelImpl.sendFromNativeBuffer(DatagramChannelImpl.java:573)
11-06 13:24:17.574 15242 15275 W System.err: 	at sun.nio.ch.DatagramChannelImpl.send(DatagramChannelImpl.java:550)
11-06 13:24:17.575 15242 15275 W System.err: 	at sun.nio.ch.DatagramChannelImpl.send(DatagramChannelImpl.java:514)
11-06 13:24:17.575 15242 15275 W System.err: 	at symlab.CloudAR.network.TransmissionTask.run(TransmissionTask.java:124)
11-06 13:24:17.575 15242 15275 W System.err: 	at android.os.Handler.handleCallback(Handler.java:907)
11-06 13:24:17.575 15242 15275 W System.err: 	at android.os.Handler.dispatchMessage(Handler.java:105)
11-06 13:24:17.575 15242 15275 W System.err: 	at android.os.Looper.loop(Looper.java:216)
11-06 13:24:17.575 15242 15275 W System.err: 	at android.os.HandlerThread.run(HandlerThread.java:65)
11-06 13:24:17.606 15242 15275 W System.err: java.net.SocketException: Message too long
11-06 13:24:17.606 15242 15275 W System.err: 	at sun.nio.ch.DatagramChannelImpl.send0(Native Method)
11-06 13:24:17.606 15242 15275 W System.err: 	at sun.nio.ch.DatagramChannelImpl.sendFromNativeBuffer(DatagramChannelImpl.java:573)
11-06 13:24:17.606 15242 15275 W System.err: 	at sun.nio.ch.DatagramChannelImpl.send(DatagramChannelImpl.java:550)
11-06 13:24:17.607 15242 15275 W System.err: 	at sun.nio.ch.DatagramChannelImpl.send(DatagramChannelImpl.java:514)
11-06 13:24:17.607 15242 15275 W System.err: 	at symlab.CloudAR.network.TransmissionTask.run(TransmissionTask.java:124)
11-06 13:24:17.607 15242 15275 W System.err: 	at android.os.Handler.handleCallback(Handler.java:907)
11-06 13:24:17.607 15242 15275 W System.err: 	at android.os.Handler.dispatchMessage(Handler.java:105)
11-06 13:24:17.607 15242 15275 W System.err: 	at android.os.Looper.loop(Looper.java:216)
11-06 13:24:17.607 15242 15275 W System.err: 	at android.os.HandlerThread.run(HandlerThread.java:65)
11-06 13:24:17.642 15242 15275 W System.err: java.net.SocketException: Message too long
11-06 13:24:17.642 15242 15275 W System.err: 	at sun.nio.ch.DatagramChannelImpl.send0(Native Method)
11-06 13:24:17.642 15242 15275 W System.err: 	at sun.nio.ch.DatagramChannelImpl.sendFromNativeBuffer(DatagramChannelImpl.java:573)
11-06 13:24:17.642 15242 15275 W System.err: 	at sun.nio.ch.DatagramChannelImpl.send(DatagramChannelImpl.java:550)
11-06 13:24:17.642 15242 15275 W System.err: 	at sun.nio.ch.DatagramChannelImpl.send(DatagramChannelImpl.java:514)
11-06 13:24:17.643 15242 15275 W System.err: 	at symlab.CloudAR.network.TransmissionTask.run(TransmissionTask.java:124)
11-06 13:24:17.643 15242 15275 W System.err: 	at android.os.Handler.handleCallback(Handler.java:907)
11-06 13:24:17.643 15242 15275 W System.err: 	at android.os.Handler.dispatchMessage(Handler.java:105)
11-06 13:24:17.643 15242 15275 W System.err: 	at android.os.Looper.loop(Looper.java:216)
11-06 13:24:17.643 15242 15275 W System.err: 	at android.os.HandlerThread.run(HandlerThread.java:65)
11-06 13:24:17.673 15242 15275 W System.err: java.net.SocketException: Message too long
11-06 13:24:17.673 15242 15275 W System.err: 	at sun.nio.ch.DatagramChannelImpl.send0(Native Method)
11-06 13:24:17.673 15242 15275 W System.err: 	at sun.nio.ch.DatagramChannelImpl.sendFromNativeBuffer(DatagramChannelImpl.java:573)
11-06 13:24:17.673 15242 15275 W System.err: 	at sun.nio.ch.DatagramChannelImpl.send(DatagramChannelImpl.java:550)
11-06 13:24:17.673 15242 15275 W System.err: 	at sun.nio.ch.DatagramChannelImpl.send(DatagramChannelImpl.java:514)
11-06 13:24:17.673 15242 15275 W System.err: 	at symlab.CloudAR.network.TransmissionTask.run(TransmissionTask.java:124)
11-06 13:24:17.673 15242 15275 W System.err: 	at android.os.Handler.handleCallback(Handler.java:907)
11-06 13:24:17.673 15242 15275 W System.err: 	at android.os.Handler.dispatchMessage(Handler.java:105)
11-06 13:24:17.673 15242 15275 W System.err: 	at android.os.Looper.loop(Looper.java:216)
11-06 13:24:17.673 15242 15275 W System.err: 	at android.os.HandlerThread.run(HandlerThread.java:65)
11-06 13:24:17.708 15242 15275 W System.err: java.net.SocketException: Message too long
11-06 13:24:17.708 15242 15275 W System.err: 	at sun.nio.ch.DatagramChannelImpl.send0(Native Method)
11-06 13:24:17.708 15242 15275 W System.err: 	at sun.nio.ch.DatagramChannelImpl.sendFromNativeBuffer(DatagramChannelImpl.java:573)
11-06 13:24:17.708 15242 15275 W System.err: 	at sun.nio.ch.DatagramChannelImpl.send(DatagramChannelImpl.java:550)
11-06 13:24:17.708 15242 15275 W System.err: 	at sun.nio.ch.DatagramChannelImpl.send(DatagramChannelImpl.java:514)
11-06 13:24:17.708 15242 15275 W System.err: 	at symlab.CloudAR.network.TransmissionTask.run(TransmissionTask.java:124)
11-06 13:24:17.708 15242 15275 W System.err: 	at android.os.Handler.handleCallback(Handler.java:907)
11-06 13:24:17.708 15242 15275 W System.err: 	at android.os.Handler.dispatchMessage(Handler.java:105)
11-06 13:24:17.708 15242 15275 W System.err: 	at android.os.Looper.loop(Looper.java:216)
11-06 13:24:17.708 15242 15275 W System.err: 	at android.os.HandlerThread.run(HandlerThread.java:65)
11-06 13:24:17.753 15242 15275 W System.err: java.net.SocketException: Message too long
11-06 13:24:17.753 15242 15275 W System.err: 	at sun.nio.ch.DatagramChannelImpl.send0(Native Method)
11-06 13:24:17.753 15242 15275 W System.err: 	at sun.nio.ch.DatagramChannelImpl.sendFromNativeBuffer(DatagramChannelImpl.java:573)
11-06 13:24:17.753 15242 15275 W System.err: 	at sun.nio.ch.DatagramChannelImpl.send(DatagramChannelImpl.java:550)
11-06 13:24:17.753 15242 15275 W System.err: 	at sun.nio.ch.DatagramChannelImpl.send(DatagramChannelImpl.java:514)
11-06 13:24:17.753 15242 15275 W System.err: 	at symlab.CloudAR.network.TransmissionTask.run(TransmissionTask.java:124)
11-06 13:24:17.753 15242 15275 W System.err: 	at android.os.Handler.handleCallback(Handler.java:907)
11-06 13:24:17.753 15242 15275 W System.err: 	at android.os.Handler.dispatchMessage(Handler.java:105)
11-06 13:24:17.753 15242 15275 W System.err: 	at android.os.Looper.loop(Looper.java:216)
11-06 13:24:17.753 15242 15275 W System.err: 	at android.os.HandlerThread.run(HandlerThread.java:65)
11-06 13:24:17.797 15242 15253 E         : [ZeroHung]zrhung_get_config: Get config failed for wp[0x0008]
11-06 13:24:17.797 15242 15275 W System.err: java.net.SocketException: Message too long
11-06 13:24:17.797 15242 15275 W System.err: 	at sun.nio.ch.DatagramChannelImpl.send0(Native Method)
11-06 13:24:17.797 15242 15275 W System.err: 	at sun.nio.ch.DatagramChannelImpl.sendFromNativeBuffer(DatagramChannelImpl.java:573)
11-06 13:24:17.797 15242 15275 W System.err: 	at sun.nio.ch.DatagramChannelImpl.send(DatagramChannelImpl.java:550)
11-06 13:24:17.797 15242 15275 W System.err: 	at sun.nio.ch.DatagramChannelImpl.send(DatagramChannelImpl.java:514)
11-06 13:24:17.797 15242 15275 W System.err: 	at symlab.CloudAR.network.TransmissionTask.run(TransmissionTask.java:124)
11-06 13:24:17.797 15242 15275 W System.err: 	at android.os.Handler.handleCallback(Handler.java:907)
11-06 13:24:17.797 15242 15275 W System.err: 	at android.os.Handler.dispatchMessage(Handler.java:105)
11-06 13:24:17.797 15242 15275 W System.err: 	at android.os.Looper.loop(Looper.java:216)
11-06 13:24:17.797 15242 15275 W System.err: 	at android.os.HandlerThread.run(HandlerThread.java:65)
11-06 13:24:17.816 15242 15275 W System.err: java.net.SocketException: Message too long
11-06 13:24:17.816 15242 15275 W System.err: 	at sun.nio.ch.DatagramChannelImpl.send0(Native Method)
11-06 13:24:17.816 15242 15275 W System.err: 	at sun.nio.ch.DatagramChannelImpl.sendFromNativeBuffer(DatagramChannelImpl.java:573)
11-06 13:24:17.817 15242 15275 W System.err: 	at sun.nio.ch.DatagramChannelImpl.send(DatagramChannelImpl.java:550)
11-06 13:24:17.817 15242 15275 W System.err: 	at sun.nio.ch.DatagramChannelImpl.send(DatagramChannelImpl.java:514)
11-06 13:24:17.817 15242 15275 W System.err: 	at symlab.CloudAR.network.TransmissionTask.run(TransmissionTask.java:124)
11-06 13:24:17.817 15242 15275 W System.err: 	at android.os.Handler.handleCallback(Handler.java:907)
11-06 13:24:17.817 15242 15275 W System.err: 	at android.os.Handler.dispatchMessage(Handler.java:105)
11-06 13:24:17.817 15242 15275 W System.err: 	at android.os.Looper.loop(Looper.java:216)
11-06 13:24:17.817 15242 15275 W System.err: 	at android.os.HandlerThread.run(HandlerThread.java:65)
11-06 13:24:17.850 15242 15275 W System.err: java.net.SocketException: Message too long
11-06 13:24:17.850 15242 15275 W System.err: 	at sun.nio.ch.DatagramChannelImpl.send0(Native Method)
11-06 13:24:17.850 15242 15275 W System.err: 	at sun.nio.ch.DatagramChannelImpl.sendFromNativeBuffer(DatagramChannelImpl.java:573)
11-06 13:24:17.851 15242 15275 W System.err: 	at sun.nio.ch.DatagramChannelImpl.send(DatagramChannelImpl.java:550)
11-06 13:24:17.851 15242 15275 W System.err: 	at sun.nio.ch.DatagramChannelImpl.send(DatagramChannelImpl.java:514)
11-06 13:24:17.851 15242 15275 W System.err: 	at symlab.CloudAR.network.TransmissionTask.run(TransmissionTask.java:124)
11-06 13:24:17.851 15242 15275 W System.err: 	at android.os.Handler.handleCallback(Handler.java:907)
11-06 13:24:17.851 15242 15275 W System.err: 	at android.os.Handler.dispatchMessage(Handler.java:105)
11-06 13:24:17.851 15242 15275 W System.err: 	at android.os.Looper.loop(Looper.java:216)
11-06 13:24:17.851 15242 15275 W System.err: 	at android.os.HandlerThread.run(HandlerThread.java:65)
11-06 13:24:17.874 15242 15275 W System.err: java.net.SocketException: Message too long
11-06 13:24:17.874 15242 15275 W System.err: 	at sun.nio.ch.DatagramChannelImpl.send0(Native Method)
11-06 13:24:17.874 15242 15275 W System.err: 	at sun.nio.ch.DatagramChannelImpl.sendFromNativeBuffer(DatagramChannelImpl.java:573)
11-06 13:24:17.874 15242 15275 W System.err: 	at sun.nio.ch.DatagramChannelImpl.send(DatagramChannelImpl.java:550)
11-06 13:24:17.874 15242 15275 W System.err: 	at sun.nio.ch.DatagramChannelImpl.send(DatagramChannelImpl.java:514)
11-06 13:24:17.874 15242 15275 W System.err: 	at symlab.CloudAR.network.TransmissionTask.run(TransmissionTask.java:124)
11-06 13:24:17.874 15242 15275 W System.err: 	at android.os.Handler.handleCallback(Handler.java:907)
11-06 13:24:17.874 15242 15275 W System.err: 	at android.os.Handler.dispatchMessage(Handler.java:105)
11-06 13:24:17.874 15242 15275 W System.err: 	at android.os.Looper.loop(Looper.java:216)
11-06 13:24:17.874 15242 15275 W System.err: 	at android.os.HandlerThread.run(HandlerThread.java:65)
11-06 13:24:17.913 15242 15275 W System.err: java.net.SocketException: Message too long
11-06 13:24:17.914 15242 15275 W System.err: 	at sun.nio.ch.DatagramChannelImpl.send0(Native Method)
11-06 13:24:17.914 15242 15275 W System.err: 	at sun.nio.ch.DatagramChannelImpl.sendFromNativeBuffer(DatagramChannelImpl.java:573)
11-06 13:24:17.914 15242 15275 W System.err: 	at sun.nio.ch.DatagramChannelImpl.send(DatagramChannelImpl.java:550)
11-06 13:24:17.914 15242 15275 W System.err: 	at sun.nio.ch.DatagramChannelImpl.send(DatagramChannelImpl.java:514)
11-06 13:24:17.914 15242 15275 W System.err: 	at symlab.CloudAR.network.TransmissionTask.run(TransmissionTask.java:124)
11-06 13:24:17.914 15242 15275 W System.err: 	at android.os.Handler.handleCallback(Handler.java:907)
11-06 13:24:17.914 15242 15275 W System.err: 	at android.os.Handler.dispatchMessage(Handler.java:105)
11-06 13:24:17.914 15242 15275 W System.err: 	at android.os.Looper.loop(Looper.java:216)
11-06 13:24:17.914 15242 15275 W System.err: 	at android.os.HandlerThread.run(HandlerThread.java:65)
11-06 13:24:17.942 15242 15275 W System.err: java.net.SocketException: Message too long
11-06 13:24:17.942 15242 15275 W System.err: 	at sun.nio.ch.DatagramChannelImpl.send0(Native Method)
11-06 13:24:17.942 15242 15275 W System.err: 	at sun.nio.ch.DatagramChannelImpl.sendFromNativeBuffer(DatagramChannelImpl.java:573)
11-06 13:24:17.942 15242 15275 W System.err: 	at sun.nio.ch.DatagramChannelImpl.send(DatagramChannelImpl.java:550)
11-06 13:24:17.942 15242 15275 W System.err: 	at sun.nio.ch.DatagramChannelImpl.send(DatagramChannelImpl.java:514)
11-06 13:24:17.942 15242 15275 W System.err: 	at symlab.CloudAR.network.TransmissionTask.run(TransmissionTask.java:124)
11-06 13:24:17.943 15242 15275 W System.err: 	at android.os.Handler.handleCallback(Handler.java:907)
11-06 13:24:17.943 15242 15275 W System.err: 	at android.os.Handler.dispatchMessage(Handler.java:105)
11-06 13:24:17.943 15242 15275 W System.err: 	at android.os.Looper.loop(Looper.java:216)
11-06 13:24:17.943 15242 15275 W System.err: 	at android.os.HandlerThread.run(HandlerThread.java:65)
11-06 13:24:17.974 15242 15275 W System.err: java.net.SocketException: Message too long
11-06 13:24:17.974 15242 15275 W System.err: 	at sun.nio.ch.DatagramChannelImpl.send0(Native Method)
11-06 13:24:17.974 15242 15275 W System.err: 	at sun.nio.ch.DatagramChannelImpl.sendFromNativeBuffer(DatagramChannelImpl.java:573)
11-06 13:24:17.974 15242 15275 W System.err: 	at sun.nio.ch.DatagramChannelImpl.send(DatagramChannelImpl.java:550)
11-06 13:24:17.974 15242 15275 W System.err: 	at sun.nio.ch.DatagramChannelImpl.send(DatagramChannelImpl.java:514)
11-06 13:24:17.974 15242 15275 W System.err: 	at symlab.CloudAR.network.TransmissionTask.run(TransmissionTask.java:124)
11-06 13:24:17.974 15242 15275 W System.err: 	at android.os.Handler.handleCallback(Handler.java:907)
11-06 13:24:17.975 15242 15275 W System.err: 	at android.os.Handler.dispatchMessage(Handler.java:105)
11-06 13:24:17.975 15242 15275 W System.err: 	at android.os.Looper.loop(Looper.java:216)
11-06 13:24:17.975 15242 15275 W System.err: 	at android.os.HandlerThread.run(HandlerThread.java:65)
11-06 13:24:18.021 15242 15275 W System.err: java.net.SocketException: Message too long
11-06 13:24:18.021 15242 15275 W System.err: 	at sun.nio.ch.DatagramChannelImpl.send0(Native Method)
11-06 13:24:18.021 15242 15275 W System.err: 	at sun.nio.ch.DatagramChannelImpl.sendFromNativeBuffer(DatagramChannelImpl.java:573)
11-06 13:24:18.021 15242 15275 W System.err: 	at sun.nio.ch.DatagramChannelImpl.send(DatagramChannelImpl.java:550)
11-06 13:24:18.021 15242 15275 W System.err: 	at sun.nio.ch.DatagramChannelImpl.send(DatagramChannelImpl.java:514)
11-06 13:24:18.022 15242 15275 W System.err: 	at symlab.CloudAR.network.TransmissionTask.run(TransmissionTask.java:124)
11-06 13:24:18.022 15242 15275 W System.err: 	at android.os.Handler.handleCallback(Handler.java:907)
11-06 13:24:18.022 15242 15275 W System.err: 	at android.os.Handler.dispatchMessage(Handler.java:105)
11-06 13:24:18.022 15242 15275 W System.err: 	at android.os.Looper.loop(Looper.java:216)
11-06 13:24:18.022 15242 15275 W System.err: 	at android.os.HandlerThread.run(HandlerThread.java:65)
11-06 13:24:18.025 15242 15242 D Poster  : At 1573039458025 location is 65.06010227473939 (latitude), and 25.466798112532974 (longitude)
11-06 13:24:18.027 15242 15242 D Poster  : Connected to mobile network 20
11-06 13:24:18.060 15242 15275 W System.err: java.net.SocketException: Message too long
11-06 13:24:18.060 15242 15275 W System.err: 	at sun.nio.ch.DatagramChannelImpl.send0(Native Method)
11-06 13:24:18.060 15242 15275 W System.err: 	at sun.nio.ch.DatagramChannelImpl.sendFromNativeBuffer(DatagramChannelImpl.java:573)
11-06 13:24:18.060 15242 15275 W System.err: 	at sun.nio.ch.DatagramChannelImpl.send(DatagramChannelImpl.java:550)
11-06 13:24:18.060 15242 15275 W System.err: 	at sun.nio.ch.DatagramChannelImpl.send(DatagramChannelImpl.java:514)
11-06 13:24:18.060 15242 15275 W System.err: 	at symlab.CloudAR.network.TransmissionTask.run(TransmissionTask.java:124)
11-06 13:24:18.060 15242 15275 W System.err: 	at android.os.Handler.handleCallback(Handler.java:907)
11-06 13:24:18.060 15242 15275 W System.err: 	at android.os.Handler.dispatchMessage(Handler.java:105)
11-06 13:24:18.060 15242 15275 W System.err: 	at android.os.Looper.loop(Looper.java:216)
11-06 13:24:18.060 15242 15275 W System.err: 	at android.os.HandlerThread.run(HandlerThread.java:65)
11-06 13:24:18.081 15242 15275 W System.err: java.net.SocketException: Message too long
11-06 13:24:18.081 15242 15275 W System.err: 	at sun.nio.ch.DatagramChannelImpl.send0(Native Method)
11-06 13:24:18.081 15242 15275 W System.err: 	at sun.nio.ch.DatagramChannelImpl.sendFromNativeBuffer(DatagramChannelImpl.java:573)
11-06 13:24:18.081 15242 15275 W System.err: 	at sun.nio.ch.DatagramChannelImpl.send(DatagramChannelImpl.java:550)
11-06 13:24:18.081 15242 15275 W System.err: 	at sun.nio.ch.DatagramChannelImpl.send(DatagramChannelImpl.java:514)
11-06 13:24:18.081 15242 15275 W System.err: 	at symlab.CloudAR.network.TransmissionTask.run(TransmissionTask.java:124)
11-06 13:24:18.081 15242 15275 W System.err: 	at android.os.Handler.handleCallback(Handler.java:907)
11-06 13:24:18.081 15242 15275 W System.err: 	at android.os.Handler.dispatchMessage(Handler.java:105)
11-06 13:24:18.081 15242 15275 W System.err: 	at android.os.Looper.loop(Looper.java:216)
11-06 13:24:18.081 15242 15275 W System.err: 	at android.os.HandlerThread.run(HandlerThread.java:65)
11-06 13:24:18.107 15242 15275 W System.err: java.net.SocketException: Message too long
11-06 13:24:18.107 15242 15275 W System.err: 	at sun.nio.ch.DatagramChannelImpl.send0(Native Method)
11-06 13:24:18.107 15242 15275 W System.err: 	at sun.nio.ch.DatagramChannelImpl.sendFromNativeBuffer(DatagramChannelImpl.java:573)
11-06 13:24:18.107 15242 15275 W System.err: 	at sun.nio.ch.DatagramChannelImpl.send(DatagramChannelImpl.java:550)
11-06 13:24:18.107 15242 15275 W System.err: 	at sun.nio.ch.DatagramChannelImpl.send(DatagramChannelImpl.java:514)
11-06 13:24:18.107 15242 15275 W System.err: 	at symlab.CloudAR.network.TransmissionTask.run(TransmissionTask.java:124)
11-06 13:24:18.107 15242 15275 W System.err: 	at android.os.Handler.handleCallback(Handler.java:907)
11-06 13:24:18.107 15242 15275 W System.err: 	at android.os.Handler.dispatchMessage(Handler.java:105)
11-06 13:24:18.107 15242 15275 W System.err: 	at android.os.Looper.loop(Looper.java:216)
11-06 13:24:18.107 15242 15275 W System.err: 	at android.os.HandlerThread.run(HandlerThread.java:65)
11-06 13:24:18.143 15242 15275 W System.err: java.net.SocketException: Message too long
11-06 13:24:18.143 15242 15275 W System.err: 	at sun.nio.ch.DatagramChannelImpl.send0(Native Method)
11-06 13:24:18.143 15242 15275 W System.err: 	at sun.nio.ch.DatagramChannelImpl.sendFromNativeBuffer(DatagramChannelImpl.java:573)
11-06 13:24:18.143 15242 15275 W System.err: 	at sun.nio.ch.DatagramChannelImpl.send(DatagramChannelImpl.java:550)
11-06 13:24:18.143 15242 15275 W System.err: 	at sun.nio.ch.DatagramChannelImpl.send(DatagramChannelImpl.java:514)
11-06 13:24:18.143 15242 15275 W System.err: 	at symlab.CloudAR.network.TransmissionTask.run(TransmissionTask.java:124)
11-06 13:24:18.143 15242 15275 W System.err: 	at android.os.Handler.handleCallback(Handler.java:907)
11-06 13:24:18.143 15242 15275 W System.err: 	at android.os.Handler.dispatchMessage(Handler.java:105)
11-06 13:24:18.143 15242 15275 W System.err: 	at android.os.Looper.loop(Looper.java:216)
11-06 13:24:18.143 15242 15275 W System.err: 	at android.os.HandlerThread.run(HandlerThread.java:65)
11-06 13:24:18.176 15242 15275 W System.err: java.net.SocketException: Message too long
11-06 13:24:18.176 15242 15275 W System.err: 	at sun.nio.ch.DatagramChannelImpl.send0(Native Method)
11-06 13:24:18.176 15242 15275 W System.err: 	at sun.nio.ch.DatagramChannelImpl.sendFromNativeBuffer(DatagramChannelImpl.java:573)
11-06 13:24:18.176 15242 15275 W System.err: 	at sun.nio.ch.DatagramChannelImpl.send(DatagramChannelImpl.java:550)
11-06 13:24:18.176 15242 15275 W System.err: 	at sun.nio.ch.DatagramChannelImpl.send(DatagramChannelImpl.java:514)
11-06 13:24:18.176 15242 15275 W System.err: 	at symlab.CloudAR.network.TransmissionTask.run(TransmissionTask.java:124)
11-06 13:24:18.176 15242 15275 W System.err: 	at android.os.Handler.handleCallback(Handler.java:907)
11-06 13:24:18.176 15242 15275 W System.err: 	at android.os.Handler.dispatchMessage(Handler.java:105)
11-06 13:24:18.176 15242 15275 W System.err: 	at android.os.Looper.loop(Looper.java:216)
11-06 13:24:18.177 15242 15275 W System.err: 	at android.os.HandlerThread.run(HandlerThread.java:65)
11-06 13:24:18.214 15242 15275 W System.err: java.net.SocketException: Message too long
11-06 13:24:18.214 15242 15275 W System.err: 	at sun.nio.ch.DatagramChannelImpl.send0(Native Method)
11-06 13:24:18.214 15242 15275 W System.err: 	at sun.nio.ch.DatagramChannelImpl.sendFromNativeBuffer(DatagramChannelImpl.java:573)
11-06 13:24:18.214 15242 15275 W System.err: 	at sun.nio.ch.DatagramChannelImpl.send(DatagramChannelImpl.java:550)
11-06 13:24:18.214 15242 15275 W System.err: 	at sun.nio.ch.DatagramChannelImpl.send(DatagramChannelImpl.java:514)
11-06 13:24:18.214 15242 15275 W System.err: 	at symlab.CloudAR.network.TransmissionTask.run(TransmissionTask.java:124)
11-06 13:24:18.214 15242 15275 W System.err: 	at android.os.Handler.handleCallback(Handler.java:907)
11-06 13:24:18.214 15242 15275 W System.err: 	at android.os.Handler.dispatchMessage(Handler.java:105)
11-06 13:24:18.214 15242 15275 W System.err: 	at android.os.Looper.loop(Looper.java:216)
11-06 13:24:18.214 15242 15275 W System.err: 	at android.os.HandlerThread.run(HandlerThread.java:65)
11-06 13:24:18.248 15242 15275 W System.err: java.net.SocketException: Message too long
11-06 13:24:18.248 15242 15275 W System.err: 	at sun.nio.ch.DatagramChannelImpl.send0(Native Method)
11-06 13:24:18.248 15242 15275 W System.err: 	at sun.nio.ch.DatagramChannelImpl.sendFromNativeBuffer(DatagramChannelImpl.java:573)
11-06 13:24:18.248 15242 15275 W System.err: 	at sun.nio.ch.DatagramChannelImpl.send(DatagramChannelImpl.java:550)
11-06 13:24:18.248 15242 15275 W System.err: 	at sun.nio.ch.DatagramChannelImpl.send(DatagramChannelImpl.java:514)
11-06 13:24:18.248 15242 15275 W System.err: 	at symlab.CloudAR.network.TransmissionTask.run(TransmissionTask.java:124)
11-06 13:24:18.248 15242 15275 W System.err: 	at android.os.Handler.handleCallback(Handler.java:907)
11-06 13:24:18.248 15242 15275 W System.err: 	at android.os.Handler.dispatchMessage(Handler.java:105)
11-06 13:24:18.248 15242 15275 W System.err: 	at android.os.Looper.loop(Looper.java:216)
11-06 13:24:18.248 15242 15275 W System.err: 	at android.os.HandlerThread.run(HandlerThread.java:65)
11-06 13:24:18.286 15242 15275 W System.err: java.net.SocketException: Message too long
11-06 13:24:18.286 15242 15275 W System.err: 	at sun.nio.ch.DatagramChannelImpl.send0(Native Method)
11-06 13:24:18.286 15242 15275 W System.err: 	at sun.nio.ch.DatagramChannelImpl.sendFromNativeBuffer(DatagramChannelImpl.java:573)
11-06 13:24:18.286 15242 15275 W System.err: 	at sun.nio.ch.DatagramChannelImpl.send(DatagramChannelImpl.java:550)
11-06 13:24:18.286 15242 15275 W System.err: 	at sun.nio.ch.DatagramChannelImpl.send(DatagramChannelImpl.java:514)
11-06 13:24:18.286 15242 15275 W System.err: 	at symlab.CloudAR.network.TransmissionTask.run(TransmissionTask.java:124)
11-06 13:24:18.286 15242 15275 W System.err: 	at android.os.Handler.handleCallback(Handler.java:907)
11-06 13:24:18.286 15242 15275 W System.err: 	at android.os.Handler.dispatchMessage(Handler.java:105)
11-06 13:24:18.286 15242 15275 W System.err: 	at android.os.Looper.loop(Looper.java:216)
11-06 13:24:18.286 15242 15275 W System.err: 	at android.os.HandlerThread.run(HandlerThread.java:65)
11-06 13:24:18.312 15242 15275 W System.err: java.net.SocketException: Message too long
11-06 13:24:18.312 15242 15275 W System.err: 	at sun.nio.ch.DatagramChannelImpl.send0(Native Method)
11-06 13:24:18.312 15242 15275 W System.err: 	at sun.nio.ch.DatagramChannelImpl.sendFromNativeBuffer(DatagramChannelImpl.java:573)
11-06 13:24:18.312 15242 15275 W System.err: 	at sun.nio.ch.DatagramChannelImpl.send(DatagramChannelImpl.java:550)
11-06 13:24:18.312 15242 15275 W System.err: 	at sun.nio.ch.DatagramChannelImpl.send(DatagramChannelImpl.java:514)
11-06 13:24:18.312 15242 15275 W System.err: 	at symlab.CloudAR.network.TransmissionTask.run(TransmissionTask.java:124)
11-06 13:24:18.312 15242 15275 W System.err: 	at android.os.Handler.handleCallback(Handler.java:907)
11-06 13:24:18.312 15242 15275 W System.err: 	at android.os.Handler.dispatchMessage(Handler.java:105)
11-06 13:24:18.312 15242 15275 W System.err: 	at android.os.Looper.loop(Looper.java:216)
11-06 13:24:18.312 15242 15275 W System.err: 	at android.os.HandlerThread.run(HandlerThread.java:65)
11-06 13:24:18.341 15242 15275 W System.err: java.net.SocketException: Message too long
11-06 13:24:18.341 15242 15275 W System.err: 	at sun.nio.ch.DatagramChannelImpl.send0(Native Method)
11-06 13:24:18.341 15242 15275 W System.err: 	at sun.nio.ch.DatagramChannelImpl.sendFromNativeBuffer(DatagramChannelImpl.java:573)
11-06 13:24:18.341 15242 15275 W System.err: 	at sun.nio.ch.DatagramChannelImpl.send(DatagramChannelImpl.java:550)
11-06 13:24:18.341 15242 15275 W System.err: 	at sun.nio.ch.DatagramChannelImpl.send(DatagramChannelImpl.java:514)
11-06 13:24:18.341 15242 15275 W System.err: 	at symlab.CloudAR.network.TransmissionTask.run(TransmissionTask.java:124)
11-06 13:24:18.341 15242 15275 W System.err: 	at android.os.Handler.handleCallback(Handler.java:907)
11-06 13:24:18.341 15242 15275 W System.err: 	at android.os.Handler.dispatchMessage(Handler.java:105)
11-06 13:24:18.341 15242 15275 W System.err: 	at android.os.Looper.loop(Looper.java:216)
11-06 13:24:18.341 15242 15275 W System.err: 	at android.os.HandlerThread.run(HandlerThread.java:65)
11-06 13:24:18.375 15242 15275 W System.err: java.net.SocketException: Message too long
11-06 13:24:18.375 15242 15275 W System.err: 	at sun.nio.ch.DatagramChannelImpl.send0(Native Method)
11-06 13:24:18.375 15242 15275 W System.err: 	at sun.nio.ch.DatagramChannelImpl.sendFromNativeBuffer(DatagramChannelImpl.java:573)
11-06 13:24:18.375 15242 15275 W System.err: 	at sun.nio.ch.DatagramChannelImpl.send(DatagramChannelImpl.java:550)
11-06 13:24:18.375 15242 15275 W System.err: 	at sun.nio.ch.DatagramChannelImpl.send(DatagramChannelImpl.java:514)
11-06 13:24:18.375 15242 15275 W System.err: 	at symlab.CloudAR.network.TransmissionTask.run(TransmissionTask.java:124)
11-06 13:24:18.375 15242 15275 W System.err: 	at android.os.Handler.handleCallback(Handler.java:907)
11-06 13:24:18.375 15242 15275 W System.err: 	at android.os.Handler.dispatchMessage(Handler.java:105)
11-06 13:24:18.375 15242 15275 W System.err: 	at android.os.Looper.loop(Looper.java:216)
11-06 13:24:18.375 15242 15275 W System.err: 	at android.os.HandlerThread.run(HandlerThread.java:65)
11-06 13:24:18.417 15242 15275 W System.err: java.net.SocketException: Message too long
11-06 13:24:18.417 15242 15275 W System.err: 	at sun.nio.ch.DatagramChannelImpl.send0(Native Method)
11-06 13:24:18.417 15242 15275 W System.err: 	at sun.nio.ch.DatagramChannelImpl.sendFromNativeBuffer(DatagramChannelImpl.java:573)
11-06 13:24:18.417 15242 15275 W System.err: 	at sun.nio.ch.DatagramChannelImpl.send(DatagramChannelImpl.java:550)
11-06 13:24:18.417 15242 15275 W System.err: 	at sun.nio.ch.DatagramChannelImpl.send(DatagramChannelImpl.java:514)
