11-06 14:39:49.968 24017 24051 W System.err: 	at symlab.CloudAR.network.TransmissionTask.run(TransmissionTask.java:124)
11-06 14:39:49.968 24017 24051 W System.err: 	at android.os.Handler.handleCallback(Handler.java:907)
11-06 14:39:49.968 24017 24051 W System.err: 	at android.os.Handler.dispatchMessage(Handler.java:105)
11-06 14:39:49.968 24017 24051 W System.err: 	at android.os.Looper.loop(Looper.java:216)
11-06 14:39:49.968 24017 24051 W System.err: 	at android.os.HandlerThread.run(HandlerThread.java:65)
11-06 14:39:49.969 24017 24051 D Evaluation: 1 res for frame 868 received at 1573043989969
11-06 14:39:50.007 24017 24051 W System.err: java.net.SocketException: Message too long
11-06 14:39:50.007 24017 24051 W System.err: 	at sun.nio.ch.DatagramChannelImpl.send0(Native Method)
11-06 14:39:50.007 24017 24051 W System.err: 	at sun.nio.ch.DatagramChannelImpl.sendFromNativeBuffer(DatagramChannelImpl.java:573)
11-06 14:39:50.007 24017 24051 W System.err: 	at sun.nio.ch.DatagramChannelImpl.send(DatagramChannelImpl.java:550)
11-06 14:39:50.007 24017 24051 W System.err: 	at sun.nio.ch.DatagramChannelImpl.send(DatagramChannelImpl.java:514)
11-06 14:39:50.007 24017 24051 W System.err: 	at symlab.CloudAR.network.TransmissionTask.run(TransmissionTask.java:124)
11-06 14:39:50.007 24017 24051 W System.err: 	at android.os.Handler.handleCallback(Handler.java:907)
11-06 14:39:50.007 24017 24051 W System.err: 	at android.os.Handler.dispatchMessage(Handler.java:105)
11-06 14:39:50.007 24017 24051 W System.err: 	at android.os.Looper.loop(Looper.java:216)
11-06 14:39:50.007 24017 24051 W System.err: 	at android.os.HandlerThread.run(HandlerThread.java:65)
11-06 14:39:50.056 24017 24051 W System.err: java.net.SocketException: Message too long
11-06 14:39:50.057 24017 24051 W System.err: 	at sun.nio.ch.DatagramChannelImpl.send0(Native Method)
11-06 14:39:50.057 24017 24051 W System.err: 	at sun.nio.ch.DatagramChannelImpl.sendFromNativeBuffer(DatagramChannelImpl.java:573)
11-06 14:39:50.057 24017 24051 W System.err: 	at sun.nio.ch.DatagramChannelImpl.send(DatagramChannelImpl.java:550)
11-06 14:39:50.057 24017 24051 W System.err: 	at sun.nio.ch.DatagramChannelImpl.send(DatagramChannelImpl.java:514)
11-06 14:39:50.057 24017 24051 W System.err: 	at symlab.CloudAR.network.TransmissionTask.run(TransmissionTask.java:124)
11-06 14:39:50.057 24017 24051 W System.err: 	at android.os.Handler.handleCallback(Handler.java:907)
11-06 14:39:50.057 24017 24051 W System.err: 	at android.os.Handler.dispatchMessage(Handler.java:105)
11-06 14:39:50.057 24017 24051 W System.err: 	at android.os.Looper.loop(Looper.java:216)
11-06 14:39:50.057 24017 24051 W System.err: 	at android.os.HandlerThread.run(HandlerThread.java:65)
11-06 14:39:50.078 24017 24051 W System.err: java.net.SocketException: Message too long
11-06 14:39:50.079 24017 24051 W System.err: 	at sun.nio.ch.DatagramChannelImpl.send0(Native Method)
11-06 14:39:50.079 24017 24051 W System.err: 	at sun.nio.ch.DatagramChannelImpl.sendFromNativeBuffer(DatagramChannelImpl.java:573)
11-06 14:39:50.079 24017 24051 W System.err: 	at sun.nio.ch.DatagramChannelImpl.send(DatagramChannelImpl.java:550)
11-06 14:39:50.079 24017 24051 W System.err: 	at sun.nio.ch.DatagramChannelImpl.send(DatagramChannelImpl.java:514)
11-06 14:39:50.079 24017 24051 W System.err: 	at symlab.CloudAR.network.TransmissionTask.run(TransmissionTask.java:124)
11-06 14:39:50.079 24017 24051 W System.err: 	at android.os.Handler.handleCallback(Handler.java:907)
11-06 14:39:50.079 24017 24051 W System.err: 	at android.os.Handler.dispatchMessage(Handler.java:105)
11-06 14:39:50.079 24017 24051 W System.err: 	at android.os.Looper.loop(Looper.java:216)
11-06 14:39:50.079 24017 24051 W System.err: 	at android.os.HandlerThread.run(HandlerThread.java:65)
11-06 14:39:50.106 24017 24051 W System.err: java.net.SocketException: Message too long
11-06 14:39:50.106 24017 24051 W System.err: 	at sun.nio.ch.DatagramChannelImpl.send0(Native Method)
11-06 14:39:50.106 24017 24051 W System.err: 	at sun.nio.ch.DatagramChannelImpl.sendFromNativeBuffer(DatagramChannelImpl.java:573)
11-06 14:39:50.106 24017 24051 W System.err: 	at sun.nio.ch.DatagramChannelImpl.send(DatagramChannelImpl.java:550)
11-06 14:39:50.107 24017 24051 W System.err: 	at sun.nio.ch.DatagramChannelImpl.send(DatagramChannelImpl.java:514)
11-06 14:39:50.107 24017 24051 W System.err: 	at symlab.CloudAR.network.TransmissionTask.run(TransmissionTask.java:124)
11-06 14:39:50.107 24017 24051 W System.err: 	at android.os.Handler.handleCallback(Handler.java:907)
11-06 14:39:50.107 24017 24051 W System.err: 	at android.os.Handler.dispatchMessage(Handler.java:105)
11-06 14:39:50.107 24017 24051 W System.err: 	at android.os.Looper.loop(Looper.java:216)
11-06 14:39:50.107 24017 24051 W System.err: 	at android.os.HandlerThread.run(HandlerThread.java:65)
11-06 14:39:50.132 24017 24051 W System.err: java.net.SocketException: Message too long
11-06 14:39:50.132 24017 24051 W System.err: 	at sun.nio.ch.DatagramChannelImpl.send0(Native Method)
11-06 14:39:50.132 24017 24051 W System.err: 	at sun.nio.ch.DatagramChannelImpl.sendFromNativeBuffer(DatagramChannelImpl.java:573)
11-06 14:39:50.132 24017 24051 W System.err: 	at sun.nio.ch.DatagramChannelImpl.send(DatagramChannelImpl.java:550)
11-06 14:39:50.132 24017 24051 W System.err: 	at sun.nio.ch.DatagramChannelImpl.send(DatagramChannelImpl.java:514)
11-06 14:39:50.132 24017 24051 W System.err: 	at symlab.CloudAR.network.TransmissionTask.run(TransmissionTask.java:124)
11-06 14:39:50.132 24017 24051 W System.err: 	at android.os.Handler.handleCallback(Handler.java:907)
11-06 14:39:50.132 24017 24051 W System.err: 	at android.os.Handler.dispatchMessage(Handler.java:105)
11-06 14:39:50.132 24017 24051 W System.err: 	at android.os.Looper.loop(Looper.java:216)
11-06 14:39:50.132 24017 24051 W System.err: 	at android.os.HandlerThread.run(HandlerThread.java:65)
11-06 14:39:50.176 24017 24051 W System.err: java.net.SocketException: Message too long
11-06 14:39:50.176 24017 24051 W System.err: 	at sun.nio.ch.DatagramChannelImpl.send0(Native Method)
11-06 14:39:50.176 24017 24051 W System.err: 	at sun.nio.ch.DatagramChannelImpl.sendFromNativeBuffer(DatagramChannelImpl.java:573)
11-06 14:39:50.176 24017 24051 W System.err: 	at sun.nio.ch.DatagramChannelImpl.send(DatagramChannelImpl.java:550)
11-06 14:39:50.176 24017 24051 W System.err: 	at sun.nio.ch.DatagramChannelImpl.send(DatagramChannelImpl.java:514)
11-06 14:39:50.176 24017 24051 W System.err: 	at symlab.CloudAR.network.TransmissionTask.run(TransmissionTask.java:124)
11-06 14:39:50.177 24017 24051 W System.err: 	at android.os.Handler.handleCallback(Handler.java:907)
11-06 14:39:50.177 24017 24051 W System.err: 	at android.os.Handler.dispatchMessage(Handler.java:105)
11-06 14:39:50.177 24017 24051 W System.err: 	at android.os.Looper.loop(Looper.java:216)
11-06 14:39:50.177 24017 24051 W System.err: 	at android.os.HandlerThread.run(HandlerThread.java:65)
11-06 14:39:50.214 24017 24051 W System.err: java.net.SocketException: Message too long
11-06 14:39:50.214 24017 24051 W System.err: 	at sun.nio.ch.DatagramChannelImpl.send0(Native Method)
11-06 14:39:50.214 24017 24051 W System.err: 	at sun.nio.ch.DatagramChannelImpl.sendFromNativeBuffer(DatagramChannelImpl.java:573)
11-06 14:39:50.214 24017 24051 W System.err: 	at sun.nio.ch.DatagramChannelImpl.send(DatagramChannelImpl.java:550)
11-06 14:39:50.214 24017 24051 W System.err: 	at sun.nio.ch.DatagramChannelImpl.send(DatagramChannelImpl.java:514)
11-06 14:39:50.214 24017 24051 W System.err: 	at symlab.CloudAR.network.TransmissionTask.run(TransmissionTask.java:124)
11-06 14:39:50.214 24017 24051 W System.err: 	at android.os.Handler.handleCallback(Handler.java:907)
11-06 14:39:50.214 24017 24051 W System.err: 	at android.os.Handler.dispatchMessage(Handler.java:105)
11-06 14:39:50.214 24017 24051 W System.err: 	at android.os.Looper.loop(Looper.java:216)
11-06 14:39:50.214 24017 24051 W System.err: 	at android.os.HandlerThread.run(HandlerThread.java:65)
11-06 14:39:50.229 24017 24017 D Poster  : At 1573043990229 location is 65.05785410749709 (latitude), and 25.468156909924048 (longitude)
11-06 14:39:50.231 24017 24017 D Poster  : Connected to mobile network 20
11-06 14:39:50.245 24017 24051 W System.err: java.net.SocketException: Message too long
11-06 14:39:50.245 24017 24051 W System.err: 	at sun.nio.ch.DatagramChannelImpl.send0(Native Method)
11-06 14:39:50.246 24017 24051 W System.err: 	at sun.nio.ch.DatagramChannelImpl.sendFromNativeBuffer(DatagramChannelImpl.java:573)
11-06 14:39:50.246 24017 24051 W System.err: 	at sun.nio.ch.DatagramChannelImpl.send(DatagramChannelImpl.java:550)
11-06 14:39:50.246 24017 24051 W System.err: 	at sun.nio.ch.DatagramChannelImpl.send(DatagramChannelImpl.java:514)
11-06 14:39:50.246 24017 24051 W System.err: 	at symlab.CloudAR.network.TransmissionTask.run(TransmissionTask.java:124)
11-06 14:39:50.246 24017 24051 W System.err: 	at android.os.Handler.handleCallback(Handler.java:907)
11-06 14:39:50.246 24017 24051 W System.err: 	at android.os.Handler.dispatchMessage(Handler.java:105)
11-06 14:39:50.246 24017 24051 W System.err: 	at android.os.Looper.loop(Looper.java:216)
11-06 14:39:50.246 24017 24051 W System.err: 	at android.os.HandlerThread.run(HandlerThread.java:65)
11-06 14:39:50.274 24017 24051 W System.err: java.net.SocketException: Message too long
11-06 14:39:50.274 24017 24051 W System.err: 	at sun.nio.ch.DatagramChannelImpl.send0(Native Method)
11-06 14:39:50.274 24017 24051 W System.err: 	at sun.nio.ch.DatagramChannelImpl.sendFromNativeBuffer(DatagramChannelImpl.java:573)
11-06 14:39:50.274 24017 24051 W System.err: 	at sun.nio.ch.DatagramChannelImpl.send(DatagramChannelImpl.java:550)
11-06 14:39:50.274 24017 24051 W System.err: 	at sun.nio.ch.DatagramChannelImpl.send(DatagramChannelImpl.java:514)
11-06 14:39:50.274 24017 24051 W System.err: 	at symlab.CloudAR.network.TransmissionTask.run(TransmissionTask.java:124)
11-06 14:39:50.274 24017 24051 W System.err: 	at android.os.Handler.handleCallback(Handler.java:907)
11-06 14:39:50.274 24017 24051 W System.err: 	at android.os.Handler.dispatchMessage(Handler.java:105)
11-06 14:39:50.274 24017 24051 W System.err: 	at android.os.Looper.loop(Looper.java:216)
11-06 14:39:50.275 24017 24051 W System.err: 	at android.os.HandlerThread.run(HandlerThread.java:65)
11-06 14:39:50.304 24017 24051 W System.err: java.net.SocketException: Message too long
11-06 14:39:50.304 24017 24051 W System.err: 	at sun.nio.ch.DatagramChannelImpl.send0(Native Method)
11-06 14:39:50.304 24017 24051 W System.err: 	at sun.nio.ch.DatagramChannelImpl.sendFromNativeBuffer(DatagramChannelImpl.java:573)
11-06 14:39:50.304 24017 24051 W System.err: 	at sun.nio.ch.DatagramChannelImpl.send(DatagramChannelImpl.java:550)
11-06 14:39:50.304 24017 24051 W System.err: 	at sun.nio.ch.DatagramChannelImpl.send(DatagramChannelImpl.java:514)
11-06 14:39:50.305 24017 24051 W System.err: 	at symlab.CloudAR.network.TransmissionTask.run(TransmissionTask.java:124)
11-06 14:39:50.305 24017 24051 W System.err: 	at android.os.Handler.handleCallback(Handler.java:907)
11-06 14:39:50.305 24017 24051 W System.err: 	at android.os.Handler.dispatchMessage(Handler.java:105)
11-06 14:39:50.305 24017 24051 W System.err: 	at android.os.Looper.loop(Looper.java:216)
11-06 14:39:50.305 24017 24051 W System.err: 	at android.os.HandlerThread.run(HandlerThread.java:65)
11-06 14:39:50.333 24017 24051 W System.err: java.net.SocketException: Message too long
11-06 14:39:50.333 24017 24051 W System.err: 	at sun.nio.ch.DatagramChannelImpl.send0(Native Method)
11-06 14:39:50.333 24017 24051 W System.err: 	at sun.nio.ch.DatagramChannelImpl.sendFromNativeBuffer(DatagramChannelImpl.java:573)
11-06 14:39:50.333 24017 24051 W System.err: 	at sun.nio.ch.DatagramChannelImpl.send(DatagramChannelImpl.java:550)
11-06 14:39:50.333 24017 24051 W System.err: 	at sun.nio.ch.DatagramChannelImpl.send(DatagramChannelImpl.java:514)
11-06 14:39:50.333 24017 24051 W System.err: 	at symlab.CloudAR.network.TransmissionTask.run(TransmissionTask.java:124)
11-06 14:39:50.333 24017 24051 W System.err: 	at android.os.Handler.handleCallback(Handler.java:907)
11-06 14:39:50.333 24017 24051 W System.err: 	at android.os.Handler.dispatchMessage(Handler.java:105)
11-06 14:39:50.333 24017 24051 W System.err: 	at android.os.Looper.loop(Looper.java:216)
11-06 14:39:50.333 24017 24051 W System.err: 	at android.os.HandlerThread.run(HandlerThread.java:65)
11-06 14:39:50.374 24017 24051 W System.err: java.net.SocketException: Message too long
11-06 14:39:50.374 24017 24051 W System.err: 	at sun.nio.ch.DatagramChannelImpl.send0(Native Method)
11-06 14:39:50.374 24017 24051 W System.err: 	at sun.nio.ch.DatagramChannelImpl.sendFromNativeBuffer(DatagramChannelImpl.java:573)
11-06 14:39:50.374 24017 24051 W System.err: 	at sun.nio.ch.DatagramChannelImpl.send(DatagramChannelImpl.java:550)
11-06 14:39:50.374 24017 24051 W System.err: 	at sun.nio.ch.DatagramChannelImpl.send(DatagramChannelImpl.java:514)
11-06 14:39:50.374 24017 24051 W System.err: 	at symlab.CloudAR.network.TransmissionTask.run(TransmissionTask.java:124)
11-06 14:39:50.374 24017 24051 W System.err: 	at android.os.Handler.handleCallback(Handler.java:907)
11-06 14:39:50.374 24017 24051 W System.err: 	at android.os.Handler.dispatchMessage(Handler.java:105)
11-06 14:39:50.374 24017 24051 W System.err: 	at android.os.Looper.loop(Looper.java:216)
11-06 14:39:50.374 24017 24051 W System.err: 	at android.os.HandlerThread.run(HandlerThread.java:65)
11-06 14:39:50.406 24017 24051 W System.err: java.net.SocketException: Message too long
11-06 14:39:50.406 24017 24051 W System.err: 	at sun.nio.ch.DatagramChannelImpl.send0(Native Method)
11-06 14:39:50.406 24017 24051 W System.err: 	at sun.nio.ch.DatagramChannelImpl.sendFromNativeBuffer(DatagramChannelImpl.java:573)
11-06 14:39:50.406 24017 24051 W System.err: 	at sun.nio.ch.DatagramChannelImpl.send(DatagramChannelImpl.java:550)
11-06 14:39:50.406 24017 24051 W System.err: 	at sun.nio.ch.DatagramChannelImpl.send(DatagramChannelImpl.java:514)
11-06 14:39:50.406 24017 24051 W System.err: 	at symlab.CloudAR.network.TransmissionTask.run(TransmissionTask.java:124)
11-06 14:39:50.406 24017 24051 W System.err: 	at android.os.Handler.handleCallback(Handler.java:907)
11-06 14:39:50.406 24017 24051 W System.err: 	at android.os.Handler.dispatchMessage(Handler.java:105)
11-06 14:39:50.406 24017 24051 W System.err: 	at android.os.Looper.loop(Looper.java:216)
11-06 14:39:50.406 24017 24051 W System.err: 	at android.os.HandlerThread.run(HandlerThread.java:65)
11-06 14:39:50.434 24017 24051 W System.err: java.net.SocketException: Message too long
11-06 14:39:50.435 24017 24051 W System.err: 	at sun.nio.ch.DatagramChannelImpl.send0(Native Method)
11-06 14:39:50.435 24017 24051 W System.err: 	at sun.nio.ch.DatagramChannelImpl.sendFromNativeBuffer(DatagramChannelImpl.java:573)
11-06 14:39:50.435 24017 24051 W System.err: 	at sun.nio.ch.DatagramChannelImpl.send(DatagramChannelImpl.java:550)
11-06 14:39:50.435 24017 24051 W System.err: 	at sun.nio.ch.DatagramChannelImpl.send(DatagramChannelImpl.java:514)
11-06 14:39:50.435 24017 24051 W System.err: 	at symlab.CloudAR.network.TransmissionTask.run(TransmissionTask.java:124)
11-06 14:39:50.435 24017 24051 W System.err: 	at android.os.Handler.handleCallback(Handler.java:907)
11-06 14:39:50.435 24017 24051 W System.err: 	at android.os.Handler.dispatchMessage(Handler.java:105)
11-06 14:39:50.435 24017 24051 W System.err: 	at android.os.Looper.loop(Looper.java:216)
11-06 14:39:50.435 24017 24051 W System.err: 	at android.os.HandlerThread.run(HandlerThread.java:65)
11-06 14:39:50.464 24017 24051 W System.err: java.net.SocketException: Message too long
11-06 14:39:50.464 24017 24051 W System.err: 	at sun.nio.ch.DatagramChannelImpl.send0(Native Method)
11-06 14:39:50.464 24017 24051 W System.err: 	at sun.nio.ch.DatagramChannelImpl.sendFromNativeBuffer(DatagramChannelImpl.java:573)
11-06 14:39:50.464 24017 24051 W System.err: 	at sun.nio.ch.DatagramChannelImpl.send(DatagramChannelImpl.java:550)
11-06 14:39:50.464 24017 24051 W System.err: 	at sun.nio.ch.DatagramChannelImpl.send(DatagramChannelImpl.java:514)
11-06 14:39:50.464 24017 24051 W System.err: 	at symlab.CloudAR.network.TransmissionTask.run(TransmissionTask.java:124)
11-06 14:39:50.465 24017 24051 W System.err: 	at android.os.Handler.handleCallback(Handler.java:907)
11-06 14:39:50.465 24017 24051 W System.err: 	at android.os.Handler.dispatchMessage(Handler.java:105)
11-06 14:39:50.465 24017 24051 W System.err: 	at android.os.Looper.loop(Looper.java:216)
11-06 14:39:50.465 24017 24051 W System.err: 	at android.os.HandlerThread.run(HandlerThread.java:65)
11-06 14:39:50.497 24017 24051 W System.err: java.net.SocketException: Message too long
11-06 14:39:50.497 24017 24051 W System.err: 	at sun.nio.ch.DatagramChannelImpl.send0(Native Method)
11-06 14:39:50.497 24017 24051 W System.err: 	at sun.nio.ch.DatagramChannelImpl.sendFromNativeBuffer(DatagramChannelImpl.java:573)
11-06 14:39:50.497 24017 24051 W System.err: 	at sun.nio.ch.DatagramChannelImpl.send(DatagramChannelImpl.java:550)
11-06 14:39:50.497 24017 24051 W System.err: 	at sun.nio.ch.DatagramChannelImpl.send(DatagramChannelImpl.java:514)
11-06 14:39:50.497 24017 24051 W System.err: 	at symlab.CloudAR.network.TransmissionTask.run(TransmissionTask.java:124)
11-06 14:39:50.497 24017 24051 W System.err: 	at android.os.Handler.handleCallback(Handler.java:907)
11-06 14:39:50.497 24017 24051 W System.err: 	at android.os.Handler.dispatchMessage(Handler.java:105)
11-06 14:39:50.497 24017 24051 W System.err: 	at android.os.Looper.loop(Looper.java:216)
11-06 14:39:50.497 24017 24051 W System.err: 	at android.os.HandlerThread.run(HandlerThread.java:65)
11-06 14:39:50.544 24017 24028 E         : [ZeroHung]zrhung_get_config: Get config failed for wp[0x0008]
11-06 14:39:50.544 24017 24051 W System.err: java.net.SocketException: Message too long
11-06 14:39:50.545 24017 24051 W System.err: 	at sun.nio.ch.DatagramChannelImpl.send0(Native Method)
11-06 14:39:50.545 24017 24051 W System.err: 	at sun.nio.ch.DatagramChannelImpl.sendFromNativeBuffer(DatagramChannelImpl.java:573)
11-06 14:39:50.545 24017 24051 W System.err: 	at sun.nio.ch.DatagramChannelImpl.send(DatagramChannelImpl.java:550)
11-06 14:39:50.545 24017 24051 W System.err: 	at sun.nio.ch.DatagramChannelImpl.send(DatagramChannelImpl.java:514)
11-06 14:39:50.545 24017 24051 W System.err: 	at symlab.CloudAR.network.TransmissionTask.run(TransmissionTask.java:124)
11-06 14:39:50.545 24017 24051 W System.err: 	at android.os.Handler.handleCallback(Handler.java:907)
11-06 14:39:50.545 24017 24051 W System.err: 	at android.os.Handler.dispatchMessage(Handler.java:105)
11-06 14:39:50.546 24017 24051 W System.err: 	at android.os.Looper.loop(Looper.java:216)
11-06 14:39:50.546 24017 24051 W System.err: 	at android.os.HandlerThread.run(HandlerThread.java:65)
11-06 14:39:50.576 24017 24026 W System  : A resource failed to call close. 
11-06 14:39:50.577 24017 24026 I chatty  : uid=10149(symlab.cloudridar.arhud) FinalizerDaemon identical 8 lines
11-06 14:39:50.577 24017 24026 W System  : A resource failed to call close. 
11-06 14:39:50.582 24017 24051 W System.err: java.net.SocketException: Message too long
11-06 14:39:50.582 24017 24051 W System.err: 	at sun.nio.ch.DatagramChannelImpl.send0(Native Method)
11-06 14:39:50.582 24017 24051 W System.err: 	at sun.nio.ch.DatagramChannelImpl.sendFromNativeBuffer(DatagramChannelImpl.java:573)
11-06 14:39:50.582 24017 24051 W System.err: 	at sun.nio.ch.DatagramChannelImpl.send(DatagramChannelImpl.java:550)
11-06 14:39:50.582 24017 24051 W System.err: 	at sun.nio.ch.DatagramChannelImpl.send(DatagramChannelImpl.java:514)
11-06 14:39:50.582 24017 24051 W System.err: 	at symlab.CloudAR.network.TransmissionTask.run(TransmissionTask.java:124)
11-06 14:39:50.582 24017 24051 W System.err: 	at android.os.Handler.handleCallback(Handler.java:907)
11-06 14:39:50.582 24017 24051 W System.err: 	at android.os.Handler.dispatchMessage(Handler.java:105)
11-06 14:39:50.582 24017 24051 W System.err: 	at android.os.Looper.loop(Looper.java:216)
11-06 14:39:50.582 24017 24051 W System.err: 	at android.os.HandlerThread.run(HandlerThread.java:65)
11-06 14:39:50.608 24017 24051 D Evaluation: Frame 894 sent at 1573043990608
11-06 14:39:50.639 24017 24051 D Evaluation: Frame 895 sent at 1573043990639
11-06 14:39:50.673 24017 24051 D Evaluation: Frame 896 sent at 1573043990673
11-06 14:39:50.715 24017 24051 D Evaluation: Frame 897 sent at 1573043990715
11-06 14:39:50.750 24017 24051 D Evaluation: Frame 898 sent at 1573043990750
11-06 14:39:50.787 24017 24051 D Evaluation: Frame 899 sent at 1573043990787
11-06 14:39:50.789 24017 24051 D Evaluation: 3 res for frame 894 received at 1573043990789
11-06 14:39:50.818 24017 24051 D Evaluation: Frame 900 sent at 1573043990818
11-06 14:39:50.819 24017 24051 D Evaluation: 1 res for frame 895 received at 1573043990819
11-06 14:39:50.855 24017 24051 D Evaluation: Frame 901 sent at 1573043990855
11-06 14:39:50.890 24017 24051 D Evaluation: Frame 902 sent at 1573043990890
11-06 14:39:50.891 24017 24051 D Evaluation: 2 res for frame 896 received at 1573043990891
11-06 14:39:50.921 24017 24051 D Evaluation: Frame 903 sent at 1573043990921
11-06 14:39:50.923 24017 24051 D Evaluation: 4 res for frame 897 received at 1573043990923
11-06 14:39:50.951 24017 24051 D Evaluation: Frame 904 sent at 1573043990951
11-06 14:39:50.952 24017 24051 D Evaluation: 2 res for frame 898 received at 1573043990952
11-06 14:39:50.971 24017 24051 D Evaluation: Frame 905 sent at 1573043990971
11-06 14:39:50.972 24017 24051 D Evaluation: 4 res for frame 899 received at 1573043990972
11-06 14:39:51.005 24017 24051 D Evaluation: Frame 906 sent at 1573043991005
11-06 14:39:51.007 24017 24051 D Evaluation: 1 res for frame 900 received at 1573043991007
11-06 14:39:51.038 24017 24051 D Evaluation: Frame 907 sent at 1573043991038
11-06 14:39:51.039 24017 24051 D Evaluation: 2 res for frame 901 received at 1573043991039
11-06 14:39:51.086 24017 24051 D Evaluation: Frame 908 sent at 1573043991086
11-06 14:39:51.088 24017 24051 D Evaluation: 0 res for frame 902 received at 1573043991088
11-06 14:39:51.120 24017 24051 D Evaluation: Frame 910 sent at 1573043991120
11-06 14:39:51.122 24017 24051 D Evaluation: 3 res for frame 903 received at 1573043991122
11-06 14:39:51.140 24017 24051 D Evaluation: Frame 910 sent at 1573043991140
11-06 14:39:51.141 24017 24051 D Evaluation: 2 res for frame 904 received at 1573043991141
11-06 14:39:51.181 24017 24051 D Evaluation: Frame 911 sent at 1573043991180
11-06 14:39:51.182 24017 24051 D Evaluation: 2 res for frame 905 received at 1573043991182
11-06 14:39:51.214 24017 24017 D Poster  : At 1573043991213 location is 65.05785684313904 (latitude), and 25.468148494112008 (longitude)
11-06 14:39:51.217 24017 24017 D Poster  : Connected to mobile network 20
11-06 14:39:51.256 24017 24051 D Evaluation: Frame 912 sent at 1573043991256
11-06 14:39:51.258 24017 24051 D Evaluation: 0 res for frame 906 received at 1573043991258
11-06 14:39:51.274 24017 24051 D Evaluation: Frame 913 sent at 1573043991274
11-06 14:39:51.276 24017 24051 D Evaluation: 0 res for frame 907 received at 1573043991276
11-06 14:39:51.315 24017 24051 D Evaluation: Frame 914 sent at 1573043991315
11-06 14:39:51.318 24017 24051 D Evaluation: 0 res for frame 908 received at 1573043991318
11-06 14:39:51.336 24017 24051 D Evaluation: Frame 915 sent at 1573043991336
11-06 14:39:51.337 24017 24051 D Evaluation: 0 res for frame 910 received at 1573043991337
11-06 14:39:51.421 24017 24051 D Evaluation: Frame 916 sent at 1573043991421
11-06 14:39:51.423 24017 24051 D Evaluation: 0 res for frame 910 received at 1573043991423
11-06 14:39:51.462 24017 24051 D Evaluation: Frame 918 sent at 1573043991462
11-06 14:39:51.463 24017 24051 D Evaluation: 0 res for frame 911 received at 1573043991463
11-06 14:39:51.485 24017 24051 D Evaluation: Frame 918 sent at 1573043991485
11-06 14:39:51.487 24017 24051 D Evaluation: 0 res for frame 912 received at 1573043991487
11-06 14:39:51.519 24017 24051 D Evaluation: Frame 919 sent at 1573043991519
11-06 14:39:51.521 24017 24051 D Evaluation: 0 res for frame 913 received at 1573043991521
11-06 14:39:51.552 24017 24051 D Evaluation: Frame 920 sent at 1573043991552
11-06 14:39:51.556 24017 24051 D Evaluation: 0 res for frame 914 received at 1573043991556
11-06 14:39:51.589 24017 24051 D Evaluation: Frame 921 sent at 1573043991588
11-06 14:39:51.591 24017 24051 D Evaluation: 0 res for frame 915 received at 1573043991591
11-06 14:39:51.631 24017 24051 D Evaluation: Frame 922 sent at 1573043991631
11-06 14:39:51.633 24017 24051 D Evaluation: 0 res for frame 916 received at 1573043991633
11-06 14:39:51.660 24017 24051 D Evaluation: Frame 923 sent at 1573043991660
11-06 14:39:51.662 24017 24051 D Evaluation: 0 res for frame 918 received at 1573043991662
11-06 14:39:51.694 24017 24051 D Evaluation: Frame 924 sent at 1573043991694
11-06 14:39:51.696 24017 24051 D Evaluation: 0 res for frame 918 received at 1573043991696
11-06 14:39:51.721 24017 24051 D Evaluation: Frame 925 sent at 1573043991721
11-06 14:39:51.722 24017 24051 D Evaluation: 0 res for frame 919 received at 1573043991722
11-06 14:39:51.749 24017 24051 D Evaluation: Frame 926 sent at 1573043991749
11-06 14:39:51.753 24017 24051 D Evaluation: 0 res for frame 920 received at 1573043991752
11-06 14:39:51.781 24017 24051 D Evaluation: Frame 927 sent at 1573043991781
11-06 14:39:51.782 24017 24051 D Evaluation: 0 res for frame 921 received at 1573043991782
11-06 14:39:51.805 24017 24051 D Evaluation: Frame 928 sent at 1573043991805
11-06 14:39:51.806 24017 24051 D Evaluation: 0 res for frame 922 received at 1573043991806
11-06 14:39:51.844 24017 24051 D Evaluation: Frame 929 sent at 1573043991844
11-06 14:39:51.845 24017 24051 D Evaluation: 0 res for frame 923 received at 1573043991845
11-06 14:39:51.875 24017 24051 D Evaluation: Frame 930 sent at 1573043991875
11-06 14:39:51.877 24017 24051 D Evaluation: 0 res for frame 924 received at 1573043991877
11-06 14:39:51.923 24017 24028 E         : [ZeroHung]zrhung_get_config: Get config failed for wp[0x0008]
11-06 14:39:51.923 24017 24051 D Evaluation: Frame 931 sent at 1573043991923
11-06 14:39:51.925 24017 24051 D Evaluation: 0 res for frame 925 received at 1573043991925
11-06 14:39:51.958 24017 24026 W System  : A resource failed to call close. 
11-06 14:39:51.958 24017 24026 I chatty  : uid=10149(symlab.cloudridar.arhud) FinalizerDaemon identical 2 lines
11-06 14:39:51.958 24017 24026 W System  : A resource failed to call close. 
11-06 14:39:51.958 24017 24026 W System  : A resource failed to call close. 
11-06 14:39:51.958 24017 24026 W System  : A resource failed to call close. 
11-06 14:39:51.959 24017 24026 I chatty  : uid=10149(symlab.cloudridar.arhud) FinalizerDaemon identical 6 lines
11-06 14:39:51.959 24017 24026 W System  : A resource failed to call close. 
11-06 14:39:51.959 24017 24026 W System  : A resource failed to call close. 
11-06 14:39:51.959 24017 24026 I chatty  : uid=10149(symlab.cloudridar.arhud) FinalizerDaemon identical 2 lines
11-06 14:39:51.959 24017 24026 W System  : A resource failed to call close. 
11-06 14:39:51.959 24017 24026 W System  : A resource failed to call close. 
11-06 14:39:51.959 24017 24026 W System  : A resource failed to call close. 
11-06 14:39:51.959 24017 24026 W System  : A resource failed to call close. 
11-06 14:39:51.963 24017 24026 I chatty  : uid=10149(symlab.cloudridar.arhud) FinalizerDaemon identical 41 lines
11-06 14:39:51.963 24017 24026 W System  : A resource failed to call close. 
11-06 14:39:51.963 24017 24051 D Evaluation: Frame 932 sent at 1573043991963
11-06 14:39:51.965 24017 24051 D Evaluation: 0 res for frame 926 received at 1573043991965
11-06 14:39:51.985 24017 24051 D Evaluation: Frame 933 sent at 1573043991985
11-06 14:39:51.986 24017 24051 D Evaluation: 0 res for frame 927 received at 1573043991986
11-06 14:39:52.015 24017 24051 D Evaluation: Frame 934 sent at 1573043992015
11-06 14:39:52.016 24017 24051 D Evaluation: 0 res for frame 928 received at 1573043992016
11-06 14:39:52.050 24017 24051 D Evaluation: Frame 935 sent at 1573043992050
11-06 14:39:52.052 24017 24051 D Evaluation: 0 res for frame 929 received at 1573043992052
11-06 14:39:52.088 24017 24051 D Evaluation: Frame 936 sent at 1573043992088
11-06 14:39:52.090 24017 24051 D Evaluation: 0 res for frame 930 received at 1573043992090
11-06 14:39:52.128 24017 24051 D Evaluation: Frame 937 sent at 1573043992128
11-06 14:39:52.130 24017 24051 D Evaluation: 0 res for frame 931 received at 1573043992130
11-06 14:39:52.157 24017 24051 D Evaluation: Frame 938 sent at 1573043992157
11-06 14:39:52.159 24017 24051 D Evaluation: 0 res for frame 932 received at 1573043992159
11-06 14:39:52.189 24017 24051 D Evaluation: Frame 939 sent at 1573043992189
11-06 14:39:52.191 24017 24051 D Evaluation: 0 res for frame 933 received at 1573043992191
11-06 14:39:52.215 24017 24017 D Poster  : At 1573043992215 location is 65.05786202835822 (latitude), and 25.46815247543207 (longitude)
11-06 14:39:52.218 24017 24017 D Poster  : Connected to mobile network 20
11-06 14:39:52.219 24017 24051 D Evaluation: Frame 940 sent at 1573043992219
11-06 14:39:52.222 24017 24051 D Evaluation: 0 res for frame 934 received at 1573043992222
11-06 14:39:52.248 24017 24051 D Evaluation: Frame 941 sent at 1573043992248
11-06 14:39:52.251 24017 24051 D Evaluation: 0 res for frame 935 received at 1573043992251
11-06 14:39:52.280 24017 24051 D Evaluation: Frame 942 sent at 1573043992280
11-06 14:39:52.281 24017 24051 D Evaluation: 0 res for frame 936 received at 1573043992281
11-06 14:39:52.325 24017 24051 D Evaluation: Frame 943 sent at 1573043992325
11-06 14:39:52.326 24017 24051 D Evaluation: 0 res for frame 937 received at 1573043992326
11-06 14:39:52.349 24017 24051 D Evaluation: Frame 944 sent at 1573043992349
11-06 14:39:52.351 24017 24051 D Evaluation: 0 res for frame 938 received at 1573043992351
11-06 14:39:52.381 24017 24051 D Evaluation: Frame 945 sent at 1573043992381
11-06 14:39:52.383 24017 24051 D Evaluation: 0 res for frame 939 received at 1573043992383
11-06 14:39:52.397 24017 24017 W HiTouch_PressGestureDetector: Touch pointer move a lot. The moving distance of X is:16.716217, limit is:60The moving distance of Y is:61.114395, limit is:60
11-06 14:39:52.427 24017 24051 D Evaluation: Frame 946 sent at 1573043992427
11-06 14:39:52.429 24017 24051 D Evaluation: 0 res for frame 940 received at 1573043992429
11-06 14:39:52.450 24017 24051 D Evaluation: Frame 947 sent at 1573043992450
11-06 14:39:52.452 24017 24051 D Evaluation: 0 res for frame 941 received at 1573043992452
11-06 14:39:52.484 24017 24051 D Evaluation: Frame 948 sent at 1573043992484
11-06 14:39:52.485 24017 24051 D Evaluation: 0 res for frame 942 received at 1573043992485
11-06 14:39:52.516 24017 24051 D Evaluation: Frame 949 sent at 1573043992516
11-06 14:39:52.518 24017 24051 D Evaluation: 0 res for frame 943 received at 1573043992518
11-06 14:39:52.546 24017 24051 D Evaluation: Frame 950 sent at 1573043992546
11-06 14:39:52.547 24017 24051 D Evaluation: 0 res for frame 944 received at 1573043992547
11-06 14:39:52.574 24017 24051 D Evaluation: Frame 951 sent at 1573043992574
11-06 14:39:52.575 24017 24051 D Evaluation: 0 res for frame 945 received at 1573043992575
11-06 14:39:52.607 24017 24051 D Evaluation: Frame 952 sent at 1573043992607
11-06 14:39:52.609 24017 24051 D Evaluation: 0 res for frame 946 received at 1573043992609
11-06 14:39:52.642 24017 24051 D Evaluation: Frame 953 sent at 1573043992642
11-06 14:39:52.643 24017 24051 D Evaluation: 0 res for frame 947 received at 1573043992643
11-06 14:39:52.671 24017 24051 D Evaluation: Frame 954 sent at 1573043992671
11-06 14:39:52.673 24017 24051 D Evaluation: 0 res for frame 948 received at 1573043992673
11-06 14:39:52.708 24017 24051 D Evaluation: Frame 955 sent at 1573043992708
11-06 14:39:52.710 24017 24051 D Evaluation: 0 res for frame 949 received at 1573043992710
11-06 14:39:52.743 24017 24051 D Evaluation: Frame 956 sent at 1573043992743
11-06 14:39:52.744 24017 24051 D Evaluation: 0 res for frame 950 received at 1573043992744
11-06 14:39:52.780 24017 24051 D Evaluation: Frame 957 sent at 1573043992780
11-06 14:39:52.782 24017 24051 D Evaluation: 0 res for frame 951 received at 1573043992782
11-06 14:39:52.807 24017 24051 D Evaluation: Frame 958 sent at 1573043992807
11-06 14:39:52.809 24017 24051 D Evaluation: 0 res for frame 952 received at 1573043992809
11-06 14:39:52.843 24017 24051 D Evaluation: Frame 959 sent at 1573043992843
11-06 14:39:52.845 24017 24051 D Evaluation: 0 res for frame 953 received at 1573043992845
11-06 14:39:52.882 24017 24051 D Evaluation: Frame 960 sent at 1573043992882
11-06 14:39:52.885 24017 24051 D Evaluation: 0 res for frame 954 received at 1573043992885
11-06 14:39:52.909 24017 24051 D Evaluation: Frame 961 sent at 1573043992909
11-06 14:39:52.910 24017 24051 D Evaluation: 0 res for frame 955 received at 1573043992910
11-06 14:39:52.951 24017 24051 D Evaluation: Frame 962 sent at 1573043992951
11-06 14:39:52.954 24017 24051 D Evaluation: 0 res for frame 956 received at 1573043992954
11-06 14:39:52.977 24017 24051 D Evaluation: Frame 963 sent at 1573043992977
11-06 14:39:52.978 24017 24051 D Evaluation: 0 res for frame 957 received at 1573043992978
11-06 14:39:53.018 24017 24028 E         : [ZeroHung]zrhung_get_config: Get config failed for wp[0x0008]
11-06 14:39:53.019 24017 24051 D Evaluation: Frame 964 sent at 1573043993019
11-06 14:39:53.020 24017 24051 D Evaluation: 0 res for frame 958 received at 1573043993020
11-06 14:39:53.041 24017 24026 W System  : A resource failed to call close. 
11-06 14:39:53.044 24017 24026 I chatty  : uid=10149(symlab.cloudridar.arhud) FinalizerDaemon identical 64 lines
11-06 14:39:53.044 24017 24026 W System  : A resource failed to call close. 
11-06 14:39:53.070 24017 24051 D Evaluation: Frame 966 sent at 1573043993070
11-06 14:39:53.071 24017 24051 D Evaluation: 0 res for frame 959 received at 1573043993071
11-06 14:39:53.088 24017 24051 D Evaluation: Frame 966 sent at 1573043993088
11-06 14:39:53.089 24017 24051 D Evaluation: 0 res for frame 960 received at 1573043993089
11-06 14:39:53.113 24017 24051 D Evaluation: Frame 967 sent at 1573043993113
11-06 14:39:53.114 24017 24051 D Evaluation: 0 res for frame 961 received at 1573043993114
11-06 14:39:53.145 24017 24051 D Evaluation: Frame 968 sent at 1573043993145
11-06 14:39:53.146 24017 24051 D Evaluation: 0 res for frame 962 received at 1573043993146
11-06 14:39:53.187 24017 24051 D Evaluation: Frame 969 sent at 1573043993187
11-06 14:39:53.189 24017 24051 D Evaluation: 0 res for frame 963 received at 1573043993189
11-06 14:39:53.212 24017 24051 D Evaluation: Frame 970 sent at 1573043993212
11-06 14:39:53.213 24017 24051 D Evaluation: 0 res for frame 964 received at 1573043993213
11-06 14:39:53.219 24017 24017 D Poster  : At 1573043993218 location is 65.05787060372097 (latitude), and 25.468151553877426 (longitude)
11-06 14:39:53.220 24017 24017 D Poster  : Connected to mobile network 20
11-06 14:39:53.257 24017 24051 D Evaluation: Frame 971 sent at 1573043993257
11-06 14:39:53.259 24017 24051 D Evaluation: 0 res for frame 966 received at 1573043993259
11-06 14:39:53.278 24017 24051 D Evaluation: Frame 972 sent at 1573043993278
11-06 14:39:53.279 24017 24051 D Evaluation: 0 res for frame 966 received at 1573043993279
11-06 14:39:53.357 24017 24051 D Evaluation: Frame 973 sent at 1573043993357
11-06 14:39:53.358 24017 24051 D Evaluation: 0 res for frame 967 received at 1573043993358
11-06 14:39:53.388 24017 24051 D Evaluation: Frame 974 sent at 1573043993388
11-06 14:39:53.390 24017 24051 D Evaluation: 0 res for frame 968 received at 1573043993390
11-06 14:39:53.415 24017 24051 D Evaluation: Frame 975 sent at 1573043993415
11-06 14:39:53.416 24017 24051 D Evaluation: 0 res for frame 969 received at 1573043993416
11-06 14:39:53.451 24017 24051 D Evaluation: Frame 976 sent at 1573043993451
11-06 14:39:53.453 24017 24051 D Evaluation: 0 res for frame 970 received at 1573043993453
11-06 14:39:53.479 24017 24051 D Evaluation: Frame 977 sent at 1573043993479
11-06 14:39:53.480 24017 24051 D Evaluation: 0 res for frame 971 received at 1573043993480
11-06 14:39:53.520 24017 24051 D Evaluation: Frame 978 sent at 1573043993520
11-06 14:39:53.521 24017 24051 D Evaluation: 0 res for frame 972 received at 1573043993521
11-06 14:39:53.547 24017 24051 D Evaluation: Frame 979 sent at 1573043993547
11-06 14:39:53.549 24017 24051 D Evaluation: 0 res for frame 973 received at 1573043993549
11-06 14:39:53.587 24017 24051 D Evaluation: Frame 980 sent at 1573043993587
11-06 14:39:53.589 24017 24051 D Evaluation: 0 res for frame 974 received at 1573043993589
11-06 14:39:53.617 24017 24051 D Evaluation: Frame 981 sent at 1573043993617
11-06 14:39:53.619 24017 24051 D Evaluation: 0 res for frame 975 received at 1573043993619
11-06 14:39:53.654 24017 24051 D Evaluation: Frame 982 sent at 1573043993654
11-06 14:39:53.655 24017 24051 D Evaluation: 0 res for frame 976 received at 1573043993655
11-06 14:39:53.681 24017 24051 D Evaluation: Frame 983 sent at 1573043993681
11-06 14:39:53.682 24017 24051 D Evaluation: 0 res for frame 977 received at 1573043993682
11-06 14:39:53.749 24017 24051 D Evaluation: Frame 984 sent at 1573043993749
11-06 14:39:53.750 24017 24051 D Evaluation: 0 res for frame 978 received at 1573043993750
11-06 14:39:53.791 24017 24051 D Evaluation: Frame 985 sent at 1573043993791
11-06 14:39:53.793 24017 24051 D Evaluation: 0 res for frame 979 received at 1573043993793
11-06 14:39:53.818 24017 24051 D Evaluation: Frame 986 sent at 1573043993818
11-06 14:39:53.820 24017 24051 D Evaluation: 0 res for frame 980 received at 1573043993820
11-06 14:39:53.856 24017 24051 D Evaluation: Frame 987 sent at 1573043993856
11-06 14:39:53.857 24017 24051 D Evaluation: 0 res for frame 981 received at 1573043993857
11-06 14:39:53.891 24017 24051 D Evaluation: Frame 988 sent at 1573043993891
11-06 14:39:53.892 24017 24051 D Evaluation: 0 res for frame 982 received at 1573043993892
11-06 14:39:53.923 24017 24051 D Evaluation: Frame 989 sent at 1573043993923
11-06 14:39:53.925 24017 24051 D Evaluation: 0 res for frame 983 received at 1573043993925
11-06 14:39:53.947 24017 24051 D Evaluation: Frame 990 sent at 1573043993947
11-06 14:39:53.949 24017 24051 D Evaluation: 0 res for frame 984 received at 1573043993949
11-06 14:39:53.990 24017 24051 D Evaluation: Frame 991 sent at 1573043993990
11-06 14:39:53.992 24017 24051 D Evaluation: 0 res for frame 985 received at 1573043993992
11-06 14:39:54.024 24017 24051 D Evaluation: Frame 992 sent at 1573043994024
11-06 14:39:54.026 24017 24051 D Evaluation: 0 res for frame 986 received at 1573043994026
11-06 14:39:54.050 24017 24051 D Evaluation: Frame 993 sent at 1573043994050
11-06 14:39:54.051 24017 24051 D Evaluation: 0 res for frame 987 received at 1573043994051
11-06 14:39:54.095 24017 24051 D Evaluation: Frame 994 sent at 1573043994095
11-06 14:39:54.097 24017 24051 D Evaluation: 0 res for frame 988 received at 1573043994097
11-06 14:39:54.117 24017 24051 D Evaluation: Frame 995 sent at 1573043994117
11-06 14:39:54.118 24017 24051 D Evaluation: 0 res for frame 989 received at 1573043994118
11-06 14:39:54.149 24017 24051 D Evaluation: Frame 996 sent at 1573043994149
11-06 14:39:54.150 24017 24051 D Evaluation: 0 res for frame 990 received at 1573043994150
11-06 14:39:54.184 24017 24051 D Evaluation: Frame 997 sent at 1573043994184
11-06 14:39:54.185 24017 24051 D Evaluation: 0 res for frame 991 received at 1573043994185
11-06 14:39:54.201 24017 24017 D Poster  : At 1573043994201 location is 65.05787454888004 (latitude), and 25.468148584684904 (longitude)
11-06 14:39:54.203 24017 24017 D Poster  : Connected to mobile network 20
11-06 14:39:54.228 24017 24028 E         : [ZeroHung]zrhung_get_config: Get config failed for wp[0x0008]
11-06 14:39:54.229 24017 24051 D Evaluation: Frame 998 sent at 1573043994229
11-06 14:39:54.230 24017 24051 D Evaluation: 0 res for frame 992 received at 1573043994230
11-06 14:39:54.245 24017 24026 W System  : A resource failed to call close. 
11-06 14:39:54.248 24017 24026 I chatty  : uid=10149(symlab.cloudridar.arhud) FinalizerDaemon identical 66 lines
11-06 14:39:54.248 24017 24026 W System  : A resource failed to call close. 
11-06 14:39:54.249 24017 24051 D Evaluation: Frame 999 sent at 1573043994249
11-06 14:39:54.250 24017 24051 D Evaluation: 0 res for frame 993 received at 1573043994250
11-06 14:39:54.282 24017 24051 D Evaluation: Frame 1000 sent at 1573043994282
11-06 14:39:54.284 24017 24051 D Evaluation: 0 res for frame 994 received at 1573043994284
11-06 14:39:54.314 24017 24051 D Evaluation: Frame 1001 sent at 1573043994314
11-06 14:39:54.315 24017 24051 D Evaluation: 1 res for frame 995 received at 1573043994315
11-06 14:39:54.351 24017 24051 D Evaluation: Frame 1002 sent at 1573043994351
11-06 14:39:54.353 24017 24051 D Evaluation: 1 res for frame 996 received at 1573043994353
11-06 14:39:54.389 24017 24051 D Evaluation: Frame 1003 sent at 1573043994389
11-06 14:39:54.391 24017 24051 D Evaluation: 0 res for frame 997 received at 1573043994391
11-06 14:39:54.442 24017 24051 D Evaluation: Frame 1004 sent at 1573043994442
11-06 14:39:54.444 24017 24051 D Evaluation: 0 res for frame 998 received at 1573043994444
11-06 14:39:54.458 24017 24051 D Evaluation: Frame 1005 sent at 1573043994458
11-06 14:39:54.459 24017 24051 D Evaluation: 0 res for frame 999 received at 1573043994459
11-06 14:39:54.481 24017 24051 D Evaluation: Frame 1006 sent at 1573043994481
11-06 14:39:54.482 24017 24051 D Evaluation: 0 res for frame 1000 received at 1573043994482
11-06 14:39:54.515 24017 24051 D Evaluation: Frame 1007 sent at 1573043994515
11-06 14:39:54.516 24017 24051 D Evaluation: 0 res for frame 1001 received at 1573043994516
11-06 14:39:54.555 24017 24051 D Evaluation: Frame 1008 sent at 1573043994555
11-06 14:39:54.556 24017 24051 D Evaluation: 0 res for frame 1002 received at 1573043994556
11-06 14:39:54.594 24017 24051 D Evaluation: Frame 1009 sent at 1573043994594
11-06 14:39:54.595 24017 24051 D Evaluation: 0 res for frame 1003 received at 1573043994595
11-06 14:39:54.623 24017 24051 D Evaluation: Frame 1010 sent at 1573043994623
11-06 14:39:54.624 24017 24051 D Evaluation: 0 res for frame 1004 received at 1573043994624
11-06 14:39:54.662 24017 24051 D Evaluation: Frame 1011 sent at 1573043994662
11-06 14:39:54.665 24017 24051 D Evaluation: 0 res for frame 1005 received at 1573043994664
11-06 14:39:54.687 24017 24051 D Evaluation: Frame 1012 sent at 1573043994687
11-06 14:39:54.731 24017 24051 D Evaluation: Frame 1013 sent at 1573043994731
11-06 14:39:54.733 24017 24051 D Evaluation: 0 res for frame 1006 received at 1573043994733
11-06 14:39:54.762 24017 24051 D Evaluation: Frame 1014 sent at 1573043994762
11-06 14:39:54.763 24017 24051 D Evaluation: 0 res for frame 1007 received at 1573043994763
11-06 14:39:54.795 24017 24051 D Evaluation: Frame 1015 sent at 1573043994795
11-06 14:39:54.796 24017 24051 D Evaluation: 0 res for frame 1008 received at 1573043994796
11-06 14:39:54.823 24017 24051 D Evaluation: Frame 1016 sent at 1573043994823
11-06 14:39:54.824 24017 24051 D Evaluation: 0 res for frame 1009 received at 1573043994824
11-06 14:39:54.863 24017 24051 D Evaluation: Frame 1017 sent at 1573043994863
11-06 14:39:54.864 24017 24051 D Evaluation: 0 res for frame 1010 received at 1573043994864
11-06 14:39:54.888 24017 24051 D Evaluation: Frame 1018 sent at 1573043994888
11-06 14:39:54.889 24017 24051 D Evaluation: 1 res for frame 1011 received at 1573043994889
11-06 14:39:54.934 24017 24051 D Evaluation: Frame 1019 sent at 1573043994934
11-06 14:39:54.935 24017 24051 D Evaluation: 0 res for frame 1012 received at 1573043994935
11-06 14:39:54.968 24017 24051 D Evaluation: Frame 1020 sent at 1573043994968
11-06 14:39:54.969 24017 24051 D Evaluation: 0 res for frame 1013 received at 1573043994969
11-06 14:39:54.997 24017 24051 D Evaluation: Frame 1021 sent at 1573043994997
11-06 14:39:54.998 24017 24051 D Evaluation: 0 res for frame 1014 received at 1573043994998
11-06 14:39:55.025 24017 24051 D Evaluation: Frame 1022 sent at 1573043995025
11-06 14:39:55.026 24017 24051 D Evaluation: 0 res for frame 1015 received at 1573043995026
11-06 14:39:55.069 24017 24051 D Evaluation: Frame 1023 sent at 1573043995069
11-06 14:39:55.070 24017 24051 D Evaluation: 0 res for frame 1016 received at 1573043995070
11-06 14:39:55.096 24017 24051 D Evaluation: Frame 1024 sent at 1573043995096
11-06 14:39:55.097 24017 24051 D Evaluation: 0 res for frame 1017 received at 1573043995097
11-06 14:39:55.131 24017 24051 D Evaluation: Frame 1025 sent at 1573043995131
11-06 14:39:55.132 24017 24051 D Evaluation: 0 res for frame 1018 received at 1573043995132
11-06 14:39:55.159 24017 24051 D Evaluation: Frame 1026 sent at 1573043995159
11-06 14:39:55.161 24017 24051 D Evaluation: 0 res for frame 1019 received at 1573043995161
11-06 14:39:55.199 24017 24051 D Evaluation: Frame 1027 sent at 1573043995199
11-06 14:39:55.200 24017 24051 D Evaluation: 0 res for frame 1020 received at 1573043995200
11-06 14:39:55.226 24017 24017 D Poster  : At 1573043995225 location is 65.05787922444529 (latitude), and 25.46814036730902 (longitude)
11-06 14:39:55.227 24017 24017 D Poster  : Connected to mobile network 20
11-06 14:39:55.228 24017 24051 D Evaluation: Frame 1028 sent at 1573043995228
11-06 14:39:55.230 24017 24051 D Evaluation: 0 res for frame 1021 received at 1573043995230
11-06 14:39:55.266 24017 24051 D Evaluation: Frame 1029 sent at 1573043995266
11-06 14:39:55.269 24017 24051 D Evaluation: 0 res for frame 1022 received at 1573043995269
11-06 14:39:55.293 24017 24051 D Evaluation: Frame 1030 sent at 1573043995293
11-06 14:39:55.294 24017 24051 D Evaluation: 0 res for frame 1023 received at 1573043995294
11-06 14:39:55.335 24017 24051 D Evaluation: Frame 1031 sent at 1573043995335
11-06 14:39:55.337 24017 24051 D Evaluation: 0 res for frame 1024 received at 1573043995337
11-06 14:39:55.337 24017 24028 E         : [ZeroHung]zrhung_get_config: Get config failed for wp[0x0008]
11-06 14:39:55.354 24017 24026 W System  : A resource failed to call close. 
11-06 14:39:55.357 24017 24026 I chatty  : uid=10149(symlab.cloudridar.arhud) FinalizerDaemon identical 64 lines
11-06 14:39:55.357 24017 24026 W System  : A resource failed to call close. 
11-06 14:39:55.361 24017 24051 D Evaluation: Frame 1032 sent at 1573043995360
11-06 14:39:55.362 24017 24051 D Evaluation: 0 res for frame 1025 received at 1573043995362
11-06 14:39:55.394 24017 24051 D Evaluation: Frame 1033 sent at 1573043995394
11-06 14:39:55.395 24017 24051 D Evaluation: 0 res for frame 1026 received at 1573043995395
11-06 14:39:55.426 24017 24051 D Evaluation: Frame 1034 sent at 1573043995426
11-06 14:39:55.427 24017 24051 D Evaluation: 0 res for frame 1027 received at 1573043995427
11-06 14:39:55.457 24017 24051 D Evaluation: Frame 1035 sent at 1573043995457
11-06 14:39:55.458 24017 24051 D Evaluation: 0 res for frame 1028 received at 1573043995458
11-06 14:39:55.512 24017 24051 D Evaluation: Frame 1036 sent at 1573043995512
11-06 14:39:55.513 24017 24051 D Evaluation: 0 res for frame 1029 received at 1573043995513
11-06 14:39:55.564 24017 24051 D Evaluation: Frame 1037 sent at 1573043995564
11-06 14:39:55.566 24017 24051 D Evaluation: 0 res for frame 1030 received at 1573043995566
11-06 14:39:55.604 24017 24051 D Evaluation: Frame 1038 sent at 1573043995604
11-06 14:39:55.605 24017 24051 D Evaluation: 0 res for frame 1031 received at 1573043995605
11-06 14:39:55.627 24017 24051 D Evaluation: Frame 1039 sent at 1573043995627
11-06 14:39:55.629 24017 24051 D Evaluation: 0 res for frame 1032 received at 1573043995628
11-06 14:39:55.669 24017 24051 D Evaluation: Frame 1040 sent at 1573043995669
11-06 14:39:55.672 24017 24051 D Evaluation: 2 res for frame 1033 received at 1573043995672
11-06 14:39:55.695 24017 24051 D Evaluation: Frame 1041 sent at 1573043995695
11-06 14:39:55.696 24017 24051 D Evaluation: 1 res for frame 1034 received at 1573043995696
11-06 14:39:55.731 24017 24051 D Evaluation: Frame 1042 sent at 1573043995731
11-06 14:39:55.733 24017 24051 D Evaluation: 0 res for frame 1035 received at 1573043995733
11-06 14:39:55.774 24017 24051 D Evaluation: Frame 1043 sent at 1573043995774
11-06 14:39:55.775 24017 24051 D Evaluation: 0 res for frame 1036 received at 1573043995775
11-06 14:39:55.798 24017 24051 D Evaluation: Frame 1044 sent at 1573043995798
11-06 14:39:55.799 24017 24051 D Evaluation: 0 res for frame 1037 received at 1573043995799
11-06 14:39:55.829 24017 24051 D Evaluation: Frame 1045 sent at 1573043995829
11-06 14:39:55.830 24017 24051 D Evaluation: 0 res for frame 1038 received at 1573043995830
11-06 14:39:55.862 24017 24051 D Evaluation: Frame 1046 sent at 1573043995862
11-06 14:39:55.863 24017 24051 D Evaluation: 0 res for frame 1039 received at 1573043995863
11-06 14:39:55.896 24017 24051 D Evaluation: Frame 1047 sent at 1573043995896
11-06 14:39:55.898 24017 24051 D Evaluation: 0 res for frame 1040 received at 1573043995898
11-06 14:39:55.930 24017 24051 D Evaluation: Frame 1048 sent at 1573043995930
11-06 14:39:55.931 24017 24051 D Evaluation: 0 res for frame 1041 received at 1573043995931
11-06 14:39:55.964 24017 24051 D Evaluation: Frame 1049 sent at 1573043995964
11-06 14:39:55.965 24017 24051 D Evaluation: 0 res for frame 1042 received at 1573043995965
11-06 14:39:55.997 24017 24051 D Evaluation: Frame 1050 sent at 1573043995997
11-06 14:39:55.998 24017 24051 D Evaluation: 0 res for frame 1043 received at 1573043995998
11-06 14:39:56.046 24017 24051 D Evaluation: Frame 1051 sent at 1573043996046
