11-06 10:23:26.063 20429 20467 W System.err: 	at android.os.Handler.handleCallback(Handler.java:907)
11-06 10:23:26.063 20429 20467 W System.err: 	at android.os.Handler.dispatchMessage(Handler.java:105)
11-06 10:23:26.063 20429 20467 W System.err: 	at android.os.Looper.loop(Looper.java:216)
11-06 10:23:26.063 20429 20467 W System.err: 	at android.os.HandlerThread.run(HandlerThread.java:65)
11-06 10:23:26.098 20429 20467 D Evaluation: Frame 231 sent at 1573028606098
11-06 10:23:26.126 20429 20467 D Evaluation: Frame 232 sent at 1573028606126
11-06 10:23:26.170 20429 20467 D Evaluation: Frame 233 sent at 1573028606170
11-06 10:23:26.199 20429 20467 D Evaluation: Frame 234 sent at 1573028606199
11-06 10:23:26.228 20429 20441 E         : [ZeroHung]zrhung_get_config: Get config failed for wp[0x0008]
11-06 10:23:26.229 20429 20467 D Evaluation: Frame 235 sent at 1573028606229
11-06 10:23:26.271 20429 20467 D Evaluation: Frame 236 sent at 1573028606271
11-06 10:23:26.296 20429 20467 D Evaluation: Frame 237 sent at 1573028606296
11-06 10:23:26.327 20429 20467 D Evaluation: Frame 238 sent at 1573028606327
11-06 10:23:26.368 20429 20467 D Evaluation: Frame 239 sent at 1573028606368
11-06 10:23:26.396 20429 20467 D Evaluation: Frame 240 sent at 1573028606396
11-06 10:23:26.445 20429 20467 D Evaluation: Frame 242 sent at 1573028606445
11-06 10:23:26.465 20429 20467 W System.err: java.net.SocketException: Message too long
11-06 10:23:26.465 20429 20467 W System.err: 	at sun.nio.ch.DatagramChannelImpl.send0(Native Method)
11-06 10:23:26.465 20429 20467 W System.err: 	at sun.nio.ch.DatagramChannelImpl.sendFromNativeBuffer(DatagramChannelImpl.java:573)
11-06 10:23:26.465 20429 20467 W System.err: 	at sun.nio.ch.DatagramChannelImpl.send(DatagramChannelImpl.java:550)
11-06 10:23:26.465 20429 20467 W System.err: 	at sun.nio.ch.DatagramChannelImpl.send(DatagramChannelImpl.java:514)
11-06 10:23:26.465 20429 20467 W System.err: 	at symlab.CloudAR.network.TransmissionTask.run(TransmissionTask.java:124)
11-06 10:23:26.465 20429 20467 W System.err: 	at android.os.Handler.handleCallback(Handler.java:907)
11-06 10:23:26.465 20429 20467 W System.err: 	at android.os.Handler.dispatchMessage(Handler.java:105)
11-06 10:23:26.465 20429 20467 W System.err: 	at android.os.Looper.loop(Looper.java:216)
11-06 10:23:26.465 20429 20467 W System.err: 	at android.os.HandlerThread.run(HandlerThread.java:65)
11-06 10:23:26.506 20429 20467 W System.err: java.net.SocketException: Message too long
11-06 10:23:26.506 20429 20467 W System.err: 	at sun.nio.ch.DatagramChannelImpl.send0(Native Method)
11-06 10:23:26.506 20429 20467 W System.err: 	at sun.nio.ch.DatagramChannelImpl.sendFromNativeBuffer(DatagramChannelImpl.java:573)
11-06 10:23:26.506 20429 20467 W System.err: 	at sun.nio.ch.DatagramChannelImpl.send(DatagramChannelImpl.java:550)
11-06 10:23:26.506 20429 20467 W System.err: 	at sun.nio.ch.DatagramChannelImpl.send(DatagramChannelImpl.java:514)
11-06 10:23:26.506 20429 20467 W System.err: 	at symlab.CloudAR.network.TransmissionTask.run(TransmissionTask.java:124)
11-06 10:23:26.506 20429 20467 W System.err: 	at android.os.Handler.handleCallback(Handler.java:907)
11-06 10:23:26.507 20429 20467 W System.err: 	at android.os.Handler.dispatchMessage(Handler.java:105)
11-06 10:23:26.507 20429 20467 W System.err: 	at android.os.Looper.loop(Looper.java:216)
11-06 10:23:26.507 20429 20467 W System.err: 	at android.os.HandlerThread.run(HandlerThread.java:65)
11-06 10:23:26.540 20429 20467 D Evaluation: Frame 244 sent at 1573028606540
11-06 10:23:26.570 20429 20467 D Evaluation: Frame 245 sent at 1573028606570
11-06 10:23:26.597 20429 20467 W System.err: java.net.SocketException: Message too long
11-06 10:23:26.597 20429 20467 W System.err: 	at sun.nio.ch.DatagramChannelImpl.send0(Native Method)
11-06 10:23:26.597 20429 20467 W System.err: 	at sun.nio.ch.DatagramChannelImpl.sendFromNativeBuffer(DatagramChannelImpl.java:573)
11-06 10:23:26.597 20429 20467 W System.err: 	at sun.nio.ch.DatagramChannelImpl.send(DatagramChannelImpl.java:550)
11-06 10:23:26.597 20429 20467 W System.err: 	at sun.nio.ch.DatagramChannelImpl.send(DatagramChannelImpl.java:514)
11-06 10:23:26.597 20429 20467 W System.err: 	at symlab.CloudAR.network.TransmissionTask.run(TransmissionTask.java:124)
11-06 10:23:26.597 20429 20467 W System.err: 	at android.os.Handler.handleCallback(Handler.java:907)
11-06 10:23:26.597 20429 20467 W System.err: 	at android.os.Handler.dispatchMessage(Handler.java:105)
11-06 10:23:26.597 20429 20467 W System.err: 	at android.os.Looper.loop(Looper.java:216)
11-06 10:23:26.597 20429 20467 W System.err: 	at android.os.HandlerThread.run(HandlerThread.java:65)
11-06 10:23:26.640 20429 20467 W System.err: java.net.SocketException: Message too long
11-06 10:23:26.640 20429 20467 W System.err: 	at sun.nio.ch.DatagramChannelImpl.send0(Native Method)
11-06 10:23:26.640 20429 20467 W System.err: 	at sun.nio.ch.DatagramChannelImpl.sendFromNativeBuffer(DatagramChannelImpl.java:573)
11-06 10:23:26.640 20429 20467 W System.err: 	at sun.nio.ch.DatagramChannelImpl.send(DatagramChannelImpl.java:550)
11-06 10:23:26.640 20429 20467 W System.err: 	at sun.nio.ch.DatagramChannelImpl.send(DatagramChannelImpl.java:514)
11-06 10:23:26.640 20429 20467 W System.err: 	at symlab.CloudAR.network.TransmissionTask.run(TransmissionTask.java:124)
11-06 10:23:26.640 20429 20467 W System.err: 	at android.os.Handler.handleCallback(Handler.java:907)
11-06 10:23:26.640 20429 20467 W System.err: 	at android.os.Handler.dispatchMessage(Handler.java:105)
11-06 10:23:26.640 20429 20467 W System.err: 	at android.os.Looper.loop(Looper.java:216)
11-06 10:23:26.641 20429 20467 W System.err: 	at android.os.HandlerThread.run(HandlerThread.java:65)
11-06 10:23:26.665 20429 20467 W System.err: java.net.SocketException: Message too long
11-06 10:23:26.665 20429 20467 W System.err: 	at sun.nio.ch.DatagramChannelImpl.send0(Native Method)
11-06 10:23:26.665 20429 20467 W System.err: 	at sun.nio.ch.DatagramChannelImpl.sendFromNativeBuffer(DatagramChannelImpl.java:573)
11-06 10:23:26.665 20429 20467 W System.err: 	at sun.nio.ch.DatagramChannelImpl.send(DatagramChannelImpl.java:550)
11-06 10:23:26.665 20429 20467 W System.err: 	at sun.nio.ch.DatagramChannelImpl.send(DatagramChannelImpl.java:514)
11-06 10:23:26.665 20429 20467 W System.err: 	at symlab.CloudAR.network.TransmissionTask.run(TransmissionTask.java:124)
11-06 10:23:26.665 20429 20467 W System.err: 	at android.os.Handler.handleCallback(Handler.java:907)
11-06 10:23:26.665 20429 20467 W System.err: 	at android.os.Handler.dispatchMessage(Handler.java:105)
11-06 10:23:26.665 20429 20467 W System.err: 	at android.os.Looper.loop(Looper.java:216)
11-06 10:23:26.665 20429 20467 W System.err: 	at android.os.HandlerThread.run(HandlerThread.java:65)
11-06 10:23:26.710 20429 20467 W System.err: java.net.SocketException: Message too long
11-06 10:23:26.710 20429 20467 W System.err: 	at sun.nio.ch.DatagramChannelImpl.send0(Native Method)
11-06 10:23:26.710 20429 20467 W System.err: 	at sun.nio.ch.DatagramChannelImpl.sendFromNativeBuffer(DatagramChannelImpl.java:573)
11-06 10:23:26.710 20429 20467 W System.err: 	at sun.nio.ch.DatagramChannelImpl.send(DatagramChannelImpl.java:550)
11-06 10:23:26.710 20429 20467 W System.err: 	at sun.nio.ch.DatagramChannelImpl.send(DatagramChannelImpl.java:514)
11-06 10:23:26.710 20429 20467 W System.err: 	at symlab.CloudAR.network.TransmissionTask.run(TransmissionTask.java:124)
11-06 10:23:26.710 20429 20467 W System.err: 	at android.os.Handler.handleCallback(Handler.java:907)
11-06 10:23:26.710 20429 20467 W System.err: 	at android.os.Handler.dispatchMessage(Handler.java:105)
11-06 10:23:26.710 20429 20467 W System.err: 	at android.os.Looper.loop(Looper.java:216)
11-06 10:23:26.710 20429 20467 W System.err: 	at android.os.HandlerThread.run(HandlerThread.java:65)
11-06 10:23:26.732 20429 20467 W System.err: java.net.SocketException: Message too long
11-06 10:23:26.732 20429 20467 W System.err: 	at sun.nio.ch.DatagramChannelImpl.send0(Native Method)
11-06 10:23:26.732 20429 20467 W System.err: 	at sun.nio.ch.DatagramChannelImpl.sendFromNativeBuffer(DatagramChannelImpl.java:573)
11-06 10:23:26.732 20429 20467 W System.err: 	at sun.nio.ch.DatagramChannelImpl.send(DatagramChannelImpl.java:550)
11-06 10:23:26.732 20429 20467 W System.err: 	at sun.nio.ch.DatagramChannelImpl.send(DatagramChannelImpl.java:514)
11-06 10:23:26.732 20429 20467 W System.err: 	at symlab.CloudAR.network.TransmissionTask.run(TransmissionTask.java:124)
11-06 10:23:26.732 20429 20467 W System.err: 	at android.os.Handler.handleCallback(Handler.java:907)
11-06 10:23:26.732 20429 20467 W System.err: 	at android.os.Handler.dispatchMessage(Handler.java:105)
11-06 10:23:26.732 20429 20467 W System.err: 	at android.os.Looper.loop(Looper.java:216)
11-06 10:23:26.732 20429 20467 W System.err: 	at android.os.HandlerThread.run(HandlerThread.java:65)
11-06 10:23:26.771 20429 20467 W System.err: java.net.SocketException: Message too long
11-06 10:23:26.771 20429 20467 W System.err: 	at sun.nio.ch.DatagramChannelImpl.send0(Native Method)
11-06 10:23:26.771 20429 20467 W System.err: 	at sun.nio.ch.DatagramChannelImpl.sendFromNativeBuffer(DatagramChannelImpl.java:573)
11-06 10:23:26.771 20429 20467 W System.err: 	at sun.nio.ch.DatagramChannelImpl.send(DatagramChannelImpl.java:550)
11-06 10:23:26.771 20429 20467 W System.err: 	at sun.nio.ch.DatagramChannelImpl.send(DatagramChannelImpl.java:514)
11-06 10:23:26.771 20429 20467 W System.err: 	at symlab.CloudAR.network.TransmissionTask.run(TransmissionTask.java:124)
11-06 10:23:26.771 20429 20467 W System.err: 	at android.os.Handler.handleCallback(Handler.java:907)
11-06 10:23:26.771 20429 20467 W System.err: 	at android.os.Handler.dispatchMessage(Handler.java:105)
11-06 10:23:26.771 20429 20467 W System.err: 	at android.os.Looper.loop(Looper.java:216)
11-06 10:23:26.771 20429 20467 W System.err: 	at android.os.HandlerThread.run(HandlerThread.java:65)
11-06 10:23:26.796 20429 20467 W System.err: java.net.SocketException: Message too long
11-06 10:23:26.796 20429 20467 W System.err: 	at sun.nio.ch.DatagramChannelImpl.send0(Native Method)
11-06 10:23:26.796 20429 20467 W System.err: 	at sun.nio.ch.DatagramChannelImpl.sendFromNativeBuffer(DatagramChannelImpl.java:573)
11-06 10:23:26.796 20429 20467 W System.err: 	at sun.nio.ch.DatagramChannelImpl.send(DatagramChannelImpl.java:550)
11-06 10:23:26.796 20429 20467 W System.err: 	at sun.nio.ch.DatagramChannelImpl.send(DatagramChannelImpl.java:514)
11-06 10:23:26.796 20429 20467 W System.err: 	at symlab.CloudAR.network.TransmissionTask.run(TransmissionTask.java:124)
11-06 10:23:26.796 20429 20467 W System.err: 	at android.os.Handler.handleCallback(Handler.java:907)
11-06 10:23:26.796 20429 20467 W System.err: 	at android.os.Handler.dispatchMessage(Handler.java:105)
11-06 10:23:26.796 20429 20467 W System.err: 	at android.os.Looper.loop(Looper.java:216)
11-06 10:23:26.796 20429 20467 W System.err: 	at android.os.HandlerThread.run(HandlerThread.java:65)
11-06 10:23:26.842 20429 20467 W System.err: java.net.SocketException: Message too long
11-06 10:23:26.842 20429 20467 W System.err: 	at sun.nio.ch.DatagramChannelImpl.send0(Native Method)
11-06 10:23:26.842 20429 20467 W System.err: 	at sun.nio.ch.DatagramChannelImpl.sendFromNativeBuffer(DatagramChannelImpl.java:573)
11-06 10:23:26.842 20429 20467 W System.err: 	at sun.nio.ch.DatagramChannelImpl.send(DatagramChannelImpl.java:550)
11-06 10:23:26.842 20429 20467 W System.err: 	at sun.nio.ch.DatagramChannelImpl.send(DatagramChannelImpl.java:514)
11-06 10:23:26.842 20429 20467 W System.err: 	at symlab.CloudAR.network.TransmissionTask.run(TransmissionTask.java:124)
11-06 10:23:26.842 20429 20467 W System.err: 	at android.os.Handler.handleCallback(Handler.java:907)
11-06 10:23:26.842 20429 20467 W System.err: 	at android.os.Handler.dispatchMessage(Handler.java:105)
11-06 10:23:26.842 20429 20467 W System.err: 	at android.os.Looper.loop(Looper.java:216)
11-06 10:23:26.842 20429 20467 W System.err: 	at android.os.HandlerThread.run(HandlerThread.java:65)
11-06 10:23:26.869 20429 20467 W System.err: java.net.SocketException: Message too long
11-06 10:23:26.869 20429 20467 W System.err: 	at sun.nio.ch.DatagramChannelImpl.send0(Native Method)
11-06 10:23:26.869 20429 20467 W System.err: 	at sun.nio.ch.DatagramChannelImpl.sendFromNativeBuffer(DatagramChannelImpl.java:573)
11-06 10:23:26.869 20429 20467 W System.err: 	at sun.nio.ch.DatagramChannelImpl.send(DatagramChannelImpl.java:550)
11-06 10:23:26.869 20429 20467 W System.err: 	at sun.nio.ch.DatagramChannelImpl.send(DatagramChannelImpl.java:514)
11-06 10:23:26.869 20429 20467 W System.err: 	at symlab.CloudAR.network.TransmissionTask.run(TransmissionTask.java:124)
11-06 10:23:26.869 20429 20467 W System.err: 	at android.os.Handler.handleCallback(Handler.java:907)
11-06 10:23:26.869 20429 20467 W System.err: 	at android.os.Handler.dispatchMessage(Handler.java:105)
11-06 10:23:26.869 20429 20467 W System.err: 	at android.os.Looper.loop(Looper.java:216)
11-06 10:23:26.869 20429 20467 W System.err: 	at android.os.HandlerThread.run(HandlerThread.java:65)
11-06 10:23:26.910 20429 20467 W System.err: java.net.SocketException: Message too long
11-06 10:23:26.910 20429 20467 W System.err: 	at sun.nio.ch.DatagramChannelImpl.send0(Native Method)
11-06 10:23:26.910 20429 20467 W System.err: 	at sun.nio.ch.DatagramChannelImpl.sendFromNativeBuffer(DatagramChannelImpl.java:573)
11-06 10:23:26.910 20429 20467 W System.err: 	at sun.nio.ch.DatagramChannelImpl.send(DatagramChannelImpl.java:550)
11-06 10:23:26.910 20429 20467 W System.err: 	at sun.nio.ch.DatagramChannelImpl.send(DatagramChannelImpl.java:514)
11-06 10:23:26.910 20429 20467 W System.err: 	at symlab.CloudAR.network.TransmissionTask.run(TransmissionTask.java:124)
11-06 10:23:26.910 20429 20467 W System.err: 	at android.os.Handler.handleCallback(Handler.java:907)
11-06 10:23:26.910 20429 20467 W System.err: 	at android.os.Handler.dispatchMessage(Handler.java:105)
11-06 10:23:26.910 20429 20467 W System.err: 	at android.os.Looper.loop(Looper.java:216)
11-06 10:23:26.911 20429 20467 W System.err: 	at android.os.HandlerThread.run(HandlerThread.java:65)
11-06 10:23:26.932 20429 20467 W System.err: java.net.SocketException: Message too long
11-06 10:23:26.932 20429 20467 W System.err: 	at sun.nio.ch.DatagramChannelImpl.send0(Native Method)
11-06 10:23:26.932 20429 20467 W System.err: 	at sun.nio.ch.DatagramChannelImpl.sendFromNativeBuffer(DatagramChannelImpl.java:573)
11-06 10:23:26.932 20429 20467 W System.err: 	at sun.nio.ch.DatagramChannelImpl.send(DatagramChannelImpl.java:550)
11-06 10:23:26.932 20429 20467 W System.err: 	at sun.nio.ch.DatagramChannelImpl.send(DatagramChannelImpl.java:514)
11-06 10:23:26.932 20429 20467 W System.err: 	at symlab.CloudAR.network.TransmissionTask.run(TransmissionTask.java:124)
11-06 10:23:26.932 20429 20467 W System.err: 	at android.os.Handler.handleCallback(Handler.java:907)
11-06 10:23:26.932 20429 20467 W System.err: 	at android.os.Handler.dispatchMessage(Handler.java:105)
11-06 10:23:26.932 20429 20467 W System.err: 	at android.os.Looper.loop(Looper.java:216)
11-06 10:23:26.932 20429 20467 W System.err: 	at android.os.HandlerThread.run(HandlerThread.java:65)
11-06 10:23:26.986 20429 20467 W System.err: java.net.SocketException: Message too long
11-06 10:23:26.986 20429 20467 W System.err: 	at sun.nio.ch.DatagramChannelImpl.send0(Native Method)
11-06 10:23:26.986 20429 20467 W System.err: 	at sun.nio.ch.DatagramChannelImpl.sendFromNativeBuffer(DatagramChannelImpl.java:573)
11-06 10:23:26.986 20429 20467 W System.err: 	at sun.nio.ch.DatagramChannelImpl.send(DatagramChannelImpl.java:550)
11-06 10:23:26.986 20429 20467 W System.err: 	at sun.nio.ch.DatagramChannelImpl.send(DatagramChannelImpl.java:514)
11-06 10:23:26.986 20429 20467 W System.err: 	at symlab.CloudAR.network.TransmissionTask.run(TransmissionTask.java:124)
11-06 10:23:26.986 20429 20467 W System.err: 	at android.os.Handler.handleCallback(Handler.java:907)
11-06 10:23:26.986 20429 20467 W System.err: 	at android.os.Handler.dispatchMessage(Handler.java:105)
11-06 10:23:26.986 20429 20467 W System.err: 	at android.os.Looper.loop(Looper.java:216)
11-06 10:23:26.986 20429 20467 W System.err: 	at android.os.HandlerThread.run(HandlerThread.java:65)
11-06 10:23:27.006 20429 20467 D Evaluation: Frame 258 sent at 1573028607006
11-06 10:23:27.039 20429 20467 D Evaluation: Frame 259 sent at 1573028607039
11-06 10:23:27.068 20429 20467 D Evaluation: Frame 260 sent at 1573028607068
11-06 10:23:27.106 20429 20467 D Evaluation: Frame 261 sent at 1573028607106
11-06 10:23:27.134 20429 20467 D Evaluation: Frame 262 sent at 1573028607134
11-06 10:23:27.173 20429 20467 D Evaluation: Frame 263 sent at 1573028607173
11-06 10:23:27.199 20429 20467 D Evaluation: Frame 264 sent at 1573028607199
11-06 10:23:27.247 20429 20467 D Evaluation: Frame 265 sent at 1573028607247
11-06 10:23:27.273 20429 20467 D Evaluation: Frame 266 sent at 1573028607273
11-06 10:23:27.305 20429 20441 E         : [ZeroHung]zrhung_get_config: Get config failed for wp[0x0008]
11-06 10:23:27.305 20429 20467 D Evaluation: Frame 267 sent at 1573028607305
11-06 10:23:27.345 20429 20467 D Evaluation: Frame 268 sent at 1573028607345
11-06 10:23:27.368 20429 20467 D Evaluation: Frame 269 sent at 1573028607368
11-06 10:23:27.414 20429 20467 D Evaluation: Frame 270 sent at 1573028607414
11-06 10:23:27.436 20429 20467 D Evaluation: Frame 271 sent at 1573028607436
11-06 10:23:27.468 20429 20467 D Evaluation: Frame 272 sent at 1573028607468
11-06 10:23:27.502 20429 20467 D Evaluation: Frame 273 sent at 1573028607502
11-06 10:23:27.538 20429 20467 D Evaluation: Frame 274 sent at 1573028607538
11-06 10:23:27.572 20429 20467 D Evaluation: Frame 275 sent at 1573028607572
11-06 10:23:27.614 20429 20467 D Evaluation: Frame 276 sent at 1573028607614
11-06 10:23:27.644 20429 20467 D Evaluation: Frame 277 sent at 1573028607644
11-06 10:23:27.671 20429 20467 D Evaluation: Frame 278 sent at 1573028607671
11-06 10:23:27.702 20429 20467 D Evaluation: Frame 279 sent at 1573028607702
11-06 10:23:27.742 20429 20467 D Evaluation: Frame 280 sent at 1573028607742
11-06 10:23:27.783 20429 20467 D Evaluation: Frame 281 sent at 1573028607783
11-06 10:23:27.804 20429 20467 D Evaluation: Frame 282 sent at 1573028607804
11-06 10:23:27.841 20429 20467 D Evaluation: Frame 283 sent at 1573028607841
11-06 10:23:27.871 20429 20467 D Evaluation: Frame 284 sent at 1573028607871
11-06 10:23:27.905 20429 20467 D Evaluation: Frame 285 sent at 1573028607905
11-06 10:23:27.942 20429 20467 D Evaluation: Frame 286 sent at 1573028607942
11-06 10:23:27.976 20429 20467 D Evaluation: Frame 287 sent at 1573028607976
11-06 10:23:28.005 20429 20467 D Evaluation: Frame 288 sent at 1573028608005
11-06 10:23:28.049 20429 20467 D Evaluation: Frame 289 sent at 1573028608049
11-06 10:23:28.090 20429 20467 D Evaluation: Frame 290 sent at 1573028608090
11-06 10:23:28.124 20429 20467 D Evaluation: Frame 291 sent at 1573028608124
11-06 10:23:28.156 20429 20467 D Evaluation: Frame 292 sent at 1573028608156
11-06 10:23:28.182 20429 20467 D Evaluation: Frame 293 sent at 1573028608182
11-06 10:23:28.217 20429 20467 D Evaluation: Frame 294 sent at 1573028608217
11-06 10:23:28.249 20429 20467 D Evaluation: Frame 295 sent at 1573028608249
11-06 10:23:28.282 20429 20467 D Evaluation: Frame 296 sent at 1573028608282
11-06 10:23:28.326 20429 20467 D Evaluation: Frame 297 sent at 1573028608326
11-06 10:23:28.362 20429 20467 D Evaluation: Frame 298 sent at 1573028608362
11-06 10:23:28.394 20429 20467 D Evaluation: Frame 299 sent at 1573028608394
11-06 10:23:28.437 20429 20467 D Evaluation: Frame 300 sent at 1573028608437
11-06 10:23:28.465 20429 20467 D Evaluation: Frame 301 sent at 1573028608465
11-06 10:23:28.488 20429 20467 D Evaluation: Frame 302 sent at 1573028608488
11-06 10:23:28.524 20429 20467 D Evaluation: Frame 303 sent at 1573028608524
11-06 10:23:28.564 20429 20467 D Evaluation: Frame 304 sent at 1573028608564
11-06 10:23:28.599 20429 20467 D Evaluation: Frame 305 sent at 1573028608599
11-06 10:23:28.628 20429 20467 D Evaluation: Frame 306 sent at 1573028608628
11-06 10:23:28.670 20429 20467 D Evaluation: Frame 307 sent at 1573028608670
11-06 10:23:28.700 20429 20467 D Evaluation: Frame 308 sent at 1573028608700
11-06 10:23:28.732 20429 20467 D Evaluation: Frame 309 sent at 1573028608732
11-06 10:23:28.761 20429 20467 D Evaluation: Frame 310 sent at 1573028608761
11-06 10:23:28.794 20429 20467 D Evaluation: Frame 311 sent at 1573028608794
11-06 10:23:28.816 20429 20441 E         : [ZeroHung]zrhung_get_config: Get config failed for wp[0x0008]
11-06 10:23:28.817 20429 20467 D Evaluation: Frame 312 sent at 1573028608817
11-06 10:23:28.871 20429 20467 D Evaluation: Frame 314 sent at 1573028608871
11-06 10:23:28.892 20429 20467 D Evaluation: Frame 314 sent at 1573028608892
11-06 10:23:28.927 20429 20467 D Evaluation: Frame 315 sent at 1573028608927
11-06 10:23:28.968 20429 20467 D Evaluation: Frame 316 sent at 1573028608967
11-06 10:23:29.002 20429 20467 D Evaluation: Frame 317 sent at 1573028609002
11-06 10:23:29.034 20429 20467 D Evaluation: Frame 318 sent at 1573028609034
11-06 10:23:29.056 20429 20467 D Evaluation: Frame 319 sent at 1573028609056
11-06 10:23:29.097 20429 20467 D Evaluation: Frame 320 sent at 1573028609097
11-06 10:23:29.183 20429 20467 D Evaluation: Frame 322 sent at 1573028609183
11-06 10:23:29.205 20429 20467 D Evaluation: Frame 322 sent at 1573028609205
11-06 10:23:29.240 20429 20467 D Evaluation: Frame 324 sent at 1573028609240
11-06 10:23:29.262 20429 20467 D Evaluation: Frame 324 sent at 1573028609262
11-06 10:23:29.305 20429 20467 D Evaluation: Frame 325 sent at 1573028609305
11-06 10:23:29.339 20429 20467 D Evaluation: Frame 327 sent at 1573028609339
11-06 10:23:29.363 20429 20467 D Evaluation: Frame 327 sent at 1573028609363
11-06 10:23:29.395 20429 20467 D Evaluation: Frame 328 sent at 1573028609395
11-06 10:23:29.426 20429 20467 D Evaluation: Frame 329 sent at 1573028609426
11-06 10:23:29.476 20429 20467 D Evaluation: Frame 331 sent at 1573028609476
11-06 10:23:29.496 20429 20467 D Evaluation: Frame 331 sent at 1573028609496
11-06 10:23:29.533 20429 20467 D Evaluation: Frame 332 sent at 1573028609533
11-06 10:23:29.560 20429 20467 D Evaluation: Frame 333 sent at 1573028609560
11-06 10:23:29.666 20429 20467 D Evaluation: Frame 335 sent at 1573028609666
11-06 10:23:29.694 20429 20467 D Evaluation: Frame 336 sent at 1573028609694
11-06 10:23:29.720 20429 20467 D Evaluation: Frame 337 sent at 1573028609720
11-06 10:23:29.741 20429 20467 D Evaluation: Frame 337 sent at 1573028609741
11-06 10:23:29.769 20429 20467 D Evaluation: Frame 338 sent at 1573028609769
11-06 10:23:29.804 20429 20467 D Evaluation: Frame 339 sent at 1573028609804
11-06 10:23:29.838 20429 20467 D Evaluation: Frame 340 sent at 1573028609838
11-06 10:23:29.867 20429 20467 D Evaluation: Frame 341 sent at 1573028609867
11-06 10:23:29.940 20429 20467 D Evaluation: Frame 343 sent at 1573028609940
11-06 10:23:29.964 20429 20467 D Evaluation: Frame 343 sent at 1573028609964
11-06 10:23:30.005 20429 20467 D Evaluation: Frame 344 sent at 1573028610005
11-06 10:23:30.034 20429 20467 D Evaluation: Frame 345 sent at 1573028610034
11-06 10:23:30.065 20429 20467 D Evaluation: Frame 346 sent at 1573028610065
11-06 10:23:30.088 20429 20441 E         : [ZeroHung]zrhung_get_config: Get config failed for wp[0x0008]
11-06 10:23:30.089 20429 20467 D Evaluation: Frame 347 sent at 1573028610089
11-06 10:23:30.124 20429 20467 D Evaluation: Frame 348 sent at 1573028610124
11-06 10:23:30.167 20429 20467 D Evaluation: Frame 349 sent at 1573028610167
11-06 10:23:30.245 20429 20467 D Evaluation: Frame 351 sent at 1573028610245
11-06 10:23:30.272 20429 20467 D Evaluation: Frame 351 sent at 1573028610272
11-06 10:23:30.294 20429 20467 D Evaluation: Frame 352 sent at 1573028610294
11-06 10:23:30.336 20429 20467 D Evaluation: Frame 353 sent at 1573028610336
11-06 10:23:30.376 20429 20467 D Evaluation: Frame 354 sent at 1573028610376
11-06 10:23:30.406 20429 20467 D Evaluation: Frame 355 sent at 1573028610406
11-06 10:23:30.443 20429 20467 D Evaluation: Frame 356 sent at 1573028610443
11-06 10:23:30.478 20429 20467 D Evaluation: Frame 357 sent at 1573028610478
11-06 10:23:30.502 20429 20467 D Evaluation: Frame 358 sent at 1573028610502
11-06 10:23:30.547 20429 20467 D Evaluation: Frame 359 sent at 1573028610547
11-06 10:23:30.574 20429 20467 D Evaluation: Frame 360 sent at 1573028610573
11-06 10:23:30.607 20429 20467 D Evaluation: Frame 361 sent at 1573028610607
11-06 10:23:30.640 20429 20467 D Evaluation: Frame 362 sent at 1573028610640
11-06 10:23:30.678 20429 20467 D Evaluation: Frame 363 sent at 1573028610678
11-06 10:23:30.713 20429 20467 D Evaluation: Frame 364 sent at 1573028610713
11-06 10:23:30.744 20429 20467 D Evaluation: Frame 365 sent at 1573028610744
11-06 10:23:30.789 20429 20467 D Evaluation: Frame 366 sent at 1573028610789
11-06 10:23:30.819 20429 20467 D Evaluation: Frame 367 sent at 1573028610819
11-06 10:23:30.839 20429 20467 D Evaluation: Frame 368 sent at 1573028610839
11-06 10:23:30.869 20429 20467 D Evaluation: Frame 369 sent at 1573028610869
11-06 10:23:30.913 20429 20467 D Evaluation: Frame 370 sent at 1573028610913
11-06 10:23:30.944 20429 20467 D Evaluation: Frame 371 sent at 1573028610944
11-06 10:23:30.987 20429 20467 D Evaluation: Frame 372 sent at 1573028610987
11-06 10:23:31.017 20429 20467 D Evaluation: Frame 373 sent at 1573028611017
11-06 10:23:31.047 20429 20467 D Evaluation: Frame 374 sent at 1573028611047
11-06 10:23:31.085 20429 20467 D Evaluation: Frame 375 sent at 1573028611085
11-06 10:23:31.119 20429 20467 D Evaluation: Frame 376 sent at 1573028611119
11-06 10:23:31.142 20429 20467 D Evaluation: Frame 377 sent at 1573028611142
11-06 10:23:31.177 20429 20467 D Evaluation: Frame 378 sent at 1573028611177
11-06 10:23:31.216 20429 20467 D Evaluation: Frame 379 sent at 1573028611216
11-06 10:23:31.244 20429 20441 E         : [ZeroHung]zrhung_get_config: Get config failed for wp[0x0008]
11-06 10:23:31.244 20429 20467 D Evaluation: Frame 380 sent at 1573028611244
11-06 10:23:31.338 20429 20467 D Evaluation: Frame 382 sent at 1573028611338
11-06 10:23:31.362 20429 20467 D Evaluation: Frame 383 sent at 1573028611362
11-06 10:23:31.385 20429 20467 D Evaluation: Frame 383 sent at 1573028611385
11-06 10:23:31.419 20429 20467 D Evaluation: Frame 384 sent at 1573028611418
11-06 10:23:31.450 20429 20467 D Evaluation: Frame 385 sent at 1573028611450
11-06 10:23:31.493 20429 20467 D Evaluation: Frame 387 sent at 1573028611493
11-06 10:23:31.513 20429 20467 D Evaluation: Frame 387 sent at 1573028611513
11-06 10:23:31.549 20429 20467 D Evaluation: Frame 388 sent at 1573028611549
11-06 10:23:31.585 20429 20467 D Evaluation: Frame 389 sent at 1573028611585
11-06 10:23:31.617 20429 20467 D Evaluation: Frame 390 sent at 1573028611617
11-06 10:23:31.649 20429 20467 D Evaluation: Frame 391 sent at 1573028611649
11-06 10:23:31.690 20429 20467 D Evaluation: Frame 392 sent at 1573028611690
11-06 10:23:31.726 20429 20467 D Evaluation: Frame 393 sent at 1573028611726
11-06 10:23:31.754 20429 20467 D Evaluation: Frame 394 sent at 1573028611754
11-06 10:23:31.790 20429 20467 D Evaluation: Frame 395 sent at 1573028611790
11-06 10:23:31.818 20429 20467 D Evaluation: Frame 396 sent at 1573028611818
11-06 10:23:31.849 20429 20467 D Evaluation: Frame 397 sent at 1573028611849
11-06 10:23:31.890 20429 20467 D Evaluation: Frame 398 sent at 1573028611890
11-06 10:23:31.918 20429 20467 D Evaluation: Frame 399 sent at 1573028611918
11-06 10:23:31.965 20429 20467 D Evaluation: Frame 400 sent at 1573028611965
11-06 10:23:31.999 20429 20467 D Evaluation: Frame 401 sent at 1573028611999
11-06 10:23:32.024 20429 20467 D Evaluation: Frame 402 sent at 1573028612024
11-06 10:23:32.052 20429 20467 D Evaluation: Frame 403 sent at 1573028612052
11-06 10:23:32.082 20429 20467 D Evaluation: Frame 404 sent at 1573028612082
11-06 10:23:32.125 20429 20467 D Evaluation: Frame 405 sent at 1573028612125
11-06 10:23:32.157 20429 20467 D Evaluation: Frame 406 sent at 1573028612157
11-06 10:23:32.188 20429 20467 D Evaluation: Frame 407 sent at 1573028612188
11-06 10:23:32.232 20429 20467 D Evaluation: Frame 408 sent at 1573028612232
11-06 10:23:32.311 20429 20467 D Evaluation: Frame 410 sent at 1573028612311
11-06 10:23:32.342 20429 20467 D Evaluation: Frame 410 sent at 1573028612342
11-06 10:23:32.371 20429 20467 D Evaluation: Frame 411 sent at 1573028612370
11-06 10:23:32.394 20429 20467 D Evaluation: Frame 412 sent at 1573028612394
11-06 10:23:32.422 20429 20467 D Evaluation: Frame 413 sent at 1573028612422
11-06 10:23:32.465 20429 20441 E         : [ZeroHung]zrhung_get_config: Get config failed for wp[0x0008]
11-06 10:23:32.466 20429 20467 D Evaluation: Frame 414 sent at 1573028612466
11-06 10:23:32.494 20429 20467 D Evaluation: Frame 415 sent at 1573028612494
11-06 10:23:32.523 20429 20467 D Evaluation: Frame 416 sent at 1573028612523
11-06 10:23:32.550 20429 20467 D Evaluation: Frame 417 sent at 1573028612550
11-06 10:23:32.596 20429 20467 D Evaluation: Frame 418 sent at 1573028612596
11-06 10:23:32.618 20429 20467 D Evaluation: Frame 419 sent at 1573028612618
11-06 10:23:32.656 20429 20467 D Evaluation: Frame 420 sent at 1573028612656
11-06 10:23:32.688 20429 20467 D Evaluation: Frame 421 sent at 1573028612688
11-06 10:23:32.722 20429 20467 D Evaluation: Frame 422 sent at 1573028612722
11-06 10:23:32.760 20429 20467 D Evaluation: Frame 423 sent at 1573028612760
11-06 10:23:32.792 20429 20467 D Evaluation: Frame 424 sent at 1573028612792
11-06 10:23:32.829 20429 20467 D Evaluation: Frame 425 sent at 1573028612829
11-06 10:23:32.909 20429 20467 D Evaluation: Frame 426 sent at 1573028612909
11-06 10:23:32.946 20429 20467 D Evaluation: Frame 428 sent at 1573028612946
11-06 10:23:32.973 20429 20467 D Evaluation: Frame 428 sent at 1573028612973
11-06 10:23:32.998 20429 20467 D Evaluation: Frame 429 sent at 1573028612998
11-06 10:23:33.032 20429 20467 D Evaluation: Frame 430 sent at 1573028613032
11-06 10:23:33.057 20429 20467 D Evaluation: Frame 431 sent at 1573028613057
11-06 10:23:33.087 20429 20467 D Evaluation: Frame 432 sent at 1573028613087
11-06 10:23:33.131 20429 20467 D Evaluation: Frame 434 sent at 1573028613131
11-06 10:23:33.154 20429 20467 D Evaluation: Frame 434 sent at 1573028613154
11-06 10:23:33.188 20429 20467 D Evaluation: Frame 435 sent at 1573028613188
11-06 10:23:33.220 20429 20467 D Evaluation: Frame 436 sent at 1573028613220
11-06 10:23:33.259 20429 20467 D Evaluation: Frame 437 sent at 1573028613258
11-06 10:23:33.287 20429 20467 D Evaluation: Frame 438 sent at 1573028613287
11-06 10:23:33.335 20429 20467 D Evaluation: Frame 439 sent at 1573028613335
11-06 10:23:33.368 20429 20467 D Evaluation: Frame 440 sent at 1573028613368
11-06 10:23:33.400 20429 20467 D Evaluation: Frame 441 sent at 1573028613399
11-06 10:23:33.435 20429 20467 D Evaluation: Frame 442 sent at 1573028613435
11-06 10:23:33.462 20429 20467 D Evaluation: Frame 443 sent at 1573028613462
11-06 10:23:33.494 20429 20467 D Evaluation: Frame 444 sent at 1573028613493
11-06 10:23:33.519 20429 20467 D Evaluation: Frame 445 sent at 1573028613519
11-06 10:23:33.528 20429 20429 W HiTouch_PressGestureDetector: Touch pointer move a lot. The moving distance of X is:5.0322113, limit is:60The moving distance of Y is:86.023315, limit is:60
11-06 10:23:33.567 20429 20467 D Evaluation: Frame 446 sent at 1573028613567
11-06 10:23:33.589 20429 20467 D Evaluation: Frame 447 sent at 1573028613589
11-06 10:23:33.614 20429 20467 D Evaluation: Frame 448 sent at 1573028613614
11-06 10:23:33.647 20429 20467 D Evaluation: Frame 449 sent at 1573028613647
11-06 10:23:33.695 20429 20467 D Evaluation: Frame 450 sent at 1573028613695
11-06 10:23:33.718 20429 20467 D Evaluation: Frame 451 sent at 1573028613718
11-06 10:23:33.758 20429 20467 D Evaluation: Frame 452 sent at 1573028613758
11-06 10:23:33.797 20429 20441 E         : [ZeroHung]zrhung_get_config: Get config failed for wp[0x0008]
11-06 10:23:33.798 20429 20467 D Evaluation: Frame 453 sent at 1573028613797
11-06 10:23:33.820 20429 20467 D Evaluation: Frame 454 sent at 1573028613820
11-06 10:23:33.853 20429 20467 D Evaluation: Frame 455 sent at 1573028613853
11-06 10:23:33.884 20429 20467 D Evaluation: Frame 456 sent at 1573028613884
11-06 10:23:33.918 20429 20467 D Evaluation: Frame 457 sent at 1573028613918
11-06 10:23:33.952 20429 20467 D Evaluation: Frame 458 sent at 1573028613952
11-06 10:23:33.987 20429 20467 D Evaluation: Frame 459 sent at 1573028613987
11-06 10:23:34.020 20429 20467 D Evaluation: Frame 460 sent at 1573028614020
11-06 10:23:34.052 20429 20467 D Evaluation: Frame 461 sent at 1573028614052
11-06 10:23:34.086 20429 20467 D Evaluation: Frame 462 sent at 1573028614086
11-06 10:23:34.135 20429 20467 D Evaluation: Frame 463 sent at 1573028614135
11-06 10:23:34.155 20429 20467 D Evaluation: Frame 464 sent at 1573028614155
11-06 10:23:34.184 20429 20467 D Evaluation: Frame 465 sent at 1573028614184
11-06 10:23:34.231 20429 20467 D Evaluation: Frame 466 sent at 1573028614231
11-06 10:23:34.261 20429 20467 D Evaluation: Frame 467 sent at 1573028614261
11-06 10:23:34.298 20429 20467 D Evaluation: Frame 468 sent at 1573028614298
11-06 10:23:34.321 20429 20467 D Evaluation: Frame 469 sent at 1573028614320
11-06 10:23:34.363 20429 20467 D Evaluation: Frame 470 sent at 1573028614363
11-06 10:23:34.406 20429 20467 D Evaluation: Frame 471 sent at 1573028614406
11-06 10:23:34.429 20429 20467 D Evaluation: Frame 472 sent at 1573028614429
11-06 10:23:34.456 20429 20467 D Evaluation: Frame 473 sent at 1573028614456
11-06 10:23:34.496 20429 20467 D Evaluation: Frame 474 sent at 1573028614496
11-06 10:23:34.524 20429 20467 D Evaluation: Frame 475 sent at 1573028614524
11-06 10:23:34.566 20429 20467 D Evaluation: Frame 476 sent at 1573028614566
11-06 10:23:34.593 20429 20467 D Evaluation: Frame 477 sent at 1573028614593
11-06 10:23:34.631 20429 20467 D Evaluation: Frame 478 sent at 1573028614631
11-06 10:23:34.663 20429 20467 D Evaluation: Frame 479 sent at 1573028614663
11-06 10:23:34.697 20429 20467 D Evaluation: Frame 480 sent at 1573028614697
11-06 10:23:34.726 20429 20467 D Evaluation: Frame 481 sent at 1573028614726
11-06 10:23:34.767 20429 20467 D Evaluation: Frame 482 sent at 1573028614767
11-06 10:23:34.793 20429 20467 D Evaluation: Frame 483 sent at 1573028614793
11-06 10:23:34.825 20429 20467 D Evaluation: Frame 484 sent at 1573028614825
11-06 10:23:34.859 20429 20467 D Evaluation: Frame 485 sent at 1573028614859
11-06 10:23:34.896 20429 20467 D Evaluation: Frame 486 sent at 1573028614896
11-06 10:23:34.943 20429 20467 D Evaluation: Frame 487 sent at 1573028614943
11-06 10:23:34.965 20429 20441 E         : [ZeroHung]zrhung_get_config: Get config failed for wp[0x0008]
11-06 10:23:34.965 20429 20467 D Evaluation: Frame 488 sent at 1573028614965
11-06 10:23:34.991 20429 20467 D Evaluation: Frame 489 sent at 1573028614991
11-06 10:23:35.031 20429 20467 D Evaluation: Frame 490 sent at 1573028615031
11-06 10:23:35.056 20429 20467 D Evaluation: Frame 491 sent at 1573028615056
11-06 10:23:35.092 20429 20467 D Evaluation: Frame 492 sent at 1573028615092
11-06 10:23:35.128 20429 20467 D Evaluation: Frame 493 sent at 1573028615128
11-06 10:23:35.161 20429 20467 D Evaluation: Frame 494 sent at 1573028615161
11-06 10:23:35.196 20429 20467 D Evaluation: Frame 495 sent at 1573028615195
11-06 10:23:35.235 20429 20467 D Evaluation: Frame 496 sent at 1573028615235
11-06 10:23:35.267 20429 20467 D Evaluation: Frame 497 sent at 1573028615267
11-06 10:23:35.305 20429 20467 D Evaluation: Frame 498 sent at 1573028615305
11-06 10:23:35.338 20429 20467 D Evaluation: Frame 499 sent at 1573028615338
11-06 10:23:35.370 20429 20467 D Evaluation: Frame 500 sent at 1573028615370
11-06 10:23:35.398 20429 20467 D Evaluation: Frame 501 sent at 1573028615398
11-06 10:23:35.438 20429 20467 D Evaluation: Frame 502 sent at 1573028615437
11-06 10:23:35.489 20429 20467 D Evaluation: Frame 503 sent at 1573028615489
11-06 10:23:35.510 20429 20467 D Evaluation: Frame 504 sent at 1573028615510
11-06 10:23:35.537 20429 20467 D Evaluation: Frame 505 sent at 1573028615537
11-06 10:23:35.562 20429 20467 D Evaluation: Frame 506 sent at 1573028615562
11-06 10:23:35.597 20429 20467 D Evaluation: Frame 507 sent at 1573028615597
11-06 10:23:35.631 20429 20467 D Evaluation: Frame 508 sent at 1573028615631
11-06 10:23:35.664 20429 20467 D Evaluation: Frame 509 sent at 1573028615664
11-06 10:23:35.699 20429 20467 D Evaluation: Frame 510 sent at 1573028615699
11-06 10:23:35.736 20429 20467 D Evaluation: Frame 511 sent at 1573028615736
11-06 10:23:35.778 20429 20467 D Evaluation: Frame 512 sent at 1573028615778
11-06 10:23:35.805 20429 20467 D Evaluation: Frame 513 sent at 1573028615805
11-06 10:23:35.834 20429 20467 D Evaluation: Frame 514 sent at 1573028615834
11-06 10:23:35.863 20429 20467 D Evaluation: Frame 515 sent at 1573028615863
11-06 10:23:35.903 20429 20467 D Evaluation: Frame 516 sent at 1573028615903
11-06 10:23:35.943 20429 20467 D Evaluation: Frame 517 sent at 1573028615943
11-06 10:23:35.975 20429 20467 D Evaluation: Frame 518 sent at 1573028615975
11-06 10:23:35.999 20429 20467 D Evaluation: Frame 519 sent at 1573028615999
11-06 10:23:36.053 20429 20467 D Evaluation: Frame 520 sent at 1573028616052
11-06 10:23:36.079 20429 20467 D Evaluation: Frame 521 sent at 1573028616079
11-06 10:23:36.101 20429 20467 D Evaluation: Frame 522 sent at 1573028616101
11-06 10:23:36.146 20429 20441 E         : [ZeroHung]zrhung_get_config: Get config failed for wp[0x0008]
11-06 10:23:36.147 20429 20467 D Evaluation: Frame 523 sent at 1573028616146
11-06 10:23:36.168 20429 20467 D Evaluation: Frame 524 sent at 1573028616168
11-06 10:23:36.212 20429 20467 D Evaluation: Frame 525 sent at 1573028616212
11-06 10:23:36.237 20429 20467 D Evaluation: Frame 526 sent at 1573028616237
11-06 10:23:36.276 20429 20467 D Evaluation: Frame 527 sent at 1573028616276
11-06 10:23:36.363 20429 20467 D Evaluation: Frame 529 sent at 1573028616363
11-06 10:23:36.383 20429 20467 D Evaluation: Frame 529 sent at 1573028616383
11-06 10:23:36.410 20429 20467 D Evaluation: Frame 530 sent at 1573028616410
11-06 10:23:36.438 20429 20467 D Evaluation: Frame 531 sent at 1573028616438
11-06 10:23:36.480 20429 20467 D Evaluation: Frame 532 sent at 1573028616480
11-06 10:23:36.506 20429 20467 D Evaluation: Frame 533 sent at 1573028616506
11-06 10:23:36.546 20429 20467 D Evaluation: Frame 534 sent at 1573028616546
11-06 10:23:36.582 20429 20467 D Evaluation: Frame 535 sent at 1573028616582
11-06 10:23:36.656 20429 20467 D Evaluation: Frame 536 sent at 1573028616656
11-06 10:23:36.680 20429 20467 D Evaluation: Frame 537 sent at 1573028616680
11-06 10:23:36.712 20429 20467 D Evaluation: Frame 538 sent at 1573028616712
11-06 10:23:36.743 20429 20467 D Evaluation: Frame 539 sent at 1573028616743
11-06 10:23:36.780 20429 20467 D Evaluation: Frame 540 sent at 1573028616780
11-06 10:23:36.808 20429 20467 D Evaluation: Frame 541 sent at 1573028616808
11-06 10:23:36.840 20429 20467 D Evaluation: Frame 542 sent at 1573028616840
11-06 10:23:36.886 20429 20467 D Evaluation: Frame 543 sent at 1573028616886
11-06 10:23:36.915 20429 20467 D Evaluation: Frame 544 sent at 1573028616915
11-06 10:23:36.939 20429 20467 D Evaluation: Frame 545 sent at 1573028616939
11-06 10:23:36.976 20429 20467 D Evaluation: Frame 546 sent at 1573028616976
11-06 10:23:37.010 20429 20467 D Evaluation: Frame 547 sent at 1573028617010
11-06 10:23:37.043 20429 20467 D Evaluation: Frame 548 sent at 1573028617043
11-06 10:23:37.077 20429 20467 D Evaluation: Frame 549 sent at 1573028617077
11-06 10:23:37.108 20429 20467 D Evaluation: Frame 550 sent at 1573028617108
11-06 10:23:37.145 20429 20467 D Evaluation: Frame 551 sent at 1573028617145
11-06 10:23:37.221 20429 20467 D Evaluation: Frame 552 sent at 1573028617221
11-06 10:23:37.245 20429 20467 D Evaluation: Frame 553 sent at 1573028617245
11-06 10:23:37.277 20429 20467 D Evaluation: Frame 554 sent at 1573028617277
11-06 10:23:37.319 20429 20467 D Evaluation: Frame 555 sent at 1573028617319
11-06 10:23:37.351 20429 20467 D Evaluation: Frame 556 sent at 1573028617351
11-06 10:23:37.372 20429 20441 E         : [ZeroHung]zrhung_get_config: Get config failed for wp[0x0008]
11-06 10:23:37.376 20429 20467 D Evaluation: Frame 557 sent at 1573028617376
11-06 10:23:37.408 20429 20467 D Evaluation: Frame 558 sent at 1573028617408
11-06 10:23:37.447 20429 20467 D Evaluation: Frame 559 sent at 1573028617447
11-06 10:23:37.484 20429 20467 D Evaluation: Frame 560 sent at 1573028617484
11-06 10:23:37.521 20429 20467 D Evaluation: Frame 561 sent at 1573028617520
11-06 10:23:37.556 20429 20467 D Evaluation: Frame 562 sent at 1573028617556
11-06 10:23:37.578 20429 20467 D Evaluation: Frame 563 sent at 1573028617578
11-06 10:23:37.612 20429 20467 D Evaluation: Frame 564 sent at 1573028617612
11-06 10:23:37.645 20429 20467 D Evaluation: Frame 565 sent at 1573028617645
11-06 10:23:37.683 20429 20467 D Evaluation: Frame 566 sent at 1573028617683
11-06 10:23:37.714 20429 20467 D Evaluation: Frame 567 sent at 1573028617714
11-06 10:23:37.756 20429 20467 D Evaluation: Frame 568 sent at 1573028617756
11-06 10:23:37.780 20429 20467 D Evaluation: Frame 569 sent at 1573028617780
11-06 10:23:37.825 20429 20467 D Evaluation: Frame 570 sent at 1573028617825
11-06 10:23:37.848 20429 20467 D Evaluation: Frame 571 sent at 1573028617848
11-06 10:23:37.915 20429 20467 D Evaluation: Frame 572 sent at 1573028617915
11-06 10:23:37.956 20429 20467 D Evaluation: Frame 573 sent at 1573028617956
11-06 10:23:37.991 20429 20467 D Evaluation: Frame 574 sent at 1573028617991
11-06 10:23:38.023 20429 20467 D Evaluation: Frame 575 sent at 1573028618023
11-06 10:23:38.063 20429 20467 D Evaluation: Frame 576 sent at 1573028618063
11-06 10:23:38.091 20429 20467 D Evaluation: Frame 577 sent at 1573028618091
11-06 10:23:38.121 20429 20467 D Evaluation: Frame 578 sent at 1573028618121
11-06 10:23:38.151 20429 20467 D Evaluation: Frame 579 sent at 1573028618151
11-06 10:23:38.190 20429 20467 D Evaluation: Frame 580 sent at 1573028618190
11-06 10:23:38.217 20429 20467 D Evaluation: Frame 581 sent at 1573028618217
11-06 10:23:38.259 20429 20467 D Evaluation: Frame 582 sent at 1573028618259
11-06 10:23:38.286 20429 20467 D Evaluation: Frame 583 sent at 1573028618286
11-06 10:23:38.331 20429 20467 D Evaluation: Frame 584 sent at 1573028618331
11-06 10:23:38.350 20429 20467 D Evaluation: Frame 585 sent at 1573028618350
11-06 10:23:38.391 20429 20467 D Evaluation: Frame 586 sent at 1573028618391
11-06 10:23:38.418 20429 20467 D Evaluation: Frame 587 sent at 1573028618418
11-06 10:23:38.454 20429 20429 W HiTouch_PressGestureDetector: Touch pointer move a lot. The moving distance of X is:20.600342, limit is:60The moving distance of Y is:112.552155, limit is:60
11-06 10:23:38.465 20429 20467 D Evaluation: Frame 588 sent at 1573028618465
11-06 10:23:38.495 20429 20467 D Evaluation: Frame 589 sent at 1573028618495
11-06 10:23:38.517 20429 20467 D Evaluation: Frame 590 sent at 1573028618517
11-06 10:23:38.552 20429 20467 D Evaluation: Frame 591 sent at 1573028618552
11-06 10:23:38.588 20429 20441 E         : [ZeroHung]zrhung_get_config: Get config failed for wp[0x0008]
11-06 10:23:38.588 20429 20467 D Evaluation: Frame 592 sent at 1573028618588
11-06 10:23:38.623 20429 20467 D Evaluation: Frame 593 sent at 1573028618623
11-06 10:23:38.655 20429 20467 D Evaluation: Frame 594 sent at 1573028618655
11-06 10:23:38.694 20429 20467 D Evaluation: Frame 595 sent at 1573028618694
11-06 10:23:38.763 20429 20467 D Evaluation: Frame 596 sent at 1573028618763
11-06 10:23:38.796 20429 20467 D Evaluation: Frame 597 sent at 1573028618796
11-06 10:23:38.823 20429 20467 D Evaluation: Frame 598 sent at 1573028618823
11-06 10:23:38.864 20429 20467 D Evaluation: Frame 599 sent at 1573028618864
11-06 10:23:38.870 20429 20429 W HiTouch_PressGestureDetector: Touch pointer move a lot. The moving distance of X is:8.69014, limit is:60The moving distance of Y is:65.30813, limit is:60
11-06 10:23:38.892 20429 20467 D Evaluation: Frame 600 sent at 1573028618891
11-06 10:23:38.929 20429 20467 D Evaluation: Frame 601 sent at 1573028618929
11-06 10:23:38.953 20429 20467 D Evaluation: Frame 602 sent at 1573028618953
11-06 10:23:38.989 20429 20467 D Evaluation: Frame 603 sent at 1573028618989
11-06 10:23:39.025 20429 20467 D Evaluation: Frame 604 sent at 1573028619025
11-06 10:23:39.072 20429 20467 D Evaluation: Frame 605 sent at 1573028619071
11-06 10:23:39.093 20429 20467 D Evaluation: Frame 606 sent at 1573028619093
11-06 10:23:39.122 20429 20467 D Evaluation: Frame 607 sent at 1573028619122
11-06 10:23:39.156 20429 20467 D Evaluation: Frame 608 sent at 1573028619156
11-06 10:23:39.189 20429 20467 D Evaluation: Frame 609 sent at 1573028619189
11-06 10:23:39.224 20429 20467 D Evaluation: Frame 610 sent at 1573028619224
11-06 10:23:39.262 20429 20467 D Evaluation: Frame 611 sent at 1573028619262
11-06 10:23:39.302 20429 20467 D Evaluation: Frame 612 sent at 1573028619302
11-06 10:23:39.336 20429 20467 D Evaluation: Frame 613 sent at 1573028619336
11-06 10:23:39.360 20429 20467 D Evaluation: Frame 614 sent at 1573028619360
11-06 10:23:39.409 20429 20467 D Evaluation: Frame 615 sent at 1573028619409
11-06 10:23:39.435 20429 20467 D Evaluation: Frame 616 sent at 1573028619435
11-06 10:23:39.463 20429 20467 D Evaluation: Frame 617 sent at 1573028619463
11-06 10:23:39.514 20429 20467 D Evaluation: Frame 619 sent at 1573028619514
11-06 10:23:39.532 20429 20467 D Evaluation: Frame 619 sent at 1573028619532
11-06 10:23:39.544 20429 20429 I Poster  :  onPause() called.
11-06 10:23:39.627 20429 20429 I Camera  : close camera: 0, package name: symlab.cloudridar.arhud
11-06 10:23:39.627 20429 20429 I BackgroundPermManager: pkgName: symlab.cloudridar.arhud,pid: 20429 ,uidOf3RdApk: 10149 ,permType: 0 ,permCfg: 0
11-06 10:23:39.630 20429 20429 I HwCameraUtil: notifySurfaceFlingerCameraStatus : isFront = false , isOpend = false
11-06 10:23:39.670 20429 20429 D ZrHung.AppEyeUiProbe: stop checker.
11-06 10:23:39.685 20429 20429 I Poster  :  surfaceDestroyed() called.
11-06 10:23:39.685 20429 20429 D ViewRootImpl[MainActivity]: surface should not be released
11-06 10:23:39.685 20429 20429 I Poster  :  onStop() called.
11-06 10:23:39.706 20429 20486 W libEGL  : EGLNativeWindowType 0xef5f0008 disconnect failed
11-06 10:23:39.747 20429 20455 D ZrHung.AppEyeUiProbe: Current Activity:false
11-06 10:23:39.747 20429 20455 D ZrHung.AppEyeUiProbe: not watching, wait.
11-06 10:23:44.549 20429 20429 I AwareBitmapCacher: handleReleaseCache: pid=20429
11-06 10:23:44.549 20429 20429 I AwareBitmapCacher: init lrucache size: 2097152 pid=20429
11-06 10:23:44.680 20429 20441 E         : [ZeroHung]zrhung_get_config: Get config failed for wp[0x0008]
11-06 10:26:02.180 20429 20429 I PermissionManager: camera remind result:true
11-06 10:26:02.180 20429 20429 I BackgroundPermManager: pkgName: symlab.cloudridar.arhud,pid: 20429 ,uidOf3RdApk: 10149 ,permType: 0 ,permCfg: 1
11-06 10:26:02.195 20429 20429 D ActivityThread: isOptEnabled=false isWechatScanOpt=false
11-06 10:26:02.222 20429 20486 D mali_winsys: EGLint new_window_surface(egl_winsys_display *, void *, EGLSurface, EGLConfig, egl_winsys_surface **, EGLBoolean) returns 0x3000
11-06 10:26:02.228 20429 20429 I Poster  :  surfaceCreated() called.
11-06 10:26:02.228 20429 20429 I Poster  : initPreview() called
11-06 10:26:02.230 20429 20429 I PermissionManager: camera remind result:true
11-06 10:26:02.236 20429 20429 I Poster  :  surfaceChanged() called.
11-06 10:26:02.236 20429 20429 E BpSurfaceComposerClient: Failed to transact (-1)
11-06 10:26:02.236 20429 20429 E BpSurfaceComposerClient: Failed to transact (-1)
11-06 10:26:02.237 20429 20429 W InputMethodManager: startInputReason = 1
11-06 10:26:02.290 20429 20486 W libEGL  : EGLNativeWindowType 0xef5f0008 disconnect failed
11-06 10:26:02.291 20429 20486 D mali_winsys: EGLint new_window_surface(egl_winsys_display *, void *, EGLSurface, EGLConfig, egl_winsys_surface **, EGLBoolean) returns 0x3000
11-06 10:26:02.539 20429 20429 W MessageQueue: Handler (android.os.Handler) {a9246da} sending message to a Handler on a dead thread
11-06 10:26:02.539 20429 20429 W MessageQueue: java.lang.IllegalStateException: Handler (android.os.Handler) {a9246da} sending message to a Handler on a dead thread
11-06 10:26:02.539 20429 20429 W MessageQueue: 	at android.os.MessageQueue.enqueueMessage(MessageQueue.java:650)
11-06 10:26:02.539 20429 20429 W MessageQueue: 	at android.os.Handler.enqueueMessage(Handler.java:769)
11-06 10:26:02.539 20429 20429 W MessageQueue: 	at android.os.Handler.sendMessageAtTime(Handler.java:718)
11-06 10:26:02.539 20429 20429 W MessageQueue: 	at android.os.Handler.sendMessageDelayed(Handler.java:688)
11-06 10:26:02.539 20429 20429 W MessageQueue: 	at android.os.Handler.post(Handler.java:405)
11-06 10:26:02.539 20429 20429 W MessageQueue: 	at symlab.CloudAR.ARManager.recognizeTime(ARManager.java:151)
11-06 10:26:02.539 20429 20429 W MessageQueue: 	at symlab.ARHUD.MainActivity$3.onPreviewFrame(MainActivity.java:296)
11-06 10:26:02.539 20429 20429 W MessageQueue: 	at android.hardware.Camera$EventHandler.handleMessage(Camera.java:1278)
11-06 10:26:02.539 20429 20429 W MessageQueue: 	at android.os.Handler.dispatchMessage(Handler.java:112)
11-06 10:26:02.539 20429 20429 W MessageQueue: 	at android.os.Looper.loop(Looper.java:216)
11-06 10:26:02.539 20429 20429 W MessageQueue: 	at android.app.ActivityThread.main(ActivityThread.java:7579)
11-06 10:26:02.539 20429 20429 W MessageQueue: 	at java.lang.reflect.Method.invoke(Native Method)
