11-06 13:22:49.827 14692 14726 W System.err: 	at android.os.Looper.loop(Looper.java:216)
11-06 13:22:49.827 14692 14726 W System.err: 	at android.os.HandlerThread.run(HandlerThread.java:65)
11-06 13:22:49.871 14692 14726 W System.err: java.net.SocketException: Message too long
11-06 13:22:49.872 14692 14726 W System.err: 	at sun.nio.ch.DatagramChannelImpl.send0(Native Method)
11-06 13:22:49.872 14692 14726 W System.err: 	at sun.nio.ch.DatagramChannelImpl.sendFromNativeBuffer(DatagramChannelImpl.java:573)
11-06 13:22:49.872 14692 14726 W System.err: 	at sun.nio.ch.DatagramChannelImpl.send(DatagramChannelImpl.java:550)
11-06 13:22:49.872 14692 14726 W System.err: 	at sun.nio.ch.DatagramChannelImpl.send(DatagramChannelImpl.java:514)
11-06 13:22:49.872 14692 14726 W System.err: 	at symlab.CloudAR.network.TransmissionTask.run(TransmissionTask.java:124)
11-06 13:22:49.872 14692 14726 W System.err: 	at android.os.Handler.handleCallback(Handler.java:907)
11-06 13:22:49.872 14692 14726 W System.err: 	at android.os.Handler.dispatchMessage(Handler.java:105)
11-06 13:22:49.872 14692 14726 W System.err: 	at android.os.Looper.loop(Looper.java:216)
11-06 13:22:49.872 14692 14726 W System.err: 	at android.os.HandlerThread.run(HandlerThread.java:65)
11-06 13:22:49.901 14692 14726 W System.err: java.net.SocketException: Message too long
11-06 13:22:49.901 14692 14726 W System.err: 	at sun.nio.ch.DatagramChannelImpl.send0(Native Method)
11-06 13:22:49.901 14692 14726 W System.err: 	at sun.nio.ch.DatagramChannelImpl.sendFromNativeBuffer(DatagramChannelImpl.java:573)
11-06 13:22:49.901 14692 14726 W System.err: 	at sun.nio.ch.DatagramChannelImpl.send(DatagramChannelImpl.java:550)
11-06 13:22:49.901 14692 14726 W System.err: 	at sun.nio.ch.DatagramChannelImpl.send(DatagramChannelImpl.java:514)
11-06 13:22:49.902 14692 14726 W System.err: 	at symlab.CloudAR.network.TransmissionTask.run(TransmissionTask.java:124)
11-06 13:22:49.902 14692 14726 W System.err: 	at android.os.Handler.handleCallback(Handler.java:907)
11-06 13:22:49.902 14692 14726 W System.err: 	at android.os.Handler.dispatchMessage(Handler.java:105)
11-06 13:22:49.902 14692 14726 W System.err: 	at android.os.Looper.loop(Looper.java:216)
11-06 13:22:49.902 14692 14726 W System.err: 	at android.os.HandlerThread.run(HandlerThread.java:65)
11-06 13:22:49.933 14692 14726 W System.err: java.net.SocketException: Message too long
11-06 13:22:49.933 14692 14726 W System.err: 	at sun.nio.ch.DatagramChannelImpl.send0(Native Method)
11-06 13:22:49.933 14692 14726 W System.err: 	at sun.nio.ch.DatagramChannelImpl.sendFromNativeBuffer(DatagramChannelImpl.java:573)
11-06 13:22:49.933 14692 14726 W System.err: 	at sun.nio.ch.DatagramChannelImpl.send(DatagramChannelImpl.java:550)
11-06 13:22:49.933 14692 14726 W System.err: 	at sun.nio.ch.DatagramChannelImpl.send(DatagramChannelImpl.java:514)
11-06 13:22:49.933 14692 14726 W System.err: 	at symlab.CloudAR.network.TransmissionTask.run(TransmissionTask.java:124)
11-06 13:22:49.933 14692 14726 W System.err: 	at android.os.Handler.handleCallback(Handler.java:907)
11-06 13:22:49.933 14692 14726 W System.err: 	at android.os.Handler.dispatchMessage(Handler.java:105)
11-06 13:22:49.933 14692 14726 W System.err: 	at android.os.Looper.loop(Looper.java:216)
11-06 13:22:49.933 14692 14726 W System.err: 	at android.os.HandlerThread.run(HandlerThread.java:65)
11-06 13:22:49.999 14692 14726 D Evaluation: Frame 96 sent at 1573039369998
11-06 13:22:50.044 14692 14692 D Poster  : At 1573039370043 location is 65.06007477650367 (latitude), and 25.46674347193124 (longitude)
11-06 13:22:50.046 14692 14692 D Poster  : Connected to mobile network 20
11-06 13:22:50.051 14692 14726 D Evaluation: Frame 97 sent at 1573039370051
11-06 13:22:50.082 14692 14726 D Evaluation: Frame 98 sent at 1573039370082
11-06 13:22:50.138 14692 14726 D Evaluation: Frame 99 sent at 1573039370138
11-06 13:22:50.169 14692 14726 D Evaluation: Frame 100 sent at 1573039370169
11-06 13:22:50.198 14692 14726 D Evaluation: Frame 101 sent at 1573039370198
11-06 13:22:50.237 14692 14726 W System.err: java.net.SocketException: Message too long
11-06 13:22:50.238 14692 14726 W System.err: 	at sun.nio.ch.DatagramChannelImpl.send0(Native Method)
11-06 13:22:50.238 14692 14726 W System.err: 	at sun.nio.ch.DatagramChannelImpl.sendFromNativeBuffer(DatagramChannelImpl.java:573)
11-06 13:22:50.238 14692 14726 W System.err: 	at sun.nio.ch.DatagramChannelImpl.send(DatagramChannelImpl.java:550)
11-06 13:22:50.238 14692 14726 W System.err: 	at sun.nio.ch.DatagramChannelImpl.send(DatagramChannelImpl.java:514)
11-06 13:22:50.238 14692 14726 W System.err: 	at symlab.CloudAR.network.TransmissionTask.run(TransmissionTask.java:124)
11-06 13:22:50.238 14692 14726 W System.err: 	at android.os.Handler.handleCallback(Handler.java:907)
11-06 13:22:50.238 14692 14726 W System.err: 	at android.os.Handler.dispatchMessage(Handler.java:105)
11-06 13:22:50.238 14692 14726 W System.err: 	at android.os.Looper.loop(Looper.java:216)
11-06 13:22:50.238 14692 14726 W System.err: 	at android.os.HandlerThread.run(HandlerThread.java:65)
11-06 13:22:50.270 14692 14726 D Evaluation: Frame 103 sent at 1573039370270
11-06 13:22:50.297 14692 14726 D Evaluation: Frame 104 sent at 1573039370297
11-06 13:22:50.343 14692 14726 D Evaluation: Frame 105 sent at 1573039370343
11-06 13:22:50.384 14692 14726 D Evaluation: Frame 106 sent at 1573039370384
11-06 13:22:50.417 14692 14726 D Evaluation: Frame 107 sent at 1573039370417
11-06 13:22:50.448 14692 14726 D Evaluation: Frame 108 sent at 1573039370448
11-06 13:22:50.481 14692 14726 D Evaluation: Frame 109 sent at 1573039370481
11-06 13:22:50.508 14692 14726 D Evaluation: Frame 110 sent at 1573039370508
11-06 13:22:50.533 14692 14726 D Evaluation: Frame 111 sent at 1573039370533
11-06 13:22:50.560 14692 14703 E         : [ZeroHung]zrhung_get_config: Get config failed for wp[0x0008]
11-06 13:22:50.561 14692 14726 D Evaluation: Frame 112 sent at 1573039370561
11-06 13:22:50.595 14692 14726 D Evaluation: Frame 113 sent at 1573039370595
11-06 13:22:50.633 14692 14726 D Evaluation: Frame 114 sent at 1573039370633
11-06 13:22:50.680 14692 14726 D Evaluation: Frame 115 sent at 1573039370679
11-06 13:22:50.711 14692 14726 D Evaluation: Frame 116 sent at 1573039370711
11-06 13:22:50.743 14692 14726 D Evaluation: Frame 117 sent at 1573039370743
11-06 13:22:50.778 14692 14726 D Evaluation: Frame 119 sent at 1573039370778
11-06 13:22:50.801 14692 14726 D Evaluation: Frame 119 sent at 1573039370801
11-06 13:22:50.848 14692 14726 D Evaluation: Frame 120 sent at 1573039370848
11-06 13:22:50.876 14692 14726 D Evaluation: Frame 121 sent at 1573039370876
11-06 13:22:50.914 14692 14726 D Evaluation: Frame 123 sent at 1573039370914
11-06 13:22:50.935 14692 14726 W System.err: java.net.SocketException: Message too long
11-06 13:22:50.936 14692 14726 W System.err: 	at sun.nio.ch.DatagramChannelImpl.send0(Native Method)
11-06 13:22:50.936 14692 14726 W System.err: 	at sun.nio.ch.DatagramChannelImpl.sendFromNativeBuffer(DatagramChannelImpl.java:573)
11-06 13:22:50.936 14692 14726 W System.err: 	at sun.nio.ch.DatagramChannelImpl.send(DatagramChannelImpl.java:550)
11-06 13:22:50.936 14692 14726 W System.err: 	at sun.nio.ch.DatagramChannelImpl.send(DatagramChannelImpl.java:514)
11-06 13:22:50.936 14692 14726 W System.err: 	at symlab.CloudAR.network.TransmissionTask.run(TransmissionTask.java:124)
11-06 13:22:50.936 14692 14726 W System.err: 	at android.os.Handler.handleCallback(Handler.java:907)
11-06 13:22:50.936 14692 14726 W System.err: 	at android.os.Handler.dispatchMessage(Handler.java:105)
11-06 13:22:50.936 14692 14726 W System.err: 	at android.os.Looper.loop(Looper.java:216)
11-06 13:22:50.936 14692 14726 W System.err: 	at android.os.HandlerThread.run(HandlerThread.java:65)
11-06 13:22:50.975 14692 14726 D Evaluation: Frame 124 sent at 1573039370975
11-06 13:22:51.015 14692 14726 D Evaluation: Frame 125 sent at 1573039371015
11-06 13:22:51.039 14692 14692 D Poster  : At 1573039371039 location is 65.06007269258396 (latitude), and 25.46673466277674 (longitude)
11-06 13:22:51.041 14692 14692 D Poster  : Connected to mobile network 20
11-06 13:22:51.049 14692 14726 W System.err: java.net.SocketException: Message too long
11-06 13:22:51.049 14692 14726 W System.err: 	at sun.nio.ch.DatagramChannelImpl.send0(Native Method)
11-06 13:22:51.049 14692 14726 W System.err: 	at sun.nio.ch.DatagramChannelImpl.sendFromNativeBuffer(DatagramChannelImpl.java:573)
11-06 13:22:51.049 14692 14726 W System.err: 	at sun.nio.ch.DatagramChannelImpl.send(DatagramChannelImpl.java:550)
11-06 13:22:51.049 14692 14726 W System.err: 	at sun.nio.ch.DatagramChannelImpl.send(DatagramChannelImpl.java:514)
11-06 13:22:51.049 14692 14726 W System.err: 	at symlab.CloudAR.network.TransmissionTask.run(TransmissionTask.java:124)
11-06 13:22:51.049 14692 14726 W System.err: 	at android.os.Handler.handleCallback(Handler.java:907)
11-06 13:22:51.049 14692 14726 W System.err: 	at android.os.Handler.dispatchMessage(Handler.java:105)
11-06 13:22:51.049 14692 14726 W System.err: 	at android.os.Looper.loop(Looper.java:216)
11-06 13:22:51.049 14692 14726 W System.err: 	at android.os.HandlerThread.run(HandlerThread.java:65)
11-06 13:22:51.074 14692 14726 W System.err: java.net.SocketException: Message too long
11-06 13:22:51.074 14692 14726 W System.err: 	at sun.nio.ch.DatagramChannelImpl.send0(Native Method)
11-06 13:22:51.074 14692 14726 W System.err: 	at sun.nio.ch.DatagramChannelImpl.sendFromNativeBuffer(DatagramChannelImpl.java:573)
11-06 13:22:51.074 14692 14726 W System.err: 	at sun.nio.ch.DatagramChannelImpl.send(DatagramChannelImpl.java:550)
11-06 13:22:51.074 14692 14726 W System.err: 	at sun.nio.ch.DatagramChannelImpl.send(DatagramChannelImpl.java:514)
11-06 13:22:51.074 14692 14726 W System.err: 	at symlab.CloudAR.network.TransmissionTask.run(TransmissionTask.java:124)
11-06 13:22:51.074 14692 14726 W System.err: 	at android.os.Handler.handleCallback(Handler.java:907)
11-06 13:22:51.074 14692 14726 W System.err: 	at android.os.Handler.dispatchMessage(Handler.java:105)
11-06 13:22:51.074 14692 14726 W System.err: 	at android.os.Looper.loop(Looper.java:216)
11-06 13:22:51.074 14692 14726 W System.err: 	at android.os.HandlerThread.run(HandlerThread.java:65)
11-06 13:22:51.105 14692 14726 W System.err: java.net.SocketException: Message too long
11-06 13:22:51.105 14692 14726 W System.err: 	at sun.nio.ch.DatagramChannelImpl.send0(Native Method)
11-06 13:22:51.105 14692 14726 W System.err: 	at sun.nio.ch.DatagramChannelImpl.sendFromNativeBuffer(DatagramChannelImpl.java:573)
11-06 13:22:51.105 14692 14726 W System.err: 	at sun.nio.ch.DatagramChannelImpl.send(DatagramChannelImpl.java:550)
11-06 13:22:51.105 14692 14726 W System.err: 	at sun.nio.ch.DatagramChannelImpl.send(DatagramChannelImpl.java:514)
11-06 13:22:51.105 14692 14726 W System.err: 	at symlab.CloudAR.network.TransmissionTask.run(TransmissionTask.java:124)
11-06 13:22:51.105 14692 14726 W System.err: 	at android.os.Handler.handleCallback(Handler.java:907)
11-06 13:22:51.105 14692 14726 W System.err: 	at android.os.Handler.dispatchMessage(Handler.java:105)
11-06 13:22:51.105 14692 14726 W System.err: 	at android.os.Looper.loop(Looper.java:216)
11-06 13:22:51.105 14692 14726 W System.err: 	at android.os.HandlerThread.run(HandlerThread.java:65)
11-06 13:22:51.132 14692 14726 W System.err: java.net.SocketException: Message too long
11-06 13:22:51.132 14692 14726 W System.err: 	at sun.nio.ch.DatagramChannelImpl.send0(Native Method)
11-06 13:22:51.132 14692 14726 W System.err: 	at sun.nio.ch.DatagramChannelImpl.sendFromNativeBuffer(DatagramChannelImpl.java:573)
11-06 13:22:51.132 14692 14726 W System.err: 	at sun.nio.ch.DatagramChannelImpl.send(DatagramChannelImpl.java:550)
11-06 13:22:51.132 14692 14726 W System.err: 	at sun.nio.ch.DatagramChannelImpl.send(DatagramChannelImpl.java:514)
11-06 13:22:51.132 14692 14726 W System.err: 	at symlab.CloudAR.network.TransmissionTask.run(TransmissionTask.java:124)
11-06 13:22:51.132 14692 14726 W System.err: 	at android.os.Handler.handleCallback(Handler.java:907)
11-06 13:22:51.132 14692 14726 W System.err: 	at android.os.Handler.dispatchMessage(Handler.java:105)
11-06 13:22:51.132 14692 14726 W System.err: 	at android.os.Looper.loop(Looper.java:216)
11-06 13:22:51.132 14692 14726 W System.err: 	at android.os.HandlerThread.run(HandlerThread.java:65)
11-06 13:22:51.182 14692 14726 W System.err: java.net.SocketException: Message too long
11-06 13:22:51.182 14692 14726 W System.err: 	at sun.nio.ch.DatagramChannelImpl.send0(Native Method)
11-06 13:22:51.182 14692 14726 W System.err: 	at sun.nio.ch.DatagramChannelImpl.sendFromNativeBuffer(DatagramChannelImpl.java:573)
11-06 13:22:51.182 14692 14726 W System.err: 	at sun.nio.ch.DatagramChannelImpl.send(DatagramChannelImpl.java:550)
11-06 13:22:51.182 14692 14726 W System.err: 	at sun.nio.ch.DatagramChannelImpl.send(DatagramChannelImpl.java:514)
11-06 13:22:51.182 14692 14726 W System.err: 	at symlab.CloudAR.network.TransmissionTask.run(TransmissionTask.java:124)
11-06 13:22:51.182 14692 14726 W System.err: 	at android.os.Handler.handleCallback(Handler.java:907)
11-06 13:22:51.182 14692 14726 W System.err: 	at android.os.Handler.dispatchMessage(Handler.java:105)
11-06 13:22:51.182 14692 14726 W System.err: 	at android.os.Looper.loop(Looper.java:216)
11-06 13:22:51.182 14692 14726 W System.err: 	at android.os.HandlerThread.run(HandlerThread.java:65)
11-06 13:22:51.204 14692 14726 D Evaluation: Frame 131 sent at 1573039371204
11-06 13:22:51.233 14692 14726 D Evaluation: Frame 132 sent at 1573039371232
11-06 13:22:51.238 14692 14692 I AwareBitmapCacher: init lrucache size: 2097152 pid=14692
11-06 13:22:51.272 14692 14726 D Evaluation: Frame 133 sent at 1573039371272
11-06 13:22:51.304 14692 14726 D Evaluation: Frame 134 sent at 1573039371304
11-06 13:22:51.341 14692 14726 D Evaluation: Frame 135 sent at 1573039371341
11-06 13:22:51.386 14692 14726 D Evaluation: Frame 136 sent at 1573039371386
11-06 13:22:51.418 14692 14726 D Evaluation: Frame 137 sent at 1573039371418
11-06 13:22:51.455 14692 14726 D Evaluation: Frame 138 sent at 1573039371455
11-06 13:22:51.488 14692 14726 D Evaluation: Frame 140 sent at 1573039371488
11-06 13:22:51.508 14692 14726 D Evaluation: Frame 140 sent at 1573039371508
11-06 13:22:51.540 14692 14726 D Evaluation: Frame 141 sent at 1573039371540
11-06 13:22:51.584 14692 14726 D Evaluation: Frame 142 sent at 1573039371584
11-06 13:22:51.612 14692 14726 D Evaluation: Frame 143 sent at 1573039371612
11-06 13:22:51.643 14692 14703 E         : [ZeroHung]zrhung_get_config: Get config failed for wp[0x0008]
11-06 13:22:51.643 14692 14726 D Evaluation: Frame 144 sent at 1573039371643
11-06 13:22:51.692 14692 14726 D Evaluation: Frame 146 sent at 1573039371692
11-06 13:22:51.715 14692 14726 D Evaluation: Frame 146 sent at 1573039371715
11-06 13:22:51.748 14692 14726 D Evaluation: Frame 148 sent at 1573039371748
11-06 13:22:51.766 14692 14726 D Evaluation: Frame 148 sent at 1573039371766
11-06 13:22:51.809 14692 14726 D Evaluation: Frame 149 sent at 1573039371809
11-06 13:22:51.845 14692 14726 W System.err: java.net.SocketException: Message too long
11-06 13:22:51.845 14692 14726 W System.err: 	at sun.nio.ch.DatagramChannelImpl.send0(Native Method)
11-06 13:22:51.845 14692 14726 W System.err: 	at sun.nio.ch.DatagramChannelImpl.sendFromNativeBuffer(DatagramChannelImpl.java:573)
11-06 13:22:51.845 14692 14726 W System.err: 	at sun.nio.ch.DatagramChannelImpl.send(DatagramChannelImpl.java:550)
11-06 13:22:51.846 14692 14726 W System.err: 	at sun.nio.ch.DatagramChannelImpl.send(DatagramChannelImpl.java:514)
11-06 13:22:51.846 14692 14726 W System.err: 	at symlab.CloudAR.network.TransmissionTask.run(TransmissionTask.java:124)
11-06 13:22:51.846 14692 14726 W System.err: 	at android.os.Handler.handleCallback(Handler.java:907)
11-06 13:22:51.846 14692 14726 W System.err: 	at android.os.Handler.dispatchMessage(Handler.java:105)
11-06 13:22:51.846 14692 14726 W System.err: 	at android.os.Looper.loop(Looper.java:216)
11-06 13:22:51.846 14692 14726 W System.err: 	at android.os.HandlerThread.run(HandlerThread.java:65)
11-06 13:22:51.899 14692 14726 W System.err: java.net.SocketException: Message too long
11-06 13:22:51.900 14692 14726 W System.err: 	at sun.nio.ch.DatagramChannelImpl.send0(Native Method)
11-06 13:22:51.900 14692 14726 W System.err: 	at sun.nio.ch.DatagramChannelImpl.sendFromNativeBuffer(DatagramChannelImpl.java:573)
11-06 13:22:51.900 14692 14726 W System.err: 	at sun.nio.ch.DatagramChannelImpl.send(DatagramChannelImpl.java:550)
11-06 13:22:51.900 14692 14726 W System.err: 	at sun.nio.ch.DatagramChannelImpl.send(DatagramChannelImpl.java:514)
11-06 13:22:51.900 14692 14726 W System.err: 	at symlab.CloudAR.network.TransmissionTask.run(TransmissionTask.java:124)
11-06 13:22:51.900 14692 14726 W System.err: 	at android.os.Handler.handleCallback(Handler.java:907)
11-06 13:22:51.900 14692 14726 W System.err: 	at android.os.Handler.dispatchMessage(Handler.java:105)
11-06 13:22:51.900 14692 14726 W System.err: 	at android.os.Looper.loop(Looper.java:216)
11-06 13:22:51.900 14692 14726 W System.err: 	at android.os.HandlerThread.run(HandlerThread.java:65)
11-06 13:22:51.923 14692 14726 W System.err: java.net.SocketException: Message too long
11-06 13:22:51.923 14692 14726 W System.err: 	at sun.nio.ch.DatagramChannelImpl.send0(Native Method)
11-06 13:22:51.923 14692 14726 W System.err: 	at sun.nio.ch.DatagramChannelImpl.sendFromNativeBuffer(DatagramChannelImpl.java:573)
11-06 13:22:51.923 14692 14726 W System.err: 	at sun.nio.ch.DatagramChannelImpl.send(DatagramChannelImpl.java:550)
11-06 13:22:51.923 14692 14726 W System.err: 	at sun.nio.ch.DatagramChannelImpl.send(DatagramChannelImpl.java:514)
11-06 13:22:51.923 14692 14726 W System.err: 	at symlab.CloudAR.network.TransmissionTask.run(TransmissionTask.java:124)
11-06 13:22:51.923 14692 14726 W System.err: 	at android.os.Handler.handleCallback(Handler.java:907)
11-06 13:22:51.923 14692 14726 W System.err: 	at android.os.Handler.dispatchMessage(Handler.java:105)
11-06 13:22:51.923 14692 14726 W System.err: 	at android.os.Looper.loop(Looper.java:216)
11-06 13:22:51.923 14692 14726 W System.err: 	at android.os.HandlerThread.run(HandlerThread.java:65)
11-06 13:22:51.951 14692 14726 W System.err: java.net.SocketException: Message too long
11-06 13:22:51.951 14692 14726 W System.err: 	at sun.nio.ch.DatagramChannelImpl.send0(Native Method)
11-06 13:22:51.951 14692 14726 W System.err: 	at sun.nio.ch.DatagramChannelImpl.sendFromNativeBuffer(DatagramChannelImpl.java:573)
11-06 13:22:51.951 14692 14726 W System.err: 	at sun.nio.ch.DatagramChannelImpl.send(DatagramChannelImpl.java:550)
11-06 13:22:51.951 14692 14726 W System.err: 	at sun.nio.ch.DatagramChannelImpl.send(DatagramChannelImpl.java:514)
11-06 13:22:51.951 14692 14726 W System.err: 	at symlab.CloudAR.network.TransmissionTask.run(TransmissionTask.java:124)
11-06 13:22:51.951 14692 14726 W System.err: 	at android.os.Handler.handleCallback(Handler.java:907)
11-06 13:22:51.951 14692 14726 W System.err: 	at android.os.Handler.dispatchMessage(Handler.java:105)
11-06 13:22:51.951 14692 14726 W System.err: 	at android.os.Looper.loop(Looper.java:216)
11-06 13:22:51.951 14692 14726 W System.err: 	at android.os.HandlerThread.run(HandlerThread.java:65)
11-06 13:22:51.976 14692 14726 W System.err: java.net.SocketException: Message too long
11-06 13:22:51.976 14692 14726 W System.err: 	at sun.nio.ch.DatagramChannelImpl.send0(Native Method)
11-06 13:22:51.976 14692 14726 W System.err: 	at sun.nio.ch.DatagramChannelImpl.sendFromNativeBuffer(DatagramChannelImpl.java:573)
11-06 13:22:51.976 14692 14726 W System.err: 	at sun.nio.ch.DatagramChannelImpl.send(DatagramChannelImpl.java:550)
11-06 13:22:51.976 14692 14726 W System.err: 	at sun.nio.ch.DatagramChannelImpl.send(DatagramChannelImpl.java:514)
11-06 13:22:51.976 14692 14726 W System.err: 	at symlab.CloudAR.network.TransmissionTask.run(TransmissionTask.java:124)
11-06 13:22:51.976 14692 14726 W System.err: 	at android.os.Handler.handleCallback(Handler.java:907)
11-06 13:22:51.976 14692 14726 W System.err: 	at android.os.Handler.dispatchMessage(Handler.java:105)
11-06 13:22:51.976 14692 14726 W System.err: 	at android.os.Looper.loop(Looper.java:216)
11-06 13:22:51.977 14692 14726 W System.err: 	at android.os.HandlerThread.run(HandlerThread.java:65)
11-06 13:22:52.017 14692 14726 W System.err: java.net.SocketException: Message too long
11-06 13:22:52.017 14692 14726 W System.err: 	at sun.nio.ch.DatagramChannelImpl.send0(Native Method)
11-06 13:22:52.017 14692 14726 W System.err: 	at sun.nio.ch.DatagramChannelImpl.sendFromNativeBuffer(DatagramChannelImpl.java:573)
11-06 13:22:52.017 14692 14726 W System.err: 	at sun.nio.ch.DatagramChannelImpl.send(DatagramChannelImpl.java:550)
11-06 13:22:52.017 14692 14726 W System.err: 	at sun.nio.ch.DatagramChannelImpl.send(DatagramChannelImpl.java:514)
11-06 13:22:52.017 14692 14726 W System.err: 	at symlab.CloudAR.network.TransmissionTask.run(TransmissionTask.java:124)
11-06 13:22:52.017 14692 14726 W System.err: 	at android.os.Handler.handleCallback(Handler.java:907)
11-06 13:22:52.017 14692 14726 W System.err: 	at android.os.Handler.dispatchMessage(Handler.java:105)
11-06 13:22:52.017 14692 14726 W System.err: 	at android.os.Looper.loop(Looper.java:216)
11-06 13:22:52.017 14692 14726 W System.err: 	at android.os.HandlerThread.run(HandlerThread.java:65)
11-06 13:22:52.030 14692 14692 D Poster  : At 1573039372030 location is 65.06007269258396 (latitude), and 25.46673466277674 (longitude)
11-06 13:22:52.035 14692 14692 D Poster  : Connected to mobile network 20
11-06 13:22:52.067 14692 14726 W System.err: java.net.SocketException: Message too long
11-06 13:22:52.068 14692 14726 W System.err: 	at sun.nio.ch.DatagramChannelImpl.send0(Native Method)
11-06 13:22:52.068 14692 14726 W System.err: 	at sun.nio.ch.DatagramChannelImpl.sendFromNativeBuffer(DatagramChannelImpl.java:573)
11-06 13:22:52.068 14692 14726 W System.err: 	at sun.nio.ch.DatagramChannelImpl.send(DatagramChannelImpl.java:550)
11-06 13:22:52.068 14692 14726 W System.err: 	at sun.nio.ch.DatagramChannelImpl.send(DatagramChannelImpl.java:514)
11-06 13:22:52.068 14692 14726 W System.err: 	at symlab.CloudAR.network.TransmissionTask.run(TransmissionTask.java:124)
11-06 13:22:52.068 14692 14726 W System.err: 	at android.os.Handler.handleCallback(Handler.java:907)
11-06 13:22:52.068 14692 14726 W System.err: 	at android.os.Handler.dispatchMessage(Handler.java:105)
11-06 13:22:52.068 14692 14726 W System.err: 	at android.os.Looper.loop(Looper.java:216)
11-06 13:22:52.068 14692 14726 W System.err: 	at android.os.HandlerThread.run(HandlerThread.java:65)
11-06 13:22:52.088 14692 14726 W System.err: java.net.SocketException: Message too long
11-06 13:22:52.088 14692 14726 W System.err: 	at sun.nio.ch.DatagramChannelImpl.send0(Native Method)
11-06 13:22:52.088 14692 14726 W System.err: 	at sun.nio.ch.DatagramChannelImpl.sendFromNativeBuffer(DatagramChannelImpl.java:573)
11-06 13:22:52.088 14692 14726 W System.err: 	at sun.nio.ch.DatagramChannelImpl.send(DatagramChannelImpl.java:550)
11-06 13:22:52.088 14692 14726 W System.err: 	at sun.nio.ch.DatagramChannelImpl.send(DatagramChannelImpl.java:514)
11-06 13:22:52.088 14692 14726 W System.err: 	at symlab.CloudAR.network.TransmissionTask.run(TransmissionTask.java:124)
11-06 13:22:52.088 14692 14726 W System.err: 	at android.os.Handler.handleCallback(Handler.java:907)
11-06 13:22:52.088 14692 14726 W System.err: 	at android.os.Handler.dispatchMessage(Handler.java:105)
11-06 13:22:52.088 14692 14726 W System.err: 	at android.os.Looper.loop(Looper.java:216)
11-06 13:22:52.088 14692 14726 W System.err: 	at android.os.HandlerThread.run(HandlerThread.java:65)
11-06 13:22:52.108 14692 14726 W System.err: java.net.SocketException: Message too long
11-06 13:22:52.108 14692 14726 W System.err: 	at sun.nio.ch.DatagramChannelImpl.send0(Native Method)
11-06 13:22:52.108 14692 14726 W System.err: 	at sun.nio.ch.DatagramChannelImpl.sendFromNativeBuffer(DatagramChannelImpl.java:573)
11-06 13:22:52.108 14692 14726 W System.err: 	at sun.nio.ch.DatagramChannelImpl.send(DatagramChannelImpl.java:550)
11-06 13:22:52.108 14692 14726 W System.err: 	at sun.nio.ch.DatagramChannelImpl.send(DatagramChannelImpl.java:514)
11-06 13:22:52.108 14692 14726 W System.err: 	at symlab.CloudAR.network.TransmissionTask.run(TransmissionTask.java:124)
11-06 13:22:52.108 14692 14726 W System.err: 	at android.os.Handler.handleCallback(Handler.java:907)
11-06 13:22:52.108 14692 14726 W System.err: 	at android.os.Handler.dispatchMessage(Handler.java:105)
11-06 13:22:52.109 14692 14726 W System.err: 	at android.os.Looper.loop(Looper.java:216)
11-06 13:22:52.109 14692 14726 W System.err: 	at android.os.HandlerThread.run(HandlerThread.java:65)
11-06 13:22:52.153 14692 14726 W System.err: java.net.SocketException: Message too long
11-06 13:22:52.153 14692 14726 W System.err: 	at sun.nio.ch.DatagramChannelImpl.send0(Native Method)
11-06 13:22:52.153 14692 14726 W System.err: 	at sun.nio.ch.DatagramChannelImpl.sendFromNativeBuffer(DatagramChannelImpl.java:573)
11-06 13:22:52.153 14692 14726 W System.err: 	at sun.nio.ch.DatagramChannelImpl.send(DatagramChannelImpl.java:550)
11-06 13:22:52.153 14692 14726 W System.err: 	at sun.nio.ch.DatagramChannelImpl.send(DatagramChannelImpl.java:514)
11-06 13:22:52.153 14692 14726 W System.err: 	at symlab.CloudAR.network.TransmissionTask.run(TransmissionTask.java:124)
11-06 13:22:52.153 14692 14726 W System.err: 	at android.os.Handler.handleCallback(Handler.java:907)
11-06 13:22:52.153 14692 14726 W System.err: 	at android.os.Handler.dispatchMessage(Handler.java:105)
11-06 13:22:52.153 14692 14726 W System.err: 	at android.os.Looper.loop(Looper.java:216)
11-06 13:22:52.153 14692 14726 W System.err: 	at android.os.HandlerThread.run(HandlerThread.java:65)
11-06 13:22:52.176 14692 14726 W System.err: java.net.SocketException: Message too long
11-06 13:22:52.176 14692 14726 W System.err: 	at sun.nio.ch.DatagramChannelImpl.send0(Native Method)
11-06 13:22:52.176 14692 14726 W System.err: 	at sun.nio.ch.DatagramChannelImpl.sendFromNativeBuffer(DatagramChannelImpl.java:573)
11-06 13:22:52.176 14692 14726 W System.err: 	at sun.nio.ch.DatagramChannelImpl.send(DatagramChannelImpl.java:550)
11-06 13:22:52.176 14692 14726 W System.err: 	at sun.nio.ch.DatagramChannelImpl.send(DatagramChannelImpl.java:514)
11-06 13:22:52.176 14692 14726 W System.err: 	at symlab.CloudAR.network.TransmissionTask.run(TransmissionTask.java:124)
11-06 13:22:52.176 14692 14726 W System.err: 	at android.os.Handler.handleCallback(Handler.java:907)
11-06 13:22:52.176 14692 14726 W System.err: 	at android.os.Handler.dispatchMessage(Handler.java:105)
11-06 13:22:52.176 14692 14726 W System.err: 	at android.os.Looper.loop(Looper.java:216)
11-06 13:22:52.176 14692 14726 W System.err: 	at android.os.HandlerThread.run(HandlerThread.java:65)
11-06 13:22:52.223 14692 14726 W System.err: java.net.SocketException: Message too long
11-06 13:22:52.223 14692 14726 W System.err: 	at sun.nio.ch.DatagramChannelImpl.send0(Native Method)
11-06 13:22:52.223 14692 14726 W System.err: 	at sun.nio.ch.DatagramChannelImpl.sendFromNativeBuffer(DatagramChannelImpl.java:573)
11-06 13:22:52.223 14692 14726 W System.err: 	at sun.nio.ch.DatagramChannelImpl.send(DatagramChannelImpl.java:550)
11-06 13:22:52.223 14692 14726 W System.err: 	at sun.nio.ch.DatagramChannelImpl.send(DatagramChannelImpl.java:514)
11-06 13:22:52.223 14692 14726 W System.err: 	at symlab.CloudAR.network.TransmissionTask.run(TransmissionTask.java:124)
11-06 13:22:52.223 14692 14726 W System.err: 	at android.os.Handler.handleCallback(Handler.java:907)
11-06 13:22:52.223 14692 14726 W System.err: 	at android.os.Handler.dispatchMessage(Handler.java:105)
11-06 13:22:52.223 14692 14726 W System.err: 	at android.os.Looper.loop(Looper.java:216)
11-06 13:22:52.223 14692 14726 W System.err: 	at android.os.HandlerThread.run(HandlerThread.java:65)
11-06 13:22:52.261 14692 14726 D Evaluation: Frame 162 sent at 1573039372261
11-06 13:22:52.295 14692 14726 D Evaluation: Frame 163 sent at 1573039372295
11-06 13:22:52.318 14692 14726 D Evaluation: Frame 164 sent at 1573039372318
11-06 13:22:52.352 14692 14726 D Evaluation: Frame 165 sent at 1573039372352
11-06 13:22:52.380 14692 14726 D Evaluation: Frame 166 sent at 1573039372380
11-06 13:22:52.426 14692 14726 D Evaluation: Frame 167 sent at 1573039372426
11-06 13:22:52.452 14692 14726 D Evaluation: Frame 168 sent at 1573039372452
11-06 13:22:52.485 14692 14726 D Evaluation: Frame 169 sent at 1573039372485
11-06 13:22:52.523 14692 14726 D Evaluation: Frame 170 sent at 1573039372523
11-06 13:22:52.563 14692 14726 D Evaluation: Frame 172 sent at 1573039372563
11-06 13:22:52.585 14692 14726 D Evaluation: Frame 172 sent at 1573039372585
11-06 13:22:52.622 14692 14726 D Evaluation: Frame 173 sent at 1573039372622
11-06 13:22:52.652 14692 14726 D Evaluation: Frame 174 sent at 1573039372652
11-06 13:22:52.692 14692 14703 E         : [ZeroHung]zrhung_get_config: Get config failed for wp[0x0008]
11-06 13:22:52.692 14692 14726 D Evaluation: Frame 175 sent at 1573039372692
11-06 13:22:52.721 14692 14726 D Evaluation: Frame 176 sent at 1573039372721
11-06 13:22:52.756 14692 14726 D Evaluation: Frame 177 sent at 1573039372756
11-06 13:22:52.791 14692 14726 D Evaluation: Frame 178 sent at 1573039372791
11-06 13:22:52.825 14692 14726 D Evaluation: Frame 179 sent at 1573039372825
11-06 13:22:52.855 14692 14726 D Evaluation: Frame 180 sent at 1573039372855
11-06 13:22:52.894 14692 14726 D Evaluation: Frame 181 sent at 1573039372894
11-06 13:22:52.921 14692 14726 D Evaluation: Frame 182 sent at 1573039372921
11-06 13:22:52.958 14692 14726 D Evaluation: Frame 183 sent at 1573039372958
11-06 13:22:52.997 14692 14726 D Evaluation: Frame 184 sent at 1573039372997
11-06 13:22:53.021 14692 14726 D Evaluation: Frame 185 sent at 1573039373021
11-06 13:22:53.036 14692 14692 D Poster  : At 1573039373036 location is 65.06007269258396 (latitude), and 25.46673466277674 (longitude)
11-06 13:22:53.039 14692 14692 D Poster  : Connected to mobile network 20
11-06 13:22:53.049 14692 14726 D Evaluation: Frame 186 sent at 1573039373049
11-06 13:22:53.080 14692 14726 D Evaluation: Frame 187 sent at 1573039373080
11-06 13:22:53.129 14692 14726 D Evaluation: Frame 188 sent at 1573039373129
11-06 13:22:53.157 14692 14726 D Evaluation: Frame 189 sent at 1573039373157
11-06 13:22:53.192 14692 14726 D Evaluation: Frame 190 sent at 1573039373192
11-06 13:22:53.232 14692 14726 D Evaluation: Frame 191 sent at 1573039373232
11-06 13:22:53.271 14692 14726 D Evaluation: Frame 193 sent at 1573039373271
11-06 13:22:53.291 14692 14726 D Evaluation: Frame 193 sent at 1573039373291
11-06 13:22:53.324 14692 14726 D Evaluation: Frame 194 sent at 1573039373324
11-06 13:22:53.356 14692 14726 D Evaluation: Frame 195 sent at 1573039373356
11-06 13:22:53.402 14692 14726 D Evaluation: Frame 196 sent at 1573039373402
11-06 13:22:53.431 14692 14726 D Evaluation: Frame 197 sent at 1573039373431
11-06 13:22:53.464 14692 14726 D Evaluation: Frame 198 sent at 1573039373464
11-06 13:22:53.505 14692 14726 D Evaluation: Frame 200 sent at 1573039373505
11-06 13:22:53.527 14692 14726 D Evaluation: Frame 200 sent at 1573039373527
11-06 13:22:53.554 14692 14726 D Evaluation: Frame 201 sent at 1573039373554
11-06 13:22:53.599 14692 14726 D Evaluation: Frame 202 sent at 1573039373599
11-06 13:22:53.620 14692 14726 D Evaluation: Frame 203 sent at 1573039373620
11-06 13:22:53.655 14692 14726 D Evaluation: Frame 204 sent at 1573039373655
11-06 13:22:53.693 14692 14726 D Evaluation: Frame 205 sent at 1573039373693
11-06 13:22:53.730 14692 14726 D Evaluation: Frame 206 sent at 1573039373730
11-06 13:22:53.775 14692 14726 D Evaluation: Frame 207 sent at 1573039373775
11-06 13:22:53.806 14692 14726 D Evaluation: Frame 209 sent at 1573039373806
11-06 13:22:53.823 14692 14726 D Evaluation: Frame 209 sent at 1573039373823
11-06 13:22:53.888 14692 14726 D Evaluation: Frame 210 sent at 1573039373888
11-06 13:22:53.919 14692 14726 D Evaluation: Frame 211 sent at 1573039373919
11-06 13:22:53.986 14692 14726 D Evaluation: Frame 213 sent at 1573039373986
11-06 13:22:54.009 14692 14726 D Evaluation: Frame 214 sent at 1573039374009
11-06 13:22:54.029 14692 14703 E         : [ZeroHung]zrhung_get_config: Get config failed for wp[0x0008]
11-06 13:22:54.029 14692 14692 D Poster  : At 1573039374029 location is 65.06007269258396 (latitude), and 25.46673466277674 (longitude)
11-06 13:22:54.030 14692 14726 D Evaluation: Frame 214 sent at 1573039374030
11-06 13:22:54.033 14692 14692 D Poster  : Connected to mobile network 20
11-06 13:22:54.103 14692 14726 D Evaluation: Frame 215 sent at 1573039374103
11-06 13:22:54.128 14692 14726 D Evaluation: Frame 216 sent at 1573039374128
11-06 13:22:54.162 14692 14726 D Evaluation: Frame 217 sent at 1573039374162
11-06 13:22:54.206 14692 14726 D Evaluation: Frame 218 sent at 1573039374205
11-06 13:22:54.228 14692 14726 D Evaluation: Frame 219 sent at 1573039374228
11-06 13:22:54.270 14692 14726 D Evaluation: Frame 220 sent at 1573039374270
11-06 13:22:54.289 14692 14726 D Evaluation: Frame 221 sent at 1573039374289
11-06 13:22:54.336 14692 14726 D Evaluation: Frame 222 sent at 1573039374336
11-06 13:22:54.368 14692 14726 D Evaluation: Frame 223 sent at 1573039374368
11-06 13:22:54.432 14692 14726 D Evaluation: Frame 224 sent at 1573039374432
11-06 13:22:54.478 14692 14726 D Evaluation: Frame 226 sent at 1573039374478
11-06 13:22:54.497 14692 14726 D Evaluation: Frame 226 sent at 1573039374497
11-06 13:22:54.532 14692 14726 D Evaluation: Frame 227 sent at 1573039374532
11-06 13:22:54.575 14692 14726 D Evaluation: Frame 228 sent at 1573039374575
11-06 13:22:54.606 14692 14726 D Evaluation: Frame 229 sent at 1573039374606
11-06 13:22:54.630 14692 14726 D Evaluation: Frame 230 sent at 1573039374630
11-06 13:22:54.670 14692 14726 D Evaluation: Frame 231 sent at 1573039374670
11-06 13:22:54.703 14692 14726 D Evaluation: Frame 232 sent at 1573039374702
11-06 13:22:54.735 14692 14726 D Evaluation: Frame 233 sent at 1573039374735
11-06 13:22:54.768 14692 14726 D Evaluation: Frame 234 sent at 1573039374768
11-06 13:22:54.801 14692 14726 D Evaluation: Frame 235 sent at 1573039374801
11-06 13:22:54.844 14692 14726 D Evaluation: Frame 236 sent at 1573039374844
11-06 13:22:54.885 14692 14726 D Evaluation: Frame 237 sent at 1573039374885
11-06 13:22:54.916 14692 14726 D Evaluation: Frame 238 sent at 1573039374916
11-06 13:22:54.944 14692 14726 D Evaluation: Frame 239 sent at 1573039374944
11-06 13:22:54.970 14692 14726 D Evaluation: Frame 240 sent at 1573039374970
11-06 13:22:55.003 14692 14726 D Evaluation: Frame 241 sent at 1573039375003
11-06 13:22:55.031 14692 14692 D Poster  : At 1573039375031 location is 65.06007269258396 (latitude), and 25.46673466277674 (longitude)
11-06 13:22:55.034 14692 14692 D Poster  : Connected to mobile network 20
11-06 13:22:55.047 14692 14726 D Evaluation: Frame 242 sent at 1573039375047
11-06 13:22:55.071 14692 14726 D Evaluation: Frame 243 sent at 1573039375071
11-06 13:22:55.110 14692 14726 D Evaluation: Frame 244 sent at 1573039375110
11-06 13:22:55.135 14692 14726 D Evaluation: Frame 245 sent at 1573039375135
11-06 13:22:55.180 14692 14726 D Evaluation: Frame 246 sent at 1573039375180
11-06 13:22:55.211 14692 14726 D Evaluation: Frame 247 sent at 1573039375211
11-06 13:22:55.246 14692 14726 D Evaluation: Frame 248 sent at 1573039375246
11-06 13:22:55.278 14692 14726 D Evaluation: Frame 249 sent at 1573039375278
11-06 13:22:55.299 14692 14726 D Evaluation: Frame 250 sent at 1573039375299
11-06 13:22:55.339 14692 14726 D Evaluation: Frame 251 sent at 1573039375339
11-06 13:22:55.368 14692 14726 D Evaluation: Frame 252 sent at 1573039375368
11-06 13:22:55.415 14692 14726 D Evaluation: Frame 253 sent at 1573039375414
11-06 13:22:55.454 14692 14726 D Evaluation: Frame 255 sent at 1573039375454
11-06 13:22:55.471 14692 14726 D Evaluation: Frame 255 sent at 1573039375471
11-06 13:22:55.504 14692 14726 D Evaluation: Frame 256 sent at 1573039375504
11-06 13:22:55.576 14692 14726 D Evaluation: Frame 257 sent at 1573039375576
11-06 13:22:55.616 14692 14703 E         : [ZeroHung]zrhung_get_config: Get config failed for wp[0x0008]
11-06 13:22:55.618 14692 14726 D Evaluation: Frame 258 sent at 1573039375618
11-06 13:22:55.645 14692 14726 D Evaluation: Frame 259 sent at 1573039375645
11-06 13:22:55.684 14692 14726 D Evaluation: Frame 260 sent at 1573039375684
11-06 13:22:55.760 14692 14726 D Evaluation: Frame 262 sent at 1573039375760
11-06 13:22:55.784 14692 14726 D Evaluation: Frame 263 sent at 1573039375784
11-06 13:22:55.803 14692 14726 D Evaluation: Frame 263 sent at 1573039375803
11-06 13:22:55.836 14692 14726 D Evaluation: Frame 264 sent at 1573039375836
11-06 13:22:55.882 14692 14726 D Evaluation: Frame 265 sent at 1573039375882
11-06 13:22:55.924 14692 14726 D Evaluation: Frame 266 sent at 1573039375924
11-06 13:22:55.952 14692 14726 D Evaluation: Frame 267 sent at 1573039375952
11-06 13:22:55.976 14692 14726 D Evaluation: Frame 268 sent at 1573039375976
11-06 13:22:56.017 14692 14726 D Evaluation: Frame 269 sent at 1573039376017
11-06 13:22:56.034 14692 14692 D Poster  : At 1573039376034 location is 65.06007269258396 (latitude), and 25.46673466277674 (longitude)
11-06 13:22:56.035 14692 14692 D Poster  : Connected to mobile network 20
11-06 13:22:56.042 14692 14726 D Evaluation: Frame 270 sent at 1573039376042
11-06 13:22:56.092 14692 14726 D Evaluation: Frame 272 sent at 1573039376092
11-06 13:22:56.115 14692 14726 D Evaluation: Frame 272 sent at 1573039376115
11-06 13:22:56.144 14692 14726 D Evaluation: Frame 273 sent at 1573039376144
11-06 13:22:56.184 14692 14726 D Evaluation: Frame 274 sent at 1573039376184
11-06 13:22:56.212 14692 14726 D Evaluation: Frame 275 sent at 1573039376212
11-06 13:22:56.252 14692 14726 D Evaluation: Frame 276 sent at 1573039376252
11-06 13:22:56.285 14692 14726 D Evaluation: Frame 277 sent at 1573039376285
11-06 13:22:56.303 14692 14726 D Evaluation: Frame 278 sent at 1573039376303
11-06 13:22:56.349 14692 14726 D Evaluation: Frame 279 sent at 1573039376349
11-06 13:22:56.372 14692 14726 D Evaluation: Frame 280 sent at 1573039376372
11-06 13:22:56.421 14692 14726 D Evaluation: Frame 281 sent at 1573039376421
11-06 13:22:56.448 14692 14726 D Evaluation: Frame 282 sent at 1573039376448
11-06 13:22:56.495 14692 14726 D Evaluation: Frame 284 sent at 1573039376495
11-06 13:22:56.514 14692 14726 D Evaluation: Frame 284 sent at 1573039376514
11-06 13:22:56.534 14692 14726 D Evaluation: Frame 285 sent at 1573039376534
11-06 13:22:56.594 14692 14726 D Evaluation: Frame 286 sent at 1573039376594
11-06 13:22:56.620 14692 14726 D Evaluation: Frame 287 sent at 1573039376620
11-06 13:22:56.651 14692 14726 D Evaluation: Frame 288 sent at 1573039376651
11-06 13:22:56.681 14692 14726 D Evaluation: Frame 289 sent at 1573039376681
11-06 13:22:56.723 14692 14726 D Evaluation: Frame 290 sent at 1573039376723
11-06 13:22:56.760 14692 14726 D Evaluation: Frame 291 sent at 1573039376760
11-06 13:22:56.794 14692 14726 D Evaluation: Frame 293 sent at 1573039376794
11-06 13:22:56.816 14692 14726 D Evaluation: Frame 293 sent at 1573039376816
11-06 13:22:56.854 14692 14726 D Evaluation: Frame 294 sent at 1573039376854
11-06 13:22:56.886 14692 14726 D Evaluation: Frame 295 sent at 1573039376886
11-06 13:22:56.921 14692 14726 D Evaluation: Frame 296 sent at 1573039376921
11-06 13:22:56.951 14692 14726 D Evaluation: Frame 297 sent at 1573039376951
11-06 13:22:56.984 14692 14726 D Evaluation: Frame 298 sent at 1573039376984
11-06 13:22:57.033 14692 14726 D Evaluation: Frame 299 sent at 1573039377033
11-06 13:22:57.044 14692 14692 D Poster  : At 1573039377044 location is 65.06007269258396 (latitude), and 25.46673466277674 (longitude)
11-06 13:22:57.046 14692 14692 D Poster  : Connected to mobile network 20
11-06 13:22:57.055 14692 14726 D Evaluation: Frame 300 sent at 1573039377055
11-06 13:22:57.083 14692 14726 D Evaluation: Frame 301 sent at 1573039377083
11-06 13:22:57.114 14692 14726 D Evaluation: Frame 302 sent at 1573039377114
11-06 13:22:57.146 14692 14726 D Evaluation: Frame 303 sent at 1573039377146
11-06 13:22:57.181 14692 14726 D Evaluation: Frame 304 sent at 1573039377181
11-06 13:22:57.217 14692 14726 D Evaluation: Frame 305 sent at 1573039377217
11-06 13:22:57.248 14692 14726 D Evaluation: Frame 306 sent at 1573039377248
11-06 13:22:57.284 14692 14703 E         : [ZeroHung]zrhung_get_config: Get config failed for wp[0x0008]
11-06 13:22:57.285 14692 14726 D Evaluation: Frame 307 sent at 1573039377284
11-06 13:22:57.320 14692 14726 D Evaluation: Frame 308 sent at 1573039377320
11-06 13:22:57.355 14692 14726 D Evaluation: Frame 309 sent at 1573039377355
11-06 13:22:57.401 14692 14726 D Evaluation: Frame 311 sent at 1573039377401
11-06 13:22:57.418 14692 14726 D Evaluation: Frame 311 sent at 1573039377418
11-06 13:22:57.445 14692 14726 D Evaluation: Frame 312 sent at 1573039377445
11-06 13:22:57.487 14692 14726 D Evaluation: Frame 313 sent at 1573039377487
11-06 13:22:57.515 14692 14726 D Evaluation: Frame 314 sent at 1573039377515
11-06 13:22:57.570 14692 14726 D Evaluation: Frame 315 sent at 1573039377570
11-06 13:22:57.594 14692 14726 D Evaluation: Frame 316 sent at 1573039377594
11-06 13:22:57.625 14692 14726 D Evaluation: Frame 317 sent at 1573039377625
11-06 13:22:57.662 14692 14726 D Evaluation: Frame 318 sent at 1573039377662
11-06 13:22:57.694 14692 14726 D Evaluation: Frame 319 sent at 1573039377694
11-06 13:22:57.730 14692 14726 D Evaluation: Frame 320 sent at 1573039377730
11-06 13:22:57.755 14692 14726 D Evaluation: Frame 321 sent at 1573039377755
11-06 13:22:57.796 14692 14726 D Evaluation: Frame 322 sent at 1573039377796
11-06 13:22:57.828 14692 14726 D Evaluation: Frame 323 sent at 1573039377828
11-06 13:22:57.855 14692 14726 D Evaluation: Frame 324 sent at 1573039377855
11-06 13:22:57.898 14692 14726 D Evaluation: Frame 326 sent at 1573039377898
11-06 13:22:57.922 14692 14726 D Evaluation: Frame 326 sent at 1573039377922
11-06 13:22:57.986 14692 14726 W System.err: java.net.SocketException: Message too long
11-06 13:22:57.986 14692 14726 W System.err: 	at sun.nio.ch.DatagramChannelImpl.send0(Native Method)
11-06 13:22:57.986 14692 14726 W System.err: 	at sun.nio.ch.DatagramChannelImpl.sendFromNativeBuffer(DatagramChannelImpl.java:573)
11-06 13:22:57.986 14692 14726 W System.err: 	at sun.nio.ch.DatagramChannelImpl.send(DatagramChannelImpl.java:550)
11-06 13:22:57.986 14692 14726 W System.err: 	at sun.nio.ch.DatagramChannelImpl.send(DatagramChannelImpl.java:514)
11-06 13:22:57.986 14692 14726 W System.err: 	at symlab.CloudAR.network.TransmissionTask.run(TransmissionTask.java:124)
11-06 13:22:57.986 14692 14726 W System.err: 	at android.os.Handler.handleCallback(Handler.java:907)
11-06 13:22:57.986 14692 14726 W System.err: 	at android.os.Handler.dispatchMessage(Handler.java:105)
11-06 13:22:57.986 14692 14726 W System.err: 	at android.os.Looper.loop(Looper.java:216)
11-06 13:22:57.986 14692 14726 W System.err: 	at android.os.HandlerThread.run(HandlerThread.java:65)
11-06 13:22:58.016 14692 14726 W System.err: java.net.SocketException: Message too long
11-06 13:22:58.016 14692 14726 W System.err: 	at sun.nio.ch.DatagramChannelImpl.send0(Native Method)
11-06 13:22:58.016 14692 14726 W System.err: 	at sun.nio.ch.DatagramChannelImpl.sendFromNativeBuffer(DatagramChannelImpl.java:573)
11-06 13:22:58.016 14692 14726 W System.err: 	at sun.nio.ch.DatagramChannelImpl.send(DatagramChannelImpl.java:550)
11-06 13:22:58.016 14692 14726 W System.err: 	at sun.nio.ch.DatagramChannelImpl.send(DatagramChannelImpl.java:514)
11-06 13:22:58.016 14692 14726 W System.err: 	at symlab.CloudAR.network.TransmissionTask.run(TransmissionTask.java:124)
11-06 13:22:58.016 14692 14726 W System.err: 	at android.os.Handler.handleCallback(Handler.java:907)
11-06 13:22:58.016 14692 14726 W System.err: 	at android.os.Handler.dispatchMessage(Handler.java:105)
11-06 13:22:58.016 14692 14726 W System.err: 	at android.os.Looper.loop(Looper.java:216)
11-06 13:22:58.016 14692 14726 W System.err: 	at android.os.HandlerThread.run(HandlerThread.java:65)
11-06 13:22:58.034 14692 14692 D Poster  : At 1573039378034 location is 65.06007269258396 (latitude), and 25.46673466277674 (longitude)
11-06 13:22:58.037 14692 14692 D Poster  : Connected to mobile network 20
11-06 13:22:58.039 14692 14726 W System.err: java.net.SocketException: Message too long
11-06 13:22:58.040 14692 14726 W System.err: 	at sun.nio.ch.DatagramChannelImpl.send0(Native Method)
11-06 13:22:58.040 14692 14726 W System.err: 	at sun.nio.ch.DatagramChannelImpl.sendFromNativeBuffer(DatagramChannelImpl.java:573)
11-06 13:22:58.040 14692 14726 W System.err: 	at sun.nio.ch.DatagramChannelImpl.send(DatagramChannelImpl.java:550)
11-06 13:22:58.040 14692 14726 W System.err: 	at sun.nio.ch.DatagramChannelImpl.send(DatagramChannelImpl.java:514)
11-06 13:22:58.040 14692 14726 W System.err: 	at symlab.CloudAR.network.TransmissionTask.run(TransmissionTask.java:124)
11-06 13:22:58.040 14692 14726 W System.err: 	at android.os.Handler.handleCallback(Handler.java:907)
11-06 13:22:58.040 14692 14726 W System.err: 	at android.os.Handler.dispatchMessage(Handler.java:105)
11-06 13:22:58.040 14692 14726 W System.err: 	at android.os.Looper.loop(Looper.java:216)
11-06 13:22:58.040 14692 14726 W System.err: 	at android.os.HandlerThread.run(HandlerThread.java:65)
11-06 13:22:58.068 14692 14726 W System.err: java.net.SocketException: Message too long
11-06 13:22:58.068 14692 14726 W System.err: 	at sun.nio.ch.DatagramChannelImpl.send0(Native Method)
11-06 13:22:58.068 14692 14726 W System.err: 	at sun.nio.ch.DatagramChannelImpl.sendFromNativeBuffer(DatagramChannelImpl.java:573)
11-06 13:22:58.068 14692 14726 W System.err: 	at sun.nio.ch.DatagramChannelImpl.send(DatagramChannelImpl.java:550)
11-06 13:22:58.068 14692 14726 W System.err: 	at sun.nio.ch.DatagramChannelImpl.send(DatagramChannelImpl.java:514)
11-06 13:22:58.068 14692 14726 W System.err: 	at symlab.CloudAR.network.TransmissionTask.run(TransmissionTask.java:124)
11-06 13:22:58.068 14692 14726 W System.err: 	at android.os.Handler.handleCallback(Handler.java:907)
11-06 13:22:58.068 14692 14726 W System.err: 	at android.os.Handler.dispatchMessage(Handler.java:105)
11-06 13:22:58.068 14692 14726 W System.err: 	at android.os.Looper.loop(Looper.java:216)
11-06 13:22:58.068 14692 14726 W System.err: 	at android.os.HandlerThread.run(HandlerThread.java:65)
11-06 13:22:58.086 14692 14726 W System.err: java.net.SocketException: Message too long
11-06 13:22:58.086 14692 14726 W System.err: 	at sun.nio.ch.DatagramChannelImpl.send0(Native Method)
11-06 13:22:58.086 14692 14726 W System.err: 	at sun.nio.ch.DatagramChannelImpl.sendFromNativeBuffer(DatagramChannelImpl.java:573)
11-06 13:22:58.086 14692 14726 W System.err: 	at sun.nio.ch.DatagramChannelImpl.send(DatagramChannelImpl.java:550)
11-06 13:22:58.086 14692 14726 W System.err: 	at sun.nio.ch.DatagramChannelImpl.send(DatagramChannelImpl.java:514)
11-06 13:22:58.086 14692 14726 W System.err: 	at symlab.CloudAR.network.TransmissionTask.run(TransmissionTask.java:124)
11-06 13:22:58.086 14692 14726 W System.err: 	at android.os.Handler.handleCallback(Handler.java:907)
11-06 13:22:58.086 14692 14726 W System.err: 	at android.os.Handler.dispatchMessage(Handler.java:105)
11-06 13:22:58.086 14692 14726 W System.err: 	at android.os.Looper.loop(Looper.java:216)
11-06 13:22:58.086 14692 14726 W System.err: 	at android.os.HandlerThread.run(HandlerThread.java:65)
11-06 13:22:58.124 14692 14726 D Evaluation: Frame 332 sent at 1573039378124
11-06 13:22:58.156 14692 14726 D Evaluation: Frame 333 sent at 1573039378156
11-06 13:22:58.201 14692 14726 D Evaluation: Frame 334 sent at 1573039378201
11-06 13:22:58.230 14692 14726 D Evaluation: Frame 335 sent at 1573039378230
11-06 13:22:58.275 14692 14726 D Evaluation: Frame 336 sent at 1573039378275
11-06 13:22:58.300 14692 14726 D Evaluation: Frame 337 sent at 1573039378300
11-06 13:22:58.361 14692 14726 D Evaluation: Frame 338 sent at 1573039378361
11-06 13:22:58.406 14692 14726 D Evaluation: Frame 339 sent at 1573039378406
11-06 13:22:58.421 14692 14692 D stylus  : init stylus touchlistener.
11-06 13:22:58.433 14692 14692 W Settings: Setting device_provisioned has moved from android.provider.Settings.Secure to android.provider.Settings.Global.
11-06 13:22:58.434 14692 14692 V HiTouch_HiTouchSensor: User setup is finished.
11-06 13:22:58.435 14692 14726 D Evaluation: Frame 340 sent at 1573039378435
11-06 13:22:58.439 14692 14692 W HiTouch_PressGestureDetector: Touch pointer move a lot. The moving distance of X is:60.70215, limit is:60The moving distance of Y is:11.52356, limit is:60
11-06 13:22:58.457 14692 14726 D Evaluation: Frame 341 sent at 1573039378457
11-06 13:22:58.486 14692 14726 D Evaluation: Frame 342 sent at 1573039378486
11-06 13:22:58.512 14692 14726 D Evaluation: Frame 343 sent at 1573039378512
11-06 13:22:58.546 14692 14726 D Evaluation: Frame 344 sent at 1573039378546
11-06 13:22:58.581 14692 14726 D Evaluation: Frame 345 sent at 1573039378581
11-06 13:22:58.623 14692 14726 D Evaluation: Frame 346 sent at 1573039378623
11-06 13:22:58.626 14692 14726 D Evaluation: 0 res for frame 332 received at 1573039378625
11-06 13:22:58.658 14692 14726 D Evaluation: Frame 347 sent at 1573039378658
11-06 13:22:58.659 14692 14703 E         : [ZeroHung]zrhung_get_config: Get config failed for wp[0x0008]
11-06 13:22:58.677 14692 14701 W System  : A resource failed to call close. 
11-06 13:22:58.677 14692 14701 W System  : A resource failed to call close. 
11-06 13:22:58.700 14692 14726 D Evaluation: Frame 348 sent at 1573039378700
