11-06 11:15:23.958 29636 29674 W System.err: 	at sun.nio.ch.DatagramChannelImpl.send0(Native Method)
11-06 11:15:23.958 29636 29674 W System.err: 	at sun.nio.ch.DatagramChannelImpl.sendFromNativeBuffer(DatagramChannelImpl.java:573)
11-06 11:15:23.958 29636 29674 W System.err: 	at sun.nio.ch.DatagramChannelImpl.send(DatagramChannelImpl.java:550)
11-06 11:15:23.958 29636 29674 W System.err: 	at sun.nio.ch.DatagramChannelImpl.send(DatagramChannelImpl.java:514)
11-06 11:15:23.958 29636 29674 W System.err: 	at symlab.CloudAR.network.TransmissionTask.run(TransmissionTask.java:124)
11-06 11:15:23.958 29636 29674 W System.err: 	at android.os.Handler.handleCallback(Handler.java:907)
11-06 11:15:23.958 29636 29674 W System.err: 	at android.os.Handler.dispatchMessage(Handler.java:105)
11-06 11:15:23.958 29636 29674 W System.err: 	at android.os.Looper.loop(Looper.java:216)
11-06 11:15:23.958 29636 29674 W System.err: 	at android.os.HandlerThread.run(HandlerThread.java:65)
11-06 11:15:23.959 29636 29674 D Evaluation: 0 res for frame 43 received at 1573031723959
11-06 11:15:23.997 29636 29674 W System.err: java.net.SocketException: Message too long
11-06 11:15:23.997 29636 29674 W System.err: 	at sun.nio.ch.DatagramChannelImpl.send0(Native Method)
11-06 11:15:23.997 29636 29674 W System.err: 	at sun.nio.ch.DatagramChannelImpl.sendFromNativeBuffer(DatagramChannelImpl.java:573)
11-06 11:15:23.997 29636 29674 W System.err: 	at sun.nio.ch.DatagramChannelImpl.send(DatagramChannelImpl.java:550)
11-06 11:15:23.997 29636 29674 W System.err: 	at sun.nio.ch.DatagramChannelImpl.send(DatagramChannelImpl.java:514)
11-06 11:15:23.997 29636 29674 W System.err: 	at symlab.CloudAR.network.TransmissionTask.run(TransmissionTask.java:124)
11-06 11:15:23.997 29636 29674 W System.err: 	at android.os.Handler.handleCallback(Handler.java:907)
11-06 11:15:23.997 29636 29674 W System.err: 	at android.os.Handler.dispatchMessage(Handler.java:105)
11-06 11:15:23.997 29636 29674 W System.err: 	at android.os.Looper.loop(Looper.java:216)
11-06 11:15:23.997 29636 29674 W System.err: 	at android.os.HandlerThread.run(HandlerThread.java:65)
11-06 11:15:23.998 29636 29674 D Evaluation: 0 res for frame 44 received at 1573031723998
11-06 11:15:24.033 29636 29674 W System.err: java.net.SocketException: Message too long
11-06 11:15:24.033 29636 29674 W System.err: 	at sun.nio.ch.DatagramChannelImpl.send0(Native Method)
11-06 11:15:24.034 29636 29674 W System.err: 	at sun.nio.ch.DatagramChannelImpl.sendFromNativeBuffer(DatagramChannelImpl.java:573)
11-06 11:15:24.034 29636 29674 W System.err: 	at sun.nio.ch.DatagramChannelImpl.send(DatagramChannelImpl.java:550)
11-06 11:15:24.034 29636 29674 W System.err: 	at sun.nio.ch.DatagramChannelImpl.send(DatagramChannelImpl.java:514)
11-06 11:15:24.034 29636 29674 W System.err: 	at symlab.CloudAR.network.TransmissionTask.run(TransmissionTask.java:124)
11-06 11:15:24.034 29636 29674 W System.err: 	at android.os.Handler.handleCallback(Handler.java:907)
11-06 11:15:24.034 29636 29674 W System.err: 	at android.os.Handler.dispatchMessage(Handler.java:105)
11-06 11:15:24.034 29636 29674 W System.err: 	at android.os.Looper.loop(Looper.java:216)
11-06 11:15:24.034 29636 29674 W System.err: 	at android.os.HandlerThread.run(HandlerThread.java:65)
11-06 11:15:24.066 29636 29674 W System.err: java.net.SocketException: Message too long
11-06 11:15:24.066 29636 29674 W System.err: 	at sun.nio.ch.DatagramChannelImpl.send0(Native Method)
11-06 11:15:24.066 29636 29674 W System.err: 	at sun.nio.ch.DatagramChannelImpl.sendFromNativeBuffer(DatagramChannelImpl.java:573)
11-06 11:15:24.066 29636 29674 W System.err: 	at sun.nio.ch.DatagramChannelImpl.send(DatagramChannelImpl.java:550)
11-06 11:15:24.066 29636 29674 W System.err: 	at sun.nio.ch.DatagramChannelImpl.send(DatagramChannelImpl.java:514)
11-06 11:15:24.066 29636 29674 W System.err: 	at symlab.CloudAR.network.TransmissionTask.run(TransmissionTask.java:124)
11-06 11:15:24.066 29636 29674 W System.err: 	at android.os.Handler.handleCallback(Handler.java:907)
11-06 11:15:24.066 29636 29674 W System.err: 	at android.os.Handler.dispatchMessage(Handler.java:105)
11-06 11:15:24.066 29636 29674 W System.err: 	at android.os.Looper.loop(Looper.java:216)
11-06 11:15:24.067 29636 29674 W System.err: 	at android.os.HandlerThread.run(HandlerThread.java:65)
11-06 11:15:24.104 29636 29674 W System.err: java.net.SocketException: Message too long
11-06 11:15:24.104 29636 29674 W System.err: 	at sun.nio.ch.DatagramChannelImpl.send0(Native Method)
11-06 11:15:24.104 29636 29674 W System.err: 	at sun.nio.ch.DatagramChannelImpl.sendFromNativeBuffer(DatagramChannelImpl.java:573)
11-06 11:15:24.104 29636 29674 W System.err: 	at sun.nio.ch.DatagramChannelImpl.send(DatagramChannelImpl.java:550)
11-06 11:15:24.104 29636 29674 W System.err: 	at sun.nio.ch.DatagramChannelImpl.send(DatagramChannelImpl.java:514)
11-06 11:15:24.104 29636 29674 W System.err: 	at symlab.CloudAR.network.TransmissionTask.run(TransmissionTask.java:124)
11-06 11:15:24.104 29636 29674 W System.err: 	at android.os.Handler.handleCallback(Handler.java:907)
11-06 11:15:24.104 29636 29674 W System.err: 	at android.os.Handler.dispatchMessage(Handler.java:105)
11-06 11:15:24.104 29636 29674 W System.err: 	at android.os.Looper.loop(Looper.java:216)
11-06 11:15:24.104 29636 29674 W System.err: 	at android.os.HandlerThread.run(HandlerThread.java:65)
11-06 11:15:24.136 29636 29674 D Evaluation: Frame 93 sent at 1573031724136
11-06 11:15:24.137 29636 29674 D Evaluation: 0 res for frame 47 received at 1573031724137
11-06 11:15:24.173 29636 29674 D Evaluation: Frame 94 sent at 1573031724173
11-06 11:15:24.214 29636 29674 D Evaluation: Frame 95 sent at 1573031724214
11-06 11:15:24.242 29636 29651 E         : [ZeroHung]zrhung_get_config: Get config failed for wp[0x0008]
11-06 11:15:24.242 29636 29674 D Evaluation: Frame 96 sent at 1573031724242
11-06 11:15:24.268 29636 29649 W System  : A resource failed to call close. 
11-06 11:15:24.271 29636 29649 I chatty  : uid=10149(symlab.cloudridar.arhud) FinalizerDaemon identical 24 lines
11-06 11:15:24.272 29636 29649 W System  : A resource failed to call close. 
11-06 11:15:24.272 29636 29674 D Evaluation: Frame 97 sent at 1573031724272
11-06 11:15:24.306 29636 29674 D Evaluation: Frame 98 sent at 1573031724306
11-06 11:15:24.337 29636 29674 D Evaluation: Frame 99 sent at 1573031724337
11-06 11:15:24.365 29636 29674 D Evaluation: Frame 100 sent at 1573031724365
11-06 11:15:24.409 29636 29674 D Evaluation: Frame 101 sent at 1573031724409
11-06 11:15:24.448 29636 29674 D Evaluation: Frame 102 sent at 1573031724448
11-06 11:15:24.449 29636 29674 D Evaluation: 0 res for frame 65 received at 1573031724449
11-06 11:15:24.488 29636 29674 D Evaluation: Frame 103 sent at 1573031724488
11-06 11:15:24.513 29636 29674 D Evaluation: Frame 104 sent at 1573031724513
11-06 11:15:24.552 29636 29674 D Evaluation: Frame 105 sent at 1573031724552
11-06 11:15:24.581 29636 29674 D Evaluation: Frame 106 sent at 1573031724580
11-06 11:15:24.609 29636 29674 D Evaluation: Frame 107 sent at 1573031724609
11-06 11:15:24.611 29636 29674 D Evaluation: 0 res for frame 93 received at 1573031724611
11-06 11:15:24.653 29636 29674 D Evaluation: Frame 108 sent at 1573031724653
11-06 11:15:24.655 29636 29674 D Evaluation: 0 res for frame 94 received at 1573031724655
11-06 11:15:24.732 29636 29674 D Evaluation: Frame 110 sent at 1573031724732
11-06 11:15:24.734 29636 29674 D Evaluation: 0 res for frame 95 received at 1573031724734
11-06 11:15:24.759 29636 29674 D Evaluation: Frame 111 sent at 1573031724759
11-06 11:15:24.761 29636 29674 D Evaluation: 0 res for frame 96 received at 1573031724761
11-06 11:15:24.785 29636 29674 D Evaluation: Frame 111 sent at 1573031724785
11-06 11:15:24.786 29636 29674 D Evaluation: 0 res for frame 97 received at 1573031724786
11-06 11:15:24.815 29636 29674 D Evaluation: Frame 112 sent at 1573031724815
11-06 11:15:24.840 29636 29674 D Evaluation: Frame 113 sent at 1573031724840
11-06 11:15:24.843 29636 29674 D Evaluation: 0 res for frame 98 received at 1573031724843
11-06 11:15:24.883 29636 29674 D Evaluation: Frame 114 sent at 1573031724882
11-06 11:15:24.913 29636 29674 D Evaluation: Frame 115 sent at 1573031724913
11-06 11:15:24.914 29636 29674 D Evaluation: 0 res for frame 99 received at 1573031724914
11-06 11:15:24.950 29636 29674 D Evaluation: Frame 116 sent at 1573031724950
11-06 11:15:24.982 29636 29674 D Evaluation: Frame 117 sent at 1573031724982
11-06 11:15:24.983 29636 29674 D Evaluation: 0 res for frame 100 received at 1573031724983
11-06 11:15:25.010 29636 29674 D Evaluation: Frame 118 sent at 1573031725010
11-06 11:15:25.011 29636 29674 D Evaluation: 0 res for frame 101 received at 1573031725011
11-06 11:15:25.044 29636 29674 D Evaluation: Frame 119 sent at 1573031725044
11-06 11:15:25.075 29636 29674 D Evaluation: Frame 120 sent at 1573031725075
11-06 11:15:25.120 29636 29674 D Evaluation: Frame 121 sent at 1573031725120
11-06 11:15:25.122 29636 29674 D Evaluation: 0 res for frame 102 received at 1573031725122
11-06 11:15:25.151 29636 29674 D Evaluation: Frame 122 sent at 1573031725151
11-06 11:15:25.153 29636 29674 D Evaluation: 0 res for frame 103 received at 1573031725153
11-06 11:15:25.180 29636 29674 D Evaluation: Frame 123 sent at 1573031725180
11-06 11:15:25.219 29636 29674 D Evaluation: Frame 124 sent at 1573031725219
11-06 11:15:25.220 29636 29674 D Evaluation: 1 res for frame 104 received at 1573031725220
11-06 11:15:25.250 29636 29651 E         : [ZeroHung]zrhung_get_config: Get config failed for wp[0x0008]
11-06 11:15:25.251 29636 29674 D Evaluation: Frame 125 sent at 1573031725251
11-06 11:15:25.253 29636 29674 D Evaluation: 0 res for frame 105 received at 1573031725253
11-06 11:15:25.284 29636 29649 W System  : A resource failed to call close. 
11-06 11:15:25.284 29636 29649 I chatty  : uid=10149(symlab.cloudridar.arhud) FinalizerDaemon identical 1 line
11-06 11:15:25.285 29636 29649 W System  : A resource failed to call close. 
11-06 11:15:25.285 29636 29674 D Evaluation: Frame 126 sent at 1573031725285
11-06 11:15:25.285 29636 29649 W System  : A resource failed to call close. 
11-06 11:15:25.286 29636 29649 I chatty  : uid=10149(symlab.cloudridar.arhud) FinalizerDaemon identical 3 lines
11-06 11:15:25.286 29636 29649 W System  : A resource failed to call close. 
11-06 11:15:25.286 29636 29649 W System  : A resource failed to call close. 
11-06 11:15:25.286 29636 29649 W System  : A resource failed to call close. 
11-06 11:15:25.286 29636 29649 W System  : A resource failed to call close. 
11-06 11:15:25.287 29636 29649 I chatty  : uid=10149(symlab.cloudridar.arhud) FinalizerDaemon identical 3 lines
11-06 11:15:25.287 29636 29649 W System  : A resource failed to call close. 
11-06 11:15:25.287 29636 29649 W System  : A resource failed to call close. 
11-06 11:15:25.287 29636 29649 W System  : A resource failed to call close. 
11-06 11:15:25.292 29636 29649 I chatty  : uid=10149(symlab.cloudridar.arhud) FinalizerDaemon identical 8 lines
11-06 11:15:25.292 29636 29649 W System  : A resource failed to call close. 
11-06 11:15:25.307 29636 29674 D Evaluation: Frame 127 sent at 1573031725307
11-06 11:15:25.309 29636 29674 D Evaluation: 0 res for frame 106 received at 1573031725309
11-06 11:15:25.348 29636 29674 D Evaluation: Frame 128 sent at 1573031725348
11-06 11:15:25.349 29636 29674 D Evaluation: 0 res for frame 107 received at 1573031725349
11-06 11:15:25.376 29636 29674 D Evaluation: Frame 129 sent at 1573031725376
11-06 11:15:25.378 29636 29674 D Evaluation: 0 res for frame 108 received at 1573031725378
11-06 11:15:25.416 29636 29674 D Evaluation: Frame 130 sent at 1573031725416
11-06 11:15:25.443 29636 29674 D Evaluation: Frame 131 sent at 1573031725443
11-06 11:15:25.490 29636 29636 I AwareBitmapCacher: init lrucache size: 2097152 pid=29636
11-06 11:15:25.497 29636 29674 D Evaluation: Frame 132 sent at 1573031725497
11-06 11:15:25.498 29636 29674 D Evaluation: 0 res for frame 110 received at 1573031725498
11-06 11:15:25.519 29636 29674 D Evaluation: Frame 133 sent at 1573031725519
11-06 11:15:25.520 29636 29674 D Evaluation: 0 res for frame 111 received at 1573031725520
11-06 11:15:25.592 29636 29674 D Evaluation: Frame 134 sent at 1573031725592
11-06 11:15:25.594 29636 29674 D Evaluation: 0 res for frame 111 received at 1573031725594
11-06 11:15:25.614 29636 29674 D Evaluation: Frame 135 sent at 1573031725614
11-06 11:15:25.655 29636 29674 D Evaluation: Frame 136 sent at 1573031725655
11-06 11:15:25.656 29636 29674 D Evaluation: 0 res for frame 112 received at 1573031725656
11-06 11:15:25.687 29636 29674 D Evaluation: Frame 137 sent at 1573031725687
11-06 11:15:25.688 29636 29674 D Evaluation: 0 res for frame 113 received at 1573031725688
11-06 11:15:25.712 29636 29674 D Evaluation: Frame 138 sent at 1573031725712
11-06 11:15:25.754 29636 29674 D Evaluation: Frame 139 sent at 1573031725754
11-06 11:15:25.755 29636 29674 D Evaluation: 0 res for frame 114 received at 1573031725755
11-06 11:15:25.790 29636 29674 D Evaluation: Frame 140 sent at 1573031725790
11-06 11:15:25.792 29636 29674 D Evaluation: 0 res for frame 115 received at 1573031725792
11-06 11:15:25.813 29636 29674 D Evaluation: Frame 141 sent at 1573031725813
11-06 11:15:25.854 29636 29674 D Evaluation: Frame 142 sent at 1573031725854
11-06 11:15:25.874 29636 29636 D Poster  : At 1573031725873 location is 65.06003577456849 (latitude), and 25.46819411265327 (longitude)
11-06 11:15:25.878 29636 29636 D Poster  : Connected to mobile network 20
11-06 11:15:25.884 29636 29674 D Evaluation: Frame 143 sent at 1573031725884
11-06 11:15:25.885 29636 29674 D Evaluation: 0 res for frame 116 received at 1573031725885
11-06 11:15:25.931 29636 29674 D Evaluation: Frame 145 sent at 1573031725931
11-06 11:15:25.932 29636 29674 D Evaluation: 0 res for frame 117 received at 1573031725932
11-06 11:15:25.951 29636 29674 D Evaluation: Frame 145 sent at 1573031725951
11-06 11:15:25.986 29636 29674 D Evaluation: Frame 146 sent at 1573031725986
11-06 11:15:26.018 29636 29674 D Evaluation: Frame 147 sent at 1573031726018
11-06 11:15:26.060 29636 29674 D Evaluation: Frame 148 sent at 1573031726060
11-06 11:15:26.061 29636 29674 D Evaluation: 0 res for frame 118 received at 1573031726061
11-06 11:15:26.089 29636 29674 D Evaluation: Frame 149 sent at 1573031726089
11-06 11:15:26.091 29636 29674 D Evaluation: 0 res for frame 119 received at 1573031726091
11-06 11:15:26.125 29636 29674 D Evaluation: Frame 150 sent at 1573031726125
11-06 11:15:26.160 29636 29674 D Evaluation: Frame 151 sent at 1573031726160
11-06 11:15:26.201 29636 29674 D Evaluation: Frame 152 sent at 1573031726201
11-06 11:15:26.203 29636 29674 D Evaluation: 0 res for frame 120 received at 1573031726203
11-06 11:15:26.228 29636 29674 D Evaluation: Frame 153 sent at 1573031726228
11-06 11:15:26.258 29636 29674 D Evaluation: Frame 154 sent at 1573031726258
11-06 11:15:26.259 29636 29674 D Evaluation: 0 res for frame 121 received at 1573031726259
11-06 11:15:26.299 29636 29674 D Evaluation: Frame 155 sent at 1573031726299
11-06 11:15:26.327 29636 29674 D Evaluation: Frame 156 sent at 1573031726327
11-06 11:15:26.363 29636 29674 D Evaluation: Frame 157 sent at 1573031726363
11-06 11:15:26.365 29636 29674 D Evaluation: 0 res for frame 122 received at 1573031726365
11-06 11:15:26.392 29636 29674 D Evaluation: Frame 158 sent at 1573031726392
11-06 11:15:26.421 29636 29674 D Evaluation: Frame 159 sent at 1573031726421
11-06 11:15:26.422 29636 29674 D Evaluation: 0 res for frame 123 received at 1573031726422
11-06 11:15:26.461 29636 29674 D Evaluation: Frame 160 sent at 1573031726461
11-06 11:15:26.496 29636 29674 D Evaluation: Frame 161 sent at 1573031726496
11-06 11:15:26.496 29636 29651 E         : [ZeroHung]zrhung_get_config: Get config failed for wp[0x0008]
11-06 11:15:26.516 29636 29649 W System  : A resource failed to call close. 
11-06 11:15:26.518 29636 29649 I chatty  : uid=10149(symlab.cloudridar.arhud) FinalizerDaemon identical 16 lines
11-06 11:15:26.518 29636 29649 W System  : A resource failed to call close. 
11-06 11:15:26.518 29636 29649 W System  : A resource failed to call close. 
11-06 11:15:26.518 29636 29649 W System  : A resource failed to call close. 
11-06 11:15:26.518 29636 29649 W System  : A resource failed to call close. 
11-06 11:15:26.518 29636 29649 W System  : A resource failed to call close. 
11-06 11:15:26.518 29636 29649 W System  : A resource failed to call close. 
11-06 11:15:26.519 29636 29649 I chatty  : uid=10149(symlab.cloudridar.arhud) FinalizerDaemon identical 4 lines
11-06 11:15:26.519 29636 29649 W System  : A resource failed to call close. 
11-06 11:15:26.519 29636 29649 W System  : A resource failed to call close. 
11-06 11:15:26.519 29636 29649 W System  : A resource failed to call close. 
11-06 11:15:26.519 29636 29649 W System  : A resource failed to call close. 
11-06 11:15:26.520 29636 29649 W System  : A resource failed to call close. 
11-06 11:15:26.520 29636 29649 W System  : A resource failed to call close. 
11-06 11:15:26.520 29636 29649 I chatty  : uid=10149(symlab.cloudridar.arhud) FinalizerDaemon identical 4 lines
11-06 11:15:26.520 29636 29649 W System  : A resource failed to call close. 
11-06 11:15:26.526 29636 29674 D Evaluation: Frame 162 sent at 1573031726526
11-06 11:15:26.527 29636 29674 D Evaluation: 2 res for frame 124 received at 1573031726527
11-06 11:15:26.563 29636 29674 D Evaluation: Frame 163 sent at 1573031726563
11-06 11:15:26.564 29636 29674 D Evaluation: 0 res for frame 125 received at 1573031726564
11-06 11:15:26.607 29636 29674 D Evaluation: Frame 164 sent at 1573031726607
11-06 11:15:26.712 29636 29674 D Evaluation: Frame 166 sent at 1573031726712
11-06 11:15:26.714 29636 29674 D Evaluation: 0 res for frame 126 received at 1573031726714
11-06 11:15:26.735 29636 29674 D Evaluation: Frame 166 sent at 1573031726735
11-06 11:15:26.737 29636 29674 D Evaluation: 2 res for frame 127 received at 1573031726737
11-06 11:15:26.766 29636 29674 D Evaluation: Frame 168 sent at 1573031726766
11-06 11:15:26.767 29636 29674 D Evaluation: 1 res for frame 128 received at 1573031726767
11-06 11:15:26.787 29636 29674 D Evaluation: Frame 168 sent at 1573031726786
11-06 11:15:26.830 29636 29674 D Evaluation: Frame 169 sent at 1573031726830
11-06 11:15:26.831 29636 29674 D Evaluation: 0 res for frame 129 received at 1573031726831
11-06 11:15:26.863 29636 29674 D Evaluation: Frame 170 sent at 1573031726863
11-06 11:15:26.864 29636 29674 D Evaluation: 0 res for frame 130 received at 1573031726864
11-06 11:15:26.899 29636 29674 D Evaluation: Frame 171 sent at 1573031726899
11-06 11:15:26.901 29636 29674 D Evaluation: 1 res for frame 131 received at 1573031726901
11-06 11:15:26.928 29636 29674 D Evaluation: Frame 172 sent at 1573031726928
11-06 11:15:27.018 29636 29674 D Evaluation: Frame 174 sent at 1573031727018
11-06 11:15:27.019 29636 29674 D Evaluation: 0 res for frame 132 received at 1573031727019
11-06 11:15:27.040 29636 29674 D Evaluation: Frame 174 sent at 1573031727040
11-06 11:15:27.042 29636 29674 D Evaluation: 0 res for frame 133 received at 1573031727042
11-06 11:15:27.063 29636 29674 D Evaluation: Frame 175 sent at 1573031727063
11-06 11:15:27.064 29636 29674 D Evaluation: 2 res for frame 134 received at 1573031727064
11-06 11:15:27.093 29636 29674 D Evaluation: Frame 176 sent at 1573031727093
11-06 11:15:27.094 29636 29674 D Evaluation: 1 res for frame 135 received at 1573031727094
11-06 11:15:27.132 29636 29674 D Evaluation: Frame 177 sent at 1573031727131
11-06 11:15:27.133 29636 29674 D Evaluation: 1 res for frame 136 received at 1573031727133
11-06 11:15:27.166 29636 29674 D Evaluation: Frame 178 sent at 1573031727166
11-06 11:15:27.167 29636 29674 D Evaluation: 0 res for frame 137 received at 1573031727167
11-06 11:15:27.197 29636 29674 D Evaluation: Frame 179 sent at 1573031727197
11-06 11:15:27.234 29636 29674 D Evaluation: Frame 180 sent at 1573031727234
11-06 11:15:27.271 29636 29674 D Evaluation: Frame 181 sent at 1573031727271
11-06 11:15:27.304 29636 29674 D Evaluation: Frame 182 sent at 1573031727304
11-06 11:15:27.328 29636 29636 D Poster  : At 1573031727328 location is 65.05977469412623 (latitude), and 25.468543982457113 (longitude)
11-06 11:15:27.333 29636 29636 D Poster  : Connected to mobile network 20
11-06 11:15:27.336 29636 29674 D Evaluation: Frame 183 sent at 1573031727335
11-06 11:15:27.359 29636 29674 D Evaluation: Frame 184 sent at 1573031727359
11-06 11:15:27.394 29636 29674 D Evaluation: Frame 185 sent at 1573031727394
11-06 11:15:27.395 29636 29674 D Evaluation: 1 res for frame 148 received at 1573031727395
11-06 11:15:27.426 29636 29674 D Evaluation: Frame 186 sent at 1573031727425
11-06 11:15:27.495 29636 29674 D Evaluation: Frame 188 sent at 1573031727495
11-06 11:15:27.518 29636 29674 D Evaluation: Frame 189 sent at 1573031727518
11-06 11:15:27.538 29636 29674 D Evaluation: Frame 189 sent at 1573031727538
11-06 11:15:27.571 29636 29674 D Evaluation: Frame 190 sent at 1573031727571
11-06 11:15:27.600 29636 29674 D Evaluation: Frame 191 sent at 1573031727600
11-06 11:15:27.601 29636 29674 D Evaluation: 1 res for frame 152 received at 1573031727601
11-06 11:15:27.639 29636 29674 D Evaluation: Frame 192 sent at 1573031727639
11-06 11:15:27.674 29636 29674 D Evaluation: Frame 193 sent at 1573031727674
11-06 11:15:27.697 29636 29674 D Evaluation: Frame 194 sent at 1573031727697
11-06 11:15:27.738 29636 29674 D Evaluation: Frame 195 sent at 1573031727738
11-06 11:15:27.767 29636 29674 D Evaluation: Frame 196 sent at 1573031727767
11-06 11:15:27.800 29636 29674 D Evaluation: Frame 197 sent at 1573031727800
11-06 11:15:27.844 29636 29674 D Evaluation: Frame 198 sent at 1573031727844
11-06 11:15:27.876 29636 29674 D Evaluation: Frame 199 sent at 1573031727875
11-06 11:15:27.915 29636 29674 D Evaluation: Frame 200 sent at 1573031727915
11-06 11:15:27.916 29636 29674 D Evaluation: 0 res for frame 160 received at 1573031727916
11-06 11:15:27.938 29636 29674 D Evaluation: Frame 201 sent at 1573031727938
11-06 11:15:27.939 29636 29674 D Evaluation: 1 res for frame 161 received at 1573031727939
11-06 11:15:27.975 29636 29674 D Evaluation: Frame 202 sent at 1573031727975
11-06 11:15:27.976 29636 29674 D Evaluation: 1 res for frame 162 received at 1573031727976
11-06 11:15:27.999 29636 29674 D Evaluation: Frame 203 sent at 1573031727999
11-06 11:15:28.000 29636 29674 D Evaluation: 0 res for frame 163 received at 1573031728000
11-06 11:15:28.035 29636 29674 D Evaluation: Frame 204 sent at 1573031728035
11-06 11:15:28.036 29636 29674 D Evaluation: 0 res for frame 164 received at 1573031728036
11-06 11:15:28.066 29636 29674 D Evaluation: Frame 205 sent at 1573031728066
11-06 11:15:28.067 29636 29651 E         : [ZeroHung]zrhung_get_config: Get config failed for wp[0x0008]
11-06 11:15:28.067 29636 29674 D Evaluation: 0 res for frame 166 received at 1573031728067
11-06 11:15:28.086 29636 29649 W System  : A resource failed to call close. 
11-06 11:15:28.089 29636 29649 I chatty  : uid=10149(symlab.cloudridar.arhud) FinalizerDaemon identical 26 lines
11-06 11:15:28.089 29636 29649 W System  : A resource failed to call close. 
11-06 11:15:28.090 29636 29649 W System  : A resource failed to call close. 
11-06 11:15:28.090 29636 29649 W System  : A resource failed to call close. 
11-06 11:15:28.092 29636 29649 I chatty  : uid=10149(symlab.cloudridar.arhud) FinalizerDaemon identical 13 lines
11-06 11:15:28.092 29636 29649 W System  : A resource failed to call close. 
11-06 11:15:28.111 29636 29674 D Evaluation: Frame 207 sent at 1573031728111
11-06 11:15:28.113 29636 29674 D Evaluation: 0 res for frame 166 received at 1573031728113
11-06 11:15:28.130 29636 29674 D Evaluation: Frame 207 sent at 1573031728130
11-06 11:15:28.131 29636 29674 D Evaluation: 0 res for frame 168 received at 1573031728131
11-06 11:15:28.176 29636 29674 D Evaluation: Frame 208 sent at 1573031728176
11-06 11:15:28.177 29636 29674 D Evaluation: 0 res for frame 168 received at 1573031728177
11-06 11:15:28.206 29636 29674 D Evaluation: Frame 209 sent at 1573031728206
11-06 11:15:28.234 29636 29674 D Evaluation: Frame 210 sent at 1573031728234
11-06 11:15:28.235 29636 29674 D Evaluation: 1 res for frame 169 received at 1573031728235
11-06 11:15:28.274 29636 29674 D Evaluation: Frame 211 sent at 1573031728274
11-06 11:15:28.275 29636 29674 D Evaluation: 1 res for frame 170 received at 1573031728275
11-06 11:15:28.309 29636 29674 D Evaluation: Frame 212 sent at 1573031728309
11-06 11:15:28.327 29636 29636 D Poster  : At 1573031728327 location is 65.0597996562358 (latitude), and 25.468557541598187 (longitude)
11-06 11:15:28.331 29636 29636 D Poster  : Connected to mobile network 20
11-06 11:15:28.352 29636 29674 D Evaluation: Frame 214 sent at 1573031728352
11-06 11:15:28.354 29636 29674 D Evaluation: 0 res for frame 171 received at 1573031728354
11-06 11:15:28.372 29636 29674 D Evaluation: Frame 214 sent at 1573031728372
11-06 11:15:28.373 29636 29674 D Evaluation: 0 res for frame 172 received at 1573031728373
11-06 11:15:28.390 29636 29674 D Evaluation: Frame 215 sent at 1573031728390
11-06 11:15:28.435 29636 29674 D Evaluation: Frame 216 sent at 1573031728435
11-06 11:15:28.436 29636 29674 D Evaluation: 0 res for frame 174 received at 1573031728436
11-06 11:15:28.468 29636 29674 D Evaluation: Frame 217 sent at 1573031728468
11-06 11:15:28.470 29636 29674 D Evaluation: 0 res for frame 174 received at 1573031728470
11-06 11:15:28.514 29636 29674 D Evaluation: Frame 218 sent at 1573031728514
11-06 11:15:28.515 29636 29674 D Evaluation: 0 res for frame 175 received at 1573031728515
11-06 11:15:28.556 29636 29674 D Evaluation: Frame 220 sent at 1573031728555
11-06 11:15:28.557 29636 29674 D Evaluation: 0 res for frame 176 received at 1573031728557
11-06 11:15:28.573 29636 29674 D Evaluation: Frame 220 sent at 1573031728573
11-06 11:15:28.574 29636 29674 D Evaluation: 1 res for frame 177 received at 1573031728574
11-06 11:15:28.637 29636 29674 D Evaluation: Frame 221 sent at 1573031728637
11-06 11:15:28.640 29636 29674 D Evaluation: 1 res for frame 178 received at 1573031728640
11-06 11:15:28.675 29636 29674 D Evaluation: Frame 222 sent at 1573031728675
11-06 11:15:28.676 29636 29674 D Evaluation: 1 res for frame 179 received at 1573031728676
11-06 11:15:28.706 29636 29674 D Evaluation: Frame 223 sent at 1573031728706
11-06 11:15:28.707 29636 29674 D Evaluation: 2 res for frame 180 received at 1573031728707
11-06 11:15:28.745 29636 29674 D Evaluation: Frame 224 sent at 1573031728744
11-06 11:15:28.746 29636 29674 D Evaluation: 1 res for frame 181 received at 1573031728746
11-06 11:15:28.775 29636 29674 D Evaluation: Frame 225 sent at 1573031728775
11-06 11:15:28.776 29636 29674 D Evaluation: 1 res for frame 182 received at 1573031728776
11-06 11:15:28.868 29636 29674 D Evaluation: Frame 227 sent at 1573031728868
11-06 11:15:28.870 29636 29674 D Evaluation: 2 res for frame 183 received at 1573031728870
11-06 11:15:28.893 29636 29674 D Evaluation: Frame 227 sent at 1573031728893
11-06 11:15:28.894 29636 29674 D Evaluation: 1 res for frame 184 received at 1573031728894
11-06 11:15:28.954 29636 29674 D Evaluation: Frame 228 sent at 1573031728954
11-06 11:15:28.955 29636 29674 D Evaluation: 1 res for frame 185 received at 1573031728955
11-06 11:15:28.981 29636 29674 D Evaluation: Frame 229 sent at 1573031728981
11-06 11:15:28.982 29636 29674 D Evaluation: 1 res for frame 186 received at 1573031728982
11-06 11:15:29.054 29636 29674 D Evaluation: Frame 230 sent at 1573031729054
11-06 11:15:29.056 29636 29674 D Evaluation: 2 res for frame 188 received at 1573031729056
11-06 11:15:29.091 29636 29674 D Evaluation: Frame 231 sent at 1573031729090
11-06 11:15:29.092 29636 29674 D Evaluation: 2 res for frame 189 received at 1573031729092
11-06 11:15:29.117 29636 29674 D Evaluation: Frame 232 sent at 1573031729117
11-06 11:15:29.119 29636 29674 D Evaluation: 1 res for frame 189 received at 1573031729119
11-06 11:15:29.147 29636 29674 D Evaluation: Frame 233 sent at 1573031729147
11-06 11:15:29.148 29636 29674 D Evaluation: 1 res for frame 190 received at 1573031729148
11-06 11:15:29.180 29636 29674 D Evaluation: Frame 234 sent at 1573031729180
11-06 11:15:29.181 29636 29674 D Evaluation: 2 res for frame 191 received at 1573031729181
11-06 11:15:29.216 29636 29674 D Evaluation: Frame 235 sent at 1573031729216
11-06 11:15:29.218 29636 29674 D Evaluation: 1 res for frame 192 received at 1573031729218
11-06 11:15:29.247 29636 29674 D Evaluation: Frame 236 sent at 1573031729247
11-06 11:15:29.248 29636 29674 D Evaluation: 1 res for frame 193 received at 1573031729248
11-06 11:15:29.280 29636 29674 D Evaluation: Frame 237 sent at 1573031729280
11-06 11:15:29.281 29636 29674 D Evaluation: 1 res for frame 194 received at 1573031729281
11-06 11:15:29.320 29636 29674 D Evaluation: Frame 238 sent at 1573031729320
11-06 11:15:29.321 29636 29674 D Evaluation: 1 res for frame 195 received at 1573031729321
11-06 11:15:29.338 29636 29636 D Poster  : At 1573031729337 location is 65.05992961977631 (latitude), and 25.46852115112233 (longitude)
11-06 11:15:29.340 29636 29636 D Poster  : Connected to mobile network 20
11-06 11:15:29.346 29636 29674 D Evaluation: Frame 239 sent at 1573031729346
11-06 11:15:29.348 29636 29674 D Evaluation: 1 res for frame 196 received at 1573031729348
11-06 11:15:29.368 29636 29674 D Evaluation: Frame 240 sent at 1573031729368
11-06 11:15:29.369 29636 29674 D Evaluation: 1 res for frame 197 received at 1573031729369
11-06 11:15:29.400 29636 29674 D Evaluation: Frame 241 sent at 1573031729400
11-06 11:15:29.403 29636 29674 D Evaluation: 1 res for frame 198 received at 1573031729403
11-06 11:15:29.434 29636 29651 E         : [ZeroHung]zrhung_get_config: Get config failed for wp[0x0008]
11-06 11:15:29.434 29636 29674 D Evaluation: Frame 242 sent at 1573031729434
11-06 11:15:29.449 29636 29649 W System  : A resource failed to call close. 
11-06 11:15:29.449 29636 29649 W System  : A resource failed to call close. 
11-06 11:15:29.450 29636 29649 I chatty  : uid=10149(symlab.cloudridar.arhud) FinalizerDaemon identical 26 lines
11-06 11:15:29.450 29636 29649 W System  : A resource failed to call close. 
11-06 11:15:29.450 29636 29649 W System  : A resource failed to call close. 
11-06 11:15:29.451 29636 29649 I chatty  : uid=10149(symlab.cloudridar.arhud) FinalizerDaemon identical 2 lines
11-06 11:15:29.451 29636 29649 W System  : A resource failed to call close. 
11-06 11:15:29.451 29636 29649 W System  : A resource failed to call close. 
11-06 11:15:29.452 29636 29649 I chatty  : uid=10149(symlab.cloudridar.arhud) FinalizerDaemon identical 31 lines
11-06 11:15:29.453 29636 29649 W System  : A resource failed to call close. 
11-06 11:15:29.477 29636 29674 D Evaluation: Frame 243 sent at 1573031729477
11-06 11:15:29.478 29636 29674 D Evaluation: 1 res for frame 199 received at 1573031729478
11-06 11:15:29.513 29636 29674 D Evaluation: Frame 244 sent at 1573031729512
11-06 11:15:29.514 29636 29674 D Evaluation: 1 res for frame 200 received at 1573031729514
11-06 11:15:29.544 29636 29674 D Evaluation: Frame 245 sent at 1573031729544
11-06 11:15:29.545 29636 29674 D Evaluation: 1 res for frame 201 received at 1573031729545
11-06 11:15:29.576 29636 29674 D Evaluation: Frame 246 sent at 1573031729576
11-06 11:15:29.578 29636 29674 D Evaluation: 1 res for frame 202 received at 1573031729578
11-06 11:15:29.608 29636 29674 D Evaluation: Frame 247 sent at 1573031729608
11-06 11:15:29.609 29636 29674 D Evaluation: 1 res for frame 203 received at 1573031729609
11-06 11:15:29.645 29636 29674 D Evaluation: Frame 248 sent at 1573031729645
11-06 11:15:29.676 29636 29674 D Evaluation: Frame 249 sent at 1573031729676
11-06 11:15:29.677 29636 29674 D Evaluation: 1 res for frame 205 received at 1573031729677
11-06 11:15:29.710 29636 29674 D Evaluation: Frame 250 sent at 1573031729710
11-06 11:15:29.748 29636 29674 D Evaluation: Frame 251 sent at 1573031729748
11-06 11:15:29.778 29636 29674 D Evaluation: Frame 252 sent at 1573031729778
11-06 11:15:29.810 29636 29674 D Evaluation: Frame 253 sent at 1573031729810
11-06 11:15:29.811 29636 29674 D Evaluation: 1 res for frame 208 received at 1573031729811
11-06 11:15:29.842 29636 29674 D Evaluation: Frame 254 sent at 1573031729842
11-06 11:15:29.881 29636 29674 D Evaluation: Frame 255 sent at 1573031729881
11-06 11:15:29.908 29636 29674 D Evaluation: Frame 256 sent at 1573031729908
11-06 11:15:29.941 29636 29674 D Evaluation: Frame 257 sent at 1573031729941
11-06 11:15:29.942 29636 29674 D Evaluation: 1 res for frame 212 received at 1573031729942
11-06 11:15:29.978 29636 29674 D Evaluation: Frame 258 sent at 1573031729978
11-06 11:15:30.010 29636 29674 D Evaluation: Frame 259 sent at 1573031730010
11-06 11:15:30.045 29636 29674 D Evaluation: Frame 260 sent at 1573031730045
11-06 11:15:30.077 29636 29674 D Evaluation: Frame 261 sent at 1573031730077
11-06 11:15:30.115 29636 29674 D Evaluation: Frame 262 sent at 1573031730115
11-06 11:15:30.117 29636 29674 D Evaluation: 1 res for frame 216 received at 1573031730116
11-06 11:15:30.156 29636 29674 D Evaluation: Frame 263 sent at 1573031730156
11-06 11:15:30.158 29636 29674 D Evaluation: 1 res for frame 217 received at 1573031730158
11-06 11:15:30.181 29636 29674 D Evaluation: Frame 264 sent at 1573031730181
11-06 11:15:30.182 29636 29674 D Evaluation: 1 res for frame 218 received at 1573031730182
11-06 11:15:30.218 29636 29674 D Evaluation: Frame 265 sent at 1573031730218
11-06 11:15:30.219 29636 29674 D Evaluation: 1 res for frame 220 received at 1573031730219
11-06 11:15:30.248 29636 29674 D Evaluation: Frame 266 sent at 1573031730248
11-06 11:15:30.249 29636 29674 D Evaluation: 0 res for frame 220 received at 1573031730249
11-06 11:15:30.292 29636 29674 D Evaluation: Frame 267 sent at 1573031730292
11-06 11:15:30.294 29636 29674 D Evaluation: 1 res for frame 221 received at 1573031730294
11-06 11:15:30.324 29636 29674 D Evaluation: Frame 268 sent at 1573031730324
11-06 11:15:30.329 29636 29636 D Poster  : At 1573031730329 location is 65.05991072086962 (latitude), and 25.46855502496281 (longitude)
11-06 11:15:30.332 29636 29636 D Poster  : Connected to mobile network 20
11-06 11:15:30.375 29636 29674 D Evaluation: Frame 270 sent at 1573031730375
11-06 11:15:30.376 29636 29674 D Evaluation: 1 res for frame 222 received at 1573031730376
11-06 11:15:30.395 29636 29674 D Evaluation: Frame 271 sent at 1573031730395
11-06 11:15:30.396 29636 29674 D Evaluation: 1 res for frame 223 received at 1573031730396
11-06 11:15:30.410 29636 29674 D Evaluation: Frame 271 sent at 1573031730410
11-06 11:15:30.411 29636 29674 D Evaluation: 1 res for frame 224 received at 1573031730411
11-06 11:15:30.437 29636 29674 D Evaluation: Frame 272 sent at 1573031730437
11-06 11:15:30.476 29636 29674 D Evaluation: Frame 273 sent at 1573031730476
11-06 11:15:30.512 29636 29674 D Evaluation: Frame 274 sent at 1573031730512
11-06 11:15:30.546 29636 29674 D Evaluation: Frame 275 sent at 1573031730546
11-06 11:15:30.548 29636 29674 D Evaluation: 1 res for frame 227 received at 1573031730548
11-06 11:15:30.586 29636 29674 D Evaluation: Frame 276 sent at 1573031730586
11-06 11:15:30.588 29636 29674 D Evaluation: 1 res for frame 227 received at 1573031730588
11-06 11:15:30.637 29636 29674 D Evaluation: Frame 277 sent at 1573031730637
11-06 11:15:30.639 29636 29674 D Evaluation: 2 res for frame 228 received at 1573031730639
11-06 11:15:30.703 29636 29674 D Evaluation: Frame 278 sent at 1573031730703
11-06 11:15:30.705 29636 29674 D Evaluation: 1 res for frame 229 received at 1573031730705
11-06 11:15:30.727 29636 29674 D Evaluation: Frame 280 sent at 1573031730727
11-06 11:15:30.729 29636 29674 D Evaluation: 1 res for frame 230 received at 1573031730729
11-06 11:15:30.750 29636 29674 D Evaluation: Frame 280 sent at 1573031730750
11-06 11:15:30.751 29636 29674 D Evaluation: 1 res for frame 231 received at 1573031730751
11-06 11:15:30.788 29636 29674 D Evaluation: Frame 281 sent at 1573031730788
11-06 11:15:30.790 29636 29674 D Evaluation: 1 res for frame 232 received at 1573031730790
11-06 11:15:30.826 29636 29674 D Evaluation: Frame 282 sent at 1573031730826
11-06 11:15:30.827 29636 29674 D Evaluation: 1 res for frame 233 received at 1573031730827
11-06 11:15:30.864 29636 29651 E         : [ZeroHung]zrhung_get_config: Get config failed for wp[0x0008]
11-06 11:15:30.864 29636 29674 D Evaluation: Frame 283 sent at 1573031730864
11-06 11:15:30.867 29636 29674 D Evaluation: 0 res for frame 234 received at 1573031730867
11-06 11:15:30.881 29636 29649 W System  : A resource failed to call close. 
11-06 11:15:30.885 29636 29649 I chatty  : uid=10149(symlab.cloudridar.arhud) FinalizerDaemon identical 31 lines
11-06 11:15:30.885 29636 29649 W System  : A resource failed to call close. 
11-06 11:15:30.885 29636 29649 W System  : A resource failed to call close. 
11-06 11:15:30.886 29636 29649 W System  : A resource failed to call close. 
11-06 11:15:30.886 29636 29649 W System  : A resource failed to call close. 
11-06 11:15:30.886 29636 29649 W System  : A resource failed to call close. 
11-06 11:15:30.886 29636 29649 W System  : A resource failed to call close. 
11-06 11:15:30.886 29636 29649 W System  : A resource failed to call close. 
11-06 11:15:30.886 29636 29649 W System  : A resource failed to call close. 
11-06 11:15:30.886 29636 29649 W System  : A resource failed to call close. 
11-06 11:15:30.886 29636 29649 I chatty  : uid=10149(symlab.cloudridar.arhud) FinalizerDaemon identical 2 lines
11-06 11:15:30.886 29636 29649 W System  : A resource failed to call close. 
11-06 11:15:30.887 29636 29649 W System  : A resource failed to call close. 
11-06 11:15:30.887 29636 29649 I chatty  : uid=10149(symlab.cloudridar.arhud) FinalizerDaemon identical 4 lines
11-06 11:15:30.887 29636 29649 W System  : A resource failed to call close. 
11-06 11:15:30.890 29636 29674 D Evaluation: Frame 284 sent at 1573031730890
11-06 11:15:30.892 29636 29674 D Evaluation: 1 res for frame 235 received at 1573031730892
11-06 11:15:30.913 29636 29674 D Evaluation: Frame 285 sent at 1573031730913
11-06 11:15:30.915 29636 29674 D Evaluation: 0 res for frame 236 received at 1573031730915
11-06 11:15:30.961 29636 29674 D Evaluation: Frame 286 sent at 1573031730961
11-06 11:15:30.963 29636 29674 D Evaluation: 1 res for frame 237 received at 1573031730963
11-06 11:15:30.994 29636 29674 D Evaluation: Frame 287 sent at 1573031730994
11-06 11:15:30.995 29636 29674 D Evaluation: 0 res for frame 238 received at 1573031730995
11-06 11:15:31.017 29636 29674 D Evaluation: Frame 288 sent at 1573031731017
11-06 11:15:31.018 29636 29674 D Evaluation: 0 res for frame 239 received at 1573031731018
11-06 11:15:31.051 29636 29674 D Evaluation: Frame 289 sent at 1573031731051
11-06 11:15:31.087 29636 29674 D Evaluation: Frame 290 sent at 1573031731087
11-06 11:15:31.128 29636 29674 D Evaluation: Frame 291 sent at 1573031731128
11-06 11:15:31.202 29636 29674 D Evaluation: Frame 292 sent at 1573031731201
11-06 11:15:31.204 29636 29674 D Evaluation: 1 res for frame 243 received at 1573031731204
11-06 11:15:31.239 29636 29674 D Evaluation: Frame 293 sent at 1573031731239
11-06 11:15:31.241 29636 29674 D Evaluation: 1 res for frame 244 received at 1573031731241
11-06 11:15:31.267 29636 29674 D Evaluation: Frame 294 sent at 1573031731267
11-06 11:15:31.297 29636 29674 D Evaluation: Frame 295 sent at 1573031731297
11-06 11:15:31.325 29636 29674 D Evaluation: Frame 296 sent at 1573031731325
11-06 11:15:31.327 29636 29674 D Evaluation: 1 res for frame 248 received at 1573031731327
11-06 11:15:31.331 29636 29636 D Poster  : At 1573031731331 location is 65.05993250949675 (latitude), and 25.46858527475772 (longitude)
11-06 11:15:31.334 29636 29636 D Poster  : Connected to mobile network 20
11-06 11:15:31.373 29636 29674 D Evaluation: Frame 298 sent at 1573031731373
11-06 11:15:31.374 29636 29674 D Evaluation: 1 res for frame 250 received at 1573031731374
11-06 11:15:31.393 29636 29674 D Evaluation: Frame 298 sent at 1573031731393
11-06 11:15:31.424 29636 29674 D Evaluation: Frame 299 sent at 1573031731424
11-06 11:15:31.458 29636 29674 D Evaluation: Frame 300 sent at 1573031731458
11-06 11:15:31.493 29636 29674 D Evaluation: Frame 301 sent at 1573031731493
11-06 11:15:31.534 29636 29674 D Evaluation: Frame 302 sent at 1573031731533
11-06 11:15:31.537 29636 29674 D Evaluation: 1 res for frame 255 received at 1573031731537
11-06 11:15:31.568 29636 29674 D Evaluation: Frame 303 sent at 1573031731568
11-06 11:15:31.597 29636 29674 D Evaluation: Frame 304 sent at 1573031731597
11-06 11:15:31.623 29636 29674 D Evaluation: Frame 305 sent at 1573031731623
11-06 11:15:31.659 29636 29674 D Evaluation: Frame 306 sent at 1573031731659
11-06 11:15:31.690 29636 29674 D Evaluation: Frame 307 sent at 1573031731690
11-06 11:15:31.734 29636 29674 D Evaluation: Frame 308 sent at 1573031731734
11-06 11:15:31.761 29636 29674 D Evaluation: Frame 309 sent at 1573031731761
11-06 11:15:31.763 29636 29674 D Evaluation: 1 res for frame 262 received at 1573031731763
11-06 11:15:31.795 29636 29674 D Evaluation: Frame 310 sent at 1573031731795
11-06 11:15:31.830 29636 29674 D Evaluation: Frame 311 sent at 1573031731830
11-06 11:15:31.866 29636 29674 D Evaluation: Frame 312 sent at 1573031731866
11-06 11:15:31.906 29636 29674 D Evaluation: Frame 313 sent at 1573031731906
11-06 11:15:31.933 29636 29674 D Evaluation: Frame 314 sent at 1573031731933
11-06 11:15:31.965 29636 29674 D Evaluation: Frame 315 sent at 1573031731965
11-06 11:15:32.005 29636 29674 D Evaluation: Frame 316 sent at 1573031732005
11-06 11:15:32.008 29636 29674 D Evaluation: 1 res for frame 270 received at 1573031732008
11-06 11:15:32.040 29636 29674 D Evaluation: Frame 317 sent at 1573031732040
11-06 11:15:32.064 29636 29674 D Evaluation: Frame 318 sent at 1573031732064
11-06 11:15:32.101 29636 29674 D Evaluation: Frame 319 sent at 1573031732101
11-06 11:15:32.136 29636 29674 D Evaluation: Frame 320 sent at 1573031732136
11-06 11:15:32.139 29636 29674 D Evaluation: 1 res for frame 273 received at 1573031732139
11-06 11:15:32.169 29636 29674 D Evaluation: Frame 321 sent at 1573031732169
11-06 11:15:32.171 29636 29674 D Evaluation: 1 res for frame 274 received at 1573031732171
11-06 11:15:32.195 29636 29674 D Evaluation: Frame 322 sent at 1573031732195
11-06 11:15:32.239 29636 29674 D Evaluation: Frame 323 sent at 1573031732238
11-06 11:15:32.241 29636 29674 D Evaluation: 1 res for frame 276 received at 1573031732241
11-06 11:15:32.262 29636 29674 D Evaluation: Frame 324 sent at 1573031732262
11-06 11:15:32.264 29636 29674 D Evaluation: 1 res for frame 277 received at 1573031732264
11-06 11:15:32.303 29636 29674 D Evaluation: Frame 325 sent at 1573031732303
11-06 11:15:32.305 29636 29674 D Evaluation: 1 res for frame 278 received at 1573031732305
11-06 11:15:32.332 29636 29636 D Poster  : At 1573031732332 location is 65.05990574979118 (latitude), and 25.468592350482393 (longitude)
11-06 11:15:32.335 29636 29636 D Poster  : Connected to mobile network 20
11-06 11:15:32.337 29636 29674 D Evaluation: Frame 326 sent at 1573031732337
11-06 11:15:32.339 29636 29674 D Evaluation: 1 res for frame 279 received at 1573031732339
11-06 11:15:32.368 29636 29674 D Evaluation: Frame 327 sent at 1573031732368
11-06 11:15:32.395 29636 29651 E         : [ZeroHung]zrhung_get_config: Get config failed for wp[0x0008]
11-06 11:15:32.395 29636 29674 D Evaluation: Frame 328 sent at 1573031732395
11-06 11:15:32.398 29636 29674 D Evaluation: 1 res for frame 280 received at 1573031732398
11-06 11:15:32.412 29636 29649 W System  : A resource failed to call close. 
11-06 11:15:32.413 29636 29649 W System  : A resource failed to call close. 
11-06 11:15:32.413 29636 29649 W System  : A resource failed to call close. 
11-06 11:15:32.413 29636 29649 I chatty  : uid=10149(symlab.cloudridar.arhud) FinalizerDaemon identical 6 lines
11-06 11:15:32.413 29636 29649 W System  : A resource failed to call close. 
11-06 11:15:32.414 29636 29649 W System  : A resource failed to call close. 
11-06 11:15:32.415 29636 29649 I chatty  : uid=10149(symlab.cloudridar.arhud) FinalizerDaemon identical 26 lines
11-06 11:15:32.416 29636 29649 W System  : A resource failed to call close. 
11-06 11:15:32.437 29636 29674 D Evaluation: Frame 329 sent at 1573031732437
11-06 11:15:32.439 29636 29674 D Evaluation: 1 res for frame 281 received at 1573031732439
11-06 11:15:32.461 29636 29674 D Evaluation: Frame 330 sent at 1573031732461
11-06 11:15:32.463 29636 29674 D Evaluation: 1 res for frame 282 received at 1573031732463
11-06 11:15:32.509 29636 29674 D Evaluation: Frame 331 sent at 1573031732509
11-06 11:15:32.511 29636 29674 D Evaluation: 1 res for frame 283 received at 1573031732511
11-06 11:15:32.545 29636 29674 D Evaluation: Frame 332 sent at 1573031732545
11-06 11:15:32.547 29636 29674 D Evaluation: 1 res for frame 284 received at 1573031732547
11-06 11:15:32.571 29636 29674 D Evaluation: Frame 333 sent at 1573031732571
11-06 11:15:32.604 29636 29674 D Evaluation: Frame 334 sent at 1573031732604
11-06 11:15:32.606 29636 29674 D Evaluation: 1 res for frame 285 received at 1573031732606
11-06 11:15:32.636 29636 29674 D Evaluation: Frame 335 sent at 1573031732636
11-06 11:15:32.638 29636 29674 D Evaluation: 1 res for frame 286 received at 1573031732638
11-06 11:15:32.673 29636 29674 D Evaluation: Frame 336 sent at 1573031732673
11-06 11:15:32.675 29636 29674 D Evaluation: 1 res for frame 287 received at 1573031732675
11-06 11:15:32.739 29636 29674 D Evaluation: Frame 337 sent at 1573031732739
11-06 11:15:32.741 29636 29674 D Evaluation: 1 res for frame 288 received at 1573031732741
11-06 11:15:32.778 29636 29674 D Evaluation: Frame 338 sent at 1573031732778
11-06 11:15:32.780 29636 29674 D Evaluation: 1 res for frame 289 received at 1573031732780
11-06 11:15:32.822 29636 29674 D Evaluation: Frame 340 sent at 1573031732822
11-06 11:15:32.824 29636 29674 D Evaluation: 1 res for frame 290 received at 1573031732824
11-06 11:15:32.847 29636 29674 D Evaluation: Frame 340 sent at 1573031732847
11-06 11:15:32.849 29636 29674 D Evaluation: 0 res for frame 291 received at 1573031732849
11-06 11:15:32.873 29636 29674 D Evaluation: Frame 341 sent at 1573031732872
11-06 11:15:32.875 29636 29674 D Evaluation: 0 res for frame 292 received at 1573031732875
11-06 11:15:32.899 29636 29674 D Evaluation: Frame 342 sent at 1573031732899
11-06 11:15:32.901 29636 29674 D Evaluation: 1 res for frame 293 received at 1573031732901
11-06 11:15:32.935 29636 29674 D Evaluation: Frame 343 sent at 1573031732935
11-06 11:15:32.937 29636 29674 D Evaluation: 1 res for frame 294 received at 1573031732937
11-06 11:15:32.962 29636 29674 D Evaluation: Frame 344 sent at 1573031732962
11-06 11:15:32.964 29636 29674 D Evaluation: 1 res for frame 295 received at 1573031732964
11-06 11:15:33.012 29636 29674 D Evaluation: Frame 345 sent at 1573031733012
11-06 11:15:33.014 29636 29674 D Evaluation: 1 res for frame 296 received at 1573031733014
11-06 11:15:33.045 29636 29674 D Evaluation: Frame 346 sent at 1573031733045
11-06 11:15:33.047 29636 29674 D Evaluation: 1 res for frame 298 received at 1573031733047
11-06 11:15:33.067 29636 29674 D Evaluation: Frame 347 sent at 1573031733067
11-06 11:15:33.069 29636 29674 D Evaluation: 1 res for frame 298 received at 1573031733069
11-06 11:15:33.108 29636 29674 D Evaluation: Frame 348 sent at 1573031733108
11-06 11:15:33.135 29636 29674 D Evaluation: Frame 349 sent at 1573031733135
11-06 11:15:33.179 29636 29674 D Evaluation: Frame 350 sent at 1573031733179
11-06 11:15:33.264 29636 29674 D Evaluation: Frame 352 sent at 1573031733264
11-06 11:15:33.267 29636 29674 D Evaluation: 0 res for frame 302 received at 1573031733267
11-06 11:15:33.289 29636 29674 D Evaluation: Frame 352 sent at 1573031733289
11-06 11:15:33.326 29636 29674 D Evaluation: Frame 354 sent at 1573031733326
11-06 11:15:33.335 29636 29636 D Poster  : At 1573031733335 location is 65.05989664741482 (latitude), and 25.468555906297894 (longitude)
11-06 11:15:33.338 29636 29636 D Poster  : Connected to mobile network 20
11-06 11:15:33.345 29636 29674 D Evaluation: Frame 354 sent at 1573031733345
11-06 11:15:33.347 29636 29674 D Evaluation: 1 res for frame 306 received at 1573031733347
11-06 11:15:33.368 29636 29674 D Evaluation: Frame 355 sent at 1573031733368
11-06 11:15:33.370 29636 29674 D Evaluation: 2 res for frame 307 received at 1573031733370
11-06 11:15:33.396 29636 29674 D Evaluation: Frame 356 sent at 1573031733396
11-06 11:15:33.398 29636 29674 D Evaluation: 1 res for frame 308 received at 1573031733398
11-06 11:15:33.432 29636 29674 D Evaluation: Frame 357 sent at 1573031733432
11-06 11:15:33.465 29636 29674 D Evaluation: Frame 358 sent at 1573031733465
11-06 11:15:33.503 29636 29674 D Evaluation: Frame 359 sent at 1573031733503
11-06 11:15:33.538 29636 29674 D Evaluation: Frame 360 sent at 1573031733538
11-06 11:15:33.540 29636 29674 D Evaluation: 1 res for frame 311 received at 1573031733540
11-06 11:15:33.584 29636 29674 D Evaluation: Frame 361 sent at 1573031733584
11-06 11:15:33.588 29636 29674 D Evaluation: 1 res for frame 312 received at 1573031733588
11-06 11:15:33.616 29636 29674 D Evaluation: Frame 362 sent at 1573031733616
11-06 11:15:33.638 29636 29674 D Evaluation: Frame 363 sent at 1573031733638
11-06 11:15:33.675 29636 29674 D Evaluation: Frame 364 sent at 1573031733675
11-06 11:15:33.677 29636 29674 D Evaluation: 1 res for frame 316 received at 1573031733677
11-06 11:15:33.701 29636 29674 D Evaluation: Frame 365 sent at 1573031733701
11-06 11:15:33.740 29636 29674 D Evaluation: Frame 366 sent at 1573031733740
11-06 11:15:33.777 29636 29674 D Evaluation: Frame 367 sent at 1573031733777
