11-06 10:33:18.994 22164 22207 W System.err: 	at android.os.Handler.handleCallback(Handler.java:907)
11-06 10:33:18.994 22164 22207 W System.err: 	at android.os.Handler.dispatchMessage(Handler.java:105)
11-06 10:33:18.994 22164 22207 W System.err: 	at android.os.Looper.loop(Looper.java:216)
11-06 10:33:18.994 22164 22207 W System.err: 	at android.os.HandlerThread.run(HandlerThread.java:65)
11-06 10:33:19.016 22164 22207 W System.err: java.net.SocketException: Message too long
11-06 10:33:19.016 22164 22207 W System.err: 	at sun.nio.ch.DatagramChannelImpl.send0(Native Method)
11-06 10:33:19.016 22164 22207 W System.err: 	at sun.nio.ch.DatagramChannelImpl.sendFromNativeBuffer(DatagramChannelImpl.java:573)
11-06 10:33:19.016 22164 22207 W System.err: 	at sun.nio.ch.DatagramChannelImpl.send(DatagramChannelImpl.java:550)
11-06 10:33:19.016 22164 22207 W System.err: 	at sun.nio.ch.DatagramChannelImpl.send(DatagramChannelImpl.java:514)
11-06 10:33:19.016 22164 22207 W System.err: 	at symlab.CloudAR.network.TransmissionTask.run(TransmissionTask.java:124)
11-06 10:33:19.016 22164 22207 W System.err: 	at android.os.Handler.handleCallback(Handler.java:907)
11-06 10:33:19.016 22164 22207 W System.err: 	at android.os.Handler.dispatchMessage(Handler.java:105)
11-06 10:33:19.016 22164 22207 W System.err: 	at android.os.Looper.loop(Looper.java:216)
11-06 10:33:19.016 22164 22207 W System.err: 	at android.os.HandlerThread.run(HandlerThread.java:65)
11-06 10:33:19.055 22164 22179 E         : [ZeroHung]zrhung_get_config: Get config failed for wp[0x0008]
11-06 10:33:19.055 22164 22207 W System.err: java.net.SocketException: Message too long
11-06 10:33:19.055 22164 22207 W System.err: 	at sun.nio.ch.DatagramChannelImpl.send0(Native Method)
11-06 10:33:19.055 22164 22207 W System.err: 	at sun.nio.ch.DatagramChannelImpl.sendFromNativeBuffer(DatagramChannelImpl.java:573)
11-06 10:33:19.055 22164 22207 W System.err: 	at sun.nio.ch.DatagramChannelImpl.send(DatagramChannelImpl.java:550)
11-06 10:33:19.055 22164 22207 W System.err: 	at sun.nio.ch.DatagramChannelImpl.send(DatagramChannelImpl.java:514)
11-06 10:33:19.056 22164 22207 W System.err: 	at symlab.CloudAR.network.TransmissionTask.run(TransmissionTask.java:124)
11-06 10:33:19.056 22164 22207 W System.err: 	at android.os.Handler.handleCallback(Handler.java:907)
11-06 10:33:19.056 22164 22207 W System.err: 	at android.os.Handler.dispatchMessage(Handler.java:105)
11-06 10:33:19.056 22164 22207 W System.err: 	at android.os.Looper.loop(Looper.java:216)
11-06 10:33:19.056 22164 22207 W System.err: 	at android.os.HandlerThread.run(HandlerThread.java:65)
11-06 10:33:19.083 22164 22207 D Evaluation: Frame 824 sent at 1573029199083
11-06 10:33:19.127 22164 22207 D Evaluation: Frame 825 sent at 1573029199127
11-06 10:33:19.153 22164 22207 W System.err: java.net.SocketException: Message too long
11-06 10:33:19.153 22164 22207 W System.err: 	at sun.nio.ch.DatagramChannelImpl.send0(Native Method)
11-06 10:33:19.153 22164 22207 W System.err: 	at sun.nio.ch.DatagramChannelImpl.sendFromNativeBuffer(DatagramChannelImpl.java:573)
11-06 10:33:19.153 22164 22207 W System.err: 	at sun.nio.ch.DatagramChannelImpl.send(DatagramChannelImpl.java:550)
11-06 10:33:19.153 22164 22207 W System.err: 	at sun.nio.ch.DatagramChannelImpl.send(DatagramChannelImpl.java:514)
11-06 10:33:19.153 22164 22207 W System.err: 	at symlab.CloudAR.network.TransmissionTask.run(TransmissionTask.java:124)
11-06 10:33:19.153 22164 22207 W System.err: 	at android.os.Handler.handleCallback(Handler.java:907)
11-06 10:33:19.153 22164 22207 W System.err: 	at android.os.Handler.dispatchMessage(Handler.java:105)
11-06 10:33:19.153 22164 22207 W System.err: 	at android.os.Looper.loop(Looper.java:216)
11-06 10:33:19.153 22164 22207 W System.err: 	at android.os.HandlerThread.run(HandlerThread.java:65)
11-06 10:33:19.194 22164 22207 W System.err: java.net.SocketException: Message too long
11-06 10:33:19.194 22164 22207 W System.err: 	at sun.nio.ch.DatagramChannelImpl.send0(Native Method)
11-06 10:33:19.194 22164 22207 W System.err: 	at sun.nio.ch.DatagramChannelImpl.sendFromNativeBuffer(DatagramChannelImpl.java:573)
11-06 10:33:19.194 22164 22207 W System.err: 	at sun.nio.ch.DatagramChannelImpl.send(DatagramChannelImpl.java:550)
11-06 10:33:19.194 22164 22207 W System.err: 	at sun.nio.ch.DatagramChannelImpl.send(DatagramChannelImpl.java:514)
11-06 10:33:19.194 22164 22207 W System.err: 	at symlab.CloudAR.network.TransmissionTask.run(TransmissionTask.java:124)
11-06 10:33:19.194 22164 22207 W System.err: 	at android.os.Handler.handleCallback(Handler.java:907)
11-06 10:33:19.194 22164 22207 W System.err: 	at android.os.Handler.dispatchMessage(Handler.java:105)
11-06 10:33:19.194 22164 22207 W System.err: 	at android.os.Looper.loop(Looper.java:216)
11-06 10:33:19.194 22164 22207 W System.err: 	at android.os.HandlerThread.run(HandlerThread.java:65)
11-06 10:33:19.226 22164 22207 W System.err: java.net.SocketException: Message too long
11-06 10:33:19.226 22164 22207 W System.err: 	at sun.nio.ch.DatagramChannelImpl.send0(Native Method)
11-06 10:33:19.226 22164 22207 W System.err: 	at sun.nio.ch.DatagramChannelImpl.sendFromNativeBuffer(DatagramChannelImpl.java:573)
11-06 10:33:19.226 22164 22207 W System.err: 	at sun.nio.ch.DatagramChannelImpl.send(DatagramChannelImpl.java:550)
11-06 10:33:19.226 22164 22207 W System.err: 	at sun.nio.ch.DatagramChannelImpl.send(DatagramChannelImpl.java:514)
11-06 10:33:19.226 22164 22207 W System.err: 	at symlab.CloudAR.network.TransmissionTask.run(TransmissionTask.java:124)
11-06 10:33:19.227 22164 22207 W System.err: 	at android.os.Handler.handleCallback(Handler.java:907)
11-06 10:33:19.227 22164 22207 W System.err: 	at android.os.Handler.dispatchMessage(Handler.java:105)
11-06 10:33:19.227 22164 22207 W System.err: 	at android.os.Looper.loop(Looper.java:216)
11-06 10:33:19.227 22164 22207 W System.err: 	at android.os.HandlerThread.run(HandlerThread.java:65)
11-06 10:33:19.300 22164 22207 W System.err: java.net.SocketException: Message too long
11-06 10:33:19.300 22164 22207 W System.err: 	at sun.nio.ch.DatagramChannelImpl.send0(Native Method)
11-06 10:33:19.300 22164 22207 W System.err: 	at sun.nio.ch.DatagramChannelImpl.sendFromNativeBuffer(DatagramChannelImpl.java:573)
11-06 10:33:19.300 22164 22207 W System.err: 	at sun.nio.ch.DatagramChannelImpl.send(DatagramChannelImpl.java:550)
11-06 10:33:19.300 22164 22207 W System.err: 	at sun.nio.ch.DatagramChannelImpl.send(DatagramChannelImpl.java:514)
11-06 10:33:19.300 22164 22207 W System.err: 	at symlab.CloudAR.network.TransmissionTask.run(TransmissionTask.java:124)
11-06 10:33:19.300 22164 22207 W System.err: 	at android.os.Handler.handleCallback(Handler.java:907)
11-06 10:33:19.300 22164 22207 W System.err: 	at android.os.Handler.dispatchMessage(Handler.java:105)
11-06 10:33:19.300 22164 22207 W System.err: 	at android.os.Looper.loop(Looper.java:216)
11-06 10:33:19.300 22164 22207 W System.err: 	at android.os.HandlerThread.run(HandlerThread.java:65)
11-06 10:33:19.326 22164 22207 W System.err: java.net.SocketException: Message too long
11-06 10:33:19.326 22164 22207 W System.err: 	at sun.nio.ch.DatagramChannelImpl.send0(Native Method)
11-06 10:33:19.326 22164 22207 W System.err: 	at sun.nio.ch.DatagramChannelImpl.sendFromNativeBuffer(DatagramChannelImpl.java:573)
11-06 10:33:19.327 22164 22207 W System.err: 	at sun.nio.ch.DatagramChannelImpl.send(DatagramChannelImpl.java:550)
11-06 10:33:19.327 22164 22207 W System.err: 	at sun.nio.ch.DatagramChannelImpl.send(DatagramChannelImpl.java:514)
11-06 10:33:19.327 22164 22207 W System.err: 	at symlab.CloudAR.network.TransmissionTask.run(TransmissionTask.java:124)
11-06 10:33:19.327 22164 22207 W System.err: 	at android.os.Handler.handleCallback(Handler.java:907)
11-06 10:33:19.327 22164 22207 W System.err: 	at android.os.Handler.dispatchMessage(Handler.java:105)
11-06 10:33:19.327 22164 22207 W System.err: 	at android.os.Looper.loop(Looper.java:216)
11-06 10:33:19.327 22164 22207 W System.err: 	at android.os.HandlerThread.run(HandlerThread.java:65)
11-06 10:33:19.355 22164 22207 W System.err: java.net.SocketException: Message too long
11-06 10:33:19.355 22164 22207 W System.err: 	at sun.nio.ch.DatagramChannelImpl.send0(Native Method)
11-06 10:33:19.355 22164 22207 W System.err: 	at sun.nio.ch.DatagramChannelImpl.sendFromNativeBuffer(DatagramChannelImpl.java:573)
11-06 10:33:19.355 22164 22207 W System.err: 	at sun.nio.ch.DatagramChannelImpl.send(DatagramChannelImpl.java:550)
11-06 10:33:19.355 22164 22207 W System.err: 	at sun.nio.ch.DatagramChannelImpl.send(DatagramChannelImpl.java:514)
11-06 10:33:19.355 22164 22207 W System.err: 	at symlab.CloudAR.network.TransmissionTask.run(TransmissionTask.java:124)
11-06 10:33:19.355 22164 22207 W System.err: 	at android.os.Handler.handleCallback(Handler.java:907)
11-06 10:33:19.355 22164 22207 W System.err: 	at android.os.Handler.dispatchMessage(Handler.java:105)
11-06 10:33:19.355 22164 22207 W System.err: 	at android.os.Looper.loop(Looper.java:216)
11-06 10:33:19.355 22164 22207 W System.err: 	at android.os.HandlerThread.run(HandlerThread.java:65)
11-06 10:33:19.394 22164 22207 W System.err: java.net.SocketException: Message too long
11-06 10:33:19.394 22164 22207 W System.err: 	at sun.nio.ch.DatagramChannelImpl.send0(Native Method)
11-06 10:33:19.394 22164 22207 W System.err: 	at sun.nio.ch.DatagramChannelImpl.sendFromNativeBuffer(DatagramChannelImpl.java:573)
11-06 10:33:19.394 22164 22207 W System.err: 	at sun.nio.ch.DatagramChannelImpl.send(DatagramChannelImpl.java:550)
11-06 10:33:19.394 22164 22207 W System.err: 	at sun.nio.ch.DatagramChannelImpl.send(DatagramChannelImpl.java:514)
11-06 10:33:19.394 22164 22207 W System.err: 	at symlab.CloudAR.network.TransmissionTask.run(TransmissionTask.java:124)
11-06 10:33:19.394 22164 22207 W System.err: 	at android.os.Handler.handleCallback(Handler.java:907)
11-06 10:33:19.394 22164 22207 W System.err: 	at android.os.Handler.dispatchMessage(Handler.java:105)
11-06 10:33:19.394 22164 22207 W System.err: 	at android.os.Looper.loop(Looper.java:216)
11-06 10:33:19.394 22164 22207 W System.err: 	at android.os.HandlerThread.run(HandlerThread.java:65)
11-06 10:33:19.419 22164 22207 W System.err: java.net.SocketException: Message too long
11-06 10:33:19.419 22164 22207 W System.err: 	at sun.nio.ch.DatagramChannelImpl.send0(Native Method)
11-06 10:33:19.419 22164 22207 W System.err: 	at sun.nio.ch.DatagramChannelImpl.sendFromNativeBuffer(DatagramChannelImpl.java:573)
11-06 10:33:19.419 22164 22207 W System.err: 	at sun.nio.ch.DatagramChannelImpl.send(DatagramChannelImpl.java:550)
11-06 10:33:19.419 22164 22207 W System.err: 	at sun.nio.ch.DatagramChannelImpl.send(DatagramChannelImpl.java:514)
11-06 10:33:19.419 22164 22207 W System.err: 	at symlab.CloudAR.network.TransmissionTask.run(TransmissionTask.java:124)
11-06 10:33:19.419 22164 22207 W System.err: 	at android.os.Handler.handleCallback(Handler.java:907)
11-06 10:33:19.419 22164 22207 W System.err: 	at android.os.Handler.dispatchMessage(Handler.java:105)
11-06 10:33:19.419 22164 22207 W System.err: 	at android.os.Looper.loop(Looper.java:216)
11-06 10:33:19.419 22164 22207 W System.err: 	at android.os.HandlerThread.run(HandlerThread.java:65)
11-06 10:33:19.461 22164 22207 W System.err: java.net.SocketException: Message too long
11-06 10:33:19.461 22164 22207 W System.err: 	at sun.nio.ch.DatagramChannelImpl.send0(Native Method)
11-06 10:33:19.461 22164 22207 W System.err: 	at sun.nio.ch.DatagramChannelImpl.sendFromNativeBuffer(DatagramChannelImpl.java:573)
11-06 10:33:19.461 22164 22207 W System.err: 	at sun.nio.ch.DatagramChannelImpl.send(DatagramChannelImpl.java:550)
11-06 10:33:19.461 22164 22207 W System.err: 	at sun.nio.ch.DatagramChannelImpl.send(DatagramChannelImpl.java:514)
11-06 10:33:19.461 22164 22207 W System.err: 	at symlab.CloudAR.network.TransmissionTask.run(TransmissionTask.java:124)
11-06 10:33:19.461 22164 22207 W System.err: 	at android.os.Handler.handleCallback(Handler.java:907)
11-06 10:33:19.461 22164 22207 W System.err: 	at android.os.Handler.dispatchMessage(Handler.java:105)
11-06 10:33:19.461 22164 22207 W System.err: 	at android.os.Looper.loop(Looper.java:216)
11-06 10:33:19.461 22164 22207 W System.err: 	at android.os.HandlerThread.run(HandlerThread.java:65)
11-06 10:33:19.497 22164 22207 W System.err: java.net.SocketException: Message too long
11-06 10:33:19.497 22164 22207 W System.err: 	at sun.nio.ch.DatagramChannelImpl.send0(Native Method)
11-06 10:33:19.497 22164 22207 W System.err: 	at sun.nio.ch.DatagramChannelImpl.sendFromNativeBuffer(DatagramChannelImpl.java:573)
11-06 10:33:19.497 22164 22207 W System.err: 	at sun.nio.ch.DatagramChannelImpl.send(DatagramChannelImpl.java:550)
11-06 10:33:19.497 22164 22207 W System.err: 	at sun.nio.ch.DatagramChannelImpl.send(DatagramChannelImpl.java:514)
11-06 10:33:19.498 22164 22207 W System.err: 	at symlab.CloudAR.network.TransmissionTask.run(TransmissionTask.java:124)
11-06 10:33:19.498 22164 22207 W System.err: 	at android.os.Handler.handleCallback(Handler.java:907)
11-06 10:33:19.498 22164 22207 W System.err: 	at android.os.Handler.dispatchMessage(Handler.java:105)
11-06 10:33:19.498 22164 22207 W System.err: 	at android.os.Looper.loop(Looper.java:216)
11-06 10:33:19.498 22164 22207 W System.err: 	at android.os.HandlerThread.run(HandlerThread.java:65)
11-06 10:33:19.527 22164 22207 W System.err: java.net.SocketException: Message too long
11-06 10:33:19.527 22164 22207 W System.err: 	at sun.nio.ch.DatagramChannelImpl.send0(Native Method)
11-06 10:33:19.527 22164 22207 W System.err: 	at sun.nio.ch.DatagramChannelImpl.sendFromNativeBuffer(DatagramChannelImpl.java:573)
11-06 10:33:19.527 22164 22207 W System.err: 	at sun.nio.ch.DatagramChannelImpl.send(DatagramChannelImpl.java:550)
11-06 10:33:19.528 22164 22207 W System.err: 	at sun.nio.ch.DatagramChannelImpl.send(DatagramChannelImpl.java:514)
11-06 10:33:19.528 22164 22207 W System.err: 	at symlab.CloudAR.network.TransmissionTask.run(TransmissionTask.java:124)
11-06 10:33:19.528 22164 22207 W System.err: 	at android.os.Handler.handleCallback(Handler.java:907)
11-06 10:33:19.528 22164 22207 W System.err: 	at android.os.Handler.dispatchMessage(Handler.java:105)
11-06 10:33:19.528 22164 22207 W System.err: 	at android.os.Looper.loop(Looper.java:216)
11-06 10:33:19.528 22164 22207 W System.err: 	at android.os.HandlerThread.run(HandlerThread.java:65)
11-06 10:33:19.557 22164 22207 W System.err: java.net.SocketException: Message too long
11-06 10:33:19.558 22164 22207 W System.err: 	at sun.nio.ch.DatagramChannelImpl.send0(Native Method)
11-06 10:33:19.558 22164 22207 W System.err: 	at sun.nio.ch.DatagramChannelImpl.sendFromNativeBuffer(DatagramChannelImpl.java:573)
11-06 10:33:19.558 22164 22207 W System.err: 	at sun.nio.ch.DatagramChannelImpl.send(DatagramChannelImpl.java:550)
11-06 10:33:19.558 22164 22207 W System.err: 	at sun.nio.ch.DatagramChannelImpl.send(DatagramChannelImpl.java:514)
11-06 10:33:19.558 22164 22207 W System.err: 	at symlab.CloudAR.network.TransmissionTask.run(TransmissionTask.java:124)
11-06 10:33:19.558 22164 22207 W System.err: 	at android.os.Handler.handleCallback(Handler.java:907)
11-06 10:33:19.558 22164 22207 W System.err: 	at android.os.Handler.dispatchMessage(Handler.java:105)
11-06 10:33:19.558 22164 22207 W System.err: 	at android.os.Looper.loop(Looper.java:216)
11-06 10:33:19.558 22164 22207 W System.err: 	at android.os.HandlerThread.run(HandlerThread.java:65)
11-06 10:33:19.574 22164 22164 D Poster  : At 1573029199573 location is 65.05815875957566 (latitude), and 25.46879266339853 (longitude)
11-06 10:33:19.575 22164 22164 D Poster  : Connected to mobile network 20
11-06 10:33:19.607 22164 22207 D Evaluation: Frame 838 sent at 1573029199607
11-06 10:33:19.634 22164 22207 D Evaluation: Frame 839 sent at 1573029199634
11-06 10:33:19.657 22164 22207 D Evaluation: Frame 840 sent at 1573029199657
11-06 10:33:19.688 22164 22207 D Evaluation: Frame 841 sent at 1573029199687
11-06 10:33:19.731 22164 22207 D Evaluation: Frame 842 sent at 1573029199731
11-06 10:33:19.778 22164 22207 D Evaluation: Frame 844 sent at 1573029199778
11-06 10:33:19.795 22164 22207 W System.err: java.net.SocketException: Message too long
11-06 10:33:19.795 22164 22207 W System.err: 	at sun.nio.ch.DatagramChannelImpl.send0(Native Method)
11-06 10:33:19.795 22164 22207 W System.err: 	at sun.nio.ch.DatagramChannelImpl.sendFromNativeBuffer(DatagramChannelImpl.java:573)
11-06 10:33:19.795 22164 22207 W System.err: 	at sun.nio.ch.DatagramChannelImpl.send(DatagramChannelImpl.java:550)
11-06 10:33:19.795 22164 22207 W System.err: 	at sun.nio.ch.DatagramChannelImpl.send(DatagramChannelImpl.java:514)
11-06 10:33:19.795 22164 22207 W System.err: 	at symlab.CloudAR.network.TransmissionTask.run(TransmissionTask.java:124)
11-06 10:33:19.795 22164 22207 W System.err: 	at android.os.Handler.handleCallback(Handler.java:907)
11-06 10:33:19.795 22164 22207 W System.err: 	at android.os.Handler.dispatchMessage(Handler.java:105)
11-06 10:33:19.795 22164 22207 W System.err: 	at android.os.Looper.loop(Looper.java:216)
11-06 10:33:19.795 22164 22207 W System.err: 	at android.os.HandlerThread.run(HandlerThread.java:65)
11-06 10:33:19.823 22164 22207 W System.err: java.net.SocketException: Message too long
11-06 10:33:19.823 22164 22207 W System.err: 	at sun.nio.ch.DatagramChannelImpl.send0(Native Method)
11-06 10:33:19.823 22164 22207 W System.err: 	at sun.nio.ch.DatagramChannelImpl.sendFromNativeBuffer(DatagramChannelImpl.java:573)
11-06 10:33:19.823 22164 22207 W System.err: 	at sun.nio.ch.DatagramChannelImpl.send(DatagramChannelImpl.java:550)
11-06 10:33:19.823 22164 22207 W System.err: 	at sun.nio.ch.DatagramChannelImpl.send(DatagramChannelImpl.java:514)
11-06 10:33:19.823 22164 22207 W System.err: 	at symlab.CloudAR.network.TransmissionTask.run(TransmissionTask.java:124)
11-06 10:33:19.823 22164 22207 W System.err: 	at android.os.Handler.handleCallback(Handler.java:907)
11-06 10:33:19.823 22164 22207 W System.err: 	at android.os.Handler.dispatchMessage(Handler.java:105)
11-06 10:33:19.823 22164 22207 W System.err: 	at android.os.Looper.loop(Looper.java:216)
11-06 10:33:19.824 22164 22207 W System.err: 	at android.os.HandlerThread.run(HandlerThread.java:65)
11-06 10:33:19.860 22164 22207 W System.err: java.net.SocketException: Message too long
11-06 10:33:19.860 22164 22207 W System.err: 	at sun.nio.ch.DatagramChannelImpl.send0(Native Method)
11-06 10:33:19.860 22164 22207 W System.err: 	at sun.nio.ch.DatagramChannelImpl.sendFromNativeBuffer(DatagramChannelImpl.java:573)
11-06 10:33:19.860 22164 22207 W System.err: 	at sun.nio.ch.DatagramChannelImpl.send(DatagramChannelImpl.java:550)
11-06 10:33:19.860 22164 22207 W System.err: 	at sun.nio.ch.DatagramChannelImpl.send(DatagramChannelImpl.java:514)
11-06 10:33:19.860 22164 22207 W System.err: 	at symlab.CloudAR.network.TransmissionTask.run(TransmissionTask.java:124)
11-06 10:33:19.861 22164 22207 W System.err: 	at android.os.Handler.handleCallback(Handler.java:907)
11-06 10:33:19.861 22164 22207 W System.err: 	at android.os.Handler.dispatchMessage(Handler.java:105)
11-06 10:33:19.861 22164 22207 W System.err: 	at android.os.Looper.loop(Looper.java:216)
11-06 10:33:19.861 22164 22207 W System.err: 	at android.os.HandlerThread.run(HandlerThread.java:65)
11-06 10:33:19.885 22164 22207 D Evaluation: Frame 847 sent at 1573029199885
11-06 10:33:19.923 22164 22207 D Evaluation: Frame 848 sent at 1573029199923
11-06 10:33:19.954 22164 22207 D Evaluation: Frame 849 sent at 1573029199954
11-06 10:33:19.985 22164 22207 W System.err: java.net.SocketException: Message too long
11-06 10:33:19.985 22164 22207 W System.err: 	at sun.nio.ch.DatagramChannelImpl.send0(Native Method)
11-06 10:33:19.985 22164 22207 W System.err: 	at sun.nio.ch.DatagramChannelImpl.sendFromNativeBuffer(DatagramChannelImpl.java:573)
11-06 10:33:19.985 22164 22207 W System.err: 	at sun.nio.ch.DatagramChannelImpl.send(DatagramChannelImpl.java:550)
11-06 10:33:19.985 22164 22207 W System.err: 	at sun.nio.ch.DatagramChannelImpl.send(DatagramChannelImpl.java:514)
11-06 10:33:19.985 22164 22207 W System.err: 	at symlab.CloudAR.network.TransmissionTask.run(TransmissionTask.java:124)
11-06 10:33:19.985 22164 22207 W System.err: 	at android.os.Handler.handleCallback(Handler.java:907)
11-06 10:33:19.985 22164 22207 W System.err: 	at android.os.Handler.dispatchMessage(Handler.java:105)
11-06 10:33:19.985 22164 22207 W System.err: 	at android.os.Looper.loop(Looper.java:216)
11-06 10:33:19.985 22164 22207 W System.err: 	at android.os.HandlerThread.run(HandlerThread.java:65)
11-06 10:33:20.020 22164 22179 E         : [ZeroHung]zrhung_get_config: Get config failed for wp[0x0008]
11-06 10:33:20.020 22164 22207 W System.err: java.net.SocketException: Message too long
11-06 10:33:20.020 22164 22207 W System.err: 	at sun.nio.ch.DatagramChannelImpl.send0(Native Method)
11-06 10:33:20.020 22164 22207 W System.err: 	at sun.nio.ch.DatagramChannelImpl.sendFromNativeBuffer(DatagramChannelImpl.java:573)
11-06 10:33:20.020 22164 22207 W System.err: 	at sun.nio.ch.DatagramChannelImpl.send(DatagramChannelImpl.java:550)
11-06 10:33:20.020 22164 22207 W System.err: 	at sun.nio.ch.DatagramChannelImpl.send(DatagramChannelImpl.java:514)
11-06 10:33:20.020 22164 22207 W System.err: 	at symlab.CloudAR.network.TransmissionTask.run(TransmissionTask.java:124)
11-06 10:33:20.020 22164 22207 W System.err: 	at android.os.Handler.handleCallback(Handler.java:907)
11-06 10:33:20.020 22164 22207 W System.err: 	at android.os.Handler.dispatchMessage(Handler.java:105)
11-06 10:33:20.020 22164 22207 W System.err: 	at android.os.Looper.loop(Looper.java:216)
11-06 10:33:20.020 22164 22207 W System.err: 	at android.os.HandlerThread.run(HandlerThread.java:65)
11-06 10:33:20.064 22164 22207 W System.err: java.net.SocketException: Message too long
11-06 10:33:20.064 22164 22207 W System.err: 	at sun.nio.ch.DatagramChannelImpl.send0(Native Method)
11-06 10:33:20.064 22164 22207 W System.err: 	at sun.nio.ch.DatagramChannelImpl.sendFromNativeBuffer(DatagramChannelImpl.java:573)
11-06 10:33:20.064 22164 22207 W System.err: 	at sun.nio.ch.DatagramChannelImpl.send(DatagramChannelImpl.java:550)
11-06 10:33:20.064 22164 22207 W System.err: 	at sun.nio.ch.DatagramChannelImpl.send(DatagramChannelImpl.java:514)
11-06 10:33:20.064 22164 22207 W System.err: 	at symlab.CloudAR.network.TransmissionTask.run(TransmissionTask.java:124)
11-06 10:33:20.064 22164 22207 W System.err: 	at android.os.Handler.handleCallback(Handler.java:907)
11-06 10:33:20.064 22164 22207 W System.err: 	at android.os.Handler.dispatchMessage(Handler.java:105)
11-06 10:33:20.064 22164 22207 W System.err: 	at android.os.Looper.loop(Looper.java:216)
11-06 10:33:20.064 22164 22207 W System.err: 	at android.os.HandlerThread.run(HandlerThread.java:65)
11-06 10:33:20.092 22164 22207 W System.err: java.net.SocketException: Message too long
11-06 10:33:20.092 22164 22207 W System.err: 	at sun.nio.ch.DatagramChannelImpl.send0(Native Method)
11-06 10:33:20.092 22164 22207 W System.err: 	at sun.nio.ch.DatagramChannelImpl.sendFromNativeBuffer(DatagramChannelImpl.java:573)
11-06 10:33:20.092 22164 22207 W System.err: 	at sun.nio.ch.DatagramChannelImpl.send(DatagramChannelImpl.java:550)
11-06 10:33:20.092 22164 22207 W System.err: 	at sun.nio.ch.DatagramChannelImpl.send(DatagramChannelImpl.java:514)
11-06 10:33:20.092 22164 22207 W System.err: 	at symlab.CloudAR.network.TransmissionTask.run(TransmissionTask.java:124)
11-06 10:33:20.092 22164 22207 W System.err: 	at android.os.Handler.handleCallback(Handler.java:907)
11-06 10:33:20.092 22164 22207 W System.err: 	at android.os.Handler.dispatchMessage(Handler.java:105)
11-06 10:33:20.092 22164 22207 W System.err: 	at android.os.Looper.loop(Looper.java:216)
11-06 10:33:20.092 22164 22207 W System.err: 	at android.os.HandlerThread.run(HandlerThread.java:65)
11-06 10:33:20.123 22164 22207 W System.err: java.net.SocketException: Message too long
11-06 10:33:20.123 22164 22207 W System.err: 	at sun.nio.ch.DatagramChannelImpl.send0(Native Method)
11-06 10:33:20.123 22164 22207 W System.err: 	at sun.nio.ch.DatagramChannelImpl.sendFromNativeBuffer(DatagramChannelImpl.java:573)
11-06 10:33:20.123 22164 22207 W System.err: 	at sun.nio.ch.DatagramChannelImpl.send(DatagramChannelImpl.java:550)
11-06 10:33:20.123 22164 22207 W System.err: 	at sun.nio.ch.DatagramChannelImpl.send(DatagramChannelImpl.java:514)
11-06 10:33:20.123 22164 22207 W System.err: 	at symlab.CloudAR.network.TransmissionTask.run(TransmissionTask.java:124)
11-06 10:33:20.123 22164 22207 W System.err: 	at android.os.Handler.handleCallback(Handler.java:907)
11-06 10:33:20.123 22164 22207 W System.err: 	at android.os.Handler.dispatchMessage(Handler.java:105)
11-06 10:33:20.123 22164 22207 W System.err: 	at android.os.Looper.loop(Looper.java:216)
11-06 10:33:20.123 22164 22207 W System.err: 	at android.os.HandlerThread.run(HandlerThread.java:65)
11-06 10:33:20.157 22164 22207 W System.err: java.net.SocketException: Message too long
11-06 10:33:20.158 22164 22207 W System.err: 	at sun.nio.ch.DatagramChannelImpl.send0(Native Method)
11-06 10:33:20.158 22164 22207 W System.err: 	at sun.nio.ch.DatagramChannelImpl.sendFromNativeBuffer(DatagramChannelImpl.java:573)
11-06 10:33:20.158 22164 22207 W System.err: 	at sun.nio.ch.DatagramChannelImpl.send(DatagramChannelImpl.java:550)
11-06 10:33:20.158 22164 22207 W System.err: 	at sun.nio.ch.DatagramChannelImpl.send(DatagramChannelImpl.java:514)
11-06 10:33:20.158 22164 22207 W System.err: 	at symlab.CloudAR.network.TransmissionTask.run(TransmissionTask.java:124)
11-06 10:33:20.158 22164 22207 W System.err: 	at android.os.Handler.handleCallback(Handler.java:907)
11-06 10:33:20.158 22164 22207 W System.err: 	at android.os.Handler.dispatchMessage(Handler.java:105)
11-06 10:33:20.158 22164 22207 W System.err: 	at android.os.Looper.loop(Looper.java:216)
11-06 10:33:20.158 22164 22207 W System.err: 	at android.os.HandlerThread.run(HandlerThread.java:65)
11-06 10:33:20.192 22164 22207 D Evaluation: Frame 856 sent at 1573029200192
11-06 10:33:20.227 22164 22207 W System.err: java.net.SocketException: Message too long
11-06 10:33:20.227 22164 22207 W System.err: 	at sun.nio.ch.DatagramChannelImpl.send0(Native Method)
11-06 10:33:20.227 22164 22207 W System.err: 	at sun.nio.ch.DatagramChannelImpl.sendFromNativeBuffer(DatagramChannelImpl.java:573)
11-06 10:33:20.227 22164 22207 W System.err: 	at sun.nio.ch.DatagramChannelImpl.send(DatagramChannelImpl.java:550)
11-06 10:33:20.227 22164 22207 W System.err: 	at sun.nio.ch.DatagramChannelImpl.send(DatagramChannelImpl.java:514)
11-06 10:33:20.227 22164 22207 W System.err: 	at symlab.CloudAR.network.TransmissionTask.run(TransmissionTask.java:124)
11-06 10:33:20.227 22164 22207 W System.err: 	at android.os.Handler.handleCallback(Handler.java:907)
11-06 10:33:20.227 22164 22207 W System.err: 	at android.os.Handler.dispatchMessage(Handler.java:105)
11-06 10:33:20.227 22164 22207 W System.err: 	at android.os.Looper.loop(Looper.java:216)
11-06 10:33:20.227 22164 22207 W System.err: 	at android.os.HandlerThread.run(HandlerThread.java:65)
11-06 10:33:20.263 22164 22207 W System.err: java.net.SocketException: Message too long
11-06 10:33:20.263 22164 22207 W System.err: 	at sun.nio.ch.DatagramChannelImpl.send0(Native Method)
11-06 10:33:20.263 22164 22207 W System.err: 	at sun.nio.ch.DatagramChannelImpl.sendFromNativeBuffer(DatagramChannelImpl.java:573)
11-06 10:33:20.263 22164 22207 W System.err: 	at sun.nio.ch.DatagramChannelImpl.send(DatagramChannelImpl.java:550)
11-06 10:33:20.263 22164 22207 W System.err: 	at sun.nio.ch.DatagramChannelImpl.send(DatagramChannelImpl.java:514)
11-06 10:33:20.263 22164 22207 W System.err: 	at symlab.CloudAR.network.TransmissionTask.run(TransmissionTask.java:124)
11-06 10:33:20.263 22164 22207 W System.err: 	at android.os.Handler.handleCallback(Handler.java:907)
11-06 10:33:20.263 22164 22207 W System.err: 	at android.os.Handler.dispatchMessage(Handler.java:105)
11-06 10:33:20.263 22164 22207 W System.err: 	at android.os.Looper.loop(Looper.java:216)
11-06 10:33:20.263 22164 22207 W System.err: 	at android.os.HandlerThread.run(HandlerThread.java:65)
11-06 10:33:20.297 22164 22207 D Evaluation: Frame 859 sent at 1573029200297
11-06 10:33:20.330 22164 22207 D Evaluation: Frame 860 sent at 1573029200330
11-06 10:33:20.359 22164 22207 D Evaluation: Frame 861 sent at 1573029200359
11-06 10:33:20.400 22164 22207 D Evaluation: Frame 862 sent at 1573029200400
11-06 10:33:20.426 22164 22207 D Evaluation: Frame 863 sent at 1573029200426
11-06 10:33:20.472 22164 22207 D Evaluation: Frame 864 sent at 1573029200472
11-06 10:33:20.504 22164 22207 W System.err: java.net.SocketException: Message too long
11-06 10:33:20.504 22164 22207 W System.err: 	at sun.nio.ch.DatagramChannelImpl.send0(Native Method)
11-06 10:33:20.504 22164 22207 W System.err: 	at sun.nio.ch.DatagramChannelImpl.sendFromNativeBuffer(DatagramChannelImpl.java:573)
11-06 10:33:20.504 22164 22207 W System.err: 	at sun.nio.ch.DatagramChannelImpl.send(DatagramChannelImpl.java:550)
11-06 10:33:20.504 22164 22207 W System.err: 	at sun.nio.ch.DatagramChannelImpl.send(DatagramChannelImpl.java:514)
11-06 10:33:20.504 22164 22207 W System.err: 	at symlab.CloudAR.network.TransmissionTask.run(TransmissionTask.java:124)
11-06 10:33:20.505 22164 22207 W System.err: 	at android.os.Handler.handleCallback(Handler.java:907)
11-06 10:33:20.505 22164 22207 W System.err: 	at android.os.Handler.dispatchMessage(Handler.java:105)
11-06 10:33:20.505 22164 22207 W System.err: 	at android.os.Looper.loop(Looper.java:216)
11-06 10:33:20.505 22164 22207 W System.err: 	at android.os.HandlerThread.run(HandlerThread.java:65)
11-06 10:33:20.538 22164 22207 W System.err: java.net.SocketException: Message too long
11-06 10:33:20.538 22164 22207 W System.err: 	at sun.nio.ch.DatagramChannelImpl.send0(Native Method)
11-06 10:33:20.538 22164 22207 W System.err: 	at sun.nio.ch.DatagramChannelImpl.sendFromNativeBuffer(DatagramChannelImpl.java:573)
11-06 10:33:20.538 22164 22207 W System.err: 	at sun.nio.ch.DatagramChannelImpl.send(DatagramChannelImpl.java:550)
11-06 10:33:20.538 22164 22207 W System.err: 	at sun.nio.ch.DatagramChannelImpl.send(DatagramChannelImpl.java:514)
11-06 10:33:20.538 22164 22207 W System.err: 	at symlab.CloudAR.network.TransmissionTask.run(TransmissionTask.java:124)
11-06 10:33:20.538 22164 22207 W System.err: 	at android.os.Handler.handleCallback(Handler.java:907)
11-06 10:33:20.538 22164 22207 W System.err: 	at android.os.Handler.dispatchMessage(Handler.java:105)
11-06 10:33:20.538 22164 22207 W System.err: 	at android.os.Looper.loop(Looper.java:216)
11-06 10:33:20.538 22164 22207 W System.err: 	at android.os.HandlerThread.run(HandlerThread.java:65)
11-06 10:33:20.563 22164 22207 W System.err: java.net.SocketException: Message too long
11-06 10:33:20.564 22164 22207 W System.err: 	at sun.nio.ch.DatagramChannelImpl.send0(Native Method)
11-06 10:33:20.564 22164 22207 W System.err: 	at sun.nio.ch.DatagramChannelImpl.sendFromNativeBuffer(DatagramChannelImpl.java:573)
11-06 10:33:20.564 22164 22207 W System.err: 	at sun.nio.ch.DatagramChannelImpl.send(DatagramChannelImpl.java:550)
11-06 10:33:20.564 22164 22207 W System.err: 	at sun.nio.ch.DatagramChannelImpl.send(DatagramChannelImpl.java:514)
11-06 10:33:20.564 22164 22207 W System.err: 	at symlab.CloudAR.network.TransmissionTask.run(TransmissionTask.java:124)
11-06 10:33:20.564 22164 22207 W System.err: 	at android.os.Handler.handleCallback(Handler.java:907)
11-06 10:33:20.564 22164 22207 W System.err: 	at android.os.Handler.dispatchMessage(Handler.java:105)
11-06 10:33:20.564 22164 22207 W System.err: 	at android.os.Looper.loop(Looper.java:216)
11-06 10:33:20.564 22164 22207 W System.err: 	at android.os.HandlerThread.run(HandlerThread.java:65)
11-06 10:33:20.594 22164 22164 D Poster  : At 1573029200593 location is 65.05816089057471 (latitude), and 25.468856202023563 (longitude)
11-06 10:33:20.597 22164 22164 D Poster  : Connected to mobile network 20
11-06 10:33:20.613 22164 22207 D Evaluation: Frame 868 sent at 1573029200613
11-06 10:33:20.638 22164 22207 D Evaluation: Frame 869 sent at 1573029200638
11-06 10:33:20.661 22164 22207 D Evaluation: Frame 870 sent at 1573029200661
11-06 10:33:20.697 22164 22207 D Evaluation: Frame 871 sent at 1573029200697
11-06 10:33:20.726 22164 22207 D Evaluation: Frame 872 sent at 1573029200726
11-06 10:33:20.765 22164 22207 D Evaluation: Frame 873 sent at 1573029200765
11-06 10:33:20.805 22164 22207 D Evaluation: Frame 874 sent at 1573029200805
11-06 10:33:20.841 22164 22207 D Evaluation: Frame 875 sent at 1573029200841
11-06 10:33:20.877 22164 22207 W System.err: java.net.SocketException: Message too long
11-06 10:33:20.878 22164 22207 W System.err: 	at sun.nio.ch.DatagramChannelImpl.send0(Native Method)
11-06 10:33:20.878 22164 22207 W System.err: 	at sun.nio.ch.DatagramChannelImpl.sendFromNativeBuffer(DatagramChannelImpl.java:573)
11-06 10:33:20.878 22164 22207 W System.err: 	at sun.nio.ch.DatagramChannelImpl.send(DatagramChannelImpl.java:550)
11-06 10:33:20.878 22164 22207 W System.err: 	at sun.nio.ch.DatagramChannelImpl.send(DatagramChannelImpl.java:514)
11-06 10:33:20.878 22164 22207 W System.err: 	at symlab.CloudAR.network.TransmissionTask.run(TransmissionTask.java:124)
11-06 10:33:20.878 22164 22207 W System.err: 	at android.os.Handler.handleCallback(Handler.java:907)
11-06 10:33:20.878 22164 22207 W System.err: 	at android.os.Handler.dispatchMessage(Handler.java:105)
11-06 10:33:20.878 22164 22207 W System.err: 	at android.os.Looper.loop(Looper.java:216)
11-06 10:33:20.878 22164 22207 W System.err: 	at android.os.HandlerThread.run(HandlerThread.java:65)
11-06 10:33:20.907 22164 22207 W System.err: java.net.SocketException: Message too long
11-06 10:33:20.908 22164 22207 W System.err: 	at sun.nio.ch.DatagramChannelImpl.send0(Native Method)
11-06 10:33:20.908 22164 22207 W System.err: 	at sun.nio.ch.DatagramChannelImpl.sendFromNativeBuffer(DatagramChannelImpl.java:573)
11-06 10:33:20.908 22164 22207 W System.err: 	at sun.nio.ch.DatagramChannelImpl.send(DatagramChannelImpl.java:550)
11-06 10:33:20.908 22164 22207 W System.err: 	at sun.nio.ch.DatagramChannelImpl.send(DatagramChannelImpl.java:514)
11-06 10:33:20.908 22164 22207 W System.err: 	at symlab.CloudAR.network.TransmissionTask.run(TransmissionTask.java:124)
11-06 10:33:20.908 22164 22207 W System.err: 	at android.os.Handler.handleCallback(Handler.java:907)
11-06 10:33:20.908 22164 22207 W System.err: 	at android.os.Handler.dispatchMessage(Handler.java:105)
11-06 10:33:20.908 22164 22207 W System.err: 	at android.os.Looper.loop(Looper.java:216)
11-06 10:33:20.908 22164 22207 W System.err: 	at android.os.HandlerThread.run(HandlerThread.java:65)
11-06 10:33:20.960 22164 22207 W System.err: java.net.SocketException: Message too long
11-06 10:33:20.960 22164 22207 W System.err: 	at sun.nio.ch.DatagramChannelImpl.send0(Native Method)
11-06 10:33:20.960 22164 22207 W System.err: 	at sun.nio.ch.DatagramChannelImpl.sendFromNativeBuffer(DatagramChannelImpl.java:573)
11-06 10:33:20.960 22164 22207 W System.err: 	at sun.nio.ch.DatagramChannelImpl.send(DatagramChannelImpl.java:550)
11-06 10:33:20.960 22164 22207 W System.err: 	at sun.nio.ch.DatagramChannelImpl.send(DatagramChannelImpl.java:514)
11-06 10:33:20.960 22164 22207 W System.err: 	at symlab.CloudAR.network.TransmissionTask.run(TransmissionTask.java:124)
11-06 10:33:20.960 22164 22207 W System.err: 	at android.os.Handler.handleCallback(Handler.java:907)
11-06 10:33:20.960 22164 22207 W System.err: 	at android.os.Handler.dispatchMessage(Handler.java:105)
11-06 10:33:20.960 22164 22207 W System.err: 	at android.os.Looper.loop(Looper.java:216)
11-06 10:33:20.960 22164 22207 W System.err: 	at android.os.HandlerThread.run(HandlerThread.java:65)
11-06 10:33:20.982 22164 22207 W System.err: java.net.SocketException: Message too long
11-06 10:33:20.982 22164 22207 W System.err: 	at sun.nio.ch.DatagramChannelImpl.send0(Native Method)
11-06 10:33:20.982 22164 22207 W System.err: 	at sun.nio.ch.DatagramChannelImpl.sendFromNativeBuffer(DatagramChannelImpl.java:573)
11-06 10:33:20.982 22164 22207 W System.err: 	at sun.nio.ch.DatagramChannelImpl.send(DatagramChannelImpl.java:550)
11-06 10:33:20.982 22164 22207 W System.err: 	at sun.nio.ch.DatagramChannelImpl.send(DatagramChannelImpl.java:514)
11-06 10:33:20.982 22164 22207 W System.err: 	at symlab.CloudAR.network.TransmissionTask.run(TransmissionTask.java:124)
11-06 10:33:20.982 22164 22207 W System.err: 	at android.os.Handler.handleCallback(Handler.java:907)
11-06 10:33:20.982 22164 22207 W System.err: 	at android.os.Handler.dispatchMessage(Handler.java:105)
11-06 10:33:20.982 22164 22207 W System.err: 	at android.os.Looper.loop(Looper.java:216)
11-06 10:33:20.982 22164 22207 W System.err: 	at android.os.HandlerThread.run(HandlerThread.java:65)
11-06 10:33:20.996 22164 22164 I Poster  :  onPause() called.
11-06 10:33:20.997 22164 22207 W System.err: java.net.SocketException: Message too long
11-06 10:33:20.997 22164 22207 W System.err: 	at sun.nio.ch.DatagramChannelImpl.send0(Native Method)
11-06 10:33:20.997 22164 22207 W System.err: 	at sun.nio.ch.DatagramChannelImpl.sendFromNativeBuffer(DatagramChannelImpl.java:573)
11-06 10:33:20.997 22164 22207 W System.err: 	at sun.nio.ch.DatagramChannelImpl.send(DatagramChannelImpl.java:550)
11-06 10:33:20.997 22164 22207 W System.err: 	at sun.nio.ch.DatagramChannelImpl.send(DatagramChannelImpl.java:514)
11-06 10:33:20.998 22164 22207 W System.err: 	at symlab.CloudAR.network.TransmissionTask.run(TransmissionTask.java:124)
11-06 10:33:20.998 22164 22207 W System.err: 	at android.os.Handler.handleCallback(Handler.java:907)
11-06 10:33:20.998 22164 22207 W System.err: 	at android.os.Handler.dispatchMessage(Handler.java:105)
11-06 10:33:20.998 22164 22207 W System.err: 	at android.os.Looper.loop(Looper.java:216)
11-06 10:33:20.998 22164 22207 W System.err: 	at android.os.HandlerThread.run(HandlerThread.java:65)
11-06 10:33:21.028 22164 22179 E         : [ZeroHung]zrhung_get_config: Get config failed for wp[0x0008]
11-06 10:33:21.112 22164 22164 I Camera  : close camera: 0, package name: symlab.cloudridar.arhud
11-06 10:33:21.112 22164 22164 I BackgroundPermManager: pkgName: symlab.cloudridar.arhud,pid: 22164 ,uidOf3RdApk: 10149 ,permType: 0 ,permCfg: 0
11-06 10:33:21.114 22164 22164 I HwCameraUtil: notifySurfaceFlingerCameraStatus : isFront = false , isOpend = false
11-06 10:33:21.149 22164 22164 D ZrHung.AppEyeUiProbe: stop checker.
11-06 10:33:21.168 22164 22164 I Poster  :  surfaceDestroyed() called.
11-06 10:33:21.168 22164 22164 D ViewRootImpl[MainActivity]: surface should not be released
11-06 10:33:21.168 22164 22164 I Poster  :  onStop() called.
11-06 10:33:21.182 22164 22224 W libEGL  : EGLNativeWindowType 0xef5f0008 disconnect failed
11-06 10:33:21.585 22164 22164 D Poster  : At 1573029201585 location is 65.05815680269686 (latitude), and 25.46887609908859 (longitude)
11-06 10:33:21.587 22164 22164 D Poster  : Connected to mobile network 20
11-06 10:33:21.602 22164 22164 D Latitude: status
11-06 10:33:21.994 22164 22198 D ZrHung.AppEyeUiProbe: Current Activity:false
11-06 10:33:21.995 22164 22198 D ZrHung.AppEyeUiProbe: not watching, wait.
11-06 10:33:22.136 22164 22164 I Poster  :  onDestroy() called.
11-06 10:33:22.136 22164 22164 D ActivityThread: Remove activity client record, r= ActivityRecord{fd66872 token=android.os.BinderProxy@8cd3ec5 {symlab.cloudridar.arhud/symlab.ARHUD.MainActivity}} token= android.os.BinderProxy@8cd3ec5
11-06 10:33:22.138 22164 22164 E BpSurfaceComposerClient: Failed to transact (-1)
11-06 10:33:22.138 22164 22164 E BpSurfaceComposerClient: Failed to transact (-1)
