--------- beginning of main
11-06 10:23:17.743 20453 20453 W logcat  : type=1400 audit(0.0:26354): avc: granted { create } for name="logcat_1573028597735.txt" scontext=u:r:untrusted_app:s0:c149,c256,c512,c768 tcontext=u:object_r:sdcardfs:s0:c149,c256,c512,c768 tclass=file
11-06 10:23:17.754 20429 20429 I MultiDex: Installing application
11-06 10:23:17.754 20429 20429 I MultiDex: VM has multidex support, MultiDex support library is disabled.
--------- beginning of system
11-06 10:23:17.758 20429 20429 V ActivityThread: callActivityOnCreate
11-06 10:23:17.758 20429 20429 I Poster  :  onCreate() called.
11-06 10:23:17.761 20429 20429 I HwApsImpl: APS: new HwApsImpl created
11-06 10:23:17.767 20429 20429 V HwWidgetFactory: : successes to get AllImpl object and return....
11-06 10:23:17.775 20429 20429 D OpenGLRenderer: Skia GL Pipeline
11-06 10:23:17.799 20429 20429 D Poster  : Server bound to IP 193.166.28.132 and port 52727
11-06 10:23:17.802 20429 20467 D Evaluation: metadata 0 sent 
11-06 10:23:17.803 20429 20429 D ActivityThread: add activity client record, r= ActivityRecord{fd66872 token=android.os.BinderProxy@8cd3ec5 {symlab.cloudridar.arhud/symlab.ARHUD.MainActivity}} token= android.os.BinderProxy@8cd3ec5
11-06 10:23:17.806 20429 20429 I Poster  :  onStart() called.
11-06 10:23:17.806 20429 20429 D ZrHung.AppEyeUiProbe: notify runnable to start.
11-06 10:23:17.808 20429 20429 I Poster  :  onResume() called.
11-06 10:23:17.813 20429 20429 I PermissionManager: camera remind result:true
11-06 10:23:17.813 20429 20429 I Camera  : open camera: 0, package name: symlab.cloudridar.arhud
11-06 10:23:17.813 20429 20429 I BackgroundPermManager: pkgName: symlab.cloudridar.arhud,pid: 20429 ,uidOf3RdApk: 10149 ,permType: 0 ,permCfg: 1
11-06 10:23:17.814 20429 20429 I HwCameraUtil: notifySurfaceFlingerCameraStatus : isFront = false , isOpend = true
11-06 10:23:17.826 20429 20429 D ActivityThread: isOptEnabled=false isWechatScanOpt=false
11-06 10:23:17.829 20429 20429 I HwSecImmHelper: mSecurityInputMethodService is null
11-06 10:23:17.835 20429 20429 D OpenGLRenderer:   HWUI Binary is  enabled
11-06 10:23:17.849 20429 20487 D HiTouch_PressGestureDetector: onAttached, package=symlab.cloudridar.arhud, windowType=1, mHiTouchRestricted=false
11-06 10:23:17.861 20429 20486 I ConfigStore: android::hardware::configstore::V1_0::ISurfaceFlingerConfigs::hasWideColorDisplay retrieved: 0
11-06 10:23:17.861 20429 20486 I ConfigStore: android::hardware::configstore::V1_0::ISurfaceFlingerConfigs::hasHDRDisplay retrieved: 0
11-06 10:23:17.861 20429 20486 I iGraphics: [0020080c] pn: symlab.cloudridar.arhud, p: 20429
11-06 10:23:17.861 20429 20486 I OpenGLRenderer: Initialized EGL, version 1.4, mEglDisplay 0x1
11-06 10:23:17.861 20429 20486 D OpenGLRenderer: Swap behavior 2
11-06 10:23:17.873 20429 20486 D mali_winsys: EGLint new_window_surface(egl_winsys_display *, void *, EGLSurface, EGLConfig, egl_winsys_surface **, EGLBoolean) returns 0x3000
11-06 10:23:17.878 20429 20429 I Poster  :  surfaceCreated() called.
11-06 10:23:17.878 20429 20429 I Poster  : initPreview() called
11-06 10:23:17.884 20429 20429 I PermissionManager: camera remind result:true
11-06 10:23:17.889 20429 20429 I Poster  :  surfaceChanged() called.
11-06 10:23:17.906 20429 20429 W InputMethodManager: startInputReason = 1
11-06 10:23:17.927 20429 20429 W InputMethodManager: startInputReason = 5
11-06 10:23:18.182 20429 20467 D Evaluation: metadata 1 sent 
11-06 10:23:18.207 20429 20467 D Evaluation: metadata 2 sent 
11-06 10:23:18.244 20429 20467 D Evaluation: metadata 3 sent 
11-06 10:23:18.278 20429 20467 D Evaluation: metadata 4 sent 
11-06 10:23:18.311 20429 20467 D Evaluation: metadata 5 sent 
11-06 10:23:18.371 20429 20467 D Evaluation: Frame 6 sent at 1573028598371
11-06 10:23:18.390 20429 20467 D Evaluation: Frame 7 sent at 1573028598390
11-06 10:23:18.424 20429 20467 D Evaluation: Frame 8 sent at 1573028598424
11-06 10:23:18.460 20429 20467 D Evaluation: Frame 9 sent at 1573028598460
11-06 10:23:18.498 20429 20467 D Evaluation: Frame 10 sent at 1573028598498
11-06 10:23:18.528 20429 20467 D Evaluation: Frame 11 sent at 1573028598528
11-06 10:23:18.559 20429 20467 D Evaluation: Frame 12 sent at 1573028598559
11-06 10:23:18.590 20429 20467 D Evaluation: Frame 13 sent at 1573028598590
11-06 10:23:18.623 20429 20467 D Evaluation: Frame 14 sent at 1573028598623
11-06 10:23:18.624 20429 20467 D Evaluation: 2 res for frame 6 received at 1573028598624
11-06 10:23:18.658 20429 20467 D Evaluation: Frame 15 sent at 1573028598658
11-06 10:23:18.689 20429 20467 D Evaluation: Frame 16 sent at 1573028598689
11-06 10:23:18.724 20429 20467 D Evaluation: Frame 17 sent at 1573028598724
11-06 10:23:18.760 20429 20467 D Evaluation: Frame 18 sent at 1573028598760
11-06 10:23:18.792 20429 20441 E         : [ZeroHung]zrhung_get_config: Get config failed for wp[0x0008]
11-06 10:23:18.793 20429 20467 D Evaluation: Frame 19 sent at 1573028598793
11-06 10:23:18.794 20429 20467 D Evaluation: 3 res for frame 7 received at 1573028598794
11-06 10:23:18.804 20429 20439 W System  : A resource failed to call close. 
11-06 10:23:18.804 20429 20439 W System  : A resource failed to call close. 
11-06 10:23:18.827 20429 20467 D Evaluation: Frame 20 sent at 1573028598827
11-06 10:23:18.860 20429 20467 D Evaluation: Frame 21 sent at 1573028598860
11-06 10:23:18.898 20429 20467 D Evaluation: Frame 22 sent at 1573028598898
11-06 10:23:18.932 20429 20467 D Evaluation: Frame 23 sent at 1573028598931
11-06 10:23:18.932 20429 20467 D Evaluation: 2 res for frame 8 received at 1573028598932
11-06 10:23:18.963 20429 20467 D Evaluation: Frame 24 sent at 1573028598963
11-06 10:23:18.994 20429 20467 D Evaluation: Frame 25 sent at 1573028598994
11-06 10:23:19.029 20429 20467 D Evaluation: Frame 26 sent at 1573028599029
11-06 10:23:19.068 20429 20467 W System.err: java.net.SocketException: Message too long
11-06 10:23:19.068 20429 20467 W System.err: 	at sun.nio.ch.DatagramChannelImpl.send0(Native Method)
11-06 10:23:19.068 20429 20467 W System.err: 	at sun.nio.ch.DatagramChannelImpl.sendFromNativeBuffer(DatagramChannelImpl.java:573)
11-06 10:23:19.068 20429 20467 W System.err: 	at sun.nio.ch.DatagramChannelImpl.send(DatagramChannelImpl.java:550)
11-06 10:23:19.068 20429 20467 W System.err: 	at sun.nio.ch.DatagramChannelImpl.send(DatagramChannelImpl.java:514)
11-06 10:23:19.068 20429 20467 W System.err: 	at symlab.CloudAR.network.TransmissionTask.run(TransmissionTask.java:124)
11-06 10:23:19.068 20429 20467 W System.err: 	at android.os.Handler.handleCallback(Handler.java:907)
11-06 10:23:19.068 20429 20467 W System.err: 	at android.os.Handler.dispatchMessage(Handler.java:105)
11-06 10:23:19.068 20429 20467 W System.err: 	at android.os.Looper.loop(Looper.java:216)
11-06 10:23:19.068 20429 20467 W System.err: 	at android.os.HandlerThread.run(HandlerThread.java:65)
11-06 10:23:19.110 20429 20467 D Evaluation: Frame 28 sent at 1573028599110
11-06 10:23:19.152 20429 20467 D Evaluation: Frame 29 sent at 1573028599152
11-06 10:23:19.183 20429 20467 D Evaluation: Frame 30 sent at 1573028599183
11-06 10:23:19.233 20429 20467 D Evaluation: Frame 31 sent at 1573028599233
11-06 10:23:19.254 20429 20467 W System.err: java.net.SocketException: Message too long
11-06 10:23:19.254 20429 20467 W System.err: 	at sun.nio.ch.DatagramChannelImpl.send0(Native Method)
11-06 10:23:19.254 20429 20467 W System.err: 	at sun.nio.ch.DatagramChannelImpl.sendFromNativeBuffer(DatagramChannelImpl.java:573)
11-06 10:23:19.254 20429 20467 W System.err: 	at sun.nio.ch.DatagramChannelImpl.send(DatagramChannelImpl.java:550)
11-06 10:23:19.254 20429 20467 W System.err: 	at sun.nio.ch.DatagramChannelImpl.send(DatagramChannelImpl.java:514)
11-06 10:23:19.254 20429 20467 W System.err: 	at symlab.CloudAR.network.TransmissionTask.run(TransmissionTask.java:124)
11-06 10:23:19.254 20429 20467 W System.err: 	at android.os.Handler.handleCallback(Handler.java:907)
11-06 10:23:19.254 20429 20467 W System.err: 	at android.os.Handler.dispatchMessage(Handler.java:105)
11-06 10:23:19.254 20429 20467 W System.err: 	at android.os.Looper.loop(Looper.java:216)
11-06 10:23:19.254 20429 20467 W System.err: 	at android.os.HandlerThread.run(HandlerThread.java:65)
11-06 10:23:19.279 20429 20467 D Evaluation: Frame 33 sent at 1573028599279
11-06 10:23:19.326 20429 20467 D Evaluation: Frame 34 sent at 1573028599326
11-06 10:23:19.350 20429 20467 W System.err: java.net.SocketException: Message too long
11-06 10:23:19.350 20429 20467 W System.err: 	at sun.nio.ch.DatagramChannelImpl.send0(Native Method)
11-06 10:23:19.350 20429 20467 W System.err: 	at sun.nio.ch.DatagramChannelImpl.sendFromNativeBuffer(DatagramChannelImpl.java:573)
11-06 10:23:19.350 20429 20467 W System.err: 	at sun.nio.ch.DatagramChannelImpl.send(DatagramChannelImpl.java:550)
11-06 10:23:19.350 20429 20467 W System.err: 	at sun.nio.ch.DatagramChannelImpl.send(DatagramChannelImpl.java:514)
11-06 10:23:19.350 20429 20467 W System.err: 	at symlab.CloudAR.network.TransmissionTask.run(TransmissionTask.java:124)
11-06 10:23:19.350 20429 20467 W System.err: 	at android.os.Handler.handleCallback(Handler.java:907)
11-06 10:23:19.350 20429 20467 W System.err: 	at android.os.Handler.dispatchMessage(Handler.java:105)
11-06 10:23:19.350 20429 20467 W System.err: 	at android.os.Looper.loop(Looper.java:216)
11-06 10:23:19.350 20429 20467 W System.err: 	at android.os.HandlerThread.run(HandlerThread.java:65)
11-06 10:23:19.386 20429 20467 D Evaluation: Frame 36 sent at 1573028599386
11-06 10:23:19.425 20429 20467 D Evaluation: Frame 37 sent at 1573028599425
11-06 10:23:19.458 20429 20467 W System.err: java.net.SocketException: Message too long
11-06 10:23:19.458 20429 20467 W System.err: 	at sun.nio.ch.DatagramChannelImpl.send0(Native Method)
11-06 10:23:19.458 20429 20467 W System.err: 	at sun.nio.ch.DatagramChannelImpl.sendFromNativeBuffer(DatagramChannelImpl.java:573)
11-06 10:23:19.458 20429 20467 W System.err: 	at sun.nio.ch.DatagramChannelImpl.send(DatagramChannelImpl.java:550)
11-06 10:23:19.459 20429 20467 W System.err: 	at sun.nio.ch.DatagramChannelImpl.send(DatagramChannelImpl.java:514)
11-06 10:23:19.459 20429 20467 W System.err: 	at symlab.CloudAR.network.TransmissionTask.run(TransmissionTask.java:124)
11-06 10:23:19.459 20429 20467 W System.err: 	at android.os.Handler.handleCallback(Handler.java:907)
11-06 10:23:19.459 20429 20467 W System.err: 	at android.os.Handler.dispatchMessage(Handler.java:105)
11-06 10:23:19.459 20429 20467 W System.err: 	at android.os.Looper.loop(Looper.java:216)
11-06 10:23:19.459 20429 20467 W System.err: 	at android.os.HandlerThread.run(HandlerThread.java:65)
11-06 10:23:19.492 20429 20467 D Evaluation: Frame 39 sent at 1573028599492
11-06 10:23:19.563 20429 20467 D Evaluation: Frame 40 sent at 1573028599563
11-06 10:23:19.596 20429 20467 D Evaluation: Frame 41 sent at 1573028599596
11-06 10:23:19.623 20429 20467 W System.err: java.net.SocketException: Message too long
11-06 10:23:19.624 20429 20467 W System.err: 	at sun.nio.ch.DatagramChannelImpl.send0(Native Method)
11-06 10:23:19.624 20429 20467 W System.err: 	at sun.nio.ch.DatagramChannelImpl.sendFromNativeBuffer(DatagramChannelImpl.java:573)
11-06 10:23:19.624 20429 20467 W System.err: 	at sun.nio.ch.DatagramChannelImpl.send(DatagramChannelImpl.java:550)
11-06 10:23:19.624 20429 20467 W System.err: 	at sun.nio.ch.DatagramChannelImpl.send(DatagramChannelImpl.java:514)
11-06 10:23:19.624 20429 20467 W System.err: 	at symlab.CloudAR.network.TransmissionTask.run(TransmissionTask.java:124)
11-06 10:23:19.624 20429 20467 W System.err: 	at android.os.Handler.handleCallback(Handler.java:907)
11-06 10:23:19.624 20429 20467 W System.err: 	at android.os.Handler.dispatchMessage(Handler.java:105)
11-06 10:23:19.624 20429 20467 W System.err: 	at android.os.Looper.loop(Looper.java:216)
11-06 10:23:19.624 20429 20467 W System.err: 	at android.os.HandlerThread.run(HandlerThread.java:65)
11-06 10:23:19.654 20429 20467 W System.err: java.net.SocketException: Message too long
11-06 10:23:19.654 20429 20467 W System.err: 	at sun.nio.ch.DatagramChannelImpl.send0(Native Method)
11-06 10:23:19.654 20429 20467 W System.err: 	at sun.nio.ch.DatagramChannelImpl.sendFromNativeBuffer(DatagramChannelImpl.java:573)
11-06 10:23:19.654 20429 20467 W System.err: 	at sun.nio.ch.DatagramChannelImpl.send(DatagramChannelImpl.java:550)
11-06 10:23:19.654 20429 20467 W System.err: 	at sun.nio.ch.DatagramChannelImpl.send(DatagramChannelImpl.java:514)
11-06 10:23:19.654 20429 20467 W System.err: 	at symlab.CloudAR.network.TransmissionTask.run(TransmissionTask.java:124)
11-06 10:23:19.654 20429 20467 W System.err: 	at android.os.Handler.handleCallback(Handler.java:907)
11-06 10:23:19.654 20429 20467 W System.err: 	at android.os.Handler.dispatchMessage(Handler.java:105)
11-06 10:23:19.654 20429 20467 W System.err: 	at android.os.Looper.loop(Looper.java:216)
11-06 10:23:19.655 20429 20467 W System.err: 	at android.os.HandlerThread.run(HandlerThread.java:65)
11-06 10:23:19.690 20429 20467 W System.err: java.net.SocketException: Message too long
11-06 10:23:19.690 20429 20467 W System.err: 	at sun.nio.ch.DatagramChannelImpl.send0(Native Method)
11-06 10:23:19.690 20429 20467 W System.err: 	at sun.nio.ch.DatagramChannelImpl.sendFromNativeBuffer(DatagramChannelImpl.java:573)
11-06 10:23:19.690 20429 20467 W System.err: 	at sun.nio.ch.DatagramChannelImpl.send(DatagramChannelImpl.java:550)
11-06 10:23:19.690 20429 20467 W System.err: 	at sun.nio.ch.DatagramChannelImpl.send(DatagramChannelImpl.java:514)
11-06 10:23:19.690 20429 20467 W System.err: 	at symlab.CloudAR.network.TransmissionTask.run(TransmissionTask.java:124)
11-06 10:23:19.691 20429 20467 W System.err: 	at android.os.Handler.handleCallback(Handler.java:907)
11-06 10:23:19.691 20429 20467 W System.err: 	at android.os.Handler.dispatchMessage(Handler.java:105)
11-06 10:23:19.691 20429 20467 W System.err: 	at android.os.Looper.loop(Looper.java:216)
11-06 10:23:19.691 20429 20467 W System.err: 	at android.os.HandlerThread.run(HandlerThread.java:65)
11-06 10:23:19.714 20429 20429 D stylus  : init stylus touchlistener.
11-06 10:23:19.719 20429 20429 W Settings: Setting device_provisioned has moved from android.provider.Settings.Secure to android.provider.Settings.Global.
11-06 10:23:19.720 20429 20467 W System.err: java.net.SocketException: Message too long
11-06 10:23:19.720 20429 20467 W System.err: 	at sun.nio.ch.DatagramChannelImpl.send0(Native Method)
11-06 10:23:19.720 20429 20467 W System.err: 	at sun.nio.ch.DatagramChannelImpl.sendFromNativeBuffer(DatagramChannelImpl.java:573)
11-06 10:23:19.720 20429 20467 W System.err: 	at sun.nio.ch.DatagramChannelImpl.send(DatagramChannelImpl.java:550)
11-06 10:23:19.720 20429 20467 W System.err: 	at sun.nio.ch.DatagramChannelImpl.send(DatagramChannelImpl.java:514)
11-06 10:23:19.720 20429 20467 W System.err: 	at symlab.CloudAR.network.TransmissionTask.run(TransmissionTask.java:124)
11-06 10:23:19.720 20429 20467 W System.err: 	at android.os.Handler.handleCallback(Handler.java:907)
11-06 10:23:19.720 20429 20467 W System.err: 	at android.os.Handler.dispatchMessage(Handler.java:105)
11-06 10:23:19.720 20429 20467 W System.err: 	at android.os.Looper.loop(Looper.java:216)
11-06 10:23:19.720 20429 20467 W System.err: 	at android.os.HandlerThread.run(HandlerThread.java:65)
11-06 10:23:19.720 20429 20429 V HiTouch_HiTouchSensor: User setup is finished.
11-06 10:23:19.753 20429 20467 W System.err: java.net.SocketException: Message too long
11-06 10:23:19.753 20429 20467 W System.err: 	at sun.nio.ch.DatagramChannelImpl.send0(Native Method)
11-06 10:23:19.753 20429 20467 W System.err: 	at sun.nio.ch.DatagramChannelImpl.sendFromNativeBuffer(DatagramChannelImpl.java:573)
11-06 10:23:19.753 20429 20467 W System.err: 	at sun.nio.ch.DatagramChannelImpl.send(DatagramChannelImpl.java:550)
11-06 10:23:19.753 20429 20467 W System.err: 	at sun.nio.ch.DatagramChannelImpl.send(DatagramChannelImpl.java:514)
11-06 10:23:19.753 20429 20467 W System.err: 	at symlab.CloudAR.network.TransmissionTask.run(TransmissionTask.java:124)
11-06 10:23:19.753 20429 20467 W System.err: 	at android.os.Handler.handleCallback(Handler.java:907)
11-06 10:23:19.753 20429 20467 W System.err: 	at android.os.Handler.dispatchMessage(Handler.java:105)
11-06 10:23:19.753 20429 20467 W System.err: 	at android.os.Looper.loop(Looper.java:216)
11-06 10:23:19.753 20429 20467 W System.err: 	at android.os.HandlerThread.run(HandlerThread.java:65)
11-06 10:23:19.788 20429 20467 D Evaluation: Frame 47 sent at 1573028599788
11-06 10:23:19.810 20429 20429 W HiTouch_PressGestureDetector: Touch pointer move a lot. The moving distance of X is:6.248459, limit is:60The moving distance of Y is:71.69395, limit is:60
11-06 10:23:19.817 20429 20441 E         : [ZeroHung]zrhung_get_config: Get config failed for wp[0x0008]
11-06 10:23:19.817 20429 20467 W System.err: java.net.SocketException: Message too long
11-06 10:23:19.817 20429 20467 W System.err: 	at sun.nio.ch.DatagramChannelImpl.send0(Native Method)
11-06 10:23:19.817 20429 20467 W System.err: 	at sun.nio.ch.DatagramChannelImpl.sendFromNativeBuffer(DatagramChannelImpl.java:573)
11-06 10:23:19.817 20429 20467 W System.err: 	at sun.nio.ch.DatagramChannelImpl.send(DatagramChannelImpl.java:550)
11-06 10:23:19.817 20429 20467 W System.err: 	at sun.nio.ch.DatagramChannelImpl.send(DatagramChannelImpl.java:514)
11-06 10:23:19.817 20429 20467 W System.err: 	at symlab.CloudAR.network.TransmissionTask.run(TransmissionTask.java:124)
11-06 10:23:19.817 20429 20467 W System.err: 	at android.os.Handler.handleCallback(Handler.java:907)
11-06 10:23:19.817 20429 20467 W System.err: 	at android.os.Handler.dispatchMessage(Handler.java:105)
11-06 10:23:19.817 20429 20467 W System.err: 	at android.os.Looper.loop(Looper.java:216)
11-06 10:23:19.818 20429 20467 W System.err: 	at android.os.HandlerThread.run(HandlerThread.java:65)
11-06 10:23:19.831 20429 20439 W System  : A resource failed to call close. 
11-06 10:23:19.832 20429 20439 I chatty  : uid=10149(symlab.cloudridar.arhud) FinalizerDaemon identical 2 lines
11-06 10:23:19.832 20429 20439 W System  : A resource failed to call close. 
11-06 10:23:19.860 20429 20467 D Evaluation: Frame 49 sent at 1573028599860
11-06 10:23:19.885 20429 20467 D Evaluation: Frame 50 sent at 1573028599885
11-06 10:23:19.914 20429 20467 D Evaluation: Frame 51 sent at 1573028599914
11-06 10:23:19.980 20429 20467 D Evaluation: Frame 52 sent at 1573028599980
11-06 10:23:20.012 20429 20467 D Evaluation: Frame 53 sent at 1573028600012
11-06 10:23:20.041 20429 20467 D Evaluation: Frame 54 sent at 1573028600041
11-06 10:23:20.086 20429 20467 W System.err: java.net.SocketException: Message too long
11-06 10:23:20.086 20429 20467 W System.err: 	at sun.nio.ch.DatagramChannelImpl.send0(Native Method)
11-06 10:23:20.086 20429 20467 W System.err: 	at sun.nio.ch.DatagramChannelImpl.sendFromNativeBuffer(DatagramChannelImpl.java:573)
11-06 10:23:20.086 20429 20467 W System.err: 	at sun.nio.ch.DatagramChannelImpl.send(DatagramChannelImpl.java:550)
11-06 10:23:20.086 20429 20467 W System.err: 	at sun.nio.ch.DatagramChannelImpl.send(DatagramChannelImpl.java:514)
11-06 10:23:20.086 20429 20467 W System.err: 	at symlab.CloudAR.network.TransmissionTask.run(TransmissionTask.java:124)
11-06 10:23:20.086 20429 20467 W System.err: 	at android.os.Handler.handleCallback(Handler.java:907)
11-06 10:23:20.086 20429 20467 W System.err: 	at android.os.Handler.dispatchMessage(Handler.java:105)
11-06 10:23:20.086 20429 20467 W System.err: 	at android.os.Looper.loop(Looper.java:216)
11-06 10:23:20.086 20429 20467 W System.err: 	at android.os.HandlerThread.run(HandlerThread.java:65)
11-06 10:23:20.113 20429 20467 W System.err: java.net.SocketException: Message too long
11-06 10:23:20.114 20429 20467 W System.err: 	at sun.nio.ch.DatagramChannelImpl.send0(Native Method)
11-06 10:23:20.114 20429 20467 W System.err: 	at sun.nio.ch.DatagramChannelImpl.sendFromNativeBuffer(DatagramChannelImpl.java:573)
11-06 10:23:20.114 20429 20467 W System.err: 	at sun.nio.ch.DatagramChannelImpl.send(DatagramChannelImpl.java:550)
11-06 10:23:20.114 20429 20467 W System.err: 	at sun.nio.ch.DatagramChannelImpl.send(DatagramChannelImpl.java:514)
11-06 10:23:20.114 20429 20467 W System.err: 	at symlab.CloudAR.network.TransmissionTask.run(TransmissionTask.java:124)
11-06 10:23:20.114 20429 20467 W System.err: 	at android.os.Handler.handleCallback(Handler.java:907)
11-06 10:23:20.114 20429 20467 W System.err: 	at android.os.Handler.dispatchMessage(Handler.java:105)
11-06 10:23:20.114 20429 20467 W System.err: 	at android.os.Looper.loop(Looper.java:216)
11-06 10:23:20.114 20429 20467 W System.err: 	at android.os.HandlerThread.run(HandlerThread.java:65)
11-06 10:23:20.141 20429 20467 W System.err: java.net.SocketException: Message too long
11-06 10:23:20.141 20429 20467 W System.err: 	at sun.nio.ch.DatagramChannelImpl.send0(Native Method)
11-06 10:23:20.141 20429 20467 W System.err: 	at sun.nio.ch.DatagramChannelImpl.sendFromNativeBuffer(DatagramChannelImpl.java:573)
11-06 10:23:20.141 20429 20467 W System.err: 	at sun.nio.ch.DatagramChannelImpl.send(DatagramChannelImpl.java:550)
11-06 10:23:20.141 20429 20467 W System.err: 	at sun.nio.ch.DatagramChannelImpl.send(DatagramChannelImpl.java:514)
11-06 10:23:20.141 20429 20467 W System.err: 	at symlab.CloudAR.network.TransmissionTask.run(TransmissionTask.java:124)
11-06 10:23:20.141 20429 20467 W System.err: 	at android.os.Handler.handleCallback(Handler.java:907)
11-06 10:23:20.141 20429 20467 W System.err: 	at android.os.Handler.dispatchMessage(Handler.java:105)
11-06 10:23:20.141 20429 20467 W System.err: 	at android.os.Looper.loop(Looper.java:216)
11-06 10:23:20.141 20429 20467 W System.err: 	at android.os.HandlerThread.run(HandlerThread.java:65)
11-06 10:23:20.191 20429 20467 W System.err: java.net.SocketException: Message too long
11-06 10:23:20.191 20429 20467 W System.err: 	at sun.nio.ch.DatagramChannelImpl.send0(Native Method)
11-06 10:23:20.191 20429 20467 W System.err: 	at sun.nio.ch.DatagramChannelImpl.sendFromNativeBuffer(DatagramChannelImpl.java:573)
11-06 10:23:20.191 20429 20467 W System.err: 	at sun.nio.ch.DatagramChannelImpl.send(DatagramChannelImpl.java:550)
11-06 10:23:20.191 20429 20467 W System.err: 	at sun.nio.ch.DatagramChannelImpl.send(DatagramChannelImpl.java:514)
11-06 10:23:20.191 20429 20467 W System.err: 	at symlab.CloudAR.network.TransmissionTask.run(TransmissionTask.java:124)
11-06 10:23:20.191 20429 20467 W System.err: 	at android.os.Handler.handleCallback(Handler.java:907)
11-06 10:23:20.191 20429 20467 W System.err: 	at android.os.Handler.dispatchMessage(Handler.java:105)
11-06 10:23:20.191 20429 20467 W System.err: 	at android.os.Looper.loop(Looper.java:216)
11-06 10:23:20.191 20429 20467 W System.err: 	at android.os.HandlerThread.run(HandlerThread.java:65)
11-06 10:23:20.220 20429 20467 W System.err: java.net.SocketException: Message too long
11-06 10:23:20.220 20429 20467 W System.err: 	at sun.nio.ch.DatagramChannelImpl.send0(Native Method)
11-06 10:23:20.220 20429 20467 W System.err: 	at sun.nio.ch.DatagramChannelImpl.sendFromNativeBuffer(DatagramChannelImpl.java:573)
11-06 10:23:20.220 20429 20467 W System.err: 	at sun.nio.ch.DatagramChannelImpl.send(DatagramChannelImpl.java:550)
11-06 10:23:20.220 20429 20467 W System.err: 	at sun.nio.ch.DatagramChannelImpl.send(DatagramChannelImpl.java:514)
11-06 10:23:20.221 20429 20467 W System.err: 	at symlab.CloudAR.network.TransmissionTask.run(TransmissionTask.java:124)
11-06 10:23:20.221 20429 20467 W System.err: 	at android.os.Handler.handleCallback(Handler.java:907)
11-06 10:23:20.221 20429 20467 W System.err: 	at android.os.Handler.dispatchMessage(Handler.java:105)
11-06 10:23:20.221 20429 20467 W System.err: 	at android.os.Looper.loop(Looper.java:216)
11-06 10:23:20.221 20429 20467 W System.err: 	at android.os.HandlerThread.run(HandlerThread.java:65)
11-06 10:23:20.245 20429 20467 W System.err: java.net.SocketException: Message too long
11-06 10:23:20.245 20429 20467 W System.err: 	at sun.nio.ch.DatagramChannelImpl.send0(Native Method)
11-06 10:23:20.245 20429 20467 W System.err: 	at sun.nio.ch.DatagramChannelImpl.sendFromNativeBuffer(DatagramChannelImpl.java:573)
11-06 10:23:20.245 20429 20467 W System.err: 	at sun.nio.ch.DatagramChannelImpl.send(DatagramChannelImpl.java:550)
11-06 10:23:20.246 20429 20467 W System.err: 	at sun.nio.ch.DatagramChannelImpl.send(DatagramChannelImpl.java:514)
11-06 10:23:20.246 20429 20467 W System.err: 	at symlab.CloudAR.network.TransmissionTask.run(TransmissionTask.java:124)
11-06 10:23:20.246 20429 20467 W System.err: 	at android.os.Handler.handleCallback(Handler.java:907)
11-06 10:23:20.246 20429 20467 W System.err: 	at android.os.Handler.dispatchMessage(Handler.java:105)
11-06 10:23:20.246 20429 20467 W System.err: 	at android.os.Looper.loop(Looper.java:216)
11-06 10:23:20.246 20429 20467 W System.err: 	at android.os.HandlerThread.run(HandlerThread.java:65)
11-06 10:23:20.283 20429 20467 W System.err: java.net.SocketException: Message too long
11-06 10:23:20.283 20429 20467 W System.err: 	at sun.nio.ch.DatagramChannelImpl.send0(Native Method)
11-06 10:23:20.283 20429 20467 W System.err: 	at sun.nio.ch.DatagramChannelImpl.sendFromNativeBuffer(DatagramChannelImpl.java:573)
11-06 10:23:20.283 20429 20467 W System.err: 	at sun.nio.ch.DatagramChannelImpl.send(DatagramChannelImpl.java:550)
11-06 10:23:20.283 20429 20467 W System.err: 	at sun.nio.ch.DatagramChannelImpl.send(DatagramChannelImpl.java:514)
11-06 10:23:20.283 20429 20467 W System.err: 	at symlab.CloudAR.network.TransmissionTask.run(TransmissionTask.java:124)
11-06 10:23:20.283 20429 20467 W System.err: 	at android.os.Handler.handleCallback(Handler.java:907)
11-06 10:23:20.283 20429 20467 W System.err: 	at android.os.Handler.dispatchMessage(Handler.java:105)
11-06 10:23:20.283 20429 20467 W System.err: 	at android.os.Looper.loop(Looper.java:216)
11-06 10:23:20.283 20429 20467 W System.err: 	at android.os.HandlerThread.run(HandlerThread.java:65)
11-06 10:23:20.317 20429 20467 W System.err: java.net.SocketException: Message too long
11-06 10:23:20.317 20429 20467 W System.err: 	at sun.nio.ch.DatagramChannelImpl.send0(Native Method)
11-06 10:23:20.317 20429 20467 W System.err: 	at sun.nio.ch.DatagramChannelImpl.sendFromNativeBuffer(DatagramChannelImpl.java:573)
11-06 10:23:20.317 20429 20467 W System.err: 	at sun.nio.ch.DatagramChannelImpl.send(DatagramChannelImpl.java:550)
11-06 10:23:20.317 20429 20467 W System.err: 	at sun.nio.ch.DatagramChannelImpl.send(DatagramChannelImpl.java:514)
11-06 10:23:20.317 20429 20467 W System.err: 	at symlab.CloudAR.network.TransmissionTask.run(TransmissionTask.java:124)
11-06 10:23:20.317 20429 20467 W System.err: 	at android.os.Handler.handleCallback(Handler.java:907)
11-06 10:23:20.317 20429 20467 W System.err: 	at android.os.Handler.dispatchMessage(Handler.java:105)
11-06 10:23:20.318 20429 20467 W System.err: 	at android.os.Looper.loop(Looper.java:216)
11-06 10:23:20.318 20429 20467 W System.err: 	at android.os.HandlerThread.run(HandlerThread.java:65)
11-06 10:23:20.319 20429 20467 D Evaluation: 5 res for frame 47 received at 1573028600319
11-06 10:23:20.354 20429 20467 D Evaluation: Frame 63 sent at 1573028600354
11-06 10:23:20.387 20429 20467 D Evaluation: Frame 64 sent at 1573028600387
11-06 10:23:20.422 20429 20467 D Evaluation: Frame 65 sent at 1573028600422
11-06 10:23:20.470 20429 20467 D Evaluation: Frame 66 sent at 1573028600470
11-06 10:23:20.490 20429 20467 D Evaluation: Frame 67 sent at 1573028600490
11-06 10:23:20.525 20429 20467 D Evaluation: Frame 68 sent at 1573028600525
11-06 10:23:20.554 20429 20467 D Evaluation: Frame 69 sent at 1573028600554
11-06 10:23:20.583 20429 20467 D Evaluation: Frame 70 sent at 1573028600583
11-06 10:23:20.622 20429 20467 D Evaluation: Frame 71 sent at 1573028600622
11-06 10:23:20.650 20429 20467 D Evaluation: Frame 72 sent at 1573028600650
11-06 10:23:20.691 20429 20467 D Evaluation: Frame 73 sent at 1573028600691
11-06 10:23:20.719 20429 20467 D Evaluation: Frame 74 sent at 1573028600719
11-06 10:23:20.759 20429 20467 D Evaluation: Frame 75 sent at 1573028600759
11-06 10:23:20.764 20429 20467 D Evaluation: 3 res for frame 63 received at 1573028600764
11-06 10:23:20.785 20429 20467 D Evaluation: Frame 76 sent at 1573028600785
11-06 10:23:20.829 20429 20467 D Evaluation: Frame 77 sent at 1573028600829
11-06 10:23:20.858 20429 20467 D Evaluation: Frame 78 sent at 1573028600858
11-06 10:23:20.896 20429 20467 D Evaluation: Frame 79 sent at 1573028600896
11-06 10:23:20.912 20429 20441 E         : [ZeroHung]zrhung_get_config: Get config failed for wp[0x0008]
11-06 10:23:20.913 20429 20467 D Evaluation: Frame 80 sent at 1573028600912
11-06 10:23:20.924 20429 20439 W System  : A resource failed to call close. 
11-06 10:23:20.925 20429 20439 I chatty  : uid=10149(symlab.cloudridar.arhud) FinalizerDaemon identical 2 lines
11-06 10:23:20.925 20429 20439 W System  : A resource failed to call close. 
11-06 10:23:20.954 20429 20467 D Evaluation: Frame 81 sent at 1573028600954
11-06 10:23:20.991 20429 20467 D Evaluation: Frame 82 sent at 1573028600991
11-06 10:23:21.027 20429 20467 D Evaluation: Frame 83 sent at 1573028601026
11-06 10:23:21.059 20429 20467 D Evaluation: Frame 84 sent at 1573028601059
11-06 10:23:21.088 20429 20467 D Evaluation: Frame 85 sent at 1573028601088
11-06 10:23:21.126 20429 20467 D Evaluation: Frame 86 sent at 1573028601126
11-06 10:23:21.157 20429 20467 D Evaluation: Frame 87 sent at 1573028601157
11-06 10:23:21.197 20429 20467 D Evaluation: Frame 88 sent at 1573028601197
11-06 10:23:21.226 20429 20467 D Evaluation: Frame 89 sent at 1573028601226
11-06 10:23:21.262 20429 20467 W System.err: java.net.SocketException: Message too long
11-06 10:23:21.263 20429 20467 W System.err: 	at sun.nio.ch.DatagramChannelImpl.send0(Native Method)
11-06 10:23:21.263 20429 20467 W System.err: 	at sun.nio.ch.DatagramChannelImpl.sendFromNativeBuffer(DatagramChannelImpl.java:573)
11-06 10:23:21.263 20429 20467 W System.err: 	at sun.nio.ch.DatagramChannelImpl.send(DatagramChannelImpl.java:550)
11-06 10:23:21.263 20429 20467 W System.err: 	at sun.nio.ch.DatagramChannelImpl.send(DatagramChannelImpl.java:514)
11-06 10:23:21.263 20429 20467 W System.err: 	at symlab.CloudAR.network.TransmissionTask.run(TransmissionTask.java:124)
11-06 10:23:21.263 20429 20467 W System.err: 	at android.os.Handler.handleCallback(Handler.java:907)
11-06 10:23:21.263 20429 20467 W System.err: 	at android.os.Handler.dispatchMessage(Handler.java:105)
11-06 10:23:21.263 20429 20467 W System.err: 	at android.os.Looper.loop(Looper.java:216)
11-06 10:23:21.263 20429 20467 W System.err: 	at android.os.HandlerThread.run(HandlerThread.java:65)
11-06 10:23:21.299 20429 20467 W System.err: java.net.SocketException: Message too long
11-06 10:23:21.300 20429 20467 W System.err: 	at sun.nio.ch.DatagramChannelImpl.send0(Native Method)
11-06 10:23:21.300 20429 20467 W System.err: 	at sun.nio.ch.DatagramChannelImpl.sendFromNativeBuffer(DatagramChannelImpl.java:573)
11-06 10:23:21.300 20429 20467 W System.err: 	at sun.nio.ch.DatagramChannelImpl.send(DatagramChannelImpl.java:550)
11-06 10:23:21.300 20429 20467 W System.err: 	at sun.nio.ch.DatagramChannelImpl.send(DatagramChannelImpl.java:514)
11-06 10:23:21.300 20429 20467 W System.err: 	at symlab.CloudAR.network.TransmissionTask.run(TransmissionTask.java:124)
11-06 10:23:21.300 20429 20467 W System.err: 	at android.os.Handler.handleCallback(Handler.java:907)
11-06 10:23:21.300 20429 20467 W System.err: 	at android.os.Handler.dispatchMessage(Handler.java:105)
11-06 10:23:21.300 20429 20467 W System.err: 	at android.os.Looper.loop(Looper.java:216)
11-06 10:23:21.300 20429 20467 W System.err: 	at android.os.HandlerThread.run(HandlerThread.java:65)
11-06 10:23:21.333 20429 20467 W System.err: java.net.SocketException: Message too long
11-06 10:23:21.334 20429 20467 W System.err: 	at sun.nio.ch.DatagramChannelImpl.send0(Native Method)
11-06 10:23:21.334 20429 20467 W System.err: 	at sun.nio.ch.DatagramChannelImpl.sendFromNativeBuffer(DatagramChannelImpl.java:573)
11-06 10:23:21.334 20429 20467 W System.err: 	at sun.nio.ch.DatagramChannelImpl.send(DatagramChannelImpl.java:550)
11-06 10:23:21.334 20429 20467 W System.err: 	at sun.nio.ch.DatagramChannelImpl.send(DatagramChannelImpl.java:514)
11-06 10:23:21.334 20429 20467 W System.err: 	at symlab.CloudAR.network.TransmissionTask.run(TransmissionTask.java:124)
11-06 10:23:21.334 20429 20467 W System.err: 	at android.os.Handler.handleCallback(Handler.java:907)
11-06 10:23:21.334 20429 20467 W System.err: 	at android.os.Handler.dispatchMessage(Handler.java:105)
11-06 10:23:21.334 20429 20467 W System.err: 	at android.os.Looper.loop(Looper.java:216)
11-06 10:23:21.334 20429 20467 W System.err: 	at android.os.HandlerThread.run(HandlerThread.java:65)
11-06 10:23:21.355 20429 20467 W System.err: java.net.SocketException: Message too long
11-06 10:23:21.355 20429 20467 W System.err: 	at sun.nio.ch.DatagramChannelImpl.send0(Native Method)
11-06 10:23:21.355 20429 20467 W System.err: 	at sun.nio.ch.DatagramChannelImpl.sendFromNativeBuffer(DatagramChannelImpl.java:573)
11-06 10:23:21.355 20429 20467 W System.err: 	at sun.nio.ch.DatagramChannelImpl.send(DatagramChannelImpl.java:550)
11-06 10:23:21.355 20429 20467 W System.err: 	at sun.nio.ch.DatagramChannelImpl.send(DatagramChannelImpl.java:514)
11-06 10:23:21.355 20429 20467 W System.err: 	at symlab.CloudAR.network.TransmissionTask.run(TransmissionTask.java:124)
11-06 10:23:21.355 20429 20467 W System.err: 	at android.os.Handler.handleCallback(Handler.java:907)
11-06 10:23:21.355 20429 20467 W System.err: 	at android.os.Handler.dispatchMessage(Handler.java:105)
11-06 10:23:21.355 20429 20467 W System.err: 	at android.os.Looper.loop(Looper.java:216)
11-06 10:23:21.355 20429 20467 W System.err: 	at android.os.HandlerThread.run(HandlerThread.java:65)
11-06 10:23:21.397 20429 20467 W System.err: java.net.SocketException: Message too long
11-06 10:23:21.397 20429 20467 W System.err: 	at sun.nio.ch.DatagramChannelImpl.send0(Native Method)
11-06 10:23:21.397 20429 20467 W System.err: 	at sun.nio.ch.DatagramChannelImpl.sendFromNativeBuffer(DatagramChannelImpl.java:573)
11-06 10:23:21.397 20429 20467 W System.err: 	at sun.nio.ch.DatagramChannelImpl.send(DatagramChannelImpl.java:550)
11-06 10:23:21.397 20429 20467 W System.err: 	at sun.nio.ch.DatagramChannelImpl.send(DatagramChannelImpl.java:514)
11-06 10:23:21.397 20429 20467 W System.err: 	at symlab.CloudAR.network.TransmissionTask.run(TransmissionTask.java:124)
11-06 10:23:21.397 20429 20467 W System.err: 	at android.os.Handler.handleCallback(Handler.java:907)
11-06 10:23:21.397 20429 20467 W System.err: 	at android.os.Handler.dispatchMessage(Handler.java:105)
11-06 10:23:21.397 20429 20467 W System.err: 	at android.os.Looper.loop(Looper.java:216)
11-06 10:23:21.397 20429 20467 W System.err: 	at android.os.HandlerThread.run(HandlerThread.java:65)
11-06 10:23:21.423 20429 20467 W System.err: java.net.SocketException: Message too long
11-06 10:23:21.423 20429 20467 W System.err: 	at sun.nio.ch.DatagramChannelImpl.send0(Native Method)
11-06 10:23:21.423 20429 20467 W System.err: 	at sun.nio.ch.DatagramChannelImpl.sendFromNativeBuffer(DatagramChannelImpl.java:573)
11-06 10:23:21.423 20429 20467 W System.err: 	at sun.nio.ch.DatagramChannelImpl.send(DatagramChannelImpl.java:550)
11-06 10:23:21.423 20429 20467 W System.err: 	at sun.nio.ch.DatagramChannelImpl.send(DatagramChannelImpl.java:514)
11-06 10:23:21.423 20429 20467 W System.err: 	at symlab.CloudAR.network.TransmissionTask.run(TransmissionTask.java:124)
11-06 10:23:21.423 20429 20467 W System.err: 	at android.os.Handler.handleCallback(Handler.java:907)
11-06 10:23:21.423 20429 20467 W System.err: 	at android.os.Handler.dispatchMessage(Handler.java:105)
11-06 10:23:21.423 20429 20467 W System.err: 	at android.os.Looper.loop(Looper.java:216)
11-06 10:23:21.423 20429 20467 W System.err: 	at android.os.HandlerThread.run(HandlerThread.java:65)
11-06 10:23:21.467 20429 20467 D Evaluation: Frame 96 sent at 1573028601467
11-06 10:23:21.493 20429 20467 D Evaluation: Frame 97 sent at 1573028601493
11-06 10:23:21.539 20429 20467 D Evaluation: Frame 98 sent at 1573028601539
11-06 10:23:21.561 20429 20467 W System.err: java.net.SocketException: Message too long
11-06 10:23:21.561 20429 20467 W System.err: 	at sun.nio.ch.DatagramChannelImpl.send0(Native Method)
11-06 10:23:21.561 20429 20467 W System.err: 	at sun.nio.ch.DatagramChannelImpl.sendFromNativeBuffer(DatagramChannelImpl.java:573)
11-06 10:23:21.562 20429 20467 W System.err: 	at sun.nio.ch.DatagramChannelImpl.send(DatagramChannelImpl.java:550)
11-06 10:23:21.562 20429 20467 W System.err: 	at sun.nio.ch.DatagramChannelImpl.send(DatagramChannelImpl.java:514)
11-06 10:23:21.562 20429 20467 W System.err: 	at symlab.CloudAR.network.TransmissionTask.run(TransmissionTask.java:124)
11-06 10:23:21.562 20429 20467 W System.err: 	at android.os.Handler.handleCallback(Handler.java:907)
11-06 10:23:21.562 20429 20467 W System.err: 	at android.os.Handler.dispatchMessage(Handler.java:105)
11-06 10:23:21.562 20429 20467 W System.err: 	at android.os.Looper.loop(Looper.java:216)
11-06 10:23:21.562 20429 20467 W System.err: 	at android.os.HandlerThread.run(HandlerThread.java:65)
11-06 10:23:21.589 20429 20467 D Evaluation: Frame 100 sent at 1573028601589
11-06 10:23:21.632 20429 20467 W System.err: java.net.SocketException: Message too long
11-06 10:23:21.632 20429 20467 W System.err: 	at sun.nio.ch.DatagramChannelImpl.send0(Native Method)
11-06 10:23:21.632 20429 20467 W System.err: 	at sun.nio.ch.DatagramChannelImpl.sendFromNativeBuffer(DatagramChannelImpl.java:573)
11-06 10:23:21.632 20429 20467 W System.err: 	at sun.nio.ch.DatagramChannelImpl.send(DatagramChannelImpl.java:550)
11-06 10:23:21.632 20429 20467 W System.err: 	at sun.nio.ch.DatagramChannelImpl.send(DatagramChannelImpl.java:514)
11-06 10:23:21.632 20429 20467 W System.err: 	at symlab.CloudAR.network.TransmissionTask.run(TransmissionTask.java:124)
11-06 10:23:21.632 20429 20467 W System.err: 	at android.os.Handler.handleCallback(Handler.java:907)
11-06 10:23:21.632 20429 20467 W System.err: 	at android.os.Handler.dispatchMessage(Handler.java:105)
11-06 10:23:21.632 20429 20467 W System.err: 	at android.os.Looper.loop(Looper.java:216)
11-06 10:23:21.632 20429 20467 W System.err: 	at android.os.HandlerThread.run(HandlerThread.java:65)
11-06 10:23:21.657 20429 20467 D Evaluation: Frame 102 sent at 1573028601657
11-06 10:23:21.702 20429 20467 D Evaluation: Frame 103 sent at 1573028601702
11-06 10:23:21.740 20429 20467 D Evaluation: Frame 104 sent at 1573028601740
11-06 10:23:21.758 20429 20467 D Evaluation: Frame 105 sent at 1573028601758
11-06 10:23:21.804 20429 20467 D Evaluation: Frame 106 sent at 1573028601804
11-06 10:23:21.830 20429 20467 D Evaluation: Frame 107 sent at 1573028601830
11-06 10:23:21.874 20429 20467 D Evaluation: Frame 108 sent at 1573028601874
11-06 10:23:21.898 20429 20467 D Evaluation: Frame 109 sent at 1573028601898
11-06 10:23:21.929 20429 20467 D Evaluation: Frame 110 sent at 1573028601929
11-06 10:23:21.971 20429 20467 D Evaluation: Frame 111 sent at 1573028601970
11-06 10:23:21.972 20429 20467 D Evaluation: 5 res for frame 96 received at 1573028601972
11-06 10:23:22.037 20429 20441 E         : [ZeroHung]zrhung_get_config: Get config failed for wp[0x0008]
11-06 10:23:22.038 20429 20467 D Evaluation: Frame 112 sent at 1573028602038
11-06 10:23:22.056 20429 20439 W System  : A resource failed to call close. 
11-06 10:23:22.056 20429 20439 W System  : A resource failed to call close. 
11-06 10:23:22.077 20429 20467 D Evaluation: Frame 113 sent at 1573028602077
11-06 10:23:22.094 20429 20467 D Evaluation: Frame 114 sent at 1573028602094
11-06 10:23:22.134 20429 20467 D Evaluation: Frame 115 sent at 1573028602134
11-06 10:23:22.161 20429 20467 D Evaluation: Frame 116 sent at 1573028602161
11-06 10:23:22.205 20429 20467 D Evaluation: Frame 117 sent at 1573028602205
11-06 10:23:22.231 20429 20467 D Evaluation: Frame 118 sent at 1573028602231
11-06 10:23:22.262 20429 20467 D Evaluation: Frame 119 sent at 1573028602262
11-06 10:23:22.296 20429 20467 D Evaluation: Frame 120 sent at 1573028602296
11-06 10:23:22.332 20429 20467 D Evaluation: Frame 121 sent at 1573028602332
11-06 10:23:22.363 20429 20467 D Evaluation: Frame 122 sent at 1573028602363
11-06 10:23:22.400 20429 20467 D Evaluation: Frame 123 sent at 1573028602400
11-06 10:23:22.431 20429 20467 D Evaluation: Frame 124 sent at 1573028602431
11-06 10:23:22.468 20429 20467 D Evaluation: Frame 125 sent at 1573028602468
11-06 10:23:22.499 20429 20467 D Evaluation: Frame 126 sent at 1573028602499
11-06 10:23:22.536 20429 20467 D Evaluation: Frame 127 sent at 1573028602536
11-06 10:23:22.564 20429 20467 D Evaluation: Frame 128 sent at 1573028602564
11-06 10:23:22.604 20429 20467 D Evaluation: Frame 129 sent at 1573028602604
11-06 10:23:22.633 20429 20467 D Evaluation: Frame 130 sent at 1573028602632
11-06 10:23:22.663 20429 20467 D Evaluation: Frame 131 sent at 1573028602663
11-06 10:23:22.702 20429 20467 D Evaluation: Frame 132 sent at 1573028602702
11-06 10:23:22.731 20429 20429 I AwareBitmapCacher: init lrucache size: 2097152 pid=20429
11-06 10:23:22.736 20429 20467 D Evaluation: Frame 133 sent at 1573028602736
11-06 10:23:22.766 20429 20467 D Evaluation: Frame 134 sent at 1573028602766
11-06 10:23:22.802 20429 20467 D Evaluation: Frame 135 sent at 1573028602801
11-06 10:23:22.837 20429 20467 D Evaluation: Frame 136 sent at 1573028602837
11-06 10:23:22.872 20429 20467 D Evaluation: Frame 137 sent at 1573028602872
11-06 10:23:22.902 20429 20467 D Evaluation: Frame 138 sent at 1573028602902
11-06 10:23:22.933 20429 20467 D Evaluation: Frame 139 sent at 1573028602933
11-06 10:23:22.964 20429 20467 D Evaluation: Frame 140 sent at 1573028602964
11-06 10:23:23.000 20429 20467 D Evaluation: Frame 141 sent at 1573028603000
11-06 10:23:23.045 20429 20467 D Evaluation: Frame 142 sent at 1573028603045
11-06 10:23:23.077 20429 20467 D Evaluation: Frame 143 sent at 1573028603077
11-06 10:23:23.109 20429 20467 D Evaluation: Frame 144 sent at 1573028603109
11-06 10:23:23.159 20429 20467 D Evaluation: Frame 145 sent at 1573028603159
11-06 10:23:23.174 20429 20467 D Evaluation: Frame 146 sent at 1573028603174
11-06 10:23:23.201 20429 20467 D Evaluation: Frame 147 sent at 1573028603201
11-06 10:23:23.234 20429 20467 D Evaluation: Frame 148 sent at 1573028603234
11-06 10:23:23.266 20429 20467 D Evaluation: Frame 149 sent at 1573028603266
11-06 10:23:23.304 20429 20467 D Evaluation: Frame 150 sent at 1573028603304
11-06 10:23:23.340 20429 20467 D Evaluation: Frame 151 sent at 1573028603340
11-06 10:23:23.383 20429 20467 D Evaluation: Frame 152 sent at 1573028603383
11-06 10:23:23.416 20429 20467 D Evaluation: Frame 153 sent at 1573028603416
11-06 10:23:23.445 20429 20467 D Evaluation: Frame 154 sent at 1573028603445
11-06 10:23:23.455 20429 20441 E         : [ZeroHung]zrhung_get_config: Get config failed for wp[0x0008]
11-06 10:23:23.474 20429 20467 D Evaluation: Frame 155 sent at 1573028603474
11-06 10:23:23.510 20429 20467 D Evaluation: Frame 156 sent at 1573028603510
11-06 10:23:23.536 20429 20467 D Evaluation: Frame 157 sent at 1573028603536
11-06 10:23:23.572 20429 20467 D Evaluation: Frame 158 sent at 1573028603572
11-06 10:23:23.604 20429 20467 D Evaluation: Frame 159 sent at 1573028603604
11-06 10:23:23.640 20429 20467 D Evaluation: Frame 160 sent at 1573028603640
11-06 10:23:23.689 20429 20467 D Evaluation: Frame 161 sent at 1573028603689
11-06 10:23:23.707 20429 20429 W HiTouch_PressGestureDetector: Touch pointer move a lot. The moving distance of X is:28.231934, limit is:60The moving distance of Y is:109.98979, limit is:60
11-06 10:23:23.725 20429 20467 D Evaluation: Frame 162 sent at 1573028603725
11-06 10:23:23.760 20429 20467 D Evaluation: Frame 163 sent at 1573028603760
11-06 10:23:23.779 20429 20467 D Evaluation: Frame 164 sent at 1573028603779
11-06 10:23:23.807 20429 20467 D Evaluation: Frame 165 sent at 1573028603807
11-06 10:23:23.844 20429 20467 D Evaluation: Frame 166 sent at 1573028603844
11-06 10:23:23.879 20429 20467 D Evaluation: Frame 167 sent at 1573028603879
11-06 10:23:23.942 20429 20467 D Evaluation: Frame 168 sent at 1573028603942
11-06 10:23:24.012 20429 20467 D Evaluation: Frame 169 sent at 1573028604012
11-06 10:23:24.049 20429 20467 D Evaluation: Frame 170 sent at 1573028604049
11-06 10:23:24.075 20429 20467 D Evaluation: Frame 171 sent at 1573028604075
11-06 10:23:24.117 20429 20467 D Evaluation: Frame 172 sent at 1573028604117
11-06 10:23:24.144 20429 20467 D Evaluation: Frame 173 sent at 1573028604144
11-06 10:23:24.184 20429 20467 D Evaluation: Frame 174 sent at 1573028604184
11-06 10:23:24.213 20429 20467 D Evaluation: Frame 175 sent at 1573028604213
11-06 10:23:24.245 20429 20467 D Evaluation: Frame 176 sent at 1573028604245
11-06 10:23:24.289 20429 20467 D Evaluation: Frame 177 sent at 1573028604289
11-06 10:23:24.309 20429 20467 D Evaluation: Frame 178 sent at 1573028604309
11-06 10:23:24.346 20429 20467 D Evaluation: Frame 179 sent at 1573028604346
11-06 10:23:24.386 20429 20467 D Evaluation: Frame 180 sent at 1573028604386
11-06 10:23:24.423 20429 20467 D Evaluation: Frame 181 sent at 1573028604423
11-06 10:23:24.448 20429 20467 D Evaluation: Frame 182 sent at 1573028604448
11-06 10:23:24.481 20429 20467 D Evaluation: Frame 183 sent at 1573028604481
11-06 10:23:24.514 20429 20467 D Evaluation: Frame 184 sent at 1573028604513
11-06 10:23:24.558 20429 20467 D Evaluation: Frame 185 sent at 1573028604558
11-06 10:23:24.578 20429 20467 D Evaluation: Frame 186 sent at 1573028604578
11-06 10:23:24.627 20429 20467 D Evaluation: Frame 187 sent at 1573028604627
11-06 10:23:24.648 20429 20467 D Evaluation: Frame 188 sent at 1573028604648
11-06 10:23:24.688 20429 20467 D Evaluation: Frame 189 sent at 1573028604688
11-06 10:23:24.725 20429 20467 D Evaluation: Frame 190 sent at 1573028604725
11-06 10:23:24.759 20429 20467 D Evaluation: Frame 191 sent at 1573028604759
11-06 10:23:24.789 20429 20467 D Evaluation: Frame 192 sent at 1573028604789
11-06 10:23:24.827 20429 20467 D Evaluation: Frame 193 sent at 1573028604827
11-06 10:23:24.852 20429 20467 D Evaluation: Frame 194 sent at 1573028604852
11-06 10:23:24.890 20429 20467 D Evaluation: Frame 195 sent at 1573028604890
11-06 10:23:24.919 20429 20467 D Evaluation: Frame 196 sent at 1573028604919
11-06 10:23:24.950 20429 20467 D Evaluation: Frame 197 sent at 1573028604950
11-06 10:23:24.983 20429 20441 E         : [ZeroHung]zrhung_get_config: Get config failed for wp[0x0008]
11-06 10:23:24.984 20429 20467 D Evaluation: Frame 198 sent at 1573028604984
11-06 10:23:25.024 20429 20467 D Evaluation: Frame 199 sent at 1573028605024
11-06 10:23:25.051 20429 20467 D Evaluation: Frame 200 sent at 1573028605051
11-06 10:23:25.105 20429 20467 D Evaluation: Frame 201 sent at 1573028605105
11-06 10:23:25.126 20429 20467 D Evaluation: Frame 202 sent at 1573028605126
11-06 10:23:25.159 20429 20467 D Evaluation: Frame 203 sent at 1573028605159
11-06 10:23:25.184 20429 20467 D Evaluation: Frame 204 sent at 1573028605184
11-06 10:23:25.228 20429 20467 D Evaluation: Frame 205 sent at 1573028605228
11-06 10:23:25.263 20429 20467 D Evaluation: Frame 206 sent at 1573028605263
11-06 10:23:25.285 20429 20467 D Evaluation: Frame 207 sent at 1573028605285
11-06 10:23:25.322 20429 20467 D Evaluation: Frame 208 sent at 1573028605322
11-06 10:23:25.356 20429 20467 D Evaluation: Frame 209 sent at 1573028605356
11-06 10:23:25.395 20429 20467 D Evaluation: Frame 210 sent at 1573028605395
11-06 10:23:25.421 20429 20467 D Evaluation: Frame 211 sent at 1573028605421
11-06 10:23:25.455 20429 20467 D Evaluation: Frame 212 sent at 1573028605454
11-06 10:23:25.485 20429 20467 D Evaluation: Frame 213 sent at 1573028605485
11-06 10:23:25.524 20429 20467 D Evaluation: Frame 214 sent at 1573028605524
11-06 10:23:25.564 20429 20467 D Evaluation: Frame 215 sent at 1573028605564
11-06 10:23:25.598 20429 20467 D Evaluation: Frame 216 sent at 1573028605598
11-06 10:23:25.627 20429 20467 D Evaluation: Frame 217 sent at 1573028605627
11-06 10:23:25.657 20429 20467 D Evaluation: Frame 218 sent at 1573028605657
11-06 10:23:25.690 20429 20467 D Evaluation: Frame 219 sent at 1573028605690
11-06 10:23:25.724 20429 20467 D Evaluation: Frame 220 sent at 1573028605724
11-06 10:23:25.759 20429 20467 D Evaluation: Frame 221 sent at 1573028605758
11-06 10:23:25.790 20429 20467 D Evaluation: Frame 222 sent at 1573028605790
11-06 10:23:25.832 20429 20467 D Evaluation: Frame 223 sent at 1573028605832
11-06 10:23:25.863 20429 20467 D Evaluation: Frame 224 sent at 1573028605863
11-06 10:23:25.912 20429 20467 D Evaluation: Frame 225 sent at 1573028605912
11-06 10:23:25.933 20429 20467 D Evaluation: Frame 226 sent at 1573028605933
11-06 10:23:25.960 20429 20467 D Evaluation: Frame 227 sent at 1573028605960
11-06 10:23:25.992 20429 20467 D Evaluation: Frame 228 sent at 1573028605992
11-06 10:23:26.026 20429 20467 D Evaluation: Frame 229 sent at 1573028606026
11-06 10:23:26.063 20429 20467 W System.err: java.net.SocketException: Message too long
11-06 10:23:26.063 20429 20467 W System.err: 	at sun.nio.ch.DatagramChannelImpl.send0(Native Method)
11-06 10:23:26.063 20429 20467 W System.err: 	at sun.nio.ch.DatagramChannelImpl.sendFromNativeBuffer(DatagramChannelImpl.java:573)
11-06 10:23:26.063 20429 20467 W System.err: 	at sun.nio.ch.DatagramChannelImpl.send(DatagramChannelImpl.java:550)
11-06 10:23:26.063 20429 20467 W System.err: 	at sun.nio.ch.DatagramChannelImpl.send(DatagramChannelImpl.java:514)
11-06 10:23:26.063 20429 20467 W System.err: 	at symlab.CloudAR.network.TransmissionTask.run(TransmissionTask.java:124)
