11-06 14:41:06.750 24222 24256 W System.err: 	at android.os.HandlerThread.run(HandlerThread.java:65)
11-06 14:41:06.772 24222 24222 W HiTouch_PressGestureDetector: Touch pointer move a lot. The moving distance of X is:27.402283, limit is:60The moving distance of Y is:85.902695, limit is:60
11-06 14:41:06.789 24222 24256 W System.err: java.net.SocketException: Message too long
11-06 14:41:06.789 24222 24256 W System.err: 	at sun.nio.ch.DatagramChannelImpl.send0(Native Method)
11-06 14:41:06.789 24222 24256 W System.err: 	at sun.nio.ch.DatagramChannelImpl.sendFromNativeBuffer(DatagramChannelImpl.java:573)
11-06 14:41:06.789 24222 24256 W System.err: 	at sun.nio.ch.DatagramChannelImpl.send(DatagramChannelImpl.java:550)
11-06 14:41:06.789 24222 24256 W System.err: 	at sun.nio.ch.DatagramChannelImpl.send(DatagramChannelImpl.java:514)
11-06 14:41:06.789 24222 24256 W System.err: 	at symlab.CloudAR.network.TransmissionTask.run(TransmissionTask.java:124)
11-06 14:41:06.789 24222 24256 W System.err: 	at android.os.Handler.handleCallback(Handler.java:907)
11-06 14:41:06.789 24222 24256 W System.err: 	at android.os.Handler.dispatchMessage(Handler.java:105)
11-06 14:41:06.789 24222 24256 W System.err: 	at android.os.Looper.loop(Looper.java:216)
11-06 14:41:06.789 24222 24256 W System.err: 	at android.os.HandlerThread.run(HandlerThread.java:65)
11-06 14:41:06.822 24222 24256 W System.err: java.net.SocketException: Message too long
11-06 14:41:06.822 24222 24256 W System.err: 	at sun.nio.ch.DatagramChannelImpl.send0(Native Method)
11-06 14:41:06.822 24222 24256 W System.err: 	at sun.nio.ch.DatagramChannelImpl.sendFromNativeBuffer(DatagramChannelImpl.java:573)
11-06 14:41:06.822 24222 24256 W System.err: 	at sun.nio.ch.DatagramChannelImpl.send(DatagramChannelImpl.java:550)
11-06 14:41:06.822 24222 24256 W System.err: 	at sun.nio.ch.DatagramChannelImpl.send(DatagramChannelImpl.java:514)
11-06 14:41:06.822 24222 24256 W System.err: 	at symlab.CloudAR.network.TransmissionTask.run(TransmissionTask.java:124)
11-06 14:41:06.822 24222 24256 W System.err: 	at android.os.Handler.handleCallback(Handler.java:907)
11-06 14:41:06.822 24222 24256 W System.err: 	at android.os.Handler.dispatchMessage(Handler.java:105)
11-06 14:41:06.822 24222 24256 W System.err: 	at android.os.Looper.loop(Looper.java:216)
11-06 14:41:06.822 24222 24256 W System.err: 	at android.os.HandlerThread.run(HandlerThread.java:65)
11-06 14:41:06.852 24222 24256 W System.err: java.net.SocketException: Message too long
11-06 14:41:06.852 24222 24256 W System.err: 	at sun.nio.ch.DatagramChannelImpl.send0(Native Method)
11-06 14:41:06.852 24222 24256 W System.err: 	at sun.nio.ch.DatagramChannelImpl.sendFromNativeBuffer(DatagramChannelImpl.java:573)
11-06 14:41:06.852 24222 24256 W System.err: 	at sun.nio.ch.DatagramChannelImpl.send(DatagramChannelImpl.java:550)
11-06 14:41:06.852 24222 24256 W System.err: 	at sun.nio.ch.DatagramChannelImpl.send(DatagramChannelImpl.java:514)
11-06 14:41:06.852 24222 24256 W System.err: 	at symlab.CloudAR.network.TransmissionTask.run(TransmissionTask.java:124)
11-06 14:41:06.852 24222 24256 W System.err: 	at android.os.Handler.handleCallback(Handler.java:907)
11-06 14:41:06.852 24222 24256 W System.err: 	at android.os.Handler.dispatchMessage(Handler.java:105)
11-06 14:41:06.852 24222 24256 W System.err: 	at android.os.Looper.loop(Looper.java:216)
11-06 14:41:06.852 24222 24256 W System.err: 	at android.os.HandlerThread.run(HandlerThread.java:65)
11-06 14:41:06.881 24222 24256 W System.err: java.net.SocketException: Message too long
11-06 14:41:06.881 24222 24256 W System.err: 	at sun.nio.ch.DatagramChannelImpl.send0(Native Method)
11-06 14:41:06.881 24222 24256 W System.err: 	at sun.nio.ch.DatagramChannelImpl.sendFromNativeBuffer(DatagramChannelImpl.java:573)
11-06 14:41:06.881 24222 24256 W System.err: 	at sun.nio.ch.DatagramChannelImpl.send(DatagramChannelImpl.java:550)
11-06 14:41:06.882 24222 24256 W System.err: 	at sun.nio.ch.DatagramChannelImpl.send(DatagramChannelImpl.java:514)
11-06 14:41:06.882 24222 24256 W System.err: 	at symlab.CloudAR.network.TransmissionTask.run(TransmissionTask.java:124)
11-06 14:41:06.882 24222 24256 W System.err: 	at android.os.Handler.handleCallback(Handler.java:907)
11-06 14:41:06.882 24222 24256 W System.err: 	at android.os.Handler.dispatchMessage(Handler.java:105)
11-06 14:41:06.882 24222 24256 W System.err: 	at android.os.Looper.loop(Looper.java:216)
11-06 14:41:06.882 24222 24256 W System.err: 	at android.os.HandlerThread.run(HandlerThread.java:65)
11-06 14:41:06.917 24222 24256 W System.err: java.net.SocketException: Message too long
11-06 14:41:06.917 24222 24256 W System.err: 	at sun.nio.ch.DatagramChannelImpl.send0(Native Method)
11-06 14:41:06.917 24222 24256 W System.err: 	at sun.nio.ch.DatagramChannelImpl.sendFromNativeBuffer(DatagramChannelImpl.java:573)
11-06 14:41:06.917 24222 24256 W System.err: 	at sun.nio.ch.DatagramChannelImpl.send(DatagramChannelImpl.java:550)
11-06 14:41:06.917 24222 24256 W System.err: 	at sun.nio.ch.DatagramChannelImpl.send(DatagramChannelImpl.java:514)
11-06 14:41:06.917 24222 24256 W System.err: 	at symlab.CloudAR.network.TransmissionTask.run(TransmissionTask.java:124)
11-06 14:41:06.917 24222 24256 W System.err: 	at android.os.Handler.handleCallback(Handler.java:907)
11-06 14:41:06.917 24222 24256 W System.err: 	at android.os.Handler.dispatchMessage(Handler.java:105)
11-06 14:41:06.917 24222 24256 W System.err: 	at android.os.Looper.loop(Looper.java:216)
11-06 14:41:06.917 24222 24256 W System.err: 	at android.os.HandlerThread.run(HandlerThread.java:65)
11-06 14:41:06.951 24222 24256 W System.err: java.net.SocketException: Message too long
11-06 14:41:06.951 24222 24256 W System.err: 	at sun.nio.ch.DatagramChannelImpl.send0(Native Method)
11-06 14:41:06.951 24222 24256 W System.err: 	at sun.nio.ch.DatagramChannelImpl.sendFromNativeBuffer(DatagramChannelImpl.java:573)
11-06 14:41:06.951 24222 24256 W System.err: 	at sun.nio.ch.DatagramChannelImpl.send(DatagramChannelImpl.java:550)
11-06 14:41:06.951 24222 24256 W System.err: 	at sun.nio.ch.DatagramChannelImpl.send(DatagramChannelImpl.java:514)
11-06 14:41:06.951 24222 24256 W System.err: 	at symlab.CloudAR.network.TransmissionTask.run(TransmissionTask.java:124)
11-06 14:41:06.951 24222 24256 W System.err: 	at android.os.Handler.handleCallback(Handler.java:907)
11-06 14:41:06.951 24222 24256 W System.err: 	at android.os.Handler.dispatchMessage(Handler.java:105)
11-06 14:41:06.951 24222 24256 W System.err: 	at android.os.Looper.loop(Looper.java:216)
11-06 14:41:06.951 24222 24256 W System.err: 	at android.os.HandlerThread.run(HandlerThread.java:65)
11-06 14:41:06.996 24222 24256 W System.err: java.net.SocketException: Message too long
11-06 14:41:06.996 24222 24256 W System.err: 	at sun.nio.ch.DatagramChannelImpl.send0(Native Method)
11-06 14:41:06.996 24222 24256 W System.err: 	at sun.nio.ch.DatagramChannelImpl.sendFromNativeBuffer(DatagramChannelImpl.java:573)
11-06 14:41:06.996 24222 24256 W System.err: 	at sun.nio.ch.DatagramChannelImpl.send(DatagramChannelImpl.java:550)
11-06 14:41:06.996 24222 24256 W System.err: 	at sun.nio.ch.DatagramChannelImpl.send(DatagramChannelImpl.java:514)
11-06 14:41:06.996 24222 24256 W System.err: 	at symlab.CloudAR.network.TransmissionTask.run(TransmissionTask.java:124)
11-06 14:41:06.996 24222 24256 W System.err: 	at android.os.Handler.handleCallback(Handler.java:907)
11-06 14:41:06.996 24222 24256 W System.err: 	at android.os.Handler.dispatchMessage(Handler.java:105)
11-06 14:41:06.996 24222 24256 W System.err: 	at android.os.Looper.loop(Looper.java:216)
11-06 14:41:06.996 24222 24256 W System.err: 	at android.os.HandlerThread.run(HandlerThread.java:65)
11-06 14:41:07.021 24222 24256 W System.err: java.net.SocketException: Message too long
11-06 14:41:07.021 24222 24256 W System.err: 	at sun.nio.ch.DatagramChannelImpl.send0(Native Method)
11-06 14:41:07.021 24222 24256 W System.err: 	at sun.nio.ch.DatagramChannelImpl.sendFromNativeBuffer(DatagramChannelImpl.java:573)
11-06 14:41:07.021 24222 24256 W System.err: 	at sun.nio.ch.DatagramChannelImpl.send(DatagramChannelImpl.java:550)
11-06 14:41:07.021 24222 24256 W System.err: 	at sun.nio.ch.DatagramChannelImpl.send(DatagramChannelImpl.java:514)
11-06 14:41:07.021 24222 24256 W System.err: 	at symlab.CloudAR.network.TransmissionTask.run(TransmissionTask.java:124)
11-06 14:41:07.021 24222 24256 W System.err: 	at android.os.Handler.handleCallback(Handler.java:907)
11-06 14:41:07.021 24222 24256 W System.err: 	at android.os.Handler.dispatchMessage(Handler.java:105)
11-06 14:41:07.021 24222 24256 W System.err: 	at android.os.Looper.loop(Looper.java:216)
11-06 14:41:07.021 24222 24256 W System.err: 	at android.os.HandlerThread.run(HandlerThread.java:65)
11-06 14:41:07.051 24222 24256 W System.err: java.net.SocketException: Message too long
11-06 14:41:07.051 24222 24256 W System.err: 	at sun.nio.ch.DatagramChannelImpl.send0(Native Method)
11-06 14:41:07.051 24222 24256 W System.err: 	at sun.nio.ch.DatagramChannelImpl.sendFromNativeBuffer(DatagramChannelImpl.java:573)
11-06 14:41:07.051 24222 24256 W System.err: 	at sun.nio.ch.DatagramChannelImpl.send(DatagramChannelImpl.java:550)
11-06 14:41:07.051 24222 24256 W System.err: 	at sun.nio.ch.DatagramChannelImpl.send(DatagramChannelImpl.java:514)
11-06 14:41:07.051 24222 24256 W System.err: 	at symlab.CloudAR.network.TransmissionTask.run(TransmissionTask.java:124)
11-06 14:41:07.051 24222 24256 W System.err: 	at android.os.Handler.handleCallback(Handler.java:907)
11-06 14:41:07.051 24222 24256 W System.err: 	at android.os.Handler.dispatchMessage(Handler.java:105)
11-06 14:41:07.051 24222 24256 W System.err: 	at android.os.Looper.loop(Looper.java:216)
11-06 14:41:07.051 24222 24256 W System.err: 	at android.os.HandlerThread.run(HandlerThread.java:65)
11-06 14:41:07.086 24222 24234 E         : [ZeroHung]zrhung_get_config: Get config failed for wp[0x0008]
11-06 14:41:07.086 24222 24256 W System.err: java.net.SocketException: Message too long
11-06 14:41:07.086 24222 24256 W System.err: 	at sun.nio.ch.DatagramChannelImpl.send0(Native Method)
11-06 14:41:07.086 24222 24256 W System.err: 	at sun.nio.ch.DatagramChannelImpl.sendFromNativeBuffer(DatagramChannelImpl.java:573)
11-06 14:41:07.086 24222 24256 W System.err: 	at sun.nio.ch.DatagramChannelImpl.send(DatagramChannelImpl.java:550)
11-06 14:41:07.086 24222 24256 W System.err: 	at sun.nio.ch.DatagramChannelImpl.send(DatagramChannelImpl.java:514)
11-06 14:41:07.086 24222 24256 W System.err: 	at symlab.CloudAR.network.TransmissionTask.run(TransmissionTask.java:124)
11-06 14:41:07.086 24222 24256 W System.err: 	at android.os.Handler.handleCallback(Handler.java:907)
11-06 14:41:07.086 24222 24256 W System.err: 	at android.os.Handler.dispatchMessage(Handler.java:105)
11-06 14:41:07.086 24222 24256 W System.err: 	at android.os.Looper.loop(Looper.java:216)
11-06 14:41:07.086 24222 24256 W System.err: 	at android.os.HandlerThread.run(HandlerThread.java:65)
11-06 14:41:07.128 24222 24256 W System.err: java.net.SocketException: Message too long
11-06 14:41:07.129 24222 24256 W System.err: 	at sun.nio.ch.DatagramChannelImpl.send0(Native Method)
11-06 14:41:07.129 24222 24256 W System.err: 	at sun.nio.ch.DatagramChannelImpl.sendFromNativeBuffer(DatagramChannelImpl.java:573)
11-06 14:41:07.129 24222 24256 W System.err: 	at sun.nio.ch.DatagramChannelImpl.send(DatagramChannelImpl.java:550)
11-06 14:41:07.129 24222 24256 W System.err: 	at sun.nio.ch.DatagramChannelImpl.send(DatagramChannelImpl.java:514)
11-06 14:41:07.129 24222 24256 W System.err: 	at symlab.CloudAR.network.TransmissionTask.run(TransmissionTask.java:124)
11-06 14:41:07.129 24222 24256 W System.err: 	at android.os.Handler.handleCallback(Handler.java:907)
11-06 14:41:07.129 24222 24256 W System.err: 	at android.os.Handler.dispatchMessage(Handler.java:105)
11-06 14:41:07.129 24222 24256 W System.err: 	at android.os.Looper.loop(Looper.java:216)
11-06 14:41:07.129 24222 24256 W System.err: 	at android.os.HandlerThread.run(HandlerThread.java:65)
11-06 14:41:07.151 24222 24256 W System.err: java.net.SocketException: Message too long
11-06 14:41:07.151 24222 24256 W System.err: 	at sun.nio.ch.DatagramChannelImpl.send0(Native Method)
11-06 14:41:07.151 24222 24256 W System.err: 	at sun.nio.ch.DatagramChannelImpl.sendFromNativeBuffer(DatagramChannelImpl.java:573)
11-06 14:41:07.151 24222 24256 W System.err: 	at sun.nio.ch.DatagramChannelImpl.send(DatagramChannelImpl.java:550)
11-06 14:41:07.151 24222 24256 W System.err: 	at sun.nio.ch.DatagramChannelImpl.send(DatagramChannelImpl.java:514)
11-06 14:41:07.151 24222 24256 W System.err: 	at symlab.CloudAR.network.TransmissionTask.run(TransmissionTask.java:124)
11-06 14:41:07.151 24222 24256 W System.err: 	at android.os.Handler.handleCallback(Handler.java:907)
11-06 14:41:07.151 24222 24256 W System.err: 	at android.os.Handler.dispatchMessage(Handler.java:105)
11-06 14:41:07.151 24222 24256 W System.err: 	at android.os.Looper.loop(Looper.java:216)
11-06 14:41:07.151 24222 24256 W System.err: 	at android.os.HandlerThread.run(HandlerThread.java:65)
11-06 14:41:07.191 24222 24256 W System.err: java.net.SocketException: Message too long
11-06 14:41:07.191 24222 24256 W System.err: 	at sun.nio.ch.DatagramChannelImpl.send0(Native Method)
11-06 14:41:07.191 24222 24256 W System.err: 	at sun.nio.ch.DatagramChannelImpl.sendFromNativeBuffer(DatagramChannelImpl.java:573)
11-06 14:41:07.191 24222 24256 W System.err: 	at sun.nio.ch.DatagramChannelImpl.send(DatagramChannelImpl.java:550)
11-06 14:41:07.191 24222 24256 W System.err: 	at sun.nio.ch.DatagramChannelImpl.send(DatagramChannelImpl.java:514)
11-06 14:41:07.191 24222 24256 W System.err: 	at symlab.CloudAR.network.TransmissionTask.run(TransmissionTask.java:124)
11-06 14:41:07.191 24222 24256 W System.err: 	at android.os.Handler.handleCallback(Handler.java:907)
11-06 14:41:07.191 24222 24256 W System.err: 	at android.os.Handler.dispatchMessage(Handler.java:105)
11-06 14:41:07.191 24222 24256 W System.err: 	at android.os.Looper.loop(Looper.java:216)
11-06 14:41:07.191 24222 24256 W System.err: 	at android.os.HandlerThread.run(HandlerThread.java:65)
11-06 14:41:07.205 24222 24222 D Poster  : At 1573044067205 location is 65.05861183658585 (latitude), and 25.466736678467615 (longitude)
11-06 14:41:07.207 24222 24222 D Poster  : Connected to mobile network 20
11-06 14:41:07.224 24222 24256 W System.err: java.net.SocketException: Message too long
11-06 14:41:07.224 24222 24256 W System.err: 	at sun.nio.ch.DatagramChannelImpl.send0(Native Method)
11-06 14:41:07.224 24222 24256 W System.err: 	at sun.nio.ch.DatagramChannelImpl.sendFromNativeBuffer(DatagramChannelImpl.java:573)
11-06 14:41:07.224 24222 24256 W System.err: 	at sun.nio.ch.DatagramChannelImpl.send(DatagramChannelImpl.java:550)
11-06 14:41:07.224 24222 24256 W System.err: 	at sun.nio.ch.DatagramChannelImpl.send(DatagramChannelImpl.java:514)
11-06 14:41:07.224 24222 24256 W System.err: 	at symlab.CloudAR.network.TransmissionTask.run(TransmissionTask.java:124)
11-06 14:41:07.224 24222 24256 W System.err: 	at android.os.Handler.handleCallback(Handler.java:907)
11-06 14:41:07.224 24222 24256 W System.err: 	at android.os.Handler.dispatchMessage(Handler.java:105)
11-06 14:41:07.224 24222 24256 W System.err: 	at android.os.Looper.loop(Looper.java:216)
11-06 14:41:07.224 24222 24256 W System.err: 	at android.os.HandlerThread.run(HandlerThread.java:65)
11-06 14:41:07.256 24222 24256 W System.err: java.net.SocketException: Message too long
11-06 14:41:07.256 24222 24256 W System.err: 	at sun.nio.ch.DatagramChannelImpl.send0(Native Method)
11-06 14:41:07.256 24222 24256 W System.err: 	at sun.nio.ch.DatagramChannelImpl.sendFromNativeBuffer(DatagramChannelImpl.java:573)
11-06 14:41:07.256 24222 24256 W System.err: 	at sun.nio.ch.DatagramChannelImpl.send(DatagramChannelImpl.java:550)
11-06 14:41:07.256 24222 24256 W System.err: 	at sun.nio.ch.DatagramChannelImpl.send(DatagramChannelImpl.java:514)
11-06 14:41:07.256 24222 24256 W System.err: 	at symlab.CloudAR.network.TransmissionTask.run(TransmissionTask.java:124)
11-06 14:41:07.256 24222 24256 W System.err: 	at android.os.Handler.handleCallback(Handler.java:907)
11-06 14:41:07.256 24222 24256 W System.err: 	at android.os.Handler.dispatchMessage(Handler.java:105)
11-06 14:41:07.256 24222 24256 W System.err: 	at android.os.Looper.loop(Looper.java:216)
11-06 14:41:07.256 24222 24256 W System.err: 	at android.os.HandlerThread.run(HandlerThread.java:65)
11-06 14:41:07.285 24222 24256 W System.err: java.net.SocketException: Message too long
11-06 14:41:07.285 24222 24256 W System.err: 	at sun.nio.ch.DatagramChannelImpl.send0(Native Method)
11-06 14:41:07.285 24222 24256 W System.err: 	at sun.nio.ch.DatagramChannelImpl.sendFromNativeBuffer(DatagramChannelImpl.java:573)
11-06 14:41:07.285 24222 24256 W System.err: 	at sun.nio.ch.DatagramChannelImpl.send(DatagramChannelImpl.java:550)
11-06 14:41:07.285 24222 24256 W System.err: 	at sun.nio.ch.DatagramChannelImpl.send(DatagramChannelImpl.java:514)
11-06 14:41:07.285 24222 24256 W System.err: 	at symlab.CloudAR.network.TransmissionTask.run(TransmissionTask.java:124)
11-06 14:41:07.285 24222 24256 W System.err: 	at android.os.Handler.handleCallback(Handler.java:907)
11-06 14:41:07.285 24222 24256 W System.err: 	at android.os.Handler.dispatchMessage(Handler.java:105)
11-06 14:41:07.285 24222 24256 W System.err: 	at android.os.Looper.loop(Looper.java:216)
11-06 14:41:07.285 24222 24256 W System.err: 	at android.os.HandlerThread.run(HandlerThread.java:65)
11-06 14:41:07.326 24222 24256 W System.err: java.net.SocketException: Message too long
11-06 14:41:07.327 24222 24256 W System.err: 	at sun.nio.ch.DatagramChannelImpl.send0(Native Method)
11-06 14:41:07.327 24222 24256 W System.err: 	at sun.nio.ch.DatagramChannelImpl.sendFromNativeBuffer(DatagramChannelImpl.java:573)
11-06 14:41:07.327 24222 24256 W System.err: 	at sun.nio.ch.DatagramChannelImpl.send(DatagramChannelImpl.java:550)
11-06 14:41:07.327 24222 24256 W System.err: 	at sun.nio.ch.DatagramChannelImpl.send(DatagramChannelImpl.java:514)
11-06 14:41:07.327 24222 24256 W System.err: 	at symlab.CloudAR.network.TransmissionTask.run(TransmissionTask.java:124)
11-06 14:41:07.327 24222 24256 W System.err: 	at android.os.Handler.handleCallback(Handler.java:907)
11-06 14:41:07.327 24222 24256 W System.err: 	at android.os.Handler.dispatchMessage(Handler.java:105)
11-06 14:41:07.327 24222 24256 W System.err: 	at android.os.Looper.loop(Looper.java:216)
11-06 14:41:07.327 24222 24256 W System.err: 	at android.os.HandlerThread.run(HandlerThread.java:65)
11-06 14:41:07.351 24222 24256 W System.err: java.net.SocketException: Message too long
11-06 14:41:07.351 24222 24256 W System.err: 	at sun.nio.ch.DatagramChannelImpl.send0(Native Method)
11-06 14:41:07.351 24222 24256 W System.err: 	at sun.nio.ch.DatagramChannelImpl.sendFromNativeBuffer(DatagramChannelImpl.java:573)
11-06 14:41:07.351 24222 24256 W System.err: 	at sun.nio.ch.DatagramChannelImpl.send(DatagramChannelImpl.java:550)
11-06 14:41:07.351 24222 24256 W System.err: 	at sun.nio.ch.DatagramChannelImpl.send(DatagramChannelImpl.java:514)
11-06 14:41:07.351 24222 24256 W System.err: 	at symlab.CloudAR.network.TransmissionTask.run(TransmissionTask.java:124)
11-06 14:41:07.351 24222 24256 W System.err: 	at android.os.Handler.handleCallback(Handler.java:907)
11-06 14:41:07.351 24222 24256 W System.err: 	at android.os.Handler.dispatchMessage(Handler.java:105)
11-06 14:41:07.351 24222 24256 W System.err: 	at android.os.Looper.loop(Looper.java:216)
11-06 14:41:07.351 24222 24256 W System.err: 	at android.os.HandlerThread.run(HandlerThread.java:65)
11-06 14:41:07.397 24222 24256 W System.err: java.net.SocketException: Message too long
11-06 14:41:07.397 24222 24256 W System.err: 	at sun.nio.ch.DatagramChannelImpl.send0(Native Method)
11-06 14:41:07.397 24222 24256 W System.err: 	at sun.nio.ch.DatagramChannelImpl.sendFromNativeBuffer(DatagramChannelImpl.java:573)
11-06 14:41:07.397 24222 24256 W System.err: 	at sun.nio.ch.DatagramChannelImpl.send(DatagramChannelImpl.java:550)
11-06 14:41:07.397 24222 24256 W System.err: 	at sun.nio.ch.DatagramChannelImpl.send(DatagramChannelImpl.java:514)
11-06 14:41:07.397 24222 24256 W System.err: 	at symlab.CloudAR.network.TransmissionTask.run(TransmissionTask.java:124)
11-06 14:41:07.397 24222 24256 W System.err: 	at android.os.Handler.handleCallback(Handler.java:907)
11-06 14:41:07.398 24222 24256 W System.err: 	at android.os.Handler.dispatchMessage(Handler.java:105)
11-06 14:41:07.398 24222 24256 W System.err: 	at android.os.Looper.loop(Looper.java:216)
11-06 14:41:07.398 24222 24256 W System.err: 	at android.os.HandlerThread.run(HandlerThread.java:65)
11-06 14:41:07.422 24222 24256 W System.err: java.net.SocketException: Message too long
11-06 14:41:07.422 24222 24256 W System.err: 	at sun.nio.ch.DatagramChannelImpl.send0(Native Method)
11-06 14:41:07.422 24222 24256 W System.err: 	at sun.nio.ch.DatagramChannelImpl.sendFromNativeBuffer(DatagramChannelImpl.java:573)
11-06 14:41:07.422 24222 24256 W System.err: 	at sun.nio.ch.DatagramChannelImpl.send(DatagramChannelImpl.java:550)
11-06 14:41:07.422 24222 24256 W System.err: 	at sun.nio.ch.DatagramChannelImpl.send(DatagramChannelImpl.java:514)
11-06 14:41:07.422 24222 24256 W System.err: 	at symlab.CloudAR.network.TransmissionTask.run(TransmissionTask.java:124)
11-06 14:41:07.422 24222 24256 W System.err: 	at android.os.Handler.handleCallback(Handler.java:907)
11-06 14:41:07.422 24222 24256 W System.err: 	at android.os.Handler.dispatchMessage(Handler.java:105)
11-06 14:41:07.422 24222 24256 W System.err: 	at android.os.Looper.loop(Looper.java:216)
11-06 14:41:07.422 24222 24256 W System.err: 	at android.os.HandlerThread.run(HandlerThread.java:65)
11-06 14:41:07.463 24222 24256 W System.err: java.net.SocketException: Message too long
11-06 14:41:07.463 24222 24256 W System.err: 	at sun.nio.ch.DatagramChannelImpl.send0(Native Method)
11-06 14:41:07.463 24222 24256 W System.err: 	at sun.nio.ch.DatagramChannelImpl.sendFromNativeBuffer(DatagramChannelImpl.java:573)
11-06 14:41:07.463 24222 24256 W System.err: 	at sun.nio.ch.DatagramChannelImpl.send(DatagramChannelImpl.java:550)
11-06 14:41:07.463 24222 24256 W System.err: 	at sun.nio.ch.DatagramChannelImpl.send(DatagramChannelImpl.java:514)
11-06 14:41:07.463 24222 24256 W System.err: 	at symlab.CloudAR.network.TransmissionTask.run(TransmissionTask.java:124)
11-06 14:41:07.464 24222 24256 W System.err: 	at android.os.Handler.handleCallback(Handler.java:907)
11-06 14:41:07.464 24222 24256 W System.err: 	at android.os.Handler.dispatchMessage(Handler.java:105)
11-06 14:41:07.464 24222 24256 W System.err: 	at android.os.Looper.loop(Looper.java:216)
11-06 14:41:07.464 24222 24256 W System.err: 	at android.os.HandlerThread.run(HandlerThread.java:65)
11-06 14:41:07.484 24222 24256 W System.err: java.net.SocketException: Message too long
11-06 14:41:07.484 24222 24256 W System.err: 	at sun.nio.ch.DatagramChannelImpl.send0(Native Method)
11-06 14:41:07.484 24222 24256 W System.err: 	at sun.nio.ch.DatagramChannelImpl.sendFromNativeBuffer(DatagramChannelImpl.java:573)
11-06 14:41:07.484 24222 24256 W System.err: 	at sun.nio.ch.DatagramChannelImpl.send(DatagramChannelImpl.java:550)
11-06 14:41:07.484 24222 24256 W System.err: 	at sun.nio.ch.DatagramChannelImpl.send(DatagramChannelImpl.java:514)
11-06 14:41:07.484 24222 24256 W System.err: 	at symlab.CloudAR.network.TransmissionTask.run(TransmissionTask.java:124)
11-06 14:41:07.484 24222 24256 W System.err: 	at android.os.Handler.handleCallback(Handler.java:907)
11-06 14:41:07.484 24222 24256 W System.err: 	at android.os.Handler.dispatchMessage(Handler.java:105)
11-06 14:41:07.484 24222 24256 W System.err: 	at android.os.Looper.loop(Looper.java:216)
11-06 14:41:07.484 24222 24256 W System.err: 	at android.os.HandlerThread.run(HandlerThread.java:65)
11-06 14:41:07.526 24222 24256 W System.err: java.net.SocketException: Message too long
11-06 14:41:07.526 24222 24256 W System.err: 	at sun.nio.ch.DatagramChannelImpl.send0(Native Method)
11-06 14:41:07.526 24222 24256 W System.err: 	at sun.nio.ch.DatagramChannelImpl.sendFromNativeBuffer(DatagramChannelImpl.java:573)
11-06 14:41:07.526 24222 24256 W System.err: 	at sun.nio.ch.DatagramChannelImpl.send(DatagramChannelImpl.java:550)
11-06 14:41:07.526 24222 24256 W System.err: 	at sun.nio.ch.DatagramChannelImpl.send(DatagramChannelImpl.java:514)
11-06 14:41:07.526 24222 24256 W System.err: 	at symlab.CloudAR.network.TransmissionTask.run(TransmissionTask.java:124)
11-06 14:41:07.526 24222 24256 W System.err: 	at android.os.Handler.handleCallback(Handler.java:907)
11-06 14:41:07.526 24222 24256 W System.err: 	at android.os.Handler.dispatchMessage(Handler.java:105)
11-06 14:41:07.526 24222 24256 W System.err: 	at android.os.Looper.loop(Looper.java:216)
11-06 14:41:07.526 24222 24256 W System.err: 	at android.os.HandlerThread.run(HandlerThread.java:65)
11-06 14:41:07.552 24222 24256 W System.err: java.net.SocketException: Message too long
11-06 14:41:07.552 24222 24256 W System.err: 	at sun.nio.ch.DatagramChannelImpl.send0(Native Method)
11-06 14:41:07.553 24222 24256 W System.err: 	at sun.nio.ch.DatagramChannelImpl.sendFromNativeBuffer(DatagramChannelImpl.java:573)
11-06 14:41:07.553 24222 24256 W System.err: 	at sun.nio.ch.DatagramChannelImpl.send(DatagramChannelImpl.java:550)
11-06 14:41:07.553 24222 24256 W System.err: 	at sun.nio.ch.DatagramChannelImpl.send(DatagramChannelImpl.java:514)
11-06 14:41:07.553 24222 24256 W System.err: 	at symlab.CloudAR.network.TransmissionTask.run(TransmissionTask.java:124)
11-06 14:41:07.553 24222 24256 W System.err: 	at android.os.Handler.handleCallback(Handler.java:907)
11-06 14:41:07.553 24222 24256 W System.err: 	at android.os.Handler.dispatchMessage(Handler.java:105)
11-06 14:41:07.553 24222 24256 W System.err: 	at android.os.Looper.loop(Looper.java:216)
11-06 14:41:07.553 24222 24256 W System.err: 	at android.os.HandlerThread.run(HandlerThread.java:65)
11-06 14:41:07.597 24222 24234 E         : [ZeroHung]zrhung_get_config: Get config failed for wp[0x0008]
11-06 14:41:07.598 24222 24256 W System.err: java.net.SocketException: Message too long
11-06 14:41:07.598 24222 24256 W System.err: 	at sun.nio.ch.DatagramChannelImpl.send0(Native Method)
11-06 14:41:07.598 24222 24256 W System.err: 	at sun.nio.ch.DatagramChannelImpl.sendFromNativeBuffer(DatagramChannelImpl.java:573)
11-06 14:41:07.598 24222 24256 W System.err: 	at sun.nio.ch.DatagramChannelImpl.send(DatagramChannelImpl.java:550)
11-06 14:41:07.598 24222 24256 W System.err: 	at sun.nio.ch.DatagramChannelImpl.send(DatagramChannelImpl.java:514)
11-06 14:41:07.598 24222 24256 W System.err: 	at symlab.CloudAR.network.TransmissionTask.run(TransmissionTask.java:124)
11-06 14:41:07.598 24222 24256 W System.err: 	at android.os.Handler.handleCallback(Handler.java:907)
11-06 14:41:07.598 24222 24256 W System.err: 	at android.os.Handler.dispatchMessage(Handler.java:105)
11-06 14:41:07.598 24222 24256 W System.err: 	at android.os.Looper.loop(Looper.java:216)
11-06 14:41:07.598 24222 24256 W System.err: 	at android.os.HandlerThread.run(HandlerThread.java:65)
11-06 14:41:07.622 24222 24256 W System.err: java.net.SocketException: Message too long
11-06 14:41:07.622 24222 24256 W System.err: 	at sun.nio.ch.DatagramChannelImpl.send0(Native Method)
11-06 14:41:07.622 24222 24256 W System.err: 	at sun.nio.ch.DatagramChannelImpl.sendFromNativeBuffer(DatagramChannelImpl.java:573)
11-06 14:41:07.622 24222 24256 W System.err: 	at sun.nio.ch.DatagramChannelImpl.send(DatagramChannelImpl.java:550)
11-06 14:41:07.622 24222 24256 W System.err: 	at sun.nio.ch.DatagramChannelImpl.send(DatagramChannelImpl.java:514)
11-06 14:41:07.622 24222 24256 W System.err: 	at symlab.CloudAR.network.TransmissionTask.run(TransmissionTask.java:124)
11-06 14:41:07.622 24222 24256 W System.err: 	at android.os.Handler.handleCallback(Handler.java:907)
11-06 14:41:07.622 24222 24256 W System.err: 	at android.os.Handler.dispatchMessage(Handler.java:105)
11-06 14:41:07.622 24222 24256 W System.err: 	at android.os.Looper.loop(Looper.java:216)
11-06 14:41:07.622 24222 24256 W System.err: 	at android.os.HandlerThread.run(HandlerThread.java:65)
11-06 14:41:07.664 24222 24256 W System.err: java.net.SocketException: Message too long
11-06 14:41:07.664 24222 24256 W System.err: 	at sun.nio.ch.DatagramChannelImpl.send0(Native Method)
11-06 14:41:07.664 24222 24256 W System.err: 	at sun.nio.ch.DatagramChannelImpl.sendFromNativeBuffer(DatagramChannelImpl.java:573)
11-06 14:41:07.664 24222 24256 W System.err: 	at sun.nio.ch.DatagramChannelImpl.send(DatagramChannelImpl.java:550)
11-06 14:41:07.664 24222 24256 W System.err: 	at sun.nio.ch.DatagramChannelImpl.send(DatagramChannelImpl.java:514)
11-06 14:41:07.664 24222 24256 W System.err: 	at symlab.CloudAR.network.TransmissionTask.run(TransmissionTask.java:124)
11-06 14:41:07.664 24222 24256 W System.err: 	at android.os.Handler.handleCallback(Handler.java:907)
11-06 14:41:07.664 24222 24256 W System.err: 	at android.os.Handler.dispatchMessage(Handler.java:105)
11-06 14:41:07.664 24222 24256 W System.err: 	at android.os.Looper.loop(Looper.java:216)
11-06 14:41:07.664 24222 24256 W System.err: 	at android.os.HandlerThread.run(HandlerThread.java:65)
11-06 14:41:07.685 24222 24256 W System.err: java.net.SocketException: Message too long
11-06 14:41:07.685 24222 24256 W System.err: 	at sun.nio.ch.DatagramChannelImpl.send0(Native Method)
11-06 14:41:07.685 24222 24256 W System.err: 	at sun.nio.ch.DatagramChannelImpl.sendFromNativeBuffer(DatagramChannelImpl.java:573)
11-06 14:41:07.685 24222 24256 W System.err: 	at sun.nio.ch.DatagramChannelImpl.send(DatagramChannelImpl.java:550)
11-06 14:41:07.685 24222 24256 W System.err: 	at sun.nio.ch.DatagramChannelImpl.send(DatagramChannelImpl.java:514)
11-06 14:41:07.685 24222 24256 W System.err: 	at symlab.CloudAR.network.TransmissionTask.run(TransmissionTask.java:124)
11-06 14:41:07.685 24222 24256 W System.err: 	at android.os.Handler.handleCallback(Handler.java:907)
11-06 14:41:07.685 24222 24256 W System.err: 	at android.os.Handler.dispatchMessage(Handler.java:105)
11-06 14:41:07.685 24222 24256 W System.err: 	at android.os.Looper.loop(Looper.java:216)
11-06 14:41:07.685 24222 24256 W System.err: 	at android.os.HandlerThread.run(HandlerThread.java:65)
11-06 14:41:07.724 24222 24256 W System.err: java.net.SocketException: Message too long
11-06 14:41:07.725 24222 24256 W System.err: 	at sun.nio.ch.DatagramChannelImpl.send0(Native Method)
11-06 14:41:07.725 24222 24256 W System.err: 	at sun.nio.ch.DatagramChannelImpl.sendFromNativeBuffer(DatagramChannelImpl.java:573)
11-06 14:41:07.725 24222 24256 W System.err: 	at sun.nio.ch.DatagramChannelImpl.send(DatagramChannelImpl.java:550)
11-06 14:41:07.725 24222 24256 W System.err: 	at sun.nio.ch.DatagramChannelImpl.send(DatagramChannelImpl.java:514)
11-06 14:41:07.725 24222 24256 W System.err: 	at symlab.CloudAR.network.TransmissionTask.run(TransmissionTask.java:124)
11-06 14:41:07.725 24222 24256 W System.err: 	at android.os.Handler.handleCallback(Handler.java:907)
11-06 14:41:07.725 24222 24256 W System.err: 	at android.os.Handler.dispatchMessage(Handler.java:105)
11-06 14:41:07.725 24222 24256 W System.err: 	at android.os.Looper.loop(Looper.java:216)
11-06 14:41:07.725 24222 24256 W System.err: 	at android.os.HandlerThread.run(HandlerThread.java:65)
11-06 14:41:07.750 24222 24256 W System.err: java.net.SocketException: Message too long
11-06 14:41:07.750 24222 24256 W System.err: 	at sun.nio.ch.DatagramChannelImpl.send0(Native Method)
11-06 14:41:07.750 24222 24256 W System.err: 	at sun.nio.ch.DatagramChannelImpl.sendFromNativeBuffer(DatagramChannelImpl.java:573)
11-06 14:41:07.750 24222 24256 W System.err: 	at sun.nio.ch.DatagramChannelImpl.send(DatagramChannelImpl.java:550)
11-06 14:41:07.751 24222 24256 W System.err: 	at sun.nio.ch.DatagramChannelImpl.send(DatagramChannelImpl.java:514)
11-06 14:41:07.751 24222 24256 W System.err: 	at symlab.CloudAR.network.TransmissionTask.run(TransmissionTask.java:124)
11-06 14:41:07.751 24222 24256 W System.err: 	at android.os.Handler.handleCallback(Handler.java:907)
11-06 14:41:07.751 24222 24256 W System.err: 	at android.os.Handler.dispatchMessage(Handler.java:105)
11-06 14:41:07.751 24222 24256 W System.err: 	at android.os.Looper.loop(Looper.java:216)
11-06 14:41:07.751 24222 24256 W System.err: 	at android.os.HandlerThread.run(HandlerThread.java:65)
11-06 14:41:07.789 24222 24256 W System.err: java.net.SocketException: Message too long
11-06 14:41:07.789 24222 24256 W System.err: 	at sun.nio.ch.DatagramChannelImpl.send0(Native Method)
11-06 14:41:07.789 24222 24256 W System.err: 	at sun.nio.ch.DatagramChannelImpl.sendFromNativeBuffer(DatagramChannelImpl.java:573)
11-06 14:41:07.789 24222 24256 W System.err: 	at sun.nio.ch.DatagramChannelImpl.send(DatagramChannelImpl.java:550)
11-06 14:41:07.789 24222 24256 W System.err: 	at sun.nio.ch.DatagramChannelImpl.send(DatagramChannelImpl.java:514)
11-06 14:41:07.789 24222 24256 W System.err: 	at symlab.CloudAR.network.TransmissionTask.run(TransmissionTask.java:124)
11-06 14:41:07.789 24222 24256 W System.err: 	at android.os.Handler.handleCallback(Handler.java:907)
11-06 14:41:07.789 24222 24256 W System.err: 	at android.os.Handler.dispatchMessage(Handler.java:105)
11-06 14:41:07.789 24222 24256 W System.err: 	at android.os.Looper.loop(Looper.java:216)
11-06 14:41:07.789 24222 24256 W System.err: 	at android.os.HandlerThread.run(HandlerThread.java:65)
11-06 14:41:07.824 24222 24256 W System.err: java.net.SocketException: Message too long
11-06 14:41:07.824 24222 24256 W System.err: 	at sun.nio.ch.DatagramChannelImpl.send0(Native Method)
11-06 14:41:07.824 24222 24256 W System.err: 	at sun.nio.ch.DatagramChannelImpl.sendFromNativeBuffer(DatagramChannelImpl.java:573)
11-06 14:41:07.824 24222 24256 W System.err: 	at sun.nio.ch.DatagramChannelImpl.send(DatagramChannelImpl.java:550)
11-06 14:41:07.824 24222 24256 W System.err: 	at sun.nio.ch.DatagramChannelImpl.send(DatagramChannelImpl.java:514)
11-06 14:41:07.824 24222 24256 W System.err: 	at symlab.CloudAR.network.TransmissionTask.run(TransmissionTask.java:124)
11-06 14:41:07.824 24222 24256 W System.err: 	at android.os.Handler.handleCallback(Handler.java:907)
11-06 14:41:07.824 24222 24256 W System.err: 	at android.os.Handler.dispatchMessage(Handler.java:105)
11-06 14:41:07.824 24222 24256 W System.err: 	at android.os.Looper.loop(Looper.java:216)
11-06 14:41:07.824 24222 24256 W System.err: 	at android.os.HandlerThread.run(HandlerThread.java:65)
11-06 14:41:07.856 24222 24256 W System.err: java.net.SocketException: Message too long
11-06 14:41:07.856 24222 24256 W System.err: 	at sun.nio.ch.DatagramChannelImpl.send0(Native Method)
11-06 14:41:07.856 24222 24256 W System.err: 	at sun.nio.ch.DatagramChannelImpl.sendFromNativeBuffer(DatagramChannelImpl.java:573)
11-06 14:41:07.856 24222 24256 W System.err: 	at sun.nio.ch.DatagramChannelImpl.send(DatagramChannelImpl.java:550)
11-06 14:41:07.856 24222 24256 W System.err: 	at sun.nio.ch.DatagramChannelImpl.send(DatagramChannelImpl.java:514)
11-06 14:41:07.856 24222 24256 W System.err: 	at symlab.CloudAR.network.TransmissionTask.run(TransmissionTask.java:124)
11-06 14:41:07.856 24222 24256 W System.err: 	at android.os.Handler.handleCallback(Handler.java:907)
11-06 14:41:07.856 24222 24256 W System.err: 	at android.os.Handler.dispatchMessage(Handler.java:105)
11-06 14:41:07.856 24222 24256 W System.err: 	at android.os.Looper.loop(Looper.java:216)
11-06 14:41:07.856 24222 24256 W System.err: 	at android.os.HandlerThread.run(HandlerThread.java:65)
11-06 14:41:07.891 24222 24256 W System.err: java.net.SocketException: Message too long
11-06 14:41:07.891 24222 24256 W System.err: 	at sun.nio.ch.DatagramChannelImpl.send0(Native Method)
11-06 14:41:07.891 24222 24256 W System.err: 	at sun.nio.ch.DatagramChannelImpl.sendFromNativeBuffer(DatagramChannelImpl.java:573)
11-06 14:41:07.891 24222 24256 W System.err: 	at sun.nio.ch.DatagramChannelImpl.send(DatagramChannelImpl.java:550)
11-06 14:41:07.891 24222 24256 W System.err: 	at sun.nio.ch.DatagramChannelImpl.send(DatagramChannelImpl.java:514)
11-06 14:41:07.891 24222 24256 W System.err: 	at symlab.CloudAR.network.TransmissionTask.run(TransmissionTask.java:124)
11-06 14:41:07.892 24222 24256 W System.err: 	at android.os.Handler.handleCallback(Handler.java:907)
11-06 14:41:07.892 24222 24256 W System.err: 	at android.os.Handler.dispatchMessage(Handler.java:105)
11-06 14:41:07.892 24222 24256 W System.err: 	at android.os.Looper.loop(Looper.java:216)
11-06 14:41:07.892 24222 24256 W System.err: 	at android.os.HandlerThread.run(HandlerThread.java:65)
11-06 14:41:07.942 24222 24256 W System.err: java.net.SocketException: Message too long
11-06 14:41:07.942 24222 24256 W System.err: 	at sun.nio.ch.DatagramChannelImpl.send0(Native Method)
11-06 14:41:07.942 24222 24256 W System.err: 	at sun.nio.ch.DatagramChannelImpl.sendFromNativeBuffer(DatagramChannelImpl.java:573)
11-06 14:41:07.942 24222 24256 W System.err: 	at sun.nio.ch.DatagramChannelImpl.send(DatagramChannelImpl.java:550)
11-06 14:41:07.942 24222 24256 W System.err: 	at sun.nio.ch.DatagramChannelImpl.send(DatagramChannelImpl.java:514)
11-06 14:41:07.942 24222 24256 W System.err: 	at symlab.CloudAR.network.TransmissionTask.run(TransmissionTask.java:124)
11-06 14:41:07.942 24222 24256 W System.err: 	at android.os.Handler.handleCallback(Handler.java:907)
11-06 14:41:07.942 24222 24256 W System.err: 	at android.os.Handler.dispatchMessage(Handler.java:105)
11-06 14:41:07.942 24222 24256 W System.err: 	at android.os.Looper.loop(Looper.java:216)
11-06 14:41:07.942 24222 24256 W System.err: 	at android.os.HandlerThread.run(HandlerThread.java:65)
11-06 14:41:07.965 24222 24256 W System.err: java.net.SocketException: Message too long
11-06 14:41:07.965 24222 24256 W System.err: 	at sun.nio.ch.DatagramChannelImpl.send0(Native Method)
11-06 14:41:07.965 24222 24256 W System.err: 	at sun.nio.ch.DatagramChannelImpl.sendFromNativeBuffer(DatagramChannelImpl.java:573)
11-06 14:41:07.965 24222 24256 W System.err: 	at sun.nio.ch.DatagramChannelImpl.send(DatagramChannelImpl.java:550)
11-06 14:41:07.965 24222 24256 W System.err: 	at sun.nio.ch.DatagramChannelImpl.send(DatagramChannelImpl.java:514)
11-06 14:41:07.965 24222 24256 W System.err: 	at symlab.CloudAR.network.TransmissionTask.run(TransmissionTask.java:124)
11-06 14:41:07.965 24222 24256 W System.err: 	at android.os.Handler.handleCallback(Handler.java:907)
11-06 14:41:07.965 24222 24256 W System.err: 	at android.os.Handler.dispatchMessage(Handler.java:105)
11-06 14:41:07.965 24222 24256 W System.err: 	at android.os.Looper.loop(Looper.java:216)
11-06 14:41:07.965 24222 24256 W System.err: 	at android.os.HandlerThread.run(HandlerThread.java:65)
11-06 14:41:07.999 24222 24256 W System.err: java.net.SocketException: Message too long
11-06 14:41:07.999 24222 24256 W System.err: 	at sun.nio.ch.DatagramChannelImpl.send0(Native Method)
11-06 14:41:07.999 24222 24256 W System.err: 	at sun.nio.ch.DatagramChannelImpl.sendFromNativeBuffer(DatagramChannelImpl.java:573)
11-06 14:41:07.999 24222 24256 W System.err: 	at sun.nio.ch.DatagramChannelImpl.send(DatagramChannelImpl.java:550)
11-06 14:41:07.999 24222 24256 W System.err: 	at sun.nio.ch.DatagramChannelImpl.send(DatagramChannelImpl.java:514)
11-06 14:41:07.999 24222 24256 W System.err: 	at symlab.CloudAR.network.TransmissionTask.run(TransmissionTask.java:124)
11-06 14:41:07.999 24222 24256 W System.err: 	at android.os.Handler.handleCallback(Handler.java:907)
11-06 14:41:07.999 24222 24256 W System.err: 	at android.os.Handler.dispatchMessage(Handler.java:105)
11-06 14:41:07.999 24222 24256 W System.err: 	at android.os.Looper.loop(Looper.java:216)
11-06 14:41:07.999 24222 24256 W System.err: 	at android.os.HandlerThread.run(HandlerThread.java:65)
11-06 14:41:08.023 24222 24256 W System.err: java.net.SocketException: Message too long
11-06 14:41:08.023 24222 24256 W System.err: 	at sun.nio.ch.DatagramChannelImpl.send0(Native Method)
11-06 14:41:08.023 24222 24256 W System.err: 	at sun.nio.ch.DatagramChannelImpl.sendFromNativeBuffer(DatagramChannelImpl.java:573)
11-06 14:41:08.023 24222 24256 W System.err: 	at sun.nio.ch.DatagramChannelImpl.send(DatagramChannelImpl.java:550)
11-06 14:41:08.023 24222 24256 W System.err: 	at sun.nio.ch.DatagramChannelImpl.send(DatagramChannelImpl.java:514)
11-06 14:41:08.023 24222 24256 W System.err: 	at symlab.CloudAR.network.TransmissionTask.run(TransmissionTask.java:124)
11-06 14:41:08.023 24222 24256 W System.err: 	at android.os.Handler.handleCallback(Handler.java:907)
11-06 14:41:08.023 24222 24256 W System.err: 	at android.os.Handler.dispatchMessage(Handler.java:105)
11-06 14:41:08.023 24222 24256 W System.err: 	at android.os.Looper.loop(Looper.java:216)
11-06 14:41:08.023 24222 24256 W System.err: 	at android.os.HandlerThread.run(HandlerThread.java:65)
11-06 14:41:08.056 24222 24256 W System.err: java.net.SocketException: Message too long
11-06 14:41:08.056 24222 24256 W System.err: 	at sun.nio.ch.DatagramChannelImpl.send0(Native Method)
11-06 14:41:08.056 24222 24256 W System.err: 	at sun.nio.ch.DatagramChannelImpl.sendFromNativeBuffer(DatagramChannelImpl.java:573)
11-06 14:41:08.056 24222 24256 W System.err: 	at sun.nio.ch.DatagramChannelImpl.send(DatagramChannelImpl.java:550)
11-06 14:41:08.056 24222 24256 W System.err: 	at sun.nio.ch.DatagramChannelImpl.send(DatagramChannelImpl.java:514)
11-06 14:41:08.056 24222 24256 W System.err: 	at symlab.CloudAR.network.TransmissionTask.run(TransmissionTask.java:124)
11-06 14:41:08.056 24222 24256 W System.err: 	at android.os.Handler.handleCallback(Handler.java:907)
11-06 14:41:08.056 24222 24256 W System.err: 	at android.os.Handler.dispatchMessage(Handler.java:105)
11-06 14:41:08.056 24222 24256 W System.err: 	at android.os.Looper.loop(Looper.java:216)
11-06 14:41:08.056 24222 24256 W System.err: 	at android.os.HandlerThread.run(HandlerThread.java:65)
11-06 14:41:08.092 24222 24256 W System.err: java.net.SocketException: Message too long
11-06 14:41:08.092 24222 24256 W System.err: 	at sun.nio.ch.DatagramChannelImpl.send0(Native Method)
11-06 14:41:08.092 24222 24256 W System.err: 	at sun.nio.ch.DatagramChannelImpl.sendFromNativeBuffer(DatagramChannelImpl.java:573)
11-06 14:41:08.092 24222 24256 W System.err: 	at sun.nio.ch.DatagramChannelImpl.send(DatagramChannelImpl.java:550)
11-06 14:41:08.092 24222 24256 W System.err: 	at sun.nio.ch.DatagramChannelImpl.send(DatagramChannelImpl.java:514)
11-06 14:41:08.092 24222 24256 W System.err: 	at symlab.CloudAR.network.TransmissionTask.run(TransmissionTask.java:124)
11-06 14:41:08.092 24222 24256 W System.err: 	at android.os.Handler.handleCallback(Handler.java:907)
11-06 14:41:08.092 24222 24256 W System.err: 	at android.os.Handler.dispatchMessage(Handler.java:105)
11-06 14:41:08.092 24222 24256 W System.err: 	at android.os.Looper.loop(Looper.java:216)
11-06 14:41:08.092 24222 24256 W System.err: 	at android.os.HandlerThread.run(HandlerThread.java:65)
11-06 14:41:08.127 24222 24256 W System.err: java.net.SocketException: Message too long
11-06 14:41:08.127 24222 24256 W System.err: 	at sun.nio.ch.DatagramChannelImpl.send0(Native Method)
11-06 14:41:08.127 24222 24256 W System.err: 	at sun.nio.ch.DatagramChannelImpl.sendFromNativeBuffer(DatagramChannelImpl.java:573)
11-06 14:41:08.127 24222 24256 W System.err: 	at sun.nio.ch.DatagramChannelImpl.send(DatagramChannelImpl.java:550)
11-06 14:41:08.127 24222 24256 W System.err: 	at sun.nio.ch.DatagramChannelImpl.send(DatagramChannelImpl.java:514)
11-06 14:41:08.127 24222 24256 W System.err: 	at symlab.CloudAR.network.TransmissionTask.run(TransmissionTask.java:124)
11-06 14:41:08.127 24222 24256 W System.err: 	at android.os.Handler.handleCallback(Handler.java:907)
11-06 14:41:08.127 24222 24256 W System.err: 	at android.os.Handler.dispatchMessage(Handler.java:105)
11-06 14:41:08.127 24222 24256 W System.err: 	at android.os.Looper.loop(Looper.java:216)
11-06 14:41:08.127 24222 24256 W System.err: 	at android.os.HandlerThread.run(HandlerThread.java:65)
11-06 14:41:08.158 24222 24234 E         : [ZeroHung]zrhung_get_config: Get config failed for wp[0x0008]
11-06 14:41:08.159 24222 24256 W System.err: java.net.SocketException: Message too long
11-06 14:41:08.159 24222 24256 W System.err: 	at sun.nio.ch.DatagramChannelImpl.send0(Native Method)
11-06 14:41:08.159 24222 24256 W System.err: 	at sun.nio.ch.DatagramChannelImpl.sendFromNativeBuffer(DatagramChannelImpl.java:573)
11-06 14:41:08.159 24222 24256 W System.err: 	at sun.nio.ch.DatagramChannelImpl.send(DatagramChannelImpl.java:550)
11-06 14:41:08.159 24222 24256 W System.err: 	at sun.nio.ch.DatagramChannelImpl.send(DatagramChannelImpl.java:514)
11-06 14:41:08.159 24222 24256 W System.err: 	at symlab.CloudAR.network.TransmissionTask.run(TransmissionTask.java:124)
11-06 14:41:08.159 24222 24256 W System.err: 	at android.os.Handler.handleCallback(Handler.java:907)
11-06 14:41:08.159 24222 24256 W System.err: 	at android.os.Handler.dispatchMessage(Handler.java:105)
11-06 14:41:08.159 24222 24256 W System.err: 	at android.os.Looper.loop(Looper.java:216)
11-06 14:41:08.159 24222 24256 W System.err: 	at android.os.HandlerThread.run(HandlerThread.java:65)
11-06 14:41:08.197 24222 24222 D Poster  : At 1573044068197 location is 65.05862687530266 (latitude), and 25.466730755699228 (longitude)
11-06 14:41:08.199 24222 24222 D Poster  : Connected to mobile network 20
11-06 14:41:08.246 24222 24256 W System.err: java.net.SocketException: Message too long
11-06 14:41:08.246 24222 24256 W System.err: 	at sun.nio.ch.DatagramChannelImpl.send0(Native Method)
11-06 14:41:08.246 24222 24256 W System.err: 	at sun.nio.ch.DatagramChannelImpl.sendFromNativeBuffer(DatagramChannelImpl.java:573)
11-06 14:41:08.246 24222 24256 W System.err: 	at sun.nio.ch.DatagramChannelImpl.send(DatagramChannelImpl.java:550)
11-06 14:41:08.246 24222 24256 W System.err: 	at sun.nio.ch.DatagramChannelImpl.send(DatagramChannelImpl.java:514)
11-06 14:41:08.246 24222 24256 W System.err: 	at symlab.CloudAR.network.TransmissionTask.run(TransmissionTask.java:124)
11-06 14:41:08.246 24222 24256 W System.err: 	at android.os.Handler.handleCallback(Handler.java:907)
11-06 14:41:08.246 24222 24256 W System.err: 	at android.os.Handler.dispatchMessage(Handler.java:105)
11-06 14:41:08.246 24222 24256 W System.err: 	at android.os.Looper.loop(Looper.java:216)
11-06 14:41:08.246 24222 24256 W System.err: 	at android.os.HandlerThread.run(HandlerThread.java:65)
11-06 14:41:08.269 24222 24256 W System.err: java.net.SocketException: Message too long
11-06 14:41:08.269 24222 24256 W System.err: 	at sun.nio.ch.DatagramChannelImpl.send0(Native Method)
11-06 14:41:08.269 24222 24256 W System.err: 	at sun.nio.ch.DatagramChannelImpl.sendFromNativeBuffer(DatagramChannelImpl.java:573)
11-06 14:41:08.269 24222 24256 W System.err: 	at sun.nio.ch.DatagramChannelImpl.send(DatagramChannelImpl.java:550)
11-06 14:41:08.269 24222 24256 W System.err: 	at sun.nio.ch.DatagramChannelImpl.send(DatagramChannelImpl.java:514)
11-06 14:41:08.269 24222 24256 W System.err: 	at symlab.CloudAR.network.TransmissionTask.run(TransmissionTask.java:124)
11-06 14:41:08.269 24222 24256 W System.err: 	at android.os.Handler.handleCallback(Handler.java:907)
11-06 14:41:08.269 24222 24256 W System.err: 	at android.os.Handler.dispatchMessage(Handler.java:105)
11-06 14:41:08.269 24222 24256 W System.err: 	at android.os.Looper.loop(Looper.java:216)
11-06 14:41:08.269 24222 24256 W System.err: 	at android.os.HandlerThread.run(HandlerThread.java:65)
11-06 14:41:08.292 24222 24256 W System.err: java.net.SocketException: Message too long
11-06 14:41:08.292 24222 24256 W System.err: 	at sun.nio.ch.DatagramChannelImpl.send0(Native Method)
11-06 14:41:08.292 24222 24256 W System.err: 	at sun.nio.ch.DatagramChannelImpl.sendFromNativeBuffer(DatagramChannelImpl.java:573)
11-06 14:41:08.292 24222 24256 W System.err: 	at sun.nio.ch.DatagramChannelImpl.send(DatagramChannelImpl.java:550)
11-06 14:41:08.292 24222 24256 W System.err: 	at sun.nio.ch.DatagramChannelImpl.send(DatagramChannelImpl.java:514)
11-06 14:41:08.292 24222 24256 W System.err: 	at symlab.CloudAR.network.TransmissionTask.run(TransmissionTask.java:124)
11-06 14:41:08.292 24222 24256 W System.err: 	at android.os.Handler.handleCallback(Handler.java:907)
11-06 14:41:08.292 24222 24256 W System.err: 	at android.os.Handler.dispatchMessage(Handler.java:105)
11-06 14:41:08.292 24222 24256 W System.err: 	at android.os.Looper.loop(Looper.java:216)
11-06 14:41:08.292 24222 24256 W System.err: 	at android.os.HandlerThread.run(HandlerThread.java:65)
11-06 14:41:08.334 24222 24256 W System.err: java.net.SocketException: Message too long
11-06 14:41:08.335 24222 24256 W System.err: 	at sun.nio.ch.DatagramChannelImpl.send0(Native Method)
11-06 14:41:08.335 24222 24256 W System.err: 	at sun.nio.ch.DatagramChannelImpl.sendFromNativeBuffer(DatagramChannelImpl.java:573)
11-06 14:41:08.335 24222 24256 W System.err: 	at sun.nio.ch.DatagramChannelImpl.send(DatagramChannelImpl.java:550)
11-06 14:41:08.335 24222 24256 W System.err: 	at sun.nio.ch.DatagramChannelImpl.send(DatagramChannelImpl.java:514)
11-06 14:41:08.335 24222 24256 W System.err: 	at symlab.CloudAR.network.TransmissionTask.run(TransmissionTask.java:124)
11-06 14:41:08.335 24222 24256 W System.err: 	at android.os.Handler.handleCallback(Handler.java:907)
11-06 14:41:08.335 24222 24256 W System.err: 	at android.os.Handler.dispatchMessage(Handler.java:105)
11-06 14:41:08.335 24222 24256 W System.err: 	at android.os.Looper.loop(Looper.java:216)
11-06 14:41:08.335 24222 24256 W System.err: 	at android.os.HandlerThread.run(HandlerThread.java:65)
