11-06 15:38:24.228 31916 31950 D Evaluation: Frame 276 sent at 1573047504228
11-06 15:38:24.264 31916 31916 D Poster  : At 1573047504264 location is 65.05789504114938 (latitude), and 25.469829957775666 (longitude)
11-06 15:38:24.266 31916 31916 D Poster  : Connected to mobile network 20
11-06 15:38:24.312 31916 31950 D Evaluation: Frame 277 sent at 1573047504312
11-06 15:38:24.349 31916 31950 D Evaluation: Frame 278 sent at 1573047504349
11-06 15:38:24.418 31916 31950 D Evaluation: Frame 279 sent at 1573047504418
11-06 15:38:24.477 31916 31950 D Evaluation: Frame 280 sent at 1573047504477
11-06 15:38:24.540 31916 31950 D Evaluation: Frame 281 sent at 1573047504540
11-06 15:38:24.596 31916 31950 D Evaluation: Frame 282 sent at 1573047504596
11-06 15:38:24.651 31916 31950 D Evaluation: Frame 283 sent at 1573047504651
11-06 15:38:24.718 31916 31950 D Evaluation: Frame 284 sent at 1573047504718
11-06 15:38:24.783 31916 31950 D Evaluation: Frame 285 sent at 1573047504783
11-06 15:38:24.832 31916 31950 D Evaluation: Frame 286 sent at 1573047504832
11-06 15:38:24.896 31916 31950 D Evaluation: Frame 287 sent at 1573047504896
11-06 15:38:24.899 31916 31950 D Evaluation: 0 res for frame 285 received at 1573047504899
11-06 15:38:24.957 31916 31950 D Evaluation: Frame 288 sent at 1573047504957
11-06 15:38:24.961 31916 31950 D Evaluation: 0 res for frame 286 received at 1573047504961
11-06 15:38:25.026 31916 31950 D Evaluation: Frame 289 sent at 1573047505026
11-06 15:38:25.030 31916 31950 D Evaluation: 0 res for frame 287 received at 1573047505030
11-06 15:38:25.084 31916 31950 D Evaluation: Frame 290 sent at 1573047505084
11-06 15:38:25.088 31916 31950 D Evaluation: 0 res for frame 288 received at 1573047505088
11-06 15:38:25.140 31916 31950 D Evaluation: Frame 291 sent at 1573047505140
11-06 15:38:25.143 31916 31950 D Evaluation: 0 res for frame 289 received at 1573047505143
11-06 15:38:25.204 31916 31950 D Evaluation: Frame 292 sent at 1573047505204
11-06 15:38:25.207 31916 31950 D Evaluation: 0 res for frame 290 received at 1573047505207
11-06 15:38:25.270 31916 31950 D Evaluation: Frame 293 sent at 1573047505270
11-06 15:38:25.273 31916 31950 D Evaluation: 0 res for frame 291 received at 1573047505273
11-06 15:38:25.277 31916 31916 D Poster  : At 1573047505277 location is 65.05789504114938 (latitude), and 25.469829957775666 (longitude)
11-06 15:38:25.279 31916 31916 D Poster  : Connected to mobile network 20
11-06 15:38:25.326 31916 31950 D Evaluation: Frame 294 sent at 1573047505326
11-06 15:38:25.329 31916 31950 D Evaluation: 0 res for frame 292 received at 1573047505329
11-06 15:38:25.389 31916 31950 D Evaluation: Frame 295 sent at 1573047505389
11-06 15:38:25.392 31916 31950 D Evaluation: 0 res for frame 293 received at 1573047505392
11-06 15:38:25.430 31916 31950 D Evaluation: Frame 296 sent at 1573047505430
11-06 15:38:25.432 31916 31950 D Evaluation: 0 res for frame 294 received at 1573047505432
11-06 15:38:25.496 31916 31950 D Evaluation: Frame 297 sent at 1573047505496
11-06 15:38:25.499 31916 31950 D Evaluation: 0 res for frame 295 received at 1573047505499
11-06 15:38:25.555 31916 31950 D Evaluation: Frame 298 sent at 1573047505555
11-06 15:38:25.558 31916 31950 D Evaluation: 0 res for frame 296 received at 1573047505558
11-06 15:38:25.629 31916 31950 D Evaluation: Frame 299 sent at 1573047505629
11-06 15:38:25.632 31916 31950 D Evaluation: 0 res for frame 297 received at 1573047505632
11-06 15:38:25.690 31916 31950 D Evaluation: Frame 300 sent at 1573047505690
11-06 15:38:25.693 31916 31950 D Evaluation: 0 res for frame 298 received at 1573047505693
11-06 15:38:25.759 31916 31950 D Evaluation: Frame 301 sent at 1573047505759
11-06 15:38:25.763 31916 31950 D Evaluation: 0 res for frame 299 received at 1573047505763
11-06 15:38:25.801 31916 31950 D Evaluation: Frame 302 sent at 1573047505801
11-06 15:38:25.803 31916 31950 D Evaluation: 0 res for frame 300 received at 1573047505803
11-06 15:38:25.865 31916 31950 D Evaluation: Frame 303 sent at 1573047505865
11-06 15:38:25.868 31916 31950 D Evaluation: 0 res for frame 301 received at 1573047505868
11-06 15:38:25.930 31916 31950 D Evaluation: Frame 304 sent at 1573047505930
11-06 15:38:25.932 31916 31950 D Evaluation: 0 res for frame 302 received at 1573047505932
11-06 15:38:25.990 31916 31950 D Evaluation: Frame 305 sent at 1573047505990
11-06 15:38:25.992 31916 31950 D Evaluation: 0 res for frame 303 received at 1573047505992
11-06 15:38:26.041 31916 31950 D Evaluation: Frame 306 sent at 1573047506041
11-06 15:38:26.044 31916 31950 D Evaluation: 0 res for frame 304 received at 1573047506044
11-06 15:38:26.096 31916 31950 D Evaluation: Frame 307 sent at 1573047506096
11-06 15:38:26.099 31916 31950 D Evaluation: 0 res for frame 305 received at 1573047506099
11-06 15:38:26.168 31916 31950 D Evaluation: Frame 308 sent at 1573047506168
11-06 15:38:26.170 31916 31950 D Evaluation: 0 res for frame 306 received at 1573047506170
11-06 15:38:26.228 31916 31950 D Evaluation: Frame 309 sent at 1573047506228
11-06 15:38:26.231 31916 31950 D Evaluation: 0 res for frame 307 received at 1573047506231
11-06 15:38:26.285 31916 31916 D Poster  : At 1573047506285 location is 65.05789504114938 (latitude), and 25.469829957775666 (longitude)
11-06 15:38:26.287 31916 31916 D Poster  : Connected to mobile network 20
11-06 15:38:26.289 31916 31950 D Evaluation: Frame 310 sent at 1573047506289
11-06 15:38:26.292 31916 31950 D Evaluation: 0 res for frame 308 received at 1573047506292
11-06 15:38:26.341 31916 31950 D Evaluation: Frame 311 sent at 1573047506341
11-06 15:38:26.344 31916 31950 D Evaluation: 0 res for frame 309 received at 1573047506344
11-06 15:38:26.408 31916 31950 D Evaluation: Frame 312 sent at 1573047506408
11-06 15:38:26.410 31916 31950 D Evaluation: 0 res for frame 310 received at 1573047506410
11-06 15:38:26.467 31916 31950 D Evaluation: Frame 313 sent at 1573047506467
11-06 15:38:26.469 31916 31950 D Evaluation: 0 res for frame 311 received at 1573047506469
11-06 15:38:26.525 31916 31950 D Evaluation: Frame 314 sent at 1573047506525
11-06 15:38:26.527 31916 31950 D Evaluation: 0 res for frame 312 received at 1573047506527
11-06 15:38:26.586 31916 31950 D Evaluation: Frame 315 sent at 1573047506586
11-06 15:38:26.588 31916 31950 D Evaluation: 0 res for frame 313 received at 1573047506588
11-06 15:38:26.642 31916 31950 D Evaluation: Frame 316 sent at 1573047506642
11-06 15:38:26.645 31916 31950 D Evaluation: 0 res for frame 314 received at 1573047506644
11-06 15:38:26.704 31916 31950 D Evaluation: Frame 317 sent at 1573047506704
11-06 15:38:26.706 31916 31950 D Evaluation: 0 res for frame 315 received at 1573047506706
11-06 15:38:26.769 31916 31950 D Evaluation: Frame 318 sent at 1573047506769
11-06 15:38:26.771 31916 31950 D Evaluation: 0 res for frame 316 received at 1573047506771
11-06 15:38:26.830 31916 31950 D Evaluation: Frame 319 sent at 1573047506830
11-06 15:38:26.832 31916 31950 D Evaluation: 0 res for frame 317 received at 1573047506832
11-06 15:38:26.895 31916 31950 D Evaluation: Frame 320 sent at 1573047506895
11-06 15:38:26.899 31916 31950 D Evaluation: 0 res for frame 318 received at 1573047506899
11-06 15:38:26.953 31916 31950 D Evaluation: Frame 321 sent at 1573047506953
11-06 15:38:26.956 31916 31950 D Evaluation: 0 res for frame 319 received at 1573047506956
11-06 15:38:27.011 31916 31950 D Evaluation: Frame 322 sent at 1573047507011
11-06 15:38:27.014 31916 31950 D Evaluation: 0 res for frame 320 received at 1573047507014
11-06 15:38:27.080 31916 31950 D Evaluation: Frame 323 sent at 1573047507080
11-06 15:38:27.083 31916 31950 D Evaluation: 0 res for frame 321 received at 1573047507083
11-06 15:38:27.135 31916 31950 D Evaluation: Frame 324 sent at 1573047507135
11-06 15:38:27.138 31916 31950 D Evaluation: 0 res for frame 322 received at 1573047507138
11-06 15:38:27.204 31916 31950 D Evaluation: Frame 325 sent at 1573047507204
11-06 15:38:27.207 31916 31950 D Evaluation: 0 res for frame 323 received at 1573047507207
11-06 15:38:27.246 31916 31950 D Evaluation: Frame 326 sent at 1573047507246
11-06 15:38:27.248 31916 31950 D Evaluation: 0 res for frame 324 received at 1573047507248
11-06 15:38:27.269 31916 31916 D Poster  : At 1573047507268 location is 65.05789504114938 (latitude), and 25.469829957775666 (longitude)
11-06 15:38:27.272 31916 31916 D Poster  : Connected to mobile network 20
11-06 15:38:27.313 31916 31950 D Evaluation: Frame 327 sent at 1573047507313
11-06 15:38:27.368 31916 31950 D Evaluation: Frame 328 sent at 1573047507368
11-06 15:38:27.370 31916 31950 D Evaluation: 0 res for frame 325 received at 1573047507370
11-06 15:38:27.421 31916 31950 D Evaluation: Frame 329 sent at 1573047507421
11-06 15:38:27.424 31916 31950 D Evaluation: 0 res for frame 326 received at 1573047507424
11-06 15:38:27.482 31916 31950 D Evaluation: Frame 330 sent at 1573047507482
11-06 15:38:27.487 31916 31950 D Evaluation: 0 res for frame 327 received at 1573047507487
11-06 15:38:27.549 31916 31950 D Evaluation: Frame 331 sent at 1573047507549
11-06 15:38:27.551 31916 31950 D Evaluation: 0 res for frame 328 received at 1573047507551
11-06 15:38:27.608 31916 31950 D Evaluation: Frame 332 sent at 1573047507608
11-06 15:38:27.610 31916 31950 D Evaluation: 0 res for frame 329 received at 1573047507610
11-06 15:38:27.668 31916 31950 D Evaluation: Frame 333 sent at 1573047507668
11-06 15:38:27.671 31916 31950 D Evaluation: 0 res for frame 330 received at 1573047507671
11-06 15:38:27.729 31916 31950 D Evaluation: Frame 334 sent at 1573047507729
11-06 15:38:27.732 31916 31950 D Evaluation: 0 res for frame 331 received at 1573047507732
11-06 15:38:27.797 31916 31950 D Evaluation: Frame 335 sent at 1573047507797
11-06 15:38:27.800 31916 31950 D Evaluation: 0 res for frame 332 received at 1573047507800
11-06 15:38:27.845 31916 31950 D Evaluation: Frame 336 sent at 1573047507845
11-06 15:38:27.847 31916 31950 D Evaluation: 0 res for frame 333 received at 1573047507847
11-06 15:38:27.902 31916 31950 D Evaluation: Frame 337 sent at 1573047507902
11-06 15:38:27.904 31916 31950 D Evaluation: 0 res for frame 334 received at 1573047507904
11-06 15:38:27.966 31916 31950 D Evaluation: Frame 338 sent at 1573047507966
11-06 15:38:27.969 31916 31950 D Evaluation: 0 res for frame 335 received at 1573047507969
11-06 15:38:28.032 31916 31950 D Evaluation: Frame 339 sent at 1573047508032
11-06 15:38:28.034 31916 31950 D Evaluation: 0 res for frame 336 received at 1573047508034
11-06 15:38:28.090 31916 31950 D Evaluation: Frame 340 sent at 1573047508090
11-06 15:38:28.093 31916 31950 D Evaluation: 0 res for frame 337 received at 1573047508093
11-06 15:38:28.154 31916 31950 D Evaluation: Frame 341 sent at 1573047508154
11-06 15:38:28.157 31916 31950 D Evaluation: 0 res for frame 338 received at 1573047508157
11-06 15:38:28.214 31916 31950 D Evaluation: Frame 342 sent at 1573047508214
11-06 15:38:28.217 31916 31950 D Evaluation: 0 res for frame 339 received at 1573047508217
11-06 15:38:28.265 31916 31916 D Poster  : At 1573047508265 location is 65.05789504114938 (latitude), and 25.469829957775666 (longitude)
11-06 15:38:28.267 31916 31916 D Poster  : Connected to mobile network 20
11-06 15:38:28.271 31916 31950 D Evaluation: Frame 343 sent at 1573047508271
11-06 15:38:28.274 31916 31950 D Evaluation: 0 res for frame 340 received at 1573047508274
11-06 15:38:28.329 31916 31950 D Evaluation: Frame 344 sent at 1573047508329
11-06 15:38:28.332 31916 31950 D Evaluation: 0 res for frame 341 received at 1573047508332
11-06 15:38:28.395 31916 31950 D Evaluation: Frame 345 sent at 1573047508395
11-06 15:38:28.398 31916 31950 D Evaluation: 0 res for frame 342 received at 1573047508398
11-06 15:38:28.457 31916 31950 D Evaluation: Frame 346 sent at 1573047508457
11-06 15:38:28.460 31916 31950 D Evaluation: 0 res for frame 343 received at 1573047508460
11-06 15:38:28.510 31916 31950 D Evaluation: Frame 347 sent at 1573047508510
11-06 15:38:28.512 31916 31950 D Evaluation: 0 res for frame 344 received at 1573047508512
11-06 15:38:28.568 31916 31950 D Evaluation: Frame 348 sent at 1573047508568
11-06 15:38:28.571 31916 31950 D Evaluation: 0 res for frame 345 received at 1573047508571
11-06 15:38:28.636 31916 31950 D Evaluation: Frame 349 sent at 1573047508636
11-06 15:38:28.639 31916 31950 D Evaluation: 0 res for frame 346 received at 1573047508639
11-06 15:38:28.704 31916 31950 D Evaluation: Frame 350 sent at 1573047508704
11-06 15:38:28.707 31916 31927 E         : [ZeroHung]zrhung_get_config: Get config failed for wp[0x0008]
11-06 15:38:28.707 31916 31950 D Evaluation: 0 res for frame 347 received at 1573047508707
11-06 15:38:28.743 31916 31925 W System  : A resource failed to call close. 
11-06 15:38:28.750 31916 31925 I chatty  : uid=10149(symlab.cloudridar.arhud) FinalizerDaemon identical 54 lines
11-06 15:38:28.751 31916 31925 W System  : A resource failed to call close. 
11-06 15:38:28.751 31916 31925 W System  : A resource failed to call close. 
11-06 15:38:28.759 31916 31925 I chatty  : uid=10149(symlab.cloudridar.arhud) FinalizerDaemon identical 65 lines
11-06 15:38:28.759 31916 31925 W System  : A resource failed to call close. 
11-06 15:38:28.759 31916 31950 D Evaluation: Frame 351 sent at 1573047508759
11-06 15:38:28.759 31916 31925 W System  : A resource failed to call close. 
11-06 15:38:28.759 31916 31925 I chatty  : uid=10149(symlab.cloudridar.arhud) FinalizerDaemon identical 1 line
11-06 15:38:28.760 31916 31925 W System  : A resource failed to call close. 
11-06 15:38:28.762 31916 31950 D Evaluation: 0 res for frame 348 received at 1573047508762
11-06 15:38:28.811 31916 31950 D Evaluation: Frame 352 sent at 1573047508811
11-06 15:38:28.814 31916 31950 D Evaluation: 0 res for frame 349 received at 1573047508814
11-06 15:38:28.872 31916 31950 D Evaluation: Frame 353 sent at 1573047508872
11-06 15:38:28.875 31916 31950 D Evaluation: 0 res for frame 350 received at 1573047508875
11-06 15:38:28.938 31916 31950 D Evaluation: Frame 354 sent at 1573047508938
11-06 15:38:28.941 31916 31950 D Evaluation: 0 res for frame 351 received at 1573047508941
11-06 15:38:29.002 31916 31950 D Evaluation: Frame 355 sent at 1573047509002
11-06 15:38:29.005 31916 31950 D Evaluation: 0 res for frame 352 received at 1573047509005
11-06 15:38:29.058 31916 31950 D Evaluation: Frame 356 sent at 1573047509058
11-06 15:38:29.065 31916 31950 D Evaluation: 0 res for frame 353 received at 1573047509065
11-06 15:38:29.115 31916 31950 D Evaluation: Frame 357 sent at 1573047509115
11-06 15:38:29.118 31916 31950 D Evaluation: 0 res for frame 354 received at 1573047509118
11-06 15:38:29.171 31916 31950 D Evaluation: Frame 358 sent at 1573047509171
11-06 15:38:29.173 31916 31950 D Evaluation: 0 res for frame 355 received at 1573047509173
11-06 15:38:29.245 31916 31950 D Evaluation: Frame 359 sent at 1573047509245
11-06 15:38:29.249 31916 31950 D Evaluation: 0 res for frame 356 received at 1573047509249
11-06 15:38:29.279 31916 31916 D Poster  : At 1573047509279 location is 65.05789504114938 (latitude), and 25.469829957775666 (longitude)
11-06 15:38:29.284 31916 31916 D Poster  : Connected to mobile network 20
11-06 15:38:29.312 31916 31950 D Evaluation: Frame 360 sent at 1573047509312
11-06 15:38:29.314 31916 31950 D Evaluation: 0 res for frame 357 received at 1573047509314
11-06 15:38:29.350 31916 31950 D Evaluation: Frame 361 sent at 1573047509350
11-06 15:38:29.352 31916 31950 D Evaluation: 0 res for frame 358 received at 1573047509352
11-06 15:38:29.411 31916 31950 D Evaluation: Frame 362 sent at 1573047509411
11-06 15:38:29.414 31916 31950 D Evaluation: 0 res for frame 359 received at 1573047509414
11-06 15:38:29.477 31916 31950 D Evaluation: Frame 363 sent at 1573047509477
11-06 15:38:29.480 31916 31950 D Evaluation: 0 res for frame 360 received at 1573047509480
11-06 15:38:29.547 31916 31950 D Evaluation: Frame 364 sent at 1573047509547
11-06 15:38:29.551 31916 31950 D Evaluation: 0 res for frame 361 received at 1573047509551
11-06 15:38:29.609 31916 31950 D Evaluation: Frame 365 sent at 1573047509609
11-06 15:38:29.611 31916 31950 D Evaluation: 0 res for frame 362 received at 1573047509611
11-06 15:38:29.647 31916 31950 D Evaluation: Frame 366 sent at 1573047509647
11-06 15:38:29.650 31916 31950 D Evaluation: 0 res for frame 363 received at 1573047509650
11-06 15:38:29.712 31916 31950 D Evaluation: Frame 367 sent at 1573047509711
11-06 15:38:29.715 31916 31950 D Evaluation: 0 res for frame 364 received at 1573047509715
11-06 15:38:29.786 31916 31950 D Evaluation: Frame 368 sent at 1573047509786
11-06 15:38:29.789 31916 31950 D Evaluation: 0 res for frame 365 received at 1573047509789
11-06 15:38:29.850 31916 31950 D Evaluation: Frame 369 sent at 1573047509849
11-06 15:38:29.853 31916 31950 D Evaluation: 0 res for frame 366 received at 1573047509853
11-06 15:38:29.905 31916 31950 D Evaluation: Frame 370 sent at 1573047509905
11-06 15:38:29.908 31916 31950 D Evaluation: 0 res for frame 367 received at 1573047509907
11-06 15:38:29.965 31916 31950 D Evaluation: Frame 371 sent at 1573047509965
11-06 15:38:29.968 31916 31950 D Evaluation: 0 res for frame 368 received at 1573047509968
11-06 15:38:30.031 31916 31950 D Evaluation: Frame 372 sent at 1573047510031
11-06 15:38:30.033 31916 31950 D Evaluation: 0 res for frame 369 received at 1573047510033
11-06 15:38:30.075 31916 31950 D Evaluation: Frame 373 sent at 1573047510075
11-06 15:38:30.078 31916 31950 D Evaluation: 0 res for frame 370 received at 1573047510078
11-06 15:38:30.145 31916 31950 D Evaluation: Frame 374 sent at 1573047510145
11-06 15:38:30.148 31916 31950 D Evaluation: 0 res for frame 371 received at 1573047510148
11-06 15:38:30.206 31916 31950 D Evaluation: Frame 375 sent at 1573047510206
11-06 15:38:30.208 31916 31950 D Evaluation: 0 res for frame 372 received at 1573047510208
11-06 15:38:30.253 31916 31950 D Evaluation: Frame 376 sent at 1573047510253
11-06 15:38:30.255 31916 31950 D Evaluation: 0 res for frame 373 received at 1573047510255
11-06 15:38:30.261 31916 31916 D Poster  : At 1573047510259 location is 65.05789504114938 (latitude), and 25.469829957775666 (longitude)
11-06 15:38:30.264 31916 31916 D Poster  : Connected to mobile network 20
11-06 15:38:30.318 31916 31950 D Evaluation: Frame 377 sent at 1573047510318
11-06 15:38:30.321 31916 31950 D Evaluation: 0 res for frame 374 received at 1573047510321
11-06 15:38:30.385 31916 31950 D Evaluation: Frame 378 sent at 1573047510385
11-06 15:38:30.387 31916 31950 D Evaluation: 0 res for frame 375 received at 1573047510387
11-06 15:38:30.452 31916 31950 D Evaluation: Frame 379 sent at 1573047510452
11-06 15:38:30.455 31916 31950 D Evaluation: 0 res for frame 376 received at 1573047510455
11-06 15:38:30.506 31916 31950 D Evaluation: Frame 380 sent at 1573047510506
11-06 15:38:30.508 31916 31950 D Evaluation: 0 res for frame 377 received at 1573047510508
11-06 15:38:30.555 31916 31950 D Evaluation: Frame 381 sent at 1573047510555
11-06 15:38:30.558 31916 31950 D Evaluation: 0 res for frame 378 received at 1573047510558
11-06 15:38:30.626 31916 31950 D Evaluation: Frame 382 sent at 1573047510626
11-06 15:38:30.629 31916 31950 D Evaluation: 0 res for frame 379 received at 1573047510629
11-06 15:38:30.681 31916 31950 D Evaluation: Frame 383 sent at 1573047510681
11-06 15:38:30.684 31916 31950 D Evaluation: 0 res for frame 380 received at 1573047510683
11-06 15:38:30.750 31916 31950 D Evaluation: Frame 384 sent at 1573047510750
11-06 15:38:30.753 31916 31950 D Evaluation: 0 res for frame 381 received at 1573047510753
11-06 15:38:30.814 31916 31950 D Evaluation: Frame 385 sent at 1573047510814
11-06 15:38:30.817 31916 31950 D Evaluation: 0 res for frame 382 received at 1573047510817
11-06 15:38:30.866 31916 31950 D Evaluation: Frame 386 sent at 1573047510866
11-06 15:38:30.868 31916 31950 D Evaluation: 0 res for frame 383 received at 1573047510868
11-06 15:38:30.932 31916 31950 D Evaluation: Frame 387 sent at 1573047510932
11-06 15:38:30.934 31916 31950 D Evaluation: 0 res for frame 384 received at 1573047510934
11-06 15:38:30.986 31916 31950 D Evaluation: Frame 388 sent at 1573047510986
11-06 15:38:30.988 31916 31950 D Evaluation: 0 res for frame 385 received at 1573047510988
11-06 15:38:31.051 31916 31950 D Evaluation: Frame 389 sent at 1573047511051
11-06 15:38:31.054 31916 31950 D Evaluation: 0 res for frame 386 received at 1573047511054
11-06 15:38:31.125 31916 31950 D Evaluation: Frame 390 sent at 1573047511125
11-06 15:38:31.128 31916 31950 D Evaluation: 0 res for frame 387 received at 1573047511128
11-06 15:38:31.154 31916 31950 D Evaluation: Frame 391 sent at 1573047511154
11-06 15:38:31.156 31916 31950 D Evaluation: 0 res for frame 388 received at 1573047511156
11-06 15:38:31.221 31916 31950 D Evaluation: Frame 392 sent at 1573047511221
11-06 15:38:31.224 31916 31950 D Evaluation: 0 res for frame 389 received at 1573047511224
11-06 15:38:31.262 31916 31916 D Poster  : At 1573047511262 location is 65.05789504114938 (latitude), and 25.469829957775666 (longitude)
11-06 15:38:31.265 31916 31916 D Poster  : Connected to mobile network 20
11-06 15:38:31.301 31916 31950 D Evaluation: Frame 393 sent at 1573047511301
11-06 15:38:31.303 31916 31950 D Evaluation: 0 res for frame 390 received at 1573047511303
11-06 15:38:31.332 31916 31950 D Evaluation: Frame 394 sent at 1573047511332
11-06 15:38:31.335 31916 31950 D Evaluation: 0 res for frame 391 received at 1573047511335
11-06 15:38:31.411 31916 31950 D Evaluation: Frame 395 sent at 1573047511411
11-06 15:38:31.414 31916 31950 D Evaluation: 0 res for frame 392 received at 1573047511414
11-06 15:38:31.467 31916 31950 D Evaluation: Frame 396 sent at 1573047511467
11-06 15:38:31.470 31916 31950 D Evaluation: 0 res for frame 393 received at 1573047511470
11-06 15:38:31.531 31916 31950 D Evaluation: Frame 397 sent at 1573047511531
11-06 15:38:31.534 31916 31950 D Evaluation: 0 res for frame 394 received at 1573047511534
11-06 15:38:31.602 31916 31950 D Evaluation: Frame 398 sent at 1573047511602
11-06 15:38:31.605 31916 31950 D Evaluation: 0 res for frame 395 received at 1573047511605
11-06 15:38:31.649 31916 31950 D Evaluation: Frame 399 sent at 1573047511649
11-06 15:38:31.651 31916 31950 D Evaluation: 0 res for frame 396 received at 1573047511651
11-06 15:38:31.712 31916 31950 D Evaluation: Frame 400 sent at 1573047511712
11-06 15:38:31.715 31916 31950 D Evaluation: 0 res for frame 397 received at 1573047511715
11-06 15:38:31.771 31916 31950 D Evaluation: Frame 401 sent at 1573047511771
11-06 15:38:31.773 31916 31950 D Evaluation: 0 res for frame 398 received at 1573047511773
11-06 15:38:31.826 31916 31950 D Evaluation: Frame 402 sent at 1573047511826
11-06 15:38:31.828 31916 31950 D Evaluation: 0 res for frame 399 received at 1573047511828
11-06 15:38:31.884 31916 31950 D Evaluation: Frame 403 sent at 1573047511884
11-06 15:38:31.886 31916 31950 D Evaluation: 0 res for frame 400 received at 1573047511886
11-06 15:38:31.943 31916 31950 D Evaluation: Frame 404 sent at 1573047511943
11-06 15:38:31.945 31916 31950 D Evaluation: 0 res for frame 401 received at 1573047511945
11-06 15:38:32.015 31916 31950 D Evaluation: Frame 405 sent at 1573047512015
11-06 15:38:32.017 31916 31950 D Evaluation: 0 res for frame 402 received at 1573047512017
11-06 15:38:32.067 31916 31950 D Evaluation: Frame 406 sent at 1573047512067
11-06 15:38:32.070 31916 31950 D Evaluation: 0 res for frame 403 received at 1573047512070
11-06 15:38:32.130 31916 31950 D Evaluation: Frame 407 sent at 1573047512129
11-06 15:38:32.132 31916 31950 D Evaluation: 0 res for frame 404 received at 1573047512132
11-06 15:38:32.194 31916 31950 D Evaluation: Frame 408 sent at 1573047512193
11-06 15:38:32.197 31916 31950 D Evaluation: 0 res for frame 405 received at 1573047512197
11-06 15:38:32.254 31916 31950 D Evaluation: Frame 409 sent at 1573047512254
11-06 15:38:32.257 31916 31950 D Evaluation: 0 res for frame 406 received at 1573047512257
11-06 15:38:32.266 31916 31916 D Poster  : At 1573047512266 location is 65.05789504114938 (latitude), and 25.469829957775666 (longitude)
11-06 15:38:32.269 31916 31916 D Poster  : Connected to mobile network 20
11-06 15:38:32.310 31916 31950 D Evaluation: Frame 410 sent at 1573047512310
11-06 15:38:32.313 31916 31950 D Evaluation: 0 res for frame 407 received at 1573047512313
11-06 15:38:32.371 31916 31950 D Evaluation: Frame 411 sent at 1573047512371
11-06 15:38:32.373 31916 31950 D Evaluation: 0 res for frame 408 received at 1573047512373
11-06 15:38:32.427 31916 31950 D Evaluation: Frame 412 sent at 1573047512427
11-06 15:38:32.429 31916 31950 D Evaluation: 0 res for frame 409 received at 1573047512429
11-06 15:38:32.486 31916 31950 D Evaluation: Frame 413 sent at 1573047512486
11-06 15:38:32.489 31916 31950 D Evaluation: 0 res for frame 410 received at 1573047512489
11-06 15:38:32.551 31916 31950 D Evaluation: Frame 414 sent at 1573047512551
11-06 15:38:32.554 31916 31950 D Evaluation: 0 res for frame 411 received at 1573047512554
11-06 15:38:32.622 31916 31950 D Evaluation: Frame 415 sent at 1573047512622
11-06 15:38:32.625 31916 31950 D Evaluation: 0 res for frame 412 received at 1573047512625
11-06 15:38:32.668 31916 31950 D Evaluation: Frame 416 sent at 1573047512668
11-06 15:38:32.671 31916 31950 D Evaluation: 0 res for frame 413 received at 1573047512670
11-06 15:38:32.735 31916 31950 D Evaluation: Frame 417 sent at 1573047512735
11-06 15:38:32.737 31916 31950 D Evaluation: 0 res for frame 414 received at 1573047512737
11-06 15:38:32.788 31916 31950 D Evaluation: Frame 418 sent at 1573047512788
11-06 15:38:32.790 31916 31950 D Evaluation: 0 res for frame 415 received at 1573047512790
11-06 15:38:32.859 31916 31950 D Evaluation: Frame 419 sent at 1573047512859
11-06 15:38:32.863 31916 31950 D Evaluation: 0 res for frame 416 received at 1573047512863
11-06 15:38:32.921 31916 31950 D Evaluation: Frame 420 sent at 1573047512921
11-06 15:38:32.925 31916 31950 D Evaluation: 0 res for frame 417 received at 1573047512925
11-06 15:38:32.982 31916 31950 D Evaluation: Frame 421 sent at 1573047512982
11-06 15:38:32.986 31916 31950 D Evaluation: 0 res for frame 418 received at 1573047512986
11-06 15:38:33.035 31916 31950 D Evaluation: Frame 422 sent at 1573047513035
11-06 15:38:33.038 31916 31950 D Evaluation: 0 res for frame 419 received at 1573047513038
11-06 15:38:33.097 31916 31950 D Evaluation: Frame 423 sent at 1573047513097
11-06 15:38:33.100 31916 31950 D Evaluation: 0 res for frame 420 received at 1573047513100
11-06 15:38:33.162 31916 31950 D Evaluation: Frame 424 sent at 1573047513162
11-06 15:38:33.165 31916 31950 D Evaluation: 0 res for frame 421 received at 1573047513165
11-06 15:38:33.166 31916 31927 E         : [ZeroHung]zrhung_get_config: Get config failed for wp[0x0008]
11-06 15:38:33.193 31916 31925 W System  : A resource failed to call close. 
11-06 15:38:33.194 31916 31925 I chatty  : uid=10149(symlab.cloudridar.arhud) FinalizerDaemon identical 4 lines
11-06 15:38:33.194 31916 31925 W System  : A resource failed to call close. 
11-06 15:38:33.194 31916 31925 W System  : A resource failed to call close. 
11-06 15:38:33.194 31916 31925 W System  : A resource failed to call close. 
11-06 15:38:33.194 31916 31925 W System  : A resource failed to call close. 
11-06 15:38:33.204 31916 31925 I chatty  : uid=10149(symlab.cloudridar.arhud) FinalizerDaemon identical 138 lines
11-06 15:38:33.204 31916 31925 W System  : A resource failed to call close. 
11-06 15:38:33.226 31916 31950 D Evaluation: Frame 425 sent at 1573047513226
11-06 15:38:33.229 31916 31950 D Evaluation: 0 res for frame 422 received at 1573047513229
11-06 15:38:33.262 31916 31916 D Poster  : At 1573047513262 location is 65.05789504114938 (latitude), and 25.469829957775666 (longitude)
11-06 15:38:33.264 31916 31916 D Poster  : Connected to mobile network 20
11-06 15:38:33.268 31916 31950 D Evaluation: Frame 426 sent at 1573047513268
11-06 15:38:33.271 31916 31950 D Evaluation: 0 res for frame 423 received at 1573047513271
11-06 15:38:33.329 31916 31950 D Evaluation: Frame 427 sent at 1573047513329
11-06 15:38:33.331 31916 31950 D Evaluation: 0 res for frame 424 received at 1573047513331
11-06 15:38:33.393 31916 31950 D Evaluation: Frame 428 sent at 1573047513393
11-06 15:38:33.395 31916 31950 D Evaluation: 0 res for frame 425 received at 1573047513395
11-06 15:38:33.454 31916 31950 D Evaluation: Frame 429 sent at 1573047513454
11-06 15:38:33.457 31916 31950 D Evaluation: 0 res for frame 426 received at 1573047513457
11-06 15:38:33.519 31916 31950 D Evaluation: Frame 430 sent at 1573047513519
11-06 15:38:33.522 31916 31950 D Evaluation: 0 res for frame 427 received at 1573047513522
11-06 15:38:33.580 31916 31950 D Evaluation: Frame 431 sent at 1573047513580
11-06 15:38:33.584 31916 31950 D Evaluation: 0 res for frame 428 received at 1573047513584
11-06 15:38:33.649 31916 31950 D Evaluation: Frame 432 sent at 1573047513649
11-06 15:38:33.651 31916 31950 D Evaluation: 0 res for frame 429 received at 1573047513651
11-06 15:38:33.697 31916 31950 D Evaluation: Frame 433 sent at 1573047513697
11-06 15:38:33.699 31916 31950 D Evaluation: 0 res for frame 430 received at 1573047513699
11-06 15:38:33.762 31916 31950 D Evaluation: Frame 434 sent at 1573047513762
11-06 15:38:33.765 31916 31950 D Evaluation: 0 res for frame 431 received at 1573047513765
11-06 15:38:33.828 31916 31950 D Evaluation: Frame 435 sent at 1573047513828
11-06 15:38:33.831 31916 31950 D Evaluation: 0 res for frame 432 received at 1573047513831
11-06 15:38:33.878 31916 31950 D Evaluation: Frame 436 sent at 1573047513878
11-06 15:38:33.882 31916 31950 D Evaluation: 0 res for frame 433 received at 1573047513882
11-06 15:38:33.935 31916 31950 D Evaluation: Frame 437 sent at 1573047513935
11-06 15:38:33.938 31916 31950 D Evaluation: 0 res for frame 434 received at 1573047513938
11-06 15:38:33.996 31916 31950 D Evaluation: Frame 438 sent at 1573047513996
11-06 15:38:33.998 31916 31950 D Evaluation: 0 res for frame 435 received at 1573047513998
11-06 15:38:34.058 31916 31950 D Evaluation: Frame 439 sent at 1573047514058
11-06 15:38:34.061 31916 31950 D Evaluation: 0 res for frame 436 received at 1573047514061
11-06 15:38:34.122 31916 31950 D Evaluation: Frame 440 sent at 1573047514122
11-06 15:38:34.126 31916 31950 D Evaluation: 0 res for frame 437 received at 1573047514126
11-06 15:38:34.194 31916 31950 D Evaluation: Frame 441 sent at 1573047514194
11-06 15:38:34.197 31916 31950 D Evaluation: 0 res for frame 438 received at 1573047514197
11-06 15:38:34.216 31916 31950 D Evaluation: Frame 442 sent at 1573047514216
11-06 15:38:34.218 31916 31950 D Evaluation: 0 res for frame 439 received at 1573047514218
11-06 15:38:34.267 31916 31916 D Poster  : At 1573047514267 location is 65.05789504114938 (latitude), and 25.469829957775666 (longitude)
11-06 15:38:34.267 31916 31950 D Evaluation: Frame 443 sent at 1573047514267
11-06 15:38:34.269 31916 31916 D Poster  : Connected to mobile network 20
11-06 15:38:34.270 31916 31950 D Evaluation: 0 res for frame 440 received at 1573047514270
11-06 15:38:34.304 31916 31950 D Evaluation: Frame 444 sent at 1573047514304
11-06 15:38:34.306 31916 31950 D Evaluation: 0 res for frame 441 received at 1573047514306
11-06 15:38:34.329 31916 31950 D Evaluation: Frame 445 sent at 1573047514328
11-06 15:38:34.331 31916 31950 D Evaluation: 0 res for frame 442 received at 1573047514331
11-06 15:38:34.358 31916 31950 D Evaluation: Frame 446 sent at 1573047514358
11-06 15:38:34.360 31916 31950 D Evaluation: 0 res for frame 443 received at 1573047514360
11-06 15:38:34.382 31916 31950 D Evaluation: Frame 447 sent at 1573047514382
11-06 15:38:34.418 31916 31950 D Evaluation: Frame 448 sent at 1573047514418
11-06 15:38:34.419 31916 31950 D Evaluation: 0 res for frame 444 received at 1573047514419
11-06 15:38:34.451 31916 31950 D Evaluation: Frame 449 sent at 1573047514451
11-06 15:38:34.497 31916 31950 D Evaluation: Frame 450 sent at 1573047514497
11-06 15:38:34.528 31916 31950 D Evaluation: Frame 451 sent at 1573047514527
11-06 15:38:34.530 31916 31950 D Evaluation: 0 res for frame 445 received at 1573047514530
11-06 15:38:34.564 31916 31950 D Evaluation: Frame 452 sent at 1573047514564
11-06 15:38:34.599 31916 31950 D Evaluation: Frame 453 sent at 1573047514599
11-06 15:38:34.625 31916 31950 D Evaluation: Frame 454 sent at 1573047514625
11-06 15:38:34.653 31916 31950 D Evaluation: Frame 455 sent at 1573047514653
11-06 15:38:34.654 31916 31950 D Evaluation: 0 res for frame 446 received at 1573047514654
11-06 15:38:34.700 31916 31950 D Evaluation: Frame 456 sent at 1573047514700
11-06 15:38:34.725 31916 31950 D Evaluation: Frame 457 sent at 1573047514725
11-06 15:38:34.763 31916 31950 D Evaluation: Frame 458 sent at 1573047514763
11-06 15:38:34.765 31916 31950 D Evaluation: 0 res for frame 447 received at 1573047514765
11-06 15:38:34.787 31916 31950 D Evaluation: Frame 459 sent at 1573047514787
11-06 15:38:34.822 31916 31950 D Evaluation: Frame 460 sent at 1573047514822
11-06 15:38:34.854 31916 31950 D Evaluation: Frame 461 sent at 1573047514854
11-06 15:38:34.894 31916 31950 D Evaluation: Frame 462 sent at 1573047514894
11-06 15:38:34.896 31916 31950 D Evaluation: 1 res for frame 448 received at 1573047514896
11-06 15:38:34.934 31916 31950 D Evaluation: Frame 463 sent at 1573047514934
11-06 15:38:34.968 31916 31950 D Evaluation: Frame 464 sent at 1573047514968
11-06 15:38:34.996 31916 31950 D Evaluation: Frame 465 sent at 1573047514996
11-06 15:38:35.025 31916 31950 D Evaluation: Frame 466 sent at 1573047515025
11-06 15:38:35.055 31916 31950 D Evaluation: Frame 467 sent at 1573047515054
11-06 15:38:35.057 31916 31950 D Evaluation: 0 res for frame 449 received at 1573047515057
11-06 15:38:35.090 31916 31950 D Evaluation: Frame 468 sent at 1573047515090
11-06 15:38:35.128 31916 31950 D Evaluation: Frame 469 sent at 1573047515128
11-06 15:38:35.158 31916 31950 D Evaluation: Frame 470 sent at 1573047515158
11-06 15:38:35.220 31916 31950 D Evaluation: Frame 472 sent at 1573047515219
11-06 15:38:35.245 31916 31950 D Evaluation: Frame 472 sent at 1573047515245
11-06 15:38:35.256 31916 31916 D Poster  : At 1573047515255 location is 65.05789504114938 (latitude), and 25.469829957775666 (longitude)
11-06 15:38:35.258 31916 31916 D Poster  : Connected to mobile network 20
11-06 15:38:35.270 31916 31950 D Evaluation: Frame 473 sent at 1573047515270
11-06 15:38:35.270 31916 31927 E         : [ZeroHung]zrhung_get_config: Get config failed for wp[0x0008]
11-06 15:38:35.289 31916 31925 W System  : A resource failed to call close. 
11-06 15:38:35.291 31916 31925 I chatty  : uid=10149(symlab.cloudridar.arhud) FinalizerDaemon identical 38 lines
11-06 15:38:35.291 31916 31925 W System  : A resource failed to call close. 
11-06 15:38:35.291 31916 31925 W System  : A resource failed to call close. 
11-06 15:38:35.291 31916 31925 W System  : A resource failed to call close. 
11-06 15:38:35.292 31916 31925 W System  : A resource failed to call close. 
11-06 15:38:35.292 31916 31925 W System  : A resource failed to call close. 
11-06 15:38:35.292 31916 31925 W System  : A resource failed to call close. 
11-06 15:38:35.292 31916 31925 W System  : A resource failed to call close. 
11-06 15:38:35.292 31916 31925 W System  : A resource failed to call close. 
11-06 15:38:35.292 31916 31925 I chatty  : uid=10149(symlab.cloudridar.arhud) FinalizerDaemon identical 4 lines
11-06 15:38:35.292 31916 31925 W System  : A resource failed to call close. 
11-06 15:38:35.292 31916 31925 W System  : A resource failed to call close. 
11-06 15:38:35.292 31916 31925 W System  : A resource failed to call close. 
11-06 15:38:35.292 31916 31925 W System  : A resource failed to call close. 
11-06 15:38:35.292 31916 31925 W System  : A resource failed to call close. 
11-06 15:38:35.296 31916 31950 D Evaluation: Frame 474 sent at 1573047515296
11-06 15:38:35.321 31916 31950 D Evaluation: Frame 475 sent at 1573047515320
11-06 15:38:35.356 31916 31950 D Evaluation: Frame 476 sent at 1573047515356
11-06 15:38:35.412 31916 31950 D Evaluation: Frame 477 sent at 1573047515412
11-06 15:38:35.441 31916 31950 D Evaluation: Frame 478 sent at 1573047515441
11-06 15:38:35.468 31916 31950 D Evaluation: Frame 479 sent at 1573047515468
11-06 15:38:35.510 31916 31950 D Evaluation: Frame 480 sent at 1573047515510
11-06 15:38:35.540 31916 31950 D Evaluation: Frame 481 sent at 1573047515540
11-06 15:38:35.574 31916 31950 D Evaluation: Frame 482 sent at 1573047515574
11-06 15:38:35.600 31916 31950 D Evaluation: Frame 483 sent at 1573047515600
11-06 15:38:35.637 31916 31950 D Evaluation: Frame 484 sent at 1573047515637
11-06 15:38:35.676 31916 31950 D Evaluation: Frame 485 sent at 1573047515676
11-06 15:38:35.702 31916 31950 D Evaluation: Frame 486 sent at 1573047515702
11-06 15:38:35.723 31916 31950 D Evaluation: Frame 487 sent at 1573047515723
11-06 15:38:35.758 31916 31950 D Evaluation: Frame 488 sent at 1573047515758
11-06 15:38:35.790 31916 31950 D Evaluation: Frame 489 sent at 1573047515790
11-06 15:38:35.842 31916 31950 D Evaluation: Frame 490 sent at 1573047515842
11-06 15:38:35.867 31916 31950 D Evaluation: Frame 491 sent at 1573047515867
11-06 15:38:35.899 31916 31950 D Evaluation: Frame 492 sent at 1573047515898
11-06 15:38:35.935 31916 31950 D Evaluation: Frame 493 sent at 1573047515934
11-06 15:38:36.021 31916 31950 D Evaluation: Frame 494 sent at 1573047516020
11-06 15:38:36.066 31916 31950 D Evaluation: Frame 495 sent at 1573047516066
11-06 15:38:36.087 31916 31950 D Evaluation: Frame 496 sent at 1573047516087
11-06 15:38:36.139 31916 31950 D Evaluation: Frame 497 sent at 1573047516139
11-06 15:38:36.164 31916 31950 W System.err: java.net.SocketException: Message too long
11-06 15:38:36.164 31916 31950 W System.err: 	at sun.nio.ch.DatagramChannelImpl.send0(Native Method)
11-06 15:38:36.164 31916 31950 W System.err: 	at sun.nio.ch.DatagramChannelImpl.sendFromNativeBuffer(DatagramChannelImpl.java:573)
11-06 15:38:36.164 31916 31950 W System.err: 	at sun.nio.ch.DatagramChannelImpl.send(DatagramChannelImpl.java:550)
11-06 15:38:36.164 31916 31950 W System.err: 	at sun.nio.ch.DatagramChannelImpl.send(DatagramChannelImpl.java:514)
11-06 15:38:36.164 31916 31950 W System.err: 	at symlab.CloudAR.network.TransmissionTask.run(TransmissionTask.java:124)
11-06 15:38:36.164 31916 31950 W System.err: 	at android.os.Handler.handleCallback(Handler.java:907)
11-06 15:38:36.164 31916 31950 W System.err: 	at android.os.Handler.dispatchMessage(Handler.java:105)
11-06 15:38:36.164 31916 31950 W System.err: 	at android.os.Looper.loop(Looper.java:216)
11-06 15:38:36.164 31916 31950 W System.err: 	at android.os.HandlerThread.run(HandlerThread.java:65)
11-06 15:38:36.201 31916 31950 D Evaluation: Frame 499 sent at 1573047516201
11-06 15:38:36.227 31916 31950 D Evaluation: Frame 500 sent at 1573047516227
11-06 15:38:36.253 31916 31916 D Poster  : At 1573047516253 location is 65.05789504114938 (latitude), and 25.469829957775666 (longitude)
11-06 15:38:36.256 31916 31916 D Poster  : Connected to mobile network 20
11-06 15:38:36.287 31916 31950 D Evaluation: Frame 501 sent at 1573047516287
11-06 15:38:36.341 31916 31950 D Evaluation: Frame 502 sent at 1573047516341
11-06 15:38:36.375 31916 31950 D Evaluation: Frame 503 sent at 1573047516375
11-06 15:38:36.405 31916 31950 D Evaluation: Frame 504 sent at 1573047516404
11-06 15:38:36.441 31916 31950 W System.err: java.net.SocketException: Message too long
11-06 15:38:36.441 31916 31950 W System.err: 	at sun.nio.ch.DatagramChannelImpl.send0(Native Method)
11-06 15:38:36.441 31916 31950 W System.err: 	at sun.nio.ch.DatagramChannelImpl.sendFromNativeBuffer(DatagramChannelImpl.java:573)
11-06 15:38:36.441 31916 31950 W System.err: 	at sun.nio.ch.DatagramChannelImpl.send(DatagramChannelImpl.java:550)
11-06 15:38:36.441 31916 31950 W System.err: 	at sun.nio.ch.DatagramChannelImpl.send(DatagramChannelImpl.java:514)
11-06 15:38:36.441 31916 31950 W System.err: 	at symlab.CloudAR.network.TransmissionTask.run(TransmissionTask.java:124)
11-06 15:38:36.441 31916 31950 W System.err: 	at android.os.Handler.handleCallback(Handler.java:907)
11-06 15:38:36.441 31916 31950 W System.err: 	at android.os.Handler.dispatchMessage(Handler.java:105)
11-06 15:38:36.441 31916 31950 W System.err: 	at android.os.Looper.loop(Looper.java:216)
11-06 15:38:36.441 31916 31950 W System.err: 	at android.os.HandlerThread.run(HandlerThread.java:65)
11-06 15:38:36.479 31916 31927 E         : [ZeroHung]zrhung_get_config: Get config failed for wp[0x0008]
11-06 15:38:36.479 31916 31950 W System.err: java.net.SocketException: Message too long
11-06 15:38:36.479 31916 31950 W System.err: 	at sun.nio.ch.DatagramChannelImpl.send0(Native Method)
11-06 15:38:36.479 31916 31950 W System.err: 	at sun.nio.ch.DatagramChannelImpl.sendFromNativeBuffer(DatagramChannelImpl.java:573)
11-06 15:38:36.479 31916 31950 W System.err: 	at sun.nio.ch.DatagramChannelImpl.send(DatagramChannelImpl.java:550)
11-06 15:38:36.479 31916 31950 W System.err: 	at sun.nio.ch.DatagramChannelImpl.send(DatagramChannelImpl.java:514)
11-06 15:38:36.479 31916 31950 W System.err: 	at symlab.CloudAR.network.TransmissionTask.run(TransmissionTask.java:124)
11-06 15:38:36.479 31916 31950 W System.err: 	at android.os.Handler.handleCallback(Handler.java:907)
11-06 15:38:36.479 31916 31950 W System.err: 	at android.os.Handler.dispatchMessage(Handler.java:105)
11-06 15:38:36.479 31916 31950 W System.err: 	at android.os.Looper.loop(Looper.java:216)
11-06 15:38:36.480 31916 31950 W System.err: 	at android.os.HandlerThread.run(HandlerThread.java:65)
11-06 15:38:36.508 31916 31950 D Evaluation: Frame 507 sent at 1573047516508
11-06 15:38:36.541 31916 31950 W System.err: java.net.SocketException: Message too long
11-06 15:38:36.541 31916 31950 W System.err: 	at sun.nio.ch.DatagramChannelImpl.send0(Native Method)
11-06 15:38:36.541 31916 31950 W System.err: 	at sun.nio.ch.DatagramChannelImpl.sendFromNativeBuffer(DatagramChannelImpl.java:573)
11-06 15:38:36.541 31916 31950 W System.err: 	at sun.nio.ch.DatagramChannelImpl.send(DatagramChannelImpl.java:550)
11-06 15:38:36.541 31916 31950 W System.err: 	at sun.nio.ch.DatagramChannelImpl.send(DatagramChannelImpl.java:514)
11-06 15:38:36.541 31916 31950 W System.err: 	at symlab.CloudAR.network.TransmissionTask.run(TransmissionTask.java:124)
11-06 15:38:36.541 31916 31950 W System.err: 	at android.os.Handler.handleCallback(Handler.java:907)
11-06 15:38:36.541 31916 31950 W System.err: 	at android.os.Handler.dispatchMessage(Handler.java:105)
11-06 15:38:36.541 31916 31950 W System.err: 	at android.os.Looper.loop(Looper.java:216)
11-06 15:38:36.541 31916 31950 W System.err: 	at android.os.HandlerThread.run(HandlerThread.java:65)
11-06 15:38:36.579 31916 31950 W System.err: java.net.SocketException: Message too long
11-06 15:38:36.579 31916 31950 W System.err: 	at sun.nio.ch.DatagramChannelImpl.send0(Native Method)
11-06 15:38:36.579 31916 31950 W System.err: 	at sun.nio.ch.DatagramChannelImpl.sendFromNativeBuffer(DatagramChannelImpl.java:573)
11-06 15:38:36.579 31916 31950 W System.err: 	at sun.nio.ch.DatagramChannelImpl.send(DatagramChannelImpl.java:550)
11-06 15:38:36.579 31916 31950 W System.err: 	at sun.nio.ch.DatagramChannelImpl.send(DatagramChannelImpl.java:514)
11-06 15:38:36.579 31916 31950 W System.err: 	at symlab.CloudAR.network.TransmissionTask.run(TransmissionTask.java:124)
11-06 15:38:36.579 31916 31950 W System.err: 	at android.os.Handler.handleCallback(Handler.java:907)
11-06 15:38:36.580 31916 31950 W System.err: 	at android.os.Handler.dispatchMessage(Handler.java:105)
11-06 15:38:36.580 31916 31950 W System.err: 	at android.os.Looper.loop(Looper.java:216)
11-06 15:38:36.580 31916 31950 W System.err: 	at android.os.HandlerThread.run(HandlerThread.java:65)
11-06 15:38:36.614 31916 31950 W System.err: java.net.SocketException: Message too long
11-06 15:38:36.614 31916 31950 W System.err: 	at sun.nio.ch.DatagramChannelImpl.send0(Native Method)
11-06 15:38:36.614 31916 31950 W System.err: 	at sun.nio.ch.DatagramChannelImpl.sendFromNativeBuffer(DatagramChannelImpl.java:573)
11-06 15:38:36.614 31916 31950 W System.err: 	at sun.nio.ch.DatagramChannelImpl.send(DatagramChannelImpl.java:550)
11-06 15:38:36.614 31916 31950 W System.err: 	at sun.nio.ch.DatagramChannelImpl.send(DatagramChannelImpl.java:514)
11-06 15:38:36.614 31916 31950 W System.err: 	at symlab.CloudAR.network.TransmissionTask.run(TransmissionTask.java:124)
11-06 15:38:36.614 31916 31950 W System.err: 	at android.os.Handler.handleCallback(Handler.java:907)
11-06 15:38:36.614 31916 31950 W System.err: 	at android.os.Handler.dispatchMessage(Handler.java:105)
11-06 15:38:36.614 31916 31950 W System.err: 	at android.os.Looper.loop(Looper.java:216)
11-06 15:38:36.614 31916 31950 W System.err: 	at android.os.HandlerThread.run(HandlerThread.java:65)
11-06 15:38:36.689 31916 31950 W System.err: java.net.SocketException: Message too long
11-06 15:38:36.689 31916 31950 W System.err: 	at sun.nio.ch.DatagramChannelImpl.send0(Native Method)
11-06 15:38:36.689 31916 31950 W System.err: 	at sun.nio.ch.DatagramChannelImpl.sendFromNativeBuffer(DatagramChannelImpl.java:573)
11-06 15:38:36.689 31916 31950 W System.err: 	at sun.nio.ch.DatagramChannelImpl.send(DatagramChannelImpl.java:550)
11-06 15:38:36.689 31916 31950 W System.err: 	at sun.nio.ch.DatagramChannelImpl.send(DatagramChannelImpl.java:514)
11-06 15:38:36.689 31916 31950 W System.err: 	at symlab.CloudAR.network.TransmissionTask.run(TransmissionTask.java:124)
11-06 15:38:36.689 31916 31950 W System.err: 	at android.os.Handler.handleCallback(Handler.java:907)
11-06 15:38:36.689 31916 31950 W System.err: 	at android.os.Handler.dispatchMessage(Handler.java:105)
11-06 15:38:36.689 31916 31950 W System.err: 	at android.os.Looper.loop(Looper.java:216)
11-06 15:38:36.689 31916 31950 W System.err: 	at android.os.HandlerThread.run(HandlerThread.java:65)
11-06 15:38:36.715 31916 31950 W System.err: java.net.SocketException: Message too long
11-06 15:38:36.715 31916 31950 W System.err: 	at sun.nio.ch.DatagramChannelImpl.send0(Native Method)
11-06 15:38:36.715 31916 31950 W System.err: 	at sun.nio.ch.DatagramChannelImpl.sendFromNativeBuffer(DatagramChannelImpl.java:573)
11-06 15:38:36.715 31916 31950 W System.err: 	at sun.nio.ch.DatagramChannelImpl.send(DatagramChannelImpl.java:550)
11-06 15:38:36.715 31916 31950 W System.err: 	at sun.nio.ch.DatagramChannelImpl.send(DatagramChannelImpl.java:514)
11-06 15:38:36.715 31916 31950 W System.err: 	at symlab.CloudAR.network.TransmissionTask.run(TransmissionTask.java:124)
11-06 15:38:36.715 31916 31950 W System.err: 	at android.os.Handler.handleCallback(Handler.java:907)
11-06 15:38:36.715 31916 31950 W System.err: 	at android.os.Handler.dispatchMessage(Handler.java:105)
11-06 15:38:36.715 31916 31950 W System.err: 	at android.os.Looper.loop(Looper.java:216)
11-06 15:38:36.715 31916 31950 W System.err: 	at android.os.HandlerThread.run(HandlerThread.java:65)
11-06 15:38:36.738 31916 31950 W System.err: java.net.SocketException: Message too long
11-06 15:38:36.738 31916 31950 W System.err: 	at sun.nio.ch.DatagramChannelImpl.send0(Native Method)
11-06 15:38:36.738 31916 31950 W System.err: 	at sun.nio.ch.DatagramChannelImpl.sendFromNativeBuffer(DatagramChannelImpl.java:573)
11-06 15:38:36.738 31916 31950 W System.err: 	at sun.nio.ch.DatagramChannelImpl.send(DatagramChannelImpl.java:550)
11-06 15:38:36.738 31916 31950 W System.err: 	at sun.nio.ch.DatagramChannelImpl.send(DatagramChannelImpl.java:514)
11-06 15:38:36.738 31916 31950 W System.err: 	at symlab.CloudAR.network.TransmissionTask.run(TransmissionTask.java:124)
11-06 15:38:36.738 31916 31950 W System.err: 	at android.os.Handler.handleCallback(Handler.java:907)
11-06 15:38:36.738 31916 31950 W System.err: 	at android.os.Handler.dispatchMessage(Handler.java:105)
11-06 15:38:36.738 31916 31950 W System.err: 	at android.os.Looper.loop(Looper.java:216)
11-06 15:38:36.738 31916 31950 W System.err: 	at android.os.HandlerThread.run(HandlerThread.java:65)
11-06 15:38:36.766 31916 31950 W System.err: java.net.SocketException: Message too long
11-06 15:38:36.766 31916 31950 W System.err: 	at sun.nio.ch.DatagramChannelImpl.send0(Native Method)
11-06 15:38:36.766 31916 31950 W System.err: 	at sun.nio.ch.DatagramChannelImpl.sendFromNativeBuffer(DatagramChannelImpl.java:573)
11-06 15:38:36.766 31916 31950 W System.err: 	at sun.nio.ch.DatagramChannelImpl.send(DatagramChannelImpl.java:550)
11-06 15:38:36.766 31916 31950 W System.err: 	at sun.nio.ch.DatagramChannelImpl.send(DatagramChannelImpl.java:514)
11-06 15:38:36.767 31916 31950 W System.err: 	at symlab.CloudAR.network.TransmissionTask.run(TransmissionTask.java:124)
11-06 15:38:36.767 31916 31950 W System.err: 	at android.os.Handler.handleCallback(Handler.java:907)
11-06 15:38:36.767 31916 31950 W System.err: 	at android.os.Handler.dispatchMessage(Handler.java:105)
11-06 15:38:36.767 31916 31950 W System.err: 	at android.os.Looper.loop(Looper.java:216)
11-06 15:38:36.767 31916 31950 W System.err: 	at android.os.HandlerThread.run(HandlerThread.java:65)
11-06 15:38:36.812 31916 31950 W System.err: java.net.SocketException: Message too long
11-06 15:38:36.812 31916 31950 W System.err: 	at sun.nio.ch.DatagramChannelImpl.send0(Native Method)
11-06 15:38:36.812 31916 31950 W System.err: 	at sun.nio.ch.DatagramChannelImpl.sendFromNativeBuffer(DatagramChannelImpl.java:573)
11-06 15:38:36.812 31916 31950 W System.err: 	at sun.nio.ch.DatagramChannelImpl.send(DatagramChannelImpl.java:550)
11-06 15:38:36.812 31916 31950 W System.err: 	at sun.nio.ch.DatagramChannelImpl.send(DatagramChannelImpl.java:514)
11-06 15:38:36.812 31916 31950 W System.err: 	at symlab.CloudAR.network.TransmissionTask.run(TransmissionTask.java:124)
