11-06 10:37:06.879 22740 22782 D Evaluation: Frame 1250 sent at 1573029426879
11-06 10:37:06.880 22740 22782 D Evaluation: 0 res for frame 1233 received at 1573029426880
11-06 10:37:06.911 22740 22782 D Evaluation: Frame 1251 sent at 1573029426911
11-06 10:37:06.913 22740 22782 D Evaluation: 0 res for frame 1234 received at 1573029426913
11-06 10:37:06.948 22740 22782 D Evaluation: Frame 1252 sent at 1573029426948
11-06 10:37:06.949 22740 22782 D Evaluation: 0 res for frame 1235 received at 1573029426949
11-06 10:37:06.979 22740 22782 D Evaluation: Frame 1253 sent at 1573029426979
11-06 10:37:06.980 22740 22782 D Evaluation: 0 res for frame 1236 received at 1573029426980
11-06 10:37:07.022 22740 22782 D Evaluation: Frame 1254 sent at 1573029427022
11-06 10:37:07.025 22740 22782 D Evaluation: 0 res for frame 1237 received at 1573029427025
11-06 10:37:07.050 22740 22782 D Evaluation: Frame 1255 sent at 1573029427050
11-06 10:37:07.052 22740 22782 D Evaluation: 0 res for frame 1238 received at 1573029427052
11-06 10:37:07.086 22740 22782 D Evaluation: Frame 1256 sent at 1573029427086
11-06 10:37:07.088 22740 22782 D Evaluation: 0 res for frame 1239 received at 1573029427088
11-06 10:37:07.107 22740 22782 D Evaluation: Frame 1257 sent at 1573029427107
11-06 10:37:07.108 22740 22782 D Evaluation: 0 res for frame 1240 received at 1573029427108
11-06 10:37:07.149 22740 22782 D Evaluation: Frame 1258 sent at 1573029427149
11-06 10:37:07.151 22740 22782 D Evaluation: 0 res for frame 1241 received at 1573029427151
11-06 10:37:07.179 22740 22782 D Evaluation: Frame 1259 sent at 1573029427179
11-06 10:37:07.180 22740 22782 D Evaluation: 0 res for frame 1242 received at 1573029427180
11-06 10:37:07.209 22740 22782 D Evaluation: Frame 1260 sent at 1573029427209
11-06 10:37:07.211 22740 22782 D Evaluation: 0 res for frame 1243 received at 1573029427211
11-06 10:37:07.258 22740 22782 D Evaluation: Frame 1262 sent at 1573029427258
11-06 10:37:07.260 22740 22782 D Evaluation: 0 res for frame 1244 received at 1573029427260
11-06 10:37:07.278 22740 22782 D Evaluation: Frame 1262 sent at 1573029427278
11-06 10:37:07.280 22740 22782 D Evaluation: 0 res for frame 1245 received at 1573029427280
11-06 10:37:07.315 22740 22782 D Evaluation: Frame 1263 sent at 1573029427315
11-06 10:37:07.316 22740 22782 D Evaluation: 0 res for frame 1246 received at 1573029427316
11-06 10:37:07.357 22740 22782 D Evaluation: Frame 1264 sent at 1573029427357
11-06 10:37:07.358 22740 22782 D Evaluation: 0 res for frame 1247 received at 1573029427358
11-06 10:37:07.386 22740 22782 D Evaluation: Frame 1265 sent at 1573029427386
11-06 10:37:07.390 22740 22782 D Evaluation: 0 res for frame 1248 received at 1573029427390
11-06 10:37:07.414 22740 22782 D Evaluation: Frame 1266 sent at 1573029427413
11-06 10:37:07.415 22740 22782 D Evaluation: 0 res for frame 1249 received at 1573029427415
11-06 10:37:07.452 22740 22782 D Evaluation: Frame 1267 sent at 1573029427452
11-06 10:37:07.453 22740 22782 D Evaluation: 0 res for frame 1250 received at 1573029427453
11-06 10:37:07.485 22740 22782 D Evaluation: Frame 1268 sent at 1573029427485
11-06 10:37:07.486 22740 22782 D Evaluation: 0 res for frame 1251 received at 1573029427486
11-06 10:37:07.514 22740 22782 D Evaluation: Frame 1269 sent at 1573029427514
11-06 10:37:07.515 22740 22782 D Evaluation: 0 res for frame 1252 received at 1573029427515
11-06 10:37:07.557 22740 22782 D Evaluation: Frame 1270 sent at 1573029427557
11-06 10:37:07.559 22740 22782 D Evaluation: 0 res for frame 1253 received at 1573029427559
11-06 10:37:07.580 22740 22740 D Poster  : At 1573029427579 location is 65.05803558424948 (latitude), and 25.46874429215224 (longitude)
11-06 10:37:07.583 22740 22740 D Poster  : Connected to mobile network 20
11-06 10:37:07.598 22740 22782 D Evaluation: Frame 1271 sent at 1573029427598
11-06 10:37:07.600 22740 22782 D Evaluation: 1 res for frame 1254 received at 1573029427600
11-06 10:37:07.619 22740 22782 D Evaluation: Frame 1272 sent at 1573029427619
11-06 10:37:07.620 22740 22782 D Evaluation: 0 res for frame 1255 received at 1573029427620
11-06 10:37:07.651 22740 22782 D Evaluation: Frame 1273 sent at 1573029427651
11-06 10:37:07.652 22740 22782 D Evaluation: 0 res for frame 1256 received at 1573029427652
11-06 10:37:07.688 22740 22782 D Evaluation: Frame 1274 sent at 1573029427688
11-06 10:37:07.690 22740 22782 D Evaluation: 0 res for frame 1257 received at 1573029427690
11-06 10:37:07.718 22740 22782 D Evaluation: Frame 1275 sent at 1573029427718
11-06 10:37:07.720 22740 22782 D Evaluation: 0 res for frame 1258 received at 1573029427720
11-06 10:37:07.759 22740 22782 D Evaluation: Frame 1276 sent at 1573029427759
11-06 10:37:07.761 22740 22782 D Evaluation: 0 res for frame 1259 received at 1573029427761
11-06 10:37:07.788 22740 22782 D Evaluation: Frame 1277 sent at 1573029427788
11-06 10:37:07.789 22740 22782 D Evaluation: 0 res for frame 1260 received at 1573029427789
11-06 10:37:07.829 22740 22782 D Evaluation: Frame 1278 sent at 1573029427829
11-06 10:37:07.831 22740 22782 D Evaluation: 0 res for frame 1262 received at 1573029427831
11-06 10:37:07.855 22740 22751 E         : [ZeroHung]zrhung_get_config: Get config failed for wp[0x0008]
11-06 10:37:07.855 22740 22782 D Evaluation: Frame 1279 sent at 1573029427855
11-06 10:37:07.857 22740 22782 D Evaluation: 0 res for frame 1262 received at 1573029427857
11-06 10:37:07.882 22740 22749 W System  : A resource failed to call close. 
11-06 10:37:07.886 22740 22749 I chatty  : uid=10149(symlab.cloudridar.arhud) FinalizerDaemon identical 88 lines
11-06 10:37:07.886 22740 22749 W System  : A resource failed to call close. 
11-06 10:37:07.902 22740 22782 D Evaluation: Frame 1280 sent at 1573029427902
11-06 10:37:07.904 22740 22782 D Evaluation: 0 res for frame 1263 received at 1573029427904
11-06 10:37:07.925 22740 22782 D Evaluation: Frame 1281 sent at 1573029427925
11-06 10:37:07.927 22740 22782 D Evaluation: 0 res for frame 1264 received at 1573029427927
11-06 10:37:07.966 22740 22782 D Evaluation: Frame 1282 sent at 1573029427966
11-06 10:37:07.967 22740 22782 D Evaluation: 0 res for frame 1265 received at 1573029427967
11-06 10:37:07.998 22740 22782 D Evaluation: Frame 1283 sent at 1573029427998
11-06 10:37:08.000 22740 22782 D Evaluation: 0 res for frame 1266 received at 1573029428000
11-06 10:37:08.027 22740 22782 D Evaluation: Frame 1284 sent at 1573029428027
11-06 10:37:08.029 22740 22782 D Evaluation: 0 res for frame 1267 received at 1573029428029
11-06 10:37:08.064 22740 22782 D Evaluation: Frame 1285 sent at 1573029428064
11-06 10:37:08.065 22740 22782 D Evaluation: 0 res for frame 1268 received at 1573029428065
11-06 10:37:08.095 22740 22782 D Evaluation: Frame 1286 sent at 1573029428095
11-06 10:37:08.096 22740 22782 D Evaluation: 0 res for frame 1269 received at 1573029428096
11-06 10:37:08.137 22740 22782 D Evaluation: Frame 1287 sent at 1573029428137
11-06 10:37:08.139 22740 22782 D Evaluation: 0 res for frame 1270 received at 1573029428139
11-06 10:37:08.159 22740 22782 D Evaluation: Frame 1288 sent at 1573029428159
11-06 10:37:08.160 22740 22782 D Evaluation: 1 res for frame 1271 received at 1573029428160
11-06 10:37:08.188 22740 22782 D Evaluation: Frame 1289 sent at 1573029428188
11-06 10:37:08.189 22740 22782 D Evaluation: 0 res for frame 1272 received at 1573029428189
11-06 10:37:08.255 22740 22782 D Evaluation: Frame 1291 sent at 1573029428255
11-06 10:37:08.257 22740 22782 D Evaluation: 0 res for frame 1273 received at 1573029428257
11-06 10:37:08.281 22740 22782 D Evaluation: Frame 1292 sent at 1573029428281
11-06 10:37:08.282 22740 22782 D Evaluation: 0 res for frame 1274 received at 1573029428282
11-06 10:37:08.304 22740 22782 D Evaluation: Frame 1293 sent at 1573029428304
11-06 10:37:08.306 22740 22782 D Evaluation: 0 res for frame 1275 received at 1573029428306
11-06 10:37:08.325 22740 22782 D Evaluation: Frame 1293 sent at 1573029428325
11-06 10:37:08.326 22740 22782 D Evaluation: 0 res for frame 1276 received at 1573029428326
11-06 10:37:08.363 22740 22782 D Evaluation: Frame 1294 sent at 1573029428363
11-06 10:37:08.364 22740 22782 D Evaluation: 0 res for frame 1277 received at 1573029428364
11-06 10:37:08.407 22740 22782 D Evaluation: Frame 1295 sent at 1573029428407
11-06 10:37:08.409 22740 22782 D Evaluation: 0 res for frame 1278 received at 1573029428409
11-06 10:37:08.430 22740 22782 D Evaluation: Frame 1296 sent at 1573029428430
11-06 10:37:08.432 22740 22782 D Evaluation: 0 res for frame 1279 received at 1573029428432
11-06 10:37:08.457 22740 22782 D Evaluation: Frame 1297 sent at 1573029428457
11-06 10:37:08.459 22740 22782 D Evaluation: 0 res for frame 1280 received at 1573029428459
11-06 10:37:08.497 22740 22782 D Evaluation: Frame 1298 sent at 1573029428497
11-06 10:37:08.499 22740 22782 D Evaluation: 0 res for frame 1281 received at 1573029428499
11-06 10:37:08.533 22740 22782 D Evaluation: Frame 1299 sent at 1573029428533
11-06 10:37:08.535 22740 22782 D Evaluation: 0 res for frame 1282 received at 1573029428535
11-06 10:37:08.579 22740 22740 D Poster  : At 1573029428578 location is 65.05805715051123 (latitude), and 25.468778271672353 (longitude)
11-06 10:37:08.581 22740 22740 D Poster  : Connected to mobile network 20
11-06 10:37:08.608 22740 22782 D Evaluation: Frame 1300 sent at 1573029428608
11-06 10:37:08.610 22740 22782 D Evaluation: 0 res for frame 1283 received at 1573029428610
11-06 10:37:08.626 22740 22782 D Evaluation: Frame 1301 sent at 1573029428626
11-06 10:37:08.627 22740 22782 D Evaluation: 0 res for frame 1284 received at 1573029428627
11-06 10:37:08.656 22740 22782 D Evaluation: Frame 1302 sent at 1573029428656
11-06 10:37:08.657 22740 22782 D Evaluation: 0 res for frame 1285 received at 1573029428657
11-06 10:37:08.699 22740 22782 D Evaluation: Frame 1303 sent at 1573029428699
11-06 10:37:08.701 22740 22782 D Evaluation: 0 res for frame 1286 received at 1573029428701
11-06 10:37:08.736 22740 22782 D Evaluation: Frame 1304 sent at 1573029428736
11-06 10:37:08.738 22740 22782 D Evaluation: 0 res for frame 1287 received at 1573029428738
11-06 10:37:08.758 22740 22782 D Evaluation: Frame 1305 sent at 1573029428758
11-06 10:37:08.759 22740 22782 D Evaluation: 1 res for frame 1288 received at 1573029428759
11-06 10:37:08.808 22740 22782 D Evaluation: Frame 1306 sent at 1573029428808
11-06 10:37:08.810 22740 22782 D Evaluation: 1 res for frame 1289 received at 1573029428810
11-06 10:37:08.838 22740 22782 D Evaluation: Frame 1307 sent at 1573029428838
11-06 10:37:08.840 22740 22782 D Evaluation: 0 res for frame 1291 received at 1573029428840
11-06 10:37:08.862 22740 22782 D Evaluation: Frame 1308 sent at 1573029428862
11-06 10:37:08.863 22740 22782 D Evaluation: 0 res for frame 1292 received at 1573029428863
11-06 10:37:08.907 22740 22782 D Evaluation: Frame 1309 sent at 1573029428907
11-06 10:37:08.909 22740 22782 D Evaluation: 0 res for frame 1293 received at 1573029428909
11-06 10:37:08.939 22740 22782 D Evaluation: Frame 1310 sent at 1573029428939
11-06 10:37:08.941 22740 22782 D Evaluation: 0 res for frame 1293 received at 1573029428941
11-06 10:37:08.970 22740 22782 D Evaluation: Frame 1311 sent at 1573029428970
11-06 10:37:08.971 22740 22782 D Evaluation: 0 res for frame 1294 received at 1573029428971
11-06 10:37:09.003 22740 22782 D Evaluation: Frame 1312 sent at 1573029429003
11-06 10:37:09.005 22740 22782 D Evaluation: 0 res for frame 1295 received at 1573029429005
11-06 10:37:09.029 22740 22782 D Evaluation: Frame 1313 sent at 1573029429029
11-06 10:37:09.031 22740 22782 D Evaluation: 0 res for frame 1296 received at 1573029429031
11-06 10:37:09.063 22740 22782 D Evaluation: Frame 1314 sent at 1573029429063
11-06 10:37:09.064 22740 22782 D Evaluation: 0 res for frame 1297 received at 1573029429064
11-06 10:37:09.112 22740 22782 D Evaluation: Frame 1315 sent at 1573029429112
11-06 10:37:09.114 22740 22782 D Evaluation: 0 res for frame 1298 received at 1573029429114
11-06 10:37:09.143 22740 22782 D Evaluation: Frame 1316 sent at 1573029429143
11-06 10:37:09.145 22740 22782 D Evaluation: 0 res for frame 1299 received at 1573029429145
11-06 10:37:09.172 22740 22782 D Evaluation: Frame 1317 sent at 1573029429172
11-06 10:37:09.174 22740 22782 D Evaluation: 0 res for frame 1300 received at 1573029429174
11-06 10:37:09.196 22740 22782 D Evaluation: Frame 1318 sent at 1573029429196
11-06 10:37:09.197 22740 22782 D Evaluation: 0 res for frame 1301 received at 1573029429197
11-06 10:37:09.236 22740 22782 D Evaluation: Frame 1319 sent at 1573029429236
11-06 10:37:09.238 22740 22782 D Evaluation: 0 res for frame 1302 received at 1573029429238
11-06 10:37:09.274 22740 22782 D Evaluation: Frame 1320 sent at 1573029429274
11-06 10:37:09.276 22740 22782 D Evaluation: 0 res for frame 1303 received at 1573029429276
11-06 10:37:09.299 22740 22782 D Evaluation: Frame 1321 sent at 1573029429299
11-06 10:37:09.300 22740 22782 D Evaluation: 0 res for frame 1304 received at 1573029429300
11-06 10:37:09.338 22740 22782 D Evaluation: Frame 1322 sent at 1573029429338
11-06 10:37:09.339 22740 22782 D Evaluation: 0 res for frame 1305 received at 1573029429339
11-06 10:37:09.378 22740 22782 D Evaluation: Frame 1323 sent at 1573029429378
11-06 10:37:09.379 22740 22782 D Evaluation: 0 res for frame 1306 received at 1573029429379
11-06 10:37:09.452 22740 22782 D Evaluation: Frame 1325 sent at 1573029429452
11-06 10:37:09.454 22740 22782 D Evaluation: 1 res for frame 1307 received at 1573029429454
11-06 10:37:09.477 22740 22782 D Evaluation: Frame 1325 sent at 1573029429476
11-06 10:37:09.477 22740 22751 E         : [ZeroHung]zrhung_get_config: Get config failed for wp[0x0008]
11-06 10:37:09.479 22740 22782 D Evaluation: 1 res for frame 1308 received at 1573029429479
11-06 10:37:09.505 22740 22782 D Evaluation: Frame 1326 sent at 1573029429505
11-06 10:37:09.507 22740 22782 D Evaluation: 0 res for frame 1309 received at 1573029429507
11-06 10:37:09.512 22740 22749 W System  : A resource failed to call close. 
11-06 10:37:09.519 22740 22749 I chatty  : uid=10149(symlab.cloudridar.arhud) FinalizerDaemon identical 57 lines
11-06 10:37:09.519 22740 22749 W System  : A resource failed to call close. 
11-06 10:37:09.519 22740 22749 W System  : A resource failed to call close. 
11-06 10:37:09.519 22740 22749 W System  : A resource failed to call close. 
11-06 10:37:09.520 22740 22749 I chatty  : uid=10149(symlab.cloudridar.arhud) FinalizerDaemon identical 10 lines
11-06 10:37:09.520 22740 22749 W System  : A resource failed to call close. 
11-06 10:37:09.520 22740 22749 W System  : A resource failed to call close. 
11-06 10:37:09.520 22740 22749 I chatty  : uid=10149(symlab.cloudridar.arhud) FinalizerDaemon identical 8 lines
11-06 10:37:09.520 22740 22749 W System  : A resource failed to call close. 
11-06 10:37:09.521 22740 22749 W System  : A resource failed to call close. 
11-06 10:37:09.521 22740 22749 I chatty  : uid=10149(symlab.cloudridar.arhud) FinalizerDaemon identical 8 lines
11-06 10:37:09.521 22740 22749 W System  : A resource failed to call close. 
11-06 10:37:09.532 22740 22782 D Evaluation: Frame 1327 sent at 1573029429532
11-06 10:37:09.533 22740 22782 D Evaluation: 0 res for frame 1310 received at 1573029429533
11-06 10:37:09.570 22740 22740 D Poster  : At 1573029429570 location is 65.05807026155841 (latitude), and 25.46879577564148 (longitude)
11-06 10:37:09.572 22740 22782 D Evaluation: Frame 1328 sent at 1573029429572
11-06 10:37:09.572 22740 22740 D Poster  : Connected to mobile network 20
11-06 10:37:09.574 22740 22782 D Evaluation: 0 res for frame 1311 received at 1573029429574
11-06 10:37:09.615 22740 22782 D Evaluation: Frame 1329 sent at 1573029429615
11-06 10:37:09.617 22740 22782 D Evaluation: 0 res for frame 1312 received at 1573029429617
11-06 10:37:09.634 22740 22782 D Evaluation: Frame 1330 sent at 1573029429634
11-06 10:37:09.635 22740 22782 D Evaluation: 0 res for frame 1313 received at 1573029429635
11-06 10:37:09.662 22740 22782 D Evaluation: Frame 1331 sent at 1573029429662
11-06 10:37:09.663 22740 22782 D Evaluation: 0 res for frame 1314 received at 1573029429663
11-06 10:37:09.704 22740 22782 D Evaluation: Frame 1332 sent at 1573029429704
11-06 10:37:09.705 22740 22782 D Evaluation: 0 res for frame 1315 received at 1573029429705
11-06 10:37:09.730 22740 22782 D Evaluation: Frame 1333 sent at 1573029429730
11-06 10:37:09.731 22740 22782 D Evaluation: 0 res for frame 1316 received at 1573029429731
11-06 10:37:09.768 22740 22782 D Evaluation: Frame 1334 sent at 1573029429768
11-06 10:37:09.770 22740 22782 D Evaluation: 0 res for frame 1317 received at 1573029429770
11-06 10:37:09.809 22740 22782 D Evaluation: Frame 1335 sent at 1573029429809
11-06 10:37:09.810 22740 22782 D Evaluation: 0 res for frame 1318 received at 1573029429810
11-06 10:37:09.845 22740 22782 D Evaluation: Frame 1336 sent at 1573029429845
11-06 10:37:09.847 22740 22782 D Evaluation: 0 res for frame 1319 received at 1573029429847
11-06 10:37:09.879 22740 22782 D Evaluation: Frame 1337 sent at 1573029429879
11-06 10:37:09.881 22740 22782 D Evaluation: 0 res for frame 1320 received at 1573029429881
11-06 10:37:09.913 22740 22782 D Evaluation: Frame 1338 sent at 1573029429913
11-06 10:37:09.915 22740 22782 D Evaluation: 0 res for frame 1321 received at 1573029429915
11-06 10:37:09.941 22740 22782 D Evaluation: Frame 1339 sent at 1573029429941
11-06 10:37:09.942 22740 22782 D Evaluation: 1 res for frame 1322 received at 1573029429942
11-06 10:37:09.970 22740 22782 D Evaluation: Frame 1340 sent at 1573029429970
11-06 10:37:09.971 22740 22782 D Evaluation: 0 res for frame 1323 received at 1573029429971
11-06 10:37:10.010 22740 22782 D Evaluation: Frame 1341 sent at 1573029430010
11-06 10:37:10.011 22740 22782 D Evaluation: 0 res for frame 1325 received at 1573029430011
11-06 10:37:10.059 22740 22782 D Evaluation: Frame 1342 sent at 1573029430059
11-06 10:37:10.061 22740 22782 D Evaluation: 0 res for frame 1325 received at 1573029430061
11-06 10:37:10.086 22740 22782 D Evaluation: Frame 1343 sent at 1573029430086
11-06 10:37:10.088 22740 22782 D Evaluation: 0 res for frame 1326 received at 1573029430088
11-06 10:37:10.118 22740 22782 D Evaluation: Frame 1344 sent at 1573029430118
11-06 10:37:10.120 22740 22782 D Evaluation: 0 res for frame 1327 received at 1573029430120
11-06 10:37:10.154 22740 22782 D Evaluation: Frame 1345 sent at 1573029430154
11-06 10:37:10.155 22740 22782 D Evaluation: 0 res for frame 1328 received at 1573029430155
11-06 10:37:10.175 22740 22782 D Evaluation: Frame 1346 sent at 1573029430175
11-06 10:37:10.176 22740 22782 D Evaluation: 0 res for frame 1329 received at 1573029430176
11-06 10:37:10.208 22740 22782 D Evaluation: Frame 1347 sent at 1573029430208
11-06 10:37:10.210 22740 22782 D Evaluation: 1 res for frame 1330 received at 1573029430210
11-06 10:37:10.238 22740 22782 D Evaluation: Frame 1348 sent at 1573029430237
11-06 10:37:10.239 22740 22782 D Evaluation: 0 res for frame 1331 received at 1573029430239
11-06 10:37:10.280 22740 22782 D Evaluation: Frame 1349 sent at 1573029430280
11-06 10:37:10.282 22740 22782 D Evaluation: 0 res for frame 1332 received at 1573029430282
11-06 10:37:10.313 22740 22782 D Evaluation: Frame 1350 sent at 1573029430313
11-06 10:37:10.315 22740 22782 D Evaluation: 1 res for frame 1333 received at 1573029430315
11-06 10:37:10.392 22740 22782 D Evaluation: Frame 1351 sent at 1573029430392
11-06 10:37:10.394 22740 22782 D Evaluation: 0 res for frame 1334 received at 1573029430394
11-06 10:37:10.423 22740 22782 D Evaluation: Frame 1352 sent at 1573029430423
11-06 10:37:10.425 22740 22782 D Evaluation: 0 res for frame 1335 received at 1573029430425
11-06 10:37:10.450 22740 22782 D Evaluation: Frame 1353 sent at 1573029430450
11-06 10:37:10.452 22740 22782 D Evaluation: 0 res for frame 1336 received at 1573029430452
11-06 10:37:10.484 22740 22782 D Evaluation: Frame 1354 sent at 1573029430484
11-06 10:37:10.486 22740 22782 D Evaluation: 0 res for frame 1337 received at 1573029430486
11-06 10:37:10.519 22740 22782 D Evaluation: Frame 1355 sent at 1573029430519
11-06 10:37:10.521 22740 22782 D Evaluation: 0 res for frame 1338 received at 1573029430521
11-06 10:37:10.543 22740 22782 D Evaluation: Frame 1356 sent at 1573029430543
11-06 10:37:10.544 22740 22782 D Evaluation: 0 res for frame 1339 received at 1573029430544
11-06 10:37:10.573 22740 22740 D Poster  : At 1573029430573 location is 65.05809372425428 (latitude), and 25.46882709963341 (longitude)
11-06 10:37:10.575 22740 22740 D Poster  : Connected to mobile network 20
11-06 10:37:10.579 22740 22782 D Evaluation: Frame 1357 sent at 1573029430579
11-06 10:37:10.584 22740 22782 D Evaluation: 0 res for frame 1340 received at 1573029430584
11-06 10:37:10.608 22740 22782 D Evaluation: Frame 1358 sent at 1573029430608
11-06 10:37:10.609 22740 22782 D Evaluation: 0 res for frame 1341 received at 1573029430609
11-06 10:37:10.635 22740 22782 D Evaluation: Frame 1359 sent at 1573029430635
11-06 10:37:10.637 22740 22782 D Evaluation: 0 res for frame 1342 received at 1573029430637
11-06 10:37:10.670 22740 22782 D Evaluation: Frame 1360 sent at 1573029430670
11-06 10:37:10.671 22740 22782 D Evaluation: 0 res for frame 1343 received at 1573029430671
11-06 10:37:10.717 22740 22782 D Evaluation: Frame 1361 sent at 1573029430717
11-06 10:37:10.719 22740 22782 D Evaluation: 0 res for frame 1344 received at 1573029430719
11-06 10:37:10.764 22740 22782 D Evaluation: Frame 1363 sent at 1573029430764
11-06 10:37:10.766 22740 22782 D Evaluation: 0 res for frame 1345 received at 1573029430766
11-06 10:37:10.789 22740 22782 D Evaluation: Frame 1363 sent at 1573029430789
11-06 10:37:10.791 22740 22782 D Evaluation: 0 res for frame 1346 received at 1573029430791
11-06 10:37:10.796 22740 22740 W HiTouch_PressGestureDetector: Touch pointer move a lot. The moving distance of X is:67.67139, limit is:60The moving distance of Y is:10.915314, limit is:60
11-06 10:37:10.809 22740 22782 D Evaluation: Frame 1364 sent at 1573029430809
11-06 10:37:10.810 22740 22782 D Evaluation: 0 res for frame 1347 received at 1573029430810
11-06 10:37:10.839 22740 22751 E         : [ZeroHung]zrhung_get_config: Get config failed for wp[0x0008]
11-06 10:37:10.839 22740 22782 D Evaluation: Frame 1365 sent at 1573029430839
11-06 10:37:10.840 22740 22782 D Evaluation: 0 res for frame 1348 received at 1573029430840
11-06 10:37:10.861 22740 22749 W System  : A resource failed to call close. 
11-06 10:37:10.862 22740 22749 I chatty  : uid=10149(symlab.cloudridar.arhud) FinalizerDaemon identical 52 lines
11-06 10:37:10.862 22740 22749 W System  : A resource failed to call close. 
11-06 10:37:10.862 22740 22749 W System  : A resource failed to call close. 
11-06 10:37:10.863 22740 22749 I chatty  : uid=10149(symlab.cloudridar.arhud) FinalizerDaemon identical 24 lines
11-06 10:37:10.863 22740 22749 W System  : A resource failed to call close. 
11-06 10:37:10.871 22740 22782 D Evaluation: Frame 1366 sent at 1573029430871
11-06 10:37:10.872 22740 22782 D Evaluation: 0 res for frame 1349 received at 1573029430872
11-06 10:37:10.898 22740 22782 D Evaluation: Frame 1367 sent at 1573029430898
11-06 10:37:10.899 22740 22782 D Evaluation: 1 res for frame 1350 received at 1573029430899
11-06 10:37:10.935 22740 22782 D Evaluation: Frame 1368 sent at 1573029430935
11-06 10:37:10.936 22740 22782 D Evaluation: 1 res for frame 1351 received at 1573029430936
11-06 10:37:10.965 22740 22782 D Evaluation: Frame 1369 sent at 1573029430965
11-06 10:37:10.967 22740 22782 D Evaluation: 0 res for frame 1352 received at 1573029430967
11-06 10:37:11.001 22740 22782 D Evaluation: Frame 1370 sent at 1573029431001
11-06 10:37:11.043 22740 22782 D Evaluation: Frame 1371 sent at 1573029431043
11-06 10:37:11.044 22740 22782 D Evaluation: 0 res for frame 1353 received at 1573029431044
11-06 10:37:11.078 22740 22782 D Evaluation: Frame 1372 sent at 1573029431078
11-06 10:37:11.111 22740 22782 D Evaluation: Frame 1373 sent at 1573029431111
11-06 10:37:11.140 22740 22782 D Evaluation: Frame 1374 sent at 1573029431140
11-06 10:37:11.171 22740 22782 D Evaluation: Frame 1375 sent at 1573029431171
11-06 10:37:11.211 22740 22782 D Evaluation: Frame 1376 sent at 1573029431211
11-06 10:37:11.212 22740 22782 D Evaluation: 0 res for frame 1354 received at 1573029431212
11-06 10:37:11.245 22740 22782 D Evaluation: Frame 1377 sent at 1573029431245
11-06 10:37:11.280 22740 22782 D Evaluation: Frame 1378 sent at 1573029431280
11-06 10:37:11.281 22740 22782 D Evaluation: 0 res for frame 1355 received at 1573029431281
11-06 10:37:11.313 22740 22782 D Evaluation: Frame 1379 sent at 1573029431313
11-06 10:37:11.357 22740 22782 D Evaluation: Frame 1381 sent at 1573029431357
11-06 10:37:11.374 22740 22782 D Evaluation: Frame 1381 sent at 1573029431374
11-06 10:37:11.375 22740 22782 D Evaluation: 0 res for frame 1356 received at 1573029431375
11-06 10:37:11.396 22740 22740 I Poster  :  onPause() called.
11-06 10:37:11.400 22740 22782 D Evaluation: Frame 1382 sent at 1573029431400
11-06 10:37:11.483 22740 22740 I Camera  : close camera: 0, package name: symlab.cloudridar.arhud
11-06 10:37:11.483 22740 22740 I BackgroundPermManager: pkgName: symlab.cloudridar.arhud,pid: 22740 ,uidOf3RdApk: 10149 ,permType: 0 ,permCfg: 0
11-06 10:37:11.485 22740 22740 I HwCameraUtil: notifySurfaceFlingerCameraStatus : isFront = false , isOpend = false
11-06 10:37:11.590 22740 22740 D ZrHung.AppEyeUiProbe: stop checker.
11-06 10:37:11.603 22740 22740 D Poster  : At 1573029431603 location is 65.05810541965381 (latitude), and 25.468833065126564 (longitude)
11-06 10:37:11.609 22740 22740 D Poster  : Connected to mobile network 20
11-06 10:37:11.634 22740 22740 I Poster  :  surfaceDestroyed() called.
11-06 10:37:11.635 22740 22740 D ViewRootImpl[MainActivity]: surface should not be released
11-06 10:37:11.635 22740 22740 I Poster  :  onStop() called.
11-06 10:37:11.650 22740 22799 W libEGL  : EGLNativeWindowType 0xef5f0008 disconnect failed
11-06 10:37:11.703 22740 22773 D ZrHung.AppEyeUiProbe: Current Activity:false
11-06 10:37:11.703 22740 22773 D ZrHung.AppEyeUiProbe: not watching, wait.
11-06 10:37:12.569 22740 22740 D Poster  : At 1573029432569 location is 65.05811103796184 (latitude), and 25.46883226216543 (longitude)
11-06 10:37:12.571 22740 22740 D Poster  : Connected to mobile network 20
11-06 10:37:12.584 22740 22740 D Latitude: status
11-06 10:37:12.819 22740 22740 I Poster  :  onDestroy() called.
11-06 10:37:12.819 22740 22740 D ActivityThread: Remove activity client record, r= ActivityRecord{fd66872 token=android.os.BinderProxy@8cd3ec5 {symlab.cloudridar.arhud/symlab.ARHUD.MainActivity}} token= android.os.BinderProxy@8cd3ec5
11-06 10:37:12.820 22740 22740 E BpSurfaceComposerClient: Failed to transact (-1)
11-06 10:37:12.820 22740 22740 E BpSurfaceComposerClient: Failed to transact (-1)
