11-01 13:21:48.562 14412 14466 D Evaluation: frame 883 sent 
11-01 13:21:48.564 14412 14466 D Evaluation: 0 res 879 received 
11-01 13:21:48.597 14412 14466 D Evaluation: frame 884 sent 
11-01 13:21:48.599 14412 14466 D Evaluation: 0 res 880 received 
11-01 13:21:48.633 14412 14466 D Evaluation: frame 885 sent 
11-01 13:21:48.636 14412 14466 D Evaluation: 0 res 881 received 
11-01 13:21:48.657 14412 14412 D Poster  : At 1572607308657 location is - Latitude:65.05790874, Longitude:25.46922893
11-01 13:21:48.660 14412 14412 D Poster  : Connected to WiFi
11-01 13:21:48.662 14412 14412 D Poster  : Connected to mobile network 0
11-01 13:21:48.678 14412 14466 D Evaluation: frame 886 sent 
11-01 13:21:48.681 14412 14466 D Evaluation: 0 res 882 received 
11-01 13:21:48.711 14412 14466 D Evaluation: frame 887 sent 
11-01 13:21:48.713 14412 14466 D Evaluation: 0 res 883 received 
11-01 13:21:48.733 14412 14466 D Evaluation: frame 888 sent 
11-01 13:21:48.734 14412 14466 D Evaluation: 0 res 884 received 
11-01 13:21:48.765 14412 14466 D Evaluation: frame 889 sent 
11-01 13:21:48.767 14412 14466 D Evaluation: 0 res 885 received 
11-01 13:21:48.796 14412 14466 D Evaluation: frame 890 sent 
11-01 13:21:48.798 14412 14466 D Evaluation: 0 res 886 received 
11-01 13:21:48.833 14412 14466 D Evaluation: frame 891 sent 
11-01 13:21:48.835 14412 14466 D Evaluation: 0 res 887 received 
11-01 13:21:48.846 14412 14427 W System  : A resource failed to call close. 
11-01 13:21:48.849 14412 14427 I chatty  : uid=10203(symlab.cloudridar.arhud) FinalizerDaemon identical 51 lines
11-01 13:21:48.849 14412 14427 W System  : A resource failed to call close. 
11-01 13:21:48.876 14412 14466 D Evaluation: frame 892 sent 
11-01 13:21:48.878 14412 14466 D Evaluation: 0 res 888 received 
11-01 13:21:48.899 14412 14466 D Evaluation: frame 893 sent 
11-01 13:21:48.901 14412 14466 D Evaluation: 0 res 889 received 
11-01 13:21:48.940 14412 14466 D Evaluation: frame 894 sent 
11-01 13:21:48.942 14412 14466 D Evaluation: 0 res 890 received 
11-01 13:21:48.974 14412 14466 D Evaluation: frame 895 sent 
11-01 13:21:48.976 14412 14466 D Evaluation: 0 res 891 received 
11-01 13:21:49.011 14412 14466 D Evaluation: frame 896 sent 
11-01 13:21:49.013 14412 14466 D Evaluation: 0 res 892 received 
11-01 13:21:49.091 14412 14466 D Evaluation: frame 898 sent 
11-01 13:21:49.094 14412 14466 D Evaluation: 0 res 893 received 
11-01 13:21:49.123 14412 14466 D Evaluation: frame 899 sent 
11-01 13:21:49.128 14412 14466 D Evaluation: 0 res 894 received 
11-01 13:21:49.149 14412 14466 D Evaluation: frame 900 sent 
11-01 13:21:49.150 14412 14466 D Evaluation: 0 res 895 received 
11-01 13:21:49.171 14412 14466 D Evaluation: frame 900 sent 
11-01 13:21:49.173 14412 14466 D Evaluation: 0 res 896 received 
11-01 13:21:49.195 14412 14466 D Evaluation: frame 901 sent 
11-01 13:21:49.197 14412 14466 D Evaluation: 0 res 898 received 
11-01 13:21:49.236 14412 14466 D Evaluation: frame 902 sent 
11-01 13:21:49.238 14412 14466 D Evaluation: 0 res 899 received 
11-01 13:21:49.314 14412 14466 D Evaluation: frame 904 sent 
11-01 13:21:49.317 14412 14466 D Evaluation: 0 res 900 received 
11-01 13:21:49.347 14412 14466 D Evaluation: frame 905 sent 
11-01 13:21:49.349 14412 14466 D Evaluation: 0 res 900 received 
11-01 13:21:49.375 14412 14466 D Evaluation: frame 905 sent 
11-01 13:21:49.378 14412 14466 D Evaluation: 0 res 901 received 
11-01 13:21:49.403 14412 14466 D Evaluation: frame 906 sent 
11-01 13:21:49.405 14412 14466 D Evaluation: 0 res 902 received 
11-01 13:21:49.439 14412 14466 D Evaluation: frame 907 sent 
11-01 13:21:49.441 14412 14466 D Evaluation: 0 res 903 received 
11-01 13:21:49.480 14412 14466 D Evaluation: frame 908 sent 
11-01 13:21:49.483 14412 14466 D Evaluation: 0 res 905 received 
11-01 13:21:49.511 14412 14466 D Evaluation: frame 910 sent 
11-01 13:21:49.512 14412 14466 D Evaluation: 0 res 905 received 
11-01 13:21:49.533 14412 14466 D Evaluation: frame 910 sent 
11-01 13:21:49.535 14412 14466 D Evaluation: 0 res 906 received 
11-01 13:21:49.582 14412 14466 D Evaluation: frame 912 sent 
11-01 13:21:49.584 14412 14466 D Evaluation: 0 res 907 received 
11-01 13:21:49.610 14412 14466 D Evaluation: frame 913 sent 
11-01 13:21:49.612 14412 14466 D Evaluation: 0 res 908 received 
11-01 13:21:49.635 14412 14466 D Evaluation: frame 913 sent 
11-01 13:21:49.637 14412 14466 D Evaluation: 0 res 910 received 
11-01 13:21:49.651 14412 14412 D Poster  : At 1572607309651 location is - Latitude:65.05790872, Longitude:25.46922887
11-01 13:21:49.654 14412 14412 D Poster  : Connected to WiFi
11-01 13:21:49.657 14412 14412 D Poster  : Connected to mobile network 0
11-01 13:21:49.711 14412 14466 D Evaluation: frame 914 sent 
11-01 13:21:49.714 14412 14466 D Evaluation: 1 res 910 received 
11-01 13:21:49.743 14412 14466 D Evaluation: frame 915 sent 
11-01 13:21:49.745 14412 14466 D Evaluation: 1 res 912 received 
11-01 13:21:49.783 14412 14466 D Evaluation: frame 916 sent 
11-01 13:21:49.785 14412 14466 D Evaluation: 0 res 913 received 
11-01 13:21:49.814 14412 14466 D Evaluation: frame 917 sent 
11-01 13:21:49.817 14412 14466 D Evaluation: 0 res 913 received 
11-01 13:21:49.834 14412 14427 W System  : A resource failed to call close. 
11-01 13:21:49.837 14412 14427 I chatty  : uid=10203(symlab.cloudridar.arhud) FinalizerDaemon identical 51 lines
11-01 13:21:49.837 14412 14427 W System  : A resource failed to call close. 
11-01 13:21:49.846 14412 14466 D Evaluation: frame 918 sent 
11-01 13:21:49.848 14412 14466 D Evaluation: 0 res 914 received 
11-01 13:21:49.873 14412 14466 D Evaluation: frame 919 sent 
11-01 13:21:49.875 14412 14466 D Evaluation: 0 res 915 received 
11-01 13:21:49.907 14412 14466 D Evaluation: frame 920 sent 
11-01 13:21:49.909 14412 14466 D Evaluation: 0 res 916 received 
11-01 13:21:49.931 14412 14466 D Evaluation: frame 921 sent 
11-01 13:21:49.933 14412 14466 D Evaluation: 0 res 917 received 
11-01 13:21:49.969 14412 14466 D Evaluation: frame 922 sent 
11-01 13:21:49.971 14412 14466 D Evaluation: 0 res 918 received 
11-01 13:21:50.021 14412 14466 D Evaluation: frame 924 sent 
11-01 13:21:50.023 14412 14466 D Evaluation: 0 res 919 received 
11-01 13:21:50.051 14412 14466 D Evaluation: frame 924 sent 
11-01 13:21:50.052 14412 14466 D Evaluation: 0 res 920 received 
11-01 13:21:50.142 14412 14466 D Evaluation: frame 925 sent 
11-01 13:21:50.146 14412 14466 D Evaluation: 0 res 921 received 
11-01 13:21:50.218 14412 14466 D Evaluation: frame 927 sent 
11-01 13:21:50.222 14412 14466 D Evaluation: 0 res 922 received 
11-01 13:21:50.256 14412 14466 D Evaluation: frame 928 sent 
11-01 13:21:50.260 14412 14466 D Evaluation: 0 res 924 received 
11-01 13:21:50.292 14412 14466 D Evaluation: frame 929 sent 
11-01 13:21:50.294 14412 14466 D Evaluation: 0 res 924 received 
11-01 13:21:50.322 14412 14466 D Evaluation: frame 930 sent 
11-01 13:21:50.324 14412 14466 D Evaluation: 0 res 925 received 
11-01 13:21:50.346 14412 14466 D Evaluation: frame 931 sent 
11-01 13:21:50.348 14412 14466 D Evaluation: 0 res 927 received 
11-01 13:21:50.369 14412 14466 D Evaluation: frame 931 sent 
11-01 13:21:50.371 14412 14466 D Evaluation: 0 res 928 received 
11-01 13:21:50.398 14412 14466 D Evaluation: frame 932 sent 
11-01 13:21:50.399 14412 14466 D Evaluation: 0 res 929 received 
11-01 13:21:50.434 14412 14466 D Evaluation: frame 933 sent 
11-01 13:21:50.435 14412 14466 D Evaluation: 0 res 930 received 
11-01 13:21:50.466 14412 14466 D Evaluation: frame 934 sent 
11-01 13:21:50.467 14412 14466 D Evaluation: 0 res 931 received 
11-01 13:21:50.502 14412 14466 D Evaluation: frame 935 sent 
11-01 13:21:50.504 14412 14466 D Evaluation: 0 res 931 received 
11-01 13:21:50.536 14412 14466 D Evaluation: frame 936 sent 
11-01 13:21:50.538 14412 14466 D Evaluation: 0 res 932 received 
11-01 13:21:50.559 14412 14427 W System  : A resource failed to call close. 
11-01 13:21:50.565 14412 14427 I chatty  : uid=10203(symlab.cloudridar.arhud) FinalizerDaemon identical 37 lines
11-01 13:21:50.565 14412 14427 W System  : A resource failed to call close. 
11-01 13:21:50.581 14412 14466 D Evaluation: frame 938 sent 
11-01 13:21:50.583 14412 14466 D Evaluation: 1 res 933 received 
11-01 13:21:50.611 14412 14466 D Evaluation: frame 938 sent 
11-01 13:21:50.614 14412 14466 D Evaluation: 0 res 934 received 
11-01 13:21:50.638 14412 14466 D Evaluation: frame 939 sent 
11-01 13:21:50.640 14412 14466 D Evaluation: 1 res 935 received 
11-01 13:21:50.663 14412 14412 D Poster  : At 1572607310663 location is - Latitude:65.05790863, Longitude:25.46922875
11-01 13:21:50.665 14412 14412 D Poster  : Connected to WiFi
11-01 13:21:50.666 14412 14412 D Poster  : Connected to mobile network 0
11-01 13:21:50.673 14412 14466 D Evaluation: frame 940 sent 
11-01 13:21:50.676 14412 14466 D Evaluation: 0 res 936 received 
11-01 13:21:50.714 14412 14466 D Evaluation: frame 942 sent 
11-01 13:21:50.716 14412 14466 D Evaluation: 0 res 938 received 
11-01 13:21:50.739 14412 14466 D Evaluation: frame 942 sent 
11-01 13:21:50.741 14412 14466 D Evaluation: 0 res 938 received 
11-01 13:21:50.777 14412 14466 D Evaluation: frame 943 sent 
11-01 13:21:50.779 14412 14466 D Evaluation: 0 res 939 received 
11-01 13:21:50.803 14412 14466 W System.err: java.net.SocketException: Message too long
11-01 13:21:50.803 14412 14466 W System.err: 	at sun.nio.ch.DatagramChannelImpl.send0(Native Method)
11-01 13:21:50.803 14412 14466 W System.err: 	at sun.nio.ch.DatagramChannelImpl.sendFromNativeBuffer(DatagramChannelImpl.java:573)
11-01 13:21:50.803 14412 14466 W System.err: 	at sun.nio.ch.DatagramChannelImpl.send(DatagramChannelImpl.java:550)
11-01 13:21:50.803 14412 14466 W System.err: 	at sun.nio.ch.DatagramChannelImpl.send(DatagramChannelImpl.java:514)
11-01 13:21:50.804 14412 14466 W System.err: 	at symlab.CloudAR.network.TransmissionTask.run(TransmissionTask.java:124)
11-01 13:21:50.804 14412 14466 W System.err: 	at android.os.Handler.handleCallback(Handler.java:874)
11-01 13:21:50.804 14412 14466 W System.err: 	at android.os.Handler.dispatchMessage(Handler.java:100)
11-01 13:21:50.804 14412 14466 W System.err: 	at android.os.Looper.loop(Looper.java:198)
11-01 13:21:50.804 14412 14466 W System.err: 	at android.os.HandlerThread.run(HandlerThread.java:65)
11-01 13:21:50.806 14412 14466 D Evaluation: 0 res 940 received 
11-01 13:21:50.829 14412 14466 W System.err: java.net.SocketException: Message too long
11-01 13:21:50.830 14412 14466 W System.err: 	at sun.nio.ch.DatagramChannelImpl.send0(Native Method)
11-01 13:21:50.830 14412 14466 W System.err: 	at sun.nio.ch.DatagramChannelImpl.sendFromNativeBuffer(DatagramChannelImpl.java:573)
11-01 13:21:50.830 14412 14466 W System.err: 	at sun.nio.ch.DatagramChannelImpl.send(DatagramChannelImpl.java:550)
11-01 13:21:50.830 14412 14466 W System.err: 	at sun.nio.ch.DatagramChannelImpl.send(DatagramChannelImpl.java:514)
11-01 13:21:50.830 14412 14466 W System.err: 	at symlab.CloudAR.network.TransmissionTask.run(TransmissionTask.java:124)
11-01 13:21:50.830 14412 14466 W System.err: 	at android.os.Handler.handleCallback(Handler.java:874)
11-01 13:21:50.830 14412 14466 W System.err: 	at android.os.Handler.dispatchMessage(Handler.java:100)
11-01 13:21:50.830 14412 14466 W System.err: 	at android.os.Looper.loop(Looper.java:198)
11-01 13:21:50.830 14412 14466 W System.err: 	at android.os.HandlerThread.run(HandlerThread.java:65)
11-01 13:21:50.832 14412 14466 D Evaluation: 0 res 942 received 
11-01 13:21:50.915 14412 14466 W System.err: java.net.SocketException: Message too long
11-01 13:21:50.916 14412 14466 W System.err: 	at sun.nio.ch.DatagramChannelImpl.send0(Native Method)
11-01 13:21:50.916 14412 14466 W System.err: 	at sun.nio.ch.DatagramChannelImpl.sendFromNativeBuffer(DatagramChannelImpl.java:573)
11-01 13:21:50.916 14412 14466 W System.err: 	at sun.nio.ch.DatagramChannelImpl.send(DatagramChannelImpl.java:550)
11-01 13:21:50.916 14412 14466 W System.err: 	at sun.nio.ch.DatagramChannelImpl.send(DatagramChannelImpl.java:514)
11-01 13:21:50.916 14412 14466 W System.err: 	at symlab.CloudAR.network.TransmissionTask.run(TransmissionTask.java:124)
11-01 13:21:50.916 14412 14466 W System.err: 	at android.os.Handler.handleCallback(Handler.java:874)
11-01 13:21:50.916 14412 14466 W System.err: 	at android.os.Handler.dispatchMessage(Handler.java:100)
11-01 13:21:50.916 14412 14466 W System.err: 	at android.os.Looper.loop(Looper.java:198)
11-01 13:21:50.916 14412 14466 W System.err: 	at android.os.HandlerThread.run(HandlerThread.java:65)
11-01 13:21:50.918 14412 14466 D Evaluation: 1 res 942 received 
11-01 13:21:50.986 14412 14466 W System.err: java.net.SocketException: Message too long
11-01 13:21:50.986 14412 14466 W System.err: 	at sun.nio.ch.DatagramChannelImpl.send0(Native Method)
11-01 13:21:50.986 14412 14466 W System.err: 	at sun.nio.ch.DatagramChannelImpl.sendFromNativeBuffer(DatagramChannelImpl.java:573)
11-01 13:21:50.986 14412 14466 W System.err: 	at sun.nio.ch.DatagramChannelImpl.send(DatagramChannelImpl.java:550)
11-01 13:21:50.987 14412 14466 W System.err: 	at sun.nio.ch.DatagramChannelImpl.send(DatagramChannelImpl.java:514)
11-01 13:21:50.987 14412 14466 W System.err: 	at symlab.CloudAR.network.TransmissionTask.run(TransmissionTask.java:124)
11-01 13:21:50.987 14412 14466 W System.err: 	at android.os.Handler.handleCallback(Handler.java:874)
11-01 13:21:50.987 14412 14466 W System.err: 	at android.os.Handler.dispatchMessage(Handler.java:100)
11-01 13:21:50.987 14412 14466 W System.err: 	at android.os.Looper.loop(Looper.java:198)
11-01 13:21:50.988 14412 14466 W System.err: 	at android.os.HandlerThread.run(HandlerThread.java:65)
11-01 13:21:50.992 14412 14466 D Evaluation: 0 res 943 received 
11-01 13:21:51.033 14412 14466 D Evaluation: frame 949 sent 
11-01 13:21:51.069 14412 14466 D Evaluation: frame 950 sent 
11-01 13:21:51.092 14412 14466 D Evaluation: frame 951 sent 
11-01 13:21:51.094 14412 14466 D Evaluation: 0 res 949 received 
11-01 13:21:51.116 14412 14466 D Evaluation: frame 952 sent 
11-01 13:21:51.118 14412 14466 D Evaluation: 0 res 950 received 
11-01 13:21:51.139 14412 14466 D Evaluation: frame 952 sent 
11-01 13:21:51.141 14412 14466 D Evaluation: 0 res 951 received 
11-01 13:21:51.170 14412 14466 D Evaluation: frame 953 sent 
11-01 13:21:51.172 14412 14466 D Evaluation: 0 res 952 received 
11-01 13:21:51.180 14412 14427 W System  : A resource failed to call close. 
11-01 13:21:51.181 14412 14427 I chatty  : uid=10203(symlab.cloudridar.arhud) FinalizerDaemon identical 26 lines
11-01 13:21:51.181 14412 14427 W System  : A resource failed to call close. 
11-01 13:21:51.290 14412 14466 D Evaluation: frame 955 sent 
11-01 13:21:51.294 14412 14466 D Evaluation: 1 res 952 received 
11-01 13:21:51.318 14412 14466 D Evaluation: frame 956 sent 
11-01 13:21:51.320 14412 14466 D Evaluation: 0 res 953 received 
11-01 13:21:51.343 14412 14466 D Evaluation: frame 956 sent 
11-01 13:21:51.345 14412 14466 D Evaluation: 1 res 955 received 
11-01 13:21:51.372 14412 14466 D Evaluation: frame 957 sent 
11-01 13:21:51.374 14412 14466 D Evaluation: 1 res 956 received 
11-01 13:21:51.400 14412 14466 D Evaluation: frame 958 sent 
11-01 13:21:51.404 14412 14466 D Evaluation: 1 res 956 received 
11-01 13:21:51.431 14412 14466 D Evaluation: frame 959 sent 
11-01 13:21:51.433 14412 14466 D Evaluation: 0 res 957 received 
11-01 13:21:51.466 14412 14466 D Evaluation: frame 960 sent 
11-01 13:21:51.468 14412 14466 D Evaluation: 0 res 958 received 
11-01 13:21:51.500 14412 14466 D Evaluation: frame 961 sent 
11-01 13:21:51.501 14412 14466 D Evaluation: 0 res 959 received 
11-01 13:21:51.532 14412 14466 D Evaluation: frame 962 sent 
11-01 13:21:51.534 14412 14466 D Evaluation: 0 res 960 received 
11-01 13:21:51.573 14412 14466 D Evaluation: frame 963 sent 
11-01 13:21:51.576 14412 14466 D Evaluation: 0 res 961 received 
11-01 13:21:51.605 14412 14466 D Evaluation: frame 964 sent 
11-01 13:21:51.607 14412 14466 D Evaluation: 0 res 962 received 
11-01 13:21:51.638 14412 14466 D Evaluation: frame 965 sent 
11-01 13:21:51.641 14412 14466 D Evaluation: 0 res 963 received 
11-01 13:21:51.656 14412 14412 D Poster  : At 1572607311655 location is - Latitude:65.05790843, Longitude:25.46922853
11-01 13:21:51.656 14412 14412 D Poster  : Connected to WiFi
11-01 13:21:51.658 14412 14412 D Poster  : Connected to mobile network 0
11-01 13:21:51.669 14412 14466 D Evaluation: frame 966 sent 
11-01 13:21:51.681 14412 14466 D Evaluation: 0 res 964 received 
11-01 13:21:51.709 14412 14466 D Evaluation: frame 967 sent 
11-01 13:21:51.711 14412 14466 D Evaluation: 0 res 965 received 
11-01 13:21:51.732 14412 14466 D Evaluation: frame 968 sent 
11-01 13:21:51.734 14412 14466 D Evaluation: 0 res 966 received 
11-01 13:21:51.780 14412 14466 D Evaluation: frame 969 sent 
11-01 13:21:51.783 14412 14466 D Evaluation: 0 res 967 received 
11-01 13:21:51.812 14412 14466 D Evaluation: frame 971 sent 
11-01 13:21:51.814 14412 14466 D Evaluation: 0 res 968 received 
11-01 13:21:51.836 14412 14466 D Evaluation: frame 971 sent 
11-01 13:21:51.838 14412 14466 D Evaluation: 0 res 969 received 
11-01 13:21:51.867 14412 14466 D Evaluation: frame 972 sent 
11-01 13:21:51.869 14412 14466 D Evaluation: 0 res 971 received 
11-01 13:21:51.918 14412 14466 D Evaluation: frame 974 sent 
11-01 13:21:51.920 14412 14466 D Evaluation: 0 res 971 received 
11-01 13:21:51.938 14412 14427 W System  : A resource failed to call close. 
11-01 13:21:51.940 14412 14427 I chatty  : uid=10203(symlab.cloudridar.arhud) FinalizerDaemon identical 38 lines
11-01 13:21:51.940 14412 14427 W System  : A resource failed to call close. 
11-01 13:21:51.950 14412 14466 D Evaluation: frame 974 sent 
11-01 13:21:51.952 14412 14466 D Evaluation: 0 res 972 received 
11-01 13:21:52.039 14412 14466 D Evaluation: frame 976 sent 
11-01 13:21:52.041 14412 14466 D Evaluation: 0 res 974 received 
11-01 13:21:52.073 14412 14466 D Evaluation: frame 976 sent 
11-01 13:21:52.076 14412 14466 D Evaluation: 0 res 974 received 
11-01 13:21:52.101 14412 14466 D Evaluation: frame 977 sent 
11-01 13:21:52.103 14412 14466 D Evaluation: 0 res 976 received 
11-01 13:21:52.142 14412 14466 D Evaluation: frame 978 sent 
11-01 13:21:52.144 14412 14466 D Evaluation: 0 res 976 received 
11-01 13:21:52.175 14412 14466 D Evaluation: frame 979 sent 
11-01 13:21:52.178 14412 14466 D Evaluation: 0 res 977 received 
11-01 13:21:52.200 14412 14466 D Evaluation: frame 980 sent 
11-01 13:21:52.202 14412 14466 D Evaluation: 0 res 978 received 
11-01 13:21:52.241 14412 14466 D Evaluation: frame 981 sent 
11-01 13:21:52.243 14412 14466 D Evaluation: 0 res 979 received 
11-01 13:21:52.270 14412 14466 D Evaluation: frame 982 sent 
11-01 13:21:52.272 14412 14466 D Evaluation: 0 res 980 received 
11-01 13:21:52.304 14412 14466 D Evaluation: frame 983 sent 
11-01 13:21:52.306 14412 14466 D Evaluation: 0 res 981 received 
11-01 13:21:52.339 14412 14466 D Evaluation: frame 984 sent 
11-01 13:21:52.341 14412 14466 D Evaluation: 0 res 982 received 
11-01 13:21:52.371 14412 14466 D Evaluation: frame 985 sent 
11-01 13:21:52.373 14412 14466 D Evaluation: 0 res 983 received 
11-01 13:21:52.407 14412 14466 D Evaluation: frame 986 sent 
11-01 13:21:52.410 14412 14466 D Evaluation: 0 res 984 received 
11-01 13:21:52.444 14412 14466 D Evaluation: frame 988 sent 
11-01 13:21:52.446 14412 14466 D Evaluation: 0 res 985 received 
11-01 13:21:52.470 14412 14466 D Evaluation: frame 988 sent 
11-01 13:21:52.472 14412 14466 D Evaluation: 1 res 986 received 
11-01 13:21:52.507 14412 14466 D Evaluation: frame 989 sent 
11-01 13:21:52.511 14412 14466 D Evaluation: 0 res 988 received 
11-01 13:21:52.537 14412 14466 D Evaluation: frame 990 sent 
11-01 13:21:52.539 14412 14466 D Evaluation: 0 res 988 received 
11-01 13:21:52.572 14412 14466 D Evaluation: frame 991 sent 
11-01 13:21:52.574 14412 14466 D Evaluation: 0 res 989 received 
11-01 13:21:52.598 14412 14466 D Evaluation: frame 992 sent 
11-01 13:21:52.600 14412 14466 D Evaluation: 0 res 990 received 
11-01 13:21:52.632 14412 14466 D Evaluation: frame 993 sent 
11-01 13:21:52.634 14412 14466 D Evaluation: 0 res 991 received 
11-01 13:21:52.645 14412 14427 W System  : A resource failed to call close. 
11-01 13:21:52.645 14412 14427 W System  : A resource failed to call close. 
11-01 13:21:52.645 14412 14427 W System  : A resource failed to call close. 
11-01 13:21:52.645 14412 14427 I chatty  : uid=10203(symlab.cloudridar.arhud) FinalizerDaemon identical 9 lines
11-01 13:21:52.645 14412 14427 W System  : A resource failed to call close. 
11-01 13:21:52.645 14412 14427 W System  : A resource failed to call close. 
11-01 13:21:52.646 14412 14427 I chatty  : uid=10203(symlab.cloudridar.arhud) FinalizerDaemon identical 25 lines
11-01 13:21:52.646 14412 14427 W System  : A resource failed to call close. 
11-01 13:21:52.658 14412 14412 D Poster  : At 1572607312658 location is - Latitude:65.05790835, Longitude:25.46922817
11-01 13:21:52.659 14412 14412 D Poster  : Connected to WiFi
11-01 13:21:52.660 14412 14412 D Poster  : Connected to mobile network 0
11-01 13:21:52.699 14412 14466 D Evaluation: frame 995 sent 
11-01 13:21:52.702 14412 14466 D Evaluation: 0 res 992 received 
11-01 13:21:52.732 14412 14466 D Evaluation: frame 996 sent 
11-01 13:21:52.734 14412 14466 D Evaluation: 0 res 993 received 
11-01 13:21:52.761 14412 14466 D Evaluation: frame 997 sent 
11-01 13:21:52.763 14412 14466 D Evaluation: 0 res 995 received 
11-01 13:21:52.788 14412 14466 D Evaluation: frame 998 sent 
11-01 13:21:52.790 14412 14466 D Evaluation: 1 res 996 received 
11-01 13:21:52.816 14412 14466 D Evaluation: frame 999 sent 
11-01 13:21:52.818 14412 14466 D Evaluation: 0 res 997 received 
11-01 13:21:52.840 14412 14466 D Evaluation: frame 999 sent 
11-01 13:21:52.842 14412 14466 D Evaluation: 0 res 998 received 
11-01 13:21:52.904 14412 14466 D Evaluation: frame 1000 sent 
11-01 13:21:52.907 14412 14466 D Evaluation: 1 res 999 received 
11-01 13:21:52.939 14412 14466 D Evaluation: frame 1001 sent 
11-01 13:21:52.941 14412 14466 D Evaluation: 0 res 999 received 
11-01 13:21:52.964 14412 14466 D Evaluation: frame 1002 sent 
11-01 13:21:52.966 14412 14466 D Evaluation: 0 res 1000 received 
11-01 13:21:53.004 14412 14466 D Evaluation: frame 1003 sent 
11-01 13:21:53.005 14412 14466 D Evaluation: 2 res 1001 received 
11-01 13:21:53.031 14412 14466 D Evaluation: frame 1004 sent 
11-01 13:21:53.033 14412 14466 D Evaluation: 2 res 1002 received 
11-01 13:21:53.079 14412 14466 D Evaluation: frame 1006 sent 
11-01 13:21:53.081 14412 14466 D Evaluation: 2 res 1003 received 
11-01 13:21:53.110 14412 14466 D Evaluation: frame 1007 sent 
11-01 13:21:53.112 14412 14466 D Evaluation: 0 res 1004 received 
11-01 13:21:53.134 14412 14466 D Evaluation: frame 1007 sent 
11-01 13:21:53.136 14412 14466 D Evaluation: 1 res 1006 received 
11-01 13:21:53.169 14412 14466 D Evaluation: frame 1008 sent 
11-01 13:21:53.172 14412 14466 D Evaluation: 0 res 1007 received 
11-01 13:21:53.200 14412 14466 D Evaluation: frame 1009 sent 
11-01 13:21:53.202 14412 14466 D Evaluation: 0 res 1007 received 
11-01 13:21:53.239 14412 14466 D Evaluation: frame 1010 sent 
11-01 13:21:53.241 14412 14466 D Evaluation: 0 res 1008 received 
11-01 13:21:53.262 14412 14466 D Evaluation: frame 1011 sent 
11-01 13:21:53.264 14412 14466 D Evaluation: 0 res 1009 received 
11-01 13:21:53.296 14412 14466 D Evaluation: frame 1012 sent 
11-01 13:21:53.298 14412 14466 D Evaluation: 0 res 1010 received 
11-01 13:21:53.329 14412 14466 D Evaluation: frame 1013 sent 
11-01 13:21:53.331 14412 14466 D Evaluation: 0 res 1011 received 
11-01 13:21:53.378 14412 14466 D Evaluation: frame 1014 sent 
11-01 13:21:53.380 14412 14466 D Evaluation: 0 res 1012 received 
11-01 13:21:53.410 14412 14466 D Evaluation: frame 1016 sent 
11-01 13:21:53.412 14412 14466 D Evaluation: 0 res 1013 received 
11-01 13:21:53.433 14412 14466 D Evaluation: frame 1016 sent 
11-01 13:21:53.435 14412 14466 D Evaluation: 0 res 1014 received 
11-01 13:21:53.477 14412 14466 D Evaluation: frame 1018 sent 
11-01 13:21:53.480 14412 14466 D Evaluation: 0 res 1016 received 
11-01 13:21:53.493 14412 14427 W System  : A resource failed to call close. 
11-01 13:21:53.496 14412 14427 I chatty  : uid=10203(symlab.cloudridar.arhud) FinalizerDaemon identical 46 lines
11-01 13:21:53.496 14412 14427 W System  : A resource failed to call close. 
11-01 13:21:53.506 14412 14466 D Evaluation: frame 1018 sent 
11-01 13:21:53.509 14412 14466 D Evaluation: 0 res 1016 received 
11-01 13:21:53.533 14412 14466 D Evaluation: frame 1019 sent 
11-01 13:21:53.535 14412 14466 D Evaluation: 0 res 1018 received 
11-01 13:21:53.571 14412 14466 D Evaluation: frame 1020 sent 
11-01 13:21:53.574 14412 14466 D Evaluation: 0 res 1018 received 
11-01 13:21:53.624 14412 14466 D Evaluation: frame 1022 sent 
11-01 13:21:53.626 14412 14466 D Evaluation: 0 res 1019 received 
11-01 13:21:53.652 14412 14466 D Evaluation: frame 1022 sent 
11-01 13:21:53.654 14412 14466 D Evaluation: 0 res 1020 received 
11-01 13:21:53.661 14412 14412 D Poster  : At 1572607313661 location is - Latitude:65.05790817, Longitude:25.46922703
11-01 13:21:53.663 14412 14412 D Poster  : Connected to WiFi
11-01 13:21:53.666 14412 14412 D Poster  : Connected to mobile network 0
11-01 13:21:53.738 14412 14466 D Evaluation: frame 1024 sent 
11-01 13:21:53.741 14412 14466 D Evaluation: 0 res 1022 received 
11-01 13:21:53.780 14412 14466 D Evaluation: frame 1025 sent 
11-01 13:21:53.785 14412 14466 D Evaluation: 0 res 1022 received 
11-01 13:21:53.818 14412 14466 D Evaluation: frame 1026 sent 
11-01 13:21:53.821 14412 14466 D Evaluation: 0 res 1024 received 
11-01 13:21:53.852 14412 14466 D Evaluation: frame 1026 sent 
11-01 13:21:53.854 14412 14466 D Evaluation: 0 res 1025 received 
11-01 13:21:53.920 14412 14466 D Evaluation: frame 1027 sent 
11-01 13:21:53.923 14412 14466 D Evaluation: 0 res 1026 received 
11-01 13:21:53.979 14412 14466 D Evaluation: frame 1029 sent 
11-01 13:21:53.981 14412 14466 D Evaluation: 0 res 1026 received 
11-01 13:21:54.012 14412 14466 D Evaluation: frame 1030 sent 
11-01 13:21:54.014 14412 14466 D Evaluation: 0 res 1027 received 
11-01 13:21:54.039 14412 14466 D Evaluation: frame 1030 sent 
11-01 13:21:54.041 14412 14466 D Evaluation: 0 res 1029 received 
11-01 13:21:54.065 14412 14466 D Evaluation: frame 1031 sent 
11-01 13:21:54.068 14412 14466 D Evaluation: 0 res 1030 received 
11-01 13:21:54.103 14412 14466 D Evaluation: frame 1032 sent 
11-01 13:21:54.105 14412 14466 D Evaluation: 0 res 1030 received 
11-01 13:21:54.140 14412 14466 D Evaluation: frame 1033 sent 
11-01 13:21:54.142 14412 14466 D Evaluation: 0 res 1031 received 
11-01 13:21:54.164 14412 14466 D Evaluation: frame 1034 sent 
11-01 13:21:54.166 14412 14466 D Evaluation: 0 res 1032 received 
11-01 13:21:54.195 14412 14466 D Evaluation: frame 1035 sent 
11-01 13:21:54.196 14412 14466 D Evaluation: 0 res 1033 received 
11-01 13:21:54.237 14412 14466 D Evaluation: frame 1036 sent 
11-01 13:21:54.239 14412 14466 D Evaluation: 0 res 1034 received 
11-01 13:21:54.266 14412 14466 D Evaluation: frame 1037 sent 
11-01 13:21:54.268 14412 14466 D Evaluation: 0 res 1035 received 
11-01 13:21:54.302 14412 14466 D Evaluation: frame 1038 sent 
11-01 13:21:54.304 14412 14466 D Evaluation: 0 res 1036 received 
11-01 13:21:54.329 14412 14466 D Evaluation: frame 1039 sent 
11-01 13:21:54.331 14412 14466 D Evaluation: 0 res 1037 received 
11-01 13:21:54.377 14412 14466 D Evaluation: frame 1041 sent 
11-01 13:21:54.379 14412 14466 D Evaluation: 0 res 1038 received 
11-01 13:21:54.396 14412 14427 W System  : A resource failed to call close. 
11-01 13:21:54.399 14412 14427 I chatty  : uid=10203(symlab.cloudridar.arhud) FinalizerDaemon identical 45 lines
11-01 13:21:54.399 14412 14427 W System  : A resource failed to call close. 
11-01 13:21:54.407 14412 14466 D Evaluation: frame 1041 sent 
11-01 13:21:54.409 14412 14466 D Evaluation: 0 res 1039 received 
11-01 13:21:54.434 14412 14466 D Evaluation: frame 1042 sent 
11-01 13:21:54.436 14412 14466 D Evaluation: 0 res 1041 received 
11-01 13:21:54.467 14412 14466 D Evaluation: frame 1043 sent 
11-01 13:21:54.469 14412 14466 D Evaluation: 0 res 1041 received 
11-01 13:21:54.500 14412 14466 D Evaluation: frame 1044 sent 
11-01 13:21:54.502 14412 14466 D Evaluation: 0 res 1042 received 
11-01 13:21:54.533 14412 14466 D Evaluation: frame 1045 sent 
11-01 13:21:54.535 14412 14466 D Evaluation: 0 res 1043 received 
11-01 13:21:54.575 14412 14466 D Evaluation: frame 1046 sent 
11-01 13:21:54.578 14412 14466 D Evaluation: 0 res 1044 received 
11-01 13:21:54.606 14412 14466 D Evaluation: frame 1047 sent 
11-01 13:21:54.608 14412 14466 D Evaluation: 0 res 1045 received 
11-01 13:21:54.640 14412 14466 D Evaluation: frame 1048 sent 
11-01 13:21:54.642 14412 14466 D Evaluation: 0 res 1046 received 
11-01 13:21:54.655 14412 14412 D Poster  : At 1572607314655 location is - Latitude:65.0579082, Longitude:25.46922706
11-01 13:21:54.657 14412 14412 D Poster  : Connected to WiFi
11-01 13:21:54.662 14412 14412 D Poster  : Connected to mobile network 0
11-01 13:21:54.743 14412 14466 D Evaluation: frame 1050 sent 
11-01 13:21:54.747 14412 14466 D Evaluation: 0 res 1047 received 
11-01 13:21:54.782 14412 14466 D Evaluation: frame 1052 sent 
11-01 13:21:54.784 14412 14466 D Evaluation: 0 res 1048 received 
11-01 13:21:54.810 14412 14466 D Evaluation: frame 1052 sent 
11-01 13:21:54.813 14412 14466 D Evaluation: 0 res 1050 received 
11-01 13:21:54.837 14412 14466 D Evaluation: frame 1053 sent 
11-01 13:21:54.839 14412 14466 D Evaluation: 0 res 1052 received 
11-01 13:21:54.861 14412 14466 D Evaluation: frame 1054 sent 
11-01 13:21:54.863 14412 14466 D Evaluation: 0 res 1052 received 
11-01 13:21:54.883 14412 14466 D Evaluation: frame 1055 sent 
11-01 13:21:54.884 14412 14466 D Evaluation: 0 res 1053 received 
11-01 13:21:54.903 14412 14466 D Evaluation: frame 1055 sent 
11-01 13:21:54.905 14412 14466 D Evaluation: 0 res 1054 received 
11-01 13:21:54.972 14412 14466 D Evaluation: frame 1056 sent 
11-01 13:21:54.974 14412 14466 D Evaluation: 0 res 1055 received 
11-01 13:21:55.015 14412 14466 D Evaluation: frame 1058 sent 
11-01 13:21:55.019 14412 14466 D Evaluation: 0 res 1055 received 
11-01 13:21:55.044 14412 14466 D Evaluation: frame 1059 sent 
11-01 13:21:55.046 14412 14466 D Evaluation: 0 res 1056 received 
11-01 13:21:55.067 14412 14466 D Evaluation: frame 1059 sent 
11-01 13:21:55.069 14412 14466 D Evaluation: 0 res 1058 received 
11-01 13:21:55.096 14412 14466 D Evaluation: frame 1060 sent 
11-01 13:21:55.098 14412 14466 D Evaluation: 0 res 1059 received 
11-01 13:21:55.129 14412 14466 D Evaluation: frame 1061 sent 
11-01 13:21:55.131 14412 14466 D Evaluation: 0 res 1059 received 
11-01 13:21:55.212 14412 14466 D Evaluation: frame 1062 sent 
11-01 13:21:55.215 14412 14466 D Evaluation: 0 res 1060 received 
11-01 13:21:55.246 14412 14466 D Evaluation: frame 1064 sent 
11-01 13:21:55.248 14412 14466 D Evaluation: 0 res 1061 received 
11-01 13:21:55.274 14412 14466 D Evaluation: frame 1064 sent 
11-01 13:21:55.278 14412 14466 D Evaluation: 0 res 1062 received 
11-01 13:21:55.299 14412 14466 D Evaluation: frame 1065 sent 
11-01 13:21:55.301 14412 14466 D Evaluation: 0 res 1063 received 
11-01 13:21:55.356 14412 14466 D Evaluation: frame 1067 sent 
11-01 13:21:55.359 14412 14466 D Evaluation: 0 res 1064 received 
11-01 13:21:55.376 14412 14427 W System  : A resource failed to call close. 
11-01 13:21:55.378 14412 14427 I chatty  : uid=10203(symlab.cloudridar.arhud) FinalizerDaemon identical 50 lines
11-01 13:21:55.378 14412 14427 W System  : A resource failed to call close. 
11-01 13:21:55.384 14412 14466 D Evaluation: frame 1068 sent 
11-01 13:21:55.386 14412 14466 D Evaluation: 0 res 1065 received 
11-01 13:21:55.407 14412 14466 D Evaluation: frame 1068 sent 
11-01 13:21:55.410 14412 14466 D Evaluation: 0 res 1067 received 
11-01 13:21:55.429 14412 14466 D Evaluation: frame 1069 sent 
11-01 13:21:55.431 14412 14466 D Evaluation: 0 res 1067 received 
11-01 13:21:55.477 14412 14466 D Evaluation: frame 1070 sent 
11-01 13:21:55.479 14412 14466 D Evaluation: 0 res 1068 received 
11-01 13:21:55.542 14412 14466 D Evaluation: frame 1071 sent 
11-01 13:21:55.546 14412 14466 D Evaluation: 0 res 1069 received 
11-01 13:21:55.582 14412 14466 D Evaluation: frame 1073 sent 
11-01 13:21:55.588 14412 14466 D Evaluation: 1 res 1070 received 
11-01 13:21:55.618 14412 14466 D Evaluation: frame 1074 sent 
11-01 13:21:55.620 14412 14466 D Evaluation: 0 res 1071 received 
11-01 13:21:55.650 14412 14466 D Evaluation: frame 1074 sent 
11-01 13:21:55.652 14412 14466 D Evaluation: 0 res 1073 received 
11-01 13:21:55.666 14412 14412 D Poster  : At 1572607315666 location is - Latitude:65.05790819, Longitude:25.46922709
11-01 13:21:55.667 14412 14412 D Poster  : Connected to WiFi
11-01 13:21:55.669 14412 14412 D Poster  : Connected to mobile network 0
11-01 13:21:55.684 14412 14466 D Evaluation: frame 1075 sent 
11-01 13:21:55.686 14412 14466 D Evaluation: 0 res 1074 received 
11-01 13:21:55.712 14412 14466 D Evaluation: frame 1077 sent 
11-01 13:21:55.714 14412 14466 D Evaluation: 0 res 1074 received 
11-01 13:21:55.735 14412 14466 D Evaluation: frame 1077 sent 
11-01 13:21:55.736 14412 14466 D Evaluation: 0 res 1075 received 
11-01 13:21:55.764 14412 14466 D Evaluation: frame 1078 sent 
11-01 13:21:55.765 14412 14466 D Evaluation: 0 res 1077 received 
11-01 13:21:55.803 14412 14466 D Evaluation: frame 1079 sent 
11-01 13:21:55.805 14412 14466 D Evaluation: 0 res 1077 received 
11-01 13:21:55.841 14412 14466 D Evaluation: frame 1080 sent 
11-01 13:21:55.842 14412 14466 D Evaluation: 0 res 1078 received 
11-01 13:21:55.913 14412 14466 D Evaluation: frame 1081 sent 
11-01 13:21:55.916 14412 14466 D Evaluation: 0 res 1079 received 
11-01 13:21:55.953 14412 14466 D Evaluation: frame 1083 sent 
11-01 13:21:55.955 14412 14466 D Evaluation: 0 res 1080 received 
11-01 13:21:55.979 14412 14466 D Evaluation: frame 1084 sent 
11-01 13:21:55.981 14412 14466 D Evaluation: 0 res 1081 received 
11-01 13:21:56.004 14412 14466 D Evaluation: frame 1084 sent 
11-01 13:21:56.006 14412 14466 D Evaluation: 0 res 1083 received 
11-01 13:21:56.035 14412 14466 D Evaluation: frame 1085 sent 
11-01 13:21:56.037 14412 14466 D Evaluation: 0 res 1084 received 
11-01 13:21:56.069 14412 14466 D Evaluation: frame 1086 sent 
11-01 13:21:56.072 14412 14466 D Evaluation: 2 res 1084 received 
11-01 13:21:56.100 14412 14466 D Evaluation: frame 1087 sent 
11-01 13:21:56.102 14412 14466 D Evaluation: 0 res 1085 received 
11-01 13:21:56.119 14412 14427 W System  : A resource failed to call close. 
11-01 13:21:56.122 14412 14427 I chatty  : uid=10203(symlab.cloudridar.arhud) FinalizerDaemon identical 41 lines
11-01 13:21:56.122 14412 14427 W System  : A resource failed to call close. 
11-01 13:21:56.132 14412 14466 D Evaluation: frame 1088 sent 
11-01 13:21:56.134 14412 14466 D Evaluation: 0 res 1086 received 
11-01 13:21:56.180 14412 14466 D Evaluation: frame 1090 sent 
11-01 13:21:56.182 14412 14466 D Evaluation: 0 res 1087 received 
11-01 13:21:56.209 14412 14466 D Evaluation: frame 1090 sent 
11-01 13:21:56.212 14412 14466 D Evaluation: 0 res 1088 received 
11-01 13:21:56.234 14412 14466 D Evaluation: frame 1091 sent 
11-01 13:21:56.236 14412 14466 D Evaluation: 1 res 1090 received 
11-01 13:21:56.283 14412 14466 D Evaluation: frame 1092 sent 
11-01 13:21:56.285 14412 14466 D Evaluation: 2 res 1090 received 
11-01 13:21:56.313 14412 14466 D Evaluation: frame 1093 sent 
11-01 13:21:56.315 14412 14466 D Evaluation: 2 res 1091 received 
11-01 13:21:56.336 14412 14466 D Evaluation: frame 1094 sent 
11-01 13:21:56.338 14412 14466 D Evaluation: 2 res 1092 received 
11-01 13:21:56.382 14412 14466 D Evaluation: frame 1096 sent 
11-01 13:21:56.384 14412 14466 D Evaluation: 2 res 1093 received 
11-01 13:21:56.407 14412 14466 D Evaluation: frame 1096 sent 
11-01 13:21:56.409 14412 14466 D Evaluation: 1 res 1094 received 
11-01 13:21:56.434 14412 14466 D Evaluation: frame 1097 sent 
11-01 13:21:56.436 14412 14466 D Evaluation: 2 res 1096 received 
11-01 13:21:56.518 14412 14466 D Evaluation: frame 1098 sent 
11-01 13:21:56.520 14412 14466 D Evaluation: 0 res 1096 received 
11-01 13:21:56.585 14412 14466 D Evaluation: frame 1100 sent 
11-01 13:21:56.587 14412 14466 D Evaluation: 0 res 1097 received 
11-01 13:21:56.613 14412 14466 D Evaluation: frame 1101 sent 
11-01 13:21:56.615 14412 14466 D Evaluation: 0 res 1098 received 
11-01 13:21:56.635 14412 14466 D Evaluation: frame 1101 sent 
11-01 13:21:56.637 14412 14466 D Evaluation: 0 res 1100 received 
11-01 13:21:56.663 14412 14412 D Poster  : At 1572607316663 location is - Latitude:65.05789888, Longitude:25.46923105
11-01 13:21:56.664 14412 14412 D Poster  : Connected to WiFi
11-01 13:21:56.666 14412 14412 D Poster  : Connected to mobile network 0
11-01 13:21:56.669 14412 14466 D Evaluation: frame 1102 sent 
11-01 13:21:56.671 14412 14466 D Evaluation: 0 res 1101 received 
11-01 13:21:56.708 14412 14466 D Evaluation: frame 1103 sent 
11-01 13:21:56.710 14412 14466 D Evaluation: 0 res 1101 received 
11-01 13:21:56.770 14412 14466 D Evaluation: frame 1104 sent 
11-01 13:21:56.773 14412 14466 D Evaluation: 0 res 1102 received 
11-01 13:21:56.800 14412 14466 D Evaluation: frame 1105 sent 
11-01 13:21:56.802 14412 14466 D Evaluation: 0 res 1103 received 
11-01 13:21:56.842 14412 14466 D Evaluation: frame 1106 sent 
11-01 13:21:56.845 14412 14466 D Evaluation: 0 res 1104 received 
11-01 13:21:56.867 14412 14466 D Evaluation: frame 1107 sent 
11-01 13:21:56.869 14412 14466 D Evaluation: 0 res 1105 received 
11-01 13:21:56.898 14412 14466 D Evaluation: frame 1108 sent 
11-01 13:21:56.900 14412 14466 D Evaluation: 0 res 1106 received 
11-01 13:21:56.927 14412 14466 D Evaluation: frame 1109 sent 
11-01 13:21:56.929 14412 14466 D Evaluation: 0 res 1107 received 
11-01 13:21:56.977 14412 14466 D Evaluation: frame 1111 sent 
11-01 13:21:56.979 14412 14466 D Evaluation: 0 res 1108 received 
11-01 13:21:57.004 14412 14466 D Evaluation: frame 1111 sent 
11-01 13:21:57.006 14412 14466 D Evaluation: 0 res 1109 received 
11-01 13:21:57.030 14412 14466 D Evaluation: frame 1112 sent 
11-01 13:21:57.032 14412 14466 D Evaluation: 0 res 1110 received 
11-01 13:21:57.076 14412 14466 D Evaluation: frame 1113 sent 
11-01 13:21:57.079 14412 14466 D Evaluation: 0 res 1111 received 
11-01 13:21:57.104 14412 14466 D Evaluation: frame 1114 sent 
11-01 13:21:57.106 14412 14466 D Evaluation: 0 res 1112 received 
11-01 13:21:57.126 14412 14427 W System  : A resource failed to call close. 
11-01 13:21:57.132 14412 14427 I chatty  : uid=10203(symlab.cloudridar.arhud) FinalizerDaemon identical 50 lines
11-01 13:21:57.132 14412 14427 W System  : A resource failed to call close. 
11-01 13:21:57.141 14412 14466 D Evaluation: frame 1115 sent 
11-01 13:21:57.143 14412 14466 D Evaluation: 0 res 1113 received 
11-01 13:21:57.169 14412 14466 D Evaluation: frame 1116 sent 
11-01 13:21:57.171 14412 14466 D Evaluation: 0 res 1114 received 
11-01 13:21:57.195 14412 14466 D Evaluation: frame 1117 sent 
11-01 13:21:57.197 14412 14466 D Evaluation: 0 res 1115 received 
11-01 13:21:57.236 14412 14466 D Evaluation: frame 1118 sent 
11-01 13:21:57.238 14412 14466 D Evaluation: 0 res 1116 received 
11-01 13:21:57.267 14412 14466 D Evaluation: frame 1119 sent 
11-01 13:21:57.269 14412 14466 D Evaluation: 0 res 1117 received 
11-01 13:21:57.300 14412 14466 D Evaluation: frame 1120 sent 
11-01 13:21:57.302 14412 14466 D Evaluation: 0 res 1118 received 
11-01 13:21:57.335 14412 14466 D Evaluation: frame 1121 sent 
11-01 13:21:57.337 14412 14466 D Evaluation: 0 res 1119 received 
11-01 13:21:57.376 14412 14466 D Evaluation: frame 1122 sent 
11-01 13:21:57.380 14412 14466 D Evaluation: 0 res 1120 received 
11-01 13:21:57.420 14412 14466 D Evaluation: frame 1124 sent 
11-01 13:21:57.422 14412 14466 D Evaluation: 0 res 1121 received 
11-01 13:21:57.445 14412 14466 D Evaluation: frame 1125 sent 
11-01 13:21:57.447 14412 14466 D Evaluation: 0 res 1122 received 
11-01 13:21:57.466 14412 14466 D Evaluation: frame 1125 sent 
11-01 13:21:57.468 14412 14466 D Evaluation: 0 res 1124 received 
11-01 13:21:57.500 14412 14466 D Evaluation: frame 1126 sent 
11-01 13:21:57.502 14412 14466 D Evaluation: 0 res 1125 received 
11-01 13:21:57.531 14412 14466 D Evaluation: frame 1127 sent 
11-01 13:21:57.533 14412 14466 D Evaluation: 0 res 1125 received 
11-01 13:21:57.621 14412 14466 D Evaluation: frame 1129 sent 
11-01 13:21:57.625 14412 14466 D Evaluation: 0 res 1126 received 
11-01 13:21:57.647 14412 14466 D Evaluation: frame 1129 sent 
11-01 13:21:57.649 14412 14466 D Evaluation: 0 res 1127 received 
11-01 13:21:57.669 14412 14412 D Poster  : At 1572607317669 location is - Latitude:65.05787549, Longitude:25.46924148
11-01 13:21:57.670 14412 14412 D Poster  : Connected to WiFi
11-01 13:21:57.670 14412 14466 D Evaluation: frame 1130 sent 
11-01 13:21:57.671 14412 14412 D Poster  : Connected to mobile network 0
11-01 13:21:57.672 14412 14466 D Evaluation: 0 res 1129 received 
11-01 13:21:57.711 14412 14466 D Evaluation: frame 1131 sent 
11-01 13:21:57.713 14412 14466 D Evaluation: 0 res 1129 received 
11-01 13:21:57.744 14412 14466 D Evaluation: frame 1132 sent 
11-01 13:21:57.747 14412 14466 D Evaluation: 0 res 1130 received 
11-01 13:21:57.788 14412 14466 D Evaluation: frame 1133 sent 
11-01 13:21:57.790 14412 14466 D Evaluation: 0 res 1131 received 
11-01 13:21:57.914 14412 14466 D Evaluation: frame 1135 sent 
11-01 13:21:57.916 14412 14466 D Evaluation: 0 res 1132 received 
11-01 13:21:57.942 14412 14466 D Evaluation: frame 1135 sent 
11-01 13:21:57.944 14412 14466 D Evaluation: 0 res 1133 received 
11-01 13:21:57.965 14412 14466 D Evaluation: frame 1136 sent 
11-01 13:21:57.967 14412 14466 D Evaluation: 0 res 1135 received 
11-01 13:21:57.996 14412 14466 D Evaluation: frame 1137 sent 
11-01 13:21:57.998 14412 14466 D Evaluation: 0 res 1135 received 
11-01 13:21:58.033 14412 14466 D Evaluation: frame 1138 sent 
11-01 13:21:58.035 14412 14466 D Evaluation: 0 res 1136 received 
11-01 13:21:58.066 14412 14466 D Evaluation: frame 1139 sent 
11-01 13:21:58.069 14412 14466 D Evaluation: 0 res 1137 received 
11-01 13:21:58.100 14412 14466 D Evaluation: frame 1140 sent 
11-01 13:21:58.102 14412 14466 D Evaluation: 0 res 1138 received 
11-01 13:21:58.135 14412 14466 D Evaluation: frame 1141 sent 
11-01 13:21:58.137 14412 14466 D Evaluation: 0 res 1139 received 
11-01 13:21:58.167 14412 14466 D Evaluation: frame 1142 sent 
11-01 13:21:58.169 14412 14466 D Evaluation: 0 res 1140 received 
11-01 13:21:58.215 14412 14466 D Evaluation: frame 1143 sent 
11-01 13:21:58.218 14412 14466 D Evaluation: 0 res 1141 received 
11-01 13:21:58.248 14412 14466 D Evaluation: frame 1144 sent 
11-01 13:21:58.250 14412 14466 D Evaluation: 0 res 1142 received 
11-01 13:21:58.301 14412 14466 D Evaluation: frame 1146 sent 
11-01 13:21:58.303 14412 14466 D Evaluation: 1 res 1143 received 
11-01 13:21:58.315 14412 14412 I Poster  :  onPause() called.
11-01 13:21:58.344 14412 14466 D Evaluation: frame 1146 sent 
11-01 13:21:58.354 14412 14466 D Evaluation: 1 res 1144 received 
11-01 13:21:58.405 14412 14427 W System  : A resource failed to call close. 
11-01 13:21:58.414 14412 14427 I chatty  : uid=10203(symlab.cloudridar.arhud) FinalizerDaemon identical 62 lines
11-01 13:21:58.414 14412 14427 W System  : A resource failed to call close. 
11-01 13:21:59.100 14412 14412 D Poster  : At 1572607319100 location is - Latitude:65.05787532, Longitude:25.46924147
11-01 13:21:59.108 14412 14412 D Poster  : Connected to WiFi
11-01 13:21:59.109 14412 14412 D Poster  : Connected to mobile network 0
11-01 13:21:59.158 14412 14412 I Poster  :  surfaceDestroyed() called.
11-01 13:21:59.159 14412 14412 I Poster  :  onStop() called.
11-01 13:22:03.410 14412 14427 W System  : A resource failed to call close. 
11-01 13:22:03.410 14412 14427 W System  : A resource failed to call close. 
