--------- beginning of main
11-06 10:29:29.308 21453 21478 E         : [ZeroHung]zrhung_get_config: Get config failed for wp[0x0102]
11-06 10:29:29.308 21453 21478 W ZrHung.AppEyeUiProbe: Failed to get config from zrhung
11-06 10:29:29.311 21476 21476 W logcat  : type=1400 audit(0.0:26697): avc: granted { create } for name="logcat_1573028969300.txt" scontext=u:r:untrusted_app:s0:c149,c256,c512,c768 tcontext=u:object_r:sdcardfs:s0:c149,c256,c512,c768 tclass=file
11-06 10:29:29.316 21453 21453 I MultiDex: Installing application
11-06 10:29:29.316 21453 21453 I MultiDex: VM has multidex support, MultiDex support library is disabled.
--------- beginning of system
11-06 10:29:29.319 21453 21453 V ActivityThread: callActivityOnCreate
11-06 10:29:29.319 21453 21453 I Poster  :  onCreate() called.
11-06 10:29:29.322 21453 21453 I HwApsImpl: APS: new HwApsImpl created
11-06 10:29:29.328 21453 21453 V HwWidgetFactory: : successes to get AllImpl object and return....
11-06 10:29:29.335 21453 21453 D OpenGLRenderer: Skia GL Pipeline
11-06 10:29:29.359 21453 21453 D Poster  : Server bound to IP 193.166.28.132 and port 52727
11-06 10:29:29.363 21453 21486 D Evaluation: metadata 0 sent 
11-06 10:29:29.364 21453 21453 D ActivityThread: add activity client record, r= ActivityRecord{fd66872 token=android.os.BinderProxy@8cd3ec5 {symlab.cloudridar.arhud/symlab.ARHUD.MainActivity}} token= android.os.BinderProxy@8cd3ec5
11-06 10:29:29.366 21453 21453 I Poster  :  onStart() called.
11-06 10:29:29.366 21453 21453 D ZrHung.AppEyeUiProbe: notify runnable to start.
11-06 10:29:29.367 21453 21453 I Poster  :  onResume() called.
11-06 10:29:29.371 21453 21453 I PermissionManager: camera remind result:true
11-06 10:29:29.371 21453 21453 I Camera  : open camera: 0, package name: symlab.cloudridar.arhud
11-06 10:29:29.371 21453 21453 I BackgroundPermManager: pkgName: symlab.cloudridar.arhud,pid: 21453 ,uidOf3RdApk: 10149 ,permType: 0 ,permCfg: 1
11-06 10:29:29.372 21453 21453 I HwCameraUtil: notifySurfaceFlingerCameraStatus : isFront = false , isOpend = true
11-06 10:29:29.380 21453 21453 D ActivityThread: isOptEnabled=false isWechatScanOpt=false
11-06 10:29:29.382 21453 21453 I HwSecImmHelper: mSecurityInputMethodService is null
11-06 10:29:29.390 21453 21453 D OpenGLRenderer:   HWUI Binary is  enabled
11-06 10:29:29.410 21453 21504 D HiTouch_PressGestureDetector: onAttached, package=symlab.cloudridar.arhud, windowType=1, mHiTouchRestricted=false
11-06 10:29:29.420 21453 21503 I ConfigStore: android::hardware::configstore::V1_0::ISurfaceFlingerConfigs::hasWideColorDisplay retrieved: 0
11-06 10:29:29.420 21453 21503 I ConfigStore: android::hardware::configstore::V1_0::ISurfaceFlingerConfigs::hasHDRDisplay retrieved: 0
11-06 10:29:29.421 21453 21503 I iGraphics: [0020080c] pn: symlab.cloudridar.arhud, p: 21453
11-06 10:29:29.421 21453 21503 I OpenGLRenderer: Initialized EGL, version 1.4, mEglDisplay 0x1
11-06 10:29:29.421 21453 21503 D OpenGLRenderer: Swap behavior 2
11-06 10:29:29.430 21453 21503 D mali_winsys: EGLint new_window_surface(egl_winsys_display *, void *, EGLSurface, EGLConfig, egl_winsys_surface **, EGLBoolean) returns 0x3000
11-06 10:29:29.440 21453 21453 I Poster  :  surfaceCreated() called.
11-06 10:29:29.440 21453 21453 I Poster  : initPreview() called
11-06 10:29:29.444 21453 21453 I PermissionManager: camera remind result:true
11-06 10:29:29.450 21453 21453 I Poster  :  surfaceChanged() called.
11-06 10:29:29.467 21453 21453 W InputMethodManager: startInputReason = 1
11-06 10:29:29.480 21453 21453 W InputMethodManager: startInputReason = 5
11-06 10:29:29.735 21453 21486 D Evaluation: metadata 1 sent 
11-06 10:29:29.774 21453 21486 D Evaluation: metadata 2 sent 
11-06 10:29:29.802 21453 21486 D Evaluation: metadata 3 sent 
11-06 10:29:29.836 21453 21486 D Evaluation: metadata 4 sent 
11-06 10:29:29.872 21453 21486 D Evaluation: metadata 5 sent 
11-06 10:29:29.922 21453 21486 D Evaluation: Frame 6 sent at 1573028969922
11-06 10:29:29.948 21453 21486 D Evaluation: Frame 7 sent at 1573028969948
11-06 10:29:29.982 21453 21486 D Evaluation: Frame 8 sent at 1573028969982
11-06 10:29:30.016 21453 21486 D Evaluation: Frame 9 sent at 1573028970015
11-06 10:29:30.051 21453 21486 D Evaluation: Frame 10 sent at 1573028970051
11-06 10:29:30.084 21453 21486 D Evaluation: Frame 11 sent at 1573028970084
11-06 10:29:30.117 21453 21486 D Evaluation: Frame 12 sent at 1573028970117
11-06 10:29:30.150 21453 21486 D Evaluation: Frame 13 sent at 1573028970150
11-06 10:29:30.189 21453 21486 D Evaluation: Frame 14 sent at 1573028970189
11-06 10:29:30.190 21453 21486 D Evaluation: 3 res for frame 6 received at 1573028970190
11-06 10:29:30.218 21453 21464 E         : [ZeroHung]zrhung_get_config: Get config failed for wp[0x0008]
11-06 10:29:30.218 21453 21486 D Evaluation: Frame 15 sent at 1573028970218
11-06 10:29:30.228 21453 21462 W System  : A resource failed to call close. 
11-06 10:29:30.228 21453 21462 W System  : A resource failed to call close. 
11-06 10:29:30.256 21453 21486 D Evaluation: Frame 16 sent at 1573028970256
11-06 10:29:30.289 21453 21486 D Evaluation: Frame 17 sent at 1573028970289
11-06 10:29:30.319 21453 21486 D Evaluation: Frame 18 sent at 1573028970319
11-06 10:29:30.357 21453 21486 D Evaluation: Frame 19 sent at 1573028970357
11-06 10:29:30.388 21453 21486 D Evaluation: Frame 20 sent at 1573028970388
11-06 10:29:30.419 21453 21486 D Evaluation: Frame 21 sent at 1573028970419
11-06 10:29:30.458 21453 21486 D Evaluation: Frame 22 sent at 1573028970458
11-06 10:29:30.486 21453 21486 D Evaluation: Frame 23 sent at 1573028970486
11-06 10:29:30.520 21453 21486 D Evaluation: Frame 24 sent at 1573028970520
11-06 10:29:30.553 21453 21486 D Evaluation: Frame 25 sent at 1573028970553
11-06 10:29:30.587 21453 21486 D Evaluation: Frame 26 sent at 1573028970587
11-06 10:29:30.631 21453 21486 D Evaluation: Frame 27 sent at 1573028970631
11-06 10:29:30.670 21453 21486 D Evaluation: Frame 28 sent at 1573028970670
11-06 10:29:30.712 21453 21486 D Evaluation: Frame 29 sent at 1573028970712
11-06 10:29:30.746 21453 21486 D Evaluation: Frame 30 sent at 1573028970746
11-06 10:29:30.779 21453 21486 D Evaluation: Frame 31 sent at 1573028970779
11-06 10:29:30.807 21453 21486 D Evaluation: Frame 32 sent at 1573028970807
11-06 10:29:30.851 21453 21486 D Evaluation: Frame 33 sent at 1573028970851
11-06 10:29:30.881 21453 21486 D Evaluation: Frame 34 sent at 1573028970881
11-06 10:29:30.923 21453 21486 D Evaluation: Frame 35 sent at 1573028970923
11-06 10:29:30.964 21453 21486 D Evaluation: Frame 37 sent at 1573028970964
11-06 10:29:30.983 21453 21486 D Evaluation: Frame 37 sent at 1573028970983
11-06 10:29:31.024 21453 21486 D Evaluation: Frame 38 sent at 1573028971024
11-06 10:29:31.045 21453 21486 D Evaluation: Frame 39 sent at 1573028971045
11-06 10:29:31.075 21453 21486 D Evaluation: Frame 40 sent at 1573028971075
11-06 10:29:31.125 21453 21486 D Evaluation: Frame 42 sent at 1573028971125
11-06 10:29:31.144 21453 21486 D Evaluation: Frame 42 sent at 1573028971144
11-06 10:29:31.171 21453 21486 D Evaluation: Frame 43 sent at 1573028971171
11-06 10:29:31.212 21453 21486 D Evaluation: Frame 44 sent at 1573028971212
11-06 10:29:31.257 21453 21486 D Evaluation: Frame 45 sent at 1573028971257
11-06 10:29:31.289 21453 21464 E         : [ZeroHung]zrhung_get_config: Get config failed for wp[0x0008]
11-06 10:29:31.290 21453 21486 D Evaluation: Frame 46 sent at 1573028971290
11-06 10:29:31.307 21453 21486 D Evaluation: Frame 47 sent at 1573028971307
11-06 10:29:31.344 21453 21486 D Evaluation: Frame 48 sent at 1573028971344
11-06 10:29:31.425 21453 21486 D Evaluation: Frame 49 sent at 1573028971425
11-06 10:29:31.452 21453 21486 D Evaluation: Frame 50 sent at 1573028971452
11-06 10:29:31.489 21453 21486 D Evaluation: Frame 51 sent at 1573028971489
11-06 10:29:31.511 21453 21486 D Evaluation: Frame 52 sent at 1573028971511
11-06 10:29:31.536 21453 21486 D Evaluation: Frame 53 sent at 1573028971536
11-06 10:29:31.577 21453 21486 D Evaluation: Frame 54 sent at 1573028971577
11-06 10:29:31.604 21453 21486 D Evaluation: Frame 55 sent at 1573028971604
11-06 10:29:31.639 21453 21486 D Evaluation: Frame 56 sent at 1573028971639
11-06 10:29:31.671 21453 21486 D Evaluation: Frame 57 sent at 1573028971671
11-06 10:29:31.708 21453 21486 D Evaluation: Frame 58 sent at 1573028971708
11-06 10:29:31.739 21453 21486 D Evaluation: Frame 59 sent at 1573028971739
11-06 10:29:31.776 21453 21486 D Evaluation: Frame 60 sent at 1573028971776
11-06 10:29:31.814 21453 21486 D Evaluation: Frame 61 sent at 1573028971814
11-06 10:29:31.850 21453 21486 D Evaluation: Frame 62 sent at 1573028971850
11-06 10:29:31.894 21453 21486 D Evaluation: Frame 63 sent at 1573028971894
11-06 10:29:31.931 21453 21486 D Evaluation: Frame 65 sent at 1573028971931
11-06 10:29:31.948 21453 21486 D Evaluation: Frame 65 sent at 1573028971948
11-06 10:29:31.986 21453 21486 D Evaluation: Frame 66 sent at 1573028971986
11-06 10:29:32.015 21453 21486 D Evaluation: Frame 67 sent at 1573028972015
11-06 10:29:32.055 21453 21486 D Evaluation: Frame 68 sent at 1573028972055
11-06 10:29:32.092 21453 21486 D Evaluation: Frame 69 sent at 1573028972092
11-06 10:29:32.122 21453 21486 D Evaluation: Frame 70 sent at 1573028972122
11-06 10:29:32.149 21453 21486 D Evaluation: Frame 71 sent at 1573028972149
11-06 10:29:32.177 21453 21486 D Evaluation: Frame 72 sent at 1573028972177
11-06 10:29:32.223 21453 21486 D Evaluation: Frame 73 sent at 1573028972223
11-06 10:29:32.261 21453 21486 D Evaluation: Frame 74 sent at 1573028972261
11-06 10:29:32.295 21453 21486 D Evaluation: Frame 75 sent at 1573028972295
11-06 10:29:32.329 21453 21486 D Evaluation: Frame 76 sent at 1573028972329
11-06 10:29:32.360 21453 21486 D Evaluation: Frame 77 sent at 1573028972360
11-06 10:29:32.392 21453 21486 D Evaluation: Frame 78 sent at 1573028972392
11-06 10:29:32.436 21453 21486 D Evaluation: Frame 80 sent at 1573028972436
11-06 10:29:32.454 21453 21486 D Evaluation: Frame 80 sent at 1573028972454
11-06 10:29:32.486 21453 21486 D Evaluation: Frame 81 sent at 1573028972486
11-06 10:29:32.526 21453 21486 D Evaluation: Frame 82 sent at 1573028972526
11-06 10:29:32.560 21453 21486 D Evaluation: Frame 83 sent at 1573028972560
11-06 10:29:32.594 21453 21486 D Evaluation: Frame 84 sent at 1573028972594
11-06 10:29:32.626 21453 21486 D Evaluation: Frame 85 sent at 1573028972626
11-06 10:29:32.653 21453 21486 D Evaluation: Frame 86 sent at 1573028972653
11-06 10:29:32.694 21453 21486 D Evaluation: Frame 87 sent at 1573028972694
11-06 10:29:32.733 21453 21486 D Evaluation: Frame 88 sent at 1573028972733
11-06 10:29:32.768 21453 21486 D Evaluation: Frame 89 sent at 1573028972768
11-06 10:29:32.796 21453 21486 D Evaluation: Frame 90 sent at 1573028972796
11-06 10:29:32.829 21453 21486 D Evaluation: Frame 91 sent at 1573028972829
11-06 10:29:32.854 21453 21464 E         : [ZeroHung]zrhung_get_config: Get config failed for wp[0x0008]
11-06 10:29:32.854 21453 21486 D Evaluation: Frame 92 sent at 1573028972854
11-06 10:29:32.903 21453 21486 D Evaluation: Frame 93 sent at 1573028972903
11-06 10:29:32.930 21453 21453 D stylus  : init stylus touchlistener.
11-06 10:29:32.931 21453 21486 D Evaluation: Frame 94 sent at 1573028972931
11-06 10:29:32.936 21453 21453 W Settings: Setting device_provisioned has moved from android.provider.Settings.Secure to android.provider.Settings.Global.
11-06 10:29:32.936 21453 21453 V HiTouch_HiTouchSensor: User setup is finished.
11-06 10:29:32.969 21453 21453 W HiTouch_PressGestureDetector: Touch pointer move a lot. The moving distance of X is:14.991638, limit is:60The moving distance of Y is:65.932205, limit is:60
11-06 10:29:32.978 21453 21486 D Evaluation: Frame 95 sent at 1573028972978
11-06 10:29:32.998 21453 21486 D Evaluation: Frame 96 sent at 1573028972998
11-06 10:29:33.020 21453 21486 D Evaluation: Frame 97 sent at 1573028973020
11-06 10:29:33.057 21453 21486 D Evaluation: Frame 98 sent at 1573028973057
11-06 10:29:33.099 21453 21486 D Evaluation: Frame 99 sent at 1573028973099
11-06 10:29:33.120 21453 21486 D Evaluation: Frame 100 sent at 1573028973120
11-06 10:29:33.147 21453 21486 D Evaluation: Frame 101 sent at 1573028973147
11-06 10:29:33.190 21453 21486 D Evaluation: Frame 102 sent at 1573028973190
11-06 10:29:33.219 21453 21486 D Evaluation: Frame 103 sent at 1573028973219
11-06 10:29:33.261 21453 21486 D Evaluation: Frame 104 sent at 1573028973261
11-06 10:29:33.288 21453 21486 D Evaluation: Frame 105 sent at 1573028973288
11-06 10:29:33.323 21453 21486 D Evaluation: Frame 106 sent at 1573028973323
11-06 10:29:33.356 21453 21486 D Evaluation: Frame 107 sent at 1573028973356
11-06 10:29:33.393 21453 21486 D Evaluation: Frame 108 sent at 1573028973393
11-06 10:29:33.423 21453 21486 D Evaluation: Frame 109 sent at 1573028973423
11-06 10:29:33.459 21453 21486 D Evaluation: Frame 110 sent at 1573028973459
11-06 10:29:33.486 21453 21486 D Evaluation: Frame 111 sent at 1573028973486
11-06 10:29:33.525 21453 21486 D Evaluation: Frame 112 sent at 1573028973525
11-06 10:29:33.553 21453 21486 D Evaluation: Frame 113 sent at 1573028973553
11-06 10:29:33.594 21453 21486 D Evaluation: Frame 114 sent at 1573028973594
11-06 10:29:33.631 21453 21486 D Evaluation: Frame 115 sent at 1573028973631
11-06 10:29:33.666 21453 21486 D Evaluation: Frame 116 sent at 1573028973666
11-06 10:29:33.689 21453 21486 D Evaluation: Frame 117 sent at 1573028973689
11-06 10:29:33.728 21453 21486 D Evaluation: Frame 118 sent at 1573028973728
11-06 10:29:33.765 21453 21486 D Evaluation: Frame 119 sent at 1573028973765
11-06 10:29:33.793 21453 21486 D Evaluation: Frame 120 sent at 1573028973793
11-06 10:29:33.821 21453 21486 D Evaluation: Frame 121 sent at 1573028973821
11-06 10:29:33.855 21453 21486 D Evaluation: Frame 122 sent at 1573028973855
11-06 10:29:33.889 21453 21486 D Evaluation: Frame 123 sent at 1573028973889
11-06 10:29:33.930 21453 21486 D Evaluation: Frame 124 sent at 1573028973930
11-06 10:29:33.962 21453 21486 D Evaluation: Frame 125 sent at 1573028973962
11-06 10:29:33.991 21453 21486 D Evaluation: Frame 126 sent at 1573028973991
11-06 10:29:34.035 21453 21486 D Evaluation: Frame 127 sent at 1573028974034
11-06 10:29:34.063 21453 21486 D Evaluation: Frame 128 sent at 1573028974063
11-06 10:29:34.091 21453 21486 D Evaluation: Frame 129 sent at 1573028974091
11-06 10:29:34.122 21453 21486 D Evaluation: Frame 130 sent at 1573028974122
11-06 10:29:34.170 21453 21486 D Evaluation: Frame 131 sent at 1573028974170
11-06 10:29:34.192 21453 21464 E         : [ZeroHung]zrhung_get_config: Get config failed for wp[0x0008]
11-06 10:29:34.192 21453 21486 D Evaluation: Frame 132 sent at 1573028974192
11-06 10:29:34.223 21453 21486 D Evaluation: Frame 133 sent at 1573028974223
11-06 10:29:34.259 21453 21486 D Evaluation: Frame 134 sent at 1573028974259
11-06 10:29:34.296 21453 21486 D Evaluation: Frame 135 sent at 1573028974296
11-06 10:29:34.296 21453 21453 I AwareBitmapCacher: init lrucache size: 2097152 pid=21453
11-06 10:29:34.326 21453 21486 D Evaluation: Frame 136 sent at 1573028974326
11-06 10:29:34.367 21453 21486 D Evaluation: Frame 137 sent at 1573028974367
11-06 10:29:34.399 21453 21486 D Evaluation: Frame 138 sent at 1573028974399
11-06 10:29:34.428 21453 21486 D Evaluation: Frame 139 sent at 1573028974428
11-06 10:29:34.456 21453 21486 D Evaluation: Frame 140 sent at 1573028974456
11-06 10:29:34.493 21453 21486 D Evaluation: Frame 141 sent at 1573028974493
11-06 10:29:34.524 21453 21486 D Evaluation: Frame 142 sent at 1573028974524
11-06 10:29:34.570 21453 21486 D Evaluation: Frame 143 sent at 1573028974570
11-06 10:29:34.603 21453 21486 D Evaluation: Frame 144 sent at 1573028974603
11-06 10:29:34.637 21453 21486 D Evaluation: Frame 145 sent at 1573028974637
11-06 10:29:34.668 21453 21486 D Evaluation: Frame 146 sent at 1573028974668
11-06 10:29:34.708 21453 21486 D Evaluation: Frame 147 sent at 1573028974708
11-06 10:29:34.738 21453 21486 D Evaluation: Frame 148 sent at 1573028974738
11-06 10:29:34.770 21453 21486 D Evaluation: Frame 149 sent at 1573028974770
11-06 10:29:34.797 21453 21486 D Evaluation: Frame 150 sent at 1573028974797
11-06 10:29:34.838 21453 21486 D Evaluation: Frame 151 sent at 1573028974838
11-06 10:29:34.866 21453 21486 D Evaluation: Frame 152 sent at 1573028974866
11-06 10:29:34.903 21453 21486 D Evaluation: Frame 153 sent at 1573028974903
11-06 10:29:34.928 21453 21486 D Evaluation: Frame 154 sent at 1573028974928
11-06 10:29:34.970 21453 21486 D Evaluation: Frame 155 sent at 1573028974969
11-06 10:29:34.999 21453 21486 D Evaluation: Frame 156 sent at 1573028974999
11-06 10:29:35.033 21453 21486 D Evaluation: Frame 157 sent at 1573028975033
11-06 10:29:35.073 21453 21486 D Evaluation: Frame 158 sent at 1573028975073
11-06 10:29:35.109 21453 21486 D Evaluation: Frame 159 sent at 1573028975109
11-06 10:29:35.136 21453 21486 D Evaluation: Frame 160 sent at 1573028975136
11-06 10:29:35.173 21453 21486 D Evaluation: Frame 161 sent at 1573028975173
11-06 10:29:35.200 21453 21486 D Evaluation: Frame 162 sent at 1573028975200
11-06 10:29:35.249 21453 21486 D Evaluation: Frame 163 sent at 1573028975249
11-06 10:29:35.272 21453 21486 D Evaluation: Frame 164 sent at 1573028975272
11-06 10:29:35.302 21453 21486 D Evaluation: Frame 165 sent at 1573028975302
11-06 10:29:35.341 21453 21486 D Evaluation: Frame 166 sent at 1573028975341
11-06 10:29:35.374 21453 21486 D Evaluation: Frame 167 sent at 1573028975374
11-06 10:29:35.402 21453 21486 D Evaluation: Frame 168 sent at 1573028975402
11-06 10:29:35.446 21453 21486 D Evaluation: Frame 169 sent at 1573028975446
11-06 10:29:35.469 21453 21486 D Evaluation: Frame 170 sent at 1573028975469
11-06 10:29:35.499 21453 21486 D Evaluation: Frame 171 sent at 1573028975499
11-06 10:29:35.575 21453 21464 E         : [ZeroHung]zrhung_get_config: Get config failed for wp[0x0008]
11-06 10:29:35.575 21453 21486 D Evaluation: Frame 172 sent at 1573028975575
11-06 10:29:35.603 21453 21486 D Evaluation: Frame 173 sent at 1573028975603
11-06 10:29:35.678 21453 21486 D Evaluation: Frame 174 sent at 1573028975678
11-06 10:29:35.703 21453 21486 D Evaluation: Frame 175 sent at 1573028975703
11-06 10:29:35.743 21453 21486 D Evaluation: Frame 176 sent at 1573028975743
11-06 10:29:35.792 21453 21486 D Evaluation: Frame 177 sent at 1573028975792
11-06 10:29:35.808 21453 21486 D Evaluation: Frame 178 sent at 1573028975808
11-06 10:29:35.832 21453 21486 D Evaluation: Frame 179 sent at 1573028975832
11-06 10:29:35.868 21453 21486 D Evaluation: Frame 180 sent at 1573028975868
11-06 10:29:35.900 21453 21486 D Evaluation: Frame 181 sent at 1573028975900
11-06 10:29:35.948 21453 21486 D Evaluation: Frame 182 sent at 1573028975948
11-06 10:29:35.979 21453 21486 D Evaluation: Frame 183 sent at 1573028975979
11-06 10:29:36.006 21453 21486 D Evaluation: Frame 184 sent at 1573028976006
11-06 10:29:36.049 21453 21486 D Evaluation: Frame 185 sent at 1573028976049
11-06 10:29:36.073 21453 21486 D Evaluation: Frame 186 sent at 1573028976073
11-06 10:29:36.118 21453 21486 D Evaluation: Frame 187 sent at 1573028976118
11-06 10:29:36.138 21453 21486 D Evaluation: Frame 188 sent at 1573028976138
11-06 10:29:36.173 21453 21486 D Evaluation: Frame 189 sent at 1573028976173
11-06 10:29:36.205 21453 21486 D Evaluation: Frame 190 sent at 1573028976205
11-06 10:29:36.239 21453 21486 D Evaluation: Frame 191 sent at 1573028976239
11-06 10:29:36.274 21453 21486 D Evaluation: Frame 192 sent at 1573028976274
11-06 10:29:36.314 21453 21486 D Evaluation: Frame 193 sent at 1573028976314
11-06 10:29:36.341 21453 21486 D Evaluation: Frame 194 sent at 1573028976341
11-06 10:29:36.377 21453 21486 D Evaluation: Frame 195 sent at 1573028976377
11-06 10:29:36.407 21453 21486 D Evaluation: Frame 196 sent at 1573028976407
11-06 10:29:36.441 21453 21486 D Evaluation: Frame 197 sent at 1573028976441
11-06 10:29:36.473 21453 21486 D Evaluation: Frame 198 sent at 1573028976473
11-06 10:29:36.507 21453 21486 D Evaluation: Frame 199 sent at 1573028976507
11-06 10:29:36.538 21453 21486 D Evaluation: Frame 200 sent at 1573028976538
11-06 10:29:36.594 21453 21486 D Evaluation: Frame 201 sent at 1573028976594
11-06 10:29:36.615 21453 21486 D Evaluation: Frame 202 sent at 1573028976615
11-06 10:29:36.642 21453 21486 D Evaluation: Frame 203 sent at 1573028976642
11-06 10:29:36.679 21453 21486 D Evaluation: Frame 204 sent at 1573028976679
11-06 10:29:36.710 21453 21486 D Evaluation: Frame 205 sent at 1573028976710
11-06 10:29:36.751 21453 21486 D Evaluation: Frame 206 sent at 1573028976751
11-06 10:29:36.791 21453 21486 D Evaluation: Frame 207 sent at 1573028976791
11-06 10:29:36.809 21453 21486 D Evaluation: Frame 208 sent at 1573028976809
11-06 10:29:36.845 21453 21486 D Evaluation: Frame 209 sent at 1573028976845
11-06 10:29:36.879 21453 21486 D Evaluation: Frame 210 sent at 1573028976879
11-06 10:29:36.912 21453 21486 D Evaluation: Frame 211 sent at 1573028976912
11-06 10:29:36.945 21453 21486 D Evaluation: Frame 212 sent at 1573028976945
11-06 10:29:36.979 21453 21486 D Evaluation: Frame 213 sent at 1573028976979
11-06 10:29:37.011 21453 21464 E         : [ZeroHung]zrhung_get_config: Get config failed for wp[0x0008]
11-06 10:29:37.012 21453 21486 D Evaluation: Frame 214 sent at 1573028977012
11-06 10:29:37.052 21453 21486 D Evaluation: Frame 215 sent at 1573028977052
11-06 10:29:37.078 21453 21486 D Evaluation: Frame 216 sent at 1573028977078
11-06 10:29:37.128 21453 21486 D Evaluation: Frame 217 sent at 1573028977128
11-06 10:29:37.143 21453 21486 D Evaluation: Frame 218 sent at 1573028977143
11-06 10:29:37.176 21453 21486 D Evaluation: Frame 219 sent at 1573028977176
11-06 10:29:37.214 21453 21486 D Evaluation: Frame 220 sent at 1573028977214
11-06 10:29:37.251 21453 21486 D Evaluation: Frame 221 sent at 1573028977251
11-06 10:29:37.283 21453 21486 D Evaluation: Frame 222 sent at 1573028977283
11-06 10:29:37.326 21453 21486 D Evaluation: Frame 223 sent at 1573028977326
11-06 10:29:37.345 21453 21486 D Evaluation: Frame 224 sent at 1573028977345
11-06 10:29:37.382 21453 21486 D Evaluation: Frame 225 sent at 1573028977382
11-06 10:29:37.440 21453 21486 D Evaluation: Frame 226 sent at 1573028977440
11-06 10:29:37.475 21453 21486 D Evaluation: Frame 227 sent at 1573028977475
11-06 10:29:37.505 21453 21486 D Evaluation: Frame 229 sent at 1573028977505
11-06 10:29:37.525 21453 21486 D Evaluation: Frame 229 sent at 1573028977524
11-06 10:29:37.565 21453 21486 D Evaluation: Frame 230 sent at 1573028977565
11-06 10:29:37.635 21453 21486 D Evaluation: Frame 231 sent at 1573028977635
11-06 10:29:37.669 21453 21486 D Evaluation: Frame 232 sent at 1573028977669
11-06 10:29:37.708 21453 21486 D Evaluation: Frame 233 sent at 1573028977708
11-06 10:29:37.731 21453 21486 D Evaluation: Frame 234 sent at 1573028977731
11-06 10:29:37.770 21453 21486 D Evaluation: Frame 235 sent at 1573028977769
11-06 10:29:37.810 21453 21486 D Evaluation: Frame 236 sent at 1573028977810
11-06 10:29:37.843 21453 21486 D Evaluation: Frame 237 sent at 1573028977843
11-06 10:29:37.860 21453 21486 D Evaluation: Frame 238 sent at 1573028977860
11-06 10:29:37.898 21453 21486 D Evaluation: Frame 239 sent at 1573028977898
11-06 10:29:37.944 21453 21486 D Evaluation: Frame 240 sent at 1573028977944
11-06 10:29:37.984 21453 21486 D Evaluation: Frame 241 sent at 1573028977984
11-06 10:29:38.013 21453 21486 D Evaluation: Frame 242 sent at 1573028978013
11-06 10:29:38.042 21453 21486 D Evaluation: Frame 243 sent at 1573028978042
11-06 10:29:38.079 21453 21486 D Evaluation: Frame 244 sent at 1573028978079
11-06 10:29:38.113 21453 21486 D Evaluation: Frame 245 sent at 1573028978113
11-06 10:29:38.145 21453 21486 D Evaluation: Frame 246 sent at 1573028978145
11-06 10:29:38.179 21453 21486 D Evaluation: Frame 247 sent at 1573028978179
11-06 10:29:38.208 21453 21486 D Evaluation: Frame 248 sent at 1573028978208
11-06 10:29:38.251 21453 21486 D Evaluation: Frame 249 sent at 1573028978251
11-06 10:29:38.273 21453 21486 D Evaluation: Frame 250 sent at 1573028978273
11-06 10:29:38.313 21453 21486 D Evaluation: Frame 251 sent at 1573028978313
11-06 10:29:38.334 21453 21486 D Evaluation: Frame 252 sent at 1573028978334
11-06 10:29:38.381 21453 21486 D Evaluation: Frame 253 sent at 1573028978381
11-06 10:29:38.415 21453 21486 D Evaluation: Frame 255 sent at 1573028978415
11-06 10:29:38.437 21453 21486 D Evaluation: Frame 255 sent at 1573028978437
11-06 10:29:38.479 21453 21486 D Evaluation: Frame 256 sent at 1573028978478
11-06 10:29:38.503 21453 21464 E         : [ZeroHung]zrhung_get_config: Get config failed for wp[0x0008]
11-06 10:29:38.504 21453 21486 D Evaluation: Frame 257 sent at 1573028978504
11-06 10:29:38.539 21453 21486 D Evaluation: Frame 258 sent at 1573028978539
11-06 10:29:38.632 21453 21486 D Evaluation: Frame 260 sent at 1573028978632
11-06 10:29:38.657 21453 21486 D Evaluation: Frame 260 sent at 1573028978657
11-06 10:29:38.711 21453 21486 D Evaluation: Frame 261 sent at 1573028978711
11-06 10:29:38.766 21453 21486 D Evaluation: Frame 263 sent at 1573028978766
11-06 10:29:38.792 21453 21486 D Evaluation: Frame 263 sent at 1573028978791
11-06 10:29:38.821 21453 21486 D Evaluation: Frame 264 sent at 1573028978821
11-06 10:29:38.853 21453 21486 D Evaluation: Frame 266 sent at 1573028978853
11-06 10:29:38.873 21453 21486 D Evaluation: Frame 266 sent at 1573028978873
11-06 10:29:38.911 21453 21486 D Evaluation: Frame 267 sent at 1573028978911
11-06 10:29:38.946 21453 21486 D Evaluation: Frame 268 sent at 1573028978946
11-06 10:29:38.982 21453 21486 D Evaluation: Frame 269 sent at 1573028978982
11-06 10:29:39.014 21453 21486 D Evaluation: Frame 270 sent at 1573028979014
11-06 10:29:39.048 21453 21486 D Evaluation: Frame 271 sent at 1573028979048
11-06 10:29:39.077 21453 21486 D Evaluation: Frame 272 sent at 1573028979077
11-06 10:29:39.118 21453 21486 D Evaluation: Frame 273 sent at 1573028979118
11-06 10:29:39.157 21453 21486 D Evaluation: Frame 274 sent at 1573028979157
11-06 10:29:39.182 21453 21486 D Evaluation: Frame 275 sent at 1573028979181
11-06 10:29:39.207 21453 21486 D Evaluation: Frame 276 sent at 1573028979207
11-06 10:29:39.245 21453 21486 D Evaluation: Frame 277 sent at 1573028979245
11-06 10:29:39.272 21453 21486 D Evaluation: Frame 278 sent at 1573028979272
11-06 10:29:39.318 21453 21486 D Evaluation: Frame 279 sent at 1573028979318
11-06 10:29:39.357 21453 21486 D Evaluation: Frame 280 sent at 1573028979357
11-06 10:29:39.403 21453 21486 D Evaluation: Frame 282 sent at 1573028979403
11-06 10:29:39.424 21453 21486 D Evaluation: Frame 282 sent at 1573028979424
11-06 10:29:39.447 21453 21486 D Evaluation: Frame 283 sent at 1573028979447
11-06 10:29:39.484 21453 21486 D Evaluation: Frame 284 sent at 1573028979484
11-06 10:29:39.512 21453 21486 D Evaluation: Frame 285 sent at 1573028979512
11-06 10:29:39.549 21453 21486 D Evaluation: Frame 286 sent at 1573028979549
11-06 10:29:39.589 21453 21486 D Evaluation: Frame 287 sent at 1573028979589
11-06 10:29:39.609 21453 21486 D Evaluation: Frame 288 sent at 1573028979609
11-06 10:29:39.653 21453 21486 D Evaluation: Frame 289 sent at 1573028979653
11-06 10:29:39.683 21453 21486 D Evaluation: Frame 290 sent at 1573028979683
11-06 10:29:39.728 21453 21486 D Evaluation: Frame 291 sent at 1573028979728
11-06 10:29:39.755 21453 21486 D Evaluation: Frame 292 sent at 1573028979755
11-06 10:29:39.789 21453 21486 D Evaluation: Frame 293 sent at 1573028979789
11-06 10:29:39.814 21453 21486 D Evaluation: Frame 294 sent at 1573028979814
11-06 10:29:39.849 21453 21486 D Evaluation: Frame 295 sent at 1573028979849
11-06 10:29:39.878 21453 21486 D Evaluation: Frame 296 sent at 1573028979878
11-06 10:29:39.922 21453 21486 D Evaluation: Frame 297 sent at 1573028979922
11-06 10:29:39.956 21453 21486 D Evaluation: Frame 298 sent at 1573028979956
11-06 10:29:39.996 21453 21486 D Evaluation: Frame 299 sent at 1573028979995
11-06 10:29:40.027 21453 21486 D Evaluation: Frame 300 sent at 1573028980027
11-06 10:29:40.063 21453 21486 D Evaluation: Frame 301 sent at 1573028980063
11-06 10:29:40.091 21453 21486 D Evaluation: Frame 303 sent at 1573028980091
11-06 10:29:40.110 21453 21486 D Evaluation: Frame 303 sent at 1573028980110
11-06 10:29:40.153 21453 21486 D Evaluation: Frame 304 sent at 1573028980152
11-06 10:29:40.192 21453 21486 D Evaluation: Frame 305 sent at 1573028980192
11-06 10:29:40.217 21453 21486 D Evaluation: Frame 306 sent at 1573028980217
11-06 10:29:40.255 21453 21486 D Evaluation: Frame 307 sent at 1573028980255
11-06 10:29:40.293 21453 21486 D Evaluation: Frame 308 sent at 1573028980293
11-06 10:29:40.336 21453 21486 D Evaluation: Frame 310 sent at 1573028980336
11-06 10:29:40.359 21453 21486 D Evaluation: Frame 310 sent at 1573028980359
11-06 10:29:40.389 21453 21486 D Evaluation: Frame 311 sent at 1573028980389
11-06 10:29:40.424 21453 21464 E         : [ZeroHung]zrhung_get_config: Get config failed for wp[0x0008]
11-06 10:29:40.424 21453 21486 D Evaluation: Frame 312 sent at 1573028980424
11-06 10:29:40.513 21453 21486 D Evaluation: Frame 314 sent at 1573028980513
11-06 10:29:40.534 21453 21486 D Evaluation: Frame 314 sent at 1573028980534
11-06 10:29:40.551 21453 21486 D Evaluation: Frame 315 sent at 1573028980551
11-06 10:29:40.585 21453 21486 D Evaluation: Frame 316 sent at 1573028980585
11-06 10:29:40.617 21453 21486 D Evaluation: Frame 317 sent at 1573028980616
11-06 10:29:40.671 21453 21486 D Evaluation: Frame 318 sent at 1573028980671
11-06 10:29:40.705 21453 21486 D Evaluation: Frame 320 sent at 1573028980705
11-06 10:29:40.728 21453 21486 D Evaluation: Frame 320 sent at 1573028980728
11-06 10:29:40.763 21453 21486 D Evaluation: Frame 321 sent at 1573028980763
11-06 10:29:40.793 21453 21486 D Evaluation: Frame 322 sent at 1573028980793
11-06 10:29:40.818 21453 21486 D Evaluation: Frame 323 sent at 1573028980818
11-06 10:29:40.864 21453 21486 D Evaluation: Frame 324 sent at 1573028980864
11-06 10:29:40.895 21453 21486 D Evaluation: Frame 325 sent at 1573028980895
11-06 10:29:40.934 21453 21486 D Evaluation: Frame 326 sent at 1573028980934
11-06 10:29:40.961 21453 21486 D Evaluation: Frame 327 sent at 1573028980961
11-06 10:29:41.002 21453 21486 D Evaluation: Frame 328 sent at 1573028981001
11-06 10:29:41.032 21453 21486 D Evaluation: Frame 329 sent at 1573028981032
11-06 10:29:41.065 21453 21486 D Evaluation: Frame 330 sent at 1573028981065
11-06 10:29:41.108 21453 21486 D Evaluation: Frame 332 sent at 1573028981108
11-06 10:29:41.129 21453 21486 D Evaluation: Frame 332 sent at 1573028981129
11-06 10:29:41.168 21453 21486 D Evaluation: Frame 333 sent at 1573028981168
11-06 10:29:41.197 21453 21486 D Evaluation: Frame 334 sent at 1573028981197
11-06 10:29:41.223 21453 21486 D Evaluation: Frame 335 sent at 1573028981222
11-06 10:29:41.267 21453 21486 D Evaluation: Frame 336 sent at 1573028981267
11-06 10:29:41.299 21453 21486 D Evaluation: Frame 337 sent at 1573028981299
11-06 10:29:41.332 21453 21486 D Evaluation: Frame 338 sent at 1573028981332
11-06 10:29:41.368 21453 21486 D Evaluation: Frame 339 sent at 1573028981368
11-06 10:29:41.399 21453 21486 D Evaluation: Frame 340 sent at 1573028981399
11-06 10:29:41.474 21453 21486 D Evaluation: Frame 341 sent at 1573028981473
11-06 10:29:41.523 21453 21486 D Evaluation: Frame 343 sent at 1573028981523
11-06 10:29:41.548 21453 21486 D Evaluation: Frame 344 sent at 1573028981547
11-06 10:29:41.568 21453 21486 D Evaluation: Frame 344 sent at 1573028981568
11-06 10:29:41.597 21453 21486 D Evaluation: Frame 345 sent at 1573028981597
11-06 10:29:41.633 21453 21486 D Evaluation: Frame 346 sent at 1573028981633
11-06 10:29:41.659 21453 21486 D Evaluation: Frame 347 sent at 1573028981659
11-06 10:29:41.702 21453 21486 D Evaluation: Frame 348 sent at 1573028981702
11-06 10:29:41.731 21453 21486 D Evaluation: Frame 349 sent at 1573028981731
11-06 10:29:41.769 21453 21486 D Evaluation: Frame 350 sent at 1573028981769
11-06 10:29:41.796 21453 21486 D Evaluation: Frame 351 sent at 1573028981796
11-06 10:29:41.839 21453 21486 D Evaluation: Frame 352 sent at 1573028981839
11-06 10:29:41.867 21453 21486 D Evaluation: Frame 353 sent at 1573028981867
11-06 10:29:41.895 21453 21486 D Evaluation: Frame 354 sent at 1573028981895
11-06 10:29:41.939 21453 21486 D Evaluation: Frame 355 sent at 1573028981939
11-06 10:29:41.979 21453 21486 D Evaluation: Frame 356 sent at 1573028981978
11-06 10:29:42.012 21453 21486 D Evaluation: Frame 357 sent at 1573028982012
11-06 10:29:42.036 21453 21486 D Evaluation: Frame 358 sent at 1573028982036
11-06 10:29:42.067 21453 21486 D Evaluation: Frame 359 sent at 1573028982067
11-06 10:29:42.095 21453 21486 D Evaluation: Frame 360 sent at 1573028982095
11-06 10:29:42.130 21453 21486 D Evaluation: Frame 361 sent at 1573028982130
11-06 10:29:42.179 21453 21486 D Evaluation: Frame 362 sent at 1573028982179
11-06 10:29:42.204 21453 21464 E         : [ZeroHung]zrhung_get_config: Get config failed for wp[0x0008]
11-06 10:29:42.205 21453 21486 D Evaluation: Frame 363 sent at 1573028982205
11-06 10:29:42.229 21453 21486 D Evaluation: Frame 364 sent at 1573028982229
11-06 10:29:42.257 21453 21486 D Evaluation: Frame 365 sent at 1573028982257
11-06 10:29:42.297 21453 21486 D Evaluation: Frame 366 sent at 1573028982297
11-06 10:29:42.338 21453 21486 D Evaluation: Frame 367 sent at 1573028982338
11-06 10:29:42.385 21453 21486 D Evaluation: Frame 368 sent at 1573028982385
11-06 10:29:42.413 21453 21486 D Evaluation: Frame 369 sent at 1573028982413
11-06 10:29:42.451 21453 21486 D Evaluation: Frame 371 sent at 1573028982451
11-06 10:29:42.469 21453 21486 D Evaluation: Frame 371 sent at 1573028982469
11-06 10:29:42.504 21453 21486 D Evaluation: Frame 372 sent at 1573028982504
11-06 10:29:42.535 21453 21486 D Evaluation: Frame 373 sent at 1573028982535
11-06 10:29:42.563 21453 21486 D Evaluation: Frame 374 sent at 1573028982563
11-06 10:29:42.599 21453 21486 D Evaluation: Frame 375 sent at 1573028982599
11-06 10:29:42.622 21453 21453 W HiTouch_PressGestureDetector: Touch pointer move a lot. The moving distance of X is:13.050079, limit is:60The moving distance of Y is:97.13359, limit is:60
11-06 10:29:42.641 21453 21486 D Evaluation: Frame 376 sent at 1573028982641
11-06 10:29:42.679 21453 21486 D Evaluation: Frame 377 sent at 1573028982679
11-06 10:29:42.714 21453 21486 D Evaluation: Frame 378 sent at 1573028982714
11-06 10:29:42.739 21453 21486 D Evaluation: Frame 379 sent at 1573028982739
11-06 10:29:42.768 21453 21486 D Evaluation: Frame 380 sent at 1573028982768
11-06 10:29:42.793 21453 21486 D Evaluation: Frame 381 sent at 1573028982793
11-06 10:29:42.828 21453 21486 D Evaluation: Frame 382 sent at 1573028982828
11-06 10:29:42.856 21453 21486 D Evaluation: Frame 383 sent at 1573028982856
11-06 10:29:42.926 21453 21486 D Evaluation: Frame 384 sent at 1573028982926
11-06 10:29:42.965 21453 21486 D Evaluation: Frame 385 sent at 1573028982965
11-06 10:29:42.990 21453 21486 D Evaluation: Frame 386 sent at 1573028982990
11-06 10:29:43.031 21453 21486 D Evaluation: Frame 387 sent at 1573028983031
11-06 10:29:43.060 21453 21486 D Evaluation: Frame 388 sent at 1573028983060
11-06 10:29:43.101 21453 21486 D Evaluation: Frame 389 sent at 1573028983101
11-06 10:29:43.128 21453 21486 D Evaluation: Frame 390 sent at 1573028983128
11-06 10:29:43.168 21453 21486 D Evaluation: Frame 391 sent at 1573028983168
11-06 10:29:43.191 21453 21486 D Evaluation: Frame 392 sent at 1573028983191
11-06 10:29:43.229 21453 21486 D Evaluation: Frame 393 sent at 1573028983229
11-06 10:29:43.270 21453 21486 D Evaluation: Frame 394 sent at 1573028983270
11-06 10:29:43.305 21453 21486 D Evaluation: Frame 395 sent at 1573028983305
11-06 10:29:43.334 21453 21486 D Evaluation: Frame 396 sent at 1573028983334
11-06 10:29:43.360 21453 21486 D Evaluation: Frame 397 sent at 1573028983360
11-06 10:29:43.397 21453 21486 D Evaluation: Frame 398 sent at 1573028983396
11-06 10:29:43.427 21453 21464 E         : [ZeroHung]zrhung_get_config: Get config failed for wp[0x0008]
11-06 10:29:43.428 21453 21486 D Evaluation: Frame 399 sent at 1573028983428
11-06 10:29:43.462 21453 21486 D Evaluation: Frame 400 sent at 1573028983462
11-06 10:29:43.499 21453 21486 D Evaluation: Frame 401 sent at 1573028983499
11-06 10:29:43.530 21453 21486 D Evaluation: Frame 402 sent at 1573028983530
11-06 10:29:43.562 21453 21486 D Evaluation: Frame 403 sent at 1573028983562
11-06 10:29:43.599 21453 21486 D Evaluation: Frame 404 sent at 1573028983599
11-06 10:29:43.632 21453 21486 D Evaluation: Frame 405 sent at 1573028983632
11-06 10:29:43.664 21453 21486 D Evaluation: Frame 406 sent at 1573028983663
11-06 10:29:43.697 21453 21486 D Evaluation: Frame 407 sent at 1573028983697
11-06 10:29:43.731 21453 21486 D Evaluation: Frame 408 sent at 1573028983731
11-06 10:29:43.764 21453 21486 D Evaluation: Frame 409 sent at 1573028983764
11-06 10:29:43.807 21453 21486 D Evaluation: Frame 410 sent at 1573028983807
11-06 10:29:43.832 21453 21486 D Evaluation: Frame 411 sent at 1573028983832
11-06 10:29:43.865 21453 21486 D Evaluation: Frame 412 sent at 1573028983865
11-06 10:29:43.899 21453 21486 D Evaluation: Frame 413 sent at 1573028983898
11-06 10:29:43.932 21453 21486 D Evaluation: Frame 414 sent at 1573028983932
11-06 10:29:43.966 21453 21486 D Evaluation: Frame 415 sent at 1573028983966
11-06 10:29:43.997 21453 21486 D Evaluation: Frame 416 sent at 1573028983997
11-06 10:29:44.031 21453 21486 D Evaluation: Frame 417 sent at 1573028984031
11-06 10:29:44.091 21453 21486 D Evaluation: Frame 419 sent at 1573028984091
11-06 10:29:44.110 21453 21486 D Evaluation: Frame 419 sent at 1573028984110
11-06 10:29:44.131 21453 21486 D Evaluation: Frame 420 sent at 1573028984131
11-06 10:29:44.173 21453 21486 D Evaluation: Frame 421 sent at 1573028984173
11-06 10:29:44.202 21453 21486 D Evaluation: Frame 422 sent at 1573028984202
11-06 10:29:44.244 21453 21486 D Evaluation: Frame 423 sent at 1573028984244
11-06 10:29:44.275 21453 21486 D Evaluation: Frame 424 sent at 1573028984275
11-06 10:29:44.312 21453 21486 D Evaluation: Frame 425 sent at 1573028984312
11-06 10:29:44.344 21453 21486 D Evaluation: Frame 426 sent at 1573028984344
11-06 10:29:44.377 21453 21486 D Evaluation: Frame 427 sent at 1573028984377
11-06 10:29:44.411 21453 21486 D Evaluation: Frame 428 sent at 1573028984411
11-06 10:29:44.438 21453 21486 D Evaluation: Frame 429 sent at 1573028984438
11-06 10:29:44.478 21453 21486 D Evaluation: Frame 430 sent at 1573028984477
11-06 10:29:44.511 21453 21486 D Evaluation: Frame 431 sent at 1573028984511
11-06 10:29:44.534 21453 21464 E         : [ZeroHung]zrhung_get_config: Get config failed for wp[0x0008]
11-06 10:29:44.535 21453 21486 D Evaluation: Frame 432 sent at 1573028984535
11-06 10:29:44.570 21453 21486 D Evaluation: Frame 433 sent at 1573028984570
11-06 10:29:44.604 21453 21486 D Evaluation: Frame 434 sent at 1573028984604
11-06 10:29:44.638 21453 21486 D Evaluation: Frame 435 sent at 1573028984638
11-06 10:29:44.676 21453 21486 D Evaluation: Frame 436 sent at 1573028984676
11-06 10:29:44.705 21453 21486 D Evaluation: Frame 437 sent at 1573028984705
11-06 10:29:44.745 21453 21486 D Evaluation: Frame 438 sent at 1573028984745
11-06 10:29:44.816 21453 21486 D Evaluation: Frame 439 sent at 1573028984816
11-06 10:29:44.852 21453 21486 D Evaluation: Frame 440 sent at 1573028984852
11-06 10:29:44.882 21453 21486 D Evaluation: Frame 441 sent at 1573028984882
11-06 10:29:44.916 21453 21486 D Evaluation: Frame 442 sent at 1573028984916
11-06 10:29:44.982 21453 21486 D Evaluation: Frame 443 sent at 1573028984982
11-06 10:29:45.007 21453 21486 D Evaluation: Frame 444 sent at 1573028985007
11-06 10:29:45.046 21453 21486 D Evaluation: Frame 445 sent at 1573028985046
11-06 10:29:45.071 21453 21486 D Evaluation: Frame 446 sent at 1573028985071
11-06 10:29:45.115 21453 21486 D Evaluation: Frame 447 sent at 1573028985115
11-06 10:29:45.158 21453 21486 D Evaluation: Frame 448 sent at 1573028985158
11-06 10:29:45.183 21453 21486 D Evaluation: Frame 449 sent at 1573028985183
11-06 10:29:45.208 21453 21486 D Evaluation: Frame 450 sent at 1573028985208
11-06 10:29:45.256 21453 21486 D Evaluation: Frame 451 sent at 1573028985256
11-06 10:29:45.274 21453 21486 D Evaluation: Frame 452 sent at 1573028985274
11-06 10:29:45.308 21453 21486 D Evaluation: Frame 453 sent at 1573028985308
11-06 10:29:45.340 21453 21486 D Evaluation: Frame 454 sent at 1573028985340
11-06 10:29:45.376 21453 21486 D Evaluation: Frame 455 sent at 1573028985376
11-06 10:29:45.410 21453 21486 D Evaluation: Frame 456 sent at 1573028985410
11-06 10:29:45.443 21453 21486 D Evaluation: Frame 457 sent at 1573028985443
11-06 10:29:45.476 21453 21486 D Evaluation: Frame 458 sent at 1573028985476
11-06 10:29:45.512 21453 21486 D Evaluation: Frame 459 sent at 1573028985512
11-06 10:29:45.542 21453 21486 D Evaluation: Frame 460 sent at 1573028985542
11-06 10:29:45.575 21453 21486 D Evaluation: Frame 461 sent at 1573028985575
11-06 10:29:45.610 21453 21486 D Evaluation: Frame 462 sent at 1573028985610
11-06 10:29:45.654 21453 21486 D Evaluation: Frame 463 sent at 1573028985654
11-06 10:29:45.698 21453 21486 D Evaluation: Frame 464 sent at 1573028985698
11-06 10:29:45.720 21453 21486 D Evaluation: Frame 465 sent at 1573028985720
11-06 10:29:45.746 21453 21486 D Evaluation: Frame 466 sent at 1573028985746
11-06 10:29:45.778 21453 21486 D Evaluation: Frame 467 sent at 1573028985778
11-06 10:29:45.813 21453 21464 E         : [ZeroHung]zrhung_get_config: Get config failed for wp[0x0008]
11-06 10:29:45.814 21453 21486 D Evaluation: Frame 468 sent at 1573028985814
11-06 10:29:45.854 21453 21486 D Evaluation: Frame 469 sent at 1573028985854
11-06 10:29:45.878 21453 21486 D Evaluation: Frame 470 sent at 1573028985878
11-06 10:29:45.924 21453 21486 D Evaluation: Frame 471 sent at 1573028985924
11-06 10:29:45.948 21453 21486 D Evaluation: Frame 472 sent at 1573028985948
11-06 10:29:45.986 21453 21486 D Evaluation: Frame 473 sent at 1573028985986
11-06 10:29:46.012 21453 21486 D Evaluation: Frame 474 sent at 1573028986012
11-06 10:29:46.051 21453 21486 D Evaluation: Frame 475 sent at 1573028986051
11-06 10:29:46.083 21453 21486 D Evaluation: Frame 476 sent at 1573028986082
11-06 10:29:46.127 21453 21486 D Evaluation: Frame 477 sent at 1573028986127
11-06 10:29:46.146 21453 21486 D Evaluation: Frame 478 sent at 1573028986146
11-06 10:29:46.188 21453 21486 D Evaluation: Frame 479 sent at 1573028986188
11-06 10:29:46.219 21453 21486 D Evaluation: Frame 480 sent at 1573028986219
11-06 10:29:46.255 21453 21486 D Evaluation: Frame 481 sent at 1573028986255
11-06 10:29:46.283 21453 21486 D Evaluation: Frame 482 sent at 1573028986283
11-06 10:29:46.322 21453 21486 D Evaluation: Frame 483 sent at 1573028986322
11-06 10:29:46.350 21453 21486 D Evaluation: Frame 484 sent at 1573028986350
11-06 10:29:46.389 21453 21486 D Evaluation: Frame 485 sent at 1573028986389
11-06 10:29:46.419 21453 21486 D Evaluation: Frame 486 sent at 1573028986419
11-06 10:29:46.459 21453 21486 D Evaluation: Frame 487 sent at 1573028986459
11-06 10:29:46.491 21453 21486 D Evaluation: Frame 488 sent at 1573028986490
11-06 10:29:46.522 21453 21486 D Evaluation: Frame 489 sent at 1573028986522
11-06 10:29:46.549 21453 21486 D Evaluation: Frame 490 sent at 1573028986549
11-06 10:29:46.585 21453 21486 D Evaluation: Frame 491 sent at 1573028986585
11-06 10:29:46.619 21453 21486 D Evaluation: Frame 492 sent at 1573028986619
11-06 10:29:46.658 21453 21486 D Evaluation: Frame 493 sent at 1573028986658
11-06 10:29:46.689 21453 21486 D Evaluation: Frame 494 sent at 1573028986689
11-06 10:29:46.773 21453 21486 D Evaluation: Frame 495 sent at 1573028986773
11-06 10:29:46.796 21453 21486 D Evaluation: Frame 496 sent at 1573028986796
11-06 10:29:46.823 21453 21486 D Evaluation: Frame 497 sent at 1573028986823
11-06 10:29:46.857 21453 21486 D Evaluation: Frame 498 sent at 1573028986857
11-06 10:29:46.887 21453 21486 D Evaluation: Frame 499 sent at 1573028986887
11-06 10:29:46.920 21453 21486 D Evaluation: Frame 500 sent at 1573028986920
11-06 10:29:46.955 21453 21486 D Evaluation: Frame 501 sent at 1573028986955
11-06 10:29:46.989 21453 21486 D Evaluation: Frame 502 sent at 1573028986989
11-06 10:29:47.026 21453 21486 D Evaluation: Frame 503 sent at 1573028987026
11-06 10:29:47.054 21453 21486 D Evaluation: Frame 504 sent at 1573028987054
11-06 10:29:47.088 21453 21464 E         : [ZeroHung]zrhung_get_config: Get config failed for wp[0x0008]
11-06 10:29:47.088 21453 21486 D Evaluation: Frame 505 sent at 1573028987088
11-06 10:29:47.129 21453 21486 D Evaluation: Frame 506 sent at 1573028987129
11-06 10:29:47.156 21453 21486 D Evaluation: Frame 507 sent at 1573028987156
11-06 10:29:47.200 21453 21486 D Evaluation: Frame 508 sent at 1573028987200
11-06 10:29:47.228 21453 21486 D Evaluation: Frame 509 sent at 1573028987228
11-06 10:29:47.255 21453 21486 D Evaluation: Frame 510 sent at 1573028987255
11-06 10:29:47.302 21453 21486 D Evaluation: Frame 511 sent at 1573028987302
11-06 10:29:47.323 21453 21486 D Evaluation: Frame 512 sent at 1573028987323
11-06 10:29:47.357 21453 21486 D Evaluation: Frame 513 sent at 1573028987357
11-06 10:29:47.392 21453 21486 D Evaluation: Frame 514 sent at 1573028987392
11-06 10:29:47.429 21453 21486 D Evaluation: Frame 515 sent at 1573028987429
11-06 10:29:47.457 21453 21486 D Evaluation: Frame 516 sent at 1573028987457
11-06 10:29:47.492 21453 21486 D Evaluation: Frame 517 sent at 1573028987492
11-06 10:29:47.498 21453 21453 W HiTouch_PressGestureDetector: Touch pointer move a lot. The moving distance of X is:91.23633, limit is:60The moving distance of Y is:9.652588, limit is:60
11-06 10:29:47.528 21453 21486 D Evaluation: Frame 518 sent at 1573028987528
11-06 10:29:47.565 21453 21486 D Evaluation: Frame 519 sent at 1573028987565
11-06 10:29:47.593 21453 21486 D Evaluation: Frame 520 sent at 1573028987593
11-06 10:29:47.629 21453 21486 D Evaluation: Frame 521 sent at 1573028987629
11-06 10:29:47.666 21453 21486 D Evaluation: Frame 522 sent at 1573028987666
11-06 10:29:47.693 21453 21486 D Evaluation: Frame 523 sent at 1573028987693
11-06 10:29:47.736 21453 21486 D Evaluation: Frame 524 sent at 1573028987736
11-06 10:29:47.761 21453 21486 D Evaluation: Frame 525 sent at 1573028987761
11-06 10:29:47.802 21453 21486 D Evaluation: Frame 526 sent at 1573028987802
11-06 10:29:47.835 21453 21486 D Evaluation: Frame 527 sent at 1573028987835
11-06 10:29:47.869 21453 21486 D Evaluation: Frame 528 sent at 1573028987869
11-06 10:29:47.894 21453 21486 D Evaluation: Frame 529 sent at 1573028987894
11-06 10:29:47.938 21453 21486 D Evaluation: Frame 530 sent at 1573028987938
11-06 10:29:47.963 21453 21486 D Evaluation: Frame 531 sent at 1573028987963
11-06 10:29:47.964 21453 21453 W HiTouch_PressGestureDetector: Touch pointer move a lot. The moving distance of X is:101.278076, limit is:60The moving distance of Y is:70.27646, limit is:60
11-06 10:29:48.005 21453 21486 D Evaluation: Frame 532 sent at 1573028988005
11-06 10:29:48.027 21453 21486 D Evaluation: Frame 533 sent at 1573028988027
11-06 10:29:48.071 21453 21486 D Evaluation: Frame 534 sent at 1573028988071
11-06 10:29:48.105 21453 21486 D Evaluation: Frame 535 sent at 1573028988105
11-06 10:29:48.138 21453 21486 D Evaluation: Frame 536 sent at 1573028988138
11-06 10:29:48.167 21453 21486 D Evaluation: Frame 537 sent at 1573028988167
11-06 10:29:48.205 21453 21486 D Evaluation: Frame 538 sent at 1573028988205
11-06 10:29:48.229 21453 21486 D Evaluation: Frame 539 sent at 1573028988229
11-06 10:29:48.272 21453 21486 D Evaluation: Frame 540 sent at 1573028988272
11-06 10:29:48.300 21453 21486 D Evaluation: Frame 541 sent at 1573028988300
11-06 10:29:48.340 21453 21464 E         : [ZeroHung]zrhung_get_config: Get config failed for wp[0x0008]
11-06 10:29:48.340 21453 21486 D Evaluation: Frame 542 sent at 1573028988340
11-06 10:29:48.370 21453 21486 D Evaluation: Frame 543 sent at 1573028988370
11-06 10:29:48.407 21453 21486 D Evaluation: Frame 544 sent at 1573028988407
11-06 10:29:48.433 21453 21486 D Evaluation: Frame 545 sent at 1573028988433
11-06 10:29:48.466 21453 21486 D Evaluation: Frame 546 sent at 1573028988466
11-06 10:29:48.499 21453 21486 D Evaluation: Frame 547 sent at 1573028988499
11-06 10:29:48.535 21453 21486 D Evaluation: Frame 548 sent at 1573028988535
11-06 10:29:48.565 21453 21486 D Evaluation: Frame 549 sent at 1573028988564
11-06 10:29:48.599 21453 21486 D Evaluation: Frame 550 sent at 1573028988599
11-06 10:29:48.640 21453 21486 D Evaluation: Frame 551 sent at 1573028988640
11-06 10:29:48.705 21453 21486 D Evaluation: Frame 552 sent at 1573028988705
11-06 10:29:48.736 21453 21486 D Evaluation: Frame 553 sent at 1573028988736
11-06 10:29:48.769 21453 21486 D Evaluation: Frame 554 sent at 1573028988769
11-06 10:29:48.802 21453 21486 D Evaluation: Frame 555 sent at 1573028988802
11-06 10:29:48.840 21453 21486 D Evaluation: Frame 556 sent at 1573028988840
11-06 10:29:48.869 21453 21486 D Evaluation: Frame 557 sent at 1573028988869
11-06 10:29:48.905 21453 21486 D Evaluation: Frame 558 sent at 1573028988905
11-06 10:29:48.935 21453 21486 D Evaluation: Frame 559 sent at 1573028988935
11-06 10:29:48.968 21453 21486 D Evaluation: Frame 560 sent at 1573028988968
11-06 10:29:48.981 21453 21453 I Poster  :  onPause() called.
11-06 10:29:49.067 21453 21453 I Camera  : close camera: 0, package name: symlab.cloudridar.arhud
11-06 10:29:49.068 21453 21453 I BackgroundPermManager: pkgName: symlab.cloudridar.arhud,pid: 21453 ,uidOf3RdApk: 10149 ,permType: 0 ,permCfg: 0
11-06 10:29:49.070 21453 21453 I HwCameraUtil: notifySurfaceFlingerCameraStatus : isFront = false , isOpend = false
11-06 10:29:49.134 21453 21453 D ZrHung.AppEyeUiProbe: stop checker.
11-06 10:29:49.154 21453 21453 I Poster  :  surfaceDestroyed() called.
