11-05 12:37:52.426  9109  9143 W System.err: 	at sun.nio.ch.DatagramChannelImpl.sendFromNativeBuffer(DatagramChannelImpl.java:573)
11-05 12:37:52.426  9109  9143 W System.err: 	at sun.nio.ch.DatagramChannelImpl.send(DatagramChannelImpl.java:550)
11-05 12:37:52.426  9109  9143 W System.err: 	at sun.nio.ch.DatagramChannelImpl.send(DatagramChannelImpl.java:514)
11-05 12:37:52.426  9109  9143 W System.err: 	at symlab.CloudAR.network.TransmissionTask.run(TransmissionTask.java:124)
11-05 12:37:52.426  9109  9143 W System.err: 	at android.os.Handler.handleCallback(Handler.java:907)
11-05 12:37:52.426  9109  9143 W System.err: 	at android.os.Handler.dispatchMessage(Handler.java:105)
11-05 12:37:52.426  9109  9143 W System.err: 	at android.os.Looper.loop(Looper.java:216)
11-05 12:37:52.426  9109  9143 W System.err: 	at android.os.HandlerThread.run(HandlerThread.java:65)
11-05 12:37:52.462  9109  9143 W System.err: java.net.SocketException: Message too long
11-05 12:37:52.463  9109  9143 W System.err: 	at sun.nio.ch.DatagramChannelImpl.send0(Native Method)
11-05 12:37:52.463  9109  9143 W System.err: 	at sun.nio.ch.DatagramChannelImpl.sendFromNativeBuffer(DatagramChannelImpl.java:573)
11-05 12:37:52.463  9109  9143 W System.err: 	at sun.nio.ch.DatagramChannelImpl.send(DatagramChannelImpl.java:550)
11-05 12:37:52.463  9109  9143 W System.err: 	at sun.nio.ch.DatagramChannelImpl.send(DatagramChannelImpl.java:514)
11-05 12:37:52.463  9109  9143 W System.err: 	at symlab.CloudAR.network.TransmissionTask.run(TransmissionTask.java:124)
11-05 12:37:52.463  9109  9143 W System.err: 	at android.os.Handler.handleCallback(Handler.java:907)
11-05 12:37:52.463  9109  9143 W System.err: 	at android.os.Handler.dispatchMessage(Handler.java:105)
11-05 12:37:52.463  9109  9143 W System.err: 	at android.os.Looper.loop(Looper.java:216)
11-05 12:37:52.463  9109  9143 W System.err: 	at android.os.HandlerThread.run(HandlerThread.java:65)
11-05 12:37:52.486  9109  9143 W System.err: java.net.SocketException: Message too long
11-05 12:37:52.486  9109  9143 W System.err: 	at sun.nio.ch.DatagramChannelImpl.send0(Native Method)
11-05 12:37:52.487  9109  9143 W System.err: 	at sun.nio.ch.DatagramChannelImpl.sendFromNativeBuffer(DatagramChannelImpl.java:573)
11-05 12:37:52.487  9109  9143 W System.err: 	at sun.nio.ch.DatagramChannelImpl.send(DatagramChannelImpl.java:550)
11-05 12:37:52.487  9109  9143 W System.err: 	at sun.nio.ch.DatagramChannelImpl.send(DatagramChannelImpl.java:514)
11-05 12:37:52.487  9109  9143 W System.err: 	at symlab.CloudAR.network.TransmissionTask.run(TransmissionTask.java:124)
11-05 12:37:52.487  9109  9143 W System.err: 	at android.os.Handler.handleCallback(Handler.java:907)
11-05 12:37:52.487  9109  9143 W System.err: 	at android.os.Handler.dispatchMessage(Handler.java:105)
11-05 12:37:52.487  9109  9143 W System.err: 	at android.os.Looper.loop(Looper.java:216)
11-05 12:37:52.487  9109  9143 W System.err: 	at android.os.HandlerThread.run(HandlerThread.java:65)
11-05 12:37:52.513  9109  9109 D Poster  : At 1572950272513 location is 65.058479426525 (latitude), and 25.469072936894673 (longitude)
11-05 12:37:52.518  9109  9109 W HiTouch_PressGestureDetector: Touch pointer move a lot. The moving distance of X is:38.668594, limit is:60The moving distance of Y is:118.078476, limit is:60
11-05 12:37:52.523  9109  9143 W System.err: java.net.SocketException: Message too long
11-05 12:37:52.523  9109  9143 W System.err: 	at sun.nio.ch.DatagramChannelImpl.send0(Native Method)
11-05 12:37:52.523  9109  9143 W System.err: 	at sun.nio.ch.DatagramChannelImpl.sendFromNativeBuffer(DatagramChannelImpl.java:573)
11-05 12:37:52.523  9109  9143 W System.err: 	at sun.nio.ch.DatagramChannelImpl.send(DatagramChannelImpl.java:550)
11-05 12:37:52.523  9109  9143 W System.err: 	at sun.nio.ch.DatagramChannelImpl.send(DatagramChannelImpl.java:514)
11-05 12:37:52.523  9109  9143 W System.err: 	at symlab.CloudAR.network.TransmissionTask.run(TransmissionTask.java:124)
11-05 12:37:52.523  9109  9143 W System.err: 	at android.os.Handler.handleCallback(Handler.java:907)
11-05 12:37:52.523  9109  9143 W System.err: 	at android.os.Handler.dispatchMessage(Handler.java:105)
11-05 12:37:52.523  9109  9143 W System.err: 	at android.os.Looper.loop(Looper.java:216)
11-05 12:37:52.523  9109  9143 W System.err: 	at android.os.HandlerThread.run(HandlerThread.java:65)
11-05 12:37:52.551  9109  9143 W System.err: java.net.SocketException: Message too long
11-05 12:37:52.551  9109  9143 W System.err: 	at sun.nio.ch.DatagramChannelImpl.send0(Native Method)
11-05 12:37:52.551  9109  9143 W System.err: 	at sun.nio.ch.DatagramChannelImpl.sendFromNativeBuffer(DatagramChannelImpl.java:573)
11-05 12:37:52.551  9109  9143 W System.err: 	at sun.nio.ch.DatagramChannelImpl.send(DatagramChannelImpl.java:550)
11-05 12:37:52.551  9109  9143 W System.err: 	at sun.nio.ch.DatagramChannelImpl.send(DatagramChannelImpl.java:514)
11-05 12:37:52.551  9109  9143 W System.err: 	at symlab.CloudAR.network.TransmissionTask.run(TransmissionTask.java:124)
11-05 12:37:52.551  9109  9143 W System.err: 	at android.os.Handler.handleCallback(Handler.java:907)
11-05 12:37:52.551  9109  9143 W System.err: 	at android.os.Handler.dispatchMessage(Handler.java:105)
11-05 12:37:52.551  9109  9143 W System.err: 	at android.os.Looper.loop(Looper.java:216)
11-05 12:37:52.551  9109  9143 W System.err: 	at android.os.HandlerThread.run(HandlerThread.java:65)
11-05 12:37:52.584  9109  9120 E         : [ZeroHung]zrhung_get_config: Get config failed for wp[0x0008]
11-05 12:37:52.584  9109  9143 W System.err: java.net.SocketException: Message too long
11-05 12:37:52.584  9109  9143 W System.err: 	at sun.nio.ch.DatagramChannelImpl.send0(Native Method)
11-05 12:37:52.584  9109  9143 W System.err: 	at sun.nio.ch.DatagramChannelImpl.sendFromNativeBuffer(DatagramChannelImpl.java:573)
11-05 12:37:52.584  9109  9143 W System.err: 	at sun.nio.ch.DatagramChannelImpl.send(DatagramChannelImpl.java:550)
11-05 12:37:52.584  9109  9143 W System.err: 	at sun.nio.ch.DatagramChannelImpl.send(DatagramChannelImpl.java:514)
11-05 12:37:52.584  9109  9143 W System.err: 	at symlab.CloudAR.network.TransmissionTask.run(TransmissionTask.java:124)
11-05 12:37:52.584  9109  9143 W System.err: 	at android.os.Handler.handleCallback(Handler.java:907)
11-05 12:37:52.584  9109  9143 W System.err: 	at android.os.Handler.dispatchMessage(Handler.java:105)
11-05 12:37:52.584  9109  9143 W System.err: 	at android.os.Looper.loop(Looper.java:216)
11-05 12:37:52.584  9109  9143 W System.err: 	at android.os.HandlerThread.run(HandlerThread.java:65)
11-05 12:37:52.620  9109  9143 W System.err: java.net.SocketException: Message too long
11-05 12:37:52.620  9109  9143 W System.err: 	at sun.nio.ch.DatagramChannelImpl.send0(Native Method)
11-05 12:37:52.620  9109  9143 W System.err: 	at sun.nio.ch.DatagramChannelImpl.sendFromNativeBuffer(DatagramChannelImpl.java:573)
11-05 12:37:52.620  9109  9143 W System.err: 	at sun.nio.ch.DatagramChannelImpl.send(DatagramChannelImpl.java:550)
11-05 12:37:52.620  9109  9143 W System.err: 	at sun.nio.ch.DatagramChannelImpl.send(DatagramChannelImpl.java:514)
11-05 12:37:52.620  9109  9143 W System.err: 	at symlab.CloudAR.network.TransmissionTask.run(TransmissionTask.java:124)
11-05 12:37:52.620  9109  9143 W System.err: 	at android.os.Handler.handleCallback(Handler.java:907)
11-05 12:37:52.620  9109  9143 W System.err: 	at android.os.Handler.dispatchMessage(Handler.java:105)
11-05 12:37:52.620  9109  9143 W System.err: 	at android.os.Looper.loop(Looper.java:216)
11-05 12:37:52.620  9109  9143 W System.err: 	at android.os.HandlerThread.run(HandlerThread.java:65)
11-05 12:37:52.652  9109  9143 W System.err: java.net.SocketException: Message too long
11-05 12:37:52.652  9109  9143 W System.err: 	at sun.nio.ch.DatagramChannelImpl.send0(Native Method)
11-05 12:37:52.652  9109  9143 W System.err: 	at sun.nio.ch.DatagramChannelImpl.sendFromNativeBuffer(DatagramChannelImpl.java:573)
11-05 12:37:52.652  9109  9143 W System.err: 	at sun.nio.ch.DatagramChannelImpl.send(DatagramChannelImpl.java:550)
11-05 12:37:52.652  9109  9143 W System.err: 	at sun.nio.ch.DatagramChannelImpl.send(DatagramChannelImpl.java:514)
11-05 12:37:52.652  9109  9143 W System.err: 	at symlab.CloudAR.network.TransmissionTask.run(TransmissionTask.java:124)
11-05 12:37:52.652  9109  9143 W System.err: 	at android.os.Handler.handleCallback(Handler.java:907)
11-05 12:37:52.652  9109  9143 W System.err: 	at android.os.Handler.dispatchMessage(Handler.java:105)
11-05 12:37:52.652  9109  9143 W System.err: 	at android.os.Looper.loop(Looper.java:216)
11-05 12:37:52.652  9109  9143 W System.err: 	at android.os.HandlerThread.run(HandlerThread.java:65)
11-05 12:37:52.694  9109  9143 W System.err: java.net.SocketException: Message too long
11-05 12:37:52.694  9109  9143 W System.err: 	at sun.nio.ch.DatagramChannelImpl.send0(Native Method)
11-05 12:37:52.695  9109  9143 W System.err: 	at sun.nio.ch.DatagramChannelImpl.sendFromNativeBuffer(DatagramChannelImpl.java:573)
11-05 12:37:52.695  9109  9143 W System.err: 	at sun.nio.ch.DatagramChannelImpl.send(DatagramChannelImpl.java:550)
11-05 12:37:52.695  9109  9143 W System.err: 	at sun.nio.ch.DatagramChannelImpl.send(DatagramChannelImpl.java:514)
11-05 12:37:52.695  9109  9143 W System.err: 	at symlab.CloudAR.network.TransmissionTask.run(TransmissionTask.java:124)
11-05 12:37:52.695  9109  9143 W System.err: 	at android.os.Handler.handleCallback(Handler.java:907)
11-05 12:37:52.695  9109  9143 W System.err: 	at android.os.Handler.dispatchMessage(Handler.java:105)
11-05 12:37:52.695  9109  9143 W System.err: 	at android.os.Looper.loop(Looper.java:216)
11-05 12:37:52.695  9109  9143 W System.err: 	at android.os.HandlerThread.run(HandlerThread.java:65)
11-05 12:37:52.722  9109  9143 W System.err: java.net.SocketException: Message too long
11-05 12:37:52.722  9109  9143 W System.err: 	at sun.nio.ch.DatagramChannelImpl.send0(Native Method)
11-05 12:37:52.722  9109  9143 W System.err: 	at sun.nio.ch.DatagramChannelImpl.sendFromNativeBuffer(DatagramChannelImpl.java:573)
11-05 12:37:52.722  9109  9143 W System.err: 	at sun.nio.ch.DatagramChannelImpl.send(DatagramChannelImpl.java:550)
11-05 12:37:52.722  9109  9143 W System.err: 	at sun.nio.ch.DatagramChannelImpl.send(DatagramChannelImpl.java:514)
11-05 12:37:52.722  9109  9143 W System.err: 	at symlab.CloudAR.network.TransmissionTask.run(TransmissionTask.java:124)
11-05 12:37:52.723  9109  9143 W System.err: 	at android.os.Handler.handleCallback(Handler.java:907)
11-05 12:37:52.723  9109  9143 W System.err: 	at android.os.Handler.dispatchMessage(Handler.java:105)
11-05 12:37:52.723  9109  9143 W System.err: 	at android.os.Looper.loop(Looper.java:216)
11-05 12:37:52.723  9109  9143 W System.err: 	at android.os.HandlerThread.run(HandlerThread.java:65)
11-05 12:37:52.756  9109  9143 W System.err: java.net.SocketException: Message too long
11-05 12:37:52.756  9109  9143 W System.err: 	at sun.nio.ch.DatagramChannelImpl.send0(Native Method)
11-05 12:37:52.756  9109  9143 W System.err: 	at sun.nio.ch.DatagramChannelImpl.sendFromNativeBuffer(DatagramChannelImpl.java:573)
11-05 12:37:52.756  9109  9143 W System.err: 	at sun.nio.ch.DatagramChannelImpl.send(DatagramChannelImpl.java:550)
11-05 12:37:52.756  9109  9143 W System.err: 	at sun.nio.ch.DatagramChannelImpl.send(DatagramChannelImpl.java:514)
11-05 12:37:52.756  9109  9143 W System.err: 	at symlab.CloudAR.network.TransmissionTask.run(TransmissionTask.java:124)
11-05 12:37:52.756  9109  9143 W System.err: 	at android.os.Handler.handleCallback(Handler.java:907)
11-05 12:37:52.756  9109  9143 W System.err: 	at android.os.Handler.dispatchMessage(Handler.java:105)
11-05 12:37:52.756  9109  9143 W System.err: 	at android.os.Looper.loop(Looper.java:216)
11-05 12:37:52.756  9109  9143 W System.err: 	at android.os.HandlerThread.run(HandlerThread.java:65)
11-05 12:37:52.795  9109  9143 W System.err: java.net.SocketException: Message too long
11-05 12:37:52.795  9109  9143 W System.err: 	at sun.nio.ch.DatagramChannelImpl.send0(Native Method)
11-05 12:37:52.795  9109  9143 W System.err: 	at sun.nio.ch.DatagramChannelImpl.sendFromNativeBuffer(DatagramChannelImpl.java:573)
11-05 12:37:52.795  9109  9143 W System.err: 	at sun.nio.ch.DatagramChannelImpl.send(DatagramChannelImpl.java:550)
11-05 12:37:52.795  9109  9143 W System.err: 	at sun.nio.ch.DatagramChannelImpl.send(DatagramChannelImpl.java:514)
11-05 12:37:52.795  9109  9143 W System.err: 	at symlab.CloudAR.network.TransmissionTask.run(TransmissionTask.java:124)
11-05 12:37:52.795  9109  9143 W System.err: 	at android.os.Handler.handleCallback(Handler.java:907)
11-05 12:37:52.795  9109  9143 W System.err: 	at android.os.Handler.dispatchMessage(Handler.java:105)
11-05 12:37:52.795  9109  9143 W System.err: 	at android.os.Looper.loop(Looper.java:216)
11-05 12:37:52.795  9109  9143 W System.err: 	at android.os.HandlerThread.run(HandlerThread.java:65)
11-05 12:37:52.825  9109  9143 W System.err: java.net.SocketException: Message too long
11-05 12:37:52.825  9109  9143 W System.err: 	at sun.nio.ch.DatagramChannelImpl.send0(Native Method)
11-05 12:37:52.825  9109  9143 W System.err: 	at sun.nio.ch.DatagramChannelImpl.sendFromNativeBuffer(DatagramChannelImpl.java:573)
11-05 12:37:52.825  9109  9143 W System.err: 	at sun.nio.ch.DatagramChannelImpl.send(DatagramChannelImpl.java:550)
11-05 12:37:52.825  9109  9143 W System.err: 	at sun.nio.ch.DatagramChannelImpl.send(DatagramChannelImpl.java:514)
11-05 12:37:52.825  9109  9143 W System.err: 	at symlab.CloudAR.network.TransmissionTask.run(TransmissionTask.java:124)
11-05 12:37:52.825  9109  9143 W System.err: 	at android.os.Handler.handleCallback(Handler.java:907)
11-05 12:37:52.825  9109  9143 W System.err: 	at android.os.Handler.dispatchMessage(Handler.java:105)
11-05 12:37:52.825  9109  9143 W System.err: 	at android.os.Looper.loop(Looper.java:216)
11-05 12:37:52.825  9109  9143 W System.err: 	at android.os.HandlerThread.run(HandlerThread.java:65)
11-05 12:37:52.854  9109  9143 W System.err: java.net.SocketException: Message too long
11-05 12:37:52.854  9109  9143 W System.err: 	at sun.nio.ch.DatagramChannelImpl.send0(Native Method)
11-05 12:37:52.854  9109  9143 W System.err: 	at sun.nio.ch.DatagramChannelImpl.sendFromNativeBuffer(DatagramChannelImpl.java:573)
11-05 12:37:52.854  9109  9143 W System.err: 	at sun.nio.ch.DatagramChannelImpl.send(DatagramChannelImpl.java:550)
11-05 12:37:52.854  9109  9143 W System.err: 	at sun.nio.ch.DatagramChannelImpl.send(DatagramChannelImpl.java:514)
11-05 12:37:52.854  9109  9143 W System.err: 	at symlab.CloudAR.network.TransmissionTask.run(TransmissionTask.java:124)
11-05 12:37:52.854  9109  9143 W System.err: 	at android.os.Handler.handleCallback(Handler.java:907)
11-05 12:37:52.854  9109  9143 W System.err: 	at android.os.Handler.dispatchMessage(Handler.java:105)
11-05 12:37:52.854  9109  9143 W System.err: 	at android.os.Looper.loop(Looper.java:216)
11-05 12:37:52.854  9109  9143 W System.err: 	at android.os.HandlerThread.run(HandlerThread.java:65)
11-05 12:37:52.886  9109  9143 W System.err: java.net.SocketException: Message too long
11-05 12:37:52.887  9109  9143 W System.err: 	at sun.nio.ch.DatagramChannelImpl.send0(Native Method)
11-05 12:37:52.887  9109  9143 W System.err: 	at sun.nio.ch.DatagramChannelImpl.sendFromNativeBuffer(DatagramChannelImpl.java:573)
11-05 12:37:52.887  9109  9143 W System.err: 	at sun.nio.ch.DatagramChannelImpl.send(DatagramChannelImpl.java:550)
11-05 12:37:52.887  9109  9143 W System.err: 	at sun.nio.ch.DatagramChannelImpl.send(DatagramChannelImpl.java:514)
11-05 12:37:52.887  9109  9143 W System.err: 	at symlab.CloudAR.network.TransmissionTask.run(TransmissionTask.java:124)
11-05 12:37:52.887  9109  9143 W System.err: 	at android.os.Handler.handleCallback(Handler.java:907)
11-05 12:37:52.887  9109  9143 W System.err: 	at android.os.Handler.dispatchMessage(Handler.java:105)
11-05 12:37:52.887  9109  9143 W System.err: 	at android.os.Looper.loop(Looper.java:216)
11-05 12:37:52.887  9109  9143 W System.err: 	at android.os.HandlerThread.run(HandlerThread.java:65)
11-05 12:37:52.923  9109  9143 W System.err: java.net.SocketException: Message too long
11-05 12:37:52.923  9109  9143 W System.err: 	at sun.nio.ch.DatagramChannelImpl.send0(Native Method)
11-05 12:37:52.923  9109  9143 W System.err: 	at sun.nio.ch.DatagramChannelImpl.sendFromNativeBuffer(DatagramChannelImpl.java:573)
11-05 12:37:52.923  9109  9143 W System.err: 	at sun.nio.ch.DatagramChannelImpl.send(DatagramChannelImpl.java:550)
11-05 12:37:52.923  9109  9143 W System.err: 	at sun.nio.ch.DatagramChannelImpl.send(DatagramChannelImpl.java:514)
11-05 12:37:52.923  9109  9143 W System.err: 	at symlab.CloudAR.network.TransmissionTask.run(TransmissionTask.java:124)
11-05 12:37:52.923  9109  9143 W System.err: 	at android.os.Handler.handleCallback(Handler.java:907)
11-05 12:37:52.923  9109  9143 W System.err: 	at android.os.Handler.dispatchMessage(Handler.java:105)
11-05 12:37:52.923  9109  9143 W System.err: 	at android.os.Looper.loop(Looper.java:216)
11-05 12:37:52.923  9109  9143 W System.err: 	at android.os.HandlerThread.run(HandlerThread.java:65)
11-05 12:37:52.967  9109  9143 W System.err: java.net.SocketException: Message too long
11-05 12:37:52.967  9109  9143 W System.err: 	at sun.nio.ch.DatagramChannelImpl.send0(Native Method)
11-05 12:37:52.967  9109  9143 W System.err: 	at sun.nio.ch.DatagramChannelImpl.sendFromNativeBuffer(DatagramChannelImpl.java:573)
11-05 12:37:52.967  9109  9143 W System.err: 	at sun.nio.ch.DatagramChannelImpl.send(DatagramChannelImpl.java:550)
11-05 12:37:52.967  9109  9143 W System.err: 	at sun.nio.ch.DatagramChannelImpl.send(DatagramChannelImpl.java:514)
11-05 12:37:52.967  9109  9143 W System.err: 	at symlab.CloudAR.network.TransmissionTask.run(TransmissionTask.java:124)
11-05 12:37:52.967  9109  9143 W System.err: 	at android.os.Handler.handleCallback(Handler.java:907)
11-05 12:37:52.967  9109  9143 W System.err: 	at android.os.Handler.dispatchMessage(Handler.java:105)
11-05 12:37:52.967  9109  9143 W System.err: 	at android.os.Looper.loop(Looper.java:216)
11-05 12:37:52.967  9109  9143 W System.err: 	at android.os.HandlerThread.run(HandlerThread.java:65)
11-05 12:37:52.989  9109  9143 W System.err: java.net.SocketException: Message too long
11-05 12:37:52.989  9109  9143 W System.err: 	at sun.nio.ch.DatagramChannelImpl.send0(Native Method)
11-05 12:37:52.989  9109  9143 W System.err: 	at sun.nio.ch.DatagramChannelImpl.sendFromNativeBuffer(DatagramChannelImpl.java:573)
11-05 12:37:52.989  9109  9143 W System.err: 	at sun.nio.ch.DatagramChannelImpl.send(DatagramChannelImpl.java:550)
11-05 12:37:52.990  9109  9143 W System.err: 	at sun.nio.ch.DatagramChannelImpl.send(DatagramChannelImpl.java:514)
11-05 12:37:52.990  9109  9143 W System.err: 	at symlab.CloudAR.network.TransmissionTask.run(TransmissionTask.java:124)
11-05 12:37:52.990  9109  9143 W System.err: 	at android.os.Handler.handleCallback(Handler.java:907)
11-05 12:37:52.990  9109  9143 W System.err: 	at android.os.Handler.dispatchMessage(Handler.java:105)
11-05 12:37:52.990  9109  9143 W System.err: 	at android.os.Looper.loop(Looper.java:216)
11-05 12:37:52.990  9109  9143 W System.err: 	at android.os.HandlerThread.run(HandlerThread.java:65)
11-05 12:37:53.020  9109  9143 W System.err: java.net.SocketException: Message too long
11-05 12:37:53.020  9109  9143 W System.err: 	at sun.nio.ch.DatagramChannelImpl.send0(Native Method)
11-05 12:37:53.020  9109  9143 W System.err: 	at sun.nio.ch.DatagramChannelImpl.sendFromNativeBuffer(DatagramChannelImpl.java:573)
11-05 12:37:53.020  9109  9143 W System.err: 	at sun.nio.ch.DatagramChannelImpl.send(DatagramChannelImpl.java:550)
11-05 12:37:53.020  9109  9143 W System.err: 	at sun.nio.ch.DatagramChannelImpl.send(DatagramChannelImpl.java:514)
11-05 12:37:53.020  9109  9143 W System.err: 	at symlab.CloudAR.network.TransmissionTask.run(TransmissionTask.java:124)
11-05 12:37:53.020  9109  9143 W System.err: 	at android.os.Handler.handleCallback(Handler.java:907)
11-05 12:37:53.020  9109  9143 W System.err: 	at android.os.Handler.dispatchMessage(Handler.java:105)
11-05 12:37:53.020  9109  9143 W System.err: 	at android.os.Looper.loop(Looper.java:216)
11-05 12:37:53.020  9109  9143 W System.err: 	at android.os.HandlerThread.run(HandlerThread.java:65)
11-05 12:37:53.057  9109  9143 W System.err: java.net.SocketException: Message too long
11-05 12:37:53.057  9109  9143 W System.err: 	at sun.nio.ch.DatagramChannelImpl.send0(Native Method)
11-05 12:37:53.057  9109  9143 W System.err: 	at sun.nio.ch.DatagramChannelImpl.sendFromNativeBuffer(DatagramChannelImpl.java:573)
11-05 12:37:53.057  9109  9143 W System.err: 	at sun.nio.ch.DatagramChannelImpl.send(DatagramChannelImpl.java:550)
11-05 12:37:53.057  9109  9143 W System.err: 	at sun.nio.ch.DatagramChannelImpl.send(DatagramChannelImpl.java:514)
11-05 12:37:53.057  9109  9143 W System.err: 	at symlab.CloudAR.network.TransmissionTask.run(TransmissionTask.java:124)
11-05 12:37:53.057  9109  9143 W System.err: 	at android.os.Handler.handleCallback(Handler.java:907)
11-05 12:37:53.057  9109  9143 W System.err: 	at android.os.Handler.dispatchMessage(Handler.java:105)
11-05 12:37:53.057  9109  9143 W System.err: 	at android.os.Looper.loop(Looper.java:216)
11-05 12:37:53.057  9109  9143 W System.err: 	at android.os.HandlerThread.run(HandlerThread.java:65)
11-05 12:37:53.128  9109  9143 W System.err: java.net.SocketException: Message too long
11-05 12:37:53.128  9109  9143 W System.err: 	at sun.nio.ch.DatagramChannelImpl.send0(Native Method)
11-05 12:37:53.128  9109  9143 W System.err: 	at sun.nio.ch.DatagramChannelImpl.sendFromNativeBuffer(DatagramChannelImpl.java:573)
11-05 12:37:53.128  9109  9143 W System.err: 	at sun.nio.ch.DatagramChannelImpl.send(DatagramChannelImpl.java:550)
11-05 12:37:53.128  9109  9143 W System.err: 	at sun.nio.ch.DatagramChannelImpl.send(DatagramChannelImpl.java:514)
11-05 12:37:53.128  9109  9143 W System.err: 	at symlab.CloudAR.network.TransmissionTask.run(TransmissionTask.java:124)
11-05 12:37:53.128  9109  9143 W System.err: 	at android.os.Handler.handleCallback(Handler.java:907)
11-05 12:37:53.128  9109  9143 W System.err: 	at android.os.Handler.dispatchMessage(Handler.java:105)
11-05 12:37:53.128  9109  9143 W System.err: 	at android.os.Looper.loop(Looper.java:216)
11-05 12:37:53.128  9109  9143 W System.err: 	at android.os.HandlerThread.run(HandlerThread.java:65)
11-05 12:37:53.160  9109  9143 W System.err: java.net.SocketException: Message too long
11-05 12:37:53.160  9109  9143 W System.err: 	at sun.nio.ch.DatagramChannelImpl.send0(Native Method)
11-05 12:37:53.160  9109  9143 W System.err: 	at sun.nio.ch.DatagramChannelImpl.sendFromNativeBuffer(DatagramChannelImpl.java:573)
11-05 12:37:53.160  9109  9143 W System.err: 	at sun.nio.ch.DatagramChannelImpl.send(DatagramChannelImpl.java:550)
11-05 12:37:53.160  9109  9143 W System.err: 	at sun.nio.ch.DatagramChannelImpl.send(DatagramChannelImpl.java:514)
11-05 12:37:53.160  9109  9143 W System.err: 	at symlab.CloudAR.network.TransmissionTask.run(TransmissionTask.java:124)
11-05 12:37:53.160  9109  9143 W System.err: 	at android.os.Handler.handleCallback(Handler.java:907)
11-05 12:37:53.160  9109  9143 W System.err: 	at android.os.Handler.dispatchMessage(Handler.java:105)
11-05 12:37:53.160  9109  9143 W System.err: 	at android.os.Looper.loop(Looper.java:216)
11-05 12:37:53.160  9109  9143 W System.err: 	at android.os.HandlerThread.run(HandlerThread.java:65)
11-05 12:37:53.188  9109  9143 W System.err: java.net.SocketException: Message too long
11-05 12:37:53.188  9109  9143 W System.err: 	at sun.nio.ch.DatagramChannelImpl.send0(Native Method)
11-05 12:37:53.188  9109  9143 W System.err: 	at sun.nio.ch.DatagramChannelImpl.sendFromNativeBuffer(DatagramChannelImpl.java:573)
11-05 12:37:53.188  9109  9143 W System.err: 	at sun.nio.ch.DatagramChannelImpl.send(DatagramChannelImpl.java:550)
11-05 12:37:53.188  9109  9143 W System.err: 	at sun.nio.ch.DatagramChannelImpl.send(DatagramChannelImpl.java:514)
11-05 12:37:53.188  9109  9143 W System.err: 	at symlab.CloudAR.network.TransmissionTask.run(TransmissionTask.java:124)
11-05 12:37:53.188  9109  9143 W System.err: 	at android.os.Handler.handleCallback(Handler.java:907)
11-05 12:37:53.188  9109  9143 W System.err: 	at android.os.Handler.dispatchMessage(Handler.java:105)
11-05 12:37:53.188  9109  9143 W System.err: 	at android.os.Looper.loop(Looper.java:216)
11-05 12:37:53.188  9109  9143 W System.err: 	at android.os.HandlerThread.run(HandlerThread.java:65)
11-05 12:37:53.237  9109  9143 W System.err: java.net.SocketException: Message too long
11-05 12:37:53.237  9109  9143 W System.err: 	at sun.nio.ch.DatagramChannelImpl.send0(Native Method)
11-05 12:37:53.237  9109  9143 W System.err: 	at sun.nio.ch.DatagramChannelImpl.sendFromNativeBuffer(DatagramChannelImpl.java:573)
11-05 12:37:53.237  9109  9143 W System.err: 	at sun.nio.ch.DatagramChannelImpl.send(DatagramChannelImpl.java:550)
11-05 12:37:53.237  9109  9143 W System.err: 	at sun.nio.ch.DatagramChannelImpl.send(DatagramChannelImpl.java:514)
11-05 12:37:53.237  9109  9143 W System.err: 	at symlab.CloudAR.network.TransmissionTask.run(TransmissionTask.java:124)
11-05 12:37:53.237  9109  9143 W System.err: 	at android.os.Handler.handleCallback(Handler.java:907)
11-05 12:37:53.237  9109  9143 W System.err: 	at android.os.Handler.dispatchMessage(Handler.java:105)
11-05 12:37:53.237  9109  9143 W System.err: 	at android.os.Looper.loop(Looper.java:216)
11-05 12:37:53.237  9109  9143 W System.err: 	at android.os.HandlerThread.run(HandlerThread.java:65)
11-05 12:37:53.256  9109  9143 W System.err: java.net.SocketException: Message too long
11-05 12:37:53.256  9109  9143 W System.err: 	at sun.nio.ch.DatagramChannelImpl.send0(Native Method)
11-05 12:37:53.256  9109  9143 W System.err: 	at sun.nio.ch.DatagramChannelImpl.sendFromNativeBuffer(DatagramChannelImpl.java:573)
11-05 12:37:53.256  9109  9143 W System.err: 	at sun.nio.ch.DatagramChannelImpl.send(DatagramChannelImpl.java:550)
11-05 12:37:53.256  9109  9143 W System.err: 	at sun.nio.ch.DatagramChannelImpl.send(DatagramChannelImpl.java:514)
11-05 12:37:53.256  9109  9143 W System.err: 	at symlab.CloudAR.network.TransmissionTask.run(TransmissionTask.java:124)
11-05 12:37:53.256  9109  9143 W System.err: 	at android.os.Handler.handleCallback(Handler.java:907)
11-05 12:37:53.256  9109  9143 W System.err: 	at android.os.Handler.dispatchMessage(Handler.java:105)
11-05 12:37:53.256  9109  9143 W System.err: 	at android.os.Looper.loop(Looper.java:216)
11-05 12:37:53.256  9109  9143 W System.err: 	at android.os.HandlerThread.run(HandlerThread.java:65)
11-05 12:37:53.296  9109  9143 W System.err: java.net.SocketException: Message too long
11-05 12:37:53.297  9109  9143 W System.err: 	at sun.nio.ch.DatagramChannelImpl.send0(Native Method)
11-05 12:37:53.297  9109  9143 W System.err: 	at sun.nio.ch.DatagramChannelImpl.sendFromNativeBuffer(DatagramChannelImpl.java:573)
11-05 12:37:53.297  9109  9143 W System.err: 	at sun.nio.ch.DatagramChannelImpl.send(DatagramChannelImpl.java:550)
11-05 12:37:53.297  9109  9143 W System.err: 	at sun.nio.ch.DatagramChannelImpl.send(DatagramChannelImpl.java:514)
11-05 12:37:53.297  9109  9143 W System.err: 	at symlab.CloudAR.network.TransmissionTask.run(TransmissionTask.java:124)
11-05 12:37:53.297  9109  9143 W System.err: 	at android.os.Handler.handleCallback(Handler.java:907)
11-05 12:37:53.297  9109  9143 W System.err: 	at android.os.Handler.dispatchMessage(Handler.java:105)
11-05 12:37:53.297  9109  9143 W System.err: 	at android.os.Looper.loop(Looper.java:216)
11-05 12:37:53.297  9109  9143 W System.err: 	at android.os.HandlerThread.run(HandlerThread.java:65)
11-05 12:37:53.319  9109  9143 W System.err: java.net.SocketException: Message too long
11-05 12:37:53.319  9109  9143 W System.err: 	at sun.nio.ch.DatagramChannelImpl.send0(Native Method)
11-05 12:37:53.319  9109  9143 W System.err: 	at sun.nio.ch.DatagramChannelImpl.sendFromNativeBuffer(DatagramChannelImpl.java:573)
11-05 12:37:53.320  9109  9143 W System.err: 	at sun.nio.ch.DatagramChannelImpl.send(DatagramChannelImpl.java:550)
11-05 12:37:53.320  9109  9143 W System.err: 	at sun.nio.ch.DatagramChannelImpl.send(DatagramChannelImpl.java:514)
11-05 12:37:53.320  9109  9143 W System.err: 	at symlab.CloudAR.network.TransmissionTask.run(TransmissionTask.java:124)
11-05 12:37:53.320  9109  9143 W System.err: 	at android.os.Handler.handleCallback(Handler.java:907)
11-05 12:37:53.320  9109  9143 W System.err: 	at android.os.Handler.dispatchMessage(Handler.java:105)
11-05 12:37:53.320  9109  9143 W System.err: 	at android.os.Looper.loop(Looper.java:216)
11-05 12:37:53.320  9109  9143 W System.err: 	at android.os.HandlerThread.run(HandlerThread.java:65)
11-05 12:37:53.355  9109  9143 D Evaluation: Frame 472 sent at 1572950273355
11-05 12:37:53.386  9109  9143 D Evaluation: Frame 473 sent at 1572950273386
11-05 12:37:53.423  9109  9143 D Evaluation: Frame 474 sent at 1572950273423
11-05 12:37:53.456  9109  9143 D Evaluation: Frame 475 sent at 1572950273456
11-05 12:37:53.496  9109  9120 E         : [ZeroHung]zrhung_get_config: Get config failed for wp[0x0008]
11-05 12:37:53.497  9109  9143 D Evaluation: Frame 476 sent at 1572950273497
11-05 12:37:53.533  9109  9109 D Poster  : At 1572950273533 location is 65.05847372015631 (latitude), and 25.469076676755556 (longitude)
11-05 12:37:53.536  9109  9143 D Evaluation: Frame 477 sent at 1572950273536
11-05 12:37:53.574  9109  9143 D Evaluation: Frame 478 sent at 1572950273573
11-05 12:37:53.596  9109  9143 D Evaluation: Frame 479 sent at 1572950273596
11-05 12:37:53.627  9109  9143 D Evaluation: Frame 480 sent at 1572950273627
11-05 12:37:53.658  9109  9143 D Evaluation: Frame 481 sent at 1572950273658
11-05 12:37:53.693  9109  9143 D Evaluation: Frame 482 sent at 1572950273693
11-05 12:37:53.695  9109  9143 D Evaluation: 1 res for frame 472 received at 1572950273695
11-05 12:37:53.724  9109  9143 D Evaluation: Frame 483 sent at 1572950273724
11-05 12:37:53.770  9109  9143 D Evaluation: Frame 484 sent at 1572950273770
11-05 12:37:53.795  9109  9143 D Evaluation: Frame 485 sent at 1572950273795
11-05 12:37:53.825  9109  9143 D Evaluation: Frame 486 sent at 1572950273825
11-05 12:37:53.862  9109  9143 D Evaluation: Frame 487 sent at 1572950273861
11-05 12:37:53.863  9109  9143 D Evaluation: 1 res for frame 473 received at 1572950273863
11-05 12:37:53.896  9109  9143 D Evaluation: Frame 488 sent at 1572950273896
11-05 12:37:53.928  9109  9143 D Evaluation: Frame 489 sent at 1572950273928
11-05 12:37:53.974  9109  9143 D Evaluation: Frame 490 sent at 1572950273974
11-05 12:37:53.995  9109  9143 D Evaluation: Frame 491 sent at 1572950273995
11-05 12:37:54.028  9109  9143 D Evaluation: Frame 492 sent at 1572950274028
11-05 12:37:54.063  9109  9143 D Evaluation: Frame 493 sent at 1572950274063
11-05 12:37:54.106  9109  9143 D Evaluation: Frame 494 sent at 1572950274106
11-05 12:37:54.133  9109  9143 D Evaluation: Frame 495 sent at 1572950274133
11-05 12:37:54.165  9109  9143 D Evaluation: Frame 496 sent at 1572950274165
11-05 12:37:54.196  9109  9143 D Evaluation: Frame 497 sent at 1572950274196
11-05 12:37:54.238  9109  9143 D Evaluation: Frame 498 sent at 1572950274238
11-05 12:37:54.264  9109  9143 D Evaluation: Frame 499 sent at 1572950274264
11-05 12:37:54.321  9109  9143 D Evaluation: Frame 500 sent at 1572950274321
11-05 12:37:54.340  9109  9143 D Evaluation: Frame 501 sent at 1572950274340
11-05 12:37:54.366  9109  9143 D Evaluation: Frame 502 sent at 1572950274366
11-05 12:37:54.395  9109  9143 D Evaluation: Frame 503 sent at 1572950274395
11-05 12:37:54.432  9109  9143 D Evaluation: Frame 504 sent at 1572950274432
11-05 12:37:54.464  9109  9143 D Evaluation: Frame 505 sent at 1572950274464
11-05 12:37:54.501  9109  9143 D Evaluation: Frame 506 sent at 1572950274501
11-05 12:37:54.536  9109  9109 D Poster  : At 1572950274536 location is 65.05846550266018 (latitude), and 25.469077987766834 (longitude)
11-05 12:37:54.543  9109  9143 D Evaluation: Frame 507 sent at 1572950274542
11-05 12:37:54.569  9109  9143 D Evaluation: Frame 508 sent at 1572950274569
11-05 12:37:54.599  9109  9143 D Evaluation: Frame 509 sent at 1572950274599
11-05 12:37:54.636  9109  9143 D Evaluation: Frame 510 sent at 1572950274636
11-05 12:37:54.665  9109  9143 D Evaluation: Frame 511 sent at 1572950274665
11-05 12:37:54.703  9109  9143 D Evaluation: Frame 512 sent at 1572950274703
11-05 12:37:54.744  9109  9143 D Evaluation: Frame 513 sent at 1572950274744
11-05 12:37:54.769  9109  9143 D Evaluation: Frame 514 sent at 1572950274769
11-05 12:37:54.800  9109  9120 E         : [ZeroHung]zrhung_get_config: Get config failed for wp[0x0008]
11-05 12:37:54.800  9109  9143 D Evaluation: Frame 515 sent at 1572950274800
11-05 12:37:54.816  9109  9118 W System  : A resource failed to call close. 
11-05 12:37:54.816  9109  9118 W System  : A resource failed to call close. 
11-05 12:37:54.819  9109  9118 W System  : A resource failed to call close. 
11-05 12:37:54.819  9109  9118 W System  : A resource failed to call close. 
11-05 12:37:54.849  9109  9143 D Evaluation: Frame 516 sent at 1572950274848
11-05 12:37:54.867  9109  9143 D Evaluation: Frame 517 sent at 1572950274867
11-05 12:37:54.903  9109  9143 D Evaluation: Frame 518 sent at 1572950274903
11-05 12:37:54.938  9109  9143 D Evaluation: Frame 519 sent at 1572950274938
11-05 12:37:54.970  9109  9143 D Evaluation: Frame 520 sent at 1572950274970
11-05 12:37:55.049  9109  9143 D Evaluation: Frame 521 sent at 1572950275049
11-05 12:37:55.070  9109  9143 D Evaluation: Frame 522 sent at 1572950275070
11-05 12:37:55.100  9109  9143 D Evaluation: Frame 523 sent at 1572950275100
11-05 12:37:55.100  9109  9109 I Poster  :  onPause() called.
11-05 12:37:55.216  9109  9109 I Camera  : close camera: 0, package name: symlab.cloudridar.arhud
11-05 12:37:55.216  9109  9109 I BackgroundPermManager: pkgName: symlab.cloudridar.arhud,pid: 9109 ,uidOf3RdApk: 10149 ,permType: 0 ,permCfg: 0
11-05 12:37:55.218  9109  9109 I HwCameraUtil: notifySurfaceFlingerCameraStatus : isFront = false , isOpend = false
11-05 12:37:55.291  9109  9109 D ZrHung.AppEyeUiProbe: stop checker.
11-05 12:37:55.333  9109  9109 I Poster  :  surfaceDestroyed() called.
11-05 12:37:55.334  9109  9109 D ViewRootImpl[MainActivity]: surface should not be released
11-05 12:37:55.334  9109  9109 I Poster  :  onStop() called.
11-05 12:37:55.350  9109  9160 W libEGL  : EGLNativeWindowType 0xe6370008 disconnect failed
11-05 12:37:55.536  9109  9109 D Poster  : At 1572950275535 location is 65.05845252823589 (latitude), and 25.46907970598187 (longitude)
11-05 12:37:55.547  9109  9109 D Latitude: status
11-05 12:37:55.580  9109  9135 D ZrHung.AppEyeUiProbe: Current Activity:false
11-05 12:37:55.580  9109  9135 D ZrHung.AppEyeUiProbe: not watching, wait.
11-05 12:38:00.102  9109  9109 I AwareBitmapCacher: handleReleaseCache: pid=9109
11-05 12:38:00.103  9109  9109 I AwareBitmapCacher: init lrucache size: 2097152 pid=9109
11-05 12:38:00.328  9109  9120 E         : [ZeroHung]zrhung_get_config: Get config failed for wp[0x0008]
