11-26 13:09:27.788 14145 14186 W System.err: 	at sun.nio.ch.DatagramChannelImpl.send(DatagramChannelImpl.java:550)
11-26 13:09:27.788 14145 14186 W System.err: 	at sun.nio.ch.DatagramChannelImpl.send(DatagramChannelImpl.java:514)
11-26 13:09:27.788 14145 14186 W System.err: 	at symlab.CloudAR.network.TransmissionTask.run(TransmissionTask.java:144)
11-26 13:09:27.788 14145 14186 W System.err: 	at android.os.Handler.handleCallback(Handler.java:907)
11-26 13:09:27.788 14145 14186 W System.err: 	at android.os.Handler.dispatchMessage(Handler.java:105)
11-26 13:09:27.788 14145 14186 W System.err: 	at android.os.Looper.loop(Looper.java:216)
11-26 13:09:27.788 14145 14186 W System.err: 	at android.os.HandlerThread.run(HandlerThread.java:65)
11-26 13:09:27.819 14145 14186 W System.err: java.net.SocketException: Message too long
11-26 13:09:27.819 14145 14186 W System.err: 	at sun.nio.ch.DatagramChannelImpl.send0(Native Method)
11-26 13:09:27.819 14145 14186 W System.err: 	at sun.nio.ch.DatagramChannelImpl.sendFromNativeBuffer(DatagramChannelImpl.java:573)
11-26 13:09:27.819 14145 14186 W System.err: 	at sun.nio.ch.DatagramChannelImpl.send(DatagramChannelImpl.java:550)
11-26 13:09:27.819 14145 14186 W System.err: 	at sun.nio.ch.DatagramChannelImpl.send(DatagramChannelImpl.java:514)
11-26 13:09:27.819 14145 14186 W System.err: 	at symlab.CloudAR.network.TransmissionTask.run(TransmissionTask.java:144)
11-26 13:09:27.819 14145 14186 W System.err: 	at android.os.Handler.handleCallback(Handler.java:907)
11-26 13:09:27.819 14145 14186 W System.err: 	at android.os.Handler.dispatchMessage(Handler.java:105)
11-26 13:09:27.819 14145 14186 W System.err: 	at android.os.Looper.loop(Looper.java:216)
11-26 13:09:27.819 14145 14186 W System.err: 	at android.os.HandlerThread.run(HandlerThread.java:65)
11-26 13:09:27.838 14145 14186 W System.err: java.net.SocketException: Message too long
11-26 13:09:27.839 14145 14186 W System.err: 	at sun.nio.ch.DatagramChannelImpl.send0(Native Method)
11-26 13:09:27.839 14145 14186 W System.err: 	at sun.nio.ch.DatagramChannelImpl.sendFromNativeBuffer(DatagramChannelImpl.java:573)
11-26 13:09:27.839 14145 14186 W System.err: 	at sun.nio.ch.DatagramChannelImpl.send(DatagramChannelImpl.java:550)
11-26 13:09:27.839 14145 14186 W System.err: 	at sun.nio.ch.DatagramChannelImpl.send(DatagramChannelImpl.java:514)
11-26 13:09:27.839 14145 14186 W System.err: 	at symlab.CloudAR.network.TransmissionTask.run(TransmissionTask.java:144)
11-26 13:09:27.839 14145 14186 W System.err: 	at android.os.Handler.handleCallback(Handler.java:907)
11-26 13:09:27.839 14145 14186 W System.err: 	at android.os.Handler.dispatchMessage(Handler.java:105)
11-26 13:09:27.839 14145 14186 W System.err: 	at android.os.Looper.loop(Looper.java:216)
11-26 13:09:27.839 14145 14186 W System.err: 	at android.os.HandlerThread.run(HandlerThread.java:65)
11-26 13:09:27.876 14145 14161 E         : [ZeroHung]zrhung_get_config: Get config failed for wp[0x0008]
11-26 13:09:27.878 14145 14186 W System.err: java.net.SocketException: Message too long
11-26 13:09:27.878 14145 14186 W System.err: 	at sun.nio.ch.DatagramChannelImpl.send0(Native Method)
11-26 13:09:27.878 14145 14186 W System.err: 	at sun.nio.ch.DatagramChannelImpl.sendFromNativeBuffer(DatagramChannelImpl.java:573)
11-26 13:09:27.878 14145 14186 W System.err: 	at sun.nio.ch.DatagramChannelImpl.send(DatagramChannelImpl.java:550)
11-26 13:09:27.878 14145 14186 W System.err: 	at sun.nio.ch.DatagramChannelImpl.send(DatagramChannelImpl.java:514)
11-26 13:09:27.878 14145 14186 W System.err: 	at symlab.CloudAR.network.TransmissionTask.run(TransmissionTask.java:144)
11-26 13:09:27.878 14145 14186 W System.err: 	at android.os.Handler.handleCallback(Handler.java:907)
11-26 13:09:27.878 14145 14186 W System.err: 	at android.os.Handler.dispatchMessage(Handler.java:105)
11-26 13:09:27.878 14145 14186 W System.err: 	at android.os.Looper.loop(Looper.java:216)
11-26 13:09:27.878 14145 14186 W System.err: 	at android.os.HandlerThread.run(HandlerThread.java:65)
11-26 13:09:27.892 14145 14155 W System  : A resource failed to call close. 
11-26 13:09:27.896 14145 14155 I chatty  : uid=10147(symlab.cloudridar.arhud) FinalizerDaemon identical 20 lines
11-26 13:09:27.896 14145 14155 W System  : A resource failed to call close. 
11-26 13:09:27.924 14145 14186 W System.err: java.net.SocketException: Message too long
11-26 13:09:27.924 14145 14186 W System.err: 	at sun.nio.ch.DatagramChannelImpl.send0(Native Method)
11-26 13:09:27.924 14145 14186 W System.err: 	at sun.nio.ch.DatagramChannelImpl.sendFromNativeBuffer(DatagramChannelImpl.java:573)
11-26 13:09:27.924 14145 14186 W System.err: 	at sun.nio.ch.DatagramChannelImpl.send(DatagramChannelImpl.java:550)
11-26 13:09:27.924 14145 14186 W System.err: 	at sun.nio.ch.DatagramChannelImpl.send(DatagramChannelImpl.java:514)
11-26 13:09:27.924 14145 14186 W System.err: 	at symlab.CloudAR.network.TransmissionTask.run(TransmissionTask.java:144)
11-26 13:09:27.924 14145 14186 W System.err: 	at android.os.Handler.handleCallback(Handler.java:907)
11-26 13:09:27.924 14145 14186 W System.err: 	at android.os.Handler.dispatchMessage(Handler.java:105)
11-26 13:09:27.924 14145 14186 W System.err: 	at android.os.Looper.loop(Looper.java:216)
11-26 13:09:27.924 14145 14186 W System.err: 	at android.os.HandlerThread.run(HandlerThread.java:65)
11-26 13:09:27.954 14145 14186 W System.err: java.net.SocketException: Message too long
11-26 13:09:27.954 14145 14186 W System.err: 	at sun.nio.ch.DatagramChannelImpl.send0(Native Method)
11-26 13:09:27.954 14145 14186 W System.err: 	at sun.nio.ch.DatagramChannelImpl.sendFromNativeBuffer(DatagramChannelImpl.java:573)
11-26 13:09:27.954 14145 14186 W System.err: 	at sun.nio.ch.DatagramChannelImpl.send(DatagramChannelImpl.java:550)
11-26 13:09:27.954 14145 14186 W System.err: 	at sun.nio.ch.DatagramChannelImpl.send(DatagramChannelImpl.java:514)
11-26 13:09:27.954 14145 14186 W System.err: 	at symlab.CloudAR.network.TransmissionTask.run(TransmissionTask.java:144)
11-26 13:09:27.954 14145 14186 W System.err: 	at android.os.Handler.handleCallback(Handler.java:907)
11-26 13:09:27.954 14145 14186 W System.err: 	at android.os.Handler.dispatchMessage(Handler.java:105)
11-26 13:09:27.954 14145 14186 W System.err: 	at android.os.Looper.loop(Looper.java:216)
11-26 13:09:27.954 14145 14186 W System.err: 	at android.os.HandlerThread.run(HandlerThread.java:65)
11-26 13:09:28.041 14145 14186 W System.err: java.net.SocketException: Message too long
11-26 13:09:28.041 14145 14186 W System.err: 	at sun.nio.ch.DatagramChannelImpl.send0(Native Method)
11-26 13:09:28.041 14145 14186 W System.err: 	at sun.nio.ch.DatagramChannelImpl.sendFromNativeBuffer(DatagramChannelImpl.java:573)
11-26 13:09:28.041 14145 14186 W System.err: 	at sun.nio.ch.DatagramChannelImpl.send(DatagramChannelImpl.java:550)
11-26 13:09:28.041 14145 14186 W System.err: 	at sun.nio.ch.DatagramChannelImpl.send(DatagramChannelImpl.java:514)
11-26 13:09:28.041 14145 14186 W System.err: 	at symlab.CloudAR.network.TransmissionTask.run(TransmissionTask.java:144)
11-26 13:09:28.041 14145 14186 W System.err: 	at android.os.Handler.handleCallback(Handler.java:907)
11-26 13:09:28.041 14145 14186 W System.err: 	at android.os.Handler.dispatchMessage(Handler.java:105)
11-26 13:09:28.041 14145 14186 W System.err: 	at android.os.Looper.loop(Looper.java:216)
11-26 13:09:28.041 14145 14186 W System.err: 	at android.os.HandlerThread.run(HandlerThread.java:65)
11-26 13:09:28.066 14145 14186 W System.err: java.net.SocketException: Message too long
11-26 13:09:28.066 14145 14186 W System.err: 	at sun.nio.ch.DatagramChannelImpl.send0(Native Method)
11-26 13:09:28.066 14145 14186 W System.err: 	at sun.nio.ch.DatagramChannelImpl.sendFromNativeBuffer(DatagramChannelImpl.java:573)
11-26 13:09:28.066 14145 14186 W System.err: 	at sun.nio.ch.DatagramChannelImpl.send(DatagramChannelImpl.java:550)
11-26 13:09:28.066 14145 14186 W System.err: 	at sun.nio.ch.DatagramChannelImpl.send(DatagramChannelImpl.java:514)
11-26 13:09:28.066 14145 14186 W System.err: 	at symlab.CloudAR.network.TransmissionTask.run(TransmissionTask.java:144)
11-26 13:09:28.066 14145 14186 W System.err: 	at android.os.Handler.handleCallback(Handler.java:907)
11-26 13:09:28.066 14145 14186 W System.err: 	at android.os.Handler.dispatchMessage(Handler.java:105)
11-26 13:09:28.066 14145 14186 W System.err: 	at android.os.Looper.loop(Looper.java:216)
11-26 13:09:28.066 14145 14186 W System.err: 	at android.os.HandlerThread.run(HandlerThread.java:65)
11-26 13:09:28.114 14145 14186 W System.err: java.net.SocketException: Message too long
11-26 13:09:28.114 14145 14186 W System.err: 	at sun.nio.ch.DatagramChannelImpl.send0(Native Method)
11-26 13:09:28.114 14145 14186 W System.err: 	at sun.nio.ch.DatagramChannelImpl.sendFromNativeBuffer(DatagramChannelImpl.java:573)
11-26 13:09:28.114 14145 14186 W System.err: 	at sun.nio.ch.DatagramChannelImpl.send(DatagramChannelImpl.java:550)
11-26 13:09:28.115 14145 14186 W System.err: 	at sun.nio.ch.DatagramChannelImpl.send(DatagramChannelImpl.java:514)
11-26 13:09:28.115 14145 14186 W System.err: 	at symlab.CloudAR.network.TransmissionTask.run(TransmissionTask.java:144)
11-26 13:09:28.115 14145 14186 W System.err: 	at android.os.Handler.handleCallback(Handler.java:907)
11-26 13:09:28.115 14145 14186 W System.err: 	at android.os.Handler.dispatchMessage(Handler.java:105)
11-26 13:09:28.115 14145 14186 W System.err: 	at android.os.Looper.loop(Looper.java:216)
11-26 13:09:28.115 14145 14186 W System.err: 	at android.os.HandlerThread.run(HandlerThread.java:65)
11-26 13:09:28.157 14145 14186 W System.err: java.net.SocketException: Message too long
11-26 13:09:28.157 14145 14186 W System.err: 	at sun.nio.ch.DatagramChannelImpl.send0(Native Method)
11-26 13:09:28.157 14145 14186 W System.err: 	at sun.nio.ch.DatagramChannelImpl.sendFromNativeBuffer(DatagramChannelImpl.java:573)
11-26 13:09:28.157 14145 14186 W System.err: 	at sun.nio.ch.DatagramChannelImpl.send(DatagramChannelImpl.java:550)
11-26 13:09:28.157 14145 14186 W System.err: 	at sun.nio.ch.DatagramChannelImpl.send(DatagramChannelImpl.java:514)
11-26 13:09:28.158 14145 14186 W System.err: 	at symlab.CloudAR.network.TransmissionTask.run(TransmissionTask.java:144)
11-26 13:09:28.158 14145 14186 W System.err: 	at android.os.Handler.handleCallback(Handler.java:907)
11-26 13:09:28.158 14145 14186 W System.err: 	at android.os.Handler.dispatchMessage(Handler.java:105)
11-26 13:09:28.158 14145 14186 W System.err: 	at android.os.Looper.loop(Looper.java:216)
11-26 13:09:28.158 14145 14186 W System.err: 	at android.os.HandlerThread.run(HandlerThread.java:65)
11-26 13:09:28.181 14145 14186 W System.err: java.net.SocketException: Message too long
11-26 13:09:28.181 14145 14186 W System.err: 	at sun.nio.ch.DatagramChannelImpl.send0(Native Method)
11-26 13:09:28.181 14145 14186 W System.err: 	at sun.nio.ch.DatagramChannelImpl.sendFromNativeBuffer(DatagramChannelImpl.java:573)
11-26 13:09:28.181 14145 14186 W System.err: 	at sun.nio.ch.DatagramChannelImpl.send(DatagramChannelImpl.java:550)
11-26 13:09:28.181 14145 14186 W System.err: 	at sun.nio.ch.DatagramChannelImpl.send(DatagramChannelImpl.java:514)
11-26 13:09:28.181 14145 14186 W System.err: 	at symlab.CloudAR.network.TransmissionTask.run(TransmissionTask.java:144)
11-26 13:09:28.181 14145 14186 W System.err: 	at android.os.Handler.handleCallback(Handler.java:907)
11-26 13:09:28.181 14145 14186 W System.err: 	at android.os.Handler.dispatchMessage(Handler.java:105)
11-26 13:09:28.181 14145 14186 W System.err: 	at android.os.Looper.loop(Looper.java:216)
11-26 13:09:28.181 14145 14186 W System.err: 	at android.os.HandlerThread.run(HandlerThread.java:65)
11-26 13:09:28.224 14145 14186 W System.err: java.net.SocketException: Message too long
11-26 13:09:28.224 14145 14186 W System.err: 	at sun.nio.ch.DatagramChannelImpl.send0(Native Method)
11-26 13:09:28.224 14145 14186 W System.err: 	at sun.nio.ch.DatagramChannelImpl.sendFromNativeBuffer(DatagramChannelImpl.java:573)
11-26 13:09:28.224 14145 14186 W System.err: 	at sun.nio.ch.DatagramChannelImpl.send(DatagramChannelImpl.java:550)
11-26 13:09:28.224 14145 14186 W System.err: 	at sun.nio.ch.DatagramChannelImpl.send(DatagramChannelImpl.java:514)
11-26 13:09:28.224 14145 14186 W System.err: 	at symlab.CloudAR.network.TransmissionTask.run(TransmissionTask.java:144)
11-26 13:09:28.224 14145 14186 W System.err: 	at android.os.Handler.handleCallback(Handler.java:907)
11-26 13:09:28.224 14145 14186 W System.err: 	at android.os.Handler.dispatchMessage(Handler.java:105)
11-26 13:09:28.224 14145 14186 W System.err: 	at android.os.Looper.loop(Looper.java:216)
11-26 13:09:28.224 14145 14186 W System.err: 	at android.os.HandlerThread.run(HandlerThread.java:65)
11-26 13:09:28.256 14145 14186 W System.err: java.net.SocketException: Message too long
11-26 13:09:28.257 14145 14186 W System.err: 	at sun.nio.ch.DatagramChannelImpl.send0(Native Method)
11-26 13:09:28.257 14145 14186 W System.err: 	at sun.nio.ch.DatagramChannelImpl.sendFromNativeBuffer(DatagramChannelImpl.java:573)
11-26 13:09:28.257 14145 14186 W System.err: 	at sun.nio.ch.DatagramChannelImpl.send(DatagramChannelImpl.java:550)
11-26 13:09:28.257 14145 14186 W System.err: 	at sun.nio.ch.DatagramChannelImpl.send(DatagramChannelImpl.java:514)
11-26 13:09:28.257 14145 14186 W System.err: 	at symlab.CloudAR.network.TransmissionTask.run(TransmissionTask.java:144)
11-26 13:09:28.257 14145 14186 W System.err: 	at android.os.Handler.handleCallback(Handler.java:907)
11-26 13:09:28.257 14145 14186 W System.err: 	at android.os.Handler.dispatchMessage(Handler.java:105)
11-26 13:09:28.257 14145 14186 W System.err: 	at android.os.Looper.loop(Looper.java:216)
11-26 13:09:28.257 14145 14186 W System.err: 	at android.os.HandlerThread.run(HandlerThread.java:65)
11-26 13:09:28.278 14145 14186 W System.err: java.net.SocketException: Message too long
11-26 13:09:28.278 14145 14186 W System.err: 	at sun.nio.ch.DatagramChannelImpl.send0(Native Method)
11-26 13:09:28.278 14145 14186 W System.err: 	at sun.nio.ch.DatagramChannelImpl.sendFromNativeBuffer(DatagramChannelImpl.java:573)
11-26 13:09:28.278 14145 14186 W System.err: 	at sun.nio.ch.DatagramChannelImpl.send(DatagramChannelImpl.java:550)
11-26 13:09:28.278 14145 14186 W System.err: 	at sun.nio.ch.DatagramChannelImpl.send(DatagramChannelImpl.java:514)
11-26 13:09:28.278 14145 14186 W System.err: 	at symlab.CloudAR.network.TransmissionTask.run(TransmissionTask.java:144)
11-26 13:09:28.278 14145 14186 W System.err: 	at android.os.Handler.handleCallback(Handler.java:907)
11-26 13:09:28.278 14145 14186 W System.err: 	at android.os.Handler.dispatchMessage(Handler.java:105)
11-26 13:09:28.278 14145 14186 W System.err: 	at android.os.Looper.loop(Looper.java:216)
11-26 13:09:28.278 14145 14186 W System.err: 	at android.os.HandlerThread.run(HandlerThread.java:65)
11-26 13:09:28.318 14145 14186 W System.err: java.net.SocketException: Message too long
11-26 13:09:28.318 14145 14186 W System.err: 	at sun.nio.ch.DatagramChannelImpl.send0(Native Method)
11-26 13:09:28.318 14145 14186 W System.err: 	at sun.nio.ch.DatagramChannelImpl.sendFromNativeBuffer(DatagramChannelImpl.java:573)
11-26 13:09:28.318 14145 14186 W System.err: 	at sun.nio.ch.DatagramChannelImpl.send(DatagramChannelImpl.java:550)
11-26 13:09:28.319 14145 14186 W System.err: 	at sun.nio.ch.DatagramChannelImpl.send(DatagramChannelImpl.java:514)
11-26 13:09:28.319 14145 14186 W System.err: 	at symlab.CloudAR.network.TransmissionTask.run(TransmissionTask.java:144)
11-26 13:09:28.319 14145 14186 W System.err: 	at android.os.Handler.handleCallback(Handler.java:907)
11-26 13:09:28.319 14145 14186 W System.err: 	at android.os.Handler.dispatchMessage(Handler.java:105)
11-26 13:09:28.319 14145 14186 W System.err: 	at android.os.Looper.loop(Looper.java:216)
11-26 13:09:28.319 14145 14186 W System.err: 	at android.os.HandlerThread.run(HandlerThread.java:65)
11-26 13:09:28.360 14145 14186 W System.err: java.net.SocketException: Message too long
11-26 13:09:28.360 14145 14186 W System.err: 	at sun.nio.ch.DatagramChannelImpl.send0(Native Method)
11-26 13:09:28.360 14145 14186 W System.err: 	at sun.nio.ch.DatagramChannelImpl.sendFromNativeBuffer(DatagramChannelImpl.java:573)
11-26 13:09:28.360 14145 14186 W System.err: 	at sun.nio.ch.DatagramChannelImpl.send(DatagramChannelImpl.java:550)
11-26 13:09:28.360 14145 14186 W System.err: 	at sun.nio.ch.DatagramChannelImpl.send(DatagramChannelImpl.java:514)
11-26 13:09:28.360 14145 14186 W System.err: 	at symlab.CloudAR.network.TransmissionTask.run(TransmissionTask.java:144)
11-26 13:09:28.360 14145 14186 W System.err: 	at android.os.Handler.handleCallback(Handler.java:907)
11-26 13:09:28.360 14145 14186 W System.err: 	at android.os.Handler.dispatchMessage(Handler.java:105)
11-26 13:09:28.360 14145 14186 W System.err: 	at android.os.Looper.loop(Looper.java:216)
11-26 13:09:28.360 14145 14186 W System.err: 	at android.os.HandlerThread.run(HandlerThread.java:65)
11-26 13:09:28.383 14145 14186 W System.err: java.net.SocketException: Message too long
11-26 13:09:28.383 14145 14186 W System.err: 	at sun.nio.ch.DatagramChannelImpl.send0(Native Method)
11-26 13:09:28.383 14145 14186 W System.err: 	at sun.nio.ch.DatagramChannelImpl.sendFromNativeBuffer(DatagramChannelImpl.java:573)
11-26 13:09:28.383 14145 14186 W System.err: 	at sun.nio.ch.DatagramChannelImpl.send(DatagramChannelImpl.java:550)
11-26 13:09:28.383 14145 14186 W System.err: 	at sun.nio.ch.DatagramChannelImpl.send(DatagramChannelImpl.java:514)
11-26 13:09:28.383 14145 14186 W System.err: 	at symlab.CloudAR.network.TransmissionTask.run(TransmissionTask.java:144)
11-26 13:09:28.383 14145 14186 W System.err: 	at android.os.Handler.handleCallback(Handler.java:907)
11-26 13:09:28.383 14145 14186 W System.err: 	at android.os.Handler.dispatchMessage(Handler.java:105)
11-26 13:09:28.383 14145 14186 W System.err: 	at android.os.Looper.loop(Looper.java:216)
11-26 13:09:28.383 14145 14186 W System.err: 	at android.os.HandlerThread.run(HandlerThread.java:65)
11-26 13:09:28.415 14145 14186 W System.err: java.net.SocketException: Message too long
11-26 13:09:28.415 14145 14186 W System.err: 	at sun.nio.ch.DatagramChannelImpl.send0(Native Method)
11-26 13:09:28.415 14145 14186 W System.err: 	at sun.nio.ch.DatagramChannelImpl.sendFromNativeBuffer(DatagramChannelImpl.java:573)
11-26 13:09:28.415 14145 14186 W System.err: 	at sun.nio.ch.DatagramChannelImpl.send(DatagramChannelImpl.java:550)
11-26 13:09:28.415 14145 14186 W System.err: 	at sun.nio.ch.DatagramChannelImpl.send(DatagramChannelImpl.java:514)
11-26 13:09:28.415 14145 14186 W System.err: 	at symlab.CloudAR.network.TransmissionTask.run(TransmissionTask.java:144)
11-26 13:09:28.415 14145 14186 W System.err: 	at android.os.Handler.handleCallback(Handler.java:907)
11-26 13:09:28.415 14145 14186 W System.err: 	at android.os.Handler.dispatchMessage(Handler.java:105)
11-26 13:09:28.415 14145 14186 W System.err: 	at android.os.Looper.loop(Looper.java:216)
11-26 13:09:28.415 14145 14186 W System.err: 	at android.os.HandlerThread.run(HandlerThread.java:65)
11-26 13:09:28.555 14145 14186 D Evaluation: 2 res for frame 1027 received at 1574766568555
11-26 13:09:28.588 14145 14186 D Evaluation: 2 res for frame 1029 received at 1574766568588
11-26 13:09:28.627 14145 14186 D Evaluation: 3 res for frame 1029 received at 1574766568627
11-26 13:09:28.654 14145 14186 D Evaluation: 3 res for frame 1030 received at 1574766568654
11-26 13:09:28.693 14145 14186 D Evaluation: 3 res for frame 1031 received at 1574766568693
11-26 13:09:28.726 14145 14186 D Evaluation: 3 res for frame 1032 received at 1574766568726
11-26 13:09:28.747 14145 14186 D Evaluation: 3 res for frame 1033 received at 1574766568747
11-26 13:09:28.782 14145 14161 E         : [ZeroHung]zrhung_get_config: Get config failed for wp[0x0008]
11-26 13:09:28.784 14145 14186 D Evaluation: 4 res for frame 1034 received at 1574766568784
11-26 13:09:28.802 14145 14155 W System  : A resource failed to call close. 
11-26 13:09:28.804 14145 14155 I chatty  : uid=10147(symlab.cloudridar.arhud) FinalizerDaemon identical 30 lines
11-26 13:09:28.804 14145 14155 W System  : A resource failed to call close. 
11-26 13:09:28.821 14145 14186 D Evaluation: 3 res for frame 1035 received at 1574766568821
11-26 13:09:28.845 14145 14186 D Evaluation: 5 res for frame 1036 received at 1574766568845
11-26 13:09:28.889 14145 14186 D Evaluation: 4 res for frame 1037 received at 1574766568889
11-26 13:09:28.917 14145 14186 D Evaluation: 4 res for frame 1038 received at 1574766568917
11-26 13:09:28.958 14145 14186 D Evaluation: 4 res for frame 1039 received at 1574766568958
11-26 13:09:28.995 14145 14186 D Evaluation: 2 res for frame 1040 received at 1574766568995
11-26 13:09:29.034 14145 14186 D Evaluation: 3 res for frame 1041 received at 1574766569034
11-26 13:09:29.071 14145 14186 D Evaluation: 3 res for frame 1042 received at 1574766569071
11-26 13:09:29.097 14145 14186 D Evaluation: 2 res for frame 1043 received at 1574766569097
11-26 13:09:29.120 14145 14186 D Evaluation: 2 res for frame 1044 received at 1574766569120
11-26 13:09:29.159 14145 14186 D Evaluation: 2 res for frame 1046 received at 1574766569159
11-26 13:09:29.185 14145 14186 D Evaluation: 2 res for frame 1047 received at 1574766569185
11-26 13:09:29.225 14145 14186 D Evaluation: 2 res for frame 1047 received at 1574766569225
11-26 13:09:29.271 14145 14186 D Evaluation: 2 res for frame 1048 received at 1574766569271
11-26 13:09:29.297 14145 14186 D Evaluation: 2 res for frame 1049 received at 1574766569296
11-26 13:09:29.329 14145 14186 D Evaluation: 2 res for frame 1050 received at 1574766569329
11-26 13:09:29.366 14145 14186 D Evaluation: 3 res for frame 1051 received at 1574766569366
11-26 13:09:29.386 14145 14186 W System.err: java.net.SocketException: Message too long
11-26 13:09:29.386 14145 14186 W System.err: 	at sun.nio.ch.DatagramChannelImpl.send0(Native Method)
11-26 13:09:29.386 14145 14186 W System.err: 	at sun.nio.ch.DatagramChannelImpl.sendFromNativeBuffer(DatagramChannelImpl.java:573)
11-26 13:09:29.386 14145 14186 W System.err: 	at sun.nio.ch.DatagramChannelImpl.send(DatagramChannelImpl.java:550)
11-26 13:09:29.386 14145 14186 W System.err: 	at sun.nio.ch.DatagramChannelImpl.send(DatagramChannelImpl.java:514)
11-26 13:09:29.386 14145 14186 W System.err: 	at symlab.CloudAR.network.TransmissionTask.run(TransmissionTask.java:144)
11-26 13:09:29.386 14145 14186 W System.err: 	at android.os.Handler.handleCallback(Handler.java:907)
11-26 13:09:29.386 14145 14186 W System.err: 	at android.os.Handler.dispatchMessage(Handler.java:105)
11-26 13:09:29.386 14145 14186 W System.err: 	at android.os.Looper.loop(Looper.java:216)
11-26 13:09:29.386 14145 14186 W System.err: 	at android.os.HandlerThread.run(HandlerThread.java:65)
11-26 13:09:29.387 14145 14186 D Evaluation: 4 res for frame 1052 received at 1574766569387
11-26 13:09:29.427 14145 14186 W System.err: java.net.SocketException: Message too long
11-26 13:09:29.427 14145 14186 W System.err: 	at sun.nio.ch.DatagramChannelImpl.send0(Native Method)
11-26 13:09:29.427 14145 14186 W System.err: 	at sun.nio.ch.DatagramChannelImpl.sendFromNativeBuffer(DatagramChannelImpl.java:573)
11-26 13:09:29.427 14145 14186 W System.err: 	at sun.nio.ch.DatagramChannelImpl.send(DatagramChannelImpl.java:550)
11-26 13:09:29.427 14145 14186 W System.err: 	at sun.nio.ch.DatagramChannelImpl.send(DatagramChannelImpl.java:514)
11-26 13:09:29.427 14145 14186 W System.err: 	at symlab.CloudAR.network.TransmissionTask.run(TransmissionTask.java:144)
11-26 13:09:29.427 14145 14186 W System.err: 	at android.os.Handler.handleCallback(Handler.java:907)
11-26 13:09:29.427 14145 14186 W System.err: 	at android.os.Handler.dispatchMessage(Handler.java:105)
11-26 13:09:29.427 14145 14186 W System.err: 	at android.os.Looper.loop(Looper.java:216)
11-26 13:09:29.427 14145 14186 W System.err: 	at android.os.HandlerThread.run(HandlerThread.java:65)
11-26 13:09:29.428 14145 14186 D Evaluation: 4 res for frame 1053 received at 1574766569428
11-26 13:09:29.471 14145 14186 W System.err: java.net.SocketException: Message too long
11-26 13:09:29.471 14145 14186 W System.err: 	at sun.nio.ch.DatagramChannelImpl.send0(Native Method)
11-26 13:09:29.471 14145 14186 W System.err: 	at sun.nio.ch.DatagramChannelImpl.sendFromNativeBuffer(DatagramChannelImpl.java:573)
11-26 13:09:29.471 14145 14186 W System.err: 	at sun.nio.ch.DatagramChannelImpl.send(DatagramChannelImpl.java:550)
11-26 13:09:29.471 14145 14186 W System.err: 	at sun.nio.ch.DatagramChannelImpl.send(DatagramChannelImpl.java:514)
11-26 13:09:29.471 14145 14186 W System.err: 	at symlab.CloudAR.network.TransmissionTask.run(TransmissionTask.java:144)
11-26 13:09:29.471 14145 14186 W System.err: 	at android.os.Handler.handleCallback(Handler.java:907)
11-26 13:09:29.471 14145 14186 W System.err: 	at android.os.Handler.dispatchMessage(Handler.java:105)
11-26 13:09:29.471 14145 14186 W System.err: 	at android.os.Looper.loop(Looper.java:216)
11-26 13:09:29.471 14145 14186 W System.err: 	at android.os.HandlerThread.run(HandlerThread.java:65)
11-26 13:09:29.473 14145 14186 D Evaluation: 5 res for frame 1055 received at 1574766569473
11-26 13:09:29.494 14145 14186 W System.err: java.net.SocketException: Message too long
11-26 13:09:29.494 14145 14186 W System.err: 	at sun.nio.ch.DatagramChannelImpl.send0(Native Method)
11-26 13:09:29.494 14145 14186 W System.err: 	at sun.nio.ch.DatagramChannelImpl.sendFromNativeBuffer(DatagramChannelImpl.java:573)
11-26 13:09:29.494 14145 14186 W System.err: 	at sun.nio.ch.DatagramChannelImpl.send(DatagramChannelImpl.java:550)
11-26 13:09:29.494 14145 14186 W System.err: 	at sun.nio.ch.DatagramChannelImpl.send(DatagramChannelImpl.java:514)
11-26 13:09:29.494 14145 14186 W System.err: 	at symlab.CloudAR.network.TransmissionTask.run(TransmissionTask.java:144)
11-26 13:09:29.494 14145 14186 W System.err: 	at android.os.Handler.handleCallback(Handler.java:907)
11-26 13:09:29.494 14145 14186 W System.err: 	at android.os.Handler.dispatchMessage(Handler.java:105)
11-26 13:09:29.494 14145 14186 W System.err: 	at android.os.Looper.loop(Looper.java:216)
11-26 13:09:29.494 14145 14186 W System.err: 	at android.os.HandlerThread.run(HandlerThread.java:65)
11-26 13:09:29.526 14145 14186 W System.err: java.net.SocketException: Message too long
11-26 13:09:29.526 14145 14186 W System.err: 	at sun.nio.ch.DatagramChannelImpl.send0(Native Method)
11-26 13:09:29.526 14145 14186 W System.err: 	at sun.nio.ch.DatagramChannelImpl.sendFromNativeBuffer(DatagramChannelImpl.java:573)
11-26 13:09:29.526 14145 14186 W System.err: 	at sun.nio.ch.DatagramChannelImpl.send(DatagramChannelImpl.java:550)
11-26 13:09:29.526 14145 14186 W System.err: 	at sun.nio.ch.DatagramChannelImpl.send(DatagramChannelImpl.java:514)
11-26 13:09:29.526 14145 14186 W System.err: 	at symlab.CloudAR.network.TransmissionTask.run(TransmissionTask.java:144)
11-26 13:09:29.526 14145 14186 W System.err: 	at android.os.Handler.handleCallback(Handler.java:907)
11-26 13:09:29.526 14145 14186 W System.err: 	at android.os.Handler.dispatchMessage(Handler.java:105)
11-26 13:09:29.526 14145 14186 W System.err: 	at android.os.Looper.loop(Looper.java:216)
11-26 13:09:29.526 14145 14186 W System.err: 	at android.os.HandlerThread.run(HandlerThread.java:65)
11-26 13:09:29.555 14145 14186 W System.err: java.net.SocketException: Message too long
11-26 13:09:29.555 14145 14186 W System.err: 	at sun.nio.ch.DatagramChannelImpl.send0(Native Method)
11-26 13:09:29.555 14145 14186 W System.err: 	at sun.nio.ch.DatagramChannelImpl.sendFromNativeBuffer(DatagramChannelImpl.java:573)
11-26 13:09:29.555 14145 14186 W System.err: 	at sun.nio.ch.DatagramChannelImpl.send(DatagramChannelImpl.java:550)
11-26 13:09:29.555 14145 14186 W System.err: 	at sun.nio.ch.DatagramChannelImpl.send(DatagramChannelImpl.java:514)
11-26 13:09:29.555 14145 14186 W System.err: 	at symlab.CloudAR.network.TransmissionTask.run(TransmissionTask.java:144)
11-26 13:09:29.555 14145 14186 W System.err: 	at android.os.Handler.handleCallback(Handler.java:907)
11-26 13:09:29.555 14145 14186 W System.err: 	at android.os.Handler.dispatchMessage(Handler.java:105)
11-26 13:09:29.555 14145 14186 W System.err: 	at android.os.Looper.loop(Looper.java:216)
11-26 13:09:29.555 14145 14186 W System.err: 	at android.os.HandlerThread.run(HandlerThread.java:65)
11-26 13:09:29.599 14145 14186 W System.err: java.net.SocketException: Message too long
11-26 13:09:29.599 14145 14186 W System.err: 	at sun.nio.ch.DatagramChannelImpl.send0(Native Method)
11-26 13:09:29.599 14145 14186 W System.err: 	at sun.nio.ch.DatagramChannelImpl.sendFromNativeBuffer(DatagramChannelImpl.java:573)
11-26 13:09:29.599 14145 14186 W System.err: 	at sun.nio.ch.DatagramChannelImpl.send(DatagramChannelImpl.java:550)
11-26 13:09:29.599 14145 14186 W System.err: 	at sun.nio.ch.DatagramChannelImpl.send(DatagramChannelImpl.java:514)
11-26 13:09:29.599 14145 14186 W System.err: 	at symlab.CloudAR.network.TransmissionTask.run(TransmissionTask.java:144)
11-26 13:09:29.599 14145 14186 W System.err: 	at android.os.Handler.handleCallback(Handler.java:907)
11-26 13:09:29.599 14145 14186 W System.err: 	at android.os.Handler.dispatchMessage(Handler.java:105)
11-26 13:09:29.600 14145 14186 W System.err: 	at android.os.Looper.loop(Looper.java:216)
11-26 13:09:29.600 14145 14186 W System.err: 	at android.os.HandlerThread.run(HandlerThread.java:65)
11-26 13:09:29.628 14145 14161 E         : [ZeroHung]zrhung_get_config: Get config failed for wp[0x0008]
11-26 13:09:29.629 14145 14186 W System.err: java.net.SocketException: Message too long
11-26 13:09:29.629 14145 14186 W System.err: 	at sun.nio.ch.DatagramChannelImpl.send0(Native Method)
11-26 13:09:29.629 14145 14186 W System.err: 	at sun.nio.ch.DatagramChannelImpl.sendFromNativeBuffer(DatagramChannelImpl.java:573)
11-26 13:09:29.629 14145 14186 W System.err: 	at sun.nio.ch.DatagramChannelImpl.send(DatagramChannelImpl.java:550)
11-26 13:09:29.629 14145 14186 W System.err: 	at sun.nio.ch.DatagramChannelImpl.send(DatagramChannelImpl.java:514)
11-26 13:09:29.629 14145 14186 W System.err: 	at symlab.CloudAR.network.TransmissionTask.run(TransmissionTask.java:144)
11-26 13:09:29.629 14145 14186 W System.err: 	at android.os.Handler.handleCallback(Handler.java:907)
11-26 13:09:29.629 14145 14186 W System.err: 	at android.os.Handler.dispatchMessage(Handler.java:105)
11-26 13:09:29.629 14145 14186 W System.err: 	at android.os.Looper.loop(Looper.java:216)
11-26 13:09:29.629 14145 14186 W System.err: 	at android.os.HandlerThread.run(HandlerThread.java:65)
11-26 13:09:29.647 14145 14155 W System  : A resource failed to call close. 
11-26 13:09:29.651 14145 14155 I chatty  : uid=10147(symlab.cloudridar.arhud) FinalizerDaemon identical 37 lines
11-26 13:09:29.651 14145 14155 W System  : A resource failed to call close. 
11-26 13:09:29.651 14145 14155 W System  : A resource failed to call close. 
11-26 13:09:29.651 14145 14155 I chatty  : uid=10147(symlab.cloudridar.arhud) FinalizerDaemon identical 5 lines
11-26 13:09:29.651 14145 14155 W System  : A resource failed to call close. 
11-26 13:09:29.695 14145 14186 W System.err: java.net.SocketException: Message too long
11-26 13:09:29.695 14145 14186 W System.err: 	at sun.nio.ch.DatagramChannelImpl.send0(Native Method)
11-26 13:09:29.695 14145 14186 W System.err: 	at sun.nio.ch.DatagramChannelImpl.sendFromNativeBuffer(DatagramChannelImpl.java:573)
11-26 13:09:29.695 14145 14186 W System.err: 	at sun.nio.ch.DatagramChannelImpl.send(DatagramChannelImpl.java:550)
11-26 13:09:29.695 14145 14186 W System.err: 	at sun.nio.ch.DatagramChannelImpl.send(DatagramChannelImpl.java:514)
11-26 13:09:29.695 14145 14186 W System.err: 	at symlab.CloudAR.network.TransmissionTask.run(TransmissionTask.java:144)
11-26 13:09:29.695 14145 14186 W System.err: 	at android.os.Handler.handleCallback(Handler.java:907)
11-26 13:09:29.695 14145 14186 W System.err: 	at android.os.Handler.dispatchMessage(Handler.java:105)
11-26 13:09:29.695 14145 14186 W System.err: 	at android.os.Looper.loop(Looper.java:216)
11-26 13:09:29.695 14145 14186 W System.err: 	at android.os.HandlerThread.run(HandlerThread.java:65)
11-26 13:09:29.731 14145 14186 W System.err: java.net.SocketException: Message too long
11-26 13:09:29.731 14145 14186 W System.err: 	at sun.nio.ch.DatagramChannelImpl.send0(Native Method)
11-26 13:09:29.731 14145 14186 W System.err: 	at sun.nio.ch.DatagramChannelImpl.sendFromNativeBuffer(DatagramChannelImpl.java:573)
11-26 13:09:29.731 14145 14186 W System.err: 	at sun.nio.ch.DatagramChannelImpl.send(DatagramChannelImpl.java:550)
11-26 13:09:29.732 14145 14186 W System.err: 	at sun.nio.ch.DatagramChannelImpl.send(DatagramChannelImpl.java:514)
11-26 13:09:29.732 14145 14186 W System.err: 	at symlab.CloudAR.network.TransmissionTask.run(TransmissionTask.java:144)
11-26 13:09:29.732 14145 14186 W System.err: 	at android.os.Handler.handleCallback(Handler.java:907)
11-26 13:09:29.732 14145 14186 W System.err: 	at android.os.Handler.dispatchMessage(Handler.java:105)
11-26 13:09:29.732 14145 14186 W System.err: 	at android.os.Looper.loop(Looper.java:216)
11-26 13:09:29.732 14145 14186 W System.err: 	at android.os.HandlerThread.run(HandlerThread.java:65)
11-26 13:09:29.774 14145 14186 D Evaluation: 3 res for frame 1063 received at 1574766569774
11-26 13:09:29.802 14145 14186 W System.err: java.net.SocketException: Message too long
11-26 13:09:29.802 14145 14186 W System.err: 	at sun.nio.ch.DatagramChannelImpl.send0(Native Method)
11-26 13:09:29.802 14145 14186 W System.err: 	at sun.nio.ch.DatagramChannelImpl.sendFromNativeBuffer(DatagramChannelImpl.java:573)
11-26 13:09:29.802 14145 14186 W System.err: 	at sun.nio.ch.DatagramChannelImpl.send(DatagramChannelImpl.java:550)
11-26 13:09:29.802 14145 14186 W System.err: 	at sun.nio.ch.DatagramChannelImpl.send(DatagramChannelImpl.java:514)
11-26 13:09:29.802 14145 14186 W System.err: 	at symlab.CloudAR.network.TransmissionTask.run(TransmissionTask.java:144)
11-26 13:09:29.802 14145 14186 W System.err: 	at android.os.Handler.handleCallback(Handler.java:907)
11-26 13:09:29.802 14145 14186 W System.err: 	at android.os.Handler.dispatchMessage(Handler.java:105)
11-26 13:09:29.802 14145 14186 W System.err: 	at android.os.Looper.loop(Looper.java:216)
11-26 13:09:29.802 14145 14186 W System.err: 	at android.os.HandlerThread.run(HandlerThread.java:65)
11-26 13:09:29.825 14145 14186 W System.err: java.net.SocketException: Message too long
11-26 13:09:29.825 14145 14186 W System.err: 	at sun.nio.ch.DatagramChannelImpl.send0(Native Method)
11-26 13:09:29.825 14145 14186 W System.err: 	at sun.nio.ch.DatagramChannelImpl.sendFromNativeBuffer(DatagramChannelImpl.java:573)
11-26 13:09:29.825 14145 14186 W System.err: 	at sun.nio.ch.DatagramChannelImpl.send(DatagramChannelImpl.java:550)
11-26 13:09:29.825 14145 14186 W System.err: 	at sun.nio.ch.DatagramChannelImpl.send(DatagramChannelImpl.java:514)
11-26 13:09:29.825 14145 14186 W System.err: 	at symlab.CloudAR.network.TransmissionTask.run(TransmissionTask.java:144)
11-26 13:09:29.825 14145 14186 W System.err: 	at android.os.Handler.handleCallback(Handler.java:907)
11-26 13:09:29.825 14145 14186 W System.err: 	at android.os.Handler.dispatchMessage(Handler.java:105)
11-26 13:09:29.825 14145 14186 W System.err: 	at android.os.Looper.loop(Looper.java:216)
11-26 13:09:29.825 14145 14186 W System.err: 	at android.os.HandlerThread.run(HandlerThread.java:65)
11-26 13:09:29.947 14145 14186 D Evaluation: 2 res for frame 1069 received at 1574766569947
11-26 13:09:29.969 14145 14186 D Evaluation: 2 res for frame 1070 received at 1574766569969
11-26 13:09:30.029 14145 14186 D Evaluation: 2 res for frame 1072 received at 1574766570029
11-26 13:09:30.106 14145 14186 D Evaluation: 2 res for frame 1072 received at 1574766570106
11-26 13:09:30.146 14145 14186 D Evaluation: 2 res for frame 1073 received at 1574766570146
11-26 13:09:30.166 14145 14186 D Evaluation: 3 res for frame 1074 received at 1574766570166
11-26 13:09:30.186 14145 14186 D Evaluation: 2 res for frame 1075 received at 1574766570186
11-26 13:09:30.219 14145 14186 D Evaluation: 3 res for frame 1076 received at 1574766570219
11-26 13:09:30.267 14145 14186 D Evaluation: 3 res for frame 1078 received at 1574766570267
11-26 13:09:30.301 14145 14186 D Evaluation: 3 res for frame 1078 received at 1574766570301
11-26 13:09:30.354 14145 14186 D Evaluation: 3 res for frame 1079 received at 1574766570354
11-26 13:09:30.376 14145 14186 D Evaluation: 3 res for frame 1080 received at 1574766570376
11-26 13:09:30.402 14145 14186 D Evaluation: 3 res for frame 1081 received at 1574766570402
11-26 13:09:30.430 14145 14186 D Evaluation: 3 res for frame 1082 received at 1574766570430
11-26 13:09:30.474 14145 14161 E         : [ZeroHung]zrhung_get_config: Get config failed for wp[0x0008]
11-26 13:09:30.476 14145 14186 D Evaluation: 4 res for frame 1084 received at 1574766570476
11-26 13:09:30.493 14145 14155 W System  : A resource failed to call close. 
11-26 13:09:30.494 14145 14155 W System  : A resource failed to call close. 
11-26 13:09:30.494 14145 14155 W System  : A resource failed to call close. 
11-26 13:09:30.494 14145 14155 W System  : A resource failed to call close. 
11-26 13:09:30.494 14145 14155 W System  : A resource failed to call close. 
11-26 13:09:30.494 14145 14155 W System  : A resource failed to call close. 
11-26 13:09:30.494 14145 14155 I chatty  : uid=10147(symlab.cloudridar.arhud) FinalizerDaemon identical 3 lines
11-26 13:09:30.494 14145 14155 W System  : A resource failed to call close. 
11-26 13:09:30.494 14145 14155 W System  : A resource failed to call close. 
11-26 13:09:30.494 14145 14155 I chatty  : uid=10147(symlab.cloudridar.arhud) FinalizerDaemon identical 4 lines
11-26 13:09:30.494 14145 14155 W System  : A resource failed to call close. 
11-26 13:09:30.494 14145 14155 W System  : A resource failed to call close. 
11-26 13:09:30.494 14145 14155 I chatty  : uid=10147(symlab.cloudridar.arhud) FinalizerDaemon identical 1 line
11-26 13:09:30.494 14145 14155 W System  : A resource failed to call close. 
11-26 13:09:30.494 14145 14155 W System  : A resource failed to call close. 
11-26 13:09:30.495 14145 14155 I chatty  : uid=10147(symlab.cloudridar.arhud) FinalizerDaemon identical 19 lines
11-26 13:09:30.495 14145 14155 W System  : A resource failed to call close. 
11-26 13:09:30.510 14145 14186 D Evaluation: 4 res for frame 1084 received at 1574766570510
11-26 13:09:30.536 14145 14186 D Evaluation: 2 res for frame 1085 received at 1574766570536
11-26 13:09:30.569 14145 14186 D Evaluation: 2 res for frame 1086 received at 1574766570569
11-26 13:09:30.594 14145 14186 D Evaluation: 3 res for frame 1087 received at 1574766570594
11-26 13:09:30.638 14145 14186 D Evaluation: 3 res for frame 1089 received at 1574766570637
11-26 13:09:30.679 14145 14186 D Evaluation: 2 res for frame 1089 received at 1574766570679
11-26 13:09:30.702 14145 14186 D Evaluation: 3 res for frame 1090 received at 1574766570702
11-26 13:09:30.739 14145 14186 D Evaluation: 2 res for frame 1091 received at 1574766570739
11-26 13:09:30.770 14145 14186 D Evaluation: 3 res for frame 1092 received at 1574766570770
11-26 13:09:30.814 14145 14186 D Evaluation: 4 res for frame 1094 received at 1574766570814
11-26 13:09:30.844 14145 14186 D Evaluation: 3 res for frame 1094 received at 1574766570844
11-26 13:09:30.865 14145 14186 D Evaluation: 4 res for frame 1095 received at 1574766570865
11-26 13:09:30.908 14145 14186 D Evaluation: 4 res for frame 1096 received at 1574766570908
11-26 13:09:30.934 14145 14186 D Evaluation: 3 res for frame 1097 received at 1574766570934
11-26 13:09:30.973 14145 14186 D Evaluation: 3 res for frame 1099 received at 1574766570973
11-26 13:09:31.012 14145 14186 D Evaluation: 2 res for frame 1099 received at 1574766571012
11-26 13:09:31.043 14145 14186 D Evaluation: 2 res for frame 1100 received at 1574766571043
11-26 13:09:31.077 14145 14186 D Evaluation: 3 res for frame 1101 received at 1574766571077
11-26 13:09:31.106 14145 14186 W System.err: java.net.SocketException: Message too long
11-26 13:09:31.106 14145 14186 W System.err: 	at sun.nio.ch.DatagramChannelImpl.send0(Native Method)
11-26 13:09:31.107 14145 14186 W System.err: 	at sun.nio.ch.DatagramChannelImpl.sendFromNativeBuffer(DatagramChannelImpl.java:573)
11-26 13:09:31.107 14145 14186 W System.err: 	at sun.nio.ch.DatagramChannelImpl.send(DatagramChannelImpl.java:550)
11-26 13:09:31.107 14145 14186 W System.err: 	at sun.nio.ch.DatagramChannelImpl.send(DatagramChannelImpl.java:514)
11-26 13:09:31.107 14145 14186 W System.err: 	at symlab.CloudAR.network.TransmissionTask.run(TransmissionTask.java:144)
11-26 13:09:31.107 14145 14186 W System.err: 	at android.os.Handler.handleCallback(Handler.java:907)
11-26 13:09:31.107 14145 14186 W System.err: 	at android.os.Handler.dispatchMessage(Handler.java:105)
11-26 13:09:31.107 14145 14186 W System.err: 	at android.os.Looper.loop(Looper.java:216)
11-26 13:09:31.107 14145 14186 W System.err: 	at android.os.HandlerThread.run(HandlerThread.java:65)
11-26 13:09:31.108 14145 14186 D Evaluation: 4 res for frame 1102 received at 1574766571108
11-26 13:09:31.148 14145 14186 D Evaluation: 4 res for frame 1103 received at 1574766571147
11-26 13:09:31.183 14145 14186 W System.err: java.net.SocketException: Message too long
11-26 13:09:31.184 14145 14186 W System.err: 	at sun.nio.ch.DatagramChannelImpl.send0(Native Method)
11-26 13:09:31.184 14145 14186 W System.err: 	at sun.nio.ch.DatagramChannelImpl.sendFromNativeBuffer(DatagramChannelImpl.java:573)
11-26 13:09:31.184 14145 14186 W System.err: 	at sun.nio.ch.DatagramChannelImpl.send(DatagramChannelImpl.java:550)
11-26 13:09:31.184 14145 14186 W System.err: 	at sun.nio.ch.DatagramChannelImpl.send(DatagramChannelImpl.java:514)
11-26 13:09:31.184 14145 14186 W System.err: 	at symlab.CloudAR.network.TransmissionTask.run(TransmissionTask.java:144)
11-26 13:09:31.184 14145 14186 W System.err: 	at android.os.Handler.handleCallback(Handler.java:907)
11-26 13:09:31.184 14145 14186 W System.err: 	at android.os.Handler.dispatchMessage(Handler.java:105)
11-26 13:09:31.184 14145 14186 W System.err: 	at android.os.Looper.loop(Looper.java:216)
11-26 13:09:31.184 14145 14186 W System.err: 	at android.os.HandlerThread.run(HandlerThread.java:65)
11-26 13:09:31.185 14145 14186 D Evaluation: 4 res for frame 1104 received at 1574766571185
11-26 13:09:31.203 14145 14186 W System.err: java.net.SocketException: Message too long
11-26 13:09:31.203 14145 14186 W System.err: 	at sun.nio.ch.DatagramChannelImpl.send0(Native Method)
11-26 13:09:31.203 14145 14186 W System.err: 	at sun.nio.ch.DatagramChannelImpl.sendFromNativeBuffer(DatagramChannelImpl.java:573)
11-26 13:09:31.203 14145 14186 W System.err: 	at sun.nio.ch.DatagramChannelImpl.send(DatagramChannelImpl.java:550)
11-26 13:09:31.203 14145 14186 W System.err: 	at sun.nio.ch.DatagramChannelImpl.send(DatagramChannelImpl.java:514)
11-26 13:09:31.203 14145 14186 W System.err: 	at symlab.CloudAR.network.TransmissionTask.run(TransmissionTask.java:144)
11-26 13:09:31.203 14145 14186 W System.err: 	at android.os.Handler.handleCallback(Handler.java:907)
11-26 13:09:31.203 14145 14186 W System.err: 	at android.os.Handler.dispatchMessage(Handler.java:105)
11-26 13:09:31.203 14145 14186 W System.err: 	at android.os.Looper.loop(Looper.java:216)
11-26 13:09:31.203 14145 14186 W System.err: 	at android.os.HandlerThread.run(HandlerThread.java:65)
11-26 13:09:31.205 14145 14186 D Evaluation: 4 res for frame 1105 received at 1574766571205
11-26 13:09:31.229 14145 14186 W System.err: java.net.SocketException: Message too long
11-26 13:09:31.229 14145 14186 W System.err: 	at sun.nio.ch.DatagramChannelImpl.send0(Native Method)
11-26 13:09:31.229 14145 14186 W System.err: 	at sun.nio.ch.DatagramChannelImpl.sendFromNativeBuffer(DatagramChannelImpl.java:573)
11-26 13:09:31.230 14145 14186 W System.err: 	at sun.nio.ch.DatagramChannelImpl.send(DatagramChannelImpl.java:550)
11-26 13:09:31.230 14145 14186 W System.err: 	at sun.nio.ch.DatagramChannelImpl.send(DatagramChannelImpl.java:514)
11-26 13:09:31.230 14145 14186 W System.err: 	at symlab.CloudAR.network.TransmissionTask.run(TransmissionTask.java:144)
11-26 13:09:31.230 14145 14186 W System.err: 	at android.os.Handler.handleCallback(Handler.java:907)
11-26 13:09:31.230 14145 14186 W System.err: 	at android.os.Handler.dispatchMessage(Handler.java:105)
11-26 13:09:31.230 14145 14186 W System.err: 	at android.os.Looper.loop(Looper.java:216)
11-26 13:09:31.230 14145 14186 W System.err: 	at android.os.HandlerThread.run(HandlerThread.java:65)
11-26 13:09:31.231 14145 14186 D Evaluation: 4 res for frame 1107 received at 1574766571231
11-26 13:09:31.273 14145 14161 E         : [ZeroHung]zrhung_get_config: Get config failed for wp[0x0008]
11-26 13:09:31.292 14145 14155 W System  : A resource failed to call close. 
11-26 13:09:31.294 14145 14155 I chatty  : uid=10147(symlab.cloudridar.arhud) FinalizerDaemon identical 46 lines
11-26 13:09:31.294 14145 14155 W System  : A resource failed to call close. 
11-26 13:09:31.392 14145 14186 D Evaluation: 3 res for frame 1111 received at 1574766571392
11-26 13:09:31.417 14145 14186 D Evaluation: 4 res for frame 1112 received at 1574766571417
11-26 13:09:31.486 14145 14186 D Evaluation: 4 res for frame 1113 received at 1574766571486
11-26 13:09:31.511 14145 14186 D Evaluation: 4 res for frame 1114 received at 1574766571511
11-26 13:09:31.537 14145 14186 D Evaluation: 4 res for frame 1115 received at 1574766571537
11-26 13:09:31.588 14145 14186 D Evaluation: 3 res for frame 1116 received at 1574766571588
11-26 13:09:31.608 14145 14186 D Evaluation: 3 res for frame 1117 received at 1574766571608
11-26 13:09:31.640 14145 14186 D Evaluation: 3 res for frame 1118 received at 1574766571640
11-26 13:09:31.670 14145 14186 D Evaluation: 3 res for frame 1119 received at 1574766571670
11-26 13:09:31.718 14145 14186 D Evaluation: 3 res for frame 1120 received at 1574766571718
11-26 13:09:31.752 14145 14186 D Evaluation: 4 res for frame 1121 received at 1574766571752
11-26 13:09:31.787 14145 14186 D Evaluation: 3 res for frame 1122 received at 1574766571787
11-26 13:09:31.808 14145 14186 D Evaluation: 3 res for frame 1123 received at 1574766571808
11-26 13:09:31.850 14145 14186 D Evaluation: 2 res for frame 1124 received at 1574766571850
11-26 13:09:31.875 14145 14186 D Evaluation: 2 res for frame 1126 received at 1574766571875
11-26 13:09:31.920 14145 14186 D Evaluation: 2 res for frame 1126 received at 1574766571920
11-26 13:09:32.052 14145 14186 W System.err: java.net.SocketException: Message too long
11-26 13:09:32.052 14145 14186 W System.err: 	at sun.nio.ch.DatagramChannelImpl.send0(Native Method)
11-26 13:09:32.052 14145 14186 W System.err: 	at sun.nio.ch.DatagramChannelImpl.sendFromNativeBuffer(DatagramChannelImpl.java:573)
11-26 13:09:32.052 14145 14186 W System.err: 	at sun.nio.ch.DatagramChannelImpl.send(DatagramChannelImpl.java:550)
11-26 13:09:32.052 14145 14186 W System.err: 	at sun.nio.ch.DatagramChannelImpl.send(DatagramChannelImpl.java:514)
11-26 13:09:32.052 14145 14186 W System.err: 	at symlab.CloudAR.network.TransmissionTask.run(TransmissionTask.java:144)
11-26 13:09:32.052 14145 14186 W System.err: 	at android.os.Handler.handleCallback(Handler.java:907)
11-26 13:09:32.052 14145 14186 W System.err: 	at android.os.Handler.dispatchMessage(Handler.java:105)
11-26 13:09:32.052 14145 14186 W System.err: 	at android.os.Looper.loop(Looper.java:216)
11-26 13:09:32.052 14145 14186 W System.err: 	at android.os.HandlerThread.run(HandlerThread.java:65)
11-26 13:09:32.090 14145 14186 W System.err: java.net.SocketException: Message too long
11-26 13:09:32.091 14145 14186 W System.err: 	at sun.nio.ch.DatagramChannelImpl.send0(Native Method)
11-26 13:09:32.091 14145 14186 W System.err: 	at sun.nio.ch.DatagramChannelImpl.sendFromNativeBuffer(DatagramChannelImpl.java:573)
11-26 13:09:32.091 14145 14186 W System.err: 	at sun.nio.ch.DatagramChannelImpl.send(DatagramChannelImpl.java:550)
11-26 13:09:32.091 14145 14186 W System.err: 	at sun.nio.ch.DatagramChannelImpl.send(DatagramChannelImpl.java:514)
11-26 13:09:32.091 14145 14186 W System.err: 	at symlab.CloudAR.network.TransmissionTask.run(TransmissionTask.java:144)
11-26 13:09:32.091 14145 14186 W System.err: 	at android.os.Handler.handleCallback(Handler.java:907)
11-26 13:09:32.091 14145 14186 W System.err: 	at android.os.Handler.dispatchMessage(Handler.java:105)
11-26 13:09:32.091 14145 14186 W System.err: 	at android.os.Looper.loop(Looper.java:216)
11-26 13:09:32.091 14145 14186 W System.err: 	at android.os.HandlerThread.run(HandlerThread.java:65)
11-26 13:09:32.115 14145 14186 W System.err: java.net.SocketException: Message too long
11-26 13:09:32.115 14145 14186 W System.err: 	at sun.nio.ch.DatagramChannelImpl.send0(Native Method)
11-26 13:09:32.115 14145 14186 W System.err: 	at sun.nio.ch.DatagramChannelImpl.sendFromNativeBuffer(DatagramChannelImpl.java:573)
11-26 13:09:32.115 14145 14186 W System.err: 	at sun.nio.ch.DatagramChannelImpl.send(DatagramChannelImpl.java:550)
11-26 13:09:32.115 14145 14186 W System.err: 	at sun.nio.ch.DatagramChannelImpl.send(DatagramChannelImpl.java:514)
11-26 13:09:32.115 14145 14186 W System.err: 	at symlab.CloudAR.network.TransmissionTask.run(TransmissionTask.java:144)
11-26 13:09:32.115 14145 14186 W System.err: 	at android.os.Handler.handleCallback(Handler.java:907)
11-26 13:09:32.115 14145 14186 W System.err: 	at android.os.Handler.dispatchMessage(Handler.java:105)
11-26 13:09:32.115 14145 14186 W System.err: 	at android.os.Looper.loop(Looper.java:216)
11-26 13:09:32.115 14145 14186 W System.err: 	at android.os.HandlerThread.run(HandlerThread.java:65)
