11-26 13:08:59.470 14145 14186 W System.err: java.net.SocketException: Message too long
11-26 13:08:59.470 14145 14186 W System.err: 	at sun.nio.ch.DatagramChannelImpl.send0(Native Method)
11-26 13:08:59.470 14145 14186 W System.err: 	at sun.nio.ch.DatagramChannelImpl.sendFromNativeBuffer(DatagramChannelImpl.java:573)
11-26 13:08:59.470 14145 14186 W System.err: 	at sun.nio.ch.DatagramChannelImpl.send(DatagramChannelImpl.java:550)
11-26 13:08:59.470 14145 14186 W System.err: 	at sun.nio.ch.DatagramChannelImpl.send(DatagramChannelImpl.java:514)
11-26 13:08:59.470 14145 14186 W System.err: 	at symlab.CloudAR.network.TransmissionTask.run(TransmissionTask.java:144)
11-26 13:08:59.470 14145 14186 W System.err: 	at android.os.Handler.handleCallback(Handler.java:907)
11-26 13:08:59.470 14145 14186 W System.err: 	at android.os.Handler.dispatchMessage(Handler.java:105)
11-26 13:08:59.470 14145 14186 W System.err: 	at android.os.Looper.loop(Looper.java:216)
11-26 13:08:59.470 14145 14186 W System.err: 	at android.os.HandlerThread.run(HandlerThread.java:65)
11-26 13:08:59.496 14145 14186 W System.err: java.net.SocketException: Message too long
11-26 13:08:59.496 14145 14186 W System.err: 	at sun.nio.ch.DatagramChannelImpl.send0(Native Method)
11-26 13:08:59.496 14145 14186 W System.err: 	at sun.nio.ch.DatagramChannelImpl.sendFromNativeBuffer(DatagramChannelImpl.java:573)
11-26 13:08:59.496 14145 14186 W System.err: 	at sun.nio.ch.DatagramChannelImpl.send(DatagramChannelImpl.java:550)
11-26 13:08:59.497 14145 14186 W System.err: 	at sun.nio.ch.DatagramChannelImpl.send(DatagramChannelImpl.java:514)
11-26 13:08:59.497 14145 14186 W System.err: 	at symlab.CloudAR.network.TransmissionTask.run(TransmissionTask.java:144)
11-26 13:08:59.497 14145 14186 W System.err: 	at android.os.Handler.handleCallback(Handler.java:907)
11-26 13:08:59.497 14145 14186 W System.err: 	at android.os.Handler.dispatchMessage(Handler.java:105)
11-26 13:08:59.497 14145 14186 W System.err: 	at android.os.Looper.loop(Looper.java:216)
11-26 13:08:59.497 14145 14186 W System.err: 	at android.os.HandlerThread.run(HandlerThread.java:65)
11-26 13:08:59.532 14145 14186 W System.err: java.net.SocketException: Message too long
11-26 13:08:59.532 14145 14186 W System.err: 	at sun.nio.ch.DatagramChannelImpl.send0(Native Method)
11-26 13:08:59.532 14145 14186 W System.err: 	at sun.nio.ch.DatagramChannelImpl.sendFromNativeBuffer(DatagramChannelImpl.java:573)
11-26 13:08:59.532 14145 14186 W System.err: 	at sun.nio.ch.DatagramChannelImpl.send(DatagramChannelImpl.java:550)
11-26 13:08:59.532 14145 14186 W System.err: 	at sun.nio.ch.DatagramChannelImpl.send(DatagramChannelImpl.java:514)
11-26 13:08:59.532 14145 14186 W System.err: 	at symlab.CloudAR.network.TransmissionTask.run(TransmissionTask.java:144)
11-26 13:08:59.532 14145 14186 W System.err: 	at android.os.Handler.handleCallback(Handler.java:907)
11-26 13:08:59.532 14145 14186 W System.err: 	at android.os.Handler.dispatchMessage(Handler.java:105)
11-26 13:08:59.532 14145 14186 W System.err: 	at android.os.Looper.loop(Looper.java:216)
11-26 13:08:59.532 14145 14186 W System.err: 	at android.os.HandlerThread.run(HandlerThread.java:65)
11-26 13:08:59.533 14145 14186 D Evaluation: 4 res for frame 188 received at 1574766539533
11-26 13:08:59.579 14145 14186 W System.err: java.net.SocketException: Message too long
11-26 13:08:59.579 14145 14186 W System.err: 	at sun.nio.ch.DatagramChannelImpl.send0(Native Method)
11-26 13:08:59.579 14145 14186 W System.err: 	at sun.nio.ch.DatagramChannelImpl.sendFromNativeBuffer(DatagramChannelImpl.java:573)
11-26 13:08:59.579 14145 14186 W System.err: 	at sun.nio.ch.DatagramChannelImpl.send(DatagramChannelImpl.java:550)
11-26 13:08:59.579 14145 14186 W System.err: 	at sun.nio.ch.DatagramChannelImpl.send(DatagramChannelImpl.java:514)
11-26 13:08:59.579 14145 14186 W System.err: 	at symlab.CloudAR.network.TransmissionTask.run(TransmissionTask.java:144)
11-26 13:08:59.579 14145 14186 W System.err: 	at android.os.Handler.handleCallback(Handler.java:907)
11-26 13:08:59.579 14145 14186 W System.err: 	at android.os.Handler.dispatchMessage(Handler.java:105)
11-26 13:08:59.579 14145 14186 W System.err: 	at android.os.Looper.loop(Looper.java:216)
11-26 13:08:59.579 14145 14186 W System.err: 	at android.os.HandlerThread.run(HandlerThread.java:65)
11-26 13:08:59.609 14145 14186 W System.err: java.net.SocketException: Message too long
11-26 13:08:59.609 14145 14186 W System.err: 	at sun.nio.ch.DatagramChannelImpl.send0(Native Method)
11-26 13:08:59.609 14145 14186 W System.err: 	at sun.nio.ch.DatagramChannelImpl.sendFromNativeBuffer(DatagramChannelImpl.java:573)
11-26 13:08:59.609 14145 14186 W System.err: 	at sun.nio.ch.DatagramChannelImpl.send(DatagramChannelImpl.java:550)
11-26 13:08:59.609 14145 14186 W System.err: 	at sun.nio.ch.DatagramChannelImpl.send(DatagramChannelImpl.java:514)
11-26 13:08:59.609 14145 14186 W System.err: 	at symlab.CloudAR.network.TransmissionTask.run(TransmissionTask.java:144)
11-26 13:08:59.609 14145 14186 W System.err: 	at android.os.Handler.handleCallback(Handler.java:907)
11-26 13:08:59.609 14145 14186 W System.err: 	at android.os.Handler.dispatchMessage(Handler.java:105)
11-26 13:08:59.609 14145 14186 W System.err: 	at android.os.Looper.loop(Looper.java:216)
11-26 13:08:59.609 14145 14186 W System.err: 	at android.os.HandlerThread.run(HandlerThread.java:65)
11-26 13:08:59.632 14145 14186 W System.err: java.net.SocketException: Message too long
11-26 13:08:59.632 14145 14186 W System.err: 	at sun.nio.ch.DatagramChannelImpl.send0(Native Method)
11-26 13:08:59.632 14145 14186 W System.err: 	at sun.nio.ch.DatagramChannelImpl.sendFromNativeBuffer(DatagramChannelImpl.java:573)
11-26 13:08:59.632 14145 14186 W System.err: 	at sun.nio.ch.DatagramChannelImpl.send(DatagramChannelImpl.java:550)
11-26 13:08:59.632 14145 14186 W System.err: 	at sun.nio.ch.DatagramChannelImpl.send(DatagramChannelImpl.java:514)
11-26 13:08:59.632 14145 14186 W System.err: 	at symlab.CloudAR.network.TransmissionTask.run(TransmissionTask.java:144)
11-26 13:08:59.632 14145 14186 W System.err: 	at android.os.Handler.handleCallback(Handler.java:907)
11-26 13:08:59.632 14145 14186 W System.err: 	at android.os.Handler.dispatchMessage(Handler.java:105)
11-26 13:08:59.632 14145 14186 W System.err: 	at android.os.Looper.loop(Looper.java:216)
11-26 13:08:59.633 14145 14186 W System.err: 	at android.os.HandlerThread.run(HandlerThread.java:65)
11-26 13:08:59.670 14145 14186 W System.err: java.net.SocketException: Message too long
11-26 13:08:59.670 14145 14186 W System.err: 	at sun.nio.ch.DatagramChannelImpl.send0(Native Method)
11-26 13:08:59.670 14145 14186 W System.err: 	at sun.nio.ch.DatagramChannelImpl.sendFromNativeBuffer(DatagramChannelImpl.java:573)
11-26 13:08:59.671 14145 14186 W System.err: 	at sun.nio.ch.DatagramChannelImpl.send(DatagramChannelImpl.java:550)
11-26 13:08:59.671 14145 14186 W System.err: 	at sun.nio.ch.DatagramChannelImpl.send(DatagramChannelImpl.java:514)
11-26 13:08:59.671 14145 14186 W System.err: 	at symlab.CloudAR.network.TransmissionTask.run(TransmissionTask.java:144)
11-26 13:08:59.671 14145 14186 W System.err: 	at android.os.Handler.handleCallback(Handler.java:907)
11-26 13:08:59.671 14145 14186 W System.err: 	at android.os.Handler.dispatchMessage(Handler.java:105)
11-26 13:08:59.671 14145 14186 W System.err: 	at android.os.Looper.loop(Looper.java:216)
11-26 13:08:59.671 14145 14186 W System.err: 	at android.os.HandlerThread.run(HandlerThread.java:65)
11-26 13:08:59.709 14145 14186 W System.err: java.net.SocketException: Message too long
11-26 13:08:59.709 14145 14186 W System.err: 	at sun.nio.ch.DatagramChannelImpl.send0(Native Method)
11-26 13:08:59.709 14145 14186 W System.err: 	at sun.nio.ch.DatagramChannelImpl.sendFromNativeBuffer(DatagramChannelImpl.java:573)
11-26 13:08:59.709 14145 14186 W System.err: 	at sun.nio.ch.DatagramChannelImpl.send(DatagramChannelImpl.java:550)
11-26 13:08:59.709 14145 14186 W System.err: 	at sun.nio.ch.DatagramChannelImpl.send(DatagramChannelImpl.java:514)
11-26 13:08:59.709 14145 14186 W System.err: 	at symlab.CloudAR.network.TransmissionTask.run(TransmissionTask.java:144)
11-26 13:08:59.709 14145 14186 W System.err: 	at android.os.Handler.handleCallback(Handler.java:907)
11-26 13:08:59.709 14145 14186 W System.err: 	at android.os.Handler.dispatchMessage(Handler.java:105)
11-26 13:08:59.709 14145 14186 W System.err: 	at android.os.Looper.loop(Looper.java:216)
11-26 13:08:59.709 14145 14186 W System.err: 	at android.os.HandlerThread.run(HandlerThread.java:65)
11-26 13:08:59.734 14145 14186 W System.err: java.net.SocketException: Message too long
11-26 13:08:59.734 14145 14186 W System.err: 	at sun.nio.ch.DatagramChannelImpl.send0(Native Method)
11-26 13:08:59.734 14145 14186 W System.err: 	at sun.nio.ch.DatagramChannelImpl.sendFromNativeBuffer(DatagramChannelImpl.java:573)
11-26 13:08:59.734 14145 14186 W System.err: 	at sun.nio.ch.DatagramChannelImpl.send(DatagramChannelImpl.java:550)
11-26 13:08:59.734 14145 14186 W System.err: 	at sun.nio.ch.DatagramChannelImpl.send(DatagramChannelImpl.java:514)
11-26 13:08:59.734 14145 14186 W System.err: 	at symlab.CloudAR.network.TransmissionTask.run(TransmissionTask.java:144)
11-26 13:08:59.735 14145 14186 W System.err: 	at android.os.Handler.handleCallback(Handler.java:907)
11-26 13:08:59.735 14145 14186 W System.err: 	at android.os.Handler.dispatchMessage(Handler.java:105)
11-26 13:08:59.735 14145 14186 W System.err: 	at android.os.Looper.loop(Looper.java:216)
11-26 13:08:59.735 14145 14186 W System.err: 	at android.os.HandlerThread.run(HandlerThread.java:65)
11-26 13:08:59.771 14145 14186 W System.err: java.net.SocketException: Message too long
11-26 13:08:59.771 14145 14186 W System.err: 	at sun.nio.ch.DatagramChannelImpl.send0(Native Method)
11-26 13:08:59.771 14145 14186 W System.err: 	at sun.nio.ch.DatagramChannelImpl.sendFromNativeBuffer(DatagramChannelImpl.java:573)
11-26 13:08:59.771 14145 14186 W System.err: 	at sun.nio.ch.DatagramChannelImpl.send(DatagramChannelImpl.java:550)
11-26 13:08:59.771 14145 14186 W System.err: 	at sun.nio.ch.DatagramChannelImpl.send(DatagramChannelImpl.java:514)
11-26 13:08:59.771 14145 14186 W System.err: 	at symlab.CloudAR.network.TransmissionTask.run(TransmissionTask.java:144)
11-26 13:08:59.771 14145 14186 W System.err: 	at android.os.Handler.handleCallback(Handler.java:907)
11-26 13:08:59.771 14145 14186 W System.err: 	at android.os.Handler.dispatchMessage(Handler.java:105)
11-26 13:08:59.771 14145 14186 W System.err: 	at android.os.Looper.loop(Looper.java:216)
11-26 13:08:59.771 14145 14186 W System.err: 	at android.os.HandlerThread.run(HandlerThread.java:65)
11-26 13:08:59.809 14145 14186 W System.err: java.net.SocketException: Message too long
11-26 13:08:59.809 14145 14186 W System.err: 	at sun.nio.ch.DatagramChannelImpl.send0(Native Method)
11-26 13:08:59.809 14145 14186 W System.err: 	at sun.nio.ch.DatagramChannelImpl.sendFromNativeBuffer(DatagramChannelImpl.java:573)
11-26 13:08:59.809 14145 14186 W System.err: 	at sun.nio.ch.DatagramChannelImpl.send(DatagramChannelImpl.java:550)
11-26 13:08:59.809 14145 14186 W System.err: 	at sun.nio.ch.DatagramChannelImpl.send(DatagramChannelImpl.java:514)
11-26 13:08:59.809 14145 14186 W System.err: 	at symlab.CloudAR.network.TransmissionTask.run(TransmissionTask.java:144)
11-26 13:08:59.809 14145 14186 W System.err: 	at android.os.Handler.handleCallback(Handler.java:907)
11-26 13:08:59.809 14145 14186 W System.err: 	at android.os.Handler.dispatchMessage(Handler.java:105)
11-26 13:08:59.809 14145 14186 W System.err: 	at android.os.Looper.loop(Looper.java:216)
11-26 13:08:59.809 14145 14186 W System.err: 	at android.os.HandlerThread.run(HandlerThread.java:65)
11-26 13:08:59.841 14145 14186 W System.err: java.net.SocketException: Message too long
11-26 13:08:59.841 14145 14186 W System.err: 	at sun.nio.ch.DatagramChannelImpl.send0(Native Method)
11-26 13:08:59.841 14145 14186 W System.err: 	at sun.nio.ch.DatagramChannelImpl.sendFromNativeBuffer(DatagramChannelImpl.java:573)
11-26 13:08:59.841 14145 14186 W System.err: 	at sun.nio.ch.DatagramChannelImpl.send(DatagramChannelImpl.java:550)
11-26 13:08:59.841 14145 14186 W System.err: 	at sun.nio.ch.DatagramChannelImpl.send(DatagramChannelImpl.java:514)
11-26 13:08:59.841 14145 14186 W System.err: 	at symlab.CloudAR.network.TransmissionTask.run(TransmissionTask.java:144)
11-26 13:08:59.841 14145 14186 W System.err: 	at android.os.Handler.handleCallback(Handler.java:907)
11-26 13:08:59.841 14145 14186 W System.err: 	at android.os.Handler.dispatchMessage(Handler.java:105)
11-26 13:08:59.841 14145 14186 W System.err: 	at android.os.Looper.loop(Looper.java:216)
11-26 13:08:59.841 14145 14186 W System.err: 	at android.os.HandlerThread.run(HandlerThread.java:65)
11-26 13:08:59.871 14145 14186 W System.err: java.net.SocketException: Message too long
11-26 13:08:59.871 14145 14186 W System.err: 	at sun.nio.ch.DatagramChannelImpl.send0(Native Method)
11-26 13:08:59.871 14145 14186 W System.err: 	at sun.nio.ch.DatagramChannelImpl.sendFromNativeBuffer(DatagramChannelImpl.java:573)
11-26 13:08:59.871 14145 14186 W System.err: 	at sun.nio.ch.DatagramChannelImpl.send(DatagramChannelImpl.java:550)
11-26 13:08:59.871 14145 14186 W System.err: 	at sun.nio.ch.DatagramChannelImpl.send(DatagramChannelImpl.java:514)
11-26 13:08:59.871 14145 14186 W System.err: 	at symlab.CloudAR.network.TransmissionTask.run(TransmissionTask.java:144)
11-26 13:08:59.871 14145 14186 W System.err: 	at android.os.Handler.handleCallback(Handler.java:907)
11-26 13:08:59.872 14145 14186 W System.err: 	at android.os.Handler.dispatchMessage(Handler.java:105)
11-26 13:08:59.872 14145 14186 W System.err: 	at android.os.Looper.loop(Looper.java:216)
11-26 13:08:59.872 14145 14186 W System.err: 	at android.os.HandlerThread.run(HandlerThread.java:65)
11-26 13:08:59.908 14145 14186 W System.err: java.net.SocketException: Message too long
11-26 13:08:59.908 14145 14186 W System.err: 	at sun.nio.ch.DatagramChannelImpl.send0(Native Method)
11-26 13:08:59.908 14145 14186 W System.err: 	at sun.nio.ch.DatagramChannelImpl.sendFromNativeBuffer(DatagramChannelImpl.java:573)
11-26 13:08:59.908 14145 14186 W System.err: 	at sun.nio.ch.DatagramChannelImpl.send(DatagramChannelImpl.java:550)
11-26 13:08:59.908 14145 14186 W System.err: 	at sun.nio.ch.DatagramChannelImpl.send(DatagramChannelImpl.java:514)
11-26 13:08:59.908 14145 14186 W System.err: 	at symlab.CloudAR.network.TransmissionTask.run(TransmissionTask.java:144)
11-26 13:08:59.908 14145 14186 W System.err: 	at android.os.Handler.handleCallback(Handler.java:907)
11-26 13:08:59.908 14145 14186 W System.err: 	at android.os.Handler.dispatchMessage(Handler.java:105)
11-26 13:08:59.908 14145 14186 W System.err: 	at android.os.Looper.loop(Looper.java:216)
11-26 13:08:59.909 14145 14186 W System.err: 	at android.os.HandlerThread.run(HandlerThread.java:65)
11-26 13:08:59.935 14145 14186 W System.err: java.net.SocketException: Message too long
11-26 13:08:59.935 14145 14186 W System.err: 	at sun.nio.ch.DatagramChannelImpl.send0(Native Method)
11-26 13:08:59.935 14145 14186 W System.err: 	at sun.nio.ch.DatagramChannelImpl.sendFromNativeBuffer(DatagramChannelImpl.java:573)
11-26 13:08:59.935 14145 14186 W System.err: 	at sun.nio.ch.DatagramChannelImpl.send(DatagramChannelImpl.java:550)
11-26 13:08:59.935 14145 14186 W System.err: 	at sun.nio.ch.DatagramChannelImpl.send(DatagramChannelImpl.java:514)
11-26 13:08:59.935 14145 14186 W System.err: 	at symlab.CloudAR.network.TransmissionTask.run(TransmissionTask.java:144)
11-26 13:08:59.935 14145 14186 W System.err: 	at android.os.Handler.handleCallback(Handler.java:907)
11-26 13:08:59.935 14145 14186 W System.err: 	at android.os.Handler.dispatchMessage(Handler.java:105)
11-26 13:08:59.935 14145 14186 W System.err: 	at android.os.Looper.loop(Looper.java:216)
11-26 13:08:59.935 14145 14186 W System.err: 	at android.os.HandlerThread.run(HandlerThread.java:65)
11-26 13:08:59.960 14145 14186 W System.err: java.net.SocketException: Message too long
11-26 13:08:59.960 14145 14186 W System.err: 	at sun.nio.ch.DatagramChannelImpl.send0(Native Method)
11-26 13:08:59.960 14145 14186 W System.err: 	at sun.nio.ch.DatagramChannelImpl.sendFromNativeBuffer(DatagramChannelImpl.java:573)
11-26 13:08:59.960 14145 14186 W System.err: 	at sun.nio.ch.DatagramChannelImpl.send(DatagramChannelImpl.java:550)
11-26 13:08:59.960 14145 14186 W System.err: 	at sun.nio.ch.DatagramChannelImpl.send(DatagramChannelImpl.java:514)
11-26 13:08:59.960 14145 14186 W System.err: 	at symlab.CloudAR.network.TransmissionTask.run(TransmissionTask.java:144)
11-26 13:08:59.961 14145 14186 W System.err: 	at android.os.Handler.handleCallback(Handler.java:907)
11-26 13:08:59.961 14145 14186 W System.err: 	at android.os.Handler.dispatchMessage(Handler.java:105)
11-26 13:08:59.961 14145 14186 W System.err: 	at android.os.Looper.loop(Looper.java:216)
11-26 13:08:59.961 14145 14186 W System.err: 	at android.os.HandlerThread.run(HandlerThread.java:65)
11-26 13:09:00.007 14145 14186 W System.err: java.net.SocketException: Message too long
11-26 13:09:00.007 14145 14186 W System.err: 	at sun.nio.ch.DatagramChannelImpl.send0(Native Method)
11-26 13:09:00.007 14145 14186 W System.err: 	at sun.nio.ch.DatagramChannelImpl.sendFromNativeBuffer(DatagramChannelImpl.java:573)
11-26 13:09:00.007 14145 14186 W System.err: 	at sun.nio.ch.DatagramChannelImpl.send(DatagramChannelImpl.java:550)
11-26 13:09:00.007 14145 14186 W System.err: 	at sun.nio.ch.DatagramChannelImpl.send(DatagramChannelImpl.java:514)
11-26 13:09:00.007 14145 14186 W System.err: 	at symlab.CloudAR.network.TransmissionTask.run(TransmissionTask.java:144)
11-26 13:09:00.007 14145 14186 W System.err: 	at android.os.Handler.handleCallback(Handler.java:907)
11-26 13:09:00.007 14145 14186 W System.err: 	at android.os.Handler.dispatchMessage(Handler.java:105)
11-26 13:09:00.007 14145 14186 W System.err: 	at android.os.Looper.loop(Looper.java:216)
11-26 13:09:00.007 14145 14186 W System.err: 	at android.os.HandlerThread.run(HandlerThread.java:65)
11-26 13:09:00.044 14145 14186 W System.err: java.net.SocketException: Message too long
11-26 13:09:00.044 14145 14186 W System.err: 	at sun.nio.ch.DatagramChannelImpl.send0(Native Method)
11-26 13:09:00.044 14145 14186 W System.err: 	at sun.nio.ch.DatagramChannelImpl.sendFromNativeBuffer(DatagramChannelImpl.java:573)
11-26 13:09:00.044 14145 14186 W System.err: 	at sun.nio.ch.DatagramChannelImpl.send(DatagramChannelImpl.java:550)
11-26 13:09:00.044 14145 14186 W System.err: 	at sun.nio.ch.DatagramChannelImpl.send(DatagramChannelImpl.java:514)
11-26 13:09:00.045 14145 14186 W System.err: 	at symlab.CloudAR.network.TransmissionTask.run(TransmissionTask.java:144)
11-26 13:09:00.045 14145 14186 W System.err: 	at android.os.Handler.handleCallback(Handler.java:907)
11-26 13:09:00.045 14145 14186 W System.err: 	at android.os.Handler.dispatchMessage(Handler.java:105)
11-26 13:09:00.045 14145 14186 W System.err: 	at android.os.Looper.loop(Looper.java:216)
11-26 13:09:00.045 14145 14186 W System.err: 	at android.os.HandlerThread.run(HandlerThread.java:65)
11-26 13:09:00.064 14145 14186 W System.err: java.net.SocketException: Message too long
11-26 13:09:00.064 14145 14186 W System.err: 	at sun.nio.ch.DatagramChannelImpl.send0(Native Method)
11-26 13:09:00.064 14145 14186 W System.err: 	at sun.nio.ch.DatagramChannelImpl.sendFromNativeBuffer(DatagramChannelImpl.java:573)
11-26 13:09:00.064 14145 14186 W System.err: 	at sun.nio.ch.DatagramChannelImpl.send(DatagramChannelImpl.java:550)
11-26 13:09:00.064 14145 14186 W System.err: 	at sun.nio.ch.DatagramChannelImpl.send(DatagramChannelImpl.java:514)
11-26 13:09:00.064 14145 14186 W System.err: 	at symlab.CloudAR.network.TransmissionTask.run(TransmissionTask.java:144)
11-26 13:09:00.064 14145 14186 W System.err: 	at android.os.Handler.handleCallback(Handler.java:907)
11-26 13:09:00.064 14145 14186 W System.err: 	at android.os.Handler.dispatchMessage(Handler.java:105)
11-26 13:09:00.064 14145 14186 W System.err: 	at android.os.Looper.loop(Looper.java:216)
11-26 13:09:00.064 14145 14186 W System.err: 	at android.os.HandlerThread.run(HandlerThread.java:65)
11-26 13:09:00.093 14145 14186 W System.err: java.net.SocketException: Message too long
11-26 13:09:00.093 14145 14186 W System.err: 	at sun.nio.ch.DatagramChannelImpl.send0(Native Method)
11-26 13:09:00.093 14145 14186 W System.err: 	at sun.nio.ch.DatagramChannelImpl.sendFromNativeBuffer(DatagramChannelImpl.java:573)
11-26 13:09:00.093 14145 14186 W System.err: 	at sun.nio.ch.DatagramChannelImpl.send(DatagramChannelImpl.java:550)
11-26 13:09:00.093 14145 14186 W System.err: 	at sun.nio.ch.DatagramChannelImpl.send(DatagramChannelImpl.java:514)
11-26 13:09:00.094 14145 14186 W System.err: 	at symlab.CloudAR.network.TransmissionTask.run(TransmissionTask.java:144)
11-26 13:09:00.094 14145 14186 W System.err: 	at android.os.Handler.handleCallback(Handler.java:907)
11-26 13:09:00.094 14145 14186 W System.err: 	at android.os.Handler.dispatchMessage(Handler.java:105)
11-26 13:09:00.094 14145 14186 W System.err: 	at android.os.Looper.loop(Looper.java:216)
11-26 13:09:00.094 14145 14186 W System.err: 	at android.os.HandlerThread.run(HandlerThread.java:65)
11-26 13:09:00.140 14145 14186 W System.err: java.net.SocketException: Message too long
11-26 13:09:00.140 14145 14186 W System.err: 	at sun.nio.ch.DatagramChannelImpl.send0(Native Method)
11-26 13:09:00.140 14145 14186 W System.err: 	at sun.nio.ch.DatagramChannelImpl.sendFromNativeBuffer(DatagramChannelImpl.java:573)
11-26 13:09:00.140 14145 14186 W System.err: 	at sun.nio.ch.DatagramChannelImpl.send(DatagramChannelImpl.java:550)
11-26 13:09:00.140 14145 14186 W System.err: 	at sun.nio.ch.DatagramChannelImpl.send(DatagramChannelImpl.java:514)
11-26 13:09:00.141 14145 14186 W System.err: 	at symlab.CloudAR.network.TransmissionTask.run(TransmissionTask.java:144)
11-26 13:09:00.141 14145 14186 W System.err: 	at android.os.Handler.handleCallback(Handler.java:907)
11-26 13:09:00.141 14145 14186 W System.err: 	at android.os.Handler.dispatchMessage(Handler.java:105)
11-26 13:09:00.141 14145 14186 W System.err: 	at android.os.Looper.loop(Looper.java:216)
11-26 13:09:00.141 14145 14186 W System.err: 	at android.os.HandlerThread.run(HandlerThread.java:65)
11-26 13:09:00.169 14145 14161 E         : [ZeroHung]zrhung_get_config: Get config failed for wp[0x0008]
11-26 13:09:00.170 14145 14186 W System.err: java.net.SocketException: Message too long
11-26 13:09:00.171 14145 14186 W System.err: 	at sun.nio.ch.DatagramChannelImpl.send0(Native Method)
11-26 13:09:00.171 14145 14186 W System.err: 	at sun.nio.ch.DatagramChannelImpl.sendFromNativeBuffer(DatagramChannelImpl.java:573)
11-26 13:09:00.171 14145 14186 W System.err: 	at sun.nio.ch.DatagramChannelImpl.send(DatagramChannelImpl.java:550)
11-26 13:09:00.171 14145 14186 W System.err: 	at sun.nio.ch.DatagramChannelImpl.send(DatagramChannelImpl.java:514)
11-26 13:09:00.171 14145 14186 W System.err: 	at symlab.CloudAR.network.TransmissionTask.run(TransmissionTask.java:144)
11-26 13:09:00.171 14145 14186 W System.err: 	at android.os.Handler.handleCallback(Handler.java:907)
11-26 13:09:00.171 14145 14186 W System.err: 	at android.os.Handler.dispatchMessage(Handler.java:105)
11-26 13:09:00.171 14145 14186 W System.err: 	at android.os.Looper.loop(Looper.java:216)
11-26 13:09:00.171 14145 14186 W System.err: 	at android.os.HandlerThread.run(HandlerThread.java:65)
11-26 13:09:00.194 14145 14155 W System  : A resource failed to call close. 
11-26 13:09:00.198 14145 14155 I chatty  : uid=10147(symlab.cloudridar.arhud) FinalizerDaemon identical 24 lines
11-26 13:09:00.198 14145 14155 W System  : A resource failed to call close. 
11-26 13:09:00.270 14145 14186 D Evaluation: 4 res for frame 211 received at 1574766540270
11-26 13:09:00.304 14145 14186 D Evaluation: 3 res for frame 212 received at 1574766540304
11-26 13:09:00.341 14145 14186 D Evaluation: 4 res for frame 213 received at 1574766540341
11-26 13:09:00.373 14145 14186 D Evaluation: 3 res for frame 214 received at 1574766540373
11-26 13:09:00.411 14145 14186 D Evaluation: 2 res for frame 215 received at 1574766540411
11-26 13:09:00.433 14145 14186 D Evaluation: 3 res for frame 216 received at 1574766540433
11-26 13:09:00.509 14145 14186 D Evaluation: 3 res for frame 217 received at 1574766540509
11-26 13:09:00.543 14145 14186 D Evaluation: 4 res for frame 218 received at 1574766540543
11-26 13:09:00.590 14145 14186 D Evaluation: 3 res for frame 219 received at 1574766540590
11-26 13:09:00.611 14145 14186 W System.err: java.net.SocketException: Message too long
11-26 13:09:00.611 14145 14186 W System.err: 	at sun.nio.ch.DatagramChannelImpl.send0(Native Method)
11-26 13:09:00.611 14145 14186 W System.err: 	at sun.nio.ch.DatagramChannelImpl.sendFromNativeBuffer(DatagramChannelImpl.java:573)
11-26 13:09:00.611 14145 14186 W System.err: 	at sun.nio.ch.DatagramChannelImpl.send(DatagramChannelImpl.java:550)
11-26 13:09:00.611 14145 14186 W System.err: 	at sun.nio.ch.DatagramChannelImpl.send(DatagramChannelImpl.java:514)
11-26 13:09:00.611 14145 14186 W System.err: 	at symlab.CloudAR.network.TransmissionTask.run(TransmissionTask.java:144)
11-26 13:09:00.611 14145 14186 W System.err: 	at android.os.Handler.handleCallback(Handler.java:907)
11-26 13:09:00.611 14145 14186 W System.err: 	at android.os.Handler.dispatchMessage(Handler.java:105)
11-26 13:09:00.612 14145 14186 W System.err: 	at android.os.Looper.loop(Looper.java:216)
11-26 13:09:00.612 14145 14186 W System.err: 	at android.os.HandlerThread.run(HandlerThread.java:65)
11-26 13:09:00.612 14145 14186 D Evaluation: 4 res for frame 220 received at 1574766540612
11-26 13:09:00.630 14145 14186 W System.err: java.net.SocketException: Message too long
11-26 13:09:00.630 14145 14186 W System.err: 	at sun.nio.ch.DatagramChannelImpl.send0(Native Method)
11-26 13:09:00.631 14145 14186 W System.err: 	at sun.nio.ch.DatagramChannelImpl.sendFromNativeBuffer(DatagramChannelImpl.java:573)
11-26 13:09:00.631 14145 14186 W System.err: 	at sun.nio.ch.DatagramChannelImpl.send(DatagramChannelImpl.java:550)
11-26 13:09:00.631 14145 14186 W System.err: 	at sun.nio.ch.DatagramChannelImpl.send(DatagramChannelImpl.java:514)
11-26 13:09:00.631 14145 14186 W System.err: 	at symlab.CloudAR.network.TransmissionTask.run(TransmissionTask.java:144)
11-26 13:09:00.631 14145 14186 W System.err: 	at android.os.Handler.handleCallback(Handler.java:907)
11-26 13:09:00.631 14145 14186 W System.err: 	at android.os.Handler.dispatchMessage(Handler.java:105)
11-26 13:09:00.631 14145 14186 W System.err: 	at android.os.Looper.loop(Looper.java:216)
11-26 13:09:00.631 14145 14186 W System.err: 	at android.os.HandlerThread.run(HandlerThread.java:65)
11-26 13:09:00.631 14145 14186 D Evaluation: 4 res for frame 222 received at 1574766540631
11-26 13:09:00.679 14145 14186 W System.err: java.net.SocketException: Message too long
11-26 13:09:00.679 14145 14186 W System.err: 	at sun.nio.ch.DatagramChannelImpl.send0(Native Method)
11-26 13:09:00.679 14145 14186 W System.err: 	at sun.nio.ch.DatagramChannelImpl.sendFromNativeBuffer(DatagramChannelImpl.java:573)
11-26 13:09:00.679 14145 14186 W System.err: 	at sun.nio.ch.DatagramChannelImpl.send(DatagramChannelImpl.java:550)
11-26 13:09:00.679 14145 14186 W System.err: 	at sun.nio.ch.DatagramChannelImpl.send(DatagramChannelImpl.java:514)
11-26 13:09:00.679 14145 14186 W System.err: 	at symlab.CloudAR.network.TransmissionTask.run(TransmissionTask.java:144)
11-26 13:09:00.679 14145 14186 W System.err: 	at android.os.Handler.handleCallback(Handler.java:907)
11-26 13:09:00.679 14145 14186 W System.err: 	at android.os.Handler.dispatchMessage(Handler.java:105)
11-26 13:09:00.679 14145 14186 W System.err: 	at android.os.Looper.loop(Looper.java:216)
11-26 13:09:00.679 14145 14186 W System.err: 	at android.os.HandlerThread.run(HandlerThread.java:65)
11-26 13:09:00.708 14145 14186 W System.err: java.net.SocketException: Message too long
11-26 13:09:00.708 14145 14186 W System.err: 	at sun.nio.ch.DatagramChannelImpl.send0(Native Method)
11-26 13:09:00.708 14145 14186 W System.err: 	at sun.nio.ch.DatagramChannelImpl.sendFromNativeBuffer(DatagramChannelImpl.java:573)
11-26 13:09:00.708 14145 14186 W System.err: 	at sun.nio.ch.DatagramChannelImpl.send(DatagramChannelImpl.java:550)
11-26 13:09:00.708 14145 14186 W System.err: 	at sun.nio.ch.DatagramChannelImpl.send(DatagramChannelImpl.java:514)
11-26 13:09:00.709 14145 14186 W System.err: 	at symlab.CloudAR.network.TransmissionTask.run(TransmissionTask.java:144)
11-26 13:09:00.709 14145 14186 W System.err: 	at android.os.Handler.handleCallback(Handler.java:907)
11-26 13:09:00.709 14145 14186 W System.err: 	at android.os.Handler.dispatchMessage(Handler.java:105)
11-26 13:09:00.709 14145 14186 W System.err: 	at android.os.Looper.loop(Looper.java:216)
11-26 13:09:00.709 14145 14186 W System.err: 	at android.os.HandlerThread.run(HandlerThread.java:65)
11-26 13:09:00.746 14145 14186 W System.err: java.net.SocketException: Message too long
11-26 13:09:00.746 14145 14186 W System.err: 	at sun.nio.ch.DatagramChannelImpl.send0(Native Method)
11-26 13:09:00.746 14145 14186 W System.err: 	at sun.nio.ch.DatagramChannelImpl.sendFromNativeBuffer(DatagramChannelImpl.java:573)
11-26 13:09:00.746 14145 14186 W System.err: 	at sun.nio.ch.DatagramChannelImpl.send(DatagramChannelImpl.java:550)
11-26 13:09:00.746 14145 14186 W System.err: 	at sun.nio.ch.DatagramChannelImpl.send(DatagramChannelImpl.java:514)
11-26 13:09:00.746 14145 14186 W System.err: 	at symlab.CloudAR.network.TransmissionTask.run(TransmissionTask.java:144)
11-26 13:09:00.746 14145 14186 W System.err: 	at android.os.Handler.handleCallback(Handler.java:907)
11-26 13:09:00.746 14145 14186 W System.err: 	at android.os.Handler.dispatchMessage(Handler.java:105)
11-26 13:09:00.746 14145 14186 W System.err: 	at android.os.Looper.loop(Looper.java:216)
11-26 13:09:00.746 14145 14186 W System.err: 	at android.os.HandlerThread.run(HandlerThread.java:65)
11-26 13:09:00.871 14145 14186 D Evaluation: 4 res for frame 227 received at 1574766540871
11-26 13:09:00.911 14145 14186 D Evaluation: 4 res for frame 228 received at 1574766540911
11-26 13:09:00.950 14145 14186 D Evaluation: 4 res for frame 229 received at 1574766540950
11-26 13:09:00.975 14145 14186 D Evaluation: 4 res for frame 230 received at 1574766540975
11-26 13:09:01.016 14145 14186 W System.err: java.net.SocketException: Message too long
11-26 13:09:01.016 14145 14186 W System.err: 	at sun.nio.ch.DatagramChannelImpl.send0(Native Method)
11-26 13:09:01.016 14145 14186 W System.err: 	at sun.nio.ch.DatagramChannelImpl.sendFromNativeBuffer(DatagramChannelImpl.java:573)
11-26 13:09:01.016 14145 14186 W System.err: 	at sun.nio.ch.DatagramChannelImpl.send(DatagramChannelImpl.java:550)
11-26 13:09:01.016 14145 14186 W System.err: 	at sun.nio.ch.DatagramChannelImpl.send(DatagramChannelImpl.java:514)
11-26 13:09:01.016 14145 14186 W System.err: 	at symlab.CloudAR.network.TransmissionTask.run(TransmissionTask.java:144)
11-26 13:09:01.016 14145 14186 W System.err: 	at android.os.Handler.handleCallback(Handler.java:907)
11-26 13:09:01.016 14145 14186 W System.err: 	at android.os.Handler.dispatchMessage(Handler.java:105)
11-26 13:09:01.016 14145 14186 W System.err: 	at android.os.Looper.loop(Looper.java:216)
11-26 13:09:01.016 14145 14186 W System.err: 	at android.os.HandlerThread.run(HandlerThread.java:65)
11-26 13:09:01.018 14145 14186 D Evaluation: 4 res for frame 231 received at 1574766541018
11-26 13:09:01.046 14145 14161 E         : [ZeroHung]zrhung_get_config: Get config failed for wp[0x0008]
11-26 13:09:01.047 14145 14186 W System.err: java.net.SocketException: Message too long
11-26 13:09:01.047 14145 14186 W System.err: 	at sun.nio.ch.DatagramChannelImpl.send0(Native Method)
11-26 13:09:01.047 14145 14186 W System.err: 	at sun.nio.ch.DatagramChannelImpl.sendFromNativeBuffer(DatagramChannelImpl.java:573)
11-26 13:09:01.047 14145 14186 W System.err: 	at sun.nio.ch.DatagramChannelImpl.send(DatagramChannelImpl.java:550)
11-26 13:09:01.047 14145 14186 W System.err: 	at sun.nio.ch.DatagramChannelImpl.send(DatagramChannelImpl.java:514)
11-26 13:09:01.047 14145 14186 W System.err: 	at symlab.CloudAR.network.TransmissionTask.run(TransmissionTask.java:144)
11-26 13:09:01.047 14145 14186 W System.err: 	at android.os.Handler.handleCallback(Handler.java:907)
11-26 13:09:01.048 14145 14186 W System.err: 	at android.os.Handler.dispatchMessage(Handler.java:105)
11-26 13:09:01.048 14145 14186 W System.err: 	at android.os.Looper.loop(Looper.java:216)
11-26 13:09:01.048 14145 14186 W System.err: 	at android.os.HandlerThread.run(HandlerThread.java:65)
11-26 13:09:01.049 14145 14186 D Evaluation: 4 res for frame 232 received at 1574766541049
11-26 13:09:01.077 14145 14155 W System  : A resource failed to call close. 
11-26 13:09:01.079 14145 14155 I chatty  : uid=10147(symlab.cloudridar.arhud) FinalizerDaemon identical 18 lines
11-26 13:09:01.079 14145 14155 W System  : A resource failed to call close. 
11-26 13:09:01.079 14145 14186 W System.err: java.net.SocketException: Message too long
11-26 13:09:01.079 14145 14155 W System  : A resource failed to call close. 
11-26 13:09:01.079 14145 14186 W System.err: 	at sun.nio.ch.DatagramChannelImpl.send0(Native Method)
11-26 13:09:01.079 14145 14155 W System  : A resource failed to call close. 
11-26 13:09:01.079 14145 14186 W System.err: 	at sun.nio.ch.DatagramChannelImpl.sendFromNativeBuffer(DatagramChannelImpl.java:573)
11-26 13:09:01.079 14145 14186 W System.err: 	at sun.nio.ch.DatagramChannelImpl.send(DatagramChannelImpl.java:550)
11-26 13:09:01.079 14145 14186 W System.err: 	at sun.nio.ch.DatagramChannelImpl.send(DatagramChannelImpl.java:514)
11-26 13:09:01.079 14145 14155 W System  : A resource failed to call close. 
11-26 13:09:01.079 14145 14186 W System.err: 	at symlab.CloudAR.network.TransmissionTask.run(TransmissionTask.java:144)
11-26 13:09:01.079 14145 14186 W System.err: 	at android.os.Handler.handleCallback(Handler.java:907)
11-26 13:09:01.079 14145 14186 W System.err: 	at android.os.Handler.dispatchMessage(Handler.java:105)
11-26 13:09:01.079 14145 14155 W System  : A resource failed to call close. 
11-26 13:09:01.079 14145 14186 W System.err: 	at android.os.Looper.loop(Looper.java:216)
11-26 13:09:01.079 14145 14186 W System.err: 	at android.os.HandlerThread.run(HandlerThread.java:65)
11-26 13:09:01.079 14145 14155 W System  : A resource failed to call close. 
11-26 13:09:01.080 14145 14155 I chatty  : uid=10147(symlab.cloudridar.arhud) FinalizerDaemon identical 8 lines
11-26 13:09:01.080 14145 14155 W System  : A resource failed to call close. 
11-26 13:09:01.080 14145 14186 D Evaluation: 4 res for frame 233 received at 1574766541080
11-26 13:09:01.080 14145 14155 W System  : A resource failed to call close. 
11-26 13:09:01.081 14145 14155 I chatty  : uid=10147(symlab.cloudridar.arhud) FinalizerDaemon identical 5 lines
11-26 13:09:01.081 14145 14155 W System  : A resource failed to call close. 
11-26 13:09:01.157 14145 14186 W System.err: java.net.SocketException: Message too long
11-26 13:09:01.157 14145 14186 W System.err: 	at sun.nio.ch.DatagramChannelImpl.send0(Native Method)
11-26 13:09:01.157 14145 14186 W System.err: 	at sun.nio.ch.DatagramChannelImpl.sendFromNativeBuffer(DatagramChannelImpl.java:573)
11-26 13:09:01.157 14145 14186 W System.err: 	at sun.nio.ch.DatagramChannelImpl.send(DatagramChannelImpl.java:550)
11-26 13:09:01.157 14145 14186 W System.err: 	at sun.nio.ch.DatagramChannelImpl.send(DatagramChannelImpl.java:514)
11-26 13:09:01.157 14145 14186 W System.err: 	at symlab.CloudAR.network.TransmissionTask.run(TransmissionTask.java:144)
11-26 13:09:01.157 14145 14186 W System.err: 	at android.os.Handler.handleCallback(Handler.java:907)
11-26 13:09:01.157 14145 14186 W System.err: 	at android.os.Handler.dispatchMessage(Handler.java:105)
11-26 13:09:01.157 14145 14186 W System.err: 	at android.os.Looper.loop(Looper.java:216)
11-26 13:09:01.158 14145 14186 W System.err: 	at android.os.HandlerThread.run(HandlerThread.java:65)
11-26 13:09:01.180 14145 14186 W System.err: java.net.SocketException: Message too long
11-26 13:09:01.180 14145 14186 W System.err: 	at sun.nio.ch.DatagramChannelImpl.send0(Native Method)
11-26 13:09:01.180 14145 14186 W System.err: 	at sun.nio.ch.DatagramChannelImpl.sendFromNativeBuffer(DatagramChannelImpl.java:573)
11-26 13:09:01.180 14145 14186 W System.err: 	at sun.nio.ch.DatagramChannelImpl.send(DatagramChannelImpl.java:550)
11-26 13:09:01.180 14145 14186 W System.err: 	at sun.nio.ch.DatagramChannelImpl.send(DatagramChannelImpl.java:514)
11-26 13:09:01.180 14145 14186 W System.err: 	at symlab.CloudAR.network.TransmissionTask.run(TransmissionTask.java:144)
11-26 13:09:01.180 14145 14186 W System.err: 	at android.os.Handler.handleCallback(Handler.java:907)
11-26 13:09:01.180 14145 14186 W System.err: 	at android.os.Handler.dispatchMessage(Handler.java:105)
11-26 13:09:01.180 14145 14186 W System.err: 	at android.os.Looper.loop(Looper.java:216)
11-26 13:09:01.180 14145 14186 W System.err: 	at android.os.HandlerThread.run(HandlerThread.java:65)
11-26 13:09:01.209 14145 14186 W System.err: java.net.SocketException: Message too long
11-26 13:09:01.209 14145 14186 W System.err: 	at sun.nio.ch.DatagramChannelImpl.send0(Native Method)
11-26 13:09:01.209 14145 14186 W System.err: 	at sun.nio.ch.DatagramChannelImpl.sendFromNativeBuffer(DatagramChannelImpl.java:573)
11-26 13:09:01.209 14145 14186 W System.err: 	at sun.nio.ch.DatagramChannelImpl.send(DatagramChannelImpl.java:550)
11-26 13:09:01.209 14145 14186 W System.err: 	at sun.nio.ch.DatagramChannelImpl.send(DatagramChannelImpl.java:514)
11-26 13:09:01.209 14145 14186 W System.err: 	at symlab.CloudAR.network.TransmissionTask.run(TransmissionTask.java:144)
11-26 13:09:01.209 14145 14186 W System.err: 	at android.os.Handler.handleCallback(Handler.java:907)
11-26 13:09:01.209 14145 14186 W System.err: 	at android.os.Handler.dispatchMessage(Handler.java:105)
11-26 13:09:01.209 14145 14186 W System.err: 	at android.os.Looper.loop(Looper.java:216)
11-26 13:09:01.209 14145 14186 W System.err: 	at android.os.HandlerThread.run(HandlerThread.java:65)
11-26 13:09:01.254 14145 14186 W System.err: java.net.SocketException: Message too long
11-26 13:09:01.254 14145 14186 W System.err: 	at sun.nio.ch.DatagramChannelImpl.send0(Native Method)
11-26 13:09:01.254 14145 14186 W System.err: 	at sun.nio.ch.DatagramChannelImpl.sendFromNativeBuffer(DatagramChannelImpl.java:573)
11-26 13:09:01.255 14145 14186 W System.err: 	at sun.nio.ch.DatagramChannelImpl.send(DatagramChannelImpl.java:550)
11-26 13:09:01.255 14145 14186 W System.err: 	at sun.nio.ch.DatagramChannelImpl.send(DatagramChannelImpl.java:514)
11-26 13:09:01.255 14145 14186 W System.err: 	at symlab.CloudAR.network.TransmissionTask.run(TransmissionTask.java:144)
11-26 13:09:01.255 14145 14186 W System.err: 	at android.os.Handler.handleCallback(Handler.java:907)
11-26 13:09:01.255 14145 14186 W System.err: 	at android.os.Handler.dispatchMessage(Handler.java:105)
11-26 13:09:01.255 14145 14186 W System.err: 	at android.os.Looper.loop(Looper.java:216)
11-26 13:09:01.255 14145 14186 W System.err: 	at android.os.HandlerThread.run(HandlerThread.java:65)
11-26 13:09:01.276 14145 14186 W System.err: java.net.SocketException: Message too long
11-26 13:09:01.276 14145 14186 W System.err: 	at sun.nio.ch.DatagramChannelImpl.send0(Native Method)
11-26 13:09:01.276 14145 14186 W System.err: 	at sun.nio.ch.DatagramChannelImpl.sendFromNativeBuffer(DatagramChannelImpl.java:573)
11-26 13:09:01.276 14145 14186 W System.err: 	at sun.nio.ch.DatagramChannelImpl.send(DatagramChannelImpl.java:550)
11-26 13:09:01.276 14145 14186 W System.err: 	at sun.nio.ch.DatagramChannelImpl.send(DatagramChannelImpl.java:514)
11-26 13:09:01.276 14145 14186 W System.err: 	at symlab.CloudAR.network.TransmissionTask.run(TransmissionTask.java:144)
11-26 13:09:01.276 14145 14186 W System.err: 	at android.os.Handler.handleCallback(Handler.java:907)
11-26 13:09:01.276 14145 14186 W System.err: 	at android.os.Handler.dispatchMessage(Handler.java:105)
11-26 13:09:01.276 14145 14186 W System.err: 	at android.os.Looper.loop(Looper.java:216)
11-26 13:09:01.276 14145 14186 W System.err: 	at android.os.HandlerThread.run(HandlerThread.java:65)
11-26 13:09:01.303 14145 14186 W System.err: java.net.SocketException: Message too long
11-26 13:09:01.303 14145 14186 W System.err: 	at sun.nio.ch.DatagramChannelImpl.send0(Native Method)
11-26 13:09:01.303 14145 14186 W System.err: 	at sun.nio.ch.DatagramChannelImpl.sendFromNativeBuffer(DatagramChannelImpl.java:573)
11-26 13:09:01.303 14145 14186 W System.err: 	at sun.nio.ch.DatagramChannelImpl.send(DatagramChannelImpl.java:550)
11-26 13:09:01.303 14145 14186 W System.err: 	at sun.nio.ch.DatagramChannelImpl.send(DatagramChannelImpl.java:514)
11-26 13:09:01.303 14145 14186 W System.err: 	at symlab.CloudAR.network.TransmissionTask.run(TransmissionTask.java:144)
11-26 13:09:01.303 14145 14186 W System.err: 	at android.os.Handler.handleCallback(Handler.java:907)
11-26 13:09:01.303 14145 14186 W System.err: 	at android.os.Handler.dispatchMessage(Handler.java:105)
11-26 13:09:01.303 14145 14186 W System.err: 	at android.os.Looper.loop(Looper.java:216)
11-26 13:09:01.303 14145 14186 W System.err: 	at android.os.HandlerThread.run(HandlerThread.java:65)
11-26 13:09:01.334 14145 14186 W System.err: java.net.SocketException: Message too long
11-26 13:09:01.334 14145 14186 W System.err: 	at sun.nio.ch.DatagramChannelImpl.send0(Native Method)
11-26 13:09:01.334 14145 14186 W System.err: 	at sun.nio.ch.DatagramChannelImpl.sendFromNativeBuffer(DatagramChannelImpl.java:573)
11-26 13:09:01.334 14145 14186 W System.err: 	at sun.nio.ch.DatagramChannelImpl.send(DatagramChannelImpl.java:550)
11-26 13:09:01.334 14145 14186 W System.err: 	at sun.nio.ch.DatagramChannelImpl.send(DatagramChannelImpl.java:514)
11-26 13:09:01.334 14145 14186 W System.err: 	at symlab.CloudAR.network.TransmissionTask.run(TransmissionTask.java:144)
11-26 13:09:01.334 14145 14186 W System.err: 	at android.os.Handler.handleCallback(Handler.java:907)
11-26 13:09:01.334 14145 14186 W System.err: 	at android.os.Handler.dispatchMessage(Handler.java:105)
11-26 13:09:01.334 14145 14186 W System.err: 	at android.os.Looper.loop(Looper.java:216)
11-26 13:09:01.334 14145 14186 W System.err: 	at android.os.HandlerThread.run(HandlerThread.java:65)
11-26 13:09:01.379 14145 14186 W System.err: java.net.SocketException: Message too long
11-26 13:09:01.379 14145 14186 W System.err: 	at sun.nio.ch.DatagramChannelImpl.send0(Native Method)
11-26 13:09:01.379 14145 14186 W System.err: 	at sun.nio.ch.DatagramChannelImpl.sendFromNativeBuffer(DatagramChannelImpl.java:573)
11-26 13:09:01.379 14145 14186 W System.err: 	at sun.nio.ch.DatagramChannelImpl.send(DatagramChannelImpl.java:550)
11-26 13:09:01.379 14145 14186 W System.err: 	at sun.nio.ch.DatagramChannelImpl.send(DatagramChannelImpl.java:514)
11-26 13:09:01.379 14145 14186 W System.err: 	at symlab.CloudAR.network.TransmissionTask.run(TransmissionTask.java:144)
11-26 13:09:01.380 14145 14186 W System.err: 	at android.os.Handler.handleCallback(Handler.java:907)
11-26 13:09:01.380 14145 14186 W System.err: 	at android.os.Handler.dispatchMessage(Handler.java:105)
11-26 13:09:01.380 14145 14186 W System.err: 	at android.os.Looper.loop(Looper.java:216)
11-26 13:09:01.380 14145 14186 W System.err: 	at android.os.HandlerThread.run(HandlerThread.java:65)
11-26 13:09:01.413 14145 14186 W System.err: java.net.SocketException: Message too long
11-26 13:09:01.413 14145 14186 W System.err: 	at sun.nio.ch.DatagramChannelImpl.send0(Native Method)
11-26 13:09:01.413 14145 14186 W System.err: 	at sun.nio.ch.DatagramChannelImpl.sendFromNativeBuffer(DatagramChannelImpl.java:573)
11-26 13:09:01.413 14145 14186 W System.err: 	at sun.nio.ch.DatagramChannelImpl.send(DatagramChannelImpl.java:550)
11-26 13:09:01.413 14145 14186 W System.err: 	at sun.nio.ch.DatagramChannelImpl.send(DatagramChannelImpl.java:514)
11-26 13:09:01.413 14145 14186 W System.err: 	at symlab.CloudAR.network.TransmissionTask.run(TransmissionTask.java:144)
11-26 13:09:01.413 14145 14186 W System.err: 	at android.os.Handler.handleCallback(Handler.java:907)
11-26 13:09:01.413 14145 14186 W System.err: 	at android.os.Handler.dispatchMessage(Handler.java:105)
11-26 13:09:01.413 14145 14186 W System.err: 	at android.os.Looper.loop(Looper.java:216)
11-26 13:09:01.413 14145 14186 W System.err: 	at android.os.HandlerThread.run(HandlerThread.java:65)
11-26 13:09:01.462 14145 14186 W System.err: java.net.SocketException: Message too long
11-26 13:09:01.462 14145 14186 W System.err: 	at sun.nio.ch.DatagramChannelImpl.send0(Native Method)
11-26 13:09:01.462 14145 14186 W System.err: 	at sun.nio.ch.DatagramChannelImpl.sendFromNativeBuffer(DatagramChannelImpl.java:573)
11-26 13:09:01.462 14145 14186 W System.err: 	at sun.nio.ch.DatagramChannelImpl.send(DatagramChannelImpl.java:550)
11-26 13:09:01.462 14145 14186 W System.err: 	at sun.nio.ch.DatagramChannelImpl.send(DatagramChannelImpl.java:514)
11-26 13:09:01.462 14145 14186 W System.err: 	at symlab.CloudAR.network.TransmissionTask.run(TransmissionTask.java:144)
11-26 13:09:01.462 14145 14186 W System.err: 	at android.os.Handler.handleCallback(Handler.java:907)
11-26 13:09:01.462 14145 14186 W System.err: 	at android.os.Handler.dispatchMessage(Handler.java:105)
11-26 13:09:01.462 14145 14186 W System.err: 	at android.os.Looper.loop(Looper.java:216)
11-26 13:09:01.462 14145 14186 W System.err: 	at android.os.HandlerThread.run(HandlerThread.java:65)
11-26 13:09:01.491 14145 14186 W System.err: java.net.SocketException: Message too long
11-26 13:09:01.491 14145 14186 W System.err: 	at sun.nio.ch.DatagramChannelImpl.send0(Native Method)
11-26 13:09:01.492 14145 14186 W System.err: 	at sun.nio.ch.DatagramChannelImpl.sendFromNativeBuffer(DatagramChannelImpl.java:573)
11-26 13:09:01.492 14145 14186 W System.err: 	at sun.nio.ch.DatagramChannelImpl.send(DatagramChannelImpl.java:550)
11-26 13:09:01.492 14145 14186 W System.err: 	at sun.nio.ch.DatagramChannelImpl.send(DatagramChannelImpl.java:514)
11-26 13:09:01.492 14145 14186 W System.err: 	at symlab.CloudAR.network.TransmissionTask.run(TransmissionTask.java:144)
11-26 13:09:01.492 14145 14186 W System.err: 	at android.os.Handler.handleCallback(Handler.java:907)
11-26 13:09:01.492 14145 14186 W System.err: 	at android.os.Handler.dispatchMessage(Handler.java:105)
11-26 13:09:01.492 14145 14186 W System.err: 	at android.os.Looper.loop(Looper.java:216)
11-26 13:09:01.492 14145 14186 W System.err: 	at android.os.HandlerThread.run(HandlerThread.java:65)
11-26 13:09:01.557 14145 14186 W System.err: java.net.SocketException: Message too long
11-26 13:09:01.557 14145 14186 W System.err: 	at sun.nio.ch.DatagramChannelImpl.send0(Native Method)
11-26 13:09:01.557 14145 14186 W System.err: 	at sun.nio.ch.DatagramChannelImpl.sendFromNativeBuffer(DatagramChannelImpl.java:573)
11-26 13:09:01.557 14145 14186 W System.err: 	at sun.nio.ch.DatagramChannelImpl.send(DatagramChannelImpl.java:550)
11-26 13:09:01.557 14145 14186 W System.err: 	at sun.nio.ch.DatagramChannelImpl.send(DatagramChannelImpl.java:514)
11-26 13:09:01.557 14145 14186 W System.err: 	at symlab.CloudAR.network.TransmissionTask.run(TransmissionTask.java:144)
11-26 13:09:01.557 14145 14186 W System.err: 	at android.os.Handler.handleCallback(Handler.java:907)
11-26 13:09:01.557 14145 14186 W System.err: 	at android.os.Handler.dispatchMessage(Handler.java:105)
11-26 13:09:01.557 14145 14186 W System.err: 	at android.os.Looper.loop(Looper.java:216)
11-26 13:09:01.557 14145 14186 W System.err: 	at android.os.HandlerThread.run(HandlerThread.java:65)
11-26 13:09:01.588 14145 14186 W System.err: java.net.SocketException: Message too long
11-26 13:09:01.588 14145 14186 W System.err: 	at sun.nio.ch.DatagramChannelImpl.send0(Native Method)
11-26 13:09:01.588 14145 14186 W System.err: 	at sun.nio.ch.DatagramChannelImpl.sendFromNativeBuffer(DatagramChannelImpl.java:573)
11-26 13:09:01.588 14145 14186 W System.err: 	at sun.nio.ch.DatagramChannelImpl.send(DatagramChannelImpl.java:550)
11-26 13:09:01.588 14145 14186 W System.err: 	at sun.nio.ch.DatagramChannelImpl.send(DatagramChannelImpl.java:514)
11-26 13:09:01.588 14145 14186 W System.err: 	at symlab.CloudAR.network.TransmissionTask.run(TransmissionTask.java:144)
11-26 13:09:01.588 14145 14186 W System.err: 	at android.os.Handler.handleCallback(Handler.java:907)
11-26 13:09:01.588 14145 14186 W System.err: 	at android.os.Handler.dispatchMessage(Handler.java:105)
11-26 13:09:01.588 14145 14186 W System.err: 	at android.os.Looper.loop(Looper.java:216)
11-26 13:09:01.588 14145 14186 W System.err: 	at android.os.HandlerThread.run(HandlerThread.java:65)
11-26 13:09:01.621 14145 14186 W System.err: java.net.SocketException: Message too long
11-26 13:09:01.622 14145 14186 W System.err: 	at sun.nio.ch.DatagramChannelImpl.send0(Native Method)
11-26 13:09:01.622 14145 14186 W System.err: 	at sun.nio.ch.DatagramChannelImpl.sendFromNativeBuffer(DatagramChannelImpl.java:573)
11-26 13:09:01.622 14145 14186 W System.err: 	at sun.nio.ch.DatagramChannelImpl.send(DatagramChannelImpl.java:550)
11-26 13:09:01.622 14145 14186 W System.err: 	at sun.nio.ch.DatagramChannelImpl.send(DatagramChannelImpl.java:514)
11-26 13:09:01.622 14145 14186 W System.err: 	at symlab.CloudAR.network.TransmissionTask.run(TransmissionTask.java:144)
11-26 13:09:01.622 14145 14186 W System.err: 	at android.os.Handler.handleCallback(Handler.java:907)
11-26 13:09:01.622 14145 14186 W System.err: 	at android.os.Handler.dispatchMessage(Handler.java:105)
11-26 13:09:01.622 14145 14186 W System.err: 	at android.os.Looper.loop(Looper.java:216)
