--------- beginning of main
11-26 13:08:52.387 14145 14177 D ZrHung.AppEyeUiProbe: Runnable thread started.
11-26 13:08:52.387 14145 14177 D IMonitor: Load library imonitor_jni
11-26 13:08:52.390 14145 14177 E         : [ZeroHung]zrhung_get_config: Get config failed for wp[0x0102]
11-26 13:08:52.390 14145 14177 W ZrHung.AppEyeUiProbe: Failed to get config from zrhung
11-26 13:08:52.394 14175 14175 W logcat  : type=1400 audit(0.0:4661): avc: granted { create } for name="logcat_1574766532380.txt" scontext=u:r:untrusted_app:s0:c147,c256,c512,c768 tcontext=u:object_r:sdcardfs:s0:c147,c256,c512,c768 tclass=file
11-26 13:08:52.395 14145 14145 I MultiDex: Installing application
11-26 13:08:52.395 14145 14145 I MultiDex: VM has multidex support, MultiDex support library is disabled.
--------- beginning of system
11-26 13:08:52.414 14145 14145 V ActivityThread: callActivityOnCreate
11-26 13:08:52.414 14145 14145 I Poster  :  onCreate() called.
11-26 13:08:52.417 14145 14145 I HwApsImpl: APS: new HwApsImpl created
11-26 13:08:52.423 14145 14145 V HwWidgetFactory: : successes to get AllImpl object and return....
11-26 13:08:52.432 14145 14145 D OpenGLRenderer: Skia GL Pipeline
11-26 13:08:52.451 14145 14145 D Poster  : Server details are IP 193.166.28.132 and port 52727
11-26 13:08:52.455 14145 14145 D Poster  : Server bound to IP 193.166.28.132 and port 52727
11-26 13:08:52.460 14145 14145 D ActivityThread: add activity client record, r= ActivityRecord{2c6908f token=android.os.BinderProxy@442f816 {symlab.cloudridar.arhud/symlab.ARHUD.MainActivity}} token= android.os.BinderProxy@442f816
11-26 13:08:52.462 14145 14145 I Poster  :  onStart() called.
11-26 13:08:52.463 14145 14145 D ZrHung.AppEyeUiProbe: notify runnable to start.
11-26 13:08:52.465 14145 14145 I Poster  :  onResume() called.
11-26 13:08:52.469 14145 14145 I PermissionManager: camera remind result:true
11-26 13:08:52.469 14145 14145 I Camera  : open camera: 0, package name: symlab.cloudridar.arhud
11-26 13:08:52.469 14145 14145 I BackgroundPermManager: pkgName: symlab.cloudridar.arhud,pid: 14145 ,uidOf3RdApk: 10147 ,permType: 0 ,permCfg: 1
11-26 13:08:52.470 14145 14145 I HwCameraUtil: notifySurfaceFlingerCameraStatus : isFront = false , isOpend = true
11-26 13:08:52.479 14145 14145 D ActivityThread: isOptEnabled=false isWechatScanOpt=false
11-26 13:08:52.483 14145 14145 I HwSecImmHelper: mSecurityInputMethodService is null
11-26 13:08:52.489 14145 14145 D OpenGLRenderer:   HWUI Binary is  enabled
11-26 13:08:52.501 14145 14209 D HiTouch_PressGestureDetector: onAttached, package=symlab.cloudridar.arhud, windowType=1, mHiTouchRestricted=false
11-26 13:08:52.510 14145 14205 I ConfigStore: android::hardware::configstore::V1_0::ISurfaceFlingerConfigs::hasWideColorDisplay retrieved: 0
11-26 13:08:52.510 14145 14205 I ConfigStore: android::hardware::configstore::V1_0::ISurfaceFlingerConfigs::hasHDRDisplay retrieved: 0
11-26 13:08:52.510 14145 14205 I iGraphics: [0020080c] pn: symlab.cloudridar.arhud, p: 14145
11-26 13:08:52.511 14145 14205 I OpenGLRenderer: Initialized EGL, version 1.4, mEglDisplay 0x1
11-26 13:08:52.511 14145 14205 D OpenGLRenderer: Swap behavior 2
11-26 13:08:52.519 14145 14205 D mali_winsys: EGLint new_window_surface(egl_winsys_display *, void *, EGLSurface, EGLConfig, egl_winsys_surface **, EGLBoolean) returns 0x3000
11-26 13:08:52.528 14145 14145 I Poster  :  surfaceCreated() called.
11-26 13:08:52.528 14145 14145 I Poster  : initPreview() called
11-26 13:08:52.533 14145 14145 I PermissionManager: camera remind result:true
11-26 13:08:52.537 14145 14145 I Poster  :  surfaceChanged() called.
11-26 13:08:52.555 14145 14145 W InputMethodManager: startInputReason = 1
11-26 13:08:52.568 14145 14145 W InputMethodManager: startInputReason = 5
11-26 13:08:53.193 14145 14186 D Evaluation: 0 res for frame 6 received at 1574766533193
11-26 13:08:53.257 14145 14186 D Evaluation: 0 res for frame 7 received at 1574766533257
11-26 13:08:53.292 14145 14186 D Evaluation: 0 res for frame 8 received at 1574766533292
11-26 13:08:53.327 14145 14186 D Evaluation: 1 res for frame 9 received at 1574766533327
11-26 13:08:53.357 14145 14186 D Evaluation: 1 res for frame 10 received at 1574766533357
11-26 13:08:53.392 14145 14186 D Evaluation: 1 res for frame 11 received at 1574766533392
11-26 13:08:53.429 14145 14161 E         : [ZeroHung]zrhung_get_config: Get config failed for wp[0x0008]
11-26 13:08:53.430 14145 14186 D Evaluation: 2 res for frame 12 received at 1574766533430
11-26 13:08:53.438 14145 14155 W System  : A resource failed to call close. 
11-26 13:08:53.439 14145 14155 I chatty  : uid=10147(symlab.cloudridar.arhud) FinalizerDaemon identical 21 lines
11-26 13:08:53.439 14145 14155 W System  : A resource failed to call close. 
11-26 13:08:53.464 14145 14186 D Evaluation: 0 res for frame 13 received at 1574766533464
11-26 13:08:53.494 14145 14186 D Evaluation: 1 res for frame 14 received at 1574766533494
11-26 13:08:53.527 14145 14186 D Evaluation: 3 res for frame 15 received at 1574766533527
11-26 13:08:53.563 14145 14186 D Evaluation: 2 res for frame 16 received at 1574766533563
11-26 13:08:53.595 14145 14186 D Evaluation: 2 res for frame 17 received at 1574766533595
11-26 13:08:53.605 14145 14145 D Poster  : At 1574766533604 location is 65.05791079978877 (latitude), and 25.469746399917305 (longitude)
11-26 13:08:53.606 14145 14145 D Poster  : Connected to WiFi
11-26 13:08:53.629 14145 14186 D Evaluation: 3 res for frame 18 received at 1574766533629
11-26 13:08:53.661 14145 14186 D Evaluation: 1 res for frame 19 received at 1574766533661
11-26 13:08:53.702 14145 14186 D Evaluation: 2 res for frame 20 received at 1574766533702
11-26 13:08:53.748 14145 14186 D Evaluation: 2 res for frame 21 received at 1574766533748
11-26 13:08:53.783 14145 14186 D Evaluation: 2 res for frame 22 received at 1574766533783
11-26 13:08:53.818 14145 14186 D Evaluation: 3 res for frame 23 received at 1574766533818
11-26 13:08:53.852 14145 14186 D Evaluation: 1 res for frame 24 received at 1574766533852
11-26 13:08:53.883 14145 14186 D Evaluation: 0 res for frame 25 received at 1574766533883
11-26 13:08:53.911 14145 14186 D Evaluation: 0 res for frame 26 received at 1574766533911
11-26 13:08:53.950 14145 14186 D Evaluation: 0 res for frame 27 received at 1574766533950
11-26 13:08:54.037 14145 14186 D Evaluation: 2 res for frame 28 received at 1574766534037
11-26 13:08:54.066 14145 14186 D Evaluation: 2 res for frame 29 received at 1574766534066
11-26 13:08:54.084 14145 14186 D Evaluation: 1 res for frame 30 received at 1574766534084
11-26 13:08:54.111 14145 14186 D Evaluation: 2 res for frame 31 received at 1574766534111
11-26 13:08:54.140 14145 14186 D Evaluation: 1 res for frame 32 received at 1574766534140
11-26 13:08:54.185 14145 14186 D Evaluation: 1 res for frame 33 received at 1574766534185
11-26 13:08:54.215 14145 14186 D Evaluation: 3 res for frame 34 received at 1574766534215
11-26 13:08:54.244 14145 14161 E         : [ZeroHung]zrhung_get_config: Get config failed for wp[0x0008]
11-26 13:08:54.248 14145 14186 D Evaluation: 1 res for frame 35 received at 1574766534248
11-26 13:08:54.259 14145 14155 W System  : A resource failed to call close. 
11-26 13:08:54.261 14145 14155 I chatty  : uid=10147(symlab.cloudridar.arhud) FinalizerDaemon identical 44 lines
11-26 13:08:54.261 14145 14155 W System  : A resource failed to call close. 
11-26 13:08:54.283 14145 14186 D Evaluation: 2 res for frame 36 received at 1574766534283
11-26 13:08:54.319 14145 14186 D Evaluation: 2 res for frame 37 received at 1574766534319
11-26 13:08:54.404 14145 14186 D Evaluation: 2 res for frame 38 received at 1574766534404
11-26 13:08:54.428 14145 14186 D Evaluation: 1 res for frame 39 received at 1574766534428
11-26 13:08:54.457 14145 14186 D Evaluation: 1 res for frame 40 received at 1574766534457
11-26 13:08:54.534 14145 14186 D Evaluation: 4 res for frame 41 received at 1574766534534
11-26 13:08:54.562 14145 14186 D Evaluation: 2 res for frame 42 received at 1574766534562
11-26 13:08:54.586 14145 14186 D Evaluation: 3 res for frame 43 received at 1574766534586
11-26 13:08:54.626 14145 14186 D Evaluation: 4 res for frame 44 received at 1574766534626
11-26 13:08:54.653 14145 14186 D Evaluation: 3 res for frame 45 received at 1574766534653
11-26 13:08:54.687 14145 14186 D Evaluation: 2 res for frame 46 received at 1574766534687
11-26 13:08:54.716 14145 14186 D Evaluation: 3 res for frame 47 received at 1574766534716
11-26 13:08:54.746 14145 14186 D Evaluation: 3 res for frame 48 received at 1574766534746
11-26 13:08:54.783 14145 14186 D Evaluation: 5 res for frame 49 received at 1574766534783
11-26 13:08:54.812 14145 14186 D Evaluation: 4 res for frame 50 received at 1574766534812
11-26 13:08:54.858 14145 14186 D Evaluation: 5 res for frame 51 received at 1574766534858
11-26 13:08:54.884 14145 14186 D Evaluation: 4 res for frame 52 received at 1574766534884
11-26 13:08:54.921 14145 14186 D Evaluation: 5 res for frame 53 received at 1574766534921
11-26 13:08:54.967 14145 14186 D Evaluation: 2 res for frame 54 received at 1574766534967
11-26 13:08:55.000 14145 14186 D Evaluation: 5 res for frame 55 received at 1574766535000
11-26 13:08:55.024 14145 14186 D Evaluation: 4 res for frame 56 received at 1574766535024
11-26 13:08:55.067 14145 14186 D Evaluation: 3 res for frame 57 received at 1574766535067
11-26 13:08:55.092 14145 14186 D Evaluation: 3 res for frame 58 received at 1574766535092
11-26 13:08:55.129 14145 14161 E         : [ZeroHung]zrhung_get_config: Get config failed for wp[0x0008]
11-26 13:08:55.129 14145 14186 D Evaluation: 4 res for frame 59 received at 1574766535129
11-26 13:08:55.156 14145 14155 W System  : A resource failed to call close. 
11-26 13:08:55.161 14145 14155 I chatty  : uid=10147(symlab.cloudridar.arhud) FinalizerDaemon identical 47 lines
11-26 13:08:55.161 14145 14155 W System  : A resource failed to call close. 
11-26 13:08:55.167 14145 14186 D Evaluation: 3 res for frame 60 received at 1574766535167
11-26 13:08:55.205 14145 14186 W System.err: java.net.SocketException: Message too long
11-26 13:08:55.205 14145 14186 W System.err: 	at sun.nio.ch.DatagramChannelImpl.send0(Native Method)
11-26 13:08:55.205 14145 14186 W System.err: 	at sun.nio.ch.DatagramChannelImpl.sendFromNativeBuffer(DatagramChannelImpl.java:573)
11-26 13:08:55.205 14145 14186 W System.err: 	at sun.nio.ch.DatagramChannelImpl.send(DatagramChannelImpl.java:550)
11-26 13:08:55.205 14145 14186 W System.err: 	at sun.nio.ch.DatagramChannelImpl.send(DatagramChannelImpl.java:514)
11-26 13:08:55.205 14145 14186 W System.err: 	at symlab.CloudAR.network.TransmissionTask.run(TransmissionTask.java:144)
11-26 13:08:55.205 14145 14186 W System.err: 	at android.os.Handler.handleCallback(Handler.java:907)
11-26 13:08:55.205 14145 14186 W System.err: 	at android.os.Handler.dispatchMessage(Handler.java:105)
11-26 13:08:55.205 14145 14186 W System.err: 	at android.os.Looper.loop(Looper.java:216)
11-26 13:08:55.205 14145 14186 W System.err: 	at android.os.HandlerThread.run(HandlerThread.java:65)
11-26 13:08:55.206 14145 14186 D Evaluation: 2 res for frame 61 received at 1574766535206
11-26 13:08:55.246 14145 14186 W System.err: java.net.SocketException: Message too long
11-26 13:08:55.246 14145 14186 W System.err: 	at sun.nio.ch.DatagramChannelImpl.send0(Native Method)
11-26 13:08:55.246 14145 14186 W System.err: 	at sun.nio.ch.DatagramChannelImpl.sendFromNativeBuffer(DatagramChannelImpl.java:573)
11-26 13:08:55.246 14145 14186 W System.err: 	at sun.nio.ch.DatagramChannelImpl.send(DatagramChannelImpl.java:550)
11-26 13:08:55.246 14145 14186 W System.err: 	at sun.nio.ch.DatagramChannelImpl.send(DatagramChannelImpl.java:514)
11-26 13:08:55.246 14145 14186 W System.err: 	at symlab.CloudAR.network.TransmissionTask.run(TransmissionTask.java:144)
11-26 13:08:55.246 14145 14186 W System.err: 	at android.os.Handler.handleCallback(Handler.java:907)
11-26 13:08:55.246 14145 14186 W System.err: 	at android.os.Handler.dispatchMessage(Handler.java:105)
11-26 13:08:55.246 14145 14186 W System.err: 	at android.os.Looper.loop(Looper.java:216)
11-26 13:08:55.246 14145 14186 W System.err: 	at android.os.HandlerThread.run(HandlerThread.java:65)
11-26 13:08:55.247 14145 14186 D Evaluation: 2 res for frame 62 received at 1574766535247
11-26 13:08:55.265 14145 14186 W System.err: java.net.SocketException: Message too long
11-26 13:08:55.265 14145 14186 W System.err: 	at sun.nio.ch.DatagramChannelImpl.send0(Native Method)
11-26 13:08:55.265 14145 14186 W System.err: 	at sun.nio.ch.DatagramChannelImpl.sendFromNativeBuffer(DatagramChannelImpl.java:573)
11-26 13:08:55.265 14145 14186 W System.err: 	at sun.nio.ch.DatagramChannelImpl.send(DatagramChannelImpl.java:550)
11-26 13:08:55.265 14145 14186 W System.err: 	at sun.nio.ch.DatagramChannelImpl.send(DatagramChannelImpl.java:514)
11-26 13:08:55.265 14145 14186 W System.err: 	at symlab.CloudAR.network.TransmissionTask.run(TransmissionTask.java:144)
11-26 13:08:55.265 14145 14186 W System.err: 	at android.os.Handler.handleCallback(Handler.java:907)
11-26 13:08:55.265 14145 14186 W System.err: 	at android.os.Handler.dispatchMessage(Handler.java:105)
11-26 13:08:55.265 14145 14186 W System.err: 	at android.os.Looper.loop(Looper.java:216)
11-26 13:08:55.265 14145 14186 W System.err: 	at android.os.HandlerThread.run(HandlerThread.java:65)
11-26 13:08:55.266 14145 14186 D Evaluation: 2 res for frame 63 received at 1574766535266
11-26 13:08:55.292 14145 14186 W System.err: java.net.SocketException: Message too long
11-26 13:08:55.292 14145 14186 W System.err: 	at sun.nio.ch.DatagramChannelImpl.send0(Native Method)
11-26 13:08:55.292 14145 14186 W System.err: 	at sun.nio.ch.DatagramChannelImpl.sendFromNativeBuffer(DatagramChannelImpl.java:573)
11-26 13:08:55.292 14145 14186 W System.err: 	at sun.nio.ch.DatagramChannelImpl.send(DatagramChannelImpl.java:550)
11-26 13:08:55.292 14145 14186 W System.err: 	at sun.nio.ch.DatagramChannelImpl.send(DatagramChannelImpl.java:514)
11-26 13:08:55.292 14145 14186 W System.err: 	at symlab.CloudAR.network.TransmissionTask.run(TransmissionTask.java:144)
11-26 13:08:55.292 14145 14186 W System.err: 	at android.os.Handler.handleCallback(Handler.java:907)
11-26 13:08:55.292 14145 14186 W System.err: 	at android.os.Handler.dispatchMessage(Handler.java:105)
11-26 13:08:55.292 14145 14186 W System.err: 	at android.os.Looper.loop(Looper.java:216)
11-26 13:08:55.292 14145 14186 W System.err: 	at android.os.HandlerThread.run(HandlerThread.java:65)
11-26 13:08:55.293 14145 14186 D Evaluation: 5 res for frame 64 received at 1574766535293
11-26 13:08:55.319 14145 14186 W System.err: java.net.SocketException: Message too long
11-26 13:08:55.319 14145 14186 W System.err: 	at sun.nio.ch.DatagramChannelImpl.send0(Native Method)
11-26 13:08:55.319 14145 14186 W System.err: 	at sun.nio.ch.DatagramChannelImpl.sendFromNativeBuffer(DatagramChannelImpl.java:573)
11-26 13:08:55.319 14145 14186 W System.err: 	at sun.nio.ch.DatagramChannelImpl.send(DatagramChannelImpl.java:550)
11-26 13:08:55.319 14145 14186 W System.err: 	at sun.nio.ch.DatagramChannelImpl.send(DatagramChannelImpl.java:514)
11-26 13:08:55.319 14145 14186 W System.err: 	at symlab.CloudAR.network.TransmissionTask.run(TransmissionTask.java:144)
11-26 13:08:55.319 14145 14186 W System.err: 	at android.os.Handler.handleCallback(Handler.java:907)
11-26 13:08:55.319 14145 14186 W System.err: 	at android.os.Handler.dispatchMessage(Handler.java:105)
11-26 13:08:55.320 14145 14186 W System.err: 	at android.os.Looper.loop(Looper.java:216)
11-26 13:08:55.320 14145 14186 W System.err: 	at android.os.HandlerThread.run(HandlerThread.java:65)
11-26 13:08:55.362 14145 14186 W System.err: java.net.SocketException: Message too long
11-26 13:08:55.363 14145 14186 W System.err: 	at sun.nio.ch.DatagramChannelImpl.send0(Native Method)
11-26 13:08:55.363 14145 14186 W System.err: 	at sun.nio.ch.DatagramChannelImpl.sendFromNativeBuffer(DatagramChannelImpl.java:573)
11-26 13:08:55.363 14145 14186 W System.err: 	at sun.nio.ch.DatagramChannelImpl.send(DatagramChannelImpl.java:550)
11-26 13:08:55.363 14145 14186 W System.err: 	at sun.nio.ch.DatagramChannelImpl.send(DatagramChannelImpl.java:514)
11-26 13:08:55.363 14145 14186 W System.err: 	at symlab.CloudAR.network.TransmissionTask.run(TransmissionTask.java:144)
11-26 13:08:55.363 14145 14186 W System.err: 	at android.os.Handler.handleCallback(Handler.java:907)
11-26 13:08:55.363 14145 14186 W System.err: 	at android.os.Handler.dispatchMessage(Handler.java:105)
11-26 13:08:55.363 14145 14186 W System.err: 	at android.os.Looper.loop(Looper.java:216)
11-26 13:08:55.363 14145 14186 W System.err: 	at android.os.HandlerThread.run(HandlerThread.java:65)
11-26 13:08:55.387 14145 14186 W System.err: java.net.SocketException: Message too long
11-26 13:08:55.388 14145 14186 W System.err: 	at sun.nio.ch.DatagramChannelImpl.send0(Native Method)
11-26 13:08:55.388 14145 14186 W System.err: 	at sun.nio.ch.DatagramChannelImpl.sendFromNativeBuffer(DatagramChannelImpl.java:573)
11-26 13:08:55.388 14145 14186 W System.err: 	at sun.nio.ch.DatagramChannelImpl.send(DatagramChannelImpl.java:550)
11-26 13:08:55.388 14145 14186 W System.err: 	at sun.nio.ch.DatagramChannelImpl.send(DatagramChannelImpl.java:514)
11-26 13:08:55.388 14145 14186 W System.err: 	at symlab.CloudAR.network.TransmissionTask.run(TransmissionTask.java:144)
11-26 13:08:55.388 14145 14186 W System.err: 	at android.os.Handler.handleCallback(Handler.java:907)
11-26 13:08:55.388 14145 14186 W System.err: 	at android.os.Handler.dispatchMessage(Handler.java:105)
11-26 13:08:55.388 14145 14186 W System.err: 	at android.os.Looper.loop(Looper.java:216)
11-26 13:08:55.388 14145 14186 W System.err: 	at android.os.HandlerThread.run(HandlerThread.java:65)
11-26 13:08:55.419 14145 14186 W System.err: java.net.SocketException: Message too long
11-26 13:08:55.419 14145 14186 W System.err: 	at sun.nio.ch.DatagramChannelImpl.send0(Native Method)
11-26 13:08:55.419 14145 14186 W System.err: 	at sun.nio.ch.DatagramChannelImpl.sendFromNativeBuffer(DatagramChannelImpl.java:573)
11-26 13:08:55.419 14145 14186 W System.err: 	at sun.nio.ch.DatagramChannelImpl.send(DatagramChannelImpl.java:550)
11-26 13:08:55.419 14145 14186 W System.err: 	at sun.nio.ch.DatagramChannelImpl.send(DatagramChannelImpl.java:514)
11-26 13:08:55.419 14145 14186 W System.err: 	at symlab.CloudAR.network.TransmissionTask.run(TransmissionTask.java:144)
11-26 13:08:55.419 14145 14186 W System.err: 	at android.os.Handler.handleCallback(Handler.java:907)
11-26 13:08:55.419 14145 14186 W System.err: 	at android.os.Handler.dispatchMessage(Handler.java:105)
11-26 13:08:55.419 14145 14186 W System.err: 	at android.os.Looper.loop(Looper.java:216)
11-26 13:08:55.419 14145 14186 W System.err: 	at android.os.HandlerThread.run(HandlerThread.java:65)
11-26 13:08:55.521 14145 14186 W System.err: java.net.SocketException: Message too long
11-26 13:08:55.521 14145 14186 W System.err: 	at sun.nio.ch.DatagramChannelImpl.send0(Native Method)
11-26 13:08:55.521 14145 14186 W System.err: 	at sun.nio.ch.DatagramChannelImpl.sendFromNativeBuffer(DatagramChannelImpl.java:573)
11-26 13:08:55.521 14145 14186 W System.err: 	at sun.nio.ch.DatagramChannelImpl.send(DatagramChannelImpl.java:550)
11-26 13:08:55.521 14145 14186 W System.err: 	at sun.nio.ch.DatagramChannelImpl.send(DatagramChannelImpl.java:514)
11-26 13:08:55.521 14145 14186 W System.err: 	at symlab.CloudAR.network.TransmissionTask.run(TransmissionTask.java:144)
11-26 13:08:55.521 14145 14186 W System.err: 	at android.os.Handler.handleCallback(Handler.java:907)
11-26 13:08:55.521 14145 14186 W System.err: 	at android.os.Handler.dispatchMessage(Handler.java:105)
11-26 13:08:55.521 14145 14186 W System.err: 	at android.os.Looper.loop(Looper.java:216)
11-26 13:08:55.521 14145 14186 W System.err: 	at android.os.HandlerThread.run(HandlerThread.java:65)
11-26 13:08:55.565 14145 14186 D Evaluation: 5 res for frame 73 received at 1574766535565
11-26 13:08:55.636 14145 14186 D Evaluation: 3 res for frame 75 received at 1574766535636
11-26 13:08:55.668 14145 14186 D Evaluation: 4 res for frame 76 received at 1574766535668
11-26 13:08:55.690 14145 14186 W System.err: java.net.SocketException: Message too long
11-26 13:08:55.690 14145 14186 W System.err: 	at sun.nio.ch.DatagramChannelImpl.send0(Native Method)
11-26 13:08:55.690 14145 14186 W System.err: 	at sun.nio.ch.DatagramChannelImpl.sendFromNativeBuffer(DatagramChannelImpl.java:573)
11-26 13:08:55.690 14145 14186 W System.err: 	at sun.nio.ch.DatagramChannelImpl.send(DatagramChannelImpl.java:550)
11-26 13:08:55.690 14145 14186 W System.err: 	at sun.nio.ch.DatagramChannelImpl.send(DatagramChannelImpl.java:514)
11-26 13:08:55.690 14145 14186 W System.err: 	at symlab.CloudAR.network.TransmissionTask.run(TransmissionTask.java:144)
11-26 13:08:55.690 14145 14186 W System.err: 	at android.os.Handler.handleCallback(Handler.java:907)
11-26 13:08:55.690 14145 14186 W System.err: 	at android.os.Handler.dispatchMessage(Handler.java:105)
11-26 13:08:55.690 14145 14186 W System.err: 	at android.os.Looper.loop(Looper.java:216)
11-26 13:08:55.690 14145 14186 W System.err: 	at android.os.HandlerThread.run(HandlerThread.java:65)
11-26 13:08:55.691 14145 14186 D Evaluation: 3 res for frame 77 received at 1574766535691
11-26 13:08:55.732 14145 14186 W System.err: java.net.SocketException: Message too long
11-26 13:08:55.732 14145 14186 W System.err: 	at sun.nio.ch.DatagramChannelImpl.send0(Native Method)
11-26 13:08:55.732 14145 14186 W System.err: 	at sun.nio.ch.DatagramChannelImpl.sendFromNativeBuffer(DatagramChannelImpl.java:573)
11-26 13:08:55.732 14145 14186 W System.err: 	at sun.nio.ch.DatagramChannelImpl.send(DatagramChannelImpl.java:550)
11-26 13:08:55.732 14145 14186 W System.err: 	at sun.nio.ch.DatagramChannelImpl.send(DatagramChannelImpl.java:514)
11-26 13:08:55.732 14145 14186 W System.err: 	at symlab.CloudAR.network.TransmissionTask.run(TransmissionTask.java:144)
11-26 13:08:55.732 14145 14186 W System.err: 	at android.os.Handler.handleCallback(Handler.java:907)
11-26 13:08:55.732 14145 14186 W System.err: 	at android.os.Handler.dispatchMessage(Handler.java:105)
11-26 13:08:55.732 14145 14186 W System.err: 	at android.os.Looper.loop(Looper.java:216)
11-26 13:08:55.732 14145 14186 W System.err: 	at android.os.HandlerThread.run(HandlerThread.java:65)
11-26 13:08:55.733 14145 14186 D Evaluation: 2 res for frame 78 received at 1574766535733
11-26 13:08:55.776 14145 14186 W System.err: java.net.SocketException: Message too long
11-26 13:08:55.776 14145 14186 W System.err: 	at sun.nio.ch.DatagramChannelImpl.send0(Native Method)
11-26 13:08:55.777 14145 14186 W System.err: 	at sun.nio.ch.DatagramChannelImpl.sendFromNativeBuffer(DatagramChannelImpl.java:573)
11-26 13:08:55.777 14145 14186 W System.err: 	at sun.nio.ch.DatagramChannelImpl.send(DatagramChannelImpl.java:550)
11-26 13:08:55.777 14145 14186 W System.err: 	at sun.nio.ch.DatagramChannelImpl.send(DatagramChannelImpl.java:514)
11-26 13:08:55.777 14145 14186 W System.err: 	at symlab.CloudAR.network.TransmissionTask.run(TransmissionTask.java:144)
11-26 13:08:55.777 14145 14186 W System.err: 	at android.os.Handler.handleCallback(Handler.java:907)
11-26 13:08:55.777 14145 14186 W System.err: 	at android.os.Handler.dispatchMessage(Handler.java:105)
11-26 13:08:55.777 14145 14186 W System.err: 	at android.os.Looper.loop(Looper.java:216)
11-26 13:08:55.777 14145 14186 W System.err: 	at android.os.HandlerThread.run(HandlerThread.java:65)
11-26 13:08:55.896 14145 14186 D Evaluation: 4 res for frame 82 received at 1574766535896
11-26 13:08:55.974 14145 14186 D Evaluation: 4 res for frame 83 received at 1574766535974
11-26 13:08:56.006 14145 14161 E         : [ZeroHung]zrhung_get_config: Get config failed for wp[0x0008]
11-26 13:08:56.008 14145 14186 W System.err: java.net.SocketException: Message too long
11-26 13:08:56.008 14145 14186 W System.err: 	at sun.nio.ch.DatagramChannelImpl.send0(Native Method)
11-26 13:08:56.008 14145 14186 W System.err: 	at sun.nio.ch.DatagramChannelImpl.sendFromNativeBuffer(DatagramChannelImpl.java:573)
11-26 13:08:56.008 14145 14186 W System.err: 	at sun.nio.ch.DatagramChannelImpl.send(DatagramChannelImpl.java:550)
11-26 13:08:56.008 14145 14186 W System.err: 	at sun.nio.ch.DatagramChannelImpl.send(DatagramChannelImpl.java:514)
11-26 13:08:56.009 14145 14186 W System.err: 	at symlab.CloudAR.network.TransmissionTask.run(TransmissionTask.java:144)
11-26 13:08:56.009 14145 14186 W System.err: 	at android.os.Handler.handleCallback(Handler.java:907)
11-26 13:08:56.009 14145 14186 W System.err: 	at android.os.Handler.dispatchMessage(Handler.java:105)
11-26 13:08:56.009 14145 14186 W System.err: 	at android.os.Looper.loop(Looper.java:216)
11-26 13:08:56.009 14145 14186 W System.err: 	at android.os.HandlerThread.run(HandlerThread.java:65)
11-26 13:08:56.010 14145 14186 D Evaluation: 2 res for frame 84 received at 1574766536010
11-26 13:08:56.026 14145 14155 W System  : A resource failed to call close. 
11-26 13:08:56.028 14145 14155 I chatty  : uid=10147(symlab.cloudridar.arhud) FinalizerDaemon identical 33 lines
11-26 13:08:56.028 14145 14155 W System  : A resource failed to call close. 
11-26 13:08:56.037 14145 14186 W System.err: java.net.SocketException: Message too long
11-26 13:08:56.037 14145 14186 W System.err: 	at sun.nio.ch.DatagramChannelImpl.send0(Native Method)
11-26 13:08:56.037 14145 14186 W System.err: 	at sun.nio.ch.DatagramChannelImpl.sendFromNativeBuffer(DatagramChannelImpl.java:573)
11-26 13:08:56.037 14145 14186 W System.err: 	at sun.nio.ch.DatagramChannelImpl.send(DatagramChannelImpl.java:550)
11-26 13:08:56.037 14145 14186 W System.err: 	at sun.nio.ch.DatagramChannelImpl.send(DatagramChannelImpl.java:514)
11-26 13:08:56.037 14145 14186 W System.err: 	at symlab.CloudAR.network.TransmissionTask.run(TransmissionTask.java:144)
11-26 13:08:56.037 14145 14186 W System.err: 	at android.os.Handler.handleCallback(Handler.java:907)
11-26 13:08:56.037 14145 14186 W System.err: 	at android.os.Handler.dispatchMessage(Handler.java:105)
11-26 13:08:56.037 14145 14186 W System.err: 	at android.os.Looper.loop(Looper.java:216)
11-26 13:08:56.037 14145 14186 W System.err: 	at android.os.HandlerThread.run(HandlerThread.java:65)
11-26 13:08:56.038 14145 14186 D Evaluation: 4 res for frame 85 received at 1574766536038
11-26 13:08:56.106 14145 14186 D Evaluation: 2 res for frame 86 received at 1574766536106
11-26 13:08:56.213 14145 14186 D Evaluation: 4 res for frame 89 received at 1574766536213
11-26 13:08:56.236 14145 14186 D Evaluation: 3 res for frame 90 received at 1574766536236
11-26 13:08:56.265 14145 14186 D Evaluation: 4 res for frame 91 received at 1574766536265
11-26 13:08:56.309 14145 14186 D Evaluation: 4 res for frame 92 received at 1574766536309
11-26 13:08:56.335 14145 14186 D Evaluation: 3 res for frame 93 received at 1574766536335
11-26 13:08:56.371 14145 14186 D Evaluation: 4 res for frame 94 received at 1574766536371
11-26 13:08:56.406 14145 14186 D Evaluation: 3 res for frame 95 received at 1574766536406
11-26 13:08:56.429 14145 14186 D Evaluation: 3 res for frame 96 received at 1574766536429
11-26 13:08:56.478 14145 14186 D Evaluation: 3 res for frame 97 received at 1574766536478
11-26 13:08:56.516 14145 14186 D Evaluation: 3 res for frame 98 received at 1574766536516
11-26 13:08:56.552 14145 14186 D Evaluation: 2 res for frame 99 received at 1574766536552
11-26 13:08:56.575 14145 14186 D Evaluation: 2 res for frame 100 received at 1574766536575
11-26 13:08:56.606 14145 14186 D Evaluation: 2 res for frame 101 received at 1574766536606
11-26 13:08:56.645 14145 14186 D Evaluation: 2 res for frame 102 received at 1574766536645
11-26 13:08:56.684 14145 14186 D Evaluation: 2 res for frame 103 received at 1574766536684
11-26 13:08:56.709 14145 14186 W System.err: java.net.SocketException: Message too long
11-26 13:08:56.709 14145 14186 W System.err: 	at sun.nio.ch.DatagramChannelImpl.send0(Native Method)
11-26 13:08:56.709 14145 14186 W System.err: 	at sun.nio.ch.DatagramChannelImpl.sendFromNativeBuffer(DatagramChannelImpl.java:573)
11-26 13:08:56.709 14145 14186 W System.err: 	at sun.nio.ch.DatagramChannelImpl.send(DatagramChannelImpl.java:550)
11-26 13:08:56.709 14145 14186 W System.err: 	at sun.nio.ch.DatagramChannelImpl.send(DatagramChannelImpl.java:514)
11-26 13:08:56.709 14145 14186 W System.err: 	at symlab.CloudAR.network.TransmissionTask.run(TransmissionTask.java:144)
11-26 13:08:56.709 14145 14186 W System.err: 	at android.os.Handler.handleCallback(Handler.java:907)
11-26 13:08:56.709 14145 14186 W System.err: 	at android.os.Handler.dispatchMessage(Handler.java:105)
11-26 13:08:56.709 14145 14186 W System.err: 	at android.os.Looper.loop(Looper.java:216)
11-26 13:08:56.709 14145 14186 W System.err: 	at android.os.HandlerThread.run(HandlerThread.java:65)
11-26 13:08:56.712 14145 14186 D Evaluation: 2 res for frame 104 received at 1574766536712
11-26 13:08:56.744 14145 14186 W System.err: java.net.SocketException: Message too long
11-26 13:08:56.744 14145 14186 W System.err: 	at sun.nio.ch.DatagramChannelImpl.send0(Native Method)
11-26 13:08:56.744 14145 14186 W System.err: 	at sun.nio.ch.DatagramChannelImpl.sendFromNativeBuffer(DatagramChannelImpl.java:573)
11-26 13:08:56.744 14145 14186 W System.err: 	at sun.nio.ch.DatagramChannelImpl.send(DatagramChannelImpl.java:550)
11-26 13:08:56.744 14145 14186 W System.err: 	at sun.nio.ch.DatagramChannelImpl.send(DatagramChannelImpl.java:514)
11-26 13:08:56.744 14145 14186 W System.err: 	at symlab.CloudAR.network.TransmissionTask.run(TransmissionTask.java:144)
11-26 13:08:56.744 14145 14186 W System.err: 	at android.os.Handler.handleCallback(Handler.java:907)
11-26 13:08:56.744 14145 14186 W System.err: 	at android.os.Handler.dispatchMessage(Handler.java:105)
11-26 13:08:56.744 14145 14186 W System.err: 	at android.os.Looper.loop(Looper.java:216)
11-26 13:08:56.744 14145 14186 W System.err: 	at android.os.HandlerThread.run(HandlerThread.java:65)
11-26 13:08:56.745 14145 14186 D Evaluation: 2 res for frame 105 received at 1574766536745
11-26 13:08:56.784 14145 14186 W System.err: java.net.SocketException: Message too long
11-26 13:08:56.784 14145 14186 W System.err: 	at sun.nio.ch.DatagramChannelImpl.send0(Native Method)
11-26 13:08:56.784 14145 14186 W System.err: 	at sun.nio.ch.DatagramChannelImpl.sendFromNativeBuffer(DatagramChannelImpl.java:573)
11-26 13:08:56.784 14145 14186 W System.err: 	at sun.nio.ch.DatagramChannelImpl.send(DatagramChannelImpl.java:550)
11-26 13:08:56.784 14145 14186 W System.err: 	at sun.nio.ch.DatagramChannelImpl.send(DatagramChannelImpl.java:514)
11-26 13:08:56.784 14145 14186 W System.err: 	at symlab.CloudAR.network.TransmissionTask.run(TransmissionTask.java:144)
11-26 13:08:56.784 14145 14186 W System.err: 	at android.os.Handler.handleCallback(Handler.java:907)
11-26 13:08:56.784 14145 14186 W System.err: 	at android.os.Handler.dispatchMessage(Handler.java:105)
11-26 13:08:56.784 14145 14186 W System.err: 	at android.os.Looper.loop(Looper.java:216)
11-26 13:08:56.784 14145 14186 W System.err: 	at android.os.HandlerThread.run(HandlerThread.java:65)
11-26 13:08:56.785 14145 14186 D Evaluation: 2 res for frame 106 received at 1574766536785
11-26 13:08:56.805 14145 14186 W System.err: java.net.SocketException: Message too long
11-26 13:08:56.805 14145 14186 W System.err: 	at sun.nio.ch.DatagramChannelImpl.send0(Native Method)
11-26 13:08:56.805 14145 14186 W System.err: 	at sun.nio.ch.DatagramChannelImpl.sendFromNativeBuffer(DatagramChannelImpl.java:573)
11-26 13:08:56.805 14145 14186 W System.err: 	at sun.nio.ch.DatagramChannelImpl.send(DatagramChannelImpl.java:550)
11-26 13:08:56.805 14145 14186 W System.err: 	at sun.nio.ch.DatagramChannelImpl.send(DatagramChannelImpl.java:514)
11-26 13:08:56.805 14145 14186 W System.err: 	at symlab.CloudAR.network.TransmissionTask.run(TransmissionTask.java:144)
11-26 13:08:56.805 14145 14186 W System.err: 	at android.os.Handler.handleCallback(Handler.java:907)
11-26 13:08:56.805 14145 14186 W System.err: 	at android.os.Handler.dispatchMessage(Handler.java:105)
11-26 13:08:56.805 14145 14186 W System.err: 	at android.os.Looper.loop(Looper.java:216)
11-26 13:08:56.805 14145 14186 W System.err: 	at android.os.HandlerThread.run(HandlerThread.java:65)
11-26 13:08:56.841 14145 14161 E         : [ZeroHung]zrhung_get_config: Get config failed for wp[0x0008]
11-26 13:08:56.842 14145 14186 W System.err: java.net.SocketException: Message too long
11-26 13:08:56.842 14145 14186 W System.err: 	at sun.nio.ch.DatagramChannelImpl.send0(Native Method)
11-26 13:08:56.842 14145 14186 W System.err: 	at sun.nio.ch.DatagramChannelImpl.sendFromNativeBuffer(DatagramChannelImpl.java:573)
11-26 13:08:56.842 14145 14186 W System.err: 	at sun.nio.ch.DatagramChannelImpl.send(DatagramChannelImpl.java:550)
11-26 13:08:56.842 14145 14186 W System.err: 	at sun.nio.ch.DatagramChannelImpl.send(DatagramChannelImpl.java:514)
11-26 13:08:56.842 14145 14186 W System.err: 	at symlab.CloudAR.network.TransmissionTask.run(TransmissionTask.java:144)
11-26 13:08:56.842 14145 14186 W System.err: 	at android.os.Handler.handleCallback(Handler.java:907)
11-26 13:08:56.842 14145 14186 W System.err: 	at android.os.Handler.dispatchMessage(Handler.java:105)
11-26 13:08:56.842 14145 14186 W System.err: 	at android.os.Looper.loop(Looper.java:216)
11-26 13:08:56.842 14145 14186 W System.err: 	at android.os.HandlerThread.run(HandlerThread.java:65)
11-26 13:08:56.868 14145 14155 W System  : A resource failed to call close. 
11-26 13:08:56.868 14145 14186 W System.err: java.net.SocketException: Message too long
11-26 13:08:56.868 14145 14186 W System.err: 	at sun.nio.ch.DatagramChannelImpl.send0(Native Method)
11-26 13:08:56.868 14145 14155 W System  : A resource failed to call close. 
11-26 13:08:56.868 14145 14186 W System.err: 	at sun.nio.ch.DatagramChannelImpl.sendFromNativeBuffer(DatagramChannelImpl.java:573)
11-26 13:08:56.868 14145 14186 W System.err: 	at sun.nio.ch.DatagramChannelImpl.send(DatagramChannelImpl.java:550)
11-26 13:08:56.868 14145 14186 W System.err: 	at sun.nio.ch.DatagramChannelImpl.send(DatagramChannelImpl.java:514)
11-26 13:08:56.868 14145 14186 W System.err: 	at symlab.CloudAR.network.TransmissionTask.run(TransmissionTask.java:144)
11-26 13:08:56.868 14145 14186 W System.err: 	at android.os.Handler.handleCallback(Handler.java:907)
11-26 13:08:56.868 14145 14155 W System  : A resource failed to call close. 
11-26 13:08:56.868 14145 14186 W System.err: 	at android.os.Handler.dispatchMessage(Handler.java:105)
11-26 13:08:56.868 14145 14186 W System.err: 	at android.os.Looper.loop(Looper.java:216)
11-26 13:08:56.868 14145 14155 W System  : A resource failed to call close. 
11-26 13:08:56.868 14145 14186 W System.err: 	at android.os.HandlerThread.run(HandlerThread.java:65)
11-26 13:08:56.868 14145 14155 W System  : A resource failed to call close. 
11-26 13:08:56.871 14145 14155 I chatty  : uid=10147(symlab.cloudridar.arhud) FinalizerDaemon identical 40 lines
11-26 13:08:56.871 14145 14155 W System  : A resource failed to call close. 
11-26 13:08:56.901 14145 14186 W System.err: java.net.SocketException: Message too long
11-26 13:08:56.902 14145 14186 W System.err: 	at sun.nio.ch.DatagramChannelImpl.send0(Native Method)
11-26 13:08:56.902 14145 14186 W System.err: 	at sun.nio.ch.DatagramChannelImpl.sendFromNativeBuffer(DatagramChannelImpl.java:573)
11-26 13:08:56.902 14145 14186 W System.err: 	at sun.nio.ch.DatagramChannelImpl.send(DatagramChannelImpl.java:550)
11-26 13:08:56.902 14145 14186 W System.err: 	at sun.nio.ch.DatagramChannelImpl.send(DatagramChannelImpl.java:514)
11-26 13:08:56.902 14145 14186 W System.err: 	at symlab.CloudAR.network.TransmissionTask.run(TransmissionTask.java:144)
11-26 13:08:56.902 14145 14186 W System.err: 	at android.os.Handler.handleCallback(Handler.java:907)
11-26 13:08:56.902 14145 14186 W System.err: 	at android.os.Handler.dispatchMessage(Handler.java:105)
11-26 13:08:56.902 14145 14186 W System.err: 	at android.os.Looper.loop(Looper.java:216)
11-26 13:08:56.902 14145 14186 W System.err: 	at android.os.HandlerThread.run(HandlerThread.java:65)
11-26 13:08:56.937 14145 14186 W System.err: java.net.SocketException: Message too long
11-26 13:08:56.937 14145 14186 W System.err: 	at sun.nio.ch.DatagramChannelImpl.send0(Native Method)
11-26 13:08:56.937 14145 14186 W System.err: 	at sun.nio.ch.DatagramChannelImpl.sendFromNativeBuffer(DatagramChannelImpl.java:573)
11-26 13:08:56.937 14145 14186 W System.err: 	at sun.nio.ch.DatagramChannelImpl.send(DatagramChannelImpl.java:550)
11-26 13:08:56.937 14145 14186 W System.err: 	at sun.nio.ch.DatagramChannelImpl.send(DatagramChannelImpl.java:514)
11-26 13:08:56.937 14145 14186 W System.err: 	at symlab.CloudAR.network.TransmissionTask.run(TransmissionTask.java:144)
11-26 13:08:56.937 14145 14186 W System.err: 	at android.os.Handler.handleCallback(Handler.java:907)
11-26 13:08:56.937 14145 14186 W System.err: 	at android.os.Handler.dispatchMessage(Handler.java:105)
11-26 13:08:56.937 14145 14186 W System.err: 	at android.os.Looper.loop(Looper.java:216)
11-26 13:08:56.937 14145 14186 W System.err: 	at android.os.HandlerThread.run(HandlerThread.java:65)
11-26 13:08:56.982 14145 14186 W System.err: java.net.SocketException: Message too long
11-26 13:08:56.982 14145 14186 W System.err: 	at sun.nio.ch.DatagramChannelImpl.send0(Native Method)
11-26 13:08:56.982 14145 14186 W System.err: 	at sun.nio.ch.DatagramChannelImpl.sendFromNativeBuffer(DatagramChannelImpl.java:573)
11-26 13:08:56.982 14145 14186 W System.err: 	at sun.nio.ch.DatagramChannelImpl.send(DatagramChannelImpl.java:550)
11-26 13:08:56.982 14145 14186 W System.err: 	at sun.nio.ch.DatagramChannelImpl.send(DatagramChannelImpl.java:514)
11-26 13:08:56.982 14145 14186 W System.err: 	at symlab.CloudAR.network.TransmissionTask.run(TransmissionTask.java:144)
11-26 13:08:56.982 14145 14186 W System.err: 	at android.os.Handler.handleCallback(Handler.java:907)
11-26 13:08:56.982 14145 14186 W System.err: 	at android.os.Handler.dispatchMessage(Handler.java:105)
11-26 13:08:56.982 14145 14186 W System.err: 	at android.os.Looper.loop(Looper.java:216)
11-26 13:08:56.982 14145 14186 W System.err: 	at android.os.HandlerThread.run(HandlerThread.java:65)
11-26 13:08:57.014 14145 14186 W System.err: java.net.SocketException: Message too long
11-26 13:08:57.014 14145 14186 W System.err: 	at sun.nio.ch.DatagramChannelImpl.send0(Native Method)
11-26 13:08:57.014 14145 14186 W System.err: 	at sun.nio.ch.DatagramChannelImpl.sendFromNativeBuffer(DatagramChannelImpl.java:573)
11-26 13:08:57.014 14145 14186 W System.err: 	at sun.nio.ch.DatagramChannelImpl.send(DatagramChannelImpl.java:550)
11-26 13:08:57.014 14145 14186 W System.err: 	at sun.nio.ch.DatagramChannelImpl.send(DatagramChannelImpl.java:514)
11-26 13:08:57.014 14145 14186 W System.err: 	at symlab.CloudAR.network.TransmissionTask.run(TransmissionTask.java:144)
11-26 13:08:57.014 14145 14186 W System.err: 	at android.os.Handler.handleCallback(Handler.java:907)
11-26 13:08:57.014 14145 14186 W System.err: 	at android.os.Handler.dispatchMessage(Handler.java:105)
11-26 13:08:57.014 14145 14186 W System.err: 	at android.os.Looper.loop(Looper.java:216)
11-26 13:08:57.015 14145 14186 W System.err: 	at android.os.HandlerThread.run(HandlerThread.java:65)
11-26 13:08:57.048 14145 14186 W System.err: java.net.SocketException: Message too long
11-26 13:08:57.048 14145 14186 W System.err: 	at sun.nio.ch.DatagramChannelImpl.send0(Native Method)
11-26 13:08:57.048 14145 14186 W System.err: 	at sun.nio.ch.DatagramChannelImpl.sendFromNativeBuffer(DatagramChannelImpl.java:573)
11-26 13:08:57.048 14145 14186 W System.err: 	at sun.nio.ch.DatagramChannelImpl.send(DatagramChannelImpl.java:550)
11-26 13:08:57.048 14145 14186 W System.err: 	at sun.nio.ch.DatagramChannelImpl.send(DatagramChannelImpl.java:514)
11-26 13:08:57.048 14145 14186 W System.err: 	at symlab.CloudAR.network.TransmissionTask.run(TransmissionTask.java:144)
11-26 13:08:57.048 14145 14186 W System.err: 	at android.os.Handler.handleCallback(Handler.java:907)
11-26 13:08:57.048 14145 14186 W System.err: 	at android.os.Handler.dispatchMessage(Handler.java:105)
11-26 13:08:57.048 14145 14186 W System.err: 	at android.os.Looper.loop(Looper.java:216)
11-26 13:08:57.048 14145 14186 W System.err: 	at android.os.HandlerThread.run(HandlerThread.java:65)
11-26 13:08:57.085 14145 14186 W System.err: java.net.SocketException: Message too long
11-26 13:08:57.085 14145 14186 W System.err: 	at sun.nio.ch.DatagramChannelImpl.send0(Native Method)
11-26 13:08:57.085 14145 14186 W System.err: 	at sun.nio.ch.DatagramChannelImpl.sendFromNativeBuffer(DatagramChannelImpl.java:573)
11-26 13:08:57.085 14145 14186 W System.err: 	at sun.nio.ch.DatagramChannelImpl.send(DatagramChannelImpl.java:550)
11-26 13:08:57.085 14145 14186 W System.err: 	at sun.nio.ch.DatagramChannelImpl.send(DatagramChannelImpl.java:514)
11-26 13:08:57.085 14145 14186 W System.err: 	at symlab.CloudAR.network.TransmissionTask.run(TransmissionTask.java:144)
11-26 13:08:57.085 14145 14186 W System.err: 	at android.os.Handler.handleCallback(Handler.java:907)
11-26 13:08:57.086 14145 14186 W System.err: 	at android.os.Handler.dispatchMessage(Handler.java:105)
11-26 13:08:57.086 14145 14186 W System.err: 	at android.os.Looper.loop(Looper.java:216)
11-26 13:08:57.086 14145 14186 W System.err: 	at android.os.HandlerThread.run(HandlerThread.java:65)
11-26 13:08:57.110 14145 14186 W System.err: java.net.SocketException: Message too long
11-26 13:08:57.110 14145 14186 W System.err: 	at sun.nio.ch.DatagramChannelImpl.send0(Native Method)
11-26 13:08:57.110 14145 14186 W System.err: 	at sun.nio.ch.DatagramChannelImpl.sendFromNativeBuffer(DatagramChannelImpl.java:573)
11-26 13:08:57.110 14145 14186 W System.err: 	at sun.nio.ch.DatagramChannelImpl.send(DatagramChannelImpl.java:550)
11-26 13:08:57.110 14145 14186 W System.err: 	at sun.nio.ch.DatagramChannelImpl.send(DatagramChannelImpl.java:514)
11-26 13:08:57.110 14145 14186 W System.err: 	at symlab.CloudAR.network.TransmissionTask.run(TransmissionTask.java:144)
11-26 13:08:57.110 14145 14186 W System.err: 	at android.os.Handler.handleCallback(Handler.java:907)
11-26 13:08:57.110 14145 14186 W System.err: 	at android.os.Handler.dispatchMessage(Handler.java:105)
11-26 13:08:57.110 14145 14186 W System.err: 	at android.os.Looper.loop(Looper.java:216)
11-26 13:08:57.110 14145 14186 W System.err: 	at android.os.HandlerThread.run(HandlerThread.java:65)
11-26 13:08:57.146 14145 14186 W System.err: java.net.SocketException: Message too long
11-26 13:08:57.146 14145 14186 W System.err: 	at sun.nio.ch.DatagramChannelImpl.send0(Native Method)
11-26 13:08:57.146 14145 14186 W System.err: 	at sun.nio.ch.DatagramChannelImpl.sendFromNativeBuffer(DatagramChannelImpl.java:573)
11-26 13:08:57.146 14145 14186 W System.err: 	at sun.nio.ch.DatagramChannelImpl.send(DatagramChannelImpl.java:550)
11-26 13:08:57.146 14145 14186 W System.err: 	at sun.nio.ch.DatagramChannelImpl.send(DatagramChannelImpl.java:514)
11-26 13:08:57.146 14145 14186 W System.err: 	at symlab.CloudAR.network.TransmissionTask.run(TransmissionTask.java:144)
11-26 13:08:57.146 14145 14186 W System.err: 	at android.os.Handler.handleCallback(Handler.java:907)
11-26 13:08:57.146 14145 14186 W System.err: 	at android.os.Handler.dispatchMessage(Handler.java:105)
11-26 13:08:57.146 14145 14186 W System.err: 	at android.os.Looper.loop(Looper.java:216)
11-26 13:08:57.146 14145 14186 W System.err: 	at android.os.HandlerThread.run(HandlerThread.java:65)
11-26 13:08:57.181 14145 14186 W System.err: java.net.SocketException: Message too long
11-26 13:08:57.181 14145 14186 W System.err: 	at sun.nio.ch.DatagramChannelImpl.send0(Native Method)
11-26 13:08:57.181 14145 14186 W System.err: 	at sun.nio.ch.DatagramChannelImpl.sendFromNativeBuffer(DatagramChannelImpl.java:573)
11-26 13:08:57.181 14145 14186 W System.err: 	at sun.nio.ch.DatagramChannelImpl.send(DatagramChannelImpl.java:550)
11-26 13:08:57.181 14145 14186 W System.err: 	at sun.nio.ch.DatagramChannelImpl.send(DatagramChannelImpl.java:514)
11-26 13:08:57.181 14145 14186 W System.err: 	at symlab.CloudAR.network.TransmissionTask.run(TransmissionTask.java:144)
11-26 13:08:57.181 14145 14186 W System.err: 	at android.os.Handler.handleCallback(Handler.java:907)
11-26 13:08:57.181 14145 14186 W System.err: 	at android.os.Handler.dispatchMessage(Handler.java:105)
11-26 13:08:57.181 14145 14186 W System.err: 	at android.os.Looper.loop(Looper.java:216)
11-26 13:08:57.181 14145 14186 W System.err: 	at android.os.HandlerThread.run(HandlerThread.java:65)
11-26 13:08:57.221 14145 14186 W System.err: java.net.SocketException: Message too long
11-26 13:08:57.221 14145 14186 W System.err: 	at sun.nio.ch.DatagramChannelImpl.send0(Native Method)
11-26 13:08:57.222 14145 14186 W System.err: 	at sun.nio.ch.DatagramChannelImpl.sendFromNativeBuffer(DatagramChannelImpl.java:573)
11-26 13:08:57.222 14145 14186 W System.err: 	at sun.nio.ch.DatagramChannelImpl.send(DatagramChannelImpl.java:550)
11-26 13:08:57.222 14145 14186 W System.err: 	at sun.nio.ch.DatagramChannelImpl.send(DatagramChannelImpl.java:514)
11-26 13:08:57.222 14145 14186 W System.err: 	at symlab.CloudAR.network.TransmissionTask.run(TransmissionTask.java:144)
11-26 13:08:57.222 14145 14186 W System.err: 	at android.os.Handler.handleCallback(Handler.java:907)
11-26 13:08:57.222 14145 14186 W System.err: 	at android.os.Handler.dispatchMessage(Handler.java:105)
11-26 13:08:57.222 14145 14186 W System.err: 	at android.os.Looper.loop(Looper.java:216)
11-26 13:08:57.222 14145 14186 W System.err: 	at android.os.HandlerThread.run(HandlerThread.java:65)
11-26 13:08:57.242 14145 14186 W System.err: java.net.SocketException: Message too long
11-26 13:08:57.242 14145 14186 W System.err: 	at sun.nio.ch.DatagramChannelImpl.send0(Native Method)
11-26 13:08:57.242 14145 14186 W System.err: 	at sun.nio.ch.DatagramChannelImpl.sendFromNativeBuffer(DatagramChannelImpl.java:573)
11-26 13:08:57.242 14145 14186 W System.err: 	at sun.nio.ch.DatagramChannelImpl.send(DatagramChannelImpl.java:550)
11-26 13:08:57.242 14145 14186 W System.err: 	at sun.nio.ch.DatagramChannelImpl.send(DatagramChannelImpl.java:514)
11-26 13:08:57.242 14145 14186 W System.err: 	at symlab.CloudAR.network.TransmissionTask.run(TransmissionTask.java:144)
11-26 13:08:57.242 14145 14186 W System.err: 	at android.os.Handler.handleCallback(Handler.java:907)
11-26 13:08:57.242 14145 14186 W System.err: 	at android.os.Handler.dispatchMessage(Handler.java:105)
11-26 13:08:57.242 14145 14186 W System.err: 	at android.os.Looper.loop(Looper.java:216)
11-26 13:08:57.242 14145 14186 W System.err: 	at android.os.HandlerThread.run(HandlerThread.java:65)
11-26 13:08:57.270 14145 14186 W System.err: java.net.SocketException: Message too long
11-26 13:08:57.270 14145 14186 W System.err: 	at sun.nio.ch.DatagramChannelImpl.send0(Native Method)
11-26 13:08:57.270 14145 14186 W System.err: 	at sun.nio.ch.DatagramChannelImpl.sendFromNativeBuffer(DatagramChannelImpl.java:573)
11-26 13:08:57.270 14145 14186 W System.err: 	at sun.nio.ch.DatagramChannelImpl.send(DatagramChannelImpl.java:550)
11-26 13:08:57.270 14145 14186 W System.err: 	at sun.nio.ch.DatagramChannelImpl.send(DatagramChannelImpl.java:514)
11-26 13:08:57.270 14145 14186 W System.err: 	at symlab.CloudAR.network.TransmissionTask.run(TransmissionTask.java:144)
11-26 13:08:57.270 14145 14186 W System.err: 	at android.os.Handler.handleCallback(Handler.java:907)
11-26 13:08:57.271 14145 14186 W System.err: 	at android.os.Handler.dispatchMessage(Handler.java:105)
11-26 13:08:57.271 14145 14186 W System.err: 	at android.os.Looper.loop(Looper.java:216)
11-26 13:08:57.271 14145 14186 W System.err: 	at android.os.HandlerThread.run(HandlerThread.java:65)
11-26 13:08:57.311 14145 14186 W System.err: java.net.SocketException: Message too long
11-26 13:08:57.311 14145 14186 W System.err: 	at sun.nio.ch.DatagramChannelImpl.send0(Native Method)
11-26 13:08:57.311 14145 14186 W System.err: 	at sun.nio.ch.DatagramChannelImpl.sendFromNativeBuffer(DatagramChannelImpl.java:573)
11-26 13:08:57.311 14145 14186 W System.err: 	at sun.nio.ch.DatagramChannelImpl.send(DatagramChannelImpl.java:550)
11-26 13:08:57.311 14145 14186 W System.err: 	at sun.nio.ch.DatagramChannelImpl.send(DatagramChannelImpl.java:514)
11-26 13:08:57.311 14145 14186 W System.err: 	at symlab.CloudAR.network.TransmissionTask.run(TransmissionTask.java:144)
11-26 13:08:57.311 14145 14186 W System.err: 	at android.os.Handler.handleCallback(Handler.java:907)
11-26 13:08:57.311 14145 14186 W System.err: 	at android.os.Handler.dispatchMessage(Handler.java:105)
11-26 13:08:57.311 14145 14186 W System.err: 	at android.os.Looper.loop(Looper.java:216)
11-26 13:08:57.311 14145 14186 W System.err: 	at android.os.HandlerThread.run(HandlerThread.java:65)
11-26 13:08:57.341 14145 14186 W System.err: java.net.SocketException: Message too long
11-26 13:08:57.342 14145 14186 W System.err: 	at sun.nio.ch.DatagramChannelImpl.send0(Native Method)
11-26 13:08:57.342 14145 14186 W System.err: 	at sun.nio.ch.DatagramChannelImpl.sendFromNativeBuffer(DatagramChannelImpl.java:573)
11-26 13:08:57.342 14145 14186 W System.err: 	at sun.nio.ch.DatagramChannelImpl.send(DatagramChannelImpl.java:550)
11-26 13:08:57.342 14145 14186 W System.err: 	at sun.nio.ch.DatagramChannelImpl.send(DatagramChannelImpl.java:514)
11-26 13:08:57.342 14145 14186 W System.err: 	at symlab.CloudAR.network.TransmissionTask.run(TransmissionTask.java:144)
11-26 13:08:57.342 14145 14186 W System.err: 	at android.os.Handler.handleCallback(Handler.java:907)
11-26 13:08:57.342 14145 14186 W System.err: 	at android.os.Handler.dispatchMessage(Handler.java:105)
