11-26 13:09:01.622 14145 14186 W System.err: 	at android.os.HandlerThread.run(HandlerThread.java:65)
11-26 13:09:01.641 14145 14186 W System.err: java.net.SocketException: Message too long
11-26 13:09:01.641 14145 14186 W System.err: 	at sun.nio.ch.DatagramChannelImpl.send0(Native Method)
11-26 13:09:01.641 14145 14186 W System.err: 	at sun.nio.ch.DatagramChannelImpl.sendFromNativeBuffer(DatagramChannelImpl.java:573)
11-26 13:09:01.641 14145 14186 W System.err: 	at sun.nio.ch.DatagramChannelImpl.send(DatagramChannelImpl.java:550)
11-26 13:09:01.641 14145 14186 W System.err: 	at sun.nio.ch.DatagramChannelImpl.send(DatagramChannelImpl.java:514)
11-26 13:09:01.641 14145 14186 W System.err: 	at symlab.CloudAR.network.TransmissionTask.run(TransmissionTask.java:144)
11-26 13:09:01.641 14145 14186 W System.err: 	at android.os.Handler.handleCallback(Handler.java:907)
11-26 13:09:01.641 14145 14186 W System.err: 	at android.os.Handler.dispatchMessage(Handler.java:105)
11-26 13:09:01.641 14145 14186 W System.err: 	at android.os.Looper.loop(Looper.java:216)
11-26 13:09:01.641 14145 14186 W System.err: 	at android.os.HandlerThread.run(HandlerThread.java:65)
11-26 13:09:01.681 14145 14186 W System.err: java.net.SocketException: Message too long
11-26 13:09:01.681 14145 14186 W System.err: 	at sun.nio.ch.DatagramChannelImpl.send0(Native Method)
11-26 13:09:01.681 14145 14186 W System.err: 	at sun.nio.ch.DatagramChannelImpl.sendFromNativeBuffer(DatagramChannelImpl.java:573)
11-26 13:09:01.681 14145 14186 W System.err: 	at sun.nio.ch.DatagramChannelImpl.send(DatagramChannelImpl.java:550)
11-26 13:09:01.681 14145 14186 W System.err: 	at sun.nio.ch.DatagramChannelImpl.send(DatagramChannelImpl.java:514)
11-26 13:09:01.681 14145 14186 W System.err: 	at symlab.CloudAR.network.TransmissionTask.run(TransmissionTask.java:144)
11-26 13:09:01.681 14145 14186 W System.err: 	at android.os.Handler.handleCallback(Handler.java:907)
11-26 13:09:01.681 14145 14186 W System.err: 	at android.os.Handler.dispatchMessage(Handler.java:105)
11-26 13:09:01.681 14145 14186 W System.err: 	at android.os.Looper.loop(Looper.java:216)
11-26 13:09:01.682 14145 14186 W System.err: 	at android.os.HandlerThread.run(HandlerThread.java:65)
11-26 13:09:01.708 14145 14186 W System.err: java.net.SocketException: Message too long
11-26 13:09:01.708 14145 14186 W System.err: 	at sun.nio.ch.DatagramChannelImpl.send0(Native Method)
11-26 13:09:01.708 14145 14186 W System.err: 	at sun.nio.ch.DatagramChannelImpl.sendFromNativeBuffer(DatagramChannelImpl.java:573)
11-26 13:09:01.708 14145 14186 W System.err: 	at sun.nio.ch.DatagramChannelImpl.send(DatagramChannelImpl.java:550)
11-26 13:09:01.708 14145 14186 W System.err: 	at sun.nio.ch.DatagramChannelImpl.send(DatagramChannelImpl.java:514)
11-26 13:09:01.708 14145 14186 W System.err: 	at symlab.CloudAR.network.TransmissionTask.run(TransmissionTask.java:144)
11-26 13:09:01.708 14145 14186 W System.err: 	at android.os.Handler.handleCallback(Handler.java:907)
11-26 13:09:01.708 14145 14186 W System.err: 	at android.os.Handler.dispatchMessage(Handler.java:105)
11-26 13:09:01.708 14145 14186 W System.err: 	at android.os.Looper.loop(Looper.java:216)
11-26 13:09:01.708 14145 14186 W System.err: 	at android.os.HandlerThread.run(HandlerThread.java:65)
11-26 13:09:01.750 14145 14186 W System.err: java.net.SocketException: Message too long
11-26 13:09:01.750 14145 14186 W System.err: 	at sun.nio.ch.DatagramChannelImpl.send0(Native Method)
11-26 13:09:01.750 14145 14186 W System.err: 	at sun.nio.ch.DatagramChannelImpl.sendFromNativeBuffer(DatagramChannelImpl.java:573)
11-26 13:09:01.750 14145 14186 W System.err: 	at sun.nio.ch.DatagramChannelImpl.send(DatagramChannelImpl.java:550)
11-26 13:09:01.750 14145 14186 W System.err: 	at sun.nio.ch.DatagramChannelImpl.send(DatagramChannelImpl.java:514)
11-26 13:09:01.751 14145 14186 W System.err: 	at symlab.CloudAR.network.TransmissionTask.run(TransmissionTask.java:144)
11-26 13:09:01.751 14145 14186 W System.err: 	at android.os.Handler.handleCallback(Handler.java:907)
11-26 13:09:01.751 14145 14186 W System.err: 	at android.os.Handler.dispatchMessage(Handler.java:105)
11-26 13:09:01.751 14145 14186 W System.err: 	at android.os.Looper.loop(Looper.java:216)
11-26 13:09:01.751 14145 14186 W System.err: 	at android.os.HandlerThread.run(HandlerThread.java:65)
11-26 13:09:01.782 14145 14186 W System.err: java.net.SocketException: Message too long
11-26 13:09:01.782 14145 14186 W System.err: 	at sun.nio.ch.DatagramChannelImpl.send0(Native Method)
11-26 13:09:01.782 14145 14186 W System.err: 	at sun.nio.ch.DatagramChannelImpl.sendFromNativeBuffer(DatagramChannelImpl.java:573)
11-26 13:09:01.782 14145 14186 W System.err: 	at sun.nio.ch.DatagramChannelImpl.send(DatagramChannelImpl.java:550)
11-26 13:09:01.782 14145 14186 W System.err: 	at sun.nio.ch.DatagramChannelImpl.send(DatagramChannelImpl.java:514)
11-26 13:09:01.782 14145 14186 W System.err: 	at symlab.CloudAR.network.TransmissionTask.run(TransmissionTask.java:144)
11-26 13:09:01.782 14145 14186 W System.err: 	at android.os.Handler.handleCallback(Handler.java:907)
11-26 13:09:01.782 14145 14186 W System.err: 	at android.os.Handler.dispatchMessage(Handler.java:105)
11-26 13:09:01.782 14145 14186 W System.err: 	at android.os.Looper.loop(Looper.java:216)
11-26 13:09:01.782 14145 14186 W System.err: 	at android.os.HandlerThread.run(HandlerThread.java:65)
11-26 13:09:01.825 14145 14186 W System.err: java.net.SocketException: Message too long
11-26 13:09:01.826 14145 14186 W System.err: 	at sun.nio.ch.DatagramChannelImpl.send0(Native Method)
11-26 13:09:01.826 14145 14186 W System.err: 	at sun.nio.ch.DatagramChannelImpl.sendFromNativeBuffer(DatagramChannelImpl.java:573)
11-26 13:09:01.826 14145 14186 W System.err: 	at sun.nio.ch.DatagramChannelImpl.send(DatagramChannelImpl.java:550)
11-26 13:09:01.826 14145 14186 W System.err: 	at sun.nio.ch.DatagramChannelImpl.send(DatagramChannelImpl.java:514)
11-26 13:09:01.826 14145 14186 W System.err: 	at symlab.CloudAR.network.TransmissionTask.run(TransmissionTask.java:144)
11-26 13:09:01.826 14145 14186 W System.err: 	at android.os.Handler.handleCallback(Handler.java:907)
11-26 13:09:01.826 14145 14186 W System.err: 	at android.os.Handler.dispatchMessage(Handler.java:105)
11-26 13:09:01.826 14145 14186 W System.err: 	at android.os.Looper.loop(Looper.java:216)
11-26 13:09:01.826 14145 14186 W System.err: 	at android.os.HandlerThread.run(HandlerThread.java:65)
11-26 13:09:01.849 14145 14186 W System.err: java.net.SocketException: Message too long
11-26 13:09:01.849 14145 14186 W System.err: 	at sun.nio.ch.DatagramChannelImpl.send0(Native Method)
11-26 13:09:01.849 14145 14186 W System.err: 	at sun.nio.ch.DatagramChannelImpl.sendFromNativeBuffer(DatagramChannelImpl.java:573)
11-26 13:09:01.849 14145 14186 W System.err: 	at sun.nio.ch.DatagramChannelImpl.send(DatagramChannelImpl.java:550)
11-26 13:09:01.849 14145 14186 W System.err: 	at sun.nio.ch.DatagramChannelImpl.send(DatagramChannelImpl.java:514)
11-26 13:09:01.849 14145 14186 W System.err: 	at symlab.CloudAR.network.TransmissionTask.run(TransmissionTask.java:144)
11-26 13:09:01.849 14145 14186 W System.err: 	at android.os.Handler.handleCallback(Handler.java:907)
11-26 13:09:01.849 14145 14186 W System.err: 	at android.os.Handler.dispatchMessage(Handler.java:105)
11-26 13:09:01.849 14145 14186 W System.err: 	at android.os.Looper.loop(Looper.java:216)
11-26 13:09:01.849 14145 14186 W System.err: 	at android.os.HandlerThread.run(HandlerThread.java:65)
11-26 13:09:01.909 14145 14186 W System.err: java.net.SocketException: Message too long
11-26 13:09:01.909 14145 14186 W System.err: 	at sun.nio.ch.DatagramChannelImpl.send0(Native Method)
11-26 13:09:01.909 14145 14186 W System.err: 	at sun.nio.ch.DatagramChannelImpl.sendFromNativeBuffer(DatagramChannelImpl.java:573)
11-26 13:09:01.909 14145 14186 W System.err: 	at sun.nio.ch.DatagramChannelImpl.send(DatagramChannelImpl.java:550)
11-26 13:09:01.909 14145 14186 W System.err: 	at sun.nio.ch.DatagramChannelImpl.send(DatagramChannelImpl.java:514)
11-26 13:09:01.909 14145 14186 W System.err: 	at symlab.CloudAR.network.TransmissionTask.run(TransmissionTask.java:144)
11-26 13:09:01.909 14145 14186 W System.err: 	at android.os.Handler.handleCallback(Handler.java:907)
11-26 13:09:01.909 14145 14186 W System.err: 	at android.os.Handler.dispatchMessage(Handler.java:105)
11-26 13:09:01.909 14145 14186 W System.err: 	at android.os.Looper.loop(Looper.java:216)
11-26 13:09:01.909 14145 14186 W System.err: 	at android.os.HandlerThread.run(HandlerThread.java:65)
11-26 13:09:01.950 14145 14161 E         : [ZeroHung]zrhung_get_config: Get config failed for wp[0x0008]
11-26 13:09:01.953 14145 14186 D Evaluation: 2 res for frame 258 received at 1574766541953
11-26 13:09:01.977 14145 14155 W System  : A resource failed to call close. 
11-26 13:09:01.978 14145 14155 W System  : A resource failed to call close. 
11-26 13:09:01.978 14145 14155 W System  : A resource failed to call close. 
11-26 13:09:01.978 14145 14155 W System  : A resource failed to call close. 
11-26 13:09:01.978 14145 14155 W System  : A resource failed to call close. 
11-26 13:09:01.980 14145 14155 I chatty  : uid=10147(symlab.cloudridar.arhud) FinalizerDaemon identical 12 lines
11-26 13:09:01.981 14145 14155 W System  : A resource failed to call close. 
11-26 13:09:01.981 14145 14155 W System  : A resource failed to call close. 
11-26 13:09:01.981 14145 14155 W System  : A resource failed to call close. 
11-26 13:09:01.982 14145 14155 I chatty  : uid=10147(symlab.cloudridar.arhud) FinalizerDaemon identical 5 lines
11-26 13:09:01.982 14145 14155 W System  : A resource failed to call close. 
11-26 13:09:01.982 14145 14155 W System  : A resource failed to call close. 
11-26 13:09:01.993 14145 14186 W System.err: java.net.SocketException: Message too long
11-26 13:09:01.993 14145 14186 W System.err: 	at sun.nio.ch.DatagramChannelImpl.send0(Native Method)
11-26 13:09:01.993 14145 14186 W System.err: 	at sun.nio.ch.DatagramChannelImpl.sendFromNativeBuffer(DatagramChannelImpl.java:573)
11-26 13:09:01.993 14145 14186 W System.err: 	at sun.nio.ch.DatagramChannelImpl.send(DatagramChannelImpl.java:550)
11-26 13:09:01.993 14145 14186 W System.err: 	at sun.nio.ch.DatagramChannelImpl.send(DatagramChannelImpl.java:514)
11-26 13:09:01.993 14145 14186 W System.err: 	at symlab.CloudAR.network.TransmissionTask.run(TransmissionTask.java:144)
11-26 13:09:01.993 14145 14186 W System.err: 	at android.os.Handler.handleCallback(Handler.java:907)
11-26 13:09:01.993 14145 14186 W System.err: 	at android.os.Handler.dispatchMessage(Handler.java:105)
11-26 13:09:01.993 14145 14186 W System.err: 	at android.os.Looper.loop(Looper.java:216)
11-26 13:09:01.993 14145 14186 W System.err: 	at android.os.HandlerThread.run(HandlerThread.java:65)
11-26 13:09:02.014 14145 14186 W System.err: java.net.SocketException: Message too long
11-26 13:09:02.015 14145 14186 W System.err: 	at sun.nio.ch.DatagramChannelImpl.send0(Native Method)
11-26 13:09:02.015 14145 14186 W System.err: 	at sun.nio.ch.DatagramChannelImpl.sendFromNativeBuffer(DatagramChannelImpl.java:573)
11-26 13:09:02.015 14145 14186 W System.err: 	at sun.nio.ch.DatagramChannelImpl.send(DatagramChannelImpl.java:550)
11-26 13:09:02.015 14145 14186 W System.err: 	at sun.nio.ch.DatagramChannelImpl.send(DatagramChannelImpl.java:514)
11-26 13:09:02.015 14145 14186 W System.err: 	at symlab.CloudAR.network.TransmissionTask.run(TransmissionTask.java:144)
11-26 13:09:02.015 14145 14186 W System.err: 	at android.os.Handler.handleCallback(Handler.java:907)
11-26 13:09:02.015 14145 14186 W System.err: 	at android.os.Handler.dispatchMessage(Handler.java:105)
11-26 13:09:02.015 14145 14186 W System.err: 	at android.os.Looper.loop(Looper.java:216)
11-26 13:09:02.015 14145 14186 W System.err: 	at android.os.HandlerThread.run(HandlerThread.java:65)
11-26 13:09:02.016 14145 14186 D Evaluation: 2 res for frame 260 received at 1574766542016
11-26 13:09:02.044 14145 14186 W System.err: java.net.SocketException: Message too long
11-26 13:09:02.044 14145 14186 W System.err: 	at sun.nio.ch.DatagramChannelImpl.send0(Native Method)
11-26 13:09:02.044 14145 14186 W System.err: 	at sun.nio.ch.DatagramChannelImpl.sendFromNativeBuffer(DatagramChannelImpl.java:573)
11-26 13:09:02.044 14145 14186 W System.err: 	at sun.nio.ch.DatagramChannelImpl.send(DatagramChannelImpl.java:550)
11-26 13:09:02.044 14145 14186 W System.err: 	at sun.nio.ch.DatagramChannelImpl.send(DatagramChannelImpl.java:514)
11-26 13:09:02.044 14145 14186 W System.err: 	at symlab.CloudAR.network.TransmissionTask.run(TransmissionTask.java:144)
11-26 13:09:02.044 14145 14186 W System.err: 	at android.os.Handler.handleCallback(Handler.java:907)
11-26 13:09:02.044 14145 14186 W System.err: 	at android.os.Handler.dispatchMessage(Handler.java:105)
11-26 13:09:02.044 14145 14186 W System.err: 	at android.os.Looper.loop(Looper.java:216)
11-26 13:09:02.044 14145 14186 W System.err: 	at android.os.HandlerThread.run(HandlerThread.java:65)
11-26 13:09:02.088 14145 14186 W System.err: java.net.SocketException: Message too long
11-26 13:09:02.088 14145 14186 W System.err: 	at sun.nio.ch.DatagramChannelImpl.send0(Native Method)
11-26 13:09:02.088 14145 14186 W System.err: 	at sun.nio.ch.DatagramChannelImpl.sendFromNativeBuffer(DatagramChannelImpl.java:573)
11-26 13:09:02.088 14145 14186 W System.err: 	at sun.nio.ch.DatagramChannelImpl.send(DatagramChannelImpl.java:550)
11-26 13:09:02.088 14145 14186 W System.err: 	at sun.nio.ch.DatagramChannelImpl.send(DatagramChannelImpl.java:514)
11-26 13:09:02.088 14145 14186 W System.err: 	at symlab.CloudAR.network.TransmissionTask.run(TransmissionTask.java:144)
11-26 13:09:02.088 14145 14186 W System.err: 	at android.os.Handler.handleCallback(Handler.java:907)
11-26 13:09:02.088 14145 14186 W System.err: 	at android.os.Handler.dispatchMessage(Handler.java:105)
11-26 13:09:02.088 14145 14186 W System.err: 	at android.os.Looper.loop(Looper.java:216)
11-26 13:09:02.088 14145 14186 W System.err: 	at android.os.HandlerThread.run(HandlerThread.java:65)
11-26 13:09:02.120 14145 14186 W System.err: java.net.SocketException: Message too long
11-26 13:09:02.120 14145 14186 W System.err: 	at sun.nio.ch.DatagramChannelImpl.send0(Native Method)
11-26 13:09:02.120 14145 14186 W System.err: 	at sun.nio.ch.DatagramChannelImpl.sendFromNativeBuffer(DatagramChannelImpl.java:573)
11-26 13:09:02.121 14145 14186 W System.err: 	at sun.nio.ch.DatagramChannelImpl.send(DatagramChannelImpl.java:550)
11-26 13:09:02.121 14145 14186 W System.err: 	at sun.nio.ch.DatagramChannelImpl.send(DatagramChannelImpl.java:514)
11-26 13:09:02.121 14145 14186 W System.err: 	at symlab.CloudAR.network.TransmissionTask.run(TransmissionTask.java:144)
11-26 13:09:02.121 14145 14186 W System.err: 	at android.os.Handler.handleCallback(Handler.java:907)
11-26 13:09:02.121 14145 14186 W System.err: 	at android.os.Handler.dispatchMessage(Handler.java:105)
11-26 13:09:02.121 14145 14186 W System.err: 	at android.os.Looper.loop(Looper.java:216)
11-26 13:09:02.121 14145 14186 W System.err: 	at android.os.HandlerThread.run(HandlerThread.java:65)
11-26 13:09:02.151 14145 14186 W System.err: java.net.SocketException: Message too long
11-26 13:09:02.151 14145 14186 W System.err: 	at sun.nio.ch.DatagramChannelImpl.send0(Native Method)
11-26 13:09:02.151 14145 14186 W System.err: 	at sun.nio.ch.DatagramChannelImpl.sendFromNativeBuffer(DatagramChannelImpl.java:573)
11-26 13:09:02.151 14145 14186 W System.err: 	at sun.nio.ch.DatagramChannelImpl.send(DatagramChannelImpl.java:550)
11-26 13:09:02.151 14145 14186 W System.err: 	at sun.nio.ch.DatagramChannelImpl.send(DatagramChannelImpl.java:514)
11-26 13:09:02.151 14145 14186 W System.err: 	at symlab.CloudAR.network.TransmissionTask.run(TransmissionTask.java:144)
11-26 13:09:02.151 14145 14186 W System.err: 	at android.os.Handler.handleCallback(Handler.java:907)
11-26 13:09:02.151 14145 14186 W System.err: 	at android.os.Handler.dispatchMessage(Handler.java:105)
11-26 13:09:02.151 14145 14186 W System.err: 	at android.os.Looper.loop(Looper.java:216)
11-26 13:09:02.151 14145 14186 W System.err: 	at android.os.HandlerThread.run(HandlerThread.java:65)
11-26 13:09:02.193 14145 14186 W System.err: java.net.SocketException: Message too long
11-26 13:09:02.194 14145 14186 W System.err: 	at sun.nio.ch.DatagramChannelImpl.send0(Native Method)
11-26 13:09:02.194 14145 14186 W System.err: 	at sun.nio.ch.DatagramChannelImpl.sendFromNativeBuffer(DatagramChannelImpl.java:573)
11-26 13:09:02.194 14145 14186 W System.err: 	at sun.nio.ch.DatagramChannelImpl.send(DatagramChannelImpl.java:550)
11-26 13:09:02.194 14145 14186 W System.err: 	at sun.nio.ch.DatagramChannelImpl.send(DatagramChannelImpl.java:514)
11-26 13:09:02.194 14145 14186 W System.err: 	at symlab.CloudAR.network.TransmissionTask.run(TransmissionTask.java:144)
11-26 13:09:02.194 14145 14186 W System.err: 	at android.os.Handler.handleCallback(Handler.java:907)
11-26 13:09:02.194 14145 14186 W System.err: 	at android.os.Handler.dispatchMessage(Handler.java:105)
11-26 13:09:02.194 14145 14186 W System.err: 	at android.os.Looper.loop(Looper.java:216)
11-26 13:09:02.194 14145 14186 W System.err: 	at android.os.HandlerThread.run(HandlerThread.java:65)
11-26 13:09:02.233 14145 14186 W System.err: java.net.SocketException: Message too long
11-26 13:09:02.233 14145 14186 W System.err: 	at sun.nio.ch.DatagramChannelImpl.send0(Native Method)
11-26 13:09:02.233 14145 14186 W System.err: 	at sun.nio.ch.DatagramChannelImpl.sendFromNativeBuffer(DatagramChannelImpl.java:573)
11-26 13:09:02.233 14145 14186 W System.err: 	at sun.nio.ch.DatagramChannelImpl.send(DatagramChannelImpl.java:550)
11-26 13:09:02.233 14145 14186 W System.err: 	at sun.nio.ch.DatagramChannelImpl.send(DatagramChannelImpl.java:514)
11-26 13:09:02.234 14145 14186 W System.err: 	at symlab.CloudAR.network.TransmissionTask.run(TransmissionTask.java:144)
11-26 13:09:02.234 14145 14186 W System.err: 	at android.os.Handler.handleCallback(Handler.java:907)
11-26 13:09:02.234 14145 14186 W System.err: 	at android.os.Handler.dispatchMessage(Handler.java:105)
11-26 13:09:02.234 14145 14186 W System.err: 	at android.os.Looper.loop(Looper.java:216)
11-26 13:09:02.234 14145 14186 W System.err: 	at android.os.HandlerThread.run(HandlerThread.java:65)
11-26 13:09:02.267 14145 14186 W System.err: java.net.SocketException: Message too long
11-26 13:09:02.267 14145 14186 W System.err: 	at sun.nio.ch.DatagramChannelImpl.send0(Native Method)
11-26 13:09:02.267 14145 14186 W System.err: 	at sun.nio.ch.DatagramChannelImpl.sendFromNativeBuffer(DatagramChannelImpl.java:573)
11-26 13:09:02.267 14145 14186 W System.err: 	at sun.nio.ch.DatagramChannelImpl.send(DatagramChannelImpl.java:550)
11-26 13:09:02.267 14145 14186 W System.err: 	at sun.nio.ch.DatagramChannelImpl.send(DatagramChannelImpl.java:514)
11-26 13:09:02.267 14145 14186 W System.err: 	at symlab.CloudAR.network.TransmissionTask.run(TransmissionTask.java:144)
11-26 13:09:02.267 14145 14186 W System.err: 	at android.os.Handler.handleCallback(Handler.java:907)
11-26 13:09:02.267 14145 14186 W System.err: 	at android.os.Handler.dispatchMessage(Handler.java:105)
11-26 13:09:02.267 14145 14186 W System.err: 	at android.os.Looper.loop(Looper.java:216)
11-26 13:09:02.267 14145 14186 W System.err: 	at android.os.HandlerThread.run(HandlerThread.java:65)
11-26 13:09:02.293 14145 14186 W System.err: java.net.SocketException: Message too long
11-26 13:09:02.293 14145 14186 W System.err: 	at sun.nio.ch.DatagramChannelImpl.send0(Native Method)
11-26 13:09:02.293 14145 14186 W System.err: 	at sun.nio.ch.DatagramChannelImpl.sendFromNativeBuffer(DatagramChannelImpl.java:573)
11-26 13:09:02.293 14145 14186 W System.err: 	at sun.nio.ch.DatagramChannelImpl.send(DatagramChannelImpl.java:550)
11-26 13:09:02.293 14145 14186 W System.err: 	at sun.nio.ch.DatagramChannelImpl.send(DatagramChannelImpl.java:514)
11-26 13:09:02.293 14145 14186 W System.err: 	at symlab.CloudAR.network.TransmissionTask.run(TransmissionTask.java:144)
11-26 13:09:02.293 14145 14186 W System.err: 	at android.os.Handler.handleCallback(Handler.java:907)
11-26 13:09:02.293 14145 14186 W System.err: 	at android.os.Handler.dispatchMessage(Handler.java:105)
11-26 13:09:02.293 14145 14186 W System.err: 	at android.os.Looper.loop(Looper.java:216)
11-26 13:09:02.293 14145 14186 W System.err: 	at android.os.HandlerThread.run(HandlerThread.java:65)
11-26 13:09:02.318 14145 14186 W System.err: java.net.SocketException: Message too long
11-26 13:09:02.318 14145 14186 W System.err: 	at sun.nio.ch.DatagramChannelImpl.send0(Native Method)
11-26 13:09:02.318 14145 14186 W System.err: 	at sun.nio.ch.DatagramChannelImpl.sendFromNativeBuffer(DatagramChannelImpl.java:573)
11-26 13:09:02.318 14145 14186 W System.err: 	at sun.nio.ch.DatagramChannelImpl.send(DatagramChannelImpl.java:550)
11-26 13:09:02.318 14145 14186 W System.err: 	at sun.nio.ch.DatagramChannelImpl.send(DatagramChannelImpl.java:514)
11-26 13:09:02.318 14145 14186 W System.err: 	at symlab.CloudAR.network.TransmissionTask.run(TransmissionTask.java:144)
11-26 13:09:02.318 14145 14186 W System.err: 	at android.os.Handler.handleCallback(Handler.java:907)
11-26 13:09:02.318 14145 14186 W System.err: 	at android.os.Handler.dispatchMessage(Handler.java:105)
11-26 13:09:02.318 14145 14186 W System.err: 	at android.os.Looper.loop(Looper.java:216)
11-26 13:09:02.318 14145 14186 W System.err: 	at android.os.HandlerThread.run(HandlerThread.java:65)
11-26 13:09:02.356 14145 14186 W System.err: java.net.SocketException: Message too long
11-26 13:09:02.356 14145 14186 W System.err: 	at sun.nio.ch.DatagramChannelImpl.send0(Native Method)
11-26 13:09:02.356 14145 14186 W System.err: 	at sun.nio.ch.DatagramChannelImpl.sendFromNativeBuffer(DatagramChannelImpl.java:573)
11-26 13:09:02.356 14145 14186 W System.err: 	at sun.nio.ch.DatagramChannelImpl.send(DatagramChannelImpl.java:550)
11-26 13:09:02.356 14145 14186 W System.err: 	at sun.nio.ch.DatagramChannelImpl.send(DatagramChannelImpl.java:514)
11-26 13:09:02.356 14145 14186 W System.err: 	at symlab.CloudAR.network.TransmissionTask.run(TransmissionTask.java:144)
11-26 13:09:02.357 14145 14186 W System.err: 	at android.os.Handler.handleCallback(Handler.java:907)
11-26 13:09:02.357 14145 14186 W System.err: 	at android.os.Handler.dispatchMessage(Handler.java:105)
11-26 13:09:02.357 14145 14186 W System.err: 	at android.os.Looper.loop(Looper.java:216)
11-26 13:09:02.357 14145 14186 W System.err: 	at android.os.HandlerThread.run(HandlerThread.java:65)
11-26 13:09:02.405 14145 14186 W System.err: java.net.SocketException: Message too long
11-26 13:09:02.405 14145 14186 W System.err: 	at sun.nio.ch.DatagramChannelImpl.send0(Native Method)
11-26 13:09:02.405 14145 14186 W System.err: 	at sun.nio.ch.DatagramChannelImpl.sendFromNativeBuffer(DatagramChannelImpl.java:573)
11-26 13:09:02.405 14145 14186 W System.err: 	at sun.nio.ch.DatagramChannelImpl.send(DatagramChannelImpl.java:550)
11-26 13:09:02.405 14145 14186 W System.err: 	at sun.nio.ch.DatagramChannelImpl.send(DatagramChannelImpl.java:514)
11-26 13:09:02.405 14145 14186 W System.err: 	at symlab.CloudAR.network.TransmissionTask.run(TransmissionTask.java:144)
11-26 13:09:02.406 14145 14186 W System.err: 	at android.os.Handler.handleCallback(Handler.java:907)
11-26 13:09:02.406 14145 14186 W System.err: 	at android.os.Handler.dispatchMessage(Handler.java:105)
11-26 13:09:02.406 14145 14186 W System.err: 	at android.os.Looper.loop(Looper.java:216)
11-26 13:09:02.406 14145 14186 W System.err: 	at android.os.HandlerThread.run(HandlerThread.java:65)
11-26 13:09:02.430 14145 14186 W System.err: java.net.SocketException: Message too long
11-26 13:09:02.430 14145 14186 W System.err: 	at sun.nio.ch.DatagramChannelImpl.send0(Native Method)
11-26 13:09:02.430 14145 14186 W System.err: 	at sun.nio.ch.DatagramChannelImpl.sendFromNativeBuffer(DatagramChannelImpl.java:573)
11-26 13:09:02.430 14145 14186 W System.err: 	at sun.nio.ch.DatagramChannelImpl.send(DatagramChannelImpl.java:550)
11-26 13:09:02.430 14145 14186 W System.err: 	at sun.nio.ch.DatagramChannelImpl.send(DatagramChannelImpl.java:514)
11-26 13:09:02.431 14145 14186 W System.err: 	at symlab.CloudAR.network.TransmissionTask.run(TransmissionTask.java:144)
11-26 13:09:02.431 14145 14186 W System.err: 	at android.os.Handler.handleCallback(Handler.java:907)
11-26 13:09:02.431 14145 14186 W System.err: 	at android.os.Handler.dispatchMessage(Handler.java:105)
11-26 13:09:02.431 14145 14186 W System.err: 	at android.os.Looper.loop(Looper.java:216)
11-26 13:09:02.431 14145 14186 W System.err: 	at android.os.HandlerThread.run(HandlerThread.java:65)
11-26 13:09:02.458 14145 14186 W System.err: java.net.SocketException: Message too long
11-26 13:09:02.458 14145 14186 W System.err: 	at sun.nio.ch.DatagramChannelImpl.send0(Native Method)
11-26 13:09:02.458 14145 14186 W System.err: 	at sun.nio.ch.DatagramChannelImpl.sendFromNativeBuffer(DatagramChannelImpl.java:573)
11-26 13:09:02.458 14145 14186 W System.err: 	at sun.nio.ch.DatagramChannelImpl.send(DatagramChannelImpl.java:550)
11-26 13:09:02.458 14145 14186 W System.err: 	at sun.nio.ch.DatagramChannelImpl.send(DatagramChannelImpl.java:514)
11-26 13:09:02.458 14145 14186 W System.err: 	at symlab.CloudAR.network.TransmissionTask.run(TransmissionTask.java:144)
11-26 13:09:02.458 14145 14186 W System.err: 	at android.os.Handler.handleCallback(Handler.java:907)
11-26 13:09:02.458 14145 14186 W System.err: 	at android.os.Handler.dispatchMessage(Handler.java:105)
11-26 13:09:02.458 14145 14186 W System.err: 	at android.os.Looper.loop(Looper.java:216)
11-26 13:09:02.458 14145 14186 W System.err: 	at android.os.HandlerThread.run(HandlerThread.java:65)
11-26 13:09:02.486 14145 14186 W System.err: java.net.SocketException: Message too long
11-26 13:09:02.486 14145 14186 W System.err: 	at sun.nio.ch.DatagramChannelImpl.send0(Native Method)
11-26 13:09:02.486 14145 14186 W System.err: 	at sun.nio.ch.DatagramChannelImpl.sendFromNativeBuffer(DatagramChannelImpl.java:573)
11-26 13:09:02.486 14145 14186 W System.err: 	at sun.nio.ch.DatagramChannelImpl.send(DatagramChannelImpl.java:550)
11-26 13:09:02.486 14145 14186 W System.err: 	at sun.nio.ch.DatagramChannelImpl.send(DatagramChannelImpl.java:514)
11-26 13:09:02.486 14145 14186 W System.err: 	at symlab.CloudAR.network.TransmissionTask.run(TransmissionTask.java:144)
11-26 13:09:02.486 14145 14186 W System.err: 	at android.os.Handler.handleCallback(Handler.java:907)
11-26 13:09:02.486 14145 14186 W System.err: 	at android.os.Handler.dispatchMessage(Handler.java:105)
11-26 13:09:02.486 14145 14186 W System.err: 	at android.os.Looper.loop(Looper.java:216)
11-26 13:09:02.486 14145 14186 W System.err: 	at android.os.HandlerThread.run(HandlerThread.java:65)
11-26 13:09:02.530 14145 14186 W System.err: java.net.SocketException: Message too long
11-26 13:09:02.530 14145 14186 W System.err: 	at sun.nio.ch.DatagramChannelImpl.send0(Native Method)
11-26 13:09:02.530 14145 14186 W System.err: 	at sun.nio.ch.DatagramChannelImpl.sendFromNativeBuffer(DatagramChannelImpl.java:573)
11-26 13:09:02.530 14145 14186 W System.err: 	at sun.nio.ch.DatagramChannelImpl.send(DatagramChannelImpl.java:550)
11-26 13:09:02.530 14145 14186 W System.err: 	at sun.nio.ch.DatagramChannelImpl.send(DatagramChannelImpl.java:514)
11-26 13:09:02.530 14145 14186 W System.err: 	at symlab.CloudAR.network.TransmissionTask.run(TransmissionTask.java:144)
11-26 13:09:02.530 14145 14186 W System.err: 	at android.os.Handler.handleCallback(Handler.java:907)
11-26 13:09:02.530 14145 14186 W System.err: 	at android.os.Handler.dispatchMessage(Handler.java:105)
11-26 13:09:02.530 14145 14186 W System.err: 	at android.os.Looper.loop(Looper.java:216)
11-26 13:09:02.530 14145 14186 W System.err: 	at android.os.HandlerThread.run(HandlerThread.java:65)
11-26 13:09:02.597 14145 14186 W System.err: java.net.SocketException: Message too long
11-26 13:09:02.597 14145 14186 W System.err: 	at sun.nio.ch.DatagramChannelImpl.send0(Native Method)
11-26 13:09:02.597 14145 14186 W System.err: 	at sun.nio.ch.DatagramChannelImpl.sendFromNativeBuffer(DatagramChannelImpl.java:573)
11-26 13:09:02.597 14145 14186 W System.err: 	at sun.nio.ch.DatagramChannelImpl.send(DatagramChannelImpl.java:550)
11-26 13:09:02.597 14145 14186 W System.err: 	at sun.nio.ch.DatagramChannelImpl.send(DatagramChannelImpl.java:514)
11-26 13:09:02.598 14145 14186 W System.err: 	at symlab.CloudAR.network.TransmissionTask.run(TransmissionTask.java:144)
11-26 13:09:02.598 14145 14186 W System.err: 	at android.os.Handler.handleCallback(Handler.java:907)
11-26 13:09:02.598 14145 14186 W System.err: 	at android.os.Handler.dispatchMessage(Handler.java:105)
11-26 13:09:02.598 14145 14186 W System.err: 	at android.os.Looper.loop(Looper.java:216)
11-26 13:09:02.598 14145 14186 W System.err: 	at android.os.HandlerThread.run(HandlerThread.java:65)
11-26 13:09:02.626 14145 14186 W System.err: java.net.SocketException: Message too long
11-26 13:09:02.626 14145 14186 W System.err: 	at sun.nio.ch.DatagramChannelImpl.send0(Native Method)
11-26 13:09:02.626 14145 14186 W System.err: 	at sun.nio.ch.DatagramChannelImpl.sendFromNativeBuffer(DatagramChannelImpl.java:573)
11-26 13:09:02.626 14145 14186 W System.err: 	at sun.nio.ch.DatagramChannelImpl.send(DatagramChannelImpl.java:550)
11-26 13:09:02.626 14145 14186 W System.err: 	at sun.nio.ch.DatagramChannelImpl.send(DatagramChannelImpl.java:514)
11-26 13:09:02.626 14145 14186 W System.err: 	at symlab.CloudAR.network.TransmissionTask.run(TransmissionTask.java:144)
11-26 13:09:02.626 14145 14186 W System.err: 	at android.os.Handler.handleCallback(Handler.java:907)
11-26 13:09:02.626 14145 14186 W System.err: 	at android.os.Handler.dispatchMessage(Handler.java:105)
11-26 13:09:02.626 14145 14186 W System.err: 	at android.os.Looper.loop(Looper.java:216)
11-26 13:09:02.626 14145 14186 W System.err: 	at android.os.HandlerThread.run(HandlerThread.java:65)
11-26 13:09:02.650 14145 14186 W System.err: java.net.SocketException: Message too long
11-26 13:09:02.650 14145 14186 W System.err: 	at sun.nio.ch.DatagramChannelImpl.send0(Native Method)
11-26 13:09:02.650 14145 14186 W System.err: 	at sun.nio.ch.DatagramChannelImpl.sendFromNativeBuffer(DatagramChannelImpl.java:573)
11-26 13:09:02.650 14145 14186 W System.err: 	at sun.nio.ch.DatagramChannelImpl.send(DatagramChannelImpl.java:550)
11-26 13:09:02.650 14145 14186 W System.err: 	at sun.nio.ch.DatagramChannelImpl.send(DatagramChannelImpl.java:514)
11-26 13:09:02.650 14145 14186 W System.err: 	at symlab.CloudAR.network.TransmissionTask.run(TransmissionTask.java:144)
11-26 13:09:02.650 14145 14186 W System.err: 	at android.os.Handler.handleCallback(Handler.java:907)
11-26 13:09:02.650 14145 14186 W System.err: 	at android.os.Handler.dispatchMessage(Handler.java:105)
11-26 13:09:02.650 14145 14186 W System.err: 	at android.os.Looper.loop(Looper.java:216)
11-26 13:09:02.650 14145 14186 W System.err: 	at android.os.HandlerThread.run(HandlerThread.java:65)
11-26 13:09:02.771 14145 14186 D Evaluation: 3 res for frame 281 received at 1574766542771
11-26 13:09:02.793 14145 14186 D Evaluation: 2 res for frame 282 received at 1574766542793
11-26 13:09:02.832 14145 14161 E         : [ZeroHung]zrhung_get_config: Get config failed for wp[0x0008]
11-26 13:09:02.835 14145 14186 D Evaluation: 3 res for frame 283 received at 1574766542835
11-26 13:09:02.853 14145 14155 W System  : A resource failed to call close. 
11-26 13:09:02.856 14145 14155 I chatty  : uid=10147(symlab.cloudridar.arhud) FinalizerDaemon identical 27 lines
11-26 13:09:02.856 14145 14155 W System  : A resource failed to call close. 
11-26 13:09:02.859 14145 14186 W System.err: java.net.SocketException: Message too long
11-26 13:09:02.859 14145 14186 W System.err: 	at sun.nio.ch.DatagramChannelImpl.send0(Native Method)
11-26 13:09:02.859 14145 14186 W System.err: 	at sun.nio.ch.DatagramChannelImpl.sendFromNativeBuffer(DatagramChannelImpl.java:573)
11-26 13:09:02.859 14145 14186 W System.err: 	at sun.nio.ch.DatagramChannelImpl.send(DatagramChannelImpl.java:550)
11-26 13:09:02.859 14145 14186 W System.err: 	at sun.nio.ch.DatagramChannelImpl.send(DatagramChannelImpl.java:514)
11-26 13:09:02.859 14145 14186 W System.err: 	at symlab.CloudAR.network.TransmissionTask.run(TransmissionTask.java:144)
11-26 13:09:02.859 14145 14186 W System.err: 	at android.os.Handler.handleCallback(Handler.java:907)
11-26 13:09:02.859 14145 14186 W System.err: 	at android.os.Handler.dispatchMessage(Handler.java:105)
11-26 13:09:02.859 14145 14186 W System.err: 	at android.os.Looper.loop(Looper.java:216)
11-26 13:09:02.859 14145 14186 W System.err: 	at android.os.HandlerThread.run(HandlerThread.java:65)
11-26 13:09:02.860 14145 14186 D Evaluation: 3 res for frame 284 received at 1574766542860
11-26 13:09:02.898 14145 14186 D Evaluation: 3 res for frame 285 received at 1574766542898
11-26 13:09:02.989 14145 14186 D Evaluation: 3 res for frame 287 received at 1574766542989
11-26 13:09:03.032 14145 14186 D Evaluation: 2 res for frame 288 received at 1574766543032
11-26 13:09:03.060 14145 14186 D Evaluation: 3 res for frame 289 received at 1574766543060
11-26 13:09:03.090 14145 14186 D Evaluation: 3 res for frame 290 received at 1574766543090
11-26 13:09:03.127 14145 14186 D Evaluation: 3 res for frame 291 received at 1574766543127
11-26 13:09:03.166 14145 14186 D Evaluation: 2 res for frame 292 received at 1574766543166
11-26 13:09:03.205 14145 14186 D Evaluation: 2 res for frame 293 received at 1574766543205
11-26 13:09:03.224 14145 14186 D Evaluation: 2 res for frame 294 received at 1574766543224
11-26 13:09:03.265 14145 14186 D Evaluation: 3 res for frame 295 received at 1574766543265
11-26 13:09:03.296 14145 14186 D Evaluation: 3 res for frame 297 received at 1574766543296
11-26 13:09:03.325 14145 14186 D Evaluation: 3 res for frame 297 received at 1574766543325
11-26 13:09:03.367 14145 14186 D Evaluation: 2 res for frame 298 received at 1574766543367
11-26 13:09:03.403 14145 14186 D Evaluation: 2 res for frame 299 received at 1574766543403
11-26 13:09:03.435 14145 14186 D Evaluation: 2 res for frame 300 received at 1574766543435
11-26 13:09:03.466 14145 14186 D Evaluation: 2 res for frame 301 received at 1574766543466
11-26 13:09:03.491 14145 14186 D Evaluation: 2 res for frame 302 received at 1574766543491
11-26 13:09:03.526 14145 14186 D Evaluation: 2 res for frame 303 received at 1574766543526
11-26 13:09:03.569 14145 14186 D Evaluation: 4 res for frame 304 received at 1574766543569
11-26 13:09:03.602 14145 14186 D Evaluation: 3 res for frame 305 received at 1574766543602
11-26 13:09:03.624 14145 14145 D Poster  : At 1574766543624 location is 65.05791079978877 (latitude), and 25.469746399917305 (longitude)
11-26 13:09:03.625 14145 14186 D Evaluation: 2 res for frame 306 received at 1574766543625
11-26 13:09:03.626 14145 14145 D Poster  : Connected to WiFi
11-26 13:09:03.667 14145 14186 D Evaluation: 3 res for frame 307 received at 1574766543667
11-26 13:09:03.667 14145 14161 E         : [ZeroHung]zrhung_get_config: Get config failed for wp[0x0008]
11-26 13:09:03.703 14145 14155 W System  : A resource failed to call close. 
11-26 13:09:03.706 14145 14155 I chatty  : uid=10147(symlab.cloudridar.arhud) FinalizerDaemon identical 16 lines
11-26 13:09:03.706 14145 14155 W System  : A resource failed to call close. 
11-26 13:09:03.706 14145 14186 D Evaluation: 3 res for frame 308 received at 1574766543706
11-26 13:09:03.706 14145 14155 W System  : A resource failed to call close. 
11-26 13:09:03.712 14145 14155 I chatty  : uid=10147(symlab.cloudridar.arhud) FinalizerDaemon identical 17 lines
11-26 13:09:03.712 14145 14155 W System  : A resource failed to call close. 
11-26 13:09:03.712 14145 14155 W System  : A resource failed to call close. 
11-26 13:09:03.712 14145 14155 W System  : A resource failed to call close. 
11-26 13:09:03.713 14145 14155 I chatty  : uid=10147(symlab.cloudridar.arhud) FinalizerDaemon identical 6 lines
11-26 13:09:03.713 14145 14155 W System  : A resource failed to call close. 
11-26 13:09:03.714 14145 14155 W System  : A resource failed to call close. 
11-26 13:09:03.714 14145 14155 I chatty  : uid=10147(symlab.cloudridar.arhud) FinalizerDaemon identical 1 line
11-26 13:09:03.714 14145 14155 W System  : A resource failed to call close. 
11-26 13:09:03.733 14145 14186 D Evaluation: 3 res for frame 309 received at 1574766543733
11-26 13:09:03.783 14145 14186 D Evaluation: 3 res for frame 310 received at 1574766543783
11-26 13:09:03.804 14145 14186 D Evaluation: 4 res for frame 311 received at 1574766543804
11-26 13:09:03.836 14145 14186 D Evaluation: 4 res for frame 312 received at 1574766543836
11-26 13:09:03.871 14145 14186 D Evaluation: 4 res for frame 314 received at 1574766543871
11-26 13:09:03.905 14145 14186 D Evaluation: 4 res for frame 314 received at 1574766543905
11-26 13:09:03.938 14145 14186 D Evaluation: 4 res for frame 315 received at 1574766543938
11-26 13:09:03.970 14145 14186 D Evaluation: 4 res for frame 316 received at 1574766543970
11-26 13:09:03.993 14145 14186 D Evaluation: 3 res for frame 317 received at 1574766543993
11-26 13:09:04.039 14145 14186 D Evaluation: 5 res for frame 318 received at 1574766544039
11-26 13:09:04.075 14145 14186 D Evaluation: 4 res for frame 319 received at 1574766544075
11-26 13:09:04.104 14145 14186 D Evaluation: 5 res for frame 320 received at 1574766544104
11-26 13:09:04.145 14145 14186 D Evaluation: 4 res for frame 321 received at 1574766544145
11-26 13:09:04.168 14145 14186 D Evaluation: 4 res for frame 322 received at 1574766544168
11-26 13:09:04.197 14145 14186 D Evaluation: 4 res for frame 323 received at 1574766544197
11-26 13:09:04.236 14145 14186 D Evaluation: 5 res for frame 324 received at 1574766544236
11-26 13:09:04.286 14145 14186 D Evaluation: 5 res for frame 325 received at 1574766544286
11-26 13:09:04.313 14145 14186 D Evaluation: 5 res for frame 326 received at 1574766544313
11-26 13:09:04.336 14145 14186 D Evaluation: 4 res for frame 327 received at 1574766544336
11-26 13:09:04.374 14145 14186 D Evaluation: 4 res for frame 328 received at 1574766544374
11-26 13:09:04.403 14145 14186 D Evaluation: 4 res for frame 329 received at 1574766544403
11-26 13:09:04.441 14145 14186 D Evaluation: 5 res for frame 330 received at 1574766544441
11-26 13:09:04.468 14145 14186 D Evaluation: 4 res for frame 331 received at 1574766544468
11-26 13:09:04.509 14145 14161 E         : [ZeroHung]zrhung_get_config: Get config failed for wp[0x0008]
11-26 13:09:04.511 14145 14186 D Evaluation: 5 res for frame 332 received at 1574766544511
11-26 13:09:04.538 14145 14186 D Evaluation: 5 res for frame 333 received at 1574766544538
11-26 13:09:04.539 14145 14155 W System  : A resource failed to call close. 
11-26 13:09:04.539 14145 14155 I chatty  : uid=10147(symlab.cloudridar.arhud) FinalizerDaemon identical 2 lines
11-26 13:09:04.539 14145 14155 W System  : A resource failed to call close. 
11-26 13:09:04.539 14145 14155 W System  : A resource failed to call close. 
11-26 13:09:04.539 14145 14155 W System  : A resource failed to call close. 
11-26 13:09:04.540 14145 14155 I chatty  : uid=10147(symlab.cloudridar.arhud) FinalizerDaemon identical 2 lines
11-26 13:09:04.540 14145 14155 W System  : A resource failed to call close. 
11-26 13:09:04.540 14145 14155 W System  : A resource failed to call close. 
11-26 13:09:04.540 14145 14155 I chatty  : uid=10147(symlab.cloudridar.arhud) FinalizerDaemon identical 6 lines
11-26 13:09:04.540 14145 14155 W System  : A resource failed to call close. 
11-26 13:09:04.540 14145 14155 W System  : A resource failed to call close. 
11-26 13:09:04.540 14145 14155 I chatty  : uid=10147(symlab.cloudridar.arhud) FinalizerDaemon identical 1 line
11-26 13:09:04.541 14145 14155 W System  : A resource failed to call close. 
11-26 13:09:04.541 14145 14155 W System  : A resource failed to call close. 
11-26 13:09:04.543 14145 14155 I chatty  : uid=10147(symlab.cloudridar.arhud) FinalizerDaemon identical 28 lines
11-26 13:09:04.543 14145 14155 W System  : A resource failed to call close. 
11-26 13:09:04.574 14145 14186 D Evaluation: 5 res for frame 334 received at 1574766544573
11-26 13:09:04.600 14145 14186 D Evaluation: 4 res for frame 335 received at 1574766544600
11-26 13:09:04.639 14145 14186 D Evaluation: 4 res for frame 336 received at 1574766544639
11-26 13:09:04.670 14145 14186 D Evaluation: 3 res for frame 337 received at 1574766544670
11-26 13:09:04.717 14145 14186 D Evaluation: 3 res for frame 338 received at 1574766544717
11-26 13:09:04.749 14145 14186 D Evaluation: 3 res for frame 339 received at 1574766544749
11-26 13:09:04.772 14145 14186 D Evaluation: 3 res for frame 340 received at 1574766544772
11-26 13:09:04.812 14145 14186 D Evaluation: 3 res for frame 341 received at 1574766544812
11-26 13:09:04.849 14145 14186 D Evaluation: 3 res for frame 343 received at 1574766544849
11-26 13:09:04.877 14145 14186 D Evaluation: 4 res for frame 343 received at 1574766544877
11-26 13:09:04.916 14145 14186 D Evaluation: 4 res for frame 344 received at 1574766544916
11-26 13:09:04.946 14145 14186 D Evaluation: 4 res for frame 345 received at 1574766544946
11-26 13:09:04.979 14145 14186 D Evaluation: 3 res for frame 346 received at 1574766544979
11-26 13:09:05.006 14145 14186 D Evaluation: 4 res for frame 347 received at 1574766545006
11-26 13:09:05.046 14145 14186 D Evaluation: 4 res for frame 348 received at 1574766545046
11-26 13:09:05.081 14145 14186 D Evaluation: 4 res for frame 349 received at 1574766545081
11-26 13:09:05.114 14145 14186 D Evaluation: 4 res for frame 350 received at 1574766545114
11-26 13:09:05.145 14145 14186 D Evaluation: 3 res for frame 351 received at 1574766545145
11-26 13:09:05.188 14145 14186 D Evaluation: 3 res for frame 352 received at 1574766545188
11-26 13:09:05.210 14145 14186 D Evaluation: 3 res for frame 353 received at 1574766545210
11-26 13:09:05.243 14145 14186 D Evaluation: 3 res for frame 354 received at 1574766545243
11-26 13:09:05.271 14145 14186 D Evaluation: 3 res for frame 355 received at 1574766545271
11-26 13:09:05.318 14145 14161 E         : [ZeroHung]zrhung_get_config: Get config failed for wp[0x0008]
11-26 13:09:05.321 14145 14186 D Evaluation: 4 res for frame 356 received at 1574766545321
11-26 13:09:05.340 14145 14155 W System  : A resource failed to call close. 
11-26 13:09:05.344 14145 14155 I chatty  : uid=10147(symlab.cloudridar.arhud) FinalizerDaemon identical 45 lines
11-26 13:09:05.344 14145 14155 W System  : A resource failed to call close. 
11-26 13:09:05.352 14145 14186 D Evaluation: 4 res for frame 357 received at 1574766545352
11-26 13:09:05.373 14145 14186 D Evaluation: 3 res for frame 358 received at 1574766545373
11-26 13:09:05.408 14145 14186 D Evaluation: 4 res for frame 359 received at 1574766545408
11-26 13:09:05.446 14145 14186 D Evaluation: 3 res for frame 361 received at 1574766545446
11-26 13:09:05.472 14145 14186 D Evaluation: 4 res for frame 361 received at 1574766545472
11-26 13:09:05.518 14145 14186 D Evaluation: 4 res for frame 362 received at 1574766545518
11-26 13:09:05.556 14145 14186 D Evaluation: 3 res for frame 363 received at 1574766545556
11-26 13:09:05.586 14145 14186 D Evaluation: 4 res for frame 364 received at 1574766545586
11-26 13:09:05.626 14145 14186 D Evaluation: 3 res for frame 365 received at 1574766545626
11-26 13:09:05.651 14145 14186 D Evaluation: 4 res for frame 366 received at 1574766545651
11-26 13:09:05.671 14145 14186 D Evaluation: 5 res for frame 367 received at 1574766545671
11-26 13:09:05.708 14145 14186 D Evaluation: 3 res for frame 368 received at 1574766545708
11-26 13:09:05.749 14145 14186 D Evaluation: 3 res for frame 370 received at 1574766545749
11-26 13:09:05.782 14145 14186 D Evaluation: 3 res for frame 370 received at 1574766545782
11-26 13:09:05.807 14145 14186 D Evaluation: 3 res for frame 371 received at 1574766545807
11-26 13:09:05.846 14145 14186 D Evaluation: 3 res for frame 372 received at 1574766545846
11-26 13:09:05.892 14145 14186 D Evaluation: 2 res for frame 373 received at 1574766545892
11-26 13:09:05.923 14145 14186 D Evaluation: 3 res for frame 374 received at 1574766545923
11-26 13:09:05.946 14145 14186 D Evaluation: 3 res for frame 375 received at 1574766545946
11-26 13:09:05.991 14145 14186 D Evaluation: 3 res for frame 376 received at 1574766545991
11-26 13:09:06.015 14145 14186 D Evaluation: 2 res for frame 377 received at 1574766546015
11-26 13:09:06.049 14145 14186 D Evaluation: 3 res for frame 378 received at 1574766546049
11-26 13:09:06.089 14145 14186 D Evaluation: 5 res for frame 379 received at 1574766546089
11-26 13:09:06.108 14145 14186 D Evaluation: 5 res for frame 380 received at 1574766546108
11-26 13:09:06.148 14145 14161 E         : [ZeroHung]zrhung_get_config: Get config failed for wp[0x0008]
11-26 13:09:06.151 14145 14186 D Evaluation: 2 res for frame 381 received at 1574766546151
11-26 13:09:06.169 14145 14155 W System  : A resource failed to call close. 
11-26 13:09:06.176 14145 14155 I chatty  : uid=10147(symlab.cloudridar.arhud) FinalizerDaemon identical 48 lines
11-26 13:09:06.177 14145 14155 W System  : A resource failed to call close. 
11-26 13:09:06.188 14145 14186 D Evaluation: 2 res for frame 383 received at 1574766546188
11-26 13:09:06.230 14145 14186 D Evaluation: 4 res for frame 383 received at 1574766546230
11-26 13:09:06.270 14145 14186 D Evaluation: 3 res for frame 384 received at 1574766546270
11-26 13:09:06.301 14145 14186 D Evaluation: 4 res for frame 385 received at 1574766546301
11-26 13:09:06.318 14145 14186 D Evaluation: 1 res for frame 386 received at 1574766546318
11-26 13:09:06.344 14145 14186 D Evaluation: 0 res for frame 387 received at 1574766546344
11-26 13:09:06.379 14145 14186 D Evaluation: 0 res for frame 389 received at 1574766546379
11-26 13:09:06.413 14145 14186 D Evaluation: 0 res for frame 389 received at 1574766546413
11-26 13:09:06.473 14145 14186 D Evaluation: 0 res for frame 390 received at 1574766546473
11-26 13:09:06.495 14145 14186 D Evaluation: 0 res for frame 391 received at 1574766546495
11-26 13:09:06.525 14145 14186 D Evaluation: 0 res for frame 392 received at 1574766546525
11-26 13:09:06.559 14145 14186 D Evaluation: 0 res for frame 393 received at 1574766546559
11-26 13:09:06.583 14145 14186 D Evaluation: 0 res for frame 394 received at 1574766546583
11-26 13:09:06.628 14145 14186 D Evaluation: 0 res for frame 395 received at 1574766546628
11-26 13:09:06.663 14145 14186 D Evaluation: 0 res for frame 396 received at 1574766546663
11-26 13:09:06.687 14145 14186 D Evaluation: 0 res for frame 397 received at 1574766546686
11-26 13:09:06.723 14145 14186 D Evaluation: 0 res for frame 398 received at 1574766546723
11-26 13:09:06.746 14145 14186 D Evaluation: 0 res for frame 399 received at 1574766546746
11-26 13:09:06.790 14145 14186 D Evaluation: 0 res for frame 400 received at 1574766546790
11-26 13:09:06.829 14145 14186 D Evaluation: 0 res for frame 401 received at 1574766546829
11-26 13:09:06.863 14145 14186 D Evaluation: 0 res for frame 402 received at 1574766546863
11-26 13:09:06.887 14145 14186 D Evaluation: 0 res for frame 403 received at 1574766546887
11-26 13:09:06.910 14145 14186 D Evaluation: 0 res for frame 404 received at 1574766546910
11-26 13:09:06.964 14145 14186 D Evaluation: 0 res for frame 405 received at 1574766546964
11-26 13:09:06.994 14145 14186 D Evaluation: 0 res for frame 406 received at 1574766546994
11-26 13:09:07.019 14145 14186 D Evaluation: 0 res for frame 407 received at 1574766547019
11-26 13:09:07.075 14145 14186 D Evaluation: 0 res for frame 408 received at 1574766547075
11-26 13:09:07.095 14145 14186 D Evaluation: 0 res for frame 409 received at 1574766547095
11-26 13:09:07.127 14145 14186 D Evaluation: 0 res for frame 410 received at 1574766547127
11-26 13:09:07.153 14145 14186 D Evaluation: 0 res for frame 412 received at 1574766547153
11-26 13:09:07.200 14145 14186 D Evaluation: 0 res for frame 412 received at 1574766547199
11-26 13:09:07.230 14145 14186 D Evaluation: 0 res for frame 413 received at 1574766547230
11-26 13:09:07.260 14145 14186 D Evaluation: 0 res for frame 414 received at 1574766547260
11-26 13:09:07.297 14145 14161 E         : [ZeroHung]zrhung_get_config: Get config failed for wp[0x0008]
11-26 13:09:07.300 14145 14186 D Evaluation: 0 res for frame 415 received at 1574766547299
11-26 13:09:07.319 14145 14155 W System  : A resource failed to call close. 
11-26 13:09:07.323 14145 14155 I chatty  : uid=10147(symlab.cloudridar.arhud) FinalizerDaemon identical 37 lines
11-26 13:09:07.323 14145 14155 W System  : A resource failed to call close. 
11-26 13:09:07.323 14145 14155 W System  : A resource failed to call close. 
11-26 13:09:07.325 14145 14155 I chatty  : uid=10147(symlab.cloudridar.arhud) FinalizerDaemon identical 24 lines
11-26 13:09:07.325 14145 14155 W System  : A resource failed to call close. 
11-26 13:09:07.326 14145 14155 W System  : A resource failed to call close. 
11-26 13:09:07.326 14145 14155 I chatty  : uid=10147(symlab.cloudridar.arhud) FinalizerDaemon identical 1 line
11-26 13:09:07.326 14145 14155 W System  : A resource failed to call close. 
11-26 13:09:07.333 14145 14186 D Evaluation: 0 res for frame 416 received at 1574766547333
11-26 13:09:07.357 14145 14186 D Evaluation: 0 res for frame 417 received at 1574766547357
11-26 13:09:07.397 14145 14186 D Evaluation: 0 res for frame 418 received at 1574766547397
11-26 13:09:07.428 14145 14186 D Evaluation: 0 res for frame 419 received at 1574766547428
11-26 13:09:07.471 14145 14186 D Evaluation: 0 res for frame 420 received at 1574766547471
11-26 13:09:07.499 14145 14186 D Evaluation: 0 res for frame 421 received at 1574766547499
