--------- beginning of main
11-26 13:15:57.898 15389 15389 W logcat  : type=1400 audit(0.0:5722): avc: granted { create } for name="logcat_1574766957886.txt" scontext=u:r:untrusted_app:s0:c147,c256,c512,c768 tcontext=u:object_r:sdcardfs:s0:c147,c256,c512,c768 tclass=file
11-26 13:15:57.901 15365 15365 I MultiDex: Installing application
11-26 13:15:57.901 15365 15365 I MultiDex: VM has multidex support, MultiDex support library is disabled.
--------- beginning of system
11-26 13:15:57.904 15365 15365 V ActivityThread: callActivityOnCreate
11-26 13:15:57.904 15365 15365 I Poster  :  onCreate() called.
11-26 13:15:57.907 15365 15365 I HwApsImpl: APS: new HwApsImpl created
11-26 13:15:57.913 15365 15365 V HwWidgetFactory: : successes to get AllImpl object and return....
11-26 13:15:57.920 15365 15365 D OpenGLRenderer: Skia GL Pipeline
11-26 13:15:57.940 15365 15365 D Poster  : Server details are IP 193.166.28.132 and port 52727
11-26 13:15:57.944 15365 15365 D Poster  : Server bound to IP 193.166.28.132 and port 52727
11-26 13:15:57.949 15365 15365 D ActivityThread: add activity client record, r= ActivityRecord{2c6908f token=android.os.BinderProxy@442f816 {symlab.cloudridar.arhud/symlab.ARHUD.MainActivity}} token= android.os.BinderProxy@442f816
11-26 13:15:57.951 15365 15365 I Poster  :  onStart() called.
11-26 13:15:57.952 15365 15365 D ZrHung.AppEyeUiProbe: notify runnable to start.
11-26 13:15:57.953 15365 15365 I Poster  :  onResume() called.
11-26 13:15:57.957 15365 15365 I PermissionManager: camera remind result:true
11-26 13:15:57.957 15365 15365 I Camera  : open camera: 0, package name: symlab.cloudridar.arhud
11-26 13:15:57.957 15365 15365 I BackgroundPermManager: pkgName: symlab.cloudridar.arhud,pid: 15365 ,uidOf3RdApk: 10147 ,permType: 0 ,permCfg: 1
11-26 13:15:57.958 15365 15365 I HwCameraUtil: notifySurfaceFlingerCameraStatus : isFront = false , isOpend = true
11-26 13:15:57.967 15365 15365 D ActivityThread: isOptEnabled=false isWechatScanOpt=false
11-26 13:15:57.969 15365 15365 I HwSecImmHelper: mSecurityInputMethodService is null
11-26 13:15:57.975 15365 15365 D OpenGLRenderer:   HWUI Binary is  enabled
11-26 13:15:57.995 15365 15417 D HiTouch_PressGestureDetector: onAttached, package=symlab.cloudridar.arhud, windowType=1, mHiTouchRestricted=false
11-26 13:15:58.004 15365 15415 I ConfigStore: android::hardware::configstore::V1_0::ISurfaceFlingerConfigs::hasWideColorDisplay retrieved: 0
11-26 13:15:58.004 15365 15415 I ConfigStore: android::hardware::configstore::V1_0::ISurfaceFlingerConfigs::hasHDRDisplay retrieved: 0
11-26 13:15:58.005 15365 15415 I iGraphics: [0020080c] pn: symlab.cloudridar.arhud, p: 15365
11-26 13:15:58.005 15365 15415 I OpenGLRenderer: Initialized EGL, version 1.4, mEglDisplay 0x1
11-26 13:15:58.005 15365 15415 D OpenGLRenderer: Swap behavior 2
11-26 13:15:58.017 15365 15415 D mali_winsys: EGLint new_window_surface(egl_winsys_display *, void *, EGLSurface, EGLConfig, egl_winsys_surface **, EGLBoolean) returns 0x3000
11-26 13:15:58.025 15365 15365 I Poster  :  surfaceCreated() called.
11-26 13:15:58.025 15365 15365 I Poster  : initPreview() called
11-26 13:15:58.030 15365 15365 I PermissionManager: camera remind result:true
11-26 13:15:58.035 15365 15365 I Poster  :  surfaceChanged() called.
11-26 13:15:58.053 15365 15365 W InputMethodManager: startInputReason = 1
11-26 13:15:58.064 15365 15365 W InputMethodManager: startInputReason = 5
11-26 13:15:58.853 15365 15377 E         : [ZeroHung]zrhung_get_config: Get config failed for wp[0x0008]
11-26 13:15:58.863 15365 15375 W System  : A resource failed to call close. 
11-26 13:15:58.864 15365 15375 I chatty  : uid=10147(symlab.cloudridar.arhud) FinalizerDaemon identical 16 lines
11-26 13:15:58.864 15365 15375 W System  : A resource failed to call close. 
11-26 13:16:00.022 15365 15377 E         : [ZeroHung]zrhung_get_config: Get config failed for wp[0x0008]
11-26 13:16:00.035 15365 15375 W System  : A resource failed to call close. 
11-26 13:16:00.036 15365 15375 I chatty  : uid=10147(symlab.cloudridar.arhud) FinalizerDaemon identical 6 lines
11-26 13:16:00.036 15365 15375 W System  : A resource failed to call close. 
11-26 13:16:00.036 15365 15375 W System  : A resource failed to call close. 
11-26 13:16:00.036 15365 15375 W System  : A resource failed to call close. 
11-26 13:16:00.037 15365 15375 I chatty  : uid=10147(symlab.cloudridar.arhud) FinalizerDaemon identical 23 lines
11-26 13:16:00.037 15365 15375 W System  : A resource failed to call close. 
11-26 13:16:01.237 15365 15377 E         : [ZeroHung]zrhung_get_config: Get config failed for wp[0x0008]
11-26 13:16:01.259 15365 15375 W System  : A resource failed to call close. 
11-26 13:16:01.261 15365 15375 I chatty  : uid=10147(symlab.cloudridar.arhud) FinalizerDaemon identical 32 lines
11-26 13:16:01.261 15365 15375 W System  : A resource failed to call close. 
11-26 13:16:02.513 15365 15377 E         : [ZeroHung]zrhung_get_config: Get config failed for wp[0x0008]
11-26 13:16:02.540 15365 15375 W System  : A resource failed to call close. 
11-26 13:16:02.543 15365 15375 I chatty  : uid=10147(symlab.cloudridar.arhud) FinalizerDaemon identical 37 lines
11-26 13:16:02.543 15365 15375 W System  : A resource failed to call close. 
11-26 13:16:02.883 15365 15365 I AwareBitmapCacher: init lrucache size: 2097152 pid=15365
11-26 13:16:04.033 15365 15377 E         : [ZeroHung]zrhung_get_config: Get config failed for wp[0x0008]
11-26 13:16:04.057 15365 15375 W System  : A resource failed to call close. 
11-26 13:16:04.060 15365 15375 I chatty  : uid=10147(symlab.cloudridar.arhud) FinalizerDaemon identical 41 lines
11-26 13:16:04.060 15365 15375 W System  : A resource failed to call close. 
11-26 13:16:05.675 15365 15377 E         : [ZeroHung]zrhung_get_config: Get config failed for wp[0x0008]
11-26 13:16:05.706 15365 15375 W System  : A resource failed to call close. 
11-26 13:16:05.709 15365 15375 I chatty  : uid=10147(symlab.cloudridar.arhud) FinalizerDaemon identical 45 lines
11-26 13:16:05.710 15365 15375 W System  : A resource failed to call close. 
11-26 13:16:06.573 15365 15365 D stylus  : init stylus touchlistener.
11-26 13:16:06.591 15365 15365 W Settings: Setting device_provisioned has moved from android.provider.Settings.Secure to android.provider.Settings.Global.
11-26 13:16:06.592 15365 15365 V HiTouch_HiTouchSensor: User setup is finished.
11-26 13:16:06.606 15365 15365 W HiTouch_PressGestureDetector: Touch pointer move a lot. The moving distance of X is:140.49976, limit is:60The moving distance of Y is:5.066284, limit is:60
11-26 13:16:07.003 15365 15365 I Poster  :  onPause() called.
11-26 13:16:07.126 15365 15365 I Camera  : close camera: 0, package name: symlab.cloudridar.arhud
11-26 13:16:07.126 15365 15365 I BackgroundPermManager: pkgName: symlab.cloudridar.arhud,pid: 15365 ,uidOf3RdApk: 10147 ,permType: 0 ,permCfg: 0
11-26 13:16:07.130 15365 15365 I HwCameraUtil: notifySurfaceFlingerCameraStatus : isFront = false , isOpend = false
11-26 13:16:07.206 15365 15365 D ZrHung.AppEyeUiProbe: stop checker.
11-26 13:16:07.246 15365 15365 I Poster  :  surfaceDestroyed() called.
11-26 13:16:07.247 15365 15365 D ViewRootImpl[MainActivity]: surface should not be released
11-26 13:16:07.247 15365 15365 I Poster  :  onStop() called.
11-26 13:16:07.257 15365 15415 W libEGL  : EGLNativeWindowType 0xe2ff0008 disconnect failed
11-26 13:16:07.896 15365 15391 D ZrHung.AppEyeUiProbe: Current Activity:false
11-26 13:16:07.896 15365 15391 D ZrHung.AppEyeUiProbe: not watching, wait.
11-26 13:16:12.007 15365 15365 I AwareBitmapCacher: handleReleaseCache: pid=15365
11-26 13:16:12.008 15365 15365 I AwareBitmapCacher: init lrucache size: 2097152 pid=15365
11-26 13:16:12.231 15365 15377 E         : [ZeroHung]zrhung_get_config: Get config failed for wp[0x0008]
11-26 13:16:12.257 15365 15375 W System  : A resource failed to call close. 
11-26 13:16:12.262 15365 15375 I chatty  : uid=10147(symlab.cloudridar.arhud) FinalizerDaemon identical 38 lines
11-26 13:16:12.263 15365 15375 W System  : A resource failed to call close. 
11-26 13:16:18.893 15365 15365 I PermissionManager: camera remind result:true
11-26 13:16:18.894 15365 15365 I BackgroundPermManager: pkgName: symlab.cloudridar.arhud,pid: 15365 ,uidOf3RdApk: 10147 ,permType: 0 ,permCfg: 1
11-26 13:16:18.895 15365 15365 I HwCameraUtil: notifySurfaceFlingerCameraStatus : isFront = false , isOpend = true
11-26 13:16:18.904 15365 15365 D ActivityThread: isOptEnabled=false isWechatScanOpt=false
11-26 13:16:18.931 15365 15415 D mali_winsys: EGLint new_window_surface(egl_winsys_display *, void *, EGLSurface, EGLConfig, egl_winsys_surface **, EGLBoolean) returns 0x3000
11-26 13:16:18.933 15365 15365 I Poster  :  surfaceCreated() called.
11-26 13:16:18.933 15365 15365 I Poster  : initPreview() called
11-26 13:16:18.935 15365 15365 I PermissionManager: camera remind result:true
11-26 13:16:18.940 15365 15365 I Poster  :  surfaceChanged() called.
11-26 13:16:18.940 15365 15365 E BpSurfaceComposerClient: Failed to transact (-1)
11-26 13:16:18.940 15365 15365 E BpSurfaceComposerClient: Failed to transact (-1)
11-26 13:16:18.942 15365 15365 W InputMethodManager: startInputReason = 1
11-26 13:16:18.987 15365 15415 W libEGL  : EGLNativeWindowType 0xe2ff0008 disconnect failed
11-26 13:16:18.988 15365 15415 D mali_winsys: EGLint new_window_surface(egl_winsys_display *, void *, EGLSurface, EGLConfig, egl_winsys_surface **, EGLBoolean) returns 0x3000
11-26 13:16:19.227 15365 15365 W MessageQueue: Handler (android.os.Handler) {5e0349e} sending message to a Handler on a dead thread
11-26 13:16:19.227 15365 15365 W MessageQueue: java.lang.IllegalStateException: Handler (android.os.Handler) {5e0349e} sending message to a Handler on a dead thread
11-26 13:16:19.227 15365 15365 W MessageQueue: 	at android.os.MessageQueue.enqueueMessage(MessageQueue.java:650)
11-26 13:16:19.227 15365 15365 W MessageQueue: 	at android.os.Handler.enqueueMessage(Handler.java:769)
11-26 13:16:19.227 15365 15365 W MessageQueue: 	at android.os.Handler.sendMessageAtTime(Handler.java:718)
11-26 13:16:19.227 15365 15365 W MessageQueue: 	at android.os.Handler.sendMessageDelayed(Handler.java:688)
11-26 13:16:19.227 15365 15365 W MessageQueue: 	at android.os.Handler.post(Handler.java:405)
11-26 13:16:19.227 15365 15365 W MessageQueue: 	at symlab.CloudAR.ARManager.recognizeTime(ARManager.java:152)
11-26 13:16:19.227 15365 15365 W MessageQueue: 	at symlab.ARHUD.MainActivity$3.onPreviewFrame(MainActivity.java:296)
11-26 13:16:19.227 15365 15365 W MessageQueue: 	at android.hardware.Camera$EventHandler.handleMessage(Camera.java:1278)
11-26 13:16:19.227 15365 15365 W MessageQueue: 	at android.os.Handler.dispatchMessage(Handler.java:112)
11-26 13:16:19.227 15365 15365 W MessageQueue: 	at android.os.Looper.loop(Looper.java:216)
11-26 13:16:19.227 15365 15365 W MessageQueue: 	at android.app.ActivityThread.main(ActivityThread.java:7579)
11-26 13:16:19.227 15365 15365 W MessageQueue: 	at java.lang.reflect.Method.invoke(Native Method)
11-26 13:16:19.227 15365 15365 W MessageQueue: 	at com.android.internal.os.RuntimeInit$MethodAndArgsCaller.run(RuntimeInit.java:524)
11-26 13:16:19.227 15365 15365 W MessageQueue: 	at com.android.internal.os.ZygoteInit.main(ZygoteInit.java:1034)
11-26 13:16:19.228 15365 15365 W MessageQueue: Handler (android.os.Handler) {5e0349e} sending message to a Handler on a dead thread
11-26 13:16:19.228 15365 15365 W MessageQueue: java.lang.IllegalStateException: Handler (android.os.Handler) {5e0349e} sending message to a Handler on a dead thread
11-26 13:16:19.228 15365 15365 W MessageQueue: 	at android.os.MessageQueue.enqueueMessage(MessageQueue.java:650)
11-26 13:16:19.228 15365 15365 W MessageQueue: 	at android.os.Handler.enqueueMessage(Handler.java:769)
11-26 13:16:19.228 15365 15365 W MessageQueue: 	at android.os.Handler.sendMessageAtTime(Handler.java:718)
11-26 13:16:19.228 15365 15365 W MessageQueue: 	at android.os.Handler.sendMessageDelayed(Handler.java:688)
11-26 13:16:19.228 15365 15365 W MessageQueue: 	at android.os.Handler.post(Handler.java:405)
11-26 13:16:19.228 15365 15365 W MessageQueue: 	at symlab.CloudAR.ARManager.driveFrame(ARManager.java:157)
11-26 13:16:19.228 15365 15365 W MessageQueue: 	at symlab.ARHUD.MainActivity$3.onPreviewFrame(MainActivity.java:297)
11-26 13:16:19.228 15365 15365 W MessageQueue: 	at android.hardware.Camera$EventHandler.handleMessage(Camera.java:1278)
11-26 13:16:19.228 15365 15365 W MessageQueue: 	at android.os.Handler.dispatchMessage(Handler.java:112)
11-26 13:16:19.228 15365 15365 W MessageQueue: 	at android.os.Looper.loop(Looper.java:216)
11-26 13:16:19.228 15365 15365 W MessageQueue: 	at android.app.ActivityThread.main(ActivityThread.java:7579)
11-26 13:16:19.228 15365 15365 W MessageQueue: 	at java.lang.reflect.Method.invoke(Native Method)
11-26 13:16:19.228 15365 15365 W MessageQueue: 	at com.android.internal.os.RuntimeInit$MethodAndArgsCaller.run(RuntimeInit.java:524)
11-26 13:16:19.228 15365 15365 W MessageQueue: 	at com.android.internal.os.ZygoteInit.main(ZygoteInit.java:1034)
11-26 13:16:19.260 15365 15365 W MessageQueue: Handler (android.os.Handler) {5e0349e} sending message to a Handler on a dead thread
11-26 13:16:19.260 15365 15365 W MessageQueue: java.lang.IllegalStateException: Handler (android.os.Handler) {5e0349e} sending message to a Handler on a dead thread
11-26 13:16:19.260 15365 15365 W MessageQueue: 	at android.os.MessageQueue.enqueueMessage(MessageQueue.java:650)
11-26 13:16:19.260 15365 15365 W MessageQueue: 	at android.os.Handler.enqueueMessage(Handler.java:769)
11-26 13:16:19.260 15365 15365 W MessageQueue: 	at android.os.Handler.sendMessageAtTime(Handler.java:718)
11-26 13:16:19.260 15365 15365 W MessageQueue: 	at android.os.Handler.sendMessageDelayed(Handler.java:688)
11-26 13:16:19.260 15365 15365 W MessageQueue: 	at android.os.Handler.post(Handler.java:405)
11-26 13:16:19.260 15365 15365 W MessageQueue: 	at symlab.CloudAR.ARManager.recognizeTime(ARManager.java:152)
11-26 13:16:19.260 15365 15365 W MessageQueue: 	at symlab.ARHUD.MainActivity$3.onPreviewFrame(MainActivity.java:296)
11-26 13:16:19.260 15365 15365 W MessageQueue: 	at android.hardware.Camera$EventHandler.handleMessage(Camera.java:1278)
11-26 13:16:19.260 15365 15365 W MessageQueue: 	at android.os.Handler.dispatchMessage(Handler.java:112)
11-26 13:16:19.260 15365 15365 W MessageQueue: 	at android.os.Looper.loop(Looper.java:216)
11-26 13:16:19.260 15365 15365 W MessageQueue: 	at android.app.ActivityThread.main(ActivityThread.java:7579)
11-26 13:16:19.260 15365 15365 W MessageQueue: 	at java.lang.reflect.Method.invoke(Native Method)
11-26 13:16:19.260 15365 15365 W MessageQueue: 	at com.android.internal.os.RuntimeInit$MethodAndArgsCaller.run(RuntimeInit.java:524)
11-26 13:16:19.260 15365 15365 W MessageQueue: 	at com.android.internal.os.ZygoteInit.main(ZygoteInit.java:1034)
11-26 13:16:19.260 15365 15365 W MessageQueue: Handler (android.os.Handler) {5e0349e} sending message to a Handler on a dead thread
11-26 13:16:19.260 15365 15365 W MessageQueue: java.lang.IllegalStateException: Handler (android.os.Handler) {5e0349e} sending message to a Handler on a dead thread
11-26 13:16:19.260 15365 15365 W MessageQueue: 	at android.os.MessageQueue.enqueueMessage(MessageQueue.java:650)
11-26 13:16:19.260 15365 15365 W MessageQueue: 	at android.os.Handler.enqueueMessage(Handler.java:769)
11-26 13:16:19.260 15365 15365 W MessageQueue: 	at android.os.Handler.sendMessageAtTime(Handler.java:718)
11-26 13:16:19.260 15365 15365 W MessageQueue: 	at android.os.Handler.sendMessageDelayed(Handler.java:688)
11-26 13:16:19.260 15365 15365 W MessageQueue: 	at android.os.Handler.post(Handler.java:405)
11-26 13:16:19.260 15365 15365 W MessageQueue: 	at symlab.CloudAR.ARManager.driveFrame(ARManager.java:157)
11-26 13:16:19.260 15365 15365 W MessageQueue: 	at symlab.ARHUD.MainActivity$3.onPreviewFrame(MainActivity.java:297)
11-26 13:16:19.260 15365 15365 W MessageQueue: 	at android.hardware.Camera$EventHandler.handleMessage(Camera.java:1278)
11-26 13:16:19.260 15365 15365 W MessageQueue: 	at android.os.Handler.dispatchMessage(Handler.java:112)
11-26 13:16:19.260 15365 15365 W MessageQueue: 	at android.os.Looper.loop(Looper.java:216)
11-26 13:16:19.260 15365 15365 W MessageQueue: 	at android.app.ActivityThread.main(ActivityThread.java:7579)
11-26 13:16:19.260 15365 15365 W MessageQueue: 	at java.lang.reflect.Method.invoke(Native Method)
11-26 13:16:19.260 15365 15365 W MessageQueue: 	at com.android.internal.os.RuntimeInit$MethodAndArgsCaller.run(RuntimeInit.java:524)
11-26 13:16:19.260 15365 15365 W MessageQueue: 	at com.android.internal.os.ZygoteInit.main(ZygoteInit.java:1034)
11-26 13:16:19.296 15365 15365 W MessageQueue: Handler (android.os.Handler) {5e0349e} sending message to a Handler on a dead thread
11-26 13:16:19.296 15365 15365 W MessageQueue: java.lang.IllegalStateException: Handler (android.os.Handler) {5e0349e} sending message to a Handler on a dead thread
11-26 13:16:19.296 15365 15365 W MessageQueue: 	at android.os.MessageQueue.enqueueMessage(MessageQueue.java:650)
11-26 13:16:19.296 15365 15365 W MessageQueue: 	at android.os.Handler.enqueueMessage(Handler.java:769)
11-26 13:16:19.296 15365 15365 W MessageQueue: 	at android.os.Handler.sendMessageAtTime(Handler.java:718)
11-26 13:16:19.296 15365 15365 W MessageQueue: 	at android.os.Handler.sendMessageDelayed(Handler.java:688)
11-26 13:16:19.296 15365 15365 W MessageQueue: 	at android.os.Handler.post(Handler.java:405)
11-26 13:16:19.296 15365 15365 W MessageQueue: 	at symlab.CloudAR.ARManager.recognizeTime(ARManager.java:152)
11-26 13:16:19.296 15365 15365 W MessageQueue: 	at symlab.ARHUD.MainActivity$3.onPreviewFrame(MainActivity.java:296)
11-26 13:16:19.296 15365 15365 W MessageQueue: 	at android.hardware.Camera$EventHandler.handleMessage(Camera.java:1278)
11-26 13:16:19.296 15365 15365 W MessageQueue: 	at android.os.Handler.dispatchMessage(Handler.java:112)
11-26 13:16:19.296 15365 15365 W MessageQueue: 	at android.os.Looper.loop(Looper.java:216)
11-26 13:16:19.296 15365 15365 W MessageQueue: 	at android.app.ActivityThread.main(ActivityThread.java:7579)
11-26 13:16:19.296 15365 15365 W MessageQueue: 	at java.lang.reflect.Method.invoke(Native Method)
11-26 13:16:19.296 15365 15365 W MessageQueue: 	at com.android.internal.os.RuntimeInit$MethodAndArgsCaller.run(RuntimeInit.java:524)
11-26 13:16:19.296 15365 15365 W MessageQueue: 	at com.android.internal.os.ZygoteInit.main(ZygoteInit.java:1034)
11-26 13:16:19.297 15365 15365 W MessageQueue: Handler (android.os.Handler) {5e0349e} sending message to a Handler on a dead thread
11-26 13:16:19.297 15365 15365 W MessageQueue: java.lang.IllegalStateException: Handler (android.os.Handler) {5e0349e} sending message to a Handler on a dead thread
11-26 13:16:19.297 15365 15365 W MessageQueue: 	at android.os.MessageQueue.enqueueMessage(MessageQueue.java:650)
11-26 13:16:19.297 15365 15365 W MessageQueue: 	at android.os.Handler.enqueueMessage(Handler.java:769)
11-26 13:16:19.297 15365 15365 W MessageQueue: 	at android.os.Handler.sendMessageAtTime(Handler.java:718)
11-26 13:16:19.297 15365 15365 W MessageQueue: 	at android.os.Handler.sendMessageDelayed(Handler.java:688)
11-26 13:16:19.297 15365 15365 W MessageQueue: 	at android.os.Handler.post(Handler.java:405)
11-26 13:16:19.297 15365 15365 W MessageQueue: 	at symlab.CloudAR.ARManager.driveFrame(ARManager.java:157)
11-26 13:16:19.297 15365 15365 W MessageQueue: 	at symlab.ARHUD.MainActivity$3.onPreviewFrame(MainActivity.java:297)
11-26 13:16:19.297 15365 15365 W MessageQueue: 	at android.hardware.Camera$EventHandler.handleMessage(Camera.java:1278)
11-26 13:16:19.297 15365 15365 W MessageQueue: 	at android.os.Handler.dispatchMessage(Handler.java:112)
11-26 13:16:19.297 15365 15365 W MessageQueue: 	at android.os.Looper.loop(Looper.java:216)
11-26 13:16:19.297 15365 15365 W MessageQueue: 	at android.app.ActivityThread.main(ActivityThread.java:7579)
11-26 13:16:19.297 15365 15365 W MessageQueue: 	at java.lang.reflect.Method.invoke(Native Method)
11-26 13:16:19.297 15365 15365 W MessageQueue: 	at com.android.internal.os.RuntimeInit$MethodAndArgsCaller.run(RuntimeInit.java:524)
11-26 13:16:19.297 15365 15365 W MessageQueue: 	at com.android.internal.os.ZygoteInit.main(ZygoteInit.java:1034)
11-26 13:16:19.336 15365 15365 W MessageQueue: Handler (android.os.Handler) {5e0349e} sending message to a Handler on a dead thread
11-26 13:16:19.336 15365 15365 W MessageQueue: java.lang.IllegalStateException: Handler (android.os.Handler) {5e0349e} sending message to a Handler on a dead thread
11-26 13:16:19.336 15365 15365 W MessageQueue: 	at android.os.MessageQueue.enqueueMessage(MessageQueue.java:650)
11-26 13:16:19.336 15365 15365 W MessageQueue: 	at android.os.Handler.enqueueMessage(Handler.java:769)
11-26 13:16:19.336 15365 15365 W MessageQueue: 	at android.os.Handler.sendMessageAtTime(Handler.java:718)
11-26 13:16:19.336 15365 15365 W MessageQueue: 	at android.os.Handler.sendMessageDelayed(Handler.java:688)
11-26 13:16:19.336 15365 15365 W MessageQueue: 	at android.os.Handler.post(Handler.java:405)
11-26 13:16:19.336 15365 15365 W MessageQueue: 	at symlab.CloudAR.ARManager.recognizeTime(ARManager.java:152)
11-26 13:16:19.336 15365 15365 W MessageQueue: 	at symlab.ARHUD.MainActivity$3.onPreviewFrame(MainActivity.java:296)
11-26 13:16:19.336 15365 15365 W MessageQueue: 	at android.hardware.Camera$EventHandler.handleMessage(Camera.java:1278)
11-26 13:16:19.336 15365 15365 W MessageQueue: 	at android.os.Handler.dispatchMessage(Handler.java:112)
11-26 13:16:19.336 15365 15365 W MessageQueue: 	at android.os.Looper.loop(Looper.java:216)
11-26 13:16:19.336 15365 15365 W MessageQueue: 	at android.app.ActivityThread.main(ActivityThread.java:7579)
11-26 13:16:19.336 15365 15365 W MessageQueue: 	at java.lang.reflect.Method.invoke(Native Method)
11-26 13:16:19.336 15365 15365 W MessageQueue: 	at com.android.internal.os.RuntimeInit$MethodAndArgsCaller.run(RuntimeInit.java:524)
11-26 13:16:19.336 15365 15365 W MessageQueue: 	at com.android.internal.os.ZygoteInit.main(ZygoteInit.java:1034)
11-26 13:16:19.337 15365 15365 W MessageQueue: Handler (android.os.Handler) {5e0349e} sending message to a Handler on a dead thread
11-26 13:16:19.337 15365 15365 W MessageQueue: java.lang.IllegalStateException: Handler (android.os.Handler) {5e0349e} sending message to a Handler on a dead thread
11-26 13:16:19.337 15365 15365 W MessageQueue: 	at android.os.MessageQueue.enqueueMessage(MessageQueue.java:650)
11-26 13:16:19.337 15365 15365 W MessageQueue: 	at android.os.Handler.enqueueMessage(Handler.java:769)
11-26 13:16:19.337 15365 15365 W MessageQueue: 	at android.os.Handler.sendMessageAtTime(Handler.java:718)
11-26 13:16:19.337 15365 15365 W MessageQueue: 	at android.os.Handler.sendMessageDelayed(Handler.java:688)
11-26 13:16:19.337 15365 15365 W MessageQueue: 	at android.os.Handler.post(Handler.java:405)
11-26 13:16:19.337 15365 15365 W MessageQueue: 	at symlab.CloudAR.ARManager.driveFrame(ARManager.java:157)
11-26 13:16:19.337 15365 15365 W MessageQueue: 	at symlab.ARHUD.MainActivity$3.onPreviewFrame(MainActivity.java:297)
11-26 13:16:19.337 15365 15365 W MessageQueue: 	at android.hardware.Camera$EventHandler.handleMessage(Camera.java:1278)
11-26 13:16:19.337 15365 15365 W MessageQueue: 	at android.os.Handler.dispatchMessage(Handler.java:112)
11-26 13:16:19.337 15365 15365 W MessageQueue: 	at android.os.Looper.loop(Looper.java:216)
11-26 13:16:19.337 15365 15365 W MessageQueue: 	at android.app.ActivityThread.main(ActivityThread.java:7579)
11-26 13:16:19.337 15365 15365 W MessageQueue: 	at java.lang.reflect.Method.invoke(Native Method)
11-26 13:16:19.337 15365 15365 W MessageQueue: 	at com.android.internal.os.RuntimeInit$MethodAndArgsCaller.run(RuntimeInit.java:524)
11-26 13:16:19.337 15365 15365 W MessageQueue: 	at com.android.internal.os.ZygoteInit.main(ZygoteInit.java:1034)
11-26 13:16:19.370 15365 15365 W MessageQueue: Handler (android.os.Handler) {5e0349e} sending message to a Handler on a dead thread
11-26 13:16:19.370 15365 15365 W MessageQueue: java.lang.IllegalStateException: Handler (android.os.Handler) {5e0349e} sending message to a Handler on a dead thread
11-26 13:16:19.370 15365 15365 W MessageQueue: 	at android.os.MessageQueue.enqueueMessage(MessageQueue.java:650)
11-26 13:16:19.370 15365 15365 W MessageQueue: 	at android.os.Handler.enqueueMessage(Handler.java:769)
11-26 13:16:19.370 15365 15365 W MessageQueue: 	at android.os.Handler.sendMessageAtTime(Handler.java:718)
11-26 13:16:19.370 15365 15365 W MessageQueue: 	at android.os.Handler.sendMessageDelayed(Handler.java:688)
11-26 13:16:19.370 15365 15365 W MessageQueue: 	at android.os.Handler.post(Handler.java:405)
11-26 13:16:19.370 15365 15365 W MessageQueue: 	at symlab.CloudAR.ARManager.recognizeTime(ARManager.java:152)
11-26 13:16:19.370 15365 15365 W MessageQueue: 	at symlab.ARHUD.MainActivity$3.onPreviewFrame(MainActivity.java:296)
11-26 13:16:19.370 15365 15365 W MessageQueue: 	at android.hardware.Camera$EventHandler.handleMessage(Camera.java:1278)
11-26 13:16:19.370 15365 15365 W MessageQueue: 	at android.os.Handler.dispatchMessage(Handler.java:112)
11-26 13:16:19.370 15365 15365 W MessageQueue: 	at android.os.Looper.loop(Looper.java:216)
11-26 13:16:19.370 15365 15365 W MessageQueue: 	at android.app.ActivityThread.main(ActivityThread.java:7579)
11-26 13:16:19.370 15365 15365 W MessageQueue: 	at java.lang.reflect.Method.invoke(Native Method)
11-26 13:16:19.370 15365 15365 W MessageQueue: 	at com.android.internal.os.RuntimeInit$MethodAndArgsCaller.run(RuntimeInit.java:524)
11-26 13:16:19.370 15365 15365 W MessageQueue: 	at com.android.internal.os.ZygoteInit.main(ZygoteInit.java:1034)
11-26 13:16:19.371 15365 15365 W MessageQueue: Handler (android.os.Handler) {5e0349e} sending message to a Handler on a dead thread
11-26 13:16:19.371 15365 15365 W MessageQueue: java.lang.IllegalStateException: Handler (android.os.Handler) {5e0349e} sending message to a Handler on a dead thread
11-26 13:16:19.371 15365 15365 W MessageQueue: 	at android.os.MessageQueue.enqueueMessage(MessageQueue.java:650)
11-26 13:16:19.371 15365 15365 W MessageQueue: 	at android.os.Handler.enqueueMessage(Handler.java:769)
11-26 13:16:19.371 15365 15365 W MessageQueue: 	at android.os.Handler.sendMessageAtTime(Handler.java:718)
11-26 13:16:19.371 15365 15365 W MessageQueue: 	at android.os.Handler.sendMessageDelayed(Handler.java:688)
11-26 13:16:19.371 15365 15365 W MessageQueue: 	at android.os.Handler.post(Handler.java:405)
11-26 13:16:19.371 15365 15365 W MessageQueue: 	at symlab.CloudAR.ARManager.driveFrame(ARManager.java:157)
11-26 13:16:19.371 15365 15365 W MessageQueue: 	at symlab.ARHUD.MainActivity$3.onPreviewFrame(MainActivity.java:297)
11-26 13:16:19.371 15365 15365 W MessageQueue: 	at android.hardware.Camera$EventHandler.handleMessage(Camera.java:1278)
11-26 13:16:19.371 15365 15365 W MessageQueue: 	at android.os.Handler.dispatchMessage(Handler.java:112)
11-26 13:16:19.371 15365 15365 W MessageQueue: 	at android.os.Looper.loop(Looper.java:216)
11-26 13:16:19.371 15365 15365 W MessageQueue: 	at android.app.ActivityThread.main(ActivityThread.java:7579)
11-26 13:16:19.371 15365 15365 W MessageQueue: 	at java.lang.reflect.Method.invoke(Native Method)
11-26 13:16:19.371 15365 15365 W MessageQueue: 	at com.android.internal.os.RuntimeInit$MethodAndArgsCaller.run(RuntimeInit.java:524)
11-26 13:16:19.371 15365 15365 W MessageQueue: 	at com.android.internal.os.ZygoteInit.main(ZygoteInit.java:1034)
11-26 13:16:19.405 15365 15365 W MessageQueue: Handler (android.os.Handler) {5e0349e} sending message to a Handler on a dead thread
11-26 13:16:19.405 15365 15365 W MessageQueue: java.lang.IllegalStateException: Handler (android.os.Handler) {5e0349e} sending message to a Handler on a dead thread
11-26 13:16:19.405 15365 15365 W MessageQueue: 	at android.os.MessageQueue.enqueueMessage(MessageQueue.java:650)
11-26 13:16:19.405 15365 15365 W MessageQueue: 	at android.os.Handler.enqueueMessage(Handler.java:769)
11-26 13:16:19.405 15365 15365 W MessageQueue: 	at android.os.Handler.sendMessageAtTime(Handler.java:718)
11-26 13:16:19.405 15365 15365 W MessageQueue: 	at android.os.Handler.sendMessageDelayed(Handler.java:688)
11-26 13:16:19.405 15365 15365 W MessageQueue: 	at android.os.Handler.post(Handler.java:405)
11-26 13:16:19.405 15365 15365 W MessageQueue: 	at symlab.CloudAR.ARManager.recognizeTime(ARManager.java:152)
11-26 13:16:19.405 15365 15365 W MessageQueue: 	at symlab.ARHUD.MainActivity$3.onPreviewFrame(MainActivity.java:296)
11-26 13:16:19.405 15365 15365 W MessageQueue: 	at android.hardware.Camera$EventHandler.handleMessage(Camera.java:1278)
11-26 13:16:19.405 15365 15365 W MessageQueue: 	at android.os.Handler.dispatchMessage(Handler.java:112)
11-26 13:16:19.405 15365 15365 W MessageQueue: 	at android.os.Looper.loop(Looper.java:216)
11-26 13:16:19.405 15365 15365 W MessageQueue: 	at android.app.ActivityThread.main(ActivityThread.java:7579)
11-26 13:16:19.405 15365 15365 W MessageQueue: 	at java.lang.reflect.Method.invoke(Native Method)
11-26 13:16:19.405 15365 15365 W MessageQueue: 	at com.android.internal.os.RuntimeInit$MethodAndArgsCaller.run(RuntimeInit.java:524)
11-26 13:16:19.405 15365 15365 W MessageQueue: 	at com.android.internal.os.ZygoteInit.main(ZygoteInit.java:1034)
11-26 13:16:19.406 15365 15365 W MessageQueue: Handler (android.os.Handler) {5e0349e} sending message to a Handler on a dead thread
11-26 13:16:19.406 15365 15365 W MessageQueue: java.lang.IllegalStateException: Handler (android.os.Handler) {5e0349e} sending message to a Handler on a dead thread
11-26 13:16:19.406 15365 15365 W MessageQueue: 	at android.os.MessageQueue.enqueueMessage(MessageQueue.java:650)
11-26 13:16:19.406 15365 15365 W MessageQueue: 	at android.os.Handler.enqueueMessage(Handler.java:769)
11-26 13:16:19.406 15365 15365 W MessageQueue: 	at android.os.Handler.sendMessageAtTime(Handler.java:718)
11-26 13:16:19.406 15365 15365 W MessageQueue: 	at android.os.Handler.sendMessageDelayed(Handler.java:688)
11-26 13:16:19.406 15365 15365 W MessageQueue: 	at android.os.Handler.post(Handler.java:405)
11-26 13:16:19.406 15365 15365 W MessageQueue: 	at symlab.CloudAR.ARManager.driveFrame(ARManager.java:157)
11-26 13:16:19.406 15365 15365 W MessageQueue: 	at symlab.ARHUD.MainActivity$3.onPreviewFrame(MainActivity.java:297)
11-26 13:16:19.406 15365 15365 W MessageQueue: 	at android.hardware.Camera$EventHandler.handleMessage(Camera.java:1278)
11-26 13:16:19.406 15365 15365 W MessageQueue: 	at android.os.Handler.dispatchMessage(Handler.java:112)
11-26 13:16:19.406 15365 15365 W MessageQueue: 	at android.os.Looper.loop(Looper.java:216)
11-26 13:16:19.406 15365 15365 W MessageQueue: 	at android.app.ActivityThread.main(ActivityThread.java:7579)
11-26 13:16:19.406 15365 15365 W MessageQueue: 	at java.lang.reflect.Method.invoke(Native Method)
11-26 13:16:19.406 15365 15365 W MessageQueue: 	at com.android.internal.os.RuntimeInit$MethodAndArgsCaller.run(RuntimeInit.java:524)
11-26 13:16:19.406 15365 15365 W MessageQueue: 	at com.android.internal.os.ZygoteInit.main(ZygoteInit.java:1034)
11-26 13:16:19.437 15365 15365 W MessageQueue: Handler (android.os.Handler) {5e0349e} sending message to a Handler on a dead thread
11-26 13:16:19.437 15365 15365 W MessageQueue: java.lang.IllegalStateException: Handler (android.os.Handler) {5e0349e} sending message to a Handler on a dead thread
11-26 13:16:19.437 15365 15365 W MessageQueue: 	at android.os.MessageQueue.enqueueMessage(MessageQueue.java:650)
11-26 13:16:19.437 15365 15365 W MessageQueue: 	at android.os.Handler.enqueueMessage(Handler.java:769)
11-26 13:16:19.437 15365 15365 W MessageQueue: 	at android.os.Handler.sendMessageAtTime(Handler.java:718)
11-26 13:16:19.437 15365 15365 W MessageQueue: 	at android.os.Handler.sendMessageDelayed(Handler.java:688)
11-26 13:16:19.437 15365 15365 W MessageQueue: 	at android.os.Handler.post(Handler.java:405)
11-26 13:16:19.437 15365 15365 W MessageQueue: 	at symlab.CloudAR.ARManager.recognizeTime(ARManager.java:152)
11-26 13:16:19.437 15365 15365 W MessageQueue: 	at symlab.ARHUD.MainActivity$3.onPreviewFrame(MainActivity.java:296)
11-26 13:16:19.437 15365 15365 W MessageQueue: 	at android.hardware.Camera$EventHandler.handleMessage(Camera.java:1278)
11-26 13:16:19.437 15365 15365 W MessageQueue: 	at android.os.Handler.dispatchMessage(Handler.java:112)
11-26 13:16:19.437 15365 15365 W MessageQueue: 	at android.os.Looper.loop(Looper.java:216)
11-26 13:16:19.437 15365 15365 W MessageQueue: 	at android.app.ActivityThread.main(ActivityThread.java:7579)
11-26 13:16:19.437 15365 15365 W MessageQueue: 	at java.lang.reflect.Method.invoke(Native Method)
11-26 13:16:19.437 15365 15365 W MessageQueue: 	at com.android.internal.os.RuntimeInit$MethodAndArgsCaller.run(RuntimeInit.java:524)
11-26 13:16:19.437 15365 15365 W MessageQueue: 	at com.android.internal.os.ZygoteInit.main(ZygoteInit.java:1034)
11-26 13:16:19.438 15365 15365 W MessageQueue: Handler (android.os.Handler) {5e0349e} sending message to a Handler on a dead thread
11-26 13:16:19.438 15365 15365 W MessageQueue: java.lang.IllegalStateException: Handler (android.os.Handler) {5e0349e} sending message to a Handler on a dead thread
11-26 13:16:19.438 15365 15365 W MessageQueue: 	at android.os.MessageQueue.enqueueMessage(MessageQueue.java:650)
11-26 13:16:19.438 15365 15365 W MessageQueue: 	at android.os.Handler.enqueueMessage(Handler.java:769)
11-26 13:16:19.438 15365 15365 W MessageQueue: 	at android.os.Handler.sendMessageAtTime(Handler.java:718)
11-26 13:16:19.438 15365 15365 W MessageQueue: 	at android.os.Handler.sendMessageDelayed(Handler.java:688)
11-26 13:16:19.438 15365 15365 W MessageQueue: 	at android.os.Handler.post(Handler.java:405)
11-26 13:16:19.438 15365 15365 W MessageQueue: 	at symlab.CloudAR.ARManager.driveFrame(ARManager.java:157)
11-26 13:16:19.438 15365 15365 W MessageQueue: 	at symlab.ARHUD.MainActivity$3.onPreviewFrame(MainActivity.java:297)
11-26 13:16:19.438 15365 15365 W MessageQueue: 	at android.hardware.Camera$EventHandler.handleMessage(Camera.java:1278)
11-26 13:16:19.438 15365 15365 W MessageQueue: 	at android.os.Handler.dispatchMessage(Handler.java:112)
11-26 13:16:19.438 15365 15365 W MessageQueue: 	at android.os.Looper.loop(Looper.java:216)
11-26 13:16:19.438 15365 15365 W MessageQueue: 	at android.app.ActivityThread.main(ActivityThread.java:7579)
11-26 13:16:19.438 15365 15365 W MessageQueue: 	at java.lang.reflect.Method.invoke(Native Method)
11-26 13:16:19.438 15365 15365 W MessageQueue: 	at com.android.internal.os.RuntimeInit$MethodAndArgsCaller.run(RuntimeInit.java:524)
11-26 13:16:19.438 15365 15365 W MessageQueue: 	at com.android.internal.os.ZygoteInit.main(ZygoteInit.java:1034)
11-26 13:16:19.473 15365 15365 W MessageQueue: Handler (android.os.Handler) {5e0349e} sending message to a Handler on a dead thread
11-26 13:16:19.473 15365 15365 W MessageQueue: java.lang.IllegalStateException: Handler (android.os.Handler) {5e0349e} sending message to a Handler on a dead thread
11-26 13:16:19.473 15365 15365 W MessageQueue: 	at android.os.MessageQueue.enqueueMessage(MessageQueue.java:650)
11-26 13:16:19.473 15365 15365 W MessageQueue: 	at android.os.Handler.enqueueMessage(Handler.java:769)
11-26 13:16:19.473 15365 15365 W MessageQueue: 	at android.os.Handler.sendMessageAtTime(Handler.java:718)
11-26 13:16:19.473 15365 15365 W MessageQueue: 	at android.os.Handler.sendMessageDelayed(Handler.java:688)
11-26 13:16:19.473 15365 15365 W MessageQueue: 	at android.os.Handler.post(Handler.java:405)
11-26 13:16:19.473 15365 15365 W MessageQueue: 	at symlab.CloudAR.ARManager.recognizeTime(ARManager.java:152)
11-26 13:16:19.473 15365 15365 W MessageQueue: 	at symlab.ARHUD.MainActivity$3.onPreviewFrame(MainActivity.java:296)
11-26 13:16:19.473 15365 15365 W MessageQueue: 	at android.hardware.Camera$EventHandler.handleMessage(Camera.java:1278)
11-26 13:16:19.473 15365 15365 W MessageQueue: 	at android.os.Handler.dispatchMessage(Handler.java:112)
11-26 13:16:19.473 15365 15365 W MessageQueue: 	at android.os.Looper.loop(Looper.java:216)
11-26 13:16:19.473 15365 15365 W MessageQueue: 	at android.app.ActivityThread.main(ActivityThread.java:7579)
11-26 13:16:19.473 15365 15365 W MessageQueue: 	at java.lang.reflect.Method.invoke(Native Method)
11-26 13:16:19.473 15365 15365 W MessageQueue: 	at com.android.internal.os.RuntimeInit$MethodAndArgsCaller.run(RuntimeInit.java:524)
11-26 13:16:19.473 15365 15365 W MessageQueue: 	at com.android.internal.os.ZygoteInit.main(ZygoteInit.java:1034)
11-26 13:16:19.474 15365 15365 W MessageQueue: Handler (android.os.Handler) {5e0349e} sending message to a Handler on a dead thread
11-26 13:16:19.474 15365 15365 W MessageQueue: java.lang.IllegalStateException: Handler (android.os.Handler) {5e0349e} sending message to a Handler on a dead thread
11-26 13:16:19.474 15365 15365 W MessageQueue: 	at android.os.MessageQueue.enqueueMessage(MessageQueue.java:650)
11-26 13:16:19.474 15365 15365 W MessageQueue: 	at android.os.Handler.enqueueMessage(Handler.java:769)
11-26 13:16:19.474 15365 15365 W MessageQueue: 	at android.os.Handler.sendMessageAtTime(Handler.java:718)
11-26 13:16:19.474 15365 15365 W MessageQueue: 	at android.os.Handler.sendMessageDelayed(Handler.java:688)
11-26 13:16:19.474 15365 15365 W MessageQueue: 	at android.os.Handler.post(Handler.java:405)
11-26 13:16:19.474 15365 15365 W MessageQueue: 	at symlab.CloudAR.ARManager.driveFrame(ARManager.java:157)
11-26 13:16:19.474 15365 15365 W MessageQueue: 	at symlab.ARHUD.MainActivity$3.onPreviewFrame(MainActivity.java:297)
11-26 13:16:19.474 15365 15365 W MessageQueue: 	at android.hardware.Camera$EventHandler.handleMessage(Camera.java:1278)
11-26 13:16:19.474 15365 15365 W MessageQueue: 	at android.os.Handler.dispatchMessage(Handler.java:112)
11-26 13:16:19.474 15365 15365 W MessageQueue: 	at android.os.Looper.loop(Looper.java:216)
11-26 13:16:19.474 15365 15365 W MessageQueue: 	at android.app.ActivityThread.main(ActivityThread.java:7579)
11-26 13:16:19.474 15365 15365 W MessageQueue: 	at java.lang.reflect.Method.invoke(Native Method)
11-26 13:16:19.474 15365 15365 W MessageQueue: 	at com.android.internal.os.RuntimeInit$MethodAndArgsCaller.run(RuntimeInit.java:524)
11-26 13:16:19.474 15365 15365 W MessageQueue: 	at com.android.internal.os.ZygoteInit.main(ZygoteInit.java:1034)
11-26 13:16:19.512 15365 15365 W MessageQueue: Handler (android.os.Handler) {5e0349e} sending message to a Handler on a dead thread
11-26 13:16:19.512 15365 15365 W MessageQueue: java.lang.IllegalStateException: Handler (android.os.Handler) {5e0349e} sending message to a Handler on a dead thread
11-26 13:16:19.512 15365 15365 W MessageQueue: 	at android.os.MessageQueue.enqueueMessage(MessageQueue.java:650)
11-26 13:16:19.512 15365 15365 W MessageQueue: 	at android.os.Handler.enqueueMessage(Handler.java:769)
11-26 13:16:19.512 15365 15365 W MessageQueue: 	at android.os.Handler.sendMessageAtTime(Handler.java:718)
11-26 13:16:19.512 15365 15365 W MessageQueue: 	at android.os.Handler.sendMessageDelayed(Handler.java:688)
11-26 13:16:19.512 15365 15365 W MessageQueue: 	at android.os.Handler.post(Handler.java:405)
11-26 13:16:19.512 15365 15365 W MessageQueue: 	at symlab.CloudAR.ARManager.recognizeTime(ARManager.java:152)
11-26 13:16:19.512 15365 15365 W MessageQueue: 	at symlab.ARHUD.MainActivity$3.onPreviewFrame(MainActivity.java:296)
11-26 13:16:19.512 15365 15365 W MessageQueue: 	at android.hardware.Camera$EventHandler.handleMessage(Camera.java:1278)
11-26 13:16:19.512 15365 15365 W MessageQueue: 	at android.os.Handler.dispatchMessage(Handler.java:112)
11-26 13:16:19.512 15365 15365 W MessageQueue: 	at android.os.Looper.loop(Looper.java:216)
11-26 13:16:19.512 15365 15365 W MessageQueue: 	at android.app.ActivityThread.main(ActivityThread.java:7579)
11-26 13:16:19.512 15365 15365 W MessageQueue: 	at java.lang.reflect.Method.invoke(Native Method)
11-26 13:16:19.512 15365 15365 W MessageQueue: 	at com.android.internal.os.RuntimeInit$MethodAndArgsCaller.run(RuntimeInit.java:524)
11-26 13:16:19.512 15365 15365 W MessageQueue: 	at com.android.internal.os.ZygoteInit.main(ZygoteInit.java:1034)
11-26 13:16:19.513 15365 15365 W MessageQueue: Handler (android.os.Handler) {5e0349e} sending message to a Handler on a dead thread
11-26 13:16:19.513 15365 15365 W MessageQueue: java.lang.IllegalStateException: Handler (android.os.Handler) {5e0349e} sending message to a Handler on a dead thread
11-26 13:16:19.513 15365 15365 W MessageQueue: 	at android.os.MessageQueue.enqueueMessage(MessageQueue.java:650)
11-26 13:16:19.513 15365 15365 W MessageQueue: 	at android.os.Handler.enqueueMessage(Handler.java:769)
11-26 13:16:19.513 15365 15365 W MessageQueue: 	at android.os.Handler.sendMessageAtTime(Handler.java:718)
11-26 13:16:19.513 15365 15365 W MessageQueue: 	at android.os.Handler.sendMessageDelayed(Handler.java:688)
11-26 13:16:19.513 15365 15365 W MessageQueue: 	at android.os.Handler.post(Handler.java:405)
11-26 13:16:19.513 15365 15365 W MessageQueue: 	at symlab.CloudAR.ARManager.driveFrame(ARManager.java:157)
11-26 13:16:19.513 15365 15365 W MessageQueue: 	at symlab.ARHUD.MainActivity$3.onPreviewFrame(MainActivity.java:297)
11-26 13:16:19.513 15365 15365 W MessageQueue: 	at android.hardware.Camera$EventHandler.handleMessage(Camera.java:1278)
11-26 13:16:19.513 15365 15365 W MessageQueue: 	at android.os.Handler.dispatchMessage(Handler.java:112)
11-26 13:16:19.513 15365 15365 W MessageQueue: 	at android.os.Looper.loop(Looper.java:216)
11-26 13:16:19.513 15365 15365 W MessageQueue: 	at android.app.ActivityThread.main(ActivityThread.java:7579)
11-26 13:16:19.513 15365 15365 W MessageQueue: 	at java.lang.reflect.Method.invoke(Native Method)
11-26 13:16:19.513 15365 15365 W MessageQueue: 	at com.android.internal.os.RuntimeInit$MethodAndArgsCaller.run(RuntimeInit.java:524)
11-26 13:16:19.513 15365 15365 W MessageQueue: 	at com.android.internal.os.ZygoteInit.main(ZygoteInit.java:1034)
11-26 13:16:19.574 15365 15365 W MessageQueue: Handler (android.os.Handler) {5e0349e} sending message to a Handler on a dead thread
11-26 13:16:19.574 15365 15365 W MessageQueue: java.lang.IllegalStateException: Handler (android.os.Handler) {5e0349e} sending message to a Handler on a dead thread
11-26 13:16:19.574 15365 15365 W MessageQueue: 	at android.os.MessageQueue.enqueueMessage(MessageQueue.java:650)
11-26 13:16:19.574 15365 15365 W MessageQueue: 	at android.os.Handler.enqueueMessage(Handler.java:769)
11-26 13:16:19.574 15365 15365 W MessageQueue: 	at android.os.Handler.sendMessageAtTime(Handler.java:718)
11-26 13:16:19.574 15365 15365 W MessageQueue: 	at android.os.Handler.sendMessageDelayed(Handler.java:688)
11-26 13:16:19.574 15365 15365 W MessageQueue: 	at android.os.Handler.post(Handler.java:405)
11-26 13:16:19.574 15365 15365 W MessageQueue: 	at symlab.CloudAR.ARManager.recognizeTime(ARManager.java:152)
11-26 13:16:19.574 15365 15365 W MessageQueue: 	at symlab.ARHUD.MainActivity$3.onPreviewFrame(MainActivity.java:296)
11-26 13:16:19.574 15365 15365 W MessageQueue: 	at android.hardware.Camera$EventHandler.handleMessage(Camera.java:1278)
11-26 13:16:19.574 15365 15365 W MessageQueue: 	at android.os.Handler.dispatchMessage(Handler.java:112)
11-26 13:16:19.574 15365 15365 W MessageQueue: 	at android.os.Looper.loop(Looper.java:216)
11-26 13:16:19.574 15365 15365 W MessageQueue: 	at android.app.ActivityThread.main(ActivityThread.java:7579)
11-26 13:16:19.574 15365 15365 W MessageQueue: 	at java.lang.reflect.Method.invoke(Native Method)
11-26 13:16:19.574 15365 15365 W MessageQueue: 	at com.android.internal.os.RuntimeInit$MethodAndArgsCaller.run(RuntimeInit.java:524)
11-26 13:16:19.574 15365 15365 W MessageQueue: 	at com.android.internal.os.ZygoteInit.main(ZygoteInit.java:1034)
11-26 13:16:19.575 15365 15365 W MessageQueue: Handler (android.os.Handler) {5e0349e} sending message to a Handler on a dead thread
11-26 13:16:19.575 15365 15365 W MessageQueue: java.lang.IllegalStateException: Handler (android.os.Handler) {5e0349e} sending message to a Handler on a dead thread
11-26 13:16:19.575 15365 15365 W MessageQueue: 	at android.os.MessageQueue.enqueueMessage(MessageQueue.java:650)
11-26 13:16:19.575 15365 15365 W MessageQueue: 	at android.os.Handler.enqueueMessage(Handler.java:769)
11-26 13:16:19.575 15365 15365 W MessageQueue: 	at android.os.Handler.sendMessageAtTime(Handler.java:718)
11-26 13:16:19.575 15365 15365 W MessageQueue: 	at android.os.Handler.sendMessageDelayed(Handler.java:688)
11-26 13:16:19.575 15365 15365 W MessageQueue: 	at android.os.Handler.post(Handler.java:405)
11-26 13:16:19.575 15365 15365 W MessageQueue: 	at symlab.CloudAR.ARManager.driveFrame(ARManager.java:157)
11-26 13:16:19.575 15365 15365 W MessageQueue: 	at symlab.ARHUD.MainActivity$3.onPreviewFrame(MainActivity.java:297)
11-26 13:16:19.575 15365 15365 W MessageQueue: 	at android.hardware.Camera$EventHandler.handleMessage(Camera.java:1278)
11-26 13:16:19.575 15365 15365 W MessageQueue: 	at android.os.Handler.dispatchMessage(Handler.java:112)
11-26 13:16:19.575 15365 15365 W MessageQueue: 	at android.os.Looper.loop(Looper.java:216)
11-26 13:16:19.575 15365 15365 W MessageQueue: 	at android.app.ActivityThread.main(ActivityThread.java:7579)
11-26 13:16:19.575 15365 15365 W MessageQueue: 	at java.lang.reflect.Method.invoke(Native Method)
11-26 13:16:19.575 15365 15365 W MessageQueue: 	at com.android.internal.os.RuntimeInit$MethodAndArgsCaller.run(RuntimeInit.java:524)
11-26 13:16:19.575 15365 15365 W MessageQueue: 	at com.android.internal.os.ZygoteInit.main(ZygoteInit.java:1034)
11-26 13:16:19.608 15365 15365 W MessageQueue: Handler (android.os.Handler) {5e0349e} sending message to a Handler on a dead thread
11-26 13:16:19.608 15365 15365 W MessageQueue: java.lang.IllegalStateException: Handler (android.os.Handler) {5e0349e} sending message to a Handler on a dead thread
11-26 13:16:19.608 15365 15365 W MessageQueue: 	at android.os.MessageQueue.enqueueMessage(MessageQueue.java:650)
11-26 13:16:19.608 15365 15365 W MessageQueue: 	at android.os.Handler.enqueueMessage(Handler.java:769)
11-26 13:16:19.608 15365 15365 W MessageQueue: 	at android.os.Handler.sendMessageAtTime(Handler.java:718)
11-26 13:16:19.608 15365 15365 W MessageQueue: 	at android.os.Handler.sendMessageDelayed(Handler.java:688)
11-26 13:16:19.608 15365 15365 W MessageQueue: 	at android.os.Handler.post(Handler.java:405)
11-26 13:16:19.608 15365 15365 W MessageQueue: 	at symlab.CloudAR.ARManager.recognizeTime(ARManager.java:152)
11-26 13:16:19.608 15365 15365 W MessageQueue: 	at symlab.ARHUD.MainActivity$3.onPreviewFrame(MainActivity.java:296)
11-26 13:16:19.608 15365 15365 W MessageQueue: 	at android.hardware.Camera$EventHandler.handleMessage(Camera.java:1278)
11-26 13:16:19.608 15365 15365 W MessageQueue: 	at android.os.Handler.dispatchMessage(Handler.java:112)
11-26 13:16:19.608 15365 15365 W MessageQueue: 	at android.os.Looper.loop(Looper.java:216)
11-26 13:16:19.608 15365 15365 W MessageQueue: 	at android.app.ActivityThread.main(ActivityThread.java:7579)
11-26 13:16:19.608 15365 15365 W MessageQueue: 	at java.lang.reflect.Method.invoke(Native Method)
11-26 13:16:19.608 15365 15365 W MessageQueue: 	at com.android.internal.os.RuntimeInit$MethodAndArgsCaller.run(RuntimeInit.java:524)
11-26 13:16:19.608 15365 15365 W MessageQueue: 	at com.android.internal.os.ZygoteInit.main(ZygoteInit.java:1034)
11-26 13:16:19.609 15365 15365 W MessageQueue: Handler (android.os.Handler) {5e0349e} sending message to a Handler on a dead thread
11-26 13:16:19.609 15365 15365 W MessageQueue: java.lang.IllegalStateException: Handler (android.os.Handler) {5e0349e} sending message to a Handler on a dead thread
11-26 13:16:19.609 15365 15365 W MessageQueue: 	at android.os.MessageQueue.enqueueMessage(MessageQueue.java:650)
11-26 13:16:19.609 15365 15365 W MessageQueue: 	at android.os.Handler.enqueueMessage(Handler.java:769)
11-26 13:16:19.609 15365 15365 W MessageQueue: 	at android.os.Handler.sendMessageAtTime(Handler.java:718)
11-26 13:16:19.609 15365 15365 W MessageQueue: 	at android.os.Handler.sendMessageDelayed(Handler.java:688)
11-26 13:16:19.609 15365 15365 W MessageQueue: 	at android.os.Handler.post(Handler.java:405)
11-26 13:16:19.609 15365 15365 W MessageQueue: 	at symlab.CloudAR.ARManager.driveFrame(ARManager.java:157)
11-26 13:16:19.609 15365 15365 W MessageQueue: 	at symlab.ARHUD.MainActivity$3.onPreviewFrame(MainActivity.java:297)
11-26 13:16:19.609 15365 15365 W MessageQueue: 	at android.hardware.Camera$EventHandler.handleMessage(Camera.java:1278)
11-26 13:16:19.609 15365 15365 W MessageQueue: 	at android.os.Handler.dispatchMessage(Handler.java:112)
11-26 13:16:19.609 15365 15365 W MessageQueue: 	at android.os.Looper.loop(Looper.java:216)
11-26 13:16:19.609 15365 15365 W MessageQueue: 	at android.app.ActivityThread.main(ActivityThread.java:7579)
11-26 13:16:19.609 15365 15365 W MessageQueue: 	at java.lang.reflect.Method.invoke(Native Method)
11-26 13:16:19.609 15365 15365 W MessageQueue: 	at com.android.internal.os.RuntimeInit$MethodAndArgsCaller.run(RuntimeInit.java:524)
11-26 13:16:19.609 15365 15365 W MessageQueue: 	at com.android.internal.os.ZygoteInit.main(ZygoteInit.java:1034)
11-26 13:16:19.639 15365 15365 W MessageQueue: Handler (android.os.Handler) {5e0349e} sending message to a Handler on a dead thread
11-26 13:16:19.639 15365 15365 W MessageQueue: java.lang.IllegalStateException: Handler (android.os.Handler) {5e0349e} sending message to a Handler on a dead thread
11-26 13:16:19.639 15365 15365 W MessageQueue: 	at android.os.MessageQueue.enqueueMessage(MessageQueue.java:650)
11-26 13:16:19.639 15365 15365 W MessageQueue: 	at android.os.Handler.enqueueMessage(Handler.java:769)
11-26 13:16:19.639 15365 15365 W MessageQueue: 	at android.os.Handler.sendMessageAtTime(Handler.java:718)
