11-26 14:11:02.983 28492 28501 W System  : A resource failed to call close. 
11-26 14:11:02.983 28492 28501 W System  : A resource failed to call close. 
11-26 14:11:02.983 28492 28501 W System  : A resource failed to call close. 
11-26 14:11:02.983 28492 28501 W System  : A resource failed to call close. 
11-26 14:11:03.959 28492 28503 E         : [ZeroHung]zrhung_get_config: Get config failed for wp[0x0008]
11-26 14:11:03.992 28492 28501 W System  : A resource failed to call close. 
11-26 14:11:03.996 28492 28501 I chatty  : uid=10147(symlab.cloudridar.arhud) FinalizerDaemon identical 28 lines
11-26 14:11:03.996 28492 28501 W System  : A resource failed to call close. 
11-26 14:11:04.997 28492 28503 E         : [ZeroHung]zrhung_get_config: Get config failed for wp[0x0008]
11-26 14:11:05.024 28492 28501 W System  : A resource failed to call close. 
11-26 14:11:05.026 28492 28501 I chatty  : uid=10147(symlab.cloudridar.arhud) FinalizerDaemon identical 15 lines
11-26 14:11:05.026 28492 28501 W System  : A resource failed to call close. 
11-26 14:11:05.026 28492 28501 W System  : A resource failed to call close. 
11-26 14:11:05.030 28492 28501 I chatty  : uid=10147(symlab.cloudridar.arhud) FinalizerDaemon identical 11 lines
11-26 14:11:05.030 28492 28501 W System  : A resource failed to call close. 
11-26 14:11:06.079 28492 28503 E         : [ZeroHung]zrhung_get_config: Get config failed for wp[0x0008]
11-26 14:11:06.109 28492 28501 W System  : A resource failed to call close. 
11-26 14:11:06.109 28492 28501 I chatty  : uid=10147(symlab.cloudridar.arhud) FinalizerDaemon identical 1 line
11-26 14:11:06.109 28492 28501 W System  : A resource failed to call close. 
11-26 14:11:06.109 28492 28501 W System  : A resource failed to call close. 
11-26 14:11:06.112 28492 28501 I chatty  : uid=10147(symlab.cloudridar.arhud) FinalizerDaemon identical 26 lines
11-26 14:11:06.112 28492 28501 W System  : A resource failed to call close. 
11-26 14:11:07.117 28492 28503 E         : [ZeroHung]zrhung_get_config: Get config failed for wp[0x0008]
11-26 14:11:07.152 28492 28501 W System  : A resource failed to call close. 
11-26 14:11:07.152 28492 28501 W System  : A resource failed to call close. 
11-26 14:11:07.152 28492 28501 W System  : A resource failed to call close. 
11-26 14:11:07.153 28492 28501 W System  : A resource failed to call close. 
11-26 14:11:07.153 28492 28501 I chatty  : uid=10147(symlab.cloudridar.arhud) FinalizerDaemon identical 9 lines
11-26 14:11:07.154 28492 28501 W System  : A resource failed to call close. 
11-26 14:11:07.154 28492 28501 W System  : A resource failed to call close. 
11-26 14:11:07.154 28492 28501 I chatty  : uid=10147(symlab.cloudridar.arhud) FinalizerDaemon identical 1 line
11-26 14:11:07.154 28492 28501 W System  : A resource failed to call close. 
11-26 14:11:07.154 28492 28501 W System  : A resource failed to call close. 
11-26 14:11:07.154 28492 28501 I chatty  : uid=10147(symlab.cloudridar.arhud) FinalizerDaemon identical 3 lines
11-26 14:11:07.154 28492 28501 W System  : A resource failed to call close. 
11-26 14:11:07.154 28492 28501 W System  : A resource failed to call close. 
11-26 14:11:07.154 28492 28501 W System  : A resource failed to call close. 
11-26 14:11:07.155 28492 28501 W System  : A resource failed to call close. 
11-26 14:11:07.155 28492 28501 W System  : A resource failed to call close. 
11-26 14:11:07.155 28492 28501 W System  : A resource failed to call close. 
11-26 14:11:07.155 28492 28501 W System  : A resource failed to call close. 
11-26 14:11:07.155 28492 28501 I chatty  : uid=10147(symlab.cloudridar.arhud) FinalizerDaemon identical 2 lines
11-26 14:11:07.155 28492 28501 W System  : A resource failed to call close. 
11-26 14:11:08.149 28492 28503 E         : [ZeroHung]zrhung_get_config: Get config failed for wp[0x0008]
11-26 14:11:08.172 28492 28501 W System  : A resource failed to call close. 
11-26 14:11:08.175 28492 28501 I chatty  : uid=10147(symlab.cloudridar.arhud) FinalizerDaemon identical 30 lines
11-26 14:11:08.175 28492 28501 W System  : A resource failed to call close. 
11-26 14:11:08.941 28492 28526 D Evaluation: 5 res for frame 403 received at 1574770268941
11-26 14:11:08.967 28492 28526 D Evaluation: 4 res for frame 404 received at 1574770268967
11-26 14:11:09.005 28492 28526 D Evaluation: 4 res for frame 404 received at 1574770269005
11-26 14:11:09.033 28492 28526 D Evaluation: 2 res for frame 405 received at 1574770269033
11-26 14:11:09.128 28492 28526 D Evaluation: 3 res for frame 407 received at 1574770269128
11-26 14:11:09.168 28492 28526 D Evaluation: 5 res for frame 408 received at 1574770269168
11-26 14:11:09.197 28492 28526 D Evaluation: 5 res for frame 409 received at 1574770269197
11-26 14:11:09.229 28492 28526 D Evaluation: 5 res for frame 410 received at 1574770269229
11-26 14:11:09.272 28492 28503 E         : [ZeroHung]zrhung_get_config: Get config failed for wp[0x0008]
11-26 14:11:09.274 28492 28526 D Evaluation: 5 res for frame 411 received at 1574770269274
11-26 14:11:09.292 28492 28501 W System  : A resource failed to call close. 
11-26 14:11:09.297 28492 28501 I chatty  : uid=10147(symlab.cloudridar.arhud) FinalizerDaemon identical 36 lines
11-26 14:11:09.297 28492 28501 W System  : A resource failed to call close. 
11-26 14:11:09.308 28492 28526 D Evaluation: 5 res for frame 411 received at 1574770269308
11-26 14:11:09.343 28492 28526 D Evaluation: 5 res for frame 412 received at 1574770269343
11-26 14:11:09.409 28492 28526 D Evaluation: 5 res for frame 415 received at 1574770269409
11-26 14:11:09.440 28492 28526 D Evaluation: 4 res for frame 416 received at 1574770269440
11-26 14:11:09.469 28492 28526 D Evaluation: 5 res for frame 417 received at 1574770269469
11-26 14:11:09.600 28492 28526 D Evaluation: 5 res for frame 419 received at 1574770269600
11-26 14:11:10.354 28492 28503 E         : [ZeroHung]zrhung_get_config: Get config failed for wp[0x0008]
11-26 14:11:10.377 28492 28501 W System  : A resource failed to call close. 
11-26 14:11:10.382 28492 28501 I chatty  : uid=10147(symlab.cloudridar.arhud) FinalizerDaemon identical 36 lines
11-26 14:11:10.382 28492 28501 W System  : A resource failed to call close. 
11-26 14:11:11.011 28492 28526 D Evaluation: 0 res for frame 452 received at 1574770271011
11-26 14:11:11.042 28492 28526 D Evaluation: 0 res for frame 453 received at 1574770271041
11-26 14:11:11.087 28492 28526 D Evaluation: 0 res for frame 454 received at 1574770271087
11-26 14:11:11.111 28492 28526 D Evaluation: 0 res for frame 455 received at 1574770271111
11-26 14:11:11.153 28492 28526 D Evaluation: 0 res for frame 456 received at 1574770271152
11-26 14:11:11.187 28492 28526 D Evaluation: 0 res for frame 456 received at 1574770271187
11-26 14:11:11.220 28492 28526 D Evaluation: 0 res for frame 458 received at 1574770271220
11-26 14:11:11.240 28492 28526 D Evaluation: 0 res for frame 459 received at 1574770271240
11-26 14:11:11.283 28492 28526 D Evaluation: 0 res for frame 459 received at 1574770271283
11-26 14:11:11.301 28492 28526 D Evaluation: 0 res for frame 460 received at 1574770271301
11-26 14:11:11.348 28492 28526 D Evaluation: 0 res for frame 461 received at 1574770271348
11-26 14:11:11.466 28492 28526 D Evaluation: 0 res for frame 462 received at 1574770271466
11-26 14:11:11.486 28492 28526 D Evaluation: 0 res for frame 463 received at 1574770271486
11-26 14:11:11.510 28492 28526 D Evaluation: 0 res for frame 464 received at 1574770271510
11-26 14:11:11.549 28492 28526 D Evaluation: 0 res for frame 465 received at 1574770271549
11-26 14:11:11.578 28492 28503 E         : [ZeroHung]zrhung_get_config: Get config failed for wp[0x0008]
11-26 14:11:11.581 28492 28526 D Evaluation: 0 res for frame 466 received at 1574770271581
11-26 14:11:11.607 28492 28501 W System  : A resource failed to call close. 
11-26 14:11:11.608 28492 28501 I chatty  : uid=10147(symlab.cloudridar.arhud) FinalizerDaemon identical 10 lines
11-26 14:11:11.608 28492 28501 W System  : A resource failed to call close. 
11-26 14:11:11.608 28492 28501 W System  : A resource failed to call close. 
11-26 14:11:11.608 28492 28501 W System  : A resource failed to call close. 
11-26 14:11:11.608 28492 28501 W System  : A resource failed to call close. 
11-26 14:11:11.609 28492 28501 W System  : A resource failed to call close. 
11-26 14:11:11.609 28492 28501 W System  : A resource failed to call close. 
11-26 14:11:11.609 28492 28501 W System  : A resource failed to call close. 
11-26 14:11:11.609 28492 28501 I chatty  : uid=10147(symlab.cloudridar.arhud) FinalizerDaemon identical 5 lines
11-26 14:11:11.609 28492 28501 W System  : A resource failed to call close. 
11-26 14:11:11.610 28492 28501 W System  : A resource failed to call close. 
11-26 14:11:11.610 28492 28501 W System  : A resource failed to call close. 
11-26 14:11:11.610 28492 28501 W System  : A resource failed to call close. 
11-26 14:11:11.610 28492 28501 W System  : A resource failed to call close. 
11-26 14:11:11.610 28492 28501 W System  : A resource failed to call close. 
11-26 14:11:11.610 28492 28501 W System  : A resource failed to call close. 
11-26 14:11:11.610 28492 28501 I chatty  : uid=10147(symlab.cloudridar.arhud) FinalizerDaemon identical 1 line
11-26 14:11:11.610 28492 28501 W System  : A resource failed to call close. 
11-26 14:11:11.611 28492 28501 W System  : A resource failed to call close. 
11-26 14:11:11.611 28492 28501 W System  : A resource failed to call close. 
11-26 14:11:11.612 28492 28501 W System  : A resource failed to call close. 
11-26 14:11:11.614 28492 28501 W System  : A resource failed to call close. 
11-26 14:11:11.615 28492 28526 D Evaluation: 0 res for frame 467 received at 1574770271615
11-26 14:11:11.615 28492 28501 W System  : A resource failed to call close. 
11-26 14:11:11.617 28492 28501 I chatty  : uid=10147(symlab.cloudridar.arhud) FinalizerDaemon identical 13 lines
11-26 14:11:11.617 28492 28501 W System  : A resource failed to call close. 
11-26 14:11:11.648 28492 28526 D Evaluation: 0 res for frame 468 received at 1574770271648
11-26 14:11:12.828 28492 28503 E         : [ZeroHung]zrhung_get_config: Get config failed for wp[0x0008]
11-26 14:11:12.848 28492 28501 W System  : A resource failed to call close. 
11-26 14:11:12.853 28492 28501 I chatty  : uid=10147(symlab.cloudridar.arhud) FinalizerDaemon identical 38 lines
11-26 14:11:12.853 28492 28501 W System  : A resource failed to call close. 
11-26 14:11:13.099 28492 28492 D stylus  : init stylus touchlistener.
11-26 14:11:13.116 28492 28492 W Settings: Setting device_provisioned has moved from android.provider.Settings.Secure to android.provider.Settings.Global.
11-26 14:11:13.116 28492 28492 V HiTouch_HiTouchSensor: User setup is finished.
11-26 14:11:13.137 28492 28492 W HiTouch_PressGestureDetector: Touch pointer move a lot. The moving distance of X is:205.8966, limit is:60The moving distance of Y is:33.148987, limit is:60
11-26 14:11:13.766 28492 28492 I Poster  :  onPause() called.
11-26 14:11:13.846 28492 28492 I Camera  : close camera: 0, package name: symlab.cloudridar.arhud
11-26 14:11:13.846 28492 28492 I BackgroundPermManager: pkgName: symlab.cloudridar.arhud,pid: 28492 ,uidOf3RdApk: 10147 ,permType: 0 ,permCfg: 0
11-26 14:11:13.848 28492 28492 I HwCameraUtil: notifySurfaceFlingerCameraStatus : isFront = false , isOpend = false
11-26 14:11:13.942 28492 28492 D ZrHung.AppEyeUiProbe: stop checker.
11-26 14:11:14.004 28492 28492 I Poster  :  surfaceDestroyed() called.
11-26 14:11:14.004 28492 28492 D ViewRootImpl[MainActivity]: surface should not be released
11-26 14:11:14.004 28492 28492 I Poster  :  onStop() called.
11-26 14:11:14.013 28492 28543 W libEGL  : EGLNativeWindowType 0xe2ff0008 disconnect failed
11-26 14:11:14.842 28492 28517 D ZrHung.AppEyeUiProbe: Current Activity:false
11-26 14:11:14.842 28492 28517 D ZrHung.AppEyeUiProbe: not watching, wait.
11-26 14:11:18.773 28492 28492 I AwareBitmapCacher: handleReleaseCache: pid=28492
11-26 14:11:18.774 28492 28492 I AwareBitmapCacher: init lrucache size: 2097152 pid=28492
11-26 14:11:18.965 28492 28503 E         : [ZeroHung]zrhung_get_config: Get config failed for wp[0x0008]
11-26 14:11:18.993 28492 28501 W System  : A resource failed to call close. 
11-26 14:11:18.994 28492 28501 I chatty  : uid=10147(symlab.cloudridar.arhud) FinalizerDaemon identical 26 lines
11-26 14:11:18.994 28492 28501 W System  : A resource failed to call close. 
