--------- beginning of main
11-26 13:24:01.294 16789 16789 W logcat  : type=1400 audit(0.0:6366): avc: granted { create } for name="logcat_1574767441279.txt" scontext=u:r:untrusted_app:s0:c147,c256,c512,c768 tcontext=u:object_r:sdcardfs:s0:c147,c256,c512,c768 tclass=file
11-26 13:24:01.295 16761 16761 I MultiDex: Installing application
11-26 13:24:01.295 16761 16761 I MultiDex: VM has multidex support, MultiDex support library is disabled.
--------- beginning of system
11-26 13:24:01.297 16761 16761 V ActivityThread: callActivityOnCreate
11-26 13:24:01.297 16761 16761 I Poster  :  onCreate() called.
11-26 13:24:01.300 16761 16761 I HwApsImpl: APS: new HwApsImpl created
11-26 13:24:01.306 16761 16761 V HwWidgetFactory: : successes to get AllImpl object and return....
11-26 13:24:01.313 16761 16761 D OpenGLRenderer: Skia GL Pipeline
11-26 13:24:01.333 16761 16761 D Poster  : Server details are IP 193.166.28.132 and port 52727
11-26 13:24:01.338 16761 16761 D Poster  : Server bound to IP 193.166.28.132 and port 52727
11-26 13:24:01.342 16761 16761 W symlab.cloudridar.arhud: type=1400 audit(0.0:6367): avc: granted { create } for comm=6E6574776F726B20746872656164 name="send.txt" scontext=u:r:untrusted_app:s0:c147,c256,c512,c768 tcontext=u:object_r:sdcardfs:s0:c147,c256,c512,c768 tclass=file
11-26 13:24:01.345 16761 16761 D ActivityThread: add activity client record, r= ActivityRecord{2c6908f token=android.os.BinderProxy@442f816 {symlab.cloudridar.arhud/symlab.ARHUD.MainActivity}} token= android.os.BinderProxy@442f816
11-26 13:24:01.348 16761 16761 I Poster  :  onStart() called.
11-26 13:24:01.348 16761 16761 D ZrHung.AppEyeUiProbe: notify runnable to start.
11-26 13:24:01.350 16761 16761 I Poster  :  onResume() called.
11-26 13:24:01.354 16761 16761 I PermissionManager: camera remind result:true
11-26 13:24:01.354 16761 16761 I Camera  : open camera: 0, package name: symlab.cloudridar.arhud
11-26 13:24:01.354 16761 16761 I BackgroundPermManager: pkgName: symlab.cloudridar.arhud,pid: 16761 ,uidOf3RdApk: 10147 ,permType: 0 ,permCfg: 1
11-26 13:24:01.355 16761 16761 I HwCameraUtil: notifySurfaceFlingerCameraStatus : isFront = false , isOpend = true
11-26 13:24:01.364 16761 16761 D ActivityThread: isOptEnabled=false isWechatScanOpt=false
11-26 13:24:01.366 16761 16761 I HwSecImmHelper: mSecurityInputMethodService is null
11-26 13:24:01.372 16761 16761 D OpenGLRenderer:   HWUI Binary is  enabled
11-26 13:24:01.387 16761 16817 D HiTouch_PressGestureDetector: onAttached, package=symlab.cloudridar.arhud, windowType=1, mHiTouchRestricted=false
11-26 13:24:01.395 16761 16815 I ConfigStore: android::hardware::configstore::V1_0::ISurfaceFlingerConfigs::hasWideColorDisplay retrieved: 0
11-26 13:24:01.395 16761 16815 I ConfigStore: android::hardware::configstore::V1_0::ISurfaceFlingerConfigs::hasHDRDisplay retrieved: 0
11-26 13:24:01.396 16761 16815 I iGraphics: [0020080c] pn: symlab.cloudridar.arhud, p: 16761
11-26 13:24:01.396 16761 16815 I OpenGLRenderer: Initialized EGL, version 1.4, mEglDisplay 0x1
11-26 13:24:01.396 16761 16815 D OpenGLRenderer: Swap behavior 2
11-26 13:24:01.405 16761 16815 D mali_winsys: EGLint new_window_surface(egl_winsys_display *, void *, EGLSurface, EGLConfig, egl_winsys_surface **, EGLBoolean) returns 0x3000
11-26 13:24:01.416 16761 16761 I Poster  :  surfaceCreated() called.
11-26 13:24:01.416 16761 16761 I Poster  : initPreview() called
11-26 13:24:01.421 16761 16761 I PermissionManager: camera remind result:true
11-26 13:24:01.428 16761 16761 I Poster  :  surfaceChanged() called.
11-26 13:24:01.446 16761 16761 W InputMethodManager: startInputReason = 1
11-26 13:24:01.466 16761 16761 W InputMethodManager: startInputReason = 5
11-26 13:24:02.119 16761 16772 E         : [ZeroHung]zrhung_get_config: Get config failed for wp[0x0008]
11-26 13:24:02.128 16761 16770 W System  : A resource failed to call close. 
11-26 13:24:02.129 16761 16770 I chatty  : uid=10147(symlab.cloudridar.arhud) FinalizerDaemon identical 12 lines
11-26 13:24:02.129 16761 16770 W System  : A resource failed to call close. 
11-26 13:24:02.358 16761 16761 W symlab.cloudridar.arhud: type=1400 audit(0.0:6371): avc: granted { create } for comm=6E6574776F726B20746872656164 name="receive.txt" scontext=u:r:untrusted_app:s0:c147,c256,c512,c768 tcontext=u:object_r:sdcardfs:s0:c147,c256,c512,c768 tclass=file
11-26 13:24:02.361 16761 16799 D Evaluation: 0 res for frame 6 received at 1574767442361
11-26 13:24:02.641 16761 16799 D Evaluation: 0 res for frame 7 received at 1574767442641
11-26 13:24:03.652 16761 16772 E         : [ZeroHung]zrhung_get_config: Get config failed for wp[0x0008]
11-26 13:24:03.671 16761 16770 W System  : A resource failed to call close. 
11-26 13:24:03.675 16761 16770 I chatty  : uid=10147(symlab.cloudridar.arhud) FinalizerDaemon identical 44 lines
11-26 13:24:03.675 16761 16770 W System  : A resource failed to call close. 
11-26 13:24:04.932 16761 16772 E         : [ZeroHung]zrhung_get_config: Get config failed for wp[0x0008]
11-26 13:24:04.946 16761 16770 W System  : A resource failed to call close. 
11-26 13:24:04.947 16761 16770 W System  : A resource failed to call close. 
11-26 13:24:04.947 16761 16770 W System  : A resource failed to call close. 
11-26 13:24:04.949 16761 16770 I chatty  : uid=10147(symlab.cloudridar.arhud) FinalizerDaemon identical 31 lines
11-26 13:24:04.949 16761 16770 W System  : A resource failed to call close. 
11-26 13:24:06.186 16761 16772 E         : [ZeroHung]zrhung_get_config: Get config failed for wp[0x0008]
11-26 13:24:06.202 16761 16770 W System  : A resource failed to call close. 
11-26 13:24:06.206 16761 16770 I chatty  : uid=10147(symlab.cloudridar.arhud) FinalizerDaemon identical 36 lines
11-26 13:24:06.206 16761 16770 W System  : A resource failed to call close. 
11-26 13:24:06.277 16761 16761 I AwareBitmapCacher: init lrucache size: 2097152 pid=16761
11-26 13:24:07.628 16761 16772 E         : [ZeroHung]zrhung_get_config: Get config failed for wp[0x0008]
11-26 13:24:07.656 16761 16770 W System  : A resource failed to call close. 
11-26 13:24:07.660 16761 16770 I chatty  : uid=10147(symlab.cloudridar.arhud) FinalizerDaemon identical 41 lines
11-26 13:24:07.660 16761 16770 W System  : A resource failed to call close. 
11-26 13:24:08.909 16761 16772 E         : [ZeroHung]zrhung_get_config: Get config failed for wp[0x0008]
11-26 13:24:08.927 16761 16770 W System  : A resource failed to call close. 
11-26 13:24:08.933 16761 16770 I chatty  : uid=10147(symlab.cloudridar.arhud) FinalizerDaemon identical 36 lines
11-26 13:24:08.933 16761 16770 W System  : A resource failed to call close. 
11-26 13:24:10.245 16761 16772 E         : [ZeroHung]zrhung_get_config: Get config failed for wp[0x0008]
11-26 13:24:10.268 16761 16770 W System  : A resource failed to call close. 
11-26 13:24:10.274 16761 16770 I chatty  : uid=10147(symlab.cloudridar.arhud) FinalizerDaemon identical 35 lines
11-26 13:24:10.275 16761 16770 W System  : A resource failed to call close. 
11-26 13:24:11.602 16761 16772 E         : [ZeroHung]zrhung_get_config: Get config failed for wp[0x0008]
11-26 13:24:11.622 16761 16770 W System  : A resource failed to call close. 
11-26 13:24:11.622 16761 16770 W System  : A resource failed to call close. 
11-26 13:24:11.622 16761 16770 W System  : A resource failed to call close. 
11-26 13:24:11.622 16761 16770 W System  : A resource failed to call close. 
11-26 13:24:11.623 16761 16770 I chatty  : uid=10147(symlab.cloudridar.arhud) FinalizerDaemon identical 5 lines
11-26 13:24:11.623 16761 16770 W System  : A resource failed to call close. 
11-26 13:24:11.623 16761 16770 W System  : A resource failed to call close. 
11-26 13:24:11.623 16761 16770 I chatty  : uid=10147(symlab.cloudridar.arhud) FinalizerDaemon identical 3 lines
11-26 13:24:11.623 16761 16770 W System  : A resource failed to call close. 
11-26 13:24:11.623 16761 16770 W System  : A resource failed to call close. 
11-26 13:24:11.623 16761 16770 I chatty  : uid=10147(symlab.cloudridar.arhud) FinalizerDaemon identical 3 lines
11-26 13:24:11.623 16761 16770 W System  : A resource failed to call close. 
11-26 13:24:11.623 16761 16770 W System  : A resource failed to call close. 
11-26 13:24:11.623 16761 16770 I chatty  : uid=10147(symlab.cloudridar.arhud) FinalizerDaemon identical 1 line
11-26 13:24:11.623 16761 16770 W System  : A resource failed to call close. 
11-26 13:24:11.623 16761 16770 W System  : A resource failed to call close. 
11-26 13:24:11.624 16761 16770 I chatty  : uid=10147(symlab.cloudridar.arhud) FinalizerDaemon identical 8 lines
11-26 13:24:11.624 16761 16770 W System  : A resource failed to call close. 
11-26 13:24:11.624 16761 16770 W System  : A resource failed to call close. 
11-26 13:24:11.624 16761 16770 I chatty  : uid=10147(symlab.cloudridar.arhud) FinalizerDaemon identical 5 lines
11-26 13:24:11.624 16761 16770 W System  : A resource failed to call close. 
11-26 13:24:12.473 16761 16761 D stylus  : init stylus touchlistener.
11-26 13:24:12.481 16761 16761 W Settings: Setting device_provisioned has moved from android.provider.Settings.Secure to android.provider.Settings.Global.
11-26 13:24:12.482 16761 16761 V HiTouch_HiTouchSensor: User setup is finished.
11-26 13:24:12.595 16761 16761 W HiTouch_PressGestureDetector: Touch pointer move a lot. The moving distance of X is:33.601242, limit is:60The moving distance of Y is:91.63585, limit is:60
11-26 13:24:12.911 16761 16772 E         : [ZeroHung]zrhung_get_config: Get config failed for wp[0x0008]
11-26 13:24:12.927 16761 16770 W System  : A resource failed to call close. 
11-26 13:24:12.929 16761 16770 I chatty  : uid=10147(symlab.cloudridar.arhud) FinalizerDaemon identical 37 lines
11-26 13:24:12.929 16761 16770 W System  : A resource failed to call close. 
11-26 13:24:14.300 16761 16772 E         : [ZeroHung]zrhung_get_config: Get config failed for wp[0x0008]
11-26 13:24:14.314 16761 16770 W System  : A resource failed to call close. 
11-26 13:24:14.316 16761 16770 I chatty  : uid=10147(symlab.cloudridar.arhud) FinalizerDaemon identical 39 lines
11-26 13:24:14.317 16761 16770 W System  : A resource failed to call close. 
11-26 13:24:15.738 16761 16772 E         : [ZeroHung]zrhung_get_config: Get config failed for wp[0x0008]
11-26 13:24:15.753 16761 16770 W System  : A resource failed to call close. 
11-26 13:24:15.755 16761 16770 I chatty  : uid=10147(symlab.cloudridar.arhud) FinalizerDaemon identical 40 lines
11-26 13:24:15.755 16761 16770 W System  : A resource failed to call close. 
11-26 13:24:16.538 16761 16761 W HiTouch_PressGestureDetector: Touch pointer move a lot. The moving distance of X is:43.668365, limit is:60The moving distance of Y is:86.98294, limit is:60
11-26 13:24:17.251 16761 16772 E         : [ZeroHung]zrhung_get_config: Get config failed for wp[0x0008]
11-26 13:24:17.269 16761 16770 W System  : A resource failed to call close. 
11-26 13:24:17.272 16761 16770 I chatty  : uid=10147(symlab.cloudridar.arhud) FinalizerDaemon identical 39 lines
11-26 13:24:17.272 16761 16770 W System  : A resource failed to call close. 
11-26 13:24:18.459 16761 16772 E         : [ZeroHung]zrhung_get_config: Get config failed for wp[0x0008]
11-26 13:24:18.485 16761 16770 W System  : A resource failed to call close. 
11-26 13:24:18.487 16761 16770 I chatty  : uid=10147(symlab.cloudridar.arhud) FinalizerDaemon identical 32 lines
11-26 13:24:18.487 16761 16770 W System  : A resource failed to call close. 
11-26 13:24:19.796 16761 16772 E         : [ZeroHung]zrhung_get_config: Get config failed for wp[0x0008]
11-26 13:24:19.811 16761 16770 W System  : A resource failed to call close. 
11-26 13:24:19.813 16761 16770 I chatty  : uid=10147(symlab.cloudridar.arhud) FinalizerDaemon identical 14 lines
11-26 13:24:19.813 16761 16770 W System  : A resource failed to call close. 
11-26 13:24:19.813 16761 16770 W System  : A resource failed to call close. 
11-26 13:24:19.816 16761 16770 I chatty  : uid=10147(symlab.cloudridar.arhud) FinalizerDaemon identical 22 lines
11-26 13:24:19.816 16761 16770 W System  : A resource failed to call close. 
11-26 13:24:21.290 16761 16772 E         : [ZeroHung]zrhung_get_config: Get config failed for wp[0x0008]
11-26 13:24:21.316 16761 16770 W System  : A resource failed to call close. 
11-26 13:24:21.317 16761 16770 I chatty  : uid=10147(symlab.cloudridar.arhud) FinalizerDaemon identical 4 lines
11-26 13:24:21.317 16761 16770 W System  : A resource failed to call close. 
11-26 13:24:21.318 16761 16770 W System  : A resource failed to call close. 
11-26 13:24:21.318 16761 16770 W System  : A resource failed to call close. 
11-26 13:24:21.318 16761 16770 W System  : A resource failed to call close. 
11-26 13:24:21.319 16761 16770 I chatty  : uid=10147(symlab.cloudridar.arhud) FinalizerDaemon identical 4 lines
11-26 13:24:21.319 16761 16770 W System  : A resource failed to call close. 
11-26 13:24:21.319 16761 16770 W System  : A resource failed to call close. 
11-26 13:24:21.320 16761 16770 W System  : A resource failed to call close. 
11-26 13:24:21.320 16761 16770 W System  : A resource failed to call close. 
11-26 13:24:21.321 16761 16770 W System  : A resource failed to call close. 
11-26 13:24:21.323 16761 16770 I chatty  : uid=10147(symlab.cloudridar.arhud) FinalizerDaemon identical 12 lines
11-26 13:24:21.323 16761 16770 W System  : A resource failed to call close. 
11-26 13:24:21.326 16761 16770 W System  : A resource failed to call close. 
11-26 13:24:21.327 16761 16770 I chatty  : uid=10147(symlab.cloudridar.arhud) FinalizerDaemon identical 3 lines
11-26 13:24:21.327 16761 16770 W System  : A resource failed to call close. 
11-26 13:24:21.328 16761 16770 W System  : A resource failed to call close. 
11-26 13:24:21.328 16761 16770 W System  : A resource failed to call close. 
11-26 13:24:21.328 16761 16770 I chatty  : uid=10147(symlab.cloudridar.arhud) FinalizerDaemon identical 3 lines
11-26 13:24:21.328 16761 16770 W System  : A resource failed to call close. 
11-26 13:24:22.633 16761 16772 E         : [ZeroHung]zrhung_get_config: Get config failed for wp[0x0008]
11-26 13:24:22.654 16761 16770 W System  : A resource failed to call close. 
11-26 13:24:22.657 16761 16770 I chatty  : uid=10147(symlab.cloudridar.arhud) FinalizerDaemon identical 13 lines
11-26 13:24:22.657 16761 16770 W System  : A resource failed to call close. 
11-26 13:24:22.657 16761 16770 W System  : A resource failed to call close. 
11-26 13:24:22.662 16761 16770 I chatty  : uid=10147(symlab.cloudridar.arhud) FinalizerDaemon identical 23 lines
11-26 13:24:22.663 16761 16770 W System  : A resource failed to call close. 
11-26 13:24:24.058 16761 16772 E         : [ZeroHung]zrhung_get_config: Get config failed for wp[0x0008]
11-26 13:24:24.079 16761 16770 W System  : A resource failed to call close. 
11-26 13:24:24.081 16761 16770 I chatty  : uid=10147(symlab.cloudridar.arhud) FinalizerDaemon identical 38 lines
11-26 13:24:24.081 16761 16770 W System  : A resource failed to call close. 
11-26 13:24:25.423 16761 16772 E         : [ZeroHung]zrhung_get_config: Get config failed for wp[0x0008]
11-26 13:24:25.447 16761 16770 W System  : A resource failed to call close. 
11-26 13:24:25.447 16761 16770 I chatty  : uid=10147(symlab.cloudridar.arhud) FinalizerDaemon identical 4 lines
11-26 13:24:25.448 16761 16770 W System  : A resource failed to call close. 
11-26 13:24:25.448 16761 16770 W System  : A resource failed to call close. 
11-26 13:24:25.448 16761 16770 W System  : A resource failed to call close. 
11-26 13:24:25.448 16761 16770 I chatty  : uid=10147(symlab.cloudridar.arhud) FinalizerDaemon identical 4 lines
11-26 13:24:25.449 16761 16770 W System  : A resource failed to call close. 
11-26 13:24:25.449 16761 16770 W System  : A resource failed to call close. 
11-26 13:24:25.449 16761 16770 W System  : A resource failed to call close. 
11-26 13:24:25.449 16761 16770 W System  : A resource failed to call close. 
11-26 13:24:25.450 16761 16770 I chatty  : uid=10147(symlab.cloudridar.arhud) FinalizerDaemon identical 9 lines
11-26 13:24:25.450 16761 16770 W System  : A resource failed to call close. 
11-26 13:24:25.451 16761 16770 W System  : A resource failed to call close. 
11-26 13:24:25.451 16761 16770 I chatty  : uid=10147(symlab.cloudridar.arhud) FinalizerDaemon identical 2 lines
11-26 13:24:25.451 16761 16770 W System  : A resource failed to call close. 
11-26 13:24:25.453 16761 16770 W System  : A resource failed to call close. 
11-26 13:24:25.454 16761 16770 I chatty  : uid=10147(symlab.cloudridar.arhud) FinalizerDaemon identical 6 lines
11-26 13:24:25.454 16761 16770 W System  : A resource failed to call close. 
11-26 13:24:25.460 16761 16770 W System  : A resource failed to call close. 
11-26 13:24:25.460 16761 16770 I chatty  : uid=10147(symlab.cloudridar.arhud) FinalizerDaemon identical 1 line
11-26 13:24:25.460 16761 16770 W System  : A resource failed to call close. 
11-26 13:24:27.168 16761 16772 E         : [ZeroHung]zrhung_get_config: Get config failed for wp[0x0008]
11-26 13:24:27.193 16761 16770 W System  : A resource failed to call close. 
11-26 13:24:27.197 16761 16770 I chatty  : uid=10147(symlab.cloudridar.arhud) FinalizerDaemon identical 48 lines
11-26 13:24:27.197 16761 16770 W System  : A resource failed to call close. 
11-26 13:24:29.224 16761 16772 E         : [ZeroHung]zrhung_get_config: Get config failed for wp[0x0008]
11-26 13:24:29.257 16761 16770 W System  : A resource failed to call close. 
11-26 13:24:29.258 16761 16770 I chatty  : uid=10147(symlab.cloudridar.arhud) FinalizerDaemon identical 16 lines
11-26 13:24:29.258 16761 16770 W System  : A resource failed to call close. 
11-26 13:24:29.258 16761 16770 W System  : A resource failed to call close. 
11-26 13:24:29.258 16761 16770 I chatty  : uid=10147(symlab.cloudridar.arhud) FinalizerDaemon identical 7 lines
11-26 13:24:29.258 16761 16770 W System  : A resource failed to call close. 
11-26 13:24:29.258 16761 16770 W System  : A resource failed to call close. 
11-26 13:24:29.261 16761 16770 I chatty  : uid=10147(symlab.cloudridar.arhud) FinalizerDaemon identical 24 lines
11-26 13:24:29.261 16761 16770 W System  : A resource failed to call close. 
11-26 13:24:29.261 16761 16770 W System  : A resource failed to call close. 
11-26 13:24:29.261 16761 16770 I chatty  : uid=10147(symlab.cloudridar.arhud) FinalizerDaemon identical 5 lines
11-26 13:24:29.261 16761 16770 W System  : A resource failed to call close. 
11-26 13:24:30.493 16761 16772 E         : [ZeroHung]zrhung_get_config: Get config failed for wp[0x0008]
11-26 13:24:30.515 16761 16770 W System  : A resource failed to call close. 
11-26 13:24:30.520 16761 16770 I chatty  : uid=10147(symlab.cloudridar.arhud) FinalizerDaemon identical 35 lines
11-26 13:24:30.520 16761 16770 W System  : A resource failed to call close. 
11-26 13:24:31.538 16761 16761 W HiTouch_PressGestureDetector: Touch pointer move a lot. The moving distance of X is:41.343018, limit is:60The moving distance of Y is:93.00597, limit is:60
11-26 13:24:31.819 16761 16772 E         : [ZeroHung]zrhung_get_config: Get config failed for wp[0x0008]
11-26 13:24:31.839 16761 16770 W System  : A resource failed to call close. 
11-26 13:24:31.844 16761 16770 I chatty  : uid=10147(symlab.cloudridar.arhud) FinalizerDaemon identical 37 lines
11-26 13:24:31.845 16761 16770 W System  : A resource failed to call close. 
11-26 13:24:33.276 16761 16772 E         : [ZeroHung]zrhung_get_config: Get config failed for wp[0x0008]
11-26 13:24:33.291 16761 16770 W System  : A resource failed to call close. 
11-26 13:24:33.298 16761 16770 I chatty  : uid=10147(symlab.cloudridar.arhud) FinalizerDaemon identical 40 lines
11-26 13:24:33.298 16761 16770 W System  : A resource failed to call close. 
11-26 13:24:34.713 16761 16772 E         : [ZeroHung]zrhung_get_config: Get config failed for wp[0x0008]
11-26 13:24:34.733 16761 16770 W System  : A resource failed to call close. 
11-26 13:24:34.737 16761 16770 I chatty  : uid=10147(symlab.cloudridar.arhud) FinalizerDaemon identical 40 lines
11-26 13:24:34.737 16761 16770 W System  : A resource failed to call close. 
11-26 13:24:35.713 16761 16761 W HiTouch_PressGestureDetector: Touch pointer move a lot. The moving distance of X is:37.531372, limit is:60The moving distance of Y is:90.10822, limit is:60
11-26 13:24:36.093 16761 16772 E         : [ZeroHung]zrhung_get_config: Get config failed for wp[0x0008]
11-26 13:24:36.116 16761 16770 W System  : A resource failed to call close. 
11-26 13:24:36.118 16761 16770 I chatty  : uid=10147(symlab.cloudridar.arhud) FinalizerDaemon identical 38 lines
11-26 13:24:36.118 16761 16770 W System  : A resource failed to call close. 
11-26 13:24:37.448 16761 16772 E         : [ZeroHung]zrhung_get_config: Get config failed for wp[0x0008]
11-26 13:24:37.469 16761 16770 W System  : A resource failed to call close. 
11-26 13:24:37.471 16761 16770 I chatty  : uid=10147(symlab.cloudridar.arhud) FinalizerDaemon identical 35 lines
11-26 13:24:37.471 16761 16770 W System  : A resource failed to call close. 
11-26 13:24:38.546 16761 16772 E         : [ZeroHung]zrhung_get_config: Get config failed for wp[0x0008]
11-26 13:24:38.567 16761 16770 W System  : A resource failed to call close. 
11-26 13:24:38.568 16761 16770 I chatty  : uid=10147(symlab.cloudridar.arhud) FinalizerDaemon identical 31 lines
11-26 13:24:38.568 16761 16770 W System  : A resource failed to call close. 
11-26 13:24:39.747 16761 16772 E         : [ZeroHung]zrhung_get_config: Get config failed for wp[0x0008]
11-26 13:24:39.762 16761 16770 W System  : A resource failed to call close. 
11-26 13:24:39.762 16761 16770 I chatty  : uid=10147(symlab.cloudridar.arhud) FinalizerDaemon identical 1 line
11-26 13:24:39.762 16761 16770 W System  : A resource failed to call close. 
11-26 13:24:39.762 16761 16770 W System  : A resource failed to call close. 
11-26 13:24:39.762 16761 16770 W System  : A resource failed to call close. 
11-26 13:24:39.762 16761 16770 W System  : A resource failed to call close. 
11-26 13:24:39.762 16761 16770 W System  : A resource failed to call close. 
11-26 13:24:39.762 16761 16770 W System  : A resource failed to call close. 
11-26 13:24:39.762 16761 16770 W System  : A resource failed to call close. 
11-26 13:24:39.762 16761 16770 W System  : A resource failed to call close. 
11-26 13:24:39.762 16761 16770 W System  : A resource failed to call close. 
11-26 13:24:39.763 16761 16770 W System  : A resource failed to call close. 
11-26 13:24:39.763 16761 16770 W System  : A resource failed to call close. 
11-26 13:24:39.763 16761 16770 I chatty  : uid=10147(symlab.cloudridar.arhud) FinalizerDaemon identical 1 line
11-26 13:24:39.763 16761 16770 W System  : A resource failed to call close. 
11-26 13:24:39.763 16761 16770 W System  : A resource failed to call close. 
11-26 13:24:39.763 16761 16770 W System  : A resource failed to call close. 
11-26 13:24:39.763 16761 16770 I chatty  : uid=10147(symlab.cloudridar.arhud) FinalizerDaemon identical 6 lines
11-26 13:24:39.763 16761 16770 W System  : A resource failed to call close. 
11-26 13:24:39.763 16761 16770 W System  : A resource failed to call close. 
11-26 13:24:39.764 16761 16770 I chatty  : uid=10147(symlab.cloudridar.arhud) FinalizerDaemon identical 8 lines
11-26 13:24:39.764 16761 16770 W System  : A resource failed to call close. 
11-26 13:24:41.067 16761 16772 E         : [ZeroHung]zrhung_get_config: Get config failed for wp[0x0008]
11-26 13:24:41.086 16761 16770 W System  : A resource failed to call close. 
11-26 13:24:41.096 16761 16770 I chatty  : uid=10147(symlab.cloudridar.arhud) FinalizerDaemon identical 37 lines
11-26 13:24:41.096 16761 16770 W System  : A resource failed to call close. 
11-26 13:24:42.690 16761 16772 E         : [ZeroHung]zrhung_get_config: Get config failed for wp[0x0008]
11-26 13:24:42.716 16761 16770 W System  : A resource failed to call close. 
11-26 13:24:42.719 16761 16770 I chatty  : uid=10147(symlab.cloudridar.arhud) FinalizerDaemon identical 43 lines
11-26 13:24:42.719 16761 16770 W System  : A resource failed to call close. 
11-26 13:24:44.233 16761 16772 E         : [ZeroHung]zrhung_get_config: Get config failed for wp[0x0008]
11-26 13:24:44.258 16761 16770 W System  : A resource failed to call close. 
11-26 13:24:44.262 16761 16770 I chatty  : uid=10147(symlab.cloudridar.arhud) FinalizerDaemon identical 24 lines
11-26 13:24:44.262 16761 16770 W System  : A resource failed to call close. 
11-26 13:24:44.262 16761 16770 W System  : A resource failed to call close. 
11-26 13:24:44.262 16761 16770 I chatty  : uid=10147(symlab.cloudridar.arhud) FinalizerDaemon identical 2 lines
11-26 13:24:44.263 16761 16770 W System  : A resource failed to call close. 
11-26 13:24:44.263 16761 16770 W System  : A resource failed to call close. 
11-26 13:24:44.263 16761 16770 W System  : A resource failed to call close. 
11-26 13:24:44.263 16761 16770 W System  : A resource failed to call close. 
11-26 13:24:44.263 16761 16770 I chatty  : uid=10147(symlab.cloudridar.arhud) FinalizerDaemon identical 1 line
11-26 13:24:44.263 16761 16770 W System  : A resource failed to call close. 
11-26 13:24:44.263 16761 16770 W System  : A resource failed to call close. 
11-26 13:24:44.264 16761 16770 W System  : A resource failed to call close. 
11-26 13:24:44.264 16761 16770 W System  : A resource failed to call close. 
11-26 13:24:44.264 16761 16770 W System  : A resource failed to call close. 
11-26 13:24:44.265 16761 16770 I chatty  : uid=10147(symlab.cloudridar.arhud) FinalizerDaemon identical 5 lines
11-26 13:24:44.265 16761 16770 W System  : A resource failed to call close. 
11-26 13:24:45.752 16761 16772 E         : [ZeroHung]zrhung_get_config: Get config failed for wp[0x0008]
11-26 13:24:45.771 16761 16770 W System  : A resource failed to call close. 
11-26 13:24:45.774 16761 16770 I chatty  : uid=10147(symlab.cloudridar.arhud) FinalizerDaemon identical 30 lines
11-26 13:24:45.775 16761 16770 W System  : A resource failed to call close. 
11-26 13:24:45.775 16761 16770 W System  : A resource failed to call close. 
11-26 13:24:45.775 16761 16770 W System  : A resource failed to call close. 
11-26 13:24:45.776 16761 16770 W System  : A resource failed to call close. 
11-26 13:24:45.776 16761 16770 I chatty  : uid=10147(symlab.cloudridar.arhud) FinalizerDaemon identical 2 lines
11-26 13:24:45.776 16761 16770 W System  : A resource failed to call close. 
11-26 13:24:45.776 16761 16770 W System  : A resource failed to call close. 
11-26 13:24:45.776 16761 16770 W System  : A resource failed to call close. 
11-26 13:24:45.776 16761 16770 W System  : A resource failed to call close. 
11-26 13:24:45.777 16761 16770 I chatty  : uid=10147(symlab.cloudridar.arhud) FinalizerDaemon identical 2 lines
11-26 13:24:45.777 16761 16770 W System  : A resource failed to call close. 
11-26 13:24:47.322 16761 16772 E         : [ZeroHung]zrhung_get_config: Get config failed for wp[0x0008]
11-26 13:24:47.343 16761 16770 W System  : A resource failed to call close. 
11-26 13:24:47.350 16761 16770 I chatty  : uid=10147(symlab.cloudridar.arhud) FinalizerDaemon identical 42 lines
11-26 13:24:47.350 16761 16770 W System  : A resource failed to call close. 
11-26 13:24:49.067 16761 16772 E         : [ZeroHung]zrhung_get_config: Get config failed for wp[0x0008]
11-26 13:24:49.087 16761 16770 W System  : A resource failed to call close. 
11-26 13:24:49.094 16761 16770 I chatty  : uid=10147(symlab.cloudridar.arhud) FinalizerDaemon identical 48 lines
11-26 13:24:49.094 16761 16770 W System  : A resource failed to call close. 
11-26 13:24:50.640 16761 16772 E         : [ZeroHung]zrhung_get_config: Get config failed for wp[0x0008]
11-26 13:24:50.666 16761 16770 W System  : A resource failed to call close. 
11-26 13:24:50.672 16761 16770 I chatty  : uid=10147(symlab.cloudridar.arhud) FinalizerDaemon identical 45 lines
11-26 13:24:50.672 16761 16770 W System  : A resource failed to call close. 
11-26 13:24:51.595 16761 16761 W HiTouch_PressGestureDetector: Touch pointer move a lot. The moving distance of X is:5.6036377, limit is:60The moving distance of Y is:107.29535, limit is:60
11-26 13:24:51.936 16761 16772 E         : [ZeroHung]zrhung_get_config: Get config failed for wp[0x0008]
11-26 13:24:51.950 16761 16770 W System  : A resource failed to call close. 
11-26 13:24:51.952 16761 16770 I chatty  : uid=10147(symlab.cloudridar.arhud) FinalizerDaemon identical 35 lines
11-26 13:24:51.952 16761 16770 W System  : A resource failed to call close. 
11-26 13:24:53.122 16761 16772 E         : [ZeroHung]zrhung_get_config: Get config failed for wp[0x0008]
11-26 13:24:53.141 16761 16770 W System  : A resource failed to call close. 
11-26 13:24:53.142 16761 16770 I chatty  : uid=10147(symlab.cloudridar.arhud) FinalizerDaemon identical 33 lines
11-26 13:24:53.142 16761 16770 W System  : A resource failed to call close. 
11-26 13:24:54.332 16761 16772 E         : [ZeroHung]zrhung_get_config: Get config failed for wp[0x0008]
11-26 13:24:54.349 16761 16770 W System  : A resource failed to call close. 
11-26 13:24:54.349 16761 16770 I chatty  : uid=10147(symlab.cloudridar.arhud) FinalizerDaemon identical 12 lines
11-26 13:24:54.349 16761 16770 W System  : A resource failed to call close. 
11-26 13:24:54.349 16761 16770 W System  : A resource failed to call close. 
11-26 13:24:54.349 16761 16770 W System  : A resource failed to call close. 
11-26 13:24:54.350 16761 16770 I chatty  : uid=10147(symlab.cloudridar.arhud) FinalizerDaemon identical 17 lines
11-26 13:24:54.350 16761 16770 W System  : A resource failed to call close. 
11-26 13:24:55.534 16761 16772 E         : [ZeroHung]zrhung_get_config: Get config failed for wp[0x0008]
11-26 13:24:55.548 16761 16770 W System  : A resource failed to call close. 
11-26 13:24:55.548 16761 16770 W System  : A resource failed to call close. 
11-26 13:24:55.549 16761 16770 I chatty  : uid=10147(symlab.cloudridar.arhud) FinalizerDaemon identical 2 lines
11-26 13:24:55.549 16761 16770 W System  : A resource failed to call close. 
11-26 13:24:55.549 16761 16770 W System  : A resource failed to call close. 
11-26 13:24:55.549 16761 16770 W System  : A resource failed to call close. 
11-26 13:24:55.549 16761 16770 W System  : A resource failed to call close. 
11-26 13:24:55.549 16761 16770 W System  : A resource failed to call close. 
11-26 13:24:55.549 16761 16770 W System  : A resource failed to call close. 
11-26 13:24:55.549 16761 16770 W System  : A resource failed to call close. 
11-26 13:24:55.549 16761 16770 I chatty  : uid=10147(symlab.cloudridar.arhud) FinalizerDaemon identical 5 lines
11-26 13:24:55.549 16761 16770 W System  : A resource failed to call close. 
11-26 13:24:55.549 16761 16770 W System  : A resource failed to call close. 
11-26 13:24:55.549 16761 16770 W System  : A resource failed to call close. 
11-26 13:24:55.549 16761 16770 I chatty  : uid=10147(symlab.cloudridar.arhud) FinalizerDaemon identical 7 lines
11-26 13:24:55.550 16761 16770 W System  : A resource failed to call close. 
11-26 13:24:55.550 16761 16770 W System  : A resource failed to call close. 
11-26 13:24:55.550 16761 16770 I chatty  : uid=10147(symlab.cloudridar.arhud) FinalizerDaemon identical 7 lines
11-26 13:24:55.550 16761 16770 W System  : A resource failed to call close. 
11-26 13:24:56.689 16761 16772 E         : [ZeroHung]zrhung_get_config: Get config failed for wp[0x0008]
11-26 13:24:56.705 16761 16770 W System  : A resource failed to call close. 
11-26 13:24:56.711 16761 16770 I chatty  : uid=10147(symlab.cloudridar.arhud) FinalizerDaemon identical 32 lines
11-26 13:24:56.711 16761 16770 W System  : A resource failed to call close. 
11-26 13:24:57.809 16761 16772 E         : [ZeroHung]zrhung_get_config: Get config failed for wp[0x0008]
11-26 13:24:57.828 16761 16770 W System  : A resource failed to call close. 
11-26 13:24:57.828 16761 16770 I chatty  : uid=10147(symlab.cloudridar.arhud) FinalizerDaemon identical 3 lines
11-26 13:24:57.829 16761 16770 W System  : A resource failed to call close. 
11-26 13:24:57.829 16761 16770 W System  : A resource failed to call close. 
11-26 13:24:57.829 16761 16770 I chatty  : uid=10147(symlab.cloudridar.arhud) FinalizerDaemon identical 2 lines
11-26 13:24:57.829 16761 16770 W System  : A resource failed to call close. 
11-26 13:24:57.829 16761 16770 W System  : A resource failed to call close. 
11-26 13:24:57.829 16761 16770 I chatty  : uid=10147(symlab.cloudridar.arhud) FinalizerDaemon identical 1 line
11-26 13:24:57.829 16761 16770 W System  : A resource failed to call close. 
11-26 13:24:57.829 16761 16770 W System  : A resource failed to call close. 
11-26 13:24:57.829 16761 16770 I chatty  : uid=10147(symlab.cloudridar.arhud) FinalizerDaemon identical 5 lines
11-26 13:24:57.829 16761 16770 W System  : A resource failed to call close. 
11-26 13:24:57.829 16761 16770 W System  : A resource failed to call close. 
11-26 13:24:57.830 16761 16770 I chatty  : uid=10147(symlab.cloudridar.arhud) FinalizerDaemon identical 12 lines
11-26 13:24:57.830 16761 16770 W System  : A resource failed to call close. 
11-26 13:24:58.944 16761 16772 E         : [ZeroHung]zrhung_get_config: Get config failed for wp[0x0008]
11-26 13:24:58.969 16761 16770 W System  : A resource failed to call close. 
11-26 13:24:58.970 16761 16770 I chatty  : uid=10147(symlab.cloudridar.arhud) FinalizerDaemon identical 10 lines
11-26 13:24:58.970 16761 16770 W System  : A resource failed to call close. 
11-26 13:24:58.970 16761 16770 W System  : A resource failed to call close. 
11-26 13:24:58.971 16761 16770 I chatty  : uid=10147(symlab.cloudridar.arhud) FinalizerDaemon identical 12 lines
11-26 13:24:58.971 16761 16770 W System  : A resource failed to call close. 
11-26 13:24:58.972 16761 16770 W System  : A resource failed to call close. 
11-26 13:24:58.972 16761 16770 I chatty  : uid=10147(symlab.cloudridar.arhud) FinalizerDaemon identical 6 lines
11-26 13:24:58.972 16761 16770 W System  : A resource failed to call close. 
11-26 13:25:00.116 16761 16772 E         : [ZeroHung]zrhung_get_config: Get config failed for wp[0x0008]
11-26 13:25:00.137 16761 16770 W System  : A resource failed to call close. 
11-26 13:25:00.141 16761 16770 I chatty  : uid=10147(symlab.cloudridar.arhud) FinalizerDaemon identical 31 lines
11-26 13:25:00.141 16761 16770 W System  : A resource failed to call close. 
11-26 13:25:01.107 16761 16772 E         : [ZeroHung]zrhung_get_config: Get config failed for wp[0x0008]
11-26 13:25:01.131 16761 16770 W System  : A resource failed to call close. 
11-26 13:25:01.133 16761 16770 I chatty  : uid=10147(symlab.cloudridar.arhud) FinalizerDaemon identical 28 lines
11-26 13:25:01.133 16761 16770 W System  : A resource failed to call close. 
11-26 13:25:02.066 16761 16772 E         : [ZeroHung]zrhung_get_config: Get config failed for wp[0x0008]
11-26 13:25:02.093 16761 16770 W System  : A resource failed to call close. 
11-26 13:25:02.096 16761 16770 I chatty  : uid=10147(symlab.cloudridar.arhud) FinalizerDaemon identical 27 lines
11-26 13:25:02.096 16761 16770 W System  : A resource failed to call close. 
11-26 13:25:03.070 16761 16772 E         : [ZeroHung]zrhung_get_config: Get config failed for wp[0x0008]
11-26 13:25:03.099 16761 16770 W System  : A resource failed to call close. 
11-26 13:25:03.101 16761 16770 I chatty  : uid=10147(symlab.cloudridar.arhud) FinalizerDaemon identical 26 lines
11-26 13:25:03.101 16761 16770 W System  : A resource failed to call close. 
11-26 13:25:04.084 16761 16772 E         : [ZeroHung]zrhung_get_config: Get config failed for wp[0x0008]
11-26 13:25:04.112 16761 16770 W System  : A resource failed to call close. 
11-26 13:25:04.113 16761 16770 I chatty  : uid=10147(symlab.cloudridar.arhud) FinalizerDaemon identical 10 lines
11-26 13:25:04.113 16761 16770 W System  : A resource failed to call close. 
11-26 13:25:04.113 16761 16770 W System  : A resource failed to call close. 
11-26 13:25:04.115 16761 16770 I chatty  : uid=10147(symlab.cloudridar.arhud) FinalizerDaemon identical 15 lines
11-26 13:25:04.115 16761 16770 W System  : A resource failed to call close. 
11-26 13:25:05.153 16761 16772 E         : [ZeroHung]zrhung_get_config: Get config failed for wp[0x0008]
11-26 13:25:05.178 16761 16770 W System  : A resource failed to call close. 
11-26 13:25:05.180 16761 16770 I chatty  : uid=10147(symlab.cloudridar.arhud) FinalizerDaemon identical 27 lines
11-26 13:25:05.181 16761 16770 W System  : A resource failed to call close. 
11-26 13:25:06.143 16761 16772 E         : [ZeroHung]zrhung_get_config: Get config failed for wp[0x0008]
11-26 13:25:06.161 16761 16770 W System  : A resource failed to call close. 
11-26 13:25:06.163 16761 16770 I chatty  : uid=10147(symlab.cloudridar.arhud) FinalizerDaemon identical 27 lines
11-26 13:25:06.163 16761 16770 W System  : A resource failed to call close. 
11-26 13:25:07.181 16761 16772 E         : [ZeroHung]zrhung_get_config: Get config failed for wp[0x0008]
11-26 13:25:07.205 16761 16770 W System  : A resource failed to call close. 
11-26 13:25:07.208 16761 16770 I chatty  : uid=10147(symlab.cloudridar.arhud) FinalizerDaemon identical 24 lines
11-26 13:25:07.208 16761 16770 W System  : A resource failed to call close. 
11-26 13:25:07.208 16761 16770 W System  : A resource failed to call close. 
11-26 13:25:07.208 16761 16770 W System  : A resource failed to call close. 
11-26 13:25:07.208 16761 16770 W System  : A resource failed to call close. 
11-26 13:25:07.208 16761 16770 W System  : A resource failed to call close. 
11-26 13:25:08.218 16761 16772 E         : [ZeroHung]zrhung_get_config: Get config failed for wp[0x0008]
11-26 13:25:08.241 16761 16770 W System  : A resource failed to call close. 
11-26 13:25:08.243 16761 16770 I chatty  : uid=10147(symlab.cloudridar.arhud) FinalizerDaemon identical 28 lines
11-26 13:25:08.243 16761 16770 W System  : A resource failed to call close. 
11-26 13:25:09.264 16761 16772 E         : [ZeroHung]zrhung_get_config: Get config failed for wp[0x0008]
11-26 13:25:09.285 16761 16770 W System  : A resource failed to call close. 
11-26 13:25:09.286 16761 16770 I chatty  : uid=10147(symlab.cloudridar.arhud) FinalizerDaemon identical 10 lines
11-26 13:25:09.287 16761 16770 W System  : A resource failed to call close. 
11-26 13:25:09.287 16761 16770 W System  : A resource failed to call close. 
11-26 13:25:09.287 16761 16770 I chatty  : uid=10147(symlab.cloudridar.arhud) FinalizerDaemon identical 1 line
11-26 13:25:09.288 16761 16770 W System  : A resource failed to call close. 
11-26 13:25:09.288 16761 16770 W System  : A resource failed to call close. 
11-26 13:25:09.288 16761 16770 I chatty  : uid=10147(symlab.cloudridar.arhud) FinalizerDaemon identical 2 lines
11-26 13:25:09.288 16761 16770 W System  : A resource failed to call close. 
11-26 13:25:09.288 16761 16770 W System  : A resource failed to call close. 
11-26 13:25:09.289 16761 16770 W System  : A resource failed to call close. 
11-26 13:25:09.289 16761 16770 I chatty  : uid=10147(symlab.cloudridar.arhud) FinalizerDaemon identical 1 line
11-26 13:25:09.289 16761 16770 W System  : A resource failed to call close. 
11-26 13:25:09.290 16761 16770 W System  : A resource failed to call close. 
11-26 13:25:09.292 16761 16770 W System  : A resource failed to call close. 
11-26 13:25:09.292 16761 16770 I chatty  : uid=10147(symlab.cloudridar.arhud) FinalizerDaemon identical 5 lines
11-26 13:25:09.292 16761 16770 W System  : A resource failed to call close. 
11-26 13:25:10.375 16761 16772 E         : [ZeroHung]zrhung_get_config: Get config failed for wp[0x0008]
11-26 13:25:10.402 16761 16770 W System  : A resource failed to call close. 
11-26 13:25:10.403 16761 16770 I chatty  : uid=10147(symlab.cloudridar.arhud) FinalizerDaemon identical 8 lines
11-26 13:25:10.403 16761 16770 W System  : A resource failed to call close. 
11-26 13:25:10.408 16761 16770 W System  : A resource failed to call close. 
11-26 13:25:10.408 16761 16770 W System  : A resource failed to call close. 
11-26 13:25:10.408 16761 16770 W System  : A resource failed to call close. 
11-26 13:25:10.408 16761 16770 W System  : A resource failed to call close. 
11-26 13:25:10.408 16761 16770 W System  : A resource failed to call close. 
11-26 13:25:10.410 16761 16770 I chatty  : uid=10147(symlab.cloudridar.arhud) FinalizerDaemon identical 16 lines
11-26 13:25:10.410 16761 16770 W System  : A resource failed to call close. 
11-26 13:25:10.727 16761 16761 W HiTouch_PressGestureDetector: Touch pointer move a lot. The moving distance of X is:34.82895, limit is:60The moving distance of Y is:71.46315, limit is:60
11-26 13:25:11.699 16761 16772 E         : [ZeroHung]zrhung_get_config: Get config failed for wp[0x0008]
11-26 13:25:11.717 16761 16770 W System  : A resource failed to call close. 
11-26 13:25:11.718 16761 16770 I chatty  : uid=10147(symlab.cloudridar.arhud) FinalizerDaemon identical 38 lines
11-26 13:25:11.718 16761 16770 W System  : A resource failed to call close. 
11-26 13:25:11.857 16761 16761 I Poster  :  onPause() called.
11-26 13:25:11.966 16761 16761 I Camera  : close camera: 0, package name: symlab.cloudridar.arhud
11-26 13:25:11.966 16761 16761 I BackgroundPermManager: pkgName: symlab.cloudridar.arhud,pid: 16761 ,uidOf3RdApk: 10147 ,permType: 0 ,permCfg: 0
11-26 13:25:11.968 16761 16761 I HwCameraUtil: notifySurfaceFlingerCameraStatus : isFront = false , isOpend = false
11-26 13:25:12.038 16761 16761 D ZrHung.AppEyeUiProbe: stop checker.
11-26 13:25:12.068 16761 16761 I Poster  :  surfaceDestroyed() called.
11-26 13:25:12.069 16761 16761 D ViewRootImpl[MainActivity]: surface should not be released
11-26 13:25:12.069 16761 16761 I Poster  :  onStop() called.
11-26 13:25:12.092 16761 16815 W libEGL  : EGLNativeWindowType 0xe2ff0008 disconnect failed
11-26 13:25:12.316 16761 16791 D ZrHung.AppEyeUiProbe: Current Activity:false
11-26 13:25:12.316 16761 16791 D ZrHung.AppEyeUiProbe: not watching, wait.
11-26 13:25:16.861 16761 16761 I AwareBitmapCacher: handleReleaseCache: pid=16761
11-26 13:25:16.861 16761 16761 I AwareBitmapCacher: init lrucache size: 2097152 pid=16761
11-26 13:25:17.067 16761 16772 E         : [ZeroHung]zrhung_get_config: Get config failed for wp[0x0008]
11-26 13:25:17.097 16761 16770 W System  : A resource failed to call close. 
11-26 13:25:17.097 16761 16770 I chatty  : uid=10147(symlab.cloudridar.arhud) FinalizerDaemon identical 3 lines
11-26 13:25:17.097 16761 16770 W System  : A resource failed to call close. 
