11-26 14:13:28.387 20548 20548 W MessageQueue: 	at android.os.Handler.sendMessageDelayed(Handler.java:668)
11-26 14:13:28.387 20548 20548 W MessageQueue: 	at android.os.Handler.post(Handler.java:396)
11-26 14:13:28.387 20548 20548 W MessageQueue: 	at symlab.CloudAR.ARManager.recognizeTime(ARManager.java:152)
11-26 14:13:28.387 20548 20548 W MessageQueue: 	at symlab.ARHUD.MainActivity$3.onPreviewFrame(MainActivity.java:296)
11-26 14:13:28.387 20548 20548 W MessageQueue: 	at android.hardware.Camera$EventHandler.handleMessage(Camera.java:1318)
11-26 14:13:28.387 20548 20548 W MessageQueue: 	at android.os.Handler.dispatchMessage(Handler.java:107)
11-26 14:13:28.387 20548 20548 W MessageQueue: 	at android.os.Looper.loop(Looper.java:198)
11-26 14:13:28.387 20548 20548 W MessageQueue: 	at android.app.ActivityThread.main(ActivityThread.java:6729)
11-26 14:13:28.387 20548 20548 W MessageQueue: 	at java.lang.reflect.Method.invoke(Native Method)
11-26 14:13:28.387 20548 20548 W MessageQueue: 	at com.android.internal.os.RuntimeInit$MethodAndArgsCaller.run(RuntimeInit.java:493)
11-26 14:13:28.387 20548 20548 W MessageQueue: 	at com.android.internal.os.ZygoteInit.main(ZygoteInit.java:858)
11-26 14:13:28.387 20548 20548 W MessageQueue: Handler (android.os.Handler) {3ede4c7} sending message to a Handler on a dead thread
11-26 14:13:28.387 20548 20548 W MessageQueue: java.lang.IllegalStateException: Handler (android.os.Handler) {3ede4c7} sending message to a Handler on a dead thread
11-26 14:13:28.387 20548 20548 W MessageQueue: 	at android.os.MessageQueue.enqueueMessage(MessageQueue.java:546)
11-26 14:13:28.387 20548 20548 W MessageQueue: 	at android.os.Handler.enqueueMessage(Handler.java:746)
11-26 14:13:28.387 20548 20548 W MessageQueue: 	at android.os.Handler.sendMessageAtTime(Handler.java:698)
11-26 14:13:28.387 20548 20548 W MessageQueue: 	at android.os.Handler.sendMessageDelayed(Handler.java:668)
11-26 14:13:28.387 20548 20548 W MessageQueue: 	at android.os.Handler.post(Handler.java:396)
11-26 14:13:28.387 20548 20548 W MessageQueue: 	at symlab.CloudAR.ARManager.driveFrame(ARManager.java:157)
11-26 14:13:28.387 20548 20548 W MessageQueue: 	at symlab.ARHUD.MainActivity$3.onPreviewFrame(MainActivity.java:297)
11-26 14:13:28.387 20548 20548 W MessageQueue: 	at android.hardware.Camera$EventHandler.handleMessage(Camera.java:1318)
11-26 14:13:28.387 20548 20548 W MessageQueue: 	at android.os.Handler.dispatchMessage(Handler.java:107)
11-26 14:13:28.387 20548 20548 W MessageQueue: 	at android.os.Looper.loop(Looper.java:198)
11-26 14:13:28.387 20548 20548 W MessageQueue: 	at android.app.ActivityThread.main(ActivityThread.java:6729)
11-26 14:13:28.387 20548 20548 W MessageQueue: 	at java.lang.reflect.Method.invoke(Native Method)
11-26 14:13:28.387 20548 20548 W MessageQueue: 	at com.android.internal.os.RuntimeInit$MethodAndArgsCaller.run(RuntimeInit.java:493)
11-26 14:13:28.387 20548 20548 W MessageQueue: 	at com.android.internal.os.ZygoteInit.main(ZygoteInit.java:858)
11-26 14:13:28.450 20548 20548 W MessageQueue: Handler (android.os.Handler) {3ede4c7} sending message to a Handler on a dead thread
11-26 14:13:28.450 20548 20548 W MessageQueue: java.lang.IllegalStateException: Handler (android.os.Handler) {3ede4c7} sending message to a Handler on a dead thread
11-26 14:13:28.450 20548 20548 W MessageQueue: 	at android.os.MessageQueue.enqueueMessage(MessageQueue.java:546)
11-26 14:13:28.450 20548 20548 W MessageQueue: 	at android.os.Handler.enqueueMessage(Handler.java:746)
11-26 14:13:28.450 20548 20548 W MessageQueue: 	at android.os.Handler.sendMessageAtTime(Handler.java:698)
11-26 14:13:28.450 20548 20548 W MessageQueue: 	at android.os.Handler.sendMessageDelayed(Handler.java:668)
11-26 14:13:28.450 20548 20548 W MessageQueue: 	at android.os.Handler.post(Handler.java:396)
11-26 14:13:28.450 20548 20548 W MessageQueue: 	at symlab.CloudAR.ARManager.recognizeTime(ARManager.java:152)
11-26 14:13:28.450 20548 20548 W MessageQueue: 	at symlab.ARHUD.MainActivity$3.onPreviewFrame(MainActivity.java:296)
11-26 14:13:28.450 20548 20548 W MessageQueue: 	at android.hardware.Camera$EventHandler.handleMessage(Camera.java:1318)
11-26 14:13:28.450 20548 20548 W MessageQueue: 	at android.os.Handler.dispatchMessage(Handler.java:107)
11-26 14:13:28.450 20548 20548 W MessageQueue: 	at android.os.Looper.loop(Looper.java:198)
11-26 14:13:28.450 20548 20548 W MessageQueue: 	at android.app.ActivityThread.main(ActivityThread.java:6729)
11-26 14:13:28.450 20548 20548 W MessageQueue: 	at java.lang.reflect.Method.invoke(Native Method)
11-26 14:13:28.450 20548 20548 W MessageQueue: 	at com.android.internal.os.RuntimeInit$MethodAndArgsCaller.run(RuntimeInit.java:493)
11-26 14:13:28.450 20548 20548 W MessageQueue: 	at com.android.internal.os.ZygoteInit.main(ZygoteInit.java:858)
11-26 14:13:28.450 20548 20548 W MessageQueue: Handler (android.os.Handler) {3ede4c7} sending message to a Handler on a dead thread
11-26 14:13:28.450 20548 20548 W MessageQueue: java.lang.IllegalStateException: Handler (android.os.Handler) {3ede4c7} sending message to a Handler on a dead thread
11-26 14:13:28.450 20548 20548 W MessageQueue: 	at android.os.MessageQueue.enqueueMessage(MessageQueue.java:546)
11-26 14:13:28.450 20548 20548 W MessageQueue: 	at android.os.Handler.enqueueMessage(Handler.java:746)
11-26 14:13:28.450 20548 20548 W MessageQueue: 	at android.os.Handler.sendMessageAtTime(Handler.java:698)
11-26 14:13:28.450 20548 20548 W MessageQueue: 	at android.os.Handler.sendMessageDelayed(Handler.java:668)
11-26 14:13:28.450 20548 20548 W MessageQueue: 	at android.os.Handler.post(Handler.java:396)
11-26 14:13:28.450 20548 20548 W MessageQueue: 	at symlab.CloudAR.ARManager.driveFrame(ARManager.java:157)
11-26 14:13:28.450 20548 20548 W MessageQueue: 	at symlab.ARHUD.MainActivity$3.onPreviewFrame(MainActivity.java:297)
11-26 14:13:28.450 20548 20548 W MessageQueue: 	at android.hardware.Camera$EventHandler.handleMessage(Camera.java:1318)
11-26 14:13:28.450 20548 20548 W MessageQueue: 	at android.os.Handler.dispatchMessage(Handler.java:107)
11-26 14:13:28.450 20548 20548 W MessageQueue: 	at android.os.Looper.loop(Looper.java:198)
11-26 14:13:28.450 20548 20548 W MessageQueue: 	at android.app.ActivityThread.main(ActivityThread.java:6729)
11-26 14:13:28.450 20548 20548 W MessageQueue: 	at java.lang.reflect.Method.invoke(Native Method)
11-26 14:13:28.450 20548 20548 W MessageQueue: 	at com.android.internal.os.RuntimeInit$MethodAndArgsCaller.run(RuntimeInit.java:493)
11-26 14:13:28.450 20548 20548 W MessageQueue: 	at com.android.internal.os.ZygoteInit.main(ZygoteInit.java:858)
11-26 14:13:28.495 20548 20548 W MessageQueue: Handler (android.os.Handler) {3ede4c7} sending message to a Handler on a dead thread
11-26 14:13:28.495 20548 20548 W MessageQueue: java.lang.IllegalStateException: Handler (android.os.Handler) {3ede4c7} sending message to a Handler on a dead thread
11-26 14:13:28.495 20548 20548 W MessageQueue: 	at android.os.MessageQueue.enqueueMessage(MessageQueue.java:546)
11-26 14:13:28.495 20548 20548 W MessageQueue: 	at android.os.Handler.enqueueMessage(Handler.java:746)
11-26 14:13:28.495 20548 20548 W MessageQueue: 	at android.os.Handler.sendMessageAtTime(Handler.java:698)
11-26 14:13:28.495 20548 20548 W MessageQueue: 	at android.os.Handler.sendMessageDelayed(Handler.java:668)
11-26 14:13:28.495 20548 20548 W MessageQueue: 	at android.os.Handler.post(Handler.java:396)
11-26 14:13:28.495 20548 20548 W MessageQueue: 	at symlab.CloudAR.ARManager.recognizeTime(ARManager.java:152)
11-26 14:13:28.495 20548 20548 W MessageQueue: 	at symlab.ARHUD.MainActivity$3.onPreviewFrame(MainActivity.java:296)
11-26 14:13:28.495 20548 20548 W MessageQueue: 	at android.hardware.Camera$EventHandler.handleMessage(Camera.java:1318)
11-26 14:13:28.495 20548 20548 W MessageQueue: 	at android.os.Handler.dispatchMessage(Handler.java:107)
11-26 14:13:28.495 20548 20548 W MessageQueue: 	at android.os.Looper.loop(Looper.java:198)
11-26 14:13:28.495 20548 20548 W MessageQueue: 	at android.app.ActivityThread.main(ActivityThread.java:6729)
11-26 14:13:28.495 20548 20548 W MessageQueue: 	at java.lang.reflect.Method.invoke(Native Method)
11-26 14:13:28.495 20548 20548 W MessageQueue: 	at com.android.internal.os.RuntimeInit$MethodAndArgsCaller.run(RuntimeInit.java:493)
11-26 14:13:28.495 20548 20548 W MessageQueue: 	at com.android.internal.os.ZygoteInit.main(ZygoteInit.java:858)
11-26 14:13:28.495 20548 20548 W MessageQueue: Handler (android.os.Handler) {3ede4c7} sending message to a Handler on a dead thread
11-26 14:13:28.495 20548 20548 W MessageQueue: java.lang.IllegalStateException: Handler (android.os.Handler) {3ede4c7} sending message to a Handler on a dead thread
11-26 14:13:28.495 20548 20548 W MessageQueue: 	at android.os.MessageQueue.enqueueMessage(MessageQueue.java:546)
11-26 14:13:28.495 20548 20548 W MessageQueue: 	at android.os.Handler.enqueueMessage(Handler.java:746)
11-26 14:13:28.495 20548 20548 W MessageQueue: 	at android.os.Handler.sendMessageAtTime(Handler.java:698)
11-26 14:13:28.495 20548 20548 W MessageQueue: 	at android.os.Handler.sendMessageDelayed(Handler.java:668)
11-26 14:13:28.495 20548 20548 W MessageQueue: 	at android.os.Handler.post(Handler.java:396)
11-26 14:13:28.495 20548 20548 W MessageQueue: 	at symlab.CloudAR.ARManager.driveFrame(ARManager.java:157)
11-26 14:13:28.495 20548 20548 W MessageQueue: 	at symlab.ARHUD.MainActivity$3.onPreviewFrame(MainActivity.java:297)
11-26 14:13:28.495 20548 20548 W MessageQueue: 	at android.hardware.Camera$EventHandler.handleMessage(Camera.java:1318)
11-26 14:13:28.495 20548 20548 W MessageQueue: 	at android.os.Handler.dispatchMessage(Handler.java:107)
11-26 14:13:28.495 20548 20548 W MessageQueue: 	at android.os.Looper.loop(Looper.java:198)
11-26 14:13:28.495 20548 20548 W MessageQueue: 	at android.app.ActivityThread.main(ActivityThread.java:6729)
11-26 14:13:28.495 20548 20548 W MessageQueue: 	at java.lang.reflect.Method.invoke(Native Method)
11-26 14:13:28.495 20548 20548 W MessageQueue: 	at com.android.internal.os.RuntimeInit$MethodAndArgsCaller.run(RuntimeInit.java:493)
11-26 14:13:28.495 20548 20548 W MessageQueue: 	at com.android.internal.os.ZygoteInit.main(ZygoteInit.java:858)
11-26 14:13:28.520 20548 20548 W MessageQueue: Handler (android.os.Handler) {3ede4c7} sending message to a Handler on a dead thread
11-26 14:13:28.520 20548 20548 W MessageQueue: java.lang.IllegalStateException: Handler (android.os.Handler) {3ede4c7} sending message to a Handler on a dead thread
11-26 14:13:28.520 20548 20548 W MessageQueue: 	at android.os.MessageQueue.enqueueMessage(MessageQueue.java:546)
11-26 14:13:28.520 20548 20548 W MessageQueue: 	at android.os.Handler.enqueueMessage(Handler.java:746)
11-26 14:13:28.520 20548 20548 W MessageQueue: 	at android.os.Handler.sendMessageAtTime(Handler.java:698)
11-26 14:13:28.520 20548 20548 W MessageQueue: 	at android.os.Handler.sendMessageDelayed(Handler.java:668)
11-26 14:13:28.520 20548 20548 W MessageQueue: 	at android.os.Handler.post(Handler.java:396)
11-26 14:13:28.520 20548 20548 W MessageQueue: 	at symlab.CloudAR.ARManager.recognizeTime(ARManager.java:152)
11-26 14:13:28.520 20548 20548 W MessageQueue: 	at symlab.ARHUD.MainActivity$3.onPreviewFrame(MainActivity.java:296)
11-26 14:13:28.520 20548 20548 W MessageQueue: 	at android.hardware.Camera$EventHandler.handleMessage(Camera.java:1318)
11-26 14:13:28.520 20548 20548 W MessageQueue: 	at android.os.Handler.dispatchMessage(Handler.java:107)
11-26 14:13:28.520 20548 20548 W MessageQueue: 	at android.os.Looper.loop(Looper.java:198)
11-26 14:13:28.520 20548 20548 W MessageQueue: 	at android.app.ActivityThread.main(ActivityThread.java:6729)
11-26 14:13:28.520 20548 20548 W MessageQueue: 	at java.lang.reflect.Method.invoke(Native Method)
11-26 14:13:28.520 20548 20548 W MessageQueue: 	at com.android.internal.os.RuntimeInit$MethodAndArgsCaller.run(RuntimeInit.java:493)
11-26 14:13:28.520 20548 20548 W MessageQueue: 	at com.android.internal.os.ZygoteInit.main(ZygoteInit.java:858)
11-26 14:13:28.520 20548 20548 W MessageQueue: Handler (android.os.Handler) {3ede4c7} sending message to a Handler on a dead thread
11-26 14:13:28.520 20548 20548 W MessageQueue: java.lang.IllegalStateException: Handler (android.os.Handler) {3ede4c7} sending message to a Handler on a dead thread
11-26 14:13:28.520 20548 20548 W MessageQueue: 	at android.os.MessageQueue.enqueueMessage(MessageQueue.java:546)
11-26 14:13:28.520 20548 20548 W MessageQueue: 	at android.os.Handler.enqueueMessage(Handler.java:746)
11-26 14:13:28.520 20548 20548 W MessageQueue: 	at android.os.Handler.sendMessageAtTime(Handler.java:698)
11-26 14:13:28.520 20548 20548 W MessageQueue: 	at android.os.Handler.sendMessageDelayed(Handler.java:668)
11-26 14:13:28.520 20548 20548 W MessageQueue: 	at android.os.Handler.post(Handler.java:396)
11-26 14:13:28.520 20548 20548 W MessageQueue: 	at symlab.CloudAR.ARManager.driveFrame(ARManager.java:157)
11-26 14:13:28.520 20548 20548 W MessageQueue: 	at symlab.ARHUD.MainActivity$3.onPreviewFrame(MainActivity.java:297)
11-26 14:13:28.520 20548 20548 W MessageQueue: 	at android.hardware.Camera$EventHandler.handleMessage(Camera.java:1318)
11-26 14:13:28.520 20548 20548 W MessageQueue: 	at android.os.Handler.dispatchMessage(Handler.java:107)
11-26 14:13:28.520 20548 20548 W MessageQueue: 	at android.os.Looper.loop(Looper.java:198)
11-26 14:13:28.520 20548 20548 W MessageQueue: 	at android.app.ActivityThread.main(ActivityThread.java:6729)
11-26 14:13:28.520 20548 20548 W MessageQueue: 	at java.lang.reflect.Method.invoke(Native Method)
11-26 14:13:28.520 20548 20548 W MessageQueue: 	at com.android.internal.os.RuntimeInit$MethodAndArgsCaller.run(RuntimeInit.java:493)
11-26 14:13:28.520 20548 20548 W MessageQueue: 	at com.android.internal.os.ZygoteInit.main(ZygoteInit.java:858)
11-26 14:13:28.551 20548 20548 W MessageQueue: Handler (android.os.Handler) {3ede4c7} sending message to a Handler on a dead thread
11-26 14:13:28.551 20548 20548 W MessageQueue: java.lang.IllegalStateException: Handler (android.os.Handler) {3ede4c7} sending message to a Handler on a dead thread
11-26 14:13:28.551 20548 20548 W MessageQueue: 	at android.os.MessageQueue.enqueueMessage(MessageQueue.java:546)
11-26 14:13:28.551 20548 20548 W MessageQueue: 	at android.os.Handler.enqueueMessage(Handler.java:746)
11-26 14:13:28.551 20548 20548 W MessageQueue: 	at android.os.Handler.sendMessageAtTime(Handler.java:698)
11-26 14:13:28.551 20548 20548 W MessageQueue: 	at android.os.Handler.sendMessageDelayed(Handler.java:668)
11-26 14:13:28.551 20548 20548 W MessageQueue: 	at android.os.Handler.post(Handler.java:396)
11-26 14:13:28.551 20548 20548 W MessageQueue: 	at symlab.CloudAR.ARManager.recognizeTime(ARManager.java:152)
11-26 14:13:28.551 20548 20548 W MessageQueue: 	at symlab.ARHUD.MainActivity$3.onPreviewFrame(MainActivity.java:296)
11-26 14:13:28.551 20548 20548 W MessageQueue: 	at android.hardware.Camera$EventHandler.handleMessage(Camera.java:1318)
11-26 14:13:28.551 20548 20548 W MessageQueue: 	at android.os.Handler.dispatchMessage(Handler.java:107)
11-26 14:13:28.551 20548 20548 W MessageQueue: 	at android.os.Looper.loop(Looper.java:198)
11-26 14:13:28.551 20548 20548 W MessageQueue: 	at android.app.ActivityThread.main(ActivityThread.java:6729)
11-26 14:13:28.551 20548 20548 W MessageQueue: 	at java.lang.reflect.Method.invoke(Native Method)
11-26 14:13:28.551 20548 20548 W MessageQueue: 	at com.android.internal.os.RuntimeInit$MethodAndArgsCaller.run(RuntimeInit.java:493)
11-26 14:13:28.551 20548 20548 W MessageQueue: 	at com.android.internal.os.ZygoteInit.main(ZygoteInit.java:858)
11-26 14:13:28.552 20548 20548 W MessageQueue: Handler (android.os.Handler) {3ede4c7} sending message to a Handler on a dead thread
11-26 14:13:28.552 20548 20548 W MessageQueue: java.lang.IllegalStateException: Handler (android.os.Handler) {3ede4c7} sending message to a Handler on a dead thread
11-26 14:13:28.552 20548 20548 W MessageQueue: 	at android.os.MessageQueue.enqueueMessage(MessageQueue.java:546)
11-26 14:13:28.552 20548 20548 W MessageQueue: 	at android.os.Handler.enqueueMessage(Handler.java:746)
11-26 14:13:28.552 20548 20548 W MessageQueue: 	at android.os.Handler.sendMessageAtTime(Handler.java:698)
11-26 14:13:28.552 20548 20548 W MessageQueue: 	at android.os.Handler.sendMessageDelayed(Handler.java:668)
11-26 14:13:28.552 20548 20548 W MessageQueue: 	at android.os.Handler.post(Handler.java:396)
11-26 14:13:28.552 20548 20548 W MessageQueue: 	at symlab.CloudAR.ARManager.driveFrame(ARManager.java:157)
11-26 14:13:28.552 20548 20548 W MessageQueue: 	at symlab.ARHUD.MainActivity$3.onPreviewFrame(MainActivity.java:297)
11-26 14:13:28.552 20548 20548 W MessageQueue: 	at android.hardware.Camera$EventHandler.handleMessage(Camera.java:1318)
11-26 14:13:28.552 20548 20548 W MessageQueue: 	at android.os.Handler.dispatchMessage(Handler.java:107)
11-26 14:13:28.552 20548 20548 W MessageQueue: 	at android.os.Looper.loop(Looper.java:198)
11-26 14:13:28.552 20548 20548 W MessageQueue: 	at android.app.ActivityThread.main(ActivityThread.java:6729)
11-26 14:13:28.552 20548 20548 W MessageQueue: 	at java.lang.reflect.Method.invoke(Native Method)
11-26 14:13:28.552 20548 20548 W MessageQueue: 	at com.android.internal.os.RuntimeInit$MethodAndArgsCaller.run(RuntimeInit.java:493)
11-26 14:13:28.552 20548 20548 W MessageQueue: 	at com.android.internal.os.ZygoteInit.main(ZygoteInit.java:858)
11-26 14:13:28.588 20548 20548 W MessageQueue: Handler (android.os.Handler) {3ede4c7} sending message to a Handler on a dead thread
11-26 14:13:28.588 20548 20548 W MessageQueue: java.lang.IllegalStateException: Handler (android.os.Handler) {3ede4c7} sending message to a Handler on a dead thread
11-26 14:13:28.588 20548 20548 W MessageQueue: 	at android.os.MessageQueue.enqueueMessage(MessageQueue.java:546)
11-26 14:13:28.588 20548 20548 W MessageQueue: 	at android.os.Handler.enqueueMessage(Handler.java:746)
11-26 14:13:28.588 20548 20548 W MessageQueue: 	at android.os.Handler.sendMessageAtTime(Handler.java:698)
11-26 14:13:28.588 20548 20548 W MessageQueue: 	at android.os.Handler.sendMessageDelayed(Handler.java:668)
11-26 14:13:28.588 20548 20548 W MessageQueue: 	at android.os.Handler.post(Handler.java:396)
11-26 14:13:28.588 20548 20548 W MessageQueue: 	at symlab.CloudAR.ARManager.recognizeTime(ARManager.java:152)
11-26 14:13:28.588 20548 20548 W MessageQueue: 	at symlab.ARHUD.MainActivity$3.onPreviewFrame(MainActivity.java:296)
11-26 14:13:28.588 20548 20548 W MessageQueue: 	at android.hardware.Camera$EventHandler.handleMessage(Camera.java:1318)
11-26 14:13:28.588 20548 20548 W MessageQueue: 	at android.os.Handler.dispatchMessage(Handler.java:107)
11-26 14:13:28.588 20548 20548 W MessageQueue: 	at android.os.Looper.loop(Looper.java:198)
11-26 14:13:28.588 20548 20548 W MessageQueue: 	at android.app.ActivityThread.main(ActivityThread.java:6729)
11-26 14:13:28.588 20548 20548 W MessageQueue: 	at java.lang.reflect.Method.invoke(Native Method)
11-26 14:13:28.588 20548 20548 W MessageQueue: 	at com.android.internal.os.RuntimeInit$MethodAndArgsCaller.run(RuntimeInit.java:493)
11-26 14:13:28.588 20548 20548 W MessageQueue: 	at com.android.internal.os.ZygoteInit.main(ZygoteInit.java:858)
11-26 14:13:28.588 20548 20548 W MessageQueue: Handler (android.os.Handler) {3ede4c7} sending message to a Handler on a dead thread
11-26 14:13:28.588 20548 20548 W MessageQueue: java.lang.IllegalStateException: Handler (android.os.Handler) {3ede4c7} sending message to a Handler on a dead thread
11-26 14:13:28.588 20548 20548 W MessageQueue: 	at android.os.MessageQueue.enqueueMessage(MessageQueue.java:546)
11-26 14:13:28.588 20548 20548 W MessageQueue: 	at android.os.Handler.enqueueMessage(Handler.java:746)
11-26 14:13:28.588 20548 20548 W MessageQueue: 	at android.os.Handler.sendMessageAtTime(Handler.java:698)
11-26 14:13:28.588 20548 20548 W MessageQueue: 	at android.os.Handler.sendMessageDelayed(Handler.java:668)
11-26 14:13:28.588 20548 20548 W MessageQueue: 	at android.os.Handler.post(Handler.java:396)
11-26 14:13:28.588 20548 20548 W MessageQueue: 	at symlab.CloudAR.ARManager.driveFrame(ARManager.java:157)
11-26 14:13:28.588 20548 20548 W MessageQueue: 	at symlab.ARHUD.MainActivity$3.onPreviewFrame(MainActivity.java:297)
11-26 14:13:28.588 20548 20548 W MessageQueue: 	at android.hardware.Camera$EventHandler.handleMessage(Camera.java:1318)
11-26 14:13:28.588 20548 20548 W MessageQueue: 	at android.os.Handler.dispatchMessage(Handler.java:107)
11-26 14:13:28.588 20548 20548 W MessageQueue: 	at android.os.Looper.loop(Looper.java:198)
11-26 14:13:28.588 20548 20548 W MessageQueue: 	at android.app.ActivityThread.main(ActivityThread.java:6729)
11-26 14:13:28.588 20548 20548 W MessageQueue: 	at java.lang.reflect.Method.invoke(Native Method)
11-26 14:13:28.588 20548 20548 W MessageQueue: 	at com.android.internal.os.RuntimeInit$MethodAndArgsCaller.run(RuntimeInit.java:493)
11-26 14:13:28.588 20548 20548 W MessageQueue: 	at com.android.internal.os.ZygoteInit.main(ZygoteInit.java:858)
11-26 14:13:28.623 20548 20548 W MessageQueue: Handler (android.os.Handler) {3ede4c7} sending message to a Handler on a dead thread
11-26 14:13:28.623 20548 20548 W MessageQueue: java.lang.IllegalStateException: Handler (android.os.Handler) {3ede4c7} sending message to a Handler on a dead thread
11-26 14:13:28.623 20548 20548 W MessageQueue: 	at android.os.MessageQueue.enqueueMessage(MessageQueue.java:546)
11-26 14:13:28.623 20548 20548 W MessageQueue: 	at android.os.Handler.enqueueMessage(Handler.java:746)
11-26 14:13:28.623 20548 20548 W MessageQueue: 	at android.os.Handler.sendMessageAtTime(Handler.java:698)
11-26 14:13:28.623 20548 20548 W MessageQueue: 	at android.os.Handler.sendMessageDelayed(Handler.java:668)
11-26 14:13:28.623 20548 20548 W MessageQueue: 	at android.os.Handler.post(Handler.java:396)
11-26 14:13:28.623 20548 20548 W MessageQueue: 	at symlab.CloudAR.ARManager.recognizeTime(ARManager.java:152)
11-26 14:13:28.623 20548 20548 W MessageQueue: 	at symlab.ARHUD.MainActivity$3.onPreviewFrame(MainActivity.java:296)
11-26 14:13:28.623 20548 20548 W MessageQueue: 	at android.hardware.Camera$EventHandler.handleMessage(Camera.java:1318)
11-26 14:13:28.623 20548 20548 W MessageQueue: 	at android.os.Handler.dispatchMessage(Handler.java:107)
11-26 14:13:28.623 20548 20548 W MessageQueue: 	at android.os.Looper.loop(Looper.java:198)
11-26 14:13:28.623 20548 20548 W MessageQueue: 	at android.app.ActivityThread.main(ActivityThread.java:6729)
11-26 14:13:28.623 20548 20548 W MessageQueue: 	at java.lang.reflect.Method.invoke(Native Method)
11-26 14:13:28.623 20548 20548 W MessageQueue: 	at com.android.internal.os.RuntimeInit$MethodAndArgsCaller.run(RuntimeInit.java:493)
11-26 14:13:28.623 20548 20548 W MessageQueue: 	at com.android.internal.os.ZygoteInit.main(ZygoteInit.java:858)
11-26 14:13:28.624 20548 20548 W MessageQueue: Handler (android.os.Handler) {3ede4c7} sending message to a Handler on a dead thread
11-26 14:13:28.624 20548 20548 W MessageQueue: java.lang.IllegalStateException: Handler (android.os.Handler) {3ede4c7} sending message to a Handler on a dead thread
11-26 14:13:28.624 20548 20548 W MessageQueue: 	at android.os.MessageQueue.enqueueMessage(MessageQueue.java:546)
11-26 14:13:28.624 20548 20548 W MessageQueue: 	at android.os.Handler.enqueueMessage(Handler.java:746)
11-26 14:13:28.624 20548 20548 W MessageQueue: 	at android.os.Handler.sendMessageAtTime(Handler.java:698)
11-26 14:13:28.624 20548 20548 W MessageQueue: 	at android.os.Handler.sendMessageDelayed(Handler.java:668)
11-26 14:13:28.624 20548 20548 W MessageQueue: 	at android.os.Handler.post(Handler.java:396)
11-26 14:13:28.624 20548 20548 W MessageQueue: 	at symlab.CloudAR.ARManager.driveFrame(ARManager.java:157)
11-26 14:13:28.624 20548 20548 W MessageQueue: 	at symlab.ARHUD.MainActivity$3.onPreviewFrame(MainActivity.java:297)
11-26 14:13:28.624 20548 20548 W MessageQueue: 	at android.hardware.Camera$EventHandler.handleMessage(Camera.java:1318)
11-26 14:13:28.624 20548 20548 W MessageQueue: 	at android.os.Handler.dispatchMessage(Handler.java:107)
11-26 14:13:28.624 20548 20548 W MessageQueue: 	at android.os.Looper.loop(Looper.java:198)
11-26 14:13:28.624 20548 20548 W MessageQueue: 	at android.app.ActivityThread.main(ActivityThread.java:6729)
11-26 14:13:28.624 20548 20548 W MessageQueue: 	at java.lang.reflect.Method.invoke(Native Method)
11-26 14:13:28.624 20548 20548 W MessageQueue: 	at com.android.internal.os.RuntimeInit$MethodAndArgsCaller.run(RuntimeInit.java:493)
11-26 14:13:28.624 20548 20548 W MessageQueue: 	at com.android.internal.os.ZygoteInit.main(ZygoteInit.java:858)
11-26 14:13:28.642 20548 20548 I Poster  :  onPause() called.
11-26 14:13:29.368 20548 20548 W MessageQueue: Handler (android.os.Handler) {3ede4c7} sending message to a Handler on a dead thread
11-26 14:13:29.368 20548 20548 W MessageQueue: java.lang.IllegalStateException: Handler (android.os.Handler) {3ede4c7} sending message to a Handler on a dead thread
11-26 14:13:29.368 20548 20548 W MessageQueue: 	at android.os.MessageQueue.enqueueMessage(MessageQueue.java:546)
11-26 14:13:29.368 20548 20548 W MessageQueue: 	at android.os.Handler.enqueueMessage(Handler.java:746)
11-26 14:13:29.368 20548 20548 W MessageQueue: 	at android.os.Handler.sendMessageAtTime(Handler.java:698)
11-26 14:13:29.368 20548 20548 W MessageQueue: 	at android.os.Handler.sendMessageDelayed(Handler.java:668)
11-26 14:13:29.368 20548 20548 W MessageQueue: 	at android.os.Handler.post(Handler.java:396)
11-26 14:13:29.368 20548 20548 W MessageQueue: 	at symlab.CloudAR.ARManager.stop(ARManager.java:117)
11-26 14:13:29.368 20548 20548 W MessageQueue: 	at symlab.ARHUD.MainActivity.onPause(MainActivity.java:206)
11-26 14:13:29.368 20548 20548 W MessageQueue: 	at android.app.Activity.performPause(Activity.java:7329)
11-26 14:13:29.368 20548 20548 W MessageQueue: 	at android.app.Instrumentation.callActivityOnPause(Instrumentation.java:1466)
11-26 14:13:29.368 20548 20548 W MessageQueue: 	at android.app.ActivityThread.performPauseActivityIfNeeded(ActivityThread.java:4048)
11-26 14:13:29.368 20548 20548 W MessageQueue: 	at android.app.ActivityThread.performPauseActivity(ActivityThread.java:4013)
11-26 14:13:29.368 20548 20548 W MessageQueue: 	at android.app.ActivityThread.handlePauseActivity(ActivityThread.java:3965)
11-26 14:13:29.368 20548 20548 W MessageQueue: 	at android.app.servertransaction.PauseActivityItem.execute(PauseActivityItem.java:45)
11-26 14:13:29.368 20548 20548 W MessageQueue: 	at android.app.servertransaction.TransactionExecutor.executeLifecycleState(TransactionExecutor.java:145)
11-26 14:13:29.368 20548 20548 W MessageQueue: 	at android.app.servertransaction.TransactionExecutor.execute(TransactionExecutor.java:70)
11-26 14:13:29.368 20548 20548 W MessageQueue: 	at android.app.ActivityThread$H.handleMessage(ActivityThread.java:1823)
11-26 14:13:29.368 20548 20548 W MessageQueue: 	at android.os.Handler.dispatchMessage(Handler.java:107)
11-26 14:13:29.368 20548 20548 W MessageQueue: 	at android.os.Looper.loop(Looper.java:198)
11-26 14:13:29.368 20548 20548 W MessageQueue: 	at android.app.ActivityThread.main(ActivityThread.java:6729)
11-26 14:13:29.368 20548 20548 W MessageQueue: 	at java.lang.reflect.Method.invoke(Native Method)
11-26 14:13:29.368 20548 20548 W MessageQueue: 	at com.android.internal.os.RuntimeInit$MethodAndArgsCaller.run(RuntimeInit.java:493)
11-26 14:13:29.368 20548 20548 W MessageQueue: 	at com.android.internal.os.ZygoteInit.main(ZygoteInit.java:858)
11-26 14:13:29.409 20548 20548 I Poster  :  surfaceDestroyed() called.
11-26 14:13:29.412 20548 20548 I Poster  :  onStop() called.
11-26 14:13:32.741 20548 20548 I Poster  :  onDestroy() called.
11-26 14:13:33.862 21647 21647 I loudridar.arhu: Late-enabling -Xcheck:jni
11-26 14:13:34.024 21647 21647 I Perf    : Connecting to perf service.
11-26 14:13:34.038 21647 21647 I MultiDex: VM with version 2.1.0 has multidex support
11-26 14:13:34.038 21647 21647 I MultiDex: Installing application
11-26 14:13:34.038 21647 21647 I MultiDex: VM has multidex support, MultiDex support library is disabled.
11-26 14:13:34.039 21647 21647 I FirebaseInitProvider: FirebaseApp initialization unsuccessful
11-26 14:13:34.076 21647 21647 I MultiDex: Installing application
11-26 14:13:34.076 21647 21647 I MultiDex: VM has multidex support, MultiDex support library is disabled.
11-26 14:13:34.080 21647 21647 I Poster  :  onCreate() called.
11-26 14:13:34.090 21647 21647 I DecorView: It non-support bigbang
11-26 14:13:34.093 21647 21647 I PhoneWindow: isNeedChangeNaviBarColor taskInfo: [android.app.ActivityManager$RunningTaskInfo@fbf91f7] size: 1
11-26 14:13:34.094 21647 21647 I PhoneWindow: isAPPNeedChange pkgName: symlab.cloudridar.arhud needKeep: false
11-26 14:13:34.094 21647 21647 I PhoneWindow: isNeedChangeNaviBarColor false
11-26 14:13:34.094 21647 21647 I PhoneWindow: generateLayout mNavigationBarColor: ff000000
11-26 14:13:34.094 21647 21647 I PhoneWindow: generateLayout isLightNavi false, Visibility: 0
11-26 14:13:34.103 21647 21647 D OpenGLRenderer: Skia GL Pipeline
11-26 14:13:34.110 21647 21647 D LocationManager: [LocationManager] requestLocationUpdates(), 
11-26 14:13:34.110 21647 21647 D LocationManager: java.lang.RuntimeException
11-26 14:13:34.110 21647 21647 D LocationManager: 	at android.location.LocationManager.requestLocationUpdates(LocationManager.java:1013)
11-26 14:13:34.110 21647 21647 D LocationManager: 	at android.location.LocationManager.requestLocationUpdates(LocationManager.java:562)
11-26 14:13:34.110 21647 21647 D LocationManager: 	at symlab.ARHUD.MainActivity.onCreate(MainActivity.java:94)
11-26 14:13:34.110 21647 21647 D LocationManager: 	at android.app.Activity.performCreate(Activity.java:7136)
11-26 14:13:34.110 21647 21647 D LocationManager: 	at android.app.Activity.performCreate(Activity.java:7127)
11-26 14:13:34.110 21647 21647 D LocationManager: 	at android.app.Instrumentation.callActivityOnCreate(Instrumentation.java:1272)
11-26 14:13:34.110 21647 21647 D LocationManager: 	at android.app.ActivityThread.performLaunchActivity(ActivityThread.java:2908)
11-26 14:13:34.110 21647 21647 D LocationManager: 	at android.app.ActivityThread.handleLaunchActivity(ActivityThread.java:3063)
11-26 14:13:34.110 21647 21647 D LocationManager: 	at android.app.servertransaction.LaunchActivityItem.execute(LaunchActivityItem.java:78)
11-26 14:13:34.110 21647 21647 D LocationManager: 	at android.app.servertransaction.TransactionExecutor.executeCallbacks(TransactionExecutor.java:108)
11-26 14:13:34.110 21647 21647 D LocationManager: 	at android.app.servertransaction.TransactionExecutor.execute(TransactionExecutor.java:68)
11-26 14:13:34.110 21647 21647 D LocationManager: 	at android.app.ActivityThread$H.handleMessage(ActivityThread.java:1823)
11-26 14:13:34.110 21647 21647 D LocationManager: 	at android.os.Handler.dispatchMessage(Handler.java:107)
11-26 14:13:34.110 21647 21647 D LocationManager: 	at android.os.Looper.loop(Looper.java:198)
11-26 14:13:34.110 21647 21647 D LocationManager: 	at android.app.ActivityThread.main(ActivityThread.java:6729)
11-26 14:13:34.110 21647 21647 D LocationManager: 	at java.lang.reflect.Method.invoke(Native Method)
11-26 14:13:34.110 21647 21647 D LocationManager: 	at com.android.internal.os.RuntimeInit$MethodAndArgsCaller.run(RuntimeInit.java:493)
11-26 14:13:34.110 21647 21647 D LocationManager: 	at com.android.internal.os.ZygoteInit.main(ZygoteInit.java:858)
11-26 14:13:34.129 21647 21647 D Poster  : Server details are IP 10.42.0.1 and port 52727
11-26 14:13:34.139 21647 21647 D Poster  : Server bound to IP 10.42.0.1 and port 52727
11-26 14:13:34.148 21647 21647 I Poster  :  onStart() called.
11-26 14:13:34.149 21647 21647 I Poster  :  onResume() called.
11-26 14:13:34.134 21647 21647 W loudridar.arhud: type=1400 audit(0.0:16458): avc: denied { read } for name="u:object_r:vendor_camera_prop:s0" dev="tmpfs" ino=5653 scontext=u:r:untrusted_app:s0:c203,c256,c512,c768 tcontext=u:object_r:vendor_camera_prop:s0 tclass=file permissive=0
11-26 14:13:34.150 21647 21647 E libc    : Access denied finding property "vendor.camera.aux.packagelist"
11-26 14:13:34.134 21647 21647 W loudridar.arhud: type=1400 audit(0.0:16459): avc: denied { read } for name="u:object_r:vendor_camera_prop:s0" dev="tmpfs" ino=5653 scontext=u:r:untrusted_app:s0:c203,c256,c512,c768 tcontext=u:object_r:vendor_camera_prop:s0 tclass=file permissive=0
11-26 14:13:34.150 21647 21647 E libc    : Access denied finding property "vendor.camera.aux.packagelist"
11-26 14:13:34.144 21647 21647 W loudridar.arhud: type=1400 audit(0.0:16460): avc: denied { read } for name="u:object_r:vendor_camera_prop:s0" dev="tmpfs" ino=5653 scontext=u:r:untrusted_app:s0:c203,c256,c512,c768 tcontext=u:object_r:vendor_camera_prop:s0 tclass=file permissive=0
11-26 14:13:34.152 21647 21647 E libc    : Access denied finding property "vendor.camera.aux.packagelist"
11-26 14:13:34.249 21647 21736 I Adreno  : QUALCOMM build                   : a4d39a0, I6fd668c4d3
11-26 14:13:34.249 21647 21736 I Adreno  : Build Date                       : 10/05/18
11-26 14:13:34.249 21647 21736 I Adreno  : OpenGL ES Shader Compiler Version: EV031.25.03.01
11-26 14:13:34.249 21647 21736 I Adreno  : Local Branch                     : 
11-26 14:13:34.249 21647 21736 I Adreno  : Remote Branch                    : refs/tags/AU_LINUX_ANDROID_LA.UM.7.2.R1.09.00.00.442.049
11-26 14:13:34.249 21647 21736 I Adreno  : Remote Branch                    : NONE
11-26 14:13:34.249 21647 21736 I Adreno  : Reconstruct Branch               : NOTHING
11-26 14:13:34.249 21647 21736 I Adreno  : Build Config                     : S L 6.0.7 AArch32
11-26 14:13:34.254 21647 21736 I Adreno  : PFP: 0x005ff112, ME: 0x005ff066
11-26 14:13:34.257 21647 21736 I ConfigStore: android::hardware::configstore::V1_0::ISurfaceFlingerConfigs::hasWideColorDisplay retrieved: 0
11-26 14:13:34.258 21647 21736 I ConfigStore: android::hardware::configstore::V1_0::ISurfaceFlingerConfigs::hasHDRDisplay retrieved: 0
11-26 14:13:34.258 21647 21736 I OpenGLRenderer: Initialized EGL, version 1.4
11-26 14:13:34.258 21647 21736 D OpenGLRenderer: Swap behavior 2
11-26 14:13:34.263 21647 21647 I Poster  :  surfaceCreated() called.
11-26 14:13:34.263 21647 21647 I Poster  : initPreview() called
11-26 14:13:34.279 21647 21657 W System  : A resource failed to call close. 
11-26 14:13:34.304 21647 21647 I Poster  :  surfaceChanged() called.
11-26 14:13:34.879 21647 21682 D Evaluation: 4 res for frame 6 received at 1574770414879
11-26 14:13:34.910 21647 21682 D Evaluation: 1 res for frame 7 received at 1574770414910
11-26 14:13:34.944 21647 21682 D Evaluation: 1 res for frame 8 received at 1574770414944
11-26 14:13:34.975 21647 21682 D Evaluation: 3 res for frame 9 received at 1574770414975
11-26 14:13:35.008 21647 21682 D Evaluation: 2 res for frame 10 received at 1574770415008
11-26 14:13:35.045 21647 21682 D Evaluation: 3 res for frame 11 received at 1574770415045
11-26 14:13:35.075 21647 21682 D Evaluation: 4 res for frame 12 received at 1574770415075
11-26 14:13:35.108 21647 21682 D Evaluation: 3 res for frame 13 received at 1574770415108
11-26 14:13:35.141 21647 21682 D Evaluation: 3 res for frame 14 received at 1574770415141
11-26 14:13:35.176 21647 21682 D Evaluation: 3 res for frame 15 received at 1574770415176
11-26 14:13:35.204 21647 21682 W System.err: java.net.SocketException: Message too long
11-26 14:13:35.205 21647 21682 W System.err: 	at sun.nio.ch.DatagramChannelImpl.send0(Native Method)
11-26 14:13:35.205 21647 21682 W System.err: 	at sun.nio.ch.DatagramChannelImpl.sendFromNativeBuffer(DatagramChannelImpl.java:573)
11-26 14:13:35.205 21647 21682 W System.err: 	at sun.nio.ch.DatagramChannelImpl.send(DatagramChannelImpl.java:550)
11-26 14:13:35.205 21647 21682 W System.err: 	at sun.nio.ch.DatagramChannelImpl.send(DatagramChannelImpl.java:514)
11-26 14:13:35.205 21647 21682 W System.err: 	at symlab.CloudAR.network.TransmissionTask.run(TransmissionTask.java:133)
11-26 14:13:35.205 21647 21682 W System.err: 	at android.os.Handler.handleCallback(Handler.java:874)
11-26 14:13:35.206 21647 21682 W System.err: 	at android.os.Handler.dispatchMessage(Handler.java:100)
11-26 14:13:35.206 21647 21682 W System.err: 	at android.os.Looper.loop(Looper.java:198)
11-26 14:13:35.206 21647 21682 W System.err: 	at android.os.HandlerThread.run(HandlerThread.java:65)
11-26 14:13:35.210 21647 21682 D Evaluation: 3 res for frame 16 received at 1574770415210
11-26 14:13:35.238 21647 21682 W System.err: java.net.SocketException: Message too long
11-26 14:13:35.239 21647 21682 W System.err: 	at sun.nio.ch.DatagramChannelImpl.send0(Native Method)
11-26 14:13:35.239 21647 21682 W System.err: 	at sun.nio.ch.DatagramChannelImpl.sendFromNativeBuffer(DatagramChannelImpl.java:573)
11-26 14:13:35.239 21647 21682 W System.err: 	at sun.nio.ch.DatagramChannelImpl.send(DatagramChannelImpl.java:550)
11-26 14:13:35.239 21647 21682 W System.err: 	at sun.nio.ch.DatagramChannelImpl.send(DatagramChannelImpl.java:514)
11-26 14:13:35.239 21647 21682 W System.err: 	at symlab.CloudAR.network.TransmissionTask.run(TransmissionTask.java:133)
11-26 14:13:35.239 21647 21682 W System.err: 	at android.os.Handler.handleCallback(Handler.java:874)
11-26 14:13:35.239 21647 21682 W System.err: 	at android.os.Handler.dispatchMessage(Handler.java:100)
11-26 14:13:35.239 21647 21682 W System.err: 	at android.os.Looper.loop(Looper.java:198)
11-26 14:13:35.239 21647 21682 W System.err: 	at android.os.HandlerThread.run(HandlerThread.java:65)
11-26 14:13:35.243 21647 21682 D Evaluation: 3 res for frame 17 received at 1574770415243
11-26 14:13:35.271 21647 21682 W System.err: java.net.SocketException: Message too long
11-26 14:13:35.271 21647 21682 W System.err: 	at sun.nio.ch.DatagramChannelImpl.send0(Native Method)
11-26 14:13:35.272 21647 21682 W System.err: 	at sun.nio.ch.DatagramChannelImpl.sendFromNativeBuffer(DatagramChannelImpl.java:573)
11-26 14:13:35.272 21647 21682 W System.err: 	at sun.nio.ch.DatagramChannelImpl.send(DatagramChannelImpl.java:550)
11-26 14:13:35.272 21647 21682 W System.err: 	at sun.nio.ch.DatagramChannelImpl.send(DatagramChannelImpl.java:514)
11-26 14:13:35.272 21647 21682 W System.err: 	at symlab.CloudAR.network.TransmissionTask.run(TransmissionTask.java:133)
11-26 14:13:35.272 21647 21682 W System.err: 	at android.os.Handler.handleCallback(Handler.java:874)
11-26 14:13:35.272 21647 21682 W System.err: 	at android.os.Handler.dispatchMessage(Handler.java:100)
11-26 14:13:35.272 21647 21682 W System.err: 	at android.os.Looper.loop(Looper.java:198)
11-26 14:13:35.272 21647 21682 W System.err: 	at android.os.HandlerThread.run(HandlerThread.java:65)
11-26 14:13:35.276 21647 21682 D Evaluation: 3 res for frame 18 received at 1574770415276
11-26 14:13:35.282 21647 21657 W System  : A resource failed to call close. 
11-26 14:13:35.284 21647 21657 I chatty  : uid=10203(symlab.cloudridar.arhud) FinalizerDaemon identical 28 lines
11-26 14:13:35.284 21647 21657 W System  : A resource failed to call close. 
11-26 14:13:35.407 21647 21682 D Evaluation: 4 res for frame 22 received at 1574770415407
11-26 14:13:35.442 21647 21682 D Evaluation: 3 res for frame 23 received at 1574770415442
11-26 14:13:35.476 21647 21682 D Evaluation: 4 res for frame 24 received at 1574770415476
11-26 14:13:35.508 21647 21682 D Evaluation: 2 res for frame 25 received at 1574770415508
11-26 14:13:35.542 21647 21682 D Evaluation: 2 res for frame 26 received at 1574770415542
11-26 14:13:35.575 21647 21682 D Evaluation: 2 res for frame 27 received at 1574770415575
11-26 14:13:35.607 21647 21682 D Evaluation: 1 res for frame 28 received at 1574770415607
11-26 14:13:35.642 21647 21682 D Evaluation: 2 res for frame 29 received at 1574770415642
11-26 14:13:35.674 21647 21682 D Evaluation: 0 res for frame 30 received at 1574770415674
11-26 14:13:35.709 21647 21682 D Evaluation: 0 res for frame 31 received at 1574770415709
11-26 14:13:35.740 21647 21682 D Evaluation: 0 res for frame 32 received at 1574770415740
11-26 14:13:35.774 21647 21682 D Evaluation: 0 res for frame 33 received at 1574770415774
11-26 14:13:35.806 21647 21682 D Evaluation: 0 res for frame 34 received at 1574770415805
11-26 14:13:35.840 21647 21682 D Evaluation: 0 res for frame 35 received at 1574770415839
11-26 14:13:35.878 21647 21682 D Evaluation: 0 res for frame 36 received at 1574770415878
11-26 14:13:35.906 21647 21682 D Evaluation: 0 res for frame 37 received at 1574770415906
11-26 14:13:35.947 21647 21682 D Evaluation: 0 res for frame 38 received at 1574770415947
11-26 14:13:35.980 21647 21682 D Evaluation: 0 res for frame 39 received at 1574770415980
11-26 14:13:36.010 21647 21682 D Evaluation: 0 res for frame 40 received at 1574770416010
11-26 14:13:36.049 21647 21682 D Evaluation: 0 res for frame 41 received at 1574770416049
11-26 14:13:36.085 21647 21682 D Evaluation: 0 res for frame 42 received at 1574770416085
11-26 14:13:36.114 21647 21682 D Evaluation: 0 res for frame 43 received at 1574770416114
11-26 14:13:36.176 21647 21682 D Evaluation: 0 res for frame 44 received at 1574770416176
11-26 14:13:36.199 21647 21682 D Evaluation: 0 res for frame 45 received at 1574770416199
11-26 14:13:36.212 21647 21657 W System  : A resource failed to call close. 
11-26 14:13:36.215 21647 21657 I chatty  : uid=10203(symlab.cloudridar.arhud) FinalizerDaemon identical 50 lines
11-26 14:13:36.215 21647 21657 W System  : A resource failed to call close. 
11-26 14:13:36.248 21647 21682 D Evaluation: 0 res for frame 46 received at 1574770416248
11-26 14:13:36.272 21647 21682 D Evaluation: 0 res for frame 47 received at 1574770416272
11-26 14:13:36.308 21647 21682 D Evaluation: 0 res for frame 48 received at 1574770416308
11-26 14:13:36.403 21647 21682 D Evaluation: 0 res for frame 49 received at 1574770416403
11-26 14:13:36.484 21647 21682 D Evaluation: 0 res for frame 50 received at 1574770416484
11-26 14:13:36.515 21647 21682 D Evaluation: 0 res for frame 51 received at 1574770416515
11-26 14:13:36.561 21647 21682 D Evaluation: 0 res for frame 52 received at 1574770416561
11-26 14:13:36.603 21647 21682 D Evaluation: 0 res for frame 53 received at 1574770416603
11-26 14:13:36.631 21647 21682 D Evaluation: 0 res for frame 54 received at 1574770416631
11-26 14:13:36.665 21647 21682 D Evaluation: 0 res for frame 55 received at 1574770416665
11-26 14:13:36.704 21647 21682 D Evaluation: 0 res for frame 56 received at 1574770416704
11-26 14:13:36.732 21647 21682 D Evaluation: 0 res for frame 57 received at 1574770416732
11-26 14:13:36.773 21647 21682 D Evaluation: 0 res for frame 58 received at 1574770416773
11-26 14:13:36.798 21647 21682 D Evaluation: 0 res for frame 59 received at 1574770416798
11-26 14:13:36.829 21647 21682 D Evaluation: 0 res for frame 60 received at 1574770416829
11-26 14:13:36.923 21647 21682 D Evaluation: 0 res for frame 61 received at 1574770416923
11-26 14:13:36.956 21647 21682 D Evaluation: 0 res for frame 62 received at 1574770416956
11-26 14:13:37.019 21647 21682 D Evaluation: 0 res for frame 63 received at 1574770417019
11-26 14:13:37.053 21647 21682 D Evaluation: 0 res for frame 65 received at 1574770417053
11-26 14:13:37.073 21647 21682 D Evaluation: 0 res for frame 65 received at 1574770417073
11-26 14:13:37.144 21647 21682 D Evaluation: 0 res for frame 67 received at 1574770417144
11-26 14:13:37.219 21647 21682 D Evaluation: 0 res for frame 68 received at 1574770417218
11-26 14:13:37.247 21647 21682 D Evaluation: 0 res for frame 68 received at 1574770417247
11-26 14:13:37.266 21647 21682 D Evaluation: 0 res for frame 69 received at 1574770417266
11-26 14:13:37.307 21647 21682 D Evaluation: 0 res for frame 71 received at 1574770417307
11-26 14:13:37.335 21647 21682 D Evaluation: 0 res for frame 72 received at 1574770417335
11-26 14:13:37.445 21647 21682 D Evaluation: 0 res for frame 72 received at 1574770417445
11-26 14:13:37.603 21647 21682 D Evaluation: 0 res for frame 73 received at 1574770417603
11-26 14:13:37.642 21647 21657 W System  : A resource failed to call close. 
11-26 14:13:37.644 21647 21657 I chatty  : uid=10203(symlab.cloudridar.arhud) FinalizerDaemon identical 32 lines
11-26 14:13:37.644 21647 21657 W System  : A resource failed to call close. 
11-26 14:13:37.644 21647 21657 W System  : A resource failed to call close. 
11-26 14:13:37.644 21647 21657 I chatty  : uid=10203(symlab.cloudridar.arhud) FinalizerDaemon identical 1 line
11-26 14:13:37.644 21647 21657 W System  : A resource failed to call close. 
11-26 14:13:37.645 21647 21682 D Evaluation: 0 res for frame 74 received at 1574770417645
11-26 14:13:37.647 21647 21657 W System  : A resource failed to call close. 
11-26 14:13:37.651 21647 21657 I chatty  : uid=10203(symlab.cloudridar.arhud) FinalizerDaemon identical 17 lines
11-26 14:13:37.651 21647 21657 W System  : A resource failed to call close. 
11-26 14:13:37.665 21647 21682 D Evaluation: 0 res for frame 75 received at 1574770417665
11-26 14:13:37.684 21647 21682 D Evaluation: 0 res for frame 77 received at 1574770417684
11-26 14:13:37.704 21647 21682 D Evaluation: 0 res for frame 79 received at 1574770417704
11-26 14:13:37.724 21647 21682 D Evaluation: 0 res for frame 79 received at 1574770417724
11-26 14:13:37.809 21647 21682 D Evaluation: 0 res for frame 80 received at 1574770417809
11-26 14:13:37.834 21647 21682 D Evaluation: 0 res for frame 80 received at 1574770417834
11-26 14:13:37.865 21647 21682 D Evaluation: 0 res for frame 81 received at 1574770417865
11-26 14:13:37.913 21647 21682 D Evaluation: 0 res for frame 82 received at 1574770417913
11-26 14:13:37.937 21647 21682 D Evaluation: 0 res for frame 83 received at 1574770417937
11-26 14:13:37.964 21647 21682 D Evaluation: 0 res for frame 84 received at 1574770417964
11-26 14:13:38.000 21647 21682 D Evaluation: 0 res for frame 85 received at 1574770418000
11-26 14:13:38.038 21647 21682 D Evaluation: 0 res for frame 86 received at 1574770418038
11-26 14:13:38.072 21647 21682 D Evaluation: 0 res for frame 87 received at 1574770418072
11-26 14:13:38.135 21647 21682 D Evaluation: 0 res for frame 88 received at 1574770418135
11-26 14:13:38.292 21647 21682 D Evaluation: 0 res for frame 89 received at 1574770418292
11-26 14:13:38.357 21647 21682 D Evaluation: 0 res for frame 90 received at 1574770418357
11-26 14:13:38.385 21647 21682 D Evaluation: 0 res for frame 91 received at 1574770418385
11-26 14:13:38.406 21647 21682 D Evaluation: 0 res for frame 92 received at 1574770418406
11-26 14:13:38.487 21647 21682 D Evaluation: 0 res for frame 94 received at 1574770418487
11-26 14:13:38.523 21647 21682 D Evaluation: 0 res for frame 95 received at 1574770418523
11-26 14:13:38.627 21647 21682 D Evaluation: 0 res for frame 95 received at 1574770418627
11-26 14:13:38.681 21647 21682 D Evaluation: 0 res for frame 96 received at 1574770418681
11-26 14:13:38.717 21647 21682 D Evaluation: 0 res for frame 97 received at 1574770418717
11-26 14:13:38.756 21647 21682 D Evaluation: 0 res for frame 98 received at 1574770418756
11-26 14:13:38.828 21647 21682 D Evaluation: 0 res for frame 99 received at 1574770418828
11-26 14:13:38.870 21647 21682 D Evaluation: 0 res for frame 100 received at 1574770418870
11-26 14:13:38.882 21647 21657 W System  : A resource failed to call close. 
11-26 14:13:38.885 21647 21657 I chatty  : uid=10203(symlab.cloudridar.arhud) FinalizerDaemon identical 50 lines
11-26 14:13:38.885 21647 21657 W System  : A resource failed to call close. 
11-26 14:13:38.892 21647 21682 D Evaluation: 0 res for frame 101 received at 1574770418892
11-26 14:13:38.919 21647 21682 D Evaluation: 0 res for frame 102 received at 1574770418919
11-26 14:13:38.961 21647 21682 D Evaluation: 0 res for frame 103 received at 1574770418961
11-26 14:13:38.992 21647 21682 D Evaluation: 0 res for frame 104 received at 1574770418992
11-26 14:13:39.022 21647 21682 D Evaluation: 0 res for frame 105 received at 1574770419022
11-26 14:13:39.062 21647 21682 D Evaluation: 0 res for frame 106 received at 1574770419062
11-26 14:13:39.095 21647 21682 D Evaluation: 0 res for frame 107 received at 1574770419095
11-26 14:13:39.131 21647 21682 D Evaluation: 0 res for frame 108 received at 1574770419131
11-26 14:13:39.160 21647 21682 D Evaluation: 0 res for frame 109 received at 1574770419160
11-26 14:13:39.190 21647 21682 D Evaluation: 0 res for frame 110 received at 1574770419190
11-26 14:13:39.220 21647 21682 D Evaluation: 0 res for frame 111 received at 1574770419220
11-26 14:13:39.253 21647 21682 D Evaluation: 0 res for frame 112 received at 1574770419253
11-26 14:13:39.287 21647 21682 D Evaluation: 0 res for frame 113 received at 1574770419287
11-26 14:13:39.319 21647 21682 D Evaluation: 0 res for frame 114 received at 1574770419319
11-26 14:13:39.365 21647 21682 D Evaluation: 0 res for frame 115 received at 1574770419365
11-26 14:13:39.395 21647 21682 D Evaluation: 0 res for frame 116 received at 1574770419395
11-26 14:13:39.429 21647 21682 D Evaluation: 0 res for frame 117 received at 1574770419429
11-26 14:13:39.463 21647 21682 D Evaluation: 0 res for frame 118 received at 1574770419463
11-26 14:13:39.490 21647 21682 D Evaluation: 1 res for frame 119 received at 1574770419490
11-26 14:13:39.532 21647 21682 D Evaluation: 0 res for frame 120 received at 1574770419531
11-26 14:13:39.569 21647 21682 D Evaluation: 0 res for frame 121 received at 1574770419569
11-26 14:13:39.605 21647 21682 D Evaluation: 0 res for frame 122 received at 1574770419605
11-26 14:13:39.625 21647 21682 D Evaluation: 1 res for frame 123 received at 1574770419625
11-26 14:13:39.651 21647 21682 D Evaluation: 0 res for frame 124 received at 1574770419651
11-26 14:13:39.688 21647 21682 D Evaluation: 0 res for frame 126 received at 1574770419688
