11-26 13:20:14.075 19102 19139 W System.err: 	at sun.nio.ch.DatagramChannelImpl.send0(Native Method)
11-26 13:20:14.075 19102 19139 W System.err: 	at sun.nio.ch.DatagramChannelImpl.sendFromNativeBuffer(DatagramChannelImpl.java:573)
11-26 13:20:14.075 19102 19139 W System.err: 	at sun.nio.ch.DatagramChannelImpl.send(DatagramChannelImpl.java:550)
11-26 13:20:14.075 19102 19139 W System.err: 	at sun.nio.ch.DatagramChannelImpl.send(DatagramChannelImpl.java:514)
11-26 13:20:14.075 19102 19139 W System.err: 	at symlab.CloudAR.network.TransmissionTask.run(TransmissionTask.java:133)
11-26 13:20:14.075 19102 19139 W System.err: 	at android.os.Handler.handleCallback(Handler.java:874)
11-26 13:20:14.075 19102 19139 W System.err: 	at android.os.Handler.dispatchMessage(Handler.java:100)
11-26 13:20:14.075 19102 19139 W System.err: 	at android.os.Looper.loop(Looper.java:198)
11-26 13:20:14.075 19102 19139 W System.err: 	at android.os.HandlerThread.run(HandlerThread.java:65)
11-26 13:20:14.105 19102 19139 W System.err: java.net.SocketException: Message too long
11-26 13:20:14.105 19102 19139 W System.err: 	at sun.nio.ch.DatagramChannelImpl.send0(Native Method)
11-26 13:20:14.105 19102 19139 W System.err: 	at sun.nio.ch.DatagramChannelImpl.sendFromNativeBuffer(DatagramChannelImpl.java:573)
11-26 13:20:14.105 19102 19139 W System.err: 	at sun.nio.ch.DatagramChannelImpl.send(DatagramChannelImpl.java:550)
11-26 13:20:14.105 19102 19139 W System.err: 	at sun.nio.ch.DatagramChannelImpl.send(DatagramChannelImpl.java:514)
11-26 13:20:14.105 19102 19139 W System.err: 	at symlab.CloudAR.network.TransmissionTask.run(TransmissionTask.java:133)
11-26 13:20:14.105 19102 19139 W System.err: 	at android.os.Handler.handleCallback(Handler.java:874)
11-26 13:20:14.105 19102 19139 W System.err: 	at android.os.Handler.dispatchMessage(Handler.java:100)
11-26 13:20:14.105 19102 19139 W System.err: 	at android.os.Looper.loop(Looper.java:198)
11-26 13:20:14.105 19102 19139 W System.err: 	at android.os.HandlerThread.run(HandlerThread.java:65)
11-26 13:20:14.141 19102 19139 W System.err: java.net.SocketException: Message too long
11-26 13:20:14.141 19102 19139 W System.err: 	at sun.nio.ch.DatagramChannelImpl.send0(Native Method)
11-26 13:20:14.141 19102 19139 W System.err: 	at sun.nio.ch.DatagramChannelImpl.sendFromNativeBuffer(DatagramChannelImpl.java:573)
11-26 13:20:14.141 19102 19139 W System.err: 	at sun.nio.ch.DatagramChannelImpl.send(DatagramChannelImpl.java:550)
11-26 13:20:14.141 19102 19139 W System.err: 	at sun.nio.ch.DatagramChannelImpl.send(DatagramChannelImpl.java:514)
11-26 13:20:14.141 19102 19139 W System.err: 	at symlab.CloudAR.network.TransmissionTask.run(TransmissionTask.java:133)
11-26 13:20:14.141 19102 19139 W System.err: 	at android.os.Handler.handleCallback(Handler.java:874)
11-26 13:20:14.141 19102 19139 W System.err: 	at android.os.Handler.dispatchMessage(Handler.java:100)
11-26 13:20:14.141 19102 19139 W System.err: 	at android.os.Looper.loop(Looper.java:198)
11-26 13:20:14.141 19102 19139 W System.err: 	at android.os.HandlerThread.run(HandlerThread.java:65)
11-26 13:20:14.165 19102 19139 W System.err: java.net.SocketException: Message too long
11-26 13:20:14.165 19102 19139 W System.err: 	at sun.nio.ch.DatagramChannelImpl.send0(Native Method)
11-26 13:20:14.165 19102 19139 W System.err: 	at sun.nio.ch.DatagramChannelImpl.sendFromNativeBuffer(DatagramChannelImpl.java:573)
11-26 13:20:14.165 19102 19139 W System.err: 	at sun.nio.ch.DatagramChannelImpl.send(DatagramChannelImpl.java:550)
11-26 13:20:14.165 19102 19139 W System.err: 	at sun.nio.ch.DatagramChannelImpl.send(DatagramChannelImpl.java:514)
11-26 13:20:14.165 19102 19139 W System.err: 	at symlab.CloudAR.network.TransmissionTask.run(TransmissionTask.java:133)
11-26 13:20:14.165 19102 19139 W System.err: 	at android.os.Handler.handleCallback(Handler.java:874)
11-26 13:20:14.165 19102 19139 W System.err: 	at android.os.Handler.dispatchMessage(Handler.java:100)
11-26 13:20:14.165 19102 19139 W System.err: 	at android.os.Looper.loop(Looper.java:198)
11-26 13:20:14.165 19102 19139 W System.err: 	at android.os.HandlerThread.run(HandlerThread.java:65)
11-26 13:20:14.254 19102 19139 W System.err: java.net.SocketException: Message too long
11-26 13:20:14.255 19102 19139 W System.err: 	at sun.nio.ch.DatagramChannelImpl.send0(Native Method)
11-26 13:20:14.255 19102 19139 W System.err: 	at sun.nio.ch.DatagramChannelImpl.sendFromNativeBuffer(DatagramChannelImpl.java:573)
11-26 13:20:14.255 19102 19139 W System.err: 	at sun.nio.ch.DatagramChannelImpl.send(DatagramChannelImpl.java:550)
11-26 13:20:14.255 19102 19139 W System.err: 	at sun.nio.ch.DatagramChannelImpl.send(DatagramChannelImpl.java:514)
11-26 13:20:14.255 19102 19139 W System.err: 	at symlab.CloudAR.network.TransmissionTask.run(TransmissionTask.java:133)
11-26 13:20:14.255 19102 19139 W System.err: 	at android.os.Handler.handleCallback(Handler.java:874)
11-26 13:20:14.255 19102 19139 W System.err: 	at android.os.Handler.dispatchMessage(Handler.java:100)
11-26 13:20:14.255 19102 19139 W System.err: 	at android.os.Looper.loop(Looper.java:198)
11-26 13:20:14.255 19102 19139 W System.err: 	at android.os.HandlerThread.run(HandlerThread.java:65)
11-26 13:20:14.399 19102 19139 W System.err: java.net.SocketException: Message too long
11-26 13:20:14.399 19102 19139 W System.err: 	at sun.nio.ch.DatagramChannelImpl.send0(Native Method)
11-26 13:20:14.399 19102 19139 W System.err: 	at sun.nio.ch.DatagramChannelImpl.sendFromNativeBuffer(DatagramChannelImpl.java:573)
11-26 13:20:14.399 19102 19139 W System.err: 	at sun.nio.ch.DatagramChannelImpl.send(DatagramChannelImpl.java:550)
11-26 13:20:14.399 19102 19139 W System.err: 	at sun.nio.ch.DatagramChannelImpl.send(DatagramChannelImpl.java:514)
11-26 13:20:14.399 19102 19139 W System.err: 	at symlab.CloudAR.network.TransmissionTask.run(TransmissionTask.java:133)
11-26 13:20:14.399 19102 19139 W System.err: 	at android.os.Handler.handleCallback(Handler.java:874)
11-26 13:20:14.399 19102 19139 W System.err: 	at android.os.Handler.dispatchMessage(Handler.java:100)
11-26 13:20:14.399 19102 19139 W System.err: 	at android.os.Looper.loop(Looper.java:198)
11-26 13:20:14.399 19102 19139 W System.err: 	at android.os.HandlerThread.run(HandlerThread.java:65)
11-26 13:20:14.444 19102 19139 W System.err: java.net.SocketException: Message too long
11-26 13:20:14.444 19102 19139 W System.err: 	at sun.nio.ch.DatagramChannelImpl.send0(Native Method)
11-26 13:20:14.444 19102 19139 W System.err: 	at sun.nio.ch.DatagramChannelImpl.sendFromNativeBuffer(DatagramChannelImpl.java:573)
11-26 13:20:14.444 19102 19139 W System.err: 	at sun.nio.ch.DatagramChannelImpl.send(DatagramChannelImpl.java:550)
11-26 13:20:14.444 19102 19139 W System.err: 	at sun.nio.ch.DatagramChannelImpl.send(DatagramChannelImpl.java:514)
11-26 13:20:14.444 19102 19139 W System.err: 	at symlab.CloudAR.network.TransmissionTask.run(TransmissionTask.java:133)
11-26 13:20:14.444 19102 19139 W System.err: 	at android.os.Handler.handleCallback(Handler.java:874)
11-26 13:20:14.444 19102 19139 W System.err: 	at android.os.Handler.dispatchMessage(Handler.java:100)
11-26 13:20:14.444 19102 19139 W System.err: 	at android.os.Looper.loop(Looper.java:198)
11-26 13:20:14.444 19102 19139 W System.err: 	at android.os.HandlerThread.run(HandlerThread.java:65)
11-26 13:20:14.475 19102 19139 W System.err: java.net.SocketException: Message too long
11-26 13:20:14.475 19102 19139 W System.err: 	at sun.nio.ch.DatagramChannelImpl.send0(Native Method)
11-26 13:20:14.475 19102 19139 W System.err: 	at sun.nio.ch.DatagramChannelImpl.sendFromNativeBuffer(DatagramChannelImpl.java:573)
11-26 13:20:14.475 19102 19139 W System.err: 	at sun.nio.ch.DatagramChannelImpl.send(DatagramChannelImpl.java:550)
11-26 13:20:14.475 19102 19139 W System.err: 	at sun.nio.ch.DatagramChannelImpl.send(DatagramChannelImpl.java:514)
11-26 13:20:14.475 19102 19139 W System.err: 	at symlab.CloudAR.network.TransmissionTask.run(TransmissionTask.java:133)
11-26 13:20:14.475 19102 19139 W System.err: 	at android.os.Handler.handleCallback(Handler.java:874)
11-26 13:20:14.475 19102 19139 W System.err: 	at android.os.Handler.dispatchMessage(Handler.java:100)
11-26 13:20:14.475 19102 19139 W System.err: 	at android.os.Looper.loop(Looper.java:198)
11-26 13:20:14.475 19102 19139 W System.err: 	at android.os.HandlerThread.run(HandlerThread.java:65)
11-26 13:20:14.610 19102 19139 D Evaluation: 3 res for frame 562 received at 1574767214610
11-26 13:20:14.617 19102 19115 W System  : A resource failed to call close. 
11-26 13:20:14.618 19102 19115 I chatty  : uid=10203(symlab.cloudridar.arhud) FinalizerDaemon identical 1 line
11-26 13:20:14.618 19102 19115 W System  : A resource failed to call close. 
11-26 13:20:14.618 19102 19115 W System  : A resource failed to call close. 
11-26 13:20:14.618 19102 19115 W System  : A resource failed to call close. 
11-26 13:20:14.719 19102 19139 D Evaluation: 3 res for frame 563 received at 1574767214719
11-26 13:20:14.784 19102 19139 D Evaluation: 3 res for frame 564 received at 1574767214784
11-26 13:20:14.822 19102 19139 D Evaluation: 2 res for frame 564 received at 1574767214822
11-26 13:20:14.847 19102 19139 D Evaluation: 4 res for frame 565 received at 1574767214847
11-26 13:20:14.903 19102 19139 D Evaluation: 2 res for frame 566 received at 1574767214903
11-26 13:20:14.927 19102 19139 D Evaluation: 1 res for frame 568 received at 1574767214927
11-26 13:20:15.011 19102 19139 D Evaluation: 1 res for frame 569 received at 1574767215011
11-26 13:20:15.061 19102 19139 D Evaluation: 1 res for frame 569 received at 1574767215061
11-26 13:20:15.100 19102 19139 D Evaluation: 2 res for frame 570 received at 1574767215100
11-26 13:20:15.131 19102 19139 D Evaluation: 2 res for frame 571 received at 1574767215131
11-26 13:20:15.162 19102 19139 D Evaluation: 4 res for frame 572 received at 1574767215162
11-26 13:20:15.187 19102 19139 D Evaluation: 1 res for frame 574 received at 1574767215187
11-26 13:20:15.210 19102 19139 D Evaluation: 3 res for frame 575 received at 1574767215210
11-26 13:20:15.324 19102 19139 D Evaluation: 5 res for frame 576 received at 1574767215324
11-26 13:20:15.355 19102 19139 D Evaluation: 5 res for frame 577 received at 1574767215355
11-26 13:20:15.382 19102 19139 D Evaluation: 5 res for frame 578 received at 1574767215382
11-26 13:20:15.408 19102 19139 D Evaluation: 5 res for frame 578 received at 1574767215408
11-26 13:20:15.432 19102 19139 D Evaluation: 5 res for frame 580 received at 1574767215432
11-26 13:20:15.472 19102 19139 D Evaluation: 5 res for frame 581 received at 1574767215472
11-26 13:20:15.508 19102 19139 D Evaluation: 5 res for frame 582 received at 1574767215508
11-26 13:20:15.535 19102 19139 D Evaluation: 5 res for frame 583 received at 1574767215535
11-26 13:20:15.572 19102 19139 D Evaluation: 4 res for frame 583 received at 1574767215572
11-26 13:20:15.579 19102 19115 W System  : A resource failed to call close. 
11-26 13:20:15.580 19102 19115 W System  : A resource failed to call close. 
11-26 13:20:15.580 19102 19115 I chatty  : uid=10203(symlab.cloudridar.arhud) FinalizerDaemon identical 1 line
11-26 13:20:15.580 19102 19115 W System  : A resource failed to call close. 
11-26 13:20:15.580 19102 19115 W System  : A resource failed to call close. 
11-26 13:20:15.580 19102 19115 I chatty  : uid=10203(symlab.cloudridar.arhud) FinalizerDaemon identical 2 lines
11-26 13:20:15.580 19102 19115 W System  : A resource failed to call close. 
11-26 13:20:15.580 19102 19115 W System  : A resource failed to call close. 
11-26 13:20:15.580 19102 19115 I chatty  : uid=10203(symlab.cloudridar.arhud) FinalizerDaemon identical 7 lines
11-26 13:20:15.580 19102 19115 W System  : A resource failed to call close. 
11-26 13:20:15.581 19102 19115 W System  : A resource failed to call close. 
11-26 13:20:15.581 19102 19115 W System  : A resource failed to call close. 
11-26 13:20:15.581 19102 19115 W System  : A resource failed to call close. 
11-26 13:20:15.581 19102 19115 W System  : A resource failed to call close. 
11-26 13:20:15.581 19102 19115 W System  : A resource failed to call close. 
11-26 13:20:15.581 19102 19115 W System  : A resource failed to call close. 
11-26 13:20:15.581 19102 19115 I chatty  : uid=10203(symlab.cloudridar.arhud) FinalizerDaemon identical 12 lines
11-26 13:20:15.582 19102 19115 W System  : A resource failed to call close. 
11-26 13:20:15.582 19102 19115 W System  : A resource failed to call close. 
11-26 13:20:15.582 19102 19115 I chatty  : uid=10203(symlab.cloudridar.arhud) FinalizerDaemon identical 6 lines
11-26 13:20:15.582 19102 19115 W System  : A resource failed to call close. 
11-26 13:20:15.610 19102 19139 D Evaluation: 5 res for frame 584 received at 1574767215610
11-26 13:20:15.738 19102 19139 D Evaluation: 3 res for frame 585 received at 1574767215738
11-26 13:20:15.767 19102 19139 D Evaluation: 5 res for frame 586 received at 1574767215767
11-26 13:20:15.800 19102 19139 D Evaluation: 5 res for frame 587 received at 1574767215799
11-26 13:20:15.859 19102 19139 D Evaluation: 5 res for frame 588 received at 1574767215859
11-26 13:20:15.898 19102 19139 D Evaluation: 5 res for frame 589 received at 1574767215898
11-26 13:20:15.932 19102 19139 D Evaluation: 5 res for frame 590 received at 1574767215932
11-26 13:20:15.959 19102 19139 D Evaluation: 4 res for frame 591 received at 1574767215959
11-26 13:20:15.984 19102 19139 D Evaluation: 5 res for frame 593 received at 1574767215984
11-26 13:20:16.007 19102 19139 D Evaluation: 5 res for frame 594 received at 1574767216007
11-26 13:20:16.125 19102 19139 D Evaluation: 4 res for frame 595 received at 1574767216124
11-26 13:20:16.159 19102 19139 D Evaluation: 4 res for frame 596 received at 1574767216159
11-26 13:20:16.184 19102 19139 D Evaluation: 4 res for frame 597 received at 1574767216184
11-26 13:20:16.208 19102 19139 D Evaluation: 5 res for frame 597 received at 1574767216208
11-26 13:20:16.230 19102 19139 D Evaluation: 5 res for frame 599 received at 1574767216230
11-26 13:20:16.313 19102 19139 D Evaluation: 5 res for frame 600 received at 1574767216313
11-26 13:20:16.371 19102 19139 D Evaluation: 4 res for frame 600 received at 1574767216370
11-26 13:20:16.397 19102 19139 D Evaluation: 2 res for frame 602 received at 1574767216397
11-26 13:20:16.444 19102 19139 D Evaluation: 4 res for frame 602 received at 1574767216444
11-26 13:20:16.546 19102 19139 D Evaluation: 4 res for frame 603 received at 1574767216546
11-26 13:20:16.560 19102 19115 W System  : A resource failed to call close. 
11-26 13:20:16.560 19102 19115 I chatty  : uid=10203(symlab.cloudridar.arhud) FinalizerDaemon identical 1 line
11-26 13:20:16.561 19102 19115 W System  : A resource failed to call close. 
11-26 13:20:16.561 19102 19115 W System  : A resource failed to call close. 
11-26 13:20:16.561 19102 19115 W System  : A resource failed to call close. 
11-26 13:20:16.561 19102 19115 W System  : A resource failed to call close. 
11-26 13:20:16.561 19102 19115 W System  : A resource failed to call close. 
11-26 13:20:16.561 19102 19115 W System  : A resource failed to call close. 
11-26 13:20:16.561 19102 19115 I chatty  : uid=10203(symlab.cloudridar.arhud) FinalizerDaemon identical 5 lines
11-26 13:20:16.561 19102 19115 W System  : A resource failed to call close. 
11-26 13:20:16.561 19102 19115 W System  : A resource failed to call close. 
11-26 13:20:16.562 19102 19115 W System  : A resource failed to call close. 
11-26 13:20:16.562 19102 19115 I chatty  : uid=10203(symlab.cloudridar.arhud) FinalizerDaemon identical 7 lines
11-26 13:20:16.562 19102 19115 W System  : A resource failed to call close. 
11-26 13:20:16.564 19102 19115 W System  : A resource failed to call close. 
11-26 13:20:16.564 19102 19115 I chatty  : uid=10203(symlab.cloudridar.arhud) FinalizerDaemon identical 6 lines
11-26 13:20:16.564 19102 19115 W System  : A resource failed to call close. 
11-26 13:20:16.564 19102 19115 W System  : A resource failed to call close. 
11-26 13:20:16.566 19102 19115 I chatty  : uid=10203(symlab.cloudridar.arhud) FinalizerDaemon identical 6 lines
11-26 13:20:16.566 19102 19115 W System  : A resource failed to call close. 
11-26 13:20:16.579 19102 19139 D Evaluation: 5 res for frame 604 received at 1574767216579
11-26 13:20:16.604 19102 19139 D Evaluation: 5 res for frame 605 received at 1574767216604
11-26 13:20:16.663 19102 19139 D Evaluation: 5 res for frame 606 received at 1574767216663
11-26 13:20:16.827 19102 19139 D Evaluation: 5 res for frame 608 received at 1574767216827
11-26 13:20:16.883 19102 19139 D Evaluation: 5 res for frame 609 received at 1574767216883
11-26 13:20:16.924 19102 19139 D Evaluation: 5 res for frame 609 received at 1574767216924
11-26 13:20:16.955 19102 19139 D Evaluation: 5 res for frame 610 received at 1574767216955
11-26 13:20:16.985 19102 19139 D Evaluation: 3 res for frame 613 received at 1574767216985
11-26 13:20:17.092 19102 19139 D Evaluation: 5 res for frame 615 received at 1574767217092
11-26 13:20:17.125 19102 19139 D Evaluation: 5 res for frame 615 received at 1574767217125
11-26 13:20:17.154 19102 19139 D Evaluation: 5 res for frame 615 received at 1574767217154
11-26 13:20:17.180 19102 19139 D Evaluation: 5 res for frame 615 received at 1574767217180
11-26 13:20:17.203 19102 19139 D Evaluation: 5 res for frame 617 received at 1574767217203
11-26 13:20:17.226 19102 19139 D Evaluation: 5 res for frame 618 received at 1574767217226
11-26 13:20:17.275 19102 19139 D Evaluation: 5 res for frame 619 received at 1574767217275
11-26 13:20:17.301 19102 19139 D Evaluation: 5 res for frame 620 received at 1574767217301
11-26 13:20:17.345 19102 19139 D Evaluation: 5 res for frame 621 received at 1574767217345
11-26 13:20:17.373 19102 19139 D Evaluation: 5 res for frame 621 received at 1574767217372
11-26 13:20:17.398 19102 19139 D Evaluation: 5 res for frame 622 received at 1574767217398
11-26 13:20:17.407 19102 19115 W System  : A resource failed to call close. 
11-26 13:20:17.407 19102 19115 W System  : A resource failed to call close. 
11-26 13:20:17.407 19102 19115 W System  : A resource failed to call close. 
11-26 13:20:17.407 19102 19115 I chatty  : uid=10203(symlab.cloudridar.arhud) FinalizerDaemon identical 2 lines
11-26 13:20:17.407 19102 19115 W System  : A resource failed to call close. 
11-26 13:20:17.407 19102 19115 W System  : A resource failed to call close. 
11-26 13:20:17.407 19102 19115 W System  : A resource failed to call close. 
11-26 13:20:17.407 19102 19115 W System  : A resource failed to call close. 
11-26 13:20:17.408 19102 19115 W System  : A resource failed to call close. 
11-26 13:20:17.408 19102 19115 W System  : A resource failed to call close. 
11-26 13:20:17.408 19102 19115 W System  : A resource failed to call close. 
11-26 13:20:17.408 19102 19115 W System  : A resource failed to call close. 
11-26 13:20:17.408 19102 19115 W System  : A resource failed to call close. 
11-26 13:20:17.408 19102 19115 W System  : A resource failed to call close. 
11-26 13:20:17.409 19102 19115 I chatty  : uid=10203(symlab.cloudridar.arhud) FinalizerDaemon identical 23 lines
11-26 13:20:17.409 19102 19115 W System  : A resource failed to call close. 
11-26 13:20:17.491 19102 19139 D Evaluation: 5 res for frame 623 received at 1574767217491
11-26 13:20:17.529 19102 19139 D Evaluation: 5 res for frame 625 received at 1574767217529
11-26 13:20:17.561 19102 19139 D Evaluation: 5 res for frame 625 received at 1574767217561
11-26 13:20:17.589 19102 19139 D Evaluation: 5 res for frame 626 received at 1574767217589
11-26 13:20:17.613 19102 19139 D Evaluation: 5 res for frame 628 received at 1574767217613
11-26 13:20:17.665 19102 19139 D Evaluation: 5 res for frame 629 received at 1574767217665
11-26 13:20:17.694 19102 19139 D Evaluation: 5 res for frame 630 received at 1574767217694
11-26 13:20:17.723 19102 19139 D Evaluation: 5 res for frame 631 received at 1574767217723
11-26 13:20:17.774 19102 19139 D Evaluation: 5 res for frame 631 received at 1574767217774
11-26 13:20:17.807 19102 19139 D Evaluation: 5 res for frame 632 received at 1574767217807
11-26 13:20:17.833 19102 19139 D Evaluation: 4 res for frame 633 received at 1574767217833
11-26 13:20:17.870 19102 19139 D Evaluation: 5 res for frame 634 received at 1574767217870
11-26 13:20:17.895 19102 19139 D Evaluation: 5 res for frame 635 received at 1574767217895
11-26 13:20:17.924 19102 19139 D Evaluation: 5 res for frame 636 received at 1574767217924
11-26 13:20:18.065 19102 19139 D Evaluation: 5 res for frame 637 received at 1574767218065
11-26 13:20:18.110 19102 19139 D Evaluation: 5 res for frame 639 received at 1574767218110
11-26 13:20:18.143 19102 19139 D Evaluation: 5 res for frame 639 received at 1574767218143
11-26 13:20:18.171 19102 19139 D Evaluation: 5 res for frame 640 received at 1574767218171
11-26 13:20:18.196 19102 19139 D Evaluation: 4 res for frame 641 received at 1574767218195
11-26 13:20:18.220 19102 19115 W System  : A resource failed to call close. 
11-26 13:20:18.220 19102 19115 W System  : A resource failed to call close. 
11-26 13:20:18.220 19102 19115 W System  : A resource failed to call close. 
11-26 13:20:18.220 19102 19115 I chatty  : uid=10203(symlab.cloudridar.arhud) FinalizerDaemon identical 1 line
11-26 13:20:18.220 19102 19115 W System  : A resource failed to call close. 
11-26 13:20:18.220 19102 19115 W System  : A resource failed to call close. 
11-26 13:20:18.220 19102 19115 W System  : A resource failed to call close. 
11-26 13:20:18.220 19102 19115 W System  : A resource failed to call close. 
11-26 13:20:18.220 19102 19115 W System  : A resource failed to call close. 
11-26 13:20:18.220 19102 19115 W System  : A resource failed to call close. 
11-26 13:20:18.221 19102 19115 I chatty  : uid=10203(symlab.cloudridar.arhud) FinalizerDaemon identical 2 lines
11-26 13:20:18.221 19102 19115 W System  : A resource failed to call close. 
11-26 13:20:18.221 19102 19115 W System  : A resource failed to call close. 
11-26 13:20:18.222 19102 19115 I chatty  : uid=10203(symlab.cloudridar.arhud) FinalizerDaemon identical 24 lines
11-26 13:20:18.222 19102 19115 W System  : A resource failed to call close. 
11-26 13:20:18.231 19102 19139 D Evaluation: 5 res for frame 643 received at 1574767218231
11-26 13:20:18.266 19102 19139 D Evaluation: 5 res for frame 644 received at 1574767218265
11-26 13:20:18.291 19102 19139 D Evaluation: 5 res for frame 645 received at 1574767218291
11-26 13:20:18.327 19102 19139 D Evaluation: 3 res for frame 645 received at 1574767218327
11-26 13:20:18.363 19102 19139 D Evaluation: 5 res for frame 646 received at 1574767218363
11-26 13:20:18.411 19102 19139 D Evaluation: 2 res for frame 647 received at 1574767218411
11-26 13:20:18.442 19102 19139 D Evaluation: 3 res for frame 648 received at 1574767218442
11-26 13:20:18.467 19102 19139 D Evaluation: 3 res for frame 649 received at 1574767218467
11-26 13:20:18.513 19102 19139 D Evaluation: 4 res for frame 650 received at 1574767218513
11-26 13:20:18.540 19102 19139 D Evaluation: 3 res for frame 652 received at 1574767218539
11-26 13:20:18.619 19102 19139 D Evaluation: 4 res for frame 652 received at 1574767218619
11-26 13:20:18.681 19102 19139 D Evaluation: 2 res for frame 653 received at 1574767218681
11-26 13:20:18.755 19102 19139 D Evaluation: 4 res for frame 654 received at 1574767218755
11-26 13:20:18.809 19102 19139 D Evaluation: 5 res for frame 655 received at 1574767218809
11-26 13:20:18.836 19102 19139 D Evaluation: 2 res for frame 656 received at 1574767218836
11-26 13:20:18.862 19102 19139 D Evaluation: 3 res for frame 657 received at 1574767218862
11-26 13:20:18.948 19102 19139 D Evaluation: 4 res for frame 658 received at 1574767218948
11-26 13:20:18.982 19102 19139 D Evaluation: 3 res for frame 659 received at 1574767218982
11-26 13:20:19.061 19102 19139 D Evaluation: 2 res for frame 661 received at 1574767219061
11-26 13:20:19.087 19102 19139 D Evaluation: 2 res for frame 661 received at 1574767219087
11-26 13:20:19.095 19102 19115 W System  : A resource failed to call close. 
11-26 13:20:19.095 19102 19115 I chatty  : uid=10203(symlab.cloudridar.arhud) FinalizerDaemon identical 1 line
11-26 13:20:19.095 19102 19115 W System  : A resource failed to call close. 
11-26 13:20:19.095 19102 19115 W System  : A resource failed to call close. 
11-26 13:20:19.095 19102 19115 I chatty  : uid=10203(symlab.cloudridar.arhud) FinalizerDaemon identical 2 lines
11-26 13:20:19.095 19102 19115 W System  : A resource failed to call close. 
11-26 13:20:19.095 19102 19115 W System  : A resource failed to call close. 
11-26 13:20:19.095 19102 19115 W System  : A resource failed to call close. 
11-26 13:20:19.095 19102 19115 W System  : A resource failed to call close. 
11-26 13:20:19.095 19102 19115 W System  : A resource failed to call close. 
11-26 13:20:19.095 19102 19115 W System  : A resource failed to call close. 
11-26 13:20:19.097 19102 19115 I chatty  : uid=10203(symlab.cloudridar.arhud) FinalizerDaemon identical 25 lines
11-26 13:20:19.097 19102 19115 W System  : A resource failed to call close. 
11-26 13:20:19.186 19102 19139 D Evaluation: 3 res for frame 663 received at 1574767219186
11-26 13:20:19.217 19102 19139 D Evaluation: 4 res for frame 663 received at 1574767219217
11-26 13:20:19.284 19102 19139 D Evaluation: 3 res for frame 665 received at 1574767219284
11-26 13:20:19.322 19102 19139 D Evaluation: 3 res for frame 665 received at 1574767219322
11-26 13:20:19.417 19102 19139 D Evaluation: 3 res for frame 667 received at 1574767219417
11-26 13:20:19.554 19102 19139 D Evaluation: 3 res for frame 667 received at 1574767219554
11-26 13:20:19.597 19102 19139 D Evaluation: 3 res for frame 668 received at 1574767219597
11-26 13:20:19.629 19102 19139 W System.err: java.net.SocketException: Message too long
11-26 13:20:19.629 19102 19139 W System.err: 	at sun.nio.ch.DatagramChannelImpl.send0(Native Method)
11-26 13:20:19.629 19102 19139 W System.err: 	at sun.nio.ch.DatagramChannelImpl.sendFromNativeBuffer(DatagramChannelImpl.java:573)
11-26 13:20:19.629 19102 19139 W System.err: 	at sun.nio.ch.DatagramChannelImpl.send(DatagramChannelImpl.java:550)
11-26 13:20:19.629 19102 19139 W System.err: 	at sun.nio.ch.DatagramChannelImpl.send(DatagramChannelImpl.java:514)
11-26 13:20:19.629 19102 19139 W System.err: 	at symlab.CloudAR.network.TransmissionTask.run(TransmissionTask.java:133)
11-26 13:20:19.629 19102 19139 W System.err: 	at android.os.Handler.handleCallback(Handler.java:874)
11-26 13:20:19.629 19102 19139 W System.err: 	at android.os.Handler.dispatchMessage(Handler.java:100)
11-26 13:20:19.629 19102 19139 W System.err: 	at android.os.Looper.loop(Looper.java:198)
11-26 13:20:19.629 19102 19139 W System.err: 	at android.os.HandlerThread.run(HandlerThread.java:65)
11-26 13:20:19.631 19102 19139 D Evaluation: 2 res for frame 669 received at 1574767219631
11-26 13:20:19.656 19102 19139 W System.err: java.net.SocketException: Message too long
11-26 13:20:19.656 19102 19139 W System.err: 	at sun.nio.ch.DatagramChannelImpl.send0(Native Method)
11-26 13:20:19.656 19102 19139 W System.err: 	at sun.nio.ch.DatagramChannelImpl.sendFromNativeBuffer(DatagramChannelImpl.java:573)
11-26 13:20:19.656 19102 19139 W System.err: 	at sun.nio.ch.DatagramChannelImpl.send(DatagramChannelImpl.java:550)
11-26 13:20:19.657 19102 19139 W System.err: 	at sun.nio.ch.DatagramChannelImpl.send(DatagramChannelImpl.java:514)
11-26 13:20:19.657 19102 19139 W System.err: 	at symlab.CloudAR.network.TransmissionTask.run(TransmissionTask.java:133)
11-26 13:20:19.657 19102 19139 W System.err: 	at android.os.Handler.handleCallback(Handler.java:874)
11-26 13:20:19.657 19102 19139 W System.err: 	at android.os.Handler.dispatchMessage(Handler.java:100)
11-26 13:20:19.657 19102 19139 W System.err: 	at android.os.Looper.loop(Looper.java:198)
11-26 13:20:19.657 19102 19139 W System.err: 	at android.os.HandlerThread.run(HandlerThread.java:65)
11-26 13:20:19.659 19102 19139 D Evaluation: 3 res for frame 670 received at 1574767219659
11-26 13:20:19.694 19102 19139 W System.err: java.net.SocketException: Message too long
11-26 13:20:19.694 19102 19139 W System.err: 	at sun.nio.ch.DatagramChannelImpl.send0(Native Method)
11-26 13:20:19.694 19102 19139 W System.err: 	at sun.nio.ch.DatagramChannelImpl.sendFromNativeBuffer(DatagramChannelImpl.java:573)
11-26 13:20:19.694 19102 19139 W System.err: 	at sun.nio.ch.DatagramChannelImpl.send(DatagramChannelImpl.java:550)
11-26 13:20:19.694 19102 19139 W System.err: 	at sun.nio.ch.DatagramChannelImpl.send(DatagramChannelImpl.java:514)
11-26 13:20:19.694 19102 19139 W System.err: 	at symlab.CloudAR.network.TransmissionTask.run(TransmissionTask.java:133)
11-26 13:20:19.694 19102 19139 W System.err: 	at android.os.Handler.handleCallback(Handler.java:874)
11-26 13:20:19.694 19102 19139 W System.err: 	at android.os.Handler.dispatchMessage(Handler.java:100)
11-26 13:20:19.694 19102 19139 W System.err: 	at android.os.Looper.loop(Looper.java:198)
11-26 13:20:19.694 19102 19139 W System.err: 	at android.os.HandlerThread.run(HandlerThread.java:65)
11-26 13:20:19.696 19102 19139 D Evaluation: 4 res for frame 672 received at 1574767219696
11-26 13:20:19.728 19102 19139 W System.err: java.net.SocketException: Message too long
11-26 13:20:19.728 19102 19139 W System.err: 	at sun.nio.ch.DatagramChannelImpl.send0(Native Method)
11-26 13:20:19.728 19102 19139 W System.err: 	at sun.nio.ch.DatagramChannelImpl.sendFromNativeBuffer(DatagramChannelImpl.java:573)
11-26 13:20:19.728 19102 19139 W System.err: 	at sun.nio.ch.DatagramChannelImpl.send(DatagramChannelImpl.java:550)
11-26 13:20:19.728 19102 19139 W System.err: 	at sun.nio.ch.DatagramChannelImpl.send(DatagramChannelImpl.java:514)
11-26 13:20:19.728 19102 19139 W System.err: 	at symlab.CloudAR.network.TransmissionTask.run(TransmissionTask.java:133)
11-26 13:20:19.728 19102 19139 W System.err: 	at android.os.Handler.handleCallback(Handler.java:874)
11-26 13:20:19.728 19102 19139 W System.err: 	at android.os.Handler.dispatchMessage(Handler.java:100)
11-26 13:20:19.728 19102 19139 W System.err: 	at android.os.Looper.loop(Looper.java:198)
11-26 13:20:19.728 19102 19139 W System.err: 	at android.os.HandlerThread.run(HandlerThread.java:65)
11-26 13:20:19.730 19102 19139 D Evaluation: 4 res for frame 673 received at 1574767219730
11-26 13:20:19.910 19102 19139 W System.err: java.net.SocketException: Message too long
11-26 13:20:19.910 19102 19139 W System.err: 	at sun.nio.ch.DatagramChannelImpl.send0(Native Method)
11-26 13:20:19.910 19102 19139 W System.err: 	at sun.nio.ch.DatagramChannelImpl.sendFromNativeBuffer(DatagramChannelImpl.java:573)
11-26 13:20:19.910 19102 19139 W System.err: 	at sun.nio.ch.DatagramChannelImpl.send(DatagramChannelImpl.java:550)
11-26 13:20:19.910 19102 19139 W System.err: 	at sun.nio.ch.DatagramChannelImpl.send(DatagramChannelImpl.java:514)
11-26 13:20:19.910 19102 19139 W System.err: 	at symlab.CloudAR.network.TransmissionTask.run(TransmissionTask.java:133)
11-26 13:20:19.910 19102 19139 W System.err: 	at android.os.Handler.handleCallback(Handler.java:874)
11-26 13:20:19.910 19102 19139 W System.err: 	at android.os.Handler.dispatchMessage(Handler.java:100)
11-26 13:20:19.910 19102 19139 W System.err: 	at android.os.Looper.loop(Looper.java:198)
11-26 13:20:19.910 19102 19139 W System.err: 	at android.os.HandlerThread.run(HandlerThread.java:65)
11-26 13:20:19.945 19102 19139 W System.err: java.net.SocketException: Message too long
11-26 13:20:19.947 19102 19139 W System.err: 	at sun.nio.ch.DatagramChannelImpl.send0(Native Method)
11-26 13:20:19.947 19102 19139 W System.err: 	at sun.nio.ch.DatagramChannelImpl.sendFromNativeBuffer(DatagramChannelImpl.java:573)
11-26 13:20:19.947 19102 19139 W System.err: 	at sun.nio.ch.DatagramChannelImpl.send(DatagramChannelImpl.java:550)
11-26 13:20:19.947 19102 19139 W System.err: 	at sun.nio.ch.DatagramChannelImpl.send(DatagramChannelImpl.java:514)
11-26 13:20:19.947 19102 19139 W System.err: 	at symlab.CloudAR.network.TransmissionTask.run(TransmissionTask.java:133)
11-26 13:20:19.947 19102 19139 W System.err: 	at android.os.Handler.handleCallback(Handler.java:874)
11-26 13:20:19.947 19102 19139 W System.err: 	at android.os.Handler.dispatchMessage(Handler.java:100)
11-26 13:20:19.947 19102 19139 W System.err: 	at android.os.Looper.loop(Looper.java:198)
11-26 13:20:19.947 19102 19139 W System.err: 	at android.os.HandlerThread.run(HandlerThread.java:65)
11-26 13:20:19.949 19102 19139 D Evaluation: 5 res for frame 677 received at 1574767219949
11-26 13:20:19.975 19102 19139 W System.err: java.net.SocketException: Message too long
11-26 13:20:19.976 19102 19139 W System.err: 	at sun.nio.ch.DatagramChannelImpl.send0(Native Method)
11-26 13:20:19.976 19102 19139 W System.err: 	at sun.nio.ch.DatagramChannelImpl.sendFromNativeBuffer(DatagramChannelImpl.java:573)
11-26 13:20:19.976 19102 19139 W System.err: 	at sun.nio.ch.DatagramChannelImpl.send(DatagramChannelImpl.java:550)
11-26 13:20:19.976 19102 19139 W System.err: 	at sun.nio.ch.DatagramChannelImpl.send(DatagramChannelImpl.java:514)
11-26 13:20:19.976 19102 19139 W System.err: 	at symlab.CloudAR.network.TransmissionTask.run(TransmissionTask.java:133)
11-26 13:20:19.976 19102 19139 W System.err: 	at android.os.Handler.handleCallback(Handler.java:874)
11-26 13:20:19.976 19102 19139 W System.err: 	at android.os.Handler.dispatchMessage(Handler.java:100)
11-26 13:20:19.976 19102 19139 W System.err: 	at android.os.Looper.loop(Looper.java:198)
11-26 13:20:19.976 19102 19139 W System.err: 	at android.os.HandlerThread.run(HandlerThread.java:65)
11-26 13:20:20.221 19102 19139 D Evaluation: 3 res for frame 681 received at 1574767220221
11-26 13:20:20.256 19102 19139 D Evaluation: 3 res for frame 682 received at 1574767220256
11-26 13:20:20.278 19102 19115 W System  : A resource failed to call close. 
11-26 13:20:20.278 19102 19115 I chatty  : uid=10203(symlab.cloudridar.arhud) FinalizerDaemon identical 4 lines
11-26 13:20:20.278 19102 19115 W System  : A resource failed to call close. 
11-26 13:20:20.278 19102 19115 W System  : A resource failed to call close. 
11-26 13:20:20.278 19102 19115 W System  : A resource failed to call close. 
11-26 13:20:20.279 19102 19115 W System  : A resource failed to call close. 
11-26 13:20:20.279 19102 19115 W System  : A resource failed to call close. 
11-26 13:20:20.279 19102 19115 W System  : A resource failed to call close. 
11-26 13:20:20.280 19102 19115 I chatty  : uid=10203(symlab.cloudridar.arhud) FinalizerDaemon identical 14 lines
11-26 13:20:20.280 19102 19115 W System  : A resource failed to call close. 
11-26 13:20:20.306 19102 19139 W System.err: java.net.SocketException: Message too long
11-26 13:20:20.306 19102 19139 W System.err: 	at sun.nio.ch.DatagramChannelImpl.send0(Native Method)
11-26 13:20:20.306 19102 19139 W System.err: 	at sun.nio.ch.DatagramChannelImpl.sendFromNativeBuffer(DatagramChannelImpl.java:573)
11-26 13:20:20.306 19102 19139 W System.err: 	at sun.nio.ch.DatagramChannelImpl.send(DatagramChannelImpl.java:550)
11-26 13:20:20.306 19102 19139 W System.err: 	at sun.nio.ch.DatagramChannelImpl.send(DatagramChannelImpl.java:514)
11-26 13:20:20.306 19102 19139 W System.err: 	at symlab.CloudAR.network.TransmissionTask.run(TransmissionTask.java:133)
11-26 13:20:20.306 19102 19139 W System.err: 	at android.os.Handler.handleCallback(Handler.java:874)
11-26 13:20:20.306 19102 19139 W System.err: 	at android.os.Handler.dispatchMessage(Handler.java:100)
11-26 13:20:20.306 19102 19139 W System.err: 	at android.os.Looper.loop(Looper.java:198)
11-26 13:20:20.306 19102 19139 W System.err: 	at android.os.HandlerThread.run(HandlerThread.java:65)
11-26 13:20:20.308 19102 19139 D Evaluation: 3 res for frame 684 received at 1574767220308
11-26 13:20:20.330 19102 19139 W System.err: java.net.SocketException: Message too long
11-26 13:20:20.330 19102 19139 W System.err: 	at sun.nio.ch.DatagramChannelImpl.send0(Native Method)
11-26 13:20:20.330 19102 19139 W System.err: 	at sun.nio.ch.DatagramChannelImpl.sendFromNativeBuffer(DatagramChannelImpl.java:573)
11-26 13:20:20.330 19102 19139 W System.err: 	at sun.nio.ch.DatagramChannelImpl.send(DatagramChannelImpl.java:550)
11-26 13:20:20.330 19102 19139 W System.err: 	at sun.nio.ch.DatagramChannelImpl.send(DatagramChannelImpl.java:514)
11-26 13:20:20.330 19102 19139 W System.err: 	at symlab.CloudAR.network.TransmissionTask.run(TransmissionTask.java:133)
11-26 13:20:20.330 19102 19139 W System.err: 	at android.os.Handler.handleCallback(Handler.java:874)
11-26 13:20:20.330 19102 19139 W System.err: 	at android.os.Handler.dispatchMessage(Handler.java:100)
11-26 13:20:20.330 19102 19139 W System.err: 	at android.os.Looper.loop(Looper.java:198)
11-26 13:20:20.330 19102 19139 W System.err: 	at android.os.HandlerThread.run(HandlerThread.java:65)
11-26 13:20:20.332 19102 19139 D Evaluation: 2 res for frame 685 received at 1574767220332
11-26 13:20:20.445 19102 19139 W System.err: java.net.SocketException: Message too long
11-26 13:20:20.445 19102 19139 W System.err: 	at sun.nio.ch.DatagramChannelImpl.send0(Native Method)
11-26 13:20:20.445 19102 19139 W System.err: 	at sun.nio.ch.DatagramChannelImpl.sendFromNativeBuffer(DatagramChannelImpl.java:573)
11-26 13:20:20.445 19102 19139 W System.err: 	at sun.nio.ch.DatagramChannelImpl.send(DatagramChannelImpl.java:550)
11-26 13:20:20.445 19102 19139 W System.err: 	at sun.nio.ch.DatagramChannelImpl.send(DatagramChannelImpl.java:514)
11-26 13:20:20.445 19102 19139 W System.err: 	at symlab.CloudAR.network.TransmissionTask.run(TransmissionTask.java:133)
11-26 13:20:20.445 19102 19139 W System.err: 	at android.os.Handler.handleCallback(Handler.java:874)
11-26 13:20:20.445 19102 19139 W System.err: 	at android.os.Handler.dispatchMessage(Handler.java:100)
11-26 13:20:20.445 19102 19139 W System.err: 	at android.os.Looper.loop(Looper.java:198)
11-26 13:20:20.445 19102 19139 W System.err: 	at android.os.HandlerThread.run(HandlerThread.java:65)
11-26 13:20:20.447 19102 19139 D Evaluation: 4 res for frame 686 received at 1574767220447
11-26 13:20:20.480 19102 19139 W System.err: java.net.SocketException: Message too long
11-26 13:20:20.480 19102 19139 W System.err: 	at sun.nio.ch.DatagramChannelImpl.send0(Native Method)
11-26 13:20:20.480 19102 19139 W System.err: 	at sun.nio.ch.DatagramChannelImpl.sendFromNativeBuffer(DatagramChannelImpl.java:573)
11-26 13:20:20.480 19102 19139 W System.err: 	at sun.nio.ch.DatagramChannelImpl.send(DatagramChannelImpl.java:550)
11-26 13:20:20.480 19102 19139 W System.err: 	at sun.nio.ch.DatagramChannelImpl.send(DatagramChannelImpl.java:514)
11-26 13:20:20.480 19102 19139 W System.err: 	at symlab.CloudAR.network.TransmissionTask.run(TransmissionTask.java:133)
11-26 13:20:20.480 19102 19139 W System.err: 	at android.os.Handler.handleCallback(Handler.java:874)
11-26 13:20:20.480 19102 19139 W System.err: 	at android.os.Handler.dispatchMessage(Handler.java:100)
11-26 13:20:20.480 19102 19139 W System.err: 	at android.os.Looper.loop(Looper.java:198)
11-26 13:20:20.480 19102 19139 W System.err: 	at android.os.HandlerThread.run(HandlerThread.java:65)
11-26 13:20:20.510 19102 19139 W System.err: java.net.SocketException: Message too long
11-26 13:20:20.510 19102 19139 W System.err: 	at sun.nio.ch.DatagramChannelImpl.send0(Native Method)
11-26 13:20:20.510 19102 19139 W System.err: 	at sun.nio.ch.DatagramChannelImpl.sendFromNativeBuffer(DatagramChannelImpl.java:573)
11-26 13:20:20.510 19102 19139 W System.err: 	at sun.nio.ch.DatagramChannelImpl.send(DatagramChannelImpl.java:550)
11-26 13:20:20.510 19102 19139 W System.err: 	at sun.nio.ch.DatagramChannelImpl.send(DatagramChannelImpl.java:514)
11-26 13:20:20.510 19102 19139 W System.err: 	at symlab.CloudAR.network.TransmissionTask.run(TransmissionTask.java:133)
11-26 13:20:20.510 19102 19139 W System.err: 	at android.os.Handler.handleCallback(Handler.java:874)
11-26 13:20:20.510 19102 19139 W System.err: 	at android.os.Handler.dispatchMessage(Handler.java:100)
11-26 13:20:20.510 19102 19139 W System.err: 	at android.os.Looper.loop(Looper.java:198)
11-26 13:20:20.510 19102 19139 W System.err: 	at android.os.HandlerThread.run(HandlerThread.java:65)
11-26 13:20:20.536 19102 19139 W System.err: java.net.SocketException: Message too long
11-26 13:20:20.537 19102 19139 W System.err: 	at sun.nio.ch.DatagramChannelImpl.send0(Native Method)
11-26 13:20:20.537 19102 19139 W System.err: 	at sun.nio.ch.DatagramChannelImpl.sendFromNativeBuffer(DatagramChannelImpl.java:573)
11-26 13:20:20.537 19102 19139 W System.err: 	at sun.nio.ch.DatagramChannelImpl.send(DatagramChannelImpl.java:550)
11-26 13:20:20.537 19102 19139 W System.err: 	at sun.nio.ch.DatagramChannelImpl.send(DatagramChannelImpl.java:514)
11-26 13:20:20.537 19102 19139 W System.err: 	at symlab.CloudAR.network.TransmissionTask.run(TransmissionTask.java:133)
11-26 13:20:20.537 19102 19139 W System.err: 	at android.os.Handler.handleCallback(Handler.java:874)
11-26 13:20:20.537 19102 19139 W System.err: 	at android.os.Handler.dispatchMessage(Handler.java:100)
11-26 13:20:20.537 19102 19139 W System.err: 	at android.os.Looper.loop(Looper.java:198)
11-26 13:20:20.537 19102 19139 W System.err: 	at android.os.HandlerThread.run(HandlerThread.java:65)
11-26 13:20:20.564 19102 19139 W System.err: java.net.SocketException: Message too long
11-26 13:20:20.564 19102 19139 W System.err: 	at sun.nio.ch.DatagramChannelImpl.send0(Native Method)
11-26 13:20:20.564 19102 19139 W System.err: 	at sun.nio.ch.DatagramChannelImpl.sendFromNativeBuffer(DatagramChannelImpl.java:573)
11-26 13:20:20.564 19102 19139 W System.err: 	at sun.nio.ch.DatagramChannelImpl.send(DatagramChannelImpl.java:550)
11-26 13:20:20.564 19102 19139 W System.err: 	at sun.nio.ch.DatagramChannelImpl.send(DatagramChannelImpl.java:514)
11-26 13:20:20.564 19102 19139 W System.err: 	at symlab.CloudAR.network.TransmissionTask.run(TransmissionTask.java:133)
11-26 13:20:20.564 19102 19139 W System.err: 	at android.os.Handler.handleCallback(Handler.java:874)
11-26 13:20:20.565 19102 19139 W System.err: 	at android.os.Handler.dispatchMessage(Handler.java:100)
11-26 13:20:20.565 19102 19139 W System.err: 	at android.os.Looper.loop(Looper.java:198)
11-26 13:20:20.565 19102 19139 W System.err: 	at android.os.HandlerThread.run(HandlerThread.java:65)
11-26 13:20:20.603 19102 19139 W System.err: java.net.SocketException: Message too long
11-26 13:20:20.603 19102 19139 W System.err: 	at sun.nio.ch.DatagramChannelImpl.send0(Native Method)
11-26 13:20:20.603 19102 19139 W System.err: 	at sun.nio.ch.DatagramChannelImpl.sendFromNativeBuffer(DatagramChannelImpl.java:573)
11-26 13:20:20.603 19102 19139 W System.err: 	at sun.nio.ch.DatagramChannelImpl.send(DatagramChannelImpl.java:550)
11-26 13:20:20.603 19102 19139 W System.err: 	at sun.nio.ch.DatagramChannelImpl.send(DatagramChannelImpl.java:514)
11-26 13:20:20.603 19102 19139 W System.err: 	at symlab.CloudAR.network.TransmissionTask.run(TransmissionTask.java:133)
11-26 13:20:20.603 19102 19139 W System.err: 	at android.os.Handler.handleCallback(Handler.java:874)
11-26 13:20:20.604 19102 19139 W System.err: 	at android.os.Handler.dispatchMessage(Handler.java:100)
11-26 13:20:20.604 19102 19139 W System.err: 	at android.os.Looper.loop(Looper.java:198)
11-26 13:20:20.604 19102 19139 W System.err: 	at android.os.HandlerThread.run(HandlerThread.java:65)
11-26 13:20:20.674 19102 19139 W System.err: java.net.SocketException: Message too long
11-26 13:20:20.674 19102 19139 W System.err: 	at sun.nio.ch.DatagramChannelImpl.send0(Native Method)
11-26 13:20:20.674 19102 19139 W System.err: 	at sun.nio.ch.DatagramChannelImpl.sendFromNativeBuffer(DatagramChannelImpl.java:573)
11-26 13:20:20.674 19102 19139 W System.err: 	at sun.nio.ch.DatagramChannelImpl.send(DatagramChannelImpl.java:550)
11-26 13:20:20.674 19102 19139 W System.err: 	at sun.nio.ch.DatagramChannelImpl.send(DatagramChannelImpl.java:514)
11-26 13:20:20.674 19102 19139 W System.err: 	at symlab.CloudAR.network.TransmissionTask.run(TransmissionTask.java:133)
11-26 13:20:20.674 19102 19139 W System.err: 	at android.os.Handler.handleCallback(Handler.java:874)
11-26 13:20:20.674 19102 19139 W System.err: 	at android.os.Handler.dispatchMessage(Handler.java:100)
11-26 13:20:20.674 19102 19139 W System.err: 	at android.os.Looper.loop(Looper.java:198)
11-26 13:20:20.674 19102 19139 W System.err: 	at android.os.HandlerThread.run(HandlerThread.java:65)
11-26 13:20:20.735 19102 19139 W System.err: java.net.SocketException: Message too long
11-26 13:20:20.735 19102 19139 W System.err: 	at sun.nio.ch.DatagramChannelImpl.send0(Native Method)
11-26 13:20:20.735 19102 19139 W System.err: 	at sun.nio.ch.DatagramChannelImpl.sendFromNativeBuffer(DatagramChannelImpl.java:573)
11-26 13:20:20.735 19102 19139 W System.err: 	at sun.nio.ch.DatagramChannelImpl.send(DatagramChannelImpl.java:550)
11-26 13:20:20.735 19102 19139 W System.err: 	at sun.nio.ch.DatagramChannelImpl.send(DatagramChannelImpl.java:514)
11-26 13:20:20.735 19102 19139 W System.err: 	at symlab.CloudAR.network.TransmissionTask.run(TransmissionTask.java:133)
11-26 13:20:20.735 19102 19139 W System.err: 	at android.os.Handler.handleCallback(Handler.java:874)
11-26 13:20:20.735 19102 19139 W System.err: 	at android.os.Handler.dispatchMessage(Handler.java:100)
11-26 13:20:20.735 19102 19139 W System.err: 	at android.os.Looper.loop(Looper.java:198)
11-26 13:20:20.735 19102 19139 W System.err: 	at android.os.HandlerThread.run(HandlerThread.java:65)
11-26 13:20:20.800 19102 19139 W System.err: java.net.SocketException: Message too long
11-26 13:20:20.800 19102 19139 W System.err: 	at sun.nio.ch.DatagramChannelImpl.send0(Native Method)
11-26 13:20:20.800 19102 19139 W System.err: 	at sun.nio.ch.DatagramChannelImpl.sendFromNativeBuffer(DatagramChannelImpl.java:573)
11-26 13:20:20.800 19102 19139 W System.err: 	at sun.nio.ch.DatagramChannelImpl.send(DatagramChannelImpl.java:550)
11-26 13:20:20.800 19102 19139 W System.err: 	at sun.nio.ch.DatagramChannelImpl.send(DatagramChannelImpl.java:514)
11-26 13:20:20.800 19102 19139 W System.err: 	at symlab.CloudAR.network.TransmissionTask.run(TransmissionTask.java:133)
11-26 13:20:20.800 19102 19139 W System.err: 	at android.os.Handler.handleCallback(Handler.java:874)
11-26 13:20:20.800 19102 19139 W System.err: 	at android.os.Handler.dispatchMessage(Handler.java:100)
11-26 13:20:20.800 19102 19139 W System.err: 	at android.os.Looper.loop(Looper.java:198)
11-26 13:20:20.800 19102 19139 W System.err: 	at android.os.HandlerThread.run(HandlerThread.java:65)
11-26 13:20:20.839 19102 19139 W System.err: java.net.SocketException: Message too long
11-26 13:20:20.839 19102 19139 W System.err: 	at sun.nio.ch.DatagramChannelImpl.send0(Native Method)
11-26 13:20:20.839 19102 19139 W System.err: 	at sun.nio.ch.DatagramChannelImpl.sendFromNativeBuffer(DatagramChannelImpl.java:573)
11-26 13:20:20.839 19102 19139 W System.err: 	at sun.nio.ch.DatagramChannelImpl.send(DatagramChannelImpl.java:550)
11-26 13:20:20.839 19102 19139 W System.err: 	at sun.nio.ch.DatagramChannelImpl.send(DatagramChannelImpl.java:514)
11-26 13:20:20.839 19102 19139 W System.err: 	at symlab.CloudAR.network.TransmissionTask.run(TransmissionTask.java:133)
11-26 13:20:20.839 19102 19139 W System.err: 	at android.os.Handler.handleCallback(Handler.java:874)
11-26 13:20:20.839 19102 19139 W System.err: 	at android.os.Handler.dispatchMessage(Handler.java:100)
11-26 13:20:20.840 19102 19139 W System.err: 	at android.os.Looper.loop(Looper.java:198)
11-26 13:20:20.840 19102 19139 W System.err: 	at android.os.HandlerThread.run(HandlerThread.java:65)
11-26 13:20:20.869 19102 19139 W System.err: java.net.SocketException: Message too long
11-26 13:20:20.869 19102 19139 W System.err: 	at sun.nio.ch.DatagramChannelImpl.send0(Native Method)
11-26 13:20:20.869 19102 19139 W System.err: 	at sun.nio.ch.DatagramChannelImpl.sendFromNativeBuffer(DatagramChannelImpl.java:573)
11-26 13:20:20.869 19102 19139 W System.err: 	at sun.nio.ch.DatagramChannelImpl.send(DatagramChannelImpl.java:550)
11-26 13:20:20.869 19102 19139 W System.err: 	at sun.nio.ch.DatagramChannelImpl.send(DatagramChannelImpl.java:514)
11-26 13:20:20.869 19102 19139 W System.err: 	at symlab.CloudAR.network.TransmissionTask.run(TransmissionTask.java:133)
11-26 13:20:20.869 19102 19139 W System.err: 	at android.os.Handler.handleCallback(Handler.java:874)
11-26 13:20:20.869 19102 19139 W System.err: 	at android.os.Handler.dispatchMessage(Handler.java:100)
11-26 13:20:20.869 19102 19139 W System.err: 	at android.os.Looper.loop(Looper.java:198)
11-26 13:20:20.869 19102 19139 W System.err: 	at android.os.HandlerThread.run(HandlerThread.java:65)
11-26 13:20:20.896 19102 19139 W System.err: java.net.SocketException: Message too long
11-26 13:20:20.896 19102 19139 W System.err: 	at sun.nio.ch.DatagramChannelImpl.send0(Native Method)
11-26 13:20:20.897 19102 19139 W System.err: 	at sun.nio.ch.DatagramChannelImpl.sendFromNativeBuffer(DatagramChannelImpl.java:573)
11-26 13:20:20.897 19102 19139 W System.err: 	at sun.nio.ch.DatagramChannelImpl.send(DatagramChannelImpl.java:550)
11-26 13:20:20.897 19102 19139 W System.err: 	at sun.nio.ch.DatagramChannelImpl.send(DatagramChannelImpl.java:514)
11-26 13:20:20.897 19102 19139 W System.err: 	at symlab.CloudAR.network.TransmissionTask.run(TransmissionTask.java:133)
11-26 13:20:20.897 19102 19139 W System.err: 	at android.os.Handler.handleCallback(Handler.java:874)
11-26 13:20:20.897 19102 19139 W System.err: 	at android.os.Handler.dispatchMessage(Handler.java:100)
11-26 13:20:20.897 19102 19139 W System.err: 	at android.os.Looper.loop(Looper.java:198)
11-26 13:20:20.897 19102 19139 W System.err: 	at android.os.HandlerThread.run(HandlerThread.java:65)
11-26 13:20:20.919 19102 19139 W System.err: java.net.SocketException: Message too long
