11-26 13:20:20.919 19102 19139 W System.err: 	at sun.nio.ch.DatagramChannelImpl.send0(Native Method)
11-26 13:20:20.919 19102 19139 W System.err: 	at sun.nio.ch.DatagramChannelImpl.sendFromNativeBuffer(DatagramChannelImpl.java:573)
11-26 13:20:20.919 19102 19139 W System.err: 	at sun.nio.ch.DatagramChannelImpl.send(DatagramChannelImpl.java:550)
11-26 13:20:20.919 19102 19139 W System.err: 	at sun.nio.ch.DatagramChannelImpl.send(DatagramChannelImpl.java:514)
11-26 13:20:20.919 19102 19139 W System.err: 	at symlab.CloudAR.network.TransmissionTask.run(TransmissionTask.java:133)
11-26 13:20:20.919 19102 19139 W System.err: 	at android.os.Handler.handleCallback(Handler.java:874)
11-26 13:20:20.919 19102 19139 W System.err: 	at android.os.Handler.dispatchMessage(Handler.java:100)
11-26 13:20:20.919 19102 19139 W System.err: 	at android.os.Looper.loop(Looper.java:198)
11-26 13:20:20.919 19102 19139 W System.err: 	at android.os.HandlerThread.run(HandlerThread.java:65)
11-26 13:20:20.981 19102 19139 W System.err: java.net.SocketException: Message too long
11-26 13:20:20.981 19102 19139 W System.err: 	at sun.nio.ch.DatagramChannelImpl.send0(Native Method)
11-26 13:20:20.981 19102 19139 W System.err: 	at sun.nio.ch.DatagramChannelImpl.sendFromNativeBuffer(DatagramChannelImpl.java:573)
11-26 13:20:20.981 19102 19139 W System.err: 	at sun.nio.ch.DatagramChannelImpl.send(DatagramChannelImpl.java:550)
11-26 13:20:20.981 19102 19139 W System.err: 	at sun.nio.ch.DatagramChannelImpl.send(DatagramChannelImpl.java:514)
11-26 13:20:20.981 19102 19139 W System.err: 	at symlab.CloudAR.network.TransmissionTask.run(TransmissionTask.java:133)
11-26 13:20:20.981 19102 19139 W System.err: 	at android.os.Handler.handleCallback(Handler.java:874)
11-26 13:20:20.981 19102 19139 W System.err: 	at android.os.Handler.dispatchMessage(Handler.java:100)
11-26 13:20:20.981 19102 19139 W System.err: 	at android.os.Looper.loop(Looper.java:198)
11-26 13:20:20.981 19102 19139 W System.err: 	at android.os.HandlerThread.run(HandlerThread.java:65)
11-26 13:20:21.014 19102 19139 W System.err: java.net.SocketException: Message too long
11-26 13:20:21.014 19102 19139 W System.err: 	at sun.nio.ch.DatagramChannelImpl.send0(Native Method)
11-26 13:20:21.014 19102 19139 W System.err: 	at sun.nio.ch.DatagramChannelImpl.sendFromNativeBuffer(DatagramChannelImpl.java:573)
11-26 13:20:21.014 19102 19139 W System.err: 	at sun.nio.ch.DatagramChannelImpl.send(DatagramChannelImpl.java:550)
11-26 13:20:21.014 19102 19139 W System.err: 	at sun.nio.ch.DatagramChannelImpl.send(DatagramChannelImpl.java:514)
11-26 13:20:21.014 19102 19139 W System.err: 	at symlab.CloudAR.network.TransmissionTask.run(TransmissionTask.java:133)
11-26 13:20:21.014 19102 19139 W System.err: 	at android.os.Handler.handleCallback(Handler.java:874)
11-26 13:20:21.014 19102 19139 W System.err: 	at android.os.Handler.dispatchMessage(Handler.java:100)
11-26 13:20:21.015 19102 19139 W System.err: 	at android.os.Looper.loop(Looper.java:198)
11-26 13:20:21.015 19102 19139 W System.err: 	at android.os.HandlerThread.run(HandlerThread.java:65)
11-26 13:20:21.047 19102 19139 W System.err: java.net.SocketException: Message too long
11-26 13:20:21.047 19102 19139 W System.err: 	at sun.nio.ch.DatagramChannelImpl.send0(Native Method)
11-26 13:20:21.047 19102 19139 W System.err: 	at sun.nio.ch.DatagramChannelImpl.sendFromNativeBuffer(DatagramChannelImpl.java:573)
11-26 13:20:21.047 19102 19139 W System.err: 	at sun.nio.ch.DatagramChannelImpl.send(DatagramChannelImpl.java:550)
11-26 13:20:21.047 19102 19139 W System.err: 	at sun.nio.ch.DatagramChannelImpl.send(DatagramChannelImpl.java:514)
11-26 13:20:21.047 19102 19139 W System.err: 	at symlab.CloudAR.network.TransmissionTask.run(TransmissionTask.java:133)
11-26 13:20:21.047 19102 19139 W System.err: 	at android.os.Handler.handleCallback(Handler.java:874)
11-26 13:20:21.047 19102 19139 W System.err: 	at android.os.Handler.dispatchMessage(Handler.java:100)
11-26 13:20:21.048 19102 19139 W System.err: 	at android.os.Looper.loop(Looper.java:198)
11-26 13:20:21.048 19102 19139 W System.err: 	at android.os.HandlerThread.run(HandlerThread.java:65)
11-26 13:20:21.063 19102 19115 W System  : A resource failed to call close. 
11-26 13:20:21.063 19102 19115 W System  : A resource failed to call close. 
11-26 13:20:21.063 19102 19115 W System  : A resource failed to call close. 
11-26 13:20:21.063 19102 19115 W System  : A resource failed to call close. 
11-26 13:20:21.063 19102 19115 W System  : A resource failed to call close. 
11-26 13:20:21.063 19102 19115 W System  : A resource failed to call close. 
11-26 13:20:21.076 19102 19139 W System.err: java.net.SocketException: Message too long
11-26 13:20:21.076 19102 19139 W System.err: 	at sun.nio.ch.DatagramChannelImpl.send0(Native Method)
11-26 13:20:21.076 19102 19139 W System.err: 	at sun.nio.ch.DatagramChannelImpl.sendFromNativeBuffer(DatagramChannelImpl.java:573)
11-26 13:20:21.076 19102 19139 W System.err: 	at sun.nio.ch.DatagramChannelImpl.send(DatagramChannelImpl.java:550)
11-26 13:20:21.076 19102 19139 W System.err: 	at sun.nio.ch.DatagramChannelImpl.send(DatagramChannelImpl.java:514)
11-26 13:20:21.076 19102 19139 W System.err: 	at symlab.CloudAR.network.TransmissionTask.run(TransmissionTask.java:133)
11-26 13:20:21.076 19102 19139 W System.err: 	at android.os.Handler.handleCallback(Handler.java:874)
11-26 13:20:21.076 19102 19139 W System.err: 	at android.os.Handler.dispatchMessage(Handler.java:100)
11-26 13:20:21.076 19102 19139 W System.err: 	at android.os.Looper.loop(Looper.java:198)
11-26 13:20:21.076 19102 19139 W System.err: 	at android.os.HandlerThread.run(HandlerThread.java:65)
11-26 13:20:21.101 19102 19139 W System.err: java.net.SocketException: Message too long
11-26 13:20:21.101 19102 19139 W System.err: 	at sun.nio.ch.DatagramChannelImpl.send0(Native Method)
11-26 13:20:21.101 19102 19139 W System.err: 	at sun.nio.ch.DatagramChannelImpl.sendFromNativeBuffer(DatagramChannelImpl.java:573)
11-26 13:20:21.101 19102 19139 W System.err: 	at sun.nio.ch.DatagramChannelImpl.send(DatagramChannelImpl.java:550)
11-26 13:20:21.101 19102 19139 W System.err: 	at sun.nio.ch.DatagramChannelImpl.send(DatagramChannelImpl.java:514)
11-26 13:20:21.101 19102 19139 W System.err: 	at symlab.CloudAR.network.TransmissionTask.run(TransmissionTask.java:133)
11-26 13:20:21.101 19102 19139 W System.err: 	at android.os.Handler.handleCallback(Handler.java:874)
11-26 13:20:21.101 19102 19139 W System.err: 	at android.os.Handler.dispatchMessage(Handler.java:100)
11-26 13:20:21.101 19102 19139 W System.err: 	at android.os.Looper.loop(Looper.java:198)
11-26 13:20:21.101 19102 19139 W System.err: 	at android.os.HandlerThread.run(HandlerThread.java:65)
11-26 13:20:21.228 19102 19139 W System.err: java.net.SocketException: Message too long
11-26 13:20:21.228 19102 19139 W System.err: 	at sun.nio.ch.DatagramChannelImpl.send0(Native Method)
11-26 13:20:21.228 19102 19139 W System.err: 	at sun.nio.ch.DatagramChannelImpl.sendFromNativeBuffer(DatagramChannelImpl.java:573)
11-26 13:20:21.228 19102 19139 W System.err: 	at sun.nio.ch.DatagramChannelImpl.send(DatagramChannelImpl.java:550)
11-26 13:20:21.228 19102 19139 W System.err: 	at sun.nio.ch.DatagramChannelImpl.send(DatagramChannelImpl.java:514)
11-26 13:20:21.228 19102 19139 W System.err: 	at symlab.CloudAR.network.TransmissionTask.run(TransmissionTask.java:133)
11-26 13:20:21.228 19102 19139 W System.err: 	at android.os.Handler.handleCallback(Handler.java:874)
11-26 13:20:21.228 19102 19139 W System.err: 	at android.os.Handler.dispatchMessage(Handler.java:100)
11-26 13:20:21.228 19102 19139 W System.err: 	at android.os.Looper.loop(Looper.java:198)
11-26 13:20:21.228 19102 19139 W System.err: 	at android.os.HandlerThread.run(HandlerThread.java:65)
11-26 13:20:21.264 19102 19139 W System.err: java.net.SocketException: Message too long
11-26 13:20:21.265 19102 19139 W System.err: 	at sun.nio.ch.DatagramChannelImpl.send0(Native Method)
11-26 13:20:21.266 19102 19139 W System.err: 	at sun.nio.ch.DatagramChannelImpl.sendFromNativeBuffer(DatagramChannelImpl.java:573)
11-26 13:20:21.266 19102 19139 W System.err: 	at sun.nio.ch.DatagramChannelImpl.send(DatagramChannelImpl.java:550)
11-26 13:20:21.266 19102 19139 W System.err: 	at sun.nio.ch.DatagramChannelImpl.send(DatagramChannelImpl.java:514)
11-26 13:20:21.266 19102 19139 W System.err: 	at symlab.CloudAR.network.TransmissionTask.run(TransmissionTask.java:133)
11-26 13:20:21.266 19102 19139 W System.err: 	at android.os.Handler.handleCallback(Handler.java:874)
11-26 13:20:21.266 19102 19139 W System.err: 	at android.os.Handler.dispatchMessage(Handler.java:100)
11-26 13:20:21.266 19102 19139 W System.err: 	at android.os.Looper.loop(Looper.java:198)
11-26 13:20:21.266 19102 19139 W System.err: 	at android.os.HandlerThread.run(HandlerThread.java:65)
11-26 13:20:21.379 19102 19139 D Evaluation: 3 res for frame 709 received at 1574767221379
11-26 13:20:21.401 19102 19139 D Evaluation: 2 res for frame 710 received at 1574767221401
11-26 13:20:21.478 19102 19139 D Evaluation: 3 res for frame 711 received at 1574767221478
11-26 13:20:21.511 19102 19139 D Evaluation: 3 res for frame 712 received at 1574767221510
11-26 13:20:21.541 19102 19139 D Evaluation: 2 res for frame 712 received at 1574767221541
11-26 13:20:21.568 19102 19139 D Evaluation: 0 res for frame 714 received at 1574767221568
11-26 13:20:21.603 19102 19139 D Evaluation: 2 res for frame 714 received at 1574767221603
11-26 13:20:21.627 19102 19139 D Evaluation: 2 res for frame 715 received at 1574767221627
11-26 13:20:21.663 19102 19139 D Evaluation: 0 res for frame 716 received at 1574767221663
11-26 13:20:21.694 19102 19139 D Evaluation: 2 res for frame 717 received at 1574767221694
11-26 13:20:21.813 19102 19139 D Evaluation: 2 res for frame 718 received at 1574767221813
11-26 13:20:21.845 19102 19139 D Evaluation: 2 res for frame 719 received at 1574767221845
11-26 13:20:21.876 19102 19139 D Evaluation: 3 res for frame 720 received at 1574767221876
11-26 13:20:21.903 19102 19139 D Evaluation: 2 res for frame 722 received at 1574767221903
11-26 13:20:21.916 19102 19115 W System  : A resource failed to call close. 
11-26 13:20:21.916 19102 19115 I chatty  : uid=10203(symlab.cloudridar.arhud) FinalizerDaemon identical 1 line
11-26 13:20:21.916 19102 19115 W System  : A resource failed to call close. 
11-26 13:20:21.916 19102 19115 W System  : A resource failed to call close. 
11-26 13:20:21.917 19102 19115 I chatty  : uid=10203(symlab.cloudridar.arhud) FinalizerDaemon identical 12 lines
11-26 13:20:21.917 19102 19115 W System  : A resource failed to call close. 
11-26 13:20:21.919 19102 19115 W System  : A resource failed to call close. 
11-26 13:20:21.920 19102 19115 I chatty  : uid=10203(symlab.cloudridar.arhud) FinalizerDaemon identical 11 lines
11-26 13:20:21.920 19102 19115 W System  : A resource failed to call close. 
11-26 13:20:21.936 19102 19139 D Evaluation: 2 res for frame 723 received at 1574767221936
11-26 13:20:21.958 19102 19139 D Evaluation: 5 res for frame 724 received at 1574767221957
11-26 13:20:21.994 19102 19139 D Evaluation: 5 res for frame 724 received at 1574767221994
11-26 13:20:22.022 19102 19139 D Evaluation: 5 res for frame 725 received at 1574767222022
11-26 13:20:22.085 19102 19139 D Evaluation: 5 res for frame 726 received at 1574767222085
11-26 13:20:22.188 19102 19139 D Evaluation: 5 res for frame 727 received at 1574767222188
11-26 13:20:22.247 19102 19139 D Evaluation: 5 res for frame 728 received at 1574767222247
11-26 13:20:22.281 19102 19139 D Evaluation: 5 res for frame 729 received at 1574767222281
11-26 13:20:22.311 19102 19139 D Evaluation: 5 res for frame 731 received at 1574767222311
11-26 13:20:22.336 19102 19139 D Evaluation: 5 res for frame 733 received at 1574767222336
11-26 13:20:22.365 19102 19139 D Evaluation: 5 res for frame 733 received at 1574767222365
11-26 13:20:22.399 19102 19139 D Evaluation: 5 res for frame 734 received at 1574767222399
11-26 13:20:22.425 19102 19139 D Evaluation: 5 res for frame 734 received at 1574767222425
11-26 13:20:22.461 19102 19139 D Evaluation: 5 res for frame 735 received at 1574767222461
11-26 13:20:22.496 19102 19139 D Evaluation: 5 res for frame 736 received at 1574767222496
11-26 13:20:22.625 19102 19139 D Evaluation: 5 res for frame 737 received at 1574767222625
11-26 13:20:22.756 19102 19139 D Evaluation: 4 res for frame 738 received at 1574767222756
11-26 13:20:22.800 19102 19139 D Evaluation: 4 res for frame 739 received at 1574767222800
11-26 13:20:22.826 19102 19139 D Evaluation: 2 res for frame 740 received at 1574767222826
11-26 13:20:22.851 19102 19139 D Evaluation: 2 res for frame 742 received at 1574767222851
11-26 13:20:22.891 19102 19139 D Evaluation: 3 res for frame 743 received at 1574767222891
11-26 13:20:22.907 19102 19115 W System  : A resource failed to call close. 
11-26 13:20:22.908 19102 19115 I chatty  : uid=10203(symlab.cloudridar.arhud) FinalizerDaemon identical 15 lines
11-26 13:20:22.908 19102 19115 W System  : A resource failed to call close. 
11-26 13:20:22.908 19102 19115 W System  : A resource failed to call close. 
11-26 13:20:22.908 19102 19115 W System  : A resource failed to call close. 
11-26 13:20:22.908 19102 19115 W System  : A resource failed to call close. 
11-26 13:20:22.908 19102 19115 W System  : A resource failed to call close. 
11-26 13:20:22.908 19102 19115 W System  : A resource failed to call close. 
11-26 13:20:22.908 19102 19115 W System  : A resource failed to call close. 
11-26 13:20:22.909 19102 19115 I chatty  : uid=10203(symlab.cloudridar.arhud) FinalizerDaemon identical 17 lines
11-26 13:20:22.909 19102 19115 W System  : A resource failed to call close. 
11-26 13:20:22.921 19102 19139 D Evaluation: 2 res for frame 744 received at 1574767222921
11-26 13:20:22.978 19102 19139 D Evaluation: 1 res for frame 744 received at 1574767222978
11-26 13:20:23.040 19102 19139 D Evaluation: 1 res for frame 745 received at 1574767223040
11-26 13:20:23.071 19102 19139 D Evaluation: 1 res for frame 746 received at 1574767223071
11-26 13:20:23.099 19102 19139 D Evaluation: 0 res for frame 747 received at 1574767223099
11-26 13:20:23.136 19102 19139 D Evaluation: 0 res for frame 749 received at 1574767223136
11-26 13:20:23.169 19102 19139 D Evaluation: 1 res for frame 750 received at 1574767223168
11-26 13:20:23.202 19102 19139 D Evaluation: 1 res for frame 750 received at 1574767223202
11-26 13:20:23.234 19102 19139 D Evaluation: 1 res for frame 751 received at 1574767223234
11-26 13:20:23.267 19102 19139 D Evaluation: 1 res for frame 752 received at 1574767223267
11-26 13:20:23.353 19102 19139 D Evaluation: 1 res for frame 753 received at 1574767223353
11-26 13:20:23.381 19102 19139 D Evaluation: 1 res for frame 754 received at 1574767223381
11-26 13:20:23.425 19102 19139 D Evaluation: 2 res for frame 755 received at 1574767223425
11-26 13:20:23.457 19102 19139 D Evaluation: 1 res for frame 757 received at 1574767223457
11-26 13:20:23.494 19102 19139 D Evaluation: 1 res for frame 757 received at 1574767223494
11-26 13:20:23.529 19102 19139 D Evaluation: 2 res for frame 758 received at 1574767223529
11-26 13:20:23.574 19102 19139 D Evaluation: 3 res for frame 759 received at 1574767223574
11-26 13:20:23.609 19102 19139 D Evaluation: 2 res for frame 760 received at 1574767223609
11-26 13:20:23.639 19102 19139 D Evaluation: 2 res for frame 761 received at 1574767223639
11-26 13:20:23.664 19102 19139 D Evaluation: 3 res for frame 762 received at 1574767223664
11-26 13:20:23.720 19102 19139 D Evaluation: 2 res for frame 764 received at 1574767223720
11-26 13:20:23.750 19102 19139 D Evaluation: 2 res for frame 764 received at 1574767223749
11-26 13:20:23.821 19102 19139 D Evaluation: 1 res for frame 765 received at 1574767223821
11-26 13:20:23.850 19102 19139 D Evaluation: 1 res for frame 767 received at 1574767223850
11-26 13:20:23.876 19102 19139 D Evaluation: 1 res for frame 767 received at 1574767223876
11-26 13:20:23.887 19102 19115 W System  : A resource failed to call close. 
11-26 13:20:23.887 19102 19115 I chatty  : uid=10203(symlab.cloudridar.arhud) FinalizerDaemon identical 1 line
11-26 13:20:23.887 19102 19115 W System  : A resource failed to call close. 
11-26 13:20:23.887 19102 19115 W System  : A resource failed to call close. 
11-26 13:20:23.887 19102 19115 W System  : A resource failed to call close. 
11-26 13:20:23.887 19102 19115 W System  : A resource failed to call close. 
11-26 13:20:23.887 19102 19115 W System  : A resource failed to call close. 
11-26 13:20:23.887 19102 19115 W System  : A resource failed to call close. 
11-26 13:20:23.887 19102 19115 W System  : A resource failed to call close. 
11-26 13:20:23.889 19102 19115 I chatty  : uid=10203(symlab.cloudridar.arhud) FinalizerDaemon identical 27 lines
11-26 13:20:23.889 19102 19115 W System  : A resource failed to call close. 
11-26 13:20:23.889 19102 19115 W System  : A resource failed to call close. 
11-26 13:20:23.890 19102 19115 I chatty  : uid=10203(symlab.cloudridar.arhud) FinalizerDaemon identical 11 lines
11-26 13:20:23.890 19102 19115 W System  : A resource failed to call close. 
11-26 13:20:23.950 19102 19139 D Evaluation: 1 res for frame 769 received at 1574767223950
11-26 13:20:23.979 19102 19139 D Evaluation: 1 res for frame 770 received at 1574767223979
11-26 13:20:24.069 19102 19139 D Evaluation: 1 res for frame 770 received at 1574767224068
11-26 13:20:24.111 19102 19139 D Evaluation: 0 res for frame 772 received at 1574767224111
11-26 13:20:24.144 19102 19139 D Evaluation: 0 res for frame 772 received at 1574767224144
11-26 13:20:24.173 19102 19139 D Evaluation: 1 res for frame 774 received at 1574767224173
11-26 13:20:24.324 19102 19139 D Evaluation: 1 res for frame 775 received at 1574767224324
11-26 13:20:24.386 19102 19139 D Evaluation: 2 res for frame 776 received at 1574767224386
11-26 13:20:24.418 19102 19139 D Evaluation: 1 res for frame 776 received at 1574767224418
11-26 13:20:24.443 19102 19139 D Evaluation: 1 res for frame 777 received at 1574767224443
11-26 13:20:24.465 19102 19139 D Evaluation: 1 res for frame 778 received at 1574767224465
11-26 13:20:24.499 19102 19139 D Evaluation: 0 res for frame 780 received at 1574767224499
11-26 13:20:24.529 19102 19139 D Evaluation: 1 res for frame 781 received at 1574767224529
11-26 13:20:24.566 19102 19139 D Evaluation: 0 res for frame 781 received at 1574767224566
11-26 13:20:24.718 19102 19139 D Evaluation: 2 res for frame 782 received at 1574767224718
11-26 13:20:24.747 19102 19139 D Evaluation: 3 res for frame 783 received at 1574767224747
11-26 13:20:24.773 19102 19139 D Evaluation: 3 res for frame 784 received at 1574767224773
11-26 13:20:24.797 19102 19139 D Evaluation: 3 res for frame 785 received at 1574767224797
11-26 13:20:24.821 19102 19139 D Evaluation: 4 res for frame 787 received at 1574767224821
11-26 13:20:24.928 19102 19139 D Evaluation: 3 res for frame 788 received at 1574767224928
11-26 13:20:24.959 19102 19139 D Evaluation: 2 res for frame 788 received at 1574767224958
11-26 13:20:24.986 19102 19139 D Evaluation: 1 res for frame 789 received at 1574767224986
11-26 13:20:25.011 19102 19139 D Evaluation: 4 res for frame 791 received at 1574767225011
11-26 13:20:25.039 19102 19139 D Evaluation: 3 res for frame 792 received at 1574767225039
11-26 13:20:25.060 19102 19115 W System  : A resource failed to call close. 
11-26 13:20:25.060 19102 19115 I chatty  : uid=10203(symlab.cloudridar.arhud) FinalizerDaemon identical 3 lines
11-26 13:20:25.060 19102 19115 W System  : A resource failed to call close. 
11-26 13:20:25.060 19102 19115 W System  : A resource failed to call close. 
11-26 13:20:25.060 19102 19115 W System  : A resource failed to call close. 
11-26 13:20:25.060 19102 19115 W System  : A resource failed to call close. 
11-26 13:20:25.061 19102 19115 W System  : A resource failed to call close. 
11-26 13:20:25.061 19102 19115 W System  : A resource failed to call close. 
11-26 13:20:25.061 19102 19115 W System  : A resource failed to call close. 
11-26 13:20:25.061 19102 19115 I chatty  : uid=10203(symlab.cloudridar.arhud) FinalizerDaemon identical 3 lines
11-26 13:20:25.061 19102 19115 W System  : A resource failed to call close. 
11-26 13:20:25.061 19102 19115 W System  : A resource failed to call close. 
11-26 13:20:25.062 19102 19115 I chatty  : uid=10203(symlab.cloudridar.arhud) FinalizerDaemon identical 33 lines
11-26 13:20:25.063 19102 19115 W System  : A resource failed to call close. 
11-26 13:20:25.072 19102 19139 D Evaluation: 1 res for frame 793 received at 1574767225072
11-26 13:20:25.183 19102 19139 D Evaluation: 2 res for frame 793 received at 1574767225183
11-26 13:20:25.239 19102 19139 D Evaluation: 3 res for frame 794 received at 1574767225239
11-26 13:20:25.270 19102 19139 D Evaluation: 4 res for frame 795 received at 1574767225270
11-26 13:20:25.297 19102 19139 D Evaluation: 2 res for frame 796 received at 1574767225297
11-26 13:20:25.400 19102 19139 D Evaluation: 2 res for frame 797 received at 1574767225400
11-26 13:20:25.439 19102 19139 D Evaluation: 1 res for frame 798 received at 1574767225437
11-26 13:20:25.523 19102 19139 D Evaluation: 2 res for frame 799 received at 1574767225523
11-26 13:20:25.561 19102 19139 D Evaluation: 3 res for frame 800 received at 1574767225561
11-26 13:20:25.591 19102 19139 D Evaluation: 1 res for frame 801 received at 1574767225590
11-26 13:20:25.616 19102 19139 D Evaluation: 1 res for frame 803 received at 1574767225616
11-26 13:20:25.642 19102 19139 D Evaluation: 3 res for frame 804 received at 1574767225642
11-26 13:20:25.664 19102 19139 D Evaluation: 5 res for frame 805 received at 1574767225664
11-26 13:20:25.741 19102 19139 D Evaluation: 5 res for frame 806 received at 1574767225741
11-26 13:20:25.773 19102 19139 D Evaluation: 4 res for frame 807 received at 1574767225773
11-26 13:20:25.824 19102 19139 D Evaluation: 5 res for frame 807 received at 1574767225824
11-26 13:20:25.860 19102 19139 D Evaluation: 4 res for frame 808 received at 1574767225860
11-26 13:20:25.891 19102 19139 D Evaluation: 5 res for frame 809 received at 1574767225891
11-26 13:20:25.918 19102 19139 D Evaluation: 5 res for frame 811 received at 1574767225918
11-26 13:20:25.942 19102 19139 D Evaluation: 4 res for frame 812 received at 1574767225942
11-26 13:20:25.964 19102 19139 D Evaluation: 5 res for frame 813 received at 1574767225964
11-26 13:20:26.056 19102 19139 D Evaluation: 5 res for frame 814 received at 1574767226056
11-26 13:20:26.082 19102 19115 W System  : A resource failed to call close. 
11-26 13:20:26.084 19102 19115 I chatty  : uid=10203(symlab.cloudridar.arhud) FinalizerDaemon identical 25 lines
11-26 13:20:26.084 19102 19115 W System  : A resource failed to call close. 
11-26 13:20:26.084 19102 19115 W System  : A resource failed to call close. 
11-26 13:20:26.084 19102 19115 W System  : A resource failed to call close. 
11-26 13:20:26.084 19102 19115 W System  : A resource failed to call close. 
11-26 13:20:26.084 19102 19115 W System  : A resource failed to call close. 
11-26 13:20:26.085 19102 19115 I chatty  : uid=10203(symlab.cloudridar.arhud) FinalizerDaemon identical 9 lines
11-26 13:20:26.085 19102 19115 W System  : A resource failed to call close. 
11-26 13:20:26.086 19102 19115 W System  : A resource failed to call close. 
11-26 13:20:26.086 19102 19115 W System  : A resource failed to call close. 
11-26 13:20:26.088 19102 19139 D Evaluation: 5 res for frame 815 received at 1574767226088
11-26 13:20:26.113 19102 19139 D Evaluation: 5 res for frame 815 received at 1574767226113
11-26 13:20:26.136 19102 19139 D Evaluation: 4 res for frame 817 received at 1574767226136
11-26 13:20:26.159 19102 19139 D Evaluation: 4 res for frame 818 received at 1574767226159
11-26 13:20:26.255 19102 19139 D Evaluation: 3 res for frame 819 received at 1574767226255
11-26 13:20:26.314 19102 19139 D Evaluation: 3 res for frame 820 received at 1574767226314
11-26 13:20:26.343 19102 19139 D Evaluation: 3 res for frame 820 received at 1574767226343
11-26 13:20:26.367 19102 19139 D Evaluation: 2 res for frame 821 received at 1574767226367
11-26 13:20:26.453 19102 19139 D Evaluation: 3 res for frame 823 received at 1574767226453
11-26 13:20:26.485 19102 19139 D Evaluation: 3 res for frame 823 received at 1574767226485
11-26 13:20:26.511 19102 19139 D Evaluation: 3 res for frame 824 received at 1574767226511
11-26 13:20:26.609 19102 19139 D Evaluation: 2 res for frame 826 received at 1574767226609
11-26 13:20:26.677 19102 19139 D Evaluation: 4 res for frame 826 received at 1574767226677
11-26 13:20:26.709 19102 19139 D Evaluation: 5 res for frame 827 received at 1574767226709
11-26 13:20:26.738 19102 19139 D Evaluation: 3 res for frame 828 received at 1574767226738
11-26 13:20:26.771 19102 19139 D Evaluation: 3 res for frame 830 received at 1574767226771
11-26 13:20:26.803 19102 19139 D Evaluation: 4 res for frame 831 received at 1574767226803
11-26 13:20:26.897 19102 19139 D Evaluation: 3 res for frame 831 received at 1574767226897
11-26 13:20:26.925 19102 19139 D Evaluation: 4 res for frame 832 received at 1574767226924
11-26 13:20:26.947 19102 19139 D Evaluation: 1 res for frame 833 received at 1574767226947
11-26 13:20:27.006 19102 19139 D Evaluation: 3 res for frame 835 received at 1574767227005
11-26 13:20:27.034 19102 19139 D Evaluation: 2 res for frame 836 received at 1574767227034
11-26 13:20:27.051 19102 19115 W System  : A resource failed to call close. 
11-26 13:20:27.052 19102 19115 I chatty  : uid=10203(symlab.cloudridar.arhud) FinalizerDaemon identical 1 line
11-26 13:20:27.052 19102 19115 W System  : A resource failed to call close. 
11-26 13:20:27.052 19102 19115 W System  : A resource failed to call close. 
11-26 13:20:27.052 19102 19115 I chatty  : uid=10203(symlab.cloudridar.arhud) FinalizerDaemon identical 9 lines
11-26 13:20:27.053 19102 19115 W System  : A resource failed to call close. 
11-26 13:20:27.053 19102 19115 W System  : A resource failed to call close. 
11-26 13:20:27.053 19102 19115 I chatty  : uid=10203(symlab.cloudridar.arhud) FinalizerDaemon identical 1 line
11-26 13:20:27.053 19102 19115 W System  : A resource failed to call close. 
11-26 13:20:27.053 19102 19115 W System  : A resource failed to call close. 
11-26 13:20:27.053 19102 19115 W System  : A resource failed to call close. 
11-26 13:20:27.053 19102 19115 W System  : A resource failed to call close. 
11-26 13:20:27.053 19102 19115 W System  : A resource failed to call close. 
11-26 13:20:27.054 19102 19115 I chatty  : uid=10203(symlab.cloudridar.arhud) FinalizerDaemon identical 21 lines
11-26 13:20:27.054 19102 19115 W System  : A resource failed to call close. 
11-26 13:20:27.065 19102 19139 D Evaluation: 2 res for frame 836 received at 1574767227065
11-26 13:20:27.124 19102 19139 D Evaluation: 2 res for frame 838 received at 1574767227124
11-26 13:20:27.161 19102 19139 D Evaluation: 1 res for frame 838 received at 1574767227161
11-26 13:20:27.195 19102 19139 D Evaluation: 0 res for frame 839 received at 1574767227195
11-26 13:20:27.225 19102 19139 D Evaluation: 1 res for frame 841 received at 1574767227225
11-26 13:20:27.252 19102 19139 D Evaluation: 3 res for frame 841 received at 1574767227252
11-26 13:20:27.349 19102 19139 D Evaluation: 2 res for frame 842 received at 1574767227349
11-26 13:20:27.385 19102 19139 D Evaluation: 2 res for frame 843 received at 1574767227385
11-26 13:20:27.412 19102 19139 D Evaluation: 1 res for frame 844 received at 1574767227412
11-26 13:20:27.437 19102 19139 D Evaluation: 4 res for frame 846 received at 1574767227437
11-26 13:20:27.462 19102 19139 D Evaluation: 3 res for frame 847 received at 1574767227462
11-26 13:20:27.557 19102 19139 D Evaluation: 4 res for frame 848 received at 1574767227556
11-26 13:20:27.593 19102 19139 D Evaluation: 4 res for frame 849 received at 1574767227592
11-26 13:20:27.622 19102 19139 D Evaluation: 3 res for frame 849 received at 1574767227622
11-26 13:20:27.649 19102 19139 D Evaluation: 3 res for frame 851 received at 1574767227649
11-26 13:20:27.673 19102 19139 D Evaluation: 3 res for frame 852 received at 1574767227673
11-26 13:20:27.697 19102 19139 D Evaluation: 5 res for frame 853 received at 1574767227697
11-26 13:20:27.807 19102 19139 D Evaluation: 4 res for frame 853 received at 1574767227807
11-26 13:20:27.885 19102 19139 D Evaluation: 5 res for frame 854 received at 1574767227885
11-26 13:20:27.921 19102 19139 D Evaluation: 4 res for frame 855 received at 1574767227921
11-26 13:20:27.944 19102 19115 W System  : A resource failed to call close. 
11-26 13:20:27.944 19102 19115 I chatty  : uid=10203(symlab.cloudridar.arhud) FinalizerDaemon identical 1 line
11-26 13:20:27.944 19102 19115 W System  : A resource failed to call close. 
11-26 13:20:27.944 19102 19115 W System  : A resource failed to call close. 
11-26 13:20:27.944 19102 19115 W System  : A resource failed to call close. 
11-26 13:20:27.944 19102 19115 W System  : A resource failed to call close. 
11-26 13:20:27.945 19102 19115 W System  : A resource failed to call close. 
11-26 13:20:27.945 19102 19115 I chatty  : uid=10203(symlab.cloudridar.arhud) FinalizerDaemon identical 5 lines
11-26 13:20:27.945 19102 19115 W System  : A resource failed to call close. 
11-26 13:20:27.945 19102 19115 W System  : A resource failed to call close. 
11-26 13:20:27.947 19102 19115 I chatty  : uid=10203(symlab.cloudridar.arhud) FinalizerDaemon identical 27 lines
11-26 13:20:27.947 19102 19115 W System  : A resource failed to call close. 
11-26 13:20:27.954 19102 19139 W System.err: java.net.SocketException: Message too long
11-26 13:20:27.954 19102 19139 W System.err: 	at sun.nio.ch.DatagramChannelImpl.send0(Native Method)
11-26 13:20:27.954 19102 19139 W System.err: 	at sun.nio.ch.DatagramChannelImpl.sendFromNativeBuffer(DatagramChannelImpl.java:573)
11-26 13:20:27.954 19102 19139 W System.err: 	at sun.nio.ch.DatagramChannelImpl.send(DatagramChannelImpl.java:550)
11-26 13:20:27.954 19102 19139 W System.err: 	at sun.nio.ch.DatagramChannelImpl.send(DatagramChannelImpl.java:514)
11-26 13:20:27.955 19102 19139 W System.err: 	at symlab.CloudAR.network.TransmissionTask.run(TransmissionTask.java:133)
11-26 13:20:27.955 19102 19139 W System.err: 	at android.os.Handler.handleCallback(Handler.java:874)
11-26 13:20:27.955 19102 19139 W System.err: 	at android.os.Handler.dispatchMessage(Handler.java:100)
11-26 13:20:27.955 19102 19139 W System.err: 	at android.os.Looper.loop(Looper.java:198)
11-26 13:20:27.955 19102 19139 W System.err: 	at android.os.HandlerThread.run(HandlerThread.java:65)
11-26 13:20:27.957 19102 19139 D Evaluation: 2 res for frame 856 received at 1574767227957
11-26 13:20:27.987 19102 19139 D Evaluation: 1 res for frame 858 received at 1574767227987
11-26 13:20:28.013 19102 19139 D Evaluation: 2 res for frame 859 received at 1574767228013
11-26 13:20:28.036 19102 19139 D Evaluation: 1 res for frame 861 received at 1574767228036
11-26 13:20:28.070 19102 19139 D Evaluation: 2 res for frame 862 received at 1574767228070
11-26 13:20:28.101 19102 19139 D Evaluation: 3 res for frame 862 received at 1574767228101
11-26 13:20:28.129 19102 19139 D Evaluation: 3 res for frame 864 received at 1574767228129
11-26 13:20:28.168 19102 19139 D Evaluation: 2 res for frame 864 received at 1574767228168
11-26 13:20:28.201 19102 19139 D Evaluation: 3 res for frame 865 received at 1574767228201
11-26 13:20:28.242 19102 19139 D Evaluation: 4 res for frame 866 received at 1574767228242
11-26 13:20:28.270 19102 19139 D Evaluation: 5 res for frame 867 received at 1574767228270
11-26 13:20:28.297 19102 19139 D Evaluation: 4 res for frame 868 received at 1574767228297
11-26 13:20:28.387 19102 19139 W System.err: java.net.SocketException: Message too long
11-26 13:20:28.387 19102 19139 W System.err: 	at sun.nio.ch.DatagramChannelImpl.send0(Native Method)
11-26 13:20:28.387 19102 19139 W System.err: 	at sun.nio.ch.DatagramChannelImpl.sendFromNativeBuffer(DatagramChannelImpl.java:573)
11-26 13:20:28.387 19102 19139 W System.err: 	at sun.nio.ch.DatagramChannelImpl.send(DatagramChannelImpl.java:550)
11-26 13:20:28.387 19102 19139 W System.err: 	at sun.nio.ch.DatagramChannelImpl.send(DatagramChannelImpl.java:514)
11-26 13:20:28.387 19102 19139 W System.err: 	at symlab.CloudAR.network.TransmissionTask.run(TransmissionTask.java:133)
11-26 13:20:28.387 19102 19139 W System.err: 	at android.os.Handler.handleCallback(Handler.java:874)
11-26 13:20:28.387 19102 19139 W System.err: 	at android.os.Handler.dispatchMessage(Handler.java:100)
11-26 13:20:28.387 19102 19139 W System.err: 	at android.os.Looper.loop(Looper.java:198)
11-26 13:20:28.387 19102 19139 W System.err: 	at android.os.HandlerThread.run(HandlerThread.java:65)
11-26 13:20:28.390 19102 19139 D Evaluation: 4 res for frame 870 received at 1574767228390
11-26 13:20:28.472 19102 19139 D Evaluation: 4 res for frame 870 received at 1574767228472
11-26 13:20:28.572 19102 19139 D Evaluation: 3 res for frame 873 received at 1574767228571
11-26 13:20:28.602 19102 19139 D Evaluation: 2 res for frame 873 received at 1574767228602
11-26 13:20:28.626 19102 19139 D Evaluation: 2 res for frame 875 received at 1574767228626
11-26 13:20:28.677 19102 19139 D Evaluation: 1 res for frame 875 received at 1574767228677
11-26 13:20:28.713 19102 19139 D Evaluation: 0 res for frame 876 received at 1574767228713
11-26 13:20:28.738 19102 19139 D Evaluation: 0 res for frame 878 received at 1574767228738
11-26 13:20:28.751 19102 19115 W System  : A resource failed to call close. 
11-26 13:20:28.752 19102 19115 I chatty  : uid=10203(symlab.cloudridar.arhud) FinalizerDaemon identical 8 lines
11-26 13:20:28.752 19102 19115 W System  : A resource failed to call close. 
11-26 13:20:28.752 19102 19115 W System  : A resource failed to call close. 
11-26 13:20:28.752 19102 19115 W System  : A resource failed to call close. 
11-26 13:20:28.752 19102 19115 W System  : A resource failed to call close. 
11-26 13:20:28.752 19102 19115 W System  : A resource failed to call close. 
11-26 13:20:28.752 19102 19115 W System  : A resource failed to call close. 
11-26 13:20:28.753 19102 19115 I chatty  : uid=10203(symlab.cloudridar.arhud) FinalizerDaemon identical 12 lines
11-26 13:20:28.753 19102 19115 W System  : A resource failed to call close. 
11-26 13:20:28.753 19102 19115 W System  : A resource failed to call close. 
11-26 13:20:28.753 19102 19115 I chatty  : uid=10203(symlab.cloudridar.arhud) FinalizerDaemon identical 7 lines
11-26 13:20:28.753 19102 19115 W System  : A resource failed to call close. 
11-26 13:20:28.761 19102 19139 D Evaluation: 0 res for frame 879 received at 1574767228761
11-26 13:20:28.804 19102 19139 D Evaluation: 0 res for frame 880 received at 1574767228804
11-26 13:20:28.892 19102 19139 D Evaluation: 0 res for frame 880 received at 1574767228892
11-26 13:20:28.918 19102 19139 D Evaluation: 0 res for frame 881 received at 1574767228918
11-26 13:20:28.941 19102 19139 D Evaluation: 0 res for frame 883 received at 1574767228941
11-26 13:20:28.980 19102 19139 D Evaluation: 0 res for frame 884 received at 1574767228980
11-26 13:20:29.021 19102 19139 D Evaluation: 0 res for frame 884 received at 1574767229021
11-26 13:20:29.059 19102 19139 D Evaluation: 0 res for frame 885 received at 1574767229059
11-26 13:20:29.105 19102 19139 D Evaluation: 0 res for frame 886 received at 1574767229105
11-26 13:20:29.141 19102 19139 D Evaluation: 0 res for frame 887 received at 1574767229141
11-26 13:20:29.194 19102 19139 D Evaluation: 0 res for frame 888 received at 1574767229194
11-26 13:20:29.224 19102 19139 D Evaluation: 0 res for frame 889 received at 1574767229224
11-26 13:20:29.258 19102 19139 D Evaluation: 0 res for frame 890 received at 1574767229258
11-26 13:20:29.311 19102 19139 D Evaluation: 0 res for frame 891 received at 1574767229311
11-26 13:20:29.342 19102 19139 D Evaluation: 0 res for frame 892 received at 1574767229342
11-26 13:20:29.368 19102 19139 D Evaluation: 0 res for frame 893 received at 1574767229368
11-26 13:20:29.393 19102 19139 D Evaluation: 0 res for frame 895 received at 1574767229393
11-26 13:20:29.428 19102 19139 D Evaluation: 0 res for frame 895 received at 1574767229428
11-26 13:20:29.493 19102 19139 D Evaluation: 0 res for frame 896 received at 1574767229493
11-26 13:20:29.545 19102 19139 D Evaluation: 0 res for frame 897 received at 1574767229545
11-26 13:20:29.578 19102 19139 D Evaluation: 0 res for frame 898 received at 1574767229578
11-26 13:20:29.602 19102 19139 D Evaluation: 0 res for frame 900 received at 1574767229602
11-26 13:20:29.633 19102 19139 D Evaluation: 0 res for frame 901 received at 1574767229633
11-26 13:20:29.704 19102 19139 D Evaluation: 0 res for frame 901 received at 1574767229704
11-26 13:20:29.735 19102 19139 D Evaluation: 0 res for frame 902 received at 1574767229735
11-26 13:20:29.749 19102 19115 W System  : A resource failed to call close. 
11-26 13:20:29.749 19102 19115 W System  : A resource failed to call close. 
11-26 13:20:29.750 19102 19115 W System  : A resource failed to call close. 
11-26 13:20:29.750 19102 19115 W System  : A resource failed to call close. 
11-26 13:20:29.750 19102 19115 I chatty  : uid=10203(symlab.cloudridar.arhud) FinalizerDaemon identical 1 line
11-26 13:20:29.750 19102 19115 W System  : A resource failed to call close. 
11-26 13:20:29.750 19102 19115 W System  : A resource failed to call close. 
11-26 13:20:29.750 19102 19115 W System  : A resource failed to call close. 
11-26 13:20:29.753 19102 19115 I chatty  : uid=10203(symlab.cloudridar.arhud) FinalizerDaemon identical 41 lines
11-26 13:20:29.753 19102 19115 W System  : A resource failed to call close. 
11-26 13:20:29.760 19102 19139 D Evaluation: 0 res for frame 904 received at 1574767229760
11-26 13:20:29.806 19102 19139 D Evaluation: 0 res for frame 906 received at 1574767229806
11-26 13:20:29.828 19102 19139 D Evaluation: 0 res for frame 906 received at 1574767229828
11-26 13:20:29.915 19102 19139 D Evaluation: 0 res for frame 907 received at 1574767229915
11-26 13:20:29.949 19102 19139 D Evaluation: 0 res for frame 908 received at 1574767229949
11-26 13:20:29.975 19102 19139 D Evaluation: 0 res for frame 908 received at 1574767229974
11-26 13:20:30.007 19102 19139 D Evaluation: 1 res for frame 909 received at 1574767230007
11-26 13:20:30.037 19102 19139 D Evaluation: 0 res for frame 911 received at 1574767230037
11-26 13:20:30.065 19102 19139 D Evaluation: 0 res for frame 911 received at 1574767230065
11-26 13:20:30.101 19102 19139 D Evaluation: 0 res for frame 912 received at 1574767230101
11-26 13:20:30.123 19102 19139 D Evaluation: 1 res for frame 913 received at 1574767230123
11-26 13:20:30.159 19102 19139 D Evaluation: 1 res for frame 914 received at 1574767230159
11-26 13:20:30.273 19102 19139 D Evaluation: 0 res for frame 915 received at 1574767230273
11-26 13:20:30.330 19102 19139 D Evaluation: 0 res for frame 916 received at 1574767230330
11-26 13:20:30.367 19102 19139 D Evaluation: 0 res for frame 917 received at 1574767230367
11-26 13:20:30.394 19102 19139 D Evaluation: 0 res for frame 918 received at 1574767230394
11-26 13:20:30.419 19102 19139 D Evaluation: 1 res for frame 920 received at 1574767230419
11-26 13:20:30.442 19102 19139 D Evaluation: 1 res for frame 921 received at 1574767230442
11-26 13:20:30.465 19102 19139 D Evaluation: 1 res for frame 922 received at 1574767230465
11-26 13:20:30.487 19102 19139 D Evaluation: 1 res for frame 923 received at 1574767230487
11-26 13:20:30.494 19102 19115 W System  : A resource failed to call close. 
11-26 13:20:30.495 19102 19115 I chatty  : uid=10203(symlab.cloudridar.arhud) FinalizerDaemon identical 1 line
11-26 13:20:30.495 19102 19115 W System  : A resource failed to call close. 
11-26 13:20:30.495 19102 19115 W System  : A resource failed to call close. 
11-26 13:20:30.495 19102 19115 W System  : A resource failed to call close. 
11-26 13:20:30.495 19102 19115 W System  : A resource failed to call close. 
11-26 13:20:30.495 19102 19115 W System  : A resource failed to call close. 
11-26 13:20:30.495 19102 19115 I chatty  : uid=10203(symlab.cloudridar.arhud) FinalizerDaemon identical 1 line
11-26 13:20:30.495 19102 19115 W System  : A resource failed to call close. 
11-26 13:20:30.495 19102 19115 W System  : A resource failed to call close. 
11-26 13:20:30.495 19102 19115 W System  : A resource failed to call close. 
11-26 13:20:30.496 19102 19115 I chatty  : uid=10203(symlab.cloudridar.arhud) FinalizerDaemon identical 23 lines
11-26 13:20:30.496 19102 19115 W System  : A resource failed to call close. 
11-26 13:20:30.496 19102 19115 W System  : A resource failed to call close. 
11-26 13:20:30.496 19102 19115 I chatty  : uid=10203(symlab.cloudridar.arhud) FinalizerDaemon identical 4 lines
11-26 13:20:30.497 19102 19115 W System  : A resource failed to call close. 
11-26 13:20:30.522 19102 19139 D Evaluation: 1 res for frame 924 received at 1574767230522
11-26 13:20:30.567 19102 19139 D Evaluation: 1 res for frame 924 received at 1574767230567
11-26 13:20:30.594 19102 19139 D Evaluation: 1 res for frame 925 received at 1574767230594
11-26 13:20:30.622 19102 19139 D Evaluation: 1 res for frame 926 received at 1574767230622
11-26 13:20:30.653 19102 19139 D Evaluation: 2 res for frame 927 received at 1574767230652
11-26 13:20:30.698 19102 19139 D Evaluation: 2 res for frame 928 received at 1574767230698
11-26 13:20:30.816 19102 19139 D Evaluation: 1 res for frame 929 received at 1574767230816
11-26 13:20:30.853 19102 19139 D Evaluation: 1 res for frame 930 received at 1574767230853
11-26 13:20:30.887 19102 19139 D Evaluation: 1 res for frame 931 received at 1574767230887
11-26 13:20:30.911 19102 19139 D Evaluation: 1 res for frame 934 received at 1574767230911
11-26 13:20:31.074 19102 19139 D Evaluation: 1 res for frame 934 received at 1574767231074
11-26 13:20:31.108 19102 19139 D Evaluation: 1 res for frame 935 received at 1574767231108
11-26 13:20:31.131 19102 19139 D Evaluation: 0 res for frame 935 received at 1574767231131
11-26 13:20:31.173 19102 19139 D Evaluation: 1 res for frame 936 received at 1574767231173
11-26 13:20:31.210 19102 19139 D Evaluation: 0 res for frame 938 received at 1574767231210
11-26 13:20:31.273 19102 19139 D Evaluation: 0 res for frame 938 received at 1574767231273
11-26 13:20:31.304 19102 19139 D Evaluation: 0 res for frame 939 received at 1574767231304
11-26 13:20:31.327 19102 19139 D Evaluation: 0 res for frame 940 received at 1574767231327
11-26 13:20:31.368 19102 19139 D Evaluation: 0 res for frame 942 received at 1574767231368
11-26 13:20:31.422 19102 19139 D Evaluation: 0 res for frame 943 received at 1574767231422
11-26 13:20:31.458 19102 19139 D Evaluation: 0 res for frame 943 received at 1574767231458
11-26 13:20:31.504 19102 19139 D Evaluation: 0 res for frame 944 received at 1574767231504
11-26 13:20:31.543 19102 19139 D Evaluation: 0 res for frame 945 received at 1574767231543
11-26 13:20:31.571 19102 19139 D Evaluation: 0 res for frame 946 received at 1574767231571
11-26 13:20:31.615 19102 19139 D Evaluation: 0 res for frame 947 received at 1574767231615
11-26 13:20:31.628 19102 19115 W System  : A resource failed to call close. 
11-26 13:20:31.629 19102 19115 W System  : A resource failed to call close. 
11-26 13:20:31.629 19102 19115 W System  : A resource failed to call close. 
11-26 13:20:31.629 19102 19115 W System  : A resource failed to call close. 
11-26 13:20:31.630 19102 19115 I chatty  : uid=10203(symlab.cloudridar.arhud) FinalizerDaemon identical 14 lines
11-26 13:20:31.630 19102 19115 W System  : A resource failed to call close. 
11-26 13:20:31.630 19102 19115 W System  : A resource failed to call close. 
11-26 13:20:31.630 19102 19115 W System  : A resource failed to call close. 
11-26 13:20:31.630 19102 19115 W System  : A resource failed to call close. 
11-26 13:20:31.631 19102 19115 W System  : A resource failed to call close. 
11-26 13:20:31.631 19102 19115 I chatty  : uid=10203(symlab.cloudridar.arhud) FinalizerDaemon identical 4 lines
11-26 13:20:31.631 19102 19115 W System  : A resource failed to call close. 
11-26 13:20:31.631 19102 19115 W System  : A resource failed to call close. 
11-26 13:20:31.631 19102 19115 W System  : A resource failed to call close. 
11-26 13:20:31.633 19102 19115 I chatty  : uid=10203(symlab.cloudridar.arhud) FinalizerDaemon identical 19 lines
11-26 13:20:31.633 19102 19115 W System  : A resource failed to call close. 
11-26 13:20:31.673 19102 19139 D Evaluation: 0 res for frame 949 received at 1574767231672
11-26 13:20:31.704 19102 19139 D Evaluation: 0 res for frame 949 received at 1574767231704
11-26 13:20:31.734 19102 19139 D Evaluation: 0 res for frame 950 received at 1574767231733
11-26 13:20:31.759 19102 19139 D Evaluation: 0 res for frame 952 received at 1574767231759
11-26 13:20:31.783 19102 19139 D Evaluation: 0 res for frame 953 received at 1574767231783
11-26 13:20:31.929 19102 19139 D Evaluation: 1 res for frame 954 received at 1574767231929
11-26 13:20:31.975 19102 19139 D Evaluation: 1 res for frame 954 received at 1574767231975
11-26 13:20:32.006 19102 19139 D Evaluation: 1 res for frame 955 received at 1574767232006
11-26 13:20:32.029 19102 19139 D Evaluation: 4 res for frame 956 received at 1574767232029
11-26 13:20:32.090 19102 19139 D Evaluation: 3 res for frame 958 received at 1574767232090
11-26 13:20:32.209 19102 19139 D Evaluation: 1 res for frame 959 received at 1574767232209
11-26 13:20:32.249 19102 19139 D Evaluation: 2 res for frame 959 received at 1574767232249
11-26 13:20:32.279 19102 19139 D Evaluation: 3 res for frame 960 received at 1574767232279
11-26 13:20:32.305 19102 19139 D Evaluation: 3 res for frame 963 received at 1574767232305
11-26 13:20:32.330 19102 19139 D Evaluation: 3 res for frame 964 received at 1574767232330
11-26 13:20:32.354 19102 19139 D Evaluation: 2 res for frame 965 received at 1574767232354
11-26 13:20:32.381 19102 19139 D Evaluation: 2 res for frame 965 received at 1574767232381
11-26 13:20:32.425 19102 19139 D Evaluation: 2 res for frame 965 received at 1574767232425
11-26 13:20:32.528 19102 19139 D Evaluation: 3 res for frame 966 received at 1574767232527
11-26 13:20:32.578 19102 19139 D Evaluation: 3 res for frame 967 received at 1574767232578
11-26 13:20:32.615 19102 19139 D Evaluation: 5 res for frame 968 received at 1574767232615
11-26 13:20:32.631 19102 19115 W System  : A resource failed to call close. 
11-26 13:20:32.631 19102 19115 I chatty  : uid=10203(symlab.cloudridar.arhud) FinalizerDaemon identical 8 lines
11-26 13:20:32.632 19102 19115 W System  : A resource failed to call close. 
11-26 13:20:32.632 19102 19115 W System  : A resource failed to call close. 
11-26 13:20:32.632 19102 19115 W System  : A resource failed to call close. 
11-26 13:20:32.632 19102 19115 W System  : A resource failed to call close. 
11-26 13:20:32.632 19102 19115 W System  : A resource failed to call close. 
11-26 13:20:32.633 19102 19115 I chatty  : uid=10203(symlab.cloudridar.arhud) FinalizerDaemon identical 13 lines
11-26 13:20:32.633 19102 19115 W System  : A resource failed to call close. 
11-26 13:20:32.633 19102 19115 W System  : A resource failed to call close. 
11-26 13:20:32.638 19102 19115 I chatty  : uid=10203(symlab.cloudridar.arhud) FinalizerDaemon identical 12 lines
11-26 13:20:32.638 19102 19115 W System  : A resource failed to call close. 
11-26 13:20:32.645 19102 19139 D Evaluation: 4 res for frame 969 received at 1574767232645
11-26 13:20:32.669 19102 19139 D Evaluation: 4 res for frame 971 received at 1574767232669
11-26 13:20:32.690 19102 19139 W System.err: java.net.SocketException: Message too long
11-26 13:20:32.690 19102 19139 W System.err: 	at sun.nio.ch.DatagramChannelImpl.send0(Native Method)
11-26 13:20:32.690 19102 19139 W System.err: 	at sun.nio.ch.DatagramChannelImpl.sendFromNativeBuffer(DatagramChannelImpl.java:573)
11-26 13:20:32.690 19102 19139 W System.err: 	at sun.nio.ch.DatagramChannelImpl.send(DatagramChannelImpl.java:550)
11-26 13:20:32.690 19102 19139 W System.err: 	at sun.nio.ch.DatagramChannelImpl.send(DatagramChannelImpl.java:514)
11-26 13:20:32.690 19102 19139 W System.err: 	at symlab.CloudAR.network.TransmissionTask.run(TransmissionTask.java:133)
11-26 13:20:32.690 19102 19139 W System.err: 	at android.os.Handler.handleCallback(Handler.java:874)
11-26 13:20:32.690 19102 19139 W System.err: 	at android.os.Handler.dispatchMessage(Handler.java:100)
11-26 13:20:32.690 19102 19139 W System.err: 	at android.os.Looper.loop(Looper.java:198)
11-26 13:20:32.690 19102 19139 W System.err: 	at android.os.HandlerThread.run(HandlerThread.java:65)
11-26 13:20:32.692 19102 19139 D Evaluation: 3 res for frame 972 received at 1574767232692
11-26 13:20:32.763 19102 19139 W System.err: java.net.SocketException: Message too long
11-26 13:20:32.763 19102 19139 W System.err: 	at sun.nio.ch.DatagramChannelImpl.send0(Native Method)
11-26 13:20:32.763 19102 19139 W System.err: 	at sun.nio.ch.DatagramChannelImpl.sendFromNativeBuffer(DatagramChannelImpl.java:573)
11-26 13:20:32.763 19102 19139 W System.err: 	at sun.nio.ch.DatagramChannelImpl.send(DatagramChannelImpl.java:550)
11-26 13:20:32.763 19102 19139 W System.err: 	at sun.nio.ch.DatagramChannelImpl.send(DatagramChannelImpl.java:514)
11-26 13:20:32.763 19102 19139 W System.err: 	at symlab.CloudAR.network.TransmissionTask.run(TransmissionTask.java:133)
11-26 13:20:32.763 19102 19139 W System.err: 	at android.os.Handler.handleCallback(Handler.java:874)
11-26 13:20:32.763 19102 19139 W System.err: 	at android.os.Handler.dispatchMessage(Handler.java:100)
11-26 13:20:32.763 19102 19139 W System.err: 	at android.os.Looper.loop(Looper.java:198)
11-26 13:20:32.763 19102 19139 W System.err: 	at android.os.HandlerThread.run(HandlerThread.java:65)
