--------- beginning of main
11-26 14:16:54.224 22840 22840 W loudridar.arhud: type=1400 audit(0.0:16472): avc: denied { read } for name="u:object_r:vendor_camera_prop:s0" dev="tmpfs" ino=5653 scontext=u:r:untrusted_app:s0:c203,c256,c512,c768 tcontext=u:object_r:vendor_camera_prop:s0 tclass=file permissive=0
11-26 14:16:54.224 22840 22840 W loudridar.arhud: type=1400 audit(0.0:16473): avc: denied { read } for name="u:object_r:vendor_camera_prop:s0" dev="tmpfs" ino=5653 scontext=u:r:untrusted_app:s0:c203,c256,c512,c768 tcontext=u:object_r:vendor_camera_prop:s0 tclass=file permissive=0
11-26 14:16:54.224 22840 22840 W loudridar.arhud: type=1400 audit(0.0:16474): avc: denied { read } for name="u:object_r:vendor_camera_prop:s0" dev="tmpfs" ino=5653 scontext=u:r:untrusted_app:s0:c203,c256,c512,c768 tcontext=u:object_r:vendor_camera_prop:s0 tclass=file permissive=0
11-26 14:16:54.175 22840 22840 I MultiDex: Installing application
11-26 14:16:54.175 22840 22840 I MultiDex: VM has multidex support, MultiDex support library is disabled.
11-26 14:16:54.179 22840 22840 I Poster  :  onCreate() called.
11-26 14:16:54.186 22840 22840 I DecorView: It non-support bigbang
11-26 14:16:54.189 22840 22840 I PhoneWindow: isNeedChangeNaviBarColor taskInfo: [android.app.ActivityManager$RunningTaskInfo@fbf91f7] size: 1
11-26 14:16:54.189 22840 22840 I PhoneWindow: isAPPNeedChange pkgName: symlab.cloudridar.arhud needKeep: false
11-26 14:16:54.189 22840 22840 I PhoneWindow: isNeedChangeNaviBarColor false
11-26 14:16:54.189 22840 22840 I PhoneWindow: generateLayout mNavigationBarColor: ff000000
11-26 14:16:54.189 22840 22840 I PhoneWindow: generateLayout isLightNavi false, Visibility: 0
11-26 14:16:54.198 22840 22840 D OpenGLRenderer: Skia GL Pipeline
11-26 14:16:54.205 22840 22840 D LocationManager: [LocationManager] requestLocationUpdates(), 
11-26 14:16:54.205 22840 22840 D LocationManager: java.lang.RuntimeException
11-26 14:16:54.205 22840 22840 D LocationManager: 	at android.location.LocationManager.requestLocationUpdates(LocationManager.java:1013)
11-26 14:16:54.205 22840 22840 D LocationManager: 	at android.location.LocationManager.requestLocationUpdates(LocationManager.java:562)
11-26 14:16:54.205 22840 22840 D LocationManager: 	at symlab.ARHUD.MainActivity.onCreate(MainActivity.java:94)
11-26 14:16:54.205 22840 22840 D LocationManager: 	at android.app.Activity.performCreate(Activity.java:7136)
11-26 14:16:54.205 22840 22840 D LocationManager: 	at android.app.Activity.performCreate(Activity.java:7127)
11-26 14:16:54.205 22840 22840 D LocationManager: 	at android.app.Instrumentation.callActivityOnCreate(Instrumentation.java:1272)
11-26 14:16:54.205 22840 22840 D LocationManager: 	at android.app.ActivityThread.performLaunchActivity(ActivityThread.java:2908)
11-26 14:16:54.205 22840 22840 D LocationManager: 	at android.app.ActivityThread.handleLaunchActivity(ActivityThread.java:3063)
11-26 14:16:54.205 22840 22840 D LocationManager: 	at android.app.servertransaction.LaunchActivityItem.execute(LaunchActivityItem.java:78)
11-26 14:16:54.205 22840 22840 D LocationManager: 	at android.app.servertransaction.TransactionExecutor.executeCallbacks(TransactionExecutor.java:108)
11-26 14:16:54.205 22840 22840 D LocationManager: 	at android.app.servertransaction.TransactionExecutor.execute(TransactionExecutor.java:68)
11-26 14:16:54.205 22840 22840 D LocationManager: 	at android.app.ActivityThread$H.handleMessage(ActivityThread.java:1823)
11-26 14:16:54.205 22840 22840 D LocationManager: 	at android.os.Handler.dispatchMessage(Handler.java:107)
11-26 14:16:54.205 22840 22840 D LocationManager: 	at android.os.Looper.loop(Looper.java:198)
11-26 14:16:54.205 22840 22840 D LocationManager: 	at android.app.ActivityThread.main(ActivityThread.java:6729)
11-26 14:16:54.205 22840 22840 D LocationManager: 	at java.lang.reflect.Method.invoke(Native Method)
11-26 14:16:54.205 22840 22840 D LocationManager: 	at com.android.internal.os.RuntimeInit$MethodAndArgsCaller.run(RuntimeInit.java:493)
11-26 14:16:54.205 22840 22840 D LocationManager: 	at com.android.internal.os.ZygoteInit.main(ZygoteInit.java:858)
11-26 14:16:54.220 22840 22840 D Poster  : Server details are IP 10.42.0.1 and port 52727
11-26 14:16:54.228 22840 22840 D Poster  : Server bound to IP 10.42.0.1 and port 52727
11-26 14:16:54.235 22840 22840 I Poster  :  onStart() called.
11-26 14:16:54.236 22840 22840 I Poster  :  onResume() called.
11-26 14:16:54.237 22840 22840 E libc    : Access denied finding property "vendor.camera.aux.packagelist"
11-26 14:16:54.238 22840 22840 E libc    : Access denied finding property "vendor.camera.aux.packagelist"
11-26 14:16:54.240 22840 22840 E libc    : Access denied finding property "vendor.camera.aux.packagelist"
11-26 14:16:54.341 22840 22933 I Adreno  : QUALCOMM build                   : a4d39a0, I6fd668c4d3
11-26 14:16:54.341 22840 22933 I Adreno  : Build Date                       : 10/05/18
11-26 14:16:54.341 22840 22933 I Adreno  : OpenGL ES Shader Compiler Version: EV031.25.03.01
11-26 14:16:54.341 22840 22933 I Adreno  : Local Branch                     : 
11-26 14:16:54.341 22840 22933 I Adreno  : Remote Branch                    : refs/tags/AU_LINUX_ANDROID_LA.UM.7.2.R1.09.00.00.442.049
11-26 14:16:54.341 22840 22933 I Adreno  : Remote Branch                    : NONE
11-26 14:16:54.341 22840 22933 I Adreno  : Reconstruct Branch               : NOTHING
11-26 14:16:54.341 22840 22933 I Adreno  : Build Config                     : S L 6.0.7 AArch32
11-26 14:16:54.344 22840 22933 I Adreno  : PFP: 0x005ff112, ME: 0x005ff066
11-26 14:16:54.348 22840 22933 I ConfigStore: android::hardware::configstore::V1_0::ISurfaceFlingerConfigs::hasWideColorDisplay retrieved: 0
11-26 14:16:54.348 22840 22933 I ConfigStore: android::hardware::configstore::V1_0::ISurfaceFlingerConfigs::hasHDRDisplay retrieved: 0
11-26 14:16:54.348 22840 22933 I OpenGLRenderer: Initialized EGL, version 1.4
11-26 14:16:54.348 22840 22933 D OpenGLRenderer: Swap behavior 2
11-26 14:16:54.363 22840 22840 I Poster  :  surfaceCreated() called.
11-26 14:16:54.363 22840 22840 I Poster  : initPreview() called
11-26 14:16:54.376 22840 22851 W System  : A resource failed to call close. 
11-26 14:16:54.403 22840 22840 I Poster  :  surfaceChanged() called.
11-26 14:16:54.982 22840 22879 D Evaluation: 0 res for frame 7 received at 1574770614982
11-26 14:16:55.012 22840 22879 D Evaluation: 0 res for frame 8 received at 1574770615012
11-26 14:16:55.043 22840 22879 D Evaluation: 0 res for frame 9 received at 1574770615043
11-26 14:16:55.085 22840 22879 D Evaluation: 0 res for frame 9 received at 1574770615085
11-26 14:16:55.124 22840 22879 D Evaluation: 0 res for frame 10 received at 1574770615124
11-26 14:16:55.172 22840 22879 D Evaluation: 0 res for frame 11 received at 1574770615172
11-26 14:16:55.201 22840 22879 D Evaluation: 0 res for frame 12 received at 1574770615201
11-26 14:16:55.242 22840 22879 D Evaluation: 0 res for frame 13 received at 1574770615242
11-26 14:16:55.280 22840 22879 D Evaluation: 0 res for frame 14 received at 1574770615280
11-26 14:16:55.325 22840 22879 D Evaluation: 0 res for frame 15 received at 1574770615325
11-26 14:16:55.359 22840 22879 D Evaluation: 0 res for frame 16 received at 1574770615359
11-26 14:16:55.393 22840 22879 D Evaluation: 0 res for frame 17 received at 1574770615393
11-26 14:16:55.429 22840 22879 D Evaluation: 0 res for frame 18 received at 1574770615429
11-26 14:16:55.461 22840 22879 D Evaluation: 0 res for frame 19 received at 1574770615461
11-26 14:16:55.494 22840 22879 D Evaluation: 0 res for frame 20 received at 1574770615494
11-26 14:16:55.528 22840 22879 D Evaluation: 0 res for frame 21 received at 1574770615528
11-26 14:16:55.562 22840 22879 D Evaluation: 0 res for frame 22 received at 1574770615561
11-26 14:16:55.596 22840 22879 D Evaluation: 0 res for frame 23 received at 1574770615596
11-26 14:16:55.628 22840 22879 D Evaluation: 1 res for frame 24 received at 1574770615628
11-26 14:16:55.663 22840 22879 D Evaluation: 2 res for frame 25 received at 1574770615663
11-26 14:16:55.698 22840 22879 D Evaluation: 4 res for frame 26 received at 1574770615698
11-26 14:16:55.729 22840 22879 D Evaluation: 3 res for frame 27 received at 1574770615728
11-26 14:16:55.743 22840 22851 W System  : A resource failed to call close. 
11-26 14:16:55.746 22840 22851 I chatty  : uid=10203(symlab.cloudridar.arhud) FinalizerDaemon identical 50 lines
11-26 14:16:55.746 22840 22851 W System  : A resource failed to call close. 
11-26 14:16:55.763 22840 22879 D Evaluation: 0 res for frame 28 received at 1574770615763
11-26 14:16:55.795 22840 22879 D Evaluation: 2 res for frame 29 received at 1574770615794
11-26 14:16:55.828 22840 22879 D Evaluation: 0 res for frame 30 received at 1574770615828
11-26 14:16:55.864 22840 22879 D Evaluation: 1 res for frame 31 received at 1574770615864
11-26 14:16:55.891 22840 22879 D Evaluation: 0 res for frame 32 received at 1574770615891
11-26 14:16:55.931 22840 22879 D Evaluation: 3 res for frame 33 received at 1574770615931
11-26 14:16:55.966 22840 22879 D Evaluation: 2 res for frame 34 received at 1574770615966
11-26 14:16:55.996 22840 22879 D Evaluation: 2 res for frame 35 received at 1574770615996
11-26 14:16:56.031 22840 22879 D Evaluation: 3 res for frame 36 received at 1574770616031
11-26 14:16:56.062 22840 22879 D Evaluation: 3 res for frame 37 received at 1574770616062
11-26 14:16:56.107 22840 22879 D Evaluation: 4 res for frame 38 received at 1574770616107
11-26 14:16:56.145 22840 22879 D Evaluation: 3 res for frame 39 received at 1574770616144
11-26 14:16:56.175 22840 22879 D Evaluation: 3 res for frame 40 received at 1574770616175
11-26 14:16:56.221 22840 22879 D Evaluation: 2 res for frame 41 received at 1574770616221
11-26 14:16:56.243 22840 22879 D Evaluation: 4 res for frame 42 received at 1574770616243
11-26 14:16:56.392 22840 22879 D Evaluation: 4 res for frame 43 received at 1574770616391
11-26 14:16:56.438 22840 22879 D Evaluation: 4 res for frame 44 received at 1574770616438
11-26 14:16:56.466 22840 22879 D Evaluation: 5 res for frame 45 received at 1574770616466
11-26 14:16:56.491 22840 22879 D Evaluation: 3 res for frame 47 received at 1574770616491
11-26 14:16:56.514 22840 22879 D Evaluation: 3 res for frame 49 received at 1574770616514
11-26 14:16:56.537 22840 22879 D Evaluation: 1 res for frame 50 received at 1574770616537
11-26 14:16:56.575 22840 22879 D Evaluation: 0 res for frame 50 received at 1574770616575
11-26 14:16:56.582 22840 22851 W System  : A resource failed to call close. 
11-26 14:16:56.584 22840 22851 I chatty  : uid=10203(symlab.cloudridar.arhud) FinalizerDaemon identical 40 lines
11-26 14:16:56.584 22840 22851 W System  : A resource failed to call close. 
11-26 14:16:56.611 22840 22879 D Evaluation: 0 res for frame 51 received at 1574770616611
11-26 14:16:56.640 22840 22879 D Evaluation: 1 res for frame 51 received at 1574770616640
11-26 14:16:56.685 22840 22879 D Evaluation: 2 res for frame 52 received at 1574770616685
11-26 14:16:56.734 22840 22879 D Evaluation: 2 res for frame 53 received at 1574770616734
11-26 14:16:56.813 22840 22879 D Evaluation: 2 res for frame 54 received at 1574770616813
11-26 14:16:56.835 22840 22879 D Evaluation: 2 res for frame 55 received at 1574770616835
11-26 14:16:56.866 22840 22879 D Evaluation: 4 res for frame 56 received at 1574770616866
11-26 14:16:56.905 22840 22879 D Evaluation: 4 res for frame 57 received at 1574770616905
11-26 14:16:56.950 22840 22879 D Evaluation: 3 res for frame 58 received at 1574770616950
11-26 14:16:56.975 22840 22879 D Evaluation: 4 res for frame 59 received at 1574770616975
11-26 14:16:57.010 22840 22879 D Evaluation: 4 res for frame 60 received at 1574770617010
11-26 14:16:57.040 22840 22879 D Evaluation: 4 res for frame 61 received at 1574770617040
11-26 14:16:57.065 22840 22879 D Evaluation: 4 res for frame 62 received at 1574770617065
11-26 14:16:57.100 22840 22879 D Evaluation: 4 res for frame 63 received at 1574770617100
11-26 14:16:57.135 22840 22879 D Evaluation: 5 res for frame 64 received at 1574770617135
11-26 14:16:57.164 22840 22879 D Evaluation: 4 res for frame 65 received at 1574770617164
11-26 14:16:57.255 22840 22879 D Evaluation: 3 res for frame 66 received at 1574770617255
11-26 14:16:57.279 22840 22879 D Evaluation: 3 res for frame 67 received at 1574770617279
11-26 14:16:57.305 22840 22879 D Evaluation: 3 res for frame 68 received at 1574770617305
11-26 14:16:57.338 22840 22879 D Evaluation: 4 res for frame 69 received at 1574770617338
11-26 14:16:57.365 22840 22879 D Evaluation: 3 res for frame 70 received at 1574770617365
11-26 14:16:57.568 22840 22879 D Evaluation: 3 res for frame 71 received at 1574770617568
11-26 14:16:57.592 22840 22851 W System  : A resource failed to call close. 
11-26 14:16:57.596 22840 22851 I chatty  : uid=10203(symlab.cloudridar.arhud) FinalizerDaemon identical 44 lines
11-26 14:16:57.596 22840 22851 W System  : A resource failed to call close. 
11-26 14:16:57.613 22840 22879 D Evaluation: 4 res for frame 72 received at 1574770617613
11-26 14:16:57.645 22840 22879 D Evaluation: 3 res for frame 73 received at 1574770617645
11-26 14:16:57.669 22840 22879 D Evaluation: 3 res for frame 75 received at 1574770617669
11-26 14:16:57.693 22840 22879 D Evaluation: 3 res for frame 76 received at 1574770617693
11-26 14:16:57.715 22840 22879 D Evaluation: 2 res for frame 77 received at 1574770617715
11-26 14:16:57.743 22840 22879 D Evaluation: 2 res for frame 78 received at 1574770617743
11-26 14:16:57.766 22840 22879 D Evaluation: 2 res for frame 79 received at 1574770617766
11-26 14:16:57.815 22840 22879 D Evaluation: 2 res for frame 79 received at 1574770617815
11-26 14:16:57.845 22840 22879 D Evaluation: 2 res for frame 80 received at 1574770617845
11-26 14:16:57.875 22840 22879 D Evaluation: 2 res for frame 81 received at 1574770617875
11-26 14:16:57.968 22840 22879 D Evaluation: 2 res for frame 82 received at 1574770617968
11-26 14:16:58.062 22840 22879 D Evaluation: 3 res for frame 83 received at 1574770618062
11-26 14:16:58.089 22840 22879 D Evaluation: 2 res for frame 84 received at 1574770618089
11-26 14:16:58.112 22840 22879 D Evaluation: 2 res for frame 85 received at 1574770618112
11-26 14:16:58.136 22840 22879 D Evaluation: 2 res for frame 87 received at 1574770618136
11-26 14:16:58.175 22840 22879 D Evaluation: 2 res for frame 88 received at 1574770618175
11-26 14:16:58.214 22840 22879 D Evaluation: 3 res for frame 88 received at 1574770618214
11-26 14:16:58.303 22840 22879 D Evaluation: 3 res for frame 89 received at 1574770618303
11-26 14:16:58.349 22840 22879 D Evaluation: 3 res for frame 90 received at 1574770618349
11-26 14:16:58.373 22840 22879 D Evaluation: 3 res for frame 91 received at 1574770618373
11-26 14:16:58.418 22840 22879 D Evaluation: 2 res for frame 92 received at 1574770618418
11-26 14:16:58.432 22840 22851 W System  : A resource failed to call close. 
11-26 14:16:58.434 22840 22851 I chatty  : uid=10203(symlab.cloudridar.arhud) FinalizerDaemon identical 39 lines
11-26 14:16:58.434 22840 22851 W System  : A resource failed to call close. 
11-26 14:16:58.440 22840 22879 D Evaluation: 2 res for frame 93 received at 1574770618440
11-26 14:16:58.472 22840 22879 D Evaluation: 2 res for frame 94 received at 1574770618472
11-26 14:16:58.555 22840 22879 D Evaluation: 2 res for frame 95 received at 1574770618555
11-26 14:16:58.578 22840 22879 D Evaluation: 2 res for frame 96 received at 1574770618578
11-26 14:16:58.654 22840 22879 D Evaluation: 3 res for frame 97 received at 1574770618654
11-26 14:16:58.678 22840 22879 D Evaluation: 3 res for frame 99 received at 1574770618678
11-26 14:16:58.700 22840 22879 D Evaluation: 2 res for frame 99 received at 1574770618700
11-26 14:16:58.741 22840 22879 D Evaluation: 0 res for frame 100 received at 1574770618741
11-26 14:16:58.767 22840 22879 D Evaluation: 0 res for frame 101 received at 1574770618767
11-26 14:16:58.812 22840 22879 D Evaluation: 0 res for frame 102 received at 1574770618812
11-26 14:16:58.895 22840 22879 D Evaluation: 0 res for frame 103 received at 1574770618895
11-26 14:16:58.979 22840 22879 D Evaluation: 0 res for frame 104 received at 1574770618979
11-26 14:16:59.008 22840 22879 D Evaluation: 0 res for frame 105 received at 1574770619008
11-26 14:16:59.028 22840 22879 D Evaluation: 0 res for frame 106 received at 1574770619028
11-26 14:16:59.112 22840 22879 D Evaluation: 0 res for frame 107 received at 1574770619112
11-26 14:16:59.160 22840 22879 D Evaluation: 0 res for frame 108 received at 1574770619160
11-26 14:16:59.208 22840 22879 D Evaluation: 0 res for frame 109 received at 1574770619208
11-26 14:16:59.232 22840 22879 D Evaluation: 0 res for frame 110 received at 1574770619232
11-26 14:16:59.280 22840 22879 D Evaluation: 0 res for frame 111 received at 1574770619280
11-26 14:16:59.325 22840 22879 D Evaluation: 0 res for frame 112 received at 1574770619325
11-26 14:16:59.391 22840 22879 D Evaluation: 0 res for frame 113 received at 1574770619391
11-26 14:16:59.449 22840 22879 D Evaluation: 0 res for frame 114 received at 1574770619449
11-26 14:16:59.502 22840 22879 D Evaluation: 0 res for frame 115 received at 1574770619502
11-26 14:16:59.551 22840 22879 D Evaluation: 0 res for frame 116 received at 1574770619551
11-26 14:16:59.598 22840 22879 D Evaluation: 0 res for frame 117 received at 1574770619598
11-26 14:16:59.657 22840 22879 D Evaluation: 0 res for frame 118 received at 1574770619657
11-26 14:16:59.686 22840 22879 D Evaluation: 0 res for frame 119 received at 1574770619686
11-26 14:16:59.733 22840 22879 D Evaluation: 0 res for frame 120 received at 1574770619733
11-26 14:16:59.761 22840 22879 D Evaluation: 0 res for frame 121 received at 1574770619761
11-26 14:16:59.805 22840 22879 D Evaluation: 0 res for frame 122 received at 1574770619805
11-26 14:16:59.815 22840 22851 W System  : A resource failed to call close. 
11-26 14:16:59.819 22840 22851 I chatty  : uid=10203(symlab.cloudridar.arhud) FinalizerDaemon identical 59 lines
11-26 14:16:59.819 22840 22851 W System  : A resource failed to call close. 
11-26 14:16:59.846 22840 22879 D Evaluation: 0 res for frame 123 received at 1574770619846
11-26 14:16:59.894 22840 22879 D Evaluation: 0 res for frame 124 received at 1574770619894
11-26 14:16:59.935 22840 22879 D Evaluation: 0 res for frame 125 received at 1574770619935
11-26 14:16:59.967 22840 22879 D Evaluation: 0 res for frame 126 received at 1574770619967
11-26 14:17:00.008 22840 22879 D Evaluation: 0 res for frame 127 received at 1574770620008
11-26 14:17:00.066 22840 22879 D Evaluation: 0 res for frame 128 received at 1574770620066
11-26 14:17:00.094 22840 22879 D Evaluation: 0 res for frame 129 received at 1574770620094
11-26 14:17:00.142 22840 22879 D Evaluation: 0 res for frame 130 received at 1574770620142
11-26 14:17:00.170 22840 22879 D Evaluation: 0 res for frame 131 received at 1574770620170
11-26 14:17:00.207 22840 22879 D Evaluation: 0 res for frame 132 received at 1574770620207
11-26 14:17:00.266 22840 22879 D Evaluation: 0 res for frame 133 received at 1574770620266
11-26 14:17:00.303 22840 22879 D Evaluation: 0 res for frame 134 received at 1574770620303
11-26 14:17:00.338 22840 22879 D Evaluation: 0 res for frame 135 received at 1574770620338
11-26 14:17:00.389 22840 22879 D Evaluation: 0 res for frame 136 received at 1574770620389
11-26 14:17:00.423 22840 22879 D Evaluation: 1 res for frame 137 received at 1574770620423
11-26 14:17:00.454 22840 22879 D Evaluation: 0 res for frame 138 received at 1574770620454
11-26 14:17:00.488 22840 22879 D Evaluation: 0 res for frame 139 received at 1574770620488
11-26 14:17:00.557 22840 22879 D Evaluation: 0 res for frame 140 received at 1574770620557
11-26 14:17:00.596 22840 22879 D Evaluation: 0 res for frame 141 received at 1574770620596
11-26 14:17:00.618 22840 22879 D Evaluation: 0 res for frame 142 received at 1574770620618
11-26 14:17:00.651 22840 22879 D Evaluation: 1 res for frame 143 received at 1574770620651
11-26 14:17:00.700 22840 22879 D Evaluation: 0 res for frame 145 received at 1574770620700
11-26 14:17:00.740 22840 22879 D Evaluation: 0 res for frame 145 received at 1574770620740
11-26 14:17:00.782 22840 22879 D Evaluation: 0 res for frame 146 received at 1574770620782
11-26 14:17:00.813 22840 22879 D Evaluation: 0 res for frame 147 received at 1574770620813
11-26 14:17:00.869 22840 22879 D Evaluation: 0 res for frame 148 received at 1574770620869
11-26 14:17:00.896 22840 22879 D Evaluation: 0 res for frame 149 received at 1574770620896
11-26 14:17:00.941 22840 22879 D Evaluation: 0 res for frame 150 received at 1574770620940
11-26 14:17:00.976 22840 22879 D Evaluation: 0 res for frame 151 received at 1574770620976
11-26 14:17:01.019 22840 22879 D Evaluation: 0 res for frame 152 received at 1574770621019
11-26 14:17:01.027 22840 22851 W System  : A resource failed to call close. 
11-26 14:17:01.030 22840 22851 I chatty  : uid=10203(symlab.cloudridar.arhud) FinalizerDaemon identical 37 lines
11-26 14:17:01.030 22840 22851 W System  : A resource failed to call close. 
11-26 14:17:01.030 22840 22851 W System  : A resource failed to call close. 
11-26 14:17:01.031 22840 22851 I chatty  : uid=10203(symlab.cloudridar.arhud) FinalizerDaemon identical 17 lines
11-26 14:17:01.031 22840 22851 W System  : A resource failed to call close. 
11-26 14:17:01.063 22840 22879 D Evaluation: 0 res for frame 153 received at 1574770621063
11-26 14:17:01.102 22840 22879 D Evaluation: 0 res for frame 154 received at 1574770621102
11-26 14:17:01.133 22840 22879 D Evaluation: 0 res for frame 155 received at 1574770621133
11-26 14:17:01.177 22840 22879 D Evaluation: 0 res for frame 156 received at 1574770621177
11-26 14:17:01.224 22840 22879 D Evaluation: 0 res for frame 157 received at 1574770621224
11-26 14:17:01.261 22840 22879 D Evaluation: 0 res for frame 158 received at 1574770621261
11-26 14:17:01.316 22840 22879 D Evaluation: 0 res for frame 159 received at 1574770621316
11-26 14:17:01.348 22840 22879 D Evaluation: 0 res for frame 160 received at 1574770621348
11-26 14:17:01.389 22840 22879 D Evaluation: 0 res for frame 161 received at 1574770621389
11-26 14:17:01.429 22840 22879 D Evaluation: 0 res for frame 162 received at 1574770621428
11-26 14:17:01.455 22840 22879 D Evaluation: 0 res for frame 163 received at 1574770621455
11-26 14:17:01.491 22840 22879 D Evaluation: 0 res for frame 164 received at 1574770621491
11-26 14:17:01.546 22840 22879 D Evaluation: 0 res for frame 165 received at 1574770621546
11-26 14:17:01.636 22840 22879 D Evaluation: 0 res for frame 166 received at 1574770621636
11-26 14:17:01.672 22840 22879 D Evaluation: 0 res for frame 167 received at 1574770621672
11-26 14:17:01.695 22840 22879 D Evaluation: 0 res for frame 168 received at 1574770621695
11-26 14:17:01.736 22840 22879 D Evaluation: 0 res for frame 169 received at 1574770621736
11-26 14:17:01.785 22840 22879 D Evaluation: 0 res for frame 171 received at 1574770621785
11-26 14:17:01.842 22840 22879 D Evaluation: 0 res for frame 171 received at 1574770621842
11-26 14:17:01.871 22840 22879 D Evaluation: 0 res for frame 172 received at 1574770621871
11-26 14:17:01.904 22840 22879 D Evaluation: 0 res for frame 173 received at 1574770621904
11-26 14:17:01.935 22840 22879 D Evaluation: 0 res for frame 175 received at 1574770621935
11-26 14:17:01.973 22840 22879 D Evaluation: 0 res for frame 175 received at 1574770621973
11-26 14:17:02.067 22840 22879 D Evaluation: 0 res for frame 176 received at 1574770622067
11-26 14:17:02.121 22840 22879 D Evaluation: 0 res for frame 177 received at 1574770622121
11-26 14:17:02.141 22840 22879 D Evaluation: 0 res for frame 178 received at 1574770622141
11-26 14:17:02.180 22840 22879 D Evaluation: 0 res for frame 179 received at 1574770622180
11-26 14:17:02.223 22840 22879 D Evaluation: 0 res for frame 180 received at 1574770622223
11-26 14:17:02.272 22840 22879 D Evaluation: 0 res for frame 181 received at 1574770622272
11-26 14:17:02.379 22840 22879 D Evaluation: 0 res for frame 182 received at 1574770622379
11-26 14:17:02.421 22840 22879 D Evaluation: 0 res for frame 183 received at 1574770622421
11-26 14:17:02.451 22840 22851 W System  : A resource failed to call close. 
11-26 14:17:02.453 22840 22851 I chatty  : uid=10203(symlab.cloudridar.arhud) FinalizerDaemon identical 25 lines
11-26 14:17:02.453 22840 22851 W System  : A resource failed to call close. 
11-26 14:17:02.453 22840 22879 D Evaluation: 0 res for frame 184 received at 1574770622453
11-26 14:17:02.453 22840 22851 W System  : A resource failed to call close. 
11-26 14:17:02.454 22840 22851 I chatty  : uid=10203(symlab.cloudridar.arhud) FinalizerDaemon identical 33 lines
11-26 14:17:02.454 22840 22851 W System  : A resource failed to call close. 
11-26 14:17:02.503 22840 22879 D Evaluation: 0 res for frame 186 received at 1574770622503
11-26 14:17:02.553 22840 22879 D Evaluation: 0 res for frame 187 received at 1574770622553
11-26 14:17:02.611 22840 22879 D Evaluation: 0 res for frame 187 received at 1574770622611
11-26 14:17:02.636 22840 22879 D Evaluation: 0 res for frame 188 received at 1574770622636
11-26 14:17:02.660 22840 22879 D Evaluation: 0 res for frame 189 received at 1574770622660
11-26 14:17:02.695 22840 22879 D Evaluation: 0 res for frame 191 received at 1574770622695
11-26 14:17:02.752 22840 22879 D Evaluation: 0 res for frame 191 received at 1574770622752
11-26 14:17:02.788 22840 22879 D Evaluation: 0 res for frame 192 received at 1574770622788
11-26 14:17:02.836 22840 22879 D Evaluation: 0 res for frame 193 received at 1574770622836
11-26 14:17:02.878 22840 22879 D Evaluation: 0 res for frame 194 received at 1574770622878
11-26 14:17:02.922 22840 22879 D Evaluation: 0 res for frame 195 received at 1574770622922
11-26 14:17:02.946 22840 22879 D Evaluation: 0 res for frame 196 received at 1574770622946
11-26 14:17:02.974 22840 22879 D Evaluation: 0 res for frame 197 received at 1574770622974
11-26 14:17:03.011 22840 22879 D Evaluation: 0 res for frame 199 received at 1574770623011
11-26 14:17:03.063 22840 22879 D Evaluation: 0 res for frame 199 received at 1574770623063
11-26 14:17:03.110 22840 22879 D Evaluation: 0 res for frame 200 received at 1574770623110
11-26 14:17:03.161 22840 22879 D Evaluation: 0 res for frame 201 received at 1574770623161
11-26 14:17:03.198 22840 22879 D Evaluation: 0 res for frame 202 received at 1574770623198
11-26 14:17:03.223 22840 22879 D Evaluation: 0 res for frame 203 received at 1574770623223
11-26 14:17:03.255 22840 22879 D Evaluation: 0 res for frame 204 received at 1574770623255
11-26 14:17:03.312 22840 22879 D Evaluation: 0 res for frame 205 received at 1574770623312
11-26 14:17:03.412 22840 22879 D Evaluation: 0 res for frame 206 received at 1574770623412
11-26 14:17:03.444 22840 22879 D Evaluation: 0 res for frame 207 received at 1574770623444
11-26 14:17:03.478 22840 22879 D Evaluation: 0 res for frame 208 received at 1574770623478
11-26 14:17:03.500 22840 22879 D Evaluation: 0 res for frame 210 received at 1574770623500
11-26 14:17:03.540 22840 22879 D Evaluation: 0 res for frame 210 received at 1574770623540
11-26 14:17:03.654 22840 22879 D Evaluation: 0 res for frame 211 received at 1574770623654
11-26 14:17:03.711 22840 22879 D Evaluation: 0 res for frame 212 received at 1574770623711
11-26 14:17:03.773 22840 22879 D Evaluation: 0 res for frame 213 received at 1574770623773
11-26 14:17:03.814 22840 22879 D Evaluation: 0 res for frame 214 received at 1574770623814
11-26 14:17:03.964 22840 22879 D Evaluation: 0 res for frame 215 received at 1574770623964
11-26 14:17:04.016 22840 22879 D Evaluation: 0 res for frame 216 received at 1574770624016
11-26 14:17:04.048 22840 22879 D Evaluation: 0 res for frame 217 received at 1574770624048
11-26 14:17:04.064 22840 22851 W System  : A resource failed to call close. 
11-26 14:17:04.067 22840 22851 I chatty  : uid=10203(symlab.cloudridar.arhud) FinalizerDaemon identical 66 lines
11-26 14:17:04.067 22840 22851 W System  : A resource failed to call close. 
11-26 14:17:04.069 22840 22879 D Evaluation: 0 res for frame 219 received at 1574770624069
11-26 14:17:04.089 22840 22879 D Evaluation: 0 res for frame 220 received at 1574770624089
11-26 14:17:04.136 22840 22879 D Evaluation: 0 res for frame 221 received at 1574770624136
11-26 14:17:04.159 22840 22879 D Evaluation: 0 res for frame 222 received at 1574770624159
11-26 14:17:04.200 22840 22879 D Evaluation: 0 res for frame 222 received at 1574770624200
11-26 14:17:04.236 22840 22879 D Evaluation: 0 res for frame 223 received at 1574770624236
11-26 14:17:04.275 22840 22879 D Evaluation: 0 res for frame 224 received at 1574770624275
11-26 14:17:04.330 22840 22879 D Evaluation: 0 res for frame 225 received at 1574770624330
11-26 14:17:04.379 22840 22879 D Evaluation: 0 res for frame 226 received at 1574770624379
11-26 14:17:04.419 22840 22879 D Evaluation: 0 res for frame 227 received at 1574770624419
11-26 14:17:04.457 22840 22879 D Evaluation: 0 res for frame 228 received at 1574770624457
11-26 14:17:04.481 22840 22879 D Evaluation: 1 res for frame 229 received at 1574770624481
11-26 14:17:04.542 22840 22879 D Evaluation: 0 res for frame 230 received at 1574770624542
11-26 14:17:04.565 22840 22879 D Evaluation: 0 res for frame 231 received at 1574770624565
11-26 14:17:04.600 22840 22879 D Evaluation: 0 res for frame 232 received at 1574770624600
11-26 14:17:04.715 22840 22879 D Evaluation: 0 res for frame 233 received at 1574770624715
11-26 14:17:04.788 22840 22879 D Evaluation: 0 res for frame 234 received at 1574770624788
11-26 14:17:04.819 22840 22879 D Evaluation: 0 res for frame 235 received at 1574770624819
11-26 14:17:04.846 22840 22879 D Evaluation: 0 res for frame 236 received at 1574770624846
11-26 14:17:04.934 22840 22879 D Evaluation: 0 res for frame 237 received at 1574770624934
11-26 14:17:04.975 22840 22879 D Evaluation: 0 res for frame 238 received at 1574770624975
11-26 14:17:05.011 22840 22879 D Evaluation: 0 res for frame 239 received at 1574770625011
11-26 14:17:05.037 22840 22879 D Evaluation: 0 res for frame 240 received at 1574770625037
11-26 14:17:05.078 22840 22879 D Evaluation: 0 res for frame 241 received at 1574770625078
11-26 14:17:05.133 22840 22879 D Evaluation: 0 res for frame 242 received at 1574770625133
11-26 14:17:05.173 22840 22879 D Evaluation: 0 res for frame 243 received at 1574770625173
11-26 14:17:05.225 22840 22879 D Evaluation: 0 res for frame 244 received at 1574770625225
11-26 14:17:05.252 22840 22879 D Evaluation: 0 res for frame 245 received at 1574770625252
11-26 14:17:05.311 22840 22879 D Evaluation: 0 res for frame 246 received at 1574770625311
11-26 14:17:05.344 22840 22879 D Evaluation: 0 res for frame 247 received at 1574770625344
11-26 14:17:05.371 22840 22879 D Evaluation: 0 res for frame 248 received at 1574770625371
11-26 14:17:05.410 22840 22879 D Evaluation: 0 res for frame 249 received at 1574770625410
11-26 14:17:05.479 22840 22879 D Evaluation: 0 res for frame 250 received at 1574770625479
11-26 14:17:05.492 22840 22851 W System  : A resource failed to call close. 
11-26 14:17:05.499 22840 22851 I chatty  : uid=10203(symlab.cloudridar.arhud) FinalizerDaemon identical 65 lines
11-26 14:17:05.499 22840 22851 W System  : A resource failed to call close. 
11-26 14:17:05.572 22840 22879 D Evaluation: 0 res for frame 251 received at 1574770625572
11-26 14:17:05.620 22840 22879 D Evaluation: 0 res for frame 252 received at 1574770625620
11-26 14:17:05.672 22840 22879 D Evaluation: 0 res for frame 253 received at 1574770625672
11-26 14:17:05.702 22840 22879 D Evaluation: 0 res for frame 254 received at 1574770625702
11-26 14:17:05.741 22840 22879 D Evaluation: 0 res for frame 255 received at 1574770625741
11-26 14:17:05.771 22840 22879 D Evaluation: 0 res for frame 6 received at 1574770625771
11-26 14:17:05.809 22840 22879 D Evaluation: 0 res for frame 256 received at 1574770625809
11-26 14:17:05.885 22840 22879 D Evaluation: 0 res for frame 257 received at 1574770625885
11-26 14:17:05.922 22840 22879 D Evaluation: 0 res for frame 258 received at 1574770625922
11-26 14:17:05.950 22840 22879 D Evaluation: 0 res for frame 7 received at 1574770625950
11-26 14:17:05.969 22840 22879 D Evaluation: 0 res for frame 259 received at 1574770625969
11-26 14:17:06.010 22840 22879 D Evaluation: 0 res for frame 260 received at 1574770626010
11-26 14:17:06.135 22840 22879 D Evaluation: 0 res for frame 262 received at 1574770626135
11-26 14:17:06.170 22840 22879 D Evaluation: 0 res for frame 263 received at 1574770626170
11-26 14:17:06.195 22840 22879 D Evaluation: 0 res for frame 8 received at 1574770626195
11-26 14:17:06.216 22840 22879 D Evaluation: 0 res for frame 264 received at 1574770626216
11-26 14:17:06.236 22840 22879 D Evaluation: 0 res for frame 264 received at 1574770626236
11-26 14:17:06.268 22840 22879 D Evaluation: 0 res for frame 265 received at 1574770626268
11-26 14:17:06.304 22840 22879 D Evaluation: 0 res for frame 267 received at 1574770626304
11-26 14:17:06.346 22840 22879 D Evaluation: 0 res for frame 9 received at 1574770626346
11-26 14:17:06.390 22840 22879 D Evaluation: 0 res for frame 268 received at 1574770626390
11-26 14:17:06.416 22840 22879 D Evaluation: 0 res for frame 269 received at 1574770626416
11-26 14:17:06.469 22840 22879 D Evaluation: 0 res for frame 269 received at 1574770626469
11-26 14:17:06.492 22840 22879 D Evaluation: 0 res for frame 270 received at 1574770626492
11-26 14:17:06.515 22840 22879 D Evaluation: 0 res for frame 271 received at 1574770626515
11-26 14:17:06.544 22840 22879 D Evaluation: 0 res for frame 272 received at 1574770626544
11-26 14:17:06.587 22840 22879 D Evaluation: 0 res for frame 273 received at 1574770626587
11-26 14:17:06.608 22840 22879 D Evaluation: 0 res for frame 274 received at 1574770626608
11-26 14:17:06.735 22840 22879 D Evaluation: 0 res for frame 10 received at 1574770626735
11-26 14:17:06.752 22840 22851 W System  : A resource failed to call close. 
11-26 14:17:06.755 22840 22851 I chatty  : uid=10203(symlab.cloudridar.arhud) FinalizerDaemon identical 56 lines
11-26 14:17:06.755 22840 22851 W System  : A resource failed to call close. 
11-26 14:17:06.758 22840 22879 D Evaluation: 0 res for frame 275 received at 1574770626758
11-26 14:17:06.784 22840 22879 D Evaluation: 0 res for frame 277 received at 1574770626784
11-26 14:17:06.813 22840 22879 D Evaluation: 0 res for frame 277 received at 1574770626813
11-26 14:17:06.854 22840 22879 D Evaluation: 1 res for frame 278 received at 1574770626854
11-26 14:17:07.065 22840 22879 D Evaluation: 1 res for frame 279 received at 1574770627065
11-26 14:17:07.090 22840 22879 D Evaluation: 1 res for frame 280 received at 1574770627090
11-26 14:17:07.119 22840 22879 D Evaluation: 2 res for frame 281 received at 1574770627119
11-26 14:17:07.147 22840 22879 D Evaluation: 4 res for frame 282 received at 1574770627147
11-26 14:17:07.187 22840 22879 D Evaluation: 4 res for frame 283 received at 1574770627187
11-26 14:17:07.266 22840 22879 D Evaluation: 5 res for frame 284 received at 1574770627266
11-26 14:17:07.359 22840 22879 D Evaluation: 4 res for frame 285 received at 1574770627359
11-26 14:17:07.401 22840 22879 D Evaluation: 5 res for frame 286 received at 1574770627401
11-26 14:17:07.428 22840 22879 D Evaluation: 5 res for frame 288 received at 1574770627428
11-26 14:17:07.453 22840 22879 D Evaluation: 4 res for frame 288 received at 1574770627453
11-26 14:17:07.474 22840 22879 D Evaluation: 5 res for frame 289 received at 1574770627474
11-26 14:17:07.495 22840 22879 D Evaluation: 5 res for frame 290 received at 1574770627495
11-26 14:17:07.515 22840 22879 D Evaluation: 5 res for frame 291 received at 1574770627515
11-26 14:17:07.540 22840 22879 D Evaluation: 5 res for frame 292 received at 1574770627540
11-26 14:17:07.588 22840 22879 D Evaluation: 5 res for frame 295 received at 1574770627588
11-26 14:17:07.608 22840 22879 D Evaluation: 5 res for frame 296 received at 1574770627608
11-26 14:17:07.639 22840 22879 D Evaluation: 5 res for frame 297 received at 1574770627639
11-26 14:17:07.675 22840 22879 D Evaluation: 5 res for frame 298 received at 1574770627675
11-26 14:17:07.683 22840 22851 W System  : A resource failed to call close. 
11-26 14:17:07.686 22840 22851 I chatty  : uid=10203(symlab.cloudridar.arhud) FinalizerDaemon identical 41 lines
11-26 14:17:07.686 22840 22851 W System  : A resource failed to call close. 
11-26 14:17:07.714 22840 22879 D Evaluation: 4 res for frame 298 received at 1574770627713
11-26 14:17:07.746 22840 22879 D Evaluation: 4 res for frame 299 received at 1574770627746
11-26 14:17:07.771 22840 22879 D Evaluation: 4 res for frame 299 received at 1574770627771
11-26 14:17:07.806 22840 22879 D Evaluation: 4 res for frame 300 received at 1574770627806
11-26 14:17:07.845 22840 22879 D Evaluation: 4 res for frame 301 received at 1574770627845
11-26 14:17:07.972 22840 22879 D Evaluation: 4 res for frame 302 received at 1574770627972
11-26 14:17:08.001 22840 22879 D Evaluation: 4 res for frame 303 received at 1574770628001
11-26 14:17:08.041 22840 22879 D Evaluation: 5 res for frame 304 received at 1574770628041
11-26 14:17:08.075 22840 22879 D Evaluation: 4 res for frame 305 received at 1574770628075
11-26 14:17:08.106 22840 22879 D Evaluation: 4 res for frame 306 received at 1574770628106
11-26 14:17:08.195 22840 22879 D Evaluation: 4 res for frame 307 received at 1574770628195
11-26 14:17:08.222 22840 22879 D Evaluation: 4 res for frame 308 received at 1574770628222
11-26 14:17:08.245 22840 22879 D Evaluation: 5 res for frame 309 received at 1574770628245
11-26 14:17:08.274 22840 22879 D Evaluation: 4 res for frame 311 received at 1574770628274
11-26 14:17:08.304 22840 22879 D Evaluation: 5 res for frame 311 received at 1574770628304
11-26 14:17:08.342 22840 22879 D Evaluation: 4 res for frame 312 received at 1574770628342
11-26 14:17:08.381 22840 22879 D Evaluation: 4 res for frame 313 received at 1574770628381
11-26 14:17:08.409 22840 22879 D Evaluation: 4 res for frame 314 received at 1574770628409
11-26 14:17:08.438 22840 22879 D Evaluation: 4 res for frame 316 received at 1574770628438
11-26 14:17:08.480 22840 22879 D Evaluation: 3 res for frame 317 received at 1574770628480
11-26 14:17:08.519 22840 22879 D Evaluation: 3 res for frame 317 received at 1574770628519
11-26 14:17:08.527 22840 22851 W System  : A resource failed to call close. 
11-26 14:17:08.530 22840 22851 I chatty  : uid=10203(symlab.cloudridar.arhud) FinalizerDaemon identical 40 lines
11-26 14:17:08.530 22840 22851 W System  : A resource failed to call close. 
11-26 14:17:08.615 22840 22879 D Evaluation: 3 res for frame 318 received at 1574770628615
11-26 14:17:08.763 22840 22879 D Evaluation: 4 res for frame 319 received at 1574770628762
11-26 14:17:08.793 22840 22879 D Evaluation: 4 res for frame 320 received at 1574770628793
11-26 14:17:08.814 22840 22879 D Evaluation: 4 res for frame 321 received at 1574770628814
11-26 14:17:08.837 22840 22879 D Evaluation: 4 res for frame 322 received at 1574770628837
11-26 14:17:08.857 22840 22879 D Evaluation: 4 res for frame 323 received at 1574770628857
11-26 14:17:08.885 22840 22879 D Evaluation: 5 res for frame 324 received at 1574770628885
11-26 14:17:08.917 22840 22879 D Evaluation: 5 res for frame 325 received at 1574770628917
11-26 14:17:09.010 22840 22879 D Evaluation: 5 res for frame 326 received at 1574770629010
11-26 14:17:09.169 22840 22879 D Evaluation: 5 res for frame 328 received at 1574770629169
11-26 14:17:09.213 22840 22879 D Evaluation: 5 res for frame 330 received at 1574770629213
11-26 14:17:09.248 22840 22879 D Evaluation: 5 res for frame 330 received at 1574770629248
11-26 14:17:09.287 22840 22879 D Evaluation: 5 res for frame 331 received at 1574770629287
11-26 14:17:09.320 22840 22879 D Evaluation: 5 res for frame 331 received at 1574770629320
11-26 14:17:09.348 22840 22879 D Evaluation: 5 res for frame 332 received at 1574770629348
11-26 14:17:09.373 22840 22879 D Evaluation: 5 res for frame 333 received at 1574770629373
11-26 14:17:09.438 22840 22879 D Evaluation: 4 res for frame 334 received at 1574770629438
11-26 14:17:09.475 22840 22879 D Evaluation: 4 res for frame 336 received at 1574770629475
11-26 14:17:09.501 22840 22879 D Evaluation: 4 res for frame 338 received at 1574770629501
11-26 14:17:09.525 22840 22879 D Evaluation: 3 res for frame 339 received at 1574770629525
11-26 14:17:09.546 22840 22879 D Evaluation: 3 res for frame 339 received at 1574770629546
11-26 14:17:09.557 22840 22851 W System  : A resource failed to call close. 
11-26 14:17:09.559 22840 22851 I chatty  : uid=10203(symlab.cloudridar.arhud) FinalizerDaemon identical 42 lines
11-26 14:17:09.559 22840 22851 W System  : A resource failed to call close. 
11-26 14:17:09.677 22840 22879 D Evaluation: 4 res for frame 340 received at 1574770629677
11-26 14:17:09.711 22840 22879 D Evaluation: 3 res for frame 341 received at 1574770629711
11-26 14:17:09.733 22840 22879 D Evaluation: 3 res for frame 341 received at 1574770629733
11-26 14:17:09.754 22840 22879 D Evaluation: 3 res for frame 343 received at 1574770629753
11-26 14:17:09.773 22840 22879 D Evaluation: 3 res for frame 344 received at 1574770629773
11-26 14:17:09.929 22840 22879 D Evaluation: 3 res for frame 345 received at 1574770629929
11-26 14:17:09.961 22840 22879 D Evaluation: 1 res for frame 346 received at 1574770629961
11-26 14:17:09.992 22840 22879 D Evaluation: 2 res for frame 346 received at 1574770629992
11-26 14:17:10.016 22840 22879 D Evaluation: 0 res for frame 347 received at 1574770630016
11-26 14:17:10.040 22840 22879 D Evaluation: 1 res for frame 349 received at 1574770630040
11-26 14:17:10.165 22840 22879 D Evaluation: 2 res for frame 350 received at 1574770630165
11-26 14:17:10.254 22840 22879 D Evaluation: 2 res for frame 351 received at 1574770630254
11-26 14:17:10.293 22840 22879 D Evaluation: 2 res for frame 351 received at 1574770630293
11-26 14:17:10.320 22840 22879 D Evaluation: 2 res for frame 353 received at 1574770630320
11-26 14:17:10.350 22840 22879 D Evaluation: 2 res for frame 353 received at 1574770630350
11-26 14:17:10.489 22840 22879 D Evaluation: 5 res for frame 354 received at 1574770630489
11-26 14:17:10.521 22840 22879 D Evaluation: 4 res for frame 355 received at 1574770630521
11-26 14:17:10.570 22840 22879 D Evaluation: 4 res for frame 356 received at 1574770630570
11-26 14:17:10.649 22840 22879 D Evaluation: 4 res for frame 357 received at 1574770630649
11-26 14:17:10.692 22840 22879 D Evaluation: 3 res for frame 359 received at 1574770630692
11-26 14:17:10.721 22840 22879 D Evaluation: 3 res for frame 360 received at 1574770630721
11-26 14:17:10.747 22840 22879 D Evaluation: 3 res for frame 360 received at 1574770630747
11-26 14:17:10.770 22840 22879 D Evaluation: 5 res for frame 361 received at 1574770630770
11-26 14:17:10.781 22840 22851 W System  : A resource failed to call close. 
11-26 14:17:10.783 22840 22851 I chatty  : uid=10203(symlab.cloudridar.arhud) FinalizerDaemon identical 42 lines
11-26 14:17:10.783 22840 22851 W System  : A resource failed to call close. 
11-26 14:17:10.792 22840 22879 D Evaluation: 3 res for frame 363 received at 1574770630792
11-26 14:17:10.812 22840 22879 D Evaluation: 5 res for frame 363 received at 1574770630812
11-26 14:17:10.936 22840 22879 D Evaluation: 5 res for frame 364 received at 1574770630936
11-26 14:17:10.969 22840 22879 D Evaluation: 3 res for frame 366 received at 1574770630969
11-26 14:17:10.996 22840 22879 D Evaluation: 4 res for frame 368 received at 1574770630996
11-26 14:17:11.022 22840 22879 D Evaluation: 4 res for frame 369 received at 1574770631022
11-26 14:17:11.046 22840 22879 D Evaluation: 4 res for frame 369 received at 1574770631046
11-26 14:17:11.121 22840 22879 D Evaluation: 4 res for frame 370 received at 1574770631121
11-26 14:17:11.151 22840 22879 D Evaluation: 4 res for frame 371 received at 1574770631151
11-26 14:17:11.225 22840 22879 D Evaluation: 4 res for frame 371 received at 1574770631225
11-26 14:17:11.272 22840 22879 D Evaluation: 4 res for frame 373 received at 1574770631272
11-26 14:17:11.298 22840 22879 D Evaluation: 4 res for frame 373 received at 1574770631298
11-26 14:17:11.322 22840 22879 D Evaluation: 4 res for frame 375 received at 1574770631322
11-26 14:17:11.344 22840 22879 D Evaluation: 4 res for frame 375 received at 1574770631344
11-26 14:17:11.369 22840 22879 D Evaluation: 4 res for frame 376 received at 1574770631369
11-26 14:17:11.417 22840 22879 D Evaluation: 4 res for frame 378 received at 1574770631417
11-26 14:17:11.468 22840 22879 D Evaluation: 3 res for frame 378 received at 1574770631468
11-26 14:17:11.496 22840 22879 D Evaluation: 5 res for frame 379 received at 1574770631495
11-26 14:17:11.519 22840 22879 D Evaluation: 4 res for frame 381 received at 1574770631519
11-26 14:17:11.542 22840 22879 D Evaluation: 5 res for frame 382 received at 1574770631542
11-26 14:17:11.591 22840 22879 D Evaluation: 2 res for frame 383 received at 1574770631591
11-26 14:17:11.620 22840 22879 D Evaluation: 1 res for frame 383 received at 1574770631620
11-26 14:17:11.648 22840 22879 D Evaluation: 2 res for frame 384 received at 1574770631648
11-26 14:17:11.667 22840 22851 W System  : A resource failed to call close. 
11-26 14:17:11.669 22840 22851 I chatty  : uid=10203(symlab.cloudridar.arhud) FinalizerDaemon identical 44 lines
11-26 14:17:11.669 22840 22851 W System  : A resource failed to call close. 
11-26 14:17:11.726 22840 22879 D Evaluation: 1 res for frame 385 received at 1574770631726
11-26 14:17:11.793 22840 22879 D Evaluation: 2 res for frame 387 received at 1574770631793
11-26 14:17:11.826 22840 22879 D Evaluation: 0 res for frame 388 received at 1574770631826
11-26 14:17:11.850 22840 22879 D Evaluation: 0 res for frame 388 received at 1574770631850
11-26 14:17:11.881 22840 22879 D Evaluation: 0 res for frame 389 received at 1574770631881
11-26 14:17:11.931 22840 22879 D Evaluation: 0 res for frame 391 received at 1574770631931
11-26 14:17:11.964 22840 22879 D Evaluation: 0 res for frame 391 received at 1574770631964
11-26 14:17:12.145 22840 22879 D Evaluation: 0 res for frame 392 received at 1574770632145
11-26 14:17:12.185 22840 22879 D Evaluation: 0 res for frame 393 received at 1574770632185
11-26 14:17:12.220 22840 22879 D Evaluation: 0 res for frame 394 received at 1574770632220
11-26 14:17:12.250 22840 22879 D Evaluation: 0 res for frame 395 received at 1574770632250
11-26 14:17:12.275 22840 22879 D Evaluation: 0 res for frame 396 received at 1574770632275
11-26 14:17:12.298 22840 22879 D Evaluation: 0 res for frame 397 received at 1574770632298
11-26 14:17:12.320 22840 22879 D Evaluation: 1 res for frame 398 received at 1574770632320
11-26 14:17:12.343 22840 22879 D Evaluation: 0 res for frame 399 received at 1574770632343
11-26 14:17:12.416 22840 22879 D Evaluation: 0 res for frame 401 received at 1574770632416
11-26 14:17:12.461 22840 22879 D Evaluation: 0 res for frame 403 received at 1574770632461
11-26 14:17:12.488 22840 22879 D Evaluation: 0 res for frame 405 received at 1574770632488
11-26 14:17:12.514 22840 22879 D Evaluation: 0 res for frame 406 received at 1574770632514
11-26 14:17:12.537 22840 22879 D Evaluation: 0 res for frame 406 received at 1574770632537
11-26 14:17:12.577 22840 22879 D Evaluation: 0 res for frame 407 received at 1574770632577
11-26 14:17:12.699 22840 22879 D Evaluation: 1 res for frame 407 received at 1574770632699
11-26 14:17:12.716 22840 22851 W System  : A resource failed to call close. 
11-26 14:17:12.719 22840 22851 I chatty  : uid=10203(symlab.cloudridar.arhud) FinalizerDaemon identical 42 lines
11-26 14:17:12.719 22840 22851 W System  : A resource failed to call close. 
11-26 14:17:12.729 22840 22879 D Evaluation: 1 res for frame 407 received at 1574770632729
11-26 14:17:12.755 22840 22879 D Evaluation: 1 res for frame 408 received at 1574770632755
11-26 14:17:12.780 22840 22879 D Evaluation: 1 res for frame 409 received at 1574770632780
11-26 14:17:12.818 22840 22879 D Evaluation: 1 res for frame 411 received at 1574770632818
11-26 14:17:13.050 22840 22879 D Evaluation: 0 res for frame 411 received at 1574770633050
11-26 14:17:13.088 22840 22879 D Evaluation: 1 res for frame 412 received at 1574770633087
11-26 14:17:13.113 22840 22879 D Evaluation: 1 res for frame 413 received at 1574770633113
11-26 14:17:13.137 22840 22879 D Evaluation: 1 res for frame 415 received at 1574770633137
11-26 14:17:13.159 22840 22879 D Evaluation: 1 res for frame 415 received at 1574770633159
11-26 14:17:13.207 22840 22879 D Evaluation: 1 res for frame 416 received at 1574770633207
11-26 14:17:13.236 22840 22879 D Evaluation: 1 res for frame 417 received at 1574770633236
11-26 14:17:13.296 22840 22879 D Evaluation: 1 res for frame 418 received at 1574770633296
11-26 14:17:13.332 22840 22879 D Evaluation: 2 res for frame 420 received at 1574770633332
11-26 14:17:13.361 22840 22879 D Evaluation: 3 res for frame 422 received at 1574770633361
11-26 14:17:13.389 22840 22879 D Evaluation: 2 res for frame 422 received at 1574770633389
11-26 14:17:13.412 22840 22879 D Evaluation: 1 res for frame 423 received at 1574770633412
11-26 14:17:13.497 22840 22879 D Evaluation: 1 res for frame 423 received at 1574770633497
11-26 14:17:13.527 22840 22879 D Evaluation: 1 res for frame 424 received at 1574770633527
11-26 14:17:13.605 22840 22879 D Evaluation: 1 res for frame 425 received at 1574770633605
11-26 14:17:13.641 22840 22879 D Evaluation: 1 res for frame 427 received at 1574770633641
11-26 14:17:13.683 22840 22879 D Evaluation: 1 res for frame 427 received at 1574770633683
11-26 14:17:13.703 22840 22851 W System  : A resource failed to call close. 
