11-21 09:26:29.094 15258 15293 D Evaluation: 0 res for frame 410 received at 1574321189094
11-21 09:26:29.135 15258 15293 D Evaluation: 0 res for frame 411 received at 1574321189135
11-21 09:26:29.198 15258 15293 D Evaluation: 0 res for frame 412 received at 1574321189198
11-21 09:26:29.234 15258 15293 D Evaluation: 0 res for frame 413 received at 1574321189234
11-21 09:26:29.263 15258 15293 D Evaluation: 0 res for frame 414 received at 1574321189263
11-21 09:26:29.288 15258 15293 D Evaluation: 1 res for frame 415 received at 1574321189288
11-21 09:26:29.301 15258 15268 W System  : A resource failed to call close. 
11-21 09:26:29.305 15258 15268 I chatty  : uid=10203(symlab.cloudridar.arhud) FinalizerDaemon identical 61 lines
11-21 09:26:29.305 15258 15268 W System  : A resource failed to call close. 
11-21 09:26:29.313 15258 15293 D Evaluation: 0 res for frame 417 received at 1574321189313
11-21 09:26:29.335 15258 15293 D Evaluation: 0 res for frame 418 received at 1574321189335
11-21 09:26:29.362 15258 15293 D Evaluation: 1 res for frame 419 received at 1574321189362
11-21 09:26:29.398 15258 15293 D Evaluation: 1 res for frame 420 received at 1574321189398
11-21 09:26:29.430 15258 15293 D Evaluation: 0 res for frame 420 received at 1574321189430
11-21 09:26:29.472 15258 15293 D Evaluation: 1 res for frame 421 received at 1574321189472
11-21 09:26:29.497 15258 15293 D Evaluation: 0 res for frame 422 received at 1574321189497
11-21 09:26:29.529 15258 15293 D Evaluation: 0 res for frame 423 received at 1574321189529
11-21 09:26:29.577 15258 15293 D Evaluation: 0 res for frame 424 received at 1574321189577
11-21 09:26:29.605 15258 15293 D Evaluation: 0 res for frame 425 received at 1574321189605
11-21 09:26:29.631 15258 15293 D Evaluation: 0 res for frame 426 received at 1574321189631
11-21 09:26:29.669 15258 15293 D Evaluation: 0 res for frame 427 received at 1574321189669
11-21 09:26:29.698 15258 15293 D Evaluation: 0 res for frame 428 received at 1574321189698
11-21 09:26:29.738 15258 15293 D Evaluation: 0 res for frame 429 received at 1574321189738
11-21 09:26:29.772 15258 15293 D Evaluation: 0 res for frame 430 received at 1574321189772
11-21 09:26:29.799 15258 15293 D Evaluation: 0 res for frame 431 received at 1574321189799
11-21 09:26:29.830 15258 15293 D Evaluation: 0 res for frame 432 received at 1574321189830
11-21 09:26:29.877 15258 15293 D Evaluation: 1 res for frame 433 received at 1574321189877
11-21 09:26:29.906 15258 15293 D Evaluation: 0 res for frame 434 received at 1574321189906
11-21 09:26:29.932 15258 15293 D Evaluation: 0 res for frame 435 received at 1574321189932
11-21 09:26:29.987 15258 15293 D Evaluation: 0 res for frame 436 received at 1574321189987
11-21 09:26:30.016 15258 15293 D Evaluation: 0 res for frame 437 received at 1574321190016
11-21 09:26:30.040 15258 15293 D Evaluation: 0 res for frame 438 received at 1574321190040
11-21 09:26:30.061 15258 15293 D Evaluation: 0 res for frame 439 received at 1574321190061
11-21 09:26:30.108 15258 15293 D Evaluation: 0 res for frame 440 received at 1574321190108
11-21 09:26:30.135 15258 15293 D Evaluation: 0 res for frame 442 received at 1574321190135
11-21 09:26:30.228 15258 15293 D Evaluation: 0 res for frame 442 received at 1574321190228
11-21 09:26:30.267 15258 15293 D Evaluation: 0 res for frame 443 received at 1574321190267
11-21 09:26:30.301 15258 15293 D Evaluation: 0 res for frame 444 received at 1574321190301
11-21 09:26:30.338 15258 15293 D Evaluation: 0 res for frame 445 received at 1574321190338
11-21 09:26:30.357 15258 15268 W System  : A resource failed to call close. 
11-21 09:26:30.364 15258 15268 I chatty  : uid=10203(symlab.cloudridar.arhud) FinalizerDaemon identical 58 lines
11-21 09:26:30.364 15258 15268 W System  : A resource failed to call close. 
11-21 09:26:30.375 15258 15293 D Evaluation: 0 res for frame 446 received at 1574321190375
11-21 09:26:30.407 15258 15293 D Evaluation: 0 res for frame 447 received at 1574321190407
11-21 09:26:30.433 15258 15293 D Evaluation: 0 res for frame 448 received at 1574321190433
11-21 09:26:30.457 15258 15293 D Evaluation: 0 res for frame 449 received at 1574321190457
11-21 09:26:30.583 15258 15293 D Evaluation: 0 res for frame 450 received at 1574321190582
11-21 09:26:30.617 15258 15293 D Evaluation: 0 res for frame 452 received at 1574321190617
11-21 09:26:30.646 15258 15293 D Evaluation: 0 res for frame 452 received at 1574321190646
11-21 09:26:30.674 15258 15293 D Evaluation: 0 res for frame 453 received at 1574321190674
11-21 09:26:30.712 15258 15293 D Evaluation: 0 res for frame 454 received at 1574321190712
11-21 09:26:30.743 15258 15293 D Evaluation: 0 res for frame 456 received at 1574321190743
11-21 09:26:30.820 15258 15293 D Evaluation: 2 res for frame 456 received at 1574321190820
11-21 09:26:30.905 15258 15293 D Evaluation: 2 res for frame 457 received at 1574321190905
11-21 09:26:30.959 15258 15293 D Evaluation: 2 res for frame 458 received at 1574321190959
11-21 09:26:30.987 15258 15293 D Evaluation: 2 res for frame 459 received at 1574321190987
11-21 09:26:31.010 15258 15293 D Evaluation: 1 res for frame 460 received at 1574321191010
11-21 09:26:31.108 15258 15293 D Evaluation: 1 res for frame 461 received at 1574321191107
11-21 09:26:31.137 15258 15293 D Evaluation: 2 res for frame 463 received at 1574321191137
11-21 09:26:31.160 15258 15293 D Evaluation: 2 res for frame 464 received at 1574321191160
11-21 09:26:31.194 15258 15293 D Evaluation: 2 res for frame 464 received at 1574321191194
11-21 09:26:31.279 15258 15293 D Evaluation: 2 res for frame 465 received at 1574321191279
11-21 09:26:31.321 15258 15293 D Evaluation: 2 res for frame 466 received at 1574321191321
11-21 09:26:31.365 15258 15293 D Evaluation: 1 res for frame 467 received at 1574321191365
11-21 09:26:31.398 15258 15293 D Evaluation: 2 res for frame 468 received at 1574321191398
11-21 09:26:31.427 15258 15293 D Evaluation: 2 res for frame 471 received at 1574321191427
11-21 09:26:31.454 15258 15293 D Evaluation: 2 res for frame 472 received at 1574321191454
11-21 09:26:31.477 15258 15293 D Evaluation: 1 res for frame 473 received at 1574321191477
11-21 09:26:31.498 15258 15293 D Evaluation: 1 res for frame 474 received at 1574321191498
11-21 09:26:31.519 15258 15293 D Evaluation: 1 res for frame 475 received at 1574321191519
11-21 09:26:31.540 15258 15293 D Evaluation: 1 res for frame 476 received at 1574321191540
11-21 09:26:31.547 15258 15268 W System  : A resource failed to call close. 
11-21 09:26:31.550 15258 15268 I chatty  : uid=10203(symlab.cloudridar.arhud) FinalizerDaemon identical 56 lines
11-21 09:26:31.550 15258 15268 W System  : A resource failed to call close. 
11-21 09:26:31.617 15258 15293 D Evaluation: 1 res for frame 477 received at 1574321191617
11-21 09:26:31.649 15258 15293 D Evaluation: 1 res for frame 477 received at 1574321191649
11-21 09:26:31.672 15258 15293 D Evaluation: 1 res for frame 478 received at 1574321191672
11-21 09:26:31.727 15258 15293 D Evaluation: 0 res for frame 478 received at 1574321191727
11-21 09:26:31.753 15258 15293 D Evaluation: 1 res for frame 480 received at 1574321191753
11-21 09:26:31.803 15258 15293 D Evaluation: 0 res for frame 481 received at 1574321191803
11-21 09:26:31.829 15258 15293 D Evaluation: 0 res for frame 483 received at 1574321191829
11-21 09:26:31.856 15258 15293 D Evaluation: 0 res for frame 483 received at 1574321191856
11-21 09:26:31.904 15258 15293 D Evaluation: 0 res for frame 484 received at 1574321191904
11-21 09:26:31.935 15258 15293 D Evaluation: 0 res for frame 485 received at 1574321191935
11-21 09:26:31.961 15258 15293 D Evaluation: 0 res for frame 486 received at 1574321191961
11-21 09:26:32.001 15258 15293 D Evaluation: 1 res for frame 487 received at 1574321192001
11-21 09:26:32.029 15258 15293 D Evaluation: 0 res for frame 488 received at 1574321192029
11-21 09:26:32.075 15258 15293 D Evaluation: 0 res for frame 489 received at 1574321192074
11-21 09:26:32.112 15258 15293 D Evaluation: 1 res for frame 490 received at 1574321192112
11-21 09:26:32.137 15258 15293 D Evaluation: 0 res for frame 491 received at 1574321192137
11-21 09:26:32.159 15258 15293 D Evaluation: 1 res for frame 492 received at 1574321192159
11-21 09:26:32.202 15258 15293 D Evaluation: 1 res for frame 493 received at 1574321192202
11-21 09:26:32.244 15258 15293 D Evaluation: 1 res for frame 494 received at 1574321192244
11-21 09:26:32.390 15258 15293 D Evaluation: 1 res for frame 495 received at 1574321192390
11-21 09:26:32.425 15258 15293 D Evaluation: 1 res for frame 496 received at 1574321192425
11-21 09:26:32.464 15258 15293 D Evaluation: 1 res for frame 497 received at 1574321192463
11-21 09:26:32.497 15258 15293 D Evaluation: 1 res for frame 499 received at 1574321192497
11-21 09:26:32.526 15258 15293 D Evaluation: 0 res for frame 500 received at 1574321192526
11-21 09:26:32.552 15258 15293 D Evaluation: 0 res for frame 501 received at 1574321192552
11-21 09:26:32.575 15258 15293 D Evaluation: 0 res for frame 502 received at 1574321192575
11-21 09:26:32.597 15258 15293 D Evaluation: 0 res for frame 503 received at 1574321192597
11-21 09:26:32.630 15258 15293 D Evaluation: 0 res for frame 504 received at 1574321192630
11-21 09:26:32.676 15258 15293 D Evaluation: 0 res for frame 505 received at 1574321192676
11-21 09:26:32.711 15258 15293 D Evaluation: 0 res for frame 505 received at 1574321192711
11-21 09:26:32.729 15258 15268 W System  : A resource failed to call close. 
11-21 09:26:32.732 15258 15268 I chatty  : uid=10203(symlab.cloudridar.arhud) FinalizerDaemon identical 60 lines
11-21 09:26:32.733 15258 15268 W System  : A resource failed to call close. 
11-21 09:26:32.741 15258 15293 D Evaluation: 0 res for frame 506 received at 1574321192741
11-21 09:26:32.777 15258 15293 D Evaluation: 0 res for frame 507 received at 1574321192777
11-21 09:26:32.798 15258 15293 D Evaluation: 0 res for frame 509 received at 1574321192798
11-21 09:26:32.838 15258 15293 D Evaluation: 0 res for frame 509 received at 1574321192838
11-21 09:26:32.948 15258 15293 D Evaluation: 0 res for frame 511 received at 1574321192948
11-21 09:26:33.004 15258 15293 D Evaluation: 0 res for frame 511 received at 1574321193004
11-21 09:26:33.035 15258 15293 D Evaluation: 0 res for frame 512 received at 1574321193035
11-21 09:26:33.061 15258 15293 D Evaluation: 0 res for frame 514 received at 1574321193061
11-21 09:26:33.083 15258 15293 D Evaluation: 0 res for frame 516 received at 1574321193083
11-21 09:26:33.129 15258 15293 D Evaluation: 0 res for frame 517 received at 1574321193129
11-21 09:26:33.252 15258 15293 D Evaluation: 0 res for frame 517 received at 1574321193252
11-21 09:26:33.291 15258 15293 D Evaluation: 0 res for frame 517 received at 1574321193291
11-21 09:26:33.319 15258 15293 D Evaluation: 0 res for frame 518 received at 1574321193318
11-21 09:26:33.349 15258 15293 D Evaluation: 0 res for frame 520 received at 1574321193348
11-21 09:26:33.373 15258 15293 D Evaluation: 0 res for frame 521 received at 1574321193373
11-21 09:26:33.395 15258 15293 D Evaluation: 0 res for frame 522 received at 1574321193395
11-21 09:26:33.433 15258 15293 D Evaluation: 0 res for frame 523 received at 1574321193433
11-21 09:26:33.480 15258 15293 D Evaluation: 0 res for frame 523 received at 1574321193480
11-21 09:26:33.511 15258 15293 D Evaluation: 0 res for frame 524 received at 1574321193511
11-21 09:26:33.539 15258 15293 D Evaluation: 0 res for frame 525 received at 1574321193539
11-21 09:26:33.576 15258 15293 D Evaluation: 0 res for frame 527 received at 1574321193576
11-21 09:26:33.596 15258 15293 D Evaluation: 0 res for frame 527 received at 1574321193596
11-21 09:26:33.679 15258 15293 D Evaluation: 0 res for frame 528 received at 1574321193679
11-21 09:26:33.828 15258 15293 D Evaluation: 0 res for frame 529 received at 1574321193828
11-21 09:26:33.860 15258 15293 D Evaluation: 0 res for frame 530 received at 1574321193860
11-21 09:26:33.892 15258 15293 D Evaluation: 0 res for frame 533 received at 1574321193892
11-21 09:26:33.920 15258 15293 D Evaluation: 0 res for frame 534 received at 1574321193920
11-21 09:26:33.949 15258 15293 D Evaluation: 1 res for frame 535 received at 1574321193949
11-21 09:26:33.976 15258 15293 D Evaluation: 1 res for frame 536 received at 1574321193976
11-21 09:26:33.999 15258 15293 D Evaluation: 1 res for frame 537 received at 1574321193999
11-21 09:26:34.042 15258 15293 D Evaluation: 0 res for frame 538 received at 1574321194042
11-21 09:26:34.054 15258 15268 W System  : A resource failed to call close. 
11-21 09:26:34.058 15258 15268 I chatty  : uid=10203(symlab.cloudridar.arhud) FinalizerDaemon identical 59 lines
11-21 09:26:34.058 15258 15268 W System  : A resource failed to call close. 
11-21 09:26:34.137 15258 15293 D Evaluation: 0 res for frame 538 received at 1574321194136
11-21 09:26:34.178 15258 15293 D Evaluation: 0 res for frame 539 received at 1574321194178
11-21 09:26:34.208 15258 15293 D Evaluation: 0 res for frame 541 received at 1574321194208
11-21 09:26:34.234 15258 15293 D Evaluation: 1 res for frame 543 received at 1574321194234
11-21 09:26:34.258 15258 15293 D Evaluation: 1 res for frame 543 received at 1574321194258
11-21 09:26:34.280 15258 15293 D Evaluation: 1 res for frame 544 received at 1574321194280
11-21 09:26:34.301 15258 15293 D Evaluation: 1 res for frame 545 received at 1574321194301
11-21 09:26:34.379 15258 15293 D Evaluation: 1 res for frame 546 received at 1574321194379
11-21 09:26:34.408 15258 15293 D Evaluation: 1 res for frame 546 received at 1574321194408
11-21 09:26:34.428 15258 15293 D Evaluation: 1 res for frame 548 received at 1574321194428
11-21 09:26:34.462 15258 15293 D Evaluation: 1 res for frame 548 received at 1574321194462
11-21 09:26:34.500 15258 15293 D Evaluation: 1 res for frame 549 received at 1574321194500
11-21 09:26:34.612 15258 15293 D Evaluation: 1 res for frame 550 received at 1574321194612
11-21 09:26:34.647 15258 15293 D Evaluation: 1 res for frame 551 received at 1574321194647
11-21 09:26:34.674 15258 15293 D Evaluation: 1 res for frame 553 received at 1574321194674
11-21 09:26:34.698 15258 15293 D Evaluation: 1 res for frame 555 received at 1574321194698
11-21 09:26:34.720 15258 15293 D Evaluation: 0 res for frame 556 received at 1574321194720
11-21 09:26:34.741 15258 15293 D Evaluation: 0 res for frame 556 received at 1574321194741
11-21 09:26:34.762 15258 15293 D Evaluation: 0 res for frame 557 received at 1574321194762
11-21 09:26:34.792 15258 15293 D Evaluation: 0 res for frame 558 received at 1574321194792
11-21 09:26:34.825 15258 15293 D Evaluation: 0 res for frame 558 received at 1574321194825
11-21 09:26:34.859 15258 15293 D Evaluation: 1 res for frame 559 received at 1574321194859
11-21 09:26:34.897 15258 15293 D Evaluation: 1 res for frame 560 received at 1574321194897
11-21 09:26:34.984 15258 15293 D Evaluation: 1 res for frame 561 received at 1574321194984
11-21 09:26:35.037 15258 15293 D Evaluation: 1 res for frame 562 received at 1574321195036
11-21 09:26:35.077 15258 15293 D Evaluation: 1 res for frame 564 received at 1574321195077
11-21 09:26:35.103 15258 15293 D Evaluation: 0 res for frame 566 received at 1574321195103
11-21 09:26:35.127 15258 15293 D Evaluation: 0 res for frame 567 received at 1574321195127
11-21 09:26:35.143 15258 15268 W System  : A resource failed to call close. 
11-21 09:26:35.143 15258 15268 I chatty  : uid=10203(symlab.cloudridar.arhud) FinalizerDaemon identical 1 line
11-21 09:26:35.143 15258 15268 W System  : A resource failed to call close. 
11-21 09:26:35.143 15258 15268 W System  : A resource failed to call close. 
11-21 09:26:35.144 15258 15268 I chatty  : uid=10203(symlab.cloudridar.arhud) FinalizerDaemon identical 10 lines
11-21 09:26:35.144 15258 15268 W System  : A resource failed to call close. 
11-21 09:26:35.144 15258 15268 W System  : A resource failed to call close. 
11-21 09:26:35.144 15258 15268 W System  : A resource failed to call close. 
11-21 09:26:35.146 15258 15268 I chatty  : uid=10203(symlab.cloudridar.arhud) FinalizerDaemon identical 37 lines
11-21 09:26:35.146 15258 15268 W System  : A resource failed to call close. 
11-21 09:26:35.149 15258 15293 D Evaluation: 0 res for frame 568 received at 1574321195149
11-21 09:26:35.170 15258 15293 D Evaluation: 0 res for frame 568 received at 1574321195170
11-21 09:26:35.284 15258 15293 D Evaluation: 0 res for frame 569 received at 1574321195284
11-21 09:26:35.321 15258 15293 D Evaluation: 0 res for frame 569 received at 1574321195321
11-21 09:26:35.385 15258 15293 D Evaluation: 0 res for frame 571 received at 1574321195385
11-21 09:26:35.428 15258 15293 D Evaluation: 0 res for frame 571 received at 1574321195427
11-21 09:26:35.457 15258 15293 D Evaluation: 0 res for frame 573 received at 1574321195457
11-21 09:26:35.487 15258 15293 D Evaluation: 0 res for frame 574 received at 1574321195486
11-21 09:26:35.514 15258 15293 D Evaluation: 0 res for frame 575 received at 1574321195514
11-21 09:26:35.611 15258 15293 D Evaluation: 1 res for frame 576 received at 1574321195611
11-21 09:26:35.649 15258 15293 D Evaluation: 0 res for frame 577 received at 1574321195648
11-21 09:26:35.696 15258 15293 D Evaluation: 0 res for frame 577 received at 1574321195696
11-21 09:26:35.761 15258 15258 D Poster  : At 1574321195760 location is 65.05785843 (latitude), and 25.46915157 (longitude)
11-21 09:26:35.768 15258 15258 D Poster  : Connected to WiFi
11-21 09:26:35.851 15258 15293 D Evaluation: 0 res for frame 579 received at 1574321195851
11-21 09:26:35.883 15258 15293 D Evaluation: 0 res for frame 579 received at 1574321195883
11-21 09:26:35.917 15258 15293 D Evaluation: 0 res for frame 580 received at 1574321195917
11-21 09:26:35.945 15258 15293 D Evaluation: 0 res for frame 581 received at 1574321195945
11-21 09:26:35.968 15258 15293 D Evaluation: 0 res for frame 583 received at 1574321195968
11-21 09:26:36.050 15258 15293 D Evaluation: 0 res for frame 584 received at 1574321196050
11-21 09:26:36.073 15258 15293 D Evaluation: 0 res for frame 585 received at 1574321196073
11-21 09:26:36.099 15258 15293 D Evaluation: 1 res for frame 586 received at 1574321196098
11-21 09:26:36.125 15258 15293 D Evaluation: 1 res for frame 586 received at 1574321196125
11-21 09:26:36.158 15258 15293 D Evaluation: 1 res for frame 588 received at 1574321196158
11-21 09:26:36.193 15258 15293 D Evaluation: 0 res for frame 589 received at 1574321196193
11-21 09:26:36.232 15258 15293 D Evaluation: 0 res for frame 589 received at 1574321196232
11-21 09:26:36.257 15258 15293 D Evaluation: 0 res for frame 590 received at 1574321196257
11-21 09:26:36.264 15258 15268 W System  : A resource failed to call close. 
11-21 09:26:36.266 15258 15268 I chatty  : uid=10203(symlab.cloudridar.arhud) FinalizerDaemon identical 39 lines
11-21 09:26:36.266 15258 15268 W System  : A resource failed to call close. 
11-21 09:26:36.266 15258 15268 W System  : A resource failed to call close. 
11-21 09:26:36.266 15258 15268 W System  : A resource failed to call close. 
11-21 09:26:36.266 15258 15268 W System  : A resource failed to call close. 
11-21 09:26:36.266 15258 15268 W System  : A resource failed to call close. 
11-21 09:26:36.266 15258 15268 W System  : A resource failed to call close. 
11-21 09:26:36.267 15258 15268 I chatty  : uid=10203(symlab.cloudridar.arhud) FinalizerDaemon identical 5 lines
11-21 09:26:36.267 15258 15268 W System  : A resource failed to call close. 
11-21 09:26:36.292 15258 15293 D Evaluation: 0 res for frame 591 received at 1574321196292
11-21 09:26:36.341 15258 15293 D Evaluation: 0 res for frame 592 received at 1574321196341
11-21 09:26:36.372 15258 15293 D Evaluation: 1 res for frame 593 received at 1574321196372
11-21 09:26:36.398 15258 15293 D Evaluation: 1 res for frame 594 received at 1574321196398
11-21 09:26:36.421 15258 15293 D Evaluation: 1 res for frame 595 received at 1574321196421
11-21 09:26:36.487 15258 15293 D Evaluation: 1 res for frame 597 received at 1574321196487
11-21 09:26:36.515 15258 15293 D Evaluation: 1 res for frame 598 received at 1574321196515
11-21 09:26:36.539 15258 15293 D Evaluation: 1 res for frame 598 received at 1574321196539
11-21 09:26:36.582 15258 15293 D Evaluation: 1 res for frame 599 received at 1574321196582
11-21 09:26:36.608 15258 15293 D Evaluation: 0 res for frame 601 received at 1574321196608
11-21 09:26:36.640 15258 15293 D Evaluation: 0 res for frame 602 received at 1574321196640
11-21 09:26:36.761 15258 15293 D Evaluation: 0 res for frame 602 received at 1574321196761
11-21 09:26:36.776 15258 15258 D Poster  : At 1574321196776 location is 65.05786616 (latitude), and 25.46911519 (longitude)
11-21 09:26:36.779 15258 15258 D Poster  : Connected to WiFi
11-21 09:26:36.818 15258 15293 D Evaluation: 0 res for frame 603 received at 1574321196818
11-21 09:26:36.852 15258 15293 D Evaluation: 0 res for frame 604 received at 1574321196852
11-21 09:26:36.949 15258 15293 D Evaluation: 0 res for frame 605 received at 1574321196949
11-21 09:26:36.979 15258 15293 D Evaluation: 0 res for frame 607 received at 1574321196979
11-21 09:26:37.006 15258 15293 D Evaluation: 1 res for frame 608 received at 1574321197005
11-21 09:26:37.030 15258 15293 D Evaluation: 0 res for frame 608 received at 1574321197030
11-21 09:26:37.066 15258 15293 D Evaluation: 0 res for frame 610 received at 1574321197066
11-21 09:26:37.117 15258 15293 D Evaluation: 0 res for frame 611 received at 1574321197117
11-21 09:26:37.145 15258 15293 D Evaluation: 1 res for frame 612 received at 1574321197145
11-21 09:26:37.171 15258 15293 D Evaluation: 0 res for frame 612 received at 1574321197171
11-21 09:26:37.213 15258 15293 D Evaluation: 1 res for frame 613 received at 1574321197213
11-21 09:26:37.233 15258 15268 W System  : A resource failed to call close. 
11-21 09:26:37.236 15258 15268 I chatty  : uid=10203(symlab.cloudridar.arhud) FinalizerDaemon identical 46 lines
11-21 09:26:37.236 15258 15268 W System  : A resource failed to call close. 
11-21 09:26:37.243 15258 15293 D Evaluation: 1 res for frame 614 received at 1574321197243
11-21 09:26:37.358 15258 15293 D Evaluation: 0 res for frame 616 received at 1574321197358
11-21 09:26:37.396 15258 15293 D Evaluation: 0 res for frame 616 received at 1574321197396
11-21 09:26:37.428 15258 15293 D Evaluation: 0 res for frame 617 received at 1574321197428
11-21 09:26:37.473 15258 15293 D Evaluation: 0 res for frame 618 received at 1574321197473
11-21 09:26:37.568 15258 15293 D Evaluation: 0 res for frame 619 received at 1574321197567
11-21 09:26:37.606 15258 15293 D Evaluation: 0 res for frame 620 received at 1574321197606
11-21 09:26:37.641 15258 15293 D Evaluation: 0 res for frame 621 received at 1574321197641
11-21 09:26:37.670 15258 15293 D Evaluation: 0 res for frame 622 received at 1574321197670
11-21 09:26:37.692 15258 15293 D Evaluation: 0 res for frame 624 received at 1574321197692
11-21 09:26:37.762 15258 15258 D Poster  : At 1574321197762 location is 65.05783332 (latitude), and 25.46909099 (longitude)
11-21 09:26:37.763 15258 15258 D Poster  : Connected to WiFi
11-21 09:26:37.783 15258 15293 D Evaluation: 0 res for frame 625 received at 1574321197783
11-21 09:26:37.817 15258 15293 D Evaluation: 0 res for frame 626 received at 1574321197817
11-21 09:26:37.841 15258 15293 D Evaluation: 0 res for frame 627 received at 1574321197841
11-21 09:26:37.865 15258 15293 D Evaluation: 0 res for frame 627 received at 1574321197865
11-21 09:26:37.890 15258 15293 D Evaluation: 0 res for frame 628 received at 1574321197890
11-21 09:26:37.936 15258 15293 D Evaluation: 0 res for frame 630 received at 1574321197936
11-21 09:26:38.040 15258 15293 D Evaluation: 0 res for frame 631 received at 1574321198040
11-21 09:26:38.088 15258 15293 D Evaluation: 0 res for frame 631 received at 1574321198088
11-21 09:26:38.119 15258 15293 D Evaluation: 0 res for frame 632 received at 1574321198119
11-21 09:26:38.152 15258 15293 D Evaluation: 0 res for frame 633 received at 1574321198152
11-21 09:26:38.181 15258 15293 D Evaluation: 0 res for frame 634 received at 1574321198181
11-21 09:26:38.204 15258 15293 D Evaluation: 1 res for frame 635 received at 1574321198204
11-21 09:26:38.290 15258 15293 D Evaluation: 1 res for frame 636 received at 1574321198290
11-21 09:26:38.321 15258 15293 D Evaluation: 2 res for frame 637 received at 1574321198321
11-21 09:26:38.347 15258 15293 D Evaluation: 1 res for frame 639 received at 1574321198347
11-21 09:26:38.373 15258 15293 D Evaluation: 2 res for frame 639 received at 1574321198373
11-21 09:26:38.404 15258 15293 D Evaluation: 2 res for frame 641 received at 1574321198404
11-21 09:26:38.421 15258 15268 W System  : A resource failed to call close. 
11-21 09:26:38.424 15258 15268 I chatty  : uid=10203(symlab.cloudridar.arhud) FinalizerDaemon identical 50 lines
11-21 09:26:38.424 15258 15268 W System  : A resource failed to call close. 
11-21 09:26:38.433 15258 15293 D Evaluation: 2 res for frame 642 received at 1574321198433
11-21 09:26:38.480 15258 15293 D Evaluation: 3 res for frame 643 received at 1574321198480
11-21 09:26:38.554 15258 15293 D Evaluation: 3 res for frame 643 received at 1574321198554
11-21 09:26:38.619 15258 15293 D Evaluation: 2 res for frame 644 received at 1574321198619
11-21 09:26:38.655 15258 15293 D Evaluation: 2 res for frame 645 received at 1574321198655
11-21 09:26:38.687 15258 15293 D Evaluation: 2 res for frame 646 received at 1574321198687
11-21 09:26:38.717 15258 15293 D Evaluation: 2 res for frame 647 received at 1574321198717
11-21 09:26:38.746 15258 15293 D Evaluation: 2 res for frame 649 received at 1574321198746
11-21 09:26:38.752 15258 15258 D Poster  : At 1574321198752 location is 65.05781278 (latitude), and 25.46907318 (longitude)
11-21 09:26:38.753 15258 15258 D Poster  : Connected to WiFi
11-21 09:26:38.773 15258 15293 D Evaluation: 2 res for frame 650 received at 1574321198772
11-21 09:26:38.796 15258 15293 D Evaluation: 2 res for frame 651 received at 1574321198796
11-21 09:26:38.824 15258 15293 D Evaluation: 2 res for frame 652 received at 1574321198824
11-21 09:26:38.861 15258 15293 D Evaluation: 2 res for frame 653 received at 1574321198861
11-21 09:26:38.891 15258 15293 D Evaluation: 2 res for frame 653 received at 1574321198891
11-21 09:26:38.931 15258 15293 D Evaluation: 2 res for frame 654 received at 1574321198931
11-21 09:26:38.960 15258 15293 D Evaluation: 2 res for frame 655 received at 1574321198960
11-21 09:26:39.007 15258 15293 D Evaluation: 2 res for frame 656 received at 1574321199007
11-21 09:26:39.046 15258 15293 D Evaluation: 2 res for frame 657 received at 1574321199046
11-21 09:26:39.078 15258 15293 D Evaluation: 3 res for frame 658 received at 1574321199078
11-21 09:26:39.119 15258 15293 D Evaluation: 3 res for frame 659 received at 1574321199118
11-21 09:26:39.130 15258 15268 W System  : A resource failed to call close. 
11-21 09:26:39.132 15258 15268 I chatty  : uid=10203(symlab.cloudridar.arhud) FinalizerDaemon identical 25 lines
11-21 09:26:39.132 15258 15268 W System  : A resource failed to call close. 
11-21 09:26:39.132 15258 15268 W System  : A resource failed to call close. 
11-21 09:26:39.133 15258 15268 I chatty  : uid=10203(symlab.cloudridar.arhud) FinalizerDaemon identical 9 lines
11-21 09:26:39.133 15258 15268 W System  : A resource failed to call close. 
11-21 09:26:39.145 15258 15293 D Evaluation: 3 res for frame 660 received at 1574321199145
11-21 09:26:39.170 15258 15293 D Evaluation: 3 res for frame 661 received at 1574321199170
11-21 09:26:39.207 15258 15293 D Evaluation: 3 res for frame 662 received at 1574321199207
11-21 09:26:39.236 15258 15293 D Evaluation: 2 res for frame 664 received at 1574321199236
11-21 09:26:39.272 15258 15293 D Evaluation: 2 res for frame 665 received at 1574321199272
11-21 09:26:39.302 15258 15293 D Evaluation: 2 res for frame 665 received at 1574321199302
11-21 09:26:39.347 15258 15293 D Evaluation: 3 res for frame 666 received at 1574321199347
11-21 09:26:39.373 15258 15293 D Evaluation: 2 res for frame 667 received at 1574321199373
11-21 09:26:39.404 15258 15293 D Evaluation: 2 res for frame 668 received at 1574321199404
11-21 09:26:39.431 15258 15293 D Evaluation: 2 res for frame 669 received at 1574321199431
11-21 09:26:39.472 15258 15293 D Evaluation: 3 res for frame 670 received at 1574321199472
11-21 09:26:39.494 15258 15293 D Evaluation: 3 res for frame 671 received at 1574321199494
11-21 09:26:39.557 15258 15293 D Evaluation: 3 res for frame 672 received at 1574321199557
11-21 09:26:39.617 15258 15293 D Evaluation: 3 res for frame 673 received at 1574321199617
11-21 09:26:39.672 15258 15293 D Evaluation: 2 res for frame 674 received at 1574321199672
11-21 09:26:39.754 15258 15258 D Poster  : At 1574321199754 location is 65.05780007 (latitude), and 25.46905894 (longitude)
11-21 09:26:39.756 15258 15258 D Poster  : Connected to WiFi
11-21 09:26:39.767 15258 15293 D Evaluation: 2 res for frame 675 received at 1574321199767
11-21 09:26:39.798 15258 15293 D Evaluation: 2 res for frame 676 received at 1574321199798
11-21 09:26:39.841 15258 15293 D Evaluation: 3 res for frame 677 received at 1574321199841
11-21 09:26:39.856 15258 15268 W System  : A resource failed to call close. 
11-21 09:26:39.859 15258 15268 I chatty  : uid=10203(symlab.cloudridar.arhud) FinalizerDaemon identical 35 lines
11-21 09:26:39.859 15258 15268 W System  : A resource failed to call close. 
11-21 09:26:39.869 15258 15293 D Evaluation: 3 res for frame 678 received at 1574321199868
11-21 09:26:39.894 15258 15293 D Evaluation: 3 res for frame 679 received at 1574321199894
11-21 09:26:39.942 15258 15293 D Evaluation: 2 res for frame 680 received at 1574321199942
11-21 09:26:39.974 15258 15293 D Evaluation: 2 res for frame 681 received at 1574321199974
11-21 09:26:40.002 15258 15293 D Evaluation: 2 res for frame 682 received at 1574321200002
11-21 09:26:40.041 15258 15293 D Evaluation: 2 res for frame 683 received at 1574321200040
11-21 09:26:40.072 15258 15293 D Evaluation: 2 res for frame 684 received at 1574321200072
11-21 09:26:40.097 15258 15293 D Evaluation: 2 res for frame 685 received at 1574321200097
11-21 09:26:40.132 15258 15293 D Evaluation: 2 res for frame 686 received at 1574321200132
11-21 09:26:40.165 15258 15293 D Evaluation: 2 res for frame 687 received at 1574321200165
11-21 09:26:40.194 15258 15293 D Evaluation: 2 res for frame 689 received at 1574321200194
11-21 09:26:40.221 15258 15293 D Evaluation: 3 res for frame 689 received at 1574321200221
11-21 09:26:40.264 15258 15293 D Evaluation: 3 res for frame 690 received at 1574321200264
11-21 09:26:40.304 15258 15293 D Evaluation: 3 res for frame 691 received at 1574321200304
11-21 09:26:40.336 15258 15293 D Evaluation: 3 res for frame 692 received at 1574321200336
11-21 09:26:40.381 15258 15293 D Evaluation: 3 res for frame 693 received at 1574321200381
11-21 09:26:40.411 15258 15293 D Evaluation: 3 res for frame 694 received at 1574321200411
11-21 09:26:40.427 15258 15268 W System  : A resource failed to call close. 
11-21 09:26:40.429 15258 15268 I chatty  : uid=10203(symlab.cloudridar.arhud) FinalizerDaemon identical 33 lines
11-21 09:26:40.429 15258 15268 W System  : A resource failed to call close. 
11-21 09:26:40.437 15258 15293 D Evaluation: 2 res for frame 695 received at 1574321200437
11-21 09:26:40.480 15258 15293 D Evaluation: 2 res for frame 696 received at 1574321200480
11-21 09:26:40.511 15258 15293 D Evaluation: 2 res for frame 697 received at 1574321200511
11-21 09:26:40.535 15258 15293 D Evaluation: 2 res for frame 698 received at 1574321200535
11-21 09:26:40.624 15258 15293 D Evaluation: 2 res for frame 699 received at 1574321200624
11-21 09:26:40.758 15258 15293 D Evaluation: 2 res for frame 700 received at 1574321200758
11-21 09:26:40.815 15258 15293 D Evaluation: 2 res for frame 701 received at 1574321200815
11-21 09:26:40.859 15258 15293 D Evaluation: 2 res for frame 702 received at 1574321200859
11-21 09:26:40.896 15258 15293 D Evaluation: 1 res for frame 703 received at 1574321200896
11-21 09:26:40.930 15258 15293 D Evaluation: 1 res for frame 705 received at 1574321200930
11-21 09:26:40.959 15258 15293 D Evaluation: 0 res for frame 706 received at 1574321200959
11-21 09:26:40.982 15258 15293 D Evaluation: 0 res for frame 708 received at 1574321200982
11-21 09:26:41.044 15258 15293 D Evaluation: 2 res for frame 709 received at 1574321201044
11-21 09:26:41.072 15258 15293 D Evaluation: 1 res for frame 710 received at 1574321201072
11-21 09:26:41.101 15258 15293 D Evaluation: 1 res for frame 710 received at 1574321201101
11-21 09:26:41.129 15258 15293 D Evaluation: 2 res for frame 711 received at 1574321201129
11-21 09:26:41.166 15258 15293 D Evaluation: 4 res for frame 712 received at 1574321201166
11-21 09:26:41.277 15258 15293 D Evaluation: 4 res for frame 713 received at 1574321201277
11-21 09:26:41.301 15258 15293 D Evaluation: 3 res for frame 714 received at 1574321201301
11-21 09:26:41.391 15258 15293 D Evaluation: 3 res for frame 715 received at 1574321201391
11-21 09:26:41.421 15258 15293 D Evaluation: 3 res for frame 716 received at 1574321201421
11-21 09:26:41.447 15258 15293 D Evaluation: 3 res for frame 717 received at 1574321201447
11-21 09:26:41.515 15258 15293 D Evaluation: 4 res for frame 719 received at 1574321201515
11-21 09:26:41.554 15258 15293 D Evaluation: 4 res for frame 720 received at 1574321201554
11-21 09:26:41.565 15258 15268 W System  : A resource failed to call close. 
11-21 09:26:41.569 15258 15268 W System  : A resource failed to call close. 
11-21 09:26:41.570 15258 15268 W System  : A resource failed to call close. 
11-21 09:26:41.570 15258 15268 I chatty  : uid=10203(symlab.cloudridar.arhud) FinalizerDaemon identical 8 lines
11-21 09:26:41.570 15258 15268 W System  : A resource failed to call close. 
11-21 09:26:41.570 15258 15268 W System  : A resource failed to call close. 
11-21 09:26:41.570 15258 15268 W System  : A resource failed to call close. 
11-21 09:26:41.571 15258 15268 W System  : A resource failed to call close. 
11-21 09:26:41.571 15258 15268 W System  : A resource failed to call close. 
11-21 09:26:41.571 15258 15268 W System  : A resource failed to call close. 
11-21 09:26:41.579 15258 15268 I chatty  : uid=10203(symlab.cloudridar.arhud) FinalizerDaemon identical 28 lines
11-21 09:26:41.579 15258 15268 W System  : A resource failed to call close. 
11-21 09:26:41.605 15258 15293 D Evaluation: 4 res for frame 720 received at 1574321201605
11-21 09:26:41.631 15258 15293 D Evaluation: 4 res for frame 721 received at 1574321201631
11-21 09:26:41.683 15258 15293 D Evaluation: 4 res for frame 722 received at 1574321201683
11-21 09:26:41.751 15258 15293 D Evaluation: 3 res for frame 723 received at 1574321201751
11-21 09:26:41.782 15258 15293 D Evaluation: 4 res for frame 724 received at 1574321201782
11-21 09:26:41.807 15258 15293 D Evaluation: 4 res for frame 725 received at 1574321201807
11-21 09:26:41.909 15258 15293 D Evaluation: 4 res for frame 727 received at 1574321201909
11-21 09:26:41.946 15258 15293 D Evaluation: 3 res for frame 728 received at 1574321201946
11-21 09:26:41.978 15258 15293 D Evaluation: 3 res for frame 728 received at 1574321201978
11-21 09:26:42.004 15258 15293 D Evaluation: 3 res for frame 729 received at 1574321202004
11-21 09:26:42.030 15258 15293 D Evaluation: 3 res for frame 731 received at 1574321202030
11-21 09:26:42.058 15258 15293 D Evaluation: 4 res for frame 732 received at 1574321202058
11-21 09:26:42.103 15258 15293 D Evaluation: 4 res for frame 733 received at 1574321202103
11-21 09:26:42.141 15258 15293 D Evaluation: 4 res for frame 733 received at 1574321202141
11-21 09:26:42.175 15258 15293 D Evaluation: 4 res for frame 734 received at 1574321202175
11-21 09:26:42.210 15258 15293 D Evaluation: 3 res for frame 735 received at 1574321202209
11-21 09:26:42.238 15258 15293 D Evaluation: 3 res for frame 736 received at 1574321202238
11-21 09:26:42.262 15258 15293 D Evaluation: 4 res for frame 738 received at 1574321202262
11-21 09:26:42.311 15258 15293 D Evaluation: 4 res for frame 738 received at 1574321202311
11-21 09:26:42.400 15258 15293 D Evaluation: 4 res for frame 739 received at 1574321202400
11-21 09:26:42.474 15258 15293 D Evaluation: 4 res for frame 740 received at 1574321202474
11-21 09:26:42.522 15258 15293 D Evaluation: 4 res for frame 741 received at 1574321202522
11-21 09:26:42.533 15258 15268 W System  : A resource failed to call close. 
11-21 09:26:42.536 15258 15268 I chatty  : uid=10203(symlab.cloudridar.arhud) FinalizerDaemon identical 29 lines
11-21 09:26:42.536 15258 15268 W System  : A resource failed to call close. 
11-21 09:26:42.536 15258 15268 W System  : A resource failed to call close. 
11-21 09:26:42.536 15258 15268 W System  : A resource failed to call close. 
11-21 09:26:42.536 15258 15268 I chatty  : uid=10203(symlab.cloudridar.arhud) FinalizerDaemon identical 2 lines
11-21 09:26:42.536 15258 15268 W System  : A resource failed to call close. 
11-21 09:26:42.536 15258 15268 W System  : A resource failed to call close. 
11-21 09:26:42.541 15258 15268 I chatty  : uid=10203(symlab.cloudridar.arhud) FinalizerDaemon identical 6 lines
11-21 09:26:42.541 15258 15268 W System  : A resource failed to call close. 
11-21 09:26:42.606 15258 15293 D Evaluation: 4 res for frame 742 received at 1574321202606
11-21 09:26:42.655 15258 15293 D Evaluation: 4 res for frame 743 received at 1574321202655
11-21 09:26:42.706 15258 15293 D Evaluation: 4 res for frame 744 received at 1574321202706
11-21 09:26:42.789 15258 15293 D Evaluation: 1 res for frame 745 received at 1574321202789
11-21 09:26:42.819 15258 15293 D Evaluation: 0 res for frame 746 received at 1574321202819
11-21 09:26:42.850 15258 15293 D Evaluation: 1 res for frame 747 received at 1574321202850
11-21 09:26:42.879 15258 15293 D Evaluation: 0 res for frame 749 received at 1574321202879
11-21 09:26:42.905 15258 15293 D Evaluation: 0 res for frame 750 received at 1574321202905
11-21 09:26:42.931 15258 15293 D Evaluation: 0 res for frame 751 received at 1574321202931
11-21 09:26:43.067 15258 15293 D Evaluation: 2 res for frame 752 received at 1574321203067
11-21 09:26:43.152 15258 15293 D Evaluation: 2 res for frame 752 received at 1574321203152
11-21 09:26:43.194 15258 15293 D Evaluation: 2 res for frame 753 received at 1574321203194
11-21 09:26:43.230 15258 15293 D Evaluation: 2 res for frame 754 received at 1574321203230
11-21 09:26:43.263 15258 15293 D Evaluation: 0 res for frame 756 received at 1574321203263
11-21 09:26:43.294 15258 15293 D Evaluation: 0 res for frame 758 received at 1574321203294
11-21 09:26:43.319 15258 15293 D Evaluation: 0 res for frame 759 received at 1574321203319
11-21 09:26:43.343 15258 15293 D Evaluation: 1 res for frame 760 received at 1574321203343
11-21 09:26:43.365 15258 15293 D Evaluation: 1 res for frame 761 received at 1574321203365
11-21 09:26:43.397 15258 15293 D Evaluation: 3 res for frame 761 received at 1574321203397
11-21 09:26:43.437 15258 15293 D Evaluation: 3 res for frame 761 received at 1574321203437
11-21 09:26:43.525 15258 15293 D Evaluation: 1 res for frame 762 received at 1574321203525
11-21 09:26:43.562 15258 15293 D Evaluation: 4 res for frame 763 received at 1574321203562
11-21 09:26:43.603 15258 15293 D Evaluation: 3 res for frame 764 received at 1574321203602
11-21 09:26:43.629 15258 15268 W System  : A resource failed to call close. 
11-21 09:26:43.633 15258 15268 I chatty  : uid=10203(symlab.cloudridar.arhud) FinalizerDaemon identical 24 lines
11-21 09:26:43.634 15258 15268 W System  : A resource failed to call close. 
11-21 09:26:43.634 15258 15268 W System  : A resource failed to call close. 
11-21 09:26:43.634 15258 15268 W System  : A resource failed to call close. 
11-21 09:26:43.634 15258 15268 W System  : A resource failed to call close. 
11-21 09:26:43.636 15258 15268 I chatty  : uid=10203(symlab.cloudridar.arhud) FinalizerDaemon identical 16 lines
11-21 09:26:43.636 15258 15268 W System  : A resource failed to call close. 
11-21 09:26:43.649 15258 15293 D Evaluation: 2 res for frame 766 received at 1574321203649
11-21 09:26:43.678 15258 15293 D Evaluation: 1 res for frame 767 received at 1574321203678
11-21 09:26:43.705 15258 15293 D Evaluation: 1 res for frame 767 received at 1574321203705
11-21 09:26:43.731 15258 15293 D Evaluation: 1 res for frame 769 received at 1574321203731
11-21 09:26:43.760 15258 15293 D Evaluation: 2 res for frame 770 received at 1574321203760
11-21 09:26:43.847 15258 15293 D Evaluation: 3 res for frame 770 received at 1574321203847
11-21 09:26:43.878 15258 15293 D Evaluation: 3 res for frame 771 received at 1574321203878
11-21 09:26:43.925 15258 15293 D Evaluation: 3 res for frame 772 received at 1574321203925
11-21 09:26:43.952 15258 15293 D Evaluation: 2 res for frame 774 received at 1574321203952
11-21 09:26:43.975 15258 15293 D Evaluation: 2 res for frame 774 received at 1574321203975
11-21 09:26:43.998 15258 15293 D Evaluation: 0 res for frame 775 received at 1574321203998
11-21 09:26:44.042 15258 15293 D Evaluation: 1 res for frame 777 received at 1574321204042
11-21 09:26:44.072 15258 15293 D Evaluation: 1 res for frame 778 received at 1574321204072
11-21 09:26:44.099 15258 15293 D Evaluation: 1 res for frame 778 received at 1574321204099
11-21 09:26:44.200 15258 15293 D Evaluation: 3 res for frame 779 received at 1574321204200
11-21 09:26:44.243 15258 15293 D Evaluation: 3 res for frame 780 received at 1574321204243
11-21 09:26:44.288 15258 15293 D Evaluation: 5 res for frame 781 received at 1574321204288
11-21 09:26:44.319 15258 15293 D Evaluation: 2 res for frame 782 received at 1574321204319
11-21 09:26:44.346 15258 15293 D Evaluation: 3 res for frame 783 received at 1574321204346
11-21 09:26:44.372 15258 15293 D Evaluation: 2 res for frame 785 received at 1574321204372
11-21 09:26:44.379 15258 15268 W System  : A resource failed to call close. 
11-21 09:26:44.381 15258 15268 I chatty  : uid=10203(symlab.cloudridar.arhud) FinalizerDaemon identical 38 lines
11-21 09:26:44.381 15258 15268 W System  : A resource failed to call close. 
11-21 09:26:44.495 15258 15293 D Evaluation: 0 res for frame 786 received at 1574321204495
11-21 09:26:44.543 15258 15293 D Evaluation: 0 res for frame 787 received at 1574321204543
11-21 09:26:44.575 15258 15293 D Evaluation: 1 res for frame 787 received at 1574321204575
11-21 09:26:44.603 15258 15293 D Evaluation: 3 res for frame 788 received at 1574321204603
11-21 09:26:44.641 15258 15293 D Evaluation: 3 res for frame 789 received at 1574321204641
11-21 09:26:44.671 15258 15293 D Evaluation: 3 res for frame 790 received at 1574321204671
11-21 09:26:44.704 15258 15293 D Evaluation: 2 res for frame 791 received at 1574321204704
11-21 09:26:44.791 15258 15293 D Evaluation: 2 res for frame 792 received at 1574321204791
11-21 09:26:44.949 15258 15293 D Evaluation: 1 res for frame 793 received at 1574321204949
11-21 09:26:44.983 15258 15293 D Evaluation: 1 res for frame 794 received at 1574321204983
11-21 09:26:45.013 15258 15293 D Evaluation: 1 res for frame 795 received at 1574321205013
11-21 09:26:45.039 15258 15293 D Evaluation: 2 res for frame 798 received at 1574321205039
11-21 09:26:45.064 15258 15293 D Evaluation: 1 res for frame 799 received at 1574321205064
11-21 09:26:45.088 15258 15293 D Evaluation: 1 res for frame 800 received at 1574321205088
11-21 09:26:45.110 15258 15293 D Evaluation: 1 res for frame 800 received at 1574321205110
11-21 09:26:45.133 15258 15293 D Evaluation: 1 res for frame 801 received at 1574321205133
11-21 09:26:45.168 15258 15293 D Evaluation: 1 res for frame 802 received at 1574321205168
11-21 09:26:45.193 15258 15293 D Evaluation: 1 res for frame 803 received at 1574321205193
11-21 09:26:45.318 15258 15293 D Evaluation: 0 res for frame 803 received at 1574321205318
11-21 09:26:45.330 15258 15268 W System  : A resource failed to call close. 
11-21 09:26:45.332 15258 15268 I chatty  : uid=10203(symlab.cloudridar.arhud) FinalizerDaemon identical 36 lines
11-21 09:26:45.332 15258 15268 W System  : A resource failed to call close. 
11-21 09:26:45.407 15258 15293 D Evaluation: 0 res for frame 804 received at 1574321205407
11-21 09:26:45.437 15258 15293 D Evaluation: 0 res for frame 805 received at 1574321205437
11-21 09:26:45.504 15258 15293 D Evaluation: 0 res for frame 806 received at 1574321205504
11-21 09:26:45.535 15258 15293 D Evaluation: 0 res for frame 807 received at 1574321205535
11-21 09:26:45.560 15258 15293 D Evaluation: 1 res for frame 808 received at 1574321205560
11-21 09:26:45.645 15258 15293 D Evaluation: 0 res for frame 809 received at 1574321205645
11-21 09:26:45.675 15258 15293 D Evaluation: 0 res for frame 810 received at 1574321205675
11-21 09:26:45.706 15258 15293 D Evaluation: 0 res for frame 811 received at 1574321205705
11-21 09:26:45.737 15258 15293 D Evaluation: 0 res for frame 813 received at 1574321205737
11-21 09:26:45.766 15258 15293 D Evaluation: 0 res for frame 814 received at 1574321205766
11-21 09:26:45.794 15258 15293 D Evaluation: 0 res for frame 814 received at 1574321205794
11-21 09:26:45.826 15258 15293 D Evaluation: 0 res for frame 815 received at 1574321205826
11-21 09:26:45.858 15258 15293 D Evaluation: 0 res for frame 816 received at 1574321205858
11-21 09:26:45.945 15258 15293 D Evaluation: 0 res for frame 817 received at 1574321205945
11-21 09:26:45.976 15258 15293 D Evaluation: 0 res for frame 818 received at 1574321205976
11-21 09:26:46.002 15258 15293 D Evaluation: 0 res for frame 819 received at 1574321206002
11-21 09:26:46.038 15258 15293 D Evaluation: 0 res for frame 820 received at 1574321206038
11-21 09:26:46.073 15258 15293 D Evaluation: 1 res for frame 822 received at 1574321206073
11-21 09:26:46.098 15258 15293 D Evaluation: 1 res for frame 823 received at 1574321206098
11-21 09:26:46.105 15258 15268 W System  : A resource failed to call close. 
11-21 09:26:46.107 15258 15268 I chatty  : uid=10203(symlab.cloudridar.arhud) FinalizerDaemon identical 36 lines
11-21 09:26:46.107 15258 15268 W System  : A resource failed to call close. 
11-21 09:26:46.174 15258 15293 D Evaluation: 0 res for frame 825 received at 1574321206174
11-21 09:26:46.283 15258 15293 D Evaluation: 0 res for frame 825 received at 1574321206283
11-21 09:26:46.316 15258 15293 D Evaluation: 1 res for frame 826 received at 1574321206316
11-21 09:26:46.400 15258 15293 D Evaluation: 1 res for frame 829 received at 1574321206400
11-21 09:26:46.424 15258 15293 D Evaluation: 2 res for frame 829 received at 1574321206424
11-21 09:26:46.469 15258 15293 D Evaluation: 1 res for frame 831 received at 1574321206469
11-21 09:26:46.492 15258 15293 D Evaluation: 0 res for frame 832 received at 1574321206492
11-21 09:26:46.526 15258 15293 D Evaluation: 0 res for frame 833 received at 1574321206526
11-21 09:26:46.606 15258 15293 D Evaluation: 0 res for frame 834 received at 1574321206606
11-21 09:26:46.671 15258 15293 D Evaluation: 0 res for frame 835 received at 1574321206671
11-21 09:26:46.702 15258 15293 D Evaluation: 0 res for frame 836 received at 1574321206702
11-21 09:26:46.728 15258 15293 D Evaluation: 0 res for frame 837 received at 1574321206728
11-21 09:26:46.752 15258 15293 D Evaluation: 0 res for frame 839 received at 1574321206752
11-21 09:26:46.813 15258 15293 D Evaluation: 0 res for frame 839 received at 1574321206813
11-21 09:26:46.845 15258 15293 D Evaluation: 0 res for frame 840 received at 1574321206844
11-21 09:26:46.871 15258 15293 D Evaluation: 0 res for frame 841 received at 1574321206871
11-21 09:26:46.896 15258 15293 D Evaluation: 0 res for frame 843 received at 1574321206896
11-21 09:26:46.914 15258 15268 W System  : A resource failed to call close. 
11-21 09:26:46.915 15258 15268 I chatty  : uid=10203(symlab.cloudridar.arhud) FinalizerDaemon identical 35 lines
11-21 09:26:46.915 15258 15268 W System  : A resource failed to call close. 
11-21 09:26:46.924 15258 15293 D Evaluation: 0 res for frame 843 received at 1574321206924
11-21 09:26:47.005 15258 15293 D Evaluation: 0 res for frame 844 received at 1574321207004
11-21 09:26:47.037 15258 15293 D Evaluation: 0 res for frame 845 received at 1574321207037
11-21 09:26:47.073 15258 15293 W System.err: java.net.SocketException: Message too long
11-21 09:26:47.074 15258 15293 W System.err: 	at sun.nio.ch.DatagramChannelImpl.send0(Native Method)
11-21 09:26:47.074 15258 15293 W System.err: 	at sun.nio.ch.DatagramChannelImpl.sendFromNativeBuffer(DatagramChannelImpl.java:573)
11-21 09:26:47.074 15258 15293 W System.err: 	at sun.nio.ch.DatagramChannelImpl.send(DatagramChannelImpl.java:550)
11-21 09:26:47.074 15258 15293 W System.err: 	at sun.nio.ch.DatagramChannelImpl.send(DatagramChannelImpl.java:514)
11-21 09:26:47.074 15258 15293 W System.err: 	at symlab.CloudAR.network.TransmissionTask.run(TransmissionTask.java:133)
11-21 09:26:47.074 15258 15293 W System.err: 	at android.os.Handler.handleCallback(Handler.java:874)
11-21 09:26:47.074 15258 15293 W System.err: 	at android.os.Handler.dispatchMessage(Handler.java:100)
11-21 09:26:47.074 15258 15293 W System.err: 	at android.os.Looper.loop(Looper.java:198)
11-21 09:26:47.074 15258 15293 W System.err: 	at android.os.HandlerThread.run(HandlerThread.java:65)
11-21 09:26:47.076 15258 15293 D Evaluation: 0 res for frame 846 received at 1574321207076
11-21 09:26:47.102 15258 15293 W System.err: java.net.SocketException: Message too long
11-21 09:26:47.102 15258 15293 W System.err: 	at sun.nio.ch.DatagramChannelImpl.send0(Native Method)
11-21 09:26:47.102 15258 15293 W System.err: 	at sun.nio.ch.DatagramChannelImpl.sendFromNativeBuffer(DatagramChannelImpl.java:573)
11-21 09:26:47.102 15258 15293 W System.err: 	at sun.nio.ch.DatagramChannelImpl.send(DatagramChannelImpl.java:550)
