11-06 10:26:33.458 20817 20851 D Evaluation: Frame 136 sent at 1573028793458
11-06 10:26:33.501 20817 20851 D Evaluation: Frame 137 sent at 1573028793501
11-06 10:26:33.534 20817 20851 D Evaluation: Frame 138 sent at 1573028793534
11-06 10:26:33.568 20817 20851 W System.err: java.net.SocketException: Message too long
11-06 10:26:33.568 20817 20851 W System.err: 	at sun.nio.ch.DatagramChannelImpl.send0(Native Method)
11-06 10:26:33.568 20817 20851 W System.err: 	at sun.nio.ch.DatagramChannelImpl.sendFromNativeBuffer(DatagramChannelImpl.java:573)
11-06 10:26:33.568 20817 20851 W System.err: 	at sun.nio.ch.DatagramChannelImpl.send(DatagramChannelImpl.java:550)
11-06 10:26:33.568 20817 20851 W System.err: 	at sun.nio.ch.DatagramChannelImpl.send(DatagramChannelImpl.java:514)
11-06 10:26:33.568 20817 20851 W System.err: 	at symlab.CloudAR.network.TransmissionTask.run(TransmissionTask.java:124)
11-06 10:26:33.568 20817 20851 W System.err: 	at android.os.Handler.handleCallback(Handler.java:907)
11-06 10:26:33.568 20817 20851 W System.err: 	at android.os.Handler.dispatchMessage(Handler.java:105)
11-06 10:26:33.568 20817 20851 W System.err: 	at android.os.Looper.loop(Looper.java:216)
11-06 10:26:33.568 20817 20851 W System.err: 	at android.os.HandlerThread.run(HandlerThread.java:65)
11-06 10:26:33.593 20817 20851 D Evaluation: Frame 140 sent at 1573028793593
11-06 10:26:33.594 20817 20828 E         : [ZeroHung]zrhung_get_config: Get config failed for wp[0x0008]
11-06 10:26:33.594 20817 20851 D Evaluation: 0 res for frame 132 received at 1573028793594
11-06 10:26:33.609 20817 20826 W System  : A resource failed to call close. 
11-06 10:26:33.609 20817 20826 W System  : A resource failed to call close. 
11-06 10:26:33.609 20817 20826 I chatty  : uid=10149(symlab.cloudridar.arhud) FinalizerDaemon identical 1 line
11-06 10:26:33.609 20817 20826 W System  : A resource failed to call close. 
11-06 10:26:33.609 20817 20826 W System  : A resource failed to call close. 
11-06 10:26:33.609 20817 20826 I chatty  : uid=10149(symlab.cloudridar.arhud) FinalizerDaemon identical 1 line
11-06 10:26:33.609 20817 20826 W System  : A resource failed to call close. 
11-06 10:26:33.609 20817 20826 W System  : A resource failed to call close. 
11-06 10:26:33.610 20817 20826 W System  : A resource failed to call close. 
11-06 10:26:33.634 20817 20851 D Evaluation: Frame 141 sent at 1573028793634
11-06 10:26:33.661 20817 20851 D Evaluation: Frame 142 sent at 1573028793661
11-06 10:26:33.693 20817 20851 D Evaluation: Frame 143 sent at 1573028793693
11-06 10:26:33.729 20817 20851 D Evaluation: Frame 144 sent at 1573028793729
11-06 10:26:33.758 20817 20851 D Evaluation: Frame 145 sent at 1573028793758
11-06 10:26:33.801 20817 20851 W System.err: java.net.SocketException: Message too long
11-06 10:26:33.802 20817 20851 W System.err: 	at sun.nio.ch.DatagramChannelImpl.send0(Native Method)
11-06 10:26:33.802 20817 20851 W System.err: 	at sun.nio.ch.DatagramChannelImpl.sendFromNativeBuffer(DatagramChannelImpl.java:573)
11-06 10:26:33.802 20817 20851 W System.err: 	at sun.nio.ch.DatagramChannelImpl.send(DatagramChannelImpl.java:550)
11-06 10:26:33.802 20817 20851 W System.err: 	at sun.nio.ch.DatagramChannelImpl.send(DatagramChannelImpl.java:514)
11-06 10:26:33.802 20817 20851 W System.err: 	at symlab.CloudAR.network.TransmissionTask.run(TransmissionTask.java:124)
11-06 10:26:33.802 20817 20851 W System.err: 	at android.os.Handler.handleCallback(Handler.java:907)
11-06 10:26:33.802 20817 20851 W System.err: 	at android.os.Handler.dispatchMessage(Handler.java:105)
11-06 10:26:33.802 20817 20851 W System.err: 	at android.os.Looper.loop(Looper.java:216)
11-06 10:26:33.802 20817 20851 W System.err: 	at android.os.HandlerThread.run(HandlerThread.java:65)
11-06 10:26:33.840 20817 20851 W System.err: java.net.SocketException: Message too long
11-06 10:26:33.840 20817 20851 W System.err: 	at sun.nio.ch.DatagramChannelImpl.send0(Native Method)
11-06 10:26:33.840 20817 20851 W System.err: 	at sun.nio.ch.DatagramChannelImpl.sendFromNativeBuffer(DatagramChannelImpl.java:573)
11-06 10:26:33.840 20817 20851 W System.err: 	at sun.nio.ch.DatagramChannelImpl.send(DatagramChannelImpl.java:550)
11-06 10:26:33.840 20817 20851 W System.err: 	at sun.nio.ch.DatagramChannelImpl.send(DatagramChannelImpl.java:514)
11-06 10:26:33.840 20817 20851 W System.err: 	at symlab.CloudAR.network.TransmissionTask.run(TransmissionTask.java:124)
11-06 10:26:33.840 20817 20851 W System.err: 	at android.os.Handler.handleCallback(Handler.java:907)
11-06 10:26:33.840 20817 20851 W System.err: 	at android.os.Handler.dispatchMessage(Handler.java:105)
11-06 10:26:33.840 20817 20851 W System.err: 	at android.os.Looper.loop(Looper.java:216)
11-06 10:26:33.840 20817 20851 W System.err: 	at android.os.HandlerThread.run(HandlerThread.java:65)
11-06 10:26:33.841 20817 20851 D Evaluation: 0 res for frame 133 received at 1573028793841
11-06 10:26:33.861 20817 20851 D Evaluation: Frame 148 sent at 1573028793861
11-06 10:26:33.898 20817 20851 D Evaluation: Frame 149 sent at 1573028793898
11-06 10:26:33.932 20817 20851 D Evaluation: Frame 150 sent at 1573028793932
11-06 10:26:33.971 20817 20851 D Evaluation: Frame 151 sent at 1573028793971
11-06 10:26:33.997 20817 20851 W System.err: java.net.SocketException: Message too long
11-06 10:26:33.997 20817 20851 W System.err: 	at sun.nio.ch.DatagramChannelImpl.send0(Native Method)
11-06 10:26:33.997 20817 20851 W System.err: 	at sun.nio.ch.DatagramChannelImpl.sendFromNativeBuffer(DatagramChannelImpl.java:573)
11-06 10:26:33.997 20817 20851 W System.err: 	at sun.nio.ch.DatagramChannelImpl.send(DatagramChannelImpl.java:550)
11-06 10:26:33.997 20817 20851 W System.err: 	at sun.nio.ch.DatagramChannelImpl.send(DatagramChannelImpl.java:514)
11-06 10:26:33.997 20817 20851 W System.err: 	at symlab.CloudAR.network.TransmissionTask.run(TransmissionTask.java:124)
11-06 10:26:33.997 20817 20851 W System.err: 	at android.os.Handler.handleCallback(Handler.java:907)
11-06 10:26:33.997 20817 20851 W System.err: 	at android.os.Handler.dispatchMessage(Handler.java:105)
11-06 10:26:33.997 20817 20851 W System.err: 	at android.os.Looper.loop(Looper.java:216)
11-06 10:26:33.998 20817 20851 W System.err: 	at android.os.HandlerThread.run(HandlerThread.java:65)
11-06 10:26:34.030 20817 20851 W System.err: java.net.SocketException: Message too long
11-06 10:26:34.030 20817 20851 W System.err: 	at sun.nio.ch.DatagramChannelImpl.send0(Native Method)
11-06 10:26:34.030 20817 20851 W System.err: 	at sun.nio.ch.DatagramChannelImpl.sendFromNativeBuffer(DatagramChannelImpl.java:573)
11-06 10:26:34.030 20817 20851 W System.err: 	at sun.nio.ch.DatagramChannelImpl.send(DatagramChannelImpl.java:550)
11-06 10:26:34.030 20817 20851 W System.err: 	at sun.nio.ch.DatagramChannelImpl.send(DatagramChannelImpl.java:514)
11-06 10:26:34.030 20817 20851 W System.err: 	at symlab.CloudAR.network.TransmissionTask.run(TransmissionTask.java:124)
11-06 10:26:34.030 20817 20851 W System.err: 	at android.os.Handler.handleCallback(Handler.java:907)
11-06 10:26:34.030 20817 20851 W System.err: 	at android.os.Handler.dispatchMessage(Handler.java:105)
11-06 10:26:34.030 20817 20851 W System.err: 	at android.os.Looper.loop(Looper.java:216)
11-06 10:26:34.030 20817 20851 W System.err: 	at android.os.HandlerThread.run(HandlerThread.java:65)
11-06 10:26:34.076 20817 20851 W System.err: java.net.SocketException: Message too long
11-06 10:26:34.076 20817 20851 W System.err: 	at sun.nio.ch.DatagramChannelImpl.send0(Native Method)
11-06 10:26:34.077 20817 20851 W System.err: 	at sun.nio.ch.DatagramChannelImpl.sendFromNativeBuffer(DatagramChannelImpl.java:573)
11-06 10:26:34.077 20817 20851 W System.err: 	at sun.nio.ch.DatagramChannelImpl.send(DatagramChannelImpl.java:550)
11-06 10:26:34.077 20817 20851 W System.err: 	at sun.nio.ch.DatagramChannelImpl.send(DatagramChannelImpl.java:514)
11-06 10:26:34.077 20817 20851 W System.err: 	at symlab.CloudAR.network.TransmissionTask.run(TransmissionTask.java:124)
11-06 10:26:34.077 20817 20851 W System.err: 	at android.os.Handler.handleCallback(Handler.java:907)
11-06 10:26:34.077 20817 20851 W System.err: 	at android.os.Handler.dispatchMessage(Handler.java:105)
11-06 10:26:34.077 20817 20851 W System.err: 	at android.os.Looper.loop(Looper.java:216)
11-06 10:26:34.077 20817 20851 W System.err: 	at android.os.HandlerThread.run(HandlerThread.java:65)
11-06 10:26:34.106 20817 20851 W System.err: java.net.SocketException: Message too long
11-06 10:26:34.106 20817 20851 W System.err: 	at sun.nio.ch.DatagramChannelImpl.send0(Native Method)
11-06 10:26:34.106 20817 20851 W System.err: 	at sun.nio.ch.DatagramChannelImpl.sendFromNativeBuffer(DatagramChannelImpl.java:573)
11-06 10:26:34.106 20817 20851 W System.err: 	at sun.nio.ch.DatagramChannelImpl.send(DatagramChannelImpl.java:550)
11-06 10:26:34.106 20817 20851 W System.err: 	at sun.nio.ch.DatagramChannelImpl.send(DatagramChannelImpl.java:514)
11-06 10:26:34.106 20817 20851 W System.err: 	at symlab.CloudAR.network.TransmissionTask.run(TransmissionTask.java:124)
11-06 10:26:34.106 20817 20851 W System.err: 	at android.os.Handler.handleCallback(Handler.java:907)
11-06 10:26:34.106 20817 20851 W System.err: 	at android.os.Handler.dispatchMessage(Handler.java:105)
11-06 10:26:34.106 20817 20851 W System.err: 	at android.os.Looper.loop(Looper.java:216)
11-06 10:26:34.106 20817 20851 W System.err: 	at android.os.HandlerThread.run(HandlerThread.java:65)
11-06 10:26:34.128 20817 20851 W System.err: java.net.SocketException: Message too long
11-06 10:26:34.129 20817 20851 W System.err: 	at sun.nio.ch.DatagramChannelImpl.send0(Native Method)
11-06 10:26:34.129 20817 20851 W System.err: 	at sun.nio.ch.DatagramChannelImpl.sendFromNativeBuffer(DatagramChannelImpl.java:573)
11-06 10:26:34.129 20817 20851 W System.err: 	at sun.nio.ch.DatagramChannelImpl.send(DatagramChannelImpl.java:550)
11-06 10:26:34.129 20817 20851 W System.err: 	at sun.nio.ch.DatagramChannelImpl.send(DatagramChannelImpl.java:514)
11-06 10:26:34.129 20817 20851 W System.err: 	at symlab.CloudAR.network.TransmissionTask.run(TransmissionTask.java:124)
11-06 10:26:34.129 20817 20851 W System.err: 	at android.os.Handler.handleCallback(Handler.java:907)
11-06 10:26:34.129 20817 20851 W System.err: 	at android.os.Handler.dispatchMessage(Handler.java:105)
11-06 10:26:34.129 20817 20851 W System.err: 	at android.os.Looper.loop(Looper.java:216)
11-06 10:26:34.129 20817 20851 W System.err: 	at android.os.HandlerThread.run(HandlerThread.java:65)
11-06 10:26:34.161 20817 20851 W System.err: java.net.SocketException: Message too long
11-06 10:26:34.161 20817 20851 W System.err: 	at sun.nio.ch.DatagramChannelImpl.send0(Native Method)
11-06 10:26:34.161 20817 20851 W System.err: 	at sun.nio.ch.DatagramChannelImpl.sendFromNativeBuffer(DatagramChannelImpl.java:573)
11-06 10:26:34.161 20817 20851 W System.err: 	at sun.nio.ch.DatagramChannelImpl.send(DatagramChannelImpl.java:550)
11-06 10:26:34.161 20817 20851 W System.err: 	at sun.nio.ch.DatagramChannelImpl.send(DatagramChannelImpl.java:514)
11-06 10:26:34.161 20817 20851 W System.err: 	at symlab.CloudAR.network.TransmissionTask.run(TransmissionTask.java:124)
11-06 10:26:34.161 20817 20851 W System.err: 	at android.os.Handler.handleCallback(Handler.java:907)
11-06 10:26:34.161 20817 20851 W System.err: 	at android.os.Handler.dispatchMessage(Handler.java:105)
11-06 10:26:34.161 20817 20851 W System.err: 	at android.os.Looper.loop(Looper.java:216)
11-06 10:26:34.161 20817 20851 W System.err: 	at android.os.HandlerThread.run(HandlerThread.java:65)
11-06 10:26:34.196 20817 20851 W System.err: java.net.SocketException: Message too long
11-06 10:26:34.197 20817 20851 W System.err: 	at sun.nio.ch.DatagramChannelImpl.send0(Native Method)
11-06 10:26:34.197 20817 20851 W System.err: 	at sun.nio.ch.DatagramChannelImpl.sendFromNativeBuffer(DatagramChannelImpl.java:573)
11-06 10:26:34.197 20817 20851 W System.err: 	at sun.nio.ch.DatagramChannelImpl.send(DatagramChannelImpl.java:550)
11-06 10:26:34.197 20817 20851 W System.err: 	at sun.nio.ch.DatagramChannelImpl.send(DatagramChannelImpl.java:514)
11-06 10:26:34.197 20817 20851 W System.err: 	at symlab.CloudAR.network.TransmissionTask.run(TransmissionTask.java:124)
11-06 10:26:34.197 20817 20851 W System.err: 	at android.os.Handler.handleCallback(Handler.java:907)
11-06 10:26:34.197 20817 20851 W System.err: 	at android.os.Handler.dispatchMessage(Handler.java:105)
11-06 10:26:34.197 20817 20851 W System.err: 	at android.os.Looper.loop(Looper.java:216)
11-06 10:26:34.197 20817 20851 W System.err: 	at android.os.HandlerThread.run(HandlerThread.java:65)
11-06 10:26:34.232 20817 20851 W System.err: java.net.SocketException: Message too long
11-06 10:26:34.233 20817 20851 W System.err: 	at sun.nio.ch.DatagramChannelImpl.send0(Native Method)
11-06 10:26:34.233 20817 20851 W System.err: 	at sun.nio.ch.DatagramChannelImpl.sendFromNativeBuffer(DatagramChannelImpl.java:573)
11-06 10:26:34.233 20817 20851 W System.err: 	at sun.nio.ch.DatagramChannelImpl.send(DatagramChannelImpl.java:550)
11-06 10:26:34.233 20817 20851 W System.err: 	at sun.nio.ch.DatagramChannelImpl.send(DatagramChannelImpl.java:514)
11-06 10:26:34.233 20817 20851 W System.err: 	at symlab.CloudAR.network.TransmissionTask.run(TransmissionTask.java:124)
11-06 10:26:34.233 20817 20851 W System.err: 	at android.os.Handler.handleCallback(Handler.java:907)
11-06 10:26:34.233 20817 20851 W System.err: 	at android.os.Handler.dispatchMessage(Handler.java:105)
11-06 10:26:34.233 20817 20851 W System.err: 	at android.os.Looper.loop(Looper.java:216)
11-06 10:26:34.233 20817 20851 W System.err: 	at android.os.HandlerThread.run(HandlerThread.java:65)
11-06 10:26:34.267 20817 20851 W System.err: java.net.SocketException: Message too long
11-06 10:26:34.267 20817 20851 W System.err: 	at sun.nio.ch.DatagramChannelImpl.send0(Native Method)
11-06 10:26:34.267 20817 20851 W System.err: 	at sun.nio.ch.DatagramChannelImpl.sendFromNativeBuffer(DatagramChannelImpl.java:573)
11-06 10:26:34.267 20817 20851 W System.err: 	at sun.nio.ch.DatagramChannelImpl.send(DatagramChannelImpl.java:550)
11-06 10:26:34.267 20817 20851 W System.err: 	at sun.nio.ch.DatagramChannelImpl.send(DatagramChannelImpl.java:514)
11-06 10:26:34.267 20817 20851 W System.err: 	at symlab.CloudAR.network.TransmissionTask.run(TransmissionTask.java:124)
11-06 10:26:34.267 20817 20851 W System.err: 	at android.os.Handler.handleCallback(Handler.java:907)
11-06 10:26:34.267 20817 20851 W System.err: 	at android.os.Handler.dispatchMessage(Handler.java:105)
11-06 10:26:34.267 20817 20851 W System.err: 	at android.os.Looper.loop(Looper.java:216)
11-06 10:26:34.267 20817 20851 W System.err: 	at android.os.HandlerThread.run(HandlerThread.java:65)
11-06 10:26:34.298 20817 20851 W System.err: java.net.SocketException: Message too long
11-06 10:26:34.298 20817 20851 W System.err: 	at sun.nio.ch.DatagramChannelImpl.send0(Native Method)
11-06 10:26:34.298 20817 20851 W System.err: 	at sun.nio.ch.DatagramChannelImpl.sendFromNativeBuffer(DatagramChannelImpl.java:573)
11-06 10:26:34.298 20817 20851 W System.err: 	at sun.nio.ch.DatagramChannelImpl.send(DatagramChannelImpl.java:550)
11-06 10:26:34.298 20817 20851 W System.err: 	at sun.nio.ch.DatagramChannelImpl.send(DatagramChannelImpl.java:514)
11-06 10:26:34.298 20817 20851 W System.err: 	at symlab.CloudAR.network.TransmissionTask.run(TransmissionTask.java:124)
11-06 10:26:34.298 20817 20851 W System.err: 	at android.os.Handler.handleCallback(Handler.java:907)
11-06 10:26:34.298 20817 20851 W System.err: 	at android.os.Handler.dispatchMessage(Handler.java:105)
11-06 10:26:34.298 20817 20851 W System.err: 	at android.os.Looper.loop(Looper.java:216)
11-06 10:26:34.298 20817 20851 W System.err: 	at android.os.HandlerThread.run(HandlerThread.java:65)
11-06 10:26:34.342 20817 20851 D Evaluation: Frame 162 sent at 1573028794342
11-06 10:26:34.374 20817 20851 D Evaluation: Frame 163 sent at 1573028794373
11-06 10:26:34.410 20817 20851 D Evaluation: Frame 164 sent at 1573028794410
11-06 10:26:34.428 20817 20851 D Evaluation: Frame 165 sent at 1573028794428
11-06 10:26:34.463 20817 20851 D Evaluation: Frame 166 sent at 1573028794463
11-06 10:26:34.506 20817 20851 D Evaluation: Frame 167 sent at 1573028794506
11-06 10:26:34.531 20817 20851 D Evaluation: Frame 168 sent at 1573028794531
11-06 10:26:34.566 20817 20851 D Evaluation: Frame 169 sent at 1573028794566
11-06 10:26:34.625 20817 20851 D Evaluation: Frame 171 sent at 1573028794625
11-06 10:26:34.639 20817 20851 D Evaluation: Frame 171 sent at 1573028794639
11-06 10:26:34.664 20817 20851 D Evaluation: Frame 172 sent at 1573028794664
11-06 10:26:34.698 20817 20851 D Evaluation: Frame 173 sent at 1573028794698
11-06 10:26:34.699 20817 20851 D Evaluation: 0 res for frame 162 received at 1573028794699
11-06 10:26:34.737 20817 20828 E         : [ZeroHung]zrhung_get_config: Get config failed for wp[0x0008]
11-06 10:26:34.738 20817 20851 D Evaluation: Frame 174 sent at 1573028794738
11-06 10:26:34.755 20817 20826 W System  : A resource failed to call close. 
11-06 10:26:34.756 20817 20826 I chatty  : uid=10149(symlab.cloudridar.arhud) FinalizerDaemon identical 3 lines
11-06 10:26:34.756 20817 20826 W System  : A resource failed to call close. 
11-06 10:26:34.768 20817 20851 D Evaluation: Frame 175 sent at 1573028794768
11-06 10:26:34.802 20817 20851 D Evaluation: Frame 176 sent at 1573028794802
11-06 10:26:34.844 20817 20851 D Evaluation: Frame 177 sent at 1573028794844
11-06 10:26:34.882 20817 20851 D Evaluation: Frame 178 sent at 1573028794882
11-06 10:26:34.883 20817 20851 D Evaluation: 0 res for frame 163 received at 1573028794883
11-06 10:26:34.918 20817 20851 D Evaluation: Frame 179 sent at 1573028794918
11-06 10:26:34.952 20817 20851 W System.err: java.net.SocketException: Message too long
11-06 10:26:34.952 20817 20851 W System.err: 	at sun.nio.ch.DatagramChannelImpl.send0(Native Method)
11-06 10:26:34.952 20817 20851 W System.err: 	at sun.nio.ch.DatagramChannelImpl.sendFromNativeBuffer(DatagramChannelImpl.java:573)
11-06 10:26:34.952 20817 20851 W System.err: 	at sun.nio.ch.DatagramChannelImpl.send(DatagramChannelImpl.java:550)
11-06 10:26:34.952 20817 20851 W System.err: 	at sun.nio.ch.DatagramChannelImpl.send(DatagramChannelImpl.java:514)
11-06 10:26:34.952 20817 20851 W System.err: 	at symlab.CloudAR.network.TransmissionTask.run(TransmissionTask.java:124)
11-06 10:26:34.952 20817 20851 W System.err: 	at android.os.Handler.handleCallback(Handler.java:907)
11-06 10:26:34.952 20817 20851 W System.err: 	at android.os.Handler.dispatchMessage(Handler.java:105)
11-06 10:26:34.952 20817 20851 W System.err: 	at android.os.Looper.loop(Looper.java:216)
11-06 10:26:34.952 20817 20851 W System.err: 	at android.os.HandlerThread.run(HandlerThread.java:65)
11-06 10:26:34.979 20817 20851 W System.err: java.net.SocketException: Message too long
11-06 10:26:34.979 20817 20851 W System.err: 	at sun.nio.ch.DatagramChannelImpl.send0(Native Method)
11-06 10:26:34.979 20817 20851 W System.err: 	at sun.nio.ch.DatagramChannelImpl.sendFromNativeBuffer(DatagramChannelImpl.java:573)
11-06 10:26:34.979 20817 20851 W System.err: 	at sun.nio.ch.DatagramChannelImpl.send(DatagramChannelImpl.java:550)
11-06 10:26:34.979 20817 20851 W System.err: 	at sun.nio.ch.DatagramChannelImpl.send(DatagramChannelImpl.java:514)
11-06 10:26:34.979 20817 20851 W System.err: 	at symlab.CloudAR.network.TransmissionTask.run(TransmissionTask.java:124)
11-06 10:26:34.979 20817 20851 W System.err: 	at android.os.Handler.handleCallback(Handler.java:907)
11-06 10:26:34.979 20817 20851 W System.err: 	at android.os.Handler.dispatchMessage(Handler.java:105)
11-06 10:26:34.979 20817 20851 W System.err: 	at android.os.Looper.loop(Looper.java:216)
11-06 10:26:34.979 20817 20851 W System.err: 	at android.os.HandlerThread.run(HandlerThread.java:65)
11-06 10:26:35.016 20817 20851 W System.err: java.net.SocketException: Message too long
11-06 10:26:35.016 20817 20851 W System.err: 	at sun.nio.ch.DatagramChannelImpl.send0(Native Method)
11-06 10:26:35.016 20817 20851 W System.err: 	at sun.nio.ch.DatagramChannelImpl.sendFromNativeBuffer(DatagramChannelImpl.java:573)
11-06 10:26:35.016 20817 20851 W System.err: 	at sun.nio.ch.DatagramChannelImpl.send(DatagramChannelImpl.java:550)
11-06 10:26:35.016 20817 20851 W System.err: 	at sun.nio.ch.DatagramChannelImpl.send(DatagramChannelImpl.java:514)
11-06 10:26:35.016 20817 20851 W System.err: 	at symlab.CloudAR.network.TransmissionTask.run(TransmissionTask.java:124)
11-06 10:26:35.016 20817 20851 W System.err: 	at android.os.Handler.handleCallback(Handler.java:907)
11-06 10:26:35.016 20817 20851 W System.err: 	at android.os.Handler.dispatchMessage(Handler.java:105)
11-06 10:26:35.016 20817 20851 W System.err: 	at android.os.Looper.loop(Looper.java:216)
11-06 10:26:35.016 20817 20851 W System.err: 	at android.os.HandlerThread.run(HandlerThread.java:65)
11-06 10:26:35.056 20817 20851 D Evaluation: Frame 183 sent at 1573028795056
11-06 10:26:35.100 20817 20851 W System.err: java.net.SocketException: Message too long
11-06 10:26:35.100 20817 20851 W System.err: 	at sun.nio.ch.DatagramChannelImpl.send0(Native Method)
11-06 10:26:35.100 20817 20851 W System.err: 	at sun.nio.ch.DatagramChannelImpl.sendFromNativeBuffer(DatagramChannelImpl.java:573)
11-06 10:26:35.100 20817 20851 W System.err: 	at sun.nio.ch.DatagramChannelImpl.send(DatagramChannelImpl.java:550)
11-06 10:26:35.100 20817 20851 W System.err: 	at sun.nio.ch.DatagramChannelImpl.send(DatagramChannelImpl.java:514)
11-06 10:26:35.100 20817 20851 W System.err: 	at symlab.CloudAR.network.TransmissionTask.run(TransmissionTask.java:124)
11-06 10:26:35.100 20817 20851 W System.err: 	at android.os.Handler.handleCallback(Handler.java:907)
11-06 10:26:35.100 20817 20851 W System.err: 	at android.os.Handler.dispatchMessage(Handler.java:105)
11-06 10:26:35.100 20817 20851 W System.err: 	at android.os.Looper.loop(Looper.java:216)
11-06 10:26:35.100 20817 20851 W System.err: 	at android.os.HandlerThread.run(HandlerThread.java:65)
11-06 10:26:35.121 20817 20851 W System.err: java.net.SocketException: Message too long
11-06 10:26:35.121 20817 20851 W System.err: 	at sun.nio.ch.DatagramChannelImpl.send0(Native Method)
11-06 10:26:35.121 20817 20851 W System.err: 	at sun.nio.ch.DatagramChannelImpl.sendFromNativeBuffer(DatagramChannelImpl.java:573)
11-06 10:26:35.121 20817 20851 W System.err: 	at sun.nio.ch.DatagramChannelImpl.send(DatagramChannelImpl.java:550)
11-06 10:26:35.121 20817 20851 W System.err: 	at sun.nio.ch.DatagramChannelImpl.send(DatagramChannelImpl.java:514)
11-06 10:26:35.121 20817 20851 W System.err: 	at symlab.CloudAR.network.TransmissionTask.run(TransmissionTask.java:124)
11-06 10:26:35.121 20817 20851 W System.err: 	at android.os.Handler.handleCallback(Handler.java:907)
11-06 10:26:35.121 20817 20851 W System.err: 	at android.os.Handler.dispatchMessage(Handler.java:105)
11-06 10:26:35.121 20817 20851 W System.err: 	at android.os.Looper.loop(Looper.java:216)
11-06 10:26:35.121 20817 20851 W System.err: 	at android.os.HandlerThread.run(HandlerThread.java:65)
11-06 10:26:35.144 20817 20851 W System.err: java.net.SocketException: Message too long
11-06 10:26:35.144 20817 20851 W System.err: 	at sun.nio.ch.DatagramChannelImpl.send0(Native Method)
11-06 10:26:35.144 20817 20851 W System.err: 	at sun.nio.ch.DatagramChannelImpl.sendFromNativeBuffer(DatagramChannelImpl.java:573)
11-06 10:26:35.144 20817 20851 W System.err: 	at sun.nio.ch.DatagramChannelImpl.send(DatagramChannelImpl.java:550)
11-06 10:26:35.144 20817 20851 W System.err: 	at sun.nio.ch.DatagramChannelImpl.send(DatagramChannelImpl.java:514)
11-06 10:26:35.144 20817 20851 W System.err: 	at symlab.CloudAR.network.TransmissionTask.run(TransmissionTask.java:124)
11-06 10:26:35.144 20817 20851 W System.err: 	at android.os.Handler.handleCallback(Handler.java:907)
11-06 10:26:35.144 20817 20851 W System.err: 	at android.os.Handler.dispatchMessage(Handler.java:105)
11-06 10:26:35.144 20817 20851 W System.err: 	at android.os.Looper.loop(Looper.java:216)
11-06 10:26:35.144 20817 20851 W System.err: 	at android.os.HandlerThread.run(HandlerThread.java:65)
11-06 10:26:35.186 20817 20851 W System.err: java.net.SocketException: Message too long
11-06 10:26:35.186 20817 20851 W System.err: 	at sun.nio.ch.DatagramChannelImpl.send0(Native Method)
11-06 10:26:35.186 20817 20851 W System.err: 	at sun.nio.ch.DatagramChannelImpl.sendFromNativeBuffer(DatagramChannelImpl.java:573)
11-06 10:26:35.186 20817 20851 W System.err: 	at sun.nio.ch.DatagramChannelImpl.send(DatagramChannelImpl.java:550)
11-06 10:26:35.186 20817 20851 W System.err: 	at sun.nio.ch.DatagramChannelImpl.send(DatagramChannelImpl.java:514)
11-06 10:26:35.186 20817 20851 W System.err: 	at symlab.CloudAR.network.TransmissionTask.run(TransmissionTask.java:124)
11-06 10:26:35.186 20817 20851 W System.err: 	at android.os.Handler.handleCallback(Handler.java:907)
11-06 10:26:35.186 20817 20851 W System.err: 	at android.os.Handler.dispatchMessage(Handler.java:105)
11-06 10:26:35.186 20817 20851 W System.err: 	at android.os.Looper.loop(Looper.java:216)
11-06 10:26:35.186 20817 20851 W System.err: 	at android.os.HandlerThread.run(HandlerThread.java:65)
11-06 10:26:35.213 20817 20851 W System.err: java.net.SocketException: Message too long
11-06 10:26:35.213 20817 20851 W System.err: 	at sun.nio.ch.DatagramChannelImpl.send0(Native Method)
11-06 10:26:35.213 20817 20851 W System.err: 	at sun.nio.ch.DatagramChannelImpl.sendFromNativeBuffer(DatagramChannelImpl.java:573)
11-06 10:26:35.213 20817 20851 W System.err: 	at sun.nio.ch.DatagramChannelImpl.send(DatagramChannelImpl.java:550)
11-06 10:26:35.213 20817 20851 W System.err: 	at sun.nio.ch.DatagramChannelImpl.send(DatagramChannelImpl.java:514)
11-06 10:26:35.213 20817 20851 W System.err: 	at symlab.CloudAR.network.TransmissionTask.run(TransmissionTask.java:124)
11-06 10:26:35.213 20817 20851 W System.err: 	at android.os.Handler.handleCallback(Handler.java:907)
11-06 10:26:35.213 20817 20851 W System.err: 	at android.os.Handler.dispatchMessage(Handler.java:105)
11-06 10:26:35.213 20817 20851 W System.err: 	at android.os.Looper.loop(Looper.java:216)
11-06 10:26:35.213 20817 20851 W System.err: 	at android.os.HandlerThread.run(HandlerThread.java:65)
11-06 10:26:35.256 20817 20851 W System.err: java.net.SocketException: Message too long
11-06 10:26:35.256 20817 20851 W System.err: 	at sun.nio.ch.DatagramChannelImpl.send0(Native Method)
11-06 10:26:35.256 20817 20851 W System.err: 	at sun.nio.ch.DatagramChannelImpl.sendFromNativeBuffer(DatagramChannelImpl.java:573)
11-06 10:26:35.256 20817 20851 W System.err: 	at sun.nio.ch.DatagramChannelImpl.send(DatagramChannelImpl.java:550)
11-06 10:26:35.256 20817 20851 W System.err: 	at sun.nio.ch.DatagramChannelImpl.send(DatagramChannelImpl.java:514)
11-06 10:26:35.256 20817 20851 W System.err: 	at symlab.CloudAR.network.TransmissionTask.run(TransmissionTask.java:124)
11-06 10:26:35.256 20817 20851 W System.err: 	at android.os.Handler.handleCallback(Handler.java:907)
11-06 10:26:35.256 20817 20851 W System.err: 	at android.os.Handler.dispatchMessage(Handler.java:105)
11-06 10:26:35.256 20817 20851 W System.err: 	at android.os.Looper.loop(Looper.java:216)
11-06 10:26:35.256 20817 20851 W System.err: 	at android.os.HandlerThread.run(HandlerThread.java:65)
11-06 10:26:35.288 20817 20851 W System.err: java.net.SocketException: Message too long
11-06 10:26:35.288 20817 20851 W System.err: 	at sun.nio.ch.DatagramChannelImpl.send0(Native Method)
11-06 10:26:35.288 20817 20851 W System.err: 	at sun.nio.ch.DatagramChannelImpl.sendFromNativeBuffer(DatagramChannelImpl.java:573)
11-06 10:26:35.288 20817 20851 W System.err: 	at sun.nio.ch.DatagramChannelImpl.send(DatagramChannelImpl.java:550)
11-06 10:26:35.288 20817 20851 W System.err: 	at sun.nio.ch.DatagramChannelImpl.send(DatagramChannelImpl.java:514)
11-06 10:26:35.288 20817 20851 W System.err: 	at symlab.CloudAR.network.TransmissionTask.run(TransmissionTask.java:124)
11-06 10:26:35.288 20817 20851 W System.err: 	at android.os.Handler.handleCallback(Handler.java:907)
11-06 10:26:35.288 20817 20851 W System.err: 	at android.os.Handler.dispatchMessage(Handler.java:105)
11-06 10:26:35.288 20817 20851 W System.err: 	at android.os.Looper.loop(Looper.java:216)
11-06 10:26:35.288 20817 20851 W System.err: 	at android.os.HandlerThread.run(HandlerThread.java:65)
11-06 10:26:35.321 20817 20851 W System.err: java.net.SocketException: Message too long
11-06 10:26:35.321 20817 20851 W System.err: 	at sun.nio.ch.DatagramChannelImpl.send0(Native Method)
11-06 10:26:35.321 20817 20851 W System.err: 	at sun.nio.ch.DatagramChannelImpl.sendFromNativeBuffer(DatagramChannelImpl.java:573)
11-06 10:26:35.321 20817 20851 W System.err: 	at sun.nio.ch.DatagramChannelImpl.send(DatagramChannelImpl.java:550)
11-06 10:26:35.322 20817 20851 W System.err: 	at sun.nio.ch.DatagramChannelImpl.send(DatagramChannelImpl.java:514)
11-06 10:26:35.322 20817 20851 W System.err: 	at symlab.CloudAR.network.TransmissionTask.run(TransmissionTask.java:124)
11-06 10:26:35.322 20817 20851 W System.err: 	at android.os.Handler.handleCallback(Handler.java:907)
11-06 10:26:35.322 20817 20851 W System.err: 	at android.os.Handler.dispatchMessage(Handler.java:105)
11-06 10:26:35.322 20817 20851 W System.err: 	at android.os.Looper.loop(Looper.java:216)
11-06 10:26:35.322 20817 20851 W System.err: 	at android.os.HandlerThread.run(HandlerThread.java:65)
11-06 10:26:35.353 20817 20851 W System.err: java.net.SocketException: Message too long
11-06 10:26:35.353 20817 20851 W System.err: 	at sun.nio.ch.DatagramChannelImpl.send0(Native Method)
11-06 10:26:35.353 20817 20851 W System.err: 	at sun.nio.ch.DatagramChannelImpl.sendFromNativeBuffer(DatagramChannelImpl.java:573)
11-06 10:26:35.353 20817 20851 W System.err: 	at sun.nio.ch.DatagramChannelImpl.send(DatagramChannelImpl.java:550)
11-06 10:26:35.353 20817 20851 W System.err: 	at sun.nio.ch.DatagramChannelImpl.send(DatagramChannelImpl.java:514)
11-06 10:26:35.353 20817 20851 W System.err: 	at symlab.CloudAR.network.TransmissionTask.run(TransmissionTask.java:124)
11-06 10:26:35.353 20817 20851 W System.err: 	at android.os.Handler.handleCallback(Handler.java:907)
11-06 10:26:35.353 20817 20851 W System.err: 	at android.os.Handler.dispatchMessage(Handler.java:105)
11-06 10:26:35.353 20817 20851 W System.err: 	at android.os.Looper.loop(Looper.java:216)
11-06 10:26:35.353 20817 20851 W System.err: 	at android.os.HandlerThread.run(HandlerThread.java:65)
11-06 10:26:35.399 20817 20851 W System.err: java.net.SocketException: Message too long
11-06 10:26:35.399 20817 20851 W System.err: 	at sun.nio.ch.DatagramChannelImpl.send0(Native Method)
11-06 10:26:35.399 20817 20851 W System.err: 	at sun.nio.ch.DatagramChannelImpl.sendFromNativeBuffer(DatagramChannelImpl.java:573)
11-06 10:26:35.399 20817 20851 W System.err: 	at sun.nio.ch.DatagramChannelImpl.send(DatagramChannelImpl.java:550)
11-06 10:26:35.399 20817 20851 W System.err: 	at sun.nio.ch.DatagramChannelImpl.send(DatagramChannelImpl.java:514)
11-06 10:26:35.399 20817 20851 W System.err: 	at symlab.CloudAR.network.TransmissionTask.run(TransmissionTask.java:124)
11-06 10:26:35.399 20817 20851 W System.err: 	at android.os.Handler.handleCallback(Handler.java:907)
11-06 10:26:35.399 20817 20851 W System.err: 	at android.os.Handler.dispatchMessage(Handler.java:105)
11-06 10:26:35.399 20817 20851 W System.err: 	at android.os.Looper.loop(Looper.java:216)
11-06 10:26:35.399 20817 20851 W System.err: 	at android.os.HandlerThread.run(HandlerThread.java:65)
11-06 10:26:35.434 20817 20851 W System.err: java.net.SocketException: Message too long
11-06 10:26:35.434 20817 20851 W System.err: 	at sun.nio.ch.DatagramChannelImpl.send0(Native Method)
11-06 10:26:35.434 20817 20851 W System.err: 	at sun.nio.ch.DatagramChannelImpl.sendFromNativeBuffer(DatagramChannelImpl.java:573)
11-06 10:26:35.434 20817 20851 W System.err: 	at sun.nio.ch.DatagramChannelImpl.send(DatagramChannelImpl.java:550)
11-06 10:26:35.435 20817 20851 W System.err: 	at sun.nio.ch.DatagramChannelImpl.send(DatagramChannelImpl.java:514)
11-06 10:26:35.435 20817 20851 W System.err: 	at symlab.CloudAR.network.TransmissionTask.run(TransmissionTask.java:124)
11-06 10:26:35.435 20817 20851 W System.err: 	at android.os.Handler.handleCallback(Handler.java:907)
11-06 10:26:35.435 20817 20851 W System.err: 	at android.os.Handler.dispatchMessage(Handler.java:105)
11-06 10:26:35.435 20817 20851 W System.err: 	at android.os.Looper.loop(Looper.java:216)
11-06 10:26:35.435 20817 20851 W System.err: 	at android.os.HandlerThread.run(HandlerThread.java:65)
11-06 10:26:35.459 20817 20851 W System.err: java.net.SocketException: Message too long
11-06 10:26:35.459 20817 20851 W System.err: 	at sun.nio.ch.DatagramChannelImpl.send0(Native Method)
11-06 10:26:35.459 20817 20851 W System.err: 	at sun.nio.ch.DatagramChannelImpl.sendFromNativeBuffer(DatagramChannelImpl.java:573)
11-06 10:26:35.459 20817 20851 W System.err: 	at sun.nio.ch.DatagramChannelImpl.send(DatagramChannelImpl.java:550)
11-06 10:26:35.459 20817 20851 W System.err: 	at sun.nio.ch.DatagramChannelImpl.send(DatagramChannelImpl.java:514)
11-06 10:26:35.459 20817 20851 W System.err: 	at symlab.CloudAR.network.TransmissionTask.run(TransmissionTask.java:124)
11-06 10:26:35.459 20817 20851 W System.err: 	at android.os.Handler.handleCallback(Handler.java:907)
11-06 10:26:35.459 20817 20851 W System.err: 	at android.os.Handler.dispatchMessage(Handler.java:105)
11-06 10:26:35.459 20817 20851 W System.err: 	at android.os.Looper.loop(Looper.java:216)
11-06 10:26:35.459 20817 20851 W System.err: 	at android.os.HandlerThread.run(HandlerThread.java:65)
11-06 10:26:35.478 20817 20851 D Evaluation: Frame 196 sent at 1573028795478
11-06 10:26:35.521 20817 20851 W System.err: java.net.SocketException: Message too long
11-06 10:26:35.521 20817 20851 W System.err: 	at sun.nio.ch.DatagramChannelImpl.send0(Native Method)
11-06 10:26:35.521 20817 20851 W System.err: 	at sun.nio.ch.DatagramChannelImpl.sendFromNativeBuffer(DatagramChannelImpl.java:573)
11-06 10:26:35.521 20817 20851 W System.err: 	at sun.nio.ch.DatagramChannelImpl.send(DatagramChannelImpl.java:550)
11-06 10:26:35.521 20817 20851 W System.err: 	at sun.nio.ch.DatagramChannelImpl.send(DatagramChannelImpl.java:514)
11-06 10:26:35.521 20817 20851 W System.err: 	at symlab.CloudAR.network.TransmissionTask.run(TransmissionTask.java:124)
11-06 10:26:35.521 20817 20851 W System.err: 	at android.os.Handler.handleCallback(Handler.java:907)
11-06 10:26:35.521 20817 20851 W System.err: 	at android.os.Handler.dispatchMessage(Handler.java:105)
11-06 10:26:35.521 20817 20851 W System.err: 	at android.os.Looper.loop(Looper.java:216)
11-06 10:26:35.521 20817 20851 W System.err: 	at android.os.HandlerThread.run(HandlerThread.java:65)
11-06 10:26:35.564 20817 20851 D Evaluation: Frame 198 sent at 1573028795564
11-06 10:26:35.592 20817 20851 D Evaluation: Frame 199 sent at 1573028795592
11-06 10:26:35.620 20817 20851 D Evaluation: Frame 200 sent at 1573028795620
11-06 10:26:35.664 20817 20851 D Evaluation: Frame 201 sent at 1573028795664
11-06 10:26:35.696 20817 20851 D Evaluation: Frame 202 sent at 1573028795696
11-06 10:26:35.730 20817 20851 D Evaluation: Frame 203 sent at 1573028795730
11-06 10:26:35.767 20817 20851 D Evaluation: Frame 204 sent at 1573028795767
11-06 10:26:35.769 20817 20851 D Evaluation: 0 res for frame 196 received at 1573028795769
11-06 10:26:35.775 20817 20828 E         : [ZeroHung]zrhung_get_config: Get config failed for wp[0x0008]
11-06 10:26:35.795 20817 20851 D Evaluation: Frame 205 sent at 1573028795795
11-06 10:26:35.796 20817 20826 W System  : A resource failed to call close. 
11-06 10:26:35.797 20817 20826 I chatty  : uid=10149(symlab.cloudridar.arhud) FinalizerDaemon identical 2 lines
11-06 10:26:35.797 20817 20826 W System  : A resource failed to call close. 
11-06 10:26:35.819 20817 20851 D Evaluation: Frame 206 sent at 1573028795819
11-06 10:26:35.856 20817 20851 D Evaluation: Frame 207 sent at 1573028795856
11-06 10:26:35.883 20817 20851 D Evaluation: Frame 208 sent at 1573028795883
11-06 10:26:35.929 20817 20851 D Evaluation: Frame 209 sent at 1573028795929
11-06 10:26:35.962 20817 20851 D Evaluation: Frame 210 sent at 1573028795962
11-06 10:26:35.964 20817 20851 D Evaluation: 0 res for frame 198 received at 1573028795964
11-06 10:26:36.000 20817 20851 D Evaluation: Frame 211 sent at 1573028796000
11-06 10:26:36.030 20817 20851 D Evaluation: Frame 212 sent at 1573028796030
11-06 10:26:36.060 20817 20851 D Evaluation: Frame 213 sent at 1573028796060
11-06 10:26:36.101 20817 20851 D Evaluation: Frame 214 sent at 1573028796101
11-06 10:26:36.102 20817 20851 D Evaluation: 0 res for frame 199 received at 1573028796102
11-06 10:26:36.130 20817 20851 D Evaluation: Frame 215 sent at 1573028796130
11-06 10:26:36.161 20817 20851 D Evaluation: Frame 216 sent at 1573028796161
11-06 10:26:36.195 20817 20851 D Evaluation: Frame 217 sent at 1573028796195
11-06 10:26:36.227 20817 20851 D Evaluation: Frame 218 sent at 1573028796227
11-06 10:26:36.270 20817 20851 D Evaluation: Frame 219 sent at 1573028796270
11-06 10:26:36.297 20817 20851 D Evaluation: Frame 220 sent at 1573028796297
11-06 10:26:36.331 20817 20851 D Evaluation: Frame 221 sent at 1573028796331
11-06 10:26:36.360 20817 20851 D Evaluation: Frame 222 sent at 1573028796360
11-06 10:26:36.401 20817 20851 D Evaluation: Frame 223 sent at 1573028796401
11-06 10:26:36.432 20817 20851 D Evaluation: Frame 224 sent at 1573028796432
11-06 10:26:36.473 20817 20851 D Evaluation: Frame 226 sent at 1573028796473
11-06 10:26:36.489 20817 20851 D Evaluation: Frame 226 sent at 1573028796489
11-06 10:26:36.528 20817 20851 D Evaluation: Frame 227 sent at 1573028796528
11-06 10:26:36.555 20817 20851 D Evaluation: Frame 228 sent at 1573028796555
11-06 10:26:36.606 20817 20851 D Evaluation: Frame 230 sent at 1573028796606
11-06 10:26:36.626 20817 20851 D Evaluation: Frame 230 sent at 1573028796626
11-06 10:26:36.666 20817 20851 D Evaluation: Frame 231 sent at 1573028796666
11-06 10:26:36.702 20817 20851 D Evaluation: Frame 232 sent at 1573028796701
11-06 10:26:36.732 20817 20851 D Evaluation: Frame 233 sent at 1573028796732
11-06 10:26:36.767 20817 20851 D Evaluation: Frame 234 sent at 1573028796767
11-06 10:26:36.804 20817 20851 D Evaluation: Frame 235 sent at 1573028796804
11-06 10:26:36.829 20817 20828 E         : [ZeroHung]zrhung_get_config: Get config failed for wp[0x0008]
11-06 10:26:36.830 20817 20851 D Evaluation: Frame 236 sent at 1573028796830
11-06 10:26:36.853 20817 20826 W System  : A resource failed to call close. 
11-06 10:26:36.853 20817 20826 I chatty  : uid=10149(symlab.cloudridar.arhud) FinalizerDaemon identical 2 lines
11-06 10:26:36.853 20817 20826 W System  : A resource failed to call close. 
11-06 10:26:36.903 20817 20851 D Evaluation: Frame 237 sent at 1573028796903
11-06 10:26:36.944 20817 20851 D Evaluation: Frame 238 sent at 1573028796944
11-06 10:26:36.976 20817 20851 D Evaluation: Frame 240 sent at 1573028796976
11-06 10:26:36.999 20817 20851 D Evaluation: Frame 240 sent at 1573028796999
11-06 10:26:37.043 20817 20851 D Evaluation: Frame 241 sent at 1573028797043
11-06 10:26:37.124 20817 20851 D Evaluation: Frame 243 sent at 1573028797124
11-06 10:26:37.154 20817 20851 W System.err: java.net.SocketException: Message too long
11-06 10:26:37.154 20817 20851 W System.err: 	at sun.nio.ch.DatagramChannelImpl.send0(Native Method)
11-06 10:26:37.154 20817 20851 W System.err: 	at sun.nio.ch.DatagramChannelImpl.sendFromNativeBuffer(DatagramChannelImpl.java:573)
11-06 10:26:37.154 20817 20851 W System.err: 	at sun.nio.ch.DatagramChannelImpl.send(DatagramChannelImpl.java:550)
11-06 10:26:37.154 20817 20851 W System.err: 	at sun.nio.ch.DatagramChannelImpl.send(DatagramChannelImpl.java:514)
11-06 10:26:37.154 20817 20851 W System.err: 	at symlab.CloudAR.network.TransmissionTask.run(TransmissionTask.java:124)
11-06 10:26:37.154 20817 20851 W System.err: 	at android.os.Handler.handleCallback(Handler.java:907)
11-06 10:26:37.154 20817 20851 W System.err: 	at android.os.Handler.dispatchMessage(Handler.java:105)
11-06 10:26:37.154 20817 20851 W System.err: 	at android.os.Looper.loop(Looper.java:216)
11-06 10:26:37.154 20817 20851 W System.err: 	at android.os.HandlerThread.run(HandlerThread.java:65)
11-06 10:26:37.169 20817 20851 W System.err: java.net.SocketException: Message too long
11-06 10:26:37.169 20817 20851 W System.err: 	at sun.nio.ch.DatagramChannelImpl.send0(Native Method)
11-06 10:26:37.169 20817 20851 W System.err: 	at sun.nio.ch.DatagramChannelImpl.sendFromNativeBuffer(DatagramChannelImpl.java:573)
11-06 10:26:37.169 20817 20851 W System.err: 	at sun.nio.ch.DatagramChannelImpl.send(DatagramChannelImpl.java:550)
11-06 10:26:37.169 20817 20851 W System.err: 	at sun.nio.ch.DatagramChannelImpl.send(DatagramChannelImpl.java:514)
11-06 10:26:37.169 20817 20851 W System.err: 	at symlab.CloudAR.network.TransmissionTask.run(TransmissionTask.java:124)
11-06 10:26:37.169 20817 20851 W System.err: 	at android.os.Handler.handleCallback(Handler.java:907)
11-06 10:26:37.169 20817 20851 W System.err: 	at android.os.Handler.dispatchMessage(Handler.java:105)
11-06 10:26:37.169 20817 20851 W System.err: 	at android.os.Looper.loop(Looper.java:216)
11-06 10:26:37.169 20817 20851 W System.err: 	at android.os.HandlerThread.run(HandlerThread.java:65)
11-06 10:26:37.189 20817 20851 D Evaluation: Frame 245 sent at 1573028797189
11-06 10:26:37.223 20817 20851 D Evaluation: Frame 246 sent at 1573028797223
11-06 10:26:37.267 20817 20851 D Evaluation: Frame 247 sent at 1573028797267
11-06 10:26:37.301 20817 20851 D Evaluation: Frame 248 sent at 1573028797301
11-06 10:26:37.345 20817 20851 D Evaluation: Frame 249 sent at 1573028797345
11-06 10:26:37.375 20817 20851 D Evaluation: Frame 250 sent at 1573028797375
11-06 10:26:37.400 20817 20851 D Evaluation: Frame 251 sent at 1573028797400
11-06 10:26:37.440 20817 20851 D Evaluation: Frame 252 sent at 1573028797440
11-06 10:26:37.466 20817 20851 D Evaluation: Frame 253 sent at 1573028797466
11-06 10:26:37.494 20817 20851 D Evaluation: Frame 254 sent at 1573028797494
11-06 10:26:37.536 20817 20851 D Evaluation: Frame 255 sent at 1573028797536
11-06 10:26:37.574 20817 20851 W System.err: java.net.SocketException: Message too long
11-06 10:26:37.574 20817 20851 W System.err: 	at sun.nio.ch.DatagramChannelImpl.send0(Native Method)
11-06 10:26:37.574 20817 20851 W System.err: 	at sun.nio.ch.DatagramChannelImpl.sendFromNativeBuffer(DatagramChannelImpl.java:573)
11-06 10:26:37.574 20817 20851 W System.err: 	at sun.nio.ch.DatagramChannelImpl.send(DatagramChannelImpl.java:550)
11-06 10:26:37.574 20817 20851 W System.err: 	at sun.nio.ch.DatagramChannelImpl.send(DatagramChannelImpl.java:514)
11-06 10:26:37.574 20817 20851 W System.err: 	at symlab.CloudAR.network.TransmissionTask.run(TransmissionTask.java:124)
11-06 10:26:37.574 20817 20851 W System.err: 	at android.os.Handler.handleCallback(Handler.java:907)
11-06 10:26:37.574 20817 20851 W System.err: 	at android.os.Handler.dispatchMessage(Handler.java:105)
11-06 10:26:37.574 20817 20851 W System.err: 	at android.os.Looper.loop(Looper.java:216)
11-06 10:26:37.574 20817 20851 W System.err: 	at android.os.HandlerThread.run(HandlerThread.java:65)
11-06 10:26:37.603 20817 20851 W System.err: java.net.SocketException: Message too long
11-06 10:26:37.603 20817 20851 W System.err: 	at sun.nio.ch.DatagramChannelImpl.send0(Native Method)
11-06 10:26:37.603 20817 20851 W System.err: 	at sun.nio.ch.DatagramChannelImpl.sendFromNativeBuffer(DatagramChannelImpl.java:573)
11-06 10:26:37.603 20817 20851 W System.err: 	at sun.nio.ch.DatagramChannelImpl.send(DatagramChannelImpl.java:550)
11-06 10:26:37.603 20817 20851 W System.err: 	at sun.nio.ch.DatagramChannelImpl.send(DatagramChannelImpl.java:514)
11-06 10:26:37.603 20817 20851 W System.err: 	at symlab.CloudAR.network.TransmissionTask.run(TransmissionTask.java:124)
11-06 10:26:37.603 20817 20851 W System.err: 	at android.os.Handler.handleCallback(Handler.java:907)
11-06 10:26:37.603 20817 20851 W System.err: 	at android.os.Handler.dispatchMessage(Handler.java:105)
11-06 10:26:37.603 20817 20851 W System.err: 	at android.os.Looper.loop(Looper.java:216)
11-06 10:26:37.603 20817 20851 W System.err: 	at android.os.HandlerThread.run(HandlerThread.java:65)
11-06 10:26:37.626 20817 20851 W System.err: java.net.SocketException: Message too long
11-06 10:26:37.626 20817 20851 W System.err: 	at sun.nio.ch.DatagramChannelImpl.send0(Native Method)
11-06 10:26:37.626 20817 20851 W System.err: 	at sun.nio.ch.DatagramChannelImpl.sendFromNativeBuffer(DatagramChannelImpl.java:573)
11-06 10:26:37.626 20817 20851 W System.err: 	at sun.nio.ch.DatagramChannelImpl.send(DatagramChannelImpl.java:550)
11-06 10:26:37.626 20817 20851 W System.err: 	at sun.nio.ch.DatagramChannelImpl.send(DatagramChannelImpl.java:514)
11-06 10:26:37.626 20817 20851 W System.err: 	at symlab.CloudAR.network.TransmissionTask.run(TransmissionTask.java:124)
11-06 10:26:37.626 20817 20851 W System.err: 	at android.os.Handler.handleCallback(Handler.java:907)
11-06 10:26:37.626 20817 20851 W System.err: 	at android.os.Handler.dispatchMessage(Handler.java:105)
11-06 10:26:37.626 20817 20851 W System.err: 	at android.os.Looper.loop(Looper.java:216)
11-06 10:26:37.626 20817 20851 W System.err: 	at android.os.HandlerThread.run(HandlerThread.java:65)
11-06 10:26:37.674 20817 20851 W System.err: java.net.SocketException: Message too long
11-06 10:26:37.674 20817 20851 W System.err: 	at sun.nio.ch.DatagramChannelImpl.send0(Native Method)
11-06 10:26:37.674 20817 20851 W System.err: 	at sun.nio.ch.DatagramChannelImpl.sendFromNativeBuffer(DatagramChannelImpl.java:573)
11-06 10:26:37.674 20817 20851 W System.err: 	at sun.nio.ch.DatagramChannelImpl.send(DatagramChannelImpl.java:550)
11-06 10:26:37.674 20817 20851 W System.err: 	at sun.nio.ch.DatagramChannelImpl.send(DatagramChannelImpl.java:514)
11-06 10:26:37.674 20817 20851 W System.err: 	at symlab.CloudAR.network.TransmissionTask.run(TransmissionTask.java:124)
11-06 10:26:37.674 20817 20851 W System.err: 	at android.os.Handler.handleCallback(Handler.java:907)
11-06 10:26:37.674 20817 20851 W System.err: 	at android.os.Handler.dispatchMessage(Handler.java:105)
11-06 10:26:37.674 20817 20851 W System.err: 	at android.os.Looper.loop(Looper.java:216)
11-06 10:26:37.674 20817 20851 W System.err: 	at android.os.HandlerThread.run(HandlerThread.java:65)
11-06 10:26:37.726 20817 20817 W HiTouch_PressGestureDetector: Touch pointer move a lot. The moving distance of X is:37.04004, limit is:60The moving distance of Y is:153.7316, limit is:60
11-06 10:26:37.746 20817 20851 D Evaluation: Frame 260 sent at 1573028797745
11-06 10:26:37.776 20817 20851 W System.err: java.net.SocketException: Message too long
11-06 10:26:37.776 20817 20851 W System.err: 	at sun.nio.ch.DatagramChannelImpl.send0(Native Method)
11-06 10:26:37.776 20817 20851 W System.err: 	at sun.nio.ch.DatagramChannelImpl.sendFromNativeBuffer(DatagramChannelImpl.java:573)
11-06 10:26:37.776 20817 20851 W System.err: 	at sun.nio.ch.DatagramChannelImpl.send(DatagramChannelImpl.java:550)
11-06 10:26:37.776 20817 20851 W System.err: 	at sun.nio.ch.DatagramChannelImpl.send(DatagramChannelImpl.java:514)
11-06 10:26:37.776 20817 20851 W System.err: 	at symlab.CloudAR.network.TransmissionTask.run(TransmissionTask.java:124)
11-06 10:26:37.776 20817 20851 W System.err: 	at android.os.Handler.handleCallback(Handler.java:907)
11-06 10:26:37.776 20817 20851 W System.err: 	at android.os.Handler.dispatchMessage(Handler.java:105)
11-06 10:26:37.776 20817 20851 W System.err: 	at android.os.Looper.loop(Looper.java:216)
11-06 10:26:37.776 20817 20851 W System.err: 	at android.os.HandlerThread.run(HandlerThread.java:65)
11-06 10:26:37.802 20817 20851 W System.err: java.net.SocketException: Message too long
11-06 10:26:37.802 20817 20851 W System.err: 	at sun.nio.ch.DatagramChannelImpl.send0(Native Method)
11-06 10:26:37.802 20817 20851 W System.err: 	at sun.nio.ch.DatagramChannelImpl.sendFromNativeBuffer(DatagramChannelImpl.java:573)
11-06 10:26:37.802 20817 20851 W System.err: 	at sun.nio.ch.DatagramChannelImpl.send(DatagramChannelImpl.java:550)
11-06 10:26:37.802 20817 20851 W System.err: 	at sun.nio.ch.DatagramChannelImpl.send(DatagramChannelImpl.java:514)
11-06 10:26:37.802 20817 20851 W System.err: 	at symlab.CloudAR.network.TransmissionTask.run(TransmissionTask.java:124)
11-06 10:26:37.802 20817 20851 W System.err: 	at android.os.Handler.handleCallback(Handler.java:907)
11-06 10:26:37.802 20817 20851 W System.err: 	at android.os.Handler.dispatchMessage(Handler.java:105)
11-06 10:26:37.802 20817 20851 W System.err: 	at android.os.Looper.loop(Looper.java:216)
11-06 10:26:37.802 20817 20851 W System.err: 	at android.os.HandlerThread.run(HandlerThread.java:65)
11-06 10:26:37.824 20817 20851 D Evaluation: Frame 263 sent at 1573028797824
11-06 10:26:37.860 20817 20851 W System.err: java.net.SocketException: Message too long
11-06 10:26:37.860 20817 20851 W System.err: 	at sun.nio.ch.DatagramChannelImpl.send0(Native Method)
11-06 10:26:37.860 20817 20851 W System.err: 	at sun.nio.ch.DatagramChannelImpl.sendFromNativeBuffer(DatagramChannelImpl.java:573)
11-06 10:26:37.860 20817 20851 W System.err: 	at sun.nio.ch.DatagramChannelImpl.send(DatagramChannelImpl.java:550)
11-06 10:26:37.860 20817 20851 W System.err: 	at sun.nio.ch.DatagramChannelImpl.send(DatagramChannelImpl.java:514)
11-06 10:26:37.860 20817 20851 W System.err: 	at symlab.CloudAR.network.TransmissionTask.run(TransmissionTask.java:124)
11-06 10:26:37.860 20817 20851 W System.err: 	at android.os.Handler.handleCallback(Handler.java:907)
