11-05 11:26:10.493  6514  6549 D Evaluation: Frame 312 sent at 1572945970493
11-05 11:26:10.519  6514  6549 D Evaluation: Frame 313 sent at 1572945970519
11-05 11:26:10.545  6514  6549 D Evaluation: Frame 314 sent at 1572945970545
11-05 11:26:10.584  6514  6549 D Evaluation: Frame 315 sent at 1572945970584
11-05 11:26:10.627  6514  6549 D Evaluation: Frame 317 sent at 1572945970627
11-05 11:26:10.649  6514  6525 E         : [ZeroHung]zrhung_get_config: Get config failed for wp[0x0008]
11-05 11:26:10.650  6514  6549 D Evaluation: Frame 317 sent at 1572945970650
11-05 11:26:10.679  6514  6549 D Evaluation: Frame 318 sent at 1572945970679
11-05 11:26:10.694  6514  6514 W HiTouch_PressGestureDetector: Touch pointer move a lot. The moving distance of X is:13.261902, limit is:60The moving distance of Y is:89.67114, limit is:60
11-05 11:26:10.723  6514  6549 D Evaluation: Frame 319 sent at 1572945970723
11-05 11:26:10.753  6514  6549 D Evaluation: Frame 320 sent at 1572945970752
11-05 11:26:10.774  6514  6549 D Evaluation: Frame 321 sent at 1572945970774
11-05 11:26:10.799  6514  6549 D Evaluation: Frame 322 sent at 1572945970799
11-05 11:26:10.834  6514  6549 D Evaluation: Frame 323 sent at 1572945970834
11-05 11:26:10.870  6514  6549 D Evaluation: Frame 324 sent at 1572945970870
11-05 11:26:10.914  6514  6549 D Evaluation: Frame 325 sent at 1572945970914
11-05 11:26:10.939  6514  6549 D Evaluation: Frame 326 sent at 1572945970939
11-05 11:26:10.977  6514  6514 D Poster  : At 1572945970977 location is 65.05776127118655 (latitude), and 25.469188561193274 (longitude)
11-05 11:26:10.978  6514  6549 D Evaluation: Frame 327 sent at 1572945970978
11-05 11:26:11.015  6514  6549 D Evaluation: Frame 328 sent at 1572945971015
11-05 11:26:11.037  6514  6549 D Evaluation: Frame 329 sent at 1572945971037
11-05 11:26:11.072  6514  6549 D Evaluation: Frame 330 sent at 1572945971072
11-05 11:26:11.113  6514  6549 D Evaluation: Frame 331 sent at 1572945971113
11-05 11:26:11.152  6514  6549 D Evaluation: Frame 332 sent at 1572945971152
11-05 11:26:11.178  6514  6549 D Evaluation: Frame 333 sent at 1572945971178
11-05 11:26:11.204  6514  6549 D Evaluation: Frame 334 sent at 1572945971204
11-05 11:26:11.247  6514  6549 D Evaluation: Frame 335 sent at 1572945971247
11-05 11:26:11.294  6514  6549 D Evaluation: Frame 336 sent at 1572945971294
11-05 11:26:11.316  6514  6549 D Evaluation: Frame 337 sent at 1572945971316
11-05 11:26:11.349  6514  6549 D Evaluation: Frame 338 sent at 1572945971349
11-05 11:26:11.377  6514  6549 D Evaluation: Frame 339 sent at 1572945971377
11-05 11:26:11.413  6514  6549 D Evaluation: Frame 340 sent at 1572945971413
11-05 11:26:11.439  6514  6549 D Evaluation: Frame 341 sent at 1572945971439
11-05 11:26:11.483  6514  6549 D Evaluation: Frame 342 sent at 1572945971483
11-05 11:26:11.507  6514  6549 D Evaluation: Frame 343 sent at 1572945971507
11-05 11:26:11.557  6514  6549 D Evaluation: Frame 344 sent at 1572945971556
11-05 11:26:11.582  6514  6549 D Evaluation: Frame 345 sent at 1572945971582
11-05 11:26:11.612  6514  6549 D Evaluation: Frame 346 sent at 1572945971612
11-05 11:26:11.648  6514  6549 D Evaluation: Frame 347 sent at 1572945971648
11-05 11:26:11.676  6514  6549 D Evaluation: Frame 348 sent at 1572945971676
11-05 11:26:11.715  6514  6549 D Evaluation: Frame 349 sent at 1572945971715
11-05 11:26:11.740  6514  6549 D Evaluation: Frame 350 sent at 1572945971740
11-05 11:26:11.783  6514  6549 D Evaluation: Frame 351 sent at 1572945971783
11-05 11:26:11.817  6514  6525 E         : [ZeroHung]zrhung_get_config: Get config failed for wp[0x0008]
11-05 11:26:11.817  6514  6549 D Evaluation: Frame 352 sent at 1572945971817
11-05 11:26:11.851  6514  6549 D Evaluation: Frame 353 sent at 1572945971851
11-05 11:26:11.878  6514  6549 D Evaluation: Frame 354 sent at 1572945971878
11-05 11:26:11.918  6514  6549 D Evaluation: Frame 355 sent at 1572945971918
11-05 11:26:11.945  6514  6549 D Evaluation: Frame 356 sent at 1572945971945
11-05 11:26:11.980  6514  6514 D Poster  : At 1572945971980 location is 65.05773941611419 (latitude), and 25.469220911559415 (longitude)
11-05 11:26:11.988  6514  6549 D Evaluation: Frame 357 sent at 1572945971988
11-05 11:26:12.017  6514  6549 D Evaluation: Frame 358 sent at 1572945972017
11-05 11:26:12.044  6514  6549 D Evaluation: Frame 359 sent at 1572945972044
11-05 11:26:12.077  6514  6549 D Evaluation: Frame 360 sent at 1572945972077
11-05 11:26:12.145  6514  6549 D Evaluation: Frame 361 sent at 1572945972145
11-05 11:26:12.180  6514  6549 D Evaluation: Frame 362 sent at 1572945972180
11-05 11:26:12.212  6514  6549 D Evaluation: Frame 363 sent at 1572945972212
11-05 11:26:12.246  6514  6549 D Evaluation: Frame 364 sent at 1572945972246
11-05 11:26:12.281  6514  6549 D Evaluation: Frame 365 sent at 1572945972281
11-05 11:26:12.322  6514  6549 D Evaluation: Frame 366 sent at 1572945972322
11-05 11:26:12.366  6514  6549 D Evaluation: Frame 367 sent at 1572945972366
11-05 11:26:12.386  6514  6549 D Evaluation: Frame 368 sent at 1572945972386
11-05 11:26:12.412  6514  6549 D Evaluation: Frame 369 sent at 1572945972412
11-05 11:26:12.446  6514  6549 D Evaluation: Frame 370 sent at 1572945972446
11-05 11:26:12.484  6514  6549 D Evaluation: Frame 371 sent at 1572945972484
11-05 11:26:12.521  6514  6549 D Evaluation: Frame 372 sent at 1572945972521
11-05 11:26:12.550  6514  6549 D Evaluation: Frame 373 sent at 1572945972550
11-05 11:26:12.582  6514  6549 D Evaluation: Frame 374 sent at 1572945972582
11-05 11:26:12.616  6514  6549 D Evaluation: Frame 375 sent at 1572945972616
11-05 11:26:12.657  6514  6549 D Evaluation: Frame 376 sent at 1572945972656
11-05 11:26:12.690  6514  6549 D Evaluation: Frame 377 sent at 1572945972690
11-05 11:26:12.716  6514  6549 D Evaluation: Frame 378 sent at 1572945972716
11-05 11:26:12.756  6514  6549 D Evaluation: Frame 379 sent at 1572945972756
11-05 11:26:12.784  6514  6549 D Evaluation: Frame 380 sent at 1572945972784
11-05 11:26:12.822  6514  6549 D Evaluation: Frame 381 sent at 1572945972822
11-05 11:26:12.849  6514  6549 D Evaluation: Frame 382 sent at 1572945972849
11-05 11:26:12.901  6514  6549 D Evaluation: Frame 383 sent at 1572945972901
11-05 11:26:12.920  6514  6549 D Evaluation: Frame 384 sent at 1572945972920
11-05 11:26:12.951  6514  6549 D Evaluation: Frame 385 sent at 1572945972951
11-05 11:26:12.971  6514  6514 D Poster  : At 1572945972971 location is 65.05788250233061 (latitude), and 25.469220723478408 (longitude)
11-05 11:26:13.001  6514  6549 D Evaluation: Frame 387 sent at 1572945973001
11-05 11:26:13.017  6514  6549 D Evaluation: Frame 387 sent at 1572945973017
11-05 11:26:13.048  6514  6549 D Evaluation: Frame 388 sent at 1572945973048
11-05 11:26:13.084  6514  6549 D Evaluation: Frame 389 sent at 1572945973084
11-05 11:26:13.120  6514  6549 D Evaluation: Frame 390 sent at 1572945973119
11-05 11:26:13.155  6514  6549 D Evaluation: Frame 391 sent at 1572945973155
11-05 11:26:13.184  6514  6549 D Evaluation: Frame 392 sent at 1572945973184
11-05 11:26:13.216  6514  6549 D Evaluation: Frame 393 sent at 1572945973216
11-05 11:26:13.254  6514  6549 D Evaluation: Frame 394 sent at 1572945973254
11-05 11:26:13.287  6514  6525 E         : [ZeroHung]zrhung_get_config: Get config failed for wp[0x0008]
11-05 11:26:13.288  6514  6549 D Evaluation: Frame 395 sent at 1572945973288
11-05 11:26:13.318  6514  6549 D Evaluation: Frame 396 sent at 1572945973318
11-05 11:26:13.349  6514  6549 D Evaluation: Frame 397 sent at 1572945973349
11-05 11:26:13.429  6514  6549 D Evaluation: Frame 398 sent at 1572945973429
11-05 11:26:13.456  6514  6549 D Evaluation: Frame 399 sent at 1572945973456
11-05 11:26:13.488  6514  6549 D Evaluation: Frame 400 sent at 1572945973488
11-05 11:26:13.525  6514  6549 D Evaluation: Frame 401 sent at 1572945973525
11-05 11:26:13.558  6514  6549 D Evaluation: Frame 402 sent at 1572945973558
11-05 11:26:13.590  6514  6549 D Evaluation: Frame 403 sent at 1572945973590
11-05 11:26:13.625  6514  6549 D Evaluation: Frame 404 sent at 1572945973625
11-05 11:26:13.657  6514  6549 D Evaluation: Frame 405 sent at 1572945973657
11-05 11:26:13.698  6514  6549 D Evaluation: Frame 406 sent at 1572945973698
11-05 11:26:13.732  6514  6549 D Evaluation: Frame 407 sent at 1572945973732
11-05 11:26:13.758  6514  6549 D Evaluation: Frame 408 sent at 1572945973758
11-05 11:26:13.799  6514  6549 D Evaluation: Frame 409 sent at 1572945973799
11-05 11:26:13.826  6514  6549 D Evaluation: Frame 410 sent at 1572945973826
11-05 11:26:13.859  6514  6549 D Evaluation: Frame 411 sent at 1572945973859
11-05 11:26:13.892  6514  6549 D Evaluation: Frame 412 sent at 1572945973892
11-05 11:26:13.928  6514  6549 D Evaluation: Frame 413 sent at 1572945973928
11-05 11:26:13.958  6514  6549 D Evaluation: Frame 414 sent at 1572945973958
11-05 11:26:13.969  6514  6514 D Poster  : At 1572945973969 location is 65.05786980321949 (latitude), and 25.469200688324925 (longitude)
11-05 11:26:13.996  6514  6549 D Evaluation: Frame 415 sent at 1572945973996
11-05 11:26:14.022  6514  6549 D Evaluation: Frame 416 sent at 1572945974022
11-05 11:26:14.057  6514  6549 D Evaluation: Frame 417 sent at 1572945974057
11-05 11:26:14.095  6514  6549 D Evaluation: Frame 418 sent at 1572945974095
11-05 11:26:14.131  6514  6549 D Evaluation: Frame 419 sent at 1572945974131
11-05 11:26:14.162  6514  6549 D Evaluation: Frame 420 sent at 1572945974162
11-05 11:26:14.191  6514  6549 D Evaluation: Frame 421 sent at 1572945974191
11-05 11:26:14.252  6514  6549 D Evaluation: Frame 422 sent at 1572945974252
11-05 11:26:14.270  6514  6549 D Evaluation: Frame 423 sent at 1572945974270
11-05 11:26:14.301  6514  6549 D Evaluation: Frame 424 sent at 1572945974301
11-05 11:26:14.334  6514  6549 D Evaluation: Frame 425 sent at 1572945974334
11-05 11:26:14.360  6514  6549 D Evaluation: Frame 426 sent at 1572945974360
11-05 11:26:14.403  6514  6549 D Evaluation: Frame 427 sent at 1572945974403
11-05 11:26:14.432  6514  6549 D Evaluation: Frame 428 sent at 1572945974431
11-05 11:26:14.460  6514  6549 D Evaluation: Frame 429 sent at 1572945974460
11-05 11:26:14.502  6514  6549 D Evaluation: Frame 430 sent at 1572945974502
11-05 11:26:14.533  6514  6549 D Evaluation: Frame 431 sent at 1572945974533
11-05 11:26:14.563  6514  6549 D Evaluation: Frame 432 sent at 1572945974563
11-05 11:26:14.597  6514  6549 D Evaluation: Frame 433 sent at 1572945974597
11-05 11:26:14.630  6514  6549 D Evaluation: Frame 434 sent at 1572945974630
11-05 11:26:14.664  6514  6549 D Evaluation: Frame 435 sent at 1572945974663
11-05 11:26:14.696  6514  6549 D Evaluation: Frame 436 sent at 1572945974696
11-05 11:26:14.732  6514  6549 D Evaluation: Frame 437 sent at 1572945974732
11-05 11:26:14.777  6514  6549 D Evaluation: Frame 438 sent at 1572945974777
11-05 11:26:14.803  6514  6549 D Evaluation: Frame 439 sent at 1572945974803
11-05 11:26:14.837  6514  6549 D Evaluation: Frame 440 sent at 1572945974837
11-05 11:26:14.872  6514  6549 D Evaluation: Frame 441 sent at 1572945974872
11-05 11:26:14.899  6514  6549 D Evaluation: Frame 442 sent at 1572945974899
11-05 11:26:14.906  6514  6514 D Poster  : At 1572945974906 location is 65.05776790089377 (latitude), and 25.469075353865897 (longitude)
11-05 11:26:14.945  6514  6549 D Evaluation: Frame 443 sent at 1572945974944
11-05 11:26:14.968  6514  6549 D Evaluation: Frame 444 sent at 1572945974968
11-05 11:26:15.007  6514  6549 D Evaluation: Frame 445 sent at 1572945975007
11-05 11:26:15.039  6514  6549 D Evaluation: Frame 446 sent at 1572945975039
11-05 11:26:15.080  6514  6549 D Evaluation: Frame 447 sent at 1572945975080
11-05 11:26:15.129  6514  6549 D Evaluation: Frame 448 sent at 1572945975129
11-05 11:26:15.162  6514  6549 D Evaluation: Frame 449 sent at 1572945975162
11-05 11:26:15.186  6514  6549 D Evaluation: Frame 450 sent at 1572945975186
11-05 11:26:15.209  6514  6549 D Evaluation: Frame 451 sent at 1572945975209
11-05 11:26:15.241  6514  6549 D Evaluation: Frame 452 sent at 1572945975241
11-05 11:26:15.274  6514  6549 D Evaluation: Frame 453 sent at 1572945975274
11-05 11:26:15.310  6514  6549 D Evaluation: Frame 454 sent at 1572945975310
11-05 11:26:15.350  6514  6525 E         : [ZeroHung]zrhung_get_config: Get config failed for wp[0x0008]
11-05 11:26:15.351  6514  6549 D Evaluation: Frame 455 sent at 1572945975351
11-05 11:26:15.398  6514  6549 D Evaluation: Frame 456 sent at 1572945975397
11-05 11:26:15.421  6514  6549 D Evaluation: Frame 457 sent at 1572945975421
11-05 11:26:15.454  6514  6549 D Evaluation: Frame 458 sent at 1572945975454
11-05 11:26:15.491  6514  6549 D Evaluation: Frame 459 sent at 1572945975491
11-05 11:26:15.530  6514  6549 D Evaluation: Frame 460 sent at 1572945975530
11-05 11:26:15.559  6514  6549 D Evaluation: Frame 461 sent at 1572945975559
11-05 11:26:15.594  6514  6549 D Evaluation: Frame 462 sent at 1572945975594
11-05 11:26:15.624  6514  6549 D Evaluation: Frame 463 sent at 1572945975624
11-05 11:26:15.661  6514  6549 D Evaluation: Frame 464 sent at 1572945975661
11-05 11:26:15.696  6514  6549 D Evaluation: Frame 465 sent at 1572945975696
11-05 11:26:15.720  6514  6549 D Evaluation: Frame 466 sent at 1572945975720
11-05 11:26:15.749  6514  6549 D Evaluation: Frame 467 sent at 1572945975749
11-05 11:26:15.783  6514  6549 D Evaluation: Frame 468 sent at 1572945975783
11-05 11:26:15.824  6514  6549 D Evaluation: Frame 469 sent at 1572945975824
11-05 11:26:15.863  6514  6549 D Evaluation: Frame 470 sent at 1572945975863
11-05 11:26:15.903  6514  6549 D Evaluation: Frame 471 sent at 1572945975902
11-05 11:26:15.925  6514  6514 D Poster  : At 1572945975924 location is 65.05778610647499 (latitude), and 25.46924085170389 (longitude)
11-05 11:26:15.928  6514  6549 D Evaluation: Frame 472 sent at 1572945975928
11-05 11:26:15.960  6514  6549 D Evaluation: Frame 473 sent at 1572945975960
11-05 11:26:15.980  6514  6549 D Evaluation: Frame 474 sent at 1572945975980
11-05 11:26:16.020  6514  6549 D Evaluation: Frame 475 sent at 1572945976020
11-05 11:26:16.055  6514  6549 D Evaluation: Frame 476 sent at 1572945976055
11-05 11:26:16.092  6514  6549 D Evaluation: Frame 477 sent at 1572945976092
11-05 11:26:16.127  6514  6549 D Evaluation: Frame 478 sent at 1572945976127
11-05 11:26:16.158  6514  6549 D Evaluation: Frame 479 sent at 1572945976158
11-05 11:26:16.185  6514  6549 D Evaluation: Frame 480 sent at 1572945976185
11-05 11:26:16.225  6514  6549 D Evaluation: Frame 481 sent at 1572945976225
11-05 11:26:16.299  6514  6549 D Evaluation: Frame 482 sent at 1572945976299
11-05 11:26:16.327  6514  6549 D Evaluation: Frame 483 sent at 1572945976327
11-05 11:26:16.368  6514  6549 D Evaluation: Frame 484 sent at 1572945976368
11-05 11:26:16.402  6514  6549 D Evaluation: Frame 485 sent at 1572945976402
11-05 11:26:16.437  6514  6549 D Evaluation: Frame 486 sent at 1572945976437
11-05 11:26:16.464  6514  6549 D Evaluation: Frame 487 sent at 1572945976464
11-05 11:26:16.498  6514  6549 D Evaluation: Frame 488 sent at 1572945976498
11-05 11:26:16.529  6514  6549 D Evaluation: Frame 489 sent at 1572945976529
11-05 11:26:16.566  6514  6549 D Evaluation: Frame 490 sent at 1572945976566
11-05 11:26:16.598  6514  6549 D Evaluation: Frame 491 sent at 1572945976598
11-05 11:26:16.635  6514  6549 D Evaluation: Frame 492 sent at 1572945976634
11-05 11:26:16.658  6514  6549 D Evaluation: Frame 493 sent at 1572945976658
11-05 11:26:16.704  6514  6549 D Evaluation: Frame 494 sent at 1572945976704
11-05 11:26:16.756  6514  6549 D Evaluation: Frame 496 sent at 1572945976756
11-05 11:26:16.773  6514  6549 D Evaluation: Frame 497 sent at 1572945976773
11-05 11:26:16.789  6514  6549 D Evaluation: Frame 497 sent at 1572945976789
11-05 11:26:16.818  6514  6549 D Evaluation: Frame 498 sent at 1572945976818
11-05 11:26:16.858  6514  6549 D Evaluation: Frame 499 sent at 1572945976858
11-05 11:26:16.904  6514  6525 E         : [ZeroHung]zrhung_get_config: Get config failed for wp[0x0008]
11-05 11:26:16.905  6514  6549 D Evaluation: Frame 500 sent at 1572945976905
11-05 11:26:16.919  6514  6514 D Poster  : At 1572945976919 location is 65.057785082434 (latitude), and 25.46927949261583 (longitude)
11-05 11:26:16.929  6514  6549 D Evaluation: Frame 501 sent at 1572945976929
11-05 11:26:16.955  6514  6549 D Evaluation: Frame 502 sent at 1572945976955
11-05 11:26:16.990  6514  6549 D Evaluation: Frame 503 sent at 1572945976990
11-05 11:26:17.023  6514  6549 D Evaluation: Frame 504 sent at 1572945977022
11-05 11:26:17.062  6514  6549 D Evaluation: Frame 505 sent at 1572945977062
11-05 11:26:17.095  6514  6549 D Evaluation: Frame 506 sent at 1572945977095
11-05 11:26:17.135  6514  6549 D Evaluation: Frame 507 sent at 1572945977135
11-05 11:26:17.173  6514  6549 D Evaluation: Frame 508 sent at 1572945977173
11-05 11:26:17.193  6514  6549 D Evaluation: Frame 509 sent at 1572945977193
11-05 11:26:17.231  6514  6549 D Evaluation: Frame 510 sent at 1572945977231
11-05 11:26:17.262  6514  6549 D Evaluation: Frame 511 sent at 1572945977262
11-05 11:26:17.306  6514  6549 D Evaluation: Frame 512 sent at 1572945977306
11-05 11:26:17.318  6514  6514 W HiTouch_PressGestureDetector: Touch pointer move a lot. The moving distance of X is:0.80682373, limit is:60The moving distance of Y is:93.35796, limit is:60
11-05 11:26:17.346  6514  6549 D Evaluation: Frame 513 sent at 1572945977346
11-05 11:26:17.378  6514  6549 D Evaluation: Frame 514 sent at 1572945977378
11-05 11:26:17.403  6514  6549 D Evaluation: Frame 516 sent at 1572945977403
11-05 11:26:17.420  6514  6549 D Evaluation: Frame 516 sent at 1572945977420
11-05 11:26:17.450  6514  6549 D Evaluation: Frame 517 sent at 1572945977450
11-05 11:26:17.485  6514  6549 D Evaluation: Frame 518 sent at 1572945977485
11-05 11:26:17.520  6514  6549 D Evaluation: Frame 519 sent at 1572945977520
11-05 11:26:17.554  6514  6549 D Evaluation: Frame 520 sent at 1572945977554
11-05 11:26:17.588  6514  6549 D Evaluation: Frame 521 sent at 1572945977588
11-05 11:26:17.671  6514  6549 D Evaluation: Frame 522 sent at 1572945977671
11-05 11:26:17.694  6514  6549 D Evaluation: Frame 523 sent at 1572945977694
11-05 11:26:17.721  6514  6549 D Evaluation: Frame 524 sent at 1572945977721
11-05 11:26:17.755  6514  6549 D Evaluation: Frame 525 sent at 1572945977755
11-05 11:26:17.784  6514  6549 D Evaluation: Frame 526 sent at 1572945977784
11-05 11:26:17.821  6514  6549 D Evaluation: Frame 527 sent at 1572945977821
11-05 11:26:17.859  6514  6549 D Evaluation: Frame 528 sent at 1572945977859
11-05 11:26:17.917  6514  6514 D Poster  : At 1572945977917 location is 65.0577788365218 (latitude), and 25.469247577443205 (longitude)
11-05 11:26:17.922  6514  6549 D Evaluation: Frame 529 sent at 1572945977922
11-05 11:26:17.956  6514  6549 D Evaluation: Frame 530 sent at 1572945977956
11-05 11:26:17.990  6514  6549 D Evaluation: Frame 531 sent at 1572945977990
11-05 11:26:18.029  6514  6549 D Evaluation: Frame 532 sent at 1572945978029
11-05 11:26:18.066  6514  6549 D Evaluation: Frame 533 sent at 1572945978065
11-05 11:26:18.090  6514  6549 D Evaluation: Frame 534 sent at 1572945978090
11-05 11:26:18.132  6514  6549 D Evaluation: Frame 535 sent at 1572945978132
11-05 11:26:18.164  6514  6549 D Evaluation: Frame 536 sent at 1572945978164
11-05 11:26:18.210  6514  6549 D Evaluation: Frame 537 sent at 1572945978210
11-05 11:26:18.232  6514  6549 D Evaluation: Frame 538 sent at 1572945978232
11-05 11:26:18.255  6514  6549 D Evaluation: Frame 539 sent at 1572945978255
11-05 11:26:18.288  6514  6549 D Evaluation: Frame 540 sent at 1572945978288
11-05 11:26:18.324  6514  6549 D Evaluation: Frame 541 sent at 1572945978324
11-05 11:26:18.369  6514  6549 D Evaluation: Frame 542 sent at 1572945978369
11-05 11:26:18.403  6514  6549 D Evaluation: Frame 543 sent at 1572945978402
11-05 11:26:18.430  6514  6549 D Evaluation: Frame 544 sent at 1572945978430
11-05 11:26:18.459  6514  6549 D Evaluation: Frame 545 sent at 1572945978459
11-05 11:26:18.502  6514  6549 D Evaluation: Frame 546 sent at 1572945978502
11-05 11:26:18.540  6514  6549 D Evaluation: Frame 547 sent at 1572945978540
11-05 11:26:18.557  6514  6549 D Evaluation: Frame 548 sent at 1572945978557
11-05 11:26:18.594  6514  6549 D Evaluation: Frame 549 sent at 1572945978594
11-05 11:26:18.623  6514  6549 D Evaluation: Frame 550 sent at 1572945978623
11-05 11:26:18.670  6514  6549 D Evaluation: Frame 551 sent at 1572945978670
11-05 11:26:18.704  6514  6549 D Evaluation: Frame 552 sent at 1572945978704
11-05 11:26:18.739  6514  6549 D Evaluation: Frame 553 sent at 1572945978739
11-05 11:26:18.761  6514  6549 D Evaluation: Frame 554 sent at 1572945978761
11-05 11:26:18.802  6514  6549 D Evaluation: Frame 555 sent at 1572945978802
11-05 11:26:18.828  6514  6525 E         : [ZeroHung]zrhung_get_config: Get config failed for wp[0x0008]
11-05 11:26:18.828  6514  6549 D Evaluation: Frame 556 sent at 1572945978828
11-05 11:26:18.869  6514  6549 D Evaluation: Frame 557 sent at 1572945978869
11-05 11:26:18.897  6514  6549 D Evaluation: Frame 558 sent at 1572945978897
11-05 11:26:18.910  6514  6514 D Poster  : At 1572945978909 location is 65.05778155996423 (latitude), and 25.469227159539575 (longitude)
11-05 11:26:18.938  6514  6549 D Evaluation: Frame 559 sent at 1572945978938
11-05 11:26:18.962  6514  6549 D Evaluation: Frame 560 sent at 1572945978962
11-05 11:26:19.016  6514  6549 D Evaluation: Frame 562 sent at 1572945979016
11-05 11:26:19.031  6514  6549 D Evaluation: Frame 562 sent at 1572945979031
11-05 11:26:19.068  6514  6549 D Evaluation: Frame 563 sent at 1572945979068
11-05 11:26:19.098  6514  6549 D Evaluation: Frame 564 sent at 1572945979098
11-05 11:26:19.138  6514  6549 D Evaluation: Frame 565 sent at 1572945979137
11-05 11:26:19.175  6514  6549 D Evaluation: Frame 566 sent at 1572945979175
11-05 11:26:19.191  6514  6549 D Evaluation: Frame 567 sent at 1572945979191
11-05 11:26:19.225  6514  6549 D Evaluation: Frame 568 sent at 1572945979225
11-05 11:26:19.310  6514  6549 D Evaluation: Frame 569 sent at 1572945979310
11-05 11:26:19.340  6514  6549 D Evaluation: Frame 570 sent at 1572945979339
11-05 11:26:19.365  6514  6549 D Evaluation: Frame 571 sent at 1572945979365
11-05 11:26:19.407  6514  6549 D Evaluation: Frame 572 sent at 1572945979407
11-05 11:26:19.432  6514  6549 D Evaluation: Frame 573 sent at 1572945979432
11-05 11:26:19.473  6514  6549 D Evaluation: Frame 574 sent at 1572945979473
11-05 11:26:19.497  6514  6549 D Evaluation: Frame 575 sent at 1572945979497
11-05 11:26:19.540  6514  6549 D Evaluation: Frame 576 sent at 1572945979540
11-05 11:26:19.567  6514  6549 D Evaluation: Frame 577 sent at 1572945979567
11-05 11:26:19.634  6514  6549 D Evaluation: Frame 578 sent at 1572945979634
11-05 11:26:19.670  6514  6549 D Evaluation: Frame 579 sent at 1572945979670
11-05 11:26:19.701  6514  6549 D Evaluation: Frame 580 sent at 1572945979701
11-05 11:26:19.743  6514  6549 D Evaluation: Frame 581 sent at 1572945979743
11-05 11:26:19.780  6514  6549 D Evaluation: Frame 582 sent at 1572945979780
11-05 11:26:19.804  6514  6549 D Evaluation: Frame 583 sent at 1572945979804
11-05 11:26:19.842  6514  6549 D Evaluation: Frame 584 sent at 1572945979842
11-05 11:26:19.872  6514  6549 D Evaluation: Frame 585 sent at 1572945979872
11-05 11:26:19.902  6514  6514 D Poster  : At 1572945979902 location is 65.05775253037821 (latitude), and 25.469215902547095 (longitude)
11-05 11:26:19.903  6514  6549 D Evaluation: Frame 586 sent at 1572945979903
11-05 11:26:19.938  6514  6549 D Evaluation: Frame 587 sent at 1572945979938
11-05 11:26:19.970  6514  6549 D Evaluation: Frame 588 sent at 1572945979970
11-05 11:26:20.002  6514  6549 D Evaluation: Frame 589 sent at 1572945980002
11-05 11:26:20.046  6514  6549 D Evaluation: Frame 590 sent at 1572945980046
11-05 11:26:20.073  6514  6549 D Evaluation: Frame 591 sent at 1572945980073
11-05 11:26:20.134  6514  6549 W System.err: java.net.SocketException: Message too long
11-05 11:26:20.134  6514  6549 W System.err: 	at sun.nio.ch.DatagramChannelImpl.send0(Native Method)
11-05 11:26:20.134  6514  6549 W System.err: 	at sun.nio.ch.DatagramChannelImpl.sendFromNativeBuffer(DatagramChannelImpl.java:573)
11-05 11:26:20.134  6514  6549 W System.err: 	at sun.nio.ch.DatagramChannelImpl.send(DatagramChannelImpl.java:550)
11-05 11:26:20.135  6514  6549 W System.err: 	at sun.nio.ch.DatagramChannelImpl.send(DatagramChannelImpl.java:514)
11-05 11:26:20.135  6514  6549 W System.err: 	at symlab.CloudAR.network.TransmissionTask.run(TransmissionTask.java:124)
11-05 11:26:20.135  6514  6549 W System.err: 	at android.os.Handler.handleCallback(Handler.java:907)
11-05 11:26:20.135  6514  6549 W System.err: 	at android.os.Handler.dispatchMessage(Handler.java:105)
11-05 11:26:20.135  6514  6549 W System.err: 	at android.os.Looper.loop(Looper.java:216)
11-05 11:26:20.135  6514  6549 W System.err: 	at android.os.HandlerThread.run(HandlerThread.java:65)
11-05 11:26:20.153  6514  6549 D Evaluation: Frame 593 sent at 1572945980153
11-05 11:26:20.177  6514  6549 D Evaluation: Frame 594 sent at 1572945980177
11-05 11:26:20.207  6514  6549 D Evaluation: Frame 595 sent at 1572945980207
11-05 11:26:20.246  6514  6549 D Evaluation: Frame 596 sent at 1572945980246
11-05 11:26:20.274  6514  6549 D Evaluation: Frame 597 sent at 1572945980274
11-05 11:26:20.313  6514  6549 D Evaluation: Frame 598 sent at 1572945980313
11-05 11:26:20.339  6514  6549 D Evaluation: Frame 599 sent at 1572945980339
11-05 11:26:20.372  6514  6549 D Evaluation: Frame 600 sent at 1572945980372
11-05 11:26:20.420  6514  6549 D Evaluation: Frame 601 sent at 1572945980420
11-05 11:26:20.444  6514  6549 D Evaluation: Frame 602 sent at 1572945980444
11-05 11:26:20.475  6514  6549 D Evaluation: Frame 603 sent at 1572945980475
11-05 11:26:20.507  6514  6549 D Evaluation: Frame 604 sent at 1572945980507
11-05 11:26:20.546  6514  6549 D Evaluation: Frame 605 sent at 1572945980546
11-05 11:26:20.583  6514  6549 D Evaluation: Frame 606 sent at 1572945980583
11-05 11:26:20.611  6514  6549 D Evaluation: Frame 607 sent at 1572945980611
11-05 11:26:20.643  6514  6549 D Evaluation: Frame 608 sent at 1572945980643
11-05 11:26:20.680  6514  6525 E         : [ZeroHung]zrhung_get_config: Get config failed for wp[0x0008]
11-05 11:26:20.680  6514  6549 D Evaluation: Frame 609 sent at 1572945980680
11-05 11:26:20.710  6514  6549 D Evaluation: Frame 610 sent at 1572945980710
11-05 11:26:20.747  6514  6549 D Evaluation: Frame 611 sent at 1572945980747
11-05 11:26:20.779  6514  6549 D Evaluation: Frame 612 sent at 1572945980779
11-05 11:26:20.813  6514  6549 D Evaluation: Frame 613 sent at 1572945980813
11-05 11:26:20.853  6514  6549 D Evaluation: Frame 614 sent at 1572945980853
11-05 11:26:20.887  6514  6549 D Evaluation: Frame 615 sent at 1572945980887
11-05 11:26:20.911  6514  6514 D Poster  : At 1572945980911 location is 65.05773105950875 (latitude), and 25.46921239004116 (longitude)
11-05 11:26:20.914  6514  6549 D Evaluation: Frame 616 sent at 1572945980914
11-05 11:26:20.957  6514  6549 D Evaluation: Frame 617 sent at 1572945980957
11-05 11:26:20.977  6514  6549 D Evaluation: Frame 618 sent at 1572945980977
11-05 11:26:21.010  6514  6549 D Evaluation: Frame 619 sent at 1572945981010
11-05 11:26:21.046  6514  6549 D Evaluation: Frame 620 sent at 1572945981046
11-05 11:26:21.090  6514  6549 D Evaluation: Frame 621 sent at 1572945981090
11-05 11:26:21.114  6514  6549 D Evaluation: Frame 622 sent at 1572945981114
11-05 11:26:21.146  6514  6549 D Evaluation: Frame 623 sent at 1572945981146
11-05 11:26:21.182  6514  6549 D Evaluation: Frame 624 sent at 1572945981181
11-05 11:26:21.226  6514  6549 D Evaluation: Frame 625 sent at 1572945981226
11-05 11:26:21.247  6514  6549 D Evaluation: Frame 626 sent at 1572945981247
11-05 11:26:21.283  6514  6549 D Evaluation: Frame 627 sent at 1572945981283
11-05 11:26:21.315  6514  6549 D Evaluation: Frame 628 sent at 1572945981315
11-05 11:26:21.383  6514  6549 D Evaluation: Frame 629 sent at 1572945981383
11-05 11:26:21.416  6514  6549 D Evaluation: Frame 630 sent at 1572945981416
11-05 11:26:21.481  6514  6549 D Evaluation: Frame 632 sent at 1572945981480
11-05 11:26:21.498  6514  6549 D Evaluation: Frame 632 sent at 1572945981498
11-05 11:26:21.515  6514  6549 D Evaluation: Frame 633 sent at 1572945981515
11-05 11:26:21.551  6514  6549 D Evaluation: Frame 634 sent at 1572945981551
11-05 11:26:21.582  6514  6549 D Evaluation: Frame 635 sent at 1572945981582
11-05 11:26:21.620  6514  6549 D Evaluation: Frame 636 sent at 1572945981620
11-05 11:26:21.652  6514  6549 D Evaluation: Frame 637 sent at 1572945981652
11-05 11:26:21.692  6514  6549 D Evaluation: Frame 638 sent at 1572945981692
11-05 11:26:21.725  6514  6549 D Evaluation: Frame 639 sent at 1572945981725
11-05 11:26:21.760  6514  6549 D Evaluation: Frame 640 sent at 1572945981760
11-05 11:26:21.804  6514  6549 D Evaluation: Frame 641 sent at 1572945981804
11-05 11:26:21.840  6514  6549 D Evaluation: Frame 642 sent at 1572945981840
11-05 11:26:21.872  6514  6549 D Evaluation: Frame 643 sent at 1572945981872
11-05 11:26:21.900  6514  6549 D Evaluation: Frame 644 sent at 1572945981900
11-05 11:26:21.913  6514  6514 D Poster  : At 1572945981912 location is 65.05770534330446 (latitude), and 25.469193469768527 (longitude)
11-05 11:26:21.949  6514  6549 D Evaluation: Frame 646 sent at 1572945981949
11-05 11:26:21.970  6514  6549 D Evaluation: Frame 646 sent at 1572945981970
11-05 11:26:22.001  6514  6549 D Evaluation: Frame 647 sent at 1572945982001
11-05 11:26:22.041  6514  6549 D Evaluation: Frame 648 sent at 1572945982041
11-05 11:26:22.083  6514  6525 E         : [ZeroHung]zrhung_get_config: Get config failed for wp[0x0008]
11-05 11:26:22.083  6514  6549 D Evaluation: Frame 649 sent at 1572945982083
11-05 11:26:22.116  6514  6549 D Evaluation: Frame 650 sent at 1572945982116
11-05 11:26:22.138  6514  6549 D Evaluation: Frame 651 sent at 1572945982138
11-05 11:26:22.179  6514  6549 D Evaluation: Frame 652 sent at 1572945982179
11-05 11:26:22.207  6514  6549 D Evaluation: Frame 653 sent at 1572945982207
11-05 11:26:22.234  6514  6549 D Evaluation: Frame 654 sent at 1572945982234
11-05 11:26:22.266  6514  6549 D Evaluation: Frame 655 sent at 1572945982266
11-05 11:26:22.296  6514  6549 D Evaluation: Frame 656 sent at 1572945982296
11-05 11:26:22.337  6514  6549 D Evaluation: Frame 657 sent at 1572945982337
11-05 11:26:22.375  6514  6549 D Evaluation: Frame 658 sent at 1572945982375
11-05 11:26:22.409  6514  6549 D Evaluation: Frame 659 sent at 1572945982409
11-05 11:26:22.442  6514  6549 D Evaluation: Frame 660 sent at 1572945982442
11-05 11:26:22.484  6514  6549 D Evaluation: Frame 661 sent at 1572945982484
11-05 11:26:22.521  6514  6549 D Evaluation: Frame 663 sent at 1572945982521
11-05 11:26:22.543  6514  6549 D Evaluation: Frame 663 sent at 1572945982543
11-05 11:26:22.575  6514  6549 D Evaluation: Frame 664 sent at 1572945982575
11-05 11:26:22.613  6514  6549 D Evaluation: Frame 665 sent at 1572945982613
11-05 11:26:22.638  6514  6549 D Evaluation: Frame 666 sent at 1572945982638
11-05 11:26:22.681  6514  6549 D Evaluation: Frame 667 sent at 1572945982681
11-05 11:26:22.712  6514  6549 D Evaluation: Frame 668 sent at 1572945982712
11-05 11:26:22.746  6514  6549 D Evaluation: Frame 669 sent at 1572945982746
11-05 11:26:22.781  6514  6549 D Evaluation: Frame 670 sent at 1572945982781
11-05 11:26:22.817  6514  6549 D Evaluation: Frame 671 sent at 1572945982817
11-05 11:26:22.841  6514  6549 D Evaluation: Frame 672 sent at 1572945982841
11-05 11:26:22.883  6514  6549 D Evaluation: Frame 673 sent at 1572945982883
11-05 11:26:22.914  6514  6549 D Evaluation: Frame 674 sent at 1572945982914
11-05 11:26:22.914  6514  6514 D Poster  : At 1572945982914 location is 65.057693241904 (latitude), and 25.469153080336405 (longitude)
11-05 11:26:22.951  6514  6549 D Evaluation: Frame 676 sent at 1572945982951
11-05 11:26:22.967  6514  6549 D Evaluation: Frame 676 sent at 1572945982967
11-05 11:26:23.001  6514  6549 D Evaluation: Frame 677 sent at 1572945983001
11-05 11:26:23.038  6514  6549 D Evaluation: Frame 678 sent at 1572945983038
11-05 11:26:23.079  6514  6549 D Evaluation: Frame 679 sent at 1572945983079
11-05 11:26:23.123  6514  6549 D Evaluation: Frame 680 sent at 1572945983123
11-05 11:26:23.147  6514  6549 D Evaluation: Frame 681 sent at 1572945983147
11-05 11:26:23.180  6514  6549 D Evaluation: Frame 682 sent at 1572945983180
11-05 11:26:23.207  6514  6549 D Evaluation: Frame 683 sent at 1572945983207
11-05 11:26:23.242  6514  6549 D Evaluation: Frame 684 sent at 1572945983242
11-05 11:26:23.284  6514  6549 D Evaluation: Frame 685 sent at 1572945983284
11-05 11:26:23.293  6514  6514 W HiTouch_PressGestureDetector: Touch pointer move a lot. The moving distance of X is:48.0009, limit is:60The moving distance of Y is:146.97113, limit is:60
11-05 11:26:23.305  6514  6549 D Evaluation: Frame 686 sent at 1572945983305
11-05 11:26:23.328  6514  6549 D Evaluation: Frame 687 sent at 1572945983328
11-05 11:26:23.372  6514  6549 D Evaluation: Frame 688 sent at 1572945983372
11-05 11:26:23.404  6514  6549 D Evaluation: Frame 689 sent at 1572945983404
11-05 11:26:23.432  6514  6549 D Evaluation: Frame 690 sent at 1572945983432
11-05 11:26:23.471  6514  6549 D Evaluation: Frame 691 sent at 1572945983471
11-05 11:26:23.497  6514  6549 D Evaluation: Frame 692 sent at 1572945983497
11-05 11:26:23.536  6514  6525 E         : [ZeroHung]zrhung_get_config: Get config failed for wp[0x0008]
11-05 11:26:23.537  6514  6549 D Evaluation: Frame 693 sent at 1572945983537
11-05 11:26:23.570  6514  6549 D Evaluation: Frame 694 sent at 1572945983570
11-05 11:26:23.596  6514  6549 D Evaluation: Frame 695 sent at 1572945983596
11-05 11:26:23.641  6514  6549 D Evaluation: Frame 696 sent at 1572945983641
11-05 11:26:23.665  6514  6549 D Evaluation: Frame 697 sent at 1572945983665
11-05 11:26:23.699  6514  6549 D Evaluation: Frame 698 sent at 1572945983699
11-05 11:26:23.733  6514  6549 D Evaluation: Frame 699 sent at 1572945983733
11-05 11:26:23.766  6514  6549 D Evaluation: Frame 700 sent at 1572945983766
11-05 11:26:23.806  6514  6549 D Evaluation: Frame 701 sent at 1572945983806
11-05 11:26:23.832  6514  6549 D Evaluation: Frame 702 sent at 1572945983832
11-05 11:26:23.875  6514  6549 D Evaluation: Frame 703 sent at 1572945983875
11-05 11:26:23.922  6514  6549 D Evaluation: Frame 704 sent at 1572945983922
11-05 11:26:23.928  6514  6514 D Poster  : At 1572945983928 location is 65.0576853138277 (latitude), and 25.469148451117537 (longitude)
11-05 11:26:23.960  6514  6549 D Evaluation: Frame 706 sent at 1572945983960
11-05 11:26:23.977  6514  6549 D Evaluation: Frame 706 sent at 1572945983977
11-05 11:26:24.000  6514  6549 D Evaluation: Frame 707 sent at 1572945984000
11-05 11:26:24.032  6514  6549 D Evaluation: Frame 708 sent at 1572945984032
11-05 11:26:24.069  6514  6549 D Evaluation: Frame 709 sent at 1572945984069
11-05 11:26:24.112  6514  6549 D Evaluation: Frame 710 sent at 1572945984112
11-05 11:26:24.144  6514  6549 D Evaluation: Frame 711 sent at 1572945984144
11-05 11:26:24.174  6514  6549 D Evaluation: Frame 712 sent at 1572945984174
11-05 11:26:24.202  6514  6549 D Evaluation: Frame 713 sent at 1572945984202
11-05 11:26:24.241  6514  6549 D Evaluation: Frame 714 sent at 1572945984241
11-05 11:26:24.269  6514  6549 D Evaluation: Frame 715 sent at 1572945984269
11-05 11:26:24.306  6514  6549 D Evaluation: Frame 716 sent at 1572945984306
11-05 11:26:24.349  6514  6549 D Evaluation: Frame 717 sent at 1572945984349
11-05 11:26:24.373  6514  6549 D Evaluation: Frame 718 sent at 1572945984373
11-05 11:26:24.412  6514  6549 D Evaluation: Frame 719 sent at 1572945984412
11-05 11:26:24.457  6514  6549 D Evaluation: Frame 721 sent at 1572945984457
11-05 11:26:24.475  6514  6549 D Evaluation: Frame 721 sent at 1572945984475
11-05 11:26:24.503  6514  6549 D Evaluation: Frame 722 sent at 1572945984503
11-05 11:26:24.547  6514  6549 D Evaluation: Frame 723 sent at 1572945984547
11-05 11:26:24.573  6514  6549 D Evaluation: Frame 724 sent at 1572945984573
11-05 11:26:24.612  6514  6549 D Evaluation: Frame 725 sent at 1572945984612
11-05 11:26:24.640  6514  6549 D Evaluation: Frame 726 sent at 1572945984640
11-05 11:26:24.680  6514  6549 D Evaluation: Frame 727 sent at 1572945984680
11-05 11:26:24.706  6514  6549 D Evaluation: Frame 728 sent at 1572945984706
11-05 11:26:24.749  6514  6549 D Evaluation: Frame 729 sent at 1572945984749
11-05 11:26:24.775  6514  6549 D Evaluation: Frame 730 sent at 1572945984775
11-05 11:26:24.807  6514  6549 D Evaluation: Frame 731 sent at 1572945984807
11-05 11:26:24.842  6514  6549 D Evaluation: Frame 732 sent at 1572945984842
11-05 11:26:24.873  6514  6549 D Evaluation: Frame 733 sent at 1572945984873
11-05 11:26:24.910  6514  6514 D Poster  : At 1572945984910 location is 65.05767835106907 (latitude), and 25.469145394513397 (longitude)
11-05 11:26:24.918  6514  6549 D Evaluation: Frame 734 sent at 1572945984918
11-05 11:26:24.947  6514  6549 D Evaluation: Frame 735 sent at 1572945984947
11-05 11:26:24.981  6514  6549 D Evaluation: Frame 736 sent at 1572945984981
11-05 11:26:25.006  6514  6549 D Evaluation: Frame 737 sent at 1572945985006
11-05 11:26:25.038  6514  6549 D Evaluation: Frame 738 sent at 1572945985038
11-05 11:26:25.077  6514  6549 D Evaluation: Frame 739 sent at 1572945985077
11-05 11:26:25.109  6514  6549 D Evaluation: Frame 740 sent at 1572945985108
11-05 11:26:25.175  6514  6549 D Evaluation: Frame 741 sent at 1572945985175
11-05 11:26:25.203  6514  6549 D Evaluation: Frame 742 sent at 1572945985203
11-05 11:26:25.254  6514  6549 D Evaluation: Frame 743 sent at 1572945985254
11-05 11:26:25.285  6514  6525 E         : [ZeroHung]zrhung_get_config: Get config failed for wp[0x0008]
11-05 11:26:25.285  6514  6549 D Evaluation: Frame 744 sent at 1572945985285
11-05 11:26:25.311  6514  6549 D Evaluation: Frame 745 sent at 1572945985311
11-05 11:26:25.343  6514  6549 D Evaluation: Frame 746 sent at 1572945985343
11-05 11:26:25.378  6514  6549 D Evaluation: Frame 747 sent at 1572945985378
11-05 11:26:25.412  6514  6549 D Evaluation: Frame 748 sent at 1572945985412
11-05 11:26:25.445  6514  6549 D Evaluation: Frame 749 sent at 1572945985445
11-05 11:26:25.486  6514  6549 D Evaluation: Frame 750 sent at 1572945985486
11-05 11:26:25.514  6514  6549 D Evaluation: Frame 751 sent at 1572945985514
11-05 11:26:25.543  6514  6549 D Evaluation: Frame 752 sent at 1572945985543
11-05 11:26:25.582  6514  6549 D Evaluation: Frame 753 sent at 1572945985582
11-05 11:26:25.611  6514  6549 D Evaluation: Frame 754 sent at 1572945985610
11-05 11:26:25.644  6514  6549 D Evaluation: Frame 755 sent at 1572945985644
11-05 11:26:25.678  6514  6549 D Evaluation: Frame 756 sent at 1572945985678
11-05 11:26:25.713  6514  6549 D Evaluation: Frame 757 sent at 1572945985713
11-05 11:26:25.747  6514  6549 D Evaluation: Frame 758 sent at 1572945985747
11-05 11:26:25.783  6514  6549 D Evaluation: Frame 759 sent at 1572945985783
11-05 11:26:25.816  6514  6549 D Evaluation: Frame 760 sent at 1572945985816
11-05 11:26:25.848  6514  6549 D Evaluation: Frame 761 sent at 1572945985848
11-05 11:26:25.881  6514  6549 D Evaluation: Frame 762 sent at 1572945985881
11-05 11:26:25.908  6514  6514 D Poster  : At 1572945985908 location is 65.05767751240728 (latitude), and 25.469138521746096 (longitude)
11-05 11:26:25.921  6514  6549 D Evaluation: Frame 763 sent at 1572945985921
11-05 11:26:25.950  6514  6549 D Evaluation: Frame 764 sent at 1572945985950
11-05 11:26:25.983  6514  6549 D Evaluation: Frame 765 sent at 1572945985983
11-05 11:26:26.020  6514  6549 D Evaluation: Frame 766 sent at 1572945986020
11-05 11:26:26.055  6514  6549 D Evaluation: Frame 767 sent at 1572945986055
11-05 11:26:26.083  6514  6549 D Evaluation: Frame 768 sent at 1572945986083
11-05 11:26:26.115  6514  6549 D Evaluation: Frame 769 sent at 1572945986115
11-05 11:26:26.147  6514  6549 D Evaluation: Frame 770 sent at 1572945986147
11-05 11:26:26.190  6514  6549 D Evaluation: Frame 771 sent at 1572945986190
11-05 11:26:26.224  6514  6549 D Evaluation: Frame 772 sent at 1572945986224
11-05 11:26:26.251  6514  6549 D Evaluation: Frame 773 sent at 1572945986251
11-05 11:26:26.292  6514  6549 D Evaluation: Frame 774 sent at 1572945986292
11-05 11:26:26.320  6514  6549 D Evaluation: Frame 775 sent at 1572945986320
11-05 11:26:26.358  6514  6549 D Evaluation: Frame 776 sent at 1572945986358
11-05 11:26:26.393  6514  6549 D Evaluation: Frame 777 sent at 1572945986393
11-05 11:26:26.425  6514  6549 D Evaluation: Frame 778 sent at 1572945986425
11-05 11:26:26.452  6514  6549 D Evaluation: Frame 779 sent at 1572945986452
11-05 11:26:26.493  6514  6549 D Evaluation: Frame 780 sent at 1572945986493
11-05 11:26:26.519  6514  6549 D Evaluation: Frame 781 sent at 1572945986519
11-05 11:26:26.560  6514  6549 D Evaluation: Frame 782 sent at 1572945986560
11-05 11:26:26.598  6514  6549 D Evaluation: Frame 783 sent at 1572945986598
11-05 11:26:26.625  6514  6549 D Evaluation: Frame 784 sent at 1572945986625
11-05 11:26:26.653  6514  6549 D Evaluation: Frame 785 sent at 1572945986653
11-05 11:26:26.687  6514  6549 D Evaluation: Frame 786 sent at 1572945986687
11-05 11:26:26.722  6514  6549 D Evaluation: Frame 787 sent at 1572945986722
11-05 11:26:26.751  6514  6549 D Evaluation: Frame 788 sent at 1572945986751
11-05 11:26:26.789  6514  6549 D Evaluation: Frame 789 sent at 1572945986789
11-05 11:26:26.829  6514  6549 D Evaluation: Frame 790 sent at 1572945986829
11-05 11:26:26.862  6514  6549 D Evaluation: Frame 791 sent at 1572945986862
11-05 11:26:26.896  6514  6549 D Evaluation: Frame 792 sent at 1572945986896
11-05 11:26:26.920  6514  6514 D Poster  : At 1572945986919 location is 65.05767807927609 (latitude), and 25.46912323751805 (longitude)
11-05 11:26:26.926  6514  6549 D Evaluation: Frame 793 sent at 1572945986926
11-05 11:26:26.960  6514  6549 D Evaluation: Frame 794 sent at 1572945986960
11-05 11:26:27.030  6514  6549 D Evaluation: Frame 795 sent at 1572945987030
11-05 11:26:27.058  6514  6549 D Evaluation: Frame 796 sent at 1572945987058
11-05 11:26:27.100  6514  6549 D Evaluation: Frame 797 sent at 1572945987100
11-05 11:26:27.147  6514  6549 D Evaluation: Frame 798 sent at 1572945987147
11-05 11:26:27.167  6514  6549 D Evaluation: Frame 799 sent at 1572945987167
11-05 11:26:27.190  6514  6549 D Evaluation: Frame 800 sent at 1572945987190
11-05 11:26:27.219  6514  6514 W HiTouch_PressGestureDetector: Touch pointer move a lot. The moving distance of X is:26.334412, limit is:60The moving distance of Y is:122.789986, limit is:60
11-05 11:26:27.225  6514  6549 D Evaluation: Frame 801 sent at 1572945987225
11-05 11:26:27.265  6514  6549 D Evaluation: Frame 802 sent at 1572945987265
11-05 11:26:27.291  6514  6549 D Evaluation: Frame 803 sent at 1572945987291
11-05 11:26:27.325  6514  6549 D Evaluation: Frame 804 sent at 1572945987325
11-05 11:26:27.359  6514  6549 D Evaluation: Frame 805 sent at 1572945987359
11-05 11:26:27.444  6514  6549 D Evaluation: Frame 806 sent at 1572945987444
11-05 11:26:27.466  6514  6525 E         : [ZeroHung]zrhung_get_config: Get config failed for wp[0x0008]
11-05 11:26:27.467  6514  6549 D Evaluation: Frame 807 sent at 1572945987467
11-05 11:26:27.495  6514  6549 D Evaluation: Frame 808 sent at 1572945987495
11-05 11:26:27.530  6514  6549 D Evaluation: Frame 809 sent at 1572945987530
11-05 11:26:27.568  6514  6549 D Evaluation: Frame 810 sent at 1572945987568
11-05 11:26:27.599  6514  6549 D Evaluation: Frame 811 sent at 1572945987599
11-05 11:26:27.628  6514  6549 D Evaluation: Frame 812 sent at 1572945987628
11-05 11:26:27.662  6514  6549 D Evaluation: Frame 813 sent at 1572945987662
11-05 11:26:27.705  6514  6549 D Evaluation: Frame 814 sent at 1572945987705
11-05 11:26:27.737  6514  6549 D Evaluation: Frame 815 sent at 1572945987737
11-05 11:26:27.762  6514  6549 D Evaluation: Frame 816 sent at 1572945987762
11-05 11:26:27.804  6514  6549 D Evaluation: Frame 817 sent at 1572945987804
11-05 11:26:27.829  6514  6549 D Evaluation: Frame 818 sent at 1572945987829
11-05 11:26:27.872  6514  6549 D Evaluation: Frame 819 sent at 1572945987872
11-05 11:26:27.904  6514  6549 D Evaluation: Frame 820 sent at 1572945987904
11-05 11:26:27.912  6514  6514 D Poster  : At 1572945987912 location is 65.05767931911743 (latitude), and 25.469105629678793 (longitude)
11-05 11:26:27.945  6514  6549 D Evaluation: Frame 821 sent at 1572945987945
11-05 11:26:27.975  6514  6549 D Evaluation: Frame 822 sent at 1572945987975
11-05 11:26:27.993  6514  6549 D Evaluation: Frame 823 sent at 1572945987993
11-05 11:26:28.031  6514  6549 D Evaluation: Frame 824 sent at 1572945988031
11-05 11:26:28.063  6514  6549 D Evaluation: Frame 825 sent at 1572945988063
11-05 11:26:28.107  6514  6549 D Evaluation: Frame 826 sent at 1572945988107
11-05 11:26:28.135  6514  6549 D Evaluation: Frame 827 sent at 1572945988135
11-05 11:26:28.164  6514  6549 D Evaluation: Frame 828 sent at 1572945988164
11-05 11:26:28.202  6514  6549 D Evaluation: Frame 829 sent at 1572945988202
11-05 11:26:28.252  6514  6549 D Evaluation: Frame 831 sent at 1572945988252
11-05 11:26:28.267  6514  6549 D Evaluation: Frame 831 sent at 1572945988267
11-05 11:26:28.306  6514  6549 D Evaluation: Frame 832 sent at 1572945988306
11-05 11:26:28.334  6514  6549 D Evaluation: Frame 833 sent at 1572945988334
11-05 11:26:28.400  6514  6549 D Evaluation: Frame 834 sent at 1572945988400
11-05 11:26:28.443  6514  6549 D Evaluation: Frame 835 sent at 1572945988443
11-05 11:26:28.470  6514  6549 D Evaluation: Frame 836 sent at 1572945988470
11-05 11:26:28.555  6514  6549 D Evaluation: Frame 837 sent at 1572945988555
11-05 11:26:28.577  6514  6549 D Evaluation: Frame 838 sent at 1572945988576
11-05 11:26:28.606  6514  6549 D Evaluation: Frame 839 sent at 1572945988606
11-05 11:26:28.672  6514  6549 D Evaluation: Frame 840 sent at 1572945988671
11-05 11:26:28.713  6514  6549 D Evaluation: Frame 841 sent at 1572945988713
11-05 11:26:28.738  6514  6549 D Evaluation: Frame 842 sent at 1572945988738
11-05 11:26:28.779  6514  6549 D Evaluation: Frame 843 sent at 1572945988779
11-05 11:26:28.807  6514  6549 D Evaluation: Frame 844 sent at 1572945988807
11-05 11:26:28.846  6514  6549 D Evaluation: Frame 845 sent at 1572945988846
11-05 11:26:28.877  6514  6549 D Evaluation: Frame 846 sent at 1572945988877
11-05 11:26:28.906  6514  6549 D Evaluation: Frame 847 sent at 1572945988906
11-05 11:26:28.909  6514  6514 D Poster  : At 1572945988908 location is 65.05768050137691 (latitude), and 25.469088839542316 (longitude)
11-05 11:26:28.946  6514  6549 D Evaluation: Frame 848 sent at 1572945988946
11-05 11:26:28.972  6514  6549 D Evaluation: Frame 849 sent at 1572945988972
11-05 11:26:29.005  6514  6549 D Evaluation: Frame 850 sent at 1572945989005
11-05 11:26:29.037  6514  6549 D Evaluation: Frame 851 sent at 1572945989037
11-05 11:26:29.094  6514  6549 D Evaluation: Frame 853 sent at 1572945989094
11-05 11:26:29.109  6514  6549 D Evaluation: Frame 853 sent at 1572945989109
11-05 11:26:29.135  6514  6549 D Evaluation: Frame 854 sent at 1572945989135
11-05 11:26:29.171  6514  6549 D Evaluation: Frame 855 sent at 1572945989171
11-05 11:26:29.209  6514  6549 D Evaluation: Frame 856 sent at 1572945989209
11-05 11:26:29.237  6514  6549 D Evaluation: Frame 857 sent at 1572945989237
11-05 11:26:29.272  6514  6549 D Evaluation: Frame 858 sent at 1572945989272
11-05 11:26:29.307  6514  6549 D Evaluation: Frame 859 sent at 1572945989307
11-05 11:26:29.338  6514  6549 D Evaluation: Frame 860 sent at 1572945989338
11-05 11:26:29.382  6514  6549 D Evaluation: Frame 861 sent at 1572945989382
11-05 11:26:29.408  6514  6549 D Evaluation: Frame 862 sent at 1572945989408
11-05 11:26:29.436  6514  6549 D Evaluation: Frame 863 sent at 1572945989436
11-05 11:26:29.471  6514  6525 E         : [ZeroHung]zrhung_get_config: Get config failed for wp[0x0008]
11-05 11:26:29.472  6514  6549 D Evaluation: Frame 864 sent at 1572945989471
11-05 11:26:29.508  6514  6549 D Evaluation: Frame 865 sent at 1572945989508
11-05 11:26:29.541  6514  6549 D Evaluation: Frame 866 sent at 1572945989541
11-05 11:26:29.574  6514  6549 D Evaluation: Frame 867 sent at 1572945989574
11-05 11:26:29.609  6514  6549 D Evaluation: Frame 868 sent at 1572945989609
11-05 11:26:29.652  6514  6549 D Evaluation: Frame 869 sent at 1572945989652
11-05 11:26:29.678  6514  6549 D Evaluation: Frame 870 sent at 1572945989677
11-05 11:26:29.710  6514  6549 D Evaluation: Frame 871 sent at 1572945989710
11-05 11:26:29.741  6514  6549 D Evaluation: Frame 872 sent at 1572945989741
11-05 11:26:29.778  6514  6549 D Evaluation: Frame 873 sent at 1572945989777
11-05 11:26:29.816  6514  6549 D Evaluation: Frame 874 sent at 1572945989816
11-05 11:26:29.851  6514  6549 D Evaluation: Frame 875 sent at 1572945989851
11-05 11:26:29.886  6514  6549 D Evaluation: Frame 876 sent at 1572945989885
11-05 11:26:29.930  6514  6549 D Evaluation: Frame 877 sent at 1572945989930
11-05 11:26:29.932  6514  6514 D Poster  : At 1572945989932 location is 65.05768117792041 (latitude), and 25.469079231418146 (longitude)
11-05 11:26:29.964  6514  6549 D Evaluation: Frame 878 sent at 1572945989964
11-05 11:26:29.984  6514  6549 D Evaluation: Frame 879 sent at 1572945989984
11-05 11:26:30.010  6514  6549 D Evaluation: Frame 880 sent at 1572945990010
11-05 11:26:30.045  6514  6549 D Evaluation: Frame 881 sent at 1572945990045
11-05 11:26:30.086  6514  6549 D Evaluation: Frame 882 sent at 1572945990086
11-05 11:26:30.120  6514  6549 D Evaluation: Frame 883 sent at 1572945990120
11-05 11:26:30.152  6514  6549 D Evaluation: Frame 884 sent at 1572945990152
11-05 11:26:30.194  6514  6549 D Evaluation: Frame 885 sent at 1572945990194
