--------- beginning of main
11-06 14:35:44.075 23648 23648 W logcat  : type=1400 audit(0.0:17279): avc: granted { create } for name="logcat_1573043744062.txt" scontext=u:r:untrusted_app:s0:c149,c256,c512,c768 tcontext=u:object_r:sdcardfs:s0:c149,c256,c512,c768 tclass=file
11-06 14:35:44.075 23619 23619 I MultiDex: Installing application
11-06 14:35:44.075 23619 23619 I MultiDex: VM has multidex support, MultiDex support library is disabled.
--------- beginning of system
11-06 14:35:44.078 23619 23619 V ActivityThread: callActivityOnCreate
11-06 14:35:44.078 23619 23619 I Poster  :  onCreate() called.
11-06 14:35:44.081 23619 23619 I HwApsImpl: APS: new HwApsImpl created
11-06 14:35:44.087 23619 23619 V HwWidgetFactory: : successes to get AllImpl object and return....
11-06 14:35:44.094 23619 23619 D OpenGLRenderer: Skia GL Pipeline
11-06 14:35:44.117 23619 23619 D Poster  : Server bound to IP 193.166.28.132 and port 52727
11-06 14:35:44.119 23619 23659 D Evaluation: metadata 0 sent 
11-06 14:35:44.120 23619 23619 D ActivityThread: add activity client record, r= ActivityRecord{24fb417 token=android.os.BinderProxy@3a687be {symlab.cloudridar.arhud/symlab.ARHUD.MainActivity}} token= android.os.BinderProxy@3a687be
11-06 14:35:44.122 23619 23619 I Poster  :  onStart() called.
11-06 14:35:44.123 23619 23619 D ZrHung.AppEyeUiProbe: notify runnable to start.
11-06 14:35:44.124 23619 23619 I Poster  :  onResume() called.
11-06 14:35:44.128 23619 23619 I PermissionManager: camera remind result:true
11-06 14:35:44.128 23619 23619 I Camera  : open camera: 0, package name: symlab.cloudridar.arhud
11-06 14:35:44.128 23619 23619 I BackgroundPermManager: pkgName: symlab.cloudridar.arhud,pid: 23619 ,uidOf3RdApk: 10149 ,permType: 0 ,permCfg: 1
11-06 14:35:44.129 23619 23619 I HwCameraUtil: notifySurfaceFlingerCameraStatus : isFront = false , isOpend = true
11-06 14:35:44.140 23619 23619 D ActivityThread: isOptEnabled=false isWechatScanOpt=false
11-06 14:35:44.141 23619 23619 I HwSecImmHelper: mSecurityInputMethodService is null
11-06 14:35:44.147 23619 23619 D OpenGLRenderer:   HWUI Binary is  enabled
11-06 14:35:44.172 23619 23678 D HiTouch_PressGestureDetector: onAttached, package=symlab.cloudridar.arhud, windowType=1, mHiTouchRestricted=false
11-06 14:35:44.188 23619 23677 I ConfigStore: android::hardware::configstore::V1_0::ISurfaceFlingerConfigs::hasWideColorDisplay retrieved: 0
11-06 14:35:44.188 23619 23677 I ConfigStore: android::hardware::configstore::V1_0::ISurfaceFlingerConfigs::hasHDRDisplay retrieved: 0
11-06 14:35:44.189 23619 23677 I iGraphics: [0020080c] pn: symlab.cloudridar.arhud, p: 23619
11-06 14:35:44.189 23619 23677 I OpenGLRenderer: Initialized EGL, version 1.4, mEglDisplay 0x1
11-06 14:35:44.189 23619 23677 D OpenGLRenderer: Swap behavior 2
11-06 14:35:44.199 23619 23677 D mali_winsys: EGLint new_window_surface(egl_winsys_display *, void *, EGLSurface, EGLConfig, egl_winsys_surface **, EGLBoolean) returns 0x3000
11-06 14:35:44.202 23619 23619 I Poster  :  surfaceCreated() called.
11-06 14:35:44.202 23619 23619 I Poster  : initPreview() called
11-06 14:35:44.223 23619 23619 I PermissionManager: camera remind result:true
11-06 14:35:44.228 23619 23619 I Poster  :  surfaceChanged() called.
11-06 14:35:44.242 23619 23619 W InputMethodManager: startInputReason = 1
11-06 14:35:44.280 23619 23619 W InputMethodManager: startInputReason = 5
11-06 14:35:44.319 23619 23619 D Poster  : At 1573043744319 location is 65.05745118592412 (latitude), and 25.468186397998746 (longitude)
11-06 14:35:44.322 23619 23619 D Poster  : Connected to mobile network 20
11-06 14:35:44.481 23619 23659 D Evaluation: metadata 1 sent 
11-06 14:35:44.512 23619 23659 D Evaluation: metadata 2 sent 
11-06 14:35:44.548 23619 23659 D Evaluation: metadata 3 sent 
11-06 14:35:44.581 23619 23659 D Evaluation: metadata 4 sent 
11-06 14:35:44.615 23619 23659 D Evaluation: metadata 5 sent 
11-06 14:35:44.669 23619 23659 D Evaluation: Frame 6 sent at 1573043744669
11-06 14:35:44.696 23619 23659 D Evaluation: Frame 7 sent at 1573043744696
11-06 14:35:44.726 23619 23659 D Evaluation: Frame 8 sent at 1573043744726
11-06 14:35:44.759 23619 23659 D Evaluation: Frame 9 sent at 1573043744759
11-06 14:35:44.796 23619 23659 D Evaluation: Frame 10 sent at 1573043744796
11-06 14:35:44.832 23619 23659 D Evaluation: Frame 11 sent at 1573043744832
11-06 14:35:44.864 23619 23659 D Evaluation: Frame 12 sent at 1573043744864
11-06 14:35:44.865 23619 23659 D Evaluation: 0 res for frame 6 received at 1573043744865
11-06 14:35:44.896 23619 23659 D Evaluation: Frame 13 sent at 1573043744896
11-06 14:35:44.896 23619 23659 D Evaluation: 0 res for frame 7 received at 1573043744896
11-06 14:35:44.931 23619 23659 D Evaluation: Frame 14 sent at 1573043744931
11-06 14:35:44.963 23619 23659 D Evaluation: Frame 15 sent at 1573043744963
11-06 14:35:44.999 23619 23659 D Evaluation: Frame 16 sent at 1573043744999
11-06 14:35:45.030 23619 23659 D Evaluation: Frame 17 sent at 1573043745030
11-06 14:35:45.031 23619 23659 D Evaluation: 0 res for frame 8 received at 1573043745031
11-06 14:35:45.066 23619 23632 E         : [ZeroHung]zrhung_get_config: Get config failed for wp[0x0008]
11-06 14:35:45.067 23619 23659 D Evaluation: Frame 18 sent at 1573043745067
11-06 14:35:45.076 23619 23630 W System  : A resource failed to call close. 
11-06 14:35:45.076 23619 23630 I chatty  : uid=10149(symlab.cloudridar.arhud) FinalizerDaemon identical 4 lines
11-06 14:35:45.076 23619 23630 W System  : A resource failed to call close. 
11-06 14:35:45.078 23619 23619 D stylus  : init stylus touchlistener.
11-06 14:35:45.099 23619 23659 D Evaluation: Frame 19 sent at 1573043745099
11-06 14:35:45.133 23619 23659 D Evaluation: Frame 20 sent at 1573043745133
11-06 14:35:45.134 23619 23659 D Evaluation: 0 res for frame 9 received at 1573043745134
11-06 14:35:45.165 23619 23659 D Evaluation: Frame 21 sent at 1573043745165
11-06 14:35:45.200 23619 23659 D Evaluation: Frame 22 sent at 1573043745200
11-06 14:35:45.201 23619 23659 D Evaluation: 0 res for frame 10 received at 1573043745201
11-06 14:35:45.231 23619 23659 D Evaluation: Frame 23 sent at 1573043745231
11-06 14:35:45.270 23619 23659 D Evaluation: Frame 24 sent at 1573043745270
11-06 14:35:45.305 23619 23659 D Evaluation: Frame 25 sent at 1573043745305
11-06 14:35:45.315 23619 23619 D Poster  : At 1573043745315 location is 65.05745760933347 (latitude), and 25.46820156984491 (longitude)
11-06 14:35:45.316 23619 23619 D Poster  : Connected to mobile network 20
11-06 14:35:45.352 23619 23659 D Evaluation: Frame 26 sent at 1573043745352
11-06 14:35:45.353 23619 23659 D Evaluation: 0 res for frame 11 received at 1573043745353
11-06 14:35:45.366 23619 23659 D Evaluation: Frame 27 sent at 1573043745366
11-06 14:35:45.398 23619 23659 D Evaluation: Frame 28 sent at 1573043745398
11-06 14:35:45.443 23619 23659 D Evaluation: Frame 29 sent at 1573043745443
11-06 14:35:45.485 23619 23659 D Evaluation: Frame 30 sent at 1573043745485
11-06 14:35:45.487 23619 23659 D Evaluation: 0 res for frame 12 received at 1573043745487
11-06 14:35:45.511 23619 23659 D Evaluation: Frame 31 sent at 1573043745511
11-06 14:35:45.543 23619 23659 D Evaluation: Frame 32 sent at 1573043745542
11-06 14:35:45.584 23619 23659 D Evaluation: Frame 33 sent at 1573043745584
11-06 14:35:45.613 23619 23659 D Evaluation: Frame 34 sent at 1573043745613
11-06 14:35:45.656 23619 23659 D Evaluation: Frame 35 sent at 1573043745656
11-06 14:35:45.706 23619 23659 D Evaluation: Frame 36 sent at 1573043745706
11-06 14:35:45.731 23619 23659 W System.err: java.net.SocketException: Message too long
11-06 14:35:45.731 23619 23659 W System.err: 	at sun.nio.ch.DatagramChannelImpl.send0(Native Method)
11-06 14:35:45.731 23619 23659 W System.err: 	at sun.nio.ch.DatagramChannelImpl.sendFromNativeBuffer(DatagramChannelImpl.java:573)
11-06 14:35:45.732 23619 23659 W System.err: 	at sun.nio.ch.DatagramChannelImpl.send(DatagramChannelImpl.java:550)
11-06 14:35:45.732 23619 23659 W System.err: 	at sun.nio.ch.DatagramChannelImpl.send(DatagramChannelImpl.java:514)
11-06 14:35:45.732 23619 23659 W System.err: 	at symlab.CloudAR.network.TransmissionTask.run(TransmissionTask.java:124)
11-06 14:35:45.732 23619 23659 W System.err: 	at android.os.Handler.handleCallback(Handler.java:907)
11-06 14:35:45.732 23619 23659 W System.err: 	at android.os.Handler.dispatchMessage(Handler.java:105)
11-06 14:35:45.732 23619 23659 W System.err: 	at android.os.Looper.loop(Looper.java:216)
11-06 14:35:45.732 23619 23659 W System.err: 	at android.os.HandlerThread.run(HandlerThread.java:65)
11-06 14:35:45.757 23619 23659 W System.err: java.net.SocketException: Message too long
11-06 14:35:45.757 23619 23659 W System.err: 	at sun.nio.ch.DatagramChannelImpl.send0(Native Method)
11-06 14:35:45.757 23619 23659 W System.err: 	at sun.nio.ch.DatagramChannelImpl.sendFromNativeBuffer(DatagramChannelImpl.java:573)
11-06 14:35:45.757 23619 23659 W System.err: 	at sun.nio.ch.DatagramChannelImpl.send(DatagramChannelImpl.java:550)
11-06 14:35:45.757 23619 23659 W System.err: 	at sun.nio.ch.DatagramChannelImpl.send(DatagramChannelImpl.java:514)
11-06 14:35:45.758 23619 23659 W System.err: 	at symlab.CloudAR.network.TransmissionTask.run(TransmissionTask.java:124)
11-06 14:35:45.758 23619 23659 W System.err: 	at android.os.Handler.handleCallback(Handler.java:907)
11-06 14:35:45.758 23619 23659 W System.err: 	at android.os.Handler.dispatchMessage(Handler.java:105)
11-06 14:35:45.758 23619 23659 W System.err: 	at android.os.Looper.loop(Looper.java:216)
11-06 14:35:45.758 23619 23659 W System.err: 	at android.os.HandlerThread.run(HandlerThread.java:65)
11-06 14:35:45.796 23619 23659 W System.err: java.net.SocketException: Message too long
11-06 14:35:45.796 23619 23659 W System.err: 	at sun.nio.ch.DatagramChannelImpl.send0(Native Method)
11-06 14:35:45.797 23619 23659 W System.err: 	at sun.nio.ch.DatagramChannelImpl.sendFromNativeBuffer(DatagramChannelImpl.java:573)
11-06 14:35:45.797 23619 23659 W System.err: 	at sun.nio.ch.DatagramChannelImpl.send(DatagramChannelImpl.java:550)
11-06 14:35:45.797 23619 23659 W System.err: 	at sun.nio.ch.DatagramChannelImpl.send(DatagramChannelImpl.java:514)
11-06 14:35:45.797 23619 23659 W System.err: 	at symlab.CloudAR.network.TransmissionTask.run(TransmissionTask.java:124)
11-06 14:35:45.797 23619 23659 W System.err: 	at android.os.Handler.handleCallback(Handler.java:907)
11-06 14:35:45.797 23619 23659 W System.err: 	at android.os.Handler.dispatchMessage(Handler.java:105)
11-06 14:35:45.797 23619 23659 W System.err: 	at android.os.Looper.loop(Looper.java:216)
11-06 14:35:45.797 23619 23659 W System.err: 	at android.os.HandlerThread.run(HandlerThread.java:65)
11-06 14:35:45.798 23619 23659 D Evaluation: 0 res for frame 13 received at 1573043745798
11-06 14:35:45.829 23619 23659 W System.err: java.net.SocketException: Message too long
11-06 14:35:45.829 23619 23659 W System.err: 	at sun.nio.ch.DatagramChannelImpl.send0(Native Method)
11-06 14:35:45.829 23619 23659 W System.err: 	at sun.nio.ch.DatagramChannelImpl.sendFromNativeBuffer(DatagramChannelImpl.java:573)
11-06 14:35:45.829 23619 23659 W System.err: 	at sun.nio.ch.DatagramChannelImpl.send(DatagramChannelImpl.java:550)
11-06 14:35:45.829 23619 23659 W System.err: 	at sun.nio.ch.DatagramChannelImpl.send(DatagramChannelImpl.java:514)
11-06 14:35:45.829 23619 23659 W System.err: 	at symlab.CloudAR.network.TransmissionTask.run(TransmissionTask.java:124)
11-06 14:35:45.829 23619 23659 W System.err: 	at android.os.Handler.handleCallback(Handler.java:907)
11-06 14:35:45.829 23619 23659 W System.err: 	at android.os.Handler.dispatchMessage(Handler.java:105)
11-06 14:35:45.829 23619 23659 W System.err: 	at android.os.Looper.loop(Looper.java:216)
11-06 14:35:45.829 23619 23659 W System.err: 	at android.os.HandlerThread.run(HandlerThread.java:65)
11-06 14:35:45.862 23619 23659 D Evaluation: Frame 41 sent at 1573043745862
11-06 14:35:45.881 23619 23659 D Evaluation: Frame 42 sent at 1573043745881
11-06 14:35:45.922 23619 23659 D Evaluation: Frame 43 sent at 1573043745922
11-06 14:35:45.951 23619 23659 W System.err: java.net.SocketException: Message too long
11-06 14:35:45.951 23619 23659 W System.err: 	at sun.nio.ch.DatagramChannelImpl.send0(Native Method)
11-06 14:35:45.951 23619 23659 W System.err: 	at sun.nio.ch.DatagramChannelImpl.sendFromNativeBuffer(DatagramChannelImpl.java:573)
11-06 14:35:45.951 23619 23659 W System.err: 	at sun.nio.ch.DatagramChannelImpl.send(DatagramChannelImpl.java:550)
11-06 14:35:45.951 23619 23659 W System.err: 	at sun.nio.ch.DatagramChannelImpl.send(DatagramChannelImpl.java:514)
11-06 14:35:45.951 23619 23659 W System.err: 	at symlab.CloudAR.network.TransmissionTask.run(TransmissionTask.java:124)
11-06 14:35:45.951 23619 23659 W System.err: 	at android.os.Handler.handleCallback(Handler.java:907)
11-06 14:35:45.951 23619 23659 W System.err: 	at android.os.Handler.dispatchMessage(Handler.java:105)
11-06 14:35:45.951 23619 23659 W System.err: 	at android.os.Looper.loop(Looper.java:216)
11-06 14:35:45.952 23619 23659 W System.err: 	at android.os.HandlerThread.run(HandlerThread.java:65)
11-06 14:35:46.035 23619 23659 W System.err: java.net.SocketException: Message too long
11-06 14:35:46.035 23619 23659 W System.err: 	at sun.nio.ch.DatagramChannelImpl.send0(Native Method)
11-06 14:35:46.035 23619 23659 W System.err: 	at sun.nio.ch.DatagramChannelImpl.sendFromNativeBuffer(DatagramChannelImpl.java:573)
11-06 14:35:46.036 23619 23659 W System.err: 	at sun.nio.ch.DatagramChannelImpl.send(DatagramChannelImpl.java:550)
11-06 14:35:46.036 23619 23659 W System.err: 	at sun.nio.ch.DatagramChannelImpl.send(DatagramChannelImpl.java:514)
11-06 14:35:46.036 23619 23659 W System.err: 	at symlab.CloudAR.network.TransmissionTask.run(TransmissionTask.java:124)
11-06 14:35:46.036 23619 23659 W System.err: 	at android.os.Handler.handleCallback(Handler.java:907)
11-06 14:35:46.036 23619 23659 W System.err: 	at android.os.Handler.dispatchMessage(Handler.java:105)
11-06 14:35:46.036 23619 23659 W System.err: 	at android.os.Looper.loop(Looper.java:216)
11-06 14:35:46.036 23619 23659 W System.err: 	at android.os.HandlerThread.run(HandlerThread.java:65)
11-06 14:35:46.067 23619 23659 W System.err: java.net.SocketException: Message too long
11-06 14:35:46.067 23619 23659 W System.err: 	at sun.nio.ch.DatagramChannelImpl.send0(Native Method)
11-06 14:35:46.067 23619 23659 W System.err: 	at sun.nio.ch.DatagramChannelImpl.sendFromNativeBuffer(DatagramChannelImpl.java:573)
11-06 14:35:46.067 23619 23659 W System.err: 	at sun.nio.ch.DatagramChannelImpl.send(DatagramChannelImpl.java:550)
11-06 14:35:46.067 23619 23659 W System.err: 	at sun.nio.ch.DatagramChannelImpl.send(DatagramChannelImpl.java:514)
11-06 14:35:46.067 23619 23659 W System.err: 	at symlab.CloudAR.network.TransmissionTask.run(TransmissionTask.java:124)
11-06 14:35:46.067 23619 23659 W System.err: 	at android.os.Handler.handleCallback(Handler.java:907)
11-06 14:35:46.067 23619 23659 W System.err: 	at android.os.Handler.dispatchMessage(Handler.java:105)
11-06 14:35:46.067 23619 23659 W System.err: 	at android.os.Looper.loop(Looper.java:216)
11-06 14:35:46.067 23619 23659 W System.err: 	at android.os.HandlerThread.run(HandlerThread.java:65)
11-06 14:35:46.101 23619 23659 D Evaluation: Frame 47 sent at 1573043746101
11-06 14:35:46.128 23619 23632 E         : [ZeroHung]zrhung_get_config: Get config failed for wp[0x0008]
11-06 14:35:46.129 23619 23659 W System.err: java.net.SocketException: Message too long
11-06 14:35:46.129 23619 23659 W System.err: 	at sun.nio.ch.DatagramChannelImpl.send0(Native Method)
11-06 14:35:46.129 23619 23659 W System.err: 	at sun.nio.ch.DatagramChannelImpl.sendFromNativeBuffer(DatagramChannelImpl.java:573)
11-06 14:35:46.129 23619 23659 W System.err: 	at sun.nio.ch.DatagramChannelImpl.send(DatagramChannelImpl.java:550)
11-06 14:35:46.129 23619 23659 W System.err: 	at sun.nio.ch.DatagramChannelImpl.send(DatagramChannelImpl.java:514)
11-06 14:35:46.130 23619 23659 W System.err: 	at symlab.CloudAR.network.TransmissionTask.run(TransmissionTask.java:124)
11-06 14:35:46.130 23619 23659 W System.err: 	at android.os.Handler.handleCallback(Handler.java:907)
11-06 14:35:46.130 23619 23659 W System.err: 	at android.os.Handler.dispatchMessage(Handler.java:105)
11-06 14:35:46.130 23619 23659 W System.err: 	at android.os.Looper.loop(Looper.java:216)
11-06 14:35:46.130 23619 23659 W System.err: 	at android.os.HandlerThread.run(HandlerThread.java:65)
11-06 14:35:46.131 23619 23659 D Evaluation: 0 res for frame 14 received at 1573043746131
11-06 14:35:46.145 23619 23630 W System  : A resource failed to call close. 
11-06 14:35:46.146 23619 23630 I chatty  : uid=10149(symlab.cloudridar.arhud) FinalizerDaemon identical 8 lines
11-06 14:35:46.146 23619 23630 W System  : A resource failed to call close. 
11-06 14:35:46.164 23619 23659 W System.err: java.net.SocketException: Message too long
11-06 14:35:46.164 23619 23659 W System.err: 	at sun.nio.ch.DatagramChannelImpl.send0(Native Method)
11-06 14:35:46.164 23619 23659 W System.err: 	at sun.nio.ch.DatagramChannelImpl.sendFromNativeBuffer(DatagramChannelImpl.java:573)
11-06 14:35:46.164 23619 23659 W System.err: 	at sun.nio.ch.DatagramChannelImpl.send(DatagramChannelImpl.java:550)
11-06 14:35:46.164 23619 23659 W System.err: 	at sun.nio.ch.DatagramChannelImpl.send(DatagramChannelImpl.java:514)
11-06 14:35:46.164 23619 23659 W System.err: 	at symlab.CloudAR.network.TransmissionTask.run(TransmissionTask.java:124)
11-06 14:35:46.164 23619 23659 W System.err: 	at android.os.Handler.handleCallback(Handler.java:907)
11-06 14:35:46.164 23619 23659 W System.err: 	at android.os.Handler.dispatchMessage(Handler.java:105)
11-06 14:35:46.164 23619 23659 W System.err: 	at android.os.Looper.loop(Looper.java:216)
11-06 14:35:46.164 23619 23659 W System.err: 	at android.os.HandlerThread.run(HandlerThread.java:65)
11-06 14:35:46.189 23619 23659 W System.err: java.net.SocketException: Message too long
11-06 14:35:46.189 23619 23659 W System.err: 	at sun.nio.ch.DatagramChannelImpl.send0(Native Method)
11-06 14:35:46.189 23619 23659 W System.err: 	at sun.nio.ch.DatagramChannelImpl.sendFromNativeBuffer(DatagramChannelImpl.java:573)
11-06 14:35:46.189 23619 23659 W System.err: 	at sun.nio.ch.DatagramChannelImpl.send(DatagramChannelImpl.java:550)
11-06 14:35:46.189 23619 23659 W System.err: 	at sun.nio.ch.DatagramChannelImpl.send(DatagramChannelImpl.java:514)
11-06 14:35:46.189 23619 23659 W System.err: 	at symlab.CloudAR.network.TransmissionTask.run(TransmissionTask.java:124)
11-06 14:35:46.189 23619 23659 W System.err: 	at android.os.Handler.handleCallback(Handler.java:907)
11-06 14:35:46.189 23619 23659 W System.err: 	at android.os.Handler.dispatchMessage(Handler.java:105)
11-06 14:35:46.189 23619 23659 W System.err: 	at android.os.Looper.loop(Looper.java:216)
11-06 14:35:46.189 23619 23659 W System.err: 	at android.os.HandlerThread.run(HandlerThread.java:65)
11-06 14:35:46.218 23619 23659 W System.err: java.net.SocketException: Message too long
11-06 14:35:46.218 23619 23659 W System.err: 	at sun.nio.ch.DatagramChannelImpl.send0(Native Method)
11-06 14:35:46.218 23619 23659 W System.err: 	at sun.nio.ch.DatagramChannelImpl.sendFromNativeBuffer(DatagramChannelImpl.java:573)
11-06 14:35:46.218 23619 23659 W System.err: 	at sun.nio.ch.DatagramChannelImpl.send(DatagramChannelImpl.java:550)
11-06 14:35:46.218 23619 23659 W System.err: 	at sun.nio.ch.DatagramChannelImpl.send(DatagramChannelImpl.java:514)
11-06 14:35:46.218 23619 23659 W System.err: 	at symlab.CloudAR.network.TransmissionTask.run(TransmissionTask.java:124)
11-06 14:35:46.219 23619 23659 W System.err: 	at android.os.Handler.handleCallback(Handler.java:907)
11-06 14:35:46.219 23619 23659 W System.err: 	at android.os.Handler.dispatchMessage(Handler.java:105)
11-06 14:35:46.219 23619 23659 W System.err: 	at android.os.Looper.loop(Looper.java:216)
11-06 14:35:46.219 23619 23659 W System.err: 	at android.os.HandlerThread.run(HandlerThread.java:65)
11-06 14:35:46.250 23619 23659 W System.err: java.net.SocketException: Message too long
11-06 14:35:46.250 23619 23659 W System.err: 	at sun.nio.ch.DatagramChannelImpl.send0(Native Method)
11-06 14:35:46.250 23619 23659 W System.err: 	at sun.nio.ch.DatagramChannelImpl.sendFromNativeBuffer(DatagramChannelImpl.java:573)
11-06 14:35:46.250 23619 23659 W System.err: 	at sun.nio.ch.DatagramChannelImpl.send(DatagramChannelImpl.java:550)
11-06 14:35:46.250 23619 23659 W System.err: 	at sun.nio.ch.DatagramChannelImpl.send(DatagramChannelImpl.java:514)
11-06 14:35:46.250 23619 23659 W System.err: 	at symlab.CloudAR.network.TransmissionTask.run(TransmissionTask.java:124)
11-06 14:35:46.250 23619 23659 W System.err: 	at android.os.Handler.handleCallback(Handler.java:907)
11-06 14:35:46.250 23619 23659 W System.err: 	at android.os.Handler.dispatchMessage(Handler.java:105)
11-06 14:35:46.250 23619 23659 W System.err: 	at android.os.Looper.loop(Looper.java:216)
11-06 14:35:46.250 23619 23659 W System.err: 	at android.os.HandlerThread.run(HandlerThread.java:65)
11-06 14:35:46.290 23619 23659 W System.err: java.net.SocketException: Message too long
11-06 14:35:46.290 23619 23659 W System.err: 	at sun.nio.ch.DatagramChannelImpl.send0(Native Method)
11-06 14:35:46.290 23619 23659 W System.err: 	at sun.nio.ch.DatagramChannelImpl.sendFromNativeBuffer(DatagramChannelImpl.java:573)
11-06 14:35:46.290 23619 23659 W System.err: 	at sun.nio.ch.DatagramChannelImpl.send(DatagramChannelImpl.java:550)
11-06 14:35:46.290 23619 23659 W System.err: 	at sun.nio.ch.DatagramChannelImpl.send(DatagramChannelImpl.java:514)
11-06 14:35:46.290 23619 23659 W System.err: 	at symlab.CloudAR.network.TransmissionTask.run(TransmissionTask.java:124)
11-06 14:35:46.290 23619 23659 W System.err: 	at android.os.Handler.handleCallback(Handler.java:907)
11-06 14:35:46.290 23619 23659 W System.err: 	at android.os.Handler.dispatchMessage(Handler.java:105)
11-06 14:35:46.290 23619 23659 W System.err: 	at android.os.Looper.loop(Looper.java:216)
11-06 14:35:46.290 23619 23659 W System.err: 	at android.os.HandlerThread.run(HandlerThread.java:65)
11-06 14:35:46.325 23619 23659 W System.err: java.net.SocketException: Message too long
11-06 14:35:46.325 23619 23659 W System.err: 	at sun.nio.ch.DatagramChannelImpl.send0(Native Method)
11-06 14:35:46.325 23619 23659 W System.err: 	at sun.nio.ch.DatagramChannelImpl.sendFromNativeBuffer(DatagramChannelImpl.java:573)
11-06 14:35:46.325 23619 23659 W System.err: 	at sun.nio.ch.DatagramChannelImpl.send(DatagramChannelImpl.java:550)
11-06 14:35:46.326 23619 23659 W System.err: 	at sun.nio.ch.DatagramChannelImpl.send(DatagramChannelImpl.java:514)
11-06 14:35:46.326 23619 23659 W System.err: 	at symlab.CloudAR.network.TransmissionTask.run(TransmissionTask.java:124)
11-06 14:35:46.326 23619 23659 W System.err: 	at android.os.Handler.handleCallback(Handler.java:907)
11-06 14:35:46.326 23619 23659 W System.err: 	at android.os.Handler.dispatchMessage(Handler.java:105)
11-06 14:35:46.326 23619 23659 W System.err: 	at android.os.Looper.loop(Looper.java:216)
11-06 14:35:46.326 23619 23659 W System.err: 	at android.os.HandlerThread.run(HandlerThread.java:65)
11-06 14:35:46.331 23619 23619 D Poster  : At 1573043746331 location is 65.05745760933347 (latitude), and 25.46820156984491 (longitude)
11-06 14:35:46.336 23619 23619 D Poster  : Connected to mobile network 20
11-06 14:35:46.368 23619 23659 W System.err: java.net.SocketException: Message too long
11-06 14:35:46.368 23619 23659 W System.err: 	at sun.nio.ch.DatagramChannelImpl.send0(Native Method)
11-06 14:35:46.368 23619 23659 W System.err: 	at sun.nio.ch.DatagramChannelImpl.sendFromNativeBuffer(DatagramChannelImpl.java:573)
11-06 14:35:46.368 23619 23659 W System.err: 	at sun.nio.ch.DatagramChannelImpl.send(DatagramChannelImpl.java:550)
11-06 14:35:46.368 23619 23659 W System.err: 	at sun.nio.ch.DatagramChannelImpl.send(DatagramChannelImpl.java:514)
11-06 14:35:46.368 23619 23659 W System.err: 	at symlab.CloudAR.network.TransmissionTask.run(TransmissionTask.java:124)
11-06 14:35:46.368 23619 23659 W System.err: 	at android.os.Handler.handleCallback(Handler.java:907)
11-06 14:35:46.368 23619 23659 W System.err: 	at android.os.Handler.dispatchMessage(Handler.java:105)
11-06 14:35:46.368 23619 23659 W System.err: 	at android.os.Looper.loop(Looper.java:216)
11-06 14:35:46.368 23619 23659 W System.err: 	at android.os.HandlerThread.run(HandlerThread.java:65)
11-06 14:35:46.369 23619 23659 D Evaluation: 0 res for frame 15 received at 1573043746369
11-06 14:35:46.389 23619 23659 W System.err: java.net.SocketException: Message too long
11-06 14:35:46.390 23619 23659 W System.err: 	at sun.nio.ch.DatagramChannelImpl.send0(Native Method)
11-06 14:35:46.390 23619 23659 W System.err: 	at sun.nio.ch.DatagramChannelImpl.sendFromNativeBuffer(DatagramChannelImpl.java:573)
11-06 14:35:46.390 23619 23659 W System.err: 	at sun.nio.ch.DatagramChannelImpl.send(DatagramChannelImpl.java:550)
11-06 14:35:46.390 23619 23659 W System.err: 	at sun.nio.ch.DatagramChannelImpl.send(DatagramChannelImpl.java:514)
11-06 14:35:46.390 23619 23659 W System.err: 	at symlab.CloudAR.network.TransmissionTask.run(TransmissionTask.java:124)
11-06 14:35:46.390 23619 23659 W System.err: 	at android.os.Handler.handleCallback(Handler.java:907)
11-06 14:35:46.390 23619 23659 W System.err: 	at android.os.Handler.dispatchMessage(Handler.java:105)
11-06 14:35:46.390 23619 23659 W System.err: 	at android.os.Looper.loop(Looper.java:216)
11-06 14:35:46.390 23619 23659 W System.err: 	at android.os.HandlerThread.run(HandlerThread.java:65)
11-06 14:35:46.421 23619 23659 W System.err: java.net.SocketException: Message too long
11-06 14:35:46.421 23619 23659 W System.err: 	at sun.nio.ch.DatagramChannelImpl.send0(Native Method)
11-06 14:35:46.421 23619 23659 W System.err: 	at sun.nio.ch.DatagramChannelImpl.sendFromNativeBuffer(DatagramChannelImpl.java:573)
11-06 14:35:46.421 23619 23659 W System.err: 	at sun.nio.ch.DatagramChannelImpl.send(DatagramChannelImpl.java:550)
11-06 14:35:46.421 23619 23659 W System.err: 	at sun.nio.ch.DatagramChannelImpl.send(DatagramChannelImpl.java:514)
11-06 14:35:46.421 23619 23659 W System.err: 	at symlab.CloudAR.network.TransmissionTask.run(TransmissionTask.java:124)
11-06 14:35:46.421 23619 23659 W System.err: 	at android.os.Handler.handleCallback(Handler.java:907)
11-06 14:35:46.421 23619 23659 W System.err: 	at android.os.Handler.dispatchMessage(Handler.java:105)
11-06 14:35:46.421 23619 23659 W System.err: 	at android.os.Looper.loop(Looper.java:216)
11-06 14:35:46.421 23619 23659 W System.err: 	at android.os.HandlerThread.run(HandlerThread.java:65)
11-06 14:35:46.447 23619 23659 W System.err: java.net.SocketException: Message too long
11-06 14:35:46.447 23619 23659 W System.err: 	at sun.nio.ch.DatagramChannelImpl.send0(Native Method)
11-06 14:35:46.447 23619 23659 W System.err: 	at sun.nio.ch.DatagramChannelImpl.sendFromNativeBuffer(DatagramChannelImpl.java:573)
11-06 14:35:46.447 23619 23659 W System.err: 	at sun.nio.ch.DatagramChannelImpl.send(DatagramChannelImpl.java:550)
11-06 14:35:46.447 23619 23659 W System.err: 	at sun.nio.ch.DatagramChannelImpl.send(DatagramChannelImpl.java:514)
11-06 14:35:46.447 23619 23659 W System.err: 	at symlab.CloudAR.network.TransmissionTask.run(TransmissionTask.java:124)
11-06 14:35:46.447 23619 23659 W System.err: 	at android.os.Handler.handleCallback(Handler.java:907)
11-06 14:35:46.447 23619 23659 W System.err: 	at android.os.Handler.dispatchMessage(Handler.java:105)
11-06 14:35:46.447 23619 23659 W System.err: 	at android.os.Looper.loop(Looper.java:216)
11-06 14:35:46.447 23619 23659 W System.err: 	at android.os.HandlerThread.run(HandlerThread.java:65)
11-06 14:35:46.491 23619 23659 D Evaluation: Frame 59 sent at 1573043746491
11-06 14:35:46.523 23619 23659 D Evaluation: Frame 60 sent at 1573043746523
11-06 14:35:46.601 23619 23659 D Evaluation: Frame 61 sent at 1573043746601
11-06 14:35:46.636 23619 23659 D Evaluation: Frame 62 sent at 1573043746636
11-06 14:35:46.662 23619 23659 W System.err: java.net.SocketException: Message too long
11-06 14:35:46.662 23619 23659 W System.err: 	at sun.nio.ch.DatagramChannelImpl.send0(Native Method)
11-06 14:35:46.662 23619 23659 W System.err: 	at sun.nio.ch.DatagramChannelImpl.sendFromNativeBuffer(DatagramChannelImpl.java:573)
11-06 14:35:46.662 23619 23659 W System.err: 	at sun.nio.ch.DatagramChannelImpl.send(DatagramChannelImpl.java:550)
11-06 14:35:46.662 23619 23659 W System.err: 	at sun.nio.ch.DatagramChannelImpl.send(DatagramChannelImpl.java:514)
11-06 14:35:46.662 23619 23659 W System.err: 	at symlab.CloudAR.network.TransmissionTask.run(TransmissionTask.java:124)
11-06 14:35:46.662 23619 23659 W System.err: 	at android.os.Handler.handleCallback(Handler.java:907)
11-06 14:35:46.662 23619 23659 W System.err: 	at android.os.Handler.dispatchMessage(Handler.java:105)
11-06 14:35:46.662 23619 23659 W System.err: 	at android.os.Looper.loop(Looper.java:216)
11-06 14:35:46.662 23619 23659 W System.err: 	at android.os.HandlerThread.run(HandlerThread.java:65)
11-06 14:35:46.688 23619 23659 D Evaluation: Frame 64 sent at 1573043746688
11-06 14:35:46.726 23619 23659 D Evaluation: Frame 65 sent at 1573043746726
11-06 14:35:46.727 23619 23659 D Evaluation: 0 res for frame 16 received at 1573043746727
11-06 14:35:46.763 23619 23659 D Evaluation: Frame 66 sent at 1573043746763
11-06 14:35:46.795 23619 23659 D Evaluation: Frame 67 sent at 1573043746795
11-06 14:35:46.830 23619 23659 D Evaluation: Frame 68 sent at 1573043746830
11-06 14:35:46.867 23619 23659 D Evaluation: Frame 69 sent at 1573043746867
11-06 14:35:46.895 23619 23659 D Evaluation: Frame 70 sent at 1573043746895
11-06 14:35:46.932 23619 23659 D Evaluation: Frame 71 sent at 1573043746932
11-06 14:35:46.961 23619 23659 D Evaluation: Frame 72 sent at 1573043746961
11-06 14:35:46.996 23619 23659 D Evaluation: Frame 73 sent at 1573043746996
11-06 14:35:47.025 23619 23659 D Evaluation: Frame 74 sent at 1573043747025
11-06 14:35:47.027 23619 23659 D Evaluation: 0 res for frame 17 received at 1573043747027
11-06 14:35:47.064 23619 23659 D Evaluation: Frame 75 sent at 1573043747063
11-06 14:35:47.106 23619 23659 D Evaluation: Frame 76 sent at 1573043747106
11-06 14:35:47.136 23619 23659 D Evaluation: Frame 77 sent at 1573043747136
11-06 14:35:47.174 23619 23659 D Evaluation: Frame 78 sent at 1573043747174
11-06 14:35:47.210 23619 23659 D Evaluation: Frame 79 sent at 1573043747210
11-06 14:35:47.233 23619 23659 D Evaluation: Frame 80 sent at 1573043747233
11-06 14:35:47.266 23619 23659 D Evaluation: Frame 81 sent at 1573043747266
11-06 14:35:47.303 23619 23659 D Evaluation: Frame 82 sent at 1573043747303
11-06 14:35:47.323 23619 23619 D Poster  : At 1573043747323 location is 65.05745828845731 (latitude), and 25.468199442490082 (longitude)
11-06 14:35:47.326 23619 23619 D Poster  : Connected to mobile network 20
11-06 14:35:47.337 23619 23632 E         : [ZeroHung]zrhung_get_config: Get config failed for wp[0x0008]
11-06 14:35:47.339 23619 23659 D Evaluation: Frame 83 sent at 1573043747339
11-06 14:35:47.359 23619 23630 W System  : A resource failed to call close. 
11-06 14:35:47.360 23619 23630 I chatty  : uid=10149(symlab.cloudridar.arhud) FinalizerDaemon identical 6 lines
11-06 14:35:47.360 23619 23630 W System  : A resource failed to call close. 
11-06 14:35:47.370 23619 23659 D Evaluation: Frame 84 sent at 1573043747370
11-06 14:35:47.404 23619 23659 D Evaluation: Frame 85 sent at 1573043747404
11-06 14:35:47.440 23619 23659 D Evaluation: Frame 86 sent at 1573043747440
11-06 14:35:47.470 23619 23659 D Evaluation: Frame 87 sent at 1573043747470
11-06 14:35:47.471 23619 23659 D Evaluation: 0 res for frame 18 received at 1573043747471
11-06 14:35:47.500 23619 23659 D Evaluation: Frame 88 sent at 1573043747500
11-06 14:35:47.526 23619 23659 D Evaluation: Frame 89 sent at 1573043747526
11-06 14:35:47.564 23619 23659 D Evaluation: Frame 90 sent at 1573043747564
11-06 14:35:47.607 23619 23659 D Evaluation: Frame 91 sent at 1573043747607
11-06 14:35:47.643 23619 23659 D Evaluation: Frame 92 sent at 1573043747643
11-06 14:35:47.673 23619 23659 D Evaluation: Frame 93 sent at 1573043747673
11-06 14:35:47.698 23619 23659 D Evaluation: Frame 94 sent at 1573043747698
11-06 14:35:47.783 23619 23659 D Evaluation: Frame 95 sent at 1573043747783
11-06 14:35:47.784 23619 23659 D Evaluation: 0 res for frame 19 received at 1573043747784
11-06 14:35:47.815 23619 23659 D Evaluation: Frame 96 sent at 1573043747815
11-06 14:35:47.851 23619 23659 D Evaluation: Frame 97 sent at 1573043747851
11-06 14:35:47.872 23619 23659 D Evaluation: Frame 98 sent at 1573043747872
11-06 14:35:47.874 23619 23659 D Evaluation: 0 res for frame 20 received at 1573043747874
11-06 14:35:47.902 23619 23659 D Evaluation: Frame 99 sent at 1573043747902
11-06 14:35:47.951 23619 23659 D Evaluation: Frame 100 sent at 1573043747951
11-06 14:35:47.980 23619 23659 D Evaluation: Frame 101 sent at 1573043747980
11-06 14:35:48.004 23619 23659 D Evaluation: Frame 102 sent at 1573043748004
11-06 14:35:48.005 23619 23659 D Evaluation: 0 res for frame 21 received at 1573043748005
11-06 14:35:48.049 23619 23659 D Evaluation: Frame 103 sent at 1573043748049
11-06 14:35:48.087 23619 23659 D Evaluation: Frame 104 sent at 1573043748087
11-06 14:35:48.129 23619 23659 D Evaluation: Frame 106 sent at 1573043748129
11-06 14:35:48.131 23619 23659 D Evaluation: 0 res for frame 22 received at 1573043748131
11-06 14:35:48.152 23619 23659 D Evaluation: Frame 106 sent at 1573043748152
11-06 14:35:48.187 23619 23659 D Evaluation: Frame 107 sent at 1573043748187
11-06 14:35:48.188 23619 23659 D Evaluation: 0 res for frame 23 received at 1573043748188
11-06 14:35:48.215 23619 23659 D Evaluation: Frame 108 sent at 1573043748215
11-06 14:35:48.243 23619 23659 D Evaluation: Frame 109 sent at 1573043748243
11-06 14:35:48.270 23619 23659 D Evaluation: Frame 110 sent at 1573043748270
11-06 14:35:48.312 23619 23659 D Evaluation: Frame 111 sent at 1573043748311
11-06 14:35:48.337 23619 23619 D Poster  : At 1573043748337 location is 65.05745804372722 (latitude), and 25.46819600736732 (longitude)
11-06 14:35:48.340 23619 23619 D Poster  : Connected to mobile network 20
11-06 14:35:48.347 23619 23659 D Evaluation: Frame 112 sent at 1573043748347
11-06 14:35:48.376 23619 23659 D Evaluation: Frame 113 sent at 1573043748376
11-06 14:35:48.405 23619 23659 D Evaluation: Frame 114 sent at 1573043748405
11-06 14:35:48.443 23619 23659 D Evaluation: Frame 115 sent at 1573043748443
11-06 14:35:48.473 23619 23659 D Evaluation: Frame 116 sent at 1573043748473
11-06 14:35:48.510 23619 23659 D Evaluation: Frame 117 sent at 1573043748510
11-06 14:35:48.545 23619 23659 D Evaluation: Frame 118 sent at 1573043748545
11-06 14:35:48.582 23619 23659 D Evaluation: Frame 119 sent at 1573043748582
11-06 14:35:48.613 23619 23659 D Evaluation: Frame 120 sent at 1573043748613
11-06 14:35:48.615 23619 23659 D Evaluation: 0 res for frame 24 received at 1573043748615
11-06 14:35:48.646 23619 23659 D Evaluation: Frame 121 sent at 1573043748646
11-06 14:35:48.682 23619 23659 D Evaluation: Frame 122 sent at 1573043748682
11-06 14:35:48.717 23619 23659 D Evaluation: Frame 123 sent at 1573043748717
11-06 14:35:48.755 23619 23659 D Evaluation: Frame 124 sent at 1573043748755
11-06 14:35:48.791 23619 23659 D Evaluation: Frame 125 sent at 1573043748791
11-06 14:35:48.821 23619 23659 D Evaluation: Frame 126 sent at 1573043748821
11-06 14:35:48.870 23619 23659 D Evaluation: Frame 128 sent at 1573043748870
11-06 14:35:48.872 23619 23659 D Evaluation: 0 res for frame 25 received at 1573043748871
11-06 14:35:48.891 23619 23659 D Evaluation: Frame 128 sent at 1573043748891
11-06 14:35:48.909 23619 23659 D Evaluation: Frame 129 sent at 1573043748909
11-06 14:35:48.952 23619 23659 D Evaluation: Frame 130 sent at 1573043748952
11-06 14:35:48.984 23619 23659 D Evaluation: Frame 131 sent at 1573043748984
11-06 14:35:49.011 23619 23659 D Evaluation: Frame 132 sent at 1573043749011
11-06 14:35:49.048 23619 23659 D Evaluation: Frame 133 sent at 1573043749048
11-06 14:35:49.062 23619 23619 I AwareBitmapCacher: init lrucache size: 2097152 pid=23619
11-06 14:35:49.090 23619 23659 D Evaluation: Frame 134 sent at 1573043749090
11-06 14:35:49.120 23619 23659 D Evaluation: Frame 135 sent at 1573043749120
11-06 14:35:49.145 23619 23659 D Evaluation: Frame 136 sent at 1573043749145
11-06 14:35:49.184 23619 23659 D Evaluation: Frame 137 sent at 1573043749184
11-06 14:35:49.225 23619 23659 D Evaluation: Frame 138 sent at 1573043749225
11-06 14:35:49.226 23619 23659 D Evaluation: 0 res for frame 26 received at 1573043749226
11-06 14:35:49.248 23619 23659 D Evaluation: Frame 139 sent at 1573043749248
11-06 14:35:49.282 23619 23659 D Evaluation: Frame 140 sent at 1573043749282
11-06 14:35:49.322 23619 23659 D Evaluation: Frame 141 sent at 1573043749322
11-06 14:35:49.325 23619 23619 D Poster  : At 1573043749325 location is 65.05746023244173 (latitude), and 25.468202129224288 (longitude)
11-06 14:35:49.327 23619 23619 D Poster  : Connected to mobile network 20
11-06 14:35:49.364 23619 23659 D Evaluation: Frame 142 sent at 1573043749364
11-06 14:35:49.382 23619 23659 D Evaluation: Frame 143 sent at 1573043749382
11-06 14:35:49.407 23619 23659 D Evaluation: Frame 144 sent at 1573043749407
11-06 14:35:49.447 23619 23659 D Evaluation: Frame 145 sent at 1573043749447
11-06 14:35:49.489 23619 23659 D Evaluation: Frame 146 sent at 1573043749489
11-06 14:35:49.520 23619 23659 D Evaluation: Frame 147 sent at 1573043749520
11-06 14:35:49.521 23619 23659 D Evaluation: 0 res for frame 27 received at 1573043749521
11-06 14:35:49.551 23619 23659 D Evaluation: Frame 148 sent at 1573043749551
11-06 14:35:49.579 23619 23659 D Evaluation: Frame 149 sent at 1573043749579
11-06 14:35:49.631 23619 23659 D Evaluation: Frame 151 sent at 1573043749631
11-06 14:35:49.633 23619 23659 D Evaluation: 0 res for frame 28 received at 1573043749633
11-06 14:35:49.655 23619 23659 D Evaluation: Frame 151 sent at 1573043749655
11-06 14:35:49.702 23619 23659 D Evaluation: Frame 152 sent at 1573043749702
11-06 14:35:49.726 23619 23659 D Evaluation: Frame 153 sent at 1573043749726
11-06 14:35:49.770 23619 23659 D Evaluation: Frame 154 sent at 1573043749770
11-06 14:35:49.793 23619 23659 D Evaluation: Frame 155 sent at 1573043749793
11-06 14:35:49.795 23619 23659 D Evaluation: 0 res for frame 29 received at 1573043749795
11-06 14:35:49.834 23619 23659 D Evaluation: Frame 156 sent at 1573043749834
11-06 14:35:49.860 23619 23659 D Evaluation: Frame 157 sent at 1573043749860
11-06 14:35:49.933 23619 23659 D Evaluation: Frame 158 sent at 1573043749932
11-06 14:35:49.934 23619 23659 D Evaluation: 0 res for frame 30 received at 1573043749934
11-06 14:35:49.956 23619 23659 D Evaluation: Frame 159 sent at 1573043749956
11-06 14:35:49.982 23619 23659 D Evaluation: Frame 160 sent at 1573043749982
11-06 14:35:49.984 23619 23659 D Evaluation: 0 res for frame 31 received at 1573043749984
11-06 14:35:50.017 23619 23659 D Evaluation: Frame 161 sent at 1573043750017
11-06 14:35:50.047 23619 23659 D Evaluation: Frame 162 sent at 1573043750047
11-06 14:35:50.049 23619 23659 D Evaluation: 0 res for frame 32 received at 1573043750049
11-06 14:35:50.109 23619 23659 D Evaluation: Frame 164 sent at 1573043750109
11-06 14:35:50.130 23619 23659 D Evaluation: Frame 164 sent at 1573043750130
11-06 14:35:50.132 23619 23659 D Evaluation: 0 res for frame 33 received at 1573043750132
11-06 14:35:50.151 23619 23632 E         : [ZeroHung]zrhung_get_config: Get config failed for wp[0x0008]
11-06 14:35:50.151 23619 23659 D Evaluation: Frame 165 sent at 1573043750151
11-06 14:35:50.177 23619 23659 D Evaluation: Frame 166 sent at 1573043750177
11-06 14:35:50.182 23619 23630 W System  : A resource failed to call close. 
11-06 14:35:50.185 23619 23630 I chatty  : uid=10149(symlab.cloudridar.arhud) FinalizerDaemon identical 14 lines
11-06 14:35:50.185 23619 23630 W System  : A resource failed to call close. 
11-06 14:35:50.186 23619 23630 W System  : A resource failed to call close. 
11-06 14:35:50.187 23619 23630 I chatty  : uid=10149(symlab.cloudridar.arhud) FinalizerDaemon identical 7 lines
11-06 14:35:50.187 23619 23630 W System  : A resource failed to call close. 
11-06 14:35:50.187 23619 23630 W System  : A resource failed to call close. 
11-06 14:35:50.187 23619 23630 W System  : A resource failed to call close. 
11-06 14:35:50.188 23619 23630 I chatty  : uid=10149(symlab.cloudridar.arhud) FinalizerDaemon identical 4 lines
11-06 14:35:50.189 23619 23630 W System  : A resource failed to call close. 
11-06 14:35:50.261 23619 23659 D Evaluation: Frame 167 sent at 1573043750261
11-06 14:35:50.304 23619 23659 D Evaluation: Frame 168 sent at 1573043750304
11-06 14:35:50.306 23619 23659 D Evaluation: 0 res for frame 34 received at 1573043750306
11-06 14:35:50.332 23619 23659 D Evaluation: Frame 169 sent at 1573043750332
11-06 14:35:50.339 23619 23619 D Poster  : At 1573043750339 location is 65.05746420124181 (latitude), and 25.46819833038458 (longitude)
11-06 14:35:50.341 23619 23619 D Poster  : Connected to mobile network 20
11-06 14:35:50.389 23619 23659 D Evaluation: Frame 170 sent at 1573043750389
11-06 14:35:50.391 23619 23659 D Evaluation: 0 res for frame 35 received at 1573043750390
11-06 14:35:50.437 23619 23659 D Evaluation: Frame 171 sent at 1573043750437
11-06 14:35:50.469 23619 23659 D Evaluation: Frame 172 sent at 1573043750469
11-06 14:35:50.471 23619 23659 D Evaluation: 0 res for frame 36 received at 1573043750471
11-06 14:35:50.510 23619 23659 D Evaluation: Frame 173 sent at 1573043750510
11-06 14:35:50.539 23619 23659 D Evaluation: Frame 174 sent at 1573043750539
11-06 14:35:50.541 23619 23659 D Evaluation: 0 res for frame 41 received at 1573043750541
11-06 14:35:50.563 23619 23659 D Evaluation: Frame 175 sent at 1573043750563
11-06 14:35:50.594 23619 23659 D Evaluation: Frame 176 sent at 1573043750594
11-06 14:35:50.670 23619 23659 D Evaluation: Frame 177 sent at 1573043750670
11-06 14:35:50.672 23619 23659 D Evaluation: 0 res for frame 42 received at 1573043750672
11-06 14:35:50.689 23619 23619 W Settings: Setting device_provisioned has moved from android.provider.Settings.Secure to android.provider.Settings.Global.
11-06 14:35:50.691 23619 23619 V HiTouch_HiTouchSensor: User setup is finished.
11-06 14:35:50.722 23619 23659 D Evaluation: Frame 179 sent at 1573043750722
11-06 14:35:50.724 23619 23659 D Evaluation: 0 res for frame 43 received at 1573043750724
11-06 14:35:50.745 23619 23659 D Evaluation: Frame 179 sent at 1573043750745
11-06 14:35:50.762 23619 23659 D Evaluation: Frame 180 sent at 1573043750762
11-06 14:35:50.785 23619 23659 D Evaluation: Frame 181 sent at 1573043750785
11-06 14:35:50.787 23619 23659 D Evaluation: 0 res for frame 47 received at 1573043750787
11-06 14:35:50.793 23619 23619 W HiTouch_PressGestureDetector: Touch pointer move a lot. The moving distance of X is:32.368576, limit is:60The moving distance of Y is:126.89565, limit is:60
11-06 14:35:50.833 23619 23659 D Evaluation: Frame 182 sent at 1573043750833
11-06 14:35:50.858 23619 23659 D Evaluation: Frame 183 sent at 1573043750858
11-06 14:35:50.886 23619 23659 D Evaluation: Frame 184 sent at 1573043750886
11-06 14:35:50.916 23619 23659 D Evaluation: Frame 185 sent at 1573043750916
11-06 14:35:50.917 23619 23659 D Evaluation: 0 res for frame 59 received at 1573043750917
11-06 14:35:50.956 23619 23659 D Evaluation: Frame 186 sent at 1573043750956
11-06 14:35:50.982 23619 23659 D Evaluation: Frame 187 sent at 1573043750982
11-06 14:35:51.022 23619 23659 D Evaluation: Frame 188 sent at 1573043751022
11-06 14:35:51.049 23619 23659 D Evaluation: Frame 189 sent at 1573043751049
11-06 14:35:51.091 23619 23659 D Evaluation: Frame 190 sent at 1573043751091
11-06 14:35:51.092 23619 23659 D Evaluation: 0 res for frame 60 received at 1573043751092
11-06 14:35:51.132 23619 23659 D Evaluation: Frame 191 sent at 1573043751132
11-06 14:35:51.156 23619 23659 D Evaluation: Frame 192 sent at 1573043751156
11-06 14:35:51.186 23619 23659 D Evaluation: Frame 193 sent at 1573043751186
11-06 14:35:51.225 23619 23659 D Evaluation: Frame 194 sent at 1573043751225
11-06 14:35:51.251 23619 23659 D Evaluation: Frame 195 sent at 1573043751251
11-06 14:35:51.252 23619 23659 D Evaluation: 0 res for frame 61 received at 1573043751252
11-06 14:35:51.291 23619 23659 D Evaluation: Frame 196 sent at 1573043751291
11-06 14:35:51.319 23619 23659 D Evaluation: Frame 197 sent at 1573043751319
11-06 14:35:51.328 23619 23619 D Poster  : At 1573043751328 location is 65.05746404506324 (latitude), and 25.4681917104956 (longitude)
11-06 14:35:51.330 23619 23619 D Poster  : Connected to mobile network 20
11-06 14:35:51.362 23619 23659 D Evaluation: Frame 198 sent at 1573043751362
11-06 14:35:51.363 23619 23659 D Evaluation: 0 res for frame 62 received at 1573043751363
11-06 14:35:51.383 23619 23659 D Evaluation: Frame 199 sent at 1573043751383
11-06 14:35:51.424 23619 23659 D Evaluation: Frame 200 sent at 1573043751424
11-06 14:35:51.450 23619 23659 D Evaluation: Frame 201 sent at 1573043751450
11-06 14:35:51.494 23619 23659 D Evaluation: Frame 202 sent at 1573043751494
11-06 14:35:51.495 23619 23659 D Evaluation: 0 res for frame 64 received at 1573043751495
11-06 14:35:51.530 23619 23659 D Evaluation: Frame 203 sent at 1573043751530
11-06 14:35:51.557 23619 23659 D Evaluation: Frame 204 sent at 1573043751557
11-06 14:35:51.586 23619 23659 D Evaluation: Frame 205 sent at 1573043751586
11-06 14:35:51.587 23619 23659 D Evaluation: 0 res for frame 65 received at 1573043751587
11-06 14:35:51.632 23619 23659 D Evaluation: Frame 206 sent at 1573043751632
11-06 14:35:51.675 23619 23659 D Evaluation: Frame 207 sent at 1573043751675
11-06 14:35:51.709 23619 23659 D Evaluation: Frame 208 sent at 1573043751709
11-06 14:35:51.751 23619 23659 D Evaluation: Frame 209 sent at 1573043751751
11-06 14:35:51.790 23619 23659 D Evaluation: Frame 210 sent at 1573043751790
11-06 14:35:51.832 23619 23659 D Evaluation: Frame 211 sent at 1573043751832
11-06 14:35:51.871 23619 23659 D Evaluation: Frame 212 sent at 1573043751871
11-06 14:35:51.914 23619 23659 D Evaluation: Frame 213 sent at 1573043751914
11-06 14:35:51.959 23619 23659 D Evaluation: Frame 214 sent at 1573043751959
11-06 14:35:51.987 23619 23659 D Evaluation: Frame 215 sent at 1573043751987
11-06 14:35:51.988 23619 23659 D Evaluation: 0 res for frame 95 received at 1573043751988
11-06 14:35:52.033 23619 23659 D Evaluation: Frame 216 sent at 1573043752033
11-06 14:35:52.034 23619 23659 D Evaluation: 0 res for frame 96 received at 1573043752034
11-06 14:35:52.073 23619 23659 D Evaluation: Frame 217 sent at 1573043752073
11-06 14:35:52.114 23619 23659 D Evaluation: Frame 218 sent at 1573043752114
11-06 14:35:52.115 23619 23659 D Evaluation: 0 res for frame 97 received at 1573043752115
11-06 14:35:52.159 23619 23659 D Evaluation: Frame 219 sent at 1573043752159
11-06 14:35:52.161 23619 23659 D Evaluation: 0 res for frame 98 received at 1573043752161
11-06 14:35:52.194 23619 23659 D Evaluation: Frame 220 sent at 1573043752194
11-06 14:35:52.196 23619 23659 D Evaluation: 0 res for frame 99 received at 1573043752196
11-06 14:35:52.223 23619 23659 D Evaluation: Frame 221 sent at 1573043752223
11-06 14:35:52.254 23619 23659 D Evaluation: Frame 222 sent at 1573043752254
11-06 14:35:52.299 23619 23659 D Evaluation: Frame 223 sent at 1573043752299
11-06 14:35:52.300 23619 23659 D Evaluation: 0 res for frame 101 received at 1573043752300
11-06 14:35:52.320 23619 23659 D Evaluation: Frame 224 sent at 1573043752320
11-06 14:35:52.321 23619 23659 D Evaluation: 0 res for frame 103 received at 1573043752321
11-06 14:35:52.337 23619 23619 D Poster  : At 1573043752336 location is 65.05746112211075 (latitude), and 25.468193201407214 (longitude)
11-06 14:35:52.338 23619 23619 D Poster  : Connected to mobile network 20
11-06 14:35:52.363 23619 23659 D Evaluation: Frame 225 sent at 1573043752363
11-06 14:35:52.364 23619 23659 D Evaluation: 0 res for frame 104 received at 1573043752364
11-06 14:35:52.394 23619 23659 D Evaluation: Frame 226 sent at 1573043752394
11-06 14:35:52.434 23619 23659 D Evaluation: Frame 227 sent at 1573043752434
11-06 14:35:52.467 23619 23659 D Evaluation: Frame 228 sent at 1573043752467
11-06 14:35:52.511 23619 23659 D Evaluation: Frame 229 sent at 1573043752511
11-06 14:35:52.534 23619 23659 D Evaluation: Frame 230 sent at 1573043752534
11-06 14:35:52.573 23619 23659 D Evaluation: Frame 231 sent at 1573043752573
11-06 14:35:52.600 23619 23659 D Evaluation: Frame 232 sent at 1573043752600
11-06 14:35:52.646 23619 23659 D Evaluation: Frame 233 sent at 1573043752646
11-06 14:35:52.666 23619 23659 D Evaluation: Frame 234 sent at 1573043752666
11-06 14:35:52.702 23619 23659 D Evaluation: Frame 235 sent at 1573043752702
11-06 14:35:52.734 23619 23659 D Evaluation: Frame 236 sent at 1573043752734
11-06 14:35:52.777 23619 23659 D Evaluation: Frame 237 sent at 1573043752777
11-06 14:35:52.801 23619 23659 D Evaluation: Frame 238 sent at 1573043752801
11-06 14:35:52.844 23619 23659 D Evaluation: Frame 239 sent at 1573043752844
11-06 14:35:52.877 23619 23659 D Evaluation: Frame 240 sent at 1573043752877
11-06 14:35:52.944 23619 23659 D Evaluation: Frame 241 sent at 1573043752944
11-06 14:35:52.980 23619 23659 D Evaluation: Frame 242 sent at 1573043752980
11-06 14:35:53.003 23619 23659 D Evaluation: Frame 243 sent at 1573043753003
11-06 14:35:53.057 23619 23659 D Evaluation: Frame 244 sent at 1573043753057
11-06 14:35:53.059 23619 23659 D Evaluation: 0 res for frame 154 received at 1573043753059
11-06 14:35:53.078 23619 23659 D Evaluation: Frame 245 sent at 1573043753078
