--------- beginning of main
11-06 11:03:11.231 26900 26900 W logcat  : type=1400 audit(0.0:32252): avc: granted { create } for name="logcat_1573030991222.txt" scontext=u:r:untrusted_app:s0:c149,c256,c512,c768 tcontext=u:object_r:sdcardfs:s0:c149,c256,c512,c768 tclass=file
11-06 11:03:11.236 26877 26877 I MultiDex: Installing application
11-06 11:03:11.236 26877 26877 I MultiDex: VM has multidex support, MultiDex support library is disabled.
--------- beginning of system
11-06 11:03:11.239 26877 26877 V ActivityThread: callActivityOnCreate
11-06 11:03:11.239 26877 26877 I Poster  :  onCreate() called.
11-06 11:03:11.241 26877 26877 I HwApsImpl: APS: new HwApsImpl created
11-06 11:03:11.247 26877 26877 V HwWidgetFactory: : successes to get AllImpl object and return....
11-06 11:03:11.254 26877 26877 D OpenGLRenderer: Skia GL Pipeline
11-06 11:03:11.278 26877 26877 D Poster  : Server bound to IP 193.166.28.132 and port 52727
11-06 11:03:11.281 26877 26911 D Evaluation: metadata 0 sent 
11-06 11:03:11.282 26877 26877 D ActivityThread: add activity client record, r= ActivityRecord{fd66872 token=android.os.BinderProxy@8cd3ec5 {symlab.cloudridar.arhud/symlab.ARHUD.MainActivity}} token= android.os.BinderProxy@8cd3ec5
11-06 11:03:11.284 26877 26877 I Poster  :  onStart() called.
11-06 11:03:11.285 26877 26877 D ZrHung.AppEyeUiProbe: notify runnable to start.
11-06 11:03:11.286 26877 26877 I Poster  :  onResume() called.
11-06 11:03:11.290 26877 26877 I PermissionManager: camera remind result:true
11-06 11:03:11.290 26877 26877 I Camera  : open camera: 0, package name: symlab.cloudridar.arhud
11-06 11:03:11.290 26877 26877 I BackgroundPermManager: pkgName: symlab.cloudridar.arhud,pid: 26877 ,uidOf3RdApk: 10149 ,permType: 0 ,permCfg: 1
11-06 11:03:11.291 26877 26877 I HwCameraUtil: notifySurfaceFlingerCameraStatus : isFront = false , isOpend = true
11-06 11:03:11.300 26877 26877 D ActivityThread: isOptEnabled=false isWechatScanOpt=false
11-06 11:03:11.302 26877 26877 I HwSecImmHelper: mSecurityInputMethodService is null
11-06 11:03:11.307 26877 26877 D OpenGLRenderer:   HWUI Binary is  enabled
11-06 11:03:11.330 26877 26930 D HiTouch_PressGestureDetector: onAttached, package=symlab.cloudridar.arhud, windowType=1, mHiTouchRestricted=false
11-06 11:03:11.339 26877 26928 I ConfigStore: android::hardware::configstore::V1_0::ISurfaceFlingerConfigs::hasWideColorDisplay retrieved: 0
11-06 11:03:11.339 26877 26928 I ConfigStore: android::hardware::configstore::V1_0::ISurfaceFlingerConfigs::hasHDRDisplay retrieved: 0
11-06 11:03:11.339 26877 26928 I iGraphics: [0020080c] pn: symlab.cloudridar.arhud, p: 26877
11-06 11:03:11.339 26877 26928 I OpenGLRenderer: Initialized EGL, version 1.4, mEglDisplay 0x1
11-06 11:03:11.339 26877 26928 D OpenGLRenderer: Swap behavior 2
11-06 11:03:11.348 26877 26928 D mali_winsys: EGLint new_window_surface(egl_winsys_display *, void *, EGLSurface, EGLConfig, egl_winsys_surface **, EGLBoolean) returns 0x3000
11-06 11:03:11.359 26877 26877 I Poster  :  surfaceCreated() called.
11-06 11:03:11.359 26877 26877 I Poster  : initPreview() called
11-06 11:03:11.363 26877 26877 I PermissionManager: camera remind result:true
11-06 11:03:11.368 26877 26877 I Poster  :  surfaceChanged() called.
11-06 11:03:11.383 26877 26877 W InputMethodManager: startInputReason = 1
11-06 11:03:11.395 26877 26877 D Poster  : At 1573030991395 location is 65.05801378122185 (latitude), and 25.467817890619592 (longitude)
11-06 11:03:11.398 26877 26877 D Poster  : Connected to mobile network 20
11-06 11:03:11.400 26877 26877 W InputMethodManager: startInputReason = 5
11-06 11:03:11.655 26877 26911 D Evaluation: metadata 1 sent 
11-06 11:03:11.684 26877 26911 D Evaluation: metadata 2 sent 
11-06 11:03:11.720 26877 26911 D Evaluation: metadata 3 sent 
11-06 11:03:11.755 26877 26911 D Evaluation: metadata 4 sent 
11-06 11:03:11.789 26877 26911 D Evaluation: metadata 5 sent 
11-06 11:03:11.839 26877 26911 D Evaluation: Frame 6 sent at 1573030991839
11-06 11:03:11.865 26877 26911 D Evaluation: Frame 7 sent at 1573030991865
11-06 11:03:11.899 26877 26911 D Evaluation: Frame 8 sent at 1573030991899
11-06 11:03:11.933 26877 26911 D Evaluation: Frame 9 sent at 1573030991933
11-06 11:03:11.973 26877 26911 D Evaluation: Frame 10 sent at 1573030991973
11-06 11:03:12.000 26877 26911 D Evaluation: Frame 11 sent at 1573030992000
11-06 11:03:12.034 26877 26911 D Evaluation: Frame 12 sent at 1573030992034
11-06 11:03:12.069 26877 26911 D Evaluation: Frame 13 sent at 1573030992069
11-06 11:03:12.070 26877 26911 D Evaluation: 0 res for frame 6 received at 1573030992070
11-06 11:03:12.102 26877 26888 E         : [ZeroHung]zrhung_get_config: Get config failed for wp[0x0008]
11-06 11:03:12.102 26877 26911 D Evaluation: Frame 14 sent at 1573030992102
11-06 11:03:12.103 26877 26911 D Evaluation: 0 res for frame 7 received at 1573030992103
11-06 11:03:12.111 26877 26886 W System  : A resource failed to call close. 
11-06 11:03:12.111 26877 26886 W System  : A resource failed to call close. 
11-06 11:03:12.144 26877 26911 D Evaluation: Frame 15 sent at 1573030992144
11-06 11:03:12.145 26877 26911 D Evaluation: 0 res for frame 8 received at 1573030992145
11-06 11:03:12.169 26877 26911 D Evaluation: Frame 16 sent at 1573030992169
11-06 11:03:12.170 26877 26911 D Evaluation: 0 res for frame 9 received at 1573030992170
11-06 11:03:12.203 26877 26911 W System.err: java.net.SocketException: Message too long
11-06 11:03:12.203 26877 26911 W System.err: 	at sun.nio.ch.DatagramChannelImpl.send0(Native Method)
11-06 11:03:12.203 26877 26911 W System.err: 	at sun.nio.ch.DatagramChannelImpl.sendFromNativeBuffer(DatagramChannelImpl.java:573)
11-06 11:03:12.203 26877 26911 W System.err: 	at sun.nio.ch.DatagramChannelImpl.send(DatagramChannelImpl.java:550)
11-06 11:03:12.203 26877 26911 W System.err: 	at sun.nio.ch.DatagramChannelImpl.send(DatagramChannelImpl.java:514)
11-06 11:03:12.203 26877 26911 W System.err: 	at symlab.CloudAR.network.TransmissionTask.run(TransmissionTask.java:124)
11-06 11:03:12.203 26877 26911 W System.err: 	at android.os.Handler.handleCallback(Handler.java:907)
11-06 11:03:12.204 26877 26911 W System.err: 	at android.os.Handler.dispatchMessage(Handler.java:105)
11-06 11:03:12.204 26877 26911 W System.err: 	at android.os.Looper.loop(Looper.java:216)
11-06 11:03:12.204 26877 26911 W System.err: 	at android.os.HandlerThread.run(HandlerThread.java:65)
11-06 11:03:12.204 26877 26911 D Evaluation: 0 res for frame 10 received at 1573030992204
11-06 11:03:12.236 26877 26911 D Evaluation: Frame 18 sent at 1573030992236
11-06 11:03:12.237 26877 26911 D Evaluation: 0 res for frame 11 received at 1573030992237
11-06 11:03:12.274 26877 26911 D Evaluation: Frame 19 sent at 1573030992274
11-06 11:03:12.275 26877 26911 D Evaluation: 0 res for frame 12 received at 1573030992275
11-06 11:03:12.305 26877 26911 D Evaluation: Frame 20 sent at 1573030992305
11-06 11:03:12.306 26877 26911 D Evaluation: 0 res for frame 13 received at 1573030992306
11-06 11:03:12.337 26877 26911 D Evaluation: Frame 21 sent at 1573030992337
11-06 11:03:12.338 26877 26911 D Evaluation: 1 res for frame 14 received at 1573030992338
11-06 11:03:12.342 26877 26877 D Poster  : At 1573030992342 location is 65.05800826995971 (latitude), and 25.467798200889238 (longitude)
11-06 11:03:12.343 26877 26877 D Poster  : Connected to mobile network 20
11-06 11:03:12.372 26877 26911 D Evaluation: Frame 22 sent at 1573030992372
11-06 11:03:12.373 26877 26911 D Evaluation: 1 res for frame 14 received at 1573030992373
11-06 11:03:12.405 26877 26911 W System.err: java.net.SocketException: Message too long
11-06 11:03:12.405 26877 26911 W System.err: 	at sun.nio.ch.DatagramChannelImpl.send0(Native Method)
11-06 11:03:12.405 26877 26911 W System.err: 	at sun.nio.ch.DatagramChannelImpl.sendFromNativeBuffer(DatagramChannelImpl.java:573)
11-06 11:03:12.405 26877 26911 W System.err: 	at sun.nio.ch.DatagramChannelImpl.send(DatagramChannelImpl.java:550)
11-06 11:03:12.405 26877 26911 W System.err: 	at sun.nio.ch.DatagramChannelImpl.send(DatagramChannelImpl.java:514)
11-06 11:03:12.405 26877 26911 W System.err: 	at symlab.CloudAR.network.TransmissionTask.run(TransmissionTask.java:124)
11-06 11:03:12.405 26877 26911 W System.err: 	at android.os.Handler.handleCallback(Handler.java:907)
11-06 11:03:12.405 26877 26911 W System.err: 	at android.os.Handler.dispatchMessage(Handler.java:105)
11-06 11:03:12.405 26877 26911 W System.err: 	at android.os.Looper.loop(Looper.java:216)
11-06 11:03:12.405 26877 26911 W System.err: 	at android.os.HandlerThread.run(HandlerThread.java:65)
11-06 11:03:12.441 26877 26911 W System.err: java.net.SocketException: Message too long
11-06 11:03:12.441 26877 26911 W System.err: 	at sun.nio.ch.DatagramChannelImpl.send0(Native Method)
11-06 11:03:12.441 26877 26911 W System.err: 	at sun.nio.ch.DatagramChannelImpl.sendFromNativeBuffer(DatagramChannelImpl.java:573)
11-06 11:03:12.441 26877 26911 W System.err: 	at sun.nio.ch.DatagramChannelImpl.send(DatagramChannelImpl.java:550)
11-06 11:03:12.441 26877 26911 W System.err: 	at sun.nio.ch.DatagramChannelImpl.send(DatagramChannelImpl.java:514)
11-06 11:03:12.441 26877 26911 W System.err: 	at symlab.CloudAR.network.TransmissionTask.run(TransmissionTask.java:124)
11-06 11:03:12.441 26877 26911 W System.err: 	at android.os.Handler.handleCallback(Handler.java:907)
11-06 11:03:12.442 26877 26911 W System.err: 	at android.os.Handler.dispatchMessage(Handler.java:105)
11-06 11:03:12.442 26877 26911 W System.err: 	at android.os.Looper.loop(Looper.java:216)
11-06 11:03:12.442 26877 26911 W System.err: 	at android.os.HandlerThread.run(HandlerThread.java:65)
11-06 11:03:12.472 26877 26911 W System.err: java.net.SocketException: Message too long
11-06 11:03:12.473 26877 26911 W System.err: 	at sun.nio.ch.DatagramChannelImpl.send0(Native Method)
11-06 11:03:12.473 26877 26911 W System.err: 	at sun.nio.ch.DatagramChannelImpl.sendFromNativeBuffer(DatagramChannelImpl.java:573)
11-06 11:03:12.473 26877 26911 W System.err: 	at sun.nio.ch.DatagramChannelImpl.send(DatagramChannelImpl.java:550)
11-06 11:03:12.473 26877 26911 W System.err: 	at sun.nio.ch.DatagramChannelImpl.send(DatagramChannelImpl.java:514)
11-06 11:03:12.473 26877 26911 W System.err: 	at symlab.CloudAR.network.TransmissionTask.run(TransmissionTask.java:124)
11-06 11:03:12.473 26877 26911 W System.err: 	at android.os.Handler.handleCallback(Handler.java:907)
11-06 11:03:12.473 26877 26911 W System.err: 	at android.os.Handler.dispatchMessage(Handler.java:105)
11-06 11:03:12.473 26877 26911 W System.err: 	at android.os.Looper.loop(Looper.java:216)
11-06 11:03:12.473 26877 26911 W System.err: 	at android.os.HandlerThread.run(HandlerThread.java:65)
11-06 11:03:12.512 26877 26911 W System.err: java.net.SocketException: Message too long
11-06 11:03:12.512 26877 26911 W System.err: 	at sun.nio.ch.DatagramChannelImpl.send0(Native Method)
11-06 11:03:12.512 26877 26911 W System.err: 	at sun.nio.ch.DatagramChannelImpl.sendFromNativeBuffer(DatagramChannelImpl.java:573)
11-06 11:03:12.512 26877 26911 W System.err: 	at sun.nio.ch.DatagramChannelImpl.send(DatagramChannelImpl.java:550)
11-06 11:03:12.512 26877 26911 W System.err: 	at sun.nio.ch.DatagramChannelImpl.send(DatagramChannelImpl.java:514)
11-06 11:03:12.512 26877 26911 W System.err: 	at symlab.CloudAR.network.TransmissionTask.run(TransmissionTask.java:124)
11-06 11:03:12.512 26877 26911 W System.err: 	at android.os.Handler.handleCallback(Handler.java:907)
11-06 11:03:12.512 26877 26911 W System.err: 	at android.os.Handler.dispatchMessage(Handler.java:105)
11-06 11:03:12.512 26877 26911 W System.err: 	at android.os.Looper.loop(Looper.java:216)
11-06 11:03:12.512 26877 26911 W System.err: 	at android.os.HandlerThread.run(HandlerThread.java:65)
11-06 11:03:12.551 26877 26911 W System.err: java.net.SocketException: Message too long
11-06 11:03:12.551 26877 26911 W System.err: 	at sun.nio.ch.DatagramChannelImpl.send0(Native Method)
11-06 11:03:12.551 26877 26911 W System.err: 	at sun.nio.ch.DatagramChannelImpl.sendFromNativeBuffer(DatagramChannelImpl.java:573)
11-06 11:03:12.551 26877 26911 W System.err: 	at sun.nio.ch.DatagramChannelImpl.send(DatagramChannelImpl.java:550)
11-06 11:03:12.551 26877 26911 W System.err: 	at sun.nio.ch.DatagramChannelImpl.send(DatagramChannelImpl.java:514)
11-06 11:03:12.551 26877 26911 W System.err: 	at symlab.CloudAR.network.TransmissionTask.run(TransmissionTask.java:124)
11-06 11:03:12.551 26877 26911 W System.err: 	at android.os.Handler.handleCallback(Handler.java:907)
11-06 11:03:12.551 26877 26911 W System.err: 	at android.os.Handler.dispatchMessage(Handler.java:105)
11-06 11:03:12.551 26877 26911 W System.err: 	at android.os.Looper.loop(Looper.java:216)
11-06 11:03:12.551 26877 26911 W System.err: 	at android.os.HandlerThread.run(HandlerThread.java:65)
11-06 11:03:12.574 26877 26911 W System.err: java.net.SocketException: Message too long
11-06 11:03:12.574 26877 26911 W System.err: 	at sun.nio.ch.DatagramChannelImpl.send0(Native Method)
11-06 11:03:12.574 26877 26911 W System.err: 	at sun.nio.ch.DatagramChannelImpl.sendFromNativeBuffer(DatagramChannelImpl.java:573)
11-06 11:03:12.574 26877 26911 W System.err: 	at sun.nio.ch.DatagramChannelImpl.send(DatagramChannelImpl.java:550)
11-06 11:03:12.574 26877 26911 W System.err: 	at sun.nio.ch.DatagramChannelImpl.send(DatagramChannelImpl.java:514)
11-06 11:03:12.574 26877 26911 W System.err: 	at symlab.CloudAR.network.TransmissionTask.run(TransmissionTask.java:124)
11-06 11:03:12.575 26877 26911 W System.err: 	at android.os.Handler.handleCallback(Handler.java:907)
11-06 11:03:12.575 26877 26911 W System.err: 	at android.os.Handler.dispatchMessage(Handler.java:105)
11-06 11:03:12.575 26877 26911 W System.err: 	at android.os.Looper.loop(Looper.java:216)
11-06 11:03:12.575 26877 26911 W System.err: 	at android.os.HandlerThread.run(HandlerThread.java:65)
11-06 11:03:12.619 26877 26911 W System.err: java.net.SocketException: Message too long
11-06 11:03:12.620 26877 26911 W System.err: 	at sun.nio.ch.DatagramChannelImpl.send0(Native Method)
11-06 11:03:12.620 26877 26911 W System.err: 	at sun.nio.ch.DatagramChannelImpl.sendFromNativeBuffer(DatagramChannelImpl.java:573)
11-06 11:03:12.620 26877 26911 W System.err: 	at sun.nio.ch.DatagramChannelImpl.send(DatagramChannelImpl.java:550)
11-06 11:03:12.620 26877 26911 W System.err: 	at sun.nio.ch.DatagramChannelImpl.send(DatagramChannelImpl.java:514)
11-06 11:03:12.620 26877 26911 W System.err: 	at symlab.CloudAR.network.TransmissionTask.run(TransmissionTask.java:124)
11-06 11:03:12.620 26877 26911 W System.err: 	at android.os.Handler.handleCallback(Handler.java:907)
11-06 11:03:12.620 26877 26911 W System.err: 	at android.os.Handler.dispatchMessage(Handler.java:105)
11-06 11:03:12.620 26877 26911 W System.err: 	at android.os.Looper.loop(Looper.java:216)
11-06 11:03:12.620 26877 26911 W System.err: 	at android.os.HandlerThread.run(HandlerThread.java:65)
11-06 11:03:12.658 26877 26911 W System.err: java.net.SocketException: Message too long
11-06 11:03:12.658 26877 26911 W System.err: 	at sun.nio.ch.DatagramChannelImpl.send0(Native Method)
11-06 11:03:12.658 26877 26911 W System.err: 	at sun.nio.ch.DatagramChannelImpl.sendFromNativeBuffer(DatagramChannelImpl.java:573)
11-06 11:03:12.658 26877 26911 W System.err: 	at sun.nio.ch.DatagramChannelImpl.send(DatagramChannelImpl.java:550)
11-06 11:03:12.659 26877 26911 W System.err: 	at sun.nio.ch.DatagramChannelImpl.send(DatagramChannelImpl.java:514)
11-06 11:03:12.659 26877 26911 W System.err: 	at symlab.CloudAR.network.TransmissionTask.run(TransmissionTask.java:124)
11-06 11:03:12.659 26877 26911 W System.err: 	at android.os.Handler.handleCallback(Handler.java:907)
11-06 11:03:12.659 26877 26911 W System.err: 	at android.os.Handler.dispatchMessage(Handler.java:105)
11-06 11:03:12.659 26877 26911 W System.err: 	at android.os.Looper.loop(Looper.java:216)
11-06 11:03:12.659 26877 26911 W System.err: 	at android.os.HandlerThread.run(HandlerThread.java:65)
11-06 11:03:12.660 26877 26911 D Evaluation: 1 res for frame 22 received at 1573030992660
11-06 11:03:12.695 26877 26911 W System.err: java.net.SocketException: Message too long
11-06 11:03:12.695 26877 26911 W System.err: 	at sun.nio.ch.DatagramChannelImpl.send0(Native Method)
11-06 11:03:12.695 26877 26911 W System.err: 	at sun.nio.ch.DatagramChannelImpl.sendFromNativeBuffer(DatagramChannelImpl.java:573)
11-06 11:03:12.695 26877 26911 W System.err: 	at sun.nio.ch.DatagramChannelImpl.send(DatagramChannelImpl.java:550)
11-06 11:03:12.695 26877 26911 W System.err: 	at sun.nio.ch.DatagramChannelImpl.send(DatagramChannelImpl.java:514)
11-06 11:03:12.695 26877 26911 W System.err: 	at symlab.CloudAR.network.TransmissionTask.run(TransmissionTask.java:124)
11-06 11:03:12.695 26877 26911 W System.err: 	at android.os.Handler.handleCallback(Handler.java:907)
11-06 11:03:12.695 26877 26911 W System.err: 	at android.os.Handler.dispatchMessage(Handler.java:105)
11-06 11:03:12.695 26877 26911 W System.err: 	at android.os.Looper.loop(Looper.java:216)
11-06 11:03:12.695 26877 26911 W System.err: 	at android.os.HandlerThread.run(HandlerThread.java:65)
11-06 11:03:12.724 26877 26911 W System.err: java.net.SocketException: Message too long
11-06 11:03:12.724 26877 26911 W System.err: 	at sun.nio.ch.DatagramChannelImpl.send0(Native Method)
11-06 11:03:12.724 26877 26911 W System.err: 	at sun.nio.ch.DatagramChannelImpl.sendFromNativeBuffer(DatagramChannelImpl.java:573)
11-06 11:03:12.724 26877 26911 W System.err: 	at sun.nio.ch.DatagramChannelImpl.send(DatagramChannelImpl.java:550)
11-06 11:03:12.724 26877 26911 W System.err: 	at sun.nio.ch.DatagramChannelImpl.send(DatagramChannelImpl.java:514)
11-06 11:03:12.724 26877 26911 W System.err: 	at symlab.CloudAR.network.TransmissionTask.run(TransmissionTask.java:124)
11-06 11:03:12.724 26877 26911 W System.err: 	at android.os.Handler.handleCallback(Handler.java:907)
11-06 11:03:12.724 26877 26911 W System.err: 	at android.os.Handler.dispatchMessage(Handler.java:105)
11-06 11:03:12.724 26877 26911 W System.err: 	at android.os.Looper.loop(Looper.java:216)
11-06 11:03:12.724 26877 26911 W System.err: 	at android.os.HandlerThread.run(HandlerThread.java:65)
11-06 11:03:12.755 26877 26911 W System.err: java.net.SocketException: Message too long
11-06 11:03:12.755 26877 26911 W System.err: 	at sun.nio.ch.DatagramChannelImpl.send0(Native Method)
11-06 11:03:12.755 26877 26911 W System.err: 	at sun.nio.ch.DatagramChannelImpl.sendFromNativeBuffer(DatagramChannelImpl.java:573)
11-06 11:03:12.755 26877 26911 W System.err: 	at sun.nio.ch.DatagramChannelImpl.send(DatagramChannelImpl.java:550)
11-06 11:03:12.755 26877 26911 W System.err: 	at sun.nio.ch.DatagramChannelImpl.send(DatagramChannelImpl.java:514)
11-06 11:03:12.755 26877 26911 W System.err: 	at symlab.CloudAR.network.TransmissionTask.run(TransmissionTask.java:124)
11-06 11:03:12.755 26877 26911 W System.err: 	at android.os.Handler.handleCallback(Handler.java:907)
11-06 11:03:12.755 26877 26911 W System.err: 	at android.os.Handler.dispatchMessage(Handler.java:105)
11-06 11:03:12.755 26877 26911 W System.err: 	at android.os.Looper.loop(Looper.java:216)
11-06 11:03:12.755 26877 26911 W System.err: 	at android.os.HandlerThread.run(HandlerThread.java:65)
11-06 11:03:12.784 26877 26911 W System.err: java.net.SocketException: Message too long
11-06 11:03:12.784 26877 26911 W System.err: 	at sun.nio.ch.DatagramChannelImpl.send0(Native Method)
11-06 11:03:12.784 26877 26911 W System.err: 	at sun.nio.ch.DatagramChannelImpl.sendFromNativeBuffer(DatagramChannelImpl.java:573)
11-06 11:03:12.784 26877 26911 W System.err: 	at sun.nio.ch.DatagramChannelImpl.send(DatagramChannelImpl.java:550)
11-06 11:03:12.784 26877 26911 W System.err: 	at sun.nio.ch.DatagramChannelImpl.send(DatagramChannelImpl.java:514)
11-06 11:03:12.784 26877 26911 W System.err: 	at symlab.CloudAR.network.TransmissionTask.run(TransmissionTask.java:124)
11-06 11:03:12.784 26877 26911 W System.err: 	at android.os.Handler.handleCallback(Handler.java:907)
11-06 11:03:12.784 26877 26911 W System.err: 	at android.os.Handler.dispatchMessage(Handler.java:105)
11-06 11:03:12.784 26877 26911 W System.err: 	at android.os.Looper.loop(Looper.java:216)
11-06 11:03:12.784 26877 26911 W System.err: 	at android.os.HandlerThread.run(HandlerThread.java:65)
11-06 11:03:12.826 26877 26911 W System.err: java.net.SocketException: Message too long
11-06 11:03:12.826 26877 26911 W System.err: 	at sun.nio.ch.DatagramChannelImpl.send0(Native Method)
11-06 11:03:12.826 26877 26911 W System.err: 	at sun.nio.ch.DatagramChannelImpl.sendFromNativeBuffer(DatagramChannelImpl.java:573)
11-06 11:03:12.826 26877 26911 W System.err: 	at sun.nio.ch.DatagramChannelImpl.send(DatagramChannelImpl.java:550)
11-06 11:03:12.826 26877 26911 W System.err: 	at sun.nio.ch.DatagramChannelImpl.send(DatagramChannelImpl.java:514)
11-06 11:03:12.826 26877 26911 W System.err: 	at symlab.CloudAR.network.TransmissionTask.run(TransmissionTask.java:124)
11-06 11:03:12.826 26877 26911 W System.err: 	at android.os.Handler.handleCallback(Handler.java:907)
11-06 11:03:12.826 26877 26911 W System.err: 	at android.os.Handler.dispatchMessage(Handler.java:105)
11-06 11:03:12.826 26877 26911 W System.err: 	at android.os.Looper.loop(Looper.java:216)
11-06 11:03:12.826 26877 26911 W System.err: 	at android.os.HandlerThread.run(HandlerThread.java:65)
11-06 11:03:12.857 26877 26911 W System.err: java.net.SocketException: Message too long
11-06 11:03:12.857 26877 26911 W System.err: 	at sun.nio.ch.DatagramChannelImpl.send0(Native Method)
11-06 11:03:12.857 26877 26911 W System.err: 	at sun.nio.ch.DatagramChannelImpl.sendFromNativeBuffer(DatagramChannelImpl.java:573)
11-06 11:03:12.857 26877 26911 W System.err: 	at sun.nio.ch.DatagramChannelImpl.send(DatagramChannelImpl.java:550)
11-06 11:03:12.857 26877 26911 W System.err: 	at sun.nio.ch.DatagramChannelImpl.send(DatagramChannelImpl.java:514)
11-06 11:03:12.857 26877 26911 W System.err: 	at symlab.CloudAR.network.TransmissionTask.run(TransmissionTask.java:124)
11-06 11:03:12.857 26877 26911 W System.err: 	at android.os.Handler.handleCallback(Handler.java:907)
11-06 11:03:12.857 26877 26911 W System.err: 	at android.os.Handler.dispatchMessage(Handler.java:105)
11-06 11:03:12.857 26877 26911 W System.err: 	at android.os.Looper.loop(Looper.java:216)
11-06 11:03:12.857 26877 26911 W System.err: 	at android.os.HandlerThread.run(HandlerThread.java:65)
11-06 11:03:12.897 26877 26911 W System.err: java.net.SocketException: Message too long
11-06 11:03:12.897 26877 26911 W System.err: 	at sun.nio.ch.DatagramChannelImpl.send0(Native Method)
11-06 11:03:12.897 26877 26911 W System.err: 	at sun.nio.ch.DatagramChannelImpl.sendFromNativeBuffer(DatagramChannelImpl.java:573)
11-06 11:03:12.897 26877 26911 W System.err: 	at sun.nio.ch.DatagramChannelImpl.send(DatagramChannelImpl.java:550)
11-06 11:03:12.897 26877 26911 W System.err: 	at sun.nio.ch.DatagramChannelImpl.send(DatagramChannelImpl.java:514)
11-06 11:03:12.897 26877 26911 W System.err: 	at symlab.CloudAR.network.TransmissionTask.run(TransmissionTask.java:124)
11-06 11:03:12.897 26877 26911 W System.err: 	at android.os.Handler.handleCallback(Handler.java:907)
11-06 11:03:12.897 26877 26911 W System.err: 	at android.os.Handler.dispatchMessage(Handler.java:105)
11-06 11:03:12.897 26877 26911 W System.err: 	at android.os.Looper.loop(Looper.java:216)
11-06 11:03:12.897 26877 26911 W System.err: 	at android.os.HandlerThread.run(HandlerThread.java:65)
11-06 11:03:12.929 26877 26888 E         : [ZeroHung]zrhung_get_config: Get config failed for wp[0x0008]
11-06 11:03:12.929 26877 26911 W System.err: java.net.SocketException: Message too long
11-06 11:03:12.929 26877 26911 W System.err: 	at sun.nio.ch.DatagramChannelImpl.send0(Native Method)
11-06 11:03:12.930 26877 26911 W System.err: 	at sun.nio.ch.DatagramChannelImpl.sendFromNativeBuffer(DatagramChannelImpl.java:573)
11-06 11:03:12.930 26877 26911 W System.err: 	at sun.nio.ch.DatagramChannelImpl.send(DatagramChannelImpl.java:550)
11-06 11:03:12.930 26877 26911 W System.err: 	at sun.nio.ch.DatagramChannelImpl.send(DatagramChannelImpl.java:514)
11-06 11:03:12.930 26877 26911 W System.err: 	at symlab.CloudAR.network.TransmissionTask.run(TransmissionTask.java:124)
11-06 11:03:12.930 26877 26911 W System.err: 	at android.os.Handler.handleCallback(Handler.java:907)
11-06 11:03:12.930 26877 26911 W System.err: 	at android.os.Handler.dispatchMessage(Handler.java:105)
11-06 11:03:12.930 26877 26911 W System.err: 	at android.os.Looper.loop(Looper.java:216)
11-06 11:03:12.930 26877 26911 W System.err: 	at android.os.HandlerThread.run(HandlerThread.java:65)
11-06 11:03:12.943 26877 26886 W System  : A resource failed to call close. 
11-06 11:03:12.944 26877 26886 I chatty  : uid=10149(symlab.cloudridar.arhud) FinalizerDaemon identical 18 lines
11-06 11:03:12.944 26877 26886 W System  : A resource failed to call close. 
11-06 11:03:12.971 26877 26911 W System.err: java.net.SocketException: Message too long
11-06 11:03:12.972 26877 26911 W System.err: 	at sun.nio.ch.DatagramChannelImpl.send0(Native Method)
11-06 11:03:12.972 26877 26911 W System.err: 	at sun.nio.ch.DatagramChannelImpl.sendFromNativeBuffer(DatagramChannelImpl.java:573)
11-06 11:03:12.972 26877 26911 W System.err: 	at sun.nio.ch.DatagramChannelImpl.send(DatagramChannelImpl.java:550)
11-06 11:03:12.972 26877 26911 W System.err: 	at sun.nio.ch.DatagramChannelImpl.send(DatagramChannelImpl.java:514)
11-06 11:03:12.972 26877 26911 W System.err: 	at symlab.CloudAR.network.TransmissionTask.run(TransmissionTask.java:124)
11-06 11:03:12.972 26877 26911 W System.err: 	at android.os.Handler.handleCallback(Handler.java:907)
11-06 11:03:12.972 26877 26911 W System.err: 	at android.os.Handler.dispatchMessage(Handler.java:105)
11-06 11:03:12.972 26877 26911 W System.err: 	at android.os.Looper.loop(Looper.java:216)
11-06 11:03:12.972 26877 26911 W System.err: 	at android.os.HandlerThread.run(HandlerThread.java:65)
11-06 11:03:13.004 26877 26911 W System.err: java.net.SocketException: Message too long
11-06 11:03:13.004 26877 26911 W System.err: 	at sun.nio.ch.DatagramChannelImpl.send0(Native Method)
11-06 11:03:13.004 26877 26911 W System.err: 	at sun.nio.ch.DatagramChannelImpl.sendFromNativeBuffer(DatagramChannelImpl.java:573)
11-06 11:03:13.004 26877 26911 W System.err: 	at sun.nio.ch.DatagramChannelImpl.send(DatagramChannelImpl.java:550)
11-06 11:03:13.004 26877 26911 W System.err: 	at sun.nio.ch.DatagramChannelImpl.send(DatagramChannelImpl.java:514)
11-06 11:03:13.004 26877 26911 W System.err: 	at symlab.CloudAR.network.TransmissionTask.run(TransmissionTask.java:124)
11-06 11:03:13.004 26877 26911 W System.err: 	at android.os.Handler.handleCallback(Handler.java:907)
11-06 11:03:13.004 26877 26911 W System.err: 	at android.os.Handler.dispatchMessage(Handler.java:105)
11-06 11:03:13.004 26877 26911 W System.err: 	at android.os.Looper.loop(Looper.java:216)
11-06 11:03:13.004 26877 26911 W System.err: 	at android.os.HandlerThread.run(HandlerThread.java:65)
11-06 11:03:13.037 26877 26911 W System.err: java.net.SocketException: Message too long
11-06 11:03:13.037 26877 26911 W System.err: 	at sun.nio.ch.DatagramChannelImpl.send0(Native Method)
11-06 11:03:13.037 26877 26911 W System.err: 	at sun.nio.ch.DatagramChannelImpl.sendFromNativeBuffer(DatagramChannelImpl.java:573)
11-06 11:03:13.037 26877 26911 W System.err: 	at sun.nio.ch.DatagramChannelImpl.send(DatagramChannelImpl.java:550)
11-06 11:03:13.037 26877 26911 W System.err: 	at sun.nio.ch.DatagramChannelImpl.send(DatagramChannelImpl.java:514)
11-06 11:03:13.037 26877 26911 W System.err: 	at symlab.CloudAR.network.TransmissionTask.run(TransmissionTask.java:124)
11-06 11:03:13.037 26877 26911 W System.err: 	at android.os.Handler.handleCallback(Handler.java:907)
11-06 11:03:13.037 26877 26911 W System.err: 	at android.os.Handler.dispatchMessage(Handler.java:105)
11-06 11:03:13.037 26877 26911 W System.err: 	at android.os.Looper.loop(Looper.java:216)
11-06 11:03:13.037 26877 26911 W System.err: 	at android.os.HandlerThread.run(HandlerThread.java:65)
11-06 11:03:13.063 26877 26911 W System.err: java.net.SocketException: Message too long
11-06 11:03:13.063 26877 26911 W System.err: 	at sun.nio.ch.DatagramChannelImpl.send0(Native Method)
11-06 11:03:13.063 26877 26911 W System.err: 	at sun.nio.ch.DatagramChannelImpl.sendFromNativeBuffer(DatagramChannelImpl.java:573)
11-06 11:03:13.064 26877 26911 W System.err: 	at sun.nio.ch.DatagramChannelImpl.send(DatagramChannelImpl.java:550)
11-06 11:03:13.064 26877 26911 W System.err: 	at sun.nio.ch.DatagramChannelImpl.send(DatagramChannelImpl.java:514)
11-06 11:03:13.064 26877 26911 W System.err: 	at symlab.CloudAR.network.TransmissionTask.run(TransmissionTask.java:124)
11-06 11:03:13.064 26877 26911 W System.err: 	at android.os.Handler.handleCallback(Handler.java:907)
11-06 11:03:13.064 26877 26911 W System.err: 	at android.os.Handler.dispatchMessage(Handler.java:105)
11-06 11:03:13.064 26877 26911 W System.err: 	at android.os.Looper.loop(Looper.java:216)
11-06 11:03:13.064 26877 26911 W System.err: 	at android.os.HandlerThread.run(HandlerThread.java:65)
11-06 11:03:13.101 26877 26911 W System.err: java.net.SocketException: Message too long
11-06 11:03:13.102 26877 26911 W System.err: 	at sun.nio.ch.DatagramChannelImpl.send0(Native Method)
11-06 11:03:13.102 26877 26911 W System.err: 	at sun.nio.ch.DatagramChannelImpl.sendFromNativeBuffer(DatagramChannelImpl.java:573)
11-06 11:03:13.102 26877 26911 W System.err: 	at sun.nio.ch.DatagramChannelImpl.send(DatagramChannelImpl.java:550)
11-06 11:03:13.102 26877 26911 W System.err: 	at sun.nio.ch.DatagramChannelImpl.send(DatagramChannelImpl.java:514)
11-06 11:03:13.102 26877 26911 W System.err: 	at symlab.CloudAR.network.TransmissionTask.run(TransmissionTask.java:124)
11-06 11:03:13.102 26877 26911 W System.err: 	at android.os.Handler.handleCallback(Handler.java:907)
11-06 11:03:13.102 26877 26911 W System.err: 	at android.os.Handler.dispatchMessage(Handler.java:105)
11-06 11:03:13.102 26877 26911 W System.err: 	at android.os.Looper.loop(Looper.java:216)
11-06 11:03:13.102 26877 26911 W System.err: 	at android.os.HandlerThread.run(HandlerThread.java:65)
11-06 11:03:13.131 26877 26911 W System.err: java.net.SocketException: Message too long
11-06 11:03:13.131 26877 26911 W System.err: 	at sun.nio.ch.DatagramChannelImpl.send0(Native Method)
11-06 11:03:13.131 26877 26911 W System.err: 	at sun.nio.ch.DatagramChannelImpl.sendFromNativeBuffer(DatagramChannelImpl.java:573)
11-06 11:03:13.131 26877 26911 W System.err: 	at sun.nio.ch.DatagramChannelImpl.send(DatagramChannelImpl.java:550)
11-06 11:03:13.131 26877 26911 W System.err: 	at sun.nio.ch.DatagramChannelImpl.send(DatagramChannelImpl.java:514)
11-06 11:03:13.131 26877 26911 W System.err: 	at symlab.CloudAR.network.TransmissionTask.run(TransmissionTask.java:124)
11-06 11:03:13.131 26877 26911 W System.err: 	at android.os.Handler.handleCallback(Handler.java:907)
11-06 11:03:13.131 26877 26911 W System.err: 	at android.os.Handler.dispatchMessage(Handler.java:105)
11-06 11:03:13.131 26877 26911 W System.err: 	at android.os.Looper.loop(Looper.java:216)
11-06 11:03:13.131 26877 26911 W System.err: 	at android.os.HandlerThread.run(HandlerThread.java:65)
11-06 11:03:13.180 26877 26911 W System.err: java.net.SocketException: Message too long
11-06 11:03:13.180 26877 26911 W System.err: 	at sun.nio.ch.DatagramChannelImpl.send0(Native Method)
11-06 11:03:13.180 26877 26911 W System.err: 	at sun.nio.ch.DatagramChannelImpl.sendFromNativeBuffer(DatagramChannelImpl.java:573)
11-06 11:03:13.180 26877 26911 W System.err: 	at sun.nio.ch.DatagramChannelImpl.send(DatagramChannelImpl.java:550)
11-06 11:03:13.180 26877 26911 W System.err: 	at sun.nio.ch.DatagramChannelImpl.send(DatagramChannelImpl.java:514)
11-06 11:03:13.180 26877 26911 W System.err: 	at symlab.CloudAR.network.TransmissionTask.run(TransmissionTask.java:124)
11-06 11:03:13.180 26877 26911 W System.err: 	at android.os.Handler.handleCallback(Handler.java:907)
11-06 11:03:13.180 26877 26911 W System.err: 	at android.os.Handler.dispatchMessage(Handler.java:105)
11-06 11:03:13.180 26877 26911 W System.err: 	at android.os.Looper.loop(Looper.java:216)
11-06 11:03:13.180 26877 26911 W System.err: 	at android.os.HandlerThread.run(HandlerThread.java:65)
11-06 11:03:13.204 26877 26911 W System.err: java.net.SocketException: Message too long
11-06 11:03:13.204 26877 26911 W System.err: 	at sun.nio.ch.DatagramChannelImpl.send0(Native Method)
11-06 11:03:13.204 26877 26911 W System.err: 	at sun.nio.ch.DatagramChannelImpl.sendFromNativeBuffer(DatagramChannelImpl.java:573)
11-06 11:03:13.204 26877 26911 W System.err: 	at sun.nio.ch.DatagramChannelImpl.send(DatagramChannelImpl.java:550)
11-06 11:03:13.204 26877 26911 W System.err: 	at sun.nio.ch.DatagramChannelImpl.send(DatagramChannelImpl.java:514)
11-06 11:03:13.205 26877 26911 W System.err: 	at symlab.CloudAR.network.TransmissionTask.run(TransmissionTask.java:124)
11-06 11:03:13.205 26877 26911 W System.err: 	at android.os.Handler.handleCallback(Handler.java:907)
11-06 11:03:13.205 26877 26911 W System.err: 	at android.os.Handler.dispatchMessage(Handler.java:105)
11-06 11:03:13.205 26877 26911 W System.err: 	at android.os.Looper.loop(Looper.java:216)
11-06 11:03:13.205 26877 26911 W System.err: 	at android.os.HandlerThread.run(HandlerThread.java:65)
11-06 11:03:13.239 26877 26911 W System.err: java.net.SocketException: Message too long
11-06 11:03:13.239 26877 26911 W System.err: 	at sun.nio.ch.DatagramChannelImpl.send0(Native Method)
11-06 11:03:13.239 26877 26911 W System.err: 	at sun.nio.ch.DatagramChannelImpl.sendFromNativeBuffer(DatagramChannelImpl.java:573)
11-06 11:03:13.239 26877 26911 W System.err: 	at sun.nio.ch.DatagramChannelImpl.send(DatagramChannelImpl.java:550)
11-06 11:03:13.239 26877 26911 W System.err: 	at sun.nio.ch.DatagramChannelImpl.send(DatagramChannelImpl.java:514)
11-06 11:03:13.239 26877 26911 W System.err: 	at symlab.CloudAR.network.TransmissionTask.run(TransmissionTask.java:124)
11-06 11:03:13.239 26877 26911 W System.err: 	at android.os.Handler.handleCallback(Handler.java:907)
11-06 11:03:13.239 26877 26911 W System.err: 	at android.os.Handler.dispatchMessage(Handler.java:105)
11-06 11:03:13.239 26877 26911 W System.err: 	at android.os.Looper.loop(Looper.java:216)
11-06 11:03:13.239 26877 26911 W System.err: 	at android.os.HandlerThread.run(HandlerThread.java:65)
11-06 11:03:13.268 26877 26911 W System.err: java.net.SocketException: Message too long
11-06 11:03:13.268 26877 26911 W System.err: 	at sun.nio.ch.DatagramChannelImpl.send0(Native Method)
11-06 11:03:13.268 26877 26911 W System.err: 	at sun.nio.ch.DatagramChannelImpl.sendFromNativeBuffer(DatagramChannelImpl.java:573)
11-06 11:03:13.268 26877 26911 W System.err: 	at sun.nio.ch.DatagramChannelImpl.send(DatagramChannelImpl.java:550)
11-06 11:03:13.269 26877 26911 W System.err: 	at sun.nio.ch.DatagramChannelImpl.send(DatagramChannelImpl.java:514)
11-06 11:03:13.269 26877 26911 W System.err: 	at symlab.CloudAR.network.TransmissionTask.run(TransmissionTask.java:124)
11-06 11:03:13.269 26877 26911 W System.err: 	at android.os.Handler.handleCallback(Handler.java:907)
11-06 11:03:13.269 26877 26911 W System.err: 	at android.os.Handler.dispatchMessage(Handler.java:105)
11-06 11:03:13.269 26877 26911 W System.err: 	at android.os.Looper.loop(Looper.java:216)
11-06 11:03:13.269 26877 26911 W System.err: 	at android.os.HandlerThread.run(HandlerThread.java:65)
11-06 11:03:13.307 26877 26911 W System.err: java.net.SocketException: Message too long
11-06 11:03:13.307 26877 26911 W System.err: 	at sun.nio.ch.DatagramChannelImpl.send0(Native Method)
11-06 11:03:13.307 26877 26911 W System.err: 	at sun.nio.ch.DatagramChannelImpl.sendFromNativeBuffer(DatagramChannelImpl.java:573)
11-06 11:03:13.307 26877 26911 W System.err: 	at sun.nio.ch.DatagramChannelImpl.send(DatagramChannelImpl.java:550)
11-06 11:03:13.307 26877 26911 W System.err: 	at sun.nio.ch.DatagramChannelImpl.send(DatagramChannelImpl.java:514)
11-06 11:03:13.307 26877 26911 W System.err: 	at symlab.CloudAR.network.TransmissionTask.run(TransmissionTask.java:124)
11-06 11:03:13.307 26877 26911 W System.err: 	at android.os.Handler.handleCallback(Handler.java:907)
11-06 11:03:13.307 26877 26911 W System.err: 	at android.os.Handler.dispatchMessage(Handler.java:105)
11-06 11:03:13.307 26877 26911 W System.err: 	at android.os.Looper.loop(Looper.java:216)
11-06 11:03:13.307 26877 26911 W System.err: 	at android.os.HandlerThread.run(HandlerThread.java:65)
11-06 11:03:13.351 26877 26911 W System.err: java.net.SocketException: Message too long
11-06 11:03:13.351 26877 26911 W System.err: 	at sun.nio.ch.DatagramChannelImpl.send0(Native Method)
11-06 11:03:13.351 26877 26911 W System.err: 	at sun.nio.ch.DatagramChannelImpl.sendFromNativeBuffer(DatagramChannelImpl.java:573)
11-06 11:03:13.351 26877 26911 W System.err: 	at sun.nio.ch.DatagramChannelImpl.send(DatagramChannelImpl.java:550)
11-06 11:03:13.351 26877 26911 W System.err: 	at sun.nio.ch.DatagramChannelImpl.send(DatagramChannelImpl.java:514)
11-06 11:03:13.351 26877 26911 W System.err: 	at symlab.CloudAR.network.TransmissionTask.run(TransmissionTask.java:124)
11-06 11:03:13.351 26877 26911 W System.err: 	at android.os.Handler.handleCallback(Handler.java:907)
11-06 11:03:13.351 26877 26911 W System.err: 	at android.os.Handler.dispatchMessage(Handler.java:105)
11-06 11:03:13.351 26877 26911 W System.err: 	at android.os.Looper.loop(Looper.java:216)
11-06 11:03:13.351 26877 26911 W System.err: 	at android.os.HandlerThread.run(HandlerThread.java:65)
11-06 11:03:13.358 26877 26877 D Poster  : At 1573030993358 location is 65.05800928083032 (latitude), and 25.467799779829136 (longitude)
11-06 11:03:13.361 26877 26877 D Poster  : Connected to mobile network 20
11-06 11:03:13.368 26877 26911 W System.err: java.net.SocketException: Message too long
11-06 11:03:13.368 26877 26911 W System.err: 	at sun.nio.ch.DatagramChannelImpl.send0(Native Method)
11-06 11:03:13.368 26877 26911 W System.err: 	at sun.nio.ch.DatagramChannelImpl.sendFromNativeBuffer(DatagramChannelImpl.java:573)
11-06 11:03:13.368 26877 26911 W System.err: 	at sun.nio.ch.DatagramChannelImpl.send(DatagramChannelImpl.java:550)
11-06 11:03:13.368 26877 26911 W System.err: 	at sun.nio.ch.DatagramChannelImpl.send(DatagramChannelImpl.java:514)
11-06 11:03:13.368 26877 26911 W System.err: 	at symlab.CloudAR.network.TransmissionTask.run(TransmissionTask.java:124)
11-06 11:03:13.368 26877 26911 W System.err: 	at android.os.Handler.handleCallback(Handler.java:907)
11-06 11:03:13.368 26877 26911 W System.err: 	at android.os.Handler.dispatchMessage(Handler.java:105)
11-06 11:03:13.368 26877 26911 W System.err: 	at android.os.Looper.loop(Looper.java:216)
11-06 11:03:13.368 26877 26911 W System.err: 	at android.os.HandlerThread.run(HandlerThread.java:65)
11-06 11:03:13.391 26877 26911 W System.err: java.net.SocketException: Message too long
11-06 11:03:13.391 26877 26911 W System.err: 	at sun.nio.ch.DatagramChannelImpl.send0(Native Method)
11-06 11:03:13.391 26877 26911 W System.err: 	at sun.nio.ch.DatagramChannelImpl.sendFromNativeBuffer(DatagramChannelImpl.java:573)
11-06 11:03:13.391 26877 26911 W System.err: 	at sun.nio.ch.DatagramChannelImpl.send(DatagramChannelImpl.java:550)
11-06 11:03:13.391 26877 26911 W System.err: 	at sun.nio.ch.DatagramChannelImpl.send(DatagramChannelImpl.java:514)
11-06 11:03:13.391 26877 26911 W System.err: 	at symlab.CloudAR.network.TransmissionTask.run(TransmissionTask.java:124)
11-06 11:03:13.391 26877 26911 W System.err: 	at android.os.Handler.handleCallback(Handler.java:907)
11-06 11:03:13.391 26877 26911 W System.err: 	at android.os.Handler.dispatchMessage(Handler.java:105)
11-06 11:03:13.391 26877 26911 W System.err: 	at android.os.Looper.loop(Looper.java:216)
11-06 11:03:13.391 26877 26911 W System.err: 	at android.os.HandlerThread.run(HandlerThread.java:65)
11-06 11:03:13.432 26877 26911 W System.err: java.net.SocketException: Message too long
11-06 11:03:13.433 26877 26911 W System.err: 	at sun.nio.ch.DatagramChannelImpl.send0(Native Method)
11-06 11:03:13.433 26877 26911 W System.err: 	at sun.nio.ch.DatagramChannelImpl.sendFromNativeBuffer(DatagramChannelImpl.java:573)
11-06 11:03:13.433 26877 26911 W System.err: 	at sun.nio.ch.DatagramChannelImpl.send(DatagramChannelImpl.java:550)
11-06 11:03:13.433 26877 26911 W System.err: 	at sun.nio.ch.DatagramChannelImpl.send(DatagramChannelImpl.java:514)
11-06 11:03:13.433 26877 26911 W System.err: 	at symlab.CloudAR.network.TransmissionTask.run(TransmissionTask.java:124)
11-06 11:03:13.433 26877 26911 W System.err: 	at android.os.Handler.handleCallback(Handler.java:907)
11-06 11:03:13.433 26877 26911 W System.err: 	at android.os.Handler.dispatchMessage(Handler.java:105)
11-06 11:03:13.433 26877 26911 W System.err: 	at android.os.Looper.loop(Looper.java:216)
11-06 11:03:13.433 26877 26911 W System.err: 	at android.os.HandlerThread.run(HandlerThread.java:65)
11-06 11:03:13.461 26877 26911 W System.err: java.net.SocketException: Message too long
11-06 11:03:13.462 26877 26911 W System.err: 	at sun.nio.ch.DatagramChannelImpl.send0(Native Method)
11-06 11:03:13.462 26877 26911 W System.err: 	at sun.nio.ch.DatagramChannelImpl.sendFromNativeBuffer(DatagramChannelImpl.java:573)
11-06 11:03:13.462 26877 26911 W System.err: 	at sun.nio.ch.DatagramChannelImpl.send(DatagramChannelImpl.java:550)
11-06 11:03:13.462 26877 26911 W System.err: 	at sun.nio.ch.DatagramChannelImpl.send(DatagramChannelImpl.java:514)
11-06 11:03:13.462 26877 26911 W System.err: 	at symlab.CloudAR.network.TransmissionTask.run(TransmissionTask.java:124)
11-06 11:03:13.462 26877 26911 W System.err: 	at android.os.Handler.handleCallback(Handler.java:907)
11-06 11:03:13.462 26877 26911 W System.err: 	at android.os.Handler.dispatchMessage(Handler.java:105)
11-06 11:03:13.462 26877 26911 W System.err: 	at android.os.Looper.loop(Looper.java:216)
11-06 11:03:13.462 26877 26911 W System.err: 	at android.os.HandlerThread.run(HandlerThread.java:65)
11-06 11:03:13.486 26877 26911 W System.err: java.net.SocketException: Message too long
11-06 11:03:13.486 26877 26911 W System.err: 	at sun.nio.ch.DatagramChannelImpl.send0(Native Method)
11-06 11:03:13.486 26877 26911 W System.err: 	at sun.nio.ch.DatagramChannelImpl.sendFromNativeBuffer(DatagramChannelImpl.java:573)
11-06 11:03:13.486 26877 26911 W System.err: 	at sun.nio.ch.DatagramChannelImpl.send(DatagramChannelImpl.java:550)
11-06 11:03:13.486 26877 26911 W System.err: 	at sun.nio.ch.DatagramChannelImpl.send(DatagramChannelImpl.java:514)
11-06 11:03:13.486 26877 26911 W System.err: 	at symlab.CloudAR.network.TransmissionTask.run(TransmissionTask.java:124)
11-06 11:03:13.486 26877 26911 W System.err: 	at android.os.Handler.handleCallback(Handler.java:907)
11-06 11:03:13.486 26877 26911 W System.err: 	at android.os.Handler.dispatchMessage(Handler.java:105)
11-06 11:03:13.486 26877 26911 W System.err: 	at android.os.Looper.loop(Looper.java:216)
11-06 11:03:13.486 26877 26911 W System.err: 	at android.os.HandlerThread.run(HandlerThread.java:65)
11-06 11:03:13.519 26877 26911 W System.err: java.net.SocketException: Message too long
11-06 11:03:13.519 26877 26911 W System.err: 	at sun.nio.ch.DatagramChannelImpl.send0(Native Method)
11-06 11:03:13.519 26877 26911 W System.err: 	at sun.nio.ch.DatagramChannelImpl.sendFromNativeBuffer(DatagramChannelImpl.java:573)
11-06 11:03:13.519 26877 26911 W System.err: 	at sun.nio.ch.DatagramChannelImpl.send(DatagramChannelImpl.java:550)
11-06 11:03:13.519 26877 26911 W System.err: 	at sun.nio.ch.DatagramChannelImpl.send(DatagramChannelImpl.java:514)
11-06 11:03:13.519 26877 26911 W System.err: 	at symlab.CloudAR.network.TransmissionTask.run(TransmissionTask.java:124)
11-06 11:03:13.519 26877 26911 W System.err: 	at android.os.Handler.handleCallback(Handler.java:907)
11-06 11:03:13.519 26877 26911 W System.err: 	at android.os.Handler.dispatchMessage(Handler.java:105)
11-06 11:03:13.519 26877 26911 W System.err: 	at android.os.Looper.loop(Looper.java:216)
11-06 11:03:13.519 26877 26911 W System.err: 	at android.os.HandlerThread.run(HandlerThread.java:65)
11-06 11:03:13.557 26877 26911 W System.err: java.net.SocketException: Message too long
11-06 11:03:13.557 26877 26911 W System.err: 	at sun.nio.ch.DatagramChannelImpl.send0(Native Method)
11-06 11:03:13.557 26877 26911 W System.err: 	at sun.nio.ch.DatagramChannelImpl.sendFromNativeBuffer(DatagramChannelImpl.java:573)
11-06 11:03:13.557 26877 26911 W System.err: 	at sun.nio.ch.DatagramChannelImpl.send(DatagramChannelImpl.java:550)
11-06 11:03:13.558 26877 26911 W System.err: 	at sun.nio.ch.DatagramChannelImpl.send(DatagramChannelImpl.java:514)
11-06 11:03:13.558 26877 26911 W System.err: 	at symlab.CloudAR.network.TransmissionTask.run(TransmissionTask.java:124)
11-06 11:03:13.558 26877 26911 W System.err: 	at android.os.Handler.handleCallback(Handler.java:907)
11-06 11:03:13.558 26877 26911 W System.err: 	at android.os.Handler.dispatchMessage(Handler.java:105)
11-06 11:03:13.558 26877 26911 W System.err: 	at android.os.Looper.loop(Looper.java:216)
11-06 11:03:13.558 26877 26911 W System.err: 	at android.os.HandlerThread.run(HandlerThread.java:65)
11-06 11:03:13.593 26877 26911 W System.err: java.net.SocketException: Message too long
11-06 11:03:13.593 26877 26911 W System.err: 	at sun.nio.ch.DatagramChannelImpl.send0(Native Method)
11-06 11:03:13.593 26877 26911 W System.err: 	at sun.nio.ch.DatagramChannelImpl.sendFromNativeBuffer(DatagramChannelImpl.java:573)
11-06 11:03:13.593 26877 26911 W System.err: 	at sun.nio.ch.DatagramChannelImpl.send(DatagramChannelImpl.java:550)
11-06 11:03:13.593 26877 26911 W System.err: 	at sun.nio.ch.DatagramChannelImpl.send(DatagramChannelImpl.java:514)
11-06 11:03:13.593 26877 26911 W System.err: 	at symlab.CloudAR.network.TransmissionTask.run(TransmissionTask.java:124)
11-06 11:03:13.593 26877 26911 W System.err: 	at android.os.Handler.handleCallback(Handler.java:907)
11-06 11:03:13.593 26877 26911 W System.err: 	at android.os.Handler.dispatchMessage(Handler.java:105)
11-06 11:03:13.593 26877 26911 W System.err: 	at android.os.Looper.loop(Looper.java:216)
11-06 11:03:13.593 26877 26911 W System.err: 	at android.os.HandlerThread.run(HandlerThread.java:65)
11-06 11:03:13.664 26877 26911 W System.err: java.net.SocketException: Message too long
11-06 11:03:13.665 26877 26911 W System.err: 	at sun.nio.ch.DatagramChannelImpl.send0(Native Method)
11-06 11:03:13.665 26877 26911 W System.err: 	at sun.nio.ch.DatagramChannelImpl.sendFromNativeBuffer(DatagramChannelImpl.java:573)
11-06 11:03:13.665 26877 26911 W System.err: 	at sun.nio.ch.DatagramChannelImpl.send(DatagramChannelImpl.java:550)
11-06 11:03:13.665 26877 26911 W System.err: 	at sun.nio.ch.DatagramChannelImpl.send(DatagramChannelImpl.java:514)
11-06 11:03:13.665 26877 26911 W System.err: 	at symlab.CloudAR.network.TransmissionTask.run(TransmissionTask.java:124)
11-06 11:03:13.665 26877 26911 W System.err: 	at android.os.Handler.handleCallback(Handler.java:907)
11-06 11:03:13.665 26877 26911 W System.err: 	at android.os.Handler.dispatchMessage(Handler.java:105)
11-06 11:03:13.665 26877 26911 W System.err: 	at android.os.Looper.loop(Looper.java:216)
11-06 11:03:13.665 26877 26911 W System.err: 	at android.os.HandlerThread.run(HandlerThread.java:65)
11-06 11:03:13.705 26877 26911 W System.err: java.net.SocketException: Message too long
11-06 11:03:13.705 26877 26911 W System.err: 	at sun.nio.ch.DatagramChannelImpl.send0(Native Method)
11-06 11:03:13.705 26877 26911 W System.err: 	at sun.nio.ch.DatagramChannelImpl.sendFromNativeBuffer(DatagramChannelImpl.java:573)
11-06 11:03:13.705 26877 26911 W System.err: 	at sun.nio.ch.DatagramChannelImpl.send(DatagramChannelImpl.java:550)
11-06 11:03:13.705 26877 26911 W System.err: 	at sun.nio.ch.DatagramChannelImpl.send(DatagramChannelImpl.java:514)
11-06 11:03:13.705 26877 26911 W System.err: 	at symlab.CloudAR.network.TransmissionTask.run(TransmissionTask.java:124)
11-06 11:03:13.705 26877 26911 W System.err: 	at android.os.Handler.handleCallback(Handler.java:907)
11-06 11:03:13.705 26877 26911 W System.err: 	at android.os.Handler.dispatchMessage(Handler.java:105)
11-06 11:03:13.705 26877 26911 W System.err: 	at android.os.Looper.loop(Looper.java:216)
11-06 11:03:13.705 26877 26911 W System.err: 	at android.os.HandlerThread.run(HandlerThread.java:65)
11-06 11:03:13.739 26877 26911 W System.err: java.net.SocketException: Message too long
11-06 11:03:13.739 26877 26911 W System.err: 	at sun.nio.ch.DatagramChannelImpl.send0(Native Method)
11-06 11:03:13.739 26877 26911 W System.err: 	at sun.nio.ch.DatagramChannelImpl.sendFromNativeBuffer(DatagramChannelImpl.java:573)
11-06 11:03:13.739 26877 26911 W System.err: 	at sun.nio.ch.DatagramChannelImpl.send(DatagramChannelImpl.java:550)
11-06 11:03:13.739 26877 26911 W System.err: 	at sun.nio.ch.DatagramChannelImpl.send(DatagramChannelImpl.java:514)
11-06 11:03:13.739 26877 26911 W System.err: 	at symlab.CloudAR.network.TransmissionTask.run(TransmissionTask.java:124)
11-06 11:03:13.739 26877 26911 W System.err: 	at android.os.Handler.handleCallback(Handler.java:907)
11-06 11:03:13.739 26877 26911 W System.err: 	at android.os.Handler.dispatchMessage(Handler.java:105)
11-06 11:03:13.740 26877 26911 W System.err: 	at android.os.Looper.loop(Looper.java:216)
11-06 11:03:13.740 26877 26911 W System.err: 	at android.os.HandlerThread.run(HandlerThread.java:65)
11-06 11:03:13.771 26877 26911 W System.err: java.net.SocketException: Message too long
11-06 11:03:13.771 26877 26911 W System.err: 	at sun.nio.ch.DatagramChannelImpl.send0(Native Method)
