11-06 11:57:11.979  3427  3511 W System.err: 	at android.os.Looper.loop(Looper.java:216)
11-06 11:57:11.979  3427  3511 W System.err: 	at android.os.HandlerThread.run(HandlerThread.java:65)
11-06 11:57:12.013  3427  3511 W System.err: java.net.SocketException: Message too long
11-06 11:57:12.013  3427  3511 W System.err: 	at sun.nio.ch.DatagramChannelImpl.send0(Native Method)
11-06 11:57:12.013  3427  3511 W System.err: 	at sun.nio.ch.DatagramChannelImpl.sendFromNativeBuffer(DatagramChannelImpl.java:573)
11-06 11:57:12.013  3427  3511 W System.err: 	at sun.nio.ch.DatagramChannelImpl.send(DatagramChannelImpl.java:550)
11-06 11:57:12.013  3427  3511 W System.err: 	at sun.nio.ch.DatagramChannelImpl.send(DatagramChannelImpl.java:514)
11-06 11:57:12.013  3427  3511 W System.err: 	at symlab.CloudAR.network.TransmissionTask.run(TransmissionTask.java:124)
11-06 11:57:12.013  3427  3511 W System.err: 	at android.os.Handler.handleCallback(Handler.java:907)
11-06 11:57:12.013  3427  3511 W System.err: 	at android.os.Handler.dispatchMessage(Handler.java:105)
11-06 11:57:12.013  3427  3511 W System.err: 	at android.os.Looper.loop(Looper.java:216)
11-06 11:57:12.013  3427  3511 W System.err: 	at android.os.HandlerThread.run(HandlerThread.java:65)
11-06 11:57:12.041  3427  3511 W System.err: java.net.SocketException: Message too long
11-06 11:57:12.041  3427  3511 W System.err: 	at sun.nio.ch.DatagramChannelImpl.send0(Native Method)
11-06 11:57:12.042  3427  3511 W System.err: 	at sun.nio.ch.DatagramChannelImpl.sendFromNativeBuffer(DatagramChannelImpl.java:573)
11-06 11:57:12.042  3427  3511 W System.err: 	at sun.nio.ch.DatagramChannelImpl.send(DatagramChannelImpl.java:550)
11-06 11:57:12.042  3427  3511 W System.err: 	at sun.nio.ch.DatagramChannelImpl.send(DatagramChannelImpl.java:514)
11-06 11:57:12.042  3427  3511 W System.err: 	at symlab.CloudAR.network.TransmissionTask.run(TransmissionTask.java:124)
11-06 11:57:12.042  3427  3511 W System.err: 	at android.os.Handler.handleCallback(Handler.java:907)
11-06 11:57:12.042  3427  3511 W System.err: 	at android.os.Handler.dispatchMessage(Handler.java:105)
11-06 11:57:12.042  3427  3511 W System.err: 	at android.os.Looper.loop(Looper.java:216)
11-06 11:57:12.042  3427  3511 W System.err: 	at android.os.HandlerThread.run(HandlerThread.java:65)
11-06 11:57:12.075  3427  3511 W System.err: java.net.SocketException: Message too long
11-06 11:57:12.075  3427  3511 W System.err: 	at sun.nio.ch.DatagramChannelImpl.send0(Native Method)
11-06 11:57:12.075  3427  3511 W System.err: 	at sun.nio.ch.DatagramChannelImpl.sendFromNativeBuffer(DatagramChannelImpl.java:573)
11-06 11:57:12.075  3427  3511 W System.err: 	at sun.nio.ch.DatagramChannelImpl.send(DatagramChannelImpl.java:550)
11-06 11:57:12.075  3427  3511 W System.err: 	at sun.nio.ch.DatagramChannelImpl.send(DatagramChannelImpl.java:514)
11-06 11:57:12.075  3427  3511 W System.err: 	at symlab.CloudAR.network.TransmissionTask.run(TransmissionTask.java:124)
11-06 11:57:12.075  3427  3511 W System.err: 	at android.os.Handler.handleCallback(Handler.java:907)
11-06 11:57:12.075  3427  3511 W System.err: 	at android.os.Handler.dispatchMessage(Handler.java:105)
11-06 11:57:12.075  3427  3511 W System.err: 	at android.os.Looper.loop(Looper.java:216)
11-06 11:57:12.075  3427  3511 W System.err: 	at android.os.HandlerThread.run(HandlerThread.java:65)
11-06 11:57:12.109  3427  3511 W System.err: java.net.SocketException: Message too long
11-06 11:57:12.109  3427  3511 W System.err: 	at sun.nio.ch.DatagramChannelImpl.send0(Native Method)
11-06 11:57:12.109  3427  3511 W System.err: 	at sun.nio.ch.DatagramChannelImpl.sendFromNativeBuffer(DatagramChannelImpl.java:573)
11-06 11:57:12.109  3427  3511 W System.err: 	at sun.nio.ch.DatagramChannelImpl.send(DatagramChannelImpl.java:550)
11-06 11:57:12.109  3427  3511 W System.err: 	at sun.nio.ch.DatagramChannelImpl.send(DatagramChannelImpl.java:514)
11-06 11:57:12.109  3427  3511 W System.err: 	at symlab.CloudAR.network.TransmissionTask.run(TransmissionTask.java:124)
11-06 11:57:12.109  3427  3511 W System.err: 	at android.os.Handler.handleCallback(Handler.java:907)
11-06 11:57:12.109  3427  3511 W System.err: 	at android.os.Handler.dispatchMessage(Handler.java:105)
11-06 11:57:12.109  3427  3511 W System.err: 	at android.os.Looper.loop(Looper.java:216)
11-06 11:57:12.109  3427  3511 W System.err: 	at android.os.HandlerThread.run(HandlerThread.java:65)
11-06 11:57:12.141  3427  3511 D Evaluation: Frame 147 sent at 1573034232141
11-06 11:57:12.169  3427  3511 D Evaluation: Frame 148 sent at 1573034232169
11-06 11:57:12.203  3427  3511 D Evaluation: Frame 149 sent at 1573034232203
11-06 11:57:12.236  3427  3511 D Evaluation: Frame 150 sent at 1573034232236
11-06 11:57:12.270  3427  3511 D Evaluation: Frame 151 sent at 1573034232270
11-06 11:57:12.306  3427  3511 D Evaluation: Frame 152 sent at 1573034232306
11-06 11:57:12.336  3427  3511 D Evaluation: Frame 153 sent at 1573034232336
11-06 11:57:12.368  3427  3511 D Evaluation: Frame 154 sent at 1573034232368
11-06 11:57:12.408  3427  3511 D Evaluation: Frame 155 sent at 1573034232408
11-06 11:57:12.410  3427  3511 D Evaluation: 0 res for frame 147 received at 1573034232410
11-06 11:57:12.457  3427  3511 D Evaluation: Frame 156 sent at 1573034232457
11-06 11:57:12.511  3427  3511 D Evaluation: Frame 157 sent at 1573034232511
11-06 11:57:12.513  3427  3511 D Evaluation: 0 res for frame 148 received at 1573034232513
11-06 11:57:12.542  3427  3427 D Poster  : At 1573034232542 location is 65.05668563495261 (latitude), and 25.480498004473915 (longitude)
11-06 11:57:12.545  3427  3427 D Poster  : Connected to mobile network 20
11-06 11:57:12.588  3427  3511 D Evaluation: Frame 158 sent at 1573034232588
11-06 11:57:12.589  3427  3511 D Evaluation: 0 res for frame 149 received at 1573034232589
11-06 11:57:12.635  3427  3511 D Evaluation: Frame 159 sent at 1573034232635
11-06 11:57:12.636  3427  3511 D Evaluation: 0 res for frame 150 received at 1573034232636
11-06 11:57:12.700  3427  3511 D Evaluation: Frame 160 sent at 1573034232700
11-06 11:57:12.702  3427  3511 D Evaluation: 0 res for frame 151 received at 1573034232702
11-06 11:57:12.763  3427  3462 E         : [ZeroHung]zrhung_get_config: Get config failed for wp[0x0008]
11-06 11:57:12.763  3427  3511 D Evaluation: Frame 161 sent at 1573034232763
11-06 11:57:12.766  3427  3511 D Evaluation: 0 res for frame 152 received at 1573034232766
11-06 11:57:12.784  3427  3460 W System  : A resource failed to call close. 
11-06 11:57:12.785  3427  3460 I chatty  : uid=10149(symlab.cloudridar.arhud) FinalizerDaemon identical 8 lines
11-06 11:57:12.785  3427  3460 W System  : A resource failed to call close. 
11-06 11:57:12.814  3427  3511 D Evaluation: Frame 162 sent at 1573034232814
11-06 11:57:12.815  3427  3511 D Evaluation: 0 res for frame 153 received at 1573034232815
11-06 11:57:12.880  3427  3511 D Evaluation: Frame 163 sent at 1573034232880
11-06 11:57:12.882  3427  3511 D Evaluation: 0 res for frame 154 received at 1573034232882
11-06 11:57:12.941  3427  3511 D Evaluation: Frame 164 sent at 1573034232941
11-06 11:57:12.943  3427  3511 D Evaluation: 0 res for frame 155 received at 1573034232943
11-06 11:57:13.006  3427  3511 D Evaluation: Frame 165 sent at 1573034233006
11-06 11:57:13.008  3427  3511 D Evaluation: 0 res for frame 156 received at 1573034233008
11-06 11:57:13.059  3427  3511 D Evaluation: Frame 166 sent at 1573034233059
11-06 11:57:13.060  3427  3511 D Evaluation: 0 res for frame 157 received at 1573034233060
11-06 11:57:13.113  3427  3511 D Evaluation: Frame 167 sent at 1573034233113
11-06 11:57:13.115  3427  3511 D Evaluation: 0 res for frame 158 received at 1573034233115
11-06 11:57:13.188  3427  3511 D Evaluation: Frame 168 sent at 1573034233188
11-06 11:57:13.190  3427  3511 D Evaluation: 0 res for frame 159 received at 1573034233190
11-06 11:57:13.247  3427  3511 D Evaluation: Frame 169 sent at 1573034233247
11-06 11:57:13.249  3427  3511 D Evaluation: 0 res for frame 160 received at 1573034233249
11-06 11:57:13.292  3427  3511 D Evaluation: Frame 170 sent at 1573034233292
11-06 11:57:13.293  3427  3511 D Evaluation: 0 res for frame 161 received at 1573034233293
11-06 11:57:13.367  3427  3511 D Evaluation: Frame 171 sent at 1573034233367
11-06 11:57:13.368  3427  3511 D Evaluation: 0 res for frame 162 received at 1573034233368
11-06 11:57:13.421  3427  3511 D Evaluation: Frame 172 sent at 1573034233421
11-06 11:57:13.423  3427  3511 D Evaluation: 0 res for frame 163 received at 1573034233423
11-06 11:57:13.477  3427  3511 D Evaluation: Frame 173 sent at 1573034233477
11-06 11:57:13.479  3427  3511 D Evaluation: 0 res for frame 164 received at 1573034233479
11-06 11:57:13.544  3427  3511 D Evaluation: Frame 174 sent at 1573034233544
11-06 11:57:13.546  3427  3511 D Evaluation: 0 res for frame 165 received at 1573034233546
11-06 11:57:13.553  3427  3427 D Poster  : At 1573034233553 location is 65.05668322278164 (latitude), and 25.480507837229098 (longitude)
11-06 11:57:13.556  3427  3427 D Poster  : Connected to mobile network 20
11-06 11:57:13.595  3427  3511 D Evaluation: Frame 175 sent at 1573034233595
11-06 11:57:13.597  3427  3511 D Evaluation: 0 res for frame 166 received at 1573034233597
11-06 11:57:13.657  3427  3511 D Evaluation: Frame 176 sent at 1573034233657
11-06 11:57:13.659  3427  3511 D Evaluation: 0 res for frame 167 received at 1573034233659
11-06 11:57:13.722  3427  3511 D Evaluation: Frame 177 sent at 1573034233722
11-06 11:57:13.724  3427  3511 D Evaluation: 0 res for frame 168 received at 1573034233724
11-06 11:57:13.790  3427  3511 D Evaluation: Frame 178 sent at 1573034233790
11-06 11:57:13.791  3427  3511 D Evaluation: 0 res for frame 169 received at 1573034233791
11-06 11:57:13.850  3427  3511 D Evaluation: Frame 179 sent at 1573034233850
11-06 11:57:13.851  3427  3511 D Evaluation: 0 res for frame 170 received at 1573034233851
11-06 11:57:13.971  3427  3511 D Evaluation: Frame 180 sent at 1573034233971
11-06 11:57:13.973  3427  3511 D Evaluation: 0 res for frame 171 received at 1573034233973
11-06 11:57:14.095  3427  3511 D Evaluation: Frame 181 sent at 1573034234095
11-06 11:57:14.097  3427  3511 D Evaluation: 0 res for frame 172 received at 1573034234097
11-06 11:57:14.146  3427  3511 D Evaluation: Frame 182 sent at 1573034234146
11-06 11:57:14.148  3427  3511 D Evaluation: 0 res for frame 173 received at 1573034234148
11-06 11:57:14.204  3427  3511 D Evaluation: Frame 183 sent at 1573034234204
11-06 11:57:14.205  3427  3511 D Evaluation: 0 res for frame 174 received at 1573034234205
11-06 11:57:14.271  3427  3511 D Evaluation: Frame 184 sent at 1573034234271
11-06 11:57:14.273  3427  3511 D Evaluation: 0 res for frame 175 received at 1573034234273
11-06 11:57:14.329  3427  3511 D Evaluation: Frame 185 sent at 1573034234329
11-06 11:57:14.330  3427  3511 D Evaluation: 0 res for frame 176 received at 1573034234330
11-06 11:57:14.388  3427  3511 D Evaluation: Frame 186 sent at 1573034234388
11-06 11:57:14.389  3427  3511 D Evaluation: 0 res for frame 177 received at 1573034234389
11-06 11:57:14.447  3427  3511 D Evaluation: Frame 187 sent at 1573034234447
11-06 11:57:14.449  3427  3511 D Evaluation: 0 res for frame 178 received at 1573034234449
11-06 11:57:14.507  3427  3511 D Evaluation: Frame 188 sent at 1573034234507
11-06 11:57:14.508  3427  3511 D Evaluation: 0 res for frame 179 received at 1573034234508
11-06 11:57:14.547  3427  3427 D Poster  : At 1573034234547 location is 65.05668537308456 (latitude), and 25.480500341382445 (longitude)
11-06 11:57:14.552  3427  3427 D Poster  : Connected to mobile network 20
11-06 11:57:14.589  3427  3511 D Evaluation: Frame 189 sent at 1573034234589
11-06 11:57:14.590  3427  3511 D Evaluation: 0 res for frame 180 received at 1573034234590
11-06 11:57:14.617  3427  3511 D Evaluation: Frame 190 sent at 1573034234617
11-06 11:57:14.620  3427  3511 D Evaluation: 0 res for frame 181 received at 1573034234620
11-06 11:57:14.683  3427  3511 D Evaluation: Frame 191 sent at 1573034234683
11-06 11:57:14.685  3427  3511 D Evaluation: 0 res for frame 182 received at 1573034234685
11-06 11:57:14.738  3427  3511 D Evaluation: Frame 192 sent at 1573034234738
11-06 11:57:14.740  3427  3511 D Evaluation: 0 res for frame 183 received at 1573034234740
11-06 11:57:14.806  3427  3511 D Evaluation: Frame 193 sent at 1573034234806
11-06 11:57:14.808  3427  3511 D Evaluation: 0 res for frame 184 received at 1573034234808
11-06 11:57:14.864  3427  3511 D Evaluation: Frame 194 sent at 1573034234864
11-06 11:57:14.866  3427  3511 D Evaluation: 0 res for frame 185 received at 1573034234866
11-06 11:57:14.923  3427  3511 D Evaluation: Frame 195 sent at 1573034234923
11-06 11:57:14.924  3427  3511 D Evaluation: 0 res for frame 186 received at 1573034234924
11-06 11:57:14.982  3427  3511 D Evaluation: Frame 196 sent at 1573034234982
11-06 11:57:14.983  3427  3511 D Evaluation: 0 res for frame 187 received at 1573034234983
11-06 11:57:15.048  3427  3511 D Evaluation: Frame 197 sent at 1573034235048
11-06 11:57:15.050  3427  3511 D Evaluation: 0 res for frame 188 received at 1573034235050
11-06 11:57:15.108  3427  3511 D Evaluation: Frame 198 sent at 1573034235107
11-06 11:57:15.109  3427  3511 D Evaluation: 0 res for frame 189 received at 1573034235109
11-06 11:57:15.170  3427  3511 D Evaluation: Frame 199 sent at 1573034235170
11-06 11:57:15.171  3427  3511 D Evaluation: 0 res for frame 190 received at 1573034235171
11-06 11:57:15.227  3427  3511 D Evaluation: Frame 200 sent at 1573034235227
11-06 11:57:15.228  3427  3511 D Evaluation: 0 res for frame 191 received at 1573034235228
11-06 11:57:15.278  3427  3511 D Evaluation: Frame 201 sent at 1573034235278
11-06 11:57:15.280  3427  3511 D Evaluation: 0 res for frame 192 received at 1573034235280
11-06 11:57:15.348  3427  3511 D Evaluation: Frame 202 sent at 1573034235347
11-06 11:57:15.349  3427  3511 D Evaluation: 0 res for frame 193 received at 1573034235349
11-06 11:57:15.408  3427  3511 D Evaluation: Frame 203 sent at 1573034235408
11-06 11:57:15.409  3427  3511 D Evaluation: 0 res for frame 194 received at 1573034235409
11-06 11:57:15.464  3427  3511 D Evaluation: Frame 204 sent at 1573034235464
11-06 11:57:15.466  3427  3511 D Evaluation: 0 res for frame 195 received at 1573034235466
11-06 11:57:15.529  3427  3511 D Evaluation: Frame 205 sent at 1573034235529
11-06 11:57:15.531  3427  3511 D Evaluation: 0 res for frame 196 received at 1573034235531
11-06 11:57:15.542  3427  3427 D Poster  : At 1573034235542 location is 65.05668684132365 (latitude), and 25.480499243524836 (longitude)
11-06 11:57:15.545  3427  3427 D Poster  : Connected to mobile network 20
11-06 11:57:15.583  3427  3511 D Evaluation: Frame 206 sent at 1573034235583
11-06 11:57:15.585  3427  3511 D Evaluation: 0 res for frame 197 received at 1573034235585
11-06 11:57:15.649  3427  3511 D Evaluation: Frame 207 sent at 1573034235649
11-06 11:57:15.650  3427  3511 D Evaluation: 0 res for frame 198 received at 1573034235650
11-06 11:57:15.705  3427  3511 D Evaluation: Frame 208 sent at 1573034235705
11-06 11:57:15.706  3427  3511 D Evaluation: 0 res for frame 199 received at 1573034235706
11-06 11:57:15.770  3427  3511 D Evaluation: Frame 209 sent at 1573034235770
11-06 11:57:15.772  3427  3511 D Evaluation: 0 res for frame 200 received at 1573034235772
11-06 11:57:15.834  3427  3511 D Evaluation: Frame 210 sent at 1573034235834
11-06 11:57:15.836  3427  3511 D Evaluation: 0 res for frame 201 received at 1573034235836
11-06 11:57:15.898  3427  3511 D Evaluation: Frame 211 sent at 1573034235898
11-06 11:57:15.900  3427  3511 D Evaluation: 0 res for frame 202 received at 1573034235899
11-06 11:57:15.954  3427  3511 D Evaluation: Frame 212 sent at 1573034235954
11-06 11:57:15.956  3427  3511 D Evaluation: 0 res for frame 203 received at 1573034235956
11-06 11:57:16.015  3427  3511 D Evaluation: Frame 213 sent at 1573034236015
11-06 11:57:16.017  3427  3511 D Evaluation: 0 res for frame 204 received at 1573034236017
11-06 11:57:16.072  3427  3511 D Evaluation: Frame 214 sent at 1573034236072
11-06 11:57:16.074  3427  3511 D Evaluation: 0 res for frame 205 received at 1573034236074
11-06 11:57:16.130  3427  3511 D Evaluation: Frame 215 sent at 1573034236130
11-06 11:57:16.132  3427  3511 D Evaluation: 0 res for frame 206 received at 1573034236132
11-06 11:57:16.194  3427  3511 D Evaluation: Frame 216 sent at 1573034236194
11-06 11:57:16.195  3427  3511 D Evaluation: 0 res for frame 207 received at 1573034236195
11-06 11:57:16.263  3427  3511 D Evaluation: Frame 217 sent at 1573034236263
11-06 11:57:16.265  3427  3511 D Evaluation: 0 res for frame 208 received at 1573034236265
11-06 11:57:16.309  3427  3511 D Evaluation: Frame 218 sent at 1573034236309
11-06 11:57:16.310  3427  3511 D Evaluation: 0 res for frame 209 received at 1573034236310
11-06 11:57:16.371  3427  3511 D Evaluation: Frame 219 sent at 1573034236371
11-06 11:57:16.374  3427  3511 D Evaluation: 0 res for frame 210 received at 1573034236374
11-06 11:57:16.445  3427  3511 D Evaluation: Frame 220 sent at 1573034236445
11-06 11:57:16.447  3427  3511 D Evaluation: 0 res for frame 211 received at 1573034236447
11-06 11:57:16.493  3427  3511 D Evaluation: Frame 221 sent at 1573034236493
11-06 11:57:16.496  3427  3511 D Evaluation: 0 res for frame 212 received at 1573034236496
11-06 11:57:16.549  3427  3427 D Poster  : At 1573034236549 location is 65.05668559326236 (latitude), and 25.480490992121524 (longitude)
11-06 11:57:16.552  3427  3427 D Poster  : Connected to mobile network 20
11-06 11:57:16.556  3427  3511 D Evaluation: Frame 222 sent at 1573034236556
11-06 11:57:16.560  3427  3511 D Evaluation: 0 res for frame 213 received at 1573034236560
11-06 11:57:16.623  3427  3511 D Evaluation: Frame 223 sent at 1573034236623
11-06 11:57:16.626  3427  3511 D Evaluation: 0 res for frame 214 received at 1573034236625
11-06 11:57:16.667  3427  3511 D Evaluation: Frame 224 sent at 1573034236667
11-06 11:57:16.669  3427  3511 D Evaluation: 0 res for frame 215 received at 1573034236669
11-06 11:57:16.706  3427  3511 D Evaluation: Frame 225 sent at 1573034236706
11-06 11:57:16.708  3427  3511 D Evaluation: 0 res for frame 216 received at 1573034236708
11-06 11:57:16.759  3427  3511 D Evaluation: Frame 226 sent at 1573034236759
11-06 11:57:16.761  3427  3511 D Evaluation: 0 res for frame 217 received at 1573034236761
11-06 11:57:16.829  3427  3511 D Evaluation: Frame 227 sent at 1573034236829
11-06 11:57:16.832  3427  3511 D Evaluation: 0 res for frame 218 received at 1573034236831
11-06 11:57:16.889  3427  3511 D Evaluation: Frame 228 sent at 1573034236889
11-06 11:57:16.891  3427  3511 D Evaluation: 0 res for frame 219 received at 1573034236891
11-06 11:57:16.945  3427  3511 D Evaluation: Frame 229 sent at 1573034236945
11-06 11:57:16.947  3427  3511 D Evaluation: 0 res for frame 220 received at 1573034236947
11-06 11:57:17.005  3427  3511 D Evaluation: Frame 230 sent at 1573034237005
11-06 11:57:17.007  3427  3511 D Evaluation: 0 res for frame 221 received at 1573034237007
11-06 11:57:17.065  3427  3511 D Evaluation: Frame 231 sent at 1573034237065
11-06 11:57:17.067  3427  3511 D Evaluation: 0 res for frame 222 received at 1573034237067
11-06 11:57:17.119  3427  3511 D Evaluation: Frame 232 sent at 1573034237119
11-06 11:57:17.121  3427  3511 D Evaluation: 0 res for frame 223 received at 1573034237121
11-06 11:57:17.188  3427  3511 D Evaluation: Frame 233 sent at 1573034237188
11-06 11:57:17.190  3427  3462 E         : [ZeroHung]zrhung_get_config: Get config failed for wp[0x0008]
11-06 11:57:17.190  3427  3511 D Evaluation: 0 res for frame 224 received at 1573034237190
11-06 11:57:17.210  3427  3460 W System  : A resource failed to call close. 
11-06 11:57:17.210  3427  3460 W System  : A resource failed to call close. 
11-06 11:57:17.230  3427  3460 I chatty  : uid=10149(symlab.cloudridar.arhud) FinalizerDaemon identical 143 lines
11-06 11:57:17.230  3427  3460 W System  : A resource failed to call close. 
11-06 11:57:17.240  3427  3511 D Evaluation: Frame 234 sent at 1573034237240
11-06 11:57:17.242  3427  3511 D Evaluation: 0 res for frame 225 received at 1573034237242
11-06 11:57:17.307  3427  3511 D Evaluation: Frame 235 sent at 1573034237307
11-06 11:57:17.310  3427  3511 D Evaluation: 0 res for frame 226 received at 1573034237310
11-06 11:57:17.365  3427  3511 D Evaluation: Frame 236 sent at 1573034237365
11-06 11:57:17.367  3427  3511 D Evaluation: 0 res for frame 227 received at 1573034237367
11-06 11:57:17.411  3427  3511 D Evaluation: Frame 237 sent at 1573034237411
11-06 11:57:17.413  3427  3511 D Evaluation: 0 res for frame 228 received at 1573034237413
11-06 11:57:17.466  3427  3511 D Evaluation: Frame 238 sent at 1573034237466
11-06 11:57:17.468  3427  3511 D Evaluation: 0 res for frame 229 received at 1573034237468
11-06 11:57:17.497  3427  3511 D Evaluation: Frame 239 sent at 1573034237497
11-06 11:57:17.499  3427  3511 D Evaluation: 0 res for frame 230 received at 1573034237499
11-06 11:57:17.528  3427  3511 D Evaluation: Frame 240 sent at 1573034237528
11-06 11:57:17.530  3427  3511 D Evaluation: 0 res for frame 231 received at 1573034237530
11-06 11:57:17.554  3427  3427 D Poster  : At 1573034237553 location is 65.05668232640524 (latitude), and 25.4804843280448 (longitude)
11-06 11:57:17.559  3427  3427 D Poster  : Connected to mobile network 20
11-06 11:57:17.559  3427  3511 D Evaluation: Frame 241 sent at 1573034237559
11-06 11:57:17.561  3427  3511 D Evaluation: 0 res for frame 232 received at 1573034237561
11-06 11:57:17.581  3427  3511 D Evaluation: Frame 242 sent at 1573034237581
11-06 11:57:17.583  3427  3511 D Evaluation: 0 res for frame 233 received at 1573034237583
11-06 11:57:17.630  3427  3511 D Evaluation: Frame 243 sent at 1573034237630
11-06 11:57:17.632  3427  3511 D Evaluation: 0 res for frame 234 received at 1573034237632
11-06 11:57:17.659  3427  3511 D Evaluation: Frame 244 sent at 1573034237659
11-06 11:57:17.661  3427  3511 D Evaluation: 0 res for frame 235 received at 1573034237661
11-06 11:57:17.697  3427  3511 D Evaluation: Frame 245 sent at 1573034237697
11-06 11:57:17.700  3427  3511 D Evaluation: 0 res for frame 236 received at 1573034237700
11-06 11:57:17.725  3427  3511 D Evaluation: Frame 246 sent at 1573034237725
11-06 11:57:17.728  3427  3511 D Evaluation: 0 res for frame 237 received at 1573034237728
11-06 11:57:17.772  3427  3511 D Evaluation: Frame 247 sent at 1573034237772
11-06 11:57:17.775  3427  3511 D Evaluation: 0 res for frame 238 received at 1573034237775
11-06 11:57:17.799  3427  3511 D Evaluation: Frame 248 sent at 1573034237799
11-06 11:57:17.801  3427  3511 D Evaluation: 0 res for frame 239 received at 1573034237801
11-06 11:57:17.876  3427  3511 W System.err: java.net.SocketException: Message too long
11-06 11:57:17.876  3427  3511 W System.err: 	at sun.nio.ch.DatagramChannelImpl.send0(Native Method)
11-06 11:57:17.876  3427  3511 W System.err: 	at sun.nio.ch.DatagramChannelImpl.sendFromNativeBuffer(DatagramChannelImpl.java:573)
11-06 11:57:17.876  3427  3511 W System.err: 	at sun.nio.ch.DatagramChannelImpl.send(DatagramChannelImpl.java:550)
11-06 11:57:17.876  3427  3511 W System.err: 	at sun.nio.ch.DatagramChannelImpl.send(DatagramChannelImpl.java:514)
11-06 11:57:17.876  3427  3511 W System.err: 	at symlab.CloudAR.network.TransmissionTask.run(TransmissionTask.java:124)
11-06 11:57:17.876  3427  3511 W System.err: 	at android.os.Handler.handleCallback(Handler.java:907)
11-06 11:57:17.876  3427  3511 W System.err: 	at android.os.Handler.dispatchMessage(Handler.java:105)
11-06 11:57:17.876  3427  3511 W System.err: 	at android.os.Looper.loop(Looper.java:216)
11-06 11:57:17.876  3427  3511 W System.err: 	at android.os.HandlerThread.run(HandlerThread.java:65)
11-06 11:57:17.878  3427  3511 D Evaluation: 0 res for frame 240 received at 1573034237878
11-06 11:57:17.922  3427  3511 W System.err: java.net.SocketException: Message too long
11-06 11:57:17.922  3427  3511 W System.err: 	at sun.nio.ch.DatagramChannelImpl.send0(Native Method)
11-06 11:57:17.922  3427  3511 W System.err: 	at sun.nio.ch.DatagramChannelImpl.sendFromNativeBuffer(DatagramChannelImpl.java:573)
11-06 11:57:17.922  3427  3511 W System.err: 	at sun.nio.ch.DatagramChannelImpl.send(DatagramChannelImpl.java:550)
11-06 11:57:17.922  3427  3511 W System.err: 	at sun.nio.ch.DatagramChannelImpl.send(DatagramChannelImpl.java:514)
11-06 11:57:17.922  3427  3511 W System.err: 	at symlab.CloudAR.network.TransmissionTask.run(TransmissionTask.java:124)
11-06 11:57:17.922  3427  3511 W System.err: 	at android.os.Handler.handleCallback(Handler.java:907)
11-06 11:57:17.922  3427  3511 W System.err: 	at android.os.Handler.dispatchMessage(Handler.java:105)
11-06 11:57:17.922  3427  3511 W System.err: 	at android.os.Looper.loop(Looper.java:216)
11-06 11:57:17.922  3427  3511 W System.err: 	at android.os.HandlerThread.run(HandlerThread.java:65)
11-06 11:57:17.924  3427  3511 D Evaluation: 0 res for frame 241 received at 1573034237924
11-06 11:57:17.950  3427  3511 D Evaluation: Frame 251 sent at 1573034237950
11-06 11:57:17.952  3427  3511 D Evaluation: 0 res for frame 242 received at 1573034237952
11-06 11:57:17.976  3427  3511 D Evaluation: Frame 252 sent at 1573034237976
11-06 11:57:17.978  3427  3511 D Evaluation: 0 res for frame 243 received at 1573034237978
11-06 11:57:18.003  3427  3511 D Evaluation: Frame 253 sent at 1573034238003
11-06 11:57:18.005  3427  3511 D Evaluation: 0 res for frame 244 received at 1573034238005
11-06 11:57:18.041  3427  3511 D Evaluation: Frame 254 sent at 1573034238041
11-06 11:57:18.043  3427  3511 D Evaluation: 0 res for frame 245 received at 1573034238043
11-06 11:57:18.066  3427  3511 D Evaluation: Frame 255 sent at 1573034238066
11-06 11:57:18.067  3427  3511 D Evaluation: 0 res for frame 246 received at 1573034238067
11-06 11:57:18.104  3427  3511 D Evaluation: Frame 256 sent at 1573034238104
11-06 11:57:18.107  3427  3511 D Evaluation: 0 res for frame 247 received at 1573034238107
11-06 11:57:18.133  3427  3511 D Evaluation: Frame 257 sent at 1573034238133
11-06 11:57:18.135  3427  3511 D Evaluation: 0 res for frame 248 received at 1573034238135
11-06 11:57:18.176  3427  3511 D Evaluation: Frame 258 sent at 1573034238176
11-06 11:57:18.201  3427  3511 D Evaluation: Frame 259 sent at 1573034238201
11-06 11:57:18.278  3427  3511 D Evaluation: Frame 260 sent at 1573034238278
11-06 11:57:18.280  3427  3511 D Evaluation: 0 res for frame 251 received at 1573034238280
11-06 11:57:18.316  3427  3511 D Evaluation: Frame 262 sent at 1573034238316
11-06 11:57:18.341  3427  3511 W System.err: java.net.SocketException: Message too long
11-06 11:57:18.341  3427  3511 W System.err: 	at sun.nio.ch.DatagramChannelImpl.send0(Native Method)
11-06 11:57:18.341  3427  3511 W System.err: 	at sun.nio.ch.DatagramChannelImpl.sendFromNativeBuffer(DatagramChannelImpl.java:573)
11-06 11:57:18.341  3427  3511 W System.err: 	at sun.nio.ch.DatagramChannelImpl.send(DatagramChannelImpl.java:550)
11-06 11:57:18.341  3427  3511 W System.err: 	at sun.nio.ch.DatagramChannelImpl.send(DatagramChannelImpl.java:514)
11-06 11:57:18.341  3427  3511 W System.err: 	at symlab.CloudAR.network.TransmissionTask.run(TransmissionTask.java:124)
11-06 11:57:18.341  3427  3511 W System.err: 	at android.os.Handler.handleCallback(Handler.java:907)
11-06 11:57:18.341  3427  3511 W System.err: 	at android.os.Handler.dispatchMessage(Handler.java:105)
11-06 11:57:18.341  3427  3511 W System.err: 	at android.os.Looper.loop(Looper.java:216)
11-06 11:57:18.341  3427  3511 W System.err: 	at android.os.HandlerThread.run(HandlerThread.java:65)
11-06 11:57:18.376  3427  3511 W System.err: java.net.SocketException: Message too long
11-06 11:57:18.376  3427  3511 W System.err: 	at sun.nio.ch.DatagramChannelImpl.send0(Native Method)
11-06 11:57:18.377  3427  3511 W System.err: 	at sun.nio.ch.DatagramChannelImpl.sendFromNativeBuffer(DatagramChannelImpl.java:573)
11-06 11:57:18.377  3427  3511 W System.err: 	at sun.nio.ch.DatagramChannelImpl.send(DatagramChannelImpl.java:550)
11-06 11:57:18.377  3427  3511 W System.err: 	at sun.nio.ch.DatagramChannelImpl.send(DatagramChannelImpl.java:514)
11-06 11:57:18.377  3427  3511 W System.err: 	at symlab.CloudAR.network.TransmissionTask.run(TransmissionTask.java:124)
11-06 11:57:18.377  3427  3511 W System.err: 	at android.os.Handler.handleCallback(Handler.java:907)
11-06 11:57:18.377  3427  3511 W System.err: 	at android.os.Handler.dispatchMessage(Handler.java:105)
11-06 11:57:18.377  3427  3511 W System.err: 	at android.os.Looper.loop(Looper.java:216)
11-06 11:57:18.377  3427  3511 W System.err: 	at android.os.HandlerThread.run(HandlerThread.java:65)
11-06 11:57:18.413  3427  3511 W System.err: java.net.SocketException: Message too long
11-06 11:57:18.413  3427  3511 W System.err: 	at sun.nio.ch.DatagramChannelImpl.send0(Native Method)
11-06 11:57:18.413  3427  3511 W System.err: 	at sun.nio.ch.DatagramChannelImpl.sendFromNativeBuffer(DatagramChannelImpl.java:573)
11-06 11:57:18.413  3427  3511 W System.err: 	at sun.nio.ch.DatagramChannelImpl.send(DatagramChannelImpl.java:550)
11-06 11:57:18.413  3427  3511 W System.err: 	at sun.nio.ch.DatagramChannelImpl.send(DatagramChannelImpl.java:514)
11-06 11:57:18.413  3427  3511 W System.err: 	at symlab.CloudAR.network.TransmissionTask.run(TransmissionTask.java:124)
11-06 11:57:18.413  3427  3511 W System.err: 	at android.os.Handler.handleCallback(Handler.java:907)
11-06 11:57:18.413  3427  3511 W System.err: 	at android.os.Handler.dispatchMessage(Handler.java:105)
11-06 11:57:18.413  3427  3511 W System.err: 	at android.os.Looper.loop(Looper.java:216)
11-06 11:57:18.413  3427  3511 W System.err: 	at android.os.HandlerThread.run(HandlerThread.java:65)
11-06 11:57:18.446  3427  3511 W System.err: java.net.SocketException: Message too long
11-06 11:57:18.446  3427  3511 W System.err: 	at sun.nio.ch.DatagramChannelImpl.send0(Native Method)
11-06 11:57:18.446  3427  3511 W System.err: 	at sun.nio.ch.DatagramChannelImpl.sendFromNativeBuffer(DatagramChannelImpl.java:573)
11-06 11:57:18.446  3427  3511 W System.err: 	at sun.nio.ch.DatagramChannelImpl.send(DatagramChannelImpl.java:550)
11-06 11:57:18.446  3427  3511 W System.err: 	at sun.nio.ch.DatagramChannelImpl.send(DatagramChannelImpl.java:514)
11-06 11:57:18.446  3427  3511 W System.err: 	at symlab.CloudAR.network.TransmissionTask.run(TransmissionTask.java:124)
11-06 11:57:18.446  3427  3511 W System.err: 	at android.os.Handler.handleCallback(Handler.java:907)
11-06 11:57:18.446  3427  3511 W System.err: 	at android.os.Handler.dispatchMessage(Handler.java:105)
11-06 11:57:18.446  3427  3511 W System.err: 	at android.os.Looper.loop(Looper.java:216)
11-06 11:57:18.446  3427  3511 W System.err: 	at android.os.HandlerThread.run(HandlerThread.java:65)
11-06 11:57:18.449  3427  3511 D Evaluation: 0 res for frame 252 received at 1573034238449
11-06 11:57:18.467  3427  3511 W System.err: java.net.SocketException: Message too long
11-06 11:57:18.468  3427  3511 W System.err: 	at sun.nio.ch.DatagramChannelImpl.send0(Native Method)
11-06 11:57:18.468  3427  3511 W System.err: 	at sun.nio.ch.DatagramChannelImpl.sendFromNativeBuffer(DatagramChannelImpl.java:573)
11-06 11:57:18.468  3427  3511 W System.err: 	at sun.nio.ch.DatagramChannelImpl.send(DatagramChannelImpl.java:550)
11-06 11:57:18.468  3427  3511 W System.err: 	at sun.nio.ch.DatagramChannelImpl.send(DatagramChannelImpl.java:514)
11-06 11:57:18.468  3427  3511 W System.err: 	at symlab.CloudAR.network.TransmissionTask.run(TransmissionTask.java:124)
11-06 11:57:18.468  3427  3511 W System.err: 	at android.os.Handler.handleCallback(Handler.java:907)
11-06 11:57:18.468  3427  3511 W System.err: 	at android.os.Handler.dispatchMessage(Handler.java:105)
11-06 11:57:18.468  3427  3511 W System.err: 	at android.os.Looper.loop(Looper.java:216)
11-06 11:57:18.468  3427  3511 W System.err: 	at android.os.HandlerThread.run(HandlerThread.java:65)
11-06 11:57:18.509  3427  3511 W System.err: java.net.SocketException: Message too long
11-06 11:57:18.509  3427  3511 W System.err: 	at sun.nio.ch.DatagramChannelImpl.send0(Native Method)
11-06 11:57:18.509  3427  3511 W System.err: 	at sun.nio.ch.DatagramChannelImpl.sendFromNativeBuffer(DatagramChannelImpl.java:573)
11-06 11:57:18.509  3427  3511 W System.err: 	at sun.nio.ch.DatagramChannelImpl.send(DatagramChannelImpl.java:550)
11-06 11:57:18.509  3427  3511 W System.err: 	at sun.nio.ch.DatagramChannelImpl.send(DatagramChannelImpl.java:514)
11-06 11:57:18.509  3427  3511 W System.err: 	at symlab.CloudAR.network.TransmissionTask.run(TransmissionTask.java:124)
11-06 11:57:18.509  3427  3511 W System.err: 	at android.os.Handler.handleCallback(Handler.java:907)
11-06 11:57:18.509  3427  3511 W System.err: 	at android.os.Handler.dispatchMessage(Handler.java:105)
11-06 11:57:18.509  3427  3511 W System.err: 	at android.os.Looper.loop(Looper.java:216)
11-06 11:57:18.509  3427  3511 W System.err: 	at android.os.HandlerThread.run(HandlerThread.java:65)
11-06 11:57:18.509  3427  3462 E         : [ZeroHung]zrhung_get_config: Get config failed for wp[0x0008]
11-06 11:57:18.533  3427  3511 W System.err: java.net.SocketException: Message too long
11-06 11:57:18.533  3427  3511 W System.err: 	at sun.nio.ch.DatagramChannelImpl.send0(Native Method)
11-06 11:57:18.533  3427  3511 W System.err: 	at sun.nio.ch.DatagramChannelImpl.sendFromNativeBuffer(DatagramChannelImpl.java:573)
11-06 11:57:18.533  3427  3511 W System.err: 	at sun.nio.ch.DatagramChannelImpl.send(DatagramChannelImpl.java:550)
11-06 11:57:18.533  3427  3511 W System.err: 	at sun.nio.ch.DatagramChannelImpl.send(DatagramChannelImpl.java:514)
11-06 11:57:18.533  3427  3511 W System.err: 	at symlab.CloudAR.network.TransmissionTask.run(TransmissionTask.java:124)
11-06 11:57:18.533  3427  3511 W System.err: 	at android.os.Handler.handleCallback(Handler.java:907)
11-06 11:57:18.533  3427  3511 W System.err: 	at android.os.Handler.dispatchMessage(Handler.java:105)
11-06 11:57:18.533  3427  3511 W System.err: 	at android.os.Looper.loop(Looper.java:216)
11-06 11:57:18.533  3427  3511 W System.err: 	at android.os.HandlerThread.run(HandlerThread.java:65)
11-06 11:57:18.534  3427  3427 D Poster  : At 1573034238534 location is 65.05668232640524 (latitude), and 25.4804843280448 (longitude)
11-06 11:57:18.536  3427  3427 D Poster  : Connected to mobile network 20
11-06 11:57:18.536  3427  3460 W System  : A resource failed to call close. 
11-06 11:57:18.538  3427  3460 I chatty  : uid=10149(symlab.cloudridar.arhud) FinalizerDaemon identical 33 lines
11-06 11:57:18.538  3427  3460 W System  : A resource failed to call close. 
11-06 11:57:18.538  3427  3460 W System  : A resource failed to call close. 
11-06 11:57:18.539  3427  3460 I chatty  : uid=10149(symlab.cloudridar.arhud) FinalizerDaemon identical 13 lines
11-06 11:57:18.539  3427  3460 W System  : A resource failed to call close. 
11-06 11:57:18.539  3427  3460 W System  : A resource failed to call close. 
11-06 11:57:18.539  3427  3460 W System  : A resource failed to call close. 
11-06 11:57:18.579  3427  3511 W System.err: java.net.SocketException: Message too long
11-06 11:57:18.579  3427  3511 W System.err: 	at sun.nio.ch.DatagramChannelImpl.send0(Native Method)
11-06 11:57:18.579  3427  3511 W System.err: 	at sun.nio.ch.DatagramChannelImpl.sendFromNativeBuffer(DatagramChannelImpl.java:573)
11-06 11:57:18.579  3427  3511 W System.err: 	at sun.nio.ch.DatagramChannelImpl.send(DatagramChannelImpl.java:550)
11-06 11:57:18.579  3427  3511 W System.err: 	at sun.nio.ch.DatagramChannelImpl.send(DatagramChannelImpl.java:514)
11-06 11:57:18.579  3427  3511 W System.err: 	at symlab.CloudAR.network.TransmissionTask.run(TransmissionTask.java:124)
11-06 11:57:18.579  3427  3511 W System.err: 	at android.os.Handler.handleCallback(Handler.java:907)
11-06 11:57:18.579  3427  3511 W System.err: 	at android.os.Handler.dispatchMessage(Handler.java:105)
11-06 11:57:18.579  3427  3511 W System.err: 	at android.os.Looper.loop(Looper.java:216)
11-06 11:57:18.579  3427  3511 W System.err: 	at android.os.HandlerThread.run(HandlerThread.java:65)
11-06 11:57:18.607  3427  3511 W System.err: java.net.SocketException: Message too long
11-06 11:57:18.608  3427  3511 W System.err: 	at sun.nio.ch.DatagramChannelImpl.send0(Native Method)
11-06 11:57:18.608  3427  3511 W System.err: 	at sun.nio.ch.DatagramChannelImpl.sendFromNativeBuffer(DatagramChannelImpl.java:573)
11-06 11:57:18.608  3427  3511 W System.err: 	at sun.nio.ch.DatagramChannelImpl.send(DatagramChannelImpl.java:550)
11-06 11:57:18.608  3427  3511 W System.err: 	at sun.nio.ch.DatagramChannelImpl.send(DatagramChannelImpl.java:514)
11-06 11:57:18.608  3427  3511 W System.err: 	at symlab.CloudAR.network.TransmissionTask.run(TransmissionTask.java:124)
11-06 11:57:18.608  3427  3511 W System.err: 	at android.os.Handler.handleCallback(Handler.java:907)
11-06 11:57:18.608  3427  3511 W System.err: 	at android.os.Handler.dispatchMessage(Handler.java:105)
11-06 11:57:18.608  3427  3511 W System.err: 	at android.os.Looper.loop(Looper.java:216)
11-06 11:57:18.608  3427  3511 W System.err: 	at android.os.HandlerThread.run(HandlerThread.java:65)
11-06 11:57:18.641  3427  3511 W System.err: java.net.SocketException: Message too long
11-06 11:57:18.641  3427  3511 W System.err: 	at sun.nio.ch.DatagramChannelImpl.send0(Native Method)
11-06 11:57:18.641  3427  3511 W System.err: 	at sun.nio.ch.DatagramChannelImpl.sendFromNativeBuffer(DatagramChannelImpl.java:573)
11-06 11:57:18.641  3427  3511 W System.err: 	at sun.nio.ch.DatagramChannelImpl.send(DatagramChannelImpl.java:550)
11-06 11:57:18.641  3427  3511 W System.err: 	at sun.nio.ch.DatagramChannelImpl.send(DatagramChannelImpl.java:514)
11-06 11:57:18.641  3427  3511 W System.err: 	at symlab.CloudAR.network.TransmissionTask.run(TransmissionTask.java:124)
11-06 11:57:18.641  3427  3511 W System.err: 	at android.os.Handler.handleCallback(Handler.java:907)
11-06 11:57:18.641  3427  3511 W System.err: 	at android.os.Handler.dispatchMessage(Handler.java:105)
11-06 11:57:18.641  3427  3511 W System.err: 	at android.os.Looper.loop(Looper.java:216)
11-06 11:57:18.641  3427  3511 W System.err: 	at android.os.HandlerThread.run(HandlerThread.java:65)
11-06 11:57:18.665  3427  3511 W System.err: java.net.SocketException: Message too long
11-06 11:57:18.665  3427  3511 W System.err: 	at sun.nio.ch.DatagramChannelImpl.send0(Native Method)
11-06 11:57:18.665  3427  3511 W System.err: 	at sun.nio.ch.DatagramChannelImpl.sendFromNativeBuffer(DatagramChannelImpl.java:573)
11-06 11:57:18.665  3427  3511 W System.err: 	at sun.nio.ch.DatagramChannelImpl.send(DatagramChannelImpl.java:550)
11-06 11:57:18.665  3427  3511 W System.err: 	at sun.nio.ch.DatagramChannelImpl.send(DatagramChannelImpl.java:514)
11-06 11:57:18.665  3427  3511 W System.err: 	at symlab.CloudAR.network.TransmissionTask.run(TransmissionTask.java:124)
11-06 11:57:18.665  3427  3511 W System.err: 	at android.os.Handler.handleCallback(Handler.java:907)
11-06 11:57:18.665  3427  3511 W System.err: 	at android.os.Handler.dispatchMessage(Handler.java:105)
11-06 11:57:18.665  3427  3511 W System.err: 	at android.os.Looper.loop(Looper.java:216)
11-06 11:57:18.665  3427  3511 W System.err: 	at android.os.HandlerThread.run(HandlerThread.java:65)
11-06 11:57:18.713  3427  3511 D Evaluation: Frame 274 sent at 1573034238713
11-06 11:57:18.733  3427  3511 W System.err: java.net.SocketException: Message too long
11-06 11:57:18.733  3427  3511 W System.err: 	at sun.nio.ch.DatagramChannelImpl.send0(Native Method)
11-06 11:57:18.733  3427  3511 W System.err: 	at sun.nio.ch.DatagramChannelImpl.sendFromNativeBuffer(DatagramChannelImpl.java:573)
11-06 11:57:18.733  3427  3511 W System.err: 	at sun.nio.ch.DatagramChannelImpl.send(DatagramChannelImpl.java:550)
11-06 11:57:18.733  3427  3511 W System.err: 	at sun.nio.ch.DatagramChannelImpl.send(DatagramChannelImpl.java:514)
11-06 11:57:18.733  3427  3511 W System.err: 	at symlab.CloudAR.network.TransmissionTask.run(TransmissionTask.java:124)
11-06 11:57:18.733  3427  3511 W System.err: 	at android.os.Handler.handleCallback(Handler.java:907)
11-06 11:57:18.733  3427  3511 W System.err: 	at android.os.Handler.dispatchMessage(Handler.java:105)
11-06 11:57:18.733  3427  3511 W System.err: 	at android.os.Looper.loop(Looper.java:216)
11-06 11:57:18.733  3427  3511 W System.err: 	at android.os.HandlerThread.run(HandlerThread.java:65)
11-06 11:57:18.776  3427  3511 W System.err: java.net.SocketException: Message too long
11-06 11:57:18.776  3427  3511 W System.err: 	at sun.nio.ch.DatagramChannelImpl.send0(Native Method)
11-06 11:57:18.776  3427  3511 W System.err: 	at sun.nio.ch.DatagramChannelImpl.sendFromNativeBuffer(DatagramChannelImpl.java:573)
11-06 11:57:18.776  3427  3511 W System.err: 	at sun.nio.ch.DatagramChannelImpl.send(DatagramChannelImpl.java:550)
11-06 11:57:18.776  3427  3511 W System.err: 	at sun.nio.ch.DatagramChannelImpl.send(DatagramChannelImpl.java:514)
11-06 11:57:18.776  3427  3511 W System.err: 	at symlab.CloudAR.network.TransmissionTask.run(TransmissionTask.java:124)
11-06 11:57:18.776  3427  3511 W System.err: 	at android.os.Handler.handleCallback(Handler.java:907)
11-06 11:57:18.776  3427  3511 W System.err: 	at android.os.Handler.dispatchMessage(Handler.java:105)
11-06 11:57:18.776  3427  3511 W System.err: 	at android.os.Looper.loop(Looper.java:216)
11-06 11:57:18.776  3427  3511 W System.err: 	at android.os.HandlerThread.run(HandlerThread.java:65)
11-06 11:57:18.810  3427  3511 W System.err: java.net.SocketException: Message too long
11-06 11:57:18.810  3427  3511 W System.err: 	at sun.nio.ch.DatagramChannelImpl.send0(Native Method)
11-06 11:57:18.810  3427  3511 W System.err: 	at sun.nio.ch.DatagramChannelImpl.sendFromNativeBuffer(DatagramChannelImpl.java:573)
11-06 11:57:18.810  3427  3511 W System.err: 	at sun.nio.ch.DatagramChannelImpl.send(DatagramChannelImpl.java:550)
11-06 11:57:18.810  3427  3511 W System.err: 	at sun.nio.ch.DatagramChannelImpl.send(DatagramChannelImpl.java:514)
11-06 11:57:18.810  3427  3511 W System.err: 	at symlab.CloudAR.network.TransmissionTask.run(TransmissionTask.java:124)
11-06 11:57:18.810  3427  3511 W System.err: 	at android.os.Handler.handleCallback(Handler.java:907)
11-06 11:57:18.810  3427  3511 W System.err: 	at android.os.Handler.dispatchMessage(Handler.java:105)
11-06 11:57:18.810  3427  3511 W System.err: 	at android.os.Looper.loop(Looper.java:216)
11-06 11:57:18.810  3427  3511 W System.err: 	at android.os.HandlerThread.run(HandlerThread.java:65)
11-06 11:57:18.842  3427  3511 W System.err: java.net.SocketException: Message too long
11-06 11:57:18.842  3427  3511 W System.err: 	at sun.nio.ch.DatagramChannelImpl.send0(Native Method)
11-06 11:57:18.842  3427  3511 W System.err: 	at sun.nio.ch.DatagramChannelImpl.sendFromNativeBuffer(DatagramChannelImpl.java:573)
11-06 11:57:18.842  3427  3511 W System.err: 	at sun.nio.ch.DatagramChannelImpl.send(DatagramChannelImpl.java:550)
11-06 11:57:18.842  3427  3511 W System.err: 	at sun.nio.ch.DatagramChannelImpl.send(DatagramChannelImpl.java:514)
11-06 11:57:18.842  3427  3511 W System.err: 	at symlab.CloudAR.network.TransmissionTask.run(TransmissionTask.java:124)
11-06 11:57:18.842  3427  3511 W System.err: 	at android.os.Handler.handleCallback(Handler.java:907)
11-06 11:57:18.842  3427  3511 W System.err: 	at android.os.Handler.dispatchMessage(Handler.java:105)
11-06 11:57:18.842  3427  3511 W System.err: 	at android.os.Looper.loop(Looper.java:216)
11-06 11:57:18.842  3427  3511 W System.err: 	at android.os.HandlerThread.run(HandlerThread.java:65)
11-06 11:57:18.869  3427  3511 W System.err: java.net.SocketException: Message too long
11-06 11:57:18.869  3427  3511 W System.err: 	at sun.nio.ch.DatagramChannelImpl.send0(Native Method)
11-06 11:57:18.869  3427  3511 W System.err: 	at sun.nio.ch.DatagramChannelImpl.sendFromNativeBuffer(DatagramChannelImpl.java:573)
11-06 11:57:18.869  3427  3511 W System.err: 	at sun.nio.ch.DatagramChannelImpl.send(DatagramChannelImpl.java:550)
11-06 11:57:18.869  3427  3511 W System.err: 	at sun.nio.ch.DatagramChannelImpl.send(DatagramChannelImpl.java:514)
11-06 11:57:18.869  3427  3511 W System.err: 	at symlab.CloudAR.network.TransmissionTask.run(TransmissionTask.java:124)
11-06 11:57:18.869  3427  3511 W System.err: 	at android.os.Handler.handleCallback(Handler.java:907)
11-06 11:57:18.869  3427  3511 W System.err: 	at android.os.Handler.dispatchMessage(Handler.java:105)
11-06 11:57:18.870  3427  3511 W System.err: 	at android.os.Looper.loop(Looper.java:216)
11-06 11:57:18.870  3427  3511 W System.err: 	at android.os.HandlerThread.run(HandlerThread.java:65)
11-06 11:57:18.915  3427  3511 W System.err: java.net.SocketException: Message too long
11-06 11:57:18.915  3427  3511 W System.err: 	at sun.nio.ch.DatagramChannelImpl.send0(Native Method)
11-06 11:57:18.915  3427  3511 W System.err: 	at sun.nio.ch.DatagramChannelImpl.sendFromNativeBuffer(DatagramChannelImpl.java:573)
11-06 11:57:18.915  3427  3511 W System.err: 	at sun.nio.ch.DatagramChannelImpl.send(DatagramChannelImpl.java:550)
11-06 11:57:18.915  3427  3511 W System.err: 	at sun.nio.ch.DatagramChannelImpl.send(DatagramChannelImpl.java:514)
11-06 11:57:18.915  3427  3511 W System.err: 	at symlab.CloudAR.network.TransmissionTask.run(TransmissionTask.java:124)
11-06 11:57:18.915  3427  3511 W System.err: 	at android.os.Handler.handleCallback(Handler.java:907)
11-06 11:57:18.915  3427  3511 W System.err: 	at android.os.Handler.dispatchMessage(Handler.java:105)
11-06 11:57:18.915  3427  3511 W System.err: 	at android.os.Looper.loop(Looper.java:216)
11-06 11:57:18.915  3427  3511 W System.err: 	at android.os.HandlerThread.run(HandlerThread.java:65)
11-06 11:57:18.943  3427  3511 W System.err: java.net.SocketException: Message too long
11-06 11:57:18.943  3427  3511 W System.err: 	at sun.nio.ch.DatagramChannelImpl.send0(Native Method)
11-06 11:57:18.943  3427  3511 W System.err: 	at sun.nio.ch.DatagramChannelImpl.sendFromNativeBuffer(DatagramChannelImpl.java:573)
11-06 11:57:18.943  3427  3511 W System.err: 	at sun.nio.ch.DatagramChannelImpl.send(DatagramChannelImpl.java:550)
11-06 11:57:18.943  3427  3511 W System.err: 	at sun.nio.ch.DatagramChannelImpl.send(DatagramChannelImpl.java:514)
11-06 11:57:18.943  3427  3511 W System.err: 	at symlab.CloudAR.network.TransmissionTask.run(TransmissionTask.java:124)
11-06 11:57:18.943  3427  3511 W System.err: 	at android.os.Handler.handleCallback(Handler.java:907)
11-06 11:57:18.943  3427  3511 W System.err: 	at android.os.Handler.dispatchMessage(Handler.java:105)
11-06 11:57:18.943  3427  3511 W System.err: 	at android.os.Looper.loop(Looper.java:216)
11-06 11:57:18.943  3427  3511 W System.err: 	at android.os.HandlerThread.run(HandlerThread.java:65)
11-06 11:57:18.968  3427  3511 W System.err: java.net.SocketException: Message too long
11-06 11:57:18.968  3427  3511 W System.err: 	at sun.nio.ch.DatagramChannelImpl.send0(Native Method)
11-06 11:57:18.968  3427  3511 W System.err: 	at sun.nio.ch.DatagramChannelImpl.sendFromNativeBuffer(DatagramChannelImpl.java:573)
11-06 11:57:18.968  3427  3511 W System.err: 	at sun.nio.ch.DatagramChannelImpl.send(DatagramChannelImpl.java:550)
11-06 11:57:18.968  3427  3511 W System.err: 	at sun.nio.ch.DatagramChannelImpl.send(DatagramChannelImpl.java:514)
11-06 11:57:18.968  3427  3511 W System.err: 	at symlab.CloudAR.network.TransmissionTask.run(TransmissionTask.java:124)
11-06 11:57:18.969  3427  3511 W System.err: 	at android.os.Handler.handleCallback(Handler.java:907)
11-06 11:57:18.969  3427  3511 W System.err: 	at android.os.Handler.dispatchMessage(Handler.java:105)
11-06 11:57:18.969  3427  3511 W System.err: 	at android.os.Looper.loop(Looper.java:216)
11-06 11:57:18.969  3427  3511 W System.err: 	at android.os.HandlerThread.run(HandlerThread.java:65)
11-06 11:57:19.010  3427  3511 W System.err: java.net.SocketException: Message too long
11-06 11:57:19.010  3427  3511 W System.err: 	at sun.nio.ch.DatagramChannelImpl.send0(Native Method)
11-06 11:57:19.010  3427  3511 W System.err: 	at sun.nio.ch.DatagramChannelImpl.sendFromNativeBuffer(DatagramChannelImpl.java:573)
11-06 11:57:19.010  3427  3511 W System.err: 	at sun.nio.ch.DatagramChannelImpl.send(DatagramChannelImpl.java:550)
11-06 11:57:19.010  3427  3511 W System.err: 	at sun.nio.ch.DatagramChannelImpl.send(DatagramChannelImpl.java:514)
11-06 11:57:19.010  3427  3511 W System.err: 	at symlab.CloudAR.network.TransmissionTask.run(TransmissionTask.java:124)
11-06 11:57:19.010  3427  3511 W System.err: 	at android.os.Handler.handleCallback(Handler.java:907)
11-06 11:57:19.010  3427  3511 W System.err: 	at android.os.Handler.dispatchMessage(Handler.java:105)
11-06 11:57:19.010  3427  3511 W System.err: 	at android.os.Looper.loop(Looper.java:216)
11-06 11:57:19.010  3427  3511 W System.err: 	at android.os.HandlerThread.run(HandlerThread.java:65)
11-06 11:57:19.043  3427  3511 W System.err: java.net.SocketException: Message too long
11-06 11:57:19.044  3427  3511 W System.err: 	at sun.nio.ch.DatagramChannelImpl.send0(Native Method)
11-06 11:57:19.044  3427  3511 W System.err: 	at sun.nio.ch.DatagramChannelImpl.sendFromNativeBuffer(DatagramChannelImpl.java:573)
11-06 11:57:19.044  3427  3511 W System.err: 	at sun.nio.ch.DatagramChannelImpl.send(DatagramChannelImpl.java:550)
11-06 11:57:19.044  3427  3511 W System.err: 	at sun.nio.ch.DatagramChannelImpl.send(DatagramChannelImpl.java:514)
11-06 11:57:19.044  3427  3511 W System.err: 	at symlab.CloudAR.network.TransmissionTask.run(TransmissionTask.java:124)
11-06 11:57:19.044  3427  3511 W System.err: 	at android.os.Handler.handleCallback(Handler.java:907)
