11-21 09:26:47.102 15258 15293 W System.err: 	at sun.nio.ch.DatagramChannelImpl.send(DatagramChannelImpl.java:514)
11-21 09:26:47.103 15258 15293 W System.err: 	at symlab.CloudAR.network.TransmissionTask.run(TransmissionTask.java:133)
11-21 09:26:47.103 15258 15293 W System.err: 	at android.os.Handler.handleCallback(Handler.java:874)
11-21 09:26:47.103 15258 15293 W System.err: 	at android.os.Handler.dispatchMessage(Handler.java:100)
11-21 09:26:47.103 15258 15293 W System.err: 	at android.os.Looper.loop(Looper.java:198)
11-21 09:26:47.103 15258 15293 W System.err: 	at android.os.HandlerThread.run(HandlerThread.java:65)
11-21 09:26:47.105 15258 15293 D Evaluation: 0 res for frame 847 received at 1574321207105
11-21 09:26:47.131 15258 15293 D Evaluation: 0 res for frame 848 received at 1574321207131
11-21 09:26:47.190 15258 15293 W System.err: java.net.SocketException: Message too long
11-21 09:26:47.190 15258 15293 W System.err: 	at sun.nio.ch.DatagramChannelImpl.send0(Native Method)
11-21 09:26:47.190 15258 15293 W System.err: 	at sun.nio.ch.DatagramChannelImpl.sendFromNativeBuffer(DatagramChannelImpl.java:573)
11-21 09:26:47.190 15258 15293 W System.err: 	at sun.nio.ch.DatagramChannelImpl.send(DatagramChannelImpl.java:550)
11-21 09:26:47.190 15258 15293 W System.err: 	at sun.nio.ch.DatagramChannelImpl.send(DatagramChannelImpl.java:514)
11-21 09:26:47.190 15258 15293 W System.err: 	at symlab.CloudAR.network.TransmissionTask.run(TransmissionTask.java:133)
11-21 09:26:47.190 15258 15293 W System.err: 	at android.os.Handler.handleCallback(Handler.java:874)
11-21 09:26:47.190 15258 15293 W System.err: 	at android.os.Handler.dispatchMessage(Handler.java:100)
11-21 09:26:47.190 15258 15293 W System.err: 	at android.os.Looper.loop(Looper.java:198)
11-21 09:26:47.190 15258 15293 W System.err: 	at android.os.HandlerThread.run(HandlerThread.java:65)
11-21 09:26:47.231 15258 15293 W System.err: java.net.SocketException: Message too long
11-21 09:26:47.232 15258 15293 W System.err: 	at sun.nio.ch.DatagramChannelImpl.send0(Native Method)
11-21 09:26:47.232 15258 15293 W System.err: 	at sun.nio.ch.DatagramChannelImpl.sendFromNativeBuffer(DatagramChannelImpl.java:573)
11-21 09:26:47.232 15258 15293 W System.err: 	at sun.nio.ch.DatagramChannelImpl.send(DatagramChannelImpl.java:550)
11-21 09:26:47.232 15258 15293 W System.err: 	at sun.nio.ch.DatagramChannelImpl.send(DatagramChannelImpl.java:514)
11-21 09:26:47.232 15258 15293 W System.err: 	at symlab.CloudAR.network.TransmissionTask.run(TransmissionTask.java:133)
11-21 09:26:47.232 15258 15293 W System.err: 	at android.os.Handler.handleCallback(Handler.java:874)
11-21 09:26:47.232 15258 15293 W System.err: 	at android.os.Handler.dispatchMessage(Handler.java:100)
11-21 09:26:47.232 15258 15293 W System.err: 	at android.os.Looper.loop(Looper.java:198)
11-21 09:26:47.232 15258 15293 W System.err: 	at android.os.HandlerThread.run(HandlerThread.java:65)
11-21 09:26:47.233 15258 15293 D Evaluation: 0 res for frame 851 received at 1574321207233
11-21 09:26:47.262 15258 15293 W System.err: java.net.SocketException: Message too long
11-21 09:26:47.262 15258 15293 W System.err: 	at sun.nio.ch.DatagramChannelImpl.send0(Native Method)
11-21 09:26:47.262 15258 15293 W System.err: 	at sun.nio.ch.DatagramChannelImpl.sendFromNativeBuffer(DatagramChannelImpl.java:573)
11-21 09:26:47.262 15258 15293 W System.err: 	at sun.nio.ch.DatagramChannelImpl.send(DatagramChannelImpl.java:550)
11-21 09:26:47.262 15258 15293 W System.err: 	at sun.nio.ch.DatagramChannelImpl.send(DatagramChannelImpl.java:514)
11-21 09:26:47.262 15258 15293 W System.err: 	at symlab.CloudAR.network.TransmissionTask.run(TransmissionTask.java:133)
11-21 09:26:47.262 15258 15293 W System.err: 	at android.os.Handler.handleCallback(Handler.java:874)
11-21 09:26:47.262 15258 15293 W System.err: 	at android.os.Handler.dispatchMessage(Handler.java:100)
11-21 09:26:47.262 15258 15293 W System.err: 	at android.os.Looper.loop(Looper.java:198)
11-21 09:26:47.262 15258 15293 W System.err: 	at android.os.HandlerThread.run(HandlerThread.java:65)
11-21 09:26:47.264 15258 15293 D Evaluation: 0 res for frame 852 received at 1574321207264
11-21 09:26:47.381 15258 15293 W System.err: java.net.SocketException: Message too long
11-21 09:26:47.381 15258 15293 W System.err: 	at sun.nio.ch.DatagramChannelImpl.send0(Native Method)
11-21 09:26:47.381 15258 15293 W System.err: 	at sun.nio.ch.DatagramChannelImpl.sendFromNativeBuffer(DatagramChannelImpl.java:573)
11-21 09:26:47.381 15258 15293 W System.err: 	at sun.nio.ch.DatagramChannelImpl.send(DatagramChannelImpl.java:550)
11-21 09:26:47.381 15258 15293 W System.err: 	at sun.nio.ch.DatagramChannelImpl.send(DatagramChannelImpl.java:514)
11-21 09:26:47.381 15258 15293 W System.err: 	at symlab.CloudAR.network.TransmissionTask.run(TransmissionTask.java:133)
11-21 09:26:47.382 15258 15293 W System.err: 	at android.os.Handler.handleCallback(Handler.java:874)
11-21 09:26:47.382 15258 15293 W System.err: 	at android.os.Handler.dispatchMessage(Handler.java:100)
11-21 09:26:47.382 15258 15293 W System.err: 	at android.os.Looper.loop(Looper.java:198)
11-21 09:26:47.382 15258 15293 W System.err: 	at android.os.HandlerThread.run(HandlerThread.java:65)
11-21 09:26:47.419 15258 15293 W System.err: java.net.SocketException: Message too long
11-21 09:26:47.419 15258 15293 W System.err: 	at sun.nio.ch.DatagramChannelImpl.send0(Native Method)
11-21 09:26:47.419 15258 15293 W System.err: 	at sun.nio.ch.DatagramChannelImpl.sendFromNativeBuffer(DatagramChannelImpl.java:573)
11-21 09:26:47.419 15258 15293 W System.err: 	at sun.nio.ch.DatagramChannelImpl.send(DatagramChannelImpl.java:550)
11-21 09:26:47.419 15258 15293 W System.err: 	at sun.nio.ch.DatagramChannelImpl.send(DatagramChannelImpl.java:514)
11-21 09:26:47.419 15258 15293 W System.err: 	at symlab.CloudAR.network.TransmissionTask.run(TransmissionTask.java:133)
11-21 09:26:47.419 15258 15293 W System.err: 	at android.os.Handler.handleCallback(Handler.java:874)
11-21 09:26:47.419 15258 15293 W System.err: 	at android.os.Handler.dispatchMessage(Handler.java:100)
11-21 09:26:47.419 15258 15293 W System.err: 	at android.os.Looper.loop(Looper.java:198)
11-21 09:26:47.419 15258 15293 W System.err: 	at android.os.HandlerThread.run(HandlerThread.java:65)
11-21 09:26:47.452 15258 15293 D Evaluation: 0 res for frame 856 received at 1574321207452
11-21 09:26:47.592 15258 15293 D Evaluation: 0 res for frame 860 received at 1574321207592
11-21 09:26:47.622 15258 15293 D Evaluation: 0 res for frame 861 received at 1574321207622
11-21 09:26:47.683 15258 15293 D Evaluation: 0 res for frame 861 received at 1574321207683
11-21 09:26:47.701 15258 15268 W System  : A resource failed to call close. 
11-21 09:26:47.702 15258 15268 I chatty  : uid=10203(symlab.cloudridar.arhud) FinalizerDaemon identical 22 lines
11-21 09:26:47.702 15258 15268 W System  : A resource failed to call close. 
11-21 09:26:47.721 15258 15293 D Evaluation: 0 res for frame 863 received at 1574321207721
11-21 09:26:47.755 15258 15293 D Evaluation: 0 res for frame 863 received at 1574321207755
11-21 09:26:47.779 15258 15293 D Evaluation: 0 res for frame 864 received at 1574321207779
11-21 09:26:47.804 15258 15293 D Evaluation: 0 res for frame 865 received at 1574321207804
11-21 09:26:47.869 15258 15293 D Evaluation: 0 res for frame 867 received at 1574321207869
11-21 09:26:47.901 15258 15293 D Evaluation: 0 res for frame 868 received at 1574321207901
11-21 09:26:47.932 15258 15293 D Evaluation: 0 res for frame 868 received at 1574321207932
11-21 09:26:47.958 15258 15293 D Evaluation: 0 res for frame 869 received at 1574321207958
11-21 09:26:47.991 15258 15293 D Evaluation: 0 res for frame 870 received at 1574321207991
11-21 09:26:48.026 15258 15293 D Evaluation: 0 res for frame 871 received at 1574321208026
11-21 09:26:48.080 15258 15293 D Evaluation: 0 res for frame 872 received at 1574321208080
11-21 09:26:48.108 15258 15293 D Evaluation: 0 res for frame 873 received at 1574321208108
11-21 09:26:48.133 15258 15293 D Evaluation: 0 res for frame 874 received at 1574321208133
11-21 09:26:48.173 15258 15293 D Evaluation: 0 res for frame 875 received at 1574321208173
11-21 09:26:48.207 15258 15293 D Evaluation: 0 res for frame 877 received at 1574321208207
11-21 09:26:48.333 15258 15293 D Evaluation: 0 res for frame 877 received at 1574321208333
11-21 09:26:48.365 15258 15293 D Evaluation: 0 res for frame 878 received at 1574321208365
11-21 09:26:48.390 15258 15293 D Evaluation: 0 res for frame 879 received at 1574321208390
11-21 09:26:48.433 15258 15293 D Evaluation: 0 res for frame 881 received at 1574321208433
11-21 09:26:48.524 15258 15293 D Evaluation: 3 res for frame 881 received at 1574321208523
11-21 09:26:48.557 15258 15293 D Evaluation: 1 res for frame 882 received at 1574321208557
11-21 09:26:48.566 15258 15268 W System  : A resource failed to call close. 
11-21 09:26:48.568 15258 15268 I chatty  : uid=10203(symlab.cloudridar.arhud) FinalizerDaemon identical 40 lines
11-21 09:26:48.568 15258 15268 W System  : A resource failed to call close. 
11-21 09:26:48.584 15258 15293 D Evaluation: 4 res for frame 883 received at 1574321208584
11-21 09:26:48.634 15258 15293 D Evaluation: 0 res for frame 885 received at 1574321208634
11-21 09:26:48.660 15258 15293 D Evaluation: 0 res for frame 886 received at 1574321208660
11-21 09:26:48.778 15258 15293 D Evaluation: 0 res for frame 887 received at 1574321208778
11-21 09:26:48.811 15258 15293 D Evaluation: 0 res for frame 888 received at 1574321208811
11-21 09:26:48.835 15258 15293 D Evaluation: 0 res for frame 889 received at 1574321208835
11-21 09:26:48.861 15258 15293 D Evaluation: 2 res for frame 891 received at 1574321208861
11-21 09:26:48.900 15258 15293 D Evaluation: 2 res for frame 891 received at 1574321208900
11-21 09:26:48.987 15258 15293 D Evaluation: 0 res for frame 892 received at 1574321208987
11-21 09:26:49.016 15258 15293 D Evaluation: 1 res for frame 893 received at 1574321209016
11-21 09:26:49.040 15258 15293 D Evaluation: 0 res for frame 895 received at 1574321209040
11-21 09:26:49.116 15258 15293 D Evaluation: 0 res for frame 896 received at 1574321209116
11-21 09:26:49.150 15258 15293 D Evaluation: 0 res for frame 896 received at 1574321209150
11-21 09:26:49.211 15258 15293 D Evaluation: 0 res for frame 897 received at 1574321209211
11-21 09:26:49.248 15258 15293 D Evaluation: 1 res for frame 898 received at 1574321209248
11-21 09:26:49.351 15258 15293 D Evaluation: 1 res for frame 899 received at 1574321209351
11-21 09:26:49.391 15258 15293 D Evaluation: 0 res for frame 900 received at 1574321209391
11-21 09:26:49.440 15258 15293 D Evaluation: 0 res for frame 902 received at 1574321209440
11-21 09:26:49.471 15258 15293 D Evaluation: 0 res for frame 902 received at 1574321209470
11-21 09:26:49.542 15258 15293 D Evaluation: 0 res for frame 904 received at 1574321209542
11-21 09:26:49.573 15258 15293 D Evaluation: 0 res for frame 904 received at 1574321209573
11-21 09:26:49.603 15258 15293 D Evaluation: 1 res for frame 906 received at 1574321209603
11-21 09:26:49.628 15258 15293 D Evaluation: 0 res for frame 906 received at 1574321209628
11-21 09:26:49.636 15258 15268 W System  : A resource failed to call close. 
11-21 09:26:49.638 15258 15268 I chatty  : uid=10203(symlab.cloudridar.arhud) FinalizerDaemon identical 44 lines
11-21 09:26:49.638 15258 15268 W System  : A resource failed to call close. 
11-21 09:26:49.669 15258 15293 D Evaluation: 0 res for frame 907 received at 1574321209669
11-21 09:26:49.696 15258 15293 D Evaluation: 0 res for frame 908 received at 1574321209696
11-21 09:26:49.738 15258 15293 D Evaluation: 0 res for frame 909 received at 1574321209738
11-21 09:26:49.821 15258 15293 D Evaluation: 0 res for frame 910 received at 1574321209821
11-21 09:26:49.955 15258 15293 D Evaluation: 0 res for frame 911 received at 1574321209955
11-21 09:26:49.998 15258 15293 D Evaluation: 2 res for frame 912 received at 1574321209997
11-21 09:26:50.051 15258 15293 D Evaluation: 0 res for frame 914 received at 1574321210051
11-21 09:26:50.077 15258 15293 D Evaluation: 2 res for frame 915 received at 1574321210077
11-21 09:26:50.105 15258 15293 D Evaluation: 2 res for frame 916 received at 1574321210105
11-21 09:26:50.132 15258 15293 D Evaluation: 0 res for frame 917 received at 1574321210132
11-21 09:26:50.200 15258 15293 D Evaluation: 0 res for frame 917 received at 1574321210200
11-21 09:26:50.317 15258 15293 D Evaluation: 2 res for frame 918 received at 1574321210317
11-21 09:26:50.350 15258 15293 D Evaluation: 2 res for frame 919 received at 1574321210350
11-21 09:26:50.378 15258 15293 D Evaluation: 2 res for frame 920 received at 1574321210378
11-21 09:26:50.428 15258 15293 D Evaluation: 2 res for frame 922 received at 1574321210428
11-21 09:26:50.455 15258 15293 D Evaluation: 2 res for frame 923 received at 1574321210455
11-21 09:26:50.537 15258 15293 D Evaluation: 2 res for frame 924 received at 1574321210537
11-21 09:26:50.576 15258 15293 D Evaluation: 2 res for frame 924 received at 1574321210576
11-21 09:26:50.604 15258 15293 D Evaluation: 2 res for frame 925 received at 1574321210604
11-21 09:26:50.630 15258 15293 D Evaluation: 2 res for frame 926 received at 1574321210630
11-21 09:26:50.642 15258 15268 W System  : A resource failed to call close. 
11-21 09:26:50.643 15258 15268 I chatty  : uid=10203(symlab.cloudridar.arhud) FinalizerDaemon identical 2 lines
11-21 09:26:50.643 15258 15268 W System  : A resource failed to call close. 
11-21 09:26:50.643 15258 15268 W System  : A resource failed to call close. 
11-21 09:26:50.648 15258 15268 I chatty  : uid=10203(symlab.cloudridar.arhud) FinalizerDaemon identical 36 lines
11-21 09:26:50.648 15258 15268 W System  : A resource failed to call close. 
11-21 09:26:50.666 15258 15293 D Evaluation: 2 res for frame 927 received at 1574321210666
11-21 09:26:50.689 15258 15293 D Evaluation: 2 res for frame 929 received at 1574321210689
11-21 09:26:50.741 15258 15293 D Evaluation: 1 res for frame 930 received at 1574321210741
11-21 09:26:50.772 15258 15293 D Evaluation: 2 res for frame 930 received at 1574321210772
11-21 09:26:50.800 15258 15293 D Evaluation: 2 res for frame 931 received at 1574321210800
11-21 09:26:50.824 15258 15293 D Evaluation: 1 res for frame 932 received at 1574321210824
11-21 09:26:50.861 15258 15293 D Evaluation: 2 res for frame 934 received at 1574321210860
11-21 09:26:50.896 15258 15293 D Evaluation: 2 res for frame 935 received at 1574321210896
11-21 09:26:50.937 15258 15293 D Evaluation: 2 res for frame 935 received at 1574321210937
11-21 09:26:50.976 15258 15293 D Evaluation: 2 res for frame 936 received at 1574321210976
11-21 09:26:51.004 15258 15293 D Evaluation: 2 res for frame 937 received at 1574321211004
11-21 09:26:51.039 15258 15293 D Evaluation: 2 res for frame 938 received at 1574321211039
11-21 09:26:51.091 15258 15293 D Evaluation: 2 res for frame 939 received at 1574321211091
11-21 09:26:51.116 15258 15293 D Evaluation: 2 res for frame 940 received at 1574321211116
11-21 09:26:51.170 15258 15293 D Evaluation: 2 res for frame 941 received at 1574321211170
11-21 09:26:51.198 15258 15293 D Evaluation: 2 res for frame 942 received at 1574321211198
11-21 09:26:51.239 15258 15293 D Evaluation: 2 res for frame 944 received at 1574321211239
11-21 09:26:51.341 15258 15293 D Evaluation: 2 res for frame 944 received at 1574321211341
11-21 09:26:51.376 15258 15293 D Evaluation: 2 res for frame 945 received at 1574321211376
11-21 09:26:51.408 15258 15293 D Evaluation: 2 res for frame 946 received at 1574321211408
11-21 09:26:51.436 15258 15293 D Evaluation: 0 res for frame 947 received at 1574321211436
11-21 09:26:51.459 15258 15293 D Evaluation: 0 res for frame 948 received at 1574321211459
11-21 09:26:51.505 15258 15293 D Evaluation: 0 res for frame 950 received at 1574321211505
11-21 09:26:51.517 15258 15268 W System  : A resource failed to call close. 
11-21 09:26:51.520 15258 15268 I chatty  : uid=10203(symlab.cloudridar.arhud) FinalizerDaemon identical 44 lines
11-21 09:26:51.520 15258 15268 W System  : A resource failed to call close. 
11-21 09:26:51.596 15258 15293 D Evaluation: 0 res for frame 951 received at 1574321211596
11-21 09:26:51.636 15258 15293 D Evaluation: 0 res for frame 952 received at 1574321211636
11-21 09:26:51.668 15258 15293 D Evaluation: 0 res for frame 952 received at 1574321211668
11-21 09:26:51.697 15258 15293 D Evaluation: 0 res for frame 953 received at 1574321211697
11-21 09:26:51.721 15258 15293 D Evaluation: 0 res for frame 955 received at 1574321211721
11-21 09:26:51.744 15258 15293 D Evaluation: 0 res for frame 956 received at 1574321211744
11-21 09:26:51.840 15258 15293 D Evaluation: 0 res for frame 958 received at 1574321211840
11-21 09:26:51.873 15258 15293 D Evaluation: 0 res for frame 958 received at 1574321211873
11-21 09:26:51.898 15258 15293 D Evaluation: 0 res for frame 959 received at 1574321211898
11-21 09:26:51.922 15258 15293 D Evaluation: 0 res for frame 959 received at 1574321211922
11-21 09:26:51.960 15258 15293 D Evaluation: 0 res for frame 961 received at 1574321211960
11-21 09:26:52.000 15258 15293 D Evaluation: 0 res for frame 962 received at 1574321212000
11-21 09:26:52.034 15258 15293 D Evaluation: 0 res for frame 962 received at 1574321212034
11-21 09:26:52.059 15258 15293 D Evaluation: 0 res for frame 963 received at 1574321212058
11-21 09:26:52.109 15258 15293 D Evaluation: 0 res for frame 964 received at 1574321212109
11-21 09:26:52.141 15258 15293 D Evaluation: 0 res for frame 965 received at 1574321212141
11-21 09:26:52.170 15258 15293 D Evaluation: 0 res for frame 966 received at 1574321212170
11-21 09:26:52.290 15258 15293 D Evaluation: 0 res for frame 967 received at 1574321212290
11-21 09:26:52.329 15258 15293 D Evaluation: 0 res for frame 969 received at 1574321212329
11-21 09:26:52.361 15258 15293 D Evaluation: 0 res for frame 970 received at 1574321212361
11-21 09:26:52.393 15258 15293 D Evaluation: 0 res for frame 970 received at 1574321212393
11-21 09:26:52.413 15258 15268 W System  : A resource failed to call close. 
11-21 09:26:52.416 15258 15268 I chatty  : uid=10203(symlab.cloudridar.arhud) FinalizerDaemon identical 41 lines
11-21 09:26:52.416 15258 15268 W System  : A resource failed to call close. 
11-21 09:26:52.420 15258 15293 D Evaluation: 1 res for frame 971 received at 1574321212420
11-21 09:26:52.445 15258 15293 D Evaluation: 0 res for frame 973 received at 1574321212445
11-21 09:26:52.469 15258 15293 D Evaluation: 1 res for frame 974 received at 1574321212469
11-21 09:26:52.547 15258 15293 D Evaluation: 0 res for frame 975 received at 1574321212547
11-21 09:26:52.582 15258 15293 D Evaluation: 0 res for frame 976 received at 1574321212582
11-21 09:26:52.606 15258 15293 D Evaluation: 0 res for frame 977 received at 1574321212606
11-21 09:26:52.631 15258 15293 D Evaluation: 0 res for frame 977 received at 1574321212631
11-21 09:26:52.658 15258 15293 D Evaluation: 0 res for frame 978 received at 1574321212658
11-21 09:26:52.709 15258 15293 D Evaluation: 0 res for frame 980 received at 1574321212709
11-21 09:26:52.860 15258 15293 D Evaluation: 0 res for frame 981 received at 1574321212860
11-21 09:26:52.905 15258 15293 D Evaluation: 0 res for frame 981 received at 1574321212905
11-21 09:26:52.941 15258 15293 D Evaluation: 0 res for frame 982 received at 1574321212941
11-21 09:26:52.971 15258 15293 D Evaluation: 0 res for frame 983 received at 1574321212971
11-21 09:26:52.995 15258 15293 D Evaluation: 0 res for frame 986 received at 1574321212995
11-21 09:26:53.017 15258 15293 D Evaluation: 1 res for frame 987 received at 1574321213017
11-21 09:26:53.038 15258 15293 D Evaluation: 0 res for frame 989 received at 1574321213038
11-21 09:26:53.059 15258 15293 D Evaluation: 0 res for frame 990 received at 1574321213059
11-21 09:26:53.081 15258 15293 D Evaluation: 0 res for frame 990 received at 1574321213081
11-21 09:26:53.103 15258 15293 D Evaluation: 0 res for frame 991 received at 1574321213103
11-21 09:26:53.123 15258 15293 D Evaluation: 0 res for frame 992 received at 1574321213123
11-21 09:26:53.170 15258 15293 D Evaluation: 0 res for frame 992 received at 1574321213170
11-21 09:26:53.189 15258 15268 W System  : A resource failed to call close. 
11-21 09:26:53.192 15258 15268 I chatty  : uid=10203(symlab.cloudridar.arhud) FinalizerDaemon identical 41 lines
11-21 09:26:53.192 15258 15268 W System  : A resource failed to call close. 
11-21 09:26:53.206 15258 15293 D Evaluation: 0 res for frame 993 received at 1574321213206
11-21 09:26:53.238 15258 15293 D Evaluation: 0 res for frame 993 received at 1574321213238
11-21 09:26:53.262 15258 15293 D Evaluation: 0 res for frame 994 received at 1574321213262
11-21 09:26:53.314 15258 15293 D Evaluation: 0 res for frame 995 received at 1574321213314
11-21 09:26:53.339 15258 15293 D Evaluation: 0 res for frame 996 received at 1574321213339
11-21 09:26:53.361 15258 15293 D Evaluation: 0 res for frame 997 received at 1574321213361
11-21 09:26:53.450 15258 15293 D Evaluation: 0 res for frame 998 received at 1574321213450
11-21 09:26:53.480 15258 15293 D Evaluation: 0 res for frame 999 received at 1574321213480
11-21 09:26:53.508 15258 15293 D Evaluation: 1 res for frame 1001 received at 1574321213508
11-21 09:26:53.535 15258 15293 D Evaluation: 0 res for frame 1001 received at 1574321213535
11-21 09:26:53.565 15258 15293 D Evaluation: 0 res for frame 1003 received at 1574321213565
11-21 09:26:53.691 15258 15293 D Evaluation: 0 res for frame 1004 received at 1574321213691
11-21 09:26:53.748 15258 15293 D Evaluation: 0 res for frame 1004 received at 1574321213748
11-21 09:26:53.780 15258 15293 D Evaluation: 0 res for frame 1005 received at 1574321213780
11-21 09:26:53.811 15258 15293 D Evaluation: 0 res for frame 1006 received at 1574321213811
11-21 09:26:53.834 15258 15293 D Evaluation: 1 res for frame 1007 received at 1574321213834
11-21 09:26:53.878 15258 15293 D Evaluation: 0 res for frame 1008 received at 1574321213878
11-21 09:26:54.079 15258 15293 D Evaluation: 1 res for frame 1010 received at 1574321214079
11-21 09:26:54.119 15258 15293 D Evaluation: 0 res for frame 1011 received at 1574321214119
11-21 09:26:54.147 15258 15293 D Evaluation: 0 res for frame 1011 received at 1574321214147
11-21 09:26:54.174 15258 15293 D Evaluation: 1 res for frame 1012 received at 1574321214174
11-21 09:26:54.197 15258 15293 D Evaluation: 0 res for frame 1014 received at 1574321214197
11-21 09:26:54.258 15258 15293 D Evaluation: 0 res for frame 1015 received at 1574321214258
11-21 09:26:54.272 15258 15268 W System  : A resource failed to call close. 
11-21 09:26:54.275 15258 15268 I chatty  : uid=10203(symlab.cloudridar.arhud) FinalizerDaemon identical 42 lines
11-21 09:26:54.275 15258 15268 W System  : A resource failed to call close. 
11-21 09:26:54.287 15258 15293 D Evaluation: 0 res for frame 1016 received at 1574321214287
11-21 09:26:54.348 15258 15293 D Evaluation: 0 res for frame 1017 received at 1574321214348
11-21 09:26:54.376 15258 15293 D Evaluation: 1 res for frame 1017 received at 1574321214376
11-21 09:26:54.489 15258 15293 D Evaluation: 1 res for frame 1019 received at 1574321214489
11-21 09:26:54.593 15258 15293 D Evaluation: 1 res for frame 1019 received at 1574321214593
11-21 09:26:54.634 15258 15293 D Evaluation: 0 res for frame 1021 received at 1574321214634
11-21 09:26:54.665 15258 15293 D Evaluation: 0 res for frame 1021 received at 1574321214665
11-21 09:26:54.690 15258 15293 D Evaluation: 0 res for frame 1022 received at 1574321214690
11-21 09:26:55.243 15258 15293 D Evaluation: 0 res for frame 1026 received at 1574321215243
11-21 09:26:55.271 15258 15293 D Evaluation: 0 res for frame 1027 received at 1574321215271
11-21 09:26:55.294 15258 15293 D Evaluation: 0 res for frame 1027 received at 1574321215294
11-21 09:26:55.339 15258 15293 D Evaluation: 0 res for frame 1037 received at 1574321215339
11-21 09:26:55.479 15258 15293 D Evaluation: 0 res for frame 1039 received at 1574321215479
11-21 09:26:55.521 15258 15293 D Evaluation: 0 res for frame 1041 received at 1574321215521
11-21 09:26:55.541 15258 15268 W System  : A resource failed to call close. 
11-21 09:26:55.545 15258 15268 I chatty  : uid=10203(symlab.cloudridar.arhud) FinalizerDaemon identical 39 lines
11-21 09:26:55.545 15258 15268 W System  : A resource failed to call close. 
11-21 09:26:55.555 15258 15293 D Evaluation: 0 res for frame 1042 received at 1574321215555
11-21 09:26:55.584 15258 15293 D Evaluation: 0 res for frame 1042 received at 1574321215584
11-21 09:26:55.607 15258 15293 D Evaluation: 0 res for frame 1043 received at 1574321215607
11-21 09:26:55.740 15258 15293 D Evaluation: 0 res for frame 1045 received at 1574321215740
11-21 09:26:55.792 15258 15293 D Evaluation: 0 res for frame 1047 received at 1574321215792
11-21 09:26:55.828 15258 15293 D Evaluation: 0 res for frame 1048 received at 1574321215828
11-21 09:26:55.851 15258 15293 D Evaluation: 0 res for frame 1048 received at 1574321215851
11-21 09:26:55.875 15258 15293 D Evaluation: 0 res for frame 1048 received at 1574321215874
11-21 09:26:55.897 15258 15293 D Evaluation: 0 res for frame 1050 received at 1574321215897
11-21 09:26:55.917 15258 15293 D Evaluation: 0 res for frame 1052 received at 1574321215917
11-21 09:26:56.060 15258 15293 D Evaluation: 0 res for frame 1053 received at 1574321216060
11-21 09:26:56.109 15258 15293 D Evaluation: 0 res for frame 1054 received at 1574321216109
11-21 09:26:56.136 15258 15293 D Evaluation: 0 res for frame 1055 received at 1574321216136
11-21 09:26:56.174 15258 15293 D Evaluation: 0 res for frame 1055 received at 1574321216174
11-21 09:26:56.198 15258 15293 D Evaluation: 0 res for frame 1055 received at 1574321216198
11-21 09:26:56.249 15258 15293 D Evaluation: 0 res for frame 1056 received at 1574321216249
11-21 09:26:56.329 15258 15293 D Evaluation: 0 res for frame 1058 received at 1574321216329
11-21 09:26:56.356 15258 15293 D Evaluation: 1 res for frame 1058 received at 1574321216356
11-21 09:26:56.381 15258 15293 D Evaluation: 2 res for frame 1059 received at 1574321216381
11-21 09:26:56.405 15258 15293 D Evaluation: 2 res for frame 1060 received at 1574321216405
11-21 09:26:56.428 15258 15293 D Evaluation: 2 res for frame 1061 received at 1574321216428
11-21 09:26:56.539 15258 15293 D Evaluation: 1 res for frame 1063 received at 1574321216539
11-21 09:26:56.577 15258 15293 D Evaluation: 1 res for frame 1064 received at 1574321216577
11-21 09:26:56.608 15258 15293 D Evaluation: 0 res for frame 1065 received at 1574321216608
11-21 09:26:56.636 15258 15293 D Evaluation: 2 res for frame 1066 received at 1574321216636
11-21 09:26:56.648 15258 15268 W System  : A resource failed to call close. 
11-21 09:26:56.651 15258 15268 I chatty  : uid=10203(symlab.cloudridar.arhud) FinalizerDaemon identical 48 lines
11-21 09:26:56.651 15258 15268 W System  : A resource failed to call close. 
11-21 09:26:56.661 15258 15293 D Evaluation: 1 res for frame 1066 received at 1574321216661
11-21 09:26:56.704 15258 15293 D Evaluation: 0 res for frame 1068 received at 1574321216704
11-21 09:26:56.777 15258 15293 D Evaluation: 0 res for frame 1070 received at 1574321216777
11-21 09:26:56.806 15258 15293 D Evaluation: 1 res for frame 1071 received at 1574321216806
11-21 09:26:56.833 15258 15293 D Evaluation: 1 res for frame 1071 received at 1574321216833
11-21 09:26:56.856 15258 15293 D Evaluation: 1 res for frame 1071 received at 1574321216856
11-21 09:26:56.883 15258 15293 D Evaluation: 1 res for frame 1072 received at 1574321216883
11-21 09:26:56.945 15258 15293 D Evaluation: 1 res for frame 1074 received at 1574321216945
11-21 09:26:56.976 15258 15293 D Evaluation: 1 res for frame 1075 received at 1574321216976
11-21 09:26:57.002 15258 15293 D Evaluation: 1 res for frame 1075 received at 1574321217002
11-21 09:26:57.031 15258 15293 D Evaluation: 1 res for frame 1076 received at 1574321217031
11-21 09:26:57.080 15258 15293 D Evaluation: 0 res for frame 1077 received at 1574321217080
11-21 09:26:57.167 15258 15293 D Evaluation: 1 res for frame 1079 received at 1574321217167
11-21 09:26:57.219 15258 15293 D Evaluation: 0 res for frame 1080 received at 1574321217219
11-21 09:26:57.258 15258 15293 D Evaluation: 1 res for frame 1080 received at 1574321217258
11-21 09:26:57.285 15258 15293 D Evaluation: 0 res for frame 1081 received at 1574321217285
11-21 09:26:57.310 15258 15293 D Evaluation: 1 res for frame 1082 received at 1574321217310
11-21 09:26:57.333 15258 15293 D Evaluation: 3 res for frame 1084 received at 1574321217333
11-21 09:26:57.383 15258 15293 D Evaluation: 3 res for frame 1086 received at 1574321217383
11-21 09:26:57.398 15258 15268 W System  : A resource failed to call close. 
11-21 09:26:57.400 15258 15268 I chatty  : uid=10203(symlab.cloudridar.arhud) FinalizerDaemon identical 38 lines
11-21 09:26:57.400 15258 15268 W System  : A resource failed to call close. 
11-21 09:26:57.466 15258 15293 D Evaluation: 3 res for frame 1087 received at 1574321217466
11-21 09:26:57.513 15258 15293 D Evaluation: 2 res for frame 1088 received at 1574321217513
11-21 09:26:57.547 15258 15293 D Evaluation: 2 res for frame 1088 received at 1574321217547
11-21 09:26:57.573 15258 15293 D Evaluation: 2 res for frame 1088 received at 1574321217573
11-21 09:26:57.600 15258 15293 D Evaluation: 3 res for frame 1089 received at 1574321217600
11-21 09:26:57.622 15258 15293 D Evaluation: 3 res for frame 1090 received at 1574321217622
11-21 09:26:57.715 15258 15293 D Evaluation: 4 res for frame 1092 received at 1574321217715
11-21 09:26:57.797 15258 15293 D Evaluation: 4 res for frame 1093 received at 1574321217797
11-21 09:26:57.831 15258 15293 D Evaluation: 4 res for frame 1094 received at 1574321217831
11-21 09:26:57.863 15258 15293 D Evaluation: 3 res for frame 1094 received at 1574321217863
11-21 09:26:57.904 15258 15293 D Evaluation: 3 res for frame 1095 received at 1574321217904
11-21 09:26:57.939 15258 15293 D Evaluation: 3 res for frame 1096 received at 1574321217939
11-21 09:26:58.018 15258 15293 D Evaluation: 2 res for frame 1098 received at 1574321218018
11-21 09:26:58.051 15258 15293 D Evaluation: 2 res for frame 1099 received at 1574321218051
11-21 09:26:58.077 15258 15293 D Evaluation: 2 res for frame 1099 received at 1574321218077
11-21 09:26:58.104 15258 15293 D Evaluation: 2 res for frame 1100 received at 1574321218104
11-21 09:26:58.129 15258 15293 D Evaluation: 2 res for frame 1101 received at 1574321218129
11-21 09:26:58.301 15258 15293 D Evaluation: 2 res for frame 1103 received at 1574321218301
11-21 09:26:58.322 15258 15268 W System  : A resource failed to call close. 
11-21 09:26:58.324 15258 15268 I chatty  : uid=10203(symlab.cloudridar.arhud) FinalizerDaemon identical 32 lines
11-21 09:26:58.324 15258 15268 W System  : A resource failed to call close. 
11-21 09:26:58.346 15258 15293 D Evaluation: 2 res for frame 1104 received at 1574321218346
11-21 09:26:58.375 15258 15293 D Evaluation: 1 res for frame 1105 received at 1574321218375
11-21 09:26:58.402 15258 15293 D Evaluation: 1 res for frame 1106 received at 1574321218402
11-21 09:26:58.442 15258 15293 D Evaluation: 1 res for frame 1106 received at 1574321218442
11-21 09:26:58.470 15258 15293 D Evaluation: 1 res for frame 1107 received at 1574321218470
11-21 09:26:58.634 15258 15293 D Evaluation: 1 res for frame 1108 received at 1574321218634
11-21 09:26:58.672 15258 15293 D Evaluation: 2 res for frame 1109 received at 1574321218672
11-21 09:26:58.701 15258 15293 D Evaluation: 1 res for frame 1110 received at 1574321218701
11-21 09:26:58.727 15258 15293 D Evaluation: 1 res for frame 1112 received at 1574321218727
11-21 09:26:58.749 15258 15293 D Evaluation: 1 res for frame 1112 received at 1574321218749
11-21 09:26:58.847 15258 15293 D Evaluation: 1 res for frame 1114 received at 1574321218847
11-21 09:26:58.894 15258 15293 D Evaluation: 1 res for frame 1116 received at 1574321218894
11-21 09:26:58.934 15258 15293 D Evaluation: 1 res for frame 1116 received at 1574321218934
11-21 09:26:58.966 15258 15293 D Evaluation: 1 res for frame 1117 received at 1574321218966
11-21 09:26:58.995 15258 15293 D Evaluation: 1 res for frame 1117 received at 1574321218995
11-21 09:26:59.021 15258 15293 D Evaluation: 1 res for frame 1119 received at 1574321219021
11-21 09:26:59.045 15258 15293 D Evaluation: 1 res for frame 1120 received at 1574321219045
11-21 09:26:59.069 15258 15293 D Evaluation: 1 res for frame 1122 received at 1574321219069
11-21 09:26:59.091 15258 15293 D Evaluation: 1 res for frame 1123 received at 1574321219091
11-21 09:26:59.099 15258 15268 W System  : A resource failed to call close. 
11-21 09:26:59.101 15258 15268 I chatty  : uid=10203(symlab.cloudridar.arhud) FinalizerDaemon identical 36 lines
11-21 09:26:59.101 15258 15268 W System  : A resource failed to call close. 
11-21 09:26:59.141 15258 15293 D Evaluation: 1 res for frame 1123 received at 1574321219141
11-21 09:26:59.172 15258 15293 D Evaluation: 1 res for frame 1124 received at 1574321219172
11-21 09:26:59.206 15258 15293 D Evaluation: 1 res for frame 1125 received at 1574321219206
11-21 09:26:59.232 15258 15293 D Evaluation: 1 res for frame 1125 received at 1574321219232
11-21 09:26:59.254 15258 15293 D Evaluation: 0 res for frame 1126 received at 1574321219253
11-21 09:26:59.326 15258 15293 D Evaluation: 0 res for frame 1127 received at 1574321219326
11-21 09:26:59.356 15258 15293 D Evaluation: 0 res for frame 1128 received at 1574321219356
11-21 09:26:59.384 15258 15293 D Evaluation: 0 res for frame 1129 received at 1574321219384
11-21 09:26:59.451 15258 15293 D Evaluation: 0 res for frame 1130 received at 1574321219451
11-21 09:26:59.479 15258 15293 D Evaluation: 0 res for frame 1131 received at 1574321219479
11-21 09:26:59.589 15258 15293 D Evaluation: 0 res for frame 1133 received at 1574321219589
11-21 09:26:59.614 15258 15293 D Evaluation: 1 res for frame 1134 received at 1574321219614
11-21 09:26:59.638 15258 15293 D Evaluation: 0 res for frame 1134 received at 1574321219638
11-21 09:26:59.661 15258 15293 D Evaluation: 0 res for frame 1136 received at 1574321219661
11-21 09:26:59.687 15258 15293 D Evaluation: 1 res for frame 1136 received at 1574321219687
11-21 09:26:59.736 15258 15293 D Evaluation: 1 res for frame 1138 received at 1574321219736
11-21 09:26:59.768 15258 15293 D Evaluation: 2 res for frame 1138 received at 1574321219768
11-21 09:26:59.794 15258 15293 D Evaluation: 1 res for frame 1139 received at 1574321219794
11-21 09:26:59.820 15258 15293 D Evaluation: 0 res for frame 1140 received at 1574321219820
11-21 09:26:59.859 15258 15293 D Evaluation: 0 res for frame 1141 received at 1574321219859
11-21 09:26:59.909 15258 15293 D Evaluation: 1 res for frame 1142 received at 1574321219909
11-21 09:26:59.945 15258 15293 D Evaluation: 2 res for frame 1143 received at 1574321219945
11-21 09:26:59.979 15258 15293 D Evaluation: 1 res for frame 1144 received at 1574321219979
11-21 09:26:59.996 15258 15268 W System  : A resource failed to call close. 
11-21 09:26:59.998 15258 15268 I chatty  : uid=10203(symlab.cloudridar.arhud) FinalizerDaemon identical 31 lines
11-21 09:26:59.998 15258 15268 W System  : A resource failed to call close. 
11-21 09:26:59.998 15258 15268 W System  : A resource failed to call close. 
11-21 09:26:59.999 15258 15268 I chatty  : uid=10203(symlab.cloudridar.arhud) FinalizerDaemon identical 11 lines
11-21 09:26:59.999 15258 15268 W System  : A resource failed to call close. 
11-21 09:27:00.011 15258 15293 D Evaluation: 1 res for frame 1145 received at 1574321220011
11-21 09:27:00.041 15258 15293 D Evaluation: 1 res for frame 1146 received at 1574321220041
11-21 09:27:00.151 15258 15293 D Evaluation: 0 res for frame 1147 received at 1574321220151
11-21 09:27:00.181 15258 15293 D Evaluation: 1 res for frame 1149 received at 1574321220181
11-21 09:27:00.205 15258 15293 D Evaluation: 0 res for frame 1150 received at 1574321220205
11-21 09:27:00.246 15258 15293 D Evaluation: 0 res for frame 1151 received at 1574321220246
11-21 09:27:00.307 15258 15293 D Evaluation: 0 res for frame 1151 received at 1574321220306
11-21 09:27:00.336 15258 15293 D Evaluation: 0 res for frame 1153 received at 1574321220336
11-21 09:27:00.376 15258 15293 D Evaluation: 0 res for frame 1154 received at 1574321220376
11-21 09:27:00.406 15258 15293 D Evaluation: 0 res for frame 1154 received at 1574321220406
11-21 09:27:00.427 15258 15293 D Evaluation: 0 res for frame 1155 received at 1574321220427
11-21 09:27:00.455 15258 15293 D Evaluation: 0 res for frame 1156 received at 1574321220455
11-21 09:27:00.492 15258 15293 D Evaluation: 0 res for frame 1157 received at 1574321220492
11-21 09:27:00.534 15258 15293 D Evaluation: 0 res for frame 1158 received at 1574321220534
11-21 09:27:00.562 15258 15293 D Evaluation: 0 res for frame 1159 received at 1574321220562
11-21 09:27:00.595 15258 15293 D Evaluation: 0 res for frame 1160 received at 1574321220595
11-21 09:27:00.633 15258 15293 D Evaluation: 0 res for frame 1161 received at 1574321220633
11-21 09:27:00.657 15258 15293 D Evaluation: 0 res for frame 1162 received at 1574321220657
11-21 09:27:00.748 15258 15293 D Evaluation: 0 res for frame 1163 received at 1574321220748
11-21 09:27:00.780 15258 15293 D Evaluation: 0 res for frame 1164 received at 1574321220780
11-21 09:27:00.834 15258 15293 D Evaluation: 0 res for frame 1165 received at 1574321220834
11-21 09:27:00.859 15258 15293 D Evaluation: 0 res for frame 1167 received at 1574321220859
11-21 09:27:00.894 15258 15293 D Evaluation: 0 res for frame 1167 received at 1574321220894
11-21 09:27:00.917 15258 15268 W System  : A resource failed to call close. 
11-21 09:27:00.920 15258 15268 I chatty  : uid=10203(symlab.cloudridar.arhud) FinalizerDaemon identical 44 lines
11-21 09:27:00.920 15258 15268 W System  : A resource failed to call close. 
11-21 09:27:00.925 15258 15293 D Evaluation: 0 res for frame 1169 received at 1574321220925
11-21 09:27:00.953 15258 15293 D Evaluation: 0 res for frame 1169 received at 1574321220953
11-21 09:27:00.988 15258 15293 D Evaluation: 0 res for frame 1170 received at 1574321220988
11-21 09:27:01.030 15258 15293 D Evaluation: 0 res for frame 1171 received at 1574321221030
11-21 09:27:01.060 15258 15293 D Evaluation: 0 res for frame 1172 received at 1574321221060
11-21 09:27:01.090 15258 15293 D Evaluation: 0 res for frame 1173 received at 1574321221090
11-21 09:27:01.121 15258 15293 D Evaluation: 0 res for frame 1174 received at 1574321221121
11-21 09:27:01.158 15258 15293 D Evaluation: 0 res for frame 1175 received at 1574321221158
11-21 09:27:01.193 15258 15293 D Evaluation: 0 res for frame 1176 received at 1574321221193
11-21 09:27:01.222 15258 15293 D Evaluation: 0 res for frame 1177 received at 1574321221222
11-21 09:27:01.260 15258 15293 D Evaluation: 0 res for frame 1178 received at 1574321221260
11-21 09:27:01.291 15258 15293 D Evaluation: 0 res for frame 1179 received at 1574321221291
11-21 09:27:01.335 15258 15293 D Evaluation: 0 res for frame 1180 received at 1574321221335
11-21 09:27:01.361 15258 15293 D Evaluation: 0 res for frame 1181 received at 1574321221361
11-21 09:27:01.414 15258 15293 D Evaluation: 0 res for frame 1182 received at 1574321221414
11-21 09:27:01.445 15258 15293 D Evaluation: 0 res for frame 1183 received at 1574321221445
11-21 09:27:01.470 15258 15293 D Evaluation: 0 res for frame 1184 received at 1574321221470
11-21 09:27:01.497 15258 15293 D Evaluation: 0 res for frame 1185 received at 1574321221497
11-21 09:27:01.532 15258 15293 D Evaluation: 0 res for frame 1186 received at 1574321221532
11-21 09:27:01.556 15258 15293 D Evaluation: 0 res for frame 1188 received at 1574321221556
11-21 09:27:01.752 15258 15293 D Evaluation: 0 res for frame 1189 received at 1574321221752
11-21 09:27:01.785 15258 15293 D Evaluation: 0 res for frame 1189 received at 1574321221785
11-21 09:27:01.817 15258 15293 D Evaluation: 0 res for frame 1190 received at 1574321221817
11-21 09:27:01.835 15258 15268 W System  : A resource failed to call close. 
11-21 09:27:01.839 15258 15268 I chatty  : uid=10203(symlab.cloudridar.arhud) FinalizerDaemon identical 44 lines
11-21 09:27:01.839 15258 15268 W System  : A resource failed to call close. 
11-21 09:27:01.842 15258 15293 D Evaluation: 0 res for frame 1191 received at 1574321221842
11-21 09:27:01.865 15258 15293 D Evaluation: 0 res for frame 1192 received at 1574321221865
11-21 09:27:01.995 15258 15293 D Evaluation: 0 res for frame 1194 received at 1574321221995
11-21 09:27:02.025 15258 15293 D Evaluation: 0 res for frame 1195 received at 1574321222025
11-21 09:27:02.049 15258 15293 D Evaluation: 0 res for frame 1196 received at 1574321222048
11-21 09:27:02.072 15258 15293 D Evaluation: 0 res for frame 1197 received at 1574321222072
11-21 09:27:02.094 15258 15293 D Evaluation: 0 res for frame 1197 received at 1574321222094
11-21 09:27:02.145 15258 15293 D Evaluation: 0 res for frame 1199 received at 1574321222145
11-21 09:27:02.174 15258 15293 D Evaluation: 1 res for frame 1200 received at 1574321222174
11-21 09:27:02.201 15258 15293 D Evaluation: 1 res for frame 1201 received at 1574321222201
11-21 09:27:02.233 15258 15293 D Evaluation: 1 res for frame 1201 received at 1574321222233
11-21 09:27:02.360 15258 15293 D Evaluation: 0 res for frame 1202 received at 1574321222360
11-21 09:27:02.396 15258 15293 D Evaluation: 1 res for frame 1204 received at 1574321222396
11-21 09:27:02.426 15258 15293 D Evaluation: 1 res for frame 1205 received at 1574321222426
11-21 09:27:02.456 15258 15293 D Evaluation: 2 res for frame 1205 received at 1574321222456
11-21 09:27:02.505 15258 15293 D Evaluation: 1 res for frame 1206 received at 1574321222505
11-21 09:27:02.566 15258 15293 D Evaluation: 0 res for frame 1208 received at 1574321222566
11-21 09:27:02.597 15258 15293 D Evaluation: 1 res for frame 1208 received at 1574321222597
11-21 09:27:02.646 15258 15293 D Evaluation: 1 res for frame 1209 received at 1574321222645
11-21 09:27:02.673 15258 15293 D Evaluation: 1 res for frame 1210 received at 1574321222673
11-21 09:27:02.697 15258 15293 D Evaluation: 1 res for frame 1211 received at 1574321222697
11-21 09:27:02.740 15258 15293 D Evaluation: 0 res for frame 1213 received at 1574321222740
11-21 09:27:02.771 15258 15293 D Evaluation: 0 res for frame 1213 received at 1574321222771
11-21 09:27:02.882 15258 15293 D Evaluation: 0 res for frame 1215 received at 1574321222882
11-21 09:27:02.894 15258 15268 W System  : A resource failed to call close. 
11-21 09:27:02.897 15258 15268 I chatty  : uid=10203(symlab.cloudridar.arhud) FinalizerDaemon identical 46 lines
11-21 09:27:02.897 15258 15268 W System  : A resource failed to call close. 
11-21 09:27:02.992 15258 15293 D Evaluation: 1 res for frame 1216 received at 1574321222992
11-21 09:27:03.030 15258 15293 D Evaluation: 1 res for frame 1216 received at 1574321223029
11-21 09:27:03.059 15258 15293 D Evaluation: 1 res for frame 1217 received at 1574321223059
11-21 09:27:03.088 15258 15293 D Evaluation: 1 res for frame 1218 received at 1574321223088
11-21 09:27:03.114 15258 15293 D Evaluation: 1 res for frame 1219 received at 1574321223114
11-21 09:27:03.186 15258 15293 D Evaluation: 1 res for frame 1221 received at 1574321223186
11-21 09:27:03.225 15258 15293 D Evaluation: 1 res for frame 1222 received at 1574321223225
11-21 09:27:03.309 15258 15293 D Evaluation: 1 res for frame 1223 received at 1574321223308
11-21 09:27:03.463 15258 15293 D Evaluation: 1 res for frame 1224 received at 1574321223463
11-21 09:27:03.515 15258 15293 D Evaluation: 1 res for frame 1224 received at 1574321223515
11-21 09:27:03.555 15258 15293 D Evaluation: 1 res for frame 1226 received at 1574321223555
11-21 09:27:03.589 15258 15293 D Evaluation: 1 res for frame 1226 received at 1574321223589
11-21 09:27:03.620 15258 15293 D Evaluation: 1 res for frame 1227 received at 1574321223620
11-21 09:27:03.646 15258 15293 D Evaluation: 1 res for frame 1230 received at 1574321223645
11-21 09:27:03.669 15258 15293 D Evaluation: 1 res for frame 1232 received at 1574321223669
11-21 09:27:03.691 15258 15293 D Evaluation: 1 res for frame 1232 received at 1574321223691
11-21 09:27:03.765 15258 15293 D Evaluation: 1 res for frame 1233 received at 1574321223765
11-21 09:27:03.790 15258 15293 D Evaluation: 1 res for frame 1233 received at 1574321223790
11-21 09:27:03.812 15258 15293 D Evaluation: 1 res for frame 1234 received at 1574321223812
11-21 09:27:03.832 15258 15293 D Evaluation: 1 res for frame 1235 received at 1574321223832
11-21 09:27:03.852 15258 15293 D Evaluation: 1 res for frame 1235 received at 1574321223852
11-21 09:27:03.895 15258 15293 D Evaluation: 0 res for frame 1237 received at 1574321223895
11-21 09:27:03.951 15258 15293 D Evaluation: 1 res for frame 1238 received at 1574321223951
11-21 09:27:03.963 15258 15268 W System  : A resource failed to call close. 
11-21 09:27:03.965 15258 15268 I chatty  : uid=10203(symlab.cloudridar.arhud) FinalizerDaemon identical 44 lines
11-21 09:27:03.965 15258 15268 W System  : A resource failed to call close. 
11-21 09:27:04.052 15258 15293 D Evaluation: 1 res for frame 1239 received at 1574321224052
11-21 09:27:04.091 15258 15293 D Evaluation: 1 res for frame 1240 received at 1574321224091
11-21 09:27:04.127 15258 15293 D Evaluation: 1 res for frame 1240 received at 1574321224127
11-21 09:27:04.151 15258 15293 D Evaluation: 1 res for frame 1241 received at 1574321224151
11-21 09:27:04.173 15258 15293 D Evaluation: 1 res for frame 1242 received at 1574321224173
11-21 09:27:04.195 15258 15293 D Evaluation: 1 res for frame 1244 received at 1574321224195
11-21 09:27:04.220 15258 15293 D Evaluation: 1 res for frame 1245 received at 1574321224220
11-21 09:27:04.304 15258 15293 D Evaluation: 2 res for frame 1246 received at 1574321224304
11-21 09:27:04.334 15258 15293 D Evaluation: 1 res for frame 1247 received at 1574321224334
11-21 09:27:04.359 15258 15293 D Evaluation: 1 res for frame 1248 received at 1574321224359
11-21 09:27:04.406 15258 15293 D Evaluation: 2 res for frame 1248 received at 1574321224406
11-21 09:27:04.440 15258 15293 D Evaluation: 1 res for frame 1249 received at 1574321224440
11-21 09:27:04.471 15258 15293 D Evaluation: 3 res for frame 1251 received at 1574321224471
11-21 09:27:04.498 15258 15293 D Evaluation: 1 res for frame 1251 received at 1574321224498
11-21 09:27:04.527 15258 15293 D Evaluation: 1 res for frame 1252 received at 1574321224527
11-21 09:27:04.647 15258 15293 D Evaluation: 1 res for frame 1253 received at 1574321224647
11-21 09:27:04.728 15258 15293 D Evaluation: 2 res for frame 1254 received at 1574321224728
11-21 09:27:04.755 15258 15293 D Evaluation: 1 res for frame 1255 received at 1574321224755
11-21 09:27:04.779 15258 15293 D Evaluation: 1 res for frame 1256 received at 1574321224779
11-21 09:27:04.834 15258 15293 D Evaluation: 1 res for frame 1257 received at 1574321224834
11-21 09:27:04.866 15258 15293 D Evaluation: 1 res for frame 1258 received at 1574321224866
11-21 09:27:04.888 15258 15293 D Evaluation: 2 res for frame 1260 received at 1574321224888
11-21 09:27:04.897 15258 15268 W System  : A resource failed to call close. 
11-21 09:27:04.898 15258 15268 I chatty  : uid=10203(symlab.cloudridar.arhud) FinalizerDaemon identical 33 lines
11-21 09:27:04.898 15258 15268 W System  : A resource failed to call close. 
11-21 09:27:04.898 15258 15268 W System  : A resource failed to call close. 
11-21 09:27:04.898 15258 15268 W System  : A resource failed to call close. 
11-21 09:27:04.898 15258 15268 I chatty  : uid=10203(symlab.cloudridar.arhud) FinalizerDaemon identical 2 lines
11-21 09:27:04.898 15258 15268 W System  : A resource failed to call close. 
11-21 09:27:04.899 15258 15268 W System  : A resource failed to call close. 
11-21 09:27:04.899 15258 15268 W System  : A resource failed to call close. 
11-21 09:27:04.899 15258 15268 I chatty  : uid=10203(symlab.cloudridar.arhud) FinalizerDaemon identical 1 line
11-21 09:27:04.899 15258 15268 W System  : A resource failed to call close. 
11-21 09:27:04.924 15258 15293 D Evaluation: 2 res for frame 1261 received at 1574321224924
11-21 09:27:04.960 15258 15293 D Evaluation: 2 res for frame 1261 received at 1574321224960
11-21 09:27:04.994 15258 15293 D Evaluation: 2 res for frame 1262 received at 1574321224994
11-21 09:27:05.098 15258 15293 D Evaluation: 0 res for frame 1263 received at 1574321225098
11-21 09:27:05.139 15258 15293 D Evaluation: 0 res for frame 1264 received at 1574321225139
11-21 09:27:05.169 15258 15293 D Evaluation: 1 res for frame 1265 received at 1574321225169
11-21 09:27:05.197 15258 15293 D Evaluation: 0 res for frame 1266 received at 1574321225197
11-21 09:27:05.296 15258 15293 D Evaluation: 1 res for frame 1267 received at 1574321225296
11-21 09:27:05.333 15258 15293 D Evaluation: 3 res for frame 1269 received at 1574321225333
11-21 09:27:05.365 15258 15293 D Evaluation: 2 res for frame 1270 received at 1574321225365
11-21 09:27:05.394 15258 15293 D Evaluation: 2 res for frame 1270 received at 1574321225394
11-21 09:27:05.421 15258 15293 D Evaluation: 2 res for frame 1271 received at 1574321225421
11-21 09:27:05.557 15258 15293 D Evaluation: 3 res for frame 1273 received at 1574321225557
11-21 09:27:05.590 15258 15293 D Evaluation: 3 res for frame 1275 received at 1574321225590
11-21 09:27:05.620 15258 15293 D Evaluation: 2 res for frame 1276 received at 1574321225620
11-21 09:27:05.650 15258 15293 D Evaluation: 2 res for frame 1276 received at 1574321225650
11-21 09:27:05.673 15258 15293 D Evaluation: 2 res for frame 1276 received at 1574321225673
11-21 09:27:05.792 15258 15293 D Evaluation: 3 res for frame 1278 received at 1574321225792
11-21 09:27:05.883 15258 15293 D Evaluation: 2 res for frame 1279 received at 1574321225883
