--------- beginning of main
11-06 10:26:28.283 20840 20840 W logcat  : type=1400 audit(0.0:26508): avc: granted { create } for name="logcat_1573028788271.txt" scontext=u:r:untrusted_app:s0:c149,c256,c512,c768 tcontext=u:object_r:sdcardfs:s0:c149,c256,c512,c768 tclass=file
11-06 10:26:28.284 20817 20817 I MultiDex: Installing application
11-06 10:26:28.284 20817 20817 I MultiDex: VM has multidex support, MultiDex support library is disabled.
--------- beginning of system
11-06 10:26:28.287 20817 20817 V ActivityThread: callActivityOnCreate
11-06 10:26:28.287 20817 20817 I Poster  :  onCreate() called.
11-06 10:26:28.290 20817 20817 I HwApsImpl: APS: new HwApsImpl created
11-06 10:26:28.297 20817 20817 V HwWidgetFactory: : successes to get AllImpl object and return....
11-06 10:26:28.304 20817 20817 D OpenGLRenderer: Skia GL Pipeline
11-06 10:26:28.328 20817 20817 D Poster  : Server bound to IP 193.166.28.132 and port 52727
11-06 10:26:28.332 20817 20851 D Evaluation: metadata 0 sent 
11-06 10:26:28.333 20817 20817 D ActivityThread: add activity client record, r= ActivityRecord{fd66872 token=android.os.BinderProxy@8cd3ec5 {symlab.cloudridar.arhud/symlab.ARHUD.MainActivity}} token= android.os.BinderProxy@8cd3ec5
11-06 10:26:28.335 20817 20817 I Poster  :  onStart() called.
11-06 10:26:28.336 20817 20817 D ZrHung.AppEyeUiProbe: notify runnable to start.
11-06 10:26:28.337 20817 20817 I Poster  :  onResume() called.
11-06 10:26:28.341 20817 20817 I PermissionManager: camera remind result:true
11-06 10:26:28.341 20817 20817 I Camera  : open camera: 0, package name: symlab.cloudridar.arhud
11-06 10:26:28.341 20817 20817 I BackgroundPermManager: pkgName: symlab.cloudridar.arhud,pid: 20817 ,uidOf3RdApk: 10149 ,permType: 0 ,permCfg: 1
11-06 10:26:28.342 20817 20817 I HwCameraUtil: notifySurfaceFlingerCameraStatus : isFront = false , isOpend = true
11-06 10:26:28.352 20817 20817 D ActivityThread: isOptEnabled=false isWechatScanOpt=false
11-06 10:26:28.354 20817 20817 I HwSecImmHelper: mSecurityInputMethodService is null
11-06 10:26:28.360 20817 20817 D OpenGLRenderer:   HWUI Binary is  enabled
11-06 10:26:28.374 20817 20869 D HiTouch_PressGestureDetector: onAttached, package=symlab.cloudridar.arhud, windowType=1, mHiTouchRestricted=false
11-06 10:26:28.386 20817 20868 I ConfigStore: android::hardware::configstore::V1_0::ISurfaceFlingerConfigs::hasWideColorDisplay retrieved: 0
11-06 10:26:28.386 20817 20868 I ConfigStore: android::hardware::configstore::V1_0::ISurfaceFlingerConfigs::hasHDRDisplay retrieved: 0
11-06 10:26:28.386 20817 20868 I iGraphics: [0020080c] pn: symlab.cloudridar.arhud, p: 20817
11-06 10:26:28.386 20817 20868 I OpenGLRenderer: Initialized EGL, version 1.4, mEglDisplay 0x1
11-06 10:26:28.386 20817 20868 D OpenGLRenderer: Swap behavior 2
11-06 10:26:28.395 20817 20868 D mali_winsys: EGLint new_window_surface(egl_winsys_display *, void *, EGLSurface, EGLConfig, egl_winsys_surface **, EGLBoolean) returns 0x3000
11-06 10:26:28.398 20817 20817 I Poster  :  surfaceCreated() called.
11-06 10:26:28.398 20817 20817 I Poster  : initPreview() called
11-06 10:26:28.403 20817 20817 I PermissionManager: camera remind result:true
11-06 10:26:28.408 20817 20817 I Poster  :  surfaceChanged() called.
11-06 10:26:28.425 20817 20817 W InputMethodManager: startInputReason = 1
11-06 10:26:28.441 20817 20817 W InputMethodManager: startInputReason = 5
11-06 10:26:28.699 20817 20851 D Evaluation: metadata 1 sent 
11-06 10:26:28.730 20817 20851 D Evaluation: metadata 2 sent 
11-06 10:26:28.767 20817 20851 D Evaluation: metadata 3 sent 
11-06 10:26:28.800 20817 20851 D Evaluation: metadata 4 sent 
11-06 10:26:28.834 20817 20851 D Evaluation: metadata 5 sent 
11-06 10:26:28.891 20817 20851 D Evaluation: Frame 6 sent at 1573028788891
11-06 10:26:28.912 20817 20851 D Evaluation: Frame 7 sent at 1573028788912
11-06 10:26:28.949 20817 20851 D Evaluation: Frame 8 sent at 1573028788949
11-06 10:26:28.980 20817 20851 D Evaluation: Frame 9 sent at 1573028788980
11-06 10:26:29.016 20817 20851 D Evaluation: Frame 10 sent at 1573028789016
11-06 10:26:29.051 20817 20851 D Evaluation: Frame 11 sent at 1573028789051
11-06 10:26:29.081 20817 20851 D Evaluation: Frame 12 sent at 1573028789081
11-06 10:26:29.114 20817 20851 D Evaluation: Frame 13 sent at 1573028789114
11-06 10:26:29.147 20817 20851 D Evaluation: Frame 14 sent at 1573028789147
11-06 10:26:29.181 20817 20851 D Evaluation: Frame 15 sent at 1573028789181
11-06 10:26:29.182 20817 20851 D Evaluation: 3 res for frame 6 received at 1573028789182
11-06 10:26:29.214 20817 20828 E         : [ZeroHung]zrhung_get_config: Get config failed for wp[0x0008]
11-06 10:26:29.214 20817 20851 D Evaluation: Frame 16 sent at 1573028789214
11-06 10:26:29.227 20817 20826 W System  : A resource failed to call close. 
11-06 10:26:29.227 20817 20826 W System  : A resource failed to call close. 
11-06 10:26:29.249 20817 20851 D Evaluation: Frame 17 sent at 1573028789249
11-06 10:26:29.282 20817 20851 D Evaluation: Frame 18 sent at 1573028789282
11-06 10:26:29.316 20817 20851 D Evaluation: Frame 19 sent at 1573028789316
11-06 10:26:29.317 20817 20851 D Evaluation: 3 res for frame 7 received at 1573028789317
11-06 10:26:29.350 20817 20851 D Evaluation: Frame 20 sent at 1573028789350
11-06 10:26:29.383 20817 20851 D Evaluation: Frame 21 sent at 1573028789383
11-06 10:26:29.418 20817 20851 D Evaluation: Frame 22 sent at 1573028789418
11-06 10:26:29.450 20817 20851 D Evaluation: Frame 23 sent at 1573028789450
11-06 10:26:29.485 20817 20851 D Evaluation: Frame 24 sent at 1573028789485
11-06 10:26:29.517 20817 20851 D Evaluation: Frame 25 sent at 1573028789517
11-06 10:26:29.551 20817 20851 D Evaluation: Frame 26 sent at 1573028789551
11-06 10:26:29.597 20817 20851 D Evaluation: Frame 27 sent at 1573028789597
11-06 10:26:29.636 20817 20851 D Evaluation: Frame 28 sent at 1573028789636
11-06 10:26:29.664 20817 20851 D Evaluation: Frame 29 sent at 1573028789664
11-06 10:26:29.701 20817 20851 D Evaluation: Frame 30 sent at 1573028789701
11-06 10:26:29.737 20817 20851 D Evaluation: Frame 31 sent at 1573028789737
11-06 10:26:29.782 20817 20851 D Evaluation: Frame 32 sent at 1573028789782
11-06 10:26:29.809 20817 20851 D Evaluation: Frame 33 sent at 1573028789809
11-06 10:26:29.848 20817 20851 D Evaluation: Frame 34 sent at 1573028789848
11-06 10:26:29.869 20817 20851 D Evaluation: Frame 35 sent at 1573028789869
11-06 10:26:29.905 20817 20851 D Evaluation: Frame 36 sent at 1573028789905
11-06 10:26:29.937 20817 20851 D Evaluation: Frame 37 sent at 1573028789937
11-06 10:26:29.979 20817 20851 D Evaluation: Frame 38 sent at 1573028789979
11-06 10:26:30.067 20817 20851 D Evaluation: Frame 40 sent at 1573028790067
11-06 10:26:30.092 20817 20851 D Evaluation: Frame 40 sent at 1573028790092
11-06 10:26:30.177 20817 20851 D Evaluation: Frame 41 sent at 1573028790177
11-06 10:26:30.225 20817 20851 D Evaluation: Frame 42 sent at 1573028790225
11-06 10:26:30.251 20817 20851 D Evaluation: Frame 43 sent at 1573028790251
11-06 10:26:30.281 20817 20851 W System.err: java.net.SocketException: Message too long
11-06 10:26:30.282 20817 20851 W System.err: 	at sun.nio.ch.DatagramChannelImpl.send0(Native Method)
11-06 10:26:30.282 20817 20851 W System.err: 	at sun.nio.ch.DatagramChannelImpl.sendFromNativeBuffer(DatagramChannelImpl.java:573)
11-06 10:26:30.282 20817 20851 W System.err: 	at sun.nio.ch.DatagramChannelImpl.send(DatagramChannelImpl.java:550)
11-06 10:26:30.282 20817 20851 W System.err: 	at sun.nio.ch.DatagramChannelImpl.send(DatagramChannelImpl.java:514)
11-06 10:26:30.282 20817 20851 W System.err: 	at symlab.CloudAR.network.TransmissionTask.run(TransmissionTask.java:124)
11-06 10:26:30.282 20817 20851 W System.err: 	at android.os.Handler.handleCallback(Handler.java:907)
11-06 10:26:30.282 20817 20851 W System.err: 	at android.os.Handler.dispatchMessage(Handler.java:105)
11-06 10:26:30.282 20817 20851 W System.err: 	at android.os.Looper.loop(Looper.java:216)
11-06 10:26:30.282 20817 20851 W System.err: 	at android.os.HandlerThread.run(HandlerThread.java:65)
11-06 10:26:30.319 20817 20828 E         : [ZeroHung]zrhung_get_config: Get config failed for wp[0x0008]
11-06 10:26:30.320 20817 20851 W System.err: java.net.SocketException: Message too long
11-06 10:26:30.320 20817 20851 W System.err: 	at sun.nio.ch.DatagramChannelImpl.send0(Native Method)
11-06 10:26:30.320 20817 20851 W System.err: 	at sun.nio.ch.DatagramChannelImpl.sendFromNativeBuffer(DatagramChannelImpl.java:573)
11-06 10:26:30.320 20817 20851 W System.err: 	at sun.nio.ch.DatagramChannelImpl.send(DatagramChannelImpl.java:550)
11-06 10:26:30.320 20817 20851 W System.err: 	at sun.nio.ch.DatagramChannelImpl.send(DatagramChannelImpl.java:514)
11-06 10:26:30.320 20817 20851 W System.err: 	at symlab.CloudAR.network.TransmissionTask.run(TransmissionTask.java:124)
11-06 10:26:30.320 20817 20851 W System.err: 	at android.os.Handler.handleCallback(Handler.java:907)
11-06 10:26:30.321 20817 20851 W System.err: 	at android.os.Handler.dispatchMessage(Handler.java:105)
11-06 10:26:30.321 20817 20851 W System.err: 	at android.os.Looper.loop(Looper.java:216)
11-06 10:26:30.321 20817 20851 W System.err: 	at android.os.HandlerThread.run(HandlerThread.java:65)
11-06 10:26:30.336 20817 20826 W System  : A resource failed to call close. 
11-06 10:26:30.336 20817 20826 W System  : A resource failed to call close. 
11-06 10:26:30.350 20817 20851 D Evaluation: Frame 46 sent at 1573028790350
11-06 10:26:30.376 20817 20851 D Evaluation: Frame 47 sent at 1573028790376
11-06 10:26:30.388 20817 20817 D stylus  : init stylus touchlistener.
11-06 10:26:30.392 20817 20817 W Settings: Setting device_provisioned has moved from android.provider.Settings.Secure to android.provider.Settings.Global.
11-06 10:26:30.394 20817 20817 V HiTouch_HiTouchSensor: User setup is finished.
11-06 10:26:30.412 20817 20817 W HiTouch_PressGestureDetector: Touch pointer move a lot. The moving distance of X is:11.369888, limit is:60The moving distance of Y is:88.007454, limit is:60
11-06 10:26:30.418 20817 20851 D Evaluation: Frame 48 sent at 1573028790418
11-06 10:26:30.447 20817 20851 D Evaluation: Frame 49 sent at 1573028790447
11-06 10:26:30.475 20817 20851 D Evaluation: Frame 50 sent at 1573028790475
11-06 10:26:30.520 20817 20851 D Evaluation: Frame 52 sent at 1573028790520
11-06 10:26:30.536 20817 20851 D Evaluation: Frame 52 sent at 1573028790536
11-06 10:26:30.562 20817 20851 D Evaluation: Frame 53 sent at 1573028790562
11-06 10:26:30.595 20817 20851 D Evaluation: Frame 54 sent at 1573028790595
11-06 10:26:30.627 20817 20851 D Evaluation: Frame 55 sent at 1573028790627
11-06 10:26:30.664 20817 20851 D Evaluation: Frame 56 sent at 1573028790664
11-06 10:26:30.695 20817 20851 D Evaluation: Frame 57 sent at 1573028790695
11-06 10:26:30.735 20817 20851 D Evaluation: Frame 58 sent at 1573028790735
11-06 10:26:30.770 20817 20851 D Evaluation: Frame 59 sent at 1573028790769
11-06 10:26:30.800 20817 20851 D Evaluation: Frame 60 sent at 1573028790800
11-06 10:26:30.843 20817 20851 D Evaluation: Frame 61 sent at 1573028790843
11-06 10:26:30.870 20817 20851 D Evaluation: Frame 62 sent at 1573028790870
11-06 10:26:30.910 20817 20851 D Evaluation: Frame 63 sent at 1573028790910
11-06 10:26:30.938 20817 20851 D Evaluation: Frame 64 sent at 1573028790938
11-06 10:26:30.982 20817 20851 D Evaluation: Frame 65 sent at 1573028790982
11-06 10:26:31.007 20817 20851 D Evaluation: Frame 66 sent at 1573028791007
11-06 10:26:31.062 20817 20851 D Evaluation: Frame 67 sent at 1573028791062
11-06 10:26:31.079 20817 20851 D Evaluation: Frame 68 sent at 1573028791079
11-06 10:26:31.105 20817 20851 D Evaluation: Frame 69 sent at 1573028791105
11-06 10:26:31.135 20817 20851 D Evaluation: Frame 70 sent at 1573028791135
11-06 10:26:31.174 20817 20851 D Evaluation: Frame 71 sent at 1573028791174
11-06 10:26:31.214 20817 20851 D Evaluation: Frame 72 sent at 1573028791214
11-06 10:26:31.239 20817 20851 D Evaluation: Frame 73 sent at 1573028791239
11-06 10:26:31.275 20817 20851 D Evaluation: Frame 74 sent at 1573028791275
11-06 10:26:31.308 20817 20851 D Evaluation: Frame 75 sent at 1573028791308
11-06 10:26:31.351 20817 20851 D Evaluation: Frame 76 sent at 1573028791351
11-06 10:26:31.382 20817 20851 D Evaluation: Frame 77 sent at 1573028791382
11-06 10:26:31.412 20817 20851 D Evaluation: Frame 78 sent at 1573028791412
11-06 10:26:31.442 20817 20851 D Evaluation: Frame 79 sent at 1573028791442
11-06 10:26:31.480 20817 20851 D Evaluation: Frame 80 sent at 1573028791480
11-06 10:26:31.507 20817 20851 D Evaluation: Frame 81 sent at 1573028791507
11-06 10:26:31.550 20817 20851 D Evaluation: Frame 82 sent at 1573028791550
11-06 10:26:31.576 20817 20851 D Evaluation: Frame 83 sent at 1573028791576
11-06 10:26:31.622 20817 20828 E         : [ZeroHung]zrhung_get_config: Get config failed for wp[0x0008]
11-06 10:26:31.623 20817 20851 D Evaluation: Frame 84 sent at 1573028791623
11-06 10:26:31.642 20817 20851 D Evaluation: Frame 85 sent at 1573028791642
11-06 10:26:31.681 20817 20851 D Evaluation: Frame 86 sent at 1573028791681
11-06 10:26:31.706 20817 20851 D Evaluation: Frame 87 sent at 1573028791706
11-06 10:26:31.747 20817 20851 D Evaluation: Frame 88 sent at 1573028791747
11-06 10:26:31.775 20817 20851 D Evaluation: Frame 89 sent at 1573028791775
11-06 10:26:31.821 20817 20851 D Evaluation: Frame 90 sent at 1573028791821
11-06 10:26:31.844 20817 20851 D Evaluation: Frame 91 sent at 1573028791844
11-06 10:26:31.921 20817 20851 D Evaluation: Frame 92 sent at 1573028791921
11-06 10:26:31.957 20817 20851 D Evaluation: Frame 93 sent at 1573028791957
11-06 10:26:31.983 20817 20851 D Evaluation: Frame 94 sent at 1573028791983
11-06 10:26:32.015 20817 20851 W System.err: java.net.SocketException: Message too long
11-06 10:26:32.015 20817 20851 W System.err: 	at sun.nio.ch.DatagramChannelImpl.send0(Native Method)
11-06 10:26:32.015 20817 20851 W System.err: 	at sun.nio.ch.DatagramChannelImpl.sendFromNativeBuffer(DatagramChannelImpl.java:573)
11-06 10:26:32.015 20817 20851 W System.err: 	at sun.nio.ch.DatagramChannelImpl.send(DatagramChannelImpl.java:550)
11-06 10:26:32.015 20817 20851 W System.err: 	at sun.nio.ch.DatagramChannelImpl.send(DatagramChannelImpl.java:514)
11-06 10:26:32.015 20817 20851 W System.err: 	at symlab.CloudAR.network.TransmissionTask.run(TransmissionTask.java:124)
11-06 10:26:32.015 20817 20851 W System.err: 	at android.os.Handler.handleCallback(Handler.java:907)
11-06 10:26:32.015 20817 20851 W System.err: 	at android.os.Handler.dispatchMessage(Handler.java:105)
11-06 10:26:32.015 20817 20851 W System.err: 	at android.os.Looper.loop(Looper.java:216)
11-06 10:26:32.015 20817 20851 W System.err: 	at android.os.HandlerThread.run(HandlerThread.java:65)
11-06 10:26:32.050 20817 20851 W System.err: java.net.SocketException: Message too long
11-06 10:26:32.050 20817 20851 W System.err: 	at sun.nio.ch.DatagramChannelImpl.send0(Native Method)
11-06 10:26:32.051 20817 20851 W System.err: 	at sun.nio.ch.DatagramChannelImpl.sendFromNativeBuffer(DatagramChannelImpl.java:573)
11-06 10:26:32.051 20817 20851 W System.err: 	at sun.nio.ch.DatagramChannelImpl.send(DatagramChannelImpl.java:550)
11-06 10:26:32.051 20817 20851 W System.err: 	at sun.nio.ch.DatagramChannelImpl.send(DatagramChannelImpl.java:514)
11-06 10:26:32.051 20817 20851 W System.err: 	at symlab.CloudAR.network.TransmissionTask.run(TransmissionTask.java:124)
11-06 10:26:32.051 20817 20851 W System.err: 	at android.os.Handler.handleCallback(Handler.java:907)
11-06 10:26:32.051 20817 20851 W System.err: 	at android.os.Handler.dispatchMessage(Handler.java:105)
11-06 10:26:32.051 20817 20851 W System.err: 	at android.os.Looper.loop(Looper.java:216)
11-06 10:26:32.051 20817 20851 W System.err: 	at android.os.HandlerThread.run(HandlerThread.java:65)
11-06 10:26:32.116 20817 20851 W System.err: java.net.SocketException: Message too long
11-06 10:26:32.116 20817 20851 W System.err: 	at sun.nio.ch.DatagramChannelImpl.send0(Native Method)
11-06 10:26:32.116 20817 20851 W System.err: 	at sun.nio.ch.DatagramChannelImpl.sendFromNativeBuffer(DatagramChannelImpl.java:573)
11-06 10:26:32.117 20817 20851 W System.err: 	at sun.nio.ch.DatagramChannelImpl.send(DatagramChannelImpl.java:550)
11-06 10:26:32.117 20817 20851 W System.err: 	at sun.nio.ch.DatagramChannelImpl.send(DatagramChannelImpl.java:514)
11-06 10:26:32.117 20817 20851 W System.err: 	at symlab.CloudAR.network.TransmissionTask.run(TransmissionTask.java:124)
11-06 10:26:32.117 20817 20851 W System.err: 	at android.os.Handler.handleCallback(Handler.java:907)
11-06 10:26:32.117 20817 20851 W System.err: 	at android.os.Handler.dispatchMessage(Handler.java:105)
11-06 10:26:32.117 20817 20851 W System.err: 	at android.os.Looper.loop(Looper.java:216)
11-06 10:26:32.117 20817 20851 W System.err: 	at android.os.HandlerThread.run(HandlerThread.java:65)
11-06 10:26:32.158 20817 20851 W System.err: java.net.SocketException: Message too long
11-06 10:26:32.158 20817 20851 W System.err: 	at sun.nio.ch.DatagramChannelImpl.send0(Native Method)
11-06 10:26:32.158 20817 20851 W System.err: 	at sun.nio.ch.DatagramChannelImpl.sendFromNativeBuffer(DatagramChannelImpl.java:573)
11-06 10:26:32.158 20817 20851 W System.err: 	at sun.nio.ch.DatagramChannelImpl.send(DatagramChannelImpl.java:550)
11-06 10:26:32.158 20817 20851 W System.err: 	at sun.nio.ch.DatagramChannelImpl.send(DatagramChannelImpl.java:514)
11-06 10:26:32.158 20817 20851 W System.err: 	at symlab.CloudAR.network.TransmissionTask.run(TransmissionTask.java:124)
11-06 10:26:32.158 20817 20851 W System.err: 	at android.os.Handler.handleCallback(Handler.java:907)
11-06 10:26:32.158 20817 20851 W System.err: 	at android.os.Handler.dispatchMessage(Handler.java:105)
11-06 10:26:32.158 20817 20851 W System.err: 	at android.os.Looper.loop(Looper.java:216)
11-06 10:26:32.158 20817 20851 W System.err: 	at android.os.HandlerThread.run(HandlerThread.java:65)
11-06 10:26:32.197 20817 20851 W System.err: java.net.SocketException: Message too long
11-06 10:26:32.197 20817 20851 W System.err: 	at sun.nio.ch.DatagramChannelImpl.send0(Native Method)
11-06 10:26:32.197 20817 20851 W System.err: 	at sun.nio.ch.DatagramChannelImpl.sendFromNativeBuffer(DatagramChannelImpl.java:573)
11-06 10:26:32.197 20817 20851 W System.err: 	at sun.nio.ch.DatagramChannelImpl.send(DatagramChannelImpl.java:550)
11-06 10:26:32.197 20817 20851 W System.err: 	at sun.nio.ch.DatagramChannelImpl.send(DatagramChannelImpl.java:514)
11-06 10:26:32.197 20817 20851 W System.err: 	at symlab.CloudAR.network.TransmissionTask.run(TransmissionTask.java:124)
11-06 10:26:32.197 20817 20851 W System.err: 	at android.os.Handler.handleCallback(Handler.java:907)
11-06 10:26:32.197 20817 20851 W System.err: 	at android.os.Handler.dispatchMessage(Handler.java:105)
11-06 10:26:32.197 20817 20851 W System.err: 	at android.os.Looper.loop(Looper.java:216)
11-06 10:26:32.197 20817 20851 W System.err: 	at android.os.HandlerThread.run(HandlerThread.java:65)
11-06 10:26:32.218 20817 20851 W System.err: java.net.SocketException: Message too long
11-06 10:26:32.218 20817 20851 W System.err: 	at sun.nio.ch.DatagramChannelImpl.send0(Native Method)
11-06 10:26:32.218 20817 20851 W System.err: 	at sun.nio.ch.DatagramChannelImpl.sendFromNativeBuffer(DatagramChannelImpl.java:573)
11-06 10:26:32.218 20817 20851 W System.err: 	at sun.nio.ch.DatagramChannelImpl.send(DatagramChannelImpl.java:550)
11-06 10:26:32.218 20817 20851 W System.err: 	at sun.nio.ch.DatagramChannelImpl.send(DatagramChannelImpl.java:514)
11-06 10:26:32.218 20817 20851 W System.err: 	at symlab.CloudAR.network.TransmissionTask.run(TransmissionTask.java:124)
11-06 10:26:32.218 20817 20851 W System.err: 	at android.os.Handler.handleCallback(Handler.java:907)
11-06 10:26:32.218 20817 20851 W System.err: 	at android.os.Handler.dispatchMessage(Handler.java:105)
11-06 10:26:32.218 20817 20851 W System.err: 	at android.os.Looper.loop(Looper.java:216)
11-06 10:26:32.218 20817 20851 W System.err: 	at android.os.HandlerThread.run(HandlerThread.java:65)
11-06 10:26:32.250 20817 20851 W System.err: java.net.SocketException: Message too long
11-06 10:26:32.250 20817 20851 W System.err: 	at sun.nio.ch.DatagramChannelImpl.send0(Native Method)
11-06 10:26:32.250 20817 20851 W System.err: 	at sun.nio.ch.DatagramChannelImpl.sendFromNativeBuffer(DatagramChannelImpl.java:573)
11-06 10:26:32.250 20817 20851 W System.err: 	at sun.nio.ch.DatagramChannelImpl.send(DatagramChannelImpl.java:550)
11-06 10:26:32.251 20817 20851 W System.err: 	at sun.nio.ch.DatagramChannelImpl.send(DatagramChannelImpl.java:514)
11-06 10:26:32.251 20817 20851 W System.err: 	at symlab.CloudAR.network.TransmissionTask.run(TransmissionTask.java:124)
11-06 10:26:32.251 20817 20851 W System.err: 	at android.os.Handler.handleCallback(Handler.java:907)
11-06 10:26:32.251 20817 20851 W System.err: 	at android.os.Handler.dispatchMessage(Handler.java:105)
11-06 10:26:32.251 20817 20851 W System.err: 	at android.os.Looper.loop(Looper.java:216)
11-06 10:26:32.251 20817 20851 W System.err: 	at android.os.HandlerThread.run(HandlerThread.java:65)
11-06 10:26:32.282 20817 20851 W System.err: java.net.SocketException: Message too long
11-06 10:26:32.282 20817 20851 W System.err: 	at sun.nio.ch.DatagramChannelImpl.send0(Native Method)
11-06 10:26:32.283 20817 20851 W System.err: 	at sun.nio.ch.DatagramChannelImpl.sendFromNativeBuffer(DatagramChannelImpl.java:573)
11-06 10:26:32.283 20817 20851 W System.err: 	at sun.nio.ch.DatagramChannelImpl.send(DatagramChannelImpl.java:550)
11-06 10:26:32.283 20817 20851 W System.err: 	at sun.nio.ch.DatagramChannelImpl.send(DatagramChannelImpl.java:514)
11-06 10:26:32.283 20817 20851 W System.err: 	at symlab.CloudAR.network.TransmissionTask.run(TransmissionTask.java:124)
11-06 10:26:32.283 20817 20851 W System.err: 	at android.os.Handler.handleCallback(Handler.java:907)
11-06 10:26:32.283 20817 20851 W System.err: 	at android.os.Handler.dispatchMessage(Handler.java:105)
11-06 10:26:32.283 20817 20851 W System.err: 	at android.os.Looper.loop(Looper.java:216)
11-06 10:26:32.283 20817 20851 W System.err: 	at android.os.HandlerThread.run(HandlerThread.java:65)
11-06 10:26:32.320 20817 20851 W System.err: java.net.SocketException: Message too long
11-06 10:26:32.321 20817 20851 W System.err: 	at sun.nio.ch.DatagramChannelImpl.send0(Native Method)
11-06 10:26:32.321 20817 20851 W System.err: 	at sun.nio.ch.DatagramChannelImpl.sendFromNativeBuffer(DatagramChannelImpl.java:573)
11-06 10:26:32.321 20817 20851 W System.err: 	at sun.nio.ch.DatagramChannelImpl.send(DatagramChannelImpl.java:550)
11-06 10:26:32.321 20817 20851 W System.err: 	at sun.nio.ch.DatagramChannelImpl.send(DatagramChannelImpl.java:514)
11-06 10:26:32.321 20817 20851 W System.err: 	at symlab.CloudAR.network.TransmissionTask.run(TransmissionTask.java:124)
11-06 10:26:32.321 20817 20851 W System.err: 	at android.os.Handler.handleCallback(Handler.java:907)
11-06 10:26:32.321 20817 20851 W System.err: 	at android.os.Handler.dispatchMessage(Handler.java:105)
11-06 10:26:32.321 20817 20851 W System.err: 	at android.os.Looper.loop(Looper.java:216)
11-06 10:26:32.321 20817 20851 W System.err: 	at android.os.HandlerThread.run(HandlerThread.java:65)
11-06 10:26:32.351 20817 20851 W System.err: java.net.SocketException: Message too long
11-06 10:26:32.351 20817 20851 W System.err: 	at sun.nio.ch.DatagramChannelImpl.send0(Native Method)
11-06 10:26:32.351 20817 20851 W System.err: 	at sun.nio.ch.DatagramChannelImpl.sendFromNativeBuffer(DatagramChannelImpl.java:573)
11-06 10:26:32.351 20817 20851 W System.err: 	at sun.nio.ch.DatagramChannelImpl.send(DatagramChannelImpl.java:550)
11-06 10:26:32.351 20817 20851 W System.err: 	at sun.nio.ch.DatagramChannelImpl.send(DatagramChannelImpl.java:514)
11-06 10:26:32.351 20817 20851 W System.err: 	at symlab.CloudAR.network.TransmissionTask.run(TransmissionTask.java:124)
11-06 10:26:32.351 20817 20851 W System.err: 	at android.os.Handler.handleCallback(Handler.java:907)
11-06 10:26:32.351 20817 20851 W System.err: 	at android.os.Handler.dispatchMessage(Handler.java:105)
11-06 10:26:32.351 20817 20851 W System.err: 	at android.os.Looper.loop(Looper.java:216)
11-06 10:26:32.351 20817 20851 W System.err: 	at android.os.HandlerThread.run(HandlerThread.java:65)
11-06 10:26:32.394 20817 20851 W System.err: java.net.SocketException: Message too long
11-06 10:26:32.394 20817 20851 W System.err: 	at sun.nio.ch.DatagramChannelImpl.send0(Native Method)
11-06 10:26:32.394 20817 20851 W System.err: 	at sun.nio.ch.DatagramChannelImpl.sendFromNativeBuffer(DatagramChannelImpl.java:573)
11-06 10:26:32.394 20817 20851 W System.err: 	at sun.nio.ch.DatagramChannelImpl.send(DatagramChannelImpl.java:550)
11-06 10:26:32.394 20817 20851 W System.err: 	at sun.nio.ch.DatagramChannelImpl.send(DatagramChannelImpl.java:514)
11-06 10:26:32.394 20817 20851 W System.err: 	at symlab.CloudAR.network.TransmissionTask.run(TransmissionTask.java:124)
11-06 10:26:32.394 20817 20851 W System.err: 	at android.os.Handler.handleCallback(Handler.java:907)
11-06 10:26:32.394 20817 20851 W System.err: 	at android.os.Handler.dispatchMessage(Handler.java:105)
11-06 10:26:32.394 20817 20851 W System.err: 	at android.os.Looper.loop(Looper.java:216)
11-06 10:26:32.394 20817 20851 W System.err: 	at android.os.HandlerThread.run(HandlerThread.java:65)
11-06 10:26:32.427 20817 20851 W System.err: java.net.SocketException: Message too long
11-06 10:26:32.427 20817 20851 W System.err: 	at sun.nio.ch.DatagramChannelImpl.send0(Native Method)
11-06 10:26:32.427 20817 20851 W System.err: 	at sun.nio.ch.DatagramChannelImpl.sendFromNativeBuffer(DatagramChannelImpl.java:573)
11-06 10:26:32.427 20817 20851 W System.err: 	at sun.nio.ch.DatagramChannelImpl.send(DatagramChannelImpl.java:550)
11-06 10:26:32.427 20817 20851 W System.err: 	at sun.nio.ch.DatagramChannelImpl.send(DatagramChannelImpl.java:514)
11-06 10:26:32.427 20817 20851 W System.err: 	at symlab.CloudAR.network.TransmissionTask.run(TransmissionTask.java:124)
11-06 10:26:32.427 20817 20851 W System.err: 	at android.os.Handler.handleCallback(Handler.java:907)
11-06 10:26:32.427 20817 20851 W System.err: 	at android.os.Handler.dispatchMessage(Handler.java:105)
11-06 10:26:32.427 20817 20851 W System.err: 	at android.os.Looper.loop(Looper.java:216)
11-06 10:26:32.427 20817 20851 W System.err: 	at android.os.HandlerThread.run(HandlerThread.java:65)
11-06 10:26:32.453 20817 20851 D Evaluation: Frame 107 sent at 1573028792452
11-06 10:26:32.485 20817 20851 D Evaluation: Frame 108 sent at 1573028792485
11-06 10:26:32.519 20817 20851 W System.err: java.net.SocketException: Message too long
11-06 10:26:32.519 20817 20851 W System.err: 	at sun.nio.ch.DatagramChannelImpl.send0(Native Method)
11-06 10:26:32.519 20817 20851 W System.err: 	at sun.nio.ch.DatagramChannelImpl.sendFromNativeBuffer(DatagramChannelImpl.java:573)
11-06 10:26:32.519 20817 20851 W System.err: 	at sun.nio.ch.DatagramChannelImpl.send(DatagramChannelImpl.java:550)
11-06 10:26:32.519 20817 20851 W System.err: 	at sun.nio.ch.DatagramChannelImpl.send(DatagramChannelImpl.java:514)
11-06 10:26:32.520 20817 20851 W System.err: 	at symlab.CloudAR.network.TransmissionTask.run(TransmissionTask.java:124)
11-06 10:26:32.520 20817 20851 W System.err: 	at android.os.Handler.handleCallback(Handler.java:907)
11-06 10:26:32.520 20817 20851 W System.err: 	at android.os.Handler.dispatchMessage(Handler.java:105)
11-06 10:26:32.520 20817 20851 W System.err: 	at android.os.Looper.loop(Looper.java:216)
11-06 10:26:32.520 20817 20851 W System.err: 	at android.os.HandlerThread.run(HandlerThread.java:65)
11-06 10:26:32.563 20817 20851 W System.err: java.net.SocketException: Message too long
11-06 10:26:32.563 20817 20851 W System.err: 	at sun.nio.ch.DatagramChannelImpl.send0(Native Method)
11-06 10:26:32.563 20817 20851 W System.err: 	at sun.nio.ch.DatagramChannelImpl.sendFromNativeBuffer(DatagramChannelImpl.java:573)
11-06 10:26:32.563 20817 20851 W System.err: 	at sun.nio.ch.DatagramChannelImpl.send(DatagramChannelImpl.java:550)
11-06 10:26:32.563 20817 20851 W System.err: 	at sun.nio.ch.DatagramChannelImpl.send(DatagramChannelImpl.java:514)
11-06 10:26:32.563 20817 20851 W System.err: 	at symlab.CloudAR.network.TransmissionTask.run(TransmissionTask.java:124)
11-06 10:26:32.563 20817 20851 W System.err: 	at android.os.Handler.handleCallback(Handler.java:907)
11-06 10:26:32.563 20817 20851 W System.err: 	at android.os.Handler.dispatchMessage(Handler.java:105)
11-06 10:26:32.563 20817 20851 W System.err: 	at android.os.Looper.loop(Looper.java:216)
11-06 10:26:32.563 20817 20851 W System.err: 	at android.os.HandlerThread.run(HandlerThread.java:65)
11-06 10:26:32.588 20817 20851 W System.err: java.net.SocketException: Message too long
11-06 10:26:32.588 20817 20851 W System.err: 	at sun.nio.ch.DatagramChannelImpl.send0(Native Method)
11-06 10:26:32.588 20817 20851 W System.err: 	at sun.nio.ch.DatagramChannelImpl.sendFromNativeBuffer(DatagramChannelImpl.java:573)
11-06 10:26:32.588 20817 20851 W System.err: 	at sun.nio.ch.DatagramChannelImpl.send(DatagramChannelImpl.java:550)
11-06 10:26:32.588 20817 20851 W System.err: 	at sun.nio.ch.DatagramChannelImpl.send(DatagramChannelImpl.java:514)
11-06 10:26:32.588 20817 20851 W System.err: 	at symlab.CloudAR.network.TransmissionTask.run(TransmissionTask.java:124)
11-06 10:26:32.588 20817 20851 W System.err: 	at android.os.Handler.handleCallback(Handler.java:907)
11-06 10:26:32.588 20817 20851 W System.err: 	at android.os.Handler.dispatchMessage(Handler.java:105)
11-06 10:26:32.588 20817 20851 W System.err: 	at android.os.Looper.loop(Looper.java:216)
11-06 10:26:32.588 20817 20851 W System.err: 	at android.os.HandlerThread.run(HandlerThread.java:65)
11-06 10:26:32.662 20817 20851 W System.err: java.net.SocketException: Message too long
11-06 10:26:32.662 20817 20851 W System.err: 	at sun.nio.ch.DatagramChannelImpl.send0(Native Method)
11-06 10:26:32.662 20817 20851 W System.err: 	at sun.nio.ch.DatagramChannelImpl.sendFromNativeBuffer(DatagramChannelImpl.java:573)
11-06 10:26:32.662 20817 20851 W System.err: 	at sun.nio.ch.DatagramChannelImpl.send(DatagramChannelImpl.java:550)
11-06 10:26:32.662 20817 20851 W System.err: 	at sun.nio.ch.DatagramChannelImpl.send(DatagramChannelImpl.java:514)
11-06 10:26:32.662 20817 20851 W System.err: 	at symlab.CloudAR.network.TransmissionTask.run(TransmissionTask.java:124)
11-06 10:26:32.662 20817 20851 W System.err: 	at android.os.Handler.handleCallback(Handler.java:907)
11-06 10:26:32.662 20817 20851 W System.err: 	at android.os.Handler.dispatchMessage(Handler.java:105)
11-06 10:26:32.662 20817 20851 W System.err: 	at android.os.Looper.loop(Looper.java:216)
11-06 10:26:32.662 20817 20851 W System.err: 	at android.os.HandlerThread.run(HandlerThread.java:65)
11-06 10:26:32.693 20817 20828 E         : [ZeroHung]zrhung_get_config: Get config failed for wp[0x0008]
11-06 10:26:32.694 20817 20851 W System.err: java.net.SocketException: Message too long
11-06 10:26:32.694 20817 20851 W System.err: 	at sun.nio.ch.DatagramChannelImpl.send0(Native Method)
11-06 10:26:32.694 20817 20851 W System.err: 	at sun.nio.ch.DatagramChannelImpl.sendFromNativeBuffer(DatagramChannelImpl.java:573)
11-06 10:26:32.695 20817 20851 W System.err: 	at sun.nio.ch.DatagramChannelImpl.send(DatagramChannelImpl.java:550)
11-06 10:26:32.695 20817 20851 W System.err: 	at sun.nio.ch.DatagramChannelImpl.send(DatagramChannelImpl.java:514)
11-06 10:26:32.695 20817 20851 W System.err: 	at symlab.CloudAR.network.TransmissionTask.run(TransmissionTask.java:124)
11-06 10:26:32.695 20817 20851 W System.err: 	at android.os.Handler.handleCallback(Handler.java:907)
11-06 10:26:32.695 20817 20851 W System.err: 	at android.os.Handler.dispatchMessage(Handler.java:105)
11-06 10:26:32.695 20817 20851 W System.err: 	at android.os.Looper.loop(Looper.java:216)
11-06 10:26:32.695 20817 20851 W System.err: 	at android.os.HandlerThread.run(HandlerThread.java:65)
11-06 10:26:32.736 20817 20851 W System.err: java.net.SocketException: Message too long
11-06 10:26:32.737 20817 20851 W System.err: 	at sun.nio.ch.DatagramChannelImpl.send0(Native Method)
11-06 10:26:32.737 20817 20851 W System.err: 	at sun.nio.ch.DatagramChannelImpl.sendFromNativeBuffer(DatagramChannelImpl.java:573)
11-06 10:26:32.737 20817 20851 W System.err: 	at sun.nio.ch.DatagramChannelImpl.send(DatagramChannelImpl.java:550)
11-06 10:26:32.737 20817 20851 W System.err: 	at sun.nio.ch.DatagramChannelImpl.send(DatagramChannelImpl.java:514)
11-06 10:26:32.737 20817 20851 W System.err: 	at symlab.CloudAR.network.TransmissionTask.run(TransmissionTask.java:124)
11-06 10:26:32.737 20817 20851 W System.err: 	at android.os.Handler.handleCallback(Handler.java:907)
11-06 10:26:32.737 20817 20851 W System.err: 	at android.os.Handler.dispatchMessage(Handler.java:105)
11-06 10:26:32.737 20817 20851 W System.err: 	at android.os.Looper.loop(Looper.java:216)
11-06 10:26:32.737 20817 20851 W System.err: 	at android.os.HandlerThread.run(HandlerThread.java:65)
11-06 10:26:32.738 20817 20851 D Evaluation: 0 res for frame 107 received at 1573028792738
11-06 10:26:32.755 20817 20851 W System.err: java.net.SocketException: Message too long
11-06 10:26:32.756 20817 20851 W System.err: 	at sun.nio.ch.DatagramChannelImpl.send0(Native Method)
11-06 10:26:32.756 20817 20851 W System.err: 	at sun.nio.ch.DatagramChannelImpl.sendFromNativeBuffer(DatagramChannelImpl.java:573)
11-06 10:26:32.756 20817 20851 W System.err: 	at sun.nio.ch.DatagramChannelImpl.send(DatagramChannelImpl.java:550)
11-06 10:26:32.756 20817 20851 W System.err: 	at sun.nio.ch.DatagramChannelImpl.send(DatagramChannelImpl.java:514)
11-06 10:26:32.756 20817 20851 W System.err: 	at symlab.CloudAR.network.TransmissionTask.run(TransmissionTask.java:124)
11-06 10:26:32.756 20817 20851 W System.err: 	at android.os.Handler.handleCallback(Handler.java:907)
11-06 10:26:32.756 20817 20851 W System.err: 	at android.os.Handler.dispatchMessage(Handler.java:105)
11-06 10:26:32.756 20817 20851 W System.err: 	at android.os.Looper.loop(Looper.java:216)
11-06 10:26:32.756 20817 20851 W System.err: 	at android.os.HandlerThread.run(HandlerThread.java:65)
11-06 10:26:32.784 20817 20851 W System.err: java.net.SocketException: Message too long
11-06 10:26:32.784 20817 20851 W System.err: 	at sun.nio.ch.DatagramChannelImpl.send0(Native Method)
11-06 10:26:32.784 20817 20851 W System.err: 	at sun.nio.ch.DatagramChannelImpl.sendFromNativeBuffer(DatagramChannelImpl.java:573)
11-06 10:26:32.784 20817 20851 W System.err: 	at sun.nio.ch.DatagramChannelImpl.send(DatagramChannelImpl.java:550)
11-06 10:26:32.784 20817 20851 W System.err: 	at sun.nio.ch.DatagramChannelImpl.send(DatagramChannelImpl.java:514)
11-06 10:26:32.784 20817 20851 W System.err: 	at symlab.CloudAR.network.TransmissionTask.run(TransmissionTask.java:124)
11-06 10:26:32.784 20817 20851 W System.err: 	at android.os.Handler.handleCallback(Handler.java:907)
11-06 10:26:32.784 20817 20851 W System.err: 	at android.os.Handler.dispatchMessage(Handler.java:105)
11-06 10:26:32.784 20817 20851 W System.err: 	at android.os.Looper.loop(Looper.java:216)
11-06 10:26:32.784 20817 20851 W System.err: 	at android.os.HandlerThread.run(HandlerThread.java:65)
11-06 10:26:32.821 20817 20851 W System.err: java.net.SocketException: Message too long
11-06 10:26:32.821 20817 20851 W System.err: 	at sun.nio.ch.DatagramChannelImpl.send0(Native Method)
11-06 10:26:32.821 20817 20851 W System.err: 	at sun.nio.ch.DatagramChannelImpl.sendFromNativeBuffer(DatagramChannelImpl.java:573)
11-06 10:26:32.821 20817 20851 W System.err: 	at sun.nio.ch.DatagramChannelImpl.send(DatagramChannelImpl.java:550)
11-06 10:26:32.821 20817 20851 W System.err: 	at sun.nio.ch.DatagramChannelImpl.send(DatagramChannelImpl.java:514)
11-06 10:26:32.821 20817 20851 W System.err: 	at symlab.CloudAR.network.TransmissionTask.run(TransmissionTask.java:124)
11-06 10:26:32.821 20817 20851 W System.err: 	at android.os.Handler.handleCallback(Handler.java:907)
11-06 10:26:32.821 20817 20851 W System.err: 	at android.os.Handler.dispatchMessage(Handler.java:105)
11-06 10:26:32.821 20817 20851 W System.err: 	at android.os.Looper.loop(Looper.java:216)
11-06 10:26:32.821 20817 20851 W System.err: 	at android.os.HandlerThread.run(HandlerThread.java:65)
11-06 10:26:32.862 20817 20851 W System.err: java.net.SocketException: Message too long
11-06 10:26:32.862 20817 20851 W System.err: 	at sun.nio.ch.DatagramChannelImpl.send0(Native Method)
11-06 10:26:32.862 20817 20851 W System.err: 	at sun.nio.ch.DatagramChannelImpl.sendFromNativeBuffer(DatagramChannelImpl.java:573)
11-06 10:26:32.863 20817 20851 W System.err: 	at sun.nio.ch.DatagramChannelImpl.send(DatagramChannelImpl.java:550)
11-06 10:26:32.863 20817 20851 W System.err: 	at sun.nio.ch.DatagramChannelImpl.send(DatagramChannelImpl.java:514)
11-06 10:26:32.863 20817 20851 W System.err: 	at symlab.CloudAR.network.TransmissionTask.run(TransmissionTask.java:124)
11-06 10:26:32.863 20817 20851 W System.err: 	at android.os.Handler.handleCallback(Handler.java:907)
11-06 10:26:32.863 20817 20851 W System.err: 	at android.os.Handler.dispatchMessage(Handler.java:105)
11-06 10:26:32.863 20817 20851 W System.err: 	at android.os.Looper.loop(Looper.java:216)
11-06 10:26:32.863 20817 20851 W System.err: 	at android.os.HandlerThread.run(HandlerThread.java:65)
11-06 10:26:32.894 20817 20851 D Evaluation: Frame 119 sent at 1573028792894
11-06 10:26:32.922 20817 20851 D Evaluation: Frame 120 sent at 1573028792922
11-06 10:26:32.956 20817 20851 W System.err: java.net.SocketException: Message too long
11-06 10:26:32.956 20817 20851 W System.err: 	at sun.nio.ch.DatagramChannelImpl.send0(Native Method)
11-06 10:26:32.956 20817 20851 W System.err: 	at sun.nio.ch.DatagramChannelImpl.sendFromNativeBuffer(DatagramChannelImpl.java:573)
11-06 10:26:32.956 20817 20851 W System.err: 	at sun.nio.ch.DatagramChannelImpl.send(DatagramChannelImpl.java:550)
11-06 10:26:32.956 20817 20851 W System.err: 	at sun.nio.ch.DatagramChannelImpl.send(DatagramChannelImpl.java:514)
11-06 10:26:32.956 20817 20851 W System.err: 	at symlab.CloudAR.network.TransmissionTask.run(TransmissionTask.java:124)
11-06 10:26:32.956 20817 20851 W System.err: 	at android.os.Handler.handleCallback(Handler.java:907)
11-06 10:26:32.956 20817 20851 W System.err: 	at android.os.Handler.dispatchMessage(Handler.java:105)
11-06 10:26:32.956 20817 20851 W System.err: 	at android.os.Looper.loop(Looper.java:216)
11-06 10:26:32.956 20817 20851 W System.err: 	at android.os.HandlerThread.run(HandlerThread.java:65)
11-06 10:26:32.958 20817 20851 D Evaluation: 0 res for frame 108 received at 1573028792958
11-06 10:26:32.998 20817 20851 W System.err: java.net.SocketException: Message too long
11-06 10:26:32.998 20817 20851 W System.err: 	at sun.nio.ch.DatagramChannelImpl.send0(Native Method)
11-06 10:26:32.998 20817 20851 W System.err: 	at sun.nio.ch.DatagramChannelImpl.sendFromNativeBuffer(DatagramChannelImpl.java:573)
11-06 10:26:32.998 20817 20851 W System.err: 	at sun.nio.ch.DatagramChannelImpl.send(DatagramChannelImpl.java:550)
11-06 10:26:32.998 20817 20851 W System.err: 	at sun.nio.ch.DatagramChannelImpl.send(DatagramChannelImpl.java:514)
11-06 10:26:32.998 20817 20851 W System.err: 	at symlab.CloudAR.network.TransmissionTask.run(TransmissionTask.java:124)
11-06 10:26:32.998 20817 20851 W System.err: 	at android.os.Handler.handleCallback(Handler.java:907)
11-06 10:26:32.998 20817 20851 W System.err: 	at android.os.Handler.dispatchMessage(Handler.java:105)
11-06 10:26:32.998 20817 20851 W System.err: 	at android.os.Looper.loop(Looper.java:216)
11-06 10:26:32.998 20817 20851 W System.err: 	at android.os.HandlerThread.run(HandlerThread.java:65)
11-06 10:26:33.033 20817 20851 W System.err: java.net.SocketException: Message too long
11-06 10:26:33.033 20817 20851 W System.err: 	at sun.nio.ch.DatagramChannelImpl.send0(Native Method)
11-06 10:26:33.033 20817 20851 W System.err: 	at sun.nio.ch.DatagramChannelImpl.sendFromNativeBuffer(DatagramChannelImpl.java:573)
11-06 10:26:33.033 20817 20851 W System.err: 	at sun.nio.ch.DatagramChannelImpl.send(DatagramChannelImpl.java:550)
11-06 10:26:33.033 20817 20851 W System.err: 	at sun.nio.ch.DatagramChannelImpl.send(DatagramChannelImpl.java:514)
11-06 10:26:33.033 20817 20851 W System.err: 	at symlab.CloudAR.network.TransmissionTask.run(TransmissionTask.java:124)
11-06 10:26:33.033 20817 20851 W System.err: 	at android.os.Handler.handleCallback(Handler.java:907)
11-06 10:26:33.033 20817 20851 W System.err: 	at android.os.Handler.dispatchMessage(Handler.java:105)
11-06 10:26:33.033 20817 20851 W System.err: 	at android.os.Looper.loop(Looper.java:216)
11-06 10:26:33.033 20817 20851 W System.err: 	at android.os.HandlerThread.run(HandlerThread.java:65)
11-06 10:26:33.059 20817 20851 W System.err: java.net.SocketException: Message too long
11-06 10:26:33.059 20817 20851 W System.err: 	at sun.nio.ch.DatagramChannelImpl.send0(Native Method)
11-06 10:26:33.059 20817 20851 W System.err: 	at sun.nio.ch.DatagramChannelImpl.sendFromNativeBuffer(DatagramChannelImpl.java:573)
11-06 10:26:33.059 20817 20851 W System.err: 	at sun.nio.ch.DatagramChannelImpl.send(DatagramChannelImpl.java:550)
11-06 10:26:33.059 20817 20851 W System.err: 	at sun.nio.ch.DatagramChannelImpl.send(DatagramChannelImpl.java:514)
11-06 10:26:33.059 20817 20851 W System.err: 	at symlab.CloudAR.network.TransmissionTask.run(TransmissionTask.java:124)
11-06 10:26:33.059 20817 20851 W System.err: 	at android.os.Handler.handleCallback(Handler.java:907)
11-06 10:26:33.060 20817 20851 W System.err: 	at android.os.Handler.dispatchMessage(Handler.java:105)
11-06 10:26:33.060 20817 20851 W System.err: 	at android.os.Looper.loop(Looper.java:216)
11-06 10:26:33.060 20817 20851 W System.err: 	at android.os.HandlerThread.run(HandlerThread.java:65)
11-06 10:26:33.092 20817 20851 W System.err: java.net.SocketException: Message too long
11-06 10:26:33.092 20817 20851 W System.err: 	at sun.nio.ch.DatagramChannelImpl.send0(Native Method)
11-06 10:26:33.092 20817 20851 W System.err: 	at sun.nio.ch.DatagramChannelImpl.sendFromNativeBuffer(DatagramChannelImpl.java:573)
11-06 10:26:33.092 20817 20851 W System.err: 	at sun.nio.ch.DatagramChannelImpl.send(DatagramChannelImpl.java:550)
11-06 10:26:33.092 20817 20851 W System.err: 	at sun.nio.ch.DatagramChannelImpl.send(DatagramChannelImpl.java:514)
11-06 10:26:33.092 20817 20851 W System.err: 	at symlab.CloudAR.network.TransmissionTask.run(TransmissionTask.java:124)
11-06 10:26:33.092 20817 20851 W System.err: 	at android.os.Handler.handleCallback(Handler.java:907)
11-06 10:26:33.092 20817 20851 W System.err: 	at android.os.Handler.dispatchMessage(Handler.java:105)
11-06 10:26:33.092 20817 20851 W System.err: 	at android.os.Looper.loop(Looper.java:216)
11-06 10:26:33.092 20817 20851 W System.err: 	at android.os.HandlerThread.run(HandlerThread.java:65)
11-06 10:26:33.126 20817 20851 W System.err: java.net.SocketException: Message too long
11-06 10:26:33.126 20817 20851 W System.err: 	at sun.nio.ch.DatagramChannelImpl.send0(Native Method)
11-06 10:26:33.126 20817 20851 W System.err: 	at sun.nio.ch.DatagramChannelImpl.sendFromNativeBuffer(DatagramChannelImpl.java:573)
11-06 10:26:33.126 20817 20851 W System.err: 	at sun.nio.ch.DatagramChannelImpl.send(DatagramChannelImpl.java:550)
11-06 10:26:33.126 20817 20851 W System.err: 	at sun.nio.ch.DatagramChannelImpl.send(DatagramChannelImpl.java:514)
11-06 10:26:33.126 20817 20851 W System.err: 	at symlab.CloudAR.network.TransmissionTask.run(TransmissionTask.java:124)
11-06 10:26:33.126 20817 20851 W System.err: 	at android.os.Handler.handleCallback(Handler.java:907)
11-06 10:26:33.126 20817 20851 W System.err: 	at android.os.Handler.dispatchMessage(Handler.java:105)
11-06 10:26:33.126 20817 20851 W System.err: 	at android.os.Looper.loop(Looper.java:216)
11-06 10:26:33.127 20817 20851 W System.err: 	at android.os.HandlerThread.run(HandlerThread.java:65)
11-06 10:26:33.154 20817 20851 W System.err: java.net.SocketException: Message too long
11-06 10:26:33.155 20817 20851 W System.err: 	at sun.nio.ch.DatagramChannelImpl.send0(Native Method)
11-06 10:26:33.155 20817 20851 W System.err: 	at sun.nio.ch.DatagramChannelImpl.sendFromNativeBuffer(DatagramChannelImpl.java:573)
11-06 10:26:33.155 20817 20851 W System.err: 	at sun.nio.ch.DatagramChannelImpl.send(DatagramChannelImpl.java:550)
11-06 10:26:33.155 20817 20851 W System.err: 	at sun.nio.ch.DatagramChannelImpl.send(DatagramChannelImpl.java:514)
11-06 10:26:33.155 20817 20851 W System.err: 	at symlab.CloudAR.network.TransmissionTask.run(TransmissionTask.java:124)
11-06 10:26:33.155 20817 20851 W System.err: 	at android.os.Handler.handleCallback(Handler.java:907)
11-06 10:26:33.155 20817 20851 W System.err: 	at android.os.Handler.dispatchMessage(Handler.java:105)
11-06 10:26:33.155 20817 20851 W System.err: 	at android.os.Looper.loop(Looper.java:216)
11-06 10:26:33.155 20817 20851 W System.err: 	at android.os.HandlerThread.run(HandlerThread.java:65)
11-06 10:26:33.191 20817 20851 W System.err: java.net.SocketException: Message too long
11-06 10:26:33.191 20817 20851 W System.err: 	at sun.nio.ch.DatagramChannelImpl.send0(Native Method)
11-06 10:26:33.191 20817 20851 W System.err: 	at sun.nio.ch.DatagramChannelImpl.sendFromNativeBuffer(DatagramChannelImpl.java:573)
11-06 10:26:33.191 20817 20851 W System.err: 	at sun.nio.ch.DatagramChannelImpl.send(DatagramChannelImpl.java:550)
11-06 10:26:33.191 20817 20851 W System.err: 	at sun.nio.ch.DatagramChannelImpl.send(DatagramChannelImpl.java:514)
11-06 10:26:33.191 20817 20851 W System.err: 	at symlab.CloudAR.network.TransmissionTask.run(TransmissionTask.java:124)
11-06 10:26:33.191 20817 20851 W System.err: 	at android.os.Handler.handleCallback(Handler.java:907)
11-06 10:26:33.191 20817 20851 W System.err: 	at android.os.Handler.dispatchMessage(Handler.java:105)
11-06 10:26:33.191 20817 20851 W System.err: 	at android.os.Looper.loop(Looper.java:216)
11-06 10:26:33.191 20817 20851 W System.err: 	at android.os.HandlerThread.run(HandlerThread.java:65)
11-06 10:26:33.192 20817 20851 D Evaluation: 0 res for frame 119 received at 1573028793192
11-06 10:26:33.223 20817 20851 W System.err: java.net.SocketException: Message too long
11-06 10:26:33.223 20817 20851 W System.err: 	at sun.nio.ch.DatagramChannelImpl.send0(Native Method)
11-06 10:26:33.223 20817 20851 W System.err: 	at sun.nio.ch.DatagramChannelImpl.sendFromNativeBuffer(DatagramChannelImpl.java:573)
11-06 10:26:33.223 20817 20851 W System.err: 	at sun.nio.ch.DatagramChannelImpl.send(DatagramChannelImpl.java:550)
11-06 10:26:33.223 20817 20851 W System.err: 	at sun.nio.ch.DatagramChannelImpl.send(DatagramChannelImpl.java:514)
11-06 10:26:33.223 20817 20851 W System.err: 	at symlab.CloudAR.network.TransmissionTask.run(TransmissionTask.java:124)
11-06 10:26:33.223 20817 20851 W System.err: 	at android.os.Handler.handleCallback(Handler.java:907)
11-06 10:26:33.223 20817 20851 W System.err: 	at android.os.Handler.dispatchMessage(Handler.java:105)
11-06 10:26:33.223 20817 20851 W System.err: 	at android.os.Looper.loop(Looper.java:216)
11-06 10:26:33.223 20817 20851 W System.err: 	at android.os.HandlerThread.run(HandlerThread.java:65)
11-06 10:26:33.261 20817 20851 W System.err: java.net.SocketException: Message too long
11-06 10:26:33.261 20817 20851 W System.err: 	at sun.nio.ch.DatagramChannelImpl.send0(Native Method)
11-06 10:26:33.261 20817 20851 W System.err: 	at sun.nio.ch.DatagramChannelImpl.sendFromNativeBuffer(DatagramChannelImpl.java:573)
11-06 10:26:33.261 20817 20851 W System.err: 	at sun.nio.ch.DatagramChannelImpl.send(DatagramChannelImpl.java:550)
11-06 10:26:33.261 20817 20851 W System.err: 	at sun.nio.ch.DatagramChannelImpl.send(DatagramChannelImpl.java:514)
11-06 10:26:33.261 20817 20851 W System.err: 	at symlab.CloudAR.network.TransmissionTask.run(TransmissionTask.java:124)
11-06 10:26:33.261 20817 20851 W System.err: 	at android.os.Handler.handleCallback(Handler.java:907)
11-06 10:26:33.261 20817 20851 W System.err: 	at android.os.Handler.dispatchMessage(Handler.java:105)
11-06 10:26:33.261 20817 20851 W System.err: 	at android.os.Looper.loop(Looper.java:216)
11-06 10:26:33.261 20817 20851 W System.err: 	at android.os.HandlerThread.run(HandlerThread.java:65)
11-06 10:26:33.267 20817 20817 I AwareBitmapCacher: init lrucache size: 2097152 pid=20817
11-06 10:26:33.303 20817 20851 W System.err: java.net.SocketException: Message too long
11-06 10:26:33.303 20817 20851 W System.err: 	at sun.nio.ch.DatagramChannelImpl.send0(Native Method)
11-06 10:26:33.303 20817 20851 W System.err: 	at sun.nio.ch.DatagramChannelImpl.sendFromNativeBuffer(DatagramChannelImpl.java:573)
11-06 10:26:33.303 20817 20851 W System.err: 	at sun.nio.ch.DatagramChannelImpl.send(DatagramChannelImpl.java:550)
11-06 10:26:33.303 20817 20851 W System.err: 	at sun.nio.ch.DatagramChannelImpl.send(DatagramChannelImpl.java:514)
11-06 10:26:33.303 20817 20851 W System.err: 	at symlab.CloudAR.network.TransmissionTask.run(TransmissionTask.java:124)
11-06 10:26:33.303 20817 20851 W System.err: 	at android.os.Handler.handleCallback(Handler.java:907)
11-06 10:26:33.303 20817 20851 W System.err: 	at android.os.Handler.dispatchMessage(Handler.java:105)
11-06 10:26:33.303 20817 20851 W System.err: 	at android.os.Looper.loop(Looper.java:216)
11-06 10:26:33.303 20817 20851 W System.err: 	at android.os.HandlerThread.run(HandlerThread.java:65)
11-06 10:26:33.332 20817 20851 D Evaluation: Frame 132 sent at 1573028793332
11-06 10:26:33.365 20817 20851 D Evaluation: Frame 133 sent at 1573028793365
11-06 10:26:33.367 20817 20851 D Evaluation: 0 res for frame 120 received at 1573028793367
11-06 10:26:33.394 20817 20851 D Evaluation: Frame 134 sent at 1573028793394
11-06 10:26:33.432 20817 20851 D Evaluation: Frame 135 sent at 1573028793432
