11-05 11:00:48.766 12646 12699 D Evaluation: Frame 322 sent at 1572944448766
11-05 11:00:48.803 12646 12699 D Evaluation: Frame 323 sent at 1572944448803
11-05 11:00:48.878 12646 12699 D Evaluation: Frame 324 sent at 1572944448878
11-05 11:00:48.909 12646 12699 D Evaluation: Frame 326 sent at 1572944448909
11-05 11:00:48.927 12646 12699 D Evaluation: Frame 326 sent at 1572944448927
11-05 11:00:48.971 12646 12699 D Evaluation: Frame 328 sent at 1572944448971
11-05 11:00:48.988 12646 12699 D Evaluation: Frame 328 sent at 1572944448988
11-05 11:00:49.028 12646 12699 D Evaluation: Frame 329 sent at 1572944449028
11-05 11:00:49.064 12646 12699 D Evaluation: Frame 330 sent at 1572944449064
11-05 11:00:49.092 12646 12699 D Evaluation: Frame 331 sent at 1572944449092
11-05 11:00:49.133 12646 12699 D Evaluation: Frame 332 sent at 1572944449133
11-05 11:00:49.154 12646 12699 D Evaluation: Frame 333 sent at 1572944449154
11-05 11:00:49.205 12646 12699 D Evaluation: Frame 334 sent at 1572944449205
11-05 11:00:49.230 12646 12699 D Evaluation: Frame 335 sent at 1572944449230
11-05 11:00:49.254 12646 12699 D Evaluation: Frame 336 sent at 1572944449254
11-05 11:00:49.328 12646 12699 D Evaluation: Frame 338 sent at 1572944449328
11-05 11:00:49.353 12646 12699 D Evaluation: Frame 339 sent at 1572944449353
11-05 11:00:49.374 12646 12699 D Evaluation: Frame 340 sent at 1572944449374
11-05 11:00:49.391 12646 12699 D Evaluation: Frame 340 sent at 1572944449391
11-05 11:00:49.432 12646 12699 D Evaluation: Frame 341 sent at 1572944449432
11-05 11:00:49.457 12646 12699 D Evaluation: Frame 342 sent at 1572944449457
11-05 11:00:49.503 12646 12699 D Evaluation: Frame 343 sent at 1572944449503
11-05 11:00:49.535 12646 12699 D Evaluation: Frame 344 sent at 1572944449535
11-05 11:00:49.563 12646 12699 D Evaluation: Frame 345 sent at 1572944449563
11-05 11:00:49.598 12646 12699 D Evaluation: Frame 346 sent at 1572944449598
11-05 11:00:49.639 12646 12699 D Evaluation: Frame 347 sent at 1572944449639
11-05 11:00:49.673 12646 12699 D Evaluation: Frame 348 sent at 1572944449672
11-05 11:00:49.710 12646 12699 D Evaluation: Frame 349 sent at 1572944449710
11-05 11:00:49.738 12646 12699 D Evaluation: Frame 350 sent at 1572944449738
11-05 11:00:49.774 12646 12699 D Evaluation: Frame 351 sent at 1572944449774
11-05 11:00:49.817 12646 12699 D Evaluation: Frame 352 sent at 1572944449816
11-05 11:00:49.849 12646 12699 D Evaluation: Frame 353 sent at 1572944449849
11-05 11:00:49.887 12646 12699 D Evaluation: Frame 355 sent at 1572944449887
11-05 11:00:49.908 12646 12699 D Evaluation: Frame 355 sent at 1572944449908
11-05 11:00:49.933 12646 12699 D Evaluation: Frame 356 sent at 1572944449933
11-05 11:00:49.971 12646 12699 D Evaluation: Frame 357 sent at 1572944449971
11-05 11:00:49.994 12646 12699 D Evaluation: Frame 358 sent at 1572944449994
11-05 11:00:50.039 12646 12699 D Evaluation: Frame 359 sent at 1572944450039
11-05 11:00:50.078 12646 12699 D Evaluation: Frame 360 sent at 1572944450078
11-05 11:00:50.111 12646 12657 E         : [ZeroHung]zrhung_get_config: Get config failed for wp[0x0008]
11-05 11:00:50.112 12646 12699 D Evaluation: Frame 361 sent at 1572944450112
11-05 11:00:50.141 12646 12699 D Evaluation: Frame 362 sent at 1572944450141
11-05 11:00:50.183 12646 12699 D Evaluation: Frame 364 sent at 1572944450183
11-05 11:00:50.208 12646 12699 D Evaluation: Frame 364 sent at 1572944450208
11-05 11:00:50.238 12646 12699 D Evaluation: Frame 365 sent at 1572944450238
11-05 11:00:50.280 12646 12699 D Evaluation: Frame 366 sent at 1572944450280
11-05 11:00:50.308 12646 12699 D Evaluation: Frame 367 sent at 1572944450308
11-05 11:00:50.341 12646 12699 D Evaluation: Frame 368 sent at 1572944450341
11-05 11:00:50.370 12646 12699 D Evaluation: Frame 369 sent at 1572944450370
11-05 11:00:50.406 12646 12699 D Evaluation: Frame 370 sent at 1572944450406
11-05 11:00:50.438 12646 12699 D Evaluation: Frame 371 sent at 1572944450438
11-05 11:00:50.482 12646 12699 W System.err: java.net.SocketException: Message too long
11-05 11:00:50.482 12646 12699 W System.err: 	at sun.nio.ch.DatagramChannelImpl.send0(Native Method)
11-05 11:00:50.482 12646 12699 W System.err: 	at sun.nio.ch.DatagramChannelImpl.sendFromNativeBuffer(DatagramChannelImpl.java:573)
11-05 11:00:50.482 12646 12699 W System.err: 	at sun.nio.ch.DatagramChannelImpl.send(DatagramChannelImpl.java:550)
11-05 11:00:50.482 12646 12699 W System.err: 	at sun.nio.ch.DatagramChannelImpl.send(DatagramChannelImpl.java:514)
11-05 11:00:50.482 12646 12699 W System.err: 	at symlab.CloudAR.network.TransmissionTask.run(TransmissionTask.java:124)
11-05 11:00:50.482 12646 12699 W System.err: 	at android.os.Handler.handleCallback(Handler.java:907)
11-05 11:00:50.482 12646 12699 W System.err: 	at android.os.Handler.dispatchMessage(Handler.java:105)
11-05 11:00:50.482 12646 12699 W System.err: 	at android.os.Looper.loop(Looper.java:216)
11-05 11:00:50.482 12646 12699 W System.err: 	at android.os.HandlerThread.run(HandlerThread.java:65)
11-05 11:00:50.508 12646 12699 D Evaluation: Frame 373 sent at 1572944450508
11-05 11:00:50.540 12646 12699 D Evaluation: Frame 374 sent at 1572944450539
11-05 11:00:50.573 12646 12699 D Evaluation: Frame 375 sent at 1572944450573
11-05 11:00:50.612 12646 12699 D Evaluation: Frame 376 sent at 1572944450612
11-05 11:00:50.642 12646 12699 D Evaluation: Frame 377 sent at 1572944450642
11-05 11:00:50.675 12646 12699 W System.err: java.net.SocketException: Message too long
11-05 11:00:50.675 12646 12699 W System.err: 	at sun.nio.ch.DatagramChannelImpl.send0(Native Method)
11-05 11:00:50.675 12646 12699 W System.err: 	at sun.nio.ch.DatagramChannelImpl.sendFromNativeBuffer(DatagramChannelImpl.java:573)
11-05 11:00:50.675 12646 12699 W System.err: 	at sun.nio.ch.DatagramChannelImpl.send(DatagramChannelImpl.java:550)
11-05 11:00:50.675 12646 12699 W System.err: 	at sun.nio.ch.DatagramChannelImpl.send(DatagramChannelImpl.java:514)
11-05 11:00:50.675 12646 12699 W System.err: 	at symlab.CloudAR.network.TransmissionTask.run(TransmissionTask.java:124)
11-05 11:00:50.675 12646 12699 W System.err: 	at android.os.Handler.handleCallback(Handler.java:907)
11-05 11:00:50.675 12646 12699 W System.err: 	at android.os.Handler.dispatchMessage(Handler.java:105)
11-05 11:00:50.675 12646 12699 W System.err: 	at android.os.Looper.loop(Looper.java:216)
11-05 11:00:50.675 12646 12699 W System.err: 	at android.os.HandlerThread.run(HandlerThread.java:65)
11-05 11:00:50.712 12646 12699 W System.err: java.net.SocketException: Message too long
11-05 11:00:50.712 12646 12699 W System.err: 	at sun.nio.ch.DatagramChannelImpl.send0(Native Method)
11-05 11:00:50.712 12646 12699 W System.err: 	at sun.nio.ch.DatagramChannelImpl.sendFromNativeBuffer(DatagramChannelImpl.java:573)
11-05 11:00:50.712 12646 12699 W System.err: 	at sun.nio.ch.DatagramChannelImpl.send(DatagramChannelImpl.java:550)
11-05 11:00:50.712 12646 12699 W System.err: 	at sun.nio.ch.DatagramChannelImpl.send(DatagramChannelImpl.java:514)
11-05 11:00:50.712 12646 12699 W System.err: 	at symlab.CloudAR.network.TransmissionTask.run(TransmissionTask.java:124)
11-05 11:00:50.712 12646 12699 W System.err: 	at android.os.Handler.handleCallback(Handler.java:907)
11-05 11:00:50.712 12646 12699 W System.err: 	at android.os.Handler.dispatchMessage(Handler.java:105)
11-05 11:00:50.712 12646 12699 W System.err: 	at android.os.Looper.loop(Looper.java:216)
11-05 11:00:50.712 12646 12699 W System.err: 	at android.os.HandlerThread.run(HandlerThread.java:65)
11-05 11:00:50.739 12646 12699 D Evaluation: Frame 380 sent at 1572944450739
11-05 11:00:50.785 12646 12699 D Evaluation: Frame 381 sent at 1572944450785
11-05 11:00:50.815 12646 12699 D Evaluation: Frame 382 sent at 1572944450814
11-05 11:00:50.850 12646 12699 D Evaluation: Frame 383 sent at 1572944450850
11-05 11:00:50.881 12646 12699 D Evaluation: Frame 384 sent at 1572944450881
11-05 11:00:50.920 12646 12699 D Evaluation: Frame 386 sent at 1572944450920
11-05 11:00:50.945 12646 12699 D Evaluation: Frame 386 sent at 1572944450945
11-05 11:00:50.983 12646 12699 D Evaluation: Frame 387 sent at 1572944450983
11-05 11:00:51.011 12646 12699 D Evaluation: Frame 388 sent at 1572944451011
11-05 11:00:51.045 12646 12699 D Evaluation: Frame 389 sent at 1572944451045
11-05 11:00:51.083 12646 12699 D Evaluation: Frame 390 sent at 1572944451083
11-05 11:00:51.106 12646 12699 D Evaluation: Frame 391 sent at 1572944451106
11-05 11:00:51.147 12646 12699 D Evaluation: Frame 392 sent at 1572944451147
11-05 11:00:51.170 12646 12699 D Evaluation: Frame 393 sent at 1572944451170
11-05 11:00:51.223 12646 12699 D Evaluation: Frame 394 sent at 1572944451223
11-05 11:00:51.251 12646 12657 E         : [ZeroHung]zrhung_get_config: Get config failed for wp[0x0008]
11-05 11:00:51.252 12646 12699 D Evaluation: Frame 395 sent at 1572944451252
11-05 11:00:51.280 12646 12699 D Evaluation: Frame 396 sent at 1572944451280
11-05 11:00:51.320 12646 12699 D Evaluation: Frame 397 sent at 1572944451320
11-05 11:00:51.350 12646 12699 D Evaluation: Frame 398 sent at 1572944451350
11-05 11:00:51.376 12646 12699 D Evaluation: Frame 399 sent at 1572944451376
11-05 11:00:51.425 12646 12699 D Evaluation: Frame 400 sent at 1572944451425
11-05 11:00:51.448 12646 12699 D Evaluation: Frame 401 sent at 1572944451448
11-05 11:00:51.486 12646 12699 D Evaluation: Frame 402 sent at 1572944451486
11-05 11:00:51.510 12646 12699 D Evaluation: Frame 403 sent at 1572944451510
11-05 11:00:51.553 12646 12699 D Evaluation: Frame 404 sent at 1572944451553
11-05 11:00:51.588 12646 12699 D Evaluation: Frame 405 sent at 1572944451588
11-05 11:00:51.611 12646 12699 D Evaluation: Frame 406 sent at 1572944451611
11-05 11:00:51.653 12646 12699 D Evaluation: Frame 407 sent at 1572944451653
11-05 11:00:51.677 12646 12699 D Evaluation: Frame 408 sent at 1572944451677
11-05 11:00:51.722 12646 12699 D Evaluation: Frame 409 sent at 1572944451722
11-05 11:00:51.757 12646 12699 D Evaluation: Frame 410 sent at 1572944451757
11-05 11:00:51.790 12646 12699 D Evaluation: Frame 411 sent at 1572944451790
11-05 11:00:51.822 12646 12699 D Evaluation: Frame 412 sent at 1572944451822
11-05 11:00:51.850 12646 12699 D Evaluation: Frame 413 sent at 1572944451849
11-05 11:00:51.888 12646 12699 D Evaluation: Frame 414 sent at 1572944451888
11-05 11:00:51.919 12646 12699 D Evaluation: Frame 415 sent at 1572944451919
11-05 11:00:51.955 12646 12699 D Evaluation: Frame 416 sent at 1572944451955
11-05 11:00:51.989 12646 12699 D Evaluation: Frame 417 sent at 1572944451989
11-05 11:00:52.035 12646 12699 D Evaluation: Frame 418 sent at 1572944452035
11-05 11:00:52.055 12646 12699 D Evaluation: Frame 419 sent at 1572944452055
11-05 11:00:52.086 12646 12699 D Evaluation: Frame 420 sent at 1572944452086
11-05 11:00:52.121 12646 12699 D Evaluation: Frame 421 sent at 1572944452121
11-05 11:00:52.155 12646 12699 D Evaluation: Frame 422 sent at 1572944452155
11-05 11:00:52.190 12646 12699 D Evaluation: Frame 423 sent at 1572944452190
11-05 11:00:52.229 12646 12699 D Evaluation: Frame 424 sent at 1572944452229
11-05 11:00:52.255 12646 12699 D Evaluation: Frame 425 sent at 1572944452255
11-05 11:00:52.278 12646 12699 D Evaluation: Frame 426 sent at 1572944452278
11-05 11:00:52.331 12646 12699 D Evaluation: Frame 427 sent at 1572944452331
11-05 11:00:52.349 12646 12699 D Evaluation: Frame 428 sent at 1572944452349
11-05 11:00:52.394 12646 12699 D Evaluation: Frame 429 sent at 1572944452394
11-05 11:00:52.433 12646 12699 D Evaluation: Frame 430 sent at 1572944452433
11-05 11:00:52.461 12646 12699 D Evaluation: Frame 431 sent at 1572944452461
11-05 11:00:52.488 12646 12699 D Evaluation: Frame 432 sent at 1572944452488
11-05 11:00:52.514 12646 12699 D Evaluation: Frame 433 sent at 1572944452514
11-05 11:00:52.566 12646 12699 D Evaluation: Frame 434 sent at 1572944452566
11-05 11:00:52.596 12646 12699 D Evaluation: Frame 435 sent at 1572944452596
11-05 11:00:52.621 12646 12699 D Evaluation: Frame 436 sent at 1572944452621
11-05 11:00:52.663 12646 12657 E         : [ZeroHung]zrhung_get_config: Get config failed for wp[0x0008]
11-05 11:00:52.664 12646 12699 D Evaluation: Frame 437 sent at 1572944452664
11-05 11:00:52.696 12646 12699 D Evaluation: Frame 438 sent at 1572944452696
11-05 11:00:52.730 12646 12699 D Evaluation: Frame 439 sent at 1572944452730
11-05 11:00:52.765 12646 12699 D Evaluation: Frame 440 sent at 1572944452764
11-05 11:00:52.798 12646 12699 D Evaluation: Frame 441 sent at 1572944452797
11-05 11:00:52.840 12646 12699 D Evaluation: Frame 443 sent at 1572944452840
11-05 11:00:52.864 12646 12699 D Evaluation: Frame 443 sent at 1572944452864
11-05 11:00:52.894 12646 12699 D Evaluation: Frame 444 sent at 1572944452894
11-05 11:00:52.929 12646 12699 D Evaluation: Frame 445 sent at 1572944452929
11-05 11:00:52.954 12646 12699 D Evaluation: Frame 446 sent at 1572944452954
11-05 11:00:52.996 12646 12699 D Evaluation: Frame 447 sent at 1572944452996
11-05 11:00:53.011 12646 12646 D stylus  : init stylus touchlistener.
11-05 11:00:53.017 12646 12646 W Settings: Setting device_provisioned has moved from android.provider.Settings.Secure to android.provider.Settings.Global.
11-05 11:00:53.018 12646 12646 V HiTouch_HiTouchSensor: User setup is finished.
11-05 11:00:53.025 12646 12699 D Evaluation: Frame 448 sent at 1572944453025
11-05 11:00:53.068 12646 12699 D Evaluation: Frame 449 sent at 1572944453068
11-05 11:00:53.091 12646 12699 D Evaluation: Frame 450 sent at 1572944453091
11-05 11:00:53.118 12646 12699 D Evaluation: Frame 451 sent at 1572944453118
11-05 11:00:53.142 12646 12699 D Evaluation: Frame 452 sent at 1572944453142
11-05 11:00:53.183 12646 12699 D Evaluation: Frame 453 sent at 1572944453183
11-05 11:00:53.211 12646 12699 D Evaluation: Frame 454 sent at 1572944453211
11-05 11:00:53.242 12646 12699 D Evaluation: Frame 455 sent at 1572944453242
11-05 11:00:53.278 12646 12699 D Evaluation: Frame 456 sent at 1572944453278
11-05 11:00:53.311 12646 12699 D Evaluation: Frame 457 sent at 1572944453311
11-05 11:00:53.360 12646 12699 D Evaluation: Frame 458 sent at 1572944453360
11-05 11:00:53.418 12646 12699 D Evaluation: Frame 459 sent at 1572944453418
11-05 11:00:53.455 12646 12699 D Evaluation: Frame 460 sent at 1572944453455
11-05 11:00:53.484 12646 12699 D Evaluation: Frame 461 sent at 1572944453483
11-05 11:00:53.510 12646 12699 D Evaluation: Frame 462 sent at 1572944453510
11-05 11:00:53.556 12646 12699 D Evaluation: Frame 463 sent at 1572944453556
11-05 11:00:53.577 12646 12699 D Evaluation: Frame 464 sent at 1572944453577
11-05 11:00:53.618 12646 12699 D Evaluation: Frame 465 sent at 1572944453618
11-05 11:00:53.643 12646 12699 D Evaluation: Frame 466 sent at 1572944453643
11-05 11:00:53.677 12646 12699 D Evaluation: Frame 467 sent at 1572944453677
11-05 11:00:53.717 12646 12699 D Evaluation: Frame 468 sent at 1572944453716
11-05 11:00:53.754 12646 12699 D Evaluation: Frame 469 sent at 1572944453754
11-05 11:00:53.780 12646 12699 D Evaluation: Frame 470 sent at 1572944453780
11-05 11:00:53.821 12646 12699 D Evaluation: Frame 471 sent at 1572944453821
11-05 11:00:53.856 12646 12699 D Evaluation: Frame 472 sent at 1572944453855
11-05 11:00:53.890 12646 12699 D Evaluation: Frame 473 sent at 1572944453890
11-05 11:00:53.934 12646 12699 D Evaluation: Frame 474 sent at 1572944453934
11-05 11:00:53.964 12646 12699 D Evaluation: Frame 475 sent at 1572944453964
11-05 11:00:54.010 12646 12699 D Evaluation: Frame 476 sent at 1572944454010
11-05 11:00:54.036 12646 12699 D Evaluation: Frame 477 sent at 1572944454036
11-05 11:00:54.073 12646 12699 D Evaluation: Frame 478 sent at 1572944454073
11-05 11:00:54.097 12646 12699 D Evaluation: Frame 479 sent at 1572944454096
11-05 11:00:54.137 12646 12699 D Evaluation: Frame 480 sent at 1572944454137
11-05 11:00:54.167 12646 12699 D Evaluation: Frame 481 sent at 1572944454167
11-05 11:00:54.194 12646 12699 D Evaluation: Frame 482 sent at 1572944454194
11-05 11:00:54.239 12646 12699 D Evaluation: Frame 483 sent at 1572944454239
11-05 11:00:54.273 12646 12699 D Evaluation: Frame 484 sent at 1572944454273
11-05 11:00:54.299 12646 12699 D Evaluation: Frame 485 sent at 1572944454299
11-05 11:00:54.336 12646 12699 D Evaluation: Frame 486 sent at 1572944454336
11-05 11:00:54.368 12646 12699 D Evaluation: Frame 487 sent at 1572944454368
11-05 11:00:54.414 12646 12699 D Evaluation: Frame 489 sent at 1572944454414
11-05 11:00:54.432 12646 12657 E         : [ZeroHung]zrhung_get_config: Get config failed for wp[0x0008]
11-05 11:00:54.432 12646 12699 D Evaluation: Frame 489 sent at 1572944454432
11-05 11:00:54.472 12646 12699 D Evaluation: Frame 490 sent at 1572944454472
11-05 11:00:54.500 12646 12699 D Evaluation: Frame 491 sent at 1572944454500
11-05 11:00:54.579 12646 12699 D Evaluation: Frame 492 sent at 1572944454579
11-05 11:00:54.608 12646 12699 D Evaluation: Frame 493 sent at 1572944454608
11-05 11:00:54.637 12646 12699 D Evaluation: Frame 494 sent at 1572944454637
11-05 11:00:54.682 12646 12699 D Evaluation: Frame 495 sent at 1572944454682
11-05 11:00:54.712 12646 12699 D Evaluation: Frame 496 sent at 1572944454712
11-05 11:00:54.745 12646 12699 D Evaluation: Frame 497 sent at 1572944454745
11-05 11:00:54.769 12646 12699 D Evaluation: Frame 498 sent at 1572944454769
11-05 11:00:54.796 12646 12699 D Evaluation: Frame 499 sent at 1572944454796
11-05 11:00:54.842 12646 12699 D Evaluation: Frame 500 sent at 1572944454842
11-05 11:00:54.867 12646 12699 D Evaluation: Frame 501 sent at 1572944454867
11-05 11:00:54.904 12646 12699 D Evaluation: Frame 502 sent at 1572944454904
11-05 11:00:54.935 12646 12699 D Evaluation: Frame 503 sent at 1572944454935
11-05 11:00:54.975 12646 12699 D Evaluation: Frame 504 sent at 1572944454975
11-05 11:00:55.012 12646 12699 D Evaluation: Frame 505 sent at 1572944455012
11-05 11:00:55.054 12646 12699 D Evaluation: Frame 507 sent at 1572944455054
11-05 11:00:55.076 12646 12699 D Evaluation: Frame 507 sent at 1572944455076
11-05 11:00:55.109 12646 12699 D Evaluation: Frame 508 sent at 1572944455109
11-05 11:00:55.145 12646 12699 D Evaluation: Frame 509 sent at 1572944455145
11-05 11:00:55.174 12646 12699 D Evaluation: Frame 510 sent at 1572944455174
11-05 11:00:55.204 12646 12699 D Evaluation: Frame 511 sent at 1572944455204
11-05 11:00:55.249 12646 12699 D Evaluation: Frame 512 sent at 1572944455249
11-05 11:00:55.277 12646 12699 D Evaluation: Frame 513 sent at 1572944455277
11-05 11:00:55.320 12646 12699 D Evaluation: Frame 514 sent at 1572944455320
11-05 11:00:55.343 12646 12699 D Evaluation: Frame 515 sent at 1572944455343
11-05 11:00:55.375 12646 12699 D Evaluation: Frame 516 sent at 1572944455375
11-05 11:00:55.410 12646 12699 D Evaluation: Frame 517 sent at 1572944455410
11-05 11:00:55.444 12646 12699 D Evaluation: Frame 518 sent at 1572944455444
11-05 11:00:55.483 12646 12699 D Evaluation: Frame 519 sent at 1572944455482
11-05 11:00:55.513 12646 12699 D Evaluation: Frame 520 sent at 1572944455513
11-05 11:00:55.543 12646 12699 D Evaluation: Frame 521 sent at 1572944455543
11-05 11:00:55.589 12646 12699 D Evaluation: Frame 522 sent at 1572944455589
11-05 11:00:55.617 12646 12699 D Evaluation: Frame 523 sent at 1572944455617
11-05 11:00:55.655 12646 12699 D Evaluation: Frame 524 sent at 1572944455655
11-05 11:00:55.682 12646 12699 D Evaluation: Frame 525 sent at 1572944455682
11-05 11:00:55.714 12646 12699 D Evaluation: Frame 526 sent at 1572944455714
11-05 11:00:55.751 12646 12699 D Evaluation: Frame 527 sent at 1572944455751
11-05 11:00:55.777 12646 12699 D Evaluation: Frame 528 sent at 1572944455777
11-05 11:00:55.814 12646 12699 D Evaluation: Frame 529 sent at 1572944455814
11-05 11:00:55.852 12646 12699 D Evaluation: Frame 530 sent at 1572944455852
11-05 11:00:55.896 12646 12699 D Evaluation: Frame 532 sent at 1572944455896
11-05 11:00:55.919 12646 12699 D Evaluation: Frame 532 sent at 1572944455919
11-05 11:00:55.948 12646 12699 D Evaluation: Frame 533 sent at 1572944455948
11-05 11:00:55.971 12646 12657 E         : [ZeroHung]zrhung_get_config: Get config failed for wp[0x0008]
11-05 11:00:55.971 12646 12699 D Evaluation: Frame 534 sent at 1572944455971
11-05 11:00:56.025 12646 12699 D Evaluation: Frame 535 sent at 1572944456025
11-05 11:00:56.046 12646 12699 D Evaluation: Frame 536 sent at 1572944456046
11-05 11:00:56.084 12646 12699 D Evaluation: Frame 537 sent at 1572944456084
11-05 11:00:56.116 12646 12699 D Evaluation: Frame 538 sent at 1572944456116
11-05 11:00:56.153 12646 12699 D Evaluation: Frame 539 sent at 1572944456153
11-05 11:00:56.189 12646 12699 D Evaluation: Frame 541 sent at 1572944456189
11-05 11:00:56.215 12646 12699 D Evaluation: Frame 541 sent at 1572944456215
11-05 11:00:56.247 12646 12699 D Evaluation: Frame 542 sent at 1572944456247
11-05 11:00:56.284 12646 12699 D Evaluation: Frame 543 sent at 1572944456284
11-05 11:00:56.312 12646 12699 D Evaluation: Frame 544 sent at 1572944456311
11-05 11:00:56.353 12646 12699 D Evaluation: Frame 545 sent at 1572944456353
11-05 11:00:56.387 12646 12699 D Evaluation: Frame 546 sent at 1572944456387
11-05 11:00:56.414 12646 12699 D Evaluation: Frame 547 sent at 1572944456414
11-05 11:00:56.461 12646 12699 D Evaluation: Frame 548 sent at 1572944456461
11-05 11:00:56.488 12646 12699 D Evaluation: Frame 549 sent at 1572944456488
11-05 11:00:56.526 12646 12699 D Evaluation: Frame 550 sent at 1572944456526
11-05 11:00:56.563 12646 12699 D Evaluation: Frame 551 sent at 1572944456563
11-05 11:00:56.591 12646 12699 D Evaluation: Frame 552 sent at 1572944456591
11-05 11:00:56.615 12646 12699 D Evaluation: Frame 553 sent at 1572944456615
11-05 11:00:56.682 12646 12699 D Evaluation: Frame 554 sent at 1572944456682
11-05 11:00:56.713 12646 12699 D Evaluation: Frame 555 sent at 1572944456713
11-05 11:00:56.754 12646 12699 D Evaluation: Frame 556 sent at 1572944456754
11-05 11:00:56.793 12646 12699 D Evaluation: Frame 557 sent at 1572944456793
11-05 11:00:56.831 12646 12699 D Evaluation: Frame 558 sent at 1572944456831
11-05 11:00:56.857 12646 12699 D Evaluation: Frame 559 sent at 1572944456856
11-05 11:00:56.891 12646 12699 D Evaluation: Frame 560 sent at 1572944456891
11-05 11:00:56.926 12646 12699 D Evaluation: Frame 561 sent at 1572944456926
11-05 11:00:56.945 12646 12699 D Evaluation: Frame 562 sent at 1572944456945
11-05 11:00:56.986 12646 12699 D Evaluation: Frame 563 sent at 1572944456986
11-05 11:00:57.035 12646 12699 D Evaluation: Frame 564 sent at 1572944457035
11-05 11:00:57.060 12646 12699 D Evaluation: Frame 565 sent at 1572944457060
11-05 11:00:57.096 12646 12699 D Evaluation: Frame 566 sent at 1572944457096
11-05 11:00:57.137 12646 12699 D Evaluation: Frame 567 sent at 1572944457137
11-05 11:00:57.169 12646 12699 D Evaluation: Frame 569 sent at 1572944457169
11-05 11:00:57.183 12646 12699 D Evaluation: Frame 569 sent at 1572944457183
11-05 11:00:57.207 12646 12699 D Evaluation: Frame 570 sent at 1572944457207
11-05 11:00:57.236 12646 12699 D Evaluation: Frame 571 sent at 1572944457236
11-05 11:00:57.267 12646 12699 D Evaluation: Frame 572 sent at 1572944457267
11-05 11:00:57.304 12646 12699 D Evaluation: Frame 573 sent at 1572944457304
11-05 11:00:57.337 12646 12699 D Evaluation: Frame 574 sent at 1572944457337
11-05 11:00:57.376 12646 12657 E         : [ZeroHung]zrhung_get_config: Get config failed for wp[0x0008]
11-05 11:00:57.377 12646 12699 D Evaluation: Frame 575 sent at 1572944457377
11-05 11:00:57.411 12646 12699 D Evaluation: Frame 576 sent at 1572944457411
11-05 11:00:57.452 12646 12699 D Evaluation: Frame 577 sent at 1572944457452
11-05 11:00:57.484 12646 12699 D Evaluation: Frame 578 sent at 1572944457484
11-05 11:00:57.513 12646 12699 D Evaluation: Frame 579 sent at 1572944457513
11-05 11:00:57.556 12646 12699 D Evaluation: Frame 580 sent at 1572944457555
11-05 11:00:57.579 12646 12699 D Evaluation: Frame 581 sent at 1572944457579
11-05 11:00:57.609 12646 12699 D Evaluation: Frame 582 sent at 1572944457609
11-05 11:00:57.644 12646 12699 D Evaluation: Frame 583 sent at 1572944457644
11-05 11:00:57.679 12646 12699 D Evaluation: Frame 584 sent at 1572944457679
11-05 11:00:57.711 12646 12699 D Evaluation: Frame 585 sent at 1572944457711
11-05 11:00:57.744 12646 12699 D Evaluation: Frame 586 sent at 1572944457744
11-05 11:00:57.783 12646 12699 D Evaluation: Frame 587 sent at 1572944457783
11-05 11:00:57.824 12646 12699 D Evaluation: Frame 588 sent at 1572944457824
11-05 11:00:57.845 12646 12699 D Evaluation: Frame 589 sent at 1572944457845
11-05 11:00:57.877 12646 12699 D Evaluation: Frame 590 sent at 1572944457877
11-05 11:00:57.915 12646 12699 D Evaluation: Frame 591 sent at 1572944457915
11-05 11:00:57.945 12646 12699 D Evaluation: Frame 592 sent at 1572944457945
11-05 11:00:57.978 12646 12699 D Evaluation: Frame 593 sent at 1572944457978
11-05 11:00:58.014 12646 12699 D Evaluation: Frame 594 sent at 1572944458014
11-05 11:00:58.048 12646 12699 D Evaluation: Frame 595 sent at 1572944458048
11-05 11:00:58.090 12646 12699 D Evaluation: Frame 596 sent at 1572944458090
11-05 11:00:58.126 12646 12699 D Evaluation: Frame 597 sent at 1572944458126
11-05 11:00:58.164 12646 12699 D Evaluation: Frame 598 sent at 1572944458164
11-05 11:00:58.190 12646 12699 D Evaluation: Frame 599 sent at 1572944458190
11-05 11:00:58.222 12646 12699 D Evaluation: Frame 600 sent at 1572944458222
11-05 11:00:58.263 12646 12699 D Evaluation: Frame 601 sent at 1572944458263
11-05 11:00:58.299 12646 12699 D Evaluation: Frame 602 sent at 1572944458299
11-05 11:00:58.341 12646 12699 D Evaluation: Frame 603 sent at 1572944458341
11-05 11:00:58.374 12646 12699 D Evaluation: Frame 604 sent at 1572944458374
11-05 11:00:58.410 12646 12699 D Evaluation: Frame 605 sent at 1572944458410
11-05 11:00:58.439 12646 12699 D Evaluation: Frame 606 sent at 1572944458439
11-05 11:00:58.474 12646 12699 D Evaluation: Frame 607 sent at 1572944458474
11-05 11:00:58.509 12646 12699 D Evaluation: Frame 608 sent at 1572944458509
11-05 11:00:58.538 12646 12699 D Evaluation: Frame 609 sent at 1572944458538
11-05 11:00:58.579 12646 12657 E         : [ZeroHung]zrhung_get_config: Get config failed for wp[0x0008]
11-05 11:00:58.579 12646 12699 D Evaluation: Frame 610 sent at 1572944458579
11-05 11:00:58.611 12646 12699 D Evaluation: Frame 611 sent at 1572944458611
11-05 11:00:58.634 12646 12699 D Evaluation: Frame 612 sent at 1572944458634
11-05 11:00:58.663 12646 12699 D Evaluation: Frame 613 sent at 1572944458663
11-05 11:00:58.696 12646 12699 D Evaluation: Frame 614 sent at 1572944458696
11-05 11:00:58.742 12646 12699 D Evaluation: Frame 616 sent at 1572944458742
11-05 11:00:58.764 12646 12699 D Evaluation: Frame 616 sent at 1572944458764
11-05 11:00:58.803 12646 12699 D Evaluation: Frame 617 sent at 1572944458803
11-05 11:00:58.825 12646 12699 D Evaluation: Frame 618 sent at 1572944458825
11-05 11:00:58.849 12646 12699 D Evaluation: Frame 619 sent at 1572944458848
11-05 11:00:58.884 12646 12699 D Evaluation: Frame 620 sent at 1572944458884
11-05 11:00:58.923 12646 12699 D Evaluation: Frame 621 sent at 1572944458923
11-05 11:00:58.952 12646 12699 D Evaluation: Frame 622 sent at 1572944458952
11-05 11:00:58.987 12646 12699 D Evaluation: Frame 623 sent at 1572944458987
11-05 11:00:59.020 12646 12699 D Evaluation: Frame 624 sent at 1572944459020
11-05 11:00:59.074 12646 12699 D Evaluation: Frame 625 sent at 1572944459074
11-05 11:00:59.158 12646 12699 D Evaluation: Frame 627 sent at 1572944459158
11-05 11:00:59.182 12646 12699 D Evaluation: Frame 627 sent at 1572944459182
11-05 11:00:59.209 12646 12699 D Evaluation: Frame 628 sent at 1572944459209
11-05 11:00:59.235 12646 12699 D Evaluation: Frame 629 sent at 1572944459235
11-05 11:00:59.270 12646 12699 D Evaluation: Frame 630 sent at 1572944459270
11-05 11:00:59.304 12646 12699 D Evaluation: Frame 631 sent at 1572944459304
11-05 11:00:59.335 12646 12699 D Evaluation: Frame 632 sent at 1572944459335
11-05 11:00:59.380 12646 12699 D Evaluation: Frame 633 sent at 1572944459380
11-05 11:00:59.403 12646 12699 D Evaluation: Frame 634 sent at 1572944459403
11-05 11:00:59.436 12646 12699 D Evaluation: Frame 635 sent at 1572944459436
11-05 11:00:59.470 12646 12699 D Evaluation: Frame 636 sent at 1572944459470
11-05 11:00:59.507 12646 12699 D Evaluation: Frame 637 sent at 1572944459507
11-05 11:00:59.540 12646 12699 D Evaluation: Frame 638 sent at 1572944459540
11-05 11:00:59.578 12646 12699 D Evaluation: Frame 639 sent at 1572944459578
11-05 11:00:59.615 12646 12699 D Evaluation: Frame 640 sent at 1572944459615
11-05 11:00:59.647 12646 12699 D Evaluation: Frame 641 sent at 1572944459647
11-05 11:00:59.673 12646 12699 D Evaluation: Frame 642 sent at 1572944459673
11-05 11:00:59.711 12646 12699 D Evaluation: Frame 643 sent at 1572944459710
11-05 11:00:59.747 12646 12699 D Evaluation: Frame 644 sent at 1572944459746
11-05 11:00:59.781 12646 12699 D Evaluation: Frame 645 sent at 1572944459781
11-05 11:00:59.815 12646 12699 D Evaluation: Frame 646 sent at 1572944459815
11-05 11:00:59.847 12646 12699 D Evaluation: Frame 647 sent at 1572944459847
11-05 11:00:59.864 12646 12657 E         : [ZeroHung]zrhung_get_config: Get config failed for wp[0x0008]
11-05 11:00:59.864 12646 12699 D Evaluation: Frame 648 sent at 1572944459864
11-05 11:00:59.891 12646 12699 D Evaluation: Frame 649 sent at 1572944459891
11-05 11:00:59.938 12646 12699 D Evaluation: Frame 650 sent at 1572944459938
11-05 11:00:59.961 12646 12699 D Evaluation: Frame 651 sent at 1572944459961
11-05 11:00:59.994 12646 12699 D Evaluation: Frame 652 sent at 1572944459994
11-05 11:01:00.028 12646 12699 D Evaluation: Frame 653 sent at 1572944460028
11-05 11:01:00.060 12646 12699 D Evaluation: Frame 654 sent at 1572944460060
11-05 11:01:00.099 12646 12699 D Evaluation: Frame 655 sent at 1572944460099
11-05 11:01:00.146 12646 12699 D Evaluation: Frame 656 sent at 1572944460146
11-05 11:01:00.168 12646 12699 D Evaluation: Frame 657 sent at 1572944460168
11-05 11:01:00.216 12646 12699 D Evaluation: Frame 658 sent at 1572944460216
11-05 11:01:00.250 12646 12699 D Evaluation: Frame 659 sent at 1572944460250
11-05 11:01:00.291 12646 12699 D Evaluation: Frame 660 sent at 1572944460291
11-05 11:01:00.319 12646 12699 D Evaluation: Frame 661 sent at 1572944460319
11-05 11:01:00.348 12646 12699 D Evaluation: Frame 662 sent at 1572944460348
11-05 11:01:00.389 12646 12699 D Evaluation: Frame 663 sent at 1572944460389
11-05 11:01:00.453 12646 12699 D Evaluation: Frame 664 sent at 1572944460453
11-05 11:01:00.488 12646 12699 D Evaluation: Frame 665 sent at 1572944460488
11-05 11:01:00.516 12646 12699 D Evaluation: Frame 666 sent at 1572944460516
11-05 11:01:00.559 12646 12699 D Evaluation: Frame 667 sent at 1572944460559
11-05 11:01:00.583 12646 12699 D Evaluation: Frame 668 sent at 1572944460583
11-05 11:01:00.631 12646 12699 D Evaluation: Frame 670 sent at 1572944460630
11-05 11:01:00.654 12646 12699 D Evaluation: Frame 670 sent at 1572944460654
11-05 11:01:00.685 12646 12699 D Evaluation: Frame 671 sent at 1572944460685
11-05 11:01:00.717 12646 12699 D Evaluation: Frame 672 sent at 1572944460717
11-05 11:01:00.751 12646 12699 D Evaluation: Frame 673 sent at 1572944460751
11-05 11:01:00.791 12646 12699 D Evaluation: Frame 674 sent at 1572944460791
11-05 11:01:00.816 12646 12699 D Evaluation: Frame 675 sent at 1572944460816
11-05 11:01:00.840 12646 12699 D Evaluation: Frame 676 sent at 1572944460840
11-05 11:01:00.871 12646 12699 D Evaluation: Frame 677 sent at 1572944460871
11-05 11:01:00.899 12646 12699 D Evaluation: Frame 678 sent at 1572944460899
11-05 11:01:00.936 12646 12699 D Evaluation: Frame 679 sent at 1572944460936
11-05 11:01:00.967 12646 12699 D Evaluation: Frame 680 sent at 1572944460967
11-05 11:01:00.999 12646 12699 D Evaluation: Frame 681 sent at 1572944460999
11-05 11:01:01.034 12646 12699 D Evaluation: Frame 682 sent at 1572944461034
11-05 11:01:01.068 12646 12699 D Evaluation: Frame 683 sent at 1572944461068
11-05 11:01:01.104 12646 12699 D Evaluation: Frame 684 sent at 1572944461104
11-05 11:01:01.145 12646 12699 D Evaluation: Frame 685 sent at 1572944461145
11-05 11:01:01.175 12646 12699 D Evaluation: Frame 686 sent at 1572944461175
11-05 11:01:01.211 12646 12699 D Evaluation: Frame 687 sent at 1572944461211
11-05 11:01:01.235 12646 12699 D Evaluation: Frame 688 sent at 1572944461235
11-05 11:01:01.277 12646 12699 D Evaluation: Frame 689 sent at 1572944461277
11-05 11:01:01.303 12646 12699 D Evaluation: Frame 690 sent at 1572944461303
11-05 11:01:01.338 12646 12699 D Evaluation: Frame 691 sent at 1572944461338
11-05 11:01:01.370 12646 12699 D Evaluation: Frame 692 sent at 1572944461370
11-05 11:01:01.371 12646 12646 V InputMethodManager: Reporting focus gain, without startInput
11-05 11:01:01.403 12646 12699 D Evaluation: Frame 693 sent at 1572944461403
11-05 11:01:01.437 12646 12657 E         : [ZeroHung]zrhung_get_config: Get config failed for wp[0x0008]
11-05 11:01:01.438 12646 12699 D Evaluation: Frame 694 sent at 1572944461438
11-05 11:01:01.482 12646 12699 D Evaluation: Frame 695 sent at 1572944461482
11-05 11:01:01.507 12646 12699 D Evaluation: Frame 696 sent at 1572944461507
11-05 11:01:01.540 12646 12699 D Evaluation: Frame 697 sent at 1572944461540
11-05 11:01:01.573 12646 12699 D Evaluation: Frame 698 sent at 1572944461573
11-05 11:01:01.615 12646 12699 D Evaluation: Frame 699 sent at 1572944461615
11-05 11:01:01.647 12646 12699 D Evaluation: Frame 700 sent at 1572944461647
11-05 11:01:01.673 12646 12699 D Evaluation: Frame 701 sent at 1572944461673
11-05 11:01:01.709 12646 12699 D Evaluation: Frame 702 sent at 1572944461709
11-05 11:01:01.739 12646 12699 D Evaluation: Frame 703 sent at 1572944461739
11-05 11:01:01.784 12646 12699 D Evaluation: Frame 704 sent at 1572944461784
11-05 11:01:01.806 12646 12699 D Evaluation: Frame 705 sent at 1572944461806
11-05 11:01:01.842 12646 12699 D Evaluation: Frame 706 sent at 1572944461842
11-05 11:01:01.886 12646 12699 D Evaluation: Frame 707 sent at 1572944461886
11-05 11:01:01.921 12646 12699 D Evaluation: Frame 708 sent at 1572944461921
11-05 11:01:01.960 12646 12699 D Evaluation: Frame 709 sent at 1572944461960
11-05 11:01:01.986 12646 12699 D Evaluation: Frame 710 sent at 1572944461986
11-05 11:01:02.026 12646 12699 D Evaluation: Frame 711 sent at 1572944462026
11-05 11:01:02.060 12646 12699 D Evaluation: Frame 712 sent at 1572944462060
11-05 11:01:02.105 12646 12699 D Evaluation: Frame 713 sent at 1572944462105
11-05 11:01:02.132 12646 12699 D Evaluation: Frame 714 sent at 1572944462132
11-05 11:01:02.174 12646 12699 D Evaluation: Frame 715 sent at 1572944462174
11-05 11:01:02.202 12646 12699 D Evaluation: Frame 717 sent at 1572944462202
11-05 11:01:02.222 12646 12699 D Evaluation: Frame 717 sent at 1572944462222
11-05 11:01:02.266 12646 12699 D Evaluation: Frame 718 sent at 1572944462266
11-05 11:01:02.299 12646 12699 D Evaluation: Frame 719 sent at 1572944462299
11-05 11:01:02.329 12646 12699 D Evaluation: Frame 720 sent at 1572944462329
11-05 11:01:02.362 12646 12699 D Evaluation: Frame 721 sent at 1572944462362
11-05 11:01:02.389 12646 12699 D Evaluation: Frame 722 sent at 1572944462389
11-05 11:01:02.438 12646 12699 D Evaluation: Frame 723 sent at 1572944462438
11-05 11:01:02.494 12646 12699 D Evaluation: Frame 724 sent at 1572944462494
11-05 11:01:02.544 12646 12699 D Evaluation: Frame 725 sent at 1572944462543
11-05 11:01:02.577 12646 12699 D Evaluation: Frame 727 sent at 1572944462577
11-05 11:01:02.600 12646 12699 D Evaluation: Frame 727 sent at 1572944462600
11-05 11:01:02.636 12646 12699 D Evaluation: Frame 728 sent at 1572944462635
11-05 11:01:02.670 12646 12699 D Evaluation: Frame 729 sent at 1572944462670
11-05 11:01:02.693 12646 12699 D Evaluation: Frame 730 sent at 1572944462693
11-05 11:01:02.731 12646 12699 D Evaluation: Frame 731 sent at 1572944462731
11-05 11:01:02.762 12646 12699 D Evaluation: Frame 732 sent at 1572944462762
11-05 11:01:02.792 12646 12699 D Evaluation: Frame 733 sent at 1572944462792
11-05 11:01:02.837 12646 12699 W System.err: java.net.SocketException: Message too long
11-05 11:01:02.837 12646 12699 W System.err: 	at sun.nio.ch.DatagramChannelImpl.send0(Native Method)
11-05 11:01:02.837 12646 12699 W System.err: 	at sun.nio.ch.DatagramChannelImpl.sendFromNativeBuffer(DatagramChannelImpl.java:573)
11-05 11:01:02.837 12646 12699 W System.err: 	at sun.nio.ch.DatagramChannelImpl.send(DatagramChannelImpl.java:550)
11-05 11:01:02.837 12646 12699 W System.err: 	at sun.nio.ch.DatagramChannelImpl.send(DatagramChannelImpl.java:514)
11-05 11:01:02.837 12646 12699 W System.err: 	at symlab.CloudAR.network.TransmissionTask.run(TransmissionTask.java:124)
11-05 11:01:02.837 12646 12699 W System.err: 	at android.os.Handler.handleCallback(Handler.java:907)
11-05 11:01:02.837 12646 12699 W System.err: 	at android.os.Handler.dispatchMessage(Handler.java:105)
11-05 11:01:02.837 12646 12699 W System.err: 	at android.os.Looper.loop(Looper.java:216)
11-05 11:01:02.837 12646 12699 W System.err: 	at android.os.HandlerThread.run(HandlerThread.java:65)
11-05 11:01:02.879 12646 12699 W System.err: java.net.SocketException: Message too long
11-05 11:01:02.879 12646 12699 W System.err: 	at sun.nio.ch.DatagramChannelImpl.send0(Native Method)
11-05 11:01:02.879 12646 12699 W System.err: 	at sun.nio.ch.DatagramChannelImpl.sendFromNativeBuffer(DatagramChannelImpl.java:573)
11-05 11:01:02.879 12646 12699 W System.err: 	at sun.nio.ch.DatagramChannelImpl.send(DatagramChannelImpl.java:550)
11-05 11:01:02.879 12646 12699 W System.err: 	at sun.nio.ch.DatagramChannelImpl.send(DatagramChannelImpl.java:514)
11-05 11:01:02.879 12646 12699 W System.err: 	at symlab.CloudAR.network.TransmissionTask.run(TransmissionTask.java:124)
11-05 11:01:02.879 12646 12699 W System.err: 	at android.os.Handler.handleCallback(Handler.java:907)
11-05 11:01:02.879 12646 12699 W System.err: 	at android.os.Handler.dispatchMessage(Handler.java:105)
11-05 11:01:02.879 12646 12699 W System.err: 	at android.os.Looper.loop(Looper.java:216)
11-05 11:01:02.879 12646 12699 W System.err: 	at android.os.HandlerThread.run(HandlerThread.java:65)
11-05 11:01:02.914 12646 12699 D Evaluation: Frame 737 sent at 1572944462914
11-05 11:01:02.935 12646 12699 D Evaluation: Frame 737 sent at 1572944462935
11-05 11:01:02.969 12646 12699 D Evaluation: Frame 738 sent at 1572944462969
11-05 11:01:02.998 12646 12657 E         : [ZeroHung]zrhung_get_config: Get config failed for wp[0x0008]
11-05 11:01:02.998 12646 12699 D Evaluation: Frame 739 sent at 1572944462998
11-05 11:01:03.030 12646 12699 D Evaluation: Frame 740 sent at 1572944463030
11-05 11:01:03.081 12646 12699 D Evaluation: Frame 742 sent at 1572944463081
11-05 11:01:03.102 12646 12699 D Evaluation: Frame 742 sent at 1572944463102
11-05 11:01:03.137 12646 12699 D Evaluation: Frame 743 sent at 1572944463137
11-05 11:01:03.181 12646 12699 W System.err: java.net.SocketException: Message too long
11-05 11:01:03.181 12646 12699 W System.err: 	at sun.nio.ch.DatagramChannelImpl.send0(Native Method)
11-05 11:01:03.181 12646 12699 W System.err: 	at sun.nio.ch.DatagramChannelImpl.sendFromNativeBuffer(DatagramChannelImpl.java:573)
11-05 11:01:03.181 12646 12699 W System.err: 	at sun.nio.ch.DatagramChannelImpl.send(DatagramChannelImpl.java:550)
11-05 11:01:03.181 12646 12699 W System.err: 	at sun.nio.ch.DatagramChannelImpl.send(DatagramChannelImpl.java:514)
11-05 11:01:03.181 12646 12699 W System.err: 	at symlab.CloudAR.network.TransmissionTask.run(TransmissionTask.java:124)
11-05 11:01:03.181 12646 12699 W System.err: 	at android.os.Handler.handleCallback(Handler.java:907)
11-05 11:01:03.181 12646 12699 W System.err: 	at android.os.Handler.dispatchMessage(Handler.java:105)
11-05 11:01:03.181 12646 12699 W System.err: 	at android.os.Looper.loop(Looper.java:216)
11-05 11:01:03.181 12646 12699 W System.err: 	at android.os.HandlerThread.run(HandlerThread.java:65)
11-05 11:01:03.219 12646 12699 W System.err: java.net.SocketException: Message too long
11-05 11:01:03.219 12646 12699 W System.err: 	at sun.nio.ch.DatagramChannelImpl.send0(Native Method)
11-05 11:01:03.219 12646 12699 W System.err: 	at sun.nio.ch.DatagramChannelImpl.sendFromNativeBuffer(DatagramChannelImpl.java:573)
11-05 11:01:03.219 12646 12699 W System.err: 	at sun.nio.ch.DatagramChannelImpl.send(DatagramChannelImpl.java:550)
11-05 11:01:03.219 12646 12699 W System.err: 	at sun.nio.ch.DatagramChannelImpl.send(DatagramChannelImpl.java:514)
11-05 11:01:03.219 12646 12699 W System.err: 	at symlab.CloudAR.network.TransmissionTask.run(TransmissionTask.java:124)
11-05 11:01:03.219 12646 12699 W System.err: 	at android.os.Handler.handleCallback(Handler.java:907)
11-05 11:01:03.219 12646 12699 W System.err: 	at android.os.Handler.dispatchMessage(Handler.java:105)
11-05 11:01:03.219 12646 12699 W System.err: 	at android.os.Looper.loop(Looper.java:216)
11-05 11:01:03.219 12646 12699 W System.err: 	at android.os.HandlerThread.run(HandlerThread.java:65)
11-05 11:01:03.244 12646 12699 W System.err: java.net.SocketException: Message too long
11-05 11:01:03.245 12646 12699 W System.err: 	at sun.nio.ch.DatagramChannelImpl.send0(Native Method)
11-05 11:01:03.245 12646 12699 W System.err: 	at sun.nio.ch.DatagramChannelImpl.sendFromNativeBuffer(DatagramChannelImpl.java:573)
11-05 11:01:03.245 12646 12699 W System.err: 	at sun.nio.ch.DatagramChannelImpl.send(DatagramChannelImpl.java:550)
11-05 11:01:03.245 12646 12699 W System.err: 	at sun.nio.ch.DatagramChannelImpl.send(DatagramChannelImpl.java:514)
11-05 11:01:03.245 12646 12699 W System.err: 	at symlab.CloudAR.network.TransmissionTask.run(TransmissionTask.java:124)
11-05 11:01:03.245 12646 12699 W System.err: 	at android.os.Handler.handleCallback(Handler.java:907)
11-05 11:01:03.245 12646 12699 W System.err: 	at android.os.Handler.dispatchMessage(Handler.java:105)
11-05 11:01:03.245 12646 12699 W System.err: 	at android.os.Looper.loop(Looper.java:216)
11-05 11:01:03.245 12646 12699 W System.err: 	at android.os.HandlerThread.run(HandlerThread.java:65)
11-05 11:01:03.274 12646 12699 D Evaluation: Frame 747 sent at 1572944463274
11-05 11:01:03.304 12646 12699 D Evaluation: Frame 748 sent at 1572944463304
11-05 11:01:03.336 12646 12699 D Evaluation: Frame 749 sent at 1572944463336
11-05 11:01:03.366 12646 12699 D Evaluation: Frame 750 sent at 1572944463366
11-05 11:01:03.398 12646 12699 D Evaluation: Frame 751 sent at 1572944463398
11-05 11:01:03.434 12646 12699 D Evaluation: Frame 752 sent at 1572944463434
11-05 11:01:03.470 12646 12699 D Evaluation: Frame 753 sent at 1572944463470
11-05 11:01:03.504 12646 12699 D Evaluation: Frame 754 sent at 1572944463504
11-05 11:01:03.544 12646 12699 D Evaluation: Frame 755 sent at 1572944463544
11-05 11:01:03.576 12646 12699 D Evaluation: Frame 756 sent at 1572944463576
11-05 11:01:03.613 12646 12699 D Evaluation: Frame 757 sent at 1572944463613
11-05 11:01:03.647 12646 12699 D Evaluation: Frame 758 sent at 1572944463647
11-05 11:01:03.677 12646 12699 D Evaluation: Frame 759 sent at 1572944463677
11-05 11:01:03.702 12646 12699 D Evaluation: Frame 760 sent at 1572944463702
11-05 11:01:03.751 12646 12699 D Evaluation: Frame 761 sent at 1572944463751
11-05 11:01:03.780 12646 12699 D Evaluation: Frame 763 sent at 1572944463780
11-05 11:01:03.801 12646 12699 D Evaluation: Frame 763 sent at 1572944463801
11-05 11:01:03.854 12646 12699 D Evaluation: Frame 765 sent at 1572944463854
11-05 11:01:03.875 12646 12699 D Evaluation: Frame 765 sent at 1572944463875
11-05 11:01:03.916 12646 12699 D Evaluation: Frame 766 sent at 1572944463916
11-05 11:01:03.991 12646 12699 D Evaluation: Frame 767 sent at 1572944463991
11-05 11:01:04.022 12646 12699 D Evaluation: Frame 768 sent at 1572944464022
11-05 11:01:04.085 12646 12699 D Evaluation: Frame 769 sent at 1572944464085
11-05 11:01:04.167 12646 12657 E         : [ZeroHung]zrhung_get_config: Get config failed for wp[0x0008]
11-05 11:01:04.169 12646 12699 D Evaluation: Frame 771 sent at 1572944464169
11-05 11:01:04.198 12646 12699 D Evaluation: Frame 772 sent at 1572944464198
11-05 11:01:04.217 12646 12699 D Evaluation: Frame 772 sent at 1572944464217
11-05 11:01:04.240 12646 12699 D Evaluation: Frame 773 sent at 1572944464240
11-05 11:01:04.269 12646 12699 D Evaluation: Frame 774 sent at 1572944464269
11-05 11:01:04.304 12646 12699 D Evaluation: Frame 775 sent at 1572944464304
11-05 11:01:04.332 12646 12699 D Evaluation: Frame 776 sent at 1572944464332
11-05 11:01:04.370 12646 12699 D Evaluation: Frame 777 sent at 1572944464370
11-05 11:01:04.370 12646 12646 I Poster  :  onPause() called.
11-05 11:01:04.459 12646 12646 I Camera  : close camera: 0, package name: symlab.cloudridar.arhud
11-05 11:01:04.460 12646 12646 I BackgroundPermManager: pkgName: symlab.cloudridar.arhud,pid: 12646 ,uidOf3RdApk: 10149 ,permType: 0 ,permCfg: 0
11-05 11:01:04.466 12646 12646 I HwCameraUtil: notifySurfaceFlingerCameraStatus : isFront = false , isOpend = false
11-05 11:01:04.515 12646 12646 D ZrHung.AppEyeUiProbe: stop checker.
11-05 11:01:04.570 12646 12646 I Poster  :  surfaceDestroyed() called.
11-05 11:01:04.570 12646 12646 D ViewRootImpl[MainActivity]: surface should not be released
11-05 11:01:04.570 12646 12646 I Poster  :  onStop() called.
11-05 11:01:04.581 12646 12717 W libEGL  : EGLNativeWindowType 0xed170008 disconnect failed
11-05 11:01:05.347 12646 12687 D ZrHung.AppEyeUiProbe: Current Activity:false
11-05 11:01:05.347 12646 12687 D ZrHung.AppEyeUiProbe: not watching, wait.
11-05 11:01:06.766 12646 12646 I Poster  :  onDestroy() called.
11-05 11:01:06.766 12646 12646 D ActivityThread: Remove activity client record, r= ActivityRecord{29e1f5e token=android.os.BinderProxy@1f33661 {symlab.cloudridar.arhud/symlab.ARHUD.MainActivity}} token= android.os.BinderProxy@1f33661
11-05 11:01:06.767 12646 12646 E BpSurfaceComposerClient: Failed to transact (-1)
11-05 11:01:06.767 12646 12646 E BpSurfaceComposerClient: Failed to transact (-1)
