11-05 13:11:55.425  7936  7974 D Evaluation: Frame 435 sent at 1572952315425
11-05 13:11:55.463  7936  7974 D Evaluation: Frame 436 sent at 1572952315463
11-05 13:11:55.486  7936  7974 D Evaluation: Frame 437 sent at 1572952315486
11-05 13:11:55.530  7936  7974 D Evaluation: Frame 438 sent at 1572952315530
11-05 13:11:55.556  7936  7936 W HiTouch_PressGestureDetector: Touch pointer move a lot. The moving distance of X is:52.390747, limit is:60The moving distance of Y is:89.45111, limit is:60
11-05 13:11:55.563  7936  7974 D Evaluation: Frame 439 sent at 1572952315563
11-05 13:11:55.593  7936  7974 D Evaluation: Frame 440 sent at 1572952315593
11-05 13:11:55.623  7936  7974 D Evaluation: Frame 441 sent at 1572952315623
11-05 13:11:55.659  7936  7974 D Evaluation: Frame 442 sent at 1572952315659
11-05 13:11:55.700  7936  7974 D Evaluation: Frame 443 sent at 1572952315700
11-05 13:11:55.733  7936  7974 W System.err: java.net.SocketException: Message too long
11-05 13:11:55.733  7936  7974 W System.err: 	at sun.nio.ch.DatagramChannelImpl.send0(Native Method)
11-05 13:11:55.733  7936  7974 W System.err: 	at sun.nio.ch.DatagramChannelImpl.sendFromNativeBuffer(DatagramChannelImpl.java:573)
11-05 13:11:55.733  7936  7974 W System.err: 	at sun.nio.ch.DatagramChannelImpl.send(DatagramChannelImpl.java:550)
11-05 13:11:55.733  7936  7974 W System.err: 	at sun.nio.ch.DatagramChannelImpl.send(DatagramChannelImpl.java:514)
11-05 13:11:55.733  7936  7974 W System.err: 	at symlab.CloudAR.network.TransmissionTask.run(TransmissionTask.java:124)
11-05 13:11:55.733  7936  7974 W System.err: 	at android.os.Handler.handleCallback(Handler.java:907)
11-05 13:11:55.733  7936  7974 W System.err: 	at android.os.Handler.dispatchMessage(Handler.java:105)
11-05 13:11:55.734  7936  7974 W System.err: 	at android.os.Looper.loop(Looper.java:216)
11-05 13:11:55.734  7936  7974 W System.err: 	at android.os.HandlerThread.run(HandlerThread.java:65)
11-05 13:11:55.755  7936  7974 D Evaluation: Frame 445 sent at 1572952315755
11-05 13:11:55.797  7936  7974 D Evaluation: Frame 446 sent at 1572952315797
11-05 13:11:55.801  7936  7936 D Poster  : At 1572952315801 location is 65.05779610287648 (latitude), and 25.468958948040886 (longitude)
11-05 13:11:55.830  7936  7974 D Evaluation: Frame 447 sent at 1572952315830
11-05 13:11:55.858  7936  7974 D Evaluation: Frame 448 sent at 1572952315858
11-05 13:11:55.891  7936  7974 D Evaluation: Frame 449 sent at 1572952315891
11-05 13:11:55.922  7936  7974 D Evaluation: Frame 450 sent at 1572952315922
11-05 13:11:55.959  7936  7974 D Evaluation: Frame 451 sent at 1572952315959
11-05 13:11:56.001  7936  7974 D Evaluation: Frame 452 sent at 1572952316001
11-05 13:11:56.024  7936  7974 D Evaluation: Frame 453 sent at 1572952316024
11-05 13:11:56.065  7936  7974 D Evaluation: Frame 454 sent at 1572952316065
11-05 13:11:56.091  7936  7974 D Evaluation: Frame 455 sent at 1572952316091
11-05 13:11:56.126  7936  7974 D Evaluation: Frame 456 sent at 1572952316126
11-05 13:11:56.157  7936  7974 D Evaluation: Frame 457 sent at 1572952316157
11-05 13:11:56.192  7936  7974 D Evaluation: Frame 458 sent at 1572952316192
11-05 13:11:56.237  7936  7974 D Evaluation: Frame 459 sent at 1572952316237
11-05 13:11:56.267  7936  7947 E         : [ZeroHung]zrhung_get_config: Get config failed for wp[0x0008]
11-05 13:11:56.267  7936  7974 D Evaluation: Frame 460 sent at 1572952316267
11-05 13:11:56.294  7936  7974 D Evaluation: Frame 461 sent at 1572952316294
11-05 13:11:56.330  7936  7974 D Evaluation: Frame 462 sent at 1572952316329
11-05 13:11:56.362  7936  7974 D Evaluation: Frame 463 sent at 1572952316362
11-05 13:11:56.404  7936  7974 D Evaluation: Frame 464 sent at 1572952316404
11-05 13:11:56.432  7936  7974 D Evaluation: Frame 465 sent at 1572952316432
11-05 13:11:56.461  7936  7974 D Evaluation: Frame 466 sent at 1572952316461
11-05 13:11:56.501  7936  7974 D Evaluation: Frame 467 sent at 1572952316501
11-05 13:11:56.526  7936  7974 D Evaluation: Frame 468 sent at 1572952316526
11-05 13:11:56.563  7936  7974 D Evaluation: Frame 469 sent at 1572952316563
11-05 13:11:56.591  7936  7974 D Evaluation: Frame 470 sent at 1572952316591
11-05 13:11:56.629  7936  7974 D Evaluation: Frame 471 sent at 1572952316629
11-05 13:11:56.661  7936  7974 D Evaluation: Frame 472 sent at 1572952316661
11-05 13:11:56.697  7936  7974 D Evaluation: Frame 473 sent at 1572952316697
11-05 13:11:56.731  7936  7974 D Evaluation: Frame 474 sent at 1572952316731
11-05 13:11:56.763  7936  7974 D Evaluation: Frame 475 sent at 1572952316763
11-05 13:11:56.797  7936  7974 D Evaluation: Frame 476 sent at 1572952316797
11-05 13:11:56.800  7936  7936 D Poster  : At 1572952316799 location is 65.05779610287648 (latitude), and 25.468958948040886 (longitude)
11-05 13:11:56.835  7936  7974 D Evaluation: Frame 477 sent at 1572952316835
11-05 13:11:56.865  7936  7974 D Evaluation: Frame 478 sent at 1572952316865
11-05 13:11:56.907  7936  7974 D Evaluation: Frame 479 sent at 1572952316907
11-05 13:11:56.937  7936  7974 D Evaluation: Frame 480 sent at 1572952316937
11-05 13:11:56.964  7936  7974 D Evaluation: Frame 481 sent at 1572952316964
11-05 13:11:57.005  7936  7974 D Evaluation: Frame 482 sent at 1572952317005
11-05 13:11:57.044  7936  7974 D Evaluation: Frame 483 sent at 1572952317044
11-05 13:11:57.073  7936  7974 D Evaluation: Frame 484 sent at 1572952317073
11-05 13:11:57.106  7936  7974 D Evaluation: Frame 485 sent at 1572952317106
11-05 13:11:57.144  7936  7974 D Evaluation: Frame 486 sent at 1572952317144
11-05 13:11:57.173  7936  7974 D Evaluation: Frame 487 sent at 1572952317173
11-05 13:11:57.200  7936  7974 D Evaluation: Frame 488 sent at 1572952317200
11-05 13:11:57.240  7936  7974 D Evaluation: Frame 489 sent at 1572952317239
11-05 13:11:57.271  7936  7974 D Evaluation: Frame 490 sent at 1572952317270
11-05 13:11:57.317  7936  7974 W System.err: java.net.SocketException: Message too long
11-05 13:11:57.317  7936  7974 W System.err: 	at sun.nio.ch.DatagramChannelImpl.send0(Native Method)
11-05 13:11:57.317  7936  7974 W System.err: 	at sun.nio.ch.DatagramChannelImpl.sendFromNativeBuffer(DatagramChannelImpl.java:573)
11-05 13:11:57.317  7936  7974 W System.err: 	at sun.nio.ch.DatagramChannelImpl.send(DatagramChannelImpl.java:550)
11-05 13:11:57.317  7936  7974 W System.err: 	at sun.nio.ch.DatagramChannelImpl.send(DatagramChannelImpl.java:514)
11-05 13:11:57.317  7936  7974 W System.err: 	at symlab.CloudAR.network.TransmissionTask.run(TransmissionTask.java:124)
11-05 13:11:57.317  7936  7974 W System.err: 	at android.os.Handler.handleCallback(Handler.java:907)
11-05 13:11:57.317  7936  7974 W System.err: 	at android.os.Handler.dispatchMessage(Handler.java:105)
11-05 13:11:57.317  7936  7974 W System.err: 	at android.os.Looper.loop(Looper.java:216)
11-05 13:11:57.317  7936  7974 W System.err: 	at android.os.HandlerThread.run(HandlerThread.java:65)
11-05 13:11:57.340  7936  7974 W System.err: java.net.SocketException: Message too long
11-05 13:11:57.340  7936  7974 W System.err: 	at sun.nio.ch.DatagramChannelImpl.send0(Native Method)
11-05 13:11:57.340  7936  7974 W System.err: 	at sun.nio.ch.DatagramChannelImpl.sendFromNativeBuffer(DatagramChannelImpl.java:573)
11-05 13:11:57.340  7936  7974 W System.err: 	at sun.nio.ch.DatagramChannelImpl.send(DatagramChannelImpl.java:550)
11-05 13:11:57.340  7936  7974 W System.err: 	at sun.nio.ch.DatagramChannelImpl.send(DatagramChannelImpl.java:514)
11-05 13:11:57.340  7936  7974 W System.err: 	at symlab.CloudAR.network.TransmissionTask.run(TransmissionTask.java:124)
11-05 13:11:57.340  7936  7974 W System.err: 	at android.os.Handler.handleCallback(Handler.java:907)
11-05 13:11:57.340  7936  7974 W System.err: 	at android.os.Handler.dispatchMessage(Handler.java:105)
11-05 13:11:57.340  7936  7974 W System.err: 	at android.os.Looper.loop(Looper.java:216)
11-05 13:11:57.340  7936  7974 W System.err: 	at android.os.HandlerThread.run(HandlerThread.java:65)
11-05 13:11:57.365  7936  7974 D Evaluation: Frame 493 sent at 1572952317365
11-05 13:11:57.409  7936  7974 D Evaluation: Frame 494 sent at 1572952317409
11-05 13:11:57.438  7936  7974 D Evaluation: Frame 495 sent at 1572952317438
11-05 13:11:57.478  7936  7974 D Evaluation: Frame 496 sent at 1572952317478
11-05 13:11:57.503  7936  7974 D Evaluation: Frame 497 sent at 1572952317503
11-05 13:11:57.543  7936  7974 D Evaluation: Frame 498 sent at 1572952317543
11-05 13:11:57.575  7936  7974 D Evaluation: Frame 499 sent at 1572952317575
11-05 13:11:57.610  7936  7974 D Evaluation: Frame 500 sent at 1572952317610
11-05 13:11:57.637  7936  7974 D Evaluation: Frame 501 sent at 1572952317637
11-05 13:11:57.678  7936  7974 D Evaluation: Frame 502 sent at 1572952317678
11-05 13:11:57.711  7936  7974 D Evaluation: Frame 503 sent at 1572952317711
11-05 13:11:57.772  7936  7974 D Evaluation: Frame 504 sent at 1572952317772
11-05 13:11:57.815  7936  7947 E         : [ZeroHung]zrhung_get_config: Get config failed for wp[0x0008]
11-05 13:11:57.817  7936  7974 D Evaluation: Frame 505 sent at 1572952317817
11-05 13:11:57.822  7936  7936 D Poster  : At 1572952317822 location is 65.05780645788792 (latitude), and 25.468964468509416 (longitude)
11-05 13:11:57.844  7936  7974 D Evaluation: Frame 506 sent at 1572952317844
11-05 13:11:57.867  7936  7974 D Evaluation: Frame 507 sent at 1572952317867
11-05 13:11:57.905  7936  7974 D Evaluation: Frame 508 sent at 1572952317905
11-05 13:11:57.939  7936  7974 D Evaluation: Frame 509 sent at 1572952317939
11-05 13:11:57.970  7936  7974 D Evaluation: Frame 510 sent at 1572952317970
11-05 13:11:58.008  7936  7974 D Evaluation: Frame 511 sent at 1572952318008
11-05 13:11:58.042  7936  7974 D Evaluation: Frame 512 sent at 1572952318042
11-05 13:11:58.108  7936  7974 D Evaluation: Frame 513 sent at 1572952318108
11-05 13:11:58.141  7936  7974 D Evaluation: Frame 514 sent at 1572952318141
11-05 13:11:58.168  7936  7974 D Evaluation: Frame 515 sent at 1572952318168
11-05 13:11:58.212  7936  7974 D Evaluation: Frame 516 sent at 1572952318212
11-05 13:11:58.239  7936  7974 D Evaluation: Frame 517 sent at 1572952318239
11-05 13:11:58.283  7936  7974 D Evaluation: Frame 518 sent at 1572952318283
11-05 13:11:58.314  7936  7974 D Evaluation: Frame 519 sent at 1572952318314
11-05 13:11:58.342  7936  7974 D Evaluation: Frame 520 sent at 1572952318342
11-05 13:11:58.386  7936  7974 D Evaluation: Frame 521 sent at 1572952318386
11-05 13:11:58.418  7936  7974 D Evaluation: Frame 522 sent at 1572952318418
11-05 13:11:58.443  7936  7974 D Evaluation: Frame 523 sent at 1572952318443
11-05 13:11:58.486  7936  7974 D Evaluation: Frame 524 sent at 1572952318485
11-05 13:11:58.509  7936  7974 D Evaluation: Frame 525 sent at 1572952318509
11-05 13:11:58.550  7936  7974 D Evaluation: Frame 526 sent at 1572952318550
11-05 13:11:58.586  7936  7974 D Evaluation: Frame 527 sent at 1572952318586
11-05 13:11:58.609  7936  7974 D Evaluation: Frame 528 sent at 1572952318609
11-05 13:11:58.644  7936  7974 D Evaluation: Frame 529 sent at 1572952318644
11-05 13:11:58.674  7936  7974 D Evaluation: Frame 530 sent at 1572952318674
11-05 13:11:58.713  7936  7974 D Evaluation: Frame 531 sent at 1572952318713
11-05 13:11:58.748  7936  7974 D Evaluation: Frame 532 sent at 1572952318748
11-05 13:11:58.777  7936  7974 D Evaluation: Frame 533 sent at 1572952318777
11-05 13:11:58.801  7936  7936 D Poster  : At 1572952318801 location is 65.05781471885025 (latitude), and 25.46898224759531 (longitude)
11-05 13:11:58.812  7936  7974 D Evaluation: Frame 534 sent at 1572952318812
11-05 13:11:58.847  7936  7974 D Evaluation: Frame 535 sent at 1572952318847
11-05 13:11:58.880  7936  7974 D Evaluation: Frame 536 sent at 1572952318880
11-05 13:11:58.917  7936  7974 D Evaluation: Frame 537 sent at 1572952318917
11-05 13:11:58.946  7936  7974 D Evaluation: Frame 538 sent at 1572952318946
11-05 13:11:58.981  7936  7974 D Evaluation: Frame 539 sent at 1572952318981
11-05 13:11:59.050  7936  7974 D Evaluation: Frame 540 sent at 1572952319050
11-05 13:11:59.091  7936  7974 D Evaluation: Frame 541 sent at 1572952319091
11-05 13:11:59.125  7936  7974 D Evaluation: Frame 542 sent at 1572952319125
11-05 13:11:59.198  7936  7974 D Evaluation: Frame 543 sent at 1572952319198
11-05 13:11:59.222  7936  7974 D Evaluation: Frame 544 sent at 1572952319222
11-05 13:11:59.247  7936  7974 D Evaluation: Frame 545 sent at 1572952319246
11-05 13:11:59.291  7936  7974 D Evaluation: Frame 546 sent at 1572952319291
11-05 13:11:59.324  7936  7974 D Evaluation: Frame 547 sent at 1572952319324
11-05 13:11:59.349  7936  7974 D Evaluation: Frame 548 sent at 1572952319349
11-05 13:11:59.383  7936  7947 E         : [ZeroHung]zrhung_get_config: Get config failed for wp[0x0008]
11-05 13:11:59.383  7936  7974 D Evaluation: Frame 549 sent at 1572952319383
11-05 13:11:59.422  7936  7974 D Evaluation: Frame 550 sent at 1572952319422
11-05 13:11:59.444  7936  7974 D Evaluation: Frame 551 sent at 1572952319444
11-05 13:11:59.494  7936  7974 D Evaluation: Frame 552 sent at 1572952319494
11-05 13:11:59.518  7936  7936 W HiTouch_PressGestureDetector: Touch pointer move a lot. The moving distance of X is:48.495117, limit is:60The moving distance of Y is:99.18213, limit is:60
11-05 13:11:59.527  7936  7974 D Evaluation: Frame 553 sent at 1572952319527
11-05 13:11:59.568  7936  7974 D Evaluation: Frame 554 sent at 1572952319568
11-05 13:11:59.594  7936  7974 D Evaluation: Frame 555 sent at 1572952319594
11-05 13:11:59.628  7936  7974 D Evaluation: Frame 556 sent at 1572952319628
11-05 13:11:59.652  7936  7974 D Evaluation: Frame 557 sent at 1572952319652
11-05 13:11:59.692  7936  7974 D Evaluation: Frame 558 sent at 1572952319692
11-05 13:11:59.720  7936  7974 D Evaluation: Frame 559 sent at 1572952319720
11-05 13:11:59.762  7936  7974 D Evaluation: Frame 560 sent at 1572952319762
11-05 13:11:59.786  7936  7974 D Evaluation: Frame 561 sent at 1572952319786
11-05 13:11:59.820  7936  7936 D Poster  : At 1572952319819 location is 65.05782199235821 (latitude), and 25.468997392431937 (longitude)
11-05 13:11:59.839  7936  7974 D Evaluation: Frame 563 sent at 1572952319839
11-05 13:11:59.855  7936  7974 D Evaluation: Frame 563 sent at 1572952319855
11-05 13:11:59.885  7936  7974 D Evaluation: Frame 564 sent at 1572952319885
11-05 13:11:59.920  7936  7974 D Evaluation: Frame 565 sent at 1572952319920
11-05 13:11:59.952  7936  7974 D Evaluation: Frame 566 sent at 1572952319952
11-05 13:11:59.986  7936  7974 D Evaluation: Frame 567 sent at 1572952319986
11-05 13:12:00.024  7936  7974 D Evaluation: Frame 568 sent at 1572952320024
11-05 13:12:00.102  7936  7974 D Evaluation: Frame 569 sent at 1572952320102
11-05 13:12:00.141  7936  7974 D Evaluation: Frame 570 sent at 1572952320141
11-05 13:12:00.165  7936  7974 D Evaluation: Frame 571 sent at 1572952320165
11-05 13:12:00.187  7936  7974 D Evaluation: Frame 572 sent at 1572952320187
11-05 13:12:00.222  7936  7974 D Evaluation: Frame 573 sent at 1572952320222
11-05 13:12:00.254  7936  7974 D Evaluation: Frame 574 sent at 1572952320254
11-05 13:12:00.298  7936  7974 D Evaluation: Frame 575 sent at 1572952320298
11-05 13:12:00.331  7936  7974 D Evaluation: Frame 576 sent at 1572952320331
11-05 13:12:00.366  7936  7974 D Evaluation: Frame 577 sent at 1572952320366
11-05 13:12:00.392  7936  7974 D Evaluation: Frame 578 sent at 1572952320392
11-05 13:12:00.431  7936  7974 D Evaluation: Frame 579 sent at 1572952320431
11-05 13:12:00.459  7936  7974 D Evaluation: Frame 580 sent at 1572952320459
11-05 13:12:00.500  7936  7974 D Evaluation: Frame 581 sent at 1572952320500
11-05 13:12:00.527  7936  7974 D Evaluation: Frame 582 sent at 1572952320527
11-05 13:12:00.565  7936  7974 D Evaluation: Frame 583 sent at 1572952320565
11-05 13:12:00.592  7936  7974 D Evaluation: Frame 584 sent at 1572952320592
11-05 13:12:00.632  7936  7974 D Evaluation: Frame 585 sent at 1572952320632
11-05 13:12:00.659  7936  7974 D Evaluation: Frame 586 sent at 1572952320659
11-05 13:12:00.703  7936  7974 D Evaluation: Frame 587 sent at 1572952320703
11-05 13:12:00.723  7936  7974 D Evaluation: Frame 588 sent at 1572952320723
11-05 13:12:00.762  7936  7974 D Evaluation: Frame 589 sent at 1572952320762
11-05 13:12:00.790  7936  7974 D Evaluation: Frame 590 sent at 1572952320790
11-05 13:12:00.804  7936  7936 D Poster  : At 1572952320804 location is 65.05782517904939 (latitude), and 25.46900038635487 (longitude)
11-05 13:12:00.837  7936  7974 D Evaluation: Frame 591 sent at 1572952320837
11-05 13:12:00.859  7936  7974 D Evaluation: Frame 592 sent at 1572952320859
11-05 13:12:00.892  7936  7974 D Evaluation: Frame 593 sent at 1572952320892
11-05 13:12:00.939  7936  7974 D Evaluation: Frame 594 sent at 1572952320939
11-05 13:12:00.960  7936  7974 D Evaluation: Frame 595 sent at 1572952320960
11-05 13:12:00.993  7936  7974 D Evaluation: Frame 596 sent at 1572952320993
11-05 13:12:01.029  7936  7947 E         : [ZeroHung]zrhung_get_config: Get config failed for wp[0x0008]
11-05 13:12:01.029  7936  7974 D Evaluation: Frame 597 sent at 1572952321029
11-05 13:12:01.064  7936  7974 D Evaluation: Frame 598 sent at 1572952321064
11-05 13:12:01.094  7936  7974 D Evaluation: Frame 599 sent at 1572952321094
11-05 13:12:01.135  7936  7974 D Evaluation: Frame 600 sent at 1572952321135
11-05 13:12:01.162  7936  7974 D Evaluation: Frame 601 sent at 1572952321162
11-05 13:12:01.199  7936  7974 D Evaluation: Frame 602 sent at 1572952321199
11-05 13:12:01.230  7936  7974 D Evaluation: Frame 603 sent at 1572952321230
11-05 13:12:01.271  7936  7974 D Evaluation: Frame 604 sent at 1572952321271
11-05 13:12:01.303  7936  7974 D Evaluation: Frame 605 sent at 1572952321302
11-05 13:12:01.330  7936  7974 D Evaluation: Frame 606 sent at 1572952321330
11-05 13:12:01.371  7936  7974 D Evaluation: Frame 607 sent at 1572952321370
11-05 13:12:01.396  7936  7974 D Evaluation: Frame 608 sent at 1572952321396
11-05 13:12:01.439  7936  7974 D Evaluation: Frame 609 sent at 1572952321439
11-05 13:12:01.481  7936  7974 D Evaluation: Frame 610 sent at 1572952321481
11-05 13:12:01.501  7936  7974 D Evaluation: Frame 611 sent at 1572952321501
11-05 13:12:01.527  7936  7974 D Evaluation: Frame 612 sent at 1572952321527
11-05 13:12:01.564  7936  7974 D Evaluation: Frame 613 sent at 1572952321564
11-05 13:12:01.595  7936  7974 D Evaluation: Frame 614 sent at 1572952321595
11-05 13:12:01.632  7936  7974 D Evaluation: Frame 615 sent at 1572952321632
11-05 13:12:01.667  7936  7974 D Evaluation: Frame 616 sent at 1572952321667
11-05 13:12:01.698  7936  7974 D Evaluation: Frame 617 sent at 1572952321698
11-05 13:12:01.731  7936  7974 D Evaluation: Frame 618 sent at 1572952321731
11-05 13:12:01.765  7936  7974 D Evaluation: Frame 619 sent at 1572952321765
11-05 13:12:01.806  7936  7974 D Evaluation: Frame 620 sent at 1572952321806
11-05 13:12:01.817  7936  7936 D Poster  : At 1572952321816 location is 65.05782832605816 (latitude), and 25.46901615873193 (longitude)
11-05 13:12:01.853  7936  7974 D Evaluation: Frame 621 sent at 1572952321853
11-05 13:12:01.877  7936  7974 D Evaluation: Frame 622 sent at 1572952321877
11-05 13:12:01.914  7936  7974 D Evaluation: Frame 623 sent at 1572952321914
11-05 13:12:01.956  7936  7974 D Evaluation: Frame 624 sent at 1572952321956
11-05 13:12:02.001  7936  7974 D Evaluation: Frame 625 sent at 1572952322001
11-05 13:12:02.032  7936  7974 D Evaluation: Frame 626 sent at 1572952322032
11-05 13:12:02.076  7936  7974 D Evaluation: Frame 627 sent at 1572952322076
11-05 13:12:02.115  7936  7974 D Evaluation: Frame 628 sent at 1572952322115
11-05 13:12:02.197  7936  7974 D Evaluation: Frame 629 sent at 1572952322196
11-05 13:12:02.239  7936  7974 D Evaluation: Frame 630 sent at 1572952322239
11-05 13:12:02.287  7936  7974 D Evaluation: Frame 631 sent at 1572952322287
11-05 13:12:02.317  7936  7974 D Evaluation: Frame 632 sent at 1572952322317
11-05 13:12:02.356  7936  7974 D Evaluation: Frame 633 sent at 1572952322356
11-05 13:12:02.399  7936  7974 D Evaluation: Frame 634 sent at 1572952322399
11-05 13:12:02.437  7936  7974 D Evaluation: Frame 635 sent at 1572952322437
11-05 13:12:02.478  7936  7974 D Evaluation: Frame 636 sent at 1572952322478
11-05 13:12:02.520  7936  7974 D Evaluation: Frame 637 sent at 1572952322520
11-05 13:12:02.569  7936  7974 D Evaluation: Frame 638 sent at 1572952322569
11-05 13:12:02.598  7936  7974 D Evaluation: Frame 639 sent at 1572952322598
11-05 13:12:02.644  7936  7974 D Evaluation: Frame 640 sent at 1572952322643
11-05 13:12:02.679  7936  7974 D Evaluation: Frame 641 sent at 1572952322679
11-05 13:12:02.719  7936  7974 D Evaluation: Frame 642 sent at 1572952322719
11-05 13:12:02.759  7936  7974 D Evaluation: Frame 643 sent at 1572952322759
11-05 13:12:02.800  7936  7974 D Evaluation: Frame 644 sent at 1572952322800
11-05 13:12:02.823  7936  7936 D Poster  : At 1572952322821 location is 65.05783129312125 (latitude), and 25.46903385693181 (longitude)
11-05 13:12:02.846  7936  7974 D Evaluation: Frame 645 sent at 1572952322846
11-05 13:12:02.881  7936  7974 D Evaluation: Frame 646 sent at 1572952322881
11-05 13:12:02.921  7936  7974 D Evaluation: Frame 647 sent at 1572952322921
11-05 13:12:02.961  7936  7974 D Evaluation: Frame 648 sent at 1572952322961
11-05 13:12:03.002  7936  7974 D Evaluation: Frame 649 sent at 1572952323002
11-05 13:12:03.053  7936  7974 D Evaluation: Frame 650 sent at 1572952323053
11-05 13:12:03.109  7936  7974 D Evaluation: Frame 651 sent at 1572952323109
11-05 13:12:03.153  7936  7974 D Evaluation: Frame 652 sent at 1572952323153
11-05 13:12:03.207  7936  7974 D Evaluation: Frame 653 sent at 1572952323207
11-05 13:12:03.253  7936  7974 D Evaluation: Frame 654 sent at 1572952323253
11-05 13:12:03.302  7936  7974 D Evaluation: Frame 655 sent at 1572952323302
11-05 13:12:03.354  7936  7974 D Evaluation: Frame 656 sent at 1572952323354
11-05 13:12:03.414  7936  7974 D Evaluation: Frame 657 sent at 1572952323414
11-05 13:12:03.455  7936  7974 D Evaluation: Frame 658 sent at 1572952323455
11-05 13:12:03.505  7936  7974 D Evaluation: Frame 659 sent at 1572952323505
11-05 13:12:03.558  7936  7974 D Evaluation: Frame 660 sent at 1572952323558
11-05 13:12:03.607  7936  7974 D Evaluation: Frame 661 sent at 1572952323607
11-05 13:12:03.706  7936  7974 D Evaluation: Frame 662 sent at 1572952323706
11-05 13:12:03.755  7936  7974 D Evaluation: Frame 663 sent at 1572952323755
11-05 13:12:03.808  7936  7974 D Evaluation: Frame 664 sent at 1572952323808
11-05 13:12:03.811  7936  7936 D Poster  : At 1572952323810 location is 65.05783599266266 (latitude), and 25.469038704704353 (longitude)
11-05 13:12:03.854  7936  7974 D Evaluation: Frame 665 sent at 1572952323854
11-05 13:12:03.909  7936  7974 D Evaluation: Frame 666 sent at 1572952323908
11-05 13:12:03.958  7936  7974 D Evaluation: Frame 667 sent at 1572952323958
11-05 13:12:04.016  7936  7974 D Evaluation: Frame 668 sent at 1572952324016
11-05 13:12:04.068  7936  7974 D Evaluation: Frame 669 sent at 1572952324068
11-05 13:12:04.115  7936  7974 D Evaluation: Frame 670 sent at 1572952324115
11-05 13:12:04.167  7936  7974 D Evaluation: Frame 671 sent at 1572952324167
11-05 13:12:04.233  7936  7974 D Evaluation: Frame 672 sent at 1572952324233
11-05 13:12:04.277  7936  7974 D Evaluation: Frame 673 sent at 1572952324277
11-05 13:12:04.332  7936  7974 D Evaluation: Frame 674 sent at 1572952324332
11-05 13:12:04.383  7936  7974 D Evaluation: Frame 675 sent at 1572952324383
11-05 13:12:04.428  7936  7974 D Evaluation: Frame 676 sent at 1572952324428
11-05 13:12:04.484  7936  7974 D Evaluation: Frame 677 sent at 1572952324484
11-05 13:12:04.538  7936  7974 D Evaluation: Frame 678 sent at 1572952324538
11-05 13:12:04.586  7936  7974 D Evaluation: Frame 679 sent at 1572952324586
11-05 13:12:04.626  7936  7974 D Evaluation: Frame 680 sent at 1572952324626
11-05 13:12:04.673  7936  7974 D Evaluation: Frame 681 sent at 1572952324673
11-05 13:12:04.735  7936  7974 D Evaluation: Frame 682 sent at 1572952324735
11-05 13:12:04.784  7936  7974 D Evaluation: Frame 683 sent at 1572952324784
11-05 13:12:04.807  7936  7936 D Poster  : At 1572952324806 location is 65.05783599266266 (latitude), and 25.469038704704353 (longitude)
11-05 13:12:04.850  7936  7974 D Evaluation: Frame 684 sent at 1572952324850
11-05 13:12:04.879  7936  7974 D Evaluation: Frame 685 sent at 1572952324879
11-05 13:12:04.938  7936  7974 D Evaluation: Frame 686 sent at 1572952324938
11-05 13:12:04.994  7936  7974 D Evaluation: Frame 687 sent at 1572952324994
11-05 13:12:05.049  7936  7974 D Evaluation: Frame 688 sent at 1572952325049
11-05 13:12:05.094  7936  7974 D Evaluation: Frame 689 sent at 1572952325094
11-05 13:12:05.131  7936  7974 D Evaluation: Frame 690 sent at 1572952325131
11-05 13:12:05.182  7936  7974 D Evaluation: Frame 691 sent at 1572952325181
11-05 13:12:05.237  7936  7974 D Evaluation: Frame 692 sent at 1572952325237
11-05 13:12:05.299  7936  7974 D Evaluation: Frame 693 sent at 1572952325299
11-05 13:12:05.337  7936  7974 D Evaluation: Frame 694 sent at 1572952325337
11-05 13:12:05.387  7936  7974 D Evaluation: Frame 695 sent at 1572952325387
11-05 13:12:05.437  7936  7974 D Evaluation: Frame 696 sent at 1572952325437
11-05 13:12:05.493  7936  7974 D Evaluation: Frame 697 sent at 1572952325493
11-05 13:12:05.530  7936  7974 D Evaluation: Frame 698 sent at 1572952325530
11-05 13:12:05.605  7936  7974 D Evaluation: Frame 699 sent at 1572952325605
11-05 13:12:05.662  7936  7974 D Evaluation: Frame 700 sent at 1572952325662
11-05 13:12:05.730  7936  7974 D Evaluation: Frame 701 sent at 1572952325730
11-05 13:12:05.776  7936  7974 D Evaluation: Frame 702 sent at 1572952325776
11-05 13:12:05.809  7936  7936 D Poster  : At 1572952325808 location is 65.05783599266266 (latitude), and 25.469038704704353 (longitude)
11-05 13:12:05.845  7936  7974 D Evaluation: Frame 703 sent at 1572952325845
11-05 13:12:05.887  7936  7974 D Evaluation: Frame 704 sent at 1572952325887
11-05 13:12:05.940  7936  7974 D Evaluation: Frame 705 sent at 1572952325940
11-05 13:12:05.990  7936  7974 D Evaluation: Frame 706 sent at 1572952325990
11-05 13:12:06.036  7936  7974 D Evaluation: Frame 707 sent at 1572952326036
11-05 13:12:06.086  7936  7974 D Evaluation: Frame 708 sent at 1572952326086
11-05 13:12:06.134  7936  7974 D Evaluation: Frame 709 sent at 1572952326134
11-05 13:12:06.189  7936  7974 D Evaluation: Frame 710 sent at 1572952326189
11-05 13:12:06.237  7936  7974 D Evaluation: Frame 711 sent at 1572952326237
11-05 13:12:06.304  7936  7974 D Evaluation: Frame 712 sent at 1572952326303
11-05 13:12:06.347  7936  7974 D Evaluation: Frame 713 sent at 1572952326347
11-05 13:12:06.395  7936  7974 D Evaluation: Frame 714 sent at 1572952326395
11-05 13:12:06.449  7936  7974 D Evaluation: Frame 715 sent at 1572952326449
11-05 13:12:06.501  7936  7974 D Evaluation: Frame 716 sent at 1572952326501
11-05 13:12:06.550  7936  7947 E         : [ZeroHung]zrhung_get_config: Get config failed for wp[0x0008]
11-05 13:12:06.550  7936  7974 D Evaluation: Frame 717 sent at 1572952326550
11-05 13:12:06.606  7936  7974 D Evaluation: Frame 718 sent at 1572952326606
11-05 13:12:06.644  7936  7974 D Evaluation: Frame 719 sent at 1572952326644
11-05 13:12:06.681  7936  7974 D Evaluation: Frame 720 sent at 1572952326681
11-05 13:12:06.737  7936  7974 D Evaluation: Frame 721 sent at 1572952326737
11-05 13:12:06.796  7936  7974 D Evaluation: Frame 722 sent at 1572952326796
11-05 13:12:06.803  7936  7936 D Poster  : At 1572952326803 location is 65.05783599266266 (latitude), and 25.469038704704353 (longitude)
11-05 13:12:06.844  7936  7974 D Evaluation: Frame 723 sent at 1572952326844
11-05 13:12:06.881  7936  7974 D Evaluation: Frame 724 sent at 1572952326881
11-05 13:12:06.949  7936  7974 D Evaluation: Frame 725 sent at 1572952326949
11-05 13:12:06.994  7936  7974 D Evaluation: Frame 727 sent at 1572952326994
11-05 13:12:07.018  7936  7974 D Evaluation: Frame 727 sent at 1572952327018
11-05 13:12:07.042  7936  7974 D Evaluation: Frame 728 sent at 1572952327042
11-05 13:12:07.081  7936  7974 D Evaluation: Frame 729 sent at 1572952327081
11-05 13:12:07.106  7936  7974 D Evaluation: Frame 730 sent at 1572952327106
11-05 13:12:07.140  7936  7974 D Evaluation: Frame 731 sent at 1572952327140
11-05 13:12:07.168  7936  7974 D Evaluation: Frame 732 sent at 1572952327168
11-05 13:12:07.224  7936  7974 D Evaluation: Frame 733 sent at 1572952327224
11-05 13:12:07.247  7936  7974 D Evaluation: Frame 734 sent at 1572952327247
11-05 13:12:07.276  7936  7974 D Evaluation: Frame 735 sent at 1572952327276
11-05 13:12:07.309  7936  7974 D Evaluation: Frame 736 sent at 1572952327309
11-05 13:12:07.348  7936  7974 D Evaluation: Frame 737 sent at 1572952327348
11-05 13:12:07.384  7936  7974 D Evaluation: Frame 738 sent at 1572952327384
11-05 13:12:07.416  7936  7974 D Evaluation: Frame 739 sent at 1572952327415
11-05 13:12:07.445  7936  7974 D Evaluation: Frame 740 sent at 1572952327445
11-05 13:12:07.472  7936  7974 D Evaluation: Frame 741 sent at 1572952327472
11-05 13:12:07.595  7936  7974 D Evaluation: Frame 742 sent at 1572952327595
11-05 13:12:07.627  7936  7974 D Evaluation: Frame 743 sent at 1572952327627
11-05 13:12:07.651  7936  7974 D Evaluation: Frame 744 sent at 1572952327651
11-05 13:12:07.681  7936  7974 D Evaluation: Frame 745 sent at 1572952327681
11-05 13:12:07.715  7936  7974 D Evaluation: Frame 746 sent at 1572952327715
11-05 13:12:07.747  7936  7974 D Evaluation: Frame 747 sent at 1572952327746
11-05 13:12:07.777  7936  7974 D Evaluation: Frame 748 sent at 1572952327777
11-05 13:12:07.800  7936  7936 D Poster  : At 1572952327800 location is 65.05783599266266 (latitude), and 25.469038704704353 (longitude)
11-05 13:12:07.803  7936  7974 D Evaluation: Frame 749 sent at 1572952327803
11-05 13:12:07.841  7936  7974 D Evaluation: Frame 750 sent at 1572952327841
11-05 13:12:07.873  7936  7974 D Evaluation: Frame 751 sent at 1572952327873
11-05 13:12:07.924  7936  7974 D Evaluation: Frame 752 sent at 1572952327924
11-05 13:12:07.951  7936  7974 D Evaluation: Frame 753 sent at 1572952327951
11-05 13:12:07.986  7936  7974 D Evaluation: Frame 754 sent at 1572952327986
11-05 13:12:08.025  7936  7974 D Evaluation: Frame 755 sent at 1572952328025
11-05 13:12:08.077  7936  7974 D Evaluation: Frame 756 sent at 1572952328077
11-05 13:12:08.122  7936  7974 D Evaluation: Frame 757 sent at 1572952328122
11-05 13:12:08.146  7936  7974 D Evaluation: Frame 758 sent at 1572952328146
11-05 13:12:08.184  7936  7974 D Evaluation: Frame 759 sent at 1572952328184
11-05 13:12:08.219  7936  7974 D Evaluation: Frame 760 sent at 1572952328219
11-05 13:12:08.251  7936  7974 D Evaluation: Frame 761 sent at 1572952328251
11-05 13:12:08.281  7936  7974 D Evaluation: Frame 762 sent at 1572952328281
11-05 13:12:08.366  7936  7974 D Evaluation: Frame 763 sent at 1572952328366
11-05 13:12:08.391  7936  7974 D Evaluation: Frame 764 sent at 1572952328391
11-05 13:12:08.427  7936  7974 D Evaluation: Frame 765 sent at 1572952328427
11-05 13:12:08.437  7936  7936 W HiTouch_PressGestureDetector: Touch pointer move a lot. The moving distance of X is:67.71362, limit is:60The moving distance of Y is:29.033096, limit is:60
11-05 13:12:08.448  7936  7974 D Evaluation: Frame 766 sent at 1572952328448
11-05 13:12:08.477  7936  7974 D Evaluation: Frame 767 sent at 1572952328477
11-05 13:12:08.525  7936  7974 D Evaluation: Frame 768 sent at 1572952328525
11-05 13:12:08.542  7936  7974 D Evaluation: Frame 769 sent at 1572952328542
11-05 13:12:08.568  7936  7974 D Evaluation: Frame 770 sent at 1572952328568
11-05 13:12:08.619  7936  7974 D Evaluation: Frame 771 sent at 1572952328619
11-05 13:12:08.642  7936  7974 D Evaluation: Frame 772 sent at 1572952328642
11-05 13:12:08.672  7936  7974 D Evaluation: Frame 773 sent at 1572952328672
11-05 13:12:08.705  7936  7974 D Evaluation: Frame 774 sent at 1572952328705
11-05 13:12:08.757  7936  7974 D Evaluation: Frame 775 sent at 1572952328756
11-05 13:12:08.779  7936  7974 D Evaluation: Frame 776 sent at 1572952328779
11-05 13:12:08.798  7936  7936 D Poster  : At 1572952328798 location is 65.05783599266266 (latitude), and 25.469038704704353 (longitude)
11-05 13:12:08.846  7936  7974 D Evaluation: Frame 777 sent at 1572952328846
11-05 13:12:08.875  7936  7974 D Evaluation: Frame 778 sent at 1572952328875
11-05 13:12:08.918  7936  7974 D Evaluation: Frame 779 sent at 1572952328917
11-05 13:12:08.948  7936  7974 D Evaluation: Frame 780 sent at 1572952328948
11-05 13:12:08.976  7936  7974 D Evaluation: Frame 781 sent at 1572952328976
11-05 13:12:09.015  7936  7974 D Evaluation: Frame 782 sent at 1572952329015
11-05 13:12:09.042  7936  7974 D Evaluation: Frame 783 sent at 1572952329041
11-05 13:12:09.082  7936  7974 D Evaluation: Frame 784 sent at 1572952329082
11-05 13:12:09.105  7936  7974 D Evaluation: Frame 785 sent at 1572952329105
11-05 13:12:09.118  7936  7936 I Poster  :  onPause() called.
11-05 13:12:09.212  7936  7936 I Camera  : close camera: 0, package name: symlab.cloudridar.arhud
11-05 13:12:09.212  7936  7936 I BackgroundPermManager: pkgName: symlab.cloudridar.arhud,pid: 7936 ,uidOf3RdApk: 10149 ,permType: 0 ,permCfg: 0
11-05 13:12:09.214  7936  7936 I HwCameraUtil: notifySurfaceFlingerCameraStatus : isFront = false , isOpend = false
11-05 13:12:09.284  7936  7936 D ZrHung.AppEyeUiProbe: stop checker.
11-05 13:12:09.295  7936  7936 I Poster  :  surfaceDestroyed() called.
11-05 13:12:09.296  7936  7936 D ViewRootImpl[MainActivity]: surface should not be released
11-05 13:12:09.296  7936  7936 I Poster  :  onStop() called.
11-05 13:12:09.333  7936  7990 W libEGL  : EGLNativeWindowType 0xed6f0008 disconnect failed
11-05 13:12:09.627  7936  7961 D ZrHung.AppEyeUiProbe: Current Activity:false
11-05 13:12:09.627  7936  7961 D ZrHung.AppEyeUiProbe: not watching, wait.
11-05 13:12:09.804  7936  7936 D Poster  : At 1572952329804 location is 65.05783599266266 (latitude), and 25.469038704704353 (longitude)
11-05 13:12:09.822  7936  7936 D Latitude: status
