11-06 15:19:25.527 28506 28541 W System.err: 	at symlab.CloudAR.network.TransmissionTask.run(TransmissionTask.java:124)
11-06 15:19:25.527 28506 28541 W System.err: 	at android.os.Handler.handleCallback(Handler.java:907)
11-06 15:19:25.527 28506 28541 W System.err: 	at android.os.Handler.dispatchMessage(Handler.java:105)
11-06 15:19:25.527 28506 28541 W System.err: 	at android.os.Looper.loop(Looper.java:216)
11-06 15:19:25.527 28506 28541 W System.err: 	at android.os.HandlerThread.run(HandlerThread.java:65)
11-06 15:19:25.544 28506 28541 W System.err: java.net.SocketException: Message too long
11-06 15:19:25.544 28506 28541 W System.err: 	at sun.nio.ch.DatagramChannelImpl.send0(Native Method)
11-06 15:19:25.545 28506 28541 W System.err: 	at sun.nio.ch.DatagramChannelImpl.sendFromNativeBuffer(DatagramChannelImpl.java:573)
11-06 15:19:25.545 28506 28541 W System.err: 	at sun.nio.ch.DatagramChannelImpl.send(DatagramChannelImpl.java:550)
11-06 15:19:25.545 28506 28541 W System.err: 	at sun.nio.ch.DatagramChannelImpl.send(DatagramChannelImpl.java:514)
11-06 15:19:25.545 28506 28541 W System.err: 	at symlab.CloudAR.network.TransmissionTask.run(TransmissionTask.java:124)
11-06 15:19:25.545 28506 28541 W System.err: 	at android.os.Handler.handleCallback(Handler.java:907)
11-06 15:19:25.545 28506 28541 W System.err: 	at android.os.Handler.dispatchMessage(Handler.java:105)
11-06 15:19:25.545 28506 28541 W System.err: 	at android.os.Looper.loop(Looper.java:216)
11-06 15:19:25.545 28506 28541 W System.err: 	at android.os.HandlerThread.run(HandlerThread.java:65)
11-06 15:19:25.570 28506 28541 W System.err: java.net.SocketException: Message too long
11-06 15:19:25.570 28506 28541 W System.err: 	at sun.nio.ch.DatagramChannelImpl.send0(Native Method)
11-06 15:19:25.570 28506 28541 W System.err: 	at sun.nio.ch.DatagramChannelImpl.sendFromNativeBuffer(DatagramChannelImpl.java:573)
11-06 15:19:25.570 28506 28541 W System.err: 	at sun.nio.ch.DatagramChannelImpl.send(DatagramChannelImpl.java:550)
11-06 15:19:25.570 28506 28541 W System.err: 	at sun.nio.ch.DatagramChannelImpl.send(DatagramChannelImpl.java:514)
11-06 15:19:25.570 28506 28541 W System.err: 	at symlab.CloudAR.network.TransmissionTask.run(TransmissionTask.java:124)
11-06 15:19:25.570 28506 28541 W System.err: 	at android.os.Handler.handleCallback(Handler.java:907)
11-06 15:19:25.570 28506 28541 W System.err: 	at android.os.Handler.dispatchMessage(Handler.java:105)
11-06 15:19:25.570 28506 28541 W System.err: 	at android.os.Looper.loop(Looper.java:216)
11-06 15:19:25.570 28506 28541 W System.err: 	at android.os.HandlerThread.run(HandlerThread.java:65)
11-06 15:19:25.611 28506 28541 W System.err: java.net.SocketException: Message too long
11-06 15:19:25.611 28506 28541 W System.err: 	at sun.nio.ch.DatagramChannelImpl.send0(Native Method)
11-06 15:19:25.611 28506 28541 W System.err: 	at sun.nio.ch.DatagramChannelImpl.sendFromNativeBuffer(DatagramChannelImpl.java:573)
11-06 15:19:25.611 28506 28541 W System.err: 	at sun.nio.ch.DatagramChannelImpl.send(DatagramChannelImpl.java:550)
11-06 15:19:25.611 28506 28541 W System.err: 	at sun.nio.ch.DatagramChannelImpl.send(DatagramChannelImpl.java:514)
11-06 15:19:25.611 28506 28541 W System.err: 	at symlab.CloudAR.network.TransmissionTask.run(TransmissionTask.java:124)
11-06 15:19:25.611 28506 28541 W System.err: 	at android.os.Handler.handleCallback(Handler.java:907)
11-06 15:19:25.611 28506 28541 W System.err: 	at android.os.Handler.dispatchMessage(Handler.java:105)
11-06 15:19:25.611 28506 28541 W System.err: 	at android.os.Looper.loop(Looper.java:216)
11-06 15:19:25.611 28506 28541 W System.err: 	at android.os.HandlerThread.run(HandlerThread.java:65)
11-06 15:19:25.647 28506 28541 W System.err: java.net.SocketException: Message too long
11-06 15:19:25.647 28506 28541 W System.err: 	at sun.nio.ch.DatagramChannelImpl.send0(Native Method)
11-06 15:19:25.647 28506 28541 W System.err: 	at sun.nio.ch.DatagramChannelImpl.sendFromNativeBuffer(DatagramChannelImpl.java:573)
11-06 15:19:25.647 28506 28541 W System.err: 	at sun.nio.ch.DatagramChannelImpl.send(DatagramChannelImpl.java:550)
11-06 15:19:25.647 28506 28541 W System.err: 	at sun.nio.ch.DatagramChannelImpl.send(DatagramChannelImpl.java:514)
11-06 15:19:25.647 28506 28541 W System.err: 	at symlab.CloudAR.network.TransmissionTask.run(TransmissionTask.java:124)
11-06 15:19:25.647 28506 28541 W System.err: 	at android.os.Handler.handleCallback(Handler.java:907)
11-06 15:19:25.647 28506 28541 W System.err: 	at android.os.Handler.dispatchMessage(Handler.java:105)
11-06 15:19:25.647 28506 28541 W System.err: 	at android.os.Looper.loop(Looper.java:216)
11-06 15:19:25.647 28506 28541 W System.err: 	at android.os.HandlerThread.run(HandlerThread.java:65)
11-06 15:19:25.678 28506 28541 W System.err: java.net.SocketException: Message too long
11-06 15:19:25.678 28506 28541 W System.err: 	at sun.nio.ch.DatagramChannelImpl.send0(Native Method)
11-06 15:19:25.678 28506 28541 W System.err: 	at sun.nio.ch.DatagramChannelImpl.sendFromNativeBuffer(DatagramChannelImpl.java:573)
11-06 15:19:25.678 28506 28541 W System.err: 	at sun.nio.ch.DatagramChannelImpl.send(DatagramChannelImpl.java:550)
11-06 15:19:25.678 28506 28541 W System.err: 	at sun.nio.ch.DatagramChannelImpl.send(DatagramChannelImpl.java:514)
11-06 15:19:25.678 28506 28541 W System.err: 	at symlab.CloudAR.network.TransmissionTask.run(TransmissionTask.java:124)
11-06 15:19:25.678 28506 28541 W System.err: 	at android.os.Handler.handleCallback(Handler.java:907)
11-06 15:19:25.678 28506 28541 W System.err: 	at android.os.Handler.dispatchMessage(Handler.java:105)
11-06 15:19:25.679 28506 28541 W System.err: 	at android.os.Looper.loop(Looper.java:216)
11-06 15:19:25.679 28506 28541 W System.err: 	at android.os.HandlerThread.run(HandlerThread.java:65)
11-06 15:19:25.711 28506 28541 W System.err: java.net.SocketException: Message too long
11-06 15:19:25.711 28506 28541 W System.err: 	at sun.nio.ch.DatagramChannelImpl.send0(Native Method)
11-06 15:19:25.711 28506 28541 W System.err: 	at sun.nio.ch.DatagramChannelImpl.sendFromNativeBuffer(DatagramChannelImpl.java:573)
11-06 15:19:25.711 28506 28541 W System.err: 	at sun.nio.ch.DatagramChannelImpl.send(DatagramChannelImpl.java:550)
11-06 15:19:25.711 28506 28541 W System.err: 	at sun.nio.ch.DatagramChannelImpl.send(DatagramChannelImpl.java:514)
11-06 15:19:25.711 28506 28541 W System.err: 	at symlab.CloudAR.network.TransmissionTask.run(TransmissionTask.java:124)
11-06 15:19:25.711 28506 28541 W System.err: 	at android.os.Handler.handleCallback(Handler.java:907)
11-06 15:19:25.711 28506 28541 W System.err: 	at android.os.Handler.dispatchMessage(Handler.java:105)
11-06 15:19:25.711 28506 28541 W System.err: 	at android.os.Looper.loop(Looper.java:216)
11-06 15:19:25.711 28506 28541 W System.err: 	at android.os.HandlerThread.run(HandlerThread.java:65)
11-06 15:19:25.745 28506 28541 W System.err: java.net.SocketException: Message too long
11-06 15:19:25.745 28506 28541 W System.err: 	at sun.nio.ch.DatagramChannelImpl.send0(Native Method)
11-06 15:19:25.745 28506 28541 W System.err: 	at sun.nio.ch.DatagramChannelImpl.sendFromNativeBuffer(DatagramChannelImpl.java:573)
11-06 15:19:25.745 28506 28541 W System.err: 	at sun.nio.ch.DatagramChannelImpl.send(DatagramChannelImpl.java:550)
11-06 15:19:25.745 28506 28541 W System.err: 	at sun.nio.ch.DatagramChannelImpl.send(DatagramChannelImpl.java:514)
11-06 15:19:25.745 28506 28541 W System.err: 	at symlab.CloudAR.network.TransmissionTask.run(TransmissionTask.java:124)
11-06 15:19:25.745 28506 28541 W System.err: 	at android.os.Handler.handleCallback(Handler.java:907)
11-06 15:19:25.745 28506 28541 W System.err: 	at android.os.Handler.dispatchMessage(Handler.java:105)
11-06 15:19:25.745 28506 28541 W System.err: 	at android.os.Looper.loop(Looper.java:216)
11-06 15:19:25.745 28506 28541 W System.err: 	at android.os.HandlerThread.run(HandlerThread.java:65)
11-06 15:19:25.779 28506 28541 W System.err: java.net.SocketException: Message too long
11-06 15:19:25.779 28506 28541 W System.err: 	at sun.nio.ch.DatagramChannelImpl.send0(Native Method)
11-06 15:19:25.779 28506 28541 W System.err: 	at sun.nio.ch.DatagramChannelImpl.sendFromNativeBuffer(DatagramChannelImpl.java:573)
11-06 15:19:25.779 28506 28541 W System.err: 	at sun.nio.ch.DatagramChannelImpl.send(DatagramChannelImpl.java:550)
11-06 15:19:25.779 28506 28541 W System.err: 	at sun.nio.ch.DatagramChannelImpl.send(DatagramChannelImpl.java:514)
11-06 15:19:25.779 28506 28541 W System.err: 	at symlab.CloudAR.network.TransmissionTask.run(TransmissionTask.java:124)
11-06 15:19:25.779 28506 28541 W System.err: 	at android.os.Handler.handleCallback(Handler.java:907)
11-06 15:19:25.779 28506 28541 W System.err: 	at android.os.Handler.dispatchMessage(Handler.java:105)
11-06 15:19:25.779 28506 28541 W System.err: 	at android.os.Looper.loop(Looper.java:216)
11-06 15:19:25.779 28506 28541 W System.err: 	at android.os.HandlerThread.run(HandlerThread.java:65)
11-06 15:19:25.818 28506 28541 W System.err: java.net.SocketException: Message too long
11-06 15:19:25.818 28506 28541 W System.err: 	at sun.nio.ch.DatagramChannelImpl.send0(Native Method)
11-06 15:19:25.818 28506 28541 W System.err: 	at sun.nio.ch.DatagramChannelImpl.sendFromNativeBuffer(DatagramChannelImpl.java:573)
11-06 15:19:25.818 28506 28541 W System.err: 	at sun.nio.ch.DatagramChannelImpl.send(DatagramChannelImpl.java:550)
11-06 15:19:25.818 28506 28541 W System.err: 	at sun.nio.ch.DatagramChannelImpl.send(DatagramChannelImpl.java:514)
11-06 15:19:25.818 28506 28541 W System.err: 	at symlab.CloudAR.network.TransmissionTask.run(TransmissionTask.java:124)
11-06 15:19:25.818 28506 28541 W System.err: 	at android.os.Handler.handleCallback(Handler.java:907)
11-06 15:19:25.819 28506 28541 W System.err: 	at android.os.Handler.dispatchMessage(Handler.java:105)
11-06 15:19:25.819 28506 28541 W System.err: 	at android.os.Looper.loop(Looper.java:216)
11-06 15:19:25.819 28506 28541 W System.err: 	at android.os.HandlerThread.run(HandlerThread.java:65)
11-06 15:19:25.847 28506 28541 W System.err: java.net.SocketException: Message too long
11-06 15:19:25.847 28506 28541 W System.err: 	at sun.nio.ch.DatagramChannelImpl.send0(Native Method)
11-06 15:19:25.847 28506 28541 W System.err: 	at sun.nio.ch.DatagramChannelImpl.sendFromNativeBuffer(DatagramChannelImpl.java:573)
11-06 15:19:25.847 28506 28541 W System.err: 	at sun.nio.ch.DatagramChannelImpl.send(DatagramChannelImpl.java:550)
11-06 15:19:25.847 28506 28541 W System.err: 	at sun.nio.ch.DatagramChannelImpl.send(DatagramChannelImpl.java:514)
11-06 15:19:25.847 28506 28541 W System.err: 	at symlab.CloudAR.network.TransmissionTask.run(TransmissionTask.java:124)
11-06 15:19:25.847 28506 28541 W System.err: 	at android.os.Handler.handleCallback(Handler.java:907)
11-06 15:19:25.847 28506 28541 W System.err: 	at android.os.Handler.dispatchMessage(Handler.java:105)
11-06 15:19:25.847 28506 28541 W System.err: 	at android.os.Looper.loop(Looper.java:216)
11-06 15:19:25.847 28506 28541 W System.err: 	at android.os.HandlerThread.run(HandlerThread.java:65)
11-06 15:19:25.884 28506 28541 W System.err: java.net.SocketException: Message too long
11-06 15:19:25.884 28506 28541 W System.err: 	at sun.nio.ch.DatagramChannelImpl.send0(Native Method)
11-06 15:19:25.884 28506 28541 W System.err: 	at sun.nio.ch.DatagramChannelImpl.sendFromNativeBuffer(DatagramChannelImpl.java:573)
11-06 15:19:25.884 28506 28541 W System.err: 	at sun.nio.ch.DatagramChannelImpl.send(DatagramChannelImpl.java:550)
11-06 15:19:25.884 28506 28541 W System.err: 	at sun.nio.ch.DatagramChannelImpl.send(DatagramChannelImpl.java:514)
11-06 15:19:25.884 28506 28541 W System.err: 	at symlab.CloudAR.network.TransmissionTask.run(TransmissionTask.java:124)
11-06 15:19:25.884 28506 28541 W System.err: 	at android.os.Handler.handleCallback(Handler.java:907)
11-06 15:19:25.884 28506 28541 W System.err: 	at android.os.Handler.dispatchMessage(Handler.java:105)
11-06 15:19:25.884 28506 28541 W System.err: 	at android.os.Looper.loop(Looper.java:216)
11-06 15:19:25.884 28506 28541 W System.err: 	at android.os.HandlerThread.run(HandlerThread.java:65)
11-06 15:19:25.910 28506 28541 W System.err: java.net.SocketException: Message too long
11-06 15:19:25.910 28506 28541 W System.err: 	at sun.nio.ch.DatagramChannelImpl.send0(Native Method)
11-06 15:19:25.910 28506 28541 W System.err: 	at sun.nio.ch.DatagramChannelImpl.sendFromNativeBuffer(DatagramChannelImpl.java:573)
11-06 15:19:25.910 28506 28541 W System.err: 	at sun.nio.ch.DatagramChannelImpl.send(DatagramChannelImpl.java:550)
11-06 15:19:25.910 28506 28541 W System.err: 	at sun.nio.ch.DatagramChannelImpl.send(DatagramChannelImpl.java:514)
11-06 15:19:25.910 28506 28541 W System.err: 	at symlab.CloudAR.network.TransmissionTask.run(TransmissionTask.java:124)
11-06 15:19:25.910 28506 28541 W System.err: 	at android.os.Handler.handleCallback(Handler.java:907)
11-06 15:19:25.910 28506 28541 W System.err: 	at android.os.Handler.dispatchMessage(Handler.java:105)
11-06 15:19:25.910 28506 28541 W System.err: 	at android.os.Looper.loop(Looper.java:216)
11-06 15:19:25.910 28506 28541 W System.err: 	at android.os.HandlerThread.run(HandlerThread.java:65)
11-06 15:19:25.946 28506 28541 W System.err: java.net.SocketException: Message too long
11-06 15:19:25.946 28506 28541 W System.err: 	at sun.nio.ch.DatagramChannelImpl.send0(Native Method)
11-06 15:19:25.947 28506 28541 W System.err: 	at sun.nio.ch.DatagramChannelImpl.sendFromNativeBuffer(DatagramChannelImpl.java:573)
11-06 15:19:25.947 28506 28541 W System.err: 	at sun.nio.ch.DatagramChannelImpl.send(DatagramChannelImpl.java:550)
11-06 15:19:25.947 28506 28541 W System.err: 	at sun.nio.ch.DatagramChannelImpl.send(DatagramChannelImpl.java:514)
11-06 15:19:25.947 28506 28541 W System.err: 	at symlab.CloudAR.network.TransmissionTask.run(TransmissionTask.java:124)
11-06 15:19:25.947 28506 28541 W System.err: 	at android.os.Handler.handleCallback(Handler.java:907)
11-06 15:19:25.947 28506 28541 W System.err: 	at android.os.Handler.dispatchMessage(Handler.java:105)
11-06 15:19:25.947 28506 28541 W System.err: 	at android.os.Looper.loop(Looper.java:216)
11-06 15:19:25.947 28506 28541 W System.err: 	at android.os.HandlerThread.run(HandlerThread.java:65)
11-06 15:19:25.978 28506 28541 W System.err: java.net.SocketException: Message too long
11-06 15:19:25.979 28506 28541 W System.err: 	at sun.nio.ch.DatagramChannelImpl.send0(Native Method)
11-06 15:19:25.979 28506 28541 W System.err: 	at sun.nio.ch.DatagramChannelImpl.sendFromNativeBuffer(DatagramChannelImpl.java:573)
11-06 15:19:25.979 28506 28541 W System.err: 	at sun.nio.ch.DatagramChannelImpl.send(DatagramChannelImpl.java:550)
11-06 15:19:25.979 28506 28541 W System.err: 	at sun.nio.ch.DatagramChannelImpl.send(DatagramChannelImpl.java:514)
11-06 15:19:25.979 28506 28541 W System.err: 	at symlab.CloudAR.network.TransmissionTask.run(TransmissionTask.java:124)
11-06 15:19:25.979 28506 28541 W System.err: 	at android.os.Handler.handleCallback(Handler.java:907)
11-06 15:19:25.979 28506 28541 W System.err: 	at android.os.Handler.dispatchMessage(Handler.java:105)
11-06 15:19:25.979 28506 28541 W System.err: 	at android.os.Looper.loop(Looper.java:216)
11-06 15:19:25.979 28506 28541 W System.err: 	at android.os.HandlerThread.run(HandlerThread.java:65)
11-06 15:19:26.020 28506 28541 D Evaluation: Frame 150 sent at 1573046366020
11-06 15:19:26.063 28506 28541 W System.err: java.net.SocketException: Message too long
11-06 15:19:26.063 28506 28541 W System.err: 	at sun.nio.ch.DatagramChannelImpl.send0(Native Method)
11-06 15:19:26.063 28506 28541 W System.err: 	at sun.nio.ch.DatagramChannelImpl.sendFromNativeBuffer(DatagramChannelImpl.java:573)
11-06 15:19:26.063 28506 28541 W System.err: 	at sun.nio.ch.DatagramChannelImpl.send(DatagramChannelImpl.java:550)
11-06 15:19:26.063 28506 28541 W System.err: 	at sun.nio.ch.DatagramChannelImpl.send(DatagramChannelImpl.java:514)
11-06 15:19:26.063 28506 28541 W System.err: 	at symlab.CloudAR.network.TransmissionTask.run(TransmissionTask.java:124)
11-06 15:19:26.063 28506 28541 W System.err: 	at android.os.Handler.handleCallback(Handler.java:907)
11-06 15:19:26.063 28506 28541 W System.err: 	at android.os.Handler.dispatchMessage(Handler.java:105)
11-06 15:19:26.063 28506 28541 W System.err: 	at android.os.Looper.loop(Looper.java:216)
11-06 15:19:26.063 28506 28541 W System.err: 	at android.os.HandlerThread.run(HandlerThread.java:65)
11-06 15:19:26.086 28506 28541 W System.err: java.net.SocketException: Message too long
11-06 15:19:26.086 28506 28541 W System.err: 	at sun.nio.ch.DatagramChannelImpl.send0(Native Method)
11-06 15:19:26.086 28506 28541 W System.err: 	at sun.nio.ch.DatagramChannelImpl.sendFromNativeBuffer(DatagramChannelImpl.java:573)
11-06 15:19:26.086 28506 28541 W System.err: 	at sun.nio.ch.DatagramChannelImpl.send(DatagramChannelImpl.java:550)
11-06 15:19:26.086 28506 28541 W System.err: 	at sun.nio.ch.DatagramChannelImpl.send(DatagramChannelImpl.java:514)
11-06 15:19:26.086 28506 28541 W System.err: 	at symlab.CloudAR.network.TransmissionTask.run(TransmissionTask.java:124)
11-06 15:19:26.086 28506 28541 W System.err: 	at android.os.Handler.handleCallback(Handler.java:907)
11-06 15:19:26.086 28506 28541 W System.err: 	at android.os.Handler.dispatchMessage(Handler.java:105)
11-06 15:19:26.086 28506 28541 W System.err: 	at android.os.Looper.loop(Looper.java:216)
11-06 15:19:26.086 28506 28541 W System.err: 	at android.os.HandlerThread.run(HandlerThread.java:65)
11-06 15:19:26.113 28506 28541 D Evaluation: Frame 153 sent at 1573046366112
11-06 15:19:26.190 28506 28541 D Evaluation: Frame 154 sent at 1573046366190
11-06 15:19:26.215 28506 28541 D Evaluation: Frame 155 sent at 1573046366215
11-06 15:19:26.251 28506 28541 D Evaluation: Frame 156 sent at 1573046366251
11-06 15:19:26.283 28506 28541 D Evaluation: Frame 157 sent at 1573046366283
11-06 15:19:26.330 28506 28541 D Evaluation: Frame 158 sent at 1573046366329
11-06 15:19:26.356 28506 28541 D Evaluation: Frame 159 sent at 1573046366356
11-06 15:19:26.390 28506 28541 D Evaluation: Frame 160 sent at 1573046366390
11-06 15:19:26.415 28506 28541 D Evaluation: Frame 161 sent at 1573046366415
11-06 15:19:26.456 28506 28541 D Evaluation: Frame 162 sent at 1573046366456
11-06 15:19:26.481 28506 28541 D Evaluation: Frame 163 sent at 1573046366481
11-06 15:19:26.525 28506 28541 D Evaluation: Frame 164 sent at 1573046366524
11-06 15:19:26.525 28506 28518 E         : [ZeroHung]zrhung_get_config: Get config failed for wp[0x0008]
11-06 15:19:26.549 28506 28541 D Evaluation: Frame 165 sent at 1573046366549
11-06 15:19:26.600 28506 28541 D Evaluation: Frame 166 sent at 1573046366600
11-06 15:19:26.632 28506 28541 D Evaluation: Frame 167 sent at 1573046366632
11-06 15:19:26.663 28506 28541 D Evaluation: Frame 168 sent at 1573046366663
11-06 15:19:26.699 28506 28541 D Evaluation: Frame 169 sent at 1573046366699
11-06 15:19:26.727 28506 28541 D Evaluation: Frame 170 sent at 1573046366727
11-06 15:19:26.774 28506 28541 D Evaluation: Frame 171 sent at 1573046366774
11-06 15:19:26.805 28506 28541 D Evaluation: Frame 172 sent at 1573046366805
11-06 15:19:26.838 28506 28541 D Evaluation: Frame 173 sent at 1573046366838
11-06 15:19:26.872 28506 28541 D Evaluation: Frame 174 sent at 1573046366872
11-06 15:19:26.903 28506 28541 D Evaluation: Frame 175 sent at 1573046366903
11-06 15:19:26.944 28506 28541 D Evaluation: Frame 177 sent at 1573046366944
11-06 15:19:26.964 28506 28541 D Evaluation: Frame 177 sent at 1573046366964
11-06 15:19:27.000 28506 28541 D Evaluation: Frame 178 sent at 1573046367000
11-06 15:19:27.039 28506 28541 D Evaluation: Frame 179 sent at 1573046367039
11-06 15:19:27.080 28506 28541 D Evaluation: Frame 180 sent at 1573046367080
11-06 15:19:27.109 28506 28541 D Evaluation: Frame 181 sent at 1573046367109
11-06 15:19:27.137 28506 28541 D Evaluation: Frame 182 sent at 1573046367137
11-06 15:19:27.179 28506 28541 D Evaluation: Frame 183 sent at 1573046367179
11-06 15:19:27.222 28506 28541 D Evaluation: Frame 185 sent at 1573046367222
11-06 15:19:27.245 28506 28541 D Evaluation: Frame 186 sent at 1573046367245
11-06 15:19:27.265 28506 28541 D Evaluation: Frame 186 sent at 1573046367265
11-06 15:19:27.304 28506 28541 D Evaluation: Frame 187 sent at 1573046367304
11-06 15:19:27.347 28506 28541 D Evaluation: Frame 188 sent at 1573046367347
11-06 15:19:27.378 28506 28541 D Evaluation: Frame 189 sent at 1573046367378
11-06 15:19:27.415 28506 28541 D Evaluation: Frame 190 sent at 1573046367415
11-06 15:19:27.442 28506 28541 D Evaluation: Frame 191 sent at 1573046367442
11-06 15:19:27.514 28506 28541 D Evaluation: Frame 192 sent at 1573046367514
11-06 15:19:27.551 28506 28541 D Evaluation: Frame 193 sent at 1573046367551
11-06 15:19:27.580 28506 28541 D Evaluation: Frame 194 sent at 1573046367580
11-06 15:19:27.608 28506 28541 D Evaluation: Frame 195 sent at 1573046367607
11-06 15:19:27.647 28506 28541 D Evaluation: Frame 196 sent at 1573046367647
11-06 15:19:27.691 28506 28541 D Evaluation: Frame 198 sent at 1573046367691
11-06 15:19:27.711 28506 28541 D Evaluation: Frame 198 sent at 1573046367711
11-06 15:19:27.738 28506 28541 D Evaluation: Frame 199 sent at 1573046367738
11-06 15:19:27.778 28506 28541 D Evaluation: Frame 200 sent at 1573046367778
11-06 15:19:27.810 28506 28541 D Evaluation: Frame 201 sent at 1573046367810
11-06 15:19:27.848 28506 28541 D Evaluation: Frame 202 sent at 1573046367848
11-06 15:19:27.880 28506 28541 D Evaluation: Frame 203 sent at 1573046367880
11-06 15:19:27.913 28506 28518 E         : [ZeroHung]zrhung_get_config: Get config failed for wp[0x0008]
11-06 15:19:27.913 28506 28541 D Evaluation: Frame 204 sent at 1573046367913
11-06 15:19:27.949 28506 28541 D Evaluation: Frame 206 sent at 1573046367949
11-06 15:19:27.971 28506 28541 D Evaluation: Frame 206 sent at 1573046367971
11-06 15:19:28.010 28506 28541 D Evaluation: Frame 207 sent at 1573046368010
11-06 15:19:28.048 28506 28541 D Evaluation: Frame 208 sent at 1573046368047
11-06 15:19:28.076 28506 28541 D Evaluation: Frame 209 sent at 1573046368076
11-06 15:19:28.119 28506 28541 D Evaluation: Frame 210 sent at 1573046368119
11-06 15:19:28.147 28506 28541 D Evaluation: Frame 211 sent at 1573046368147
11-06 15:19:28.185 28506 28541 D Evaluation: Frame 212 sent at 1573046368185
11-06 15:19:28.228 28506 28541 D Evaluation: Frame 214 sent at 1573046368228
11-06 15:19:28.249 28506 28541 D Evaluation: Frame 214 sent at 1573046368249
11-06 15:19:28.269 28506 28541 D Evaluation: Frame 215 sent at 1573046368269
11-06 15:19:28.307 28506 28541 D Evaluation: Frame 216 sent at 1573046368306
11-06 15:19:28.341 28506 28541 D Evaluation: Frame 217 sent at 1573046368341
11-06 15:19:28.376 28506 28541 D Evaluation: Frame 218 sent at 1573046368376
11-06 15:19:28.435 28506 28541 D Evaluation: Frame 220 sent at 1573046368435
11-06 15:19:28.460 28506 28541 D Evaluation: Frame 221 sent at 1573046368460
11-06 15:19:28.479 28506 28541 D Evaluation: Frame 221 sent at 1573046368479
11-06 15:19:28.508 28506 28541 D Evaluation: Frame 222 sent at 1573046368508
11-06 15:19:28.543 28506 28541 D Evaluation: Frame 223 sent at 1573046368543
11-06 15:19:28.564 28506 28541 D Evaluation: Frame 224 sent at 1573046368564
11-06 15:19:28.599 28506 28541 D Evaluation: Frame 225 sent at 1573046368599
11-06 15:19:28.639 28506 28541 D Evaluation: Frame 226 sent at 1573046368639
11-06 15:19:28.673 28506 28541 D Evaluation: Frame 227 sent at 1573046368673
11-06 15:19:28.715 28506 28541 D Evaluation: Frame 228 sent at 1573046368715
11-06 15:19:28.757 28506 28541 D Evaluation: Frame 229 sent at 1573046368757
11-06 15:19:28.801 28506 28541 D Evaluation: Frame 231 sent at 1573046368801
11-06 15:19:28.824 28506 28541 D Evaluation: Frame 232 sent at 1573046368824
11-06 15:19:28.845 28506 28541 D Evaluation: Frame 232 sent at 1573046368845
11-06 15:19:28.887 28506 28541 D Evaluation: Frame 233 sent at 1573046368886
11-06 15:19:28.923 28506 28541 D Evaluation: Frame 234 sent at 1573046368923
11-06 15:19:28.940 28506 28541 D Evaluation: Frame 235 sent at 1573046368940
11-06 15:19:28.971 28506 28541 D Evaluation: Frame 236 sent at 1573046368971
11-06 15:19:29.028 28506 28541 D Evaluation: Frame 237 sent at 1573046369028
11-06 15:19:29.062 28506 28541 D Evaluation: Frame 238 sent at 1573046369062
11-06 15:19:29.082 28506 28541 D Evaluation: Frame 239 sent at 1573046369081
11-06 15:19:29.123 28506 28541 D Evaluation: Frame 240 sent at 1573046369123
11-06 15:19:29.155 28506 28541 D Evaluation: Frame 241 sent at 1573046369155
11-06 15:19:29.230 28506 28541 D Evaluation: Frame 242 sent at 1573046369230
11-06 15:19:29.267 28506 28541 D Evaluation: Frame 244 sent at 1573046369267
11-06 15:19:29.292 28506 28541 D Evaluation: Frame 244 sent at 1573046369292
11-06 15:19:29.327 28506 28541 D Evaluation: Frame 245 sent at 1573046369327
11-06 15:19:29.353 28506 28541 D Evaluation: Frame 246 sent at 1573046369353
11-06 15:19:29.394 28506 28541 D Evaluation: Frame 247 sent at 1573046369394
11-06 15:19:29.433 28506 28541 D Evaluation: Frame 248 sent at 1573046369433
11-06 15:19:29.461 28506 28541 D Evaluation: Frame 249 sent at 1573046369461
11-06 15:19:29.498 28506 28541 D Evaluation: Frame 250 sent at 1573046369498
11-06 15:19:29.529 28506 28541 D Evaluation: Frame 251 sent at 1573046369529
11-06 15:19:29.572 28506 28541 D Evaluation: Frame 253 sent at 1573046369572
11-06 15:19:29.596 28506 28541 D Evaluation: Frame 253 sent at 1573046369596
11-06 15:19:29.628 28506 28541 D Evaluation: Frame 254 sent at 1573046369628
11-06 15:19:29.660 28506 28541 D Evaluation: Frame 255 sent at 1573046369660
11-06 15:19:29.689 28506 28541 D Evaluation: Frame 256 sent at 1573046369689
11-06 15:19:29.735 28506 28541 D Evaluation: Frame 258 sent at 1573046369735
11-06 15:19:29.759 28506 28541 D Evaluation: Frame 258 sent at 1573046369759
11-06 15:19:29.794 28506 28541 D Evaluation: Frame 259 sent at 1573046369794
11-06 15:19:29.829 28506 28541 D Evaluation: Frame 260 sent at 1573046369829
11-06 15:19:29.856 28506 28541 D Evaluation: Frame 261 sent at 1573046369856
11-06 15:19:29.900 28506 28541 D Evaluation: Frame 262 sent at 1573046369900
11-06 15:19:29.933 28506 28541 D Evaluation: Frame 263 sent at 1573046369932
11-06 15:19:29.966 28506 28541 D Evaluation: Frame 264 sent at 1573046369966
11-06 15:19:29.967 28506 28518 E         : [ZeroHung]zrhung_get_config: Get config failed for wp[0x0008]
11-06 15:19:29.991 28506 28541 D Evaluation: Frame 265 sent at 1573046369991
11-06 15:19:30.031 28506 28541 D Evaluation: Frame 266 sent at 1573046370031
11-06 15:19:30.057 28506 28541 D Evaluation: Frame 267 sent at 1573046370057
11-06 15:19:30.100 28506 28541 D Evaluation: Frame 268 sent at 1573046370100
11-06 15:19:30.134 28506 28541 D Evaluation: Frame 269 sent at 1573046370134
11-06 15:19:30.161 28506 28541 D Evaluation: Frame 270 sent at 1573046370161
11-06 15:19:30.195 28506 28541 D Evaluation: Frame 271 sent at 1573046370195
11-06 15:19:30.239 28506 28541 D Evaluation: Frame 273 sent at 1573046370239
11-06 15:19:30.262 28506 28541 D Evaluation: Frame 273 sent at 1573046370262
11-06 15:19:30.293 28506 28541 D Evaluation: Frame 274 sent at 1573046370293
11-06 15:19:30.326 28506 28541 D Evaluation: Frame 275 sent at 1573046370326
11-06 15:19:30.362 28506 28541 D Evaluation: Frame 276 sent at 1573046370362
11-06 15:19:30.394 28506 28541 D Evaluation: Frame 277 sent at 1573046370394
11-06 15:19:30.418 28506 28541 D Evaluation: Frame 278 sent at 1573046370418
11-06 15:19:30.468 28506 28541 D Evaluation: Frame 279 sent at 1573046370468
11-06 15:19:30.493 28506 28541 D Evaluation: Frame 280 sent at 1573046370493
11-06 15:19:30.534 28506 28541 D Evaluation: Frame 281 sent at 1573046370534
11-06 15:19:30.568 28506 28541 D Evaluation: Frame 282 sent at 1573046370568
11-06 15:19:30.586 28506 28506 W HiTouch_PressGestureDetector: Touch pointer move a lot. The moving distance of X is:9.995544, limit is:60The moving distance of Y is:128.88066, limit is:60
11-06 15:19:30.611 28506 28541 D Evaluation: Frame 284 sent at 1573046370611
11-06 15:19:30.633 28506 28541 D Evaluation: Frame 284 sent at 1573046370633
11-06 15:19:30.664 28506 28541 D Evaluation: Frame 285 sent at 1573046370664
11-06 15:19:30.684 28506 28541 D Evaluation: Frame 286 sent at 1573046370684
11-06 15:19:30.713 28506 28541 D Evaluation: Frame 287 sent at 1573046370713
11-06 15:19:30.745 28506 28541 D Evaluation: Frame 288 sent at 1573046370745
11-06 15:19:30.781 28506 28541 D Evaluation: Frame 289 sent at 1573046370781
11-06 15:19:30.814 28506 28541 D Evaluation: Frame 290 sent at 1573046370814
11-06 15:19:30.898 28506 28541 D Evaluation: Frame 291 sent at 1573046370898
11-06 15:19:30.915 28506 28541 D Evaluation: Frame 292 sent at 1573046370915
11-06 15:19:30.946 28506 28541 D Evaluation: Frame 293 sent at 1573046370946
11-06 15:19:30.979 28506 28541 D Evaluation: Frame 294 sent at 1573046370979
11-06 15:19:31.015 28506 28541 D Evaluation: Frame 295 sent at 1573046371015
11-06 15:19:31.047 28506 28541 D Evaluation: Frame 296 sent at 1573046371047
11-06 15:19:31.082 28506 28541 D Evaluation: Frame 297 sent at 1573046371082
11-06 15:19:31.115 28506 28541 D Evaluation: Frame 298 sent at 1573046371115
11-06 15:19:31.157 28506 28541 D Evaluation: Frame 299 sent at 1573046371157
11-06 15:19:31.203 28506 28541 D Evaluation: Frame 300 sent at 1573046371203
11-06 15:19:31.224 28506 28541 D Evaluation: Frame 301 sent at 1573046371224
11-06 15:19:31.248 28506 28541 D Evaluation: Frame 302 sent at 1573046371248
11-06 15:19:31.282 28506 28541 D Evaluation: Frame 303 sent at 1573046371282
11-06 15:19:31.316 28506 28541 D Evaluation: Frame 304 sent at 1573046371316
11-06 15:19:31.355 28506 28541 D Evaluation: Frame 305 sent at 1573046371355
11-06 15:19:31.383 28506 28541 D Evaluation: Frame 306 sent at 1573046371383
11-06 15:19:31.418 28506 28541 D Evaluation: Frame 307 sent at 1573046371418
11-06 15:19:31.451 28506 28541 D Evaluation: Frame 308 sent at 1573046371451
11-06 15:19:31.486 28506 28541 D Evaluation: Frame 309 sent at 1573046371486
11-06 15:19:31.526 28506 28541 D Evaluation: Frame 310 sent at 1573046371526
11-06 15:19:31.567 28506 28541 D Evaluation: Frame 311 sent at 1573046371566
11-06 15:19:31.585 28506 28541 D Evaluation: Frame 312 sent at 1573046371585
11-06 15:19:31.618 28506 28541 D Evaluation: Frame 313 sent at 1573046371618
11-06 15:19:31.653 28506 28541 D Evaluation: Frame 314 sent at 1573046371653
11-06 15:19:31.691 28506 28541 D Evaluation: Frame 315 sent at 1573046371691
11-06 15:19:31.733 28506 28541 D Evaluation: Frame 316 sent at 1573046371733
11-06 15:19:31.760 28506 28541 D Evaluation: Frame 317 sent at 1573046371760
11-06 15:19:31.785 28506 28541 D Evaluation: Frame 318 sent at 1573046371785
11-06 15:19:31.829 28506 28541 D Evaluation: Frame 319 sent at 1573046371829
11-06 15:19:31.856 28506 28518 E         : [ZeroHung]zrhung_get_config: Get config failed for wp[0x0008]
11-06 15:19:31.857 28506 28541 D Evaluation: Frame 320 sent at 1573046371857
11-06 15:19:31.889 28506 28541 D Evaluation: Frame 321 sent at 1573046371889
11-06 15:19:31.927 28506 28541 D Evaluation: Frame 322 sent at 1573046371927
11-06 15:19:31.957 28506 28541 D Evaluation: Frame 323 sent at 1573046371957
11-06 15:19:31.996 28506 28541 D Evaluation: Frame 324 sent at 1573046371996
11-06 15:19:32.036 28506 28541 D Evaluation: Frame 325 sent at 1573046372036
11-06 15:19:32.056 28506 28541 D Evaluation: Frame 326 sent at 1573046372056
11-06 15:19:32.101 28506 28541 D Evaluation: Frame 327 sent at 1573046372101
11-06 15:19:32.123 28506 28541 D Evaluation: Frame 328 sent at 1573046372123
11-06 15:19:32.166 28506 28541 D Evaluation: Frame 329 sent at 1573046372166
11-06 15:19:32.195 28506 28541 D Evaluation: Frame 330 sent at 1573046372195
11-06 15:19:32.234 28506 28541 D Evaluation: Frame 331 sent at 1573046372234
11-06 15:19:32.260 28506 28541 D Evaluation: Frame 332 sent at 1573046372260
11-06 15:19:32.291 28506 28541 D Evaluation: Frame 333 sent at 1573046372291
11-06 15:19:32.325 28506 28541 D Evaluation: Frame 334 sent at 1573046372325
11-06 15:19:32.365 28506 28541 D Evaluation: Frame 335 sent at 1573046372365
11-06 15:19:32.390 28506 28541 D Evaluation: Frame 336 sent at 1573046372390
11-06 15:19:32.430 28506 28541 D Evaluation: Frame 337 sent at 1573046372430
11-06 15:19:32.464 28506 28541 D Evaluation: Frame 338 sent at 1573046372464
11-06 15:19:32.502 28506 28541 D Evaluation: Frame 339 sent at 1573046372502
11-06 15:19:32.546 28506 28541 D Evaluation: Frame 340 sent at 1573046372546
11-06 15:19:32.571 28506 28541 D Evaluation: Frame 341 sent at 1573046372571
11-06 15:19:32.594 28506 28541 D Evaluation: Frame 342 sent at 1573046372594
11-06 15:19:32.630 28506 28541 D Evaluation: Frame 343 sent at 1573046372630
11-06 15:19:32.662 28506 28541 D Evaluation: Frame 344 sent at 1573046372662
11-06 15:19:32.695 28506 28541 D Evaluation: Frame 345 sent at 1573046372695
11-06 15:19:32.732 28506 28541 D Evaluation: Frame 346 sent at 1573046372732
11-06 15:19:32.772 28506 28541 W System.err: java.net.SocketException: Message too long
11-06 15:19:32.772 28506 28541 W System.err: 	at sun.nio.ch.DatagramChannelImpl.send0(Native Method)
11-06 15:19:32.772 28506 28541 W System.err: 	at sun.nio.ch.DatagramChannelImpl.sendFromNativeBuffer(DatagramChannelImpl.java:573)
11-06 15:19:32.772 28506 28541 W System.err: 	at sun.nio.ch.DatagramChannelImpl.send(DatagramChannelImpl.java:550)
11-06 15:19:32.773 28506 28541 W System.err: 	at sun.nio.ch.DatagramChannelImpl.send(DatagramChannelImpl.java:514)
11-06 15:19:32.773 28506 28541 W System.err: 	at symlab.CloudAR.network.TransmissionTask.run(TransmissionTask.java:124)
11-06 15:19:32.773 28506 28541 W System.err: 	at android.os.Handler.handleCallback(Handler.java:907)
11-06 15:19:32.773 28506 28541 W System.err: 	at android.os.Handler.dispatchMessage(Handler.java:105)
11-06 15:19:32.773 28506 28541 W System.err: 	at android.os.Looper.loop(Looper.java:216)
11-06 15:19:32.773 28506 28541 W System.err: 	at android.os.HandlerThread.run(HandlerThread.java:65)
11-06 15:19:32.854 28506 28541 D Evaluation: Frame 349 sent at 1573046372854
11-06 15:19:32.873 28506 28541 D Evaluation: Frame 349 sent at 1573046372873
11-06 15:19:32.905 28506 28541 D Evaluation: Frame 350 sent at 1573046372905
11-06 15:19:32.929 28506 28541 D Evaluation: Frame 351 sent at 1573046372929
11-06 15:19:32.972 28506 28541 D Evaluation: Frame 352 sent at 1573046372972
11-06 15:19:32.999 28506 28541 D Evaluation: Frame 353 sent at 1573046372999
11-06 15:19:33.040 28506 28541 D Evaluation: Frame 354 sent at 1573046373040
11-06 15:19:33.067 28506 28541 D Evaluation: Frame 355 sent at 1573046373067
11-06 15:19:33.110 28506 28541 D Evaluation: Frame 356 sent at 1573046373110
11-06 15:19:33.132 28506 28541 D Evaluation: Frame 357 sent at 1573046373132
11-06 15:19:33.175 28506 28518 E         : [ZeroHung]zrhung_get_config: Get config failed for wp[0x0008]
11-06 15:19:33.175 28506 28541 D Evaluation: Frame 358 sent at 1573046373175
11-06 15:19:33.205 28506 28541 D Evaluation: Frame 359 sent at 1573046373205
11-06 15:19:33.242 28506 28541 D Evaluation: Frame 360 sent at 1573046373242
11-06 15:19:33.266 28506 28541 D Evaluation: Frame 361 sent at 1573046373266
11-06 15:19:33.302 28506 28541 D Evaluation: Frame 362 sent at 1573046373302
11-06 15:19:33.333 28506 28541 D Evaluation: Frame 363 sent at 1573046373333
11-06 15:19:33.396 28506 28541 D Evaluation: Frame 365 sent at 1573046373396
11-06 15:19:33.416 28506 28541 D Evaluation: Frame 365 sent at 1573046373416
11-06 15:19:33.433 28506 28541 D Evaluation: Frame 366 sent at 1573046373433
11-06 15:19:33.465 28506 28541 D Evaluation: Frame 367 sent at 1573046373465
11-06 15:19:33.502 28506 28541 D Evaluation: Frame 368 sent at 1573046373502
11-06 15:19:33.534 28506 28541 D Evaluation: Frame 369 sent at 1573046373534
11-06 15:19:33.582 28506 28541 D Evaluation: Frame 370 sent at 1573046373582
11-06 15:19:33.604 28506 28541 D Evaluation: Frame 371 sent at 1573046373604
11-06 15:19:33.633 28506 28541 D Evaluation: Frame 372 sent at 1573046373633
11-06 15:19:33.680 28506 28541 D Evaluation: Frame 373 sent at 1573046373680
11-06 15:19:33.712 28506 28541 D Evaluation: Frame 374 sent at 1573046373712
11-06 15:19:33.745 28506 28541 D Evaluation: Frame 375 sent at 1573046373745
11-06 15:19:33.770 28506 28541 D Evaluation: Frame 376 sent at 1573046373770
11-06 15:19:33.804 28506 28541 D Evaluation: Frame 377 sent at 1573046373804
11-06 15:19:33.837 28506 28541 D Evaluation: Frame 378 sent at 1573046373837
11-06 15:19:33.881 28506 28541 D Evaluation: Frame 379 sent at 1573046373881
11-06 15:19:33.912 28506 28541 W System.err: java.net.SocketException: Message too long
11-06 15:19:33.912 28506 28541 W System.err: 	at sun.nio.ch.DatagramChannelImpl.send0(Native Method)
11-06 15:19:33.913 28506 28541 W System.err: 	at sun.nio.ch.DatagramChannelImpl.sendFromNativeBuffer(DatagramChannelImpl.java:573)
11-06 15:19:33.913 28506 28541 W System.err: 	at sun.nio.ch.DatagramChannelImpl.send(DatagramChannelImpl.java:550)
11-06 15:19:33.913 28506 28541 W System.err: 	at sun.nio.ch.DatagramChannelImpl.send(DatagramChannelImpl.java:514)
11-06 15:19:33.913 28506 28541 W System.err: 	at symlab.CloudAR.network.TransmissionTask.run(TransmissionTask.java:124)
11-06 15:19:33.913 28506 28541 W System.err: 	at android.os.Handler.handleCallback(Handler.java:907)
11-06 15:19:33.913 28506 28541 W System.err: 	at android.os.Handler.dispatchMessage(Handler.java:105)
11-06 15:19:33.913 28506 28541 W System.err: 	at android.os.Looper.loop(Looper.java:216)
11-06 15:19:33.913 28506 28541 W System.err: 	at android.os.HandlerThread.run(HandlerThread.java:65)
11-06 15:19:33.944 28506 28541 W System.err: java.net.SocketException: Message too long
11-06 15:19:33.944 28506 28541 W System.err: 	at sun.nio.ch.DatagramChannelImpl.send0(Native Method)
11-06 15:19:33.944 28506 28541 W System.err: 	at sun.nio.ch.DatagramChannelImpl.sendFromNativeBuffer(DatagramChannelImpl.java:573)
11-06 15:19:33.944 28506 28541 W System.err: 	at sun.nio.ch.DatagramChannelImpl.send(DatagramChannelImpl.java:550)
11-06 15:19:33.944 28506 28541 W System.err: 	at sun.nio.ch.DatagramChannelImpl.send(DatagramChannelImpl.java:514)
11-06 15:19:33.944 28506 28541 W System.err: 	at symlab.CloudAR.network.TransmissionTask.run(TransmissionTask.java:124)
11-06 15:19:33.944 28506 28541 W System.err: 	at android.os.Handler.handleCallback(Handler.java:907)
11-06 15:19:33.944 28506 28541 W System.err: 	at android.os.Handler.dispatchMessage(Handler.java:105)
11-06 15:19:33.945 28506 28541 W System.err: 	at android.os.Looper.loop(Looper.java:216)
11-06 15:19:33.945 28506 28541 W System.err: 	at android.os.HandlerThread.run(HandlerThread.java:65)
11-06 15:19:33.973 28506 28541 W System.err: java.net.SocketException: Message too long
11-06 15:19:33.973 28506 28541 W System.err: 	at sun.nio.ch.DatagramChannelImpl.send0(Native Method)
11-06 15:19:33.973 28506 28541 W System.err: 	at sun.nio.ch.DatagramChannelImpl.sendFromNativeBuffer(DatagramChannelImpl.java:573)
11-06 15:19:33.973 28506 28541 W System.err: 	at sun.nio.ch.DatagramChannelImpl.send(DatagramChannelImpl.java:550)
11-06 15:19:33.973 28506 28541 W System.err: 	at sun.nio.ch.DatagramChannelImpl.send(DatagramChannelImpl.java:514)
11-06 15:19:33.973 28506 28541 W System.err: 	at symlab.CloudAR.network.TransmissionTask.run(TransmissionTask.java:124)
11-06 15:19:33.973 28506 28541 W System.err: 	at android.os.Handler.handleCallback(Handler.java:907)
11-06 15:19:33.973 28506 28541 W System.err: 	at android.os.Handler.dispatchMessage(Handler.java:105)
11-06 15:19:33.973 28506 28541 W System.err: 	at android.os.Looper.loop(Looper.java:216)
11-06 15:19:33.973 28506 28541 W System.err: 	at android.os.HandlerThread.run(HandlerThread.java:65)
11-06 15:19:34.017 28506 28541 W System.err: java.net.SocketException: Message too long
11-06 15:19:34.017 28506 28541 W System.err: 	at sun.nio.ch.DatagramChannelImpl.send0(Native Method)
11-06 15:19:34.017 28506 28541 W System.err: 	at sun.nio.ch.DatagramChannelImpl.sendFromNativeBuffer(DatagramChannelImpl.java:573)
11-06 15:19:34.017 28506 28541 W System.err: 	at sun.nio.ch.DatagramChannelImpl.send(DatagramChannelImpl.java:550)
11-06 15:19:34.017 28506 28541 W System.err: 	at sun.nio.ch.DatagramChannelImpl.send(DatagramChannelImpl.java:514)
11-06 15:19:34.017 28506 28541 W System.err: 	at symlab.CloudAR.network.TransmissionTask.run(TransmissionTask.java:124)
11-06 15:19:34.017 28506 28541 W System.err: 	at android.os.Handler.handleCallback(Handler.java:907)
11-06 15:19:34.017 28506 28541 W System.err: 	at android.os.Handler.dispatchMessage(Handler.java:105)
11-06 15:19:34.017 28506 28541 W System.err: 	at android.os.Looper.loop(Looper.java:216)
11-06 15:19:34.017 28506 28541 W System.err: 	at android.os.HandlerThread.run(HandlerThread.java:65)
11-06 15:19:34.048 28506 28541 W System.err: java.net.SocketException: Message too long
11-06 15:19:34.048 28506 28541 W System.err: 	at sun.nio.ch.DatagramChannelImpl.send0(Native Method)
11-06 15:19:34.048 28506 28541 W System.err: 	at sun.nio.ch.DatagramChannelImpl.sendFromNativeBuffer(DatagramChannelImpl.java:573)
11-06 15:19:34.048 28506 28541 W System.err: 	at sun.nio.ch.DatagramChannelImpl.send(DatagramChannelImpl.java:550)
11-06 15:19:34.048 28506 28541 W System.err: 	at sun.nio.ch.DatagramChannelImpl.send(DatagramChannelImpl.java:514)
11-06 15:19:34.048 28506 28541 W System.err: 	at symlab.CloudAR.network.TransmissionTask.run(TransmissionTask.java:124)
11-06 15:19:34.048 28506 28541 W System.err: 	at android.os.Handler.handleCallback(Handler.java:907)
11-06 15:19:34.048 28506 28541 W System.err: 	at android.os.Handler.dispatchMessage(Handler.java:105)
11-06 15:19:34.048 28506 28541 W System.err: 	at android.os.Looper.loop(Looper.java:216)
11-06 15:19:34.048 28506 28541 W System.err: 	at android.os.HandlerThread.run(HandlerThread.java:65)
11-06 15:19:34.070 28506 28541 W System.err: java.net.SocketException: Message too long
11-06 15:19:34.070 28506 28541 W System.err: 	at sun.nio.ch.DatagramChannelImpl.send0(Native Method)
11-06 15:19:34.070 28506 28541 W System.err: 	at sun.nio.ch.DatagramChannelImpl.sendFromNativeBuffer(DatagramChannelImpl.java:573)
11-06 15:19:34.070 28506 28541 W System.err: 	at sun.nio.ch.DatagramChannelImpl.send(DatagramChannelImpl.java:550)
11-06 15:19:34.070 28506 28541 W System.err: 	at sun.nio.ch.DatagramChannelImpl.send(DatagramChannelImpl.java:514)
11-06 15:19:34.070 28506 28541 W System.err: 	at symlab.CloudAR.network.TransmissionTask.run(TransmissionTask.java:124)
11-06 15:19:34.070 28506 28541 W System.err: 	at android.os.Handler.handleCallback(Handler.java:907)
11-06 15:19:34.070 28506 28541 W System.err: 	at android.os.Handler.dispatchMessage(Handler.java:105)
11-06 15:19:34.070 28506 28541 W System.err: 	at android.os.Looper.loop(Looper.java:216)
11-06 15:19:34.070 28506 28541 W System.err: 	at android.os.HandlerThread.run(HandlerThread.java:65)
11-06 15:19:34.108 28506 28541 W System.err: java.net.SocketException: Message too long
11-06 15:19:34.108 28506 28541 W System.err: 	at sun.nio.ch.DatagramChannelImpl.send0(Native Method)
11-06 15:19:34.108 28506 28541 W System.err: 	at sun.nio.ch.DatagramChannelImpl.sendFromNativeBuffer(DatagramChannelImpl.java:573)
11-06 15:19:34.108 28506 28541 W System.err: 	at sun.nio.ch.DatagramChannelImpl.send(DatagramChannelImpl.java:550)
11-06 15:19:34.108 28506 28541 W System.err: 	at sun.nio.ch.DatagramChannelImpl.send(DatagramChannelImpl.java:514)
11-06 15:19:34.108 28506 28541 W System.err: 	at symlab.CloudAR.network.TransmissionTask.run(TransmissionTask.java:124)
11-06 15:19:34.108 28506 28541 W System.err: 	at android.os.Handler.handleCallback(Handler.java:907)
11-06 15:19:34.108 28506 28541 W System.err: 	at android.os.Handler.dispatchMessage(Handler.java:105)
11-06 15:19:34.108 28506 28541 W System.err: 	at android.os.Looper.loop(Looper.java:216)
11-06 15:19:34.108 28506 28541 W System.err: 	at android.os.HandlerThread.run(HandlerThread.java:65)
11-06 15:19:34.141 28506 28541 D Evaluation: Frame 387 sent at 1573046374141
11-06 15:19:34.174 28506 28541 W System.err: java.net.SocketException: Message too long
11-06 15:19:34.174 28506 28541 W System.err: 	at sun.nio.ch.DatagramChannelImpl.send0(Native Method)
11-06 15:19:34.174 28506 28541 W System.err: 	at sun.nio.ch.DatagramChannelImpl.sendFromNativeBuffer(DatagramChannelImpl.java:573)
11-06 15:19:34.174 28506 28541 W System.err: 	at sun.nio.ch.DatagramChannelImpl.send(DatagramChannelImpl.java:550)
11-06 15:19:34.174 28506 28541 W System.err: 	at sun.nio.ch.DatagramChannelImpl.send(DatagramChannelImpl.java:514)
11-06 15:19:34.174 28506 28541 W System.err: 	at symlab.CloudAR.network.TransmissionTask.run(TransmissionTask.java:124)
11-06 15:19:34.174 28506 28541 W System.err: 	at android.os.Handler.handleCallback(Handler.java:907)
11-06 15:19:34.174 28506 28541 W System.err: 	at android.os.Handler.dispatchMessage(Handler.java:105)
11-06 15:19:34.174 28506 28541 W System.err: 	at android.os.Looper.loop(Looper.java:216)
11-06 15:19:34.174 28506 28541 W System.err: 	at android.os.HandlerThread.run(HandlerThread.java:65)
11-06 15:19:34.215 28506 28541 D Evaluation: Frame 389 sent at 1573046374215
11-06 15:19:34.251 28506 28518 E         : [ZeroHung]zrhung_get_config: Get config failed for wp[0x0008]
11-06 15:19:34.251 28506 28541 D Evaluation: Frame 390 sent at 1573046374251
11-06 15:19:34.277 28506 28541 D Evaluation: Frame 391 sent at 1573046374277
11-06 15:19:34.313 28506 28541 D Evaluation: Frame 392 sent at 1573046374313
11-06 15:19:34.345 28506 28541 D Evaluation: Frame 393 sent at 1573046374345
11-06 15:19:34.383 28506 28541 D Evaluation: Frame 394 sent at 1573046374383
11-06 15:19:34.407 28506 28541 D Evaluation: Frame 395 sent at 1573046374407
11-06 15:19:34.452 28506 28541 D Evaluation: Frame 396 sent at 1573046374452
11-06 15:19:34.479 28506 28541 W System.err: java.net.SocketException: Message too long
11-06 15:19:34.479 28506 28541 W System.err: 	at sun.nio.ch.DatagramChannelImpl.send0(Native Method)
11-06 15:19:34.479 28506 28541 W System.err: 	at sun.nio.ch.DatagramChannelImpl.sendFromNativeBuffer(DatagramChannelImpl.java:573)
11-06 15:19:34.479 28506 28541 W System.err: 	at sun.nio.ch.DatagramChannelImpl.send(DatagramChannelImpl.java:550)
11-06 15:19:34.479 28506 28541 W System.err: 	at sun.nio.ch.DatagramChannelImpl.send(DatagramChannelImpl.java:514)
11-06 15:19:34.479 28506 28541 W System.err: 	at symlab.CloudAR.network.TransmissionTask.run(TransmissionTask.java:124)
11-06 15:19:34.479 28506 28541 W System.err: 	at android.os.Handler.handleCallback(Handler.java:907)
11-06 15:19:34.479 28506 28541 W System.err: 	at android.os.Handler.dispatchMessage(Handler.java:105)
11-06 15:19:34.479 28506 28541 W System.err: 	at android.os.Looper.loop(Looper.java:216)
11-06 15:19:34.479 28506 28541 W System.err: 	at android.os.HandlerThread.run(HandlerThread.java:65)
11-06 15:19:34.518 28506 28541 D Evaluation: Frame 398 sent at 1573046374518
11-06 15:19:34.542 28506 28541 D Evaluation: Frame 399 sent at 1573046374542
11-06 15:19:34.580 28506 28506 W HiTouch_PressGestureDetector: Touch pointer move a lot. The moving distance of X is:254.57605, limit is:60The moving distance of Y is:117.212036, limit is:60
11-06 15:19:34.589 28506 28541 D Evaluation: Frame 400 sent at 1573046374589
11-06 15:19:34.614 28506 28541 W System.err: java.net.SocketException: Message too long
11-06 15:19:34.614 28506 28541 W System.err: 	at sun.nio.ch.DatagramChannelImpl.send0(Native Method)
11-06 15:19:34.614 28506 28541 W System.err: 	at sun.nio.ch.DatagramChannelImpl.sendFromNativeBuffer(DatagramChannelImpl.java:573)
11-06 15:19:34.614 28506 28541 W System.err: 	at sun.nio.ch.DatagramChannelImpl.send(DatagramChannelImpl.java:550)
11-06 15:19:34.614 28506 28541 W System.err: 	at sun.nio.ch.DatagramChannelImpl.send(DatagramChannelImpl.java:514)
11-06 15:19:34.614 28506 28541 W System.err: 	at symlab.CloudAR.network.TransmissionTask.run(TransmissionTask.java:124)
11-06 15:19:34.614 28506 28541 W System.err: 	at android.os.Handler.handleCallback(Handler.java:907)
11-06 15:19:34.614 28506 28541 W System.err: 	at android.os.Handler.dispatchMessage(Handler.java:105)
11-06 15:19:34.614 28506 28541 W System.err: 	at android.os.Looper.loop(Looper.java:216)
11-06 15:19:34.614 28506 28541 W System.err: 	at android.os.HandlerThread.run(HandlerThread.java:65)
11-06 15:19:34.645 28506 28541 D Evaluation: Frame 402 sent at 1573046374645
11-06 15:19:34.676 28506 28541 D Evaluation: Frame 403 sent at 1573046374676
11-06 15:19:34.713 28506 28541 D Evaluation: Frame 404 sent at 1573046374713
11-06 15:19:34.755 28506 28541 W System.err: java.net.SocketException: Message too long
11-06 15:19:34.755 28506 28541 W System.err: 	at sun.nio.ch.DatagramChannelImpl.send0(Native Method)
11-06 15:19:34.755 28506 28541 W System.err: 	at sun.nio.ch.DatagramChannelImpl.sendFromNativeBuffer(DatagramChannelImpl.java:573)
11-06 15:19:34.755 28506 28541 W System.err: 	at sun.nio.ch.DatagramChannelImpl.send(DatagramChannelImpl.java:550)
11-06 15:19:34.755 28506 28541 W System.err: 	at sun.nio.ch.DatagramChannelImpl.send(DatagramChannelImpl.java:514)
11-06 15:19:34.755 28506 28541 W System.err: 	at symlab.CloudAR.network.TransmissionTask.run(TransmissionTask.java:124)
11-06 15:19:34.755 28506 28541 W System.err: 	at android.os.Handler.handleCallback(Handler.java:907)
11-06 15:19:34.755 28506 28541 W System.err: 	at android.os.Handler.dispatchMessage(Handler.java:105)
11-06 15:19:34.755 28506 28541 W System.err: 	at android.os.Looper.loop(Looper.java:216)
11-06 15:19:34.756 28506 28541 W System.err: 	at android.os.HandlerThread.run(HandlerThread.java:65)
11-06 15:19:34.779 28506 28541 D Evaluation: Frame 406 sent at 1573046374779
