--------- beginning of main
11-06 15:35:17.228 31664 31687 E AwareLog: AtomicFileUtils: readFileLines file not exist: android.util.AtomicFile@8149e79
11-06 15:35:17.233 31664 31664 D ZrHung.AppEyeUiProbe: notify runnable to start.
11-06 15:35:17.233 31664 31689 D ZrHung.AppEyeUiProbe: Runnable thread started.
11-06 15:35:17.233 31664 31689 D IMonitor: Load library imonitor_jni
11-06 15:35:17.238 31664 31664 I MultiDex: Installing application
11-06 15:35:17.238 31664 31664 I MultiDex: VM has multidex support, MultiDex support library is disabled.
11-06 15:35:17.239 31686 31686 W logcat  : type=1400 audit(0.0:23988): avc: granted { create } for name="logcat_1573047317220.txt" scontext=u:r:untrusted_app:s0:c149,c256,c512,c768 tcontext=u:object_r:sdcardfs:s0:c149,c256,c512,c768 tclass=file
11-06 15:35:17.241 31664 31689 E         : [ZeroHung]zrhung_get_config: Get config failed for wp[0x0102]
11-06 15:35:17.241 31664 31689 W ZrHung.AppEyeUiProbe: Failed to get config from zrhung
--------- beginning of system
11-06 15:35:17.241 31664 31664 V ActivityThread: callActivityOnCreate
11-06 15:35:17.241 31664 31664 I Poster  :  onCreate() called.
11-06 15:35:17.245 31664 31664 I HwApsImpl: APS: new HwApsImpl created
11-06 15:35:17.251 31664 31664 V HwWidgetFactory: : successes to get AllImpl object and return....
11-06 15:35:17.258 31664 31664 D OpenGLRenderer: Skia GL Pipeline
11-06 15:35:17.283 31664 31664 D Poster  : Server bound to IP 193.166.28.132 and port 52727
11-06 15:35:17.286 31664 31664 D ActivityThread: add activity client record, r= ActivityRecord{24fb417 token=android.os.BinderProxy@3a687be {symlab.cloudridar.arhud/symlab.ARHUD.MainActivity}} token= android.os.BinderProxy@3a687be
11-06 15:35:17.286 31664 31702 D Evaluation: metadata 0 sent 
11-06 15:35:17.288 31664 31664 I Poster  :  onStart() called.
11-06 15:35:17.288 31664 31664 D ZrHung.AppEyeUiProbe: notify runnable to start.
11-06 15:35:17.290 31664 31664 I Poster  :  onResume() called.
11-06 15:35:17.294 31664 31664 I PermissionManager: camera remind result:true
11-06 15:35:17.294 31664 31664 I Camera  : open camera: 0, package name: symlab.cloudridar.arhud
11-06 15:35:17.294 31664 31664 I BackgroundPermManager: pkgName: symlab.cloudridar.arhud,pid: 31664 ,uidOf3RdApk: 10149 ,permType: 0 ,permCfg: 1
11-06 15:35:17.295 31664 31664 I HwCameraUtil: notifySurfaceFlingerCameraStatus : isFront = false , isOpend = true
11-06 15:35:17.306 31664 31664 D ActivityThread: isOptEnabled=false isWechatScanOpt=false
11-06 15:35:17.309 31664 31664 I HwSecImmHelper: mSecurityInputMethodService is null
11-06 15:35:17.320 31664 31664 D OpenGLRenderer:   HWUI Binary is  enabled
11-06 15:35:17.335 31664 31720 D HiTouch_PressGestureDetector: onAttached, package=symlab.cloudridar.arhud, windowType=1, mHiTouchRestricted=false
11-06 15:35:17.346 31664 31719 I ConfigStore: android::hardware::configstore::V1_0::ISurfaceFlingerConfigs::hasWideColorDisplay retrieved: 0
11-06 15:35:17.346 31664 31719 I ConfigStore: android::hardware::configstore::V1_0::ISurfaceFlingerConfigs::hasHDRDisplay retrieved: 0
11-06 15:35:17.346 31664 31719 I iGraphics: [0020080c] pn: symlab.cloudridar.arhud, p: 31664
11-06 15:35:17.347 31664 31719 I OpenGLRenderer: Initialized EGL, version 1.4, mEglDisplay 0x1
11-06 15:35:17.347 31664 31719 D OpenGLRenderer: Swap behavior 2
11-06 15:35:17.357 31664 31719 D mali_winsys: EGLint new_window_surface(egl_winsys_display *, void *, EGLSurface, EGLConfig, egl_winsys_surface **, EGLBoolean) returns 0x3000
11-06 15:35:17.361 31664 31664 I Poster  :  surfaceCreated() called.
11-06 15:35:17.361 31664 31664 I Poster  : initPreview() called
11-06 15:35:17.366 31664 31664 I PermissionManager: camera remind result:true
11-06 15:35:17.371 31664 31664 I Poster  :  surfaceChanged() called.
11-06 15:35:17.394 31664 31664 W InputMethodManager: startInputReason = 1
11-06 15:35:17.419 31664 31664 W InputMethodManager: startInputReason = 5
11-06 15:35:17.666 31664 31702 D Evaluation: metadata 1 sent 
11-06 15:35:17.694 31664 31702 D Evaluation: metadata 2 sent 
11-06 15:35:17.757 31664 31702 D Evaluation: metadata 3 sent 
11-06 15:35:17.819 31664 31702 D Evaluation: metadata 4 sent 
11-06 15:35:17.877 31664 31702 D Evaluation: metadata 5 sent 
11-06 15:35:17.949 31664 31702 D Evaluation: Frame 6 sent at 1573047317949
11-06 15:35:18.005 31664 31702 D Evaluation: Frame 7 sent at 1573047318005
11-06 15:35:18.069 31664 31702 D Evaluation: Frame 8 sent at 1573047318069
11-06 15:35:18.070 31664 31702 D Evaluation: 0 res for frame 6 received at 1573047318070
11-06 15:35:18.130 31664 31702 D Evaluation: Frame 9 sent at 1573047318130
11-06 15:35:18.131 31664 31702 D Evaluation: 0 res for frame 7 received at 1573047318131
11-06 15:35:18.194 31664 31702 D Evaluation: Frame 10 sent at 1573047318194
11-06 15:35:18.195 31664 31702 D Evaluation: 0 res for frame 8 received at 1573047318195
11-06 15:35:18.248 31664 31702 D Evaluation: Frame 11 sent at 1573047318248
11-06 15:35:18.310 31664 31702 D Evaluation: Frame 12 sent at 1573047318310
11-06 15:35:18.311 31664 31702 D Evaluation: 0 res for frame 9 received at 1573047318311
11-06 15:35:18.365 31664 31702 D Evaluation: Frame 13 sent at 1573047318365
11-06 15:35:18.426 31664 31702 D Evaluation: Frame 14 sent at 1573047318426
11-06 15:35:18.489 31664 31702 D Evaluation: Frame 15 sent at 1573047318489
11-06 15:35:18.546 31664 31702 D Evaluation: Frame 16 sent at 1573047318546
11-06 15:35:18.547 31664 31702 D Evaluation: 0 res for frame 10 received at 1573047318547
11-06 15:35:18.617 31664 31702 D Evaluation: Frame 17 sent at 1573047318617
11-06 15:35:18.618 31664 31702 D Evaluation: 0 res for frame 11 received at 1573047318618
11-06 15:35:18.618 31664 31675 E         : [ZeroHung]zrhung_get_config: Get config failed for wp[0x0008]
11-06 15:35:18.629 31664 31664 D Poster  : At 1573047318629 location is 65.0583095676394 (latitude), and 25.469929142321398 (longitude)
11-06 15:35:18.633 31664 31664 D Poster  : Connected to mobile network 20
11-06 15:35:18.635 31664 31673 W System  : A resource failed to call close. 
11-06 15:35:18.636 31664 31673 I chatty  : uid=10149(symlab.cloudridar.arhud) FinalizerDaemon identical 10 lines
11-06 15:35:18.636 31664 31673 W System  : A resource failed to call close. 
11-06 15:35:18.680 31664 31702 D Evaluation: Frame 18 sent at 1573047318680
11-06 15:35:18.682 31664 31702 D Evaluation: 0 res for frame 12 received at 1573047318682
11-06 15:35:18.682 31664 31664 D stylus  : init stylus touchlistener.
11-06 15:35:18.686 31664 31664 W Settings: Setting device_provisioned has moved from android.provider.Settings.Secure to android.provider.Settings.Global.
11-06 15:35:18.686 31664 31664 V HiTouch_HiTouchSensor: User setup is finished.
11-06 15:35:18.711 31664 31664 W HiTouch_PressGestureDetector: Touch pointer move a lot. The moving distance of X is:31.942139, limit is:60The moving distance of Y is:99.410774, limit is:60
11-06 15:35:18.742 31664 31702 D Evaluation: Frame 19 sent at 1573047318742
11-06 15:35:18.744 31664 31702 D Evaluation: 0 res for frame 13 received at 1573047318744
11-06 15:35:18.807 31664 31702 D Evaluation: Frame 20 sent at 1573047318807
11-06 15:35:18.809 31664 31702 D Evaluation: 0 res for frame 14 received at 1573047318809
11-06 15:35:18.857 31664 31702 D Evaluation: Frame 21 sent at 1573047318857
11-06 15:35:18.859 31664 31702 D Evaluation: 0 res for frame 15 received at 1573047318859
11-06 15:35:18.918 31664 31702 D Evaluation: Frame 22 sent at 1573047318918
11-06 15:35:18.919 31664 31702 D Evaluation: 0 res for frame 16 received at 1573047318919
11-06 15:35:18.981 31664 31702 D Evaluation: Frame 23 sent at 1573047318981
11-06 15:35:18.983 31664 31702 D Evaluation: 0 res for frame 17 received at 1573047318983
11-06 15:35:19.104 31664 31702 D Evaluation: Frame 24 sent at 1573047319104
11-06 15:35:19.106 31664 31702 D Evaluation: 0 res for frame 18 received at 1573047319106
11-06 15:35:19.126 31664 31702 D Evaluation: Frame 25 sent at 1573047319126
11-06 15:35:19.128 31664 31702 D Evaluation: 0 res for frame 19 received at 1573047319128
11-06 15:35:19.156 31664 31702 D Evaluation: Frame 26 sent at 1573047319156
11-06 15:35:19.157 31664 31702 D Evaluation: 0 res for frame 20 received at 1573047319157
11-06 15:35:19.183 31664 31702 D Evaluation: Frame 27 sent at 1573047319183
11-06 15:35:19.184 31664 31702 D Evaluation: 0 res for frame 21 received at 1573047319184
11-06 15:35:19.223 31664 31702 D Evaluation: Frame 28 sent at 1573047319223
11-06 15:35:19.224 31664 31702 D Evaluation: 0 res for frame 22 received at 1573047319224
11-06 15:35:19.249 31664 31702 D Evaluation: Frame 29 sent at 1573047319248
11-06 15:35:19.250 31664 31702 D Evaluation: 0 res for frame 23 received at 1573047319250
11-06 15:35:19.290 31664 31702 D Evaluation: Frame 30 sent at 1573047319290
11-06 15:35:19.291 31664 31702 D Evaluation: 0 res for frame 24 received at 1573047319291
11-06 15:35:19.316 31664 31702 D Evaluation: Frame 31 sent at 1573047319316
11-06 15:35:19.317 31664 31702 D Evaluation: 0 res for frame 25 received at 1573047319317
11-06 15:35:19.404 31664 31702 D Evaluation: Frame 32 sent at 1573047319403
11-06 15:35:19.405 31664 31702 D Evaluation: 0 res for frame 26 received at 1573047319405
11-06 15:35:19.422 31664 31702 D Evaluation: Frame 33 sent at 1573047319422
11-06 15:35:19.448 31664 31702 D Evaluation: Frame 34 sent at 1573047319447
11-06 15:35:19.483 31664 31702 D Evaluation: Frame 35 sent at 1573047319483
11-06 15:35:19.484 31664 31702 D Evaluation: 0 res for frame 27 received at 1573047319484
11-06 15:35:19.512 31664 31702 D Evaluation: Frame 36 sent at 1573047319512
11-06 15:35:19.546 31664 31702 D Evaluation: Frame 37 sent at 1573047319546
11-06 15:35:19.577 31664 31702 D Evaluation: Frame 38 sent at 1573047319577
11-06 15:35:19.578 31664 31702 D Evaluation: 0 res for frame 28 received at 1573047319578
11-06 15:35:19.611 31664 31702 D Evaluation: Frame 39 sent at 1573047319611
11-06 15:35:19.612 31664 31664 D Poster  : At 1573047319612 location is 65.05825537254285 (latitude), and 25.469646162348234 (longitude)
11-06 15:35:19.613 31664 31664 D Poster  : Connected to mobile network 20
11-06 15:35:19.645 31664 31702 D Evaluation: Frame 40 sent at 1573047319645
11-06 15:35:19.646 31664 31702 D Evaluation: 0 res for frame 29 received at 1573047319646
11-06 15:35:19.692 31664 31702 D Evaluation: Frame 41 sent at 1573047319692
11-06 15:35:19.729 31664 31702 D Evaluation: Frame 42 sent at 1573047319729
11-06 15:35:19.730 31664 31702 D Evaluation: 0 res for frame 30 received at 1573047319730
11-06 15:35:19.764 31664 31702 D Evaluation: Frame 43 sent at 1573047319764
11-06 15:35:19.786 31664 31702 D Evaluation: Frame 44 sent at 1573047319786
11-06 15:35:19.816 31664 31702 D Evaluation: Frame 45 sent at 1573047319816
11-06 15:35:19.817 31664 31702 D Evaluation: 0 res for frame 31 received at 1573047319817
11-06 15:35:19.851 31664 31702 D Evaluation: Frame 46 sent at 1573047319851
11-06 15:35:19.886 31664 31702 D Evaluation: Frame 47 sent at 1573047319886
11-06 15:35:19.888 31664 31702 D Evaluation: 0 res for frame 32 received at 1573047319888
11-06 15:35:19.922 31664 31702 D Evaluation: Frame 48 sent at 1573047319922
11-06 15:35:19.962 31664 31702 D Evaluation: Frame 49 sent at 1573047319962
11-06 15:35:19.990 31664 31702 D Evaluation: Frame 50 sent at 1573047319990
11-06 15:35:20.030 31664 31702 D Evaluation: Frame 51 sent at 1573047320030
11-06 15:35:20.032 31664 31702 D Evaluation: 0 res for frame 33 received at 1573047320032
11-06 15:35:20.058 31664 31702 D Evaluation: Frame 52 sent at 1573047320058
11-06 15:35:20.099 31664 31702 D Evaluation: Frame 53 sent at 1573047320099
11-06 15:35:20.129 31664 31702 D Evaluation: Frame 54 sent at 1573047320129
11-06 15:35:20.158 31664 31702 D Evaluation: Frame 55 sent at 1573047320158
11-06 15:35:20.199 31664 31702 D Evaluation: Frame 56 sent at 1573047320199
11-06 15:35:20.236 31664 31702 D Evaluation: Frame 57 sent at 1573047320236
11-06 15:35:20.257 31664 31702 D Evaluation: Frame 58 sent at 1573047320257
11-06 15:35:20.294 31664 31702 D Evaluation: Frame 59 sent at 1573047320294
11-06 15:35:20.323 31664 31702 D Evaluation: Frame 60 sent at 1573047320323
11-06 15:35:20.366 31664 31702 D Evaluation: Frame 61 sent at 1573047320366
11-06 15:35:20.401 31664 31702 D Evaluation: Frame 62 sent at 1573047320401
11-06 15:35:20.426 31664 31702 D Evaluation: Frame 63 sent at 1573047320426
11-06 15:35:20.457 31664 31702 D Evaluation: Frame 64 sent at 1573047320457
11-06 15:35:20.498 31664 31702 D Evaluation: Frame 65 sent at 1573047320498
11-06 15:35:20.527 31664 31702 D Evaluation: Frame 66 sent at 1573047320527
11-06 15:35:20.562 31664 31702 D Evaluation: Frame 67 sent at 1573047320562
11-06 15:35:20.602 31664 31702 D Evaluation: Frame 68 sent at 1573047320602
11-06 15:35:20.631 31664 31664 D Poster  : At 1573047320631 location is 65.05815759723812 (latitude), and 25.4696289283244 (longitude)
11-06 15:35:20.632 31664 31702 D Evaluation: Frame 69 sent at 1573047320632
11-06 15:35:20.633 31664 31664 D Poster  : Connected to mobile network 20
11-06 15:35:20.669 31664 31702 D Evaluation: Frame 70 sent at 1573047320669
11-06 15:35:20.693 31664 31702 D Evaluation: Frame 71 sent at 1573047320693
11-06 15:35:20.736 31664 31702 D Evaluation: Frame 72 sent at 1573047320736
11-06 15:35:20.778 31664 31702 D Evaluation: Frame 73 sent at 1573047320778
11-06 15:35:20.805 31664 31702 D Evaluation: Frame 74 sent at 1573047320805
11-06 15:35:20.829 31664 31702 D Evaluation: Frame 75 sent at 1573047320829
11-06 15:35:20.871 31664 31702 D Evaluation: Frame 76 sent at 1573047320871
11-06 15:35:20.906 31664 31702 D Evaluation: Frame 77 sent at 1573047320906
11-06 15:35:20.939 31664 31702 D Evaluation: Frame 78 sent at 1573047320939
11-06 15:35:20.971 31664 31702 D Evaluation: Frame 79 sent at 1573047320971
11-06 15:35:21.005 31664 31702 D Evaluation: Frame 80 sent at 1573047321005
11-06 15:35:21.043 31664 31702 D Evaluation: Frame 81 sent at 1573047321042
11-06 15:35:21.071 31664 31702 D Evaluation: Frame 82 sent at 1573047321071
11-06 15:35:21.107 31664 31702 D Evaluation: Frame 83 sent at 1573047321107
11-06 15:35:21.138 31664 31702 D Evaluation: Frame 84 sent at 1573047321138
11-06 15:35:21.165 31664 31702 D Evaluation: Frame 85 sent at 1573047321165
11-06 15:35:21.207 31664 31702 D Evaluation: Frame 86 sent at 1573047321207
11-06 15:35:21.239 31664 31702 D Evaluation: Frame 87 sent at 1573047321239
11-06 15:35:21.272 31664 31675 E         : [ZeroHung]zrhung_get_config: Get config failed for wp[0x0008]
11-06 15:35:21.272 31664 31702 D Evaluation: Frame 88 sent at 1573047321272
11-06 15:35:21.287 31664 31673 W System  : A resource failed to call close. 
11-06 15:35:21.287 31664 31673 I chatty  : uid=10149(symlab.cloudridar.arhud) FinalizerDaemon identical 3 lines
11-06 15:35:21.287 31664 31673 W System  : A resource failed to call close. 
11-06 15:35:21.287 31664 31673 W System  : A resource failed to call close. 
11-06 15:35:21.287 31664 31673 I chatty  : uid=10149(symlab.cloudridar.arhud) FinalizerDaemon identical 5 lines
11-06 15:35:21.288 31664 31673 W System  : A resource failed to call close. 
11-06 15:35:21.288 31664 31673 W System  : A resource failed to call close. 
11-06 15:35:21.288 31664 31673 W System  : A resource failed to call close. 
11-06 15:35:21.288 31664 31673 W System  : A resource failed to call close. 
11-06 15:35:21.288 31664 31673 W System  : A resource failed to call close. 
11-06 15:35:21.288 31664 31673 I chatty  : uid=10149(symlab.cloudridar.arhud) FinalizerDaemon identical 3 lines
11-06 15:35:21.288 31664 31673 W System  : A resource failed to call close. 
11-06 15:35:21.288 31664 31673 W System  : A resource failed to call close. 
11-06 15:35:21.288 31664 31673 I chatty  : uid=10149(symlab.cloudridar.arhud) FinalizerDaemon identical 6 lines
11-06 15:35:21.288 31664 31673 W System  : A resource failed to call close. 
11-06 15:35:21.288 31664 31673 W System  : A resource failed to call close. 
11-06 15:35:21.289 31664 31673 I chatty  : uid=10149(symlab.cloudridar.arhud) FinalizerDaemon identical 2 lines
11-06 15:35:21.289 31664 31673 W System  : A resource failed to call close. 
11-06 15:35:21.289 31664 31673 W System  : A resource failed to call close. 
11-06 15:35:21.289 31664 31673 W System  : A resource failed to call close. 
11-06 15:35:21.289 31664 31673 I chatty  : uid=10149(symlab.cloudridar.arhud) FinalizerDaemon identical 9 lines
11-06 15:35:21.289 31664 31673 W System  : A resource failed to call close. 
11-06 15:35:21.295 31664 31664 D Poster  : At 1573047321295 location is 65.05810510937562 (latitude), and 25.469566279833643 (longitude)
11-06 15:35:21.299 31664 31664 D Poster  : Connected to mobile network 20
11-06 15:35:21.322 31664 31702 D Evaluation: Frame 89 sent at 1573047321322
11-06 15:35:21.337 31664 31702 D Evaluation: Frame 90 sent at 1573047321337
11-06 15:35:21.371 31664 31702 D Evaluation: Frame 91 sent at 1573047321371
11-06 15:35:21.400 31664 31702 D Evaluation: Frame 92 sent at 1573047321400
11-06 15:35:21.443 31664 31702 D Evaluation: Frame 93 sent at 1573047321443
11-06 15:35:21.465 31664 31702 D Evaluation: Frame 94 sent at 1573047321465
11-06 15:35:21.512 31664 31702 D Evaluation: Frame 95 sent at 1573047321512
11-06 15:35:21.546 31664 31702 D Evaluation: Frame 96 sent at 1573047321546
11-06 15:35:21.627 31664 31702 D Evaluation: Frame 97 sent at 1573047321627
11-06 15:35:21.645 31664 31702 D Evaluation: Frame 98 sent at 1573047321645
11-06 15:35:21.672 31664 31702 D Evaluation: Frame 99 sent at 1573047321672
11-06 15:35:21.703 31664 31702 D Evaluation: Frame 100 sent at 1573047321703
11-06 15:35:21.746 31664 31702 D Evaluation: Frame 101 sent at 1573047321746
11-06 15:35:21.781 31664 31702 D Evaluation: Frame 102 sent at 1573047321781
11-06 15:35:21.802 31664 31702 D Evaluation: Frame 103 sent at 1573047321802
11-06 15:35:21.838 31664 31702 D Evaluation: Frame 104 sent at 1573047321838
11-06 15:35:21.870 31664 31702 D Evaluation: Frame 105 sent at 1573047321870
11-06 15:35:21.918 31664 31702 D Evaluation: Frame 106 sent at 1573047321918
11-06 15:35:21.941 31664 31702 D Evaluation: Frame 107 sent at 1573047321941
11-06 15:35:21.969 31664 31702 D Evaluation: Frame 108 sent at 1573047321969
11-06 15:35:22.008 31664 31702 D Evaluation: Frame 109 sent at 1573047322008
11-06 15:35:22.041 31664 31702 D Evaluation: Frame 110 sent at 1573047322041
11-06 15:35:22.073 31664 31702 D Evaluation: Frame 111 sent at 1573047322073
11-06 15:35:22.114 31664 31702 D Evaluation: Frame 112 sent at 1573047322114
11-06 15:35:22.148 31664 31702 D Evaluation: Frame 113 sent at 1573047322148
11-06 15:35:22.176 31664 31702 D Evaluation: Frame 114 sent at 1573047322176
11-06 15:35:22.205 31664 31702 D Evaluation: Frame 115 sent at 1573047322205
11-06 15:35:22.225 31664 31664 I AwareBitmapCacher: init lrucache size: 2097152 pid=31664
11-06 15:35:22.238 31664 31702 D Evaluation: Frame 116 sent at 1573047322237
11-06 15:35:22.275 31664 31702 D Evaluation: Frame 117 sent at 1573047322275
11-06 15:35:22.277 31664 31664 D Poster  : At 1573047322277 location is 65.05795781983859 (latitude), and 25.469760051950946 (longitude)
11-06 15:35:22.279 31664 31664 D Poster  : Connected to mobile network 20
11-06 15:35:22.312 31664 31702 D Evaluation: Frame 118 sent at 1573047322312
11-06 15:35:22.350 31664 31702 D Evaluation: Frame 119 sent at 1573047322350
11-06 15:35:22.376 31664 31702 D Evaluation: Frame 120 sent at 1573047322376
11-06 15:35:22.415 31664 31702 D Evaluation: Frame 121 sent at 1573047322415
11-06 15:35:22.458 31664 31702 D Evaluation: Frame 122 sent at 1573047322458
11-06 15:35:22.483 31664 31702 D Evaluation: Frame 123 sent at 1573047322483
11-06 15:35:22.509 31664 31702 D Evaluation: Frame 124 sent at 1573047322509
11-06 15:35:22.554 31664 31702 D Evaluation: Frame 125 sent at 1573047322554
11-06 15:35:22.578 31664 31702 D Evaluation: Frame 126 sent at 1573047322578
11-06 15:35:22.618 31664 31702 D Evaluation: Frame 127 sent at 1573047322618
11-06 15:35:22.647 31664 31702 D Evaluation: Frame 128 sent at 1573047322647
11-06 15:35:22.687 31664 31702 D Evaluation: Frame 129 sent at 1573047322687
11-06 15:35:22.715 31664 31702 D Evaluation: Frame 130 sent at 1573047322715
11-06 15:35:22.755 31664 31702 D Evaluation: Frame 131 sent at 1573047322755
11-06 15:35:22.790 31664 31702 D Evaluation: Frame 132 sent at 1573047322790
11-06 15:35:22.819 31664 31702 D Evaluation: Frame 133 sent at 1573047322819
11-06 15:35:22.847 31664 31702 D Evaluation: Frame 134 sent at 1573047322847
11-06 15:35:22.888 31664 31702 D Evaluation: Frame 135 sent at 1573047322888
11-06 15:35:22.914 31664 31702 D Evaluation: Frame 136 sent at 1573047322914
11-06 15:35:22.959 31664 31702 D Evaluation: Frame 137 sent at 1573047322959
11-06 15:35:22.994 31664 31702 D Evaluation: Frame 138 sent at 1573047322994
11-06 15:35:23.019 31664 31702 D Evaluation: Frame 139 sent at 1573047323019
11-06 15:35:23.051 31664 31702 D Evaluation: Frame 140 sent at 1573047323051
11-06 15:35:23.084 31664 31702 D Evaluation: Frame 141 sent at 1573047323084
11-06 15:35:23.123 31664 31702 D Evaluation: Frame 142 sent at 1573047323123
11-06 15:35:23.156 31664 31702 D Evaluation: Frame 143 sent at 1573047323156
11-06 15:35:23.193 31664 31702 D Evaluation: Frame 144 sent at 1573047323193
11-06 15:35:23.283 31664 31664 D Poster  : At 1573047323283 location is 65.05800616061781 (latitude), and 25.469838312241418 (longitude)
11-06 15:35:23.285 31664 31664 D Poster  : Connected to mobile network 20
11-06 15:35:23.325 31664 31702 D Evaluation: Frame 146 sent at 1573047323325
11-06 15:35:23.344 31664 31702 D Evaluation: Frame 147 sent at 1573047323344
11-06 15:35:23.361 31664 31702 D Evaluation: Frame 147 sent at 1573047323361
11-06 15:35:23.396 31664 31702 D Evaluation: Frame 148 sent at 1573047323396
11-06 15:35:23.428 31664 31702 D Evaluation: Frame 149 sent at 1573047323428
11-06 15:35:23.466 31664 31702 D Evaluation: Frame 150 sent at 1573047323466
11-06 15:35:23.497 31664 31702 D Evaluation: Frame 151 sent at 1573047323497
11-06 15:35:23.568 31664 31702 D Evaluation: Frame 153 sent at 1573047323568
11-06 15:35:23.590 31664 31675 E         : [ZeroHung]zrhung_get_config: Get config failed for wp[0x0008]
11-06 15:35:23.591 31664 31702 D Evaluation: Frame 154 sent at 1573047323591
11-06 15:35:23.613 31664 31702 D Evaluation: Frame 155 sent at 1573047323613
11-06 15:35:23.630 31664 31702 D Evaluation: Frame 155 sent at 1573047323630
11-06 15:35:23.662 31664 31702 D Evaluation: Frame 156 sent at 1573047323662
11-06 15:35:23.691 31664 31702 D Evaluation: Frame 157 sent at 1573047323691
11-06 15:35:23.735 31664 31702 D Evaluation: Frame 158 sent at 1573047323734
11-06 15:35:23.769 31664 31702 D Evaluation: Frame 159 sent at 1573047323769
11-06 15:35:23.812 31664 31702 D Evaluation: Frame 160 sent at 1573047323812
11-06 15:35:23.845 31664 31702 D Evaluation: Frame 161 sent at 1573047323845
11-06 15:35:23.874 31664 31702 D Evaluation: Frame 162 sent at 1573047323874
11-06 15:35:23.908 31664 31702 D Evaluation: Frame 163 sent at 1573047323907
11-06 15:35:23.942 31664 31702 D Evaluation: Frame 164 sent at 1573047323942
11-06 15:35:23.967 31664 31702 D Evaluation: Frame 165 sent at 1573047323966
11-06 15:35:24.007 31664 31702 D Evaluation: Frame 166 sent at 1573047324007
11-06 15:35:24.035 31664 31702 D Evaluation: Frame 167 sent at 1573047324035
11-06 15:35:24.086 31664 31702 D Evaluation: Frame 168 sent at 1573047324086
11-06 15:35:24.111 31664 31702 D Evaluation: Frame 169 sent at 1573047324111
11-06 15:35:24.139 31664 31702 D Evaluation: Frame 170 sent at 1573047324139
11-06 15:35:24.182 31664 31702 D Evaluation: Frame 171 sent at 1573047324182
11-06 15:35:24.207 31664 31702 D Evaluation: Frame 172 sent at 1573047324207
11-06 15:35:24.244 31664 31702 D Evaluation: Frame 173 sent at 1573047324244
11-06 15:35:24.272 31664 31702 D Evaluation: Frame 174 sent at 1573047324272
11-06 15:35:24.287 31664 31664 D Poster  : At 1573047324287 location is 65.05801388541013 (latitude), and 25.469878066064854 (longitude)
11-06 15:35:24.289 31664 31664 D Poster  : Connected to mobile network 20
11-06 15:35:24.313 31664 31702 D Evaluation: Frame 175 sent at 1573047324313
11-06 15:35:24.349 31664 31702 D Evaluation: Frame 176 sent at 1573047324349
11-06 15:35:24.373 31664 31702 D Evaluation: Frame 177 sent at 1573047324373
11-06 15:35:24.424 31664 31702 D Evaluation: Frame 179 sent at 1573047324424
11-06 15:35:24.444 31664 31702 D Evaluation: Frame 179 sent at 1573047324444
11-06 15:35:24.469 31664 31702 D Evaluation: Frame 180 sent at 1573047324469
11-06 15:35:24.513 31664 31702 D Evaluation: Frame 181 sent at 1573047324513
11-06 15:35:24.540 31664 31702 D Evaluation: Frame 182 sent at 1573047324540
11-06 15:35:24.600 31664 31702 D Evaluation: Frame 184 sent at 1573047324600
11-06 15:35:24.625 31664 31702 D Evaluation: Frame 184 sent at 1573047324625
11-06 15:35:24.646 31664 31702 D Evaluation: Frame 185 sent at 1573047324646
11-06 15:35:24.681 31664 31702 D Evaluation: Frame 186 sent at 1573047324681
11-06 15:35:24.701 31664 31702 D Evaluation: Frame 187 sent at 1573047324701
11-06 15:35:24.744 31664 31702 D Evaluation: Frame 188 sent at 1573047324744
11-06 15:35:24.783 31664 31702 D Evaluation: Frame 189 sent at 1573047324783
11-06 15:35:24.817 31664 31702 D Evaluation: Frame 190 sent at 1573047324817
11-06 15:35:24.839 31664 31702 D Evaluation: Frame 191 sent at 1573047324839
11-06 15:35:24.890 31664 31702 D Evaluation: Frame 192 sent at 1573047324890
11-06 15:35:24.922 31664 31702 D Evaluation: Frame 193 sent at 1573047324922
11-06 15:35:24.995 31664 31702 D Evaluation: Frame 194 sent at 1573047324995
11-06 15:35:25.023 31664 31702 D Evaluation: Frame 195 sent at 1573047325023
11-06 15:35:25.049 31664 31702 D Evaluation: Frame 196 sent at 1573047325048
11-06 15:35:25.130 31664 31702 D Evaluation: Frame 198 sent at 1573047325130
11-06 15:35:25.153 31664 31702 D Evaluation: Frame 198 sent at 1573047325153
11-06 15:35:25.185 31664 31675 E         : [ZeroHung]zrhung_get_config: Get config failed for wp[0x0008]
11-06 15:35:25.186 31664 31702 D Evaluation: Frame 199 sent at 1573047325186
11-06 15:35:25.217 31664 31702 D Evaluation: Frame 200 sent at 1573047325217
11-06 15:35:25.249 31664 31702 D Evaluation: Frame 201 sent at 1573047325249
11-06 15:35:25.273 31664 31702 D Evaluation: Frame 202 sent at 1573047325273
11-06 15:35:25.287 31664 31664 D Poster  : At 1573047325287 location is 65.05806241400205 (latitude), and 25.46986542233366 (longitude)
11-06 15:35:25.290 31664 31664 D Poster  : Connected to mobile network 20
11-06 15:35:25.329 31664 31702 D Evaluation: Frame 204 sent at 1573047325329
11-06 15:35:25.348 31664 31702 D Evaluation: Frame 204 sent at 1573047325348
11-06 15:35:25.370 31664 31702 D Evaluation: Frame 205 sent at 1573047325370
11-06 15:35:25.426 31664 31702 D Evaluation: Frame 206 sent at 1573047325426
11-06 15:35:25.450 31664 31702 D Evaluation: Frame 207 sent at 1573047325450
11-06 15:35:25.490 31664 31702 D Evaluation: Frame 208 sent at 1573047325490
11-06 15:35:25.519 31664 31702 D Evaluation: Frame 209 sent at 1573047325519
11-06 15:35:25.553 31664 31702 D Evaluation: Frame 210 sent at 1573047325552
11-06 15:35:25.589 31664 31702 D Evaluation: Frame 211 sent at 1573047325589
11-06 15:35:25.628 31664 31702 D Evaluation: Frame 212 sent at 1573047325628
11-06 15:35:25.661 31664 31702 D Evaluation: Frame 213 sent at 1573047325661
11-06 15:35:25.689 31664 31702 D Evaluation: Frame 214 sent at 1573047325689
11-06 15:35:25.719 31664 31702 D Evaluation: Frame 215 sent at 1573047325719
11-06 15:35:25.756 31664 31702 D Evaluation: Frame 216 sent at 1573047325756
11-06 15:35:25.790 31664 31702 D Evaluation: Frame 217 sent at 1573047325789
11-06 15:35:25.821 31664 31702 D Evaluation: Frame 218 sent at 1573047325821
11-06 15:35:25.855 31664 31702 D Evaluation: Frame 219 sent at 1573047325855
11-06 15:35:25.890 31664 31702 D Evaluation: Frame 220 sent at 1573047325890
11-06 15:35:25.929 31664 31702 D Evaluation: Frame 221 sent at 1573047325929
11-06 15:35:25.959 31664 31702 D Evaluation: Frame 222 sent at 1573047325959
11-06 15:35:25.991 31664 31702 D Evaluation: Frame 223 sent at 1573047325991
11-06 15:35:26.022 31664 31702 D Evaluation: Frame 224 sent at 1573047326021
11-06 15:35:26.054 31664 31702 D Evaluation: Frame 225 sent at 1573047326054
11-06 15:35:26.088 31664 31702 D Evaluation: Frame 226 sent at 1573047326088
11-06 15:35:26.129 31664 31702 D Evaluation: Frame 227 sent at 1573047326129
11-06 15:35:26.155 31664 31702 D Evaluation: Frame 228 sent at 1573047326155
11-06 15:35:26.193 31664 31702 D Evaluation: Frame 229 sent at 1573047326193
11-06 15:35:26.228 31664 31702 D Evaluation: Frame 230 sent at 1573047326228
11-06 15:35:26.273 31664 31702 D Evaluation: Frame 231 sent at 1573047326273
11-06 15:35:26.286 31664 31664 D Poster  : At 1573047326285 location is 65.05806241400205 (latitude), and 25.46986542233366 (longitude)
11-06 15:35:26.289 31664 31664 D Poster  : Connected to mobile network 20
11-06 15:35:26.296 31664 31702 D Evaluation: Frame 232 sent at 1573047326296
11-06 15:35:26.319 31664 31702 D Evaluation: Frame 233 sent at 1573047326319
11-06 15:35:26.344 31664 31702 D Evaluation: Frame 234 sent at 1573047326344
11-06 15:35:26.385 31664 31702 D Evaluation: Frame 235 sent at 1573047326385
11-06 15:35:26.426 31664 31702 D Evaluation: Frame 236 sent at 1573047326426
11-06 15:35:26.465 31664 31702 D Evaluation: Frame 237 sent at 1573047326465
11-06 15:35:26.500 31664 31675 E         : [ZeroHung]zrhung_get_config: Get config failed for wp[0x0008]
11-06 15:35:26.500 31664 31702 D Evaluation: Frame 238 sent at 1573047326500
11-06 15:35:26.522 31664 31702 D Evaluation: Frame 239 sent at 1573047326522
11-06 15:35:26.555 31664 31702 D Evaluation: Frame 240 sent at 1573047326555
11-06 15:35:26.596 31664 31702 D Evaluation: Frame 241 sent at 1573047326596
11-06 15:35:26.632 31664 31702 D Evaluation: Frame 242 sent at 1573047326632
11-06 15:35:26.666 31664 31702 D Evaluation: Frame 243 sent at 1573047326666
11-06 15:35:26.700 31664 31702 D Evaluation: Frame 244 sent at 1573047326700
11-06 15:35:26.726 31664 31702 D Evaluation: Frame 245 sent at 1573047326726
11-06 15:35:26.812 31664 31702 D Evaluation: Frame 247 sent at 1573047326812
11-06 15:35:26.836 31664 31702 D Evaluation: Frame 247 sent at 1573047326836
11-06 15:35:26.874 31664 31702 D Evaluation: Frame 248 sent at 1573047326874
11-06 15:35:26.896 31664 31702 D Evaluation: Frame 249 sent at 1573047326896
11-06 15:35:26.931 31664 31702 D Evaluation: Frame 250 sent at 1573047326931
11-06 15:35:26.967 31664 31702 D Evaluation: Frame 251 sent at 1573047326967
11-06 15:35:27.000 31664 31702 D Evaluation: Frame 252 sent at 1573047327000
11-06 15:35:27.040 31664 31702 D Evaluation: Frame 254 sent at 1573047327040
11-06 15:35:27.057 31664 31702 D Evaluation: Frame 254 sent at 1573047327057
11-06 15:35:27.087 31664 31702 D Evaluation: Frame 255 sent at 1573047327087
11-06 15:35:27.126 31664 31702 D Evaluation: Frame 256 sent at 1573047327126
11-06 15:35:27.154 31664 31702 D Evaluation: Frame 257 sent at 1573047327154
11-06 15:35:27.215 31664 31702 D Evaluation: Frame 259 sent at 1573047327215
11-06 15:35:27.238 31664 31702 D Evaluation: Frame 259 sent at 1573047327238
11-06 15:35:27.268 31664 31702 D Evaluation: Frame 260 sent at 1573047327268
11-06 15:35:27.281 31664 31664 D Poster  : At 1573047327281 location is 65.05806241400205 (latitude), and 25.46986542233366 (longitude)
11-06 15:35:27.283 31664 31664 D Poster  : Connected to mobile network 20
11-06 15:35:27.314 31664 31702 D Evaluation: Frame 261 sent at 1573047327314
11-06 15:35:27.357 31664 31702 D Evaluation: Frame 262 sent at 1573047327357
11-06 15:35:27.386 31664 31702 D Evaluation: Frame 263 sent at 1573047327386
11-06 15:35:27.418 31664 31702 D Evaluation: Frame 264 sent at 1573047327418
11-06 15:35:27.458 31664 31702 D Evaluation: Frame 265 sent at 1573047327458
11-06 15:35:27.505 31664 31702 D Evaluation: Frame 266 sent at 1573047327504
11-06 15:35:27.531 31664 31702 D Evaluation: Frame 267 sent at 1573047327531
11-06 15:35:27.567 31664 31702 D Evaluation: Frame 268 sent at 1573047327567
11-06 15:35:27.597 31664 31702 D Evaluation: Frame 269 sent at 1573047327597
11-06 15:35:27.628 31664 31702 D Evaluation: Frame 270 sent at 1573047327628
11-06 15:35:27.661 31664 31702 D Evaluation: Frame 271 sent at 1573047327661
11-06 15:35:27.700 31664 31702 D Evaluation: Frame 272 sent at 1573047327700
11-06 15:35:27.734 31664 31702 D Evaluation: Frame 273 sent at 1573047327734
11-06 15:35:27.767 31664 31702 D Evaluation: Frame 274 sent at 1573047327767
11-06 15:35:27.789 31664 31702 D Evaluation: Frame 275 sent at 1573047327789
11-06 15:35:27.832 31664 31702 D Evaluation: Frame 276 sent at 1573047327832
11-06 15:35:27.855 31664 31702 D Evaluation: Frame 277 sent at 1573047327855
11-06 15:35:27.918 31664 31702 D Evaluation: Frame 278 sent at 1573047327918
11-06 15:35:27.944 31664 31702 D Evaluation: Frame 279 sent at 1573047327944
11-06 15:35:27.970 31664 31702 D Evaluation: Frame 280 sent at 1573047327970
11-06 15:35:28.009 31664 31675 E         : [ZeroHung]zrhung_get_config: Get config failed for wp[0x0008]
11-06 15:35:28.010 31664 31702 D Evaluation: Frame 282 sent at 1573047328009
11-06 15:35:28.030 31664 31702 D Evaluation: Frame 282 sent at 1573047328030
11-06 15:35:28.066 31664 31702 D Evaluation: Frame 283 sent at 1573047328066
11-06 15:35:28.112 31664 31702 D Evaluation: Frame 284 sent at 1573047328111
11-06 15:35:28.139 31664 31702 D Evaluation: Frame 285 sent at 1573047328139
11-06 15:35:28.168 31664 31702 D Evaluation: Frame 286 sent at 1573047328168
11-06 15:35:28.207 31664 31702 D Evaluation: Frame 287 sent at 1573047328207
11-06 15:35:28.245 31664 31702 D Evaluation: Frame 288 sent at 1573047328245
11-06 15:35:28.271 31664 31702 D Evaluation: Frame 289 sent at 1573047328271
11-06 15:35:28.313 31664 31664 D Poster  : At 1573047328313 location is 65.05806241400205 (latitude), and 25.46986542233366 (longitude)
11-06 15:35:28.315 31664 31664 D Poster  : Connected to mobile network 20
11-06 15:35:28.326 31664 31702 D Evaluation: Frame 291 sent at 1573047328326
11-06 15:35:28.348 31664 31702 D Evaluation: Frame 292 sent at 1573047328348
11-06 15:35:28.362 31664 31702 D Evaluation: Frame 292 sent at 1573047328362
11-06 15:35:28.393 31664 31702 D Evaluation: Frame 293 sent at 1573047328393
11-06 15:35:28.433 31664 31702 D Evaluation: Frame 294 sent at 1573047328433
11-06 15:35:28.444 31664 31664 W HiTouch_PressGestureDetector: Touch pointer move a lot. The moving distance of X is:35.403046, limit is:60The moving distance of Y is:101.302, limit is:60
11-06 15:35:28.473 31664 31702 D Evaluation: Frame 295 sent at 1573047328473
11-06 15:35:28.505 31664 31702 D Evaluation: Frame 296 sent at 1573047328505
11-06 15:35:28.529 31664 31702 D Evaluation: Frame 297 sent at 1573047328529
11-06 15:35:28.601 31664 31702 D Evaluation: Frame 298 sent at 1573047328601
11-06 15:35:28.623 31664 31702 D Evaluation: Frame 299 sent at 1573047328623
11-06 15:35:28.657 31664 31702 D Evaluation: Frame 300 sent at 1573047328657
11-06 15:35:28.694 31664 31702 D Evaluation: Frame 301 sent at 1573047328694
11-06 15:35:28.733 31664 31702 D Evaluation: Frame 302 sent at 1573047328733
11-06 15:35:28.761 31664 31702 D Evaluation: Frame 303 sent at 1573047328761
11-06 15:35:28.799 31664 31702 D Evaluation: Frame 304 sent at 1573047328799
11-06 15:35:28.824 31664 31702 D Evaluation: Frame 305 sent at 1573047328824
11-06 15:35:28.864 31664 31702 D Evaluation: Frame 306 sent at 1573047328864
11-06 15:35:28.892 31664 31702 D Evaluation: Frame 307 sent at 1573047328892
11-06 15:35:28.927 31664 31702 D Evaluation: Frame 308 sent at 1573047328927
11-06 15:35:28.958 31664 31702 D Evaluation: Frame 309 sent at 1573047328958
11-06 15:35:29.004 31664 31702 D Evaluation: Frame 310 sent at 1573047329004
11-06 15:35:29.032 31664 31702 D Evaluation: Frame 311 sent at 1573047329032
11-06 15:35:29.062 31664 31702 D Evaluation: Frame 312 sent at 1573047329062
11-06 15:35:29.092 31664 31702 D Evaluation: Frame 313 sent at 1573047329092
11-06 15:35:29.128 31664 31702 D Evaluation: Frame 314 sent at 1573047329128
11-06 15:35:29.161 31664 31702 D Evaluation: Frame 315 sent at 1573047329161
11-06 15:35:29.203 31664 31702 D Evaluation: Frame 316 sent at 1573047329203
11-06 15:35:29.236 31664 31702 D Evaluation: Frame 317 sent at 1573047329235
11-06 15:35:29.270 31664 31702 D Evaluation: Frame 318 sent at 1573047329270
11-06 15:35:29.296 31664 31702 D Evaluation: Frame 319 sent at 1573047329296
11-06 15:35:29.297 31664 31664 D Poster  : At 1573047329297 location is 65.05805351114682 (latitude), and 25.46985654514856 (longitude)
11-06 15:35:29.299 31664 31664 D Poster  : Connected to mobile network 20
11-06 15:35:29.325 31664 31702 D Evaluation: Frame 320 sent at 1573047329325
11-06 15:35:29.361 31664 31702 D Evaluation: Frame 321 sent at 1573047329361
11-06 15:35:29.395 31664 31702 D Evaluation: Frame 322 sent at 1573047329395
11-06 15:35:29.428 31664 31702 D Evaluation: Frame 323 sent at 1573047329428
11-06 15:35:29.472 31664 31702 D Evaluation: Frame 324 sent at 1573047329472
11-06 15:35:29.503 31664 31675 E         : [ZeroHung]zrhung_get_config: Get config failed for wp[0x0008]
11-06 15:35:29.503 31664 31702 D Evaluation: Frame 325 sent at 1573047329503
11-06 15:35:29.529 31664 31702 D Evaluation: Frame 326 sent at 1573047329529
11-06 15:35:29.583 31664 31702 D Evaluation: Frame 327 sent at 1573047329582
11-06 15:35:29.596 31664 31702 D Evaluation: Frame 328 sent at 1573047329596
11-06 15:35:29.630 31664 31702 D Evaluation: Frame 329 sent at 1573047329630
11-06 15:35:29.665 31664 31702 D Evaluation: Frame 330 sent at 1573047329665
11-06 15:35:29.705 31664 31702 D Evaluation: Frame 331 sent at 1573047329705
11-06 15:35:29.733 31664 31702 D Evaluation: Frame 332 sent at 1573047329733
11-06 15:35:29.773 31664 31702 D Evaluation: Frame 333 sent at 1573047329773
11-06 15:35:29.802 31664 31702 D Evaluation: Frame 334 sent at 1573047329802
11-06 15:35:29.834 31664 31702 D Evaluation: Frame 335 sent at 1573047329834
11-06 15:35:29.868 31664 31702 D Evaluation: Frame 336 sent at 1573047329868
11-06 15:35:29.906 31664 31702 D Evaluation: Frame 337 sent at 1573047329906
11-06 15:35:29.935 31664 31702 D Evaluation: Frame 338 sent at 1573047329935
11-06 15:35:29.974 31664 31702 D Evaluation: Frame 339 sent at 1573047329974
11-06 15:35:30.006 31664 31702 D Evaluation: Frame 340 sent at 1573047330006
11-06 15:35:30.040 31664 31702 D Evaluation: Frame 341 sent at 1573047330040
11-06 15:35:30.067 31664 31702 D Evaluation: Frame 342 sent at 1573047330067
11-06 15:35:30.122 31664 31702 D Evaluation: Frame 343 sent at 1573047330122
11-06 15:35:30.145 31664 31702 D Evaluation: Frame 344 sent at 1573047330145
11-06 15:35:30.166 31664 31702 D Evaluation: Frame 345 sent at 1573047330166
11-06 15:35:30.210 31664 31702 D Evaluation: Frame 346 sent at 1573047330210
11-06 15:35:30.246 31664 31702 D Evaluation: Frame 347 sent at 1573047330246
11-06 15:35:30.274 31664 31702 D Evaluation: Frame 348 sent at 1573047330274
11-06 15:35:30.307 31664 31664 D Poster  : At 1573047330307 location is 65.05804625795862 (latitude), and 25.46985669038268 (longitude)
11-06 15:35:30.309 31664 31664 D Poster  : Connected to mobile network 20
11-06 15:35:30.315 31664 31702 D Evaluation: Frame 349 sent at 1573047330315
11-06 15:35:30.345 31664 31702 D Evaluation: Frame 350 sent at 1573047330345
11-06 15:35:30.368 31664 31702 D Evaluation: Frame 351 sent at 1573047330368
11-06 15:35:30.404 31664 31702 D Evaluation: Frame 352 sent at 1573047330404
11-06 15:35:30.435 31664 31702 D Evaluation: Frame 353 sent at 1573047330435
11-06 15:35:30.472 31664 31702 D Evaluation: Frame 354 sent at 1573047330472
11-06 15:35:30.513 31664 31702 D Evaluation: Frame 355 sent at 1573047330513
11-06 15:35:30.549 31664 31702 D Evaluation: Frame 356 sent at 1573047330549
11-06 15:35:30.581 31664 31702 D Evaluation: Frame 357 sent at 1573047330581
11-06 15:35:30.611 31664 31702 D Evaluation: Frame 358 sent at 1573047330611
11-06 15:35:30.650 31664 31702 D Evaluation: Frame 359 sent at 1573047330650
11-06 15:35:30.687 31664 31702 D Evaluation: Frame 360 sent at 1573047330687
11-06 15:35:30.707 31664 31702 D Evaluation: Frame 361 sent at 1573047330707
11-06 15:35:30.740 31664 31702 D Evaluation: Frame 362 sent at 1573047330740
11-06 15:35:30.772 31664 31702 D Evaluation: Frame 363 sent at 1573047330772
11-06 15:35:30.806 31664 31702 D Evaluation: Frame 364 sent at 1573047330806
11-06 15:35:30.841 31664 31675 E         : [ZeroHung]zrhung_get_config: Get config failed for wp[0x0008]
11-06 15:35:30.842 31664 31702 D Evaluation: Frame 365 sent at 1573047330842
11-06 15:35:30.881 31664 31702 D Evaluation: Frame 366 sent at 1573047330881
11-06 15:35:30.929 31664 31702 D Evaluation: Frame 367 sent at 1573047330929
11-06 15:35:30.950 31664 31702 D Evaluation: Frame 368 sent at 1573047330950
11-06 15:35:30.982 31664 31702 D Evaluation: Frame 369 sent at 1573047330982
11-06 15:35:31.008 31664 31702 D Evaluation: Frame 370 sent at 1573047331008
11-06 15:35:31.042 31664 31702 D Evaluation: Frame 371 sent at 1573047331042
11-06 15:35:31.075 31664 31702 D Evaluation: Frame 372 sent at 1573047331075
11-06 15:35:31.116 31664 31702 D Evaluation: Frame 373 sent at 1573047331116
11-06 15:35:31.148 31664 31702 D Evaluation: Frame 374 sent at 1573047331148
11-06 15:35:31.175 31664 31702 D Evaluation: Frame 375 sent at 1573047331175
11-06 15:35:31.209 31664 31702 D Evaluation: Frame 376 sent at 1573047331209
11-06 15:35:31.243 31664 31702 D Evaluation: Frame 377 sent at 1573047331243
11-06 15:35:31.276 31664 31702 D Evaluation: Frame 378 sent at 1573047331276
11-06 15:35:31.306 31664 31664 D Poster  : At 1573047331306 location is 65.05803569867638 (latitude), and 25.46984911554764 (longitude)
11-06 15:35:31.308 31664 31664 D Poster  : Connected to mobile network 20
11-06 15:35:31.313 31664 31702 D Evaluation: Frame 379 sent at 1573047331313
11-06 15:35:31.344 31664 31702 D Evaluation: Frame 380 sent at 1573047331344
11-06 15:35:31.375 31664 31702 D Evaluation: Frame 381 sent at 1573047331375
11-06 15:35:31.411 31664 31702 D Evaluation: Frame 382 sent at 1573047331411
11-06 15:35:31.460 31664 31702 D Evaluation: Frame 383 sent at 1573047331460
11-06 15:35:31.491 31664 31702 D Evaluation: Frame 384 sent at 1573047331491
11-06 15:35:31.514 31664 31702 D Evaluation: Frame 385 sent at 1573047331514
11-06 15:35:31.552 31664 31702 D Evaluation: Frame 386 sent at 1573047331552
11-06 15:35:31.623 31664 31702 D Evaluation: Frame 387 sent at 1573047331623
11-06 15:35:31.653 31664 31702 D Evaluation: Frame 388 sent at 1573047331653
11-06 15:35:31.684 31664 31702 D Evaluation: Frame 389 sent at 1573047331684
11-06 15:35:31.718 31664 31702 D Evaluation: Frame 390 sent at 1573047331717
11-06 15:35:31.748 31664 31702 D Evaluation: Frame 391 sent at 1573047331748
11-06 15:35:31.784 31664 31702 D Evaluation: Frame 392 sent at 1573047331784
11-06 15:35:31.814 31664 31702 D Evaluation: Frame 393 sent at 1573047331814
11-06 15:35:31.853 31664 31702 D Evaluation: Frame 394 sent at 1573047331853
11-06 15:35:31.885 31664 31702 D Evaluation: Frame 395 sent at 1573047331885
11-06 15:35:31.915 31664 31702 D Evaluation: Frame 396 sent at 1573047331915
11-06 15:35:31.950 31664 31702 D Evaluation: Frame 397 sent at 1573047331950
11-06 15:35:31.988 31664 31702 D Evaluation: Frame 398 sent at 1573047331988
11-06 15:35:32.027 31664 31702 D Evaluation: Frame 399 sent at 1573047332027
11-06 15:35:32.049 31664 31702 D Evaluation: Frame 400 sent at 1573047332049
11-06 15:35:32.083 31664 31702 D Evaluation: Frame 401 sent at 1573047332083
11-06 15:35:32.116 31664 31702 D Evaluation: Frame 402 sent at 1573047332116
11-06 15:35:32.158 31664 31702 D Evaluation: Frame 403 sent at 1573047332158
11-06 15:35:32.183 31664 31702 D Evaluation: Frame 404 sent at 1573047332183
11-06 15:35:32.227 31664 31702 D Evaluation: Frame 405 sent at 1573047332227
11-06 15:35:32.259 31664 31702 D Evaluation: Frame 406 sent at 1573047332259
11-06 15:35:32.288 31664 31664 D Poster  : At 1573047332288 location is 65.05803560304494 (latitude), and 25.46985897653157 (longitude)
11-06 15:35:32.289 31664 31664 D Poster  : Connected to mobile network 20
11-06 15:35:32.294 31664 31702 D Evaluation: Frame 407 sent at 1573047332294
11-06 15:35:32.322 31664 31702 D Evaluation: Frame 408 sent at 1573047332322
11-06 15:35:32.360 31664 31702 D Evaluation: Frame 409 sent at 1573047332360
11-06 15:35:32.386 31664 31675 E         : [ZeroHung]zrhung_get_config: Get config failed for wp[0x0008]
11-06 15:35:32.386 31664 31702 D Evaluation: Frame 410 sent at 1573047332386
11-06 15:35:32.418 31664 31702 D Evaluation: Frame 411 sent at 1573047332418
11-06 15:35:32.459 31664 31702 D Evaluation: Frame 412 sent at 1573047332459
11-06 15:35:32.494 31664 31702 D Evaluation: Frame 413 sent at 1573047332494
11-06 15:35:32.535 31664 31702 D Evaluation: Frame 414 sent at 1573047332534
11-06 15:35:32.556 31664 31702 D Evaluation: Frame 415 sent at 1573047332556
11-06 15:35:32.595 31664 31702 D Evaluation: Frame 416 sent at 1573047332595
11-06 15:35:32.623 31664 31702 D Evaluation: Frame 417 sent at 1573047332623
11-06 15:35:32.661 31664 31702 D Evaluation: Frame 418 sent at 1573047332660
11-06 15:35:32.693 31664 31702 D Evaluation: Frame 419 sent at 1573047332693
11-06 15:35:32.720 31664 31702 D Evaluation: Frame 420 sent at 1573047332720
11-06 15:35:32.753 31664 31702 D Evaluation: Frame 421 sent at 1573047332753
11-06 15:35:32.791 31664 31702 D Evaluation: Frame 422 sent at 1573047332791
11-06 15:35:32.847 31664 31702 D Evaluation: Frame 423 sent at 1573047332846
11-06 15:35:32.907 31664 31702 D Evaluation: Frame 424 sent at 1573047332907
11-06 15:35:32.941 31664 31702 D Evaluation: Frame 425 sent at 1573047332941
11-06 15:35:33.009 31664 31702 D Evaluation: Frame 426 sent at 1573047333009
11-06 15:35:33.053 31664 31702 D Evaluation: Frame 427 sent at 1573047333053
11-06 15:35:33.082 31664 31702 D Evaluation: Frame 428 sent at 1573047333082
11-06 15:35:33.103 31664 31702 D Evaluation: Frame 429 sent at 1573047333103
11-06 15:35:33.140 31664 31702 D Evaluation: Frame 430 sent at 1573047333140
11-06 15:35:33.171 31664 31702 D Evaluation: Frame 431 sent at 1573047333171
11-06 15:35:33.219 31664 31702 D Evaluation: Frame 432 sent at 1573047333218
11-06 15:35:33.255 31664 31702 D Evaluation: Frame 433 sent at 1573047333255
11-06 15:35:33.298 31664 31702 D Evaluation: Frame 435 sent at 1573047333298
11-06 15:35:33.305 31664 31664 D Poster  : At 1573047333305 location is 65.05801277435752 (latitude), and 25.46983983096724 (longitude)
11-06 15:35:33.314 31664 31664 D Poster  : Connected to mobile network 20
11-06 15:35:33.322 31664 31702 D Evaluation: Frame 436 sent at 1573047333322
11-06 15:35:33.341 31664 31702 D Evaluation: Frame 436 sent at 1573047333341
11-06 15:35:33.367 31664 31702 D Evaluation: Frame 437 sent at 1573047333367
11-06 15:35:33.444 31664 31702 D Evaluation: Frame 438 sent at 1573047333444
11-06 15:35:33.482 31664 31702 D Evaluation: Frame 439 sent at 1573047333482
11-06 15:35:33.511 31664 31702 D Evaluation: Frame 440 sent at 1573047333511
11-06 15:35:33.553 31664 31702 D Evaluation: Frame 441 sent at 1573047333553
11-06 15:35:33.587 31664 31702 D Evaluation: Frame 442 sent at 1573047333587
11-06 15:35:33.616 31664 31702 D Evaluation: Frame 443 sent at 1573047333616
11-06 15:35:33.658 31664 31702 D Evaluation: Frame 444 sent at 1573047333658
11-06 15:35:33.692 31664 31702 D Evaluation: Frame 445 sent at 1573047333691
11-06 15:35:33.721 31664 31702 D Evaluation: Frame 446 sent at 1573047333721
11-06 15:35:33.746 31664 31675 E         : [ZeroHung]zrhung_get_config: Get config failed for wp[0x0008]
11-06 15:35:33.747 31664 31702 D Evaluation: Frame 447 sent at 1573047333746
11-06 15:35:33.775 31664 31702 D Evaluation: Frame 448 sent at 1573047333775
11-06 15:35:33.821 31664 31702 D Evaluation: Frame 449 sent at 1573047333821
11-06 15:35:33.847 31664 31702 D Evaluation: Frame 450 sent at 1573047333847
11-06 15:35:33.890 31664 31702 D Evaluation: Frame 451 sent at 1573047333890
11-06 15:35:33.920 31664 31702 D Evaluation: Frame 452 sent at 1573047333920
11-06 15:35:33.939 31664 31702 D Evaluation: Frame 453 sent at 1573047333939
11-06 15:35:33.975 31664 31702 D Evaluation: Frame 454 sent at 1573047333975
11-06 15:35:34.017 31664 31702 D Evaluation: Frame 455 sent at 1573047334017
11-06 15:35:34.061 31664 31702 D Evaluation: Frame 456 sent at 1573047334061
11-06 15:35:34.094 31664 31702 D Evaluation: Frame 457 sent at 1573047334094
11-06 15:35:34.128 31664 31702 D Evaluation: Frame 458 sent at 1573047334128
11-06 15:35:34.149 31664 31702 D Evaluation: Frame 459 sent at 1573047334149
11-06 15:35:34.185 31664 31702 D Evaluation: Frame 460 sent at 1573047334185
11-06 15:35:34.229 31664 31702 D Evaluation: Frame 462 sent at 1573047334229
11-06 15:35:34.248 31664 31702 D Evaluation: Frame 462 sent at 1573047334248
11-06 15:35:34.279 31664 31702 D Evaluation: Frame 463 sent at 1573047334279
11-06 15:35:34.288 31664 31664 D Poster  : At 1573047334288 location is 65.05796394122912 (latitude), and 25.469831832934826 (longitude)
11-06 15:35:34.291 31664 31664 D Poster  : Connected to mobile network 20
11-06 15:35:34.318 31664 31702 D Evaluation: Frame 464 sent at 1573047334318
11-06 15:35:34.339 31664 31702 D Evaluation: Frame 465 sent at 1573047334339
11-06 15:35:34.371 31664 31702 D Evaluation: Frame 466 sent at 1573047334371
11-06 15:35:34.416 31664 31702 D Evaluation: Frame 467 sent at 1573047334416
11-06 15:35:34.451 31664 31702 D Evaluation: Frame 468 sent at 1573047334451
11-06 15:35:34.494 31664 31702 D Evaluation: Frame 469 sent at 1573047334494
