11-05 11:26:45.470  6514  6549 D Evaluation: Frame 1332 sent at 1572946005470
11-05 11:26:45.505  6514  6549 D Evaluation: Frame 1333 sent at 1572946005505
11-05 11:26:45.563  6514  6549 D Evaluation: Frame 1335 sent at 1572946005563
11-05 11:26:45.584  6514  6549 D Evaluation: Frame 1335 sent at 1572946005584
11-05 11:26:45.617  6514  6549 D Evaluation: Frame 1336 sent at 1572946005617
11-05 11:26:45.655  6514  6549 D Evaluation: Frame 1337 sent at 1572946005655
11-05 11:26:45.685  6514  6549 D Evaluation: Frame 1338 sent at 1572946005685
11-05 11:26:45.722  6514  6549 D Evaluation: Frame 1339 sent at 1572946005722
11-05 11:26:45.750  6514  6549 D Evaluation: Frame 1340 sent at 1572946005750
11-05 11:26:45.777  6514  6549 D Evaluation: Frame 1341 sent at 1572946005777
11-05 11:26:45.807  6514  6549 W System.err: java.net.SocketException: Message too long
11-05 11:26:45.807  6514  6549 W System.err: 	at sun.nio.ch.DatagramChannelImpl.send0(Native Method)
11-05 11:26:45.808  6514  6549 W System.err: 	at sun.nio.ch.DatagramChannelImpl.sendFromNativeBuffer(DatagramChannelImpl.java:573)
11-05 11:26:45.808  6514  6549 W System.err: 	at sun.nio.ch.DatagramChannelImpl.send(DatagramChannelImpl.java:550)
11-05 11:26:45.808  6514  6549 W System.err: 	at sun.nio.ch.DatagramChannelImpl.send(DatagramChannelImpl.java:514)
11-05 11:26:45.808  6514  6549 W System.err: 	at symlab.CloudAR.network.TransmissionTask.run(TransmissionTask.java:124)
11-05 11:26:45.808  6514  6549 W System.err: 	at android.os.Handler.handleCallback(Handler.java:907)
11-05 11:26:45.808  6514  6549 W System.err: 	at android.os.Handler.dispatchMessage(Handler.java:105)
11-05 11:26:45.808  6514  6549 W System.err: 	at android.os.Looper.loop(Looper.java:216)
11-05 11:26:45.808  6514  6549 W System.err: 	at android.os.HandlerThread.run(HandlerThread.java:65)
11-05 11:26:45.846  6514  6549 D Evaluation: Frame 1343 sent at 1572946005846
11-05 11:26:45.891  6514  6549 D Evaluation: Frame 1344 sent at 1572946005891
11-05 11:26:45.910  6514  6514 D Poster  : At 1572946005910 location is 65.05766842248738 (latitude), and 25.468917275754915 (longitude)
11-05 11:26:45.923  6514  6549 D Evaluation: Frame 1345 sent at 1572946005923
11-05 11:26:45.942  6514  6549 D Evaluation: Frame 1346 sent at 1572946005942
11-05 11:26:45.971  6514  6549 D Evaluation: Frame 1347 sent at 1572946005971
11-05 11:26:46.022  6514  6549 D Evaluation: Frame 1348 sent at 1572946006022
11-05 11:26:46.056  6514  6549 D Evaluation: Frame 1349 sent at 1572946006056
11-05 11:26:46.086  6514  6549 D Evaluation: Frame 1350 sent at 1572946006086
11-05 11:26:46.122  6514  6549 D Evaluation: Frame 1351 sent at 1572946006122
11-05 11:26:46.124  6514  6525 E         : [ZeroHung]zrhung_get_config: Get config failed for wp[0x0008]
11-05 11:26:46.155  6514  6549 D Evaluation: Frame 1352 sent at 1572946006155
11-05 11:26:46.189  6514  6549 D Evaluation: Frame 1353 sent at 1572946006189
11-05 11:26:46.219  6514  6549 D Evaluation: Frame 1354 sent at 1572946006219
11-05 11:26:46.250  6514  6549 D Evaluation: Frame 1355 sent at 1572946006250
11-05 11:26:46.304  6514  6549 D Evaluation: Frame 1357 sent at 1572946006304
11-05 11:26:46.324  6514  6549 D Evaluation: Frame 1357 sent at 1572946006324
11-05 11:26:46.351  6514  6549 D Evaluation: Frame 1358 sent at 1572946006351
11-05 11:26:46.378  6514  6549 D Evaluation: Frame 1359 sent at 1572946006378
11-05 11:26:46.418  6514  6549 D Evaluation: Frame 1360 sent at 1572946006418
11-05 11:26:46.442  6514  6549 D Evaluation: Frame 1361 sent at 1572946006442
11-05 11:26:46.499  6514  6549 D Evaluation: Frame 1363 sent at 1572946006499
11-05 11:26:46.524  6514  6549 D Evaluation: Frame 1363 sent at 1572946006524
11-05 11:26:46.602  6514  6549 D Evaluation: Frame 1364 sent at 1572946006602
11-05 11:26:46.681  6514  6549 D Evaluation: Frame 1366 sent at 1572946006681
11-05 11:26:46.707  6514  6549 D Evaluation: Frame 1367 sent at 1572946006707
11-05 11:26:46.730  6514  6549 D Evaluation: Frame 1367 sent at 1572946006730
11-05 11:26:46.762  6514  6549 D Evaluation: Frame 1368 sent at 1572946006762
11-05 11:26:46.788  6514  6549 D Evaluation: Frame 1369 sent at 1572946006788
11-05 11:26:46.828  6514  6549 D Evaluation: Frame 1370 sent at 1572946006828
11-05 11:26:46.859  6514  6549 D Evaluation: Frame 1371 sent at 1572946006859
11-05 11:26:46.896  6514  6549 D Evaluation: Frame 1372 sent at 1572946006896
11-05 11:26:46.910  6514  6514 D Poster  : At 1572946006910 location is 65.05766839381823 (latitude), and 25.468917664565403 (longitude)
11-05 11:26:46.932  6514  6549 D Evaluation: Frame 1373 sent at 1572946006932
11-05 11:26:46.953  6514  6549 D Evaluation: Frame 1374 sent at 1572946006953
11-05 11:26:46.977  6514  6549 D Evaluation: Frame 1375 sent at 1572946006977
11-05 11:26:47.013  6514  6549 D Evaluation: Frame 1376 sent at 1572946007013
11-05 11:26:47.056  6514  6549 D Evaluation: Frame 1377 sent at 1572946007056
11-05 11:26:47.104  6514  6549 W System.err: java.net.SocketException: Message too long
11-05 11:26:47.104  6514  6549 W System.err: 	at sun.nio.ch.DatagramChannelImpl.send0(Native Method)
11-05 11:26:47.104  6514  6549 W System.err: 	at sun.nio.ch.DatagramChannelImpl.sendFromNativeBuffer(DatagramChannelImpl.java:573)
11-05 11:26:47.104  6514  6549 W System.err: 	at sun.nio.ch.DatagramChannelImpl.send(DatagramChannelImpl.java:550)
11-05 11:26:47.104  6514  6549 W System.err: 	at sun.nio.ch.DatagramChannelImpl.send(DatagramChannelImpl.java:514)
11-05 11:26:47.104  6514  6549 W System.err: 	at symlab.CloudAR.network.TransmissionTask.run(TransmissionTask.java:124)
11-05 11:26:47.104  6514  6549 W System.err: 	at android.os.Handler.handleCallback(Handler.java:907)
11-05 11:26:47.104  6514  6549 W System.err: 	at android.os.Handler.dispatchMessage(Handler.java:105)
11-05 11:26:47.104  6514  6549 W System.err: 	at android.os.Looper.loop(Looper.java:216)
11-05 11:26:47.104  6514  6549 W System.err: 	at android.os.HandlerThread.run(HandlerThread.java:65)
11-05 11:26:47.134  6514  6549 D Evaluation: Frame 1380 sent at 1572946007134
11-05 11:26:47.152  6514  6549 D Evaluation: Frame 1380 sent at 1572946007152
11-05 11:26:47.189  6514  6549 D Evaluation: Frame 1381 sent at 1572946007189
11-05 11:26:47.233  6514  6549 D Evaluation: Frame 1382 sent at 1572946007233
11-05 11:26:47.253  6514  6549 D Evaluation: Frame 1383 sent at 1572946007253
11-05 11:26:47.291  6514  6549 D Evaluation: Frame 1384 sent at 1572946007291
11-05 11:26:47.323  6514  6549 D Evaluation: Frame 1385 sent at 1572946007323
11-05 11:26:47.361  6514  6549 D Evaluation: Frame 1386 sent at 1572946007361
11-05 11:26:47.430  6514  6549 D Evaluation: Frame 1387 sent at 1572946007430
11-05 11:26:47.461  6514  6549 D Evaluation: Frame 1388 sent at 1572946007461
11-05 11:26:47.499  6514  6549 D Evaluation: Frame 1389 sent at 1572946007499
11-05 11:26:47.524  6514  6549 D Evaluation: Frame 1390 sent at 1572946007524
11-05 11:26:47.562  6514  6549 D Evaluation: Frame 1391 sent at 1572946007562
11-05 11:26:47.614  6514  6549 D Evaluation: Frame 1392 sent at 1572946007614
11-05 11:26:47.639  6514  6549 D Evaluation: Frame 1393 sent at 1572946007639
11-05 11:26:47.663  6514  6549 D Evaluation: Frame 1394 sent at 1572946007663
11-05 11:26:47.698  6514  6549 D Evaluation: Frame 1395 sent at 1572946007698
11-05 11:26:47.734  6514  6549 D Evaluation: Frame 1396 sent at 1572946007734
11-05 11:26:47.770  6514  6549 D Evaluation: Frame 1397 sent at 1572946007770
11-05 11:26:47.800  6514  6549 D Evaluation: Frame 1398 sent at 1572946007800
11-05 11:26:47.827  6514  6549 D Evaluation: Frame 1399 sent at 1572946007827
11-05 11:26:47.861  6514  6549 D Evaluation: Frame 1400 sent at 1572946007861
11-05 11:26:47.895  6514  6549 D Evaluation: Frame 1401 sent at 1572946007895
11-05 11:26:47.899  6514  6514 D Poster  : At 1572946007899 location is 65.05767059303659 (latitude), and 25.468904266137585 (longitude)
11-05 11:26:47.939  6514  6549 D Evaluation: Frame 1402 sent at 1572946007939
11-05 11:26:47.964  6514  6549 D Evaluation: Frame 1403 sent at 1572946007964
11-05 11:26:47.994  6514  6525 E         : [ZeroHung]zrhung_get_config: Get config failed for wp[0x0008]
11-05 11:26:47.994  6514  6549 D Evaluation: Frame 1404 sent at 1572946007994
11-05 11:26:48.032  6514  6549 D Evaluation: Frame 1405 sent at 1572946008032
11-05 11:26:48.054  6514  6549 D Evaluation: Frame 1406 sent at 1572946008054
11-05 11:26:48.111  6514  6549 D Evaluation: Frame 1407 sent at 1572946008111
11-05 11:26:48.145  6514  6549 D Evaluation: Frame 1408 sent at 1572946008145
11-05 11:26:48.170  6514  6549 D Evaluation: Frame 1409 sent at 1572946008170
11-05 11:26:48.206  6514  6549 D Evaluation: Frame 1411 sent at 1572946008206
11-05 11:26:48.228  6514  6549 D Evaluation: Frame 1411 sent at 1572946008228
11-05 11:26:48.262  6514  6549 D Evaluation: Frame 1412 sent at 1572946008262
11-05 11:26:48.299  6514  6549 D Evaluation: Frame 1413 sent at 1572946008299
11-05 11:26:48.346  6514  6549 D Evaluation: Frame 1414 sent at 1572946008346
11-05 11:26:48.375  6514  6549 D Evaluation: Frame 1415 sent at 1572946008375
11-05 11:26:48.401  6514  6549 D Evaluation: Frame 1416 sent at 1572946008400
11-05 11:26:48.444  6514  6549 D Evaluation: Frame 1417 sent at 1572946008444
11-05 11:26:48.503  6514  6549 D Evaluation: Frame 1418 sent at 1572946008503
11-05 11:26:48.543  6514  6549 D Evaluation: Frame 1419 sent at 1572946008543
11-05 11:26:48.584  6514  6549 D Evaluation: Frame 1420 sent at 1572946008584
11-05 11:26:48.610  6514  6549 D Evaluation: Frame 1421 sent at 1572946008610
11-05 11:26:48.643  6514  6549 D Evaluation: Frame 1422 sent at 1572946008643
11-05 11:26:48.680  6514  6549 D Evaluation: Frame 1423 sent at 1572946008680
11-05 11:26:48.703  6514  6549 D Evaluation: Frame 1424 sent at 1572946008703
11-05 11:26:48.741  6514  6549 D Evaluation: Frame 1425 sent at 1572946008741
11-05 11:26:48.777  6514  6549 D Evaluation: Frame 1426 sent at 1572946008777
11-05 11:26:48.805  6514  6514 W HiTouch_PressGestureDetector: Touch pointer move a lot. The moving distance of X is:14.843872, limit is:60The moving distance of Y is:73.55827, limit is:60
11-05 11:26:48.814  6514  6549 D Evaluation: Frame 1427 sent at 1572946008814
11-05 11:26:48.833  6514  6549 D Evaluation: Frame 1428 sent at 1572946008833
11-05 11:26:48.860  6514  6549 D Evaluation: Frame 1429 sent at 1572946008860
11-05 11:26:48.898  6514  6549 D Evaluation: Frame 1430 sent at 1572946008898
11-05 11:26:48.908  6514  6514 D Poster  : At 1572946008908 location is 65.05768032965327 (latitude), and 25.4689236294008 (longitude)
11-05 11:26:48.938  6514  6549 D Evaluation: Frame 1432 sent at 1572946008938
11-05 11:26:48.955  6514  6549 D Evaluation: Frame 1432 sent at 1572946008955
11-05 11:26:48.987  6514  6549 D Evaluation: Frame 1433 sent at 1572946008987
11-05 11:26:49.024  6514  6549 D Evaluation: Frame 1434 sent at 1572946009024
11-05 11:26:49.059  6514  6549 D Evaluation: Frame 1435 sent at 1572946009059
11-05 11:26:49.090  6514  6549 D Evaluation: Frame 1436 sent at 1572946009090
11-05 11:26:49.129  6514  6549 D Evaluation: Frame 1437 sent at 1572946009129
11-05 11:26:49.165  6514  6549 D Evaluation: Frame 1438 sent at 1572946009165
11-05 11:26:49.193  6514  6549 D Evaluation: Frame 1439 sent at 1572946009193
11-05 11:26:49.224  6514  6549 D Evaluation: Frame 1440 sent at 1572946009224
11-05 11:26:49.262  6514  6549 D Evaluation: Frame 1441 sent at 1572946009262
11-05 11:26:49.293  6514  6549 D Evaluation: Frame 1442 sent at 1572946009293
11-05 11:26:49.333  6514  6549 D Evaluation: Frame 1443 sent at 1572946009333
11-05 11:26:49.368  6514  6549 D Evaluation: Frame 1444 sent at 1572946009368
11-05 11:26:49.396  6514  6549 D Evaluation: Frame 1445 sent at 1572946009396
11-05 11:26:49.454  6514  6549 D Evaluation: Frame 1446 sent at 1572946009454
11-05 11:26:49.471  6514  6549 D Evaluation: Frame 1447 sent at 1572946009471
11-05 11:26:49.495  6514  6549 D Evaluation: Frame 1448 sent at 1572946009495
11-05 11:26:49.526  6514  6549 D Evaluation: Frame 1449 sent at 1572946009526
11-05 11:26:49.564  6514  6525 E         : [ZeroHung]zrhung_get_config: Get config failed for wp[0x0008]
11-05 11:26:49.565  6514  6549 D Evaluation: Frame 1450 sent at 1572946009565
11-05 11:26:49.597  6514  6549 D Evaluation: Frame 1451 sent at 1572946009597
11-05 11:26:49.624  6514  6549 D Evaluation: Frame 1452 sent at 1572946009624
11-05 11:26:49.664  6514  6549 D Evaluation: Frame 1453 sent at 1572946009664
11-05 11:26:49.696  6514  6549 D Evaluation: Frame 1454 sent at 1572946009696
11-05 11:26:49.742  6514  6549 D Evaluation: Frame 1455 sent at 1572946009742
11-05 11:26:49.772  6514  6549 D Evaluation: Frame 1456 sent at 1572946009772
11-05 11:26:49.797  6514  6549 D Evaluation: Frame 1457 sent at 1572946009797
11-05 11:26:49.829  6514  6549 D Evaluation: Frame 1458 sent at 1572946009829
11-05 11:26:49.864  6514  6549 D Evaluation: Frame 1459 sent at 1572946009864
11-05 11:26:49.906  6514  6549 D Evaluation: Frame 1460 sent at 1572946009906
11-05 11:26:49.911  6514  6514 D Poster  : At 1572946009911 location is 65.05768371176343 (latitude), and 25.468974334714616 (longitude)
11-05 11:26:49.948  6514  6549 D Evaluation: Frame 1461 sent at 1572946009948
11-05 11:26:49.969  6514  6549 D Evaluation: Frame 1462 sent at 1572946009969
11-05 11:26:50.008  6514  6549 D Evaluation: Frame 1463 sent at 1572946010008
11-05 11:26:50.032  6514  6549 D Evaluation: Frame 1464 sent at 1572946010032
11-05 11:26:50.068  6514  6549 D Evaluation: Frame 1465 sent at 1572946010067
11-05 11:26:50.109  6514  6549 D Evaluation: Frame 1466 sent at 1572946010109
11-05 11:26:50.133  6514  6549 D Evaluation: Frame 1467 sent at 1572946010133
11-05 11:26:50.164  6514  6549 D Evaluation: Frame 1468 sent at 1572946010164
11-05 11:26:50.200  6514  6549 D Evaluation: Frame 1469 sent at 1572946010200
11-05 11:26:50.236  6514  6549 D Evaluation: Frame 1470 sent at 1572946010236
11-05 11:26:50.271  6514  6549 D Evaluation: Frame 1471 sent at 1572946010271
11-05 11:26:50.308  6514  6549 D Evaluation: Frame 1472 sent at 1572946010308
11-05 11:26:50.335  6514  6549 D Evaluation: Frame 1473 sent at 1572946010335
11-05 11:26:50.373  6514  6549 D Evaluation: Frame 1474 sent at 1572946010373
11-05 11:26:50.401  6514  6549 D Evaluation: Frame 1475 sent at 1572946010401
11-05 11:26:50.446  6514  6549 D Evaluation: Frame 1476 sent at 1572946010446
11-05 11:26:50.475  6514  6549 D Evaluation: Frame 1477 sent at 1572946010475
11-05 11:26:50.500  6514  6549 D Evaluation: Frame 1478 sent at 1572946010500
11-05 11:26:50.556  6514  6549 D Evaluation: Frame 1479 sent at 1572946010556
11-05 11:26:50.576  6514  6549 W System.err: java.net.SocketException: Message too long
11-05 11:26:50.577  6514  6549 W System.err: 	at sun.nio.ch.DatagramChannelImpl.send0(Native Method)
11-05 11:26:50.577  6514  6549 W System.err: 	at sun.nio.ch.DatagramChannelImpl.sendFromNativeBuffer(DatagramChannelImpl.java:573)
11-05 11:26:50.577  6514  6549 W System.err: 	at sun.nio.ch.DatagramChannelImpl.send(DatagramChannelImpl.java:550)
11-05 11:26:50.577  6514  6549 W System.err: 	at sun.nio.ch.DatagramChannelImpl.send(DatagramChannelImpl.java:514)
11-05 11:26:50.577  6514  6549 W System.err: 	at symlab.CloudAR.network.TransmissionTask.run(TransmissionTask.java:124)
11-05 11:26:50.577  6514  6549 W System.err: 	at android.os.Handler.handleCallback(Handler.java:907)
11-05 11:26:50.577  6514  6549 W System.err: 	at android.os.Handler.dispatchMessage(Handler.java:105)
11-05 11:26:50.577  6514  6549 W System.err: 	at android.os.Looper.loop(Looper.java:216)
11-05 11:26:50.577  6514  6549 W System.err: 	at android.os.HandlerThread.run(HandlerThread.java:65)
11-05 11:26:50.601  6514  6549 D Evaluation: Frame 1481 sent at 1572946010601
11-05 11:26:50.650  6514  6549 D Evaluation: Frame 1482 sent at 1572946010650
11-05 11:26:50.670  6514  6549 D Evaluation: Frame 1483 sent at 1572946010670
11-05 11:26:50.709  6514  6525 E         : [ZeroHung]zrhung_get_config: Get config failed for wp[0x0008]
11-05 11:26:50.710  6514  6549 D Evaluation: Frame 1484 sent at 1572946010710
11-05 11:26:50.738  6514  6549 D Evaluation: Frame 1485 sent at 1572946010738
11-05 11:26:50.779  6514  6549 D Evaluation: Frame 1486 sent at 1572946010779
11-05 11:26:50.806  6514  6549 D Evaluation: Frame 1487 sent at 1572946010806
11-05 11:26:50.882  6514  6549 D Evaluation: Frame 1488 sent at 1572946010882
11-05 11:26:50.908  6514  6514 D Poster  : At 1572946010908 location is 65.05769447189736 (latitude), and 25.46898467191404 (longitude)
11-05 11:26:50.950  6514  6549 D Evaluation: Frame 1489 sent at 1572946010950
11-05 11:26:50.970  6514  6549 D Evaluation: Frame 1490 sent at 1572946010970
11-05 11:26:51.004  6514  6549 D Evaluation: Frame 1491 sent at 1572946011004
11-05 11:26:51.042  6514  6549 D Evaluation: Frame 1492 sent at 1572946011042
11-05 11:26:51.092  6514  6549 D Evaluation: Frame 1493 sent at 1572946011092
11-05 11:26:51.113  6514  6549 D Evaluation: Frame 1494 sent at 1572946011113
11-05 11:26:51.136  6514  6549 D Evaluation: Frame 1495 sent at 1572946011136
11-05 11:26:51.172  6514  6549 D Evaluation: Frame 1496 sent at 1572946011172
11-05 11:26:51.207  6514  6549 D Evaluation: Frame 1497 sent at 1572946011207
11-05 11:26:51.246  6514  6549 D Evaluation: Frame 1498 sent at 1572946011246
11-05 11:26:51.280  6514  6549 D Evaluation: Frame 1499 sent at 1572946011280
11-05 11:26:51.318  6514  6549 D Evaluation: Frame 1500 sent at 1572946011318
11-05 11:26:51.355  6514  6549 D Evaluation: Frame 1501 sent at 1572946011355
11-05 11:26:51.395  6514  6549 D Evaluation: Frame 1502 sent at 1572946011395
11-05 11:26:51.424  6514  6549 D Evaluation: Frame 1503 sent at 1572946011424
11-05 11:26:51.462  6514  6549 D Evaluation: Frame 1504 sent at 1572946011462
11-05 11:26:51.494  6514  6549 D Evaluation: Frame 1505 sent at 1572946011494
11-05 11:26:51.523  6514  6549 D Evaluation: Frame 1506 sent at 1572946011523
11-05 11:26:51.549  6514  6549 D Evaluation: Frame 1507 sent at 1572946011549
11-05 11:26:51.597  6514  6549 D Evaluation: Frame 1508 sent at 1572946011597
11-05 11:26:51.629  6514  6549 D Evaluation: Frame 1509 sent at 1572946011629
11-05 11:26:51.653  6514  6549 D Evaluation: Frame 1510 sent at 1572946011653
11-05 11:26:51.686  6514  6549 D Evaluation: Frame 1511 sent at 1572946011686
11-05 11:26:51.728  6514  6549 D Evaluation: Frame 1512 sent at 1572946011727
11-05 11:26:51.759  6514  6549 D Evaluation: Frame 1513 sent at 1572946011759
11-05 11:26:51.798  6514  6549 D Evaluation: Frame 1514 sent at 1572946011798
11-05 11:26:51.838  6514  6549 D Evaluation: Frame 1516 sent at 1572946011838
11-05 11:26:51.857  6514  6549 D Evaluation: Frame 1516 sent at 1572946011857
11-05 11:26:51.908  6514  6514 D Poster  : At 1572946011907 location is 65.05770113487878 (latitude), and 25.469014409670805 (longitude)
11-05 11:26:51.955  6514  6549 D Evaluation: Frame 1517 sent at 1572946011955
11-05 11:26:51.993  6514  6525 E         : [ZeroHung]zrhung_get_config: Get config failed for wp[0x0008]
11-05 11:26:51.993  6514  6549 D Evaluation: Frame 1518 sent at 1572946011993
11-05 11:26:52.030  6514  6549 D Evaluation: Frame 1519 sent at 1572946012029
11-05 11:26:52.054  6514  6549 D Evaluation: Frame 1520 sent at 1572946012054
11-05 11:26:52.151  6514  6549 D Evaluation: Frame 1522 sent at 1572946012151
11-05 11:26:52.168  6514  6549 D Evaluation: Frame 1522 sent at 1572946012168
11-05 11:26:52.230  6514  6549 D Evaluation: Frame 1523 sent at 1572946012230
11-05 11:26:52.271  6514  6549 D Evaluation: Frame 1524 sent at 1572946012271
11-05 11:26:52.307  6514  6549 D Evaluation: Frame 1525 sent at 1572946012307
11-05 11:26:52.340  6514  6549 D Evaluation: Frame 1526 sent at 1572946012340
11-05 11:26:52.373  6514  6549 D Evaluation: Frame 1527 sent at 1572946012373
11-05 11:26:52.408  6514  6549 D Evaluation: Frame 1528 sent at 1572946012408
11-05 11:26:52.439  6514  6549 D Evaluation: Frame 1529 sent at 1572946012438
11-05 11:26:52.476  6514  6549 D Evaluation: Frame 1531 sent at 1572946012476
11-05 11:26:52.496  6514  6549 D Evaluation: Frame 1531 sent at 1572946012496
11-05 11:26:52.527  6514  6549 D Evaluation: Frame 1532 sent at 1572946012527
11-05 11:26:52.566  6514  6549 D Evaluation: Frame 1533 sent at 1572946012566
11-05 11:26:52.607  6514  6549 D Evaluation: Frame 1534 sent at 1572946012607
11-05 11:26:52.640  6514  6549 D Evaluation: Frame 1535 sent at 1572946012640
11-05 11:26:52.682  6514  6549 D Evaluation: Frame 1536 sent at 1572946012682
11-05 11:26:52.713  6514  6549 D Evaluation: Frame 1537 sent at 1572946012713
11-05 11:26:52.747  6514  6549 D Evaluation: Frame 1538 sent at 1572946012747
11-05 11:26:52.776  6514  6549 D Evaluation: Frame 1539 sent at 1572946012776
11-05 11:26:52.804  6514  6549 D Evaluation: Frame 1540 sent at 1572946012804
11-05 11:26:52.843  6514  6549 D Evaluation: Frame 1541 sent at 1572946012843
11-05 11:26:52.873  6514  6549 D Evaluation: Frame 1542 sent at 1572946012873
11-05 11:26:52.905  6514  6549 D Evaluation: Frame 1543 sent at 1572946012905
11-05 11:26:52.919  6514  6514 D Poster  : At 1572946012919 location is 65.05771277478564 (latitude), and 25.469025026811817 (longitude)
11-05 11:26:52.945  6514  6549 D Evaluation: Frame 1544 sent at 1572946012945
11-05 11:26:52.969  6514  6549 D Evaluation: Frame 1545 sent at 1572946012969
11-05 11:26:53.003  6514  6549 D Evaluation: Frame 1546 sent at 1572946013003
11-05 11:26:53.036  6514  6549 D Evaluation: Frame 1547 sent at 1572946013036
11-05 11:26:53.077  6514  6549 D Evaluation: Frame 1548 sent at 1572946013077
11-05 11:26:53.108  6514  6549 D Evaluation: Frame 1549 sent at 1572946013108
11-05 11:26:53.147  6514  6549 D Evaluation: Frame 1550 sent at 1572946013147
11-05 11:26:53.183  6514  6549 D Evaluation: Frame 1552 sent at 1572946013183
11-05 11:26:53.204  6514  6549 D Evaluation: Frame 1552 sent at 1572946013204
11-05 11:26:53.235  6514  6549 D Evaluation: Frame 1553 sent at 1572946013235
11-05 11:26:53.267  6514  6549 D Evaluation: Frame 1554 sent at 1572946013267
11-05 11:26:53.330  6514  6549 D Evaluation: Frame 1556 sent at 1572946013330
11-05 11:26:53.356  6514  6525 E         : [ZeroHung]zrhung_get_config: Get config failed for wp[0x0008]
11-05 11:26:53.356  6514  6549 D Evaluation: Frame 1557 sent at 1572946013356
11-05 11:26:53.378  6514  6549 D Evaluation: Frame 1557 sent at 1572946013378
11-05 11:26:53.412  6514  6549 D Evaluation: Frame 1558 sent at 1572946013412
11-05 11:26:53.443  6514  6549 D Evaluation: Frame 1559 sent at 1572946013443
11-05 11:26:53.477  6514  6549 D Evaluation: Frame 1560 sent at 1572946013477
11-05 11:26:53.514  6514  6549 D Evaluation: Frame 1562 sent at 1572946013514
11-05 11:26:53.532  6514  6549 D Evaluation: Frame 1562 sent at 1572946013531
11-05 11:26:53.576  6514  6549 D Evaluation: Frame 1563 sent at 1572946013576
11-05 11:26:53.605  6514  6549 D Evaluation: Frame 1564 sent at 1572946013605
11-05 11:26:53.645  6514  6549 D Evaluation: Frame 1565 sent at 1572946013645
11-05 11:26:53.687  6514  6549 D Evaluation: Frame 1566 sent at 1572946013687
11-05 11:26:53.717  6514  6549 D Evaluation: Frame 1567 sent at 1572946013717
11-05 11:26:53.752  6514  6549 D Evaluation: Frame 1569 sent at 1572946013751
11-05 11:26:53.772  6514  6549 D Evaluation: Frame 1569 sent at 1572946013772
11-05 11:26:53.818  6514  6549 D Evaluation: Frame 1570 sent at 1572946013818
11-05 11:26:53.844  6514  6549 D Evaluation: Frame 1571 sent at 1572946013844
11-05 11:26:53.870  6514  6549 D Evaluation: Frame 1572 sent at 1572946013870
11-05 11:26:53.914  6514  6549 D Evaluation: Frame 1573 sent at 1572946013914
11-05 11:26:53.915  6514  6514 D Poster  : At 1572946013915 location is 65.05772390061213 (latitude), and 25.469039344550005 (longitude)
11-05 11:26:53.949  6514  6549 D Evaluation: Frame 1575 sent at 1572946013949
11-05 11:26:53.966  6514  6549 D Evaluation: Frame 1575 sent at 1572946013966
11-05 11:26:54.042  6514  6549 D Evaluation: Frame 1576 sent at 1572946014042
11-05 11:26:54.087  6514  6549 D Evaluation: Frame 1577 sent at 1572946014087
11-05 11:26:54.161  6514  6549 D Evaluation: Frame 1578 sent at 1572946014161
11-05 11:26:54.188  6514  6549 D Evaluation: Frame 1579 sent at 1572946014188
11-05 11:26:54.258  6514  6549 D Evaluation: Frame 1580 sent at 1572946014258
11-05 11:26:54.279  6514  6549 D Evaluation: Frame 1581 sent at 1572946014279
11-05 11:26:54.318  6514  6549 D Evaluation: Frame 1582 sent at 1572946014318
11-05 11:26:54.349  6514  6549 D Evaluation: Frame 1583 sent at 1572946014349
11-05 11:26:54.385  6514  6549 D Evaluation: Frame 1584 sent at 1572946014385
11-05 11:26:54.419  6514  6549 D Evaluation: Frame 1585 sent at 1572946014419
11-05 11:26:54.452  6514  6549 D Evaluation: Frame 1586 sent at 1572946014452
11-05 11:26:54.479  6514  6549 D Evaluation: Frame 1587 sent at 1572946014479
11-05 11:26:54.515  6514  6549 D Evaluation: Frame 1588 sent at 1572946014515
11-05 11:26:54.544  6514  6549 D Evaluation: Frame 1589 sent at 1572946014544
11-05 11:26:54.646  6514  6549 D Evaluation: Frame 1591 sent at 1572946014646
11-05 11:26:54.669  6514  6549 D Evaluation: Frame 1592 sent at 1572946014669
11-05 11:26:54.688  6514  6549 D Evaluation: Frame 1592 sent at 1572946014688
11-05 11:26:54.709  6514  6549 D Evaluation: Frame 1593 sent at 1572946014709
11-05 11:26:54.749  6514  6549 D Evaluation: Frame 1594 sent at 1572946014749
11-05 11:26:54.782  6514  6549 D Evaluation: Frame 1595 sent at 1572946014782
11-05 11:26:54.825  6514  6549 D Evaluation: Frame 1596 sent at 1572946014825
11-05 11:26:54.862  6514  6549 D Evaluation: Frame 1597 sent at 1572946014862
11-05 11:26:54.895  6514  6549 D Evaluation: Frame 1598 sent at 1572946014895
11-05 11:26:54.922  6514  6514 D Poster  : At 1572946014922 location is 65.05775415356226 (latitude), and 25.469081392460513 (longitude)
11-05 11:26:54.926  6514  6549 D Evaluation: Frame 1599 sent at 1572946014926
11-05 11:26:54.964  6514  6549 D Evaluation: Frame 1601 sent at 1572946014964
11-05 11:26:54.983  6514  6549 D Evaluation: Frame 1601 sent at 1572946014983
11-05 11:26:55.011  6514  6549 D Evaluation: Frame 1602 sent at 1572946015011
11-05 11:26:55.051  6514  6549 D Evaluation: Frame 1603 sent at 1572946015051
11-05 11:26:55.099  6514  6549 D Evaluation: Frame 1605 sent at 1572946015099
11-05 11:26:55.119  6514  6549 D Evaluation: Frame 1605 sent at 1572946015119
11-05 11:26:55.151  6514  6549 D Evaluation: Frame 1606 sent at 1572946015151
11-05 11:26:55.184  6514  6525 E         : [ZeroHung]zrhung_get_config: Get config failed for wp[0x0008]
11-05 11:26:55.184  6514  6549 D Evaluation: Frame 1607 sent at 1572946015184
11-05 11:26:55.225  6514  6549 D Evaluation: Frame 1608 sent at 1572946015225
11-05 11:26:55.246  6514  6549 D Evaluation: Frame 1609 sent at 1572946015246
11-05 11:26:55.286  6514  6549 D Evaluation: Frame 1610 sent at 1572946015286
11-05 11:26:55.318  6514  6549 D Evaluation: Frame 1611 sent at 1572946015318
11-05 11:26:55.364  6514  6549 D Evaluation: Frame 1612 sent at 1572946015364
11-05 11:26:55.398  6514  6549 D Evaluation: Frame 1613 sent at 1572946015398
11-05 11:26:55.431  6514  6549 D Evaluation: Frame 1614 sent at 1572946015431
11-05 11:26:55.461  6514  6549 D Evaluation: Frame 1615 sent at 1572946015461
11-05 11:26:55.485  6514  6549 D Evaluation: Frame 1616 sent at 1572946015485
11-05 11:26:55.524  6514  6549 D Evaluation: Frame 1617 sent at 1572946015524
11-05 11:26:55.562  6514  6549 D Evaluation: Frame 1618 sent at 1572946015562
11-05 11:26:55.601  6514  6549 D Evaluation: Frame 1619 sent at 1572946015601
11-05 11:26:55.646  6514  6549 D Evaluation: Frame 1621 sent at 1572946015646
11-05 11:26:55.668  6514  6549 D Evaluation: Frame 1621 sent at 1572946015668
11-05 11:26:55.697  6514  6549 D Evaluation: Frame 1622 sent at 1572946015696
11-05 11:26:55.764  6514  6549 D Evaluation: Frame 1623 sent at 1572946015764
11-05 11:26:55.798  6514  6549 D Evaluation: Frame 1625 sent at 1572946015798
11-05 11:26:55.817  6514  6549 D Evaluation: Frame 1625 sent at 1572946015817
11-05 11:26:55.847  6514  6549 D Evaluation: Frame 1626 sent at 1572946015847
11-05 11:26:55.882  6514  6549 D Evaluation: Frame 1627 sent at 1572946015882
11-05 11:26:55.914  6514  6514 D Poster  : At 1572946015914 location is 65.05776021684883 (latitude), and 25.469161767488202 (longitude)
11-05 11:26:55.925  6514  6549 D Evaluation: Frame 1628 sent at 1572946015925
11-05 11:26:55.950  6514  6549 D Evaluation: Frame 1629 sent at 1572946015950
11-05 11:26:55.981  6514  6549 D Evaluation: Frame 1630 sent at 1572946015981
11-05 11:26:56.015  6514  6549 D Evaluation: Frame 1631 sent at 1572946016015
11-05 11:26:56.095  6514  6549 D Evaluation: Frame 1632 sent at 1572946016095
11-05 11:26:56.122  6514  6549 D Evaluation: Frame 1633 sent at 1572946016122
11-05 11:26:56.165  6514  6549 D Evaluation: Frame 1634 sent at 1572946016165
11-05 11:26:56.205  6514  6549 D Evaluation: Frame 1636 sent at 1572946016205
11-05 11:26:56.229  6514  6549 D Evaluation: Frame 1636 sent at 1572946016229
11-05 11:26:56.266  6514  6549 D Evaluation: Frame 1637 sent at 1572946016266
11-05 11:26:56.300  6514  6549 D Evaluation: Frame 1638 sent at 1572946016300
11-05 11:26:56.338  6514  6549 D Evaluation: Frame 1639 sent at 1572946016338
11-05 11:26:56.367  6514  6549 D Evaluation: Frame 1641 sent at 1572946016367
11-05 11:26:56.384  6514  6549 D Evaluation: Frame 1641 sent at 1572946016384
11-05 11:26:56.438  6514  6549 D Evaluation: Frame 1642 sent at 1572946016438
11-05 11:26:56.462  6514  6549 D Evaluation: Frame 1643 sent at 1572946016462
11-05 11:26:56.497  6514  6549 D Evaluation: Frame 1644 sent at 1572946016497
11-05 11:26:56.524  6514  6549 D Evaluation: Frame 1645 sent at 1572946016524
11-05 11:26:56.551  6514  6525 E         : [ZeroHung]zrhung_get_config: Get config failed for wp[0x0008]
11-05 11:26:56.551  6514  6549 D Evaluation: Frame 1646 sent at 1572946016551
11-05 11:26:56.587  6514  6549 D Evaluation: Frame 1647 sent at 1572946016587
11-05 11:26:56.620  6514  6549 D Evaluation: Frame 1648 sent at 1572946016620
11-05 11:26:56.672  6514  6549 D Evaluation: Frame 1649 sent at 1572946016671
11-05 11:26:56.698  6514  6549 D Evaluation: Frame 1650 sent at 1572946016698
11-05 11:26:56.731  6514  6549 D Evaluation: Frame 1651 sent at 1572946016731
11-05 11:26:56.759  6514  6549 D Evaluation: Frame 1652 sent at 1572946016759
11-05 11:26:56.797  6514  6549 D Evaluation: Frame 1653 sent at 1572946016797
11-05 11:26:56.828  6514  6549 D Evaluation: Frame 1654 sent at 1572946016828
11-05 11:26:56.856  6514  6549 D Evaluation: Frame 1655 sent at 1572946016856
11-05 11:26:56.883  6514  6549 D Evaluation: Frame 1656 sent at 1572946016883
11-05 11:26:56.900  6514  6514 D Poster  : At 1572946016900 location is 65.05777707354177 (latitude), and 25.469209896830414 (longitude)
11-05 11:26:56.938  6514  6549 D Evaluation: Frame 1657 sent at 1572946016938
11-05 11:26:56.969  6514  6549 D Evaluation: Frame 1658 sent at 1572946016969
11-05 11:26:57.000  6514  6549 D Evaluation: Frame 1659 sent at 1572946017000
11-05 11:26:57.037  6514  6549 D Evaluation: Frame 1660 sent at 1572946017037
11-05 11:26:57.060  6514  6549 D Evaluation: Frame 1661 sent at 1572946017060
11-05 11:26:57.092  6514  6549 D Evaluation: Frame 1662 sent at 1572946017092
11-05 11:26:57.128  6514  6549 D Evaluation: Frame 1663 sent at 1572946017128
11-05 11:26:57.160  6514  6549 D Evaluation: Frame 1664 sent at 1572946017160
11-05 11:26:57.191  6514  6549 D Evaluation: Frame 1665 sent at 1572946017191
11-05 11:26:57.230  6514  6549 D Evaluation: Frame 1666 sent at 1572946017230
11-05 11:26:57.259  6514  6549 D Evaluation: Frame 1667 sent at 1572946017259
11-05 11:26:57.291  6514  6549 D Evaluation: Frame 1668 sent at 1572946017291
11-05 11:26:57.326  6514  6549 D Evaluation: Frame 1669 sent at 1572946017326
11-05 11:26:57.393  6514  6549 D Evaluation: Frame 1671 sent at 1572946017393
11-05 11:26:57.417  6514  6549 D Evaluation: Frame 1671 sent at 1572946017417
11-05 11:26:57.445  6514  6549 D Evaluation: Frame 1672 sent at 1572946017445
11-05 11:26:57.472  6514  6549 D Evaluation: Frame 1673 sent at 1572946017472
11-05 11:26:57.506  6514  6549 D Evaluation: Frame 1674 sent at 1572946017506
11-05 11:26:57.548  6514  6549 D Evaluation: Frame 1676 sent at 1572946017548
11-05 11:26:57.572  6514  6549 D Evaluation: Frame 1676 sent at 1572946017572
11-05 11:26:57.599  6514  6549 D Evaluation: Frame 1677 sent at 1572946017599
11-05 11:26:57.635  6514  6549 D Evaluation: Frame 1678 sent at 1572946017635
11-05 11:26:57.682  6514  6549 D Evaluation: Frame 1679 sent at 1572946017682
11-05 11:26:57.721  6514  6549 D Evaluation: Frame 1680 sent at 1572946017721
11-05 11:26:57.744  6514  6549 D Evaluation: Frame 1681 sent at 1572946017744
11-05 11:26:57.775  6514  6549 D Evaluation: Frame 1682 sent at 1572946017775
11-05 11:26:57.799  6514  6549 D Evaluation: Frame 1683 sent at 1572946017799
11-05 11:26:57.847  6514  6549 D Evaluation: Frame 1684 sent at 1572946017847
11-05 11:26:57.878  6514  6549 D Evaluation: Frame 1685 sent at 1572946017878
11-05 11:26:57.913  6514  6549 D Evaluation: Frame 1686 sent at 1572946017913
11-05 11:26:57.917  6514  6514 D Poster  : At 1572946017917 location is 65.05777719568243 (latitude), and 25.469208633411508 (longitude)
11-05 11:26:57.952  6514  6549 D Evaluation: Frame 1688 sent at 1572946017952
11-05 11:26:57.968  6514  6549 D Evaluation: Frame 1688 sent at 1572946017968
11-05 11:26:58.003  6514  6549 D Evaluation: Frame 1689 sent at 1572946018003
11-05 11:26:58.047  6514  6549 D Evaluation: Frame 1690 sent at 1572946018047
11-05 11:26:58.078  6514  6549 D Evaluation: Frame 1691 sent at 1572946018078
11-05 11:26:58.119  6514  6549 D Evaluation: Frame 1693 sent at 1572946018119
11-05 11:26:58.137  6514  6549 D Evaluation: Frame 1693 sent at 1572946018137
11-05 11:26:58.181  6514  6549 D Evaluation: Frame 1694 sent at 1572946018180
11-05 11:26:58.213  6514  6549 D Evaluation: Frame 1695 sent at 1572946018213
11-05 11:26:58.236  6514  6549 D Evaluation: Frame 1696 sent at 1572946018236
11-05 11:26:58.270  6514  6549 D Evaluation: Frame 1697 sent at 1572946018270
11-05 11:26:58.312  6514  6549 D Evaluation: Frame 1698 sent at 1572946018312
11-05 11:26:58.346  6514  6549 D Evaluation: Frame 1699 sent at 1572946018346
11-05 11:26:58.383  6514  6525 E         : [ZeroHung]zrhung_get_config: Get config failed for wp[0x0008]
11-05 11:26:58.383  6514  6549 D Evaluation: Frame 1700 sent at 1572946018383
11-05 11:26:58.420  6514  6549 D Evaluation: Frame 1701 sent at 1572946018420
11-05 11:26:58.451  6514  6549 D Evaluation: Frame 1702 sent at 1572946018451
11-05 11:26:58.480  6514  6549 D Evaluation: Frame 1703 sent at 1572946018480
11-05 11:26:58.522  6514  6549 D Evaluation: Frame 1704 sent at 1572946018522
11-05 11:26:58.556  6514  6549 D Evaluation: Frame 1706 sent at 1572946018556
11-05 11:26:58.578  6514  6549 D Evaluation: Frame 1706 sent at 1572946018578
11-05 11:26:58.615  6514  6549 D Evaluation: Frame 1707 sent at 1572946018615
11-05 11:26:58.638  6514  6549 D Evaluation: Frame 1708 sent at 1572946018638
11-05 11:26:58.680  6514  6549 D Evaluation: Frame 1709 sent at 1572946018680
11-05 11:26:58.718  6514  6549 D Evaluation: Frame 1710 sent at 1572946018718
11-05 11:26:58.754  6514  6549 D Evaluation: Frame 1711 sent at 1572946018754
11-05 11:26:58.782  6514  6549 D Evaluation: Frame 1712 sent at 1572946018782
11-05 11:26:58.822  6514  6549 D Evaluation: Frame 1713 sent at 1572946018822
11-05 11:26:58.853  6514  6549 D Evaluation: Frame 1714 sent at 1572946018853
11-05 11:26:58.885  6514  6549 D Evaluation: Frame 1715 sent at 1572946018885
11-05 11:26:58.909  6514  6549 D Evaluation: Frame 1716 sent at 1572946018909
11-05 11:26:58.918  6514  6514 D Poster  : At 1572946018918 location is 65.0577798873216 (latitude), and 25.46920605592263 (longitude)
11-05 11:26:58.962  6514  6549 D Evaluation: Frame 1717 sent at 1572946018962
11-05 11:26:58.983  6514  6549 D Evaluation: Frame 1718 sent at 1572946018983
11-05 11:26:59.013  6514  6549 D Evaluation: Frame 1719 sent at 1572946019013
11-05 11:26:59.043  6514  6549 D Evaluation: Frame 1720 sent at 1572946019042
11-05 11:26:59.073  6514  6549 D Evaluation: Frame 1721 sent at 1572946019073
11-05 11:26:59.117  6514  6549 D Evaluation: Frame 1722 sent at 1572946019117
11-05 11:26:59.159  6514  6549 D Evaluation: Frame 1723 sent at 1572946019159
11-05 11:26:59.198  6514  6549 D Evaluation: Frame 1725 sent at 1572946019198
11-05 11:26:59.216  6514  6549 D Evaluation: Frame 1725 sent at 1572946019216
11-05 11:26:59.241  6514  6549 D Evaluation: Frame 1726 sent at 1572946019241
11-05 11:26:59.289  6514  6549 D Evaluation: Frame 1727 sent at 1572946019289
11-05 11:26:59.314  6514  6549 D Evaluation: Frame 1728 sent at 1572946019314
11-05 11:26:59.350  6514  6549 D Evaluation: Frame 1729 sent at 1572946019350
11-05 11:26:59.384  6514  6549 D Evaluation: Frame 1730 sent at 1572946019384
11-05 11:26:59.431  6514  6549 D Evaluation: Frame 1731 sent at 1572946019431
11-05 11:26:59.460  6514  6549 D Evaluation: Frame 1732 sent at 1572946019460
11-05 11:26:59.496  6514  6549 D Evaluation: Frame 1733 sent at 1572946019496
11-05 11:26:59.521  6514  6549 D Evaluation: Frame 1734 sent at 1572946019521
11-05 11:26:59.559  6514  6549 D Evaluation: Frame 1735 sent at 1572946019559
11-05 11:26:59.584  6514  6549 D Evaluation: Frame 1736 sent at 1572946019584
11-05 11:26:59.623  6514  6549 D Evaluation: Frame 1737 sent at 1572946019623
11-05 11:26:59.655  6514  6549 D Evaluation: Frame 1738 sent at 1572946019655
11-05 11:26:59.697  6514  6549 D Evaluation: Frame 1740 sent at 1572946019697
11-05 11:26:59.718  6514  6549 D Evaluation: Frame 1740 sent at 1572946019718
11-05 11:26:59.749  6514  6549 D Evaluation: Frame 1741 sent at 1572946019749
11-05 11:26:59.787  6514  6549 D Evaluation: Frame 1742 sent at 1572946019787
11-05 11:26:59.806  6514  6514 W HiTouch_PressGestureDetector: Touch pointer move a lot. The moving distance of X is:0.9995117, limit is:60The moving distance of Y is:134.32281, limit is:60
11-05 11:26:59.819  6514  6549 D Evaluation: Frame 1743 sent at 1572946019819
11-05 11:26:59.850  6514  6549 D Evaluation: Frame 1744 sent at 1572946019850
11-05 11:26:59.885  6514  6549 D Evaluation: Frame 1745 sent at 1572946019885
11-05 11:26:59.911  6514  6514 D Poster  : At 1572946019911 location is 65.057783122953 (latitude), and 25.469199565634355 (longitude)
11-05 11:26:59.918  6514  6549 D Evaluation: Frame 1746 sent at 1572946019918
11-05 11:26:59.943  6514  6549 D Evaluation: Frame 1747 sent at 1572946019943
11-05 11:26:59.981  6514  6549 D Evaluation: Frame 1748 sent at 1572946019981
11-05 11:27:00.018  6514  6549 D Evaluation: Frame 1749 sent at 1572946020018
11-05 11:27:00.055  6514  6549 D Evaluation: Frame 1750 sent at 1572946020055
11-05 11:27:00.098  6514  6549 D Evaluation: Frame 1752 sent at 1572946020098
11-05 11:27:00.116  6514  6549 D Evaluation: Frame 1752 sent at 1572946020116
11-05 11:27:00.147  6514  6549 D Evaluation: Frame 1753 sent at 1572946020147
11-05 11:27:00.183  6514  6549 D Evaluation: Frame 1754 sent at 1572946020183
11-05 11:27:00.227  6514  6525 E         : [ZeroHung]zrhung_get_config: Get config failed for wp[0x0008]
11-05 11:27:00.227  6514  6549 D Evaluation: Frame 1755 sent at 1572946020227
11-05 11:27:00.259  6514  6549 D Evaluation: Frame 1756 sent at 1572946020259
11-05 11:27:00.291  6514  6549 D Evaluation: Frame 1757 sent at 1572946020291
11-05 11:27:00.329  6514  6549 D Evaluation: Frame 1758 sent at 1572946020329
11-05 11:27:00.359  6514  6549 D Evaluation: Frame 1759 sent at 1572946020359
11-05 11:27:00.397  6514  6549 D Evaluation: Frame 1760 sent at 1572946020397
11-05 11:27:00.434  6514  6549 D Evaluation: Frame 1761 sent at 1572946020434
11-05 11:27:00.459  6514  6549 D Evaluation: Frame 1762 sent at 1572946020459
11-05 11:27:00.499  6514  6549 D Evaluation: Frame 1763 sent at 1572946020499
11-05 11:27:00.547  6514  6549 D Evaluation: Frame 1764 sent at 1572946020547
11-05 11:27:00.591  6514  6549 D Evaluation: Frame 1765 sent at 1572946020591
11-05 11:27:00.641  6514  6549 D Evaluation: Frame 1766 sent at 1572946020641
11-05 11:27:00.666  6514  6549 D Evaluation: Frame 1767 sent at 1572946020666
11-05 11:27:00.689  6514  6549 D Evaluation: Frame 1768 sent at 1572946020689
11-05 11:27:00.727  6514  6549 D Evaluation: Frame 1769 sent at 1572946020727
11-05 11:27:00.761  6514  6549 D Evaluation: Frame 1770 sent at 1572946020761
11-05 11:27:00.827  6514  6549 D Evaluation: Frame 1771 sent at 1572946020827
11-05 11:27:00.853  6514  6549 D Evaluation: Frame 1772 sent at 1572946020853
11-05 11:27:00.897  6514  6549 D Evaluation: Frame 1773 sent at 1572946020897
11-05 11:27:00.915  6514  6514 D Poster  : At 1572946020915 location is 65.05778614456105 (latitude), and 25.469192819319616 (longitude)
11-05 11:27:00.960  6514  6549 D Evaluation: Frame 1774 sent at 1572946020960
11-05 11:27:00.986  6514  6549 D Evaluation: Frame 1775 sent at 1572946020986
11-05 11:27:01.026  6514  6549 D Evaluation: Frame 1776 sent at 1572946021026
11-05 11:27:01.059  6514  6549 D Evaluation: Frame 1777 sent at 1572946021059
11-05 11:27:01.094  6514  6549 D Evaluation: Frame 1778 sent at 1572946021094
11-05 11:27:01.131  6514  6549 D Evaluation: Frame 1779 sent at 1572946021131
11-05 11:27:01.165  6514  6549 D Evaluation: Frame 1780 sent at 1572946021165
11-05 11:27:01.197  6514  6549 D Evaluation: Frame 1781 sent at 1572946021197
11-05 11:27:01.232  6514  6549 D Evaluation: Frame 1782 sent at 1572946021232
11-05 11:27:01.248  6514  6549 D Evaluation: Frame 1783 sent at 1572946021248
11-05 11:27:01.289  6514  6549 D Evaluation: Frame 1784 sent at 1572946021289
11-05 11:27:01.317  6514  6549 D Evaluation: Frame 1785 sent at 1572946021317
11-05 11:27:01.359  6514  6549 D Evaluation: Frame 1786 sent at 1572946021359
11-05 11:27:01.386  6514  6549 D Evaluation: Frame 1787 sent at 1572946021386
11-05 11:27:01.425  6514  6549 D Evaluation: Frame 1788 sent at 1572946021425
11-05 11:27:01.457  6514  6549 D Evaluation: Frame 1789 sent at 1572946021457
11-05 11:27:01.497  6514  6549 D Evaluation: Frame 1790 sent at 1572946021497
11-05 11:27:01.519  6514  6549 D Evaluation: Frame 1791 sent at 1572946021519
11-05 11:27:01.558  6514  6549 D Evaluation: Frame 1792 sent at 1572946021558
11-05 11:27:01.584  6514  6549 D Evaluation: Frame 1793 sent at 1572946021584
11-05 11:27:01.628  6514  6549 D Evaluation: Frame 1794 sent at 1572946021628
11-05 11:27:01.659  6514  6549 D Evaluation: Frame 1795 sent at 1572946021659
11-05 11:27:01.685  6514  6549 D Evaluation: Frame 1796 sent at 1572946021685
11-05 11:27:01.729  6514  6549 D Evaluation: Frame 1797 sent at 1572946021729
11-05 11:27:01.756  6514  6549 D Evaluation: Frame 1798 sent at 1572946021756
11-05 11:27:01.793  6514  6549 D Evaluation: Frame 1799 sent at 1572946021793
11-05 11:27:01.827  6514  6549 D Evaluation: Frame 1800 sent at 1572946021827
11-05 11:27:01.865  6514  6549 D Evaluation: Frame 1801 sent at 1572946021865
11-05 11:27:01.888  6514  6549 D Evaluation: Frame 1802 sent at 1572946021888
11-05 11:27:01.920  6514  6549 D Evaluation: Frame 1803 sent at 1572946021920
11-05 11:27:01.920  6514  6514 D Poster  : At 1572946021920 location is 65.05778933105323 (latitude), and 25.46918832158607 (longitude)
11-05 11:27:01.952  6514  6549 D Evaluation: Frame 1804 sent at 1572946021952
11-05 11:27:02.034  6514  6549 D Evaluation: Frame 1805 sent at 1572946022034
11-05 11:27:02.062  6514  6549 D Evaluation: Frame 1806 sent at 1572946022062
11-05 11:27:02.095  6514  6549 D Evaluation: Frame 1807 sent at 1572946022095
11-05 11:27:02.121  6514  6549 D Evaluation: Frame 1808 sent at 1572946022121
11-05 11:27:02.155  6514  6549 D Evaluation: Frame 1809 sent at 1572946022155
11-05 11:27:02.190  6514  6549 D Evaluation: Frame 1810 sent at 1572946022190
11-05 11:27:02.223  6514  6549 D Evaluation: Frame 1811 sent at 1572946022223
11-05 11:27:02.260  6514  6549 D Evaluation: Frame 1812 sent at 1572946022259
11-05 11:27:02.288  6514  6525 E         : [ZeroHung]zrhung_get_config: Get config failed for wp[0x0008]
11-05 11:27:02.289  6514  6549 D Evaluation: Frame 1813 sent at 1572946022289
11-05 11:27:02.325  6514  6549 D Evaluation: Frame 1814 sent at 1572946022325
11-05 11:27:02.370  6514  6549 D Evaluation: Frame 1815 sent at 1572946022370
11-05 11:27:02.398  6514  6549 D Evaluation: Frame 1816 sent at 1572946022398
11-05 11:27:02.417  6514  6549 D Evaluation: Frame 1817 sent at 1572946022417
11-05 11:27:02.419  6514  6514 I Poster  :  onPause() called.
11-05 11:27:02.542  6514  6514 I Camera  : close camera: 0, package name: symlab.cloudridar.arhud
11-05 11:27:02.542  6514  6514 I BackgroundPermManager: pkgName: symlab.cloudridar.arhud,pid: 6514 ,uidOf3RdApk: 10149 ,permType: 0 ,permCfg: 0
11-05 11:27:02.545  6514  6514 I HwCameraUtil: notifySurfaceFlingerCameraStatus : isFront = false , isOpend = false
11-05 11:27:02.644  6514  6514 D ZrHung.AppEyeUiProbe: stop checker.
11-05 11:27:02.711  6514  6514 I Poster  :  surfaceDestroyed() called.
11-05 11:27:02.711  6514  6514 D ViewRootImpl[MainActivity]: surface should not be released
11-05 11:27:02.711  6514  6514 I Poster  :  onStop() called.
11-05 11:27:02.726  6514  6578 W libEGL  : EGLNativeWindowType 0xecf70008 disconnect failed
11-05 11:27:02.917  6514  6514 D Poster  : At 1572946022917 location is 65.05779261964746 (latitude), and 25.46918638493227 (longitude)
11-05 11:27:02.927  6514  6514 D Latitude: status
11-05 11:27:03.324  6514  6541 D ZrHung.AppEyeUiProbe: Current Activity:false
11-05 11:27:03.325  6514  6541 D ZrHung.AppEyeUiProbe: not watching, wait.
11-05 11:27:03.786  6514  6514 I Poster  :  onStart() called.
11-05 11:27:03.786  6514  6514 D ZrHung.AppEyeUiProbe: notify runnable to start.
11-05 11:27:03.786  6514  6541 D ZrHung.AppEyeUiProbe: restart watching
11-05 11:27:03.786  6514  6514 I Poster  :  onResume() called.
11-05 11:27:03.794  6514  6514 I PermissionManager: camera remind result:true
11-05 11:27:03.794  6514  6514 I Camera  : open camera: 0, package name: symlab.cloudridar.arhud
11-05 11:27:03.794  6514  6514 I BackgroundPermManager: pkgName: symlab.cloudridar.arhud,pid: 6514 ,uidOf3RdApk: 10149 ,permType: 0 ,permCfg: 1
11-05 11:27:03.795  6514  6514 I HwCameraUtil: notifySurfaceFlingerCameraStatus : isFront = false , isOpend = true
11-05 11:27:03.809  6514  6514 D ActivityThread: isOptEnabled=false isWechatScanOpt=false
11-05 11:27:03.819  6514  6578 D mali_winsys: EGLint new_window_surface(egl_winsys_display *, void *, EGLSurface, EGLConfig, egl_winsys_surface **, EGLBoolean) returns 0x3000
11-05 11:27:03.832  6514  6514 I Poster  :  surfaceCreated() called.
11-05 11:27:03.832  6514  6514 I Poster  : initPreview() called
11-05 11:27:03.834  6514  6514 I PermissionManager: camera remind result:true
11-05 11:27:03.839  6514  6514 I Poster  :  surfaceChanged() called.
11-05 11:27:03.839  6514  6514 E BpSurfaceComposerClient: Failed to transact (-1)
11-05 11:27:03.839  6514  6514 E BpSurfaceComposerClient: Failed to transact (-1)
11-05 11:27:03.840  6514  6514 W InputMethodManager: startInputReason = 1
11-05 11:27:03.895  6514  6514 D Poster  : At 1572946023895 location is 65.05780662694336 (latitude), and 25.46917533573957 (longitude)
11-05 11:27:03.903  6514  6514 D Latitude: status
11-05 11:27:04.121  6514  6514 W MessageQueue: Handler (android.os.Handler) {c3fb6ca} sending message to a Handler on a dead thread
11-05 11:27:04.121  6514  6514 W MessageQueue: java.lang.IllegalStateException: Handler (android.os.Handler) {c3fb6ca} sending message to a Handler on a dead thread
11-05 11:27:04.121  6514  6514 W MessageQueue: 	at android.os.MessageQueue.enqueueMessage(MessageQueue.java:650)
11-05 11:27:04.121  6514  6514 W MessageQueue: 	at android.os.Handler.enqueueMessage(Handler.java:769)
11-05 11:27:04.121  6514  6514 W MessageQueue: 	at android.os.Handler.sendMessageAtTime(Handler.java:718)
11-05 11:27:04.121  6514  6514 W MessageQueue: 	at android.os.Handler.sendMessageDelayed(Handler.java:688)
11-05 11:27:04.121  6514  6514 W MessageQueue: 	at android.os.Handler.post(Handler.java:405)
11-05 11:27:04.121  6514  6514 W MessageQueue: 	at symlab.CloudAR.ARManager.recognizeTime(ARManager.java:151)
11-05 11:27:04.121  6514  6514 W MessageQueue: 	at symlab.ARHUD.MainActivity$3.onPreviewFrame(MainActivity.java:296)
11-05 11:27:04.121  6514  6514 W MessageQueue: 	at android.hardware.Camera$EventHandler.handleMessage(Camera.java:1278)
11-05 11:27:04.121  6514  6514 W MessageQueue: 	at android.os.Handler.dispatchMessage(Handler.java:112)
11-05 11:27:04.121  6514  6514 W MessageQueue: 	at android.os.Looper.loop(Looper.java:216)
11-05 11:27:04.121  6514  6514 W MessageQueue: 	at android.app.ActivityThread.main(ActivityThread.java:7579)
11-05 11:27:04.121  6514  6514 W MessageQueue: 	at java.lang.reflect.Method.invoke(Native Method)
11-05 11:27:04.121  6514  6514 W MessageQueue: 	at com.android.internal.os.RuntimeInit$MethodAndArgsCaller.run(RuntimeInit.java:524)
11-05 11:27:04.121  6514  6514 W MessageQueue: 	at com.android.internal.os.ZygoteInit.main(ZygoteInit.java:1034)
11-05 11:27:04.122  6514  6514 W MessageQueue: Handler (android.os.Handler) {c3fb6ca} sending message to a Handler on a dead thread
11-05 11:27:04.122  6514  6514 W MessageQueue: java.lang.IllegalStateException: Handler (android.os.Handler) {c3fb6ca} sending message to a Handler on a dead thread
11-05 11:27:04.122  6514  6514 W MessageQueue: 	at android.os.MessageQueue.enqueueMessage(MessageQueue.java:650)
11-05 11:27:04.122  6514  6514 W MessageQueue: 	at android.os.Handler.enqueueMessage(Handler.java:769)
11-05 11:27:04.122  6514  6514 W MessageQueue: 	at android.os.Handler.sendMessageAtTime(Handler.java:718)
