11-06 14:50:34.777 26685 26719 W System.err: 	at sun.nio.ch.DatagramChannelImpl.sendFromNativeBuffer(DatagramChannelImpl.java:573)
11-06 14:50:34.777 26685 26719 W System.err: 	at sun.nio.ch.DatagramChannelImpl.send(DatagramChannelImpl.java:550)
11-06 14:50:34.777 26685 26719 W System.err: 	at sun.nio.ch.DatagramChannelImpl.send(DatagramChannelImpl.java:514)
11-06 14:50:34.777 26685 26719 W System.err: 	at symlab.CloudAR.network.TransmissionTask.run(TransmissionTask.java:124)
11-06 14:50:34.777 26685 26719 W System.err: 	at android.os.Handler.handleCallback(Handler.java:907)
11-06 14:50:34.777 26685 26719 W System.err: 	at android.os.Handler.dispatchMessage(Handler.java:105)
11-06 14:50:34.777 26685 26719 W System.err: 	at android.os.Looper.loop(Looper.java:216)
11-06 14:50:34.777 26685 26719 W System.err: 	at android.os.HandlerThread.run(HandlerThread.java:65)
11-06 14:50:34.814 26685 26719 W System.err: java.net.SocketException: Message too long
11-06 14:50:34.814 26685 26719 W System.err: 	at sun.nio.ch.DatagramChannelImpl.send0(Native Method)
11-06 14:50:34.814 26685 26719 W System.err: 	at sun.nio.ch.DatagramChannelImpl.sendFromNativeBuffer(DatagramChannelImpl.java:573)
11-06 14:50:34.814 26685 26719 W System.err: 	at sun.nio.ch.DatagramChannelImpl.send(DatagramChannelImpl.java:550)
11-06 14:50:34.814 26685 26719 W System.err: 	at sun.nio.ch.DatagramChannelImpl.send(DatagramChannelImpl.java:514)
11-06 14:50:34.814 26685 26719 W System.err: 	at symlab.CloudAR.network.TransmissionTask.run(TransmissionTask.java:124)
11-06 14:50:34.814 26685 26719 W System.err: 	at android.os.Handler.handleCallback(Handler.java:907)
11-06 14:50:34.814 26685 26719 W System.err: 	at android.os.Handler.dispatchMessage(Handler.java:105)
11-06 14:50:34.814 26685 26719 W System.err: 	at android.os.Looper.loop(Looper.java:216)
11-06 14:50:34.814 26685 26719 W System.err: 	at android.os.HandlerThread.run(HandlerThread.java:65)
11-06 14:50:34.840 26685 26719 W System.err: java.net.SocketException: Message too long
11-06 14:50:34.840 26685 26719 W System.err: 	at sun.nio.ch.DatagramChannelImpl.send0(Native Method)
11-06 14:50:34.841 26685 26719 W System.err: 	at sun.nio.ch.DatagramChannelImpl.sendFromNativeBuffer(DatagramChannelImpl.java:573)
11-06 14:50:34.841 26685 26719 W System.err: 	at sun.nio.ch.DatagramChannelImpl.send(DatagramChannelImpl.java:550)
11-06 14:50:34.841 26685 26719 W System.err: 	at sun.nio.ch.DatagramChannelImpl.send(DatagramChannelImpl.java:514)
11-06 14:50:34.841 26685 26719 W System.err: 	at symlab.CloudAR.network.TransmissionTask.run(TransmissionTask.java:124)
11-06 14:50:34.841 26685 26719 W System.err: 	at android.os.Handler.handleCallback(Handler.java:907)
11-06 14:50:34.841 26685 26719 W System.err: 	at android.os.Handler.dispatchMessage(Handler.java:105)
11-06 14:50:34.841 26685 26719 W System.err: 	at android.os.Looper.loop(Looper.java:216)
11-06 14:50:34.841 26685 26719 W System.err: 	at android.os.HandlerThread.run(HandlerThread.java:65)
11-06 14:50:34.870 26685 26685 D stylus  : init stylus touchlistener.
11-06 14:50:34.874 26685 26685 W Settings: Setting device_provisioned has moved from android.provider.Settings.Secure to android.provider.Settings.Global.
11-06 14:50:34.875 26685 26685 V HiTouch_HiTouchSensor: User setup is finished.
11-06 14:50:34.875 26685 26719 W System.err: java.net.SocketException: Message too long
11-06 14:50:34.875 26685 26719 W System.err: 	at sun.nio.ch.DatagramChannelImpl.send0(Native Method)
11-06 14:50:34.876 26685 26719 W System.err: 	at sun.nio.ch.DatagramChannelImpl.sendFromNativeBuffer(DatagramChannelImpl.java:573)
11-06 14:50:34.876 26685 26719 W System.err: 	at sun.nio.ch.DatagramChannelImpl.send(DatagramChannelImpl.java:550)
11-06 14:50:34.876 26685 26719 W System.err: 	at sun.nio.ch.DatagramChannelImpl.send(DatagramChannelImpl.java:514)
11-06 14:50:34.876 26685 26719 W System.err: 	at symlab.CloudAR.network.TransmissionTask.run(TransmissionTask.java:124)
11-06 14:50:34.876 26685 26719 W System.err: 	at android.os.Handler.handleCallback(Handler.java:907)
11-06 14:50:34.876 26685 26719 W System.err: 	at android.os.Handler.dispatchMessage(Handler.java:105)
11-06 14:50:34.876 26685 26719 W System.err: 	at android.os.Looper.loop(Looper.java:216)
11-06 14:50:34.876 26685 26719 W System.err: 	at android.os.HandlerThread.run(HandlerThread.java:65)
11-06 14:50:34.907 26685 26719 W System.err: java.net.SocketException: Message too long
11-06 14:50:34.907 26685 26719 W System.err: 	at sun.nio.ch.DatagramChannelImpl.send0(Native Method)
11-06 14:50:34.907 26685 26696 E         : [ZeroHung]zrhung_get_config: Get config failed for wp[0x0008]
11-06 14:50:34.907 26685 26719 W System.err: 	at sun.nio.ch.DatagramChannelImpl.sendFromNativeBuffer(DatagramChannelImpl.java:573)
11-06 14:50:34.907 26685 26719 W System.err: 	at sun.nio.ch.DatagramChannelImpl.send(DatagramChannelImpl.java:550)
11-06 14:50:34.907 26685 26719 W System.err: 	at sun.nio.ch.DatagramChannelImpl.send(DatagramChannelImpl.java:514)
11-06 14:50:34.907 26685 26719 W System.err: 	at symlab.CloudAR.network.TransmissionTask.run(TransmissionTask.java:124)
11-06 14:50:34.907 26685 26719 W System.err: 	at android.os.Handler.handleCallback(Handler.java:907)
11-06 14:50:34.907 26685 26719 W System.err: 	at android.os.Handler.dispatchMessage(Handler.java:105)
11-06 14:50:34.907 26685 26719 W System.err: 	at android.os.Looper.loop(Looper.java:216)
11-06 14:50:34.907 26685 26719 W System.err: 	at android.os.HandlerThread.run(HandlerThread.java:65)
11-06 14:50:34.943 26685 26719 W System.err: java.net.SocketException: Message too long
11-06 14:50:34.943 26685 26719 W System.err: 	at sun.nio.ch.DatagramChannelImpl.send0(Native Method)
11-06 14:50:34.943 26685 26719 W System.err: 	at sun.nio.ch.DatagramChannelImpl.sendFromNativeBuffer(DatagramChannelImpl.java:573)
11-06 14:50:34.943 26685 26719 W System.err: 	at sun.nio.ch.DatagramChannelImpl.send(DatagramChannelImpl.java:550)
11-06 14:50:34.943 26685 26719 W System.err: 	at sun.nio.ch.DatagramChannelImpl.send(DatagramChannelImpl.java:514)
11-06 14:50:34.943 26685 26719 W System.err: 	at symlab.CloudAR.network.TransmissionTask.run(TransmissionTask.java:124)
11-06 14:50:34.943 26685 26719 W System.err: 	at android.os.Handler.handleCallback(Handler.java:907)
11-06 14:50:34.943 26685 26719 W System.err: 	at android.os.Handler.dispatchMessage(Handler.java:105)
11-06 14:50:34.943 26685 26719 W System.err: 	at android.os.Looper.loop(Looper.java:216)
11-06 14:50:34.943 26685 26719 W System.err: 	at android.os.HandlerThread.run(HandlerThread.java:65)
11-06 14:50:34.976 26685 26685 W HiTouch_PressGestureDetector: Touch pointer move a lot. The moving distance of X is:22.954803, limit is:60The moving distance of Y is:104.921036, limit is:60
11-06 14:50:34.984 26685 26719 W System.err: java.net.SocketException: Message too long
11-06 14:50:34.984 26685 26719 W System.err: 	at sun.nio.ch.DatagramChannelImpl.send0(Native Method)
11-06 14:50:34.984 26685 26719 W System.err: 	at sun.nio.ch.DatagramChannelImpl.sendFromNativeBuffer(DatagramChannelImpl.java:573)
11-06 14:50:34.984 26685 26719 W System.err: 	at sun.nio.ch.DatagramChannelImpl.send(DatagramChannelImpl.java:550)
11-06 14:50:34.984 26685 26719 W System.err: 	at sun.nio.ch.DatagramChannelImpl.send(DatagramChannelImpl.java:514)
11-06 14:50:34.984 26685 26719 W System.err: 	at symlab.CloudAR.network.TransmissionTask.run(TransmissionTask.java:124)
11-06 14:50:34.984 26685 26719 W System.err: 	at android.os.Handler.handleCallback(Handler.java:907)
11-06 14:50:34.984 26685 26719 W System.err: 	at android.os.Handler.dispatchMessage(Handler.java:105)
11-06 14:50:34.984 26685 26719 W System.err: 	at android.os.Looper.loop(Looper.java:216)
11-06 14:50:34.985 26685 26719 W System.err: 	at android.os.HandlerThread.run(HandlerThread.java:65)
11-06 14:50:35.010 26685 26719 W System.err: java.net.SocketException: Message too long
11-06 14:50:35.010 26685 26719 W System.err: 	at sun.nio.ch.DatagramChannelImpl.send0(Native Method)
11-06 14:50:35.010 26685 26719 W System.err: 	at sun.nio.ch.DatagramChannelImpl.sendFromNativeBuffer(DatagramChannelImpl.java:573)
11-06 14:50:35.010 26685 26719 W System.err: 	at sun.nio.ch.DatagramChannelImpl.send(DatagramChannelImpl.java:550)
11-06 14:50:35.010 26685 26719 W System.err: 	at sun.nio.ch.DatagramChannelImpl.send(DatagramChannelImpl.java:514)
11-06 14:50:35.010 26685 26719 W System.err: 	at symlab.CloudAR.network.TransmissionTask.run(TransmissionTask.java:124)
11-06 14:50:35.010 26685 26719 W System.err: 	at android.os.Handler.handleCallback(Handler.java:907)
11-06 14:50:35.010 26685 26719 W System.err: 	at android.os.Handler.dispatchMessage(Handler.java:105)
11-06 14:50:35.010 26685 26719 W System.err: 	at android.os.Looper.loop(Looper.java:216)
11-06 14:50:35.010 26685 26719 W System.err: 	at android.os.HandlerThread.run(HandlerThread.java:65)
11-06 14:50:35.036 26685 26719 D Evaluation: Frame 152 sent at 1573044635035
11-06 14:50:35.075 26685 26719 D Evaluation: Frame 153 sent at 1573044635075
11-06 14:50:35.107 26685 26719 D Evaluation: Frame 154 sent at 1573044635107
11-06 14:50:35.108 26685 26685 D Poster  : At 1573044635108 location is 65.0596343317978 (latitude), and 25.46702620234591 (longitude)
11-06 14:50:35.110 26685 26685 D Poster  : Connected to mobile network 20
11-06 14:50:35.141 26685 26719 D Evaluation: Frame 155 sent at 1573044635141
11-06 14:50:35.161 26685 26719 D Evaluation: Frame 156 sent at 1573044635161
11-06 14:50:35.195 26685 26719 D Evaluation: Frame 157 sent at 1573044635195
11-06 14:50:35.230 26685 26719 D Evaluation: Frame 158 sent at 1573044635230
11-06 14:50:35.265 26685 26719 D Evaluation: Frame 159 sent at 1573044635265
11-06 14:50:35.298 26685 26719 D Evaluation: Frame 160 sent at 1573044635298
11-06 14:50:35.335 26685 26719 D Evaluation: Frame 161 sent at 1573044635334
11-06 14:50:35.372 26685 26719 D Evaluation: Frame 162 sent at 1573044635372
11-06 14:50:35.399 26685 26719 D Evaluation: Frame 163 sent at 1573044635399
11-06 14:50:35.440 26685 26719 D Evaluation: Frame 164 sent at 1573044635440
11-06 14:50:35.468 26685 26719 D Evaluation: Frame 165 sent at 1573044635468
11-06 14:50:35.496 26685 26719 D Evaluation: Frame 166 sent at 1573044635496
11-06 14:50:35.531 26685 26719 D Evaluation: Frame 167 sent at 1573044635530
11-06 14:50:35.564 26685 26719 D Evaluation: Frame 168 sent at 1573044635564
11-06 14:50:35.614 26685 26719 D Evaluation: Frame 169 sent at 1573044635614
11-06 14:50:35.641 26685 26719 D Evaluation: Frame 170 sent at 1573044635641
11-06 14:50:35.666 26685 26719 D Evaluation: Frame 171 sent at 1573044635666
11-06 14:50:35.702 26685 26719 D Evaluation: Frame 172 sent at 1573044635702
11-06 14:50:35.743 26685 26719 D Evaluation: Frame 173 sent at 1573044635743
11-06 14:50:35.776 26685 26719 D Evaluation: Frame 174 sent at 1573044635776
11-06 14:50:35.803 26685 26719 D Evaluation: Frame 175 sent at 1573044635803
11-06 14:50:35.841 26685 26719 D Evaluation: Frame 176 sent at 1573044635841
11-06 14:50:35.869 26685 26719 D Evaluation: Frame 177 sent at 1573044635869
11-06 14:50:35.910 26685 26719 D Evaluation: Frame 178 sent at 1573044635910
11-06 14:50:35.937 26685 26719 D Evaluation: Frame 179 sent at 1573044635937
11-06 14:50:35.976 26685 26719 D Evaluation: Frame 180 sent at 1573044635976
11-06 14:50:36.014 26685 26719 D Evaluation: Frame 181 sent at 1573044636014
11-06 14:50:36.043 26685 26719 D Evaluation: Frame 182 sent at 1573044636043
11-06 14:50:36.073 26685 26719 D Evaluation: Frame 183 sent at 1573044636073
11-06 14:50:36.107 26685 26685 D Poster  : At 1573044636107 location is 65.05958813526429 (latitude), and 25.466807875674515 (longitude)
11-06 14:50:36.109 26685 26685 D Poster  : Connected to mobile network 20
11-06 14:50:36.113 26685 26719 D Evaluation: Frame 184 sent at 1573044636113
11-06 14:50:36.143 26685 26719 D Evaluation: Frame 185 sent at 1573044636143
11-06 14:50:36.177 26685 26719 D Evaluation: Frame 186 sent at 1573044636177
11-06 14:50:36.205 26685 26719 D Evaluation: Frame 187 sent at 1573044636205
11-06 14:50:36.246 26685 26719 D Evaluation: Frame 188 sent at 1573044636246
11-06 14:50:36.271 26685 26719 D Evaluation: Frame 189 sent at 1573044636271
11-06 14:50:36.305 26685 26719 D Evaluation: Frame 190 sent at 1573044636305
11-06 14:50:36.343 26685 26719 D Evaluation: Frame 191 sent at 1573044636343
11-06 14:50:36.374 26685 26719 D Evaluation: Frame 192 sent at 1573044636374
11-06 14:50:36.416 26685 26719 D Evaluation: Frame 193 sent at 1573044636416
11-06 14:50:36.445 26685 26719 D Evaluation: Frame 194 sent at 1573044636445
11-06 14:50:36.475 26685 26719 D Evaluation: Frame 195 sent at 1573044636475
11-06 14:50:36.550 26685 26719 D Evaluation: Frame 196 sent at 1573044636550
11-06 14:50:36.581 26685 26719 D Evaluation: Frame 197 sent at 1573044636581
11-06 14:50:36.616 26685 26719 D Evaluation: Frame 198 sent at 1573044636616
11-06 14:50:36.647 26685 26719 D Evaluation: Frame 199 sent at 1573044636647
11-06 14:50:36.686 26685 26719 D Evaluation: Frame 200 sent at 1573044636686
11-06 14:50:36.716 26685 26719 D Evaluation: Frame 201 sent at 1573044636716
11-06 14:50:36.743 26685 26719 D Evaluation: Frame 202 sent at 1573044636743
11-06 14:50:36.784 26685 26719 D Evaluation: Frame 203 sent at 1573044636784
11-06 14:50:36.811 26685 26719 D Evaluation: Frame 204 sent at 1573044636811
11-06 14:50:36.851 26685 26719 D Evaluation: Frame 205 sent at 1573044636851
11-06 14:50:36.875 26685 26719 D Evaluation: Frame 206 sent at 1573044636875
11-06 14:50:36.917 26685 26719 D Evaluation: Frame 207 sent at 1573044636917
11-06 14:50:36.944 26685 26719 D Evaluation: Frame 208 sent at 1573044636944
11-06 14:50:36.984 26685 26719 D Evaluation: Frame 209 sent at 1573044636984
11-06 14:50:37.010 26685 26696 E         : [ZeroHung]zrhung_get_config: Get config failed for wp[0x0008]
11-06 14:50:37.011 26685 26719 D Evaluation: Frame 210 sent at 1573044637011
11-06 14:50:37.050 26685 26719 D Evaluation: Frame 211 sent at 1573044637050
11-06 14:50:37.077 26685 26719 D Evaluation: Frame 212 sent at 1573044637077
11-06 14:50:37.122 26685 26685 D Poster  : At 1573044637122 location is 65.0595613562209 (latitude), and 25.466801224247632 (longitude)
11-06 14:50:37.122 26685 26719 D Evaluation: Frame 213 sent at 1573044637122
11-06 14:50:37.124 26685 26685 D Poster  : Connected to mobile network 20
11-06 14:50:37.157 26685 26719 D Evaluation: Frame 214 sent at 1573044637157
11-06 14:50:37.182 26685 26719 D Evaluation: Frame 215 sent at 1573044637182
11-06 14:50:37.216 26685 26719 D Evaluation: Frame 216 sent at 1573044637216
11-06 14:50:37.251 26685 26719 D Evaluation: Frame 217 sent at 1573044637251
11-06 14:50:37.279 26685 26719 D Evaluation: Frame 218 sent at 1573044637279
11-06 14:50:37.321 26685 26719 D Evaluation: Frame 219 sent at 1573044637321
11-06 14:50:37.355 26685 26719 D Evaluation: Frame 220 sent at 1573044637355
11-06 14:50:37.386 26685 26719 D Evaluation: Frame 221 sent at 1573044637386
11-06 14:50:37.415 26685 26719 D Evaluation: Frame 222 sent at 1573044637415
11-06 14:50:37.457 26685 26719 D Evaluation: Frame 223 sent at 1573044637457
11-06 14:50:37.495 26685 26719 D Evaluation: Frame 224 sent at 1573044637495
11-06 14:50:37.523 26685 26719 D Evaluation: Frame 225 sent at 1573044637523
11-06 14:50:37.549 26685 26719 D Evaluation: Frame 226 sent at 1573044637549
11-06 14:50:37.590 26685 26719 D Evaluation: Frame 227 sent at 1573044637590
11-06 14:50:37.612 26685 26719 D Evaluation: Frame 228 sent at 1573044637612
11-06 14:50:37.654 26685 26719 D Evaluation: Frame 229 sent at 1573044637654
11-06 14:50:37.682 26685 26719 D Evaluation: Frame 230 sent at 1573044637682
11-06 14:50:37.722 26685 26719 D Evaluation: Frame 231 sent at 1573044637722
11-06 14:50:37.750 26685 26719 D Evaluation: Frame 232 sent at 1573044637750
11-06 14:50:37.792 26685 26719 D Evaluation: Frame 233 sent at 1573044637792
11-06 14:50:37.822 26685 26719 D Evaluation: Frame 234 sent at 1573044637822
11-06 14:50:37.849 26685 26719 D Evaluation: Frame 235 sent at 1573044637849
11-06 14:50:37.881 26685 26719 D Evaluation: Frame 236 sent at 1573044637881
11-06 14:50:37.915 26685 26719 D Evaluation: Frame 237 sent at 1573044637915
11-06 14:50:37.950 26685 26719 D Evaluation: Frame 238 sent at 1573044637950
11-06 14:50:37.995 26685 26719 D Evaluation: Frame 239 sent at 1573044637995
11-06 14:50:38.027 26685 26719 D Evaluation: Frame 240 sent at 1573044638027
11-06 14:50:38.055 26685 26719 D Evaluation: Frame 241 sent at 1573044638055
11-06 14:50:38.084 26685 26719 D Evaluation: Frame 242 sent at 1573044638084
11-06 14:50:38.095 26685 26685 D Poster  : At 1573044638095 location is 65.0595613562209 (latitude), and 25.466801224247632 (longitude)
11-06 14:50:38.097 26685 26685 D Poster  : Connected to mobile network 20
11-06 14:50:38.124 26685 26719 D Evaluation: Frame 243 sent at 1573044638124
11-06 14:50:38.150 26685 26719 D Evaluation: Frame 244 sent at 1573044638150
11-06 14:50:38.183 26685 26719 D Evaluation: Frame 245 sent at 1573044638183
11-06 14:50:38.219 26685 26719 D Evaluation: Frame 246 sent at 1573044638219
11-06 14:50:38.255 26685 26719 D Evaluation: Frame 247 sent at 1573044638255
11-06 14:50:38.294 26685 26719 D Evaluation: Frame 248 sent at 1573044638294
11-06 14:50:38.326 26685 26719 D Evaluation: Frame 249 sent at 1573044638326
11-06 14:50:38.357 26685 26719 D Evaluation: Frame 250 sent at 1573044638357
11-06 14:50:38.390 26685 26719 D Evaluation: Frame 251 sent at 1573044638390
11-06 14:50:38.422 26685 26719 D Evaluation: Frame 252 sent at 1573044638422
11-06 14:50:38.455 26685 26719 D Evaluation: Frame 253 sent at 1573044638455
11-06 14:50:38.491 26685 26719 D Evaluation: Frame 254 sent at 1573044638491
11-06 14:50:38.527 26685 26719 D Evaluation: Frame 255 sent at 1573044638527
11-06 14:50:38.563 26685 26719 D Evaluation: Frame 256 sent at 1573044638563
11-06 14:50:38.593 26685 26719 D Evaluation: Frame 257 sent at 1573044638593
11-06 14:50:38.625 26685 26719 D Evaluation: Frame 258 sent at 1573044638625
11-06 14:50:38.667 26685 26719 D Evaluation: Frame 259 sent at 1573044638667
11-06 14:50:38.698 26685 26719 D Evaluation: Frame 260 sent at 1573044638698
11-06 14:50:38.730 26685 26719 D Evaluation: Frame 261 sent at 1573044638730
11-06 14:50:38.763 26685 26719 D Evaluation: Frame 262 sent at 1573044638763
11-06 14:50:38.798 26685 26719 D Evaluation: Frame 263 sent at 1573044638798
11-06 14:50:38.842 26685 26719 D Evaluation: Frame 264 sent at 1573044638842
11-06 14:50:38.866 26685 26719 D Evaluation: Frame 265 sent at 1573044638866
11-06 14:50:38.891 26685 26719 D Evaluation: Frame 266 sent at 1573044638891
11-06 14:50:38.924 26685 26719 D Evaluation: Frame 267 sent at 1573044638924
11-06 14:50:38.959 26685 26719 D Evaluation: Frame 268 sent at 1573044638959
11-06 14:50:38.991 26685 26719 D Evaluation: Frame 269 sent at 1573044638991
11-06 14:50:39.024 26685 26719 D Evaluation: Frame 270 sent at 1573044639024
11-06 14:50:39.058 26685 26719 D Evaluation: Frame 271 sent at 1573044639058
11-06 14:50:39.095 26685 26719 D Evaluation: Frame 272 sent at 1573044639095
11-06 14:50:39.108 26685 26685 D Poster  : At 1573044639108 location is 65.0595613562209 (latitude), and 25.466801224247632 (longitude)
11-06 14:50:39.110 26685 26685 D Poster  : Connected to mobile network 20
11-06 14:50:39.135 26685 26719 D Evaluation: Frame 273 sent at 1573044639135
11-06 14:50:39.161 26685 26719 D Evaluation: Frame 274 sent at 1573044639161
11-06 14:50:39.199 26685 26719 D Evaluation: Frame 275 sent at 1573044639199
11-06 14:50:39.226 26685 26719 D Evaluation: Frame 276 sent at 1573044639226
11-06 14:50:39.262 26685 26719 D Evaluation: Frame 277 sent at 1573044639262
11-06 14:50:39.297 26685 26719 D Evaluation: Frame 278 sent at 1573044639296
11-06 14:50:39.328 26685 26719 D Evaluation: Frame 279 sent at 1573044639328
11-06 14:50:39.376 26685 26719 D Evaluation: Frame 280 sent at 1573044639376
11-06 14:50:39.403 26685 26719 D Evaluation: Frame 281 sent at 1573044639403
11-06 14:50:39.439 26685 26719 D Evaluation: Frame 282 sent at 1573044639439
11-06 14:50:39.473 26685 26696 E         : [ZeroHung]zrhung_get_config: Get config failed for wp[0x0008]
11-06 14:50:39.473 26685 26719 D Evaluation: Frame 283 sent at 1573044639473
11-06 14:50:39.504 26685 26719 D Evaluation: Frame 284 sent at 1573044639504
11-06 14:50:39.549 26685 26719 D Evaluation: Frame 285 sent at 1573044639549
11-06 14:50:39.572 26685 26719 D Evaluation: Frame 286 sent at 1573044639572
11-06 14:50:39.614 26685 26719 D Evaluation: Frame 287 sent at 1573044639614
11-06 14:50:39.641 26685 26719 D Evaluation: Frame 288 sent at 1573044639641
11-06 14:50:39.679 26685 26719 D Evaluation: Frame 289 sent at 1573044639679
11-06 14:50:39.719 26685 26719 D Evaluation: Frame 290 sent at 1573044639719
11-06 14:50:39.751 26685 26719 D Evaluation: Frame 291 sent at 1573044639751
11-06 14:50:39.776 26685 26719 D Evaluation: Frame 292 sent at 1573044639776
11-06 14:50:39.866 26685 26719 D Evaluation: Frame 293 sent at 1573044639866
11-06 14:50:39.906 26685 26719 W System.err: java.net.SocketException: Message too long
11-06 14:50:39.907 26685 26719 W System.err: 	at sun.nio.ch.DatagramChannelImpl.send0(Native Method)
11-06 14:50:39.907 26685 26719 W System.err: 	at sun.nio.ch.DatagramChannelImpl.sendFromNativeBuffer(DatagramChannelImpl.java:573)
11-06 14:50:39.907 26685 26719 W System.err: 	at sun.nio.ch.DatagramChannelImpl.send(DatagramChannelImpl.java:550)
11-06 14:50:39.907 26685 26719 W System.err: 	at sun.nio.ch.DatagramChannelImpl.send(DatagramChannelImpl.java:514)
11-06 14:50:39.907 26685 26719 W System.err: 	at symlab.CloudAR.network.TransmissionTask.run(TransmissionTask.java:124)
11-06 14:50:39.907 26685 26719 W System.err: 	at android.os.Handler.handleCallback(Handler.java:907)
11-06 14:50:39.907 26685 26719 W System.err: 	at android.os.Handler.dispatchMessage(Handler.java:105)
11-06 14:50:39.907 26685 26719 W System.err: 	at android.os.Looper.loop(Looper.java:216)
11-06 14:50:39.907 26685 26719 W System.err: 	at android.os.HandlerThread.run(HandlerThread.java:65)
11-06 14:50:39.934 26685 26719 D Evaluation: Frame 296 sent at 1573044639934
11-06 14:50:39.957 26685 26719 W System.err: java.net.SocketException: Message too long
11-06 14:50:39.958 26685 26719 W System.err: 	at sun.nio.ch.DatagramChannelImpl.send0(Native Method)
11-06 14:50:39.958 26685 26719 W System.err: 	at sun.nio.ch.DatagramChannelImpl.sendFromNativeBuffer(DatagramChannelImpl.java:573)
11-06 14:50:39.958 26685 26719 W System.err: 	at sun.nio.ch.DatagramChannelImpl.send(DatagramChannelImpl.java:550)
11-06 14:50:39.958 26685 26719 W System.err: 	at sun.nio.ch.DatagramChannelImpl.send(DatagramChannelImpl.java:514)
11-06 14:50:39.958 26685 26719 W System.err: 	at symlab.CloudAR.network.TransmissionTask.run(TransmissionTask.java:124)
11-06 14:50:39.958 26685 26719 W System.err: 	at android.os.Handler.handleCallback(Handler.java:907)
11-06 14:50:39.958 26685 26719 W System.err: 	at android.os.Handler.dispatchMessage(Handler.java:105)
11-06 14:50:39.958 26685 26719 W System.err: 	at android.os.Looper.loop(Looper.java:216)
11-06 14:50:39.958 26685 26719 W System.err: 	at android.os.HandlerThread.run(HandlerThread.java:65)
11-06 14:50:39.994 26685 26719 W System.err: java.net.SocketException: Message too long
11-06 14:50:39.994 26685 26719 W System.err: 	at sun.nio.ch.DatagramChannelImpl.send0(Native Method)
11-06 14:50:39.994 26685 26719 W System.err: 	at sun.nio.ch.DatagramChannelImpl.sendFromNativeBuffer(DatagramChannelImpl.java:573)
11-06 14:50:39.994 26685 26719 W System.err: 	at sun.nio.ch.DatagramChannelImpl.send(DatagramChannelImpl.java:550)
11-06 14:50:39.994 26685 26719 W System.err: 	at sun.nio.ch.DatagramChannelImpl.send(DatagramChannelImpl.java:514)
11-06 14:50:39.994 26685 26719 W System.err: 	at symlab.CloudAR.network.TransmissionTask.run(TransmissionTask.java:124)
11-06 14:50:39.994 26685 26719 W System.err: 	at android.os.Handler.handleCallback(Handler.java:907)
11-06 14:50:39.994 26685 26719 W System.err: 	at android.os.Handler.dispatchMessage(Handler.java:105)
11-06 14:50:39.994 26685 26719 W System.err: 	at android.os.Looper.loop(Looper.java:216)
11-06 14:50:39.994 26685 26719 W System.err: 	at android.os.HandlerThread.run(HandlerThread.java:65)
11-06 14:50:40.015 26685 26719 W System.err: java.net.SocketException: Message too long
11-06 14:50:40.015 26685 26719 W System.err: 	at sun.nio.ch.DatagramChannelImpl.send0(Native Method)
11-06 14:50:40.015 26685 26719 W System.err: 	at sun.nio.ch.DatagramChannelImpl.sendFromNativeBuffer(DatagramChannelImpl.java:573)
11-06 14:50:40.016 26685 26719 W System.err: 	at sun.nio.ch.DatagramChannelImpl.send(DatagramChannelImpl.java:550)
11-06 14:50:40.016 26685 26719 W System.err: 	at sun.nio.ch.DatagramChannelImpl.send(DatagramChannelImpl.java:514)
11-06 14:50:40.016 26685 26719 W System.err: 	at symlab.CloudAR.network.TransmissionTask.run(TransmissionTask.java:124)
11-06 14:50:40.016 26685 26719 W System.err: 	at android.os.Handler.handleCallback(Handler.java:907)
11-06 14:50:40.016 26685 26719 W System.err: 	at android.os.Handler.dispatchMessage(Handler.java:105)
11-06 14:50:40.016 26685 26719 W System.err: 	at android.os.Looper.loop(Looper.java:216)
11-06 14:50:40.016 26685 26719 W System.err: 	at android.os.HandlerThread.run(HandlerThread.java:65)
11-06 14:50:40.060 26685 26719 W System.err: java.net.SocketException: Message too long
11-06 14:50:40.060 26685 26719 W System.err: 	at sun.nio.ch.DatagramChannelImpl.send0(Native Method)
11-06 14:50:40.060 26685 26719 W System.err: 	at sun.nio.ch.DatagramChannelImpl.sendFromNativeBuffer(DatagramChannelImpl.java:573)
11-06 14:50:40.060 26685 26719 W System.err: 	at sun.nio.ch.DatagramChannelImpl.send(DatagramChannelImpl.java:550)
11-06 14:50:40.060 26685 26719 W System.err: 	at sun.nio.ch.DatagramChannelImpl.send(DatagramChannelImpl.java:514)
11-06 14:50:40.060 26685 26719 W System.err: 	at symlab.CloudAR.network.TransmissionTask.run(TransmissionTask.java:124)
11-06 14:50:40.060 26685 26719 W System.err: 	at android.os.Handler.handleCallback(Handler.java:907)
11-06 14:50:40.060 26685 26719 W System.err: 	at android.os.Handler.dispatchMessage(Handler.java:105)
11-06 14:50:40.060 26685 26719 W System.err: 	at android.os.Looper.loop(Looper.java:216)
11-06 14:50:40.060 26685 26719 W System.err: 	at android.os.HandlerThread.run(HandlerThread.java:65)
11-06 14:50:40.081 26685 26719 W System.err: java.net.SocketException: Message too long
11-06 14:50:40.081 26685 26719 W System.err: 	at sun.nio.ch.DatagramChannelImpl.send0(Native Method)
11-06 14:50:40.081 26685 26719 W System.err: 	at sun.nio.ch.DatagramChannelImpl.sendFromNativeBuffer(DatagramChannelImpl.java:573)
11-06 14:50:40.081 26685 26719 W System.err: 	at sun.nio.ch.DatagramChannelImpl.send(DatagramChannelImpl.java:550)
11-06 14:50:40.081 26685 26719 W System.err: 	at sun.nio.ch.DatagramChannelImpl.send(DatagramChannelImpl.java:514)
11-06 14:50:40.081 26685 26719 W System.err: 	at symlab.CloudAR.network.TransmissionTask.run(TransmissionTask.java:124)
11-06 14:50:40.081 26685 26719 W System.err: 	at android.os.Handler.handleCallback(Handler.java:907)
11-06 14:50:40.081 26685 26719 W System.err: 	at android.os.Handler.dispatchMessage(Handler.java:105)
11-06 14:50:40.081 26685 26719 W System.err: 	at android.os.Looper.loop(Looper.java:216)
11-06 14:50:40.081 26685 26719 W System.err: 	at android.os.HandlerThread.run(HandlerThread.java:65)
11-06 14:50:40.119 26685 26685 D Poster  : At 1573044640119 location is 65.05956399165711 (latitude), and 25.466849392619885 (longitude)
11-06 14:50:40.121 26685 26685 D Poster  : Connected to mobile network 20
11-06 14:50:40.124 26685 26719 W System.err: java.net.SocketException: Message too long
11-06 14:50:40.124 26685 26719 W System.err: 	at sun.nio.ch.DatagramChannelImpl.send0(Native Method)
11-06 14:50:40.124 26685 26719 W System.err: 	at sun.nio.ch.DatagramChannelImpl.sendFromNativeBuffer(DatagramChannelImpl.java:573)
11-06 14:50:40.124 26685 26719 W System.err: 	at sun.nio.ch.DatagramChannelImpl.send(DatagramChannelImpl.java:550)
11-06 14:50:40.124 26685 26719 W System.err: 	at sun.nio.ch.DatagramChannelImpl.send(DatagramChannelImpl.java:514)
11-06 14:50:40.124 26685 26719 W System.err: 	at symlab.CloudAR.network.TransmissionTask.run(TransmissionTask.java:124)
11-06 14:50:40.124 26685 26719 W System.err: 	at android.os.Handler.handleCallback(Handler.java:907)
11-06 14:50:40.124 26685 26719 W System.err: 	at android.os.Handler.dispatchMessage(Handler.java:105)
11-06 14:50:40.124 26685 26719 W System.err: 	at android.os.Looper.loop(Looper.java:216)
11-06 14:50:40.124 26685 26719 W System.err: 	at android.os.HandlerThread.run(HandlerThread.java:65)
11-06 14:50:40.156 26685 26719 D Evaluation: Frame 302 sent at 1573044640156
11-06 14:50:40.178 26685 26719 D Evaluation: Frame 303 sent at 1573044640178
11-06 14:50:40.218 26685 26719 D Evaluation: Frame 304 sent at 1573044640218
11-06 14:50:40.250 26685 26719 W System.err: java.net.SocketException: Message too long
11-06 14:50:40.250 26685 26719 W System.err: 	at sun.nio.ch.DatagramChannelImpl.send0(Native Method)
11-06 14:50:40.250 26685 26719 W System.err: 	at sun.nio.ch.DatagramChannelImpl.sendFromNativeBuffer(DatagramChannelImpl.java:573)
11-06 14:50:40.250 26685 26719 W System.err: 	at sun.nio.ch.DatagramChannelImpl.send(DatagramChannelImpl.java:550)
11-06 14:50:40.250 26685 26719 W System.err: 	at sun.nio.ch.DatagramChannelImpl.send(DatagramChannelImpl.java:514)
11-06 14:50:40.250 26685 26719 W System.err: 	at symlab.CloudAR.network.TransmissionTask.run(TransmissionTask.java:124)
11-06 14:50:40.250 26685 26719 W System.err: 	at android.os.Handler.handleCallback(Handler.java:907)
11-06 14:50:40.250 26685 26719 W System.err: 	at android.os.Handler.dispatchMessage(Handler.java:105)
11-06 14:50:40.250 26685 26719 W System.err: 	at android.os.Looper.loop(Looper.java:216)
11-06 14:50:40.250 26685 26719 W System.err: 	at android.os.HandlerThread.run(HandlerThread.java:65)
11-06 14:50:40.283 26685 26719 W System.err: java.net.SocketException: Message too long
11-06 14:50:40.284 26685 26719 W System.err: 	at sun.nio.ch.DatagramChannelImpl.send0(Native Method)
11-06 14:50:40.284 26685 26719 W System.err: 	at sun.nio.ch.DatagramChannelImpl.sendFromNativeBuffer(DatagramChannelImpl.java:573)
11-06 14:50:40.284 26685 26719 W System.err: 	at sun.nio.ch.DatagramChannelImpl.send(DatagramChannelImpl.java:550)
11-06 14:50:40.284 26685 26719 W System.err: 	at sun.nio.ch.DatagramChannelImpl.send(DatagramChannelImpl.java:514)
11-06 14:50:40.284 26685 26719 W System.err: 	at symlab.CloudAR.network.TransmissionTask.run(TransmissionTask.java:124)
11-06 14:50:40.284 26685 26719 W System.err: 	at android.os.Handler.handleCallback(Handler.java:907)
11-06 14:50:40.284 26685 26719 W System.err: 	at android.os.Handler.dispatchMessage(Handler.java:105)
11-06 14:50:40.284 26685 26719 W System.err: 	at android.os.Looper.loop(Looper.java:216)
11-06 14:50:40.284 26685 26719 W System.err: 	at android.os.HandlerThread.run(HandlerThread.java:65)
11-06 14:50:40.320 26685 26719 W System.err: java.net.SocketException: Message too long
11-06 14:50:40.320 26685 26719 W System.err: 	at sun.nio.ch.DatagramChannelImpl.send0(Native Method)
11-06 14:50:40.320 26685 26719 W System.err: 	at sun.nio.ch.DatagramChannelImpl.sendFromNativeBuffer(DatagramChannelImpl.java:573)
11-06 14:50:40.320 26685 26719 W System.err: 	at sun.nio.ch.DatagramChannelImpl.send(DatagramChannelImpl.java:550)
11-06 14:50:40.320 26685 26719 W System.err: 	at sun.nio.ch.DatagramChannelImpl.send(DatagramChannelImpl.java:514)
11-06 14:50:40.320 26685 26719 W System.err: 	at symlab.CloudAR.network.TransmissionTask.run(TransmissionTask.java:124)
11-06 14:50:40.320 26685 26719 W System.err: 	at android.os.Handler.handleCallback(Handler.java:907)
11-06 14:50:40.320 26685 26719 W System.err: 	at android.os.Handler.dispatchMessage(Handler.java:105)
11-06 14:50:40.320 26685 26719 W System.err: 	at android.os.Looper.loop(Looper.java:216)
11-06 14:50:40.320 26685 26719 W System.err: 	at android.os.HandlerThread.run(HandlerThread.java:65)
11-06 14:50:40.358 26685 26719 W System.err: java.net.SocketException: Message too long
11-06 14:50:40.358 26685 26719 W System.err: 	at sun.nio.ch.DatagramChannelImpl.send0(Native Method)
11-06 14:50:40.358 26685 26719 W System.err: 	at sun.nio.ch.DatagramChannelImpl.sendFromNativeBuffer(DatagramChannelImpl.java:573)
11-06 14:50:40.358 26685 26719 W System.err: 	at sun.nio.ch.DatagramChannelImpl.send(DatagramChannelImpl.java:550)
11-06 14:50:40.358 26685 26719 W System.err: 	at sun.nio.ch.DatagramChannelImpl.send(DatagramChannelImpl.java:514)
11-06 14:50:40.358 26685 26719 W System.err: 	at symlab.CloudAR.network.TransmissionTask.run(TransmissionTask.java:124)
11-06 14:50:40.358 26685 26719 W System.err: 	at android.os.Handler.handleCallback(Handler.java:907)
11-06 14:50:40.358 26685 26719 W System.err: 	at android.os.Handler.dispatchMessage(Handler.java:105)
11-06 14:50:40.358 26685 26719 W System.err: 	at android.os.Looper.loop(Looper.java:216)
11-06 14:50:40.358 26685 26719 W System.err: 	at android.os.HandlerThread.run(HandlerThread.java:65)
11-06 14:50:40.384 26685 26719 W System.err: java.net.SocketException: Message too long
11-06 14:50:40.384 26685 26719 W System.err: 	at sun.nio.ch.DatagramChannelImpl.send0(Native Method)
11-06 14:50:40.384 26685 26719 W System.err: 	at sun.nio.ch.DatagramChannelImpl.sendFromNativeBuffer(DatagramChannelImpl.java:573)
11-06 14:50:40.384 26685 26719 W System.err: 	at sun.nio.ch.DatagramChannelImpl.send(DatagramChannelImpl.java:550)
11-06 14:50:40.384 26685 26719 W System.err: 	at sun.nio.ch.DatagramChannelImpl.send(DatagramChannelImpl.java:514)
11-06 14:50:40.384 26685 26719 W System.err: 	at symlab.CloudAR.network.TransmissionTask.run(TransmissionTask.java:124)
11-06 14:50:40.384 26685 26719 W System.err: 	at android.os.Handler.handleCallback(Handler.java:907)
11-06 14:50:40.384 26685 26719 W System.err: 	at android.os.Handler.dispatchMessage(Handler.java:105)
11-06 14:50:40.384 26685 26719 W System.err: 	at android.os.Looper.loop(Looper.java:216)
11-06 14:50:40.384 26685 26719 W System.err: 	at android.os.HandlerThread.run(HandlerThread.java:65)
11-06 14:50:40.424 26685 26719 W System.err: java.net.SocketException: Message too long
11-06 14:50:40.424 26685 26719 W System.err: 	at sun.nio.ch.DatagramChannelImpl.send0(Native Method)
11-06 14:50:40.424 26685 26719 W System.err: 	at sun.nio.ch.DatagramChannelImpl.sendFromNativeBuffer(DatagramChannelImpl.java:573)
11-06 14:50:40.424 26685 26719 W System.err: 	at sun.nio.ch.DatagramChannelImpl.send(DatagramChannelImpl.java:550)
11-06 14:50:40.424 26685 26719 W System.err: 	at sun.nio.ch.DatagramChannelImpl.send(DatagramChannelImpl.java:514)
11-06 14:50:40.424 26685 26719 W System.err: 	at symlab.CloudAR.network.TransmissionTask.run(TransmissionTask.java:124)
11-06 14:50:40.424 26685 26719 W System.err: 	at android.os.Handler.handleCallback(Handler.java:907)
11-06 14:50:40.424 26685 26719 W System.err: 	at android.os.Handler.dispatchMessage(Handler.java:105)
11-06 14:50:40.424 26685 26719 W System.err: 	at android.os.Looper.loop(Looper.java:216)
11-06 14:50:40.424 26685 26719 W System.err: 	at android.os.HandlerThread.run(HandlerThread.java:65)
11-06 14:50:40.474 26685 26719 W System.err: java.net.SocketException: Message too long
11-06 14:50:40.474 26685 26719 W System.err: 	at sun.nio.ch.DatagramChannelImpl.send0(Native Method)
11-06 14:50:40.474 26685 26719 W System.err: 	at sun.nio.ch.DatagramChannelImpl.sendFromNativeBuffer(DatagramChannelImpl.java:573)
11-06 14:50:40.474 26685 26719 W System.err: 	at sun.nio.ch.DatagramChannelImpl.send(DatagramChannelImpl.java:550)
11-06 14:50:40.474 26685 26719 W System.err: 	at sun.nio.ch.DatagramChannelImpl.send(DatagramChannelImpl.java:514)
11-06 14:50:40.474 26685 26719 W System.err: 	at symlab.CloudAR.network.TransmissionTask.run(TransmissionTask.java:124)
11-06 14:50:40.474 26685 26719 W System.err: 	at android.os.Handler.handleCallback(Handler.java:907)
11-06 14:50:40.474 26685 26719 W System.err: 	at android.os.Handler.dispatchMessage(Handler.java:105)
11-06 14:50:40.474 26685 26719 W System.err: 	at android.os.Looper.loop(Looper.java:216)
11-06 14:50:40.474 26685 26719 W System.err: 	at android.os.HandlerThread.run(HandlerThread.java:65)
11-06 14:50:40.505 26685 26719 W System.err: java.net.SocketException: Message too long
11-06 14:50:40.505 26685 26719 W System.err: 	at sun.nio.ch.DatagramChannelImpl.send0(Native Method)
11-06 14:50:40.505 26685 26719 W System.err: 	at sun.nio.ch.DatagramChannelImpl.sendFromNativeBuffer(DatagramChannelImpl.java:573)
11-06 14:50:40.505 26685 26719 W System.err: 	at sun.nio.ch.DatagramChannelImpl.send(DatagramChannelImpl.java:550)
11-06 14:50:40.505 26685 26719 W System.err: 	at sun.nio.ch.DatagramChannelImpl.send(DatagramChannelImpl.java:514)
11-06 14:50:40.505 26685 26719 W System.err: 	at symlab.CloudAR.network.TransmissionTask.run(TransmissionTask.java:124)
11-06 14:50:40.505 26685 26719 W System.err: 	at android.os.Handler.handleCallback(Handler.java:907)
11-06 14:50:40.505 26685 26719 W System.err: 	at android.os.Handler.dispatchMessage(Handler.java:105)
11-06 14:50:40.506 26685 26719 W System.err: 	at android.os.Looper.loop(Looper.java:216)
11-06 14:50:40.506 26685 26719 W System.err: 	at android.os.HandlerThread.run(HandlerThread.java:65)
11-06 14:50:40.531 26685 26696 E         : [ZeroHung]zrhung_get_config: Get config failed for wp[0x0008]
11-06 14:50:40.532 26685 26719 W System.err: java.net.SocketException: Message too long
11-06 14:50:40.532 26685 26719 W System.err: 	at sun.nio.ch.DatagramChannelImpl.send0(Native Method)
11-06 14:50:40.532 26685 26719 W System.err: 	at sun.nio.ch.DatagramChannelImpl.sendFromNativeBuffer(DatagramChannelImpl.java:573)
11-06 14:50:40.532 26685 26719 W System.err: 	at sun.nio.ch.DatagramChannelImpl.send(DatagramChannelImpl.java:550)
11-06 14:50:40.532 26685 26719 W System.err: 	at sun.nio.ch.DatagramChannelImpl.send(DatagramChannelImpl.java:514)
11-06 14:50:40.532 26685 26719 W System.err: 	at symlab.CloudAR.network.TransmissionTask.run(TransmissionTask.java:124)
11-06 14:50:40.532 26685 26719 W System.err: 	at android.os.Handler.handleCallback(Handler.java:907)
11-06 14:50:40.532 26685 26719 W System.err: 	at android.os.Handler.dispatchMessage(Handler.java:105)
11-06 14:50:40.532 26685 26719 W System.err: 	at android.os.Looper.loop(Looper.java:216)
11-06 14:50:40.532 26685 26719 W System.err: 	at android.os.HandlerThread.run(HandlerThread.java:65)
11-06 14:50:40.555 26685 26719 W System.err: java.net.SocketException: Message too long
11-06 14:50:40.556 26685 26719 W System.err: 	at sun.nio.ch.DatagramChannelImpl.send0(Native Method)
11-06 14:50:40.556 26685 26719 W System.err: 	at sun.nio.ch.DatagramChannelImpl.sendFromNativeBuffer(DatagramChannelImpl.java:573)
11-06 14:50:40.556 26685 26719 W System.err: 	at sun.nio.ch.DatagramChannelImpl.send(DatagramChannelImpl.java:550)
11-06 14:50:40.556 26685 26719 W System.err: 	at sun.nio.ch.DatagramChannelImpl.send(DatagramChannelImpl.java:514)
11-06 14:50:40.556 26685 26719 W System.err: 	at symlab.CloudAR.network.TransmissionTask.run(TransmissionTask.java:124)
11-06 14:50:40.556 26685 26719 W System.err: 	at android.os.Handler.handleCallback(Handler.java:907)
11-06 14:50:40.556 26685 26719 W System.err: 	at android.os.Handler.dispatchMessage(Handler.java:105)
11-06 14:50:40.556 26685 26719 W System.err: 	at android.os.Looper.loop(Looper.java:216)
11-06 14:50:40.556 26685 26719 W System.err: 	at android.os.HandlerThread.run(HandlerThread.java:65)
11-06 14:50:40.585 26685 26719 W System.err: java.net.SocketException: Message too long
11-06 14:50:40.585 26685 26719 W System.err: 	at sun.nio.ch.DatagramChannelImpl.send0(Native Method)
11-06 14:50:40.585 26685 26719 W System.err: 	at sun.nio.ch.DatagramChannelImpl.sendFromNativeBuffer(DatagramChannelImpl.java:573)
11-06 14:50:40.585 26685 26719 W System.err: 	at sun.nio.ch.DatagramChannelImpl.send(DatagramChannelImpl.java:550)
11-06 14:50:40.585 26685 26719 W System.err: 	at sun.nio.ch.DatagramChannelImpl.send(DatagramChannelImpl.java:514)
11-06 14:50:40.585 26685 26719 W System.err: 	at symlab.CloudAR.network.TransmissionTask.run(TransmissionTask.java:124)
11-06 14:50:40.585 26685 26719 W System.err: 	at android.os.Handler.handleCallback(Handler.java:907)
11-06 14:50:40.585 26685 26719 W System.err: 	at android.os.Handler.dispatchMessage(Handler.java:105)
11-06 14:50:40.585 26685 26719 W System.err: 	at android.os.Looper.loop(Looper.java:216)
11-06 14:50:40.585 26685 26719 W System.err: 	at android.os.HandlerThread.run(HandlerThread.java:65)
11-06 14:50:40.617 26685 26719 W System.err: java.net.SocketException: Message too long
11-06 14:50:40.617 26685 26719 W System.err: 	at sun.nio.ch.DatagramChannelImpl.send0(Native Method)
11-06 14:50:40.617 26685 26719 W System.err: 	at sun.nio.ch.DatagramChannelImpl.sendFromNativeBuffer(DatagramChannelImpl.java:573)
11-06 14:50:40.617 26685 26719 W System.err: 	at sun.nio.ch.DatagramChannelImpl.send(DatagramChannelImpl.java:550)
11-06 14:50:40.617 26685 26719 W System.err: 	at sun.nio.ch.DatagramChannelImpl.send(DatagramChannelImpl.java:514)
11-06 14:50:40.617 26685 26719 W System.err: 	at symlab.CloudAR.network.TransmissionTask.run(TransmissionTask.java:124)
11-06 14:50:40.617 26685 26719 W System.err: 	at android.os.Handler.handleCallback(Handler.java:907)
11-06 14:50:40.617 26685 26719 W System.err: 	at android.os.Handler.dispatchMessage(Handler.java:105)
11-06 14:50:40.617 26685 26719 W System.err: 	at android.os.Looper.loop(Looper.java:216)
11-06 14:50:40.617 26685 26719 W System.err: 	at android.os.HandlerThread.run(HandlerThread.java:65)
11-06 14:50:40.660 26685 26719 W System.err: java.net.SocketException: Message too long
11-06 14:50:40.660 26685 26719 W System.err: 	at sun.nio.ch.DatagramChannelImpl.send0(Native Method)
11-06 14:50:40.660 26685 26719 W System.err: 	at sun.nio.ch.DatagramChannelImpl.sendFromNativeBuffer(DatagramChannelImpl.java:573)
11-06 14:50:40.660 26685 26719 W System.err: 	at sun.nio.ch.DatagramChannelImpl.send(DatagramChannelImpl.java:550)
11-06 14:50:40.660 26685 26719 W System.err: 	at sun.nio.ch.DatagramChannelImpl.send(DatagramChannelImpl.java:514)
11-06 14:50:40.660 26685 26719 W System.err: 	at symlab.CloudAR.network.TransmissionTask.run(TransmissionTask.java:124)
11-06 14:50:40.660 26685 26719 W System.err: 	at android.os.Handler.handleCallback(Handler.java:907)
11-06 14:50:40.660 26685 26719 W System.err: 	at android.os.Handler.dispatchMessage(Handler.java:105)
11-06 14:50:40.660 26685 26719 W System.err: 	at android.os.Looper.loop(Looper.java:216)
11-06 14:50:40.660 26685 26719 W System.err: 	at android.os.HandlerThread.run(HandlerThread.java:65)
11-06 14:50:40.697 26685 26719 W System.err: java.net.SocketException: Message too long
11-06 14:50:40.697 26685 26719 W System.err: 	at sun.nio.ch.DatagramChannelImpl.send0(Native Method)
11-06 14:50:40.697 26685 26719 W System.err: 	at sun.nio.ch.DatagramChannelImpl.sendFromNativeBuffer(DatagramChannelImpl.java:573)
11-06 14:50:40.697 26685 26719 W System.err: 	at sun.nio.ch.DatagramChannelImpl.send(DatagramChannelImpl.java:550)
11-06 14:50:40.697 26685 26719 W System.err: 	at sun.nio.ch.DatagramChannelImpl.send(DatagramChannelImpl.java:514)
11-06 14:50:40.697 26685 26719 W System.err: 	at symlab.CloudAR.network.TransmissionTask.run(TransmissionTask.java:124)
11-06 14:50:40.697 26685 26719 W System.err: 	at android.os.Handler.handleCallback(Handler.java:907)
11-06 14:50:40.697 26685 26719 W System.err: 	at android.os.Handler.dispatchMessage(Handler.java:105)
11-06 14:50:40.697 26685 26719 W System.err: 	at android.os.Looper.loop(Looper.java:216)
11-06 14:50:40.697 26685 26719 W System.err: 	at android.os.HandlerThread.run(HandlerThread.java:65)
11-06 14:50:40.722 26685 26719 W System.err: java.net.SocketException: Message too long
11-06 14:50:40.722 26685 26719 W System.err: 	at sun.nio.ch.DatagramChannelImpl.send0(Native Method)
11-06 14:50:40.722 26685 26719 W System.err: 	at sun.nio.ch.DatagramChannelImpl.sendFromNativeBuffer(DatagramChannelImpl.java:573)
11-06 14:50:40.722 26685 26719 W System.err: 	at sun.nio.ch.DatagramChannelImpl.send(DatagramChannelImpl.java:550)
11-06 14:50:40.722 26685 26719 W System.err: 	at sun.nio.ch.DatagramChannelImpl.send(DatagramChannelImpl.java:514)
11-06 14:50:40.722 26685 26719 W System.err: 	at symlab.CloudAR.network.TransmissionTask.run(TransmissionTask.java:124)
11-06 14:50:40.722 26685 26719 W System.err: 	at android.os.Handler.handleCallback(Handler.java:907)
11-06 14:50:40.722 26685 26719 W System.err: 	at android.os.Handler.dispatchMessage(Handler.java:105)
11-06 14:50:40.722 26685 26719 W System.err: 	at android.os.Looper.loop(Looper.java:216)
11-06 14:50:40.722 26685 26719 W System.err: 	at android.os.HandlerThread.run(HandlerThread.java:65)
11-06 14:50:40.756 26685 26719 W System.err: java.net.SocketException: Message too long
11-06 14:50:40.756 26685 26719 W System.err: 	at sun.nio.ch.DatagramChannelImpl.send0(Native Method)
11-06 14:50:40.757 26685 26719 W System.err: 	at sun.nio.ch.DatagramChannelImpl.sendFromNativeBuffer(DatagramChannelImpl.java:573)
11-06 14:50:40.757 26685 26719 W System.err: 	at sun.nio.ch.DatagramChannelImpl.send(DatagramChannelImpl.java:550)
11-06 14:50:40.757 26685 26719 W System.err: 	at sun.nio.ch.DatagramChannelImpl.send(DatagramChannelImpl.java:514)
11-06 14:50:40.757 26685 26719 W System.err: 	at symlab.CloudAR.network.TransmissionTask.run(TransmissionTask.java:124)
11-06 14:50:40.757 26685 26719 W System.err: 	at android.os.Handler.handleCallback(Handler.java:907)
11-06 14:50:40.757 26685 26719 W System.err: 	at android.os.Handler.dispatchMessage(Handler.java:105)
11-06 14:50:40.757 26685 26719 W System.err: 	at android.os.Looper.loop(Looper.java:216)
11-06 14:50:40.757 26685 26719 W System.err: 	at android.os.HandlerThread.run(HandlerThread.java:65)
11-06 14:50:40.798 26685 26719 W System.err: java.net.SocketException: Message too long
11-06 14:50:40.798 26685 26719 W System.err: 	at sun.nio.ch.DatagramChannelImpl.send0(Native Method)
11-06 14:50:40.798 26685 26719 W System.err: 	at sun.nio.ch.DatagramChannelImpl.sendFromNativeBuffer(DatagramChannelImpl.java:573)
11-06 14:50:40.798 26685 26719 W System.err: 	at sun.nio.ch.DatagramChannelImpl.send(DatagramChannelImpl.java:550)
11-06 14:50:40.798 26685 26719 W System.err: 	at sun.nio.ch.DatagramChannelImpl.send(DatagramChannelImpl.java:514)
11-06 14:50:40.798 26685 26719 W System.err: 	at symlab.CloudAR.network.TransmissionTask.run(TransmissionTask.java:124)
11-06 14:50:40.798 26685 26719 W System.err: 	at android.os.Handler.handleCallback(Handler.java:907)
11-06 14:50:40.798 26685 26719 W System.err: 	at android.os.Handler.dispatchMessage(Handler.java:105)
11-06 14:50:40.798 26685 26719 W System.err: 	at android.os.Looper.loop(Looper.java:216)
11-06 14:50:40.798 26685 26719 W System.err: 	at android.os.HandlerThread.run(HandlerThread.java:65)
11-06 14:50:40.827 26685 26719 W System.err: java.net.SocketException: Message too long
11-06 14:50:40.827 26685 26719 W System.err: 	at sun.nio.ch.DatagramChannelImpl.send0(Native Method)
11-06 14:50:40.827 26685 26719 W System.err: 	at sun.nio.ch.DatagramChannelImpl.sendFromNativeBuffer(DatagramChannelImpl.java:573)
11-06 14:50:40.827 26685 26719 W System.err: 	at sun.nio.ch.DatagramChannelImpl.send(DatagramChannelImpl.java:550)
11-06 14:50:40.827 26685 26719 W System.err: 	at sun.nio.ch.DatagramChannelImpl.send(DatagramChannelImpl.java:514)
11-06 14:50:40.827 26685 26719 W System.err: 	at symlab.CloudAR.network.TransmissionTask.run(TransmissionTask.java:124)
11-06 14:50:40.827 26685 26719 W System.err: 	at android.os.Handler.handleCallback(Handler.java:907)
11-06 14:50:40.827 26685 26719 W System.err: 	at android.os.Handler.dispatchMessage(Handler.java:105)
11-06 14:50:40.827 26685 26719 W System.err: 	at android.os.Looper.loop(Looper.java:216)
11-06 14:50:40.827 26685 26719 W System.err: 	at android.os.HandlerThread.run(HandlerThread.java:65)
11-06 14:50:40.860 26685 26719 W System.err: java.net.SocketException: Message too long
11-06 14:50:40.860 26685 26719 W System.err: 	at sun.nio.ch.DatagramChannelImpl.send0(Native Method)
11-06 14:50:40.860 26685 26719 W System.err: 	at sun.nio.ch.DatagramChannelImpl.sendFromNativeBuffer(DatagramChannelImpl.java:573)
11-06 14:50:40.860 26685 26719 W System.err: 	at sun.nio.ch.DatagramChannelImpl.send(DatagramChannelImpl.java:550)
11-06 14:50:40.860 26685 26719 W System.err: 	at sun.nio.ch.DatagramChannelImpl.send(DatagramChannelImpl.java:514)
11-06 14:50:40.860 26685 26719 W System.err: 	at symlab.CloudAR.network.TransmissionTask.run(TransmissionTask.java:124)
11-06 14:50:40.860 26685 26719 W System.err: 	at android.os.Handler.handleCallback(Handler.java:907)
11-06 14:50:40.860 26685 26719 W System.err: 	at android.os.Handler.dispatchMessage(Handler.java:105)
11-06 14:50:40.860 26685 26719 W System.err: 	at android.os.Looper.loop(Looper.java:216)
11-06 14:50:40.860 26685 26719 W System.err: 	at android.os.HandlerThread.run(HandlerThread.java:65)
11-06 14:50:40.896 26685 26719 W System.err: java.net.SocketException: Message too long
11-06 14:50:40.896 26685 26719 W System.err: 	at sun.nio.ch.DatagramChannelImpl.send0(Native Method)
11-06 14:50:40.896 26685 26719 W System.err: 	at sun.nio.ch.DatagramChannelImpl.sendFromNativeBuffer(DatagramChannelImpl.java:573)
11-06 14:50:40.896 26685 26719 W System.err: 	at sun.nio.ch.DatagramChannelImpl.send(DatagramChannelImpl.java:550)
11-06 14:50:40.896 26685 26719 W System.err: 	at sun.nio.ch.DatagramChannelImpl.send(DatagramChannelImpl.java:514)
