--------- beginning of main
11-06 11:57:06.366  3427  3480 E         : [ZeroHung]zrhung_get_config: Get config failed for wp[0x0102]
11-06 11:57:06.366  3427  3480 W ZrHung.AppEyeUiProbe: Failed to get config from zrhung
11-06 11:57:06.367  3478  3478 W logcat  : type=1400 audit(0.0:41477): avc: granted { create } for name="logcat_1573034226355.txt" scontext=u:r:untrusted_app:s0:c149,c256,c512,c768 tcontext=u:object_r:sdcardfs:s0:c149,c256,c512,c768 tclass=file
11-06 11:57:06.372  3427  3427 I MultiDex: Installing application
11-06 11:57:06.372  3427  3427 I MultiDex: VM has multidex support, MultiDex support library is disabled.
--------- beginning of system
11-06 11:57:06.377  3427  3427 V ActivityThread: callActivityOnCreate
11-06 11:57:06.377  3427  3427 I Poster  :  onCreate() called.
11-06 11:57:06.382  3427  3427 I HwApsImpl: APS: new HwApsImpl created
11-06 11:57:06.391  3427  3427 V HwWidgetFactory: : successes to get AllImpl object and return....
11-06 11:57:06.399  3427  3427 D OpenGLRenderer: Skia GL Pipeline
11-06 11:57:06.429  3427  3427 D Poster  : Server bound to IP 193.166.28.132 and port 52727
11-06 11:57:06.433  3427  3511 D Evaluation: metadata 0 sent 
11-06 11:57:06.434  3427  3427 D ActivityThread: add activity client record, r= ActivityRecord{fd66872 token=android.os.BinderProxy@8cd3ec5 {symlab.cloudridar.arhud/symlab.ARHUD.MainActivity}} token= android.os.BinderProxy@8cd3ec5
11-06 11:57:06.437  3427  3427 I Poster  :  onStart() called.
11-06 11:57:06.437  3427  3427 D ZrHung.AppEyeUiProbe: notify runnable to start.
11-06 11:57:06.439  3427  3427 I Poster  :  onResume() called.
11-06 11:57:06.443  3427  3427 I PermissionManager: camera remind result:true
11-06 11:57:06.444  3427  3427 I Camera  : open camera: 0, package name: symlab.cloudridar.arhud
11-06 11:57:06.444  3427  3427 I BackgroundPermManager: pkgName: symlab.cloudridar.arhud,pid: 3427 ,uidOf3RdApk: 10149 ,permType: 0 ,permCfg: 1
11-06 11:57:06.445  3427  3427 I HwCameraUtil: notifySurfaceFlingerCameraStatus : isFront = false , isOpend = true
11-06 11:57:06.456  3427  3427 D ActivityThread: isOptEnabled=false isWechatScanOpt=false
11-06 11:57:06.458  3427  3427 I HwSecImmHelper: mSecurityInputMethodService is null
11-06 11:57:06.467  3427  3427 D OpenGLRenderer:   HWUI Binary is  enabled
11-06 11:57:06.485  3427  3545 D HiTouch_PressGestureDetector: onAttached, package=symlab.cloudridar.arhud, windowType=1, mHiTouchRestricted=false
11-06 11:57:06.497  3427  3534 I ConfigStore: android::hardware::configstore::V1_0::ISurfaceFlingerConfigs::hasWideColorDisplay retrieved: 0
11-06 11:57:06.497  3427  3534 I ConfigStore: android::hardware::configstore::V1_0::ISurfaceFlingerConfigs::hasHDRDisplay retrieved: 0
11-06 11:57:06.497  3427  3534 I iGraphics: [0020080c] pn: symlab.cloudridar.arhud, p: 3427
11-06 11:57:06.498  3427  3534 I OpenGLRenderer: Initialized EGL, version 1.4, mEglDisplay 0x1
11-06 11:57:06.498  3427  3534 D OpenGLRenderer: Swap behavior 2
11-06 11:57:06.508  3427  3534 D mali_winsys: EGLint new_window_surface(egl_winsys_display *, void *, EGLSurface, EGLConfig, egl_winsys_surface **, EGLBoolean) returns 0x3000
11-06 11:57:06.525  3427  3427 I Poster  :  surfaceCreated() called.
11-06 11:57:06.525  3427  3427 I Poster  : initPreview() called
11-06 11:57:06.530  3427  3427 I PermissionManager: camera remind result:true
11-06 11:57:06.535  3427  3427 I Poster  :  surfaceChanged() called.
11-06 11:57:06.553  3427  3427 D Poster  : At 1573034226553 location is 65.05666516845193 (latitude), and 25.48044720582137 (longitude)
11-06 11:57:06.557  3427  3427 D Poster  : Connected to mobile network 20
11-06 11:57:06.560  3427  3427 W InputMethodManager: startInputReason = 1
11-06 11:57:06.567  3427  3427 W InputMethodManager: startInputReason = 5
11-06 11:57:06.838  3427  3511 D Evaluation: metadata 1 sent 
11-06 11:57:06.870  3427  3511 D Evaluation: metadata 2 sent 
11-06 11:57:06.903  3427  3511 D Evaluation: metadata 3 sent 
11-06 11:57:06.937  3427  3511 D Evaluation: metadata 4 sent 
11-06 11:57:06.971  3427  3511 D Evaluation: metadata 5 sent 
11-06 11:57:07.034  3427  3511 W System.err: java.net.SocketException: Message too long
11-06 11:57:07.034  3427  3511 W System.err: 	at sun.nio.ch.DatagramChannelImpl.send0(Native Method)
11-06 11:57:07.034  3427  3511 W System.err: 	at sun.nio.ch.DatagramChannelImpl.sendFromNativeBuffer(DatagramChannelImpl.java:573)
11-06 11:57:07.034  3427  3511 W System.err: 	at sun.nio.ch.DatagramChannelImpl.send(DatagramChannelImpl.java:550)
11-06 11:57:07.034  3427  3511 W System.err: 	at sun.nio.ch.DatagramChannelImpl.send(DatagramChannelImpl.java:514)
11-06 11:57:07.034  3427  3511 W System.err: 	at symlab.CloudAR.network.TransmissionTask.run(TransmissionTask.java:124)
11-06 11:57:07.034  3427  3511 W System.err: 	at android.os.Handler.handleCallback(Handler.java:907)
11-06 11:57:07.035  3427  3511 W System.err: 	at android.os.Handler.dispatchMessage(Handler.java:105)
11-06 11:57:07.035  3427  3511 W System.err: 	at android.os.Looper.loop(Looper.java:216)
11-06 11:57:07.035  3427  3511 W System.err: 	at android.os.HandlerThread.run(HandlerThread.java:65)
11-06 11:57:07.054  3427  3511 W System.err: java.net.SocketException: Message too long
11-06 11:57:07.055  3427  3511 W System.err: 	at sun.nio.ch.DatagramChannelImpl.send0(Native Method)
11-06 11:57:07.055  3427  3511 W System.err: 	at sun.nio.ch.DatagramChannelImpl.sendFromNativeBuffer(DatagramChannelImpl.java:573)
11-06 11:57:07.055  3427  3511 W System.err: 	at sun.nio.ch.DatagramChannelImpl.send(DatagramChannelImpl.java:550)
11-06 11:57:07.055  3427  3511 W System.err: 	at sun.nio.ch.DatagramChannelImpl.send(DatagramChannelImpl.java:514)
11-06 11:57:07.055  3427  3511 W System.err: 	at symlab.CloudAR.network.TransmissionTask.run(TransmissionTask.java:124)
11-06 11:57:07.055  3427  3511 W System.err: 	at android.os.Handler.handleCallback(Handler.java:907)
11-06 11:57:07.055  3427  3511 W System.err: 	at android.os.Handler.dispatchMessage(Handler.java:105)
11-06 11:57:07.055  3427  3511 W System.err: 	at android.os.Looper.loop(Looper.java:216)
11-06 11:57:07.055  3427  3511 W System.err: 	at android.os.HandlerThread.run(HandlerThread.java:65)
11-06 11:57:07.087  3427  3511 W System.err: java.net.SocketException: Message too long
11-06 11:57:07.087  3427  3511 W System.err: 	at sun.nio.ch.DatagramChannelImpl.send0(Native Method)
11-06 11:57:07.087  3427  3511 W System.err: 	at sun.nio.ch.DatagramChannelImpl.sendFromNativeBuffer(DatagramChannelImpl.java:573)
11-06 11:57:07.087  3427  3511 W System.err: 	at sun.nio.ch.DatagramChannelImpl.send(DatagramChannelImpl.java:550)
11-06 11:57:07.087  3427  3511 W System.err: 	at sun.nio.ch.DatagramChannelImpl.send(DatagramChannelImpl.java:514)
11-06 11:57:07.088  3427  3511 W System.err: 	at symlab.CloudAR.network.TransmissionTask.run(TransmissionTask.java:124)
11-06 11:57:07.088  3427  3511 W System.err: 	at android.os.Handler.handleCallback(Handler.java:907)
11-06 11:57:07.088  3427  3511 W System.err: 	at android.os.Handler.dispatchMessage(Handler.java:105)
11-06 11:57:07.088  3427  3511 W System.err: 	at android.os.Looper.loop(Looper.java:216)
11-06 11:57:07.088  3427  3511 W System.err: 	at android.os.HandlerThread.run(HandlerThread.java:65)
11-06 11:57:07.119  3427  3462 E         : [ZeroHung]zrhung_get_config: Get config failed for wp[0x0008]
11-06 11:57:07.120  3427  3511 W System.err: java.net.SocketException: Message too long
11-06 11:57:07.120  3427  3511 W System.err: 	at sun.nio.ch.DatagramChannelImpl.send0(Native Method)
11-06 11:57:07.120  3427  3511 W System.err: 	at sun.nio.ch.DatagramChannelImpl.sendFromNativeBuffer(DatagramChannelImpl.java:573)
11-06 11:57:07.120  3427  3511 W System.err: 	at sun.nio.ch.DatagramChannelImpl.send(DatagramChannelImpl.java:550)
11-06 11:57:07.120  3427  3511 W System.err: 	at sun.nio.ch.DatagramChannelImpl.send(DatagramChannelImpl.java:514)
11-06 11:57:07.120  3427  3511 W System.err: 	at symlab.CloudAR.network.TransmissionTask.run(TransmissionTask.java:124)
11-06 11:57:07.120  3427  3511 W System.err: 	at android.os.Handler.handleCallback(Handler.java:907)
11-06 11:57:07.120  3427  3511 W System.err: 	at android.os.Handler.dispatchMessage(Handler.java:105)
11-06 11:57:07.120  3427  3511 W System.err: 	at android.os.Looper.loop(Looper.java:216)
11-06 11:57:07.120  3427  3511 W System.err: 	at android.os.HandlerThread.run(HandlerThread.java:65)
11-06 11:57:07.158  3427  3511 W System.err: java.net.SocketException: Message too long
11-06 11:57:07.158  3427  3511 W System.err: 	at sun.nio.ch.DatagramChannelImpl.send0(Native Method)
11-06 11:57:07.158  3427  3511 W System.err: 	at sun.nio.ch.DatagramChannelImpl.sendFromNativeBuffer(DatagramChannelImpl.java:573)
11-06 11:57:07.158  3427  3511 W System.err: 	at sun.nio.ch.DatagramChannelImpl.send(DatagramChannelImpl.java:550)
11-06 11:57:07.158  3427  3511 W System.err: 	at sun.nio.ch.DatagramChannelImpl.send(DatagramChannelImpl.java:514)
11-06 11:57:07.158  3427  3511 W System.err: 	at symlab.CloudAR.network.TransmissionTask.run(TransmissionTask.java:124)
11-06 11:57:07.158  3427  3511 W System.err: 	at android.os.Handler.handleCallback(Handler.java:907)
11-06 11:57:07.158  3427  3511 W System.err: 	at android.os.Handler.dispatchMessage(Handler.java:105)
11-06 11:57:07.158  3427  3511 W System.err: 	at android.os.Looper.loop(Looper.java:216)
11-06 11:57:07.158  3427  3511 W System.err: 	at android.os.HandlerThread.run(HandlerThread.java:65)
11-06 11:57:07.188  3427  3511 W System.err: java.net.SocketException: Message too long
11-06 11:57:07.188  3427  3511 W System.err: 	at sun.nio.ch.DatagramChannelImpl.send0(Native Method)
11-06 11:57:07.188  3427  3511 W System.err: 	at sun.nio.ch.DatagramChannelImpl.sendFromNativeBuffer(DatagramChannelImpl.java:573)
11-06 11:57:07.188  3427  3511 W System.err: 	at sun.nio.ch.DatagramChannelImpl.send(DatagramChannelImpl.java:550)
11-06 11:57:07.188  3427  3511 W System.err: 	at sun.nio.ch.DatagramChannelImpl.send(DatagramChannelImpl.java:514)
11-06 11:57:07.188  3427  3511 W System.err: 	at symlab.CloudAR.network.TransmissionTask.run(TransmissionTask.java:124)
11-06 11:57:07.188  3427  3511 W System.err: 	at android.os.Handler.handleCallback(Handler.java:907)
11-06 11:57:07.188  3427  3511 W System.err: 	at android.os.Handler.dispatchMessage(Handler.java:105)
11-06 11:57:07.189  3427  3511 W System.err: 	at android.os.Looper.loop(Looper.java:216)
11-06 11:57:07.189  3427  3511 W System.err: 	at android.os.HandlerThread.run(HandlerThread.java:65)
11-06 11:57:07.222  3427  3511 W System.err: java.net.SocketException: Message too long
11-06 11:57:07.222  3427  3511 W System.err: 	at sun.nio.ch.DatagramChannelImpl.send0(Native Method)
11-06 11:57:07.222  3427  3511 W System.err: 	at sun.nio.ch.DatagramChannelImpl.sendFromNativeBuffer(DatagramChannelImpl.java:573)
11-06 11:57:07.222  3427  3511 W System.err: 	at sun.nio.ch.DatagramChannelImpl.send(DatagramChannelImpl.java:550)
11-06 11:57:07.222  3427  3511 W System.err: 	at sun.nio.ch.DatagramChannelImpl.send(DatagramChannelImpl.java:514)
11-06 11:57:07.222  3427  3511 W System.err: 	at symlab.CloudAR.network.TransmissionTask.run(TransmissionTask.java:124)
11-06 11:57:07.222  3427  3511 W System.err: 	at android.os.Handler.handleCallback(Handler.java:907)
11-06 11:57:07.222  3427  3511 W System.err: 	at android.os.Handler.dispatchMessage(Handler.java:105)
11-06 11:57:07.222  3427  3511 W System.err: 	at android.os.Looper.loop(Looper.java:216)
11-06 11:57:07.222  3427  3511 W System.err: 	at android.os.HandlerThread.run(HandlerThread.java:65)
11-06 11:57:07.254  3427  3511 W System.err: java.net.SocketException: Message too long
11-06 11:57:07.255  3427  3511 W System.err: 	at sun.nio.ch.DatagramChannelImpl.send0(Native Method)
11-06 11:57:07.255  3427  3511 W System.err: 	at sun.nio.ch.DatagramChannelImpl.sendFromNativeBuffer(DatagramChannelImpl.java:573)
11-06 11:57:07.255  3427  3511 W System.err: 	at sun.nio.ch.DatagramChannelImpl.send(DatagramChannelImpl.java:550)
11-06 11:57:07.255  3427  3511 W System.err: 	at sun.nio.ch.DatagramChannelImpl.send(DatagramChannelImpl.java:514)
11-06 11:57:07.255  3427  3511 W System.err: 	at symlab.CloudAR.network.TransmissionTask.run(TransmissionTask.java:124)
11-06 11:57:07.255  3427  3511 W System.err: 	at android.os.Handler.handleCallback(Handler.java:907)
11-06 11:57:07.255  3427  3511 W System.err: 	at android.os.Handler.dispatchMessage(Handler.java:105)
11-06 11:57:07.255  3427  3511 W System.err: 	at android.os.Looper.loop(Looper.java:216)
11-06 11:57:07.255  3427  3511 W System.err: 	at android.os.HandlerThread.run(HandlerThread.java:65)
11-06 11:57:07.294  3427  3511 W System.err: java.net.SocketException: Message too long
11-06 11:57:07.294  3427  3511 W System.err: 	at sun.nio.ch.DatagramChannelImpl.send0(Native Method)
11-06 11:57:07.294  3427  3511 W System.err: 	at sun.nio.ch.DatagramChannelImpl.sendFromNativeBuffer(DatagramChannelImpl.java:573)
11-06 11:57:07.294  3427  3511 W System.err: 	at sun.nio.ch.DatagramChannelImpl.send(DatagramChannelImpl.java:550)
11-06 11:57:07.294  3427  3511 W System.err: 	at sun.nio.ch.DatagramChannelImpl.send(DatagramChannelImpl.java:514)
11-06 11:57:07.294  3427  3511 W System.err: 	at symlab.CloudAR.network.TransmissionTask.run(TransmissionTask.java:124)
11-06 11:57:07.294  3427  3511 W System.err: 	at android.os.Handler.handleCallback(Handler.java:907)
11-06 11:57:07.294  3427  3511 W System.err: 	at android.os.Handler.dispatchMessage(Handler.java:105)
11-06 11:57:07.294  3427  3511 W System.err: 	at android.os.Looper.loop(Looper.java:216)
11-06 11:57:07.294  3427  3511 W System.err: 	at android.os.HandlerThread.run(HandlerThread.java:65)
11-06 11:57:07.324  3427  3511 W System.err: java.net.SocketException: Message too long
11-06 11:57:07.324  3427  3511 W System.err: 	at sun.nio.ch.DatagramChannelImpl.send0(Native Method)
11-06 11:57:07.324  3427  3511 W System.err: 	at sun.nio.ch.DatagramChannelImpl.sendFromNativeBuffer(DatagramChannelImpl.java:573)
11-06 11:57:07.324  3427  3511 W System.err: 	at sun.nio.ch.DatagramChannelImpl.send(DatagramChannelImpl.java:550)
11-06 11:57:07.324  3427  3511 W System.err: 	at sun.nio.ch.DatagramChannelImpl.send(DatagramChannelImpl.java:514)
11-06 11:57:07.324  3427  3511 W System.err: 	at symlab.CloudAR.network.TransmissionTask.run(TransmissionTask.java:124)
11-06 11:57:07.325  3427  3511 W System.err: 	at android.os.Handler.handleCallback(Handler.java:907)
11-06 11:57:07.325  3427  3511 W System.err: 	at android.os.Handler.dispatchMessage(Handler.java:105)
11-06 11:57:07.325  3427  3511 W System.err: 	at android.os.Looper.loop(Looper.java:216)
11-06 11:57:07.325  3427  3511 W System.err: 	at android.os.HandlerThread.run(HandlerThread.java:65)
11-06 11:57:07.357  3427  3511 W System.err: java.net.SocketException: Message too long
11-06 11:57:07.357  3427  3511 W System.err: 	at sun.nio.ch.DatagramChannelImpl.send0(Native Method)
11-06 11:57:07.357  3427  3511 W System.err: 	at sun.nio.ch.DatagramChannelImpl.sendFromNativeBuffer(DatagramChannelImpl.java:573)
11-06 11:57:07.357  3427  3511 W System.err: 	at sun.nio.ch.DatagramChannelImpl.send(DatagramChannelImpl.java:550)
11-06 11:57:07.357  3427  3511 W System.err: 	at sun.nio.ch.DatagramChannelImpl.send(DatagramChannelImpl.java:514)
11-06 11:57:07.357  3427  3511 W System.err: 	at symlab.CloudAR.network.TransmissionTask.run(TransmissionTask.java:124)
11-06 11:57:07.357  3427  3511 W System.err: 	at android.os.Handler.handleCallback(Handler.java:907)
11-06 11:57:07.357  3427  3511 W System.err: 	at android.os.Handler.dispatchMessage(Handler.java:105)
11-06 11:57:07.357  3427  3511 W System.err: 	at android.os.Looper.loop(Looper.java:216)
11-06 11:57:07.357  3427  3511 W System.err: 	at android.os.HandlerThread.run(HandlerThread.java:65)
11-06 11:57:07.424  3427  3511 W System.err: java.net.SocketException: Message too long
11-06 11:57:07.424  3427  3511 W System.err: 	at sun.nio.ch.DatagramChannelImpl.send0(Native Method)
11-06 11:57:07.424  3427  3511 W System.err: 	at sun.nio.ch.DatagramChannelImpl.sendFromNativeBuffer(DatagramChannelImpl.java:573)
11-06 11:57:07.424  3427  3511 W System.err: 	at sun.nio.ch.DatagramChannelImpl.send(DatagramChannelImpl.java:550)
11-06 11:57:07.424  3427  3511 W System.err: 	at sun.nio.ch.DatagramChannelImpl.send(DatagramChannelImpl.java:514)
11-06 11:57:07.424  3427  3511 W System.err: 	at symlab.CloudAR.network.TransmissionTask.run(TransmissionTask.java:124)
11-06 11:57:07.424  3427  3511 W System.err: 	at android.os.Handler.handleCallback(Handler.java:907)
11-06 11:57:07.424  3427  3511 W System.err: 	at android.os.Handler.dispatchMessage(Handler.java:105)
11-06 11:57:07.424  3427  3511 W System.err: 	at android.os.Looper.loop(Looper.java:216)
11-06 11:57:07.424  3427  3511 W System.err: 	at android.os.HandlerThread.run(HandlerThread.java:65)
11-06 11:57:07.457  3427  3511 W System.err: java.net.SocketException: Message too long
11-06 11:57:07.457  3427  3511 W System.err: 	at sun.nio.ch.DatagramChannelImpl.send0(Native Method)
11-06 11:57:07.457  3427  3511 W System.err: 	at sun.nio.ch.DatagramChannelImpl.sendFromNativeBuffer(DatagramChannelImpl.java:573)
11-06 11:57:07.457  3427  3511 W System.err: 	at sun.nio.ch.DatagramChannelImpl.send(DatagramChannelImpl.java:550)
11-06 11:57:07.457  3427  3511 W System.err: 	at sun.nio.ch.DatagramChannelImpl.send(DatagramChannelImpl.java:514)
11-06 11:57:07.457  3427  3511 W System.err: 	at symlab.CloudAR.network.TransmissionTask.run(TransmissionTask.java:124)
11-06 11:57:07.457  3427  3511 W System.err: 	at android.os.Handler.handleCallback(Handler.java:907)
11-06 11:57:07.457  3427  3511 W System.err: 	at android.os.Handler.dispatchMessage(Handler.java:105)
11-06 11:57:07.457  3427  3511 W System.err: 	at android.os.Looper.loop(Looper.java:216)
11-06 11:57:07.457  3427  3511 W System.err: 	at android.os.HandlerThread.run(HandlerThread.java:65)
11-06 11:57:07.459  3427  3427 D Poster  : At 1573034227459 location is 65.0566777405769 (latitude), and 25.480440064920327 (longitude)
11-06 11:57:07.460  3427  3427 D Poster  : Connected to mobile network 20
11-06 11:57:07.495  3427  3511 W System.err: java.net.SocketException: Message too long
11-06 11:57:07.495  3427  3511 W System.err: 	at sun.nio.ch.DatagramChannelImpl.send0(Native Method)
11-06 11:57:07.495  3427  3511 W System.err: 	at sun.nio.ch.DatagramChannelImpl.sendFromNativeBuffer(DatagramChannelImpl.java:573)
11-06 11:57:07.495  3427  3511 W System.err: 	at sun.nio.ch.DatagramChannelImpl.send(DatagramChannelImpl.java:550)
11-06 11:57:07.496  3427  3511 W System.err: 	at sun.nio.ch.DatagramChannelImpl.send(DatagramChannelImpl.java:514)
11-06 11:57:07.496  3427  3511 W System.err: 	at symlab.CloudAR.network.TransmissionTask.run(TransmissionTask.java:124)
11-06 11:57:07.496  3427  3511 W System.err: 	at android.os.Handler.handleCallback(Handler.java:907)
11-06 11:57:07.496  3427  3511 W System.err: 	at android.os.Handler.dispatchMessage(Handler.java:105)
11-06 11:57:07.496  3427  3511 W System.err: 	at android.os.Looper.loop(Looper.java:216)
11-06 11:57:07.496  3427  3511 W System.err: 	at android.os.HandlerThread.run(HandlerThread.java:65)
11-06 11:57:07.529  3427  3511 W System.err: java.net.SocketException: Message too long
11-06 11:57:07.530  3427  3511 W System.err: 	at sun.nio.ch.DatagramChannelImpl.send0(Native Method)
11-06 11:57:07.530  3427  3511 W System.err: 	at sun.nio.ch.DatagramChannelImpl.sendFromNativeBuffer(DatagramChannelImpl.java:573)
11-06 11:57:07.530  3427  3511 W System.err: 	at sun.nio.ch.DatagramChannelImpl.send(DatagramChannelImpl.java:550)
11-06 11:57:07.530  3427  3511 W System.err: 	at sun.nio.ch.DatagramChannelImpl.send(DatagramChannelImpl.java:514)
11-06 11:57:07.530  3427  3511 W System.err: 	at symlab.CloudAR.network.TransmissionTask.run(TransmissionTask.java:124)
11-06 11:57:07.530  3427  3511 W System.err: 	at android.os.Handler.handleCallback(Handler.java:907)
11-06 11:57:07.530  3427  3511 W System.err: 	at android.os.Handler.dispatchMessage(Handler.java:105)
11-06 11:57:07.530  3427  3511 W System.err: 	at android.os.Looper.loop(Looper.java:216)
11-06 11:57:07.530  3427  3511 W System.err: 	at android.os.HandlerThread.run(HandlerThread.java:65)
11-06 11:57:07.624  3427  3511 W System.err: java.net.SocketException: Message too long
11-06 11:57:07.624  3427  3511 W System.err: 	at sun.nio.ch.DatagramChannelImpl.send0(Native Method)
11-06 11:57:07.624  3427  3511 W System.err: 	at sun.nio.ch.DatagramChannelImpl.sendFromNativeBuffer(DatagramChannelImpl.java:573)
11-06 11:57:07.624  3427  3511 W System.err: 	at sun.nio.ch.DatagramChannelImpl.send(DatagramChannelImpl.java:550)
11-06 11:57:07.624  3427  3511 W System.err: 	at sun.nio.ch.DatagramChannelImpl.send(DatagramChannelImpl.java:514)
11-06 11:57:07.624  3427  3511 W System.err: 	at symlab.CloudAR.network.TransmissionTask.run(TransmissionTask.java:124)
11-06 11:57:07.624  3427  3511 W System.err: 	at android.os.Handler.handleCallback(Handler.java:907)
11-06 11:57:07.624  3427  3511 W System.err: 	at android.os.Handler.dispatchMessage(Handler.java:105)
11-06 11:57:07.625  3427  3511 W System.err: 	at android.os.Looper.loop(Looper.java:216)
11-06 11:57:07.625  3427  3511 W System.err: 	at android.os.HandlerThread.run(HandlerThread.java:65)
11-06 11:57:07.671  3427  3511 W System.err: java.net.SocketException: Message too long
11-06 11:57:07.671  3427  3511 W System.err: 	at sun.nio.ch.DatagramChannelImpl.send0(Native Method)
11-06 11:57:07.671  3427  3511 W System.err: 	at sun.nio.ch.DatagramChannelImpl.sendFromNativeBuffer(DatagramChannelImpl.java:573)
11-06 11:57:07.671  3427  3511 W System.err: 	at sun.nio.ch.DatagramChannelImpl.send(DatagramChannelImpl.java:550)
11-06 11:57:07.671  3427  3511 W System.err: 	at sun.nio.ch.DatagramChannelImpl.send(DatagramChannelImpl.java:514)
11-06 11:57:07.671  3427  3511 W System.err: 	at symlab.CloudAR.network.TransmissionTask.run(TransmissionTask.java:124)
11-06 11:57:07.671  3427  3511 W System.err: 	at android.os.Handler.handleCallback(Handler.java:907)
11-06 11:57:07.671  3427  3511 W System.err: 	at android.os.Handler.dispatchMessage(Handler.java:105)
11-06 11:57:07.671  3427  3511 W System.err: 	at android.os.Looper.loop(Looper.java:216)
11-06 11:57:07.671  3427  3511 W System.err: 	at android.os.HandlerThread.run(HandlerThread.java:65)
11-06 11:57:07.704  3427  3511 W System.err: java.net.SocketException: Message too long
11-06 11:57:07.704  3427  3511 W System.err: 	at sun.nio.ch.DatagramChannelImpl.send0(Native Method)
11-06 11:57:07.704  3427  3511 W System.err: 	at sun.nio.ch.DatagramChannelImpl.sendFromNativeBuffer(DatagramChannelImpl.java:573)
11-06 11:57:07.704  3427  3511 W System.err: 	at sun.nio.ch.DatagramChannelImpl.send(DatagramChannelImpl.java:550)
11-06 11:57:07.704  3427  3511 W System.err: 	at sun.nio.ch.DatagramChannelImpl.send(DatagramChannelImpl.java:514)
11-06 11:57:07.704  3427  3511 W System.err: 	at symlab.CloudAR.network.TransmissionTask.run(TransmissionTask.java:124)
11-06 11:57:07.704  3427  3511 W System.err: 	at android.os.Handler.handleCallback(Handler.java:907)
11-06 11:57:07.704  3427  3511 W System.err: 	at android.os.Handler.dispatchMessage(Handler.java:105)
11-06 11:57:07.704  3427  3511 W System.err: 	at android.os.Looper.loop(Looper.java:216)
11-06 11:57:07.704  3427  3511 W System.err: 	at android.os.HandlerThread.run(HandlerThread.java:65)
11-06 11:57:07.735  3427  3511 W System.err: java.net.SocketException: Message too long
11-06 11:57:07.735  3427  3511 W System.err: 	at sun.nio.ch.DatagramChannelImpl.send0(Native Method)
11-06 11:57:07.735  3427  3511 W System.err: 	at sun.nio.ch.DatagramChannelImpl.sendFromNativeBuffer(DatagramChannelImpl.java:573)
11-06 11:57:07.735  3427  3511 W System.err: 	at sun.nio.ch.DatagramChannelImpl.send(DatagramChannelImpl.java:550)
11-06 11:57:07.735  3427  3511 W System.err: 	at sun.nio.ch.DatagramChannelImpl.send(DatagramChannelImpl.java:514)
11-06 11:57:07.735  3427  3511 W System.err: 	at symlab.CloudAR.network.TransmissionTask.run(TransmissionTask.java:124)
11-06 11:57:07.735  3427  3511 W System.err: 	at android.os.Handler.handleCallback(Handler.java:907)
11-06 11:57:07.735  3427  3511 W System.err: 	at android.os.Handler.dispatchMessage(Handler.java:105)
11-06 11:57:07.735  3427  3511 W System.err: 	at android.os.Looper.loop(Looper.java:216)
11-06 11:57:07.735  3427  3511 W System.err: 	at android.os.HandlerThread.run(HandlerThread.java:65)
11-06 11:57:07.768  3427  3511 W System.err: java.net.SocketException: Message too long
11-06 11:57:07.768  3427  3511 W System.err: 	at sun.nio.ch.DatagramChannelImpl.send0(Native Method)
11-06 11:57:07.768  3427  3511 W System.err: 	at sun.nio.ch.DatagramChannelImpl.sendFromNativeBuffer(DatagramChannelImpl.java:573)
11-06 11:57:07.768  3427  3511 W System.err: 	at sun.nio.ch.DatagramChannelImpl.send(DatagramChannelImpl.java:550)
11-06 11:57:07.768  3427  3511 W System.err: 	at sun.nio.ch.DatagramChannelImpl.send(DatagramChannelImpl.java:514)
11-06 11:57:07.768  3427  3511 W System.err: 	at symlab.CloudAR.network.TransmissionTask.run(TransmissionTask.java:124)
11-06 11:57:07.768  3427  3511 W System.err: 	at android.os.Handler.handleCallback(Handler.java:907)
11-06 11:57:07.768  3427  3511 W System.err: 	at android.os.Handler.dispatchMessage(Handler.java:105)
11-06 11:57:07.768  3427  3511 W System.err: 	at android.os.Looper.loop(Looper.java:216)
11-06 11:57:07.768  3427  3511 W System.err: 	at android.os.HandlerThread.run(HandlerThread.java:65)
11-06 11:57:07.807  3427  3511 W System.err: java.net.SocketException: Message too long
11-06 11:57:07.807  3427  3511 W System.err: 	at sun.nio.ch.DatagramChannelImpl.send0(Native Method)
11-06 11:57:07.807  3427  3511 W System.err: 	at sun.nio.ch.DatagramChannelImpl.sendFromNativeBuffer(DatagramChannelImpl.java:573)
11-06 11:57:07.808  3427  3511 W System.err: 	at sun.nio.ch.DatagramChannelImpl.send(DatagramChannelImpl.java:550)
11-06 11:57:07.808  3427  3511 W System.err: 	at sun.nio.ch.DatagramChannelImpl.send(DatagramChannelImpl.java:514)
11-06 11:57:07.808  3427  3511 W System.err: 	at symlab.CloudAR.network.TransmissionTask.run(TransmissionTask.java:124)
11-06 11:57:07.808  3427  3511 W System.err: 	at android.os.Handler.handleCallback(Handler.java:907)
11-06 11:57:07.808  3427  3511 W System.err: 	at android.os.Handler.dispatchMessage(Handler.java:105)
11-06 11:57:07.808  3427  3511 W System.err: 	at android.os.Looper.loop(Looper.java:216)
11-06 11:57:07.808  3427  3511 W System.err: 	at android.os.HandlerThread.run(HandlerThread.java:65)
11-06 11:57:07.853  3427  3511 W System.err: java.net.SocketException: Message too long
11-06 11:57:07.853  3427  3511 W System.err: 	at sun.nio.ch.DatagramChannelImpl.send0(Native Method)
11-06 11:57:07.853  3427  3511 W System.err: 	at sun.nio.ch.DatagramChannelImpl.sendFromNativeBuffer(DatagramChannelImpl.java:573)
11-06 11:57:07.853  3427  3511 W System.err: 	at sun.nio.ch.DatagramChannelImpl.send(DatagramChannelImpl.java:550)
11-06 11:57:07.853  3427  3511 W System.err: 	at sun.nio.ch.DatagramChannelImpl.send(DatagramChannelImpl.java:514)
11-06 11:57:07.853  3427  3511 W System.err: 	at symlab.CloudAR.network.TransmissionTask.run(TransmissionTask.java:124)
11-06 11:57:07.853  3427  3511 W System.err: 	at android.os.Handler.handleCallback(Handler.java:907)
11-06 11:57:07.853  3427  3511 W System.err: 	at android.os.Handler.dispatchMessage(Handler.java:105)
11-06 11:57:07.853  3427  3511 W System.err: 	at android.os.Looper.loop(Looper.java:216)
11-06 11:57:07.853  3427  3511 W System.err: 	at android.os.HandlerThread.run(HandlerThread.java:65)
11-06 11:57:07.874  3427  3511 W System.err: java.net.SocketException: Message too long
11-06 11:57:07.874  3427  3511 W System.err: 	at sun.nio.ch.DatagramChannelImpl.send0(Native Method)
11-06 11:57:07.875  3427  3511 W System.err: 	at sun.nio.ch.DatagramChannelImpl.sendFromNativeBuffer(DatagramChannelImpl.java:573)
11-06 11:57:07.875  3427  3511 W System.err: 	at sun.nio.ch.DatagramChannelImpl.send(DatagramChannelImpl.java:550)
11-06 11:57:07.875  3427  3511 W System.err: 	at sun.nio.ch.DatagramChannelImpl.send(DatagramChannelImpl.java:514)
11-06 11:57:07.875  3427  3511 W System.err: 	at symlab.CloudAR.network.TransmissionTask.run(TransmissionTask.java:124)
11-06 11:57:07.875  3427  3511 W System.err: 	at android.os.Handler.handleCallback(Handler.java:907)
11-06 11:57:07.875  3427  3511 W System.err: 	at android.os.Handler.dispatchMessage(Handler.java:105)
11-06 11:57:07.875  3427  3511 W System.err: 	at android.os.Looper.loop(Looper.java:216)
11-06 11:57:07.875  3427  3511 W System.err: 	at android.os.HandlerThread.run(HandlerThread.java:65)
11-06 11:57:07.908  3427  3511 W System.err: java.net.SocketException: Message too long
11-06 11:57:07.908  3427  3511 W System.err: 	at sun.nio.ch.DatagramChannelImpl.send0(Native Method)
11-06 11:57:07.908  3427  3511 W System.err: 	at sun.nio.ch.DatagramChannelImpl.sendFromNativeBuffer(DatagramChannelImpl.java:573)
11-06 11:57:07.908  3427  3511 W System.err: 	at sun.nio.ch.DatagramChannelImpl.send(DatagramChannelImpl.java:550)
11-06 11:57:07.908  3427  3511 W System.err: 	at sun.nio.ch.DatagramChannelImpl.send(DatagramChannelImpl.java:514)
11-06 11:57:07.908  3427  3511 W System.err: 	at symlab.CloudAR.network.TransmissionTask.run(TransmissionTask.java:124)
11-06 11:57:07.908  3427  3511 W System.err: 	at android.os.Handler.handleCallback(Handler.java:907)
11-06 11:57:07.908  3427  3511 W System.err: 	at android.os.Handler.dispatchMessage(Handler.java:105)
11-06 11:57:07.908  3427  3511 W System.err: 	at android.os.Looper.loop(Looper.java:216)
11-06 11:57:07.908  3427  3511 W System.err: 	at android.os.HandlerThread.run(HandlerThread.java:65)
11-06 11:57:07.973  3427  3511 W System.err: java.net.SocketException: Message too long
11-06 11:57:07.973  3427  3511 W System.err: 	at sun.nio.ch.DatagramChannelImpl.send0(Native Method)
11-06 11:57:07.973  3427  3511 W System.err: 	at sun.nio.ch.DatagramChannelImpl.sendFromNativeBuffer(DatagramChannelImpl.java:573)
11-06 11:57:07.973  3427  3511 W System.err: 	at sun.nio.ch.DatagramChannelImpl.send(DatagramChannelImpl.java:550)
11-06 11:57:07.973  3427  3511 W System.err: 	at sun.nio.ch.DatagramChannelImpl.send(DatagramChannelImpl.java:514)
11-06 11:57:07.973  3427  3511 W System.err: 	at symlab.CloudAR.network.TransmissionTask.run(TransmissionTask.java:124)
11-06 11:57:07.973  3427  3511 W System.err: 	at android.os.Handler.handleCallback(Handler.java:907)
11-06 11:57:07.973  3427  3511 W System.err: 	at android.os.Handler.dispatchMessage(Handler.java:105)
11-06 11:57:07.973  3427  3511 W System.err: 	at android.os.Looper.loop(Looper.java:216)
11-06 11:57:07.973  3427  3511 W System.err: 	at android.os.HandlerThread.run(HandlerThread.java:65)
11-06 11:57:08.016  3427  3462 E         : [ZeroHung]zrhung_get_config: Get config failed for wp[0x0008]
11-06 11:57:08.017  3427  3511 W System.err: java.net.SocketException: Message too long
11-06 11:57:08.017  3427  3511 W System.err: 	at sun.nio.ch.DatagramChannelImpl.send0(Native Method)
11-06 11:57:08.017  3427  3511 W System.err: 	at sun.nio.ch.DatagramChannelImpl.sendFromNativeBuffer(DatagramChannelImpl.java:573)
11-06 11:57:08.017  3427  3511 W System.err: 	at sun.nio.ch.DatagramChannelImpl.send(DatagramChannelImpl.java:550)
11-06 11:57:08.017  3427  3511 W System.err: 	at sun.nio.ch.DatagramChannelImpl.send(DatagramChannelImpl.java:514)
11-06 11:57:08.017  3427  3511 W System.err: 	at symlab.CloudAR.network.TransmissionTask.run(TransmissionTask.java:124)
11-06 11:57:08.017  3427  3511 W System.err: 	at android.os.Handler.handleCallback(Handler.java:907)
11-06 11:57:08.017  3427  3511 W System.err: 	at android.os.Handler.dispatchMessage(Handler.java:105)
11-06 11:57:08.017  3427  3511 W System.err: 	at android.os.Looper.loop(Looper.java:216)
11-06 11:57:08.018  3427  3511 W System.err: 	at android.os.HandlerThread.run(HandlerThread.java:65)
11-06 11:57:08.051  3427  3511 W System.err: java.net.SocketException: Message too long
11-06 11:57:08.051  3427  3511 W System.err: 	at sun.nio.ch.DatagramChannelImpl.send0(Native Method)
11-06 11:57:08.051  3427  3511 W System.err: 	at sun.nio.ch.DatagramChannelImpl.sendFromNativeBuffer(DatagramChannelImpl.java:573)
11-06 11:57:08.051  3427  3511 W System.err: 	at sun.nio.ch.DatagramChannelImpl.send(DatagramChannelImpl.java:550)
11-06 11:57:08.051  3427  3511 W System.err: 	at sun.nio.ch.DatagramChannelImpl.send(DatagramChannelImpl.java:514)
11-06 11:57:08.051  3427  3511 W System.err: 	at symlab.CloudAR.network.TransmissionTask.run(TransmissionTask.java:124)
11-06 11:57:08.051  3427  3511 W System.err: 	at android.os.Handler.handleCallback(Handler.java:907)
11-06 11:57:08.051  3427  3511 W System.err: 	at android.os.Handler.dispatchMessage(Handler.java:105)
11-06 11:57:08.051  3427  3511 W System.err: 	at android.os.Looper.loop(Looper.java:216)
11-06 11:57:08.051  3427  3511 W System.err: 	at android.os.HandlerThread.run(HandlerThread.java:65)
11-06 11:57:08.075  3427  3511 W System.err: java.net.SocketException: Message too long
11-06 11:57:08.075  3427  3511 W System.err: 	at sun.nio.ch.DatagramChannelImpl.send0(Native Method)
11-06 11:57:08.075  3427  3511 W System.err: 	at sun.nio.ch.DatagramChannelImpl.sendFromNativeBuffer(DatagramChannelImpl.java:573)
11-06 11:57:08.075  3427  3511 W System.err: 	at sun.nio.ch.DatagramChannelImpl.send(DatagramChannelImpl.java:550)
11-06 11:57:08.075  3427  3511 W System.err: 	at sun.nio.ch.DatagramChannelImpl.send(DatagramChannelImpl.java:514)
11-06 11:57:08.075  3427  3511 W System.err: 	at symlab.CloudAR.network.TransmissionTask.run(TransmissionTask.java:124)
11-06 11:57:08.075  3427  3511 W System.err: 	at android.os.Handler.handleCallback(Handler.java:907)
11-06 11:57:08.075  3427  3511 W System.err: 	at android.os.Handler.dispatchMessage(Handler.java:105)
11-06 11:57:08.075  3427  3511 W System.err: 	at android.os.Looper.loop(Looper.java:216)
11-06 11:57:08.075  3427  3511 W System.err: 	at android.os.HandlerThread.run(HandlerThread.java:65)
11-06 11:57:08.108  3427  3511 W System.err: java.net.SocketException: Message too long
11-06 11:57:08.108  3427  3511 W System.err: 	at sun.nio.ch.DatagramChannelImpl.send0(Native Method)
11-06 11:57:08.108  3427  3511 W System.err: 	at sun.nio.ch.DatagramChannelImpl.sendFromNativeBuffer(DatagramChannelImpl.java:573)
11-06 11:57:08.108  3427  3511 W System.err: 	at sun.nio.ch.DatagramChannelImpl.send(DatagramChannelImpl.java:550)
11-06 11:57:08.108  3427  3511 W System.err: 	at sun.nio.ch.DatagramChannelImpl.send(DatagramChannelImpl.java:514)
11-06 11:57:08.108  3427  3511 W System.err: 	at symlab.CloudAR.network.TransmissionTask.run(TransmissionTask.java:124)
11-06 11:57:08.108  3427  3511 W System.err: 	at android.os.Handler.handleCallback(Handler.java:907)
11-06 11:57:08.109  3427  3511 W System.err: 	at android.os.Handler.dispatchMessage(Handler.java:105)
11-06 11:57:08.109  3427  3511 W System.err: 	at android.os.Looper.loop(Looper.java:216)
11-06 11:57:08.109  3427  3511 W System.err: 	at android.os.HandlerThread.run(HandlerThread.java:65)
11-06 11:57:08.139  3427  3511 W System.err: java.net.SocketException: Message too long
11-06 11:57:08.140  3427  3511 W System.err: 	at sun.nio.ch.DatagramChannelImpl.send0(Native Method)
11-06 11:57:08.140  3427  3511 W System.err: 	at sun.nio.ch.DatagramChannelImpl.sendFromNativeBuffer(DatagramChannelImpl.java:573)
11-06 11:57:08.140  3427  3511 W System.err: 	at sun.nio.ch.DatagramChannelImpl.send(DatagramChannelImpl.java:550)
11-06 11:57:08.140  3427  3511 W System.err: 	at sun.nio.ch.DatagramChannelImpl.send(DatagramChannelImpl.java:514)
11-06 11:57:08.140  3427  3511 W System.err: 	at symlab.CloudAR.network.TransmissionTask.run(TransmissionTask.java:124)
11-06 11:57:08.140  3427  3511 W System.err: 	at android.os.Handler.handleCallback(Handler.java:907)
11-06 11:57:08.140  3427  3511 W System.err: 	at android.os.Handler.dispatchMessage(Handler.java:105)
11-06 11:57:08.140  3427  3511 W System.err: 	at android.os.Looper.loop(Looper.java:216)
11-06 11:57:08.140  3427  3511 W System.err: 	at android.os.HandlerThread.run(HandlerThread.java:65)
11-06 11:57:08.172  3427  3511 W System.err: java.net.SocketException: Message too long
11-06 11:57:08.172  3427  3511 W System.err: 	at sun.nio.ch.DatagramChannelImpl.send0(Native Method)
11-06 11:57:08.173  3427  3511 W System.err: 	at sun.nio.ch.DatagramChannelImpl.sendFromNativeBuffer(DatagramChannelImpl.java:573)
11-06 11:57:08.173  3427  3511 W System.err: 	at sun.nio.ch.DatagramChannelImpl.send(DatagramChannelImpl.java:550)
11-06 11:57:08.173  3427  3511 W System.err: 	at sun.nio.ch.DatagramChannelImpl.send(DatagramChannelImpl.java:514)
11-06 11:57:08.173  3427  3511 W System.err: 	at symlab.CloudAR.network.TransmissionTask.run(TransmissionTask.java:124)
11-06 11:57:08.173  3427  3511 W System.err: 	at android.os.Handler.handleCallback(Handler.java:907)
11-06 11:57:08.173  3427  3511 W System.err: 	at android.os.Handler.dispatchMessage(Handler.java:105)
11-06 11:57:08.173  3427  3511 W System.err: 	at android.os.Looper.loop(Looper.java:216)
11-06 11:57:08.173  3427  3511 W System.err: 	at android.os.HandlerThread.run(HandlerThread.java:65)
11-06 11:57:08.218  3427  3511 W System.err: java.net.SocketException: Message too long
11-06 11:57:08.218  3427  3511 W System.err: 	at sun.nio.ch.DatagramChannelImpl.send0(Native Method)
11-06 11:57:08.218  3427  3511 W System.err: 	at sun.nio.ch.DatagramChannelImpl.sendFromNativeBuffer(DatagramChannelImpl.java:573)
11-06 11:57:08.218  3427  3511 W System.err: 	at sun.nio.ch.DatagramChannelImpl.send(DatagramChannelImpl.java:550)
11-06 11:57:08.218  3427  3511 W System.err: 	at sun.nio.ch.DatagramChannelImpl.send(DatagramChannelImpl.java:514)
11-06 11:57:08.218  3427  3511 W System.err: 	at symlab.CloudAR.network.TransmissionTask.run(TransmissionTask.java:124)
11-06 11:57:08.218  3427  3511 W System.err: 	at android.os.Handler.handleCallback(Handler.java:907)
11-06 11:57:08.218  3427  3511 W System.err: 	at android.os.Handler.dispatchMessage(Handler.java:105)
11-06 11:57:08.218  3427  3511 W System.err: 	at android.os.Looper.loop(Looper.java:216)
11-06 11:57:08.218  3427  3511 W System.err: 	at android.os.HandlerThread.run(HandlerThread.java:65)
11-06 11:57:08.242  3427  3511 W System.err: java.net.SocketException: Message too long
11-06 11:57:08.243  3427  3511 W System.err: 	at sun.nio.ch.DatagramChannelImpl.send0(Native Method)
11-06 11:57:08.243  3427  3511 W System.err: 	at sun.nio.ch.DatagramChannelImpl.sendFromNativeBuffer(DatagramChannelImpl.java:573)
11-06 11:57:08.243  3427  3511 W System.err: 	at sun.nio.ch.DatagramChannelImpl.send(DatagramChannelImpl.java:550)
11-06 11:57:08.243  3427  3511 W System.err: 	at sun.nio.ch.DatagramChannelImpl.send(DatagramChannelImpl.java:514)
11-06 11:57:08.243  3427  3511 W System.err: 	at symlab.CloudAR.network.TransmissionTask.run(TransmissionTask.java:124)
11-06 11:57:08.243  3427  3511 W System.err: 	at android.os.Handler.handleCallback(Handler.java:907)
11-06 11:57:08.243  3427  3511 W System.err: 	at android.os.Handler.dispatchMessage(Handler.java:105)
11-06 11:57:08.243  3427  3511 W System.err: 	at android.os.Looper.loop(Looper.java:216)
11-06 11:57:08.243  3427  3511 W System.err: 	at android.os.HandlerThread.run(HandlerThread.java:65)
11-06 11:57:08.274  3427  3511 W System.err: java.net.SocketException: Message too long
11-06 11:57:08.274  3427  3511 W System.err: 	at sun.nio.ch.DatagramChannelImpl.send0(Native Method)
11-06 11:57:08.274  3427  3511 W System.err: 	at sun.nio.ch.DatagramChannelImpl.sendFromNativeBuffer(DatagramChannelImpl.java:573)
11-06 11:57:08.274  3427  3511 W System.err: 	at sun.nio.ch.DatagramChannelImpl.send(DatagramChannelImpl.java:550)
11-06 11:57:08.274  3427  3511 W System.err: 	at sun.nio.ch.DatagramChannelImpl.send(DatagramChannelImpl.java:514)
11-06 11:57:08.274  3427  3511 W System.err: 	at symlab.CloudAR.network.TransmissionTask.run(TransmissionTask.java:124)
11-06 11:57:08.274  3427  3511 W System.err: 	at android.os.Handler.handleCallback(Handler.java:907)
11-06 11:57:08.274  3427  3511 W System.err: 	at android.os.Handler.dispatchMessage(Handler.java:105)
11-06 11:57:08.274  3427  3511 W System.err: 	at android.os.Looper.loop(Looper.java:216)
11-06 11:57:08.274  3427  3511 W System.err: 	at android.os.HandlerThread.run(HandlerThread.java:65)
11-06 11:57:08.311  3427  3511 W System.err: java.net.SocketException: Message too long
11-06 11:57:08.311  3427  3511 W System.err: 	at sun.nio.ch.DatagramChannelImpl.send0(Native Method)
11-06 11:57:08.311  3427  3511 W System.err: 	at sun.nio.ch.DatagramChannelImpl.sendFromNativeBuffer(DatagramChannelImpl.java:573)
11-06 11:57:08.311  3427  3511 W System.err: 	at sun.nio.ch.DatagramChannelImpl.send(DatagramChannelImpl.java:550)
11-06 11:57:08.311  3427  3511 W System.err: 	at sun.nio.ch.DatagramChannelImpl.send(DatagramChannelImpl.java:514)
11-06 11:57:08.311  3427  3511 W System.err: 	at symlab.CloudAR.network.TransmissionTask.run(TransmissionTask.java:124)
11-06 11:57:08.311  3427  3511 W System.err: 	at android.os.Handler.handleCallback(Handler.java:907)
11-06 11:57:08.311  3427  3511 W System.err: 	at android.os.Handler.dispatchMessage(Handler.java:105)
11-06 11:57:08.311  3427  3511 W System.err: 	at android.os.Looper.loop(Looper.java:216)
11-06 11:57:08.311  3427  3511 W System.err: 	at android.os.HandlerThread.run(HandlerThread.java:65)
11-06 11:57:08.347  3427  3511 W System.err: java.net.SocketException: Message too long
11-06 11:57:08.347  3427  3511 W System.err: 	at sun.nio.ch.DatagramChannelImpl.send0(Native Method)
11-06 11:57:08.347  3427  3511 W System.err: 	at sun.nio.ch.DatagramChannelImpl.sendFromNativeBuffer(DatagramChannelImpl.java:573)
11-06 11:57:08.347  3427  3511 W System.err: 	at sun.nio.ch.DatagramChannelImpl.send(DatagramChannelImpl.java:550)
11-06 11:57:08.347  3427  3511 W System.err: 	at sun.nio.ch.DatagramChannelImpl.send(DatagramChannelImpl.java:514)
11-06 11:57:08.347  3427  3511 W System.err: 	at symlab.CloudAR.network.TransmissionTask.run(TransmissionTask.java:124)
11-06 11:57:08.347  3427  3511 W System.err: 	at android.os.Handler.handleCallback(Handler.java:907)
11-06 11:57:08.348  3427  3511 W System.err: 	at android.os.Handler.dispatchMessage(Handler.java:105)
11-06 11:57:08.348  3427  3511 W System.err: 	at android.os.Looper.loop(Looper.java:216)
11-06 11:57:08.348  3427  3511 W System.err: 	at android.os.HandlerThread.run(HandlerThread.java:65)
11-06 11:57:08.379  3427  3511 W System.err: java.net.SocketException: Message too long
11-06 11:57:08.379  3427  3511 W System.err: 	at sun.nio.ch.DatagramChannelImpl.send0(Native Method)
11-06 11:57:08.379  3427  3511 W System.err: 	at sun.nio.ch.DatagramChannelImpl.sendFromNativeBuffer(DatagramChannelImpl.java:573)
11-06 11:57:08.380  3427  3511 W System.err: 	at sun.nio.ch.DatagramChannelImpl.send(DatagramChannelImpl.java:550)
11-06 11:57:08.380  3427  3511 W System.err: 	at sun.nio.ch.DatagramChannelImpl.send(DatagramChannelImpl.java:514)
11-06 11:57:08.380  3427  3511 W System.err: 	at symlab.CloudAR.network.TransmissionTask.run(TransmissionTask.java:124)
11-06 11:57:08.380  3427  3511 W System.err: 	at android.os.Handler.handleCallback(Handler.java:907)
11-06 11:57:08.380  3427  3511 W System.err: 	at android.os.Handler.dispatchMessage(Handler.java:105)
11-06 11:57:08.380  3427  3511 W System.err: 	at android.os.Looper.loop(Looper.java:216)
11-06 11:57:08.380  3427  3511 W System.err: 	at android.os.HandlerThread.run(HandlerThread.java:65)
11-06 11:57:08.406  3427  3511 W System.err: java.net.SocketException: Message too long
11-06 11:57:08.406  3427  3511 W System.err: 	at sun.nio.ch.DatagramChannelImpl.send0(Native Method)
11-06 11:57:08.406  3427  3511 W System.err: 	at sun.nio.ch.DatagramChannelImpl.sendFromNativeBuffer(DatagramChannelImpl.java:573)
11-06 11:57:08.406  3427  3511 W System.err: 	at sun.nio.ch.DatagramChannelImpl.send(DatagramChannelImpl.java:550)
11-06 11:57:08.406  3427  3511 W System.err: 	at sun.nio.ch.DatagramChannelImpl.send(DatagramChannelImpl.java:514)
11-06 11:57:08.406  3427  3511 W System.err: 	at symlab.CloudAR.network.TransmissionTask.run(TransmissionTask.java:124)
11-06 11:57:08.406  3427  3511 W System.err: 	at android.os.Handler.handleCallback(Handler.java:907)
11-06 11:57:08.406  3427  3511 W System.err: 	at android.os.Handler.dispatchMessage(Handler.java:105)
11-06 11:57:08.406  3427  3511 W System.err: 	at android.os.Looper.loop(Looper.java:216)
11-06 11:57:08.406  3427  3511 W System.err: 	at android.os.HandlerThread.run(HandlerThread.java:65)
11-06 11:57:08.453  3427  3511 W System.err: java.net.SocketException: Message too long
11-06 11:57:08.453  3427  3511 W System.err: 	at sun.nio.ch.DatagramChannelImpl.send0(Native Method)
11-06 11:57:08.453  3427  3511 W System.err: 	at sun.nio.ch.DatagramChannelImpl.sendFromNativeBuffer(DatagramChannelImpl.java:573)
11-06 11:57:08.453  3427  3511 W System.err: 	at sun.nio.ch.DatagramChannelImpl.send(DatagramChannelImpl.java:550)
11-06 11:57:08.453  3427  3511 W System.err: 	at sun.nio.ch.DatagramChannelImpl.send(DatagramChannelImpl.java:514)
11-06 11:57:08.453  3427  3511 W System.err: 	at symlab.CloudAR.network.TransmissionTask.run(TransmissionTask.java:124)
11-06 11:57:08.453  3427  3511 W System.err: 	at android.os.Handler.handleCallback(Handler.java:907)
11-06 11:57:08.453  3427  3511 W System.err: 	at android.os.Handler.dispatchMessage(Handler.java:105)
11-06 11:57:08.453  3427  3511 W System.err: 	at android.os.Looper.loop(Looper.java:216)
11-06 11:57:08.453  3427  3511 W System.err: 	at android.os.HandlerThread.run(HandlerThread.java:65)
11-06 11:57:08.476  3427  3511 W System.err: java.net.SocketException: Message too long
11-06 11:57:08.476  3427  3511 W System.err: 	at sun.nio.ch.DatagramChannelImpl.send0(Native Method)
11-06 11:57:08.476  3427  3511 W System.err: 	at sun.nio.ch.DatagramChannelImpl.sendFromNativeBuffer(DatagramChannelImpl.java:573)
11-06 11:57:08.476  3427  3511 W System.err: 	at sun.nio.ch.DatagramChannelImpl.send(DatagramChannelImpl.java:550)
11-06 11:57:08.476  3427  3511 W System.err: 	at sun.nio.ch.DatagramChannelImpl.send(DatagramChannelImpl.java:514)
11-06 11:57:08.476  3427  3511 W System.err: 	at symlab.CloudAR.network.TransmissionTask.run(TransmissionTask.java:124)
11-06 11:57:08.476  3427  3511 W System.err: 	at android.os.Handler.handleCallback(Handler.java:907)
11-06 11:57:08.476  3427  3511 W System.err: 	at android.os.Handler.dispatchMessage(Handler.java:105)
11-06 11:57:08.476  3427  3511 W System.err: 	at android.os.Looper.loop(Looper.java:216)
11-06 11:57:08.476  3427  3511 W System.err: 	at android.os.HandlerThread.run(HandlerThread.java:65)
11-06 11:57:08.518  3427  3511 W System.err: java.net.SocketException: Message too long
11-06 11:57:08.518  3427  3511 W System.err: 	at sun.nio.ch.DatagramChannelImpl.send0(Native Method)
11-06 11:57:08.518  3427  3511 W System.err: 	at sun.nio.ch.DatagramChannelImpl.sendFromNativeBuffer(DatagramChannelImpl.java:573)
11-06 11:57:08.518  3427  3511 W System.err: 	at sun.nio.ch.DatagramChannelImpl.send(DatagramChannelImpl.java:550)
11-06 11:57:08.518  3427  3511 W System.err: 	at sun.nio.ch.DatagramChannelImpl.send(DatagramChannelImpl.java:514)
11-06 11:57:08.518  3427  3511 W System.err: 	at symlab.CloudAR.network.TransmissionTask.run(TransmissionTask.java:124)
11-06 11:57:08.518  3427  3511 W System.err: 	at android.os.Handler.handleCallback(Handler.java:907)
11-06 11:57:08.518  3427  3511 W System.err: 	at android.os.Handler.dispatchMessage(Handler.java:105)
11-06 11:57:08.518  3427  3511 W System.err: 	at android.os.Looper.loop(Looper.java:216)
11-06 11:57:08.518  3427  3511 W System.err: 	at android.os.HandlerThread.run(HandlerThread.java:65)
11-06 11:57:08.545  3427  3427 D Poster  : At 1573034228545 location is 65.0566991834972 (latitude), and 25.480491579552922 (longitude)
11-06 11:57:08.547  3427  3427 D Poster  : Connected to mobile network 20
11-06 11:57:08.547  3427  3511 W System.err: java.net.SocketException: Message too long
11-06 11:57:08.548  3427  3511 W System.err: 	at sun.nio.ch.DatagramChannelImpl.send0(Native Method)
11-06 11:57:08.548  3427  3511 W System.err: 	at sun.nio.ch.DatagramChannelImpl.sendFromNativeBuffer(DatagramChannelImpl.java:573)
11-06 11:57:08.548  3427  3511 W System.err: 	at sun.nio.ch.DatagramChannelImpl.send(DatagramChannelImpl.java:550)
11-06 11:57:08.548  3427  3511 W System.err: 	at sun.nio.ch.DatagramChannelImpl.send(DatagramChannelImpl.java:514)
11-06 11:57:08.548  3427  3511 W System.err: 	at symlab.CloudAR.network.TransmissionTask.run(TransmissionTask.java:124)
11-06 11:57:08.548  3427  3511 W System.err: 	at android.os.Handler.handleCallback(Handler.java:907)
11-06 11:57:08.548  3427  3511 W System.err: 	at android.os.Handler.dispatchMessage(Handler.java:105)
11-06 11:57:08.548  3427  3511 W System.err: 	at android.os.Looper.loop(Looper.java:216)
11-06 11:57:08.548  3427  3511 W System.err: 	at android.os.HandlerThread.run(HandlerThread.java:65)
11-06 11:57:08.582  3427  3511 W System.err: java.net.SocketException: Message too long
11-06 11:57:08.582  3427  3511 W System.err: 	at sun.nio.ch.DatagramChannelImpl.send0(Native Method)
11-06 11:57:08.582  3427  3511 W System.err: 	at sun.nio.ch.DatagramChannelImpl.sendFromNativeBuffer(DatagramChannelImpl.java:573)
11-06 11:57:08.582  3427  3511 W System.err: 	at sun.nio.ch.DatagramChannelImpl.send(DatagramChannelImpl.java:550)
11-06 11:57:08.582  3427  3511 W System.err: 	at sun.nio.ch.DatagramChannelImpl.send(DatagramChannelImpl.java:514)
