11-01 13:27:35.259 15191 15238 D Evaluation: 0 res for frame 441 received at 1572607655259
11-01 13:27:35.281 15191 15238 D Evaluation: Frame 444 sent at 1572607655281
11-01 13:27:35.283 15191 15238 D Evaluation: 0 res for frame 442 received at 1572607655283
11-01 13:27:35.355 15191 15238 D Evaluation: Frame 445 sent at 1572607655355
11-01 13:27:35.358 15191 15238 D Evaluation: 0 res for frame 442 received at 1572607655358
11-01 13:27:35.385 15191 15238 D Evaluation: Frame 446 sent at 1572607655385
11-01 13:27:35.388 15191 15238 D Evaluation: 0 res for frame 443 received at 1572607655388
11-01 13:27:35.411 15191 15202 W System  : A resource failed to call close. 
11-01 13:27:35.416 15191 15202 I chatty  : uid=10203(symlab.cloudridar.arhud) FinalizerDaemon identical 56 lines
11-01 13:27:35.416 15191 15202 W System  : A resource failed to call close. 
11-01 13:27:35.419 15191 15238 D Evaluation: Frame 447 sent at 1572607655419
11-01 13:27:35.421 15191 15238 D Evaluation: 0 res for frame 444 received at 1572607655421
11-01 13:27:35.452 15191 15238 D Evaluation: Frame 448 sent at 1572607655452
11-01 13:27:35.454 15191 15238 D Evaluation: 0 res for frame 445 received at 1572607655454
11-01 13:27:35.479 15191 15238 D Evaluation: Frame 449 sent at 1572607655479
11-01 13:27:35.481 15191 15238 D Evaluation: 0 res for frame 446 received at 1572607655481
11-01 13:27:35.517 15191 15238 D Evaluation: Frame 450 sent at 1572607655517
11-01 13:27:35.520 15191 15238 D Evaluation: 0 res for frame 447 received at 1572607655520
11-01 13:27:35.558 15191 15238 D Evaluation: Frame 451 sent at 1572607655558
11-01 13:27:35.560 15191 15238 D Evaluation: 0 res for frame 448 received at 1572607655560
11-01 13:27:35.615 15191 15238 D Evaluation: Frame 453 sent at 1572607655615
11-01 13:27:35.617 15191 15238 D Evaluation: 0 res for frame 449 received at 1572607655617
11-01 13:27:35.646 15191 15238 D Evaluation: Frame 454 sent at 1572607655646
11-01 13:27:35.650 15191 15238 D Evaluation: 0 res for frame 450 received at 1572607655650
11-01 13:27:35.655 15191 15191 D Poster  : At 1572607655655 location is 65.05786155 (latitude), and 25.46921799 longitude
11-01 13:27:35.656 15191 15191 D Poster  : Connected to WiFi
11-01 13:27:35.676 15191 15238 D Evaluation: Frame 455 sent at 1572607655676
11-01 13:27:35.679 15191 15238 D Evaluation: 0 res for frame 451 received at 1572607655679
11-01 13:27:35.706 15191 15238 D Evaluation: Frame 456 sent at 1572607655706
11-01 13:27:35.708 15191 15238 D Evaluation: 0 res for frame 453 received at 1572607655708
11-01 13:27:35.732 15191 15238 D Evaluation: Frame 457 sent at 1572607655732
11-01 13:27:35.734 15191 15238 D Evaluation: 0 res for frame 454 received at 1572607655734
11-01 13:27:35.756 15191 15238 D Evaluation: Frame 457 sent at 1572607655756
11-01 13:27:35.759 15191 15238 D Evaluation: 0 res for frame 455 received at 1572607655759
11-01 13:27:35.780 15191 15238 D Evaluation: Frame 458 sent at 1572607655780
11-01 13:27:35.783 15191 15238 D Evaluation: 0 res for frame 456 received at 1572607655783
11-01 13:27:35.815 15191 15238 D Evaluation: Frame 459 sent at 1572607655815
11-01 13:27:35.817 15191 15238 D Evaluation: 0 res for frame 457 received at 1572607655817
11-01 13:27:35.893 15191 15238 D Evaluation: Frame 460 sent at 1572607655893
11-01 13:27:35.899 15191 15238 D Evaluation: 0 res for frame 457 received at 1572607655899
11-01 13:27:35.936 15191 15238 D Evaluation: Frame 462 sent at 1572607655936
11-01 13:27:35.938 15191 15238 D Evaluation: 0 res for frame 458 received at 1572607655938
11-01 13:27:35.960 15191 15238 D Evaluation: Frame 462 sent at 1572607655960
11-01 13:27:35.963 15191 15238 D Evaluation: 0 res for frame 459 received at 1572607655963
11-01 13:27:35.987 15191 15238 D Evaluation: Frame 463 sent at 1572607655987
11-01 13:27:35.989 15191 15238 D Evaluation: 0 res for frame 460 received at 1572607655989
11-01 13:27:36.015 15191 15238 D Evaluation: Frame 464 sent at 1572607656015
11-01 13:27:36.017 15191 15238 D Evaluation: 0 res for frame 462 received at 1572607656017
11-01 13:27:36.064 15191 15238 D Evaluation: Frame 466 sent at 1572607656064
11-01 13:27:36.066 15191 15238 D Evaluation: 0 res for frame 462 received at 1572607656066
11-01 13:27:36.093 15191 15238 D Evaluation: Frame 467 sent at 1572607656093
11-01 13:27:36.095 15191 15238 D Evaluation: 0 res for frame 463 received at 1572607656095
11-01 13:27:36.118 15191 15238 D Evaluation: Frame 467 sent at 1572607656118
11-01 13:27:36.120 15191 15238 D Evaluation: 0 res for frame 464 received at 1572607656120
11-01 13:27:36.162 15191 15238 D Evaluation: Frame 468 sent at 1572607656162
11-01 13:27:36.165 15191 15238 D Evaluation: 0 res for frame 466 received at 1572607656165
11-01 13:27:36.189 15191 15238 D Evaluation: Frame 469 sent at 1572607656189
11-01 13:27:36.192 15191 15238 D Evaluation: 0 res for frame 467 received at 1572607656192
11-01 13:27:36.215 15191 15238 D Evaluation: Frame 470 sent at 1572607656215
11-01 13:27:36.217 15191 15238 D Evaluation: 0 res for frame 467 received at 1572607656217
11-01 13:27:36.265 15191 15238 D Evaluation: Frame 472 sent at 1572607656265
11-01 13:27:36.267 15191 15238 D Evaluation: 0 res for frame 468 received at 1572607656267
11-01 13:27:36.293 15191 15238 D Evaluation: Frame 472 sent at 1572607656293
11-01 13:27:36.296 15191 15238 D Evaluation: 0 res for frame 469 received at 1572607656296
11-01 13:27:36.316 15191 15202 W System  : A resource failed to call close. 
11-01 13:27:36.320 15191 15202 I chatty  : uid=10203(symlab.cloudridar.arhud) FinalizerDaemon identical 50 lines
11-01 13:27:36.320 15191 15202 W System  : A resource failed to call close. 
11-01 13:27:36.331 15191 15238 D Evaluation: Frame 473 sent at 1572607656331
11-01 13:27:36.334 15191 15238 D Evaluation: 0 res for frame 470 received at 1572607656334
11-01 13:27:36.357 15191 15238 D Evaluation: Frame 474 sent at 1572607656357
11-01 13:27:36.359 15191 15238 D Evaluation: 0 res for frame 472 received at 1572607656359
11-01 13:27:36.385 15191 15238 D Evaluation: Frame 475 sent at 1572607656385
11-01 13:27:36.387 15191 15238 D Evaluation: 0 res for frame 472 received at 1572607656387
11-01 13:27:36.470 15191 15238 D Evaluation: Frame 476 sent at 1572607656470
11-01 13:27:36.473 15191 15238 D Evaluation: 0 res for frame 473 received at 1572607656473
11-01 13:27:36.598 15191 15238 D Evaluation: Frame 478 sent at 1572607656598
11-01 13:27:36.603 15191 15238 D Evaluation: 0 res for frame 474 received at 1572607656603
11-01 13:27:36.640 15191 15238 D Evaluation: Frame 479 sent at 1572607656640
11-01 13:27:36.643 15191 15238 D Evaluation: 1 res for frame 475 received at 1572607656643
11-01 13:27:36.654 15191 15191 D Poster  : At 1572607656654 location is 65.05785336 (latitude), and 25.46922145 longitude
11-01 13:27:36.655 15191 15191 D Poster  : Connected to WiFi
11-01 13:27:36.676 15191 15238 D Evaluation: Frame 480 sent at 1572607656676
11-01 13:27:36.679 15191 15238 D Evaluation: 0 res for frame 476 received at 1572607656679
11-01 13:27:36.698 15191 15238 D Evaluation: Frame 481 sent at 1572607656698
11-01 13:27:36.701 15191 15238 D Evaluation: 0 res for frame 478 received at 1572607656701
11-01 13:27:36.725 15191 15238 D Evaluation: Frame 481 sent at 1572607656725
11-01 13:27:36.727 15191 15238 D Evaluation: 0 res for frame 479 received at 1572607656727
11-01 13:27:36.779 15191 15238 D Evaluation: Frame 482 sent at 1572607656779
11-01 13:27:36.781 15191 15238 D Evaluation: 0 res for frame 480 received at 1572607656781
11-01 13:27:36.816 15191 15238 D Evaluation: Frame 483 sent at 1572607656816
11-01 13:27:36.818 15191 15238 D Evaluation: 0 res for frame 481 received at 1572607656818
11-01 13:27:36.897 15191 15238 D Evaluation: Frame 485 sent at 1572607656897
11-01 13:27:36.901 15191 15238 D Evaluation: 0 res for frame 481 received at 1572607656901
11-01 13:27:36.935 15191 15238 D Evaluation: Frame 486 sent at 1572607656935
11-01 13:27:36.938 15191 15238 D Evaluation: 0 res for frame 482 received at 1572607656937
11-01 13:27:36.966 15191 15238 D Evaluation: Frame 487 sent at 1572607656966
11-01 13:27:36.968 15191 15238 D Evaluation: 0 res for frame 483 received at 1572607656968
11-01 13:27:36.994 15191 15238 D Evaluation: Frame 488 sent at 1572607656994
11-01 13:27:36.996 15191 15238 D Evaluation: 0 res for frame 485 received at 1572607656996
11-01 13:27:37.019 15191 15238 D Evaluation: Frame 488 sent at 1572607657019
11-01 13:27:37.021 15191 15238 D Evaluation: 1 res for frame 486 received at 1572607657021
11-01 13:27:37.052 15191 15238 D Evaluation: Frame 489 sent at 1572607657052
11-01 13:27:37.054 15191 15238 D Evaluation: 0 res for frame 487 received at 1572607657054
11-01 13:27:37.075 15191 15238 D Evaluation: Frame 490 sent at 1572607657075
11-01 13:27:37.077 15191 15238 D Evaluation: 0 res for frame 487 received at 1572607657077
11-01 13:27:37.121 15191 15238 D Evaluation: Frame 491 sent at 1572607657121
11-01 13:27:37.124 15191 15238 D Evaluation: 0 res for frame 488 received at 1572607657124
11-01 13:27:37.154 15191 15238 D Evaluation: Frame 492 sent at 1572607657154
11-01 13:27:37.156 15191 15238 D Evaluation: 1 res for frame 489 received at 1572607657156
11-01 13:27:37.190 15191 15238 D Evaluation: Frame 493 sent at 1572607657190
11-01 13:27:37.193 15191 15238 D Evaluation: 1 res for frame 490 received at 1572607657193
11-01 13:27:37.213 15191 15238 D Evaluation: Frame 494 sent at 1572607657213
11-01 13:27:37.215 15191 15238 D Evaluation: 0 res for frame 491 received at 1572607657215
11-01 13:27:37.254 15191 15238 D Evaluation: Frame 495 sent at 1572607657254
11-01 13:27:37.256 15191 15238 D Evaluation: 0 res for frame 492 received at 1572607657256
11-01 13:27:37.286 15191 15238 D Evaluation: Frame 496 sent at 1572607657285
11-01 13:27:37.288 15191 15238 D Evaluation: 1 res for frame 493 received at 1572607657288
11-01 13:27:37.312 15191 15238 D Evaluation: Frame 497 sent at 1572607657312
11-01 13:27:37.314 15191 15238 D Evaluation: 0 res for frame 494 received at 1572607657314
11-01 13:27:37.401 15191 15238 D Evaluation: Frame 498 sent at 1572607657401
11-01 13:27:37.406 15191 15238 D Evaluation: 1 res for frame 495 received at 1572607657406
11-01 13:27:37.457 15191 15238 D Evaluation: Frame 499 sent at 1572607657457
11-01 13:27:37.463 15191 15238 D Evaluation: 2 res for frame 496 received at 1572607657462
11-01 13:27:37.493 15191 15238 D Evaluation: Frame 501 sent at 1572607657493
11-01 13:27:37.496 15191 15238 D Evaluation: 2 res for frame 497 received at 1572607657496
11-01 13:27:37.524 15191 15238 D Evaluation: Frame 501 sent at 1572607657523
11-01 13:27:37.526 15191 15238 D Evaluation: 2 res for frame 498 received at 1572607657526
11-01 13:27:37.591 15191 15238 D Evaluation: Frame 502 sent at 1572607657591
11-01 13:27:37.594 15191 15238 D Evaluation: 2 res for frame 499 received at 1572607657594
11-01 13:27:37.616 15191 15202 W System  : A resource failed to call close. 
11-01 13:27:37.620 15191 15202 I chatty  : uid=10203(symlab.cloudridar.arhud) FinalizerDaemon identical 49 lines
11-01 13:27:37.620 15191 15202 W System  : A resource failed to call close. 
11-01 13:27:37.620 15191 15202 W System  : A resource failed to call close. 
11-01 13:27:37.620 15191 15202 W System  : A resource failed to call close. 
11-01 13:27:37.620 15191 15202 W System  : A resource failed to call close. 
11-01 13:27:37.620 15191 15202 W System  : A resource failed to call close. 
11-01 13:27:37.622 15191 15202 I chatty  : uid=10203(symlab.cloudridar.arhud) FinalizerDaemon identical 4 lines
11-01 13:27:37.622 15191 15202 W System  : A resource failed to call close. 
11-01 13:27:37.624 15191 15238 D Evaluation: Frame 503 sent at 1572607657624
11-01 13:27:37.627 15191 15238 D Evaluation: 2 res for frame 501 received at 1572607657627
11-01 13:27:37.653 15191 15238 D Evaluation: Frame 504 sent at 1572607657652
11-01 13:27:37.655 15191 15191 D Poster  : At 1572607657655 location is 65.05784694 (latitude), and 25.46921908 longitude
11-01 13:27:37.655 15191 15238 D Evaluation: 3 res for frame 501 received at 1572607657655
11-01 13:27:37.656 15191 15191 D Poster  : Connected to WiFi
11-01 13:27:37.682 15191 15238 D Evaluation: Frame 505 sent at 1572607657682
11-01 13:27:37.685 15191 15238 D Evaluation: 2 res for frame 502 received at 1572607657685
11-01 13:27:37.712 15191 15238 D Evaluation: Frame 506 sent at 1572607657712
11-01 13:27:37.714 15191 15238 D Evaluation: 2 res for frame 503 received at 1572607657714
11-01 13:27:37.757 15191 15238 D Evaluation: Frame 507 sent at 1572607657757
11-01 13:27:37.760 15191 15238 D Evaluation: 3 res for frame 504 received at 1572607657760
11-01 13:27:37.787 15191 15238 D Evaluation: Frame 508 sent at 1572607657787
11-01 13:27:37.789 15191 15238 D Evaluation: 2 res for frame 505 received at 1572607657789
11-01 13:27:37.816 15191 15238 D Evaluation: Frame 509 sent at 1572607657816
11-01 13:27:37.818 15191 15238 D Evaluation: 2 res for frame 506 received at 1572607657818
11-01 13:27:37.849 15191 15238 D Evaluation: Frame 510 sent at 1572607657849
11-01 13:27:37.851 15191 15238 D Evaluation: 2 res for frame 507 received at 1572607657851
11-01 13:27:37.885 15191 15238 D Evaluation: Frame 511 sent at 1572607657885
11-01 13:27:37.887 15191 15238 D Evaluation: 2 res for frame 508 received at 1572607657887
11-01 13:27:37.920 15191 15238 D Evaluation: Frame 512 sent at 1572607657920
11-01 13:27:37.922 15191 15238 D Evaluation: 2 res for frame 509 received at 1572607657922
11-01 13:27:37.948 15191 15238 D Evaluation: Frame 513 sent at 1572607657948
11-01 13:27:37.950 15191 15238 D Evaluation: 2 res for frame 510 received at 1572607657950
11-01 13:27:37.986 15191 15238 D Evaluation: Frame 514 sent at 1572607657986
11-01 13:27:37.989 15191 15238 D Evaluation: 2 res for frame 511 received at 1572607657989
11-01 13:27:38.018 15191 15238 D Evaluation: Frame 515 sent at 1572607658018
11-01 13:27:38.020 15191 15238 D Evaluation: 2 res for frame 512 received at 1572607658020
11-01 13:27:38.052 15191 15238 D Evaluation: Frame 516 sent at 1572607658052
11-01 13:27:38.055 15191 15238 D Evaluation: 2 res for frame 513 received at 1572607658055
11-01 13:27:38.083 15191 15238 D Evaluation: Frame 517 sent at 1572607658083
11-01 13:27:38.085 15191 15238 D Evaluation: 2 res for frame 514 received at 1572607658085
11-01 13:27:38.111 15191 15238 D Evaluation: Frame 518 sent at 1572607658111
11-01 13:27:38.113 15191 15238 D Evaluation: 2 res for frame 515 received at 1572607658113
11-01 13:27:38.165 15191 15238 D Evaluation: Frame 520 sent at 1572607658165
11-01 13:27:38.168 15191 15238 D Evaluation: 2 res for frame 516 received at 1572607658168
11-01 13:27:38.194 15191 15238 D Evaluation: Frame 520 sent at 1572607658194
11-01 13:27:38.198 15191 15238 D Evaluation: 2 res for frame 517 received at 1572607658198
11-01 13:27:38.221 15191 15238 D Evaluation: Frame 521 sent at 1572607658221
11-01 13:27:38.224 15191 15238 D Evaluation: 2 res for frame 518 received at 1572607658224
11-01 13:27:38.254 15191 15238 D Evaluation: Frame 522 sent at 1572607658254
11-01 13:27:38.256 15191 15238 D Evaluation: 2 res for frame 520 received at 1572607658256
11-01 13:27:38.284 15191 15238 D Evaluation: Frame 523 sent at 1572607658284
11-01 13:27:38.286 15191 15238 D Evaluation: 2 res for frame 520 received at 1572607658286
11-01 13:27:38.359 15191 15238 D Evaluation: Frame 524 sent at 1572607658359
11-01 13:27:38.362 15191 15238 D Evaluation: 3 res for frame 521 received at 1572607658362
11-01 13:27:38.388 15191 15238 D Evaluation: Frame 525 sent at 1572607658388
11-01 13:27:38.390 15191 15238 D Evaluation: 2 res for frame 522 received at 1572607658390
11-01 13:27:38.417 15191 15238 D Evaluation: Frame 526 sent at 1572607658417
11-01 13:27:38.420 15191 15238 D Evaluation: 0 res for frame 523 received at 1572607658420
11-01 13:27:38.450 15191 15238 D Evaluation: Frame 527 sent at 1572607658450
11-01 13:27:38.452 15191 15238 D Evaluation: 0 res for frame 524 received at 1572607658452
11-01 13:27:38.496 15191 15238 D Evaluation: Frame 528 sent at 1572607658496
11-01 13:27:38.499 15191 15238 D Evaluation: 0 res for frame 525 received at 1572607658499
11-01 13:27:38.526 15191 15238 D Evaluation: Frame 529 sent at 1572607658526
11-01 13:27:38.529 15191 15238 D Evaluation: 0 res for frame 526 received at 1572607658529
11-01 13:27:38.551 15191 15238 D Evaluation: Frame 530 sent at 1572607658551
11-01 13:27:38.554 15191 15238 D Evaluation: 0 res for frame 527 received at 1572607658554
11-01 13:27:38.578 15191 15238 D Evaluation: Frame 531 sent at 1572607658578
11-01 13:27:38.581 15191 15238 D Evaluation: 0 res for frame 528 received at 1572607658581
11-01 13:27:38.620 15191 15238 D Evaluation: Frame 532 sent at 1572607658620
11-01 13:27:38.623 15191 15238 D Evaluation: 0 res for frame 529 received at 1572607658622
11-01 13:27:38.654 15191 15191 D Poster  : At 1572607658654 location is 65.05785433 (latitude), and 25.46920683 longitude
11-01 13:27:38.655 15191 15191 D Poster  : Connected to WiFi
11-01 13:27:38.656 15191 15238 D Evaluation: Frame 533 sent at 1572607658656
11-01 13:27:38.659 15191 15238 D Evaluation: 0 res for frame 530 received at 1572607658659
11-01 13:27:38.686 15191 15238 D Evaluation: Frame 534 sent at 1572607658686
11-01 13:27:38.689 15191 15238 D Evaluation: 0 res for frame 531 received at 1572607658689
11-01 13:27:38.714 15191 15238 D Evaluation: Frame 535 sent at 1572607658714
11-01 13:27:38.716 15191 15238 D Evaluation: 0 res for frame 532 received at 1572607658716
11-01 13:27:38.758 15191 15238 D Evaluation: Frame 537 sent at 1572607658758
11-01 13:27:38.760 15191 15238 D Evaluation: 0 res for frame 533 received at 1572607658760
11-01 13:27:38.785 15191 15238 D Evaluation: Frame 537 sent at 1572607658785
11-01 13:27:38.787 15191 15238 D Evaluation: 0 res for frame 534 received at 1572607658787
11-01 13:27:38.812 15191 15202 W System  : A resource failed to call close. 
11-01 13:27:38.814 15191 15202 I chatty  : uid=10203(symlab.cloudridar.arhud) FinalizerDaemon identical 21 lines
11-01 13:27:38.814 15191 15202 W System  : A resource failed to call close. 
11-01 13:27:38.814 15191 15202 W System  : A resource failed to call close. 
11-01 13:27:38.815 15191 15202 I chatty  : uid=10203(symlab.cloudridar.arhud) FinalizerDaemon identical 11 lines
11-01 13:27:38.815 15191 15202 W System  : A resource failed to call close. 
11-01 13:27:38.815 15191 15238 D Evaluation: Frame 538 sent at 1572607658815
11-01 13:27:38.815 15191 15202 W System  : A resource failed to call close. 
11-01 13:27:38.817 15191 15202 I chatty  : uid=10203(symlab.cloudridar.arhud) FinalizerDaemon identical 34 lines
11-01 13:27:38.817 15191 15202 W System  : A resource failed to call close. 
11-01 13:27:38.817 15191 15238 D Evaluation: 0 res for frame 535 received at 1572607658817
11-01 13:27:38.846 15191 15238 D Evaluation: Frame 539 sent at 1572607658846
11-01 13:27:38.849 15191 15238 D Evaluation: 0 res for frame 537 received at 1572607658848
11-01 13:27:38.877 15191 15238 D Evaluation: Frame 540 sent at 1572607658877
11-01 13:27:38.879 15191 15238 D Evaluation: 0 res for frame 537 received at 1572607658879
11-01 13:27:38.914 15191 15238 D Evaluation: Frame 541 sent at 1572607658914
11-01 13:27:38.916 15191 15238 D Evaluation: 0 res for frame 538 received at 1572607658916
11-01 13:27:38.957 15191 15238 D Evaluation: Frame 542 sent at 1572607658957
11-01 13:27:38.960 15191 15238 D Evaluation: 0 res for frame 539 received at 1572607658960
11-01 13:27:38.980 15191 15238 D Evaluation: Frame 543 sent at 1572607658980
11-01 13:27:38.982 15191 15238 D Evaluation: 0 res for frame 540 received at 1572607658982
11-01 13:27:39.011 15191 15238 D Evaluation: Frame 544 sent at 1572607659010
11-01 13:27:39.013 15191 15238 D Evaluation: 0 res for frame 541 received at 1572607659013
11-01 13:27:39.055 15191 15238 D Evaluation: Frame 545 sent at 1572607659055
11-01 13:27:39.058 15191 15238 D Evaluation: 0 res for frame 542 received at 1572607659058
11-01 13:27:39.088 15191 15238 D Evaluation: Frame 546 sent at 1572607659088
11-01 13:27:39.091 15191 15238 D Evaluation: 0 res for frame 543 received at 1572607659090
11-01 13:27:39.126 15191 15238 D Evaluation: Frame 548 sent at 1572607659126
11-01 13:27:39.129 15191 15238 D Evaluation: 0 res for frame 544 received at 1572607659129
11-01 13:27:39.157 15191 15238 D Evaluation: Frame 548 sent at 1572607659156
11-01 13:27:39.159 15191 15238 D Evaluation: 0 res for frame 545 received at 1572607659159
11-01 13:27:39.181 15191 15238 D Evaluation: Frame 549 sent at 1572607659181
11-01 13:27:39.184 15191 15238 D Evaluation: 0 res for frame 546 received at 1572607659184
11-01 13:27:39.208 15191 15238 D Evaluation: Frame 550 sent at 1572607659208
11-01 13:27:39.210 15191 15238 D Evaluation: 0 res for frame 548 received at 1572607659210
11-01 13:27:39.257 15191 15238 D Evaluation: Frame 551 sent at 1572607659257
11-01 13:27:39.261 15191 15238 D Evaluation: 0 res for frame 548 received at 1572607659261
11-01 13:27:39.288 15191 15238 D Evaluation: Frame 552 sent at 1572607659288
11-01 13:27:39.290 15191 15238 D Evaluation: 0 res for frame 549 received at 1572607659290
11-01 13:27:39.315 15191 15238 D Evaluation: Frame 553 sent at 1572607659315
11-01 13:27:39.317 15191 15238 D Evaluation: 0 res for frame 550 received at 1572607659317
11-01 13:27:39.362 15191 15238 D Evaluation: Frame 554 sent at 1572607659362
11-01 13:27:39.365 15191 15238 D Evaluation: 0 res for frame 551 received at 1572607659365
11-01 13:27:39.391 15191 15238 D Evaluation: Frame 555 sent at 1572607659391
11-01 13:27:39.393 15191 15238 D Evaluation: 0 res for frame 552 received at 1572607659393
11-01 13:27:39.420 15191 15238 D Evaluation: Frame 556 sent at 1572607659420
11-01 13:27:39.422 15191 15238 D Evaluation: 0 res for frame 553 received at 1572607659422
11-01 13:27:39.467 15191 15238 D Evaluation: Frame 558 sent at 1572607659467
11-01 13:27:39.469 15191 15238 D Evaluation: 1 res for frame 554 received at 1572607659469
11-01 13:27:39.495 15191 15238 D Evaluation: Frame 558 sent at 1572607659495
11-01 13:27:39.497 15191 15238 D Evaluation: 2 res for frame 555 received at 1572607659497
11-01 13:27:39.563 15191 15238 D Evaluation: Frame 560 sent at 1572607659563
11-01 13:27:39.565 15191 15238 D Evaluation: 2 res for frame 556 received at 1572607659565
11-01 13:27:39.593 15191 15238 D Evaluation: Frame 560 sent at 1572607659593
11-01 13:27:39.595 15191 15238 D Evaluation: 0 res for frame 558 received at 1572607659595
11-01 13:27:39.669 15191 15238 D Evaluation: Frame 562 sent at 1572607659669
11-01 13:27:39.671 15191 15238 D Evaluation: 2 res for frame 558 received at 1572607659671
11-01 13:27:39.689 15191 15191 D Poster  : At 1572607659689 location is 65.05785227 (latitude), and 25.46920754 longitude
11-01 13:27:39.690 15191 15191 D Poster  : Connected to WiFi
11-01 13:27:39.697 15191 15238 D Evaluation: Frame 562 sent at 1572607659697
11-01 13:27:39.699 15191 15238 D Evaluation: 1 res for frame 559 received at 1572607659699
11-01 13:27:39.762 15191 15238 D Evaluation: Frame 564 sent at 1572607659762
11-01 13:27:39.764 15191 15238 D Evaluation: 1 res for frame 560 received at 1572607659764
11-01 13:27:39.792 15191 15238 D Evaluation: Frame 565 sent at 1572607659792
11-01 13:27:39.794 15191 15238 D Evaluation: 0 res for frame 562 received at 1572607659794
11-01 13:27:39.813 15191 15238 D Evaluation: Frame 565 sent at 1572607659813
11-01 13:27:39.816 15191 15238 D Evaluation: 0 res for frame 562 received at 1572607659815
11-01 13:27:39.877 15191 15238 D Evaluation: Frame 567 sent at 1572607659877
11-01 13:27:39.879 15191 15238 D Evaluation: 0 res for frame 564 received at 1572607659879
11-01 13:27:39.908 15191 15238 D Evaluation: Frame 568 sent at 1572607659908
11-01 13:27:39.909 15191 15238 D Evaluation: 0 res for frame 565 received at 1572607659909
11-01 13:27:39.932 15191 15238 D Evaluation: Frame 568 sent at 1572607659931
11-01 13:27:39.934 15191 15238 D Evaluation: 0 res for frame 565 received at 1572607659934
11-01 13:27:39.944 15191 15202 W System  : A resource failed to call close. 
11-01 13:27:39.947 15191 15202 I chatty  : uid=10203(symlab.cloudridar.arhud) FinalizerDaemon identical 58 lines
11-01 13:27:39.947 15191 15202 W System  : A resource failed to call close. 
11-01 13:27:39.997 15191 15238 D Evaluation: Frame 569 sent at 1572607659997
11-01 13:27:40.001 15191 15238 D Evaluation: 1 res for frame 567 received at 1572607660001
11-01 13:27:40.023 15191 15238 D Evaluation: Frame 570 sent at 1572607660023
11-01 13:27:40.026 15191 15238 D Evaluation: 1 res for frame 568 received at 1572607660026
11-01 13:27:40.049 15191 15238 D Evaluation: Frame 571 sent at 1572607660049
11-01 13:27:40.051 15191 15238 D Evaluation: 2 res for frame 568 received at 1572607660051
11-01 13:27:40.135 15191 15238 D Evaluation: Frame 573 sent at 1572607660135
11-01 13:27:40.139 15191 15238 D Evaluation: 1 res for frame 569 received at 1572607660139
11-01 13:27:40.166 15191 15238 D Evaluation: Frame 573 sent at 1572607660166
11-01 13:27:40.168 15191 15238 D Evaluation: 0 res for frame 570 received at 1572607660168
11-01 13:27:40.189 15191 15238 D Evaluation: Frame 574 sent at 1572607660189
11-01 13:27:40.192 15191 15238 D Evaluation: 0 res for frame 571 received at 1572607660192
11-01 13:27:40.228 15191 15238 D Evaluation: Frame 575 sent at 1572607660228
11-01 13:27:40.230 15191 15238 D Evaluation: 0 res for frame 573 received at 1572607660230
11-01 13:27:40.252 15191 15238 D Evaluation: Frame 576 sent at 1572607660252
11-01 13:27:40.254 15191 15238 D Evaluation: 0 res for frame 573 received at 1572607660254
11-01 13:27:40.322 15191 15238 D Evaluation: Frame 577 sent at 1572607660322
11-01 13:27:40.325 15191 15238 D Evaluation: 0 res for frame 574 received at 1572607660325
11-01 13:27:40.350 15191 15238 D Evaluation: Frame 578 sent at 1572607660350
11-01 13:27:40.353 15191 15238 D Evaluation: 0 res for frame 575 received at 1572607660353
11-01 13:27:40.386 15191 15238 D Evaluation: Frame 579 sent at 1572607660386
11-01 13:27:40.389 15191 15238 D Evaluation: 2 res for frame 576 received at 1572607660389
11-01 13:27:40.417 15191 15238 D Evaluation: Frame 580 sent at 1572607660417
11-01 13:27:40.420 15191 15238 D Evaluation: 2 res for frame 577 received at 1572607660420
11-01 13:27:40.453 15191 15238 D Evaluation: Frame 581 sent at 1572607660453
11-01 13:27:40.456 15191 15238 D Evaluation: 2 res for frame 578 received at 1572607660456
11-01 13:27:40.486 15191 15238 D Evaluation: Frame 582 sent at 1572607660485
11-01 13:27:40.488 15191 15238 D Evaluation: 2 res for frame 579 received at 1572607660488
11-01 13:27:40.518 15191 15238 D Evaluation: Frame 583 sent at 1572607660518
11-01 13:27:40.521 15191 15238 D Evaluation: 2 res for frame 580 received at 1572607660521
11-01 13:27:40.549 15191 15238 D Evaluation: Frame 584 sent at 1572607660548
11-01 13:27:40.551 15191 15238 D Evaluation: 1 res for frame 581 received at 1572607660551
11-01 13:27:40.583 15191 15238 D Evaluation: Frame 585 sent at 1572607660583
11-01 13:27:40.586 15191 15238 D Evaluation: 2 res for frame 582 received at 1572607660586
11-01 13:27:40.615 15191 15238 D Evaluation: Frame 586 sent at 1572607660615
11-01 13:27:40.617 15191 15238 D Evaluation: 1 res for frame 583 received at 1572607660617
11-01 13:27:40.655 15191 15191 D Poster  : At 1572607660654 location is 65.05785224 (latitude), and 25.46920747 longitude
11-01 13:27:40.655 15191 15191 D Poster  : Connected to WiFi
11-01 13:27:40.658 15191 15238 D Evaluation: Frame 587 sent at 1572607660658
11-01 13:27:40.661 15191 15238 D Evaluation: 2 res for frame 584 received at 1572607660661
11-01 13:27:40.698 15191 15238 D Evaluation: Frame 589 sent at 1572607660698
11-01 13:27:40.703 15191 15238 D Evaluation: 2 res for frame 585 received at 1572607660703
11-01 13:27:40.724 15191 15238 D Evaluation: Frame 589 sent at 1572607660724
11-01 13:27:40.726 15191 15238 D Evaluation: 2 res for frame 586 received at 1572607660726
11-01 13:27:40.755 15191 15238 D Evaluation: Frame 590 sent at 1572607660755
11-01 13:27:40.757 15191 15238 D Evaluation: 2 res for frame 587 received at 1572607660757
11-01 13:27:40.797 15191 15238 D Evaluation: Frame 591 sent at 1572607660797
11-01 13:27:40.799 15191 15238 D Evaluation: 2 res for frame 589 received at 1572607660799
11-01 13:27:40.845 15191 15238 D Evaluation: Frame 592 sent at 1572607660845
11-01 13:27:40.848 15191 15238 D Evaluation: 2 res for frame 589 received at 1572607660848
11-01 13:27:40.899 15191 15238 D Evaluation: Frame 593 sent at 1572607660899
11-01 13:27:40.901 15191 15238 D Evaluation: 2 res for frame 590 received at 1572607660901
11-01 13:27:40.983 15191 15238 D Evaluation: Frame 595 sent at 1572607660983
11-01 13:27:40.985 15191 15238 D Evaluation: 2 res for frame 591 received at 1572607660985
11-01 13:27:41.014 15191 15238 D Evaluation: Frame 596 sent at 1572607661014
11-01 13:27:41.016 15191 15238 D Evaluation: 2 res for frame 592 received at 1572607661016
11-01 13:27:41.038 15191 15238 D Evaluation: Frame 596 sent at 1572607661038
11-01 13:27:41.040 15191 15238 D Evaluation: 2 res for frame 593 received at 1572607661040
11-01 13:27:41.053 15191 15202 W System  : A resource failed to call close. 
11-01 13:27:41.056 15191 15202 I chatty  : uid=10203(symlab.cloudridar.arhud) FinalizerDaemon identical 33 lines
11-01 13:27:41.056 15191 15202 W System  : A resource failed to call close. 
11-01 13:27:41.056 15191 15202 W System  : A resource failed to call close. 
11-01 13:27:41.056 15191 15202 W System  : A resource failed to call close. 
11-01 13:27:41.057 15191 15202 W System  : A resource failed to call close. 
11-01 13:27:41.058 15191 15202 I chatty  : uid=10203(symlab.cloudridar.arhud) FinalizerDaemon identical 18 lines
11-01 13:27:41.058 15191 15202 W System  : A resource failed to call close. 
11-01 13:27:41.087 15191 15238 D Evaluation: Frame 597 sent at 1572607661087
11-01 13:27:41.090 15191 15238 D Evaluation: 2 res for frame 595 received at 1572607661090
11-01 13:27:41.116 15191 15238 D Evaluation: Frame 598 sent at 1572607661116
11-01 13:27:41.118 15191 15238 D Evaluation: 2 res for frame 596 received at 1572607661118
11-01 13:27:41.150 15191 15238 D Evaluation: Frame 599 sent at 1572607661150
11-01 13:27:41.152 15191 15238 D Evaluation: 2 res for frame 596 received at 1572607661152
11-01 13:27:41.183 15191 15238 D Evaluation: Frame 600 sent at 1572607661182
11-01 13:27:41.185 15191 15238 D Evaluation: 2 res for frame 597 received at 1572607661185
11-01 13:27:41.211 15191 15238 D Evaluation: Frame 601 sent at 1572607661211
11-01 13:27:41.213 15191 15238 D Evaluation: 3 res for frame 598 received at 1572607661213
11-01 13:27:41.246 15191 15238 D Evaluation: Frame 602 sent at 1572607661246
11-01 13:27:41.248 15191 15238 D Evaluation: 2 res for frame 599 received at 1572607661248
11-01 13:27:41.276 15191 15238 D Evaluation: Frame 603 sent at 1572607661276
11-01 13:27:41.278 15191 15238 D Evaluation: 4 res for frame 600 received at 1572607661278
11-01 13:27:41.309 15191 15238 D Evaluation: Frame 604 sent at 1572607661309
11-01 13:27:41.311 15191 15238 D Evaluation: 1 res for frame 601 received at 1572607661311
11-01 13:27:41.359 15191 15238 D Evaluation: Frame 606 sent at 1572607661359
11-01 13:27:41.361 15191 15238 D Evaluation: 3 res for frame 602 received at 1572607661361
11-01 13:27:41.388 15191 15238 D Evaluation: Frame 606 sent at 1572607661388
11-01 13:27:41.392 15191 15238 D Evaluation: 3 res for frame 603 received at 1572607661392
11-01 13:27:41.414 15191 15238 D Evaluation: Frame 607 sent at 1572607661414
11-01 13:27:41.416 15191 15238 D Evaluation: 2 res for frame 604 received at 1572607661416
11-01 13:27:41.468 15191 15238 D Evaluation: Frame 608 sent at 1572607661468
11-01 13:27:41.470 15191 15238 D Evaluation: 2 res for frame 605 received at 1572607661470
11-01 13:27:41.499 15191 15238 D Evaluation: Frame 610 sent at 1572607661499
11-01 13:27:41.501 15191 15238 D Evaluation: 2 res for frame 606 received at 1572607661501
11-01 13:27:41.525 15191 15238 D Evaluation: Frame 610 sent at 1572607661525
11-01 13:27:41.527 15191 15238 D Evaluation: 3 res for frame 607 received at 1572607661527
11-01 13:27:41.558 15191 15238 D Evaluation: Frame 611 sent at 1572607661558
11-01 13:27:41.560 15191 15238 D Evaluation: 3 res for frame 608 received at 1572607661560
11-01 13:27:41.582 15191 15238 D Evaluation: Frame 612 sent at 1572607661582
11-01 13:27:41.584 15191 15238 D Evaluation: 3 res for frame 609 received at 1572607661584
11-01 13:27:41.618 15191 15238 D Evaluation: Frame 613 sent at 1572607661618
11-01 13:27:41.620 15191 15238 D Evaluation: 0 res for frame 610 received at 1572607661620
11-01 13:27:41.662 15191 15191 D Poster  : At 1572607661662 location is 65.05785223 (latitude), and 25.4692074 longitude
11-01 13:27:41.664 15191 15191 D Poster  : Connected to WiFi
11-01 13:27:41.728 15191 15238 D Evaluation: Frame 614 sent at 1572607661728
11-01 13:27:41.731 15191 15238 D Evaluation: 0 res for frame 611 received at 1572607661731
11-01 13:27:41.765 15191 15238 D Evaluation: Frame 615 sent at 1572607661765
11-01 13:27:41.768 15191 15238 D Evaluation: 0 res for frame 612 received at 1572607661768
11-01 13:27:41.798 15191 15238 D Evaluation: Frame 616 sent at 1572607661798
11-01 13:27:41.800 15191 15238 D Evaluation: 1 res for frame 613 received at 1572607661800
11-01 13:27:41.836 15191 15238 D Evaluation: Frame 617 sent at 1572607661836
11-01 13:27:41.839 15191 15238 D Evaluation: 0 res for frame 614 received at 1572607661839
11-01 13:27:41.864 15191 15238 D Evaluation: Frame 618 sent at 1572607661864
11-01 13:27:41.866 15191 15238 D Evaluation: 0 res for frame 615 received at 1572607661866
11-01 13:27:41.889 15191 15238 D Evaluation: Frame 619 sent at 1572607661889
11-01 13:27:41.891 15191 15238 D Evaluation: 0 res for frame 616 received at 1572607661891
11-01 13:27:41.963 15191 15238 D Evaluation: Frame 621 sent at 1572607661963
11-01 13:27:41.968 15191 15238 D Evaluation: 0 res for frame 617 received at 1572607661968
11-01 13:27:41.989 15191 15202 W System  : A resource failed to call close. 
11-01 13:27:41.992 15191 15202 I chatty  : uid=10203(symlab.cloudridar.arhud) FinalizerDaemon identical 45 lines
11-01 13:27:41.993 15191 15202 W System  : A resource failed to call close. 
11-01 13:27:41.997 15191 15238 D Evaluation: Frame 621 sent at 1572607661997
11-01 13:27:42.000 15191 15238 D Evaluation: 0 res for frame 618 received at 1572607662000
11-01 13:27:42.034 15191 15238 D Evaluation: Frame 622 sent at 1572607662034
11-01 13:27:42.037 15191 15238 D Evaluation: 0 res for frame 619 received at 1572607662037
11-01 13:27:42.114 15191 15191 I Poster  :  onPause() called.
11-01 13:27:42.135 15191 15238 D Evaluation: Frame 624 sent at 1572607662135
11-01 13:27:42.140 15191 15238 D Evaluation: 0 res for frame 621 received at 1572607662140
11-01 13:27:42.175 15191 15238 D Evaluation: Frame 624 sent at 1572607662175
11-01 13:27:42.180 15191 15238 D Evaluation: 0 res for frame 621 received at 1572607662180
11-01 13:27:42.922 15191 15191 I Poster  :  surfaceDestroyed() called.
11-01 13:27:42.923 15191 15191 I Poster  :  onStop() called.
11-01 13:27:42.927 15191 15191 D Poster  : At 1572607662927 location is 65.05785225 (latitude), and 25.46920734 longitude
11-01 13:27:42.928 15191 15191 D Poster  : Connected to WiFi
11-01 13:27:47.209 15191 15202 W System  : A resource failed to call close. 
11-01 13:27:47.211 15191 15202 I chatty  : uid=10203(symlab.cloudridar.arhud) FinalizerDaemon identical 8 lines
11-01 13:27:47.211 15191 15202 W System  : A resource failed to call close. 
11-01 13:37:54.686 15191 15191 D Poster  : At 1572608274686 location is 65.05783507 (latitude), and 25.46969977 longitude
11-01 13:37:54.692 15191 15191 D Poster  : Connected to WiFi
11-01 13:49:03.664 15191 15191 D Poster  : At 1572608943664 location is 65.05790341 (latitude), and 25.46913378 longitude
11-01 13:49:03.668 15191 15191 D Poster  : Connected to WiFi
11-01 14:01:27.677 15191 15191 D Poster  : At 1572609687676 location is 65.05739827 (latitude), and 25.46878991 longitude
11-01 14:01:27.686 15191 15191 D Poster  : Connected to mobile network 0
11-01 14:19:38.673 15191 15191 D Poster  : At 1572610778673 location is 65.05773755 (latitude), and 25.47177547 longitude
11-01 14:19:38.680 15191 15191 D Poster  : Connected to mobile network 0
11-01 14:38:40.669 15191 15191 D Poster  : At 1572611920669 location is 65.05764908 (latitude), and 25.46945835 longitude
11-01 14:38:40.675 15191 15191 D Poster  : Connected to mobile network 0
11-01 14:48:57.674 15191 15191 D Poster  : At 1572612537673 location is 65.05783888 (latitude), and 25.46893206 longitude
11-01 14:48:57.683 15191 15191 D Poster  : Connected to mobile network 0
11-01 17:40:01.704 15191 15191 D Poster  : At 1572622801704 location is 65.05788254 (latitude), and 25.4689953 longitude
11-01 17:40:01.709 15191 15191 D Poster  : Connected to WiFi
11-01 21:34:54.745 15191 15191 D Poster  : At 1572636894744 location is 65.05774903 (latitude), and 25.46881563 longitude
11-01 21:34:54.753 15191 15191 D Poster  : Connected to mobile network 0
11-02 03:21:23.804 15191 15191 D Poster  : At 1572657683804 location is 65.0579439 (latitude), and 25.46907589 longitude
11-02 03:21:23.815 15191 15191 D Poster  : Connected to mobile network 0
11-02 09:13:40.878 15191 15191 D Poster  : At 1572678820878 location is 65.05760566 (latitude), and 25.4697616 longitude
11-02 09:13:40.881 15191 15191 D Poster  : Connected to WiFi
11-02 15:10:51.900 15191 15191 D Poster  : At 1572700251900 location is 65.05790209 (latitude), and 25.46858125 longitude
11-02 15:10:51.909 15191 15191 D Poster  : Connected to mobile network 0
11-02 21:00:41.966 15191 15191 D Poster  : At 1572721241965 location is 65.05788676 (latitude), and 25.469107 longitude
11-02 21:00:41.974 15191 15191 D Poster  : Connected to mobile network 0
11-03 02:48:06.999 15191 15191 D Poster  : At 1572742086999 location is 65.05792525 (latitude), and 25.46929775 longitude
11-03 02:48:07.015 15191 15191 D Poster  : Connected to mobile network 0
11-03 08:47:30.681 15191 15191 D Poster  : At 1572763650681 location is 65.05769408 (latitude), and 25.46926332 longitude
11-03 08:47:30.688 15191 15191 D Poster  : Connected to mobile network 0
11-03 14:36:57.145 15191 15191 D Poster  : At 1572784617145 location is 65.05757413 (latitude), and 25.46919962 longitude
11-03 14:36:57.151 15191 15191 D Poster  : Connected to mobile network 0
11-03 20:37:15.195 15191 15191 D Poster  : At 1572806235194 location is 65.05787665 (latitude), and 25.46932722 longitude
11-03 20:37:15.197 15191 15191 D Poster  : Connected to WiFi
11-04 02:24:03.233 15191 15191 D Poster  : At 1572827043232 location is 65.05762518 (latitude), and 25.46923108 longitude
11-04 02:24:03.241 15191 15191 D Poster  : Connected to mobile network 0
11-04 08:12:40.309 15191 15191 D Poster  : At 1572847960309 location is 65.05788233 (latitude), and 25.46905278 longitude
11-04 08:12:40.316 15191 15191 D Poster  : Connected to mobile network 0
11-04 10:10:48.313 15191 15191 D Poster  : At 1572855048312 location is 65.05791234 (latitude), and 25.46914881 longitude
11-04 10:10:48.325 15191 15191 D Poster  : Connected to mobile network 0
11-04 10:20:59.327 15191 15191 D Poster  : At 1572855659326 location is 65.05791668 (latitude), and 25.46906569 longitude
11-04 10:20:59.343 15191 15191 D Poster  : Connected to mobile network 0
11-04 10:31:14.335 15191 15191 D Poster  : At 1572856274335 location is 65.05761856 (latitude), and 25.46865128 longitude
11-04 10:31:14.347 15191 15191 D Poster  : Connected to mobile network 0
11-04 10:51:30.309 15191 15191 D Poster  : At 1572857490308 location is 65.05772395 (latitude), and 25.46945201 longitude
11-04 10:51:30.316 15191 15191 D Poster  : Connected to mobile network 0
11-04 10:53:52.648 15191 15191 I Poster  :  onStart() called.
11-04 10:53:52.699 15191 15191 I Poster  :  onResume() called.
11-04 10:53:52.694 15191 15191 W loudridar.arhud: type=1400 audit(0.0:18447): avc: denied { read } for name="u:object_r:vendor_camera_prop:s0" dev="tmpfs" ino=16779 scontext=u:r:untrusted_app:s0:c203,c256,c512,c768 tcontext=u:object_r:vendor_camera_prop:s0 tclass=file permissive=0
11-04 10:53:52.701 15191 15191 E libc    : Access denied finding property "vendor.camera.aux.packagelist"
11-04 10:53:52.702 15191 15191 E libc    : Access denied finding property "vendor.camera.aux.packagelist"
11-04 10:53:52.694 15191 15191 W loudridar.arhud: type=1400 audit(0.0:18448): avc: denied { read } for name="u:object_r:vendor_camera_prop:s0" dev="tmpfs" ino=16779 scontext=u:r:untrusted_app:s0:c203,c256,c512,c768 tcontext=u:object_r:vendor_camera_prop:s0 tclass=file permissive=0
11-04 10:53:52.705 15191 15191 E libc    : Access denied finding property "vendor.camera.aux.packagelist"
11-04 10:53:52.694 15191 15191 W loudridar.arhud: type=1400 audit(0.0:18449): avc: denied { read } for name="u:object_r:vendor_camera_prop:s0" dev="tmpfs" ino=16779 scontext=u:r:untrusted_app:s0:c203,c256,c512,c768 tcontext=u:object_r:vendor_camera_prop:s0 tclass=file permissive=0
11-04 10:53:52.870 15191 15191 I Poster  :  surfaceCreated() called.
11-04 10:53:52.870 15191 15191 I Poster  : initPreview() called
11-04 10:53:52.946 15191 15191 I Poster  :  surfaceChanged() called.
11-04 10:53:53.267 15191 15191 W MessageQueue: Handler (android.os.Handler) {1286a69} sending message to a Handler on a dead thread
11-04 10:53:53.267 15191 15191 W MessageQueue: java.lang.IllegalStateException: Handler (android.os.Handler) {1286a69} sending message to a Handler on a dead thread
11-04 10:53:53.267 15191 15191 W MessageQueue: 	at android.os.MessageQueue.enqueueMessage(MessageQueue.java:546)
11-04 10:53:53.267 15191 15191 W MessageQueue: 	at android.os.Handler.enqueueMessage(Handler.java:746)
11-04 10:53:53.267 15191 15191 W MessageQueue: 	at android.os.Handler.sendMessageAtTime(Handler.java:698)
11-04 10:53:53.267 15191 15191 W MessageQueue: 	at android.os.Handler.sendMessageDelayed(Handler.java:668)
11-04 10:53:53.267 15191 15191 W MessageQueue: 	at android.os.Handler.post(Handler.java:396)
11-04 10:53:53.267 15191 15191 W MessageQueue: 	at symlab.CloudAR.ARManager.recognizeTime(ARManager.java:151)
11-04 10:53:53.267 15191 15191 W MessageQueue: 	at symlab.ARHUD.MainActivity$3.onPreviewFrame(MainActivity.java:295)
11-04 10:53:53.267 15191 15191 W MessageQueue: 	at android.hardware.Camera$EventHandler.handleMessage(Camera.java:1318)
11-04 10:53:53.267 15191 15191 W MessageQueue: 	at android.os.Handler.dispatchMessage(Handler.java:107)
11-04 10:53:53.267 15191 15191 W MessageQueue: 	at android.os.Looper.loop(Looper.java:198)
11-04 10:53:53.267 15191 15191 W MessageQueue: 	at android.app.ActivityThread.main(ActivityThread.java:6729)
11-04 10:53:53.267 15191 15191 W MessageQueue: 	at java.lang.reflect.Method.invoke(Native Method)
11-04 10:53:53.267 15191 15191 W MessageQueue: 	at com.android.internal.os.RuntimeInit$MethodAndArgsCaller.run(RuntimeInit.java:493)
11-04 10:53:53.267 15191 15191 W MessageQueue: 	at com.android.internal.os.ZygoteInit.main(ZygoteInit.java:858)
11-04 10:53:53.269 15191 15191 W MessageQueue: Handler (android.os.Handler) {1286a69} sending message to a Handler on a dead thread
11-04 10:53:53.269 15191 15191 W MessageQueue: java.lang.IllegalStateException: Handler (android.os.Handler) {1286a69} sending message to a Handler on a dead thread
11-04 10:53:53.269 15191 15191 W MessageQueue: 	at android.os.MessageQueue.enqueueMessage(MessageQueue.java:546)
11-04 10:53:53.269 15191 15191 W MessageQueue: 	at android.os.Handler.enqueueMessage(Handler.java:746)
11-04 10:53:53.269 15191 15191 W MessageQueue: 	at android.os.Handler.sendMessageAtTime(Handler.java:698)
11-04 10:53:53.269 15191 15191 W MessageQueue: 	at android.os.Handler.sendMessageDelayed(Handler.java:668)
11-04 10:53:53.269 15191 15191 W MessageQueue: 	at android.os.Handler.post(Handler.java:396)
11-04 10:53:53.269 15191 15191 W MessageQueue: 	at symlab.CloudAR.ARManager.driveFrame(ARManager.java:156)
11-04 10:53:53.269 15191 15191 W MessageQueue: 	at symlab.ARHUD.MainActivity$3.onPreviewFrame(MainActivity.java:296)
11-04 10:53:53.269 15191 15191 W MessageQueue: 	at android.hardware.Camera$EventHandler.handleMessage(Camera.java:1318)
11-04 10:53:53.269 15191 15191 W MessageQueue: 	at android.os.Handler.dispatchMessage(Handler.java:107)
11-04 10:53:53.269 15191 15191 W MessageQueue: 	at android.os.Looper.loop(Looper.java:198)
11-04 10:53:53.269 15191 15191 W MessageQueue: 	at android.app.ActivityThread.main(ActivityThread.java:6729)
11-04 10:53:53.269 15191 15191 W MessageQueue: 	at java.lang.reflect.Method.invoke(Native Method)
11-04 10:53:53.269 15191 15191 W MessageQueue: 	at com.android.internal.os.RuntimeInit$MethodAndArgsCaller.run(RuntimeInit.java:493)
11-04 10:53:53.269 15191 15191 W MessageQueue: 	at com.android.internal.os.ZygoteInit.main(ZygoteInit.java:858)
11-04 10:53:53.302 15191 15191 W MessageQueue: Handler (android.os.Handler) {1286a69} sending message to a Handler on a dead thread
11-04 10:53:53.302 15191 15191 W MessageQueue: java.lang.IllegalStateException: Handler (android.os.Handler) {1286a69} sending message to a Handler on a dead thread
11-04 10:53:53.302 15191 15191 W MessageQueue: 	at android.os.MessageQueue.enqueueMessage(MessageQueue.java:546)
11-04 10:53:53.302 15191 15191 W MessageQueue: 	at android.os.Handler.enqueueMessage(Handler.java:746)
11-04 10:53:53.302 15191 15191 W MessageQueue: 	at android.os.Handler.sendMessageAtTime(Handler.java:698)
11-04 10:53:53.302 15191 15191 W MessageQueue: 	at android.os.Handler.sendMessageDelayed(Handler.java:668)
11-04 10:53:53.302 15191 15191 W MessageQueue: 	at android.os.Handler.post(Handler.java:396)
11-04 10:53:53.302 15191 15191 W MessageQueue: 	at symlab.CloudAR.ARManager.recognizeTime(ARManager.java:151)
11-04 10:53:53.302 15191 15191 W MessageQueue: 	at symlab.ARHUD.MainActivity$3.onPreviewFrame(MainActivity.java:295)
11-04 10:53:53.302 15191 15191 W MessageQueue: 	at android.hardware.Camera$EventHandler.handleMessage(Camera.java:1318)
11-04 10:53:53.302 15191 15191 W MessageQueue: 	at android.os.Handler.dispatchMessage(Handler.java:107)
11-04 10:53:53.302 15191 15191 W MessageQueue: 	at android.os.Looper.loop(Looper.java:198)
11-04 10:53:53.302 15191 15191 W MessageQueue: 	at android.app.ActivityThread.main(ActivityThread.java:6729)
11-04 10:53:53.302 15191 15191 W MessageQueue: 	at java.lang.reflect.Method.invoke(Native Method)
11-04 10:53:53.302 15191 15191 W MessageQueue: 	at com.android.internal.os.RuntimeInit$MethodAndArgsCaller.run(RuntimeInit.java:493)
11-04 10:53:53.302 15191 15191 W MessageQueue: 	at com.android.internal.os.ZygoteInit.main(ZygoteInit.java:858)
11-04 10:53:53.303 15191 15191 W MessageQueue: Handler (android.os.Handler) {1286a69} sending message to a Handler on a dead thread
11-04 10:53:53.303 15191 15191 W MessageQueue: java.lang.IllegalStateException: Handler (android.os.Handler) {1286a69} sending message to a Handler on a dead thread
11-04 10:53:53.303 15191 15191 W MessageQueue: 	at android.os.MessageQueue.enqueueMessage(MessageQueue.java:546)
11-04 10:53:53.303 15191 15191 W MessageQueue: 	at android.os.Handler.enqueueMessage(Handler.java:746)
11-04 10:53:53.303 15191 15191 W MessageQueue: 	at android.os.Handler.sendMessageAtTime(Handler.java:698)
11-04 10:53:53.303 15191 15191 W MessageQueue: 	at android.os.Handler.sendMessageDelayed(Handler.java:668)
11-04 10:53:53.303 15191 15191 W MessageQueue: 	at android.os.Handler.post(Handler.java:396)
11-04 10:53:53.303 15191 15191 W MessageQueue: 	at symlab.CloudAR.ARManager.driveFrame(ARManager.java:156)
11-04 10:53:53.303 15191 15191 W MessageQueue: 	at symlab.ARHUD.MainActivity$3.onPreviewFrame(MainActivity.java:296)
11-04 10:53:53.303 15191 15191 W MessageQueue: 	at android.hardware.Camera$EventHandler.handleMessage(Camera.java:1318)
11-04 10:53:53.303 15191 15191 W MessageQueue: 	at android.os.Handler.dispatchMessage(Handler.java:107)
11-04 10:53:53.303 15191 15191 W MessageQueue: 	at android.os.Looper.loop(Looper.java:198)
11-04 10:53:53.303 15191 15191 W MessageQueue: 	at android.app.ActivityThread.main(ActivityThread.java:6729)
11-04 10:53:53.303 15191 15191 W MessageQueue: 	at java.lang.reflect.Method.invoke(Native Method)
11-04 10:53:53.303 15191 15191 W MessageQueue: 	at com.android.internal.os.RuntimeInit$MethodAndArgsCaller.run(RuntimeInit.java:493)
11-04 10:53:53.303 15191 15191 W MessageQueue: 	at com.android.internal.os.ZygoteInit.main(ZygoteInit.java:858)
11-04 10:53:53.359 15191 15191 W MessageQueue: Handler (android.os.Handler) {1286a69} sending message to a Handler on a dead thread
11-04 10:53:53.359 15191 15191 W MessageQueue: java.lang.IllegalStateException: Handler (android.os.Handler) {1286a69} sending message to a Handler on a dead thread
11-04 10:53:53.359 15191 15191 W MessageQueue: 	at android.os.MessageQueue.enqueueMessage(MessageQueue.java:546)
11-04 10:53:53.359 15191 15191 W MessageQueue: 	at android.os.Handler.enqueueMessage(Handler.java:746)
11-04 10:53:53.359 15191 15191 W MessageQueue: 	at android.os.Handler.sendMessageAtTime(Handler.java:698)
11-04 10:53:53.359 15191 15191 W MessageQueue: 	at android.os.Handler.sendMessageDelayed(Handler.java:668)
11-04 10:53:53.359 15191 15191 W MessageQueue: 	at android.os.Handler.post(Handler.java:396)
11-04 10:53:53.359 15191 15191 W MessageQueue: 	at symlab.CloudAR.ARManager.recognizeTime(ARManager.java:151)
11-04 10:53:53.359 15191 15191 W MessageQueue: 	at symlab.ARHUD.MainActivity$3.onPreviewFrame(MainActivity.java:295)
11-04 10:53:53.359 15191 15191 W MessageQueue: 	at android.hardware.Camera$EventHandler.handleMessage(Camera.java:1318)
11-04 10:53:53.359 15191 15191 W MessageQueue: 	at android.os.Handler.dispatchMessage(Handler.java:107)
