11-06 13:50:17.105 18661 18703 D Evaluation: Frame 1045 sent at 1573041017105
11-06 13:50:17.129 18661 18703 D Evaluation: Frame 1046 sent at 1573041017129
11-06 13:50:17.131 18661 18703 D Evaluation: 2 res for frame 1031 received at 1573041017131
11-06 13:50:17.172 18661 18703 D Evaluation: Frame 1047 sent at 1573041017172
11-06 13:50:17.191 18661 18703 D Evaluation: Frame 1048 sent at 1573041017191
11-06 13:50:17.248 18661 18703 D Evaluation: Frame 1049 sent at 1573041017248
11-06 13:50:17.272 18661 18703 D Evaluation: Frame 1050 sent at 1573041017272
11-06 13:50:17.308 18661 18703 D Evaluation: Frame 1051 sent at 1573041017308
11-06 13:50:17.339 18661 18703 D Evaluation: Frame 1052 sent at 1573041017339
11-06 13:50:17.380 18661 18703 D Evaluation: Frame 1053 sent at 1573041017380
11-06 13:50:17.399 18661 18661 D Poster  : At 1573041017399 location is 65.06012416997012 (latitude), and 25.46668938914524 (longitude)
11-06 13:50:17.401 18661 18661 D Poster  : Connected to mobile network 20
11-06 13:50:17.439 18661 18703 D Evaluation: Frame 1054 sent at 1573041017439
11-06 13:50:17.466 18661 18703 D Evaluation: Frame 1055 sent at 1573041017466
11-06 13:50:17.515 18661 18703 D Evaluation: Frame 1057 sent at 1573041017515
11-06 13:50:17.534 18661 18703 D Evaluation: Frame 1057 sent at 1573041017534
11-06 13:50:17.574 18661 18703 D Evaluation: Frame 1058 sent at 1573041017574
11-06 13:50:17.612 18661 18703 D Evaluation: Frame 1059 sent at 1573041017612
11-06 13:50:17.653 18661 18703 D Evaluation: Frame 1060 sent at 1573041017653
11-06 13:50:17.711 18661 18703 D Evaluation: Frame 1061 sent at 1573041017711
11-06 13:50:17.714 18661 18703 D Evaluation: 2 res for frame 1047 received at 1573041017714
11-06 13:50:17.742 18661 18703 D Evaluation: Frame 1062 sent at 1573041017742
11-06 13:50:17.779 18661 18703 D Evaluation: Frame 1063 sent at 1573041017779
11-06 13:50:17.804 18661 18703 D Evaluation: Frame 1064 sent at 1573041017804
11-06 13:50:17.845 18661 18703 D Evaluation: Frame 1065 sent at 1573041017845
11-06 13:50:17.885 18661 18703 D Evaluation: Frame 1066 sent at 1573041017885
11-06 13:50:17.906 18661 18703 D Evaluation: Frame 1067 sent at 1573041017906
11-06 13:50:17.954 18661 18703 D Evaluation: Frame 1068 sent at 1573041017954
11-06 13:50:17.956 18661 18703 D Evaluation: 2 res for frame 1054 received at 1573041017956
11-06 13:50:17.978 18661 18703 D Evaluation: Frame 1069 sent at 1573041017978
11-06 13:50:18.008 18661 18703 D Evaluation: Frame 1070 sent at 1573041018008
11-06 13:50:18.080 18661 18703 D Evaluation: Frame 1071 sent at 1573041018080
11-06 13:50:18.132 18661 18703 D Evaluation: Frame 1073 sent at 1573041018132
11-06 13:50:18.154 18661 18703 D Evaluation: Frame 1073 sent at 1573041018154
11-06 13:50:18.173 18661 18703 D Evaluation: Frame 1074 sent at 1573041018173
11-06 13:50:18.206 18661 18703 D Evaluation: Frame 1075 sent at 1573041018206
11-06 13:50:18.243 18661 18703 D Evaluation: Frame 1076 sent at 1573041018242
11-06 13:50:18.287 18661 18703 D Evaluation: Frame 1077 sent at 1573041018287
11-06 13:50:18.322 18661 18703 D Evaluation: Frame 1079 sent at 1573041018322
11-06 13:50:18.342 18661 18703 D Evaluation: Frame 1079 sent at 1573041018342
11-06 13:50:18.395 18661 18661 D Poster  : At 1573041018395 location is 65.06012416997012 (latitude), and 25.46668938914524 (longitude)
11-06 13:50:18.399 18661 18661 D Poster  : Connected to mobile network 20
11-06 13:50:18.442 18661 18703 D Evaluation: Frame 1080 sent at 1573041018442
11-06 13:50:18.482 18661 18703 D Evaluation: Frame 1081 sent at 1573041018482
11-06 13:50:18.525 18661 18703 D Evaluation: Frame 1082 sent at 1573041018524
11-06 13:50:18.554 18661 18703 D Evaluation: Frame 1083 sent at 1573041018554
11-06 13:50:18.590 18661 18703 D Evaluation: Frame 1084 sent at 1573041018590
11-06 13:50:18.592 18661 18703 D Evaluation: 2 res for frame 1071 received at 1573041018592
11-06 13:50:18.611 18661 18703 D Evaluation: Frame 1085 sent at 1573041018611
11-06 13:50:18.614 18661 18703 D Evaluation: 2 res for frame 1073 received at 1573041018614
11-06 13:50:18.644 18661 18703 D Evaluation: Frame 1086 sent at 1573041018644
11-06 13:50:18.729 18661 18703 D Evaluation: Frame 1087 sent at 1573041018729
11-06 13:50:18.765 18661 18703 D Evaluation: Frame 1089 sent at 1573041018765
11-06 13:50:18.784 18661 18703 D Evaluation: Frame 1089 sent at 1573041018784
11-06 13:50:18.812 18661 18703 D Evaluation: Frame 1090 sent at 1573041018812
11-06 13:50:18.847 18661 18703 D Evaluation: Frame 1091 sent at 1573041018847
11-06 13:50:18.881 18661 18703 D Evaluation: Frame 1092 sent at 1573041018881
11-06 13:50:18.911 18661 18703 D Evaluation: Frame 1093 sent at 1573041018911
11-06 13:50:18.944 18661 18703 D Evaluation: Frame 1094 sent at 1573041018944
11-06 13:50:18.978 18661 18703 D Evaluation: Frame 1095 sent at 1573041018978
11-06 13:50:19.020 18661 18703 D Evaluation: Frame 1096 sent at 1573041019020
11-06 13:50:19.023 18661 18703 D Evaluation: 2 res for frame 1081 received at 1573041019023
11-06 13:50:19.058 18661 18703 D Evaluation: Frame 1097 sent at 1573041019058
11-06 13:50:19.061 18661 18703 D Evaluation: 2 res for frame 1082 received at 1573041019061
11-06 13:50:19.086 18661 18703 D Evaluation: Frame 1098 sent at 1573041019086
11-06 13:50:19.119 18661 18703 D Evaluation: Frame 1099 sent at 1573041019119
11-06 13:50:19.152 18661 18703 D Evaluation: Frame 1100 sent at 1573041019152
11-06 13:50:19.180 18661 18703 D Evaluation: Frame 1101 sent at 1573041019180
11-06 13:50:19.226 18661 18703 D Evaluation: Frame 1102 sent at 1573041019226
11-06 13:50:19.228 18661 18703 D Evaluation: 2 res for frame 1087 received at 1573041019228
11-06 13:50:19.256 18661 18703 D Evaluation: Frame 1103 sent at 1573041019256
11-06 13:50:19.258 18661 18703 D Evaluation: 2 res for frame 1089 received at 1573041019258
11-06 13:50:19.291 18661 18703 D Evaluation: Frame 1104 sent at 1573041019291
11-06 13:50:19.329 18661 18703 D Evaluation: Frame 1105 sent at 1573041019329
11-06 13:50:19.357 18661 18703 D Evaluation: Frame 1106 sent at 1573041019357
11-06 13:50:19.390 18661 18661 D Poster  : At 1573041019390 location is 65.06012416997012 (latitude), and 25.46668938914524 (longitude)
11-06 13:50:19.394 18661 18703 D Evaluation: Frame 1107 sent at 1573041019394
11-06 13:50:19.394 18661 18661 D Poster  : Connected to mobile network 20
11-06 13:50:19.433 18661 18703 D Evaluation: Frame 1109 sent at 1573041019433
11-06 13:50:19.453 18661 18703 D Evaluation: Frame 1109 sent at 1573041019453
11-06 13:50:19.477 18661 18703 D Evaluation: Frame 1110 sent at 1573041019477
11-06 13:50:19.523 18661 18703 D Evaluation: Frame 1111 sent at 1573041019523
11-06 13:50:19.552 18661 18703 D Evaluation: Frame 1112 sent at 1573041019552
11-06 13:50:19.590 18661 18703 D Evaluation: Frame 1113 sent at 1573041019590
11-06 13:50:19.633 18661 18703 D Evaluation: Frame 1115 sent at 1573041019632
11-06 13:50:19.647 18661 18676 E         : [ZeroHung]zrhung_get_config: Get config failed for wp[0x0008]
11-06 13:50:19.647 18661 18703 D Evaluation: Frame 1115 sent at 1573041019647
11-06 13:50:19.682 18661 18674 W System  : A resource failed to call close. 
11-06 13:50:19.685 18661 18674 I chatty  : uid=10149(symlab.cloudridar.arhud) FinalizerDaemon identical 9 lines
11-06 13:50:19.686 18661 18674 W System  : A resource failed to call close. 
11-06 13:50:19.686 18661 18703 D Evaluation: Frame 1116 sent at 1573041019686
11-06 13:50:19.686 18661 18674 W System  : A resource failed to call close. 
11-06 13:50:19.688 18661 18674 I chatty  : uid=10149(symlab.cloudridar.arhud) FinalizerDaemon identical 9 lines
11-06 13:50:19.688 18661 18674 W System  : A resource failed to call close. 
11-06 13:50:19.722 18661 18703 D Evaluation: Frame 1117 sent at 1573041019722
11-06 13:50:19.751 18661 18703 D Evaluation: Frame 1118 sent at 1573041019751
11-06 13:50:19.791 18661 18703 D Evaluation: Frame 1119 sent at 1573041019791
11-06 13:50:19.811 18661 18703 D Evaluation: Frame 1120 sent at 1573041019811
11-06 13:50:19.853 18661 18703 D Evaluation: Frame 1121 sent at 1573041019853
11-06 13:50:19.898 18661 18703 D Evaluation: Frame 1122 sent at 1573041019898
11-06 13:50:19.932 18661 18703 D Evaluation: Frame 1123 sent at 1573041019932
11-06 13:50:19.954 18661 18703 D Evaluation: Frame 1124 sent at 1573041019954
11-06 13:50:20.001 18661 18703 D Evaluation: Frame 1125 sent at 1573041020001
11-06 13:50:20.028 18661 18703 D Evaluation: Frame 1126 sent at 1573041020028
11-06 13:50:20.060 18661 18703 D Evaluation: Frame 1127 sent at 1573041020060
11-06 13:50:20.105 18661 18703 D Evaluation: Frame 1129 sent at 1573041020105
11-06 13:50:20.124 18661 18703 D Evaluation: Frame 1129 sent at 1573041020124
11-06 13:50:20.157 18661 18703 D Evaluation: Frame 1130 sent at 1573041020157
11-06 13:50:20.185 18661 18703 D Evaluation: Frame 1131 sent at 1573041020185
11-06 13:50:20.236 18661 18703 D Evaluation: Frame 1132 sent at 1573041020236
11-06 13:50:20.260 18661 18703 D Evaluation: Frame 1133 sent at 1573041020260
11-06 13:50:20.295 18661 18703 D Evaluation: Frame 1134 sent at 1573041020295
11-06 13:50:20.330 18661 18703 D Evaluation: Frame 1135 sent at 1573041020330
11-06 13:50:20.391 18661 18703 D Evaluation: Frame 1136 sent at 1573041020391
11-06 13:50:20.400 18661 18661 D Poster  : At 1573041020400 location is 65.06012416997012 (latitude), and 25.46668938914524 (longitude)
11-06 13:50:20.403 18661 18661 D Poster  : Connected to mobile network 20
11-06 13:50:20.423 18661 18703 D Evaluation: Frame 1137 sent at 1573041020423
11-06 13:50:20.425 18661 18703 D Evaluation: 2 res for frame 1122 received at 1573041020425
11-06 13:50:20.450 18661 18703 D Evaluation: Frame 1138 sent at 1573041020450
11-06 13:50:20.481 18661 18703 D Evaluation: Frame 1139 sent at 1573041020481
11-06 13:50:20.527 18661 18703 D Evaluation: Frame 1140 sent at 1573041020527
11-06 13:50:20.557 18661 18703 D Evaluation: Frame 1141 sent at 1573041020557
11-06 13:50:20.598 18661 18703 D Evaluation: Frame 1142 sent at 1573041020598
11-06 13:50:20.636 18661 18703 D Evaluation: Frame 1143 sent at 1573041020636
11-06 13:50:20.709 18661 18703 D Evaluation: Frame 1144 sent at 1573041020709
11-06 13:50:20.734 18661 18703 D Evaluation: Frame 1145 sent at 1573041020734
11-06 13:50:20.769 18661 18703 D Evaluation: Frame 1146 sent at 1573041020769
11-06 13:50:20.800 18661 18703 D Evaluation: Frame 1147 sent at 1573041020800
11-06 13:50:20.827 18661 18703 D Evaluation: Frame 1148 sent at 1573041020827
11-06 13:50:20.858 18661 18703 D Evaluation: Frame 1149 sent at 1573041020858
11-06 13:50:20.896 18661 18703 D Evaluation: Frame 1150 sent at 1573041020896
11-06 13:50:20.943 18661 18703 D Evaluation: Frame 1151 sent at 1573041020943
11-06 13:50:20.972 18661 18703 D Evaluation: Frame 1152 sent at 1573041020972
11-06 13:50:21.002 18661 18703 D Evaluation: Frame 1153 sent at 1573041021002
11-06 13:50:21.033 18661 18703 D Evaluation: Frame 1154 sent at 1573041021033
11-06 13:50:21.071 18661 18703 D Evaluation: Frame 1155 sent at 1573041021071
11-06 13:50:21.100 18661 18703 D Evaluation: Frame 1156 sent at 1573041021100
11-06 13:50:21.128 18661 18703 D Evaluation: Frame 1157 sent at 1573041021128
11-06 13:50:21.164 18661 18703 D Evaluation: Frame 1158 sent at 1573041021164
11-06 13:50:21.197 18661 18703 D Evaluation: Frame 1159 sent at 1573041021197
11-06 13:50:21.244 18661 18703 D Evaluation: Frame 1160 sent at 1573041021244
11-06 13:50:21.246 18661 18703 D Evaluation: 2 res for frame 1144 received at 1573041021246
11-06 13:50:21.268 18661 18703 D Evaluation: Frame 1161 sent at 1573041021268
11-06 13:50:21.305 18661 18703 D Evaluation: Frame 1162 sent at 1573041021305
11-06 13:50:21.341 18661 18703 D Evaluation: Frame 1163 sent at 1573041021341
11-06 13:50:21.374 18661 18703 D Evaluation: Frame 1164 sent at 1573041021374
11-06 13:50:21.396 18661 18661 D Poster  : At 1573041021395 location is 65.06012416997012 (latitude), and 25.46668938914524 (longitude)
11-06 13:50:21.397 18661 18661 D Poster  : Connected to mobile network 20
11-06 13:50:21.403 18661 18703 D Evaluation: Frame 1165 sent at 1573041021403
11-06 13:50:21.427 18661 18703 D Evaluation: Frame 1166 sent at 1573041021427
11-06 13:50:21.467 18661 18703 D Evaluation: Frame 1167 sent at 1573041021467
11-06 13:50:21.504 18661 18703 D Evaluation: Frame 1168 sent at 1573041021504
11-06 13:50:21.531 18661 18703 D Evaluation: Frame 1169 sent at 1573041021531
11-06 13:50:21.574 18661 18703 D Evaluation: Frame 1170 sent at 1573041021574
11-06 13:50:21.606 18661 18703 D Evaluation: Frame 1171 sent at 1573041021606
11-06 13:50:21.639 18661 18703 D Evaluation: Frame 1172 sent at 1573041021639
11-06 13:50:21.674 18661 18703 D Evaluation: Frame 1173 sent at 1573041021674
11-06 13:50:21.713 18661 18703 D Evaluation: Frame 1175 sent at 1573041021713
11-06 13:50:21.734 18661 18703 D Evaluation: Frame 1175 sent at 1573041021734
11-06 13:50:21.777 18661 18703 D Evaluation: Frame 1176 sent at 1573041021777
11-06 13:50:21.807 18661 18703 D Evaluation: Frame 1177 sent at 1573041021807
11-06 13:50:21.834 18661 18703 D Evaluation: Frame 1178 sent at 1573041021834
11-06 13:50:21.875 18661 18703 D Evaluation: Frame 1179 sent at 1573041021875
11-06 13:50:21.898 18661 18703 D Evaluation: Frame 1180 sent at 1573041021898
11-06 13:50:21.940 18661 18703 D Evaluation: Frame 1181 sent at 1573041021940
11-06 13:50:21.978 18661 18703 D Evaluation: Frame 1182 sent at 1573041021978
11-06 13:50:22.017 18661 18703 D Evaluation: Frame 1183 sent at 1573041022017
11-06 13:50:22.040 18661 18703 D Evaluation: Frame 1184 sent at 1573041022040
11-06 13:50:22.131 18661 18703 D Evaluation: Frame 1185 sent at 1573041022131
11-06 13:50:22.189 18661 18703 D Evaluation: Frame 1187 sent at 1573041022189
11-06 13:50:22.211 18661 18703 D Evaluation: Frame 1187 sent at 1573041022211
11-06 13:50:22.249 18661 18703 D Evaluation: Frame 1189 sent at 1573041022249
11-06 13:50:22.266 18661 18703 D Evaluation: Frame 1189 sent at 1573041022266
11-06 13:50:22.308 18661 18703 D Evaluation: Frame 1190 sent at 1573041022308
11-06 13:50:22.337 18661 18703 D Evaluation: Frame 1191 sent at 1573041022337
11-06 13:50:22.368 18661 18703 D Evaluation: Frame 1192 sent at 1573041022368
11-06 13:50:22.388 18661 18661 D Poster  : At 1573041022388 location is 65.06012416997012 (latitude), and 25.46668938914524 (longitude)
11-06 13:50:22.390 18661 18661 D Poster  : Connected to mobile network 20
11-06 13:50:22.412 18661 18703 D Evaluation: Frame 1193 sent at 1573041022412
11-06 13:50:22.430 18661 18703 D Evaluation: Frame 1194 sent at 1573041022430
11-06 13:50:22.478 18661 18703 D Evaluation: Frame 1195 sent at 1573041022478
11-06 13:50:22.509 18661 18703 D Evaluation: Frame 1196 sent at 1573041022509
11-06 13:50:22.543 18661 18703 D Evaluation: Frame 1197 sent at 1573041022543
11-06 13:50:22.618 18661 18703 D Evaluation: Frame 1198 sent at 1573041022618
11-06 13:50:22.620 18661 18703 D Evaluation: 2 res for frame 1185 received at 1573041022620
11-06 13:50:22.666 18661 18703 D Evaluation: Frame 1199 sent at 1573041022666
11-06 13:50:22.720 18661 18703 D Evaluation: Frame 1200 sent at 1573041022720
11-06 13:50:22.722 18661 18703 D Evaluation: 2 res for frame 1187 received at 1573041022722
11-06 13:50:22.754 18661 18703 D Evaluation: Frame 1201 sent at 1573041022754
11-06 13:50:22.785 18661 18703 D Evaluation: Frame 1202 sent at 1573041022785
11-06 13:50:22.815 18661 18703 D Evaluation: Frame 1203 sent at 1573041022815
11-06 13:50:22.837 18661 18703 D Evaluation: Frame 1204 sent at 1573041022837
11-06 13:50:22.875 18661 18703 D Evaluation: Frame 1205 sent at 1573041022875
11-06 13:50:22.906 18661 18703 D Evaluation: Frame 1206 sent at 1573041022906
11-06 13:50:22.951 18661 18703 D Evaluation: Frame 1207 sent at 1573041022951
11-06 13:50:22.984 18661 18703 D Evaluation: Frame 1208 sent at 1573041022984
11-06 13:50:23.021 18661 18703 D Evaluation: Frame 1209 sent at 1573041023021
11-06 13:50:23.057 18661 18703 D Evaluation: Frame 1210 sent at 1573041023056
11-06 13:50:23.083 18661 18703 D Evaluation: Frame 1211 sent at 1573041023083
11-06 13:50:23.115 18661 18703 D Evaluation: Frame 1212 sent at 1573041023115
11-06 13:50:23.117 18661 18703 D Evaluation: 2 res for frame 1198 received at 1573041023117
11-06 13:50:23.146 18661 18703 D Evaluation: Frame 1213 sent at 1573041023146
11-06 13:50:23.172 18661 18703 D Evaluation: Frame 1214 sent at 1573041023172
11-06 13:50:23.174 18661 18703 D Evaluation: 2 res for frame 1199 received at 1573041023174
11-06 13:50:23.214 18661 18703 D Evaluation: Frame 1215 sent at 1573041023214
11-06 13:50:23.215 18661 18703 D Evaluation: 2 res for frame 1200 received at 1573041023215
11-06 13:50:23.252 18661 18703 D Evaluation: Frame 1216 sent at 1573041023252
11-06 13:50:23.285 18661 18703 D Evaluation: Frame 1217 sent at 1573041023285
11-06 13:50:23.310 18661 18703 D Evaluation: Frame 1218 sent at 1573041023310
11-06 13:50:23.393 18661 18703 D Evaluation: Frame 1219 sent at 1573041023393
11-06 13:50:23.405 18661 18661 D Poster  : At 1573041023405 location is 65.06012416997012 (latitude), and 25.46668938914524 (longitude)
11-06 13:50:23.408 18661 18661 D Poster  : Connected to mobile network 20
11-06 13:50:23.436 18661 18703 D Evaluation: Frame 1220 sent at 1573041023436
11-06 13:50:23.491 18661 18703 D Evaluation: Frame 1221 sent at 1573041023491
11-06 13:50:23.508 18661 18703 D Evaluation: Frame 1222 sent at 1573041023508
11-06 13:50:23.541 18661 18703 D Evaluation: Frame 1223 sent at 1573041023541
11-06 13:50:23.580 18661 18703 D Evaluation: Frame 1224 sent at 1573041023580
11-06 13:50:23.615 18661 18703 D Evaluation: Frame 1225 sent at 1573041023615
11-06 13:50:23.658 18661 18676 E         : [ZeroHung]zrhung_get_config: Get config failed for wp[0x0008]
11-06 13:50:23.658 18661 18703 D Evaluation: Frame 1226 sent at 1573041023658
11-06 13:50:23.686 18661 18674 W System  : A resource failed to call close. 
11-06 13:50:23.689 18661 18674 I chatty  : uid=10149(symlab.cloudridar.arhud) FinalizerDaemon identical 6 lines
11-06 13:50:23.689 18661 18674 W System  : A resource failed to call close. 
11-06 13:50:23.690 18661 18674 W System  : A resource failed to call close. 
11-06 13:50:23.690 18661 18674 W System  : A resource failed to call close. 
11-06 13:50:23.690 18661 18674 W System  : A resource failed to call close. 
11-06 13:50:23.690 18661 18674 I chatty  : uid=10149(symlab.cloudridar.arhud) FinalizerDaemon identical 1 line
11-06 13:50:23.690 18661 18674 W System  : A resource failed to call close. 
11-06 13:50:23.690 18661 18674 W System  : A resource failed to call close. 
11-06 13:50:23.691 18661 18703 D Evaluation: Frame 1227 sent at 1573041023691
11-06 13:50:23.723 18661 18703 D Evaluation: Frame 1228 sent at 1573041023723
11-06 13:50:23.756 18661 18703 D Evaluation: Frame 1229 sent at 1573041023756
11-06 13:50:23.793 18661 18703 D Evaluation: Frame 1230 sent at 1573041023793
11-06 13:50:23.831 18661 18703 D Evaluation: Frame 1231 sent at 1573041023831
11-06 13:50:23.853 18661 18703 D Evaluation: Frame 1232 sent at 1573041023853
11-06 13:50:23.887 18661 18703 D Evaluation: Frame 1233 sent at 1573041023887
11-06 13:50:23.924 18661 18703 D Evaluation: Frame 1234 sent at 1573041023924
11-06 13:50:23.926 18661 18703 D Evaluation: 0 res for frame 1219 received at 1573041023926
11-06 13:50:23.960 18661 18703 D Evaluation: Frame 1235 sent at 1573041023959
11-06 13:50:23.999 18661 18703 D Evaluation: Frame 1236 sent at 1573041023999
11-06 13:50:24.023 18661 18703 D Evaluation: Frame 1237 sent at 1573041024023
11-06 13:50:24.066 18661 18703 D Evaluation: Frame 1238 sent at 1573041024066
11-06 13:50:24.092 18661 18703 D Evaluation: Frame 1239 sent at 1573041024092
11-06 13:50:24.132 18661 18703 D Evaluation: Frame 1240 sent at 1573041024132
11-06 13:50:24.149 18661 18703 D Evaluation: Frame 1241 sent at 1573041024149
11-06 13:50:24.186 18661 18703 D Evaluation: Frame 1242 sent at 1573041024186
11-06 13:50:24.214 18661 18703 D Evaluation: Frame 1243 sent at 1573041024214
11-06 13:50:24.249 18661 18703 D Evaluation: Frame 1244 sent at 1573041024249
11-06 13:50:24.284 18661 18703 D Evaluation: Frame 1245 sent at 1573041024284
11-06 13:50:24.320 18661 18703 D Evaluation: Frame 1246 sent at 1573041024320
11-06 13:50:24.357 18661 18703 D Evaluation: Frame 1247 sent at 1573041024357
11-06 13:50:24.399 18661 18661 D Poster  : At 1573041024399 location is 65.06012416997012 (latitude), and 25.46668938914524 (longitude)
11-06 13:50:24.403 18661 18661 D Poster  : Connected to mobile network 20
11-06 13:50:24.408 18661 18703 D Evaluation: Frame 1248 sent at 1573041024408
11-06 13:50:24.434 18661 18703 D Evaluation: Frame 1249 sent at 1573041024434
11-06 13:50:24.453 18661 18703 D Evaluation: Frame 1250 sent at 1573041024453
11-06 13:50:24.481 18661 18703 D Evaluation: Frame 1251 sent at 1573041024481
11-06 13:50:24.517 18661 18703 D Evaluation: Frame 1252 sent at 1573041024517
11-06 13:50:24.563 18661 18703 D Evaluation: Frame 1253 sent at 1573041024563
11-06 13:50:24.616 18661 18703 D Evaluation: Frame 1255 sent at 1573041024616
11-06 13:50:24.635 18661 18703 D Evaluation: Frame 1255 sent at 1573041024635
11-06 13:50:24.659 18661 18703 D Evaluation: Frame 1256 sent at 1573041024659
11-06 13:50:24.685 18661 18703 D Evaluation: Frame 1257 sent at 1573041024685
11-06 13:50:24.721 18661 18703 D Evaluation: Frame 1258 sent at 1573041024721
11-06 13:50:24.763 18661 18703 D Evaluation: Frame 1259 sent at 1573041024763
11-06 13:50:24.796 18661 18703 D Evaluation: Frame 1260 sent at 1573041024796
11-06 13:50:24.835 18661 18703 D Evaluation: Frame 1261 sent at 1573041024835
11-06 13:50:24.858 18661 18703 D Evaluation: Frame 1262 sent at 1573041024858
11-06 13:50:24.890 18661 18703 D Evaluation: Frame 1263 sent at 1573041024890
11-06 13:50:24.929 18661 18703 D Evaluation: Frame 1264 sent at 1573041024929
11-06 13:50:24.988 18661 18703 D Evaluation: Frame 1266 sent at 1573041024988
11-06 13:50:25.008 18661 18703 D Evaluation: Frame 1267 sent at 1573041025008
11-06 13:50:25.025 18661 18703 D Evaluation: Frame 1267 sent at 1573041025025
11-06 13:50:25.057 18661 18703 D Evaluation: Frame 1268 sent at 1573041025057
11-06 13:50:25.098 18661 18703 D Evaluation: Frame 1269 sent at 1573041025098
11-06 13:50:25.128 18661 18703 D Evaluation: Frame 1270 sent at 1573041025128
11-06 13:50:25.131 18661 18703 D Evaluation: 0 res for frame 1255 received at 1573041025131
11-06 13:50:25.174 18661 18703 D Evaluation: Frame 1272 sent at 1573041025174
11-06 13:50:25.190 18661 18703 D Evaluation: Frame 1272 sent at 1573041025190
11-06 13:50:25.215 18661 18703 D Evaluation: Frame 1273 sent at 1573041025215
11-06 13:50:25.255 18661 18703 D Evaluation: Frame 1274 sent at 1573041025255
11-06 13:50:25.288 18661 18703 D Evaluation: Frame 1275 sent at 1573041025288
11-06 13:50:25.330 18661 18703 D Evaluation: Frame 1276 sent at 1573041025330
11-06 13:50:25.358 18661 18703 D Evaluation: Frame 1277 sent at 1573041025358
11-06 13:50:25.384 18661 18703 D Evaluation: Frame 1278 sent at 1573041025384
11-06 13:50:25.386 18661 18661 D Poster  : At 1573041025386 location is 65.06012416997012 (latitude), and 25.46668938914524 (longitude)
11-06 13:50:25.387 18661 18661 D Poster  : Connected to mobile network 20
11-06 13:50:25.467 18661 18703 D Evaluation: Frame 1279 sent at 1573041025467
11-06 13:50:25.515 18661 18703 D Evaluation: Frame 1281 sent at 1573041025515
11-06 13:50:25.534 18661 18703 D Evaluation: Frame 1281 sent at 1573041025534
11-06 13:50:25.564 18661 18703 D Evaluation: Frame 1282 sent at 1573041025564
11-06 13:50:25.588 18661 18703 D Evaluation: Frame 1283 sent at 1573041025588
11-06 13:50:25.623 18661 18703 D Evaluation: Frame 1284 sent at 1573041025623
11-06 13:50:25.660 18661 18703 D Evaluation: Frame 1285 sent at 1573041025660
11-06 13:50:25.730 18661 18703 D Evaluation: Frame 1287 sent at 1573041025730
11-06 13:50:25.751 18661 18703 D Evaluation: Frame 1288 sent at 1573041025751
11-06 13:50:25.770 18661 18703 D Evaluation: Frame 1288 sent at 1573041025770
11-06 13:50:25.795 18661 18703 D Evaluation: Frame 1289 sent at 1573041025795
11-06 13:50:25.878 18661 18703 D Evaluation: Frame 1290 sent at 1573041025878
11-06 13:50:25.911 18661 18703 D Evaluation: Frame 1291 sent at 1573041025911
11-06 13:50:25.937 18661 18703 D Evaluation: Frame 1292 sent at 1573041025937
11-06 13:50:25.977 18661 18703 D Evaluation: Frame 1293 sent at 1573041025977
11-06 13:50:25.980 18661 18703 D Evaluation: 2 res for frame 1279 received at 1573041025980
11-06 13:50:26.014 18661 18703 D Evaluation: Frame 1295 sent at 1573041026014
11-06 13:50:26.015 18661 18703 D Evaluation: 1 res for frame 1281 received at 1573041026015
11-06 13:50:26.033 18661 18703 D Evaluation: Frame 1295 sent at 1573041026033
11-06 13:50:26.071 18661 18703 D Evaluation: Frame 1296 sent at 1573041026071
11-06 13:50:26.107 18661 18703 D Evaluation: Frame 1297 sent at 1573041026107
11-06 13:50:26.133 18661 18703 D Evaluation: Frame 1298 sent at 1573041026133
11-06 13:50:26.208 18661 18703 D Evaluation: Frame 1299 sent at 1573041026208
11-06 13:50:26.249 18661 18703 D Evaluation: Frame 1300 sent at 1573041026249
11-06 13:50:26.305 18661 18703 D Evaluation: Frame 1301 sent at 1573041026305
11-06 13:50:26.350 18661 18703 D Evaluation: Frame 1302 sent at 1573041026350
11-06 13:50:26.377 18661 18703 D Evaluation: Frame 1303 sent at 1573041026377
11-06 13:50:26.392 18661 18661 D Poster  : At 1573041026391 location is 65.06012416997012 (latitude), and 25.46668938914524 (longitude)
11-06 13:50:26.395 18661 18661 D Poster  : Connected to mobile network 20
11-06 13:50:26.420 18661 18703 D Evaluation: Frame 1305 sent at 1573041026420
11-06 13:50:26.438 18661 18703 D Evaluation: Frame 1305 sent at 1573041026438
11-06 13:50:26.471 18661 18703 D Evaluation: Frame 1306 sent at 1573041026471
11-06 13:50:26.507 18661 18703 D Evaluation: Frame 1307 sent at 1573041026507
11-06 13:50:26.529 18661 18703 D Evaluation: Frame 1308 sent at 1573041026529
11-06 13:50:26.562 18661 18703 D Evaluation: Frame 1309 sent at 1573041026562
11-06 13:50:26.606 18661 18703 D Evaluation: Frame 1310 sent at 1573041026606
11-06 13:50:26.661 18661 18703 D Evaluation: Frame 1312 sent at 1573041026661
11-06 13:50:26.680 18661 18703 D Evaluation: Frame 1312 sent at 1573041026680
11-06 13:50:26.707 18661 18703 D Evaluation: Frame 1313 sent at 1573041026707
11-06 13:50:26.732 18661 18703 D Evaluation: Frame 1314 sent at 1573041026732
11-06 13:50:26.789 18661 18703 D Evaluation: Frame 1315 sent at 1573041026789
11-06 13:50:26.809 18661 18703 D Evaluation: Frame 1316 sent at 1573041026809
11-06 13:50:26.832 18661 18703 D Evaluation: Frame 1317 sent at 1573041026832
11-06 13:50:26.881 18661 18703 D Evaluation: Frame 1318 sent at 1573041026881
11-06 13:50:26.912 18661 18703 D Evaluation: Frame 1319 sent at 1573041026912
11-06 13:50:26.945 18661 18703 D Evaluation: Frame 1320 sent at 1573041026945
11-06 13:50:26.978 18661 18703 D Evaluation: Frame 1321 sent at 1573041026978
11-06 13:50:27.010 18661 18703 D Evaluation: Frame 1322 sent at 1573041027010
11-06 13:50:27.039 18661 18703 D Evaluation: Frame 1323 sent at 1573041027039
11-06 13:50:27.077 18661 18703 D Evaluation: Frame 1324 sent at 1573041027077
11-06 13:50:27.112 18661 18703 D Evaluation: Frame 1325 sent at 1573041027112
11-06 13:50:27.151 18661 18703 D Evaluation: Frame 1326 sent at 1573041027151
11-06 13:50:27.228 18661 18703 D Evaluation: Frame 1327 sent at 1573041027228
11-06 13:50:27.253 18661 18703 D Evaluation: Frame 1328 sent at 1573041027253
11-06 13:50:27.280 18661 18703 D Evaluation: Frame 1329 sent at 1573041027280
11-06 13:50:27.321 18661 18703 D Evaluation: Frame 1330 sent at 1573041027321
11-06 13:50:27.359 18661 18703 D Evaluation: Frame 1332 sent at 1573041027359
11-06 13:50:27.382 18661 18703 D Evaluation: Frame 1332 sent at 1573041027382
11-06 13:50:27.388 18661 18661 D Poster  : At 1573041027388 location is 65.06012427954677 (latitude), and 25.46668816566676 (longitude)
11-06 13:50:27.390 18661 18661 D Poster  : Connected to mobile network 20
11-06 13:50:27.420 18661 18703 D Evaluation: Frame 1333 sent at 1573041027420
11-06 13:50:27.442 18661 18703 D Evaluation: Frame 1334 sent at 1573041027442
11-06 13:50:27.473 18661 18703 D Evaluation: Frame 1335 sent at 1573041027473
11-06 13:50:27.512 18661 18703 D Evaluation: Frame 1336 sent at 1573041027512
11-06 13:50:27.542 18661 18703 D Evaluation: Frame 1337 sent at 1573041027542
11-06 13:50:27.589 18661 18703 D Evaluation: Frame 1338 sent at 1573041027589
11-06 13:50:27.620 18661 18703 D Evaluation: Frame 1339 sent at 1573041027620
11-06 13:50:27.656 18661 18676 E         : [ZeroHung]zrhung_get_config: Get config failed for wp[0x0008]
11-06 13:50:27.657 18661 18703 D Evaluation: Frame 1340 sent at 1573041027657
11-06 13:50:27.683 18661 18674 W System  : A resource failed to call close. 
11-06 13:50:27.686 18661 18674 I chatty  : uid=10149(symlab.cloudridar.arhud) FinalizerDaemon identical 5 lines
11-06 13:50:27.686 18661 18674 W System  : A resource failed to call close. 
11-06 13:50:27.687 18661 18674 W System  : A resource failed to call close. 
11-06 13:50:27.694 18661 18703 D Evaluation: Frame 1341 sent at 1573041027694
11-06 13:50:27.718 18661 18703 D Evaluation: Frame 1342 sent at 1573041027718
11-06 13:50:27.752 18661 18703 D Evaluation: Frame 1343 sent at 1573041027752
11-06 13:50:27.782 18661 18703 D Evaluation: Frame 1344 sent at 1573041027782
11-06 13:50:27.809 18661 18703 D Evaluation: Frame 1345 sent at 1573041027809
11-06 13:50:27.857 18661 18703 D Evaluation: Frame 1346 sent at 1573041027857
11-06 13:50:27.884 18661 18703 D Evaluation: Frame 1347 sent at 1573041027884
11-06 13:50:27.929 18661 18703 D Evaluation: Frame 1348 sent at 1573041027929
11-06 13:50:27.952 18661 18703 D Evaluation: Frame 1349 sent at 1573041027952
11-06 13:50:27.993 18661 18703 D Evaluation: Frame 1350 sent at 1573041027993
11-06 13:50:28.022 18661 18703 D Evaluation: Frame 1351 sent at 1573041028022
11-06 13:50:28.052 18661 18703 D Evaluation: Frame 1352 sent at 1573041028052
11-06 13:50:28.092 18661 18703 D Evaluation: Frame 1353 sent at 1573041028092
11-06 13:50:28.121 18661 18703 D Evaluation: Frame 1354 sent at 1573041028121
11-06 13:50:28.169 18661 18703 D Evaluation: Frame 1355 sent at 1573041028169
11-06 13:50:28.194 18661 18703 D Evaluation: Frame 1356 sent at 1573041028194
11-06 13:50:28.214 18661 18703 D Evaluation: Frame 1357 sent at 1573041028214
11-06 13:50:28.254 18661 18703 D Evaluation: Frame 1358 sent at 1573041028254
11-06 13:50:28.277 18661 18703 D Evaluation: Frame 1359 sent at 1573041028277
11-06 13:50:28.326 18661 18703 D Evaluation: Frame 1360 sent at 1573041028326
11-06 13:50:28.362 18661 18703 D Evaluation: Frame 1361 sent at 1573041028362
11-06 13:50:28.404 18661 18661 D Poster  : At 1573041028404 location is 65.06012427954677 (latitude), and 25.46668816566676 (longitude)
11-06 13:50:28.409 18661 18661 D Poster  : Connected to mobile network 20
11-06 13:50:28.413 18661 18703 D Evaluation: Frame 1362 sent at 1573041028413
11-06 13:50:28.461 18661 18703 D Evaluation: Frame 1363 sent at 1573041028461
11-06 13:50:28.487 18661 18703 D Evaluation: Frame 1364 sent at 1573041028487
11-06 13:50:28.523 18661 18703 D Evaluation: Frame 1365 sent at 1573041028523
11-06 13:50:28.550 18661 18703 D Evaluation: Frame 1366 sent at 1573041028550
11-06 13:50:28.591 18661 18703 D Evaluation: Frame 1367 sent at 1573041028591
11-06 13:50:28.624 18661 18703 D Evaluation: Frame 1368 sent at 1573041028624
11-06 13:50:28.705 18661 18703 D Evaluation: Frame 1369 sent at 1573041028705
11-06 13:50:28.738 18661 18703 D Evaluation: Frame 1371 sent at 1573041028738
11-06 13:50:28.759 18661 18703 D Evaluation: Frame 1371 sent at 1573041028759
11-06 13:50:28.794 18661 18703 D Evaluation: Frame 1372 sent at 1573041028794
11-06 13:50:28.831 18661 18703 D Evaluation: Frame 1373 sent at 1573041028831
11-06 13:50:28.857 18661 18703 D Evaluation: Frame 1374 sent at 1573041028857
11-06 13:50:28.887 18661 18703 D Evaluation: Frame 1375 sent at 1573041028887
11-06 13:50:28.930 18661 18703 D Evaluation: Frame 1376 sent at 1573041028930
11-06 13:50:28.954 18661 18703 D Evaluation: Frame 1377 sent at 1573041028954
11-06 13:50:28.994 18661 18703 D Evaluation: Frame 1378 sent at 1573041028994
11-06 13:50:29.025 18661 18703 D Evaluation: Frame 1379 sent at 1573041029025
11-06 13:50:29.057 18661 18703 D Evaluation: Frame 1380 sent at 1573041029057
11-06 13:50:29.104 18661 18703 D Evaluation: Frame 1382 sent at 1573041029104
11-06 13:50:29.124 18661 18703 D Evaluation: Frame 1382 sent at 1573041029124
11-06 13:50:29.167 18661 18703 D Evaluation: Frame 1383 sent at 1573041029167
11-06 13:50:29.198 18661 18703 D Evaluation: Frame 1384 sent at 1573041029198
11-06 13:50:29.224 18661 18703 D Evaluation: Frame 1385 sent at 1573041029224
11-06 13:50:29.269 18661 18661 W HiTouch_PressGestureDetector: Touch pointer move a lot. The moving distance of X is:86.15991, limit is:60The moving distance of Y is:0.0, limit is:60
11-06 13:50:29.278 18661 18703 D Evaluation: Frame 1386 sent at 1573041029278
11-06 13:50:29.308 18661 18703 D Evaluation: Frame 1388 sent at 1573041029308
11-06 13:50:29.326 18661 18703 D Evaluation: Frame 1388 sent at 1573041029326
11-06 13:50:29.359 18661 18703 D Evaluation: Frame 1389 sent at 1573041029359
11-06 13:50:29.388 18661 18703 D Evaluation: Frame 1390 sent at 1573041029388
11-06 13:50:29.391 18661 18661 D Poster  : At 1573041029391 location is 65.06012427954677 (latitude), and 25.46668816566676 (longitude)
11-06 13:50:29.393 18661 18661 D Poster  : Connected to mobile network 20
11-06 13:50:29.417 18661 18703 D Evaluation: Frame 1391 sent at 1573041029417
11-06 13:50:29.443 18661 18703 D Evaluation: Frame 1392 sent at 1573041029443
11-06 13:50:29.487 18661 18703 D Evaluation: Frame 1393 sent at 1573041029487
11-06 13:50:29.512 18661 18703 D Evaluation: Frame 1394 sent at 1573041029512
11-06 13:50:29.588 18661 18703 D Evaluation: Frame 1395 sent at 1573041029588
11-06 13:50:29.621 18661 18703 D Evaluation: Frame 1396 sent at 1573041029621
11-06 13:50:29.646 18661 18703 D Evaluation: Frame 1397 sent at 1573041029646
11-06 13:50:29.678 18661 18703 D Evaluation: Frame 1398 sent at 1573041029678
11-06 13:50:29.716 18661 18703 D Evaluation: Frame 1399 sent at 1573041029716
11-06 13:50:29.751 18661 18703 D Evaluation: Frame 1400 sent at 1573041029751
11-06 13:50:29.779 18661 18703 D Evaluation: Frame 1401 sent at 1573041029779
11-06 13:50:29.831 18661 18703 D Evaluation: Frame 1402 sent at 1573041029831
11-06 13:50:29.846 18661 18703 D Evaluation: Frame 1403 sent at 1573041029846
11-06 13:50:29.885 18661 18703 D Evaluation: Frame 1404 sent at 1573041029885
11-06 13:50:29.914 18661 18703 D Evaluation: Frame 1405 sent at 1573041029914
11-06 13:50:29.921 18661 18661 I Poster  :  onPause() called.
11-06 13:50:30.065 18661 18661 I Camera  : close camera: 0, package name: symlab.cloudridar.arhud
11-06 13:50:30.065 18661 18661 I BackgroundPermManager: pkgName: symlab.cloudridar.arhud,pid: 18661 ,uidOf3RdApk: 10149 ,permType: 0 ,permCfg: 0
11-06 13:50:30.066 18661 18661 I HwCameraUtil: notifySurfaceFlingerCameraStatus : isFront = false , isOpend = false
11-06 13:50:30.098 18661 18661 D ZrHung.AppEyeUiProbe: stop checker.
11-06 13:50:30.120 18661 18661 I Poster  :  surfaceDestroyed() called.
11-06 13:50:30.121 18661 18661 D ViewRootImpl[MainActivity]: surface should not be released
11-06 13:50:30.121 18661 18661 I Poster  :  onStop() called.
11-06 13:50:30.140 18661 18720 W libEGL  : EGLNativeWindowType 0xe5af0008 disconnect failed
11-06 13:50:30.191 18661 18694 D ZrHung.AppEyeUiProbe: Current Activity:false
11-06 13:50:30.191 18661 18694 D ZrHung.AppEyeUiProbe: not watching, wait.
11-06 13:50:30.398 18661 18661 D Poster  : At 1573041030398 location is 65.0601251646205 (latitude), and 25.46668729646654 (longitude)
11-06 13:50:30.404 18661 18661 D Poster  : Connected to mobile network 20
11-06 13:50:30.419 18661 18661 D Latitude: status
