11-06 11:03:27.953 26877 26911 D Evaluation: 0 res for frame 464 received at 1573031007953
11-06 11:03:27.977 26877 26911 D Evaluation: Frame 468 sent at 1573031007977
11-06 11:03:28.006 26877 26911 D Evaluation: Frame 469 sent at 1573031008006
11-06 11:03:28.049 26877 26911 D Evaluation: Frame 470 sent at 1573031008049
11-06 11:03:28.051 26877 26911 D Evaluation: 0 res for frame 467 received at 1573031008051
11-06 11:03:28.081 26877 26911 D Evaluation: Frame 471 sent at 1573031008081
11-06 11:03:28.083 26877 26911 D Evaluation: 0 res for frame 468 received at 1573031008083
11-06 11:03:28.122 26877 26911 D Evaluation: Frame 472 sent at 1573031008122
11-06 11:03:28.124 26877 26911 D Evaluation: 1 res for frame 469 received at 1573031008124
11-06 11:03:28.158 26877 26911 D Evaluation: Frame 474 sent at 1573031008158
11-06 11:03:28.160 26877 26911 D Evaluation: 2 res for frame 470 received at 1573031008160
11-06 11:03:28.182 26877 26888 E         : [ZeroHung]zrhung_get_config: Get config failed for wp[0x0008]
11-06 11:03:28.182 26877 26911 D Evaluation: Frame 474 sent at 1573031008182
11-06 11:03:28.184 26877 26911 D Evaluation: 1 res for frame 471 received at 1573031008184
11-06 11:03:28.203 26877 26886 W System  : A resource failed to call close. 
11-06 11:03:28.209 26877 26886 I chatty  : uid=10149(symlab.cloudridar.arhud) FinalizerDaemon identical 30 lines
11-06 11:03:28.209 26877 26886 W System  : A resource failed to call close. 
11-06 11:03:28.216 26877 26911 D Evaluation: Frame 475 sent at 1573031008216
11-06 11:03:28.218 26877 26911 D Evaluation: 1 res for frame 472 received at 1573031008218
11-06 11:03:28.253 26877 26911 D Evaluation: Frame 476 sent at 1573031008253
11-06 11:03:28.256 26877 26911 D Evaluation: 1 res for frame 473 received at 1573031008256
11-06 11:03:28.289 26877 26911 D Evaluation: Frame 477 sent at 1573031008289
11-06 11:03:28.290 26877 26911 D Evaluation: 1 res for frame 474 received at 1573031008290
11-06 11:03:28.320 26877 26911 D Evaluation: Frame 478 sent at 1573031008320
11-06 11:03:28.322 26877 26911 D Evaluation: 1 res for frame 475 received at 1573031008322
11-06 11:03:28.345 26877 26911 D Evaluation: Frame 479 sent at 1573031008345
11-06 11:03:28.347 26877 26911 D Evaluation: 1 res for frame 476 received at 1573031008347
11-06 11:03:28.348 26877 26877 D Poster  : At 1573031008348 location is 65.05801027874057 (latitude), and 25.46775090003371 (longitude)
11-06 11:03:28.350 26877 26877 D Poster  : Connected to mobile network 20
11-06 11:03:28.383 26877 26911 D Evaluation: Frame 480 sent at 1573031008383
11-06 11:03:28.385 26877 26911 D Evaluation: 1 res for frame 477 received at 1573031008385
11-06 11:03:28.412 26877 26911 W System.err: java.net.SocketException: Message too long
11-06 11:03:28.412 26877 26911 W System.err: 	at sun.nio.ch.DatagramChannelImpl.send0(Native Method)
11-06 11:03:28.412 26877 26911 W System.err: 	at sun.nio.ch.DatagramChannelImpl.sendFromNativeBuffer(DatagramChannelImpl.java:573)
11-06 11:03:28.412 26877 26911 W System.err: 	at sun.nio.ch.DatagramChannelImpl.send(DatagramChannelImpl.java:550)
11-06 11:03:28.412 26877 26911 W System.err: 	at sun.nio.ch.DatagramChannelImpl.send(DatagramChannelImpl.java:514)
11-06 11:03:28.412 26877 26911 W System.err: 	at symlab.CloudAR.network.TransmissionTask.run(TransmissionTask.java:124)
11-06 11:03:28.412 26877 26911 W System.err: 	at android.os.Handler.handleCallback(Handler.java:907)
11-06 11:03:28.412 26877 26911 W System.err: 	at android.os.Handler.dispatchMessage(Handler.java:105)
11-06 11:03:28.412 26877 26911 W System.err: 	at android.os.Looper.loop(Looper.java:216)
11-06 11:03:28.412 26877 26911 W System.err: 	at android.os.HandlerThread.run(HandlerThread.java:65)
11-06 11:03:28.414 26877 26911 D Evaluation: 1 res for frame 478 received at 1573031008414
11-06 11:03:28.449 26877 26911 D Evaluation: Frame 482 sent at 1573031008449
11-06 11:03:28.450 26877 26911 D Evaluation: 2 res for frame 479 received at 1573031008450
11-06 11:03:28.486 26877 26911 D Evaluation: Frame 483 sent at 1573031008486
11-06 11:03:28.488 26877 26911 D Evaluation: 1 res for frame 480 received at 1573031008488
11-06 11:03:28.514 26877 26911 D Evaluation: Frame 484 sent at 1573031008514
11-06 11:03:28.551 26877 26911 D Evaluation: Frame 485 sent at 1573031008551
11-06 11:03:28.553 26877 26911 D Evaluation: 1 res for frame 482 received at 1573031008553
11-06 11:03:28.639 26877 26911 W System.err: java.net.SocketException: Message too long
11-06 11:03:28.639 26877 26911 W System.err: 	at sun.nio.ch.DatagramChannelImpl.send0(Native Method)
11-06 11:03:28.639 26877 26911 W System.err: 	at sun.nio.ch.DatagramChannelImpl.sendFromNativeBuffer(DatagramChannelImpl.java:573)
11-06 11:03:28.639 26877 26911 W System.err: 	at sun.nio.ch.DatagramChannelImpl.send(DatagramChannelImpl.java:550)
11-06 11:03:28.639 26877 26911 W System.err: 	at sun.nio.ch.DatagramChannelImpl.send(DatagramChannelImpl.java:514)
11-06 11:03:28.639 26877 26911 W System.err: 	at symlab.CloudAR.network.TransmissionTask.run(TransmissionTask.java:124)
11-06 11:03:28.639 26877 26911 W System.err: 	at android.os.Handler.handleCallback(Handler.java:907)
11-06 11:03:28.639 26877 26911 W System.err: 	at android.os.Handler.dispatchMessage(Handler.java:105)
11-06 11:03:28.639 26877 26911 W System.err: 	at android.os.Looper.loop(Looper.java:216)
11-06 11:03:28.639 26877 26911 W System.err: 	at android.os.HandlerThread.run(HandlerThread.java:65)
11-06 11:03:28.642 26877 26911 D Evaluation: 1 res for frame 483 received at 1573031008642
11-06 11:03:28.672 26877 26911 W System.err: java.net.SocketException: Message too long
11-06 11:03:28.672 26877 26911 W System.err: 	at sun.nio.ch.DatagramChannelImpl.send0(Native Method)
11-06 11:03:28.672 26877 26911 W System.err: 	at sun.nio.ch.DatagramChannelImpl.sendFromNativeBuffer(DatagramChannelImpl.java:573)
11-06 11:03:28.672 26877 26911 W System.err: 	at sun.nio.ch.DatagramChannelImpl.send(DatagramChannelImpl.java:550)
11-06 11:03:28.672 26877 26911 W System.err: 	at sun.nio.ch.DatagramChannelImpl.send(DatagramChannelImpl.java:514)
11-06 11:03:28.672 26877 26911 W System.err: 	at symlab.CloudAR.network.TransmissionTask.run(TransmissionTask.java:124)
11-06 11:03:28.672 26877 26911 W System.err: 	at android.os.Handler.handleCallback(Handler.java:907)
11-06 11:03:28.672 26877 26911 W System.err: 	at android.os.Handler.dispatchMessage(Handler.java:105)
11-06 11:03:28.672 26877 26911 W System.err: 	at android.os.Looper.loop(Looper.java:216)
11-06 11:03:28.672 26877 26911 W System.err: 	at android.os.HandlerThread.run(HandlerThread.java:65)
11-06 11:03:28.674 26877 26911 D Evaluation: 2 res for frame 484 received at 1573031008674
11-06 11:03:28.695 26877 26911 D Evaluation: Frame 488 sent at 1573031008695
11-06 11:03:28.696 26877 26911 D Evaluation: 1 res for frame 485 received at 1573031008696
11-06 11:03:28.716 26877 26911 D Evaluation: Frame 489 sent at 1573031008716
11-06 11:03:28.805 26877 26911 D Evaluation: Frame 491 sent at 1573031008805
11-06 11:03:28.829 26877 26911 D Evaluation: Frame 491 sent at 1573031008829
11-06 11:03:28.851 26877 26911 D Evaluation: Frame 492 sent at 1573031008851
11-06 11:03:28.888 26877 26911 W System.err: java.net.SocketException: Message too long
11-06 11:03:28.888 26877 26911 W System.err: 	at sun.nio.ch.DatagramChannelImpl.send0(Native Method)
11-06 11:03:28.888 26877 26911 W System.err: 	at sun.nio.ch.DatagramChannelImpl.sendFromNativeBuffer(DatagramChannelImpl.java:573)
11-06 11:03:28.888 26877 26911 W System.err: 	at sun.nio.ch.DatagramChannelImpl.send(DatagramChannelImpl.java:550)
11-06 11:03:28.889 26877 26911 W System.err: 	at sun.nio.ch.DatagramChannelImpl.send(DatagramChannelImpl.java:514)
11-06 11:03:28.889 26877 26911 W System.err: 	at symlab.CloudAR.network.TransmissionTask.run(TransmissionTask.java:124)
11-06 11:03:28.889 26877 26911 W System.err: 	at android.os.Handler.handleCallback(Handler.java:907)
11-06 11:03:28.889 26877 26911 W System.err: 	at android.os.Handler.dispatchMessage(Handler.java:105)
11-06 11:03:28.889 26877 26911 W System.err: 	at android.os.Looper.loop(Looper.java:216)
11-06 11:03:28.889 26877 26911 W System.err: 	at android.os.HandlerThread.run(HandlerThread.java:65)
11-06 11:03:28.890 26877 26911 D Evaluation: 1 res for frame 488 received at 1573031008890
11-06 11:03:28.917 26877 26911 D Evaluation: Frame 494 sent at 1573031008917
11-06 11:03:28.919 26877 26911 D Evaluation: 1 res for frame 489 received at 1573031008919
11-06 11:03:28.965 26877 26911 D Evaluation: Frame 495 sent at 1573031008965
11-06 11:03:28.967 26877 26911 D Evaluation: 1 res for frame 491 received at 1573031008967
11-06 11:03:28.997 26877 26911 D Evaluation: Frame 496 sent at 1573031008997
11-06 11:03:28.999 26877 26911 D Evaluation: 1 res for frame 491 received at 1573031008999
11-06 11:03:29.031 26877 26911 D Evaluation: Frame 497 sent at 1573031009031
11-06 11:03:29.055 26877 26911 D Evaluation: Frame 498 sent at 1573031009055
11-06 11:03:29.057 26877 26911 D Evaluation: 1 res for frame 492 received at 1573031009057
11-06 11:03:29.086 26877 26911 D Evaluation: Frame 499 sent at 1573031009086
11-06 11:03:29.087 26877 26911 D Evaluation: 2 res for frame 494 received at 1573031009087
11-06 11:03:29.129 26877 26911 D Evaluation: Frame 500 sent at 1573031009129
11-06 11:03:29.132 26877 26911 D Evaluation: 1 res for frame 495 received at 1573031009132
11-06 11:03:29.164 26877 26888 E         : [ZeroHung]zrhung_get_config: Get config failed for wp[0x0008]
11-06 11:03:29.165 26877 26911 D Evaluation: Frame 501 sent at 1573031009165
11-06 11:03:29.167 26877 26911 D Evaluation: 1 res for frame 496 received at 1573031009167
11-06 11:03:29.186 26877 26911 D Evaluation: Frame 502 sent at 1573031009186
11-06 11:03:29.186 26877 26886 W System  : A resource failed to call close. 
11-06 11:03:29.192 26877 26886 I chatty  : uid=10149(symlab.cloudridar.arhud) FinalizerDaemon identical 40 lines
11-06 11:03:29.192 26877 26886 W System  : A resource failed to call close. 
11-06 11:03:29.237 26877 26911 D Evaluation: Frame 503 sent at 1573031009237
11-06 11:03:29.238 26877 26911 D Evaluation: 1 res for frame 497 received at 1573031009238
11-06 11:03:29.256 26877 26911 D Evaluation: Frame 504 sent at 1573031009256
11-06 11:03:29.258 26877 26911 D Evaluation: 1 res for frame 498 received at 1573031009258
11-06 11:03:29.292 26877 26911 D Evaluation: Frame 505 sent at 1573031009292
11-06 11:03:29.293 26877 26911 D Evaluation: 1 res for frame 499 received at 1573031009293
11-06 11:03:29.320 26877 26911 D Evaluation: Frame 506 sent at 1573031009320
11-06 11:03:29.322 26877 26911 D Evaluation: 1 res for frame 500 received at 1573031009322
11-06 11:03:29.360 26877 26877 D Poster  : At 1573031009360 location is 65.05800214677578 (latitude), and 25.467759106729115 (longitude)
11-06 11:03:29.367 26877 26877 D Poster  : Connected to mobile network 20
11-06 11:03:29.370 26877 26911 D Evaluation: Frame 507 sent at 1573031009370
11-06 11:03:29.373 26877 26911 D Evaluation: 1 res for frame 501 received at 1573031009373
11-06 11:03:29.398 26877 26911 D Evaluation: Frame 508 sent at 1573031009398
11-06 11:03:29.400 26877 26911 D Evaluation: 1 res for frame 502 received at 1573031009400
11-06 11:03:29.420 26877 26911 D Evaluation: Frame 509 sent at 1573031009420
11-06 11:03:29.421 26877 26911 D Evaluation: 1 res for frame 503 received at 1573031009421
11-06 11:03:29.465 26877 26911 D Evaluation: Frame 510 sent at 1573031009465
11-06 11:03:29.467 26877 26911 D Evaluation: 1 res for frame 504 received at 1573031009466
11-06 11:03:29.496 26877 26911 D Evaluation: Frame 511 sent at 1573031009496
11-06 11:03:29.498 26877 26911 D Evaluation: 0 res for frame 505 received at 1573031009498
11-06 11:03:29.522 26877 26911 D Evaluation: Frame 512 sent at 1573031009522
11-06 11:03:29.523 26877 26911 D Evaluation: 1 res for frame 506 received at 1573031009523
11-06 11:03:29.562 26877 26911 D Evaluation: Frame 513 sent at 1573031009562
11-06 11:03:29.564 26877 26911 D Evaluation: 1 res for frame 507 received at 1573031009564
11-06 11:03:29.595 26877 26911 D Evaluation: Frame 514 sent at 1573031009595
11-06 11:03:29.597 26877 26911 D Evaluation: 0 res for frame 508 received at 1573031009597
11-06 11:03:29.635 26877 26911 D Evaluation: Frame 515 sent at 1573031009635
11-06 11:03:29.636 26877 26911 D Evaluation: 0 res for frame 509 received at 1573031009636
11-06 11:03:29.666 26877 26911 D Evaluation: Frame 516 sent at 1573031009666
11-06 11:03:29.668 26877 26911 D Evaluation: 1 res for frame 510 received at 1573031009668
11-06 11:03:29.701 26877 26911 D Evaluation: Frame 517 sent at 1573031009701
11-06 11:03:29.703 26877 26911 D Evaluation: 1 res for frame 511 received at 1573031009703
11-06 11:03:29.724 26877 26911 D Evaluation: Frame 518 sent at 1573031009724
11-06 11:03:29.726 26877 26911 D Evaluation: 1 res for frame 512 received at 1573031009726
11-06 11:03:29.763 26877 26911 D Evaluation: Frame 519 sent at 1573031009763
11-06 11:03:29.765 26877 26911 D Evaluation: 1 res for frame 513 received at 1573031009765
11-06 11:03:29.803 26877 26911 D Evaluation: Frame 520 sent at 1573031009803
11-06 11:03:29.805 26877 26911 D Evaluation: 1 res for frame 514 received at 1573031009805
11-06 11:03:29.837 26877 26911 D Evaluation: Frame 521 sent at 1573031009837
11-06 11:03:29.839 26877 26911 D Evaluation: 1 res for frame 515 received at 1573031009839
11-06 11:03:29.860 26877 26911 D Evaluation: Frame 522 sent at 1573031009860
11-06 11:03:29.862 26877 26911 D Evaluation: 1 res for frame 516 received at 1573031009862
11-06 11:03:29.899 26877 26911 D Evaluation: Frame 523 sent at 1573031009899
11-06 11:03:29.901 26877 26911 D Evaluation: 0 res for frame 517 received at 1573031009901
11-06 11:03:29.929 26877 26911 D Evaluation: Frame 524 sent at 1573031009929
11-06 11:03:29.931 26877 26911 D Evaluation: 1 res for frame 518 received at 1573031009931
11-06 11:03:29.975 26877 26911 D Evaluation: Frame 525 sent at 1573031009975
11-06 11:03:29.977 26877 26911 D Evaluation: 1 res for frame 519 received at 1573031009977
11-06 11:03:29.999 26877 26911 D Evaluation: Frame 526 sent at 1573031009999
11-06 11:03:30.001 26877 26911 D Evaluation: 1 res for frame 520 received at 1573031010001
11-06 11:03:30.034 26877 26911 D Evaluation: Frame 527 sent at 1573031010034
11-06 11:03:30.035 26877 26911 D Evaluation: 1 res for frame 521 received at 1573031010035
11-06 11:03:30.064 26877 26911 D Evaluation: Frame 528 sent at 1573031010064
11-06 11:03:30.066 26877 26911 D Evaluation: 1 res for frame 522 received at 1573031010066
11-06 11:03:30.102 26877 26888 E         : [ZeroHung]zrhung_get_config: Get config failed for wp[0x0008]
11-06 11:03:30.102 26877 26911 D Evaluation: Frame 529 sent at 1573031010102
11-06 11:03:30.105 26877 26911 D Evaluation: 1 res for frame 523 received at 1573031010105
11-06 11:03:30.122 26877 26886 W System  : A resource failed to call close. 
11-06 11:03:30.124 26877 26886 I chatty  : uid=10149(symlab.cloudridar.arhud) FinalizerDaemon identical 15 lines
11-06 11:03:30.124 26877 26886 W System  : A resource failed to call close. 
11-06 11:03:30.124 26877 26886 W System  : A resource failed to call close. 
11-06 11:03:30.125 26877 26886 I chatty  : uid=10149(symlab.cloudridar.arhud) FinalizerDaemon identical 4 lines
11-06 11:03:30.125 26877 26886 W System  : A resource failed to call close. 
11-06 11:03:30.125 26877 26886 W System  : A resource failed to call close. 
11-06 11:03:30.125 26877 26886 W System  : A resource failed to call close. 
11-06 11:03:30.128 26877 26886 I chatty  : uid=10149(symlab.cloudridar.arhud) FinalizerDaemon identical 22 lines
11-06 11:03:30.128 26877 26886 W System  : A resource failed to call close. 
11-06 11:03:30.128 26877 26886 W System  : A resource failed to call close. 
11-06 11:03:30.128 26877 26886 W System  : A resource failed to call close. 
11-06 11:03:30.129 26877 26886 W System  : A resource failed to call close. 
11-06 11:03:30.129 26877 26886 W System  : A resource failed to call close. 
11-06 11:03:30.129 26877 26886 W System  : A resource failed to call close. 
11-06 11:03:30.129 26877 26886 W System  : A resource failed to call close. 
11-06 11:03:30.131 26877 26911 D Evaluation: Frame 530 sent at 1573031010131
11-06 11:03:30.133 26877 26911 D Evaluation: 1 res for frame 524 received at 1573031010132
11-06 11:03:30.160 26877 26911 D Evaluation: Frame 531 sent at 1573031010160
11-06 11:03:30.162 26877 26911 D Evaluation: 0 res for frame 525 received at 1573031010162
11-06 11:03:30.196 26877 26911 D Evaluation: Frame 532 sent at 1573031010196
11-06 11:03:30.198 26877 26911 D Evaluation: 0 res for frame 526 received at 1573031010198
11-06 11:03:30.240 26877 26911 D Evaluation: Frame 533 sent at 1573031010240
11-06 11:03:30.242 26877 26911 D Evaluation: 0 res for frame 527 received at 1573031010242
11-06 11:03:30.271 26877 26911 D Evaluation: Frame 534 sent at 1573031010271
11-06 11:03:30.273 26877 26911 D Evaluation: 0 res for frame 529 received at 1573031010273
11-06 11:03:30.299 26877 26911 D Evaluation: Frame 535 sent at 1573031010299
11-06 11:03:30.301 26877 26911 D Evaluation: 0 res for frame 530 received at 1573031010301
11-06 11:03:30.331 26877 26911 D Evaluation: Frame 536 sent at 1573031010331
11-06 11:03:30.333 26877 26911 D Evaluation: 0 res for frame 531 received at 1573031010333
11-06 11:03:30.344 26877 26877 D Poster  : At 1573031010344 location is 65.05800681001526 (latitude), and 25.467778725799118 (longitude)
11-06 11:03:30.347 26877 26877 D Poster  : Connected to mobile network 20
11-06 11:03:30.379 26877 26911 D Evaluation: Frame 537 sent at 1573031010379
11-06 11:03:30.381 26877 26911 D Evaluation: 0 res for frame 532 received at 1573031010381
11-06 11:03:30.404 26877 26911 D Evaluation: Frame 538 sent at 1573031010404
11-06 11:03:30.406 26877 26911 D Evaluation: 0 res for frame 533 received at 1573031010406
11-06 11:03:30.432 26877 26911 D Evaluation: Frame 539 sent at 1573031010432
11-06 11:03:30.433 26877 26911 D Evaluation: 0 res for frame 534 received at 1573031010433
11-06 11:03:30.475 26877 26911 D Evaluation: Frame 540 sent at 1573031010475
11-06 11:03:30.477 26877 26911 D Evaluation: 1 res for frame 535 received at 1573031010477
11-06 11:03:30.499 26877 26911 D Evaluation: Frame 541 sent at 1573031010499
11-06 11:03:30.501 26877 26911 D Evaluation: 0 res for frame 536 received at 1573031010501
11-06 11:03:30.539 26877 26911 D Evaluation: Frame 542 sent at 1573031010539
11-06 11:03:30.570 26877 26911 D Evaluation: Frame 543 sent at 1573031010570
11-06 11:03:30.612 26877 26911 D Evaluation: Frame 544 sent at 1573031010612
11-06 11:03:30.615 26877 26911 D Evaluation: 1 res for frame 537 received at 1573031010615
11-06 11:03:30.649 26877 26911 D Evaluation: Frame 545 sent at 1573031010649
11-06 11:03:30.651 26877 26911 D Evaluation: 1 res for frame 538 received at 1573031010651
11-06 11:03:30.669 26877 26911 D Evaluation: Frame 546 sent at 1573031010668
11-06 11:03:30.670 26877 26911 D Evaluation: 1 res for frame 539 received at 1573031010670
11-06 11:03:30.696 26877 26911 D Evaluation: Frame 547 sent at 1573031010696
11-06 11:03:30.698 26877 26911 D Evaluation: 2 res for frame 540 received at 1573031010698
11-06 11:03:30.731 26877 26911 D Evaluation: Frame 548 sent at 1573031010731
11-06 11:03:30.732 26877 26911 D Evaluation: 0 res for frame 541 received at 1573031010732
11-06 11:03:30.770 26877 26911 D Evaluation: Frame 549 sent at 1573031010770
11-06 11:03:30.772 26877 26911 D Evaluation: 0 res for frame 542 received at 1573031010772
11-06 11:03:30.815 26877 26911 D Evaluation: Frame 550 sent at 1573031010815
11-06 11:03:30.817 26877 26911 D Evaluation: 0 res for frame 543 received at 1573031010817
11-06 11:03:30.839 26877 26911 D Evaluation: Frame 551 sent at 1573031010839
11-06 11:03:30.841 26877 26911 D Evaluation: 1 res for frame 544 received at 1573031010841
11-06 11:03:30.866 26877 26911 D Evaluation: Frame 552 sent at 1573031010866
11-06 11:03:30.867 26877 26911 D Evaluation: 1 res for frame 545 received at 1573031010867
11-06 11:03:30.909 26877 26911 D Evaluation: Frame 553 sent at 1573031010909
11-06 11:03:30.911 26877 26911 D Evaluation: 1 res for frame 546 received at 1573031010911
11-06 11:03:30.942 26877 26911 D Evaluation: Frame 554 sent at 1573031010942
11-06 11:03:30.944 26877 26911 D Evaluation: 1 res for frame 547 received at 1573031010944
11-06 11:03:30.970 26877 26911 D Evaluation: Frame 555 sent at 1573031010970
11-06 11:03:30.971 26877 26911 D Evaluation: 1 res for frame 548 received at 1573031010971
11-06 11:03:31.018 26877 26911 W System.err: java.net.SocketException: Message too long
11-06 11:03:31.019 26877 26911 W System.err: 	at sun.nio.ch.DatagramChannelImpl.send0(Native Method)
11-06 11:03:31.019 26877 26911 W System.err: 	at sun.nio.ch.DatagramChannelImpl.sendFromNativeBuffer(DatagramChannelImpl.java:573)
11-06 11:03:31.019 26877 26911 W System.err: 	at sun.nio.ch.DatagramChannelImpl.send(DatagramChannelImpl.java:550)
11-06 11:03:31.019 26877 26911 W System.err: 	at sun.nio.ch.DatagramChannelImpl.send(DatagramChannelImpl.java:514)
11-06 11:03:31.019 26877 26911 W System.err: 	at symlab.CloudAR.network.TransmissionTask.run(TransmissionTask.java:124)
11-06 11:03:31.019 26877 26911 W System.err: 	at android.os.Handler.handleCallback(Handler.java:907)
11-06 11:03:31.019 26877 26911 W System.err: 	at android.os.Handler.dispatchMessage(Handler.java:105)
11-06 11:03:31.019 26877 26911 W System.err: 	at android.os.Looper.loop(Looper.java:216)
11-06 11:03:31.019 26877 26911 W System.err: 	at android.os.HandlerThread.run(HandlerThread.java:65)
11-06 11:03:31.020 26877 26911 D Evaluation: 1 res for frame 549 received at 1573031011020
11-06 11:03:31.054 26877 26911 W System.err: java.net.SocketException: Message too long
11-06 11:03:31.054 26877 26911 W System.err: 	at sun.nio.ch.DatagramChannelImpl.send0(Native Method)
11-06 11:03:31.054 26877 26911 W System.err: 	at sun.nio.ch.DatagramChannelImpl.sendFromNativeBuffer(DatagramChannelImpl.java:573)
11-06 11:03:31.054 26877 26911 W System.err: 	at sun.nio.ch.DatagramChannelImpl.send(DatagramChannelImpl.java:550)
11-06 11:03:31.054 26877 26911 W System.err: 	at sun.nio.ch.DatagramChannelImpl.send(DatagramChannelImpl.java:514)
11-06 11:03:31.054 26877 26911 W System.err: 	at symlab.CloudAR.network.TransmissionTask.run(TransmissionTask.java:124)
11-06 11:03:31.054 26877 26911 W System.err: 	at android.os.Handler.handleCallback(Handler.java:907)
11-06 11:03:31.054 26877 26911 W System.err: 	at android.os.Handler.dispatchMessage(Handler.java:105)
11-06 11:03:31.054 26877 26911 W System.err: 	at android.os.Looper.loop(Looper.java:216)
11-06 11:03:31.054 26877 26911 W System.err: 	at android.os.HandlerThread.run(HandlerThread.java:65)
11-06 11:03:31.056 26877 26911 D Evaluation: 1 res for frame 550 received at 1573031011056
11-06 11:03:31.088 26877 26911 W System.err: java.net.SocketException: Message too long
11-06 11:03:31.088 26877 26911 W System.err: 	at sun.nio.ch.DatagramChannelImpl.send0(Native Method)
11-06 11:03:31.088 26877 26911 W System.err: 	at sun.nio.ch.DatagramChannelImpl.sendFromNativeBuffer(DatagramChannelImpl.java:573)
11-06 11:03:31.088 26877 26911 W System.err: 	at sun.nio.ch.DatagramChannelImpl.send(DatagramChannelImpl.java:550)
11-06 11:03:31.088 26877 26911 W System.err: 	at sun.nio.ch.DatagramChannelImpl.send(DatagramChannelImpl.java:514)
11-06 11:03:31.088 26877 26911 W System.err: 	at symlab.CloudAR.network.TransmissionTask.run(TransmissionTask.java:124)
11-06 11:03:31.088 26877 26911 W System.err: 	at android.os.Handler.handleCallback(Handler.java:907)
11-06 11:03:31.088 26877 26911 W System.err: 	at android.os.Handler.dispatchMessage(Handler.java:105)
11-06 11:03:31.088 26877 26911 W System.err: 	at android.os.Looper.loop(Looper.java:216)
11-06 11:03:31.088 26877 26911 W System.err: 	at android.os.HandlerThread.run(HandlerThread.java:65)
11-06 11:03:31.089 26877 26911 D Evaluation: 1 res for frame 551 received at 1573031011089
11-06 11:03:31.110 26877 26888 E         : [ZeroHung]zrhung_get_config: Get config failed for wp[0x0008]
11-06 11:03:31.111 26877 26911 D Evaluation: Frame 559 sent at 1573031011111
11-06 11:03:31.113 26877 26911 D Evaluation: 1 res for frame 552 received at 1573031011113
11-06 11:03:31.142 26877 26911 D Evaluation: Frame 560 sent at 1573031011142
11-06 11:03:31.142 26877 26886 W System  : A resource failed to call close. 
11-06 11:03:31.142 26877 26886 W System  : A resource failed to call close. 
11-06 11:03:31.142 26877 26886 W System  : A resource failed to call close. 
11-06 11:03:31.143 26877 26886 I chatty  : uid=10149(symlab.cloudridar.arhud) FinalizerDaemon identical 15 lines
11-06 11:03:31.143 26877 26886 W System  : A resource failed to call close. 
11-06 11:03:31.143 26877 26886 W System  : A resource failed to call close. 
11-06 11:03:31.144 26877 26886 I chatty  : uid=10149(symlab.cloudridar.arhud) FinalizerDaemon identical 14 lines
11-06 11:03:31.144 26877 26886 W System  : A resource failed to call close. 
11-06 11:03:31.144 26877 26911 D Evaluation: 1 res for frame 553 received at 1573031011144
11-06 11:03:31.144 26877 26886 W System  : A resource failed to call close. 
11-06 11:03:31.144 26877 26886 I chatty  : uid=10149(symlab.cloudridar.arhud) FinalizerDaemon identical 2 lines
11-06 11:03:31.144 26877 26886 W System  : A resource failed to call close. 
11-06 11:03:31.144 26877 26886 W System  : A resource failed to call close. 
11-06 11:03:31.144 26877 26886 W System  : A resource failed to call close. 
11-06 11:03:31.144 26877 26886 W System  : A resource failed to call close. 
11-06 11:03:31.144 26877 26886 W System  : A resource failed to call close. 
11-06 11:03:31.144 26877 26886 W System  : A resource failed to call close. 
11-06 11:03:31.144 26877 26886 W System  : A resource failed to call close. 
11-06 11:03:31.145 26877 26886 I chatty  : uid=10149(symlab.cloudridar.arhud) FinalizerDaemon identical 10 lines
11-06 11:03:31.145 26877 26886 W System  : A resource failed to call close. 
11-06 11:03:31.175 26877 26911 D Evaluation: Frame 561 sent at 1573031011175
11-06 11:03:31.177 26877 26911 D Evaluation: 2 res for frame 554 received at 1573031011177
11-06 11:03:31.199 26877 26911 D Evaluation: Frame 562 sent at 1573031011199
11-06 11:03:31.201 26877 26911 D Evaluation: 1 res for frame 555 received at 1573031011201
11-06 11:03:31.249 26877 26911 D Evaluation: Frame 563 sent at 1573031011249
11-06 11:03:31.283 26877 26911 D Evaluation: Frame 564 sent at 1573031011283
11-06 11:03:31.285 26877 26911 D Evaluation: 1 res for frame 559 received at 1573031011285
11-06 11:03:31.311 26877 26911 D Evaluation: Frame 565 sent at 1573031011311
11-06 11:03:31.313 26877 26911 D Evaluation: 1 res for frame 560 received at 1573031011313
11-06 11:03:31.340 26877 26911 D Evaluation: Frame 566 sent at 1573031011340
11-06 11:03:31.342 26877 26911 D Evaluation: 2 res for frame 561 received at 1573031011342
11-06 11:03:31.358 26877 26877 D Poster  : At 1573031011358 location is 65.05800547727776 (latitude), and 25.467780402410675 (longitude)
11-06 11:03:31.361 26877 26877 D Poster  : Connected to mobile network 20
11-06 11:03:31.375 26877 26911 D Evaluation: Frame 567 sent at 1573031011375
11-06 11:03:31.378 26877 26911 D Evaluation: 2 res for frame 562 received at 1573031011378
11-06 11:03:31.396 26877 26911 D Evaluation: Frame 568 sent at 1573031011396
11-06 11:03:31.397 26877 26911 D Evaluation: 1 res for frame 563 received at 1573031011397
11-06 11:03:31.437 26877 26911 D Evaluation: Frame 569 sent at 1573031011437
11-06 11:03:31.439 26877 26911 D Evaluation: 1 res for frame 564 received at 1573031011439
11-06 11:03:31.480 26877 26911 D Evaluation: Frame 570 sent at 1573031011480
11-06 11:03:31.482 26877 26911 D Evaluation: 1 res for frame 565 received at 1573031011482
11-06 11:03:31.519 26877 26911 D Evaluation: Frame 571 sent at 1573031011519
11-06 11:03:31.521 26877 26911 D Evaluation: 1 res for frame 566 received at 1573031011521
11-06 11:03:31.541 26877 26911 D Evaluation: Frame 572 sent at 1573031011541
11-06 11:03:31.543 26877 26911 D Evaluation: 1 res for frame 567 received at 1573031011543
11-06 11:03:31.576 26877 26911 D Evaluation: Frame 573 sent at 1573031011576
11-06 11:03:31.579 26877 26911 D Evaluation: 2 res for frame 568 received at 1573031011579
11-06 11:03:31.611 26877 26911 D Evaluation: Frame 574 sent at 1573031011611
11-06 11:03:31.613 26877 26911 D Evaluation: 1 res for frame 569 received at 1573031011613
11-06 11:03:31.685 26877 26911 D Evaluation: Frame 575 sent at 1573031011685
11-06 11:03:31.687 26877 26911 D Evaluation: 2 res for frame 570 received at 1573031011687
11-06 11:03:31.718 26877 26911 D Evaluation: Frame 577 sent at 1573031011718
11-06 11:03:31.719 26877 26911 D Evaluation: 1 res for frame 571 received at 1573031011719
11-06 11:03:31.739 26877 26911 D Evaluation: Frame 577 sent at 1573031011739
11-06 11:03:31.741 26877 26911 D Evaluation: 1 res for frame 572 received at 1573031011741
11-06 11:03:31.780 26877 26911 D Evaluation: Frame 578 sent at 1573031011779
11-06 11:03:31.781 26877 26911 D Evaluation: 1 res for frame 573 received at 1573031011781
11-06 11:03:31.814 26877 26911 D Evaluation: Frame 579 sent at 1573031011814
11-06 11:03:31.816 26877 26911 D Evaluation: 1 res for frame 574 received at 1573031011816
11-06 11:03:31.845 26877 26911 D Evaluation: Frame 580 sent at 1573031011845
11-06 11:03:31.847 26877 26911 D Evaluation: 1 res for frame 575 received at 1573031011846
11-06 11:03:31.885 26877 26911 D Evaluation: Frame 581 sent at 1573031011885
11-06 11:03:31.887 26877 26911 D Evaluation: 1 res for frame 577 received at 1573031011887
11-06 11:03:31.920 26877 26911 D Evaluation: Frame 582 sent at 1573031011920
11-06 11:03:31.922 26877 26911 D Evaluation: 1 res for frame 577 received at 1573031011922
11-06 11:03:31.964 26877 26911 D Evaluation: Frame 584 sent at 1573031011964
11-06 11:03:31.966 26877 26911 D Evaluation: 1 res for frame 578 received at 1573031011966
11-06 11:03:31.988 26877 26911 D Evaluation: Frame 584 sent at 1573031011988
11-06 11:03:31.990 26877 26911 D Evaluation: 1 res for frame 579 received at 1573031011990
11-06 11:03:32.010 26877 26911 D Evaluation: Frame 585 sent at 1573031012010
11-06 11:03:32.014 26877 26911 D Evaluation: 1 res for frame 580 received at 1573031012014
11-06 11:03:32.037 26877 26911 D Evaluation: Frame 586 sent at 1573031012037
11-06 11:03:32.038 26877 26911 D Evaluation: 1 res for frame 581 received at 1573031012038
11-06 11:03:32.076 26877 26911 D Evaluation: Frame 587 sent at 1573031012076
11-06 11:03:32.079 26877 26911 D Evaluation: 1 res for frame 582 received at 1573031012079
11-06 11:03:32.107 26877 26911 D Evaluation: Frame 588 sent at 1573031012107
11-06 11:03:32.109 26877 26911 D Evaluation: 1 res for frame 584 received at 1573031012109
11-06 11:03:32.151 26877 26911 D Evaluation: Frame 589 sent at 1573031012151
11-06 11:03:32.153 26877 26911 D Evaluation: 1 res for frame 584 received at 1573031012153
11-06 11:03:32.153 26877 26888 E         : [ZeroHung]zrhung_get_config: Get config failed for wp[0x0008]
11-06 11:03:32.182 26877 26886 W System  : A resource failed to call close. 
11-06 11:03:32.182 26877 26886 W System  : A resource failed to call close. 
11-06 11:03:32.182 26877 26911 D Evaluation: Frame 590 sent at 1573031012182
11-06 11:03:32.183 26877 26886 W System  : A resource failed to call close. 
11-06 11:03:32.184 26877 26886 I chatty  : uid=10149(symlab.cloudridar.arhud) FinalizerDaemon identical 5 lines
11-06 11:03:32.184 26877 26886 W System  : A resource failed to call close. 
11-06 11:03:32.184 26877 26911 D Evaluation: 1 res for frame 585 received at 1573031012184
11-06 11:03:32.188 26877 26886 I chatty  : uid=10149(symlab.cloudridar.arhud) FinalizerDaemon expire 49 lines
11-06 11:03:32.188 26877 26886 W System  : A resource failed to call close. 
11-06 11:03:32.212 26877 26911 D Evaluation: Frame 591 sent at 1573031012212
11-06 11:03:32.214 26877 26911 D Evaluation: 2 res for frame 586 received at 1573031012214
11-06 11:03:32.257 26877 26911 D Evaluation: Frame 592 sent at 1573031012257
11-06 11:03:32.259 26877 26911 D Evaluation: 2 res for frame 587 received at 1573031012259
11-06 11:03:32.283 26877 26911 D Evaluation: Frame 593 sent at 1573031012283
11-06 11:03:32.285 26877 26911 D Evaluation: 2 res for frame 588 received at 1573031012285
11-06 11:03:32.318 26877 26911 D Evaluation: Frame 594 sent at 1573031012318
11-06 11:03:32.319 26877 26911 D Evaluation: 2 res for frame 589 received at 1573031012319
11-06 11:03:32.345 26877 26911 D Evaluation: Frame 595 sent at 1573031012345
11-06 11:03:32.345 26877 26877 D Poster  : At 1573031012345 location is 65.05800408668738 (latitude), and 25.467780043992317 (longitude)
11-06 11:03:32.345 26877 26911 D Evaluation: Frame 595 sent at 1573031012345
11-06 11:03:32.348 26877 26877 D Poster  : Connected to mobile network 20
11-06 11:03:32.349 26877 26911 D Evaluation: 1 res for frame 590 received at 1573031012349
11-06 11:03:32.378 26877 26911 D Evaluation: Frame 596 sent at 1573031012378
11-06 11:03:32.380 26877 26911 D Evaluation: 1 res for frame 591 received at 1573031012380
11-06 11:03:32.410 26877 26911 D Evaluation: Frame 597 sent at 1573031012410
11-06 11:03:32.412 26877 26911 D Evaluation: 2 res for frame 592 received at 1573031012412
11-06 11:03:32.448 26877 26911 D Evaluation: Frame 598 sent at 1573031012448
11-06 11:03:32.449 26877 26911 D Evaluation: 2 res for frame 593 received at 1573031012449
11-06 11:03:32.483 26877 26911 D Evaluation: Frame 599 sent at 1573031012483
11-06 11:03:32.484 26877 26911 D Evaluation: 1 res for frame 594 received at 1573031012484
11-06 11:03:32.521 26877 26911 D Evaluation: Frame 600 sent at 1573031012521
11-06 11:03:32.523 26877 26911 D Evaluation: 1 res for frame 595 received at 1573031012523
11-06 11:03:32.552 26877 26911 D Evaluation: Frame 601 sent at 1573031012552
11-06 11:03:32.554 26877 26911 D Evaluation: 1 res for frame 596 received at 1573031012554
11-06 11:03:32.588 26877 26911 D Evaluation: Frame 602 sent at 1573031012588
11-06 11:03:32.590 26877 26911 D Evaluation: 1 res for frame 597 received at 1573031012590
11-06 11:03:32.619 26877 26911 D Evaluation: Frame 603 sent at 1573031012619
11-06 11:03:32.621 26877 26911 D Evaluation: 1 res for frame 598 received at 1573031012621
11-06 11:03:32.650 26877 26911 D Evaluation: Frame 604 sent at 1573031012650
11-06 11:03:32.651 26877 26911 D Evaluation: 1 res for frame 599 received at 1573031012651
11-06 11:03:32.689 26877 26911 D Evaluation: Frame 605 sent at 1573031012689
11-06 11:03:32.691 26877 26911 D Evaluation: 2 res for frame 600 received at 1573031012691
11-06 11:03:32.723 26877 26911 D Evaluation: Frame 606 sent at 1573031012722
11-06 11:03:32.724 26877 26911 D Evaluation: 1 res for frame 601 received at 1573031012724
11-06 11:03:32.758 26877 26911 D Evaluation: Frame 608 sent at 1573031012758
11-06 11:03:32.760 26877 26911 D Evaluation: 1 res for frame 602 received at 1573031012760
11-06 11:03:32.784 26877 26911 D Evaluation: Frame 608 sent at 1573031012784
11-06 11:03:32.786 26877 26911 D Evaluation: 1 res for frame 603 received at 1573031012786
11-06 11:03:32.826 26877 26911 D Evaluation: Frame 609 sent at 1573031012826
11-06 11:03:32.830 26877 26911 D Evaluation: 2 res for frame 604 received at 1573031012830
11-06 11:03:32.860 26877 26911 D Evaluation: Frame 610 sent at 1573031012860
11-06 11:03:32.862 26877 26911 D Evaluation: 1 res for frame 605 received at 1573031012862
11-06 11:03:32.898 26877 26911 D Evaluation: Frame 611 sent at 1573031012898
11-06 11:03:32.900 26877 26911 D Evaluation: 1 res for frame 606 received at 1573031012900
11-06 11:03:32.921 26877 26911 D Evaluation: Frame 612 sent at 1573031012921
11-06 11:03:32.923 26877 26911 D Evaluation: 1 res for frame 608 received at 1573031012923
11-06 11:03:32.953 26877 26911 D Evaluation: Frame 613 sent at 1573031012953
11-06 11:03:32.954 26877 26911 D Evaluation: 1 res for frame 608 received at 1573031012954
11-06 11:03:32.994 26877 26911 D Evaluation: Frame 614 sent at 1573031012994
11-06 11:03:32.996 26877 26911 D Evaluation: 1 res for frame 609 received at 1573031012996
11-06 11:03:33.057 26877 26911 D Evaluation: Frame 615 sent at 1573031013057
11-06 11:03:33.059 26877 26911 D Evaluation: 1 res for frame 610 received at 1573031013059
11-06 11:03:33.098 26877 26911 D Evaluation: Frame 616 sent at 1573031013098
11-06 11:03:33.100 26877 26911 D Evaluation: 1 res for frame 611 received at 1573031013100
11-06 11:03:33.125 26877 26911 D Evaluation: Frame 617 sent at 1573031013125
11-06 11:03:33.127 26877 26911 D Evaluation: 1 res for frame 612 received at 1573031013127
11-06 11:03:33.163 26877 26888 E         : [ZeroHung]zrhung_get_config: Get config failed for wp[0x0008]
11-06 11:03:33.163 26877 26911 D Evaluation: Frame 618 sent at 1573031013163
11-06 11:03:33.165 26877 26911 D Evaluation: 1 res for frame 613 received at 1573031013165
11-06 11:03:33.186 26877 26886 W System  : A resource failed to call close. 
11-06 11:03:33.187 26877 26886 I chatty  : uid=10149(symlab.cloudridar.arhud) FinalizerDaemon identical 8 lines
11-06 11:03:33.187 26877 26886 W System  : A resource failed to call close. 
11-06 11:03:33.187 26877 26886 W System  : A resource failed to call close. 
11-06 11:03:33.189 26877 26886 I chatty  : uid=10149(symlab.cloudridar.arhud) FinalizerDaemon identical 38 lines
11-06 11:03:33.189 26877 26886 W System  : A resource failed to call close. 
11-06 11:03:33.190 26877 26886 W System  : A resource failed to call close. 
11-06 11:03:33.190 26877 26886 W System  : A resource failed to call close. 
11-06 11:03:33.190 26877 26886 I chatty  : uid=10149(symlab.cloudridar.arhud) FinalizerDaemon identical 2 lines
11-06 11:03:33.190 26877 26886 W System  : A resource failed to call close. 
11-06 11:03:33.190 26877 26886 W System  : A resource failed to call close. 
11-06 11:03:33.191 26877 26886 W System  : A resource failed to call close. 
11-06 11:03:33.191 26877 26911 D Evaluation: Frame 619 sent at 1573031013191
11-06 11:03:33.191 26877 26886 W System  : A resource failed to call close. 
11-06 11:03:33.192 26877 26911 D Evaluation: 1 res for frame 614 received at 1573031013192
11-06 11:03:33.228 26877 26911 D Evaluation: Frame 620 sent at 1573031013228
11-06 11:03:33.230 26877 26911 D Evaluation: 1 res for frame 615 received at 1573031013230
11-06 11:03:33.254 26877 26911 D Evaluation: Frame 621 sent at 1573031013254
11-06 11:03:33.256 26877 26911 D Evaluation: 1 res for frame 616 received at 1573031013256
11-06 11:03:33.294 26877 26911 D Evaluation: Frame 622 sent at 1573031013294
11-06 11:03:33.296 26877 26911 D Evaluation: 1 res for frame 617 received at 1573031013296
11-06 11:03:33.317 26877 26911 D Evaluation: Frame 623 sent at 1573031013317
11-06 11:03:33.319 26877 26911 D Evaluation: 1 res for frame 618 received at 1573031013319
11-06 11:03:33.346 26877 26877 D Poster  : At 1573031013346 location is 65.05800408668738 (latitude), and 25.467780043992317 (longitude)
11-06 11:03:33.348 26877 26877 D Poster  : Connected to mobile network 20
11-06 11:03:33.355 26877 26911 D Evaluation: Frame 624 sent at 1573031013355
11-06 11:03:33.357 26877 26911 D Evaluation: 3 res for frame 619 received at 1573031013357
11-06 11:03:33.390 26877 26911 D Evaluation: Frame 625 sent at 1573031013389
11-06 11:03:33.391 26877 26911 D Evaluation: 2 res for frame 620 received at 1573031013391
11-06 11:03:33.415 26877 26911 D Evaluation: Frame 626 sent at 1573031013415
11-06 11:03:33.417 26877 26911 D Evaluation: 1 res for frame 621 received at 1573031013417
11-06 11:03:33.467 26877 26911 D Evaluation: Frame 627 sent at 1573031013467
11-06 11:03:33.469 26877 26911 D Evaluation: 1 res for frame 622 received at 1573031013469
11-06 11:03:33.491 26877 26911 D Evaluation: Frame 628 sent at 1573031013491
11-06 11:03:33.492 26877 26911 D Evaluation: 2 res for frame 623 received at 1573031013492
11-06 11:03:33.521 26877 26911 D Evaluation: Frame 629 sent at 1573031013520
11-06 11:03:33.522 26877 26911 D Evaluation: 2 res for frame 624 received at 1573031013522
11-06 11:03:33.558 26877 26911 D Evaluation: Frame 630 sent at 1573031013557
11-06 11:03:33.560 26877 26911 D Evaluation: 1 res for frame 625 received at 1573031013559
11-06 11:03:33.594 26877 26911 D Evaluation: Frame 631 sent at 1573031013594
11-06 11:03:33.596 26877 26911 D Evaluation: 1 res for frame 626 received at 1573031013596
11-06 11:03:33.627 26877 26911 D Evaluation: Frame 632 sent at 1573031013627
11-06 11:03:33.629 26877 26911 D Evaluation: 1 res for frame 627 received at 1573031013629
11-06 11:03:33.652 26877 26911 D Evaluation: Frame 633 sent at 1573031013652
11-06 11:03:33.654 26877 26911 D Evaluation: 1 res for frame 628 received at 1573031013654
11-06 11:03:33.697 26877 26911 D Evaluation: Frame 634 sent at 1573031013697
11-06 11:03:33.699 26877 26911 D Evaluation: 1 res for frame 629 received at 1573031013699
11-06 11:03:33.733 26877 26911 D Evaluation: Frame 635 sent at 1573031013733
11-06 11:03:33.734 26877 26911 D Evaluation: 1 res for frame 630 received at 1573031013734
11-06 11:03:33.759 26877 26911 D Evaluation: Frame 636 sent at 1573031013758
11-06 11:03:33.762 26877 26911 D Evaluation: 1 res for frame 631 received at 1573031013762
11-06 11:03:33.794 26877 26911 D Evaluation: Frame 637 sent at 1573031013794
11-06 11:03:33.796 26877 26911 D Evaluation: 1 res for frame 632 received at 1573031013796
11-06 11:03:33.833 26877 26911 D Evaluation: Frame 638 sent at 1573031013833
11-06 11:03:33.835 26877 26911 D Evaluation: 1 res for frame 633 received at 1573031013835
11-06 11:03:33.859 26877 26911 D Evaluation: Frame 639 sent at 1573031013859
11-06 11:03:33.861 26877 26911 D Evaluation: 1 res for frame 634 received at 1573031013861
11-06 11:03:33.895 26877 26911 D Evaluation: Frame 640 sent at 1573031013894
11-06 11:03:33.896 26877 26911 D Evaluation: 1 res for frame 635 received at 1573031013896
11-06 11:03:33.937 26877 26911 D Evaluation: Frame 642 sent at 1573031013937
11-06 11:03:33.938 26877 26911 D Evaluation: 1 res for frame 636 received at 1573031013938
11-06 11:03:33.957 26877 26911 D Evaluation: Frame 642 sent at 1573031013957
11-06 11:03:33.959 26877 26911 D Evaluation: 1 res for frame 637 received at 1573031013959
11-06 11:03:33.996 26877 26911 D Evaluation: Frame 643 sent at 1573031013996
11-06 11:03:33.997 26877 26911 D Evaluation: 1 res for frame 638 received at 1573031013997
11-06 11:03:34.024 26877 26911 D Evaluation: Frame 644 sent at 1573031014024
11-06 11:03:34.027 26877 26911 D Evaluation: 1 res for frame 639 received at 1573031014027
11-06 11:03:34.060 26877 26911 D Evaluation: Frame 645 sent at 1573031014060
11-06 11:03:34.062 26877 26911 D Evaluation: 1 res for frame 640 received at 1573031014062
11-06 11:03:34.062 26877 26888 E         : [ZeroHung]zrhung_get_config: Get config failed for wp[0x0008]
11-06 11:03:34.082 26877 26886 W System  : A resource failed to call close. 
11-06 11:03:34.087 26877 26886 I chatty  : uid=10149(symlab.cloudridar.arhud) FinalizerDaemon identical 52 lines
11-06 11:03:34.087 26877 26886 W System  : A resource failed to call close. 
11-06 11:03:34.098 26877 26911 D Evaluation: Frame 646 sent at 1573031014098
11-06 11:03:34.099 26877 26911 D Evaluation: 2 res for frame 641 received at 1573031014099
11-06 11:03:34.121 26877 26911 D Evaluation: Frame 647 sent at 1573031014121
11-06 11:03:34.122 26877 26911 D Evaluation: 1 res for frame 642 received at 1573031014122
11-06 11:03:34.165 26877 26911 D Evaluation: Frame 648 sent at 1573031014164
11-06 11:03:34.166 26877 26911 D Evaluation: 1 res for frame 643 received at 1573031014166
11-06 11:03:34.202 26877 26911 D Evaluation: Frame 649 sent at 1573031014202
11-06 11:03:34.204 26877 26911 D Evaluation: 1 res for frame 644 received at 1573031014204
11-06 11:03:34.240 26877 26911 D Evaluation: Frame 650 sent at 1573031014240
11-06 11:03:34.242 26877 26911 D Evaluation: 2 res for frame 645 received at 1573031014242
11-06 11:03:34.280 26877 26911 D Evaluation: Frame 651 sent at 1573031014280
11-06 11:03:34.282 26877 26911 D Evaluation: 1 res for frame 646 received at 1573031014282
11-06 11:03:34.307 26877 26911 D Evaluation: Frame 652 sent at 1573031014307
11-06 11:03:34.309 26877 26911 D Evaluation: 1 res for frame 647 received at 1573031014309
11-06 11:03:34.334 26877 26911 D Evaluation: Frame 653 sent at 1573031014334
11-06 11:03:34.335 26877 26911 D Evaluation: 1 res for frame 648 received at 1573031014335
11-06 11:03:34.356 26877 26877 D Poster  : At 1573031014356 location is 65.05800408668738 (latitude), and 25.467780043992317 (longitude)
11-06 11:03:34.358 26877 26911 D Evaluation: Frame 654 sent at 1573031014358
11-06 11:03:34.358 26877 26877 D Poster  : Connected to mobile network 20
11-06 11:03:34.360 26877 26911 D Evaluation: 1 res for frame 649 received at 1573031014360
11-06 11:03:34.394 26877 26911 D Evaluation: Frame 655 sent at 1573031014394
11-06 11:03:34.396 26877 26911 D Evaluation: 1 res for frame 650 received at 1573031014396
11-06 11:03:34.428 26877 26911 D Evaluation: Frame 656 sent at 1573031014428
11-06 11:03:34.459 26877 26911 D Evaluation: Frame 657 sent at 1573031014459
11-06 11:03:34.461 26877 26911 D Evaluation: 1 res for frame 651 received at 1573031014461
11-06 11:03:34.513 26877 26911 D Evaluation: Frame 658 sent at 1573031014513
11-06 11:03:34.515 26877 26911 D Evaluation: 1 res for frame 652 received at 1573031014515
11-06 11:03:34.546 26877 26911 D Evaluation: Frame 659 sent at 1573031014546
11-06 11:03:34.548 26877 26911 D Evaluation: 1 res for frame 653 received at 1573031014548
11-06 11:03:34.576 26877 26911 D Evaluation: Frame 660 sent at 1573031014576
11-06 11:03:34.578 26877 26911 D Evaluation: 1 res for frame 654 received at 1573031014578
11-06 11:03:34.598 26877 26911 D Evaluation: Frame 661 sent at 1573031014598
11-06 11:03:34.599 26877 26911 D Evaluation: 1 res for frame 655 received at 1573031014599
11-06 11:03:34.631 26877 26911 D Evaluation: Frame 662 sent at 1573031014631
11-06 11:03:34.632 26877 26911 D Evaluation: 1 res for frame 656 received at 1573031014632
11-06 11:03:34.674 26877 26911 D Evaluation: Frame 664 sent at 1573031014674
11-06 11:03:34.677 26877 26911 D Evaluation: 1 res for frame 657 received at 1573031014677
11-06 11:03:34.693 26877 26911 D Evaluation: Frame 664 sent at 1573031014693
11-06 11:03:34.731 26877 26911 D Evaluation: Frame 665 sent at 1573031014731
11-06 11:03:34.733 26877 26911 D Evaluation: 1 res for frame 658 received at 1573031014733
11-06 11:03:34.754 26877 26911 D Evaluation: Frame 666 sent at 1573031014754
11-06 11:03:34.756 26877 26911 D Evaluation: 1 res for frame 659 received at 1573031014756
11-06 11:03:34.802 26877 26911 D Evaluation: Frame 667 sent at 1573031014802
11-06 11:03:34.804 26877 26911 D Evaluation: 1 res for frame 660 received at 1573031014804
11-06 11:03:34.844 26877 26911 D Evaluation: Frame 668 sent at 1573031014843
11-06 11:03:34.846 26877 26911 D Evaluation: 1 res for frame 661 received at 1573031014846
11-06 11:03:34.870 26877 26911 D Evaluation: Frame 669 sent at 1573031014870
11-06 11:03:34.907 26877 26911 D Evaluation: Frame 670 sent at 1573031014907
11-06 11:03:34.909 26877 26911 D Evaluation: 2 res for frame 662 received at 1573031014909
11-06 11:03:34.987 26877 26911 D Evaluation: Frame 671 sent at 1573031014987
11-06 11:03:34.989 26877 26911 D Evaluation: 1 res for frame 664 received at 1573031014989
11-06 11:03:35.047 26877 26888 E         : [ZeroHung]zrhung_get_config: Get config failed for wp[0x0008]
11-06 11:03:35.048 26877 26911 D Evaluation: Frame 673 sent at 1573031015048
11-06 11:03:35.050 26877 26911 D Evaluation: 1 res for frame 664 received at 1573031015050
11-06 11:03:35.068 26877 26886 W System  : A resource failed to call close. 
11-06 11:03:35.070 26877 26886 I chatty  : uid=10149(symlab.cloudridar.arhud) FinalizerDaemon identical 27 lines
11-06 11:03:35.070 26877 26886 W System  : A resource failed to call close. 
11-06 11:03:35.070 26877 26886 W System  : A resource failed to call close. 
11-06 11:03:35.070 26877 26886 I chatty  : uid=10149(symlab.cloudridar.arhud) FinalizerDaemon identical 1 line
11-06 11:03:35.070 26877 26886 W System  : A resource failed to call close. 
11-06 11:03:35.070 26877 26886 W System  : A resource failed to call close. 
11-06 11:03:35.070 26877 26886 W System  : A resource failed to call close. 
11-06 11:03:35.070 26877 26886 W System  : A resource failed to call close. 
11-06 11:03:35.071 26877 26886 W System  : A resource failed to call close. 
11-06 11:03:35.071 26877 26886 W System  : A resource failed to call close. 
11-06 11:03:35.071 26877 26886 I chatty  : uid=10149(symlab.cloudridar.arhud) FinalizerDaemon identical 5 lines
11-06 11:03:35.071 26877 26886 W System  : A resource failed to call close. 
11-06 11:03:35.071 26877 26886 W System  : A resource failed to call close. 
11-06 11:03:35.071 26877 26886 W System  : A resource failed to call close. 
11-06 11:03:35.071 26877 26886 W System  : A resource failed to call close. 
11-06 11:03:35.077 26877 26911 D Evaluation: Frame 673 sent at 1573031015077
11-06 11:03:35.078 26877 26911 D Evaluation: 1 res for frame 665 received at 1573031015078
11-06 11:03:35.111 26877 26911 D Evaluation: Frame 675 sent at 1573031015111
11-06 11:03:35.113 26877 26911 D Evaluation: 2 res for frame 666 received at 1573031015113
11-06 11:03:35.135 26877 26911 D Evaluation: Frame 675 sent at 1573031015135
11-06 11:03:35.137 26877 26911 D Evaluation: 1 res for frame 667 received at 1573031015137
11-06 11:03:35.180 26877 26911 D Evaluation: Frame 676 sent at 1573031015180
11-06 11:03:35.182 26877 26911 D Evaluation: 1 res for frame 668 received at 1573031015182
