11-06 14:50:12.418 26422 26456 W System.err: 	at android.os.Handler.dispatchMessage(Handler.java:105)
11-06 14:50:12.418 26422 26456 W System.err: 	at android.os.Looper.loop(Looper.java:216)
11-06 14:50:12.418 26422 26456 W System.err: 	at android.os.HandlerThread.run(HandlerThread.java:65)
11-06 14:50:12.440 26422 26456 W System.err: java.net.SocketException: Message too long
11-06 14:50:12.440 26422 26456 W System.err: 	at sun.nio.ch.DatagramChannelImpl.send0(Native Method)
11-06 14:50:12.440 26422 26456 W System.err: 	at sun.nio.ch.DatagramChannelImpl.sendFromNativeBuffer(DatagramChannelImpl.java:573)
11-06 14:50:12.440 26422 26456 W System.err: 	at sun.nio.ch.DatagramChannelImpl.send(DatagramChannelImpl.java:550)
11-06 14:50:12.440 26422 26456 W System.err: 	at sun.nio.ch.DatagramChannelImpl.send(DatagramChannelImpl.java:514)
11-06 14:50:12.440 26422 26456 W System.err: 	at symlab.CloudAR.network.TransmissionTask.run(TransmissionTask.java:124)
11-06 14:50:12.440 26422 26456 W System.err: 	at android.os.Handler.handleCallback(Handler.java:907)
11-06 14:50:12.440 26422 26456 W System.err: 	at android.os.Handler.dispatchMessage(Handler.java:105)
11-06 14:50:12.440 26422 26456 W System.err: 	at android.os.Looper.loop(Looper.java:216)
11-06 14:50:12.441 26422 26456 W System.err: 	at android.os.HandlerThread.run(HandlerThread.java:65)
11-06 14:50:12.475 26422 26456 W System.err: java.net.SocketException: Message too long
11-06 14:50:12.475 26422 26456 W System.err: 	at sun.nio.ch.DatagramChannelImpl.send0(Native Method)
11-06 14:50:12.475 26422 26456 W System.err: 	at sun.nio.ch.DatagramChannelImpl.sendFromNativeBuffer(DatagramChannelImpl.java:573)
11-06 14:50:12.475 26422 26456 W System.err: 	at sun.nio.ch.DatagramChannelImpl.send(DatagramChannelImpl.java:550)
11-06 14:50:12.475 26422 26456 W System.err: 	at sun.nio.ch.DatagramChannelImpl.send(DatagramChannelImpl.java:514)
11-06 14:50:12.475 26422 26456 W System.err: 	at symlab.CloudAR.network.TransmissionTask.run(TransmissionTask.java:124)
11-06 14:50:12.475 26422 26456 W System.err: 	at android.os.Handler.handleCallback(Handler.java:907)
11-06 14:50:12.475 26422 26456 W System.err: 	at android.os.Handler.dispatchMessage(Handler.java:105)
11-06 14:50:12.475 26422 26456 W System.err: 	at android.os.Looper.loop(Looper.java:216)
11-06 14:50:12.475 26422 26456 W System.err: 	at android.os.HandlerThread.run(HandlerThread.java:65)
11-06 14:50:12.513 26422 26456 W System.err: java.net.SocketException: Message too long
11-06 14:50:12.513 26422 26456 W System.err: 	at sun.nio.ch.DatagramChannelImpl.send0(Native Method)
11-06 14:50:12.513 26422 26456 W System.err: 	at sun.nio.ch.DatagramChannelImpl.sendFromNativeBuffer(DatagramChannelImpl.java:573)
11-06 14:50:12.513 26422 26456 W System.err: 	at sun.nio.ch.DatagramChannelImpl.send(DatagramChannelImpl.java:550)
11-06 14:50:12.513 26422 26456 W System.err: 	at sun.nio.ch.DatagramChannelImpl.send(DatagramChannelImpl.java:514)
11-06 14:50:12.514 26422 26456 W System.err: 	at symlab.CloudAR.network.TransmissionTask.run(TransmissionTask.java:124)
11-06 14:50:12.514 26422 26456 W System.err: 	at android.os.Handler.handleCallback(Handler.java:907)
11-06 14:50:12.514 26422 26456 W System.err: 	at android.os.Handler.dispatchMessage(Handler.java:105)
11-06 14:50:12.514 26422 26456 W System.err: 	at android.os.Looper.loop(Looper.java:216)
11-06 14:50:12.514 26422 26456 W System.err: 	at android.os.HandlerThread.run(HandlerThread.java:65)
11-06 14:50:12.554 26422 26456 W System.err: java.net.SocketException: Message too long
11-06 14:50:12.554 26422 26456 W System.err: 	at sun.nio.ch.DatagramChannelImpl.send0(Native Method)
11-06 14:50:12.554 26422 26456 W System.err: 	at sun.nio.ch.DatagramChannelImpl.sendFromNativeBuffer(DatagramChannelImpl.java:573)
11-06 14:50:12.554 26422 26456 W System.err: 	at sun.nio.ch.DatagramChannelImpl.send(DatagramChannelImpl.java:550)
11-06 14:50:12.554 26422 26456 W System.err: 	at sun.nio.ch.DatagramChannelImpl.send(DatagramChannelImpl.java:514)
11-06 14:50:12.554 26422 26456 W System.err: 	at symlab.CloudAR.network.TransmissionTask.run(TransmissionTask.java:124)
11-06 14:50:12.554 26422 26456 W System.err: 	at android.os.Handler.handleCallback(Handler.java:907)
11-06 14:50:12.554 26422 26456 W System.err: 	at android.os.Handler.dispatchMessage(Handler.java:105)
11-06 14:50:12.554 26422 26456 W System.err: 	at android.os.Looper.loop(Looper.java:216)
11-06 14:50:12.554 26422 26456 W System.err: 	at android.os.HandlerThread.run(HandlerThread.java:65)
11-06 14:50:12.588 26422 26456 W System.err: java.net.SocketException: Message too long
11-06 14:50:12.588 26422 26456 W System.err: 	at sun.nio.ch.DatagramChannelImpl.send0(Native Method)
11-06 14:50:12.588 26422 26456 W System.err: 	at sun.nio.ch.DatagramChannelImpl.sendFromNativeBuffer(DatagramChannelImpl.java:573)
11-06 14:50:12.588 26422 26456 W System.err: 	at sun.nio.ch.DatagramChannelImpl.send(DatagramChannelImpl.java:550)
11-06 14:50:12.588 26422 26456 W System.err: 	at sun.nio.ch.DatagramChannelImpl.send(DatagramChannelImpl.java:514)
11-06 14:50:12.588 26422 26456 W System.err: 	at symlab.CloudAR.network.TransmissionTask.run(TransmissionTask.java:124)
11-06 14:50:12.588 26422 26456 W System.err: 	at android.os.Handler.handleCallback(Handler.java:907)
11-06 14:50:12.588 26422 26456 W System.err: 	at android.os.Handler.dispatchMessage(Handler.java:105)
11-06 14:50:12.588 26422 26456 W System.err: 	at android.os.Looper.loop(Looper.java:216)
11-06 14:50:12.588 26422 26456 W System.err: 	at android.os.HandlerThread.run(HandlerThread.java:65)
11-06 14:50:12.615 26422 26456 W System.err: java.net.SocketException: Message too long
11-06 14:50:12.615 26422 26456 W System.err: 	at sun.nio.ch.DatagramChannelImpl.send0(Native Method)
11-06 14:50:12.615 26422 26456 W System.err: 	at sun.nio.ch.DatagramChannelImpl.sendFromNativeBuffer(DatagramChannelImpl.java:573)
11-06 14:50:12.615 26422 26456 W System.err: 	at sun.nio.ch.DatagramChannelImpl.send(DatagramChannelImpl.java:550)
11-06 14:50:12.615 26422 26456 W System.err: 	at sun.nio.ch.DatagramChannelImpl.send(DatagramChannelImpl.java:514)
11-06 14:50:12.615 26422 26456 W System.err: 	at symlab.CloudAR.network.TransmissionTask.run(TransmissionTask.java:124)
11-06 14:50:12.615 26422 26456 W System.err: 	at android.os.Handler.handleCallback(Handler.java:907)
11-06 14:50:12.615 26422 26456 W System.err: 	at android.os.Handler.dispatchMessage(Handler.java:105)
11-06 14:50:12.615 26422 26456 W System.err: 	at android.os.Looper.loop(Looper.java:216)
11-06 14:50:12.615 26422 26456 W System.err: 	at android.os.HandlerThread.run(HandlerThread.java:65)
11-06 14:50:12.657 26422 26456 W System.err: java.net.SocketException: Message too long
11-06 14:50:12.657 26422 26456 W System.err: 	at sun.nio.ch.DatagramChannelImpl.send0(Native Method)
11-06 14:50:12.657 26422 26456 W System.err: 	at sun.nio.ch.DatagramChannelImpl.sendFromNativeBuffer(DatagramChannelImpl.java:573)
11-06 14:50:12.657 26422 26456 W System.err: 	at sun.nio.ch.DatagramChannelImpl.send(DatagramChannelImpl.java:550)
11-06 14:50:12.657 26422 26456 W System.err: 	at sun.nio.ch.DatagramChannelImpl.send(DatagramChannelImpl.java:514)
11-06 14:50:12.657 26422 26456 W System.err: 	at symlab.CloudAR.network.TransmissionTask.run(TransmissionTask.java:124)
11-06 14:50:12.657 26422 26456 W System.err: 	at android.os.Handler.handleCallback(Handler.java:907)
11-06 14:50:12.657 26422 26456 W System.err: 	at android.os.Handler.dispatchMessage(Handler.java:105)
11-06 14:50:12.657 26422 26456 W System.err: 	at android.os.Looper.loop(Looper.java:216)
11-06 14:50:12.657 26422 26456 W System.err: 	at android.os.HandlerThread.run(HandlerThread.java:65)
11-06 14:50:12.690 26422 26456 W System.err: java.net.SocketException: Message too long
11-06 14:50:12.690 26422 26456 W System.err: 	at sun.nio.ch.DatagramChannelImpl.send0(Native Method)
11-06 14:50:12.690 26422 26456 W System.err: 	at sun.nio.ch.DatagramChannelImpl.sendFromNativeBuffer(DatagramChannelImpl.java:573)
11-06 14:50:12.690 26422 26456 W System.err: 	at sun.nio.ch.DatagramChannelImpl.send(DatagramChannelImpl.java:550)
11-06 14:50:12.690 26422 26456 W System.err: 	at sun.nio.ch.DatagramChannelImpl.send(DatagramChannelImpl.java:514)
11-06 14:50:12.690 26422 26456 W System.err: 	at symlab.CloudAR.network.TransmissionTask.run(TransmissionTask.java:124)
11-06 14:50:12.690 26422 26456 W System.err: 	at android.os.Handler.handleCallback(Handler.java:907)
11-06 14:50:12.690 26422 26456 W System.err: 	at android.os.Handler.dispatchMessage(Handler.java:105)
11-06 14:50:12.690 26422 26456 W System.err: 	at android.os.Looper.loop(Looper.java:216)
11-06 14:50:12.690 26422 26456 W System.err: 	at android.os.HandlerThread.run(HandlerThread.java:65)
11-06 14:50:12.719 26422 26456 W System.err: java.net.SocketException: Message too long
11-06 14:50:12.719 26422 26456 W System.err: 	at sun.nio.ch.DatagramChannelImpl.send0(Native Method)
11-06 14:50:12.719 26422 26456 W System.err: 	at sun.nio.ch.DatagramChannelImpl.sendFromNativeBuffer(DatagramChannelImpl.java:573)
11-06 14:50:12.719 26422 26456 W System.err: 	at sun.nio.ch.DatagramChannelImpl.send(DatagramChannelImpl.java:550)
11-06 14:50:12.719 26422 26456 W System.err: 	at sun.nio.ch.DatagramChannelImpl.send(DatagramChannelImpl.java:514)
11-06 14:50:12.719 26422 26456 W System.err: 	at symlab.CloudAR.network.TransmissionTask.run(TransmissionTask.java:124)
11-06 14:50:12.719 26422 26456 W System.err: 	at android.os.Handler.handleCallback(Handler.java:907)
11-06 14:50:12.719 26422 26456 W System.err: 	at android.os.Handler.dispatchMessage(Handler.java:105)
11-06 14:50:12.719 26422 26456 W System.err: 	at android.os.Looper.loop(Looper.java:216)
11-06 14:50:12.719 26422 26456 W System.err: 	at android.os.HandlerThread.run(HandlerThread.java:65)
11-06 14:50:12.746 26422 26456 D Evaluation: Frame 106 sent at 1573044612746
11-06 14:50:12.790 26422 26456 D Evaluation: Frame 107 sent at 1573044612790
11-06 14:50:12.818 26422 26456 W System.err: java.net.SocketException: Message too long
11-06 14:50:12.818 26422 26456 W System.err: 	at sun.nio.ch.DatagramChannelImpl.send0(Native Method)
11-06 14:50:12.818 26422 26456 W System.err: 	at sun.nio.ch.DatagramChannelImpl.sendFromNativeBuffer(DatagramChannelImpl.java:573)
11-06 14:50:12.818 26422 26456 W System.err: 	at sun.nio.ch.DatagramChannelImpl.send(DatagramChannelImpl.java:550)
11-06 14:50:12.818 26422 26456 W System.err: 	at sun.nio.ch.DatagramChannelImpl.send(DatagramChannelImpl.java:514)
11-06 14:50:12.818 26422 26456 W System.err: 	at symlab.CloudAR.network.TransmissionTask.run(TransmissionTask.java:124)
11-06 14:50:12.818 26422 26456 W System.err: 	at android.os.Handler.handleCallback(Handler.java:907)
11-06 14:50:12.818 26422 26456 W System.err: 	at android.os.Handler.dispatchMessage(Handler.java:105)
11-06 14:50:12.818 26422 26456 W System.err: 	at android.os.Looper.loop(Looper.java:216)
11-06 14:50:12.818 26422 26456 W System.err: 	at android.os.HandlerThread.run(HandlerThread.java:65)
11-06 14:50:12.851 26422 26456 D Evaluation: Frame 109 sent at 1573044612851
11-06 14:50:12.876 26422 26456 W System.err: java.net.SocketException: Message too long
11-06 14:50:12.877 26422 26456 W System.err: 	at sun.nio.ch.DatagramChannelImpl.send0(Native Method)
11-06 14:50:12.877 26422 26456 W System.err: 	at sun.nio.ch.DatagramChannelImpl.sendFromNativeBuffer(DatagramChannelImpl.java:573)
11-06 14:50:12.877 26422 26456 W System.err: 	at sun.nio.ch.DatagramChannelImpl.send(DatagramChannelImpl.java:550)
11-06 14:50:12.877 26422 26456 W System.err: 	at sun.nio.ch.DatagramChannelImpl.send(DatagramChannelImpl.java:514)
11-06 14:50:12.877 26422 26456 W System.err: 	at symlab.CloudAR.network.TransmissionTask.run(TransmissionTask.java:124)
11-06 14:50:12.877 26422 26456 W System.err: 	at android.os.Handler.handleCallback(Handler.java:907)
11-06 14:50:12.877 26422 26456 W System.err: 	at android.os.Handler.dispatchMessage(Handler.java:105)
11-06 14:50:12.877 26422 26456 W System.err: 	at android.os.Looper.loop(Looper.java:216)
11-06 14:50:12.877 26422 26456 W System.err: 	at android.os.HandlerThread.run(HandlerThread.java:65)
11-06 14:50:12.932 26422 26456 W System.err: java.net.SocketException: Message too long
11-06 14:50:12.932 26422 26456 W System.err: 	at sun.nio.ch.DatagramChannelImpl.send0(Native Method)
11-06 14:50:12.932 26422 26456 W System.err: 	at sun.nio.ch.DatagramChannelImpl.sendFromNativeBuffer(DatagramChannelImpl.java:573)
11-06 14:50:12.932 26422 26456 W System.err: 	at sun.nio.ch.DatagramChannelImpl.send(DatagramChannelImpl.java:550)
11-06 14:50:12.932 26422 26456 W System.err: 	at sun.nio.ch.DatagramChannelImpl.send(DatagramChannelImpl.java:514)
11-06 14:50:12.932 26422 26456 W System.err: 	at symlab.CloudAR.network.TransmissionTask.run(TransmissionTask.java:124)
11-06 14:50:12.932 26422 26456 W System.err: 	at android.os.Handler.handleCallback(Handler.java:907)
11-06 14:50:12.932 26422 26456 W System.err: 	at android.os.Handler.dispatchMessage(Handler.java:105)
11-06 14:50:12.932 26422 26456 W System.err: 	at android.os.Looper.loop(Looper.java:216)
11-06 14:50:12.932 26422 26456 W System.err: 	at android.os.HandlerThread.run(HandlerThread.java:65)
11-06 14:50:12.957 26422 26456 W System.err: java.net.SocketException: Message too long
11-06 14:50:12.957 26422 26456 W System.err: 	at sun.nio.ch.DatagramChannelImpl.send0(Native Method)
11-06 14:50:12.957 26422 26456 W System.err: 	at sun.nio.ch.DatagramChannelImpl.sendFromNativeBuffer(DatagramChannelImpl.java:573)
11-06 14:50:12.957 26422 26456 W System.err: 	at sun.nio.ch.DatagramChannelImpl.send(DatagramChannelImpl.java:550)
11-06 14:50:12.957 26422 26456 W System.err: 	at sun.nio.ch.DatagramChannelImpl.send(DatagramChannelImpl.java:514)
11-06 14:50:12.958 26422 26456 W System.err: 	at symlab.CloudAR.network.TransmissionTask.run(TransmissionTask.java:124)
11-06 14:50:12.958 26422 26456 W System.err: 	at android.os.Handler.handleCallback(Handler.java:907)
11-06 14:50:12.958 26422 26456 W System.err: 	at android.os.Handler.dispatchMessage(Handler.java:105)
11-06 14:50:12.958 26422 26456 W System.err: 	at android.os.Looper.loop(Looper.java:216)
11-06 14:50:12.958 26422 26456 W System.err: 	at android.os.HandlerThread.run(HandlerThread.java:65)
11-06 14:50:12.985 26422 26456 W System.err: java.net.SocketException: Message too long
11-06 14:50:12.985 26422 26456 W System.err: 	at sun.nio.ch.DatagramChannelImpl.send0(Native Method)
11-06 14:50:12.985 26422 26456 W System.err: 	at sun.nio.ch.DatagramChannelImpl.sendFromNativeBuffer(DatagramChannelImpl.java:573)
11-06 14:50:12.985 26422 26456 W System.err: 	at sun.nio.ch.DatagramChannelImpl.send(DatagramChannelImpl.java:550)
11-06 14:50:12.985 26422 26456 W System.err: 	at sun.nio.ch.DatagramChannelImpl.send(DatagramChannelImpl.java:514)
11-06 14:50:12.985 26422 26456 W System.err: 	at symlab.CloudAR.network.TransmissionTask.run(TransmissionTask.java:124)
11-06 14:50:12.985 26422 26456 W System.err: 	at android.os.Handler.handleCallback(Handler.java:907)
11-06 14:50:12.985 26422 26456 W System.err: 	at android.os.Handler.dispatchMessage(Handler.java:105)
11-06 14:50:12.985 26422 26456 W System.err: 	at android.os.Looper.loop(Looper.java:216)
11-06 14:50:12.985 26422 26456 W System.err: 	at android.os.HandlerThread.run(HandlerThread.java:65)
11-06 14:50:13.024 26422 26456 W System.err: java.net.SocketException: Message too long
11-06 14:50:13.024 26422 26456 W System.err: 	at sun.nio.ch.DatagramChannelImpl.send0(Native Method)
11-06 14:50:13.024 26422 26456 W System.err: 	at sun.nio.ch.DatagramChannelImpl.sendFromNativeBuffer(DatagramChannelImpl.java:573)
11-06 14:50:13.024 26422 26456 W System.err: 	at sun.nio.ch.DatagramChannelImpl.send(DatagramChannelImpl.java:550)
11-06 14:50:13.024 26422 26456 W System.err: 	at sun.nio.ch.DatagramChannelImpl.send(DatagramChannelImpl.java:514)
11-06 14:50:13.024 26422 26456 W System.err: 	at symlab.CloudAR.network.TransmissionTask.run(TransmissionTask.java:124)
11-06 14:50:13.024 26422 26456 W System.err: 	at android.os.Handler.handleCallback(Handler.java:907)
11-06 14:50:13.024 26422 26456 W System.err: 	at android.os.Handler.dispatchMessage(Handler.java:105)
11-06 14:50:13.024 26422 26456 W System.err: 	at android.os.Looper.loop(Looper.java:216)
11-06 14:50:13.024 26422 26456 W System.err: 	at android.os.HandlerThread.run(HandlerThread.java:65)
11-06 14:50:13.065 26422 26456 W System.err: java.net.SocketException: Message too long
11-06 14:50:13.065 26422 26456 W System.err: 	at sun.nio.ch.DatagramChannelImpl.send0(Native Method)
11-06 14:50:13.066 26422 26456 W System.err: 	at sun.nio.ch.DatagramChannelImpl.sendFromNativeBuffer(DatagramChannelImpl.java:573)
11-06 14:50:13.066 26422 26456 W System.err: 	at sun.nio.ch.DatagramChannelImpl.send(DatagramChannelImpl.java:550)
11-06 14:50:13.066 26422 26456 W System.err: 	at sun.nio.ch.DatagramChannelImpl.send(DatagramChannelImpl.java:514)
11-06 14:50:13.066 26422 26456 W System.err: 	at symlab.CloudAR.network.TransmissionTask.run(TransmissionTask.java:124)
11-06 14:50:13.066 26422 26456 W System.err: 	at android.os.Handler.handleCallback(Handler.java:907)
11-06 14:50:13.066 26422 26456 W System.err: 	at android.os.Handler.dispatchMessage(Handler.java:105)
11-06 14:50:13.066 26422 26456 W System.err: 	at android.os.Looper.loop(Looper.java:216)
11-06 14:50:13.066 26422 26456 W System.err: 	at android.os.HandlerThread.run(HandlerThread.java:65)
11-06 14:50:13.096 26422 26456 W System.err: java.net.SocketException: Message too long
11-06 14:50:13.096 26422 26456 W System.err: 	at sun.nio.ch.DatagramChannelImpl.send0(Native Method)
11-06 14:50:13.096 26422 26456 W System.err: 	at sun.nio.ch.DatagramChannelImpl.sendFromNativeBuffer(DatagramChannelImpl.java:573)
11-06 14:50:13.096 26422 26456 W System.err: 	at sun.nio.ch.DatagramChannelImpl.send(DatagramChannelImpl.java:550)
11-06 14:50:13.096 26422 26456 W System.err: 	at sun.nio.ch.DatagramChannelImpl.send(DatagramChannelImpl.java:514)
11-06 14:50:13.096 26422 26456 W System.err: 	at symlab.CloudAR.network.TransmissionTask.run(TransmissionTask.java:124)
11-06 14:50:13.096 26422 26456 W System.err: 	at android.os.Handler.handleCallback(Handler.java:907)
11-06 14:50:13.096 26422 26456 W System.err: 	at android.os.Handler.dispatchMessage(Handler.java:105)
11-06 14:50:13.096 26422 26456 W System.err: 	at android.os.Looper.loop(Looper.java:216)
11-06 14:50:13.096 26422 26456 W System.err: 	at android.os.HandlerThread.run(HandlerThread.java:65)
11-06 14:50:13.105 26422 26422 D Poster  : At 1573044613104 location is 65.05969362383323 (latitude), and 25.467038395367737 (longitude)
11-06 14:50:13.107 26422 26422 D Poster  : Connected to mobile network 20
11-06 14:50:13.119 26422 26456 W System.err: java.net.SocketException: Message too long
11-06 14:50:13.119 26422 26456 W System.err: 	at sun.nio.ch.DatagramChannelImpl.send0(Native Method)
11-06 14:50:13.119 26422 26456 W System.err: 	at sun.nio.ch.DatagramChannelImpl.sendFromNativeBuffer(DatagramChannelImpl.java:573)
11-06 14:50:13.119 26422 26456 W System.err: 	at sun.nio.ch.DatagramChannelImpl.send(DatagramChannelImpl.java:550)
11-06 14:50:13.119 26422 26456 W System.err: 	at sun.nio.ch.DatagramChannelImpl.send(DatagramChannelImpl.java:514)
11-06 14:50:13.119 26422 26456 W System.err: 	at symlab.CloudAR.network.TransmissionTask.run(TransmissionTask.java:124)
11-06 14:50:13.119 26422 26456 W System.err: 	at android.os.Handler.handleCallback(Handler.java:907)
11-06 14:50:13.119 26422 26456 W System.err: 	at android.os.Handler.dispatchMessage(Handler.java:105)
11-06 14:50:13.119 26422 26456 W System.err: 	at android.os.Looper.loop(Looper.java:216)
11-06 14:50:13.119 26422 26456 W System.err: 	at android.os.HandlerThread.run(HandlerThread.java:65)
11-06 14:50:13.153 26422 26456 W System.err: java.net.SocketException: Message too long
11-06 14:50:13.153 26422 26456 W System.err: 	at sun.nio.ch.DatagramChannelImpl.send0(Native Method)
11-06 14:50:13.153 26422 26456 W System.err: 	at sun.nio.ch.DatagramChannelImpl.sendFromNativeBuffer(DatagramChannelImpl.java:573)
11-06 14:50:13.153 26422 26456 W System.err: 	at sun.nio.ch.DatagramChannelImpl.send(DatagramChannelImpl.java:550)
11-06 14:50:13.153 26422 26456 W System.err: 	at sun.nio.ch.DatagramChannelImpl.send(DatagramChannelImpl.java:514)
11-06 14:50:13.153 26422 26456 W System.err: 	at symlab.CloudAR.network.TransmissionTask.run(TransmissionTask.java:124)
11-06 14:50:13.153 26422 26456 W System.err: 	at android.os.Handler.handleCallback(Handler.java:907)
11-06 14:50:13.153 26422 26456 W System.err: 	at android.os.Handler.dispatchMessage(Handler.java:105)
11-06 14:50:13.153 26422 26456 W System.err: 	at android.os.Looper.loop(Looper.java:216)
11-06 14:50:13.153 26422 26456 W System.err: 	at android.os.HandlerThread.run(HandlerThread.java:65)
11-06 14:50:13.182 26422 26433 E         : [ZeroHung]zrhung_get_config: Get config failed for wp[0x0008]
11-06 14:50:13.182 26422 26456 D Evaluation: Frame 119 sent at 1573044613182
11-06 14:50:13.274 26422 26456 D Evaluation: Frame 121 sent at 1573044613274
11-06 14:50:13.301 26422 26456 W System.err: java.net.SocketException: Message too long
11-06 14:50:13.301 26422 26456 W System.err: 	at sun.nio.ch.DatagramChannelImpl.send0(Native Method)
11-06 14:50:13.301 26422 26456 W System.err: 	at sun.nio.ch.DatagramChannelImpl.sendFromNativeBuffer(DatagramChannelImpl.java:573)
11-06 14:50:13.301 26422 26456 W System.err: 	at sun.nio.ch.DatagramChannelImpl.send(DatagramChannelImpl.java:550)
11-06 14:50:13.301 26422 26456 W System.err: 	at sun.nio.ch.DatagramChannelImpl.send(DatagramChannelImpl.java:514)
11-06 14:50:13.301 26422 26456 W System.err: 	at symlab.CloudAR.network.TransmissionTask.run(TransmissionTask.java:124)
11-06 14:50:13.301 26422 26456 W System.err: 	at android.os.Handler.handleCallback(Handler.java:907)
11-06 14:50:13.301 26422 26456 W System.err: 	at android.os.Handler.dispatchMessage(Handler.java:105)
11-06 14:50:13.301 26422 26456 W System.err: 	at android.os.Looper.loop(Looper.java:216)
11-06 14:50:13.301 26422 26456 W System.err: 	at android.os.HandlerThread.run(HandlerThread.java:65)
11-06 14:50:13.326 26422 26456 W System.err: java.net.SocketException: Message too long
11-06 14:50:13.327 26422 26456 W System.err: 	at sun.nio.ch.DatagramChannelImpl.send0(Native Method)
11-06 14:50:13.327 26422 26456 W System.err: 	at sun.nio.ch.DatagramChannelImpl.sendFromNativeBuffer(DatagramChannelImpl.java:573)
11-06 14:50:13.327 26422 26456 W System.err: 	at sun.nio.ch.DatagramChannelImpl.send(DatagramChannelImpl.java:550)
11-06 14:50:13.327 26422 26456 W System.err: 	at sun.nio.ch.DatagramChannelImpl.send(DatagramChannelImpl.java:514)
11-06 14:50:13.327 26422 26456 W System.err: 	at symlab.CloudAR.network.TransmissionTask.run(TransmissionTask.java:124)
11-06 14:50:13.327 26422 26456 W System.err: 	at android.os.Handler.handleCallback(Handler.java:907)
11-06 14:50:13.327 26422 26456 W System.err: 	at android.os.Handler.dispatchMessage(Handler.java:105)
11-06 14:50:13.327 26422 26456 W System.err: 	at android.os.Looper.loop(Looper.java:216)
11-06 14:50:13.327 26422 26456 W System.err: 	at android.os.HandlerThread.run(HandlerThread.java:65)
11-06 14:50:13.359 26422 26456 W System.err: java.net.SocketException: Message too long
11-06 14:50:13.359 26422 26456 W System.err: 	at sun.nio.ch.DatagramChannelImpl.send0(Native Method)
11-06 14:50:13.359 26422 26456 W System.err: 	at sun.nio.ch.DatagramChannelImpl.sendFromNativeBuffer(DatagramChannelImpl.java:573)
11-06 14:50:13.359 26422 26456 W System.err: 	at sun.nio.ch.DatagramChannelImpl.send(DatagramChannelImpl.java:550)
11-06 14:50:13.359 26422 26456 W System.err: 	at sun.nio.ch.DatagramChannelImpl.send(DatagramChannelImpl.java:514)
11-06 14:50:13.359 26422 26456 W System.err: 	at symlab.CloudAR.network.TransmissionTask.run(TransmissionTask.java:124)
11-06 14:50:13.359 26422 26456 W System.err: 	at android.os.Handler.handleCallback(Handler.java:907)
11-06 14:50:13.359 26422 26456 W System.err: 	at android.os.Handler.dispatchMessage(Handler.java:105)
11-06 14:50:13.359 26422 26456 W System.err: 	at android.os.Looper.loop(Looper.java:216)
11-06 14:50:13.359 26422 26456 W System.err: 	at android.os.HandlerThread.run(HandlerThread.java:65)
11-06 14:50:13.398 26422 26456 W System.err: java.net.SocketException: Message too long
11-06 14:50:13.398 26422 26456 W System.err: 	at sun.nio.ch.DatagramChannelImpl.send0(Native Method)
11-06 14:50:13.398 26422 26456 W System.err: 	at sun.nio.ch.DatagramChannelImpl.sendFromNativeBuffer(DatagramChannelImpl.java:573)
11-06 14:50:13.398 26422 26456 W System.err: 	at sun.nio.ch.DatagramChannelImpl.send(DatagramChannelImpl.java:550)
11-06 14:50:13.398 26422 26456 W System.err: 	at sun.nio.ch.DatagramChannelImpl.send(DatagramChannelImpl.java:514)
11-06 14:50:13.398 26422 26456 W System.err: 	at symlab.CloudAR.network.TransmissionTask.run(TransmissionTask.java:124)
11-06 14:50:13.398 26422 26456 W System.err: 	at android.os.Handler.handleCallback(Handler.java:907)
11-06 14:50:13.398 26422 26456 W System.err: 	at android.os.Handler.dispatchMessage(Handler.java:105)
11-06 14:50:13.398 26422 26456 W System.err: 	at android.os.Looper.loop(Looper.java:216)
11-06 14:50:13.398 26422 26456 W System.err: 	at android.os.HandlerThread.run(HandlerThread.java:65)
11-06 14:50:13.430 26422 26456 W System.err: java.net.SocketException: Message too long
11-06 14:50:13.430 26422 26456 W System.err: 	at sun.nio.ch.DatagramChannelImpl.send0(Native Method)
11-06 14:50:13.430 26422 26456 W System.err: 	at sun.nio.ch.DatagramChannelImpl.sendFromNativeBuffer(DatagramChannelImpl.java:573)
11-06 14:50:13.430 26422 26456 W System.err: 	at sun.nio.ch.DatagramChannelImpl.send(DatagramChannelImpl.java:550)
11-06 14:50:13.430 26422 26456 W System.err: 	at sun.nio.ch.DatagramChannelImpl.send(DatagramChannelImpl.java:514)
11-06 14:50:13.430 26422 26456 W System.err: 	at symlab.CloudAR.network.TransmissionTask.run(TransmissionTask.java:124)
11-06 14:50:13.430 26422 26456 W System.err: 	at android.os.Handler.handleCallback(Handler.java:907)
11-06 14:50:13.430 26422 26456 W System.err: 	at android.os.Handler.dispatchMessage(Handler.java:105)
11-06 14:50:13.430 26422 26456 W System.err: 	at android.os.Looper.loop(Looper.java:216)
11-06 14:50:13.430 26422 26456 W System.err: 	at android.os.HandlerThread.run(HandlerThread.java:65)
11-06 14:50:13.457 26422 26456 W System.err: java.net.SocketException: Message too long
11-06 14:50:13.457 26422 26456 W System.err: 	at sun.nio.ch.DatagramChannelImpl.send0(Native Method)
11-06 14:50:13.457 26422 26456 W System.err: 	at sun.nio.ch.DatagramChannelImpl.sendFromNativeBuffer(DatagramChannelImpl.java:573)
11-06 14:50:13.457 26422 26456 W System.err: 	at sun.nio.ch.DatagramChannelImpl.send(DatagramChannelImpl.java:550)
11-06 14:50:13.457 26422 26456 W System.err: 	at sun.nio.ch.DatagramChannelImpl.send(DatagramChannelImpl.java:514)
11-06 14:50:13.457 26422 26456 W System.err: 	at symlab.CloudAR.network.TransmissionTask.run(TransmissionTask.java:124)
11-06 14:50:13.457 26422 26456 W System.err: 	at android.os.Handler.handleCallback(Handler.java:907)
11-06 14:50:13.457 26422 26456 W System.err: 	at android.os.Handler.dispatchMessage(Handler.java:105)
11-06 14:50:13.457 26422 26456 W System.err: 	at android.os.Looper.loop(Looper.java:216)
11-06 14:50:13.457 26422 26456 W System.err: 	at android.os.HandlerThread.run(HandlerThread.java:65)
11-06 14:50:13.495 26422 26456 W System.err: java.net.SocketException: Message too long
11-06 14:50:13.495 26422 26456 W System.err: 	at sun.nio.ch.DatagramChannelImpl.send0(Native Method)
11-06 14:50:13.495 26422 26456 W System.err: 	at sun.nio.ch.DatagramChannelImpl.sendFromNativeBuffer(DatagramChannelImpl.java:573)
11-06 14:50:13.495 26422 26456 W System.err: 	at sun.nio.ch.DatagramChannelImpl.send(DatagramChannelImpl.java:550)
11-06 14:50:13.495 26422 26456 W System.err: 	at sun.nio.ch.DatagramChannelImpl.send(DatagramChannelImpl.java:514)
11-06 14:50:13.495 26422 26456 W System.err: 	at symlab.CloudAR.network.TransmissionTask.run(TransmissionTask.java:124)
11-06 14:50:13.495 26422 26456 W System.err: 	at android.os.Handler.handleCallback(Handler.java:907)
11-06 14:50:13.495 26422 26456 W System.err: 	at android.os.Handler.dispatchMessage(Handler.java:105)
11-06 14:50:13.495 26422 26456 W System.err: 	at android.os.Looper.loop(Looper.java:216)
11-06 14:50:13.495 26422 26456 W System.err: 	at android.os.HandlerThread.run(HandlerThread.java:65)
11-06 14:50:13.522 26422 26456 W System.err: java.net.SocketException: Message too long
11-06 14:50:13.522 26422 26456 W System.err: 	at sun.nio.ch.DatagramChannelImpl.send0(Native Method)
11-06 14:50:13.522 26422 26456 W System.err: 	at sun.nio.ch.DatagramChannelImpl.sendFromNativeBuffer(DatagramChannelImpl.java:573)
11-06 14:50:13.522 26422 26456 W System.err: 	at sun.nio.ch.DatagramChannelImpl.send(DatagramChannelImpl.java:550)
11-06 14:50:13.522 26422 26456 W System.err: 	at sun.nio.ch.DatagramChannelImpl.send(DatagramChannelImpl.java:514)
11-06 14:50:13.522 26422 26456 W System.err: 	at symlab.CloudAR.network.TransmissionTask.run(TransmissionTask.java:124)
11-06 14:50:13.522 26422 26456 W System.err: 	at android.os.Handler.handleCallback(Handler.java:907)
11-06 14:50:13.522 26422 26456 W System.err: 	at android.os.Handler.dispatchMessage(Handler.java:105)
11-06 14:50:13.522 26422 26456 W System.err: 	at android.os.Looper.loop(Looper.java:216)
11-06 14:50:13.522 26422 26456 W System.err: 	at android.os.HandlerThread.run(HandlerThread.java:65)
11-06 14:50:13.584 26422 26422 I AwareBitmapCacher: init lrucache size: 2097152 pid=26422
11-06 14:50:13.590 26422 26456 W System.err: java.net.SocketException: Message too long
11-06 14:50:13.590 26422 26456 W System.err: 	at sun.nio.ch.DatagramChannelImpl.send0(Native Method)
11-06 14:50:13.590 26422 26456 W System.err: 	at sun.nio.ch.DatagramChannelImpl.sendFromNativeBuffer(DatagramChannelImpl.java:573)
11-06 14:50:13.590 26422 26456 W System.err: 	at sun.nio.ch.DatagramChannelImpl.send(DatagramChannelImpl.java:550)
11-06 14:50:13.590 26422 26456 W System.err: 	at sun.nio.ch.DatagramChannelImpl.send(DatagramChannelImpl.java:514)
11-06 14:50:13.590 26422 26456 W System.err: 	at symlab.CloudAR.network.TransmissionTask.run(TransmissionTask.java:124)
11-06 14:50:13.590 26422 26456 W System.err: 	at android.os.Handler.handleCallback(Handler.java:907)
11-06 14:50:13.590 26422 26456 W System.err: 	at android.os.Handler.dispatchMessage(Handler.java:105)
11-06 14:50:13.590 26422 26456 W System.err: 	at android.os.Looper.loop(Looper.java:216)
11-06 14:50:13.590 26422 26456 W System.err: 	at android.os.HandlerThread.run(HandlerThread.java:65)
11-06 14:50:13.627 26422 26456 D Evaluation: Frame 130 sent at 1573044613627
11-06 14:50:13.664 26422 26456 D Evaluation: Frame 131 sent at 1573044613664
11-06 14:50:13.692 26422 26456 W System.err: java.net.SocketException: Message too long
11-06 14:50:13.692 26422 26456 W System.err: 	at sun.nio.ch.DatagramChannelImpl.send0(Native Method)
11-06 14:50:13.692 26422 26456 W System.err: 	at sun.nio.ch.DatagramChannelImpl.sendFromNativeBuffer(DatagramChannelImpl.java:573)
11-06 14:50:13.692 26422 26456 W System.err: 	at sun.nio.ch.DatagramChannelImpl.send(DatagramChannelImpl.java:550)
11-06 14:50:13.692 26422 26456 W System.err: 	at sun.nio.ch.DatagramChannelImpl.send(DatagramChannelImpl.java:514)
11-06 14:50:13.693 26422 26456 W System.err: 	at symlab.CloudAR.network.TransmissionTask.run(TransmissionTask.java:124)
11-06 14:50:13.693 26422 26456 W System.err: 	at android.os.Handler.handleCallback(Handler.java:907)
11-06 14:50:13.693 26422 26456 W System.err: 	at android.os.Handler.dispatchMessage(Handler.java:105)
11-06 14:50:13.693 26422 26456 W System.err: 	at android.os.Looper.loop(Looper.java:216)
11-06 14:50:13.693 26422 26456 W System.err: 	at android.os.HandlerThread.run(HandlerThread.java:65)
11-06 14:50:13.724 26422 26456 D Evaluation: Frame 133 sent at 1573044613724
11-06 14:50:13.752 26422 26456 D Evaluation: Frame 134 sent at 1573044613752
11-06 14:50:13.780 26422 26456 W System.err: java.net.SocketException: Message too long
11-06 14:50:13.780 26422 26456 W System.err: 	at sun.nio.ch.DatagramChannelImpl.send0(Native Method)
11-06 14:50:13.780 26422 26456 W System.err: 	at sun.nio.ch.DatagramChannelImpl.sendFromNativeBuffer(DatagramChannelImpl.java:573)
11-06 14:50:13.780 26422 26456 W System.err: 	at sun.nio.ch.DatagramChannelImpl.send(DatagramChannelImpl.java:550)
11-06 14:50:13.781 26422 26456 W System.err: 	at sun.nio.ch.DatagramChannelImpl.send(DatagramChannelImpl.java:514)
11-06 14:50:13.781 26422 26456 W System.err: 	at symlab.CloudAR.network.TransmissionTask.run(TransmissionTask.java:124)
11-06 14:50:13.781 26422 26456 W System.err: 	at android.os.Handler.handleCallback(Handler.java:907)
11-06 14:50:13.781 26422 26456 W System.err: 	at android.os.Handler.dispatchMessage(Handler.java:105)
11-06 14:50:13.781 26422 26456 W System.err: 	at android.os.Looper.loop(Looper.java:216)
11-06 14:50:13.781 26422 26456 W System.err: 	at android.os.HandlerThread.run(HandlerThread.java:65)
11-06 14:50:13.820 26422 26456 W System.err: java.net.SocketException: Message too long
11-06 14:50:13.820 26422 26456 W System.err: 	at sun.nio.ch.DatagramChannelImpl.send0(Native Method)
11-06 14:50:13.820 26422 26456 W System.err: 	at sun.nio.ch.DatagramChannelImpl.sendFromNativeBuffer(DatagramChannelImpl.java:573)
11-06 14:50:13.820 26422 26456 W System.err: 	at sun.nio.ch.DatagramChannelImpl.send(DatagramChannelImpl.java:550)
11-06 14:50:13.820 26422 26456 W System.err: 	at sun.nio.ch.DatagramChannelImpl.send(DatagramChannelImpl.java:514)
11-06 14:50:13.820 26422 26456 W System.err: 	at symlab.CloudAR.network.TransmissionTask.run(TransmissionTask.java:124)
11-06 14:50:13.820 26422 26456 W System.err: 	at android.os.Handler.handleCallback(Handler.java:907)
11-06 14:50:13.820 26422 26456 W System.err: 	at android.os.Handler.dispatchMessage(Handler.java:105)
11-06 14:50:13.820 26422 26456 W System.err: 	at android.os.Looper.loop(Looper.java:216)
11-06 14:50:13.820 26422 26456 W System.err: 	at android.os.HandlerThread.run(HandlerThread.java:65)
11-06 14:50:13.861 26422 26456 W System.err: java.net.SocketException: Message too long
11-06 14:50:13.861 26422 26456 W System.err: 	at sun.nio.ch.DatagramChannelImpl.send0(Native Method)
11-06 14:50:13.862 26422 26456 W System.err: 	at sun.nio.ch.DatagramChannelImpl.sendFromNativeBuffer(DatagramChannelImpl.java:573)
11-06 14:50:13.862 26422 26456 W System.err: 	at sun.nio.ch.DatagramChannelImpl.send(DatagramChannelImpl.java:550)
11-06 14:50:13.862 26422 26456 W System.err: 	at sun.nio.ch.DatagramChannelImpl.send(DatagramChannelImpl.java:514)
11-06 14:50:13.862 26422 26456 W System.err: 	at symlab.CloudAR.network.TransmissionTask.run(TransmissionTask.java:124)
11-06 14:50:13.862 26422 26456 W System.err: 	at android.os.Handler.handleCallback(Handler.java:907)
11-06 14:50:13.862 26422 26456 W System.err: 	at android.os.Handler.dispatchMessage(Handler.java:105)
11-06 14:50:13.862 26422 26456 W System.err: 	at android.os.Looper.loop(Looper.java:216)
11-06 14:50:13.862 26422 26456 W System.err: 	at android.os.HandlerThread.run(HandlerThread.java:65)
11-06 14:50:13.895 26422 26422 D stylus  : init stylus touchlistener.
11-06 14:50:13.900 26422 26422 W Settings: Setting device_provisioned has moved from android.provider.Settings.Secure to android.provider.Settings.Global.
11-06 14:50:13.901 26422 26422 V HiTouch_HiTouchSensor: User setup is finished.
11-06 14:50:13.901 26422 26456 W System.err: java.net.SocketException: Message too long
11-06 14:50:13.901 26422 26456 W System.err: 	at sun.nio.ch.DatagramChannelImpl.send0(Native Method)
11-06 14:50:13.901 26422 26456 W System.err: 	at sun.nio.ch.DatagramChannelImpl.sendFromNativeBuffer(DatagramChannelImpl.java:573)
11-06 14:50:13.901 26422 26456 W System.err: 	at sun.nio.ch.DatagramChannelImpl.send(DatagramChannelImpl.java:550)
11-06 14:50:13.901 26422 26456 W System.err: 	at sun.nio.ch.DatagramChannelImpl.send(DatagramChannelImpl.java:514)
11-06 14:50:13.901 26422 26456 W System.err: 	at symlab.CloudAR.network.TransmissionTask.run(TransmissionTask.java:124)
11-06 14:50:13.901 26422 26456 W System.err: 	at android.os.Handler.handleCallback(Handler.java:907)
11-06 14:50:13.901 26422 26456 W System.err: 	at android.os.Handler.dispatchMessage(Handler.java:105)
11-06 14:50:13.901 26422 26456 W System.err: 	at android.os.Looper.loop(Looper.java:216)
11-06 14:50:13.901 26422 26456 W System.err: 	at android.os.HandlerThread.run(HandlerThread.java:65)
11-06 14:50:13.938 26422 26456 W System.err: java.net.SocketException: Message too long
11-06 14:50:13.938 26422 26456 W System.err: 	at sun.nio.ch.DatagramChannelImpl.send0(Native Method)
11-06 14:50:13.938 26422 26456 W System.err: 	at sun.nio.ch.DatagramChannelImpl.sendFromNativeBuffer(DatagramChannelImpl.java:573)
11-06 14:50:13.938 26422 26456 W System.err: 	at sun.nio.ch.DatagramChannelImpl.send(DatagramChannelImpl.java:550)
11-06 14:50:13.938 26422 26456 W System.err: 	at sun.nio.ch.DatagramChannelImpl.send(DatagramChannelImpl.java:514)
11-06 14:50:13.938 26422 26456 W System.err: 	at symlab.CloudAR.network.TransmissionTask.run(TransmissionTask.java:124)
11-06 14:50:13.938 26422 26456 W System.err: 	at android.os.Handler.handleCallback(Handler.java:907)
11-06 14:50:13.938 26422 26456 W System.err: 	at android.os.Handler.dispatchMessage(Handler.java:105)
11-06 14:50:13.938 26422 26456 W System.err: 	at android.os.Looper.loop(Looper.java:216)
11-06 14:50:13.938 26422 26456 W System.err: 	at android.os.HandlerThread.run(HandlerThread.java:65)
11-06 14:50:13.969 26422 26456 W System.err: java.net.SocketException: Message too long
11-06 14:50:13.970 26422 26456 W System.err: 	at sun.nio.ch.DatagramChannelImpl.send0(Native Method)
11-06 14:50:13.970 26422 26456 W System.err: 	at sun.nio.ch.DatagramChannelImpl.sendFromNativeBuffer(DatagramChannelImpl.java:573)
11-06 14:50:13.970 26422 26456 W System.err: 	at sun.nio.ch.DatagramChannelImpl.send(DatagramChannelImpl.java:550)
11-06 14:50:13.970 26422 26456 W System.err: 	at sun.nio.ch.DatagramChannelImpl.send(DatagramChannelImpl.java:514)
11-06 14:50:13.970 26422 26456 W System.err: 	at symlab.CloudAR.network.TransmissionTask.run(TransmissionTask.java:124)
11-06 14:50:13.970 26422 26456 W System.err: 	at android.os.Handler.handleCallback(Handler.java:907)
11-06 14:50:13.970 26422 26456 W System.err: 	at android.os.Handler.dispatchMessage(Handler.java:105)
11-06 14:50:13.970 26422 26456 W System.err: 	at android.os.Looper.loop(Looper.java:216)
11-06 14:50:13.970 26422 26456 W System.err: 	at android.os.HandlerThread.run(HandlerThread.java:65)
11-06 14:50:13.986 26422 26456 D Evaluation: Frame 141 sent at 1573044613986
11-06 14:50:14.018 26422 26456 D Evaluation: Frame 142 sent at 1573044614018
11-06 14:50:14.086 26422 26422 D Poster  : At 1573044614086 location is 65.05969441956717 (latitude), and 25.46704341896681 (longitude)
11-06 14:50:14.087 26422 26422 D Poster  : Connected to mobile network 20
11-06 14:50:14.090 26422 26456 W System.err: java.net.SocketException: Message too long
11-06 14:50:14.090 26422 26456 W System.err: 	at sun.nio.ch.DatagramChannelImpl.send0(Native Method)
11-06 14:50:14.090 26422 26456 W System.err: 	at sun.nio.ch.DatagramChannelImpl.sendFromNativeBuffer(DatagramChannelImpl.java:573)
11-06 14:50:14.090 26422 26456 W System.err: 	at sun.nio.ch.DatagramChannelImpl.send(DatagramChannelImpl.java:550)
11-06 14:50:14.090 26422 26456 W System.err: 	at sun.nio.ch.DatagramChannelImpl.send(DatagramChannelImpl.java:514)
11-06 14:50:14.090 26422 26456 W System.err: 	at symlab.CloudAR.network.TransmissionTask.run(TransmissionTask.java:124)
11-06 14:50:14.090 26422 26456 W System.err: 	at android.os.Handler.handleCallback(Handler.java:907)
11-06 14:50:14.090 26422 26456 W System.err: 	at android.os.Handler.dispatchMessage(Handler.java:105)
11-06 14:50:14.091 26422 26456 W System.err: 	at android.os.Looper.loop(Looper.java:216)
11-06 14:50:14.091 26422 26456 W System.err: 	at android.os.HandlerThread.run(HandlerThread.java:65)
11-06 14:50:14.125 26422 26422 W HiTouch_PressGestureDetector: Touch pointer move a lot. The moving distance of X is:8.0069275, limit is:60The moving distance of Y is:80.0207, limit is:60
11-06 14:50:14.157 26422 26456 D Evaluation: Frame 144 sent at 1573044614157
11-06 14:50:14.229 26422 26456 W System.err: java.net.SocketException: Message too long
11-06 14:50:14.229 26422 26456 W System.err: 	at sun.nio.ch.DatagramChannelImpl.send0(Native Method)
11-06 14:50:14.229 26422 26456 W System.err: 	at sun.nio.ch.DatagramChannelImpl.sendFromNativeBuffer(DatagramChannelImpl.java:573)
11-06 14:50:14.229 26422 26456 W System.err: 	at sun.nio.ch.DatagramChannelImpl.send(DatagramChannelImpl.java:550)
11-06 14:50:14.229 26422 26456 W System.err: 	at sun.nio.ch.DatagramChannelImpl.send(DatagramChannelImpl.java:514)
11-06 14:50:14.229 26422 26456 W System.err: 	at symlab.CloudAR.network.TransmissionTask.run(TransmissionTask.java:124)
11-06 14:50:14.229 26422 26456 W System.err: 	at android.os.Handler.handleCallback(Handler.java:907)
11-06 14:50:14.229 26422 26456 W System.err: 	at android.os.Handler.dispatchMessage(Handler.java:105)
11-06 14:50:14.229 26422 26456 W System.err: 	at android.os.Looper.loop(Looper.java:216)
11-06 14:50:14.229 26422 26456 W System.err: 	at android.os.HandlerThread.run(HandlerThread.java:65)
11-06 14:50:14.253 26422 26433 E         : [ZeroHung]zrhung_get_config: Get config failed for wp[0x0008]
11-06 14:50:14.254 26422 26456 W System.err: java.net.SocketException: Message too long
11-06 14:50:14.254 26422 26456 W System.err: 	at sun.nio.ch.DatagramChannelImpl.send0(Native Method)
11-06 14:50:14.254 26422 26456 W System.err: 	at sun.nio.ch.DatagramChannelImpl.sendFromNativeBuffer(DatagramChannelImpl.java:573)
11-06 14:50:14.254 26422 26456 W System.err: 	at sun.nio.ch.DatagramChannelImpl.send(DatagramChannelImpl.java:550)
11-06 14:50:14.254 26422 26456 W System.err: 	at sun.nio.ch.DatagramChannelImpl.send(DatagramChannelImpl.java:514)
11-06 14:50:14.254 26422 26456 W System.err: 	at symlab.CloudAR.network.TransmissionTask.run(TransmissionTask.java:124)
11-06 14:50:14.254 26422 26456 W System.err: 	at android.os.Handler.handleCallback(Handler.java:907)
11-06 14:50:14.254 26422 26456 W System.err: 	at android.os.Handler.dispatchMessage(Handler.java:105)
11-06 14:50:14.254 26422 26456 W System.err: 	at android.os.Looper.loop(Looper.java:216)
11-06 14:50:14.254 26422 26456 W System.err: 	at android.os.HandlerThread.run(HandlerThread.java:65)
11-06 14:50:14.299 26422 26456 D Evaluation: Frame 147 sent at 1573044614299
11-06 14:50:14.326 26422 26456 W System.err: java.net.SocketException: Message too long
11-06 14:50:14.326 26422 26456 W System.err: 	at sun.nio.ch.DatagramChannelImpl.send0(Native Method)
11-06 14:50:14.326 26422 26456 W System.err: 	at sun.nio.ch.DatagramChannelImpl.sendFromNativeBuffer(DatagramChannelImpl.java:573)
11-06 14:50:14.327 26422 26456 W System.err: 	at sun.nio.ch.DatagramChannelImpl.send(DatagramChannelImpl.java:550)
11-06 14:50:14.327 26422 26456 W System.err: 	at sun.nio.ch.DatagramChannelImpl.send(DatagramChannelImpl.java:514)
11-06 14:50:14.327 26422 26456 W System.err: 	at symlab.CloudAR.network.TransmissionTask.run(TransmissionTask.java:124)
11-06 14:50:14.327 26422 26456 W System.err: 	at android.os.Handler.handleCallback(Handler.java:907)
11-06 14:50:14.327 26422 26456 W System.err: 	at android.os.Handler.dispatchMessage(Handler.java:105)
11-06 14:50:14.327 26422 26456 W System.err: 	at android.os.Looper.loop(Looper.java:216)
11-06 14:50:14.327 26422 26456 W System.err: 	at android.os.HandlerThread.run(HandlerThread.java:65)
11-06 14:50:14.349 26422 26456 D Evaluation: Frame 149 sent at 1573044614349
11-06 14:50:14.385 26422 26456 D Evaluation: Frame 150 sent at 1573044614385
11-06 14:50:14.423 26422 26456 D Evaluation: Frame 151 sent at 1573044614423
11-06 14:50:14.452 26422 26456 D Evaluation: Frame 152 sent at 1573044614452
11-06 14:50:14.488 26422 26456 D Evaluation: Frame 153 sent at 1573044614488
11-06 14:50:14.516 26422 26456 D Evaluation: Frame 154 sent at 1573044614516
11-06 14:50:14.570 26422 26456 D Evaluation: Frame 156 sent at 1573044614570
11-06 14:50:14.587 26422 26456 D Evaluation: Frame 156 sent at 1573044614587
11-06 14:50:14.624 26422 26456 D Evaluation: Frame 157 sent at 1573044614624
11-06 14:50:14.652 26422 26456 D Evaluation: Frame 158 sent at 1573044614652
11-06 14:50:14.690 26422 26456 D Evaluation: Frame 159 sent at 1573044614690
11-06 14:50:14.718 26422 26456 D Evaluation: Frame 160 sent at 1573044614718
11-06 14:50:14.763 26422 26456 D Evaluation: Frame 161 sent at 1573044614763
11-06 14:50:14.786 26422 26456 D Evaluation: Frame 162 sent at 1573044614786
11-06 14:50:14.832 26422 26456 D Evaluation: Frame 163 sent at 1573044614832
11-06 14:50:14.851 26422 26456 D Evaluation: Frame 164 sent at 1573044614851
11-06 14:50:14.895 26422 26456 D Evaluation: Frame 165 sent at 1573044614895
11-06 14:50:14.921 26422 26456 D Evaluation: Frame 166 sent at 1573044614921
11-06 14:50:14.968 26422 26456 D Evaluation: Frame 167 sent at 1573044614968
11-06 14:50:14.995 26422 26456 D Evaluation: Frame 168 sent at 1573044614995
11-06 14:50:15.021 26422 26456 D Evaluation: Frame 169 sent at 1573044615021
11-06 14:50:15.068 26422 26456 D Evaluation: Frame 170 sent at 1573044615068
11-06 14:50:15.100 26422 26456 D Evaluation: Frame 171 sent at 1573044615099
11-06 14:50:15.105 26422 26422 D Poster  : At 1573044615105 location is 65.05969714742355 (latitude), and 25.46703781740035 (longitude)
11-06 14:50:15.107 26422 26422 D Poster  : Connected to mobile network 20
11-06 14:50:15.146 26422 26456 D Evaluation: Frame 173 sent at 1573044615146
11-06 14:50:15.161 26422 26456 D Evaluation: Frame 173 sent at 1573044615161
11-06 14:50:15.183 26422 26456 D Evaluation: Frame 174 sent at 1573044615183
11-06 14:50:15.226 26422 26456 D Evaluation: Frame 175 sent at 1573044615226
11-06 14:50:15.257 26422 26456 D Evaluation: Frame 176 sent at 1573044615257
11-06 14:50:15.299 26422 26456 D Evaluation: Frame 177 sent at 1573044615299
11-06 14:50:15.329 26422 26456 D Evaluation: Frame 178 sent at 1573044615329
11-06 14:50:15.380 26422 26456 D Evaluation: Frame 179 sent at 1573044615380
11-06 14:50:15.399 26422 26456 D Evaluation: Frame 180 sent at 1573044615399
11-06 14:50:15.429 26422 26456 D Evaluation: Frame 181 sent at 1573044615429
11-06 14:50:15.454 26422 26456 D Evaluation: Frame 182 sent at 1573044615454
11-06 14:50:15.499 26422 26456 D Evaluation: Frame 183 sent at 1573044615499
11-06 14:50:15.526 26422 26433 E         : [ZeroHung]zrhung_get_config: Get config failed for wp[0x0008]
11-06 14:50:15.526 26422 26456 D Evaluation: Frame 184 sent at 1573044615526
11-06 14:50:15.566 26422 26456 D Evaluation: Frame 185 sent at 1573044615566
11-06 14:50:15.592 26422 26456 D Evaluation: Frame 186 sent at 1573044615592
11-06 14:50:15.636 26422 26456 D Evaluation: Frame 187 sent at 1573044615636
11-06 14:50:15.670 26422 26456 D Evaluation: Frame 188 sent at 1573044615670
11-06 14:50:15.699 26422 26456 D Evaluation: Frame 189 sent at 1573044615699
11-06 14:50:15.723 26422 26422 I Poster  :  onPause() called.
11-06 14:50:15.725 26422 26456 D Evaluation: Frame 190 sent at 1573044615725
11-06 14:50:15.862 26422 26422 I Camera  : close camera: 0, package name: symlab.cloudridar.arhud
11-06 14:50:15.862 26422 26422 I BackgroundPermManager: pkgName: symlab.cloudridar.arhud,pid: 26422 ,uidOf3RdApk: 10149 ,permType: 0 ,permCfg: 0
11-06 14:50:15.864 26422 26422 I HwCameraUtil: notifySurfaceFlingerCameraStatus : isFront = false , isOpend = false
11-06 14:50:15.911 26422 26422 D ZrHung.AppEyeUiProbe: stop checker.
11-06 14:50:15.934 26422 26422 I Poster  :  surfaceDestroyed() called.
11-06 14:50:15.936 26422 26422 D ViewRootImpl[MainActivity]: surface should not be released
11-06 14:50:15.936 26422 26422 I Poster  :  onStop() called.
11-06 14:50:15.957 26422 26474 W libEGL  : EGLNativeWindowType 0xe5af0008 disconnect failed
11-06 14:50:16.112 26422 26422 D Poster  : At 1573044616112 location is 65.05969692187132 (latitude), and 25.467039965860696 (longitude)
11-06 14:50:16.116 26422 26422 D Poster  : Connected to mobile network 20
11-06 14:50:16.132 26422 26422 D Latitude: status
11-06 14:50:16.599 26422 26448 D ZrHung.AppEyeUiProbe: Current Activity:false
11-06 14:50:16.600 26422 26448 D ZrHung.AppEyeUiProbe: not watching, wait.
11-06 14:50:16.809 26422 26422 I Poster  :  onDestroy() called.
