11-06 10:50:32.090 25360 25405 W System.err: 	at android.os.HandlerThread.run(HandlerThread.java:65)
11-06 10:50:32.129 25360 25405 W System.err: java.net.SocketException: Message too long
11-06 10:50:32.129 25360 25405 W System.err: 	at sun.nio.ch.DatagramChannelImpl.send0(Native Method)
11-06 10:50:32.129 25360 25405 W System.err: 	at sun.nio.ch.DatagramChannelImpl.sendFromNativeBuffer(DatagramChannelImpl.java:573)
11-06 10:50:32.129 25360 25405 W System.err: 	at sun.nio.ch.DatagramChannelImpl.send(DatagramChannelImpl.java:550)
11-06 10:50:32.130 25360 25405 W System.err: 	at sun.nio.ch.DatagramChannelImpl.send(DatagramChannelImpl.java:514)
11-06 10:50:32.130 25360 25405 W System.err: 	at symlab.CloudAR.network.TransmissionTask.run(TransmissionTask.java:124)
11-06 10:50:32.130 25360 25405 W System.err: 	at android.os.Handler.handleCallback(Handler.java:907)
11-06 10:50:32.130 25360 25405 W System.err: 	at android.os.Handler.dispatchMessage(Handler.java:105)
11-06 10:50:32.130 25360 25405 W System.err: 	at android.os.Looper.loop(Looper.java:216)
11-06 10:50:32.130 25360 25405 W System.err: 	at android.os.HandlerThread.run(HandlerThread.java:65)
11-06 10:50:32.162 25360 25405 W System.err: java.net.SocketException: Message too long
11-06 10:50:32.162 25360 25405 W System.err: 	at sun.nio.ch.DatagramChannelImpl.send0(Native Method)
11-06 10:50:32.162 25360 25405 W System.err: 	at sun.nio.ch.DatagramChannelImpl.sendFromNativeBuffer(DatagramChannelImpl.java:573)
11-06 10:50:32.162 25360 25405 W System.err: 	at sun.nio.ch.DatagramChannelImpl.send(DatagramChannelImpl.java:550)
11-06 10:50:32.162 25360 25405 W System.err: 	at sun.nio.ch.DatagramChannelImpl.send(DatagramChannelImpl.java:514)
11-06 10:50:32.162 25360 25405 W System.err: 	at symlab.CloudAR.network.TransmissionTask.run(TransmissionTask.java:124)
11-06 10:50:32.162 25360 25405 W System.err: 	at android.os.Handler.handleCallback(Handler.java:907)
11-06 10:50:32.162 25360 25405 W System.err: 	at android.os.Handler.dispatchMessage(Handler.java:105)
11-06 10:50:32.162 25360 25405 W System.err: 	at android.os.Looper.loop(Looper.java:216)
11-06 10:50:32.162 25360 25405 W System.err: 	at android.os.HandlerThread.run(HandlerThread.java:65)
11-06 10:50:32.162 25360 25374 E         : [ZeroHung]zrhung_get_config: Get config failed for wp[0x0008]
11-06 10:50:32.182 25360 25405 W System.err: java.net.SocketException: Message too long
11-06 10:50:32.182 25360 25405 W System.err: 	at sun.nio.ch.DatagramChannelImpl.send0(Native Method)
11-06 10:50:32.182 25360 25405 W System.err: 	at sun.nio.ch.DatagramChannelImpl.sendFromNativeBuffer(DatagramChannelImpl.java:573)
11-06 10:50:32.182 25360 25405 W System.err: 	at sun.nio.ch.DatagramChannelImpl.send(DatagramChannelImpl.java:550)
11-06 10:50:32.182 25360 25405 W System.err: 	at sun.nio.ch.DatagramChannelImpl.send(DatagramChannelImpl.java:514)
11-06 10:50:32.182 25360 25405 W System.err: 	at symlab.CloudAR.network.TransmissionTask.run(TransmissionTask.java:124)
11-06 10:50:32.182 25360 25405 W System.err: 	at android.os.Handler.handleCallback(Handler.java:907)
11-06 10:50:32.182 25360 25405 W System.err: 	at android.os.Handler.dispatchMessage(Handler.java:105)
11-06 10:50:32.182 25360 25405 W System.err: 	at android.os.Looper.loop(Looper.java:216)
11-06 10:50:32.182 25360 25405 W System.err: 	at android.os.HandlerThread.run(HandlerThread.java:65)
11-06 10:50:32.217 25360 25405 W System.err: java.net.SocketException: Message too long
11-06 10:50:32.217 25360 25405 W System.err: 	at sun.nio.ch.DatagramChannelImpl.send0(Native Method)
11-06 10:50:32.217 25360 25405 W System.err: 	at sun.nio.ch.DatagramChannelImpl.sendFromNativeBuffer(DatagramChannelImpl.java:573)
11-06 10:50:32.217 25360 25405 W System.err: 	at sun.nio.ch.DatagramChannelImpl.send(DatagramChannelImpl.java:550)
11-06 10:50:32.217 25360 25405 W System.err: 	at sun.nio.ch.DatagramChannelImpl.send(DatagramChannelImpl.java:514)
11-06 10:50:32.217 25360 25405 W System.err: 	at symlab.CloudAR.network.TransmissionTask.run(TransmissionTask.java:124)
11-06 10:50:32.217 25360 25405 W System.err: 	at android.os.Handler.handleCallback(Handler.java:907)
11-06 10:50:32.217 25360 25405 W System.err: 	at android.os.Handler.dispatchMessage(Handler.java:105)
11-06 10:50:32.217 25360 25405 W System.err: 	at android.os.Looper.loop(Looper.java:216)
11-06 10:50:32.217 25360 25405 W System.err: 	at android.os.HandlerThread.run(HandlerThread.java:65)
11-06 10:50:32.253 25360 25405 W System.err: java.net.SocketException: Message too long
11-06 10:50:32.253 25360 25405 W System.err: 	at sun.nio.ch.DatagramChannelImpl.send0(Native Method)
11-06 10:50:32.253 25360 25405 W System.err: 	at sun.nio.ch.DatagramChannelImpl.sendFromNativeBuffer(DatagramChannelImpl.java:573)
11-06 10:50:32.253 25360 25405 W System.err: 	at sun.nio.ch.DatagramChannelImpl.send(DatagramChannelImpl.java:550)
11-06 10:50:32.254 25360 25405 W System.err: 	at sun.nio.ch.DatagramChannelImpl.send(DatagramChannelImpl.java:514)
11-06 10:50:32.254 25360 25405 W System.err: 	at symlab.CloudAR.network.TransmissionTask.run(TransmissionTask.java:124)
11-06 10:50:32.254 25360 25405 W System.err: 	at android.os.Handler.handleCallback(Handler.java:907)
11-06 10:50:32.254 25360 25405 W System.err: 	at android.os.Handler.dispatchMessage(Handler.java:105)
11-06 10:50:32.254 25360 25405 W System.err: 	at android.os.Looper.loop(Looper.java:216)
11-06 10:50:32.254 25360 25405 W System.err: 	at android.os.HandlerThread.run(HandlerThread.java:65)
11-06 10:50:32.292 25360 25405 W System.err: java.net.SocketException: Message too long
11-06 10:50:32.292 25360 25405 W System.err: 	at sun.nio.ch.DatagramChannelImpl.send0(Native Method)
11-06 10:50:32.292 25360 25405 W System.err: 	at sun.nio.ch.DatagramChannelImpl.sendFromNativeBuffer(DatagramChannelImpl.java:573)
11-06 10:50:32.292 25360 25405 W System.err: 	at sun.nio.ch.DatagramChannelImpl.send(DatagramChannelImpl.java:550)
11-06 10:50:32.292 25360 25405 W System.err: 	at sun.nio.ch.DatagramChannelImpl.send(DatagramChannelImpl.java:514)
11-06 10:50:32.292 25360 25405 W System.err: 	at symlab.CloudAR.network.TransmissionTask.run(TransmissionTask.java:124)
11-06 10:50:32.292 25360 25405 W System.err: 	at android.os.Handler.handleCallback(Handler.java:907)
11-06 10:50:32.292 25360 25405 W System.err: 	at android.os.Handler.dispatchMessage(Handler.java:105)
11-06 10:50:32.292 25360 25405 W System.err: 	at android.os.Looper.loop(Looper.java:216)
11-06 10:50:32.292 25360 25405 W System.err: 	at android.os.HandlerThread.run(HandlerThread.java:65)
11-06 10:50:32.326 25360 25405 W System.err: java.net.SocketException: Message too long
11-06 10:50:32.326 25360 25405 W System.err: 	at sun.nio.ch.DatagramChannelImpl.send0(Native Method)
11-06 10:50:32.326 25360 25405 W System.err: 	at sun.nio.ch.DatagramChannelImpl.sendFromNativeBuffer(DatagramChannelImpl.java:573)
11-06 10:50:32.326 25360 25405 W System.err: 	at sun.nio.ch.DatagramChannelImpl.send(DatagramChannelImpl.java:550)
11-06 10:50:32.326 25360 25405 W System.err: 	at sun.nio.ch.DatagramChannelImpl.send(DatagramChannelImpl.java:514)
11-06 10:50:32.326 25360 25405 W System.err: 	at symlab.CloudAR.network.TransmissionTask.run(TransmissionTask.java:124)
11-06 10:50:32.326 25360 25405 W System.err: 	at android.os.Handler.handleCallback(Handler.java:907)
11-06 10:50:32.326 25360 25405 W System.err: 	at android.os.Handler.dispatchMessage(Handler.java:105)
11-06 10:50:32.326 25360 25405 W System.err: 	at android.os.Looper.loop(Looper.java:216)
11-06 10:50:32.326 25360 25405 W System.err: 	at android.os.HandlerThread.run(HandlerThread.java:65)
11-06 10:50:32.357 25360 25360 D Poster  : At 1573030232357 location is 65.05856642362532 (latitude), and 25.46889605812342 (longitude)
11-06 10:50:32.358 25360 25405 W System.err: java.net.SocketException: Message too long
11-06 10:50:32.358 25360 25405 W System.err: 	at sun.nio.ch.DatagramChannelImpl.send0(Native Method)
11-06 10:50:32.358 25360 25405 W System.err: 	at sun.nio.ch.DatagramChannelImpl.sendFromNativeBuffer(DatagramChannelImpl.java:573)
11-06 10:50:32.358 25360 25405 W System.err: 	at sun.nio.ch.DatagramChannelImpl.send(DatagramChannelImpl.java:550)
11-06 10:50:32.358 25360 25405 W System.err: 	at sun.nio.ch.DatagramChannelImpl.send(DatagramChannelImpl.java:514)
11-06 10:50:32.358 25360 25405 W System.err: 	at symlab.CloudAR.network.TransmissionTask.run(TransmissionTask.java:124)
11-06 10:50:32.358 25360 25405 W System.err: 	at android.os.Handler.handleCallback(Handler.java:907)
11-06 10:50:32.358 25360 25405 W System.err: 	at android.os.Handler.dispatchMessage(Handler.java:105)
11-06 10:50:32.359 25360 25405 W System.err: 	at android.os.Looper.loop(Looper.java:216)
11-06 10:50:32.359 25360 25405 W System.err: 	at android.os.HandlerThread.run(HandlerThread.java:65)
11-06 10:50:32.360 25360 25360 D Poster  : Connected to mobile network 20
11-06 10:50:32.396 25360 25405 W System.err: java.net.SocketException: Message too long
11-06 10:50:32.396 25360 25405 W System.err: 	at sun.nio.ch.DatagramChannelImpl.send0(Native Method)
11-06 10:50:32.396 25360 25405 W System.err: 	at sun.nio.ch.DatagramChannelImpl.sendFromNativeBuffer(DatagramChannelImpl.java:573)
11-06 10:50:32.396 25360 25405 W System.err: 	at sun.nio.ch.DatagramChannelImpl.send(DatagramChannelImpl.java:550)
11-06 10:50:32.396 25360 25405 W System.err: 	at sun.nio.ch.DatagramChannelImpl.send(DatagramChannelImpl.java:514)
11-06 10:50:32.396 25360 25405 W System.err: 	at symlab.CloudAR.network.TransmissionTask.run(TransmissionTask.java:124)
11-06 10:50:32.396 25360 25405 W System.err: 	at android.os.Handler.handleCallback(Handler.java:907)
11-06 10:50:32.396 25360 25405 W System.err: 	at android.os.Handler.dispatchMessage(Handler.java:105)
11-06 10:50:32.396 25360 25405 W System.err: 	at android.os.Looper.loop(Looper.java:216)
11-06 10:50:32.396 25360 25405 W System.err: 	at android.os.HandlerThread.run(HandlerThread.java:65)
11-06 10:50:32.418 25360 25405 W System.err: java.net.SocketException: Message too long
11-06 10:50:32.418 25360 25405 W System.err: 	at sun.nio.ch.DatagramChannelImpl.send0(Native Method)
11-06 10:50:32.418 25360 25405 W System.err: 	at sun.nio.ch.DatagramChannelImpl.sendFromNativeBuffer(DatagramChannelImpl.java:573)
11-06 10:50:32.418 25360 25405 W System.err: 	at sun.nio.ch.DatagramChannelImpl.send(DatagramChannelImpl.java:550)
11-06 10:50:32.418 25360 25405 W System.err: 	at sun.nio.ch.DatagramChannelImpl.send(DatagramChannelImpl.java:514)
11-06 10:50:32.418 25360 25405 W System.err: 	at symlab.CloudAR.network.TransmissionTask.run(TransmissionTask.java:124)
11-06 10:50:32.418 25360 25405 W System.err: 	at android.os.Handler.handleCallback(Handler.java:907)
11-06 10:50:32.418 25360 25405 W System.err: 	at android.os.Handler.dispatchMessage(Handler.java:105)
11-06 10:50:32.418 25360 25405 W System.err: 	at android.os.Looper.loop(Looper.java:216)
11-06 10:50:32.418 25360 25405 W System.err: 	at android.os.HandlerThread.run(HandlerThread.java:65)
11-06 10:50:32.446 25360 25405 W System.err: java.net.SocketException: Message too long
11-06 10:50:32.446 25360 25405 W System.err: 	at sun.nio.ch.DatagramChannelImpl.send0(Native Method)
11-06 10:50:32.446 25360 25405 W System.err: 	at sun.nio.ch.DatagramChannelImpl.sendFromNativeBuffer(DatagramChannelImpl.java:573)
11-06 10:50:32.446 25360 25405 W System.err: 	at sun.nio.ch.DatagramChannelImpl.send(DatagramChannelImpl.java:550)
11-06 10:50:32.446 25360 25405 W System.err: 	at sun.nio.ch.DatagramChannelImpl.send(DatagramChannelImpl.java:514)
11-06 10:50:32.446 25360 25405 W System.err: 	at symlab.CloudAR.network.TransmissionTask.run(TransmissionTask.java:124)
11-06 10:50:32.446 25360 25405 W System.err: 	at android.os.Handler.handleCallback(Handler.java:907)
11-06 10:50:32.446 25360 25405 W System.err: 	at android.os.Handler.dispatchMessage(Handler.java:105)
11-06 10:50:32.446 25360 25405 W System.err: 	at android.os.Looper.loop(Looper.java:216)
11-06 10:50:32.446 25360 25405 W System.err: 	at android.os.HandlerThread.run(HandlerThread.java:65)
11-06 10:50:32.488 25360 25405 W System.err: java.net.SocketException: Message too long
11-06 10:50:32.488 25360 25405 W System.err: 	at sun.nio.ch.DatagramChannelImpl.send0(Native Method)
11-06 10:50:32.488 25360 25405 W System.err: 	at sun.nio.ch.DatagramChannelImpl.sendFromNativeBuffer(DatagramChannelImpl.java:573)
11-06 10:50:32.488 25360 25405 W System.err: 	at sun.nio.ch.DatagramChannelImpl.send(DatagramChannelImpl.java:550)
11-06 10:50:32.488 25360 25405 W System.err: 	at sun.nio.ch.DatagramChannelImpl.send(DatagramChannelImpl.java:514)
11-06 10:50:32.488 25360 25405 W System.err: 	at symlab.CloudAR.network.TransmissionTask.run(TransmissionTask.java:124)
11-06 10:50:32.488 25360 25405 W System.err: 	at android.os.Handler.handleCallback(Handler.java:907)
11-06 10:50:32.488 25360 25405 W System.err: 	at android.os.Handler.dispatchMessage(Handler.java:105)
11-06 10:50:32.488 25360 25405 W System.err: 	at android.os.Looper.loop(Looper.java:216)
11-06 10:50:32.488 25360 25405 W System.err: 	at android.os.HandlerThread.run(HandlerThread.java:65)
11-06 10:50:32.521 25360 25405 W System.err: java.net.SocketException: Message too long
11-06 10:50:32.521 25360 25405 W System.err: 	at sun.nio.ch.DatagramChannelImpl.send0(Native Method)
11-06 10:50:32.521 25360 25405 W System.err: 	at sun.nio.ch.DatagramChannelImpl.sendFromNativeBuffer(DatagramChannelImpl.java:573)
11-06 10:50:32.522 25360 25405 W System.err: 	at sun.nio.ch.DatagramChannelImpl.send(DatagramChannelImpl.java:550)
11-06 10:50:32.522 25360 25405 W System.err: 	at sun.nio.ch.DatagramChannelImpl.send(DatagramChannelImpl.java:514)
11-06 10:50:32.522 25360 25405 W System.err: 	at symlab.CloudAR.network.TransmissionTask.run(TransmissionTask.java:124)
11-06 10:50:32.522 25360 25405 W System.err: 	at android.os.Handler.handleCallback(Handler.java:907)
11-06 10:50:32.522 25360 25405 W System.err: 	at android.os.Handler.dispatchMessage(Handler.java:105)
11-06 10:50:32.522 25360 25405 W System.err: 	at android.os.Looper.loop(Looper.java:216)
11-06 10:50:32.522 25360 25405 W System.err: 	at android.os.HandlerThread.run(HandlerThread.java:65)
11-06 10:50:32.559 25360 25405 W System.err: java.net.SocketException: Message too long
11-06 10:50:32.559 25360 25405 W System.err: 	at sun.nio.ch.DatagramChannelImpl.send0(Native Method)
11-06 10:50:32.559 25360 25405 W System.err: 	at sun.nio.ch.DatagramChannelImpl.sendFromNativeBuffer(DatagramChannelImpl.java:573)
11-06 10:50:32.559 25360 25405 W System.err: 	at sun.nio.ch.DatagramChannelImpl.send(DatagramChannelImpl.java:550)
11-06 10:50:32.559 25360 25405 W System.err: 	at sun.nio.ch.DatagramChannelImpl.send(DatagramChannelImpl.java:514)
11-06 10:50:32.560 25360 25405 W System.err: 	at symlab.CloudAR.network.TransmissionTask.run(TransmissionTask.java:124)
11-06 10:50:32.560 25360 25405 W System.err: 	at android.os.Handler.handleCallback(Handler.java:907)
11-06 10:50:32.560 25360 25405 W System.err: 	at android.os.Handler.dispatchMessage(Handler.java:105)
11-06 10:50:32.560 25360 25405 W System.err: 	at android.os.Looper.loop(Looper.java:216)
11-06 10:50:32.560 25360 25405 W System.err: 	at android.os.HandlerThread.run(HandlerThread.java:65)
11-06 10:50:32.588 25360 25405 W System.err: java.net.SocketException: Message too long
11-06 10:50:32.588 25360 25405 W System.err: 	at sun.nio.ch.DatagramChannelImpl.send0(Native Method)
11-06 10:50:32.588 25360 25405 W System.err: 	at sun.nio.ch.DatagramChannelImpl.sendFromNativeBuffer(DatagramChannelImpl.java:573)
11-06 10:50:32.588 25360 25405 W System.err: 	at sun.nio.ch.DatagramChannelImpl.send(DatagramChannelImpl.java:550)
11-06 10:50:32.588 25360 25405 W System.err: 	at sun.nio.ch.DatagramChannelImpl.send(DatagramChannelImpl.java:514)
11-06 10:50:32.588 25360 25405 W System.err: 	at symlab.CloudAR.network.TransmissionTask.run(TransmissionTask.java:124)
11-06 10:50:32.588 25360 25405 W System.err: 	at android.os.Handler.handleCallback(Handler.java:907)
11-06 10:50:32.588 25360 25405 W System.err: 	at android.os.Handler.dispatchMessage(Handler.java:105)
11-06 10:50:32.588 25360 25405 W System.err: 	at android.os.Looper.loop(Looper.java:216)
11-06 10:50:32.588 25360 25405 W System.err: 	at android.os.HandlerThread.run(HandlerThread.java:65)
11-06 10:50:32.622 25360 25405 W System.err: java.net.SocketException: Message too long
11-06 10:50:32.622 25360 25405 W System.err: 	at sun.nio.ch.DatagramChannelImpl.send0(Native Method)
11-06 10:50:32.622 25360 25405 W System.err: 	at sun.nio.ch.DatagramChannelImpl.sendFromNativeBuffer(DatagramChannelImpl.java:573)
11-06 10:50:32.622 25360 25405 W System.err: 	at sun.nio.ch.DatagramChannelImpl.send(DatagramChannelImpl.java:550)
11-06 10:50:32.622 25360 25405 W System.err: 	at sun.nio.ch.DatagramChannelImpl.send(DatagramChannelImpl.java:514)
11-06 10:50:32.622 25360 25405 W System.err: 	at symlab.CloudAR.network.TransmissionTask.run(TransmissionTask.java:124)
11-06 10:50:32.622 25360 25405 W System.err: 	at android.os.Handler.handleCallback(Handler.java:907)
11-06 10:50:32.622 25360 25405 W System.err: 	at android.os.Handler.dispatchMessage(Handler.java:105)
11-06 10:50:32.622 25360 25405 W System.err: 	at android.os.Looper.loop(Looper.java:216)
11-06 10:50:32.622 25360 25405 W System.err: 	at android.os.HandlerThread.run(HandlerThread.java:65)
11-06 10:50:32.694 25360 25405 W System.err: java.net.SocketException: Message too long
11-06 10:50:32.695 25360 25405 W System.err: 	at sun.nio.ch.DatagramChannelImpl.send0(Native Method)
11-06 10:50:32.695 25360 25405 W System.err: 	at sun.nio.ch.DatagramChannelImpl.sendFromNativeBuffer(DatagramChannelImpl.java:573)
11-06 10:50:32.695 25360 25405 W System.err: 	at sun.nio.ch.DatagramChannelImpl.send(DatagramChannelImpl.java:550)
11-06 10:50:32.695 25360 25405 W System.err: 	at sun.nio.ch.DatagramChannelImpl.send(DatagramChannelImpl.java:514)
11-06 10:50:32.695 25360 25405 W System.err: 	at symlab.CloudAR.network.TransmissionTask.run(TransmissionTask.java:124)
11-06 10:50:32.695 25360 25405 W System.err: 	at android.os.Handler.handleCallback(Handler.java:907)
11-06 10:50:32.695 25360 25405 W System.err: 	at android.os.Handler.dispatchMessage(Handler.java:105)
11-06 10:50:32.695 25360 25405 W System.err: 	at android.os.Looper.loop(Looper.java:216)
11-06 10:50:32.695 25360 25405 W System.err: 	at android.os.HandlerThread.run(HandlerThread.java:65)
11-06 10:50:32.741 25360 25405 W System.err: java.net.SocketException: Message too long
11-06 10:50:32.741 25360 25405 W System.err: 	at sun.nio.ch.DatagramChannelImpl.send0(Native Method)
11-06 10:50:32.741 25360 25405 W System.err: 	at sun.nio.ch.DatagramChannelImpl.sendFromNativeBuffer(DatagramChannelImpl.java:573)
11-06 10:50:32.741 25360 25405 W System.err: 	at sun.nio.ch.DatagramChannelImpl.send(DatagramChannelImpl.java:550)
11-06 10:50:32.741 25360 25405 W System.err: 	at sun.nio.ch.DatagramChannelImpl.send(DatagramChannelImpl.java:514)
11-06 10:50:32.741 25360 25405 W System.err: 	at symlab.CloudAR.network.TransmissionTask.run(TransmissionTask.java:124)
11-06 10:50:32.741 25360 25405 W System.err: 	at android.os.Handler.handleCallback(Handler.java:907)
11-06 10:50:32.741 25360 25405 W System.err: 	at android.os.Handler.dispatchMessage(Handler.java:105)
11-06 10:50:32.741 25360 25405 W System.err: 	at android.os.Looper.loop(Looper.java:216)
11-06 10:50:32.741 25360 25405 W System.err: 	at android.os.HandlerThread.run(HandlerThread.java:65)
11-06 10:50:32.766 25360 25405 W System.err: java.net.SocketException: Message too long
11-06 10:50:32.766 25360 25405 W System.err: 	at sun.nio.ch.DatagramChannelImpl.send0(Native Method)
11-06 10:50:32.766 25360 25405 W System.err: 	at sun.nio.ch.DatagramChannelImpl.sendFromNativeBuffer(DatagramChannelImpl.java:573)
11-06 10:50:32.766 25360 25405 W System.err: 	at sun.nio.ch.DatagramChannelImpl.send(DatagramChannelImpl.java:550)
11-06 10:50:32.766 25360 25405 W System.err: 	at sun.nio.ch.DatagramChannelImpl.send(DatagramChannelImpl.java:514)
11-06 10:50:32.766 25360 25405 W System.err: 	at symlab.CloudAR.network.TransmissionTask.run(TransmissionTask.java:124)
11-06 10:50:32.766 25360 25405 W System.err: 	at android.os.Handler.handleCallback(Handler.java:907)
11-06 10:50:32.766 25360 25405 W System.err: 	at android.os.Handler.dispatchMessage(Handler.java:105)
11-06 10:50:32.766 25360 25405 W System.err: 	at android.os.Looper.loop(Looper.java:216)
11-06 10:50:32.766 25360 25405 W System.err: 	at android.os.HandlerThread.run(HandlerThread.java:65)
11-06 10:50:32.788 25360 25405 W System.err: java.net.SocketException: Message too long
11-06 10:50:32.789 25360 25405 W System.err: 	at sun.nio.ch.DatagramChannelImpl.send0(Native Method)
11-06 10:50:32.789 25360 25405 W System.err: 	at sun.nio.ch.DatagramChannelImpl.sendFromNativeBuffer(DatagramChannelImpl.java:573)
11-06 10:50:32.789 25360 25405 W System.err: 	at sun.nio.ch.DatagramChannelImpl.send(DatagramChannelImpl.java:550)
11-06 10:50:32.789 25360 25405 W System.err: 	at sun.nio.ch.DatagramChannelImpl.send(DatagramChannelImpl.java:514)
11-06 10:50:32.789 25360 25405 W System.err: 	at symlab.CloudAR.network.TransmissionTask.run(TransmissionTask.java:124)
11-06 10:50:32.789 25360 25405 W System.err: 	at android.os.Handler.handleCallback(Handler.java:907)
11-06 10:50:32.789 25360 25405 W System.err: 	at android.os.Handler.dispatchMessage(Handler.java:105)
11-06 10:50:32.789 25360 25405 W System.err: 	at android.os.Looper.loop(Looper.java:216)
11-06 10:50:32.789 25360 25405 W System.err: 	at android.os.HandlerThread.run(HandlerThread.java:65)
11-06 10:50:32.825 25360 25374 E         : [ZeroHung]zrhung_get_config: Get config failed for wp[0x0008]
11-06 10:50:32.826 25360 25405 W System.err: java.net.SocketException: Message too long
11-06 10:50:32.826 25360 25405 W System.err: 	at sun.nio.ch.DatagramChannelImpl.send0(Native Method)
11-06 10:50:32.826 25360 25405 W System.err: 	at sun.nio.ch.DatagramChannelImpl.sendFromNativeBuffer(DatagramChannelImpl.java:573)
11-06 10:50:32.826 25360 25405 W System.err: 	at sun.nio.ch.DatagramChannelImpl.send(DatagramChannelImpl.java:550)
11-06 10:50:32.826 25360 25405 W System.err: 	at sun.nio.ch.DatagramChannelImpl.send(DatagramChannelImpl.java:514)
11-06 10:50:32.826 25360 25405 W System.err: 	at symlab.CloudAR.network.TransmissionTask.run(TransmissionTask.java:124)
11-06 10:50:32.826 25360 25405 W System.err: 	at android.os.Handler.handleCallback(Handler.java:907)
11-06 10:50:32.826 25360 25405 W System.err: 	at android.os.Handler.dispatchMessage(Handler.java:105)
11-06 10:50:32.826 25360 25405 W System.err: 	at android.os.Looper.loop(Looper.java:216)
11-06 10:50:32.826 25360 25405 W System.err: 	at android.os.HandlerThread.run(HandlerThread.java:65)
11-06 10:50:32.856 25360 25405 W System.err: java.net.SocketException: Message too long
11-06 10:50:32.856 25360 25405 W System.err: 	at sun.nio.ch.DatagramChannelImpl.send0(Native Method)
11-06 10:50:32.856 25360 25405 W System.err: 	at sun.nio.ch.DatagramChannelImpl.sendFromNativeBuffer(DatagramChannelImpl.java:573)
11-06 10:50:32.856 25360 25405 W System.err: 	at sun.nio.ch.DatagramChannelImpl.send(DatagramChannelImpl.java:550)
11-06 10:50:32.856 25360 25405 W System.err: 	at sun.nio.ch.DatagramChannelImpl.send(DatagramChannelImpl.java:514)
11-06 10:50:32.856 25360 25405 W System.err: 	at symlab.CloudAR.network.TransmissionTask.run(TransmissionTask.java:124)
11-06 10:50:32.856 25360 25405 W System.err: 	at android.os.Handler.handleCallback(Handler.java:907)
11-06 10:50:32.856 25360 25405 W System.err: 	at android.os.Handler.dispatchMessage(Handler.java:105)
11-06 10:50:32.856 25360 25405 W System.err: 	at android.os.Looper.loop(Looper.java:216)
11-06 10:50:32.856 25360 25405 W System.err: 	at android.os.HandlerThread.run(HandlerThread.java:65)
11-06 10:50:32.899 25360 25405 W System.err: java.net.SocketException: Message too long
11-06 10:50:32.899 25360 25405 W System.err: 	at sun.nio.ch.DatagramChannelImpl.send0(Native Method)
11-06 10:50:32.899 25360 25405 W System.err: 	at sun.nio.ch.DatagramChannelImpl.sendFromNativeBuffer(DatagramChannelImpl.java:573)
11-06 10:50:32.899 25360 25405 W System.err: 	at sun.nio.ch.DatagramChannelImpl.send(DatagramChannelImpl.java:550)
11-06 10:50:32.899 25360 25405 W System.err: 	at sun.nio.ch.DatagramChannelImpl.send(DatagramChannelImpl.java:514)
11-06 10:50:32.899 25360 25405 W System.err: 	at symlab.CloudAR.network.TransmissionTask.run(TransmissionTask.java:124)
11-06 10:50:32.899 25360 25405 W System.err: 	at android.os.Handler.handleCallback(Handler.java:907)
11-06 10:50:32.899 25360 25405 W System.err: 	at android.os.Handler.dispatchMessage(Handler.java:105)
11-06 10:50:32.899 25360 25405 W System.err: 	at android.os.Looper.loop(Looper.java:216)
11-06 10:50:32.899 25360 25405 W System.err: 	at android.os.HandlerThread.run(HandlerThread.java:65)
11-06 10:50:32.926 25360 25405 W System.err: java.net.SocketException: Message too long
11-06 10:50:32.926 25360 25405 W System.err: 	at sun.nio.ch.DatagramChannelImpl.send0(Native Method)
11-06 10:50:32.926 25360 25405 W System.err: 	at sun.nio.ch.DatagramChannelImpl.sendFromNativeBuffer(DatagramChannelImpl.java:573)
11-06 10:50:32.926 25360 25405 W System.err: 	at sun.nio.ch.DatagramChannelImpl.send(DatagramChannelImpl.java:550)
11-06 10:50:32.926 25360 25405 W System.err: 	at sun.nio.ch.DatagramChannelImpl.send(DatagramChannelImpl.java:514)
11-06 10:50:32.926 25360 25405 W System.err: 	at symlab.CloudAR.network.TransmissionTask.run(TransmissionTask.java:124)
11-06 10:50:32.926 25360 25405 W System.err: 	at android.os.Handler.handleCallback(Handler.java:907)
11-06 10:50:32.926 25360 25405 W System.err: 	at android.os.Handler.dispatchMessage(Handler.java:105)
11-06 10:50:32.926 25360 25405 W System.err: 	at android.os.Looper.loop(Looper.java:216)
11-06 10:50:32.926 25360 25405 W System.err: 	at android.os.HandlerThread.run(HandlerThread.java:65)
11-06 10:50:32.968 25360 25405 W System.err: java.net.SocketException: Message too long
11-06 10:50:32.968 25360 25405 W System.err: 	at sun.nio.ch.DatagramChannelImpl.send0(Native Method)
11-06 10:50:32.968 25360 25405 W System.err: 	at sun.nio.ch.DatagramChannelImpl.sendFromNativeBuffer(DatagramChannelImpl.java:573)
11-06 10:50:32.968 25360 25405 W System.err: 	at sun.nio.ch.DatagramChannelImpl.send(DatagramChannelImpl.java:550)
11-06 10:50:32.968 25360 25405 W System.err: 	at sun.nio.ch.DatagramChannelImpl.send(DatagramChannelImpl.java:514)
11-06 10:50:32.968 25360 25405 W System.err: 	at symlab.CloudAR.network.TransmissionTask.run(TransmissionTask.java:124)
11-06 10:50:32.968 25360 25405 W System.err: 	at android.os.Handler.handleCallback(Handler.java:907)
11-06 10:50:32.968 25360 25405 W System.err: 	at android.os.Handler.dispatchMessage(Handler.java:105)
11-06 10:50:32.968 25360 25405 W System.err: 	at android.os.Looper.loop(Looper.java:216)
11-06 10:50:32.968 25360 25405 W System.err: 	at android.os.HandlerThread.run(HandlerThread.java:65)
11-06 10:50:32.996 25360 25405 W System.err: java.net.SocketException: Message too long
11-06 10:50:32.996 25360 25405 W System.err: 	at sun.nio.ch.DatagramChannelImpl.send0(Native Method)
11-06 10:50:32.996 25360 25405 W System.err: 	at sun.nio.ch.DatagramChannelImpl.sendFromNativeBuffer(DatagramChannelImpl.java:573)
11-06 10:50:32.996 25360 25405 W System.err: 	at sun.nio.ch.DatagramChannelImpl.send(DatagramChannelImpl.java:550)
11-06 10:50:32.996 25360 25405 W System.err: 	at sun.nio.ch.DatagramChannelImpl.send(DatagramChannelImpl.java:514)
11-06 10:50:32.996 25360 25405 W System.err: 	at symlab.CloudAR.network.TransmissionTask.run(TransmissionTask.java:124)
11-06 10:50:32.996 25360 25405 W System.err: 	at android.os.Handler.handleCallback(Handler.java:907)
11-06 10:50:32.996 25360 25405 W System.err: 	at android.os.Handler.dispatchMessage(Handler.java:105)
11-06 10:50:32.996 25360 25405 W System.err: 	at android.os.Looper.loop(Looper.java:216)
11-06 10:50:32.996 25360 25405 W System.err: 	at android.os.HandlerThread.run(HandlerThread.java:65)
11-06 10:50:33.032 25360 25405 W System.err: java.net.SocketException: Message too long
11-06 10:50:33.032 25360 25405 W System.err: 	at sun.nio.ch.DatagramChannelImpl.send0(Native Method)
11-06 10:50:33.032 25360 25405 W System.err: 	at sun.nio.ch.DatagramChannelImpl.sendFromNativeBuffer(DatagramChannelImpl.java:573)
11-06 10:50:33.032 25360 25405 W System.err: 	at sun.nio.ch.DatagramChannelImpl.send(DatagramChannelImpl.java:550)
11-06 10:50:33.032 25360 25405 W System.err: 	at sun.nio.ch.DatagramChannelImpl.send(DatagramChannelImpl.java:514)
11-06 10:50:33.032 25360 25405 W System.err: 	at symlab.CloudAR.network.TransmissionTask.run(TransmissionTask.java:124)
11-06 10:50:33.032 25360 25405 W System.err: 	at android.os.Handler.handleCallback(Handler.java:907)
11-06 10:50:33.032 25360 25405 W System.err: 	at android.os.Handler.dispatchMessage(Handler.java:105)
11-06 10:50:33.032 25360 25405 W System.err: 	at android.os.Looper.loop(Looper.java:216)
11-06 10:50:33.032 25360 25405 W System.err: 	at android.os.HandlerThread.run(HandlerThread.java:65)
11-06 10:50:33.055 25360 25405 W System.err: java.net.SocketException: Message too long
11-06 10:50:33.055 25360 25405 W System.err: 	at sun.nio.ch.DatagramChannelImpl.send0(Native Method)
11-06 10:50:33.055 25360 25405 W System.err: 	at sun.nio.ch.DatagramChannelImpl.sendFromNativeBuffer(DatagramChannelImpl.java:573)
11-06 10:50:33.055 25360 25405 W System.err: 	at sun.nio.ch.DatagramChannelImpl.send(DatagramChannelImpl.java:550)
11-06 10:50:33.055 25360 25405 W System.err: 	at sun.nio.ch.DatagramChannelImpl.send(DatagramChannelImpl.java:514)
11-06 10:50:33.055 25360 25405 W System.err: 	at symlab.CloudAR.network.TransmissionTask.run(TransmissionTask.java:124)
11-06 10:50:33.055 25360 25405 W System.err: 	at android.os.Handler.handleCallback(Handler.java:907)
11-06 10:50:33.055 25360 25405 W System.err: 	at android.os.Handler.dispatchMessage(Handler.java:105)
11-06 10:50:33.055 25360 25405 W System.err: 	at android.os.Looper.loop(Looper.java:216)
11-06 10:50:33.055 25360 25405 W System.err: 	at android.os.HandlerThread.run(HandlerThread.java:65)
11-06 10:50:33.096 25360 25405 W System.err: java.net.SocketException: Message too long
11-06 10:50:33.096 25360 25405 W System.err: 	at sun.nio.ch.DatagramChannelImpl.send0(Native Method)
11-06 10:50:33.096 25360 25405 W System.err: 	at sun.nio.ch.DatagramChannelImpl.sendFromNativeBuffer(DatagramChannelImpl.java:573)
11-06 10:50:33.096 25360 25405 W System.err: 	at sun.nio.ch.DatagramChannelImpl.send(DatagramChannelImpl.java:550)
11-06 10:50:33.096 25360 25405 W System.err: 	at sun.nio.ch.DatagramChannelImpl.send(DatagramChannelImpl.java:514)
11-06 10:50:33.096 25360 25405 W System.err: 	at symlab.CloudAR.network.TransmissionTask.run(TransmissionTask.java:124)
11-06 10:50:33.096 25360 25405 W System.err: 	at android.os.Handler.handleCallback(Handler.java:907)
11-06 10:50:33.096 25360 25405 W System.err: 	at android.os.Handler.dispatchMessage(Handler.java:105)
11-06 10:50:33.096 25360 25405 W System.err: 	at android.os.Looper.loop(Looper.java:216)
11-06 10:50:33.096 25360 25405 W System.err: 	at android.os.HandlerThread.run(HandlerThread.java:65)
11-06 10:50:33.131 25360 25405 W System.err: java.net.SocketException: Message too long
11-06 10:50:33.131 25360 25405 W System.err: 	at sun.nio.ch.DatagramChannelImpl.send0(Native Method)
11-06 10:50:33.131 25360 25405 W System.err: 	at sun.nio.ch.DatagramChannelImpl.sendFromNativeBuffer(DatagramChannelImpl.java:573)
11-06 10:50:33.131 25360 25405 W System.err: 	at sun.nio.ch.DatagramChannelImpl.send(DatagramChannelImpl.java:550)
11-06 10:50:33.131 25360 25405 W System.err: 	at sun.nio.ch.DatagramChannelImpl.send(DatagramChannelImpl.java:514)
11-06 10:50:33.131 25360 25405 W System.err: 	at symlab.CloudAR.network.TransmissionTask.run(TransmissionTask.java:124)
11-06 10:50:33.131 25360 25405 W System.err: 	at android.os.Handler.handleCallback(Handler.java:907)
11-06 10:50:33.131 25360 25405 W System.err: 	at android.os.Handler.dispatchMessage(Handler.java:105)
11-06 10:50:33.131 25360 25405 W System.err: 	at android.os.Looper.loop(Looper.java:216)
11-06 10:50:33.131 25360 25405 W System.err: 	at android.os.HandlerThread.run(HandlerThread.java:65)
11-06 10:50:33.157 25360 25405 W System.err: java.net.SocketException: Message too long
11-06 10:50:33.157 25360 25405 W System.err: 	at sun.nio.ch.DatagramChannelImpl.send0(Native Method)
11-06 10:50:33.157 25360 25405 W System.err: 	at sun.nio.ch.DatagramChannelImpl.sendFromNativeBuffer(DatagramChannelImpl.java:573)
11-06 10:50:33.157 25360 25405 W System.err: 	at sun.nio.ch.DatagramChannelImpl.send(DatagramChannelImpl.java:550)
11-06 10:50:33.157 25360 25405 W System.err: 	at sun.nio.ch.DatagramChannelImpl.send(DatagramChannelImpl.java:514)
11-06 10:50:33.157 25360 25405 W System.err: 	at symlab.CloudAR.network.TransmissionTask.run(TransmissionTask.java:124)
11-06 10:50:33.157 25360 25405 W System.err: 	at android.os.Handler.handleCallback(Handler.java:907)
11-06 10:50:33.157 25360 25405 W System.err: 	at android.os.Handler.dispatchMessage(Handler.java:105)
11-06 10:50:33.157 25360 25405 W System.err: 	at android.os.Looper.loop(Looper.java:216)
11-06 10:50:33.157 25360 25405 W System.err: 	at android.os.HandlerThread.run(HandlerThread.java:65)
11-06 10:50:33.191 25360 25405 W System.err: java.net.SocketException: Message too long
11-06 10:50:33.191 25360 25405 W System.err: 	at sun.nio.ch.DatagramChannelImpl.send0(Native Method)
11-06 10:50:33.191 25360 25405 W System.err: 	at sun.nio.ch.DatagramChannelImpl.sendFromNativeBuffer(DatagramChannelImpl.java:573)
11-06 10:50:33.191 25360 25405 W System.err: 	at sun.nio.ch.DatagramChannelImpl.send(DatagramChannelImpl.java:550)
11-06 10:50:33.191 25360 25405 W System.err: 	at sun.nio.ch.DatagramChannelImpl.send(DatagramChannelImpl.java:514)
11-06 10:50:33.191 25360 25405 W System.err: 	at symlab.CloudAR.network.TransmissionTask.run(TransmissionTask.java:124)
11-06 10:50:33.191 25360 25405 W System.err: 	at android.os.Handler.handleCallback(Handler.java:907)
11-06 10:50:33.191 25360 25405 W System.err: 	at android.os.Handler.dispatchMessage(Handler.java:105)
11-06 10:50:33.191 25360 25405 W System.err: 	at android.os.Looper.loop(Looper.java:216)
11-06 10:50:33.191 25360 25405 W System.err: 	at android.os.HandlerThread.run(HandlerThread.java:65)
11-06 10:50:33.229 25360 25405 W System.err: java.net.SocketException: Message too long
11-06 10:50:33.229 25360 25405 W System.err: 	at sun.nio.ch.DatagramChannelImpl.send0(Native Method)
11-06 10:50:33.229 25360 25405 W System.err: 	at sun.nio.ch.DatagramChannelImpl.sendFromNativeBuffer(DatagramChannelImpl.java:573)
11-06 10:50:33.229 25360 25405 W System.err: 	at sun.nio.ch.DatagramChannelImpl.send(DatagramChannelImpl.java:550)
11-06 10:50:33.229 25360 25405 W System.err: 	at sun.nio.ch.DatagramChannelImpl.send(DatagramChannelImpl.java:514)
11-06 10:50:33.229 25360 25405 W System.err: 	at symlab.CloudAR.network.TransmissionTask.run(TransmissionTask.java:124)
11-06 10:50:33.229 25360 25405 W System.err: 	at android.os.Handler.handleCallback(Handler.java:907)
11-06 10:50:33.229 25360 25405 W System.err: 	at android.os.Handler.dispatchMessage(Handler.java:105)
11-06 10:50:33.229 25360 25405 W System.err: 	at android.os.Looper.loop(Looper.java:216)
11-06 10:50:33.229 25360 25405 W System.err: 	at android.os.HandlerThread.run(HandlerThread.java:65)
11-06 10:50:33.265 25360 25405 W System.err: java.net.SocketException: Message too long
11-06 10:50:33.265 25360 25405 W System.err: 	at sun.nio.ch.DatagramChannelImpl.send0(Native Method)
11-06 10:50:33.265 25360 25405 W System.err: 	at sun.nio.ch.DatagramChannelImpl.sendFromNativeBuffer(DatagramChannelImpl.java:573)
11-06 10:50:33.265 25360 25405 W System.err: 	at sun.nio.ch.DatagramChannelImpl.send(DatagramChannelImpl.java:550)
11-06 10:50:33.265 25360 25405 W System.err: 	at sun.nio.ch.DatagramChannelImpl.send(DatagramChannelImpl.java:514)
11-06 10:50:33.265 25360 25405 W System.err: 	at symlab.CloudAR.network.TransmissionTask.run(TransmissionTask.java:124)
11-06 10:50:33.265 25360 25405 W System.err: 	at android.os.Handler.handleCallback(Handler.java:907)
11-06 10:50:33.265 25360 25405 W System.err: 	at android.os.Handler.dispatchMessage(Handler.java:105)
11-06 10:50:33.265 25360 25405 W System.err: 	at android.os.Looper.loop(Looper.java:216)
11-06 10:50:33.266 25360 25405 W System.err: 	at android.os.HandlerThread.run(HandlerThread.java:65)
11-06 10:50:33.294 25360 25405 W System.err: java.net.SocketException: Message too long
11-06 10:50:33.294 25360 25405 W System.err: 	at sun.nio.ch.DatagramChannelImpl.send0(Native Method)
11-06 10:50:33.294 25360 25405 W System.err: 	at sun.nio.ch.DatagramChannelImpl.sendFromNativeBuffer(DatagramChannelImpl.java:573)
11-06 10:50:33.294 25360 25405 W System.err: 	at sun.nio.ch.DatagramChannelImpl.send(DatagramChannelImpl.java:550)
11-06 10:50:33.294 25360 25405 W System.err: 	at sun.nio.ch.DatagramChannelImpl.send(DatagramChannelImpl.java:514)
11-06 10:50:33.294 25360 25405 W System.err: 	at symlab.CloudAR.network.TransmissionTask.run(TransmissionTask.java:124)
11-06 10:50:33.294 25360 25405 W System.err: 	at android.os.Handler.handleCallback(Handler.java:907)
11-06 10:50:33.294 25360 25405 W System.err: 	at android.os.Handler.dispatchMessage(Handler.java:105)
11-06 10:50:33.294 25360 25405 W System.err: 	at android.os.Looper.loop(Looper.java:216)
11-06 10:50:33.294 25360 25405 W System.err: 	at android.os.HandlerThread.run(HandlerThread.java:65)
11-06 10:50:33.340 25360 25405 W System.err: java.net.SocketException: Message too long
11-06 10:50:33.340 25360 25405 W System.err: 	at sun.nio.ch.DatagramChannelImpl.send0(Native Method)
11-06 10:50:33.340 25360 25405 W System.err: 	at sun.nio.ch.DatagramChannelImpl.sendFromNativeBuffer(DatagramChannelImpl.java:573)
11-06 10:50:33.340 25360 25405 W System.err: 	at sun.nio.ch.DatagramChannelImpl.send(DatagramChannelImpl.java:550)
11-06 10:50:33.341 25360 25405 W System.err: 	at sun.nio.ch.DatagramChannelImpl.send(DatagramChannelImpl.java:514)
11-06 10:50:33.341 25360 25405 W System.err: 	at symlab.CloudAR.network.TransmissionTask.run(TransmissionTask.java:124)
11-06 10:50:33.341 25360 25405 W System.err: 	at android.os.Handler.handleCallback(Handler.java:907)
11-06 10:50:33.341 25360 25405 W System.err: 	at android.os.Handler.dispatchMessage(Handler.java:105)
11-06 10:50:33.341 25360 25405 W System.err: 	at android.os.Looper.loop(Looper.java:216)
11-06 10:50:33.341 25360 25405 W System.err: 	at android.os.HandlerThread.run(HandlerThread.java:65)
11-06 10:50:33.356 25360 25360 D Poster  : At 1573030233356 location is 65.05857402294764 (latitude), and 25.468906208473545 (longitude)
11-06 10:50:33.358 25360 25360 D Poster  : Connected to mobile network 20
11-06 10:50:33.369 25360 25405 W System.err: java.net.SocketException: Message too long
11-06 10:50:33.369 25360 25405 W System.err: 	at sun.nio.ch.DatagramChannelImpl.send0(Native Method)
11-06 10:50:33.369 25360 25405 W System.err: 	at sun.nio.ch.DatagramChannelImpl.sendFromNativeBuffer(DatagramChannelImpl.java:573)
11-06 10:50:33.369 25360 25405 W System.err: 	at sun.nio.ch.DatagramChannelImpl.send(DatagramChannelImpl.java:550)
11-06 10:50:33.369 25360 25405 W System.err: 	at sun.nio.ch.DatagramChannelImpl.send(DatagramChannelImpl.java:514)
11-06 10:50:33.369 25360 25405 W System.err: 	at symlab.CloudAR.network.TransmissionTask.run(TransmissionTask.java:124)
11-06 10:50:33.369 25360 25405 W System.err: 	at android.os.Handler.handleCallback(Handler.java:907)
11-06 10:50:33.369 25360 25405 W System.err: 	at android.os.Handler.dispatchMessage(Handler.java:105)
11-06 10:50:33.369 25360 25405 W System.err: 	at android.os.Looper.loop(Looper.java:216)
11-06 10:50:33.369 25360 25405 W System.err: 	at android.os.HandlerThread.run(HandlerThread.java:65)
11-06 10:50:33.391 25360 25405 W System.err: java.net.SocketException: Message too long
11-06 10:50:33.391 25360 25405 W System.err: 	at sun.nio.ch.DatagramChannelImpl.send0(Native Method)
11-06 10:50:33.392 25360 25405 W System.err: 	at sun.nio.ch.DatagramChannelImpl.sendFromNativeBuffer(DatagramChannelImpl.java:573)
11-06 10:50:33.392 25360 25405 W System.err: 	at sun.nio.ch.DatagramChannelImpl.send(DatagramChannelImpl.java:550)
11-06 10:50:33.392 25360 25405 W System.err: 	at sun.nio.ch.DatagramChannelImpl.send(DatagramChannelImpl.java:514)
11-06 10:50:33.392 25360 25405 W System.err: 	at symlab.CloudAR.network.TransmissionTask.run(TransmissionTask.java:124)
11-06 10:50:33.392 25360 25405 W System.err: 	at android.os.Handler.handleCallback(Handler.java:907)
11-06 10:50:33.392 25360 25405 W System.err: 	at android.os.Handler.dispatchMessage(Handler.java:105)
11-06 10:50:33.392 25360 25405 W System.err: 	at android.os.Looper.loop(Looper.java:216)
11-06 10:50:33.392 25360 25405 W System.err: 	at android.os.HandlerThread.run(HandlerThread.java:65)
11-06 10:50:33.421 25360 25405 W System.err: java.net.SocketException: Message too long
11-06 10:50:33.421 25360 25405 W System.err: 	at sun.nio.ch.DatagramChannelImpl.send0(Native Method)
11-06 10:50:33.421 25360 25405 W System.err: 	at sun.nio.ch.DatagramChannelImpl.sendFromNativeBuffer(DatagramChannelImpl.java:573)
11-06 10:50:33.422 25360 25405 W System.err: 	at sun.nio.ch.DatagramChannelImpl.send(DatagramChannelImpl.java:550)
11-06 10:50:33.422 25360 25405 W System.err: 	at sun.nio.ch.DatagramChannelImpl.send(DatagramChannelImpl.java:514)
11-06 10:50:33.422 25360 25405 W System.err: 	at symlab.CloudAR.network.TransmissionTask.run(TransmissionTask.java:124)
11-06 10:50:33.422 25360 25405 W System.err: 	at android.os.Handler.handleCallback(Handler.java:907)
11-06 10:50:33.422 25360 25405 W System.err: 	at android.os.Handler.dispatchMessage(Handler.java:105)
11-06 10:50:33.422 25360 25405 W System.err: 	at android.os.Looper.loop(Looper.java:216)
11-06 10:50:33.422 25360 25405 W System.err: 	at android.os.HandlerThread.run(HandlerThread.java:65)
11-06 10:50:33.460 25360 25405 W System.err: java.net.SocketException: Message too long
11-06 10:50:33.460 25360 25405 W System.err: 	at sun.nio.ch.DatagramChannelImpl.send0(Native Method)
11-06 10:50:33.460 25360 25405 W System.err: 	at sun.nio.ch.DatagramChannelImpl.sendFromNativeBuffer(DatagramChannelImpl.java:573)
11-06 10:50:33.461 25360 25405 W System.err: 	at sun.nio.ch.DatagramChannelImpl.send(DatagramChannelImpl.java:550)
11-06 10:50:33.461 25360 25405 W System.err: 	at sun.nio.ch.DatagramChannelImpl.send(DatagramChannelImpl.java:514)
11-06 10:50:33.461 25360 25405 W System.err: 	at symlab.CloudAR.network.TransmissionTask.run(TransmissionTask.java:124)
11-06 10:50:33.461 25360 25405 W System.err: 	at android.os.Handler.handleCallback(Handler.java:907)
11-06 10:50:33.461 25360 25405 W System.err: 	at android.os.Handler.dispatchMessage(Handler.java:105)
11-06 10:50:33.461 25360 25405 W System.err: 	at android.os.Looper.loop(Looper.java:216)
11-06 10:50:33.461 25360 25405 W System.err: 	at android.os.HandlerThread.run(HandlerThread.java:65)
11-06 10:50:33.497 25360 25374 E         : [ZeroHung]zrhung_get_config: Get config failed for wp[0x0008]
11-06 10:50:33.498 25360 25405 W System.err: java.net.SocketException: Message too long
11-06 10:50:33.498 25360 25405 W System.err: 	at sun.nio.ch.DatagramChannelImpl.send0(Native Method)
11-06 10:50:33.498 25360 25405 W System.err: 	at sun.nio.ch.DatagramChannelImpl.sendFromNativeBuffer(DatagramChannelImpl.java:573)
11-06 10:50:33.498 25360 25405 W System.err: 	at sun.nio.ch.DatagramChannelImpl.send(DatagramChannelImpl.java:550)
11-06 10:50:33.498 25360 25405 W System.err: 	at sun.nio.ch.DatagramChannelImpl.send(DatagramChannelImpl.java:514)
11-06 10:50:33.498 25360 25405 W System.err: 	at symlab.CloudAR.network.TransmissionTask.run(TransmissionTask.java:124)
11-06 10:50:33.498 25360 25405 W System.err: 	at android.os.Handler.handleCallback(Handler.java:907)
11-06 10:50:33.498 25360 25405 W System.err: 	at android.os.Handler.dispatchMessage(Handler.java:105)
11-06 10:50:33.498 25360 25405 W System.err: 	at android.os.Looper.loop(Looper.java:216)
11-06 10:50:33.498 25360 25405 W System.err: 	at android.os.HandlerThread.run(HandlerThread.java:65)
11-06 10:50:33.526 25360 25405 W System.err: java.net.SocketException: Message too long
11-06 10:50:33.526 25360 25405 W System.err: 	at sun.nio.ch.DatagramChannelImpl.send0(Native Method)
11-06 10:50:33.526 25360 25405 W System.err: 	at sun.nio.ch.DatagramChannelImpl.sendFromNativeBuffer(DatagramChannelImpl.java:573)
11-06 10:50:33.526 25360 25405 W System.err: 	at sun.nio.ch.DatagramChannelImpl.send(DatagramChannelImpl.java:550)
11-06 10:50:33.526 25360 25405 W System.err: 	at sun.nio.ch.DatagramChannelImpl.send(DatagramChannelImpl.java:514)
11-06 10:50:33.526 25360 25405 W System.err: 	at symlab.CloudAR.network.TransmissionTask.run(TransmissionTask.java:124)
11-06 10:50:33.526 25360 25405 W System.err: 	at android.os.Handler.handleCallback(Handler.java:907)
11-06 10:50:33.526 25360 25405 W System.err: 	at android.os.Handler.dispatchMessage(Handler.java:105)
11-06 10:50:33.526 25360 25405 W System.err: 	at android.os.Looper.loop(Looper.java:216)
11-06 10:50:33.526 25360 25405 W System.err: 	at android.os.HandlerThread.run(HandlerThread.java:65)
11-06 10:50:33.573 25360 25405 W System.err: java.net.SocketException: Message too long
11-06 10:50:33.574 25360 25405 W System.err: 	at sun.nio.ch.DatagramChannelImpl.send0(Native Method)
11-06 10:50:33.574 25360 25405 W System.err: 	at sun.nio.ch.DatagramChannelImpl.sendFromNativeBuffer(DatagramChannelImpl.java:573)
11-06 10:50:33.574 25360 25405 W System.err: 	at sun.nio.ch.DatagramChannelImpl.send(DatagramChannelImpl.java:550)
11-06 10:50:33.574 25360 25405 W System.err: 	at sun.nio.ch.DatagramChannelImpl.send(DatagramChannelImpl.java:514)
11-06 10:50:33.574 25360 25405 W System.err: 	at symlab.CloudAR.network.TransmissionTask.run(TransmissionTask.java:124)
11-06 10:50:33.574 25360 25405 W System.err: 	at android.os.Handler.handleCallback(Handler.java:907)
11-06 10:50:33.574 25360 25405 W System.err: 	at android.os.Handler.dispatchMessage(Handler.java:105)
11-06 10:50:33.574 25360 25405 W System.err: 	at android.os.Looper.loop(Looper.java:216)
11-06 10:50:33.574 25360 25405 W System.err: 	at android.os.HandlerThread.run(HandlerThread.java:65)
11-06 10:50:33.607 25360 25405 W System.err: java.net.SocketException: Message too long
11-06 10:50:33.607 25360 25405 W System.err: 	at sun.nio.ch.DatagramChannelImpl.send0(Native Method)
11-06 10:50:33.607 25360 25405 W System.err: 	at sun.nio.ch.DatagramChannelImpl.sendFromNativeBuffer(DatagramChannelImpl.java:573)
11-06 10:50:33.607 25360 25405 W System.err: 	at sun.nio.ch.DatagramChannelImpl.send(DatagramChannelImpl.java:550)
11-06 10:50:33.607 25360 25405 W System.err: 	at sun.nio.ch.DatagramChannelImpl.send(DatagramChannelImpl.java:514)
11-06 10:50:33.607 25360 25405 W System.err: 	at symlab.CloudAR.network.TransmissionTask.run(TransmissionTask.java:124)
11-06 10:50:33.607 25360 25405 W System.err: 	at android.os.Handler.handleCallback(Handler.java:907)
11-06 10:50:33.607 25360 25405 W System.err: 	at android.os.Handler.dispatchMessage(Handler.java:105)
11-06 10:50:33.607 25360 25405 W System.err: 	at android.os.Looper.loop(Looper.java:216)
11-06 10:50:33.607 25360 25405 W System.err: 	at android.os.HandlerThread.run(HandlerThread.java:65)
11-06 10:50:33.633 25360 25405 W System.err: java.net.SocketException: Message too long
11-06 10:50:33.633 25360 25405 W System.err: 	at sun.nio.ch.DatagramChannelImpl.send0(Native Method)
11-06 10:50:33.633 25360 25405 W System.err: 	at sun.nio.ch.DatagramChannelImpl.sendFromNativeBuffer(DatagramChannelImpl.java:573)
11-06 10:50:33.633 25360 25405 W System.err: 	at sun.nio.ch.DatagramChannelImpl.send(DatagramChannelImpl.java:550)
11-06 10:50:33.633 25360 25405 W System.err: 	at sun.nio.ch.DatagramChannelImpl.send(DatagramChannelImpl.java:514)
11-06 10:50:33.633 25360 25405 W System.err: 	at symlab.CloudAR.network.TransmissionTask.run(TransmissionTask.java:124)
11-06 10:50:33.633 25360 25405 W System.err: 	at android.os.Handler.handleCallback(Handler.java:907)
11-06 10:50:33.633 25360 25405 W System.err: 	at android.os.Handler.dispatchMessage(Handler.java:105)
11-06 10:50:33.633 25360 25405 W System.err: 	at android.os.Looper.loop(Looper.java:216)
11-06 10:50:33.633 25360 25405 W System.err: 	at android.os.HandlerThread.run(HandlerThread.java:65)
11-06 10:50:33.661 25360 25405 W System.err: java.net.SocketException: Message too long
11-06 10:50:33.661 25360 25405 W System.err: 	at sun.nio.ch.DatagramChannelImpl.send0(Native Method)
11-06 10:50:33.661 25360 25405 W System.err: 	at sun.nio.ch.DatagramChannelImpl.sendFromNativeBuffer(DatagramChannelImpl.java:573)
11-06 10:50:33.661 25360 25405 W System.err: 	at sun.nio.ch.DatagramChannelImpl.send(DatagramChannelImpl.java:550)
11-06 10:50:33.661 25360 25405 W System.err: 	at sun.nio.ch.DatagramChannelImpl.send(DatagramChannelImpl.java:514)
11-06 10:50:33.661 25360 25405 W System.err: 	at symlab.CloudAR.network.TransmissionTask.run(TransmissionTask.java:124)
11-06 10:50:33.661 25360 25405 W System.err: 	at android.os.Handler.handleCallback(Handler.java:907)
11-06 10:50:33.661 25360 25405 W System.err: 	at android.os.Handler.dispatchMessage(Handler.java:105)
11-06 10:50:33.661 25360 25405 W System.err: 	at android.os.Looper.loop(Looper.java:216)
11-06 10:50:33.661 25360 25405 W System.err: 	at android.os.HandlerThread.run(HandlerThread.java:65)
11-06 10:50:33.703 25360 25405 W System.err: java.net.SocketException: Message too long
11-06 10:50:33.703 25360 25405 W System.err: 	at sun.nio.ch.DatagramChannelImpl.send0(Native Method)
