--------- beginning of main
11-05 12:53:38.023 12568 12600 E         : [ZeroHung]zrhung_get_config: Get config failed for wp[0x0102]
11-05 12:53:38.023 12568 12600 W ZrHung.AppEyeUiProbe: Failed to get config from zrhung
11-05 12:53:38.027 12568 12568 I MultiDex: Installing application
11-05 12:53:38.027 12568 12568 I MultiDex: VM has multidex support, MultiDex support library is disabled.
11-05 12:53:38.028 12598 12598 W logcat  : type=1400 audit(0.0:3731): avc: granted { create } for name="logcat_1572951218015.txt" scontext=u:r:untrusted_app:s0:c149,c256,c512,c768 tcontext=u:object_r:sdcardfs:s0:c149,c256,c512,c768 tclass=file
--------- beginning of system
11-05 12:53:38.030 12568 12568 V ActivityThread: callActivityOnCreate
11-05 12:53:38.030 12568 12568 I Poster  :  onCreate() called.
11-05 12:53:38.033 12568 12568 I HwApsImpl: APS: new HwApsImpl created
11-05 12:53:38.040 12568 12568 V HwWidgetFactory: : successes to get AllImpl object and return....
11-05 12:53:38.047 12568 12568 D OpenGLRenderer: Skia GL Pipeline
11-05 12:53:38.071 12568 12568 D Poster  : Server bound to IP 193.166.28.132 and port 52727
11-05 12:53:38.073 12568 12611 D Evaluation: metadata 0 sent 
11-05 12:53:38.074 12568 12568 D ActivityThread: add activity client record, r= ActivityRecord{1a947b3 token=android.os.BinderProxy@d3b22ca {symlab.cloudridar.arhud/symlab.ARHUD.MainActivity}} token= android.os.BinderProxy@d3b22ca
11-05 12:53:38.076 12568 12568 I Poster  :  onStart() called.
11-05 12:53:38.077 12568 12568 D ZrHung.AppEyeUiProbe: notify runnable to start.
11-05 12:53:38.080 12568 12568 I Poster  :  onResume() called.
11-05 12:53:38.085 12568 12568 I PermissionManager: camera remind result:true
11-05 12:53:38.085 12568 12568 I Camera  : open camera: 0, package name: symlab.cloudridar.arhud
11-05 12:53:38.086 12568 12568 I BackgroundPermManager: pkgName: symlab.cloudridar.arhud,pid: 12568 ,uidOf3RdApk: 10149 ,permType: 0 ,permCfg: 1
11-05 12:53:38.087 12568 12568 I HwCameraUtil: notifySurfaceFlingerCameraStatus : isFront = false , isOpend = true
11-05 12:53:38.095 12568 12568 D ActivityThread: isOptEnabled=false isWechatScanOpt=false
11-05 12:53:38.097 12568 12568 I HwSecImmHelper: mSecurityInputMethodService is null
11-05 12:53:38.107 12568 12568 D OpenGLRenderer:   HWUI Binary is  enabled
11-05 12:53:38.128 12568 12633 D HiTouch_PressGestureDetector: onAttached, package=symlab.cloudridar.arhud, windowType=1, mHiTouchRestricted=false
11-05 12:53:38.139 12568 12631 I ConfigStore: android::hardware::configstore::V1_0::ISurfaceFlingerConfigs::hasWideColorDisplay retrieved: 0
11-05 12:53:38.139 12568 12631 I ConfigStore: android::hardware::configstore::V1_0::ISurfaceFlingerConfigs::hasHDRDisplay retrieved: 0
11-05 12:53:38.139 12568 12631 I iGraphics: [0020080c] pn: symlab.cloudridar.arhud, p: 12568
11-05 12:53:38.139 12568 12631 I OpenGLRenderer: Initialized EGL, version 1.4, mEglDisplay 0x1
11-05 12:53:38.139 12568 12631 D OpenGLRenderer: Swap behavior 2
11-05 12:53:38.148 12568 12631 D mali_winsys: EGLint new_window_surface(egl_winsys_display *, void *, EGLSurface, EGLConfig, egl_winsys_surface **, EGLBoolean) returns 0x3000
11-05 12:53:38.164 12568 12568 I Poster  :  surfaceCreated() called.
11-05 12:53:38.165 12568 12568 I Poster  : initPreview() called
11-05 12:53:38.170 12568 12568 I PermissionManager: camera remind result:true
11-05 12:53:38.174 12568 12568 I Poster  :  surfaceChanged() called.
11-05 12:53:38.192 12568 12568 W InputMethodManager: startInputReason = 1
11-05 12:53:38.206 12568 12568 W InputMethodManager: startInputReason = 5
11-05 12:53:38.434 12568 12611 D Evaluation: metadata 1 sent 
11-05 12:53:38.466 12568 12611 D Evaluation: metadata 2 sent 
11-05 12:53:38.529 12568 12611 D Evaluation: metadata 3 sent 
11-05 12:53:38.593 12568 12611 D Evaluation: metadata 4 sent 
11-05 12:53:38.649 12568 12611 D Evaluation: metadata 5 sent 
11-05 12:53:38.726 12568 12611 D Evaluation: Frame 6 sent at 1572951218726
11-05 12:53:38.778 12568 12611 D Evaluation: Frame 7 sent at 1572951218778
11-05 12:53:38.838 12568 12611 D Evaluation: Frame 8 sent at 1572951218838
11-05 12:53:38.839 12568 12611 D Evaluation: 0 res for frame 6 received at 1572951218839
11-05 12:53:38.899 12568 12611 D Evaluation: Frame 9 sent at 1572951218899
11-05 12:53:38.900 12568 12611 D Evaluation: 0 res for frame 7 received at 1572951218900
11-05 12:53:38.964 12568 12611 D Evaluation: Frame 10 sent at 1572951218964
11-05 12:53:38.965 12568 12611 D Evaluation: 0 res for frame 8 received at 1572951218965
11-05 12:53:39.022 12568 12611 D Evaluation: Frame 11 sent at 1572951219022
11-05 12:53:39.023 12568 12611 D Evaluation: 0 res for frame 9 received at 1572951219023
11-05 12:53:39.079 12568 12611 D Evaluation: Frame 12 sent at 1572951219079
11-05 12:53:39.080 12568 12611 D Evaluation: 0 res for frame 10 received at 1572951219080
11-05 12:53:39.137 12568 12611 D Evaluation: Frame 13 sent at 1572951219137
11-05 12:53:39.138 12568 12611 D Evaluation: 0 res for frame 11 received at 1572951219138
11-05 12:53:39.200 12568 12611 D Evaluation: Frame 14 sent at 1572951219200
11-05 12:53:39.201 12568 12611 D Evaluation: 0 res for frame 12 received at 1572951219201
11-05 12:53:39.259 12568 12611 D Evaluation: Frame 15 sent at 1572951219259
11-05 12:53:39.260 12568 12611 D Evaluation: 0 res for frame 13 received at 1572951219260
11-05 12:53:39.319 12568 12611 D Evaluation: Frame 16 sent at 1572951219319
11-05 12:53:39.320 12568 12611 D Evaluation: 0 res for frame 14 received at 1572951219320
11-05 12:53:39.394 12568 12611 D Evaluation: Frame 17 sent at 1572951219393
11-05 12:53:39.395 12568 12611 D Evaluation: 0 res for frame 15 received at 1572951219395
11-05 12:53:39.465 12568 12611 D Evaluation: Frame 18 sent at 1572951219465
11-05 12:53:39.467 12568 12611 D Evaluation: 0 res for frame 16 received at 1572951219467
11-05 12:53:39.520 12568 12611 D Evaluation: Frame 19 sent at 1572951219520
11-05 12:53:39.522 12568 12611 D Evaluation: 0 res for frame 17 received at 1572951219522
11-05 12:53:39.595 12568 12611 D Evaluation: Frame 21 sent at 1572951219595
11-05 12:53:39.596 12568 12611 D Evaluation: 0 res for frame 18 received at 1572951219596
11-05 12:53:39.616 12568 12611 D Evaluation: Frame 22 sent at 1572951219616
11-05 12:53:39.617 12568 12611 D Evaluation: 0 res for frame 19 received at 1572951219617
11-05 12:53:39.630 12568 12611 D Evaluation: Frame 22 sent at 1572951219630
11-05 12:53:39.660 12568 12611 D Evaluation: Frame 23 sent at 1572951219660
11-05 12:53:39.692 12568 12611 D Evaluation: Frame 24 sent at 1572951219692
11-05 12:53:39.736 12568 12611 D Evaluation: Frame 25 sent at 1572951219736
11-05 12:53:39.738 12568 12611 D Evaluation: 0 res for frame 21 received at 1572951219738
11-05 12:53:39.767 12568 12611 D Evaluation: Frame 26 sent at 1572951219767
11-05 12:53:39.768 12568 12611 D Evaluation: 0 res for frame 22 received at 1572951219768
11-05 12:53:39.812 12568 12611 D Evaluation: Frame 27 sent at 1572951219812
11-05 12:53:39.847 12568 12611 D Evaluation: Frame 28 sent at 1572951219847
11-05 12:53:39.850 12568 12611 D Evaluation: 0 res for frame 22 received at 1572951219850
11-05 12:53:39.873 12568 12611 D Evaluation: Frame 29 sent at 1572951219873
11-05 12:53:39.937 12568 12611 D Evaluation: Frame 30 sent at 1572951219937
11-05 12:53:39.938 12568 12611 D Evaluation: 0 res for frame 23 received at 1572951219938
11-05 12:53:39.974 12568 12583 E         : [ZeroHung]zrhung_get_config: Get config failed for wp[0x0008]
11-05 12:53:39.974 12568 12611 D Evaluation: Frame 31 sent at 1572951219974
11-05 12:53:39.994 12568 12581 W System  : A resource failed to call close. 
11-05 12:53:39.996 12568 12581 I chatty  : uid=10149(symlab.cloudridar.arhud) FinalizerDaemon identical 34 lines
11-05 12:53:39.996 12568 12581 W System  : A resource failed to call close. 
11-05 12:53:40.007 12568 12611 D Evaluation: Frame 32 sent at 1572951220007
11-05 12:53:40.008 12568 12611 D Evaluation: 0 res for frame 24 received at 1572951220008
11-05 12:53:40.037 12568 12611 D Evaluation: Frame 33 sent at 1572951220037
11-05 12:53:40.090 12568 12611 D Evaluation: Frame 35 sent at 1572951220090
11-05 12:53:40.105 12568 12611 D Evaluation: Frame 35 sent at 1572951220105
11-05 12:53:40.106 12568 12611 D Evaluation: 0 res for frame 25 received at 1572951220106
11-05 12:53:40.133 12568 12611 D Evaluation: Frame 36 sent at 1572951220133
11-05 12:53:40.169 12568 12611 D Evaluation: Frame 37 sent at 1572951220169
11-05 12:53:40.209 12568 12611 D Evaluation: Frame 38 sent at 1572951220209
11-05 12:53:40.211 12568 12611 D Evaluation: 1 res for frame 26 received at 1572951220210
11-05 12:53:40.245 12568 12611 D Evaluation: Frame 39 sent at 1572951220245
11-05 12:53:40.275 12568 12611 D Evaluation: Frame 40 sent at 1572951220275
11-05 12:53:40.276 12568 12611 D Evaluation: 1 res for frame 27 received at 1572951220276
11-05 12:53:40.299 12568 12611 D Evaluation: Frame 41 sent at 1572951220299
11-05 12:53:40.329 12568 12611 D Evaluation: Frame 42 sent at 1572951220329
11-05 12:53:40.363 12568 12611 D Evaluation: Frame 43 sent at 1572951220363
11-05 12:53:40.366 12568 12611 D Evaluation: 1 res for frame 28 received at 1572951220365
11-05 12:53:40.396 12568 12611 D Evaluation: Frame 44 sent at 1572951220396
11-05 12:53:40.438 12568 12611 D Evaluation: Frame 45 sent at 1572951220438
11-05 12:53:40.466 12568 12611 D Evaluation: Frame 46 sent at 1572951220466
11-05 12:53:40.500 12568 12611 D Evaluation: Frame 47 sent at 1572951220500
11-05 12:53:40.537 12568 12611 D Evaluation: Frame 48 sent at 1572951220537
11-05 12:53:40.581 12568 12611 D Evaluation: Frame 49 sent at 1572951220581
11-05 12:53:40.609 12568 12611 D Evaluation: Frame 50 sent at 1572951220609
11-05 12:53:40.637 12568 12611 D Evaluation: Frame 51 sent at 1572951220637
11-05 12:53:40.678 12568 12611 D Evaluation: Frame 52 sent at 1572951220678
11-05 12:53:40.707 12568 12611 D Evaluation: Frame 53 sent at 1572951220707
11-05 12:53:40.748 12568 12611 D Evaluation: Frame 54 sent at 1572951220748
11-05 12:53:40.778 12568 12611 D Evaluation: Frame 55 sent at 1572951220778
11-05 12:53:40.827 12568 12611 D Evaluation: Frame 56 sent at 1572951220827
11-05 12:53:40.848 12568 12611 D Evaluation: Frame 57 sent at 1572951220848
11-05 12:53:40.875 12568 12611 D Evaluation: Frame 58 sent at 1572951220875
11-05 12:53:40.910 12568 12611 D Evaluation: Frame 59 sent at 1572951220910
11-05 12:53:40.935 12568 12611 D Evaluation: Frame 60 sent at 1572951220935
11-05 12:53:40.965 12568 12611 D Evaluation: Frame 61 sent at 1572951220965
11-05 12:53:41.004 12568 12611 D Evaluation: Frame 62 sent at 1572951221004
11-05 12:53:41.042 12568 12611 D Evaluation: Frame 63 sent at 1572951221042
11-05 12:53:41.077 12568 12611 D Evaluation: Frame 64 sent at 1572951221077
11-05 12:53:41.123 12568 12611 D Evaluation: Frame 65 sent at 1572951221123
11-05 12:53:41.153 12568 12611 D Evaluation: Frame 66 sent at 1572951221153
11-05 12:53:41.195 12568 12611 D Evaluation: Frame 67 sent at 1572951221195
11-05 12:53:41.217 12568 12611 D Evaluation: Frame 68 sent at 1572951221217
11-05 12:53:41.249 12568 12611 D Evaluation: Frame 69 sent at 1572951221249
11-05 12:53:41.277 12568 12611 D Evaluation: Frame 70 sent at 1572951221277
11-05 12:53:41.312 12568 12611 D Evaluation: Frame 71 sent at 1572951221312
11-05 12:53:41.351 12568 12583 E         : [ZeroHung]zrhung_get_config: Get config failed for wp[0x0008]
11-05 12:53:41.351 12568 12611 D Evaluation: Frame 72 sent at 1572951221351
11-05 12:53:41.365 12568 12581 W System  : A resource failed to call close. 
11-05 12:53:41.366 12568 12581 I chatty  : uid=10149(symlab.cloudridar.arhud) FinalizerDaemon identical 8 lines
11-05 12:53:41.366 12568 12581 W System  : A resource failed to call close. 
11-05 12:53:41.391 12568 12611 D Evaluation: Frame 73 sent at 1572951221391
11-05 12:53:41.415 12568 12611 D Evaluation: Frame 74 sent at 1572951221415
11-05 12:53:41.458 12568 12611 D Evaluation: Frame 75 sent at 1572951221458
11-05 12:53:41.481 12568 12611 D Evaluation: Frame 76 sent at 1572951221481
11-05 12:53:41.532 12568 12611 D Evaluation: Frame 77 sent at 1572951221532
11-05 12:53:41.561 12568 12611 D Evaluation: Frame 78 sent at 1572951221561
11-05 12:53:41.586 12568 12611 D Evaluation: Frame 79 sent at 1572951221586
11-05 12:53:41.608 12568 12611 D Evaluation: Frame 80 sent at 1572951221608
11-05 12:53:41.648 12568 12611 D Evaluation: Frame 81 sent at 1572951221648
11-05 12:53:41.681 12568 12611 D Evaluation: Frame 82 sent at 1572951221681
11-05 12:53:41.754 12568 12611 D Evaluation: Frame 83 sent at 1572951221754
11-05 12:53:41.804 12568 12611 D Evaluation: Frame 85 sent at 1572951221804
11-05 12:53:41.827 12568 12611 D Evaluation: Frame 85 sent at 1572951221827
11-05 12:53:41.861 12568 12611 D Evaluation: Frame 86 sent at 1572951221861
11-05 12:53:41.882 12568 12611 D Evaluation: Frame 87 sent at 1572951221882
11-05 12:53:41.927 12568 12611 D Evaluation: Frame 88 sent at 1572951221927
11-05 12:53:41.945 12568 12611 D Evaluation: Frame 89 sent at 1572951221945
11-05 12:53:41.990 12568 12611 D Evaluation: Frame 90 sent at 1572951221990
11-05 12:53:42.028 12568 12611 D Evaluation: Frame 91 sent at 1572951222028
11-05 12:53:42.065 12568 12611 D Evaluation: Frame 93 sent at 1572951222065
11-05 12:53:42.083 12568 12611 D Evaluation: Frame 93 sent at 1572951222083
11-05 12:53:42.126 12568 12611 D Evaluation: Frame 94 sent at 1572951222126
11-05 12:53:42.153 12568 12611 D Evaluation: Frame 95 sent at 1572951222153
11-05 12:53:42.197 12568 12611 D Evaluation: Frame 96 sent at 1572951222197
11-05 12:53:42.221 12568 12611 D Evaluation: Frame 97 sent at 1572951222221
11-05 12:53:42.268 12568 12611 D Evaluation: Frame 99 sent at 1572951222268
11-05 12:53:42.287 12568 12611 D Evaluation: Frame 99 sent at 1572951222287
11-05 12:53:42.334 12568 12611 D Evaluation: Frame 100 sent at 1572951222334
11-05 12:53:42.357 12568 12611 D Evaluation: Frame 101 sent at 1572951222357
11-05 12:53:42.403 12568 12611 D Evaluation: Frame 102 sent at 1572951222403
11-05 12:53:42.429 12568 12611 D Evaluation: Frame 103 sent at 1572951222429
11-05 12:53:42.453 12568 12611 D Evaluation: Frame 104 sent at 1572951222453
11-05 12:53:42.495 12568 12611 D Evaluation: Frame 105 sent at 1572951222495
11-05 12:53:42.531 12568 12611 D Evaluation: Frame 106 sent at 1572951222531
11-05 12:53:42.549 12568 12568 D stylus  : init stylus touchlistener.
11-05 12:53:42.554 12568 12568 W Settings: Setting device_provisioned has moved from android.provider.Settings.Secure to android.provider.Settings.Global.
11-05 12:53:42.555 12568 12568 V HiTouch_HiTouchSensor: User setup is finished.
11-05 12:53:42.566 12568 12611 D Evaluation: Frame 107 sent at 1572951222566
11-05 12:53:42.598 12568 12611 D Evaluation: Frame 108 sent at 1572951222598
11-05 12:53:42.609 12568 12568 W HiTouch_PressGestureDetector: Touch pointer move a lot. The moving distance of X is:30.363403, limit is:60The moving distance of Y is:81.029144, limit is:60
11-05 12:53:42.629 12568 12611 D Evaluation: Frame 109 sent at 1572951222629
11-05 12:53:42.663 12568 12611 D Evaluation: Frame 110 sent at 1572951222663
11-05 12:53:42.692 12568 12611 D Evaluation: Frame 111 sent at 1572951222692
11-05 12:53:42.723 12568 12611 D Evaluation: Frame 112 sent at 1572951222723
11-05 12:53:42.751 12568 12611 D Evaluation: Frame 113 sent at 1572951222751
11-05 12:53:42.787 12568 12583 E         : [ZeroHung]zrhung_get_config: Get config failed for wp[0x0008]
11-05 12:53:42.788 12568 12611 D Evaluation: Frame 114 sent at 1572951222788
11-05 12:53:42.816 12568 12611 D Evaluation: Frame 115 sent at 1572951222816
11-05 12:53:42.856 12568 12611 D Evaluation: Frame 116 sent at 1572951222855
11-05 12:53:42.882 12568 12611 D Evaluation: Frame 117 sent at 1572951222882
11-05 12:53:42.920 12568 12611 D Evaluation: Frame 118 sent at 1572951222920
11-05 12:53:42.950 12568 12611 D Evaluation: Frame 119 sent at 1572951222950
11-05 12:53:42.981 12568 12611 D Evaluation: Frame 120 sent at 1572951222981
11-05 12:53:43.013 12568 12611 D Evaluation: Frame 121 sent at 1572951223013
11-05 12:53:43.015 12568 12568 I AwareBitmapCacher: init lrucache size: 2097152 pid=12568
11-05 12:53:43.051 12568 12611 D Evaluation: Frame 122 sent at 1572951223051
11-05 12:53:43.086 12568 12611 D Evaluation: Frame 123 sent at 1572951223086
11-05 12:53:43.117 12568 12611 D Evaluation: Frame 124 sent at 1572951223117
11-05 12:53:43.155 12568 12611 D Evaluation: Frame 125 sent at 1572951223155
11-05 12:53:43.186 12568 12611 D Evaluation: Frame 126 sent at 1572951223186
11-05 12:53:43.227 12568 12611 D Evaluation: Frame 127 sent at 1572951223227
11-05 12:53:43.257 12568 12611 D Evaluation: Frame 128 sent at 1572951223257
11-05 12:53:43.290 12568 12611 D Evaluation: Frame 129 sent at 1572951223290
11-05 12:53:43.319 12568 12611 D Evaluation: Frame 130 sent at 1572951223319
11-05 12:53:43.351 12568 12611 D Evaluation: Frame 131 sent at 1572951223351
11-05 12:53:43.395 12568 12611 D Evaluation: Frame 132 sent at 1572951223395
11-05 12:53:43.426 12568 12611 D Evaluation: Frame 133 sent at 1572951223426
11-05 12:53:43.453 12568 12611 D Evaluation: Frame 134 sent at 1572951223453
11-05 12:53:43.485 12568 12611 D Evaluation: Frame 135 sent at 1572951223485
11-05 12:53:43.519 12568 12611 D Evaluation: Frame 136 sent at 1572951223519
11-05 12:53:43.554 12568 12611 D Evaluation: Frame 137 sent at 1572951223554
11-05 12:53:43.600 12568 12611 D Evaluation: Frame 138 sent at 1572951223600
11-05 12:53:43.632 12568 12611 D Evaluation: Frame 139 sent at 1572951223632
11-05 12:53:43.653 12568 12611 D Evaluation: Frame 140 sent at 1572951223653
11-05 12:53:43.688 12568 12611 D Evaluation: Frame 141 sent at 1572951223687
11-05 12:53:43.719 12568 12611 D Evaluation: Frame 142 sent at 1572951223719
11-05 12:53:43.762 12568 12611 D Evaluation: Frame 143 sent at 1572951223762
11-05 12:53:43.787 12568 12611 D Evaluation: Frame 144 sent at 1572951223787
11-05 12:53:43.823 12568 12611 D Evaluation: Frame 145 sent at 1572951223823
11-05 12:53:43.858 12568 12611 D Evaluation: Frame 146 sent at 1572951223858
11-05 12:53:43.892 12568 12583 E         : [ZeroHung]zrhung_get_config: Get config failed for wp[0x0008]
11-05 12:53:43.893 12568 12611 D Evaluation: Frame 147 sent at 1572951223893
11-05 12:53:43.926 12568 12611 D Evaluation: Frame 148 sent at 1572951223926
11-05 12:53:43.955 12568 12611 D Evaluation: Frame 149 sent at 1572951223955
11-05 12:53:43.991 12568 12611 D Evaluation: Frame 150 sent at 1572951223991
11-05 12:53:44.027 12568 12611 D Evaluation: Frame 151 sent at 1572951224027
11-05 12:53:44.056 12568 12611 D Evaluation: Frame 152 sent at 1572951224056
11-05 12:53:44.098 12568 12611 D Evaluation: Frame 153 sent at 1572951224098
11-05 12:53:44.135 12568 12611 D Evaluation: Frame 154 sent at 1572951224135
11-05 12:53:44.164 12568 12611 D Evaluation: Frame 155 sent at 1572951224164
11-05 12:53:44.191 12568 12611 D Evaluation: Frame 156 sent at 1572951224191
11-05 12:53:44.227 12568 12611 D Evaluation: Frame 157 sent at 1572951224227
11-05 12:53:44.270 12568 12611 D Evaluation: Frame 158 sent at 1572951224270
11-05 12:53:44.292 12568 12611 D Evaluation: Frame 159 sent at 1572951224292
11-05 12:53:44.327 12568 12611 D Evaluation: Frame 160 sent at 1572951224327
11-05 12:53:44.359 12568 12611 D Evaluation: Frame 161 sent at 1572951224359
11-05 12:53:44.399 12568 12611 D Evaluation: Frame 162 sent at 1572951224399
11-05 12:53:44.437 12568 12611 D Evaluation: Frame 163 sent at 1572951224437
11-05 12:53:44.469 12568 12611 D Evaluation: Frame 164 sent at 1572951224469
11-05 12:53:44.493 12568 12611 D Evaluation: Frame 165 sent at 1572951224493
11-05 12:53:44.528 12568 12611 D Evaluation: Frame 166 sent at 1572951224528
11-05 12:53:44.582 12568 12611 D Evaluation: Frame 167 sent at 1572951224582
11-05 12:53:44.603 12568 12611 D Evaluation: Frame 168 sent at 1572951224603
11-05 12:53:44.638 12568 12611 D Evaluation: Frame 169 sent at 1572951224638
11-05 12:53:44.677 12568 12611 D Evaluation: Frame 170 sent at 1572951224677
11-05 12:53:44.698 12568 12611 D Evaluation: Frame 171 sent at 1572951224698
11-05 12:53:44.732 12568 12611 D Evaluation: Frame 172 sent at 1572951224732
11-05 12:53:44.766 12568 12611 D Evaluation: Frame 173 sent at 1572951224766
11-05 12:53:44.796 12568 12611 D Evaluation: Frame 174 sent at 1572951224796
11-05 12:53:44.833 12568 12611 D Evaluation: Frame 175 sent at 1572951224833
11-05 12:53:44.867 12568 12611 D Evaluation: Frame 176 sent at 1572951224867
11-05 12:53:44.897 12568 12611 D Evaluation: Frame 177 sent at 1572951224897
11-05 12:53:44.933 12568 12583 E         : [ZeroHung]zrhung_get_config: Get config failed for wp[0x0008]
11-05 12:53:44.934 12568 12611 D Evaluation: Frame 178 sent at 1572951224934
11-05 12:53:44.969 12568 12611 D Evaluation: Frame 179 sent at 1572951224969
11-05 12:53:44.997 12568 12611 D Evaluation: Frame 180 sent at 1572951224997
11-05 12:53:45.034 12568 12611 D Evaluation: Frame 181 sent at 1572951225034
11-05 12:53:45.066 12568 12611 D Evaluation: Frame 182 sent at 1572951225066
11-05 12:53:45.108 12568 12611 D Evaluation: Frame 183 sent at 1572951225108
11-05 12:53:45.137 12568 12611 D Evaluation: Frame 184 sent at 1572951225137
11-05 12:53:45.166 12568 12611 D Evaluation: Frame 185 sent at 1572951225166
11-05 12:53:45.203 12568 12611 D Evaluation: Frame 186 sent at 1572951225203
11-05 12:53:45.230 12568 12611 D Evaluation: Frame 187 sent at 1572951225230
11-05 12:53:45.277 12568 12611 D Evaluation: Frame 188 sent at 1572951225277
11-05 12:53:45.311 12568 12611 D Evaluation: Frame 189 sent at 1572951225311
11-05 12:53:45.335 12568 12611 W System.err: java.net.SocketException: Message too long
11-05 12:53:45.335 12568 12611 W System.err: 	at sun.nio.ch.DatagramChannelImpl.send0(Native Method)
11-05 12:53:45.335 12568 12611 W System.err: 	at sun.nio.ch.DatagramChannelImpl.sendFromNativeBuffer(DatagramChannelImpl.java:573)
11-05 12:53:45.335 12568 12611 W System.err: 	at sun.nio.ch.DatagramChannelImpl.send(DatagramChannelImpl.java:550)
11-05 12:53:45.335 12568 12611 W System.err: 	at sun.nio.ch.DatagramChannelImpl.send(DatagramChannelImpl.java:514)
11-05 12:53:45.336 12568 12611 W System.err: 	at symlab.CloudAR.network.TransmissionTask.run(TransmissionTask.java:124)
11-05 12:53:45.336 12568 12611 W System.err: 	at android.os.Handler.handleCallback(Handler.java:907)
11-05 12:53:45.336 12568 12611 W System.err: 	at android.os.Handler.dispatchMessage(Handler.java:105)
11-05 12:53:45.336 12568 12611 W System.err: 	at android.os.Looper.loop(Looper.java:216)
11-05 12:53:45.336 12568 12611 W System.err: 	at android.os.HandlerThread.run(HandlerThread.java:65)
11-05 12:53:45.390 12568 12611 D Evaluation: Frame 192 sent at 1572951225390
11-05 12:53:45.409 12568 12611 D Evaluation: Frame 192 sent at 1572951225409
11-05 12:53:45.443 12568 12611 D Evaluation: Frame 193 sent at 1572951225443
11-05 12:53:45.464 12568 12611 W System.err: java.net.SocketException: Message too long
11-05 12:53:45.464 12568 12611 W System.err: 	at sun.nio.ch.DatagramChannelImpl.send0(Native Method)
11-05 12:53:45.464 12568 12611 W System.err: 	at sun.nio.ch.DatagramChannelImpl.sendFromNativeBuffer(DatagramChannelImpl.java:573)
11-05 12:53:45.464 12568 12611 W System.err: 	at sun.nio.ch.DatagramChannelImpl.send(DatagramChannelImpl.java:550)
11-05 12:53:45.464 12568 12611 W System.err: 	at sun.nio.ch.DatagramChannelImpl.send(DatagramChannelImpl.java:514)
11-05 12:53:45.464 12568 12611 W System.err: 	at symlab.CloudAR.network.TransmissionTask.run(TransmissionTask.java:124)
11-05 12:53:45.464 12568 12611 W System.err: 	at android.os.Handler.handleCallback(Handler.java:907)
11-05 12:53:45.464 12568 12611 W System.err: 	at android.os.Handler.dispatchMessage(Handler.java:105)
11-05 12:53:45.464 12568 12611 W System.err: 	at android.os.Looper.loop(Looper.java:216)
11-05 12:53:45.465 12568 12611 W System.err: 	at android.os.HandlerThread.run(HandlerThread.java:65)
11-05 12:53:45.499 12568 12611 W System.err: java.net.SocketException: Message too long
11-05 12:53:45.499 12568 12611 W System.err: 	at sun.nio.ch.DatagramChannelImpl.send0(Native Method)
11-05 12:53:45.499 12568 12611 W System.err: 	at sun.nio.ch.DatagramChannelImpl.sendFromNativeBuffer(DatagramChannelImpl.java:573)
11-05 12:53:45.499 12568 12611 W System.err: 	at sun.nio.ch.DatagramChannelImpl.send(DatagramChannelImpl.java:550)
11-05 12:53:45.499 12568 12611 W System.err: 	at sun.nio.ch.DatagramChannelImpl.send(DatagramChannelImpl.java:514)
11-05 12:53:45.499 12568 12611 W System.err: 	at symlab.CloudAR.network.TransmissionTask.run(TransmissionTask.java:124)
11-05 12:53:45.499 12568 12611 W System.err: 	at android.os.Handler.handleCallback(Handler.java:907)
11-05 12:53:45.500 12568 12611 W System.err: 	at android.os.Handler.dispatchMessage(Handler.java:105)
11-05 12:53:45.500 12568 12611 W System.err: 	at android.os.Looper.loop(Looper.java:216)
11-05 12:53:45.500 12568 12611 W System.err: 	at android.os.HandlerThread.run(HandlerThread.java:65)
11-05 12:53:45.536 12568 12611 D Evaluation: Frame 196 sent at 1572951225536
11-05 12:53:45.581 12568 12611 D Evaluation: Frame 197 sent at 1572951225581
11-05 12:53:45.615 12568 12611 W System.err: java.net.SocketException: Message too long
11-05 12:53:45.615 12568 12611 W System.err: 	at sun.nio.ch.DatagramChannelImpl.send0(Native Method)
11-05 12:53:45.615 12568 12611 W System.err: 	at sun.nio.ch.DatagramChannelImpl.sendFromNativeBuffer(DatagramChannelImpl.java:573)
11-05 12:53:45.615 12568 12611 W System.err: 	at sun.nio.ch.DatagramChannelImpl.send(DatagramChannelImpl.java:550)
11-05 12:53:45.615 12568 12611 W System.err: 	at sun.nio.ch.DatagramChannelImpl.send(DatagramChannelImpl.java:514)
11-05 12:53:45.616 12568 12611 W System.err: 	at symlab.CloudAR.network.TransmissionTask.run(TransmissionTask.java:124)
11-05 12:53:45.616 12568 12611 W System.err: 	at android.os.Handler.handleCallback(Handler.java:907)
11-05 12:53:45.616 12568 12611 W System.err: 	at android.os.Handler.dispatchMessage(Handler.java:105)
11-05 12:53:45.616 12568 12611 W System.err: 	at android.os.Looper.loop(Looper.java:216)
11-05 12:53:45.616 12568 12611 W System.err: 	at android.os.HandlerThread.run(HandlerThread.java:65)
11-05 12:53:45.692 12568 12611 W System.err: java.net.SocketException: Message too long
11-05 12:53:45.692 12568 12611 W System.err: 	at sun.nio.ch.DatagramChannelImpl.send0(Native Method)
11-05 12:53:45.692 12568 12611 W System.err: 	at sun.nio.ch.DatagramChannelImpl.sendFromNativeBuffer(DatagramChannelImpl.java:573)
11-05 12:53:45.692 12568 12611 W System.err: 	at sun.nio.ch.DatagramChannelImpl.send(DatagramChannelImpl.java:550)
11-05 12:53:45.692 12568 12611 W System.err: 	at sun.nio.ch.DatagramChannelImpl.send(DatagramChannelImpl.java:514)
11-05 12:53:45.692 12568 12611 W System.err: 	at symlab.CloudAR.network.TransmissionTask.run(TransmissionTask.java:124)
11-05 12:53:45.692 12568 12611 W System.err: 	at android.os.Handler.handleCallback(Handler.java:907)
11-05 12:53:45.692 12568 12611 W System.err: 	at android.os.Handler.dispatchMessage(Handler.java:105)
11-05 12:53:45.692 12568 12611 W System.err: 	at android.os.Looper.loop(Looper.java:216)
11-05 12:53:45.692 12568 12611 W System.err: 	at android.os.HandlerThread.run(HandlerThread.java:65)
11-05 12:53:45.712 12568 12611 W System.err: java.net.SocketException: Message too long
11-05 12:53:45.712 12568 12611 W System.err: 	at sun.nio.ch.DatagramChannelImpl.send0(Native Method)
11-05 12:53:45.712 12568 12611 W System.err: 	at sun.nio.ch.DatagramChannelImpl.sendFromNativeBuffer(DatagramChannelImpl.java:573)
11-05 12:53:45.712 12568 12611 W System.err: 	at sun.nio.ch.DatagramChannelImpl.send(DatagramChannelImpl.java:550)
11-05 12:53:45.712 12568 12611 W System.err: 	at sun.nio.ch.DatagramChannelImpl.send(DatagramChannelImpl.java:514)
11-05 12:53:45.712 12568 12611 W System.err: 	at symlab.CloudAR.network.TransmissionTask.run(TransmissionTask.java:124)
11-05 12:53:45.712 12568 12611 W System.err: 	at android.os.Handler.handleCallback(Handler.java:907)
11-05 12:53:45.712 12568 12611 W System.err: 	at android.os.Handler.dispatchMessage(Handler.java:105)
11-05 12:53:45.712 12568 12611 W System.err: 	at android.os.Looper.loop(Looper.java:216)
11-05 12:53:45.712 12568 12611 W System.err: 	at android.os.HandlerThread.run(HandlerThread.java:65)
11-05 12:53:45.736 12568 12611 W System.err: java.net.SocketException: Message too long
11-05 12:53:45.736 12568 12611 W System.err: 	at sun.nio.ch.DatagramChannelImpl.send0(Native Method)
11-05 12:53:45.736 12568 12611 W System.err: 	at sun.nio.ch.DatagramChannelImpl.sendFromNativeBuffer(DatagramChannelImpl.java:573)
11-05 12:53:45.736 12568 12611 W System.err: 	at sun.nio.ch.DatagramChannelImpl.send(DatagramChannelImpl.java:550)
11-05 12:53:45.736 12568 12611 W System.err: 	at sun.nio.ch.DatagramChannelImpl.send(DatagramChannelImpl.java:514)
11-05 12:53:45.736 12568 12611 W System.err: 	at symlab.CloudAR.network.TransmissionTask.run(TransmissionTask.java:124)
11-05 12:53:45.736 12568 12611 W System.err: 	at android.os.Handler.handleCallback(Handler.java:907)
11-05 12:53:45.736 12568 12611 W System.err: 	at android.os.Handler.dispatchMessage(Handler.java:105)
11-05 12:53:45.736 12568 12611 W System.err: 	at android.os.Looper.loop(Looper.java:216)
11-05 12:53:45.736 12568 12611 W System.err: 	at android.os.HandlerThread.run(HandlerThread.java:65)
11-05 12:53:45.781 12568 12611 W System.err: java.net.SocketException: Message too long
11-05 12:53:45.781 12568 12611 W System.err: 	at sun.nio.ch.DatagramChannelImpl.send0(Native Method)
11-05 12:53:45.781 12568 12611 W System.err: 	at sun.nio.ch.DatagramChannelImpl.sendFromNativeBuffer(DatagramChannelImpl.java:573)
11-05 12:53:45.781 12568 12611 W System.err: 	at sun.nio.ch.DatagramChannelImpl.send(DatagramChannelImpl.java:550)
11-05 12:53:45.781 12568 12611 W System.err: 	at sun.nio.ch.DatagramChannelImpl.send(DatagramChannelImpl.java:514)
11-05 12:53:45.781 12568 12611 W System.err: 	at symlab.CloudAR.network.TransmissionTask.run(TransmissionTask.java:124)
11-05 12:53:45.781 12568 12611 W System.err: 	at android.os.Handler.handleCallback(Handler.java:907)
11-05 12:53:45.781 12568 12611 W System.err: 	at android.os.Handler.dispatchMessage(Handler.java:105)
11-05 12:53:45.781 12568 12611 W System.err: 	at android.os.Looper.loop(Looper.java:216)
11-05 12:53:45.781 12568 12611 W System.err: 	at android.os.HandlerThread.run(HandlerThread.java:65)
11-05 12:53:45.802 12568 12611 W System.err: java.net.SocketException: Message too long
11-05 12:53:45.802 12568 12611 W System.err: 	at sun.nio.ch.DatagramChannelImpl.send0(Native Method)
11-05 12:53:45.802 12568 12611 W System.err: 	at sun.nio.ch.DatagramChannelImpl.sendFromNativeBuffer(DatagramChannelImpl.java:573)
11-05 12:53:45.802 12568 12611 W System.err: 	at sun.nio.ch.DatagramChannelImpl.send(DatagramChannelImpl.java:550)
11-05 12:53:45.802 12568 12611 W System.err: 	at sun.nio.ch.DatagramChannelImpl.send(DatagramChannelImpl.java:514)
11-05 12:53:45.802 12568 12611 W System.err: 	at symlab.CloudAR.network.TransmissionTask.run(TransmissionTask.java:124)
11-05 12:53:45.802 12568 12611 W System.err: 	at android.os.Handler.handleCallback(Handler.java:907)
11-05 12:53:45.802 12568 12611 W System.err: 	at android.os.Handler.dispatchMessage(Handler.java:105)
11-05 12:53:45.802 12568 12611 W System.err: 	at android.os.Looper.loop(Looper.java:216)
11-05 12:53:45.802 12568 12611 W System.err: 	at android.os.HandlerThread.run(HandlerThread.java:65)
11-05 12:53:45.837 12568 12611 W System.err: java.net.SocketException: Message too long
11-05 12:53:45.837 12568 12611 W System.err: 	at sun.nio.ch.DatagramChannelImpl.send0(Native Method)
11-05 12:53:45.837 12568 12611 W System.err: 	at sun.nio.ch.DatagramChannelImpl.sendFromNativeBuffer(DatagramChannelImpl.java:573)
11-05 12:53:45.837 12568 12611 W System.err: 	at sun.nio.ch.DatagramChannelImpl.send(DatagramChannelImpl.java:550)
11-05 12:53:45.837 12568 12611 W System.err: 	at sun.nio.ch.DatagramChannelImpl.send(DatagramChannelImpl.java:514)
11-05 12:53:45.837 12568 12611 W System.err: 	at symlab.CloudAR.network.TransmissionTask.run(TransmissionTask.java:124)
11-05 12:53:45.837 12568 12611 W System.err: 	at android.os.Handler.handleCallback(Handler.java:907)
11-05 12:53:45.837 12568 12611 W System.err: 	at android.os.Handler.dispatchMessage(Handler.java:105)
11-05 12:53:45.837 12568 12611 W System.err: 	at android.os.Looper.loop(Looper.java:216)
11-05 12:53:45.837 12568 12611 W System.err: 	at android.os.HandlerThread.run(HandlerThread.java:65)
11-05 12:53:45.874 12568 12611 W System.err: java.net.SocketException: Message too long
11-05 12:53:45.874 12568 12611 W System.err: 	at sun.nio.ch.DatagramChannelImpl.send0(Native Method)
11-05 12:53:45.874 12568 12611 W System.err: 	at sun.nio.ch.DatagramChannelImpl.sendFromNativeBuffer(DatagramChannelImpl.java:573)
11-05 12:53:45.874 12568 12611 W System.err: 	at sun.nio.ch.DatagramChannelImpl.send(DatagramChannelImpl.java:550)
11-05 12:53:45.874 12568 12611 W System.err: 	at sun.nio.ch.DatagramChannelImpl.send(DatagramChannelImpl.java:514)
11-05 12:53:45.874 12568 12611 W System.err: 	at symlab.CloudAR.network.TransmissionTask.run(TransmissionTask.java:124)
11-05 12:53:45.874 12568 12611 W System.err: 	at android.os.Handler.handleCallback(Handler.java:907)
11-05 12:53:45.874 12568 12611 W System.err: 	at android.os.Handler.dispatchMessage(Handler.java:105)
11-05 12:53:45.874 12568 12611 W System.err: 	at android.os.Looper.loop(Looper.java:216)
11-05 12:53:45.874 12568 12611 W System.err: 	at android.os.HandlerThread.run(HandlerThread.java:65)
11-05 12:53:45.907 12568 12583 E         : [ZeroHung]zrhung_get_config: Get config failed for wp[0x0008]
11-05 12:53:45.908 12568 12611 W System.err: java.net.SocketException: Message too long
11-05 12:53:45.908 12568 12611 W System.err: 	at sun.nio.ch.DatagramChannelImpl.send0(Native Method)
11-05 12:53:45.908 12568 12611 W System.err: 	at sun.nio.ch.DatagramChannelImpl.sendFromNativeBuffer(DatagramChannelImpl.java:573)
11-05 12:53:45.908 12568 12611 W System.err: 	at sun.nio.ch.DatagramChannelImpl.send(DatagramChannelImpl.java:550)
11-05 12:53:45.908 12568 12611 W System.err: 	at sun.nio.ch.DatagramChannelImpl.send(DatagramChannelImpl.java:514)
11-05 12:53:45.908 12568 12611 W System.err: 	at symlab.CloudAR.network.TransmissionTask.run(TransmissionTask.java:124)
11-05 12:53:45.908 12568 12611 W System.err: 	at android.os.Handler.handleCallback(Handler.java:907)
11-05 12:53:45.908 12568 12611 W System.err: 	at android.os.Handler.dispatchMessage(Handler.java:105)
11-05 12:53:45.908 12568 12611 W System.err: 	at android.os.Looper.loop(Looper.java:216)
11-05 12:53:45.908 12568 12611 W System.err: 	at android.os.HandlerThread.run(HandlerThread.java:65)
11-05 12:53:45.940 12568 12611 W System.err: java.net.SocketException: Message too long
11-05 12:53:45.940 12568 12611 W System.err: 	at sun.nio.ch.DatagramChannelImpl.send0(Native Method)
11-05 12:53:45.940 12568 12611 W System.err: 	at sun.nio.ch.DatagramChannelImpl.sendFromNativeBuffer(DatagramChannelImpl.java:573)
11-05 12:53:45.940 12568 12611 W System.err: 	at sun.nio.ch.DatagramChannelImpl.send(DatagramChannelImpl.java:550)
11-05 12:53:45.940 12568 12611 W System.err: 	at sun.nio.ch.DatagramChannelImpl.send(DatagramChannelImpl.java:514)
11-05 12:53:45.940 12568 12611 W System.err: 	at symlab.CloudAR.network.TransmissionTask.run(TransmissionTask.java:124)
11-05 12:53:45.940 12568 12611 W System.err: 	at android.os.Handler.handleCallback(Handler.java:907)
11-05 12:53:45.940 12568 12611 W System.err: 	at android.os.Handler.dispatchMessage(Handler.java:105)
11-05 12:53:45.940 12568 12611 W System.err: 	at android.os.Looper.loop(Looper.java:216)
11-05 12:53:45.940 12568 12611 W System.err: 	at android.os.HandlerThread.run(HandlerThread.java:65)
11-05 12:53:46.022 12568 12611 W System.err: java.net.SocketException: Message too long
11-05 12:53:46.022 12568 12611 W System.err: 	at sun.nio.ch.DatagramChannelImpl.send0(Native Method)
11-05 12:53:46.022 12568 12611 W System.err: 	at sun.nio.ch.DatagramChannelImpl.sendFromNativeBuffer(DatagramChannelImpl.java:573)
11-05 12:53:46.022 12568 12611 W System.err: 	at sun.nio.ch.DatagramChannelImpl.send(DatagramChannelImpl.java:550)
11-05 12:53:46.022 12568 12611 W System.err: 	at sun.nio.ch.DatagramChannelImpl.send(DatagramChannelImpl.java:514)
11-05 12:53:46.022 12568 12611 W System.err: 	at symlab.CloudAR.network.TransmissionTask.run(TransmissionTask.java:124)
11-05 12:53:46.022 12568 12611 W System.err: 	at android.os.Handler.handleCallback(Handler.java:907)
11-05 12:53:46.022 12568 12611 W System.err: 	at android.os.Handler.dispatchMessage(Handler.java:105)
11-05 12:53:46.022 12568 12611 W System.err: 	at android.os.Looper.loop(Looper.java:216)
11-05 12:53:46.022 12568 12611 W System.err: 	at android.os.HandlerThread.run(HandlerThread.java:65)
11-05 12:53:46.048 12568 12611 W System.err: java.net.SocketException: Message too long
11-05 12:53:46.048 12568 12611 W System.err: 	at sun.nio.ch.DatagramChannelImpl.send0(Native Method)
11-05 12:53:46.048 12568 12611 W System.err: 	at sun.nio.ch.DatagramChannelImpl.sendFromNativeBuffer(DatagramChannelImpl.java:573)
11-05 12:53:46.048 12568 12611 W System.err: 	at sun.nio.ch.DatagramChannelImpl.send(DatagramChannelImpl.java:550)
11-05 12:53:46.048 12568 12611 W System.err: 	at sun.nio.ch.DatagramChannelImpl.send(DatagramChannelImpl.java:514)
11-05 12:53:46.048 12568 12611 W System.err: 	at symlab.CloudAR.network.TransmissionTask.run(TransmissionTask.java:124)
11-05 12:53:46.048 12568 12611 W System.err: 	at android.os.Handler.handleCallback(Handler.java:907)
11-05 12:53:46.048 12568 12611 W System.err: 	at android.os.Handler.dispatchMessage(Handler.java:105)
11-05 12:53:46.048 12568 12611 W System.err: 	at android.os.Looper.loop(Looper.java:216)
11-05 12:53:46.048 12568 12611 W System.err: 	at android.os.HandlerThread.run(HandlerThread.java:65)
11-05 12:53:46.075 12568 12611 D Evaluation: Frame 210 sent at 1572951226075
11-05 12:53:46.109 12568 12611 W System.err: java.net.SocketException: Message too long
11-05 12:53:46.109 12568 12611 W System.err: 	at sun.nio.ch.DatagramChannelImpl.send0(Native Method)
11-05 12:53:46.109 12568 12611 W System.err: 	at sun.nio.ch.DatagramChannelImpl.sendFromNativeBuffer(DatagramChannelImpl.java:573)
11-05 12:53:46.109 12568 12611 W System.err: 	at sun.nio.ch.DatagramChannelImpl.send(DatagramChannelImpl.java:550)
11-05 12:53:46.109 12568 12611 W System.err: 	at sun.nio.ch.DatagramChannelImpl.send(DatagramChannelImpl.java:514)
11-05 12:53:46.109 12568 12611 W System.err: 	at symlab.CloudAR.network.TransmissionTask.run(TransmissionTask.java:124)
11-05 12:53:46.109 12568 12611 W System.err: 	at android.os.Handler.handleCallback(Handler.java:907)
11-05 12:53:46.110 12568 12611 W System.err: 	at android.os.Handler.dispatchMessage(Handler.java:105)
11-05 12:53:46.110 12568 12611 W System.err: 	at android.os.Looper.loop(Looper.java:216)
11-05 12:53:46.110 12568 12611 W System.err: 	at android.os.HandlerThread.run(HandlerThread.java:65)
11-05 12:53:46.138 12568 12611 W System.err: java.net.SocketException: Message too long
11-05 12:53:46.138 12568 12611 W System.err: 	at sun.nio.ch.DatagramChannelImpl.send0(Native Method)
11-05 12:53:46.138 12568 12611 W System.err: 	at sun.nio.ch.DatagramChannelImpl.sendFromNativeBuffer(DatagramChannelImpl.java:573)
11-05 12:53:46.138 12568 12611 W System.err: 	at sun.nio.ch.DatagramChannelImpl.send(DatagramChannelImpl.java:550)
11-05 12:53:46.138 12568 12611 W System.err: 	at sun.nio.ch.DatagramChannelImpl.send(DatagramChannelImpl.java:514)
11-05 12:53:46.138 12568 12611 W System.err: 	at symlab.CloudAR.network.TransmissionTask.run(TransmissionTask.java:124)
11-05 12:53:46.138 12568 12611 W System.err: 	at android.os.Handler.handleCallback(Handler.java:907)
11-05 12:53:46.138 12568 12611 W System.err: 	at android.os.Handler.dispatchMessage(Handler.java:105)
11-05 12:53:46.138 12568 12611 W System.err: 	at android.os.Looper.loop(Looper.java:216)
11-05 12:53:46.138 12568 12611 W System.err: 	at android.os.HandlerThread.run(HandlerThread.java:65)
11-05 12:53:46.174 12568 12611 W System.err: java.net.SocketException: Message too long
11-05 12:53:46.174 12568 12611 W System.err: 	at sun.nio.ch.DatagramChannelImpl.send0(Native Method)
11-05 12:53:46.174 12568 12611 W System.err: 	at sun.nio.ch.DatagramChannelImpl.sendFromNativeBuffer(DatagramChannelImpl.java:573)
11-05 12:53:46.174 12568 12611 W System.err: 	at sun.nio.ch.DatagramChannelImpl.send(DatagramChannelImpl.java:550)
11-05 12:53:46.175 12568 12611 W System.err: 	at sun.nio.ch.DatagramChannelImpl.send(DatagramChannelImpl.java:514)
11-05 12:53:46.175 12568 12611 W System.err: 	at symlab.CloudAR.network.TransmissionTask.run(TransmissionTask.java:124)
11-05 12:53:46.175 12568 12611 W System.err: 	at android.os.Handler.handleCallback(Handler.java:907)
11-05 12:53:46.175 12568 12611 W System.err: 	at android.os.Handler.dispatchMessage(Handler.java:105)
11-05 12:53:46.175 12568 12611 W System.err: 	at android.os.Looper.loop(Looper.java:216)
11-05 12:53:46.175 12568 12611 W System.err: 	at android.os.HandlerThread.run(HandlerThread.java:65)
11-05 12:53:46.229 12568 12611 W System.err: java.net.SocketException: Message too long
11-05 12:53:46.229 12568 12611 W System.err: 	at sun.nio.ch.DatagramChannelImpl.send0(Native Method)
11-05 12:53:46.229 12568 12611 W System.err: 	at sun.nio.ch.DatagramChannelImpl.sendFromNativeBuffer(DatagramChannelImpl.java:573)
11-05 12:53:46.229 12568 12611 W System.err: 	at sun.nio.ch.DatagramChannelImpl.send(DatagramChannelImpl.java:550)
11-05 12:53:46.229 12568 12611 W System.err: 	at sun.nio.ch.DatagramChannelImpl.send(DatagramChannelImpl.java:514)
11-05 12:53:46.229 12568 12611 W System.err: 	at symlab.CloudAR.network.TransmissionTask.run(TransmissionTask.java:124)
11-05 12:53:46.229 12568 12611 W System.err: 	at android.os.Handler.handleCallback(Handler.java:907)
11-05 12:53:46.229 12568 12611 W System.err: 	at android.os.Handler.dispatchMessage(Handler.java:105)
11-05 12:53:46.229 12568 12611 W System.err: 	at android.os.Looper.loop(Looper.java:216)
11-05 12:53:46.229 12568 12611 W System.err: 	at android.os.HandlerThread.run(HandlerThread.java:65)
11-05 12:53:46.243 12568 12611 W System.err: java.net.SocketException: Message too long
11-05 12:53:46.243 12568 12611 W System.err: 	at sun.nio.ch.DatagramChannelImpl.send0(Native Method)
11-05 12:53:46.243 12568 12611 W System.err: 	at sun.nio.ch.DatagramChannelImpl.sendFromNativeBuffer(DatagramChannelImpl.java:573)
11-05 12:53:46.243 12568 12611 W System.err: 	at sun.nio.ch.DatagramChannelImpl.send(DatagramChannelImpl.java:550)
11-05 12:53:46.243 12568 12611 W System.err: 	at sun.nio.ch.DatagramChannelImpl.send(DatagramChannelImpl.java:514)
11-05 12:53:46.243 12568 12611 W System.err: 	at symlab.CloudAR.network.TransmissionTask.run(TransmissionTask.java:124)
11-05 12:53:46.243 12568 12611 W System.err: 	at android.os.Handler.handleCallback(Handler.java:907)
11-05 12:53:46.243 12568 12611 W System.err: 	at android.os.Handler.dispatchMessage(Handler.java:105)
11-05 12:53:46.243 12568 12611 W System.err: 	at android.os.Looper.loop(Looper.java:216)
11-05 12:53:46.243 12568 12611 W System.err: 	at android.os.HandlerThread.run(HandlerThread.java:65)
11-05 12:53:46.271 12568 12611 D Evaluation: Frame 216 sent at 1572951226271
11-05 12:53:46.307 12568 12611 D Evaluation: Frame 217 sent at 1572951226307
11-05 12:53:46.341 12568 12611 D Evaluation: Frame 218 sent at 1572951226341
11-05 12:53:46.376 12568 12611 D Evaluation: Frame 219 sent at 1572951226376
11-05 12:53:46.377 12568 12611 D Evaluation: 1 res for frame 210 received at 1572951226377
11-05 12:53:46.413 12568 12611 D Evaluation: Frame 220 sent at 1572951226413
11-05 12:53:46.455 12568 12611 D Evaluation: Frame 221 sent at 1572951226455
11-05 12:53:46.479 12568 12611 D Evaluation: Frame 222 sent at 1572951226479
11-05 12:53:46.510 12568 12611 D Evaluation: Frame 223 sent at 1572951226510
11-05 12:53:46.534 12568 12568 W HiTouch_PressGestureDetector: Touch pointer move a lot. The moving distance of X is:22.73729, limit is:60The moving distance of Y is:83.040146, limit is:60
11-05 12:53:46.541 12568 12611 D Evaluation: Frame 224 sent at 1572951226541
11-05 12:53:46.576 12568 12611 D Evaluation: Frame 225 sent at 1572951226576
11-05 12:53:46.577 12568 12611 D Evaluation: 0 res for frame 216 received at 1572951226577
11-05 12:53:46.611 12568 12611 D Evaluation: Frame 226 sent at 1572951226611
11-05 12:53:46.644 12568 12611 D Evaluation: Frame 227 sent at 1572951226644
11-05 12:53:46.678 12568 12611 W System.err: java.net.SocketException: Message too long
11-05 12:53:46.678 12568 12611 W System.err: 	at sun.nio.ch.DatagramChannelImpl.send0(Native Method)
11-05 12:53:46.678 12568 12611 W System.err: 	at sun.nio.ch.DatagramChannelImpl.sendFromNativeBuffer(DatagramChannelImpl.java:573)
11-05 12:53:46.678 12568 12611 W System.err: 	at sun.nio.ch.DatagramChannelImpl.send(DatagramChannelImpl.java:550)
11-05 12:53:46.678 12568 12611 W System.err: 	at sun.nio.ch.DatagramChannelImpl.send(DatagramChannelImpl.java:514)
11-05 12:53:46.678 12568 12611 W System.err: 	at symlab.CloudAR.network.TransmissionTask.run(TransmissionTask.java:124)
11-05 12:53:46.678 12568 12611 W System.err: 	at android.os.Handler.handleCallback(Handler.java:907)
11-05 12:53:46.678 12568 12611 W System.err: 	at android.os.Handler.dispatchMessage(Handler.java:105)
11-05 12:53:46.678 12568 12611 W System.err: 	at android.os.Looper.loop(Looper.java:216)
11-05 12:53:46.678 12568 12611 W System.err: 	at android.os.HandlerThread.run(HandlerThread.java:65)
11-05 12:53:46.712 12568 12611 D Evaluation: Frame 229 sent at 1572951226712
11-05 12:53:46.763 12568 12611 D Evaluation: Frame 231 sent at 1572951226763
11-05 12:53:46.764 12568 12611 D Evaluation: 0 res for frame 217 received at 1572951226764
11-05 12:53:46.780 12568 12611 D Evaluation: Frame 231 sent at 1572951226780
11-05 12:53:46.809 12568 12611 D Evaluation: Frame 232 sent at 1572951226809
11-05 12:53:46.844 12568 12611 D Evaluation: Frame 233 sent at 1572951226844
11-05 12:53:46.877 12568 12611 D Evaluation: Frame 234 sent at 1572951226877
11-05 12:53:46.913 12568 12611 D Evaluation: Frame 235 sent at 1572951226913
11-05 12:53:46.945 12568 12611 D Evaluation: Frame 236 sent at 1572951226945
11-05 12:53:46.980 12568 12611 D Evaluation: Frame 237 sent at 1572951226980
11-05 12:53:47.024 12568 12583 E         : [ZeroHung]zrhung_get_config: Get config failed for wp[0x0008]
11-05 12:53:47.025 12568 12611 D Evaluation: Frame 238 sent at 1572951227025
11-05 12:53:47.039 12568 12581 W System  : A resource failed to call close. 
11-05 12:53:47.039 12568 12581 I chatty  : uid=10149(symlab.cloudridar.arhud) FinalizerDaemon identical 4 lines
11-05 12:53:47.039 12568 12581 W System  : A resource failed to call close. 
11-05 12:53:47.046 12568 12611 D Evaluation: Frame 239 sent at 1572951227046
11-05 12:53:47.077 12568 12611 D Evaluation: Frame 240 sent at 1572951227077
11-05 12:53:47.130 12568 12611 D Evaluation: Frame 241 sent at 1572951227130
11-05 12:53:47.153 12568 12611 D Evaluation: Frame 242 sent at 1572951227153
11-05 12:53:47.180 12568 12611 D Evaluation: Frame 243 sent at 1572951227180
11-05 12:53:47.216 12568 12611 D Evaluation: Frame 244 sent at 1572951227216
11-05 12:53:47.250 12568 12611 W System.err: java.net.SocketException: Message too long
11-05 12:53:47.250 12568 12611 W System.err: 	at sun.nio.ch.DatagramChannelImpl.send0(Native Method)
11-05 12:53:47.250 12568 12611 W System.err: 	at sun.nio.ch.DatagramChannelImpl.sendFromNativeBuffer(DatagramChannelImpl.java:573)
11-05 12:53:47.250 12568 12611 W System.err: 	at sun.nio.ch.DatagramChannelImpl.send(DatagramChannelImpl.java:550)
11-05 12:53:47.250 12568 12611 W System.err: 	at sun.nio.ch.DatagramChannelImpl.send(DatagramChannelImpl.java:514)
11-05 12:53:47.250 12568 12611 W System.err: 	at symlab.CloudAR.network.TransmissionTask.run(TransmissionTask.java:124)
11-05 12:53:47.250 12568 12611 W System.err: 	at android.os.Handler.handleCallback(Handler.java:907)
11-05 12:53:47.250 12568 12611 W System.err: 	at android.os.Handler.dispatchMessage(Handler.java:105)
11-05 12:53:47.250 12568 12611 W System.err: 	at android.os.Looper.loop(Looper.java:216)
11-05 12:53:47.250 12568 12611 W System.err: 	at android.os.HandlerThread.run(HandlerThread.java:65)
11-05 12:53:47.290 12568 12611 W System.err: java.net.SocketException: Message too long
11-05 12:53:47.290 12568 12611 W System.err: 	at sun.nio.ch.DatagramChannelImpl.send0(Native Method)
11-05 12:53:47.290 12568 12611 W System.err: 	at sun.nio.ch.DatagramChannelImpl.sendFromNativeBuffer(DatagramChannelImpl.java:573)
11-05 12:53:47.290 12568 12611 W System.err: 	at sun.nio.ch.DatagramChannelImpl.send(DatagramChannelImpl.java:550)
11-05 12:53:47.290 12568 12611 W System.err: 	at sun.nio.ch.DatagramChannelImpl.send(DatagramChannelImpl.java:514)
11-05 12:53:47.290 12568 12611 W System.err: 	at symlab.CloudAR.network.TransmissionTask.run(TransmissionTask.java:124)
11-05 12:53:47.290 12568 12611 W System.err: 	at android.os.Handler.handleCallback(Handler.java:907)
11-05 12:53:47.290 12568 12611 W System.err: 	at android.os.Handler.dispatchMessage(Handler.java:105)
11-05 12:53:47.290 12568 12611 W System.err: 	at android.os.Looper.loop(Looper.java:216)
11-05 12:53:47.290 12568 12611 W System.err: 	at android.os.HandlerThread.run(HandlerThread.java:65)
11-05 12:53:47.325 12568 12611 W System.err: java.net.SocketException: Message too long
11-05 12:53:47.325 12568 12611 W System.err: 	at sun.nio.ch.DatagramChannelImpl.send0(Native Method)
