11-06 10:27:52.902 21126 21160 W System.err: 	at sun.nio.ch.DatagramChannelImpl.sendFromNativeBuffer(DatagramChannelImpl.java:573)
11-06 10:27:52.902 21126 21160 W System.err: 	at sun.nio.ch.DatagramChannelImpl.send(DatagramChannelImpl.java:550)
11-06 10:27:52.902 21126 21160 W System.err: 	at sun.nio.ch.DatagramChannelImpl.send(DatagramChannelImpl.java:514)
11-06 10:27:52.902 21126 21160 W System.err: 	at symlab.CloudAR.network.TransmissionTask.run(TransmissionTask.java:124)
11-06 10:27:52.902 21126 21160 W System.err: 	at android.os.Handler.handleCallback(Handler.java:907)
11-06 10:27:52.902 21126 21160 W System.err: 	at android.os.Handler.dispatchMessage(Handler.java:105)
11-06 10:27:52.902 21126 21160 W System.err: 	at android.os.Looper.loop(Looper.java:216)
11-06 10:27:52.902 21126 21160 W System.err: 	at android.os.HandlerThread.run(HandlerThread.java:65)
11-06 10:27:52.931 21126 21160 W System.err: java.net.SocketException: Message too long
11-06 10:27:52.931 21126 21160 W System.err: 	at sun.nio.ch.DatagramChannelImpl.send0(Native Method)
11-06 10:27:52.931 21126 21160 W System.err: 	at sun.nio.ch.DatagramChannelImpl.sendFromNativeBuffer(DatagramChannelImpl.java:573)
11-06 10:27:52.931 21126 21160 W System.err: 	at sun.nio.ch.DatagramChannelImpl.send(DatagramChannelImpl.java:550)
11-06 10:27:52.931 21126 21160 W System.err: 	at sun.nio.ch.DatagramChannelImpl.send(DatagramChannelImpl.java:514)
11-06 10:27:52.931 21126 21160 W System.err: 	at symlab.CloudAR.network.TransmissionTask.run(TransmissionTask.java:124)
11-06 10:27:52.931 21126 21160 W System.err: 	at android.os.Handler.handleCallback(Handler.java:907)
11-06 10:27:52.931 21126 21160 W System.err: 	at android.os.Handler.dispatchMessage(Handler.java:105)
11-06 10:27:52.931 21126 21160 W System.err: 	at android.os.Looper.loop(Looper.java:216)
11-06 10:27:52.931 21126 21160 W System.err: 	at android.os.HandlerThread.run(HandlerThread.java:65)
11-06 10:27:52.933 21126 21160 D Evaluation: 1 res for frame 270 received at 1573028872933
11-06 10:27:52.951 21126 21160 W System.err: java.net.SocketException: Message too long
11-06 10:27:52.952 21126 21160 W System.err: 	at sun.nio.ch.DatagramChannelImpl.send0(Native Method)
11-06 10:27:52.952 21126 21160 W System.err: 	at sun.nio.ch.DatagramChannelImpl.sendFromNativeBuffer(DatagramChannelImpl.java:573)
11-06 10:27:52.952 21126 21160 W System.err: 	at sun.nio.ch.DatagramChannelImpl.send(DatagramChannelImpl.java:550)
11-06 10:27:52.952 21126 21160 W System.err: 	at sun.nio.ch.DatagramChannelImpl.send(DatagramChannelImpl.java:514)
11-06 10:27:52.952 21126 21160 W System.err: 	at symlab.CloudAR.network.TransmissionTask.run(TransmissionTask.java:124)
11-06 10:27:52.952 21126 21160 W System.err: 	at android.os.Handler.handleCallback(Handler.java:907)
11-06 10:27:52.952 21126 21160 W System.err: 	at android.os.Handler.dispatchMessage(Handler.java:105)
11-06 10:27:52.952 21126 21160 W System.err: 	at android.os.Looper.loop(Looper.java:216)
11-06 10:27:52.952 21126 21160 W System.err: 	at android.os.HandlerThread.run(HandlerThread.java:65)
11-06 10:27:52.994 21126 21160 W System.err: java.net.SocketException: Message too long
11-06 10:27:52.994 21126 21160 W System.err: 	at sun.nio.ch.DatagramChannelImpl.send0(Native Method)
11-06 10:27:52.994 21126 21160 W System.err: 	at sun.nio.ch.DatagramChannelImpl.sendFromNativeBuffer(DatagramChannelImpl.java:573)
11-06 10:27:52.994 21126 21160 W System.err: 	at sun.nio.ch.DatagramChannelImpl.send(DatagramChannelImpl.java:550)
11-06 10:27:52.994 21126 21160 W System.err: 	at sun.nio.ch.DatagramChannelImpl.send(DatagramChannelImpl.java:514)
11-06 10:27:52.994 21126 21160 W System.err: 	at symlab.CloudAR.network.TransmissionTask.run(TransmissionTask.java:124)
11-06 10:27:52.994 21126 21160 W System.err: 	at android.os.Handler.handleCallback(Handler.java:907)
11-06 10:27:52.994 21126 21160 W System.err: 	at android.os.Handler.dispatchMessage(Handler.java:105)
11-06 10:27:52.994 21126 21160 W System.err: 	at android.os.Looper.loop(Looper.java:216)
11-06 10:27:52.994 21126 21160 W System.err: 	at android.os.HandlerThread.run(HandlerThread.java:65)
11-06 10:27:53.036 21126 21160 W System.err: java.net.SocketException: Message too long
11-06 10:27:53.036 21126 21160 W System.err: 	at sun.nio.ch.DatagramChannelImpl.send0(Native Method)
11-06 10:27:53.036 21126 21160 W System.err: 	at sun.nio.ch.DatagramChannelImpl.sendFromNativeBuffer(DatagramChannelImpl.java:573)
11-06 10:27:53.036 21126 21160 W System.err: 	at sun.nio.ch.DatagramChannelImpl.send(DatagramChannelImpl.java:550)
11-06 10:27:53.036 21126 21160 W System.err: 	at sun.nio.ch.DatagramChannelImpl.send(DatagramChannelImpl.java:514)
11-06 10:27:53.037 21126 21160 W System.err: 	at symlab.CloudAR.network.TransmissionTask.run(TransmissionTask.java:124)
11-06 10:27:53.037 21126 21160 W System.err: 	at android.os.Handler.handleCallback(Handler.java:907)
11-06 10:27:53.037 21126 21160 W System.err: 	at android.os.Handler.dispatchMessage(Handler.java:105)
11-06 10:27:53.037 21126 21160 W System.err: 	at android.os.Looper.loop(Looper.java:216)
11-06 10:27:53.037 21126 21160 W System.err: 	at android.os.HandlerThread.run(HandlerThread.java:65)
11-06 10:27:53.060 21126 21160 W System.err: java.net.SocketException: Message too long
11-06 10:27:53.060 21126 21160 W System.err: 	at sun.nio.ch.DatagramChannelImpl.send0(Native Method)
11-06 10:27:53.060 21126 21160 W System.err: 	at sun.nio.ch.DatagramChannelImpl.sendFromNativeBuffer(DatagramChannelImpl.java:573)
11-06 10:27:53.060 21126 21160 W System.err: 	at sun.nio.ch.DatagramChannelImpl.send(DatagramChannelImpl.java:550)
11-06 10:27:53.060 21126 21160 W System.err: 	at sun.nio.ch.DatagramChannelImpl.send(DatagramChannelImpl.java:514)
11-06 10:27:53.060 21126 21160 W System.err: 	at symlab.CloudAR.network.TransmissionTask.run(TransmissionTask.java:124)
11-06 10:27:53.060 21126 21160 W System.err: 	at android.os.Handler.handleCallback(Handler.java:907)
11-06 10:27:53.060 21126 21160 W System.err: 	at android.os.Handler.dispatchMessage(Handler.java:105)
11-06 10:27:53.061 21126 21160 W System.err: 	at android.os.Looper.loop(Looper.java:216)
11-06 10:27:53.061 21126 21160 W System.err: 	at android.os.HandlerThread.run(HandlerThread.java:65)
11-06 10:27:53.094 21126 21160 W System.err: java.net.SocketException: Message too long
11-06 10:27:53.094 21126 21160 W System.err: 	at sun.nio.ch.DatagramChannelImpl.send0(Native Method)
11-06 10:27:53.094 21126 21160 W System.err: 	at sun.nio.ch.DatagramChannelImpl.sendFromNativeBuffer(DatagramChannelImpl.java:573)
11-06 10:27:53.094 21126 21160 W System.err: 	at sun.nio.ch.DatagramChannelImpl.send(DatagramChannelImpl.java:550)
11-06 10:27:53.094 21126 21160 W System.err: 	at sun.nio.ch.DatagramChannelImpl.send(DatagramChannelImpl.java:514)
11-06 10:27:53.094 21126 21160 W System.err: 	at symlab.CloudAR.network.TransmissionTask.run(TransmissionTask.java:124)
11-06 10:27:53.094 21126 21160 W System.err: 	at android.os.Handler.handleCallback(Handler.java:907)
11-06 10:27:53.094 21126 21160 W System.err: 	at android.os.Handler.dispatchMessage(Handler.java:105)
11-06 10:27:53.094 21126 21160 W System.err: 	at android.os.Looper.loop(Looper.java:216)
11-06 10:27:53.094 21126 21160 W System.err: 	at android.os.HandlerThread.run(HandlerThread.java:65)
11-06 10:27:53.096 21126 21160 D Evaluation: 0 res for frame 271 received at 1573028873096
11-06 10:27:53.133 21126 21160 W System.err: java.net.SocketException: Message too long
11-06 10:27:53.133 21126 21160 W System.err: 	at sun.nio.ch.DatagramChannelImpl.send0(Native Method)
11-06 10:27:53.134 21126 21160 W System.err: 	at sun.nio.ch.DatagramChannelImpl.sendFromNativeBuffer(DatagramChannelImpl.java:573)
11-06 10:27:53.134 21126 21160 W System.err: 	at sun.nio.ch.DatagramChannelImpl.send(DatagramChannelImpl.java:550)
11-06 10:27:53.134 21126 21160 W System.err: 	at sun.nio.ch.DatagramChannelImpl.send(DatagramChannelImpl.java:514)
11-06 10:27:53.134 21126 21160 W System.err: 	at symlab.CloudAR.network.TransmissionTask.run(TransmissionTask.java:124)
11-06 10:27:53.134 21126 21160 W System.err: 	at android.os.Handler.handleCallback(Handler.java:907)
11-06 10:27:53.134 21126 21160 W System.err: 	at android.os.Handler.dispatchMessage(Handler.java:105)
11-06 10:27:53.134 21126 21160 W System.err: 	at android.os.Looper.loop(Looper.java:216)
11-06 10:27:53.134 21126 21160 W System.err: 	at android.os.HandlerThread.run(HandlerThread.java:65)
11-06 10:27:53.159 21126 21160 W System.err: java.net.SocketException: Message too long
11-06 10:27:53.159 21126 21160 W System.err: 	at sun.nio.ch.DatagramChannelImpl.send0(Native Method)
11-06 10:27:53.159 21126 21160 W System.err: 	at sun.nio.ch.DatagramChannelImpl.sendFromNativeBuffer(DatagramChannelImpl.java:573)
11-06 10:27:53.159 21126 21160 W System.err: 	at sun.nio.ch.DatagramChannelImpl.send(DatagramChannelImpl.java:550)
11-06 10:27:53.159 21126 21160 W System.err: 	at sun.nio.ch.DatagramChannelImpl.send(DatagramChannelImpl.java:514)
11-06 10:27:53.160 21126 21160 W System.err: 	at symlab.CloudAR.network.TransmissionTask.run(TransmissionTask.java:124)
11-06 10:27:53.160 21126 21160 W System.err: 	at android.os.Handler.handleCallback(Handler.java:907)
11-06 10:27:53.160 21126 21160 W System.err: 	at android.os.Handler.dispatchMessage(Handler.java:105)
11-06 10:27:53.160 21126 21160 W System.err: 	at android.os.Looper.loop(Looper.java:216)
11-06 10:27:53.160 21126 21160 W System.err: 	at android.os.HandlerThread.run(HandlerThread.java:65)
11-06 10:27:53.194 21126 21137 E         : [ZeroHung]zrhung_get_config: Get config failed for wp[0x0008]
11-06 10:27:53.194 21126 21160 W System.err: java.net.SocketException: Message too long
11-06 10:27:53.194 21126 21160 W System.err: 	at sun.nio.ch.DatagramChannelImpl.send0(Native Method)
11-06 10:27:53.194 21126 21160 W System.err: 	at sun.nio.ch.DatagramChannelImpl.sendFromNativeBuffer(DatagramChannelImpl.java:573)
11-06 10:27:53.194 21126 21160 W System.err: 	at sun.nio.ch.DatagramChannelImpl.send(DatagramChannelImpl.java:550)
11-06 10:27:53.194 21126 21160 W System.err: 	at sun.nio.ch.DatagramChannelImpl.send(DatagramChannelImpl.java:514)
11-06 10:27:53.194 21126 21160 W System.err: 	at symlab.CloudAR.network.TransmissionTask.run(TransmissionTask.java:124)
11-06 10:27:53.195 21126 21160 W System.err: 	at android.os.Handler.handleCallback(Handler.java:907)
11-06 10:27:53.195 21126 21160 W System.err: 	at android.os.Handler.dispatchMessage(Handler.java:105)
11-06 10:27:53.195 21126 21160 W System.err: 	at android.os.Looper.loop(Looper.java:216)
11-06 10:27:53.195 21126 21160 W System.err: 	at android.os.HandlerThread.run(HandlerThread.java:65)
11-06 10:27:53.215 21126 21135 W System  : A resource failed to call close. 
11-06 10:27:53.216 21126 21135 I chatty  : uid=10149(symlab.cloudridar.arhud) FinalizerDaemon identical 2 lines
11-06 10:27:53.216 21126 21135 W System  : A resource failed to call close. 
11-06 10:27:53.254 21126 21160 W System.err: java.net.SocketException: Message too long
11-06 10:27:53.255 21126 21160 W System.err: 	at sun.nio.ch.DatagramChannelImpl.send0(Native Method)
11-06 10:27:53.255 21126 21160 W System.err: 	at sun.nio.ch.DatagramChannelImpl.sendFromNativeBuffer(DatagramChannelImpl.java:573)
11-06 10:27:53.255 21126 21160 W System.err: 	at sun.nio.ch.DatagramChannelImpl.send(DatagramChannelImpl.java:550)
11-06 10:27:53.255 21126 21160 W System.err: 	at sun.nio.ch.DatagramChannelImpl.send(DatagramChannelImpl.java:514)
11-06 10:27:53.255 21126 21160 W System.err: 	at symlab.CloudAR.network.TransmissionTask.run(TransmissionTask.java:124)
11-06 10:27:53.255 21126 21160 W System.err: 	at android.os.Handler.handleCallback(Handler.java:907)
11-06 10:27:53.255 21126 21160 W System.err: 	at android.os.Handler.dispatchMessage(Handler.java:105)
11-06 10:27:53.255 21126 21160 W System.err: 	at android.os.Looper.loop(Looper.java:216)
11-06 10:27:53.255 21126 21160 W System.err: 	at android.os.HandlerThread.run(HandlerThread.java:65)
11-06 10:27:53.280 21126 21160 W System.err: java.net.SocketException: Message too long
11-06 10:27:53.280 21126 21160 W System.err: 	at sun.nio.ch.DatagramChannelImpl.send0(Native Method)
11-06 10:27:53.280 21126 21160 W System.err: 	at sun.nio.ch.DatagramChannelImpl.sendFromNativeBuffer(DatagramChannelImpl.java:573)
11-06 10:27:53.280 21126 21160 W System.err: 	at sun.nio.ch.DatagramChannelImpl.send(DatagramChannelImpl.java:550)
11-06 10:27:53.280 21126 21160 W System.err: 	at sun.nio.ch.DatagramChannelImpl.send(DatagramChannelImpl.java:514)
11-06 10:27:53.280 21126 21160 W System.err: 	at symlab.CloudAR.network.TransmissionTask.run(TransmissionTask.java:124)
11-06 10:27:53.280 21126 21160 W System.err: 	at android.os.Handler.handleCallback(Handler.java:907)
11-06 10:27:53.280 21126 21160 W System.err: 	at android.os.Handler.dispatchMessage(Handler.java:105)
11-06 10:27:53.280 21126 21160 W System.err: 	at android.os.Looper.loop(Looper.java:216)
11-06 10:27:53.280 21126 21160 W System.err: 	at android.os.HandlerThread.run(HandlerThread.java:65)
11-06 10:27:53.304 21126 21160 W System.err: java.net.SocketException: Message too long
11-06 10:27:53.304 21126 21160 W System.err: 	at sun.nio.ch.DatagramChannelImpl.send0(Native Method)
11-06 10:27:53.304 21126 21160 W System.err: 	at sun.nio.ch.DatagramChannelImpl.sendFromNativeBuffer(DatagramChannelImpl.java:573)
11-06 10:27:53.304 21126 21160 W System.err: 	at sun.nio.ch.DatagramChannelImpl.send(DatagramChannelImpl.java:550)
11-06 10:27:53.304 21126 21160 W System.err: 	at sun.nio.ch.DatagramChannelImpl.send(DatagramChannelImpl.java:514)
11-06 10:27:53.304 21126 21160 W System.err: 	at symlab.CloudAR.network.TransmissionTask.run(TransmissionTask.java:124)
11-06 10:27:53.304 21126 21160 W System.err: 	at android.os.Handler.handleCallback(Handler.java:907)
11-06 10:27:53.304 21126 21160 W System.err: 	at android.os.Handler.dispatchMessage(Handler.java:105)
11-06 10:27:53.304 21126 21160 W System.err: 	at android.os.Looper.loop(Looper.java:216)
11-06 10:27:53.304 21126 21160 W System.err: 	at android.os.HandlerThread.run(HandlerThread.java:65)
11-06 10:27:53.327 21126 21160 W System.err: java.net.SocketException: Message too long
11-06 10:27:53.327 21126 21160 W System.err: 	at sun.nio.ch.DatagramChannelImpl.send0(Native Method)
11-06 10:27:53.327 21126 21160 W System.err: 	at sun.nio.ch.DatagramChannelImpl.sendFromNativeBuffer(DatagramChannelImpl.java:573)
11-06 10:27:53.327 21126 21160 W System.err: 	at sun.nio.ch.DatagramChannelImpl.send(DatagramChannelImpl.java:550)
11-06 10:27:53.327 21126 21160 W System.err: 	at sun.nio.ch.DatagramChannelImpl.send(DatagramChannelImpl.java:514)
11-06 10:27:53.327 21126 21160 W System.err: 	at symlab.CloudAR.network.TransmissionTask.run(TransmissionTask.java:124)
11-06 10:27:53.327 21126 21160 W System.err: 	at android.os.Handler.handleCallback(Handler.java:907)
11-06 10:27:53.327 21126 21160 W System.err: 	at android.os.Handler.dispatchMessage(Handler.java:105)
11-06 10:27:53.327 21126 21160 W System.err: 	at android.os.Looper.loop(Looper.java:216)
11-06 10:27:53.327 21126 21160 W System.err: 	at android.os.HandlerThread.run(HandlerThread.java:65)
11-06 10:27:53.357 21126 21160 W System.err: java.net.SocketException: Message too long
11-06 10:27:53.358 21126 21160 W System.err: 	at sun.nio.ch.DatagramChannelImpl.send0(Native Method)
11-06 10:27:53.358 21126 21160 W System.err: 	at sun.nio.ch.DatagramChannelImpl.sendFromNativeBuffer(DatagramChannelImpl.java:573)
11-06 10:27:53.358 21126 21160 W System.err: 	at sun.nio.ch.DatagramChannelImpl.send(DatagramChannelImpl.java:550)
11-06 10:27:53.358 21126 21160 W System.err: 	at sun.nio.ch.DatagramChannelImpl.send(DatagramChannelImpl.java:514)
11-06 10:27:53.358 21126 21160 W System.err: 	at symlab.CloudAR.network.TransmissionTask.run(TransmissionTask.java:124)
11-06 10:27:53.358 21126 21160 W System.err: 	at android.os.Handler.handleCallback(Handler.java:907)
11-06 10:27:53.358 21126 21160 W System.err: 	at android.os.Handler.dispatchMessage(Handler.java:105)
11-06 10:27:53.358 21126 21160 W System.err: 	at android.os.Looper.loop(Looper.java:216)
11-06 10:27:53.358 21126 21160 W System.err: 	at android.os.HandlerThread.run(HandlerThread.java:65)
11-06 10:27:53.402 21126 21160 W System.err: java.net.SocketException: Message too long
11-06 10:27:53.402 21126 21160 W System.err: 	at sun.nio.ch.DatagramChannelImpl.send0(Native Method)
11-06 10:27:53.402 21126 21160 W System.err: 	at sun.nio.ch.DatagramChannelImpl.sendFromNativeBuffer(DatagramChannelImpl.java:573)
11-06 10:27:53.402 21126 21160 W System.err: 	at sun.nio.ch.DatagramChannelImpl.send(DatagramChannelImpl.java:550)
11-06 10:27:53.402 21126 21160 W System.err: 	at sun.nio.ch.DatagramChannelImpl.send(DatagramChannelImpl.java:514)
11-06 10:27:53.402 21126 21160 W System.err: 	at symlab.CloudAR.network.TransmissionTask.run(TransmissionTask.java:124)
11-06 10:27:53.402 21126 21160 W System.err: 	at android.os.Handler.handleCallback(Handler.java:907)
11-06 10:27:53.403 21126 21160 W System.err: 	at android.os.Handler.dispatchMessage(Handler.java:105)
11-06 10:27:53.403 21126 21160 W System.err: 	at android.os.Looper.loop(Looper.java:216)
11-06 10:27:53.403 21126 21160 W System.err: 	at android.os.HandlerThread.run(HandlerThread.java:65)
11-06 10:27:53.435 21126 21160 W System.err: java.net.SocketException: Message too long
11-06 10:27:53.435 21126 21160 W System.err: 	at sun.nio.ch.DatagramChannelImpl.send0(Native Method)
11-06 10:27:53.435 21126 21160 W System.err: 	at sun.nio.ch.DatagramChannelImpl.sendFromNativeBuffer(DatagramChannelImpl.java:573)
11-06 10:27:53.435 21126 21160 W System.err: 	at sun.nio.ch.DatagramChannelImpl.send(DatagramChannelImpl.java:550)
11-06 10:27:53.435 21126 21160 W System.err: 	at sun.nio.ch.DatagramChannelImpl.send(DatagramChannelImpl.java:514)
11-06 10:27:53.436 21126 21160 W System.err: 	at symlab.CloudAR.network.TransmissionTask.run(TransmissionTask.java:124)
11-06 10:27:53.436 21126 21160 W System.err: 	at android.os.Handler.handleCallback(Handler.java:907)
11-06 10:27:53.436 21126 21160 W System.err: 	at android.os.Handler.dispatchMessage(Handler.java:105)
11-06 10:27:53.436 21126 21160 W System.err: 	at android.os.Looper.loop(Looper.java:216)
11-06 10:27:53.436 21126 21160 W System.err: 	at android.os.HandlerThread.run(HandlerThread.java:65)
11-06 10:27:53.467 21126 21160 W System.err: java.net.SocketException: Message too long
11-06 10:27:53.467 21126 21160 W System.err: 	at sun.nio.ch.DatagramChannelImpl.send0(Native Method)
11-06 10:27:53.467 21126 21160 W System.err: 	at sun.nio.ch.DatagramChannelImpl.sendFromNativeBuffer(DatagramChannelImpl.java:573)
11-06 10:27:53.467 21126 21160 W System.err: 	at sun.nio.ch.DatagramChannelImpl.send(DatagramChannelImpl.java:550)
11-06 10:27:53.467 21126 21160 W System.err: 	at sun.nio.ch.DatagramChannelImpl.send(DatagramChannelImpl.java:514)
11-06 10:27:53.467 21126 21160 W System.err: 	at symlab.CloudAR.network.TransmissionTask.run(TransmissionTask.java:124)
11-06 10:27:53.467 21126 21160 W System.err: 	at android.os.Handler.handleCallback(Handler.java:907)
11-06 10:27:53.467 21126 21160 W System.err: 	at android.os.Handler.dispatchMessage(Handler.java:105)
11-06 10:27:53.467 21126 21160 W System.err: 	at android.os.Looper.loop(Looper.java:216)
11-06 10:27:53.467 21126 21160 W System.err: 	at android.os.HandlerThread.run(HandlerThread.java:65)
11-06 10:27:53.545 21126 21160 W System.err: java.net.SocketException: Message too long
11-06 10:27:53.545 21126 21160 W System.err: 	at sun.nio.ch.DatagramChannelImpl.send0(Native Method)
11-06 10:27:53.545 21126 21160 W System.err: 	at sun.nio.ch.DatagramChannelImpl.sendFromNativeBuffer(DatagramChannelImpl.java:573)
11-06 10:27:53.545 21126 21160 W System.err: 	at sun.nio.ch.DatagramChannelImpl.send(DatagramChannelImpl.java:550)
11-06 10:27:53.545 21126 21160 W System.err: 	at sun.nio.ch.DatagramChannelImpl.send(DatagramChannelImpl.java:514)
11-06 10:27:53.545 21126 21160 W System.err: 	at symlab.CloudAR.network.TransmissionTask.run(TransmissionTask.java:124)
11-06 10:27:53.545 21126 21160 W System.err: 	at android.os.Handler.handleCallback(Handler.java:907)
11-06 10:27:53.545 21126 21160 W System.err: 	at android.os.Handler.dispatchMessage(Handler.java:105)
11-06 10:27:53.545 21126 21160 W System.err: 	at android.os.Looper.loop(Looper.java:216)
11-06 10:27:53.545 21126 21160 W System.err: 	at android.os.HandlerThread.run(HandlerThread.java:65)
11-06 10:27:53.575 21126 21160 W System.err: java.net.SocketException: Message too long
11-06 10:27:53.575 21126 21160 W System.err: 	at sun.nio.ch.DatagramChannelImpl.send0(Native Method)
11-06 10:27:53.575 21126 21160 W System.err: 	at sun.nio.ch.DatagramChannelImpl.sendFromNativeBuffer(DatagramChannelImpl.java:573)
11-06 10:27:53.575 21126 21160 W System.err: 	at sun.nio.ch.DatagramChannelImpl.send(DatagramChannelImpl.java:550)
11-06 10:27:53.575 21126 21160 W System.err: 	at sun.nio.ch.DatagramChannelImpl.send(DatagramChannelImpl.java:514)
11-06 10:27:53.575 21126 21160 W System.err: 	at symlab.CloudAR.network.TransmissionTask.run(TransmissionTask.java:124)
11-06 10:27:53.575 21126 21160 W System.err: 	at android.os.Handler.handleCallback(Handler.java:907)
11-06 10:27:53.575 21126 21160 W System.err: 	at android.os.Handler.dispatchMessage(Handler.java:105)
11-06 10:27:53.575 21126 21160 W System.err: 	at android.os.Looper.loop(Looper.java:216)
11-06 10:27:53.575 21126 21160 W System.err: 	at android.os.HandlerThread.run(HandlerThread.java:65)
11-06 10:27:53.605 21126 21160 W System.err: java.net.SocketException: Message too long
11-06 10:27:53.605 21126 21160 W System.err: 	at sun.nio.ch.DatagramChannelImpl.send0(Native Method)
11-06 10:27:53.605 21126 21160 W System.err: 	at sun.nio.ch.DatagramChannelImpl.sendFromNativeBuffer(DatagramChannelImpl.java:573)
11-06 10:27:53.605 21126 21160 W System.err: 	at sun.nio.ch.DatagramChannelImpl.send(DatagramChannelImpl.java:550)
11-06 10:27:53.605 21126 21160 W System.err: 	at sun.nio.ch.DatagramChannelImpl.send(DatagramChannelImpl.java:514)
11-06 10:27:53.605 21126 21160 W System.err: 	at symlab.CloudAR.network.TransmissionTask.run(TransmissionTask.java:124)
11-06 10:27:53.605 21126 21160 W System.err: 	at android.os.Handler.handleCallback(Handler.java:907)
11-06 10:27:53.605 21126 21160 W System.err: 	at android.os.Handler.dispatchMessage(Handler.java:105)
11-06 10:27:53.605 21126 21160 W System.err: 	at android.os.Looper.loop(Looper.java:216)
11-06 10:27:53.605 21126 21160 W System.err: 	at android.os.HandlerThread.run(HandlerThread.java:65)
11-06 10:27:53.634 21126 21160 W System.err: java.net.SocketException: Message too long
11-06 10:27:53.634 21126 21160 W System.err: 	at sun.nio.ch.DatagramChannelImpl.send0(Native Method)
11-06 10:27:53.634 21126 21160 W System.err: 	at sun.nio.ch.DatagramChannelImpl.sendFromNativeBuffer(DatagramChannelImpl.java:573)
11-06 10:27:53.634 21126 21160 W System.err: 	at sun.nio.ch.DatagramChannelImpl.send(DatagramChannelImpl.java:550)
11-06 10:27:53.634 21126 21160 W System.err: 	at sun.nio.ch.DatagramChannelImpl.send(DatagramChannelImpl.java:514)
11-06 10:27:53.634 21126 21160 W System.err: 	at symlab.CloudAR.network.TransmissionTask.run(TransmissionTask.java:124)
11-06 10:27:53.634 21126 21160 W System.err: 	at android.os.Handler.handleCallback(Handler.java:907)
11-06 10:27:53.634 21126 21160 W System.err: 	at android.os.Handler.dispatchMessage(Handler.java:105)
11-06 10:27:53.634 21126 21160 W System.err: 	at android.os.Looper.loop(Looper.java:216)
11-06 10:27:53.634 21126 21160 W System.err: 	at android.os.HandlerThread.run(HandlerThread.java:65)
11-06 10:27:53.674 21126 21160 W System.err: java.net.SocketException: Message too long
11-06 10:27:53.674 21126 21160 W System.err: 	at sun.nio.ch.DatagramChannelImpl.send0(Native Method)
11-06 10:27:53.674 21126 21160 W System.err: 	at sun.nio.ch.DatagramChannelImpl.sendFromNativeBuffer(DatagramChannelImpl.java:573)
11-06 10:27:53.674 21126 21160 W System.err: 	at sun.nio.ch.DatagramChannelImpl.send(DatagramChannelImpl.java:550)
11-06 10:27:53.674 21126 21160 W System.err: 	at sun.nio.ch.DatagramChannelImpl.send(DatagramChannelImpl.java:514)
11-06 10:27:53.674 21126 21160 W System.err: 	at symlab.CloudAR.network.TransmissionTask.run(TransmissionTask.java:124)
11-06 10:27:53.674 21126 21160 W System.err: 	at android.os.Handler.handleCallback(Handler.java:907)
11-06 10:27:53.674 21126 21160 W System.err: 	at android.os.Handler.dispatchMessage(Handler.java:105)
11-06 10:27:53.674 21126 21160 W System.err: 	at android.os.Looper.loop(Looper.java:216)
11-06 10:27:53.674 21126 21160 W System.err: 	at android.os.HandlerThread.run(HandlerThread.java:65)
11-06 10:27:53.703 21126 21160 W System.err: java.net.SocketException: Message too long
11-06 10:27:53.703 21126 21160 W System.err: 	at sun.nio.ch.DatagramChannelImpl.send0(Native Method)
11-06 10:27:53.703 21126 21160 W System.err: 	at sun.nio.ch.DatagramChannelImpl.sendFromNativeBuffer(DatagramChannelImpl.java:573)
11-06 10:27:53.703 21126 21160 W System.err: 	at sun.nio.ch.DatagramChannelImpl.send(DatagramChannelImpl.java:550)
11-06 10:27:53.704 21126 21160 W System.err: 	at sun.nio.ch.DatagramChannelImpl.send(DatagramChannelImpl.java:514)
11-06 10:27:53.704 21126 21160 W System.err: 	at symlab.CloudAR.network.TransmissionTask.run(TransmissionTask.java:124)
11-06 10:27:53.704 21126 21160 W System.err: 	at android.os.Handler.handleCallback(Handler.java:907)
11-06 10:27:53.704 21126 21160 W System.err: 	at android.os.Handler.dispatchMessage(Handler.java:105)
11-06 10:27:53.704 21126 21160 W System.err: 	at android.os.Looper.loop(Looper.java:216)
11-06 10:27:53.704 21126 21160 W System.err: 	at android.os.HandlerThread.run(HandlerThread.java:65)
11-06 10:27:53.736 21126 21160 W System.err: java.net.SocketException: Message too long
11-06 10:27:53.736 21126 21160 W System.err: 	at sun.nio.ch.DatagramChannelImpl.send0(Native Method)
11-06 10:27:53.736 21126 21160 W System.err: 	at sun.nio.ch.DatagramChannelImpl.sendFromNativeBuffer(DatagramChannelImpl.java:573)
11-06 10:27:53.736 21126 21160 W System.err: 	at sun.nio.ch.DatagramChannelImpl.send(DatagramChannelImpl.java:550)
11-06 10:27:53.736 21126 21160 W System.err: 	at sun.nio.ch.DatagramChannelImpl.send(DatagramChannelImpl.java:514)
11-06 10:27:53.736 21126 21160 W System.err: 	at symlab.CloudAR.network.TransmissionTask.run(TransmissionTask.java:124)
11-06 10:27:53.736 21126 21160 W System.err: 	at android.os.Handler.handleCallback(Handler.java:907)
11-06 10:27:53.736 21126 21160 W System.err: 	at android.os.Handler.dispatchMessage(Handler.java:105)
11-06 10:27:53.736 21126 21160 W System.err: 	at android.os.Looper.loop(Looper.java:216)
11-06 10:27:53.736 21126 21160 W System.err: 	at android.os.HandlerThread.run(HandlerThread.java:65)
11-06 10:27:53.770 21126 21160 W System.err: java.net.SocketException: Message too long
11-06 10:27:53.770 21126 21160 W System.err: 	at sun.nio.ch.DatagramChannelImpl.send0(Native Method)
11-06 10:27:53.770 21126 21160 W System.err: 	at sun.nio.ch.DatagramChannelImpl.sendFromNativeBuffer(DatagramChannelImpl.java:573)
11-06 10:27:53.770 21126 21160 W System.err: 	at sun.nio.ch.DatagramChannelImpl.send(DatagramChannelImpl.java:550)
11-06 10:27:53.770 21126 21160 W System.err: 	at sun.nio.ch.DatagramChannelImpl.send(DatagramChannelImpl.java:514)
11-06 10:27:53.770 21126 21160 W System.err: 	at symlab.CloudAR.network.TransmissionTask.run(TransmissionTask.java:124)
11-06 10:27:53.770 21126 21160 W System.err: 	at android.os.Handler.handleCallback(Handler.java:907)
11-06 10:27:53.770 21126 21160 W System.err: 	at android.os.Handler.dispatchMessage(Handler.java:105)
11-06 10:27:53.770 21126 21160 W System.err: 	at android.os.Looper.loop(Looper.java:216)
11-06 10:27:53.771 21126 21160 W System.err: 	at android.os.HandlerThread.run(HandlerThread.java:65)
11-06 10:27:53.810 21126 21160 W System.err: java.net.SocketException: Message too long
11-06 10:27:53.810 21126 21160 W System.err: 	at sun.nio.ch.DatagramChannelImpl.send0(Native Method)
11-06 10:27:53.810 21126 21160 W System.err: 	at sun.nio.ch.DatagramChannelImpl.sendFromNativeBuffer(DatagramChannelImpl.java:573)
11-06 10:27:53.810 21126 21160 W System.err: 	at sun.nio.ch.DatagramChannelImpl.send(DatagramChannelImpl.java:550)
11-06 10:27:53.810 21126 21160 W System.err: 	at sun.nio.ch.DatagramChannelImpl.send(DatagramChannelImpl.java:514)
11-06 10:27:53.810 21126 21160 W System.err: 	at symlab.CloudAR.network.TransmissionTask.run(TransmissionTask.java:124)
11-06 10:27:53.810 21126 21160 W System.err: 	at android.os.Handler.handleCallback(Handler.java:907)
11-06 10:27:53.810 21126 21160 W System.err: 	at android.os.Handler.dispatchMessage(Handler.java:105)
11-06 10:27:53.810 21126 21160 W System.err: 	at android.os.Looper.loop(Looper.java:216)
11-06 10:27:53.810 21126 21160 W System.err: 	at android.os.HandlerThread.run(HandlerThread.java:65)
11-06 10:27:53.829 21126 21160 D Evaluation: Frame 305 sent at 1573028873829
11-06 10:27:53.869 21126 21160 D Evaluation: Frame 306 sent at 1573028873869
11-06 10:27:53.906 21126 21160 D Evaluation: Frame 307 sent at 1573028873906
11-06 10:27:53.938 21126 21160 D Evaluation: Frame 308 sent at 1573028873938
11-06 10:27:53.960 21126 21160 D Evaluation: Frame 309 sent at 1573028873960
11-06 10:27:54.004 21126 21160 D Evaluation: Frame 310 sent at 1573028874004
11-06 10:27:54.038 21126 21160 D Evaluation: Frame 311 sent at 1573028874038
11-06 10:27:54.077 21126 21160 D Evaluation: Frame 312 sent at 1573028874077
11-06 10:27:54.079 21126 21160 D Evaluation: 1 res for frame 305 received at 1573028874079
11-06 10:27:54.107 21126 21160 D Evaluation: Frame 313 sent at 1573028874107
11-06 10:27:54.142 21126 21160 D Evaluation: Frame 314 sent at 1573028874142
11-06 10:27:54.182 21126 21137 E         : [ZeroHung]zrhung_get_config: Get config failed for wp[0x0008]
11-06 10:27:54.183 21126 21160 D Evaluation: Frame 315 sent at 1573028874183
11-06 10:27:54.213 21126 21135 W System  : A resource failed to call close. 
11-06 10:27:54.213 21126 21135 W System  : A resource failed to call close. 
11-06 10:27:54.214 21126 21160 D Evaluation: Frame 316 sent at 1573028874214
11-06 10:27:54.241 21126 21160 D Evaluation: Frame 317 sent at 1573028874241
11-06 10:27:54.274 21126 21160 W System.err: java.net.SocketException: Message too long
11-06 10:27:54.274 21126 21160 W System.err: 	at sun.nio.ch.DatagramChannelImpl.send0(Native Method)
11-06 10:27:54.274 21126 21160 W System.err: 	at sun.nio.ch.DatagramChannelImpl.sendFromNativeBuffer(DatagramChannelImpl.java:573)
11-06 10:27:54.274 21126 21160 W System.err: 	at sun.nio.ch.DatagramChannelImpl.send(DatagramChannelImpl.java:550)
11-06 10:27:54.274 21126 21160 W System.err: 	at sun.nio.ch.DatagramChannelImpl.send(DatagramChannelImpl.java:514)
11-06 10:27:54.274 21126 21160 W System.err: 	at symlab.CloudAR.network.TransmissionTask.run(TransmissionTask.java:124)
11-06 10:27:54.275 21126 21160 W System.err: 	at android.os.Handler.handleCallback(Handler.java:907)
11-06 10:27:54.275 21126 21160 W System.err: 	at android.os.Handler.dispatchMessage(Handler.java:105)
11-06 10:27:54.275 21126 21160 W System.err: 	at android.os.Looper.loop(Looper.java:216)
11-06 10:27:54.275 21126 21160 W System.err: 	at android.os.HandlerThread.run(HandlerThread.java:65)
11-06 10:27:54.277 21126 21160 D Evaluation: 3 res for frame 306 received at 1573028874277
11-06 10:27:54.302 21126 21160 W System.err: java.net.SocketException: Message too long
11-06 10:27:54.302 21126 21160 W System.err: 	at sun.nio.ch.DatagramChannelImpl.send0(Native Method)
11-06 10:27:54.302 21126 21160 W System.err: 	at sun.nio.ch.DatagramChannelImpl.sendFromNativeBuffer(DatagramChannelImpl.java:573)
11-06 10:27:54.302 21126 21160 W System.err: 	at sun.nio.ch.DatagramChannelImpl.send(DatagramChannelImpl.java:550)
11-06 10:27:54.302 21126 21160 W System.err: 	at sun.nio.ch.DatagramChannelImpl.send(DatagramChannelImpl.java:514)
11-06 10:27:54.302 21126 21160 W System.err: 	at symlab.CloudAR.network.TransmissionTask.run(TransmissionTask.java:124)
11-06 10:27:54.302 21126 21160 W System.err: 	at android.os.Handler.handleCallback(Handler.java:907)
11-06 10:27:54.302 21126 21160 W System.err: 	at android.os.Handler.dispatchMessage(Handler.java:105)
11-06 10:27:54.302 21126 21160 W System.err: 	at android.os.Looper.loop(Looper.java:216)
11-06 10:27:54.302 21126 21160 W System.err: 	at android.os.HandlerThread.run(HandlerThread.java:65)
11-06 10:27:54.341 21126 21160 D Evaluation: Frame 320 sent at 1573028874341
11-06 10:27:54.383 21126 21160 D Evaluation: Frame 321 sent at 1573028874383
11-06 10:27:54.408 21126 21160 D Evaluation: Frame 322 sent at 1573028874408
11-06 10:27:54.440 21126 21160 D Evaluation: Frame 323 sent at 1573028874440
11-06 10:27:54.474 21126 21160 D Evaluation: Frame 324 sent at 1573028874474
11-06 10:27:54.506 21126 21160 D Evaluation: Frame 325 sent at 1573028874506
11-06 10:27:54.540 21126 21160 D Evaluation: Frame 326 sent at 1573028874540
11-06 10:27:54.575 21126 21160 D Evaluation: Frame 327 sent at 1573028874575
11-06 10:27:54.604 21126 21160 D Evaluation: Frame 328 sent at 1573028874604
11-06 10:27:54.632 21126 21160 D Evaluation: Frame 329 sent at 1573028874632
11-06 10:27:54.679 21126 21160 D Evaluation: Frame 330 sent at 1573028874678
11-06 10:27:54.709 21126 21160 D Evaluation: Frame 331 sent at 1573028874709
11-06 10:27:54.738 21126 21160 D Evaluation: Frame 332 sent at 1573028874738
11-06 10:27:54.781 21126 21160 D Evaluation: Frame 333 sent at 1573028874781
11-06 10:27:54.814 21126 21160 D Evaluation: Frame 334 sent at 1573028874813
11-06 10:27:54.842 21126 21160 D Evaluation: Frame 335 sent at 1573028874842
11-06 10:27:54.873 21126 21160 D Evaluation: Frame 336 sent at 1573028874873
11-06 10:27:54.909 21126 21160 D Evaluation: Frame 337 sent at 1573028874909
11-06 10:27:54.975 21126 21160 D Evaluation: Frame 338 sent at 1573028874975
11-06 10:27:55.010 21126 21160 D Evaluation: Frame 339 sent at 1573028875010
11-06 10:27:55.038 21126 21160 D Evaluation: Frame 340 sent at 1573028875038
11-06 10:27:55.080 21126 21160 D Evaluation: Frame 341 sent at 1573028875080
11-06 10:27:55.117 21126 21160 D Evaluation: Frame 342 sent at 1573028875117
11-06 10:27:55.148 21126 21160 D Evaluation: Frame 343 sent at 1573028875148
11-06 10:27:55.178 21126 21160 D Evaluation: Frame 344 sent at 1573028875178
11-06 10:27:55.213 21126 21160 D Evaluation: Frame 345 sent at 1573028875213
11-06 10:27:55.243 21126 21160 D Evaluation: Frame 346 sent at 1573028875243
11-06 10:27:55.280 21126 21160 D Evaluation: Frame 347 sent at 1573028875280
11-06 10:27:55.308 21126 21160 D Evaluation: Frame 348 sent at 1573028875308
11-06 10:27:55.348 21126 21160 D Evaluation: Frame 349 sent at 1573028875348
11-06 10:27:55.378 21126 21137 E         : [ZeroHung]zrhung_get_config: Get config failed for wp[0x0008]
11-06 10:27:55.378 21126 21160 D Evaluation: Frame 350 sent at 1573028875378
11-06 10:27:55.401 21126 21135 W System  : A resource failed to call close. 
11-06 10:27:55.401 21126 21135 W System  : A resource failed to call close. 
11-06 10:27:55.413 21126 21160 D Evaluation: Frame 351 sent at 1573028875413
11-06 10:27:55.442 21126 21160 D Evaluation: Frame 352 sent at 1573028875442
11-06 10:27:55.476 21126 21160 D Evaluation: Frame 353 sent at 1573028875475
11-06 10:27:55.514 21126 21160 D Evaluation: Frame 354 sent at 1573028875513
11-06 10:27:55.549 21126 21160 D Evaluation: Frame 355 sent at 1573028875549
11-06 10:27:55.586 21126 21160 D Evaluation: Frame 356 sent at 1573028875586
11-06 10:27:55.615 21126 21160 D Evaluation: Frame 357 sent at 1573028875615
11-06 10:27:55.641 21126 21160 D Evaluation: Frame 358 sent at 1573028875641
11-06 10:27:55.687 21126 21160 D Evaluation: Frame 359 sent at 1573028875687
11-06 10:27:55.714 21126 21160 D Evaluation: Frame 360 sent at 1573028875714
11-06 10:27:55.750 21126 21160 D Evaluation: Frame 361 sent at 1573028875750
11-06 10:27:55.779 21126 21160 D Evaluation: Frame 362 sent at 1573028875779
11-06 10:27:55.823 21126 21160 D Evaluation: Frame 363 sent at 1573028875823
11-06 10:27:55.903 21126 21160 D Evaluation: Frame 364 sent at 1573028875903
11-06 10:27:55.943 21126 21160 D Evaluation: Frame 366 sent at 1573028875943
11-06 10:27:55.964 21126 21160 D Evaluation: Frame 367 sent at 1573028875964
11-06 10:27:55.981 21126 21160 D Evaluation: Frame 367 sent at 1573028875981
11-06 10:27:56.008 21126 21160 D Evaluation: Frame 368 sent at 1573028876008
11-06 10:27:56.041 21126 21160 D Evaluation: Frame 369 sent at 1573028876041
11-06 10:27:56.075 21126 21160 D Evaluation: Frame 370 sent at 1573028876075
11-06 10:27:56.112 21126 21160 D Evaluation: Frame 371 sent at 1573028876112
11-06 10:27:56.147 21126 21160 D Evaluation: Frame 372 sent at 1573028876147
11-06 10:27:56.176 21126 21160 D Evaluation: Frame 373 sent at 1573028876176
11-06 10:27:56.219 21126 21160 D Evaluation: Frame 374 sent at 1573028876219
11-06 10:27:56.245 21126 21160 D Evaluation: Frame 375 sent at 1573028876245
11-06 10:27:56.289 21126 21160 D Evaluation: Frame 376 sent at 1573028876289
11-06 10:27:56.320 21126 21160 D Evaluation: Frame 377 sent at 1573028876320
11-06 10:27:56.355 21126 21160 D Evaluation: Frame 378 sent at 1573028876355
11-06 10:27:56.385 21126 21160 D Evaluation: Frame 379 sent at 1573028876385
11-06 10:27:56.430 21126 21160 D Evaluation: Frame 380 sent at 1573028876430
11-06 10:27:56.455 21126 21160 D Evaluation: Frame 381 sent at 1573028876455
11-06 10:27:56.481 21126 21160 D Evaluation: Frame 382 sent at 1573028876481
11-06 10:27:56.510 21126 21160 D Evaluation: Frame 383 sent at 1573028876510
11-06 10:27:56.514 21126 21126 W HiTouch_PressGestureDetector: Touch pointer move a lot. The moving distance of X is:10.392273, limit is:60The moving distance of Y is:67.835464, limit is:60
11-06 10:27:56.548 21126 21160 D Evaluation: Frame 384 sent at 1573028876548
11-06 10:27:56.571 21126 21160 D Evaluation: Frame 385 sent at 1573028876571
11-06 10:27:56.619 21126 21160 D Evaluation: Frame 386 sent at 1573028876619
11-06 10:27:56.643 21126 21160 D Evaluation: Frame 387 sent at 1573028876643
11-06 10:27:56.677 21126 21160 D Evaluation: Frame 388 sent at 1573028876677
11-06 10:27:56.706 21126 21160 D Evaluation: Frame 389 sent at 1573028876706
11-06 10:27:56.748 21126 21160 D Evaluation: Frame 390 sent at 1573028876748
11-06 10:27:56.783 21126 21160 D Evaluation: Frame 391 sent at 1573028876783
11-06 10:27:56.817 21126 21160 D Evaluation: Frame 392 sent at 1573028876817
11-06 10:27:56.843 21126 21160 D Evaluation: Frame 393 sent at 1573028876843
11-06 10:27:56.882 21126 21137 E         : [ZeroHung]zrhung_get_config: Get config failed for wp[0x0008]
11-06 10:27:56.883 21126 21160 D Evaluation: Frame 394 sent at 1573028876883
11-06 10:27:56.909 21126 21160 D Evaluation: Frame 395 sent at 1573028876908
11-06 10:27:56.946 21126 21160 D Evaluation: Frame 396 sent at 1573028876946
11-06 10:27:56.973 21126 21160 D Evaluation: Frame 397 sent at 1573028876973
11-06 10:27:57.009 21126 21160 D Evaluation: Frame 398 sent at 1573028877009
11-06 10:27:57.041 21126 21160 D Evaluation: Frame 399 sent at 1573028877041
11-06 10:27:57.084 21126 21160 D Evaluation: Frame 400 sent at 1573028877083
11-06 10:27:57.116 21126 21160 D Evaluation: Frame 401 sent at 1573028877116
11-06 10:27:57.158 21126 21160 D Evaluation: Frame 402 sent at 1573028877158
11-06 10:27:57.188 21126 21160 D Evaluation: Frame 403 sent at 1573028877188
11-06 10:27:57.209 21126 21160 D Evaluation: Frame 404 sent at 1573028877209
11-06 10:27:57.245 21126 21160 D Evaluation: Frame 405 sent at 1573028877245
11-06 10:27:57.275 21126 21160 D Evaluation: Frame 406 sent at 1573028877275
11-06 10:27:57.322 21126 21160 D Evaluation: Frame 407 sent at 1573028877322
11-06 10:27:57.345 21126 21160 D Evaluation: Frame 408 sent at 1573028877345
11-06 10:27:57.379 21126 21160 D Evaluation: Frame 409 sent at 1573028877379
11-06 10:27:57.415 21126 21160 D Evaluation: Frame 410 sent at 1573028877415
11-06 10:27:57.456 21126 21160 D Evaluation: Frame 411 sent at 1573028877456
11-06 10:27:57.488 21126 21160 D Evaluation: Frame 412 sent at 1573028877488
11-06 10:27:57.511 21126 21160 D Evaluation: Frame 413 sent at 1573028877511
11-06 10:27:57.548 21126 21160 D Evaluation: Frame 414 sent at 1573028877548
11-06 10:27:57.582 21126 21160 D Evaluation: Frame 415 sent at 1573028877581
11-06 10:27:57.611 21126 21160 D Evaluation: Frame 416 sent at 1573028877610
11-06 10:27:57.648 21126 21160 D Evaluation: Frame 417 sent at 1573028877648
11-06 10:27:57.699 21126 21160 D Evaluation: Frame 418 sent at 1573028877699
11-06 10:27:57.722 21126 21160 D Evaluation: Frame 419 sent at 1573028877722
11-06 10:27:57.792 21126 21160 D Evaluation: Frame 420 sent at 1573028877791
11-06 10:27:57.823 21126 21160 D Evaluation: Frame 421 sent at 1573028877823
11-06 10:27:57.857 21126 21160 D Evaluation: Frame 422 sent at 1573028877856
11-06 10:27:57.892 21126 21160 D Evaluation: Frame 423 sent at 1573028877892
11-06 10:27:57.928 21126 21160 D Evaluation: Frame 424 sent at 1573028877928
11-06 10:27:57.955 21126 21160 D Evaluation: Frame 425 sent at 1573028877955
11-06 10:27:57.985 21126 21160 D Evaluation: Frame 426 sent at 1573028877985
11-06 10:27:58.017 21126 21160 D Evaluation: Frame 427 sent at 1573028878017
11-06 10:27:58.051 21126 21160 D Evaluation: Frame 428 sent at 1573028878051
11-06 10:27:58.092 21126 21160 D Evaluation: Frame 429 sent at 1573028878092
11-06 10:27:58.119 21126 21160 D Evaluation: Frame 430 sent at 1573028878119
11-06 10:27:58.157 21126 21160 D Evaluation: Frame 431 sent at 1573028878157
11-06 10:27:58.188 21126 21160 D Evaluation: Frame 432 sent at 1573028878188
11-06 10:27:58.230 21126 21160 D Evaluation: Frame 433 sent at 1573028878230
11-06 10:27:58.261 21126 21160 D Evaluation: Frame 434 sent at 1573028878261
11-06 10:27:58.283 21126 21160 D Evaluation: Frame 435 sent at 1573028878283
11-06 10:27:58.320 21126 21137 E         : [ZeroHung]zrhung_get_config: Get config failed for wp[0x0008]
11-06 10:27:58.320 21126 21160 D Evaluation: Frame 436 sent at 1573028878320
11-06 10:27:58.355 21126 21160 D Evaluation: Frame 437 sent at 1573028878355
11-06 10:27:58.394 21126 21160 D Evaluation: Frame 438 sent at 1573028878394
11-06 10:27:58.427 21126 21160 D Evaluation: Frame 439 sent at 1573028878427
11-06 10:27:58.461 21126 21160 D Evaluation: Frame 440 sent at 1573028878461
11-06 10:27:58.499 21126 21160 D Evaluation: Frame 441 sent at 1573028878499
11-06 10:27:58.528 21126 21160 D Evaluation: Frame 442 sent at 1573028878528
11-06 10:27:58.553 21126 21160 D Evaluation: Frame 443 sent at 1573028878553
11-06 10:27:58.590 21126 21160 D Evaluation: Frame 444 sent at 1573028878590
11-06 10:27:58.619 21126 21160 D Evaluation: Frame 445 sent at 1573028878619
11-06 10:27:58.654 21126 21160 D Evaluation: Frame 446 sent at 1573028878654
11-06 10:27:58.687 21126 21160 D Evaluation: Frame 447 sent at 1573028878687
11-06 10:27:58.733 21126 21160 D Evaluation: Frame 448 sent at 1573028878733
11-06 10:27:58.773 21126 21160 D Evaluation: Frame 449 sent at 1573028878773
11-06 10:27:58.798 21126 21160 D Evaluation: Frame 450 sent at 1573028878798
11-06 10:27:58.830 21126 21160 D Evaluation: Frame 451 sent at 1573028878830
11-06 10:27:58.854 21126 21160 D Evaluation: Frame 452 sent at 1573028878854
11-06 10:27:58.888 21126 21160 D Evaluation: Frame 453 sent at 1573028878888
11-06 10:27:58.925 21126 21160 D Evaluation: Frame 454 sent at 1573028878925
11-06 10:27:58.957 21126 21160 D Evaluation: Frame 455 sent at 1573028878956
11-06 10:27:58.995 21126 21160 D Evaluation: Frame 456 sent at 1573028878995
11-06 10:27:59.036 21126 21160 D Evaluation: Frame 457 sent at 1573028879036
11-06 10:27:59.067 21126 21160 D Evaluation: Frame 458 sent at 1573028879067
11-06 10:27:59.095 21126 21160 D Evaluation: Frame 459 sent at 1573028879095
11-06 10:27:59.134 21126 21160 D Evaluation: Frame 460 sent at 1573028879134
11-06 10:27:59.167 21126 21160 D Evaluation: Frame 461 sent at 1573028879167
11-06 10:27:59.199 21126 21160 D Evaluation: Frame 462 sent at 1573028879199
11-06 10:27:59.235 21126 21160 D Evaluation: Frame 463 sent at 1573028879235
11-06 10:27:59.263 21126 21160 D Evaluation: Frame 464 sent at 1573028879263
11-06 10:27:59.295 21126 21160 D Evaluation: Frame 465 sent at 1573028879295
11-06 10:27:59.330 21126 21160 D Evaluation: Frame 466 sent at 1573028879330
11-06 10:27:59.369 21126 21160 D Evaluation: Frame 467 sent at 1573028879369
11-06 10:27:59.395 21126 21160 D Evaluation: Frame 468 sent at 1573028879394
11-06 10:27:59.428 21126 21160 D Evaluation: Frame 469 sent at 1573028879428
11-06 10:27:59.461 21126 21160 D Evaluation: Frame 470 sent at 1573028879461
11-06 10:27:59.494 21126 21160 D Evaluation: Frame 471 sent at 1573028879494
11-06 10:27:59.530 21126 21160 D Evaluation: Frame 472 sent at 1573028879530
11-06 10:27:59.578 21126 21160 D Evaluation: Frame 473 sent at 1573028879578
11-06 10:27:59.597 21126 21160 D Evaluation: Frame 474 sent at 1573028879597
11-06 10:27:59.634 21126 21160 D Evaluation: Frame 475 sent at 1573028879634
11-06 10:27:59.662 21126 21160 D Evaluation: Frame 476 sent at 1573028879662
11-06 10:27:59.703 21126 21160 D Evaluation: Frame 477 sent at 1573028879703
11-06 10:27:59.729 21126 21137 E         : [ZeroHung]zrhung_get_config: Get config failed for wp[0x0008]
11-06 10:27:59.729 21126 21160 D Evaluation: Frame 478 sent at 1573028879729
11-06 10:27:59.769 21126 21160 D Evaluation: Frame 479 sent at 1573028879769
11-06 10:27:59.795 21126 21160 D Evaluation: Frame 480 sent at 1573028879795
11-06 10:27:59.845 21126 21160 D Evaluation: Frame 481 sent at 1573028879845
11-06 10:27:59.868 21126 21160 D Evaluation: Frame 482 sent at 1573028879868
11-06 10:27:59.903 21126 21160 D Evaluation: Frame 483 sent at 1573028879902
11-06 10:27:59.933 21126 21160 D Evaluation: Frame 484 sent at 1573028879933
11-06 10:27:59.964 21126 21160 D Evaluation: Frame 485 sent at 1573028879964
11-06 10:27:59.998 21126 21160 D Evaluation: Frame 486 sent at 1573028879998
11-06 10:28:00.033 21126 21160 D Evaluation: Frame 487 sent at 1573028880033
11-06 10:28:00.070 21126 21160 D Evaluation: Frame 488 sent at 1573028880070
11-06 10:28:00.104 21126 21160 D Evaluation: Frame 489 sent at 1573028880104
11-06 10:28:00.134 21126 21160 D Evaluation: Frame 490 sent at 1573028880134
11-06 10:28:00.174 21126 21160 D Evaluation: Frame 491 sent at 1573028880174
11-06 10:28:00.209 21126 21160 D Evaluation: Frame 492 sent at 1573028880209
11-06 10:28:00.243 21126 21160 D Evaluation: Frame 493 sent at 1573028880243
11-06 10:28:00.276 21126 21160 D Evaluation: Frame 494 sent at 1573028880276
11-06 10:28:00.297 21126 21160 D Evaluation: Frame 495 sent at 1573028880297
11-06 10:28:00.335 21126 21160 D Evaluation: Frame 496 sent at 1573028880335
11-06 10:28:00.373 21126 21160 D Evaluation: Frame 497 sent at 1573028880373
11-06 10:28:00.405 21126 21160 D Evaluation: Frame 498 sent at 1573028880405
11-06 10:28:00.435 21126 21160 D Evaluation: Frame 499 sent at 1573028880435
11-06 10:28:00.468 21126 21160 D Evaluation: Frame 500 sent at 1573028880468
11-06 10:28:00.502 21126 21160 D Evaluation: Frame 501 sent at 1573028880502
11-06 10:28:00.523 21126 21126 W HiTouch_PressGestureDetector: Touch pointer move a lot. The moving distance of X is:29.965454, limit is:60The moving distance of Y is:76.02918, limit is:60
11-06 10:28:00.539 21126 21160 D Evaluation: Frame 502 sent at 1573028880539
11-06 10:28:00.573 21126 21160 D Evaluation: Frame 503 sent at 1573028880573
11-06 10:28:00.603 21126 21160 D Evaluation: Frame 504 sent at 1573028880603
11-06 10:28:00.639 21126 21160 D Evaluation: Frame 505 sent at 1573028880639
11-06 10:28:00.670 21126 21160 D Evaluation: Frame 506 sent at 1573028880670
11-06 10:28:00.701 21126 21160 D Evaluation: Frame 507 sent at 1573028880701
11-06 10:28:00.739 21126 21160 D Evaluation: Frame 508 sent at 1573028880739
11-06 10:28:00.771 21126 21160 D Evaluation: Frame 509 sent at 1573028880771
11-06 10:28:00.813 21126 21160 D Evaluation: Frame 510 sent at 1573028880813
11-06 10:28:00.838 21126 21160 D Evaluation: Frame 511 sent at 1573028880838
11-06 10:28:00.880 21126 21160 D Evaluation: Frame 512 sent at 1573028880880
11-06 10:28:00.909 21126 21160 D Evaluation: Frame 513 sent at 1573028880909
11-06 10:28:00.954 21126 21160 D Evaluation: Frame 514 sent at 1573028880953
11-06 10:28:00.975 21126 21160 D Evaluation: Frame 515 sent at 1573028880975
11-06 10:28:01.012 21126 21160 D Evaluation: Frame 516 sent at 1573028881012
11-06 10:28:01.040 21126 21160 D Evaluation: Frame 517 sent at 1573028881040
11-06 10:28:01.082 21126 21160 D Evaluation: Frame 518 sent at 1573028881082
11-06 10:28:01.107 21126 21160 D Evaluation: Frame 519 sent at 1573028881107
11-06 10:28:01.147 21126 21160 D Evaluation: Frame 520 sent at 1573028881147
11-06 10:28:01.174 21126 21160 D Evaluation: Frame 521 sent at 1573028881174
11-06 10:28:01.257 21126 21137 E         : [ZeroHung]zrhung_get_config: Get config failed for wp[0x0008]
11-06 10:28:01.258 21126 21160 D Evaluation: Frame 522 sent at 1573028881258
11-06 10:28:01.309 21126 21160 D Evaluation: Frame 523 sent at 1573028881309
11-06 10:28:01.351 21126 21160 D Evaluation: Frame 524 sent at 1573028881351
11-06 10:28:01.376 21126 21160 D Evaluation: Frame 525 sent at 1573028881376
11-06 10:28:01.420 21126 21160 D Evaluation: Frame 526 sent at 1573028881420
11-06 10:28:01.455 21126 21160 D Evaluation: Frame 527 sent at 1573028881455
11-06 10:28:01.513 21126 21160 D Evaluation: Frame 528 sent at 1573028881513
11-06 10:28:01.553 21126 21160 D Evaluation: Frame 529 sent at 1573028881553
11-06 10:28:01.586 21126 21160 D Evaluation: Frame 530 sent at 1573028881586
