10-28 13:11:34.161 12651 12730 W System.err: 	at sun.nio.ch.DatagramChannelImpl.send0(Native Method)
10-28 13:11:34.161 12651 12730 W System.err: 	at sun.nio.ch.DatagramChannelImpl.sendFromNativeBuffer(DatagramChannelImpl.java:573)
10-28 13:11:34.161 12651 12730 W System.err: 	at sun.nio.ch.DatagramChannelImpl.send(DatagramChannelImpl.java:550)
10-28 13:11:34.161 12651 12730 W System.err: 	at sun.nio.ch.DatagramChannelImpl.send(DatagramChannelImpl.java:514)
10-28 13:11:34.161 12651 12730 W System.err: 	at symlab.CloudAR.network.TransmissionTask.run(TransmissionTask.java:112)
10-28 13:11:34.161 12651 12730 W System.err: 	at android.os.Handler.handleCallback(Handler.java:874)
10-28 13:11:34.161 12651 12730 W System.err: 	at android.os.Handler.dispatchMessage(Handler.java:100)
10-28 13:11:34.161 12651 12730 W System.err: 	at android.os.Looper.loop(Looper.java:198)
10-28 13:11:34.161 12651 12730 W System.err: 	at android.os.HandlerThread.run(HandlerThread.java:65)
10-28 13:11:34.202 12651 12730 W System.err: java.net.SocketException: Network is unreachable
10-28 13:11:34.202 12651 12730 W System.err: 	at sun.nio.ch.DatagramChannelImpl.send0(Native Method)
10-28 13:11:34.202 12651 12730 W System.err: 	at sun.nio.ch.DatagramChannelImpl.sendFromNativeBuffer(DatagramChannelImpl.java:573)
10-28 13:11:34.202 12651 12730 W System.err: 	at sun.nio.ch.DatagramChannelImpl.send(DatagramChannelImpl.java:550)
10-28 13:11:34.202 12651 12730 W System.err: 	at sun.nio.ch.DatagramChannelImpl.send(DatagramChannelImpl.java:514)
10-28 13:11:34.202 12651 12730 W System.err: 	at symlab.CloudAR.network.TransmissionTask.run(TransmissionTask.java:112)
10-28 13:11:34.202 12651 12730 W System.err: 	at android.os.Handler.handleCallback(Handler.java:874)
10-28 13:11:34.202 12651 12730 W System.err: 	at android.os.Handler.dispatchMessage(Handler.java:100)
10-28 13:11:34.202 12651 12730 W System.err: 	at android.os.Looper.loop(Looper.java:198)
10-28 13:11:34.203 12651 12730 W System.err: 	at android.os.HandlerThread.run(HandlerThread.java:65)
10-28 13:11:34.242 12651 12730 W System.err: java.net.SocketException: Network is unreachable
10-28 13:11:34.242 12651 12730 W System.err: 	at sun.nio.ch.DatagramChannelImpl.send0(Native Method)
10-28 13:11:34.243 12651 12730 W System.err: 	at sun.nio.ch.DatagramChannelImpl.sendFromNativeBuffer(DatagramChannelImpl.java:573)
10-28 13:11:34.243 12651 12730 W System.err: 	at sun.nio.ch.DatagramChannelImpl.send(DatagramChannelImpl.java:550)
10-28 13:11:34.243 12651 12730 W System.err: 	at sun.nio.ch.DatagramChannelImpl.send(DatagramChannelImpl.java:514)
10-28 13:11:34.243 12651 12730 W System.err: 	at symlab.CloudAR.network.TransmissionTask.run(TransmissionTask.java:112)
10-28 13:11:34.243 12651 12730 W System.err: 	at android.os.Handler.handleCallback(Handler.java:874)
10-28 13:11:34.243 12651 12730 W System.err: 	at android.os.Handler.dispatchMessage(Handler.java:100)
10-28 13:11:34.243 12651 12730 W System.err: 	at android.os.Looper.loop(Looper.java:198)
10-28 13:11:34.243 12651 12730 W System.err: 	at android.os.HandlerThread.run(HandlerThread.java:65)
10-28 13:11:34.269 12651 12730 W System.err: java.net.SocketException: Network is unreachable
10-28 13:11:34.269 12651 12730 W System.err: 	at sun.nio.ch.DatagramChannelImpl.send0(Native Method)
10-28 13:11:34.270 12651 12730 W System.err: 	at sun.nio.ch.DatagramChannelImpl.sendFromNativeBuffer(DatagramChannelImpl.java:573)
10-28 13:11:34.270 12651 12730 W System.err: 	at sun.nio.ch.DatagramChannelImpl.send(DatagramChannelImpl.java:550)
10-28 13:11:34.270 12651 12730 W System.err: 	at sun.nio.ch.DatagramChannelImpl.send(DatagramChannelImpl.java:514)
10-28 13:11:34.270 12651 12730 W System.err: 	at symlab.CloudAR.network.TransmissionTask.run(TransmissionTask.java:112)
10-28 13:11:34.270 12651 12730 W System.err: 	at android.os.Handler.handleCallback(Handler.java:874)
10-28 13:11:34.270 12651 12730 W System.err: 	at android.os.Handler.dispatchMessage(Handler.java:100)
10-28 13:11:34.270 12651 12730 W System.err: 	at android.os.Looper.loop(Looper.java:198)
10-28 13:11:34.270 12651 12730 W System.err: 	at android.os.HandlerThread.run(HandlerThread.java:65)
10-28 13:11:34.301 12651 12730 W System.err: java.net.SocketException: Network is unreachable
10-28 13:11:34.301 12651 12730 W System.err: 	at sun.nio.ch.DatagramChannelImpl.send0(Native Method)
10-28 13:11:34.302 12651 12730 W System.err: 	at sun.nio.ch.DatagramChannelImpl.sendFromNativeBuffer(DatagramChannelImpl.java:573)
10-28 13:11:34.302 12651 12730 W System.err: 	at sun.nio.ch.DatagramChannelImpl.send(DatagramChannelImpl.java:550)
10-28 13:11:34.302 12651 12730 W System.err: 	at sun.nio.ch.DatagramChannelImpl.send(DatagramChannelImpl.java:514)
10-28 13:11:34.302 12651 12730 W System.err: 	at symlab.CloudAR.network.TransmissionTask.run(TransmissionTask.java:112)
10-28 13:11:34.302 12651 12730 W System.err: 	at android.os.Handler.handleCallback(Handler.java:874)
10-28 13:11:34.302 12651 12730 W System.err: 	at android.os.Handler.dispatchMessage(Handler.java:100)
10-28 13:11:34.302 12651 12730 W System.err: 	at android.os.Looper.loop(Looper.java:198)
10-28 13:11:34.302 12651 12730 W System.err: 	at android.os.HandlerThread.run(HandlerThread.java:65)
10-28 13:11:34.343 12651 12730 W System.err: java.net.SocketException: Network is unreachable
10-28 13:11:34.343 12651 12730 W System.err: 	at sun.nio.ch.DatagramChannelImpl.send0(Native Method)
10-28 13:11:34.343 12651 12730 W System.err: 	at sun.nio.ch.DatagramChannelImpl.sendFromNativeBuffer(DatagramChannelImpl.java:573)
10-28 13:11:34.343 12651 12730 W System.err: 	at sun.nio.ch.DatagramChannelImpl.send(DatagramChannelImpl.java:550)
10-28 13:11:34.343 12651 12730 W System.err: 	at sun.nio.ch.DatagramChannelImpl.send(DatagramChannelImpl.java:514)
10-28 13:11:34.343 12651 12730 W System.err: 	at symlab.CloudAR.network.TransmissionTask.run(TransmissionTask.java:112)
10-28 13:11:34.343 12651 12730 W System.err: 	at android.os.Handler.handleCallback(Handler.java:874)
10-28 13:11:34.343 12651 12730 W System.err: 	at android.os.Handler.dispatchMessage(Handler.java:100)
10-28 13:11:34.343 12651 12730 W System.err: 	at android.os.Looper.loop(Looper.java:198)
10-28 13:11:34.343 12651 12730 W System.err: 	at android.os.HandlerThread.run(HandlerThread.java:65)
10-28 13:11:34.386 12651 12730 W System.err: java.net.SocketException: Network is unreachable
10-28 13:11:34.386 12651 12730 W System.err: 	at sun.nio.ch.DatagramChannelImpl.send0(Native Method)
10-28 13:11:34.387 12651 12730 W System.err: 	at sun.nio.ch.DatagramChannelImpl.sendFromNativeBuffer(DatagramChannelImpl.java:573)
10-28 13:11:34.387 12651 12730 W System.err: 	at sun.nio.ch.DatagramChannelImpl.send(DatagramChannelImpl.java:550)
10-28 13:11:34.387 12651 12730 W System.err: 	at sun.nio.ch.DatagramChannelImpl.send(DatagramChannelImpl.java:514)
10-28 13:11:34.387 12651 12730 W System.err: 	at symlab.CloudAR.network.TransmissionTask.run(TransmissionTask.java:112)
10-28 13:11:34.387 12651 12730 W System.err: 	at android.os.Handler.handleCallback(Handler.java:874)
10-28 13:11:34.387 12651 12730 W System.err: 	at android.os.Handler.dispatchMessage(Handler.java:100)
10-28 13:11:34.387 12651 12730 W System.err: 	at android.os.Looper.loop(Looper.java:198)
10-28 13:11:34.387 12651 12730 W System.err: 	at android.os.HandlerThread.run(HandlerThread.java:65)
10-28 13:11:34.420 12651 12730 W System.err: java.net.SocketException: Network is unreachable
10-28 13:11:34.420 12651 12730 W System.err: 	at sun.nio.ch.DatagramChannelImpl.send0(Native Method)
10-28 13:11:34.420 12651 12730 W System.err: 	at sun.nio.ch.DatagramChannelImpl.sendFromNativeBuffer(DatagramChannelImpl.java:573)
10-28 13:11:34.420 12651 12730 W System.err: 	at sun.nio.ch.DatagramChannelImpl.send(DatagramChannelImpl.java:550)
10-28 13:11:34.420 12651 12730 W System.err: 	at sun.nio.ch.DatagramChannelImpl.send(DatagramChannelImpl.java:514)
10-28 13:11:34.420 12651 12730 W System.err: 	at symlab.CloudAR.network.TransmissionTask.run(TransmissionTask.java:112)
10-28 13:11:34.420 12651 12730 W System.err: 	at android.os.Handler.handleCallback(Handler.java:874)
10-28 13:11:34.421 12651 12730 W System.err: 	at android.os.Handler.dispatchMessage(Handler.java:100)
10-28 13:11:34.421 12651 12730 W System.err: 	at android.os.Looper.loop(Looper.java:198)
10-28 13:11:34.421 12651 12730 W System.err: 	at android.os.HandlerThread.run(HandlerThread.java:65)
10-28 13:11:34.453 12651 12730 W System.err: java.net.SocketException: Network is unreachable
10-28 13:11:34.454 12651 12730 W System.err: 	at sun.nio.ch.DatagramChannelImpl.send0(Native Method)
10-28 13:11:34.454 12651 12730 W System.err: 	at sun.nio.ch.DatagramChannelImpl.sendFromNativeBuffer(DatagramChannelImpl.java:573)
10-28 13:11:34.454 12651 12730 W System.err: 	at sun.nio.ch.DatagramChannelImpl.send(DatagramChannelImpl.java:550)
10-28 13:11:34.454 12651 12730 W System.err: 	at sun.nio.ch.DatagramChannelImpl.send(DatagramChannelImpl.java:514)
10-28 13:11:34.454 12651 12730 W System.err: 	at symlab.CloudAR.network.TransmissionTask.run(TransmissionTask.java:112)
10-28 13:11:34.454 12651 12730 W System.err: 	at android.os.Handler.handleCallback(Handler.java:874)
10-28 13:11:34.454 12651 12730 W System.err: 	at android.os.Handler.dispatchMessage(Handler.java:100)
10-28 13:11:34.454 12651 12730 W System.err: 	at android.os.Looper.loop(Looper.java:198)
10-28 13:11:34.454 12651 12730 W System.err: 	at android.os.HandlerThread.run(HandlerThread.java:65)
10-28 13:11:34.480 12651 12730 W System.err: java.net.SocketException: Network is unreachable
10-28 13:11:34.480 12651 12730 W System.err: 	at sun.nio.ch.DatagramChannelImpl.send0(Native Method)
10-28 13:11:34.480 12651 12730 W System.err: 	at sun.nio.ch.DatagramChannelImpl.sendFromNativeBuffer(DatagramChannelImpl.java:573)
10-28 13:11:34.480 12651 12730 W System.err: 	at sun.nio.ch.DatagramChannelImpl.send(DatagramChannelImpl.java:550)
10-28 13:11:34.480 12651 12730 W System.err: 	at sun.nio.ch.DatagramChannelImpl.send(DatagramChannelImpl.java:514)
10-28 13:11:34.480 12651 12730 W System.err: 	at symlab.CloudAR.network.TransmissionTask.run(TransmissionTask.java:112)
10-28 13:11:34.480 12651 12730 W System.err: 	at android.os.Handler.handleCallback(Handler.java:874)
10-28 13:11:34.480 12651 12730 W System.err: 	at android.os.Handler.dispatchMessage(Handler.java:100)
10-28 13:11:34.480 12651 12730 W System.err: 	at android.os.Looper.loop(Looper.java:198)
10-28 13:11:34.480 12651 12730 W System.err: 	at android.os.HandlerThread.run(HandlerThread.java:65)
10-28 13:11:34.566 12651 12651 I Poster  :  onPause() called.
10-28 13:11:34.582 12651 12730 W System.err: java.net.SocketException: Network is unreachable
10-28 13:11:34.582 12651 12730 W System.err: 	at sun.nio.ch.DatagramChannelImpl.send0(Native Method)
10-28 13:11:34.582 12651 12730 W System.err: 	at sun.nio.ch.DatagramChannelImpl.sendFromNativeBuffer(DatagramChannelImpl.java:573)
10-28 13:11:34.582 12651 12730 W System.err: 	at sun.nio.ch.DatagramChannelImpl.send(DatagramChannelImpl.java:550)
10-28 13:11:34.582 12651 12730 W System.err: 	at sun.nio.ch.DatagramChannelImpl.send(DatagramChannelImpl.java:514)
10-28 13:11:34.582 12651 12730 W System.err: 	at symlab.CloudAR.network.TransmissionTask.run(TransmissionTask.java:112)
10-28 13:11:34.583 12651 12730 W System.err: 	at android.os.Handler.handleCallback(Handler.java:874)
10-28 13:11:34.583 12651 12730 W System.err: 	at android.os.Handler.dispatchMessage(Handler.java:100)
10-28 13:11:34.583 12651 12730 W System.err: 	at android.os.Looper.loop(Looper.java:198)
10-28 13:11:34.583 12651 12730 W System.err: 	at android.os.HandlerThread.run(HandlerThread.java:65)
10-28 13:11:35.390 12651 12651 I Poster  :  surfaceDestroyed() called.
10-28 13:11:35.391 12651 12651 I Poster  :  onStop() called.
10-28 13:11:36.156 12651 12651 I Poster  :  onDestroy() called.
11-01 13:27:10.091 14943 14943 I loudridar.arhu: Late-enabling -Xcheck:jni
11-01 13:27:10.134 14943 14951 E loudridar.arhu: Failed to send DDMS packet REAQ to debugger (-1 of 20): Broken pipe
11-01 13:27:10.406 14943 14943 I Perf    : Connecting to perf service.
11-01 13:27:10.421 14943 14943 I MultiDex: VM with version 2.1.0 has multidex support
11-01 13:27:10.421 14943 14943 I MultiDex: Installing application
11-01 13:27:10.421 14943 14943 I MultiDex: VM has multidex support, MultiDex support library is disabled.
11-01 13:27:10.430 14943 14943 I FirebaseInitProvider: FirebaseApp initialization unsuccessful
11-01 13:27:10.458 14943 14943 I MultiDex: Installing application
11-01 13:27:10.458 14943 14943 I MultiDex: VM has multidex support, MultiDex support library is disabled.
11-01 13:27:10.463 14943 14943 I Poster  :  onCreate() called.
11-01 13:27:10.474 14943 14943 I DecorView: It non-support bigbang
11-01 13:27:10.478 14943 14943 I PhoneWindow: isNeedChangeNaviBarColor taskInfo: [android.app.ActivityManager$RunningTaskInfo@c93a69a] size: 1
11-01 13:27:10.479 14943 14943 I PhoneWindow: isAPPNeedChange pkgName: symlab.cloudridar.arhud needKeep: false
11-01 13:27:10.479 14943 14943 I PhoneWindow: isNeedChangeNaviBarColor false
11-01 13:27:10.479 14943 14943 I PhoneWindow: generateLayout mNavigationBarColor: ff000000
11-01 13:27:10.479 14943 14943 I PhoneWindow: generateLayout isLightNavi false, Visibility: 0
11-01 13:27:10.495 14943 14943 D OpenGLRenderer: Skia GL Pipeline
11-01 13:27:10.507 14943 14943 D LocationManager: [LocationManager] requestLocationUpdates(), 
11-01 13:27:10.507 14943 14943 D LocationManager: java.lang.RuntimeException
11-01 13:27:10.507 14943 14943 D LocationManager: 	at android.location.LocationManager.requestLocationUpdates(LocationManager.java:1013)
11-01 13:27:10.507 14943 14943 D LocationManager: 	at android.location.LocationManager.requestLocationUpdates(LocationManager.java:562)
11-01 13:27:10.507 14943 14943 D LocationManager: 	at symlab.ARHUD.MainActivity.onCreate(MainActivity.java:94)
11-01 13:27:10.507 14943 14943 D LocationManager: 	at android.app.Activity.performCreate(Activity.java:7136)
11-01 13:27:10.507 14943 14943 D LocationManager: 	at android.app.Activity.performCreate(Activity.java:7127)
11-01 13:27:10.507 14943 14943 D LocationManager: 	at android.app.Instrumentation.callActivityOnCreate(Instrumentation.java:1272)
11-01 13:27:10.507 14943 14943 D LocationManager: 	at android.app.ActivityThread.performLaunchActivity(ActivityThread.java:2908)
11-01 13:27:10.507 14943 14943 D LocationManager: 	at android.app.ActivityThread.handleLaunchActivity(ActivityThread.java:3063)
11-01 13:27:10.507 14943 14943 D LocationManager: 	at android.app.servertransaction.LaunchActivityItem.execute(LaunchActivityItem.java:78)
11-01 13:27:10.507 14943 14943 D LocationManager: 	at android.app.servertransaction.TransactionExecutor.executeCallbacks(TransactionExecutor.java:108)
11-01 13:27:10.507 14943 14943 D LocationManager: 	at android.app.servertransaction.TransactionExecutor.execute(TransactionExecutor.java:68)
11-01 13:27:10.507 14943 14943 D LocationManager: 	at android.app.ActivityThread$H.handleMessage(ActivityThread.java:1823)
11-01 13:27:10.507 14943 14943 D LocationManager: 	at android.os.Handler.dispatchMessage(Handler.java:107)
11-01 13:27:10.507 14943 14943 D LocationManager: 	at android.os.Looper.loop(Looper.java:198)
11-01 13:27:10.507 14943 14943 D LocationManager: 	at android.app.ActivityThread.main(ActivityThread.java:6729)
11-01 13:27:10.507 14943 14943 D LocationManager: 	at java.lang.reflect.Method.invoke(Native Method)
11-01 13:27:10.507 14943 14943 D LocationManager: 	at com.android.internal.os.RuntimeInit$MethodAndArgsCaller.run(RuntimeInit.java:493)
11-01 13:27:10.507 14943 14943 D LocationManager: 	at com.android.internal.os.ZygoteInit.main(ZygoteInit.java:858)
11-01 13:27:10.533 14943 14943 D Poster  : Server bound to IP 10.42.0.1 and port 52727
11-01 13:27:10.541 14943 15001 D Evaluation: metadata 0 sent 
11-01 13:27:10.546 14943 14943 I Poster  :  onStart() called.
11-01 13:27:10.547 14943 14943 I Poster  :  onResume() called.
11-01 13:27:10.548 14943 14943 E libc    : Access denied finding property "vendor.camera.aux.packagelist"
11-01 13:27:10.533 14943 14943 W loudridar.arhud: type=1400 audit(0.0:15301): avc: denied { read } for name="u:object_r:vendor_camera_prop:s0" dev="tmpfs" ino=16779 scontext=u:r:untrusted_app:s0:c203,c256,c512,c768 tcontext=u:object_r:vendor_camera_prop:s0 tclass=file permissive=0
11-01 13:27:10.549 14943 14943 E libc    : Access denied finding property "vendor.camera.aux.packagelist"
11-01 13:27:10.543 14943 14943 W loudridar.arhud: type=1400 audit(0.0:15303): avc: denied { read } for name="u:object_r:vendor_camera_prop:s0" dev="tmpfs" ino=16779 scontext=u:r:untrusted_app:s0:c203,c256,c512,c768 tcontext=u:object_r:vendor_camera_prop:s0 tclass=file permissive=0
11-01 13:27:10.551 14943 14943 E libc    : Access denied finding property "vendor.camera.aux.packagelist"
11-01 13:27:10.676 14943 15055 I Adreno  : QUALCOMM build                   : a4d39a0, I6fd668c4d3
11-01 13:27:10.676 14943 15055 I Adreno  : Build Date                       : 10/05/18
11-01 13:27:10.676 14943 15055 I Adreno  : OpenGL ES Shader Compiler Version: EV031.25.03.01
11-01 13:27:10.676 14943 15055 I Adreno  : Local Branch                     : 
11-01 13:27:10.676 14943 15055 I Adreno  : Remote Branch                    : refs/tags/AU_LINUX_ANDROID_LA.UM.7.2.R1.09.00.00.442.049
11-01 13:27:10.676 14943 15055 I Adreno  : Remote Branch                    : NONE
11-01 13:27:10.676 14943 15055 I Adreno  : Reconstruct Branch               : NOTHING
11-01 13:27:10.676 14943 15055 I Adreno  : Build Config                     : S L 6.0.7 AArch32
11-01 13:27:10.680 14943 15055 I Adreno  : PFP: 0x005ff112, ME: 0x005ff066
11-01 13:27:10.684 14943 15055 I ConfigStore: android::hardware::configstore::V1_0::ISurfaceFlingerConfigs::hasWideColorDisplay retrieved: 0
11-01 13:27:10.684 14943 15055 I ConfigStore: android::hardware::configstore::V1_0::ISurfaceFlingerConfigs::hasHDRDisplay retrieved: 0
11-01 13:27:10.685 14943 15055 I OpenGLRenderer: Initialized EGL, version 1.4
11-01 13:27:10.685 14943 15055 D OpenGLRenderer: Swap behavior 2
11-01 13:27:10.697 14943 14943 I Poster  :  surfaceCreated() called.
11-01 13:27:10.697 14943 14943 I Poster  : initPreview() called
11-01 13:27:10.751 14943 14943 I Poster  :  surfaceChanged() called.
11-01 13:27:11.060 14943 15001 D Evaluation: metadata 1 sent 
11-01 13:27:11.099 14943 15001 D Evaluation: metadata 2 sent 
11-01 13:27:11.131 14943 15001 D Evaluation: metadata 3 sent 
11-01 13:27:11.165 14943 15001 D Evaluation: metadata 4 sent 
11-01 13:27:11.199 14943 15001 D Evaluation: metadata 5 sent 
11-01 13:27:11.294 14943 15001 D Evaluation: Frame 7 sent at 1572607631294
11-01 13:27:11.322 14943 15001 D Evaluation: Frame 8 sent at 1572607631322
11-01 13:27:11.342 14943 15001 D Evaluation: Frame 9 sent at 1572607631342
11-01 13:27:11.365 14943 15001 D Evaluation: Frame 9 sent at 1572607631365
11-01 13:27:11.396 14943 15001 D Evaluation: Frame 11 sent at 1572607631396
11-01 13:27:11.419 14943 15001 D Evaluation: Frame 11 sent at 1572607631419
11-01 13:27:11.423 14943 15001 D Evaluation: 0 res for frame 7 received at 1572607631423
11-01 13:27:11.458 14943 15001 D Evaluation: Frame 12 sent at 1572607631458
11-01 13:27:11.462 14943 15001 D Evaluation: 0 res for frame 8 received at 1572607631462
11-01 13:27:11.485 14943 15001 D Evaluation: Frame 13 sent at 1572607631485
11-01 13:27:11.490 14943 15001 D Evaluation: 0 res for frame 9 received at 1572607631490
11-01 13:27:11.517 14943 15001 D Evaluation: Frame 14 sent at 1572607631517
11-01 13:27:11.520 14943 15001 D Evaluation: 0 res for frame 9 received at 1572607631520
11-01 13:27:11.576 14943 15001 D Evaluation: Frame 15 sent at 1572607631576
11-01 13:27:11.613 14943 15001 W System.err: java.net.SocketException: Message too long
11-01 13:27:11.614 14943 15001 W System.err: 	at sun.nio.ch.DatagramChannelImpl.send0(Native Method)
11-01 13:27:11.614 14943 15001 W System.err: 	at sun.nio.ch.DatagramChannelImpl.sendFromNativeBuffer(DatagramChannelImpl.java:573)
11-01 13:27:11.614 14943 15001 W System.err: 	at sun.nio.ch.DatagramChannelImpl.send(DatagramChannelImpl.java:550)
11-01 13:27:11.614 14943 15001 W System.err: 	at sun.nio.ch.DatagramChannelImpl.send(DatagramChannelImpl.java:514)
11-01 13:27:11.614 14943 15001 W System.err: 	at symlab.CloudAR.network.TransmissionTask.run(TransmissionTask.java:124)
11-01 13:27:11.614 14943 15001 W System.err: 	at android.os.Handler.handleCallback(Handler.java:874)
11-01 13:27:11.614 14943 15001 W System.err: 	at android.os.Handler.dispatchMessage(Handler.java:100)
11-01 13:27:11.614 14943 15001 W System.err: 	at android.os.Looper.loop(Looper.java:198)
11-01 13:27:11.614 14943 15001 W System.err: 	at android.os.HandlerThread.run(HandlerThread.java:65)
11-01 13:27:11.618 14943 15001 D Evaluation: 0 res for frame 10 received at 1572607631618
11-01 13:27:11.648 14943 15001 W System.err: java.net.SocketException: Message too long
11-01 13:27:11.648 14943 15001 W System.err: 	at sun.nio.ch.DatagramChannelImpl.send0(Native Method)
11-01 13:27:11.648 14943 15001 W System.err: 	at sun.nio.ch.DatagramChannelImpl.sendFromNativeBuffer(DatagramChannelImpl.java:573)
11-01 13:27:11.648 14943 15001 W System.err: 	at sun.nio.ch.DatagramChannelImpl.send(DatagramChannelImpl.java:550)
11-01 13:27:11.648 14943 15001 W System.err: 	at sun.nio.ch.DatagramChannelImpl.send(DatagramChannelImpl.java:514)
11-01 13:27:11.649 14943 15001 W System.err: 	at symlab.CloudAR.network.TransmissionTask.run(TransmissionTask.java:124)
11-01 13:27:11.649 14943 15001 W System.err: 	at android.os.Handler.handleCallback(Handler.java:874)
11-01 13:27:11.649 14943 15001 W System.err: 	at android.os.Handler.dispatchMessage(Handler.java:100)
11-01 13:27:11.649 14943 15001 W System.err: 	at android.os.Looper.loop(Looper.java:198)
11-01 13:27:11.649 14943 15001 W System.err: 	at android.os.HandlerThread.run(HandlerThread.java:65)
11-01 13:27:11.653 14943 15001 D Evaluation: 0 res for frame 11 received at 1572607631653
11-01 13:27:11.687 14943 15001 W System.err: java.net.SocketException: Message too long
11-01 13:27:11.688 14943 15001 W System.err: 	at sun.nio.ch.DatagramChannelImpl.send0(Native Method)
11-01 13:27:11.688 14943 15001 W System.err: 	at sun.nio.ch.DatagramChannelImpl.sendFromNativeBuffer(DatagramChannelImpl.java:573)
11-01 13:27:11.688 14943 15001 W System.err: 	at sun.nio.ch.DatagramChannelImpl.send(DatagramChannelImpl.java:550)
11-01 13:27:11.688 14943 15001 W System.err: 	at sun.nio.ch.DatagramChannelImpl.send(DatagramChannelImpl.java:514)
11-01 13:27:11.688 14943 15001 W System.err: 	at symlab.CloudAR.network.TransmissionTask.run(TransmissionTask.java:124)
11-01 13:27:11.688 14943 15001 W System.err: 	at android.os.Handler.handleCallback(Handler.java:874)
11-01 13:27:11.688 14943 15001 W System.err: 	at android.os.Handler.dispatchMessage(Handler.java:100)
11-01 13:27:11.688 14943 15001 W System.err: 	at android.os.Looper.loop(Looper.java:198)
11-01 13:27:11.688 14943 15001 W System.err: 	at android.os.HandlerThread.run(HandlerThread.java:65)
11-01 13:27:11.692 14943 15001 D Evaluation: 0 res for frame 12 received at 1572607631692
11-01 13:27:11.714 14943 15001 W System.err: java.net.SocketException: Message too long
11-01 13:27:11.714 14943 15001 W System.err: 	at sun.nio.ch.DatagramChannelImpl.send0(Native Method)
11-01 13:27:11.714 14943 15001 W System.err: 	at sun.nio.ch.DatagramChannelImpl.sendFromNativeBuffer(DatagramChannelImpl.java:573)
11-01 13:27:11.714 14943 15001 W System.err: 	at sun.nio.ch.DatagramChannelImpl.send(DatagramChannelImpl.java:550)
11-01 13:27:11.714 14943 15001 W System.err: 	at sun.nio.ch.DatagramChannelImpl.send(DatagramChannelImpl.java:514)
11-01 13:27:11.714 14943 15001 W System.err: 	at symlab.CloudAR.network.TransmissionTask.run(TransmissionTask.java:124)
11-01 13:27:11.714 14943 15001 W System.err: 	at android.os.Handler.handleCallback(Handler.java:874)
11-01 13:27:11.714 14943 15001 W System.err: 	at android.os.Handler.dispatchMessage(Handler.java:100)
11-01 13:27:11.714 14943 15001 W System.err: 	at android.os.Looper.loop(Looper.java:198)
11-01 13:27:11.715 14943 15001 W System.err: 	at android.os.HandlerThread.run(HandlerThread.java:65)
11-01 13:27:11.746 14943 15001 W System.err: java.net.SocketException: Message too long
11-01 13:27:11.747 14943 15001 W System.err: 	at sun.nio.ch.DatagramChannelImpl.send0(Native Method)
11-01 13:27:11.747 14943 15001 W System.err: 	at sun.nio.ch.DatagramChannelImpl.sendFromNativeBuffer(DatagramChannelImpl.java:573)
11-01 13:27:11.747 14943 15001 W System.err: 	at sun.nio.ch.DatagramChannelImpl.send(DatagramChannelImpl.java:550)
11-01 13:27:11.747 14943 15001 W System.err: 	at sun.nio.ch.DatagramChannelImpl.send(DatagramChannelImpl.java:514)
11-01 13:27:11.747 14943 15001 W System.err: 	at symlab.CloudAR.network.TransmissionTask.run(TransmissionTask.java:124)
11-01 13:27:11.747 14943 15001 W System.err: 	at android.os.Handler.handleCallback(Handler.java:874)
11-01 13:27:11.747 14943 15001 W System.err: 	at android.os.Handler.dispatchMessage(Handler.java:100)
11-01 13:27:11.747 14943 15001 W System.err: 	at android.os.Looper.loop(Looper.java:198)
11-01 13:27:11.747 14943 15001 W System.err: 	at android.os.HandlerThread.run(HandlerThread.java:65)
11-01 13:27:11.779 14943 15001 W System.err: java.net.SocketException: Message too long
11-01 13:27:11.780 14943 15001 W System.err: 	at sun.nio.ch.DatagramChannelImpl.send0(Native Method)
11-01 13:27:11.780 14943 15001 W System.err: 	at sun.nio.ch.DatagramChannelImpl.sendFromNativeBuffer(DatagramChannelImpl.java:573)
11-01 13:27:11.780 14943 15001 W System.err: 	at sun.nio.ch.DatagramChannelImpl.send(DatagramChannelImpl.java:550)
11-01 13:27:11.780 14943 15001 W System.err: 	at sun.nio.ch.DatagramChannelImpl.send(DatagramChannelImpl.java:514)
11-01 13:27:11.780 14943 15001 W System.err: 	at symlab.CloudAR.network.TransmissionTask.run(TransmissionTask.java:124)
11-01 13:27:11.780 14943 15001 W System.err: 	at android.os.Handler.handleCallback(Handler.java:874)
11-01 13:27:11.780 14943 15001 W System.err: 	at android.os.Handler.dispatchMessage(Handler.java:100)
11-01 13:27:11.781 14943 15001 W System.err: 	at android.os.Looper.loop(Looper.java:198)
11-01 13:27:11.781 14943 15001 W System.err: 	at android.os.HandlerThread.run(HandlerThread.java:65)
11-01 13:27:11.812 14943 15001 W System.err: java.net.SocketException: Message too long
11-01 13:27:11.813 14943 15001 W System.err: 	at sun.nio.ch.DatagramChannelImpl.send0(Native Method)
11-01 13:27:11.813 14943 15001 W System.err: 	at sun.nio.ch.DatagramChannelImpl.sendFromNativeBuffer(DatagramChannelImpl.java:573)
11-01 13:27:11.813 14943 15001 W System.err: 	at sun.nio.ch.DatagramChannelImpl.send(DatagramChannelImpl.java:550)
11-01 13:27:11.813 14943 15001 W System.err: 	at sun.nio.ch.DatagramChannelImpl.send(DatagramChannelImpl.java:514)
11-01 13:27:11.813 14943 15001 W System.err: 	at symlab.CloudAR.network.TransmissionTask.run(TransmissionTask.java:124)
11-01 13:27:11.813 14943 15001 W System.err: 	at android.os.Handler.handleCallback(Handler.java:874)
11-01 13:27:11.813 14943 15001 W System.err: 	at android.os.Handler.dispatchMessage(Handler.java:100)
11-01 13:27:11.813 14943 15001 W System.err: 	at android.os.Looper.loop(Looper.java:198)
11-01 13:27:11.813 14943 15001 W System.err: 	at android.os.HandlerThread.run(HandlerThread.java:65)
11-01 13:27:11.849 14943 15001 D Evaluation: Frame 23 sent at 1572607631849
11-01 13:27:11.877 14943 14953 W System  : A resource failed to call close. 
11-01 13:27:11.878 14943 14953 W System  : A resource failed to call close. 
11-01 13:27:11.881 14943 15001 W System.err: java.net.SocketException: Message too long
11-01 13:27:11.881 14943 15001 W System.err: 	at sun.nio.ch.DatagramChannelImpl.send0(Native Method)
11-01 13:27:11.881 14943 14953 W System  : A resource failed to call close. 
11-01 13:27:11.881 14943 15001 W System.err: 	at sun.nio.ch.DatagramChannelImpl.sendFromNativeBuffer(DatagramChannelImpl.java:573)
11-01 13:27:11.881 14943 15001 W System.err: 	at sun.nio.ch.DatagramChannelImpl.send(DatagramChannelImpl.java:550)
11-01 13:27:11.882 14943 15001 W System.err: 	at sun.nio.ch.DatagramChannelImpl.send(DatagramChannelImpl.java:514)
11-01 13:27:11.882 14943 15001 W System.err: 	at symlab.CloudAR.network.TransmissionTask.run(TransmissionTask.java:124)
11-01 13:27:11.882 14943 15001 W System.err: 	at android.os.Handler.handleCallback(Handler.java:874)
11-01 13:27:11.882 14943 15001 W System.err: 	at android.os.Handler.dispatchMessage(Handler.java:100)
11-01 13:27:11.882 14943 15001 W System.err: 	at android.os.Looper.loop(Looper.java:198)
11-01 13:27:11.882 14943 15001 W System.err: 	at android.os.HandlerThread.run(HandlerThread.java:65)
11-01 13:27:11.883 14943 14953 W System  : A resource failed to call close. 
11-01 13:27:11.884 14943 14953 W System  : A resource failed to call close. 
11-01 13:27:11.886 14943 14953 I chatty  : uid=10203(symlab.cloudridar.arhud) FinalizerDaemon identical 8 lines
11-01 13:27:11.887 14943 14953 W System  : A resource failed to call close. 
11-01 13:27:11.914 14943 15001 W System.err: java.net.SocketException: Message too long
11-01 13:27:11.914 14943 15001 W System.err: 	at sun.nio.ch.DatagramChannelImpl.send0(Native Method)
11-01 13:27:11.914 14943 15001 W System.err: 	at sun.nio.ch.DatagramChannelImpl.sendFromNativeBuffer(DatagramChannelImpl.java:573)
11-01 13:27:11.914 14943 15001 W System.err: 	at sun.nio.ch.DatagramChannelImpl.send(DatagramChannelImpl.java:550)
11-01 13:27:11.914 14943 15001 W System.err: 	at sun.nio.ch.DatagramChannelImpl.send(DatagramChannelImpl.java:514)
11-01 13:27:11.914 14943 15001 W System.err: 	at symlab.CloudAR.network.TransmissionTask.run(TransmissionTask.java:124)
11-01 13:27:11.915 14943 15001 W System.err: 	at android.os.Handler.handleCallback(Handler.java:874)
11-01 13:27:11.915 14943 15001 W System.err: 	at android.os.Handler.dispatchMessage(Handler.java:100)
11-01 13:27:11.915 14943 15001 W System.err: 	at android.os.Looper.loop(Looper.java:198)
11-01 13:27:11.915 14943 15001 W System.err: 	at android.os.HandlerThread.run(HandlerThread.java:65)
11-01 13:27:11.946 14943 15001 W System.err: java.net.SocketException: Message too long
11-01 13:27:11.946 14943 15001 W System.err: 	at sun.nio.ch.DatagramChannelImpl.send0(Native Method)
11-01 13:27:11.946 14943 15001 W System.err: 	at sun.nio.ch.DatagramChannelImpl.sendFromNativeBuffer(DatagramChannelImpl.java:573)
11-01 13:27:11.947 14943 15001 W System.err: 	at sun.nio.ch.DatagramChannelImpl.send(DatagramChannelImpl.java:550)
11-01 13:27:11.947 14943 15001 W System.err: 	at sun.nio.ch.DatagramChannelImpl.send(DatagramChannelImpl.java:514)
11-01 13:27:11.947 14943 15001 W System.err: 	at symlab.CloudAR.network.TransmissionTask.run(TransmissionTask.java:124)
11-01 13:27:11.947 14943 15001 W System.err: 	at android.os.Handler.handleCallback(Handler.java:874)
11-01 13:27:11.947 14943 15001 W System.err: 	at android.os.Handler.dispatchMessage(Handler.java:100)
11-01 13:27:11.947 14943 15001 W System.err: 	at android.os.Looper.loop(Looper.java:198)
11-01 13:27:11.947 14943 15001 W System.err: 	at android.os.HandlerThread.run(HandlerThread.java:65)
11-01 13:27:11.978 14943 15001 D Evaluation: Frame 27 sent at 1572607631978
11-01 13:27:12.015 14943 15001 W System.err: java.net.SocketException: Message too long
11-01 13:27:12.015 14943 15001 W System.err: 	at sun.nio.ch.DatagramChannelImpl.send0(Native Method)
11-01 13:27:12.015 14943 15001 W System.err: 	at sun.nio.ch.DatagramChannelImpl.sendFromNativeBuffer(DatagramChannelImpl.java:573)
11-01 13:27:12.015 14943 15001 W System.err: 	at sun.nio.ch.DatagramChannelImpl.send(DatagramChannelImpl.java:550)
11-01 13:27:12.015 14943 15001 W System.err: 	at sun.nio.ch.DatagramChannelImpl.send(DatagramChannelImpl.java:514)
11-01 13:27:12.015 14943 15001 W System.err: 	at symlab.CloudAR.network.TransmissionTask.run(TransmissionTask.java:124)
11-01 13:27:12.015 14943 15001 W System.err: 	at android.os.Handler.handleCallback(Handler.java:874)
11-01 13:27:12.015 14943 15001 W System.err: 	at android.os.Handler.dispatchMessage(Handler.java:100)
11-01 13:27:12.015 14943 15001 W System.err: 	at android.os.Looper.loop(Looper.java:198)
11-01 13:27:12.015 14943 15001 W System.err: 	at android.os.HandlerThread.run(HandlerThread.java:65)
11-01 13:27:12.048 14943 15001 W System.err: java.net.SocketException: Message too long
11-01 13:27:12.048 14943 15001 W System.err: 	at sun.nio.ch.DatagramChannelImpl.send0(Native Method)
11-01 13:27:12.048 14943 15001 W System.err: 	at sun.nio.ch.DatagramChannelImpl.sendFromNativeBuffer(DatagramChannelImpl.java:573)
11-01 13:27:12.049 14943 15001 W System.err: 	at sun.nio.ch.DatagramChannelImpl.send(DatagramChannelImpl.java:550)
11-01 13:27:12.049 14943 15001 W System.err: 	at sun.nio.ch.DatagramChannelImpl.send(DatagramChannelImpl.java:514)
11-01 13:27:12.049 14943 15001 W System.err: 	at symlab.CloudAR.network.TransmissionTask.run(TransmissionTask.java:124)
11-01 13:27:12.049 14943 15001 W System.err: 	at android.os.Handler.handleCallback(Handler.java:874)
11-01 13:27:12.049 14943 15001 W System.err: 	at android.os.Handler.dispatchMessage(Handler.java:100)
11-01 13:27:12.049 14943 15001 W System.err: 	at android.os.Looper.loop(Looper.java:198)
11-01 13:27:12.049 14943 15001 W System.err: 	at android.os.HandlerThread.run(HandlerThread.java:65)
11-01 13:27:12.054 14943 15001 D Evaluation: 0 res for frame 27 received at 1572607632054
11-01 13:27:12.082 14943 15001 W System.err: java.net.SocketException: Message too long
11-01 13:27:12.082 14943 15001 W System.err: 	at sun.nio.ch.DatagramChannelImpl.send0(Native Method)
11-01 13:27:12.082 14943 15001 W System.err: 	at sun.nio.ch.DatagramChannelImpl.sendFromNativeBuffer(DatagramChannelImpl.java:573)
11-01 13:27:12.082 14943 15001 W System.err: 	at sun.nio.ch.DatagramChannelImpl.send(DatagramChannelImpl.java:550)
11-01 13:27:12.082 14943 15001 W System.err: 	at sun.nio.ch.DatagramChannelImpl.send(DatagramChannelImpl.java:514)
11-01 13:27:12.082 14943 15001 W System.err: 	at symlab.CloudAR.network.TransmissionTask.run(TransmissionTask.java:124)
11-01 13:27:12.082 14943 15001 W System.err: 	at android.os.Handler.handleCallback(Handler.java:874)
11-01 13:27:12.082 14943 15001 W System.err: 	at android.os.Handler.dispatchMessage(Handler.java:100)
11-01 13:27:12.082 14943 15001 W System.err: 	at android.os.Looper.loop(Looper.java:198)
11-01 13:27:12.082 14943 15001 W System.err: 	at android.os.HandlerThread.run(HandlerThread.java:65)
11-01 13:27:12.115 14943 15001 W System.err: java.net.SocketException: Message too long
11-01 13:27:12.115 14943 15001 W System.err: 	at sun.nio.ch.DatagramChannelImpl.send0(Native Method)
11-01 13:27:12.115 14943 15001 W System.err: 	at sun.nio.ch.DatagramChannelImpl.sendFromNativeBuffer(DatagramChannelImpl.java:573)
11-01 13:27:12.115 14943 15001 W System.err: 	at sun.nio.ch.DatagramChannelImpl.send(DatagramChannelImpl.java:550)
11-01 13:27:12.115 14943 15001 W System.err: 	at sun.nio.ch.DatagramChannelImpl.send(DatagramChannelImpl.java:514)
11-01 13:27:12.115 14943 15001 W System.err: 	at symlab.CloudAR.network.TransmissionTask.run(TransmissionTask.java:124)
11-01 13:27:12.115 14943 15001 W System.err: 	at android.os.Handler.handleCallback(Handler.java:874)
11-01 13:27:12.115 14943 15001 W System.err: 	at android.os.Handler.dispatchMessage(Handler.java:100)
11-01 13:27:12.115 14943 15001 W System.err: 	at android.os.Looper.loop(Looper.java:198)
11-01 13:27:12.115 14943 15001 W System.err: 	at android.os.HandlerThread.run(HandlerThread.java:65)
11-01 13:27:12.143 14943 15001 W System.err: java.net.SocketException: Message too long
11-01 13:27:12.143 14943 15001 W System.err: 	at sun.nio.ch.DatagramChannelImpl.send0(Native Method)
11-01 13:27:12.143 14943 15001 W System.err: 	at sun.nio.ch.DatagramChannelImpl.sendFromNativeBuffer(DatagramChannelImpl.java:573)
11-01 13:27:12.143 14943 15001 W System.err: 	at sun.nio.ch.DatagramChannelImpl.send(DatagramChannelImpl.java:550)
11-01 13:27:12.143 14943 15001 W System.err: 	at sun.nio.ch.DatagramChannelImpl.send(DatagramChannelImpl.java:514)
11-01 13:27:12.143 14943 15001 W System.err: 	at symlab.CloudAR.network.TransmissionTask.run(TransmissionTask.java:124)
11-01 13:27:12.143 14943 15001 W System.err: 	at android.os.Handler.handleCallback(Handler.java:874)
11-01 13:27:12.144 14943 15001 W System.err: 	at android.os.Handler.dispatchMessage(Handler.java:100)
11-01 13:27:12.144 14943 15001 W System.err: 	at android.os.Looper.loop(Looper.java:198)
11-01 13:27:12.144 14943 15001 W System.err: 	at android.os.HandlerThread.run(HandlerThread.java:65)
11-01 13:27:12.193 14943 15001 W System.err: java.net.SocketException: Message too long
11-01 13:27:12.193 14943 15001 W System.err: 	at sun.nio.ch.DatagramChannelImpl.send0(Native Method)
11-01 13:27:12.193 14943 15001 W System.err: 	at sun.nio.ch.DatagramChannelImpl.sendFromNativeBuffer(DatagramChannelImpl.java:573)
11-01 13:27:12.193 14943 15001 W System.err: 	at sun.nio.ch.DatagramChannelImpl.send(DatagramChannelImpl.java:550)
11-01 13:27:12.193 14943 15001 W System.err: 	at sun.nio.ch.DatagramChannelImpl.send(DatagramChannelImpl.java:514)
11-01 13:27:12.193 14943 15001 W System.err: 	at symlab.CloudAR.network.TransmissionTask.run(TransmissionTask.java:124)
11-01 13:27:12.193 14943 15001 W System.err: 	at android.os.Handler.handleCallback(Handler.java:874)
11-01 13:27:12.193 14943 15001 W System.err: 	at android.os.Handler.dispatchMessage(Handler.java:100)
11-01 13:27:12.193 14943 15001 W System.err: 	at android.os.Looper.loop(Looper.java:198)
11-01 13:27:12.193 14943 15001 W System.err: 	at android.os.HandlerThread.run(HandlerThread.java:65)
11-01 13:27:12.216 14943 15001 W System.err: java.net.SocketException: Message too long
11-01 13:27:12.216 14943 15001 W System.err: 	at sun.nio.ch.DatagramChannelImpl.send0(Native Method)
11-01 13:27:12.216 14943 15001 W System.err: 	at sun.nio.ch.DatagramChannelImpl.sendFromNativeBuffer(DatagramChannelImpl.java:573)
11-01 13:27:12.216 14943 15001 W System.err: 	at sun.nio.ch.DatagramChannelImpl.send(DatagramChannelImpl.java:550)
11-01 13:27:12.216 14943 15001 W System.err: 	at sun.nio.ch.DatagramChannelImpl.send(DatagramChannelImpl.java:514)
11-01 13:27:12.216 14943 15001 W System.err: 	at symlab.CloudAR.network.TransmissionTask.run(TransmissionTask.java:124)
11-01 13:27:12.216 14943 15001 W System.err: 	at android.os.Handler.handleCallback(Handler.java:874)
11-01 13:27:12.216 14943 15001 W System.err: 	at android.os.Handler.dispatchMessage(Handler.java:100)
11-01 13:27:12.216 14943 15001 W System.err: 	at android.os.Looper.loop(Looper.java:198)
11-01 13:27:12.216 14943 15001 W System.err: 	at android.os.HandlerThread.run(HandlerThread.java:65)
11-01 13:27:12.246 14943 15001 W System.err: java.net.SocketException: Message too long
11-01 13:27:12.247 14943 15001 W System.err: 	at sun.nio.ch.DatagramChannelImpl.send0(Native Method)
11-01 13:27:12.247 14943 15001 W System.err: 	at sun.nio.ch.DatagramChannelImpl.sendFromNativeBuffer(DatagramChannelImpl.java:573)
11-01 13:27:12.247 14943 15001 W System.err: 	at sun.nio.ch.DatagramChannelImpl.send(DatagramChannelImpl.java:550)
11-01 13:27:12.247 14943 15001 W System.err: 	at sun.nio.ch.DatagramChannelImpl.send(DatagramChannelImpl.java:514)
11-01 13:27:12.247 14943 15001 W System.err: 	at symlab.CloudAR.network.TransmissionTask.run(TransmissionTask.java:124)
11-01 13:27:12.247 14943 15001 W System.err: 	at android.os.Handler.handleCallback(Handler.java:874)
11-01 13:27:12.247 14943 15001 W System.err: 	at android.os.Handler.dispatchMessage(Handler.java:100)
11-01 13:27:12.247 14943 15001 W System.err: 	at android.os.Looper.loop(Looper.java:198)
11-01 13:27:12.247 14943 15001 W System.err: 	at android.os.HandlerThread.run(HandlerThread.java:65)
11-01 13:27:12.281 14943 15001 W System.err: java.net.SocketException: Message too long
11-01 13:27:12.281 14943 15001 W System.err: 	at sun.nio.ch.DatagramChannelImpl.send0(Native Method)
11-01 13:27:12.281 14943 15001 W System.err: 	at sun.nio.ch.DatagramChannelImpl.sendFromNativeBuffer(DatagramChannelImpl.java:573)
11-01 13:27:12.281 14943 15001 W System.err: 	at sun.nio.ch.DatagramChannelImpl.send(DatagramChannelImpl.java:550)
11-01 13:27:12.281 14943 15001 W System.err: 	at sun.nio.ch.DatagramChannelImpl.send(DatagramChannelImpl.java:514)
11-01 13:27:12.281 14943 15001 W System.err: 	at symlab.CloudAR.network.TransmissionTask.run(TransmissionTask.java:124)
11-01 13:27:12.281 14943 15001 W System.err: 	at android.os.Handler.handleCallback(Handler.java:874)
11-01 13:27:12.282 14943 15001 W System.err: 	at android.os.Handler.dispatchMessage(Handler.java:100)
11-01 13:27:12.282 14943 15001 W System.err: 	at android.os.Looper.loop(Looper.java:198)
11-01 13:27:12.282 14943 15001 W System.err: 	at android.os.HandlerThread.run(HandlerThread.java:65)
11-01 13:27:12.317 14943 15001 W System.err: java.net.SocketException: Message too long
11-01 13:27:12.317 14943 15001 W System.err: 	at sun.nio.ch.DatagramChannelImpl.send0(Native Method)
11-01 13:27:12.317 14943 15001 W System.err: 	at sun.nio.ch.DatagramChannelImpl.sendFromNativeBuffer(DatagramChannelImpl.java:573)
11-01 13:27:12.317 14943 15001 W System.err: 	at sun.nio.ch.DatagramChannelImpl.send(DatagramChannelImpl.java:550)
11-01 13:27:12.317 14943 15001 W System.err: 	at sun.nio.ch.DatagramChannelImpl.send(DatagramChannelImpl.java:514)
11-01 13:27:12.317 14943 15001 W System.err: 	at symlab.CloudAR.network.TransmissionTask.run(TransmissionTask.java:124)
11-01 13:27:12.317 14943 15001 W System.err: 	at android.os.Handler.handleCallback(Handler.java:874)
11-01 13:27:12.317 14943 15001 W System.err: 	at android.os.Handler.dispatchMessage(Handler.java:100)
11-01 13:27:12.317 14943 15001 W System.err: 	at android.os.Looper.loop(Looper.java:198)
11-01 13:27:12.317 14943 15001 W System.err: 	at android.os.HandlerThread.run(HandlerThread.java:65)
11-01 13:27:12.406 14943 15001 W System.err: java.net.SocketException: Message too long
11-01 13:27:12.406 14943 15001 W System.err: 	at sun.nio.ch.DatagramChannelImpl.send0(Native Method)
11-01 13:27:12.406 14943 15001 W System.err: 	at sun.nio.ch.DatagramChannelImpl.sendFromNativeBuffer(DatagramChannelImpl.java:573)
11-01 13:27:12.406 14943 15001 W System.err: 	at sun.nio.ch.DatagramChannelImpl.send(DatagramChannelImpl.java:550)
11-01 13:27:12.406 14943 15001 W System.err: 	at sun.nio.ch.DatagramChannelImpl.send(DatagramChannelImpl.java:514)
11-01 13:27:12.406 14943 15001 W System.err: 	at symlab.CloudAR.network.TransmissionTask.run(TransmissionTask.java:124)
11-01 13:27:12.406 14943 15001 W System.err: 	at android.os.Handler.handleCallback(Handler.java:874)
11-01 13:27:12.406 14943 15001 W System.err: 	at android.os.Handler.dispatchMessage(Handler.java:100)
11-01 13:27:12.406 14943 15001 W System.err: 	at android.os.Looper.loop(Looper.java:198)
11-01 13:27:12.406 14943 15001 W System.err: 	at android.os.HandlerThread.run(HandlerThread.java:65)
11-01 13:27:12.432 14943 15001 W System.err: java.net.SocketException: Message too long
11-01 13:27:12.433 14943 15001 W System.err: 	at sun.nio.ch.DatagramChannelImpl.send0(Native Method)
11-01 13:27:12.433 14943 15001 W System.err: 	at sun.nio.ch.DatagramChannelImpl.sendFromNativeBuffer(DatagramChannelImpl.java:573)
11-01 13:27:12.433 14943 15001 W System.err: 	at sun.nio.ch.DatagramChannelImpl.send(DatagramChannelImpl.java:550)
11-01 13:27:12.433 14943 15001 W System.err: 	at sun.nio.ch.DatagramChannelImpl.send(DatagramChannelImpl.java:514)
11-01 13:27:12.433 14943 15001 W System.err: 	at symlab.CloudAR.network.TransmissionTask.run(TransmissionTask.java:124)
11-01 13:27:12.433 14943 15001 W System.err: 	at android.os.Handler.handleCallback(Handler.java:874)
11-01 13:27:12.433 14943 15001 W System.err: 	at android.os.Handler.dispatchMessage(Handler.java:100)
11-01 13:27:12.433 14943 15001 W System.err: 	at android.os.Looper.loop(Looper.java:198)
11-01 13:27:12.433 14943 15001 W System.err: 	at android.os.HandlerThread.run(HandlerThread.java:65)
11-01 13:27:12.457 14943 15001 W System.err: java.net.SocketException: Message too long
11-01 13:27:12.457 14943 15001 W System.err: 	at sun.nio.ch.DatagramChannelImpl.send0(Native Method)
11-01 13:27:12.457 14943 15001 W System.err: 	at sun.nio.ch.DatagramChannelImpl.sendFromNativeBuffer(DatagramChannelImpl.java:573)
11-01 13:27:12.457 14943 15001 W System.err: 	at sun.nio.ch.DatagramChannelImpl.send(DatagramChannelImpl.java:550)
11-01 13:27:12.457 14943 15001 W System.err: 	at sun.nio.ch.DatagramChannelImpl.send(DatagramChannelImpl.java:514)
11-01 13:27:12.457 14943 15001 W System.err: 	at symlab.CloudAR.network.TransmissionTask.run(TransmissionTask.java:124)
11-01 13:27:12.457 14943 15001 W System.err: 	at android.os.Handler.handleCallback(Handler.java:874)
11-01 13:27:12.457 14943 15001 W System.err: 	at android.os.Handler.dispatchMessage(Handler.java:100)
11-01 13:27:12.457 14943 15001 W System.err: 	at android.os.Looper.loop(Looper.java:198)
11-01 13:27:12.457 14943 15001 W System.err: 	at android.os.HandlerThread.run(HandlerThread.java:65)
11-01 13:27:12.487 14943 15001 W System.err: java.net.SocketException: Message too long
11-01 13:27:12.487 14943 15001 W System.err: 	at sun.nio.ch.DatagramChannelImpl.send0(Native Method)
11-01 13:27:12.488 14943 15001 W System.err: 	at sun.nio.ch.DatagramChannelImpl.sendFromNativeBuffer(DatagramChannelImpl.java:573)
11-01 13:27:12.488 14943 15001 W System.err: 	at sun.nio.ch.DatagramChannelImpl.send(DatagramChannelImpl.java:550)
11-01 13:27:12.488 14943 15001 W System.err: 	at sun.nio.ch.DatagramChannelImpl.send(DatagramChannelImpl.java:514)
11-01 13:27:12.488 14943 15001 W System.err: 	at symlab.CloudAR.network.TransmissionTask.run(TransmissionTask.java:124)
11-01 13:27:12.488 14943 15001 W System.err: 	at android.os.Handler.handleCallback(Handler.java:874)
11-01 13:27:12.488 14943 15001 W System.err: 	at android.os.Handler.dispatchMessage(Handler.java:100)
11-01 13:27:12.488 14943 15001 W System.err: 	at android.os.Looper.loop(Looper.java:198)
11-01 13:27:12.488 14943 15001 W System.err: 	at android.os.HandlerThread.run(HandlerThread.java:65)
11-01 13:27:12.520 14943 15001 W System.err: java.net.SocketException: Message too long
11-01 13:27:12.520 14943 15001 W System.err: 	at sun.nio.ch.DatagramChannelImpl.send0(Native Method)
11-01 13:27:12.520 14943 15001 W System.err: 	at sun.nio.ch.DatagramChannelImpl.sendFromNativeBuffer(DatagramChannelImpl.java:573)
11-01 13:27:12.520 14943 15001 W System.err: 	at sun.nio.ch.DatagramChannelImpl.send(DatagramChannelImpl.java:550)
11-01 13:27:12.520 14943 15001 W System.err: 	at sun.nio.ch.DatagramChannelImpl.send(DatagramChannelImpl.java:514)
11-01 13:27:12.520 14943 15001 W System.err: 	at symlab.CloudAR.network.TransmissionTask.run(TransmissionTask.java:124)
11-01 13:27:12.520 14943 15001 W System.err: 	at android.os.Handler.handleCallback(Handler.java:874)
11-01 13:27:12.520 14943 15001 W System.err: 	at android.os.Handler.dispatchMessage(Handler.java:100)
11-01 13:27:12.520 14943 15001 W System.err: 	at android.os.Looper.loop(Looper.java:198)
11-01 13:27:12.520 14943 15001 W System.err: 	at android.os.HandlerThread.run(HandlerThread.java:65)
11-01 13:27:12.682 14943 15001 D Evaluation: Frame 44 sent at 1572607632681
11-01 13:27:12.709 14943 14953 W System  : A resource failed to call close. 
11-01 13:27:12.709 14943 14953 W System  : A resource failed to call close. 
11-01 13:27:12.711 14943 15001 W System.err: java.net.SocketException: Message too long
11-01 13:27:12.711 14943 15001 W System.err: 	at sun.nio.ch.DatagramChannelImpl.send0(Native Method)
11-01 13:27:12.711 14943 15001 W System.err: 	at sun.nio.ch.DatagramChannelImpl.sendFromNativeBuffer(DatagramChannelImpl.java:573)
11-01 13:27:12.711 14943 15001 W System.err: 	at sun.nio.ch.DatagramChannelImpl.send(DatagramChannelImpl.java:550)
11-01 13:27:12.711 14943 15001 W System.err: 	at sun.nio.ch.DatagramChannelImpl.send(DatagramChannelImpl.java:514)
11-01 13:27:12.711 14943 15001 W System.err: 	at symlab.CloudAR.network.TransmissionTask.run(TransmissionTask.java:124)
11-01 13:27:12.711 14943 15001 W System.err: 	at android.os.Handler.handleCallback(Handler.java:874)
11-01 13:27:12.711 14943 15001 W System.err: 	at android.os.Handler.dispatchMessage(Handler.java:100)
11-01 13:27:12.711 14943 15001 W System.err: 	at android.os.Looper.loop(Looper.java:198)
11-01 13:27:12.711 14943 15001 W System.err: 	at android.os.HandlerThread.run(HandlerThread.java:65)
11-01 13:27:12.731 14943 15001 W System.err: java.net.SocketException: Message too long
11-01 13:27:12.731 14943 15001 W System.err: 	at sun.nio.ch.DatagramChannelImpl.send0(Native Method)
11-01 13:27:12.732 14943 15001 W System.err: 	at sun.nio.ch.DatagramChannelImpl.sendFromNativeBuffer(DatagramChannelImpl.java:573)
11-01 13:27:12.732 14943 15001 W System.err: 	at sun.nio.ch.DatagramChannelImpl.send(DatagramChannelImpl.java:550)
11-01 13:27:12.732 14943 15001 W System.err: 	at sun.nio.ch.DatagramChannelImpl.send(DatagramChannelImpl.java:514)
11-01 13:27:12.732 14943 15001 W System.err: 	at symlab.CloudAR.network.TransmissionTask.run(TransmissionTask.java:124)
11-01 13:27:12.732 14943 15001 W System.err: 	at android.os.Handler.handleCallback(Handler.java:874)
11-01 13:27:12.732 14943 15001 W System.err: 	at android.os.Handler.dispatchMessage(Handler.java:100)
11-01 13:27:12.732 14943 15001 W System.err: 	at android.os.Looper.loop(Looper.java:198)
11-01 13:27:12.732 14943 15001 W System.err: 	at android.os.HandlerThread.run(HandlerThread.java:65)
11-01 13:27:12.752 14943 15001 W System.err: java.net.SocketException: Message too long
