11-06 15:37:54.075 31664 31702 D Evaluation: Frame 4399 sent at 1573047474075
11-06 15:37:54.107 31664 31702 D Evaluation: Frame 4400 sent at 1573047474107
11-06 15:37:54.132 31664 31702 D Evaluation: Frame 4401 sent at 1573047474132
11-06 15:37:54.172 31664 31702 D Evaluation: Frame 4402 sent at 1573047474172
11-06 15:37:54.211 31664 31702 D Evaluation: Frame 4403 sent at 1573047474211
11-06 15:37:54.235 31664 31702 D Evaluation: Frame 4404 sent at 1573047474235
11-06 15:37:54.273 31664 31702 D Evaluation: Frame 4405 sent at 1573047474273
11-06 15:37:54.279 31664 31664 D Poster  : At 1573047474279 location is 65.05790233781735 (latitude), and 25.469913735982317 (longitude)
11-06 15:37:54.281 31664 31664 D Poster  : Connected to mobile network 20
11-06 15:37:54.324 31664 31702 D Evaluation: Frame 4407 sent at 1573047474324
11-06 15:37:54.344 31664 31702 D Evaluation: Frame 4407 sent at 1573047474344
11-06 15:37:54.368 31664 31702 D Evaluation: Frame 4408 sent at 1573047474368
11-06 15:37:54.409 31664 31675 E         : [ZeroHung]zrhung_get_config: Get config failed for wp[0x0008]
11-06 15:37:54.409 31664 31702 D Evaluation: Frame 4409 sent at 1573047474409
11-06 15:37:54.441 31664 31702 D Evaluation: Frame 4410 sent at 1573047474441
11-06 15:37:54.468 31664 31702 D Evaluation: Frame 4411 sent at 1573047474468
11-06 15:37:54.515 31664 31702 D Evaluation: Frame 4412 sent at 1573047474515
11-06 15:37:54.551 31664 31702 D Evaluation: Frame 4413 sent at 1573047474551
11-06 15:37:54.587 31664 31702 D Evaluation: Frame 4414 sent at 1573047474587
11-06 15:37:54.617 31664 31702 D Evaluation: Frame 4415 sent at 1573047474617
11-06 15:37:54.645 31664 31702 D Evaluation: Frame 4416 sent at 1573047474645
11-06 15:37:54.681 31664 31702 D Evaluation: Frame 4417 sent at 1573047474681
11-06 15:37:54.711 31664 31702 D Evaluation: Frame 4418 sent at 1573047474711
11-06 15:37:54.753 31664 31702 D Evaluation: Frame 4419 sent at 1573047474753
11-06 15:37:54.781 31664 31702 D Evaluation: Frame 4420 sent at 1573047474781
11-06 15:37:54.806 31664 31702 D Evaluation: Frame 4421 sent at 1573047474806
11-06 15:37:54.846 31664 31702 D Evaluation: Frame 4422 sent at 1573047474846
11-06 15:37:54.883 31664 31702 D Evaluation: Frame 4423 sent at 1573047474883
11-06 15:37:54.906 31664 31702 D Evaluation: Frame 4424 sent at 1573047474906
11-06 15:37:54.947 31664 31702 D Evaluation: Frame 4425 sent at 1573047474947
11-06 15:37:54.980 31664 31702 D Evaluation: Frame 4426 sent at 1573047474980
11-06 15:37:55.011 31664 31702 D Evaluation: Frame 4427 sent at 1573047475010
11-06 15:37:55.050 31664 31702 D Evaluation: Frame 4428 sent at 1573047475050
11-06 15:37:55.090 31664 31702 D Evaluation: Frame 4429 sent at 1573047475090
11-06 15:37:55.125 31664 31702 D Evaluation: Frame 4431 sent at 1573047475125
11-06 15:37:55.145 31664 31702 D Evaluation: Frame 4431 sent at 1573047475145
11-06 15:37:55.180 31664 31702 D Evaluation: Frame 4432 sent at 1573047475180
11-06 15:37:55.224 31664 31702 D Evaluation: Frame 4434 sent at 1573047475224
11-06 15:37:55.242 31664 31702 D Evaluation: Frame 4434 sent at 1573047475242
11-06 15:37:55.285 31664 31664 D Poster  : At 1573047475285 location is 65.05790233781735 (latitude), and 25.469913735982317 (longitude)
11-06 15:37:55.286 31664 31702 D Evaluation: Frame 4435 sent at 1573047475286
11-06 15:37:55.287 31664 31664 D Poster  : Connected to mobile network 20
11-06 15:37:55.321 31664 31702 D Evaluation: Frame 4436 sent at 1573047475321
11-06 15:37:55.342 31664 31702 D Evaluation: Frame 4437 sent at 1573047475342
11-06 15:37:55.416 31664 31702 D Evaluation: Frame 4438 sent at 1573047475416
11-06 15:37:55.459 31664 31702 D Evaluation: Frame 4439 sent at 1573047475459
11-06 15:37:55.544 31664 31702 D Evaluation: Frame 4441 sent at 1573047475544
11-06 15:37:55.568 31664 31702 D Evaluation: Frame 4442 sent at 1573047475568
11-06 15:37:55.591 31664 31702 D Evaluation: Frame 4442 sent at 1573047475591
11-06 15:37:55.610 31664 31702 D Evaluation: Frame 4443 sent at 1573047475610
11-06 15:37:55.642 31664 31675 E         : [ZeroHung]zrhung_get_config: Get config failed for wp[0x0008]
11-06 15:37:55.642 31664 31702 D Evaluation: Frame 4444 sent at 1573047475642
11-06 15:37:55.683 31664 31702 D Evaluation: Frame 4445 sent at 1573047475683
11-06 15:37:55.707 31664 31702 D Evaluation: Frame 4446 sent at 1573047475707
11-06 15:37:55.755 31664 31702 D Evaluation: Frame 4447 sent at 1573047475755
11-06 15:37:55.792 31664 31702 D Evaluation: Frame 4448 sent at 1573047475792
11-06 15:37:55.819 31664 31702 D Evaluation: Frame 4449 sent at 1573047475819
11-06 15:37:55.859 31664 31702 D Evaluation: Frame 4450 sent at 1573047475859
11-06 15:37:55.896 31664 31702 D Evaluation: Frame 4452 sent at 1573047475896
11-06 15:37:55.924 31664 31702 D Evaluation: Frame 4452 sent at 1573047475924
11-06 15:37:55.956 31664 31702 D Evaluation: Frame 4453 sent at 1573047475956
11-06 15:37:55.988 31664 31702 D Evaluation: Frame 4454 sent at 1573047475988
11-06 15:37:56.031 31664 31702 D Evaluation: Frame 4456 sent at 1573047476031
11-06 15:37:56.054 31664 31702 D Evaluation: Frame 4456 sent at 1573047476054
11-06 15:37:56.094 31664 31702 D Evaluation: Frame 4457 sent at 1573047476094
11-06 15:37:56.119 31664 31702 D Evaluation: Frame 4458 sent at 1573047476119
11-06 15:37:56.162 31664 31702 D Evaluation: Frame 4459 sent at 1573047476162
11-06 15:37:56.189 31664 31702 D Evaluation: Frame 4460 sent at 1573047476189
11-06 15:37:56.223 31664 31702 D Evaluation: Frame 4461 sent at 1573047476223
11-06 15:37:56.256 31664 31702 D Evaluation: Frame 4462 sent at 1573047476256
11-06 15:37:56.284 31664 31664 D Poster  : At 1573047476284 location is 65.05790233781735 (latitude), and 25.469913735982317 (longitude)
11-06 15:37:56.286 31664 31664 D Poster  : Connected to mobile network 20
11-06 15:37:56.291 31664 31702 D Evaluation: Frame 4463 sent at 1573047476291
11-06 15:37:56.324 31664 31702 D Evaluation: Frame 4464 sent at 1573047476324
11-06 15:37:56.357 31664 31702 D Evaluation: Frame 4465 sent at 1573047476357
11-06 15:37:56.400 31664 31702 D Evaluation: Frame 4467 sent at 1573047476400
11-06 15:37:56.428 31664 31702 D Evaluation: Frame 4467 sent at 1573047476428
11-06 15:37:56.463 31664 31702 D Evaluation: Frame 4468 sent at 1573047476463
11-06 15:37:56.488 31664 31702 D Evaluation: Frame 4469 sent at 1573047476488
11-06 15:37:56.535 31664 31702 D Evaluation: Frame 4470 sent at 1573047476535
11-06 15:37:56.563 31664 31702 D Evaluation: Frame 4471 sent at 1573047476563
11-06 15:37:56.587 31664 31702 D Evaluation: Frame 4472 sent at 1573047476587
11-06 15:37:56.627 31664 31702 D Evaluation: Frame 4473 sent at 1573047476627
11-06 15:37:56.653 31664 31702 D Evaluation: Frame 4474 sent at 1573047476653
11-06 15:37:56.699 31664 31702 D Evaluation: Frame 4475 sent at 1573047476699
11-06 15:37:56.746 31664 31702 D Evaluation: Frame 4477 sent at 1573047476746
11-06 15:37:56.770 31664 31702 D Evaluation: Frame 4477 sent at 1573047476770
11-06 15:37:56.799 31664 31702 D Evaluation: Frame 4478 sent at 1573047476799
11-06 15:37:56.872 31664 31702 D Evaluation: Frame 4479 sent at 1573047476872
11-06 15:37:56.907 31664 31702 D Evaluation: Frame 4481 sent at 1573047476907
11-06 15:37:56.928 31664 31675 E         : [ZeroHung]zrhung_get_config: Get config failed for wp[0x0008]
11-06 15:37:56.928 31664 31702 D Evaluation: Frame 4481 sent at 1573047476928
11-06 15:37:56.959 31664 31702 D Evaluation: Frame 4482 sent at 1573047476959
11-06 15:37:56.991 31664 31702 D Evaluation: Frame 4483 sent at 1573047476991
11-06 15:37:57.025 31664 31702 D Evaluation: Frame 4484 sent at 1573047477025
11-06 15:37:57.069 31664 31702 D Evaluation: Frame 4485 sent at 1573047477069
11-06 15:37:57.092 31664 31702 D Evaluation: Frame 4486 sent at 1573047477092
11-06 15:37:57.128 31664 31702 D Evaluation: Frame 4487 sent at 1573047477128
11-06 15:37:57.172 31664 31702 D Evaluation: Frame 4488 sent at 1573047477172
11-06 15:37:57.192 31664 31702 D Evaluation: Frame 4489 sent at 1573047477192
11-06 15:37:57.229 31664 31702 D Evaluation: Frame 4490 sent at 1573047477229
11-06 15:37:57.251 31664 31702 D Evaluation: Frame 4491 sent at 1573047477251
11-06 15:37:57.273 31664 31664 D Poster  : At 1573047477273 location is 65.05790233781735 (latitude), and 25.469913735982317 (longitude)
11-06 15:37:57.274 31664 31664 D Poster  : Connected to mobile network 20
11-06 15:37:57.319 31664 31702 D Evaluation: Frame 4493 sent at 1573047477319
11-06 15:37:57.339 31664 31702 D Evaluation: Frame 4493 sent at 1573047477339
11-06 15:37:57.360 31664 31702 D Evaluation: Frame 4494 sent at 1573047477360
11-06 15:37:57.399 31664 31702 D Evaluation: Frame 4495 sent at 1573047477399
11-06 15:37:57.427 31664 31702 D Evaluation: Frame 4496 sent at 1573047477427
11-06 15:37:57.469 31664 31702 D Evaluation: Frame 4497 sent at 1573047477469
11-06 15:37:57.552 31664 31702 D Evaluation: Frame 4499 sent at 1573047477552
11-06 15:37:57.571 31664 31702 D Evaluation: Frame 4499 sent at 1573047477571
11-06 15:37:57.603 31664 31702 D Evaluation: Frame 4500 sent at 1573047477603
11-06 15:37:57.631 31664 31702 D Evaluation: Frame 4501 sent at 1573047477631
11-06 15:37:57.675 31664 31702 D Evaluation: Frame 4502 sent at 1573047477675
11-06 15:37:57.704 31664 31702 D Evaluation: Frame 4503 sent at 1573047477704
11-06 15:37:57.736 31664 31702 D Evaluation: Frame 4504 sent at 1573047477736
11-06 15:37:57.775 31664 31702 D Evaluation: Frame 4505 sent at 1573047477775
11-06 15:37:57.805 31664 31702 D Evaluation: Frame 4506 sent at 1573047477805
11-06 15:37:57.837 31664 31702 D Evaluation: Frame 4507 sent at 1573047477837
11-06 15:37:57.874 31664 31702 D Evaluation: Frame 4508 sent at 1573047477874
11-06 15:37:57.907 31664 31702 D Evaluation: Frame 4509 sent at 1573047477907
11-06 15:37:57.945 31664 31702 D Evaluation: Frame 4511 sent at 1573047477945
11-06 15:37:57.967 31664 31702 D Evaluation: Frame 4511 sent at 1573047477967
11-06 15:37:58.006 31664 31702 D Evaluation: Frame 4512 sent at 1573047478006
11-06 15:37:58.036 31664 31702 D Evaluation: Frame 4513 sent at 1573047478036
11-06 15:37:58.073 31664 31702 D Evaluation: Frame 4514 sent at 1573047478073
11-06 15:37:58.112 31664 31702 D Evaluation: Frame 4515 sent at 1573047478112
11-06 15:37:58.149 31664 31702 D Evaluation: Frame 4516 sent at 1573047478149
11-06 15:37:58.175 31664 31702 D Evaluation: Frame 4517 sent at 1573047478175
11-06 15:37:58.208 31664 31702 D Evaluation: Frame 4518 sent at 1573047478208
11-06 15:37:58.239 31664 31702 D Evaluation: Frame 4519 sent at 1573047478239
11-06 15:37:58.263 31664 31664 D Poster  : At 1573047478263 location is 65.05790233781735 (latitude), and 25.469913735982317 (longitude)
11-06 15:37:58.265 31664 31664 D Poster  : Connected to mobile network 20
11-06 15:37:58.268 31664 31702 D Evaluation: Frame 4520 sent at 1573047478268
11-06 15:37:58.302 31664 31702 D Evaluation: Frame 4521 sent at 1573047478302
11-06 15:37:58.333 31664 31702 D Evaluation: Frame 4522 sent at 1573047478333
11-06 15:37:58.372 31664 31702 D Evaluation: Frame 4523 sent at 1573047478372
11-06 15:37:58.419 31664 31702 D Evaluation: Frame 4524 sent at 1573047478419
11-06 15:37:58.449 31664 31702 D Evaluation: Frame 4525 sent at 1573047478449
11-06 15:37:58.474 31664 31702 D Evaluation: Frame 4526 sent at 1573047478474
11-06 15:37:58.510 31664 31702 D Evaluation: Frame 4527 sent at 1573047478510
11-06 15:37:58.553 31664 31702 D Evaluation: Frame 4529 sent at 1573047478553
11-06 15:37:58.574 31664 31702 D Evaluation: Frame 4529 sent at 1573047478574
11-06 15:37:58.609 31664 31702 D Evaluation: Frame 4530 sent at 1573047478609
11-06 15:37:58.644 31664 31702 D Evaluation: Frame 4531 sent at 1573047478644
11-06 15:37:58.677 31664 31702 D Evaluation: Frame 4532 sent at 1573047478677
11-06 15:37:58.711 31664 31702 D Evaluation: Frame 4533 sent at 1573047478711
11-06 15:37:58.748 31664 31702 D Evaluation: Frame 4534 sent at 1573047478748
11-06 15:37:58.776 31664 31702 D Evaluation: Frame 4535 sent at 1573047478776
11-06 15:37:58.816 31664 31702 D Evaluation: Frame 4536 sent at 1573047478816
11-06 15:37:58.844 31664 31675 E         : [ZeroHung]zrhung_get_config: Get config failed for wp[0x0008]
11-06 15:37:58.845 31664 31702 D Evaluation: Frame 4537 sent at 1573047478845
11-06 15:37:58.890 31664 31702 D Evaluation: Frame 4539 sent at 1573047478890
11-06 15:37:58.906 31664 31702 D Evaluation: Frame 4539 sent at 1573047478906
11-06 15:37:58.923 31664 31702 D Evaluation: Frame 4540 sent at 1573047478923
11-06 15:37:58.960 31664 31702 D Evaluation: Frame 4541 sent at 1573047478960
11-06 15:37:59.000 31664 31702 D Evaluation: Frame 4542 sent at 1573047479000
11-06 15:37:59.048 31664 31702 D Evaluation: Frame 4543 sent at 1573047479048
11-06 15:37:59.105 31664 31702 D Evaluation: Frame 4545 sent at 1573047479105
11-06 15:37:59.127 31664 31702 D Evaluation: Frame 4546 sent at 1573047479127
11-06 15:37:59.147 31664 31702 D Evaluation: Frame 4546 sent at 1573047479147
11-06 15:37:59.169 31664 31702 D Evaluation: Frame 4547 sent at 1573047479169
11-06 15:37:59.209 31664 31702 D Evaluation: Frame 4548 sent at 1573047479209
11-06 15:37:59.260 31664 31702 D Evaluation: Frame 4550 sent at 1573047479260
11-06 15:37:59.274 31664 31664 D Poster  : At 1573047479274 location is 65.05790233781735 (latitude), and 25.469913735982317 (longitude)
11-06 15:37:59.276 31664 31664 D Poster  : Connected to mobile network 20
11-06 15:37:59.279 31664 31702 D Evaluation: Frame 4550 sent at 1573047479279
11-06 15:37:59.307 31664 31702 D Evaluation: Frame 4551 sent at 1573047479307
11-06 15:37:59.338 31664 31702 D Evaluation: Frame 4552 sent at 1573047479338
11-06 15:37:59.382 31664 31702 D Evaluation: Frame 4553 sent at 1573047479382
11-06 15:37:59.407 31664 31702 D Evaluation: Frame 4554 sent at 1573047479407
11-06 15:37:59.456 31664 31702 D Evaluation: Frame 4555 sent at 1573047479456
11-06 15:37:59.485 31664 31702 D Evaluation: Frame 4556 sent at 1573047479485
11-06 15:37:59.519 31664 31702 D Evaluation: Frame 4557 sent at 1573047479519
11-06 15:37:59.546 31664 31702 D Evaluation: Frame 4558 sent at 1573047479546
11-06 15:37:59.590 31664 31702 D Evaluation: Frame 4559 sent at 1573047479590
11-06 15:37:59.615 31664 31702 D Evaluation: Frame 4560 sent at 1573047479615
11-06 15:37:59.649 31664 31702 D Evaluation: Frame 4561 sent at 1573047479649
11-06 15:37:59.684 31664 31702 D Evaluation: Frame 4562 sent at 1573047479684
11-06 15:37:59.716 31664 31702 D Evaluation: Frame 4563 sent at 1573047479715
11-06 15:37:59.762 31664 31702 D Evaluation: Frame 4565 sent at 1573047479762
11-06 15:37:59.784 31664 31702 D Evaluation: Frame 4565 sent at 1573047479784
11-06 15:37:59.818 31664 31702 D Evaluation: Frame 4566 sent at 1573047479818
11-06 15:37:59.853 31664 31702 D Evaluation: Frame 4567 sent at 1573047479853
11-06 15:37:59.898 31664 31702 D Evaluation: Frame 4568 sent at 1573047479898
11-06 15:37:59.930 31664 31702 D Evaluation: Frame 4570 sent at 1573047479930
11-06 15:37:59.953 31664 31702 D Evaluation: Frame 4570 sent at 1573047479953
11-06 15:37:59.985 31664 31702 D Evaluation: Frame 4571 sent at 1573047479985
11-06 15:38:00.009 31664 31702 D Evaluation: Frame 4572 sent at 1573047480009
11-06 15:38:00.061 31664 31702 D Evaluation: Frame 4573 sent at 1573047480061
11-06 15:38:00.097 31664 31702 D Evaluation: Frame 4574 sent at 1573047480097
11-06 15:38:00.123 31664 31702 D Evaluation: Frame 4575 sent at 1573047480123
11-06 15:38:00.147 31664 31702 D Evaluation: Frame 4576 sent at 1573047480147
11-06 15:38:00.182 31664 31702 D Evaluation: Frame 4577 sent at 1573047480182
11-06 15:38:00.224 31664 31702 D Evaluation: Frame 4578 sent at 1573047480224
11-06 15:38:00.252 31664 31702 D Evaluation: Frame 4579 sent at 1573047480252
11-06 15:38:00.275 31664 31702 D Evaluation: Frame 4580 sent at 1573047480275
11-06 15:38:00.277 31664 31664 D Poster  : At 1573047480277 location is 65.05790233781735 (latitude), and 25.469913735982317 (longitude)
11-06 15:38:00.279 31664 31664 D Poster  : Connected to mobile network 20
11-06 15:38:00.318 31664 31702 D Evaluation: Frame 4581 sent at 1573047480318
11-06 15:38:00.353 31664 31702 D Evaluation: Frame 4582 sent at 1573047480353
11-06 15:38:00.385 31664 31702 D Evaluation: Frame 4583 sent at 1573047480385
11-06 15:38:00.433 31664 31702 D Evaluation: Frame 4585 sent at 1573047480433
11-06 15:38:00.457 31664 31702 D Evaluation: Frame 4585 sent at 1573047480457
11-06 15:38:00.489 31664 31702 D Evaluation: Frame 4586 sent at 1573047480489
11-06 15:38:00.517 31664 31702 D Evaluation: Frame 4587 sent at 1573047480517
11-06 15:38:00.561 31664 31702 D Evaluation: Frame 4589 sent at 1573047480561
11-06 15:38:00.579 31664 31702 D Evaluation: Frame 4589 sent at 1573047480579
11-06 15:38:00.620 31664 31702 D Evaluation: Frame 4590 sent at 1573047480620
11-06 15:38:00.646 31664 31702 D Evaluation: Frame 4591 sent at 1573047480646
11-06 15:38:00.690 31664 31702 D Evaluation: Frame 4592 sent at 1573047480690
11-06 15:38:00.690 31664 31675 E         : [ZeroHung]zrhung_get_config: Get config failed for wp[0x0008]
11-06 15:38:00.729 31664 31702 D Evaluation: Frame 4593 sent at 1573047480729
11-06 15:38:00.763 31664 31702 D Evaluation: Frame 4594 sent at 1573047480763
11-06 15:38:00.791 31664 31702 D Evaluation: Frame 4595 sent at 1573047480791
11-06 15:38:00.832 31664 31702 D Evaluation: Frame 4596 sent at 1573047480831
11-06 15:38:00.868 31664 31702 D Evaluation: Frame 4597 sent at 1573047480868
11-06 15:38:00.899 31664 31702 D Evaluation: Frame 4598 sent at 1573047480899
11-06 15:38:00.936 31664 31702 D Evaluation: Frame 4600 sent at 1573047480936
11-06 15:38:00.959 31664 31702 D Evaluation: Frame 4600 sent at 1573047480959
11-06 15:38:00.993 31664 31702 D Evaluation: Frame 4601 sent at 1573047480993
11-06 15:38:01.023 31664 31702 D Evaluation: Frame 4602 sent at 1573047481023
11-06 15:38:01.062 31664 31702 D Evaluation: Frame 4603 sent at 1573047481062
11-06 15:38:01.085 31664 31702 D Evaluation: Frame 4604 sent at 1573047481085
11-06 15:38:01.128 31664 31702 D Evaluation: Frame 4605 sent at 1573047481128
11-06 15:38:01.161 31664 31702 D Evaluation: Frame 4606 sent at 1573047481161
11-06 15:38:01.192 31664 31702 D Evaluation: Frame 4607 sent at 1573047481192
11-06 15:38:01.228 31664 31702 D Evaluation: Frame 4608 sent at 1573047481228
11-06 15:38:01.260 31664 31702 D Evaluation: Frame 4609 sent at 1573047481260
11-06 15:38:01.274 31664 31664 D Poster  : At 1573047481274 location is 65.05790233781735 (latitude), and 25.469913735982317 (longitude)
11-06 15:38:01.275 31664 31664 D Poster  : Connected to mobile network 20
11-06 15:38:01.285 31664 31702 D Evaluation: Frame 4610 sent at 1573047481285
11-06 15:38:01.326 31664 31702 D Evaluation: Frame 4611 sent at 1573047481326
11-06 15:38:01.353 31664 31702 D Evaluation: Frame 4612 sent at 1573047481353
11-06 15:38:01.402 31664 31702 D Evaluation: Frame 4613 sent at 1573047481402
11-06 15:38:01.437 31664 31702 D Evaluation: Frame 4614 sent at 1573047481437
11-06 15:38:01.465 31664 31702 D Evaluation: Frame 4615 sent at 1573047481465
11-06 15:38:01.496 31664 31702 D Evaluation: Frame 4616 sent at 1573047481496
11-06 15:38:01.531 31664 31702 D Evaluation: Frame 4617 sent at 1573047481531
11-06 15:38:01.566 31664 31702 D Evaluation: Frame 4618 sent at 1573047481566
11-06 15:38:01.596 31664 31702 D Evaluation: Frame 4619 sent at 1573047481596
11-06 15:38:01.624 31664 31702 D Evaluation: Frame 4620 sent at 1573047481624
11-06 15:38:01.669 31664 31702 D Evaluation: Frame 4621 sent at 1573047481669
11-06 15:38:01.700 31664 31702 D Evaluation: Frame 4622 sent at 1573047481700
11-06 15:38:01.731 31664 31702 D Evaluation: Frame 4623 sent at 1573047481731
11-06 15:38:01.752 31664 31702 D Evaluation: Frame 4624 sent at 1573047481752
11-06 15:38:01.799 31664 31702 D Evaluation: Frame 4625 sent at 1573047481799
11-06 15:38:01.833 31664 31702 D Evaluation: Frame 4626 sent at 1573047481833
11-06 15:38:01.863 31664 31702 D Evaluation: Frame 4627 sent at 1573047481863
11-06 15:38:01.916 31664 31702 D Evaluation: Frame 4629 sent at 1573047481916
11-06 15:38:01.934 31664 31702 D Evaluation: Frame 4629 sent at 1573047481934
11-06 15:38:01.951 31664 31702 D Evaluation: Frame 4630 sent at 1573047481951
11-06 15:38:02.000 31664 31702 D Evaluation: Frame 4631 sent at 1573047482000
11-06 15:38:02.024 31664 31702 D Evaluation: Frame 4632 sent at 1573047482024
11-06 15:38:02.067 31664 31702 D Evaluation: Frame 4633 sent at 1573047482067
11-06 15:38:02.100 31664 31702 D Evaluation: Frame 4634 sent at 1573047482100
11-06 15:38:02.135 31664 31702 D Evaluation: Frame 4635 sent at 1573047482135
11-06 15:38:02.159 31664 31702 D Evaluation: Frame 4636 sent at 1573047482159
11-06 15:38:02.201 31664 31702 D Evaluation: Frame 4637 sent at 1573047482201
11-06 15:38:02.238 31664 31702 D Evaluation: Frame 4638 sent at 1573047482238
11-06 15:38:02.266 31664 31675 E         : [ZeroHung]zrhung_get_config: Get config failed for wp[0x0008]
11-06 15:38:02.267 31664 31702 D Evaluation: Frame 4639 sent at 1573047482267
11-06 15:38:02.290 31664 31664 D Poster  : At 1573047482290 location is 65.05790233781735 (latitude), and 25.469913735982317 (longitude)
11-06 15:38:02.292 31664 31664 D Poster  : Connected to mobile network 20
11-06 15:38:02.297 31664 31702 D Evaluation: Frame 4640 sent at 1573047482297
11-06 15:38:02.322 31664 31702 D Evaluation: Frame 4641 sent at 1573047482322
11-06 15:38:02.356 31664 31702 D Evaluation: Frame 4642 sent at 1573047482356
11-06 15:38:02.400 31664 31702 D Evaluation: Frame 4643 sent at 1573047482399
11-06 15:38:02.436 31664 31702 D Evaluation: Frame 4644 sent at 1573047482436
11-06 15:38:02.477 31664 31702 D Evaluation: Frame 4645 sent at 1573047482477
11-06 15:38:02.520 31664 31702 D Evaluation: Frame 4646 sent at 1573047482520
11-06 15:38:02.553 31664 31702 D Evaluation: Frame 4647 sent at 1573047482553
11-06 15:38:02.581 31664 31702 D Evaluation: Frame 4648 sent at 1573047482581
11-06 15:38:02.610 31664 31702 D Evaluation: Frame 4650 sent at 1573047482610
11-06 15:38:02.631 31664 31702 D Evaluation: Frame 4650 sent at 1573047482631
11-06 15:38:02.674 31664 31702 D Evaluation: Frame 4651 sent at 1573047482674
11-06 15:38:02.713 31664 31702 D Evaluation: Frame 4652 sent at 1573047482713
11-06 15:38:02.750 31664 31702 D Evaluation: Frame 4653 sent at 1573047482750
11-06 15:38:02.779 31664 31702 D Evaluation: Frame 4654 sent at 1573047482779
11-06 15:38:02.816 31664 31702 D Evaluation: Frame 4655 sent at 1573047482816
11-06 15:38:02.843 31664 31702 D Evaluation: Frame 4656 sent at 1573047482843
11-06 15:38:02.854 31664 31664 W HiTouch_PressGestureDetector: Touch pointer move a lot. The moving distance of X is:8.458069, limit is:60The moving distance of Y is:70.997604, limit is:60
11-06 15:38:02.870 31664 31702 D Evaluation: Frame 4657 sent at 1573047482870
11-06 15:38:02.903 31664 31702 D Evaluation: Frame 4658 sent at 1573047482903
11-06 15:38:02.930 31664 31702 D Evaluation: Frame 4659 sent at 1573047482930
11-06 15:38:02.967 31664 31702 D Evaluation: Frame 4660 sent at 1573047482967
11-06 15:38:02.987 31664 31702 D Evaluation: Frame 4661 sent at 1573047482987
11-06 15:38:03.023 31664 31702 D Evaluation: Frame 4662 sent at 1573047483023
11-06 15:38:03.056 31664 31702 D Evaluation: Frame 4663 sent at 1573047483056
11-06 15:38:03.090 31664 31702 D Evaluation: Frame 4664 sent at 1573047483090
11-06 15:38:03.125 31664 31702 D Evaluation: Frame 4665 sent at 1573047483125
11-06 15:38:03.156 31664 31702 D Evaluation: Frame 4666 sent at 1573047483156
11-06 15:38:03.194 31664 31702 D Evaluation: Frame 4667 sent at 1573047483194
11-06 15:38:03.272 31664 31664 D Poster  : At 1573047483271 location is 65.05790233798592 (latitude), and 25.469913736679313 (longitude)
11-06 15:38:03.273 31664 31664 D Poster  : Connected to mobile network 20
11-06 15:38:03.287 31664 31702 D Evaluation: Frame 4669 sent at 1573047483287
11-06 15:38:03.305 31664 31702 D Evaluation: Frame 4669 sent at 1573047483305
11-06 15:38:03.326 31664 31702 D Evaluation: Frame 4670 sent at 1573047483326
11-06 15:38:03.358 31664 31702 D Evaluation: Frame 4671 sent at 1573047483358
11-06 15:38:03.394 31664 31702 D Evaluation: Frame 4672 sent at 1573047483394
11-06 15:38:03.426 31664 31702 D Evaluation: Frame 4673 sent at 1573047483426
11-06 15:38:03.458 31664 31702 D Evaluation: Frame 4674 sent at 1573047483458
11-06 15:38:03.492 31664 31702 D Evaluation: Frame 4675 sent at 1573047483492
11-06 15:38:03.527 31664 31702 D Evaluation: Frame 4676 sent at 1573047483527
11-06 15:38:03.581 31664 31702 D Evaluation: Frame 4677 sent at 1573047483581
11-06 15:38:03.601 31664 31702 D Evaluation: Frame 4678 sent at 1573047483601
11-06 15:38:03.624 31664 31702 D Evaluation: Frame 4679 sent at 1573047483624
11-06 15:38:03.668 31664 31702 D Evaluation: Frame 4680 sent at 1573047483668
11-06 15:38:03.695 31664 31702 D Evaluation: Frame 4681 sent at 1573047483695
11-06 15:38:03.729 31664 31702 D Evaluation: Frame 4682 sent at 1573047483729
11-06 15:38:03.761 31664 31675 E         : [ZeroHung]zrhung_get_config: Get config failed for wp[0x0008]
11-06 15:38:03.762 31664 31702 D Evaluation: Frame 4683 sent at 1573047483762
11-06 15:38:03.796 31664 31702 D Evaluation: Frame 4684 sent at 1573047483796
11-06 15:38:03.833 31664 31702 D Evaluation: Frame 4685 sent at 1573047483833
11-06 15:38:03.865 31664 31702 D Evaluation: Frame 4686 sent at 1573047483865
11-06 15:38:03.898 31664 31702 D Evaluation: Frame 4687 sent at 1573047483898
11-06 15:38:03.937 31664 31702 D Evaluation: Frame 4688 sent at 1573047483937
11-06 15:38:03.965 31664 31702 D Evaluation: Frame 4689 sent at 1573047483965
11-06 15:38:03.995 31664 31702 D Evaluation: Frame 4690 sent at 1573047483995
11-06 15:38:04.030 31664 31702 D Evaluation: Frame 4691 sent at 1573047484030
11-06 15:38:04.065 31664 31702 D Evaluation: Frame 4692 sent at 1573047484065
11-06 15:38:04.110 31664 31702 D Evaluation: Frame 4693 sent at 1573047484110
11-06 15:38:04.131 31664 31702 D Evaluation: Frame 4694 sent at 1573047484131
11-06 15:38:04.167 31664 31702 D Evaluation: Frame 4695 sent at 1573047484167
11-06 15:38:04.199 31664 31702 D Evaluation: Frame 4696 sent at 1573047484199
11-06 15:38:04.241 31664 31702 D Evaluation: Frame 4697 sent at 1573047484241
11-06 15:38:04.265 31664 31702 D Evaluation: Frame 4698 sent at 1573047484265
11-06 15:38:04.276 31664 31664 D Poster  : At 1573047484276 location is 65.05790233800901 (latitude), and 25.46991373672654 (longitude)
11-06 15:38:04.277 31664 31664 D Poster  : Connected to mobile network 20
11-06 15:38:04.308 31664 31702 D Evaluation: Frame 4699 sent at 1573047484308
11-06 15:38:04.335 31664 31702 D Evaluation: Frame 4700 sent at 1573047484335
11-06 15:38:04.366 31664 31702 D Evaluation: Frame 4701 sent at 1573047484366
11-06 15:38:04.401 31664 31702 D Evaluation: Frame 4702 sent at 1573047484401
11-06 15:38:04.441 31664 31702 D Evaluation: Frame 4703 sent at 1573047484441
11-06 15:38:04.473 31664 31702 D Evaluation: Frame 4704 sent at 1573047484473
11-06 15:38:04.499 31664 31702 D Evaluation: Frame 4705 sent at 1573047484499
11-06 15:38:04.534 31664 31702 D Evaluation: Frame 4706 sent at 1573047484534
11-06 15:38:04.578 31664 31702 D Evaluation: Frame 4707 sent at 1573047484578
11-06 15:38:04.603 31664 31702 D Evaluation: Frame 4708 sent at 1573047484603
11-06 15:38:04.649 31664 31702 D Evaluation: Frame 4709 sent at 1573047484649
11-06 15:38:04.667 31664 31702 D Evaluation: Frame 4710 sent at 1573047484667
11-06 15:38:04.702 31664 31702 D Evaluation: Frame 4711 sent at 1573047484702
11-06 15:38:04.733 31664 31702 D Evaluation: Frame 4712 sent at 1573047484733
11-06 15:38:04.776 31664 31702 D Evaluation: Frame 4713 sent at 1573047484776
11-06 15:38:04.802 31664 31702 D Evaluation: Frame 4714 sent at 1573047484802
11-06 15:38:04.836 31664 31702 D Evaluation: Frame 4715 sent at 1573047484836
11-06 15:38:04.869 31664 31702 D Evaluation: Frame 4716 sent at 1573047484869
11-06 15:38:04.920 31664 31702 D Evaluation: Frame 4717 sent at 1573047484920
11-06 15:38:04.937 31664 31702 D Evaluation: Frame 4718 sent at 1573047484937
11-06 15:38:04.970 31664 31702 D Evaluation: Frame 4719 sent at 1573047484970
11-06 15:38:05.003 31664 31702 D Evaluation: Frame 4720 sent at 1573047485003
11-06 15:38:05.033 31664 31702 D Evaluation: Frame 4721 sent at 1573047485033
11-06 15:38:05.063 31664 31702 D Evaluation: Frame 4722 sent at 1573047485063
11-06 15:38:05.096 31664 31702 D Evaluation: Frame 4723 sent at 1573047485096
11-06 15:38:05.127 31664 31702 D Evaluation: Frame 4724 sent at 1573047485126
11-06 15:38:05.169 31664 31702 D Evaluation: Frame 4725 sent at 1573047485169
11-06 15:38:05.206 31664 31702 D Evaluation: Frame 4726 sent at 1573047485206
11-06 15:38:05.251 31664 31675 E         : [ZeroHung]zrhung_get_config: Get config failed for wp[0x0008]
11-06 15:38:05.251 31664 31702 D Evaluation: Frame 4727 sent at 1573047485251
11-06 15:38:05.277 31664 31664 D Poster  : At 1573047485277 location is 65.05790233805114 (latitude), and 25.469913736744527 (longitude)
11-06 15:38:05.279 31664 31664 D Poster  : Connected to mobile network 20
11-06 15:38:05.279 31664 31702 D Evaluation: Frame 4728 sent at 1573047485279
11-06 15:38:05.309 31664 31702 D Evaluation: Frame 4729 sent at 1573047485309
11-06 15:38:05.339 31664 31702 D Evaluation: Frame 4730 sent at 1573047485339
11-06 15:38:05.372 31664 31702 D Evaluation: Frame 4731 sent at 1573047485372
11-06 15:38:05.411 31664 31702 D Evaluation: Frame 4732 sent at 1573047485411
11-06 15:38:05.459 31664 31702 D Evaluation: Frame 4733 sent at 1573047485459
11-06 15:38:05.481 31664 31702 D Evaluation: Frame 4734 sent at 1573047485481
11-06 15:38:05.506 31664 31702 D Evaluation: Frame 4735 sent at 1573047485506
11-06 15:38:05.551 31664 31702 D Evaluation: Frame 4736 sent at 1573047485551
11-06 15:38:05.585 31664 31702 D Evaluation: Frame 4737 sent at 1573047485585
11-06 15:38:05.614 31664 31702 D Evaluation: Frame 4738 sent at 1573047485614
11-06 15:38:05.641 31664 31702 D Evaluation: Frame 4739 sent at 1573047485641
11-06 15:38:05.682 31664 31702 D Evaluation: Frame 4740 sent at 1573047485682
11-06 15:38:05.707 31664 31702 D Evaluation: Frame 4741 sent at 1573047485707
11-06 15:38:05.763 31664 31702 D Evaluation: Frame 4743 sent at 1573047485763
11-06 15:38:05.779 31664 31702 D Evaluation: Frame 4743 sent at 1573047485779
11-06 15:38:05.817 31664 31702 D Evaluation: Frame 4744 sent at 1573047485817
11-06 15:38:05.854 31664 31702 D Evaluation: Frame 4745 sent at 1573047485854
11-06 15:38:05.877 31664 31702 D Evaluation: Frame 4746 sent at 1573047485877
11-06 15:38:05.920 31664 31702 D Evaluation: Frame 4747 sent at 1573047485919
11-06 15:38:05.941 31664 31702 D Evaluation: Frame 4748 sent at 1573047485941
11-06 15:38:05.975 31664 31702 D Evaluation: Frame 4749 sent at 1573047485975
11-06 15:38:06.011 31664 31702 D Evaluation: Frame 4750 sent at 1573047486011
11-06 15:38:06.048 31664 31702 D Evaluation: Frame 4751 sent at 1573047486048
11-06 15:38:06.088 31664 31702 D Evaluation: Frame 4752 sent at 1573047486088
11-06 15:38:06.120 31664 31702 D Evaluation: Frame 4753 sent at 1573047486120
11-06 15:38:06.154 31664 31702 D Evaluation: Frame 4754 sent at 1573047486154
11-06 15:38:06.188 31664 31702 D Evaluation: Frame 4755 sent at 1573047486188
11-06 15:38:06.220 31664 31702 D Evaluation: Frame 4756 sent at 1573047486220
11-06 15:38:06.254 31664 31702 D Evaluation: Frame 4757 sent at 1573047486254
11-06 15:38:06.282 31664 31664 D Poster  : At 1573047486282 location is 65.0579023380629 (latitude), and 25.46991373674561 (longitude)
11-06 15:38:06.283 31664 31664 D Poster  : Connected to mobile network 20
11-06 15:38:06.293 31664 31702 D Evaluation: Frame 4758 sent at 1573047486293
11-06 15:38:06.315 31664 31702 D Evaluation: Frame 4759 sent at 1573047486315
11-06 15:38:06.348 31664 31702 D Evaluation: Frame 4760 sent at 1573047486348
11-06 15:38:06.383 31664 31702 D Evaluation: Frame 4761 sent at 1573047486383
11-06 15:38:06.413 31664 31702 D Evaluation: Frame 4762 sent at 1573047486413
11-06 15:38:06.449 31664 31702 D Evaluation: Frame 4763 sent at 1573047486449
11-06 15:38:06.482 31664 31702 D Evaluation: Frame 4764 sent at 1573047486482
11-06 15:38:06.513 31664 31702 D Evaluation: Frame 4765 sent at 1573047486513
11-06 15:38:06.611 31664 31702 D Evaluation: Frame 4766 sent at 1573047486611
11-06 15:38:06.629 31664 31702 D Evaluation: Frame 4767 sent at 1573047486629
11-06 15:38:06.653 31664 31702 D Evaluation: Frame 4768 sent at 1573047486653
11-06 15:38:06.683 31664 31702 D Evaluation: Frame 4769 sent at 1573047486683
11-06 15:38:06.716 31664 31702 D Evaluation: Frame 4770 sent at 1573047486716
11-06 15:38:06.758 31664 31702 D Evaluation: Frame 4771 sent at 1573047486758
11-06 15:38:06.791 31664 31702 D Evaluation: Frame 4772 sent at 1573047486791
11-06 15:38:06.825 31664 31702 D Evaluation: Frame 4773 sent at 1573047486825
11-06 15:38:06.869 31664 31702 D Evaluation: Frame 4774 sent at 1573047486869
11-06 15:38:06.887 31664 31702 D Evaluation: Frame 4775 sent at 1573047486887
11-06 15:38:06.921 31664 31675 E         : [ZeroHung]zrhung_get_config: Get config failed for wp[0x0008]
11-06 15:38:06.921 31664 31702 D Evaluation: Frame 4776 sent at 1573047486921
11-06 15:38:06.951 31664 31702 D Evaluation: Frame 4777 sent at 1573047486951
11-06 15:38:06.986 31664 31702 D Evaluation: Frame 4778 sent at 1573047486986
11-06 15:38:07.017 31664 31702 D Evaluation: Frame 4779 sent at 1573047487017
11-06 15:38:07.052 31664 31702 D Evaluation: Frame 4780 sent at 1573047487052
11-06 15:38:07.087 31664 31702 D Evaluation: Frame 4781 sent at 1573047487087
11-06 15:38:07.124 31664 31702 D Evaluation: Frame 4782 sent at 1573047487124
11-06 15:38:07.151 31664 31702 D Evaluation: Frame 4783 sent at 1573047487151
11-06 15:38:07.189 31664 31702 D Evaluation: Frame 4784 sent at 1573047487189
11-06 15:38:07.219 31664 31702 D Evaluation: Frame 4785 sent at 1573047487219
11-06 15:38:07.259 31664 31702 D Evaluation: Frame 4786 sent at 1573047487259
11-06 15:38:07.279 31664 31664 D Poster  : At 1573047487279 location is 65.05790233806933 (latitude), and 25.46991373674495 (longitude)
11-06 15:38:07.281 31664 31664 D Poster  : Connected to mobile network 20
11-06 15:38:07.289 31664 31702 D Evaluation: Frame 4787 sent at 1573047487289
11-06 15:38:07.322 31664 31702 D Evaluation: Frame 4788 sent at 1573047487322
11-06 15:38:07.355 31664 31702 D Evaluation: Frame 4789 sent at 1573047487355
11-06 15:38:07.405 31664 31702 D Evaluation: Frame 4790 sent at 1573047487405
11-06 15:38:07.435 31664 31702 D Evaluation: Frame 4791 sent at 1573047487435
11-06 15:38:07.486 31664 31702 D Evaluation: Frame 4792 sent at 1573047487486
11-06 15:38:07.511 31664 31702 D Evaluation: Frame 4793 sent at 1573047487511
11-06 15:38:07.541 31664 31702 D Evaluation: Frame 4794 sent at 1573047487541
11-06 15:38:07.578 31664 31702 D Evaluation: Frame 4795 sent at 1573047487578
11-06 15:38:07.599 31664 31702 D Evaluation: Frame 4796 sent at 1573047487599
11-06 15:38:07.640 31664 31702 D Evaluation: Frame 4797 sent at 1573047487640
11-06 15:38:07.669 31664 31702 D Evaluation: Frame 4798 sent at 1573047487669
11-06 15:38:07.712 31664 31702 D Evaluation: Frame 4799 sent at 1573047487712
11-06 15:38:07.751 31664 31702 D Evaluation: Frame 4800 sent at 1573047487751
11-06 15:38:07.780 31664 31702 D Evaluation: Frame 4801 sent at 1573047487780
11-06 15:38:07.811 31664 31702 D Evaluation: Frame 4802 sent at 1573047487811
11-06 15:38:07.850 31664 31702 D Evaluation: Frame 4803 sent at 1573047487850
11-06 15:38:07.888 31664 31702 D Evaluation: Frame 4804 sent at 1573047487888
11-06 15:38:07.915 31664 31702 D Evaluation: Frame 4805 sent at 1573047487915
11-06 15:38:07.956 31664 31702 D Evaluation: Frame 4806 sent at 1573047487956
11-06 15:38:07.987 31664 31702 D Evaluation: Frame 4808 sent at 1573047487987
11-06 15:38:08.004 31664 31702 D Evaluation: Frame 4808 sent at 1573047488004
11-06 15:38:08.040 31664 31702 D Evaluation: Frame 4809 sent at 1573047488040
11-06 15:38:08.070 31664 31702 D Evaluation: Frame 4810 sent at 1573047488070
11-06 15:38:08.124 31664 31702 D Evaluation: Frame 4811 sent at 1573047488124
11-06 15:38:08.147 31664 31702 D Evaluation: Frame 4812 sent at 1573047488147
11-06 15:38:08.177 31664 31702 D Evaluation: Frame 4813 sent at 1573047488177
11-06 15:38:08.206 31664 31702 D Evaluation: Frame 4814 sent at 1573047488206
11-06 15:38:08.245 31664 31702 D Evaluation: Frame 4815 sent at 1573047488245
11-06 15:38:08.279 31664 31664 D Poster  : At 1573047488279 location is 65.05790233806933 (latitude), and 25.46991373674495 (longitude)
11-06 15:38:08.281 31664 31664 D Poster  : Connected to mobile network 20
11-06 15:38:08.288 31664 31702 D Evaluation: Frame 4816 sent at 1573047488288
11-06 15:38:08.308 31664 31702 D Evaluation: Frame 4817 sent at 1573047488308
11-06 15:38:08.337 31664 31702 D Evaluation: Frame 4818 sent at 1573047488337
11-06 15:38:08.387 31664 31702 D Evaluation: Frame 4819 sent at 1573047488387
11-06 15:38:08.413 31664 31702 D Evaluation: Frame 4820 sent at 1573047488413
11-06 15:38:08.439 31664 31702 D Evaluation: Frame 4821 sent at 1573047488439
11-06 15:38:08.469 31664 31702 D Evaluation: Frame 4822 sent at 1573047488469
11-06 15:38:08.523 31664 31702 D Evaluation: Frame 4824 sent at 1573047488523
11-06 15:38:08.543 31664 31702 D Evaluation: Frame 4824 sent at 1573047488543
11-06 15:38:08.579 31664 31702 D Evaluation: Frame 4825 sent at 1573047488579
11-06 15:38:08.615 31664 31702 D Evaluation: Frame 4826 sent at 1573047488615
11-06 15:38:08.658 31664 31702 D Evaluation: Frame 4828 sent at 1573047488658
11-06 15:38:08.681 31664 31702 D Evaluation: Frame 4828 sent at 1573047488681
11-06 15:38:08.719 31664 31702 D Evaluation: Frame 4829 sent at 1573047488719
11-06 15:38:08.727 31664 31664 W HiTouch_PressGestureDetector: Touch pointer move a lot. The moving distance of X is:7.214966, limit is:60The moving distance of Y is:91.26952, limit is:60
11-06 15:38:08.753 31664 31702 D Evaluation: Frame 4830 sent at 1573047488753
11-06 15:38:08.755 31664 31702 D Evaluation: 0 res for frame 4811 received at 1573047488755
11-06 15:38:08.789 31664 31702 D Evaluation: Frame 4831 sent at 1573047488789
11-06 15:38:08.813 31664 31702 D Evaluation: Frame 4832 sent at 1573047488813
11-06 15:38:08.840 31664 31702 D Evaluation: Frame 4833 sent at 1573047488840
11-06 15:38:08.870 31664 31702 D Evaluation: Frame 4834 sent at 1573047488870
11-06 15:38:08.898 31664 31702 D Evaluation: Frame 4835 sent at 1573047488898
11-06 15:38:08.940 31664 31702 D Evaluation: Frame 4836 sent at 1573047488940
11-06 15:38:08.962 31664 31702 D Evaluation: Frame 4837 sent at 1573047488962
11-06 15:38:08.998 31664 31702 D Evaluation: Frame 4838 sent at 1573047488998
11-06 15:38:09.033 31664 31702 D Evaluation: Frame 4839 sent at 1573047489033
11-06 15:38:09.068 31664 31702 D Evaluation: Frame 4840 sent at 1573047489067
11-06 15:38:09.099 31664 31702 D Evaluation: Frame 4841 sent at 1573047489099
11-06 15:38:09.138 31664 31702 D Evaluation: Frame 4842 sent at 1573047489138
11-06 15:38:09.171 31664 31702 D Evaluation: Frame 4843 sent at 1573047489171
11-06 15:38:09.199 31664 31702 D Evaluation: Frame 4844 sent at 1573047489199
11-06 15:38:09.232 31664 31702 D Evaluation: Frame 4845 sent at 1573047489232
11-06 15:38:09.269 31664 31702 D Evaluation: Frame 4846 sent at 1573047489269
11-06 15:38:09.278 31664 31664 D Poster  : At 1573047489278 location is 65.05790233807774 (latitude), and 25.469913736741322 (longitude)
11-06 15:38:09.279 31664 31664 D Poster  : Connected to mobile network 20
11-06 15:38:09.307 31664 31702 D Evaluation: Frame 4847 sent at 1573047489307
11-06 15:38:09.339 31664 31702 D Evaluation: Frame 4848 sent at 1573047489339
11-06 15:38:09.442 31664 31702 D Evaluation: Frame 4849 sent at 1573047489442
11-06 15:38:09.476 31664 31702 D Evaluation: Frame 4850 sent at 1573047489476
11-06 15:38:09.501 31664 31702 D Evaluation: Frame 4851 sent at 1573047489501
11-06 15:38:09.540 31664 31702 D Evaluation: Frame 4852 sent at 1573047489540
11-06 15:38:09.568 31664 31702 D Evaluation: Frame 4853 sent at 1573047489568
11-06 15:38:09.625 31664 31702 D Evaluation: Frame 4854 sent at 1573047489625
11-06 15:38:09.643 31664 31702 D Evaluation: Frame 4855 sent at 1573047489643
11-06 15:38:09.667 31664 31702 D Evaluation: Frame 4856 sent at 1573047489667
11-06 15:38:09.712 31664 31702 D Evaluation: Frame 4857 sent at 1573047489712
11-06 15:38:09.737 31664 31702 D Evaluation: Frame 4858 sent at 1573047489737
11-06 15:38:09.771 31664 31702 D Evaluation: Frame 4859 sent at 1573047489771
11-06 15:38:09.806 31664 31702 D Evaluation: Frame 4860 sent at 1573047489806
11-06 15:38:09.837 31664 31702 D Evaluation: Frame 4861 sent at 1573047489837
11-06 15:38:09.880 31664 31702 D Evaluation: Frame 4862 sent at 1573047489880
11-06 15:38:09.915 31664 31702 D Evaluation: Frame 4863 sent at 1573047489915
11-06 15:38:09.949 31664 31702 D Evaluation: Frame 4864 sent at 1573047489949
11-06 15:38:09.972 31664 31702 D Evaluation: Frame 4865 sent at 1573047489972
11-06 15:38:10.005 31664 31702 D Evaluation: Frame 4866 sent at 1573047490005
11-06 15:38:10.036 31664 31702 D Evaluation: Frame 4867 sent at 1573047490036
11-06 15:38:10.037 31664 31702 D Evaluation: 0 res for frame 4849 received at 1573047490037
11-06 15:38:10.072 31664 31702 D Evaluation: Frame 4868 sent at 1573047490072
11-06 15:38:10.108 31664 31675 E         : [ZeroHung]zrhung_get_config: Get config failed for wp[0x0008]
11-06 15:38:10.108 31664 31702 D Evaluation: Frame 4869 sent at 1573047490108
11-06 15:38:10.130 31664 31673 W System  : A resource failed to call close. 
11-06 15:38:10.130 31664 31673 W System  : A resource failed to call close. 
11-06 15:38:10.132 31664 31673 W System  : A resource failed to call close. 
11-06 15:38:10.133 31664 31673 W System  : A resource failed to call close. 
11-06 15:38:10.160 31664 31702 D Evaluation: Frame 4870 sent at 1573047490160
11-06 15:38:10.176 31664 31702 D Evaluation: Frame 4871 sent at 1573047490176
11-06 15:38:10.215 31664 31702 D Evaluation: Frame 4872 sent at 1573047490215
11-06 15:38:10.238 31664 31702 D Evaluation: Frame 4873 sent at 1573047490238
11-06 15:38:10.249 31664 31664 I Poster  :  onPause() called.
11-06 15:38:10.401 31664 31664 I Camera  : close camera: 0, package name: symlab.cloudridar.arhud
11-06 15:38:10.401 31664 31664 I BackgroundPermManager: pkgName: symlab.cloudridar.arhud,pid: 31664 ,uidOf3RdApk: 10149 ,permType: 0 ,permCfg: 0
11-06 15:38:10.405 31664 31664 I HwCameraUtil: notifySurfaceFlingerCameraStatus : isFront = false , isOpend = false
11-06 15:38:10.449 31664 31664 D ZrHung.AppEyeUiProbe: stop checker.
11-06 15:38:10.463 31664 31664 D Poster  : At 1573047490463 location is 65.05790233807774 (latitude), and 25.469913736741322 (longitude)
11-06 15:38:10.467 31664 31664 D Poster  : Connected to mobile network 20
11-06 15:38:10.493 31664 31664 I Poster  :  surfaceDestroyed() called.
11-06 15:38:10.493 31664 31664 D ViewRootImpl[MainActivity]: surface should not be released
11-06 15:38:10.494 31664 31664 I Poster  :  onStop() called.
11-06 15:38:10.514 31664 31719 W libEGL  : EGLNativeWindowType 0xe5af0008 disconnect failed
11-06 15:38:11.264 31664 31664 D Poster  : At 1573047491264 location is 65.05790233807774 (latitude), and 25.469913736741322 (longitude)
11-06 15:38:11.266 31664 31664 D Poster  : Connected to mobile network 20
11-06 15:38:11.268 31664 31664 D Latitude: status
11-06 15:38:11.282 31664 31664 I Poster  :  onDestroy() called.
11-06 15:38:11.282 31664 31664 D ActivityThread: Remove activity client record, r= ActivityRecord{24fb417 token=android.os.BinderProxy@3a687be {symlab.cloudridar.arhud/symlab.ARHUD.MainActivity}} token= android.os.BinderProxy@3a687be
11-06 15:38:11.283 31664 31664 E BpSurfaceComposerClient: Failed to transact (-1)
11-06 15:38:11.283 31664 31664 E BpSurfaceComposerClient: Failed to transact (-1)
