--------- beginning of main
11-06 10:27:42.719 21149 21149 W logcat  : type=1400 audit(0.0:26576): avc: granted { create } for name="logcat_1573028862711.txt" scontext=u:r:untrusted_app:s0:c149,c256,c512,c768 tcontext=u:object_r:sdcardfs:s0:c149,c256,c512,c768 tclass=file
11-06 10:27:42.729 21126 21126 I MultiDex: Installing application
11-06 10:27:42.729 21126 21126 I MultiDex: VM has multidex support, MultiDex support library is disabled.
--------- beginning of system
11-06 10:27:42.732 21126 21126 V ActivityThread: callActivityOnCreate
11-06 10:27:42.732 21126 21126 I Poster  :  onCreate() called.
11-06 10:27:42.735 21126 21126 I HwApsImpl: APS: new HwApsImpl created
11-06 10:27:42.741 21126 21126 V HwWidgetFactory: : successes to get AllImpl object and return....
11-06 10:27:42.748 21126 21126 D OpenGLRenderer: Skia GL Pipeline
11-06 10:27:42.771 21126 21126 D Poster  : Server bound to IP 193.166.28.132 and port 52727
11-06 10:27:42.775 21126 21160 D Evaluation: metadata 0 sent 
11-06 10:27:42.776 21126 21126 D ActivityThread: add activity client record, r= ActivityRecord{fd66872 token=android.os.BinderProxy@8cd3ec5 {symlab.cloudridar.arhud/symlab.ARHUD.MainActivity}} token= android.os.BinderProxy@8cd3ec5
11-06 10:27:42.778 21126 21126 I Poster  :  onStart() called.
11-06 10:27:42.779 21126 21126 D ZrHung.AppEyeUiProbe: notify runnable to start.
11-06 10:27:42.780 21126 21126 I Poster  :  onResume() called.
11-06 10:27:42.784 21126 21126 I PermissionManager: camera remind result:true
11-06 10:27:42.784 21126 21126 I Camera  : open camera: 0, package name: symlab.cloudridar.arhud
11-06 10:27:42.785 21126 21126 I BackgroundPermManager: pkgName: symlab.cloudridar.arhud,pid: 21126 ,uidOf3RdApk: 10149 ,permType: 0 ,permCfg: 1
11-06 10:27:42.785 21126 21126 I HwCameraUtil: notifySurfaceFlingerCameraStatus : isFront = false , isOpend = true
11-06 10:27:42.795 21126 21126 D ActivityThread: isOptEnabled=false isWechatScanOpt=false
11-06 10:27:42.797 21126 21126 I HwSecImmHelper: mSecurityInputMethodService is null
11-06 10:27:42.802 21126 21126 D OpenGLRenderer:   HWUI Binary is  enabled
11-06 10:27:42.823 21126 21178 D HiTouch_PressGestureDetector: onAttached, package=symlab.cloudridar.arhud, windowType=1, mHiTouchRestricted=false
11-06 10:27:42.832 21126 21177 I ConfigStore: android::hardware::configstore::V1_0::ISurfaceFlingerConfigs::hasWideColorDisplay retrieved: 0
11-06 10:27:42.833 21126 21177 I ConfigStore: android::hardware::configstore::V1_0::ISurfaceFlingerConfigs::hasHDRDisplay retrieved: 0
11-06 10:27:42.833 21126 21177 I iGraphics: [0020080c] pn: symlab.cloudridar.arhud, p: 21126
11-06 10:27:42.833 21126 21177 I OpenGLRenderer: Initialized EGL, version 1.4, mEglDisplay 0x1
11-06 10:27:42.833 21126 21177 D OpenGLRenderer: Swap behavior 2
11-06 10:27:42.842 21126 21177 D mali_winsys: EGLint new_window_surface(egl_winsys_display *, void *, EGLSurface, EGLConfig, egl_winsys_surface **, EGLBoolean) returns 0x3000
11-06 10:27:42.853 21126 21126 I Poster  :  surfaceCreated() called.
11-06 10:27:42.853 21126 21126 I Poster  : initPreview() called
11-06 10:27:42.857 21126 21126 I PermissionManager: camera remind result:true
11-06 10:27:42.862 21126 21126 I Poster  :  surfaceChanged() called.
11-06 10:27:42.878 21126 21126 W InputMethodManager: startInputReason = 1
11-06 10:27:42.892 21126 21126 W InputMethodManager: startInputReason = 5
11-06 10:27:43.149 21126 21160 D Evaluation: metadata 1 sent 
11-06 10:27:43.179 21126 21160 D Evaluation: metadata 2 sent 
11-06 10:27:43.216 21126 21160 D Evaluation: metadata 3 sent 
11-06 10:27:43.249 21126 21160 D Evaluation: metadata 4 sent 
11-06 10:27:43.284 21126 21160 D Evaluation: metadata 5 sent 
11-06 10:27:43.335 21126 21160 D Evaluation: Frame 6 sent at 1573028863335
11-06 10:27:43.361 21126 21160 D Evaluation: Frame 7 sent at 1573028863361
11-06 10:27:43.395 21126 21160 D Evaluation: Frame 8 sent at 1573028863395
11-06 10:27:43.429 21126 21160 D Evaluation: Frame 9 sent at 1573028863429
11-06 10:27:43.465 21126 21160 D Evaluation: Frame 10 sent at 1573028863465
11-06 10:27:43.496 21126 21160 D Evaluation: Frame 11 sent at 1573028863496
11-06 10:27:43.563 21126 21160 D Evaluation: Frame 12 sent at 1573028863563
11-06 10:27:43.597 21126 21160 D Evaluation: Frame 13 sent at 1573028863597
11-06 10:27:43.598 21126 21160 D Evaluation: 5 res for frame 6 received at 1573028863598
11-06 10:27:43.765 21126 21160 D Evaluation: Frame 14 sent at 1573028863765
11-06 10:27:43.766 21126 21160 D Evaluation: 5 res for frame 7 received at 1573028863766
11-06 10:27:43.798 21126 21137 E         : [ZeroHung]zrhung_get_config: Get config failed for wp[0x0008]
11-06 10:27:43.799 21126 21160 D Evaluation: Frame 15 sent at 1573028863799
11-06 10:27:43.812 21126 21135 W System  : A resource failed to call close. 
11-06 10:27:43.812 21126 21135 I chatty  : uid=10149(symlab.cloudridar.arhud) FinalizerDaemon identical 2 lines
11-06 10:27:43.812 21126 21135 W System  : A resource failed to call close. 
11-06 10:27:43.832 21126 21160 D Evaluation: Frame 16 sent at 1573028863832
11-06 10:27:43.866 21126 21160 D Evaluation: Frame 17 sent at 1573028863866
11-06 10:27:43.900 21126 21160 D Evaluation: Frame 18 sent at 1573028863900
11-06 10:27:43.900 21126 21160 D Evaluation: 4 res for frame 8 received at 1573028863900
11-06 10:27:43.933 21126 21160 D Evaluation: Frame 19 sent at 1573028863933
11-06 10:27:43.967 21126 21160 W System.err: java.net.SocketException: Message too long
11-06 10:27:43.967 21126 21160 W System.err: 	at sun.nio.ch.DatagramChannelImpl.send0(Native Method)
11-06 10:27:43.967 21126 21160 W System.err: 	at sun.nio.ch.DatagramChannelImpl.sendFromNativeBuffer(DatagramChannelImpl.java:573)
11-06 10:27:43.967 21126 21160 W System.err: 	at sun.nio.ch.DatagramChannelImpl.send(DatagramChannelImpl.java:550)
11-06 10:27:43.967 21126 21160 W System.err: 	at sun.nio.ch.DatagramChannelImpl.send(DatagramChannelImpl.java:514)
11-06 10:27:43.967 21126 21160 W System.err: 	at symlab.CloudAR.network.TransmissionTask.run(TransmissionTask.java:124)
11-06 10:27:43.967 21126 21160 W System.err: 	at android.os.Handler.handleCallback(Handler.java:907)
11-06 10:27:43.967 21126 21160 W System.err: 	at android.os.Handler.dispatchMessage(Handler.java:105)
11-06 10:27:43.967 21126 21160 W System.err: 	at android.os.Looper.loop(Looper.java:216)
11-06 10:27:43.967 21126 21160 W System.err: 	at android.os.HandlerThread.run(HandlerThread.java:65)
11-06 10:27:44.001 21126 21160 D Evaluation: Frame 21 sent at 1573028864001
11-06 10:27:44.040 21126 21160 W System.err: java.net.SocketException: Message too long
11-06 10:27:44.040 21126 21160 W System.err: 	at sun.nio.ch.DatagramChannelImpl.send0(Native Method)
11-06 10:27:44.040 21126 21160 W System.err: 	at sun.nio.ch.DatagramChannelImpl.sendFromNativeBuffer(DatagramChannelImpl.java:573)
11-06 10:27:44.040 21126 21160 W System.err: 	at sun.nio.ch.DatagramChannelImpl.send(DatagramChannelImpl.java:550)
11-06 10:27:44.040 21126 21160 W System.err: 	at sun.nio.ch.DatagramChannelImpl.send(DatagramChannelImpl.java:514)
11-06 10:27:44.040 21126 21160 W System.err: 	at symlab.CloudAR.network.TransmissionTask.run(TransmissionTask.java:124)
11-06 10:27:44.040 21126 21160 W System.err: 	at android.os.Handler.handleCallback(Handler.java:907)
11-06 10:27:44.040 21126 21160 W System.err: 	at android.os.Handler.dispatchMessage(Handler.java:105)
11-06 10:27:44.040 21126 21160 W System.err: 	at android.os.Looper.loop(Looper.java:216)
11-06 10:27:44.040 21126 21160 W System.err: 	at android.os.HandlerThread.run(HandlerThread.java:65)
11-06 10:27:44.073 21126 21160 W System.err: java.net.SocketException: Message too long
11-06 10:27:44.073 21126 21160 W System.err: 	at sun.nio.ch.DatagramChannelImpl.send0(Native Method)
11-06 10:27:44.073 21126 21160 W System.err: 	at sun.nio.ch.DatagramChannelImpl.sendFromNativeBuffer(DatagramChannelImpl.java:573)
11-06 10:27:44.073 21126 21160 W System.err: 	at sun.nio.ch.DatagramChannelImpl.send(DatagramChannelImpl.java:550)
11-06 10:27:44.073 21126 21160 W System.err: 	at sun.nio.ch.DatagramChannelImpl.send(DatagramChannelImpl.java:514)
11-06 10:27:44.073 21126 21160 W System.err: 	at symlab.CloudAR.network.TransmissionTask.run(TransmissionTask.java:124)
11-06 10:27:44.074 21126 21160 W System.err: 	at android.os.Handler.handleCallback(Handler.java:907)
11-06 10:27:44.074 21126 21160 W System.err: 	at android.os.Handler.dispatchMessage(Handler.java:105)
11-06 10:27:44.074 21126 21160 W System.err: 	at android.os.Looper.loop(Looper.java:216)
11-06 10:27:44.074 21126 21160 W System.err: 	at android.os.HandlerThread.run(HandlerThread.java:65)
11-06 10:27:44.120 21126 21160 W System.err: java.net.SocketException: Message too long
11-06 10:27:44.120 21126 21160 W System.err: 	at sun.nio.ch.DatagramChannelImpl.send0(Native Method)
11-06 10:27:44.120 21126 21160 W System.err: 	at sun.nio.ch.DatagramChannelImpl.sendFromNativeBuffer(DatagramChannelImpl.java:573)
11-06 10:27:44.120 21126 21160 W System.err: 	at sun.nio.ch.DatagramChannelImpl.send(DatagramChannelImpl.java:550)
11-06 10:27:44.120 21126 21160 W System.err: 	at sun.nio.ch.DatagramChannelImpl.send(DatagramChannelImpl.java:514)
11-06 10:27:44.120 21126 21160 W System.err: 	at symlab.CloudAR.network.TransmissionTask.run(TransmissionTask.java:124)
11-06 10:27:44.120 21126 21160 W System.err: 	at android.os.Handler.handleCallback(Handler.java:907)
11-06 10:27:44.120 21126 21160 W System.err: 	at android.os.Handler.dispatchMessage(Handler.java:105)
11-06 10:27:44.120 21126 21160 W System.err: 	at android.os.Looper.loop(Looper.java:216)
11-06 10:27:44.120 21126 21160 W System.err: 	at android.os.HandlerThread.run(HandlerThread.java:65)
11-06 10:27:44.157 21126 21160 W System.err: java.net.SocketException: Message too long
11-06 10:27:44.157 21126 21160 W System.err: 	at sun.nio.ch.DatagramChannelImpl.send0(Native Method)
11-06 10:27:44.157 21126 21160 W System.err: 	at sun.nio.ch.DatagramChannelImpl.sendFromNativeBuffer(DatagramChannelImpl.java:573)
11-06 10:27:44.157 21126 21160 W System.err: 	at sun.nio.ch.DatagramChannelImpl.send(DatagramChannelImpl.java:550)
11-06 10:27:44.158 21126 21160 W System.err: 	at sun.nio.ch.DatagramChannelImpl.send(DatagramChannelImpl.java:514)
11-06 10:27:44.158 21126 21160 W System.err: 	at symlab.CloudAR.network.TransmissionTask.run(TransmissionTask.java:124)
11-06 10:27:44.158 21126 21160 W System.err: 	at android.os.Handler.handleCallback(Handler.java:907)
11-06 10:27:44.158 21126 21160 W System.err: 	at android.os.Handler.dispatchMessage(Handler.java:105)
11-06 10:27:44.158 21126 21160 W System.err: 	at android.os.Looper.loop(Looper.java:216)
11-06 10:27:44.158 21126 21160 W System.err: 	at android.os.HandlerThread.run(HandlerThread.java:65)
11-06 10:27:44.208 21126 21160 W System.err: java.net.SocketException: Message too long
11-06 10:27:44.208 21126 21160 W System.err: 	at sun.nio.ch.DatagramChannelImpl.send0(Native Method)
11-06 10:27:44.208 21126 21160 W System.err: 	at sun.nio.ch.DatagramChannelImpl.sendFromNativeBuffer(DatagramChannelImpl.java:573)
11-06 10:27:44.208 21126 21160 W System.err: 	at sun.nio.ch.DatagramChannelImpl.send(DatagramChannelImpl.java:550)
11-06 10:27:44.208 21126 21160 W System.err: 	at sun.nio.ch.DatagramChannelImpl.send(DatagramChannelImpl.java:514)
11-06 10:27:44.208 21126 21160 W System.err: 	at symlab.CloudAR.network.TransmissionTask.run(TransmissionTask.java:124)
11-06 10:27:44.208 21126 21160 W System.err: 	at android.os.Handler.handleCallback(Handler.java:907)
11-06 10:27:44.208 21126 21160 W System.err: 	at android.os.Handler.dispatchMessage(Handler.java:105)
11-06 10:27:44.208 21126 21160 W System.err: 	at android.os.Looper.loop(Looper.java:216)
11-06 10:27:44.208 21126 21160 W System.err: 	at android.os.HandlerThread.run(HandlerThread.java:65)
11-06 10:27:44.226 21126 21160 W System.err: java.net.SocketException: Message too long
11-06 10:27:44.226 21126 21160 W System.err: 	at sun.nio.ch.DatagramChannelImpl.send0(Native Method)
11-06 10:27:44.226 21126 21160 W System.err: 	at sun.nio.ch.DatagramChannelImpl.sendFromNativeBuffer(DatagramChannelImpl.java:573)
11-06 10:27:44.226 21126 21160 W System.err: 	at sun.nio.ch.DatagramChannelImpl.send(DatagramChannelImpl.java:550)
11-06 10:27:44.226 21126 21160 W System.err: 	at sun.nio.ch.DatagramChannelImpl.send(DatagramChannelImpl.java:514)
11-06 10:27:44.226 21126 21160 W System.err: 	at symlab.CloudAR.network.TransmissionTask.run(TransmissionTask.java:124)
11-06 10:27:44.226 21126 21160 W System.err: 	at android.os.Handler.handleCallback(Handler.java:907)
11-06 10:27:44.226 21126 21160 W System.err: 	at android.os.Handler.dispatchMessage(Handler.java:105)
11-06 10:27:44.226 21126 21160 W System.err: 	at android.os.Looper.loop(Looper.java:216)
11-06 10:27:44.226 21126 21160 W System.err: 	at android.os.HandlerThread.run(HandlerThread.java:65)
11-06 10:27:44.262 21126 21160 W System.err: java.net.SocketException: Message too long
11-06 10:27:44.262 21126 21160 W System.err: 	at sun.nio.ch.DatagramChannelImpl.send0(Native Method)
11-06 10:27:44.262 21126 21160 W System.err: 	at sun.nio.ch.DatagramChannelImpl.sendFromNativeBuffer(DatagramChannelImpl.java:573)
11-06 10:27:44.262 21126 21160 W System.err: 	at sun.nio.ch.DatagramChannelImpl.send(DatagramChannelImpl.java:550)
11-06 10:27:44.262 21126 21160 W System.err: 	at sun.nio.ch.DatagramChannelImpl.send(DatagramChannelImpl.java:514)
11-06 10:27:44.262 21126 21160 W System.err: 	at symlab.CloudAR.network.TransmissionTask.run(TransmissionTask.java:124)
11-06 10:27:44.262 21126 21160 W System.err: 	at android.os.Handler.handleCallback(Handler.java:907)
11-06 10:27:44.262 21126 21160 W System.err: 	at android.os.Handler.dispatchMessage(Handler.java:105)
11-06 10:27:44.262 21126 21160 W System.err: 	at android.os.Looper.loop(Looper.java:216)
11-06 10:27:44.262 21126 21160 W System.err: 	at android.os.HandlerThread.run(HandlerThread.java:65)
11-06 10:27:44.288 21126 21160 W System.err: java.net.SocketException: Message too long
11-06 10:27:44.288 21126 21160 W System.err: 	at sun.nio.ch.DatagramChannelImpl.send0(Native Method)
11-06 10:27:44.288 21126 21160 W System.err: 	at sun.nio.ch.DatagramChannelImpl.sendFromNativeBuffer(DatagramChannelImpl.java:573)
11-06 10:27:44.288 21126 21160 W System.err: 	at sun.nio.ch.DatagramChannelImpl.send(DatagramChannelImpl.java:550)
11-06 10:27:44.288 21126 21160 W System.err: 	at sun.nio.ch.DatagramChannelImpl.send(DatagramChannelImpl.java:514)
11-06 10:27:44.288 21126 21160 W System.err: 	at symlab.CloudAR.network.TransmissionTask.run(TransmissionTask.java:124)
11-06 10:27:44.288 21126 21160 W System.err: 	at android.os.Handler.handleCallback(Handler.java:907)
11-06 10:27:44.288 21126 21160 W System.err: 	at android.os.Handler.dispatchMessage(Handler.java:105)
11-06 10:27:44.288 21126 21160 W System.err: 	at android.os.Looper.loop(Looper.java:216)
11-06 10:27:44.288 21126 21160 W System.err: 	at android.os.HandlerThread.run(HandlerThread.java:65)
11-06 10:27:44.325 21126 21160 W System.err: java.net.SocketException: Message too long
11-06 10:27:44.325 21126 21160 W System.err: 	at sun.nio.ch.DatagramChannelImpl.send0(Native Method)
11-06 10:27:44.325 21126 21160 W System.err: 	at sun.nio.ch.DatagramChannelImpl.sendFromNativeBuffer(DatagramChannelImpl.java:573)
11-06 10:27:44.325 21126 21160 W System.err: 	at sun.nio.ch.DatagramChannelImpl.send(DatagramChannelImpl.java:550)
11-06 10:27:44.325 21126 21160 W System.err: 	at sun.nio.ch.DatagramChannelImpl.send(DatagramChannelImpl.java:514)
11-06 10:27:44.325 21126 21160 W System.err: 	at symlab.CloudAR.network.TransmissionTask.run(TransmissionTask.java:124)
11-06 10:27:44.325 21126 21160 W System.err: 	at android.os.Handler.handleCallback(Handler.java:907)
11-06 10:27:44.325 21126 21160 W System.err: 	at android.os.Handler.dispatchMessage(Handler.java:105)
11-06 10:27:44.325 21126 21160 W System.err: 	at android.os.Looper.loop(Looper.java:216)
11-06 10:27:44.325 21126 21160 W System.err: 	at android.os.HandlerThread.run(HandlerThread.java:65)
11-06 10:27:44.448 21126 21160 D Evaluation: Frame 31 sent at 1573028864448
11-06 10:27:44.478 21126 21160 D Evaluation: Frame 33 sent at 1573028864478
11-06 10:27:44.496 21126 21160 D Evaluation: Frame 33 sent at 1573028864496
11-06 10:27:44.531 21126 21160 D Evaluation: Frame 34 sent at 1573028864531
11-06 10:27:44.551 21126 21160 D Evaluation: Frame 35 sent at 1573028864551
11-06 10:27:44.591 21126 21160 W System.err: java.net.SocketException: Message too long
11-06 10:27:44.591 21126 21160 W System.err: 	at sun.nio.ch.DatagramChannelImpl.send0(Native Method)
11-06 10:27:44.591 21126 21160 W System.err: 	at sun.nio.ch.DatagramChannelImpl.sendFromNativeBuffer(DatagramChannelImpl.java:573)
11-06 10:27:44.591 21126 21160 W System.err: 	at sun.nio.ch.DatagramChannelImpl.send(DatagramChannelImpl.java:550)
11-06 10:27:44.591 21126 21160 W System.err: 	at sun.nio.ch.DatagramChannelImpl.send(DatagramChannelImpl.java:514)
11-06 10:27:44.591 21126 21160 W System.err: 	at symlab.CloudAR.network.TransmissionTask.run(TransmissionTask.java:124)
11-06 10:27:44.591 21126 21160 W System.err: 	at android.os.Handler.handleCallback(Handler.java:907)
11-06 10:27:44.591 21126 21160 W System.err: 	at android.os.Handler.dispatchMessage(Handler.java:105)
11-06 10:27:44.591 21126 21160 W System.err: 	at android.os.Looper.loop(Looper.java:216)
11-06 10:27:44.591 21126 21160 W System.err: 	at android.os.HandlerThread.run(HandlerThread.java:65)
11-06 10:27:44.626 21126 21160 W System.err: java.net.SocketException: Message too long
11-06 10:27:44.626 21126 21160 W System.err: 	at sun.nio.ch.DatagramChannelImpl.send0(Native Method)
11-06 10:27:44.626 21126 21160 W System.err: 	at sun.nio.ch.DatagramChannelImpl.sendFromNativeBuffer(DatagramChannelImpl.java:573)
11-06 10:27:44.626 21126 21160 W System.err: 	at sun.nio.ch.DatagramChannelImpl.send(DatagramChannelImpl.java:550)
11-06 10:27:44.626 21126 21160 W System.err: 	at sun.nio.ch.DatagramChannelImpl.send(DatagramChannelImpl.java:514)
11-06 10:27:44.626 21126 21160 W System.err: 	at symlab.CloudAR.network.TransmissionTask.run(TransmissionTask.java:124)
11-06 10:27:44.626 21126 21160 W System.err: 	at android.os.Handler.handleCallback(Handler.java:907)
11-06 10:27:44.626 21126 21160 W System.err: 	at android.os.Handler.dispatchMessage(Handler.java:105)
11-06 10:27:44.626 21126 21160 W System.err: 	at android.os.Looper.loop(Looper.java:216)
11-06 10:27:44.626 21126 21160 W System.err: 	at android.os.HandlerThread.run(HandlerThread.java:65)
11-06 10:27:44.676 21126 21160 D Evaluation: Frame 39 sent at 1573028864676
11-06 10:27:44.696 21126 21160 D Evaluation: Frame 39 sent at 1573028864696
11-06 10:27:44.697 21126 21160 D Evaluation: 4 res for frame 31 received at 1573028864697
11-06 10:27:44.725 21126 21160 W System.err: java.net.SocketException: Message too long
11-06 10:27:44.725 21126 21160 W System.err: 	at sun.nio.ch.DatagramChannelImpl.send0(Native Method)
11-06 10:27:44.726 21126 21160 W System.err: 	at sun.nio.ch.DatagramChannelImpl.sendFromNativeBuffer(DatagramChannelImpl.java:573)
11-06 10:27:44.726 21126 21160 W System.err: 	at sun.nio.ch.DatagramChannelImpl.send(DatagramChannelImpl.java:550)
11-06 10:27:44.726 21126 21160 W System.err: 	at sun.nio.ch.DatagramChannelImpl.send(DatagramChannelImpl.java:514)
11-06 10:27:44.726 21126 21160 W System.err: 	at symlab.CloudAR.network.TransmissionTask.run(TransmissionTask.java:124)
11-06 10:27:44.726 21126 21160 W System.err: 	at android.os.Handler.handleCallback(Handler.java:907)
11-06 10:27:44.726 21126 21160 W System.err: 	at android.os.Handler.dispatchMessage(Handler.java:105)
11-06 10:27:44.726 21126 21160 W System.err: 	at android.os.Looper.loop(Looper.java:216)
11-06 10:27:44.726 21126 21160 W System.err: 	at android.os.HandlerThread.run(HandlerThread.java:65)
11-06 10:27:44.757 21126 21160 D Evaluation: Frame 41 sent at 1573028864757
11-06 10:27:44.832 21126 21137 E         : [ZeroHung]zrhung_get_config: Get config failed for wp[0x0008]
11-06 10:27:44.833 21126 21160 W System.err: java.net.SocketException: Message too long
11-06 10:27:44.833 21126 21160 W System.err: 	at sun.nio.ch.DatagramChannelImpl.send0(Native Method)
11-06 10:27:44.833 21126 21160 W System.err: 	at sun.nio.ch.DatagramChannelImpl.sendFromNativeBuffer(DatagramChannelImpl.java:573)
11-06 10:27:44.833 21126 21160 W System.err: 	at sun.nio.ch.DatagramChannelImpl.send(DatagramChannelImpl.java:550)
11-06 10:27:44.833 21126 21160 W System.err: 	at sun.nio.ch.DatagramChannelImpl.send(DatagramChannelImpl.java:514)
11-06 10:27:44.833 21126 21160 W System.err: 	at symlab.CloudAR.network.TransmissionTask.run(TransmissionTask.java:124)
11-06 10:27:44.833 21126 21160 W System.err: 	at android.os.Handler.handleCallback(Handler.java:907)
11-06 10:27:44.833 21126 21160 W System.err: 	at android.os.Handler.dispatchMessage(Handler.java:105)
11-06 10:27:44.833 21126 21160 W System.err: 	at android.os.Looper.loop(Looper.java:216)
11-06 10:27:44.833 21126 21160 W System.err: 	at android.os.HandlerThread.run(HandlerThread.java:65)
11-06 10:27:44.859 21126 21135 W System  : A resource failed to call close. 
11-06 10:27:44.859 21126 21135 W System  : A resource failed to call close. 
11-06 10:27:44.860 21126 21135 W System  : A resource failed to call close. 
11-06 10:27:44.860 21126 21135 W System  : A resource failed to call close. 
11-06 10:27:44.871 21126 21160 W System.err: java.net.SocketException: Message too long
11-06 10:27:44.872 21126 21160 W System.err: 	at sun.nio.ch.DatagramChannelImpl.send0(Native Method)
11-06 10:27:44.872 21126 21160 W System.err: 	at sun.nio.ch.DatagramChannelImpl.sendFromNativeBuffer(DatagramChannelImpl.java:573)
11-06 10:27:44.872 21126 21160 W System.err: 	at sun.nio.ch.DatagramChannelImpl.send(DatagramChannelImpl.java:550)
11-06 10:27:44.872 21126 21160 W System.err: 	at sun.nio.ch.DatagramChannelImpl.send(DatagramChannelImpl.java:514)
11-06 10:27:44.872 21126 21160 W System.err: 	at symlab.CloudAR.network.TransmissionTask.run(TransmissionTask.java:124)
11-06 10:27:44.872 21126 21160 W System.err: 	at android.os.Handler.handleCallback(Handler.java:907)
11-06 10:27:44.872 21126 21160 W System.err: 	at android.os.Handler.dispatchMessage(Handler.java:105)
11-06 10:27:44.872 21126 21160 W System.err: 	at android.os.Looper.loop(Looper.java:216)
11-06 10:27:44.872 21126 21160 W System.err: 	at android.os.HandlerThread.run(HandlerThread.java:65)
11-06 10:27:44.893 21126 21160 W System.err: java.net.SocketException: Message too long
11-06 10:27:44.894 21126 21160 W System.err: 	at sun.nio.ch.DatagramChannelImpl.send0(Native Method)
11-06 10:27:44.894 21126 21160 W System.err: 	at sun.nio.ch.DatagramChannelImpl.sendFromNativeBuffer(DatagramChannelImpl.java:573)
11-06 10:27:44.894 21126 21160 W System.err: 	at sun.nio.ch.DatagramChannelImpl.send(DatagramChannelImpl.java:550)
11-06 10:27:44.894 21126 21160 W System.err: 	at sun.nio.ch.DatagramChannelImpl.send(DatagramChannelImpl.java:514)
11-06 10:27:44.894 21126 21160 W System.err: 	at symlab.CloudAR.network.TransmissionTask.run(TransmissionTask.java:124)
11-06 10:27:44.894 21126 21160 W System.err: 	at android.os.Handler.handleCallback(Handler.java:907)
11-06 10:27:44.894 21126 21160 W System.err: 	at android.os.Handler.dispatchMessage(Handler.java:105)
11-06 10:27:44.894 21126 21160 W System.err: 	at android.os.Looper.loop(Looper.java:216)
11-06 10:27:44.894 21126 21160 W System.err: 	at android.os.HandlerThread.run(HandlerThread.java:65)
11-06 10:27:44.927 21126 21160 D Evaluation: Frame 45 sent at 1573028864927
11-06 10:27:44.929 21126 21160 D Evaluation: 5 res for frame 33 received at 1573028864929
11-06 10:27:44.962 21126 21160 D Evaluation: Frame 46 sent at 1573028864962
11-06 10:27:45.006 21126 21160 W System.err: java.net.SocketException: Message too long
11-06 10:27:45.006 21126 21160 W System.err: 	at sun.nio.ch.DatagramChannelImpl.send0(Native Method)
11-06 10:27:45.006 21126 21160 W System.err: 	at sun.nio.ch.DatagramChannelImpl.sendFromNativeBuffer(DatagramChannelImpl.java:573)
11-06 10:27:45.006 21126 21160 W System.err: 	at sun.nio.ch.DatagramChannelImpl.send(DatagramChannelImpl.java:550)
11-06 10:27:45.006 21126 21160 W System.err: 	at sun.nio.ch.DatagramChannelImpl.send(DatagramChannelImpl.java:514)
11-06 10:27:45.006 21126 21160 W System.err: 	at symlab.CloudAR.network.TransmissionTask.run(TransmissionTask.java:124)
11-06 10:27:45.006 21126 21160 W System.err: 	at android.os.Handler.handleCallback(Handler.java:907)
11-06 10:27:45.006 21126 21160 W System.err: 	at android.os.Handler.dispatchMessage(Handler.java:105)
11-06 10:27:45.006 21126 21160 W System.err: 	at android.os.Looper.loop(Looper.java:216)
11-06 10:27:45.006 21126 21160 W System.err: 	at android.os.HandlerThread.run(HandlerThread.java:65)
11-06 10:27:45.037 21126 21160 D Evaluation: Frame 48 sent at 1573028865037
11-06 10:27:45.059 21126 21160 D Evaluation: Frame 49 sent at 1573028865059
11-06 10:27:45.083 21126 21160 D Evaluation: Frame 50 sent at 1573028865083
11-06 10:27:45.125 21126 21160 D Evaluation: Frame 51 sent at 1573028865125
11-06 10:27:45.160 21126 21160 D Evaluation: Frame 52 sent at 1573028865160
11-06 10:27:45.197 21126 21160 D Evaluation: Frame 53 sent at 1573028865197
11-06 10:27:45.229 21126 21160 D Evaluation: Frame 54 sent at 1573028865229
11-06 10:27:45.262 21126 21160 D Evaluation: Frame 55 sent at 1573028865262
11-06 10:27:45.296 21126 21160 D Evaluation: Frame 56 sent at 1573028865296
11-06 10:27:45.332 21126 21160 D Evaluation: Frame 57 sent at 1573028865332
11-06 10:27:45.353 21126 21126 D stylus  : init stylus touchlistener.
11-06 10:27:45.359 21126 21126 W Settings: Setting device_provisioned has moved from android.provider.Settings.Secure to android.provider.Settings.Global.
11-06 10:27:45.359 21126 21126 V HiTouch_HiTouchSensor: User setup is finished.
11-06 10:27:45.380 21126 21160 D Evaluation: Frame 59 sent at 1573028865380
11-06 10:27:45.401 21126 21160 D Evaluation: Frame 59 sent at 1573028865401
11-06 10:27:45.426 21126 21160 D Evaluation: Frame 60 sent at 1573028865426
11-06 10:27:45.464 21126 21160 D Evaluation: Frame 61 sent at 1573028865464
11-06 10:27:45.466 21126 21126 W HiTouch_PressGestureDetector: Touch pointer move a lot. The moving distance of X is:32.71045, limit is:60The moving distance of Y is:70.86244, limit is:60
11-06 10:27:45.497 21126 21160 D Evaluation: Frame 62 sent at 1573028865497
11-06 10:27:45.530 21126 21160 D Evaluation: Frame 63 sent at 1573028865530
11-06 10:27:45.562 21126 21160 D Evaluation: Frame 64 sent at 1573028865561
11-06 10:27:45.591 21126 21160 D Evaluation: Frame 65 sent at 1573028865591
11-06 10:27:45.622 21126 21160 D Evaluation: Frame 66 sent at 1573028865622
11-06 10:27:45.657 21126 21160 W System.err: java.net.SocketException: Message too long
11-06 10:27:45.657 21126 21160 W System.err: 	at sun.nio.ch.DatagramChannelImpl.send0(Native Method)
11-06 10:27:45.657 21126 21160 W System.err: 	at sun.nio.ch.DatagramChannelImpl.sendFromNativeBuffer(DatagramChannelImpl.java:573)
11-06 10:27:45.657 21126 21160 W System.err: 	at sun.nio.ch.DatagramChannelImpl.send(DatagramChannelImpl.java:550)
11-06 10:27:45.657 21126 21160 W System.err: 	at sun.nio.ch.DatagramChannelImpl.send(DatagramChannelImpl.java:514)
11-06 10:27:45.657 21126 21160 W System.err: 	at symlab.CloudAR.network.TransmissionTask.run(TransmissionTask.java:124)
11-06 10:27:45.657 21126 21160 W System.err: 	at android.os.Handler.handleCallback(Handler.java:907)
11-06 10:27:45.657 21126 21160 W System.err: 	at android.os.Handler.dispatchMessage(Handler.java:105)
11-06 10:27:45.657 21126 21160 W System.err: 	at android.os.Looper.loop(Looper.java:216)
11-06 10:27:45.657 21126 21160 W System.err: 	at android.os.HandlerThread.run(HandlerThread.java:65)
11-06 10:27:45.694 21126 21160 W System.err: java.net.SocketException: Message too long
11-06 10:27:45.694 21126 21160 W System.err: 	at sun.nio.ch.DatagramChannelImpl.send0(Native Method)
11-06 10:27:45.694 21126 21160 W System.err: 	at sun.nio.ch.DatagramChannelImpl.sendFromNativeBuffer(DatagramChannelImpl.java:573)
11-06 10:27:45.694 21126 21160 W System.err: 	at sun.nio.ch.DatagramChannelImpl.send(DatagramChannelImpl.java:550)
11-06 10:27:45.694 21126 21160 W System.err: 	at sun.nio.ch.DatagramChannelImpl.send(DatagramChannelImpl.java:514)
11-06 10:27:45.694 21126 21160 W System.err: 	at symlab.CloudAR.network.TransmissionTask.run(TransmissionTask.java:124)
11-06 10:27:45.694 21126 21160 W System.err: 	at android.os.Handler.handleCallback(Handler.java:907)
11-06 10:27:45.694 21126 21160 W System.err: 	at android.os.Handler.dispatchMessage(Handler.java:105)
11-06 10:27:45.694 21126 21160 W System.err: 	at android.os.Looper.loop(Looper.java:216)
11-06 10:27:45.694 21126 21160 W System.err: 	at android.os.HandlerThread.run(HandlerThread.java:65)
11-06 10:27:45.761 21126 21160 D Evaluation: Frame 69 sent at 1573028865761
11-06 10:27:45.797 21126 21160 W System.err: java.net.SocketException: Message too long
11-06 10:27:45.798 21126 21160 W System.err: 	at sun.nio.ch.DatagramChannelImpl.send0(Native Method)
11-06 10:27:45.798 21126 21160 W System.err: 	at sun.nio.ch.DatagramChannelImpl.sendFromNativeBuffer(DatagramChannelImpl.java:573)
11-06 10:27:45.798 21126 21160 W System.err: 	at sun.nio.ch.DatagramChannelImpl.send(DatagramChannelImpl.java:550)
11-06 10:27:45.798 21126 21160 W System.err: 	at sun.nio.ch.DatagramChannelImpl.send(DatagramChannelImpl.java:514)
11-06 10:27:45.798 21126 21160 W System.err: 	at symlab.CloudAR.network.TransmissionTask.run(TransmissionTask.java:124)
11-06 10:27:45.798 21126 21160 W System.err: 	at android.os.Handler.handleCallback(Handler.java:907)
11-06 10:27:45.798 21126 21160 W System.err: 	at android.os.Handler.dispatchMessage(Handler.java:105)
11-06 10:27:45.798 21126 21160 W System.err: 	at android.os.Looper.loop(Looper.java:216)
11-06 10:27:45.798 21126 21160 W System.err: 	at android.os.HandlerThread.run(HandlerThread.java:65)
11-06 10:27:45.836 21126 21160 W System.err: java.net.SocketException: Message too long
11-06 10:27:45.836 21126 21160 W System.err: 	at sun.nio.ch.DatagramChannelImpl.send0(Native Method)
11-06 10:27:45.836 21126 21160 W System.err: 	at sun.nio.ch.DatagramChannelImpl.sendFromNativeBuffer(DatagramChannelImpl.java:573)
11-06 10:27:45.836 21126 21160 W System.err: 	at sun.nio.ch.DatagramChannelImpl.send(DatagramChannelImpl.java:550)
11-06 10:27:45.836 21126 21160 W System.err: 	at sun.nio.ch.DatagramChannelImpl.send(DatagramChannelImpl.java:514)
11-06 10:27:45.836 21126 21160 W System.err: 	at symlab.CloudAR.network.TransmissionTask.run(TransmissionTask.java:124)
11-06 10:27:45.836 21126 21160 W System.err: 	at android.os.Handler.handleCallback(Handler.java:907)
11-06 10:27:45.836 21126 21160 W System.err: 	at android.os.Handler.dispatchMessage(Handler.java:105)
11-06 10:27:45.836 21126 21160 W System.err: 	at android.os.Looper.loop(Looper.java:216)
11-06 10:27:45.836 21126 21160 W System.err: 	at android.os.HandlerThread.run(HandlerThread.java:65)
11-06 10:27:45.862 21126 21160 W System.err: java.net.SocketException: Message too long
11-06 10:27:45.863 21126 21160 W System.err: 	at sun.nio.ch.DatagramChannelImpl.send0(Native Method)
11-06 10:27:45.863 21126 21160 W System.err: 	at sun.nio.ch.DatagramChannelImpl.sendFromNativeBuffer(DatagramChannelImpl.java:573)
11-06 10:27:45.863 21126 21160 W System.err: 	at sun.nio.ch.DatagramChannelImpl.send(DatagramChannelImpl.java:550)
11-06 10:27:45.863 21126 21160 W System.err: 	at sun.nio.ch.DatagramChannelImpl.send(DatagramChannelImpl.java:514)
11-06 10:27:45.863 21126 21160 W System.err: 	at symlab.CloudAR.network.TransmissionTask.run(TransmissionTask.java:124)
11-06 10:27:45.863 21126 21160 W System.err: 	at android.os.Handler.handleCallback(Handler.java:907)
11-06 10:27:45.863 21126 21160 W System.err: 	at android.os.Handler.dispatchMessage(Handler.java:105)
11-06 10:27:45.863 21126 21160 W System.err: 	at android.os.Looper.loop(Looper.java:216)
11-06 10:27:45.863 21126 21160 W System.err: 	at android.os.HandlerThread.run(HandlerThread.java:65)
11-06 10:27:45.895 21126 21137 E         : [ZeroHung]zrhung_get_config: Get config failed for wp[0x0008]
11-06 10:27:45.896 21126 21160 D Evaluation: Frame 73 sent at 1573028865896
11-06 10:27:45.913 21126 21135 W System  : A resource failed to call close. 
11-06 10:27:45.914 21126 21135 W System  : A resource failed to call close. 
11-06 10:27:45.928 21126 21160 W System.err: java.net.SocketException: Message too long
11-06 10:27:45.928 21126 21160 W System.err: 	at sun.nio.ch.DatagramChannelImpl.send0(Native Method)
11-06 10:27:45.928 21126 21160 W System.err: 	at sun.nio.ch.DatagramChannelImpl.sendFromNativeBuffer(DatagramChannelImpl.java:573)
11-06 10:27:45.928 21126 21160 W System.err: 	at sun.nio.ch.DatagramChannelImpl.send(DatagramChannelImpl.java:550)
11-06 10:27:45.928 21126 21160 W System.err: 	at sun.nio.ch.DatagramChannelImpl.send(DatagramChannelImpl.java:514)
11-06 10:27:45.928 21126 21160 W System.err: 	at symlab.CloudAR.network.TransmissionTask.run(TransmissionTask.java:124)
11-06 10:27:45.928 21126 21160 W System.err: 	at android.os.Handler.handleCallback(Handler.java:907)
11-06 10:27:45.928 21126 21160 W System.err: 	at android.os.Handler.dispatchMessage(Handler.java:105)
11-06 10:27:45.928 21126 21160 W System.err: 	at android.os.Looper.loop(Looper.java:216)
11-06 10:27:45.928 21126 21160 W System.err: 	at android.os.HandlerThread.run(HandlerThread.java:65)
11-06 10:27:45.958 21126 21160 W System.err: java.net.SocketException: Message too long
11-06 10:27:45.959 21126 21160 W System.err: 	at sun.nio.ch.DatagramChannelImpl.send0(Native Method)
11-06 10:27:45.959 21126 21160 W System.err: 	at sun.nio.ch.DatagramChannelImpl.sendFromNativeBuffer(DatagramChannelImpl.java:573)
11-06 10:27:45.959 21126 21160 W System.err: 	at sun.nio.ch.DatagramChannelImpl.send(DatagramChannelImpl.java:550)
11-06 10:27:45.959 21126 21160 W System.err: 	at sun.nio.ch.DatagramChannelImpl.send(DatagramChannelImpl.java:514)
11-06 10:27:45.959 21126 21160 W System.err: 	at symlab.CloudAR.network.TransmissionTask.run(TransmissionTask.java:124)
11-06 10:27:45.959 21126 21160 W System.err: 	at android.os.Handler.handleCallback(Handler.java:907)
11-06 10:27:45.959 21126 21160 W System.err: 	at android.os.Handler.dispatchMessage(Handler.java:105)
11-06 10:27:45.959 21126 21160 W System.err: 	at android.os.Looper.loop(Looper.java:216)
11-06 10:27:45.959 21126 21160 W System.err: 	at android.os.HandlerThread.run(HandlerThread.java:65)
11-06 10:27:45.994 21126 21160 W System.err: java.net.SocketException: Message too long
11-06 10:27:45.995 21126 21160 W System.err: 	at sun.nio.ch.DatagramChannelImpl.send0(Native Method)
11-06 10:27:45.995 21126 21160 W System.err: 	at sun.nio.ch.DatagramChannelImpl.sendFromNativeBuffer(DatagramChannelImpl.java:573)
11-06 10:27:45.995 21126 21160 W System.err: 	at sun.nio.ch.DatagramChannelImpl.send(DatagramChannelImpl.java:550)
11-06 10:27:45.995 21126 21160 W System.err: 	at sun.nio.ch.DatagramChannelImpl.send(DatagramChannelImpl.java:514)
11-06 10:27:45.995 21126 21160 W System.err: 	at symlab.CloudAR.network.TransmissionTask.run(TransmissionTask.java:124)
11-06 10:27:45.995 21126 21160 W System.err: 	at android.os.Handler.handleCallback(Handler.java:907)
11-06 10:27:45.995 21126 21160 W System.err: 	at android.os.Handler.dispatchMessage(Handler.java:105)
11-06 10:27:45.995 21126 21160 W System.err: 	at android.os.Looper.loop(Looper.java:216)
11-06 10:27:45.995 21126 21160 W System.err: 	at android.os.HandlerThread.run(HandlerThread.java:65)
11-06 10:27:46.025 21126 21160 W System.err: java.net.SocketException: Message too long
11-06 10:27:46.025 21126 21160 W System.err: 	at sun.nio.ch.DatagramChannelImpl.send0(Native Method)
11-06 10:27:46.025 21126 21160 W System.err: 	at sun.nio.ch.DatagramChannelImpl.sendFromNativeBuffer(DatagramChannelImpl.java:573)
11-06 10:27:46.025 21126 21160 W System.err: 	at sun.nio.ch.DatagramChannelImpl.send(DatagramChannelImpl.java:550)
11-06 10:27:46.025 21126 21160 W System.err: 	at sun.nio.ch.DatagramChannelImpl.send(DatagramChannelImpl.java:514)
11-06 10:27:46.025 21126 21160 W System.err: 	at symlab.CloudAR.network.TransmissionTask.run(TransmissionTask.java:124)
11-06 10:27:46.025 21126 21160 W System.err: 	at android.os.Handler.handleCallback(Handler.java:907)
11-06 10:27:46.025 21126 21160 W System.err: 	at android.os.Handler.dispatchMessage(Handler.java:105)
11-06 10:27:46.025 21126 21160 W System.err: 	at android.os.Looper.loop(Looper.java:216)
11-06 10:27:46.025 21126 21160 W System.err: 	at android.os.HandlerThread.run(HandlerThread.java:65)
11-06 10:27:46.059 21126 21160 W System.err: java.net.SocketException: Message too long
11-06 10:27:46.059 21126 21160 W System.err: 	at sun.nio.ch.DatagramChannelImpl.send0(Native Method)
11-06 10:27:46.059 21126 21160 W System.err: 	at sun.nio.ch.DatagramChannelImpl.sendFromNativeBuffer(DatagramChannelImpl.java:573)
11-06 10:27:46.059 21126 21160 W System.err: 	at sun.nio.ch.DatagramChannelImpl.send(DatagramChannelImpl.java:550)
11-06 10:27:46.059 21126 21160 W System.err: 	at sun.nio.ch.DatagramChannelImpl.send(DatagramChannelImpl.java:514)
11-06 10:27:46.059 21126 21160 W System.err: 	at symlab.CloudAR.network.TransmissionTask.run(TransmissionTask.java:124)
11-06 10:27:46.059 21126 21160 W System.err: 	at android.os.Handler.handleCallback(Handler.java:907)
11-06 10:27:46.059 21126 21160 W System.err: 	at android.os.Handler.dispatchMessage(Handler.java:105)
11-06 10:27:46.059 21126 21160 W System.err: 	at android.os.Looper.loop(Looper.java:216)
11-06 10:27:46.059 21126 21160 W System.err: 	at android.os.HandlerThread.run(HandlerThread.java:65)
11-06 10:27:46.099 21126 21160 W System.err: java.net.SocketException: Message too long
11-06 10:27:46.100 21126 21160 W System.err: 	at sun.nio.ch.DatagramChannelImpl.send0(Native Method)
11-06 10:27:46.100 21126 21160 W System.err: 	at sun.nio.ch.DatagramChannelImpl.sendFromNativeBuffer(DatagramChannelImpl.java:573)
11-06 10:27:46.100 21126 21160 W System.err: 	at sun.nio.ch.DatagramChannelImpl.send(DatagramChannelImpl.java:550)
11-06 10:27:46.100 21126 21160 W System.err: 	at sun.nio.ch.DatagramChannelImpl.send(DatagramChannelImpl.java:514)
11-06 10:27:46.100 21126 21160 W System.err: 	at symlab.CloudAR.network.TransmissionTask.run(TransmissionTask.java:124)
11-06 10:27:46.100 21126 21160 W System.err: 	at android.os.Handler.handleCallback(Handler.java:907)
11-06 10:27:46.100 21126 21160 W System.err: 	at android.os.Handler.dispatchMessage(Handler.java:105)
11-06 10:27:46.100 21126 21160 W System.err: 	at android.os.Looper.loop(Looper.java:216)
11-06 10:27:46.100 21126 21160 W System.err: 	at android.os.HandlerThread.run(HandlerThread.java:65)
11-06 10:27:46.128 21126 21160 W System.err: java.net.SocketException: Message too long
11-06 10:27:46.128 21126 21160 W System.err: 	at sun.nio.ch.DatagramChannelImpl.send0(Native Method)
11-06 10:27:46.128 21126 21160 W System.err: 	at sun.nio.ch.DatagramChannelImpl.sendFromNativeBuffer(DatagramChannelImpl.java:573)
11-06 10:27:46.128 21126 21160 W System.err: 	at sun.nio.ch.DatagramChannelImpl.send(DatagramChannelImpl.java:550)
11-06 10:27:46.128 21126 21160 W System.err: 	at sun.nio.ch.DatagramChannelImpl.send(DatagramChannelImpl.java:514)
11-06 10:27:46.128 21126 21160 W System.err: 	at symlab.CloudAR.network.TransmissionTask.run(TransmissionTask.java:124)
11-06 10:27:46.129 21126 21160 W System.err: 	at android.os.Handler.handleCallback(Handler.java:907)
11-06 10:27:46.129 21126 21160 W System.err: 	at android.os.Handler.dispatchMessage(Handler.java:105)
11-06 10:27:46.129 21126 21160 W System.err: 	at android.os.Looper.loop(Looper.java:216)
11-06 10:27:46.129 21126 21160 W System.err: 	at android.os.HandlerThread.run(HandlerThread.java:65)
11-06 10:27:46.160 21126 21160 W System.err: java.net.SocketException: Message too long
11-06 10:27:46.160 21126 21160 W System.err: 	at sun.nio.ch.DatagramChannelImpl.send0(Native Method)
11-06 10:27:46.160 21126 21160 W System.err: 	at sun.nio.ch.DatagramChannelImpl.sendFromNativeBuffer(DatagramChannelImpl.java:573)
11-06 10:27:46.160 21126 21160 W System.err: 	at sun.nio.ch.DatagramChannelImpl.send(DatagramChannelImpl.java:550)
11-06 10:27:46.160 21126 21160 W System.err: 	at sun.nio.ch.DatagramChannelImpl.send(DatagramChannelImpl.java:514)
11-06 10:27:46.160 21126 21160 W System.err: 	at symlab.CloudAR.network.TransmissionTask.run(TransmissionTask.java:124)
11-06 10:27:46.160 21126 21160 W System.err: 	at android.os.Handler.handleCallback(Handler.java:907)
11-06 10:27:46.160 21126 21160 W System.err: 	at android.os.Handler.dispatchMessage(Handler.java:105)
11-06 10:27:46.160 21126 21160 W System.err: 	at android.os.Looper.loop(Looper.java:216)
11-06 10:27:46.160 21126 21160 W System.err: 	at android.os.HandlerThread.run(HandlerThread.java:65)
11-06 10:27:46.201 21126 21160 W System.err: java.net.SocketException: Message too long
11-06 10:27:46.201 21126 21160 W System.err: 	at sun.nio.ch.DatagramChannelImpl.send0(Native Method)
11-06 10:27:46.201 21126 21160 W System.err: 	at sun.nio.ch.DatagramChannelImpl.sendFromNativeBuffer(DatagramChannelImpl.java:573)
11-06 10:27:46.201 21126 21160 W System.err: 	at sun.nio.ch.DatagramChannelImpl.send(DatagramChannelImpl.java:550)
11-06 10:27:46.202 21126 21160 W System.err: 	at sun.nio.ch.DatagramChannelImpl.send(DatagramChannelImpl.java:514)
11-06 10:27:46.202 21126 21160 W System.err: 	at symlab.CloudAR.network.TransmissionTask.run(TransmissionTask.java:124)
11-06 10:27:46.202 21126 21160 W System.err: 	at android.os.Handler.handleCallback(Handler.java:907)
11-06 10:27:46.202 21126 21160 W System.err: 	at android.os.Handler.dispatchMessage(Handler.java:105)
11-06 10:27:46.202 21126 21160 W System.err: 	at android.os.Looper.loop(Looper.java:216)
11-06 10:27:46.202 21126 21160 W System.err: 	at android.os.HandlerThread.run(HandlerThread.java:65)
11-06 10:27:46.227 21126 21160 W System.err: java.net.SocketException: Message too long
11-06 10:27:46.227 21126 21160 W System.err: 	at sun.nio.ch.DatagramChannelImpl.send0(Native Method)
11-06 10:27:46.227 21126 21160 W System.err: 	at sun.nio.ch.DatagramChannelImpl.sendFromNativeBuffer(DatagramChannelImpl.java:573)
11-06 10:27:46.227 21126 21160 W System.err: 	at sun.nio.ch.DatagramChannelImpl.send(DatagramChannelImpl.java:550)
11-06 10:27:46.227 21126 21160 W System.err: 	at sun.nio.ch.DatagramChannelImpl.send(DatagramChannelImpl.java:514)
11-06 10:27:46.227 21126 21160 W System.err: 	at symlab.CloudAR.network.TransmissionTask.run(TransmissionTask.java:124)
11-06 10:27:46.227 21126 21160 W System.err: 	at android.os.Handler.handleCallback(Handler.java:907)
11-06 10:27:46.227 21126 21160 W System.err: 	at android.os.Handler.dispatchMessage(Handler.java:105)
11-06 10:27:46.227 21126 21160 W System.err: 	at android.os.Looper.loop(Looper.java:216)
11-06 10:27:46.227 21126 21160 W System.err: 	at android.os.HandlerThread.run(HandlerThread.java:65)
11-06 10:27:46.264 21126 21160 W System.err: java.net.SocketException: Message too long
11-06 10:27:46.264 21126 21160 W System.err: 	at sun.nio.ch.DatagramChannelImpl.send0(Native Method)
11-06 10:27:46.264 21126 21160 W System.err: 	at sun.nio.ch.DatagramChannelImpl.sendFromNativeBuffer(DatagramChannelImpl.java:573)
11-06 10:27:46.264 21126 21160 W System.err: 	at sun.nio.ch.DatagramChannelImpl.send(DatagramChannelImpl.java:550)
11-06 10:27:46.264 21126 21160 W System.err: 	at sun.nio.ch.DatagramChannelImpl.send(DatagramChannelImpl.java:514)
11-06 10:27:46.264 21126 21160 W System.err: 	at symlab.CloudAR.network.TransmissionTask.run(TransmissionTask.java:124)
11-06 10:27:46.264 21126 21160 W System.err: 	at android.os.Handler.handleCallback(Handler.java:907)
11-06 10:27:46.264 21126 21160 W System.err: 	at android.os.Handler.dispatchMessage(Handler.java:105)
11-06 10:27:46.264 21126 21160 W System.err: 	at android.os.Looper.loop(Looper.java:216)
11-06 10:27:46.264 21126 21160 W System.err: 	at android.os.HandlerThread.run(HandlerThread.java:65)
11-06 10:27:46.294 21126 21160 W System.err: java.net.SocketException: Message too long
11-06 10:27:46.294 21126 21160 W System.err: 	at sun.nio.ch.DatagramChannelImpl.send0(Native Method)
11-06 10:27:46.294 21126 21160 W System.err: 	at sun.nio.ch.DatagramChannelImpl.sendFromNativeBuffer(DatagramChannelImpl.java:573)
11-06 10:27:46.294 21126 21160 W System.err: 	at sun.nio.ch.DatagramChannelImpl.send(DatagramChannelImpl.java:550)
11-06 10:27:46.294 21126 21160 W System.err: 	at sun.nio.ch.DatagramChannelImpl.send(DatagramChannelImpl.java:514)
11-06 10:27:46.294 21126 21160 W System.err: 	at symlab.CloudAR.network.TransmissionTask.run(TransmissionTask.java:124)
11-06 10:27:46.294 21126 21160 W System.err: 	at android.os.Handler.handleCallback(Handler.java:907)
11-06 10:27:46.294 21126 21160 W System.err: 	at android.os.Handler.dispatchMessage(Handler.java:105)
11-06 10:27:46.294 21126 21160 W System.err: 	at android.os.Looper.loop(Looper.java:216)
11-06 10:27:46.294 21126 21160 W System.err: 	at android.os.HandlerThread.run(HandlerThread.java:65)
11-06 10:27:46.336 21126 21160 W System.err: java.net.SocketException: Message too long
11-06 10:27:46.336 21126 21160 W System.err: 	at sun.nio.ch.DatagramChannelImpl.send0(Native Method)
11-06 10:27:46.336 21126 21160 W System.err: 	at sun.nio.ch.DatagramChannelImpl.sendFromNativeBuffer(DatagramChannelImpl.java:573)
11-06 10:27:46.336 21126 21160 W System.err: 	at sun.nio.ch.DatagramChannelImpl.send(DatagramChannelImpl.java:550)
11-06 10:27:46.336 21126 21160 W System.err: 	at sun.nio.ch.DatagramChannelImpl.send(DatagramChannelImpl.java:514)
11-06 10:27:46.336 21126 21160 W System.err: 	at symlab.CloudAR.network.TransmissionTask.run(TransmissionTask.java:124)
11-06 10:27:46.336 21126 21160 W System.err: 	at android.os.Handler.handleCallback(Handler.java:907)
11-06 10:27:46.336 21126 21160 W System.err: 	at android.os.Handler.dispatchMessage(Handler.java:105)
11-06 10:27:46.336 21126 21160 W System.err: 	at android.os.Looper.loop(Looper.java:216)
11-06 10:27:46.336 21126 21160 W System.err: 	at android.os.HandlerThread.run(HandlerThread.java:65)
11-06 10:27:46.367 21126 21160 W System.err: java.net.SocketException: Message too long
11-06 10:27:46.368 21126 21160 W System.err: 	at sun.nio.ch.DatagramChannelImpl.send0(Native Method)
11-06 10:27:46.368 21126 21160 W System.err: 	at sun.nio.ch.DatagramChannelImpl.sendFromNativeBuffer(DatagramChannelImpl.java:573)
11-06 10:27:46.368 21126 21160 W System.err: 	at sun.nio.ch.DatagramChannelImpl.send(DatagramChannelImpl.java:550)
11-06 10:27:46.368 21126 21160 W System.err: 	at sun.nio.ch.DatagramChannelImpl.send(DatagramChannelImpl.java:514)
11-06 10:27:46.368 21126 21160 W System.err: 	at symlab.CloudAR.network.TransmissionTask.run(TransmissionTask.java:124)
11-06 10:27:46.368 21126 21160 W System.err: 	at android.os.Handler.handleCallback(Handler.java:907)
11-06 10:27:46.368 21126 21160 W System.err: 	at android.os.Handler.dispatchMessage(Handler.java:105)
11-06 10:27:46.368 21126 21160 W System.err: 	at android.os.Looper.loop(Looper.java:216)
11-06 10:27:46.368 21126 21160 W System.err: 	at android.os.HandlerThread.run(HandlerThread.java:65)
11-06 10:27:46.400 21126 21160 W System.err: java.net.SocketException: Message too long
11-06 10:27:46.400 21126 21160 W System.err: 	at sun.nio.ch.DatagramChannelImpl.send0(Native Method)
11-06 10:27:46.400 21126 21160 W System.err: 	at sun.nio.ch.DatagramChannelImpl.sendFromNativeBuffer(DatagramChannelImpl.java:573)
11-06 10:27:46.400 21126 21160 W System.err: 	at sun.nio.ch.DatagramChannelImpl.send(DatagramChannelImpl.java:550)
11-06 10:27:46.400 21126 21160 W System.err: 	at sun.nio.ch.DatagramChannelImpl.send(DatagramChannelImpl.java:514)
11-06 10:27:46.400 21126 21160 W System.err: 	at symlab.CloudAR.network.TransmissionTask.run(TransmissionTask.java:124)
11-06 10:27:46.400 21126 21160 W System.err: 	at android.os.Handler.handleCallback(Handler.java:907)
11-06 10:27:46.400 21126 21160 W System.err: 	at android.os.Handler.dispatchMessage(Handler.java:105)
11-06 10:27:46.400 21126 21160 W System.err: 	at android.os.Looper.loop(Looper.java:216)
11-06 10:27:46.400 21126 21160 W System.err: 	at android.os.HandlerThread.run(HandlerThread.java:65)
11-06 10:27:46.425 21126 21160 W System.err: java.net.SocketException: Message too long
11-06 10:27:46.425 21126 21160 W System.err: 	at sun.nio.ch.DatagramChannelImpl.send0(Native Method)
11-06 10:27:46.425 21126 21160 W System.err: 	at sun.nio.ch.DatagramChannelImpl.sendFromNativeBuffer(DatagramChannelImpl.java:573)
11-06 10:27:46.425 21126 21160 W System.err: 	at sun.nio.ch.DatagramChannelImpl.send(DatagramChannelImpl.java:550)
11-06 10:27:46.425 21126 21160 W System.err: 	at sun.nio.ch.DatagramChannelImpl.send(DatagramChannelImpl.java:514)
11-06 10:27:46.425 21126 21160 W System.err: 	at symlab.CloudAR.network.TransmissionTask.run(TransmissionTask.java:124)
11-06 10:27:46.425 21126 21160 W System.err: 	at android.os.Handler.handleCallback(Handler.java:907)
11-06 10:27:46.425 21126 21160 W System.err: 	at android.os.Handler.dispatchMessage(Handler.java:105)
11-06 10:27:46.425 21126 21160 W System.err: 	at android.os.Looper.loop(Looper.java:216)
11-06 10:27:46.425 21126 21160 W System.err: 	at android.os.HandlerThread.run(HandlerThread.java:65)
11-06 10:27:46.460 21126 21160 W System.err: java.net.SocketException: Message too long
11-06 10:27:46.460 21126 21160 W System.err: 	at sun.nio.ch.DatagramChannelImpl.send0(Native Method)
11-06 10:27:46.460 21126 21160 W System.err: 	at sun.nio.ch.DatagramChannelImpl.sendFromNativeBuffer(DatagramChannelImpl.java:573)
