11-06 13:16:14.673 13478 13512 D Evaluation: Frame 541 sent at 1573038974673
11-06 13:16:14.706 13478 13512 D Evaluation: Frame 542 sent at 1573038974706
11-06 13:16:14.744 13478 13512 D Evaluation: Frame 543 sent at 1573038974744
11-06 13:16:14.781 13478 13512 D Evaluation: Frame 544 sent at 1573038974781
11-06 13:16:14.819 13478 13512 D Evaluation: Frame 546 sent at 1573038974819
11-06 13:16:14.839 13478 13512 D Evaluation: Frame 546 sent at 1573038974839
11-06 13:16:14.935 13478 13512 D Evaluation: Frame 548 sent at 1573038974935
11-06 13:16:14.955 13478 13512 D Evaluation: Frame 548 sent at 1573038974955
11-06 13:16:14.987 13478 13512 D Evaluation: Frame 549 sent at 1573038974987
11-06 13:16:15.007 13478 13512 D Evaluation: Frame 550 sent at 1573038975007
11-06 13:16:15.049 13478 13512 D Evaluation: Frame 551 sent at 1573038975049
11-06 13:16:15.077 13478 13512 D Evaluation: Frame 552 sent at 1573038975077
11-06 13:16:15.123 13478 13512 D Evaluation: Frame 553 sent at 1573038975123
11-06 13:16:15.155 13478 13512 D Evaluation: Frame 554 sent at 1573038975155
11-06 13:16:15.191 13478 13512 D Evaluation: Frame 555 sent at 1573038975191
11-06 13:16:15.221 13478 13512 D Evaluation: Frame 556 sent at 1573038975221
11-06 13:16:15.252 13478 13512 D Evaluation: Frame 557 sent at 1573038975252
11-06 13:16:15.280 13478 13512 D Evaluation: Frame 558 sent at 1573038975280
11-06 13:16:15.323 13478 13512 D Evaluation: Frame 559 sent at 1573038975323
11-06 13:16:15.350 13478 13512 D Evaluation: Frame 560 sent at 1573038975350
11-06 13:16:15.388 13478 13512 D Evaluation: Frame 561 sent at 1573038975388
11-06 13:16:15.420 13478 13512 D Evaluation: Frame 562 sent at 1573038975420
11-06 13:16:15.422 13478 13512 D Evaluation: 1 res for frame 548 received at 1573038975422
11-06 13:16:15.461 13478 13512 D Evaluation: Frame 564 sent at 1573038975461
11-06 13:16:15.463 13478 13512 D Evaluation: 0 res for frame 548 received at 1573038975463
11-06 13:16:15.486 13478 13512 D Evaluation: Frame 564 sent at 1573038975486
11-06 13:16:15.524 13478 13512 D Evaluation: Frame 565 sent at 1573038975524
11-06 13:16:15.554 13478 13512 D Evaluation: Frame 566 sent at 1573038975554
11-06 13:16:15.585 13478 13512 D Evaluation: Frame 567 sent at 1573038975585
11-06 13:16:15.589 13478 13478 D Poster  : At 1573038975589 location is 65.05997943218449 (latitude), and 25.465613436297012 (longitude)
11-06 13:16:15.593 13478 13478 D Poster  : Connected to mobile network 20
11-06 13:16:15.623 13478 13512 D Evaluation: Frame 569 sent at 1573038975623
11-06 13:16:15.639 13478 13512 D Evaluation: Frame 569 sent at 1573038975639
11-06 13:16:15.676 13478 13512 D Evaluation: Frame 570 sent at 1573038975676
11-06 13:16:15.713 13478 13512 D Evaluation: Frame 571 sent at 1573038975713
11-06 13:16:15.750 13478 13512 D Evaluation: Frame 572 sent at 1573038975750
11-06 13:16:15.802 13478 13512 D Evaluation: Frame 573 sent at 1573038975802
11-06 13:16:15.836 13478 13512 D Evaluation: Frame 574 sent at 1573038975836
11-06 13:16:15.862 13478 13512 D Evaluation: Frame 575 sent at 1573038975862
11-06 13:16:15.890 13478 13512 D Evaluation: Frame 576 sent at 1573038975890
11-06 13:16:15.925 13478 13512 D Evaluation: Frame 577 sent at 1573038975925
11-06 13:16:15.950 13478 13512 D Evaluation: Frame 578 sent at 1573038975950
11-06 13:16:15.994 13478 13512 D Evaluation: Frame 579 sent at 1573038975994
11-06 13:16:16.021 13478 13512 D Evaluation: Frame 580 sent at 1573038976021
11-06 13:16:16.061 13478 13512 D Evaluation: Frame 581 sent at 1573038976061
11-06 13:16:16.094 13478 13512 D Evaluation: Frame 582 sent at 1573038976094
11-06 13:16:16.129 13478 13512 D Evaluation: Frame 583 sent at 1573038976129
11-06 13:16:16.154 13478 13512 D Evaluation: Frame 584 sent at 1573038976154
11-06 13:16:16.186 13478 13512 D Evaluation: Frame 585 sent at 1573038976186
11-06 13:16:16.222 13478 13512 D Evaluation: Frame 586 sent at 1573038976222
11-06 13:16:16.263 13478 13512 D Evaluation: Frame 587 sent at 1573038976263
11-06 13:16:16.297 13478 13512 D Evaluation: Frame 588 sent at 1573038976297
11-06 13:16:16.331 13478 13512 D Evaluation: Frame 589 sent at 1573038976331
11-06 13:16:16.353 13478 13512 D Evaluation: Frame 590 sent at 1573038976353
11-06 13:16:16.391 13478 13512 D Evaluation: Frame 591 sent at 1573038976391
11-06 13:16:16.426 13478 13512 D Evaluation: Frame 592 sent at 1573038976426
11-06 13:16:16.432 13478 13478 W HiTouch_PressGestureDetector: Touch pointer move a lot. The moving distance of X is:77.088135, limit is:60The moving distance of Y is:123.57036, limit is:60
11-06 13:16:16.467 13478 13512 D Evaluation: Frame 593 sent at 1573038976467
11-06 13:16:16.488 13478 13512 D Evaluation: Frame 594 sent at 1573038976488
11-06 13:16:16.523 13478 13512 D Evaluation: Frame 595 sent at 1573038976523
11-06 13:16:16.547 13478 13512 D Evaluation: Frame 596 sent at 1573038976547
11-06 13:16:16.585 13478 13478 D Poster  : At 1573038976585 location is 65.0599715769256 (latitude), and 25.46563754208699 (longitude)
11-06 13:16:16.587 13478 13478 D Poster  : Connected to mobile network 20
11-06 13:16:16.619 13478 13512 D Evaluation: Frame 597 sent at 1573038976619
11-06 13:16:16.644 13478 13512 D Evaluation: Frame 598 sent at 1573038976644
11-06 13:16:16.672 13478 13512 D Evaluation: Frame 599 sent at 1573038976672
11-06 13:16:16.706 13478 13512 D Evaluation: Frame 600 sent at 1573038976705
11-06 13:16:16.741 13478 13512 D Evaluation: Frame 601 sent at 1573038976741
11-06 13:16:16.779 13478 13512 D Evaluation: Frame 602 sent at 1573038976779
11-06 13:16:16.808 13478 13512 D Evaluation: Frame 603 sent at 1573038976808
11-06 13:16:16.843 13478 13512 D Evaluation: Frame 604 sent at 1573038976843
11-06 13:16:16.876 13478 13512 D Evaluation: Frame 605 sent at 1573038976876
11-06 13:16:16.912 13478 13512 D Evaluation: Frame 606 sent at 1573038976912
11-06 13:16:16.946 13478 13512 D Evaluation: Frame 607 sent at 1573038976946
11-06 13:16:16.973 13478 13512 D Evaluation: Frame 608 sent at 1573038976973
11-06 13:16:17.008 13478 13512 D Evaluation: Frame 609 sent at 1573038977008
11-06 13:16:17.059 13478 13512 D Evaluation: Frame 610 sent at 1573038977059
11-06 13:16:17.088 13478 13512 D Evaluation: Frame 611 sent at 1573038977088
11-06 13:16:17.112 13478 13512 D Evaluation: Frame 612 sent at 1573038977112
11-06 13:16:17.146 13478 13512 D Evaluation: Frame 613 sent at 1573038977146
11-06 13:16:17.175 13478 13512 D Evaluation: Frame 614 sent at 1573038977175
11-06 13:16:17.210 13478 13512 D Evaluation: Frame 615 sent at 1573038977210
11-06 13:16:17.245 13478 13512 D Evaluation: Frame 616 sent at 1573038977245
11-06 13:16:17.288 13478 13512 D Evaluation: Frame 617 sent at 1573038977288
11-06 13:16:17.313 13478 13512 D Evaluation: Frame 618 sent at 1573038977313
11-06 13:16:17.349 13478 13512 D Evaluation: Frame 619 sent at 1573038977349
11-06 13:16:17.379 13478 13512 D Evaluation: Frame 620 sent at 1573038977379
11-06 13:16:17.422 13478 13512 D Evaluation: Frame 621 sent at 1573038977422
11-06 13:16:17.455 13478 13489 E         : [ZeroHung]zrhung_get_config: Get config failed for wp[0x0008]
11-06 13:16:17.455 13478 13512 D Evaluation: Frame 622 sent at 1573038977455
11-06 13:16:17.474 13478 13487 W System  : A resource failed to call close. 
11-06 13:16:17.475 13478 13487 I chatty  : uid=10149(symlab.cloudridar.arhud) FinalizerDaemon identical 2 lines
11-06 13:16:17.475 13478 13487 W System  : A resource failed to call close. 
11-06 13:16:17.484 13478 13512 D Evaluation: Frame 623 sent at 1573038977484
11-06 13:16:17.515 13478 13512 D Evaluation: Frame 624 sent at 1573038977515
11-06 13:16:17.549 13478 13512 D Evaluation: Frame 625 sent at 1573038977549
11-06 13:16:17.593 13478 13478 D Poster  : At 1573038977592 location is 65.05996347338224 (latitude), and 25.465657850326625 (longitude)
11-06 13:16:17.596 13478 13478 D Poster  : Connected to mobile network 20
11-06 13:16:17.616 13478 13512 D Evaluation: Frame 627 sent at 1573038977616
11-06 13:16:17.633 13478 13512 D Evaluation: Frame 627 sent at 1573038977633
11-06 13:16:17.649 13478 13512 D Evaluation: Frame 628 sent at 1573038977649
11-06 13:16:17.678 13478 13512 D Evaluation: Frame 629 sent at 1573038977678
11-06 13:16:17.715 13478 13512 D Evaluation: Frame 630 sent at 1573038977715
11-06 13:16:17.749 13478 13512 D Evaluation: Frame 631 sent at 1573038977749
11-06 13:16:17.782 13478 13512 D Evaluation: Frame 632 sent at 1573038977782
11-06 13:16:17.821 13478 13512 D Evaluation: Frame 633 sent at 1573038977821
11-06 13:16:17.849 13478 13512 D Evaluation: Frame 634 sent at 1573038977849
11-06 13:16:17.901 13478 13512 D Evaluation: Frame 635 sent at 1573038977901
11-06 13:16:17.917 13478 13512 D Evaluation: Frame 636 sent at 1573038977916
11-06 13:16:17.962 13478 13512 D Evaluation: Frame 637 sent at 1573038977962
11-06 13:16:17.984 13478 13512 D Evaluation: Frame 638 sent at 1573038977984
11-06 13:16:18.023 13478 13512 D Evaluation: Frame 639 sent at 1573038978023
11-06 13:16:18.065 13478 13512 D Evaluation: Frame 640 sent at 1573038978065
11-06 13:16:18.094 13478 13512 D Evaluation: Frame 641 sent at 1573038978093
11-06 13:16:18.118 13478 13512 D Evaluation: Frame 642 sent at 1573038978118
11-06 13:16:18.124 13478 13478 I Poster  :  onPause() called.
11-06 13:16:18.243 13478 13478 I Camera  : close camera: 0, package name: symlab.cloudridar.arhud
11-06 13:16:18.243 13478 13478 I BackgroundPermManager: pkgName: symlab.cloudridar.arhud,pid: 13478 ,uidOf3RdApk: 10149 ,permType: 0 ,permCfg: 0
11-06 13:16:18.245 13478 13478 I HwCameraUtil: notifySurfaceFlingerCameraStatus : isFront = false , isOpend = false
11-06 13:16:18.299 13478 13478 D ZrHung.AppEyeUiProbe: stop checker.
11-06 13:16:18.341 13478 13478 I Poster  :  surfaceDestroyed() called.
11-06 13:16:18.341 13478 13478 D ViewRootImpl[MainActivity]: surface should not be released
11-06 13:16:18.341 13478 13478 I Poster  :  onStop() called.
11-06 13:16:18.364 13478 13532 W libEGL  : EGLNativeWindowType 0xe5af0008 disconnect failed
11-06 13:16:18.557 13478 13504 D ZrHung.AppEyeUiProbe: Current Activity:false
11-06 13:16:18.557 13478 13504 D ZrHung.AppEyeUiProbe: not watching, wait.
11-06 13:16:18.586 13478 13478 D Poster  : At 1573038978586 location is 65.05996733161585 (latitude), and 25.465666483637158 (longitude)
11-06 13:16:18.588 13478 13478 D Poster  : Connected to mobile network 20
11-06 13:16:18.600 13478 13478 D Latitude: status
11-06 13:16:19.317 13478 13478 I Poster  :  onDestroy() called.
11-06 13:16:19.317 13478 13478 D ActivityThread: Remove activity client record, r= ActivityRecord{24fb417 token=android.os.BinderProxy@3a687be {symlab.cloudridar.arhud/symlab.ARHUD.MainActivity}} token= android.os.BinderProxy@3a687be
11-06 13:16:19.318 13478 13478 E BpSurfaceComposerClient: Failed to transact (-1)
