11-06 12:53:06.181 10463 10498 D Evaluation: Frame 1099 sent at 1573037586181
11-06 12:53:06.266 10463 10498 D Evaluation: Frame 1100 sent at 1573037586266
11-06 12:53:06.290 10463 10498 D Evaluation: Frame 1101 sent at 1573037586290
11-06 12:53:06.314 10463 10498 D Evaluation: Frame 1102 sent at 1573037586313
11-06 12:53:06.343 10463 10498 D Evaluation: Frame 1103 sent at 1573037586343
11-06 12:53:06.376 10463 10498 D Evaluation: Frame 1104 sent at 1573037586376
11-06 12:53:06.415 10463 10498 D Evaluation: Frame 1105 sent at 1573037586415
11-06 12:53:06.443 10463 10498 D Evaluation: Frame 1106 sent at 1573037586443
11-06 12:53:06.479 10463 10498 D Evaluation: Frame 1107 sent at 1573037586479
11-06 12:53:06.523 10463 10498 D Evaluation: Frame 1108 sent at 1573037586523
11-06 12:53:06.548 10463 10498 D Evaluation: Frame 1109 sent at 1573037586548
11-06 12:53:06.582 10463 10498 D Evaluation: Frame 1110 sent at 1573037586582
11-06 12:53:06.614 10463 10498 D Evaluation: Frame 1111 sent at 1573037586614
11-06 12:53:06.667 10463 10463 D Poster  : At 1573037586667 location is 65.05779480309592 (latitude), and 25.468857120079864 (longitude)
11-06 12:53:06.669 10463 10463 D Poster  : Connected to mobile network 20
11-06 12:53:06.671 10463 10498 D Evaluation: Frame 1112 sent at 1573037586671
11-06 12:53:06.697 10463 10498 D Evaluation: Frame 1113 sent at 1573037586697
11-06 12:53:06.716 10463 10498 D Evaluation: Frame 1114 sent at 1573037586716
11-06 12:53:06.757 10463 10498 D Evaluation: Frame 1115 sent at 1573037586757
11-06 12:53:06.780 10463 10498 D Evaluation: Frame 1116 sent at 1573037586780
11-06 12:53:06.828 10463 10498 D Evaluation: Frame 1117 sent at 1573037586828
11-06 12:53:06.856 10463 10498 D Evaluation: Frame 1118 sent at 1573037586856
11-06 12:53:06.891 10463 10498 D Evaluation: Frame 1119 sent at 1573037586891
11-06 12:53:06.922 10463 10498 D Evaluation: Frame 1120 sent at 1573037586922
11-06 12:53:06.935 10463 10463 W HiTouch_PressGestureDetector: Touch pointer move a lot. The moving distance of X is:5.9838867, limit is:60The moving distance of Y is:110.40111, limit is:60
11-06 12:53:06.998 10463 10498 D Evaluation: Frame 1121 sent at 1573037586997
11-06 12:53:07.023 10463 10498 D Evaluation: Frame 1122 sent at 1573037587023
11-06 12:53:07.045 10463 10498 D Evaluation: Frame 1123 sent at 1573037587045
11-06 12:53:07.072 10463 10498 D Evaluation: Frame 1124 sent at 1573037587072
11-06 12:53:07.105 10463 10498 D Evaluation: Frame 1125 sent at 1573037587105
11-06 12:53:07.143 10463 10498 D Evaluation: Frame 1126 sent at 1573037587143
11-06 12:53:07.177 10463 10498 D Evaluation: Frame 1127 sent at 1573037587176
11-06 12:53:07.209 10463 10498 D Evaluation: Frame 1128 sent at 1573037587209
11-06 12:53:07.243 10463 10498 D Evaluation: Frame 1129 sent at 1573037587243
11-06 12:53:07.286 10463 10498 D Evaluation: Frame 1130 sent at 1573037587286
11-06 12:53:07.308 10463 10498 D Evaluation: Frame 1131 sent at 1573037587308
11-06 12:53:07.342 10463 10498 D Evaluation: Frame 1132 sent at 1573037587342
11-06 12:53:07.379 10463 10498 D Evaluation: Frame 1133 sent at 1573037587379
11-06 12:53:07.417 10463 10498 D Evaluation: Frame 1134 sent at 1573037587417
11-06 12:53:07.444 10463 10498 D Evaluation: Frame 1135 sent at 1573037587444
11-06 12:53:07.478 10463 10498 D Evaluation: Frame 1136 sent at 1573037587478
11-06 12:53:07.511 10463 10498 D Evaluation: Frame 1137 sent at 1573037587511
11-06 12:53:07.548 10463 10498 D Evaluation: Frame 1138 sent at 1573037587548
11-06 12:53:07.577 10463 10498 D Evaluation: Frame 1139 sent at 1573037587577
11-06 12:53:07.613 10463 10498 D Evaluation: Frame 1140 sent at 1573037587613
11-06 12:53:07.614 10463 10476 E         : [ZeroHung]zrhung_get_config: Get config failed for wp[0x0008]
11-06 12:53:07.650 10463 10498 D Evaluation: Frame 1141 sent at 1573037587650
11-06 12:53:07.661 10463 10463 D Poster  : At 1573037587661 location is 65.05779489106864 (latitude), and 25.468843948028994 (longitude)
11-06 12:53:07.663 10463 10463 D Poster  : Connected to mobile network 20
11-06 12:53:07.691 10463 10498 D Evaluation: Frame 1142 sent at 1573037587691
11-06 12:53:07.700 10463 10463 W HiTouch_PressGestureDetector: Touch pointer move a lot. The moving distance of X is:74.735596, limit is:60The moving distance of Y is:21.030197, limit is:60
11-06 12:53:07.715 10463 10498 D Evaluation: Frame 1143 sent at 1573037587715
11-06 12:53:07.744 10463 10498 D Evaluation: Frame 1144 sent at 1573037587744
11-06 12:53:07.778 10463 10498 D Evaluation: Frame 1145 sent at 1573037587778
11-06 12:53:07.816 10463 10498 D Evaluation: Frame 1146 sent at 1573037587816
11-06 12:53:07.846 10463 10498 D Evaluation: Frame 1147 sent at 1573037587846
11-06 12:53:07.879 10463 10498 D Evaluation: Frame 1148 sent at 1573037587879
11-06 12:53:07.916 10463 10498 D Evaluation: Frame 1149 sent at 1573037587915
11-06 12:53:07.948 10463 10498 D Evaluation: Frame 1150 sent at 1573037587948
11-06 12:53:07.983 10463 10498 D Evaluation: Frame 1151 sent at 1573037587983
11-06 12:53:08.025 10463 10498 D Evaluation: Frame 1152 sent at 1573037588025
11-06 12:53:08.049 10463 10498 D Evaluation: Frame 1153 sent at 1573037588049
11-06 12:53:08.086 10463 10498 D Evaluation: Frame 1154 sent at 1573037588086
11-06 12:53:08.122 10463 10498 D Evaluation: Frame 1155 sent at 1573037588122
11-06 12:53:08.155 10463 10498 D Evaluation: Frame 1156 sent at 1573037588155
11-06 12:53:08.182 10463 10498 D Evaluation: Frame 1157 sent at 1573037588182
11-06 12:53:08.216 10463 10498 D Evaluation: Frame 1158 sent at 1573037588216
11-06 12:53:08.249 10463 10498 D Evaluation: Frame 1159 sent at 1573037588249
11-06 12:53:08.325 10463 10498 D Evaluation: Frame 1160 sent at 1573037588325
11-06 12:53:08.369 10463 10498 D Evaluation: Frame 1161 sent at 1573037588369
11-06 12:53:08.392 10463 10498 D Evaluation: Frame 1162 sent at 1573037588392
11-06 12:53:08.449 10463 10498 D Evaluation: Frame 1163 sent at 1573037588449
11-06 12:53:08.482 10463 10498 D Evaluation: Frame 1164 sent at 1573037588482
11-06 12:53:08.526 10463 10498 D Evaluation: Frame 1165 sent at 1573037588526
11-06 12:53:08.549 10463 10498 D Evaluation: Frame 1166 sent at 1573037588549
11-06 12:53:08.586 10463 10498 D Evaluation: Frame 1167 sent at 1573037588586
11-06 12:53:08.618 10463 10498 D Evaluation: Frame 1168 sent at 1573037588618
11-06 12:53:08.654 10463 10498 D Evaluation: Frame 1169 sent at 1573037588654
11-06 12:53:08.658 10463 10463 D Poster  : At 1573037588658 location is 65.05779329612177 (latitude), and 25.4688348890699 (longitude)
11-06 12:53:08.659 10463 10463 D Poster  : Connected to mobile network 20
11-06 12:53:08.690 10463 10498 D Evaluation: Frame 1170 sent at 1573037588690
11-06 12:53:08.723 10463 10498 D Evaluation: Frame 1171 sent at 1573037588723
11-06 12:53:08.752 10463 10498 D Evaluation: Frame 1172 sent at 1573037588752
11-06 12:53:08.787 10463 10498 D Evaluation: Frame 1173 sent at 1573037588787
11-06 12:53:08.821 10463 10498 D Evaluation: Frame 1174 sent at 1573037588821
11-06 12:53:08.856 10463 10498 D Evaluation: Frame 1175 sent at 1573037588856
11-06 12:53:08.891 10463 10498 D Evaluation: Frame 1176 sent at 1573037588891
11-06 12:53:08.921 10463 10498 D Evaluation: Frame 1177 sent at 1573037588921
11-06 12:53:08.955 10463 10498 D Evaluation: Frame 1178 sent at 1573037588955
11-06 12:53:08.988 10463 10498 D Evaluation: Frame 1179 sent at 1573037588988
11-06 12:53:09.022 10463 10498 D Evaluation: Frame 1180 sent at 1573037589022
11-06 12:53:09.056 10463 10498 D Evaluation: Frame 1181 sent at 1573037589056
11-06 12:53:09.086 10463 10498 D Evaluation: Frame 1182 sent at 1573037589086
11-06 12:53:09.169 10463 10498 D Evaluation: Frame 1183 sent at 1573037589169
11-06 12:53:09.190 10463 10498 D Evaluation: Frame 1184 sent at 1573037589190
11-06 12:53:09.225 10463 10498 D Evaluation: Frame 1185 sent at 1573037589225
11-06 12:53:09.264 10463 10498 D Evaluation: Frame 1186 sent at 1573037589264
11-06 12:53:09.288 10463 10498 D Evaluation: Frame 1187 sent at 1573037589288
11-06 12:53:09.324 10463 10498 D Evaluation: Frame 1188 sent at 1573037589324
11-06 12:53:09.359 10463 10498 D Evaluation: Frame 1189 sent at 1573037589359
11-06 12:53:09.392 10463 10498 D Evaluation: Frame 1190 sent at 1573037589392
11-06 12:53:09.427 10463 10498 D Evaluation: Frame 1191 sent at 1573037589427
11-06 12:53:09.457 10463 10498 D Evaluation: Frame 1192 sent at 1573037589457
11-06 12:53:09.491 10463 10498 D Evaluation: Frame 1193 sent at 1573037589491
11-06 12:53:09.530 10463 10498 D Evaluation: Frame 1194 sent at 1573037589530
11-06 12:53:09.563 10463 10498 D Evaluation: Frame 1195 sent at 1573037589563
11-06 12:53:09.594 10463 10498 D Evaluation: Frame 1196 sent at 1573037589594
11-06 12:53:09.628 10463 10498 D Evaluation: Frame 1197 sent at 1573037589628
11-06 12:53:09.665 10463 10463 D Poster  : At 1573037589665 location is 65.05779087447902 (latitude), and 25.468834753222264 (longitude)
11-06 12:53:09.670 10463 10463 D Poster  : Connected to mobile network 20
11-06 12:53:09.671 10463 10498 D Evaluation: Frame 1198 sent at 1573037589671
11-06 12:53:09.715 10463 10498 D Evaluation: Frame 1200 sent at 1573037589715
11-06 12:53:09.741 10463 10498 D Evaluation: Frame 1200 sent at 1573037589741
11-06 12:53:09.770 10463 10498 D Evaluation: Frame 1201 sent at 1573037589770
11-06 12:53:09.771 10463 10463 I Poster  :  onPause() called.
11-06 12:53:09.911 10463 10463 I Camera  : close camera: 0, package name: symlab.cloudridar.arhud
11-06 12:53:09.911 10463 10463 I BackgroundPermManager: pkgName: symlab.cloudridar.arhud,pid: 10463 ,uidOf3RdApk: 10149 ,permType: 0 ,permCfg: 0
11-06 12:53:09.913 10463 10463 I HwCameraUtil: notifySurfaceFlingerCameraStatus : isFront = false , isOpend = false
11-06 12:53:09.975 10463 10463 D ZrHung.AppEyeUiProbe: stop checker.
11-06 12:53:10.000 10463 10463 I Poster  :  surfaceDestroyed() called.
11-06 12:53:10.001 10463 10463 D ViewRootImpl[MainActivity]: surface should not be released
11-06 12:53:10.002 10463 10463 I Poster  :  onStop() called.
11-06 12:53:10.018 10463 10515 W libEGL  : EGLNativeWindowType 0xe5af0008 disconnect failed
11-06 12:53:10.125 10463 10490 D ZrHung.AppEyeUiProbe: Current Activity:false
11-06 12:53:10.125 10463 10490 D ZrHung.AppEyeUiProbe: not watching, wait.
11-06 12:53:10.645 10463 10463 D Poster  : At 1573037590645 location is 65.05779958736929 (latitude), and 25.46881732962315 (longitude)
11-06 12:53:10.646 10463 10463 D Poster  : Connected to mobile network 20
11-06 12:53:10.658 10463 10463 D Latitude: status
11-06 12:53:10.860 10463 10463 I Poster  :  onStart() called.
11-06 12:53:10.860 10463 10463 D ZrHung.AppEyeUiProbe: notify runnable to start.
11-06 12:53:10.860 10463 10463 I Poster  :  onResume() called.
11-06 12:53:10.860 10463 10490 D ZrHung.AppEyeUiProbe: restart watching
11-06 12:53:10.876 10463 10463 I PermissionManager: camera remind result:true
11-06 12:53:10.876 10463 10463 I Camera  : open camera: 0, package name: symlab.cloudridar.arhud
11-06 12:53:10.876 10463 10463 I BackgroundPermManager: pkgName: symlab.cloudridar.arhud,pid: 10463 ,uidOf3RdApk: 10149 ,permType: 0 ,permCfg: 1
11-06 12:53:10.877 10463 10463 I HwCameraUtil: notifySurfaceFlingerCameraStatus : isFront = false , isOpend = true
11-06 12:53:10.890 10463 10463 D ActivityThread: isOptEnabled=false isWechatScanOpt=false
11-06 12:53:10.915 10463 10515 D mali_winsys: EGLint new_window_surface(egl_winsys_display *, void *, EGLSurface, EGLConfig, egl_winsys_surface **, EGLBoolean) returns 0x3000
11-06 12:53:10.922 10463 10463 I Poster  :  surfaceCreated() called.
11-06 12:53:10.922 10463 10463 I Poster  : initPreview() called
11-06 12:53:10.924 10463 10463 I PermissionManager: camera remind result:true
11-06 12:53:10.929 10463 10463 I Poster  :  surfaceChanged() called.
11-06 12:53:10.930 10463 10463 E BpSurfaceComposerClient: Failed to transact (-1)
11-06 12:53:10.930 10463 10463 E BpSurfaceComposerClient: Failed to transact (-1)
11-06 12:53:10.931 10463 10463 W InputMethodManager: startInputReason = 1
11-06 12:53:11.214 10463 10463 W MessageQueue: Handler (android.os.Handler) {765234} sending message to a Handler on a dead thread
11-06 12:53:11.214 10463 10463 W MessageQueue: java.lang.IllegalStateException: Handler (android.os.Handler) {765234} sending message to a Handler on a dead thread
11-06 12:53:11.214 10463 10463 W MessageQueue: 	at android.os.MessageQueue.enqueueMessage(MessageQueue.java:650)
11-06 12:53:11.214 10463 10463 W MessageQueue: 	at android.os.Handler.enqueueMessage(Handler.java:769)
11-06 12:53:11.214 10463 10463 W MessageQueue: 	at android.os.Handler.sendMessageAtTime(Handler.java:718)
11-06 12:53:11.214 10463 10463 W MessageQueue: 	at android.os.Handler.sendMessageDelayed(Handler.java:688)
11-06 12:53:11.214 10463 10463 W MessageQueue: 	at android.os.Handler.post(Handler.java:405)
11-06 12:53:11.214 10463 10463 W MessageQueue: 	at symlab.CloudAR.ARManager.recognizeTime(ARManager.java:151)
11-06 12:53:11.214 10463 10463 W MessageQueue: 	at symlab.ARHUD.MainActivity$3.onPreviewFrame(MainActivity.java:296)
11-06 12:53:11.214 10463 10463 W MessageQueue: 	at android.hardware.Camera$EventHandler.handleMessage(Camera.java:1278)
11-06 12:53:11.214 10463 10463 W MessageQueue: 	at android.os.Handler.dispatchMessage(Handler.java:112)
11-06 12:53:11.214 10463 10463 W MessageQueue: 	at android.os.Looper.loop(Looper.java:216)
11-06 12:53:11.214 10463 10463 W MessageQueue: 	at android.app.ActivityThread.main(ActivityThread.java:7579)
11-06 12:53:11.214 10463 10463 W MessageQueue: 	at java.lang.reflect.Method.invoke(Native Method)
11-06 12:53:11.214 10463 10463 W MessageQueue: 	at com.android.internal.os.RuntimeInit$MethodAndArgsCaller.run(RuntimeInit.java:524)
11-06 12:53:11.214 10463 10463 W MessageQueue: 	at com.android.internal.os.ZygoteInit.main(ZygoteInit.java:1034)
11-06 12:53:11.215 10463 10463 W MessageQueue: Handler (android.os.Handler) {765234} sending message to a Handler on a dead thread
11-06 12:53:11.215 10463 10463 W MessageQueue: java.lang.IllegalStateException: Handler (android.os.Handler) {765234} sending message to a Handler on a dead thread
11-06 12:53:11.215 10463 10463 W MessageQueue: 	at android.os.MessageQueue.enqueueMessage(MessageQueue.java:650)
11-06 12:53:11.215 10463 10463 W MessageQueue: 	at android.os.Handler.enqueueMessage(Handler.java:769)
11-06 12:53:11.215 10463 10463 W MessageQueue: 	at android.os.Handler.sendMessageAtTime(Handler.java:718)
11-06 12:53:11.215 10463 10463 W MessageQueue: 	at android.os.Handler.sendMessageDelayed(Handler.java:688)
11-06 12:53:11.215 10463 10463 W MessageQueue: 	at android.os.Handler.post(Handler.java:405)
11-06 12:53:11.215 10463 10463 W MessageQueue: 	at symlab.CloudAR.ARManager.driveFrame(ARManager.java:156)
11-06 12:53:11.215 10463 10463 W MessageQueue: 	at symlab.ARHUD.MainActivity$3.onPreviewFrame(MainActivity.java:297)
11-06 12:53:11.215 10463 10463 W MessageQueue: 	at android.hardware.Camera$EventHandler.handleMessage(Camera.java:1278)
11-06 12:53:11.215 10463 10463 W MessageQueue: 	at android.os.Handler.dispatchMessage(Handler.java:112)
11-06 12:53:11.215 10463 10463 W MessageQueue: 	at android.os.Looper.loop(Looper.java:216)
11-06 12:53:11.215 10463 10463 W MessageQueue: 	at android.app.ActivityThread.main(ActivityThread.java:7579)
11-06 12:53:11.215 10463 10463 W MessageQueue: 	at java.lang.reflect.Method.invoke(Native Method)
11-06 12:53:11.215 10463 10463 W MessageQueue: 	at com.android.internal.os.RuntimeInit$MethodAndArgsCaller.run(RuntimeInit.java:524)
11-06 12:53:11.215 10463 10463 W MessageQueue: 	at com.android.internal.os.ZygoteInit.main(ZygoteInit.java:1034)
11-06 12:53:11.245 10463 10463 W MessageQueue: Handler (android.os.Handler) {765234} sending message to a Handler on a dead thread
11-06 12:53:11.245 10463 10463 W MessageQueue: java.lang.IllegalStateException: Handler (android.os.Handler) {765234} sending message to a Handler on a dead thread
11-06 12:53:11.245 10463 10463 W MessageQueue: 	at android.os.MessageQueue.enqueueMessage(MessageQueue.java:650)
11-06 12:53:11.245 10463 10463 W MessageQueue: 	at android.os.Handler.enqueueMessage(Handler.java:769)
11-06 12:53:11.245 10463 10463 W MessageQueue: 	at android.os.Handler.sendMessageAtTime(Handler.java:718)
11-06 12:53:11.245 10463 10463 W MessageQueue: 	at android.os.Handler.sendMessageDelayed(Handler.java:688)
11-06 12:53:11.245 10463 10463 W MessageQueue: 	at android.os.Handler.post(Handler.java:405)
11-06 12:53:11.245 10463 10463 W MessageQueue: 	at symlab.CloudAR.ARManager.recognizeTime(ARManager.java:151)
11-06 12:53:11.245 10463 10463 W MessageQueue: 	at symlab.ARHUD.MainActivity$3.onPreviewFrame(MainActivity.java:296)
11-06 12:53:11.245 10463 10463 W MessageQueue: 	at android.hardware.Camera$EventHandler.handleMessage(Camera.java:1278)
11-06 12:53:11.245 10463 10463 W MessageQueue: 	at android.os.Handler.dispatchMessage(Handler.java:112)
11-06 12:53:11.245 10463 10463 W MessageQueue: 	at android.os.Looper.loop(Looper.java:216)
11-06 12:53:11.245 10463 10463 W MessageQueue: 	at android.app.ActivityThread.main(ActivityThread.java:7579)
11-06 12:53:11.245 10463 10463 W MessageQueue: 	at java.lang.reflect.Method.invoke(Native Method)
11-06 12:53:11.245 10463 10463 W MessageQueue: 	at com.android.internal.os.RuntimeInit$MethodAndArgsCaller.run(RuntimeInit.java:524)
11-06 12:53:11.245 10463 10463 W MessageQueue: 	at com.android.internal.os.ZygoteInit.main(ZygoteInit.java:1034)
11-06 12:53:11.245 10463 10476 E         : [ZeroHung]zrhung_get_config: Get config failed for wp[0x0008]
11-06 12:53:11.245 10463 10463 W MessageQueue: Handler (android.os.Handler) {765234} sending message to a Handler on a dead thread
11-06 12:53:11.245 10463 10463 W MessageQueue: java.lang.IllegalStateException: Handler (android.os.Handler) {765234} sending message to a Handler on a dead thread
11-06 12:53:11.245 10463 10463 W MessageQueue: 	at android.os.MessageQueue.enqueueMessage(MessageQueue.java:650)
11-06 12:53:11.245 10463 10463 W MessageQueue: 	at android.os.Handler.enqueueMessage(Handler.java:769)
11-06 12:53:11.245 10463 10463 W MessageQueue: 	at android.os.Handler.sendMessageAtTime(Handler.java:718)
11-06 12:53:11.245 10463 10463 W MessageQueue: 	at android.os.Handler.sendMessageDelayed(Handler.java:688)
11-06 12:53:11.245 10463 10463 W MessageQueue: 	at android.os.Handler.post(Handler.java:405)
11-06 12:53:11.245 10463 10463 W MessageQueue: 	at symlab.CloudAR.ARManager.driveFrame(ARManager.java:156)
11-06 12:53:11.245 10463 10463 W MessageQueue: 	at symlab.ARHUD.MainActivity$3.onPreviewFrame(MainActivity.java:297)
11-06 12:53:11.245 10463 10463 W MessageQueue: 	at android.hardware.Camera$EventHandler.handleMessage(Camera.java:1278)
11-06 12:53:11.245 10463 10463 W MessageQueue: 	at android.os.Handler.dispatchMessage(Handler.java:112)
11-06 12:53:11.245 10463 10463 W MessageQueue: 	at android.os.Looper.loop(Looper.java:216)
11-06 12:53:11.245 10463 10463 W MessageQueue: 	at android.app.ActivityThread.main(ActivityThread.java:7579)
11-06 12:53:11.245 10463 10463 W MessageQueue: 	at java.lang.reflect.Method.invoke(Native Method)
11-06 12:53:11.245 10463 10463 W MessageQueue: 	at com.android.internal.os.RuntimeInit$MethodAndArgsCaller.run(RuntimeInit.java:524)
11-06 12:53:11.245 10463 10463 W MessageQueue: 	at com.android.internal.os.ZygoteInit.main(ZygoteInit.java:1034)
11-06 12:53:11.308 10463 10463 W MessageQueue: Handler (android.os.Handler) {765234} sending message to a Handler on a dead thread
11-06 12:53:11.308 10463 10463 W MessageQueue: java.lang.IllegalStateException: Handler (android.os.Handler) {765234} sending message to a Handler on a dead thread
11-06 12:53:11.308 10463 10463 W MessageQueue: 	at android.os.MessageQueue.enqueueMessage(MessageQueue.java:650)
11-06 12:53:11.308 10463 10463 W MessageQueue: 	at android.os.Handler.enqueueMessage(Handler.java:769)
11-06 12:53:11.308 10463 10463 W MessageQueue: 	at android.os.Handler.sendMessageAtTime(Handler.java:718)
11-06 12:53:11.308 10463 10463 W MessageQueue: 	at android.os.Handler.sendMessageDelayed(Handler.java:688)
11-06 12:53:11.308 10463 10463 W MessageQueue: 	at android.os.Handler.post(Handler.java:405)
11-06 12:53:11.308 10463 10463 W MessageQueue: 	at symlab.CloudAR.ARManager.recognizeTime(ARManager.java:151)
11-06 12:53:11.308 10463 10463 W MessageQueue: 	at symlab.ARHUD.MainActivity$3.onPreviewFrame(MainActivity.java:296)
11-06 12:53:11.308 10463 10463 W MessageQueue: 	at android.hardware.Camera$EventHandler.handleMessage(Camera.java:1278)
11-06 12:53:11.308 10463 10463 W MessageQueue: 	at android.os.Handler.dispatchMessage(Handler.java:112)
11-06 12:53:11.308 10463 10463 W MessageQueue: 	at android.os.Looper.loop(Looper.java:216)
11-06 12:53:11.308 10463 10463 W MessageQueue: 	at android.app.ActivityThread.main(ActivityThread.java:7579)
11-06 12:53:11.308 10463 10463 W MessageQueue: 	at java.lang.reflect.Method.invoke(Native Method)
11-06 12:53:11.308 10463 10463 W MessageQueue: 	at com.android.internal.os.RuntimeInit$MethodAndArgsCaller.run(RuntimeInit.java:524)
11-06 12:53:11.308 10463 10463 W MessageQueue: 	at com.android.internal.os.ZygoteInit.main(ZygoteInit.java:1034)
11-06 12:53:11.308 10463 10463 W MessageQueue: Handler (android.os.Handler) {765234} sending message to a Handler on a dead thread
11-06 12:53:11.308 10463 10463 W MessageQueue: java.lang.IllegalStateException: Handler (android.os.Handler) {765234} sending message to a Handler on a dead thread
11-06 12:53:11.308 10463 10463 W MessageQueue: 	at android.os.MessageQueue.enqueueMessage(MessageQueue.java:650)
11-06 12:53:11.308 10463 10463 W MessageQueue: 	at android.os.Handler.enqueueMessage(Handler.java:769)
11-06 12:53:11.308 10463 10463 W MessageQueue: 	at android.os.Handler.sendMessageAtTime(Handler.java:718)
11-06 12:53:11.308 10463 10463 W MessageQueue: 	at android.os.Handler.sendMessageDelayed(Handler.java:688)
11-06 12:53:11.308 10463 10463 W MessageQueue: 	at android.os.Handler.post(Handler.java:405)
11-06 12:53:11.308 10463 10463 W MessageQueue: 	at symlab.CloudAR.ARManager.driveFrame(ARManager.java:156)
11-06 12:53:11.308 10463 10463 W MessageQueue: 	at symlab.ARHUD.MainActivity$3.onPreviewFrame(MainActivity.java:297)
11-06 12:53:11.308 10463 10463 W MessageQueue: 	at android.hardware.Camera$EventHandler.handleMessage(Camera.java:1278)
11-06 12:53:11.308 10463 10463 W MessageQueue: 	at android.os.Handler.dispatchMessage(Handler.java:112)
11-06 12:53:11.308 10463 10463 W MessageQueue: 	at android.os.Looper.loop(Looper.java:216)
11-06 12:53:11.308 10463 10463 W MessageQueue: 	at android.app.ActivityThread.main(ActivityThread.java:7579)
11-06 12:53:11.308 10463 10463 W MessageQueue: 	at java.lang.reflect.Method.invoke(Native Method)
11-06 12:53:11.308 10463 10463 W MessageQueue: 	at com.android.internal.os.RuntimeInit$MethodAndArgsCaller.run(RuntimeInit.java:524)
11-06 12:53:11.308 10463 10463 W MessageQueue: 	at com.android.internal.os.ZygoteInit.main(ZygoteInit.java:1034)
11-06 12:53:11.369 10463 10463 W MessageQueue: Handler (android.os.Handler) {765234} sending message to a Handler on a dead thread
11-06 12:53:11.369 10463 10463 W MessageQueue: java.lang.IllegalStateException: Handler (android.os.Handler) {765234} sending message to a Handler on a dead thread
11-06 12:53:11.369 10463 10463 W MessageQueue: 	at android.os.MessageQueue.enqueueMessage(MessageQueue.java:650)
11-06 12:53:11.369 10463 10463 W MessageQueue: 	at android.os.Handler.enqueueMessage(Handler.java:769)
11-06 12:53:11.369 10463 10463 W MessageQueue: 	at android.os.Handler.sendMessageAtTime(Handler.java:718)
11-06 12:53:11.369 10463 10463 W MessageQueue: 	at android.os.Handler.sendMessageDelayed(Handler.java:688)
11-06 12:53:11.369 10463 10463 W MessageQueue: 	at android.os.Handler.post(Handler.java:405)
11-06 12:53:11.369 10463 10463 W MessageQueue: 	at symlab.CloudAR.ARManager.recognizeTime(ARManager.java:151)
11-06 12:53:11.369 10463 10463 W MessageQueue: 	at symlab.ARHUD.MainActivity$3.onPreviewFrame(MainActivity.java:296)
11-06 12:53:11.369 10463 10463 W MessageQueue: 	at android.hardware.Camera$EventHandler.handleMessage(Camera.java:1278)
11-06 12:53:11.369 10463 10463 W MessageQueue: 	at android.os.Handler.dispatchMessage(Handler.java:112)
11-06 12:53:11.369 10463 10463 W MessageQueue: 	at android.os.Looper.loop(Looper.java:216)
11-06 12:53:11.369 10463 10463 W MessageQueue: 	at android.app.ActivityThread.main(ActivityThread.java:7579)
11-06 12:53:11.369 10463 10463 W MessageQueue: 	at java.lang.reflect.Method.invoke(Native Method)
11-06 12:53:11.369 10463 10463 W MessageQueue: 	at com.android.internal.os.RuntimeInit$MethodAndArgsCaller.run(RuntimeInit.java:524)
11-06 12:53:11.369 10463 10463 W MessageQueue: 	at com.android.internal.os.ZygoteInit.main(ZygoteInit.java:1034)
11-06 12:53:11.369 10463 10463 W MessageQueue: Handler (android.os.Handler) {765234} sending message to a Handler on a dead thread
11-06 12:53:11.369 10463 10463 W MessageQueue: java.lang.IllegalStateException: Handler (android.os.Handler) {765234} sending message to a Handler on a dead thread
11-06 12:53:11.369 10463 10463 W MessageQueue: 	at android.os.MessageQueue.enqueueMessage(MessageQueue.java:650)
11-06 12:53:11.369 10463 10463 W MessageQueue: 	at android.os.Handler.enqueueMessage(Handler.java:769)
11-06 12:53:11.369 10463 10463 W MessageQueue: 	at android.os.Handler.sendMessageAtTime(Handler.java:718)
11-06 12:53:11.369 10463 10463 W MessageQueue: 	at android.os.Handler.sendMessageDelayed(Handler.java:688)
11-06 12:53:11.369 10463 10463 W MessageQueue: 	at android.os.Handler.post(Handler.java:405)
11-06 12:53:11.369 10463 10463 W MessageQueue: 	at symlab.CloudAR.ARManager.driveFrame(ARManager.java:156)
11-06 12:53:11.369 10463 10463 W MessageQueue: 	at symlab.ARHUD.MainActivity$3.onPreviewFrame(MainActivity.java:297)
11-06 12:53:11.369 10463 10463 W MessageQueue: 	at android.hardware.Camera$EventHandler.handleMessage(Camera.java:1278)
11-06 12:53:11.369 10463 10463 W MessageQueue: 	at android.os.Handler.dispatchMessage(Handler.java:112)
11-06 12:53:11.369 10463 10463 W MessageQueue: 	at android.os.Looper.loop(Looper.java:216)
11-06 12:53:11.369 10463 10463 W MessageQueue: 	at android.app.ActivityThread.main(ActivityThread.java:7579)
11-06 12:53:11.369 10463 10463 W MessageQueue: 	at java.lang.reflect.Method.invoke(Native Method)
11-06 12:53:11.369 10463 10463 W MessageQueue: 	at com.android.internal.os.RuntimeInit$MethodAndArgsCaller.run(RuntimeInit.java:524)
11-06 12:53:11.369 10463 10463 W MessageQueue: 	at com.android.internal.os.ZygoteInit.main(ZygoteInit.java:1034)
11-06 12:53:11.428 10463 10463 W MessageQueue: Handler (android.os.Handler) {765234} sending message to a Handler on a dead thread
11-06 12:53:11.428 10463 10463 W MessageQueue: java.lang.IllegalStateException: Handler (android.os.Handler) {765234} sending message to a Handler on a dead thread
11-06 12:53:11.428 10463 10463 W MessageQueue: 	at android.os.MessageQueue.enqueueMessage(MessageQueue.java:650)
11-06 12:53:11.428 10463 10463 W MessageQueue: 	at android.os.Handler.enqueueMessage(Handler.java:769)
11-06 12:53:11.428 10463 10463 W MessageQueue: 	at android.os.Handler.sendMessageAtTime(Handler.java:718)
11-06 12:53:11.428 10463 10463 W MessageQueue: 	at android.os.Handler.sendMessageDelayed(Handler.java:688)
11-06 12:53:11.428 10463 10463 W MessageQueue: 	at android.os.Handler.post(Handler.java:405)
11-06 12:53:11.428 10463 10463 W MessageQueue: 	at symlab.CloudAR.ARManager.recognizeTime(ARManager.java:151)
11-06 12:53:11.428 10463 10463 W MessageQueue: 	at symlab.ARHUD.MainActivity$3.onPreviewFrame(MainActivity.java:296)
11-06 12:53:11.428 10463 10463 W MessageQueue: 	at android.hardware.Camera$EventHandler.handleMessage(Camera.java:1278)
11-06 12:53:11.428 10463 10463 W MessageQueue: 	at android.os.Handler.dispatchMessage(Handler.java:112)
11-06 12:53:11.428 10463 10463 W MessageQueue: 	at android.os.Looper.loop(Looper.java:216)
11-06 12:53:11.428 10463 10463 W MessageQueue: 	at android.app.ActivityThread.main(ActivityThread.java:7579)
11-06 12:53:11.428 10463 10463 W MessageQueue: 	at java.lang.reflect.Method.invoke(Native Method)
11-06 12:53:11.428 10463 10463 W MessageQueue: 	at com.android.internal.os.RuntimeInit$MethodAndArgsCaller.run(RuntimeInit.java:524)
11-06 12:53:11.428 10463 10463 W MessageQueue: 	at com.android.internal.os.ZygoteInit.main(ZygoteInit.java:1034)
11-06 12:53:11.429 10463 10463 W MessageQueue: Handler (android.os.Handler) {765234} sending message to a Handler on a dead thread
11-06 12:53:11.429 10463 10463 W MessageQueue: java.lang.IllegalStateException: Handler (android.os.Handler) {765234} sending message to a Handler on a dead thread
11-06 12:53:11.429 10463 10463 W MessageQueue: 	at android.os.MessageQueue.enqueueMessage(MessageQueue.java:650)
11-06 12:53:11.429 10463 10463 W MessageQueue: 	at android.os.Handler.enqueueMessage(Handler.java:769)
11-06 12:53:11.429 10463 10463 W MessageQueue: 	at android.os.Handler.sendMessageAtTime(Handler.java:718)
11-06 12:53:11.429 10463 10463 W MessageQueue: 	at android.os.Handler.sendMessageDelayed(Handler.java:688)
11-06 12:53:11.429 10463 10463 W MessageQueue: 	at android.os.Handler.post(Handler.java:405)
11-06 12:53:11.429 10463 10463 W MessageQueue: 	at symlab.CloudAR.ARManager.driveFrame(ARManager.java:156)
11-06 12:53:11.429 10463 10463 W MessageQueue: 	at symlab.ARHUD.MainActivity$3.onPreviewFrame(MainActivity.java:297)
11-06 12:53:11.429 10463 10463 W MessageQueue: 	at android.hardware.Camera$EventHandler.handleMessage(Camera.java:1278)
11-06 12:53:11.429 10463 10463 W MessageQueue: 	at android.os.Handler.dispatchMessage(Handler.java:112)
11-06 12:53:11.429 10463 10463 W MessageQueue: 	at android.os.Looper.loop(Looper.java:216)
11-06 12:53:11.429 10463 10463 W MessageQueue: 	at android.app.ActivityThread.main(ActivityThread.java:7579)
11-06 12:53:11.429 10463 10463 W MessageQueue: 	at java.lang.reflect.Method.invoke(Native Method)
11-06 12:53:11.429 10463 10463 W MessageQueue: 	at com.android.internal.os.RuntimeInit$MethodAndArgsCaller.run(RuntimeInit.java:524)
11-06 12:53:11.429 10463 10463 W MessageQueue: 	at com.android.internal.os.ZygoteInit.main(ZygoteInit.java:1034)
11-06 12:53:11.494 10463 10463 W MessageQueue: Handler (android.os.Handler) {765234} sending message to a Handler on a dead thread
11-06 12:53:11.494 10463 10463 W MessageQueue: java.lang.IllegalStateException: Handler (android.os.Handler) {765234} sending message to a Handler on a dead thread
11-06 12:53:11.494 10463 10463 W MessageQueue: 	at android.os.MessageQueue.enqueueMessage(MessageQueue.java:650)
11-06 12:53:11.494 10463 10463 W MessageQueue: 	at android.os.Handler.enqueueMessage(Handler.java:769)
11-06 12:53:11.494 10463 10463 W MessageQueue: 	at android.os.Handler.sendMessageAtTime(Handler.java:718)
11-06 12:53:11.494 10463 10463 W MessageQueue: 	at android.os.Handler.sendMessageDelayed(Handler.java:688)
11-06 12:53:11.494 10463 10463 W MessageQueue: 	at android.os.Handler.post(Handler.java:405)
11-06 12:53:11.494 10463 10463 W MessageQueue: 	at symlab.CloudAR.ARManager.recognizeTime(ARManager.java:151)
11-06 12:53:11.494 10463 10463 W MessageQueue: 	at symlab.ARHUD.MainActivity$3.onPreviewFrame(MainActivity.java:296)
11-06 12:53:11.494 10463 10463 W MessageQueue: 	at android.hardware.Camera$EventHandler.handleMessage(Camera.java:1278)
11-06 12:53:11.494 10463 10463 W MessageQueue: 	at android.os.Handler.dispatchMessage(Handler.java:112)
11-06 12:53:11.494 10463 10463 W MessageQueue: 	at android.os.Looper.loop(Looper.java:216)
11-06 12:53:11.494 10463 10463 W MessageQueue: 	at android.app.ActivityThread.main(ActivityThread.java:7579)
11-06 12:53:11.494 10463 10463 W MessageQueue: 	at java.lang.reflect.Method.invoke(Native Method)
11-06 12:53:11.494 10463 10463 W MessageQueue: 	at com.android.internal.os.RuntimeInit$MethodAndArgsCaller.run(RuntimeInit.java:524)
11-06 12:53:11.494 10463 10463 W MessageQueue: 	at com.android.internal.os.ZygoteInit.main(ZygoteInit.java:1034)
11-06 12:53:11.495 10463 10463 W MessageQueue: Handler (android.os.Handler) {765234} sending message to a Handler on a dead thread
11-06 12:53:11.495 10463 10463 W MessageQueue: java.lang.IllegalStateException: Handler (android.os.Handler) {765234} sending message to a Handler on a dead thread
11-06 12:53:11.495 10463 10463 W MessageQueue: 	at android.os.MessageQueue.enqueueMessage(MessageQueue.java:650)
11-06 12:53:11.495 10463 10463 W MessageQueue: 	at android.os.Handler.enqueueMessage(Handler.java:769)
11-06 12:53:11.495 10463 10463 W MessageQueue: 	at android.os.Handler.sendMessageAtTime(Handler.java:718)
11-06 12:53:11.495 10463 10463 W MessageQueue: 	at android.os.Handler.sendMessageDelayed(Handler.java:688)
11-06 12:53:11.495 10463 10463 W MessageQueue: 	at android.os.Handler.post(Handler.java:405)
11-06 12:53:11.495 10463 10463 W MessageQueue: 	at symlab.CloudAR.ARManager.driveFrame(ARManager.java:156)
11-06 12:53:11.495 10463 10463 W MessageQueue: 	at symlab.ARHUD.MainActivity$3.onPreviewFrame(MainActivity.java:297)
11-06 12:53:11.495 10463 10463 W MessageQueue: 	at android.hardware.Camera$EventHandler.handleMessage(Camera.java:1278)
11-06 12:53:11.495 10463 10463 W MessageQueue: 	at android.os.Handler.dispatchMessage(Handler.java:112)
11-06 12:53:11.495 10463 10463 W MessageQueue: 	at android.os.Looper.loop(Looper.java:216)
11-06 12:53:11.495 10463 10463 W MessageQueue: 	at android.app.ActivityThread.main(ActivityThread.java:7579)
11-06 12:53:11.495 10463 10463 W MessageQueue: 	at java.lang.reflect.Method.invoke(Native Method)
11-06 12:53:11.495 10463 10463 W MessageQueue: 	at com.android.internal.os.RuntimeInit$MethodAndArgsCaller.run(RuntimeInit.java:524)
11-06 12:53:11.495 10463 10463 W MessageQueue: 	at com.android.internal.os.ZygoteInit.main(ZygoteInit.java:1034)
11-06 12:53:11.556 10463 10463 W MessageQueue: Handler (android.os.Handler) {765234} sending message to a Handler on a dead thread
11-06 12:53:11.556 10463 10463 W MessageQueue: java.lang.IllegalStateException: Handler (android.os.Handler) {765234} sending message to a Handler on a dead thread
11-06 12:53:11.556 10463 10463 W MessageQueue: 	at android.os.MessageQueue.enqueueMessage(MessageQueue.java:650)
11-06 12:53:11.556 10463 10463 W MessageQueue: 	at android.os.Handler.enqueueMessage(Handler.java:769)
11-06 12:53:11.556 10463 10463 W MessageQueue: 	at android.os.Handler.sendMessageAtTime(Handler.java:718)
11-06 12:53:11.556 10463 10463 W MessageQueue: 	at android.os.Handler.sendMessageDelayed(Handler.java:688)
11-06 12:53:11.556 10463 10463 W MessageQueue: 	at android.os.Handler.post(Handler.java:405)
11-06 12:53:11.556 10463 10463 W MessageQueue: 	at symlab.CloudAR.ARManager.recognizeTime(ARManager.java:151)
11-06 12:53:11.556 10463 10463 W MessageQueue: 	at symlab.ARHUD.MainActivity$3.onPreviewFrame(MainActivity.java:296)
11-06 12:53:11.556 10463 10463 W MessageQueue: 	at android.hardware.Camera$EventHandler.handleMessage(Camera.java:1278)
11-06 12:53:11.556 10463 10463 W MessageQueue: 	at android.os.Handler.dispatchMessage(Handler.java:112)
11-06 12:53:11.556 10463 10463 W MessageQueue: 	at android.os.Looper.loop(Looper.java:216)
11-06 12:53:11.556 10463 10463 W MessageQueue: 	at android.app.ActivityThread.main(ActivityThread.java:7579)
11-06 12:53:11.556 10463 10463 W MessageQueue: 	at java.lang.reflect.Method.invoke(Native Method)
11-06 12:53:11.556 10463 10463 W MessageQueue: 	at com.android.internal.os.RuntimeInit$MethodAndArgsCaller.run(RuntimeInit.java:524)
11-06 12:53:11.556 10463 10463 W MessageQueue: 	at com.android.internal.os.ZygoteInit.main(ZygoteInit.java:1034)
11-06 12:53:11.557 10463 10463 W MessageQueue: Handler (android.os.Handler) {765234} sending message to a Handler on a dead thread
11-06 12:53:11.557 10463 10463 W MessageQueue: java.lang.IllegalStateException: Handler (android.os.Handler) {765234} sending message to a Handler on a dead thread
11-06 12:53:11.557 10463 10463 W MessageQueue: 	at android.os.MessageQueue.enqueueMessage(MessageQueue.java:650)
11-06 12:53:11.557 10463 10463 W MessageQueue: 	at android.os.Handler.enqueueMessage(Handler.java:769)
11-06 12:53:11.557 10463 10463 W MessageQueue: 	at android.os.Handler.sendMessageAtTime(Handler.java:718)
11-06 12:53:11.557 10463 10463 W MessageQueue: 	at android.os.Handler.sendMessageDelayed(Handler.java:688)
11-06 12:53:11.557 10463 10463 W MessageQueue: 	at android.os.Handler.post(Handler.java:405)
11-06 12:53:11.557 10463 10463 W MessageQueue: 	at symlab.CloudAR.ARManager.driveFrame(ARManager.java:156)
11-06 12:53:11.557 10463 10463 W MessageQueue: 	at symlab.ARHUD.MainActivity$3.onPreviewFrame(MainActivity.java:297)
11-06 12:53:11.557 10463 10463 W MessageQueue: 	at android.hardware.Camera$EventHandler.handleMessage(Camera.java:1278)
11-06 12:53:11.557 10463 10463 W MessageQueue: 	at android.os.Handler.dispatchMessage(Handler.java:112)
11-06 12:53:11.557 10463 10463 W MessageQueue: 	at android.os.Looper.loop(Looper.java:216)
11-06 12:53:11.557 10463 10463 W MessageQueue: 	at android.app.ActivityThread.main(ActivityThread.java:7579)
11-06 12:53:11.557 10463 10463 W MessageQueue: 	at java.lang.reflect.Method.invoke(Native Method)
11-06 12:53:11.557 10463 10463 W MessageQueue: 	at com.android.internal.os.RuntimeInit$MethodAndArgsCaller.run(RuntimeInit.java:524)
11-06 12:53:11.557 10463 10463 W MessageQueue: 	at com.android.internal.os.ZygoteInit.main(ZygoteInit.java:1034)
11-06 12:53:11.622 10463 10463 W MessageQueue: Handler (android.os.Handler) {765234} sending message to a Handler on a dead thread
11-06 12:53:11.622 10463 10463 W MessageQueue: java.lang.IllegalStateException: Handler (android.os.Handler) {765234} sending message to a Handler on a dead thread
11-06 12:53:11.622 10463 10463 W MessageQueue: 	at android.os.MessageQueue.enqueueMessage(MessageQueue.java:650)
11-06 12:53:11.622 10463 10463 W MessageQueue: 	at android.os.Handler.enqueueMessage(Handler.java:769)
11-06 12:53:11.622 10463 10463 W MessageQueue: 	at android.os.Handler.sendMessageAtTime(Handler.java:718)
11-06 12:53:11.622 10463 10463 W MessageQueue: 	at android.os.Handler.sendMessageDelayed(Handler.java:688)
11-06 12:53:11.622 10463 10463 W MessageQueue: 	at android.os.Handler.post(Handler.java:405)
11-06 12:53:11.622 10463 10463 W MessageQueue: 	at symlab.CloudAR.ARManager.recognizeTime(ARManager.java:151)
11-06 12:53:11.622 10463 10463 W MessageQueue: 	at symlab.ARHUD.MainActivity$3.onPreviewFrame(MainActivity.java:296)
11-06 12:53:11.622 10463 10463 W MessageQueue: 	at android.hardware.Camera$EventHandler.handleMessage(Camera.java:1278)
11-06 12:53:11.622 10463 10463 W MessageQueue: 	at android.os.Handler.dispatchMessage(Handler.java:112)
11-06 12:53:11.622 10463 10463 W MessageQueue: 	at android.os.Looper.loop(Looper.java:216)
11-06 12:53:11.622 10463 10463 W MessageQueue: 	at android.app.ActivityThread.main(ActivityThread.java:7579)
11-06 12:53:11.622 10463 10463 W MessageQueue: 	at java.lang.reflect.Method.invoke(Native Method)
11-06 12:53:11.622 10463 10463 W MessageQueue: 	at com.android.internal.os.RuntimeInit$MethodAndArgsCaller.run(RuntimeInit.java:524)
11-06 12:53:11.622 10463 10463 W MessageQueue: 	at com.android.internal.os.ZygoteInit.main(ZygoteInit.java:1034)
11-06 12:53:11.623 10463 10463 W MessageQueue: Handler (android.os.Handler) {765234} sending message to a Handler on a dead thread
11-06 12:53:11.623 10463 10463 W MessageQueue: java.lang.IllegalStateException: Handler (android.os.Handler) {765234} sending message to a Handler on a dead thread
11-06 12:53:11.623 10463 10463 W MessageQueue: 	at android.os.MessageQueue.enqueueMessage(MessageQueue.java:650)
11-06 12:53:11.623 10463 10463 W MessageQueue: 	at android.os.Handler.enqueueMessage(Handler.java:769)
11-06 12:53:11.623 10463 10463 W MessageQueue: 	at android.os.Handler.sendMessageAtTime(Handler.java:718)
11-06 12:53:11.623 10463 10463 W MessageQueue: 	at android.os.Handler.sendMessageDelayed(Handler.java:688)
11-06 12:53:11.623 10463 10463 W MessageQueue: 	at android.os.Handler.post(Handler.java:405)
11-06 12:53:11.623 10463 10463 W MessageQueue: 	at symlab.CloudAR.ARManager.driveFrame(ARManager.java:156)
11-06 12:53:11.623 10463 10463 W MessageQueue: 	at symlab.ARHUD.MainActivity$3.onPreviewFrame(MainActivity.java:297)
11-06 12:53:11.623 10463 10463 W MessageQueue: 	at android.hardware.Camera$EventHandler.handleMessage(Camera.java:1278)
11-06 12:53:11.623 10463 10463 W MessageQueue: 	at android.os.Handler.dispatchMessage(Handler.java:112)
11-06 12:53:11.623 10463 10463 W MessageQueue: 	at android.os.Looper.loop(Looper.java:216)
11-06 12:53:11.623 10463 10463 W MessageQueue: 	at android.app.ActivityThread.main(ActivityThread.java:7579)
11-06 12:53:11.623 10463 10463 W MessageQueue: 	at java.lang.reflect.Method.invoke(Native Method)
11-06 12:53:11.623 10463 10463 W MessageQueue: 	at com.android.internal.os.RuntimeInit$MethodAndArgsCaller.run(RuntimeInit.java:524)
11-06 12:53:11.623 10463 10463 W MessageQueue: 	at com.android.internal.os.ZygoteInit.main(ZygoteInit.java:1034)
11-06 12:53:11.655 10463 10463 D Poster  : At 1573037591655 location is 65.05780680573228 (latitude), and 25.468799452642457 (longitude)
11-06 12:53:11.657 10463 10463 D Poster  : Connected to mobile network 20
11-06 12:53:11.662 10463 10463 D Latitude: status
11-06 12:53:11.676 10463 10463 W MessageQueue: Handler (android.os.Handler) {765234} sending message to a Handler on a dead thread
11-06 12:53:11.676 10463 10463 W MessageQueue: java.lang.IllegalStateException: Handler (android.os.Handler) {765234} sending message to a Handler on a dead thread
11-06 12:53:11.676 10463 10463 W MessageQueue: 	at android.os.MessageQueue.enqueueMessage(MessageQueue.java:650)
11-06 12:53:11.676 10463 10463 W MessageQueue: 	at android.os.Handler.enqueueMessage(Handler.java:769)
11-06 12:53:11.676 10463 10463 W MessageQueue: 	at android.os.Handler.sendMessageAtTime(Handler.java:718)
11-06 12:53:11.676 10463 10463 W MessageQueue: 	at android.os.Handler.sendMessageDelayed(Handler.java:688)
11-06 12:53:11.676 10463 10463 W MessageQueue: 	at android.os.Handler.post(Handler.java:405)
11-06 12:53:11.676 10463 10463 W MessageQueue: 	at symlab.CloudAR.ARManager.recognizeTime(ARManager.java:151)
11-06 12:53:11.676 10463 10463 W MessageQueue: 	at symlab.ARHUD.MainActivity$3.onPreviewFrame(MainActivity.java:296)
11-06 12:53:11.676 10463 10463 W MessageQueue: 	at android.hardware.Camera$EventHandler.handleMessage(Camera.java:1278)
11-06 12:53:11.676 10463 10463 W MessageQueue: 	at android.os.Handler.dispatchMessage(Handler.java:112)
11-06 12:53:11.676 10463 10463 W MessageQueue: 	at android.os.Looper.loop(Looper.java:216)
11-06 12:53:11.676 10463 10463 W MessageQueue: 	at android.app.ActivityThread.main(ActivityThread.java:7579)
11-06 12:53:11.676 10463 10463 W MessageQueue: 	at java.lang.reflect.Method.invoke(Native Method)
11-06 12:53:11.676 10463 10463 W MessageQueue: 	at com.android.internal.os.RuntimeInit$MethodAndArgsCaller.run(RuntimeInit.java:524)
11-06 12:53:11.676 10463 10463 W MessageQueue: 	at com.android.internal.os.ZygoteInit.main(ZygoteInit.java:1034)
11-06 12:53:11.677 10463 10463 W MessageQueue: Handler (android.os.Handler) {765234} sending message to a Handler on a dead thread
11-06 12:53:11.677 10463 10463 W MessageQueue: java.lang.IllegalStateException: Handler (android.os.Handler) {765234} sending message to a Handler on a dead thread
11-06 12:53:11.677 10463 10463 W MessageQueue: 	at android.os.MessageQueue.enqueueMessage(MessageQueue.java:650)
11-06 12:53:11.677 10463 10463 W MessageQueue: 	at android.os.Handler.enqueueMessage(Handler.java:769)
11-06 12:53:11.677 10463 10463 W MessageQueue: 	at android.os.Handler.sendMessageAtTime(Handler.java:718)
11-06 12:53:11.677 10463 10463 W MessageQueue: 	at android.os.Handler.sendMessageDelayed(Handler.java:688)
11-06 12:53:11.677 10463 10463 W MessageQueue: 	at android.os.Handler.post(Handler.java:405)
11-06 12:53:11.677 10463 10463 W MessageQueue: 	at symlab.CloudAR.ARManager.driveFrame(ARManager.java:156)
11-06 12:53:11.677 10463 10463 W MessageQueue: 	at symlab.ARHUD.MainActivity$3.onPreviewFrame(MainActivity.java:297)
11-06 12:53:11.677 10463 10463 W MessageQueue: 	at android.hardware.Camera$EventHandler.handleMessage(Camera.java:1278)
11-06 12:53:11.677 10463 10463 W MessageQueue: 	at android.os.Handler.dispatchMessage(Handler.java:112)
11-06 12:53:11.677 10463 10463 W MessageQueue: 	at android.os.Looper.loop(Looper.java:216)
11-06 12:53:11.677 10463 10463 W MessageQueue: 	at android.app.ActivityThread.main(ActivityThread.java:7579)
11-06 12:53:11.677 10463 10463 W MessageQueue: 	at java.lang.reflect.Method.invoke(Native Method)
11-06 12:53:11.677 10463 10463 W MessageQueue: 	at com.android.internal.os.RuntimeInit$MethodAndArgsCaller.run(RuntimeInit.java:524)
11-06 12:53:11.677 10463 10463 W MessageQueue: 	at com.android.internal.os.ZygoteInit.main(ZygoteInit.java:1034)
11-06 12:53:11.742 10463 10463 W MessageQueue: Handler (android.os.Handler) {765234} sending message to a Handler on a dead thread
11-06 12:53:11.742 10463 10463 W MessageQueue: java.lang.IllegalStateException: Handler (android.os.Handler) {765234} sending message to a Handler on a dead thread
11-06 12:53:11.742 10463 10463 W MessageQueue: 	at android.os.MessageQueue.enqueueMessage(MessageQueue.java:650)
11-06 12:53:11.742 10463 10463 W MessageQueue: 	at android.os.Handler.enqueueMessage(Handler.java:769)
11-06 12:53:11.742 10463 10463 W MessageQueue: 	at android.os.Handler.sendMessageAtTime(Handler.java:718)
11-06 12:53:11.742 10463 10463 W MessageQueue: 	at android.os.Handler.sendMessageDelayed(Handler.java:688)
11-06 12:53:11.742 10463 10463 W MessageQueue: 	at android.os.Handler.post(Handler.java:405)
11-06 12:53:11.742 10463 10463 W MessageQueue: 	at symlab.CloudAR.ARManager.recognizeTime(ARManager.java:151)
11-06 12:53:11.742 10463 10463 W MessageQueue: 	at symlab.ARHUD.MainActivity$3.onPreviewFrame(MainActivity.java:296)
11-06 12:53:11.742 10463 10463 W MessageQueue: 	at android.hardware.Camera$EventHandler.handleMessage(Camera.java:1278)
11-06 12:53:11.742 10463 10463 W MessageQueue: 	at android.os.Handler.dispatchMessage(Handler.java:112)
11-06 12:53:11.742 10463 10463 W MessageQueue: 	at android.os.Looper.loop(Looper.java:216)
11-06 12:53:11.742 10463 10463 W MessageQueue: 	at android.app.ActivityThread.main(ActivityThread.java:7579)
11-06 12:53:11.742 10463 10463 W MessageQueue: 	at java.lang.reflect.Method.invoke(Native Method)
11-06 12:53:11.742 10463 10463 W MessageQueue: 	at com.android.internal.os.RuntimeInit$MethodAndArgsCaller.run(RuntimeInit.java:524)
11-06 12:53:11.742 10463 10463 W MessageQueue: 	at com.android.internal.os.ZygoteInit.main(ZygoteInit.java:1034)
11-06 12:53:11.743 10463 10463 W MessageQueue: Handler (android.os.Handler) {765234} sending message to a Handler on a dead thread
11-06 12:53:11.743 10463 10463 W MessageQueue: java.lang.IllegalStateException: Handler (android.os.Handler) {765234} sending message to a Handler on a dead thread
11-06 12:53:11.743 10463 10463 W MessageQueue: 	at android.os.MessageQueue.enqueueMessage(MessageQueue.java:650)
11-06 12:53:11.743 10463 10463 W MessageQueue: 	at android.os.Handler.enqueueMessage(Handler.java:769)
11-06 12:53:11.743 10463 10463 W MessageQueue: 	at android.os.Handler.sendMessageAtTime(Handler.java:718)
11-06 12:53:11.743 10463 10463 W MessageQueue: 	at android.os.Handler.sendMessageDelayed(Handler.java:688)
11-06 12:53:11.743 10463 10463 W MessageQueue: 	at android.os.Handler.post(Handler.java:405)
11-06 12:53:11.743 10463 10463 W MessageQueue: 	at symlab.CloudAR.ARManager.driveFrame(ARManager.java:156)
11-06 12:53:11.743 10463 10463 W MessageQueue: 	at symlab.ARHUD.MainActivity$3.onPreviewFrame(MainActivity.java:297)
11-06 12:53:11.743 10463 10463 W MessageQueue: 	at android.hardware.Camera$EventHandler.handleMessage(Camera.java:1278)
11-06 12:53:11.743 10463 10463 W MessageQueue: 	at android.os.Handler.dispatchMessage(Handler.java:112)
11-06 12:53:11.743 10463 10463 W MessageQueue: 	at android.os.Looper.loop(Looper.java:216)
11-06 12:53:11.743 10463 10463 W MessageQueue: 	at android.app.ActivityThread.main(ActivityThread.java:7579)
11-06 12:53:11.743 10463 10463 W MessageQueue: 	at java.lang.reflect.Method.invoke(Native Method)
11-06 12:53:11.743 10463 10463 W MessageQueue: 	at com.android.internal.os.RuntimeInit$MethodAndArgsCaller.run(RuntimeInit.java:524)
11-06 12:53:11.743 10463 10463 W MessageQueue: 	at com.android.internal.os.ZygoteInit.main(ZygoteInit.java:1034)
11-06 12:53:11.798 10463 10463 W MessageQueue: Handler (android.os.Handler) {765234} sending message to a Handler on a dead thread
11-06 12:53:11.798 10463 10463 W MessageQueue: java.lang.IllegalStateException: Handler (android.os.Handler) {765234} sending message to a Handler on a dead thread
11-06 12:53:11.798 10463 10463 W MessageQueue: 	at android.os.MessageQueue.enqueueMessage(MessageQueue.java:650)
11-06 12:53:11.798 10463 10463 W MessageQueue: 	at android.os.Handler.enqueueMessage(Handler.java:769)
11-06 12:53:11.798 10463 10463 W MessageQueue: 	at android.os.Handler.sendMessageAtTime(Handler.java:718)
11-06 12:53:11.798 10463 10463 W MessageQueue: 	at android.os.Handler.sendMessageDelayed(Handler.java:688)
11-06 12:53:11.798 10463 10463 W MessageQueue: 	at android.os.Handler.post(Handler.java:405)
11-06 12:53:11.798 10463 10463 W MessageQueue: 	at symlab.CloudAR.ARManager.recognizeTime(ARManager.java:151)
11-06 12:53:11.798 10463 10463 W MessageQueue: 	at symlab.ARHUD.MainActivity$3.onPreviewFrame(MainActivity.java:296)
11-06 12:53:11.798 10463 10463 W MessageQueue: 	at android.hardware.Camera$EventHandler.handleMessage(Camera.java:1278)
11-06 12:53:11.798 10463 10463 W MessageQueue: 	at android.os.Handler.dispatchMessage(Handler.java:112)
