--------- beginning of main
11-06 14:50:49.883 26903 26903 W logcat  : type=1400 audit(0.0:19263): avc: granted { create } for name="logcat_1573044649872.txt" scontext=u:r:untrusted_app:s0:c149,c256,c512,c768 tcontext=u:object_r:sdcardfs:s0:c149,c256,c512,c768 tclass=file
11-06 14:50:49.885 26880 26880 I MultiDex: Installing application
11-06 14:50:49.885 26880 26880 I MultiDex: VM has multidex support, MultiDex support library is disabled.
--------- beginning of system
11-06 14:50:49.888 26880 26880 V ActivityThread: callActivityOnCreate
11-06 14:50:49.888 26880 26880 I Poster  :  onCreate() called.
11-06 14:50:49.892 26880 26880 I HwApsImpl: APS: new HwApsImpl created
11-06 14:50:49.898 26880 26880 V HwWidgetFactory: : successes to get AllImpl object and return....
11-06 14:50:49.905 26880 26880 D OpenGLRenderer: Skia GL Pipeline
11-06 14:50:49.929 26880 26880 D Poster  : Server bound to IP 193.166.28.132 and port 52727
11-06 14:50:49.931 26880 26913 D Evaluation: metadata 0 sent 
11-06 14:50:49.932 26880 26880 D ActivityThread: add activity client record, r= ActivityRecord{24fb417 token=android.os.BinderProxy@3a687be {symlab.cloudridar.arhud/symlab.ARHUD.MainActivity}} token= android.os.BinderProxy@3a687be
11-06 14:50:49.934 26880 26880 I Poster  :  onStart() called.
11-06 14:50:49.935 26880 26880 D ZrHung.AppEyeUiProbe: notify runnable to start.
11-06 14:50:49.936 26880 26880 I Poster  :  onResume() called.
11-06 14:50:49.940 26880 26880 I PermissionManager: camera remind result:true
11-06 14:50:49.940 26880 26880 I Camera  : open camera: 0, package name: symlab.cloudridar.arhud
11-06 14:50:49.940 26880 26880 I BackgroundPermManager: pkgName: symlab.cloudridar.arhud,pid: 26880 ,uidOf3RdApk: 10149 ,permType: 0 ,permCfg: 1
11-06 14:50:49.941 26880 26880 I HwCameraUtil: notifySurfaceFlingerCameraStatus : isFront = false , isOpend = true
11-06 14:50:49.949 26880 26880 D ActivityThread: isOptEnabled=false isWechatScanOpt=false
11-06 14:50:49.951 26880 26880 I HwSecImmHelper: mSecurityInputMethodService is null
11-06 14:50:49.961 26880 26880 D OpenGLRenderer:   HWUI Binary is  enabled
11-06 14:50:49.988 26880 26934 D HiTouch_PressGestureDetector: onAttached, package=symlab.cloudridar.arhud, windowType=1, mHiTouchRestricted=false
11-06 14:50:50.002 26880 26930 I ConfigStore: android::hardware::configstore::V1_0::ISurfaceFlingerConfigs::hasWideColorDisplay retrieved: 0
11-06 14:50:50.002 26880 26930 I ConfigStore: android::hardware::configstore::V1_0::ISurfaceFlingerConfigs::hasHDRDisplay retrieved: 0
11-06 14:50:50.003 26880 26930 I iGraphics: [0020080c] pn: symlab.cloudridar.arhud, p: 26880
11-06 14:50:50.003 26880 26930 I OpenGLRenderer: Initialized EGL, version 1.4, mEglDisplay 0x1
11-06 14:50:50.003 26880 26930 D OpenGLRenderer: Swap behavior 2
11-06 14:50:50.014 26880 26930 D mali_winsys: EGLint new_window_surface(egl_winsys_display *, void *, EGLSurface, EGLConfig, egl_winsys_surface **, EGLBoolean) returns 0x3000
11-06 14:50:50.017 26880 26880 I Poster  :  surfaceCreated() called.
11-06 14:50:50.017 26880 26880 I Poster  : initPreview() called
11-06 14:50:50.021 26880 26880 I PermissionManager: camera remind result:true
11-06 14:50:50.025 26880 26880 I Poster  :  surfaceChanged() called.
11-06 14:50:50.042 26880 26880 W InputMethodManager: startInputReason = 1
11-06 14:50:50.051 26880 26880 W InputMethodManager: startInputReason = 5
11-06 14:50:50.106 26880 26880 D Poster  : At 1573044650106 location is 65.05963934058899 (latitude), and 25.466958519374902 (longitude)
11-06 14:50:50.109 26880 26880 D Poster  : Connected to mobile network 20
11-06 14:50:50.297 26880 26913 D Evaluation: metadata 1 sent 
11-06 14:50:50.323 26880 26913 D Evaluation: metadata 2 sent 
11-06 14:50:50.360 26880 26913 D Evaluation: metadata 3 sent 
11-06 14:50:50.394 26880 26913 D Evaluation: metadata 4 sent 
11-06 14:50:50.427 26880 26913 D Evaluation: metadata 5 sent 
11-06 14:50:50.482 26880 26913 D Evaluation: Frame 6 sent at 1573044650482
11-06 14:50:50.507 26880 26913 D Evaluation: Frame 7 sent at 1573044650507
11-06 14:50:50.541 26880 26913 D Evaluation: Frame 8 sent at 1573044650541
11-06 14:50:50.575 26880 26913 D Evaluation: Frame 9 sent at 1573044650575
11-06 14:50:50.611 26880 26913 D Evaluation: Frame 10 sent at 1573044650611
11-06 14:50:50.642 26880 26913 D Evaluation: Frame 11 sent at 1573044650642
11-06 14:50:50.675 26880 26913 D Evaluation: Frame 12 sent at 1573044650675
11-06 14:50:50.710 26880 26913 D Evaluation: Frame 13 sent at 1573044650710
11-06 14:50:50.744 26880 26913 D Evaluation: Frame 14 sent at 1573044650744
11-06 14:50:50.774 26880 26891 E         : [ZeroHung]zrhung_get_config: Get config failed for wp[0x0008]
11-06 14:50:50.774 26880 26913 D Evaluation: Frame 15 sent at 1573044650774
11-06 14:50:50.809 26880 26913 D Evaluation: Frame 16 sent at 1573044650809
11-06 14:50:50.845 26880 26913 D Evaluation: Frame 17 sent at 1573044650845
11-06 14:50:50.875 26880 26913 D Evaluation: Frame 18 sent at 1573044650875
11-06 14:50:50.908 26880 26913 D Evaluation: Frame 19 sent at 1573044650908
11-06 14:50:50.943 26880 26913 D Evaluation: Frame 20 sent at 1573044650943
11-06 14:50:50.976 26880 26913 D Evaluation: Frame 21 sent at 1573044650976
11-06 14:50:51.010 26880 26913 D Evaluation: Frame 22 sent at 1573044651010
11-06 14:50:51.044 26880 26913 D Evaluation: Frame 23 sent at 1573044651044
11-06 14:50:51.078 26880 26913 D Evaluation: Frame 24 sent at 1573044651078
11-06 14:50:51.096 26880 26880 D Poster  : At 1573044651096 location is 65.0596503181283 (latitude), and 25.46697422545311 (longitude)
11-06 14:50:51.097 26880 26880 D Poster  : Connected to mobile network 20
11-06 14:50:51.129 26880 26913 D Evaluation: Frame 25 sent at 1573044651129
11-06 14:50:51.145 26880 26913 D Evaluation: Frame 26 sent at 1573044651145
11-06 14:50:51.178 26880 26913 D Evaluation: Frame 27 sent at 1573044651178
11-06 14:50:51.212 26880 26913 D Evaluation: Frame 28 sent at 1573044651212
11-06 14:50:51.253 26880 26913 D Evaluation: Frame 29 sent at 1573044651253
11-06 14:50:51.294 26880 26913 D Evaluation: Frame 30 sent at 1573044651294
11-06 14:50:51.325 26880 26913 D Evaluation: Frame 31 sent at 1573044651325
11-06 14:50:51.363 26880 26913 D Evaluation: Frame 32 sent at 1573044651363
11-06 14:50:51.401 26880 26913 D Evaluation: Frame 33 sent at 1573044651401
11-06 14:50:51.439 26880 26913 W System.err: java.net.SocketException: Message too long
11-06 14:50:51.439 26880 26913 W System.err: 	at sun.nio.ch.DatagramChannelImpl.send0(Native Method)
11-06 14:50:51.439 26880 26913 W System.err: 	at sun.nio.ch.DatagramChannelImpl.sendFromNativeBuffer(DatagramChannelImpl.java:573)
11-06 14:50:51.439 26880 26913 W System.err: 	at sun.nio.ch.DatagramChannelImpl.send(DatagramChannelImpl.java:550)
11-06 14:50:51.439 26880 26913 W System.err: 	at sun.nio.ch.DatagramChannelImpl.send(DatagramChannelImpl.java:514)
11-06 14:50:51.439 26880 26913 W System.err: 	at symlab.CloudAR.network.TransmissionTask.run(TransmissionTask.java:124)
11-06 14:50:51.439 26880 26913 W System.err: 	at android.os.Handler.handleCallback(Handler.java:907)
11-06 14:50:51.439 26880 26913 W System.err: 	at android.os.Handler.dispatchMessage(Handler.java:105)
11-06 14:50:51.439 26880 26913 W System.err: 	at android.os.Looper.loop(Looper.java:216)
11-06 14:50:51.439 26880 26913 W System.err: 	at android.os.HandlerThread.run(HandlerThread.java:65)
11-06 14:50:51.473 26880 26913 D Evaluation: Frame 35 sent at 1573044651473
11-06 14:50:51.506 26880 26913 D Evaluation: Frame 36 sent at 1573044651506
11-06 14:50:51.541 26880 26913 D Evaluation: Frame 37 sent at 1573044651541
11-06 14:50:51.576 26880 26913 D Evaluation: Frame 38 sent at 1573044651576
11-06 14:50:51.610 26880 26913 W System.err: java.net.SocketException: Message too long
11-06 14:50:51.610 26880 26913 W System.err: 	at sun.nio.ch.DatagramChannelImpl.send0(Native Method)
11-06 14:50:51.610 26880 26913 W System.err: 	at sun.nio.ch.DatagramChannelImpl.sendFromNativeBuffer(DatagramChannelImpl.java:573)
11-06 14:50:51.610 26880 26913 W System.err: 	at sun.nio.ch.DatagramChannelImpl.send(DatagramChannelImpl.java:550)
11-06 14:50:51.610 26880 26913 W System.err: 	at sun.nio.ch.DatagramChannelImpl.send(DatagramChannelImpl.java:514)
11-06 14:50:51.610 26880 26913 W System.err: 	at symlab.CloudAR.network.TransmissionTask.run(TransmissionTask.java:124)
11-06 14:50:51.610 26880 26913 W System.err: 	at android.os.Handler.handleCallback(Handler.java:907)
11-06 14:50:51.610 26880 26913 W System.err: 	at android.os.Handler.dispatchMessage(Handler.java:105)
11-06 14:50:51.610 26880 26913 W System.err: 	at android.os.Looper.loop(Looper.java:216)
11-06 14:50:51.610 26880 26913 W System.err: 	at android.os.HandlerThread.run(HandlerThread.java:65)
11-06 14:50:51.645 26880 26913 W System.err: java.net.SocketException: Message too long
11-06 14:50:51.645 26880 26913 W System.err: 	at sun.nio.ch.DatagramChannelImpl.send0(Native Method)
11-06 14:50:51.645 26880 26913 W System.err: 	at sun.nio.ch.DatagramChannelImpl.sendFromNativeBuffer(DatagramChannelImpl.java:573)
11-06 14:50:51.645 26880 26913 W System.err: 	at sun.nio.ch.DatagramChannelImpl.send(DatagramChannelImpl.java:550)
11-06 14:50:51.645 26880 26913 W System.err: 	at sun.nio.ch.DatagramChannelImpl.send(DatagramChannelImpl.java:514)
11-06 14:50:51.645 26880 26913 W System.err: 	at symlab.CloudAR.network.TransmissionTask.run(TransmissionTask.java:124)
11-06 14:50:51.646 26880 26913 W System.err: 	at android.os.Handler.handleCallback(Handler.java:907)
11-06 14:50:51.646 26880 26913 W System.err: 	at android.os.Handler.dispatchMessage(Handler.java:105)
11-06 14:50:51.646 26880 26913 W System.err: 	at android.os.Looper.loop(Looper.java:216)
11-06 14:50:51.646 26880 26913 W System.err: 	at android.os.HandlerThread.run(HandlerThread.java:65)
11-06 14:50:51.675 26880 26913 W System.err: java.net.SocketException: Message too long
11-06 14:50:51.675 26880 26913 W System.err: 	at sun.nio.ch.DatagramChannelImpl.send0(Native Method)
11-06 14:50:51.675 26880 26913 W System.err: 	at sun.nio.ch.DatagramChannelImpl.sendFromNativeBuffer(DatagramChannelImpl.java:573)
11-06 14:50:51.675 26880 26913 W System.err: 	at sun.nio.ch.DatagramChannelImpl.send(DatagramChannelImpl.java:550)
11-06 14:50:51.675 26880 26913 W System.err: 	at sun.nio.ch.DatagramChannelImpl.send(DatagramChannelImpl.java:514)
11-06 14:50:51.675 26880 26913 W System.err: 	at symlab.CloudAR.network.TransmissionTask.run(TransmissionTask.java:124)
11-06 14:50:51.676 26880 26913 W System.err: 	at android.os.Handler.handleCallback(Handler.java:907)
11-06 14:50:51.676 26880 26913 W System.err: 	at android.os.Handler.dispatchMessage(Handler.java:105)
11-06 14:50:51.676 26880 26913 W System.err: 	at android.os.Looper.loop(Looper.java:216)
11-06 14:50:51.676 26880 26913 W System.err: 	at android.os.HandlerThread.run(HandlerThread.java:65)
11-06 14:50:51.696 26880 26913 W System.err: java.net.SocketException: Message too long
11-06 14:50:51.696 26880 26913 W System.err: 	at sun.nio.ch.DatagramChannelImpl.send0(Native Method)
11-06 14:50:51.696 26880 26913 W System.err: 	at sun.nio.ch.DatagramChannelImpl.sendFromNativeBuffer(DatagramChannelImpl.java:573)
11-06 14:50:51.696 26880 26913 W System.err: 	at sun.nio.ch.DatagramChannelImpl.send(DatagramChannelImpl.java:550)
11-06 14:50:51.696 26880 26913 W System.err: 	at sun.nio.ch.DatagramChannelImpl.send(DatagramChannelImpl.java:514)
11-06 14:50:51.696 26880 26913 W System.err: 	at symlab.CloudAR.network.TransmissionTask.run(TransmissionTask.java:124)
11-06 14:50:51.696 26880 26913 W System.err: 	at android.os.Handler.handleCallback(Handler.java:907)
11-06 14:50:51.696 26880 26913 W System.err: 	at android.os.Handler.dispatchMessage(Handler.java:105)
11-06 14:50:51.696 26880 26913 W System.err: 	at android.os.Looper.loop(Looper.java:216)
11-06 14:50:51.696 26880 26913 W System.err: 	at android.os.HandlerThread.run(HandlerThread.java:65)
11-06 14:50:51.734 26880 26913 W System.err: java.net.SocketException: Message too long
11-06 14:50:51.734 26880 26913 W System.err: 	at sun.nio.ch.DatagramChannelImpl.send0(Native Method)
11-06 14:50:51.734 26880 26913 W System.err: 	at sun.nio.ch.DatagramChannelImpl.sendFromNativeBuffer(DatagramChannelImpl.java:573)
11-06 14:50:51.734 26880 26913 W System.err: 	at sun.nio.ch.DatagramChannelImpl.send(DatagramChannelImpl.java:550)
11-06 14:50:51.734 26880 26913 W System.err: 	at sun.nio.ch.DatagramChannelImpl.send(DatagramChannelImpl.java:514)
11-06 14:50:51.734 26880 26913 W System.err: 	at symlab.CloudAR.network.TransmissionTask.run(TransmissionTask.java:124)
11-06 14:50:51.734 26880 26913 W System.err: 	at android.os.Handler.handleCallback(Handler.java:907)
11-06 14:50:51.734 26880 26913 W System.err: 	at android.os.Handler.dispatchMessage(Handler.java:105)
11-06 14:50:51.734 26880 26913 W System.err: 	at android.os.Looper.loop(Looper.java:216)
11-06 14:50:51.734 26880 26913 W System.err: 	at android.os.HandlerThread.run(HandlerThread.java:65)
11-06 14:50:51.770 26880 26913 W System.err: java.net.SocketException: Message too long
11-06 14:50:51.771 26880 26913 W System.err: 	at sun.nio.ch.DatagramChannelImpl.send0(Native Method)
11-06 14:50:51.771 26880 26913 W System.err: 	at sun.nio.ch.DatagramChannelImpl.sendFromNativeBuffer(DatagramChannelImpl.java:573)
11-06 14:50:51.771 26880 26913 W System.err: 	at sun.nio.ch.DatagramChannelImpl.send(DatagramChannelImpl.java:550)
11-06 14:50:51.771 26880 26913 W System.err: 	at sun.nio.ch.DatagramChannelImpl.send(DatagramChannelImpl.java:514)
11-06 14:50:51.771 26880 26913 W System.err: 	at symlab.CloudAR.network.TransmissionTask.run(TransmissionTask.java:124)
11-06 14:50:51.771 26880 26913 W System.err: 	at android.os.Handler.handleCallback(Handler.java:907)
11-06 14:50:51.771 26880 26913 W System.err: 	at android.os.Handler.dispatchMessage(Handler.java:105)
11-06 14:50:51.771 26880 26913 W System.err: 	at android.os.Looper.loop(Looper.java:216)
11-06 14:50:51.771 26880 26913 W System.err: 	at android.os.HandlerThread.run(HandlerThread.java:65)
11-06 14:50:51.799 26880 26913 W System.err: java.net.SocketException: Message too long
11-06 14:50:51.799 26880 26913 W System.err: 	at sun.nio.ch.DatagramChannelImpl.send0(Native Method)
11-06 14:50:51.799 26880 26913 W System.err: 	at sun.nio.ch.DatagramChannelImpl.sendFromNativeBuffer(DatagramChannelImpl.java:573)
11-06 14:50:51.799 26880 26913 W System.err: 	at sun.nio.ch.DatagramChannelImpl.send(DatagramChannelImpl.java:550)
11-06 14:50:51.799 26880 26913 W System.err: 	at sun.nio.ch.DatagramChannelImpl.send(DatagramChannelImpl.java:514)
11-06 14:50:51.799 26880 26913 W System.err: 	at symlab.CloudAR.network.TransmissionTask.run(TransmissionTask.java:124)
11-06 14:50:51.799 26880 26913 W System.err: 	at android.os.Handler.handleCallback(Handler.java:907)
11-06 14:50:51.799 26880 26913 W System.err: 	at android.os.Handler.dispatchMessage(Handler.java:105)
11-06 14:50:51.799 26880 26913 W System.err: 	at android.os.Looper.loop(Looper.java:216)
11-06 14:50:51.799 26880 26913 W System.err: 	at android.os.HandlerThread.run(HandlerThread.java:65)
11-06 14:50:51.836 26880 26891 E         : [ZeroHung]zrhung_get_config: Get config failed for wp[0x0008]
11-06 14:50:51.837 26880 26913 W System.err: java.net.SocketException: Message too long
11-06 14:50:51.837 26880 26913 W System.err: 	at sun.nio.ch.DatagramChannelImpl.send0(Native Method)
11-06 14:50:51.837 26880 26913 W System.err: 	at sun.nio.ch.DatagramChannelImpl.sendFromNativeBuffer(DatagramChannelImpl.java:573)
11-06 14:50:51.837 26880 26913 W System.err: 	at sun.nio.ch.DatagramChannelImpl.send(DatagramChannelImpl.java:550)
11-06 14:50:51.837 26880 26913 W System.err: 	at sun.nio.ch.DatagramChannelImpl.send(DatagramChannelImpl.java:514)
11-06 14:50:51.837 26880 26913 W System.err: 	at symlab.CloudAR.network.TransmissionTask.run(TransmissionTask.java:124)
11-06 14:50:51.837 26880 26913 W System.err: 	at android.os.Handler.handleCallback(Handler.java:907)
11-06 14:50:51.837 26880 26913 W System.err: 	at android.os.Handler.dispatchMessage(Handler.java:105)
11-06 14:50:51.837 26880 26913 W System.err: 	at android.os.Looper.loop(Looper.java:216)
11-06 14:50:51.837 26880 26913 W System.err: 	at android.os.HandlerThread.run(HandlerThread.java:65)
11-06 14:50:51.871 26880 26913 W System.err: java.net.SocketException: Message too long
11-06 14:50:51.871 26880 26913 W System.err: 	at sun.nio.ch.DatagramChannelImpl.send0(Native Method)
11-06 14:50:51.871 26880 26913 W System.err: 	at sun.nio.ch.DatagramChannelImpl.sendFromNativeBuffer(DatagramChannelImpl.java:573)
11-06 14:50:51.871 26880 26913 W System.err: 	at sun.nio.ch.DatagramChannelImpl.send(DatagramChannelImpl.java:550)
11-06 14:50:51.871 26880 26913 W System.err: 	at sun.nio.ch.DatagramChannelImpl.send(DatagramChannelImpl.java:514)
11-06 14:50:51.871 26880 26913 W System.err: 	at symlab.CloudAR.network.TransmissionTask.run(TransmissionTask.java:124)
11-06 14:50:51.871 26880 26913 W System.err: 	at android.os.Handler.handleCallback(Handler.java:907)
11-06 14:50:51.871 26880 26913 W System.err: 	at android.os.Handler.dispatchMessage(Handler.java:105)
11-06 14:50:51.871 26880 26913 W System.err: 	at android.os.Looper.loop(Looper.java:216)
11-06 14:50:51.871 26880 26913 W System.err: 	at android.os.HandlerThread.run(HandlerThread.java:65)
11-06 14:50:51.904 26880 26913 W System.err: java.net.SocketException: Message too long
11-06 14:50:51.904 26880 26913 W System.err: 	at sun.nio.ch.DatagramChannelImpl.send0(Native Method)
11-06 14:50:51.904 26880 26913 W System.err: 	at sun.nio.ch.DatagramChannelImpl.sendFromNativeBuffer(DatagramChannelImpl.java:573)
11-06 14:50:51.904 26880 26913 W System.err: 	at sun.nio.ch.DatagramChannelImpl.send(DatagramChannelImpl.java:550)
11-06 14:50:51.905 26880 26913 W System.err: 	at sun.nio.ch.DatagramChannelImpl.send(DatagramChannelImpl.java:514)
11-06 14:50:51.905 26880 26913 W System.err: 	at symlab.CloudAR.network.TransmissionTask.run(TransmissionTask.java:124)
11-06 14:50:51.905 26880 26913 W System.err: 	at android.os.Handler.handleCallback(Handler.java:907)
11-06 14:50:51.905 26880 26913 W System.err: 	at android.os.Handler.dispatchMessage(Handler.java:105)
11-06 14:50:51.905 26880 26913 W System.err: 	at android.os.Looper.loop(Looper.java:216)
11-06 14:50:51.905 26880 26913 W System.err: 	at android.os.HandlerThread.run(HandlerThread.java:65)
11-06 14:50:51.946 26880 26913 W System.err: java.net.SocketException: Message too long
11-06 14:50:51.946 26880 26913 W System.err: 	at sun.nio.ch.DatagramChannelImpl.send0(Native Method)
11-06 14:50:51.946 26880 26913 W System.err: 	at sun.nio.ch.DatagramChannelImpl.sendFromNativeBuffer(DatagramChannelImpl.java:573)
11-06 14:50:51.947 26880 26913 W System.err: 	at sun.nio.ch.DatagramChannelImpl.send(DatagramChannelImpl.java:550)
11-06 14:50:51.947 26880 26913 W System.err: 	at sun.nio.ch.DatagramChannelImpl.send(DatagramChannelImpl.java:514)
11-06 14:50:51.947 26880 26913 W System.err: 	at symlab.CloudAR.network.TransmissionTask.run(TransmissionTask.java:124)
11-06 14:50:51.947 26880 26913 W System.err: 	at android.os.Handler.handleCallback(Handler.java:907)
11-06 14:50:51.947 26880 26913 W System.err: 	at android.os.Handler.dispatchMessage(Handler.java:105)
11-06 14:50:51.947 26880 26913 W System.err: 	at android.os.Looper.loop(Looper.java:216)
11-06 14:50:51.947 26880 26913 W System.err: 	at android.os.HandlerThread.run(HandlerThread.java:65)
11-06 14:50:51.981 26880 26913 W System.err: java.net.SocketException: Message too long
11-06 14:50:51.981 26880 26913 W System.err: 	at sun.nio.ch.DatagramChannelImpl.send0(Native Method)
11-06 14:50:51.981 26880 26913 W System.err: 	at sun.nio.ch.DatagramChannelImpl.sendFromNativeBuffer(DatagramChannelImpl.java:573)
11-06 14:50:51.981 26880 26913 W System.err: 	at sun.nio.ch.DatagramChannelImpl.send(DatagramChannelImpl.java:550)
11-06 14:50:51.981 26880 26913 W System.err: 	at sun.nio.ch.DatagramChannelImpl.send(DatagramChannelImpl.java:514)
11-06 14:50:51.981 26880 26913 W System.err: 	at symlab.CloudAR.network.TransmissionTask.run(TransmissionTask.java:124)
11-06 14:50:51.981 26880 26913 W System.err: 	at android.os.Handler.handleCallback(Handler.java:907)
11-06 14:50:51.981 26880 26913 W System.err: 	at android.os.Handler.dispatchMessage(Handler.java:105)
11-06 14:50:51.981 26880 26913 W System.err: 	at android.os.Looper.loop(Looper.java:216)
11-06 14:50:51.981 26880 26913 W System.err: 	at android.os.HandlerThread.run(HandlerThread.java:65)
11-06 14:50:52.016 26880 26913 W System.err: java.net.SocketException: Message too long
11-06 14:50:52.016 26880 26913 W System.err: 	at sun.nio.ch.DatagramChannelImpl.send0(Native Method)
11-06 14:50:52.016 26880 26913 W System.err: 	at sun.nio.ch.DatagramChannelImpl.sendFromNativeBuffer(DatagramChannelImpl.java:573)
11-06 14:50:52.016 26880 26913 W System.err: 	at sun.nio.ch.DatagramChannelImpl.send(DatagramChannelImpl.java:550)
11-06 14:50:52.016 26880 26913 W System.err: 	at sun.nio.ch.DatagramChannelImpl.send(DatagramChannelImpl.java:514)
11-06 14:50:52.016 26880 26913 W System.err: 	at symlab.CloudAR.network.TransmissionTask.run(TransmissionTask.java:124)
11-06 14:50:52.016 26880 26913 W System.err: 	at android.os.Handler.handleCallback(Handler.java:907)
11-06 14:50:52.016 26880 26913 W System.err: 	at android.os.Handler.dispatchMessage(Handler.java:105)
11-06 14:50:52.016 26880 26913 W System.err: 	at android.os.Looper.loop(Looper.java:216)
11-06 14:50:52.016 26880 26913 W System.err: 	at android.os.HandlerThread.run(HandlerThread.java:65)
11-06 14:50:52.038 26880 26913 W System.err: java.net.SocketException: Message too long
11-06 14:50:52.038 26880 26913 W System.err: 	at sun.nio.ch.DatagramChannelImpl.send0(Native Method)
11-06 14:50:52.038 26880 26913 W System.err: 	at sun.nio.ch.DatagramChannelImpl.sendFromNativeBuffer(DatagramChannelImpl.java:573)
11-06 14:50:52.038 26880 26913 W System.err: 	at sun.nio.ch.DatagramChannelImpl.send(DatagramChannelImpl.java:550)
11-06 14:50:52.038 26880 26913 W System.err: 	at sun.nio.ch.DatagramChannelImpl.send(DatagramChannelImpl.java:514)
11-06 14:50:52.038 26880 26913 W System.err: 	at symlab.CloudAR.network.TransmissionTask.run(TransmissionTask.java:124)
11-06 14:50:52.038 26880 26913 W System.err: 	at android.os.Handler.handleCallback(Handler.java:907)
11-06 14:50:52.038 26880 26913 W System.err: 	at android.os.Handler.dispatchMessage(Handler.java:105)
11-06 14:50:52.038 26880 26913 W System.err: 	at android.os.Looper.loop(Looper.java:216)
11-06 14:50:52.038 26880 26913 W System.err: 	at android.os.HandlerThread.run(HandlerThread.java:65)
11-06 14:50:52.072 26880 26913 W System.err: java.net.SocketException: Message too long
11-06 14:50:52.072 26880 26913 W System.err: 	at sun.nio.ch.DatagramChannelImpl.send0(Native Method)
11-06 14:50:52.073 26880 26913 W System.err: 	at sun.nio.ch.DatagramChannelImpl.sendFromNativeBuffer(DatagramChannelImpl.java:573)
11-06 14:50:52.073 26880 26913 W System.err: 	at sun.nio.ch.DatagramChannelImpl.send(DatagramChannelImpl.java:550)
11-06 14:50:52.073 26880 26913 W System.err: 	at sun.nio.ch.DatagramChannelImpl.send(DatagramChannelImpl.java:514)
11-06 14:50:52.073 26880 26913 W System.err: 	at symlab.CloudAR.network.TransmissionTask.run(TransmissionTask.java:124)
11-06 14:50:52.073 26880 26913 W System.err: 	at android.os.Handler.handleCallback(Handler.java:907)
11-06 14:50:52.073 26880 26913 W System.err: 	at android.os.Handler.dispatchMessage(Handler.java:105)
11-06 14:50:52.073 26880 26913 W System.err: 	at android.os.Looper.loop(Looper.java:216)
11-06 14:50:52.073 26880 26913 W System.err: 	at android.os.HandlerThread.run(HandlerThread.java:65)
11-06 14:50:52.102 26880 26880 D Poster  : At 1573044652102 location is 65.05966550821998 (latitude), and 25.4669809772277 (longitude)
11-06 14:50:52.105 26880 26880 D Poster  : Connected to mobile network 20
11-06 14:50:52.109 26880 26913 W System.err: java.net.SocketException: Message too long
11-06 14:50:52.109 26880 26913 W System.err: 	at sun.nio.ch.DatagramChannelImpl.send0(Native Method)
11-06 14:50:52.109 26880 26913 W System.err: 	at sun.nio.ch.DatagramChannelImpl.sendFromNativeBuffer(DatagramChannelImpl.java:573)
11-06 14:50:52.109 26880 26913 W System.err: 	at sun.nio.ch.DatagramChannelImpl.send(DatagramChannelImpl.java:550)
11-06 14:50:52.109 26880 26913 W System.err: 	at sun.nio.ch.DatagramChannelImpl.send(DatagramChannelImpl.java:514)
11-06 14:50:52.109 26880 26913 W System.err: 	at symlab.CloudAR.network.TransmissionTask.run(TransmissionTask.java:124)
11-06 14:50:52.109 26880 26913 W System.err: 	at android.os.Handler.handleCallback(Handler.java:907)
11-06 14:50:52.109 26880 26913 W System.err: 	at android.os.Handler.dispatchMessage(Handler.java:105)
11-06 14:50:52.109 26880 26913 W System.err: 	at android.os.Looper.loop(Looper.java:216)
11-06 14:50:52.109 26880 26913 W System.err: 	at android.os.HandlerThread.run(HandlerThread.java:65)
11-06 14:50:52.144 26880 26913 W System.err: java.net.SocketException: Message too long
11-06 14:50:52.144 26880 26913 W System.err: 	at sun.nio.ch.DatagramChannelImpl.send0(Native Method)
11-06 14:50:52.144 26880 26913 W System.err: 	at sun.nio.ch.DatagramChannelImpl.sendFromNativeBuffer(DatagramChannelImpl.java:573)
11-06 14:50:52.144 26880 26913 W System.err: 	at sun.nio.ch.DatagramChannelImpl.send(DatagramChannelImpl.java:550)
11-06 14:50:52.144 26880 26913 W System.err: 	at sun.nio.ch.DatagramChannelImpl.send(DatagramChannelImpl.java:514)
11-06 14:50:52.144 26880 26913 W System.err: 	at symlab.CloudAR.network.TransmissionTask.run(TransmissionTask.java:124)
11-06 14:50:52.144 26880 26913 W System.err: 	at android.os.Handler.handleCallback(Handler.java:907)
11-06 14:50:52.144 26880 26913 W System.err: 	at android.os.Handler.dispatchMessage(Handler.java:105)
11-06 14:50:52.144 26880 26913 W System.err: 	at android.os.Looper.loop(Looper.java:216)
11-06 14:50:52.144 26880 26913 W System.err: 	at android.os.HandlerThread.run(HandlerThread.java:65)
11-06 14:50:52.190 26880 26913 W System.err: java.net.SocketException: Message too long
11-06 14:50:52.190 26880 26913 W System.err: 	at sun.nio.ch.DatagramChannelImpl.send0(Native Method)
11-06 14:50:52.190 26880 26913 W System.err: 	at sun.nio.ch.DatagramChannelImpl.sendFromNativeBuffer(DatagramChannelImpl.java:573)
11-06 14:50:52.190 26880 26913 W System.err: 	at sun.nio.ch.DatagramChannelImpl.send(DatagramChannelImpl.java:550)
11-06 14:50:52.190 26880 26913 W System.err: 	at sun.nio.ch.DatagramChannelImpl.send(DatagramChannelImpl.java:514)
11-06 14:50:52.190 26880 26913 W System.err: 	at symlab.CloudAR.network.TransmissionTask.run(TransmissionTask.java:124)
11-06 14:50:52.190 26880 26913 W System.err: 	at android.os.Handler.handleCallback(Handler.java:907)
11-06 14:50:52.190 26880 26913 W System.err: 	at android.os.Handler.dispatchMessage(Handler.java:105)
11-06 14:50:52.190 26880 26913 W System.err: 	at android.os.Looper.loop(Looper.java:216)
11-06 14:50:52.190 26880 26913 W System.err: 	at android.os.HandlerThread.run(HandlerThread.java:65)
11-06 14:50:52.232 26880 26913 W System.err: java.net.SocketException: Message too long
11-06 14:50:52.232 26880 26913 W System.err: 	at sun.nio.ch.DatagramChannelImpl.send0(Native Method)
11-06 14:50:52.232 26880 26913 W System.err: 	at sun.nio.ch.DatagramChannelImpl.sendFromNativeBuffer(DatagramChannelImpl.java:573)
11-06 14:50:52.232 26880 26913 W System.err: 	at sun.nio.ch.DatagramChannelImpl.send(DatagramChannelImpl.java:550)
11-06 14:50:52.232 26880 26913 W System.err: 	at sun.nio.ch.DatagramChannelImpl.send(DatagramChannelImpl.java:514)
11-06 14:50:52.232 26880 26913 W System.err: 	at symlab.CloudAR.network.TransmissionTask.run(TransmissionTask.java:124)
11-06 14:50:52.232 26880 26913 W System.err: 	at android.os.Handler.handleCallback(Handler.java:907)
11-06 14:50:52.232 26880 26913 W System.err: 	at android.os.Handler.dispatchMessage(Handler.java:105)
11-06 14:50:52.232 26880 26913 W System.err: 	at android.os.Looper.loop(Looper.java:216)
11-06 14:50:52.232 26880 26913 W System.err: 	at android.os.HandlerThread.run(HandlerThread.java:65)
11-06 14:50:52.257 26880 26913 W System.err: java.net.SocketException: Message too long
11-06 14:50:52.257 26880 26913 W System.err: 	at sun.nio.ch.DatagramChannelImpl.send0(Native Method)
11-06 14:50:52.257 26880 26913 W System.err: 	at sun.nio.ch.DatagramChannelImpl.sendFromNativeBuffer(DatagramChannelImpl.java:573)
11-06 14:50:52.257 26880 26913 W System.err: 	at sun.nio.ch.DatagramChannelImpl.send(DatagramChannelImpl.java:550)
11-06 14:50:52.257 26880 26913 W System.err: 	at sun.nio.ch.DatagramChannelImpl.send(DatagramChannelImpl.java:514)
11-06 14:50:52.257 26880 26913 W System.err: 	at symlab.CloudAR.network.TransmissionTask.run(TransmissionTask.java:124)
11-06 14:50:52.257 26880 26913 W System.err: 	at android.os.Handler.handleCallback(Handler.java:907)
11-06 14:50:52.257 26880 26913 W System.err: 	at android.os.Handler.dispatchMessage(Handler.java:105)
11-06 14:50:52.257 26880 26913 W System.err: 	at android.os.Looper.loop(Looper.java:216)
11-06 14:50:52.257 26880 26913 W System.err: 	at android.os.HandlerThread.run(HandlerThread.java:65)
11-06 14:50:52.293 26880 26913 W System.err: java.net.SocketException: Message too long
11-06 14:50:52.294 26880 26913 W System.err: 	at sun.nio.ch.DatagramChannelImpl.send0(Native Method)
11-06 14:50:52.294 26880 26913 W System.err: 	at sun.nio.ch.DatagramChannelImpl.sendFromNativeBuffer(DatagramChannelImpl.java:573)
11-06 14:50:52.294 26880 26913 W System.err: 	at sun.nio.ch.DatagramChannelImpl.send(DatagramChannelImpl.java:550)
11-06 14:50:52.294 26880 26913 W System.err: 	at sun.nio.ch.DatagramChannelImpl.send(DatagramChannelImpl.java:514)
11-06 14:50:52.294 26880 26913 W System.err: 	at symlab.CloudAR.network.TransmissionTask.run(TransmissionTask.java:124)
11-06 14:50:52.294 26880 26913 W System.err: 	at android.os.Handler.handleCallback(Handler.java:907)
11-06 14:50:52.294 26880 26913 W System.err: 	at android.os.Handler.dispatchMessage(Handler.java:105)
11-06 14:50:52.294 26880 26913 W System.err: 	at android.os.Looper.loop(Looper.java:216)
11-06 14:50:52.294 26880 26913 W System.err: 	at android.os.HandlerThread.run(HandlerThread.java:65)
11-06 14:50:52.332 26880 26913 W System.err: java.net.SocketException: Message too long
11-06 14:50:52.332 26880 26913 W System.err: 	at sun.nio.ch.DatagramChannelImpl.send0(Native Method)
11-06 14:50:52.332 26880 26913 W System.err: 	at sun.nio.ch.DatagramChannelImpl.sendFromNativeBuffer(DatagramChannelImpl.java:573)
11-06 14:50:52.332 26880 26913 W System.err: 	at sun.nio.ch.DatagramChannelImpl.send(DatagramChannelImpl.java:550)
11-06 14:50:52.332 26880 26913 W System.err: 	at sun.nio.ch.DatagramChannelImpl.send(DatagramChannelImpl.java:514)
11-06 14:50:52.333 26880 26913 W System.err: 	at symlab.CloudAR.network.TransmissionTask.run(TransmissionTask.java:124)
11-06 14:50:52.333 26880 26913 W System.err: 	at android.os.Handler.handleCallback(Handler.java:907)
11-06 14:50:52.333 26880 26913 W System.err: 	at android.os.Handler.dispatchMessage(Handler.java:105)
11-06 14:50:52.333 26880 26913 W System.err: 	at android.os.Looper.loop(Looper.java:216)
11-06 14:50:52.333 26880 26913 W System.err: 	at android.os.HandlerThread.run(HandlerThread.java:65)
11-06 14:50:52.369 26880 26913 W System.err: java.net.SocketException: Message too long
11-06 14:50:52.369 26880 26913 W System.err: 	at sun.nio.ch.DatagramChannelImpl.send0(Native Method)
11-06 14:50:52.369 26880 26913 W System.err: 	at sun.nio.ch.DatagramChannelImpl.sendFromNativeBuffer(DatagramChannelImpl.java:573)
11-06 14:50:52.369 26880 26913 W System.err: 	at sun.nio.ch.DatagramChannelImpl.send(DatagramChannelImpl.java:550)
11-06 14:50:52.369 26880 26913 W System.err: 	at sun.nio.ch.DatagramChannelImpl.send(DatagramChannelImpl.java:514)
11-06 14:50:52.369 26880 26913 W System.err: 	at symlab.CloudAR.network.TransmissionTask.run(TransmissionTask.java:124)
11-06 14:50:52.369 26880 26913 W System.err: 	at android.os.Handler.handleCallback(Handler.java:907)
11-06 14:50:52.369 26880 26913 W System.err: 	at android.os.Handler.dispatchMessage(Handler.java:105)
11-06 14:50:52.369 26880 26913 W System.err: 	at android.os.Looper.loop(Looper.java:216)
11-06 14:50:52.370 26880 26913 W System.err: 	at android.os.HandlerThread.run(HandlerThread.java:65)
11-06 14:50:52.407 26880 26913 W System.err: java.net.SocketException: Message too long
11-06 14:50:52.407 26880 26913 W System.err: 	at sun.nio.ch.DatagramChannelImpl.send0(Native Method)
11-06 14:50:52.407 26880 26913 W System.err: 	at sun.nio.ch.DatagramChannelImpl.sendFromNativeBuffer(DatagramChannelImpl.java:573)
11-06 14:50:52.407 26880 26913 W System.err: 	at sun.nio.ch.DatagramChannelImpl.send(DatagramChannelImpl.java:550)
11-06 14:50:52.407 26880 26913 W System.err: 	at sun.nio.ch.DatagramChannelImpl.send(DatagramChannelImpl.java:514)
11-06 14:50:52.407 26880 26913 W System.err: 	at symlab.CloudAR.network.TransmissionTask.run(TransmissionTask.java:124)
11-06 14:50:52.407 26880 26913 W System.err: 	at android.os.Handler.handleCallback(Handler.java:907)
11-06 14:50:52.407 26880 26913 W System.err: 	at android.os.Handler.dispatchMessage(Handler.java:105)
11-06 14:50:52.407 26880 26913 W System.err: 	at android.os.Looper.loop(Looper.java:216)
11-06 14:50:52.407 26880 26913 W System.err: 	at android.os.HandlerThread.run(HandlerThread.java:65)
11-06 14:50:52.442 26880 26913 W System.err: java.net.SocketException: Message too long
11-06 14:50:52.443 26880 26913 W System.err: 	at sun.nio.ch.DatagramChannelImpl.send0(Native Method)
11-06 14:50:52.443 26880 26913 W System.err: 	at sun.nio.ch.DatagramChannelImpl.sendFromNativeBuffer(DatagramChannelImpl.java:573)
11-06 14:50:52.443 26880 26913 W System.err: 	at sun.nio.ch.DatagramChannelImpl.send(DatagramChannelImpl.java:550)
11-06 14:50:52.443 26880 26913 W System.err: 	at sun.nio.ch.DatagramChannelImpl.send(DatagramChannelImpl.java:514)
11-06 14:50:52.443 26880 26913 W System.err: 	at symlab.CloudAR.network.TransmissionTask.run(TransmissionTask.java:124)
11-06 14:50:52.443 26880 26913 W System.err: 	at android.os.Handler.handleCallback(Handler.java:907)
11-06 14:50:52.443 26880 26913 W System.err: 	at android.os.Handler.dispatchMessage(Handler.java:105)
11-06 14:50:52.443 26880 26913 W System.err: 	at android.os.Looper.loop(Looper.java:216)
11-06 14:50:52.443 26880 26913 W System.err: 	at android.os.HandlerThread.run(HandlerThread.java:65)
11-06 14:50:52.482 26880 26891 E         : [ZeroHung]zrhung_get_config: Get config failed for wp[0x0008]
11-06 14:50:52.485 26880 26913 W System.err: java.net.SocketException: Message too long
11-06 14:50:52.486 26880 26913 W System.err: 	at sun.nio.ch.DatagramChannelImpl.send0(Native Method)
11-06 14:50:52.486 26880 26913 W System.err: 	at sun.nio.ch.DatagramChannelImpl.sendFromNativeBuffer(DatagramChannelImpl.java:573)
11-06 14:50:52.486 26880 26913 W System.err: 	at sun.nio.ch.DatagramChannelImpl.send(DatagramChannelImpl.java:550)
11-06 14:50:52.486 26880 26913 W System.err: 	at sun.nio.ch.DatagramChannelImpl.send(DatagramChannelImpl.java:514)
11-06 14:50:52.486 26880 26913 W System.err: 	at symlab.CloudAR.network.TransmissionTask.run(TransmissionTask.java:124)
11-06 14:50:52.486 26880 26913 W System.err: 	at android.os.Handler.handleCallback(Handler.java:907)
11-06 14:50:52.486 26880 26913 W System.err: 	at android.os.Handler.dispatchMessage(Handler.java:105)
11-06 14:50:52.486 26880 26913 W System.err: 	at android.os.Looper.loop(Looper.java:216)
11-06 14:50:52.486 26880 26913 W System.err: 	at android.os.HandlerThread.run(HandlerThread.java:65)
11-06 14:50:52.507 26880 26913 W System.err: java.net.SocketException: Message too long
11-06 14:50:52.507 26880 26913 W System.err: 	at sun.nio.ch.DatagramChannelImpl.send0(Native Method)
11-06 14:50:52.507 26880 26913 W System.err: 	at sun.nio.ch.DatagramChannelImpl.sendFromNativeBuffer(DatagramChannelImpl.java:573)
11-06 14:50:52.507 26880 26913 W System.err: 	at sun.nio.ch.DatagramChannelImpl.send(DatagramChannelImpl.java:550)
11-06 14:50:52.508 26880 26913 W System.err: 	at sun.nio.ch.DatagramChannelImpl.send(DatagramChannelImpl.java:514)
11-06 14:50:52.508 26880 26913 W System.err: 	at symlab.CloudAR.network.TransmissionTask.run(TransmissionTask.java:124)
11-06 14:50:52.508 26880 26913 W System.err: 	at android.os.Handler.handleCallback(Handler.java:907)
11-06 14:50:52.508 26880 26913 W System.err: 	at android.os.Handler.dispatchMessage(Handler.java:105)
11-06 14:50:52.508 26880 26913 W System.err: 	at android.os.Looper.loop(Looper.java:216)
11-06 14:50:52.508 26880 26913 W System.err: 	at android.os.HandlerThread.run(HandlerThread.java:65)
11-06 14:50:52.541 26880 26913 W System.err: java.net.SocketException: Message too long
11-06 14:50:52.541 26880 26913 W System.err: 	at sun.nio.ch.DatagramChannelImpl.send0(Native Method)
11-06 14:50:52.541 26880 26913 W System.err: 	at sun.nio.ch.DatagramChannelImpl.sendFromNativeBuffer(DatagramChannelImpl.java:573)
11-06 14:50:52.541 26880 26913 W System.err: 	at sun.nio.ch.DatagramChannelImpl.send(DatagramChannelImpl.java:550)
11-06 14:50:52.541 26880 26913 W System.err: 	at sun.nio.ch.DatagramChannelImpl.send(DatagramChannelImpl.java:514)
11-06 14:50:52.541 26880 26913 W System.err: 	at symlab.CloudAR.network.TransmissionTask.run(TransmissionTask.java:124)
11-06 14:50:52.541 26880 26913 W System.err: 	at android.os.Handler.handleCallback(Handler.java:907)
11-06 14:50:52.541 26880 26913 W System.err: 	at android.os.Handler.dispatchMessage(Handler.java:105)
11-06 14:50:52.541 26880 26913 W System.err: 	at android.os.Looper.loop(Looper.java:216)
11-06 14:50:52.541 26880 26913 W System.err: 	at android.os.HandlerThread.run(HandlerThread.java:65)
11-06 14:50:52.578 26880 26913 W System.err: java.net.SocketException: Message too long
11-06 14:50:52.579 26880 26913 W System.err: 	at sun.nio.ch.DatagramChannelImpl.send0(Native Method)
11-06 14:50:52.579 26880 26913 W System.err: 	at sun.nio.ch.DatagramChannelImpl.sendFromNativeBuffer(DatagramChannelImpl.java:573)
11-06 14:50:52.579 26880 26913 W System.err: 	at sun.nio.ch.DatagramChannelImpl.send(DatagramChannelImpl.java:550)
11-06 14:50:52.579 26880 26913 W System.err: 	at sun.nio.ch.DatagramChannelImpl.send(DatagramChannelImpl.java:514)
11-06 14:50:52.579 26880 26913 W System.err: 	at symlab.CloudAR.network.TransmissionTask.run(TransmissionTask.java:124)
11-06 14:50:52.579 26880 26913 W System.err: 	at android.os.Handler.handleCallback(Handler.java:907)
11-06 14:50:52.579 26880 26913 W System.err: 	at android.os.Handler.dispatchMessage(Handler.java:105)
11-06 14:50:52.579 26880 26913 W System.err: 	at android.os.Looper.loop(Looper.java:216)
11-06 14:50:52.579 26880 26913 W System.err: 	at android.os.HandlerThread.run(HandlerThread.java:65)
11-06 14:50:52.618 26880 26913 W System.err: java.net.SocketException: Message too long
11-06 14:50:52.619 26880 26913 W System.err: 	at sun.nio.ch.DatagramChannelImpl.send0(Native Method)
11-06 14:50:52.619 26880 26913 W System.err: 	at sun.nio.ch.DatagramChannelImpl.sendFromNativeBuffer(DatagramChannelImpl.java:573)
11-06 14:50:52.619 26880 26913 W System.err: 	at sun.nio.ch.DatagramChannelImpl.send(DatagramChannelImpl.java:550)
11-06 14:50:52.619 26880 26913 W System.err: 	at sun.nio.ch.DatagramChannelImpl.send(DatagramChannelImpl.java:514)
11-06 14:50:52.619 26880 26913 W System.err: 	at symlab.CloudAR.network.TransmissionTask.run(TransmissionTask.java:124)
11-06 14:50:52.619 26880 26913 W System.err: 	at android.os.Handler.handleCallback(Handler.java:907)
11-06 14:50:52.619 26880 26913 W System.err: 	at android.os.Handler.dispatchMessage(Handler.java:105)
11-06 14:50:52.619 26880 26913 W System.err: 	at android.os.Looper.loop(Looper.java:216)
11-06 14:50:52.619 26880 26913 W System.err: 	at android.os.HandlerThread.run(HandlerThread.java:65)
11-06 14:50:52.650 26880 26913 W System.err: java.net.SocketException: Message too long
11-06 14:50:52.650 26880 26913 W System.err: 	at sun.nio.ch.DatagramChannelImpl.send0(Native Method)
11-06 14:50:52.650 26880 26913 W System.err: 	at sun.nio.ch.DatagramChannelImpl.sendFromNativeBuffer(DatagramChannelImpl.java:573)
11-06 14:50:52.650 26880 26913 W System.err: 	at sun.nio.ch.DatagramChannelImpl.send(DatagramChannelImpl.java:550)
11-06 14:50:52.650 26880 26913 W System.err: 	at sun.nio.ch.DatagramChannelImpl.send(DatagramChannelImpl.java:514)
11-06 14:50:52.650 26880 26913 W System.err: 	at symlab.CloudAR.network.TransmissionTask.run(TransmissionTask.java:124)
11-06 14:50:52.650 26880 26913 W System.err: 	at android.os.Handler.handleCallback(Handler.java:907)
11-06 14:50:52.650 26880 26913 W System.err: 	at android.os.Handler.dispatchMessage(Handler.java:105)
11-06 14:50:52.650 26880 26913 W System.err: 	at android.os.Looper.loop(Looper.java:216)
11-06 14:50:52.650 26880 26913 W System.err: 	at android.os.HandlerThread.run(HandlerThread.java:65)
11-06 14:50:52.678 26880 26913 W System.err: java.net.SocketException: Message too long
11-06 14:50:52.678 26880 26913 W System.err: 	at sun.nio.ch.DatagramChannelImpl.send0(Native Method)
11-06 14:50:52.678 26880 26913 W System.err: 	at sun.nio.ch.DatagramChannelImpl.sendFromNativeBuffer(DatagramChannelImpl.java:573)
11-06 14:50:52.678 26880 26913 W System.err: 	at sun.nio.ch.DatagramChannelImpl.send(DatagramChannelImpl.java:550)
11-06 14:50:52.678 26880 26913 W System.err: 	at sun.nio.ch.DatagramChannelImpl.send(DatagramChannelImpl.java:514)
11-06 14:50:52.678 26880 26913 W System.err: 	at symlab.CloudAR.network.TransmissionTask.run(TransmissionTask.java:124)
11-06 14:50:52.678 26880 26913 W System.err: 	at android.os.Handler.handleCallback(Handler.java:907)
11-06 14:50:52.678 26880 26913 W System.err: 	at android.os.Handler.dispatchMessage(Handler.java:105)
11-06 14:50:52.678 26880 26913 W System.err: 	at android.os.Looper.loop(Looper.java:216)
11-06 14:50:52.678 26880 26913 W System.err: 	at android.os.HandlerThread.run(HandlerThread.java:65)
11-06 14:50:52.754 26880 26913 W System.err: java.net.SocketException: Message too long
11-06 14:50:52.754 26880 26913 W System.err: 	at sun.nio.ch.DatagramChannelImpl.send0(Native Method)
11-06 14:50:52.754 26880 26913 W System.err: 	at sun.nio.ch.DatagramChannelImpl.sendFromNativeBuffer(DatagramChannelImpl.java:573)
11-06 14:50:52.754 26880 26913 W System.err: 	at sun.nio.ch.DatagramChannelImpl.send(DatagramChannelImpl.java:550)
11-06 14:50:52.754 26880 26913 W System.err: 	at sun.nio.ch.DatagramChannelImpl.send(DatagramChannelImpl.java:514)
11-06 14:50:52.754 26880 26913 W System.err: 	at symlab.CloudAR.network.TransmissionTask.run(TransmissionTask.java:124)
11-06 14:50:52.754 26880 26913 W System.err: 	at android.os.Handler.handleCallback(Handler.java:907)
11-06 14:50:52.754 26880 26913 W System.err: 	at android.os.Handler.dispatchMessage(Handler.java:105)
11-06 14:50:52.754 26880 26913 W System.err: 	at android.os.Looper.loop(Looper.java:216)
11-06 14:50:52.754 26880 26913 W System.err: 	at android.os.HandlerThread.run(HandlerThread.java:65)
11-06 14:50:52.792 26880 26913 W System.err: java.net.SocketException: Message too long
11-06 14:50:52.792 26880 26913 W System.err: 	at sun.nio.ch.DatagramChannelImpl.send0(Native Method)
11-06 14:50:52.792 26880 26913 W System.err: 	at sun.nio.ch.DatagramChannelImpl.sendFromNativeBuffer(DatagramChannelImpl.java:573)
11-06 14:50:52.792 26880 26913 W System.err: 	at sun.nio.ch.DatagramChannelImpl.send(DatagramChannelImpl.java:550)
11-06 14:50:52.792 26880 26913 W System.err: 	at sun.nio.ch.DatagramChannelImpl.send(DatagramChannelImpl.java:514)
11-06 14:50:52.792 26880 26913 W System.err: 	at symlab.CloudAR.network.TransmissionTask.run(TransmissionTask.java:124)
11-06 14:50:52.792 26880 26913 W System.err: 	at android.os.Handler.handleCallback(Handler.java:907)
11-06 14:50:52.792 26880 26913 W System.err: 	at android.os.Handler.dispatchMessage(Handler.java:105)
11-06 14:50:52.792 26880 26913 W System.err: 	at android.os.Looper.loop(Looper.java:216)
11-06 14:50:52.792 26880 26913 W System.err: 	at android.os.HandlerThread.run(HandlerThread.java:65)
11-06 14:50:52.820 26880 26913 W System.err: java.net.SocketException: Message too long
11-06 14:50:52.820 26880 26913 W System.err: 	at sun.nio.ch.DatagramChannelImpl.send0(Native Method)
11-06 14:50:52.820 26880 26913 W System.err: 	at sun.nio.ch.DatagramChannelImpl.sendFromNativeBuffer(DatagramChannelImpl.java:573)
11-06 14:50:52.820 26880 26913 W System.err: 	at sun.nio.ch.DatagramChannelImpl.send(DatagramChannelImpl.java:550)
11-06 14:50:52.820 26880 26913 W System.err: 	at sun.nio.ch.DatagramChannelImpl.send(DatagramChannelImpl.java:514)
11-06 14:50:52.820 26880 26913 W System.err: 	at symlab.CloudAR.network.TransmissionTask.run(TransmissionTask.java:124)
11-06 14:50:52.820 26880 26913 W System.err: 	at android.os.Handler.handleCallback(Handler.java:907)
11-06 14:50:52.820 26880 26913 W System.err: 	at android.os.Handler.dispatchMessage(Handler.java:105)
11-06 14:50:52.820 26880 26913 W System.err: 	at android.os.Looper.loop(Looper.java:216)
11-06 14:50:52.820 26880 26913 W System.err: 	at android.os.HandlerThread.run(HandlerThread.java:65)
11-06 14:50:52.844 26880 26913 W System.err: java.net.SocketException: Message too long
11-06 14:50:52.844 26880 26913 W System.err: 	at sun.nio.ch.DatagramChannelImpl.send0(Native Method)
11-06 14:50:52.844 26880 26913 W System.err: 	at sun.nio.ch.DatagramChannelImpl.sendFromNativeBuffer(DatagramChannelImpl.java:573)
11-06 14:50:52.844 26880 26913 W System.err: 	at sun.nio.ch.DatagramChannelImpl.send(DatagramChannelImpl.java:550)
11-06 14:50:52.844 26880 26913 W System.err: 	at sun.nio.ch.DatagramChannelImpl.send(DatagramChannelImpl.java:514)
11-06 14:50:52.844 26880 26913 W System.err: 	at symlab.CloudAR.network.TransmissionTask.run(TransmissionTask.java:124)
11-06 14:50:52.844 26880 26913 W System.err: 	at android.os.Handler.handleCallback(Handler.java:907)
11-06 14:50:52.844 26880 26913 W System.err: 	at android.os.Handler.dispatchMessage(Handler.java:105)
11-06 14:50:52.844 26880 26913 W System.err: 	at android.os.Looper.loop(Looper.java:216)
11-06 14:50:52.844 26880 26913 W System.err: 	at android.os.HandlerThread.run(HandlerThread.java:65)
11-06 14:50:52.885 26880 26913 W System.err: java.net.SocketException: Message too long
11-06 14:50:52.886 26880 26913 W System.err: 	at sun.nio.ch.DatagramChannelImpl.send0(Native Method)
11-06 14:50:52.886 26880 26913 W System.err: 	at sun.nio.ch.DatagramChannelImpl.sendFromNativeBuffer(DatagramChannelImpl.java:573)
11-06 14:50:52.886 26880 26913 W System.err: 	at sun.nio.ch.DatagramChannelImpl.send(DatagramChannelImpl.java:550)
11-06 14:50:52.886 26880 26913 W System.err: 	at sun.nio.ch.DatagramChannelImpl.send(DatagramChannelImpl.java:514)
11-06 14:50:52.886 26880 26913 W System.err: 	at symlab.CloudAR.network.TransmissionTask.run(TransmissionTask.java:124)
11-06 14:50:52.886 26880 26913 W System.err: 	at android.os.Handler.handleCallback(Handler.java:907)
11-06 14:50:52.886 26880 26913 W System.err: 	at android.os.Handler.dispatchMessage(Handler.java:105)
11-06 14:50:52.886 26880 26913 W System.err: 	at android.os.Looper.loop(Looper.java:216)
11-06 14:50:52.886 26880 26913 W System.err: 	at android.os.HandlerThread.run(HandlerThread.java:65)
11-06 14:50:52.911 26880 26913 W System.err: java.net.SocketException: Message too long
11-06 14:50:52.911 26880 26913 W System.err: 	at sun.nio.ch.DatagramChannelImpl.send0(Native Method)
11-06 14:50:52.911 26880 26913 W System.err: 	at sun.nio.ch.DatagramChannelImpl.sendFromNativeBuffer(DatagramChannelImpl.java:573)
11-06 14:50:52.911 26880 26913 W System.err: 	at sun.nio.ch.DatagramChannelImpl.send(DatagramChannelImpl.java:550)
11-06 14:50:52.911 26880 26913 W System.err: 	at sun.nio.ch.DatagramChannelImpl.send(DatagramChannelImpl.java:514)
11-06 14:50:52.911 26880 26913 W System.err: 	at symlab.CloudAR.network.TransmissionTask.run(TransmissionTask.java:124)
11-06 14:50:52.911 26880 26913 W System.err: 	at android.os.Handler.handleCallback(Handler.java:907)
11-06 14:50:52.911 26880 26913 W System.err: 	at android.os.Handler.dispatchMessage(Handler.java:105)
11-06 14:50:52.911 26880 26913 W System.err: 	at android.os.Looper.loop(Looper.java:216)
11-06 14:50:52.911 26880 26913 W System.err: 	at android.os.HandlerThread.run(HandlerThread.java:65)
11-06 14:50:52.946 26880 26913 W System.err: java.net.SocketException: Message too long
11-06 14:50:52.946 26880 26913 W System.err: 	at sun.nio.ch.DatagramChannelImpl.send0(Native Method)
11-06 14:50:52.946 26880 26913 W System.err: 	at sun.nio.ch.DatagramChannelImpl.sendFromNativeBuffer(DatagramChannelImpl.java:573)
11-06 14:50:52.946 26880 26913 W System.err: 	at sun.nio.ch.DatagramChannelImpl.send(DatagramChannelImpl.java:550)
11-06 14:50:52.946 26880 26913 W System.err: 	at sun.nio.ch.DatagramChannelImpl.send(DatagramChannelImpl.java:514)
11-06 14:50:52.946 26880 26913 W System.err: 	at symlab.CloudAR.network.TransmissionTask.run(TransmissionTask.java:124)
11-06 14:50:52.946 26880 26913 W System.err: 	at android.os.Handler.handleCallback(Handler.java:907)
11-06 14:50:52.946 26880 26913 W System.err: 	at android.os.Handler.dispatchMessage(Handler.java:105)
11-06 14:50:52.946 26880 26913 W System.err: 	at android.os.Looper.loop(Looper.java:216)
11-06 14:50:52.946 26880 26913 W System.err: 	at android.os.HandlerThread.run(HandlerThread.java:65)
11-06 14:50:52.980 26880 26913 W System.err: java.net.SocketException: Message too long
11-06 14:50:52.981 26880 26913 W System.err: 	at sun.nio.ch.DatagramChannelImpl.send0(Native Method)
11-06 14:50:52.981 26880 26913 W System.err: 	at sun.nio.ch.DatagramChannelImpl.sendFromNativeBuffer(DatagramChannelImpl.java:573)
