10-28 13:11:34.161 12651 12730 W System.err: 	at sun.nio.ch.DatagramChannelImpl.send0(Native Method)
10-28 13:11:34.161 12651 12730 W System.err: 	at sun.nio.ch.DatagramChannelImpl.sendFromNativeBuffer(DatagramChannelImpl.java:573)
10-28 13:11:34.161 12651 12730 W System.err: 	at sun.nio.ch.DatagramChannelImpl.send(DatagramChannelImpl.java:550)
10-28 13:11:34.161 12651 12730 W System.err: 	at sun.nio.ch.DatagramChannelImpl.send(DatagramChannelImpl.java:514)
10-28 13:11:34.161 12651 12730 W System.err: 	at symlab.CloudAR.network.TransmissionTask.run(TransmissionTask.java:112)
10-28 13:11:34.161 12651 12730 W System.err: 	at android.os.Handler.handleCallback(Handler.java:874)
10-28 13:11:34.161 12651 12730 W System.err: 	at android.os.Handler.dispatchMessage(Handler.java:100)
10-28 13:11:34.161 12651 12730 W System.err: 	at android.os.Looper.loop(Looper.java:198)
10-28 13:11:34.161 12651 12730 W System.err: 	at android.os.HandlerThread.run(HandlerThread.java:65)
10-28 13:11:34.202 12651 12730 W System.err: java.net.SocketException: Network is unreachable
10-28 13:11:34.202 12651 12730 W System.err: 	at sun.nio.ch.DatagramChannelImpl.send0(Native Method)
10-28 13:11:34.202 12651 12730 W System.err: 	at sun.nio.ch.DatagramChannelImpl.sendFromNativeBuffer(DatagramChannelImpl.java:573)
10-28 13:11:34.202 12651 12730 W System.err: 	at sun.nio.ch.DatagramChannelImpl.send(DatagramChannelImpl.java:550)
10-28 13:11:34.202 12651 12730 W System.err: 	at sun.nio.ch.DatagramChannelImpl.send(DatagramChannelImpl.java:514)
10-28 13:11:34.202 12651 12730 W System.err: 	at symlab.CloudAR.network.TransmissionTask.run(TransmissionTask.java:112)
10-28 13:11:34.202 12651 12730 W System.err: 	at android.os.Handler.handleCallback(Handler.java:874)
10-28 13:11:34.202 12651 12730 W System.err: 	at android.os.Handler.dispatchMessage(Handler.java:100)
10-28 13:11:34.202 12651 12730 W System.err: 	at android.os.Looper.loop(Looper.java:198)
10-28 13:11:34.203 12651 12730 W System.err: 	at android.os.HandlerThread.run(HandlerThread.java:65)
10-28 13:11:34.242 12651 12730 W System.err: java.net.SocketException: Network is unreachable
10-28 13:11:34.242 12651 12730 W System.err: 	at sun.nio.ch.DatagramChannelImpl.send0(Native Method)
10-28 13:11:34.243 12651 12730 W System.err: 	at sun.nio.ch.DatagramChannelImpl.sendFromNativeBuffer(DatagramChannelImpl.java:573)
10-28 13:11:34.243 12651 12730 W System.err: 	at sun.nio.ch.DatagramChannelImpl.send(DatagramChannelImpl.java:550)
10-28 13:11:34.243 12651 12730 W System.err: 	at sun.nio.ch.DatagramChannelImpl.send(DatagramChannelImpl.java:514)
10-28 13:11:34.243 12651 12730 W System.err: 	at symlab.CloudAR.network.TransmissionTask.run(TransmissionTask.java:112)
10-28 13:11:34.243 12651 12730 W System.err: 	at android.os.Handler.handleCallback(Handler.java:874)
10-28 13:11:34.243 12651 12730 W System.err: 	at android.os.Handler.dispatchMessage(Handler.java:100)
10-28 13:11:34.243 12651 12730 W System.err: 	at android.os.Looper.loop(Looper.java:198)
10-28 13:11:34.243 12651 12730 W System.err: 	at android.os.HandlerThread.run(HandlerThread.java:65)
10-28 13:11:34.269 12651 12730 W System.err: java.net.SocketException: Network is unreachable
10-28 13:11:34.269 12651 12730 W System.err: 	at sun.nio.ch.DatagramChannelImpl.send0(Native Method)
10-28 13:11:34.270 12651 12730 W System.err: 	at sun.nio.ch.DatagramChannelImpl.sendFromNativeBuffer(DatagramChannelImpl.java:573)
10-28 13:11:34.270 12651 12730 W System.err: 	at sun.nio.ch.DatagramChannelImpl.send(DatagramChannelImpl.java:550)
10-28 13:11:34.270 12651 12730 W System.err: 	at sun.nio.ch.DatagramChannelImpl.send(DatagramChannelImpl.java:514)
10-28 13:11:34.270 12651 12730 W System.err: 	at symlab.CloudAR.network.TransmissionTask.run(TransmissionTask.java:112)
10-28 13:11:34.270 12651 12730 W System.err: 	at android.os.Handler.handleCallback(Handler.java:874)
10-28 13:11:34.270 12651 12730 W System.err: 	at android.os.Handler.dispatchMessage(Handler.java:100)
10-28 13:11:34.270 12651 12730 W System.err: 	at android.os.Looper.loop(Looper.java:198)
10-28 13:11:34.270 12651 12730 W System.err: 	at android.os.HandlerThread.run(HandlerThread.java:65)
10-28 13:11:34.301 12651 12730 W System.err: java.net.SocketException: Network is unreachable
10-28 13:11:34.301 12651 12730 W System.err: 	at sun.nio.ch.DatagramChannelImpl.send0(Native Method)
10-28 13:11:34.302 12651 12730 W System.err: 	at sun.nio.ch.DatagramChannelImpl.sendFromNativeBuffer(DatagramChannelImpl.java:573)
10-28 13:11:34.302 12651 12730 W System.err: 	at sun.nio.ch.DatagramChannelImpl.send(DatagramChannelImpl.java:550)
10-28 13:11:34.302 12651 12730 W System.err: 	at sun.nio.ch.DatagramChannelImpl.send(DatagramChannelImpl.java:514)
10-28 13:11:34.302 12651 12730 W System.err: 	at symlab.CloudAR.network.TransmissionTask.run(TransmissionTask.java:112)
10-28 13:11:34.302 12651 12730 W System.err: 	at android.os.Handler.handleCallback(Handler.java:874)
10-28 13:11:34.302 12651 12730 W System.err: 	at android.os.Handler.dispatchMessage(Handler.java:100)
10-28 13:11:34.302 12651 12730 W System.err: 	at android.os.Looper.loop(Looper.java:198)
10-28 13:11:34.302 12651 12730 W System.err: 	at android.os.HandlerThread.run(HandlerThread.java:65)
10-28 13:11:34.343 12651 12730 W System.err: java.net.SocketException: Network is unreachable
10-28 13:11:34.343 12651 12730 W System.err: 	at sun.nio.ch.DatagramChannelImpl.send0(Native Method)
10-28 13:11:34.343 12651 12730 W System.err: 	at sun.nio.ch.DatagramChannelImpl.sendFromNativeBuffer(DatagramChannelImpl.java:573)
10-28 13:11:34.343 12651 12730 W System.err: 	at sun.nio.ch.DatagramChannelImpl.send(DatagramChannelImpl.java:550)
10-28 13:11:34.343 12651 12730 W System.err: 	at sun.nio.ch.DatagramChannelImpl.send(DatagramChannelImpl.java:514)
10-28 13:11:34.343 12651 12730 W System.err: 	at symlab.CloudAR.network.TransmissionTask.run(TransmissionTask.java:112)
10-28 13:11:34.343 12651 12730 W System.err: 	at android.os.Handler.handleCallback(Handler.java:874)
10-28 13:11:34.343 12651 12730 W System.err: 	at android.os.Handler.dispatchMessage(Handler.java:100)
10-28 13:11:34.343 12651 12730 W System.err: 	at android.os.Looper.loop(Looper.java:198)
10-28 13:11:34.343 12651 12730 W System.err: 	at android.os.HandlerThread.run(HandlerThread.java:65)
10-28 13:11:34.386 12651 12730 W System.err: java.net.SocketException: Network is unreachable
10-28 13:11:34.386 12651 12730 W System.err: 	at sun.nio.ch.DatagramChannelImpl.send0(Native Method)
10-28 13:11:34.387 12651 12730 W System.err: 	at sun.nio.ch.DatagramChannelImpl.sendFromNativeBuffer(DatagramChannelImpl.java:573)
10-28 13:11:34.387 12651 12730 W System.err: 	at sun.nio.ch.DatagramChannelImpl.send(DatagramChannelImpl.java:550)
10-28 13:11:34.387 12651 12730 W System.err: 	at sun.nio.ch.DatagramChannelImpl.send(DatagramChannelImpl.java:514)
10-28 13:11:34.387 12651 12730 W System.err: 	at symlab.CloudAR.network.TransmissionTask.run(TransmissionTask.java:112)
10-28 13:11:34.387 12651 12730 W System.err: 	at android.os.Handler.handleCallback(Handler.java:874)
10-28 13:11:34.387 12651 12730 W System.err: 	at android.os.Handler.dispatchMessage(Handler.java:100)
10-28 13:11:34.387 12651 12730 W System.err: 	at android.os.Looper.loop(Looper.java:198)
10-28 13:11:34.387 12651 12730 W System.err: 	at android.os.HandlerThread.run(HandlerThread.java:65)
10-28 13:11:34.420 12651 12730 W System.err: java.net.SocketException: Network is unreachable
10-28 13:11:34.420 12651 12730 W System.err: 	at sun.nio.ch.DatagramChannelImpl.send0(Native Method)
10-28 13:11:34.420 12651 12730 W System.err: 	at sun.nio.ch.DatagramChannelImpl.sendFromNativeBuffer(DatagramChannelImpl.java:573)
10-28 13:11:34.420 12651 12730 W System.err: 	at sun.nio.ch.DatagramChannelImpl.send(DatagramChannelImpl.java:550)
10-28 13:11:34.420 12651 12730 W System.err: 	at sun.nio.ch.DatagramChannelImpl.send(DatagramChannelImpl.java:514)
10-28 13:11:34.420 12651 12730 W System.err: 	at symlab.CloudAR.network.TransmissionTask.run(TransmissionTask.java:112)
10-28 13:11:34.420 12651 12730 W System.err: 	at android.os.Handler.handleCallback(Handler.java:874)
10-28 13:11:34.421 12651 12730 W System.err: 	at android.os.Handler.dispatchMessage(Handler.java:100)
10-28 13:11:34.421 12651 12730 W System.err: 	at android.os.Looper.loop(Looper.java:198)
10-28 13:11:34.421 12651 12730 W System.err: 	at android.os.HandlerThread.run(HandlerThread.java:65)
10-28 13:11:34.453 12651 12730 W System.err: java.net.SocketException: Network is unreachable
10-28 13:11:34.454 12651 12730 W System.err: 	at sun.nio.ch.DatagramChannelImpl.send0(Native Method)
10-28 13:11:34.454 12651 12730 W System.err: 	at sun.nio.ch.DatagramChannelImpl.sendFromNativeBuffer(DatagramChannelImpl.java:573)
10-28 13:11:34.454 12651 12730 W System.err: 	at sun.nio.ch.DatagramChannelImpl.send(DatagramChannelImpl.java:550)
10-28 13:11:34.454 12651 12730 W System.err: 	at sun.nio.ch.DatagramChannelImpl.send(DatagramChannelImpl.java:514)
10-28 13:11:34.454 12651 12730 W System.err: 	at symlab.CloudAR.network.TransmissionTask.run(TransmissionTask.java:112)
10-28 13:11:34.454 12651 12730 W System.err: 	at android.os.Handler.handleCallback(Handler.java:874)
10-28 13:11:34.454 12651 12730 W System.err: 	at android.os.Handler.dispatchMessage(Handler.java:100)
10-28 13:11:34.454 12651 12730 W System.err: 	at android.os.Looper.loop(Looper.java:198)
10-28 13:11:34.454 12651 12730 W System.err: 	at android.os.HandlerThread.run(HandlerThread.java:65)
10-28 13:11:34.480 12651 12730 W System.err: java.net.SocketException: Network is unreachable
10-28 13:11:34.480 12651 12730 W System.err: 	at sun.nio.ch.DatagramChannelImpl.send0(Native Method)
10-28 13:11:34.480 12651 12730 W System.err: 	at sun.nio.ch.DatagramChannelImpl.sendFromNativeBuffer(DatagramChannelImpl.java:573)
10-28 13:11:34.480 12651 12730 W System.err: 	at sun.nio.ch.DatagramChannelImpl.send(DatagramChannelImpl.java:550)
10-28 13:11:34.480 12651 12730 W System.err: 	at sun.nio.ch.DatagramChannelImpl.send(DatagramChannelImpl.java:514)
10-28 13:11:34.480 12651 12730 W System.err: 	at symlab.CloudAR.network.TransmissionTask.run(TransmissionTask.java:112)
10-28 13:11:34.480 12651 12730 W System.err: 	at android.os.Handler.handleCallback(Handler.java:874)
10-28 13:11:34.480 12651 12730 W System.err: 	at android.os.Handler.dispatchMessage(Handler.java:100)
10-28 13:11:34.480 12651 12730 W System.err: 	at android.os.Looper.loop(Looper.java:198)
10-28 13:11:34.480 12651 12730 W System.err: 	at android.os.HandlerThread.run(HandlerThread.java:65)
10-28 13:11:34.566 12651 12651 I Poster  :  onPause() called.
10-28 13:11:34.582 12651 12730 W System.err: java.net.SocketException: Network is unreachable
10-28 13:11:34.582 12651 12730 W System.err: 	at sun.nio.ch.DatagramChannelImpl.send0(Native Method)
10-28 13:11:34.582 12651 12730 W System.err: 	at sun.nio.ch.DatagramChannelImpl.sendFromNativeBuffer(DatagramChannelImpl.java:573)
10-28 13:11:34.582 12651 12730 W System.err: 	at sun.nio.ch.DatagramChannelImpl.send(DatagramChannelImpl.java:550)
10-28 13:11:34.582 12651 12730 W System.err: 	at sun.nio.ch.DatagramChannelImpl.send(DatagramChannelImpl.java:514)
10-28 13:11:34.582 12651 12730 W System.err: 	at symlab.CloudAR.network.TransmissionTask.run(TransmissionTask.java:112)
10-28 13:11:34.583 12651 12730 W System.err: 	at android.os.Handler.handleCallback(Handler.java:874)
10-28 13:11:34.583 12651 12730 W System.err: 	at android.os.Handler.dispatchMessage(Handler.java:100)
10-28 13:11:34.583 12651 12730 W System.err: 	at android.os.Looper.loop(Looper.java:198)
10-28 13:11:34.583 12651 12730 W System.err: 	at android.os.HandlerThread.run(HandlerThread.java:65)
10-28 13:11:35.390 12651 12651 I Poster  :  surfaceDestroyed() called.
10-28 13:11:35.391 12651 12651 I Poster  :  onStop() called.
10-28 13:11:36.156 12651 12651 I Poster  :  onDestroy() called.
11-01 13:27:15.079 14943 15001 D Evaluation: Frame 105 sent at 1572607635079
11-01 13:27:15.083 14943 15001 D Evaluation: 0 res for frame 103 received at 1572607635083
11-01 13:27:15.866 14943 14943 I Poster  :  surfaceDestroyed() called.
11-01 13:27:15.867 14943 14943 I Poster  :  onStop() called.
11-01 13:27:16.671 14943 14943 I Poster  :  onDestroy() called.
11-01 13:27:17.710 15191 15191 I loudridar.arhu: Late-enabling -Xcheck:jni
11-01 13:27:18.026 15191 15191 I Perf    : Connecting to perf service.
11-01 13:27:18.043 15191 15191 I MultiDex: VM with version 2.1.0 has multidex support
11-01 13:27:18.043 15191 15191 I MultiDex: Installing application
11-01 13:27:18.043 15191 15191 I MultiDex: VM has multidex support, MultiDex support library is disabled.
11-01 13:27:18.052 15191 15191 I FirebaseInitProvider: FirebaseApp initialization unsuccessful
11-01 13:27:18.083 15191 15191 I MultiDex: Installing application
11-01 13:27:18.083 15191 15191 I MultiDex: VM has multidex support, MultiDex support library is disabled.
11-01 13:27:18.086 15191 15191 I Poster  :  onCreate() called.
11-01 13:27:18.093 15191 15191 I DecorView: It non-support bigbang
11-01 13:27:18.097 15191 15191 I PhoneWindow: isNeedChangeNaviBarColor taskInfo: [android.app.ActivityManager$RunningTaskInfo@c93a69a] size: 1
11-01 13:27:18.097 15191 15191 I PhoneWindow: isAPPNeedChange pkgName: symlab.cloudridar.arhud needKeep: false
11-01 13:27:18.097 15191 15191 I PhoneWindow: isNeedChangeNaviBarColor false
11-01 13:27:18.097 15191 15191 I PhoneWindow: generateLayout mNavigationBarColor: ff000000
11-01 13:27:18.097 15191 15191 I PhoneWindow: generateLayout isLightNavi false, Visibility: 0
11-01 13:27:18.106 15191 15191 D OpenGLRenderer: Skia GL Pipeline
11-01 13:27:18.113 15191 15191 D LocationManager: [LocationManager] requestLocationUpdates(), 
11-01 13:27:18.113 15191 15191 D LocationManager: java.lang.RuntimeException
11-01 13:27:18.113 15191 15191 D LocationManager: 	at android.location.LocationManager.requestLocationUpdates(LocationManager.java:1013)
11-01 13:27:18.113 15191 15191 D LocationManager: 	at android.location.LocationManager.requestLocationUpdates(LocationManager.java:562)
11-01 13:27:18.113 15191 15191 D LocationManager: 	at symlab.ARHUD.MainActivity.onCreate(MainActivity.java:94)
11-01 13:27:18.113 15191 15191 D LocationManager: 	at android.app.Activity.performCreate(Activity.java:7136)
11-01 13:27:18.113 15191 15191 D LocationManager: 	at android.app.Activity.performCreate(Activity.java:7127)
11-01 13:27:18.113 15191 15191 D LocationManager: 	at android.app.Instrumentation.callActivityOnCreate(Instrumentation.java:1272)
11-01 13:27:18.113 15191 15191 D LocationManager: 	at android.app.ActivityThread.performLaunchActivity(ActivityThread.java:2908)
11-01 13:27:18.113 15191 15191 D LocationManager: 	at android.app.ActivityThread.handleLaunchActivity(ActivityThread.java:3063)
11-01 13:27:18.113 15191 15191 D LocationManager: 	at android.app.servertransaction.LaunchActivityItem.execute(LaunchActivityItem.java:78)
11-01 13:27:18.113 15191 15191 D LocationManager: 	at android.app.servertransaction.TransactionExecutor.executeCallbacks(TransactionExecutor.java:108)
11-01 13:27:18.113 15191 15191 D LocationManager: 	at android.app.servertransaction.TransactionExecutor.execute(TransactionExecutor.java:68)
11-01 13:27:18.113 15191 15191 D LocationManager: 	at android.app.ActivityThread$H.handleMessage(ActivityThread.java:1823)
11-01 13:27:18.113 15191 15191 D LocationManager: 	at android.os.Handler.dispatchMessage(Handler.java:107)
11-01 13:27:18.113 15191 15191 D LocationManager: 	at android.os.Looper.loop(Looper.java:198)
11-01 13:27:18.113 15191 15191 D LocationManager: 	at android.app.ActivityThread.main(ActivityThread.java:6729)
11-01 13:27:18.113 15191 15191 D LocationManager: 	at java.lang.reflect.Method.invoke(Native Method)
11-01 13:27:18.113 15191 15191 D LocationManager: 	at com.android.internal.os.RuntimeInit$MethodAndArgsCaller.run(RuntimeInit.java:493)
11-01 13:27:18.113 15191 15191 D LocationManager: 	at com.android.internal.os.ZygoteInit.main(ZygoteInit.java:858)
11-01 13:27:18.137 15191 15191 D Poster  : Server bound to IP 10.42.0.1 and port 52727
11-01 13:27:18.144 15191 15238 D Evaluation: metadata 0 sent 
11-01 13:27:18.148 15191 15191 I Poster  :  onStart() called.
11-01 13:27:18.150 15191 15191 I Poster  :  onResume() called.
11-01 13:27:18.151 15191 15191 E libc    : Access denied finding property "vendor.camera.aux.packagelist"
11-01 13:27:18.133 15191 15191 W loudridar.arhud: type=1400 audit(0.0:15304): avc: denied { read } for name="u:object_r:vendor_camera_prop:s0" dev="tmpfs" ino=16779 scontext=u:r:untrusted_app:s0:c203,c256,c512,c768 tcontext=u:object_r:vendor_camera_prop:s0 tclass=file permissive=0
11-01 13:27:18.143 15191 15191 W loudridar.arhud: type=1400 audit(0.0:15305): avc: denied { read } for name="u:object_r:vendor_camera_prop:s0" dev="tmpfs" ino=16779 scontext=u:r:untrusted_app:s0:c203,c256,c512,c768 tcontext=u:object_r:vendor_camera_prop:s0 tclass=file permissive=0
11-01 13:27:18.152 15191 15191 E libc    : Access denied finding property "vendor.camera.aux.packagelist"
11-01 13:27:18.143 15191 15191 W loudridar.arhud: type=1400 audit(0.0:15306): avc: denied { read } for name="u:object_r:vendor_camera_prop:s0" dev="tmpfs" ino=16779 scontext=u:r:untrusted_app:s0:c203,c256,c512,c768 tcontext=u:object_r:vendor_camera_prop:s0 tclass=file permissive=0
11-01 13:27:18.154 15191 15191 E libc    : Access denied finding property "vendor.camera.aux.packagelist"
11-01 13:27:18.263 15191 15292 I Adreno  : QUALCOMM build                   : a4d39a0, I6fd668c4d3
11-01 13:27:18.263 15191 15292 I Adreno  : Build Date                       : 10/05/18
11-01 13:27:18.263 15191 15292 I Adreno  : OpenGL ES Shader Compiler Version: EV031.25.03.01
11-01 13:27:18.263 15191 15292 I Adreno  : Local Branch                     : 
11-01 13:27:18.263 15191 15292 I Adreno  : Remote Branch                    : refs/tags/AU_LINUX_ANDROID_LA.UM.7.2.R1.09.00.00.442.049
11-01 13:27:18.263 15191 15292 I Adreno  : Remote Branch                    : NONE
11-01 13:27:18.263 15191 15292 I Adreno  : Reconstruct Branch               : NOTHING
11-01 13:27:18.263 15191 15292 I Adreno  : Build Config                     : S L 6.0.7 AArch32
11-01 13:27:18.266 15191 15292 I Adreno  : PFP: 0x005ff112, ME: 0x005ff066
11-01 13:27:18.270 15191 15292 I ConfigStore: android::hardware::configstore::V1_0::ISurfaceFlingerConfigs::hasWideColorDisplay retrieved: 0
11-01 13:27:18.270 15191 15292 I ConfigStore: android::hardware::configstore::V1_0::ISurfaceFlingerConfigs::hasHDRDisplay retrieved: 0
11-01 13:27:18.271 15191 15292 I OpenGLRenderer: Initialized EGL, version 1.4
11-01 13:27:18.271 15191 15292 D OpenGLRenderer: Swap behavior 2
11-01 13:27:18.282 15191 15191 I Poster  :  surfaceCreated() called.
11-01 13:27:18.282 15191 15191 I Poster  : initPreview() called
11-01 13:27:18.325 15191 15191 I Poster  :  surfaceChanged() called.
11-01 13:27:18.590 15191 15238 D Evaluation: metadata 1 sent 
11-01 13:27:18.634 15191 15238 D Evaluation: metadata 2 sent 
11-01 13:27:18.672 15191 15238 D Evaluation: metadata 3 sent 
11-01 13:27:18.700 15191 15238 D Evaluation: metadata 4 sent 
11-01 13:27:18.733 15191 15238 D Evaluation: metadata 5 sent 
11-01 13:27:18.807 15191 15238 D Evaluation: Frame 7 sent at 1572607638807
11-01 13:27:18.840 15191 15238 D Evaluation: Frame 8 sent at 1572607638839
11-01 13:27:18.863 15191 15238 D Evaluation: Frame 8 sent at 1572607638863
11-01 13:27:18.867 15191 15238 D Evaluation: 0 res for frame 7 received at 1572607638867
11-01 13:27:18.894 15191 15238 D Evaluation: Frame 9 sent at 1572607638894
11-01 13:27:18.917 15191 15238 D Evaluation: Frame 10 sent at 1572607638917
11-01 13:27:18.922 15191 15238 D Evaluation: 0 res for frame 8 received at 1572607638922
11-01 13:27:18.947 15191 15238 D Evaluation: Frame 11 sent at 1572607638947
11-01 13:27:18.951 15191 15238 D Evaluation: 0 res for frame 8 received at 1572607638951
11-01 13:27:18.980 15191 15238 D Evaluation: Frame 12 sent at 1572607638980
11-01 13:27:18.984 15191 15238 D Evaluation: 0 res for frame 9 received at 1572607638984
11-01 13:27:19.013 15191 15238 D Evaluation: Frame 13 sent at 1572607639013
11-01 13:27:19.017 15191 15238 D Evaluation: 0 res for frame 10 received at 1572607639017
11-01 13:27:19.049 15191 15238 D Evaluation: Frame 14 sent at 1572607639048
11-01 13:27:19.052 15191 15238 D Evaluation: 0 res for frame 11 received at 1572607639052
11-01 13:27:19.083 15191 15238 D Evaluation: Frame 15 sent at 1572607639083
11-01 13:27:19.087 15191 15238 D Evaluation: 0 res for frame 12 received at 1572607639087
11-01 13:27:19.114 15191 15238 D Evaluation: Frame 16 sent at 1572607639114
11-01 13:27:19.118 15191 15238 D Evaluation: 0 res for frame 13 received at 1572607639118
11-01 13:27:19.148 15191 15238 D Evaluation: Frame 17 sent at 1572607639148
11-01 13:27:19.150 15191 15238 D Evaluation: 0 res for frame 14 received at 1572607639150
11-01 13:27:19.182 15191 15238 D Evaluation: Frame 18 sent at 1572607639182
11-01 13:27:19.186 15191 15238 D Evaluation: 0 res for frame 15 received at 1572607639186
11-01 13:27:19.217 15191 15238 D Evaluation: Frame 19 sent at 1572607639216
11-01 13:27:19.220 15191 15238 D Evaluation: 0 res for frame 16 received at 1572607639220
11-01 13:27:19.250 15191 15238 D Evaluation: Frame 20 sent at 1572607639250
11-01 13:27:19.256 15191 15238 D Evaluation: 0 res for frame 17 received at 1572607639256
11-01 13:27:19.270 15191 15202 W System  : A resource failed to call close. 
11-01 13:27:19.271 15191 15202 I chatty  : uid=10203(symlab.cloudridar.arhud) FinalizerDaemon identical 10 lines
11-01 13:27:19.272 15191 15202 W System  : A resource failed to call close. 
11-01 13:27:19.272 15191 15202 W System  : A resource failed to call close. 
11-01 13:27:19.272 15191 15202 I chatty  : uid=10203(symlab.cloudridar.arhud) FinalizerDaemon identical 8 lines
11-01 13:27:19.272 15191 15202 W System  : A resource failed to call close. 
11-01 13:27:19.283 15191 15238 D Evaluation: Frame 21 sent at 1572607639283
11-01 13:27:19.318 15191 15238 D Evaluation: Frame 22 sent at 1572607639318
11-01 13:27:19.323 15191 15238 D Evaluation: 0 res for frame 18 received at 1572607639323
11-01 13:27:19.350 15191 15238 D Evaluation: Frame 23 sent at 1572607639350
11-01 13:27:19.355 15191 15238 D Evaluation: 0 res for frame 19 received at 1572607639355
11-01 13:27:19.380 15191 15238 D Evaluation: Frame 24 sent at 1572607639380
11-01 13:27:19.384 15191 15238 D Evaluation: 0 res for frame 20 received at 1572607639384
11-01 13:27:19.411 15191 15238 D Evaluation: Frame 25 sent at 1572607639411
11-01 13:27:19.417 15191 15238 D Evaluation: 0 res for frame 21 received at 1572607639416
11-01 13:27:19.448 15191 15238 D Evaluation: Frame 26 sent at 1572607639448
11-01 13:27:19.453 15191 15238 D Evaluation: 0 res for frame 22 received at 1572607639453
11-01 13:27:19.482 15191 15238 D Evaluation: Frame 27 sent at 1572607639482
11-01 13:27:19.487 15191 15238 D Evaluation: 0 res for frame 23 received at 1572607639486
11-01 13:27:19.511 15191 15238 D Evaluation: Frame 28 sent at 1572607639511
11-01 13:27:19.515 15191 15238 D Evaluation: 0 res for frame 25 received at 1572607639515
11-01 13:27:19.544 15191 15238 D Evaluation: Frame 29 sent at 1572607639544
11-01 13:27:19.549 15191 15238 D Evaluation: 0 res for frame 26 received at 1572607639549
11-01 13:27:19.577 15191 15238 D Evaluation: Frame 30 sent at 1572607639577
11-01 13:27:19.582 15191 15238 D Evaluation: 0 res for frame 27 received at 1572607639582
11-01 13:27:19.610 15191 15238 D Evaluation: Frame 31 sent at 1572607639610
11-01 13:27:19.615 15191 15238 D Evaluation: 0 res for frame 28 received at 1572607639615
11-01 13:27:19.643 15191 15238 D Evaluation: Frame 32 sent at 1572607639643
11-01 13:27:19.648 15191 15238 D Evaluation: 0 res for frame 29 received at 1572607639648
11-01 13:27:19.678 15191 15238 D Evaluation: Frame 33 sent at 1572607639678
11-01 13:27:19.683 15191 15238 D Evaluation: 0 res for frame 30 received at 1572607639683
11-01 13:27:19.715 15191 15238 D Evaluation: Frame 34 sent at 1572607639715
11-01 13:27:19.718 15191 15238 D Evaluation: 0 res for frame 31 received at 1572607639718
11-01 13:27:19.742 15191 15238 D Evaluation: Frame 35 sent at 1572607639742
11-01 13:27:19.744 15191 15238 D Evaluation: 0 res for frame 32 received at 1572607639744
11-01 13:27:19.778 15191 15238 D Evaluation: Frame 36 sent at 1572607639778
11-01 13:27:19.781 15191 15238 D Evaluation: 0 res for frame 33 received at 1572607639780
11-01 13:27:19.809 15191 15238 D Evaluation: Frame 37 sent at 1572607639809
11-01 13:27:19.812 15191 15238 D Evaluation: 0 res for frame 34 received at 1572607639812
11-01 13:27:19.845 15191 15238 D Evaluation: Frame 38 sent at 1572607639845
11-01 13:27:19.848 15191 15238 D Evaluation: 0 res for frame 35 received at 1572607639848
11-01 13:27:19.882 15191 15238 D Evaluation: Frame 39 sent at 1572607639882
11-01 13:27:19.885 15191 15238 D Evaluation: 0 res for frame 36 received at 1572607639885
11-01 13:27:19.922 15191 15238 D Evaluation: Frame 40 sent at 1572607639922
11-01 13:27:19.925 15191 15238 D Evaluation: 0 res for frame 37 received at 1572607639925
11-01 13:27:19.958 15191 15238 D Evaluation: Frame 41 sent at 1572607639957
11-01 13:27:19.960 15191 15238 D Evaluation: 0 res for frame 38 received at 1572607639960
11-01 13:27:20.010 15191 15238 D Evaluation: Frame 42 sent at 1572607640010
11-01 13:27:20.012 15191 15238 D Evaluation: 0 res for frame 39 received at 1572607640012
11-01 13:27:20.072 15191 15238 D Evaluation: Frame 44 sent at 1572607640072
11-01 13:27:20.075 15191 15238 D Evaluation: 0 res for frame 40 received at 1572607640075
11-01 13:27:20.100 15191 15238 D Evaluation: Frame 45 sent at 1572607640100
11-01 13:27:20.102 15191 15238 D Evaluation: 0 res for frame 41 received at 1572607640102
11-01 13:27:20.123 15191 15238 D Evaluation: Frame 45 sent at 1572607640123
11-01 13:27:20.126 15191 15238 D Evaluation: 0 res for frame 42 received at 1572607640126
11-01 13:27:20.166 15191 15238 D Evaluation: Frame 46 sent at 1572607640166
11-01 13:27:20.169 15191 15238 D Evaluation: 0 res for frame 44 received at 1572607640169
11-01 13:27:20.177 15191 15202 W System  : A resource failed to call close. 
11-01 13:27:20.180 15191 15202 I chatty  : uid=10203(symlab.cloudridar.arhud) FinalizerDaemon identical 48 lines
11-01 13:27:20.180 15191 15202 W System  : A resource failed to call close. 
11-01 13:27:20.204 15191 15238 D Evaluation: Frame 47 sent at 1572607640204
11-01 13:27:20.206 15191 15238 D Evaluation: 0 res for frame 44 received at 1572607640206
11-01 13:27:20.258 15191 15238 D Evaluation: Frame 48 sent at 1572607640258
11-01 13:27:20.261 15191 15238 D Evaluation: 0 res for frame 45 received at 1572607640261
11-01 13:27:20.284 15191 15238 D Evaluation: Frame 49 sent at 1572607640284
11-01 13:27:20.286 15191 15238 D Evaluation: 0 res for frame 46 received at 1572607640286
11-01 13:27:20.395 15191 15238 D Evaluation: Frame 50 sent at 1572607640395
11-01 13:27:20.444 15191 15238 D Evaluation: 0 res for frame 47 received at 1572607640444
11-01 13:27:20.474 15191 15238 D Evaluation: Frame 53 sent at 1572607640474
11-01 13:27:20.477 15191 15238 D Evaluation: 0 res for frame 48 received at 1572607640477
11-01 13:27:20.498 15191 15238 D Evaluation: Frame 53 sent at 1572607640498
11-01 13:27:20.502 15191 15238 D Evaluation: 0 res for frame 49 received at 1572607640502
11-01 13:27:20.522 15191 15238 D Evaluation: Frame 54 sent at 1572607640522
11-01 13:27:20.526 15191 15238 D Evaluation: 0 res for frame 50 received at 1572607640526
11-01 13:27:20.545 15191 15238 D Evaluation: Frame 55 sent at 1572607640545
11-01 13:27:20.548 15191 15238 D Evaluation: 0 res for frame 52 received at 1572607640548
11-01 13:27:20.566 15191 15238 D Evaluation: Frame 55 sent at 1572607640566
11-01 13:27:20.569 15191 15238 D Evaluation: 0 res for frame 53 received at 1572607640569
11-01 13:27:20.616 15191 15238 D Evaluation: Frame 56 sent at 1572607640616
11-01 13:27:20.619 15191 15238 D Evaluation: 0 res for frame 54 received at 1572607640619
11-01 13:27:20.694 15191 15238 D Evaluation: Frame 57 sent at 1572607640694
11-01 13:27:20.696 15191 15238 D Evaluation: 0 res for frame 55 received at 1572607640696
11-01 13:27:20.733 15191 15238 D Evaluation: Frame 58 sent at 1572607640733
11-01 13:27:20.736 15191 15238 D Evaluation: 0 res for frame 55 received at 1572607640736
11-01 13:27:20.755 15191 15238 D Evaluation: Frame 59 sent at 1572607640755
11-01 13:27:20.757 15191 15238 D Evaluation: 0 res for frame 56 received at 1572607640757
11-01 13:27:20.793 15191 15238 D Evaluation: Frame 60 sent at 1572607640793
11-01 13:27:20.795 15191 15238 D Evaluation: 0 res for frame 57 received at 1572607640795
11-01 13:27:20.815 15191 15238 D Evaluation: Frame 61 sent at 1572607640815
11-01 13:27:20.817 15191 15238 D Evaluation: 0 res for frame 58 received at 1572607640817
11-01 13:27:20.859 15191 15238 D Evaluation: Frame 62 sent at 1572607640859
11-01 13:27:20.863 15191 15238 D Evaluation: 0 res for frame 59 received at 1572607640863
11-01 13:27:20.880 15191 15238 D Evaluation: Frame 63 sent at 1572607640880
11-01 13:27:20.883 15191 15238 D Evaluation: 0 res for frame 60 received at 1572607640883
11-01 13:27:20.919 15191 15238 D Evaluation: Frame 64 sent at 1572607640919
11-01 13:27:20.921 15191 15238 D Evaluation: 0 res for frame 61 received at 1572607640921
11-01 13:27:21.016 15191 15238 D Evaluation: Frame 65 sent at 1572607641016
11-01 13:27:21.018 15191 15238 D Evaluation: 0 res for frame 62 received at 1572607641018
11-01 13:27:21.074 15191 15238 D Evaluation: Frame 66 sent at 1572607641074
11-01 13:27:21.077 15191 15238 D Evaluation: 0 res for frame 63 received at 1572607641077
11-01 13:27:21.104 15191 15238 D Evaluation: Frame 67 sent at 1572607641104
11-01 13:27:21.106 15191 15238 D Evaluation: 0 res for frame 64 received at 1572607641106
11-01 13:27:21.124 15191 15238 D Evaluation: Frame 68 sent at 1572607641124
11-01 13:27:21.126 15191 15238 D Evaluation: 0 res for frame 65 received at 1572607641126
11-01 13:27:21.158 15191 15238 D Evaluation: Frame 69 sent at 1572607641158
11-01 13:27:21.160 15191 15238 D Evaluation: 0 res for frame 66 received at 1572607641160
11-01 13:27:21.178 15191 15202 W System  : A resource failed to call close. 
11-01 13:27:21.180 15191 15202 I chatty  : uid=10203(symlab.cloudridar.arhud) FinalizerDaemon identical 46 lines
11-01 13:27:21.180 15191 15202 W System  : A resource failed to call close. 
11-01 13:27:21.189 15191 15238 D Evaluation: Frame 70 sent at 1572607641189
11-01 13:27:21.191 15191 15238 D Evaluation: 0 res for frame 67 received at 1572607641191
11-01 13:27:21.217 15191 15238 D Evaluation: Frame 71 sent at 1572607641217
11-01 13:27:21.219 15191 15238 D Evaluation: 0 res for frame 68 received at 1572607641219
11-01 13:27:21.299 15191 15238 D Evaluation: Frame 73 sent at 1572607641299
11-01 13:27:21.302 15191 15238 D Evaluation: 0 res for frame 69 received at 1572607641302
11-01 13:27:21.323 15191 15238 D Evaluation: Frame 73 sent at 1572607641323
11-01 13:27:21.326 15191 15238 D Evaluation: 0 res for frame 70 received at 1572607641326
11-01 13:27:21.351 15191 15238 D Evaluation: Frame 74 sent at 1572607641351
11-01 13:27:21.353 15191 15238 D Evaluation: 0 res for frame 71 received at 1572607641353
11-01 13:27:21.388 15191 15238 D Evaluation: Frame 75 sent at 1572607641388
11-01 13:27:21.390 15191 15238 D Evaluation: 1 res for frame 73 received at 1572607641390
11-01 13:27:21.417 15191 15238 D Evaluation: Frame 76 sent at 1572607641417
11-01 13:27:21.420 15191 15238 D Evaluation: 0 res for frame 73 received at 1572607641420
11-01 13:27:21.453 15191 15238 D Evaluation: Frame 77 sent at 1572607641453
11-01 13:27:21.456 15191 15238 D Evaluation: 1 res for frame 74 received at 1572607641456
11-01 13:27:21.484 15191 15238 D Evaluation: Frame 78 sent at 1572607641484
11-01 13:27:21.486 15191 15238 D Evaluation: 0 res for frame 75 received at 1572607641486
11-01 13:27:21.509 15191 15238 D Evaluation: Frame 79 sent at 1572607641509
11-01 13:27:21.512 15191 15238 D Evaluation: 0 res for frame 76 received at 1572607641512
11-01 13:27:21.544 15191 15238 D Evaluation: Frame 80 sent at 1572607641544
11-01 13:27:21.547 15191 15238 D Evaluation: 0 res for frame 77 received at 1572607641547
11-01 13:27:21.585 15191 15238 D Evaluation: Frame 81 sent at 1572607641585
11-01 13:27:21.587 15191 15238 D Evaluation: 0 res for frame 78 received at 1572607641587
11-01 13:27:21.625 15191 15238 D Evaluation: Frame 82 sent at 1572607641625
11-01 13:27:21.628 15191 15238 D Evaluation: 0 res for frame 79 received at 1572607641628
11-01 13:27:21.648 15191 15238 D Evaluation: Frame 83 sent at 1572607641648
11-01 13:27:21.650 15191 15238 D Evaluation: 0 res for frame 80 received at 1572607641650
11-01 13:27:21.685 15191 15238 D Evaluation: Frame 84 sent at 1572607641685
11-01 13:27:21.687 15191 15238 D Evaluation: 0 res for frame 81 received at 1572607641687
11-01 13:27:21.714 15191 15238 D Evaluation: Frame 85 sent at 1572607641714
11-01 13:27:21.716 15191 15238 D Evaluation: 0 res for frame 82 received at 1572607641716
11-01 13:27:21.746 15191 15238 D Evaluation: Frame 86 sent at 1572607641746
11-01 13:27:21.748 15191 15238 D Evaluation: 0 res for frame 83 received at 1572607641748
11-01 13:27:21.836 15191 15238 D Evaluation: Frame 87 sent at 1572607641836
11-01 13:27:21.839 15191 15238 D Evaluation: 0 res for frame 84 received at 1572607641839
11-01 13:27:21.863 15191 15238 D Evaluation: Frame 88 sent at 1572607641863
11-01 13:27:21.865 15191 15238 D Evaluation: 0 res for frame 85 received at 1572607641865
11-01 13:27:21.892 15191 15238 D Evaluation: Frame 89 sent at 1572607641892
11-01 13:27:21.894 15191 15238 D Evaluation: 0 res for frame 86 received at 1572607641894
11-01 13:27:21.924 15191 15238 D Evaluation: Frame 90 sent at 1572607641923
11-01 13:27:21.926 15191 15238 D Evaluation: 0 res for frame 87 received at 1572607641926
11-01 13:27:21.939 15191 15202 W System  : A resource failed to call close. 
11-01 13:27:21.943 15191 15202 I chatty  : uid=10203(symlab.cloudridar.arhud) FinalizerDaemon identical 38 lines
11-01 13:27:21.943 15191 15202 W System  : A resource failed to call close. 
11-01 13:27:21.955 15191 15238 D Evaluation: Frame 91 sent at 1572607641955
11-01 13:27:21.958 15191 15238 D Evaluation: 0 res for frame 88 received at 1572607641958
11-01 13:27:22.115 15191 15238 D Evaluation: Frame 93 sent at 1572607642115
11-01 13:27:22.117 15191 15238 D Evaluation: 0 res for frame 89 received at 1572607642117
11-01 13:27:22.141 15191 15238 D Evaluation: Frame 94 sent at 1572607642141
11-01 13:27:22.143 15191 15238 D Evaluation: 0 res for frame 90 received at 1572607642143
11-01 13:27:22.162 15191 15238 D Evaluation: Frame 94 sent at 1572607642162
11-01 13:27:22.164 15191 15238 D Evaluation: 0 res for frame 91 received at 1572607642164
11-01 13:27:22.201 15191 15238 D Evaluation: Frame 95 sent at 1572607642201
11-01 13:27:22.204 15191 15238 D Evaluation: 0 res for frame 93 received at 1572607642204
11-01 13:27:22.226 15191 15238 D Evaluation: Frame 96 sent at 1572607642226
11-01 13:27:22.229 15191 15238 D Evaluation: 0 res for frame 94 received at 1572607642229
11-01 13:27:22.345 15191 15238 D Evaluation: Frame 98 sent at 1572607642345
11-01 13:27:22.347 15191 15238 D Evaluation: 0 res for frame 94 received at 1572607642347
11-01 13:27:22.369 15191 15238 D Evaluation: Frame 98 sent at 1572607642369
11-01 13:27:22.371 15191 15238 D Evaluation: 1 res for frame 95 received at 1572607642371
11-01 13:27:22.455 15191 15238 D Evaluation: Frame 100 sent at 1572607642455
11-01 13:27:22.458 15191 15238 D Evaluation: 0 res for frame 96 received at 1572607642457
11-01 13:27:22.483 15191 15238 D Evaluation: Frame 101 sent at 1572607642483
11-01 13:27:22.485 15191 15238 D Evaluation: 0 res for frame 97 received at 1572607642485
11-01 13:27:22.502 15191 15238 D Evaluation: Frame 101 sent at 1572607642502
11-01 13:27:22.504 15191 15238 D Evaluation: 0 res for frame 98 received at 1572607642504
11-01 13:27:22.540 15191 15238 D Evaluation: Frame 102 sent at 1572607642540
11-01 13:27:22.542 15191 15238 D Evaluation: 0 res for frame 100 received at 1572607642542
11-01 13:27:22.598 15191 15238 D Evaluation: Frame 103 sent at 1572607642598
11-01 13:27:22.601 15191 15238 D Evaluation: 0 res for frame 101 received at 1572607642601
11-01 13:27:22.678 15191 15238 D Evaluation: Frame 104 sent at 1572607642678
11-01 13:27:22.681 15191 15238 D Evaluation: 0 res for frame 101 received at 1572607642681
11-01 13:27:22.711 15191 15238 D Evaluation: Frame 106 sent at 1572607642710
11-01 13:27:22.713 15191 15238 D Evaluation: 0 res for frame 102 received at 1572607642713
11-01 13:27:22.730 15191 15238 D Evaluation: Frame 106 sent at 1572607642730
11-01 13:27:22.733 15191 15238 D Evaluation: 0 res for frame 103 received at 1572607642733
11-01 13:27:22.763 15191 15238 D Evaluation: Frame 107 sent at 1572607642763
11-01 13:27:22.766 15191 15238 D Evaluation: 0 res for frame 104 received at 1572607642766
11-01 13:27:22.784 15191 15238 D Evaluation: Frame 108 sent at 1572607642784
11-01 13:27:22.786 15191 15238 D Evaluation: 0 res for frame 106 received at 1572607642786
11-01 13:27:22.854 15191 15238 D Evaluation: Frame 109 sent at 1572607642854
11-01 13:27:22.857 15191 15238 D Evaluation: 0 res for frame 106 received at 1572607642857
11-01 13:27:22.887 15191 15238 D Evaluation: Frame 110 sent at 1572607642887
11-01 13:27:22.889 15191 15238 D Evaluation: 0 res for frame 107 received at 1572607642889
11-01 13:27:22.972 15191 15238 D Evaluation: Frame 111 sent at 1572607642972
11-01 13:27:22.976 15191 15238 D Evaluation: 0 res for frame 108 received at 1572607642976
11-01 13:27:23.013 15191 15238 D Evaluation: Frame 113 sent at 1572607643013
11-01 13:27:23.017 15191 15238 D Evaluation: 0 res for frame 109 received at 1572607643017
11-01 13:27:23.035 15191 15238 D Evaluation: Frame 113 sent at 1572607643035
11-01 13:27:23.038 15191 15238 D Evaluation: 0 res for frame 110 received at 1572607643037
11-01 13:27:23.062 15191 15238 D Evaluation: Frame 114 sent at 1572607643062
11-01 13:27:23.065 15191 15238 D Evaluation: 0 res for frame 111 received at 1572607643065
11-01 13:27:23.084 15191 15238 D Evaluation: Frame 115 sent at 1572607643084
11-01 13:27:23.087 15191 15238 D Evaluation: 0 res for frame 112 received at 1572607643087
11-01 13:27:23.095 15191 15202 W System  : A resource failed to call close. 
11-01 13:27:23.096 15191 15202 I chatty  : uid=10203(symlab.cloudridar.arhud) FinalizerDaemon identical 16 lines
11-01 13:27:23.096 15191 15202 W System  : A resource failed to call close. 
11-01 13:27:23.096 15191 15202 W System  : A resource failed to call close. 
11-01 13:27:23.098 15191 15202 I chatty  : uid=10203(symlab.cloudridar.arhud) FinalizerDaemon identical 30 lines
11-01 13:27:23.098 15191 15202 W System  : A resource failed to call close. 
11-01 13:27:23.160 15191 15238 D Evaluation: Frame 116 sent at 1572607643160
11-01 13:27:23.165 15191 15238 D Evaluation: 0 res for frame 113 received at 1572607643165
11-01 13:27:23.219 15191 15238 D Evaluation: Frame 117 sent at 1572607643219
11-01 13:27:23.222 15191 15238 D Evaluation: 0 res for frame 114 received at 1572607643222
11-01 13:27:23.262 15191 15238 D Evaluation: Frame 118 sent at 1572607643262
11-01 13:27:23.264 15191 15238 D Evaluation: 0 res for frame 115 received at 1572607643264
11-01 13:27:23.295 15191 15238 D Evaluation: Frame 119 sent at 1572607643295
11-01 13:27:23.298 15191 15238 D Evaluation: 0 res for frame 116 received at 1572607643298
11-01 13:27:23.320 15191 15238 D Evaluation: Frame 120 sent at 1572607643320
11-01 13:27:23.322 15191 15238 D Evaluation: 0 res for frame 117 received at 1572607643322
11-01 13:27:23.356 15191 15238 D Evaluation: Frame 121 sent at 1572607643356
11-01 13:27:23.358 15191 15238 D Evaluation: 0 res for frame 118 received at 1572607643358
11-01 13:27:23.383 15191 15238 D Evaluation: Frame 122 sent at 1572607643383
11-01 13:27:23.385 15191 15238 D Evaluation: 0 res for frame 119 received at 1572607643385
11-01 13:27:23.414 15191 15238 D Evaluation: Frame 123 sent at 1572607643414
11-01 13:27:23.416 15191 15238 D Evaluation: 0 res for frame 120 received at 1572607643416
11-01 13:27:23.450 15191 15238 D Evaluation: Frame 124 sent at 1572607643450
11-01 13:27:23.452 15191 15238 D Evaluation: 0 res for frame 121 received at 1572607643452
11-01 13:27:23.503 15191 15238 D Evaluation: Frame 125 sent at 1572607643503
11-01 13:27:23.506 15191 15238 D Evaluation: 1 res for frame 122 received at 1572607643506
11-01 13:27:23.531 15191 15238 D Evaluation: Frame 126 sent at 1572607643531
11-01 13:27:23.536 15191 15238 D Evaluation: 0 res for frame 123 received at 1572607643536
11-01 13:27:23.554 15191 15238 D Evaluation: Frame 127 sent at 1572607643554
11-01 13:27:23.557 15191 15238 D Evaluation: 1 res for frame 124 received at 1572607643557
11-01 13:27:23.582 15191 15238 D Evaluation: Frame 128 sent at 1572607643581
11-01 13:27:23.584 15191 15238 D Evaluation: 0 res for frame 125 received at 1572607643584
11-01 13:27:23.630 15191 15238 D Evaluation: Frame 129 sent at 1572607643630
11-01 13:27:23.635 15191 15238 D Evaluation: 0 res for frame 126 received at 1572607643635
11-01 13:27:23.660 15191 15238 D Evaluation: Frame 130 sent at 1572607643660
11-01 13:27:23.662 15191 15238 D Evaluation: 0 res for frame 127 received at 1572607643662
11-01 13:27:23.759 15191 15238 D Evaluation: Frame 131 sent at 1572607643759
11-01 13:27:23.762 15191 15238 D Evaluation: 0 res for frame 128 received at 1572607643762
11-01 13:27:23.780 15191 15238 D Evaluation: Frame 132 sent at 1572607643780
11-01 13:27:23.782 15191 15238 D Evaluation: 0 res for frame 129 received at 1572607643782
11-01 13:27:23.810 15191 15238 D Evaluation: Frame 133 sent at 1572607643810
11-01 13:27:23.812 15191 15238 D Evaluation: 0 res for frame 130 received at 1572607643812
11-01 13:27:23.847 15191 15238 D Evaluation: Frame 134 sent at 1572607643847
11-01 13:27:23.849 15191 15238 D Evaluation: 0 res for frame 131 received at 1572607643849
11-01 13:27:23.878 15191 15238 D Evaluation: Frame 135 sent at 1572607643878
11-01 13:27:23.880 15191 15238 D Evaluation: 0 res for frame 132 received at 1572607643880
11-01 13:27:23.915 15191 15238 D Evaluation: Frame 136 sent at 1572607643915
11-01 13:27:23.917 15191 15238 D Evaluation: 0 res for frame 133 received at 1572607643917
11-01 13:27:23.945 15191 15238 D Evaluation: Frame 137 sent at 1572607643945
11-01 13:27:23.948 15191 15238 D Evaluation: 1 res for frame 134 received at 1572607643948
11-01 13:27:23.984 15191 15238 D Evaluation: Frame 138 sent at 1572607643984
11-01 13:27:23.986 15191 15238 D Evaluation: 0 res for frame 135 received at 1572607643986
11-01 13:27:24.015 15191 15238 D Evaluation: Frame 139 sent at 1572607644015
11-01 13:27:24.017 15191 15238 D Evaluation: 0 res for frame 136 received at 1572607644017
11-01 13:27:24.054 15191 15238 D Evaluation: Frame 140 sent at 1572607644054
11-01 13:27:24.056 15191 15238 D Evaluation: 0 res for frame 137 received at 1572607644056
11-01 13:27:24.081 15191 15238 D Evaluation: Frame 141 sent at 1572607644081
11-01 13:27:24.083 15191 15238 D Evaluation: 0 res for frame 138 received at 1572607644083
11-01 13:27:24.116 15191 15238 D Evaluation: Frame 142 sent at 1572607644116
11-01 13:27:24.119 15191 15238 D Evaluation: 0 res for frame 139 received at 1572607644119
11-01 13:27:24.146 15191 15238 D Evaluation: Frame 143 sent at 1572607644146
11-01 13:27:24.150 15191 15238 D Evaluation: 0 res for frame 140 received at 1572607644150
11-01 13:27:24.157 15191 15202 W System  : A resource failed to call close. 
11-01 13:27:24.159 15191 15202 I chatty  : uid=10203(symlab.cloudridar.arhud) FinalizerDaemon identical 18 lines
11-01 13:27:24.159 15191 15202 W System  : A resource failed to call close. 
11-01 13:27:24.159 15191 15202 W System  : A resource failed to call close. 
11-01 13:27:24.159 15191 15202 W System  : A resource failed to call close. 
11-01 13:27:24.159 15191 15202 W System  : A resource failed to call close. 
11-01 13:27:24.159 15191 15202 W System  : A resource failed to call close. 
11-01 13:27:24.163 15191 15202 W System  : A resource failed to call close. 
11-01 13:27:24.163 15191 15202 W System  : A resource failed to call close. 
11-01 13:27:24.163 15191 15202 W System  : A resource failed to call close. 
11-01 13:27:24.169 15191 15202 I chatty  : uid=10203(symlab.cloudridar.arhud) FinalizerDaemon identical 28 lines
11-01 13:27:24.169 15191 15202 W System  : A resource failed to call close. 
11-01 13:27:24.180 15191 15238 D Evaluation: Frame 144 sent at 1572607644180
11-01 13:27:24.183 15191 15238 D Evaluation: 0 res for frame 141 received at 1572607644183
11-01 13:27:24.218 15191 15238 D Evaluation: Frame 145 sent at 1572607644218
11-01 13:27:24.220 15191 15238 D Evaluation: 0 res for frame 142 received at 1572607644220
11-01 13:27:24.249 15191 15238 D Evaluation: Frame 146 sent at 1572607644249
11-01 13:27:24.251 15191 15238 D Evaluation: 0 res for frame 143 received at 1572607644251
11-01 13:27:24.277 15191 15238 D Evaluation: Frame 147 sent at 1572607644277
11-01 13:27:24.288 15191 15238 D Evaluation: 0 res for frame 144 received at 1572607644288
11-01 13:27:24.317 15191 15238 D Evaluation: Frame 148 sent at 1572607644317
11-01 13:27:24.319 15191 15238 D Evaluation: 0 res for frame 145 received at 1572607644319
11-01 13:27:24.342 15191 15238 D Evaluation: Frame 149 sent at 1572607644342
11-01 13:27:24.344 15191 15238 D Evaluation: 0 res for frame 146 received at 1572607644344
11-01 13:27:24.378 15191 15238 D Evaluation: Frame 150 sent at 1572607644378
11-01 13:27:24.380 15191 15238 D Evaluation: 0 res for frame 147 received at 1572607644380
11-01 13:27:24.415 15191 15238 D Evaluation: Frame 151 sent at 1572607644415
11-01 13:27:24.418 15191 15238 D Evaluation: 0 res for frame 148 received at 1572607644418
11-01 13:27:24.452 15191 15238 D Evaluation: Frame 152 sent at 1572607644452
11-01 13:27:24.455 15191 15238 D Evaluation: 0 res for frame 149 received at 1572607644455
11-01 13:27:24.481 15191 15238 D Evaluation: Frame 153 sent at 1572607644480
11-01 13:27:24.483 15191 15238 D Evaluation: 0 res for frame 150 received at 1572607644483
11-01 13:27:24.513 15191 15238 D Evaluation: Frame 154 sent at 1572607644513
11-01 13:27:24.516 15191 15238 D Evaluation: 0 res for frame 151 received at 1572607644515
11-01 13:27:24.551 15191 15238 D Evaluation: Frame 155 sent at 1572607644550
11-01 13:27:24.553 15191 15238 D Evaluation: 0 res for frame 152 received at 1572607644553
11-01 13:27:24.579 15191 15238 D Evaluation: Frame 156 sent at 1572607644579
11-01 13:27:24.581 15191 15238 D Evaluation: 0 res for frame 153 received at 1572607644581
11-01 13:27:24.617 15191 15238 D Evaluation: Frame 157 sent at 1572607644617
11-01 13:27:24.619 15191 15238 D Evaluation: 0 res for frame 154 received at 1572607644619
11-01 13:27:24.647 15191 15238 D Evaluation: Frame 158 sent at 1572607644647
11-01 13:27:24.649 15191 15238 D Evaluation: 0 res for frame 155 received at 1572607644649
11-01 13:27:24.683 15191 15238 D Evaluation: Frame 159 sent at 1572607644683
11-01 13:27:24.685 15191 15238 D Evaluation: 0 res for frame 156 received at 1572607644685
11-01 13:27:24.715 15191 15238 D Evaluation: Frame 160 sent at 1572607644715
11-01 13:27:24.717 15191 15238 D Evaluation: 0 res for frame 157 received at 1572607644717
11-01 13:27:24.759 15191 15238 D Evaluation: Frame 161 sent at 1572607644759
11-01 13:27:24.761 15191 15238 D Evaluation: 0 res for frame 158 received at 1572607644761
11-01 13:27:24.788 15191 15238 D Evaluation: Frame 162 sent at 1572607644788
11-01 13:27:24.791 15191 15238 D Evaluation: 0 res for frame 159 received at 1572607644791
11-01 13:27:24.810 15191 15238 D Evaluation: Frame 163 sent at 1572607644809
11-01 13:27:24.812 15191 15238 D Evaluation: 0 res for frame 160 received at 1572607644812
11-01 13:27:24.861 15191 15238 D Evaluation: Frame 164 sent at 1572607644860
11-01 13:27:24.864 15191 15238 D Evaluation: 0 res for frame 161 received at 1572607644863
11-01 13:27:24.902 15191 15238 D Evaluation: Frame 165 sent at 1572607644902
11-01 13:27:24.904 15191 15238 D Evaluation: 0 res for frame 162 received at 1572607644904
11-01 13:27:24.968 15191 15238 D Evaluation: Frame 166 sent at 1572607644968
11-01 13:27:24.972 15191 15238 D Evaluation: 0 res for frame 163 received at 1572607644972
11-01 13:27:24.993 15191 15238 D Evaluation: Frame 167 sent at 1572607644993
11-01 13:27:24.996 15191 15238 D Evaluation: 0 res for frame 164 received at 1572607644996
11-01 13:27:25.015 15191 15238 D Evaluation: Frame 168 sent at 1572607645015
11-01 13:27:25.018 15191 15238 D Evaluation: 0 res for frame 165 received at 1572607645018
11-01 13:27:25.025 15191 15202 W System  : A resource failed to call close. 
11-01 13:27:25.027 15191 15202 I chatty  : uid=10203(symlab.cloudridar.arhud) FinalizerDaemon identical 48 lines
11-01 13:27:25.027 15191 15202 W System  : A resource failed to call close. 
11-01 13:27:25.082 15191 15238 D Evaluation: Frame 169 sent at 1572607645082
11-01 13:27:25.084 15191 15238 D Evaluation: 0 res for frame 166 received at 1572607645084
11-01 13:27:25.117 15191 15238 D Evaluation: Frame 170 sent at 1572607645117
11-01 13:27:25.119 15191 15238 D Evaluation: 0 res for frame 167 received at 1572607645119
11-01 13:27:25.188 15191 15238 D Evaluation: Frame 171 sent at 1572607645188
11-01 13:27:25.190 15191 15238 D Evaluation: 0 res for frame 168 received at 1572607645190
11-01 13:27:25.215 15191 15238 D Evaluation: Frame 172 sent at 1572607645215
11-01 13:27:25.218 15191 15238 D Evaluation: 0 res for frame 169 received at 1572607645218
11-01 13:27:25.250 15191 15238 D Evaluation: Frame 173 sent at 1572607645250
