11-06 11:11:45.713 28050 28088 W System.err: 	at sun.nio.ch.DatagramChannelImpl.send(DatagramChannelImpl.java:514)
11-06 11:11:45.713 28050 28088 W System.err: 	at symlab.CloudAR.network.TransmissionTask.run(TransmissionTask.java:124)
11-06 11:11:45.713 28050 28088 W System.err: 	at android.os.Handler.handleCallback(Handler.java:907)
11-06 11:11:45.713 28050 28088 W System.err: 	at android.os.Handler.dispatchMessage(Handler.java:105)
11-06 11:11:45.713 28050 28088 W System.err: 	at android.os.Looper.loop(Looper.java:216)
11-06 11:11:45.713 28050 28088 W System.err: 	at android.os.HandlerThread.run(HandlerThread.java:65)
11-06 11:11:45.738 28050 28088 W System.err: java.net.SocketException: Message too long
11-06 11:11:45.738 28050 28088 W System.err: 	at sun.nio.ch.DatagramChannelImpl.send0(Native Method)
11-06 11:11:45.738 28050 28088 W System.err: 	at sun.nio.ch.DatagramChannelImpl.sendFromNativeBuffer(DatagramChannelImpl.java:573)
11-06 11:11:45.738 28050 28088 W System.err: 	at sun.nio.ch.DatagramChannelImpl.send(DatagramChannelImpl.java:550)
11-06 11:11:45.738 28050 28088 W System.err: 	at sun.nio.ch.DatagramChannelImpl.send(DatagramChannelImpl.java:514)
11-06 11:11:45.738 28050 28088 W System.err: 	at symlab.CloudAR.network.TransmissionTask.run(TransmissionTask.java:124)
11-06 11:11:45.738 28050 28088 W System.err: 	at android.os.Handler.handleCallback(Handler.java:907)
11-06 11:11:45.738 28050 28088 W System.err: 	at android.os.Handler.dispatchMessage(Handler.java:105)
11-06 11:11:45.738 28050 28088 W System.err: 	at android.os.Looper.loop(Looper.java:216)
11-06 11:11:45.738 28050 28088 W System.err: 	at android.os.HandlerThread.run(HandlerThread.java:65)
11-06 11:11:45.772 28050 28088 W System.err: java.net.SocketException: Message too long
11-06 11:11:45.772 28050 28088 W System.err: 	at sun.nio.ch.DatagramChannelImpl.send0(Native Method)
11-06 11:11:45.772 28050 28088 W System.err: 	at sun.nio.ch.DatagramChannelImpl.sendFromNativeBuffer(DatagramChannelImpl.java:573)
11-06 11:11:45.772 28050 28088 W System.err: 	at sun.nio.ch.DatagramChannelImpl.send(DatagramChannelImpl.java:550)
11-06 11:11:45.772 28050 28088 W System.err: 	at sun.nio.ch.DatagramChannelImpl.send(DatagramChannelImpl.java:514)
11-06 11:11:45.772 28050 28088 W System.err: 	at symlab.CloudAR.network.TransmissionTask.run(TransmissionTask.java:124)
11-06 11:11:45.772 28050 28088 W System.err: 	at android.os.Handler.handleCallback(Handler.java:907)
11-06 11:11:45.772 28050 28088 W System.err: 	at android.os.Handler.dispatchMessage(Handler.java:105)
11-06 11:11:45.772 28050 28088 W System.err: 	at android.os.Looper.loop(Looper.java:216)
11-06 11:11:45.772 28050 28088 W System.err: 	at android.os.HandlerThread.run(HandlerThread.java:65)
11-06 11:11:45.806 28050 28088 W System.err: java.net.SocketException: Message too long
11-06 11:11:45.807 28050 28088 W System.err: 	at sun.nio.ch.DatagramChannelImpl.send0(Native Method)
11-06 11:11:45.807 28050 28088 W System.err: 	at sun.nio.ch.DatagramChannelImpl.sendFromNativeBuffer(DatagramChannelImpl.java:573)
11-06 11:11:45.807 28050 28088 W System.err: 	at sun.nio.ch.DatagramChannelImpl.send(DatagramChannelImpl.java:550)
11-06 11:11:45.807 28050 28088 W System.err: 	at sun.nio.ch.DatagramChannelImpl.send(DatagramChannelImpl.java:514)
11-06 11:11:45.807 28050 28088 W System.err: 	at symlab.CloudAR.network.TransmissionTask.run(TransmissionTask.java:124)
11-06 11:11:45.807 28050 28088 W System.err: 	at android.os.Handler.handleCallback(Handler.java:907)
11-06 11:11:45.807 28050 28088 W System.err: 	at android.os.Handler.dispatchMessage(Handler.java:105)
11-06 11:11:45.807 28050 28088 W System.err: 	at android.os.Looper.loop(Looper.java:216)
11-06 11:11:45.807 28050 28088 W System.err: 	at android.os.HandlerThread.run(HandlerThread.java:65)
11-06 11:11:45.843 28050 28088 W System.err: java.net.SocketException: Message too long
11-06 11:11:45.843 28050 28088 W System.err: 	at sun.nio.ch.DatagramChannelImpl.send0(Native Method)
11-06 11:11:45.843 28050 28088 W System.err: 	at sun.nio.ch.DatagramChannelImpl.sendFromNativeBuffer(DatagramChannelImpl.java:573)
11-06 11:11:45.843 28050 28088 W System.err: 	at sun.nio.ch.DatagramChannelImpl.send(DatagramChannelImpl.java:550)
11-06 11:11:45.843 28050 28088 W System.err: 	at sun.nio.ch.DatagramChannelImpl.send(DatagramChannelImpl.java:514)
11-06 11:11:45.843 28050 28088 W System.err: 	at symlab.CloudAR.network.TransmissionTask.run(TransmissionTask.java:124)
11-06 11:11:45.843 28050 28088 W System.err: 	at android.os.Handler.handleCallback(Handler.java:907)
11-06 11:11:45.843 28050 28088 W System.err: 	at android.os.Handler.dispatchMessage(Handler.java:105)
11-06 11:11:45.843 28050 28088 W System.err: 	at android.os.Looper.loop(Looper.java:216)
11-06 11:11:45.843 28050 28088 W System.err: 	at android.os.HandlerThread.run(HandlerThread.java:65)
11-06 11:11:45.880 28050 28088 W System.err: java.net.SocketException: Message too long
11-06 11:11:45.880 28050 28088 W System.err: 	at sun.nio.ch.DatagramChannelImpl.send0(Native Method)
11-06 11:11:45.880 28050 28088 W System.err: 	at sun.nio.ch.DatagramChannelImpl.sendFromNativeBuffer(DatagramChannelImpl.java:573)
11-06 11:11:45.880 28050 28088 W System.err: 	at sun.nio.ch.DatagramChannelImpl.send(DatagramChannelImpl.java:550)
11-06 11:11:45.880 28050 28088 W System.err: 	at sun.nio.ch.DatagramChannelImpl.send(DatagramChannelImpl.java:514)
11-06 11:11:45.880 28050 28088 W System.err: 	at symlab.CloudAR.network.TransmissionTask.run(TransmissionTask.java:124)
11-06 11:11:45.880 28050 28088 W System.err: 	at android.os.Handler.handleCallback(Handler.java:907)
11-06 11:11:45.880 28050 28088 W System.err: 	at android.os.Handler.dispatchMessage(Handler.java:105)
11-06 11:11:45.880 28050 28088 W System.err: 	at android.os.Looper.loop(Looper.java:216)
11-06 11:11:45.880 28050 28088 W System.err: 	at android.os.HandlerThread.run(HandlerThread.java:65)
11-06 11:11:45.918 28050 28088 W System.err: java.net.SocketException: Message too long
11-06 11:11:45.918 28050 28088 W System.err: 	at sun.nio.ch.DatagramChannelImpl.send0(Native Method)
11-06 11:11:45.918 28050 28088 W System.err: 	at sun.nio.ch.DatagramChannelImpl.sendFromNativeBuffer(DatagramChannelImpl.java:573)
11-06 11:11:45.918 28050 28088 W System.err: 	at sun.nio.ch.DatagramChannelImpl.send(DatagramChannelImpl.java:550)
11-06 11:11:45.918 28050 28088 W System.err: 	at sun.nio.ch.DatagramChannelImpl.send(DatagramChannelImpl.java:514)
11-06 11:11:45.918 28050 28088 W System.err: 	at symlab.CloudAR.network.TransmissionTask.run(TransmissionTask.java:124)
11-06 11:11:45.918 28050 28088 W System.err: 	at android.os.Handler.handleCallback(Handler.java:907)
11-06 11:11:45.918 28050 28088 W System.err: 	at android.os.Handler.dispatchMessage(Handler.java:105)
11-06 11:11:45.918 28050 28088 W System.err: 	at android.os.Looper.loop(Looper.java:216)
11-06 11:11:45.918 28050 28088 W System.err: 	at android.os.HandlerThread.run(HandlerThread.java:65)
11-06 11:11:45.948 28050 28088 W System.err: java.net.SocketException: Message too long
11-06 11:11:45.948 28050 28088 W System.err: 	at sun.nio.ch.DatagramChannelImpl.send0(Native Method)
11-06 11:11:45.948 28050 28088 W System.err: 	at sun.nio.ch.DatagramChannelImpl.sendFromNativeBuffer(DatagramChannelImpl.java:573)
11-06 11:11:45.948 28050 28088 W System.err: 	at sun.nio.ch.DatagramChannelImpl.send(DatagramChannelImpl.java:550)
11-06 11:11:45.948 28050 28088 W System.err: 	at sun.nio.ch.DatagramChannelImpl.send(DatagramChannelImpl.java:514)
11-06 11:11:45.948 28050 28088 W System.err: 	at symlab.CloudAR.network.TransmissionTask.run(TransmissionTask.java:124)
11-06 11:11:45.948 28050 28088 W System.err: 	at android.os.Handler.handleCallback(Handler.java:907)
11-06 11:11:45.948 28050 28088 W System.err: 	at android.os.Handler.dispatchMessage(Handler.java:105)
11-06 11:11:45.949 28050 28088 W System.err: 	at android.os.Looper.loop(Looper.java:216)
11-06 11:11:45.949 28050 28088 W System.err: 	at android.os.HandlerThread.run(HandlerThread.java:65)
11-06 11:11:45.994 28050 28088 W System.err: java.net.SocketException: Message too long
11-06 11:11:45.994 28050 28088 W System.err: 	at sun.nio.ch.DatagramChannelImpl.send0(Native Method)
11-06 11:11:45.994 28050 28088 W System.err: 	at sun.nio.ch.DatagramChannelImpl.sendFromNativeBuffer(DatagramChannelImpl.java:573)
11-06 11:11:45.994 28050 28088 W System.err: 	at sun.nio.ch.DatagramChannelImpl.send(DatagramChannelImpl.java:550)
11-06 11:11:45.994 28050 28088 W System.err: 	at sun.nio.ch.DatagramChannelImpl.send(DatagramChannelImpl.java:514)
11-06 11:11:45.994 28050 28088 W System.err: 	at symlab.CloudAR.network.TransmissionTask.run(TransmissionTask.java:124)
11-06 11:11:45.994 28050 28088 W System.err: 	at android.os.Handler.handleCallback(Handler.java:907)
11-06 11:11:45.994 28050 28088 W System.err: 	at android.os.Handler.dispatchMessage(Handler.java:105)
11-06 11:11:45.994 28050 28088 W System.err: 	at android.os.Looper.loop(Looper.java:216)
11-06 11:11:45.994 28050 28088 W System.err: 	at android.os.HandlerThread.run(HandlerThread.java:65)
11-06 11:11:46.019 28050 28065 E         : [ZeroHung]zrhung_get_config: Get config failed for wp[0x0008]
11-06 11:11:46.019 28050 28088 W System.err: java.net.SocketException: Message too long
11-06 11:11:46.019 28050 28088 W System.err: 	at sun.nio.ch.DatagramChannelImpl.send0(Native Method)
11-06 11:11:46.019 28050 28088 W System.err: 	at sun.nio.ch.DatagramChannelImpl.sendFromNativeBuffer(DatagramChannelImpl.java:573)
11-06 11:11:46.019 28050 28088 W System.err: 	at sun.nio.ch.DatagramChannelImpl.send(DatagramChannelImpl.java:550)
11-06 11:11:46.019 28050 28088 W System.err: 	at sun.nio.ch.DatagramChannelImpl.send(DatagramChannelImpl.java:514)
11-06 11:11:46.019 28050 28088 W System.err: 	at symlab.CloudAR.network.TransmissionTask.run(TransmissionTask.java:124)
11-06 11:11:46.020 28050 28088 W System.err: 	at android.os.Handler.handleCallback(Handler.java:907)
11-06 11:11:46.020 28050 28088 W System.err: 	at android.os.Handler.dispatchMessage(Handler.java:105)
11-06 11:11:46.020 28050 28088 W System.err: 	at android.os.Looper.loop(Looper.java:216)
11-06 11:11:46.020 28050 28088 W System.err: 	at android.os.HandlerThread.run(HandlerThread.java:65)
11-06 11:11:46.057 28050 28088 W System.err: java.net.SocketException: Message too long
11-06 11:11:46.057 28050 28088 W System.err: 	at sun.nio.ch.DatagramChannelImpl.send0(Native Method)
11-06 11:11:46.057 28050 28088 W System.err: 	at sun.nio.ch.DatagramChannelImpl.sendFromNativeBuffer(DatagramChannelImpl.java:573)
11-06 11:11:46.057 28050 28088 W System.err: 	at sun.nio.ch.DatagramChannelImpl.send(DatagramChannelImpl.java:550)
11-06 11:11:46.057 28050 28088 W System.err: 	at sun.nio.ch.DatagramChannelImpl.send(DatagramChannelImpl.java:514)
11-06 11:11:46.057 28050 28088 W System.err: 	at symlab.CloudAR.network.TransmissionTask.run(TransmissionTask.java:124)
11-06 11:11:46.057 28050 28088 W System.err: 	at android.os.Handler.handleCallback(Handler.java:907)
11-06 11:11:46.057 28050 28088 W System.err: 	at android.os.Handler.dispatchMessage(Handler.java:105)
11-06 11:11:46.057 28050 28088 W System.err: 	at android.os.Looper.loop(Looper.java:216)
11-06 11:11:46.057 28050 28088 W System.err: 	at android.os.HandlerThread.run(HandlerThread.java:65)
11-06 11:11:46.078 28050 28088 W System.err: java.net.SocketException: Message too long
11-06 11:11:46.079 28050 28088 W System.err: 	at sun.nio.ch.DatagramChannelImpl.send0(Native Method)
11-06 11:11:46.079 28050 28088 W System.err: 	at sun.nio.ch.DatagramChannelImpl.sendFromNativeBuffer(DatagramChannelImpl.java:573)
11-06 11:11:46.079 28050 28088 W System.err: 	at sun.nio.ch.DatagramChannelImpl.send(DatagramChannelImpl.java:550)
11-06 11:11:46.079 28050 28088 W System.err: 	at sun.nio.ch.DatagramChannelImpl.send(DatagramChannelImpl.java:514)
11-06 11:11:46.079 28050 28088 W System.err: 	at symlab.CloudAR.network.TransmissionTask.run(TransmissionTask.java:124)
11-06 11:11:46.079 28050 28088 W System.err: 	at android.os.Handler.handleCallback(Handler.java:907)
11-06 11:11:46.079 28050 28088 W System.err: 	at android.os.Handler.dispatchMessage(Handler.java:105)
11-06 11:11:46.079 28050 28088 W System.err: 	at android.os.Looper.loop(Looper.java:216)
11-06 11:11:46.079 28050 28088 W System.err: 	at android.os.HandlerThread.run(HandlerThread.java:65)
11-06 11:11:46.109 28050 28088 W System.err: java.net.SocketException: Message too long
11-06 11:11:46.109 28050 28088 W System.err: 	at sun.nio.ch.DatagramChannelImpl.send0(Native Method)
11-06 11:11:46.109 28050 28088 W System.err: 	at sun.nio.ch.DatagramChannelImpl.sendFromNativeBuffer(DatagramChannelImpl.java:573)
11-06 11:11:46.109 28050 28088 W System.err: 	at sun.nio.ch.DatagramChannelImpl.send(DatagramChannelImpl.java:550)
11-06 11:11:46.109 28050 28088 W System.err: 	at sun.nio.ch.DatagramChannelImpl.send(DatagramChannelImpl.java:514)
11-06 11:11:46.109 28050 28088 W System.err: 	at symlab.CloudAR.network.TransmissionTask.run(TransmissionTask.java:124)
11-06 11:11:46.109 28050 28088 W System.err: 	at android.os.Handler.handleCallback(Handler.java:907)
11-06 11:11:46.109 28050 28088 W System.err: 	at android.os.Handler.dispatchMessage(Handler.java:105)
11-06 11:11:46.109 28050 28088 W System.err: 	at android.os.Looper.loop(Looper.java:216)
11-06 11:11:46.109 28050 28088 W System.err: 	at android.os.HandlerThread.run(HandlerThread.java:65)
11-06 11:11:46.187 28050 28088 W System.err: java.net.SocketException: Message too long
11-06 11:11:46.187 28050 28088 W System.err: 	at sun.nio.ch.DatagramChannelImpl.send0(Native Method)
11-06 11:11:46.188 28050 28088 W System.err: 	at sun.nio.ch.DatagramChannelImpl.sendFromNativeBuffer(DatagramChannelImpl.java:573)
11-06 11:11:46.188 28050 28088 W System.err: 	at sun.nio.ch.DatagramChannelImpl.send(DatagramChannelImpl.java:550)
11-06 11:11:46.188 28050 28088 W System.err: 	at sun.nio.ch.DatagramChannelImpl.send(DatagramChannelImpl.java:514)
11-06 11:11:46.188 28050 28088 W System.err: 	at symlab.CloudAR.network.TransmissionTask.run(TransmissionTask.java:124)
11-06 11:11:46.188 28050 28088 W System.err: 	at android.os.Handler.handleCallback(Handler.java:907)
11-06 11:11:46.188 28050 28088 W System.err: 	at android.os.Handler.dispatchMessage(Handler.java:105)
11-06 11:11:46.188 28050 28088 W System.err: 	at android.os.Looper.loop(Looper.java:216)
11-06 11:11:46.188 28050 28088 W System.err: 	at android.os.HandlerThread.run(HandlerThread.java:65)
11-06 11:11:46.230 28050 28088 W System.err: java.net.SocketException: Message too long
11-06 11:11:46.230 28050 28088 W System.err: 	at sun.nio.ch.DatagramChannelImpl.send0(Native Method)
11-06 11:11:46.230 28050 28088 W System.err: 	at sun.nio.ch.DatagramChannelImpl.sendFromNativeBuffer(DatagramChannelImpl.java:573)
11-06 11:11:46.230 28050 28088 W System.err: 	at sun.nio.ch.DatagramChannelImpl.send(DatagramChannelImpl.java:550)
11-06 11:11:46.230 28050 28088 W System.err: 	at sun.nio.ch.DatagramChannelImpl.send(DatagramChannelImpl.java:514)
11-06 11:11:46.230 28050 28088 W System.err: 	at symlab.CloudAR.network.TransmissionTask.run(TransmissionTask.java:124)
11-06 11:11:46.230 28050 28088 W System.err: 	at android.os.Handler.handleCallback(Handler.java:907)
11-06 11:11:46.230 28050 28088 W System.err: 	at android.os.Handler.dispatchMessage(Handler.java:105)
11-06 11:11:46.230 28050 28088 W System.err: 	at android.os.Looper.loop(Looper.java:216)
11-06 11:11:46.230 28050 28088 W System.err: 	at android.os.HandlerThread.run(HandlerThread.java:65)
11-06 11:11:46.260 28050 28088 W System.err: java.net.SocketException: Message too long
11-06 11:11:46.260 28050 28088 W System.err: 	at sun.nio.ch.DatagramChannelImpl.send0(Native Method)
11-06 11:11:46.260 28050 28088 W System.err: 	at sun.nio.ch.DatagramChannelImpl.sendFromNativeBuffer(DatagramChannelImpl.java:573)
11-06 11:11:46.260 28050 28088 W System.err: 	at sun.nio.ch.DatagramChannelImpl.send(DatagramChannelImpl.java:550)
11-06 11:11:46.260 28050 28088 W System.err: 	at sun.nio.ch.DatagramChannelImpl.send(DatagramChannelImpl.java:514)
11-06 11:11:46.260 28050 28088 W System.err: 	at symlab.CloudAR.network.TransmissionTask.run(TransmissionTask.java:124)
11-06 11:11:46.260 28050 28088 W System.err: 	at android.os.Handler.handleCallback(Handler.java:907)
11-06 11:11:46.260 28050 28088 W System.err: 	at android.os.Handler.dispatchMessage(Handler.java:105)
11-06 11:11:46.260 28050 28088 W System.err: 	at android.os.Looper.loop(Looper.java:216)
11-06 11:11:46.260 28050 28088 W System.err: 	at android.os.HandlerThread.run(HandlerThread.java:65)
11-06 11:11:46.286 28050 28088 W System.err: java.net.SocketException: Message too long
11-06 11:11:46.287 28050 28088 W System.err: 	at sun.nio.ch.DatagramChannelImpl.send0(Native Method)
11-06 11:11:46.287 28050 28088 W System.err: 	at sun.nio.ch.DatagramChannelImpl.sendFromNativeBuffer(DatagramChannelImpl.java:573)
11-06 11:11:46.287 28050 28088 W System.err: 	at sun.nio.ch.DatagramChannelImpl.send(DatagramChannelImpl.java:550)
11-06 11:11:46.287 28050 28088 W System.err: 	at sun.nio.ch.DatagramChannelImpl.send(DatagramChannelImpl.java:514)
11-06 11:11:46.287 28050 28088 W System.err: 	at symlab.CloudAR.network.TransmissionTask.run(TransmissionTask.java:124)
11-06 11:11:46.287 28050 28088 W System.err: 	at android.os.Handler.handleCallback(Handler.java:907)
11-06 11:11:46.287 28050 28088 W System.err: 	at android.os.Handler.dispatchMessage(Handler.java:105)
11-06 11:11:46.287 28050 28088 W System.err: 	at android.os.Looper.loop(Looper.java:216)
11-06 11:11:46.287 28050 28088 W System.err: 	at android.os.HandlerThread.run(HandlerThread.java:65)
11-06 11:11:46.321 28050 28088 W System.err: java.net.SocketException: Message too long
11-06 11:11:46.321 28050 28088 W System.err: 	at sun.nio.ch.DatagramChannelImpl.send0(Native Method)
11-06 11:11:46.321 28050 28088 W System.err: 	at sun.nio.ch.DatagramChannelImpl.sendFromNativeBuffer(DatagramChannelImpl.java:573)
11-06 11:11:46.321 28050 28088 W System.err: 	at sun.nio.ch.DatagramChannelImpl.send(DatagramChannelImpl.java:550)
11-06 11:11:46.321 28050 28088 W System.err: 	at sun.nio.ch.DatagramChannelImpl.send(DatagramChannelImpl.java:514)
11-06 11:11:46.321 28050 28088 W System.err: 	at symlab.CloudAR.network.TransmissionTask.run(TransmissionTask.java:124)
11-06 11:11:46.321 28050 28088 W System.err: 	at android.os.Handler.handleCallback(Handler.java:907)
11-06 11:11:46.321 28050 28088 W System.err: 	at android.os.Handler.dispatchMessage(Handler.java:105)
11-06 11:11:46.321 28050 28088 W System.err: 	at android.os.Looper.loop(Looper.java:216)
11-06 11:11:46.321 28050 28088 W System.err: 	at android.os.HandlerThread.run(HandlerThread.java:65)
11-06 11:11:46.345 28050 28088 W System.err: java.net.SocketException: Message too long
11-06 11:11:46.346 28050 28088 W System.err: 	at sun.nio.ch.DatagramChannelImpl.send0(Native Method)
11-06 11:11:46.346 28050 28050 D Poster  : At 1573031506345 location is 65.05996302650888 (latitude), and 25.46671789840436 (longitude)
11-06 11:11:46.346 28050 28088 W System.err: 	at sun.nio.ch.DatagramChannelImpl.sendFromNativeBuffer(DatagramChannelImpl.java:573)
11-06 11:11:46.346 28050 28088 W System.err: 	at sun.nio.ch.DatagramChannelImpl.send(DatagramChannelImpl.java:550)
11-06 11:11:46.346 28050 28088 W System.err: 	at sun.nio.ch.DatagramChannelImpl.send(DatagramChannelImpl.java:514)
11-06 11:11:46.346 28050 28088 W System.err: 	at symlab.CloudAR.network.TransmissionTask.run(TransmissionTask.java:124)
11-06 11:11:46.346 28050 28088 W System.err: 	at android.os.Handler.handleCallback(Handler.java:907)
11-06 11:11:46.346 28050 28088 W System.err: 	at android.os.Handler.dispatchMessage(Handler.java:105)
11-06 11:11:46.346 28050 28088 W System.err: 	at android.os.Looper.loop(Looper.java:216)
11-06 11:11:46.346 28050 28088 W System.err: 	at android.os.HandlerThread.run(HandlerThread.java:65)
11-06 11:11:46.347 28050 28050 D Poster  : Connected to mobile network 20
11-06 11:11:46.389 28050 28088 W System.err: java.net.SocketException: Message too long
11-06 11:11:46.389 28050 28088 W System.err: 	at sun.nio.ch.DatagramChannelImpl.send0(Native Method)
11-06 11:11:46.389 28050 28088 W System.err: 	at sun.nio.ch.DatagramChannelImpl.sendFromNativeBuffer(DatagramChannelImpl.java:573)
11-06 11:11:46.389 28050 28088 W System.err: 	at sun.nio.ch.DatagramChannelImpl.send(DatagramChannelImpl.java:550)
11-06 11:11:46.389 28050 28088 W System.err: 	at sun.nio.ch.DatagramChannelImpl.send(DatagramChannelImpl.java:514)
11-06 11:11:46.389 28050 28088 W System.err: 	at symlab.CloudAR.network.TransmissionTask.run(TransmissionTask.java:124)
11-06 11:11:46.389 28050 28088 W System.err: 	at android.os.Handler.handleCallback(Handler.java:907)
11-06 11:11:46.389 28050 28088 W System.err: 	at android.os.Handler.dispatchMessage(Handler.java:105)
11-06 11:11:46.389 28050 28088 W System.err: 	at android.os.Looper.loop(Looper.java:216)
11-06 11:11:46.389 28050 28088 W System.err: 	at android.os.HandlerThread.run(HandlerThread.java:65)
11-06 11:11:46.414 28050 28088 W System.err: java.net.SocketException: Message too long
11-06 11:11:46.414 28050 28088 W System.err: 	at sun.nio.ch.DatagramChannelImpl.send0(Native Method)
11-06 11:11:46.414 28050 28088 W System.err: 	at sun.nio.ch.DatagramChannelImpl.sendFromNativeBuffer(DatagramChannelImpl.java:573)
11-06 11:11:46.414 28050 28088 W System.err: 	at sun.nio.ch.DatagramChannelImpl.send(DatagramChannelImpl.java:550)
11-06 11:11:46.414 28050 28088 W System.err: 	at sun.nio.ch.DatagramChannelImpl.send(DatagramChannelImpl.java:514)
11-06 11:11:46.414 28050 28088 W System.err: 	at symlab.CloudAR.network.TransmissionTask.run(TransmissionTask.java:124)
11-06 11:11:46.414 28050 28088 W System.err: 	at android.os.Handler.handleCallback(Handler.java:907)
11-06 11:11:46.414 28050 28088 W System.err: 	at android.os.Handler.dispatchMessage(Handler.java:105)
11-06 11:11:46.414 28050 28088 W System.err: 	at android.os.Looper.loop(Looper.java:216)
11-06 11:11:46.414 28050 28088 W System.err: 	at android.os.HandlerThread.run(HandlerThread.java:65)
11-06 11:11:46.444 28050 28065 E         : [ZeroHung]zrhung_get_config: Get config failed for wp[0x0008]
11-06 11:11:46.445 28050 28088 W System.err: java.net.SocketException: Message too long
11-06 11:11:46.445 28050 28088 W System.err: 	at sun.nio.ch.DatagramChannelImpl.send0(Native Method)
11-06 11:11:46.445 28050 28088 W System.err: 	at sun.nio.ch.DatagramChannelImpl.sendFromNativeBuffer(DatagramChannelImpl.java:573)
11-06 11:11:46.445 28050 28088 W System.err: 	at sun.nio.ch.DatagramChannelImpl.send(DatagramChannelImpl.java:550)
11-06 11:11:46.445 28050 28088 W System.err: 	at sun.nio.ch.DatagramChannelImpl.send(DatagramChannelImpl.java:514)
11-06 11:11:46.445 28050 28088 W System.err: 	at symlab.CloudAR.network.TransmissionTask.run(TransmissionTask.java:124)
11-06 11:11:46.445 28050 28088 W System.err: 	at android.os.Handler.handleCallback(Handler.java:907)
11-06 11:11:46.445 28050 28088 W System.err: 	at android.os.Handler.dispatchMessage(Handler.java:105)
11-06 11:11:46.445 28050 28088 W System.err: 	at android.os.Looper.loop(Looper.java:216)
11-06 11:11:46.445 28050 28088 W System.err: 	at android.os.HandlerThread.run(HandlerThread.java:65)
11-06 11:11:46.483 28050 28088 W System.err: java.net.SocketException: Message too long
11-06 11:11:46.483 28050 28088 W System.err: 	at sun.nio.ch.DatagramChannelImpl.send0(Native Method)
11-06 11:11:46.483 28050 28088 W System.err: 	at sun.nio.ch.DatagramChannelImpl.sendFromNativeBuffer(DatagramChannelImpl.java:573)
11-06 11:11:46.483 28050 28088 W System.err: 	at sun.nio.ch.DatagramChannelImpl.send(DatagramChannelImpl.java:550)
11-06 11:11:46.483 28050 28088 W System.err: 	at sun.nio.ch.DatagramChannelImpl.send(DatagramChannelImpl.java:514)
11-06 11:11:46.483 28050 28088 W System.err: 	at symlab.CloudAR.network.TransmissionTask.run(TransmissionTask.java:124)
11-06 11:11:46.483 28050 28088 W System.err: 	at android.os.Handler.handleCallback(Handler.java:907)
11-06 11:11:46.483 28050 28088 W System.err: 	at android.os.Handler.dispatchMessage(Handler.java:105)
11-06 11:11:46.483 28050 28088 W System.err: 	at android.os.Looper.loop(Looper.java:216)
11-06 11:11:46.483 28050 28088 W System.err: 	at android.os.HandlerThread.run(HandlerThread.java:65)
11-06 11:11:46.520 28050 28088 W System.err: java.net.SocketException: Message too long
11-06 11:11:46.520 28050 28088 W System.err: 	at sun.nio.ch.DatagramChannelImpl.send0(Native Method)
11-06 11:11:46.520 28050 28088 W System.err: 	at sun.nio.ch.DatagramChannelImpl.sendFromNativeBuffer(DatagramChannelImpl.java:573)
11-06 11:11:46.520 28050 28088 W System.err: 	at sun.nio.ch.DatagramChannelImpl.send(DatagramChannelImpl.java:550)
11-06 11:11:46.520 28050 28088 W System.err: 	at sun.nio.ch.DatagramChannelImpl.send(DatagramChannelImpl.java:514)
11-06 11:11:46.520 28050 28088 W System.err: 	at symlab.CloudAR.network.TransmissionTask.run(TransmissionTask.java:124)
11-06 11:11:46.520 28050 28088 W System.err: 	at android.os.Handler.handleCallback(Handler.java:907)
11-06 11:11:46.520 28050 28088 W System.err: 	at android.os.Handler.dispatchMessage(Handler.java:105)
11-06 11:11:46.520 28050 28088 W System.err: 	at android.os.Looper.loop(Looper.java:216)
11-06 11:11:46.520 28050 28088 W System.err: 	at android.os.HandlerThread.run(HandlerThread.java:65)
11-06 11:11:46.548 28050 28088 W System.err: java.net.SocketException: Message too long
11-06 11:11:46.548 28050 28088 W System.err: 	at sun.nio.ch.DatagramChannelImpl.send0(Native Method)
11-06 11:11:46.548 28050 28088 W System.err: 	at sun.nio.ch.DatagramChannelImpl.sendFromNativeBuffer(DatagramChannelImpl.java:573)
11-06 11:11:46.548 28050 28088 W System.err: 	at sun.nio.ch.DatagramChannelImpl.send(DatagramChannelImpl.java:550)
11-06 11:11:46.548 28050 28088 W System.err: 	at sun.nio.ch.DatagramChannelImpl.send(DatagramChannelImpl.java:514)
11-06 11:11:46.548 28050 28088 W System.err: 	at symlab.CloudAR.network.TransmissionTask.run(TransmissionTask.java:124)
11-06 11:11:46.548 28050 28088 W System.err: 	at android.os.Handler.handleCallback(Handler.java:907)
11-06 11:11:46.548 28050 28088 W System.err: 	at android.os.Handler.dispatchMessage(Handler.java:105)
11-06 11:11:46.548 28050 28088 W System.err: 	at android.os.Looper.loop(Looper.java:216)
11-06 11:11:46.548 28050 28088 W System.err: 	at android.os.HandlerThread.run(HandlerThread.java:65)
11-06 11:11:46.582 28050 28088 W System.err: java.net.SocketException: Message too long
11-06 11:11:46.582 28050 28088 W System.err: 	at sun.nio.ch.DatagramChannelImpl.send0(Native Method)
11-06 11:11:46.582 28050 28088 W System.err: 	at sun.nio.ch.DatagramChannelImpl.sendFromNativeBuffer(DatagramChannelImpl.java:573)
11-06 11:11:46.582 28050 28088 W System.err: 	at sun.nio.ch.DatagramChannelImpl.send(DatagramChannelImpl.java:550)
11-06 11:11:46.582 28050 28088 W System.err: 	at sun.nio.ch.DatagramChannelImpl.send(DatagramChannelImpl.java:514)
11-06 11:11:46.582 28050 28088 W System.err: 	at symlab.CloudAR.network.TransmissionTask.run(TransmissionTask.java:124)
11-06 11:11:46.582 28050 28088 W System.err: 	at android.os.Handler.handleCallback(Handler.java:907)
11-06 11:11:46.582 28050 28088 W System.err: 	at android.os.Handler.dispatchMessage(Handler.java:105)
11-06 11:11:46.582 28050 28088 W System.err: 	at android.os.Looper.loop(Looper.java:216)
11-06 11:11:46.583 28050 28088 W System.err: 	at android.os.HandlerThread.run(HandlerThread.java:65)
11-06 11:11:46.615 28050 28088 W System.err: java.net.SocketException: Message too long
11-06 11:11:46.615 28050 28088 W System.err: 	at sun.nio.ch.DatagramChannelImpl.send0(Native Method)
11-06 11:11:46.615 28050 28088 W System.err: 	at sun.nio.ch.DatagramChannelImpl.sendFromNativeBuffer(DatagramChannelImpl.java:573)
11-06 11:11:46.615 28050 28088 W System.err: 	at sun.nio.ch.DatagramChannelImpl.send(DatagramChannelImpl.java:550)
11-06 11:11:46.615 28050 28088 W System.err: 	at sun.nio.ch.DatagramChannelImpl.send(DatagramChannelImpl.java:514)
11-06 11:11:46.615 28050 28088 W System.err: 	at symlab.CloudAR.network.TransmissionTask.run(TransmissionTask.java:124)
11-06 11:11:46.615 28050 28088 W System.err: 	at android.os.Handler.handleCallback(Handler.java:907)
11-06 11:11:46.615 28050 28088 W System.err: 	at android.os.Handler.dispatchMessage(Handler.java:105)
11-06 11:11:46.615 28050 28088 W System.err: 	at android.os.Looper.loop(Looper.java:216)
11-06 11:11:46.615 28050 28088 W System.err: 	at android.os.HandlerThread.run(HandlerThread.java:65)
11-06 11:11:46.647 28050 28088 W System.err: java.net.SocketException: Message too long
11-06 11:11:46.647 28050 28088 W System.err: 	at sun.nio.ch.DatagramChannelImpl.send0(Native Method)
11-06 11:11:46.647 28050 28088 W System.err: 	at sun.nio.ch.DatagramChannelImpl.sendFromNativeBuffer(DatagramChannelImpl.java:573)
11-06 11:11:46.648 28050 28088 W System.err: 	at sun.nio.ch.DatagramChannelImpl.send(DatagramChannelImpl.java:550)
11-06 11:11:46.648 28050 28088 W System.err: 	at sun.nio.ch.DatagramChannelImpl.send(DatagramChannelImpl.java:514)
11-06 11:11:46.648 28050 28088 W System.err: 	at symlab.CloudAR.network.TransmissionTask.run(TransmissionTask.java:124)
11-06 11:11:46.648 28050 28088 W System.err: 	at android.os.Handler.handleCallback(Handler.java:907)
11-06 11:11:46.648 28050 28088 W System.err: 	at android.os.Handler.dispatchMessage(Handler.java:105)
11-06 11:11:46.648 28050 28088 W System.err: 	at android.os.Looper.loop(Looper.java:216)
11-06 11:11:46.648 28050 28088 W System.err: 	at android.os.HandlerThread.run(HandlerThread.java:65)
11-06 11:11:46.678 28050 28088 W System.err: java.net.SocketException: Message too long
11-06 11:11:46.678 28050 28088 W System.err: 	at sun.nio.ch.DatagramChannelImpl.send0(Native Method)
11-06 11:11:46.678 28050 28088 W System.err: 	at sun.nio.ch.DatagramChannelImpl.sendFromNativeBuffer(DatagramChannelImpl.java:573)
11-06 11:11:46.678 28050 28088 W System.err: 	at sun.nio.ch.DatagramChannelImpl.send(DatagramChannelImpl.java:550)
11-06 11:11:46.678 28050 28088 W System.err: 	at sun.nio.ch.DatagramChannelImpl.send(DatagramChannelImpl.java:514)
11-06 11:11:46.678 28050 28088 W System.err: 	at symlab.CloudAR.network.TransmissionTask.run(TransmissionTask.java:124)
11-06 11:11:46.678 28050 28088 W System.err: 	at android.os.Handler.handleCallback(Handler.java:907)
11-06 11:11:46.678 28050 28088 W System.err: 	at android.os.Handler.dispatchMessage(Handler.java:105)
11-06 11:11:46.678 28050 28088 W System.err: 	at android.os.Looper.loop(Looper.java:216)
11-06 11:11:46.678 28050 28088 W System.err: 	at android.os.HandlerThread.run(HandlerThread.java:65)
11-06 11:11:46.718 28050 28088 W System.err: java.net.SocketException: Message too long
11-06 11:11:46.718 28050 28088 W System.err: 	at sun.nio.ch.DatagramChannelImpl.send0(Native Method)
11-06 11:11:46.718 28050 28088 W System.err: 	at sun.nio.ch.DatagramChannelImpl.sendFromNativeBuffer(DatagramChannelImpl.java:573)
11-06 11:11:46.718 28050 28088 W System.err: 	at sun.nio.ch.DatagramChannelImpl.send(DatagramChannelImpl.java:550)
11-06 11:11:46.718 28050 28088 W System.err: 	at sun.nio.ch.DatagramChannelImpl.send(DatagramChannelImpl.java:514)
11-06 11:11:46.718 28050 28088 W System.err: 	at symlab.CloudAR.network.TransmissionTask.run(TransmissionTask.java:124)
11-06 11:11:46.718 28050 28088 W System.err: 	at android.os.Handler.handleCallback(Handler.java:907)
11-06 11:11:46.718 28050 28088 W System.err: 	at android.os.Handler.dispatchMessage(Handler.java:105)
11-06 11:11:46.718 28050 28088 W System.err: 	at android.os.Looper.loop(Looper.java:216)
11-06 11:11:46.718 28050 28088 W System.err: 	at android.os.HandlerThread.run(HandlerThread.java:65)
11-06 11:11:46.747 28050 28088 W System.err: java.net.SocketException: Message too long
11-06 11:11:46.747 28050 28088 W System.err: 	at sun.nio.ch.DatagramChannelImpl.send0(Native Method)
11-06 11:11:46.747 28050 28088 W System.err: 	at sun.nio.ch.DatagramChannelImpl.sendFromNativeBuffer(DatagramChannelImpl.java:573)
11-06 11:11:46.747 28050 28088 W System.err: 	at sun.nio.ch.DatagramChannelImpl.send(DatagramChannelImpl.java:550)
11-06 11:11:46.747 28050 28088 W System.err: 	at sun.nio.ch.DatagramChannelImpl.send(DatagramChannelImpl.java:514)
11-06 11:11:46.747 28050 28088 W System.err: 	at symlab.CloudAR.network.TransmissionTask.run(TransmissionTask.java:124)
11-06 11:11:46.747 28050 28088 W System.err: 	at android.os.Handler.handleCallback(Handler.java:907)
11-06 11:11:46.747 28050 28088 W System.err: 	at android.os.Handler.dispatchMessage(Handler.java:105)
11-06 11:11:46.747 28050 28088 W System.err: 	at android.os.Looper.loop(Looper.java:216)
11-06 11:11:46.747 28050 28088 W System.err: 	at android.os.HandlerThread.run(HandlerThread.java:65)
11-06 11:11:46.803 28050 28088 W System.err: java.net.SocketException: Message too long
11-06 11:11:46.803 28050 28088 W System.err: 	at sun.nio.ch.DatagramChannelImpl.send0(Native Method)
11-06 11:11:46.803 28050 28088 W System.err: 	at sun.nio.ch.DatagramChannelImpl.sendFromNativeBuffer(DatagramChannelImpl.java:573)
11-06 11:11:46.803 28050 28088 W System.err: 	at sun.nio.ch.DatagramChannelImpl.send(DatagramChannelImpl.java:550)
11-06 11:11:46.803 28050 28088 W System.err: 	at sun.nio.ch.DatagramChannelImpl.send(DatagramChannelImpl.java:514)
11-06 11:11:46.803 28050 28088 W System.err: 	at symlab.CloudAR.network.TransmissionTask.run(TransmissionTask.java:124)
11-06 11:11:46.803 28050 28088 W System.err: 	at android.os.Handler.handleCallback(Handler.java:907)
11-06 11:11:46.803 28050 28088 W System.err: 	at android.os.Handler.dispatchMessage(Handler.java:105)
11-06 11:11:46.803 28050 28088 W System.err: 	at android.os.Looper.loop(Looper.java:216)
11-06 11:11:46.803 28050 28088 W System.err: 	at android.os.HandlerThread.run(HandlerThread.java:65)
11-06 11:11:46.829 28050 28065 E         : [ZeroHung]zrhung_get_config: Get config failed for wp[0x0008]
11-06 11:11:46.829 28050 28088 W System.err: java.net.SocketException: Message too long
11-06 11:11:46.829 28050 28088 W System.err: 	at sun.nio.ch.DatagramChannelImpl.send0(Native Method)
11-06 11:11:46.829 28050 28088 W System.err: 	at sun.nio.ch.DatagramChannelImpl.sendFromNativeBuffer(DatagramChannelImpl.java:573)
11-06 11:11:46.829 28050 28088 W System.err: 	at sun.nio.ch.DatagramChannelImpl.send(DatagramChannelImpl.java:550)
11-06 11:11:46.829 28050 28088 W System.err: 	at sun.nio.ch.DatagramChannelImpl.send(DatagramChannelImpl.java:514)
11-06 11:11:46.829 28050 28088 W System.err: 	at symlab.CloudAR.network.TransmissionTask.run(TransmissionTask.java:124)
11-06 11:11:46.829 28050 28088 W System.err: 	at android.os.Handler.handleCallback(Handler.java:907)
11-06 11:11:46.829 28050 28088 W System.err: 	at android.os.Handler.dispatchMessage(Handler.java:105)
11-06 11:11:46.829 28050 28088 W System.err: 	at android.os.Looper.loop(Looper.java:216)
11-06 11:11:46.829 28050 28088 W System.err: 	at android.os.HandlerThread.run(HandlerThread.java:65)
11-06 11:11:46.855 28050 28088 W System.err: java.net.SocketException: Message too long
11-06 11:11:46.856 28050 28088 W System.err: 	at sun.nio.ch.DatagramChannelImpl.send0(Native Method)
11-06 11:11:46.856 28050 28088 W System.err: 	at sun.nio.ch.DatagramChannelImpl.sendFromNativeBuffer(DatagramChannelImpl.java:573)
11-06 11:11:46.856 28050 28088 W System.err: 	at sun.nio.ch.DatagramChannelImpl.send(DatagramChannelImpl.java:550)
11-06 11:11:46.856 28050 28088 W System.err: 	at sun.nio.ch.DatagramChannelImpl.send(DatagramChannelImpl.java:514)
11-06 11:11:46.856 28050 28088 W System.err: 	at symlab.CloudAR.network.TransmissionTask.run(TransmissionTask.java:124)
11-06 11:11:46.856 28050 28088 W System.err: 	at android.os.Handler.handleCallback(Handler.java:907)
11-06 11:11:46.856 28050 28088 W System.err: 	at android.os.Handler.dispatchMessage(Handler.java:105)
11-06 11:11:46.856 28050 28088 W System.err: 	at android.os.Looper.loop(Looper.java:216)
11-06 11:11:46.856 28050 28088 W System.err: 	at android.os.HandlerThread.run(HandlerThread.java:65)
11-06 11:11:46.886 28050 28088 W System.err: java.net.SocketException: Message too long
11-06 11:11:46.886 28050 28088 W System.err: 	at sun.nio.ch.DatagramChannelImpl.send0(Native Method)
11-06 11:11:46.886 28050 28088 W System.err: 	at sun.nio.ch.DatagramChannelImpl.sendFromNativeBuffer(DatagramChannelImpl.java:573)
11-06 11:11:46.886 28050 28088 W System.err: 	at sun.nio.ch.DatagramChannelImpl.send(DatagramChannelImpl.java:550)
11-06 11:11:46.886 28050 28088 W System.err: 	at sun.nio.ch.DatagramChannelImpl.send(DatagramChannelImpl.java:514)
11-06 11:11:46.886 28050 28088 W System.err: 	at symlab.CloudAR.network.TransmissionTask.run(TransmissionTask.java:124)
11-06 11:11:46.886 28050 28088 W System.err: 	at android.os.Handler.handleCallback(Handler.java:907)
11-06 11:11:46.886 28050 28088 W System.err: 	at android.os.Handler.dispatchMessage(Handler.java:105)
11-06 11:11:46.886 28050 28088 W System.err: 	at android.os.Looper.loop(Looper.java:216)
11-06 11:11:46.886 28050 28088 W System.err: 	at android.os.HandlerThread.run(HandlerThread.java:65)
11-06 11:11:46.915 28050 28088 W System.err: java.net.SocketException: Message too long
11-06 11:11:46.915 28050 28088 W System.err: 	at sun.nio.ch.DatagramChannelImpl.send0(Native Method)
11-06 11:11:46.916 28050 28088 W System.err: 	at sun.nio.ch.DatagramChannelImpl.sendFromNativeBuffer(DatagramChannelImpl.java:573)
11-06 11:11:46.916 28050 28088 W System.err: 	at sun.nio.ch.DatagramChannelImpl.send(DatagramChannelImpl.java:550)
11-06 11:11:46.916 28050 28088 W System.err: 	at sun.nio.ch.DatagramChannelImpl.send(DatagramChannelImpl.java:514)
11-06 11:11:46.916 28050 28088 W System.err: 	at symlab.CloudAR.network.TransmissionTask.run(TransmissionTask.java:124)
11-06 11:11:46.916 28050 28088 W System.err: 	at android.os.Handler.handleCallback(Handler.java:907)
11-06 11:11:46.916 28050 28088 W System.err: 	at android.os.Handler.dispatchMessage(Handler.java:105)
11-06 11:11:46.916 28050 28088 W System.err: 	at android.os.Looper.loop(Looper.java:216)
11-06 11:11:46.916 28050 28088 W System.err: 	at android.os.HandlerThread.run(HandlerThread.java:65)
11-06 11:11:46.949 28050 28088 W System.err: java.net.SocketException: Message too long
11-06 11:11:46.949 28050 28088 W System.err: 	at sun.nio.ch.DatagramChannelImpl.send0(Native Method)
11-06 11:11:46.949 28050 28088 W System.err: 	at sun.nio.ch.DatagramChannelImpl.sendFromNativeBuffer(DatagramChannelImpl.java:573)
11-06 11:11:46.949 28050 28088 W System.err: 	at sun.nio.ch.DatagramChannelImpl.send(DatagramChannelImpl.java:550)
11-06 11:11:46.949 28050 28088 W System.err: 	at sun.nio.ch.DatagramChannelImpl.send(DatagramChannelImpl.java:514)
11-06 11:11:46.949 28050 28088 W System.err: 	at symlab.CloudAR.network.TransmissionTask.run(TransmissionTask.java:124)
11-06 11:11:46.949 28050 28088 W System.err: 	at android.os.Handler.handleCallback(Handler.java:907)
11-06 11:11:46.949 28050 28088 W System.err: 	at android.os.Handler.dispatchMessage(Handler.java:105)
11-06 11:11:46.949 28050 28088 W System.err: 	at android.os.Looper.loop(Looper.java:216)
11-06 11:11:46.949 28050 28088 W System.err: 	at android.os.HandlerThread.run(HandlerThread.java:65)
11-06 11:11:46.984 28050 28088 W System.err: java.net.SocketException: Message too long
11-06 11:11:46.984 28050 28088 W System.err: 	at sun.nio.ch.DatagramChannelImpl.send0(Native Method)
11-06 11:11:46.984 28050 28088 W System.err: 	at sun.nio.ch.DatagramChannelImpl.sendFromNativeBuffer(DatagramChannelImpl.java:573)
11-06 11:11:46.984 28050 28088 W System.err: 	at sun.nio.ch.DatagramChannelImpl.send(DatagramChannelImpl.java:550)
11-06 11:11:46.984 28050 28088 W System.err: 	at sun.nio.ch.DatagramChannelImpl.send(DatagramChannelImpl.java:514)
11-06 11:11:46.984 28050 28088 W System.err: 	at symlab.CloudAR.network.TransmissionTask.run(TransmissionTask.java:124)
11-06 11:11:46.984 28050 28088 W System.err: 	at android.os.Handler.handleCallback(Handler.java:907)
11-06 11:11:46.984 28050 28088 W System.err: 	at android.os.Handler.dispatchMessage(Handler.java:105)
11-06 11:11:46.984 28050 28088 W System.err: 	at android.os.Looper.loop(Looper.java:216)
11-06 11:11:46.984 28050 28088 W System.err: 	at android.os.HandlerThread.run(HandlerThread.java:65)
11-06 11:11:47.023 28050 28088 W System.err: java.net.SocketException: Message too long
11-06 11:11:47.023 28050 28088 W System.err: 	at sun.nio.ch.DatagramChannelImpl.send0(Native Method)
11-06 11:11:47.023 28050 28088 W System.err: 	at sun.nio.ch.DatagramChannelImpl.sendFromNativeBuffer(DatagramChannelImpl.java:573)
11-06 11:11:47.023 28050 28088 W System.err: 	at sun.nio.ch.DatagramChannelImpl.send(DatagramChannelImpl.java:550)
11-06 11:11:47.023 28050 28088 W System.err: 	at sun.nio.ch.DatagramChannelImpl.send(DatagramChannelImpl.java:514)
11-06 11:11:47.023 28050 28088 W System.err: 	at symlab.CloudAR.network.TransmissionTask.run(TransmissionTask.java:124)
11-06 11:11:47.023 28050 28088 W System.err: 	at android.os.Handler.handleCallback(Handler.java:907)
11-06 11:11:47.023 28050 28088 W System.err: 	at android.os.Handler.dispatchMessage(Handler.java:105)
11-06 11:11:47.023 28050 28088 W System.err: 	at android.os.Looper.loop(Looper.java:216)
11-06 11:11:47.023 28050 28088 W System.err: 	at android.os.HandlerThread.run(HandlerThread.java:65)
11-06 11:11:47.062 28050 28088 W System.err: java.net.SocketException: Message too long
11-06 11:11:47.062 28050 28088 W System.err: 	at sun.nio.ch.DatagramChannelImpl.send0(Native Method)
11-06 11:11:47.062 28050 28088 W System.err: 	at sun.nio.ch.DatagramChannelImpl.sendFromNativeBuffer(DatagramChannelImpl.java:573)
11-06 11:11:47.062 28050 28088 W System.err: 	at sun.nio.ch.DatagramChannelImpl.send(DatagramChannelImpl.java:550)
11-06 11:11:47.062 28050 28088 W System.err: 	at sun.nio.ch.DatagramChannelImpl.send(DatagramChannelImpl.java:514)
11-06 11:11:47.062 28050 28088 W System.err: 	at symlab.CloudAR.network.TransmissionTask.run(TransmissionTask.java:124)
11-06 11:11:47.062 28050 28088 W System.err: 	at android.os.Handler.handleCallback(Handler.java:907)
11-06 11:11:47.062 28050 28088 W System.err: 	at android.os.Handler.dispatchMessage(Handler.java:105)
11-06 11:11:47.062 28050 28088 W System.err: 	at android.os.Looper.loop(Looper.java:216)
11-06 11:11:47.062 28050 28088 W System.err: 	at android.os.HandlerThread.run(HandlerThread.java:65)
11-06 11:11:47.085 28050 28088 W System.err: java.net.SocketException: Message too long
11-06 11:11:47.086 28050 28088 W System.err: 	at sun.nio.ch.DatagramChannelImpl.send0(Native Method)
11-06 11:11:47.086 28050 28088 W System.err: 	at sun.nio.ch.DatagramChannelImpl.sendFromNativeBuffer(DatagramChannelImpl.java:573)
11-06 11:11:47.086 28050 28088 W System.err: 	at sun.nio.ch.DatagramChannelImpl.send(DatagramChannelImpl.java:550)
11-06 11:11:47.086 28050 28088 W System.err: 	at sun.nio.ch.DatagramChannelImpl.send(DatagramChannelImpl.java:514)
11-06 11:11:47.086 28050 28088 W System.err: 	at symlab.CloudAR.network.TransmissionTask.run(TransmissionTask.java:124)
11-06 11:11:47.086 28050 28088 W System.err: 	at android.os.Handler.handleCallback(Handler.java:907)
11-06 11:11:47.086 28050 28088 W System.err: 	at android.os.Handler.dispatchMessage(Handler.java:105)
11-06 11:11:47.086 28050 28088 W System.err: 	at android.os.Looper.loop(Looper.java:216)
11-06 11:11:47.086 28050 28088 W System.err: 	at android.os.HandlerThread.run(HandlerThread.java:65)
11-06 11:11:47.112 28050 28065 E         : [ZeroHung]zrhung_get_config: Get config failed for wp[0x0008]
11-06 11:11:47.113 28050 28088 W System.err: java.net.SocketException: Message too long
11-06 11:11:47.113 28050 28088 W System.err: 	at sun.nio.ch.DatagramChannelImpl.send0(Native Method)
11-06 11:11:47.113 28050 28088 W System.err: 	at sun.nio.ch.DatagramChannelImpl.sendFromNativeBuffer(DatagramChannelImpl.java:573)
11-06 11:11:47.113 28050 28088 W System.err: 	at sun.nio.ch.DatagramChannelImpl.send(DatagramChannelImpl.java:550)
11-06 11:11:47.113 28050 28088 W System.err: 	at sun.nio.ch.DatagramChannelImpl.send(DatagramChannelImpl.java:514)
11-06 11:11:47.113 28050 28088 W System.err: 	at symlab.CloudAR.network.TransmissionTask.run(TransmissionTask.java:124)
11-06 11:11:47.113 28050 28088 W System.err: 	at android.os.Handler.handleCallback(Handler.java:907)
11-06 11:11:47.113 28050 28088 W System.err: 	at android.os.Handler.dispatchMessage(Handler.java:105)
11-06 11:11:47.113 28050 28088 W System.err: 	at android.os.Looper.loop(Looper.java:216)
11-06 11:11:47.113 28050 28088 W System.err: 	at android.os.HandlerThread.run(HandlerThread.java:65)
11-06 11:11:47.144 28050 28088 W System.err: java.net.SocketException: Message too long
11-06 11:11:47.144 28050 28088 W System.err: 	at sun.nio.ch.DatagramChannelImpl.send0(Native Method)
11-06 11:11:47.144 28050 28088 W System.err: 	at sun.nio.ch.DatagramChannelImpl.sendFromNativeBuffer(DatagramChannelImpl.java:573)
11-06 11:11:47.144 28050 28088 W System.err: 	at sun.nio.ch.DatagramChannelImpl.send(DatagramChannelImpl.java:550)
11-06 11:11:47.144 28050 28088 W System.err: 	at sun.nio.ch.DatagramChannelImpl.send(DatagramChannelImpl.java:514)
11-06 11:11:47.144 28050 28088 W System.err: 	at symlab.CloudAR.network.TransmissionTask.run(TransmissionTask.java:124)
11-06 11:11:47.144 28050 28088 W System.err: 	at android.os.Handler.handleCallback(Handler.java:907)
11-06 11:11:47.144 28050 28088 W System.err: 	at android.os.Handler.dispatchMessage(Handler.java:105)
11-06 11:11:47.144 28050 28088 W System.err: 	at android.os.Looper.loop(Looper.java:216)
11-06 11:11:47.144 28050 28088 W System.err: 	at android.os.HandlerThread.run(HandlerThread.java:65)
11-06 11:11:47.180 28050 28088 W System.err: java.net.SocketException: Message too long
11-06 11:11:47.180 28050 28088 W System.err: 	at sun.nio.ch.DatagramChannelImpl.send0(Native Method)
11-06 11:11:47.180 28050 28088 W System.err: 	at sun.nio.ch.DatagramChannelImpl.sendFromNativeBuffer(DatagramChannelImpl.java:573)
11-06 11:11:47.180 28050 28088 W System.err: 	at sun.nio.ch.DatagramChannelImpl.send(DatagramChannelImpl.java:550)
11-06 11:11:47.180 28050 28088 W System.err: 	at sun.nio.ch.DatagramChannelImpl.send(DatagramChannelImpl.java:514)
11-06 11:11:47.180 28050 28088 W System.err: 	at symlab.CloudAR.network.TransmissionTask.run(TransmissionTask.java:124)
11-06 11:11:47.180 28050 28088 W System.err: 	at android.os.Handler.handleCallback(Handler.java:907)
11-06 11:11:47.180 28050 28088 W System.err: 	at android.os.Handler.dispatchMessage(Handler.java:105)
11-06 11:11:47.180 28050 28088 W System.err: 	at android.os.Looper.loop(Looper.java:216)
11-06 11:11:47.180 28050 28088 W System.err: 	at android.os.HandlerThread.run(HandlerThread.java:65)
11-06 11:11:47.213 28050 28088 W System.err: java.net.SocketException: Message too long
11-06 11:11:47.213 28050 28088 W System.err: 	at sun.nio.ch.DatagramChannelImpl.send0(Native Method)
11-06 11:11:47.213 28050 28088 W System.err: 	at sun.nio.ch.DatagramChannelImpl.sendFromNativeBuffer(DatagramChannelImpl.java:573)
11-06 11:11:47.213 28050 28088 W System.err: 	at sun.nio.ch.DatagramChannelImpl.send(DatagramChannelImpl.java:550)
11-06 11:11:47.213 28050 28088 W System.err: 	at sun.nio.ch.DatagramChannelImpl.send(DatagramChannelImpl.java:514)
11-06 11:11:47.213 28050 28088 W System.err: 	at symlab.CloudAR.network.TransmissionTask.run(TransmissionTask.java:124)
11-06 11:11:47.213 28050 28088 W System.err: 	at android.os.Handler.handleCallback(Handler.java:907)
11-06 11:11:47.213 28050 28088 W System.err: 	at android.os.Handler.dispatchMessage(Handler.java:105)
11-06 11:11:47.213 28050 28088 W System.err: 	at android.os.Looper.loop(Looper.java:216)
11-06 11:11:47.213 28050 28088 W System.err: 	at android.os.HandlerThread.run(HandlerThread.java:65)
11-06 11:11:47.246 28050 28088 W System.err: java.net.SocketException: Message too long
11-06 11:11:47.246 28050 28088 W System.err: 	at sun.nio.ch.DatagramChannelImpl.send0(Native Method)
11-06 11:11:47.246 28050 28088 W System.err: 	at sun.nio.ch.DatagramChannelImpl.sendFromNativeBuffer(DatagramChannelImpl.java:573)
11-06 11:11:47.246 28050 28088 W System.err: 	at sun.nio.ch.DatagramChannelImpl.send(DatagramChannelImpl.java:550)
11-06 11:11:47.246 28050 28088 W System.err: 	at sun.nio.ch.DatagramChannelImpl.send(DatagramChannelImpl.java:514)
11-06 11:11:47.246 28050 28088 W System.err: 	at symlab.CloudAR.network.TransmissionTask.run(TransmissionTask.java:124)
11-06 11:11:47.246 28050 28088 W System.err: 	at android.os.Handler.handleCallback(Handler.java:907)
11-06 11:11:47.246 28050 28088 W System.err: 	at android.os.Handler.dispatchMessage(Handler.java:105)
11-06 11:11:47.246 28050 28088 W System.err: 	at android.os.Looper.loop(Looper.java:216)
11-06 11:11:47.246 28050 28088 W System.err: 	at android.os.HandlerThread.run(HandlerThread.java:65)
11-06 11:11:47.283 28050 28088 W System.err: java.net.SocketException: Message too long
11-06 11:11:47.284 28050 28088 W System.err: 	at sun.nio.ch.DatagramChannelImpl.send0(Native Method)
11-06 11:11:47.284 28050 28088 W System.err: 	at sun.nio.ch.DatagramChannelImpl.sendFromNativeBuffer(DatagramChannelImpl.java:573)
11-06 11:11:47.284 28050 28088 W System.err: 	at sun.nio.ch.DatagramChannelImpl.send(DatagramChannelImpl.java:550)
11-06 11:11:47.284 28050 28088 W System.err: 	at sun.nio.ch.DatagramChannelImpl.send(DatagramChannelImpl.java:514)
11-06 11:11:47.284 28050 28088 W System.err: 	at symlab.CloudAR.network.TransmissionTask.run(TransmissionTask.java:124)
11-06 11:11:47.284 28050 28088 W System.err: 	at android.os.Handler.handleCallback(Handler.java:907)
11-06 11:11:47.284 28050 28088 W System.err: 	at android.os.Handler.dispatchMessage(Handler.java:105)
