--------- beginning of main
11-21 09:26:11.200 15258 15258 I MultiDex: Installing application
11-21 09:26:11.201 15258 15258 I MultiDex: VM has multidex support, MultiDex support library is disabled.
11-21 09:26:11.204 15258 15258 I Poster  :  onCreate() called.
11-21 09:26:11.211 15258 15258 I DecorView: It non-support bigbang
11-21 09:26:11.216 15258 15258 I PhoneWindow: isNeedChangeNaviBarColor taskInfo: [android.app.ActivityManager$RunningTaskInfo@fbf91f7] size: 1
11-21 09:26:11.217 15258 15258 I PhoneWindow: isAPPNeedChange pkgName: symlab.cloudridar.arhud needKeep: false
11-21 09:26:11.217 15258 15258 I PhoneWindow: isNeedChangeNaviBarColor false
11-21 09:26:11.218 15258 15258 I PhoneWindow: generateLayout mNavigationBarColor: ff000000
11-21 09:26:11.218 15258 15258 I PhoneWindow: generateLayout isLightNavi false, Visibility: 0
11-21 09:26:11.231 15258 15258 D OpenGLRenderer: Skia GL Pipeline
11-21 09:26:11.245 15258 15258 D LocationManager: [LocationManager] requestLocationUpdates(), 
11-21 09:26:11.245 15258 15258 D LocationManager: java.lang.RuntimeException
11-21 09:26:11.245 15258 15258 D LocationManager: 	at android.location.LocationManager.requestLocationUpdates(LocationManager.java:1013)
11-21 09:26:11.245 15258 15258 D LocationManager: 	at android.location.LocationManager.requestLocationUpdates(LocationManager.java:562)
11-21 09:26:11.245 15258 15258 D LocationManager: 	at symlab.ARHUD.MainActivity.onCreate(MainActivity.java:94)
11-21 09:26:11.245 15258 15258 D LocationManager: 	at android.app.Activity.performCreate(Activity.java:7136)
11-21 09:26:11.245 15258 15258 D LocationManager: 	at android.app.Activity.performCreate(Activity.java:7127)
11-21 09:26:11.245 15258 15258 D LocationManager: 	at android.app.Instrumentation.callActivityOnCreate(Instrumentation.java:1272)
11-21 09:26:11.245 15258 15258 D LocationManager: 	at android.app.ActivityThread.performLaunchActivity(ActivityThread.java:2908)
11-21 09:26:11.245 15258 15258 D LocationManager: 	at android.app.ActivityThread.handleLaunchActivity(ActivityThread.java:3063)
11-21 09:26:11.245 15258 15258 D LocationManager: 	at android.app.servertransaction.LaunchActivityItem.execute(LaunchActivityItem.java:78)
11-21 09:26:11.245 15258 15258 D LocationManager: 	at android.app.servertransaction.TransactionExecutor.executeCallbacks(TransactionExecutor.java:108)
11-21 09:26:11.245 15258 15258 D LocationManager: 	at android.app.servertransaction.TransactionExecutor.execute(TransactionExecutor.java:68)
11-21 09:26:11.245 15258 15258 D LocationManager: 	at android.app.ActivityThread$H.handleMessage(ActivityThread.java:1823)
11-21 09:26:11.245 15258 15258 D LocationManager: 	at android.os.Handler.dispatchMessage(Handler.java:107)
11-21 09:26:11.245 15258 15258 D LocationManager: 	at android.os.Looper.loop(Looper.java:198)
11-21 09:26:11.245 15258 15258 D LocationManager: 	at android.app.ActivityThread.main(ActivityThread.java:6729)
11-21 09:26:11.245 15258 15258 D LocationManager: 	at java.lang.reflect.Method.invoke(Native Method)
11-21 09:26:11.245 15258 15258 D LocationManager: 	at com.android.internal.os.RuntimeInit$MethodAndArgsCaller.run(RuntimeInit.java:493)
11-21 09:26:11.245 15258 15258 D LocationManager: 	at com.android.internal.os.ZygoteInit.main(ZygoteInit.java:858)
11-21 09:26:11.263 15258 15258 D Poster  : Server details are IP 10.42.0.1 and port 52727
11-21 09:26:11.270 15258 15258 D Poster  : Server bound to IP 10.42.0.1 and port 52727
11-21 09:26:11.283 15258 15258 I Poster  :  onStart() called.
11-21 09:26:11.284 15258 15258 I Poster  :  onResume() called.
11-21 09:26:11.272 15258 15258 W loudridar.arhud: type=1400 audit(0.0:1014): avc: denied { read } for name="u:object_r:vendor_camera_prop:s0" dev="tmpfs" ino=5653 scontext=u:r:untrusted_app:s0:c203,c256,c512,c768 tcontext=u:object_r:vendor_camera_prop:s0 tclass=file permissive=0
11-21 09:26:11.285 15258 15258 E libc    : Access denied finding property "vendor.camera.aux.packagelist"
11-21 09:26:11.286 15258 15258 E libc    : Access denied finding property "vendor.camera.aux.packagelist"
11-21 09:26:11.272 15258 15258 W loudridar.arhud: type=1400 audit(0.0:1015): avc: denied { read } for name="u:object_r:vendor_camera_prop:s0" dev="tmpfs" ino=5653 scontext=u:r:untrusted_app:s0:c203,c256,c512,c768 tcontext=u:object_r:vendor_camera_prop:s0 tclass=file permissive=0
11-21 09:26:11.289 15258 15258 E libc    : Access denied finding property "vendor.camera.aux.packagelist"
11-21 09:26:11.282 15258 15258 W loudridar.arhud: type=1400 audit(0.0:1016): avc: denied { read } for name="u:object_r:vendor_camera_prop:s0" dev="tmpfs" ino=5653 scontext=u:r:untrusted_app:s0:c203,c256,c512,c768 tcontext=u:object_r:vendor_camera_prop:s0 tclass=file permissive=0
11-21 09:26:11.396 15258 15348 I Adreno  : QUALCOMM build                   : a4d39a0, I6fd668c4d3
11-21 09:26:11.396 15258 15348 I Adreno  : Build Date                       : 10/05/18
11-21 09:26:11.396 15258 15348 I Adreno  : OpenGL ES Shader Compiler Version: EV031.25.03.01
11-21 09:26:11.396 15258 15348 I Adreno  : Local Branch                     : 
11-21 09:26:11.396 15258 15348 I Adreno  : Remote Branch                    : refs/tags/AU_LINUX_ANDROID_LA.UM.7.2.R1.09.00.00.442.049
11-21 09:26:11.396 15258 15348 I Adreno  : Remote Branch                    : NONE
11-21 09:26:11.396 15258 15348 I Adreno  : Reconstruct Branch               : NOTHING
11-21 09:26:11.396 15258 15348 I Adreno  : Build Config                     : S L 6.0.7 AArch32
11-21 09:26:11.400 15258 15348 I Adreno  : PFP: 0x005ff112, ME: 0x005ff066
11-21 09:26:11.403 15258 15348 I ConfigStore: android::hardware::configstore::V1_0::ISurfaceFlingerConfigs::hasWideColorDisplay retrieved: 0
11-21 09:26:11.404 15258 15348 I ConfigStore: android::hardware::configstore::V1_0::ISurfaceFlingerConfigs::hasHDRDisplay retrieved: 0
11-21 09:26:11.404 15258 15348 I OpenGLRenderer: Initialized EGL, version 1.4
11-21 09:26:11.404 15258 15348 D OpenGLRenderer: Swap behavior 2
11-21 09:26:11.416 15258 15258 I Poster  :  surfaceCreated() called.
11-21 09:26:11.416 15258 15258 I Poster  : initPreview() called
11-21 09:26:11.428 15258 15268 W System  : A resource failed to call close. 
11-21 09:26:11.453 15258 15258 I Poster  :  surfaceChanged() called.
11-21 09:26:12.029 15258 15293 D Evaluation: 0 res for frame 6 received at 1574321172029
11-21 09:26:12.061 15258 15293 D Evaluation: 0 res for frame 7 received at 1574321172060
11-21 09:26:12.093 15258 15293 D Evaluation: 0 res for frame 8 received at 1574321172093
11-21 09:26:12.125 15258 15293 D Evaluation: 0 res for frame 9 received at 1574321172125
11-21 09:26:12.158 15258 15293 D Evaluation: 0 res for frame 10 received at 1574321172158
11-21 09:26:12.192 15258 15293 D Evaluation: 0 res for frame 11 received at 1574321172192
11-21 09:26:12.224 15258 15293 D Evaluation: 0 res for frame 12 received at 1574321172224
11-21 09:26:12.258 15258 15293 D Evaluation: 0 res for frame 13 received at 1574321172258
11-21 09:26:12.291 15258 15293 D Evaluation: 0 res for frame 14 received at 1574321172291
11-21 09:26:12.325 15258 15293 D Evaluation: 0 res for frame 15 received at 1574321172325
11-21 09:26:12.358 15258 15293 D Evaluation: 0 res for frame 16 received at 1574321172358
11-21 09:26:12.391 15258 15293 D Evaluation: 0 res for frame 17 received at 1574321172391
11-21 09:26:12.425 15258 15293 D Evaluation: 0 res for frame 18 received at 1574321172425
11-21 09:26:12.458 15258 15293 D Evaluation: 0 res for frame 19 received at 1574321172458
11-21 09:26:12.492 15258 15293 D Evaluation: 0 res for frame 20 received at 1574321172492
11-21 09:26:12.525 15258 15293 D Evaluation: 0 res for frame 21 received at 1574321172525
11-21 09:26:12.558 15258 15293 D Evaluation: 0 res for frame 22 received at 1574321172558
11-21 09:26:12.594 15258 15293 D Evaluation: 0 res for frame 23 received at 1574321172594
11-21 09:26:12.627 15258 15293 D Evaluation: 0 res for frame 24 received at 1574321172627
11-21 09:26:12.658 15258 15293 D Evaluation: 0 res for frame 25 received at 1574321172658
11-21 09:26:12.693 15258 15293 D Evaluation: 0 res for frame 26 received at 1574321172693
11-21 09:26:12.727 15258 15293 D Evaluation: 0 res for frame 27 received at 1574321172726
11-21 09:26:12.759 15258 15293 D Evaluation: 1 res for frame 28 received at 1574321172759
11-21 09:26:12.793 15258 15293 D Evaluation: 1 res for frame 29 received at 1574321172793
11-21 09:26:12.828 15258 15293 D Evaluation: 1 res for frame 30 received at 1574321172828
11-21 09:26:12.870 15258 15293 D Evaluation: 1 res for frame 31 received at 1574321172870
11-21 09:26:12.891 15258 15293 D Evaluation: 1 res for frame 32 received at 1574321172891
11-21 09:26:12.935 15258 15293 D Evaluation: 1 res for frame 33 received at 1574321172935
11-21 09:26:12.948 15258 15268 W System  : A resource failed to call close. 
11-21 09:26:12.952 15258 15268 I chatty  : uid=10203(symlab.cloudridar.arhud) FinalizerDaemon identical 60 lines
11-21 09:26:12.952 15258 15268 W System  : A resource failed to call close. 
11-21 09:26:12.967 15258 15293 D Evaluation: 2 res for frame 34 received at 1574321172967
11-21 09:26:12.998 15258 15293 D Evaluation: 2 res for frame 35 received at 1574321172998
11-21 09:26:13.030 15258 15293 D Evaluation: 2 res for frame 36 received at 1574321173030
11-21 09:26:13.090 15258 15293 D Evaluation: 2 res for frame 37 received at 1574321173090
11-21 09:26:13.115 15258 15293 D Evaluation: 2 res for frame 38 received at 1574321173115
11-21 09:26:13.140 15258 15293 D Evaluation: 2 res for frame 39 received at 1574321173140
11-21 09:26:13.161 15258 15293 D Evaluation: 2 res for frame 41 received at 1574321173161
11-21 09:26:13.194 15258 15293 D Evaluation: 2 res for frame 42 received at 1574321173194
11-21 09:26:13.229 15258 15293 D Evaluation: 2 res for frame 42 received at 1574321173229
11-21 09:26:13.258 15258 15293 D Evaluation: 2 res for frame 43 received at 1574321173258
11-21 09:26:13.293 15258 15293 D Evaluation: 2 res for frame 44 received at 1574321173293
11-21 09:26:13.335 15258 15293 D Evaluation: 2 res for frame 45 received at 1574321173335
11-21 09:26:13.364 15258 15293 D Evaluation: 2 res for frame 46 received at 1574321173364
11-21 09:26:13.400 15258 15293 D Evaluation: 2 res for frame 47 received at 1574321173400
11-21 09:26:13.426 15258 15293 D Evaluation: 1 res for frame 48 received at 1574321173426
11-21 09:26:13.483 15258 15293 D Evaluation: 1 res for frame 49 received at 1574321173483
11-21 09:26:13.508 15258 15293 D Evaluation: 2 res for frame 50 received at 1574321173508
11-21 09:26:13.555 15258 15293 D Evaluation: 2 res for frame 51 received at 1574321173555
11-21 09:26:13.623 15258 15293 D Evaluation: 2 res for frame 52 received at 1574321173623
11-21 09:26:13.629 15258 15268 W System  : A resource failed to call close. 
11-21 09:26:13.631 15258 15268 I chatty  : uid=10203(symlab.cloudridar.arhud) FinalizerDaemon identical 36 lines
11-21 09:26:13.631 15258 15268 W System  : A resource failed to call close. 
11-21 09:26:13.696 15258 15293 D Evaluation: 2 res for frame 53 received at 1574321173696
11-21 09:26:13.735 15258 15293 D Evaluation: 2 res for frame 54 received at 1574321173735
11-21 09:26:13.770 15258 15293 D Evaluation: 2 res for frame 55 received at 1574321173770
11-21 09:26:13.795 15258 15293 D Evaluation: 2 res for frame 56 received at 1574321173795
11-21 09:26:13.831 15258 15293 D Evaluation: 1 res for frame 57 received at 1574321173831
11-21 09:26:13.860 15258 15293 D Evaluation: 2 res for frame 58 received at 1574321173860
11-21 09:26:13.896 15258 15293 D Evaluation: 3 res for frame 59 received at 1574321173896
11-21 09:26:13.937 15258 15293 D Evaluation: 3 res for frame 60 received at 1574321173937
11-21 09:26:13.971 15258 15293 D Evaluation: 2 res for frame 61 received at 1574321173971
11-21 09:26:14.013 15258 15293 D Evaluation: 2 res for frame 62 received at 1574321174013
11-21 09:26:14.034 15258 15293 D Evaluation: 2 res for frame 63 received at 1574321174034
11-21 09:26:14.083 15258 15293 D Evaluation: 2 res for frame 64 received at 1574321174083
11-21 09:26:14.105 15258 15293 D Evaluation: 2 res for frame 65 received at 1574321174105
11-21 09:26:14.234 15258 15293 D Evaluation: 2 res for frame 66 received at 1574321174234
11-21 09:26:14.263 15258 15293 D Evaluation: 2 res for frame 67 received at 1574321174263
11-21 09:26:14.315 15258 15293 D Evaluation: 2 res for frame 68 received at 1574321174314
11-21 09:26:14.350 15258 15293 D Evaluation: 3 res for frame 70 received at 1574321174350
11-21 09:26:14.459 15258 15293 D Evaluation: 3 res for frame 70 received at 1574321174459
11-21 09:26:14.593 15258 15293 D Evaluation: 3 res for frame 71 received at 1574321174593
11-21 09:26:14.630 15258 15293 D Evaluation: 2 res for frame 72 received at 1574321174630
11-21 09:26:14.640 15258 15268 W System  : A resource failed to call close. 
11-21 09:26:14.641 15258 15268 I chatty  : uid=10203(symlab.cloudridar.arhud) FinalizerDaemon identical 17 lines
11-21 09:26:14.641 15258 15268 W System  : A resource failed to call close. 
11-21 09:26:14.641 15258 15268 W System  : A resource failed to call close. 
11-21 09:26:14.641 15258 15268 W System  : A resource failed to call close. 
11-21 09:26:14.641 15258 15268 W System  : A resource failed to call close. 
11-21 09:26:14.641 15258 15268 I chatty  : uid=10203(symlab.cloudridar.arhud) FinalizerDaemon identical 1 line
11-21 09:26:14.641 15258 15268 W System  : A resource failed to call close. 
11-21 09:26:14.641 15258 15268 W System  : A resource failed to call close. 
11-21 09:26:14.642 15258 15268 W System  : A resource failed to call close. 
11-21 09:26:14.642 15258 15268 I chatty  : uid=10203(symlab.cloudridar.arhud) FinalizerDaemon identical 13 lines
11-21 09:26:14.642 15258 15268 W System  : A resource failed to call close. 
11-21 09:26:14.653 15258 15293 D Evaluation: 4 res for frame 73 received at 1574321174653
11-21 09:26:14.675 15258 15293 D Evaluation: 3 res for frame 75 received at 1574321174675
11-21 09:26:14.704 15258 15293 D Evaluation: 2 res for frame 76 received at 1574321174704
11-21 09:26:14.733 15258 15293 D Evaluation: 1 res for frame 77 received at 1574321174733
11-21 09:26:14.777 15258 15293 D Evaluation: 2 res for frame 77 received at 1574321174776
11-21 09:26:14.798 15258 15293 D Evaluation: 2 res for frame 78 received at 1574321174798
11-21 09:26:14.831 15258 15293 D Evaluation: 1 res for frame 79 received at 1574321174831
11-21 09:26:14.922 15258 15293 D Evaluation: 3 res for frame 80 received at 1574321174922
11-21 09:26:14.986 15258 15293 D Evaluation: 0 res for frame 81 received at 1574321174986
11-21 09:26:15.013 15258 15293 D Evaluation: 0 res for frame 82 received at 1574321175013
11-21 09:26:15.036 15258 15293 D Evaluation: 2 res for frame 83 received at 1574321175036
11-21 09:26:15.069 15258 15293 D Evaluation: 0 res for frame 84 received at 1574321175068
11-21 09:26:15.106 15258 15293 D Evaluation: 2 res for frame 85 received at 1574321175106
11-21 09:26:15.129 15258 15293 D Evaluation: 1 res for frame 86 received at 1574321175129
11-21 09:26:15.202 15258 15293 D Evaluation: 1 res for frame 87 received at 1574321175202
11-21 09:26:15.247 15258 15293 D Evaluation: 1 res for frame 88 received at 1574321175247
11-21 09:26:15.270 15258 15293 D Evaluation: 1 res for frame 89 received at 1574321175270
11-21 09:26:15.297 15258 15293 D Evaluation: 1 res for frame 90 received at 1574321175297
11-21 09:26:15.352 15258 15293 D Evaluation: 0 res for frame 91 received at 1574321175352
11-21 09:26:15.377 15258 15293 D Evaluation: 0 res for frame 92 received at 1574321175377
11-21 09:26:15.450 15258 15293 D Evaluation: 0 res for frame 93 received at 1574321175450
11-21 09:26:15.478 15258 15293 D Evaluation: 0 res for frame 94 received at 1574321175477
11-21 09:26:15.566 15258 15293 D Evaluation: 0 res for frame 95 received at 1574321175566
11-21 09:26:15.588 15258 15268 W System  : A resource failed to call close. 
11-21 09:26:15.591 15258 15268 I chatty  : uid=10203(symlab.cloudridar.arhud) FinalizerDaemon identical 45 lines
11-21 09:26:15.591 15258 15268 W System  : A resource failed to call close. 
11-21 09:26:15.593 15258 15293 D Evaluation: 1 res for frame 96 received at 1574321175592
11-21 09:26:15.685 15258 15293 D Evaluation: 1 res for frame 97 received at 1574321175685
11-21 09:26:15.709 15258 15293 D Evaluation: 2 res for frame 99 received at 1574321175709
11-21 09:26:15.730 15258 15293 D Evaluation: 1 res for frame 99 received at 1574321175730
11-21 09:26:15.780 15258 15293 D Evaluation: 0 res for frame 101 received at 1574321175780
11-21 09:26:15.802 15258 15293 D Evaluation: 1 res for frame 101 received at 1574321175802
11-21 09:26:15.903 15258 15293 D Evaluation: 0 res for frame 102 received at 1574321175903
11-21 09:26:15.926 15258 15293 D Evaluation: 0 res for frame 103 received at 1574321175926
11-21 09:26:15.973 15258 15293 D Evaluation: 0 res for frame 104 received at 1574321175973
11-21 09:26:16.001 15258 15293 D Evaluation: 0 res for frame 105 received at 1574321176001
11-21 09:26:16.066 15258 15293 D Evaluation: 1 res for frame 106 received at 1574321176066
11-21 09:26:16.089 15258 15293 D Evaluation: 1 res for frame 107 received at 1574321176089
11-21 09:26:16.110 15258 15293 D Evaluation: 0 res for frame 108 received at 1574321176110
11-21 09:26:16.169 15258 15293 D Evaluation: 1 res for frame 110 received at 1574321176169
11-21 09:26:16.202 15258 15293 D Evaluation: 1 res for frame 111 received at 1574321176202
11-21 09:26:16.271 15258 15293 D Evaluation: 0 res for frame 111 received at 1574321176271
11-21 09:26:16.298 15258 15293 D Evaluation: 0 res for frame 112 received at 1574321176298
11-21 09:26:16.340 15258 15293 D Evaluation: 0 res for frame 113 received at 1574321176340
11-21 09:26:16.386 15258 15293 D Evaluation: 0 res for frame 114 received at 1574321176386
11-21 09:26:16.411 15258 15293 D Evaluation: 0 res for frame 115 received at 1574321176411
11-21 09:26:16.450 15258 15293 D Evaluation: 0 res for frame 116 received at 1574321176450
11-21 09:26:16.476 15258 15293 D Evaluation: 0 res for frame 117 received at 1574321176476
11-21 09:26:16.483 15258 15268 W System  : A resource failed to call close. 
11-21 09:26:16.486 15258 15268 I chatty  : uid=10203(symlab.cloudridar.arhud) FinalizerDaemon identical 42 lines
11-21 09:26:16.486 15258 15268 W System  : A resource failed to call close. 
11-21 09:26:16.536 15258 15293 D Evaluation: 0 res for frame 118 received at 1574321176536
11-21 09:26:16.573 15258 15293 D Evaluation: 0 res for frame 119 received at 1574321176573
11-21 09:26:16.600 15258 15293 D Evaluation: 0 res for frame 120 received at 1574321176600
11-21 09:26:16.631 15258 15293 D Evaluation: 0 res for frame 121 received at 1574321176631
11-21 09:26:16.668 15258 15293 D Evaluation: 1 res for frame 122 received at 1574321176668
11-21 09:26:16.702 15258 15293 D Evaluation: 1 res for frame 123 received at 1574321176701
11-21 09:26:16.748 15258 15293 D Evaluation: 1 res for frame 124 received at 1574321176748
11-21 09:26:16.794 15258 15293 D Evaluation: 0 res for frame 125 received at 1574321176794
11-21 09:26:16.823 15258 15293 D Evaluation: 0 res for frame 126 received at 1574321176823
11-21 09:26:16.861 15258 15293 D Evaluation: 0 res for frame 127 received at 1574321176861
11-21 09:26:16.899 15258 15293 D Evaluation: 0 res for frame 128 received at 1574321176899
11-21 09:26:16.932 15258 15293 D Evaluation: 0 res for frame 129 received at 1574321176932
11-21 09:26:17.028 15258 15293 D Evaluation: 0 res for frame 130 received at 1574321177028
11-21 09:26:17.052 15258 15293 D Evaluation: 1 res for frame 131 received at 1574321177052
11-21 09:26:17.084 15258 15293 D Evaluation: 1 res for frame 132 received at 1574321177084
11-21 09:26:17.114 15258 15293 D Evaluation: 1 res for frame 134 received at 1574321177114
11-21 09:26:17.136 15258 15293 D Evaluation: 0 res for frame 134 received at 1574321177136
11-21 09:26:17.174 15258 15293 D Evaluation: 0 res for frame 135 received at 1574321177174
11-21 09:26:17.211 15258 15293 D Evaluation: 0 res for frame 137 received at 1574321177211
11-21 09:26:17.242 15258 15293 D Evaluation: 1 res for frame 137 received at 1574321177242
11-21 09:26:17.271 15258 15293 D Evaluation: 1 res for frame 138 received at 1574321177271
11-21 09:26:17.298 15258 15293 D Evaluation: 1 res for frame 139 received at 1574321177298
11-21 09:26:17.332 15258 15293 D Evaluation: 2 res for frame 140 received at 1574321177332
11-21 09:26:17.339 15258 15268 W System  : A resource failed to call close. 
11-21 09:26:17.339 15258 15268 I chatty  : uid=10203(symlab.cloudridar.arhud) FinalizerDaemon identical 1 line
11-21 09:26:17.339 15258 15268 W System  : A resource failed to call close. 
11-21 09:26:17.339 15258 15268 W System  : A resource failed to call close. 
11-21 09:26:17.339 15258 15268 W System  : A resource failed to call close. 
11-21 09:26:17.340 15258 15268 I chatty  : uid=10203(symlab.cloudridar.arhud) FinalizerDaemon identical 25 lines
11-21 09:26:17.340 15258 15268 W System  : A resource failed to call close. 
11-21 09:26:17.340 15258 15268 W System  : A resource failed to call close. 
11-21 09:26:17.340 15258 15268 W System  : A resource failed to call close. 
11-21 09:26:17.344 15258 15268 I chatty  : uid=10203(symlab.cloudridar.arhud) FinalizerDaemon identical 11 lines
11-21 09:26:17.345 15258 15268 W System  : A resource failed to call close. 
11-21 09:26:17.370 15258 15293 D Evaluation: 1 res for frame 141 received at 1574321177370
11-21 09:26:17.447 15258 15293 D Evaluation: 1 res for frame 142 received at 1574321177447
11-21 09:26:17.473 15258 15293 D Evaluation: 2 res for frame 143 received at 1574321177473
11-21 09:26:17.495 15258 15293 D Evaluation: 1 res for frame 144 received at 1574321177495
11-21 09:26:17.539 15258 15293 D Evaluation: 1 res for frame 145 received at 1574321177538
11-21 09:26:17.562 15258 15293 D Evaluation: 1 res for frame 146 received at 1574321177562
11-21 09:26:17.657 15258 15293 D Evaluation: 2 res for frame 147 received at 1574321177657
11-21 09:26:17.688 15258 15293 D Evaluation: 2 res for frame 148 received at 1574321177688
11-21 09:26:17.762 15258 15293 D Evaluation: 1 res for frame 149 received at 1574321177762
11-21 09:26:17.789 15258 15293 D Evaluation: 3 res for frame 151 received at 1574321177789
11-21 09:26:17.903 15258 15293 D Evaluation: 2 res for frame 151 received at 1574321177903
11-21 09:26:17.938 15258 15293 D Evaluation: 1 res for frame 153 received at 1574321177938
11-21 09:26:17.960 15258 15293 D Evaluation: 0 res for frame 153 received at 1574321177960
11-21 09:26:17.981 15258 15293 D Evaluation: 0 res for frame 155 received at 1574321177981
11-21 09:26:18.003 15258 15293 D Evaluation: 1 res for frame 156 received at 1574321178003
11-21 09:26:18.028 15258 15293 D Evaluation: 1 res for frame 157 received at 1574321178028
11-21 09:26:18.074 15258 15293 D Evaluation: 1 res for frame 158 received at 1574321178074
11-21 09:26:18.138 15258 15293 D Evaluation: 0 res for frame 158 received at 1574321178138
11-21 09:26:18.167 15258 15293 D Evaluation: 0 res for frame 159 received at 1574321178167
11-21 09:26:18.212 15258 15293 D Evaluation: 0 res for frame 160 received at 1574321178212
11-21 09:26:18.302 15258 15293 D Evaluation: 0 res for frame 161 received at 1574321178301
11-21 09:26:18.348 15258 15293 D Evaluation: 0 res for frame 162 received at 1574321178348
11-21 09:26:18.358 15258 15268 W System  : A resource failed to call close. 
11-21 09:26:18.361 15258 15268 I chatty  : uid=10203(symlab.cloudridar.arhud) FinalizerDaemon identical 42 lines
11-21 09:26:18.361 15258 15268 W System  : A resource failed to call close. 
11-21 09:26:18.433 15258 15293 D Evaluation: 0 res for frame 163 received at 1574321178433
11-21 09:26:18.469 15258 15293 D Evaluation: 0 res for frame 164 received at 1574321178469
11-21 09:26:18.496 15258 15293 D Evaluation: 0 res for frame 165 received at 1574321178496
11-21 09:26:18.519 15258 15293 D Evaluation: 0 res for frame 167 received at 1574321178519
11-21 09:26:18.540 15258 15293 D Evaluation: 0 res for frame 168 received at 1574321178540
11-21 09:26:18.623 15258 15293 D Evaluation: 0 res for frame 169 received at 1574321178623
11-21 09:26:18.647 15258 15293 D Evaluation: 0 res for frame 170 received at 1574321178647
11-21 09:26:18.729 15258 15293 D Evaluation: 0 res for frame 170 received at 1574321178729
11-21 09:26:18.850 15258 15293 D Evaluation: 0 res for frame 172 received at 1574321178850
11-21 09:26:18.894 15258 15293 D Evaluation: 0 res for frame 172 received at 1574321178894
11-21 09:26:18.925 15258 15293 D Evaluation: 0 res for frame 173 received at 1574321178925
11-21 09:26:18.953 15258 15293 D Evaluation: 1 res for frame 175 received at 1574321178953
11-21 09:26:18.974 15258 15293 D Evaluation: 0 res for frame 177 received at 1574321178974
11-21 09:26:18.998 15258 15293 D Evaluation: 0 res for frame 178 received at 1574321178998
11-21 09:26:19.096 15258 15293 D Evaluation: 1 res for frame 178 received at 1574321179096
11-21 09:26:19.121 15258 15293 D Evaluation: 1 res for frame 178 received at 1574321179121
11-21 09:26:19.146 15258 15293 D Evaluation: 2 res for frame 179 received at 1574321179146
11-21 09:26:19.212 15258 15293 D Evaluation: 1 res for frame 181 received at 1574321179212
11-21 09:26:19.241 15258 15293 D Evaluation: 1 res for frame 182 received at 1574321179241
11-21 09:26:19.250 15258 15268 W System  : A resource failed to call close. 
11-21 09:26:19.253 15258 15268 I chatty  : uid=10203(symlab.cloudridar.arhud) FinalizerDaemon identical 14 lines
11-21 09:26:19.253 15258 15268 W System  : A resource failed to call close. 
11-21 09:26:19.253 15258 15268 W System  : A resource failed to call close. 
11-21 09:26:19.254 15258 15268 I chatty  : uid=10203(symlab.cloudridar.arhud) FinalizerDaemon identical 21 lines
11-21 09:26:19.254 15258 15268 W System  : A resource failed to call close. 
11-21 09:26:19.263 15258 15293 D Evaluation: 1 res for frame 183 received at 1574321179263
11-21 09:26:19.297 15258 15293 D Evaluation: 1 res for frame 183 received at 1574321179297
11-21 09:26:19.340 15258 15293 D Evaluation: 1 res for frame 184 received at 1574321179340
11-21 09:26:19.457 15258 15293 D Evaluation: 1 res for frame 185 received at 1574321179456
11-21 09:26:19.508 15258 15293 D Evaluation: 1 res for frame 186 received at 1574321179508
11-21 09:26:19.547 15258 15293 D Evaluation: 1 res for frame 187 received at 1574321179546
11-21 09:26:19.570 15258 15293 D Evaluation: 2 res for frame 188 received at 1574321179570
11-21 09:26:19.593 15258 15293 D Evaluation: 2 res for frame 190 received at 1574321179592
11-21 09:26:19.615 15258 15293 D Evaluation: 2 res for frame 191 received at 1574321179615
11-21 09:26:19.640 15258 15293 D Evaluation: 2 res for frame 193 received at 1574321179640
11-21 09:26:19.662 15258 15293 D Evaluation: 2 res for frame 193 received at 1574321179662
11-21 09:26:19.692 15258 15293 D Evaluation: 2 res for frame 194 received at 1574321179692
11-21 09:26:19.728 15258 15293 D Evaluation: 2 res for frame 195 received at 1574321179728
11-21 09:26:19.760 15258 15293 D Evaluation: 1 res for frame 195 received at 1574321179760
11-21 09:26:19.810 15258 15293 D Evaluation: 2 res for frame 196 received at 1574321179810
11-21 09:26:19.835 15258 15293 D Evaluation: 2 res for frame 197 received at 1574321179835
11-21 09:26:19.886 15258 15293 D Evaluation: 2 res for frame 198 received at 1574321179886
11-21 09:26:19.915 15258 15293 D Evaluation: 1 res for frame 199 received at 1574321179915
11-21 09:26:19.924 15258 15268 W System  : A resource failed to call close. 
11-21 09:26:19.926 15258 15268 I chatty  : uid=10203(symlab.cloudridar.arhud) FinalizerDaemon identical 34 lines
11-21 09:26:19.926 15258 15268 W System  : A resource failed to call close. 
11-21 09:26:19.937 15258 15293 D Evaluation: 1 res for frame 201 received at 1574321179937
11-21 09:26:20.031 15258 15293 D Evaluation: 1 res for frame 201 received at 1574321180031
11-21 09:26:20.209 15258 15293 D Evaluation: 2 res for frame 202 received at 1574321180209
11-21 09:26:20.248 15258 15293 D Evaluation: 1 res for frame 203 received at 1574321180248
11-21 09:26:20.271 15258 15293 D Evaluation: 1 res for frame 204 received at 1574321180271
11-21 09:26:20.293 15258 15293 D Evaluation: 1 res for frame 205 received at 1574321180293
11-21 09:26:20.314 15258 15293 D Evaluation: 2 res for frame 208 received at 1574321180314
11-21 09:26:20.360 15258 15293 D Evaluation: 1 res for frame 210 received at 1574321180360
11-21 09:26:20.494 15258 15293 D Evaluation: 1 res for frame 210 received at 1574321180494
11-21 09:26:20.537 15258 15293 D Evaluation: 1 res for frame 210 received at 1574321180537
11-21 09:26:20.573 15258 15293 D Evaluation: 1 res for frame 210 received at 1574321180573
11-21 09:26:20.600 15258 15293 D Evaluation: 2 res for frame 211 received at 1574321180600
11-21 09:26:20.689 15258 15293 D Evaluation: 0 res for frame 213 received at 1574321180689
11-21 09:26:20.717 15258 15293 D Evaluation: 0 res for frame 214 received at 1574321180717
11-21 09:26:20.740 15258 15293 D Evaluation: 1 res for frame 215 received at 1574321180740
11-21 09:26:20.797 15258 15293 D Evaluation: 1 res for frame 215 received at 1574321180797
11-21 09:26:20.819 15258 15293 D Evaluation: 1 res for frame 217 received at 1574321180819
11-21 09:26:20.930 15258 15293 D Evaluation: 1 res for frame 218 received at 1574321180930
11-21 09:26:20.973 15258 15293 D Evaluation: 1 res for frame 218 received at 1574321180972
11-21 09:26:20.996 15258 15268 W System  : A resource failed to call close. 
11-21 09:26:21.000 15258 15268 I chatty  : uid=10203(symlab.cloudridar.arhud) FinalizerDaemon identical 37 lines
11-21 09:26:21.000 15258 15268 W System  : A resource failed to call close. 
11-21 09:26:21.009 15258 15293 D Evaluation: 1 res for frame 220 received at 1574321181009
11-21 09:26:21.036 15258 15293 D Evaluation: 1 res for frame 220 received at 1574321181036
11-21 09:26:21.063 15258 15293 D Evaluation: 1 res for frame 222 received at 1574321181063
11-21 09:26:21.146 15258 15293 D Evaluation: 0 res for frame 222 received at 1574321181146
11-21 09:26:21.171 15258 15293 D Evaluation: 0 res for frame 223 received at 1574321181171
11-21 09:26:21.195 15258 15293 D Evaluation: 0 res for frame 224 received at 1574321181195
11-21 09:26:21.230 15258 15293 D Evaluation: 0 res for frame 225 received at 1574321181230
11-21 09:26:21.263 15258 15293 D Evaluation: 1 res for frame 226 received at 1574321181263
11-21 09:26:21.299 15258 15293 D Evaluation: 1 res for frame 227 received at 1574321181299
11-21 09:26:21.331 15258 15293 D Evaluation: 1 res for frame 228 received at 1574321181331
11-21 09:26:21.361 15258 15293 D Evaluation: 2 res for frame 229 received at 1574321181361
11-21 09:26:21.393 15258 15293 D Evaluation: 1 res for frame 230 received at 1574321181393
11-21 09:26:21.438 15258 15293 D Evaluation: 2 res for frame 231 received at 1574321181438
11-21 09:26:21.464 15258 15293 D Evaluation: 1 res for frame 232 received at 1574321181464
11-21 09:26:21.497 15258 15293 D Evaluation: 1 res for frame 233 received at 1574321181497
11-21 09:26:21.525 15258 15293 D Evaluation: 2 res for frame 234 received at 1574321181525
11-21 09:26:21.563 15258 15293 D Evaluation: 1 res for frame 235 received at 1574321181563
11-21 09:26:21.649 15258 15293 D Evaluation: 0 res for frame 236 received at 1574321181649
11-21 09:26:21.662 15258 15268 W System  : A resource failed to call close. 
11-21 09:26:21.664 15258 15268 I chatty  : uid=10203(symlab.cloudridar.arhud) FinalizerDaemon identical 34 lines
11-21 09:26:21.665 15258 15268 W System  : A resource failed to call close. 
11-21 09:26:21.677 15258 15293 D Evaluation: 1 res for frame 237 received at 1574321181676
11-21 09:26:21.707 15258 15293 D Evaluation: 1 res for frame 238 received at 1574321181707
11-21 09:26:21.757 15258 15293 D Evaluation: 1 res for frame 239 received at 1574321181757
11-21 09:26:21.786 15258 15293 D Evaluation: 1 res for frame 240 received at 1574321181786
11-21 09:26:21.811 15258 15293 D Evaluation: 0 res for frame 241 received at 1574321181811
11-21 09:26:21.906 15258 15293 D Evaluation: 1 res for frame 242 received at 1574321181906
11-21 09:26:21.930 15258 15293 D Evaluation: 0 res for frame 243 received at 1574321181930
11-21 09:26:22.016 15258 15293 D Evaluation: 0 res for frame 244 received at 1574321182016
11-21 09:26:22.050 15258 15293 D Evaluation: 1 res for frame 245 received at 1574321182050
11-21 09:26:22.073 15258 15293 D Evaluation: 0 res for frame 246 received at 1574321182072
11-21 09:26:22.111 15258 15293 D Evaluation: 0 res for frame 247 received at 1574321182111
11-21 09:26:22.135 15258 15293 D Evaluation: 1 res for frame 248 received at 1574321182135
11-21 09:26:22.170 15258 15293 D Evaluation: 1 res for frame 249 received at 1574321182170
11-21 09:26:22.333 15258 15293 D Evaluation: 1 res for frame 250 received at 1574321182333
11-21 09:26:22.387 15258 15293 D Evaluation: 2 res for frame 251 received at 1574321182387
11-21 09:26:22.410 15258 15293 D Evaluation: 2 res for frame 252 received at 1574321182410
11-21 09:26:22.437 15258 15293 D Evaluation: 1 res for frame 253 received at 1574321182437
11-21 09:26:22.467 15258 15293 D Evaluation: 2 res for frame 254 received at 1574321182467
11-21 09:26:22.501 15258 15293 D Evaluation: 0 res for frame 255 received at 1574321182501
11-21 09:26:22.653 15258 15293 D Evaluation: 0 res for frame 256 received at 1574321182653
11-21 09:26:22.768 15258 15293 D Evaluation: 0 res for frame 257 received at 1574321182768
11-21 09:26:22.785 15258 15268 W System  : A resource failed to call close. 
11-21 09:26:22.789 15258 15268 I chatty  : uid=10203(symlab.cloudridar.arhud) FinalizerDaemon identical 39 lines
11-21 09:26:22.789 15258 15268 W System  : A resource failed to call close. 
11-21 09:26:22.808 15258 15293 D Evaluation: 0 res for frame 258 received at 1574321182808
11-21 09:26:22.837 15258 15293 D Evaluation: 0 res for frame 259 received at 1574321182837
11-21 09:26:22.873 15258 15293 D Evaluation: 0 res for frame 260 received at 1574321182873
11-21 09:26:22.899 15258 15293 D Evaluation: 0 res for frame 262 received at 1574321182899
11-21 09:26:22.933 15258 15293 D Evaluation: 0 res for frame 262 received at 1574321182933
11-21 09:26:22.965 15258 15293 D Evaluation: 0 res for frame 263 received at 1574321182965
11-21 09:26:22.993 15258 15293 D Evaluation: 1 res for frame 264 received at 1574321182993
11-21 09:26:23.036 15258 15293 D Evaluation: 0 res for frame 265 received at 1574321183036
11-21 09:26:23.060 15258 15293 D Evaluation: 0 res for frame 266 received at 1574321183060
11-21 09:26:23.092 15258 15293 D Evaluation: 0 res for frame 267 received at 1574321183091
11-21 09:26:23.128 15258 15293 D Evaluation: 0 res for frame 268 received at 1574321183128
11-21 09:26:23.164 15258 15293 D Evaluation: 0 res for frame 269 received at 1574321183164
11-21 09:26:23.259 15258 15293 D Evaluation: 0 res for frame 270 received at 1574321183259
11-21 09:26:23.283 15258 15293 D Evaluation: 0 res for frame 271 received at 1574321183283
11-21 09:26:23.306 15258 15293 D Evaluation: 0 res for frame 272 received at 1574321183306
11-21 09:26:23.336 15258 15293 D Evaluation: 0 res for frame 273 received at 1574321183336
11-21 09:26:23.376 15258 15293 D Evaluation: 0 res for frame 274 received at 1574321183376
11-21 09:26:23.403 15258 15293 D Evaluation: 0 res for frame 275 received at 1574321183403
11-21 09:26:23.431 15258 15293 D Evaluation: 0 res for frame 276 received at 1574321183431
11-21 09:26:23.554 15258 15293 D Evaluation: 0 res for frame 277 received at 1574321183554
11-21 09:26:23.672 15258 15293 D Evaluation: 0 res for frame 278 received at 1574321183671
11-21 09:26:23.707 15258 15293 D Evaluation: 0 res for frame 279 received at 1574321183707
11-21 09:26:23.729 15258 15293 D Evaluation: 0 res for frame 280 received at 1574321183729
11-21 09:26:23.752 15258 15293 D Evaluation: 1 res for frame 281 received at 1574321183752
11-21 09:26:23.763 15258 15268 W System  : A resource failed to call close. 
11-21 09:26:23.767 15258 15268 I chatty  : uid=10203(symlab.cloudridar.arhud) FinalizerDaemon identical 46 lines
11-21 09:26:23.767 15258 15268 W System  : A resource failed to call close. 
11-21 09:26:23.781 15258 15293 D Evaluation: 2 res for frame 284 received at 1574321183781
11-21 09:26:23.802 15258 15293 D Evaluation: 0 res for frame 284 received at 1574321183802
11-21 09:26:23.829 15258 15293 D Evaluation: 2 res for frame 285 received at 1574321183829
11-21 09:26:23.866 15258 15293 D Evaluation: 2 res for frame 285 received at 1574321183866
11-21 09:26:23.906 15258 15293 D Evaluation: 2 res for frame 286 received at 1574321183906
11-21 09:26:23.927 15258 15293 D Evaluation: 0 res for frame 287 received at 1574321183927
11-21 09:26:24.027 15258 15293 D Evaluation: 0 res for frame 288 received at 1574321184027
11-21 09:26:24.088 15258 15293 D Evaluation: 0 res for frame 289 received at 1574321184088
11-21 09:26:24.115 15258 15293 D Evaluation: 1 res for frame 290 received at 1574321184115
11-21 09:26:24.135 15258 15293 D Evaluation: 2 res for frame 291 received at 1574321184135
11-21 09:26:24.156 15258 15293 D Evaluation: 0 res for frame 292 received at 1574321184156
11-21 09:26:24.190 15258 15293 D Evaluation: 2 res for frame 293 received at 1574321184190
11-21 09:26:24.230 15258 15293 D Evaluation: 1 res for frame 295 received at 1574321184229
11-21 09:26:24.261 15258 15293 D Evaluation: 0 res for frame 295 received at 1574321184261
11-21 09:26:24.294 15258 15293 D Evaluation: 0 res for frame 296 received at 1574321184294
11-21 09:26:24.332 15258 15293 D Evaluation: 1 res for frame 297 received at 1574321184332
11-21 09:26:24.365 15258 15293 D Evaluation: 2 res for frame 298 received at 1574321184365
11-21 09:26:24.408 15258 15293 D Evaluation: 1 res for frame 299 received at 1574321184408
11-21 09:26:24.427 15258 15293 D Evaluation: 1 res for frame 300 received at 1574321184427
11-21 09:26:24.504 15258 15293 D Evaluation: 1 res for frame 301 received at 1574321184504
11-21 09:26:24.550 15258 15293 D Evaluation: 1 res for frame 302 received at 1574321184550
11-21 09:26:24.639 15258 15293 D Evaluation: 1 res for frame 303 received at 1574321184639
11-21 09:26:24.674 15258 15293 D Evaluation: 1 res for frame 304 received at 1574321184674
11-21 09:26:24.694 15258 15293 D Evaluation: 0 res for frame 305 received at 1574321184694
11-21 09:26:24.714 15258 15293 D Evaluation: 1 res for frame 306 received at 1574321184714
11-21 09:26:24.752 15258 15293 D Evaluation: 1 res for frame 308 received at 1574321184752
11-21 09:26:24.821 15258 15293 D Evaluation: 1 res for frame 310 received at 1574321184821
11-21 09:26:24.831 15258 15268 W System  : A resource failed to call close. 
11-21 09:26:24.834 15258 15268 I chatty  : uid=10203(symlab.cloudridar.arhud) FinalizerDaemon identical 52 lines
11-21 09:26:24.834 15258 15268 W System  : A resource failed to call close. 
11-21 09:26:24.925 15258 15293 D Evaluation: 1 res for frame 310 received at 1574321184925
11-21 09:26:24.953 15258 15293 D Evaluation: 1 res for frame 310 received at 1574321184953
11-21 09:26:24.989 15258 15293 D Evaluation: 1 res for frame 311 received at 1574321184989
11-21 09:26:25.010 15258 15293 D Evaluation: 1 res for frame 312 received at 1574321185010
11-21 09:26:25.044 15258 15293 D Evaluation: 1 res for frame 314 received at 1574321185044
11-21 09:26:25.119 15258 15293 D Evaluation: 2 res for frame 314 received at 1574321185119
11-21 09:26:25.148 15258 15293 D Evaluation: 2 res for frame 315 received at 1574321185148
11-21 09:26:25.170 15258 15293 D Evaluation: 2 res for frame 316 received at 1574321185170
11-21 09:26:25.189 15258 15293 D Evaluation: 2 res for frame 317 received at 1574321185189
11-21 09:26:25.226 15258 15293 D Evaluation: 0 res for frame 318 received at 1574321185226
11-21 09:26:25.274 15258 15293 D Evaluation: 0 res for frame 319 received at 1574321185274
11-21 09:26:25.337 15258 15293 D Evaluation: 1 res for frame 320 received at 1574321185337
11-21 09:26:25.367 15258 15293 D Evaluation: 1 res for frame 321 received at 1574321185367
11-21 09:26:25.426 15258 15293 D Evaluation: 1 res for frame 322 received at 1574321185426
11-21 09:26:25.453 15258 15293 D Evaluation: 2 res for frame 323 received at 1574321185453
11-21 09:26:25.473 15258 15293 D Evaluation: 1 res for frame 324 received at 1574321185473
11-21 09:26:25.549 15258 15293 D Evaluation: 0 res for frame 325 received at 1574321185549
11-21 09:26:25.571 15258 15293 D Evaluation: 1 res for frame 327 received at 1574321185571
11-21 09:26:25.664 15258 15293 D Evaluation: 1 res for frame 327 received at 1574321185664
11-21 09:26:25.697 15258 15293 D Evaluation: 2 res for frame 328 received at 1574321185697
11-21 09:26:25.741 15258 15293 D Evaluation: 1 res for frame 329 received at 1574321185741
11-21 09:26:25.794 15258 15293 D Evaluation: 1 res for frame 330 received at 1574321185794
11-21 09:26:25.920 15258 15293 D Evaluation: 2 res for frame 332 received at 1574321185920
11-21 09:26:25.960 15258 15293 D Evaluation: 0 res for frame 332 received at 1574321185960
11-21 09:26:25.973 15258 15268 W System  : A resource failed to call close. 
11-21 09:26:25.975 15258 15268 I chatty  : uid=10203(symlab.cloudridar.arhud) FinalizerDaemon identical 24 lines
11-21 09:26:25.975 15258 15268 W System  : A resource failed to call close. 
11-21 09:26:25.975 15258 15268 W System  : A resource failed to call close. 
11-21 09:26:25.975 15258 15268 W System  : A resource failed to call close. 
11-21 09:26:25.975 15258 15268 I chatty  : uid=10203(symlab.cloudridar.arhud) FinalizerDaemon identical 1 line
11-21 09:26:25.975 15258 15268 W System  : A resource failed to call close. 
11-21 09:26:25.975 15258 15268 W System  : A resource failed to call close. 
11-21 09:26:25.975 15258 15268 I chatty  : uid=10203(symlab.cloudridar.arhud) FinalizerDaemon identical 1 line
11-21 09:26:25.975 15258 15268 W System  : A resource failed to call close. 
11-21 09:26:25.975 15258 15268 W System  : A resource failed to call close. 
11-21 09:26:25.978 15258 15268 I chatty  : uid=10203(symlab.cloudridar.arhud) FinalizerDaemon identical 13 lines
11-21 09:26:25.978 15258 15268 W System  : A resource failed to call close. 
11-21 09:26:25.986 15258 15293 D Evaluation: 0 res for frame 333 received at 1574321185986
11-21 09:26:26.013 15258 15293 D Evaluation: 1 res for frame 334 received at 1574321186012
11-21 09:26:26.036 15258 15293 D Evaluation: 1 res for frame 336 received at 1574321186036
11-21 09:26:26.057 15258 15293 D Evaluation: 1 res for frame 338 received at 1574321186057
11-21 09:26:26.180 15258 15293 D Evaluation: 1 res for frame 339 received at 1574321186180
11-21 09:26:26.214 15258 15293 D Evaluation: 0 res for frame 339 received at 1574321186214
11-21 09:26:26.242 15258 15293 D Evaluation: 0 res for frame 340 received at 1574321186242
11-21 09:26:26.283 15258 15293 D Evaluation: 0 res for frame 340 received at 1574321186283
11-21 09:26:26.309 15258 15293 D Evaluation: 0 res for frame 341 received at 1574321186309
11-21 09:26:26.331 15258 15293 D Evaluation: 0 res for frame 342 received at 1574321186331
11-21 09:26:26.417 15258 15293 D Evaluation: 0 res for frame 343 received at 1574321186417
11-21 09:26:26.451 15258 15293 D Evaluation: 1 res for frame 345 received at 1574321186451
11-21 09:26:26.482 15258 15293 D Evaluation: 0 res for frame 346 received at 1574321186481
11-21 09:26:26.506 15258 15293 D Evaluation: 0 res for frame 347 received at 1574321186506
11-21 09:26:26.530 15258 15293 D Evaluation: 0 res for frame 349 received at 1574321186530
11-21 09:26:26.655 15258 15293 D Evaluation: 0 res for frame 350 received at 1574321186655
11-21 09:26:26.687 15258 15293 D Evaluation: 1 res for frame 350 received at 1574321186687
11-21 09:26:26.714 15258 15293 D Evaluation: 0 res for frame 351 received at 1574321186714
11-21 09:26:26.741 15258 15293 D Evaluation: 0 res for frame 353 received at 1574321186741
11-21 09:26:26.784 15258 15293 D Evaluation: 0 res for frame 354 received at 1574321186784
11-21 09:26:26.885 15258 15293 D Evaluation: 0 res for frame 355 received at 1574321186885
11-21 09:26:26.919 15258 15293 D Evaluation: 0 res for frame 355 received at 1574321186919
11-21 09:26:26.946 15258 15293 D Evaluation: 0 res for frame 356 received at 1574321186946
11-21 09:26:26.971 15258 15293 D Evaluation: 0 res for frame 358 received at 1574321186971
11-21 09:26:26.981 15258 15268 W System  : A resource failed to call close. 
11-21 09:26:26.984 15258 15268 I chatty  : uid=10203(symlab.cloudridar.arhud) FinalizerDaemon identical 46 lines
11-21 09:26:26.984 15258 15268 W System  : A resource failed to call close. 
11-21 09:26:26.993 15258 15293 D Evaluation: 0 res for frame 360 received at 1574321186993
11-21 09:26:27.014 15258 15293 D Evaluation: 0 res for frame 361 received at 1574321187014
11-21 09:26:27.034 15258 15293 D Evaluation: 0 res for frame 361 received at 1574321187034
11-21 09:26:27.127 15258 15293 D Evaluation: 0 res for frame 362 received at 1574321187126
11-21 09:26:27.157 15258 15293 D Evaluation: 0 res for frame 363 received at 1574321187157
11-21 09:26:27.187 15258 15293 D Evaluation: 0 res for frame 363 received at 1574321187187
11-21 09:26:27.215 15258 15293 D Evaluation: 0 res for frame 364 received at 1574321187215
11-21 09:26:27.241 15258 15293 D Evaluation: 0 res for frame 366 received at 1574321187241
11-21 09:26:27.275 15258 15293 D Evaluation: 0 res for frame 367 received at 1574321187275
11-21 09:26:27.301 15258 15293 D Evaluation: 0 res for frame 368 received at 1574321187301
11-21 09:26:27.352 15258 15293 D Evaluation: 0 res for frame 368 received at 1574321187352
11-21 09:26:27.376 15258 15293 D Evaluation: 0 res for frame 369 received at 1574321187376
11-21 09:26:27.407 15258 15293 D Evaluation: 0 res for frame 370 received at 1574321187407
11-21 09:26:27.429 15258 15293 D Evaluation: 0 res for frame 371 received at 1574321187429
11-21 09:26:27.467 15258 15293 D Evaluation: 0 res for frame 372 received at 1574321187467
11-21 09:26:27.501 15258 15293 D Evaluation: 0 res for frame 373 received at 1574321187500
11-21 09:26:27.639 15258 15293 D Evaluation: 0 res for frame 374 received at 1574321187639
11-21 09:26:27.671 15258 15293 D Evaluation: 0 res for frame 375 received at 1574321187671
11-21 09:26:27.694 15258 15293 D Evaluation: 0 res for frame 376 received at 1574321187694
11-21 09:26:27.717 15258 15293 D Evaluation: 0 res for frame 378 received at 1574321187717
11-21 09:26:27.741 15258 15293 D Evaluation: 0 res for frame 379 received at 1574321187741
11-21 09:26:27.761 15258 15293 D Evaluation: 0 res for frame 380 received at 1574321187761
11-21 09:26:27.795 15258 15293 D Evaluation: 0 res for frame 381 received at 1574321187795
11-21 09:26:27.826 15258 15293 D Evaluation: 0 res for frame 381 received at 1574321187826
11-21 09:26:27.881 15258 15293 D Evaluation: 0 res for frame 382 received at 1574321187881
11-21 09:26:27.909 15258 15293 D Evaluation: 0 res for frame 383 received at 1574321187909
11-21 09:26:27.932 15258 15293 D Evaluation: 0 res for frame 384 received at 1574321187932
11-21 09:26:27.950 15258 15268 W System  : A resource failed to call close. 
11-21 09:26:27.953 15258 15268 I chatty  : uid=10203(symlab.cloudridar.arhud) FinalizerDaemon identical 52 lines
11-21 09:26:27.953 15258 15268 W System  : A resource failed to call close. 
11-21 09:26:27.963 15258 15293 D Evaluation: 0 res for frame 385 received at 1574321187963
11-21 09:26:27.997 15258 15293 D Evaluation: 0 res for frame 386 received at 1574321187997
11-21 09:26:28.038 15258 15293 D Evaluation: 0 res for frame 387 received at 1574321188038
11-21 09:26:28.142 15258 15293 D Evaluation: 0 res for frame 388 received at 1574321188142
11-21 09:26:28.184 15258 15293 D Evaluation: 0 res for frame 389 received at 1574321188184
11-21 09:26:28.215 15258 15293 D Evaluation: 0 res for frame 390 received at 1574321188215
11-21 09:26:28.243 15258 15293 D Evaluation: 0 res for frame 392 received at 1574321188243
11-21 09:26:28.271 15258 15293 D Evaluation: 0 res for frame 394 received at 1574321188271
11-21 09:26:28.324 15258 15293 D Evaluation: 0 res for frame 395 received at 1574321188324
11-21 09:26:28.392 15258 15293 D Evaluation: 0 res for frame 395 received at 1574321188392
11-21 09:26:28.416 15258 15293 D Evaluation: 0 res for frame 395 received at 1574321188416
11-21 09:26:28.439 15258 15293 D Evaluation: 0 res for frame 396 received at 1574321188439
11-21 09:26:28.477 15258 15293 D Evaluation: 0 res for frame 398 received at 1574321188477
11-21 09:26:28.503 15258 15293 D Evaluation: 0 res for frame 398 received at 1574321188503
11-21 09:26:28.562 15258 15293 D Evaluation: 0 res for frame 399 received at 1574321188562
11-21 09:26:28.590 15258 15293 D Evaluation: 0 res for frame 400 received at 1574321188590
11-21 09:26:28.688 15258 15293 D Evaluation: 0 res for frame 401 received at 1574321188688
11-21 09:26:28.724 15258 15293 D Evaluation: 0 res for frame 403 received at 1574321188724
11-21 09:26:28.749 15258 15293 D Evaluation: 0 res for frame 403 received at 1574321188748
11-21 09:26:28.772 15258 15293 D Evaluation: 0 res for frame 405 received at 1574321188772
11-21 09:26:28.858 15258 15293 D Evaluation: 0 res for frame 406 received at 1574321188858
11-21 09:26:28.965 15258 15293 D Evaluation: 0 res for frame 407 received at 1574321188965
11-21 09:26:29.003 15258 15293 D Evaluation: 0 res for frame 407 received at 1574321189003
11-21 09:26:29.037 15258 15293 D Evaluation: 0 res for frame 408 received at 1574321189037
11-21 09:26:29.061 15258 15293 D Evaluation: 0 res for frame 409 received at 1574321189061
