11-06 10:26:37.860 20817 20851 W System.err: 	at android.os.Handler.dispatchMessage(Handler.java:105)
11-06 10:26:37.860 20817 20851 W System.err: 	at android.os.Looper.loop(Looper.java:216)
11-06 10:26:37.860 20817 20851 W System.err: 	at android.os.HandlerThread.run(HandlerThread.java:65)
11-06 10:26:37.894 20817 20851 W System.err: java.net.SocketException: Message too long
11-06 10:26:37.894 20817 20851 W System.err: 	at sun.nio.ch.DatagramChannelImpl.send0(Native Method)
11-06 10:26:37.894 20817 20851 W System.err: 	at sun.nio.ch.DatagramChannelImpl.sendFromNativeBuffer(DatagramChannelImpl.java:573)
11-06 10:26:37.894 20817 20851 W System.err: 	at sun.nio.ch.DatagramChannelImpl.send(DatagramChannelImpl.java:550)
11-06 10:26:37.894 20817 20851 W System.err: 	at sun.nio.ch.DatagramChannelImpl.send(DatagramChannelImpl.java:514)
11-06 10:26:37.894 20817 20851 W System.err: 	at symlab.CloudAR.network.TransmissionTask.run(TransmissionTask.java:124)
11-06 10:26:37.894 20817 20851 W System.err: 	at android.os.Handler.handleCallback(Handler.java:907)
11-06 10:26:37.894 20817 20851 W System.err: 	at android.os.Handler.dispatchMessage(Handler.java:105)
11-06 10:26:37.894 20817 20851 W System.err: 	at android.os.Looper.loop(Looper.java:216)
11-06 10:26:37.894 20817 20851 W System.err: 	at android.os.HandlerThread.run(HandlerThread.java:65)
11-06 10:26:37.937 20817 20851 W System.err: java.net.SocketException: Message too long
11-06 10:26:37.937 20817 20851 W System.err: 	at sun.nio.ch.DatagramChannelImpl.send0(Native Method)
11-06 10:26:37.937 20817 20851 W System.err: 	at sun.nio.ch.DatagramChannelImpl.sendFromNativeBuffer(DatagramChannelImpl.java:573)
11-06 10:26:37.937 20817 20851 W System.err: 	at sun.nio.ch.DatagramChannelImpl.send(DatagramChannelImpl.java:550)
11-06 10:26:37.938 20817 20851 W System.err: 	at sun.nio.ch.DatagramChannelImpl.send(DatagramChannelImpl.java:514)
11-06 10:26:37.938 20817 20851 W System.err: 	at symlab.CloudAR.network.TransmissionTask.run(TransmissionTask.java:124)
11-06 10:26:37.938 20817 20851 W System.err: 	at android.os.Handler.handleCallback(Handler.java:907)
11-06 10:26:37.938 20817 20851 W System.err: 	at android.os.Handler.dispatchMessage(Handler.java:105)
11-06 10:26:37.938 20817 20851 W System.err: 	at android.os.Looper.loop(Looper.java:216)
11-06 10:26:37.938 20817 20851 W System.err: 	at android.os.HandlerThread.run(HandlerThread.java:65)
11-06 10:26:37.964 20817 20828 E         : [ZeroHung]zrhung_get_config: Get config failed for wp[0x0008]
11-06 10:26:37.965 20817 20851 W System.err: java.net.SocketException: Message too long
11-06 10:26:37.966 20817 20851 W System.err: 	at sun.nio.ch.DatagramChannelImpl.send0(Native Method)
11-06 10:26:37.966 20817 20851 W System.err: 	at sun.nio.ch.DatagramChannelImpl.sendFromNativeBuffer(DatagramChannelImpl.java:573)
11-06 10:26:37.966 20817 20851 W System.err: 	at sun.nio.ch.DatagramChannelImpl.send(DatagramChannelImpl.java:550)
11-06 10:26:37.966 20817 20851 W System.err: 	at sun.nio.ch.DatagramChannelImpl.send(DatagramChannelImpl.java:514)
11-06 10:26:37.966 20817 20851 W System.err: 	at symlab.CloudAR.network.TransmissionTask.run(TransmissionTask.java:124)
11-06 10:26:37.966 20817 20851 W System.err: 	at android.os.Handler.handleCallback(Handler.java:907)
11-06 10:26:37.966 20817 20851 W System.err: 	at android.os.Handler.dispatchMessage(Handler.java:105)
11-06 10:26:37.966 20817 20851 W System.err: 	at android.os.Looper.loop(Looper.java:216)
11-06 10:26:37.966 20817 20851 W System.err: 	at android.os.HandlerThread.run(HandlerThread.java:65)
11-06 10:26:38.004 20817 20851 W System.err: java.net.SocketException: Message too long
11-06 10:26:38.004 20817 20851 W System.err: 	at sun.nio.ch.DatagramChannelImpl.send0(Native Method)
11-06 10:26:38.004 20817 20851 W System.err: 	at sun.nio.ch.DatagramChannelImpl.sendFromNativeBuffer(DatagramChannelImpl.java:573)
11-06 10:26:38.004 20817 20851 W System.err: 	at sun.nio.ch.DatagramChannelImpl.send(DatagramChannelImpl.java:550)
11-06 10:26:38.004 20817 20851 W System.err: 	at sun.nio.ch.DatagramChannelImpl.send(DatagramChannelImpl.java:514)
11-06 10:26:38.004 20817 20851 W System.err: 	at symlab.CloudAR.network.TransmissionTask.run(TransmissionTask.java:124)
11-06 10:26:38.005 20817 20851 W System.err: 	at android.os.Handler.handleCallback(Handler.java:907)
11-06 10:26:38.005 20817 20851 W System.err: 	at android.os.Handler.dispatchMessage(Handler.java:105)
11-06 10:26:38.005 20817 20851 W System.err: 	at android.os.Looper.loop(Looper.java:216)
11-06 10:26:38.005 20817 20851 W System.err: 	at android.os.HandlerThread.run(HandlerThread.java:65)
11-06 10:26:38.029 20817 20851 W System.err: java.net.SocketException: Message too long
11-06 10:26:38.029 20817 20851 W System.err: 	at sun.nio.ch.DatagramChannelImpl.send0(Native Method)
11-06 10:26:38.029 20817 20851 W System.err: 	at sun.nio.ch.DatagramChannelImpl.sendFromNativeBuffer(DatagramChannelImpl.java:573)
11-06 10:26:38.029 20817 20851 W System.err: 	at sun.nio.ch.DatagramChannelImpl.send(DatagramChannelImpl.java:550)
11-06 10:26:38.029 20817 20851 W System.err: 	at sun.nio.ch.DatagramChannelImpl.send(DatagramChannelImpl.java:514)
11-06 10:26:38.029 20817 20851 W System.err: 	at symlab.CloudAR.network.TransmissionTask.run(TransmissionTask.java:124)
11-06 10:26:38.029 20817 20851 W System.err: 	at android.os.Handler.handleCallback(Handler.java:907)
11-06 10:26:38.030 20817 20851 W System.err: 	at android.os.Handler.dispatchMessage(Handler.java:105)
11-06 10:26:38.030 20817 20851 W System.err: 	at android.os.Looper.loop(Looper.java:216)
11-06 10:26:38.030 20817 20851 W System.err: 	at android.os.HandlerThread.run(HandlerThread.java:65)
11-06 10:26:38.067 20817 20851 W System.err: java.net.SocketException: Message too long
11-06 10:26:38.068 20817 20851 W System.err: 	at sun.nio.ch.DatagramChannelImpl.send0(Native Method)
11-06 10:26:38.068 20817 20851 W System.err: 	at sun.nio.ch.DatagramChannelImpl.sendFromNativeBuffer(DatagramChannelImpl.java:573)
11-06 10:26:38.068 20817 20851 W System.err: 	at sun.nio.ch.DatagramChannelImpl.send(DatagramChannelImpl.java:550)
11-06 10:26:38.068 20817 20851 W System.err: 	at sun.nio.ch.DatagramChannelImpl.send(DatagramChannelImpl.java:514)
11-06 10:26:38.068 20817 20851 W System.err: 	at symlab.CloudAR.network.TransmissionTask.run(TransmissionTask.java:124)
11-06 10:26:38.068 20817 20851 W System.err: 	at android.os.Handler.handleCallback(Handler.java:907)
11-06 10:26:38.068 20817 20851 W System.err: 	at android.os.Handler.dispatchMessage(Handler.java:105)
11-06 10:26:38.068 20817 20851 W System.err: 	at android.os.Looper.loop(Looper.java:216)
11-06 10:26:38.068 20817 20851 W System.err: 	at android.os.HandlerThread.run(HandlerThread.java:65)
11-06 10:26:38.095 20817 20851 W System.err: java.net.SocketException: Message too long
11-06 10:26:38.095 20817 20851 W System.err: 	at sun.nio.ch.DatagramChannelImpl.send0(Native Method)
11-06 10:26:38.095 20817 20851 W System.err: 	at sun.nio.ch.DatagramChannelImpl.sendFromNativeBuffer(DatagramChannelImpl.java:573)
11-06 10:26:38.095 20817 20851 W System.err: 	at sun.nio.ch.DatagramChannelImpl.send(DatagramChannelImpl.java:550)
11-06 10:26:38.095 20817 20851 W System.err: 	at sun.nio.ch.DatagramChannelImpl.send(DatagramChannelImpl.java:514)
11-06 10:26:38.095 20817 20851 W System.err: 	at symlab.CloudAR.network.TransmissionTask.run(TransmissionTask.java:124)
11-06 10:26:38.095 20817 20851 W System.err: 	at android.os.Handler.handleCallback(Handler.java:907)
11-06 10:26:38.095 20817 20851 W System.err: 	at android.os.Handler.dispatchMessage(Handler.java:105)
11-06 10:26:38.095 20817 20851 W System.err: 	at android.os.Looper.loop(Looper.java:216)
11-06 10:26:38.095 20817 20851 W System.err: 	at android.os.HandlerThread.run(HandlerThread.java:65)
11-06 10:26:38.135 20817 20851 W System.err: java.net.SocketException: Message too long
11-06 10:26:38.135 20817 20851 W System.err: 	at sun.nio.ch.DatagramChannelImpl.send0(Native Method)
11-06 10:26:38.135 20817 20851 W System.err: 	at sun.nio.ch.DatagramChannelImpl.sendFromNativeBuffer(DatagramChannelImpl.java:573)
11-06 10:26:38.135 20817 20851 W System.err: 	at sun.nio.ch.DatagramChannelImpl.send(DatagramChannelImpl.java:550)
11-06 10:26:38.135 20817 20851 W System.err: 	at sun.nio.ch.DatagramChannelImpl.send(DatagramChannelImpl.java:514)
11-06 10:26:38.135 20817 20851 W System.err: 	at symlab.CloudAR.network.TransmissionTask.run(TransmissionTask.java:124)
11-06 10:26:38.135 20817 20851 W System.err: 	at android.os.Handler.handleCallback(Handler.java:907)
11-06 10:26:38.135 20817 20851 W System.err: 	at android.os.Handler.dispatchMessage(Handler.java:105)
11-06 10:26:38.135 20817 20851 W System.err: 	at android.os.Looper.loop(Looper.java:216)
11-06 10:26:38.135 20817 20851 W System.err: 	at android.os.HandlerThread.run(HandlerThread.java:65)
11-06 10:26:38.162 20817 20851 W System.err: java.net.SocketException: Message too long
11-06 10:26:38.163 20817 20851 W System.err: 	at sun.nio.ch.DatagramChannelImpl.send0(Native Method)
11-06 10:26:38.163 20817 20851 W System.err: 	at sun.nio.ch.DatagramChannelImpl.sendFromNativeBuffer(DatagramChannelImpl.java:573)
11-06 10:26:38.163 20817 20851 W System.err: 	at sun.nio.ch.DatagramChannelImpl.send(DatagramChannelImpl.java:550)
11-06 10:26:38.163 20817 20851 W System.err: 	at sun.nio.ch.DatagramChannelImpl.send(DatagramChannelImpl.java:514)
11-06 10:26:38.163 20817 20851 W System.err: 	at symlab.CloudAR.network.TransmissionTask.run(TransmissionTask.java:124)
11-06 10:26:38.163 20817 20851 W System.err: 	at android.os.Handler.handleCallback(Handler.java:907)
11-06 10:26:38.163 20817 20851 W System.err: 	at android.os.Handler.dispatchMessage(Handler.java:105)
11-06 10:26:38.163 20817 20851 W System.err: 	at android.os.Looper.loop(Looper.java:216)
11-06 10:26:38.163 20817 20851 W System.err: 	at android.os.HandlerThread.run(HandlerThread.java:65)
11-06 10:26:38.197 20817 20851 W System.err: java.net.SocketException: Message too long
11-06 10:26:38.197 20817 20851 W System.err: 	at sun.nio.ch.DatagramChannelImpl.send0(Native Method)
11-06 10:26:38.197 20817 20851 W System.err: 	at sun.nio.ch.DatagramChannelImpl.sendFromNativeBuffer(DatagramChannelImpl.java:573)
11-06 10:26:38.197 20817 20851 W System.err: 	at sun.nio.ch.DatagramChannelImpl.send(DatagramChannelImpl.java:550)
11-06 10:26:38.197 20817 20851 W System.err: 	at sun.nio.ch.DatagramChannelImpl.send(DatagramChannelImpl.java:514)
11-06 10:26:38.197 20817 20851 W System.err: 	at symlab.CloudAR.network.TransmissionTask.run(TransmissionTask.java:124)
11-06 10:26:38.197 20817 20851 W System.err: 	at android.os.Handler.handleCallback(Handler.java:907)
11-06 10:26:38.197 20817 20851 W System.err: 	at android.os.Handler.dispatchMessage(Handler.java:105)
11-06 10:26:38.198 20817 20851 W System.err: 	at android.os.Looper.loop(Looper.java:216)
11-06 10:26:38.198 20817 20851 W System.err: 	at android.os.HandlerThread.run(HandlerThread.java:65)
11-06 10:26:38.275 20817 20851 W System.err: java.net.SocketException: Message too long
11-06 10:26:38.275 20817 20851 W System.err: 	at sun.nio.ch.DatagramChannelImpl.send0(Native Method)
11-06 10:26:38.275 20817 20851 W System.err: 	at sun.nio.ch.DatagramChannelImpl.sendFromNativeBuffer(DatagramChannelImpl.java:573)
11-06 10:26:38.275 20817 20851 W System.err: 	at sun.nio.ch.DatagramChannelImpl.send(DatagramChannelImpl.java:550)
11-06 10:26:38.275 20817 20851 W System.err: 	at sun.nio.ch.DatagramChannelImpl.send(DatagramChannelImpl.java:514)
11-06 10:26:38.275 20817 20851 W System.err: 	at symlab.CloudAR.network.TransmissionTask.run(TransmissionTask.java:124)
11-06 10:26:38.275 20817 20851 W System.err: 	at android.os.Handler.handleCallback(Handler.java:907)
11-06 10:26:38.275 20817 20851 W System.err: 	at android.os.Handler.dispatchMessage(Handler.java:105)
11-06 10:26:38.275 20817 20851 W System.err: 	at android.os.Looper.loop(Looper.java:216)
11-06 10:26:38.275 20817 20851 W System.err: 	at android.os.HandlerThread.run(HandlerThread.java:65)
11-06 10:26:38.277 20817 20851 D Evaluation: 0 res for frame 260 received at 1573028798277
11-06 10:26:38.320 20817 20851 W System.err: java.net.SocketException: Message too long
11-06 10:26:38.320 20817 20851 W System.err: 	at sun.nio.ch.DatagramChannelImpl.send0(Native Method)
11-06 10:26:38.320 20817 20851 W System.err: 	at sun.nio.ch.DatagramChannelImpl.sendFromNativeBuffer(DatagramChannelImpl.java:573)
11-06 10:26:38.320 20817 20851 W System.err: 	at sun.nio.ch.DatagramChannelImpl.send(DatagramChannelImpl.java:550)
11-06 10:26:38.320 20817 20851 W System.err: 	at sun.nio.ch.DatagramChannelImpl.send(DatagramChannelImpl.java:514)
11-06 10:26:38.320 20817 20851 W System.err: 	at symlab.CloudAR.network.TransmissionTask.run(TransmissionTask.java:124)
11-06 10:26:38.320 20817 20851 W System.err: 	at android.os.Handler.handleCallback(Handler.java:907)
11-06 10:26:38.320 20817 20851 W System.err: 	at android.os.Handler.dispatchMessage(Handler.java:105)
11-06 10:26:38.320 20817 20851 W System.err: 	at android.os.Looper.loop(Looper.java:216)
11-06 10:26:38.320 20817 20851 W System.err: 	at android.os.HandlerThread.run(HandlerThread.java:65)
11-06 10:26:38.340 20817 20851 W System.err: java.net.SocketException: Message too long
11-06 10:26:38.340 20817 20851 W System.err: 	at sun.nio.ch.DatagramChannelImpl.send0(Native Method)
11-06 10:26:38.340 20817 20851 W System.err: 	at sun.nio.ch.DatagramChannelImpl.sendFromNativeBuffer(DatagramChannelImpl.java:573)
11-06 10:26:38.340 20817 20851 W System.err: 	at sun.nio.ch.DatagramChannelImpl.send(DatagramChannelImpl.java:550)
11-06 10:26:38.340 20817 20851 W System.err: 	at sun.nio.ch.DatagramChannelImpl.send(DatagramChannelImpl.java:514)
11-06 10:26:38.341 20817 20851 W System.err: 	at symlab.CloudAR.network.TransmissionTask.run(TransmissionTask.java:124)
11-06 10:26:38.341 20817 20851 W System.err: 	at android.os.Handler.handleCallback(Handler.java:907)
11-06 10:26:38.341 20817 20851 W System.err: 	at android.os.Handler.dispatchMessage(Handler.java:105)
11-06 10:26:38.341 20817 20851 W System.err: 	at android.os.Looper.loop(Looper.java:216)
11-06 10:26:38.341 20817 20851 W System.err: 	at android.os.HandlerThread.run(HandlerThread.java:65)
11-06 10:26:38.362 20817 20851 W System.err: java.net.SocketException: Message too long
11-06 10:26:38.362 20817 20851 W System.err: 	at sun.nio.ch.DatagramChannelImpl.send0(Native Method)
11-06 10:26:38.362 20817 20851 W System.err: 	at sun.nio.ch.DatagramChannelImpl.sendFromNativeBuffer(DatagramChannelImpl.java:573)
11-06 10:26:38.362 20817 20851 W System.err: 	at sun.nio.ch.DatagramChannelImpl.send(DatagramChannelImpl.java:550)
11-06 10:26:38.362 20817 20851 W System.err: 	at sun.nio.ch.DatagramChannelImpl.send(DatagramChannelImpl.java:514)
11-06 10:26:38.362 20817 20851 W System.err: 	at symlab.CloudAR.network.TransmissionTask.run(TransmissionTask.java:124)
11-06 10:26:38.362 20817 20851 W System.err: 	at android.os.Handler.handleCallback(Handler.java:907)
11-06 10:26:38.362 20817 20851 W System.err: 	at android.os.Handler.dispatchMessage(Handler.java:105)
11-06 10:26:38.362 20817 20851 W System.err: 	at android.os.Looper.loop(Looper.java:216)
11-06 10:26:38.362 20817 20851 W System.err: 	at android.os.HandlerThread.run(HandlerThread.java:65)
11-06 10:26:38.395 20817 20851 W System.err: java.net.SocketException: Message too long
11-06 10:26:38.395 20817 20851 W System.err: 	at sun.nio.ch.DatagramChannelImpl.send0(Native Method)
11-06 10:26:38.395 20817 20851 W System.err: 	at sun.nio.ch.DatagramChannelImpl.sendFromNativeBuffer(DatagramChannelImpl.java:573)
11-06 10:26:38.395 20817 20851 W System.err: 	at sun.nio.ch.DatagramChannelImpl.send(DatagramChannelImpl.java:550)
11-06 10:26:38.395 20817 20851 W System.err: 	at sun.nio.ch.DatagramChannelImpl.send(DatagramChannelImpl.java:514)
11-06 10:26:38.395 20817 20851 W System.err: 	at symlab.CloudAR.network.TransmissionTask.run(TransmissionTask.java:124)
11-06 10:26:38.395 20817 20851 W System.err: 	at android.os.Handler.handleCallback(Handler.java:907)
11-06 10:26:38.395 20817 20851 W System.err: 	at android.os.Handler.dispatchMessage(Handler.java:105)
11-06 10:26:38.395 20817 20851 W System.err: 	at android.os.Looper.loop(Looper.java:216)
11-06 10:26:38.395 20817 20851 W System.err: 	at android.os.HandlerThread.run(HandlerThread.java:65)
11-06 10:26:38.433 20817 20851 W System.err: java.net.SocketException: Message too long
11-06 10:26:38.433 20817 20851 W System.err: 	at sun.nio.ch.DatagramChannelImpl.send0(Native Method)
11-06 10:26:38.433 20817 20851 W System.err: 	at sun.nio.ch.DatagramChannelImpl.sendFromNativeBuffer(DatagramChannelImpl.java:573)
11-06 10:26:38.433 20817 20851 W System.err: 	at sun.nio.ch.DatagramChannelImpl.send(DatagramChannelImpl.java:550)
11-06 10:26:38.433 20817 20851 W System.err: 	at sun.nio.ch.DatagramChannelImpl.send(DatagramChannelImpl.java:514)
11-06 10:26:38.433 20817 20851 W System.err: 	at symlab.CloudAR.network.TransmissionTask.run(TransmissionTask.java:124)
11-06 10:26:38.433 20817 20851 W System.err: 	at android.os.Handler.handleCallback(Handler.java:907)
11-06 10:26:38.433 20817 20851 W System.err: 	at android.os.Handler.dispatchMessage(Handler.java:105)
11-06 10:26:38.433 20817 20851 W System.err: 	at android.os.Looper.loop(Looper.java:216)
11-06 10:26:38.433 20817 20851 W System.err: 	at android.os.HandlerThread.run(HandlerThread.java:65)
11-06 10:26:38.464 20817 20851 W System.err: java.net.SocketException: Message too long
11-06 10:26:38.464 20817 20851 W System.err: 	at sun.nio.ch.DatagramChannelImpl.send0(Native Method)
11-06 10:26:38.464 20817 20851 W System.err: 	at sun.nio.ch.DatagramChannelImpl.sendFromNativeBuffer(DatagramChannelImpl.java:573)
11-06 10:26:38.464 20817 20851 W System.err: 	at sun.nio.ch.DatagramChannelImpl.send(DatagramChannelImpl.java:550)
11-06 10:26:38.464 20817 20851 W System.err: 	at sun.nio.ch.DatagramChannelImpl.send(DatagramChannelImpl.java:514)
11-06 10:26:38.464 20817 20851 W System.err: 	at symlab.CloudAR.network.TransmissionTask.run(TransmissionTask.java:124)
11-06 10:26:38.464 20817 20851 W System.err: 	at android.os.Handler.handleCallback(Handler.java:907)
11-06 10:26:38.464 20817 20851 W System.err: 	at android.os.Handler.dispatchMessage(Handler.java:105)
11-06 10:26:38.464 20817 20851 W System.err: 	at android.os.Looper.loop(Looper.java:216)
11-06 10:26:38.464 20817 20851 W System.err: 	at android.os.HandlerThread.run(HandlerThread.java:65)
11-06 10:26:38.498 20817 20851 W System.err: java.net.SocketException: Message too long
11-06 10:26:38.498 20817 20851 W System.err: 	at sun.nio.ch.DatagramChannelImpl.send0(Native Method)
11-06 10:26:38.498 20817 20851 W System.err: 	at sun.nio.ch.DatagramChannelImpl.sendFromNativeBuffer(DatagramChannelImpl.java:573)
11-06 10:26:38.498 20817 20851 W System.err: 	at sun.nio.ch.DatagramChannelImpl.send(DatagramChannelImpl.java:550)
11-06 10:26:38.498 20817 20851 W System.err: 	at sun.nio.ch.DatagramChannelImpl.send(DatagramChannelImpl.java:514)
11-06 10:26:38.498 20817 20851 W System.err: 	at symlab.CloudAR.network.TransmissionTask.run(TransmissionTask.java:124)
11-06 10:26:38.498 20817 20851 W System.err: 	at android.os.Handler.handleCallback(Handler.java:907)
11-06 10:26:38.498 20817 20851 W System.err: 	at android.os.Handler.dispatchMessage(Handler.java:105)
11-06 10:26:38.498 20817 20851 W System.err: 	at android.os.Looper.loop(Looper.java:216)
11-06 10:26:38.498 20817 20851 W System.err: 	at android.os.HandlerThread.run(HandlerThread.java:65)
11-06 10:26:38.530 20817 20851 W System.err: java.net.SocketException: Message too long
11-06 10:26:38.530 20817 20851 W System.err: 	at sun.nio.ch.DatagramChannelImpl.send0(Native Method)
11-06 10:26:38.530 20817 20851 W System.err: 	at sun.nio.ch.DatagramChannelImpl.sendFromNativeBuffer(DatagramChannelImpl.java:573)
11-06 10:26:38.530 20817 20851 W System.err: 	at sun.nio.ch.DatagramChannelImpl.send(DatagramChannelImpl.java:550)
11-06 10:26:38.530 20817 20851 W System.err: 	at sun.nio.ch.DatagramChannelImpl.send(DatagramChannelImpl.java:514)
11-06 10:26:38.530 20817 20851 W System.err: 	at symlab.CloudAR.network.TransmissionTask.run(TransmissionTask.java:124)
11-06 10:26:38.530 20817 20851 W System.err: 	at android.os.Handler.handleCallback(Handler.java:907)
11-06 10:26:38.530 20817 20851 W System.err: 	at android.os.Handler.dispatchMessage(Handler.java:105)
11-06 10:26:38.530 20817 20851 W System.err: 	at android.os.Looper.loop(Looper.java:216)
11-06 10:26:38.530 20817 20851 W System.err: 	at android.os.HandlerThread.run(HandlerThread.java:65)
11-06 10:26:38.576 20817 20851 W System.err: java.net.SocketException: Message too long
11-06 10:26:38.576 20817 20851 W System.err: 	at sun.nio.ch.DatagramChannelImpl.send0(Native Method)
11-06 10:26:38.576 20817 20851 W System.err: 	at sun.nio.ch.DatagramChannelImpl.sendFromNativeBuffer(DatagramChannelImpl.java:573)
11-06 10:26:38.576 20817 20851 W System.err: 	at sun.nio.ch.DatagramChannelImpl.send(DatagramChannelImpl.java:550)
11-06 10:26:38.576 20817 20851 W System.err: 	at sun.nio.ch.DatagramChannelImpl.send(DatagramChannelImpl.java:514)
11-06 10:26:38.576 20817 20851 W System.err: 	at symlab.CloudAR.network.TransmissionTask.run(TransmissionTask.java:124)
11-06 10:26:38.576 20817 20851 W System.err: 	at android.os.Handler.handleCallback(Handler.java:907)
11-06 10:26:38.576 20817 20851 W System.err: 	at android.os.Handler.dispatchMessage(Handler.java:105)
11-06 10:26:38.576 20817 20851 W System.err: 	at android.os.Looper.loop(Looper.java:216)
11-06 10:26:38.576 20817 20851 W System.err: 	at android.os.HandlerThread.run(HandlerThread.java:65)
11-06 10:26:38.608 20817 20851 W System.err: java.net.SocketException: Message too long
11-06 10:26:38.608 20817 20851 W System.err: 	at sun.nio.ch.DatagramChannelImpl.send0(Native Method)
11-06 10:26:38.608 20817 20851 W System.err: 	at sun.nio.ch.DatagramChannelImpl.sendFromNativeBuffer(DatagramChannelImpl.java:573)
11-06 10:26:38.608 20817 20851 W System.err: 	at sun.nio.ch.DatagramChannelImpl.send(DatagramChannelImpl.java:550)
11-06 10:26:38.608 20817 20851 W System.err: 	at sun.nio.ch.DatagramChannelImpl.send(DatagramChannelImpl.java:514)
11-06 10:26:38.608 20817 20851 W System.err: 	at symlab.CloudAR.network.TransmissionTask.run(TransmissionTask.java:124)
11-06 10:26:38.609 20817 20851 W System.err: 	at android.os.Handler.handleCallback(Handler.java:907)
11-06 10:26:38.609 20817 20851 W System.err: 	at android.os.Handler.dispatchMessage(Handler.java:105)
11-06 10:26:38.609 20817 20851 W System.err: 	at android.os.Looper.loop(Looper.java:216)
11-06 10:26:38.609 20817 20851 W System.err: 	at android.os.HandlerThread.run(HandlerThread.java:65)
11-06 10:26:38.630 20817 20851 W System.err: java.net.SocketException: Message too long
11-06 10:26:38.630 20817 20851 W System.err: 	at sun.nio.ch.DatagramChannelImpl.send0(Native Method)
11-06 10:26:38.630 20817 20851 W System.err: 	at sun.nio.ch.DatagramChannelImpl.sendFromNativeBuffer(DatagramChannelImpl.java:573)
11-06 10:26:38.630 20817 20851 W System.err: 	at sun.nio.ch.DatagramChannelImpl.send(DatagramChannelImpl.java:550)
11-06 10:26:38.630 20817 20851 W System.err: 	at sun.nio.ch.DatagramChannelImpl.send(DatagramChannelImpl.java:514)
11-06 10:26:38.631 20817 20851 W System.err: 	at symlab.CloudAR.network.TransmissionTask.run(TransmissionTask.java:124)
11-06 10:26:38.631 20817 20851 W System.err: 	at android.os.Handler.handleCallback(Handler.java:907)
11-06 10:26:38.631 20817 20851 W System.err: 	at android.os.Handler.dispatchMessage(Handler.java:105)
11-06 10:26:38.631 20817 20851 W System.err: 	at android.os.Looper.loop(Looper.java:216)
11-06 10:26:38.631 20817 20851 W System.err: 	at android.os.HandlerThread.run(HandlerThread.java:65)
11-06 10:26:38.670 20817 20851 W System.err: java.net.SocketException: Message too long
11-06 10:26:38.670 20817 20851 W System.err: 	at sun.nio.ch.DatagramChannelImpl.send0(Native Method)
11-06 10:26:38.670 20817 20851 W System.err: 	at sun.nio.ch.DatagramChannelImpl.sendFromNativeBuffer(DatagramChannelImpl.java:573)
11-06 10:26:38.670 20817 20851 W System.err: 	at sun.nio.ch.DatagramChannelImpl.send(DatagramChannelImpl.java:550)
11-06 10:26:38.670 20817 20851 W System.err: 	at sun.nio.ch.DatagramChannelImpl.send(DatagramChannelImpl.java:514)
11-06 10:26:38.670 20817 20851 W System.err: 	at symlab.CloudAR.network.TransmissionTask.run(TransmissionTask.java:124)
11-06 10:26:38.670 20817 20851 W System.err: 	at android.os.Handler.handleCallback(Handler.java:907)
11-06 10:26:38.670 20817 20851 W System.err: 	at android.os.Handler.dispatchMessage(Handler.java:105)
11-06 10:26:38.670 20817 20851 W System.err: 	at android.os.Looper.loop(Looper.java:216)
11-06 10:26:38.670 20817 20851 W System.err: 	at android.os.HandlerThread.run(HandlerThread.java:65)
11-06 10:26:38.695 20817 20851 W System.err: java.net.SocketException: Message too long
11-06 10:26:38.695 20817 20851 W System.err: 	at sun.nio.ch.DatagramChannelImpl.send0(Native Method)
11-06 10:26:38.695 20817 20851 W System.err: 	at sun.nio.ch.DatagramChannelImpl.sendFromNativeBuffer(DatagramChannelImpl.java:573)
11-06 10:26:38.695 20817 20851 W System.err: 	at sun.nio.ch.DatagramChannelImpl.send(DatagramChannelImpl.java:550)
11-06 10:26:38.695 20817 20851 W System.err: 	at sun.nio.ch.DatagramChannelImpl.send(DatagramChannelImpl.java:514)
11-06 10:26:38.695 20817 20851 W System.err: 	at symlab.CloudAR.network.TransmissionTask.run(TransmissionTask.java:124)
11-06 10:26:38.695 20817 20851 W System.err: 	at android.os.Handler.handleCallback(Handler.java:907)
11-06 10:26:38.695 20817 20851 W System.err: 	at android.os.Handler.dispatchMessage(Handler.java:105)
11-06 10:26:38.695 20817 20851 W System.err: 	at android.os.Looper.loop(Looper.java:216)
11-06 10:26:38.695 20817 20851 W System.err: 	at android.os.HandlerThread.run(HandlerThread.java:65)
11-06 10:26:38.739 20817 20828 E         : [ZeroHung]zrhung_get_config: Get config failed for wp[0x0008]
11-06 10:26:38.740 20817 20851 D Evaluation: Frame 289 sent at 1573028798740
11-06 10:26:38.757 20817 20826 W System  : A resource failed to call close. 
11-06 10:26:38.757 20817 20826 W System  : A resource failed to call close. 
11-06 10:26:38.777 20817 20851 D Evaluation: Frame 290 sent at 1573028798777
11-06 10:26:38.802 20817 20851 D Evaluation: Frame 291 sent at 1573028798802
11-06 10:26:38.835 20817 20851 D Evaluation: Frame 292 sent at 1573028798835
11-06 10:26:38.874 20817 20851 D Evaluation: Frame 293 sent at 1573028798874
11-06 10:26:38.908 20817 20851 D Evaluation: Frame 294 sent at 1573028798908
11-06 10:26:38.934 20817 20851 D Evaluation: Frame 295 sent at 1573028798934
11-06 10:26:38.975 20817 20851 D Evaluation: Frame 296 sent at 1573028798975
11-06 10:26:38.998 20817 20851 D Evaluation: Frame 297 sent at 1573028798997
11-06 10:26:38.999 20817 20851 D Evaluation: 0 res for frame 289 received at 1573028798999
11-06 10:26:39.031 20817 20851 D Evaluation: Frame 298 sent at 1573028799031
11-06 10:26:39.074 20817 20851 D Evaluation: Frame 299 sent at 1573028799074
11-06 10:26:39.112 20817 20851 D Evaluation: Frame 300 sent at 1573028799112
11-06 10:26:39.142 20817 20851 D Evaluation: Frame 301 sent at 1573028799142
11-06 10:26:39.165 20817 20851 D Evaluation: Frame 302 sent at 1573028799165
11-06 10:26:39.167 20817 20851 D Evaluation: 0 res for frame 290 received at 1573028799167
11-06 10:26:39.204 20817 20851 D Evaluation: Frame 303 sent at 1573028799204
11-06 10:26:39.233 20817 20851 D Evaluation: Frame 304 sent at 1573028799233
11-06 10:26:39.268 20817 20851 D Evaluation: Frame 305 sent at 1573028799268
11-06 10:26:39.304 20817 20851 D Evaluation: Frame 306 sent at 1573028799304
11-06 10:26:39.371 20817 20851 D Evaluation: Frame 307 sent at 1573028799371
11-06 10:26:39.411 20817 20851 D Evaluation: Frame 308 sent at 1573028799411
11-06 10:26:39.439 20817 20851 D Evaluation: Frame 309 sent at 1573028799439
11-06 10:26:39.478 20817 20851 D Evaluation: Frame 310 sent at 1573028799478
11-06 10:26:39.504 20817 20851 D Evaluation: Frame 311 sent at 1573028799504
11-06 10:26:39.545 20817 20851 D Evaluation: Frame 312 sent at 1573028799545
11-06 10:26:39.569 20817 20851 D Evaluation: Frame 313 sent at 1573028799569
11-06 10:26:39.597 20817 20817 I Poster  :  onPause() called.
11-06 10:26:39.664 20817 20817 I Camera  : close camera: 0, package name: symlab.cloudridar.arhud
11-06 10:26:39.665 20817 20817 I BackgroundPermManager: pkgName: symlab.cloudridar.arhud,pid: 20817 ,uidOf3RdApk: 10149 ,permType: 0 ,permCfg: 0
11-06 10:26:39.666 20817 20817 I HwCameraUtil: notifySurfaceFlingerCameraStatus : isFront = false , isOpend = false
11-06 10:26:39.703 20817 20817 D ZrHung.AppEyeUiProbe: stop checker.
11-06 10:26:39.772 20817 20817 I Poster  :  surfaceDestroyed() called.
11-06 10:26:39.773 20817 20817 D ViewRootImpl[MainActivity]: surface should not be released
11-06 10:26:39.773 20817 20817 I Poster  :  onStop() called.
11-06 10:26:39.791 20817 20868 W libEGL  : EGLNativeWindowType 0xef5f0008 disconnect failed
11-06 10:26:40.282 20817 20842 D ZrHung.AppEyeUiProbe: Current Activity:false
11-06 10:26:40.282 20817 20842 D ZrHung.AppEyeUiProbe: not watching, wait.
11-06 10:26:44.603 20817 20817 I AwareBitmapCacher: handleReleaseCache: pid=20817
11-06 10:26:44.603 20817 20817 I AwareBitmapCacher: init lrucache size: 2097152 pid=20817
11-06 10:26:44.770 20817 20828 E         : [ZeroHung]zrhung_get_config: Get config failed for wp[0x0008]
11-06 10:26:44.816 20817 20826 W System  : A resource failed to call close. 
11-06 10:26:44.817 20817 20826 I chatty  : uid=10149(symlab.cloudridar.arhud) FinalizerDaemon identical 2 lines
11-06 10:26:44.817 20817 20826 W System  : A resource failed to call close. 
11-06 10:27:33.622 20817 20817 I PermissionManager: camera remind result:true
11-06 10:27:33.623 20817 20817 I BackgroundPermManager: pkgName: symlab.cloudridar.arhud,pid: 20817 ,uidOf3RdApk: 10149 ,permType: 0 ,permCfg: 1
11-06 10:27:33.626 20817 20817 I HwCameraUtil: notifySurfaceFlingerCameraStatus : isFront = false , isOpend = true
11-06 10:27:33.648 20817 20817 D ActivityThread: isOptEnabled=false isWechatScanOpt=false
11-06 10:27:33.674 20817 20868 D mali_winsys: EGLint new_window_surface(egl_winsys_display *, void *, EGLSurface, EGLConfig, egl_winsys_surface **, EGLBoolean) returns 0x3000
11-06 10:27:33.686 20817 20817 I Poster  :  surfaceCreated() called.
11-06 10:27:33.686 20817 20817 I Poster  : initPreview() called
11-06 10:27:33.688 20817 20817 I PermissionManager: camera remind result:true
11-06 10:27:33.696 20817 20817 I Poster  :  surfaceChanged() called.
11-06 10:27:33.696 20817 20817 E BpSurfaceComposerClient: Failed to transact (-1)
11-06 10:27:33.697 20817 20817 E BpSurfaceComposerClient: Failed to transact (-1)
11-06 10:27:33.699 20817 20817 W InputMethodManager: startInputReason = 1
11-06 10:27:33.710 20817 20868 W libEGL  : EGLNativeWindowType 0xef5f0008 disconnect failed
11-06 10:27:33.710 20817 20868 D mali_winsys: EGLint new_window_surface(egl_winsys_display *, void *, EGLSurface, EGLConfig, egl_winsys_surface **, EGLBoolean) returns 0x3000
11-06 10:27:33.961 20817 20817 W MessageQueue: Handler (android.os.Handler) {aed0842} sending message to a Handler on a dead thread
11-06 10:27:33.961 20817 20817 W MessageQueue: java.lang.IllegalStateException: Handler (android.os.Handler) {aed0842} sending message to a Handler on a dead thread
11-06 10:27:33.961 20817 20817 W MessageQueue: 	at android.os.MessageQueue.enqueueMessage(MessageQueue.java:650)
11-06 10:27:33.961 20817 20817 W MessageQueue: 	at android.os.Handler.enqueueMessage(Handler.java:769)
11-06 10:27:33.961 20817 20817 W MessageQueue: 	at android.os.Handler.sendMessageAtTime(Handler.java:718)
11-06 10:27:33.961 20817 20817 W MessageQueue: 	at android.os.Handler.sendMessageDelayed(Handler.java:688)
11-06 10:27:33.961 20817 20817 W MessageQueue: 	at android.os.Handler.post(Handler.java:405)
11-06 10:27:33.961 20817 20817 W MessageQueue: 	at symlab.CloudAR.ARManager.recognizeTime(ARManager.java:151)
11-06 10:27:33.961 20817 20817 W MessageQueue: 	at symlab.ARHUD.MainActivity$3.onPreviewFrame(MainActivity.java:296)
11-06 10:27:33.961 20817 20817 W MessageQueue: 	at android.hardware.Camera$EventHandler.handleMessage(Camera.java:1278)
11-06 10:27:33.961 20817 20817 W MessageQueue: 	at android.os.Handler.dispatchMessage(Handler.java:112)
11-06 10:27:33.961 20817 20817 W MessageQueue: 	at android.os.Looper.loop(Looper.java:216)
11-06 10:27:33.961 20817 20817 W MessageQueue: 	at android.app.ActivityThread.main(ActivityThread.java:7579)
11-06 10:27:33.961 20817 20817 W MessageQueue: 	at java.lang.reflect.Method.invoke(Native Method)
11-06 10:27:33.961 20817 20817 W MessageQueue: 	at com.android.internal.os.RuntimeInit$MethodAndArgsCaller.run(RuntimeInit.java:524)
11-06 10:27:33.961 20817 20817 W MessageQueue: 	at com.android.internal.os.ZygoteInit.main(ZygoteInit.java:1034)
11-06 10:27:33.961 20817 20817 W MessageQueue: Handler (android.os.Handler) {aed0842} sending message to a Handler on a dead thread
11-06 10:27:33.961 20817 20817 W MessageQueue: java.lang.IllegalStateException: Handler (android.os.Handler) {aed0842} sending message to a Handler on a dead thread
11-06 10:27:33.961 20817 20817 W MessageQueue: 	at android.os.MessageQueue.enqueueMessage(MessageQueue.java:650)
11-06 10:27:33.961 20817 20817 W MessageQueue: 	at android.os.Handler.enqueueMessage(Handler.java:769)
11-06 10:27:33.961 20817 20817 W MessageQueue: 	at android.os.Handler.sendMessageAtTime(Handler.java:718)
11-06 10:27:33.961 20817 20817 W MessageQueue: 	at android.os.Handler.sendMessageDelayed(Handler.java:688)
11-06 10:27:33.961 20817 20817 W MessageQueue: 	at android.os.Handler.post(Handler.java:405)
11-06 10:27:33.961 20817 20817 W MessageQueue: 	at symlab.CloudAR.ARManager.driveFrame(ARManager.java:156)
11-06 10:27:33.961 20817 20817 W MessageQueue: 	at symlab.ARHUD.MainActivity$3.onPreviewFrame(MainActivity.java:297)
11-06 10:27:33.961 20817 20817 W MessageQueue: 	at android.hardware.Camera$EventHandler.handleMessage(Camera.java:1278)
11-06 10:27:33.961 20817 20817 W MessageQueue: 	at android.os.Handler.dispatchMessage(Handler.java:112)
11-06 10:27:33.961 20817 20817 W MessageQueue: 	at android.os.Looper.loop(Looper.java:216)
11-06 10:27:33.961 20817 20817 W MessageQueue: 	at android.app.ActivityThread.main(ActivityThread.java:7579)
11-06 10:27:33.961 20817 20817 W MessageQueue: 	at java.lang.reflect.Method.invoke(Native Method)
11-06 10:27:33.961 20817 20817 W MessageQueue: 	at com.android.internal.os.RuntimeInit$MethodAndArgsCaller.run(RuntimeInit.java:524)
11-06 10:27:33.961 20817 20817 W MessageQueue: 	at com.android.internal.os.ZygoteInit.main(ZygoteInit.java:1034)
11-06 10:27:33.992 20817 20817 W MessageQueue: Handler (android.os.Handler) {aed0842} sending message to a Handler on a dead thread
11-06 10:27:33.992 20817 20817 W MessageQueue: java.lang.IllegalStateException: Handler (android.os.Handler) {aed0842} sending message to a Handler on a dead thread
11-06 10:27:33.992 20817 20817 W MessageQueue: 	at android.os.MessageQueue.enqueueMessage(MessageQueue.java:650)
11-06 10:27:33.992 20817 20817 W MessageQueue: 	at android.os.Handler.enqueueMessage(Handler.java:769)
11-06 10:27:33.992 20817 20817 W MessageQueue: 	at android.os.Handler.sendMessageAtTime(Handler.java:718)
11-06 10:27:33.992 20817 20817 W MessageQueue: 	at android.os.Handler.sendMessageDelayed(Handler.java:688)
11-06 10:27:33.992 20817 20817 W MessageQueue: 	at android.os.Handler.post(Handler.java:405)
11-06 10:27:33.992 20817 20817 W MessageQueue: 	at symlab.CloudAR.ARManager.recognizeTime(ARManager.java:151)
11-06 10:27:33.992 20817 20817 W MessageQueue: 	at symlab.ARHUD.MainActivity$3.onPreviewFrame(MainActivity.java:296)
11-06 10:27:33.992 20817 20817 W MessageQueue: 	at android.hardware.Camera$EventHandler.handleMessage(Camera.java:1278)
11-06 10:27:33.992 20817 20817 W MessageQueue: 	at android.os.Handler.dispatchMessage(Handler.java:112)
11-06 10:27:33.992 20817 20817 W MessageQueue: 	at android.os.Looper.loop(Looper.java:216)
11-06 10:27:33.992 20817 20817 W MessageQueue: 	at android.app.ActivityThread.main(ActivityThread.java:7579)
11-06 10:27:33.992 20817 20817 W MessageQueue: 	at java.lang.reflect.Method.invoke(Native Method)
11-06 10:27:33.992 20817 20817 W MessageQueue: 	at com.android.internal.os.RuntimeInit$MethodAndArgsCaller.run(RuntimeInit.java:524)
11-06 10:27:33.992 20817 20817 W MessageQueue: 	at com.android.internal.os.ZygoteInit.main(ZygoteInit.java:1034)
11-06 10:27:33.993 20817 20817 W MessageQueue: Handler (android.os.Handler) {aed0842} sending message to a Handler on a dead thread
11-06 10:27:33.993 20817 20817 W MessageQueue: java.lang.IllegalStateException: Handler (android.os.Handler) {aed0842} sending message to a Handler on a dead thread
11-06 10:27:33.993 20817 20817 W MessageQueue: 	at android.os.MessageQueue.enqueueMessage(MessageQueue.java:650)
11-06 10:27:33.993 20817 20817 W MessageQueue: 	at android.os.Handler.enqueueMessage(Handler.java:769)
11-06 10:27:33.993 20817 20817 W MessageQueue: 	at android.os.Handler.sendMessageAtTime(Handler.java:718)
11-06 10:27:33.993 20817 20817 W MessageQueue: 	at android.os.Handler.sendMessageDelayed(Handler.java:688)
11-06 10:27:33.993 20817 20817 W MessageQueue: 	at android.os.Handler.post(Handler.java:405)
11-06 10:27:33.993 20817 20817 W MessageQueue: 	at symlab.CloudAR.ARManager.driveFrame(ARManager.java:156)
11-06 10:27:33.993 20817 20817 W MessageQueue: 	at symlab.ARHUD.MainActivity$3.onPreviewFrame(MainActivity.java:297)
11-06 10:27:33.993 20817 20817 W MessageQueue: 	at android.hardware.Camera$EventHandler.handleMessage(Camera.java:1278)
11-06 10:27:33.993 20817 20817 W MessageQueue: 	at android.os.Handler.dispatchMessage(Handler.java:112)
11-06 10:27:33.993 20817 20817 W MessageQueue: 	at android.os.Looper.loop(Looper.java:216)
11-06 10:27:33.993 20817 20817 W MessageQueue: 	at android.app.ActivityThread.main(ActivityThread.java:7579)
11-06 10:27:33.993 20817 20817 W MessageQueue: 	at java.lang.reflect.Method.invoke(Native Method)
11-06 10:27:33.993 20817 20817 W MessageQueue: 	at com.android.internal.os.RuntimeInit$MethodAndArgsCaller.run(RuntimeInit.java:524)
11-06 10:27:33.993 20817 20817 W MessageQueue: 	at com.android.internal.os.ZygoteInit.main(ZygoteInit.java:1034)
11-06 10:27:34.031 20817 20817 W MessageQueue: Handler (android.os.Handler) {aed0842} sending message to a Handler on a dead thread
11-06 10:27:34.031 20817 20817 W MessageQueue: java.lang.IllegalStateException: Handler (android.os.Handler) {aed0842} sending message to a Handler on a dead thread
11-06 10:27:34.031 20817 20817 W MessageQueue: 	at android.os.MessageQueue.enqueueMessage(MessageQueue.java:650)
11-06 10:27:34.031 20817 20817 W MessageQueue: 	at android.os.Handler.enqueueMessage(Handler.java:769)
11-06 10:27:34.031 20817 20817 W MessageQueue: 	at android.os.Handler.sendMessageAtTime(Handler.java:718)
11-06 10:27:34.031 20817 20817 W MessageQueue: 	at android.os.Handler.sendMessageDelayed(Handler.java:688)
11-06 10:27:34.031 20817 20817 W MessageQueue: 	at android.os.Handler.post(Handler.java:405)
11-06 10:27:34.031 20817 20817 W MessageQueue: 	at symlab.CloudAR.ARManager.recognizeTime(ARManager.java:151)
11-06 10:27:34.031 20817 20817 W MessageQueue: 	at symlab.ARHUD.MainActivity$3.onPreviewFrame(MainActivity.java:296)
11-06 10:27:34.031 20817 20817 W MessageQueue: 	at android.hardware.Camera$EventHandler.handleMessage(Camera.java:1278)
11-06 10:27:34.031 20817 20817 W MessageQueue: 	at android.os.Handler.dispatchMessage(Handler.java:112)
11-06 10:27:34.031 20817 20817 W MessageQueue: 	at android.os.Looper.loop(Looper.java:216)
11-06 10:27:34.031 20817 20817 W MessageQueue: 	at android.app.ActivityThread.main(ActivityThread.java:7579)
11-06 10:27:34.031 20817 20817 W MessageQueue: 	at java.lang.reflect.Method.invoke(Native Method)
11-06 10:27:34.031 20817 20817 W MessageQueue: 	at com.android.internal.os.RuntimeInit$MethodAndArgsCaller.run(RuntimeInit.java:524)
11-06 10:27:34.031 20817 20817 W MessageQueue: 	at com.android.internal.os.ZygoteInit.main(ZygoteInit.java:1034)
11-06 10:27:34.031 20817 20817 W MessageQueue: Handler (android.os.Handler) {aed0842} sending message to a Handler on a dead thread
11-06 10:27:34.031 20817 20817 W MessageQueue: java.lang.IllegalStateException: Handler (android.os.Handler) {aed0842} sending message to a Handler on a dead thread
11-06 10:27:34.031 20817 20817 W MessageQueue: 	at android.os.MessageQueue.enqueueMessage(MessageQueue.java:650)
11-06 10:27:34.031 20817 20817 W MessageQueue: 	at android.os.Handler.enqueueMessage(Handler.java:769)
11-06 10:27:34.031 20817 20817 W MessageQueue: 	at android.os.Handler.sendMessageAtTime(Handler.java:718)
11-06 10:27:34.031 20817 20817 W MessageQueue: 	at android.os.Handler.sendMessageDelayed(Handler.java:688)
11-06 10:27:34.031 20817 20817 W MessageQueue: 	at android.os.Handler.post(Handler.java:405)
11-06 10:27:34.031 20817 20817 W MessageQueue: 	at symlab.CloudAR.ARManager.driveFrame(ARManager.java:156)
11-06 10:27:34.031 20817 20817 W MessageQueue: 	at symlab.ARHUD.MainActivity$3.onPreviewFrame(MainActivity.java:297)
11-06 10:27:34.031 20817 20817 W MessageQueue: 	at android.hardware.Camera$EventHandler.handleMessage(Camera.java:1278)
11-06 10:27:34.031 20817 20817 W MessageQueue: 	at android.os.Handler.dispatchMessage(Handler.java:112)
11-06 10:27:34.031 20817 20817 W MessageQueue: 	at android.os.Looper.loop(Looper.java:216)
11-06 10:27:34.031 20817 20817 W MessageQueue: 	at android.app.ActivityThread.main(ActivityThread.java:7579)
11-06 10:27:34.031 20817 20817 W MessageQueue: 	at java.lang.reflect.Method.invoke(Native Method)
11-06 10:27:34.031 20817 20817 W MessageQueue: 	at com.android.internal.os.RuntimeInit$MethodAndArgsCaller.run(RuntimeInit.java:524)
11-06 10:27:34.031 20817 20817 W MessageQueue: 	at com.android.internal.os.ZygoteInit.main(ZygoteInit.java:1034)
11-06 10:27:34.065 20817 20817 W MessageQueue: Handler (android.os.Handler) {aed0842} sending message to a Handler on a dead thread
11-06 10:27:34.065 20817 20817 W MessageQueue: java.lang.IllegalStateException: Handler (android.os.Handler) {aed0842} sending message to a Handler on a dead thread
11-06 10:27:34.065 20817 20817 W MessageQueue: 	at android.os.MessageQueue.enqueueMessage(MessageQueue.java:650)
11-06 10:27:34.065 20817 20817 W MessageQueue: 	at android.os.Handler.enqueueMessage(Handler.java:769)
11-06 10:27:34.065 20817 20817 W MessageQueue: 	at android.os.Handler.sendMessageAtTime(Handler.java:718)
11-06 10:27:34.065 20817 20817 W MessageQueue: 	at android.os.Handler.sendMessageDelayed(Handler.java:688)
11-06 10:27:34.065 20817 20817 W MessageQueue: 	at android.os.Handler.post(Handler.java:405)
11-06 10:27:34.065 20817 20817 W MessageQueue: 	at symlab.CloudAR.ARManager.recognizeTime(ARManager.java:151)
11-06 10:27:34.065 20817 20817 W MessageQueue: 	at symlab.ARHUD.MainActivity$3.onPreviewFrame(MainActivity.java:296)
11-06 10:27:34.065 20817 20817 W MessageQueue: 	at android.hardware.Camera$EventHandler.handleMessage(Camera.java:1278)
11-06 10:27:34.065 20817 20817 W MessageQueue: 	at android.os.Handler.dispatchMessage(Handler.java:112)
11-06 10:27:34.065 20817 20817 W MessageQueue: 	at android.os.Looper.loop(Looper.java:216)
11-06 10:27:34.065 20817 20817 W MessageQueue: 	at android.app.ActivityThread.main(ActivityThread.java:7579)
11-06 10:27:34.065 20817 20817 W MessageQueue: 	at java.lang.reflect.Method.invoke(Native Method)
11-06 10:27:34.065 20817 20817 W MessageQueue: 	at com.android.internal.os.RuntimeInit$MethodAndArgsCaller.run(RuntimeInit.java:524)
11-06 10:27:34.065 20817 20817 W MessageQueue: 	at com.android.internal.os.ZygoteInit.main(ZygoteInit.java:1034)
11-06 10:27:34.065 20817 20817 W MessageQueue: Handler (android.os.Handler) {aed0842} sending message to a Handler on a dead thread
11-06 10:27:34.065 20817 20817 W MessageQueue: java.lang.IllegalStateException: Handler (android.os.Handler) {aed0842} sending message to a Handler on a dead thread
11-06 10:27:34.065 20817 20817 W MessageQueue: 	at android.os.MessageQueue.enqueueMessage(MessageQueue.java:650)
11-06 10:27:34.065 20817 20817 W MessageQueue: 	at android.os.Handler.enqueueMessage(Handler.java:769)
11-06 10:27:34.065 20817 20817 W MessageQueue: 	at android.os.Handler.sendMessageAtTime(Handler.java:718)
11-06 10:27:34.065 20817 20817 W MessageQueue: 	at android.os.Handler.sendMessageDelayed(Handler.java:688)
11-06 10:27:34.065 20817 20817 W MessageQueue: 	at android.os.Handler.post(Handler.java:405)
11-06 10:27:34.065 20817 20817 W MessageQueue: 	at symlab.CloudAR.ARManager.driveFrame(ARManager.java:156)
11-06 10:27:34.065 20817 20817 W MessageQueue: 	at symlab.ARHUD.MainActivity$3.onPreviewFrame(MainActivity.java:297)
11-06 10:27:34.065 20817 20817 W MessageQueue: 	at android.hardware.Camera$EventHandler.handleMessage(Camera.java:1278)
11-06 10:27:34.065 20817 20817 W MessageQueue: 	at android.os.Handler.dispatchMessage(Handler.java:112)
11-06 10:27:34.065 20817 20817 W MessageQueue: 	at android.os.Looper.loop(Looper.java:216)
11-06 10:27:34.065 20817 20817 W MessageQueue: 	at android.app.ActivityThread.main(ActivityThread.java:7579)
11-06 10:27:34.065 20817 20817 W MessageQueue: 	at java.lang.reflect.Method.invoke(Native Method)
11-06 10:27:34.065 20817 20817 W MessageQueue: 	at com.android.internal.os.RuntimeInit$MethodAndArgsCaller.run(RuntimeInit.java:524)
11-06 10:27:34.065 20817 20817 W MessageQueue: 	at com.android.internal.os.ZygoteInit.main(ZygoteInit.java:1034)
11-06 10:27:34.097 20817 20817 W MessageQueue: Handler (android.os.Handler) {aed0842} sending message to a Handler on a dead thread
11-06 10:27:34.097 20817 20817 W MessageQueue: java.lang.IllegalStateException: Handler (android.os.Handler) {aed0842} sending message to a Handler on a dead thread
11-06 10:27:34.097 20817 20817 W MessageQueue: 	at android.os.MessageQueue.enqueueMessage(MessageQueue.java:650)
11-06 10:27:34.097 20817 20817 W MessageQueue: 	at android.os.Handler.enqueueMessage(Handler.java:769)
11-06 10:27:34.097 20817 20817 W MessageQueue: 	at android.os.Handler.sendMessageAtTime(Handler.java:718)
11-06 10:27:34.097 20817 20817 W MessageQueue: 	at android.os.Handler.sendMessageDelayed(Handler.java:688)
11-06 10:27:34.097 20817 20817 W MessageQueue: 	at android.os.Handler.post(Handler.java:405)
11-06 10:27:34.097 20817 20817 W MessageQueue: 	at symlab.CloudAR.ARManager.recognizeTime(ARManager.java:151)
11-06 10:27:34.097 20817 20817 W MessageQueue: 	at symlab.ARHUD.MainActivity$3.onPreviewFrame(MainActivity.java:296)
11-06 10:27:34.097 20817 20817 W MessageQueue: 	at android.hardware.Camera$EventHandler.handleMessage(Camera.java:1278)
11-06 10:27:34.097 20817 20817 W MessageQueue: 	at android.os.Handler.dispatchMessage(Handler.java:112)
11-06 10:27:34.097 20817 20817 W MessageQueue: 	at android.os.Looper.loop(Looper.java:216)
11-06 10:27:34.097 20817 20817 W MessageQueue: 	at android.app.ActivityThread.main(ActivityThread.java:7579)
11-06 10:27:34.097 20817 20817 W MessageQueue: 	at java.lang.reflect.Method.invoke(Native Method)
11-06 10:27:34.097 20817 20817 W MessageQueue: 	at com.android.internal.os.RuntimeInit$MethodAndArgsCaller.run(RuntimeInit.java:524)
11-06 10:27:34.097 20817 20817 W MessageQueue: 	at com.android.internal.os.ZygoteInit.main(ZygoteInit.java:1034)
11-06 10:27:34.097 20817 20817 W MessageQueue: Handler (android.os.Handler) {aed0842} sending message to a Handler on a dead thread
11-06 10:27:34.097 20817 20817 W MessageQueue: java.lang.IllegalStateException: Handler (android.os.Handler) {aed0842} sending message to a Handler on a dead thread
11-06 10:27:34.097 20817 20817 W MessageQueue: 	at android.os.MessageQueue.enqueueMessage(MessageQueue.java:650)
11-06 10:27:34.097 20817 20817 W MessageQueue: 	at android.os.Handler.enqueueMessage(Handler.java:769)
11-06 10:27:34.097 20817 20817 W MessageQueue: 	at android.os.Handler.sendMessageAtTime(Handler.java:718)
11-06 10:27:34.097 20817 20817 W MessageQueue: 	at android.os.Handler.sendMessageDelayed(Handler.java:688)
11-06 10:27:34.097 20817 20817 W MessageQueue: 	at android.os.Handler.post(Handler.java:405)
11-06 10:27:34.097 20817 20817 W MessageQueue: 	at symlab.CloudAR.ARManager.driveFrame(ARManager.java:156)
11-06 10:27:34.097 20817 20817 W MessageQueue: 	at symlab.ARHUD.MainActivity$3.onPreviewFrame(MainActivity.java:297)
11-06 10:27:34.097 20817 20817 W MessageQueue: 	at android.hardware.Camera$EventHandler.handleMessage(Camera.java:1278)
11-06 10:27:34.097 20817 20817 W MessageQueue: 	at android.os.Handler.dispatchMessage(Handler.java:112)
11-06 10:27:34.097 20817 20817 W MessageQueue: 	at android.os.Looper.loop(Looper.java:216)
11-06 10:27:34.097 20817 20817 W MessageQueue: 	at android.app.ActivityThread.main(ActivityThread.java:7579)
11-06 10:27:34.097 20817 20817 W MessageQueue: 	at java.lang.reflect.Method.invoke(Native Method)
11-06 10:27:34.097 20817 20817 W MessageQueue: 	at com.android.internal.os.RuntimeInit$MethodAndArgsCaller.run(RuntimeInit.java:524)
11-06 10:27:34.097 20817 20817 W MessageQueue: 	at com.android.internal.os.ZygoteInit.main(ZygoteInit.java:1034)
11-06 10:27:34.130 20817 20817 W MessageQueue: Handler (android.os.Handler) {aed0842} sending message to a Handler on a dead thread
11-06 10:27:34.130 20817 20817 W MessageQueue: java.lang.IllegalStateException: Handler (android.os.Handler) {aed0842} sending message to a Handler on a dead thread
11-06 10:27:34.130 20817 20817 W MessageQueue: 	at android.os.MessageQueue.enqueueMessage(MessageQueue.java:650)
11-06 10:27:34.130 20817 20817 W MessageQueue: 	at android.os.Handler.enqueueMessage(Handler.java:769)
11-06 10:27:34.130 20817 20817 W MessageQueue: 	at android.os.Handler.sendMessageAtTime(Handler.java:718)
