11-05 12:36:40.449  8773  8806 W System.err: 	at sun.nio.ch.DatagramChannelImpl.sendFromNativeBuffer(DatagramChannelImpl.java:573)
11-05 12:36:40.449  8773  8806 W System.err: 	at sun.nio.ch.DatagramChannelImpl.send(DatagramChannelImpl.java:550)
11-05 12:36:40.449  8773  8806 W System.err: 	at sun.nio.ch.DatagramChannelImpl.send(DatagramChannelImpl.java:514)
11-05 12:36:40.449  8773  8806 W System.err: 	at symlab.CloudAR.network.TransmissionTask.run(TransmissionTask.java:124)
11-05 12:36:40.449  8773  8806 W System.err: 	at android.os.Handler.handleCallback(Handler.java:907)
11-05 12:36:40.449  8773  8806 W System.err: 	at android.os.Handler.dispatchMessage(Handler.java:105)
11-05 12:36:40.449  8773  8806 W System.err: 	at android.os.Looper.loop(Looper.java:216)
11-05 12:36:40.449  8773  8806 W System.err: 	at android.os.HandlerThread.run(HandlerThread.java:65)
11-05 12:36:40.474  8773  8806 W System.err: java.net.SocketException: Message too long
11-05 12:36:40.474  8773  8806 W System.err: 	at sun.nio.ch.DatagramChannelImpl.send0(Native Method)
11-05 12:36:40.474  8773  8806 W System.err: 	at sun.nio.ch.DatagramChannelImpl.sendFromNativeBuffer(DatagramChannelImpl.java:573)
11-05 12:36:40.474  8773  8806 W System.err: 	at sun.nio.ch.DatagramChannelImpl.send(DatagramChannelImpl.java:550)
11-05 12:36:40.474  8773  8806 W System.err: 	at sun.nio.ch.DatagramChannelImpl.send(DatagramChannelImpl.java:514)
11-05 12:36:40.474  8773  8806 W System.err: 	at symlab.CloudAR.network.TransmissionTask.run(TransmissionTask.java:124)
11-05 12:36:40.474  8773  8806 W System.err: 	at android.os.Handler.handleCallback(Handler.java:907)
11-05 12:36:40.474  8773  8806 W System.err: 	at android.os.Handler.dispatchMessage(Handler.java:105)
11-05 12:36:40.474  8773  8806 W System.err: 	at android.os.Looper.loop(Looper.java:216)
11-05 12:36:40.474  8773  8806 W System.err: 	at android.os.HandlerThread.run(HandlerThread.java:65)
11-05 12:36:40.497  8773  8784 E         : [ZeroHung]zrhung_get_config: Get config failed for wp[0x0008]
11-05 12:36:40.498  8773  8806 W System.err: java.net.SocketException: Message too long
11-05 12:36:40.498  8773  8806 W System.err: 	at sun.nio.ch.DatagramChannelImpl.send0(Native Method)
11-05 12:36:40.498  8773  8806 W System.err: 	at sun.nio.ch.DatagramChannelImpl.sendFromNativeBuffer(DatagramChannelImpl.java:573)
11-05 12:36:40.498  8773  8806 W System.err: 	at sun.nio.ch.DatagramChannelImpl.send(DatagramChannelImpl.java:550)
11-05 12:36:40.498  8773  8806 W System.err: 	at sun.nio.ch.DatagramChannelImpl.send(DatagramChannelImpl.java:514)
11-05 12:36:40.498  8773  8806 W System.err: 	at symlab.CloudAR.network.TransmissionTask.run(TransmissionTask.java:124)
11-05 12:36:40.498  8773  8806 W System.err: 	at android.os.Handler.handleCallback(Handler.java:907)
11-05 12:36:40.499  8773  8806 W System.err: 	at android.os.Handler.dispatchMessage(Handler.java:105)
11-05 12:36:40.499  8773  8806 W System.err: 	at android.os.Looper.loop(Looper.java:216)
11-05 12:36:40.499  8773  8806 W System.err: 	at android.os.HandlerThread.run(HandlerThread.java:65)
11-05 12:36:40.515  8773  8773 D Poster  : At 1572950200515 location is 65.05886936035111 (latitude), and 25.46970562328395 (longitude)
11-05 12:36:40.545  8773  8806 W System.err: java.net.SocketException: Message too long
11-05 12:36:40.545  8773  8806 W System.err: 	at sun.nio.ch.DatagramChannelImpl.send0(Native Method)
11-05 12:36:40.545  8773  8806 W System.err: 	at sun.nio.ch.DatagramChannelImpl.sendFromNativeBuffer(DatagramChannelImpl.java:573)
11-05 12:36:40.545  8773  8806 W System.err: 	at sun.nio.ch.DatagramChannelImpl.send(DatagramChannelImpl.java:550)
11-05 12:36:40.545  8773  8806 W System.err: 	at sun.nio.ch.DatagramChannelImpl.send(DatagramChannelImpl.java:514)
11-05 12:36:40.545  8773  8806 W System.err: 	at symlab.CloudAR.network.TransmissionTask.run(TransmissionTask.java:124)
11-05 12:36:40.545  8773  8806 W System.err: 	at android.os.Handler.handleCallback(Handler.java:907)
11-05 12:36:40.545  8773  8806 W System.err: 	at android.os.Handler.dispatchMessage(Handler.java:105)
11-05 12:36:40.545  8773  8806 W System.err: 	at android.os.Looper.loop(Looper.java:216)
11-05 12:36:40.545  8773  8806 W System.err: 	at android.os.HandlerThread.run(HandlerThread.java:65)
11-05 12:36:40.569  8773  8806 W System.err: java.net.SocketException: Message too long
11-05 12:36:40.570  8773  8806 W System.err: 	at sun.nio.ch.DatagramChannelImpl.send0(Native Method)
11-05 12:36:40.570  8773  8806 W System.err: 	at sun.nio.ch.DatagramChannelImpl.sendFromNativeBuffer(DatagramChannelImpl.java:573)
11-05 12:36:40.570  8773  8806 W System.err: 	at sun.nio.ch.DatagramChannelImpl.send(DatagramChannelImpl.java:550)
11-05 12:36:40.570  8773  8806 W System.err: 	at sun.nio.ch.DatagramChannelImpl.send(DatagramChannelImpl.java:514)
11-05 12:36:40.570  8773  8806 W System.err: 	at symlab.CloudAR.network.TransmissionTask.run(TransmissionTask.java:124)
11-05 12:36:40.570  8773  8806 W System.err: 	at android.os.Handler.handleCallback(Handler.java:907)
11-05 12:36:40.570  8773  8806 W System.err: 	at android.os.Handler.dispatchMessage(Handler.java:105)
11-05 12:36:40.570  8773  8806 W System.err: 	at android.os.Looper.loop(Looper.java:216)
11-05 12:36:40.570  8773  8806 W System.err: 	at android.os.HandlerThread.run(HandlerThread.java:65)
11-05 12:36:40.599  8773  8806 W System.err: java.net.SocketException: Message too long
11-05 12:36:40.599  8773  8806 W System.err: 	at sun.nio.ch.DatagramChannelImpl.send0(Native Method)
11-05 12:36:40.599  8773  8806 W System.err: 	at sun.nio.ch.DatagramChannelImpl.sendFromNativeBuffer(DatagramChannelImpl.java:573)
11-05 12:36:40.599  8773  8806 W System.err: 	at sun.nio.ch.DatagramChannelImpl.send(DatagramChannelImpl.java:550)
11-05 12:36:40.599  8773  8806 W System.err: 	at sun.nio.ch.DatagramChannelImpl.send(DatagramChannelImpl.java:514)
11-05 12:36:40.599  8773  8806 W System.err: 	at symlab.CloudAR.network.TransmissionTask.run(TransmissionTask.java:124)
11-05 12:36:40.599  8773  8806 W System.err: 	at android.os.Handler.handleCallback(Handler.java:907)
11-05 12:36:40.599  8773  8806 W System.err: 	at android.os.Handler.dispatchMessage(Handler.java:105)
11-05 12:36:40.599  8773  8806 W System.err: 	at android.os.Looper.loop(Looper.java:216)
11-05 12:36:40.599  8773  8806 W System.err: 	at android.os.HandlerThread.run(HandlerThread.java:65)
11-05 12:36:40.633  8773  8806 W System.err: java.net.SocketException: Message too long
11-05 12:36:40.634  8773  8806 W System.err: 	at sun.nio.ch.DatagramChannelImpl.send0(Native Method)
11-05 12:36:40.634  8773  8806 W System.err: 	at sun.nio.ch.DatagramChannelImpl.sendFromNativeBuffer(DatagramChannelImpl.java:573)
11-05 12:36:40.634  8773  8806 W System.err: 	at sun.nio.ch.DatagramChannelImpl.send(DatagramChannelImpl.java:550)
11-05 12:36:40.634  8773  8806 W System.err: 	at sun.nio.ch.DatagramChannelImpl.send(DatagramChannelImpl.java:514)
11-05 12:36:40.634  8773  8806 W System.err: 	at symlab.CloudAR.network.TransmissionTask.run(TransmissionTask.java:124)
11-05 12:36:40.634  8773  8806 W System.err: 	at android.os.Handler.handleCallback(Handler.java:907)
11-05 12:36:40.634  8773  8806 W System.err: 	at android.os.Handler.dispatchMessage(Handler.java:105)
11-05 12:36:40.634  8773  8806 W System.err: 	at android.os.Looper.loop(Looper.java:216)
11-05 12:36:40.634  8773  8806 W System.err: 	at android.os.HandlerThread.run(HandlerThread.java:65)
11-05 12:36:40.666  8773  8806 W System.err: java.net.SocketException: Message too long
11-05 12:36:40.666  8773  8806 W System.err: 	at sun.nio.ch.DatagramChannelImpl.send0(Native Method)
11-05 12:36:40.666  8773  8806 W System.err: 	at sun.nio.ch.DatagramChannelImpl.sendFromNativeBuffer(DatagramChannelImpl.java:573)
11-05 12:36:40.666  8773  8806 W System.err: 	at sun.nio.ch.DatagramChannelImpl.send(DatagramChannelImpl.java:550)
11-05 12:36:40.666  8773  8806 W System.err: 	at sun.nio.ch.DatagramChannelImpl.send(DatagramChannelImpl.java:514)
11-05 12:36:40.666  8773  8806 W System.err: 	at symlab.CloudAR.network.TransmissionTask.run(TransmissionTask.java:124)
11-05 12:36:40.666  8773  8806 W System.err: 	at android.os.Handler.handleCallback(Handler.java:907)
11-05 12:36:40.666  8773  8806 W System.err: 	at android.os.Handler.dispatchMessage(Handler.java:105)
11-05 12:36:40.666  8773  8806 W System.err: 	at android.os.Looper.loop(Looper.java:216)
11-05 12:36:40.666  8773  8806 W System.err: 	at android.os.HandlerThread.run(HandlerThread.java:65)
11-05 12:36:40.701  8773  8806 W System.err: java.net.SocketException: Message too long
11-05 12:36:40.701  8773  8806 W System.err: 	at sun.nio.ch.DatagramChannelImpl.send0(Native Method)
11-05 12:36:40.701  8773  8806 W System.err: 	at sun.nio.ch.DatagramChannelImpl.sendFromNativeBuffer(DatagramChannelImpl.java:573)
11-05 12:36:40.701  8773  8806 W System.err: 	at sun.nio.ch.DatagramChannelImpl.send(DatagramChannelImpl.java:550)
11-05 12:36:40.701  8773  8806 W System.err: 	at sun.nio.ch.DatagramChannelImpl.send(DatagramChannelImpl.java:514)
11-05 12:36:40.701  8773  8806 W System.err: 	at symlab.CloudAR.network.TransmissionTask.run(TransmissionTask.java:124)
11-05 12:36:40.701  8773  8806 W System.err: 	at android.os.Handler.handleCallback(Handler.java:907)
11-05 12:36:40.701  8773  8806 W System.err: 	at android.os.Handler.dispatchMessage(Handler.java:105)
11-05 12:36:40.701  8773  8806 W System.err: 	at android.os.Looper.loop(Looper.java:216)
11-05 12:36:40.701  8773  8806 W System.err: 	at android.os.HandlerThread.run(HandlerThread.java:65)
11-05 12:36:40.733  8773  8806 W System.err: java.net.SocketException: Message too long
11-05 12:36:40.733  8773  8806 W System.err: 	at sun.nio.ch.DatagramChannelImpl.send0(Native Method)
11-05 12:36:40.734  8773  8806 W System.err: 	at sun.nio.ch.DatagramChannelImpl.sendFromNativeBuffer(DatagramChannelImpl.java:573)
11-05 12:36:40.734  8773  8806 W System.err: 	at sun.nio.ch.DatagramChannelImpl.send(DatagramChannelImpl.java:550)
11-05 12:36:40.734  8773  8806 W System.err: 	at sun.nio.ch.DatagramChannelImpl.send(DatagramChannelImpl.java:514)
11-05 12:36:40.734  8773  8806 W System.err: 	at symlab.CloudAR.network.TransmissionTask.run(TransmissionTask.java:124)
11-05 12:36:40.734  8773  8806 W System.err: 	at android.os.Handler.handleCallback(Handler.java:907)
11-05 12:36:40.734  8773  8806 W System.err: 	at android.os.Handler.dispatchMessage(Handler.java:105)
11-05 12:36:40.734  8773  8806 W System.err: 	at android.os.Looper.loop(Looper.java:216)
11-05 12:36:40.734  8773  8806 W System.err: 	at android.os.HandlerThread.run(HandlerThread.java:65)
11-05 12:36:40.766  8773  8806 W System.err: java.net.SocketException: Message too long
11-05 12:36:40.766  8773  8806 W System.err: 	at sun.nio.ch.DatagramChannelImpl.send0(Native Method)
11-05 12:36:40.767  8773  8806 W System.err: 	at sun.nio.ch.DatagramChannelImpl.sendFromNativeBuffer(DatagramChannelImpl.java:573)
11-05 12:36:40.767  8773  8806 W System.err: 	at sun.nio.ch.DatagramChannelImpl.send(DatagramChannelImpl.java:550)
11-05 12:36:40.767  8773  8806 W System.err: 	at sun.nio.ch.DatagramChannelImpl.send(DatagramChannelImpl.java:514)
11-05 12:36:40.767  8773  8806 W System.err: 	at symlab.CloudAR.network.TransmissionTask.run(TransmissionTask.java:124)
11-05 12:36:40.767  8773  8806 W System.err: 	at android.os.Handler.handleCallback(Handler.java:907)
11-05 12:36:40.767  8773  8806 W System.err: 	at android.os.Handler.dispatchMessage(Handler.java:105)
11-05 12:36:40.767  8773  8806 W System.err: 	at android.os.Looper.loop(Looper.java:216)
11-05 12:36:40.767  8773  8806 W System.err: 	at android.os.HandlerThread.run(HandlerThread.java:65)
11-05 12:36:40.802  8773  8806 W System.err: java.net.SocketException: Message too long
11-05 12:36:40.802  8773  8806 W System.err: 	at sun.nio.ch.DatagramChannelImpl.send0(Native Method)
11-05 12:36:40.802  8773  8806 W System.err: 	at sun.nio.ch.DatagramChannelImpl.sendFromNativeBuffer(DatagramChannelImpl.java:573)
11-05 12:36:40.803  8773  8806 W System.err: 	at sun.nio.ch.DatagramChannelImpl.send(DatagramChannelImpl.java:550)
11-05 12:36:40.803  8773  8806 W System.err: 	at sun.nio.ch.DatagramChannelImpl.send(DatagramChannelImpl.java:514)
11-05 12:36:40.803  8773  8806 W System.err: 	at symlab.CloudAR.network.TransmissionTask.run(TransmissionTask.java:124)
11-05 12:36:40.803  8773  8806 W System.err: 	at android.os.Handler.handleCallback(Handler.java:907)
11-05 12:36:40.803  8773  8806 W System.err: 	at android.os.Handler.dispatchMessage(Handler.java:105)
11-05 12:36:40.803  8773  8806 W System.err: 	at android.os.Looper.loop(Looper.java:216)
11-05 12:36:40.803  8773  8806 W System.err: 	at android.os.HandlerThread.run(HandlerThread.java:65)
11-05 12:36:40.834  8773  8806 W System.err: java.net.SocketException: Message too long
11-05 12:36:40.834  8773  8806 W System.err: 	at sun.nio.ch.DatagramChannelImpl.send0(Native Method)
11-05 12:36:40.834  8773  8806 W System.err: 	at sun.nio.ch.DatagramChannelImpl.sendFromNativeBuffer(DatagramChannelImpl.java:573)
11-05 12:36:40.834  8773  8806 W System.err: 	at sun.nio.ch.DatagramChannelImpl.send(DatagramChannelImpl.java:550)
11-05 12:36:40.834  8773  8806 W System.err: 	at sun.nio.ch.DatagramChannelImpl.send(DatagramChannelImpl.java:514)
11-05 12:36:40.834  8773  8806 W System.err: 	at symlab.CloudAR.network.TransmissionTask.run(TransmissionTask.java:124)
11-05 12:36:40.834  8773  8806 W System.err: 	at android.os.Handler.handleCallback(Handler.java:907)
11-05 12:36:40.834  8773  8806 W System.err: 	at android.os.Handler.dispatchMessage(Handler.java:105)
11-05 12:36:40.834  8773  8806 W System.err: 	at android.os.Looper.loop(Looper.java:216)
11-05 12:36:40.834  8773  8806 W System.err: 	at android.os.HandlerThread.run(HandlerThread.java:65)
11-05 12:36:40.874  8773  8806 W System.err: java.net.SocketException: Message too long
11-05 12:36:40.875  8773  8806 W System.err: 	at sun.nio.ch.DatagramChannelImpl.send0(Native Method)
11-05 12:36:40.875  8773  8806 W System.err: 	at sun.nio.ch.DatagramChannelImpl.sendFromNativeBuffer(DatagramChannelImpl.java:573)
11-05 12:36:40.875  8773  8806 W System.err: 	at sun.nio.ch.DatagramChannelImpl.send(DatagramChannelImpl.java:550)
11-05 12:36:40.875  8773  8806 W System.err: 	at sun.nio.ch.DatagramChannelImpl.send(DatagramChannelImpl.java:514)
11-05 12:36:40.875  8773  8806 W System.err: 	at symlab.CloudAR.network.TransmissionTask.run(TransmissionTask.java:124)
11-05 12:36:40.875  8773  8806 W System.err: 	at android.os.Handler.handleCallback(Handler.java:907)
11-05 12:36:40.875  8773  8806 W System.err: 	at android.os.Handler.dispatchMessage(Handler.java:105)
11-05 12:36:40.875  8773  8806 W System.err: 	at android.os.Looper.loop(Looper.java:216)
11-05 12:36:40.875  8773  8806 W System.err: 	at android.os.HandlerThread.run(HandlerThread.java:65)
11-05 12:36:40.899  8773  8806 W System.err: java.net.SocketException: Message too long
11-05 12:36:40.899  8773  8806 W System.err: 	at sun.nio.ch.DatagramChannelImpl.send0(Native Method)
11-05 12:36:40.899  8773  8806 W System.err: 	at sun.nio.ch.DatagramChannelImpl.sendFromNativeBuffer(DatagramChannelImpl.java:573)
11-05 12:36:40.899  8773  8806 W System.err: 	at sun.nio.ch.DatagramChannelImpl.send(DatagramChannelImpl.java:550)
11-05 12:36:40.899  8773  8806 W System.err: 	at sun.nio.ch.DatagramChannelImpl.send(DatagramChannelImpl.java:514)
11-05 12:36:40.899  8773  8806 W System.err: 	at symlab.CloudAR.network.TransmissionTask.run(TransmissionTask.java:124)
11-05 12:36:40.899  8773  8806 W System.err: 	at android.os.Handler.handleCallback(Handler.java:907)
11-05 12:36:40.899  8773  8806 W System.err: 	at android.os.Handler.dispatchMessage(Handler.java:105)
11-05 12:36:40.899  8773  8806 W System.err: 	at android.os.Looper.loop(Looper.java:216)
11-05 12:36:40.899  8773  8806 W System.err: 	at android.os.HandlerThread.run(HandlerThread.java:65)
11-05 12:36:40.940  8773  8806 W System.err: java.net.SocketException: Message too long
11-05 12:36:40.940  8773  8806 W System.err: 	at sun.nio.ch.DatagramChannelImpl.send0(Native Method)
11-05 12:36:40.940  8773  8806 W System.err: 	at sun.nio.ch.DatagramChannelImpl.sendFromNativeBuffer(DatagramChannelImpl.java:573)
11-05 12:36:40.940  8773  8806 W System.err: 	at sun.nio.ch.DatagramChannelImpl.send(DatagramChannelImpl.java:550)
11-05 12:36:40.940  8773  8806 W System.err: 	at sun.nio.ch.DatagramChannelImpl.send(DatagramChannelImpl.java:514)
11-05 12:36:40.940  8773  8806 W System.err: 	at symlab.CloudAR.network.TransmissionTask.run(TransmissionTask.java:124)
11-05 12:36:40.940  8773  8806 W System.err: 	at android.os.Handler.handleCallback(Handler.java:907)
11-05 12:36:40.940  8773  8806 W System.err: 	at android.os.Handler.dispatchMessage(Handler.java:105)
11-05 12:36:40.940  8773  8806 W System.err: 	at android.os.Looper.loop(Looper.java:216)
11-05 12:36:40.940  8773  8806 W System.err: 	at android.os.HandlerThread.run(HandlerThread.java:65)
11-05 12:36:40.987  8773  8806 W System.err: java.net.SocketException: Message too long
11-05 12:36:40.987  8773  8806 W System.err: 	at sun.nio.ch.DatagramChannelImpl.send0(Native Method)
11-05 12:36:40.987  8773  8806 W System.err: 	at sun.nio.ch.DatagramChannelImpl.sendFromNativeBuffer(DatagramChannelImpl.java:573)
11-05 12:36:40.987  8773  8806 W System.err: 	at sun.nio.ch.DatagramChannelImpl.send(DatagramChannelImpl.java:550)
11-05 12:36:40.987  8773  8806 W System.err: 	at sun.nio.ch.DatagramChannelImpl.send(DatagramChannelImpl.java:514)
11-05 12:36:40.987  8773  8806 W System.err: 	at symlab.CloudAR.network.TransmissionTask.run(TransmissionTask.java:124)
11-05 12:36:40.987  8773  8806 W System.err: 	at android.os.Handler.handleCallback(Handler.java:907)
11-05 12:36:40.987  8773  8806 W System.err: 	at android.os.Handler.dispatchMessage(Handler.java:105)
11-05 12:36:40.987  8773  8806 W System.err: 	at android.os.Looper.loop(Looper.java:216)
11-05 12:36:40.987  8773  8806 W System.err: 	at android.os.HandlerThread.run(HandlerThread.java:65)
11-05 12:36:41.011  8773  8806 W System.err: java.net.SocketException: Message too long
11-05 12:36:41.011  8773  8806 W System.err: 	at sun.nio.ch.DatagramChannelImpl.send0(Native Method)
11-05 12:36:41.011  8773  8806 W System.err: 	at sun.nio.ch.DatagramChannelImpl.sendFromNativeBuffer(DatagramChannelImpl.java:573)
11-05 12:36:41.011  8773  8806 W System.err: 	at sun.nio.ch.DatagramChannelImpl.send(DatagramChannelImpl.java:550)
11-05 12:36:41.011  8773  8806 W System.err: 	at sun.nio.ch.DatagramChannelImpl.send(DatagramChannelImpl.java:514)
11-05 12:36:41.011  8773  8806 W System.err: 	at symlab.CloudAR.network.TransmissionTask.run(TransmissionTask.java:124)
11-05 12:36:41.011  8773  8806 W System.err: 	at android.os.Handler.handleCallback(Handler.java:907)
11-05 12:36:41.011  8773  8806 W System.err: 	at android.os.Handler.dispatchMessage(Handler.java:105)
11-05 12:36:41.011  8773  8806 W System.err: 	at android.os.Looper.loop(Looper.java:216)
11-05 12:36:41.011  8773  8806 W System.err: 	at android.os.HandlerThread.run(HandlerThread.java:65)
11-05 12:36:41.035  8773  8806 W System.err: java.net.SocketException: Message too long
11-05 12:36:41.035  8773  8806 W System.err: 	at sun.nio.ch.DatagramChannelImpl.send0(Native Method)
11-05 12:36:41.035  8773  8806 W System.err: 	at sun.nio.ch.DatagramChannelImpl.sendFromNativeBuffer(DatagramChannelImpl.java:573)
11-05 12:36:41.036  8773  8806 W System.err: 	at sun.nio.ch.DatagramChannelImpl.send(DatagramChannelImpl.java:550)
11-05 12:36:41.036  8773  8806 W System.err: 	at sun.nio.ch.DatagramChannelImpl.send(DatagramChannelImpl.java:514)
11-05 12:36:41.036  8773  8806 W System.err: 	at symlab.CloudAR.network.TransmissionTask.run(TransmissionTask.java:124)
11-05 12:36:41.036  8773  8806 W System.err: 	at android.os.Handler.handleCallback(Handler.java:907)
11-05 12:36:41.036  8773  8806 W System.err: 	at android.os.Handler.dispatchMessage(Handler.java:105)
11-05 12:36:41.036  8773  8806 W System.err: 	at android.os.Looper.loop(Looper.java:216)
11-05 12:36:41.036  8773  8806 W System.err: 	at android.os.HandlerThread.run(HandlerThread.java:65)
11-05 12:36:41.073  8773  8806 W System.err: java.net.SocketException: Message too long
11-05 12:36:41.073  8773  8806 W System.err: 	at sun.nio.ch.DatagramChannelImpl.send0(Native Method)
11-05 12:36:41.073  8773  8806 W System.err: 	at sun.nio.ch.DatagramChannelImpl.sendFromNativeBuffer(DatagramChannelImpl.java:573)
11-05 12:36:41.073  8773  8806 W System.err: 	at sun.nio.ch.DatagramChannelImpl.send(DatagramChannelImpl.java:550)
11-05 12:36:41.073  8773  8806 W System.err: 	at sun.nio.ch.DatagramChannelImpl.send(DatagramChannelImpl.java:514)
11-05 12:36:41.073  8773  8806 W System.err: 	at symlab.CloudAR.network.TransmissionTask.run(TransmissionTask.java:124)
11-05 12:36:41.073  8773  8806 W System.err: 	at android.os.Handler.handleCallback(Handler.java:907)
11-05 12:36:41.073  8773  8806 W System.err: 	at android.os.Handler.dispatchMessage(Handler.java:105)
11-05 12:36:41.073  8773  8806 W System.err: 	at android.os.Looper.loop(Looper.java:216)
11-05 12:36:41.074  8773  8806 W System.err: 	at android.os.HandlerThread.run(HandlerThread.java:65)
11-05 12:36:41.100  8773  8806 W System.err: java.net.SocketException: Message too long
11-05 12:36:41.100  8773  8806 W System.err: 	at sun.nio.ch.DatagramChannelImpl.send0(Native Method)
11-05 12:36:41.100  8773  8806 W System.err: 	at sun.nio.ch.DatagramChannelImpl.sendFromNativeBuffer(DatagramChannelImpl.java:573)
11-05 12:36:41.100  8773  8806 W System.err: 	at sun.nio.ch.DatagramChannelImpl.send(DatagramChannelImpl.java:550)
11-05 12:36:41.100  8773  8806 W System.err: 	at sun.nio.ch.DatagramChannelImpl.send(DatagramChannelImpl.java:514)
11-05 12:36:41.100  8773  8806 W System.err: 	at symlab.CloudAR.network.TransmissionTask.run(TransmissionTask.java:124)
11-05 12:36:41.100  8773  8806 W System.err: 	at android.os.Handler.handleCallback(Handler.java:907)
11-05 12:36:41.100  8773  8806 W System.err: 	at android.os.Handler.dispatchMessage(Handler.java:105)
11-05 12:36:41.100  8773  8806 W System.err: 	at android.os.Looper.loop(Looper.java:216)
11-05 12:36:41.100  8773  8806 W System.err: 	at android.os.HandlerThread.run(HandlerThread.java:65)
11-05 12:36:41.140  8773  8806 W System.err: java.net.SocketException: Message too long
11-05 12:36:41.140  8773  8806 W System.err: 	at sun.nio.ch.DatagramChannelImpl.send0(Native Method)
11-05 12:36:41.140  8773  8806 W System.err: 	at sun.nio.ch.DatagramChannelImpl.sendFromNativeBuffer(DatagramChannelImpl.java:573)
11-05 12:36:41.140  8773  8806 W System.err: 	at sun.nio.ch.DatagramChannelImpl.send(DatagramChannelImpl.java:550)
11-05 12:36:41.140  8773  8806 W System.err: 	at sun.nio.ch.DatagramChannelImpl.send(DatagramChannelImpl.java:514)
11-05 12:36:41.140  8773  8806 W System.err: 	at symlab.CloudAR.network.TransmissionTask.run(TransmissionTask.java:124)
11-05 12:36:41.141  8773  8806 W System.err: 	at android.os.Handler.handleCallback(Handler.java:907)
11-05 12:36:41.141  8773  8806 W System.err: 	at android.os.Handler.dispatchMessage(Handler.java:105)
11-05 12:36:41.141  8773  8806 W System.err: 	at android.os.Looper.loop(Looper.java:216)
11-05 12:36:41.141  8773  8806 W System.err: 	at android.os.HandlerThread.run(HandlerThread.java:65)
11-05 12:36:41.171  8773  8806 W System.err: java.net.SocketException: Message too long
11-05 12:36:41.171  8773  8806 W System.err: 	at sun.nio.ch.DatagramChannelImpl.send0(Native Method)
11-05 12:36:41.171  8773  8806 W System.err: 	at sun.nio.ch.DatagramChannelImpl.sendFromNativeBuffer(DatagramChannelImpl.java:573)
11-05 12:36:41.171  8773  8806 W System.err: 	at sun.nio.ch.DatagramChannelImpl.send(DatagramChannelImpl.java:550)
11-05 12:36:41.171  8773  8806 W System.err: 	at sun.nio.ch.DatagramChannelImpl.send(DatagramChannelImpl.java:514)
11-05 12:36:41.171  8773  8806 W System.err: 	at symlab.CloudAR.network.TransmissionTask.run(TransmissionTask.java:124)
11-05 12:36:41.171  8773  8806 W System.err: 	at android.os.Handler.handleCallback(Handler.java:907)
11-05 12:36:41.171  8773  8806 W System.err: 	at android.os.Handler.dispatchMessage(Handler.java:105)
11-05 12:36:41.171  8773  8806 W System.err: 	at android.os.Looper.loop(Looper.java:216)
11-05 12:36:41.171  8773  8806 W System.err: 	at android.os.HandlerThread.run(HandlerThread.java:65)
11-05 12:36:41.213  8773  8806 W System.err: java.net.SocketException: Message too long
11-05 12:36:41.213  8773  8806 W System.err: 	at sun.nio.ch.DatagramChannelImpl.send0(Native Method)
11-05 12:36:41.213  8773  8806 W System.err: 	at sun.nio.ch.DatagramChannelImpl.sendFromNativeBuffer(DatagramChannelImpl.java:573)
11-05 12:36:41.213  8773  8806 W System.err: 	at sun.nio.ch.DatagramChannelImpl.send(DatagramChannelImpl.java:550)
11-05 12:36:41.213  8773  8806 W System.err: 	at sun.nio.ch.DatagramChannelImpl.send(DatagramChannelImpl.java:514)
11-05 12:36:41.213  8773  8806 W System.err: 	at symlab.CloudAR.network.TransmissionTask.run(TransmissionTask.java:124)
11-05 12:36:41.213  8773  8806 W System.err: 	at android.os.Handler.handleCallback(Handler.java:907)
11-05 12:36:41.213  8773  8806 W System.err: 	at android.os.Handler.dispatchMessage(Handler.java:105)
11-05 12:36:41.213  8773  8806 W System.err: 	at android.os.Looper.loop(Looper.java:216)
11-05 12:36:41.213  8773  8806 W System.err: 	at android.os.HandlerThread.run(HandlerThread.java:65)
11-05 12:36:41.251  8773  8806 W System.err: java.net.SocketException: Message too long
11-05 12:36:41.251  8773  8806 W System.err: 	at sun.nio.ch.DatagramChannelImpl.send0(Native Method)
11-05 12:36:41.251  8773  8806 W System.err: 	at sun.nio.ch.DatagramChannelImpl.sendFromNativeBuffer(DatagramChannelImpl.java:573)
11-05 12:36:41.251  8773  8806 W System.err: 	at sun.nio.ch.DatagramChannelImpl.send(DatagramChannelImpl.java:550)
11-05 12:36:41.251  8773  8806 W System.err: 	at sun.nio.ch.DatagramChannelImpl.send(DatagramChannelImpl.java:514)
11-05 12:36:41.251  8773  8806 W System.err: 	at symlab.CloudAR.network.TransmissionTask.run(TransmissionTask.java:124)
11-05 12:36:41.251  8773  8806 W System.err: 	at android.os.Handler.handleCallback(Handler.java:907)
11-05 12:36:41.251  8773  8806 W System.err: 	at android.os.Handler.dispatchMessage(Handler.java:105)
11-05 12:36:41.251  8773  8806 W System.err: 	at android.os.Looper.loop(Looper.java:216)
11-05 12:36:41.251  8773  8806 W System.err: 	at android.os.HandlerThread.run(HandlerThread.java:65)
11-05 12:36:41.278  8773  8806 W System.err: java.net.SocketException: Message too long
11-05 12:36:41.278  8773  8806 W System.err: 	at sun.nio.ch.DatagramChannelImpl.send0(Native Method)
11-05 12:36:41.278  8773  8806 W System.err: 	at sun.nio.ch.DatagramChannelImpl.sendFromNativeBuffer(DatagramChannelImpl.java:573)
11-05 12:36:41.278  8773  8806 W System.err: 	at sun.nio.ch.DatagramChannelImpl.send(DatagramChannelImpl.java:550)
11-05 12:36:41.278  8773  8806 W System.err: 	at sun.nio.ch.DatagramChannelImpl.send(DatagramChannelImpl.java:514)
11-05 12:36:41.278  8773  8806 W System.err: 	at symlab.CloudAR.network.TransmissionTask.run(TransmissionTask.java:124)
11-05 12:36:41.278  8773  8806 W System.err: 	at android.os.Handler.handleCallback(Handler.java:907)
11-05 12:36:41.278  8773  8806 W System.err: 	at android.os.Handler.dispatchMessage(Handler.java:105)
11-05 12:36:41.278  8773  8806 W System.err: 	at android.os.Looper.loop(Looper.java:216)
11-05 12:36:41.278  8773  8806 W System.err: 	at android.os.HandlerThread.run(HandlerThread.java:65)
11-05 12:36:41.303  8773  8806 W System.err: java.net.SocketException: Message too long
11-05 12:36:41.304  8773  8806 W System.err: 	at sun.nio.ch.DatagramChannelImpl.send0(Native Method)
11-05 12:36:41.304  8773  8806 W System.err: 	at sun.nio.ch.DatagramChannelImpl.sendFromNativeBuffer(DatagramChannelImpl.java:573)
11-05 12:36:41.304  8773  8806 W System.err: 	at sun.nio.ch.DatagramChannelImpl.send(DatagramChannelImpl.java:550)
11-05 12:36:41.304  8773  8806 W System.err: 	at sun.nio.ch.DatagramChannelImpl.send(DatagramChannelImpl.java:514)
11-05 12:36:41.304  8773  8806 W System.err: 	at symlab.CloudAR.network.TransmissionTask.run(TransmissionTask.java:124)
11-05 12:36:41.304  8773  8806 W System.err: 	at android.os.Handler.handleCallback(Handler.java:907)
11-05 12:36:41.304  8773  8806 W System.err: 	at android.os.Handler.dispatchMessage(Handler.java:105)
11-05 12:36:41.304  8773  8806 W System.err: 	at android.os.Looper.loop(Looper.java:216)
11-05 12:36:41.304  8773  8806 W System.err: 	at android.os.HandlerThread.run(HandlerThread.java:65)
11-05 12:36:41.343  8773  8806 D Evaluation: Frame 449 sent at 1572950201343
11-05 12:36:41.372  8773  8806 D Evaluation: Frame 450 sent at 1572950201372
11-05 12:36:41.411  8773  8784 E         : [ZeroHung]zrhung_get_config: Get config failed for wp[0x0008]
11-05 12:36:41.412  8773  8806 D Evaluation: Frame 451 sent at 1572950201412
11-05 12:36:41.438  8773  8806 D Evaluation: Frame 452 sent at 1572950201438
11-05 12:36:41.469  8773  8806 D Evaluation: Frame 453 sent at 1572950201469
11-05 12:36:41.507  8773  8806 D Evaluation: Frame 454 sent at 1572950201507
11-05 12:36:41.525  8773  8773 D Poster  : At 1572950201525 location is 65.05886342807929 (latitude), and 25.469681788963257 (longitude)
11-05 12:36:41.541  8773  8806 D Evaluation: Frame 455 sent at 1572950201541
11-05 12:36:41.568  8773  8806 D Evaluation: Frame 456 sent at 1572950201568
11-05 12:36:41.607  8773  8806 D Evaluation: Frame 457 sent at 1572950201607
11-05 12:36:41.649  8773  8806 D Evaluation: Frame 458 sent at 1572950201649
11-05 12:36:41.674  8773  8806 D Evaluation: Frame 459 sent at 1572950201674
11-05 12:36:41.706  8773  8806 D Evaluation: Frame 460 sent at 1572950201705
11-05 12:36:41.743  8773  8806 D Evaluation: Frame 461 sent at 1572950201743
11-05 12:36:41.794  8773  8806 D Evaluation: Frame 462 sent at 1572950201794
11-05 12:36:41.814  8773  8806 D Evaluation: Frame 463 sent at 1572950201814
11-05 12:36:41.834  8773  8806 D Evaluation: Frame 464 sent at 1572950201834
11-05 12:36:41.870  8773  8806 D Evaluation: Frame 465 sent at 1572950201870
11-05 12:36:41.908  8773  8806 D Evaluation: Frame 466 sent at 1572950201908
11-05 12:36:41.941  8773  8806 D Evaluation: Frame 467 sent at 1572950201941
11-05 12:36:41.975  8773  8806 D Evaluation: Frame 468 sent at 1572950201975
11-05 12:36:42.015  8773  8806 D Evaluation: Frame 469 sent at 1572950202015
11-05 12:36:42.050  8773  8806 D Evaluation: Frame 470 sent at 1572950202050
11-05 12:36:42.147  8773  8806 D Evaluation: Frame 472 sent at 1572950202147
11-05 12:36:42.171  8773  8806 D Evaluation: Frame 473 sent at 1572950202171
11-05 12:36:42.192  8773  8806 D Evaluation: Frame 473 sent at 1572950202192
11-05 12:36:42.229  8773  8806 D Evaluation: Frame 474 sent at 1572950202229
11-05 12:36:42.262  8773  8806 D Evaluation: Frame 475 sent at 1572950202262
11-05 12:36:42.297  8773  8806 D Evaluation: Frame 476 sent at 1572950202297
11-05 12:36:42.337  8773  8806 D Evaluation: Frame 477 sent at 1572950202337
11-05 12:36:42.359  8773  8806 D Evaluation: Frame 478 sent at 1572950202359
11-05 12:36:42.396  8773  8806 D Evaluation: Frame 479 sent at 1572950202396
11-05 12:36:42.432  8773  8806 D Evaluation: Frame 480 sent at 1572950202432
11-05 12:36:42.465  8773  8806 D Evaluation: Frame 481 sent at 1572950202465
11-05 12:36:42.508  8773  8806 D Evaluation: Frame 483 sent at 1572950202508
11-05 12:36:42.524  8773  8773 D Poster  : At 1572950202524 location is 65.05885723868866 (latitude), and 25.46965913160194 (longitude)
11-05 12:36:42.529  8773  8806 D Evaluation: Frame 483 sent at 1572950202529
11-05 12:36:42.562  8773  8806 D Evaluation: Frame 484 sent at 1572950202562
11-05 12:36:42.584  8773  8806 D Evaluation: Frame 485 sent at 1572950202584
11-05 12:36:42.625  8773  8806 D Evaluation: Frame 486 sent at 1572950202625
11-05 12:36:42.669  8773  8806 D Evaluation: Frame 487 sent at 1572950202669
11-05 12:36:42.709  8773  8806 D Evaluation: Frame 488 sent at 1572950202709
11-05 12:36:42.747  8773  8784 E         : [ZeroHung]zrhung_get_config: Get config failed for wp[0x0008]
11-05 12:36:42.747  8773  8806 D Evaluation: Frame 490 sent at 1572950202747
11-05 12:36:42.775  8773  8806 D Evaluation: Frame 490 sent at 1572950202775
11-05 12:36:42.797  8773  8806 D Evaluation: Frame 491 sent at 1572950202797
11-05 12:36:42.834  8773  8806 D Evaluation: Frame 492 sent at 1572950202834
11-05 12:36:42.861  8773  8806 D Evaluation: Frame 493 sent at 1572950202861
11-05 12:36:42.894  8773  8806 D Evaluation: Frame 494 sent at 1572950202894
11-05 12:36:42.929  8773  8806 D Evaluation: Frame 495 sent at 1572950202929
11-05 12:36:42.969  8773  8806 D Evaluation: Frame 497 sent at 1572950202969
11-05 12:36:42.986  8773  8806 D Evaluation: Frame 497 sent at 1572950202986
11-05 12:36:43.026  8773  8806 D Evaluation: Frame 498 sent at 1572950203026
11-05 12:36:43.063  8773  8806 D Evaluation: Frame 499 sent at 1572950203063
11-05 12:36:43.112  8773  8806 D Evaluation: Frame 500 sent at 1572950203112
11-05 12:36:43.145  8773  8806 D Evaluation: Frame 501 sent at 1572950203145
11-05 12:36:43.171  8773  8806 D Evaluation: Frame 502 sent at 1572950203171
11-05 12:36:43.208  8773  8806 D Evaluation: Frame 503 sent at 1572950203208
11-05 12:36:43.239  8773  8806 D Evaluation: Frame 504 sent at 1572950203239
11-05 12:36:43.276  8773  8806 D Evaluation: Frame 505 sent at 1572950203276
11-05 12:36:43.304  8773  8806 D Evaluation: Frame 506 sent at 1572950203304
11-05 12:36:43.346  8773  8806 D Evaluation: Frame 507 sent at 1572950203346
11-05 12:36:43.371  8773  8806 D Evaluation: Frame 508 sent at 1572950203371
11-05 12:36:43.400  8773  8806 D Evaluation: Frame 509 sent at 1572950203400
11-05 12:36:43.436  8773  8806 D Evaluation: Frame 510 sent at 1572950203436
11-05 12:36:43.475  8773  8806 D Evaluation: Frame 511 sent at 1572950203475
11-05 12:36:43.510  8773  8806 D Evaluation: Frame 513 sent at 1572950203510
11-05 12:36:43.525  8773  8773 D Poster  : At 1572950203525 location is 65.0588484058431 (latitude), and 25.4696422807608 (longitude)
11-05 12:36:43.527  8773  8806 D Evaluation: Frame 513 sent at 1572950203527
11-05 12:36:43.559  8773  8806 D Evaluation: Frame 514 sent at 1572950203559
11-05 12:36:43.597  8773  8806 D Evaluation: Frame 515 sent at 1572950203597
11-05 12:36:43.628  8773  8806 D Evaluation: Frame 516 sent at 1572950203628
11-05 12:36:43.693  8773  8806 D Evaluation: Frame 518 sent at 1572950203693
11-05 12:36:43.717  8773  8806 D Evaluation: Frame 518 sent at 1572950203717
11-05 12:36:43.743  8773  8806 D Evaluation: Frame 519 sent at 1572950203743
11-05 12:36:43.775  8773  8806 D Evaluation: Frame 520 sent at 1572950203775
11-05 12:36:43.806  8773  8806 D Evaluation: Frame 521 sent at 1572950203806
11-05 12:36:43.831  8773  8806 D Evaluation: Frame 522 sent at 1572950203831
11-05 12:36:43.862  8773  8806 D Evaluation: Frame 523 sent at 1572950203862
11-05 12:36:43.900  8773  8806 D Evaluation: Frame 524 sent at 1572950203899
11-05 12:36:43.935  8773  8806 D Evaluation: Frame 525 sent at 1572950203935
11-05 12:36:43.968  8773  8806 D Evaluation: Frame 526 sent at 1572950203968
11-05 12:36:44.015  8773  8806 D Evaluation: Frame 528 sent at 1572950204015
11-05 12:36:44.036  8773  8806 D Evaluation: Frame 528 sent at 1572950204036
11-05 12:36:44.079  8773  8806 D Evaluation: Frame 529 sent at 1572950204079
11-05 12:36:44.108  8773  8806 D Evaluation: Frame 530 sent at 1572950204108
11-05 12:36:44.148  8773  8806 D Evaluation: Frame 531 sent at 1572950204148
11-05 12:36:44.174  8773  8784 E         : [ZeroHung]zrhung_get_config: Get config failed for wp[0x0008]
11-05 12:36:44.174  8773  8806 D Evaluation: Frame 532 sent at 1572950204174
11-05 12:36:44.198  8773  8806 D Evaluation: Frame 533 sent at 1572950204198
11-05 12:36:44.234  8773  8806 D Evaluation: Frame 534 sent at 1572950204234
11-05 12:36:44.279  8773  8806 D Evaluation: Frame 535 sent at 1572950204279
11-05 12:36:44.317  8773  8806 D Evaluation: Frame 536 sent at 1572950204317
11-05 12:36:44.341  8773  8806 D Evaluation: Frame 537 sent at 1572950204341
11-05 12:36:44.378  8773  8806 D Evaluation: Frame 538 sent at 1572950204378
11-05 12:36:44.405  8773  8806 D Evaluation: Frame 539 sent at 1572950204405
11-05 12:36:44.448  8773  8806 D Evaluation: Frame 540 sent at 1572950204448
11-05 12:36:44.493  8773  8806 D Evaluation: Frame 541 sent at 1572950204493
11-05 12:36:44.524  8773  8773 D Poster  : At 1572950204524 location is 65.05883803454213 (latitude), and 25.469627210502633 (longitude)
11-05 12:36:44.527  8773  8806 D Evaluation: Frame 542 sent at 1572950204527
11-05 12:36:44.559  8773  8806 D Evaluation: Frame 543 sent at 1572950204559
11-05 12:36:44.606  8773  8806 D Evaluation: Frame 544 sent at 1572950204606
11-05 12:36:44.645  8773  8806 D Evaluation: Frame 545 sent at 1572950204645
11-05 12:36:44.691  8773  8806 D Evaluation: Frame 547 sent at 1572950204691
11-05 12:36:44.714  8773  8806 D Evaluation: Frame 547 sent at 1572950204714
11-05 12:36:44.751  8773  8806 D Evaluation: Frame 548 sent at 1572950204751
11-05 12:36:44.778  8773  8806 D Evaluation: Frame 549 sent at 1572950204778
11-05 12:36:44.821  8773  8806 D Evaluation: Frame 550 sent at 1572950204821
11-05 12:36:44.844  8773  8806 D Evaluation: Frame 551 sent at 1572950204844
11-05 12:36:44.871  8773  8806 D Evaluation: Frame 552 sent at 1572950204871
11-05 12:36:44.907  8773  8806 D Evaluation: Frame 553 sent at 1572950204907
11-05 12:36:45.001  8773  8806 D Evaluation: Frame 554 sent at 1572950205001
11-05 12:36:45.033  8773  8806 D Evaluation: Frame 556 sent at 1572950205033
11-05 12:36:45.060  8773  8806 D Evaluation: Frame 557 sent at 1572950205060
11-05 12:36:45.079  8773  8806 D Evaluation: Frame 557 sent at 1572950205079
11-05 12:36:45.122  8773  8806 D Evaluation: Frame 558 sent at 1572950205122
11-05 12:36:45.154  8773  8806 D Evaluation: Frame 559 sent at 1572950205154
11-05 12:36:45.180  8773  8806 D Evaluation: Frame 560 sent at 1572950205180
11-05 12:36:45.213  8773  8806 D Evaluation: Frame 561 sent at 1572950205213
11-05 12:36:45.239  8773  8806 D Evaluation: Frame 562 sent at 1572950205239
11-05 12:36:45.291  8773  8806 D Evaluation: Frame 563 sent at 1572950205291
11-05 12:36:45.349  8773  8806 D Evaluation: Frame 564 sent at 1572950205349
11-05 12:36:45.392  8773  8806 D Evaluation: Frame 565 sent at 1572950205392
11-05 12:36:45.422  8773  8806 D Evaluation: Frame 566 sent at 1572950205422
11-05 12:36:45.454  8773  8806 D Evaluation: Frame 567 sent at 1572950205453
11-05 12:36:45.492  8773  8806 D Evaluation: Frame 568 sent at 1572950205492
11-05 12:36:45.519  8773  8773 D Poster  : At 1572950205519 location is 65.05882913588206 (latitude), and 25.469618822772535 (longitude)
11-05 12:36:45.520  8773  8806 D Evaluation: Frame 569 sent at 1572950205520
11-05 12:36:45.556  8773  8784 E         : [ZeroHung]zrhung_get_config: Get config failed for wp[0x0008]
11-05 12:36:45.557  8773  8806 D Evaluation: Frame 571 sent at 1572950205557
11-05 12:36:45.575  8773  8806 D Evaluation: Frame 571 sent at 1572950205575
11-05 12:36:45.610  8773  8806 D Evaluation: Frame 572 sent at 1572950205610
11-05 12:36:45.641  8773  8806 D Evaluation: Frame 573 sent at 1572950205641
11-05 12:36:45.685  8773  8806 D Evaluation: Frame 574 sent at 1572950205684
11-05 12:36:45.731  8773  8806 D Evaluation: Frame 575 sent at 1572950205731
11-05 12:36:45.765  8773  8806 D Evaluation: Frame 577 sent at 1572950205765
11-05 12:36:45.790  8773  8806 D Evaluation: Frame 577 sent at 1572950205790
11-05 12:36:45.826  8773  8806 D Evaluation: Frame 578 sent at 1572950205826
11-05 12:36:45.850  8773  8806 D Evaluation: Frame 579 sent at 1572950205850
11-05 12:36:45.886  8773  8806 D Evaluation: Frame 580 sent at 1572950205886
11-05 12:36:45.930  8773  8806 D Evaluation: Frame 581 sent at 1572950205930
11-05 12:36:45.966  8773  8806 D Evaluation: Frame 583 sent at 1572950205966
11-05 12:36:45.989  8773  8806 D Evaluation: Frame 583 sent at 1572950205988
11-05 12:36:46.029  8773  8806 D Evaluation: Frame 584 sent at 1572950206029
11-05 12:36:46.055  8773  8806 D Evaluation: Frame 585 sent at 1572950206055
11-05 12:36:46.097  8773  8806 D Evaluation: Frame 586 sent at 1572950206097
11-05 12:36:46.119  8773  8806 D Evaluation: Frame 587 sent at 1572950206119
11-05 12:36:46.158  8773  8806 D Evaluation: Frame 588 sent at 1572950206158
11-05 12:36:46.185  8773  8806 D Evaluation: Frame 589 sent at 1572950206185
11-05 12:36:46.223  8773  8806 D Evaluation: Frame 590 sent at 1572950206223
11-05 12:36:46.259  8773  8806 D Evaluation: Frame 591 sent at 1572950206259
11-05 12:36:46.294  8773  8806 D Evaluation: Frame 592 sent at 1572950206294
11-05 12:36:46.335  8773  8806 D Evaluation: Frame 593 sent at 1572950206335
11-05 12:36:46.370  8773  8806 D Evaluation: Frame 594 sent at 1572950206370
11-05 12:36:46.390  8773  8806 D Evaluation: Frame 595 sent at 1572950206390
11-05 12:36:46.423  8773  8806 D Evaluation: Frame 596 sent at 1572950206423
11-05 12:36:46.455  8773  8806 D Evaluation: Frame 597 sent at 1572950206455
11-05 12:36:46.510  8773  8806 D Evaluation: Frame 599 sent at 1572950206509
11-05 12:36:46.525  8773  8773 D Poster  : At 1572950206525 location is 65.05881594334927 (latitude), and 25.469627451394285 (longitude)
11-05 12:36:46.528  8773  8806 D Evaluation: Frame 599 sent at 1572950206528
11-05 12:36:46.552  8773  8806 D Evaluation: Frame 600 sent at 1572950206552
11-05 12:36:46.588  8773  8806 D Evaluation: Frame 601 sent at 1572950206588
11-05 12:36:46.625  8773  8806 D Evaluation: Frame 602 sent at 1572950206625
11-05 12:36:46.668  8773  8806 D Evaluation: Frame 603 sent at 1572950206668
11-05 12:36:46.697  8773  8806 D Evaluation: Frame 604 sent at 1572950206697
11-05 12:36:46.720  8773  8806 D Evaluation: Frame 605 sent at 1572950206720
11-05 12:36:46.755  8773  8806 D Evaluation: Frame 606 sent at 1572950206755
11-05 12:36:46.789  8773  8806 D Evaluation: Frame 607 sent at 1572950206789
11-05 12:36:46.834  8773  8806 D Evaluation: Frame 608 sent at 1572950206834
11-05 12:36:46.860  8773  8806 D Evaluation: Frame 609 sent at 1572950206860
11-05 12:36:46.888  8773  8806 D Evaluation: Frame 610 sent at 1572950206888
11-05 12:36:46.922  8773  8806 D Evaluation: Frame 611 sent at 1572950206922
11-05 12:36:47.007  8773  8806 D Evaluation: Frame 612 sent at 1572950207007
11-05 12:36:47.053  8773  8806 D Evaluation: Frame 614 sent at 1572950207053
11-05 12:36:47.068  8773  8773 W HiTouch_PressGestureDetector: Touch pointer move a lot. The moving distance of X is:71.67383, limit is:60The moving distance of Y is:71.49255, limit is:60
11-05 12:36:47.072  8773  8806 D Evaluation: Frame 614 sent at 1572950207072
11-05 12:36:47.092  8773  8806 D Evaluation: Frame 615 sent at 1572950207092
11-05 12:36:47.116  8773  8806 D Evaluation: Frame 616 sent at 1572950207116
11-05 12:36:47.151  8773  8806 D Evaluation: Frame 617 sent at 1572950207151
11-05 12:36:47.176  8773  8806 D Evaluation: Frame 618 sent at 1572950207176
11-05 12:36:47.217  8773  8806 D Evaluation: Frame 619 sent at 1572950207217
11-05 12:36:47.243  8773  8806 D Evaluation: Frame 620 sent at 1572950207243
11-05 12:36:47.282  8773  8806 D Evaluation: Frame 621 sent at 1572950207282
11-05 12:36:47.309  8773  8806 D Evaluation: Frame 622 sent at 1572950207309
11-05 12:36:47.351  8773  8806 D Evaluation: Frame 623 sent at 1572950207351
11-05 12:36:47.376  8773  8806 D Evaluation: Frame 624 sent at 1572950207376
11-05 12:36:47.417  8773  8806 D Evaluation: Frame 625 sent at 1572950207417
11-05 12:36:47.444  8773  8806 D Evaluation: Frame 626 sent at 1572950207444
11-05 12:36:47.489  8773  8806 D Evaluation: Frame 627 sent at 1572950207489
11-05 12:36:47.532  8773  8773 D Poster  : At 1572950207532 location is 65.05880560378986 (latitude), and 25.46963942149131 (longitude)
11-05 12:36:47.566  8773  8806 D Evaluation: Frame 628 sent at 1572950207566
11-05 12:36:47.581  8773  8806 D Evaluation: Frame 629 sent at 1572950207581
11-05 12:36:47.630  8773  8806 D Evaluation: Frame 630 sent at 1572950207630
11-05 12:36:47.648  8773  8806 D Evaluation: Frame 631 sent at 1572950207648
11-05 12:36:47.687  8773  8806 D Evaluation: Frame 632 sent at 1572950207687
11-05 12:36:47.710  8773  8806 D Evaluation: Frame 633 sent at 1572950207710
11-05 12:36:47.752  8773  8806 D Evaluation: Frame 634 sent at 1572950207752
11-05 12:36:47.784  8773  8806 D Evaluation: Frame 635 sent at 1572950207783
11-05 12:36:47.860  8773  8806 D Evaluation: Frame 636 sent at 1572950207860
11-05 12:36:47.931  8773  8806 D Evaluation: Frame 637 sent at 1572950207931
11-05 12:36:47.991  8773  8806 D Evaluation: Frame 638 sent at 1572950207991
11-05 12:36:48.057  8773  8806 D Evaluation: Frame 639 sent at 1572950208057
11-05 12:36:48.095  8773  8806 D Evaluation: Frame 640 sent at 1572950208095
11-05 12:36:48.120  8773  8806 D Evaluation: Frame 641 sent at 1572950208120
11-05 12:36:48.166  8773  8806 D Evaluation: Frame 642 sent at 1572950208166
11-05 12:36:48.186  8773  8806 D Evaluation: Frame 643 sent at 1572950208186
11-05 12:36:48.220  8773  8784 E         : [ZeroHung]zrhung_get_config: Get config failed for wp[0x0008]
11-05 12:36:48.221  8773  8806 D Evaluation: Frame 644 sent at 1572950208221
11-05 12:36:48.257  8773  8806 D Evaluation: Frame 645 sent at 1572950208257
11-05 12:36:48.289  8773  8806 D Evaluation: Frame 646 sent at 1572950208289
11-05 12:36:48.323  8773  8806 D Evaluation: Frame 647 sent at 1572950208323
11-05 12:36:48.364  8773  8806 D Evaluation: Frame 648 sent at 1572950208364
11-05 12:36:48.397  8773  8806 D Evaluation: Frame 649 sent at 1572950208397
11-05 12:36:48.419  8773  8806 D Evaluation: Frame 650 sent at 1572950208419
11-05 12:36:48.466  8773  8806 D Evaluation: Frame 651 sent at 1572950208466
11-05 12:36:48.506  8773  8806 D Evaluation: Frame 652 sent at 1572950208506
11-05 12:36:48.517  8773  8773 D Poster  : At 1572950208517 location is 65.05879801510581 (latitude), and 25.46964929800319 (longitude)
11-05 12:36:48.531  8773  8806 D Evaluation: Frame 653 sent at 1572950208531
11-05 12:36:48.558  8773  8806 D Evaluation: Frame 654 sent at 1572950208558
11-05 12:36:48.591  8773  8806 D Evaluation: Frame 655 sent at 1572950208591
11-05 12:36:48.626  8773  8806 D Evaluation: Frame 656 sent at 1572950208626
11-05 12:36:48.658  8773  8806 D Evaluation: Frame 657 sent at 1572950208658
11-05 12:36:48.692  8773  8806 D Evaluation: Frame 658 sent at 1572950208692
11-05 12:36:48.727  8773  8806 D Evaluation: Frame 659 sent at 1572950208727
11-05 12:36:48.761  8773  8806 D Evaluation: Frame 660 sent at 1572950208761
11-05 12:36:48.795  8773  8806 D Evaluation: Frame 661 sent at 1572950208795
11-05 12:36:48.828  8773  8806 D Evaluation: Frame 662 sent at 1572950208828
11-05 12:36:48.859  8773  8806 D Evaluation: Frame 663 sent at 1572950208859
11-05 12:36:48.895  8773  8806 D Evaluation: Frame 664 sent at 1572950208895
11-05 12:36:48.923  8773  8806 D Evaluation: Frame 665 sent at 1572950208923
11-05 12:36:48.969  8773  8806 D Evaluation: Frame 666 sent at 1572950208969
11-05 12:36:49.009  8773  8806 D Evaluation: Frame 667 sent at 1572950209009
11-05 12:36:49.036  8773  8806 D Evaluation: Frame 668 sent at 1572950209036
11-05 12:36:49.061  8773  8806 D Evaluation: Frame 669 sent at 1572950209061
11-05 12:36:49.103  8773  8806 D Evaluation: Frame 670 sent at 1572950209103
11-05 12:36:49.131  8773  8806 D Evaluation: Frame 671 sent at 1572950209131
11-05 12:36:49.171  8773  8806 D Evaluation: Frame 672 sent at 1572950209171
11-05 12:36:49.195  8773  8806 D Evaluation: Frame 673 sent at 1572950209195
11-05 12:36:49.226  8773  8806 D Evaluation: Frame 674 sent at 1572950209226
11-05 12:36:49.265  8773  8806 D Evaluation: Frame 675 sent at 1572950209265
11-05 12:36:49.297  8773  8806 D Evaluation: Frame 676 sent at 1572950209297
11-05 12:36:49.330  8773  8806 D Evaluation: Frame 677 sent at 1572950209330
11-05 12:36:49.363  8773  8806 D Evaluation: Frame 678 sent at 1572950209363
11-05 12:36:49.438  8773  8806 D Evaluation: Frame 679 sent at 1572950209438
11-05 12:36:49.465  8773  8806 D Evaluation: Frame 680 sent at 1572950209465
11-05 12:36:49.507  8773  8806 D Evaluation: Frame 681 sent at 1572950209507
11-05 12:36:49.530  8773  8773 D Poster  : At 1572950209530 location is 65.0587905757369 (latitude), and 25.469660843849606 (longitude)
11-05 12:36:49.531  8773  8806 D Evaluation: Frame 682 sent at 1572950209531
11-05 12:36:49.567  8773  8784 E         : [ZeroHung]zrhung_get_config: Get config failed for wp[0x0008]
11-05 12:36:49.568  8773  8806 D Evaluation: Frame 683 sent at 1572950209568
11-05 12:36:49.599  8773  8806 D Evaluation: Frame 684 sent at 1572950209599
11-05 12:36:49.631  8773  8806 D Evaluation: Frame 685 sent at 1572950209631
11-05 12:36:49.663  8773  8806 D Evaluation: Frame 686 sent at 1572950209663
11-05 12:36:49.700  8773  8806 D Evaluation: Frame 687 sent at 1572950209700
11-05 12:36:49.733  8773  8806 D Evaluation: Frame 688 sent at 1572950209733
11-05 12:36:49.772  8773  8806 D Evaluation: Frame 689 sent at 1572950209772
11-05 12:36:49.805  8773  8806 D Evaluation: Frame 690 sent at 1572950209805
11-05 12:36:49.845  8773  8806 D Evaluation: Frame 691 sent at 1572950209845
11-05 12:36:49.869  8773  8806 D Evaluation: Frame 692 sent at 1572950209869
11-05 12:36:49.903  8773  8806 D Evaluation: Frame 693 sent at 1572950209903
11-05 12:36:49.937  8773  8806 D Evaluation: Frame 694 sent at 1572950209937
11-05 12:36:49.968  8773  8806 D Evaluation: Frame 695 sent at 1572950209968
11-05 12:36:50.002  8773  8806 D Evaluation: Frame 696 sent at 1572950210002
11-05 12:36:50.037  8773  8806 D Evaluation: Frame 697 sent at 1572950210037
