10-28 13:11:34.161 12651 12730 W System.err: 	at sun.nio.ch.DatagramChannelImpl.send0(Native Method)
10-28 13:11:34.161 12651 12730 W System.err: 	at sun.nio.ch.DatagramChannelImpl.sendFromNativeBuffer(DatagramChannelImpl.java:573)
10-28 13:11:34.161 12651 12730 W System.err: 	at sun.nio.ch.DatagramChannelImpl.send(DatagramChannelImpl.java:550)
10-28 13:11:34.161 12651 12730 W System.err: 	at sun.nio.ch.DatagramChannelImpl.send(DatagramChannelImpl.java:514)
10-28 13:11:34.161 12651 12730 W System.err: 	at symlab.CloudAR.network.TransmissionTask.run(TransmissionTask.java:112)
10-28 13:11:34.161 12651 12730 W System.err: 	at android.os.Handler.handleCallback(Handler.java:874)
10-28 13:11:34.161 12651 12730 W System.err: 	at android.os.Handler.dispatchMessage(Handler.java:100)
10-28 13:11:34.161 12651 12730 W System.err: 	at android.os.Looper.loop(Looper.java:198)
10-28 13:11:34.161 12651 12730 W System.err: 	at android.os.HandlerThread.run(HandlerThread.java:65)
10-28 13:11:34.202 12651 12730 W System.err: java.net.SocketException: Network is unreachable
10-28 13:11:34.202 12651 12730 W System.err: 	at sun.nio.ch.DatagramChannelImpl.send0(Native Method)
10-28 13:11:34.202 12651 12730 W System.err: 	at sun.nio.ch.DatagramChannelImpl.sendFromNativeBuffer(DatagramChannelImpl.java:573)
10-28 13:11:34.202 12651 12730 W System.err: 	at sun.nio.ch.DatagramChannelImpl.send(DatagramChannelImpl.java:550)
10-28 13:11:34.202 12651 12730 W System.err: 	at sun.nio.ch.DatagramChannelImpl.send(DatagramChannelImpl.java:514)
10-28 13:11:34.202 12651 12730 W System.err: 	at symlab.CloudAR.network.TransmissionTask.run(TransmissionTask.java:112)
10-28 13:11:34.202 12651 12730 W System.err: 	at android.os.Handler.handleCallback(Handler.java:874)
10-28 13:11:34.202 12651 12730 W System.err: 	at android.os.Handler.dispatchMessage(Handler.java:100)
10-28 13:11:34.202 12651 12730 W System.err: 	at android.os.Looper.loop(Looper.java:198)
10-28 13:11:34.203 12651 12730 W System.err: 	at android.os.HandlerThread.run(HandlerThread.java:65)
10-28 13:11:34.242 12651 12730 W System.err: java.net.SocketException: Network is unreachable
10-28 13:11:34.242 12651 12730 W System.err: 	at sun.nio.ch.DatagramChannelImpl.send0(Native Method)
10-28 13:11:34.243 12651 12730 W System.err: 	at sun.nio.ch.DatagramChannelImpl.sendFromNativeBuffer(DatagramChannelImpl.java:573)
10-28 13:11:34.243 12651 12730 W System.err: 	at sun.nio.ch.DatagramChannelImpl.send(DatagramChannelImpl.java:550)
10-28 13:11:34.243 12651 12730 W System.err: 	at sun.nio.ch.DatagramChannelImpl.send(DatagramChannelImpl.java:514)
10-28 13:11:34.243 12651 12730 W System.err: 	at symlab.CloudAR.network.TransmissionTask.run(TransmissionTask.java:112)
10-28 13:11:34.243 12651 12730 W System.err: 	at android.os.Handler.handleCallback(Handler.java:874)
10-28 13:11:34.243 12651 12730 W System.err: 	at android.os.Handler.dispatchMessage(Handler.java:100)
10-28 13:11:34.243 12651 12730 W System.err: 	at android.os.Looper.loop(Looper.java:198)
10-28 13:11:34.243 12651 12730 W System.err: 	at android.os.HandlerThread.run(HandlerThread.java:65)
10-28 13:11:34.269 12651 12730 W System.err: java.net.SocketException: Network is unreachable
10-28 13:11:34.269 12651 12730 W System.err: 	at sun.nio.ch.DatagramChannelImpl.send0(Native Method)
10-28 13:11:34.270 12651 12730 W System.err: 	at sun.nio.ch.DatagramChannelImpl.sendFromNativeBuffer(DatagramChannelImpl.java:573)
10-28 13:11:34.270 12651 12730 W System.err: 	at sun.nio.ch.DatagramChannelImpl.send(DatagramChannelImpl.java:550)
10-28 13:11:34.270 12651 12730 W System.err: 	at sun.nio.ch.DatagramChannelImpl.send(DatagramChannelImpl.java:514)
10-28 13:11:34.270 12651 12730 W System.err: 	at symlab.CloudAR.network.TransmissionTask.run(TransmissionTask.java:112)
10-28 13:11:34.270 12651 12730 W System.err: 	at android.os.Handler.handleCallback(Handler.java:874)
10-28 13:11:34.270 12651 12730 W System.err: 	at android.os.Handler.dispatchMessage(Handler.java:100)
10-28 13:11:34.270 12651 12730 W System.err: 	at android.os.Looper.loop(Looper.java:198)
10-28 13:11:34.270 12651 12730 W System.err: 	at android.os.HandlerThread.run(HandlerThread.java:65)
10-28 13:11:34.301 12651 12730 W System.err: java.net.SocketException: Network is unreachable
10-28 13:11:34.301 12651 12730 W System.err: 	at sun.nio.ch.DatagramChannelImpl.send0(Native Method)
10-28 13:11:34.302 12651 12730 W System.err: 	at sun.nio.ch.DatagramChannelImpl.sendFromNativeBuffer(DatagramChannelImpl.java:573)
10-28 13:11:34.302 12651 12730 W System.err: 	at sun.nio.ch.DatagramChannelImpl.send(DatagramChannelImpl.java:550)
10-28 13:11:34.302 12651 12730 W System.err: 	at sun.nio.ch.DatagramChannelImpl.send(DatagramChannelImpl.java:514)
10-28 13:11:34.302 12651 12730 W System.err: 	at symlab.CloudAR.network.TransmissionTask.run(TransmissionTask.java:112)
10-28 13:11:34.302 12651 12730 W System.err: 	at android.os.Handler.handleCallback(Handler.java:874)
10-28 13:11:34.302 12651 12730 W System.err: 	at android.os.Handler.dispatchMessage(Handler.java:100)
10-28 13:11:34.302 12651 12730 W System.err: 	at android.os.Looper.loop(Looper.java:198)
10-28 13:11:34.302 12651 12730 W System.err: 	at android.os.HandlerThread.run(HandlerThread.java:65)
10-28 13:11:34.343 12651 12730 W System.err: java.net.SocketException: Network is unreachable
10-28 13:11:34.343 12651 12730 W System.err: 	at sun.nio.ch.DatagramChannelImpl.send0(Native Method)
10-28 13:11:34.343 12651 12730 W System.err: 	at sun.nio.ch.DatagramChannelImpl.sendFromNativeBuffer(DatagramChannelImpl.java:573)
10-28 13:11:34.343 12651 12730 W System.err: 	at sun.nio.ch.DatagramChannelImpl.send(DatagramChannelImpl.java:550)
10-28 13:11:34.343 12651 12730 W System.err: 	at sun.nio.ch.DatagramChannelImpl.send(DatagramChannelImpl.java:514)
10-28 13:11:34.343 12651 12730 W System.err: 	at symlab.CloudAR.network.TransmissionTask.run(TransmissionTask.java:112)
10-28 13:11:34.343 12651 12730 W System.err: 	at android.os.Handler.handleCallback(Handler.java:874)
10-28 13:11:34.343 12651 12730 W System.err: 	at android.os.Handler.dispatchMessage(Handler.java:100)
10-28 13:11:34.343 12651 12730 W System.err: 	at android.os.Looper.loop(Looper.java:198)
10-28 13:11:34.343 12651 12730 W System.err: 	at android.os.HandlerThread.run(HandlerThread.java:65)
10-28 13:11:34.386 12651 12730 W System.err: java.net.SocketException: Network is unreachable
10-28 13:11:34.386 12651 12730 W System.err: 	at sun.nio.ch.DatagramChannelImpl.send0(Native Method)
10-28 13:11:34.387 12651 12730 W System.err: 	at sun.nio.ch.DatagramChannelImpl.sendFromNativeBuffer(DatagramChannelImpl.java:573)
10-28 13:11:34.387 12651 12730 W System.err: 	at sun.nio.ch.DatagramChannelImpl.send(DatagramChannelImpl.java:550)
10-28 13:11:34.387 12651 12730 W System.err: 	at sun.nio.ch.DatagramChannelImpl.send(DatagramChannelImpl.java:514)
10-28 13:11:34.387 12651 12730 W System.err: 	at symlab.CloudAR.network.TransmissionTask.run(TransmissionTask.java:112)
10-28 13:11:34.387 12651 12730 W System.err: 	at android.os.Handler.handleCallback(Handler.java:874)
10-28 13:11:34.387 12651 12730 W System.err: 	at android.os.Handler.dispatchMessage(Handler.java:100)
10-28 13:11:34.387 12651 12730 W System.err: 	at android.os.Looper.loop(Looper.java:198)
10-28 13:11:34.387 12651 12730 W System.err: 	at android.os.HandlerThread.run(HandlerThread.java:65)
10-28 13:11:34.420 12651 12730 W System.err: java.net.SocketException: Network is unreachable
10-28 13:11:34.420 12651 12730 W System.err: 	at sun.nio.ch.DatagramChannelImpl.send0(Native Method)
10-28 13:11:34.420 12651 12730 W System.err: 	at sun.nio.ch.DatagramChannelImpl.sendFromNativeBuffer(DatagramChannelImpl.java:573)
10-28 13:11:34.420 12651 12730 W System.err: 	at sun.nio.ch.DatagramChannelImpl.send(DatagramChannelImpl.java:550)
10-28 13:11:34.420 12651 12730 W System.err: 	at sun.nio.ch.DatagramChannelImpl.send(DatagramChannelImpl.java:514)
10-28 13:11:34.420 12651 12730 W System.err: 	at symlab.CloudAR.network.TransmissionTask.run(TransmissionTask.java:112)
10-28 13:11:34.420 12651 12730 W System.err: 	at android.os.Handler.handleCallback(Handler.java:874)
10-28 13:11:34.421 12651 12730 W System.err: 	at android.os.Handler.dispatchMessage(Handler.java:100)
10-28 13:11:34.421 12651 12730 W System.err: 	at android.os.Looper.loop(Looper.java:198)
10-28 13:11:34.421 12651 12730 W System.err: 	at android.os.HandlerThread.run(HandlerThread.java:65)
10-28 13:11:34.453 12651 12730 W System.err: java.net.SocketException: Network is unreachable
10-28 13:11:34.454 12651 12730 W System.err: 	at sun.nio.ch.DatagramChannelImpl.send0(Native Method)
10-28 13:11:34.454 12651 12730 W System.err: 	at sun.nio.ch.DatagramChannelImpl.sendFromNativeBuffer(DatagramChannelImpl.java:573)
10-28 13:11:34.454 12651 12730 W System.err: 	at sun.nio.ch.DatagramChannelImpl.send(DatagramChannelImpl.java:550)
10-28 13:11:34.454 12651 12730 W System.err: 	at sun.nio.ch.DatagramChannelImpl.send(DatagramChannelImpl.java:514)
10-28 13:11:34.454 12651 12730 W System.err: 	at symlab.CloudAR.network.TransmissionTask.run(TransmissionTask.java:112)
10-28 13:11:34.454 12651 12730 W System.err: 	at android.os.Handler.handleCallback(Handler.java:874)
10-28 13:11:34.454 12651 12730 W System.err: 	at android.os.Handler.dispatchMessage(Handler.java:100)
10-28 13:11:34.454 12651 12730 W System.err: 	at android.os.Looper.loop(Looper.java:198)
10-28 13:11:34.454 12651 12730 W System.err: 	at android.os.HandlerThread.run(HandlerThread.java:65)
10-28 13:11:34.480 12651 12730 W System.err: java.net.SocketException: Network is unreachable
10-28 13:11:34.480 12651 12730 W System.err: 	at sun.nio.ch.DatagramChannelImpl.send0(Native Method)
10-28 13:11:34.480 12651 12730 W System.err: 	at sun.nio.ch.DatagramChannelImpl.sendFromNativeBuffer(DatagramChannelImpl.java:573)
10-28 13:11:34.480 12651 12730 W System.err: 	at sun.nio.ch.DatagramChannelImpl.send(DatagramChannelImpl.java:550)
10-28 13:11:34.480 12651 12730 W System.err: 	at sun.nio.ch.DatagramChannelImpl.send(DatagramChannelImpl.java:514)
10-28 13:11:34.480 12651 12730 W System.err: 	at symlab.CloudAR.network.TransmissionTask.run(TransmissionTask.java:112)
10-28 13:11:34.480 12651 12730 W System.err: 	at android.os.Handler.handleCallback(Handler.java:874)
10-28 13:11:34.480 12651 12730 W System.err: 	at android.os.Handler.dispatchMessage(Handler.java:100)
10-28 13:11:34.480 12651 12730 W System.err: 	at android.os.Looper.loop(Looper.java:198)
10-28 13:11:34.480 12651 12730 W System.err: 	at android.os.HandlerThread.run(HandlerThread.java:65)
10-28 13:11:34.566 12651 12651 I Poster  :  onPause() called.
10-28 13:11:34.582 12651 12730 W System.err: java.net.SocketException: Network is unreachable
10-28 13:11:34.582 12651 12730 W System.err: 	at sun.nio.ch.DatagramChannelImpl.send0(Native Method)
10-28 13:11:34.582 12651 12730 W System.err: 	at sun.nio.ch.DatagramChannelImpl.sendFromNativeBuffer(DatagramChannelImpl.java:573)
10-28 13:11:34.582 12651 12730 W System.err: 	at sun.nio.ch.DatagramChannelImpl.send(DatagramChannelImpl.java:550)
10-28 13:11:34.582 12651 12730 W System.err: 	at sun.nio.ch.DatagramChannelImpl.send(DatagramChannelImpl.java:514)
10-28 13:11:34.582 12651 12730 W System.err: 	at symlab.CloudAR.network.TransmissionTask.run(TransmissionTask.java:112)
10-28 13:11:34.583 12651 12730 W System.err: 	at android.os.Handler.handleCallback(Handler.java:874)
10-28 13:11:34.583 12651 12730 W System.err: 	at android.os.Handler.dispatchMessage(Handler.java:100)
10-28 13:11:34.583 12651 12730 W System.err: 	at android.os.Looper.loop(Looper.java:198)
10-28 13:11:34.583 12651 12730 W System.err: 	at android.os.HandlerThread.run(HandlerThread.java:65)
10-28 13:11:35.390 12651 12651 I Poster  :  surfaceDestroyed() called.
10-28 13:11:35.391 12651 12651 I Poster  :  onStop() called.
10-28 13:11:36.156 12651 12651 I Poster  :  onDestroy() called.
11-14 11:21:15.812 23347 23347 I MultiDex: Installing application
11-14 11:21:15.813 23347 23347 I MultiDex: VM has multidex support, MultiDex support library is disabled.
11-14 11:21:15.817 23347 23347 I Poster  :  onCreate() called.
11-14 11:21:15.829 23347 23347 I DecorView: It non-support bigbang
11-14 11:21:15.832 23347 23347 I PhoneWindow: isNeedChangeNaviBarColor taskInfo: [android.app.ActivityManager$RunningTaskInfo@c93a69a] size: 1
11-14 11:21:15.832 23347 23347 I PhoneWindow: isAPPNeedChange pkgName: symlab.cloudridar.arhud needKeep: false
11-14 11:21:15.832 23347 23347 I PhoneWindow: isNeedChangeNaviBarColor false
11-14 11:21:15.832 23347 23347 I PhoneWindow: generateLayout mNavigationBarColor: ff000000
11-14 11:21:15.832 23347 23347 I PhoneWindow: generateLayout isLightNavi false, Visibility: 0
11-14 11:21:15.843 23347 23347 D OpenGLRenderer: Skia GL Pipeline
11-14 11:21:15.852 23347 23347 D LocationManager: [LocationManager] requestLocationUpdates(), 
11-14 11:21:15.852 23347 23347 D LocationManager: java.lang.RuntimeException
11-14 11:21:15.852 23347 23347 D LocationManager: 	at android.location.LocationManager.requestLocationUpdates(LocationManager.java:1013)
11-14 11:21:15.852 23347 23347 D LocationManager: 	at android.location.LocationManager.requestLocationUpdates(LocationManager.java:562)
11-14 11:21:15.852 23347 23347 D LocationManager: 	at symlab.ARHUD.MainActivity.onCreate(MainActivity.java:94)
11-14 11:21:15.852 23347 23347 D LocationManager: 	at android.app.Activity.performCreate(Activity.java:7136)
11-14 11:21:15.852 23347 23347 D LocationManager: 	at android.app.Activity.performCreate(Activity.java:7127)
11-14 11:21:15.852 23347 23347 D LocationManager: 	at android.app.Instrumentation.callActivityOnCreate(Instrumentation.java:1272)
11-14 11:21:15.852 23347 23347 D LocationManager: 	at android.app.ActivityThread.performLaunchActivity(ActivityThread.java:2908)
11-14 11:21:15.852 23347 23347 D LocationManager: 	at android.app.ActivityThread.handleLaunchActivity(ActivityThread.java:3063)
11-14 11:21:15.852 23347 23347 D LocationManager: 	at android.app.servertransaction.LaunchActivityItem.execute(LaunchActivityItem.java:78)
11-14 11:21:15.852 23347 23347 D LocationManager: 	at android.app.servertransaction.TransactionExecutor.executeCallbacks(TransactionExecutor.java:108)
11-14 11:21:15.852 23347 23347 D LocationManager: 	at android.app.servertransaction.TransactionExecutor.execute(TransactionExecutor.java:68)
11-14 11:21:15.852 23347 23347 D LocationManager: 	at android.app.ActivityThread$H.handleMessage(ActivityThread.java:1823)
11-14 11:21:15.852 23347 23347 D LocationManager: 	at android.os.Handler.dispatchMessage(Handler.java:107)
11-14 11:21:15.852 23347 23347 D LocationManager: 	at android.os.Looper.loop(Looper.java:198)
11-14 11:21:15.852 23347 23347 D LocationManager: 	at android.app.ActivityThread.main(ActivityThread.java:6729)
11-14 11:21:15.852 23347 23347 D LocationManager: 	at java.lang.reflect.Method.invoke(Native Method)
11-14 11:21:15.852 23347 23347 D LocationManager: 	at com.android.internal.os.RuntimeInit$MethodAndArgsCaller.run(RuntimeInit.java:493)
11-14 11:21:15.852 23347 23347 D LocationManager: 	at com.android.internal.os.ZygoteInit.main(ZygoteInit.java:858)
11-14 11:21:15.934 23347 23347 D Poster  : Server bound to IP 10.42.0.1 and port 52727
11-14 11:21:15.951 23347 23392 D Evaluation: metadata 0 sent 
11-14 11:21:15.958 23347 23347 I Poster  :  onStart() called.
11-14 11:21:15.959 23347 23347 I Poster  :  onResume() called.
11-14 11:21:15.946 23347 23347 W loudridar.arhud: type=1400 audit(0.0:29334): avc: denied { read } for name="u:object_r:vendor_camera_prop:s0" dev="tmpfs" ino=16779 scontext=u:r:untrusted_app:s0:c203,c256,c512,c768 tcontext=u:object_r:vendor_camera_prop:s0 tclass=file permissive=0
11-14 11:21:15.959 23347 23347 E libc    : Access denied finding property "vendor.camera.aux.packagelist"
11-14 11:21:15.963 23347 23347 E libc    : Access denied finding property "vendor.camera.aux.packagelist"
11-14 11:21:15.946 23347 23347 W loudridar.arhud: type=1400 audit(0.0:29335): avc: denied { read } for name="u:object_r:vendor_camera_prop:s0" dev="tmpfs" ino=16779 scontext=u:r:untrusted_app:s0:c203,c256,c512,c768 tcontext=u:object_r:vendor_camera_prop:s0 tclass=file permissive=0
11-14 11:21:15.956 23347 23347 W loudridar.arhud: type=1400 audit(0.0:29336): avc: denied { read } for name="u:object_r:vendor_camera_prop:s0" dev="tmpfs" ino=16779 scontext=u:r:untrusted_app:s0:c203,c256,c512,c768 tcontext=u:object_r:vendor_camera_prop:s0 tclass=file permissive=0
11-14 11:21:15.965 23347 23347 E libc    : Access denied finding property "vendor.camera.aux.packagelist"
11-14 11:21:16.389 23347 23456 I Adreno  : QUALCOMM build                   : a4d39a0, I6fd668c4d3
11-14 11:21:16.389 23347 23456 I Adreno  : Build Date                       : 10/05/18
11-14 11:21:16.389 23347 23456 I Adreno  : OpenGL ES Shader Compiler Version: EV031.25.03.01
11-14 11:21:16.389 23347 23456 I Adreno  : Local Branch                     : 
11-14 11:21:16.389 23347 23456 I Adreno  : Remote Branch                    : refs/tags/AU_LINUX_ANDROID_LA.UM.7.2.R1.09.00.00.442.049
11-14 11:21:16.389 23347 23456 I Adreno  : Remote Branch                    : NONE
11-14 11:21:16.389 23347 23456 I Adreno  : Reconstruct Branch               : NOTHING
11-14 11:21:16.389 23347 23456 I Adreno  : Build Config                     : S L 6.0.7 AArch32
11-14 11:21:16.401 23347 23456 I Adreno  : PFP: 0x005ff112, ME: 0x005ff066
11-14 11:21:16.411 23347 23347 I Poster  :  surfaceCreated() called.
11-14 11:21:16.411 23347 23347 I Poster  : initPreview() called
11-14 11:21:16.417 23347 23456 I ConfigStore: android::hardware::configstore::V1_0::ISurfaceFlingerConfigs::hasWideColorDisplay retrieved: 0
11-14 11:21:16.417 23347 23456 I ConfigStore: android::hardware::configstore::V1_0::ISurfaceFlingerConfigs::hasHDRDisplay retrieved: 0
11-14 11:21:16.419 23347 23456 I OpenGLRenderer: Initialized EGL, version 1.4
11-14 11:21:16.419 23347 23456 D OpenGLRenderer: Swap behavior 2
11-14 11:21:16.542 23347 23347 I Poster  :  surfaceChanged() called.
11-14 11:21:16.963 23347 23392 D Evaluation: metadata 1 sent 
11-14 11:21:17.000 23347 23392 D Evaluation: metadata 2 sent 
11-14 11:21:17.027 23347 23392 D Evaluation: metadata 3 sent 
11-14 11:21:17.053 23347 23392 D Evaluation: metadata 4 sent 
11-14 11:21:17.133 23347 23392 D Evaluation: metadata 5 sent 
11-14 11:21:17.308 23347 23392 D Evaluation: Frame 7 sent at 1573723277308
11-14 11:21:17.324 23347 23392 D Evaluation: Frame 7 sent at 1573723277324
11-14 11:21:17.344 23347 23392 D Evaluation: Frame 8 sent at 1573723277344
11-14 11:21:17.389 23347 23392 D Evaluation: Frame 9 sent at 1573723277389
11-14 11:21:17.420 23347 23392 D Evaluation: Frame 10 sent at 1573723277420
11-14 11:21:17.467 23347 23392 D Evaluation: Frame 12 sent at 1573723277467
11-14 11:21:17.497 23347 23392 D Evaluation: Frame 12 sent at 1573723277497
11-14 11:21:17.524 23347 23392 D Evaluation: Frame 13 sent at 1573723277524
11-14 11:21:17.555 23347 23392 D Evaluation: Frame 14 sent at 1573723277555
11-14 11:21:17.565 23347 23392 D Evaluation: 0 res for frame 7 received at 1573723277565
11-14 11:21:17.589 23347 23392 D Evaluation: Frame 15 sent at 1573723277589
11-14 11:21:17.623 23347 23392 D Evaluation: Frame 16 sent at 1573723277623
11-14 11:21:17.671 23347 23392 D Evaluation: Frame 17 sent at 1573723277671
11-14 11:21:17.699 23347 23392 D Evaluation: Frame 19 sent at 1573723277699
11-14 11:21:17.724 23347 23392 D Evaluation: Frame 19 sent at 1573723277724
11-14 11:21:17.776 23347 23392 D Evaluation: Frame 21 sent at 1573723277776
11-14 11:21:17.802 23347 23392 D Evaluation: Frame 21 sent at 1573723277802
11-14 11:21:17.805 23347 23392 D Evaluation: 0 res for frame 7 received at 1573723277805
11-14 11:21:17.915 23347 23392 D Evaluation: Frame 22 sent at 1573723277915
11-14 11:21:17.976 23347 23392 D Evaluation: Frame 23 sent at 1573723277975
11-14 11:21:18.025 23347 23392 D Evaluation: Frame 25 sent at 1573723278025
11-14 11:21:18.052 23347 23392 D Evaluation: Frame 26 sent at 1573723278052
11-14 11:21:18.074 23347 23392 D Evaluation: Frame 26 sent at 1573723278074
11-14 11:21:18.095 23347 23392 D Evaluation: Frame 27 sent at 1573723278095
11-14 11:21:18.141 23347 23392 D Evaluation: Frame 28 sent at 1573723278141
11-14 11:21:18.301 23347 23392 D Evaluation: Frame 30 sent at 1573723278301
11-14 11:21:18.346 23347 23392 D Evaluation: Frame 31 sent at 1573723278346
11-14 11:21:18.351 23347 23392 D Evaluation: 0 res for frame 8 received at 1573723278351
11-14 11:21:18.372 23347 23392 D Evaluation: Frame 32 sent at 1573723278372
11-14 11:21:18.394 23347 23392 D Evaluation: Frame 32 sent at 1573723278394
11-14 11:21:18.428 23347 23392 D Evaluation: Frame 33 sent at 1573723278428
11-14 11:21:18.457 23347 23392 D Evaluation: Frame 34 sent at 1573723278457
11-14 11:21:18.509 23347 23392 D Evaluation: Frame 35 sent at 1573723278509
11-14 11:21:18.538 23347 23392 D Evaluation: Frame 36 sent at 1573723278538
11-14 11:21:18.565 23347 23392 D Evaluation: Frame 37 sent at 1573723278565
11-14 11:21:18.602 23347 23392 D Evaluation: Frame 38 sent at 1573723278602
11-14 11:21:18.634 23347 23392 D Evaluation: Frame 39 sent at 1573723278634
11-14 11:21:18.773 23347 23392 D Evaluation: Frame 40 sent at 1573723278773
11-14 11:21:18.844 23347 23392 D Evaluation: Frame 42 sent at 1573723278844
11-14 11:21:18.859 23347 23360 W System  : A resource failed to call close. 
11-14 11:21:18.859 23347 23360 I chatty  : uid=10203(symlab.cloudridar.arhud) FinalizerDaemon identical 4 lines
11-14 11:21:18.859 23347 23360 W System  : A resource failed to call close. 
11-14 11:21:18.870 23347 23392 D Evaluation: Frame 43 sent at 1573723278870
11-14 11:21:18.891 23347 23392 D Evaluation: Frame 43 sent at 1573723278891
11-14 11:21:18.915 23347 23392 D Evaluation: Frame 44 sent at 1573723278915
11-14 11:21:18.950 23347 23392 D Evaluation: Frame 45 sent at 1573723278950
11-14 11:21:18.986 23347 23392 D Evaluation: Frame 46 sent at 1573723278986
11-14 11:21:19.017 23347 23392 D Evaluation: Frame 47 sent at 1573723279017
11-14 11:21:19.056 23347 23392 D Evaluation: Frame 48 sent at 1573723279056
11-14 11:21:19.100 23347 23392 D Evaluation: Frame 50 sent at 1573723279100
11-14 11:21:19.128 23347 23392 D Evaluation: Frame 50 sent at 1573723279128
11-14 11:21:19.153 23347 23392 D Evaluation: Frame 51 sent at 1573723279153
11-14 11:21:19.196 23347 23392 D Evaluation: Frame 52 sent at 1573723279196
11-14 11:21:19.198 23347 23392 D Evaluation: 0 res for frame 9 received at 1573723279198
11-14 11:21:19.227 23347 23392 D Evaluation: Frame 53 sent at 1573723279227
11-14 11:21:19.263 23347 23392 D Evaluation: Frame 54 sent at 1573723279263
11-14 11:21:19.305 23347 23392 D Evaluation: Frame 55 sent at 1573723279305
11-14 11:21:19.335 23347 23392 D Evaluation: Frame 56 sent at 1573723279335
11-14 11:21:19.540 23347 23392 D Evaluation: Frame 58 sent at 1573723279540
11-14 11:21:19.580 23347 23392 D Evaluation: Frame 60 sent at 1573723279580
11-14 11:21:19.608 23347 23392 D Evaluation: Frame 61 sent at 1573723279608
11-14 11:21:19.638 23347 23392 D Evaluation: Frame 61 sent at 1573723279637
11-14 11:21:19.668 23347 23392 D Evaluation: Frame 61 sent at 1573723279668
11-14 11:21:19.795 23347 23392 D Evaluation: Frame 62 sent at 1573723279795
11-14 11:21:19.798 23347 23392 D Evaluation: 0 res for frame 10 received at 1573723279798
11-14 11:21:19.846 23347 23392 D Evaluation: Frame 63 sent at 1573723279846
11-14 11:21:19.868 23347 23392 D Evaluation: Frame 64 sent at 1573723279868
11-14 11:21:19.893 23347 23392 D Evaluation: Frame 65 sent at 1573723279893
11-14 11:21:19.926 23347 23392 D Evaluation: Frame 66 sent at 1573723279926
11-14 11:21:19.963 23347 23392 D Evaluation: Frame 67 sent at 1573723279963
11-14 11:21:20.049 23347 23392 D Evaluation: Frame 69 sent at 1573723280049
11-14 11:21:20.077 23347 23392 D Evaluation: Frame 70 sent at 1573723280077
11-14 11:21:20.099 23347 23392 D Evaluation: Frame 70 sent at 1573723280099
11-14 11:21:20.111 23347 23360 W System  : A resource failed to call close. 
11-14 11:21:20.111 23347 23360 I chatty  : uid=10203(symlab.cloudridar.arhud) FinalizerDaemon identical 2 lines
11-14 11:21:20.111 23347 23360 W System  : A resource failed to call close. 
11-14 11:21:20.168 23347 23392 D Evaluation: Frame 71 sent at 1573723280168
11-14 11:21:20.229 23347 23392 D Evaluation: Frame 73 sent at 1573723280228
11-14 11:21:20.233 23347 23392 D Evaluation: 0 res for frame 12 received at 1573723280232
11-14 11:21:20.268 23347 23392 D Evaluation: Frame 75 sent at 1573723280268
11-14 11:21:20.299 23347 23392 D Evaluation: Frame 75 sent at 1573723280299
11-14 11:21:20.326 23347 23392 D Evaluation: Frame 76 sent at 1573723280326
11-14 11:21:20.350 23347 23392 D Evaluation: Frame 77 sent at 1573723280350
11-14 11:21:20.372 23347 23392 D Evaluation: Frame 77 sent at 1573723280372
11-14 11:21:20.451 23347 23392 D Evaluation: Frame 79 sent at 1573723280451
11-14 11:21:20.455 23347 23392 D Evaluation: 0 res for frame 25 received at 1573723280455
11-14 11:21:20.488 23347 23392 D Evaluation: Frame 80 sent at 1573723280488
11-14 11:21:20.511 23347 23392 D Evaluation: Frame 80 sent at 1573723280511
11-14 11:21:20.561 23347 23392 D Evaluation: Frame 81 sent at 1573723280561
11-14 11:21:20.614 23347 23392 D Evaluation: Frame 82 sent at 1573723280614
11-14 11:21:20.666 23347 23392 D Evaluation: Frame 83 sent at 1573723280666
11-14 11:21:20.716 23347 23392 D Evaluation: Frame 85 sent at 1573723280716
11-14 11:21:20.740 23347 23392 D Evaluation: Frame 85 sent at 1573723280740
11-14 11:21:20.787 23347 23392 D Evaluation: Frame 86 sent at 1573723280787
11-14 11:21:20.849 23347 23392 D Evaluation: Frame 87 sent at 1573723280849
11-14 11:21:20.854 23347 23392 D Evaluation: 0 res for frame 42 received at 1573723280854
11-14 11:21:20.901 23347 23392 D Evaluation: Frame 89 sent at 1573723280901
11-14 11:21:20.932 23347 23392 D Evaluation: Frame 90 sent at 1573723280932
11-14 11:21:20.958 23347 23392 D Evaluation: Frame 90 sent at 1573723280958
11-14 11:21:21.054 23347 23392 D Evaluation: Frame 91 sent at 1573723281054
11-14 11:21:21.091 23347 23392 D Evaluation: Frame 92 sent at 1573723281091
11-14 11:21:21.124 23347 23392 D Evaluation: Frame 93 sent at 1573723281124
11-14 11:21:21.161 23347 23392 D Evaluation: Frame 94 sent at 1573723281161
11-14 11:21:21.185 23347 23392 D Evaluation: Frame 95 sent at 1573723281185
11-14 11:21:21.219 23347 23392 D Evaluation: Frame 96 sent at 1573723281219
11-14 11:21:21.255 23347 23392 D Evaluation: Frame 97 sent at 1573723281255
11-14 11:21:21.308 23347 23392 D Evaluation: Frame 99 sent at 1573723281308
11-14 11:21:21.312 23347 23392 D Evaluation: 1 res for frame 58 received at 1573723281312
11-14 11:21:21.331 23347 23360 W System  : A resource failed to call close. 
11-14 11:21:21.332 23347 23360 I chatty  : uid=10203(symlab.cloudridar.arhud) FinalizerDaemon identical 4 lines
11-14 11:21:21.332 23347 23360 W System  : A resource failed to call close. 
11-14 11:21:21.341 23347 23392 D Evaluation: Frame 100 sent at 1573723281341
11-14 11:21:21.363 23347 23392 D Evaluation: Frame 100 sent at 1573723281363
11-14 11:21:21.454 23347 23392 D Evaluation: Frame 101 sent at 1573723281454
11-14 11:21:21.573 23347 23392 D Evaluation: Frame 103 sent at 1573723281573
11-14 11:21:21.606 23347 23392 D Evaluation: Frame 104 sent at 1573723281606
11-14 11:21:21.635 23347 23392 D Evaluation: Frame 105 sent at 1573723281635
11-14 11:21:21.658 23347 23392 D Evaluation: Frame 105 sent at 1573723281658
11-14 11:21:21.745 23347 23392 D Evaluation: Frame 107 sent at 1573723281745
11-14 11:21:21.775 23347 23392 D Evaluation: Frame 107 sent at 1573723281775
11-14 11:21:21.806 23347 23392 D Evaluation: Frame 109 sent at 1573723281806
11-14 11:21:21.829 23347 23392 D Evaluation: Frame 109 sent at 1573723281829
11-14 11:21:21.831 23347 23392 D Evaluation: 1 res for frame 68 received at 1573723281831
11-14 11:21:21.863 23347 23392 D Evaluation: Frame 110 sent at 1573723281863
11-14 11:21:21.945 23347 23392 D Evaluation: Frame 111 sent at 1573723281945
11-14 11:21:21.992 23347 23392 D Evaluation: Frame 112 sent at 1573723281992
11-14 11:21:22.020 23347 23392 D Evaluation: Frame 113 sent at 1573723282020
11-14 11:21:22.051 23347 23392 D Evaluation: Frame 114 sent at 1573723282051
11-14 11:21:22.167 23347 23392 D Evaluation: Frame 116 sent at 1573723282167
11-14 11:21:22.173 23347 23392 D Evaluation: 1 res for frame 79 received at 1573723282173
11-14 11:21:22.212 23347 23392 D Evaluation: Frame 118 sent at 1573723282212
11-14 11:21:22.239 23347 23392 D Evaluation: Frame 119 sent at 1573723282239
11-14 11:21:22.264 23347 23392 D Evaluation: Frame 119 sent at 1573723282263
11-14 11:21:22.284 23347 23392 D Evaluation: Frame 119 sent at 1573723282284
11-14 11:21:22.419 23347 23392 D Evaluation: Frame 121 sent at 1573723282419
11-14 11:21:22.422 23347 23392 D Evaluation: 1 res for frame 87 received at 1573723282421
11-14 11:21:22.450 23347 23392 D Evaluation: Frame 122 sent at 1573723282450
11-14 11:21:22.476 23347 23392 D Evaluation: Frame 123 sent at 1573723282476
11-14 11:21:22.501 23347 23392 D Evaluation: Frame 124 sent at 1573723282501
11-14 11:21:22.522 23347 23392 D Evaluation: Frame 124 sent at 1573723282522
11-14 11:21:22.708 23347 23392 D Evaluation: Frame 125 sent at 1573723282708
11-14 11:21:22.738 23347 23392 D Evaluation: Frame 127 sent at 1573723282738
11-14 11:21:22.764 23347 23392 D Evaluation: Frame 128 sent at 1573723282764
11-14 11:21:22.785 23347 23392 D Evaluation: Frame 128 sent at 1573723282785
11-14 11:21:22.821 23347 23392 D Evaluation: Frame 129 sent at 1573723282821
11-14 11:21:22.848 23347 23360 W System  : A resource failed to call close. 
11-14 11:21:22.849 23347 23360 I chatty  : uid=10203(symlab.cloudridar.arhud) FinalizerDaemon identical 6 lines
11-14 11:21:22.849 23347 23360 W System  : A resource failed to call close. 
11-14 11:21:22.859 23347 23392 D Evaluation: Frame 130 sent at 1573723282859
11-14 11:21:22.936 23347 23392 D Evaluation: Frame 132 sent at 1573723282936
11-14 11:21:22.938 23347 23392 D Evaluation: 1 res for frame 99 received at 1573723282938
11-14 11:21:22.967 23347 23392 D Evaluation: Frame 133 sent at 1573723282967
11-14 11:21:22.994 23347 23392 D Evaluation: Frame 133 sent at 1573723282994
11-14 11:21:23.017 23347 23392 D Evaluation: Frame 134 sent at 1573723283017
11-14 11:21:23.064 23347 23392 D Evaluation: Frame 135 sent at 1573723283064
11-14 11:21:23.094 23347 23392 D Evaluation: Frame 136 sent at 1573723283094
11-14 11:21:23.122 23347 23392 D Evaluation: Frame 137 sent at 1573723283122
11-14 11:21:23.162 23347 23392 D Evaluation: Frame 138 sent at 1573723283162
11-14 11:21:23.193 23347 23392 D Evaluation: Frame 139 sent at 1573723283193
11-14 11:21:23.224 23347 23392 D Evaluation: Frame 140 sent at 1573723283224
11-14 11:21:23.273 23347 23392 D Evaluation: Frame 141 sent at 1573723283273
11-14 11:21:23.306 23347 23392 D Evaluation: Frame 142 sent at 1573723283306
11-14 11:21:23.372 23347 23392 D Evaluation: Frame 144 sent at 1573723283372
11-14 11:21:23.401 23347 23392 D Evaluation: Frame 144 sent at 1573723283401
11-14 11:21:23.489 23347 23392 D Evaluation: Frame 146 sent at 1573723283489
11-14 11:21:23.520 23347 23392 D Evaluation: Frame 146 sent at 1573723283520
11-14 11:21:23.566 23347 23392 D Evaluation: Frame 148 sent at 1573723283566
11-14 11:21:23.596 23347 23392 D Evaluation: Frame 149 sent at 1573723283595
11-14 11:21:23.598 23347 23392 D Evaluation: 0 res for frame 107 received at 1573723283598
11-14 11:21:23.622 23347 23392 D Evaluation: Frame 149 sent at 1573723283622
11-14 11:21:23.671 23347 23392 D Evaluation: Frame 150 sent at 1573723283671
11-14 11:21:23.706 23347 23392 D Evaluation: Frame 152 sent at 1573723283706
11-14 11:21:23.733 23347 23392 D Evaluation: Frame 152 sent at 1573723283733
11-14 11:21:23.766 23347 23392 D Evaluation: Frame 153 sent at 1573723283766
11-14 11:21:23.792 23347 23392 D Evaluation: Frame 154 sent at 1573723283792
11-14 11:21:23.908 23347 23392 D Evaluation: Frame 155 sent at 1573723283908
11-14 11:21:23.972 23347 23392 D Evaluation: Frame 156 sent at 1573723283972
11-14 11:21:23.996 23347 23392 D Evaluation: Frame 157 sent at 1573723283996
11-14 11:21:24.016 23347 23392 D Evaluation: Frame 158 sent at 1573723284015
11-14 11:21:24.103 23347 23392 D Evaluation: Frame 159 sent at 1573723284103
11-14 11:21:24.106 23347 23392 D Evaluation: 0 res for frame 113 received at 1573723284106
11-14 11:21:24.136 23347 23392 D Evaluation: Frame 160 sent at 1573723284136
11-14 11:21:24.192 23347 23392 D Evaluation: Frame 161 sent at 1573723284192
11-14 11:21:24.217 23347 23360 W System  : A resource failed to call close. 
11-14 11:21:24.217 23347 23360 I chatty  : uid=10203(symlab.cloudridar.arhud) FinalizerDaemon identical 4 lines
11-14 11:21:24.217 23347 23360 W System  : A resource failed to call close. 
11-14 11:21:24.230 23347 23392 D Evaluation: Frame 163 sent at 1573723284230
11-14 11:21:24.260 23347 23392 D Evaluation: Frame 163 sent at 1573723284260
11-14 11:21:24.339 23347 23392 D Evaluation: Frame 165 sent at 1573723284339
11-14 11:21:24.345 23347 23392 D Evaluation: 3 res for frame 121 received at 1573723284345
11-14 11:21:24.385 23347 23392 D Evaluation: Frame 166 sent at 1573723284385
11-14 11:21:24.414 23347 23392 D Evaluation: Frame 167 sent at 1573723284414
11-14 11:21:24.438 23347 23392 D Evaluation: Frame 168 sent at 1573723284438
11-14 11:21:24.460 23347 23392 D Evaluation: Frame 168 sent at 1573723284460
11-14 11:21:24.486 23347 23392 D Evaluation: Frame 169 sent at 1573723284486
11-14 11:21:24.533 23347 23392 D Evaluation: Frame 170 sent at 1573723284533
11-14 11:21:24.622 23347 23392 D Evaluation: Frame 172 sent at 1573723284622
11-14 11:21:24.664 23347 23392 D Evaluation: Frame 173 sent at 1573723284664
11-14 11:21:24.668 23347 23392 D Evaluation: 3 res for frame 127 received at 1573723284668
11-14 11:21:24.704 23347 23392 D Evaluation: Frame 174 sent at 1573723284704
11-14 11:21:24.737 23347 23392 D Evaluation: Frame 175 sent at 1573723284737
11-14 11:21:24.762 23347 23392 D Evaluation: Frame 175 sent at 1573723284762
11-14 11:21:24.906 23347 23392 D Evaluation: Frame 176 sent at 1573723284906
11-14 11:21:24.940 23347 23392 D Evaluation: Frame 177 sent at 1573723284940
11-14 11:21:24.965 23347 23392 D Evaluation: Frame 178 sent at 1573723284965
11-14 11:21:24.968 23347 23392 D Evaluation: 3 res for frame 141 received at 1573723284968
11-14 11:21:24.998 23347 23392 D Evaluation: Frame 179 sent at 1573723284998
11-14 11:21:25.022 23347 23392 D Evaluation: Frame 180 sent at 1573723285022
11-14 11:21:25.048 23347 23392 D Evaluation: Frame 181 sent at 1573723285048
11-14 11:21:25.221 23347 23392 D Evaluation: Frame 183 sent at 1573723285220
11-14 11:21:25.249 23347 23392 D Evaluation: Frame 184 sent at 1573723285249
11-14 11:21:25.277 23347 23392 D Evaluation: Frame 185 sent at 1573723285277
11-14 11:21:25.299 23347 23392 D Evaluation: Frame 185 sent at 1573723285299
11-14 11:21:25.302 23347 23392 D Evaluation: 4 res for frame 155 received at 1573723285302
11-14 11:21:25.323 23347 23392 D Evaluation: Frame 186 sent at 1573723285323
11-14 11:21:25.380 23347 23392 D Evaluation: Frame 187 sent at 1573723285380
11-14 11:21:25.410 23347 23392 D Evaluation: Frame 188 sent at 1573723285410
11-14 11:21:25.470 23347 23392 D Evaluation: Frame 189 sent at 1573723285470
11-14 11:21:25.505 23347 23392 D Evaluation: Frame 190 sent at 1573723285505
11-14 11:21:25.538 23347 23392 D Evaluation: Frame 191 sent at 1573723285538
11-14 11:21:25.563 23347 23392 D Evaluation: Frame 192 sent at 1573723285563
11-14 11:21:25.604 23347 23392 D Evaluation: Frame 193 sent at 1573723285604
11-14 11:21:25.620 23347 23360 W System  : A resource failed to call close. 
11-14 11:21:25.621 23347 23360 I chatty  : uid=10203(symlab.cloudridar.arhud) FinalizerDaemon identical 6 lines
11-14 11:21:25.622 23347 23360 W System  : A resource failed to call close. 
11-14 11:21:25.832 23347 23392 D Evaluation: Frame 195 sent at 1573723285832
11-14 11:21:25.838 23347 23392 D Evaluation: 1 res for frame 161 received at 1573723285838
11-14 11:21:25.887 23347 23392 D Evaluation: Frame 197 sent at 1573723285887
11-14 11:21:25.920 23347 23392 D Evaluation: Frame 198 sent at 1573723285920
11-14 11:21:25.957 23347 23392 D Evaluation: Frame 199 sent at 1573723285956
11-14 11:21:25.960 23347 23392 D Evaluation: 1 res for frame 170 received at 1573723285960
11-14 11:21:25.989 23347 23392 D Evaluation: Frame 200 sent at 1573723285989
11-14 11:21:26.016 23347 23392 D Evaluation: Frame 200 sent at 1573723286016
11-14 11:21:26.041 23347 23392 D Evaluation: Frame 200 sent at 1573723286041
11-14 11:21:26.071 23347 23392 D Evaluation: Frame 201 sent at 1573723286071
11-14 11:21:26.098 23347 23392 D Evaluation: Frame 202 sent at 1573723286098
11-14 11:21:26.128 23347 23392 D Evaluation: Frame 203 sent at 1573723286128
11-14 11:21:26.167 23347 23392 D Evaluation: Frame 204 sent at 1573723286167
11-14 11:21:26.197 23347 23392 D Evaluation: Frame 205 sent at 1573723286197
11-14 11:21:26.242 23347 23392 D Evaluation: Frame 206 sent at 1573723286242
11-14 11:21:26.473 23347 23392 D Evaluation: Frame 209 sent at 1573723286473
11-14 11:21:26.477 23347 23392 D Evaluation: 1 res for frame 176 received at 1573723286477
11-14 11:21:26.508 23347 23392 D Evaluation: Frame 210 sent at 1573723286508
11-14 11:21:26.511 23347 23392 D Evaluation: 0 res for frame 182 received at 1573723286511
11-14 11:21:26.538 23347 23392 D Evaluation: Frame 211 sent at 1573723286537
11-14 11:21:26.560 23347 23392 D Evaluation: Frame 211 sent at 1573723286560
11-14 11:21:26.581 23347 23392 D Evaluation: Frame 211 sent at 1573723286581
11-14 11:21:26.641 23347 23392 D Evaluation: Frame 212 sent at 1573723286641
11-14 11:21:26.645 23347 23392 D Evaluation: 0 res for frame 190 received at 1573723286645
11-14 11:21:26.678 23347 23392 D Evaluation: Frame 214 sent at 1573723286678
11-14 11:21:26.701 23347 23392 D Evaluation: Frame 215 sent at 1573723286701
11-14 11:21:26.723 23347 23392 D Evaluation: Frame 215 sent at 1573723286723
11-14 11:21:26.749 23347 23392 D Evaluation: Frame 216 sent at 1573723286749
11-14 11:21:26.835 23347 23392 D Evaluation: Frame 218 sent at 1573723286834
11-14 11:21:26.837 23347 23392 D Evaluation: 0 res for frame 195 received at 1573723286837
11-14 11:21:26.865 23347 23392 D Evaluation: Frame 218 sent at 1573723286865
11-14 11:21:26.893 23347 23392 D Evaluation: Frame 219 sent at 1573723286893
11-14 11:21:26.917 23347 23392 D Evaluation: Frame 220 sent at 1573723286916
11-14 11:21:26.959 23347 23392 D Evaluation: Frame 221 sent at 1573723286959
11-14 11:21:26.962 23347 23392 D Evaluation: 0 res for frame 204 received at 1573723286962
11-14 11:21:26.990 23347 23392 D Evaluation: Frame 222 sent at 1573723286989
11-14 11:21:27.016 23347 23360 W System  : A resource failed to call close. 
11-14 11:21:27.018 23347 23360 I chatty  : uid=10203(symlab.cloudridar.arhud) FinalizerDaemon identical 12 lines
11-14 11:21:27.018 23347 23360 W System  : A resource failed to call close. 
11-14 11:21:27.021 23347 23392 D Evaluation: Frame 223 sent at 1573723287021
11-14 11:21:27.024 23347 23392 D Evaluation: 0 res for frame 209 received at 1573723287023
11-14 11:21:27.113 23347 23392 D Evaluation: Frame 225 sent at 1573723287113
11-14 11:21:27.145 23347 23392 D Evaluation: Frame 226 sent at 1573723287145
11-14 11:21:27.167 23347 23392 D Evaluation: Frame 227 sent at 1573723287167
11-14 11:21:27.187 23347 23392 D Evaluation: Frame 227 sent at 1573723287187
11-14 11:21:27.218 23347 23392 D Evaluation: Frame 228 sent at 1573723287218
11-14 11:21:27.254 23347 23392 D Evaluation: Frame 229 sent at 1573723287254
11-14 11:21:27.256 23347 23392 D Evaluation: 0 res for frame 211 received at 1573723287256
11-14 11:21:27.281 23347 23392 D Evaluation: Frame 230 sent at 1573723287281
11-14 11:21:27.367 23347 23392 D Evaluation: Frame 231 sent at 1573723287367
11-14 11:21:27.406 23347 23392 D Evaluation: Frame 233 sent at 1573723287406
11-14 11:21:27.435 23347 23392 D Evaluation: Frame 234 sent at 1573723287435
11-14 11:21:27.461 23347 23392 D Evaluation: Frame 234 sent at 1573723287461
11-14 11:21:27.489 23347 23392 D Evaluation: Frame 235 sent at 1573723287489
11-14 11:21:27.624 23347 23392 D Evaluation: Frame 236 sent at 1573723287624
11-14 11:21:27.626 23347 23392 D Evaluation: 0 res for frame 216 received at 1573723287626
11-14 11:21:27.708 23347 23392 D Evaluation: Frame 238 sent at 1573723287708
11-14 11:21:27.716 23347 23392 D Evaluation: 0 res for frame 218 received at 1573723287716
11-14 11:21:27.755 23347 23392 D Evaluation: Frame 240 sent at 1573723287755
11-14 11:21:27.788 23347 23392 D Evaluation: Frame 241 sent at 1573723287788
11-14 11:21:27.793 23347 23392 D Evaluation: 0 res for frame 222 received at 1573723287792
11-14 11:21:27.822 23347 23392 D Evaluation: Frame 242 sent at 1573723287822
11-14 11:21:27.846 23347 23392 D Evaluation: Frame 243 sent at 1573723287846
11-14 11:21:27.867 23347 23392 D Evaluation: Frame 244 sent at 1573723287867
11-14 11:21:27.889 23347 23392 D Evaluation: Frame 244 sent at 1573723287889
11-14 11:21:27.909 23347 23392 D Evaluation: Frame 245 sent at 1573723287909
11-14 11:21:27.911 23347 23392 D Evaluation: 0 res for frame 227 received at 1573723287911
11-14 11:21:27.929 23347 23392 D Evaluation: Frame 245 sent at 1573723287929
11-14 11:21:27.954 23347 23392 D Evaluation: Frame 246 sent at 1573723287954
11-14 11:21:27.984 23347 23392 D Evaluation: Frame 247 sent at 1573723287984
11-14 11:21:28.028 23347 23392 D Evaluation: Frame 248 sent at 1573723288028
11-14 11:21:28.059 23347 23392 D Evaluation: Frame 249 sent at 1573723288059
11-14 11:21:28.099 23347 23392 D Evaluation: Frame 250 sent at 1573723288099
11-14 11:21:28.126 23347 23392 D Evaluation: Frame 251 sent at 1573723288126
11-14 11:21:28.178 23347 23392 D Evaluation: Frame 253 sent at 1573723288178
11-14 11:21:28.181 23347 23392 D Evaluation: 0 res for frame 234 received at 1573723288181
11-14 11:21:28.204 23347 23392 D Evaluation: Frame 254 sent at 1573723288204
11-14 11:21:28.227 23347 23392 D Evaluation: Frame 254 sent at 1573723288227
11-14 11:21:28.239 23347 23360 W System  : A resource failed to call close. 
11-14 11:21:28.240 23347 23360 I chatty  : uid=10203(symlab.cloudridar.arhud) FinalizerDaemon identical 12 lines
11-14 11:21:28.240 23347 23360 W System  : A resource failed to call close. 
11-14 11:21:28.338 23347 23392 D Evaluation: Frame 255 sent at 1573723288338
11-14 11:21:28.404 23347 23392 D Evaluation: Frame 257 sent at 1573723288404
11-14 11:21:28.433 23347 23392 D Evaluation: Frame 258 sent at 1573723288433
11-14 11:21:28.454 23347 23392 D Evaluation: Frame 258 sent at 1573723288454
11-14 11:21:28.457 23347 23392 D Evaluation: 0 res for frame 236 received at 1573723288457
11-14 11:21:28.486 23347 23392 D Evaluation: Frame 259 sent at 1573723288486
11-14 11:21:28.518 23347 23392 D Evaluation: Frame 260 sent at 1573723288517
11-14 11:21:28.622 23347 23392 D Evaluation: Frame 262 sent at 1573723288621
11-14 11:21:28.633 23347 23392 D Evaluation: 0 res for frame 238 received at 1573723288633
11-14 11:21:28.666 23347 23392 D Evaluation: Frame 264 sent at 1573723288666
11-14 11:21:28.688 23347 23392 D Evaluation: Frame 264 sent at 1573723288688
11-14 11:21:28.710 23347 23392 D Evaluation: Frame 265 sent at 1573723288710
11-14 11:21:28.730 23347 23392 D Evaluation: Frame 265 sent at 1573723288730
11-14 11:21:28.751 23347 23392 D Evaluation: Frame 266 sent at 1573723288751
11-14 11:21:28.802 23347 23392 D Evaluation: Frame 267 sent at 1573723288802
11-14 11:21:28.870 23347 23392 D Evaluation: Frame 269 sent at 1573723288870
11-14 11:21:28.902 23347 23392 D Evaluation: Frame 270 sent at 1573723288902
11-14 11:21:28.927 23347 23392 D Evaluation: Frame 270 sent at 1573723288927
11-14 11:21:28.945 23347 23392 D Evaluation: Frame 271 sent at 1573723288945
11-14 11:21:28.994 23347 23392 D Evaluation: Frame 272 sent at 1573723288994
11-14 11:21:28.997 23347 23392 D Evaluation: 3 res for frame 240 received at 1573723288997
11-14 11:21:29.022 23347 23392 D Evaluation: Frame 273 sent at 1573723289022
11-14 11:21:29.054 23347 23392 D Evaluation: Frame 274 sent at 1573723289053
11-14 11:21:29.097 23347 23392 D Evaluation: Frame 275 sent at 1573723289097
11-14 11:21:29.157 23347 23392 D Evaluation: Frame 277 sent at 1573723289157
11-14 11:21:29.193 23347 23392 D Evaluation: Frame 278 sent at 1573723289193
11-14 11:21:29.223 23347 23392 D Evaluation: Frame 279 sent at 1573723289223
11-14 11:21:29.245 23347 23392 D Evaluation: Frame 280 sent at 1573723289245
11-14 11:21:29.265 23347 23392 D Evaluation: Frame 281 sent at 1573723289265
11-14 11:21:29.284 23347 23392 D Evaluation: Frame 281 sent at 1573723289284
11-14 11:21:29.444 23347 23392 D Evaluation: Frame 283 sent at 1573723289443
11-14 11:21:29.472 23347 23392 D Evaluation: Frame 283 sent at 1573723289472
11-14 11:21:29.498 23347 23392 D Evaluation: Frame 284 sent at 1573723289498
11-14 11:21:29.521 23347 23392 D Evaluation: Frame 285 sent at 1573723289521
11-14 11:21:29.575 23347 23392 D Evaluation: Frame 286 sent at 1573723289575
11-14 11:21:29.737 23347 23392 D Evaluation: Frame 287 sent at 1573723289737
11-14 11:21:29.786 23347 23392 D Evaluation: Frame 289 sent at 1573723289786
11-14 11:21:29.818 23347 23392 D Evaluation: Frame 290 sent at 1573723289818
11-14 11:21:29.821 23347 23392 D Evaluation: 0 res for frame 245 received at 1573723289821
11-14 11:21:29.834 23347 23360 W System  : A resource failed to call close. 
11-14 11:21:29.834 23347 23360 I chatty  : uid=10203(symlab.cloudridar.arhud) FinalizerDaemon identical 4 lines
11-14 11:21:29.834 23347 23360 W System  : A resource failed to call close. 
11-14 11:21:29.843 23347 23392 D Evaluation: Frame 290 sent at 1573723289843
11-14 11:21:29.896 23347 23392 D Evaluation: Frame 291 sent at 1573723289896
11-14 11:21:30.086 23347 23392 D Evaluation: Frame 294 sent at 1573723290085
11-14 11:21:30.119 23347 23392 D Evaluation: Frame 295 sent at 1573723290119
11-14 11:21:30.151 23347 23392 D Evaluation: Frame 296 sent at 1573723290151
11-14 11:21:30.180 23347 23392 D Evaluation: Frame 297 sent at 1573723290180
11-14 11:21:30.207 23347 23392 D Evaluation: Frame 298 sent at 1573723290207
11-14 11:21:30.230 23347 23392 D Evaluation: Frame 298 sent at 1573723290230
11-14 11:21:30.251 23347 23392 D Evaluation: Frame 298 sent at 1573723290251
11-14 11:21:30.295 23347 23392 D Evaluation: Frame 299 sent at 1573723290295
11-14 11:21:30.328 23347 23392 D Evaluation: Frame 300 sent at 1573723290328
11-14 11:21:30.331 23347 23392 D Evaluation: 1 res for frame 253 received at 1573723290331
11-14 11:21:30.358 23347 23392 D Evaluation: Frame 301 sent at 1573723290358
11-14 11:21:30.394 23347 23392 D Evaluation: Frame 302 sent at 1573723290394
11-14 11:21:30.424 23347 23392 D Evaluation: Frame 303 sent at 1573723290424
11-14 11:21:30.524 23347 23392 D Evaluation: Frame 305 sent at 1573723290524
11-14 11:21:30.557 23347 23392 D Evaluation: Frame 305 sent at 1573723290557
11-14 11:21:30.585 23347 23392 D Evaluation: Frame 306 sent at 1573723290585
11-14 11:21:30.632 23347 23392 D Evaluation: Frame 307 sent at 1573723290632
11-14 11:21:30.663 23347 23392 D Evaluation: Frame 308 sent at 1573723290663
11-14 11:21:30.693 23347 23392 D Evaluation: Frame 309 sent at 1573723290693
11-14 11:21:30.722 23347 23392 D Evaluation: Frame 310 sent at 1573723290722
11-14 11:21:30.775 23347 23392 D Evaluation: Frame 312 sent at 1573723290775
11-14 11:21:30.795 23347 23392 D Evaluation: Frame 312 sent at 1573723290795
11-14 11:21:30.816 23347 23392 D Evaluation: Frame 313 sent at 1573723290816
11-14 11:21:30.856 23347 23392 D Evaluation: Frame 314 sent at 1573723290856
11-14 11:21:30.889 23347 23392 D Evaluation: Frame 315 sent at 1573723290889
11-14 11:21:30.925 23347 23392 D Evaluation: Frame 316 sent at 1573723290924
11-14 11:21:30.962 23347 23392 D Evaluation: Frame 317 sent at 1573723290962
11-14 11:21:30.965 23347 23392 D Evaluation: 4 res for frame 257 received at 1573723290965
11-14 11:21:31.000 23347 23392 D Evaluation: Frame 319 sent at 1573723290999
11-14 11:21:31.027 23347 23392 D Evaluation: Frame 319 sent at 1573723291027
11-14 11:21:31.067 23347 23392 D Evaluation: Frame 321 sent at 1573723291067
11-14 11:21:31.070 23347 23392 D Evaluation: 4 res for frame 266 received at 1573723291070
11-14 11:21:31.096 23347 23392 D Evaluation: Frame 321 sent at 1573723291096
11-14 11:21:31.220 23347 23392 D Evaluation: Frame 322 sent at 1573723291220
11-14 11:21:31.268 23347 23392 D Evaluation: Frame 324 sent at 1573723291268
11-14 11:21:31.285 23347 23360 W System  : A resource failed to call close. 
11-14 11:21:31.286 23347 23360 I chatty  : uid=10203(symlab.cloudridar.arhud) FinalizerDaemon identical 6 lines
11-14 11:21:31.286 23347 23360 W System  : A resource failed to call close. 
11-14 11:21:31.292 23347 23392 D Evaluation: Frame 324 sent at 1573723291292
11-14 11:21:31.313 23347 23392 D Evaluation: Frame 325 sent at 1573723291313
11-14 11:21:31.351 23347 23392 D Evaluation: Frame 326 sent at 1573723291351
11-14 11:21:31.385 23347 23392 D Evaluation: Frame 327 sent at 1573723291385
11-14 11:21:31.426 23347 23392 D Evaluation: Frame 328 sent at 1573723291426
11-14 11:21:31.467 23347 23392 D Evaluation: Frame 329 sent at 1573723291467
11-14 11:21:31.499 23347 23392 D Evaluation: Frame 330 sent at 1573723291499
11-14 11:21:31.525 23347 23392 D Evaluation: Frame 331 sent at 1573723291525
11-14 11:21:31.562 23347 23392 D Evaluation: Frame 332 sent at 1573723291562
11-14 11:21:31.595 23347 23392 D Evaluation: Frame 333 sent at 1573723291595
11-14 11:21:31.732 23347 23392 D Evaluation: Frame 334 sent at 1573723291732
