11-05 12:36:50.084  8773  8806 D Evaluation: Frame 698 sent at 1572950210084
11-05 12:36:50.115  8773  8806 D Evaluation: Frame 699 sent at 1572950210114
11-05 12:36:50.135  8773  8806 D Evaluation: Frame 700 sent at 1572950210135
11-05 12:36:50.171  8773  8806 D Evaluation: Frame 701 sent at 1572950210171
11-05 12:36:50.202  8773  8806 D Evaluation: Frame 702 sent at 1572950210202
11-05 12:36:50.238  8773  8806 D Evaluation: Frame 703 sent at 1572950210238
11-05 12:36:50.270  8773  8806 D Evaluation: Frame 704 sent at 1572950210270
11-05 12:36:50.301  8773  8806 D Evaluation: Frame 705 sent at 1572950210301
11-05 12:36:50.345  8773  8806 D Evaluation: Frame 706 sent at 1572950210344
11-05 12:36:50.382  8773  8806 D Evaluation: Frame 707 sent at 1572950210382
11-05 12:36:50.418  8773  8806 D Evaluation: Frame 708 sent at 1572950210418
11-05 12:36:50.447  8773  8806 D Evaluation: Frame 709 sent at 1572950210446
11-05 12:36:50.474  8773  8806 D Evaluation: Frame 710 sent at 1572950210474
11-05 12:36:50.508  8773  8806 D Evaluation: Frame 711 sent at 1572950210508
11-05 12:36:50.532  8773  8773 D Poster  : At 1572950210532 location is 65.05878422274567 (latitude), and 25.469672114830015 (longitude)
11-05 12:36:50.541  8773  8806 D Evaluation: Frame 712 sent at 1572950210541
11-05 12:36:50.574  8773  8806 D Evaluation: Frame 713 sent at 1572950210574
11-05 12:36:50.622  8773  8806 D Evaluation: Frame 714 sent at 1572950210622
11-05 12:36:50.643  8773  8806 D Evaluation: Frame 715 sent at 1572950210643
11-05 12:36:50.682  8773  8806 D Evaluation: Frame 716 sent at 1572950210682
11-05 12:36:50.707  8773  8806 D Evaluation: Frame 717 sent at 1572950210707
11-05 12:36:50.748  8773  8806 D Evaluation: Frame 718 sent at 1572950210748
11-05 12:36:50.774  8773  8806 D Evaluation: Frame 719 sent at 1572950210773
11-05 12:36:50.814  8773  8784 E         : [ZeroHung]zrhung_get_config: Get config failed for wp[0x0008]
11-05 12:36:50.815  8773  8806 D Evaluation: Frame 720 sent at 1572950210815
11-05 12:36:50.842  8773  8806 D Evaluation: Frame 721 sent at 1572950210842
11-05 12:36:50.887  8773  8806 D Evaluation: Frame 722 sent at 1572950210887
11-05 12:36:50.908  8773  8806 D Evaluation: Frame 723 sent at 1572950210908
11-05 12:36:50.948  8773  8806 D Evaluation: Frame 724 sent at 1572950210948
11-05 12:36:50.975  8773  8806 D Evaluation: Frame 725 sent at 1572950210975
11-05 12:36:51.018  8773  8806 D Evaluation: Frame 726 sent at 1572950211018
11-05 12:36:51.045  8773  8806 D Evaluation: Frame 727 sent at 1572950211045
11-05 12:36:51.085  8773  8806 D Evaluation: Frame 728 sent at 1572950211085
11-05 12:36:51.113  8773  8806 D Evaluation: Frame 729 sent at 1572950211113
11-05 12:36:51.170  8773  8806 D Evaluation: Frame 731 sent at 1572950211169
11-05 12:36:51.189  8773  8806 D Evaluation: Frame 731 sent at 1572950211189
11-05 12:36:51.213  8773  8806 D Evaluation: Frame 732 sent at 1572950211213
11-05 12:36:51.240  8773  8806 D Evaluation: Frame 733 sent at 1572950211240
11-05 12:36:51.285  8773  8806 D Evaluation: Frame 734 sent at 1572950211285
11-05 12:36:51.312  8773  8806 D Evaluation: Frame 735 sent at 1572950211312
11-05 12:36:51.352  8773  8806 D Evaluation: Frame 736 sent at 1572950211352
11-05 12:36:51.377  8773  8806 D Evaluation: Frame 737 sent at 1572950211377
11-05 12:36:51.424  8773  8806 D Evaluation: Frame 738 sent at 1572950211424
11-05 12:36:51.459  8773  8806 D Evaluation: Frame 739 sent at 1572950211459
11-05 12:36:51.498  8773  8806 D Evaluation: Frame 740 sent at 1572950211497
11-05 12:36:51.519  8773  8773 D Poster  : At 1572950211519 location is 65.05877501208187 (latitude), and 25.469681371426468 (longitude)
11-05 12:36:51.525  8773  8806 D Evaluation: Frame 741 sent at 1572950211525
11-05 12:36:51.561  8773  8806 D Evaluation: Frame 742 sent at 1572950211561
11-05 12:36:51.590  8773  8806 D Evaluation: Frame 743 sent at 1572950211590
11-05 12:36:51.629  8773  8806 D Evaluation: Frame 744 sent at 1572950211629
11-05 12:36:51.664  8773  8806 D Evaluation: Frame 745 sent at 1572950211664
11-05 12:36:51.695  8773  8806 D Evaluation: Frame 746 sent at 1572950211694
11-05 12:36:51.737  8773  8806 D Evaluation: Frame 747 sent at 1572950211737
11-05 12:36:51.761  8773  8806 D Evaluation: Frame 748 sent at 1572950211761
11-05 12:36:51.808  8773  8806 D Evaluation: Frame 749 sent at 1572950211808
11-05 12:36:51.838  8773  8806 D Evaluation: Frame 750 sent at 1572950211838
11-05 12:36:51.880  8773  8806 D Evaluation: Frame 752 sent at 1572950211880
11-05 12:36:51.899  8773  8806 D Evaluation: Frame 752 sent at 1572950211899
11-05 12:36:51.932  8773  8806 D Evaluation: Frame 753 sent at 1572950211932
11-05 12:36:51.978  8773  8806 D Evaluation: Frame 755 sent at 1572950211978
11-05 12:36:51.997  8773  8806 D Evaluation: Frame 755 sent at 1572950211997
11-05 12:36:52.034  8773  8806 D Evaluation: Frame 756 sent at 1572950212034
11-05 12:36:52.068  8773  8806 D Evaluation: Frame 757 sent at 1572950212068
11-05 12:36:52.095  8773  8806 D Evaluation: Frame 758 sent at 1572950212095
11-05 12:36:52.134  8773  8806 D Evaluation: Frame 759 sent at 1572950212134
11-05 12:36:52.173  8773  8806 D Evaluation: Frame 760 sent at 1572950212173
11-05 12:36:52.194  8773  8806 D Evaluation: Frame 761 sent at 1572950212194
11-05 12:36:52.240  8773  8784 E         : [ZeroHung]zrhung_get_config: Get config failed for wp[0x0008]
11-05 12:36:52.240  8773  8806 D Evaluation: Frame 762 sent at 1572950212240
11-05 12:36:52.268  8773  8806 D Evaluation: Frame 763 sent at 1572950212268
11-05 12:36:52.303  8773  8806 D Evaluation: Frame 764 sent at 1572950212303
11-05 12:36:52.343  8773  8806 D Evaluation: Frame 765 sent at 1572950212342
11-05 12:36:52.382  8773  8806 D Evaluation: Frame 766 sent at 1572950212382
11-05 12:36:52.408  8773  8806 D Evaluation: Frame 767 sent at 1572950212408
11-05 12:36:52.442  8773  8806 D Evaluation: Frame 768 sent at 1572950212442
11-05 12:36:52.468  8773  8806 D Evaluation: Frame 769 sent at 1572950212468
11-05 12:36:52.502  8773  8806 D Evaluation: Frame 770 sent at 1572950212502
11-05 12:36:52.526  8773  8773 D Poster  : At 1572950212525 location is 65.05876480621481 (latitude), and 25.469679764572387 (longitude)
11-05 12:36:52.545  8773  8806 D Evaluation: Frame 771 sent at 1572950212545
11-05 12:36:52.569  8773  8806 D Evaluation: Frame 772 sent at 1572950212569
11-05 12:36:52.598  8773  8806 D Evaluation: Frame 773 sent at 1572950212598
11-05 12:36:52.641  8773  8806 D Evaluation: Frame 774 sent at 1572950212641
11-05 12:36:52.684  8773  8806 D Evaluation: Frame 775 sent at 1572950212684
11-05 12:36:52.708  8773  8806 D Evaluation: Frame 776 sent at 1572950212708
11-05 12:36:52.743  8773  8806 D Evaluation: Frame 777 sent at 1572950212743
11-05 12:36:52.769  8773  8806 D Evaluation: Frame 778 sent at 1572950212769
11-05 12:36:52.805  8773  8806 D Evaluation: Frame 779 sent at 1572950212805
11-05 12:36:52.839  8773  8806 D Evaluation: Frame 780 sent at 1572950212839
11-05 12:36:52.875  8773  8806 D Evaluation: Frame 781 sent at 1572950212875
11-05 12:36:52.916  8773  8806 D Evaluation: Frame 782 sent at 1572950212916
11-05 12:36:52.938  8773  8806 D Evaluation: Frame 783 sent at 1572950212938
11-05 12:36:52.971  8773  8806 D Evaluation: Frame 784 sent at 1572950212970
11-05 12:36:53.006  8773  8806 D Evaluation: Frame 785 sent at 1572950213006
11-05 12:36:53.033  8773  8806 D Evaluation: Frame 786 sent at 1572950213033
11-05 12:36:53.076  8773  8806 D Evaluation: Frame 787 sent at 1572950213076
11-05 12:36:53.098  8773  8806 D Evaluation: Frame 788 sent at 1572950213098
11-05 12:36:53.148  8773  8806 D Evaluation: Frame 789 sent at 1572950213148
11-05 12:36:53.185  8773  8806 D Evaluation: Frame 790 sent at 1572950213185
11-05 12:36:53.212  8773  8806 D Evaluation: Frame 791 sent at 1572950213212
11-05 12:36:53.245  8773  8806 D Evaluation: Frame 792 sent at 1572950213245
11-05 12:36:53.288  8773  8806 D Evaluation: Frame 794 sent at 1572950213288
11-05 12:36:53.314  8773  8806 D Evaluation: Frame 794 sent at 1572950213314
11-05 12:36:53.354  8773  8806 D Evaluation: Frame 796 sent at 1572950213354
11-05 12:36:53.374  8773  8806 D Evaluation: Frame 796 sent at 1572950213373
11-05 12:36:53.406  8773  8806 D Evaluation: Frame 797 sent at 1572950213406
11-05 12:36:53.447  8773  8806 D Evaluation: Frame 798 sent at 1572950213447
11-05 12:36:53.473  8773  8806 D Evaluation: Frame 799 sent at 1572950213473
11-05 12:36:53.506  8773  8806 D Evaluation: Frame 800 sent at 1572950213506
11-05 12:36:53.520  8773  8773 D Poster  : At 1572950213520 location is 65.05875353813101 (latitude), and 25.46968436613595 (longitude)
11-05 12:36:53.554  8773  8806 D Evaluation: Frame 802 sent at 1572950213554
11-05 12:36:53.575  8773  8806 D Evaluation: Frame 802 sent at 1572950213575
11-05 12:36:53.657  8773  8806 D Evaluation: Frame 803 sent at 1572950213657
11-05 12:36:53.690  8773  8806 D Evaluation: Frame 804 sent at 1572950213690
11-05 12:36:53.713  8773  8806 D Evaluation: Frame 805 sent at 1572950213713
11-05 12:36:53.734  8773  8806 D Evaluation: Frame 806 sent at 1572950213734
11-05 12:36:53.774  8773  8806 D Evaluation: Frame 807 sent at 1572950213774
11-05 12:36:53.846  8773  8806 D Evaluation: Frame 808 sent at 1572950213846
11-05 12:36:53.883  8773  8806 D Evaluation: Frame 809 sent at 1572950213883
11-05 12:36:53.913  8773  8806 D Evaluation: Frame 810 sent at 1572950213913
11-05 12:36:53.978  8773  8806 D Evaluation: Frame 811 sent at 1572950213978
11-05 12:36:54.019  8773  8806 D Evaluation: Frame 812 sent at 1572950214019
11-05 12:36:54.061  8773  8806 D Evaluation: Frame 813 sent at 1572950214061
11-05 12:36:54.087  8773  8806 D Evaluation: Frame 814 sent at 1572950214087
11-05 12:36:54.110  8773  8806 D Evaluation: Frame 815 sent at 1572950214110
11-05 12:36:54.141  8773  8806 D Evaluation: Frame 816 sent at 1572950214141
11-05 12:36:54.187  8773  8806 D Evaluation: Frame 817 sent at 1572950214187
11-05 12:36:54.226  8773  8806 D Evaluation: Frame 818 sent at 1572950214226
11-05 12:36:54.259  8773  8806 D Evaluation: Frame 819 sent at 1572950214259
11-05 12:36:54.287  8773  8784 E         : [ZeroHung]zrhung_get_config: Get config failed for wp[0x0008]
11-05 12:36:54.287  8773  8806 D Evaluation: Frame 820 sent at 1572950214287
11-05 12:36:54.322  8773  8806 D Evaluation: Frame 821 sent at 1572950214322
11-05 12:36:54.353  8773  8806 D Evaluation: Frame 822 sent at 1572950214353
11-05 12:36:54.379  8773  8806 D Evaluation: Frame 823 sent at 1572950214379
11-05 12:36:54.423  8773  8806 D Evaluation: Frame 825 sent at 1572950214423
11-05 12:36:54.443  8773  8806 D Evaluation: Frame 825 sent at 1572950214443
11-05 12:36:54.495  8773  8806 D Evaluation: Frame 826 sent at 1572950214495
11-05 12:36:54.515  8773  8806 D Evaluation: Frame 827 sent at 1572950214515
11-05 12:36:54.531  8773  8773 D Poster  : At 1572950214531 location is 65.05874333115648 (latitude), and 25.46969161291889 (longitude)
11-05 12:36:54.546  8773  8806 D Evaluation: Frame 828 sent at 1572950214546
11-05 12:36:54.573  8773  8806 D Evaluation: Frame 829 sent at 1572950214573
11-05 12:36:54.665  8773  8806 D Evaluation: Frame 830 sent at 1572950214665
11-05 12:36:54.702  8773  8806 D Evaluation: Frame 831 sent at 1572950214702
11-05 12:36:54.726  8773  8806 D Evaluation: Frame 832 sent at 1572950214726
11-05 12:36:54.751  8773  8806 D Evaluation: Frame 833 sent at 1572950214751
11-05 12:36:54.781  8773  8806 D Evaluation: Frame 834 sent at 1572950214781
11-05 12:36:54.818  8773  8806 D Evaluation: Frame 835 sent at 1572950214818
11-05 12:36:54.861  8773  8806 D Evaluation: Frame 836 sent at 1572950214861
11-05 12:36:54.902  8773  8806 D Evaluation: Frame 837 sent at 1572950214902
11-05 12:36:54.937  8773  8806 D Evaluation: Frame 838 sent at 1572950214937
11-05 12:36:54.955  8773  8806 D Evaluation: Frame 839 sent at 1572950214955
11-05 12:36:54.991  8773  8806 D Evaluation: Frame 840 sent at 1572950214991
11-05 12:36:55.025  8773  8806 D Evaluation: Frame 841 sent at 1572950215025
11-05 12:36:55.050  8773  8806 D Evaluation: Frame 842 sent at 1572950215050
11-05 12:36:55.081  8773  8806 D Evaluation: Frame 843 sent at 1572950215081
11-05 12:36:55.118  8773  8806 D Evaluation: Frame 844 sent at 1572950215118
11-05 12:36:55.151  8773  8806 D Evaluation: Frame 845 sent at 1572950215151
11-05 12:36:55.191  8773  8806 D Evaluation: Frame 846 sent at 1572950215191
11-05 12:36:55.235  8773  8806 D Evaluation: Frame 848 sent at 1572950215235
11-05 12:36:55.255  8773  8806 D Evaluation: Frame 848 sent at 1572950215255
11-05 12:36:55.291  8773  8806 D Evaluation: Frame 849 sent at 1572950215291
11-05 12:36:55.335  8773  8806 D Evaluation: Frame 851 sent at 1572950215335
11-05 12:36:55.355  8773  8806 D Evaluation: Frame 851 sent at 1572950215355
11-05 12:36:55.392  8773  8806 D Evaluation: Frame 852 sent at 1572950215392
11-05 12:36:55.419  8773  8806 D Evaluation: Frame 853 sent at 1572950215419
11-05 12:36:55.444  8773  8806 D Evaluation: Frame 854 sent at 1572950215444
11-05 12:36:55.518  8773  8773 D Poster  : At 1572950215518 location is 65.05873340030608 (latitude), and 25.469700477164675 (longitude)
11-05 12:36:55.520  8773  8806 D Evaluation: Frame 855 sent at 1572950215519
11-05 12:36:55.553  8773  8806 D Evaluation: Frame 856 sent at 1572950215553
11-05 12:36:55.578  8773  8806 D Evaluation: Frame 857 sent at 1572950215578
11-05 12:36:55.616  8773  8806 D Evaluation: Frame 858 sent at 1572950215616
11-05 12:36:55.695  8773  8806 D Evaluation: Frame 859 sent at 1572950215695
11-05 12:36:55.720  8773  8806 D Evaluation: Frame 860 sent at 1572950215720
11-05 12:36:55.752  8773  8806 D Evaluation: Frame 861 sent at 1572950215752
11-05 12:36:55.790  8773  8806 D Evaluation: Frame 862 sent at 1572950215790
11-05 12:36:55.824  8773  8806 D Evaluation: Frame 863 sent at 1572950215823
11-05 12:36:55.857  8773  8806 D Evaluation: Frame 864 sent at 1572950215857
11-05 12:36:55.901  8773  8806 D Evaluation: Frame 865 sent at 1572950215901
11-05 12:36:55.941  8773  8806 D Evaluation: Frame 867 sent at 1572950215941
11-05 12:36:55.959  8773  8806 D Evaluation: Frame 867 sent at 1572950215959
11-05 12:36:56.003  8773  8806 D Evaluation: Frame 868 sent at 1572950216003
11-05 12:36:56.024  8773  8806 D Evaluation: Frame 869 sent at 1572950216024
11-05 12:36:56.068  8773  8806 D Evaluation: Frame 870 sent at 1572950216068
11-05 12:36:56.103  8773  8806 D Evaluation: Frame 871 sent at 1572950216103
11-05 12:36:56.124  8773  8784 E         : [ZeroHung]zrhung_get_config: Get config failed for wp[0x0008]
11-05 12:36:56.124  8773  8806 D Evaluation: Frame 872 sent at 1572950216124
11-05 12:36:56.154  8773  8806 D Evaluation: Frame 873 sent at 1572950216154
11-05 12:36:56.198  8773  8806 D Evaluation: Frame 874 sent at 1572950216198
11-05 12:36:56.233  8773  8806 D Evaluation: Frame 875 sent at 1572950216233
11-05 12:36:56.266  8773  8806 D Evaluation: Frame 876 sent at 1572950216265
11-05 12:36:56.301  8773  8806 D Evaluation: Frame 877 sent at 1572950216301
11-05 12:36:56.342  8773  8806 D Evaluation: Frame 879 sent at 1572950216342
11-05 12:36:56.363  8773  8806 D Evaluation: Frame 879 sent at 1572950216363
11-05 12:36:56.398  8773  8806 D Evaluation: Frame 880 sent at 1572950216398
11-05 12:36:56.433  8773  8806 D Evaluation: Frame 881 sent at 1572950216433
11-05 12:36:56.475  8773  8806 D Evaluation: Frame 882 sent at 1572950216475
11-05 12:36:56.497  8773  8806 D Evaluation: Frame 883 sent at 1572950216497
11-05 12:36:56.530  8773  8773 D Poster  : At 1572950216530 location is 65.05872355980972 (latitude), and 25.469708761078312 (longitude)
11-05 12:36:56.537  8773  8806 D Evaluation: Frame 884 sent at 1572950216537
11-05 12:36:56.564  8773  8806 D Evaluation: Frame 885 sent at 1572950216563
11-05 12:36:56.602  8773  8806 D Evaluation: Frame 886 sent at 1572950216602
11-05 12:36:56.637  8773  8806 D Evaluation: Frame 887 sent at 1572950216637
11-05 12:36:56.675  8773  8806 D Evaluation: Frame 888 sent at 1572950216675
11-05 12:36:56.707  8773  8806 D Evaluation: Frame 889 sent at 1572950216707
11-05 12:36:56.732  8773  8806 D Evaluation: Frame 890 sent at 1572950216732
11-05 12:36:56.771  8773  8806 D Evaluation: Frame 891 sent at 1572950216771
11-05 12:36:56.795  8773  8806 D Evaluation: Frame 892 sent at 1572950216795
11-05 12:36:56.840  8773  8806 D Evaluation: Frame 893 sent at 1572950216840
11-05 12:36:56.878  8773  8806 D Evaluation: Frame 894 sent at 1572950216878
11-05 12:36:56.898  8773  8806 D Evaluation: Frame 895 sent at 1572950216898
11-05 12:36:56.942  8773  8806 D Evaluation: Frame 896 sent at 1572950216942
11-05 12:36:56.966  8773  8806 D Evaluation: Frame 897 sent at 1572950216965
11-05 12:36:57.005  8773  8806 D Evaluation: Frame 898 sent at 1572950217005
11-05 12:36:57.044  8773  8806 D Evaluation: Frame 899 sent at 1572950217044
11-05 12:36:57.080  8773  8806 D Evaluation: Frame 900 sent at 1572950217080
11-05 12:36:57.108  8773  8806 D Evaluation: Frame 901 sent at 1572950217108
11-05 12:36:57.144  8773  8806 D Evaluation: Frame 902 sent at 1572950217144
11-05 12:36:57.170  8773  8806 D Evaluation: Frame 903 sent at 1572950217170
11-05 12:36:57.207  8773  8806 D Evaluation: Frame 904 sent at 1572950217207
11-05 12:36:57.245  8773  8806 D Evaluation: Frame 905 sent at 1572950217245
11-05 12:36:57.288  8773  8806 D Evaluation: Frame 906 sent at 1572950217288
11-05 12:36:57.312  8773  8806 D Evaluation: Frame 907 sent at 1572950217312
11-05 12:36:57.341  8773  8806 D Evaluation: Frame 908 sent at 1572950217341
11-05 12:36:57.374  8773  8806 D Evaluation: Frame 909 sent at 1572950217374
11-05 12:36:57.419  8773  8806 D Evaluation: Frame 910 sent at 1572950217419
11-05 12:36:57.444  8773  8806 D Evaluation: Frame 911 sent at 1572950217444
11-05 12:36:57.470  8773  8806 D Evaluation: Frame 912 sent at 1572950217470
11-05 12:36:57.505  8773  8806 D Evaluation: Frame 913 sent at 1572950217504
11-05 12:36:57.524  8773  8773 D Poster  : At 1572950217524 location is 65.05871448693523 (latitude), and 25.469706878763937 (longitude)
11-05 12:36:57.562  8773  8806 D Evaluation: Frame 915 sent at 1572950217561
11-05 12:36:57.583  8773  8784 E         : [ZeroHung]zrhung_get_config: Get config failed for wp[0x0008]
11-05 12:36:57.583  8773  8806 D Evaluation: Frame 916 sent at 1572950217583
11-05 12:36:57.599  8773  8806 D Evaluation: Frame 916 sent at 1572950217599
11-05 12:36:57.648  8773  8806 D Evaluation: Frame 917 sent at 1572950217648
11-05 12:36:57.674  8773  8806 D Evaluation: Frame 918 sent at 1572950217674
11-05 12:36:57.715  8773  8806 D Evaluation: Frame 919 sent at 1572950217715
11-05 12:36:57.744  8773  8806 D Evaluation: Frame 920 sent at 1572950217744
11-05 12:36:57.780  8773  8806 D Evaluation: Frame 921 sent at 1572950217780
11-05 12:36:57.822  8773  8806 D Evaluation: Frame 922 sent at 1572950217822
11-05 12:36:57.843  8773  8806 D Evaluation: Frame 923 sent at 1572950217843
11-05 12:36:57.883  8773  8806 D Evaluation: Frame 924 sent at 1572950217883
11-05 12:36:57.920  8773  8806 D Evaluation: Frame 925 sent at 1572950217920
11-05 12:36:57.945  8773  8806 D Evaluation: Frame 926 sent at 1572950217944
11-05 12:36:57.984  8773  8806 D Evaluation: Frame 927 sent at 1572950217984
11-05 12:36:58.031  8773  8806 D Evaluation: Frame 929 sent at 1572950218031
11-05 12:36:58.054  8773  8806 D Evaluation: Frame 930 sent at 1572950218054
11-05 12:36:58.074  8773  8806 D Evaluation: Frame 930 sent at 1572950218073
11-05 12:36:58.104  8773  8806 D Evaluation: Frame 931 sent at 1572950218104
11-05 12:36:58.149  8773  8806 D Evaluation: Frame 932 sent at 1572950218149
11-05 12:36:58.194  8773  8806 D Evaluation: Frame 933 sent at 1572950218194
11-05 12:36:58.227  8773  8806 D Evaluation: Frame 935 sent at 1572950218227
11-05 12:36:58.248  8773  8806 D Evaluation: Frame 935 sent at 1572950218248
11-05 12:36:58.276  8773  8806 D Evaluation: Frame 936 sent at 1572950218276
11-05 12:36:58.313  8773  8806 D Evaluation: Frame 937 sent at 1572950218313
11-05 12:36:58.343  8773  8806 D Evaluation: Frame 938 sent at 1572950218343
11-05 12:36:58.385  8773  8806 D Evaluation: Frame 939 sent at 1572950218385
11-05 12:36:58.425  8773  8806 D Evaluation: Frame 940 sent at 1572950218425
11-05 12:36:58.452  8773  8806 D Evaluation: Frame 941 sent at 1572950218451
11-05 12:36:58.483  8773  8806 D Evaluation: Frame 942 sent at 1572950218483
11-05 12:36:58.509  8773  8806 D Evaluation: Frame 943 sent at 1572950218509
11-05 12:36:58.521  8773  8773 D Poster  : At 1572950218521 location is 65.05870775152563 (latitude), and 25.469703573743747 (longitude)
11-05 12:36:58.568  8773  8806 D Evaluation: Frame 945 sent at 1572950218568
11-05 12:36:58.592  8773  8806 D Evaluation: Frame 945 sent at 1572950218592
11-05 12:36:58.610  8773  8806 D Evaluation: Frame 946 sent at 1572950218610
11-05 12:36:58.638  8773  8806 D Evaluation: Frame 947 sent at 1572950218638
11-05 12:36:58.682  8773  8806 D Evaluation: Frame 948 sent at 1572950218682
11-05 12:36:58.719  8773  8806 D Evaluation: Frame 949 sent at 1572950218719
11-05 12:36:58.752  8773  8806 D Evaluation: Frame 950 sent at 1572950218752
11-05 12:36:58.787  8773  8806 D Evaluation: Frame 951 sent at 1572950218787
11-05 12:36:58.807  8773  8806 D Evaluation: Frame 952 sent at 1572950218807
11-05 12:36:58.840  8773  8806 D Evaluation: Frame 953 sent at 1572950218840
11-05 12:36:58.874  8773  8806 D Evaluation: Frame 954 sent at 1572950218874
11-05 12:36:58.927  8773  8806 D Evaluation: Frame 955 sent at 1572950218927
11-05 12:36:58.961  8773  8806 D Evaluation: Frame 956 sent at 1572950218961
11-05 12:36:58.989  8773  8806 D Evaluation: Frame 957 sent at 1572950218989
11-05 12:36:59.019  8773  8784 E         : [ZeroHung]zrhung_get_config: Get config failed for wp[0x0008]
11-05 12:36:59.019  8773  8806 D Evaluation: Frame 958 sent at 1572950219019
11-05 12:36:59.062  8773  8806 D Evaluation: Frame 959 sent at 1572950219062
11-05 12:36:59.086  8773  8806 D Evaluation: Frame 960 sent at 1572950219086
11-05 12:36:59.115  8773  8806 D Evaluation: Frame 961 sent at 1572950219115
11-05 12:36:59.145  8773  8806 D Evaluation: Frame 962 sent at 1572950219145
11-05 12:36:59.196  8773  8806 D Evaluation: Frame 964 sent at 1572950219196
11-05 12:36:59.217  8773  8806 D Evaluation: Frame 964 sent at 1572950219217
11-05 12:36:59.255  8773  8806 D Evaluation: Frame 965 sent at 1572950219255
11-05 12:36:59.301  8773  8806 D Evaluation: Frame 966 sent at 1572950219301
11-05 12:36:59.329  8773  8806 D Evaluation: Frame 967 sent at 1572950219329
11-05 12:36:59.348  8773  8806 D Evaluation: Frame 968 sent at 1572950219348
11-05 12:36:59.392  8773  8806 D Evaluation: Frame 969 sent at 1572950219391
11-05 12:36:59.418  8773  8806 D Evaluation: Frame 970 sent at 1572950219418
11-05 12:36:59.455  8773  8806 W System.err: java.net.SocketException: Message too long
11-05 12:36:59.456  8773  8806 W System.err: 	at sun.nio.ch.DatagramChannelImpl.send0(Native Method)
11-05 12:36:59.456  8773  8806 W System.err: 	at sun.nio.ch.DatagramChannelImpl.sendFromNativeBuffer(DatagramChannelImpl.java:573)
11-05 12:36:59.456  8773  8806 W System.err: 	at sun.nio.ch.DatagramChannelImpl.send(DatagramChannelImpl.java:550)
11-05 12:36:59.456  8773  8806 W System.err: 	at sun.nio.ch.DatagramChannelImpl.send(DatagramChannelImpl.java:514)
11-05 12:36:59.456  8773  8806 W System.err: 	at symlab.CloudAR.network.TransmissionTask.run(TransmissionTask.java:124)
11-05 12:36:59.456  8773  8806 W System.err: 	at android.os.Handler.handleCallback(Handler.java:907)
11-05 12:36:59.456  8773  8806 W System.err: 	at android.os.Handler.dispatchMessage(Handler.java:105)
11-05 12:36:59.456  8773  8806 W System.err: 	at android.os.Looper.loop(Looper.java:216)
11-05 12:36:59.456  8773  8806 W System.err: 	at android.os.HandlerThread.run(HandlerThread.java:65)
11-05 12:36:59.495  8773  8806 D Evaluation: Frame 972 sent at 1572950219495
11-05 12:36:59.521  8773  8806 D Evaluation: Frame 973 sent at 1572950219521
11-05 12:36:59.524  8773  8773 D Poster  : At 1572950219524 location is 65.05869915143874 (latitude), and 25.469707111885764 (longitude)
11-05 12:36:59.567  8773  8806 D Evaluation: Frame 974 sent at 1572950219567
11-05 12:36:59.646  8773  8806 D Evaluation: Frame 976 sent at 1572950219646
11-05 12:36:59.672  8773  8806 D Evaluation: Frame 976 sent at 1572950219672
11-05 12:36:59.700  8773  8806 W System.err: java.net.SocketException: Message too long
11-05 12:36:59.700  8773  8806 W System.err: 	at sun.nio.ch.DatagramChannelImpl.send0(Native Method)
11-05 12:36:59.700  8773  8806 W System.err: 	at sun.nio.ch.DatagramChannelImpl.sendFromNativeBuffer(DatagramChannelImpl.java:573)
11-05 12:36:59.700  8773  8806 W System.err: 	at sun.nio.ch.DatagramChannelImpl.send(DatagramChannelImpl.java:550)
11-05 12:36:59.700  8773  8806 W System.err: 	at sun.nio.ch.DatagramChannelImpl.send(DatagramChannelImpl.java:514)
11-05 12:36:59.700  8773  8806 W System.err: 	at symlab.CloudAR.network.TransmissionTask.run(TransmissionTask.java:124)
11-05 12:36:59.700  8773  8806 W System.err: 	at android.os.Handler.handleCallback(Handler.java:907)
11-05 12:36:59.700  8773  8806 W System.err: 	at android.os.Handler.dispatchMessage(Handler.java:105)
11-05 12:36:59.700  8773  8806 W System.err: 	at android.os.Looper.loop(Looper.java:216)
11-05 12:36:59.700  8773  8806 W System.err: 	at android.os.HandlerThread.run(HandlerThread.java:65)
11-05 12:36:59.731  8773  8806 W System.err: java.net.SocketException: Message too long
11-05 12:36:59.732  8773  8806 W System.err: 	at sun.nio.ch.DatagramChannelImpl.send0(Native Method)
11-05 12:36:59.732  8773  8806 W System.err: 	at sun.nio.ch.DatagramChannelImpl.sendFromNativeBuffer(DatagramChannelImpl.java:573)
11-05 12:36:59.732  8773  8806 W System.err: 	at sun.nio.ch.DatagramChannelImpl.send(DatagramChannelImpl.java:550)
11-05 12:36:59.732  8773  8806 W System.err: 	at sun.nio.ch.DatagramChannelImpl.send(DatagramChannelImpl.java:514)
11-05 12:36:59.732  8773  8806 W System.err: 	at symlab.CloudAR.network.TransmissionTask.run(TransmissionTask.java:124)
11-05 12:36:59.732  8773  8806 W System.err: 	at android.os.Handler.handleCallback(Handler.java:907)
11-05 12:36:59.732  8773  8806 W System.err: 	at android.os.Handler.dispatchMessage(Handler.java:105)
11-05 12:36:59.732  8773  8806 W System.err: 	at android.os.Looper.loop(Looper.java:216)
11-05 12:36:59.732  8773  8806 W System.err: 	at android.os.HandlerThread.run(HandlerThread.java:65)
11-05 12:36:59.757  8773  8806 W System.err: java.net.SocketException: Message too long
11-05 12:36:59.757  8773  8806 W System.err: 	at sun.nio.ch.DatagramChannelImpl.send0(Native Method)
11-05 12:36:59.757  8773  8806 W System.err: 	at sun.nio.ch.DatagramChannelImpl.sendFromNativeBuffer(DatagramChannelImpl.java:573)
11-05 12:36:59.757  8773  8806 W System.err: 	at sun.nio.ch.DatagramChannelImpl.send(DatagramChannelImpl.java:550)
11-05 12:36:59.757  8773  8806 W System.err: 	at sun.nio.ch.DatagramChannelImpl.send(DatagramChannelImpl.java:514)
11-05 12:36:59.757  8773  8806 W System.err: 	at symlab.CloudAR.network.TransmissionTask.run(TransmissionTask.java:124)
11-05 12:36:59.757  8773  8806 W System.err: 	at android.os.Handler.handleCallback(Handler.java:907)
11-05 12:36:59.757  8773  8806 W System.err: 	at android.os.Handler.dispatchMessage(Handler.java:105)
11-05 12:36:59.757  8773  8806 W System.err: 	at android.os.Looper.loop(Looper.java:216)
11-05 12:36:59.757  8773  8806 W System.err: 	at android.os.HandlerThread.run(HandlerThread.java:65)
11-05 12:36:59.789  8773  8806 W System.err: java.net.SocketException: Message too long
11-05 12:36:59.789  8773  8806 W System.err: 	at sun.nio.ch.DatagramChannelImpl.send0(Native Method)
11-05 12:36:59.789  8773  8806 W System.err: 	at sun.nio.ch.DatagramChannelImpl.sendFromNativeBuffer(DatagramChannelImpl.java:573)
11-05 12:36:59.789  8773  8806 W System.err: 	at sun.nio.ch.DatagramChannelImpl.send(DatagramChannelImpl.java:550)
11-05 12:36:59.789  8773  8806 W System.err: 	at sun.nio.ch.DatagramChannelImpl.send(DatagramChannelImpl.java:514)
11-05 12:36:59.789  8773  8806 W System.err: 	at symlab.CloudAR.network.TransmissionTask.run(TransmissionTask.java:124)
11-05 12:36:59.789  8773  8806 W System.err: 	at android.os.Handler.handleCallback(Handler.java:907)
11-05 12:36:59.789  8773  8806 W System.err: 	at android.os.Handler.dispatchMessage(Handler.java:105)
11-05 12:36:59.789  8773  8806 W System.err: 	at android.os.Looper.loop(Looper.java:216)
11-05 12:36:59.789  8773  8806 W System.err: 	at android.os.HandlerThread.run(HandlerThread.java:65)
11-05 12:36:59.823  8773  8806 W System.err: java.net.SocketException: Message too long
11-05 12:36:59.823  8773  8806 W System.err: 	at sun.nio.ch.DatagramChannelImpl.send0(Native Method)
11-05 12:36:59.823  8773  8806 W System.err: 	at sun.nio.ch.DatagramChannelImpl.sendFromNativeBuffer(DatagramChannelImpl.java:573)
11-05 12:36:59.823  8773  8806 W System.err: 	at sun.nio.ch.DatagramChannelImpl.send(DatagramChannelImpl.java:550)
11-05 12:36:59.823  8773  8806 W System.err: 	at sun.nio.ch.DatagramChannelImpl.send(DatagramChannelImpl.java:514)
11-05 12:36:59.823  8773  8806 W System.err: 	at symlab.CloudAR.network.TransmissionTask.run(TransmissionTask.java:124)
11-05 12:36:59.823  8773  8806 W System.err: 	at android.os.Handler.handleCallback(Handler.java:907)
11-05 12:36:59.823  8773  8806 W System.err: 	at android.os.Handler.dispatchMessage(Handler.java:105)
11-05 12:36:59.823  8773  8806 W System.err: 	at android.os.Looper.loop(Looper.java:216)
11-05 12:36:59.823  8773  8806 W System.err: 	at android.os.HandlerThread.run(HandlerThread.java:65)
11-05 12:36:59.859  8773  8806 W System.err: java.net.SocketException: Message too long
11-05 12:36:59.860  8773  8806 W System.err: 	at sun.nio.ch.DatagramChannelImpl.send0(Native Method)
11-05 12:36:59.860  8773  8806 W System.err: 	at sun.nio.ch.DatagramChannelImpl.sendFromNativeBuffer(DatagramChannelImpl.java:573)
11-05 12:36:59.860  8773  8806 W System.err: 	at sun.nio.ch.DatagramChannelImpl.send(DatagramChannelImpl.java:550)
11-05 12:36:59.860  8773  8806 W System.err: 	at sun.nio.ch.DatagramChannelImpl.send(DatagramChannelImpl.java:514)
11-05 12:36:59.860  8773  8806 W System.err: 	at symlab.CloudAR.network.TransmissionTask.run(TransmissionTask.java:124)
11-05 12:36:59.860  8773  8806 W System.err: 	at android.os.Handler.handleCallback(Handler.java:907)
11-05 12:36:59.860  8773  8806 W System.err: 	at android.os.Handler.dispatchMessage(Handler.java:105)
11-05 12:36:59.860  8773  8806 W System.err: 	at android.os.Looper.loop(Looper.java:216)
11-05 12:36:59.860  8773  8806 W System.err: 	at android.os.HandlerThread.run(HandlerThread.java:65)
11-05 12:36:59.890  8773  8806 W System.err: java.net.SocketException: Message too long
11-05 12:36:59.890  8773  8806 W System.err: 	at sun.nio.ch.DatagramChannelImpl.send0(Native Method)
11-05 12:36:59.891  8773  8806 W System.err: 	at sun.nio.ch.DatagramChannelImpl.sendFromNativeBuffer(DatagramChannelImpl.java:573)
11-05 12:36:59.891  8773  8806 W System.err: 	at sun.nio.ch.DatagramChannelImpl.send(DatagramChannelImpl.java:550)
11-05 12:36:59.891  8773  8806 W System.err: 	at sun.nio.ch.DatagramChannelImpl.send(DatagramChannelImpl.java:514)
11-05 12:36:59.891  8773  8806 W System.err: 	at symlab.CloudAR.network.TransmissionTask.run(TransmissionTask.java:124)
11-05 12:36:59.891  8773  8806 W System.err: 	at android.os.Handler.handleCallback(Handler.java:907)
11-05 12:36:59.891  8773  8806 W System.err: 	at android.os.Handler.dispatchMessage(Handler.java:105)
11-05 12:36:59.891  8773  8806 W System.err: 	at android.os.Looper.loop(Looper.java:216)
11-05 12:36:59.891  8773  8806 W System.err: 	at android.os.HandlerThread.run(HandlerThread.java:65)
11-05 12:36:59.923  8773  8806 W System.err: java.net.SocketException: Message too long
11-05 12:36:59.923  8773  8806 W System.err: 	at sun.nio.ch.DatagramChannelImpl.send0(Native Method)
11-05 12:36:59.923  8773  8806 W System.err: 	at sun.nio.ch.DatagramChannelImpl.sendFromNativeBuffer(DatagramChannelImpl.java:573)
11-05 12:36:59.923  8773  8806 W System.err: 	at sun.nio.ch.DatagramChannelImpl.send(DatagramChannelImpl.java:550)
11-05 12:36:59.923  8773  8806 W System.err: 	at sun.nio.ch.DatagramChannelImpl.send(DatagramChannelImpl.java:514)
11-05 12:36:59.923  8773  8806 W System.err: 	at symlab.CloudAR.network.TransmissionTask.run(TransmissionTask.java:124)
11-05 12:36:59.923  8773  8806 W System.err: 	at android.os.Handler.handleCallback(Handler.java:907)
11-05 12:36:59.923  8773  8806 W System.err: 	at android.os.Handler.dispatchMessage(Handler.java:105)
11-05 12:36:59.923  8773  8806 W System.err: 	at android.os.Looper.loop(Looper.java:216)
11-05 12:36:59.923  8773  8806 W System.err: 	at android.os.HandlerThread.run(HandlerThread.java:65)
11-05 12:36:59.959  8773  8806 W System.err: java.net.SocketException: Message too long
11-05 12:36:59.959  8773  8806 W System.err: 	at sun.nio.ch.DatagramChannelImpl.send0(Native Method)
11-05 12:36:59.959  8773  8806 W System.err: 	at sun.nio.ch.DatagramChannelImpl.sendFromNativeBuffer(DatagramChannelImpl.java:573)
11-05 12:36:59.959  8773  8806 W System.err: 	at sun.nio.ch.DatagramChannelImpl.send(DatagramChannelImpl.java:550)
11-05 12:36:59.959  8773  8806 W System.err: 	at sun.nio.ch.DatagramChannelImpl.send(DatagramChannelImpl.java:514)
11-05 12:36:59.959  8773  8806 W System.err: 	at symlab.CloudAR.network.TransmissionTask.run(TransmissionTask.java:124)
11-05 12:36:59.959  8773  8806 W System.err: 	at android.os.Handler.handleCallback(Handler.java:907)
11-05 12:36:59.959  8773  8806 W System.err: 	at android.os.Handler.dispatchMessage(Handler.java:105)
11-05 12:36:59.959  8773  8806 W System.err: 	at android.os.Looper.loop(Looper.java:216)
11-05 12:36:59.959  8773  8806 W System.err: 	at android.os.HandlerThread.run(HandlerThread.java:65)
11-05 12:36:59.995  8773  8806 W System.err: java.net.SocketException: Message too long
11-05 12:36:59.995  8773  8806 W System.err: 	at sun.nio.ch.DatagramChannelImpl.send0(Native Method)
11-05 12:36:59.995  8773  8806 W System.err: 	at sun.nio.ch.DatagramChannelImpl.sendFromNativeBuffer(DatagramChannelImpl.java:573)
11-05 12:36:59.995  8773  8806 W System.err: 	at sun.nio.ch.DatagramChannelImpl.send(DatagramChannelImpl.java:550)
11-05 12:36:59.995  8773  8806 W System.err: 	at sun.nio.ch.DatagramChannelImpl.send(DatagramChannelImpl.java:514)
11-05 12:36:59.995  8773  8806 W System.err: 	at symlab.CloudAR.network.TransmissionTask.run(TransmissionTask.java:124)
11-05 12:36:59.995  8773  8806 W System.err: 	at android.os.Handler.handleCallback(Handler.java:907)
11-05 12:36:59.995  8773  8806 W System.err: 	at android.os.Handler.dispatchMessage(Handler.java:105)
11-05 12:36:59.995  8773  8806 W System.err: 	at android.os.Looper.loop(Looper.java:216)
11-05 12:36:59.995  8773  8806 W System.err: 	at android.os.HandlerThread.run(HandlerThread.java:65)
11-05 12:37:00.025  8773  8806 W System.err: java.net.SocketException: Message too long
11-05 12:37:00.025  8773  8806 W System.err: 	at sun.nio.ch.DatagramChannelImpl.send0(Native Method)
11-05 12:37:00.025  8773  8806 W System.err: 	at sun.nio.ch.DatagramChannelImpl.sendFromNativeBuffer(DatagramChannelImpl.java:573)
11-05 12:37:00.025  8773  8806 W System.err: 	at sun.nio.ch.DatagramChannelImpl.send(DatagramChannelImpl.java:550)
11-05 12:37:00.025  8773  8806 W System.err: 	at sun.nio.ch.DatagramChannelImpl.send(DatagramChannelImpl.java:514)
11-05 12:37:00.025  8773  8806 W System.err: 	at symlab.CloudAR.network.TransmissionTask.run(TransmissionTask.java:124)
11-05 12:37:00.025  8773  8806 W System.err: 	at android.os.Handler.handleCallback(Handler.java:907)
11-05 12:37:00.025  8773  8806 W System.err: 	at android.os.Handler.dispatchMessage(Handler.java:105)
11-05 12:37:00.025  8773  8806 W System.err: 	at android.os.Looper.loop(Looper.java:216)
11-05 12:37:00.025  8773  8806 W System.err: 	at android.os.HandlerThread.run(HandlerThread.java:65)
11-05 12:37:00.067  8773  8806 W System.err: java.net.SocketException: Message too long
11-05 12:37:00.067  8773  8806 W System.err: 	at sun.nio.ch.DatagramChannelImpl.send0(Native Method)
11-05 12:37:00.067  8773  8806 W System.err: 	at sun.nio.ch.DatagramChannelImpl.sendFromNativeBuffer(DatagramChannelImpl.java:573)
11-05 12:37:00.067  8773  8806 W System.err: 	at sun.nio.ch.DatagramChannelImpl.send(DatagramChannelImpl.java:550)
11-05 12:37:00.067  8773  8806 W System.err: 	at sun.nio.ch.DatagramChannelImpl.send(DatagramChannelImpl.java:514)
11-05 12:37:00.067  8773  8806 W System.err: 	at symlab.CloudAR.network.TransmissionTask.run(TransmissionTask.java:124)
11-05 12:37:00.067  8773  8806 W System.err: 	at android.os.Handler.handleCallback(Handler.java:907)
11-05 12:37:00.067  8773  8806 W System.err: 	at android.os.Handler.dispatchMessage(Handler.java:105)
11-05 12:37:00.067  8773  8806 W System.err: 	at android.os.Looper.loop(Looper.java:216)
11-05 12:37:00.067  8773  8806 W System.err: 	at android.os.HandlerThread.run(HandlerThread.java:65)
11-05 12:37:00.102  8773  8806 W System.err: java.net.SocketException: Message too long
11-05 12:37:00.102  8773  8806 W System.err: 	at sun.nio.ch.DatagramChannelImpl.send0(Native Method)
11-05 12:37:00.102  8773  8806 W System.err: 	at sun.nio.ch.DatagramChannelImpl.sendFromNativeBuffer(DatagramChannelImpl.java:573)
11-05 12:37:00.102  8773  8806 W System.err: 	at sun.nio.ch.DatagramChannelImpl.send(DatagramChannelImpl.java:550)
11-05 12:37:00.102  8773  8806 W System.err: 	at sun.nio.ch.DatagramChannelImpl.send(DatagramChannelImpl.java:514)
11-05 12:37:00.102  8773  8806 W System.err: 	at symlab.CloudAR.network.TransmissionTask.run(TransmissionTask.java:124)
11-05 12:37:00.102  8773  8806 W System.err: 	at android.os.Handler.handleCallback(Handler.java:907)
11-05 12:37:00.102  8773  8806 W System.err: 	at android.os.Handler.dispatchMessage(Handler.java:105)
11-05 12:37:00.102  8773  8806 W System.err: 	at android.os.Looper.loop(Looper.java:216)
11-05 12:37:00.102  8773  8806 W System.err: 	at android.os.HandlerThread.run(HandlerThread.java:65)
11-05 12:37:00.132  8773  8784 E         : [ZeroHung]zrhung_get_config: Get config failed for wp[0x0008]
11-05 12:37:00.133  8773  8806 W System.err: java.net.SocketException: Message too long
11-05 12:37:00.133  8773  8806 W System.err: 	at sun.nio.ch.DatagramChannelImpl.send0(Native Method)
11-05 12:37:00.133  8773  8806 W System.err: 	at sun.nio.ch.DatagramChannelImpl.sendFromNativeBuffer(DatagramChannelImpl.java:573)
11-05 12:37:00.133  8773  8806 W System.err: 	at sun.nio.ch.DatagramChannelImpl.send(DatagramChannelImpl.java:550)
11-05 12:37:00.133  8773  8806 W System.err: 	at sun.nio.ch.DatagramChannelImpl.send(DatagramChannelImpl.java:514)
11-05 12:37:00.133  8773  8806 W System.err: 	at symlab.CloudAR.network.TransmissionTask.run(TransmissionTask.java:124)
11-05 12:37:00.134  8773  8806 W System.err: 	at android.os.Handler.handleCallback(Handler.java:907)
11-05 12:37:00.134  8773  8806 W System.err: 	at android.os.Handler.dispatchMessage(Handler.java:105)
11-05 12:37:00.134  8773  8806 W System.err: 	at android.os.Looper.loop(Looper.java:216)
11-05 12:37:00.134  8773  8806 W System.err: 	at android.os.HandlerThread.run(HandlerThread.java:65)
11-05 12:37:00.157  8773  8806 W System.err: java.net.SocketException: Message too long
11-05 12:37:00.157  8773  8806 W System.err: 	at sun.nio.ch.DatagramChannelImpl.send0(Native Method)
11-05 12:37:00.157  8773  8806 W System.err: 	at sun.nio.ch.DatagramChannelImpl.sendFromNativeBuffer(DatagramChannelImpl.java:573)
11-05 12:37:00.157  8773  8806 W System.err: 	at sun.nio.ch.DatagramChannelImpl.send(DatagramChannelImpl.java:550)
11-05 12:37:00.157  8773  8806 W System.err: 	at sun.nio.ch.DatagramChannelImpl.send(DatagramChannelImpl.java:514)
11-05 12:37:00.157  8773  8806 W System.err: 	at symlab.CloudAR.network.TransmissionTask.run(TransmissionTask.java:124)
11-05 12:37:00.157  8773  8806 W System.err: 	at android.os.Handler.handleCallback(Handler.java:907)
11-05 12:37:00.157  8773  8806 W System.err: 	at android.os.Handler.dispatchMessage(Handler.java:105)
11-05 12:37:00.157  8773  8806 W System.err: 	at android.os.Looper.loop(Looper.java:216)
11-05 12:37:00.157  8773  8806 W System.err: 	at android.os.HandlerThread.run(HandlerThread.java:65)
11-05 12:37:00.187  8773  8806 W System.err: java.net.SocketException: Message too long
11-05 12:37:00.188  8773  8806 W System.err: 	at sun.nio.ch.DatagramChannelImpl.send0(Native Method)
11-05 12:37:00.188  8773  8806 W System.err: 	at sun.nio.ch.DatagramChannelImpl.sendFromNativeBuffer(DatagramChannelImpl.java:573)
11-05 12:37:00.188  8773  8806 W System.err: 	at sun.nio.ch.DatagramChannelImpl.send(DatagramChannelImpl.java:550)
11-05 12:37:00.188  8773  8806 W System.err: 	at sun.nio.ch.DatagramChannelImpl.send(DatagramChannelImpl.java:514)
11-05 12:37:00.188  8773  8806 W System.err: 	at symlab.CloudAR.network.TransmissionTask.run(TransmissionTask.java:124)
11-05 12:37:00.188  8773  8806 W System.err: 	at android.os.Handler.handleCallback(Handler.java:907)
11-05 12:37:00.188  8773  8806 W System.err: 	at android.os.Handler.dispatchMessage(Handler.java:105)
11-05 12:37:00.188  8773  8806 W System.err: 	at android.os.Looper.loop(Looper.java:216)
11-05 12:37:00.188  8773  8806 W System.err: 	at android.os.HandlerThread.run(HandlerThread.java:65)
11-05 12:37:00.238  8773  8806 W System.err: java.net.SocketException: Message too long
11-05 12:37:00.238  8773  8806 W System.err: 	at sun.nio.ch.DatagramChannelImpl.send0(Native Method)
11-05 12:37:00.238  8773  8806 W System.err: 	at sun.nio.ch.DatagramChannelImpl.sendFromNativeBuffer(DatagramChannelImpl.java:573)
11-05 12:37:00.238  8773  8806 W System.err: 	at sun.nio.ch.DatagramChannelImpl.send(DatagramChannelImpl.java:550)
11-05 12:37:00.238  8773  8806 W System.err: 	at sun.nio.ch.DatagramChannelImpl.send(DatagramChannelImpl.java:514)
11-05 12:37:00.238  8773  8806 W System.err: 	at symlab.CloudAR.network.TransmissionTask.run(TransmissionTask.java:124)
11-05 12:37:00.238  8773  8806 W System.err: 	at android.os.Handler.handleCallback(Handler.java:907)
11-05 12:37:00.238  8773  8806 W System.err: 	at android.os.Handler.dispatchMessage(Handler.java:105)
11-05 12:37:00.238  8773  8806 W System.err: 	at android.os.Looper.loop(Looper.java:216)
11-05 12:37:00.238  8773  8806 W System.err: 	at android.os.HandlerThread.run(HandlerThread.java:65)
11-05 12:37:00.261  8773  8806 D Evaluation: Frame 994 sent at 1572950220261
11-05 12:37:00.297  8773  8806 W System.err: java.net.SocketException: Message too long
11-05 12:37:00.298  8773  8806 W System.err: 	at sun.nio.ch.DatagramChannelImpl.send0(Native Method)
11-05 12:37:00.298  8773  8806 W System.err: 	at sun.nio.ch.DatagramChannelImpl.sendFromNativeBuffer(DatagramChannelImpl.java:573)
11-05 12:37:00.298  8773  8806 W System.err: 	at sun.nio.ch.DatagramChannelImpl.send(DatagramChannelImpl.java:550)
11-05 12:37:00.298  8773  8806 W System.err: 	at sun.nio.ch.DatagramChannelImpl.send(DatagramChannelImpl.java:514)
11-05 12:37:00.298  8773  8806 W System.err: 	at symlab.CloudAR.network.TransmissionTask.run(TransmissionTask.java:124)
11-05 12:37:00.298  8773  8806 W System.err: 	at android.os.Handler.handleCallback(Handler.java:907)
11-05 12:37:00.298  8773  8806 W System.err: 	at android.os.Handler.dispatchMessage(Handler.java:105)
11-05 12:37:00.298  8773  8806 W System.err: 	at android.os.Looper.loop(Looper.java:216)
11-05 12:37:00.298  8773  8806 W System.err: 	at android.os.HandlerThread.run(HandlerThread.java:65)
11-05 12:37:00.327  8773  8806 W System.err: java.net.SocketException: Message too long
11-05 12:37:00.327  8773  8806 W System.err: 	at sun.nio.ch.DatagramChannelImpl.send0(Native Method)
11-05 12:37:00.327  8773  8806 W System.err: 	at sun.nio.ch.DatagramChannelImpl.sendFromNativeBuffer(DatagramChannelImpl.java:573)
11-05 12:37:00.327  8773  8806 W System.err: 	at sun.nio.ch.DatagramChannelImpl.send(DatagramChannelImpl.java:550)
11-05 12:37:00.327  8773  8806 W System.err: 	at sun.nio.ch.DatagramChannelImpl.send(DatagramChannelImpl.java:514)
11-05 12:37:00.327  8773  8806 W System.err: 	at symlab.CloudAR.network.TransmissionTask.run(TransmissionTask.java:124)
11-05 12:37:00.327  8773  8806 W System.err: 	at android.os.Handler.handleCallback(Handler.java:907)
11-05 12:37:00.327  8773  8806 W System.err: 	at android.os.Handler.dispatchMessage(Handler.java:105)
11-05 12:37:00.327  8773  8806 W System.err: 	at android.os.Looper.loop(Looper.java:216)
11-05 12:37:00.327  8773  8806 W System.err: 	at android.os.HandlerThread.run(HandlerThread.java:65)
11-05 12:37:00.356  8773  8806 W System.err: java.net.SocketException: Message too long
11-05 12:37:00.356  8773  8806 W System.err: 	at sun.nio.ch.DatagramChannelImpl.send0(Native Method)
11-05 12:37:00.356  8773  8806 W System.err: 	at sun.nio.ch.DatagramChannelImpl.sendFromNativeBuffer(DatagramChannelImpl.java:573)
11-05 12:37:00.356  8773  8806 W System.err: 	at sun.nio.ch.DatagramChannelImpl.send(DatagramChannelImpl.java:550)
11-05 12:37:00.356  8773  8806 W System.err: 	at sun.nio.ch.DatagramChannelImpl.send(DatagramChannelImpl.java:514)
11-05 12:37:00.356  8773  8806 W System.err: 	at symlab.CloudAR.network.TransmissionTask.run(TransmissionTask.java:124)
11-05 12:37:00.356  8773  8806 W System.err: 	at android.os.Handler.handleCallback(Handler.java:907)
11-05 12:37:00.356  8773  8806 W System.err: 	at android.os.Handler.dispatchMessage(Handler.java:105)
11-05 12:37:00.356  8773  8806 W System.err: 	at android.os.Looper.loop(Looper.java:216)
11-05 12:37:00.356  8773  8806 W System.err: 	at android.os.HandlerThread.run(HandlerThread.java:65)
11-05 12:37:00.394  8773  8806 W System.err: java.net.SocketException: Message too long
11-05 12:37:00.394  8773  8806 W System.err: 	at sun.nio.ch.DatagramChannelImpl.send0(Native Method)
11-05 12:37:00.394  8773  8806 W System.err: 	at sun.nio.ch.DatagramChannelImpl.sendFromNativeBuffer(DatagramChannelImpl.java:573)
11-05 12:37:00.394  8773  8806 W System.err: 	at sun.nio.ch.DatagramChannelImpl.send(DatagramChannelImpl.java:550)
11-05 12:37:00.394  8773  8806 W System.err: 	at sun.nio.ch.DatagramChannelImpl.send(DatagramChannelImpl.java:514)
11-05 12:37:00.394  8773  8806 W System.err: 	at symlab.CloudAR.network.TransmissionTask.run(TransmissionTask.java:124)
11-05 12:37:00.394  8773  8806 W System.err: 	at android.os.Handler.handleCallback(Handler.java:907)
11-05 12:37:00.394  8773  8806 W System.err: 	at android.os.Handler.dispatchMessage(Handler.java:105)
11-05 12:37:00.394  8773  8806 W System.err: 	at android.os.Looper.loop(Looper.java:216)
11-05 12:37:00.394  8773  8806 W System.err: 	at android.os.HandlerThread.run(HandlerThread.java:65)
11-05 12:37:00.426  8773  8806 W System.err: java.net.SocketException: Message too long
11-05 12:37:00.426  8773  8806 W System.err: 	at sun.nio.ch.DatagramChannelImpl.send0(Native Method)
11-05 12:37:00.426  8773  8806 W System.err: 	at sun.nio.ch.DatagramChannelImpl.sendFromNativeBuffer(DatagramChannelImpl.java:573)
11-05 12:37:00.426  8773  8806 W System.err: 	at sun.nio.ch.DatagramChannelImpl.send(DatagramChannelImpl.java:550)
11-05 12:37:00.426  8773  8806 W System.err: 	at sun.nio.ch.DatagramChannelImpl.send(DatagramChannelImpl.java:514)
11-05 12:37:00.426  8773  8806 W System.err: 	at symlab.CloudAR.network.TransmissionTask.run(TransmissionTask.java:124)
11-05 12:37:00.426  8773  8806 W System.err: 	at android.os.Handler.handleCallback(Handler.java:907)
11-05 12:37:00.426  8773  8806 W System.err: 	at android.os.Handler.dispatchMessage(Handler.java:105)
11-05 12:37:00.426  8773  8806 W System.err: 	at android.os.Looper.loop(Looper.java:216)
11-05 12:37:00.426  8773  8806 W System.err: 	at android.os.HandlerThread.run(HandlerThread.java:65)
11-05 12:37:00.465  8773  8806 W System.err: java.net.SocketException: Message too long
11-05 12:37:00.465  8773  8806 W System.err: 	at sun.nio.ch.DatagramChannelImpl.send0(Native Method)
11-05 12:37:00.465  8773  8806 W System.err: 	at sun.nio.ch.DatagramChannelImpl.sendFromNativeBuffer(DatagramChannelImpl.java:573)
11-05 12:37:00.465  8773  8806 W System.err: 	at sun.nio.ch.DatagramChannelImpl.send(DatagramChannelImpl.java:550)
11-05 12:37:00.465  8773  8806 W System.err: 	at sun.nio.ch.DatagramChannelImpl.send(DatagramChannelImpl.java:514)
11-05 12:37:00.465  8773  8806 W System.err: 	at symlab.CloudAR.network.TransmissionTask.run(TransmissionTask.java:124)
11-05 12:37:00.465  8773  8806 W System.err: 	at android.os.Handler.handleCallback(Handler.java:907)
11-05 12:37:00.465  8773  8806 W System.err: 	at android.os.Handler.dispatchMessage(Handler.java:105)
11-05 12:37:00.465  8773  8806 W System.err: 	at android.os.Looper.loop(Looper.java:216)
11-05 12:37:00.465  8773  8806 W System.err: 	at android.os.HandlerThread.run(HandlerThread.java:65)
11-05 12:37:00.493  8773  8806 W System.err: java.net.SocketException: Message too long
11-05 12:37:00.493  8773  8806 W System.err: 	at sun.nio.ch.DatagramChannelImpl.send0(Native Method)
11-05 12:37:00.493  8773  8806 W System.err: 	at sun.nio.ch.DatagramChannelImpl.sendFromNativeBuffer(DatagramChannelImpl.java:573)
11-05 12:37:00.493  8773  8806 W System.err: 	at sun.nio.ch.DatagramChannelImpl.send(DatagramChannelImpl.java:550)
11-05 12:37:00.493  8773  8806 W System.err: 	at sun.nio.ch.DatagramChannelImpl.send(DatagramChannelImpl.java:514)
11-05 12:37:00.493  8773  8806 W System.err: 	at symlab.CloudAR.network.TransmissionTask.run(TransmissionTask.java:124)
11-05 12:37:00.493  8773  8806 W System.err: 	at android.os.Handler.handleCallback(Handler.java:907)
11-05 12:37:00.493  8773  8806 W System.err: 	at android.os.Handler.dispatchMessage(Handler.java:105)
