11-06 11:11:44.079 28050 28088 W System.err: 	at android.os.Handler.dispatchMessage(Handler.java:105)
11-06 11:11:44.079 28050 28088 W System.err: 	at android.os.Looper.loop(Looper.java:216)
11-06 11:11:44.079 28050 28088 W System.err: 	at android.os.HandlerThread.run(HandlerThread.java:65)
11-06 11:11:44.099 28050 28088 W System.err: java.net.SocketException: Message too long
11-06 11:11:44.100 28050 28088 W System.err: 	at sun.nio.ch.DatagramChannelImpl.send0(Native Method)
11-06 11:11:44.100 28050 28088 W System.err: 	at sun.nio.ch.DatagramChannelImpl.sendFromNativeBuffer(DatagramChannelImpl.java:573)
11-06 11:11:44.100 28050 28088 W System.err: 	at sun.nio.ch.DatagramChannelImpl.send(DatagramChannelImpl.java:550)
11-06 11:11:44.100 28050 28088 W System.err: 	at sun.nio.ch.DatagramChannelImpl.send(DatagramChannelImpl.java:514)
11-06 11:11:44.100 28050 28088 W System.err: 	at symlab.CloudAR.network.TransmissionTask.run(TransmissionTask.java:124)
11-06 11:11:44.100 28050 28088 W System.err: 	at android.os.Handler.handleCallback(Handler.java:907)
11-06 11:11:44.100 28050 28088 W System.err: 	at android.os.Handler.dispatchMessage(Handler.java:105)
11-06 11:11:44.100 28050 28088 W System.err: 	at android.os.Looper.loop(Looper.java:216)
11-06 11:11:44.100 28050 28088 W System.err: 	at android.os.HandlerThread.run(HandlerThread.java:65)
11-06 11:11:44.145 28050 28088 W System.err: java.net.SocketException: Message too long
11-06 11:11:44.145 28050 28088 W System.err: 	at sun.nio.ch.DatagramChannelImpl.send0(Native Method)
11-06 11:11:44.145 28050 28088 W System.err: 	at sun.nio.ch.DatagramChannelImpl.sendFromNativeBuffer(DatagramChannelImpl.java:573)
11-06 11:11:44.145 28050 28088 W System.err: 	at sun.nio.ch.DatagramChannelImpl.send(DatagramChannelImpl.java:550)
11-06 11:11:44.145 28050 28088 W System.err: 	at sun.nio.ch.DatagramChannelImpl.send(DatagramChannelImpl.java:514)
11-06 11:11:44.145 28050 28088 W System.err: 	at symlab.CloudAR.network.TransmissionTask.run(TransmissionTask.java:124)
11-06 11:11:44.145 28050 28088 W System.err: 	at android.os.Handler.handleCallback(Handler.java:907)
11-06 11:11:44.145 28050 28088 W System.err: 	at android.os.Handler.dispatchMessage(Handler.java:105)
11-06 11:11:44.145 28050 28088 W System.err: 	at android.os.Looper.loop(Looper.java:216)
11-06 11:11:44.145 28050 28088 W System.err: 	at android.os.HandlerThread.run(HandlerThread.java:65)
11-06 11:11:44.241 28050 28088 W System.err: java.net.SocketException: Message too long
11-06 11:11:44.241 28050 28088 W System.err: 	at sun.nio.ch.DatagramChannelImpl.send0(Native Method)
11-06 11:11:44.241 28050 28088 W System.err: 	at sun.nio.ch.DatagramChannelImpl.sendFromNativeBuffer(DatagramChannelImpl.java:573)
11-06 11:11:44.241 28050 28088 W System.err: 	at sun.nio.ch.DatagramChannelImpl.send(DatagramChannelImpl.java:550)
11-06 11:11:44.241 28050 28088 W System.err: 	at sun.nio.ch.DatagramChannelImpl.send(DatagramChannelImpl.java:514)
11-06 11:11:44.241 28050 28088 W System.err: 	at symlab.CloudAR.network.TransmissionTask.run(TransmissionTask.java:124)
11-06 11:11:44.241 28050 28088 W System.err: 	at android.os.Handler.handleCallback(Handler.java:907)
11-06 11:11:44.241 28050 28088 W System.err: 	at android.os.Handler.dispatchMessage(Handler.java:105)
11-06 11:11:44.241 28050 28088 W System.err: 	at android.os.Looper.loop(Looper.java:216)
11-06 11:11:44.241 28050 28088 W System.err: 	at android.os.HandlerThread.run(HandlerThread.java:65)
11-06 11:11:44.272 28050 28088 W System.err: java.net.SocketException: Message too long
11-06 11:11:44.272 28050 28088 W System.err: 	at sun.nio.ch.DatagramChannelImpl.send0(Native Method)
11-06 11:11:44.272 28050 28088 W System.err: 	at sun.nio.ch.DatagramChannelImpl.sendFromNativeBuffer(DatagramChannelImpl.java:573)
11-06 11:11:44.272 28050 28088 W System.err: 	at sun.nio.ch.DatagramChannelImpl.send(DatagramChannelImpl.java:550)
11-06 11:11:44.272 28050 28088 W System.err: 	at sun.nio.ch.DatagramChannelImpl.send(DatagramChannelImpl.java:514)
11-06 11:11:44.272 28050 28088 W System.err: 	at symlab.CloudAR.network.TransmissionTask.run(TransmissionTask.java:124)
11-06 11:11:44.272 28050 28088 W System.err: 	at android.os.Handler.handleCallback(Handler.java:907)
11-06 11:11:44.272 28050 28088 W System.err: 	at android.os.Handler.dispatchMessage(Handler.java:105)
11-06 11:11:44.272 28050 28088 W System.err: 	at android.os.Looper.loop(Looper.java:216)
11-06 11:11:44.272 28050 28088 W System.err: 	at android.os.HandlerThread.run(HandlerThread.java:65)
11-06 11:11:44.296 28050 28088 W System.err: java.net.SocketException: Message too long
11-06 11:11:44.296 28050 28088 W System.err: 	at sun.nio.ch.DatagramChannelImpl.send0(Native Method)
11-06 11:11:44.296 28050 28088 W System.err: 	at sun.nio.ch.DatagramChannelImpl.sendFromNativeBuffer(DatagramChannelImpl.java:573)
11-06 11:11:44.296 28050 28088 W System.err: 	at sun.nio.ch.DatagramChannelImpl.send(DatagramChannelImpl.java:550)
11-06 11:11:44.296 28050 28088 W System.err: 	at sun.nio.ch.DatagramChannelImpl.send(DatagramChannelImpl.java:514)
11-06 11:11:44.296 28050 28088 W System.err: 	at symlab.CloudAR.network.TransmissionTask.run(TransmissionTask.java:124)
11-06 11:11:44.296 28050 28088 W System.err: 	at android.os.Handler.handleCallback(Handler.java:907)
11-06 11:11:44.296 28050 28088 W System.err: 	at android.os.Handler.dispatchMessage(Handler.java:105)
11-06 11:11:44.296 28050 28088 W System.err: 	at android.os.Looper.loop(Looper.java:216)
11-06 11:11:44.296 28050 28088 W System.err: 	at android.os.HandlerThread.run(HandlerThread.java:65)
11-06 11:11:44.322 28050 28088 W System.err: java.net.SocketException: Message too long
11-06 11:11:44.322 28050 28088 W System.err: 	at sun.nio.ch.DatagramChannelImpl.send0(Native Method)
11-06 11:11:44.322 28050 28088 W System.err: 	at sun.nio.ch.DatagramChannelImpl.sendFromNativeBuffer(DatagramChannelImpl.java:573)
11-06 11:11:44.322 28050 28088 W System.err: 	at sun.nio.ch.DatagramChannelImpl.send(DatagramChannelImpl.java:550)
11-06 11:11:44.322 28050 28088 W System.err: 	at sun.nio.ch.DatagramChannelImpl.send(DatagramChannelImpl.java:514)
11-06 11:11:44.322 28050 28088 W System.err: 	at symlab.CloudAR.network.TransmissionTask.run(TransmissionTask.java:124)
11-06 11:11:44.322 28050 28088 W System.err: 	at android.os.Handler.handleCallback(Handler.java:907)
11-06 11:11:44.322 28050 28088 W System.err: 	at android.os.Handler.dispatchMessage(Handler.java:105)
11-06 11:11:44.322 28050 28088 W System.err: 	at android.os.Looper.loop(Looper.java:216)
11-06 11:11:44.322 28050 28088 W System.err: 	at android.os.HandlerThread.run(HandlerThread.java:65)
11-06 11:11:44.343 28050 28050 D Poster  : At 1573031504342 location is 65.05997262933177 (latitude), and 25.466595638778283 (longitude)
11-06 11:11:44.345 28050 28088 W System.err: java.net.SocketException: Message too long
11-06 11:11:44.345 28050 28065 E         : [ZeroHung]zrhung_get_config: Get config failed for wp[0x0008]
11-06 11:11:44.345 28050 28088 W System.err: 	at sun.nio.ch.DatagramChannelImpl.send0(Native Method)
11-06 11:11:44.345 28050 28088 W System.err: 	at sun.nio.ch.DatagramChannelImpl.sendFromNativeBuffer(DatagramChannelImpl.java:573)
11-06 11:11:44.345 28050 28088 W System.err: 	at sun.nio.ch.DatagramChannelImpl.send(DatagramChannelImpl.java:550)
11-06 11:11:44.345 28050 28088 W System.err: 	at sun.nio.ch.DatagramChannelImpl.send(DatagramChannelImpl.java:514)
11-06 11:11:44.345 28050 28088 W System.err: 	at symlab.CloudAR.network.TransmissionTask.run(TransmissionTask.java:124)
11-06 11:11:44.345 28050 28088 W System.err: 	at android.os.Handler.handleCallback(Handler.java:907)
11-06 11:11:44.345 28050 28088 W System.err: 	at android.os.Handler.dispatchMessage(Handler.java:105)
11-06 11:11:44.345 28050 28050 D Poster  : Connected to mobile network 20
11-06 11:11:44.345 28050 28088 W System.err: 	at android.os.Looper.loop(Looper.java:216)
11-06 11:11:44.345 28050 28088 W System.err: 	at android.os.HandlerThread.run(HandlerThread.java:65)
11-06 11:11:44.384 28050 28088 W System.err: java.net.SocketException: Message too long
11-06 11:11:44.385 28050 28088 W System.err: 	at sun.nio.ch.DatagramChannelImpl.send0(Native Method)
11-06 11:11:44.385 28050 28088 W System.err: 	at sun.nio.ch.DatagramChannelImpl.sendFromNativeBuffer(DatagramChannelImpl.java:573)
11-06 11:11:44.385 28050 28088 W System.err: 	at sun.nio.ch.DatagramChannelImpl.send(DatagramChannelImpl.java:550)
11-06 11:11:44.385 28050 28088 W System.err: 	at sun.nio.ch.DatagramChannelImpl.send(DatagramChannelImpl.java:514)
11-06 11:11:44.385 28050 28088 W System.err: 	at symlab.CloudAR.network.TransmissionTask.run(TransmissionTask.java:124)
11-06 11:11:44.385 28050 28088 W System.err: 	at android.os.Handler.handleCallback(Handler.java:907)
11-06 11:11:44.385 28050 28088 W System.err: 	at android.os.Handler.dispatchMessage(Handler.java:105)
11-06 11:11:44.385 28050 28088 W System.err: 	at android.os.Looper.loop(Looper.java:216)
11-06 11:11:44.385 28050 28088 W System.err: 	at android.os.HandlerThread.run(HandlerThread.java:65)
11-06 11:11:44.409 28050 28088 W System.err: java.net.SocketException: Message too long
11-06 11:11:44.409 28050 28088 W System.err: 	at sun.nio.ch.DatagramChannelImpl.send0(Native Method)
11-06 11:11:44.409 28050 28088 W System.err: 	at sun.nio.ch.DatagramChannelImpl.sendFromNativeBuffer(DatagramChannelImpl.java:573)
11-06 11:11:44.409 28050 28088 W System.err: 	at sun.nio.ch.DatagramChannelImpl.send(DatagramChannelImpl.java:550)
11-06 11:11:44.409 28050 28088 W System.err: 	at sun.nio.ch.DatagramChannelImpl.send(DatagramChannelImpl.java:514)
11-06 11:11:44.409 28050 28088 W System.err: 	at symlab.CloudAR.network.TransmissionTask.run(TransmissionTask.java:124)
11-06 11:11:44.409 28050 28088 W System.err: 	at android.os.Handler.handleCallback(Handler.java:907)
11-06 11:11:44.409 28050 28088 W System.err: 	at android.os.Handler.dispatchMessage(Handler.java:105)
11-06 11:11:44.409 28050 28088 W System.err: 	at android.os.Looper.loop(Looper.java:216)
11-06 11:11:44.409 28050 28088 W System.err: 	at android.os.HandlerThread.run(HandlerThread.java:65)
11-06 11:11:44.438 28050 28088 W System.err: java.net.SocketException: Message too long
11-06 11:11:44.438 28050 28088 W System.err: 	at sun.nio.ch.DatagramChannelImpl.send0(Native Method)
11-06 11:11:44.438 28050 28088 W System.err: 	at sun.nio.ch.DatagramChannelImpl.sendFromNativeBuffer(DatagramChannelImpl.java:573)
11-06 11:11:44.438 28050 28088 W System.err: 	at sun.nio.ch.DatagramChannelImpl.send(DatagramChannelImpl.java:550)
11-06 11:11:44.438 28050 28088 W System.err: 	at sun.nio.ch.DatagramChannelImpl.send(DatagramChannelImpl.java:514)
11-06 11:11:44.438 28050 28088 W System.err: 	at symlab.CloudAR.network.TransmissionTask.run(TransmissionTask.java:124)
11-06 11:11:44.438 28050 28088 W System.err: 	at android.os.Handler.handleCallback(Handler.java:907)
11-06 11:11:44.438 28050 28088 W System.err: 	at android.os.Handler.dispatchMessage(Handler.java:105)
11-06 11:11:44.438 28050 28088 W System.err: 	at android.os.Looper.loop(Looper.java:216)
11-06 11:11:44.438 28050 28088 W System.err: 	at android.os.HandlerThread.run(HandlerThread.java:65)
11-06 11:11:44.478 28050 28088 W System.err: java.net.SocketException: Message too long
11-06 11:11:44.478 28050 28088 W System.err: 	at sun.nio.ch.DatagramChannelImpl.send0(Native Method)
11-06 11:11:44.478 28050 28088 W System.err: 	at sun.nio.ch.DatagramChannelImpl.sendFromNativeBuffer(DatagramChannelImpl.java:573)
11-06 11:11:44.478 28050 28088 W System.err: 	at sun.nio.ch.DatagramChannelImpl.send(DatagramChannelImpl.java:550)
11-06 11:11:44.478 28050 28088 W System.err: 	at sun.nio.ch.DatagramChannelImpl.send(DatagramChannelImpl.java:514)
11-06 11:11:44.478 28050 28088 W System.err: 	at symlab.CloudAR.network.TransmissionTask.run(TransmissionTask.java:124)
11-06 11:11:44.478 28050 28088 W System.err: 	at android.os.Handler.handleCallback(Handler.java:907)
11-06 11:11:44.478 28050 28088 W System.err: 	at android.os.Handler.dispatchMessage(Handler.java:105)
11-06 11:11:44.478 28050 28088 W System.err: 	at android.os.Looper.loop(Looper.java:216)
11-06 11:11:44.478 28050 28088 W System.err: 	at android.os.HandlerThread.run(HandlerThread.java:65)
11-06 11:11:44.517 28050 28088 W System.err: java.net.SocketException: Message too long
11-06 11:11:44.517 28050 28088 W System.err: 	at sun.nio.ch.DatagramChannelImpl.send0(Native Method)
11-06 11:11:44.517 28050 28088 W System.err: 	at sun.nio.ch.DatagramChannelImpl.sendFromNativeBuffer(DatagramChannelImpl.java:573)
11-06 11:11:44.517 28050 28088 W System.err: 	at sun.nio.ch.DatagramChannelImpl.send(DatagramChannelImpl.java:550)
11-06 11:11:44.517 28050 28088 W System.err: 	at sun.nio.ch.DatagramChannelImpl.send(DatagramChannelImpl.java:514)
11-06 11:11:44.517 28050 28088 W System.err: 	at symlab.CloudAR.network.TransmissionTask.run(TransmissionTask.java:124)
11-06 11:11:44.517 28050 28088 W System.err: 	at android.os.Handler.handleCallback(Handler.java:907)
11-06 11:11:44.517 28050 28088 W System.err: 	at android.os.Handler.dispatchMessage(Handler.java:105)
11-06 11:11:44.517 28050 28088 W System.err: 	at android.os.Looper.loop(Looper.java:216)
11-06 11:11:44.517 28050 28088 W System.err: 	at android.os.HandlerThread.run(HandlerThread.java:65)
11-06 11:11:44.541 28050 28088 W System.err: java.net.SocketException: Message too long
11-06 11:11:44.541 28050 28088 W System.err: 	at sun.nio.ch.DatagramChannelImpl.send0(Native Method)
11-06 11:11:44.541 28050 28088 W System.err: 	at sun.nio.ch.DatagramChannelImpl.sendFromNativeBuffer(DatagramChannelImpl.java:573)
11-06 11:11:44.541 28050 28088 W System.err: 	at sun.nio.ch.DatagramChannelImpl.send(DatagramChannelImpl.java:550)
11-06 11:11:44.541 28050 28088 W System.err: 	at sun.nio.ch.DatagramChannelImpl.send(DatagramChannelImpl.java:514)
11-06 11:11:44.541 28050 28088 W System.err: 	at symlab.CloudAR.network.TransmissionTask.run(TransmissionTask.java:124)
11-06 11:11:44.541 28050 28088 W System.err: 	at android.os.Handler.handleCallback(Handler.java:907)
11-06 11:11:44.541 28050 28088 W System.err: 	at android.os.Handler.dispatchMessage(Handler.java:105)
11-06 11:11:44.541 28050 28088 W System.err: 	at android.os.Looper.loop(Looper.java:216)
11-06 11:11:44.541 28050 28088 W System.err: 	at android.os.HandlerThread.run(HandlerThread.java:65)
11-06 11:11:44.620 28050 28088 W System.err: java.net.SocketException: Message too long
11-06 11:11:44.620 28050 28088 W System.err: 	at sun.nio.ch.DatagramChannelImpl.send0(Native Method)
11-06 11:11:44.620 28050 28088 W System.err: 	at sun.nio.ch.DatagramChannelImpl.sendFromNativeBuffer(DatagramChannelImpl.java:573)
11-06 11:11:44.620 28050 28088 W System.err: 	at sun.nio.ch.DatagramChannelImpl.send(DatagramChannelImpl.java:550)
11-06 11:11:44.620 28050 28088 W System.err: 	at sun.nio.ch.DatagramChannelImpl.send(DatagramChannelImpl.java:514)
11-06 11:11:44.620 28050 28088 W System.err: 	at symlab.CloudAR.network.TransmissionTask.run(TransmissionTask.java:124)
11-06 11:11:44.620 28050 28088 W System.err: 	at android.os.Handler.handleCallback(Handler.java:907)
11-06 11:11:44.620 28050 28088 W System.err: 	at android.os.Handler.dispatchMessage(Handler.java:105)
11-06 11:11:44.620 28050 28088 W System.err: 	at android.os.Looper.loop(Looper.java:216)
11-06 11:11:44.620 28050 28088 W System.err: 	at android.os.HandlerThread.run(HandlerThread.java:65)
11-06 11:11:44.676 28050 28088 W System.err: java.net.SocketException: Message too long
11-06 11:11:44.676 28050 28088 W System.err: 	at sun.nio.ch.DatagramChannelImpl.send0(Native Method)
11-06 11:11:44.676 28050 28088 W System.err: 	at sun.nio.ch.DatagramChannelImpl.sendFromNativeBuffer(DatagramChannelImpl.java:573)
11-06 11:11:44.676 28050 28088 W System.err: 	at sun.nio.ch.DatagramChannelImpl.send(DatagramChannelImpl.java:550)
11-06 11:11:44.676 28050 28088 W System.err: 	at sun.nio.ch.DatagramChannelImpl.send(DatagramChannelImpl.java:514)
11-06 11:11:44.676 28050 28088 W System.err: 	at symlab.CloudAR.network.TransmissionTask.run(TransmissionTask.java:124)
11-06 11:11:44.676 28050 28088 W System.err: 	at android.os.Handler.handleCallback(Handler.java:907)
11-06 11:11:44.676 28050 28088 W System.err: 	at android.os.Handler.dispatchMessage(Handler.java:105)
11-06 11:11:44.676 28050 28088 W System.err: 	at android.os.Looper.loop(Looper.java:216)
11-06 11:11:44.676 28050 28088 W System.err: 	at android.os.HandlerThread.run(HandlerThread.java:65)
11-06 11:11:44.727 28050 28088 W System.err: java.net.SocketException: Message too long
11-06 11:11:44.727 28050 28088 W System.err: 	at sun.nio.ch.DatagramChannelImpl.send0(Native Method)
11-06 11:11:44.727 28050 28088 W System.err: 	at sun.nio.ch.DatagramChannelImpl.sendFromNativeBuffer(DatagramChannelImpl.java:573)
11-06 11:11:44.727 28050 28088 W System.err: 	at sun.nio.ch.DatagramChannelImpl.send(DatagramChannelImpl.java:550)
11-06 11:11:44.727 28050 28088 W System.err: 	at sun.nio.ch.DatagramChannelImpl.send(DatagramChannelImpl.java:514)
11-06 11:11:44.727 28050 28088 W System.err: 	at symlab.CloudAR.network.TransmissionTask.run(TransmissionTask.java:124)
11-06 11:11:44.727 28050 28088 W System.err: 	at android.os.Handler.handleCallback(Handler.java:907)
11-06 11:11:44.727 28050 28088 W System.err: 	at android.os.Handler.dispatchMessage(Handler.java:105)
11-06 11:11:44.727 28050 28088 W System.err: 	at android.os.Looper.loop(Looper.java:216)
11-06 11:11:44.727 28050 28088 W System.err: 	at android.os.HandlerThread.run(HandlerThread.java:65)
11-06 11:11:44.749 28050 28088 W System.err: java.net.SocketException: Message too long
11-06 11:11:44.749 28050 28088 W System.err: 	at sun.nio.ch.DatagramChannelImpl.send0(Native Method)
11-06 11:11:44.749 28050 28088 W System.err: 	at sun.nio.ch.DatagramChannelImpl.sendFromNativeBuffer(DatagramChannelImpl.java:573)
11-06 11:11:44.749 28050 28088 W System.err: 	at sun.nio.ch.DatagramChannelImpl.send(DatagramChannelImpl.java:550)
11-06 11:11:44.749 28050 28088 W System.err: 	at sun.nio.ch.DatagramChannelImpl.send(DatagramChannelImpl.java:514)
11-06 11:11:44.749 28050 28088 W System.err: 	at symlab.CloudAR.network.TransmissionTask.run(TransmissionTask.java:124)
11-06 11:11:44.749 28050 28088 W System.err: 	at android.os.Handler.handleCallback(Handler.java:907)
11-06 11:11:44.749 28050 28088 W System.err: 	at android.os.Handler.dispatchMessage(Handler.java:105)
11-06 11:11:44.749 28050 28088 W System.err: 	at android.os.Looper.loop(Looper.java:216)
11-06 11:11:44.750 28050 28088 W System.err: 	at android.os.HandlerThread.run(HandlerThread.java:65)
11-06 11:11:44.770 28050 28088 W System.err: java.net.SocketException: Message too long
11-06 11:11:44.770 28050 28088 W System.err: 	at sun.nio.ch.DatagramChannelImpl.send0(Native Method)
11-06 11:11:44.770 28050 28088 W System.err: 	at sun.nio.ch.DatagramChannelImpl.sendFromNativeBuffer(DatagramChannelImpl.java:573)
11-06 11:11:44.770 28050 28088 W System.err: 	at sun.nio.ch.DatagramChannelImpl.send(DatagramChannelImpl.java:550)
11-06 11:11:44.770 28050 28088 W System.err: 	at sun.nio.ch.DatagramChannelImpl.send(DatagramChannelImpl.java:514)
11-06 11:11:44.770 28050 28088 W System.err: 	at symlab.CloudAR.network.TransmissionTask.run(TransmissionTask.java:124)
11-06 11:11:44.770 28050 28088 W System.err: 	at android.os.Handler.handleCallback(Handler.java:907)
11-06 11:11:44.770 28050 28088 W System.err: 	at android.os.Handler.dispatchMessage(Handler.java:105)
11-06 11:11:44.770 28050 28088 W System.err: 	at android.os.Looper.loop(Looper.java:216)
11-06 11:11:44.770 28050 28088 W System.err: 	at android.os.HandlerThread.run(HandlerThread.java:65)
11-06 11:11:44.810 28050 28088 W System.err: java.net.SocketException: Message too long
11-06 11:11:44.810 28050 28088 W System.err: 	at sun.nio.ch.DatagramChannelImpl.send0(Native Method)
11-06 11:11:44.810 28050 28088 W System.err: 	at sun.nio.ch.DatagramChannelImpl.sendFromNativeBuffer(DatagramChannelImpl.java:573)
11-06 11:11:44.810 28050 28088 W System.err: 	at sun.nio.ch.DatagramChannelImpl.send(DatagramChannelImpl.java:550)
11-06 11:11:44.810 28050 28088 W System.err: 	at sun.nio.ch.DatagramChannelImpl.send(DatagramChannelImpl.java:514)
11-06 11:11:44.810 28050 28088 W System.err: 	at symlab.CloudAR.network.TransmissionTask.run(TransmissionTask.java:124)
11-06 11:11:44.810 28050 28088 W System.err: 	at android.os.Handler.handleCallback(Handler.java:907)
11-06 11:11:44.810 28050 28088 W System.err: 	at android.os.Handler.dispatchMessage(Handler.java:105)
11-06 11:11:44.810 28050 28088 W System.err: 	at android.os.Looper.loop(Looper.java:216)
11-06 11:11:44.810 28050 28088 W System.err: 	at android.os.HandlerThread.run(HandlerThread.java:65)
11-06 11:11:44.834 28050 28088 W System.err: java.net.SocketException: Message too long
11-06 11:11:44.834 28050 28088 W System.err: 	at sun.nio.ch.DatagramChannelImpl.send0(Native Method)
11-06 11:11:44.834 28050 28088 W System.err: 	at sun.nio.ch.DatagramChannelImpl.sendFromNativeBuffer(DatagramChannelImpl.java:573)
11-06 11:11:44.834 28050 28088 W System.err: 	at sun.nio.ch.DatagramChannelImpl.send(DatagramChannelImpl.java:550)
11-06 11:11:44.834 28050 28088 W System.err: 	at sun.nio.ch.DatagramChannelImpl.send(DatagramChannelImpl.java:514)
11-06 11:11:44.834 28050 28088 W System.err: 	at symlab.CloudAR.network.TransmissionTask.run(TransmissionTask.java:124)
11-06 11:11:44.834 28050 28088 W System.err: 	at android.os.Handler.handleCallback(Handler.java:907)
11-06 11:11:44.834 28050 28088 W System.err: 	at android.os.Handler.dispatchMessage(Handler.java:105)
11-06 11:11:44.834 28050 28088 W System.err: 	at android.os.Looper.loop(Looper.java:216)
11-06 11:11:44.834 28050 28088 W System.err: 	at android.os.HandlerThread.run(HandlerThread.java:65)
11-06 11:11:44.869 28050 28088 W System.err: java.net.SocketException: Message too long
11-06 11:11:44.869 28050 28088 W System.err: 	at sun.nio.ch.DatagramChannelImpl.send0(Native Method)
11-06 11:11:44.869 28050 28088 W System.err: 	at sun.nio.ch.DatagramChannelImpl.sendFromNativeBuffer(DatagramChannelImpl.java:573)
11-06 11:11:44.869 28050 28088 W System.err: 	at sun.nio.ch.DatagramChannelImpl.send(DatagramChannelImpl.java:550)
11-06 11:11:44.869 28050 28088 W System.err: 	at sun.nio.ch.DatagramChannelImpl.send(DatagramChannelImpl.java:514)
11-06 11:11:44.869 28050 28088 W System.err: 	at symlab.CloudAR.network.TransmissionTask.run(TransmissionTask.java:124)
11-06 11:11:44.869 28050 28088 W System.err: 	at android.os.Handler.handleCallback(Handler.java:907)
11-06 11:11:44.869 28050 28088 W System.err: 	at android.os.Handler.dispatchMessage(Handler.java:105)
11-06 11:11:44.869 28050 28088 W System.err: 	at android.os.Looper.loop(Looper.java:216)
11-06 11:11:44.869 28050 28088 W System.err: 	at android.os.HandlerThread.run(HandlerThread.java:65)
11-06 11:11:44.916 28050 28088 W System.err: java.net.SocketException: Message too long
11-06 11:11:44.916 28050 28065 E         : [ZeroHung]zrhung_get_config: Get config failed for wp[0x0008]
11-06 11:11:44.916 28050 28088 W System.err: 	at sun.nio.ch.DatagramChannelImpl.send0(Native Method)
11-06 11:11:44.916 28050 28088 W System.err: 	at sun.nio.ch.DatagramChannelImpl.sendFromNativeBuffer(DatagramChannelImpl.java:573)
11-06 11:11:44.916 28050 28088 W System.err: 	at sun.nio.ch.DatagramChannelImpl.send(DatagramChannelImpl.java:550)
11-06 11:11:44.916 28050 28088 W System.err: 	at sun.nio.ch.DatagramChannelImpl.send(DatagramChannelImpl.java:514)
11-06 11:11:44.916 28050 28088 W System.err: 	at symlab.CloudAR.network.TransmissionTask.run(TransmissionTask.java:124)
11-06 11:11:44.916 28050 28088 W System.err: 	at android.os.Handler.handleCallback(Handler.java:907)
11-06 11:11:44.916 28050 28088 W System.err: 	at android.os.Handler.dispatchMessage(Handler.java:105)
11-06 11:11:44.916 28050 28088 W System.err: 	at android.os.Looper.loop(Looper.java:216)
11-06 11:11:44.916 28050 28088 W System.err: 	at android.os.HandlerThread.run(HandlerThread.java:65)
11-06 11:11:44.957 28050 28088 W System.err: java.net.SocketException: Message too long
11-06 11:11:44.957 28050 28088 W System.err: 	at sun.nio.ch.DatagramChannelImpl.send0(Native Method)
11-06 11:11:44.957 28050 28088 W System.err: 	at sun.nio.ch.DatagramChannelImpl.sendFromNativeBuffer(DatagramChannelImpl.java:573)
11-06 11:11:44.957 28050 28088 W System.err: 	at sun.nio.ch.DatagramChannelImpl.send(DatagramChannelImpl.java:550)
11-06 11:11:44.957 28050 28088 W System.err: 	at sun.nio.ch.DatagramChannelImpl.send(DatagramChannelImpl.java:514)
11-06 11:11:44.957 28050 28088 W System.err: 	at symlab.CloudAR.network.TransmissionTask.run(TransmissionTask.java:124)
11-06 11:11:44.957 28050 28088 W System.err: 	at android.os.Handler.handleCallback(Handler.java:907)
11-06 11:11:44.957 28050 28088 W System.err: 	at android.os.Handler.dispatchMessage(Handler.java:105)
11-06 11:11:44.957 28050 28088 W System.err: 	at android.os.Looper.loop(Looper.java:216)
11-06 11:11:44.957 28050 28088 W System.err: 	at android.os.HandlerThread.run(HandlerThread.java:65)
11-06 11:11:44.988 28050 28088 W System.err: java.net.SocketException: Message too long
11-06 11:11:44.988 28050 28088 W System.err: 	at sun.nio.ch.DatagramChannelImpl.send0(Native Method)
11-06 11:11:44.988 28050 28088 W System.err: 	at sun.nio.ch.DatagramChannelImpl.sendFromNativeBuffer(DatagramChannelImpl.java:573)
11-06 11:11:44.988 28050 28088 W System.err: 	at sun.nio.ch.DatagramChannelImpl.send(DatagramChannelImpl.java:550)
11-06 11:11:44.988 28050 28088 W System.err: 	at sun.nio.ch.DatagramChannelImpl.send(DatagramChannelImpl.java:514)
11-06 11:11:44.988 28050 28088 W System.err: 	at symlab.CloudAR.network.TransmissionTask.run(TransmissionTask.java:124)
11-06 11:11:44.988 28050 28088 W System.err: 	at android.os.Handler.handleCallback(Handler.java:907)
11-06 11:11:44.988 28050 28088 W System.err: 	at android.os.Handler.dispatchMessage(Handler.java:105)
11-06 11:11:44.988 28050 28088 W System.err: 	at android.os.Looper.loop(Looper.java:216)
11-06 11:11:44.988 28050 28088 W System.err: 	at android.os.HandlerThread.run(HandlerThread.java:65)
11-06 11:11:44.997 28050 28050 D stylus  : init stylus touchlistener.
11-06 11:11:45.004 28050 28050 W Settings: Setting device_provisioned has moved from android.provider.Settings.Secure to android.provider.Settings.Global.
11-06 11:11:45.005 28050 28050 V HiTouch_HiTouchSensor: User setup is finished.
11-06 11:11:45.009 28050 28088 W System.err: java.net.SocketException: Message too long
11-06 11:11:45.009 28050 28088 W System.err: 	at sun.nio.ch.DatagramChannelImpl.send0(Native Method)
11-06 11:11:45.009 28050 28088 W System.err: 	at sun.nio.ch.DatagramChannelImpl.sendFromNativeBuffer(DatagramChannelImpl.java:573)
11-06 11:11:45.009 28050 28088 W System.err: 	at sun.nio.ch.DatagramChannelImpl.send(DatagramChannelImpl.java:550)
11-06 11:11:45.009 28050 28088 W System.err: 	at sun.nio.ch.DatagramChannelImpl.send(DatagramChannelImpl.java:514)
11-06 11:11:45.009 28050 28088 W System.err: 	at symlab.CloudAR.network.TransmissionTask.run(TransmissionTask.java:124)
11-06 11:11:45.009 28050 28088 W System.err: 	at android.os.Handler.handleCallback(Handler.java:907)
11-06 11:11:45.009 28050 28088 W System.err: 	at android.os.Handler.dispatchMessage(Handler.java:105)
11-06 11:11:45.009 28050 28088 W System.err: 	at android.os.Looper.loop(Looper.java:216)
11-06 11:11:45.009 28050 28088 W System.err: 	at android.os.HandlerThread.run(HandlerThread.java:65)
11-06 11:11:45.026 28050 28050 W HiTouch_PressGestureDetector: Touch pointer move a lot. The moving distance of X is:84.82922, limit is:60The moving distance of Y is:65.931786, limit is:60
11-06 11:11:45.065 28050 28088 W System.err: java.net.SocketException: Message too long
11-06 11:11:45.065 28050 28088 W System.err: 	at sun.nio.ch.DatagramChannelImpl.send0(Native Method)
11-06 11:11:45.065 28050 28088 W System.err: 	at sun.nio.ch.DatagramChannelImpl.sendFromNativeBuffer(DatagramChannelImpl.java:573)
11-06 11:11:45.065 28050 28088 W System.err: 	at sun.nio.ch.DatagramChannelImpl.send(DatagramChannelImpl.java:550)
11-06 11:11:45.065 28050 28088 W System.err: 	at sun.nio.ch.DatagramChannelImpl.send(DatagramChannelImpl.java:514)
11-06 11:11:45.065 28050 28088 W System.err: 	at symlab.CloudAR.network.TransmissionTask.run(TransmissionTask.java:124)
11-06 11:11:45.065 28050 28088 W System.err: 	at android.os.Handler.handleCallback(Handler.java:907)
11-06 11:11:45.065 28050 28088 W System.err: 	at android.os.Handler.dispatchMessage(Handler.java:105)
11-06 11:11:45.065 28050 28088 W System.err: 	at android.os.Looper.loop(Looper.java:216)
11-06 11:11:45.065 28050 28088 W System.err: 	at android.os.HandlerThread.run(HandlerThread.java:65)
11-06 11:11:45.094 28050 28088 W System.err: java.net.SocketException: Message too long
11-06 11:11:45.094 28050 28088 W System.err: 	at sun.nio.ch.DatagramChannelImpl.send0(Native Method)
11-06 11:11:45.094 28050 28088 W System.err: 	at sun.nio.ch.DatagramChannelImpl.sendFromNativeBuffer(DatagramChannelImpl.java:573)
11-06 11:11:45.094 28050 28088 W System.err: 	at sun.nio.ch.DatagramChannelImpl.send(DatagramChannelImpl.java:550)
11-06 11:11:45.094 28050 28088 W System.err: 	at sun.nio.ch.DatagramChannelImpl.send(DatagramChannelImpl.java:514)
11-06 11:11:45.094 28050 28088 W System.err: 	at symlab.CloudAR.network.TransmissionTask.run(TransmissionTask.java:124)
11-06 11:11:45.094 28050 28088 W System.err: 	at android.os.Handler.handleCallback(Handler.java:907)
11-06 11:11:45.094 28050 28088 W System.err: 	at android.os.Handler.dispatchMessage(Handler.java:105)
11-06 11:11:45.094 28050 28088 W System.err: 	at android.os.Looper.loop(Looper.java:216)
11-06 11:11:45.094 28050 28088 W System.err: 	at android.os.HandlerThread.run(HandlerThread.java:65)
11-06 11:11:45.118 28050 28088 W System.err: java.net.SocketException: Message too long
11-06 11:11:45.118 28050 28088 W System.err: 	at sun.nio.ch.DatagramChannelImpl.send0(Native Method)
11-06 11:11:45.118 28050 28088 W System.err: 	at sun.nio.ch.DatagramChannelImpl.sendFromNativeBuffer(DatagramChannelImpl.java:573)
11-06 11:11:45.118 28050 28088 W System.err: 	at sun.nio.ch.DatagramChannelImpl.send(DatagramChannelImpl.java:550)
11-06 11:11:45.118 28050 28088 W System.err: 	at sun.nio.ch.DatagramChannelImpl.send(DatagramChannelImpl.java:514)
11-06 11:11:45.118 28050 28088 W System.err: 	at symlab.CloudAR.network.TransmissionTask.run(TransmissionTask.java:124)
11-06 11:11:45.118 28050 28088 W System.err: 	at android.os.Handler.handleCallback(Handler.java:907)
11-06 11:11:45.118 28050 28088 W System.err: 	at android.os.Handler.dispatchMessage(Handler.java:105)
11-06 11:11:45.118 28050 28088 W System.err: 	at android.os.Looper.loop(Looper.java:216)
11-06 11:11:45.118 28050 28088 W System.err: 	at android.os.HandlerThread.run(HandlerThread.java:65)
11-06 11:11:45.142 28050 28088 W System.err: java.net.SocketException: Message too long
11-06 11:11:45.142 28050 28088 W System.err: 	at sun.nio.ch.DatagramChannelImpl.send0(Native Method)
11-06 11:11:45.142 28050 28088 W System.err: 	at sun.nio.ch.DatagramChannelImpl.sendFromNativeBuffer(DatagramChannelImpl.java:573)
11-06 11:11:45.142 28050 28088 W System.err: 	at sun.nio.ch.DatagramChannelImpl.send(DatagramChannelImpl.java:550)
11-06 11:11:45.142 28050 28088 W System.err: 	at sun.nio.ch.DatagramChannelImpl.send(DatagramChannelImpl.java:514)
11-06 11:11:45.142 28050 28088 W System.err: 	at symlab.CloudAR.network.TransmissionTask.run(TransmissionTask.java:124)
11-06 11:11:45.142 28050 28088 W System.err: 	at android.os.Handler.handleCallback(Handler.java:907)
11-06 11:11:45.142 28050 28088 W System.err: 	at android.os.Handler.dispatchMessage(Handler.java:105)
11-06 11:11:45.142 28050 28088 W System.err: 	at android.os.Looper.loop(Looper.java:216)
11-06 11:11:45.142 28050 28088 W System.err: 	at android.os.HandlerThread.run(HandlerThread.java:65)
11-06 11:11:45.182 28050 28088 W System.err: java.net.SocketException: Message too long
11-06 11:11:45.182 28050 28088 W System.err: 	at sun.nio.ch.DatagramChannelImpl.send0(Native Method)
11-06 11:11:45.182 28050 28088 W System.err: 	at sun.nio.ch.DatagramChannelImpl.sendFromNativeBuffer(DatagramChannelImpl.java:573)
11-06 11:11:45.182 28050 28088 W System.err: 	at sun.nio.ch.DatagramChannelImpl.send(DatagramChannelImpl.java:550)
11-06 11:11:45.182 28050 28088 W System.err: 	at sun.nio.ch.DatagramChannelImpl.send(DatagramChannelImpl.java:514)
11-06 11:11:45.182 28050 28088 W System.err: 	at symlab.CloudAR.network.TransmissionTask.run(TransmissionTask.java:124)
11-06 11:11:45.182 28050 28088 W System.err: 	at android.os.Handler.handleCallback(Handler.java:907)
11-06 11:11:45.182 28050 28088 W System.err: 	at android.os.Handler.dispatchMessage(Handler.java:105)
11-06 11:11:45.182 28050 28088 W System.err: 	at android.os.Looper.loop(Looper.java:216)
11-06 11:11:45.182 28050 28088 W System.err: 	at android.os.HandlerThread.run(HandlerThread.java:65)
11-06 11:11:45.210 28050 28088 W System.err: java.net.SocketException: Message too long
11-06 11:11:45.210 28050 28088 W System.err: 	at sun.nio.ch.DatagramChannelImpl.send0(Native Method)
11-06 11:11:45.210 28050 28088 W System.err: 	at sun.nio.ch.DatagramChannelImpl.sendFromNativeBuffer(DatagramChannelImpl.java:573)
11-06 11:11:45.210 28050 28088 W System.err: 	at sun.nio.ch.DatagramChannelImpl.send(DatagramChannelImpl.java:550)
11-06 11:11:45.210 28050 28088 W System.err: 	at sun.nio.ch.DatagramChannelImpl.send(DatagramChannelImpl.java:514)
11-06 11:11:45.210 28050 28088 W System.err: 	at symlab.CloudAR.network.TransmissionTask.run(TransmissionTask.java:124)
11-06 11:11:45.210 28050 28088 W System.err: 	at android.os.Handler.handleCallback(Handler.java:907)
11-06 11:11:45.210 28050 28088 W System.err: 	at android.os.Handler.dispatchMessage(Handler.java:105)
11-06 11:11:45.210 28050 28088 W System.err: 	at android.os.Looper.loop(Looper.java:216)
11-06 11:11:45.210 28050 28088 W System.err: 	at android.os.HandlerThread.run(HandlerThread.java:65)
11-06 11:11:45.239 28050 28088 W System.err: java.net.SocketException: Message too long
11-06 11:11:45.239 28050 28088 W System.err: 	at sun.nio.ch.DatagramChannelImpl.send0(Native Method)
11-06 11:11:45.239 28050 28088 W System.err: 	at sun.nio.ch.DatagramChannelImpl.sendFromNativeBuffer(DatagramChannelImpl.java:573)
11-06 11:11:45.239 28050 28088 W System.err: 	at sun.nio.ch.DatagramChannelImpl.send(DatagramChannelImpl.java:550)
11-06 11:11:45.239 28050 28088 W System.err: 	at sun.nio.ch.DatagramChannelImpl.send(DatagramChannelImpl.java:514)
11-06 11:11:45.239 28050 28088 W System.err: 	at symlab.CloudAR.network.TransmissionTask.run(TransmissionTask.java:124)
11-06 11:11:45.239 28050 28088 W System.err: 	at android.os.Handler.handleCallback(Handler.java:907)
11-06 11:11:45.239 28050 28088 W System.err: 	at android.os.Handler.dispatchMessage(Handler.java:105)
11-06 11:11:45.239 28050 28088 W System.err: 	at android.os.Looper.loop(Looper.java:216)
11-06 11:11:45.239 28050 28088 W System.err: 	at android.os.HandlerThread.run(HandlerThread.java:65)
11-06 11:11:45.280 28050 28088 W System.err: java.net.SocketException: Message too long
11-06 11:11:45.280 28050 28088 W System.err: 	at sun.nio.ch.DatagramChannelImpl.send0(Native Method)
11-06 11:11:45.280 28050 28088 W System.err: 	at sun.nio.ch.DatagramChannelImpl.sendFromNativeBuffer(DatagramChannelImpl.java:573)
11-06 11:11:45.280 28050 28088 W System.err: 	at sun.nio.ch.DatagramChannelImpl.send(DatagramChannelImpl.java:550)
11-06 11:11:45.281 28050 28088 W System.err: 	at sun.nio.ch.DatagramChannelImpl.send(DatagramChannelImpl.java:514)
11-06 11:11:45.281 28050 28088 W System.err: 	at symlab.CloudAR.network.TransmissionTask.run(TransmissionTask.java:124)
11-06 11:11:45.281 28050 28088 W System.err: 	at android.os.Handler.handleCallback(Handler.java:907)
11-06 11:11:45.281 28050 28088 W System.err: 	at android.os.Handler.dispatchMessage(Handler.java:105)
11-06 11:11:45.281 28050 28088 W System.err: 	at android.os.Looper.loop(Looper.java:216)
11-06 11:11:45.281 28050 28088 W System.err: 	at android.os.HandlerThread.run(HandlerThread.java:65)
11-06 11:11:45.309 28050 28065 E         : [ZeroHung]zrhung_get_config: Get config failed for wp[0x0008]
11-06 11:11:45.309 28050 28088 W System.err: java.net.SocketException: Message too long
11-06 11:11:45.309 28050 28088 W System.err: 	at sun.nio.ch.DatagramChannelImpl.send0(Native Method)
11-06 11:11:45.309 28050 28088 W System.err: 	at sun.nio.ch.DatagramChannelImpl.sendFromNativeBuffer(DatagramChannelImpl.java:573)
11-06 11:11:45.309 28050 28088 W System.err: 	at sun.nio.ch.DatagramChannelImpl.send(DatagramChannelImpl.java:550)
11-06 11:11:45.309 28050 28088 W System.err: 	at sun.nio.ch.DatagramChannelImpl.send(DatagramChannelImpl.java:514)
11-06 11:11:45.309 28050 28088 W System.err: 	at symlab.CloudAR.network.TransmissionTask.run(TransmissionTask.java:124)
11-06 11:11:45.309 28050 28088 W System.err: 	at android.os.Handler.handleCallback(Handler.java:907)
11-06 11:11:45.309 28050 28088 W System.err: 	at android.os.Handler.dispatchMessage(Handler.java:105)
11-06 11:11:45.309 28050 28088 W System.err: 	at android.os.Looper.loop(Looper.java:216)
11-06 11:11:45.309 28050 28088 W System.err: 	at android.os.HandlerThread.run(HandlerThread.java:65)
11-06 11:11:45.348 28050 28050 D Poster  : At 1573031505348 location is 65.0599501285174 (latitude), and 25.466674233018722 (longitude)
11-06 11:11:45.348 28050 28088 W System.err: java.net.SocketException: Message too long
11-06 11:11:45.348 28050 28088 W System.err: 	at sun.nio.ch.DatagramChannelImpl.send0(Native Method)
11-06 11:11:45.348 28050 28088 W System.err: 	at sun.nio.ch.DatagramChannelImpl.sendFromNativeBuffer(DatagramChannelImpl.java:573)
11-06 11:11:45.348 28050 28088 W System.err: 	at sun.nio.ch.DatagramChannelImpl.send(DatagramChannelImpl.java:550)
11-06 11:11:45.348 28050 28088 W System.err: 	at sun.nio.ch.DatagramChannelImpl.send(DatagramChannelImpl.java:514)
11-06 11:11:45.348 28050 28088 W System.err: 	at symlab.CloudAR.network.TransmissionTask.run(TransmissionTask.java:124)
11-06 11:11:45.348 28050 28088 W System.err: 	at android.os.Handler.handleCallback(Handler.java:907)
11-06 11:11:45.348 28050 28088 W System.err: 	at android.os.Handler.dispatchMessage(Handler.java:105)
11-06 11:11:45.348 28050 28088 W System.err: 	at android.os.Looper.loop(Looper.java:216)
11-06 11:11:45.348 28050 28088 W System.err: 	at android.os.HandlerThread.run(HandlerThread.java:65)
11-06 11:11:45.350 28050 28050 D Poster  : Connected to mobile network 20
11-06 11:11:45.386 28050 28088 W System.err: java.net.SocketException: Message too long
11-06 11:11:45.386 28050 28088 W System.err: 	at sun.nio.ch.DatagramChannelImpl.send0(Native Method)
11-06 11:11:45.386 28050 28088 W System.err: 	at sun.nio.ch.DatagramChannelImpl.sendFromNativeBuffer(DatagramChannelImpl.java:573)
11-06 11:11:45.386 28050 28088 W System.err: 	at sun.nio.ch.DatagramChannelImpl.send(DatagramChannelImpl.java:550)
11-06 11:11:45.386 28050 28088 W System.err: 	at sun.nio.ch.DatagramChannelImpl.send(DatagramChannelImpl.java:514)
11-06 11:11:45.386 28050 28088 W System.err: 	at symlab.CloudAR.network.TransmissionTask.run(TransmissionTask.java:124)
11-06 11:11:45.386 28050 28088 W System.err: 	at android.os.Handler.handleCallback(Handler.java:907)
11-06 11:11:45.386 28050 28088 W System.err: 	at android.os.Handler.dispatchMessage(Handler.java:105)
11-06 11:11:45.386 28050 28088 W System.err: 	at android.os.Looper.loop(Looper.java:216)
11-06 11:11:45.386 28050 28088 W System.err: 	at android.os.HandlerThread.run(HandlerThread.java:65)
11-06 11:11:45.412 28050 28088 W System.err: java.net.SocketException: Message too long
11-06 11:11:45.412 28050 28088 W System.err: 	at sun.nio.ch.DatagramChannelImpl.send0(Native Method)
11-06 11:11:45.412 28050 28088 W System.err: 	at sun.nio.ch.DatagramChannelImpl.sendFromNativeBuffer(DatagramChannelImpl.java:573)
11-06 11:11:45.412 28050 28088 W System.err: 	at sun.nio.ch.DatagramChannelImpl.send(DatagramChannelImpl.java:550)
11-06 11:11:45.412 28050 28088 W System.err: 	at sun.nio.ch.DatagramChannelImpl.send(DatagramChannelImpl.java:514)
11-06 11:11:45.412 28050 28088 W System.err: 	at symlab.CloudAR.network.TransmissionTask.run(TransmissionTask.java:124)
11-06 11:11:45.412 28050 28088 W System.err: 	at android.os.Handler.handleCallback(Handler.java:907)
11-06 11:11:45.412 28050 28088 W System.err: 	at android.os.Handler.dispatchMessage(Handler.java:105)
11-06 11:11:45.412 28050 28088 W System.err: 	at android.os.Looper.loop(Looper.java:216)
11-06 11:11:45.412 28050 28088 W System.err: 	at android.os.HandlerThread.run(HandlerThread.java:65)
11-06 11:11:45.439 28050 28088 W System.err: java.net.SocketException: Message too long
11-06 11:11:45.439 28050 28088 W System.err: 	at sun.nio.ch.DatagramChannelImpl.send0(Native Method)
11-06 11:11:45.439 28050 28088 W System.err: 	at sun.nio.ch.DatagramChannelImpl.sendFromNativeBuffer(DatagramChannelImpl.java:573)
11-06 11:11:45.439 28050 28088 W System.err: 	at sun.nio.ch.DatagramChannelImpl.send(DatagramChannelImpl.java:550)
11-06 11:11:45.440 28050 28088 W System.err: 	at sun.nio.ch.DatagramChannelImpl.send(DatagramChannelImpl.java:514)
11-06 11:11:45.440 28050 28088 W System.err: 	at symlab.CloudAR.network.TransmissionTask.run(TransmissionTask.java:124)
11-06 11:11:45.440 28050 28088 W System.err: 	at android.os.Handler.handleCallback(Handler.java:907)
11-06 11:11:45.440 28050 28088 W System.err: 	at android.os.Handler.dispatchMessage(Handler.java:105)
11-06 11:11:45.440 28050 28088 W System.err: 	at android.os.Looper.loop(Looper.java:216)
11-06 11:11:45.440 28050 28088 W System.err: 	at android.os.HandlerThread.run(HandlerThread.java:65)
11-06 11:11:45.474 28050 28088 W System.err: java.net.SocketException: Message too long
11-06 11:11:45.474 28050 28088 W System.err: 	at sun.nio.ch.DatagramChannelImpl.send0(Native Method)
11-06 11:11:45.474 28050 28088 W System.err: 	at sun.nio.ch.DatagramChannelImpl.sendFromNativeBuffer(DatagramChannelImpl.java:573)
11-06 11:11:45.474 28050 28088 W System.err: 	at sun.nio.ch.DatagramChannelImpl.send(DatagramChannelImpl.java:550)
11-06 11:11:45.474 28050 28088 W System.err: 	at sun.nio.ch.DatagramChannelImpl.send(DatagramChannelImpl.java:514)
11-06 11:11:45.474 28050 28088 W System.err: 	at symlab.CloudAR.network.TransmissionTask.run(TransmissionTask.java:124)
11-06 11:11:45.474 28050 28088 W System.err: 	at android.os.Handler.handleCallback(Handler.java:907)
11-06 11:11:45.474 28050 28088 W System.err: 	at android.os.Handler.dispatchMessage(Handler.java:105)
11-06 11:11:45.474 28050 28088 W System.err: 	at android.os.Looper.loop(Looper.java:216)
11-06 11:11:45.474 28050 28088 W System.err: 	at android.os.HandlerThread.run(HandlerThread.java:65)
11-06 11:11:45.503 28050 28088 W System.err: java.net.SocketException: Message too long
11-06 11:11:45.504 28050 28088 W System.err: 	at sun.nio.ch.DatagramChannelImpl.send0(Native Method)
11-06 11:11:45.504 28050 28088 W System.err: 	at sun.nio.ch.DatagramChannelImpl.sendFromNativeBuffer(DatagramChannelImpl.java:573)
11-06 11:11:45.504 28050 28088 W System.err: 	at sun.nio.ch.DatagramChannelImpl.send(DatagramChannelImpl.java:550)
11-06 11:11:45.504 28050 28088 W System.err: 	at sun.nio.ch.DatagramChannelImpl.send(DatagramChannelImpl.java:514)
11-06 11:11:45.504 28050 28088 W System.err: 	at symlab.CloudAR.network.TransmissionTask.run(TransmissionTask.java:124)
11-06 11:11:45.504 28050 28088 W System.err: 	at android.os.Handler.handleCallback(Handler.java:907)
11-06 11:11:45.504 28050 28088 W System.err: 	at android.os.Handler.dispatchMessage(Handler.java:105)
11-06 11:11:45.504 28050 28088 W System.err: 	at android.os.Looper.loop(Looper.java:216)
11-06 11:11:45.504 28050 28088 W System.err: 	at android.os.HandlerThread.run(HandlerThread.java:65)
11-06 11:11:45.546 28050 28088 W System.err: java.net.SocketException: Message too long
11-06 11:11:45.546 28050 28088 W System.err: 	at sun.nio.ch.DatagramChannelImpl.send0(Native Method)
11-06 11:11:45.546 28050 28088 W System.err: 	at sun.nio.ch.DatagramChannelImpl.sendFromNativeBuffer(DatagramChannelImpl.java:573)
11-06 11:11:45.546 28050 28088 W System.err: 	at sun.nio.ch.DatagramChannelImpl.send(DatagramChannelImpl.java:550)
11-06 11:11:45.546 28050 28088 W System.err: 	at sun.nio.ch.DatagramChannelImpl.send(DatagramChannelImpl.java:514)
11-06 11:11:45.546 28050 28088 W System.err: 	at symlab.CloudAR.network.TransmissionTask.run(TransmissionTask.java:124)
11-06 11:11:45.546 28050 28088 W System.err: 	at android.os.Handler.handleCallback(Handler.java:907)
11-06 11:11:45.546 28050 28088 W System.err: 	at android.os.Handler.dispatchMessage(Handler.java:105)
11-06 11:11:45.546 28050 28088 W System.err: 	at android.os.Looper.loop(Looper.java:216)
11-06 11:11:45.546 28050 28088 W System.err: 	at android.os.HandlerThread.run(HandlerThread.java:65)
11-06 11:11:45.586 28050 28088 W System.err: java.net.SocketException: Message too long
11-06 11:11:45.586 28050 28088 W System.err: 	at sun.nio.ch.DatagramChannelImpl.send0(Native Method)
11-06 11:11:45.586 28050 28088 W System.err: 	at sun.nio.ch.DatagramChannelImpl.sendFromNativeBuffer(DatagramChannelImpl.java:573)
11-06 11:11:45.586 28050 28088 W System.err: 	at sun.nio.ch.DatagramChannelImpl.send(DatagramChannelImpl.java:550)
11-06 11:11:45.586 28050 28088 W System.err: 	at sun.nio.ch.DatagramChannelImpl.send(DatagramChannelImpl.java:514)
11-06 11:11:45.586 28050 28088 W System.err: 	at symlab.CloudAR.network.TransmissionTask.run(TransmissionTask.java:124)
11-06 11:11:45.586 28050 28088 W System.err: 	at android.os.Handler.handleCallback(Handler.java:907)
11-06 11:11:45.586 28050 28088 W System.err: 	at android.os.Handler.dispatchMessage(Handler.java:105)
11-06 11:11:45.586 28050 28088 W System.err: 	at android.os.Looper.loop(Looper.java:216)
11-06 11:11:45.586 28050 28088 W System.err: 	at android.os.HandlerThread.run(HandlerThread.java:65)
11-06 11:11:45.614 28050 28088 W System.err: java.net.SocketException: Message too long
11-06 11:11:45.614 28050 28088 W System.err: 	at sun.nio.ch.DatagramChannelImpl.send0(Native Method)
11-06 11:11:45.614 28050 28088 W System.err: 	at sun.nio.ch.DatagramChannelImpl.sendFromNativeBuffer(DatagramChannelImpl.java:573)
11-06 11:11:45.614 28050 28088 W System.err: 	at sun.nio.ch.DatagramChannelImpl.send(DatagramChannelImpl.java:550)
11-06 11:11:45.614 28050 28088 W System.err: 	at sun.nio.ch.DatagramChannelImpl.send(DatagramChannelImpl.java:514)
11-06 11:11:45.614 28050 28088 W System.err: 	at symlab.CloudAR.network.TransmissionTask.run(TransmissionTask.java:124)
11-06 11:11:45.614 28050 28088 W System.err: 	at android.os.Handler.handleCallback(Handler.java:907)
11-06 11:11:45.614 28050 28088 W System.err: 	at android.os.Handler.dispatchMessage(Handler.java:105)
11-06 11:11:45.614 28050 28088 W System.err: 	at android.os.Looper.loop(Looper.java:216)
11-06 11:11:45.614 28050 28088 W System.err: 	at android.os.HandlerThread.run(HandlerThread.java:65)
11-06 11:11:45.650 28050 28088 W System.err: java.net.SocketException: Message too long
11-06 11:11:45.651 28050 28088 W System.err: 	at sun.nio.ch.DatagramChannelImpl.send0(Native Method)
11-06 11:11:45.651 28050 28088 W System.err: 	at sun.nio.ch.DatagramChannelImpl.sendFromNativeBuffer(DatagramChannelImpl.java:573)
11-06 11:11:45.651 28050 28088 W System.err: 	at sun.nio.ch.DatagramChannelImpl.send(DatagramChannelImpl.java:550)
11-06 11:11:45.651 28050 28088 W System.err: 	at sun.nio.ch.DatagramChannelImpl.send(DatagramChannelImpl.java:514)
11-06 11:11:45.651 28050 28088 W System.err: 	at symlab.CloudAR.network.TransmissionTask.run(TransmissionTask.java:124)
11-06 11:11:45.651 28050 28088 W System.err: 	at android.os.Handler.handleCallback(Handler.java:907)
11-06 11:11:45.651 28050 28088 W System.err: 	at android.os.Handler.dispatchMessage(Handler.java:105)
11-06 11:11:45.651 28050 28088 W System.err: 	at android.os.Looper.loop(Looper.java:216)
11-06 11:11:45.651 28050 28088 W System.err: 	at android.os.HandlerThread.run(HandlerThread.java:65)
11-06 11:11:45.675 28050 28065 E         : [ZeroHung]zrhung_get_config: Get config failed for wp[0x0008]
11-06 11:11:45.676 28050 28088 W System.err: java.net.SocketException: Message too long
11-06 11:11:45.677 28050 28088 W System.err: 	at sun.nio.ch.DatagramChannelImpl.send0(Native Method)
11-06 11:11:45.677 28050 28088 W System.err: 	at sun.nio.ch.DatagramChannelImpl.sendFromNativeBuffer(DatagramChannelImpl.java:573)
11-06 11:11:45.677 28050 28088 W System.err: 	at sun.nio.ch.DatagramChannelImpl.send(DatagramChannelImpl.java:550)
11-06 11:11:45.677 28050 28088 W System.err: 	at sun.nio.ch.DatagramChannelImpl.send(DatagramChannelImpl.java:514)
11-06 11:11:45.677 28050 28088 W System.err: 	at symlab.CloudAR.network.TransmissionTask.run(TransmissionTask.java:124)
11-06 11:11:45.677 28050 28088 W System.err: 	at android.os.Handler.handleCallback(Handler.java:907)
11-06 11:11:45.677 28050 28088 W System.err: 	at android.os.Handler.dispatchMessage(Handler.java:105)
11-06 11:11:45.677 28050 28088 W System.err: 	at android.os.Looper.loop(Looper.java:216)
11-06 11:11:45.677 28050 28088 W System.err: 	at android.os.HandlerThread.run(HandlerThread.java:65)
11-06 11:11:45.713 28050 28088 W System.err: java.net.SocketException: Message too long
11-06 11:11:45.713 28050 28088 W System.err: 	at sun.nio.ch.DatagramChannelImpl.send0(Native Method)
11-06 11:11:45.713 28050 28088 W System.err: 	at sun.nio.ch.DatagramChannelImpl.sendFromNativeBuffer(DatagramChannelImpl.java:573)
11-06 11:11:45.713 28050 28088 W System.err: 	at sun.nio.ch.DatagramChannelImpl.send(DatagramChannelImpl.java:550)
