11-05 10:55:34.233 11157 11203 D Evaluation: Frame 357 sent at 1572944134233
11-05 10:55:34.320 11157 11203 D Evaluation: Frame 358 sent at 1572944134320
11-05 10:55:34.353 11157 11203 D Evaluation: Frame 359 sent at 1572944134353
11-05 10:55:34.380 11157 11203 D Evaluation: Frame 360 sent at 1572944134380
11-05 10:55:34.411 11157 11203 D Evaluation: Frame 361 sent at 1572944134411
11-05 10:55:34.452 11157 11203 D Evaluation: Frame 362 sent at 1572944134452
11-05 10:55:34.479 11157 11203 D Evaluation: Frame 363 sent at 1572944134479
11-05 10:55:34.509 11157 11203 D Evaluation: Frame 364 sent at 1572944134509
11-05 10:55:34.541 11157 11203 D Evaluation: Frame 365 sent at 1572944134541
11-05 10:55:34.571 11157 11203 D Evaluation: Frame 366 sent at 1572944134571
11-05 10:55:34.613 11157 11203 D Evaluation: Frame 367 sent at 1572944134613
11-05 10:55:34.651 11157 11203 D Evaluation: Frame 368 sent at 1572944134651
11-05 10:55:34.677 11157 11203 D Evaluation: Frame 369 sent at 1572944134677
11-05 10:55:34.710 11157 11203 D Evaluation: Frame 370 sent at 1572944134710
11-05 10:55:34.741 11157 11203 D Evaluation: Frame 371 sent at 1572944134741
11-05 10:55:34.774 11157 11203 D Evaluation: Frame 372 sent at 1572944134774
11-05 10:55:34.811 11157 11203 D Evaluation: Frame 373 sent at 1572944134811
11-05 10:55:34.845 11157 11203 D Evaluation: Frame 374 sent at 1572944134845
11-05 10:55:34.869 11157 11203 D Evaluation: Frame 375 sent at 1572944134869
11-05 10:55:34.907 11157 11203 D Evaluation: Frame 376 sent at 1572944134907
11-05 10:55:34.939 11157 11203 D Evaluation: Frame 377 sent at 1572944134939
11-05 10:55:34.977 11157 11203 D Evaluation: Frame 378 sent at 1572944134977
11-05 10:55:35.015 11157 11203 D Evaluation: Frame 379 sent at 1572944135015
11-05 10:55:35.050 11157 11203 D Evaluation: Frame 380 sent at 1572944135050
11-05 10:55:35.078 11157 11203 D Evaluation: Frame 381 sent at 1572944135078
11-05 10:55:35.115 11157 11203 D Evaluation: Frame 382 sent at 1572944135115
11-05 10:55:35.149 11157 11203 D Evaluation: Frame 383 sent at 1572944135149
11-05 10:55:35.180 11157 11203 D Evaluation: Frame 384 sent at 1572944135180
11-05 10:55:35.214 11157 11203 D Evaluation: Frame 385 sent at 1572944135214
11-05 10:55:35.251 11157 11203 D Evaluation: Frame 386 sent at 1572944135251
11-05 10:55:35.285 11157 11203 D Evaluation: Frame 387 sent at 1572944135285
11-05 10:55:35.335 11157 11203 D Evaluation: Frame 389 sent at 1572944135335
11-05 10:55:35.355 11157 11203 D Evaluation: Frame 389 sent at 1572944135355
11-05 10:55:35.373 11157 11203 D Evaluation: Frame 390 sent at 1572944135373
11-05 10:55:35.410 11157 11203 D Evaluation: Frame 391 sent at 1572944135410
11-05 10:55:35.449 11157 11203 D Evaluation: Frame 392 sent at 1572944135449
11-05 10:55:35.485 11157 11203 D Evaluation: Frame 393 sent at 1572944135485
11-05 10:55:35.513 11157 11203 D Evaluation: Frame 394 sent at 1572944135513
11-05 10:55:35.550 11157 11203 D Evaluation: Frame 395 sent at 1572944135550
11-05 10:55:35.633 11157 11203 D Evaluation: Frame 396 sent at 1572944135633
11-05 10:55:35.661 11157 11203 D Evaluation: Frame 397 sent at 1572944135661
11-05 10:55:35.689 11157 11203 D Evaluation: Frame 398 sent at 1572944135689
11-05 10:55:35.715 11157 11203 D Evaluation: Frame 399 sent at 1572944135715
11-05 10:55:35.752 11157 11203 D Evaluation: Frame 400 sent at 1572944135752
11-05 10:55:35.785 11157 11203 D Evaluation: Frame 401 sent at 1572944135785
11-05 10:55:35.818 11157 11203 D Evaluation: Frame 402 sent at 1572944135818
11-05 10:55:35.850 11157 11203 D Evaluation: Frame 403 sent at 1572944135850
11-05 10:55:35.878 11157 11203 D Evaluation: Frame 404 sent at 1572944135878
11-05 10:55:35.925 11157 11203 D Evaluation: Frame 405 sent at 1572944135925
11-05 10:55:35.955 11157 11168 E         : [ZeroHung]zrhung_get_config: Get config failed for wp[0x0008]
11-05 10:55:35.956 11157 11203 D Evaluation: Frame 406 sent at 1572944135956
11-05 10:55:35.994 11157 11203 D Evaluation: Frame 408 sent at 1572944135994
11-05 10:55:36.019 11157 11203 D Evaluation: Frame 408 sent at 1572944136019
11-05 10:55:36.052 11157 11203 D Evaluation: Frame 409 sent at 1572944136052
11-05 10:55:36.088 11157 11203 D Evaluation: Frame 410 sent at 1572944136088
11-05 10:55:36.122 11157 11203 D Evaluation: Frame 411 sent at 1572944136122
11-05 10:55:36.155 11157 11203 D Evaluation: Frame 412 sent at 1572944136155
11-05 10:55:36.199 11157 11203 D Evaluation: Frame 413 sent at 1572944136198
11-05 10:55:36.233 11157 11203 D Evaluation: Frame 414 sent at 1572944136233
11-05 10:55:36.257 11157 11203 D Evaluation: Frame 415 sent at 1572944136257
11-05 10:55:36.287 11157 11203 D Evaluation: Frame 416 sent at 1572944136287
11-05 10:55:36.322 11157 11203 D Evaluation: Frame 417 sent at 1572944136322
11-05 10:55:36.361 11157 11203 D Evaluation: Frame 418 sent at 1572944136361
11-05 10:55:36.387 11157 11203 D Evaluation: Frame 419 sent at 1572944136387
11-05 10:55:36.415 11157 11203 D Evaluation: Frame 420 sent at 1572944136415
11-05 10:55:36.451 11157 11157 D stylus  : init stylus touchlistener.
11-05 10:55:36.456 11157 11203 D Evaluation: Frame 421 sent at 1572944136456
11-05 10:55:36.466 11157 11157 W Settings: Setting device_provisioned has moved from android.provider.Settings.Secure to android.provider.Settings.Global.
11-05 10:55:36.466 11157 11157 V HiTouch_HiTouchSensor: User setup is finished.
11-05 10:55:36.490 11157 11203 D Evaluation: Frame 422 sent at 1572944136490
11-05 10:55:36.515 11157 11203 D Evaluation: Frame 423 sent at 1572944136515
11-05 10:55:36.546 11157 11203 D Evaluation: Frame 424 sent at 1572944136546
11-05 10:55:36.580 11157 11203 D Evaluation: Frame 425 sent at 1572944136580
11-05 10:55:36.613 11157 11203 D Evaluation: Frame 426 sent at 1572944136613
11-05 10:55:36.651 11157 11203 D Evaluation: Frame 427 sent at 1572944136651
11-05 10:55:36.681 11157 11203 D Evaluation: Frame 428 sent at 1572944136681
11-05 10:55:36.767 11157 11203 D Evaluation: Frame 429 sent at 1572944136767
11-05 10:55:36.786 11157 11203 D Evaluation: Frame 430 sent at 1572944136786
11-05 10:55:36.814 11157 11203 D Evaluation: Frame 431 sent at 1572944136814
11-05 10:55:36.854 11157 11203 D Evaluation: Frame 432 sent at 1572944136854
11-05 10:55:36.881 11157 11203 D Evaluation: Frame 433 sent at 1572944136881
11-05 10:55:36.919 11157 11203 D Evaluation: Frame 434 sent at 1572944136919
11-05 10:55:36.951 11157 11203 D Evaluation: Frame 435 sent at 1572944136951
11-05 10:55:36.986 11157 11203 D Evaluation: Frame 436 sent at 1572944136986
11-05 10:55:37.015 11157 11203 D Evaluation: Frame 437 sent at 1572944137015
11-05 10:55:37.051 11157 11203 D Evaluation: Frame 438 sent at 1572944137051
11-05 10:55:37.083 11157 11203 D Evaluation: Frame 439 sent at 1572944137083
11-05 10:55:37.120 11157 11203 D Evaluation: Frame 440 sent at 1572944137120
11-05 10:55:37.153 11157 11203 D Evaluation: Frame 441 sent at 1572944137153
11-05 10:55:37.190 11157 11203 D Evaluation: Frame 442 sent at 1572944137190
11-05 10:55:37.213 11157 11203 D Evaluation: Frame 443 sent at 1572944137213
11-05 10:55:37.251 11157 11203 D Evaluation: Frame 444 sent at 1572944137251
11-05 10:55:37.289 11157 11203 D Evaluation: Frame 445 sent at 1572944137289
11-05 10:55:37.323 11157 11203 D Evaluation: Frame 446 sent at 1572944137323
11-05 10:55:37.360 11157 11203 D Evaluation: Frame 447 sent at 1572944137360
11-05 10:55:37.387 11157 11203 D Evaluation: Frame 448 sent at 1572944137387
11-05 10:55:37.417 11157 11203 D Evaluation: Frame 449 sent at 1572944137417
11-05 10:55:37.454 11157 11203 D Evaluation: Frame 450 sent at 1572944137454
11-05 10:55:37.486 11157 11203 D Evaluation: Frame 451 sent at 1572944137486
11-05 10:55:37.523 11157 11168 E         : [ZeroHung]zrhung_get_config: Get config failed for wp[0x0008]
11-05 10:55:37.523 11157 11203 D Evaluation: Frame 452 sent at 1572944137523
11-05 10:55:37.555 11157 11203 D Evaluation: Frame 453 sent at 1572944137555
11-05 10:55:37.587 11157 11203 D Evaluation: Frame 454 sent at 1572944137587
11-05 10:55:37.624 11157 11203 D Evaluation: Frame 455 sent at 1572944137624
11-05 10:55:37.659 11157 11203 D Evaluation: Frame 456 sent at 1572944137659
11-05 10:55:37.688 11157 11203 D Evaluation: Frame 457 sent at 1572944137688
11-05 10:55:37.719 11157 11203 D Evaluation: Frame 458 sent at 1572944137719
11-05 10:55:37.753 11157 11203 D Evaluation: Frame 459 sent at 1572944137753
11-05 10:55:37.787 11157 11203 D Evaluation: Frame 460 sent at 1572944137787
11-05 10:55:37.822 11157 11203 D Evaluation: Frame 461 sent at 1572944137822
11-05 10:55:37.859 11157 11203 D Evaluation: Frame 462 sent at 1572944137858
11-05 10:55:37.895 11157 11203 D Evaluation: Frame 463 sent at 1572944137895
11-05 10:55:37.921 11157 11203 D Evaluation: Frame 464 sent at 1572944137921
11-05 10:55:37.957 11157 11203 D Evaluation: Frame 465 sent at 1572944137957
11-05 10:55:37.990 11157 11203 D Evaluation: Frame 466 sent at 1572944137990
11-05 10:55:38.023 11157 11203 D Evaluation: Frame 467 sent at 1572944138023
11-05 10:55:38.059 11157 11203 D Evaluation: Frame 468 sent at 1572944138059
11-05 10:55:38.090 11157 11203 D Evaluation: Frame 469 sent at 1572944138090
11-05 10:55:38.126 11157 11203 D Evaluation: Frame 470 sent at 1572944138126
11-05 10:55:38.171 11157 11203 D Evaluation: Frame 471 sent at 1572944138171
11-05 10:55:38.199 11157 11203 D Evaluation: Frame 472 sent at 1572944138199
11-05 10:55:38.223 11157 11203 D Evaluation: Frame 473 sent at 1572944138223
11-05 10:55:38.260 11157 11203 D Evaluation: Frame 474 sent at 1572944138260
11-05 10:55:38.292 11157 11203 D Evaluation: Frame 475 sent at 1572944138292
11-05 10:55:38.329 11157 11203 D Evaluation: Frame 476 sent at 1572944138329
11-05 10:55:38.358 11157 11203 D Evaluation: Frame 477 sent at 1572944138358
11-05 10:55:38.396 11157 11203 D Evaluation: Frame 478 sent at 1572944138396
11-05 10:55:38.432 11157 11203 D Evaluation: Frame 479 sent at 1572944138432
11-05 10:55:38.464 11157 11203 D Evaluation: Frame 480 sent at 1572944138464
11-05 10:55:38.497 11157 11203 D Evaluation: Frame 481 sent at 1572944138497
11-05 10:55:38.533 11157 11203 D Evaluation: Frame 482 sent at 1572944138533
11-05 10:55:38.562 11157 11203 D Evaluation: Frame 483 sent at 1572944138562
11-05 10:55:38.598 11157 11203 D Evaluation: Frame 484 sent at 1572944138598
11-05 10:55:38.630 11157 11203 D Evaluation: Frame 485 sent at 1572944138630
11-05 10:55:38.666 11157 11203 D Evaluation: Frame 486 sent at 1572944138666
11-05 10:55:38.704 11157 11203 D Evaluation: Frame 487 sent at 1572944138704
11-05 10:55:38.737 11157 11203 D Evaluation: Frame 488 sent at 1572944138737
11-05 10:55:38.765 11157 11203 D Evaluation: Frame 489 sent at 1572944138765
11-05 10:55:38.799 11157 11203 D Evaluation: Frame 490 sent at 1572944138799
11-05 10:55:38.831 11157 11168 E         : [ZeroHung]zrhung_get_config: Get config failed for wp[0x0008]
11-05 10:55:38.831 11157 11203 D Evaluation: Frame 491 sent at 1572944138831
11-05 10:55:38.869 11157 11203 D Evaluation: Frame 492 sent at 1572944138869
11-05 10:55:38.896 11157 11203 D Evaluation: Frame 493 sent at 1572944138896
11-05 10:55:38.937 11157 11203 D Evaluation: Frame 494 sent at 1572944138937
11-05 10:55:38.967 11157 11203 D Evaluation: Frame 495 sent at 1572944138967
11-05 10:55:39.006 11157 11203 D Evaluation: Frame 496 sent at 1572944139006
11-05 10:55:39.034 11157 11203 D Evaluation: Frame 497 sent at 1572944139034
11-05 10:55:39.070 11157 11203 D Evaluation: Frame 498 sent at 1572944139070
11-05 10:55:39.100 11157 11203 D Evaluation: Frame 499 sent at 1572944139100
11-05 10:55:39.135 11157 11203 D Evaluation: Frame 500 sent at 1572944139135
11-05 10:55:39.170 11157 11203 D Evaluation: Frame 501 sent at 1572944139170
11-05 10:55:39.204 11157 11203 D Evaluation: Frame 502 sent at 1572944139204
11-05 10:55:39.234 11157 11203 D Evaluation: Frame 503 sent at 1572944139234
11-05 10:55:39.272 11157 11203 D Evaluation: Frame 504 sent at 1572944139272
11-05 10:55:39.277 11157 11157 W HiTouch_PressGestureDetector: Touch pointer move a lot. The moving distance of X is:156.71436, limit is:60The moving distance of Y is:21.397797, limit is:60
11-05 10:55:39.302 11157 11203 D Evaluation: Frame 505 sent at 1572944139302
11-05 10:55:39.337 11157 11203 D Evaluation: Frame 506 sent at 1572944139337
11-05 10:55:39.368 11157 11203 D Evaluation: Frame 507 sent at 1572944139368
11-05 10:55:39.400 11157 11203 D Evaluation: Frame 508 sent at 1572944139400
11-05 10:55:39.436 11157 11203 D Evaluation: Frame 509 sent at 1572944139436
11-05 10:55:39.469 11157 11203 D Evaluation: Frame 510 sent at 1572944139469
11-05 10:55:39.552 11157 11203 D Evaluation: Frame 511 sent at 1572944139552
11-05 10:55:39.572 11157 11203 D Evaluation: Frame 512 sent at 1572944139572
11-05 10:55:39.601 11157 11203 D Evaluation: Frame 513 sent at 1572944139601
11-05 10:55:39.637 11157 11203 D Evaluation: Frame 514 sent at 1572944139637
11-05 10:55:39.675 11157 11203 D Evaluation: Frame 515 sent at 1572944139674
11-05 10:55:39.705 11157 11203 D Evaluation: Frame 516 sent at 1572944139705
11-05 10:55:39.741 11157 11203 D Evaluation: Frame 517 sent at 1572944139741
11-05 10:55:39.808 11157 11203 D Evaluation: Frame 518 sent at 1572944139808
11-05 10:55:39.837 11157 11203 D Evaluation: Frame 519 sent at 1572944139837
11-05 10:55:39.894 11157 11203 D Evaluation: Frame 521 sent at 1572944139894
11-05 10:55:39.912 11157 11203 D Evaluation: Frame 521 sent at 1572944139912
11-05 10:55:39.934 11157 11157 I Poster  :  onPause() called.
11-05 10:55:39.939 11157 11203 D Evaluation: Frame 522 sent at 1572944139939
11-05 10:55:40.050 11157 11157 I Camera  : close camera: 0, package name: symlab.cloudridar.arhud
11-05 10:55:40.050 11157 11157 I BackgroundPermManager: pkgName: symlab.cloudridar.arhud,pid: 11157 ,uidOf3RdApk: 10149 ,permType: 0 ,permCfg: 0
11-05 10:55:40.052 11157 11157 I HwCameraUtil: notifySurfaceFlingerCameraStatus : isFront = false , isOpend = false
11-05 10:55:40.169 11157 11157 D ZrHung.AppEyeUiProbe: stop checker.
11-05 10:55:40.253 11157 11157 I Poster  :  surfaceDestroyed() called.
11-05 10:55:40.254 11157 11157 D ViewRootImpl[MainActivity]: surface should not be released
11-05 10:55:40.254 11157 11157 I Poster  :  onStop() called.
11-05 10:55:40.273 11157 11222 W libEGL  : EGLNativeWindowType 0xed170008 disconnect failed
11-05 10:55:40.332 11157 11193 D ZrHung.AppEyeUiProbe: Current Activity:false
11-05 10:55:40.332 11157 11193 D ZrHung.AppEyeUiProbe: not watching, wait.
