11-05 12:37:05.689  8773  8806 W System.err: 	at symlab.CloudAR.network.TransmissionTask.run(TransmissionTask.java:124)
11-05 12:37:05.689  8773  8806 W System.err: 	at android.os.Handler.handleCallback(Handler.java:907)
11-05 12:37:05.689  8773  8806 W System.err: 	at android.os.Handler.dispatchMessage(Handler.java:105)
11-05 12:37:05.689  8773  8806 W System.err: 	at android.os.Looper.loop(Looper.java:216)
11-05 12:37:05.689  8773  8806 W System.err: 	at android.os.HandlerThread.run(HandlerThread.java:65)
11-05 12:37:05.723  8773  8806 W System.err: java.net.SocketException: Message too long
11-05 12:37:05.723  8773  8806 W System.err: 	at sun.nio.ch.DatagramChannelImpl.send0(Native Method)
11-05 12:37:05.723  8773  8806 W System.err: 	at sun.nio.ch.DatagramChannelImpl.sendFromNativeBuffer(DatagramChannelImpl.java:573)
11-05 12:37:05.723  8773  8806 W System.err: 	at sun.nio.ch.DatagramChannelImpl.send(DatagramChannelImpl.java:550)
11-05 12:37:05.723  8773  8806 W System.err: 	at sun.nio.ch.DatagramChannelImpl.send(DatagramChannelImpl.java:514)
11-05 12:37:05.723  8773  8806 W System.err: 	at symlab.CloudAR.network.TransmissionTask.run(TransmissionTask.java:124)
11-05 12:37:05.723  8773  8806 W System.err: 	at android.os.Handler.handleCallback(Handler.java:907)
11-05 12:37:05.723  8773  8806 W System.err: 	at android.os.Handler.dispatchMessage(Handler.java:105)
11-05 12:37:05.723  8773  8806 W System.err: 	at android.os.Looper.loop(Looper.java:216)
11-05 12:37:05.723  8773  8806 W System.err: 	at android.os.HandlerThread.run(HandlerThread.java:65)
11-05 12:37:05.757  8773  8806 W System.err: java.net.SocketException: Message too long
11-05 12:37:05.757  8773  8806 W System.err: 	at sun.nio.ch.DatagramChannelImpl.send0(Native Method)
11-05 12:37:05.757  8773  8806 W System.err: 	at sun.nio.ch.DatagramChannelImpl.sendFromNativeBuffer(DatagramChannelImpl.java:573)
11-05 12:37:05.757  8773  8806 W System.err: 	at sun.nio.ch.DatagramChannelImpl.send(DatagramChannelImpl.java:550)
11-05 12:37:05.757  8773  8806 W System.err: 	at sun.nio.ch.DatagramChannelImpl.send(DatagramChannelImpl.java:514)
11-05 12:37:05.757  8773  8806 W System.err: 	at symlab.CloudAR.network.TransmissionTask.run(TransmissionTask.java:124)
11-05 12:37:05.757  8773  8806 W System.err: 	at android.os.Handler.handleCallback(Handler.java:907)
11-05 12:37:05.757  8773  8806 W System.err: 	at android.os.Handler.dispatchMessage(Handler.java:105)
11-05 12:37:05.757  8773  8806 W System.err: 	at android.os.Looper.loop(Looper.java:216)
11-05 12:37:05.757  8773  8806 W System.err: 	at android.os.HandlerThread.run(HandlerThread.java:65)
11-05 12:37:05.789  8773  8806 W System.err: java.net.SocketException: Message too long
11-05 12:37:05.789  8773  8806 W System.err: 	at sun.nio.ch.DatagramChannelImpl.send0(Native Method)
11-05 12:37:05.789  8773  8806 W System.err: 	at sun.nio.ch.DatagramChannelImpl.sendFromNativeBuffer(DatagramChannelImpl.java:573)
11-05 12:37:05.789  8773  8806 W System.err: 	at sun.nio.ch.DatagramChannelImpl.send(DatagramChannelImpl.java:550)
11-05 12:37:05.789  8773  8806 W System.err: 	at sun.nio.ch.DatagramChannelImpl.send(DatagramChannelImpl.java:514)
11-05 12:37:05.789  8773  8806 W System.err: 	at symlab.CloudAR.network.TransmissionTask.run(TransmissionTask.java:124)
11-05 12:37:05.789  8773  8806 W System.err: 	at android.os.Handler.handleCallback(Handler.java:907)
11-05 12:37:05.789  8773  8806 W System.err: 	at android.os.Handler.dispatchMessage(Handler.java:105)
11-05 12:37:05.789  8773  8806 W System.err: 	at android.os.Looper.loop(Looper.java:216)
11-05 12:37:05.789  8773  8806 W System.err: 	at android.os.HandlerThread.run(HandlerThread.java:65)
11-05 12:37:05.835  8773  8806 W System.err: java.net.SocketException: Message too long
11-05 12:37:05.835  8773  8806 W System.err: 	at sun.nio.ch.DatagramChannelImpl.send0(Native Method)
11-05 12:37:05.835  8773  8806 W System.err: 	at sun.nio.ch.DatagramChannelImpl.sendFromNativeBuffer(DatagramChannelImpl.java:573)
11-05 12:37:05.835  8773  8806 W System.err: 	at sun.nio.ch.DatagramChannelImpl.send(DatagramChannelImpl.java:550)
11-05 12:37:05.835  8773  8806 W System.err: 	at sun.nio.ch.DatagramChannelImpl.send(DatagramChannelImpl.java:514)
11-05 12:37:05.835  8773  8806 W System.err: 	at symlab.CloudAR.network.TransmissionTask.run(TransmissionTask.java:124)
11-05 12:37:05.835  8773  8806 W System.err: 	at android.os.Handler.handleCallback(Handler.java:907)
11-05 12:37:05.835  8773  8806 W System.err: 	at android.os.Handler.dispatchMessage(Handler.java:105)
11-05 12:37:05.835  8773  8806 W System.err: 	at android.os.Looper.loop(Looper.java:216)
11-05 12:37:05.835  8773  8806 W System.err: 	at android.os.HandlerThread.run(HandlerThread.java:65)
11-05 12:37:05.864  8773  8806 W System.err: java.net.SocketException: Message too long
11-05 12:37:05.864  8773  8806 W System.err: 	at sun.nio.ch.DatagramChannelImpl.send0(Native Method)
11-05 12:37:05.864  8773  8806 W System.err: 	at sun.nio.ch.DatagramChannelImpl.sendFromNativeBuffer(DatagramChannelImpl.java:573)
11-05 12:37:05.864  8773  8806 W System.err: 	at sun.nio.ch.DatagramChannelImpl.send(DatagramChannelImpl.java:550)
11-05 12:37:05.864  8773  8806 W System.err: 	at sun.nio.ch.DatagramChannelImpl.send(DatagramChannelImpl.java:514)
11-05 12:37:05.864  8773  8806 W System.err: 	at symlab.CloudAR.network.TransmissionTask.run(TransmissionTask.java:124)
11-05 12:37:05.864  8773  8806 W System.err: 	at android.os.Handler.handleCallback(Handler.java:907)
11-05 12:37:05.864  8773  8806 W System.err: 	at android.os.Handler.dispatchMessage(Handler.java:105)
11-05 12:37:05.864  8773  8806 W System.err: 	at android.os.Looper.loop(Looper.java:216)
11-05 12:37:05.864  8773  8806 W System.err: 	at android.os.HandlerThread.run(HandlerThread.java:65)
11-05 12:37:05.899  8773  8806 W System.err: java.net.SocketException: Message too long
11-05 12:37:05.899  8773  8806 W System.err: 	at sun.nio.ch.DatagramChannelImpl.send0(Native Method)
11-05 12:37:05.899  8773  8806 W System.err: 	at sun.nio.ch.DatagramChannelImpl.sendFromNativeBuffer(DatagramChannelImpl.java:573)
11-05 12:37:05.899  8773  8806 W System.err: 	at sun.nio.ch.DatagramChannelImpl.send(DatagramChannelImpl.java:550)
11-05 12:37:05.899  8773  8806 W System.err: 	at sun.nio.ch.DatagramChannelImpl.send(DatagramChannelImpl.java:514)
11-05 12:37:05.899  8773  8806 W System.err: 	at symlab.CloudAR.network.TransmissionTask.run(TransmissionTask.java:124)
11-05 12:37:05.899  8773  8806 W System.err: 	at android.os.Handler.handleCallback(Handler.java:907)
11-05 12:37:05.899  8773  8806 W System.err: 	at android.os.Handler.dispatchMessage(Handler.java:105)
11-05 12:37:05.899  8773  8806 W System.err: 	at android.os.Looper.loop(Looper.java:216)
11-05 12:37:05.899  8773  8806 W System.err: 	at android.os.HandlerThread.run(HandlerThread.java:65)
11-05 12:37:05.920  8773  8806 W System.err: java.net.SocketException: Message too long
11-05 12:37:05.921  8773  8806 W System.err: 	at sun.nio.ch.DatagramChannelImpl.send0(Native Method)
11-05 12:37:05.921  8773  8806 W System.err: 	at sun.nio.ch.DatagramChannelImpl.sendFromNativeBuffer(DatagramChannelImpl.java:573)
11-05 12:37:05.921  8773  8806 W System.err: 	at sun.nio.ch.DatagramChannelImpl.send(DatagramChannelImpl.java:550)
11-05 12:37:05.921  8773  8806 W System.err: 	at sun.nio.ch.DatagramChannelImpl.send(DatagramChannelImpl.java:514)
11-05 12:37:05.921  8773  8806 W System.err: 	at symlab.CloudAR.network.TransmissionTask.run(TransmissionTask.java:124)
11-05 12:37:05.921  8773  8806 W System.err: 	at android.os.Handler.handleCallback(Handler.java:907)
11-05 12:37:05.921  8773  8806 W System.err: 	at android.os.Handler.dispatchMessage(Handler.java:105)
11-05 12:37:05.921  8773  8806 W System.err: 	at android.os.Looper.loop(Looper.java:216)
11-05 12:37:05.921  8773  8806 W System.err: 	at android.os.HandlerThread.run(HandlerThread.java:65)
11-05 12:37:05.957  8773  8806 W System.err: java.net.SocketException: Message too long
11-05 12:37:05.957  8773  8806 W System.err: 	at sun.nio.ch.DatagramChannelImpl.send0(Native Method)
11-05 12:37:05.957  8773  8806 W System.err: 	at sun.nio.ch.DatagramChannelImpl.sendFromNativeBuffer(DatagramChannelImpl.java:573)
11-05 12:37:05.957  8773  8806 W System.err: 	at sun.nio.ch.DatagramChannelImpl.send(DatagramChannelImpl.java:550)
11-05 12:37:05.957  8773  8806 W System.err: 	at sun.nio.ch.DatagramChannelImpl.send(DatagramChannelImpl.java:514)
11-05 12:37:05.957  8773  8806 W System.err: 	at symlab.CloudAR.network.TransmissionTask.run(TransmissionTask.java:124)
11-05 12:37:05.957  8773  8806 W System.err: 	at android.os.Handler.handleCallback(Handler.java:907)
11-05 12:37:05.957  8773  8806 W System.err: 	at android.os.Handler.dispatchMessage(Handler.java:105)
11-05 12:37:05.957  8773  8806 W System.err: 	at android.os.Looper.loop(Looper.java:216)
11-05 12:37:05.957  8773  8806 W System.err: 	at android.os.HandlerThread.run(HandlerThread.java:65)
11-05 12:37:05.990  8773  8806 W System.err: java.net.SocketException: Message too long
11-05 12:37:05.990  8773  8806 W System.err: 	at sun.nio.ch.DatagramChannelImpl.send0(Native Method)
11-05 12:37:05.990  8773  8806 W System.err: 	at sun.nio.ch.DatagramChannelImpl.sendFromNativeBuffer(DatagramChannelImpl.java:573)
11-05 12:37:05.990  8773  8806 W System.err: 	at sun.nio.ch.DatagramChannelImpl.send(DatagramChannelImpl.java:550)
11-05 12:37:05.990  8773  8806 W System.err: 	at sun.nio.ch.DatagramChannelImpl.send(DatagramChannelImpl.java:514)
11-05 12:37:05.990  8773  8806 W System.err: 	at symlab.CloudAR.network.TransmissionTask.run(TransmissionTask.java:124)
11-05 12:37:05.990  8773  8806 W System.err: 	at android.os.Handler.handleCallback(Handler.java:907)
11-05 12:37:05.990  8773  8806 W System.err: 	at android.os.Handler.dispatchMessage(Handler.java:105)
11-05 12:37:05.990  8773  8806 W System.err: 	at android.os.Looper.loop(Looper.java:216)
11-05 12:37:05.990  8773  8806 W System.err: 	at android.os.HandlerThread.run(HandlerThread.java:65)
11-05 12:37:06.035  8773  8806 W System.err: java.net.SocketException: Message too long
11-05 12:37:06.035  8773  8806 W System.err: 	at sun.nio.ch.DatagramChannelImpl.send0(Native Method)
11-05 12:37:06.035  8773  8806 W System.err: 	at sun.nio.ch.DatagramChannelImpl.sendFromNativeBuffer(DatagramChannelImpl.java:573)
11-05 12:37:06.035  8773  8806 W System.err: 	at sun.nio.ch.DatagramChannelImpl.send(DatagramChannelImpl.java:550)
11-05 12:37:06.035  8773  8806 W System.err: 	at sun.nio.ch.DatagramChannelImpl.send(DatagramChannelImpl.java:514)
11-05 12:37:06.035  8773  8806 W System.err: 	at symlab.CloudAR.network.TransmissionTask.run(TransmissionTask.java:124)
11-05 12:37:06.035  8773  8806 W System.err: 	at android.os.Handler.handleCallback(Handler.java:907)
11-05 12:37:06.035  8773  8806 W System.err: 	at android.os.Handler.dispatchMessage(Handler.java:105)
11-05 12:37:06.035  8773  8806 W System.err: 	at android.os.Looper.loop(Looper.java:216)
11-05 12:37:06.035  8773  8806 W System.err: 	at android.os.HandlerThread.run(HandlerThread.java:65)
11-05 12:37:06.065  8773  8806 W System.err: java.net.SocketException: Message too long
11-05 12:37:06.065  8773  8806 W System.err: 	at sun.nio.ch.DatagramChannelImpl.send0(Native Method)
11-05 12:37:06.065  8773  8806 W System.err: 	at sun.nio.ch.DatagramChannelImpl.sendFromNativeBuffer(DatagramChannelImpl.java:573)
11-05 12:37:06.065  8773  8806 W System.err: 	at sun.nio.ch.DatagramChannelImpl.send(DatagramChannelImpl.java:550)
11-05 12:37:06.065  8773  8806 W System.err: 	at sun.nio.ch.DatagramChannelImpl.send(DatagramChannelImpl.java:514)
11-05 12:37:06.065  8773  8806 W System.err: 	at symlab.CloudAR.network.TransmissionTask.run(TransmissionTask.java:124)
11-05 12:37:06.065  8773  8806 W System.err: 	at android.os.Handler.handleCallback(Handler.java:907)
11-05 12:37:06.065  8773  8806 W System.err: 	at android.os.Handler.dispatchMessage(Handler.java:105)
11-05 12:37:06.065  8773  8806 W System.err: 	at android.os.Looper.loop(Looper.java:216)
11-05 12:37:06.065  8773  8806 W System.err: 	at android.os.HandlerThread.run(HandlerThread.java:65)
11-05 12:37:06.113  8773  8806 W System.err: java.net.SocketException: Message too long
11-05 12:37:06.113  8773  8806 W System.err: 	at sun.nio.ch.DatagramChannelImpl.send0(Native Method)
11-05 12:37:06.113  8773  8806 W System.err: 	at sun.nio.ch.DatagramChannelImpl.sendFromNativeBuffer(DatagramChannelImpl.java:573)
11-05 12:37:06.113  8773  8806 W System.err: 	at sun.nio.ch.DatagramChannelImpl.send(DatagramChannelImpl.java:550)
11-05 12:37:06.113  8773  8806 W System.err: 	at sun.nio.ch.DatagramChannelImpl.send(DatagramChannelImpl.java:514)
11-05 12:37:06.113  8773  8806 W System.err: 	at symlab.CloudAR.network.TransmissionTask.run(TransmissionTask.java:124)
11-05 12:37:06.113  8773  8806 W System.err: 	at android.os.Handler.handleCallback(Handler.java:907)
11-05 12:37:06.113  8773  8806 W System.err: 	at android.os.Handler.dispatchMessage(Handler.java:105)
11-05 12:37:06.113  8773  8806 W System.err: 	at android.os.Looper.loop(Looper.java:216)
11-05 12:37:06.113  8773  8806 W System.err: 	at android.os.HandlerThread.run(HandlerThread.java:65)
11-05 12:37:06.130  8773  8806 W System.err: java.net.SocketException: Message too long
11-05 12:37:06.131  8773  8806 W System.err: 	at sun.nio.ch.DatagramChannelImpl.send0(Native Method)
11-05 12:37:06.131  8773  8806 W System.err: 	at sun.nio.ch.DatagramChannelImpl.sendFromNativeBuffer(DatagramChannelImpl.java:573)
11-05 12:37:06.131  8773  8806 W System.err: 	at sun.nio.ch.DatagramChannelImpl.send(DatagramChannelImpl.java:550)
11-05 12:37:06.131  8773  8806 W System.err: 	at sun.nio.ch.DatagramChannelImpl.send(DatagramChannelImpl.java:514)
11-05 12:37:06.131  8773  8806 W System.err: 	at symlab.CloudAR.network.TransmissionTask.run(TransmissionTask.java:124)
11-05 12:37:06.131  8773  8806 W System.err: 	at android.os.Handler.handleCallback(Handler.java:907)
11-05 12:37:06.131  8773  8806 W System.err: 	at android.os.Handler.dispatchMessage(Handler.java:105)
11-05 12:37:06.131  8773  8806 W System.err: 	at android.os.Looper.loop(Looper.java:216)
11-05 12:37:06.131  8773  8806 W System.err: 	at android.os.HandlerThread.run(HandlerThread.java:65)
11-05 12:37:06.151  8773  8806 W System.err: java.net.SocketException: Message too long
11-05 12:37:06.151  8773  8806 W System.err: 	at sun.nio.ch.DatagramChannelImpl.send0(Native Method)
11-05 12:37:06.151  8773  8806 W System.err: 	at sun.nio.ch.DatagramChannelImpl.sendFromNativeBuffer(DatagramChannelImpl.java:573)
11-05 12:37:06.151  8773  8806 W System.err: 	at sun.nio.ch.DatagramChannelImpl.send(DatagramChannelImpl.java:550)
11-05 12:37:06.151  8773  8806 W System.err: 	at sun.nio.ch.DatagramChannelImpl.send(DatagramChannelImpl.java:514)
11-05 12:37:06.151  8773  8806 W System.err: 	at symlab.CloudAR.network.TransmissionTask.run(TransmissionTask.java:124)
11-05 12:37:06.151  8773  8806 W System.err: 	at android.os.Handler.handleCallback(Handler.java:907)
11-05 12:37:06.152  8773  8806 W System.err: 	at android.os.Handler.dispatchMessage(Handler.java:105)
11-05 12:37:06.152  8773  8806 W System.err: 	at android.os.Looper.loop(Looper.java:216)
11-05 12:37:06.152  8773  8806 W System.err: 	at android.os.HandlerThread.run(HandlerThread.java:65)
11-05 12:37:06.187  8773  8806 D Evaluation: Frame 1162 sent at 1572950226187
11-05 12:37:06.227  8773  8806 D Evaluation: Frame 1163 sent at 1572950226227
11-05 12:37:06.261  8773  8806 D Evaluation: Frame 1164 sent at 1572950226261
11-05 12:37:06.295  8773  8806 W System.err: java.net.SocketException: Message too long
11-05 12:37:06.295  8773  8806 W System.err: 	at sun.nio.ch.DatagramChannelImpl.send0(Native Method)
11-05 12:37:06.295  8773  8806 W System.err: 	at sun.nio.ch.DatagramChannelImpl.sendFromNativeBuffer(DatagramChannelImpl.java:573)
11-05 12:37:06.295  8773  8806 W System.err: 	at sun.nio.ch.DatagramChannelImpl.send(DatagramChannelImpl.java:550)
11-05 12:37:06.295  8773  8806 W System.err: 	at sun.nio.ch.DatagramChannelImpl.send(DatagramChannelImpl.java:514)
11-05 12:37:06.295  8773  8806 W System.err: 	at symlab.CloudAR.network.TransmissionTask.run(TransmissionTask.java:124)
11-05 12:37:06.295  8773  8806 W System.err: 	at android.os.Handler.handleCallback(Handler.java:907)
11-05 12:37:06.295  8773  8806 W System.err: 	at android.os.Handler.dispatchMessage(Handler.java:105)
11-05 12:37:06.295  8773  8806 W System.err: 	at android.os.Looper.loop(Looper.java:216)
11-05 12:37:06.295  8773  8806 W System.err: 	at android.os.HandlerThread.run(HandlerThread.java:65)
11-05 12:37:06.334  8773  8806 W System.err: java.net.SocketException: Message too long
11-05 12:37:06.334  8773  8806 W System.err: 	at sun.nio.ch.DatagramChannelImpl.send0(Native Method)
11-05 12:37:06.334  8773  8806 W System.err: 	at sun.nio.ch.DatagramChannelImpl.sendFromNativeBuffer(DatagramChannelImpl.java:573)
11-05 12:37:06.334  8773  8806 W System.err: 	at sun.nio.ch.DatagramChannelImpl.send(DatagramChannelImpl.java:550)
11-05 12:37:06.334  8773  8806 W System.err: 	at sun.nio.ch.DatagramChannelImpl.send(DatagramChannelImpl.java:514)
11-05 12:37:06.334  8773  8806 W System.err: 	at symlab.CloudAR.network.TransmissionTask.run(TransmissionTask.java:124)
11-05 12:37:06.334  8773  8806 W System.err: 	at android.os.Handler.handleCallback(Handler.java:907)
11-05 12:37:06.334  8773  8806 W System.err: 	at android.os.Handler.dispatchMessage(Handler.java:105)
11-05 12:37:06.334  8773  8806 W System.err: 	at android.os.Looper.loop(Looper.java:216)
11-05 12:37:06.334  8773  8806 W System.err: 	at android.os.HandlerThread.run(HandlerThread.java:65)
11-05 12:37:06.335  8773  8784 E         : [ZeroHung]zrhung_get_config: Get config failed for wp[0x0008]
11-05 12:37:06.361  8773  8806 W System.err: java.net.SocketException: Message too long
11-05 12:37:06.361  8773  8806 W System.err: 	at sun.nio.ch.DatagramChannelImpl.send0(Native Method)
11-05 12:37:06.361  8773  8806 W System.err: 	at sun.nio.ch.DatagramChannelImpl.sendFromNativeBuffer(DatagramChannelImpl.java:573)
11-05 12:37:06.361  8773  8806 W System.err: 	at sun.nio.ch.DatagramChannelImpl.send(DatagramChannelImpl.java:550)
11-05 12:37:06.361  8773  8806 W System.err: 	at sun.nio.ch.DatagramChannelImpl.send(DatagramChannelImpl.java:514)
11-05 12:37:06.361  8773  8806 W System.err: 	at symlab.CloudAR.network.TransmissionTask.run(TransmissionTask.java:124)
11-05 12:37:06.361  8773  8806 W System.err: 	at android.os.Handler.handleCallback(Handler.java:907)
11-05 12:37:06.361  8773  8806 W System.err: 	at android.os.Handler.dispatchMessage(Handler.java:105)
11-05 12:37:06.361  8773  8806 W System.err: 	at android.os.Looper.loop(Looper.java:216)
11-05 12:37:06.361  8773  8806 W System.err: 	at android.os.HandlerThread.run(HandlerThread.java:65)
11-05 12:37:06.402  8773  8806 W System.err: java.net.SocketException: Message too long
11-05 12:37:06.402  8773  8806 W System.err: 	at sun.nio.ch.DatagramChannelImpl.send0(Native Method)
11-05 12:37:06.402  8773  8806 W System.err: 	at sun.nio.ch.DatagramChannelImpl.sendFromNativeBuffer(DatagramChannelImpl.java:573)
11-05 12:37:06.402  8773  8806 W System.err: 	at sun.nio.ch.DatagramChannelImpl.send(DatagramChannelImpl.java:550)
11-05 12:37:06.402  8773  8806 W System.err: 	at sun.nio.ch.DatagramChannelImpl.send(DatagramChannelImpl.java:514)
11-05 12:37:06.402  8773  8806 W System.err: 	at symlab.CloudAR.network.TransmissionTask.run(TransmissionTask.java:124)
11-05 12:37:06.402  8773  8806 W System.err: 	at android.os.Handler.handleCallback(Handler.java:907)
11-05 12:37:06.402  8773  8806 W System.err: 	at android.os.Handler.dispatchMessage(Handler.java:105)
11-05 12:37:06.402  8773  8806 W System.err: 	at android.os.Looper.loop(Looper.java:216)
11-05 12:37:06.403  8773  8806 W System.err: 	at android.os.HandlerThread.run(HandlerThread.java:65)
11-05 12:37:06.432  8773  8806 W System.err: java.net.SocketException: Message too long
11-05 12:37:06.432  8773  8806 W System.err: 	at sun.nio.ch.DatagramChannelImpl.send0(Native Method)
11-05 12:37:06.432  8773  8806 W System.err: 	at sun.nio.ch.DatagramChannelImpl.sendFromNativeBuffer(DatagramChannelImpl.java:573)
11-05 12:37:06.432  8773  8806 W System.err: 	at sun.nio.ch.DatagramChannelImpl.send(DatagramChannelImpl.java:550)
11-05 12:37:06.432  8773  8806 W System.err: 	at sun.nio.ch.DatagramChannelImpl.send(DatagramChannelImpl.java:514)
11-05 12:37:06.432  8773  8806 W System.err: 	at symlab.CloudAR.network.TransmissionTask.run(TransmissionTask.java:124)
11-05 12:37:06.432  8773  8806 W System.err: 	at android.os.Handler.handleCallback(Handler.java:907)
11-05 12:37:06.432  8773  8806 W System.err: 	at android.os.Handler.dispatchMessage(Handler.java:105)
11-05 12:37:06.432  8773  8806 W System.err: 	at android.os.Looper.loop(Looper.java:216)
11-05 12:37:06.432  8773  8806 W System.err: 	at android.os.HandlerThread.run(HandlerThread.java:65)
11-05 12:37:06.478  8773  8806 W System.err: java.net.SocketException: Message too long
11-05 12:37:06.478  8773  8806 W System.err: 	at sun.nio.ch.DatagramChannelImpl.send0(Native Method)
11-05 12:37:06.478  8773  8806 W System.err: 	at sun.nio.ch.DatagramChannelImpl.sendFromNativeBuffer(DatagramChannelImpl.java:573)
11-05 12:37:06.478  8773  8806 W System.err: 	at sun.nio.ch.DatagramChannelImpl.send(DatagramChannelImpl.java:550)
11-05 12:37:06.478  8773  8806 W System.err: 	at sun.nio.ch.DatagramChannelImpl.send(DatagramChannelImpl.java:514)
11-05 12:37:06.478  8773  8806 W System.err: 	at symlab.CloudAR.network.TransmissionTask.run(TransmissionTask.java:124)
11-05 12:37:06.478  8773  8806 W System.err: 	at android.os.Handler.handleCallback(Handler.java:907)
11-05 12:37:06.478  8773  8806 W System.err: 	at android.os.Handler.dispatchMessage(Handler.java:105)
11-05 12:37:06.478  8773  8806 W System.err: 	at android.os.Looper.loop(Looper.java:216)
11-05 12:37:06.478  8773  8806 W System.err: 	at android.os.HandlerThread.run(HandlerThread.java:65)
11-05 12:37:06.498  8773  8806 W System.err: java.net.SocketException: Message too long
11-05 12:37:06.498  8773  8806 W System.err: 	at sun.nio.ch.DatagramChannelImpl.send0(Native Method)
11-05 12:37:06.498  8773  8806 W System.err: 	at sun.nio.ch.DatagramChannelImpl.sendFromNativeBuffer(DatagramChannelImpl.java:573)
11-05 12:37:06.498  8773  8806 W System.err: 	at sun.nio.ch.DatagramChannelImpl.send(DatagramChannelImpl.java:550)
11-05 12:37:06.498  8773  8806 W System.err: 	at sun.nio.ch.DatagramChannelImpl.send(DatagramChannelImpl.java:514)
11-05 12:37:06.498  8773  8806 W System.err: 	at symlab.CloudAR.network.TransmissionTask.run(TransmissionTask.java:124)
11-05 12:37:06.498  8773  8806 W System.err: 	at android.os.Handler.handleCallback(Handler.java:907)
11-05 12:37:06.498  8773  8806 W System.err: 	at android.os.Handler.dispatchMessage(Handler.java:105)
11-05 12:37:06.498  8773  8806 W System.err: 	at android.os.Looper.loop(Looper.java:216)
11-05 12:37:06.498  8773  8806 W System.err: 	at android.os.HandlerThread.run(HandlerThread.java:65)
11-05 12:37:06.500  8773  8806 D Evaluation: 0 res for frame 1162 received at 1572950226499
11-05 12:37:06.523  8773  8773 D Poster  : At 1572950226523 location is 65.05863466198896 (latitude), and 25.469697116176146 (longitude)
11-05 12:37:06.532  8773  8806 W System.err: java.net.SocketException: Message too long
11-05 12:37:06.532  8773  8806 W System.err: 	at sun.nio.ch.DatagramChannelImpl.send0(Native Method)
11-05 12:37:06.532  8773  8806 W System.err: 	at sun.nio.ch.DatagramChannelImpl.sendFromNativeBuffer(DatagramChannelImpl.java:573)
11-05 12:37:06.532  8773  8806 W System.err: 	at sun.nio.ch.DatagramChannelImpl.send(DatagramChannelImpl.java:550)
11-05 12:37:06.532  8773  8806 W System.err: 	at sun.nio.ch.DatagramChannelImpl.send(DatagramChannelImpl.java:514)
11-05 12:37:06.532  8773  8806 W System.err: 	at symlab.CloudAR.network.TransmissionTask.run(TransmissionTask.java:124)
11-05 12:37:06.532  8773  8806 W System.err: 	at android.os.Handler.handleCallback(Handler.java:907)
11-05 12:37:06.532  8773  8806 W System.err: 	at android.os.Handler.dispatchMessage(Handler.java:105)
11-05 12:37:06.532  8773  8806 W System.err: 	at android.os.Looper.loop(Looper.java:216)
11-05 12:37:06.532  8773  8806 W System.err: 	at android.os.HandlerThread.run(HandlerThread.java:65)
11-05 12:37:06.557  8773  8806 W System.err: java.net.SocketException: Message too long
11-05 12:37:06.557  8773  8806 W System.err: 	at sun.nio.ch.DatagramChannelImpl.send0(Native Method)
11-05 12:37:06.557  8773  8806 W System.err: 	at sun.nio.ch.DatagramChannelImpl.sendFromNativeBuffer(DatagramChannelImpl.java:573)
11-05 12:37:06.557  8773  8806 W System.err: 	at sun.nio.ch.DatagramChannelImpl.send(DatagramChannelImpl.java:550)
11-05 12:37:06.557  8773  8806 W System.err: 	at sun.nio.ch.DatagramChannelImpl.send(DatagramChannelImpl.java:514)
11-05 12:37:06.557  8773  8806 W System.err: 	at symlab.CloudAR.network.TransmissionTask.run(TransmissionTask.java:124)
11-05 12:37:06.557  8773  8806 W System.err: 	at android.os.Handler.handleCallback(Handler.java:907)
11-05 12:37:06.557  8773  8806 W System.err: 	at android.os.Handler.dispatchMessage(Handler.java:105)
11-05 12:37:06.557  8773  8806 W System.err: 	at android.os.Looper.loop(Looper.java:216)
11-05 12:37:06.557  8773  8806 W System.err: 	at android.os.HandlerThread.run(HandlerThread.java:65)
11-05 12:37:06.594  8773  8806 W System.err: java.net.SocketException: Message too long
11-05 12:37:06.594  8773  8806 W System.err: 	at sun.nio.ch.DatagramChannelImpl.send0(Native Method)
11-05 12:37:06.594  8773  8806 W System.err: 	at sun.nio.ch.DatagramChannelImpl.sendFromNativeBuffer(DatagramChannelImpl.java:573)
11-05 12:37:06.594  8773  8806 W System.err: 	at sun.nio.ch.DatagramChannelImpl.send(DatagramChannelImpl.java:550)
11-05 12:37:06.594  8773  8806 W System.err: 	at sun.nio.ch.DatagramChannelImpl.send(DatagramChannelImpl.java:514)
11-05 12:37:06.594  8773  8806 W System.err: 	at symlab.CloudAR.network.TransmissionTask.run(TransmissionTask.java:124)
11-05 12:37:06.594  8773  8806 W System.err: 	at android.os.Handler.handleCallback(Handler.java:907)
11-05 12:37:06.594  8773  8806 W System.err: 	at android.os.Handler.dispatchMessage(Handler.java:105)
11-05 12:37:06.594  8773  8806 W System.err: 	at android.os.Looper.loop(Looper.java:216)
11-05 12:37:06.594  8773  8806 W System.err: 	at android.os.HandlerThread.run(HandlerThread.java:65)
11-05 12:37:06.640  8773  8806 W System.err: java.net.SocketException: Message too long
11-05 12:37:06.640  8773  8806 W System.err: 	at sun.nio.ch.DatagramChannelImpl.send0(Native Method)
11-05 12:37:06.640  8773  8806 W System.err: 	at sun.nio.ch.DatagramChannelImpl.sendFromNativeBuffer(DatagramChannelImpl.java:573)
11-05 12:37:06.640  8773  8806 W System.err: 	at sun.nio.ch.DatagramChannelImpl.send(DatagramChannelImpl.java:550)
11-05 12:37:06.640  8773  8806 W System.err: 	at sun.nio.ch.DatagramChannelImpl.send(DatagramChannelImpl.java:514)
11-05 12:37:06.640  8773  8806 W System.err: 	at symlab.CloudAR.network.TransmissionTask.run(TransmissionTask.java:124)
11-05 12:37:06.640  8773  8806 W System.err: 	at android.os.Handler.handleCallback(Handler.java:907)
11-05 12:37:06.640  8773  8806 W System.err: 	at android.os.Handler.dispatchMessage(Handler.java:105)
11-05 12:37:06.640  8773  8806 W System.err: 	at android.os.Looper.loop(Looper.java:216)
11-05 12:37:06.640  8773  8806 W System.err: 	at android.os.HandlerThread.run(HandlerThread.java:65)
11-05 12:37:06.657  8773  8773 I Poster  :  onPause() called.
11-05 12:37:06.657  8773  8806 W System.err: java.net.SocketException: Message too long
11-05 12:37:06.657  8773  8806 W System.err: 	at sun.nio.ch.DatagramChannelImpl.send0(Native Method)
11-05 12:37:06.657  8773  8806 W System.err: 	at sun.nio.ch.DatagramChannelImpl.sendFromNativeBuffer(DatagramChannelImpl.java:573)
11-05 12:37:06.657  8773  8806 W System.err: 	at sun.nio.ch.DatagramChannelImpl.send(DatagramChannelImpl.java:550)
11-05 12:37:06.657  8773  8806 W System.err: 	at sun.nio.ch.DatagramChannelImpl.send(DatagramChannelImpl.java:514)
11-05 12:37:06.657  8773  8806 W System.err: 	at symlab.CloudAR.network.TransmissionTask.run(TransmissionTask.java:124)
11-05 12:37:06.657  8773  8806 W System.err: 	at android.os.Handler.handleCallback(Handler.java:907)
11-05 12:37:06.657  8773  8806 W System.err: 	at android.os.Handler.dispatchMessage(Handler.java:105)
11-05 12:37:06.657  8773  8806 W System.err: 	at android.os.Looper.loop(Looper.java:216)
11-05 12:37:06.657  8773  8806 W System.err: 	at android.os.HandlerThread.run(HandlerThread.java:65)
11-05 12:37:06.759  8773  8773 I Camera  : close camera: 0, package name: symlab.cloudridar.arhud
11-05 12:37:06.759  8773  8773 I BackgroundPermManager: pkgName: symlab.cloudridar.arhud,pid: 8773 ,uidOf3RdApk: 10149 ,permType: 0 ,permCfg: 0
11-05 12:37:06.763  8773  8773 I HwCameraUtil: notifySurfaceFlingerCameraStatus : isFront = false , isOpend = false
11-05 12:37:06.802  8773  8773 D ZrHung.AppEyeUiProbe: stop checker.
11-05 12:37:06.819  8773  8773 I Poster  :  surfaceDestroyed() called.
11-05 12:37:06.820  8773  8773 D ViewRootImpl[MainActivity]: surface should not be released
11-05 12:37:06.820  8773  8773 I Poster  :  onStop() called.
11-05 12:37:06.845  8773  8824 W libEGL  : EGLNativeWindowType 0xe6370008 disconnect failed
11-05 12:37:07.516  8773  8773 D Poster  : At 1572950227516 location is 65.05863102013399 (latitude), and 25.469699600914137 (longitude)
11-05 12:37:07.518  8773  8773 D Latitude: status
11-05 12:37:07.527  8773  8799 D ZrHung.AppEyeUiProbe: Current Activity:false
11-05 12:37:07.527  8773  8799 D ZrHung.AppEyeUiProbe: not watching, wait.
11-05 12:37:08.240  8773  8773 I Poster  :  onStart() called.
11-05 12:37:08.240  8773  8773 D ZrHung.AppEyeUiProbe: notify runnable to start.
11-05 12:37:08.241  8773  8773 I Poster  :  onResume() called.
11-05 12:37:08.243  8773  8799 D ZrHung.AppEyeUiProbe: restart watching
11-05 12:37:08.247  8773  8773 I PermissionManager: camera remind result:true
11-05 12:37:08.247  8773  8773 I Camera  : open camera: 0, package name: symlab.cloudridar.arhud
11-05 12:37:08.247  8773  8773 I BackgroundPermManager: pkgName: symlab.cloudridar.arhud,pid: 8773 ,uidOf3RdApk: 10149 ,permType: 0 ,permCfg: 1
11-05 12:37:08.249  8773  8773 I HwCameraUtil: notifySurfaceFlingerCameraStatus : isFront = false , isOpend = true
11-05 12:37:08.260  8773  8773 D ActivityThread: isOptEnabled=false isWechatScanOpt=false
11-05 12:37:08.291  8773  8824 D mali_winsys: EGLint new_window_surface(egl_winsys_display *, void *, EGLSurface, EGLConfig, egl_winsys_surface **, EGLBoolean) returns 0x3000
11-05 12:37:08.306  8773  8773 I Poster  :  surfaceCreated() called.
11-05 12:37:08.306  8773  8773 I Poster  : initPreview() called
11-05 12:37:08.308  8773  8773 I PermissionManager: camera remind result:true
11-05 12:37:08.314  8773  8773 I Poster  :  surfaceChanged() called.
11-05 12:37:08.315  8773  8773 E BpSurfaceComposerClient: Failed to transact (-1)
11-05 12:37:08.315  8773  8773 E BpSurfaceComposerClient: Failed to transact (-1)
11-05 12:37:08.316  8773  8773 W InputMethodManager: startInputReason = 1
11-05 12:37:08.516  8773  8773 D Poster  : At 1572950228516 location is 65.0586261643424 (latitude), and 25.46969827915513 (longitude)
11-05 12:37:08.541  8773  8773 D Latitude: status
11-05 12:37:08.561  8773  8773 W MessageQueue: Handler (android.os.Handler) {84ca3fc} sending message to a Handler on a dead thread
11-05 12:37:08.561  8773  8773 W MessageQueue: java.lang.IllegalStateException: Handler (android.os.Handler) {84ca3fc} sending message to a Handler on a dead thread
11-05 12:37:08.561  8773  8773 W MessageQueue: 	at android.os.MessageQueue.enqueueMessage(MessageQueue.java:650)
11-05 12:37:08.561  8773  8773 W MessageQueue: 	at android.os.Handler.enqueueMessage(Handler.java:769)
11-05 12:37:08.561  8773  8773 W MessageQueue: 	at android.os.Handler.sendMessageAtTime(Handler.java:718)
11-05 12:37:08.561  8773  8773 W MessageQueue: 	at android.os.Handler.sendMessageDelayed(Handler.java:688)
11-05 12:37:08.561  8773  8773 W MessageQueue: 	at android.os.Handler.post(Handler.java:405)
11-05 12:37:08.561  8773  8773 W MessageQueue: 	at symlab.CloudAR.ARManager.recognizeTime(ARManager.java:151)
11-05 12:37:08.561  8773  8773 W MessageQueue: 	at symlab.ARHUD.MainActivity$3.onPreviewFrame(MainActivity.java:296)
11-05 12:37:08.561  8773  8773 W MessageQueue: 	at android.hardware.Camera$EventHandler.handleMessage(Camera.java:1278)
11-05 12:37:08.561  8773  8773 W MessageQueue: 	at android.os.Handler.dispatchMessage(Handler.java:112)
11-05 12:37:08.561  8773  8773 W MessageQueue: 	at android.os.Looper.loop(Looper.java:216)
11-05 12:37:08.561  8773  8773 W MessageQueue: 	at android.app.ActivityThread.main(ActivityThread.java:7579)
11-05 12:37:08.561  8773  8773 W MessageQueue: 	at java.lang.reflect.Method.invoke(Native Method)
11-05 12:37:08.561  8773  8773 W MessageQueue: 	at com.android.internal.os.RuntimeInit$MethodAndArgsCaller.run(RuntimeInit.java:524)
11-05 12:37:08.561  8773  8773 W MessageQueue: 	at com.android.internal.os.ZygoteInit.main(ZygoteInit.java:1034)
11-05 12:37:08.561  8773  8773 W MessageQueue: Handler (android.os.Handler) {84ca3fc} sending message to a Handler on a dead thread
11-05 12:37:08.561  8773  8773 W MessageQueue: java.lang.IllegalStateException: Handler (android.os.Handler) {84ca3fc} sending message to a Handler on a dead thread
11-05 12:37:08.561  8773  8773 W MessageQueue: 	at android.os.MessageQueue.enqueueMessage(MessageQueue.java:650)
11-05 12:37:08.561  8773  8773 W MessageQueue: 	at android.os.Handler.enqueueMessage(Handler.java:769)
11-05 12:37:08.561  8773  8773 W MessageQueue: 	at android.os.Handler.sendMessageAtTime(Handler.java:718)
11-05 12:37:08.561  8773  8773 W MessageQueue: 	at android.os.Handler.sendMessageDelayed(Handler.java:688)
11-05 12:37:08.561  8773  8773 W MessageQueue: 	at android.os.Handler.post(Handler.java:405)
11-05 12:37:08.561  8773  8773 W MessageQueue: 	at symlab.CloudAR.ARManager.driveFrame(ARManager.java:156)
11-05 12:37:08.561  8773  8773 W MessageQueue: 	at symlab.ARHUD.MainActivity$3.onPreviewFrame(MainActivity.java:297)
11-05 12:37:08.561  8773  8773 W MessageQueue: 	at android.hardware.Camera$EventHandler.handleMessage(Camera.java:1278)
11-05 12:37:08.561  8773  8773 W MessageQueue: 	at android.os.Handler.dispatchMessage(Handler.java:112)
11-05 12:37:08.561  8773  8773 W MessageQueue: 	at android.os.Looper.loop(Looper.java:216)
11-05 12:37:08.561  8773  8773 W MessageQueue: 	at android.app.ActivityThread.main(ActivityThread.java:7579)
11-05 12:37:08.561  8773  8773 W MessageQueue: 	at java.lang.reflect.Method.invoke(Native Method)
11-05 12:37:08.561  8773  8773 W MessageQueue: 	at com.android.internal.os.RuntimeInit$MethodAndArgsCaller.run(RuntimeInit.java:524)
11-05 12:37:08.561  8773  8773 W MessageQueue: 	at com.android.internal.os.ZygoteInit.main(ZygoteInit.java:1034)
11-05 12:37:08.593  8773  8773 W MessageQueue: Handler (android.os.Handler) {84ca3fc} sending message to a Handler on a dead thread
11-05 12:37:08.593  8773  8773 W MessageQueue: java.lang.IllegalStateException: Handler (android.os.Handler) {84ca3fc} sending message to a Handler on a dead thread
11-05 12:37:08.593  8773  8773 W MessageQueue: 	at android.os.MessageQueue.enqueueMessage(MessageQueue.java:650)
11-05 12:37:08.593  8773  8773 W MessageQueue: 	at android.os.Handler.enqueueMessage(Handler.java:769)
11-05 12:37:08.593  8773  8773 W MessageQueue: 	at android.os.Handler.sendMessageAtTime(Handler.java:718)
11-05 12:37:08.593  8773  8773 W MessageQueue: 	at android.os.Handler.sendMessageDelayed(Handler.java:688)
11-05 12:37:08.593  8773  8773 W MessageQueue: 	at android.os.Handler.post(Handler.java:405)
11-05 12:37:08.593  8773  8773 W MessageQueue: 	at symlab.CloudAR.ARManager.recognizeTime(ARManager.java:151)
11-05 12:37:08.593  8773  8773 W MessageQueue: 	at symlab.ARHUD.MainActivity$3.onPreviewFrame(MainActivity.java:296)
11-05 12:37:08.593  8773  8773 W MessageQueue: 	at android.hardware.Camera$EventHandler.handleMessage(Camera.java:1278)
11-05 12:37:08.593  8773  8773 W MessageQueue: 	at android.os.Handler.dispatchMessage(Handler.java:112)
11-05 12:37:08.593  8773  8773 W MessageQueue: 	at android.os.Looper.loop(Looper.java:216)
11-05 12:37:08.593  8773  8773 W MessageQueue: 	at android.app.ActivityThread.main(ActivityThread.java:7579)
11-05 12:37:08.593  8773  8773 W MessageQueue: 	at java.lang.reflect.Method.invoke(Native Method)
11-05 12:37:08.593  8773  8773 W MessageQueue: 	at com.android.internal.os.RuntimeInit$MethodAndArgsCaller.run(RuntimeInit.java:524)
11-05 12:37:08.593  8773  8773 W MessageQueue: 	at com.android.internal.os.ZygoteInit.main(ZygoteInit.java:1034)
11-05 12:37:08.594  8773  8773 W MessageQueue: Handler (android.os.Handler) {84ca3fc} sending message to a Handler on a dead thread
11-05 12:37:08.594  8773  8773 W MessageQueue: java.lang.IllegalStateException: Handler (android.os.Handler) {84ca3fc} sending message to a Handler on a dead thread
11-05 12:37:08.594  8773  8773 W MessageQueue: 	at android.os.MessageQueue.enqueueMessage(MessageQueue.java:650)
11-05 12:37:08.594  8773  8773 W MessageQueue: 	at android.os.Handler.enqueueMessage(Handler.java:769)
11-05 12:37:08.594  8773  8773 W MessageQueue: 	at android.os.Handler.sendMessageAtTime(Handler.java:718)
11-05 12:37:08.594  8773  8773 W MessageQueue: 	at android.os.Handler.sendMessageDelayed(Handler.java:688)
11-05 12:37:08.594  8773  8773 W MessageQueue: 	at android.os.Handler.post(Handler.java:405)
11-05 12:37:08.594  8773  8773 W MessageQueue: 	at symlab.CloudAR.ARManager.driveFrame(ARManager.java:156)
11-05 12:37:08.594  8773  8773 W MessageQueue: 	at symlab.ARHUD.MainActivity$3.onPreviewFrame(MainActivity.java:297)
11-05 12:37:08.594  8773  8773 W MessageQueue: 	at android.hardware.Camera$EventHandler.handleMessage(Camera.java:1278)
11-05 12:37:08.594  8773  8773 W MessageQueue: 	at android.os.Handler.dispatchMessage(Handler.java:112)
11-05 12:37:08.594  8773  8773 W MessageQueue: 	at android.os.Looper.loop(Looper.java:216)
11-05 12:37:08.594  8773  8773 W MessageQueue: 	at android.app.ActivityThread.main(ActivityThread.java:7579)
11-05 12:37:08.594  8773  8773 W MessageQueue: 	at java.lang.reflect.Method.invoke(Native Method)
11-05 12:37:08.594  8773  8773 W MessageQueue: 	at com.android.internal.os.RuntimeInit$MethodAndArgsCaller.run(RuntimeInit.java:524)
11-05 12:37:08.594  8773  8773 W MessageQueue: 	at com.android.internal.os.ZygoteInit.main(ZygoteInit.java:1034)
11-05 12:37:08.632  8773  8773 W MessageQueue: Handler (android.os.Handler) {84ca3fc} sending message to a Handler on a dead thread
11-05 12:37:08.632  8773  8773 W MessageQueue: java.lang.IllegalStateException: Handler (android.os.Handler) {84ca3fc} sending message to a Handler on a dead thread
11-05 12:37:08.632  8773  8773 W MessageQueue: 	at android.os.MessageQueue.enqueueMessage(MessageQueue.java:650)
11-05 12:37:08.632  8773  8773 W MessageQueue: 	at android.os.Handler.enqueueMessage(Handler.java:769)
11-05 12:37:08.632  8773  8773 W MessageQueue: 	at android.os.Handler.sendMessageAtTime(Handler.java:718)
11-05 12:37:08.632  8773  8773 W MessageQueue: 	at android.os.Handler.sendMessageDelayed(Handler.java:688)
11-05 12:37:08.632  8773  8773 W MessageQueue: 	at android.os.Handler.post(Handler.java:405)
11-05 12:37:08.632  8773  8773 W MessageQueue: 	at symlab.CloudAR.ARManager.recognizeTime(ARManager.java:151)
11-05 12:37:08.632  8773  8773 W MessageQueue: 	at symlab.ARHUD.MainActivity$3.onPreviewFrame(MainActivity.java:296)
11-05 12:37:08.632  8773  8773 W MessageQueue: 	at android.hardware.Camera$EventHandler.handleMessage(Camera.java:1278)
11-05 12:37:08.632  8773  8773 W MessageQueue: 	at android.os.Handler.dispatchMessage(Handler.java:112)
11-05 12:37:08.632  8773  8773 W MessageQueue: 	at android.os.Looper.loop(Looper.java:216)
11-05 12:37:08.632  8773  8773 W MessageQueue: 	at android.app.ActivityThread.main(ActivityThread.java:7579)
11-05 12:37:08.632  8773  8773 W MessageQueue: 	at java.lang.reflect.Method.invoke(Native Method)
11-05 12:37:08.632  8773  8773 W MessageQueue: 	at com.android.internal.os.RuntimeInit$MethodAndArgsCaller.run(RuntimeInit.java:524)
11-05 12:37:08.632  8773  8773 W MessageQueue: 	at com.android.internal.os.ZygoteInit.main(ZygoteInit.java:1034)
11-05 12:37:08.632  8773  8773 W MessageQueue: Handler (android.os.Handler) {84ca3fc} sending message to a Handler on a dead thread
11-05 12:37:08.632  8773  8773 W MessageQueue: java.lang.IllegalStateException: Handler (android.os.Handler) {84ca3fc} sending message to a Handler on a dead thread
11-05 12:37:08.632  8773  8773 W MessageQueue: 	at android.os.MessageQueue.enqueueMessage(MessageQueue.java:650)
11-05 12:37:08.632  8773  8773 W MessageQueue: 	at android.os.Handler.enqueueMessage(Handler.java:769)
11-05 12:37:08.632  8773  8773 W MessageQueue: 	at android.os.Handler.sendMessageAtTime(Handler.java:718)
11-05 12:37:08.632  8773  8773 W MessageQueue: 	at android.os.Handler.sendMessageDelayed(Handler.java:688)
11-05 12:37:08.632  8773  8773 W MessageQueue: 	at android.os.Handler.post(Handler.java:405)
11-05 12:37:08.632  8773  8773 W MessageQueue: 	at symlab.CloudAR.ARManager.driveFrame(ARManager.java:156)
11-05 12:37:08.632  8773  8773 W MessageQueue: 	at symlab.ARHUD.MainActivity$3.onPreviewFrame(MainActivity.java:297)
11-05 12:37:08.632  8773  8773 W MessageQueue: 	at android.hardware.Camera$EventHandler.handleMessage(Camera.java:1278)
11-05 12:37:08.632  8773  8773 W MessageQueue: 	at android.os.Handler.dispatchMessage(Handler.java:112)
11-05 12:37:08.632  8773  8773 W MessageQueue: 	at android.os.Looper.loop(Looper.java:216)
11-05 12:37:08.632  8773  8773 W MessageQueue: 	at android.app.ActivityThread.main(ActivityThread.java:7579)
11-05 12:37:08.632  8773  8773 W MessageQueue: 	at java.lang.reflect.Method.invoke(Native Method)
11-05 12:37:08.632  8773  8773 W MessageQueue: 	at com.android.internal.os.RuntimeInit$MethodAndArgsCaller.run(RuntimeInit.java:524)
11-05 12:37:08.632  8773  8773 W MessageQueue: 	at com.android.internal.os.ZygoteInit.main(ZygoteInit.java:1034)
11-05 12:37:08.665  8773  8773 W MessageQueue: Handler (android.os.Handler) {84ca3fc} sending message to a Handler on a dead thread
11-05 12:37:08.665  8773  8773 W MessageQueue: java.lang.IllegalStateException: Handler (android.os.Handler) {84ca3fc} sending message to a Handler on a dead thread
11-05 12:37:08.665  8773  8773 W MessageQueue: 	at android.os.MessageQueue.enqueueMessage(MessageQueue.java:650)
11-05 12:37:08.665  8773  8773 W MessageQueue: 	at android.os.Handler.enqueueMessage(Handler.java:769)
11-05 12:37:08.665  8773  8773 W MessageQueue: 	at android.os.Handler.sendMessageAtTime(Handler.java:718)
11-05 12:37:08.665  8773  8773 W MessageQueue: 	at android.os.Handler.sendMessageDelayed(Handler.java:688)
11-05 12:37:08.665  8773  8773 W MessageQueue: 	at android.os.Handler.post(Handler.java:405)
11-05 12:37:08.665  8773  8773 W MessageQueue: 	at symlab.CloudAR.ARManager.recognizeTime(ARManager.java:151)
11-05 12:37:08.665  8773  8773 W MessageQueue: 	at symlab.ARHUD.MainActivity$3.onPreviewFrame(MainActivity.java:296)
11-05 12:37:08.665  8773  8773 W MessageQueue: 	at android.hardware.Camera$EventHandler.handleMessage(Camera.java:1278)
11-05 12:37:08.665  8773  8773 W MessageQueue: 	at android.os.Handler.dispatchMessage(Handler.java:112)
11-05 12:37:08.665  8773  8773 W MessageQueue: 	at android.os.Looper.loop(Looper.java:216)
11-05 12:37:08.665  8773  8773 W MessageQueue: 	at android.app.ActivityThread.main(ActivityThread.java:7579)
11-05 12:37:08.665  8773  8773 W MessageQueue: 	at java.lang.reflect.Method.invoke(Native Method)
11-05 12:37:08.665  8773  8773 W MessageQueue: 	at com.android.internal.os.RuntimeInit$MethodAndArgsCaller.run(RuntimeInit.java:524)
11-05 12:37:08.665  8773  8773 W MessageQueue: 	at com.android.internal.os.ZygoteInit.main(ZygoteInit.java:1034)
11-05 12:37:08.665  8773  8773 W MessageQueue: Handler (android.os.Handler) {84ca3fc} sending message to a Handler on a dead thread
11-05 12:37:08.665  8773  8773 W MessageQueue: java.lang.IllegalStateException: Handler (android.os.Handler) {84ca3fc} sending message to a Handler on a dead thread
11-05 12:37:08.665  8773  8773 W MessageQueue: 	at android.os.MessageQueue.enqueueMessage(MessageQueue.java:650)
11-05 12:37:08.665  8773  8773 W MessageQueue: 	at android.os.Handler.enqueueMessage(Handler.java:769)
11-05 12:37:08.665  8773  8773 W MessageQueue: 	at android.os.Handler.sendMessageAtTime(Handler.java:718)
11-05 12:37:08.665  8773  8773 W MessageQueue: 	at android.os.Handler.sendMessageDelayed(Handler.java:688)
11-05 12:37:08.665  8773  8773 W MessageQueue: 	at android.os.Handler.post(Handler.java:405)
11-05 12:37:08.665  8773  8773 W MessageQueue: 	at symlab.CloudAR.ARManager.driveFrame(ARManager.java:156)
11-05 12:37:08.665  8773  8773 W MessageQueue: 	at symlab.ARHUD.MainActivity$3.onPreviewFrame(MainActivity.java:297)
11-05 12:37:08.665  8773  8773 W MessageQueue: 	at android.hardware.Camera$EventHandler.handleMessage(Camera.java:1278)
11-05 12:37:08.665  8773  8773 W MessageQueue: 	at android.os.Handler.dispatchMessage(Handler.java:112)
11-05 12:37:08.665  8773  8773 W MessageQueue: 	at android.os.Looper.loop(Looper.java:216)
11-05 12:37:08.665  8773  8773 W MessageQueue: 	at android.app.ActivityThread.main(ActivityThread.java:7579)
11-05 12:37:08.665  8773  8773 W MessageQueue: 	at java.lang.reflect.Method.invoke(Native Method)
11-05 12:37:08.665  8773  8773 W MessageQueue: 	at com.android.internal.os.RuntimeInit$MethodAndArgsCaller.run(RuntimeInit.java:524)
11-05 12:37:08.665  8773  8773 W MessageQueue: 	at com.android.internal.os.ZygoteInit.main(ZygoteInit.java:1034)
11-05 12:37:08.698  8773  8773 W MessageQueue: Handler (android.os.Handler) {84ca3fc} sending message to a Handler on a dead thread
11-05 12:37:08.698  8773  8773 W MessageQueue: java.lang.IllegalStateException: Handler (android.os.Handler) {84ca3fc} sending message to a Handler on a dead thread
11-05 12:37:08.698  8773  8773 W MessageQueue: 	at android.os.MessageQueue.enqueueMessage(MessageQueue.java:650)
11-05 12:37:08.698  8773  8773 W MessageQueue: 	at android.os.Handler.enqueueMessage(Handler.java:769)
11-05 12:37:08.698  8773  8773 W MessageQueue: 	at android.os.Handler.sendMessageAtTime(Handler.java:718)
11-05 12:37:08.698  8773  8773 W MessageQueue: 	at android.os.Handler.sendMessageDelayed(Handler.java:688)
11-05 12:37:08.698  8773  8773 W MessageQueue: 	at android.os.Handler.post(Handler.java:405)
11-05 12:37:08.698  8773  8773 W MessageQueue: 	at symlab.CloudAR.ARManager.recognizeTime(ARManager.java:151)
11-05 12:37:08.698  8773  8773 W MessageQueue: 	at symlab.ARHUD.MainActivity$3.onPreviewFrame(MainActivity.java:296)
11-05 12:37:08.698  8773  8773 W MessageQueue: 	at android.hardware.Camera$EventHandler.handleMessage(Camera.java:1278)
11-05 12:37:08.698  8773  8773 W MessageQueue: 	at android.os.Handler.dispatchMessage(Handler.java:112)
11-05 12:37:08.698  8773  8773 W MessageQueue: 	at android.os.Looper.loop(Looper.java:216)
11-05 12:37:08.698  8773  8773 W MessageQueue: 	at android.app.ActivityThread.main(ActivityThread.java:7579)
11-05 12:37:08.698  8773  8773 W MessageQueue: 	at java.lang.reflect.Method.invoke(Native Method)
11-05 12:37:08.698  8773  8773 W MessageQueue: 	at com.android.internal.os.RuntimeInit$MethodAndArgsCaller.run(RuntimeInit.java:524)
11-05 12:37:08.698  8773  8773 W MessageQueue: 	at com.android.internal.os.ZygoteInit.main(ZygoteInit.java:1034)
11-05 12:37:08.698  8773  8773 W MessageQueue: Handler (android.os.Handler) {84ca3fc} sending message to a Handler on a dead thread
11-05 12:37:08.698  8773  8773 W MessageQueue: java.lang.IllegalStateException: Handler (android.os.Handler) {84ca3fc} sending message to a Handler on a dead thread
11-05 12:37:08.698  8773  8773 W MessageQueue: 	at android.os.MessageQueue.enqueueMessage(MessageQueue.java:650)
11-05 12:37:08.698  8773  8773 W MessageQueue: 	at android.os.Handler.enqueueMessage(Handler.java:769)
11-05 12:37:08.698  8773  8773 W MessageQueue: 	at android.os.Handler.sendMessageAtTime(Handler.java:718)
11-05 12:37:08.698  8773  8773 W MessageQueue: 	at android.os.Handler.sendMessageDelayed(Handler.java:688)
11-05 12:37:08.698  8773  8773 W MessageQueue: 	at android.os.Handler.post(Handler.java:405)
11-05 12:37:08.698  8773  8773 W MessageQueue: 	at symlab.CloudAR.ARManager.driveFrame(ARManager.java:156)
11-05 12:37:08.698  8773  8773 W MessageQueue: 	at symlab.ARHUD.MainActivity$3.onPreviewFrame(MainActivity.java:297)
11-05 12:37:08.698  8773  8773 W MessageQueue: 	at android.hardware.Camera$EventHandler.handleMessage(Camera.java:1278)
11-05 12:37:08.698  8773  8773 W MessageQueue: 	at android.os.Handler.dispatchMessage(Handler.java:112)
11-05 12:37:08.698  8773  8773 W MessageQueue: 	at android.os.Looper.loop(Looper.java:216)
11-05 12:37:08.698  8773  8773 W MessageQueue: 	at android.app.ActivityThread.main(ActivityThread.java:7579)
11-05 12:37:08.698  8773  8773 W MessageQueue: 	at java.lang.reflect.Method.invoke(Native Method)
11-05 12:37:08.698  8773  8773 W MessageQueue: 	at com.android.internal.os.RuntimeInit$MethodAndArgsCaller.run(RuntimeInit.java:524)
11-05 12:37:08.698  8773  8773 W MessageQueue: 	at com.android.internal.os.ZygoteInit.main(ZygoteInit.java:1034)
11-05 12:37:08.731  8773  8773 W MessageQueue: Handler (android.os.Handler) {84ca3fc} sending message to a Handler on a dead thread
11-05 12:37:08.731  8773  8773 W MessageQueue: java.lang.IllegalStateException: Handler (android.os.Handler) {84ca3fc} sending message to a Handler on a dead thread
