11-06 11:03:16.470 26877 26911 W System.err: 	at sun.nio.ch.DatagramChannelImpl.sendFromNativeBuffer(DatagramChannelImpl.java:573)
11-06 11:03:16.470 26877 26911 W System.err: 	at sun.nio.ch.DatagramChannelImpl.send(DatagramChannelImpl.java:550)
11-06 11:03:16.470 26877 26911 W System.err: 	at sun.nio.ch.DatagramChannelImpl.send(DatagramChannelImpl.java:514)
11-06 11:03:16.470 26877 26911 W System.err: 	at symlab.CloudAR.network.TransmissionTask.run(TransmissionTask.java:124)
11-06 11:03:16.470 26877 26911 W System.err: 	at android.os.Handler.handleCallback(Handler.java:907)
11-06 11:03:16.470 26877 26911 W System.err: 	at android.os.Handler.dispatchMessage(Handler.java:105)
11-06 11:03:16.470 26877 26911 W System.err: 	at android.os.Looper.loop(Looper.java:216)
11-06 11:03:16.470 26877 26911 W System.err: 	at android.os.HandlerThread.run(HandlerThread.java:65)
11-06 11:03:16.501 26877 26911 W System.err: java.net.SocketException: Message too long
11-06 11:03:16.501 26877 26911 W System.err: 	at sun.nio.ch.DatagramChannelImpl.send0(Native Method)
11-06 11:03:16.501 26877 26911 W System.err: 	at sun.nio.ch.DatagramChannelImpl.sendFromNativeBuffer(DatagramChannelImpl.java:573)
11-06 11:03:16.501 26877 26911 W System.err: 	at sun.nio.ch.DatagramChannelImpl.send(DatagramChannelImpl.java:550)
11-06 11:03:16.501 26877 26911 W System.err: 	at sun.nio.ch.DatagramChannelImpl.send(DatagramChannelImpl.java:514)
11-06 11:03:16.501 26877 26911 W System.err: 	at symlab.CloudAR.network.TransmissionTask.run(TransmissionTask.java:124)
11-06 11:03:16.501 26877 26911 W System.err: 	at android.os.Handler.handleCallback(Handler.java:907)
11-06 11:03:16.501 26877 26911 W System.err: 	at android.os.Handler.dispatchMessage(Handler.java:105)
11-06 11:03:16.501 26877 26911 W System.err: 	at android.os.Looper.loop(Looper.java:216)
11-06 11:03:16.501 26877 26911 W System.err: 	at android.os.HandlerThread.run(HandlerThread.java:65)
11-06 11:03:16.527 26877 26911 W System.err: java.net.SocketException: Message too long
11-06 11:03:16.527 26877 26911 W System.err: 	at sun.nio.ch.DatagramChannelImpl.send0(Native Method)
11-06 11:03:16.527 26877 26911 W System.err: 	at sun.nio.ch.DatagramChannelImpl.sendFromNativeBuffer(DatagramChannelImpl.java:573)
11-06 11:03:16.527 26877 26911 W System.err: 	at sun.nio.ch.DatagramChannelImpl.send(DatagramChannelImpl.java:550)
11-06 11:03:16.527 26877 26911 W System.err: 	at sun.nio.ch.DatagramChannelImpl.send(DatagramChannelImpl.java:514)
11-06 11:03:16.527 26877 26911 W System.err: 	at symlab.CloudAR.network.TransmissionTask.run(TransmissionTask.java:124)
11-06 11:03:16.527 26877 26911 W System.err: 	at android.os.Handler.handleCallback(Handler.java:907)
11-06 11:03:16.527 26877 26911 W System.err: 	at android.os.Handler.dispatchMessage(Handler.java:105)
11-06 11:03:16.527 26877 26911 W System.err: 	at android.os.Looper.loop(Looper.java:216)
11-06 11:03:16.527 26877 26911 W System.err: 	at android.os.HandlerThread.run(HandlerThread.java:65)
11-06 11:03:16.572 26877 26911 W System.err: java.net.SocketException: Message too long
11-06 11:03:16.572 26877 26911 W System.err: 	at sun.nio.ch.DatagramChannelImpl.send0(Native Method)
11-06 11:03:16.573 26877 26911 W System.err: 	at sun.nio.ch.DatagramChannelImpl.sendFromNativeBuffer(DatagramChannelImpl.java:573)
11-06 11:03:16.573 26877 26911 W System.err: 	at sun.nio.ch.DatagramChannelImpl.send(DatagramChannelImpl.java:550)
11-06 11:03:16.573 26877 26911 W System.err: 	at sun.nio.ch.DatagramChannelImpl.send(DatagramChannelImpl.java:514)
11-06 11:03:16.573 26877 26911 W System.err: 	at symlab.CloudAR.network.TransmissionTask.run(TransmissionTask.java:124)
11-06 11:03:16.573 26877 26911 W System.err: 	at android.os.Handler.handleCallback(Handler.java:907)
11-06 11:03:16.573 26877 26911 W System.err: 	at android.os.Handler.dispatchMessage(Handler.java:105)
11-06 11:03:16.573 26877 26911 W System.err: 	at android.os.Looper.loop(Looper.java:216)
11-06 11:03:16.573 26877 26911 W System.err: 	at android.os.HandlerThread.run(HandlerThread.java:65)
11-06 11:03:16.594 26877 26911 W System.err: java.net.SocketException: Message too long
11-06 11:03:16.594 26877 26911 W System.err: 	at sun.nio.ch.DatagramChannelImpl.send0(Native Method)
11-06 11:03:16.594 26877 26911 W System.err: 	at sun.nio.ch.DatagramChannelImpl.sendFromNativeBuffer(DatagramChannelImpl.java:573)
11-06 11:03:16.594 26877 26911 W System.err: 	at sun.nio.ch.DatagramChannelImpl.send(DatagramChannelImpl.java:550)
11-06 11:03:16.594 26877 26911 W System.err: 	at sun.nio.ch.DatagramChannelImpl.send(DatagramChannelImpl.java:514)
11-06 11:03:16.594 26877 26911 W System.err: 	at symlab.CloudAR.network.TransmissionTask.run(TransmissionTask.java:124)
11-06 11:03:16.594 26877 26911 W System.err: 	at android.os.Handler.handleCallback(Handler.java:907)
11-06 11:03:16.594 26877 26911 W System.err: 	at android.os.Handler.dispatchMessage(Handler.java:105)
11-06 11:03:16.594 26877 26911 W System.err: 	at android.os.Looper.loop(Looper.java:216)
11-06 11:03:16.594 26877 26911 W System.err: 	at android.os.HandlerThread.run(HandlerThread.java:65)
11-06 11:03:16.638 26877 26911 W System.err: java.net.SocketException: Message too long
11-06 11:03:16.638 26877 26911 W System.err: 	at sun.nio.ch.DatagramChannelImpl.send0(Native Method)
11-06 11:03:16.638 26877 26911 W System.err: 	at sun.nio.ch.DatagramChannelImpl.sendFromNativeBuffer(DatagramChannelImpl.java:573)
11-06 11:03:16.638 26877 26911 W System.err: 	at sun.nio.ch.DatagramChannelImpl.send(DatagramChannelImpl.java:550)
11-06 11:03:16.638 26877 26911 W System.err: 	at sun.nio.ch.DatagramChannelImpl.send(DatagramChannelImpl.java:514)
11-06 11:03:16.638 26877 26911 W System.err: 	at symlab.CloudAR.network.TransmissionTask.run(TransmissionTask.java:124)
11-06 11:03:16.638 26877 26911 W System.err: 	at android.os.Handler.handleCallback(Handler.java:907)
11-06 11:03:16.638 26877 26911 W System.err: 	at android.os.Handler.dispatchMessage(Handler.java:105)
11-06 11:03:16.638 26877 26911 W System.err: 	at android.os.Looper.loop(Looper.java:216)
11-06 11:03:16.638 26877 26911 W System.err: 	at android.os.HandlerThread.run(HandlerThread.java:65)
11-06 11:03:16.661 26877 26888 E         : [ZeroHung]zrhung_get_config: Get config failed for wp[0x0008]
11-06 11:03:16.661 26877 26911 W System.err: java.net.SocketException: Message too long
11-06 11:03:16.662 26877 26911 W System.err: 	at sun.nio.ch.DatagramChannelImpl.send0(Native Method)
11-06 11:03:16.662 26877 26911 W System.err: 	at sun.nio.ch.DatagramChannelImpl.sendFromNativeBuffer(DatagramChannelImpl.java:573)
11-06 11:03:16.662 26877 26911 W System.err: 	at sun.nio.ch.DatagramChannelImpl.send(DatagramChannelImpl.java:550)
11-06 11:03:16.662 26877 26911 W System.err: 	at sun.nio.ch.DatagramChannelImpl.send(DatagramChannelImpl.java:514)
11-06 11:03:16.662 26877 26911 W System.err: 	at symlab.CloudAR.network.TransmissionTask.run(TransmissionTask.java:124)
11-06 11:03:16.662 26877 26911 W System.err: 	at android.os.Handler.handleCallback(Handler.java:907)
11-06 11:03:16.662 26877 26911 W System.err: 	at android.os.Handler.dispatchMessage(Handler.java:105)
11-06 11:03:16.662 26877 26911 W System.err: 	at android.os.Looper.loop(Looper.java:216)
11-06 11:03:16.662 26877 26911 W System.err: 	at android.os.HandlerThread.run(HandlerThread.java:65)
11-06 11:03:16.688 26877 26886 W System  : A resource failed to call close. 
11-06 11:03:16.689 26877 26886 I chatty  : uid=10149(symlab.cloudridar.arhud) FinalizerDaemon identical 5 lines
11-06 11:03:16.689 26877 26886 W System  : A resource failed to call close. 
11-06 11:03:16.703 26877 26911 W System.err: java.net.SocketException: Message too long
11-06 11:03:16.703 26877 26911 W System.err: 	at sun.nio.ch.DatagramChannelImpl.send0(Native Method)
11-06 11:03:16.703 26877 26911 W System.err: 	at sun.nio.ch.DatagramChannelImpl.sendFromNativeBuffer(DatagramChannelImpl.java:573)
11-06 11:03:16.703 26877 26911 W System.err: 	at sun.nio.ch.DatagramChannelImpl.send(DatagramChannelImpl.java:550)
11-06 11:03:16.703 26877 26911 W System.err: 	at sun.nio.ch.DatagramChannelImpl.send(DatagramChannelImpl.java:514)
11-06 11:03:16.703 26877 26911 W System.err: 	at symlab.CloudAR.network.TransmissionTask.run(TransmissionTask.java:124)
11-06 11:03:16.703 26877 26911 W System.err: 	at android.os.Handler.handleCallback(Handler.java:907)
11-06 11:03:16.703 26877 26911 W System.err: 	at android.os.Handler.dispatchMessage(Handler.java:105)
11-06 11:03:16.703 26877 26911 W System.err: 	at android.os.Looper.loop(Looper.java:216)
11-06 11:03:16.703 26877 26911 W System.err: 	at android.os.HandlerThread.run(HandlerThread.java:65)
11-06 11:03:16.733 26877 26911 W System.err: java.net.SocketException: Message too long
11-06 11:03:16.733 26877 26911 W System.err: 	at sun.nio.ch.DatagramChannelImpl.send0(Native Method)
11-06 11:03:16.734 26877 26911 W System.err: 	at sun.nio.ch.DatagramChannelImpl.sendFromNativeBuffer(DatagramChannelImpl.java:573)
11-06 11:03:16.734 26877 26911 W System.err: 	at sun.nio.ch.DatagramChannelImpl.send(DatagramChannelImpl.java:550)
11-06 11:03:16.734 26877 26911 W System.err: 	at sun.nio.ch.DatagramChannelImpl.send(DatagramChannelImpl.java:514)
11-06 11:03:16.734 26877 26911 W System.err: 	at symlab.CloudAR.network.TransmissionTask.run(TransmissionTask.java:124)
11-06 11:03:16.734 26877 26911 W System.err: 	at android.os.Handler.handleCallback(Handler.java:907)
11-06 11:03:16.734 26877 26911 W System.err: 	at android.os.Handler.dispatchMessage(Handler.java:105)
11-06 11:03:16.734 26877 26911 W System.err: 	at android.os.Looper.loop(Looper.java:216)
11-06 11:03:16.734 26877 26911 W System.err: 	at android.os.HandlerThread.run(HandlerThread.java:65)
11-06 11:03:16.763 26877 26911 W System.err: java.net.SocketException: Message too long
11-06 11:03:16.763 26877 26911 W System.err: 	at sun.nio.ch.DatagramChannelImpl.send0(Native Method)
11-06 11:03:16.763 26877 26911 W System.err: 	at sun.nio.ch.DatagramChannelImpl.sendFromNativeBuffer(DatagramChannelImpl.java:573)
11-06 11:03:16.763 26877 26911 W System.err: 	at sun.nio.ch.DatagramChannelImpl.send(DatagramChannelImpl.java:550)
11-06 11:03:16.763 26877 26911 W System.err: 	at sun.nio.ch.DatagramChannelImpl.send(DatagramChannelImpl.java:514)
11-06 11:03:16.763 26877 26911 W System.err: 	at symlab.CloudAR.network.TransmissionTask.run(TransmissionTask.java:124)
11-06 11:03:16.763 26877 26911 W System.err: 	at android.os.Handler.handleCallback(Handler.java:907)
11-06 11:03:16.763 26877 26911 W System.err: 	at android.os.Handler.dispatchMessage(Handler.java:105)
11-06 11:03:16.763 26877 26911 W System.err: 	at android.os.Looper.loop(Looper.java:216)
11-06 11:03:16.763 26877 26911 W System.err: 	at android.os.HandlerThread.run(HandlerThread.java:65)
11-06 11:03:16.802 26877 26911 W System.err: java.net.SocketException: Message too long
11-06 11:03:16.802 26877 26911 W System.err: 	at sun.nio.ch.DatagramChannelImpl.send0(Native Method)
11-06 11:03:16.802 26877 26911 W System.err: 	at sun.nio.ch.DatagramChannelImpl.sendFromNativeBuffer(DatagramChannelImpl.java:573)
11-06 11:03:16.803 26877 26911 W System.err: 	at sun.nio.ch.DatagramChannelImpl.send(DatagramChannelImpl.java:550)
11-06 11:03:16.803 26877 26911 W System.err: 	at sun.nio.ch.DatagramChannelImpl.send(DatagramChannelImpl.java:514)
11-06 11:03:16.803 26877 26911 W System.err: 	at symlab.CloudAR.network.TransmissionTask.run(TransmissionTask.java:124)
11-06 11:03:16.803 26877 26911 W System.err: 	at android.os.Handler.handleCallback(Handler.java:907)
11-06 11:03:16.803 26877 26911 W System.err: 	at android.os.Handler.dispatchMessage(Handler.java:105)
11-06 11:03:16.803 26877 26911 W System.err: 	at android.os.Looper.loop(Looper.java:216)
11-06 11:03:16.803 26877 26911 W System.err: 	at android.os.HandlerThread.run(HandlerThread.java:65)
11-06 11:03:16.836 26877 26911 W System.err: java.net.SocketException: Message too long
11-06 11:03:16.836 26877 26911 W System.err: 	at sun.nio.ch.DatagramChannelImpl.send0(Native Method)
11-06 11:03:16.836 26877 26911 W System.err: 	at sun.nio.ch.DatagramChannelImpl.sendFromNativeBuffer(DatagramChannelImpl.java:573)
11-06 11:03:16.836 26877 26911 W System.err: 	at sun.nio.ch.DatagramChannelImpl.send(DatagramChannelImpl.java:550)
11-06 11:03:16.836 26877 26911 W System.err: 	at sun.nio.ch.DatagramChannelImpl.send(DatagramChannelImpl.java:514)
11-06 11:03:16.836 26877 26911 W System.err: 	at symlab.CloudAR.network.TransmissionTask.run(TransmissionTask.java:124)
11-06 11:03:16.836 26877 26911 W System.err: 	at android.os.Handler.handleCallback(Handler.java:907)
11-06 11:03:16.837 26877 26911 W System.err: 	at android.os.Handler.dispatchMessage(Handler.java:105)
11-06 11:03:16.837 26877 26911 W System.err: 	at android.os.Looper.loop(Looper.java:216)
11-06 11:03:16.837 26877 26911 W System.err: 	at android.os.HandlerThread.run(HandlerThread.java:65)
11-06 11:03:16.877 26877 26911 W System.err: java.net.SocketException: Message too long
11-06 11:03:16.877 26877 26911 W System.err: 	at sun.nio.ch.DatagramChannelImpl.send0(Native Method)
11-06 11:03:16.877 26877 26911 W System.err: 	at sun.nio.ch.DatagramChannelImpl.sendFromNativeBuffer(DatagramChannelImpl.java:573)
11-06 11:03:16.877 26877 26911 W System.err: 	at sun.nio.ch.DatagramChannelImpl.send(DatagramChannelImpl.java:550)
11-06 11:03:16.877 26877 26911 W System.err: 	at sun.nio.ch.DatagramChannelImpl.send(DatagramChannelImpl.java:514)
11-06 11:03:16.877 26877 26911 W System.err: 	at symlab.CloudAR.network.TransmissionTask.run(TransmissionTask.java:124)
11-06 11:03:16.877 26877 26911 W System.err: 	at android.os.Handler.handleCallback(Handler.java:907)
11-06 11:03:16.877 26877 26911 W System.err: 	at android.os.Handler.dispatchMessage(Handler.java:105)
11-06 11:03:16.877 26877 26911 W System.err: 	at android.os.Looper.loop(Looper.java:216)
11-06 11:03:16.877 26877 26911 W System.err: 	at android.os.HandlerThread.run(HandlerThread.java:65)
11-06 11:03:16.942 26877 26911 W System.err: java.net.SocketException: Message too long
11-06 11:03:16.942 26877 26911 W System.err: 	at sun.nio.ch.DatagramChannelImpl.send0(Native Method)
11-06 11:03:16.942 26877 26911 W System.err: 	at sun.nio.ch.DatagramChannelImpl.sendFromNativeBuffer(DatagramChannelImpl.java:573)
11-06 11:03:16.942 26877 26911 W System.err: 	at sun.nio.ch.DatagramChannelImpl.send(DatagramChannelImpl.java:550)
11-06 11:03:16.942 26877 26911 W System.err: 	at sun.nio.ch.DatagramChannelImpl.send(DatagramChannelImpl.java:514)
11-06 11:03:16.942 26877 26911 W System.err: 	at symlab.CloudAR.network.TransmissionTask.run(TransmissionTask.java:124)
11-06 11:03:16.942 26877 26911 W System.err: 	at android.os.Handler.handleCallback(Handler.java:907)
11-06 11:03:16.942 26877 26911 W System.err: 	at android.os.Handler.dispatchMessage(Handler.java:105)
11-06 11:03:16.942 26877 26911 W System.err: 	at android.os.Looper.loop(Looper.java:216)
11-06 11:03:16.942 26877 26911 W System.err: 	at android.os.HandlerThread.run(HandlerThread.java:65)
11-06 11:03:16.964 26877 26911 W System.err: java.net.SocketException: Message too long
11-06 11:03:16.964 26877 26911 W System.err: 	at sun.nio.ch.DatagramChannelImpl.send0(Native Method)
11-06 11:03:16.964 26877 26911 W System.err: 	at sun.nio.ch.DatagramChannelImpl.sendFromNativeBuffer(DatagramChannelImpl.java:573)
11-06 11:03:16.964 26877 26911 W System.err: 	at sun.nio.ch.DatagramChannelImpl.send(DatagramChannelImpl.java:550)
11-06 11:03:16.964 26877 26911 W System.err: 	at sun.nio.ch.DatagramChannelImpl.send(DatagramChannelImpl.java:514)
11-06 11:03:16.964 26877 26911 W System.err: 	at symlab.CloudAR.network.TransmissionTask.run(TransmissionTask.java:124)
11-06 11:03:16.964 26877 26911 W System.err: 	at android.os.Handler.handleCallback(Handler.java:907)
11-06 11:03:16.964 26877 26911 W System.err: 	at android.os.Handler.dispatchMessage(Handler.java:105)
11-06 11:03:16.964 26877 26911 W System.err: 	at android.os.Looper.loop(Looper.java:216)
11-06 11:03:16.964 26877 26911 W System.err: 	at android.os.HandlerThread.run(HandlerThread.java:65)
11-06 11:03:17.004 26877 26911 W System.err: java.net.SocketException: Message too long
11-06 11:03:17.004 26877 26911 W System.err: 	at sun.nio.ch.DatagramChannelImpl.send0(Native Method)
11-06 11:03:17.004 26877 26911 W System.err: 	at sun.nio.ch.DatagramChannelImpl.sendFromNativeBuffer(DatagramChannelImpl.java:573)
11-06 11:03:17.004 26877 26911 W System.err: 	at sun.nio.ch.DatagramChannelImpl.send(DatagramChannelImpl.java:550)
11-06 11:03:17.004 26877 26911 W System.err: 	at sun.nio.ch.DatagramChannelImpl.send(DatagramChannelImpl.java:514)
11-06 11:03:17.004 26877 26911 W System.err: 	at symlab.CloudAR.network.TransmissionTask.run(TransmissionTask.java:124)
11-06 11:03:17.004 26877 26911 W System.err: 	at android.os.Handler.handleCallback(Handler.java:907)
11-06 11:03:17.004 26877 26911 W System.err: 	at android.os.Handler.dispatchMessage(Handler.java:105)
11-06 11:03:17.004 26877 26911 W System.err: 	at android.os.Looper.loop(Looper.java:216)
11-06 11:03:17.004 26877 26911 W System.err: 	at android.os.HandlerThread.run(HandlerThread.java:65)
11-06 11:03:17.046 26877 26911 D Evaluation: Frame 154 sent at 1573030997046
11-06 11:03:17.079 26877 26911 D Evaluation: Frame 156 sent at 1573030997079
11-06 11:03:17.102 26877 26911 D Evaluation: Frame 156 sent at 1573030997101
11-06 11:03:17.148 26877 26911 D Evaluation: Frame 158 sent at 1573030997148
11-06 11:03:17.169 26877 26911 D Evaluation: Frame 158 sent at 1573030997169
11-06 11:03:17.170 26877 26911 D Evaluation: 1 res for frame 154 received at 1573030997170
11-06 11:03:17.236 26877 26911 D Evaluation: Frame 159 sent at 1573030997235
11-06 11:03:17.237 26877 26911 D Evaluation: 1 res for frame 156 received at 1573030997237
11-06 11:03:17.283 26877 26911 D Evaluation: Frame 160 sent at 1573030997283
11-06 11:03:17.284 26877 26911 D Evaluation: 1 res for frame 156 received at 1573030997284
11-06 11:03:17.306 26877 26911 D Evaluation: Frame 161 sent at 1573030997306
11-06 11:03:17.307 26877 26911 D Evaluation: 1 res for frame 158 received at 1573030997307
11-06 11:03:17.344 26877 26877 D Poster  : At 1573030997344 location is 65.05801351038619 (latitude), and 25.46777145346131 (longitude)
11-06 11:03:17.346 26877 26877 D Poster  : Connected to mobile network 20
11-06 11:03:17.382 26877 26911 D Evaluation: Frame 162 sent at 1573030997382
11-06 11:03:17.383 26877 26911 D Evaluation: 1 res for frame 158 received at 1573030997383
11-06 11:03:17.439 26877 26911 D Evaluation: Frame 163 sent at 1573030997439
11-06 11:03:17.440 26877 26911 D Evaluation: 1 res for frame 159 received at 1573030997440
11-06 11:03:17.492 26877 26911 D Evaluation: Frame 165 sent at 1573030997492
11-06 11:03:17.518 26877 26911 D Evaluation: Frame 165 sent at 1573030997518
11-06 11:03:17.519 26877 26911 D Evaluation: 1 res for frame 160 received at 1573030997519
11-06 11:03:17.541 26877 26911 D Evaluation: Frame 166 sent at 1573030997541
11-06 11:03:17.542 26877 26911 D Evaluation: 1 res for frame 161 received at 1573030997542
11-06 11:03:17.575 26877 26911 D Evaluation: Frame 167 sent at 1573030997575
11-06 11:03:17.576 26877 26911 D Evaluation: 1 res for frame 162 received at 1573030997576
11-06 11:03:17.596 26877 26911 W System.err: java.net.SocketException: Message too long
11-06 11:03:17.596 26877 26911 W System.err: 	at sun.nio.ch.DatagramChannelImpl.send0(Native Method)
11-06 11:03:17.596 26877 26911 W System.err: 	at sun.nio.ch.DatagramChannelImpl.sendFromNativeBuffer(DatagramChannelImpl.java:573)
11-06 11:03:17.596 26877 26911 W System.err: 	at sun.nio.ch.DatagramChannelImpl.send(DatagramChannelImpl.java:550)
11-06 11:03:17.596 26877 26911 W System.err: 	at sun.nio.ch.DatagramChannelImpl.send(DatagramChannelImpl.java:514)
11-06 11:03:17.596 26877 26911 W System.err: 	at symlab.CloudAR.network.TransmissionTask.run(TransmissionTask.java:124)
11-06 11:03:17.596 26877 26911 W System.err: 	at android.os.Handler.handleCallback(Handler.java:907)
11-06 11:03:17.596 26877 26911 W System.err: 	at android.os.Handler.dispatchMessage(Handler.java:105)
11-06 11:03:17.596 26877 26911 W System.err: 	at android.os.Looper.loop(Looper.java:216)
11-06 11:03:17.596 26877 26911 W System.err: 	at android.os.HandlerThread.run(HandlerThread.java:65)
11-06 11:03:17.597 26877 26911 D Evaluation: 1 res for frame 163 received at 1573030997597
11-06 11:03:17.640 26877 26911 W System.err: java.net.SocketException: Message too long
11-06 11:03:17.640 26877 26911 W System.err: 	at sun.nio.ch.DatagramChannelImpl.send0(Native Method)
11-06 11:03:17.640 26877 26911 W System.err: 	at sun.nio.ch.DatagramChannelImpl.sendFromNativeBuffer(DatagramChannelImpl.java:573)
11-06 11:03:17.640 26877 26911 W System.err: 	at sun.nio.ch.DatagramChannelImpl.send(DatagramChannelImpl.java:550)
11-06 11:03:17.640 26877 26911 W System.err: 	at sun.nio.ch.DatagramChannelImpl.send(DatagramChannelImpl.java:514)
11-06 11:03:17.640 26877 26911 W System.err: 	at symlab.CloudAR.network.TransmissionTask.run(TransmissionTask.java:124)
11-06 11:03:17.640 26877 26911 W System.err: 	at android.os.Handler.handleCallback(Handler.java:907)
11-06 11:03:17.640 26877 26911 W System.err: 	at android.os.Handler.dispatchMessage(Handler.java:105)
11-06 11:03:17.640 26877 26911 W System.err: 	at android.os.Looper.loop(Looper.java:216)
11-06 11:03:17.640 26877 26911 W System.err: 	at android.os.HandlerThread.run(HandlerThread.java:65)
11-06 11:03:17.641 26877 26911 D Evaluation: 1 res for frame 165 received at 1573030997641
11-06 11:03:17.675 26877 26888 E         : [ZeroHung]zrhung_get_config: Get config failed for wp[0x0008]
11-06 11:03:17.675 26877 26911 W System.err: java.net.SocketException: Message too long
11-06 11:03:17.675 26877 26911 W System.err: 	at sun.nio.ch.DatagramChannelImpl.send0(Native Method)
11-06 11:03:17.675 26877 26911 W System.err: 	at sun.nio.ch.DatagramChannelImpl.sendFromNativeBuffer(DatagramChannelImpl.java:573)
11-06 11:03:17.675 26877 26911 W System.err: 	at sun.nio.ch.DatagramChannelImpl.send(DatagramChannelImpl.java:550)
11-06 11:03:17.675 26877 26911 W System.err: 	at sun.nio.ch.DatagramChannelImpl.send(DatagramChannelImpl.java:514)
11-06 11:03:17.675 26877 26911 W System.err: 	at symlab.CloudAR.network.TransmissionTask.run(TransmissionTask.java:124)
11-06 11:03:17.675 26877 26911 W System.err: 	at android.os.Handler.handleCallback(Handler.java:907)
11-06 11:03:17.675 26877 26911 W System.err: 	at android.os.Handler.dispatchMessage(Handler.java:105)
11-06 11:03:17.675 26877 26911 W System.err: 	at android.os.Looper.loop(Looper.java:216)
11-06 11:03:17.675 26877 26911 W System.err: 	at android.os.HandlerThread.run(HandlerThread.java:65)
11-06 11:03:17.677 26877 26911 D Evaluation: 1 res for frame 165 received at 1573030997677
11-06 11:03:17.702 26877 26886 W System  : A resource failed to call close. 
11-06 11:03:17.703 26877 26886 I chatty  : uid=10149(symlab.cloudridar.arhud) FinalizerDaemon identical 20 lines
11-06 11:03:17.703 26877 26886 W System  : A resource failed to call close. 
11-06 11:03:17.708 26877 26911 W System.err: java.net.SocketException: Message too long
11-06 11:03:17.708 26877 26911 W System.err: 	at sun.nio.ch.DatagramChannelImpl.send0(Native Method)
11-06 11:03:17.708 26877 26911 W System.err: 	at sun.nio.ch.DatagramChannelImpl.sendFromNativeBuffer(DatagramChannelImpl.java:573)
11-06 11:03:17.708 26877 26911 W System.err: 	at sun.nio.ch.DatagramChannelImpl.send(DatagramChannelImpl.java:550)
11-06 11:03:17.708 26877 26911 W System.err: 	at sun.nio.ch.DatagramChannelImpl.send(DatagramChannelImpl.java:514)
11-06 11:03:17.708 26877 26911 W System.err: 	at symlab.CloudAR.network.TransmissionTask.run(TransmissionTask.java:124)
11-06 11:03:17.708 26877 26911 W System.err: 	at android.os.Handler.handleCallback(Handler.java:907)
11-06 11:03:17.708 26877 26911 W System.err: 	at android.os.Handler.dispatchMessage(Handler.java:105)
11-06 11:03:17.708 26877 26911 W System.err: 	at android.os.Looper.loop(Looper.java:216)
11-06 11:03:17.708 26877 26911 W System.err: 	at android.os.HandlerThread.run(HandlerThread.java:65)
11-06 11:03:17.709 26877 26911 D Evaluation: 1 res for frame 166 received at 1573030997709
11-06 11:03:17.777 26877 26911 W System.err: java.net.SocketException: Message too long
11-06 11:03:17.777 26877 26911 W System.err: 	at sun.nio.ch.DatagramChannelImpl.send0(Native Method)
11-06 11:03:17.777 26877 26911 W System.err: 	at sun.nio.ch.DatagramChannelImpl.sendFromNativeBuffer(DatagramChannelImpl.java:573)
11-06 11:03:17.777 26877 26911 W System.err: 	at sun.nio.ch.DatagramChannelImpl.send(DatagramChannelImpl.java:550)
11-06 11:03:17.777 26877 26911 W System.err: 	at sun.nio.ch.DatagramChannelImpl.send(DatagramChannelImpl.java:514)
11-06 11:03:17.777 26877 26911 W System.err: 	at symlab.CloudAR.network.TransmissionTask.run(TransmissionTask.java:124)
11-06 11:03:17.777 26877 26911 W System.err: 	at android.os.Handler.handleCallback(Handler.java:907)
11-06 11:03:17.777 26877 26911 W System.err: 	at android.os.Handler.dispatchMessage(Handler.java:105)
11-06 11:03:17.777 26877 26911 W System.err: 	at android.os.Looper.loop(Looper.java:216)
11-06 11:03:17.777 26877 26911 W System.err: 	at android.os.HandlerThread.run(HandlerThread.java:65)
11-06 11:03:17.778 26877 26911 D Evaluation: 1 res for frame 167 received at 1573030997778
11-06 11:03:17.811 26877 26911 W System.err: java.net.SocketException: Message too long
11-06 11:03:17.811 26877 26911 W System.err: 	at sun.nio.ch.DatagramChannelImpl.send0(Native Method)
11-06 11:03:17.811 26877 26911 W System.err: 	at sun.nio.ch.DatagramChannelImpl.sendFromNativeBuffer(DatagramChannelImpl.java:573)
11-06 11:03:17.811 26877 26911 W System.err: 	at sun.nio.ch.DatagramChannelImpl.send(DatagramChannelImpl.java:550)
11-06 11:03:17.811 26877 26911 W System.err: 	at sun.nio.ch.DatagramChannelImpl.send(DatagramChannelImpl.java:514)
11-06 11:03:17.811 26877 26911 W System.err: 	at symlab.CloudAR.network.TransmissionTask.run(TransmissionTask.java:124)
11-06 11:03:17.811 26877 26911 W System.err: 	at android.os.Handler.handleCallback(Handler.java:907)
11-06 11:03:17.811 26877 26911 W System.err: 	at android.os.Handler.dispatchMessage(Handler.java:105)
11-06 11:03:17.811 26877 26911 W System.err: 	at android.os.Looper.loop(Looper.java:216)
11-06 11:03:17.811 26877 26911 W System.err: 	at android.os.HandlerThread.run(HandlerThread.java:65)
11-06 11:03:17.838 26877 26911 W System.err: java.net.SocketException: Message too long
11-06 11:03:17.838 26877 26911 W System.err: 	at sun.nio.ch.DatagramChannelImpl.send0(Native Method)
11-06 11:03:17.838 26877 26911 W System.err: 	at sun.nio.ch.DatagramChannelImpl.sendFromNativeBuffer(DatagramChannelImpl.java:573)
11-06 11:03:17.838 26877 26911 W System.err: 	at sun.nio.ch.DatagramChannelImpl.send(DatagramChannelImpl.java:550)
11-06 11:03:17.838 26877 26911 W System.err: 	at sun.nio.ch.DatagramChannelImpl.send(DatagramChannelImpl.java:514)
11-06 11:03:17.839 26877 26911 W System.err: 	at symlab.CloudAR.network.TransmissionTask.run(TransmissionTask.java:124)
11-06 11:03:17.839 26877 26911 W System.err: 	at android.os.Handler.handleCallback(Handler.java:907)
11-06 11:03:17.839 26877 26911 W System.err: 	at android.os.Handler.dispatchMessage(Handler.java:105)
11-06 11:03:17.839 26877 26911 W System.err: 	at android.os.Looper.loop(Looper.java:216)
11-06 11:03:17.839 26877 26911 W System.err: 	at android.os.HandlerThread.run(HandlerThread.java:65)
11-06 11:03:17.883 26877 26911 W System.err: java.net.SocketException: Message too long
11-06 11:03:17.883 26877 26911 W System.err: 	at sun.nio.ch.DatagramChannelImpl.send0(Native Method)
11-06 11:03:17.884 26877 26911 W System.err: 	at sun.nio.ch.DatagramChannelImpl.sendFromNativeBuffer(DatagramChannelImpl.java:573)
11-06 11:03:17.884 26877 26911 W System.err: 	at sun.nio.ch.DatagramChannelImpl.send(DatagramChannelImpl.java:550)
11-06 11:03:17.884 26877 26911 W System.err: 	at sun.nio.ch.DatagramChannelImpl.send(DatagramChannelImpl.java:514)
11-06 11:03:17.884 26877 26911 W System.err: 	at symlab.CloudAR.network.TransmissionTask.run(TransmissionTask.java:124)
11-06 11:03:17.884 26877 26911 W System.err: 	at android.os.Handler.handleCallback(Handler.java:907)
11-06 11:03:17.884 26877 26911 W System.err: 	at android.os.Handler.dispatchMessage(Handler.java:105)
11-06 11:03:17.884 26877 26911 W System.err: 	at android.os.Looper.loop(Looper.java:216)
11-06 11:03:17.884 26877 26911 W System.err: 	at android.os.HandlerThread.run(HandlerThread.java:65)
11-06 11:03:17.908 26877 26911 W System.err: java.net.SocketException: Message too long
11-06 11:03:17.908 26877 26911 W System.err: 	at sun.nio.ch.DatagramChannelImpl.send0(Native Method)
11-06 11:03:17.908 26877 26911 W System.err: 	at sun.nio.ch.DatagramChannelImpl.sendFromNativeBuffer(DatagramChannelImpl.java:573)
11-06 11:03:17.908 26877 26911 W System.err: 	at sun.nio.ch.DatagramChannelImpl.send(DatagramChannelImpl.java:550)
11-06 11:03:17.909 26877 26911 W System.err: 	at sun.nio.ch.DatagramChannelImpl.send(DatagramChannelImpl.java:514)
11-06 11:03:17.909 26877 26911 W System.err: 	at symlab.CloudAR.network.TransmissionTask.run(TransmissionTask.java:124)
11-06 11:03:17.909 26877 26911 W System.err: 	at android.os.Handler.handleCallback(Handler.java:907)
11-06 11:03:17.909 26877 26911 W System.err: 	at android.os.Handler.dispatchMessage(Handler.java:105)
11-06 11:03:17.909 26877 26911 W System.err: 	at android.os.Looper.loop(Looper.java:216)
11-06 11:03:17.909 26877 26911 W System.err: 	at android.os.HandlerThread.run(HandlerThread.java:65)
11-06 11:03:17.935 26877 26911 W System.err: java.net.SocketException: Message too long
11-06 11:03:17.935 26877 26911 W System.err: 	at sun.nio.ch.DatagramChannelImpl.send0(Native Method)
11-06 11:03:17.935 26877 26911 W System.err: 	at sun.nio.ch.DatagramChannelImpl.sendFromNativeBuffer(DatagramChannelImpl.java:573)
11-06 11:03:17.935 26877 26911 W System.err: 	at sun.nio.ch.DatagramChannelImpl.send(DatagramChannelImpl.java:550)
11-06 11:03:17.936 26877 26911 W System.err: 	at sun.nio.ch.DatagramChannelImpl.send(DatagramChannelImpl.java:514)
11-06 11:03:17.936 26877 26911 W System.err: 	at symlab.CloudAR.network.TransmissionTask.run(TransmissionTask.java:124)
11-06 11:03:17.936 26877 26911 W System.err: 	at android.os.Handler.handleCallback(Handler.java:907)
11-06 11:03:17.936 26877 26911 W System.err: 	at android.os.Handler.dispatchMessage(Handler.java:105)
11-06 11:03:17.936 26877 26911 W System.err: 	at android.os.Looper.loop(Looper.java:216)
11-06 11:03:17.936 26877 26911 W System.err: 	at android.os.HandlerThread.run(HandlerThread.java:65)
11-06 11:03:17.973 26877 26911 W System.err: java.net.SocketException: Message too long
11-06 11:03:17.974 26877 26911 W System.err: 	at sun.nio.ch.DatagramChannelImpl.send0(Native Method)
11-06 11:03:17.974 26877 26911 W System.err: 	at sun.nio.ch.DatagramChannelImpl.sendFromNativeBuffer(DatagramChannelImpl.java:573)
11-06 11:03:17.974 26877 26911 W System.err: 	at sun.nio.ch.DatagramChannelImpl.send(DatagramChannelImpl.java:550)
11-06 11:03:17.974 26877 26911 W System.err: 	at sun.nio.ch.DatagramChannelImpl.send(DatagramChannelImpl.java:514)
11-06 11:03:17.974 26877 26911 W System.err: 	at symlab.CloudAR.network.TransmissionTask.run(TransmissionTask.java:124)
11-06 11:03:17.974 26877 26911 W System.err: 	at android.os.Handler.handleCallback(Handler.java:907)
11-06 11:03:17.974 26877 26911 W System.err: 	at android.os.Handler.dispatchMessage(Handler.java:105)
11-06 11:03:17.974 26877 26911 W System.err: 	at android.os.Looper.loop(Looper.java:216)
11-06 11:03:17.974 26877 26911 W System.err: 	at android.os.HandlerThread.run(HandlerThread.java:65)
11-06 11:03:18.004 26877 26911 W System.err: java.net.SocketException: Message too long
11-06 11:03:18.004 26877 26911 W System.err: 	at sun.nio.ch.DatagramChannelImpl.send0(Native Method)
11-06 11:03:18.004 26877 26911 W System.err: 	at sun.nio.ch.DatagramChannelImpl.sendFromNativeBuffer(DatagramChannelImpl.java:573)
11-06 11:03:18.004 26877 26911 W System.err: 	at sun.nio.ch.DatagramChannelImpl.send(DatagramChannelImpl.java:550)
11-06 11:03:18.004 26877 26911 W System.err: 	at sun.nio.ch.DatagramChannelImpl.send(DatagramChannelImpl.java:514)
11-06 11:03:18.004 26877 26911 W System.err: 	at symlab.CloudAR.network.TransmissionTask.run(TransmissionTask.java:124)
11-06 11:03:18.004 26877 26911 W System.err: 	at android.os.Handler.handleCallback(Handler.java:907)
11-06 11:03:18.004 26877 26911 W System.err: 	at android.os.Handler.dispatchMessage(Handler.java:105)
11-06 11:03:18.004 26877 26911 W System.err: 	at android.os.Looper.loop(Looper.java:216)
11-06 11:03:18.004 26877 26911 W System.err: 	at android.os.HandlerThread.run(HandlerThread.java:65)
11-06 11:03:18.052 26877 26911 W System.err: java.net.SocketException: Message too long
11-06 11:03:18.053 26877 26911 W System.err: 	at sun.nio.ch.DatagramChannelImpl.send0(Native Method)
11-06 11:03:18.053 26877 26911 W System.err: 	at sun.nio.ch.DatagramChannelImpl.sendFromNativeBuffer(DatagramChannelImpl.java:573)
11-06 11:03:18.053 26877 26911 W System.err: 	at sun.nio.ch.DatagramChannelImpl.send(DatagramChannelImpl.java:550)
11-06 11:03:18.053 26877 26911 W System.err: 	at sun.nio.ch.DatagramChannelImpl.send(DatagramChannelImpl.java:514)
11-06 11:03:18.053 26877 26911 W System.err: 	at symlab.CloudAR.network.TransmissionTask.run(TransmissionTask.java:124)
11-06 11:03:18.053 26877 26911 W System.err: 	at android.os.Handler.handleCallback(Handler.java:907)
11-06 11:03:18.053 26877 26911 W System.err: 	at android.os.Handler.dispatchMessage(Handler.java:105)
11-06 11:03:18.053 26877 26911 W System.err: 	at android.os.Looper.loop(Looper.java:216)
11-06 11:03:18.053 26877 26911 W System.err: 	at android.os.HandlerThread.run(HandlerThread.java:65)
11-06 11:03:18.078 26877 26911 W System.err: java.net.SocketException: Message too long
11-06 11:03:18.078 26877 26911 W System.err: 	at sun.nio.ch.DatagramChannelImpl.send0(Native Method)
11-06 11:03:18.078 26877 26911 W System.err: 	at sun.nio.ch.DatagramChannelImpl.sendFromNativeBuffer(DatagramChannelImpl.java:573)
11-06 11:03:18.078 26877 26911 W System.err: 	at sun.nio.ch.DatagramChannelImpl.send(DatagramChannelImpl.java:550)
11-06 11:03:18.078 26877 26911 W System.err: 	at sun.nio.ch.DatagramChannelImpl.send(DatagramChannelImpl.java:514)
11-06 11:03:18.078 26877 26911 W System.err: 	at symlab.CloudAR.network.TransmissionTask.run(TransmissionTask.java:124)
11-06 11:03:18.078 26877 26911 W System.err: 	at android.os.Handler.handleCallback(Handler.java:907)
11-06 11:03:18.078 26877 26911 W System.err: 	at android.os.Handler.dispatchMessage(Handler.java:105)
11-06 11:03:18.078 26877 26911 W System.err: 	at android.os.Looper.loop(Looper.java:216)
11-06 11:03:18.078 26877 26911 W System.err: 	at android.os.HandlerThread.run(HandlerThread.java:65)
11-06 11:03:18.103 26877 26911 W System.err: java.net.SocketException: Message too long
11-06 11:03:18.103 26877 26911 W System.err: 	at sun.nio.ch.DatagramChannelImpl.send0(Native Method)
11-06 11:03:18.103 26877 26911 W System.err: 	at sun.nio.ch.DatagramChannelImpl.sendFromNativeBuffer(DatagramChannelImpl.java:573)
11-06 11:03:18.103 26877 26911 W System.err: 	at sun.nio.ch.DatagramChannelImpl.send(DatagramChannelImpl.java:550)
11-06 11:03:18.103 26877 26911 W System.err: 	at sun.nio.ch.DatagramChannelImpl.send(DatagramChannelImpl.java:514)
11-06 11:03:18.103 26877 26911 W System.err: 	at symlab.CloudAR.network.TransmissionTask.run(TransmissionTask.java:124)
11-06 11:03:18.103 26877 26911 W System.err: 	at android.os.Handler.handleCallback(Handler.java:907)
11-06 11:03:18.103 26877 26911 W System.err: 	at android.os.Handler.dispatchMessage(Handler.java:105)
11-06 11:03:18.103 26877 26911 W System.err: 	at android.os.Looper.loop(Looper.java:216)
11-06 11:03:18.103 26877 26911 W System.err: 	at android.os.HandlerThread.run(HandlerThread.java:65)
11-06 11:03:18.140 26877 26911 W System.err: java.net.SocketException: Message too long
11-06 11:03:18.140 26877 26911 W System.err: 	at sun.nio.ch.DatagramChannelImpl.send0(Native Method)
11-06 11:03:18.140 26877 26911 W System.err: 	at sun.nio.ch.DatagramChannelImpl.sendFromNativeBuffer(DatagramChannelImpl.java:573)
11-06 11:03:18.140 26877 26911 W System.err: 	at sun.nio.ch.DatagramChannelImpl.send(DatagramChannelImpl.java:550)
11-06 11:03:18.140 26877 26911 W System.err: 	at sun.nio.ch.DatagramChannelImpl.send(DatagramChannelImpl.java:514)
11-06 11:03:18.140 26877 26911 W System.err: 	at symlab.CloudAR.network.TransmissionTask.run(TransmissionTask.java:124)
11-06 11:03:18.140 26877 26911 W System.err: 	at android.os.Handler.handleCallback(Handler.java:907)
11-06 11:03:18.140 26877 26911 W System.err: 	at android.os.Handler.dispatchMessage(Handler.java:105)
11-06 11:03:18.140 26877 26911 W System.err: 	at android.os.Looper.loop(Looper.java:216)
11-06 11:03:18.140 26877 26911 W System.err: 	at android.os.HandlerThread.run(HandlerThread.java:65)
11-06 11:03:18.188 26877 26911 W System.err: java.net.SocketException: Message too long
11-06 11:03:18.188 26877 26911 W System.err: 	at sun.nio.ch.DatagramChannelImpl.send0(Native Method)
11-06 11:03:18.188 26877 26911 W System.err: 	at sun.nio.ch.DatagramChannelImpl.sendFromNativeBuffer(DatagramChannelImpl.java:573)
11-06 11:03:18.188 26877 26911 W System.err: 	at sun.nio.ch.DatagramChannelImpl.send(DatagramChannelImpl.java:550)
11-06 11:03:18.188 26877 26911 W System.err: 	at sun.nio.ch.DatagramChannelImpl.send(DatagramChannelImpl.java:514)
11-06 11:03:18.188 26877 26911 W System.err: 	at symlab.CloudAR.network.TransmissionTask.run(TransmissionTask.java:124)
11-06 11:03:18.189 26877 26911 W System.err: 	at android.os.Handler.handleCallback(Handler.java:907)
11-06 11:03:18.189 26877 26911 W System.err: 	at android.os.Handler.dispatchMessage(Handler.java:105)
11-06 11:03:18.189 26877 26911 W System.err: 	at android.os.Looper.loop(Looper.java:216)
11-06 11:03:18.189 26877 26911 W System.err: 	at android.os.HandlerThread.run(HandlerThread.java:65)
11-06 11:03:18.218 26877 26911 W System.err: java.net.SocketException: Message too long
11-06 11:03:18.218 26877 26911 W System.err: 	at sun.nio.ch.DatagramChannelImpl.send0(Native Method)
11-06 11:03:18.218 26877 26911 W System.err: 	at sun.nio.ch.DatagramChannelImpl.sendFromNativeBuffer(DatagramChannelImpl.java:573)
11-06 11:03:18.218 26877 26911 W System.err: 	at sun.nio.ch.DatagramChannelImpl.send(DatagramChannelImpl.java:550)
11-06 11:03:18.218 26877 26911 W System.err: 	at sun.nio.ch.DatagramChannelImpl.send(DatagramChannelImpl.java:514)
11-06 11:03:18.218 26877 26911 W System.err: 	at symlab.CloudAR.network.TransmissionTask.run(TransmissionTask.java:124)
11-06 11:03:18.218 26877 26911 W System.err: 	at android.os.Handler.handleCallback(Handler.java:907)
11-06 11:03:18.218 26877 26911 W System.err: 	at android.os.Handler.dispatchMessage(Handler.java:105)
11-06 11:03:18.218 26877 26911 W System.err: 	at android.os.Looper.loop(Looper.java:216)
11-06 11:03:18.218 26877 26911 W System.err: 	at android.os.HandlerThread.run(HandlerThread.java:65)
11-06 11:03:18.246 26877 26911 W System.err: java.net.SocketException: Message too long
11-06 11:03:18.246 26877 26911 W System.err: 	at sun.nio.ch.DatagramChannelImpl.send0(Native Method)
11-06 11:03:18.246 26877 26911 W System.err: 	at sun.nio.ch.DatagramChannelImpl.sendFromNativeBuffer(DatagramChannelImpl.java:573)
11-06 11:03:18.246 26877 26911 W System.err: 	at sun.nio.ch.DatagramChannelImpl.send(DatagramChannelImpl.java:550)
11-06 11:03:18.246 26877 26911 W System.err: 	at sun.nio.ch.DatagramChannelImpl.send(DatagramChannelImpl.java:514)
11-06 11:03:18.246 26877 26911 W System.err: 	at symlab.CloudAR.network.TransmissionTask.run(TransmissionTask.java:124)
11-06 11:03:18.247 26877 26911 W System.err: 	at android.os.Handler.handleCallback(Handler.java:907)
11-06 11:03:18.247 26877 26911 W System.err: 	at android.os.Handler.dispatchMessage(Handler.java:105)
11-06 11:03:18.247 26877 26911 W System.err: 	at android.os.Looper.loop(Looper.java:216)
11-06 11:03:18.247 26877 26911 W System.err: 	at android.os.HandlerThread.run(HandlerThread.java:65)
11-06 11:03:18.283 26877 26911 W System.err: java.net.SocketException: Message too long
11-06 11:03:18.283 26877 26911 W System.err: 	at sun.nio.ch.DatagramChannelImpl.send0(Native Method)
11-06 11:03:18.283 26877 26911 W System.err: 	at sun.nio.ch.DatagramChannelImpl.sendFromNativeBuffer(DatagramChannelImpl.java:573)
11-06 11:03:18.283 26877 26911 W System.err: 	at sun.nio.ch.DatagramChannelImpl.send(DatagramChannelImpl.java:550)
11-06 11:03:18.283 26877 26911 W System.err: 	at sun.nio.ch.DatagramChannelImpl.send(DatagramChannelImpl.java:514)
11-06 11:03:18.283 26877 26911 W System.err: 	at symlab.CloudAR.network.TransmissionTask.run(TransmissionTask.java:124)
11-06 11:03:18.284 26877 26911 W System.err: 	at android.os.Handler.handleCallback(Handler.java:907)
11-06 11:03:18.284 26877 26911 W System.err: 	at android.os.Handler.dispatchMessage(Handler.java:105)
11-06 11:03:18.284 26877 26911 W System.err: 	at android.os.Looper.loop(Looper.java:216)
11-06 11:03:18.284 26877 26911 W System.err: 	at android.os.HandlerThread.run(HandlerThread.java:65)
11-06 11:03:18.315 26877 26911 W System.err: java.net.SocketException: Message too long
11-06 11:03:18.315 26877 26911 W System.err: 	at sun.nio.ch.DatagramChannelImpl.send0(Native Method)
11-06 11:03:18.315 26877 26911 W System.err: 	at sun.nio.ch.DatagramChannelImpl.sendFromNativeBuffer(DatagramChannelImpl.java:573)
11-06 11:03:18.315 26877 26911 W System.err: 	at sun.nio.ch.DatagramChannelImpl.send(DatagramChannelImpl.java:550)
11-06 11:03:18.315 26877 26911 W System.err: 	at sun.nio.ch.DatagramChannelImpl.send(DatagramChannelImpl.java:514)
11-06 11:03:18.315 26877 26911 W System.err: 	at symlab.CloudAR.network.TransmissionTask.run(TransmissionTask.java:124)
11-06 11:03:18.315 26877 26911 W System.err: 	at android.os.Handler.handleCallback(Handler.java:907)
11-06 11:03:18.315 26877 26911 W System.err: 	at android.os.Handler.dispatchMessage(Handler.java:105)
11-06 11:03:18.315 26877 26911 W System.err: 	at android.os.Looper.loop(Looper.java:216)
11-06 11:03:18.315 26877 26911 W System.err: 	at android.os.HandlerThread.run(HandlerThread.java:65)
11-06 11:03:18.342 26877 26877 D Poster  : At 1573030998342 location is 65.05801351038619 (latitude), and 25.46777145346131 (longitude)
11-06 11:03:18.343 26877 26911 W System.err: java.net.SocketException: Message too long
11-06 11:03:18.343 26877 26911 W System.err: 	at sun.nio.ch.DatagramChannelImpl.send0(Native Method)
11-06 11:03:18.343 26877 26911 W System.err: 	at sun.nio.ch.DatagramChannelImpl.sendFromNativeBuffer(DatagramChannelImpl.java:573)
11-06 11:03:18.343 26877 26911 W System.err: 	at sun.nio.ch.DatagramChannelImpl.send(DatagramChannelImpl.java:550)
11-06 11:03:18.343 26877 26911 W System.err: 	at sun.nio.ch.DatagramChannelImpl.send(DatagramChannelImpl.java:514)
11-06 11:03:18.343 26877 26911 W System.err: 	at symlab.CloudAR.network.TransmissionTask.run(TransmissionTask.java:124)
11-06 11:03:18.343 26877 26911 W System.err: 	at android.os.Handler.handleCallback(Handler.java:907)
11-06 11:03:18.343 26877 26911 W System.err: 	at android.os.Handler.dispatchMessage(Handler.java:105)
11-06 11:03:18.343 26877 26911 W System.err: 	at android.os.Looper.loop(Looper.java:216)
11-06 11:03:18.343 26877 26911 W System.err: 	at android.os.HandlerThread.run(HandlerThread.java:65)
11-06 11:03:18.345 26877 26877 D Poster  : Connected to mobile network 20
11-06 11:03:18.387 26877 26911 W System.err: java.net.SocketException: Message too long
11-06 11:03:18.387 26877 26911 W System.err: 	at sun.nio.ch.DatagramChannelImpl.send0(Native Method)
11-06 11:03:18.387 26877 26911 W System.err: 	at sun.nio.ch.DatagramChannelImpl.sendFromNativeBuffer(DatagramChannelImpl.java:573)
11-06 11:03:18.387 26877 26911 W System.err: 	at sun.nio.ch.DatagramChannelImpl.send(DatagramChannelImpl.java:550)
11-06 11:03:18.387 26877 26911 W System.err: 	at sun.nio.ch.DatagramChannelImpl.send(DatagramChannelImpl.java:514)
11-06 11:03:18.387 26877 26911 W System.err: 	at symlab.CloudAR.network.TransmissionTask.run(TransmissionTask.java:124)
11-06 11:03:18.387 26877 26911 W System.err: 	at android.os.Handler.handleCallback(Handler.java:907)
11-06 11:03:18.387 26877 26911 W System.err: 	at android.os.Handler.dispatchMessage(Handler.java:105)
11-06 11:03:18.387 26877 26911 W System.err: 	at android.os.Looper.loop(Looper.java:216)
11-06 11:03:18.387 26877 26911 W System.err: 	at android.os.HandlerThread.run(HandlerThread.java:65)
11-06 11:03:18.414 26877 26911 W System.err: java.net.SocketException: Message too long
11-06 11:03:18.414 26877 26911 W System.err: 	at sun.nio.ch.DatagramChannelImpl.send0(Native Method)
11-06 11:03:18.414 26877 26911 W System.err: 	at sun.nio.ch.DatagramChannelImpl.sendFromNativeBuffer(DatagramChannelImpl.java:573)
11-06 11:03:18.414 26877 26911 W System.err: 	at sun.nio.ch.DatagramChannelImpl.send(DatagramChannelImpl.java:550)
11-06 11:03:18.414 26877 26911 W System.err: 	at sun.nio.ch.DatagramChannelImpl.send(DatagramChannelImpl.java:514)
11-06 11:03:18.414 26877 26911 W System.err: 	at symlab.CloudAR.network.TransmissionTask.run(TransmissionTask.java:124)
11-06 11:03:18.414 26877 26911 W System.err: 	at android.os.Handler.handleCallback(Handler.java:907)
11-06 11:03:18.414 26877 26911 W System.err: 	at android.os.Handler.dispatchMessage(Handler.java:105)
11-06 11:03:18.414 26877 26911 W System.err: 	at android.os.Looper.loop(Looper.java:216)
11-06 11:03:18.414 26877 26911 W System.err: 	at android.os.HandlerThread.run(HandlerThread.java:65)
11-06 11:03:18.435 26877 26911 W System.err: java.net.SocketException: Message too long
11-06 11:03:18.435 26877 26911 W System.err: 	at sun.nio.ch.DatagramChannelImpl.send0(Native Method)
11-06 11:03:18.435 26877 26911 W System.err: 	at sun.nio.ch.DatagramChannelImpl.sendFromNativeBuffer(DatagramChannelImpl.java:573)
11-06 11:03:18.435 26877 26911 W System.err: 	at sun.nio.ch.DatagramChannelImpl.send(DatagramChannelImpl.java:550)
11-06 11:03:18.435 26877 26911 W System.err: 	at sun.nio.ch.DatagramChannelImpl.send(DatagramChannelImpl.java:514)
11-06 11:03:18.435 26877 26911 W System.err: 	at symlab.CloudAR.network.TransmissionTask.run(TransmissionTask.java:124)
11-06 11:03:18.435 26877 26911 W System.err: 	at android.os.Handler.handleCallback(Handler.java:907)
11-06 11:03:18.436 26877 26911 W System.err: 	at android.os.Handler.dispatchMessage(Handler.java:105)
11-06 11:03:18.436 26877 26911 W System.err: 	at android.os.Looper.loop(Looper.java:216)
11-06 11:03:18.436 26877 26911 W System.err: 	at android.os.HandlerThread.run(HandlerThread.java:65)
11-06 11:03:18.478 26877 26911 W System.err: java.net.SocketException: Message too long
11-06 11:03:18.478 26877 26911 W System.err: 	at sun.nio.ch.DatagramChannelImpl.send0(Native Method)
11-06 11:03:18.478 26877 26911 W System.err: 	at sun.nio.ch.DatagramChannelImpl.sendFromNativeBuffer(DatagramChannelImpl.java:573)
11-06 11:03:18.478 26877 26911 W System.err: 	at sun.nio.ch.DatagramChannelImpl.send(DatagramChannelImpl.java:550)
11-06 11:03:18.478 26877 26911 W System.err: 	at sun.nio.ch.DatagramChannelImpl.send(DatagramChannelImpl.java:514)
11-06 11:03:18.478 26877 26911 W System.err: 	at symlab.CloudAR.network.TransmissionTask.run(TransmissionTask.java:124)
11-06 11:03:18.478 26877 26911 W System.err: 	at android.os.Handler.handleCallback(Handler.java:907)
11-06 11:03:18.478 26877 26911 W System.err: 	at android.os.Handler.dispatchMessage(Handler.java:105)
11-06 11:03:18.478 26877 26911 W System.err: 	at android.os.Looper.loop(Looper.java:216)
11-06 11:03:18.478 26877 26911 W System.err: 	at android.os.HandlerThread.run(HandlerThread.java:65)
11-06 11:03:18.517 26877 26911 W System.err: java.net.SocketException: Message too long
11-06 11:03:18.517 26877 26911 W System.err: 	at sun.nio.ch.DatagramChannelImpl.send0(Native Method)
11-06 11:03:18.517 26877 26911 W System.err: 	at sun.nio.ch.DatagramChannelImpl.sendFromNativeBuffer(DatagramChannelImpl.java:573)
11-06 11:03:18.517 26877 26911 W System.err: 	at sun.nio.ch.DatagramChannelImpl.send(DatagramChannelImpl.java:550)
11-06 11:03:18.517 26877 26911 W System.err: 	at sun.nio.ch.DatagramChannelImpl.send(DatagramChannelImpl.java:514)
11-06 11:03:18.517 26877 26911 W System.err: 	at symlab.CloudAR.network.TransmissionTask.run(TransmissionTask.java:124)
11-06 11:03:18.517 26877 26911 W System.err: 	at android.os.Handler.handleCallback(Handler.java:907)
11-06 11:03:18.517 26877 26911 W System.err: 	at android.os.Handler.dispatchMessage(Handler.java:105)
11-06 11:03:18.517 26877 26911 W System.err: 	at android.os.Looper.loop(Looper.java:216)
11-06 11:03:18.517 26877 26911 W System.err: 	at android.os.HandlerThread.run(HandlerThread.java:65)
11-06 11:03:18.541 26877 26911 W System.err: java.net.SocketException: Message too long
11-06 11:03:18.541 26877 26911 W System.err: 	at sun.nio.ch.DatagramChannelImpl.send0(Native Method)
11-06 11:03:18.541 26877 26911 W System.err: 	at sun.nio.ch.DatagramChannelImpl.sendFromNativeBuffer(DatagramChannelImpl.java:573)
11-06 11:03:18.541 26877 26911 W System.err: 	at sun.nio.ch.DatagramChannelImpl.send(DatagramChannelImpl.java:550)
11-06 11:03:18.541 26877 26911 W System.err: 	at sun.nio.ch.DatagramChannelImpl.send(DatagramChannelImpl.java:514)
11-06 11:03:18.541 26877 26911 W System.err: 	at symlab.CloudAR.network.TransmissionTask.run(TransmissionTask.java:124)
11-06 11:03:18.541 26877 26911 W System.err: 	at android.os.Handler.handleCallback(Handler.java:907)
11-06 11:03:18.541 26877 26911 W System.err: 	at android.os.Handler.dispatchMessage(Handler.java:105)
11-06 11:03:18.541 26877 26911 W System.err: 	at android.os.Looper.loop(Looper.java:216)
