--------- beginning of main
11-05 11:04:53.455 14259 14259 W logcat  : type=1400 audit(0.0:6315): avc: granted { create } for name="logcat_1572944693441.txt" scontext=u:r:untrusted_app:s0:c149,c256,c512,c768 tcontext=u:object_r:sdcardfs:s0:c149,c256,c512,c768 tclass=file
11-05 11:04:53.456 14235 14235 I MultiDex: Installing application
11-05 11:04:53.457 14235 14235 I MultiDex: VM has multidex support, MultiDex support library is disabled.
--------- beginning of system
11-05 11:04:53.461 14235 14235 V ActivityThread: callActivityOnCreate
11-05 11:04:53.461 14235 14235 I Poster  :  onCreate() called.
11-05 11:04:53.464 14235 14235 I HwApsImpl: APS: new HwApsImpl created
11-05 11:04:53.471 14235 14235 V HwWidgetFactory: : successes to get AllImpl object and return....
11-05 11:04:53.478 14235 14235 D OpenGLRenderer: Skia GL Pipeline
11-05 11:04:53.502 14235 14235 D Poster  : Server bound to IP 193.166.28.132 and port 52727
11-05 11:04:53.506 14235 14269 D Evaluation: metadata 0 sent 
11-05 11:04:53.507 14235 14235 D ActivityThread: add activity client record, r= ActivityRecord{29e1f5e token=android.os.BinderProxy@1f33661 {symlab.cloudridar.arhud/symlab.ARHUD.MainActivity}} token= android.os.BinderProxy@1f33661
11-05 11:04:53.509 14235 14235 I Poster  :  onStart() called.
11-05 11:04:53.509 14235 14235 D ZrHung.AppEyeUiProbe: notify runnable to start.
11-05 11:04:53.510 14235 14235 I Poster  :  onResume() called.
11-05 11:04:53.515 14235 14235 I PermissionManager: camera remind result:true
11-05 11:04:53.515 14235 14235 I Camera  : open camera: 0, package name: symlab.cloudridar.arhud
11-05 11:04:53.515 14235 14235 I BackgroundPermManager: pkgName: symlab.cloudridar.arhud,pid: 14235 ,uidOf3RdApk: 10149 ,permType: 0 ,permCfg: 1
11-05 11:04:53.516 14235 14235 I HwCameraUtil: notifySurfaceFlingerCameraStatus : isFront = false , isOpend = true
11-05 11:04:53.524 14235 14235 D ActivityThread: isOptEnabled=false isWechatScanOpt=false
11-05 11:04:53.526 14235 14235 I HwSecImmHelper: mSecurityInputMethodService is null
11-05 11:04:53.535 14235 14235 D OpenGLRenderer:   HWUI Binary is  enabled
11-05 11:04:53.547 14235 14288 D HiTouch_PressGestureDetector: onAttached, package=symlab.cloudridar.arhud, windowType=1, mHiTouchRestricted=false
11-05 11:04:53.558 14235 14287 I ConfigStore: android::hardware::configstore::V1_0::ISurfaceFlingerConfigs::hasWideColorDisplay retrieved: 0
11-05 11:04:53.558 14235 14287 I ConfigStore: android::hardware::configstore::V1_0::ISurfaceFlingerConfigs::hasHDRDisplay retrieved: 0
11-05 11:04:53.558 14235 14287 I iGraphics: [0020080c] pn: symlab.cloudridar.arhud, p: 14235
11-05 11:04:53.558 14235 14287 I OpenGLRenderer: Initialized EGL, version 1.4, mEglDisplay 0x1
11-05 11:04:53.558 14235 14287 D OpenGLRenderer: Swap behavior 2
11-05 11:04:53.567 14235 14287 D mali_winsys: EGLint new_window_surface(egl_winsys_display *, void *, EGLSurface, EGLConfig, egl_winsys_surface **, EGLBoolean) returns 0x3000
11-05 11:04:53.577 14235 14235 I Poster  :  surfaceCreated() called.
11-05 11:04:53.577 14235 14235 I Poster  : initPreview() called
11-05 11:04:53.582 14235 14235 I PermissionManager: camera remind result:true
11-05 11:04:53.587 14235 14235 I Poster  :  surfaceChanged() called.
11-05 11:04:53.606 14235 14235 W InputMethodManager: startInputReason = 1
11-05 11:04:53.617 14235 14235 W InputMethodManager: startInputReason = 5
11-05 11:04:53.879 14235 14269 D Evaluation: metadata 1 sent 
11-05 11:04:53.910 14235 14269 D Evaluation: metadata 2 sent 
11-05 11:04:53.947 14235 14269 D Evaluation: metadata 3 sent 
11-05 11:04:53.980 14235 14269 D Evaluation: metadata 4 sent 
11-05 11:04:54.014 14235 14269 D Evaluation: metadata 5 sent 
11-05 11:04:54.071 14235 14269 D Evaluation: Frame 6 sent at 1572944694071
11-05 11:04:54.093 14235 14269 D Evaluation: Frame 7 sent at 1572944694093
11-05 11:04:54.126 14235 14269 D Evaluation: Frame 8 sent at 1572944694126
11-05 11:04:54.160 14235 14269 D Evaluation: Frame 9 sent at 1572944694160
11-05 11:04:54.196 14235 14269 D Evaluation: Frame 10 sent at 1572944694196
11-05 11:04:54.229 14235 14269 D Evaluation: Frame 11 sent at 1572944694229
11-05 11:04:54.262 14235 14269 D Evaluation: Frame 12 sent at 1572944694262
11-05 11:04:54.294 14235 14269 D Evaluation: Frame 13 sent at 1572944694294
11-05 11:04:54.328 14235 14247 E         : [ZeroHung]zrhung_get_config: Get config failed for wp[0x0008]
11-05 11:04:54.328 14235 14269 D Evaluation: Frame 14 sent at 1572944694328
11-05 11:04:54.329 14235 14269 D Evaluation: 0 res for frame 6 received at 1572944694329
11-05 11:04:54.361 14235 14269 D Evaluation: Frame 15 sent at 1572944694361
11-05 11:04:54.397 14235 14269 D Evaluation: Frame 16 sent at 1572944694397
11-05 11:04:54.430 14235 14269 D Evaluation: Frame 17 sent at 1572944694430
11-05 11:04:54.464 14235 14269 D Evaluation: Frame 18 sent at 1572944694464
11-05 11:04:54.465 14235 14269 D Evaluation: 0 res for frame 7 received at 1572944694465
11-05 11:04:54.497 14235 14269 D Evaluation: Frame 19 sent at 1572944694497
11-05 11:04:54.531 14235 14269 D Evaluation: Frame 20 sent at 1572944694531
11-05 11:04:54.561 14235 14269 D Evaluation: Frame 21 sent at 1572944694561
11-05 11:04:54.595 14235 14269 D Evaluation: Frame 22 sent at 1572944694595
11-05 11:04:54.629 14235 14269 D Evaluation: Frame 23 sent at 1572944694629
11-05 11:04:54.630 14235 14269 D Evaluation: 0 res for frame 8 received at 1572944694629
11-05 11:04:54.663 14235 14269 D Evaluation: Frame 24 sent at 1572944694663
11-05 11:04:54.696 14235 14269 D Evaluation: Frame 25 sent at 1572944694696
11-05 11:04:54.734 14235 14269 D Evaluation: Frame 26 sent at 1572944694734
11-05 11:04:54.780 14235 14269 D Evaluation: Frame 27 sent at 1572944694780
11-05 11:04:54.813 14235 14269 D Evaluation: Frame 28 sent at 1572944694813
11-05 11:04:54.852 14235 14269 D Evaluation: Frame 29 sent at 1572944694852
11-05 11:04:54.899 14235 14269 D Evaluation: Frame 30 sent at 1572944694899
11-05 11:04:54.930 14235 14269 D Evaluation: Frame 31 sent at 1572944694930
11-05 11:04:54.956 14235 14269 D Evaluation: Frame 32 sent at 1572944694956
11-05 11:04:54.989 14235 14269 D Evaluation: Frame 33 sent at 1572944694989
11-05 11:04:55.027 14235 14269 D Evaluation: Frame 34 sent at 1572944695027
11-05 11:04:55.061 14235 14269 D Evaluation: Frame 35 sent at 1572944695061
11-05 11:04:55.099 14235 14269 D Evaluation: Frame 36 sent at 1572944695099
11-05 11:04:55.129 14235 14269 D Evaluation: Frame 37 sent at 1572944695129
11-05 11:04:55.194 14235 14269 D Evaluation: Frame 38 sent at 1572944695194
11-05 11:04:55.228 14235 14269 D Evaluation: Frame 39 sent at 1572944695228
11-05 11:04:55.252 14235 14269 D Evaluation: Frame 40 sent at 1572944695252
11-05 11:04:55.420 14235 14269 D Evaluation: Frame 42 sent at 1572944695420
11-05 11:04:55.440 14235 14269 D Evaluation: Frame 42 sent at 1572944695440
11-05 11:04:55.458 14235 14269 D Evaluation: Frame 43 sent at 1572944695458
11-05 11:04:55.487 14235 14269 D Evaluation: Frame 44 sent at 1572944695487
11-05 11:04:55.528 14235 14269 D Evaluation: Frame 45 sent at 1572944695528
11-05 11:04:55.564 14235 14269 D Evaluation: Frame 46 sent at 1572944695564
11-05 11:04:55.592 14235 14269 D Evaluation: Frame 47 sent at 1572944695592
11-05 11:04:55.629 14235 14269 D Evaluation: Frame 48 sent at 1572944695629
11-05 11:04:55.664 14235 14269 D Evaluation: Frame 49 sent at 1572944695664
11-05 11:04:55.715 14235 14269 D Evaluation: Frame 50 sent at 1572944695715
11-05 11:04:55.750 14235 14269 D Evaluation: Frame 51 sent at 1572944695750
11-05 11:04:55.900 14235 14269 D Evaluation: Frame 52 sent at 1572944695900
11-05 11:04:55.949 14235 14269 D Evaluation: Frame 54 sent at 1572944695949
11-05 11:04:55.970 14235 14269 D Evaluation: Frame 54 sent at 1572944695970
11-05 11:04:55.995 14235 14269 D Evaluation: Frame 55 sent at 1572944695995
11-05 11:04:56.041 14235 14247 E         : [ZeroHung]zrhung_get_config: Get config failed for wp[0x0008]
11-05 11:04:56.042 14235 14269 D Evaluation: Frame 56 sent at 1572944696042
11-05 11:04:56.060 14235 14245 W System  : A resource failed to call close. 
11-05 11:04:56.060 14235 14245 I chatty  : uid=10149(symlab.cloudridar.arhud) FinalizerDaemon identical 4 lines
11-05 11:04:56.060 14235 14245 W System  : A resource failed to call close. 
11-05 11:04:56.077 14235 14269 D Evaluation: Frame 57 sent at 1572944696077
11-05 11:04:56.101 14235 14269 D Evaluation: Frame 58 sent at 1572944696101
11-05 11:04:56.165 14235 14269 D Evaluation: Frame 59 sent at 1572944696165
11-05 11:04:56.293 14235 14269 D Evaluation: Frame 61 sent at 1572944696293
11-05 11:04:56.317 14235 14269 D Evaluation: Frame 62 sent at 1572944696317
11-05 11:04:56.336 14235 14269 D Evaluation: Frame 62 sent at 1572944696336
11-05 11:04:56.377 14235 14269 D Evaluation: Frame 63 sent at 1572944696377
11-05 11:04:56.446 14235 14269 D Evaluation: Frame 64 sent at 1572944696446
11-05 11:04:56.448 14235 14269 D Evaluation: 0 res for frame 52 received at 1572944696448
11-05 11:04:56.480 14235 14269 D Evaluation: Frame 65 sent at 1572944696480
11-05 11:04:56.505 14235 14269 D Evaluation: Frame 66 sent at 1572944696505
11-05 11:04:56.529 14235 14269 D Evaluation: Frame 67 sent at 1572944696529
11-05 11:04:56.617 14235 14269 D Evaluation: Frame 68 sent at 1572944696617
11-05 11:04:56.636 14235 14269 D Evaluation: Frame 69 sent at 1572944696636
11-05 11:04:56.676 14235 14269 D Evaluation: Frame 70 sent at 1572944696676
11-05 11:04:56.747 14235 14269 D Evaluation: Frame 71 sent at 1572944696747
11-05 11:04:56.820 14235 14269 D Evaluation: Frame 72 sent at 1572944696820
11-05 11:04:56.846 14235 14269 D Evaluation: Frame 73 sent at 1572944696846
11-05 11:04:56.871 14235 14269 D Evaluation: Frame 74 sent at 1572944696871
11-05 11:04:56.906 14235 14269 D Evaluation: Frame 75 sent at 1572944696906
11-05 11:04:56.941 14235 14269 D Evaluation: Frame 76 sent at 1572944696941
11-05 11:04:56.977 14235 14269 D Evaluation: Frame 77 sent at 1572944696977
11-05 11:04:57.010 14235 14269 D Evaluation: Frame 78 sent at 1572944697009
11-05 11:04:57.040 14235 14269 D Evaluation: Frame 79 sent at 1572944697040
11-05 11:04:57.067 14235 14269 D Evaluation: Frame 80 sent at 1572944697067
11-05 11:04:57.117 14235 14269 D Evaluation: Frame 81 sent at 1572944697117
11-05 11:04:57.137 14235 14269 D Evaluation: Frame 82 sent at 1572944697137
11-05 11:04:57.168 14235 14269 D Evaluation: Frame 83 sent at 1572944697168
11-05 11:04:57.203 14235 14269 D Evaluation: Frame 84 sent at 1572944697203
11-05 11:04:57.244 14235 14269 D Evaluation: Frame 85 sent at 1572944697244
11-05 11:04:57.286 14235 14269 D Evaluation: Frame 86 sent at 1572944697286
11-05 11:04:57.307 14235 14269 D Evaluation: Frame 87 sent at 1572944697306
11-05 11:04:57.352 14235 14269 D Evaluation: Frame 88 sent at 1572944697352
11-05 11:04:57.380 14235 14269 D Evaluation: Frame 89 sent at 1572944697380
11-05 11:04:57.414 14235 14269 D Evaluation: Frame 90 sent at 1572944697414
11-05 11:04:57.460 14235 14269 D Evaluation: Frame 91 sent at 1572944697460
11-05 11:04:57.496 14235 14269 D Evaluation: Frame 93 sent at 1572944697496
11-05 11:04:57.520 14235 14269 D Evaluation: Frame 94 sent at 1572944697520
11-05 11:04:57.539 14235 14269 D Evaluation: Frame 94 sent at 1572944697539
11-05 11:04:57.584 14235 14269 D Evaluation: Frame 95 sent at 1572944697584
11-05 11:04:57.614 14235 14269 D Evaluation: Frame 96 sent at 1572944697614
11-05 11:04:57.639 14235 14269 D Evaluation: Frame 97 sent at 1572944697638
11-05 11:04:57.703 14235 14269 D Evaluation: Frame 99 sent at 1572944697703
11-05 11:04:57.726 14235 14269 D Evaluation: Frame 99 sent at 1572944697726
11-05 11:04:57.751 14235 14269 D Evaluation: Frame 100 sent at 1572944697751
11-05 11:04:57.788 14235 14269 D Evaluation: Frame 101 sent at 1572944697788
11-05 11:04:57.818 14235 14269 D Evaluation: Frame 102 sent at 1572944697818
11-05 11:04:57.847 14235 14247 E         : [ZeroHung]zrhung_get_config: Get config failed for wp[0x0008]
11-05 11:04:57.847 14235 14269 D Evaluation: Frame 103 sent at 1572944697847
11-05 11:04:57.862 14235 14245 W System  : A resource failed to call close. 
11-05 11:04:57.863 14235 14245 W System  : A resource failed to call close. 
11-05 11:04:57.883 14235 14269 D Evaluation: Frame 104 sent at 1572944697883
11-05 11:04:57.910 14235 14269 D Evaluation: Frame 105 sent at 1572944697910
11-05 11:04:57.946 14235 14269 D Evaluation: Frame 106 sent at 1572944697946
11-05 11:04:57.969 14235 14269 D Evaluation: Frame 107 sent at 1572944697969
11-05 11:04:58.016 14235 14269 D Evaluation: Frame 108 sent at 1572944698016
11-05 11:04:58.062 14235 14269 D Evaluation: Frame 110 sent at 1572944698062
11-05 11:04:58.083 14235 14269 D Evaluation: Frame 110 sent at 1572944698083
11-05 11:04:58.125 14235 14269 D Evaluation: Frame 111 sent at 1572944698125
11-05 11:04:58.152 14235 14269 D Evaluation: Frame 112 sent at 1572944698152
11-05 11:04:58.191 14235 14269 D Evaluation: Frame 113 sent at 1572944698191
11-05 11:04:58.212 14235 14269 D Evaluation: Frame 114 sent at 1572944698212
11-05 11:04:58.253 14235 14269 D Evaluation: Frame 115 sent at 1572944698253
11-05 11:04:58.287 14235 14269 D Evaluation: Frame 116 sent at 1572944698287
11-05 11:04:58.308 14235 14269 D Evaluation: Frame 117 sent at 1572944698308
11-05 11:04:58.348 14235 14269 D Evaluation: Frame 118 sent at 1572944698348
11-05 11:04:58.368 14235 14269 D Evaluation: Frame 119 sent at 1572944698368
11-05 11:04:58.409 14235 14269 D Evaluation: Frame 120 sent at 1572944698409
11-05 11:04:58.441 14235 14235 I AwareBitmapCacher: init lrucache size: 2097152 pid=14235
11-05 11:04:58.442 14235 14269 D Evaluation: Frame 121 sent at 1572944698442
11-05 11:04:58.497 14235 14269 D Evaluation: Frame 122 sent at 1572944698497
11-05 11:04:58.527 14235 14269 D Evaluation: Frame 123 sent at 1572944698527
11-05 11:04:58.609 14235 14269 D Evaluation: Frame 124 sent at 1572944698609
11-05 11:04:58.637 14235 14269 D Evaluation: Frame 126 sent at 1572944698637
11-05 11:04:58.660 14235 14269 D Evaluation: Frame 126 sent at 1572944698660
11-05 11:04:58.689 14235 14269 D Evaluation: Frame 127 sent at 1572944698689
11-05 11:04:58.716 14235 14269 D Evaluation: Frame 128 sent at 1572944698716
11-05 11:04:58.762 14235 14269 D Evaluation: Frame 129 sent at 1572944698762
11-05 11:04:58.793 14235 14269 D Evaluation: Frame 130 sent at 1572944698793
11-05 11:04:58.816 14235 14269 D Evaluation: Frame 131 sent at 1572944698816
11-05 11:04:58.852 14235 14269 D Evaluation: Frame 132 sent at 1572944698852
11-05 11:04:58.893 14235 14269 D Evaluation: Frame 133 sent at 1572944698893
11-05 11:04:58.933 14235 14269 D Evaluation: Frame 135 sent at 1572944698933
11-05 11:04:58.950 14235 14269 D Evaluation: Frame 135 sent at 1572944698950
11-05 11:04:58.987 14235 14269 D Evaluation: Frame 136 sent at 1572944698987
11-05 11:04:59.017 14235 14269 D Evaluation: Frame 137 sent at 1572944699017
11-05 11:04:59.053 14235 14269 D Evaluation: Frame 138 sent at 1572944699053
11-05 11:04:59.095 14235 14269 D Evaluation: Frame 139 sent at 1572944699095
11-05 11:04:59.133 14235 14269 D Evaluation: Frame 140 sent at 1572944699133
11-05 11:04:59.163 14235 14269 D Evaluation: Frame 141 sent at 1572944699163
11-05 11:04:59.193 14235 14269 D Evaluation: Frame 142 sent at 1572944699193
11-05 11:04:59.229 14235 14269 D Evaluation: Frame 143 sent at 1572944699229
11-05 11:04:59.262 14235 14269 D Evaluation: Frame 144 sent at 1572944699262
11-05 11:04:59.294 14235 14269 D Evaluation: Frame 145 sent at 1572944699294
11-05 11:04:59.330 14235 14269 D Evaluation: Frame 146 sent at 1572944699330
11-05 11:04:59.365 14235 14269 D Evaluation: Frame 147 sent at 1572944699365
11-05 11:04:59.395 14235 14269 D Evaluation: Frame 148 sent at 1572944699395
11-05 11:04:59.442 14235 14269 D Evaluation: Frame 149 sent at 1572944699441
11-05 11:04:59.467 14235 14269 D Evaluation: Frame 150 sent at 1572944699467
11-05 11:04:59.497 14235 14269 D Evaluation: Frame 151 sent at 1572944699497
11-05 11:04:59.532 14235 14247 E         : [ZeroHung]zrhung_get_config: Get config failed for wp[0x0008]
11-05 11:04:59.532 14235 14269 D Evaluation: Frame 152 sent at 1572944699532
11-05 11:04:59.570 14235 14269 D Evaluation: Frame 153 sent at 1572944699570
11-05 11:04:59.600 14235 14269 D Evaluation: Frame 154 sent at 1572944699600
11-05 11:04:59.632 14235 14269 D Evaluation: Frame 155 sent at 1572944699632
11-05 11:04:59.659 14235 14269 D Evaluation: Frame 156 sent at 1572944699659
11-05 11:04:59.704 14235 14269 D Evaluation: Frame 157 sent at 1572944699704
11-05 11:04:59.733 14235 14269 D Evaluation: Frame 158 sent at 1572944699733
11-05 11:04:59.768 14235 14269 D Evaluation: Frame 159 sent at 1572944699768
11-05 11:04:59.791 14235 14269 D Evaluation: Frame 160 sent at 1572944699791
11-05 11:04:59.833 14235 14269 D Evaluation: Frame 161 sent at 1572944699833
11-05 11:04:59.867 14235 14269 D Evaluation: Frame 162 sent at 1572944699867
11-05 11:04:59.894 14235 14269 D Evaluation: Frame 163 sent at 1572944699894
11-05 11:04:59.934 14235 14269 D Evaluation: Frame 164 sent at 1572944699934
11-05 11:04:59.957 14235 14269 D Evaluation: Frame 165 sent at 1572944699957
11-05 11:05:00.008 14235 14269 D Evaluation: Frame 166 sent at 1572944700008
11-05 11:05:00.037 14235 14269 D Evaluation: Frame 167 sent at 1572944700037
11-05 11:05:00.067 14235 14269 D Evaluation: Frame 168 sent at 1572944700067
11-05 11:05:00.100 14235 14269 D Evaluation: Frame 169 sent at 1572944700100
11-05 11:05:00.133 14235 14269 D Evaluation: Frame 170 sent at 1572944700133
11-05 11:05:00.156 14235 14269 D Evaluation: Frame 171 sent at 1572944700156
11-05 11:05:00.202 14235 14269 D Evaluation: Frame 172 sent at 1572944700202
11-05 11:05:00.238 14235 14269 D Evaluation: Frame 173 sent at 1572944700238
11-05 11:05:00.285 14235 14269 D Evaluation: Frame 175 sent at 1572944700285
11-05 11:05:00.310 14235 14269 D Evaluation: Frame 176 sent at 1572944700310
11-05 11:05:00.330 14235 14269 D Evaluation: Frame 176 sent at 1572944700330
11-05 11:05:00.368 14235 14269 D Evaluation: Frame 177 sent at 1572944700368
11-05 11:05:00.412 14235 14269 D Evaluation: Frame 179 sent at 1572944700412
11-05 11:05:00.430 14235 14269 D Evaluation: Frame 179 sent at 1572944700430
11-05 11:05:00.470 14235 14269 D Evaluation: Frame 180 sent at 1572944700470
11-05 11:05:00.500 14235 14269 D Evaluation: Frame 181 sent at 1572944700499
11-05 11:05:00.535 14235 14269 D Evaluation: Frame 182 sent at 1572944700535
11-05 11:05:00.567 14235 14269 D Evaluation: Frame 183 sent at 1572944700567
11-05 11:05:00.618 14235 14269 D Evaluation: Frame 185 sent at 1572944700618
11-05 11:05:00.639 14235 14269 D Evaluation: Frame 185 sent at 1572944700639
11-05 11:05:00.727 14235 14269 D Evaluation: Frame 187 sent at 1572944700727
11-05 11:05:00.744 14235 14269 D Evaluation: Frame 187 sent at 1572944700744
11-05 11:05:00.772 14235 14269 D Evaluation: Frame 188 sent at 1572944700772
11-05 11:05:00.810 14235 14269 D Evaluation: Frame 189 sent at 1572944700810
11-05 11:05:00.842 14235 14269 D Evaluation: Frame 190 sent at 1572944700842
11-05 11:05:00.877 14235 14269 D Evaluation: Frame 191 sent at 1572944700877
11-05 11:05:00.913 14235 14269 D Evaluation: Frame 192 sent at 1572944700913
11-05 11:05:00.947 14235 14269 D Evaluation: Frame 193 sent at 1572944700947
11-05 11:05:00.971 14235 14269 D Evaluation: Frame 194 sent at 1572944700971
11-05 11:05:01.002 14235 14247 E         : [ZeroHung]zrhung_get_config: Get config failed for wp[0x0008]
11-05 11:05:01.002 14235 14269 D Evaluation: Frame 195 sent at 1572944701002
11-05 11:05:01.045 14235 14269 D Evaluation: Frame 196 sent at 1572944701045
11-05 11:05:01.075 14235 14269 D Evaluation: Frame 197 sent at 1572944701075
11-05 11:05:01.110 14235 14269 D Evaluation: Frame 198 sent at 1572944701110
11-05 11:05:01.146 14235 14269 D Evaluation: Frame 199 sent at 1572944701146
11-05 11:05:01.168 14235 14269 D Evaluation: Frame 200 sent at 1572944701168
11-05 11:05:01.206 14235 14269 D Evaluation: Frame 201 sent at 1572944701206
11-05 11:05:01.236 14235 14269 D Evaluation: Frame 202 sent at 1572944701236
11-05 11:05:01.278 14235 14269 D Evaluation: Frame 203 sent at 1572944701278
11-05 11:05:01.313 14235 14269 D Evaluation: Frame 204 sent at 1572944701313
11-05 11:05:01.342 14235 14269 D Evaluation: Frame 205 sent at 1572944701342
11-05 11:05:01.383 14235 14269 D Evaluation: Frame 206 sent at 1572944701383
11-05 11:05:01.411 14235 14269 D Evaluation: Frame 207 sent at 1572944701410
11-05 11:05:01.441 14235 14269 D Evaluation: Frame 208 sent at 1572944701441
11-05 11:05:01.482 14235 14269 D Evaluation: Frame 209 sent at 1572944701482
11-05 11:05:01.509 14235 14269 D Evaluation: Frame 210 sent at 1572944701509
11-05 11:05:01.554 14235 14269 D Evaluation: Frame 211 sent at 1572944701554
11-05 11:05:01.580 14235 14269 D Evaluation: Frame 212 sent at 1572944701579
11-05 11:05:01.616 14235 14269 D Evaluation: Frame 213 sent at 1572944701616
11-05 11:05:01.641 14235 14269 D Evaluation: Frame 214 sent at 1572944701641
11-05 11:05:01.676 14235 14269 D Evaluation: Frame 215 sent at 1572944701676
11-05 11:05:01.714 14235 14269 D Evaluation: Frame 216 sent at 1572944701714
11-05 11:05:01.740 14235 14269 D Evaluation: Frame 217 sent at 1572944701740
11-05 11:05:01.785 14235 14269 D Evaluation: Frame 218 sent at 1572944701785
11-05 11:05:01.871 14235 14269 D Evaluation: Frame 220 sent at 1572944701871
11-05 11:05:01.895 14235 14269 D Evaluation: Frame 220 sent at 1572944701895
11-05 11:05:01.917 14235 14269 D Evaluation: Frame 221 sent at 1572944701917
11-05 11:05:01.949 14235 14269 D Evaluation: Frame 222 sent at 1572944701949
11-05 11:05:01.968 14235 14269 D Evaluation: Frame 223 sent at 1572944701968
11-05 11:05:02.005 14235 14269 D Evaluation: Frame 224 sent at 1572944702005
11-05 11:05:02.031 14235 14269 D Evaluation: Frame 225 sent at 1572944702031
11-05 11:05:02.107 14235 14269 D Evaluation: Frame 227 sent at 1572944702107
11-05 11:05:02.131 14235 14269 D Evaluation: Frame 228 sent at 1572944702131
11-05 11:05:02.153 14235 14269 D Evaluation: Frame 228 sent at 1572944702153
11-05 11:05:02.195 14235 14269 D Evaluation: Frame 230 sent at 1572944702195
11-05 11:05:02.212 14235 14269 D Evaluation: Frame 230 sent at 1572944702212
11-05 11:05:02.252 14235 14269 D Evaluation: Frame 231 sent at 1572944702252
11-05 11:05:02.291 14235 14269 D Evaluation: Frame 232 sent at 1572944702290
11-05 11:05:02.321 14235 14269 D Evaluation: Frame 233 sent at 1572944702321
11-05 11:05:02.406 14235 14269 D Evaluation: Frame 235 sent at 1572944702406
11-05 11:05:02.429 14235 14269 D Evaluation: Frame 236 sent at 1572944702429
11-05 11:05:02.452 14235 14269 D Evaluation: Frame 236 sent at 1572944702452
11-05 11:05:02.496 14235 14269 D Evaluation: Frame 238 sent at 1572944702496
11-05 11:05:02.520 14235 14269 D Evaluation: Frame 238 sent at 1572944702520
11-05 11:05:02.545 14235 14269 D Evaluation: Frame 239 sent at 1572944702545
11-05 11:05:02.578 14235 14247 E         : [ZeroHung]zrhung_get_config: Get config failed for wp[0x0008]
11-05 11:05:02.578 14235 14269 D Evaluation: Frame 240 sent at 1572944702578
11-05 11:05:02.628 14235 14269 D Evaluation: Frame 242 sent at 1572944702628
11-05 11:05:02.650 14235 14269 D Evaluation: Frame 242 sent at 1572944702650
11-05 11:05:02.685 14235 14269 D Evaluation: Frame 243 sent at 1572944702685
11-05 11:05:02.709 14235 14269 D Evaluation: Frame 244 sent at 1572944702709
11-05 11:05:02.750 14235 14269 D Evaluation: Frame 245 sent at 1572944702750
11-05 11:05:02.774 14235 14269 D Evaluation: Frame 246 sent at 1572944702774
11-05 11:05:02.813 14235 14269 D Evaluation: Frame 247 sent at 1572944702813
11-05 11:05:02.850 14235 14269 D Evaluation: Frame 248 sent at 1572944702849
11-05 11:05:02.875 14235 14269 D Evaluation: Frame 249 sent at 1572944702875
11-05 11:05:02.908 14235 14269 D Evaluation: Frame 250 sent at 1572944702908
11-05 11:05:02.935 14235 14269 D Evaluation: Frame 251 sent at 1572944702935
11-05 11:05:02.969 14235 14269 D Evaluation: Frame 252 sent at 1572944702969
11-05 11:05:03.011 14235 14269 D Evaluation: Frame 253 sent at 1572944703011
11-05 11:05:03.043 14235 14269 D Evaluation: Frame 254 sent at 1572944703043
11-05 11:05:03.101 14235 14269 D Evaluation: Frame 255 sent at 1572944703101
11-05 11:05:03.143 14235 14269 D Evaluation: Frame 257 sent at 1572944703143
11-05 11:05:03.168 14235 14269 D Evaluation: Frame 257 sent at 1572944703167
11-05 11:05:03.193 14235 14269 D Evaluation: Frame 258 sent at 1572944703193
11-05 11:05:03.216 14235 14269 D Evaluation: Frame 259 sent at 1572944703216
11-05 11:05:03.253 14235 14269 D Evaluation: Frame 260 sent at 1572944703253
11-05 11:05:03.298 14235 14269 D Evaluation: Frame 261 sent at 1572944703298
11-05 11:05:03.321 14235 14269 D Evaluation: Frame 262 sent at 1572944703321
11-05 11:05:03.351 14235 14269 D Evaluation: Frame 263 sent at 1572944703351
11-05 11:05:03.386 14235 14269 D Evaluation: Frame 264 sent at 1572944703386
11-05 11:05:03.424 14235 14269 D Evaluation: Frame 265 sent at 1572944703424
11-05 11:05:03.456 14235 14269 D Evaluation: Frame 266 sent at 1572944703456
11-05 11:05:03.498 14235 14269 D Evaluation: Frame 267 sent at 1572944703498
11-05 11:05:03.538 14235 14269 D Evaluation: Frame 268 sent at 1572944703538
11-05 11:05:03.568 14235 14269 D Evaluation: Frame 269 sent at 1572944703568
11-05 11:05:03.593 14235 14269 D Evaluation: Frame 270 sent at 1572944703593
11-05 11:05:03.630 14235 14269 D Evaluation: Frame 271 sent at 1572944703630
11-05 11:05:03.667 14235 14269 D Evaluation: Frame 272 sent at 1572944703667
11-05 11:05:03.705 14235 14269 D Evaluation: Frame 273 sent at 1572944703705
11-05 11:05:03.729 14235 14269 D Evaluation: Frame 274 sent at 1572944703729
11-05 11:05:03.754 14235 14269 D Evaluation: Frame 275 sent at 1572944703754
11-05 11:05:03.790 14235 14269 D Evaluation: Frame 276 sent at 1572944703790
11-05 11:05:03.830 14235 14269 D Evaluation: Frame 277 sent at 1572944703830
11-05 11:05:03.868 14235 14269 D Evaluation: Frame 278 sent at 1572944703868
11-05 11:05:03.892 14235 14269 D Evaluation: Frame 279 sent at 1572944703892
11-05 11:05:03.938 14235 14269 D Evaluation: Frame 280 sent at 1572944703938
11-05 11:05:03.973 14235 14269 D Evaluation: Frame 281 sent at 1572944703973
11-05 11:05:03.996 14235 14269 D Evaluation: Frame 282 sent at 1572944703995
11-05 11:05:04.027 14235 14269 D Evaluation: Frame 283 sent at 1572944704027
11-05 11:05:04.068 14235 14269 D Evaluation: Frame 284 sent at 1572944704068
11-05 11:05:04.105 14235 14269 D Evaluation: Frame 285 sent at 1572944704105
11-05 11:05:04.126 14235 14269 D Evaluation: Frame 286 sent at 1572944704126
11-05 11:05:04.166 14235 14269 D Evaluation: Frame 287 sent at 1572944704166
11-05 11:05:04.190 14235 14269 D Evaluation: Frame 288 sent at 1572944704190
11-05 11:05:04.222 14235 14269 D Evaluation: Frame 289 sent at 1572944704222
11-05 11:05:04.279 14235 14247 E         : [ZeroHung]zrhung_get_config: Get config failed for wp[0x0008]
11-05 11:05:04.280 14235 14269 D Evaluation: Frame 291 sent at 1572944704280
11-05 11:05:04.306 14235 14269 D Evaluation: Frame 291 sent at 1572944704306
11-05 11:05:04.339 14235 14269 D Evaluation: Frame 292 sent at 1572944704339
11-05 11:05:04.368 14235 14269 D Evaluation: Frame 293 sent at 1572944704368
11-05 11:05:04.397 14235 14269 D Evaluation: Frame 294 sent at 1572944704397
11-05 11:05:04.438 14235 14269 D Evaluation: Frame 295 sent at 1572944704438
11-05 11:05:04.473 14235 14269 D Evaluation: Frame 296 sent at 1572944704473
11-05 11:05:04.506 14235 14269 D Evaluation: Frame 297 sent at 1572944704506
11-05 11:05:04.535 14235 14269 D Evaluation: Frame 298 sent at 1572944704535
11-05 11:05:04.569 14235 14269 D Evaluation: Frame 299 sent at 1572944704569
11-05 11:05:04.604 14235 14269 D Evaluation: Frame 300 sent at 1572944704604
11-05 11:05:04.649 14235 14269 D Evaluation: Frame 302 sent at 1572944704649
11-05 11:05:04.665 14235 14269 D Evaluation: Frame 302 sent at 1572944704665
11-05 11:05:04.687 14235 14269 D Evaluation: Frame 303 sent at 1572944704687
11-05 11:05:04.729 14235 14269 D Evaluation: Frame 304 sent at 1572944704729
11-05 11:05:04.766 14235 14269 D Evaluation: Frame 305 sent at 1572944704766
11-05 11:05:04.798 14235 14269 D Evaluation: Frame 306 sent at 1572944704798
11-05 11:05:04.845 14235 14269 D Evaluation: Frame 307 sent at 1572944704845
11-05 11:05:04.871 14235 14269 D Evaluation: Frame 308 sent at 1572944704871
11-05 11:05:04.905 14235 14269 D Evaluation: Frame 309 sent at 1572944704905
11-05 11:05:04.938 14235 14269 D Evaluation: Frame 310 sent at 1572944704937
11-05 11:05:04.977 14235 14269 D Evaluation: Frame 311 sent at 1572944704977
11-05 11:05:05.006 14235 14269 D Evaluation: Frame 312 sent at 1572944705006
11-05 11:05:05.033 14235 14269 D Evaluation: Frame 313 sent at 1572944705032
11-05 11:05:05.063 14235 14269 D Evaluation: Frame 314 sent at 1572944705062
11-05 11:05:05.096 14235 14269 D Evaluation: Frame 315 sent at 1572944705096
11-05 11:05:05.142 14235 14269 D Evaluation: Frame 316 sent at 1572944705142
11-05 11:05:05.214 14235 14269 D Evaluation: Frame 317 sent at 1572944705214
11-05 11:05:05.269 14235 14269 D Evaluation: Frame 318 sent at 1572944705269
11-05 11:05:05.324 14235 14269 D Evaluation: Frame 319 sent at 1572944705324
11-05 11:05:05.383 14235 14269 D Evaluation: Frame 320 sent at 1572944705383
11-05 11:05:05.451 14235 14269 D Evaluation: Frame 321 sent at 1572944705451
11-05 11:05:05.504 14235 14269 D Evaluation: Frame 322 sent at 1572944705504
11-05 11:05:05.565 14235 14269 D Evaluation: Frame 323 sent at 1572944705565
11-05 11:05:05.628 14235 14269 D Evaluation: Frame 324 sent at 1572944705627
11-05 11:05:05.692 14235 14269 D Evaluation: Frame 325 sent at 1572944705692
11-05 11:05:05.747 14235 14269 D Evaluation: Frame 326 sent at 1572944705747
11-05 11:05:05.812 14235 14269 D Evaluation: Frame 327 sent at 1572944705812
11-05 11:05:05.877 14235 14269 D Evaluation: Frame 328 sent at 1572944705877
11-05 11:05:05.924 14235 14269 D Evaluation: Frame 329 sent at 1572944705924
11-05 11:05:05.987 14235 14269 D Evaluation: Frame 330 sent at 1572944705987
11-05 11:05:06.055 14235 14269 D Evaluation: Frame 331 sent at 1572944706055
11-05 11:05:06.107 14235 14269 D Evaluation: Frame 332 sent at 1572944706107
11-05 11:05:06.171 14235 14269 D Evaluation: Frame 333 sent at 1572944706171
11-05 11:05:06.232 14235 14269 D Evaluation: Frame 334 sent at 1572944706232
11-05 11:05:06.292 14235 14269 D Evaluation: Frame 335 sent at 1572944706292
11-05 11:05:06.354 14235 14269 D Evaluation: Frame 336 sent at 1572944706354
11-05 11:05:06.415 14235 14269 D Evaluation: Frame 337 sent at 1572944706415
11-05 11:05:06.473 14235 14269 D Evaluation: Frame 338 sent at 1572944706473
11-05 11:05:06.544 14235 14269 D Evaluation: Frame 339 sent at 1572944706544
11-05 11:05:06.598 14235 14269 D Evaluation: Frame 340 sent at 1572944706598
11-05 11:05:06.657 14235 14269 D Evaluation: Frame 341 sent at 1572944706657
11-05 11:05:06.711 14235 14269 D Evaluation: Frame 342 sent at 1572944706711
11-05 11:05:06.770 14235 14269 D Evaluation: Frame 343 sent at 1572944706770
11-05 11:05:06.827 14235 14269 D Evaluation: Frame 344 sent at 1572944706827
11-05 11:05:06.891 14235 14269 D Evaluation: Frame 345 sent at 1572944706891
11-05 11:05:06.955 14235 14269 D Evaluation: Frame 346 sent at 1572944706955
11-05 11:05:07.022 14235 14269 D Evaluation: Frame 347 sent at 1572944707022
11-05 11:05:07.083 14235 14269 D Evaluation: Frame 348 sent at 1572944707083
11-05 11:05:07.135 14235 14269 D Evaluation: Frame 349 sent at 1572944707135
11-05 11:05:07.198 14235 14269 D Evaluation: Frame 350 sent at 1572944707197
11-05 11:05:07.254 14235 14269 D Evaluation: Frame 351 sent at 1572944707254
11-05 11:05:07.321 14235 14269 D Evaluation: Frame 352 sent at 1572944707321
11-05 11:05:07.376 14235 14269 D Evaluation: Frame 353 sent at 1572944707376
11-05 11:05:07.441 14235 14269 D Evaluation: Frame 354 sent at 1572944707441
11-05 11:05:07.503 14235 14269 D Evaluation: Frame 355 sent at 1572944707503
11-05 11:05:07.551 14235 14269 D Evaluation: Frame 356 sent at 1572944707551
11-05 11:05:07.618 14235 14269 D Evaluation: Frame 357 sent at 1572944707618
11-05 11:05:07.683 14235 14269 D Evaluation: Frame 358 sent at 1572944707683
11-05 11:05:07.730 14235 14269 D Evaluation: Frame 359 sent at 1572944707730
11-05 11:05:07.790 14235 14269 D Evaluation: Frame 360 sent at 1572944707790
11-05 11:05:07.856 14235 14269 D Evaluation: Frame 361 sent at 1572944707856
11-05 11:05:07.909 14235 14269 D Evaluation: Frame 362 sent at 1572944707909
11-05 11:05:07.980 14235 14269 D Evaluation: Frame 363 sent at 1572944707980
11-05 11:05:08.041 14235 14269 D Evaluation: Frame 364 sent at 1572944708041
11-05 11:05:08.104 14235 14269 D Evaluation: Frame 365 sent at 1572944708104
11-05 11:05:08.163 14235 14269 D Evaluation: Frame 366 sent at 1572944708163
11-05 11:05:08.222 14235 14269 D Evaluation: Frame 367 sent at 1572944708222
11-05 11:05:08.275 14235 14269 D Evaluation: Frame 368 sent at 1572944708275
11-05 11:05:08.341 14235 14269 D Evaluation: Frame 369 sent at 1572944708341
11-05 11:05:08.392 14235 14269 D Evaluation: Frame 370 sent at 1572944708392
11-05 11:05:08.454 14235 14269 D Evaluation: Frame 371 sent at 1572944708453
11-05 11:05:08.511 14235 14269 D Evaluation: Frame 372 sent at 1572944708511
11-05 11:05:08.576 14235 14269 D Evaluation: Frame 373 sent at 1572944708576
11-05 11:05:08.644 14235 14269 D Evaluation: Frame 374 sent at 1572944708644
11-05 11:05:08.694 14235 14269 D Evaluation: Frame 375 sent at 1572944708694
11-05 11:05:08.757 14235 14269 D Evaluation: Frame 376 sent at 1572944708757
11-05 11:05:08.809 14235 14269 D Evaluation: Frame 377 sent at 1572944708808
11-05 11:05:08.876 14235 14269 D Evaluation: Frame 378 sent at 1572944708876
11-05 11:05:08.941 14235 14269 D Evaluation: Frame 379 sent at 1572944708941
11-05 11:05:08.996 14235 14269 D Evaluation: Frame 380 sent at 1572944708996
11-05 11:05:09.069 14235 14269 D Evaluation: Frame 381 sent at 1572944709069
11-05 11:05:09.117 14235 14269 D Evaluation: Frame 382 sent at 1572944709117
11-05 11:05:09.191 14235 14269 D Evaluation: Frame 383 sent at 1572944709191
11-05 11:05:09.235 14235 14269 D Evaluation: Frame 384 sent at 1572944709234
11-05 11:05:09.304 14235 14269 D Evaluation: Frame 385 sent at 1572944709304
11-05 11:05:09.359 14235 14269 D Evaluation: Frame 386 sent at 1572944709359
11-05 11:05:09.421 14235 14269 D Evaluation: Frame 387 sent at 1572944709421
11-05 11:05:09.489 14235 14269 D Evaluation: Frame 388 sent at 1572944709489
11-05 11:05:09.546 14235 14269 D Evaluation: Frame 389 sent at 1572944709546
11-05 11:05:09.616 14235 14269 D Evaluation: Frame 390 sent at 1572944709616
11-05 11:05:09.664 14235 14269 D Evaluation: Frame 391 sent at 1572944709664
11-05 11:05:09.726 14235 14269 D Evaluation: Frame 392 sent at 1572944709726
11-05 11:05:09.775 14235 14269 D Evaluation: Frame 393 sent at 1572944709775
11-05 11:05:09.844 14235 14269 D Evaluation: Frame 394 sent at 1572944709844
11-05 11:05:09.911 14235 14269 D Evaluation: Frame 395 sent at 1572944709911
11-05 11:05:09.971 14235 14269 D Evaluation: Frame 396 sent at 1572944709971
11-05 11:05:10.025 14235 14269 D Evaluation: Frame 397 sent at 1572944710024
11-05 11:05:10.087 14235 14269 D Evaluation: Frame 398 sent at 1572944710087
11-05 11:05:10.140 14235 14269 D Evaluation: Frame 399 sent at 1572944710140
11-05 11:05:10.205 14235 14269 D Evaluation: Frame 400 sent at 1572944710205
11-05 11:05:10.269 14235 14269 D Evaluation: Frame 401 sent at 1572944710269
11-05 11:05:10.323 14235 14269 D Evaluation: Frame 402 sent at 1572944710323
11-05 11:05:10.398 14235 14269 D Evaluation: Frame 403 sent at 1572944710398
11-05 11:05:10.450 14235 14269 D Evaluation: Frame 404 sent at 1572944710450
11-05 11:05:10.518 14235 14269 D Evaluation: Frame 405 sent at 1572944710518
11-05 11:05:10.569 14235 14269 D Evaluation: Frame 406 sent at 1572944710569
11-05 11:05:10.630 14235 14269 D Evaluation: Frame 407 sent at 1572944710630
11-05 11:05:10.689 14235 14269 D Evaluation: Frame 408 sent at 1572944710689
11-05 11:05:10.761 14235 14269 D Evaluation: Frame 409 sent at 1572944710761
11-05 11:05:10.810 14235 14269 D Evaluation: Frame 410 sent at 1572944710810
11-05 11:05:10.875 14235 14269 D Evaluation: Frame 411 sent at 1572944710875
11-05 11:05:10.929 14235 14269 D Evaluation: Frame 412 sent at 1572944710929
11-05 11:05:10.988 14235 14269 D Evaluation: Frame 413 sent at 1572944710988
11-05 11:05:11.052 14235 14269 D Evaluation: Frame 414 sent at 1572944711052
11-05 11:05:11.122 14235 14269 D Evaluation: Frame 415 sent at 1572944711122
11-05 11:05:11.190 14235 14269 D Evaluation: Frame 416 sent at 1572944711190
11-05 11:05:11.227 14235 14269 D Evaluation: Frame 417 sent at 1572944711227
11-05 11:05:11.301 14235 14269 D Evaluation: Frame 418 sent at 1572944711301
11-05 11:05:11.346 14235 14269 D Evaluation: Frame 419 sent at 1572944711346
11-05 11:05:11.415 14235 14269 D Evaluation: Frame 420 sent at 1572944711415
11-05 11:05:11.480 14235 14269 D Evaluation: Frame 421 sent at 1572944711480
11-05 11:05:11.531 14235 14269 D Evaluation: Frame 422 sent at 1572944711531
11-05 11:05:11.592 14235 14269 D Evaluation: Frame 423 sent at 1572944711592
11-05 11:05:11.652 14235 14269 D Evaluation: Frame 424 sent at 1572944711652
11-05 11:05:11.710 14235 14269 D Evaluation: Frame 425 sent at 1572944711710
11-05 11:05:11.767 14235 14269 D Evaluation: Frame 426 sent at 1572944711767
11-05 11:05:11.835 14235 14269 D Evaluation: Frame 427 sent at 1572944711835
11-05 11:05:11.889 14235 14269 D Evaluation: Frame 428 sent at 1572944711889
11-05 11:05:11.949 14235 14269 D Evaluation: Frame 429 sent at 1572944711949
11-05 11:05:12.012 14235 14269 D Evaluation: Frame 430 sent at 1572944712012
11-05 11:05:12.078 14235 14269 D Evaluation: Frame 431 sent at 1572944712078
11-05 11:05:12.131 14235 14269 D Evaluation: Frame 432 sent at 1572944712131
11-05 11:05:12.197 14235 14269 D Evaluation: Frame 433 sent at 1572944712197
11-05 11:05:12.257 14235 14269 D Evaluation: Frame 434 sent at 1572944712257
11-05 11:05:12.318 14235 14269 D Evaluation: Frame 435 sent at 1572944712318
11-05 11:05:12.376 14235 14269 D Evaluation: Frame 436 sent at 1572944712376
11-05 11:05:12.442 14235 14269 D Evaluation: Frame 437 sent at 1572944712442
11-05 11:05:12.505 14235 14269 D Evaluation: Frame 438 sent at 1572944712505
11-05 11:05:12.564 14235 14269 D Evaluation: Frame 439 sent at 1572944712564
11-05 11:05:12.621 14235 14269 D Evaluation: Frame 440 sent at 1572944712621
11-05 11:05:12.690 14235 14269 D Evaluation: Frame 441 sent at 1572944712690
11-05 11:05:12.740 14235 14269 D Evaluation: Frame 442 sent at 1572944712740
11-05 11:05:12.801 14235 14269 D Evaluation: Frame 443 sent at 1572944712801
11-05 11:05:12.860 14235 14269 D Evaluation: Frame 444 sent at 1572944712860
11-05 11:05:12.923 14235 14269 D Evaluation: Frame 445 sent at 1572944712923
11-05 11:05:12.984 14235 14269 D Evaluation: Frame 446 sent at 1572944712984
11-05 11:05:13.045 14235 14269 D Evaluation: Frame 447 sent at 1572944713045
11-05 11:05:13.110 14235 14269 D Evaluation: Frame 448 sent at 1572944713110
11-05 11:05:13.154 14235 14269 D Evaluation: Frame 449 sent at 1572944713154
11-05 11:05:13.215 14235 14269 D Evaluation: Frame 450 sent at 1572944713215
11-05 11:05:13.287 14235 14269 D Evaluation: Frame 451 sent at 1572944713287
11-05 11:05:13.338 14235 14269 D Evaluation: Frame 452 sent at 1572944713338
11-05 11:05:13.402 14235 14269 D Evaluation: Frame 453 sent at 1572944713402
11-05 11:05:13.470 14235 14269 D Evaluation: Frame 454 sent at 1572944713470
11-05 11:05:13.520 14235 14269 D Evaluation: Frame 455 sent at 1572944713520
11-05 11:05:13.587 14235 14269 D Evaluation: Frame 456 sent at 1572944713587
11-05 11:05:13.643 14235 14269 D Evaluation: Frame 457 sent at 1572944713643
11-05 11:05:13.701 14235 14269 D Evaluation: Frame 458 sent at 1572944713701
11-05 11:05:13.764 14235 14269 D Evaluation: Frame 459 sent at 1572944713764
11-05 11:05:13.832 14235 14269 D Evaluation: Frame 460 sent at 1572944713832
11-05 11:05:13.894 14235 14269 D Evaluation: Frame 461 sent at 1572944713894
11-05 11:05:13.932 14235 14269 D Evaluation: Frame 462 sent at 1572944713932
11-05 11:05:14.008 14235 14269 D Evaluation: Frame 463 sent at 1572944714008
11-05 11:05:14.062 14235 14269 D Evaluation: Frame 464 sent at 1572944714062
11-05 11:05:14.123 14235 14269 D Evaluation: Frame 465 sent at 1572944714123
11-05 11:05:14.192 14235 14269 D Evaluation: Frame 466 sent at 1572944714192
11-05 11:05:14.246 14235 14269 D Evaluation: Frame 467 sent at 1572944714246
11-05 11:05:14.312 14235 14269 D Evaluation: Frame 468 sent at 1572944714312
11-05 11:05:14.373 14235 14269 D Evaluation: Frame 469 sent at 1572944714373
11-05 11:05:14.429 14235 14269 D Evaluation: Frame 470 sent at 1572944714429
11-05 11:05:14.487 14235 14269 D Evaluation: Frame 471 sent at 1572944714487
11-05 11:05:14.541 14235 14269 D Evaluation: Frame 472 sent at 1572944714541
11-05 11:05:14.607 14235 14269 D Evaluation: Frame 473 sent at 1572944714607
11-05 11:05:14.663 14235 14269 D Evaluation: Frame 474 sent at 1572944714663
11-05 11:05:14.733 14235 14269 D Evaluation: Frame 475 sent at 1572944714733
11-05 11:05:14.793 14235 14269 D Evaluation: Frame 476 sent at 1572944714793
11-05 11:05:14.857 14235 14269 D Evaluation: Frame 477 sent at 1572944714857
11-05 11:05:14.921 14235 14269 D Evaluation: Frame 478 sent at 1572944714921
11-05 11:05:14.967 14235 14269 D Evaluation: Frame 479 sent at 1572944714967
11-05 11:05:15.029 14235 14269 D Evaluation: Frame 480 sent at 1572944715029
11-05 11:05:15.091 14235 14269 D Evaluation: Frame 481 sent at 1572944715091
11-05 11:05:15.146 14235 14269 D Evaluation: Frame 482 sent at 1572944715146
11-05 11:05:15.215 14235 14269 D Evaluation: Frame 483 sent at 1572944715215
11-05 11:05:15.272 14235 14269 D Evaluation: Frame 484 sent at 1572944715272
11-05 11:05:15.330 14235 14269 D Evaluation: Frame 485 sent at 1572944715330
11-05 11:05:15.400 14235 14269 D Evaluation: Frame 486 sent at 1572944715400
11-05 11:05:15.464 14235 14269 D Evaluation: Frame 487 sent at 1572944715463
11-05 11:05:15.520 14235 14269 D Evaluation: Frame 488 sent at 1572944715520
11-05 11:05:15.580 14235 14269 D Evaluation: Frame 489 sent at 1572944715580
11-05 11:05:15.642 14235 14269 D Evaluation: Frame 490 sent at 1572944715642
11-05 11:05:15.698 14235 14269 D Evaluation: Frame 491 sent at 1572944715698
11-05 11:05:15.758 14235 14269 D Evaluation: Frame 492 sent at 1572944715758
11-05 11:05:15.822 14235 14269 D Evaluation: Frame 493 sent at 1572944715821
11-05 11:05:15.878 14235 14269 D Evaluation: Frame 494 sent at 1572944715878
11-05 11:05:15.934 14235 14269 D Evaluation: Frame 495 sent at 1572944715934
11-05 11:05:16.000 14235 14269 D Evaluation: Frame 496 sent at 1572944716000
11-05 11:05:16.062 14235 14269 D Evaluation: Frame 497 sent at 1572944716062
11-05 11:05:16.112 14235 14269 D Evaluation: Frame 498 sent at 1572944716112
11-05 11:05:16.178 14235 14269 D Evaluation: Frame 499 sent at 1572944716178
11-05 11:05:16.233 14235 14269 D Evaluation: Frame 500 sent at 1572944716233
11-05 11:05:16.303 14235 14269 D Evaluation: Frame 501 sent at 1572944716303
11-05 11:05:16.358 14235 14269 D Evaluation: Frame 502 sent at 1572944716358
11-05 11:05:16.419 14235 14269 D Evaluation: Frame 503 sent at 1572944716419
11-05 11:05:16.482 14235 14269 D Evaluation: Frame 504 sent at 1572944716482
11-05 11:05:16.539 14235 14269 D Evaluation: Frame 505 sent at 1572944716539
11-05 11:05:16.587 14235 14269 D Evaluation: Frame 506 sent at 1572944716587
11-05 11:05:16.665 14235 14269 D Evaluation: Frame 507 sent at 1572944716665
11-05 11:05:16.730 14235 14269 D Evaluation: Frame 508 sent at 1572944716730
11-05 11:05:16.777 14235 14269 D Evaluation: Frame 509 sent at 1572944716777
11-05 11:05:16.844 14235 14269 D Evaluation: Frame 510 sent at 1572944716844
11-05 11:05:16.901 14235 14269 D Evaluation: Frame 511 sent at 1572944716901
11-05 11:05:16.956 14235 14269 D Evaluation: Frame 512 sent at 1572944716956
11-05 11:05:17.017 14235 14269 D Evaluation: Frame 513 sent at 1572944717017
11-05 11:05:17.085 14235 14269 D Evaluation: Frame 514 sent at 1572944717085
11-05 11:05:17.138 14235 14269 D Evaluation: Frame 515 sent at 1572944717138
11-05 11:05:17.206 14235 14269 D Evaluation: Frame 516 sent at 1572944717206
11-05 11:05:17.264 14235 14269 D Evaluation: Frame 517 sent at 1572944717264
11-05 11:05:17.324 14235 14269 D Evaluation: Frame 518 sent at 1572944717324
11-05 11:05:17.383 14235 14269 D Evaluation: Frame 519 sent at 1572944717383
11-05 11:05:17.449 14235 14269 D Evaluation: Frame 520 sent at 1572944717449
11-05 11:05:17.509 14235 14269 D Evaluation: Frame 521 sent at 1572944717509
11-05 11:05:17.552 14235 14269 D Evaluation: Frame 522 sent at 1572944717552
11-05 11:05:17.620 14235 14269 D Evaluation: Frame 523 sent at 1572944717620
11-05 11:05:17.679 14235 14269 D Evaluation: Frame 524 sent at 1572944717679
11-05 11:05:17.746 14235 14269 D Evaluation: Frame 525 sent at 1572944717746
11-05 11:05:17.808 14235 14269 D Evaluation: Frame 526 sent at 1572944717808
11-05 11:05:17.863 14235 14269 D Evaluation: Frame 527 sent at 1572944717863
11-05 11:05:17.929 14235 14269 D Evaluation: Frame 528 sent at 1572944717929
11-05 11:05:17.986 14235 14269 D Evaluation: Frame 529 sent at 1572944717986
11-05 11:05:18.050 14235 14269 D Evaluation: Frame 530 sent at 1572944718050
11-05 11:05:18.097 14235 14269 D Evaluation: Frame 531 sent at 1572944718097
11-05 11:05:18.098 14235 14247 E         : [ZeroHung]zrhung_get_config: Get config failed for wp[0x0008]
11-05 11:05:18.170 14235 14269 D Evaluation: Frame 532 sent at 1572944718170
11-05 11:05:18.224 14235 14269 D Evaluation: Frame 533 sent at 1572944718224
11-05 11:05:18.286 14235 14269 D Evaluation: Frame 534 sent at 1572944718286
11-05 11:05:18.348 14235 14269 D Evaluation: Frame 535 sent at 1572944718348
11-05 11:05:18.412 14235 14269 D Evaluation: Frame 536 sent at 1572944718412
11-05 11:05:18.471 14235 14269 D Evaluation: Frame 537 sent at 1572944718471
11-05 11:05:18.530 14235 14269 D Evaluation: Frame 538 sent at 1572944718530
11-05 11:05:18.587 14235 14269 D Evaluation: Frame 539 sent at 1572944718587
11-05 11:05:18.653 14235 14269 D Evaluation: Frame 540 sent at 1572944718652
11-05 11:05:18.714 14235 14269 D Evaluation: Frame 541 sent at 1572944718714
11-05 11:05:18.764 14235 14269 D Evaluation: Frame 542 sent at 1572944718764
11-05 11:05:18.835 14235 14269 D Evaluation: Frame 543 sent at 1572944718835
11-05 11:05:18.890 14235 14269 D Evaluation: Frame 544 sent at 1572944718890
11-05 11:05:18.944 14235 14269 D Evaluation: Frame 545 sent at 1572944718943
11-05 11:05:19.012 14235 14269 D Evaluation: Frame 546 sent at 1572944719012
11-05 11:05:19.072 14235 14269 D Evaluation: Frame 547 sent at 1572944719072
11-05 11:05:19.125 14235 14269 D Evaluation: Frame 548 sent at 1572944719125
11-05 11:05:19.180 14235 14269 D Evaluation: Frame 549 sent at 1572944719180
11-05 11:05:19.251 14235 14269 D Evaluation: Frame 550 sent at 1572944719251
11-05 11:05:19.326 14235 14269 D Evaluation: Frame 551 sent at 1572944719326
11-05 11:05:19.370 14235 14269 D Evaluation: Frame 552 sent at 1572944719370
11-05 11:05:19.431 14235 14269 D Evaluation: Frame 553 sent at 1572944719431
11-05 11:05:19.487 14235 14269 D Evaluation: Frame 554 sent at 1572944719487
11-05 11:05:19.551 14235 14269 D Evaluation: Frame 555 sent at 1572944719551
11-05 11:05:19.610 14235 14269 D Evaluation: Frame 556 sent at 1572944719610
11-05 11:05:19.681 14235 14269 D Evaluation: Frame 557 sent at 1572944719681
11-05 11:05:19.736 14235 14269 D Evaluation: Frame 558 sent at 1572944719735
11-05 11:05:19.802 14235 14269 D Evaluation: Frame 559 sent at 1572944719802
11-05 11:05:19.862 14235 14269 D Evaluation: Frame 560 sent at 1572944719862
11-05 11:05:19.926 14235 14269 D Evaluation: Frame 561 sent at 1572944719926
11-05 11:05:19.973 14235 14269 D Evaluation: Frame 562 sent at 1572944719973
11-05 11:05:20.034 14235 14269 D Evaluation: Frame 563 sent at 1572944720034
11-05 11:05:20.093 14235 14269 D Evaluation: Frame 564 sent at 1572944720093
11-05 11:05:20.158 14235 14269 D Evaluation: Frame 565 sent at 1572944720158
11-05 11:05:20.224 14235 14269 D Evaluation: Frame 566 sent at 1572944720223
11-05 11:05:20.275 14235 14269 D Evaluation: Frame 567 sent at 1572944720275
11-05 11:05:20.344 14235 14269 D Evaluation: Frame 568 sent at 1572944720344
11-05 11:05:20.391 14235 14269 D Evaluation: Frame 569 sent at 1572944720391
11-05 11:05:20.447 14235 14269 D Evaluation: Frame 570 sent at 1572944720447
11-05 11:05:20.511 14235 14269 D Evaluation: Frame 571 sent at 1572944720511
11-05 11:05:20.574 14235 14269 D Evaluation: Frame 572 sent at 1572944720574
11-05 11:05:20.638 14235 14269 D Evaluation: Frame 573 sent at 1572944720637
11-05 11:05:20.702 14235 14269 D Evaluation: Frame 574 sent at 1572944720702
11-05 11:05:20.769 14235 14269 D Evaluation: Frame 575 sent at 1572944720769
11-05 11:05:20.813 14235 14269 D Evaluation: Frame 576 sent at 1572944720813
11-05 11:05:20.882 14235 14269 D Evaluation: Frame 577 sent at 1572944720882
11-05 11:05:20.942 14235 14269 D Evaluation: Frame 578 sent at 1572944720942
11-05 11:05:21.001 14235 14269 D Evaluation: Frame 579 sent at 1572944721001
11-05 11:05:21.059 14235 14269 D Evaluation: Frame 580 sent at 1572944721059
11-05 11:05:21.123 14235 14269 D Evaluation: Frame 581 sent at 1572944721123
11-05 11:05:21.182 14235 14269 D Evaluation: Frame 582 sent at 1572944721182
11-05 11:05:21.235 14235 14269 D Evaluation: Frame 583 sent at 1572944721235
11-05 11:05:21.301 14235 14269 D Evaluation: Frame 584 sent at 1572944721301
11-05 11:05:21.361 14235 14269 D Evaluation: Frame 585 sent at 1572944721361
