--------- beginning of main
11-05 11:58:25.613  7854  7881 E         : [ZeroHung]zrhung_get_config: Get config failed for wp[0x0102]
11-05 11:58:25.614  7854  7881 W ZrHung.AppEyeUiProbe: Failed to get config from zrhung
11-05 11:58:25.616  7879  7879 W logcat  : type=1400 audit(0.0:891): avc: granted { create } for name="logcat_1572947905604.txt" scontext=u:r:untrusted_app:s0:c149,c256,c512,c768 tcontext=u:object_r:sdcardfs:s0:c149,c256,c512,c768 tclass=file
11-05 11:58:25.619  7854  7854 I MultiDex: Installing application
11-05 11:58:25.619  7854  7854 I MultiDex: VM has multidex support, MultiDex support library is disabled.
--------- beginning of system
11-05 11:58:25.622  7854  7854 V ActivityThread: callActivityOnCreate
11-05 11:58:25.622  7854  7854 I Poster  :  onCreate() called.
11-05 11:58:25.626  7854  7854 I HwApsImpl: APS: new HwApsImpl created
11-05 11:58:25.632  7854  7854 V HwWidgetFactory: : successes to get AllImpl object and return....
11-05 11:58:25.639  7854  7854 D OpenGLRenderer: Skia GL Pipeline
11-05 11:58:25.665  7854  7854 D Poster  : Server bound to IP 193.166.28.132 and port 52727
11-05 11:58:25.667  7854  7893 D Evaluation: metadata 0 sent 
11-05 11:58:25.667  7854  7854 D ActivityThread: add activity client record, r= ActivityRecord{667bf54 token=android.os.BinderProxy@d1de8af {symlab.cloudridar.arhud/symlab.ARHUD.MainActivity}} token= android.os.BinderProxy@d1de8af
11-05 11:58:25.670  7854  7854 I Poster  :  onStart() called.
11-05 11:58:25.670  7854  7854 D ZrHung.AppEyeUiProbe: notify runnable to start.
11-05 11:58:25.671  7854  7854 I Poster  :  onResume() called.
11-05 11:58:25.676  7854  7854 I PermissionManager: camera remind result:true
11-05 11:58:25.676  7854  7854 I Camera  : open camera: 0, package name: symlab.cloudridar.arhud
11-05 11:58:25.676  7854  7854 I BackgroundPermManager: pkgName: symlab.cloudridar.arhud,pid: 7854 ,uidOf3RdApk: 10149 ,permType: 0 ,permCfg: 1
11-05 11:58:25.677  7854  7854 I HwCameraUtil: notifySurfaceFlingerCameraStatus : isFront = false , isOpend = true
11-05 11:58:25.687  7854  7854 D ActivityThread: isOptEnabled=false isWechatScanOpt=false
11-05 11:58:25.689  7854  7854 I HwSecImmHelper: mSecurityInputMethodService is null
11-05 11:58:25.695  7854  7854 D OpenGLRenderer:   HWUI Binary is  enabled
11-05 11:58:25.712  7854  7911 D HiTouch_PressGestureDetector: onAttached, package=symlab.cloudridar.arhud, windowType=1, mHiTouchRestricted=false
11-05 11:58:25.723  7854  7909 I ConfigStore: android::hardware::configstore::V1_0::ISurfaceFlingerConfigs::hasWideColorDisplay retrieved: 0
11-05 11:58:25.723  7854  7909 I ConfigStore: android::hardware::configstore::V1_0::ISurfaceFlingerConfigs::hasHDRDisplay retrieved: 0
11-05 11:58:25.723  7854  7909 I iGraphics: [0020080c] pn: symlab.cloudridar.arhud, p: 7854
11-05 11:58:25.724  7854  7909 I OpenGLRenderer: Initialized EGL, version 1.4, mEglDisplay 0x1
11-05 11:58:25.724  7854  7909 D OpenGLRenderer: Swap behavior 2
11-05 11:58:25.735  7854  7909 D mali_winsys: EGLint new_window_surface(egl_winsys_display *, void *, EGLSurface, EGLConfig, egl_winsys_surface **, EGLBoolean) returns 0x3000
11-05 11:58:25.742  7854  7854 I Poster  :  surfaceCreated() called.
11-05 11:58:25.742  7854  7854 I Poster  : initPreview() called
11-05 11:58:25.763  7854  7854 I PermissionManager: camera remind result:true
11-05 11:58:25.774  7854  7854 I Poster  :  surfaceChanged() called.
11-05 11:58:25.808  7854  7854 W InputMethodManager: startInputReason = 1
11-05 11:58:25.821  7854  7854 W InputMethodManager: startInputReason = 5
11-05 11:58:26.059  7854  7893 D Evaluation: metadata 1 sent 
11-05 11:58:26.091  7854  7893 D Evaluation: metadata 2 sent 
11-05 11:58:26.128  7854  7893 D Evaluation: metadata 3 sent 
11-05 11:58:26.164  7854  7893 D Evaluation: metadata 4 sent 
11-05 11:58:26.197  7854  7893 D Evaluation: metadata 5 sent 
11-05 11:58:26.259  7854  7893 W System.err: java.net.SocketException: Message too long
11-05 11:58:26.259  7854  7893 W System.err: 	at sun.nio.ch.DatagramChannelImpl.send0(Native Method)
11-05 11:58:26.259  7854  7893 W System.err: 	at sun.nio.ch.DatagramChannelImpl.sendFromNativeBuffer(DatagramChannelImpl.java:573)
11-05 11:58:26.259  7854  7893 W System.err: 	at sun.nio.ch.DatagramChannelImpl.send(DatagramChannelImpl.java:550)
11-05 11:58:26.260  7854  7893 W System.err: 	at sun.nio.ch.DatagramChannelImpl.send(DatagramChannelImpl.java:514)
11-05 11:58:26.260  7854  7893 W System.err: 	at symlab.CloudAR.network.TransmissionTask.run(TransmissionTask.java:124)
11-05 11:58:26.260  7854  7893 W System.err: 	at android.os.Handler.handleCallback(Handler.java:907)
11-05 11:58:26.260  7854  7893 W System.err: 	at android.os.Handler.dispatchMessage(Handler.java:105)
11-05 11:58:26.260  7854  7893 W System.err: 	at android.os.Looper.loop(Looper.java:216)
11-05 11:58:26.260  7854  7893 W System.err: 	at android.os.HandlerThread.run(HandlerThread.java:65)
11-05 11:58:26.278  7854  7893 W System.err: java.net.SocketException: Message too long
11-05 11:58:26.278  7854  7893 W System.err: 	at sun.nio.ch.DatagramChannelImpl.send0(Native Method)
11-05 11:58:26.278  7854  7893 W System.err: 	at sun.nio.ch.DatagramChannelImpl.sendFromNativeBuffer(DatagramChannelImpl.java:573)
11-05 11:58:26.278  7854  7893 W System.err: 	at sun.nio.ch.DatagramChannelImpl.send(DatagramChannelImpl.java:550)
11-05 11:58:26.278  7854  7893 W System.err: 	at sun.nio.ch.DatagramChannelImpl.send(DatagramChannelImpl.java:514)
11-05 11:58:26.278  7854  7893 W System.err: 	at symlab.CloudAR.network.TransmissionTask.run(TransmissionTask.java:124)
11-05 11:58:26.278  7854  7893 W System.err: 	at android.os.Handler.handleCallback(Handler.java:907)
11-05 11:58:26.278  7854  7893 W System.err: 	at android.os.Handler.dispatchMessage(Handler.java:105)
11-05 11:58:26.278  7854  7893 W System.err: 	at android.os.Looper.loop(Looper.java:216)
11-05 11:58:26.278  7854  7893 W System.err: 	at android.os.HandlerThread.run(HandlerThread.java:65)
11-05 11:58:26.313  7854  7893 W System.err: java.net.SocketException: Message too long
11-05 11:58:26.313  7854  7893 W System.err: 	at sun.nio.ch.DatagramChannelImpl.send0(Native Method)
11-05 11:58:26.313  7854  7893 W System.err: 	at sun.nio.ch.DatagramChannelImpl.sendFromNativeBuffer(DatagramChannelImpl.java:573)
11-05 11:58:26.313  7854  7893 W System.err: 	at sun.nio.ch.DatagramChannelImpl.send(DatagramChannelImpl.java:550)
11-05 11:58:26.313  7854  7893 W System.err: 	at sun.nio.ch.DatagramChannelImpl.send(DatagramChannelImpl.java:514)
11-05 11:58:26.313  7854  7893 W System.err: 	at symlab.CloudAR.network.TransmissionTask.run(TransmissionTask.java:124)
11-05 11:58:26.313  7854  7893 W System.err: 	at android.os.Handler.handleCallback(Handler.java:907)
11-05 11:58:26.313  7854  7893 W System.err: 	at android.os.Handler.dispatchMessage(Handler.java:105)
11-05 11:58:26.313  7854  7893 W System.err: 	at android.os.Looper.loop(Looper.java:216)
11-05 11:58:26.313  7854  7893 W System.err: 	at android.os.HandlerThread.run(HandlerThread.java:65)
11-05 11:58:26.346  7854  7893 W System.err: java.net.SocketException: Message too long
11-05 11:58:26.346  7854  7893 W System.err: 	at sun.nio.ch.DatagramChannelImpl.send0(Native Method)
11-05 11:58:26.346  7854  7893 W System.err: 	at sun.nio.ch.DatagramChannelImpl.sendFromNativeBuffer(DatagramChannelImpl.java:573)
11-05 11:58:26.346  7854  7893 W System.err: 	at sun.nio.ch.DatagramChannelImpl.send(DatagramChannelImpl.java:550)
11-05 11:58:26.346  7854  7893 W System.err: 	at sun.nio.ch.DatagramChannelImpl.send(DatagramChannelImpl.java:514)
11-05 11:58:26.346  7854  7893 W System.err: 	at symlab.CloudAR.network.TransmissionTask.run(TransmissionTask.java:124)
11-05 11:58:26.346  7854  7893 W System.err: 	at android.os.Handler.handleCallback(Handler.java:907)
11-05 11:58:26.346  7854  7893 W System.err: 	at android.os.Handler.dispatchMessage(Handler.java:105)
11-05 11:58:26.346  7854  7893 W System.err: 	at android.os.Looper.loop(Looper.java:216)
11-05 11:58:26.346  7854  7893 W System.err: 	at android.os.HandlerThread.run(HandlerThread.java:65)
11-05 11:58:26.383  7854  7893 W System.err: java.net.SocketException: Message too long
11-05 11:58:26.383  7854  7893 W System.err: 	at sun.nio.ch.DatagramChannelImpl.send0(Native Method)
11-05 11:58:26.383  7854  7893 W System.err: 	at sun.nio.ch.DatagramChannelImpl.sendFromNativeBuffer(DatagramChannelImpl.java:573)
11-05 11:58:26.383  7854  7893 W System.err: 	at sun.nio.ch.DatagramChannelImpl.send(DatagramChannelImpl.java:550)
11-05 11:58:26.383  7854  7893 W System.err: 	at sun.nio.ch.DatagramChannelImpl.send(DatagramChannelImpl.java:514)
11-05 11:58:26.383  7854  7893 W System.err: 	at symlab.CloudAR.network.TransmissionTask.run(TransmissionTask.java:124)
11-05 11:58:26.383  7854  7893 W System.err: 	at android.os.Handler.handleCallback(Handler.java:907)
11-05 11:58:26.383  7854  7893 W System.err: 	at android.os.Handler.dispatchMessage(Handler.java:105)
11-05 11:58:26.384  7854  7893 W System.err: 	at android.os.Looper.loop(Looper.java:216)
11-05 11:58:26.384  7854  7893 W System.err: 	at android.os.HandlerThread.run(HandlerThread.java:65)
11-05 11:58:26.414  7854  7893 W System.err: java.net.SocketException: Message too long
11-05 11:58:26.414  7854  7893 W System.err: 	at sun.nio.ch.DatagramChannelImpl.send0(Native Method)
11-05 11:58:26.414  7854  7893 W System.err: 	at sun.nio.ch.DatagramChannelImpl.sendFromNativeBuffer(DatagramChannelImpl.java:573)
11-05 11:58:26.414  7854  7893 W System.err: 	at sun.nio.ch.DatagramChannelImpl.send(DatagramChannelImpl.java:550)
11-05 11:58:26.414  7854  7893 W System.err: 	at sun.nio.ch.DatagramChannelImpl.send(DatagramChannelImpl.java:514)
11-05 11:58:26.414  7854  7893 W System.err: 	at symlab.CloudAR.network.TransmissionTask.run(TransmissionTask.java:124)
11-05 11:58:26.414  7854  7893 W System.err: 	at android.os.Handler.handleCallback(Handler.java:907)
11-05 11:58:26.414  7854  7893 W System.err: 	at android.os.Handler.dispatchMessage(Handler.java:105)
11-05 11:58:26.414  7854  7893 W System.err: 	at android.os.Looper.loop(Looper.java:216)
11-05 11:58:26.414  7854  7893 W System.err: 	at android.os.HandlerThread.run(HandlerThread.java:65)
11-05 11:58:26.414  7854  7867 E         : [ZeroHung]zrhung_get_config: Get config failed for wp[0x0008]
11-05 11:58:26.446  7854  7893 W System.err: java.net.SocketException: Message too long
11-05 11:58:26.447  7854  7893 W System.err: 	at sun.nio.ch.DatagramChannelImpl.send0(Native Method)
11-05 11:58:26.447  7854  7893 W System.err: 	at sun.nio.ch.DatagramChannelImpl.sendFromNativeBuffer(DatagramChannelImpl.java:573)
11-05 11:58:26.447  7854  7893 W System.err: 	at sun.nio.ch.DatagramChannelImpl.send(DatagramChannelImpl.java:550)
11-05 11:58:26.447  7854  7893 W System.err: 	at sun.nio.ch.DatagramChannelImpl.send(DatagramChannelImpl.java:514)
11-05 11:58:26.447  7854  7893 W System.err: 	at symlab.CloudAR.network.TransmissionTask.run(TransmissionTask.java:124)
11-05 11:58:26.447  7854  7893 W System.err: 	at android.os.Handler.handleCallback(Handler.java:907)
11-05 11:58:26.447  7854  7893 W System.err: 	at android.os.Handler.dispatchMessage(Handler.java:105)
11-05 11:58:26.447  7854  7893 W System.err: 	at android.os.Looper.loop(Looper.java:216)
11-05 11:58:26.447  7854  7893 W System.err: 	at android.os.HandlerThread.run(HandlerThread.java:65)
11-05 11:58:26.478  7854  7893 W System.err: java.net.SocketException: Message too long
11-05 11:58:26.479  7854  7893 W System.err: 	at sun.nio.ch.DatagramChannelImpl.send0(Native Method)
11-05 11:58:26.479  7854  7893 W System.err: 	at sun.nio.ch.DatagramChannelImpl.sendFromNativeBuffer(DatagramChannelImpl.java:573)
11-05 11:58:26.479  7854  7893 W System.err: 	at sun.nio.ch.DatagramChannelImpl.send(DatagramChannelImpl.java:550)
11-05 11:58:26.479  7854  7893 W System.err: 	at sun.nio.ch.DatagramChannelImpl.send(DatagramChannelImpl.java:514)
11-05 11:58:26.479  7854  7893 W System.err: 	at symlab.CloudAR.network.TransmissionTask.run(TransmissionTask.java:124)
11-05 11:58:26.479  7854  7893 W System.err: 	at android.os.Handler.handleCallback(Handler.java:907)
11-05 11:58:26.479  7854  7893 W System.err: 	at android.os.Handler.dispatchMessage(Handler.java:105)
11-05 11:58:26.479  7854  7893 W System.err: 	at android.os.Looper.loop(Looper.java:216)
11-05 11:58:26.479  7854  7893 W System.err: 	at android.os.HandlerThread.run(HandlerThread.java:65)
11-05 11:58:26.515  7854  7893 W System.err: java.net.SocketException: Message too long
11-05 11:58:26.515  7854  7893 W System.err: 	at sun.nio.ch.DatagramChannelImpl.send0(Native Method)
11-05 11:58:26.515  7854  7893 W System.err: 	at sun.nio.ch.DatagramChannelImpl.sendFromNativeBuffer(DatagramChannelImpl.java:573)
11-05 11:58:26.515  7854  7893 W System.err: 	at sun.nio.ch.DatagramChannelImpl.send(DatagramChannelImpl.java:550)
11-05 11:58:26.515  7854  7893 W System.err: 	at sun.nio.ch.DatagramChannelImpl.send(DatagramChannelImpl.java:514)
11-05 11:58:26.515  7854  7893 W System.err: 	at symlab.CloudAR.network.TransmissionTask.run(TransmissionTask.java:124)
11-05 11:58:26.515  7854  7893 W System.err: 	at android.os.Handler.handleCallback(Handler.java:907)
11-05 11:58:26.515  7854  7893 W System.err: 	at android.os.Handler.dispatchMessage(Handler.java:105)
11-05 11:58:26.515  7854  7893 W System.err: 	at android.os.Looper.loop(Looper.java:216)
11-05 11:58:26.515  7854  7893 W System.err: 	at android.os.HandlerThread.run(HandlerThread.java:65)
11-05 11:58:26.544  7854  7893 W System.err: java.net.SocketException: Message too long
11-05 11:58:26.544  7854  7893 W System.err: 	at sun.nio.ch.DatagramChannelImpl.send0(Native Method)
11-05 11:58:26.544  7854  7893 W System.err: 	at sun.nio.ch.DatagramChannelImpl.sendFromNativeBuffer(DatagramChannelImpl.java:573)
11-05 11:58:26.544  7854  7893 W System.err: 	at sun.nio.ch.DatagramChannelImpl.send(DatagramChannelImpl.java:550)
11-05 11:58:26.544  7854  7893 W System.err: 	at sun.nio.ch.DatagramChannelImpl.send(DatagramChannelImpl.java:514)
11-05 11:58:26.544  7854  7893 W System.err: 	at symlab.CloudAR.network.TransmissionTask.run(TransmissionTask.java:124)
11-05 11:58:26.544  7854  7893 W System.err: 	at android.os.Handler.handleCallback(Handler.java:907)
11-05 11:58:26.544  7854  7893 W System.err: 	at android.os.Handler.dispatchMessage(Handler.java:105)
11-05 11:58:26.544  7854  7893 W System.err: 	at android.os.Looper.loop(Looper.java:216)
11-05 11:58:26.544  7854  7893 W System.err: 	at android.os.HandlerThread.run(HandlerThread.java:65)
11-05 11:58:26.577  7854  7893 D Evaluation: Frame 16 sent at 1572947906577
11-05 11:58:26.610  7854  7893 D Evaluation: Frame 17 sent at 1572947906610
11-05 11:58:26.644  7854  7893 D Evaluation: Frame 18 sent at 1572947906644
11-05 11:58:26.677  7854  7893 W System.err: java.net.SocketException: Message too long
11-05 11:58:26.677  7854  7893 W System.err: 	at sun.nio.ch.DatagramChannelImpl.send0(Native Method)
11-05 11:58:26.677  7854  7893 W System.err: 	at sun.nio.ch.DatagramChannelImpl.sendFromNativeBuffer(DatagramChannelImpl.java:573)
11-05 11:58:26.677  7854  7893 W System.err: 	at sun.nio.ch.DatagramChannelImpl.send(DatagramChannelImpl.java:550)
11-05 11:58:26.677  7854  7893 W System.err: 	at sun.nio.ch.DatagramChannelImpl.send(DatagramChannelImpl.java:514)
11-05 11:58:26.677  7854  7893 W System.err: 	at symlab.CloudAR.network.TransmissionTask.run(TransmissionTask.java:124)
11-05 11:58:26.677  7854  7893 W System.err: 	at android.os.Handler.handleCallback(Handler.java:907)
11-05 11:58:26.677  7854  7893 W System.err: 	at android.os.Handler.dispatchMessage(Handler.java:105)
11-05 11:58:26.677  7854  7893 W System.err: 	at android.os.Looper.loop(Looper.java:216)
11-05 11:58:26.677  7854  7893 W System.err: 	at android.os.HandlerThread.run(HandlerThread.java:65)
11-05 11:58:26.717  7854  7893 W System.err: java.net.SocketException: Message too long
11-05 11:58:26.718  7854  7893 W System.err: 	at sun.nio.ch.DatagramChannelImpl.send0(Native Method)
11-05 11:58:26.718  7854  7893 W System.err: 	at sun.nio.ch.DatagramChannelImpl.sendFromNativeBuffer(DatagramChannelImpl.java:573)
11-05 11:58:26.718  7854  7893 W System.err: 	at sun.nio.ch.DatagramChannelImpl.send(DatagramChannelImpl.java:550)
11-05 11:58:26.718  7854  7893 W System.err: 	at sun.nio.ch.DatagramChannelImpl.send(DatagramChannelImpl.java:514)
11-05 11:58:26.718  7854  7893 W System.err: 	at symlab.CloudAR.network.TransmissionTask.run(TransmissionTask.java:124)
11-05 11:58:26.718  7854  7893 W System.err: 	at android.os.Handler.handleCallback(Handler.java:907)
11-05 11:58:26.718  7854  7893 W System.err: 	at android.os.Handler.dispatchMessage(Handler.java:105)
11-05 11:58:26.718  7854  7893 W System.err: 	at android.os.Looper.loop(Looper.java:216)
11-05 11:58:26.718  7854  7893 W System.err: 	at android.os.HandlerThread.run(HandlerThread.java:65)
11-05 11:58:26.747  7854  7893 W System.err: java.net.SocketException: Message too long
11-05 11:58:26.747  7854  7893 W System.err: 	at sun.nio.ch.DatagramChannelImpl.send0(Native Method)
11-05 11:58:26.747  7854  7893 W System.err: 	at sun.nio.ch.DatagramChannelImpl.sendFromNativeBuffer(DatagramChannelImpl.java:573)
11-05 11:58:26.748  7854  7893 W System.err: 	at sun.nio.ch.DatagramChannelImpl.send(DatagramChannelImpl.java:550)
11-05 11:58:26.748  7854  7893 W System.err: 	at sun.nio.ch.DatagramChannelImpl.send(DatagramChannelImpl.java:514)
11-05 11:58:26.748  7854  7893 W System.err: 	at symlab.CloudAR.network.TransmissionTask.run(TransmissionTask.java:124)
11-05 11:58:26.748  7854  7893 W System.err: 	at android.os.Handler.handleCallback(Handler.java:907)
11-05 11:58:26.748  7854  7893 W System.err: 	at android.os.Handler.dispatchMessage(Handler.java:105)
11-05 11:58:26.748  7854  7893 W System.err: 	at android.os.Looper.loop(Looper.java:216)
11-05 11:58:26.748  7854  7893 W System.err: 	at android.os.HandlerThread.run(HandlerThread.java:65)
11-05 11:58:26.783  7854  7893 W System.err: java.net.SocketException: Message too long
11-05 11:58:26.783  7854  7893 W System.err: 	at sun.nio.ch.DatagramChannelImpl.send0(Native Method)
11-05 11:58:26.783  7854  7893 W System.err: 	at sun.nio.ch.DatagramChannelImpl.sendFromNativeBuffer(DatagramChannelImpl.java:573)
11-05 11:58:26.783  7854  7893 W System.err: 	at sun.nio.ch.DatagramChannelImpl.send(DatagramChannelImpl.java:550)
11-05 11:58:26.783  7854  7893 W System.err: 	at sun.nio.ch.DatagramChannelImpl.send(DatagramChannelImpl.java:514)
11-05 11:58:26.783  7854  7893 W System.err: 	at symlab.CloudAR.network.TransmissionTask.run(TransmissionTask.java:124)
11-05 11:58:26.783  7854  7893 W System.err: 	at android.os.Handler.handleCallback(Handler.java:907)
11-05 11:58:26.783  7854  7893 W System.err: 	at android.os.Handler.dispatchMessage(Handler.java:105)
11-05 11:58:26.783  7854  7893 W System.err: 	at android.os.Looper.loop(Looper.java:216)
11-05 11:58:26.783  7854  7893 W System.err: 	at android.os.HandlerThread.run(HandlerThread.java:65)
11-05 11:58:26.814  7854  7893 W System.err: java.net.SocketException: Message too long
11-05 11:58:26.814  7854  7893 W System.err: 	at sun.nio.ch.DatagramChannelImpl.send0(Native Method)
11-05 11:58:26.814  7854  7893 W System.err: 	at sun.nio.ch.DatagramChannelImpl.sendFromNativeBuffer(DatagramChannelImpl.java:573)
11-05 11:58:26.814  7854  7893 W System.err: 	at sun.nio.ch.DatagramChannelImpl.send(DatagramChannelImpl.java:550)
11-05 11:58:26.814  7854  7893 W System.err: 	at sun.nio.ch.DatagramChannelImpl.send(DatagramChannelImpl.java:514)
11-05 11:58:26.814  7854  7893 W System.err: 	at symlab.CloudAR.network.TransmissionTask.run(TransmissionTask.java:124)
11-05 11:58:26.814  7854  7893 W System.err: 	at android.os.Handler.handleCallback(Handler.java:907)
11-05 11:58:26.814  7854  7893 W System.err: 	at android.os.Handler.dispatchMessage(Handler.java:105)
11-05 11:58:26.814  7854  7893 W System.err: 	at android.os.Looper.loop(Looper.java:216)
11-05 11:58:26.814  7854  7893 W System.err: 	at android.os.HandlerThread.run(HandlerThread.java:65)
11-05 11:58:26.840  7854  7854 D Poster  : At 1572947906840 location is 65.06008410241334 (latitude), and 25.46682558382794 (longitude)
11-05 11:58:26.848  7854  7893 W System.err: java.net.SocketException: Message too long
11-05 11:58:26.848  7854  7893 W System.err: 	at sun.nio.ch.DatagramChannelImpl.send0(Native Method)
11-05 11:58:26.848  7854  7893 W System.err: 	at sun.nio.ch.DatagramChannelImpl.sendFromNativeBuffer(DatagramChannelImpl.java:573)
11-05 11:58:26.848  7854  7893 W System.err: 	at sun.nio.ch.DatagramChannelImpl.send(DatagramChannelImpl.java:550)
11-05 11:58:26.848  7854  7893 W System.err: 	at sun.nio.ch.DatagramChannelImpl.send(DatagramChannelImpl.java:514)
11-05 11:58:26.848  7854  7893 W System.err: 	at symlab.CloudAR.network.TransmissionTask.run(TransmissionTask.java:124)
11-05 11:58:26.848  7854  7893 W System.err: 	at android.os.Handler.handleCallback(Handler.java:907)
11-05 11:58:26.848  7854  7893 W System.err: 	at android.os.Handler.dispatchMessage(Handler.java:105)
11-05 11:58:26.848  7854  7893 W System.err: 	at android.os.Looper.loop(Looper.java:216)
11-05 11:58:26.848  7854  7893 W System.err: 	at android.os.HandlerThread.run(HandlerThread.java:65)
11-05 11:58:26.882  7854  7893 W System.err: java.net.SocketException: Message too long
11-05 11:58:26.882  7854  7893 W System.err: 	at sun.nio.ch.DatagramChannelImpl.send0(Native Method)
11-05 11:58:26.882  7854  7893 W System.err: 	at sun.nio.ch.DatagramChannelImpl.sendFromNativeBuffer(DatagramChannelImpl.java:573)
11-05 11:58:26.882  7854  7893 W System.err: 	at sun.nio.ch.DatagramChannelImpl.send(DatagramChannelImpl.java:550)
11-05 11:58:26.882  7854  7893 W System.err: 	at sun.nio.ch.DatagramChannelImpl.send(DatagramChannelImpl.java:514)
11-05 11:58:26.882  7854  7893 W System.err: 	at symlab.CloudAR.network.TransmissionTask.run(TransmissionTask.java:124)
11-05 11:58:26.882  7854  7893 W System.err: 	at android.os.Handler.handleCallback(Handler.java:907)
11-05 11:58:26.882  7854  7893 W System.err: 	at android.os.Handler.dispatchMessage(Handler.java:105)
11-05 11:58:26.882  7854  7893 W System.err: 	at android.os.Looper.loop(Looper.java:216)
11-05 11:58:26.882  7854  7893 W System.err: 	at android.os.HandlerThread.run(HandlerThread.java:65)
11-05 11:58:26.883  7854  7893 D Evaluation: 0 res for frame 16 received at 1572947906883
11-05 11:58:26.916  7854  7893 W System.err: java.net.SocketException: Message too long
11-05 11:58:26.916  7854  7893 W System.err: 	at sun.nio.ch.DatagramChannelImpl.send0(Native Method)
11-05 11:58:26.916  7854  7893 W System.err: 	at sun.nio.ch.DatagramChannelImpl.sendFromNativeBuffer(DatagramChannelImpl.java:573)
11-05 11:58:26.916  7854  7893 W System.err: 	at sun.nio.ch.DatagramChannelImpl.send(DatagramChannelImpl.java:550)
11-05 11:58:26.916  7854  7893 W System.err: 	at sun.nio.ch.DatagramChannelImpl.send(DatagramChannelImpl.java:514)
11-05 11:58:26.916  7854  7893 W System.err: 	at symlab.CloudAR.network.TransmissionTask.run(TransmissionTask.java:124)
11-05 11:58:26.916  7854  7893 W System.err: 	at android.os.Handler.handleCallback(Handler.java:907)
11-05 11:58:26.916  7854  7893 W System.err: 	at android.os.Handler.dispatchMessage(Handler.java:105)
11-05 11:58:26.916  7854  7893 W System.err: 	at android.os.Looper.loop(Looper.java:216)
11-05 11:58:26.916  7854  7893 W System.err: 	at android.os.HandlerThread.run(HandlerThread.java:65)
11-05 11:58:26.950  7854  7893 W System.err: java.net.SocketException: Message too long
11-05 11:58:26.950  7854  7893 W System.err: 	at sun.nio.ch.DatagramChannelImpl.send0(Native Method)
11-05 11:58:26.950  7854  7893 W System.err: 	at sun.nio.ch.DatagramChannelImpl.sendFromNativeBuffer(DatagramChannelImpl.java:573)
11-05 11:58:26.950  7854  7893 W System.err: 	at sun.nio.ch.DatagramChannelImpl.send(DatagramChannelImpl.java:550)
11-05 11:58:26.950  7854  7893 W System.err: 	at sun.nio.ch.DatagramChannelImpl.send(DatagramChannelImpl.java:514)
11-05 11:58:26.950  7854  7893 W System.err: 	at symlab.CloudAR.network.TransmissionTask.run(TransmissionTask.java:124)
11-05 11:58:26.950  7854  7893 W System.err: 	at android.os.Handler.handleCallback(Handler.java:907)
11-05 11:58:26.950  7854  7893 W System.err: 	at android.os.Handler.dispatchMessage(Handler.java:105)
11-05 11:58:26.950  7854  7893 W System.err: 	at android.os.Looper.loop(Looper.java:216)
11-05 11:58:26.950  7854  7893 W System.err: 	at android.os.HandlerThread.run(HandlerThread.java:65)
11-05 11:58:26.990  7854  7893 W System.err: java.net.SocketException: Message too long
11-05 11:58:26.990  7854  7893 W System.err: 	at sun.nio.ch.DatagramChannelImpl.send0(Native Method)
11-05 11:58:26.990  7854  7893 W System.err: 	at sun.nio.ch.DatagramChannelImpl.sendFromNativeBuffer(DatagramChannelImpl.java:573)
11-05 11:58:26.990  7854  7893 W System.err: 	at sun.nio.ch.DatagramChannelImpl.send(DatagramChannelImpl.java:550)
11-05 11:58:26.990  7854  7893 W System.err: 	at sun.nio.ch.DatagramChannelImpl.send(DatagramChannelImpl.java:514)
11-05 11:58:26.990  7854  7893 W System.err: 	at symlab.CloudAR.network.TransmissionTask.run(TransmissionTask.java:124)
11-05 11:58:26.990  7854  7893 W System.err: 	at android.os.Handler.handleCallback(Handler.java:907)
11-05 11:58:26.990  7854  7893 W System.err: 	at android.os.Handler.dispatchMessage(Handler.java:105)
11-05 11:58:26.990  7854  7893 W System.err: 	at android.os.Looper.loop(Looper.java:216)
11-05 11:58:26.990  7854  7893 W System.err: 	at android.os.HandlerThread.run(HandlerThread.java:65)
11-05 11:58:27.023  7854  7893 W System.err: java.net.SocketException: Message too long
11-05 11:58:27.023  7854  7893 W System.err: 	at sun.nio.ch.DatagramChannelImpl.send0(Native Method)
11-05 11:58:27.023  7854  7893 W System.err: 	at sun.nio.ch.DatagramChannelImpl.sendFromNativeBuffer(DatagramChannelImpl.java:573)
11-05 11:58:27.023  7854  7893 W System.err: 	at sun.nio.ch.DatagramChannelImpl.send(DatagramChannelImpl.java:550)
11-05 11:58:27.023  7854  7893 W System.err: 	at sun.nio.ch.DatagramChannelImpl.send(DatagramChannelImpl.java:514)
11-05 11:58:27.024  7854  7893 W System.err: 	at symlab.CloudAR.network.TransmissionTask.run(TransmissionTask.java:124)
11-05 11:58:27.024  7854  7893 W System.err: 	at android.os.Handler.handleCallback(Handler.java:907)
11-05 11:58:27.024  7854  7893 W System.err: 	at android.os.Handler.dispatchMessage(Handler.java:105)
11-05 11:58:27.024  7854  7893 W System.err: 	at android.os.Looper.loop(Looper.java:216)
11-05 11:58:27.024  7854  7893 W System.err: 	at android.os.HandlerThread.run(HandlerThread.java:65)
11-05 11:58:27.024  7854  7854 D Poster  : At 1572947907024 location is 65.05991437000078 (latitude), and 25.466567246623637 (longitude)
11-05 11:58:27.026  7854  7893 D Evaluation: 0 res for frame 17 received at 1572947907026
11-05 11:58:27.062  7854  7893 W System.err: java.net.SocketException: Message too long
11-05 11:58:27.062  7854  7893 W System.err: 	at sun.nio.ch.DatagramChannelImpl.send0(Native Method)
11-05 11:58:27.062  7854  7893 W System.err: 	at sun.nio.ch.DatagramChannelImpl.sendFromNativeBuffer(DatagramChannelImpl.java:573)
11-05 11:58:27.062  7854  7893 W System.err: 	at sun.nio.ch.DatagramChannelImpl.send(DatagramChannelImpl.java:550)
11-05 11:58:27.062  7854  7893 W System.err: 	at sun.nio.ch.DatagramChannelImpl.send(DatagramChannelImpl.java:514)
11-05 11:58:27.062  7854  7893 W System.err: 	at symlab.CloudAR.network.TransmissionTask.run(TransmissionTask.java:124)
11-05 11:58:27.062  7854  7893 W System.err: 	at android.os.Handler.handleCallback(Handler.java:907)
11-05 11:58:27.062  7854  7893 W System.err: 	at android.os.Handler.dispatchMessage(Handler.java:105)
11-05 11:58:27.062  7854  7893 W System.err: 	at android.os.Looper.loop(Looper.java:216)
11-05 11:58:27.063  7854  7893 W System.err: 	at android.os.HandlerThread.run(HandlerThread.java:65)
11-05 11:58:27.098  7854  7867 E         : [ZeroHung]zrhung_get_config: Get config failed for wp[0x0008]
11-05 11:58:27.099  7854  7893 W System.err: java.net.SocketException: Message too long
11-05 11:58:27.099  7854  7893 W System.err: 	at sun.nio.ch.DatagramChannelImpl.send0(Native Method)
11-05 11:58:27.099  7854  7893 W System.err: 	at sun.nio.ch.DatagramChannelImpl.sendFromNativeBuffer(DatagramChannelImpl.java:573)
11-05 11:58:27.099  7854  7893 W System.err: 	at sun.nio.ch.DatagramChannelImpl.send(DatagramChannelImpl.java:550)
11-05 11:58:27.099  7854  7893 W System.err: 	at sun.nio.ch.DatagramChannelImpl.send(DatagramChannelImpl.java:514)
11-05 11:58:27.099  7854  7893 W System.err: 	at symlab.CloudAR.network.TransmissionTask.run(TransmissionTask.java:124)
11-05 11:58:27.099  7854  7893 W System.err: 	at android.os.Handler.handleCallback(Handler.java:907)
11-05 11:58:27.099  7854  7893 W System.err: 	at android.os.Handler.dispatchMessage(Handler.java:105)
11-05 11:58:27.099  7854  7893 W System.err: 	at android.os.Looper.loop(Looper.java:216)
11-05 11:58:27.099  7854  7893 W System.err: 	at android.os.HandlerThread.run(HandlerThread.java:65)
11-05 11:58:27.111  7854  7865 W System  : A resource failed to call close. 
11-05 11:58:27.111  7854  7865 I chatty  : uid=10149(symlab.cloudridar.arhud) FinalizerDaemon identical 2 lines
11-05 11:58:27.111  7854  7865 W System  : A resource failed to call close. 
11-05 11:58:27.150  7854  7893 W System.err: java.net.SocketException: Message too long
11-05 11:58:27.150  7854  7893 W System.err: 	at sun.nio.ch.DatagramChannelImpl.send0(Native Method)
11-05 11:58:27.150  7854  7893 W System.err: 	at sun.nio.ch.DatagramChannelImpl.sendFromNativeBuffer(DatagramChannelImpl.java:573)
11-05 11:58:27.150  7854  7893 W System.err: 	at sun.nio.ch.DatagramChannelImpl.send(DatagramChannelImpl.java:550)
11-05 11:58:27.150  7854  7893 W System.err: 	at sun.nio.ch.DatagramChannelImpl.send(DatagramChannelImpl.java:514)
11-05 11:58:27.150  7854  7893 W System.err: 	at symlab.CloudAR.network.TransmissionTask.run(TransmissionTask.java:124)
11-05 11:58:27.150  7854  7893 W System.err: 	at android.os.Handler.handleCallback(Handler.java:907)
11-05 11:58:27.150  7854  7893 W System.err: 	at android.os.Handler.dispatchMessage(Handler.java:105)
11-05 11:58:27.150  7854  7893 W System.err: 	at android.os.Looper.loop(Looper.java:216)
11-05 11:58:27.150  7854  7893 W System.err: 	at android.os.HandlerThread.run(HandlerThread.java:65)
11-05 11:58:27.167  7854  7893 W System.err: java.net.SocketException: Message too long
11-05 11:58:27.167  7854  7893 W System.err: 	at sun.nio.ch.DatagramChannelImpl.send0(Native Method)
11-05 11:58:27.167  7854  7893 W System.err: 	at sun.nio.ch.DatagramChannelImpl.sendFromNativeBuffer(DatagramChannelImpl.java:573)
11-05 11:58:27.167  7854  7893 W System.err: 	at sun.nio.ch.DatagramChannelImpl.send(DatagramChannelImpl.java:550)
11-05 11:58:27.167  7854  7893 W System.err: 	at sun.nio.ch.DatagramChannelImpl.send(DatagramChannelImpl.java:514)
11-05 11:58:27.167  7854  7893 W System.err: 	at symlab.CloudAR.network.TransmissionTask.run(TransmissionTask.java:124)
11-05 11:58:27.167  7854  7893 W System.err: 	at android.os.Handler.handleCallback(Handler.java:907)
11-05 11:58:27.167  7854  7893 W System.err: 	at android.os.Handler.dispatchMessage(Handler.java:105)
11-05 11:58:27.167  7854  7893 W System.err: 	at android.os.Looper.loop(Looper.java:216)
11-05 11:58:27.167  7854  7893 W System.err: 	at android.os.HandlerThread.run(HandlerThread.java:65)
11-05 11:58:27.193  7854  7893 W System.err: java.net.SocketException: Message too long
11-05 11:58:27.193  7854  7893 W System.err: 	at sun.nio.ch.DatagramChannelImpl.send0(Native Method)
11-05 11:58:27.193  7854  7893 W System.err: 	at sun.nio.ch.DatagramChannelImpl.sendFromNativeBuffer(DatagramChannelImpl.java:573)
11-05 11:58:27.193  7854  7893 W System.err: 	at sun.nio.ch.DatagramChannelImpl.send(DatagramChannelImpl.java:550)
11-05 11:58:27.193  7854  7893 W System.err: 	at sun.nio.ch.DatagramChannelImpl.send(DatagramChannelImpl.java:514)
11-05 11:58:27.193  7854  7893 W System.err: 	at symlab.CloudAR.network.TransmissionTask.run(TransmissionTask.java:124)
11-05 11:58:27.193  7854  7893 W System.err: 	at android.os.Handler.handleCallback(Handler.java:907)
11-05 11:58:27.193  7854  7893 W System.err: 	at android.os.Handler.dispatchMessage(Handler.java:105)
11-05 11:58:27.193  7854  7893 W System.err: 	at android.os.Looper.loop(Looper.java:216)
11-05 11:58:27.193  7854  7893 W System.err: 	at android.os.HandlerThread.run(HandlerThread.java:65)
11-05 11:58:27.228  7854  7893 W System.err: java.net.SocketException: Message too long
11-05 11:58:27.228  7854  7893 W System.err: 	at sun.nio.ch.DatagramChannelImpl.send0(Native Method)
11-05 11:58:27.228  7854  7893 W System.err: 	at sun.nio.ch.DatagramChannelImpl.sendFromNativeBuffer(DatagramChannelImpl.java:573)
11-05 11:58:27.229  7854  7893 W System.err: 	at sun.nio.ch.DatagramChannelImpl.send(DatagramChannelImpl.java:550)
11-05 11:58:27.229  7854  7893 W System.err: 	at sun.nio.ch.DatagramChannelImpl.send(DatagramChannelImpl.java:514)
11-05 11:58:27.229  7854  7893 W System.err: 	at symlab.CloudAR.network.TransmissionTask.run(TransmissionTask.java:124)
11-05 11:58:27.229  7854  7893 W System.err: 	at android.os.Handler.handleCallback(Handler.java:907)
11-05 11:58:27.229  7854  7893 W System.err: 	at android.os.Handler.dispatchMessage(Handler.java:105)
11-05 11:58:27.229  7854  7893 W System.err: 	at android.os.Looper.loop(Looper.java:216)
11-05 11:58:27.229  7854  7893 W System.err: 	at android.os.HandlerThread.run(HandlerThread.java:65)
11-05 11:58:27.265  7854  7893 W System.err: java.net.SocketException: Message too long
11-05 11:58:27.265  7854  7893 W System.err: 	at sun.nio.ch.DatagramChannelImpl.send0(Native Method)
11-05 11:58:27.265  7854  7893 W System.err: 	at sun.nio.ch.DatagramChannelImpl.sendFromNativeBuffer(DatagramChannelImpl.java:573)
11-05 11:58:27.265  7854  7893 W System.err: 	at sun.nio.ch.DatagramChannelImpl.send(DatagramChannelImpl.java:550)
11-05 11:58:27.265  7854  7893 W System.err: 	at sun.nio.ch.DatagramChannelImpl.send(DatagramChannelImpl.java:514)
11-05 11:58:27.265  7854  7893 W System.err: 	at symlab.CloudAR.network.TransmissionTask.run(TransmissionTask.java:124)
11-05 11:58:27.265  7854  7893 W System.err: 	at android.os.Handler.handleCallback(Handler.java:907)
11-05 11:58:27.265  7854  7893 W System.err: 	at android.os.Handler.dispatchMessage(Handler.java:105)
11-05 11:58:27.265  7854  7893 W System.err: 	at android.os.Looper.loop(Looper.java:216)
11-05 11:58:27.265  7854  7893 W System.err: 	at android.os.HandlerThread.run(HandlerThread.java:65)
11-05 11:58:27.300  7854  7893 W System.err: java.net.SocketException: Message too long
11-05 11:58:27.301  7854  7893 W System.err: 	at sun.nio.ch.DatagramChannelImpl.send0(Native Method)
11-05 11:58:27.301  7854  7893 W System.err: 	at sun.nio.ch.DatagramChannelImpl.sendFromNativeBuffer(DatagramChannelImpl.java:573)
11-05 11:58:27.301  7854  7893 W System.err: 	at sun.nio.ch.DatagramChannelImpl.send(DatagramChannelImpl.java:550)
11-05 11:58:27.301  7854  7893 W System.err: 	at sun.nio.ch.DatagramChannelImpl.send(DatagramChannelImpl.java:514)
11-05 11:58:27.301  7854  7893 W System.err: 	at symlab.CloudAR.network.TransmissionTask.run(TransmissionTask.java:124)
11-05 11:58:27.301  7854  7893 W System.err: 	at android.os.Handler.handleCallback(Handler.java:907)
11-05 11:58:27.301  7854  7893 W System.err: 	at android.os.Handler.dispatchMessage(Handler.java:105)
11-05 11:58:27.301  7854  7893 W System.err: 	at android.os.Looper.loop(Looper.java:216)
11-05 11:58:27.301  7854  7893 W System.err: 	at android.os.HandlerThread.run(HandlerThread.java:65)
11-05 11:58:27.334  7854  7893 W System.err: java.net.SocketException: Message too long
11-05 11:58:27.334  7854  7893 W System.err: 	at sun.nio.ch.DatagramChannelImpl.send0(Native Method)
11-05 11:58:27.334  7854  7893 W System.err: 	at sun.nio.ch.DatagramChannelImpl.sendFromNativeBuffer(DatagramChannelImpl.java:573)
11-05 11:58:27.334  7854  7893 W System.err: 	at sun.nio.ch.DatagramChannelImpl.send(DatagramChannelImpl.java:550)
11-05 11:58:27.334  7854  7893 W System.err: 	at sun.nio.ch.DatagramChannelImpl.send(DatagramChannelImpl.java:514)
11-05 11:58:27.334  7854  7893 W System.err: 	at symlab.CloudAR.network.TransmissionTask.run(TransmissionTask.java:124)
11-05 11:58:27.334  7854  7893 W System.err: 	at android.os.Handler.handleCallback(Handler.java:907)
11-05 11:58:27.334  7854  7893 W System.err: 	at android.os.Handler.dispatchMessage(Handler.java:105)
11-05 11:58:27.334  7854  7893 W System.err: 	at android.os.Looper.loop(Looper.java:216)
11-05 11:58:27.334  7854  7893 W System.err: 	at android.os.HandlerThread.run(HandlerThread.java:65)
11-05 11:58:27.370  7854  7893 W System.err: java.net.SocketException: Message too long
11-05 11:58:27.370  7854  7893 W System.err: 	at sun.nio.ch.DatagramChannelImpl.send0(Native Method)
11-05 11:58:27.370  7854  7893 W System.err: 	at sun.nio.ch.DatagramChannelImpl.sendFromNativeBuffer(DatagramChannelImpl.java:573)
11-05 11:58:27.370  7854  7893 W System.err: 	at sun.nio.ch.DatagramChannelImpl.send(DatagramChannelImpl.java:550)
11-05 11:58:27.370  7854  7893 W System.err: 	at sun.nio.ch.DatagramChannelImpl.send(DatagramChannelImpl.java:514)
11-05 11:58:27.370  7854  7893 W System.err: 	at symlab.CloudAR.network.TransmissionTask.run(TransmissionTask.java:124)
11-05 11:58:27.370  7854  7893 W System.err: 	at android.os.Handler.handleCallback(Handler.java:907)
11-05 11:58:27.370  7854  7893 W System.err: 	at android.os.Handler.dispatchMessage(Handler.java:105)
11-05 11:58:27.370  7854  7893 W System.err: 	at android.os.Looper.loop(Looper.java:216)
11-05 11:58:27.370  7854  7893 W System.err: 	at android.os.HandlerThread.run(HandlerThread.java:65)
11-05 11:58:27.402  7854  7893 W System.err: java.net.SocketException: Message too long
11-05 11:58:27.402  7854  7893 W System.err: 	at sun.nio.ch.DatagramChannelImpl.send0(Native Method)
11-05 11:58:27.402  7854  7893 W System.err: 	at sun.nio.ch.DatagramChannelImpl.sendFromNativeBuffer(DatagramChannelImpl.java:573)
11-05 11:58:27.402  7854  7893 W System.err: 	at sun.nio.ch.DatagramChannelImpl.send(DatagramChannelImpl.java:550)
11-05 11:58:27.402  7854  7893 W System.err: 	at sun.nio.ch.DatagramChannelImpl.send(DatagramChannelImpl.java:514)
11-05 11:58:27.402  7854  7893 W System.err: 	at symlab.CloudAR.network.TransmissionTask.run(TransmissionTask.java:124)
11-05 11:58:27.402  7854  7893 W System.err: 	at android.os.Handler.handleCallback(Handler.java:907)
11-05 11:58:27.402  7854  7893 W System.err: 	at android.os.Handler.dispatchMessage(Handler.java:105)
11-05 11:58:27.402  7854  7893 W System.err: 	at android.os.Looper.loop(Looper.java:216)
11-05 11:58:27.402  7854  7893 W System.err: 	at android.os.HandlerThread.run(HandlerThread.java:65)
11-05 11:58:27.452  7854  7893 W System.err: java.net.SocketException: Message too long
11-05 11:58:27.452  7854  7893 W System.err: 	at sun.nio.ch.DatagramChannelImpl.send0(Native Method)
11-05 11:58:27.452  7854  7893 W System.err: 	at sun.nio.ch.DatagramChannelImpl.sendFromNativeBuffer(DatagramChannelImpl.java:573)
11-05 11:58:27.452  7854  7893 W System.err: 	at sun.nio.ch.DatagramChannelImpl.send(DatagramChannelImpl.java:550)
11-05 11:58:27.452  7854  7893 W System.err: 	at sun.nio.ch.DatagramChannelImpl.send(DatagramChannelImpl.java:514)
11-05 11:58:27.452  7854  7893 W System.err: 	at symlab.CloudAR.network.TransmissionTask.run(TransmissionTask.java:124)
11-05 11:58:27.453  7854  7893 W System.err: 	at android.os.Handler.handleCallback(Handler.java:907)
11-05 11:58:27.453  7854  7893 W System.err: 	at android.os.Handler.dispatchMessage(Handler.java:105)
11-05 11:58:27.453  7854  7893 W System.err: 	at android.os.Looper.loop(Looper.java:216)
11-05 11:58:27.453  7854  7893 W System.err: 	at android.os.HandlerThread.run(HandlerThread.java:65)
11-05 11:58:27.479  7854  7893 W System.err: java.net.SocketException: Message too long
11-05 11:58:27.479  7854  7893 W System.err: 	at sun.nio.ch.DatagramChannelImpl.send0(Native Method)
11-05 11:58:27.479  7854  7893 W System.err: 	at sun.nio.ch.DatagramChannelImpl.sendFromNativeBuffer(DatagramChannelImpl.java:573)
11-05 11:58:27.479  7854  7893 W System.err: 	at sun.nio.ch.DatagramChannelImpl.send(DatagramChannelImpl.java:550)
11-05 11:58:27.479  7854  7893 W System.err: 	at sun.nio.ch.DatagramChannelImpl.send(DatagramChannelImpl.java:514)
11-05 11:58:27.479  7854  7893 W System.err: 	at symlab.CloudAR.network.TransmissionTask.run(TransmissionTask.java:124)
11-05 11:58:27.479  7854  7893 W System.err: 	at android.os.Handler.handleCallback(Handler.java:907)
11-05 11:58:27.479  7854  7893 W System.err: 	at android.os.Handler.dispatchMessage(Handler.java:105)
11-05 11:58:27.479  7854  7893 W System.err: 	at android.os.Looper.loop(Looper.java:216)
11-05 11:58:27.479  7854  7893 W System.err: 	at android.os.HandlerThread.run(HandlerThread.java:65)
11-05 11:58:27.514  7854  7893 W System.err: java.net.SocketException: Message too long
11-05 11:58:27.514  7854  7893 W System.err: 	at sun.nio.ch.DatagramChannelImpl.send0(Native Method)
11-05 11:58:27.514  7854  7893 W System.err: 	at sun.nio.ch.DatagramChannelImpl.sendFromNativeBuffer(DatagramChannelImpl.java:573)
11-05 11:58:27.514  7854  7893 W System.err: 	at sun.nio.ch.DatagramChannelImpl.send(DatagramChannelImpl.java:550)
11-05 11:58:27.514  7854  7893 W System.err: 	at sun.nio.ch.DatagramChannelImpl.send(DatagramChannelImpl.java:514)
11-05 11:58:27.514  7854  7893 W System.err: 	at symlab.CloudAR.network.TransmissionTask.run(TransmissionTask.java:124)
11-05 11:58:27.514  7854  7893 W System.err: 	at android.os.Handler.handleCallback(Handler.java:907)
11-05 11:58:27.514  7854  7893 W System.err: 	at android.os.Handler.dispatchMessage(Handler.java:105)
11-05 11:58:27.514  7854  7893 W System.err: 	at android.os.Looper.loop(Looper.java:216)
11-05 11:58:27.514  7854  7893 W System.err: 	at android.os.HandlerThread.run(HandlerThread.java:65)
11-05 11:58:27.543  7854  7893 W System.err: java.net.SocketException: Message too long
11-05 11:58:27.543  7854  7893 W System.err: 	at sun.nio.ch.DatagramChannelImpl.send0(Native Method)
11-05 11:58:27.543  7854  7893 W System.err: 	at sun.nio.ch.DatagramChannelImpl.sendFromNativeBuffer(DatagramChannelImpl.java:573)
11-05 11:58:27.543  7854  7893 W System.err: 	at sun.nio.ch.DatagramChannelImpl.send(DatagramChannelImpl.java:550)
11-05 11:58:27.544  7854  7893 W System.err: 	at sun.nio.ch.DatagramChannelImpl.send(DatagramChannelImpl.java:514)
11-05 11:58:27.544  7854  7893 W System.err: 	at symlab.CloudAR.network.TransmissionTask.run(TransmissionTask.java:124)
11-05 11:58:27.544  7854  7893 W System.err: 	at android.os.Handler.handleCallback(Handler.java:907)
11-05 11:58:27.544  7854  7893 W System.err: 	at android.os.Handler.dispatchMessage(Handler.java:105)
11-05 11:58:27.544  7854  7893 W System.err: 	at android.os.Looper.loop(Looper.java:216)
11-05 11:58:27.544  7854  7893 W System.err: 	at android.os.HandlerThread.run(HandlerThread.java:65)
11-05 11:58:27.567  7854  7854 D stylus  : init stylus touchlistener.
11-05 11:58:27.573  7854  7854 W Settings: Setting device_provisioned has moved from android.provider.Settings.Secure to android.provider.Settings.Global.
11-05 11:58:27.575  7854  7854 V HiTouch_HiTouchSensor: User setup is finished.
11-05 11:58:27.589  7854  7893 W System.err: java.net.SocketException: Message too long
11-05 11:58:27.589  7854  7893 W System.err: 	at sun.nio.ch.DatagramChannelImpl.send0(Native Method)
11-05 11:58:27.589  7854  7893 W System.err: 	at sun.nio.ch.DatagramChannelImpl.sendFromNativeBuffer(DatagramChannelImpl.java:573)
11-05 11:58:27.589  7854  7893 W System.err: 	at sun.nio.ch.DatagramChannelImpl.send(DatagramChannelImpl.java:550)
11-05 11:58:27.590  7854  7893 W System.err: 	at sun.nio.ch.DatagramChannelImpl.send(DatagramChannelImpl.java:514)
11-05 11:58:27.590  7854  7893 W System.err: 	at symlab.CloudAR.network.TransmissionTask.run(TransmissionTask.java:124)
11-05 11:58:27.590  7854  7893 W System.err: 	at android.os.Handler.handleCallback(Handler.java:907)
11-05 11:58:27.590  7854  7893 W System.err: 	at android.os.Handler.dispatchMessage(Handler.java:105)
11-05 11:58:27.590  7854  7893 W System.err: 	at android.os.Looper.loop(Looper.java:216)
11-05 11:58:27.590  7854  7893 W System.err: 	at android.os.HandlerThread.run(HandlerThread.java:65)
11-05 11:58:27.611  7854  7893 W System.err: java.net.SocketException: Message too long
11-05 11:58:27.611  7854  7893 W System.err: 	at sun.nio.ch.DatagramChannelImpl.send0(Native Method)
11-05 11:58:27.611  7854  7893 W System.err: 	at sun.nio.ch.DatagramChannelImpl.sendFromNativeBuffer(DatagramChannelImpl.java:573)
11-05 11:58:27.611  7854  7893 W System.err: 	at sun.nio.ch.DatagramChannelImpl.send(DatagramChannelImpl.java:550)
11-05 11:58:27.611  7854  7893 W System.err: 	at sun.nio.ch.DatagramChannelImpl.send(DatagramChannelImpl.java:514)
11-05 11:58:27.611  7854  7893 W System.err: 	at symlab.CloudAR.network.TransmissionTask.run(TransmissionTask.java:124)
11-05 11:58:27.611  7854  7893 W System.err: 	at android.os.Handler.handleCallback(Handler.java:907)
11-05 11:58:27.611  7854  7893 W System.err: 	at android.os.Handler.dispatchMessage(Handler.java:105)
11-05 11:58:27.611  7854  7893 W System.err: 	at android.os.Looper.loop(Looper.java:216)
11-05 11:58:27.611  7854  7893 W System.err: 	at android.os.HandlerThread.run(HandlerThread.java:65)
11-05 11:58:27.650  7854  7893 W System.err: java.net.SocketException: Message too long
11-05 11:58:27.650  7854  7893 W System.err: 	at sun.nio.ch.DatagramChannelImpl.send0(Native Method)
11-05 11:58:27.650  7854  7893 W System.err: 	at sun.nio.ch.DatagramChannelImpl.sendFromNativeBuffer(DatagramChannelImpl.java:573)
11-05 11:58:27.650  7854  7893 W System.err: 	at sun.nio.ch.DatagramChannelImpl.send(DatagramChannelImpl.java:550)
11-05 11:58:27.650  7854  7893 W System.err: 	at sun.nio.ch.DatagramChannelImpl.send(DatagramChannelImpl.java:514)
11-05 11:58:27.650  7854  7893 W System.err: 	at symlab.CloudAR.network.TransmissionTask.run(TransmissionTask.java:124)
11-05 11:58:27.650  7854  7893 W System.err: 	at android.os.Handler.handleCallback(Handler.java:907)
11-05 11:58:27.650  7854  7893 W System.err: 	at android.os.Handler.dispatchMessage(Handler.java:105)
11-05 11:58:27.650  7854  7893 W System.err: 	at android.os.Looper.loop(Looper.java:216)
11-05 11:58:27.650  7854  7893 W System.err: 	at android.os.HandlerThread.run(HandlerThread.java:65)
11-05 11:58:27.673  7854  7854 W HiTouch_PressGestureDetector: Touch pointer move a lot. The moving distance of X is:9.806931, limit is:60The moving distance of Y is:64.656944, limit is:60
11-05 11:58:27.679  7854  7893 W System.err: java.net.SocketException: Message too long
11-05 11:58:27.679  7854  7893 W System.err: 	at sun.nio.ch.DatagramChannelImpl.send0(Native Method)
11-05 11:58:27.679  7854  7893 W System.err: 	at sun.nio.ch.DatagramChannelImpl.sendFromNativeBuffer(DatagramChannelImpl.java:573)
11-05 11:58:27.679  7854  7893 W System.err: 	at sun.nio.ch.DatagramChannelImpl.send(DatagramChannelImpl.java:550)
11-05 11:58:27.679  7854  7893 W System.err: 	at sun.nio.ch.DatagramChannelImpl.send(DatagramChannelImpl.java:514)
11-05 11:58:27.679  7854  7893 W System.err: 	at symlab.CloudAR.network.TransmissionTask.run(TransmissionTask.java:124)
11-05 11:58:27.679  7854  7893 W System.err: 	at android.os.Handler.handleCallback(Handler.java:907)
11-05 11:58:27.679  7854  7893 W System.err: 	at android.os.Handler.dispatchMessage(Handler.java:105)
11-05 11:58:27.679  7854  7893 W System.err: 	at android.os.Looper.loop(Looper.java:216)
11-05 11:58:27.679  7854  7893 W System.err: 	at android.os.HandlerThread.run(HandlerThread.java:65)
11-05 11:58:27.718  7854  7893 W System.err: java.net.SocketException: Message too long
11-05 11:58:27.719  7854  7893 W System.err: 	at sun.nio.ch.DatagramChannelImpl.send0(Native Method)
11-05 11:58:27.719  7854  7893 W System.err: 	at sun.nio.ch.DatagramChannelImpl.sendFromNativeBuffer(DatagramChannelImpl.java:573)
11-05 11:58:27.719  7854  7893 W System.err: 	at sun.nio.ch.DatagramChannelImpl.send(DatagramChannelImpl.java:550)
11-05 11:58:27.719  7854  7893 W System.err: 	at sun.nio.ch.DatagramChannelImpl.send(DatagramChannelImpl.java:514)
11-05 11:58:27.719  7854  7893 W System.err: 	at symlab.CloudAR.network.TransmissionTask.run(TransmissionTask.java:124)
11-05 11:58:27.719  7854  7893 W System.err: 	at android.os.Handler.handleCallback(Handler.java:907)
11-05 11:58:27.719  7854  7893 W System.err: 	at android.os.Handler.dispatchMessage(Handler.java:105)
11-05 11:58:27.719  7854  7893 W System.err: 	at android.os.Looper.loop(Looper.java:216)
11-05 11:58:27.719  7854  7893 W System.err: 	at android.os.HandlerThread.run(HandlerThread.java:65)
11-05 11:58:27.741  7854  7893 W System.err: java.net.SocketException: Message too long
11-05 11:58:27.742  7854  7893 W System.err: 	at sun.nio.ch.DatagramChannelImpl.send0(Native Method)
11-05 11:58:27.742  7854  7893 W System.err: 	at sun.nio.ch.DatagramChannelImpl.sendFromNativeBuffer(DatagramChannelImpl.java:573)
11-05 11:58:27.742  7854  7893 W System.err: 	at sun.nio.ch.DatagramChannelImpl.send(DatagramChannelImpl.java:550)
11-05 11:58:27.742  7854  7893 W System.err: 	at sun.nio.ch.DatagramChannelImpl.send(DatagramChannelImpl.java:514)
11-05 11:58:27.742  7854  7893 W System.err: 	at symlab.CloudAR.network.TransmissionTask.run(TransmissionTask.java:124)
11-05 11:58:27.742  7854  7893 W System.err: 	at android.os.Handler.handleCallback(Handler.java:907)
