--------- beginning of main
11-05 12:25:09.499  5044  5044 D ZrHung.AppEyeUiProbe: notify runnable to start.
11-05 12:25:09.500  5044  5102 D ZrHung.AppEyeUiProbe: Runnable thread started.
11-05 12:25:09.500  5044  5102 D IMonitor: Load library imonitor_jni
11-05 12:25:09.507  5044  5074 I AwareBitmapCacher: init processName:symlab.cloudridar.arhud pid=5044 uid=10149
11-05 12:25:09.511  5098  5098 W logcat  : type=1400 audit(0.0:427): avc: granted { create } for name="logcat_1572949509491.txt" scontext=u:r:untrusted_app:s0:c149,c256,c512,c768 tcontext=u:object_r:sdcardfs:s0:c149,c256,c512,c768 tclass=file
11-05 12:25:09.511  5044  5044 I MultiDex: Installing application
11-05 12:25:09.511  5044  5044 I MultiDex: VM has multidex support, MultiDex support library is disabled.
11-05 12:25:09.515  5044  5103 E AwareLog: AtomicFileUtils: readFileLines file not exist: android.util.AtomicFile@9038c3b
11-05 12:25:09.517  5044  5103 E AwareLog: AtomicFileUtils: readFileLines file not exist: android.util.AtomicFile@bdedf58
--------- beginning of system
11-05 12:25:09.517  5044  5044 V ActivityThread: callActivityOnCreate
11-05 12:25:09.517  5044  5044 I Poster  :  onCreate() called.
11-05 12:25:09.519  5044  5102 E         : [ZeroHung]zrhung_get_config: Get config failed for wp[0x0102]
11-05 12:25:09.519  5044  5102 W ZrHung.AppEyeUiProbe: Failed to get config from zrhung
11-05 12:25:09.521  5044  5044 I HwApsImpl: APS: new HwApsImpl created
11-05 12:25:09.527  5044  5044 V HwWidgetFactory: : successes to get AllImpl object and return....
11-05 12:25:09.536  5044  5044 D OpenGLRenderer: Skia GL Pipeline
11-05 12:25:09.570  5044  5044 D Poster  : Server bound to IP 193.166.28.132 and port 52727
11-05 12:25:09.575  5044  5162 D Evaluation: metadata 0 sent 
11-05 12:25:09.578  5044  5044 D ActivityThread: add activity client record, r= ActivityRecord{1a947b3 token=android.os.BinderProxy@3c9a86c {symlab.cloudridar.arhud/symlab.ARHUD.MainActivity}} token= android.os.BinderProxy@3c9a86c
11-05 12:25:09.581  5044  5044 I Poster  :  onStart() called.
11-05 12:25:09.581  5044  5044 D ZrHung.AppEyeUiProbe: notify runnable to start.
11-05 12:25:09.583  5044  5044 I Poster  :  onResume() called.
11-05 12:25:09.589  5044  5044 I PermissionManager: camera remind result:true
11-05 12:25:09.589  5044  5044 I Camera  : open camera: 0, package name: symlab.cloudridar.arhud
11-05 12:25:09.589  5044  5044 I BackgroundPermManager: pkgName: symlab.cloudridar.arhud,pid: 5044 ,uidOf3RdApk: 10149 ,permType: 0 ,permCfg: 1
11-05 12:25:09.592  5044  5044 I HwCameraUtil: notifySurfaceFlingerCameraStatus : isFront = false , isOpend = true
11-05 12:25:09.613  5044  5044 D ActivityThread: isOptEnabled=false isWechatScanOpt=false
11-05 12:25:09.615  5044  5044 I HwSecImmHelper: mSecurityInputMethodService is null
11-05 12:25:09.621  5044  5044 D OpenGLRenderer:   HWUI Binary is  enabled
11-05 12:25:09.649  5044  5212 D HiTouch_PressGestureDetector: onAttached, package=symlab.cloudridar.arhud, windowType=1, mHiTouchRestricted=false
11-05 12:25:09.664  5044  5200 I ConfigStore: android::hardware::configstore::V1_0::ISurfaceFlingerConfigs::hasWideColorDisplay retrieved: 0
11-05 12:25:09.664  5044  5200 I ConfigStore: android::hardware::configstore::V1_0::ISurfaceFlingerConfigs::hasHDRDisplay retrieved: 0
11-05 12:25:09.664  5044  5200 I iGraphics: [0020080c] pn: symlab.cloudridar.arhud, p: 5044
11-05 12:25:09.665  5044  5200 I OpenGLRenderer: Initialized EGL, version 1.4, mEglDisplay 0x1
11-05 12:25:09.665  5044  5200 D OpenGLRenderer: Swap behavior 2
11-05 12:25:09.683  5044  5200 D mali_winsys: EGLint new_window_surface(egl_winsys_display *, void *, EGLSurface, EGLConfig, egl_winsys_surface **, EGLBoolean) returns 0x3000
11-05 12:25:09.690  5044  5044 I Poster  :  surfaceCreated() called.
11-05 12:25:09.690  5044  5044 I Poster  : initPreview() called
11-05 12:25:09.695  5044  5044 I PermissionManager: camera remind result:true
11-05 12:25:09.724  5044  5044 I Poster  :  surfaceChanged() called.
11-05 12:25:09.741  5044  5044 W InputMethodManager: startInputReason = 1
11-05 12:25:09.764  5044  5044 W InputMethodManager: startInputReason = 5
11-05 12:25:10.070  5044  5162 D Evaluation: metadata 1 sent 
11-05 12:25:10.103  5044  5162 D Evaluation: metadata 2 sent 
11-05 12:25:10.151  5044  5162 D Evaluation: metadata 3 sent 
11-05 12:25:10.178  5044  5162 D Evaluation: metadata 4 sent 
11-05 12:25:10.207  5044  5162 D Evaluation: metadata 5 sent 
11-05 12:25:10.270  5044  5162 D Evaluation: Frame 6 sent at 1572949510270
11-05 12:25:10.284  5044  5162 D Evaluation: Frame 7 sent at 1572949510284
11-05 12:25:10.317  5044  5162 D Evaluation: Frame 8 sent at 1572949510317
11-05 12:25:10.357  5044  5162 D Evaluation: Frame 9 sent at 1572949510357
11-05 12:25:10.392  5044  5162 D Evaluation: Frame 10 sent at 1572949510392
11-05 12:25:10.434  5044  5162 D Evaluation: Frame 11 sent at 1572949510434
11-05 12:25:10.467  5044  5162 D Evaluation: Frame 12 sent at 1572949510467
11-05 12:25:10.503  5044  5162 D Evaluation: Frame 13 sent at 1572949510503
11-05 12:25:10.509  5044  5162 D Evaluation: 0 res for frame 6 received at 1572949510509
11-05 12:25:10.538  5044  5162 D Evaluation: Frame 14 sent at 1572949510538
11-05 12:25:10.583  5044  5162 D Evaluation: Frame 16 sent at 1572949510583
11-05 12:25:10.584  5044  5162 D Evaluation: 0 res for frame 7 received at 1572949510584
11-05 12:25:10.600  5044  5162 D Evaluation: Frame 16 sent at 1572949510600
11-05 12:25:10.631  5044  5162 D Evaluation: Frame 17 sent at 1572949510631
11-05 12:25:10.658  5044  5162 D Evaluation: Frame 18 sent at 1572949510658
11-05 12:25:10.690  5044  5162 D Evaluation: Frame 19 sent at 1572949510690
11-05 12:25:10.695  5044  5162 D Evaluation: 0 res for frame 8 received at 1572949510695
11-05 12:25:10.727  5044  5162 D Evaluation: Frame 20 sent at 1572949510727
11-05 12:25:10.768  5044  5162 D Evaluation: Frame 21 sent at 1572949510768
11-05 12:25:10.795  5044  5162 D Evaluation: Frame 22 sent at 1572949510794
11-05 12:25:10.796  5044  5162 D Evaluation: 0 res for frame 9 received at 1572949510796
11-05 12:25:10.835  5044  5162 D Evaluation: Frame 23 sent at 1572949510835
11-05 12:25:10.863  5044  5162 D Evaluation: Frame 24 sent at 1572949510863
11-05 12:25:10.907  5044  5162 D Evaluation: Frame 25 sent at 1572949510907
11-05 12:25:10.908  5044  5162 D Evaluation: 0 res for frame 10 received at 1572949510908
11-05 12:25:10.940  5044  5162 D Evaluation: Frame 26 sent at 1572949510940
11-05 12:25:10.964  5044  5162 D Evaluation: Frame 27 sent at 1572949510964
11-05 12:25:10.999  5044  5162 D Evaluation: Frame 28 sent at 1572949510999
11-05 12:25:11.029  5044  5162 D Evaluation: Frame 29 sent at 1572949511029
11-05 12:25:11.063  5044  5162 D Evaluation: Frame 30 sent at 1572949511063
11-05 12:25:11.100  5044  5162 D Evaluation: Frame 31 sent at 1572949511100
11-05 12:25:11.127  5044  5162 D Evaluation: Frame 32 sent at 1572949511127
11-05 12:25:11.162  5044  5162 D Evaluation: Frame 33 sent at 1572949511162
11-05 12:25:11.196  5044  5068 E         : [ZeroHung]zrhung_get_config: Get config failed for wp[0x0008]
11-05 12:25:11.199  5044  5162 D Evaluation: Frame 34 sent at 1572949511199
11-05 12:25:11.230  5044  5162 D Evaluation: Frame 35 sent at 1572949511230
11-05 12:25:11.233  5044  5066 W System  : A resource failed to call close. 
11-05 12:25:11.233  5044  5066 I chatty  : uid=10149(symlab.cloudridar.arhud) FinalizerDaemon identical 6 lines
11-05 12:25:11.233  5044  5066 W System  : A resource failed to call close. 
11-05 12:25:11.233  5044  5066 W System  : A resource failed to call close. 
11-05 12:25:11.233  5044  5066 W System  : A resource failed to call close. 
11-05 12:25:11.264  5044  5162 D Evaluation: Frame 36 sent at 1572949511264
11-05 12:25:11.298  5044  5162 D Evaluation: Frame 37 sent at 1572949511298
11-05 12:25:11.348  5044  5162 D Evaluation: Frame 39 sent at 1572949511348
11-05 12:25:11.362  5044  5162 D Evaluation: Frame 39 sent at 1572949511362
11-05 12:25:11.402  5044  5162 D Evaluation: Frame 40 sent at 1572949511401
11-05 12:25:11.431  5044  5162 D Evaluation: Frame 41 sent at 1572949511431
11-05 12:25:11.472  5044  5162 D Evaluation: Frame 42 sent at 1572949511472
11-05 12:25:11.510  5044  5162 D Evaluation: Frame 43 sent at 1572949511510
11-05 12:25:11.542  5044  5162 D Evaluation: Frame 44 sent at 1572949511542
11-05 12:25:11.569  5044  5162 D Evaluation: Frame 45 sent at 1572949511569
11-05 12:25:11.604  5044  5162 D Evaluation: Frame 46 sent at 1572949511604
11-05 12:25:11.632  5044  5162 D Evaluation: Frame 47 sent at 1572949511632
11-05 12:25:11.664  5044  5162 D Evaluation: Frame 48 sent at 1572949511664
11-05 12:25:11.723  5044  5162 D Evaluation: Frame 49 sent at 1572949511723
11-05 12:25:11.742  5044  5162 D Evaluation: Frame 50 sent at 1572949511742
11-05 12:25:11.765  5044  5162 D Evaluation: Frame 51 sent at 1572949511765
11-05 12:25:11.805  5044  5162 D Evaluation: Frame 52 sent at 1572949511805
11-05 12:25:11.838  5044  5162 D Evaluation: Frame 53 sent at 1572949511838
11-05 12:25:11.873  5044  5162 D Evaluation: Frame 54 sent at 1572949511873
11-05 12:25:11.904  5044  5162 D Evaluation: Frame 55 sent at 1572949511904
11-05 12:25:11.939  5044  5162 D Evaluation: Frame 56 sent at 1572949511939
11-05 12:25:11.975  5044  5162 D Evaluation: Frame 57 sent at 1572949511975
11-05 12:25:12.005  5044  5162 D Evaluation: Frame 58 sent at 1572949512005
11-05 12:25:12.036  5044  5162 D Evaluation: Frame 59 sent at 1572949512036
11-05 12:25:12.072  5044  5162 D Evaluation: Frame 60 sent at 1572949512072
11-05 12:25:12.104  5044  5162 D Evaluation: Frame 61 sent at 1572949512104
11-05 12:25:12.143  5044  5162 D Evaluation: Frame 62 sent at 1572949512143
11-05 12:25:12.174  5044  5162 D Evaluation: Frame 63 sent at 1572949512174
11-05 12:25:12.214  5044  5162 D Evaluation: Frame 64 sent at 1572949512214
11-05 12:25:12.245  5044  5162 D Evaluation: Frame 65 sent at 1572949512245
11-05 12:25:12.274  5044  5162 D Evaluation: Frame 66 sent at 1572949512274
11-05 12:25:12.308  5044  5162 D Evaluation: Frame 67 sent at 1572949512308
11-05 12:25:12.345  5044  5162 D Evaluation: Frame 68 sent at 1572949512345
11-05 12:25:12.384  5044  5162 D Evaluation: Frame 69 sent at 1572949512384
11-05 12:25:12.414  5044  5162 D Evaluation: Frame 70 sent at 1572949512414
11-05 12:25:12.449  5044  5162 D Evaluation: Frame 71 sent at 1572949512449
11-05 12:25:12.476  5044  5162 D Evaluation: Frame 72 sent at 1572949512475
11-05 12:25:12.517  5044  5068 E         : [ZeroHung]zrhung_get_config: Get config failed for wp[0x0008]
11-05 12:25:12.517  5044  5162 D Evaluation: Frame 73 sent at 1572949512517
11-05 12:25:12.547  5044  5162 D Evaluation: Frame 74 sent at 1572949512547
11-05 12:25:12.579  5044  5162 D Evaluation: Frame 75 sent at 1572949512579
11-05 12:25:12.617  5044  5162 D Evaluation: Frame 76 sent at 1572949512617
11-05 12:25:12.645  5044  5162 D Evaluation: Frame 77 sent at 1572949512645
11-05 12:25:12.680  5044  5162 D Evaluation: Frame 78 sent at 1572949512680
11-05 12:25:12.712  5044  5162 D Evaluation: Frame 79 sent at 1572949512712
11-05 12:25:12.754  5044  5162 D Evaluation: Frame 80 sent at 1572949512754
11-05 12:25:12.789  5044  5162 D Evaluation: Frame 81 sent at 1572949512789
11-05 12:25:12.851  5044  5162 D Evaluation: Frame 82 sent at 1572949512851
11-05 12:25:12.894  5044  5162 D Evaluation: Frame 83 sent at 1572949512894
11-05 12:25:12.915  5044  5162 D Evaluation: Frame 84 sent at 1572949512915
11-05 12:25:12.946  5044  5162 D Evaluation: Frame 85 sent at 1572949512946
11-05 12:25:12.978  5044  5162 D Evaluation: Frame 86 sent at 1572949512978
11-05 12:25:13.021  5044  5162 D Evaluation: Frame 87 sent at 1572949513021
11-05 12:25:13.054  5044  5162 D Evaluation: Frame 88 sent at 1572949513054
11-05 12:25:13.087  5044  5162 D Evaluation: Frame 89 sent at 1572949513087
11-05 12:25:13.125  5044  5162 D Evaluation: Frame 90 sent at 1572949513125
11-05 12:25:13.151  5044  5162 D Evaluation: Frame 91 sent at 1572949513151
11-05 12:25:13.193  5044  5162 D Evaluation: Frame 92 sent at 1572949513193
11-05 12:25:13.224  5044  5162 D Evaluation: Frame 93 sent at 1572949513224
11-05 12:25:13.250  5044  5162 D Evaluation: Frame 94 sent at 1572949513249
11-05 12:25:13.281  5044  5162 D Evaluation: Frame 95 sent at 1572949513281
11-05 12:25:13.326  5044  5162 D Evaluation: Frame 96 sent at 1572949513326
11-05 12:25:13.359  5044  5162 D Evaluation: Frame 97 sent at 1572949513359
11-05 12:25:13.390  5044  5162 D Evaluation: Frame 98 sent at 1572949513390
11-05 12:25:13.418  5044  5162 D Evaluation: Frame 99 sent at 1572949513418
11-05 12:25:13.454  5044  5162 D Evaluation: Frame 100 sent at 1572949513454
11-05 12:25:13.490  5044  5162 D Evaluation: Frame 101 sent at 1572949513490
11-05 12:25:13.528  5044  5162 D Evaluation: Frame 102 sent at 1572949513527
11-05 12:25:13.561  5044  5162 D Evaluation: Frame 103 sent at 1572949513560
11-05 12:25:13.595  5044  5162 D Evaluation: Frame 104 sent at 1572949513595
11-05 12:25:13.629  5044  5162 D Evaluation: Frame 105 sent at 1572949513629
11-05 12:25:13.675  5044  5068 E         : [ZeroHung]zrhung_get_config: Get config failed for wp[0x0008]
11-05 12:25:13.678  5044  5162 D Evaluation: Frame 107 sent at 1572949513678
11-05 12:25:13.698  5044  5162 D Evaluation: Frame 107 sent at 1572949513698
11-05 12:25:13.722  5044  5162 D Evaluation: Frame 108 sent at 1572949513722
11-05 12:25:13.755  5044  5162 D Evaluation: Frame 109 sent at 1572949513755
11-05 12:25:13.786  5044  5162 D Evaluation: Frame 110 sent at 1572949513786
11-05 12:25:13.827  5044  5162 D Evaluation: Frame 111 sent at 1572949513827
11-05 12:25:13.864  5044  5162 D Evaluation: Frame 112 sent at 1572949513864
11-05 12:25:13.929  5044  5162 D Evaluation: Frame 113 sent at 1572949513929
11-05 12:25:13.961  5044  5044 D Poster  : At 1572949513960 location is 65.05694821809365 (latitude), and 25.46841423707676 (longitude)
11-05 12:25:13.961  5044  5162 D Evaluation: Frame 114 sent at 1572949513961
11-05 12:25:13.996  5044  5162 D Evaluation: Frame 115 sent at 1572949513996
11-05 12:25:14.058  5044  5162 D Evaluation: Frame 116 sent at 1572949514058
11-05 12:25:14.096  5044  5162 D Evaluation: Frame 117 sent at 1572949514096
11-05 12:25:14.126  5044  5162 D Evaluation: Frame 118 sent at 1572949514126
11-05 12:25:14.170  5044  5162 D Evaluation: Frame 119 sent at 1572949514170
11-05 12:25:14.197  5044  5162 D Evaluation: Frame 120 sent at 1572949514197
11-05 12:25:14.239  5044  5162 D Evaluation: Frame 121 sent at 1572949514239
11-05 12:25:14.262  5044  5162 D Evaluation: Frame 122 sent at 1572949514261
11-05 12:25:14.330  5044  5162 D Evaluation: Frame 123 sent at 1572949514330
11-05 12:25:14.361  5044  5162 D Evaluation: Frame 124 sent at 1572949514361
11-05 12:25:14.403  5044  5162 D Evaluation: Frame 125 sent at 1572949514403
11-05 12:25:14.434  5044  5162 D Evaluation: Frame 126 sent at 1572949514434
11-05 12:25:14.465  5044  5162 D Evaluation: Frame 127 sent at 1572949514465
11-05 12:25:14.502  5044  5162 D Evaluation: Frame 128 sent at 1572949514502
11-05 12:25:14.509  5044  5044 I AwareBitmapCacher: init lrucache size: 2097152 pid=5044
11-05 12:25:14.539  5044  5162 D Evaluation: Frame 129 sent at 1572949514539
11-05 12:25:14.564  5044  5162 D Evaluation: Frame 130 sent at 1572949514564
11-05 12:25:14.598  5044  5162 D Evaluation: Frame 131 sent at 1572949514598
11-05 12:25:14.634  5044  5162 D Evaluation: Frame 132 sent at 1572949514633
11-05 12:25:14.670  5044  5162 D Evaluation: Frame 133 sent at 1572949514670
11-05 12:25:14.701  5044  5162 D Evaluation: Frame 134 sent at 1572949514701
11-05 12:25:14.736  5044  5162 D Evaluation: Frame 135 sent at 1572949514736
11-05 12:25:14.765  5044  5162 D Evaluation: Frame 136 sent at 1572949514765
11-05 12:25:14.819  5044  5162 D Evaluation: Frame 138 sent at 1572949514819
11-05 12:25:14.843  5044  5162 D Evaluation: Frame 138 sent at 1572949514843
11-05 12:25:14.864  5044  5162 D Evaluation: Frame 139 sent at 1572949514864
11-05 12:25:14.899  5044  5162 D Evaluation: Frame 140 sent at 1572949514899
11-05 12:25:14.930  5044  5068 E         : [ZeroHung]zrhung_get_config: Get config failed for wp[0x0008]
11-05 12:25:14.930  5044  5162 D Evaluation: Frame 141 sent at 1572949514930
11-05 12:25:14.932  5044  5044 D Poster  : At 1572949514932 location is 65.05700122843156 (latitude), and 25.46838444174067 (longitude)
11-05 12:25:14.974  5044  5162 D Evaluation: Frame 142 sent at 1572949514974
11-05 12:25:15.004  5044  5162 D Evaluation: Frame 143 sent at 1572949515004
11-05 12:25:15.047  5044  5162 D Evaluation: Frame 144 sent at 1572949515047
11-05 12:25:15.072  5044  5162 D Evaluation: Frame 145 sent at 1572949515072
11-05 12:25:15.123  5044  5162 D Evaluation: Frame 146 sent at 1572949515122
11-05 12:25:15.148  5044  5162 D Evaluation: Frame 147 sent at 1572949515148
11-05 12:25:15.187  5044  5162 D Evaluation: Frame 148 sent at 1572949515187
11-05 12:25:15.219  5044  5162 D Evaluation: Frame 149 sent at 1572949515219
11-05 12:25:15.251  5044  5162 D Evaluation: Frame 150 sent at 1572949515251
11-05 12:25:15.279  5044  5162 D Evaluation: Frame 151 sent at 1572949515279
11-05 12:25:15.349  5044  5162 W System.err: java.net.SocketException: Message too long
11-05 12:25:15.349  5044  5162 W System.err: 	at sun.nio.ch.DatagramChannelImpl.send0(Native Method)
11-05 12:25:15.349  5044  5162 W System.err: 	at sun.nio.ch.DatagramChannelImpl.sendFromNativeBuffer(DatagramChannelImpl.java:573)
11-05 12:25:15.349  5044  5162 W System.err: 	at sun.nio.ch.DatagramChannelImpl.send(DatagramChannelImpl.java:550)
11-05 12:25:15.349  5044  5162 W System.err: 	at sun.nio.ch.DatagramChannelImpl.send(DatagramChannelImpl.java:514)
11-05 12:25:15.350  5044  5162 W System.err: 	at symlab.CloudAR.network.TransmissionTask.run(TransmissionTask.java:124)
11-05 12:25:15.350  5044  5162 W System.err: 	at android.os.Handler.handleCallback(Handler.java:907)
11-05 12:25:15.350  5044  5162 W System.err: 	at android.os.Handler.dispatchMessage(Handler.java:105)
11-05 12:25:15.350  5044  5162 W System.err: 	at android.os.Looper.loop(Looper.java:216)
11-05 12:25:15.350  5044  5162 W System.err: 	at android.os.HandlerThread.run(HandlerThread.java:65)
11-05 12:25:15.384  5044  5162 D Evaluation: Frame 153 sent at 1572949515384
11-05 12:25:15.421  5044  5162 W System.err: java.net.SocketException: Message too long
11-05 12:25:15.421  5044  5162 W System.err: 	at sun.nio.ch.DatagramChannelImpl.send0(Native Method)
11-05 12:25:15.421  5044  5162 W System.err: 	at sun.nio.ch.DatagramChannelImpl.sendFromNativeBuffer(DatagramChannelImpl.java:573)
11-05 12:25:15.421  5044  5162 W System.err: 	at sun.nio.ch.DatagramChannelImpl.send(DatagramChannelImpl.java:550)
11-05 12:25:15.421  5044  5162 W System.err: 	at sun.nio.ch.DatagramChannelImpl.send(DatagramChannelImpl.java:514)
11-05 12:25:15.421  5044  5162 W System.err: 	at symlab.CloudAR.network.TransmissionTask.run(TransmissionTask.java:124)
11-05 12:25:15.421  5044  5162 W System.err: 	at android.os.Handler.handleCallback(Handler.java:907)
11-05 12:25:15.421  5044  5162 W System.err: 	at android.os.Handler.dispatchMessage(Handler.java:105)
11-05 12:25:15.421  5044  5162 W System.err: 	at android.os.Looper.loop(Looper.java:216)
11-05 12:25:15.421  5044  5162 W System.err: 	at android.os.HandlerThread.run(HandlerThread.java:65)
11-05 12:25:15.441  5044  5162 W System.err: java.net.SocketException: Message too long
11-05 12:25:15.441  5044  5162 W System.err: 	at sun.nio.ch.DatagramChannelImpl.send0(Native Method)
11-05 12:25:15.441  5044  5162 W System.err: 	at sun.nio.ch.DatagramChannelImpl.sendFromNativeBuffer(DatagramChannelImpl.java:573)
11-05 12:25:15.441  5044  5162 W System.err: 	at sun.nio.ch.DatagramChannelImpl.send(DatagramChannelImpl.java:550)
11-05 12:25:15.441  5044  5162 W System.err: 	at sun.nio.ch.DatagramChannelImpl.send(DatagramChannelImpl.java:514)
11-05 12:25:15.441  5044  5162 W System.err: 	at symlab.CloudAR.network.TransmissionTask.run(TransmissionTask.java:124)
11-05 12:25:15.441  5044  5162 W System.err: 	at android.os.Handler.handleCallback(Handler.java:907)
11-05 12:25:15.441  5044  5162 W System.err: 	at android.os.Handler.dispatchMessage(Handler.java:105)
11-05 12:25:15.441  5044  5162 W System.err: 	at android.os.Looper.loop(Looper.java:216)
11-05 12:25:15.441  5044  5162 W System.err: 	at android.os.HandlerThread.run(HandlerThread.java:65)
11-05 12:25:15.473  5044  5162 D Evaluation: Frame 156 sent at 1572949515473
11-05 12:25:15.508  5044  5162 D Evaluation: Frame 157 sent at 1572949515508
11-05 12:25:15.557  5044  5162 D Evaluation: Frame 158 sent at 1572949515557
11-05 12:25:15.575  5044  5162 D Evaluation: Frame 159 sent at 1572949515575
11-05 12:25:15.604  5044  5162 D Evaluation: Frame 160 sent at 1572949515604
11-05 12:25:15.640  5044  5162 D Evaluation: Frame 161 sent at 1572949515640
11-05 12:25:15.715  5044  5162 D Evaluation: Frame 162 sent at 1572949515715
11-05 12:25:15.751  5044  5162 W System.err: java.net.SocketException: Message too long
11-05 12:25:15.751  5044  5162 W System.err: 	at sun.nio.ch.DatagramChannelImpl.send0(Native Method)
11-05 12:25:15.751  5044  5162 W System.err: 	at sun.nio.ch.DatagramChannelImpl.sendFromNativeBuffer(DatagramChannelImpl.java:573)
11-05 12:25:15.751  5044  5162 W System.err: 	at sun.nio.ch.DatagramChannelImpl.send(DatagramChannelImpl.java:550)
11-05 12:25:15.751  5044  5162 W System.err: 	at sun.nio.ch.DatagramChannelImpl.send(DatagramChannelImpl.java:514)
11-05 12:25:15.751  5044  5162 W System.err: 	at symlab.CloudAR.network.TransmissionTask.run(TransmissionTask.java:124)
11-05 12:25:15.751  5044  5162 W System.err: 	at android.os.Handler.handleCallback(Handler.java:907)
11-05 12:25:15.751  5044  5162 W System.err: 	at android.os.Handler.dispatchMessage(Handler.java:105)
11-05 12:25:15.751  5044  5162 W System.err: 	at android.os.Looper.loop(Looper.java:216)
11-05 12:25:15.751  5044  5162 W System.err: 	at android.os.HandlerThread.run(HandlerThread.java:65)
11-05 12:25:15.776  5044  5162 W System.err: java.net.SocketException: Message too long
11-05 12:25:15.776  5044  5162 W System.err: 	at sun.nio.ch.DatagramChannelImpl.send0(Native Method)
11-05 12:25:15.776  5044  5162 W System.err: 	at sun.nio.ch.DatagramChannelImpl.sendFromNativeBuffer(DatagramChannelImpl.java:573)
11-05 12:25:15.776  5044  5162 W System.err: 	at sun.nio.ch.DatagramChannelImpl.send(DatagramChannelImpl.java:550)
11-05 12:25:15.776  5044  5162 W System.err: 	at sun.nio.ch.DatagramChannelImpl.send(DatagramChannelImpl.java:514)
11-05 12:25:15.777  5044  5162 W System.err: 	at symlab.CloudAR.network.TransmissionTask.run(TransmissionTask.java:124)
11-05 12:25:15.777  5044  5162 W System.err: 	at android.os.Handler.handleCallback(Handler.java:907)
11-05 12:25:15.777  5044  5162 W System.err: 	at android.os.Handler.dispatchMessage(Handler.java:105)
11-05 12:25:15.777  5044  5162 W System.err: 	at android.os.Looper.loop(Looper.java:216)
11-05 12:25:15.777  5044  5162 W System.err: 	at android.os.HandlerThread.run(HandlerThread.java:65)
11-05 12:25:15.802  5044  5162 D Evaluation: Frame 165 sent at 1572949515802
11-05 12:25:15.877  5044  5162 D Evaluation: Frame 166 sent at 1572949515877
11-05 12:25:15.922  5044  5162 D Evaluation: Frame 167 sent at 1572949515922
11-05 12:25:15.950  5044  5162 D Evaluation: Frame 168 sent at 1572949515950
11-05 12:25:15.950  5044  5044 D Poster  : At 1572949515950 location is 65.05704401225152 (latitude), and 25.46840895704927 (longitude)
11-05 12:25:15.989  5044  5162 W System.err: java.net.SocketException: Message too long
11-05 12:25:15.989  5044  5162 W System.err: 	at sun.nio.ch.DatagramChannelImpl.send0(Native Method)
11-05 12:25:15.989  5044  5162 W System.err: 	at sun.nio.ch.DatagramChannelImpl.sendFromNativeBuffer(DatagramChannelImpl.java:573)
11-05 12:25:15.989  5044  5162 W System.err: 	at sun.nio.ch.DatagramChannelImpl.send(DatagramChannelImpl.java:550)
11-05 12:25:15.989  5044  5162 W System.err: 	at sun.nio.ch.DatagramChannelImpl.send(DatagramChannelImpl.java:514)
11-05 12:25:15.989  5044  5162 W System.err: 	at symlab.CloudAR.network.TransmissionTask.run(TransmissionTask.java:124)
11-05 12:25:15.989  5044  5162 W System.err: 	at android.os.Handler.handleCallback(Handler.java:907)
11-05 12:25:15.989  5044  5162 W System.err: 	at android.os.Handler.dispatchMessage(Handler.java:105)
11-05 12:25:15.989  5044  5162 W System.err: 	at android.os.Looper.loop(Looper.java:216)
11-05 12:25:15.989  5044  5162 W System.err: 	at android.os.HandlerThread.run(HandlerThread.java:65)
11-05 12:25:16.006  5044  5068 E         : [ZeroHung]zrhung_get_config: Get config failed for wp[0x0008]
11-05 12:25:16.009  5044  5162 D Evaluation: Frame 170 sent at 1572949516008
11-05 12:25:16.077  5044  5162 W System.err: java.net.SocketException: Message too long
11-05 12:25:16.077  5044  5162 W System.err: 	at sun.nio.ch.DatagramChannelImpl.send0(Native Method)
11-05 12:25:16.077  5044  5162 W System.err: 	at sun.nio.ch.DatagramChannelImpl.sendFromNativeBuffer(DatagramChannelImpl.java:573)
11-05 12:25:16.078  5044  5162 W System.err: 	at sun.nio.ch.DatagramChannelImpl.send(DatagramChannelImpl.java:550)
11-05 12:25:16.078  5044  5162 W System.err: 	at sun.nio.ch.DatagramChannelImpl.send(DatagramChannelImpl.java:514)
11-05 12:25:16.078  5044  5162 W System.err: 	at symlab.CloudAR.network.TransmissionTask.run(TransmissionTask.java:124)
11-05 12:25:16.078  5044  5162 W System.err: 	at android.os.Handler.handleCallback(Handler.java:907)
11-05 12:25:16.078  5044  5162 W System.err: 	at android.os.Handler.dispatchMessage(Handler.java:105)
11-05 12:25:16.078  5044  5162 W System.err: 	at android.os.Looper.loop(Looper.java:216)
11-05 12:25:16.078  5044  5162 W System.err: 	at android.os.HandlerThread.run(HandlerThread.java:65)
11-05 12:25:16.099  5044  5162 D Evaluation: Frame 173 sent at 1572949516099
11-05 12:25:16.114  5044  5162 D Evaluation: Frame 173 sent at 1572949516114
11-05 12:25:16.138  5044  5162 W System.err: java.net.SocketException: Message too long
11-05 12:25:16.138  5044  5162 W System.err: 	at sun.nio.ch.DatagramChannelImpl.send0(Native Method)
11-05 12:25:16.138  5044  5162 W System.err: 	at sun.nio.ch.DatagramChannelImpl.sendFromNativeBuffer(DatagramChannelImpl.java:573)
11-05 12:25:16.138  5044  5162 W System.err: 	at sun.nio.ch.DatagramChannelImpl.send(DatagramChannelImpl.java:550)
11-05 12:25:16.138  5044  5162 W System.err: 	at sun.nio.ch.DatagramChannelImpl.send(DatagramChannelImpl.java:514)
11-05 12:25:16.138  5044  5162 W System.err: 	at symlab.CloudAR.network.TransmissionTask.run(TransmissionTask.java:124)
11-05 12:25:16.138  5044  5162 W System.err: 	at android.os.Handler.handleCallback(Handler.java:907)
11-05 12:25:16.138  5044  5162 W System.err: 	at android.os.Handler.dispatchMessage(Handler.java:105)
11-05 12:25:16.138  5044  5162 W System.err: 	at android.os.Looper.loop(Looper.java:216)
11-05 12:25:16.138  5044  5162 W System.err: 	at android.os.HandlerThread.run(HandlerThread.java:65)
11-05 12:25:16.190  5044  5162 W System.err: java.net.SocketException: Message too long
11-05 12:25:16.190  5044  5162 W System.err: 	at sun.nio.ch.DatagramChannelImpl.send0(Native Method)
11-05 12:25:16.190  5044  5162 W System.err: 	at sun.nio.ch.DatagramChannelImpl.sendFromNativeBuffer(DatagramChannelImpl.java:573)
11-05 12:25:16.190  5044  5162 W System.err: 	at sun.nio.ch.DatagramChannelImpl.send(DatagramChannelImpl.java:550)
11-05 12:25:16.190  5044  5162 W System.err: 	at sun.nio.ch.DatagramChannelImpl.send(DatagramChannelImpl.java:514)
11-05 12:25:16.190  5044  5162 W System.err: 	at symlab.CloudAR.network.TransmissionTask.run(TransmissionTask.java:124)
11-05 12:25:16.190  5044  5162 W System.err: 	at android.os.Handler.handleCallback(Handler.java:907)
11-05 12:25:16.190  5044  5162 W System.err: 	at android.os.Handler.dispatchMessage(Handler.java:105)
11-05 12:25:16.190  5044  5162 W System.err: 	at android.os.Looper.loop(Looper.java:216)
11-05 12:25:16.190  5044  5162 W System.err: 	at android.os.HandlerThread.run(HandlerThread.java:65)
11-05 12:25:16.209  5044  5162 W System.err: java.net.SocketException: Message too long
11-05 12:25:16.209  5044  5162 W System.err: 	at sun.nio.ch.DatagramChannelImpl.send0(Native Method)
11-05 12:25:16.209  5044  5162 W System.err: 	at sun.nio.ch.DatagramChannelImpl.sendFromNativeBuffer(DatagramChannelImpl.java:573)
11-05 12:25:16.209  5044  5162 W System.err: 	at sun.nio.ch.DatagramChannelImpl.send(DatagramChannelImpl.java:550)
11-05 12:25:16.209  5044  5162 W System.err: 	at sun.nio.ch.DatagramChannelImpl.send(DatagramChannelImpl.java:514)
11-05 12:25:16.209  5044  5162 W System.err: 	at symlab.CloudAR.network.TransmissionTask.run(TransmissionTask.java:124)
11-05 12:25:16.209  5044  5162 W System.err: 	at android.os.Handler.handleCallback(Handler.java:907)
11-05 12:25:16.209  5044  5162 W System.err: 	at android.os.Handler.dispatchMessage(Handler.java:105)
11-05 12:25:16.209  5044  5162 W System.err: 	at android.os.Looper.loop(Looper.java:216)
11-05 12:25:16.209  5044  5162 W System.err: 	at android.os.HandlerThread.run(HandlerThread.java:65)
11-05 12:25:16.235  5044  5162 W System.err: java.net.SocketException: Message too long
11-05 12:25:16.235  5044  5162 W System.err: 	at sun.nio.ch.DatagramChannelImpl.send0(Native Method)
11-05 12:25:16.235  5044  5162 W System.err: 	at sun.nio.ch.DatagramChannelImpl.sendFromNativeBuffer(DatagramChannelImpl.java:573)
11-05 12:25:16.235  5044  5162 W System.err: 	at sun.nio.ch.DatagramChannelImpl.send(DatagramChannelImpl.java:550)
11-05 12:25:16.235  5044  5162 W System.err: 	at sun.nio.ch.DatagramChannelImpl.send(DatagramChannelImpl.java:514)
11-05 12:25:16.235  5044  5162 W System.err: 	at symlab.CloudAR.network.TransmissionTask.run(TransmissionTask.java:124)
11-05 12:25:16.235  5044  5162 W System.err: 	at android.os.Handler.handleCallback(Handler.java:907)
11-05 12:25:16.235  5044  5162 W System.err: 	at android.os.Handler.dispatchMessage(Handler.java:105)
11-05 12:25:16.235  5044  5162 W System.err: 	at android.os.Looper.loop(Looper.java:216)
11-05 12:25:16.235  5044  5162 W System.err: 	at android.os.HandlerThread.run(HandlerThread.java:65)
11-05 12:25:16.267  5044  5162 W System.err: java.net.SocketException: Message too long
11-05 12:25:16.267  5044  5162 W System.err: 	at sun.nio.ch.DatagramChannelImpl.send0(Native Method)
11-05 12:25:16.267  5044  5162 W System.err: 	at sun.nio.ch.DatagramChannelImpl.sendFromNativeBuffer(DatagramChannelImpl.java:573)
11-05 12:25:16.267  5044  5162 W System.err: 	at sun.nio.ch.DatagramChannelImpl.send(DatagramChannelImpl.java:550)
11-05 12:25:16.267  5044  5162 W System.err: 	at sun.nio.ch.DatagramChannelImpl.send(DatagramChannelImpl.java:514)
11-05 12:25:16.267  5044  5162 W System.err: 	at symlab.CloudAR.network.TransmissionTask.run(TransmissionTask.java:124)
11-05 12:25:16.267  5044  5162 W System.err: 	at android.os.Handler.handleCallback(Handler.java:907)
11-05 12:25:16.267  5044  5162 W System.err: 	at android.os.Handler.dispatchMessage(Handler.java:105)
11-05 12:25:16.267  5044  5162 W System.err: 	at android.os.Looper.loop(Looper.java:216)
11-05 12:25:16.267  5044  5162 W System.err: 	at android.os.HandlerThread.run(HandlerThread.java:65)
11-05 12:25:16.306  5044  5162 W System.err: java.net.SocketException: Message too long
11-05 12:25:16.306  5044  5162 W System.err: 	at sun.nio.ch.DatagramChannelImpl.send0(Native Method)
11-05 12:25:16.306  5044  5162 W System.err: 	at sun.nio.ch.DatagramChannelImpl.sendFromNativeBuffer(DatagramChannelImpl.java:573)
11-05 12:25:16.306  5044  5162 W System.err: 	at sun.nio.ch.DatagramChannelImpl.send(DatagramChannelImpl.java:550)
11-05 12:25:16.307  5044  5162 W System.err: 	at sun.nio.ch.DatagramChannelImpl.send(DatagramChannelImpl.java:514)
11-05 12:25:16.307  5044  5162 W System.err: 	at symlab.CloudAR.network.TransmissionTask.run(TransmissionTask.java:124)
11-05 12:25:16.307  5044  5162 W System.err: 	at android.os.Handler.handleCallback(Handler.java:907)
11-05 12:25:16.307  5044  5162 W System.err: 	at android.os.Handler.dispatchMessage(Handler.java:105)
11-05 12:25:16.307  5044  5162 W System.err: 	at android.os.Looper.loop(Looper.java:216)
11-05 12:25:16.307  5044  5162 W System.err: 	at android.os.HandlerThread.run(HandlerThread.java:65)
11-05 12:25:16.343  5044  5162 W System.err: java.net.SocketException: Message too long
11-05 12:25:16.343  5044  5162 W System.err: 	at sun.nio.ch.DatagramChannelImpl.send0(Native Method)
11-05 12:25:16.343  5044  5162 W System.err: 	at sun.nio.ch.DatagramChannelImpl.sendFromNativeBuffer(DatagramChannelImpl.java:573)
11-05 12:25:16.343  5044  5162 W System.err: 	at sun.nio.ch.DatagramChannelImpl.send(DatagramChannelImpl.java:550)
11-05 12:25:16.343  5044  5162 W System.err: 	at sun.nio.ch.DatagramChannelImpl.send(DatagramChannelImpl.java:514)
11-05 12:25:16.343  5044  5162 W System.err: 	at symlab.CloudAR.network.TransmissionTask.run(TransmissionTask.java:124)
11-05 12:25:16.343  5044  5162 W System.err: 	at android.os.Handler.handleCallback(Handler.java:907)
11-05 12:25:16.343  5044  5162 W System.err: 	at android.os.Handler.dispatchMessage(Handler.java:105)
11-05 12:25:16.343  5044  5162 W System.err: 	at android.os.Looper.loop(Looper.java:216)
11-05 12:25:16.343  5044  5162 W System.err: 	at android.os.HandlerThread.run(HandlerThread.java:65)
11-05 12:25:16.379  5044  5162 W System.err: java.net.SocketException: Message too long
11-05 12:25:16.379  5044  5162 W System.err: 	at sun.nio.ch.DatagramChannelImpl.send0(Native Method)
11-05 12:25:16.379  5044  5162 W System.err: 	at sun.nio.ch.DatagramChannelImpl.sendFromNativeBuffer(DatagramChannelImpl.java:573)
11-05 12:25:16.379  5044  5162 W System.err: 	at sun.nio.ch.DatagramChannelImpl.send(DatagramChannelImpl.java:550)
11-05 12:25:16.379  5044  5162 W System.err: 	at sun.nio.ch.DatagramChannelImpl.send(DatagramChannelImpl.java:514)
11-05 12:25:16.379  5044  5162 W System.err: 	at symlab.CloudAR.network.TransmissionTask.run(TransmissionTask.java:124)
11-05 12:25:16.379  5044  5162 W System.err: 	at android.os.Handler.handleCallback(Handler.java:907)
11-05 12:25:16.379  5044  5162 W System.err: 	at android.os.Handler.dispatchMessage(Handler.java:105)
11-05 12:25:16.379  5044  5162 W System.err: 	at android.os.Looper.loop(Looper.java:216)
11-05 12:25:16.379  5044  5162 W System.err: 	at android.os.HandlerThread.run(HandlerThread.java:65)
11-05 12:25:16.408  5044  5162 W System.err: java.net.SocketException: Message too long
11-05 12:25:16.408  5044  5162 W System.err: 	at sun.nio.ch.DatagramChannelImpl.send0(Native Method)
11-05 12:25:16.408  5044  5162 W System.err: 	at sun.nio.ch.DatagramChannelImpl.sendFromNativeBuffer(DatagramChannelImpl.java:573)
11-05 12:25:16.408  5044  5162 W System.err: 	at sun.nio.ch.DatagramChannelImpl.send(DatagramChannelImpl.java:550)
11-05 12:25:16.408  5044  5162 W System.err: 	at sun.nio.ch.DatagramChannelImpl.send(DatagramChannelImpl.java:514)
11-05 12:25:16.408  5044  5162 W System.err: 	at symlab.CloudAR.network.TransmissionTask.run(TransmissionTask.java:124)
11-05 12:25:16.408  5044  5162 W System.err: 	at android.os.Handler.handleCallback(Handler.java:907)
11-05 12:25:16.409  5044  5162 W System.err: 	at android.os.Handler.dispatchMessage(Handler.java:105)
11-05 12:25:16.409  5044  5162 W System.err: 	at android.os.Looper.loop(Looper.java:216)
11-05 12:25:16.409  5044  5162 W System.err: 	at android.os.HandlerThread.run(HandlerThread.java:65)
11-05 12:25:16.452  5044  5162 W System.err: java.net.SocketException: Message too long
11-05 12:25:16.452  5044  5162 W System.err: 	at sun.nio.ch.DatagramChannelImpl.send0(Native Method)
11-05 12:25:16.452  5044  5162 W System.err: 	at sun.nio.ch.DatagramChannelImpl.sendFromNativeBuffer(DatagramChannelImpl.java:573)
11-05 12:25:16.452  5044  5162 W System.err: 	at sun.nio.ch.DatagramChannelImpl.send(DatagramChannelImpl.java:550)
11-05 12:25:16.452  5044  5162 W System.err: 	at sun.nio.ch.DatagramChannelImpl.send(DatagramChannelImpl.java:514)
11-05 12:25:16.452  5044  5162 W System.err: 	at symlab.CloudAR.network.TransmissionTask.run(TransmissionTask.java:124)
11-05 12:25:16.452  5044  5162 W System.err: 	at android.os.Handler.handleCallback(Handler.java:907)
11-05 12:25:16.452  5044  5162 W System.err: 	at android.os.Handler.dispatchMessage(Handler.java:105)
11-05 12:25:16.452  5044  5162 W System.err: 	at android.os.Looper.loop(Looper.java:216)
11-05 12:25:16.452  5044  5162 W System.err: 	at android.os.HandlerThread.run(HandlerThread.java:65)
11-05 12:25:16.477  5044  5162 W System.err: java.net.SocketException: Message too long
11-05 12:25:16.477  5044  5162 W System.err: 	at sun.nio.ch.DatagramChannelImpl.send0(Native Method)
11-05 12:25:16.477  5044  5162 W System.err: 	at sun.nio.ch.DatagramChannelImpl.sendFromNativeBuffer(DatagramChannelImpl.java:573)
11-05 12:25:16.477  5044  5162 W System.err: 	at sun.nio.ch.DatagramChannelImpl.send(DatagramChannelImpl.java:550)
11-05 12:25:16.477  5044  5162 W System.err: 	at sun.nio.ch.DatagramChannelImpl.send(DatagramChannelImpl.java:514)
11-05 12:25:16.477  5044  5162 W System.err: 	at symlab.CloudAR.network.TransmissionTask.run(TransmissionTask.java:124)
11-05 12:25:16.477  5044  5162 W System.err: 	at android.os.Handler.handleCallback(Handler.java:907)
11-05 12:25:16.477  5044  5162 W System.err: 	at android.os.Handler.dispatchMessage(Handler.java:105)
11-05 12:25:16.477  5044  5162 W System.err: 	at android.os.Looper.loop(Looper.java:216)
11-05 12:25:16.477  5044  5162 W System.err: 	at android.os.HandlerThread.run(HandlerThread.java:65)
11-05 12:25:16.511  5044  5162 D Evaluation: Frame 185 sent at 1572949516511
11-05 12:25:16.547  5044  5162 W System.err: java.net.SocketException: Message too long
11-05 12:25:16.548  5044  5162 W System.err: 	at sun.nio.ch.DatagramChannelImpl.send0(Native Method)
11-05 12:25:16.548  5044  5162 W System.err: 	at sun.nio.ch.DatagramChannelImpl.sendFromNativeBuffer(DatagramChannelImpl.java:573)
11-05 12:25:16.548  5044  5162 W System.err: 	at sun.nio.ch.DatagramChannelImpl.send(DatagramChannelImpl.java:550)
11-05 12:25:16.548  5044  5162 W System.err: 	at sun.nio.ch.DatagramChannelImpl.send(DatagramChannelImpl.java:514)
11-05 12:25:16.548  5044  5162 W System.err: 	at symlab.CloudAR.network.TransmissionTask.run(TransmissionTask.java:124)
11-05 12:25:16.548  5044  5162 W System.err: 	at android.os.Handler.handleCallback(Handler.java:907)
11-05 12:25:16.548  5044  5162 W System.err: 	at android.os.Handler.dispatchMessage(Handler.java:105)
11-05 12:25:16.548  5044  5162 W System.err: 	at android.os.Looper.loop(Looper.java:216)
11-05 12:25:16.548  5044  5162 W System.err: 	at android.os.HandlerThread.run(HandlerThread.java:65)
11-05 12:25:16.583  5044  5162 W System.err: java.net.SocketException: Message too long
11-05 12:25:16.583  5044  5162 W System.err: 	at sun.nio.ch.DatagramChannelImpl.send0(Native Method)
11-05 12:25:16.583  5044  5162 W System.err: 	at sun.nio.ch.DatagramChannelImpl.sendFromNativeBuffer(DatagramChannelImpl.java:573)
11-05 12:25:16.583  5044  5162 W System.err: 	at sun.nio.ch.DatagramChannelImpl.send(DatagramChannelImpl.java:550)
11-05 12:25:16.583  5044  5162 W System.err: 	at sun.nio.ch.DatagramChannelImpl.send(DatagramChannelImpl.java:514)
11-05 12:25:16.583  5044  5162 W System.err: 	at symlab.CloudAR.network.TransmissionTask.run(TransmissionTask.java:124)
11-05 12:25:16.583  5044  5162 W System.err: 	at android.os.Handler.handleCallback(Handler.java:907)
11-05 12:25:16.583  5044  5162 W System.err: 	at android.os.Handler.dispatchMessage(Handler.java:105)
11-05 12:25:16.583  5044  5162 W System.err: 	at android.os.Looper.loop(Looper.java:216)
11-05 12:25:16.583  5044  5162 W System.err: 	at android.os.HandlerThread.run(HandlerThread.java:65)
11-05 12:25:16.656  5044  5162 W System.err: java.net.SocketException: Message too long
11-05 12:25:16.657  5044  5162 W System.err: 	at sun.nio.ch.DatagramChannelImpl.send0(Native Method)
11-05 12:25:16.657  5044  5162 W System.err: 	at sun.nio.ch.DatagramChannelImpl.sendFromNativeBuffer(DatagramChannelImpl.java:573)
11-05 12:25:16.657  5044  5162 W System.err: 	at sun.nio.ch.DatagramChannelImpl.send(DatagramChannelImpl.java:550)
11-05 12:25:16.657  5044  5162 W System.err: 	at sun.nio.ch.DatagramChannelImpl.send(DatagramChannelImpl.java:514)
11-05 12:25:16.657  5044  5162 W System.err: 	at symlab.CloudAR.network.TransmissionTask.run(TransmissionTask.java:124)
11-05 12:25:16.657  5044  5162 W System.err: 	at android.os.Handler.handleCallback(Handler.java:907)
11-05 12:25:16.657  5044  5162 W System.err: 	at android.os.Handler.dispatchMessage(Handler.java:105)
11-05 12:25:16.657  5044  5162 W System.err: 	at android.os.Looper.loop(Looper.java:216)
11-05 12:25:16.657  5044  5162 W System.err: 	at android.os.HandlerThread.run(HandlerThread.java:65)
11-05 12:25:16.681  5044  5162 W System.err: java.net.SocketException: Message too long
11-05 12:25:16.681  5044  5162 W System.err: 	at sun.nio.ch.DatagramChannelImpl.send0(Native Method)
11-05 12:25:16.681  5044  5162 W System.err: 	at sun.nio.ch.DatagramChannelImpl.sendFromNativeBuffer(DatagramChannelImpl.java:573)
11-05 12:25:16.681  5044  5162 W System.err: 	at sun.nio.ch.DatagramChannelImpl.send(DatagramChannelImpl.java:550)
11-05 12:25:16.681  5044  5162 W System.err: 	at sun.nio.ch.DatagramChannelImpl.send(DatagramChannelImpl.java:514)
11-05 12:25:16.681  5044  5162 W System.err: 	at symlab.CloudAR.network.TransmissionTask.run(TransmissionTask.java:124)
11-05 12:25:16.681  5044  5162 W System.err: 	at android.os.Handler.handleCallback(Handler.java:907)
11-05 12:25:16.681  5044  5162 W System.err: 	at android.os.Handler.dispatchMessage(Handler.java:105)
11-05 12:25:16.682  5044  5162 W System.err: 	at android.os.Looper.loop(Looper.java:216)
11-05 12:25:16.682  5044  5162 W System.err: 	at android.os.HandlerThread.run(HandlerThread.java:65)
11-05 12:25:16.710  5044  5162 W System.err: java.net.SocketException: Message too long
11-05 12:25:16.710  5044  5162 W System.err: 	at sun.nio.ch.DatagramChannelImpl.send0(Native Method)
11-05 12:25:16.710  5044  5162 W System.err: 	at sun.nio.ch.DatagramChannelImpl.sendFromNativeBuffer(DatagramChannelImpl.java:573)
11-05 12:25:16.710  5044  5162 W System.err: 	at sun.nio.ch.DatagramChannelImpl.send(DatagramChannelImpl.java:550)
11-05 12:25:16.710  5044  5162 W System.err: 	at sun.nio.ch.DatagramChannelImpl.send(DatagramChannelImpl.java:514)
11-05 12:25:16.710  5044  5162 W System.err: 	at symlab.CloudAR.network.TransmissionTask.run(TransmissionTask.java:124)
11-05 12:25:16.710  5044  5162 W System.err: 	at android.os.Handler.handleCallback(Handler.java:907)
11-05 12:25:16.710  5044  5162 W System.err: 	at android.os.Handler.dispatchMessage(Handler.java:105)
11-05 12:25:16.710  5044  5162 W System.err: 	at android.os.Looper.loop(Looper.java:216)
11-05 12:25:16.710  5044  5162 W System.err: 	at android.os.HandlerThread.run(HandlerThread.java:65)
11-05 12:25:16.741  5044  5162 W System.err: java.net.SocketException: Message too long
11-05 12:25:16.741  5044  5162 W System.err: 	at sun.nio.ch.DatagramChannelImpl.send0(Native Method)
11-05 12:25:16.741  5044  5162 W System.err: 	at sun.nio.ch.DatagramChannelImpl.sendFromNativeBuffer(DatagramChannelImpl.java:573)
11-05 12:25:16.741  5044  5162 W System.err: 	at sun.nio.ch.DatagramChannelImpl.send(DatagramChannelImpl.java:550)
11-05 12:25:16.741  5044  5162 W System.err: 	at sun.nio.ch.DatagramChannelImpl.send(DatagramChannelImpl.java:514)
11-05 12:25:16.741  5044  5162 W System.err: 	at symlab.CloudAR.network.TransmissionTask.run(TransmissionTask.java:124)
11-05 12:25:16.741  5044  5162 W System.err: 	at android.os.Handler.handleCallback(Handler.java:907)
11-05 12:25:16.741  5044  5162 W System.err: 	at android.os.Handler.dispatchMessage(Handler.java:105)
11-05 12:25:16.741  5044  5162 W System.err: 	at android.os.Looper.loop(Looper.java:216)
11-05 12:25:16.741  5044  5162 W System.err: 	at android.os.HandlerThread.run(HandlerThread.java:65)
11-05 12:25:16.780  5044  5162 W System.err: java.net.SocketException: Message too long
11-05 12:25:16.780  5044  5162 W System.err: 	at sun.nio.ch.DatagramChannelImpl.send0(Native Method)
11-05 12:25:16.780  5044  5162 W System.err: 	at sun.nio.ch.DatagramChannelImpl.sendFromNativeBuffer(DatagramChannelImpl.java:573)
11-05 12:25:16.780  5044  5162 W System.err: 	at sun.nio.ch.DatagramChannelImpl.send(DatagramChannelImpl.java:550)
11-05 12:25:16.780  5044  5162 W System.err: 	at sun.nio.ch.DatagramChannelImpl.send(DatagramChannelImpl.java:514)
11-05 12:25:16.780  5044  5162 W System.err: 	at symlab.CloudAR.network.TransmissionTask.run(TransmissionTask.java:124)
11-05 12:25:16.780  5044  5162 W System.err: 	at android.os.Handler.handleCallback(Handler.java:907)
11-05 12:25:16.780  5044  5162 W System.err: 	at android.os.Handler.dispatchMessage(Handler.java:105)
11-05 12:25:16.780  5044  5162 W System.err: 	at android.os.Looper.loop(Looper.java:216)
11-05 12:25:16.780  5044  5162 W System.err: 	at android.os.HandlerThread.run(HandlerThread.java:65)
11-05 12:25:16.814  5044  5162 W System.err: java.net.SocketException: Message too long
11-05 12:25:16.814  5044  5162 W System.err: 	at sun.nio.ch.DatagramChannelImpl.send0(Native Method)
11-05 12:25:16.814  5044  5162 W System.err: 	at sun.nio.ch.DatagramChannelImpl.sendFromNativeBuffer(DatagramChannelImpl.java:573)
11-05 12:25:16.814  5044  5162 W System.err: 	at sun.nio.ch.DatagramChannelImpl.send(DatagramChannelImpl.java:550)
11-05 12:25:16.814  5044  5162 W System.err: 	at sun.nio.ch.DatagramChannelImpl.send(DatagramChannelImpl.java:514)
11-05 12:25:16.814  5044  5162 W System.err: 	at symlab.CloudAR.network.TransmissionTask.run(TransmissionTask.java:124)
11-05 12:25:16.814  5044  5162 W System.err: 	at android.os.Handler.handleCallback(Handler.java:907)
11-05 12:25:16.814  5044  5162 W System.err: 	at android.os.Handler.dispatchMessage(Handler.java:105)
11-05 12:25:16.814  5044  5162 W System.err: 	at android.os.Looper.loop(Looper.java:216)
11-05 12:25:16.815  5044  5162 W System.err: 	at android.os.HandlerThread.run(HandlerThread.java:65)
11-05 12:25:16.842  5044  5162 W System.err: java.net.SocketException: Message too long
11-05 12:25:16.843  5044  5162 W System.err: 	at sun.nio.ch.DatagramChannelImpl.send0(Native Method)
11-05 12:25:16.843  5044  5162 W System.err: 	at sun.nio.ch.DatagramChannelImpl.sendFromNativeBuffer(DatagramChannelImpl.java:573)
11-05 12:25:16.843  5044  5162 W System.err: 	at sun.nio.ch.DatagramChannelImpl.send(DatagramChannelImpl.java:550)
11-05 12:25:16.843  5044  5162 W System.err: 	at sun.nio.ch.DatagramChannelImpl.send(DatagramChannelImpl.java:514)
11-05 12:25:16.843  5044  5162 W System.err: 	at symlab.CloudAR.network.TransmissionTask.run(TransmissionTask.java:124)
11-05 12:25:16.843  5044  5162 W System.err: 	at android.os.Handler.handleCallback(Handler.java:907)
11-05 12:25:16.843  5044  5162 W System.err: 	at android.os.Handler.dispatchMessage(Handler.java:105)
11-05 12:25:16.843  5044  5162 W System.err: 	at android.os.Looper.loop(Looper.java:216)
11-05 12:25:16.843  5044  5162 W System.err: 	at android.os.HandlerThread.run(HandlerThread.java:65)
11-05 12:25:16.844  5044  5068 E         : [ZeroHung]zrhung_get_config: Get config failed for wp[0x0008]
11-05 12:25:16.844  5044  5162 D Evaluation: 0 res for frame 185 received at 1572949516844
11-05 12:25:16.861  5044  5066 W System  : A resource failed to call close. 
11-05 12:25:16.882  5044  5162 W System.err: java.net.SocketException: Message too long
11-05 12:25:16.882  5044  5162 W System.err: 	at sun.nio.ch.DatagramChannelImpl.send0(Native Method)
11-05 12:25:16.882  5044  5162 W System.err: 	at sun.nio.ch.DatagramChannelImpl.sendFromNativeBuffer(DatagramChannelImpl.java:573)
11-05 12:25:16.883  5044  5162 W System.err: 	at sun.nio.ch.DatagramChannelImpl.send(DatagramChannelImpl.java:550)
11-05 12:25:16.883  5044  5162 W System.err: 	at sun.nio.ch.DatagramChannelImpl.send(DatagramChannelImpl.java:514)
11-05 12:25:16.883  5044  5162 W System.err: 	at symlab.CloudAR.network.TransmissionTask.run(TransmissionTask.java:124)
11-05 12:25:16.883  5044  5162 W System.err: 	at android.os.Handler.handleCallback(Handler.java:907)
11-05 12:25:16.883  5044  5162 W System.err: 	at android.os.Handler.dispatchMessage(Handler.java:105)
11-05 12:25:16.883  5044  5162 W System.err: 	at android.os.Looper.loop(Looper.java:216)
11-05 12:25:16.883  5044  5162 W System.err: 	at android.os.HandlerThread.run(HandlerThread.java:65)
11-05 12:25:16.915  5044  5162 W System.err: java.net.SocketException: Message too long
11-05 12:25:16.915  5044  5162 W System.err: 	at sun.nio.ch.DatagramChannelImpl.send0(Native Method)
11-05 12:25:16.915  5044  5162 W System.err: 	at sun.nio.ch.DatagramChannelImpl.sendFromNativeBuffer(DatagramChannelImpl.java:573)
11-05 12:25:16.916  5044  5162 W System.err: 	at sun.nio.ch.DatagramChannelImpl.send(DatagramChannelImpl.java:550)
11-05 12:25:16.916  5044  5162 W System.err: 	at sun.nio.ch.DatagramChannelImpl.send(DatagramChannelImpl.java:514)
11-05 12:25:16.916  5044  5162 W System.err: 	at symlab.CloudAR.network.TransmissionTask.run(TransmissionTask.java:124)
11-05 12:25:16.916  5044  5162 W System.err: 	at android.os.Handler.handleCallback(Handler.java:907)
11-05 12:25:16.916  5044  5162 W System.err: 	at android.os.Handler.dispatchMessage(Handler.java:105)
11-05 12:25:16.916  5044  5162 W System.err: 	at android.os.Looper.loop(Looper.java:216)
11-05 12:25:16.916  5044  5162 W System.err: 	at android.os.HandlerThread.run(HandlerThread.java:65)
11-05 12:25:16.937  5044  5044 D Poster  : At 1572949516937 location is 65.05711015157036 (latitude), and 25.468379047723257 (longitude)
