--------- beginning of main
11-06 15:19:20.413 28506 28532 E         : [ZeroHung]zrhung_get_config: Get config failed for wp[0x0102]
11-06 15:19:20.413 28506 28532 W ZrHung.AppEyeUiProbe: Failed to get config from zrhung
11-06 15:19:20.415 28530 28530 W logcat  : type=1400 audit(0.0:20520): avc: granted { create } for name="logcat_1573046360402.txt" scontext=u:r:untrusted_app:s0:c149,c256,c512,c768 tcontext=u:object_r:sdcardfs:s0:c149,c256,c512,c768 tclass=file
11-06 15:19:20.416 28506 28506 I MultiDex: Installing application
11-06 15:19:20.416 28506 28506 I MultiDex: VM has multidex support, MultiDex support library is disabled.
--------- beginning of system
11-06 15:19:20.420 28506 28506 V ActivityThread: callActivityOnCreate
11-06 15:19:20.420 28506 28506 I Poster  :  onCreate() called.
11-06 15:19:20.423 28506 28506 I HwApsImpl: APS: new HwApsImpl created
11-06 15:19:20.429 28506 28506 V HwWidgetFactory: : successes to get AllImpl object and return....
11-06 15:19:20.437 28506 28506 D OpenGLRenderer: Skia GL Pipeline
11-06 15:19:20.460 28506 28506 D Poster  : Server bound to IP 193.166.28.132 and port 52727
11-06 15:19:20.462 28506 28541 D Evaluation: metadata 0 sent 
11-06 15:19:20.463 28506 28506 D ActivityThread: add activity client record, r= ActivityRecord{24fb417 token=android.os.BinderProxy@3a687be {symlab.cloudridar.arhud/symlab.ARHUD.MainActivity}} token= android.os.BinderProxy@3a687be
11-06 15:19:20.465 28506 28506 I Poster  :  onStart() called.
11-06 15:19:20.465 28506 28506 D ZrHung.AppEyeUiProbe: notify runnable to start.
11-06 15:19:20.466 28506 28506 I Poster  :  onResume() called.
11-06 15:19:20.470 28506 28506 I PermissionManager: camera remind result:true
11-06 15:19:20.470 28506 28506 I Camera  : open camera: 0, package name: symlab.cloudridar.arhud
11-06 15:19:20.471 28506 28506 I BackgroundPermManager: pkgName: symlab.cloudridar.arhud,pid: 28506 ,uidOf3RdApk: 10149 ,permType: 0 ,permCfg: 1
11-06 15:19:20.471 28506 28506 I HwCameraUtil: notifySurfaceFlingerCameraStatus : isFront = false , isOpend = true
11-06 15:19:20.481 28506 28506 D ActivityThread: isOptEnabled=false isWechatScanOpt=false
11-06 15:19:20.483 28506 28506 I HwSecImmHelper: mSecurityInputMethodService is null
11-06 15:19:20.490 28506 28506 D OpenGLRenderer:   HWUI Binary is  enabled
11-06 15:19:20.509 28506 28559 D HiTouch_PressGestureDetector: onAttached, package=symlab.cloudridar.arhud, windowType=1, mHiTouchRestricted=false
11-06 15:19:20.520 28506 28558 I ConfigStore: android::hardware::configstore::V1_0::ISurfaceFlingerConfigs::hasWideColorDisplay retrieved: 0
11-06 15:19:20.520 28506 28558 I ConfigStore: android::hardware::configstore::V1_0::ISurfaceFlingerConfigs::hasHDRDisplay retrieved: 0
11-06 15:19:20.521 28506 28558 I iGraphics: [0020080c] pn: symlab.cloudridar.arhud, p: 28506
11-06 15:19:20.521 28506 28558 I OpenGLRenderer: Initialized EGL, version 1.4, mEglDisplay 0x1
11-06 15:19:20.521 28506 28558 D OpenGLRenderer: Swap behavior 2
11-06 15:19:20.532 28506 28558 D mali_winsys: EGLint new_window_surface(egl_winsys_display *, void *, EGLSurface, EGLConfig, egl_winsys_surface **, EGLBoolean) returns 0x3000
11-06 15:19:20.535 28506 28506 I Poster  :  surfaceCreated() called.
11-06 15:19:20.535 28506 28506 I Poster  : initPreview() called
11-06 15:19:20.540 28506 28506 I PermissionManager: camera remind result:true
11-06 15:19:20.544 28506 28506 I Poster  :  surfaceChanged() called.
11-06 15:19:20.558 28506 28506 W InputMethodManager: startInputReason = 1
11-06 15:19:20.568 28506 28506 W InputMethodManager: startInputReason = 5
11-06 15:19:20.815 28506 28541 D Evaluation: metadata 1 sent 
11-06 15:19:20.847 28506 28541 D Evaluation: metadata 2 sent 
11-06 15:19:20.884 28506 28541 D Evaluation: metadata 3 sent 
11-06 15:19:20.917 28506 28541 D Evaluation: metadata 4 sent 
11-06 15:19:20.951 28506 28541 D Evaluation: metadata 5 sent 
11-06 15:19:21.005 28506 28541 D Evaluation: Frame 6 sent at 1573046361005
11-06 15:19:21.029 28506 28541 D Evaluation: Frame 7 sent at 1573046361029
11-06 15:19:21.097 28506 28541 D Evaluation: Frame 8 sent at 1573046361097
11-06 15:19:21.137 28506 28541 D Evaluation: Frame 9 sent at 1573046361137
11-06 15:19:21.165 28506 28518 E         : [ZeroHung]zrhung_get_config: Get config failed for wp[0x0008]
11-06 15:19:21.165 28506 28541 D Evaluation: Frame 10 sent at 1573046361165
11-06 15:19:21.204 28506 28541 D Evaluation: Frame 11 sent at 1573046361204
11-06 15:19:21.231 28506 28541 D Evaluation: Frame 12 sent at 1573046361231
11-06 15:19:21.265 28506 28541 D Evaluation: Frame 13 sent at 1573046361265
11-06 15:19:21.302 28506 28541 D Evaluation: Frame 14 sent at 1573046361302
11-06 15:19:21.331 28506 28541 D Evaluation: Frame 15 sent at 1573046361331
11-06 15:19:21.365 28506 28541 D Evaluation: Frame 16 sent at 1573046361365
11-06 15:19:21.399 28506 28541 D Evaluation: Frame 17 sent at 1573046361399
11-06 15:19:21.431 28506 28541 D Evaluation: Frame 18 sent at 1573046361431
11-06 15:19:21.467 28506 28541 D Evaluation: Frame 19 sent at 1573046361467
11-06 15:19:21.499 28506 28541 D Evaluation: Frame 20 sent at 1573046361499
11-06 15:19:21.533 28506 28541 D Evaluation: Frame 21 sent at 1573046361533
11-06 15:19:21.567 28506 28541 D Evaluation: Frame 22 sent at 1573046361567
11-06 15:19:21.602 28506 28541 D Evaluation: Frame 23 sent at 1573046361602
11-06 15:19:21.635 28506 28541 D Evaluation: Frame 24 sent at 1573046361635
11-06 15:19:21.674 28506 28541 D Evaluation: Frame 25 sent at 1573046361674
11-06 15:19:21.738 28506 28541 D Evaluation: Frame 26 sent at 1573046361738
11-06 15:19:21.785 28506 28541 D Evaluation: Frame 27 sent at 1573046361784
11-06 15:19:21.819 28506 28541 D Evaluation: Frame 28 sent at 1573046361819
11-06 15:19:21.857 28506 28541 D Evaluation: Frame 29 sent at 1573046361857
11-06 15:19:21.886 28506 28541 D Evaluation: Frame 30 sent at 1573046361886
11-06 15:19:21.923 28506 28541 D Evaluation: Frame 31 sent at 1573046361923
11-06 15:19:21.977 28506 28541 D Evaluation: Frame 32 sent at 1573046361977
11-06 15:19:22.005 28506 28541 D Evaluation: Frame 33 sent at 1573046362005
11-06 15:19:22.032 28506 28541 D Evaluation: Frame 34 sent at 1573046362032
11-06 15:19:22.069 28506 28541 D Evaluation: Frame 35 sent at 1573046362069
11-06 15:19:22.076 28506 28506 D stylus  : init stylus touchlistener.
11-06 15:19:22.081 28506 28506 W Settings: Setting device_provisioned has moved from android.provider.Settings.Secure to android.provider.Settings.Global.
11-06 15:19:22.081 28506 28506 V HiTouch_HiTouchSensor: User setup is finished.
11-06 15:19:22.136 28506 28541 D Evaluation: Frame 36 sent at 1573046362136
11-06 15:19:22.165 28506 28506 W HiTouch_PressGestureDetector: Touch pointer move a lot. The moving distance of X is:12.885101, limit is:60The moving distance of Y is:69.83489, limit is:60
11-06 15:19:22.179 28506 28541 D Evaluation: Frame 37 sent at 1573046362179
11-06 15:19:22.210 28506 28541 D Evaluation: Frame 39 sent at 1573046362210
11-06 15:19:22.226 28506 28541 D Evaluation: Frame 39 sent at 1573046362226
11-06 15:19:22.255 28506 28541 D Evaluation: Frame 40 sent at 1573046362255
11-06 15:19:22.280 28506 28541 D Evaluation: Frame 41 sent at 1573046362280
11-06 15:19:22.319 28506 28541 D Evaluation: Frame 42 sent at 1573046362319
11-06 15:19:22.347 28506 28518 E         : [ZeroHung]zrhung_get_config: Get config failed for wp[0x0008]
11-06 15:19:22.348 28506 28541 D Evaluation: Frame 43 sent at 1573046362348
11-06 15:19:22.389 28506 28541 D Evaluation: Frame 44 sent at 1573046362389
11-06 15:19:22.417 28506 28541 D Evaluation: Frame 45 sent at 1573046362417
11-06 15:19:22.462 28506 28541 D Evaluation: Frame 46 sent at 1573046362462
11-06 15:19:22.483 28506 28541 D Evaluation: Frame 47 sent at 1573046362483
11-06 15:19:22.523 28506 28541 D Evaluation: Frame 48 sent at 1573046362523
11-06 15:19:22.549 28506 28541 D Evaluation: Frame 49 sent at 1573046362549
11-06 15:19:22.619 28506 28541 W System.err: java.net.SocketException: Message too long
11-06 15:19:22.619 28506 28541 W System.err: 	at sun.nio.ch.DatagramChannelImpl.send0(Native Method)
11-06 15:19:22.619 28506 28541 W System.err: 	at sun.nio.ch.DatagramChannelImpl.sendFromNativeBuffer(DatagramChannelImpl.java:573)
11-06 15:19:22.620 28506 28541 W System.err: 	at sun.nio.ch.DatagramChannelImpl.send(DatagramChannelImpl.java:550)
11-06 15:19:22.620 28506 28541 W System.err: 	at sun.nio.ch.DatagramChannelImpl.send(DatagramChannelImpl.java:514)
11-06 15:19:22.620 28506 28541 W System.err: 	at symlab.CloudAR.network.TransmissionTask.run(TransmissionTask.java:124)
11-06 15:19:22.620 28506 28541 W System.err: 	at android.os.Handler.handleCallback(Handler.java:907)
11-06 15:19:22.620 28506 28541 W System.err: 	at android.os.Handler.dispatchMessage(Handler.java:105)
11-06 15:19:22.620 28506 28541 W System.err: 	at android.os.Looper.loop(Looper.java:216)
11-06 15:19:22.620 28506 28541 W System.err: 	at android.os.HandlerThread.run(HandlerThread.java:65)
11-06 15:19:22.647 28506 28541 W System.err: java.net.SocketException: Message too long
11-06 15:19:22.647 28506 28541 W System.err: 	at sun.nio.ch.DatagramChannelImpl.send0(Native Method)
11-06 15:19:22.647 28506 28541 W System.err: 	at sun.nio.ch.DatagramChannelImpl.sendFromNativeBuffer(DatagramChannelImpl.java:573)
11-06 15:19:22.647 28506 28541 W System.err: 	at sun.nio.ch.DatagramChannelImpl.send(DatagramChannelImpl.java:550)
11-06 15:19:22.647 28506 28541 W System.err: 	at sun.nio.ch.DatagramChannelImpl.send(DatagramChannelImpl.java:514)
11-06 15:19:22.647 28506 28541 W System.err: 	at symlab.CloudAR.network.TransmissionTask.run(TransmissionTask.java:124)
11-06 15:19:22.647 28506 28541 W System.err: 	at android.os.Handler.handleCallback(Handler.java:907)
11-06 15:19:22.648 28506 28541 W System.err: 	at android.os.Handler.dispatchMessage(Handler.java:105)
11-06 15:19:22.648 28506 28541 W System.err: 	at android.os.Looper.loop(Looper.java:216)
11-06 15:19:22.648 28506 28541 W System.err: 	at android.os.HandlerThread.run(HandlerThread.java:65)
11-06 15:19:22.684 28506 28541 W System.err: java.net.SocketException: Message too long
11-06 15:19:22.684 28506 28541 W System.err: 	at sun.nio.ch.DatagramChannelImpl.send0(Native Method)
11-06 15:19:22.684 28506 28541 W System.err: 	at sun.nio.ch.DatagramChannelImpl.sendFromNativeBuffer(DatagramChannelImpl.java:573)
11-06 15:19:22.684 28506 28541 W System.err: 	at sun.nio.ch.DatagramChannelImpl.send(DatagramChannelImpl.java:550)
11-06 15:19:22.684 28506 28541 W System.err: 	at sun.nio.ch.DatagramChannelImpl.send(DatagramChannelImpl.java:514)
11-06 15:19:22.684 28506 28541 W System.err: 	at symlab.CloudAR.network.TransmissionTask.run(TransmissionTask.java:124)
11-06 15:19:22.684 28506 28541 W System.err: 	at android.os.Handler.handleCallback(Handler.java:907)
11-06 15:19:22.684 28506 28541 W System.err: 	at android.os.Handler.dispatchMessage(Handler.java:105)
11-06 15:19:22.684 28506 28541 W System.err: 	at android.os.Looper.loop(Looper.java:216)
11-06 15:19:22.684 28506 28541 W System.err: 	at android.os.HandlerThread.run(HandlerThread.java:65)
11-06 15:19:22.715 28506 28541 W System.err: java.net.SocketException: Message too long
11-06 15:19:22.715 28506 28541 W System.err: 	at sun.nio.ch.DatagramChannelImpl.send0(Native Method)
11-06 15:19:22.715 28506 28541 W System.err: 	at sun.nio.ch.DatagramChannelImpl.sendFromNativeBuffer(DatagramChannelImpl.java:573)
11-06 15:19:22.715 28506 28541 W System.err: 	at sun.nio.ch.DatagramChannelImpl.send(DatagramChannelImpl.java:550)
11-06 15:19:22.715 28506 28541 W System.err: 	at sun.nio.ch.DatagramChannelImpl.send(DatagramChannelImpl.java:514)
11-06 15:19:22.715 28506 28541 W System.err: 	at symlab.CloudAR.network.TransmissionTask.run(TransmissionTask.java:124)
11-06 15:19:22.715 28506 28541 W System.err: 	at android.os.Handler.handleCallback(Handler.java:907)
11-06 15:19:22.715 28506 28541 W System.err: 	at android.os.Handler.dispatchMessage(Handler.java:105)
11-06 15:19:22.715 28506 28541 W System.err: 	at android.os.Looper.loop(Looper.java:216)
11-06 15:19:22.715 28506 28541 W System.err: 	at android.os.HandlerThread.run(HandlerThread.java:65)
11-06 15:19:22.751 28506 28541 W System.err: java.net.SocketException: Message too long
11-06 15:19:22.751 28506 28541 W System.err: 	at sun.nio.ch.DatagramChannelImpl.send0(Native Method)
11-06 15:19:22.751 28506 28541 W System.err: 	at sun.nio.ch.DatagramChannelImpl.sendFromNativeBuffer(DatagramChannelImpl.java:573)
11-06 15:19:22.751 28506 28541 W System.err: 	at sun.nio.ch.DatagramChannelImpl.send(DatagramChannelImpl.java:550)
11-06 15:19:22.751 28506 28541 W System.err: 	at sun.nio.ch.DatagramChannelImpl.send(DatagramChannelImpl.java:514)
11-06 15:19:22.751 28506 28541 W System.err: 	at symlab.CloudAR.network.TransmissionTask.run(TransmissionTask.java:124)
11-06 15:19:22.751 28506 28541 W System.err: 	at android.os.Handler.handleCallback(Handler.java:907)
11-06 15:19:22.751 28506 28541 W System.err: 	at android.os.Handler.dispatchMessage(Handler.java:105)
11-06 15:19:22.751 28506 28541 W System.err: 	at android.os.Looper.loop(Looper.java:216)
11-06 15:19:22.751 28506 28541 W System.err: 	at android.os.HandlerThread.run(HandlerThread.java:65)
11-06 15:19:22.785 28506 28541 W System.err: java.net.SocketException: Message too long
11-06 15:19:22.785 28506 28541 W System.err: 	at sun.nio.ch.DatagramChannelImpl.send0(Native Method)
11-06 15:19:22.786 28506 28541 W System.err: 	at sun.nio.ch.DatagramChannelImpl.sendFromNativeBuffer(DatagramChannelImpl.java:573)
11-06 15:19:22.786 28506 28541 W System.err: 	at sun.nio.ch.DatagramChannelImpl.send(DatagramChannelImpl.java:550)
11-06 15:19:22.786 28506 28541 W System.err: 	at sun.nio.ch.DatagramChannelImpl.send(DatagramChannelImpl.java:514)
11-06 15:19:22.786 28506 28541 W System.err: 	at symlab.CloudAR.network.TransmissionTask.run(TransmissionTask.java:124)
11-06 15:19:22.786 28506 28541 W System.err: 	at android.os.Handler.handleCallback(Handler.java:907)
11-06 15:19:22.786 28506 28541 W System.err: 	at android.os.Handler.dispatchMessage(Handler.java:105)
11-06 15:19:22.786 28506 28541 W System.err: 	at android.os.Looper.loop(Looper.java:216)
11-06 15:19:22.786 28506 28541 W System.err: 	at android.os.HandlerThread.run(HandlerThread.java:65)
11-06 15:19:22.814 28506 28541 W System.err: java.net.SocketException: Message too long
11-06 15:19:22.814 28506 28541 W System.err: 	at sun.nio.ch.DatagramChannelImpl.send0(Native Method)
11-06 15:19:22.814 28506 28541 W System.err: 	at sun.nio.ch.DatagramChannelImpl.sendFromNativeBuffer(DatagramChannelImpl.java:573)
11-06 15:19:22.814 28506 28541 W System.err: 	at sun.nio.ch.DatagramChannelImpl.send(DatagramChannelImpl.java:550)
11-06 15:19:22.814 28506 28541 W System.err: 	at sun.nio.ch.DatagramChannelImpl.send(DatagramChannelImpl.java:514)
11-06 15:19:22.814 28506 28541 W System.err: 	at symlab.CloudAR.network.TransmissionTask.run(TransmissionTask.java:124)
11-06 15:19:22.814 28506 28541 W System.err: 	at android.os.Handler.handleCallback(Handler.java:907)
11-06 15:19:22.814 28506 28541 W System.err: 	at android.os.Handler.dispatchMessage(Handler.java:105)
11-06 15:19:22.814 28506 28541 W System.err: 	at android.os.Looper.loop(Looper.java:216)
11-06 15:19:22.814 28506 28541 W System.err: 	at android.os.HandlerThread.run(HandlerThread.java:65)
11-06 15:19:22.852 28506 28541 W System.err: java.net.SocketException: Message too long
11-06 15:19:22.852 28506 28541 W System.err: 	at sun.nio.ch.DatagramChannelImpl.send0(Native Method)
11-06 15:19:22.852 28506 28541 W System.err: 	at sun.nio.ch.DatagramChannelImpl.sendFromNativeBuffer(DatagramChannelImpl.java:573)
11-06 15:19:22.852 28506 28541 W System.err: 	at sun.nio.ch.DatagramChannelImpl.send(DatagramChannelImpl.java:550)
11-06 15:19:22.852 28506 28541 W System.err: 	at sun.nio.ch.DatagramChannelImpl.send(DatagramChannelImpl.java:514)
11-06 15:19:22.852 28506 28541 W System.err: 	at symlab.CloudAR.network.TransmissionTask.run(TransmissionTask.java:124)
11-06 15:19:22.852 28506 28541 W System.err: 	at android.os.Handler.handleCallback(Handler.java:907)
11-06 15:19:22.852 28506 28541 W System.err: 	at android.os.Handler.dispatchMessage(Handler.java:105)
11-06 15:19:22.852 28506 28541 W System.err: 	at android.os.Looper.loop(Looper.java:216)
11-06 15:19:22.852 28506 28541 W System.err: 	at android.os.HandlerThread.run(HandlerThread.java:65)
11-06 15:19:22.890 28506 28541 W System.err: java.net.SocketException: Message too long
11-06 15:19:22.890 28506 28541 W System.err: 	at sun.nio.ch.DatagramChannelImpl.send0(Native Method)
11-06 15:19:22.890 28506 28541 W System.err: 	at sun.nio.ch.DatagramChannelImpl.sendFromNativeBuffer(DatagramChannelImpl.java:573)
11-06 15:19:22.890 28506 28541 W System.err: 	at sun.nio.ch.DatagramChannelImpl.send(DatagramChannelImpl.java:550)
11-06 15:19:22.890 28506 28541 W System.err: 	at sun.nio.ch.DatagramChannelImpl.send(DatagramChannelImpl.java:514)
11-06 15:19:22.890 28506 28541 W System.err: 	at symlab.CloudAR.network.TransmissionTask.run(TransmissionTask.java:124)
11-06 15:19:22.890 28506 28541 W System.err: 	at android.os.Handler.handleCallback(Handler.java:907)
11-06 15:19:22.890 28506 28541 W System.err: 	at android.os.Handler.dispatchMessage(Handler.java:105)
11-06 15:19:22.890 28506 28541 W System.err: 	at android.os.Looper.loop(Looper.java:216)
11-06 15:19:22.890 28506 28541 W System.err: 	at android.os.HandlerThread.run(HandlerThread.java:65)
11-06 15:19:22.922 28506 28541 W System.err: java.net.SocketException: Message too long
11-06 15:19:22.922 28506 28541 W System.err: 	at sun.nio.ch.DatagramChannelImpl.send0(Native Method)
11-06 15:19:22.922 28506 28541 W System.err: 	at sun.nio.ch.DatagramChannelImpl.sendFromNativeBuffer(DatagramChannelImpl.java:573)
11-06 15:19:22.922 28506 28541 W System.err: 	at sun.nio.ch.DatagramChannelImpl.send(DatagramChannelImpl.java:550)
11-06 15:19:22.922 28506 28541 W System.err: 	at sun.nio.ch.DatagramChannelImpl.send(DatagramChannelImpl.java:514)
11-06 15:19:22.922 28506 28541 W System.err: 	at symlab.CloudAR.network.TransmissionTask.run(TransmissionTask.java:124)
11-06 15:19:22.922 28506 28541 W System.err: 	at android.os.Handler.handleCallback(Handler.java:907)
11-06 15:19:22.923 28506 28541 W System.err: 	at android.os.Handler.dispatchMessage(Handler.java:105)
11-06 15:19:22.923 28506 28541 W System.err: 	at android.os.Looper.loop(Looper.java:216)
11-06 15:19:22.923 28506 28541 W System.err: 	at android.os.HandlerThread.run(HandlerThread.java:65)
11-06 15:19:22.955 28506 28541 W System.err: java.net.SocketException: Message too long
11-06 15:19:22.955 28506 28541 W System.err: 	at sun.nio.ch.DatagramChannelImpl.send0(Native Method)
11-06 15:19:22.955 28506 28541 W System.err: 	at sun.nio.ch.DatagramChannelImpl.sendFromNativeBuffer(DatagramChannelImpl.java:573)
11-06 15:19:22.955 28506 28541 W System.err: 	at sun.nio.ch.DatagramChannelImpl.send(DatagramChannelImpl.java:550)
11-06 15:19:22.955 28506 28541 W System.err: 	at sun.nio.ch.DatagramChannelImpl.send(DatagramChannelImpl.java:514)
11-06 15:19:22.955 28506 28541 W System.err: 	at symlab.CloudAR.network.TransmissionTask.run(TransmissionTask.java:124)
11-06 15:19:22.956 28506 28541 W System.err: 	at android.os.Handler.handleCallback(Handler.java:907)
11-06 15:19:22.956 28506 28541 W System.err: 	at android.os.Handler.dispatchMessage(Handler.java:105)
11-06 15:19:22.956 28506 28541 W System.err: 	at android.os.Looper.loop(Looper.java:216)
11-06 15:19:22.956 28506 28541 W System.err: 	at android.os.HandlerThread.run(HandlerThread.java:65)
11-06 15:19:22.990 28506 28541 W System.err: java.net.SocketException: Message too long
11-06 15:19:22.990 28506 28541 W System.err: 	at sun.nio.ch.DatagramChannelImpl.send0(Native Method)
11-06 15:19:22.990 28506 28541 W System.err: 	at sun.nio.ch.DatagramChannelImpl.sendFromNativeBuffer(DatagramChannelImpl.java:573)
11-06 15:19:22.990 28506 28541 W System.err: 	at sun.nio.ch.DatagramChannelImpl.send(DatagramChannelImpl.java:550)
11-06 15:19:22.990 28506 28541 W System.err: 	at sun.nio.ch.DatagramChannelImpl.send(DatagramChannelImpl.java:514)
11-06 15:19:22.990 28506 28541 W System.err: 	at symlab.CloudAR.network.TransmissionTask.run(TransmissionTask.java:124)
11-06 15:19:22.990 28506 28541 W System.err: 	at android.os.Handler.handleCallback(Handler.java:907)
11-06 15:19:22.990 28506 28541 W System.err: 	at android.os.Handler.dispatchMessage(Handler.java:105)
11-06 15:19:22.990 28506 28541 W System.err: 	at android.os.Looper.loop(Looper.java:216)
11-06 15:19:22.991 28506 28541 W System.err: 	at android.os.HandlerThread.run(HandlerThread.java:65)
11-06 15:19:23.021 28506 28541 W System.err: java.net.SocketException: Message too long
11-06 15:19:23.021 28506 28541 W System.err: 	at sun.nio.ch.DatagramChannelImpl.send0(Native Method)
11-06 15:19:23.021 28506 28541 W System.err: 	at sun.nio.ch.DatagramChannelImpl.sendFromNativeBuffer(DatagramChannelImpl.java:573)
11-06 15:19:23.021 28506 28541 W System.err: 	at sun.nio.ch.DatagramChannelImpl.send(DatagramChannelImpl.java:550)
11-06 15:19:23.021 28506 28541 W System.err: 	at sun.nio.ch.DatagramChannelImpl.send(DatagramChannelImpl.java:514)
11-06 15:19:23.021 28506 28541 W System.err: 	at symlab.CloudAR.network.TransmissionTask.run(TransmissionTask.java:124)
11-06 15:19:23.022 28506 28541 W System.err: 	at android.os.Handler.handleCallback(Handler.java:907)
11-06 15:19:23.022 28506 28541 W System.err: 	at android.os.Handler.dispatchMessage(Handler.java:105)
11-06 15:19:23.022 28506 28541 W System.err: 	at android.os.Looper.loop(Looper.java:216)
11-06 15:19:23.022 28506 28541 W System.err: 	at android.os.HandlerThread.run(HandlerThread.java:65)
11-06 15:19:23.069 28506 28541 W System.err: java.net.SocketException: Message too long
11-06 15:19:23.069 28506 28541 W System.err: 	at sun.nio.ch.DatagramChannelImpl.send0(Native Method)
11-06 15:19:23.069 28506 28541 W System.err: 	at sun.nio.ch.DatagramChannelImpl.sendFromNativeBuffer(DatagramChannelImpl.java:573)
11-06 15:19:23.069 28506 28541 W System.err: 	at sun.nio.ch.DatagramChannelImpl.send(DatagramChannelImpl.java:550)
11-06 15:19:23.069 28506 28541 W System.err: 	at sun.nio.ch.DatagramChannelImpl.send(DatagramChannelImpl.java:514)
11-06 15:19:23.069 28506 28541 W System.err: 	at symlab.CloudAR.network.TransmissionTask.run(TransmissionTask.java:124)
11-06 15:19:23.069 28506 28541 W System.err: 	at android.os.Handler.handleCallback(Handler.java:907)
11-06 15:19:23.070 28506 28541 W System.err: 	at android.os.Handler.dispatchMessage(Handler.java:105)
11-06 15:19:23.070 28506 28541 W System.err: 	at android.os.Looper.loop(Looper.java:216)
11-06 15:19:23.070 28506 28541 W System.err: 	at android.os.HandlerThread.run(HandlerThread.java:65)
11-06 15:19:23.090 28506 28541 W System.err: java.net.SocketException: Message too long
11-06 15:19:23.090 28506 28541 W System.err: 	at sun.nio.ch.DatagramChannelImpl.send0(Native Method)
11-06 15:19:23.090 28506 28541 W System.err: 	at sun.nio.ch.DatagramChannelImpl.sendFromNativeBuffer(DatagramChannelImpl.java:573)
11-06 15:19:23.090 28506 28541 W System.err: 	at sun.nio.ch.DatagramChannelImpl.send(DatagramChannelImpl.java:550)
11-06 15:19:23.090 28506 28541 W System.err: 	at sun.nio.ch.DatagramChannelImpl.send(DatagramChannelImpl.java:514)
11-06 15:19:23.090 28506 28541 W System.err: 	at symlab.CloudAR.network.TransmissionTask.run(TransmissionTask.java:124)
11-06 15:19:23.090 28506 28541 W System.err: 	at android.os.Handler.handleCallback(Handler.java:907)
11-06 15:19:23.090 28506 28541 W System.err: 	at android.os.Handler.dispatchMessage(Handler.java:105)
11-06 15:19:23.090 28506 28541 W System.err: 	at android.os.Looper.loop(Looper.java:216)
11-06 15:19:23.090 28506 28541 W System.err: 	at android.os.HandlerThread.run(HandlerThread.java:65)
11-06 15:19:23.123 28506 28541 W System.err: java.net.SocketException: Message too long
11-06 15:19:23.123 28506 28541 W System.err: 	at sun.nio.ch.DatagramChannelImpl.send0(Native Method)
11-06 15:19:23.123 28506 28541 W System.err: 	at sun.nio.ch.DatagramChannelImpl.sendFromNativeBuffer(DatagramChannelImpl.java:573)
11-06 15:19:23.123 28506 28541 W System.err: 	at sun.nio.ch.DatagramChannelImpl.send(DatagramChannelImpl.java:550)
11-06 15:19:23.123 28506 28541 W System.err: 	at sun.nio.ch.DatagramChannelImpl.send(DatagramChannelImpl.java:514)
11-06 15:19:23.123 28506 28541 W System.err: 	at symlab.CloudAR.network.TransmissionTask.run(TransmissionTask.java:124)
11-06 15:19:23.123 28506 28541 W System.err: 	at android.os.Handler.handleCallback(Handler.java:907)
11-06 15:19:23.123 28506 28541 W System.err: 	at android.os.Handler.dispatchMessage(Handler.java:105)
11-06 15:19:23.123 28506 28541 W System.err: 	at android.os.Looper.loop(Looper.java:216)
11-06 15:19:23.123 28506 28541 W System.err: 	at android.os.HandlerThread.run(HandlerThread.java:65)
11-06 15:19:23.157 28506 28541 W System.err: java.net.SocketException: Message too long
11-06 15:19:23.157 28506 28541 W System.err: 	at sun.nio.ch.DatagramChannelImpl.send0(Native Method)
11-06 15:19:23.157 28506 28541 W System.err: 	at sun.nio.ch.DatagramChannelImpl.sendFromNativeBuffer(DatagramChannelImpl.java:573)
11-06 15:19:23.157 28506 28541 W System.err: 	at sun.nio.ch.DatagramChannelImpl.send(DatagramChannelImpl.java:550)
11-06 15:19:23.157 28506 28541 W System.err: 	at sun.nio.ch.DatagramChannelImpl.send(DatagramChannelImpl.java:514)
11-06 15:19:23.157 28506 28541 W System.err: 	at symlab.CloudAR.network.TransmissionTask.run(TransmissionTask.java:124)
11-06 15:19:23.157 28506 28541 W System.err: 	at android.os.Handler.handleCallback(Handler.java:907)
11-06 15:19:23.157 28506 28541 W System.err: 	at android.os.Handler.dispatchMessage(Handler.java:105)
11-06 15:19:23.157 28506 28541 W System.err: 	at android.os.Looper.loop(Looper.java:216)
11-06 15:19:23.157 28506 28541 W System.err: 	at android.os.HandlerThread.run(HandlerThread.java:65)
11-06 15:19:23.189 28506 28541 W System.err: java.net.SocketException: Message too long
11-06 15:19:23.189 28506 28541 W System.err: 	at sun.nio.ch.DatagramChannelImpl.send0(Native Method)
11-06 15:19:23.189 28506 28541 W System.err: 	at sun.nio.ch.DatagramChannelImpl.sendFromNativeBuffer(DatagramChannelImpl.java:573)
11-06 15:19:23.189 28506 28541 W System.err: 	at sun.nio.ch.DatagramChannelImpl.send(DatagramChannelImpl.java:550)
11-06 15:19:23.189 28506 28541 W System.err: 	at sun.nio.ch.DatagramChannelImpl.send(DatagramChannelImpl.java:514)
11-06 15:19:23.189 28506 28541 W System.err: 	at symlab.CloudAR.network.TransmissionTask.run(TransmissionTask.java:124)
11-06 15:19:23.189 28506 28541 W System.err: 	at android.os.Handler.handleCallback(Handler.java:907)
11-06 15:19:23.189 28506 28541 W System.err: 	at android.os.Handler.dispatchMessage(Handler.java:105)
11-06 15:19:23.189 28506 28541 W System.err: 	at android.os.Looper.loop(Looper.java:216)
11-06 15:19:23.189 28506 28541 W System.err: 	at android.os.HandlerThread.run(HandlerThread.java:65)
11-06 15:19:23.226 28506 28541 W System.err: java.net.SocketException: Message too long
11-06 15:19:23.226 28506 28541 W System.err: 	at sun.nio.ch.DatagramChannelImpl.send0(Native Method)
11-06 15:19:23.226 28506 28541 W System.err: 	at sun.nio.ch.DatagramChannelImpl.sendFromNativeBuffer(DatagramChannelImpl.java:573)
11-06 15:19:23.226 28506 28541 W System.err: 	at sun.nio.ch.DatagramChannelImpl.send(DatagramChannelImpl.java:550)
11-06 15:19:23.226 28506 28541 W System.err: 	at sun.nio.ch.DatagramChannelImpl.send(DatagramChannelImpl.java:514)
11-06 15:19:23.226 28506 28541 W System.err: 	at symlab.CloudAR.network.TransmissionTask.run(TransmissionTask.java:124)
11-06 15:19:23.226 28506 28541 W System.err: 	at android.os.Handler.handleCallback(Handler.java:907)
11-06 15:19:23.226 28506 28541 W System.err: 	at android.os.Handler.dispatchMessage(Handler.java:105)
11-06 15:19:23.226 28506 28541 W System.err: 	at android.os.Looper.loop(Looper.java:216)
11-06 15:19:23.226 28506 28541 W System.err: 	at android.os.HandlerThread.run(HandlerThread.java:65)
11-06 15:19:23.254 28506 28518 E         : [ZeroHung]zrhung_get_config: Get config failed for wp[0x0008]
11-06 15:19:23.254 28506 28541 W System.err: java.net.SocketException: Message too long
11-06 15:19:23.254 28506 28541 W System.err: 	at sun.nio.ch.DatagramChannelImpl.send0(Native Method)
11-06 15:19:23.254 28506 28541 W System.err: 	at sun.nio.ch.DatagramChannelImpl.sendFromNativeBuffer(DatagramChannelImpl.java:573)
11-06 15:19:23.254 28506 28541 W System.err: 	at sun.nio.ch.DatagramChannelImpl.send(DatagramChannelImpl.java:550)
11-06 15:19:23.254 28506 28541 W System.err: 	at sun.nio.ch.DatagramChannelImpl.send(DatagramChannelImpl.java:514)
11-06 15:19:23.255 28506 28541 W System.err: 	at symlab.CloudAR.network.TransmissionTask.run(TransmissionTask.java:124)
11-06 15:19:23.255 28506 28541 W System.err: 	at android.os.Handler.handleCallback(Handler.java:907)
11-06 15:19:23.255 28506 28541 W System.err: 	at android.os.Handler.dispatchMessage(Handler.java:105)
11-06 15:19:23.255 28506 28541 W System.err: 	at android.os.Looper.loop(Looper.java:216)
11-06 15:19:23.255 28506 28541 W System.err: 	at android.os.HandlerThread.run(HandlerThread.java:65)
11-06 15:19:23.291 28506 28541 D Evaluation: Frame 70 sent at 1573046363291
11-06 15:19:23.326 28506 28541 D Evaluation: Frame 71 sent at 1573046363326
11-06 15:19:23.355 28506 28541 D Evaluation: Frame 72 sent at 1573046363355
11-06 15:19:23.397 28506 28541 D Evaluation: Frame 73 sent at 1573046363397
11-06 15:19:23.425 28506 28541 D Evaluation: Frame 74 sent at 1573046363425
11-06 15:19:23.464 28506 28541 D Evaluation: Frame 75 sent at 1573046363464
11-06 15:19:23.503 28506 28541 D Evaluation: Frame 76 sent at 1573046363503
11-06 15:19:23.529 28506 28541 D Evaluation: Frame 77 sent at 1573046363529
11-06 15:19:23.560 28506 28541 D Evaluation: Frame 78 sent at 1573046363560
11-06 15:19:23.616 28506 28541 D Evaluation: Frame 79 sent at 1573046363616
11-06 15:19:23.640 28506 28541 D Evaluation: Frame 80 sent at 1573046363640
11-06 15:19:23.662 28506 28541 D Evaluation: Frame 81 sent at 1573046363662
11-06 15:19:23.701 28506 28541 D Evaluation: Frame 82 sent at 1573046363701
11-06 15:19:23.726 28506 28541 D Evaluation: Frame 83 sent at 1573046363726
11-06 15:19:23.768 28506 28541 D Evaluation: Frame 84 sent at 1573046363768
11-06 15:19:23.801 28506 28541 D Evaluation: Frame 85 sent at 1573046363801
11-06 15:19:23.825 28506 28541 D Evaluation: Frame 86 sent at 1573046363825
11-06 15:19:23.859 28506 28541 D Evaluation: Frame 87 sent at 1573046363859
11-06 15:19:23.903 28506 28541 D Evaluation: Frame 88 sent at 1573046363903
11-06 15:19:23.935 28506 28541 D Evaluation: Frame 89 sent at 1573046363935
11-06 15:19:23.960 28506 28541 D Evaluation: Frame 90 sent at 1573046363960
11-06 15:19:23.993 28506 28541 D Evaluation: Frame 91 sent at 1573046363993
11-06 15:19:24.029 28506 28541 D Evaluation: Frame 92 sent at 1573046364029
11-06 15:19:24.074 28506 28541 D Evaluation: Frame 93 sent at 1573046364074
11-06 15:19:24.098 28506 28541 D Evaluation: Frame 94 sent at 1573046364098
11-06 15:19:24.133 28506 28541 D Evaluation: Frame 95 sent at 1573046364133
11-06 15:19:24.175 28506 28541 D Evaluation: Frame 96 sent at 1573046364175
11-06 15:19:24.208 28506 28541 D Evaluation: Frame 97 sent at 1573046364208
11-06 15:19:24.235 28506 28541 D Evaluation: Frame 98 sent at 1573046364235
11-06 15:19:24.267 28506 28541 D Evaluation: Frame 99 sent at 1573046364267
11-06 15:19:24.297 28506 28541 D Evaluation: Frame 100 sent at 1573046364297
11-06 15:19:24.370 28506 28541 D Evaluation: Frame 101 sent at 1573046364370
11-06 15:19:24.410 28506 28541 D Evaluation: Frame 102 sent at 1573046364410
11-06 15:19:24.444 28506 28541 D Evaluation: Frame 103 sent at 1573046364444
11-06 15:19:24.472 28506 28518 E         : [ZeroHung]zrhung_get_config: Get config failed for wp[0x0008]
11-06 15:19:24.473 28506 28541 D Evaluation: Frame 104 sent at 1573046364472
11-06 15:19:24.500 28506 28541 D Evaluation: Frame 105 sent at 1573046364500
11-06 15:19:24.531 28506 28541 D Evaluation: Frame 106 sent at 1573046364531
11-06 15:19:24.568 28506 28541 D Evaluation: Frame 107 sent at 1573046364568
11-06 15:19:24.601 28506 28541 D Evaluation: Frame 108 sent at 1573046364601
11-06 15:19:24.636 28506 28541 D Evaluation: Frame 109 sent at 1573046364636
11-06 15:19:24.669 28506 28541 D Evaluation: Frame 110 sent at 1573046364669
11-06 15:19:24.704 28506 28541 D Evaluation: Frame 111 sent at 1573046364704
11-06 15:19:24.733 28506 28541 D Evaluation: Frame 112 sent at 1573046364733
11-06 15:19:24.770 28506 28541 D Evaluation: Frame 113 sent at 1573046364770
11-06 15:19:24.803 28506 28541 D Evaluation: Frame 114 sent at 1573046364803
11-06 15:19:24.832 28506 28541 D Evaluation: Frame 115 sent at 1573046364832
11-06 15:19:24.869 28506 28541 D Evaluation: Frame 116 sent at 1573046364869
11-06 15:19:24.904 28506 28541 D Evaluation: Frame 117 sent at 1573046364903
11-06 15:19:24.934 28506 28541 D Evaluation: Frame 118 sent at 1573046364934
11-06 15:19:24.989 28506 28541 W System.err: java.net.SocketException: Message too long
11-06 15:19:24.989 28506 28541 W System.err: 	at sun.nio.ch.DatagramChannelImpl.send0(Native Method)
11-06 15:19:24.989 28506 28541 W System.err: 	at sun.nio.ch.DatagramChannelImpl.sendFromNativeBuffer(DatagramChannelImpl.java:573)
11-06 15:19:24.989 28506 28541 W System.err: 	at sun.nio.ch.DatagramChannelImpl.send(DatagramChannelImpl.java:550)
11-06 15:19:24.989 28506 28541 W System.err: 	at sun.nio.ch.DatagramChannelImpl.send(DatagramChannelImpl.java:514)
11-06 15:19:24.989 28506 28541 W System.err: 	at symlab.CloudAR.network.TransmissionTask.run(TransmissionTask.java:124)
11-06 15:19:24.989 28506 28541 W System.err: 	at android.os.Handler.handleCallback(Handler.java:907)
11-06 15:19:24.989 28506 28541 W System.err: 	at android.os.Handler.dispatchMessage(Handler.java:105)
11-06 15:19:24.989 28506 28541 W System.err: 	at android.os.Looper.loop(Looper.java:216)
11-06 15:19:24.989 28506 28541 W System.err: 	at android.os.HandlerThread.run(HandlerThread.java:65)
11-06 15:19:25.006 28506 28541 W System.err: java.net.SocketException: Message too long
11-06 15:19:25.007 28506 28541 W System.err: 	at sun.nio.ch.DatagramChannelImpl.send0(Native Method)
11-06 15:19:25.007 28506 28541 W System.err: 	at sun.nio.ch.DatagramChannelImpl.sendFromNativeBuffer(DatagramChannelImpl.java:573)
11-06 15:19:25.007 28506 28541 W System.err: 	at sun.nio.ch.DatagramChannelImpl.send(DatagramChannelImpl.java:550)
11-06 15:19:25.007 28506 28541 W System.err: 	at sun.nio.ch.DatagramChannelImpl.send(DatagramChannelImpl.java:514)
11-06 15:19:25.007 28506 28541 W System.err: 	at symlab.CloudAR.network.TransmissionTask.run(TransmissionTask.java:124)
11-06 15:19:25.007 28506 28541 W System.err: 	at android.os.Handler.handleCallback(Handler.java:907)
11-06 15:19:25.007 28506 28541 W System.err: 	at android.os.Handler.dispatchMessage(Handler.java:105)
11-06 15:19:25.007 28506 28541 W System.err: 	at android.os.Looper.loop(Looper.java:216)
11-06 15:19:25.007 28506 28541 W System.err: 	at android.os.HandlerThread.run(HandlerThread.java:65)
11-06 15:19:25.035 28506 28541 W System.err: java.net.SocketException: Message too long
11-06 15:19:25.035 28506 28541 W System.err: 	at sun.nio.ch.DatagramChannelImpl.send0(Native Method)
11-06 15:19:25.035 28506 28541 W System.err: 	at sun.nio.ch.DatagramChannelImpl.sendFromNativeBuffer(DatagramChannelImpl.java:573)
11-06 15:19:25.035 28506 28541 W System.err: 	at sun.nio.ch.DatagramChannelImpl.send(DatagramChannelImpl.java:550)
11-06 15:19:25.036 28506 28541 W System.err: 	at sun.nio.ch.DatagramChannelImpl.send(DatagramChannelImpl.java:514)
11-06 15:19:25.036 28506 28541 W System.err: 	at symlab.CloudAR.network.TransmissionTask.run(TransmissionTask.java:124)
11-06 15:19:25.036 28506 28541 W System.err: 	at android.os.Handler.handleCallback(Handler.java:907)
11-06 15:19:25.036 28506 28541 W System.err: 	at android.os.Handler.dispatchMessage(Handler.java:105)
11-06 15:19:25.036 28506 28541 W System.err: 	at android.os.Looper.loop(Looper.java:216)
11-06 15:19:25.036 28506 28541 W System.err: 	at android.os.HandlerThread.run(HandlerThread.java:65)
11-06 15:19:25.072 28506 28541 W System.err: java.net.SocketException: Message too long
11-06 15:19:25.072 28506 28541 W System.err: 	at sun.nio.ch.DatagramChannelImpl.send0(Native Method)
11-06 15:19:25.072 28506 28541 W System.err: 	at sun.nio.ch.DatagramChannelImpl.sendFromNativeBuffer(DatagramChannelImpl.java:573)
11-06 15:19:25.072 28506 28541 W System.err: 	at sun.nio.ch.DatagramChannelImpl.send(DatagramChannelImpl.java:550)
11-06 15:19:25.072 28506 28541 W System.err: 	at sun.nio.ch.DatagramChannelImpl.send(DatagramChannelImpl.java:514)
11-06 15:19:25.072 28506 28541 W System.err: 	at symlab.CloudAR.network.TransmissionTask.run(TransmissionTask.java:124)
11-06 15:19:25.072 28506 28541 W System.err: 	at android.os.Handler.handleCallback(Handler.java:907)
11-06 15:19:25.072 28506 28541 W System.err: 	at android.os.Handler.dispatchMessage(Handler.java:105)
11-06 15:19:25.072 28506 28541 W System.err: 	at android.os.Looper.loop(Looper.java:216)
11-06 15:19:25.072 28506 28541 W System.err: 	at android.os.HandlerThread.run(HandlerThread.java:65)
11-06 15:19:25.107 28506 28541 W System.err: java.net.SocketException: Message too long
11-06 15:19:25.107 28506 28541 W System.err: 	at sun.nio.ch.DatagramChannelImpl.send0(Native Method)
11-06 15:19:25.107 28506 28541 W System.err: 	at sun.nio.ch.DatagramChannelImpl.sendFromNativeBuffer(DatagramChannelImpl.java:573)
11-06 15:19:25.107 28506 28541 W System.err: 	at sun.nio.ch.DatagramChannelImpl.send(DatagramChannelImpl.java:550)
11-06 15:19:25.107 28506 28541 W System.err: 	at sun.nio.ch.DatagramChannelImpl.send(DatagramChannelImpl.java:514)
11-06 15:19:25.107 28506 28541 W System.err: 	at symlab.CloudAR.network.TransmissionTask.run(TransmissionTask.java:124)
11-06 15:19:25.108 28506 28541 W System.err: 	at android.os.Handler.handleCallback(Handler.java:907)
11-06 15:19:25.108 28506 28541 W System.err: 	at android.os.Handler.dispatchMessage(Handler.java:105)
11-06 15:19:25.108 28506 28541 W System.err: 	at android.os.Looper.loop(Looper.java:216)
11-06 15:19:25.108 28506 28541 W System.err: 	at android.os.HandlerThread.run(HandlerThread.java:65)
11-06 15:19:25.145 28506 28541 W System.err: java.net.SocketException: Message too long
11-06 15:19:25.145 28506 28541 W System.err: 	at sun.nio.ch.DatagramChannelImpl.send0(Native Method)
11-06 15:19:25.145 28506 28541 W System.err: 	at sun.nio.ch.DatagramChannelImpl.sendFromNativeBuffer(DatagramChannelImpl.java:573)
11-06 15:19:25.145 28506 28541 W System.err: 	at sun.nio.ch.DatagramChannelImpl.send(DatagramChannelImpl.java:550)
11-06 15:19:25.145 28506 28541 W System.err: 	at sun.nio.ch.DatagramChannelImpl.send(DatagramChannelImpl.java:514)
11-06 15:19:25.145 28506 28541 W System.err: 	at symlab.CloudAR.network.TransmissionTask.run(TransmissionTask.java:124)
11-06 15:19:25.145 28506 28541 W System.err: 	at android.os.Handler.handleCallback(Handler.java:907)
11-06 15:19:25.145 28506 28541 W System.err: 	at android.os.Handler.dispatchMessage(Handler.java:105)
11-06 15:19:25.145 28506 28541 W System.err: 	at android.os.Looper.loop(Looper.java:216)
11-06 15:19:25.145 28506 28541 W System.err: 	at android.os.HandlerThread.run(HandlerThread.java:65)
11-06 15:19:25.174 28506 28541 W System.err: java.net.SocketException: Message too long
11-06 15:19:25.175 28506 28541 W System.err: 	at sun.nio.ch.DatagramChannelImpl.send0(Native Method)
11-06 15:19:25.175 28506 28541 W System.err: 	at sun.nio.ch.DatagramChannelImpl.sendFromNativeBuffer(DatagramChannelImpl.java:573)
11-06 15:19:25.175 28506 28541 W System.err: 	at sun.nio.ch.DatagramChannelImpl.send(DatagramChannelImpl.java:550)
11-06 15:19:25.175 28506 28541 W System.err: 	at sun.nio.ch.DatagramChannelImpl.send(DatagramChannelImpl.java:514)
11-06 15:19:25.175 28506 28541 W System.err: 	at symlab.CloudAR.network.TransmissionTask.run(TransmissionTask.java:124)
11-06 15:19:25.175 28506 28541 W System.err: 	at android.os.Handler.handleCallback(Handler.java:907)
11-06 15:19:25.175 28506 28541 W System.err: 	at android.os.Handler.dispatchMessage(Handler.java:105)
11-06 15:19:25.175 28506 28541 W System.err: 	at android.os.Looper.loop(Looper.java:216)
11-06 15:19:25.175 28506 28541 W System.err: 	at android.os.HandlerThread.run(HandlerThread.java:65)
11-06 15:19:25.213 28506 28541 W System.err: java.net.SocketException: Message too long
11-06 15:19:25.213 28506 28541 W System.err: 	at sun.nio.ch.DatagramChannelImpl.send0(Native Method)
11-06 15:19:25.213 28506 28541 W System.err: 	at sun.nio.ch.DatagramChannelImpl.sendFromNativeBuffer(DatagramChannelImpl.java:573)
11-06 15:19:25.213 28506 28541 W System.err: 	at sun.nio.ch.DatagramChannelImpl.send(DatagramChannelImpl.java:550)
11-06 15:19:25.214 28506 28541 W System.err: 	at sun.nio.ch.DatagramChannelImpl.send(DatagramChannelImpl.java:514)
11-06 15:19:25.214 28506 28541 W System.err: 	at symlab.CloudAR.network.TransmissionTask.run(TransmissionTask.java:124)
11-06 15:19:25.214 28506 28541 W System.err: 	at android.os.Handler.handleCallback(Handler.java:907)
11-06 15:19:25.214 28506 28541 W System.err: 	at android.os.Handler.dispatchMessage(Handler.java:105)
11-06 15:19:25.214 28506 28541 W System.err: 	at android.os.Looper.loop(Looper.java:216)
11-06 15:19:25.214 28506 28541 W System.err: 	at android.os.HandlerThread.run(HandlerThread.java:65)
11-06 15:19:25.247 28506 28541 W System.err: java.net.SocketException: Message too long
11-06 15:19:25.247 28506 28541 W System.err: 	at sun.nio.ch.DatagramChannelImpl.send0(Native Method)
11-06 15:19:25.248 28506 28541 W System.err: 	at sun.nio.ch.DatagramChannelImpl.sendFromNativeBuffer(DatagramChannelImpl.java:573)
11-06 15:19:25.248 28506 28541 W System.err: 	at sun.nio.ch.DatagramChannelImpl.send(DatagramChannelImpl.java:550)
11-06 15:19:25.248 28506 28541 W System.err: 	at sun.nio.ch.DatagramChannelImpl.send(DatagramChannelImpl.java:514)
11-06 15:19:25.248 28506 28541 W System.err: 	at symlab.CloudAR.network.TransmissionTask.run(TransmissionTask.java:124)
11-06 15:19:25.248 28506 28541 W System.err: 	at android.os.Handler.handleCallback(Handler.java:907)
11-06 15:19:25.248 28506 28541 W System.err: 	at android.os.Handler.dispatchMessage(Handler.java:105)
11-06 15:19:25.248 28506 28541 W System.err: 	at android.os.Looper.loop(Looper.java:216)
11-06 15:19:25.248 28506 28541 W System.err: 	at android.os.HandlerThread.run(HandlerThread.java:65)
11-06 15:19:25.274 28506 28541 W System.err: java.net.SocketException: Message too long
11-06 15:19:25.274 28506 28541 W System.err: 	at sun.nio.ch.DatagramChannelImpl.send0(Native Method)
11-06 15:19:25.274 28506 28541 W System.err: 	at sun.nio.ch.DatagramChannelImpl.sendFromNativeBuffer(DatagramChannelImpl.java:573)
11-06 15:19:25.274 28506 28541 W System.err: 	at sun.nio.ch.DatagramChannelImpl.send(DatagramChannelImpl.java:550)
11-06 15:19:25.274 28506 28541 W System.err: 	at sun.nio.ch.DatagramChannelImpl.send(DatagramChannelImpl.java:514)
11-06 15:19:25.274 28506 28541 W System.err: 	at symlab.CloudAR.network.TransmissionTask.run(TransmissionTask.java:124)
11-06 15:19:25.274 28506 28541 W System.err: 	at android.os.Handler.handleCallback(Handler.java:907)
11-06 15:19:25.274 28506 28541 W System.err: 	at android.os.Handler.dispatchMessage(Handler.java:105)
11-06 15:19:25.274 28506 28541 W System.err: 	at android.os.Looper.loop(Looper.java:216)
11-06 15:19:25.274 28506 28541 W System.err: 	at android.os.HandlerThread.run(HandlerThread.java:65)
11-06 15:19:25.323 28506 28541 W System.err: java.net.SocketException: Message too long
11-06 15:19:25.323 28506 28541 W System.err: 	at sun.nio.ch.DatagramChannelImpl.send0(Native Method)
11-06 15:19:25.323 28506 28541 W System.err: 	at sun.nio.ch.DatagramChannelImpl.sendFromNativeBuffer(DatagramChannelImpl.java:573)
11-06 15:19:25.323 28506 28541 W System.err: 	at sun.nio.ch.DatagramChannelImpl.send(DatagramChannelImpl.java:550)
11-06 15:19:25.323 28506 28541 W System.err: 	at sun.nio.ch.DatagramChannelImpl.send(DatagramChannelImpl.java:514)
11-06 15:19:25.323 28506 28541 W System.err: 	at symlab.CloudAR.network.TransmissionTask.run(TransmissionTask.java:124)
11-06 15:19:25.323 28506 28541 W System.err: 	at android.os.Handler.handleCallback(Handler.java:907)
11-06 15:19:25.323 28506 28541 W System.err: 	at android.os.Handler.dispatchMessage(Handler.java:105)
11-06 15:19:25.323 28506 28541 W System.err: 	at android.os.Looper.loop(Looper.java:216)
11-06 15:19:25.323 28506 28541 W System.err: 	at android.os.HandlerThread.run(HandlerThread.java:65)
11-06 15:19:25.342 28506 28541 W System.err: java.net.SocketException: Message too long
11-06 15:19:25.342 28506 28541 W System.err: 	at sun.nio.ch.DatagramChannelImpl.send0(Native Method)
11-06 15:19:25.342 28506 28541 W System.err: 	at sun.nio.ch.DatagramChannelImpl.sendFromNativeBuffer(DatagramChannelImpl.java:573)
11-06 15:19:25.342 28506 28541 W System.err: 	at sun.nio.ch.DatagramChannelImpl.send(DatagramChannelImpl.java:550)
11-06 15:19:25.342 28506 28541 W System.err: 	at sun.nio.ch.DatagramChannelImpl.send(DatagramChannelImpl.java:514)
11-06 15:19:25.342 28506 28541 W System.err: 	at symlab.CloudAR.network.TransmissionTask.run(TransmissionTask.java:124)
11-06 15:19:25.342 28506 28541 W System.err: 	at android.os.Handler.handleCallback(Handler.java:907)
11-06 15:19:25.342 28506 28541 W System.err: 	at android.os.Handler.dispatchMessage(Handler.java:105)
11-06 15:19:25.342 28506 28541 W System.err: 	at android.os.Looper.loop(Looper.java:216)
11-06 15:19:25.342 28506 28541 W System.err: 	at android.os.HandlerThread.run(HandlerThread.java:65)
11-06 15:19:25.373 28506 28541 W System.err: java.net.SocketException: Message too long
11-06 15:19:25.373 28506 28541 W System.err: 	at sun.nio.ch.DatagramChannelImpl.send0(Native Method)
11-06 15:19:25.373 28506 28541 W System.err: 	at sun.nio.ch.DatagramChannelImpl.sendFromNativeBuffer(DatagramChannelImpl.java:573)
11-06 15:19:25.373 28506 28541 W System.err: 	at sun.nio.ch.DatagramChannelImpl.send(DatagramChannelImpl.java:550)
11-06 15:19:25.373 28506 28541 W System.err: 	at sun.nio.ch.DatagramChannelImpl.send(DatagramChannelImpl.java:514)
11-06 15:19:25.373 28506 28541 W System.err: 	at symlab.CloudAR.network.TransmissionTask.run(TransmissionTask.java:124)
11-06 15:19:25.373 28506 28541 W System.err: 	at android.os.Handler.handleCallback(Handler.java:907)
11-06 15:19:25.373 28506 28541 W System.err: 	at android.os.Handler.dispatchMessage(Handler.java:105)
11-06 15:19:25.373 28506 28541 W System.err: 	at android.os.Looper.loop(Looper.java:216)
11-06 15:19:25.373 28506 28541 W System.err: 	at android.os.HandlerThread.run(HandlerThread.java:65)
11-06 15:19:25.402 28506 28506 I AwareBitmapCacher: init lrucache size: 2097152 pid=28506
11-06 15:19:25.408 28506 28541 W System.err: java.net.SocketException: Message too long
11-06 15:19:25.408 28506 28541 W System.err: 	at sun.nio.ch.DatagramChannelImpl.send0(Native Method)
11-06 15:19:25.409 28506 28541 W System.err: 	at sun.nio.ch.DatagramChannelImpl.sendFromNativeBuffer(DatagramChannelImpl.java:573)
11-06 15:19:25.409 28506 28541 W System.err: 	at sun.nio.ch.DatagramChannelImpl.send(DatagramChannelImpl.java:550)
11-06 15:19:25.409 28506 28541 W System.err: 	at sun.nio.ch.DatagramChannelImpl.send(DatagramChannelImpl.java:514)
11-06 15:19:25.409 28506 28541 W System.err: 	at symlab.CloudAR.network.TransmissionTask.run(TransmissionTask.java:124)
11-06 15:19:25.409 28506 28541 W System.err: 	at android.os.Handler.handleCallback(Handler.java:907)
11-06 15:19:25.409 28506 28541 W System.err: 	at android.os.Handler.dispatchMessage(Handler.java:105)
11-06 15:19:25.409 28506 28541 W System.err: 	at android.os.Looper.loop(Looper.java:216)
11-06 15:19:25.409 28506 28541 W System.err: 	at android.os.HandlerThread.run(HandlerThread.java:65)
11-06 15:19:25.445 28506 28541 W System.err: java.net.SocketException: Message too long
11-06 15:19:25.445 28506 28541 W System.err: 	at sun.nio.ch.DatagramChannelImpl.send0(Native Method)
11-06 15:19:25.445 28506 28541 W System.err: 	at sun.nio.ch.DatagramChannelImpl.sendFromNativeBuffer(DatagramChannelImpl.java:573)
11-06 15:19:25.445 28506 28541 W System.err: 	at sun.nio.ch.DatagramChannelImpl.send(DatagramChannelImpl.java:550)
11-06 15:19:25.445 28506 28541 W System.err: 	at sun.nio.ch.DatagramChannelImpl.send(DatagramChannelImpl.java:514)
11-06 15:19:25.445 28506 28541 W System.err: 	at symlab.CloudAR.network.TransmissionTask.run(TransmissionTask.java:124)
11-06 15:19:25.445 28506 28541 W System.err: 	at android.os.Handler.handleCallback(Handler.java:907)
11-06 15:19:25.445 28506 28541 W System.err: 	at android.os.Handler.dispatchMessage(Handler.java:105)
11-06 15:19:25.445 28506 28541 W System.err: 	at android.os.Looper.loop(Looper.java:216)
11-06 15:19:25.445 28506 28541 W System.err: 	at android.os.HandlerThread.run(HandlerThread.java:65)
11-06 15:19:25.474 28506 28518 E         : [ZeroHung]zrhung_get_config: Get config failed for wp[0x0008]
11-06 15:19:25.475 28506 28541 D Evaluation: Frame 134 sent at 1573046365475
11-06 15:19:25.527 28506 28541 W System.err: java.net.SocketException: Message too long
11-06 15:19:25.527 28506 28541 W System.err: 	at sun.nio.ch.DatagramChannelImpl.send0(Native Method)
11-06 15:19:25.527 28506 28541 W System.err: 	at sun.nio.ch.DatagramChannelImpl.sendFromNativeBuffer(DatagramChannelImpl.java:573)
11-06 15:19:25.527 28506 28541 W System.err: 	at sun.nio.ch.DatagramChannelImpl.send(DatagramChannelImpl.java:550)
11-06 15:19:25.527 28506 28541 W System.err: 	at sun.nio.ch.DatagramChannelImpl.send(DatagramChannelImpl.java:514)
