11-05 11:06:03.977 14235 14269 W System.err: 	at sun.nio.ch.DatagramChannelImpl.send(DatagramChannelImpl.java:514)
11-05 11:06:03.977 14235 14269 W System.err: 	at symlab.CloudAR.network.TransmissionTask.run(TransmissionTask.java:124)
11-05 11:06:03.977 14235 14269 W System.err: 	at android.os.Handler.handleCallback(Handler.java:907)
11-05 11:06:03.977 14235 14269 W System.err: 	at android.os.Handler.dispatchMessage(Handler.java:105)
11-05 11:06:03.977 14235 14269 W System.err: 	at android.os.Looper.loop(Looper.java:216)
11-05 11:06:03.977 14235 14269 W System.err: 	at android.os.HandlerThread.run(HandlerThread.java:65)
11-05 11:06:04.037 14235 14269 W System.err: java.net.SocketException: Message too long
11-05 11:06:04.037 14235 14269 W System.err: 	at sun.nio.ch.DatagramChannelImpl.send0(Native Method)
11-05 11:06:04.037 14235 14269 W System.err: 	at sun.nio.ch.DatagramChannelImpl.sendFromNativeBuffer(DatagramChannelImpl.java:573)
11-05 11:06:04.037 14235 14269 W System.err: 	at sun.nio.ch.DatagramChannelImpl.send(DatagramChannelImpl.java:550)
11-05 11:06:04.037 14235 14269 W System.err: 	at sun.nio.ch.DatagramChannelImpl.send(DatagramChannelImpl.java:514)
11-05 11:06:04.037 14235 14269 W System.err: 	at symlab.CloudAR.network.TransmissionTask.run(TransmissionTask.java:124)
11-05 11:06:04.037 14235 14269 W System.err: 	at android.os.Handler.handleCallback(Handler.java:907)
11-05 11:06:04.037 14235 14269 W System.err: 	at android.os.Handler.dispatchMessage(Handler.java:105)
11-05 11:06:04.037 14235 14269 W System.err: 	at android.os.Looper.loop(Looper.java:216)
11-05 11:06:04.037 14235 14269 W System.err: 	at android.os.HandlerThread.run(HandlerThread.java:65)
11-05 11:06:04.060 14235 14269 D Evaluation: Frame 1601 sent at 1572944764060
11-05 11:06:04.085 14235 14269 D Evaluation: Frame 1602 sent at 1572944764085
11-05 11:06:04.114 14235 14269 D Evaluation: Frame 1603 sent at 1572944764114
11-05 11:06:04.154 14235 14269 D Evaluation: Frame 1604 sent at 1572944764154
11-05 11:06:04.185 14235 14269 D Evaluation: Frame 1605 sent at 1572944764185
11-05 11:06:04.186 14235 14247 E         : [ZeroHung]zrhung_get_config: Get config failed for wp[0x0008]
11-05 11:06:04.227 14235 14269 D Evaluation: Frame 1606 sent at 1572944764227
11-05 11:06:04.256 14235 14269 D Evaluation: Frame 1607 sent at 1572944764256
11-05 11:06:04.297 14235 14269 D Evaluation: Frame 1609 sent at 1572944764297
11-05 11:06:04.321 14235 14269 W System.err: java.net.SocketException: Message too long
11-05 11:06:04.321 14235 14269 W System.err: 	at sun.nio.ch.DatagramChannelImpl.send0(Native Method)
11-05 11:06:04.321 14235 14269 W System.err: 	at sun.nio.ch.DatagramChannelImpl.sendFromNativeBuffer(DatagramChannelImpl.java:573)
11-05 11:06:04.321 14235 14269 W System.err: 	at sun.nio.ch.DatagramChannelImpl.send(DatagramChannelImpl.java:550)
11-05 11:06:04.321 14235 14269 W System.err: 	at sun.nio.ch.DatagramChannelImpl.send(DatagramChannelImpl.java:514)
11-05 11:06:04.321 14235 14269 W System.err: 	at symlab.CloudAR.network.TransmissionTask.run(TransmissionTask.java:124)
11-05 11:06:04.321 14235 14269 W System.err: 	at android.os.Handler.handleCallback(Handler.java:907)
11-05 11:06:04.321 14235 14269 W System.err: 	at android.os.Handler.dispatchMessage(Handler.java:105)
11-05 11:06:04.321 14235 14269 W System.err: 	at android.os.Looper.loop(Looper.java:216)
11-05 11:06:04.321 14235 14269 W System.err: 	at android.os.HandlerThread.run(HandlerThread.java:65)
11-05 11:06:04.354 14235 14269 D Evaluation: Frame 1610 sent at 1572944764354
11-05 11:06:04.395 14235 14269 D Evaluation: Frame 1611 sent at 1572944764395
11-05 11:06:04.422 14235 14269 D Evaluation: Frame 1612 sent at 1572944764422
11-05 11:06:04.465 14235 14269 D Evaluation: Frame 1614 sent at 1572944764465
11-05 11:06:04.487 14235 14269 D Evaluation: Frame 1614 sent at 1572944764487
11-05 11:06:04.530 14235 14269 D Evaluation: Frame 1615 sent at 1572944764529
11-05 11:06:04.560 14235 14269 D Evaluation: Frame 1616 sent at 1572944764560
11-05 11:06:04.582 14235 14269 D Evaluation: Frame 1617 sent at 1572944764582
11-05 11:06:04.630 14235 14269 D Evaluation: Frame 1618 sent at 1572944764630
11-05 11:06:04.658 14235 14269 D Evaluation: Frame 1619 sent at 1572944764658
11-05 11:06:04.696 14235 14269 D Evaluation: Frame 1620 sent at 1572944764696
11-05 11:06:04.721 14235 14269 D Evaluation: Frame 1621 sent at 1572944764721
11-05 11:06:04.783 14235 14269 D Evaluation: Frame 1623 sent at 1572944764783
11-05 11:06:04.807 14235 14269 D Evaluation: Frame 1623 sent at 1572944764807
11-05 11:06:04.832 14235 14269 D Evaluation: Frame 1624 sent at 1572944764832
11-05 11:06:04.857 14235 14269 D Evaluation: Frame 1625 sent at 1572944764857
11-05 11:06:04.886 14235 14269 D Evaluation: Frame 1626 sent at 1572944764886
11-05 11:06:04.924 14235 14269 D Evaluation: Frame 1627 sent at 1572944764924
11-05 11:06:04.949 14235 14269 D Evaluation: Frame 1628 sent at 1572944764949
11-05 11:06:04.995 14235 14269 D Evaluation: Frame 1629 sent at 1572944764995
11-05 11:06:05.033 14235 14269 D Evaluation: Frame 1631 sent at 1572944765033
11-05 11:06:05.055 14235 14269 D Evaluation: Frame 1631 sent at 1572944765055
11-05 11:06:05.097 14235 14269 D Evaluation: Frame 1632 sent at 1572944765097
11-05 11:06:05.129 14235 14269 D Evaluation: Frame 1633 sent at 1572944765128
11-05 11:06:05.169 14235 14269 D Evaluation: Frame 1634 sent at 1572944765169
11-05 11:06:05.192 14235 14269 D Evaluation: Frame 1635 sent at 1572944765192
11-05 11:06:05.233 14235 14269 D Evaluation: Frame 1636 sent at 1572944765233
11-05 11:06:05.258 14235 14269 D Evaluation: Frame 1637 sent at 1572944765258
11-05 11:06:05.298 14235 14269 D Evaluation: Frame 1638 sent at 1572944765297
11-05 11:06:05.329 14235 14269 D Evaluation: Frame 1639 sent at 1572944765329
11-05 11:06:05.366 14235 14269 D Evaluation: Frame 1640 sent at 1572944765366
11-05 11:06:05.393 14235 14269 D Evaluation: Frame 1641 sent at 1572944765393
11-05 11:06:05.437 14235 14269 D Evaluation: Frame 1642 sent at 1572944765437
11-05 11:06:05.472 14235 14269 D Evaluation: Frame 1643 sent at 1572944765472
11-05 11:06:05.473 14235 14247 E         : [ZeroHung]zrhung_get_config: Get config failed for wp[0x0008]
11-05 11:06:05.502 14235 14269 D Evaluation: Frame 1644 sent at 1572944765502
11-05 11:06:05.534 14235 14269 D Evaluation: Frame 1645 sent at 1572944765534
11-05 11:06:05.566 14235 14269 D Evaluation: Frame 1646 sent at 1572944765566
11-05 11:06:05.593 14235 14269 D Evaluation: Frame 1647 sent at 1572944765593
11-05 11:06:05.641 14235 14269 D Evaluation: Frame 1648 sent at 1572944765641
11-05 11:06:05.674 14235 14269 D Evaluation: Frame 1649 sent at 1572944765674
11-05 11:06:05.703 14235 14269 D Evaluation: Frame 1650 sent at 1572944765703
11-05 11:06:05.732 14235 14269 D Evaluation: Frame 1651 sent at 1572944765732
11-05 11:06:05.772 14235 14269 D Evaluation: Frame 1652 sent at 1572944765772
11-05 11:06:05.796 14235 14269 D Evaluation: Frame 1653 sent at 1572944765796
11-05 11:06:05.833 14235 14269 D Evaluation: Frame 1654 sent at 1572944765833
11-05 11:06:05.865 14235 14269 D Evaluation: Frame 1655 sent at 1572944765865
11-05 11:06:05.902 14235 14269 D Evaluation: Frame 1656 sent at 1572944765902
11-05 11:06:05.935 14235 14269 D Evaluation: Frame 1657 sent at 1572944765935
11-05 11:06:06.023 14235 14269 D Evaluation: Frame 1659 sent at 1572944766023
11-05 11:06:06.046 14235 14269 D Evaluation: Frame 1660 sent at 1572944766046
11-05 11:06:06.065 14235 14269 D Evaluation: Frame 1660 sent at 1572944766065
11-05 11:06:06.102 14235 14269 D Evaluation: Frame 1661 sent at 1572944766102
11-05 11:06:06.142 14235 14269 D Evaluation: Frame 1662 sent at 1572944766142
11-05 11:06:06.168 14235 14269 D Evaluation: Frame 1663 sent at 1572944766168
11-05 11:06:06.207 14235 14269 D Evaluation: Frame 1664 sent at 1572944766207
11-05 11:06:06.239 14235 14269 D Evaluation: Frame 1666 sent at 1572944766239
11-05 11:06:06.261 14235 14269 D Evaluation: Frame 1666 sent at 1572944766261
11-05 11:06:06.312 14235 14269 D Evaluation: Frame 1667 sent at 1572944766312
11-05 11:06:06.334 14235 14269 D Evaluation: Frame 1668 sent at 1572944766334
11-05 11:06:06.372 14235 14269 D Evaluation: Frame 1669 sent at 1572944766372
11-05 11:06:06.399 14235 14269 D Evaluation: Frame 1670 sent at 1572944766399
11-05 11:06:06.446 14235 14269 D Evaluation: Frame 1671 sent at 1572944766446
11-05 11:06:06.477 14235 14269 D Evaluation: Frame 1672 sent at 1572944766477
11-05 11:06:06.556 14235 14269 D Evaluation: Frame 1673 sent at 1572944766556
11-05 11:06:06.591 14235 14269 D Evaluation: Frame 1675 sent at 1572944766591
11-05 11:06:06.615 14235 14269 D Evaluation: Frame 1676 sent at 1572944766615
11-05 11:06:06.636 14235 14269 D Evaluation: Frame 1676 sent at 1572944766636
11-05 11:06:06.670 14235 14269 D Evaluation: Frame 1677 sent at 1572944766670
11-05 11:06:06.713 14235 14269 D Evaluation: Frame 1678 sent at 1572944766713
11-05 11:06:06.747 14235 14269 D Evaluation: Frame 1679 sent at 1572944766747
11-05 11:06:06.772 14235 14247 E         : [ZeroHung]zrhung_get_config: Get config failed for wp[0x0008]
11-05 11:06:06.772 14235 14269 D Evaluation: Frame 1680 sent at 1572944766772
11-05 11:06:06.807 14235 14269 D Evaluation: Frame 1681 sent at 1572944766807
11-05 11:06:06.840 14235 14269 D Evaluation: Frame 1682 sent at 1572944766840
11-05 11:06:06.880 14235 14269 D Evaluation: Frame 1683 sent at 1572944766880
11-05 11:06:06.917 14235 14269 D Evaluation: Frame 1685 sent at 1572944766917
11-05 11:06:06.940 14235 14269 D Evaluation: Frame 1685 sent at 1572944766940
11-05 11:06:06.981 14235 14269 D Evaluation: Frame 1686 sent at 1572944766981
11-05 11:06:07.005 14235 14269 D Evaluation: Frame 1687 sent at 1572944767005
11-05 11:06:07.043 14235 14269 D Evaluation: Frame 1688 sent at 1572944767043
11-05 11:06:07.084 14235 14269 D Evaluation: Frame 1689 sent at 1572944767084
11-05 11:06:07.112 14235 14269 D Evaluation: Frame 1690 sent at 1572944767112
11-05 11:06:07.141 14235 14269 D Evaluation: Frame 1691 sent at 1572944767141
11-05 11:06:07.184 14235 14269 D Evaluation: Frame 1693 sent at 1572944767184
11-05 11:06:07.204 14235 14269 D Evaluation: Frame 1693 sent at 1572944767204
11-05 11:06:07.240 14235 14269 D Evaluation: Frame 1694 sent at 1572944767240
11-05 11:06:07.271 14235 14269 D Evaluation: Frame 1695 sent at 1572944767271
11-05 11:06:07.308 14235 14269 D Evaluation: Frame 1696 sent at 1572944767308
11-05 11:06:07.346 14235 14269 D Evaluation: Frame 1697 sent at 1572944767346
11-05 11:06:07.371 14235 14269 D Evaluation: Frame 1698 sent at 1572944767371
11-05 11:06:07.414 14235 14269 D Evaluation: Frame 1699 sent at 1572944767414
11-05 11:06:07.448 14235 14269 D Evaluation: Frame 1700 sent at 1572944767448
11-05 11:06:07.489 14235 14269 D Evaluation: Frame 1701 sent at 1572944767489
11-05 11:06:07.509 14235 14269 D Evaluation: Frame 1702 sent at 1572944767509
11-05 11:06:07.548 14235 14269 D Evaluation: Frame 1703 sent at 1572944767548
11-05 11:06:07.578 14235 14269 D Evaluation: Frame 1704 sent at 1572944767578
11-05 11:06:07.605 14235 14269 D Evaluation: Frame 1705 sent at 1572944767605
11-05 11:06:07.656 14235 14269 D Evaluation: Frame 1707 sent at 1572944767656
11-05 11:06:07.677 14235 14269 D Evaluation: Frame 1707 sent at 1572944767677
11-05 11:06:07.715 14235 14269 D Evaluation: Frame 1708 sent at 1572944767715
11-05 11:06:07.757 14235 14269 D Evaluation: Frame 1709 sent at 1572944767757
11-05 11:06:07.787 14235 14269 D Evaluation: Frame 1711 sent at 1572944767787
11-05 11:06:07.808 14235 14269 D Evaluation: Frame 1711 sent at 1572944767808
11-05 11:06:07.849 14235 14269 D Evaluation: Frame 1712 sent at 1572944767849
11-05 11:06:07.881 14235 14269 D Evaluation: Frame 1713 sent at 1572944767881
11-05 11:06:07.911 14235 14269 D Evaluation: Frame 1714 sent at 1572944767911
11-05 11:06:07.933 14235 14269 D Evaluation: Frame 1715 sent at 1572944767933
11-05 11:06:08.021 14235 14269 D Evaluation: Frame 1716 sent at 1572944768021
11-05 11:06:08.114 14235 14269 D Evaluation: Frame 1718 sent at 1572944768114
11-05 11:06:08.136 14235 14269 D Evaluation: Frame 1719 sent at 1572944768136
11-05 11:06:08.154 14235 14269 D Evaluation: Frame 1719 sent at 1572944768154
11-05 11:06:08.185 14235 14269 D Evaluation: Frame 1720 sent at 1572944768185
11-05 11:06:08.219 14235 14269 D Evaluation: Frame 1721 sent at 1572944768219
11-05 11:06:08.219 14235 14247 E         : [ZeroHung]zrhung_get_config: Get config failed for wp[0x0008]
11-05 11:06:08.253 14235 14269 D Evaluation: Frame 1722 sent at 1572944768253
11-05 11:06:08.278 14235 14269 D Evaluation: Frame 1723 sent at 1572944768278
11-05 11:06:08.328 14235 14269 D Evaluation: Frame 1724 sent at 1572944768328
11-05 11:06:08.359 14235 14269 D Evaluation: Frame 1725 sent at 1572944768359
11-05 11:06:08.391 14235 14269 D Evaluation: Frame 1726 sent at 1572944768391
11-05 11:06:08.423 14235 14269 D Evaluation: Frame 1727 sent at 1572944768423
11-05 11:06:08.450 14235 14269 D Evaluation: Frame 1728 sent at 1572944768450
11-05 11:06:08.500 14235 14269 D Evaluation: Frame 1730 sent at 1572944768500
11-05 11:06:08.521 14235 14269 D Evaluation: Frame 1730 sent at 1572944768521
11-05 11:06:08.548 14235 14269 D Evaluation: Frame 1731 sent at 1572944768548
11-05 11:06:08.587 14235 14269 D Evaluation: Frame 1732 sent at 1572944768587
11-05 11:06:08.612 14235 14269 D Evaluation: Frame 1733 sent at 1572944768612
11-05 11:06:08.656 14235 14269 D Evaluation: Frame 1734 sent at 1572944768656
11-05 11:06:08.691 14235 14269 D Evaluation: Frame 1735 sent at 1572944768691
11-05 11:06:08.734 14235 14269 D Evaluation: Frame 1736 sent at 1572944768734
11-05 11:06:08.760 14235 14269 D Evaluation: Frame 1738 sent at 1572944768760
11-05 11:06:08.779 14235 14269 D Evaluation: Frame 1738 sent at 1572944768779
11-05 11:06:08.821 14235 14269 D Evaluation: Frame 1739 sent at 1572944768821
11-05 11:06:08.849 14235 14269 D Evaluation: Frame 1740 sent at 1572944768849
11-05 11:06:08.901 14235 14269 D Evaluation: Frame 1741 sent at 1572944768901
11-05 11:06:08.923 14235 14269 D Evaluation: Frame 1742 sent at 1572944768923
11-05 11:06:08.956 14235 14269 D Evaluation: Frame 1743 sent at 1572944768956
11-05 11:06:08.962 14235 14235 D stylus  : init stylus touchlistener.
11-05 11:06:08.970 14235 14235 W Settings: Setting device_provisioned has moved from android.provider.Settings.Secure to android.provider.Settings.Global.
11-05 11:06:08.970 14235 14235 V HiTouch_HiTouchSensor: User setup is finished.
11-05 11:06:08.998 14235 14269 W System.err: java.net.SocketException: Message too long
11-05 11:06:08.998 14235 14269 W System.err: 	at sun.nio.ch.DatagramChannelImpl.send0(Native Method)
11-05 11:06:08.998 14235 14269 W System.err: 	at sun.nio.ch.DatagramChannelImpl.sendFromNativeBuffer(DatagramChannelImpl.java:573)
11-05 11:06:08.998 14235 14269 W System.err: 	at sun.nio.ch.DatagramChannelImpl.send(DatagramChannelImpl.java:550)
11-05 11:06:08.998 14235 14269 W System.err: 	at sun.nio.ch.DatagramChannelImpl.send(DatagramChannelImpl.java:514)
11-05 11:06:08.999 14235 14269 W System.err: 	at symlab.CloudAR.network.TransmissionTask.run(TransmissionTask.java:124)
11-05 11:06:08.999 14235 14269 W System.err: 	at android.os.Handler.handleCallback(Handler.java:907)
11-05 11:06:08.999 14235 14269 W System.err: 	at android.os.Handler.dispatchMessage(Handler.java:105)
11-05 11:06:08.999 14235 14269 W System.err: 	at android.os.Looper.loop(Looper.java:216)
11-05 11:06:08.999 14235 14269 W System.err: 	at android.os.HandlerThread.run(HandlerThread.java:65)
11-05 11:06:09.031 14235 14269 D Evaluation: Frame 1745 sent at 1572944769031
11-05 11:06:09.065 14235 14269 W System.err: java.net.SocketException: Message too long
11-05 11:06:09.065 14235 14269 W System.err: 	at sun.nio.ch.DatagramChannelImpl.send0(Native Method)
11-05 11:06:09.065 14235 14269 W System.err: 	at sun.nio.ch.DatagramChannelImpl.sendFromNativeBuffer(DatagramChannelImpl.java:573)
11-05 11:06:09.065 14235 14269 W System.err: 	at sun.nio.ch.DatagramChannelImpl.send(DatagramChannelImpl.java:550)
11-05 11:06:09.065 14235 14269 W System.err: 	at sun.nio.ch.DatagramChannelImpl.send(DatagramChannelImpl.java:514)
11-05 11:06:09.065 14235 14269 W System.err: 	at symlab.CloudAR.network.TransmissionTask.run(TransmissionTask.java:124)
11-05 11:06:09.065 14235 14269 W System.err: 	at android.os.Handler.handleCallback(Handler.java:907)
11-05 11:06:09.065 14235 14269 W System.err: 	at android.os.Handler.dispatchMessage(Handler.java:105)
11-05 11:06:09.065 14235 14269 W System.err: 	at android.os.Looper.loop(Looper.java:216)
11-05 11:06:09.065 14235 14269 W System.err: 	at android.os.HandlerThread.run(HandlerThread.java:65)
11-05 11:06:09.095 14235 14269 W System.err: java.net.SocketException: Message too long
11-05 11:06:09.095 14235 14269 W System.err: 	at sun.nio.ch.DatagramChannelImpl.send0(Native Method)
11-05 11:06:09.095 14235 14269 W System.err: 	at sun.nio.ch.DatagramChannelImpl.sendFromNativeBuffer(DatagramChannelImpl.java:573)
11-05 11:06:09.095 14235 14269 W System.err: 	at sun.nio.ch.DatagramChannelImpl.send(DatagramChannelImpl.java:550)
11-05 11:06:09.095 14235 14269 W System.err: 	at sun.nio.ch.DatagramChannelImpl.send(DatagramChannelImpl.java:514)
11-05 11:06:09.095 14235 14269 W System.err: 	at symlab.CloudAR.network.TransmissionTask.run(TransmissionTask.java:124)
11-05 11:06:09.095 14235 14269 W System.err: 	at android.os.Handler.handleCallback(Handler.java:907)
11-05 11:06:09.095 14235 14269 W System.err: 	at android.os.Handler.dispatchMessage(Handler.java:105)
11-05 11:06:09.095 14235 14269 W System.err: 	at android.os.Looper.loop(Looper.java:216)
11-05 11:06:09.096 14235 14269 W System.err: 	at android.os.HandlerThread.run(HandlerThread.java:65)
11-05 11:06:09.115 14235 14269 D Evaluation: Frame 1748 sent at 1572944769115
11-05 11:06:09.145 14235 14269 D Evaluation: Frame 1749 sent at 1572944769145
11-05 11:06:09.171 14235 14269 D Evaluation: Frame 1750 sent at 1572944769171
11-05 11:06:09.213 14235 14269 D Evaluation: Frame 1751 sent at 1572944769213
11-05 11:06:09.242 14235 14269 D Evaluation: Frame 1752 sent at 1572944769242
11-05 11:06:09.282 14235 14269 D Evaluation: Frame 1753 sent at 1572944769282
11-05 11:06:09.305 14235 14269 D Evaluation: Frame 1754 sent at 1572944769305
11-05 11:06:09.339 14235 14247 E         : [ZeroHung]zrhung_get_config: Get config failed for wp[0x0008]
11-05 11:06:09.339 14235 14269 D Evaluation: Frame 1755 sent at 1572944769339
11-05 11:06:09.382 14235 14269 D Evaluation: Frame 1756 sent at 1572944769382
11-05 11:06:09.415 14235 14269 D Evaluation: Frame 1757 sent at 1572944769415
11-05 11:06:09.442 14235 14269 D Evaluation: Frame 1758 sent at 1572944769442
11-05 11:06:09.476 14235 14269 D Evaluation: Frame 1759 sent at 1572944769475
11-05 11:06:09.508 14235 14269 D Evaluation: Frame 1760 sent at 1572944769508
11-05 11:06:09.541 14235 14269 D Evaluation: Frame 1761 sent at 1572944769541
11-05 11:06:09.576 14235 14269 D Evaluation: Frame 1762 sent at 1572944769576
11-05 11:06:09.610 14235 14269 D Evaluation: Frame 1763 sent at 1572944769610
11-05 11:06:09.651 14235 14269 D Evaluation: Frame 1764 sent at 1572944769651
11-05 11:06:09.684 14235 14269 D Evaluation: Frame 1765 sent at 1572944769683
11-05 11:06:09.711 14235 14269 D Evaluation: Frame 1766 sent at 1572944769711
11-05 11:06:09.741 14235 14269 D Evaluation: Frame 1767 sent at 1572944769741
11-05 11:06:09.777 14235 14269 D Evaluation: Frame 1768 sent at 1572944769777
11-05 11:06:09.821 14235 14269 D Evaluation: Frame 1769 sent at 1572944769821
11-05 11:06:09.846 14235 14269 D Evaluation: Frame 1770 sent at 1572944769846
11-05 11:06:09.938 14235 14269 D Evaluation: Frame 1772 sent at 1572944769938
11-05 11:06:09.958 14235 14269 D Evaluation: Frame 1772 sent at 1572944769958
11-05 11:06:09.984 14235 14269 D Evaluation: Frame 1773 sent at 1572944769983
11-05 11:06:10.011 14235 14269 D Evaluation: Frame 1774 sent at 1572944770011
11-05 11:06:10.055 14235 14269 D Evaluation: Frame 1775 sent at 1572944770055
11-05 11:06:10.085 14235 14269 D Evaluation: Frame 1776 sent at 1572944770085
11-05 11:06:10.110 14235 14269 D Evaluation: Frame 1777 sent at 1572944770110
11-05 11:06:10.146 14235 14269 D Evaluation: Frame 1778 sent at 1572944770146
11-05 11:06:10.178 14235 14269 D Evaluation: Frame 1779 sent at 1572944770178
11-05 11:06:10.222 14235 14269 D Evaluation: Frame 1780 sent at 1572944770222
11-05 11:06:10.255 14235 14269 D Evaluation: Frame 1781 sent at 1572944770255
11-05 11:06:10.288 14235 14269 D Evaluation: Frame 1782 sent at 1572944770288
11-05 11:06:10.319 14235 14269 D Evaluation: Frame 1783 sent at 1572944770319
11-05 11:06:10.348 14235 14269 D Evaluation: Frame 1784 sent at 1572944770347
11-05 11:06:10.391 14235 14269 D Evaluation: Frame 1785 sent at 1572944770391
11-05 11:06:10.424 14235 14269 D Evaluation: Frame 1786 sent at 1572944770424
11-05 11:06:10.470 14235 14269 D Evaluation: Frame 1787 sent at 1572944770470
11-05 11:06:10.488 14235 14269 D Evaluation: Frame 1788 sent at 1572944770488
11-05 11:06:10.513 14235 14269 D Evaluation: Frame 1789 sent at 1572944770513
11-05 11:06:10.557 14235 14269 D Evaluation: Frame 1790 sent at 1572944770557
11-05 11:06:10.590 14235 14269 W System.err: java.net.SocketException: Message too long
11-05 11:06:10.590 14235 14269 W System.err: 	at sun.nio.ch.DatagramChannelImpl.send0(Native Method)
11-05 11:06:10.591 14235 14269 W System.err: 	at sun.nio.ch.DatagramChannelImpl.sendFromNativeBuffer(DatagramChannelImpl.java:573)
11-05 11:06:10.591 14235 14269 W System.err: 	at sun.nio.ch.DatagramChannelImpl.send(DatagramChannelImpl.java:550)
11-05 11:06:10.591 14235 14269 W System.err: 	at sun.nio.ch.DatagramChannelImpl.send(DatagramChannelImpl.java:514)
11-05 11:06:10.591 14235 14269 W System.err: 	at symlab.CloudAR.network.TransmissionTask.run(TransmissionTask.java:124)
11-05 11:06:10.591 14235 14269 W System.err: 	at android.os.Handler.handleCallback(Handler.java:907)
11-05 11:06:10.591 14235 14269 W System.err: 	at android.os.Handler.dispatchMessage(Handler.java:105)
11-05 11:06:10.591 14235 14269 W System.err: 	at android.os.Looper.loop(Looper.java:216)
11-05 11:06:10.591 14235 14269 W System.err: 	at android.os.HandlerThread.run(HandlerThread.java:65)
11-05 11:06:10.619 14235 14269 W System.err: java.net.SocketException: Message too long
11-05 11:06:10.619 14235 14269 W System.err: 	at sun.nio.ch.DatagramChannelImpl.send0(Native Method)
11-05 11:06:10.619 14235 14269 W System.err: 	at sun.nio.ch.DatagramChannelImpl.sendFromNativeBuffer(DatagramChannelImpl.java:573)
11-05 11:06:10.619 14235 14269 W System.err: 	at sun.nio.ch.DatagramChannelImpl.send(DatagramChannelImpl.java:550)
11-05 11:06:10.619 14235 14269 W System.err: 	at sun.nio.ch.DatagramChannelImpl.send(DatagramChannelImpl.java:514)
11-05 11:06:10.619 14235 14269 W System.err: 	at symlab.CloudAR.network.TransmissionTask.run(TransmissionTask.java:124)
11-05 11:06:10.619 14235 14269 W System.err: 	at android.os.Handler.handleCallback(Handler.java:907)
11-05 11:06:10.619 14235 14269 W System.err: 	at android.os.Handler.dispatchMessage(Handler.java:105)
11-05 11:06:10.619 14235 14269 W System.err: 	at android.os.Looper.loop(Looper.java:216)
11-05 11:06:10.619 14235 14269 W System.err: 	at android.os.HandlerThread.run(HandlerThread.java:65)
11-05 11:06:10.659 14235 14269 D Evaluation: Frame 1793 sent at 1572944770659
11-05 11:06:10.692 14235 14247 E         : [ZeroHung]zrhung_get_config: Get config failed for wp[0x0008]
11-05 11:06:10.692 14235 14269 D Evaluation: Frame 1794 sent at 1572944770692
11-05 11:06:10.728 14235 14269 W System.err: java.net.SocketException: Message too long
11-05 11:06:10.728 14235 14269 W System.err: 	at sun.nio.ch.DatagramChannelImpl.send0(Native Method)
11-05 11:06:10.728 14235 14269 W System.err: 	at sun.nio.ch.DatagramChannelImpl.sendFromNativeBuffer(DatagramChannelImpl.java:573)
11-05 11:06:10.728 14235 14269 W System.err: 	at sun.nio.ch.DatagramChannelImpl.send(DatagramChannelImpl.java:550)
11-05 11:06:10.728 14235 14269 W System.err: 	at sun.nio.ch.DatagramChannelImpl.send(DatagramChannelImpl.java:514)
11-05 11:06:10.728 14235 14269 W System.err: 	at symlab.CloudAR.network.TransmissionTask.run(TransmissionTask.java:124)
11-05 11:06:10.728 14235 14269 W System.err: 	at android.os.Handler.handleCallback(Handler.java:907)
11-05 11:06:10.728 14235 14269 W System.err: 	at android.os.Handler.dispatchMessage(Handler.java:105)
11-05 11:06:10.728 14235 14269 W System.err: 	at android.os.Looper.loop(Looper.java:216)
11-05 11:06:10.728 14235 14269 W System.err: 	at android.os.HandlerThread.run(HandlerThread.java:65)
11-05 11:06:10.784 14235 14269 D Evaluation: Frame 1796 sent at 1572944770784
11-05 11:06:10.828 14235 14269 W System.err: java.net.SocketException: Message too long
11-05 11:06:10.828 14235 14269 W System.err: 	at sun.nio.ch.DatagramChannelImpl.send0(Native Method)
11-05 11:06:10.828 14235 14269 W System.err: 	at sun.nio.ch.DatagramChannelImpl.sendFromNativeBuffer(DatagramChannelImpl.java:573)
11-05 11:06:10.828 14235 14269 W System.err: 	at sun.nio.ch.DatagramChannelImpl.send(DatagramChannelImpl.java:550)
11-05 11:06:10.828 14235 14269 W System.err: 	at sun.nio.ch.DatagramChannelImpl.send(DatagramChannelImpl.java:514)
11-05 11:06:10.828 14235 14269 W System.err: 	at symlab.CloudAR.network.TransmissionTask.run(TransmissionTask.java:124)
11-05 11:06:10.828 14235 14269 W System.err: 	at android.os.Handler.handleCallback(Handler.java:907)
11-05 11:06:10.828 14235 14269 W System.err: 	at android.os.Handler.dispatchMessage(Handler.java:105)
11-05 11:06:10.828 14235 14269 W System.err: 	at android.os.Looper.loop(Looper.java:216)
11-05 11:06:10.828 14235 14269 W System.err: 	at android.os.HandlerThread.run(HandlerThread.java:65)
11-05 11:06:10.849 14235 14269 W System.err: java.net.SocketException: Message too long
11-05 11:06:10.849 14235 14269 W System.err: 	at sun.nio.ch.DatagramChannelImpl.send0(Native Method)
11-05 11:06:10.849 14235 14269 W System.err: 	at sun.nio.ch.DatagramChannelImpl.sendFromNativeBuffer(DatagramChannelImpl.java:573)
11-05 11:06:10.849 14235 14269 W System.err: 	at sun.nio.ch.DatagramChannelImpl.send(DatagramChannelImpl.java:550)
11-05 11:06:10.849 14235 14269 W System.err: 	at sun.nio.ch.DatagramChannelImpl.send(DatagramChannelImpl.java:514)
11-05 11:06:10.849 14235 14269 W System.err: 	at symlab.CloudAR.network.TransmissionTask.run(TransmissionTask.java:124)
11-05 11:06:10.849 14235 14269 W System.err: 	at android.os.Handler.handleCallback(Handler.java:907)
11-05 11:06:10.849 14235 14269 W System.err: 	at android.os.Handler.dispatchMessage(Handler.java:105)
11-05 11:06:10.849 14235 14269 W System.err: 	at android.os.Looper.loop(Looper.java:216)
11-05 11:06:10.849 14235 14269 W System.err: 	at android.os.HandlerThread.run(HandlerThread.java:65)
11-05 11:06:10.892 14235 14269 W System.err: java.net.SocketException: Message too long
11-05 11:06:10.892 14235 14269 W System.err: 	at sun.nio.ch.DatagramChannelImpl.send0(Native Method)
11-05 11:06:10.892 14235 14269 W System.err: 	at sun.nio.ch.DatagramChannelImpl.sendFromNativeBuffer(DatagramChannelImpl.java:573)
11-05 11:06:10.892 14235 14269 W System.err: 	at sun.nio.ch.DatagramChannelImpl.send(DatagramChannelImpl.java:550)
11-05 11:06:10.892 14235 14269 W System.err: 	at sun.nio.ch.DatagramChannelImpl.send(DatagramChannelImpl.java:514)
11-05 11:06:10.892 14235 14269 W System.err: 	at symlab.CloudAR.network.TransmissionTask.run(TransmissionTask.java:124)
11-05 11:06:10.892 14235 14269 W System.err: 	at android.os.Handler.handleCallback(Handler.java:907)
11-05 11:06:10.892 14235 14269 W System.err: 	at android.os.Handler.dispatchMessage(Handler.java:105)
11-05 11:06:10.892 14235 14269 W System.err: 	at android.os.Looper.loop(Looper.java:216)
11-05 11:06:10.892 14235 14269 W System.err: 	at android.os.HandlerThread.run(HandlerThread.java:65)
11-05 11:06:10.928 14235 14269 W System.err: java.net.SocketException: Message too long
11-05 11:06:10.929 14235 14269 W System.err: 	at sun.nio.ch.DatagramChannelImpl.send0(Native Method)
11-05 11:06:10.929 14235 14269 W System.err: 	at sun.nio.ch.DatagramChannelImpl.sendFromNativeBuffer(DatagramChannelImpl.java:573)
11-05 11:06:10.929 14235 14269 W System.err: 	at sun.nio.ch.DatagramChannelImpl.send(DatagramChannelImpl.java:550)
11-05 11:06:10.929 14235 14269 W System.err: 	at sun.nio.ch.DatagramChannelImpl.send(DatagramChannelImpl.java:514)
11-05 11:06:10.929 14235 14269 W System.err: 	at symlab.CloudAR.network.TransmissionTask.run(TransmissionTask.java:124)
11-05 11:06:10.929 14235 14269 W System.err: 	at android.os.Handler.handleCallback(Handler.java:907)
11-05 11:06:10.929 14235 14269 W System.err: 	at android.os.Handler.dispatchMessage(Handler.java:105)
11-05 11:06:10.929 14235 14269 W System.err: 	at android.os.Looper.loop(Looper.java:216)
11-05 11:06:10.929 14235 14269 W System.err: 	at android.os.HandlerThread.run(HandlerThread.java:65)
11-05 11:06:10.952 14235 14269 W System.err: java.net.SocketException: Message too long
11-05 11:06:10.952 14235 14269 W System.err: 	at sun.nio.ch.DatagramChannelImpl.send0(Native Method)
11-05 11:06:10.952 14235 14269 W System.err: 	at sun.nio.ch.DatagramChannelImpl.sendFromNativeBuffer(DatagramChannelImpl.java:573)
11-05 11:06:10.952 14235 14269 W System.err: 	at sun.nio.ch.DatagramChannelImpl.send(DatagramChannelImpl.java:550)
11-05 11:06:10.952 14235 14269 W System.err: 	at sun.nio.ch.DatagramChannelImpl.send(DatagramChannelImpl.java:514)
11-05 11:06:10.952 14235 14269 W System.err: 	at symlab.CloudAR.network.TransmissionTask.run(TransmissionTask.java:124)
11-05 11:06:10.952 14235 14269 W System.err: 	at android.os.Handler.handleCallback(Handler.java:907)
11-05 11:06:10.952 14235 14269 W System.err: 	at android.os.Handler.dispatchMessage(Handler.java:105)
11-05 11:06:10.952 14235 14269 W System.err: 	at android.os.Looper.loop(Looper.java:216)
11-05 11:06:10.952 14235 14269 W System.err: 	at android.os.HandlerThread.run(HandlerThread.java:65)
11-05 11:06:11.003 14235 14269 W System.err: java.net.SocketException: Message too long
11-05 11:06:11.003 14235 14269 W System.err: 	at sun.nio.ch.DatagramChannelImpl.send0(Native Method)
11-05 11:06:11.003 14235 14269 W System.err: 	at sun.nio.ch.DatagramChannelImpl.sendFromNativeBuffer(DatagramChannelImpl.java:573)
11-05 11:06:11.003 14235 14269 W System.err: 	at sun.nio.ch.DatagramChannelImpl.send(DatagramChannelImpl.java:550)
11-05 11:06:11.003 14235 14269 W System.err: 	at sun.nio.ch.DatagramChannelImpl.send(DatagramChannelImpl.java:514)
11-05 11:06:11.003 14235 14269 W System.err: 	at symlab.CloudAR.network.TransmissionTask.run(TransmissionTask.java:124)
11-05 11:06:11.003 14235 14269 W System.err: 	at android.os.Handler.handleCallback(Handler.java:907)
11-05 11:06:11.003 14235 14269 W System.err: 	at android.os.Handler.dispatchMessage(Handler.java:105)
11-05 11:06:11.003 14235 14269 W System.err: 	at android.os.Looper.loop(Looper.java:216)
11-05 11:06:11.003 14235 14269 W System.err: 	at android.os.HandlerThread.run(HandlerThread.java:65)
11-05 11:06:11.030 14235 14269 D Evaluation: Frame 1803 sent at 1572944771030
11-05 11:06:11.052 14235 14269 W System.err: java.net.SocketException: Message too long
11-05 11:06:11.052 14235 14269 W System.err: 	at sun.nio.ch.DatagramChannelImpl.send0(Native Method)
11-05 11:06:11.052 14235 14269 W System.err: 	at sun.nio.ch.DatagramChannelImpl.sendFromNativeBuffer(DatagramChannelImpl.java:573)
11-05 11:06:11.052 14235 14269 W System.err: 	at sun.nio.ch.DatagramChannelImpl.send(DatagramChannelImpl.java:550)
11-05 11:06:11.052 14235 14269 W System.err: 	at sun.nio.ch.DatagramChannelImpl.send(DatagramChannelImpl.java:514)
11-05 11:06:11.052 14235 14269 W System.err: 	at symlab.CloudAR.network.TransmissionTask.run(TransmissionTask.java:124)
11-05 11:06:11.052 14235 14269 W System.err: 	at android.os.Handler.handleCallback(Handler.java:907)
11-05 11:06:11.052 14235 14269 W System.err: 	at android.os.Handler.dispatchMessage(Handler.java:105)
11-05 11:06:11.052 14235 14269 W System.err: 	at android.os.Looper.loop(Looper.java:216)
11-05 11:06:11.052 14235 14269 W System.err: 	at android.os.HandlerThread.run(HandlerThread.java:65)
11-05 11:06:11.087 14235 14269 W System.err: java.net.SocketException: Message too long
11-05 11:06:11.087 14235 14269 W System.err: 	at sun.nio.ch.DatagramChannelImpl.send0(Native Method)
11-05 11:06:11.087 14235 14269 W System.err: 	at sun.nio.ch.DatagramChannelImpl.sendFromNativeBuffer(DatagramChannelImpl.java:573)
11-05 11:06:11.087 14235 14269 W System.err: 	at sun.nio.ch.DatagramChannelImpl.send(DatagramChannelImpl.java:550)
11-05 11:06:11.087 14235 14269 W System.err: 	at sun.nio.ch.DatagramChannelImpl.send(DatagramChannelImpl.java:514)
11-05 11:06:11.087 14235 14269 W System.err: 	at symlab.CloudAR.network.TransmissionTask.run(TransmissionTask.java:124)
11-05 11:06:11.087 14235 14269 W System.err: 	at android.os.Handler.handleCallback(Handler.java:907)
11-05 11:06:11.087 14235 14269 W System.err: 	at android.os.Handler.dispatchMessage(Handler.java:105)
11-05 11:06:11.087 14235 14269 W System.err: 	at android.os.Looper.loop(Looper.java:216)
11-05 11:06:11.087 14235 14269 W System.err: 	at android.os.HandlerThread.run(HandlerThread.java:65)
11-05 11:06:11.122 14235 14269 W System.err: java.net.SocketException: Message too long
11-05 11:06:11.122 14235 14269 W System.err: 	at sun.nio.ch.DatagramChannelImpl.send0(Native Method)
11-05 11:06:11.122 14235 14269 W System.err: 	at sun.nio.ch.DatagramChannelImpl.sendFromNativeBuffer(DatagramChannelImpl.java:573)
11-05 11:06:11.122 14235 14269 W System.err: 	at sun.nio.ch.DatagramChannelImpl.send(DatagramChannelImpl.java:550)
11-05 11:06:11.122 14235 14269 W System.err: 	at sun.nio.ch.DatagramChannelImpl.send(DatagramChannelImpl.java:514)
11-05 11:06:11.122 14235 14269 W System.err: 	at symlab.CloudAR.network.TransmissionTask.run(TransmissionTask.java:124)
11-05 11:06:11.122 14235 14269 W System.err: 	at android.os.Handler.handleCallback(Handler.java:907)
11-05 11:06:11.122 14235 14269 W System.err: 	at android.os.Handler.dispatchMessage(Handler.java:105)
11-05 11:06:11.122 14235 14269 W System.err: 	at android.os.Looper.loop(Looper.java:216)
11-05 11:06:11.122 14235 14269 W System.err: 	at android.os.HandlerThread.run(HandlerThread.java:65)
11-05 11:06:11.156 14235 14269 W System.err: java.net.SocketException: Message too long
11-05 11:06:11.156 14235 14269 W System.err: 	at sun.nio.ch.DatagramChannelImpl.send0(Native Method)
11-05 11:06:11.156 14235 14269 W System.err: 	at sun.nio.ch.DatagramChannelImpl.sendFromNativeBuffer(DatagramChannelImpl.java:573)
11-05 11:06:11.156 14235 14269 W System.err: 	at sun.nio.ch.DatagramChannelImpl.send(DatagramChannelImpl.java:550)
11-05 11:06:11.156 14235 14269 W System.err: 	at sun.nio.ch.DatagramChannelImpl.send(DatagramChannelImpl.java:514)
11-05 11:06:11.156 14235 14269 W System.err: 	at symlab.CloudAR.network.TransmissionTask.run(TransmissionTask.java:124)
11-05 11:06:11.156 14235 14269 W System.err: 	at android.os.Handler.handleCallback(Handler.java:907)
11-05 11:06:11.156 14235 14269 W System.err: 	at android.os.Handler.dispatchMessage(Handler.java:105)
11-05 11:06:11.156 14235 14269 W System.err: 	at android.os.Looper.loop(Looper.java:216)
11-05 11:06:11.156 14235 14269 W System.err: 	at android.os.HandlerThread.run(HandlerThread.java:65)
11-05 11:06:11.193 14235 14269 W System.err: java.net.SocketException: Message too long
11-05 11:06:11.193 14235 14269 W System.err: 	at sun.nio.ch.DatagramChannelImpl.send0(Native Method)
11-05 11:06:11.193 14235 14269 W System.err: 	at sun.nio.ch.DatagramChannelImpl.sendFromNativeBuffer(DatagramChannelImpl.java:573)
11-05 11:06:11.193 14235 14269 W System.err: 	at sun.nio.ch.DatagramChannelImpl.send(DatagramChannelImpl.java:550)
11-05 11:06:11.193 14235 14269 W System.err: 	at sun.nio.ch.DatagramChannelImpl.send(DatagramChannelImpl.java:514)
11-05 11:06:11.193 14235 14269 W System.err: 	at symlab.CloudAR.network.TransmissionTask.run(TransmissionTask.java:124)
11-05 11:06:11.193 14235 14269 W System.err: 	at android.os.Handler.handleCallback(Handler.java:907)
11-05 11:06:11.193 14235 14269 W System.err: 	at android.os.Handler.dispatchMessage(Handler.java:105)
11-05 11:06:11.193 14235 14269 W System.err: 	at android.os.Looper.loop(Looper.java:216)
11-05 11:06:11.193 14235 14269 W System.err: 	at android.os.HandlerThread.run(HandlerThread.java:65)
11-05 11:06:11.222 14235 14269 W System.err: java.net.SocketException: Message too long
11-05 11:06:11.222 14235 14269 W System.err: 	at sun.nio.ch.DatagramChannelImpl.send0(Native Method)
11-05 11:06:11.222 14235 14269 W System.err: 	at sun.nio.ch.DatagramChannelImpl.sendFromNativeBuffer(DatagramChannelImpl.java:573)
11-05 11:06:11.222 14235 14269 W System.err: 	at sun.nio.ch.DatagramChannelImpl.send(DatagramChannelImpl.java:550)
11-05 11:06:11.222 14235 14269 W System.err: 	at sun.nio.ch.DatagramChannelImpl.send(DatagramChannelImpl.java:514)
11-05 11:06:11.222 14235 14269 W System.err: 	at symlab.CloudAR.network.TransmissionTask.run(TransmissionTask.java:124)
11-05 11:06:11.222 14235 14269 W System.err: 	at android.os.Handler.handleCallback(Handler.java:907)
11-05 11:06:11.222 14235 14269 W System.err: 	at android.os.Handler.dispatchMessage(Handler.java:105)
11-05 11:06:11.222 14235 14269 W System.err: 	at android.os.Looper.loop(Looper.java:216)
11-05 11:06:11.222 14235 14269 W System.err: 	at android.os.HandlerThread.run(HandlerThread.java:65)
11-05 11:06:11.259 14235 14269 W System.err: java.net.SocketException: Message too long
11-05 11:06:11.259 14235 14269 W System.err: 	at sun.nio.ch.DatagramChannelImpl.send0(Native Method)
11-05 11:06:11.259 14235 14269 W System.err: 	at sun.nio.ch.DatagramChannelImpl.sendFromNativeBuffer(DatagramChannelImpl.java:573)
11-05 11:06:11.259 14235 14269 W System.err: 	at sun.nio.ch.DatagramChannelImpl.send(DatagramChannelImpl.java:550)
11-05 11:06:11.259 14235 14269 W System.err: 	at sun.nio.ch.DatagramChannelImpl.send(DatagramChannelImpl.java:514)
11-05 11:06:11.259 14235 14269 W System.err: 	at symlab.CloudAR.network.TransmissionTask.run(TransmissionTask.java:124)
11-05 11:06:11.259 14235 14269 W System.err: 	at android.os.Handler.handleCallback(Handler.java:907)
11-05 11:06:11.260 14235 14269 W System.err: 	at android.os.Handler.dispatchMessage(Handler.java:105)
11-05 11:06:11.260 14235 14269 W System.err: 	at android.os.Looper.loop(Looper.java:216)
11-05 11:06:11.260 14235 14269 W System.err: 	at android.os.HandlerThread.run(HandlerThread.java:65)
11-05 11:06:11.290 14235 14269 W System.err: java.net.SocketException: Message too long
11-05 11:06:11.290 14235 14269 W System.err: 	at sun.nio.ch.DatagramChannelImpl.send0(Native Method)
11-05 11:06:11.290 14235 14269 W System.err: 	at sun.nio.ch.DatagramChannelImpl.sendFromNativeBuffer(DatagramChannelImpl.java:573)
11-05 11:06:11.290 14235 14269 W System.err: 	at sun.nio.ch.DatagramChannelImpl.send(DatagramChannelImpl.java:550)
11-05 11:06:11.290 14235 14269 W System.err: 	at sun.nio.ch.DatagramChannelImpl.send(DatagramChannelImpl.java:514)
11-05 11:06:11.290 14235 14269 W System.err: 	at symlab.CloudAR.network.TransmissionTask.run(TransmissionTask.java:124)
11-05 11:06:11.290 14235 14269 W System.err: 	at android.os.Handler.handleCallback(Handler.java:907)
11-05 11:06:11.290 14235 14269 W System.err: 	at android.os.Handler.dispatchMessage(Handler.java:105)
11-05 11:06:11.290 14235 14269 W System.err: 	at android.os.Looper.loop(Looper.java:216)
11-05 11:06:11.290 14235 14269 W System.err: 	at android.os.HandlerThread.run(HandlerThread.java:65)
11-05 11:06:11.322 14235 14269 W System.err: java.net.SocketException: Message too long
11-05 11:06:11.322 14235 14269 W System.err: 	at sun.nio.ch.DatagramChannelImpl.send0(Native Method)
11-05 11:06:11.322 14235 14269 W System.err: 	at sun.nio.ch.DatagramChannelImpl.sendFromNativeBuffer(DatagramChannelImpl.java:573)
11-05 11:06:11.322 14235 14269 W System.err: 	at sun.nio.ch.DatagramChannelImpl.send(DatagramChannelImpl.java:550)
11-05 11:06:11.322 14235 14269 W System.err: 	at sun.nio.ch.DatagramChannelImpl.send(DatagramChannelImpl.java:514)
11-05 11:06:11.322 14235 14269 W System.err: 	at symlab.CloudAR.network.TransmissionTask.run(TransmissionTask.java:124)
11-05 11:06:11.323 14235 14269 W System.err: 	at android.os.Handler.handleCallback(Handler.java:907)
11-05 11:06:11.323 14235 14269 W System.err: 	at android.os.Handler.dispatchMessage(Handler.java:105)
11-05 11:06:11.323 14235 14269 W System.err: 	at android.os.Looper.loop(Looper.java:216)
11-05 11:06:11.323 14235 14269 W System.err: 	at android.os.HandlerThread.run(HandlerThread.java:65)
11-05 11:06:11.360 14235 14269 W System.err: java.net.SocketException: Message too long
11-05 11:06:11.361 14235 14269 W System.err: 	at sun.nio.ch.DatagramChannelImpl.send0(Native Method)
11-05 11:06:11.361 14235 14269 W System.err: 	at sun.nio.ch.DatagramChannelImpl.sendFromNativeBuffer(DatagramChannelImpl.java:573)
11-05 11:06:11.361 14235 14269 W System.err: 	at sun.nio.ch.DatagramChannelImpl.send(DatagramChannelImpl.java:550)
11-05 11:06:11.361 14235 14269 W System.err: 	at sun.nio.ch.DatagramChannelImpl.send(DatagramChannelImpl.java:514)
11-05 11:06:11.361 14235 14269 W System.err: 	at symlab.CloudAR.network.TransmissionTask.run(TransmissionTask.java:124)
11-05 11:06:11.361 14235 14269 W System.err: 	at android.os.Handler.handleCallback(Handler.java:907)
11-05 11:06:11.361 14235 14269 W System.err: 	at android.os.Handler.dispatchMessage(Handler.java:105)
11-05 11:06:11.361 14235 14269 W System.err: 	at android.os.Looper.loop(Looper.java:216)
11-05 11:06:11.361 14235 14269 W System.err: 	at android.os.HandlerThread.run(HandlerThread.java:65)
11-05 11:06:11.394 14235 14269 W System.err: java.net.SocketException: Message too long
11-05 11:06:11.395 14235 14269 W System.err: 	at sun.nio.ch.DatagramChannelImpl.send0(Native Method)
11-05 11:06:11.395 14235 14269 W System.err: 	at sun.nio.ch.DatagramChannelImpl.sendFromNativeBuffer(DatagramChannelImpl.java:573)
11-05 11:06:11.395 14235 14269 W System.err: 	at sun.nio.ch.DatagramChannelImpl.send(DatagramChannelImpl.java:550)
11-05 11:06:11.395 14235 14269 W System.err: 	at sun.nio.ch.DatagramChannelImpl.send(DatagramChannelImpl.java:514)
11-05 11:06:11.395 14235 14269 W System.err: 	at symlab.CloudAR.network.TransmissionTask.run(TransmissionTask.java:124)
11-05 11:06:11.395 14235 14269 W System.err: 	at android.os.Handler.handleCallback(Handler.java:907)
11-05 11:06:11.395 14235 14269 W System.err: 	at android.os.Handler.dispatchMessage(Handler.java:105)
11-05 11:06:11.395 14235 14269 W System.err: 	at android.os.Looper.loop(Looper.java:216)
11-05 11:06:11.395 14235 14269 W System.err: 	at android.os.HandlerThread.run(HandlerThread.java:65)
11-05 11:06:11.424 14235 14269 W System.err: java.net.SocketException: Message too long
11-05 11:06:11.424 14235 14269 W System.err: 	at sun.nio.ch.DatagramChannelImpl.send0(Native Method)
11-05 11:06:11.425 14235 14269 W System.err: 	at sun.nio.ch.DatagramChannelImpl.sendFromNativeBuffer(DatagramChannelImpl.java:573)
11-05 11:06:11.425 14235 14269 W System.err: 	at sun.nio.ch.DatagramChannelImpl.send(DatagramChannelImpl.java:550)
11-05 11:06:11.425 14235 14269 W System.err: 	at sun.nio.ch.DatagramChannelImpl.send(DatagramChannelImpl.java:514)
11-05 11:06:11.425 14235 14269 W System.err: 	at symlab.CloudAR.network.TransmissionTask.run(TransmissionTask.java:124)
11-05 11:06:11.425 14235 14269 W System.err: 	at android.os.Handler.handleCallback(Handler.java:907)
11-05 11:06:11.425 14235 14269 W System.err: 	at android.os.Handler.dispatchMessage(Handler.java:105)
11-05 11:06:11.425 14235 14269 W System.err: 	at android.os.Looper.loop(Looper.java:216)
11-05 11:06:11.425 14235 14269 W System.err: 	at android.os.HandlerThread.run(HandlerThread.java:65)
11-05 11:06:11.458 14235 14269 W System.err: java.net.SocketException: Message too long
11-05 11:06:11.459 14235 14269 W System.err: 	at sun.nio.ch.DatagramChannelImpl.send0(Native Method)
11-05 11:06:11.459 14235 14269 W System.err: 	at sun.nio.ch.DatagramChannelImpl.sendFromNativeBuffer(DatagramChannelImpl.java:573)
11-05 11:06:11.459 14235 14269 W System.err: 	at sun.nio.ch.DatagramChannelImpl.send(DatagramChannelImpl.java:550)
11-05 11:06:11.459 14235 14269 W System.err: 	at sun.nio.ch.DatagramChannelImpl.send(DatagramChannelImpl.java:514)
11-05 11:06:11.459 14235 14269 W System.err: 	at symlab.CloudAR.network.TransmissionTask.run(TransmissionTask.java:124)
11-05 11:06:11.459 14235 14269 W System.err: 	at android.os.Handler.handleCallback(Handler.java:907)
11-05 11:06:11.459 14235 14269 W System.err: 	at android.os.Handler.dispatchMessage(Handler.java:105)
11-05 11:06:11.459 14235 14269 W System.err: 	at android.os.Looper.loop(Looper.java:216)
11-05 11:06:11.459 14235 14269 W System.err: 	at android.os.HandlerThread.run(HandlerThread.java:65)
11-05 11:06:11.492 14235 14269 W System.err: java.net.SocketException: Message too long
11-05 11:06:11.492 14235 14269 W System.err: 	at sun.nio.ch.DatagramChannelImpl.send0(Native Method)
11-05 11:06:11.492 14235 14269 W System.err: 	at sun.nio.ch.DatagramChannelImpl.sendFromNativeBuffer(DatagramChannelImpl.java:573)
11-05 11:06:11.492 14235 14269 W System.err: 	at sun.nio.ch.DatagramChannelImpl.send(DatagramChannelImpl.java:550)
11-05 11:06:11.492 14235 14269 W System.err: 	at sun.nio.ch.DatagramChannelImpl.send(DatagramChannelImpl.java:514)
11-05 11:06:11.492 14235 14269 W System.err: 	at symlab.CloudAR.network.TransmissionTask.run(TransmissionTask.java:124)
11-05 11:06:11.492 14235 14269 W System.err: 	at android.os.Handler.handleCallback(Handler.java:907)
11-05 11:06:11.492 14235 14269 W System.err: 	at android.os.Handler.dispatchMessage(Handler.java:105)
11-05 11:06:11.492 14235 14269 W System.err: 	at android.os.Looper.loop(Looper.java:216)
11-05 11:06:11.492 14235 14269 W System.err: 	at android.os.HandlerThread.run(HandlerThread.java:65)
11-05 11:06:11.542 14235 14269 W System.err: java.net.SocketException: Message too long
11-05 11:06:11.543 14235 14269 W System.err: 	at sun.nio.ch.DatagramChannelImpl.send0(Native Method)
11-05 11:06:11.543 14235 14269 W System.err: 	at sun.nio.ch.DatagramChannelImpl.sendFromNativeBuffer(DatagramChannelImpl.java:573)
11-05 11:06:11.543 14235 14269 W System.err: 	at sun.nio.ch.DatagramChannelImpl.send(DatagramChannelImpl.java:550)
11-05 11:06:11.543 14235 14269 W System.err: 	at sun.nio.ch.DatagramChannelImpl.send(DatagramChannelImpl.java:514)
11-05 11:06:11.543 14235 14269 W System.err: 	at symlab.CloudAR.network.TransmissionTask.run(TransmissionTask.java:124)
11-05 11:06:11.543 14235 14269 W System.err: 	at android.os.Handler.handleCallback(Handler.java:907)
11-05 11:06:11.543 14235 14269 W System.err: 	at android.os.Handler.dispatchMessage(Handler.java:105)
11-05 11:06:11.543 14235 14269 W System.err: 	at android.os.Looper.loop(Looper.java:216)
11-05 11:06:11.543 14235 14269 W System.err: 	at android.os.HandlerThread.run(HandlerThread.java:65)
11-05 11:06:11.566 14235 14269 W System.err: java.net.SocketException: Message too long
11-05 11:06:11.566 14235 14269 W System.err: 	at sun.nio.ch.DatagramChannelImpl.send0(Native Method)
11-05 11:06:11.566 14235 14269 W System.err: 	at sun.nio.ch.DatagramChannelImpl.sendFromNativeBuffer(DatagramChannelImpl.java:573)
11-05 11:06:11.566 14235 14269 W System.err: 	at sun.nio.ch.DatagramChannelImpl.send(DatagramChannelImpl.java:550)
11-05 11:06:11.566 14235 14269 W System.err: 	at sun.nio.ch.DatagramChannelImpl.send(DatagramChannelImpl.java:514)
11-05 11:06:11.566 14235 14269 W System.err: 	at symlab.CloudAR.network.TransmissionTask.run(TransmissionTask.java:124)
11-05 11:06:11.566 14235 14269 W System.err: 	at android.os.Handler.handleCallback(Handler.java:907)
11-05 11:06:11.566 14235 14269 W System.err: 	at android.os.Handler.dispatchMessage(Handler.java:105)
11-05 11:06:11.566 14235 14269 W System.err: 	at android.os.Looper.loop(Looper.java:216)
11-05 11:06:11.566 14235 14269 W System.err: 	at android.os.HandlerThread.run(HandlerThread.java:65)
11-05 11:06:11.590 14235 14247 E         : [ZeroHung]zrhung_get_config: Get config failed for wp[0x0008]
11-05 11:06:11.590 14235 14269 W System.err: java.net.SocketException: Message too long
11-05 11:06:11.590 14235 14269 W System.err: 	at sun.nio.ch.DatagramChannelImpl.send0(Native Method)
11-05 11:06:11.590 14235 14269 W System.err: 	at sun.nio.ch.DatagramChannelImpl.sendFromNativeBuffer(DatagramChannelImpl.java:573)
11-05 11:06:11.590 14235 14269 W System.err: 	at sun.nio.ch.DatagramChannelImpl.send(DatagramChannelImpl.java:550)
11-05 11:06:11.590 14235 14269 W System.err: 	at sun.nio.ch.DatagramChannelImpl.send(DatagramChannelImpl.java:514)
11-05 11:06:11.590 14235 14269 W System.err: 	at symlab.CloudAR.network.TransmissionTask.run(TransmissionTask.java:124)
11-05 11:06:11.590 14235 14269 W System.err: 	at android.os.Handler.handleCallback(Handler.java:907)
11-05 11:06:11.590 14235 14269 W System.err: 	at android.os.Handler.dispatchMessage(Handler.java:105)
11-05 11:06:11.591 14235 14269 W System.err: 	at android.os.Looper.loop(Looper.java:216)
11-05 11:06:11.591 14235 14269 W System.err: 	at android.os.HandlerThread.run(HandlerThread.java:65)
11-05 11:06:11.630 14235 14269 W System.err: java.net.SocketException: Message too long
11-05 11:06:11.630 14235 14269 W System.err: 	at sun.nio.ch.DatagramChannelImpl.send0(Native Method)
11-05 11:06:11.630 14235 14269 W System.err: 	at sun.nio.ch.DatagramChannelImpl.sendFromNativeBuffer(DatagramChannelImpl.java:573)
11-05 11:06:11.630 14235 14269 W System.err: 	at sun.nio.ch.DatagramChannelImpl.send(DatagramChannelImpl.java:550)
11-05 11:06:11.630 14235 14269 W System.err: 	at sun.nio.ch.DatagramChannelImpl.send(DatagramChannelImpl.java:514)
