--------- beginning of main
11-05 11:25:59.305  6514  6514 D ZrHung.AppEyeUiProbe: notify runnable to start.
11-05 11:25:59.305  6514  6541 D ZrHung.AppEyeUiProbe: Runnable thread started.
11-05 11:25:59.305  6514  6541 D IMonitor: Load library imonitor_jni
11-05 11:25:59.307  6538  6538 W logcat  : type=1400 audit(0.0:877): avc: granted { create } for name="logcat_1572945959295.txt" scontext=u:r:untrusted_app:s0:c149,c256,c512,c768 tcontext=u:object_r:sdcardfs:s0:c149,c256,c512,c768 tclass=file
11-05 11:25:59.308  6514  6541 E         : [ZeroHung]zrhung_get_config: Get config failed for wp[0x0102]
11-05 11:25:59.308  6514  6541 W ZrHung.AppEyeUiProbe: Failed to get config from zrhung
11-05 11:25:59.317  6514  6514 I MultiDex: Installing application
11-05 11:25:59.317  6514  6514 I MultiDex: VM has multidex support, MultiDex support library is disabled.
--------- beginning of system
11-05 11:25:59.319  6514  6514 V ActivityThread: callActivityOnCreate
11-05 11:25:59.319  6514  6514 I Poster  :  onCreate() called.
11-05 11:25:59.322  6514  6514 I HwApsImpl: APS: new HwApsImpl created
11-05 11:25:59.328  6514  6514 V HwWidgetFactory: : successes to get AllImpl object and return....
11-05 11:25:59.336  6514  6514 D OpenGLRenderer: Skia GL Pipeline
11-05 11:25:59.359  6514  6514 D Poster  : Server bound to IP 193.166.28.132 and port 52727
11-05 11:25:59.363  6514  6549 D Evaluation: metadata 0 sent 
11-05 11:25:59.364  6514  6514 D ActivityThread: add activity client record, r= ActivityRecord{2968de0 token=android.os.BinderProxy@406e6b {symlab.cloudridar.arhud/symlab.ARHUD.MainActivity}} token= android.os.BinderProxy@406e6b
11-05 11:25:59.366  6514  6514 I Poster  :  onStart() called.
11-05 11:25:59.367  6514  6514 D ZrHung.AppEyeUiProbe: notify runnable to start.
11-05 11:25:59.368  6514  6514 I Poster  :  onResume() called.
11-05 11:25:59.373  6514  6514 I PermissionManager: camera remind result:true
11-05 11:25:59.373  6514  6514 I Camera  : open camera: 0, package name: symlab.cloudridar.arhud
11-05 11:25:59.373  6514  6514 I BackgroundPermManager: pkgName: symlab.cloudridar.arhud,pid: 6514 ,uidOf3RdApk: 10149 ,permType: 0 ,permCfg: 1
11-05 11:25:59.374  6514  6514 I HwCameraUtil: notifySurfaceFlingerCameraStatus : isFront = false , isOpend = true
11-05 11:25:59.385  6514  6514 D ActivityThread: isOptEnabled=false isWechatScanOpt=false
11-05 11:25:59.388  6514  6514 I HwSecImmHelper: mSecurityInputMethodService is null
11-05 11:25:59.394  6514  6514 D OpenGLRenderer:   HWUI Binary is  enabled
11-05 11:25:59.413  6514  6582 D HiTouch_PressGestureDetector: onAttached, package=symlab.cloudridar.arhud, windowType=1, mHiTouchRestricted=false
11-05 11:25:59.422  6514  6578 I ConfigStore: android::hardware::configstore::V1_0::ISurfaceFlingerConfigs::hasWideColorDisplay retrieved: 0
11-05 11:25:59.422  6514  6578 I ConfigStore: android::hardware::configstore::V1_0::ISurfaceFlingerConfigs::hasHDRDisplay retrieved: 0
11-05 11:25:59.422  6514  6578 I iGraphics: [0020080c] pn: symlab.cloudridar.arhud, p: 6514
11-05 11:25:59.422  6514  6578 I OpenGLRenderer: Initialized EGL, version 1.4, mEglDisplay 0x1
11-05 11:25:59.422  6514  6578 D OpenGLRenderer: Swap behavior 2
11-05 11:25:59.433  6514  6578 D mali_winsys: EGLint new_window_surface(egl_winsys_display *, void *, EGLSurface, EGLConfig, egl_winsys_surface **, EGLBoolean) returns 0x3000
11-05 11:25:59.442  6514  6514 I Poster  :  surfaceCreated() called.
11-05 11:25:59.442  6514  6514 I Poster  : initPreview() called
11-05 11:25:59.447  6514  6514 I PermissionManager: camera remind result:true
11-05 11:25:59.452  6514  6514 I Poster  :  surfaceChanged() called.
11-05 11:25:59.468  6514  6514 W InputMethodManager: startInputReason = 1
11-05 11:25:59.481  6514  6514 W InputMethodManager: startInputReason = 5
11-05 11:25:59.734  6514  6549 D Evaluation: metadata 1 sent 
11-05 11:25:59.761  6514  6549 D Evaluation: metadata 2 sent 
11-05 11:25:59.797  6514  6549 D Evaluation: metadata 3 sent 
11-05 11:25:59.832  6514  6549 D Evaluation: metadata 4 sent 
11-05 11:25:59.865  6514  6549 D Evaluation: metadata 5 sent 
11-05 11:25:59.915  6514  6549 D Evaluation: Frame 6 sent at 1572945959915
11-05 11:25:59.941  6514  6549 D Evaluation: Frame 7 sent at 1572945959941
11-05 11:25:59.974  6514  6549 D Evaluation: Frame 8 sent at 1572945959974
11-05 11:25:59.975  6514  6514 D Poster  : At 1572945959975 location is 65.05787687356761 (latitude), and 25.46931243702783 (longitude)
11-05 11:26:00.011  6514  6549 D Evaluation: Frame 9 sent at 1572945960011
11-05 11:26:00.047  6514  6549 D Evaluation: Frame 10 sent at 1572945960047
11-05 11:26:00.077  6514  6549 D Evaluation: Frame 11 sent at 1572945960077
11-05 11:26:00.113  6514  6549 D Evaluation: Frame 12 sent at 1572945960112
11-05 11:26:00.143  6514  6549 D Evaluation: Frame 13 sent at 1572945960143
11-05 11:26:00.179  6514  6549 D Evaluation: Frame 14 sent at 1572945960179
11-05 11:26:00.215  6514  6549 D Evaluation: Frame 15 sent at 1572945960215
11-05 11:26:00.243  6514  6549 D Evaluation: Frame 16 sent at 1572945960243
11-05 11:26:00.280  6514  6549 D Evaluation: Frame 17 sent at 1572945960280
11-05 11:26:00.314  6514  6549 D Evaluation: Frame 18 sent at 1572945960314
11-05 11:26:00.344  6514  6549 D Evaluation: Frame 19 sent at 1572945960344
11-05 11:26:00.379  6514  6549 D Evaluation: Frame 20 sent at 1572945960379
11-05 11:26:00.412  6514  6549 D Evaluation: Frame 21 sent at 1572945960412
11-05 11:26:00.445  6514  6549 D Evaluation: Frame 22 sent at 1572945960445
11-05 11:26:00.479  6514  6549 D Evaluation: Frame 23 sent at 1572945960479
11-05 11:26:00.514  6514  6549 D Evaluation: Frame 24 sent at 1572945960514
11-05 11:26:00.546  6514  6549 D Evaluation: Frame 25 sent at 1572945960546
11-05 11:26:00.581  6514  6549 D Evaluation: Frame 26 sent at 1572945960581
11-05 11:26:00.620  6514  6549 D Evaluation: Frame 27 sent at 1572945960620
11-05 11:26:00.663  6514  6549 D Evaluation: Frame 28 sent at 1572945960663
11-05 11:26:00.703  6514  6549 D Evaluation: Frame 29 sent at 1572945960703
11-05 11:26:00.762  6514  6549 D Evaluation: Frame 31 sent at 1572945960762
11-05 11:26:00.784  6514  6549 D Evaluation: Frame 31 sent at 1572945960784
11-05 11:26:00.810  6514  6525 E         : [ZeroHung]zrhung_get_config: Get config failed for wp[0x0008]
11-05 11:26:00.810  6514  6549 D Evaluation: Frame 32 sent at 1572945960810
11-05 11:26:00.837  6514  6549 D Evaluation: Frame 33 sent at 1572945960837
11-05 11:26:00.868  6514  6549 D Evaluation: Frame 34 sent at 1572945960867
11-05 11:26:00.913  6514  6549 D Evaluation: Frame 35 sent at 1572945960913
11-05 11:26:00.950  6514  6549 D Evaluation: Frame 36 sent at 1572945960950
11-05 11:26:00.965  6514  6514 D Poster  : At 1572945960965 location is 65.05787668713218 (latitude), and 25.469308644277636 (longitude)
11-05 11:26:00.973  6514  6549 D Evaluation: Frame 37 sent at 1572945960973
11-05 11:26:00.995  6514  6549 D Evaluation: Frame 38 sent at 1572945960995
11-05 11:26:01.027  6514  6549 D Evaluation: Frame 39 sent at 1572945961027
11-05 11:26:01.055  6514  6514 D stylus  : init stylus touchlistener.
11-05 11:26:01.059  6514  6514 W Settings: Setting device_provisioned has moved from android.provider.Settings.Secure to android.provider.Settings.Global.
11-05 11:26:01.059  6514  6514 V HiTouch_HiTouchSensor: User setup is finished.
11-05 11:26:01.072  6514  6549 D Evaluation: Frame 40 sent at 1572945961072
11-05 11:26:01.107  6514  6549 D Evaluation: Frame 41 sent at 1572945961107
11-05 11:26:01.108  6514  6514 W HiTouch_PressGestureDetector: Touch pointer move a lot. The moving distance of X is:11.280487, limit is:60The moving distance of Y is:60.27662, limit is:60
11-05 11:26:01.145  6514  6549 D Evaluation: Frame 42 sent at 1572945961145
11-05 11:26:01.183  6514  6549 D Evaluation: Frame 43 sent at 1572945961183
11-05 11:26:01.214  6514  6549 D Evaluation: Frame 44 sent at 1572945961214
11-05 11:26:01.237  6514  6549 D Evaluation: Frame 45 sent at 1572945961237
11-05 11:26:01.269  6514  6549 D Evaluation: Frame 46 sent at 1572945961269
11-05 11:26:01.303  6514  6549 D Evaluation: Frame 47 sent at 1572945961303
11-05 11:26:01.330  6514  6549 D Evaluation: Frame 48 sent at 1572945961330
11-05 11:26:01.365  6514  6549 D Evaluation: Frame 49 sent at 1572945961365
11-05 11:26:01.399  6514  6549 D Evaluation: Frame 50 sent at 1572945961399
11-05 11:26:01.437  6514  6549 D Evaluation: Frame 51 sent at 1572945961437
11-05 11:26:01.466  6514  6549 D Evaluation: Frame 52 sent at 1572945961466
11-05 11:26:01.495  6514  6549 D Evaluation: Frame 53 sent at 1572945961495
11-05 11:26:01.528  6514  6549 D Evaluation: Frame 54 sent at 1572945961528
11-05 11:26:01.562  6514  6549 D Evaluation: Frame 55 sent at 1572945961562
11-05 11:26:01.598  6514  6549 D Evaluation: Frame 56 sent at 1572945961598
11-05 11:26:01.628  6514  6549 D Evaluation: Frame 57 sent at 1572945961628
11-05 11:26:01.664  6514  6549 D Evaluation: Frame 58 sent at 1572945961664
11-05 11:26:01.697  6514  6549 D Evaluation: Frame 59 sent at 1572945961697
11-05 11:26:01.745  6514  6549 D Evaluation: Frame 60 sent at 1572945961745
11-05 11:26:01.764  6514  6549 D Evaluation: Frame 61 sent at 1572945961764
11-05 11:26:01.797  6514  6549 D Evaluation: Frame 62 sent at 1572945961797
11-05 11:26:01.827  6514  6549 D Evaluation: Frame 63 sent at 1572945961827
11-05 11:26:01.865  6514  6549 D Evaluation: Frame 64 sent at 1572945961865
11-05 11:26:01.902  6514  6549 D Evaluation: Frame 65 sent at 1572945961902
11-05 11:26:01.939  6514  6549 D Evaluation: Frame 66 sent at 1572945961939
11-05 11:26:01.957  6514  6514 D Poster  : At 1572945961957 location is 65.05785214444596 (latitude), and 25.469365787246716 (longitude)
11-05 11:26:01.963  6514  6549 D Evaluation: Frame 67 sent at 1572945961963
11-05 11:26:01.994  6514  6549 D Evaluation: Frame 68 sent at 1572945961994
11-05 11:26:02.033  6514  6549 D Evaluation: Frame 69 sent at 1572945962033
11-05 11:26:02.072  6514  6549 D Evaluation: Frame 70 sent at 1572945962072
11-05 11:26:02.102  6514  6549 D Evaluation: Frame 71 sent at 1572945962102
11-05 11:26:02.135  6514  6549 D Evaluation: Frame 72 sent at 1572945962135
11-05 11:26:02.169  6514  6525 E         : [ZeroHung]zrhung_get_config: Get config failed for wp[0x0008]
11-05 11:26:02.169  6514  6549 D Evaluation: Frame 73 sent at 1572945962169
11-05 11:26:02.212  6514  6549 D Evaluation: Frame 74 sent at 1572945962212
11-05 11:26:02.237  6514  6549 D Evaluation: Frame 75 sent at 1572945962237
11-05 11:26:02.284  6514  6549 D Evaluation: Frame 76 sent at 1572945962284
11-05 11:26:02.306  6514  6549 D Evaluation: Frame 77 sent at 1572945962305
11-05 11:26:02.340  6514  6549 D Evaluation: Frame 78 sent at 1572945962340
11-05 11:26:02.375  6514  6549 D Evaluation: Frame 79 sent at 1572945962375
11-05 11:26:02.399  6514  6549 D Evaluation: Frame 80 sent at 1572945962399
11-05 11:26:02.433  6514  6549 D Evaluation: Frame 81 sent at 1572945962433
11-05 11:26:02.473  6514  6549 D Evaluation: Frame 82 sent at 1572945962472
11-05 11:26:02.504  6514  6549 D Evaluation: Frame 83 sent at 1572945962504
11-05 11:26:02.542  6514  6549 D Evaluation: Frame 84 sent at 1572945962542
11-05 11:26:02.583  6514  6549 D Evaluation: Frame 85 sent at 1572945962583
11-05 11:26:02.608  6514  6549 D Evaluation: Frame 86 sent at 1572945962608
11-05 11:26:02.641  6514  6549 D Evaluation: Frame 87 sent at 1572945962641
11-05 11:26:02.675  6514  6549 D Evaluation: Frame 88 sent at 1572945962675
11-05 11:26:02.677  6514  6549 D Evaluation: 0 res for frame 81 received at 1572945962677
11-05 11:26:02.708  6514  6549 D Evaluation: Frame 89 sent at 1572945962708
11-05 11:26:02.745  6514  6549 D Evaluation: Frame 90 sent at 1572945962745
11-05 11:26:02.746  6514  6549 D Evaluation: 0 res for frame 82 received at 1572945962746
11-05 11:26:02.782  6514  6549 D Evaluation: Frame 91 sent at 1572945962782
11-05 11:26:02.817  6514  6549 D Evaluation: Frame 92 sent at 1572945962817
11-05 11:26:02.818  6514  6549 D Evaluation: 0 res for frame 83 received at 1572945962818
11-05 11:26:02.842  6514  6549 D Evaluation: Frame 93 sent at 1572945962842
11-05 11:26:02.875  6514  6549 D Evaluation: Frame 94 sent at 1572945962875
11-05 11:26:02.909  6514  6549 D Evaluation: Frame 95 sent at 1572945962909
11-05 11:26:02.910  6514  6549 D Evaluation: 0 res for frame 84 received at 1572945962910
11-05 11:26:02.939  6514  6549 D Evaluation: Frame 96 sent at 1572945962939
11-05 11:26:02.940  6514  6549 D Evaluation: 1 res for frame 85 received at 1572945962940
11-05 11:26:02.973  6514  6514 D Poster  : At 1572945962973 location is 65.05784314341057 (latitude), and 25.469395703449667 (longitude)
11-05 11:26:02.984  6514  6549 D Evaluation: Frame 97 sent at 1572945962984
11-05 11:26:03.008  6514  6549 D Evaluation: Frame 98 sent at 1572945963008
11-05 11:26:03.009  6514  6549 D Evaluation: 1 res for frame 86 received at 1572945963009
11-05 11:26:03.042  6514  6549 D Evaluation: Frame 99 sent at 1572945963042
11-05 11:26:03.043  6514  6549 D Evaluation: 1 res for frame 87 received at 1572945963043
11-05 11:26:03.076  6514  6549 D Evaluation: Frame 100 sent at 1572945963076
11-05 11:26:03.078  6514  6549 D Evaluation: 0 res for frame 88 received at 1572945963078
11-05 11:26:03.110  6514  6549 D Evaluation: Frame 101 sent at 1572945963110
11-05 11:26:03.146  6514  6549 D Evaluation: Frame 102 sent at 1572945963146
11-05 11:26:03.179  6514  6549 D Evaluation: Frame 103 sent at 1572945963179
11-05 11:26:03.210  6514  6549 D Evaluation: Frame 104 sent at 1572945963210
11-05 11:26:03.244  6514  6549 D Evaluation: Frame 105 sent at 1572945963244
11-05 11:26:03.279  6514  6549 D Evaluation: Frame 106 sent at 1572945963279
11-05 11:26:03.312  6514  6549 D Evaluation: Frame 107 sent at 1572945963312
11-05 11:26:03.352  6514  6549 D Evaluation: Frame 108 sent at 1572945963352
11-05 11:26:03.384  6514  6549 D Evaluation: Frame 109 sent at 1572945963384
11-05 11:26:03.417  6514  6549 D Evaluation: Frame 110 sent at 1572945963417
11-05 11:26:03.444  6514  6549 D Evaluation: Frame 111 sent at 1572945963444
11-05 11:26:03.480  6514  6525 E         : [ZeroHung]zrhung_get_config: Get config failed for wp[0x0008]
11-05 11:26:03.481  6514  6549 D Evaluation: Frame 112 sent at 1572945963481
11-05 11:26:03.496  6514  6523 W System  : A resource failed to call close. 
11-05 11:26:03.497  6514  6523 I chatty  : uid=10149(symlab.cloudridar.arhud) FinalizerDaemon identical 14 lines
11-05 11:26:03.497  6514  6523 W System  : A resource failed to call close. 
11-05 11:26:03.517  6514  6549 D Evaluation: Frame 113 sent at 1572945963517
11-05 11:26:03.546  6514  6549 D Evaluation: Frame 114 sent at 1572945963546
11-05 11:26:03.587  6514  6549 D Evaluation: Frame 115 sent at 1572945963587
11-05 11:26:03.614  6514  6549 D Evaluation: Frame 116 sent at 1572945963614
11-05 11:26:03.654  6514  6549 D Evaluation: Frame 117 sent at 1572945963654
11-05 11:26:03.684  6514  6549 D Evaluation: Frame 118 sent at 1572945963684
11-05 11:26:03.722  6514  6549 D Evaluation: Frame 119 sent at 1572945963722
11-05 11:26:03.755  6514  6549 D Evaluation: Frame 120 sent at 1572945963755
11-05 11:26:03.788  6514  6549 D Evaluation: Frame 121 sent at 1572945963788
11-05 11:26:03.819  6514  6549 D Evaluation: Frame 122 sent at 1572945963819
11-05 11:26:03.848  6514  6549 D Evaluation: Frame 123 sent at 1572945963848
11-05 11:26:03.889  6514  6549 D Evaluation: Frame 124 sent at 1572945963889
11-05 11:26:03.919  6514  6549 D Evaluation: Frame 125 sent at 1572945963919
11-05 11:26:03.951  6514  6549 D Evaluation: Frame 126 sent at 1572945963951
11-05 11:26:03.967  6514  6514 D Poster  : At 1572945963967 location is 65.05784001945646 (latitude), and 25.4694137599136 (longitude)
11-05 11:26:04.006  6514  6549 D Evaluation: Frame 128 sent at 1572945964006
11-05 11:26:04.023  6514  6549 D Evaluation: Frame 128 sent at 1572945964023
11-05 11:26:04.056  6514  6549 D Evaluation: Frame 129 sent at 1572945964056
11-05 11:26:04.082  6514  6549 D Evaluation: Frame 130 sent at 1572945964082
11-05 11:26:04.128  6514  6549 D Evaluation: Frame 131 sent at 1572945964128
11-05 11:26:04.155  6514  6549 D Evaluation: Frame 132 sent at 1572945964155
11-05 11:26:04.196  6514  6549 D Evaluation: Frame 133 sent at 1572945964196
11-05 11:26:04.217  6514  6549 D Evaluation: Frame 134 sent at 1572945964217
11-05 11:26:04.257  6514  6549 D Evaluation: Frame 135 sent at 1572945964257
11-05 11:26:04.286  6514  6549 D Evaluation: Frame 136 sent at 1572945964286
11-05 11:26:04.293  6514  6514 I AwareBitmapCacher: init lrucache size: 2097152 pid=6514
11-05 11:26:04.330  6514  6549 D Evaluation: Frame 137 sent at 1572945964330
11-05 11:26:04.358  6514  6549 D Evaluation: Frame 138 sent at 1572945964358
11-05 11:26:04.387  6514  6549 D Evaluation: Frame 139 sent at 1572945964387
11-05 11:26:04.440  6514  6549 D Evaluation: Frame 140 sent at 1572945964440
11-05 11:26:04.462  6514  6549 D Evaluation: Frame 141 sent at 1572945964462
11-05 11:26:04.486  6514  6549 D Evaluation: Frame 142 sent at 1572945964486
11-05 11:26:04.525  6514  6549 W System.err: java.net.SocketException: Message too long
11-05 11:26:04.525  6514  6549 W System.err: 	at sun.nio.ch.DatagramChannelImpl.send0(Native Method)
11-05 11:26:04.525  6514  6549 W System.err: 	at sun.nio.ch.DatagramChannelImpl.sendFromNativeBuffer(DatagramChannelImpl.java:573)
11-05 11:26:04.525  6514  6549 W System.err: 	at sun.nio.ch.DatagramChannelImpl.send(DatagramChannelImpl.java:550)
11-05 11:26:04.525  6514  6549 W System.err: 	at sun.nio.ch.DatagramChannelImpl.send(DatagramChannelImpl.java:514)
11-05 11:26:04.525  6514  6549 W System.err: 	at symlab.CloudAR.network.TransmissionTask.run(TransmissionTask.java:124)
11-05 11:26:04.525  6514  6549 W System.err: 	at android.os.Handler.handleCallback(Handler.java:907)
11-05 11:26:04.525  6514  6549 W System.err: 	at android.os.Handler.dispatchMessage(Handler.java:105)
11-05 11:26:04.525  6514  6549 W System.err: 	at android.os.Looper.loop(Looper.java:216)
11-05 11:26:04.525  6514  6549 W System.err: 	at android.os.HandlerThread.run(HandlerThread.java:65)
11-05 11:26:04.558  6514  6549 D Evaluation: Frame 144 sent at 1572945964558
11-05 11:26:04.596  6514  6549 D Evaluation: Frame 145 sent at 1572945964596
11-05 11:26:04.623  6514  6549 W System.err: java.net.SocketException: Message too long
11-05 11:26:04.623  6514  6549 W System.err: 	at sun.nio.ch.DatagramChannelImpl.send0(Native Method)
11-05 11:26:04.623  6514  6549 W System.err: 	at sun.nio.ch.DatagramChannelImpl.sendFromNativeBuffer(DatagramChannelImpl.java:573)
11-05 11:26:04.623  6514  6549 W System.err: 	at sun.nio.ch.DatagramChannelImpl.send(DatagramChannelImpl.java:550)
11-05 11:26:04.623  6514  6549 W System.err: 	at sun.nio.ch.DatagramChannelImpl.send(DatagramChannelImpl.java:514)
11-05 11:26:04.623  6514  6549 W System.err: 	at symlab.CloudAR.network.TransmissionTask.run(TransmissionTask.java:124)
11-05 11:26:04.623  6514  6549 W System.err: 	at android.os.Handler.handleCallback(Handler.java:907)
11-05 11:26:04.623  6514  6549 W System.err: 	at android.os.Handler.dispatchMessage(Handler.java:105)
11-05 11:26:04.623  6514  6549 W System.err: 	at android.os.Looper.loop(Looper.java:216)
11-05 11:26:04.623  6514  6549 W System.err: 	at android.os.HandlerThread.run(HandlerThread.java:65)
11-05 11:26:04.667  6514  6549 D Evaluation: Frame 147 sent at 1572945964667
11-05 11:26:04.695  6514  6525 E         : [ZeroHung]zrhung_get_config: Get config failed for wp[0x0008]
11-05 11:26:04.695  6514  6549 W System.err: java.net.SocketException: Message too long
11-05 11:26:04.695  6514  6549 W System.err: 	at sun.nio.ch.DatagramChannelImpl.send0(Native Method)
11-05 11:26:04.695  6514  6549 W System.err: 	at sun.nio.ch.DatagramChannelImpl.sendFromNativeBuffer(DatagramChannelImpl.java:573)
11-05 11:26:04.695  6514  6549 W System.err: 	at sun.nio.ch.DatagramChannelImpl.send(DatagramChannelImpl.java:550)
11-05 11:26:04.695  6514  6549 W System.err: 	at sun.nio.ch.DatagramChannelImpl.send(DatagramChannelImpl.java:514)
11-05 11:26:04.695  6514  6549 W System.err: 	at symlab.CloudAR.network.TransmissionTask.run(TransmissionTask.java:124)
11-05 11:26:04.695  6514  6549 W System.err: 	at android.os.Handler.handleCallback(Handler.java:907)
11-05 11:26:04.695  6514  6549 W System.err: 	at android.os.Handler.dispatchMessage(Handler.java:105)
11-05 11:26:04.696  6514  6549 W System.err: 	at android.os.Looper.loop(Looper.java:216)
11-05 11:26:04.696  6514  6549 W System.err: 	at android.os.HandlerThread.run(HandlerThread.java:65)
11-05 11:26:04.768  6514  6549 W System.err: java.net.SocketException: Message too long
11-05 11:26:04.768  6514  6549 W System.err: 	at sun.nio.ch.DatagramChannelImpl.send0(Native Method)
11-05 11:26:04.768  6514  6549 W System.err: 	at sun.nio.ch.DatagramChannelImpl.sendFromNativeBuffer(DatagramChannelImpl.java:573)
11-05 11:26:04.768  6514  6549 W System.err: 	at sun.nio.ch.DatagramChannelImpl.send(DatagramChannelImpl.java:550)
11-05 11:26:04.768  6514  6549 W System.err: 	at sun.nio.ch.DatagramChannelImpl.send(DatagramChannelImpl.java:514)
11-05 11:26:04.769  6514  6549 W System.err: 	at symlab.CloudAR.network.TransmissionTask.run(TransmissionTask.java:124)
11-05 11:26:04.769  6514  6549 W System.err: 	at android.os.Handler.handleCallback(Handler.java:907)
11-05 11:26:04.769  6514  6549 W System.err: 	at android.os.Handler.dispatchMessage(Handler.java:105)
11-05 11:26:04.769  6514  6549 W System.err: 	at android.os.Looper.loop(Looper.java:216)
11-05 11:26:04.769  6514  6549 W System.err: 	at android.os.HandlerThread.run(HandlerThread.java:65)
11-05 11:26:04.798  6514  6549 D Evaluation: Frame 150 sent at 1572945964798
11-05 11:26:04.824  6514  6549 D Evaluation: Frame 151 sent at 1572945964824
11-05 11:26:04.871  6514  6549 W System.err: java.net.SocketException: Message too long
11-05 11:26:04.871  6514  6549 W System.err: 	at sun.nio.ch.DatagramChannelImpl.send0(Native Method)
11-05 11:26:04.871  6514  6549 W System.err: 	at sun.nio.ch.DatagramChannelImpl.sendFromNativeBuffer(DatagramChannelImpl.java:573)
11-05 11:26:04.871  6514  6549 W System.err: 	at sun.nio.ch.DatagramChannelImpl.send(DatagramChannelImpl.java:550)
11-05 11:26:04.871  6514  6549 W System.err: 	at sun.nio.ch.DatagramChannelImpl.send(DatagramChannelImpl.java:514)
11-05 11:26:04.871  6514  6549 W System.err: 	at symlab.CloudAR.network.TransmissionTask.run(TransmissionTask.java:124)
11-05 11:26:04.871  6514  6549 W System.err: 	at android.os.Handler.handleCallback(Handler.java:907)
11-05 11:26:04.871  6514  6549 W System.err: 	at android.os.Handler.dispatchMessage(Handler.java:105)
11-05 11:26:04.871  6514  6549 W System.err: 	at android.os.Looper.loop(Looper.java:216)
11-05 11:26:04.872  6514  6549 W System.err: 	at android.os.HandlerThread.run(HandlerThread.java:65)
11-05 11:26:04.893  6514  6549 D Evaluation: Frame 153 sent at 1572945964893
11-05 11:26:04.931  6514  6549 D Evaluation: Frame 154 sent at 1572945964931
11-05 11:26:04.970  6514  6514 D Poster  : At 1572945964970 location is 65.05783800285586 (latitude), and 25.469411862595276 (longitude)
11-05 11:26:04.976  6514  6549 D Evaluation: Frame 155 sent at 1572945964976
11-05 11:26:04.978  6514  6549 D Evaluation: 0 res for frame 144 received at 1572945964978
11-05 11:26:05.004  6514  6549 D Evaluation: Frame 156 sent at 1572945965004
11-05 11:26:05.026  6514  6549 D Evaluation: Frame 157 sent at 1572945965026
11-05 11:26:05.066  6514  6549 D Evaluation: Frame 158 sent at 1572945965066
11-05 11:26:05.093  6514  6549 D Evaluation: Frame 159 sent at 1572945965093
11-05 11:26:05.126  6514  6549 D Evaluation: Frame 160 sent at 1572945965126
11-05 11:26:05.161  6514  6549 D Evaluation: Frame 161 sent at 1572945965161
11-05 11:26:05.162  6514  6549 D Evaluation: 0 res for frame 150 received at 1572945965162
11-05 11:26:05.194  6514  6549 D Evaluation: Frame 162 sent at 1572945965194
11-05 11:26:05.224  6514  6549 D Evaluation: Frame 163 sent at 1572945965224
11-05 11:26:05.225  6514  6549 D Evaluation: 0 res for frame 151 received at 1572945965225
11-05 11:26:05.256  6514  6549 D Evaluation: Frame 164 sent at 1572945965256
11-05 11:26:05.290  6514  6549 D Evaluation: Frame 165 sent at 1572945965290
11-05 11:26:05.325  6514  6549 D Evaluation: Frame 166 sent at 1572945965325
11-05 11:26:05.326  6514  6549 D Evaluation: 0 res for frame 153 received at 1572945965326
11-05 11:26:05.361  6514  6549 D Evaluation: Frame 167 sent at 1572945965361
11-05 11:26:05.395  6514  6549 D Evaluation: Frame 168 sent at 1572945965395
11-05 11:26:05.426  6514  6549 D Evaluation: Frame 169 sent at 1572945965426
11-05 11:26:05.469  6514  6549 D Evaluation: Frame 170 sent at 1572945965469
11-05 11:26:05.496  6514  6549 D Evaluation: Frame 171 sent at 1572945965496
11-05 11:26:05.526  6514  6549 D Evaluation: Frame 172 sent at 1572945965526
11-05 11:26:05.568  6514  6549 D Evaluation: Frame 173 sent at 1572945965568
11-05 11:26:05.602  6514  6549 W System.err: java.net.SocketException: Message too long
11-05 11:26:05.603  6514  6549 W System.err: 	at sun.nio.ch.DatagramChannelImpl.send0(Native Method)
11-05 11:26:05.603  6514  6549 W System.err: 	at sun.nio.ch.DatagramChannelImpl.sendFromNativeBuffer(DatagramChannelImpl.java:573)
11-05 11:26:05.603  6514  6549 W System.err: 	at sun.nio.ch.DatagramChannelImpl.send(DatagramChannelImpl.java:550)
11-05 11:26:05.603  6514  6549 W System.err: 	at sun.nio.ch.DatagramChannelImpl.send(DatagramChannelImpl.java:514)
11-05 11:26:05.603  6514  6549 W System.err: 	at symlab.CloudAR.network.TransmissionTask.run(TransmissionTask.java:124)
11-05 11:26:05.603  6514  6549 W System.err: 	at android.os.Handler.handleCallback(Handler.java:907)
11-05 11:26:05.603  6514  6549 W System.err: 	at android.os.Handler.dispatchMessage(Handler.java:105)
11-05 11:26:05.603  6514  6549 W System.err: 	at android.os.Looper.loop(Looper.java:216)
11-05 11:26:05.603  6514  6549 W System.err: 	at android.os.HandlerThread.run(HandlerThread.java:65)
11-05 11:26:05.635  6514  6549 W System.err: java.net.SocketException: Message too long
11-05 11:26:05.635  6514  6549 W System.err: 	at sun.nio.ch.DatagramChannelImpl.send0(Native Method)
11-05 11:26:05.635  6514  6549 W System.err: 	at sun.nio.ch.DatagramChannelImpl.sendFromNativeBuffer(DatagramChannelImpl.java:573)
11-05 11:26:05.635  6514  6549 W System.err: 	at sun.nio.ch.DatagramChannelImpl.send(DatagramChannelImpl.java:550)
11-05 11:26:05.635  6514  6549 W System.err: 	at sun.nio.ch.DatagramChannelImpl.send(DatagramChannelImpl.java:514)
11-05 11:26:05.635  6514  6549 W System.err: 	at symlab.CloudAR.network.TransmissionTask.run(TransmissionTask.java:124)
11-05 11:26:05.635  6514  6549 W System.err: 	at android.os.Handler.handleCallback(Handler.java:907)
11-05 11:26:05.635  6514  6549 W System.err: 	at android.os.Handler.dispatchMessage(Handler.java:105)
11-05 11:26:05.635  6514  6549 W System.err: 	at android.os.Looper.loop(Looper.java:216)
11-05 11:26:05.635  6514  6549 W System.err: 	at android.os.HandlerThread.run(HandlerThread.java:65)
11-05 11:26:05.677  6514  6549 W System.err: java.net.SocketException: Message too long
11-05 11:26:05.677  6514  6549 W System.err: 	at sun.nio.ch.DatagramChannelImpl.send0(Native Method)
11-05 11:26:05.677  6514  6549 W System.err: 	at sun.nio.ch.DatagramChannelImpl.sendFromNativeBuffer(DatagramChannelImpl.java:573)
11-05 11:26:05.677  6514  6549 W System.err: 	at sun.nio.ch.DatagramChannelImpl.send(DatagramChannelImpl.java:550)
11-05 11:26:05.677  6514  6549 W System.err: 	at sun.nio.ch.DatagramChannelImpl.send(DatagramChannelImpl.java:514)
11-05 11:26:05.677  6514  6549 W System.err: 	at symlab.CloudAR.network.TransmissionTask.run(TransmissionTask.java:124)
11-05 11:26:05.677  6514  6549 W System.err: 	at android.os.Handler.handleCallback(Handler.java:907)
11-05 11:26:05.677  6514  6549 W System.err: 	at android.os.Handler.dispatchMessage(Handler.java:105)
11-05 11:26:05.677  6514  6549 W System.err: 	at android.os.Looper.loop(Looper.java:216)
11-05 11:26:05.677  6514  6549 W System.err: 	at android.os.HandlerThread.run(HandlerThread.java:65)
11-05 11:26:05.706  6514  6549 W System.err: java.net.SocketException: Message too long
11-05 11:26:05.706  6514  6549 W System.err: 	at sun.nio.ch.DatagramChannelImpl.send0(Native Method)
11-05 11:26:05.706  6514  6549 W System.err: 	at sun.nio.ch.DatagramChannelImpl.sendFromNativeBuffer(DatagramChannelImpl.java:573)
11-05 11:26:05.706  6514  6549 W System.err: 	at sun.nio.ch.DatagramChannelImpl.send(DatagramChannelImpl.java:550)
11-05 11:26:05.706  6514  6549 W System.err: 	at sun.nio.ch.DatagramChannelImpl.send(DatagramChannelImpl.java:514)
11-05 11:26:05.706  6514  6549 W System.err: 	at symlab.CloudAR.network.TransmissionTask.run(TransmissionTask.java:124)
11-05 11:26:05.706  6514  6549 W System.err: 	at android.os.Handler.handleCallback(Handler.java:907)
11-05 11:26:05.706  6514  6549 W System.err: 	at android.os.Handler.dispatchMessage(Handler.java:105)
11-05 11:26:05.706  6514  6549 W System.err: 	at android.os.Looper.loop(Looper.java:216)
11-05 11:26:05.706  6514  6549 W System.err: 	at android.os.HandlerThread.run(HandlerThread.java:65)
11-05 11:26:05.750  6514  6549 D Evaluation: Frame 178 sent at 1572945965750
11-05 11:26:05.779  6514  6549 D Evaluation: Frame 179 sent at 1572945965779
11-05 11:26:05.802  6514  6549 D Evaluation: Frame 180 sent at 1572945965802
11-05 11:26:05.833  6514  6549 D Evaluation: Frame 181 sent at 1572945965833
11-05 11:26:05.863  6514  6525 E         : [ZeroHung]zrhung_get_config: Get config failed for wp[0x0008]
11-05 11:26:05.863  6514  6549 D Evaluation: Frame 182 sent at 1572945965863
11-05 11:26:05.878  6514  6523 W System  : A resource failed to call close. 
11-05 11:26:05.878  6514  6523 I chatty  : uid=10149(symlab.cloudridar.arhud) FinalizerDaemon identical 2 lines
11-05 11:26:05.878  6514  6523 W System  : A resource failed to call close. 
11-05 11:26:05.879  6514  6523 W System  : A resource failed to call close. 
11-05 11:26:05.879  6514  6523 I chatty  : uid=10149(symlab.cloudridar.arhud) FinalizerDaemon identical 2 lines
11-05 11:26:05.879  6514  6523 W System  : A resource failed to call close. 
11-05 11:26:05.904  6514  6549 D Evaluation: Frame 183 sent at 1572945965904
11-05 11:26:05.905  6514  6549 D Evaluation: 0 res for frame 170 received at 1572945965905
11-05 11:26:05.939  6514  6549 W System.err: java.net.SocketException: Message too long
11-05 11:26:05.939  6514  6549 W System.err: 	at sun.nio.ch.DatagramChannelImpl.send0(Native Method)
11-05 11:26:05.939  6514  6549 W System.err: 	at sun.nio.ch.DatagramChannelImpl.sendFromNativeBuffer(DatagramChannelImpl.java:573)
11-05 11:26:05.939  6514  6549 W System.err: 	at sun.nio.ch.DatagramChannelImpl.send(DatagramChannelImpl.java:550)
11-05 11:26:05.939  6514  6549 W System.err: 	at sun.nio.ch.DatagramChannelImpl.send(DatagramChannelImpl.java:514)
11-05 11:26:05.939  6514  6549 W System.err: 	at symlab.CloudAR.network.TransmissionTask.run(TransmissionTask.java:124)
11-05 11:26:05.939  6514  6549 W System.err: 	at android.os.Handler.handleCallback(Handler.java:907)
11-05 11:26:05.939  6514  6549 W System.err: 	at android.os.Handler.dispatchMessage(Handler.java:105)
11-05 11:26:05.939  6514  6549 W System.err: 	at android.os.Looper.loop(Looper.java:216)
11-05 11:26:05.939  6514  6549 W System.err: 	at android.os.HandlerThread.run(HandlerThread.java:65)
11-05 11:26:05.968  6514  6514 D Poster  : At 1572945965968 location is 65.0578278442082 (latitude), and 25.469423698113943 (longitude)
11-05 11:26:05.975  6514  6549 W System.err: java.net.SocketException: Message too long
11-05 11:26:05.975  6514  6549 W System.err: 	at sun.nio.ch.DatagramChannelImpl.send0(Native Method)
11-05 11:26:05.975  6514  6549 W System.err: 	at sun.nio.ch.DatagramChannelImpl.sendFromNativeBuffer(DatagramChannelImpl.java:573)
11-05 11:26:05.975  6514  6549 W System.err: 	at sun.nio.ch.DatagramChannelImpl.send(DatagramChannelImpl.java:550)
11-05 11:26:05.975  6514  6549 W System.err: 	at sun.nio.ch.DatagramChannelImpl.send(DatagramChannelImpl.java:514)
11-05 11:26:05.975  6514  6549 W System.err: 	at symlab.CloudAR.network.TransmissionTask.run(TransmissionTask.java:124)
11-05 11:26:05.975  6514  6549 W System.err: 	at android.os.Handler.handleCallback(Handler.java:907)
11-05 11:26:05.975  6514  6549 W System.err: 	at android.os.Handler.dispatchMessage(Handler.java:105)
11-05 11:26:05.975  6514  6549 W System.err: 	at android.os.Looper.loop(Looper.java:216)
11-05 11:26:05.975  6514  6549 W System.err: 	at android.os.HandlerThread.run(HandlerThread.java:65)
11-05 11:26:06.008  6514  6549 W System.err: java.net.SocketException: Message too long
11-05 11:26:06.008  6514  6549 W System.err: 	at sun.nio.ch.DatagramChannelImpl.send0(Native Method)
11-05 11:26:06.008  6514  6549 W System.err: 	at sun.nio.ch.DatagramChannelImpl.sendFromNativeBuffer(DatagramChannelImpl.java:573)
11-05 11:26:06.008  6514  6549 W System.err: 	at sun.nio.ch.DatagramChannelImpl.send(DatagramChannelImpl.java:550)
11-05 11:26:06.008  6514  6549 W System.err: 	at sun.nio.ch.DatagramChannelImpl.send(DatagramChannelImpl.java:514)
11-05 11:26:06.008  6514  6549 W System.err: 	at symlab.CloudAR.network.TransmissionTask.run(TransmissionTask.java:124)
11-05 11:26:06.008  6514  6549 W System.err: 	at android.os.Handler.handleCallback(Handler.java:907)
11-05 11:26:06.008  6514  6549 W System.err: 	at android.os.Handler.dispatchMessage(Handler.java:105)
11-05 11:26:06.008  6514  6549 W System.err: 	at android.os.Looper.loop(Looper.java:216)
11-05 11:26:06.008  6514  6549 W System.err: 	at android.os.HandlerThread.run(HandlerThread.java:65)
11-05 11:26:06.045  6514  6549 W System.err: java.net.SocketException: Message too long
11-05 11:26:06.046  6514  6549 W System.err: 	at sun.nio.ch.DatagramChannelImpl.send0(Native Method)
11-05 11:26:06.046  6514  6549 W System.err: 	at sun.nio.ch.DatagramChannelImpl.sendFromNativeBuffer(DatagramChannelImpl.java:573)
11-05 11:26:06.046  6514  6549 W System.err: 	at sun.nio.ch.DatagramChannelImpl.send(DatagramChannelImpl.java:550)
11-05 11:26:06.046  6514  6549 W System.err: 	at sun.nio.ch.DatagramChannelImpl.send(DatagramChannelImpl.java:514)
11-05 11:26:06.046  6514  6549 W System.err: 	at symlab.CloudAR.network.TransmissionTask.run(TransmissionTask.java:124)
11-05 11:26:06.046  6514  6549 W System.err: 	at android.os.Handler.handleCallback(Handler.java:907)
11-05 11:26:06.046  6514  6549 W System.err: 	at android.os.Handler.dispatchMessage(Handler.java:105)
11-05 11:26:06.046  6514  6549 W System.err: 	at android.os.Looper.loop(Looper.java:216)
11-05 11:26:06.046  6514  6549 W System.err: 	at android.os.HandlerThread.run(HandlerThread.java:65)
11-05 11:26:06.082  6514  6549 W System.err: java.net.SocketException: Message too long
11-05 11:26:06.082  6514  6549 W System.err: 	at sun.nio.ch.DatagramChannelImpl.send0(Native Method)
11-05 11:26:06.082  6514  6549 W System.err: 	at sun.nio.ch.DatagramChannelImpl.sendFromNativeBuffer(DatagramChannelImpl.java:573)
11-05 11:26:06.082  6514  6549 W System.err: 	at sun.nio.ch.DatagramChannelImpl.send(DatagramChannelImpl.java:550)
11-05 11:26:06.082  6514  6549 W System.err: 	at sun.nio.ch.DatagramChannelImpl.send(DatagramChannelImpl.java:514)
11-05 11:26:06.082  6514  6549 W System.err: 	at symlab.CloudAR.network.TransmissionTask.run(TransmissionTask.java:124)
11-05 11:26:06.083  6514  6549 W System.err: 	at android.os.Handler.handleCallback(Handler.java:907)
11-05 11:26:06.083  6514  6549 W System.err: 	at android.os.Handler.dispatchMessage(Handler.java:105)
11-05 11:26:06.083  6514  6549 W System.err: 	at android.os.Looper.loop(Looper.java:216)
11-05 11:26:06.083  6514  6549 W System.err: 	at android.os.HandlerThread.run(HandlerThread.java:65)
11-05 11:26:06.084  6514  6549 D Evaluation: 0 res for frame 178 received at 1572945966084
11-05 11:26:06.114  6514  6549 D Evaluation: Frame 189 sent at 1572945966114
11-05 11:26:06.149  6514  6549 D Evaluation: Frame 190 sent at 1572945966149
11-05 11:26:06.150  6514  6549 D Evaluation: 0 res for frame 179 received at 1572945966150
11-05 11:26:06.180  6514  6549 D Evaluation: Frame 191 sent at 1572945966180
11-05 11:26:06.217  6514  6549 D Evaluation: Frame 192 sent at 1572945966217
11-05 11:26:06.218  6514  6549 D Evaluation: 0 res for frame 180 received at 1572945966218
11-05 11:26:06.260  6514  6549 D Evaluation: Frame 193 sent at 1572945966260
11-05 11:26:06.288  6514  6549 D Evaluation: Frame 194 sent at 1572945966288
11-05 11:26:06.311  6514  6549 D Evaluation: Frame 195 sent at 1572945966311
11-05 11:26:06.366  6514  6549 D Evaluation: Frame 196 sent at 1572945966366
11-05 11:26:06.393  6514  6549 D Evaluation: Frame 197 sent at 1572945966393
11-05 11:26:06.394  6514  6549 D Evaluation: 1 res for frame 189 received at 1572945966394
11-05 11:26:06.413  6514  6549 D Evaluation: Frame 198 sent at 1572945966413
11-05 11:26:06.457  6514  6549 D Evaluation: Frame 199 sent at 1572945966456
11-05 11:26:06.458  6514  6549 D Evaluation: 0 res for frame 190 received at 1572945966458
11-05 11:26:06.515  6514  6549 W System.err: java.net.SocketException: Message too long
11-05 11:26:06.515  6514  6549 W System.err: 	at sun.nio.ch.DatagramChannelImpl.send0(Native Method)
11-05 11:26:06.515  6514  6549 W System.err: 	at sun.nio.ch.DatagramChannelImpl.sendFromNativeBuffer(DatagramChannelImpl.java:573)
11-05 11:26:06.515  6514  6549 W System.err: 	at sun.nio.ch.DatagramChannelImpl.send(DatagramChannelImpl.java:550)
11-05 11:26:06.515  6514  6549 W System.err: 	at sun.nio.ch.DatagramChannelImpl.send(DatagramChannelImpl.java:514)
11-05 11:26:06.515  6514  6549 W System.err: 	at symlab.CloudAR.network.TransmissionTask.run(TransmissionTask.java:124)
11-05 11:26:06.515  6514  6549 W System.err: 	at android.os.Handler.handleCallback(Handler.java:907)
11-05 11:26:06.515  6514  6549 W System.err: 	at android.os.Handler.dispatchMessage(Handler.java:105)
11-05 11:26:06.515  6514  6549 W System.err: 	at android.os.Looper.loop(Looper.java:216)
11-05 11:26:06.515  6514  6549 W System.err: 	at android.os.HandlerThread.run(HandlerThread.java:65)
11-05 11:26:06.556  6514  6549 W System.err: java.net.SocketException: Message too long
11-05 11:26:06.556  6514  6549 W System.err: 	at sun.nio.ch.DatagramChannelImpl.send0(Native Method)
11-05 11:26:06.556  6514  6549 W System.err: 	at sun.nio.ch.DatagramChannelImpl.sendFromNativeBuffer(DatagramChannelImpl.java:573)
11-05 11:26:06.556  6514  6549 W System.err: 	at sun.nio.ch.DatagramChannelImpl.send(DatagramChannelImpl.java:550)
11-05 11:26:06.556  6514  6549 W System.err: 	at sun.nio.ch.DatagramChannelImpl.send(DatagramChannelImpl.java:514)
11-05 11:26:06.556  6514  6549 W System.err: 	at symlab.CloudAR.network.TransmissionTask.run(TransmissionTask.java:124)
11-05 11:26:06.556  6514  6549 W System.err: 	at android.os.Handler.handleCallback(Handler.java:907)
11-05 11:26:06.556  6514  6549 W System.err: 	at android.os.Handler.dispatchMessage(Handler.java:105)
11-05 11:26:06.556  6514  6549 W System.err: 	at android.os.Looper.loop(Looper.java:216)
11-05 11:26:06.557  6514  6549 W System.err: 	at android.os.HandlerThread.run(HandlerThread.java:65)
11-05 11:26:06.557  6514  6549 D Evaluation: 0 res for frame 191 received at 1572945966557
11-05 11:26:06.588  6514  6549 W System.err: java.net.SocketException: Message too long
11-05 11:26:06.588  6514  6549 W System.err: 	at sun.nio.ch.DatagramChannelImpl.send0(Native Method)
11-05 11:26:06.588  6514  6549 W System.err: 	at sun.nio.ch.DatagramChannelImpl.sendFromNativeBuffer(DatagramChannelImpl.java:573)
11-05 11:26:06.588  6514  6549 W System.err: 	at sun.nio.ch.DatagramChannelImpl.send(DatagramChannelImpl.java:550)
11-05 11:26:06.588  6514  6549 W System.err: 	at sun.nio.ch.DatagramChannelImpl.send(DatagramChannelImpl.java:514)
11-05 11:26:06.588  6514  6549 W System.err: 	at symlab.CloudAR.network.TransmissionTask.run(TransmissionTask.java:124)
11-05 11:26:06.588  6514  6549 W System.err: 	at android.os.Handler.handleCallback(Handler.java:907)
11-05 11:26:06.588  6514  6549 W System.err: 	at android.os.Handler.dispatchMessage(Handler.java:105)
11-05 11:26:06.588  6514  6549 W System.err: 	at android.os.Looper.loop(Looper.java:216)
11-05 11:26:06.588  6514  6549 W System.err: 	at android.os.HandlerThread.run(HandlerThread.java:65)
11-05 11:26:06.590  6514  6549 D Evaluation: 0 res for frame 192 received at 1572945966590
11-05 11:26:06.625  6514  6549 D Evaluation: Frame 203 sent at 1572945966625
11-05 11:26:06.657  6514  6549 D Evaluation: Frame 204 sent at 1572945966657
11-05 11:26:06.658  6514  6549 D Evaluation: 0 res for frame 193 received at 1572945966658
11-05 11:26:06.689  6514  6549 D Evaluation: Frame 205 sent at 1572945966689
11-05 11:26:06.723  6514  6549 D Evaluation: Frame 206 sent at 1572945966723
11-05 11:26:06.760  6514  6549 D Evaluation: Frame 207 sent at 1572945966760
11-05 11:26:06.793  6514  6549 D Evaluation: Frame 208 sent at 1572945966793
11-05 11:26:06.815  6514  6549 D Evaluation: Frame 209 sent at 1572945966815
11-05 11:26:06.848  6514  6525 E         : [ZeroHung]zrhung_get_config: Get config failed for wp[0x0008]
11-05 11:26:06.849  6514  6549 D Evaluation: Frame 210 sent at 1572945966849
11-05 11:26:06.864  6514  6523 W System  : A resource failed to call close. 
11-05 11:26:06.867  6514  6523 I chatty  : uid=10149(symlab.cloudridar.arhud) FinalizerDaemon identical 16 lines
11-05 11:26:06.868  6514  6523 W System  : A resource failed to call close. 
11-05 11:26:06.891  6514  6549 D Evaluation: Frame 211 sent at 1572945966891
11-05 11:26:06.922  6514  6549 D Evaluation: Frame 212 sent at 1572945966922
11-05 11:26:06.973  6514  6549 D Evaluation: Frame 213 sent at 1572945966973
11-05 11:26:07.000  6514  6549 D Evaluation: Frame 215 sent at 1572945967000
11-05 11:26:07.019  6514  6549 D Evaluation: Frame 215 sent at 1572945967019
11-05 11:26:07.048  6514  6549 D Evaluation: Frame 216 sent at 1572945967048
11-05 11:26:07.109  6514  6549 D Evaluation: Frame 217 sent at 1572945967109
11-05 11:26:07.140  6514  6549 D Evaluation: Frame 219 sent at 1572945967140
11-05 11:26:07.160  6514  6549 D Evaluation: Frame 219 sent at 1572945967160
11-05 11:26:07.186  6514  6549 D Evaluation: Frame 220 sent at 1572945967186
11-05 11:26:07.214  6514  6549 D Evaluation: Frame 221 sent at 1572945967214
11-05 11:26:07.259  6514  6549 D Evaluation: Frame 222 sent at 1572945967259
11-05 11:26:07.290  6514  6549 D Evaluation: Frame 223 sent at 1572945967290
11-05 11:26:07.331  6514  6549 D Evaluation: Frame 224 sent at 1572945967331
11-05 11:26:07.361  6514  6549 D Evaluation: Frame 225 sent at 1572945967361
11-05 11:26:07.389  6514  6549 D Evaluation: Frame 226 sent at 1572945967389
11-05 11:26:07.425  6514  6549 D Evaluation: Frame 227 sent at 1572945967425
11-05 11:26:07.457  6514  6549 D Evaluation: Frame 228 sent at 1572945967457
11-05 11:26:07.494  6514  6549 D Evaluation: Frame 229 sent at 1572945967494
11-05 11:26:07.564  6514  6549 D Evaluation: Frame 230 sent at 1572945967564
11-05 11:26:07.604  6514  6549 D Evaluation: Frame 231 sent at 1572945967604
11-05 11:26:07.633  6514  6549 D Evaluation: Frame 232 sent at 1572945967633
11-05 11:26:07.670  6514  6549 D Evaluation: Frame 233 sent at 1572945967670
11-05 11:26:07.703  6514  6549 D Evaluation: Frame 234 sent at 1572945967703
11-05 11:26:07.739  6514  6549 D Evaluation: Frame 235 sent at 1572945967739
11-05 11:26:07.769  6514  6549 D Evaluation: Frame 236 sent at 1572945967769
11-05 11:26:07.788  6514  6549 D Evaluation: Frame 237 sent at 1572945967788
11-05 11:26:07.824  6514  6549 D Evaluation: Frame 238 sent at 1572945967824
11-05 11:26:07.856  6514  6549 D Evaluation: Frame 239 sent at 1572945967856
11-05 11:26:07.897  6514  6549 D Evaluation: Frame 240 sent at 1572945967897
11-05 11:26:07.923  6514  6549 D Evaluation: Frame 241 sent at 1572945967923
11-05 11:26:07.963  6514  6549 D Evaluation: Frame 242 sent at 1572945967963
11-05 11:26:07.994  6514  6549 D Evaluation: Frame 243 sent at 1572945967994
11-05 11:26:08.026  6514  6549 D Evaluation: Frame 244 sent at 1572945968025
11-05 11:26:08.058  6514  6549 D Evaluation: Frame 245 sent at 1572945968058
11-05 11:26:08.098  6514  6525 E         : [ZeroHung]zrhung_get_config: Get config failed for wp[0x0008]
11-05 11:26:08.099  6514  6549 D Evaluation: Frame 246 sent at 1572945968099
11-05 11:26:08.134  6514  6549 D Evaluation: Frame 247 sent at 1572945968134
11-05 11:26:08.162  6514  6549 D Evaluation: Frame 248 sent at 1572945968161
11-05 11:26:08.196  6514  6549 D Evaluation: Frame 249 sent at 1572945968196
11-05 11:26:08.237  6514  6549 D Evaluation: Frame 250 sent at 1572945968237
11-05 11:26:08.269  6514  6549 D Evaluation: Frame 251 sent at 1572945968269
11-05 11:26:08.306  6514  6549 D Evaluation: Frame 252 sent at 1572945968306
11-05 11:26:08.337  6514  6549 D Evaluation: Frame 253 sent at 1572945968337
11-05 11:26:08.371  6514  6549 D Evaluation: Frame 254 sent at 1572945968371
11-05 11:26:08.413  6514  6549 D Evaluation: Frame 256 sent at 1572945968413
11-05 11:26:08.437  6514  6549 D Evaluation: Frame 256 sent at 1572945968437
11-05 11:26:08.479  6514  6549 D Evaluation: Frame 257 sent at 1572945968479
11-05 11:26:08.502  6514  6549 D Evaluation: Frame 258 sent at 1572945968502
11-05 11:26:08.532  6514  6549 D Evaluation: Frame 259 sent at 1572945968532
11-05 11:26:08.577  6514  6549 D Evaluation: Frame 260 sent at 1572945968577
11-05 11:26:08.602  6514  6549 D Evaluation: Frame 261 sent at 1572945968602
11-05 11:26:08.635  6514  6549 D Evaluation: Frame 262 sent at 1572945968635
11-05 11:26:08.672  6514  6549 D Evaluation: Frame 263 sent at 1572945968672
11-05 11:26:08.710  6514  6549 D Evaluation: Frame 264 sent at 1572945968710
11-05 11:26:08.753  6514  6549 D Evaluation: Frame 265 sent at 1572945968753
11-05 11:26:08.773  6514  6549 D Evaluation: Frame 266 sent at 1572945968773
11-05 11:26:08.814  6514  6549 D Evaluation: Frame 267 sent at 1572945968814
11-05 11:26:08.839  6514  6549 D Evaluation: Frame 268 sent at 1572945968839
11-05 11:26:08.867  6514  6549 D Evaluation: Frame 269 sent at 1572945968867
11-05 11:26:08.907  6514  6549 D Evaluation: Frame 270 sent at 1572945968906
11-05 11:26:08.937  6514  6549 D Evaluation: Frame 271 sent at 1572945968937
11-05 11:26:08.980  6514  6514 D Poster  : At 1572945968980 location is 65.05777200205313 (latitude), and 25.469190125920306 (longitude)
11-05 11:26:08.987  6514  6549 D Evaluation: Frame 272 sent at 1572945968987
11-05 11:26:09.018  6514  6549 D Evaluation: Frame 274 sent at 1572945969018
11-05 11:26:09.035  6514  6549 D Evaluation: Frame 274 sent at 1572945969035
11-05 11:26:09.071  6514  6549 D Evaluation: Frame 275 sent at 1572945969071
11-05 11:26:09.106  6514  6549 D Evaluation: Frame 276 sent at 1572945969106
11-05 11:26:09.153  6514  6549 D Evaluation: Frame 277 sent at 1572945969153
11-05 11:26:09.180  6514  6549 D Evaluation: Frame 278 sent at 1572945969180
11-05 11:26:09.210  6514  6549 D Evaluation: Frame 279 sent at 1572945969210
11-05 11:26:09.241  6514  6549 D Evaluation: Frame 280 sent at 1572945969241
11-05 11:26:09.325  6514  6525 E         : [ZeroHung]zrhung_get_config: Get config failed for wp[0x0008]
11-05 11:26:09.325  6514  6549 D Evaluation: Frame 282 sent at 1572945969325
11-05 11:26:09.350  6514  6549 D Evaluation: Frame 282 sent at 1572945969350
11-05 11:26:09.372  6514  6549 D Evaluation: Frame 283 sent at 1572945969372
11-05 11:26:09.416  6514  6549 D Evaluation: Frame 284 sent at 1572945969416
11-05 11:26:09.452  6514  6549 D Evaluation: Frame 286 sent at 1572945969452
11-05 11:26:09.472  6514  6549 D Evaluation: Frame 286 sent at 1572945969472
11-05 11:26:09.514  6514  6549 D Evaluation: Frame 287 sent at 1572945969514
11-05 11:26:09.543  6514  6549 D Evaluation: Frame 288 sent at 1572945969543
11-05 11:26:09.584  6514  6549 D Evaluation: Frame 289 sent at 1572945969584
11-05 11:26:09.654  6514  6549 D Evaluation: Frame 290 sent at 1572945969654
11-05 11:26:09.685  6514  6549 D Evaluation: Frame 291 sent at 1572945969685
11-05 11:26:09.748  6514  6549 D Evaluation: Frame 292 sent at 1572945969747
11-05 11:26:09.787  6514  6549 D Evaluation: Frame 293 sent at 1572945969787
11-05 11:26:09.811  6514  6549 D Evaluation: Frame 294 sent at 1572945969811
11-05 11:26:09.828  6514  6549 D Evaluation: Frame 295 sent at 1572945969828
11-05 11:26:09.855  6514  6549 D Evaluation: Frame 296 sent at 1572945969855
11-05 11:26:09.896  6514  6549 D Evaluation: Frame 297 sent at 1572945969896
11-05 11:26:09.939  6514  6549 D Evaluation: Frame 298 sent at 1572945969939
11-05 11:26:09.979  6514  6514 D Poster  : At 1572945969979 location is 65.0577692750142 (latitude), and 25.469185378415116 (longitude)
11-05 11:26:09.985  6514  6549 D Evaluation: Frame 299 sent at 1572945969985
11-05 11:26:10.020  6514  6549 D Evaluation: Frame 301 sent at 1572945970020
11-05 11:26:10.043  6514  6549 D Evaluation: Frame 301 sent at 1572945970043
11-05 11:26:10.172  6514  6549 D Evaluation: Frame 303 sent at 1572945970172
11-05 11:26:10.196  6514  6549 D Evaluation: Frame 304 sent at 1572945970195
11-05 11:26:10.215  6514  6549 D Evaluation: Frame 304 sent at 1572945970215
11-05 11:26:10.243  6514  6549 D Evaluation: Frame 305 sent at 1572945970243
11-05 11:26:10.276  6514  6549 D Evaluation: Frame 306 sent at 1572945970276
11-05 11:26:10.317  6514  6549 D Evaluation: Frame 307 sent at 1572945970317
11-05 11:26:10.354  6514  6549 D Evaluation: Frame 308 sent at 1572945970354
11-05 11:26:10.383  6514  6549 D Evaluation: Frame 309 sent at 1572945970383
11-05 11:26:10.420  6514  6549 D Evaluation: Frame 310 sent at 1572945970420
11-05 11:26:10.456  6514  6549 D Evaluation: Frame 311 sent at 1572945970456
