11-05 10:57:25.507 11590 11643 D Evaluation: Frame 994 sent at 1572944245507
11-05 10:57:25.536 11590 11643 D Evaluation: Frame 995 sent at 1572944245536
11-05 10:57:25.576 11590 11643 D Evaluation: Frame 996 sent at 1572944245576
11-05 10:57:25.621 11590 11643 D Evaluation: Frame 997 sent at 1572944245621
11-05 10:57:25.670 11590 11602 E         : [ZeroHung]zrhung_get_config: Get config failed for wp[0x0008]
11-05 10:57:25.670 11590 11643 D Evaluation: Frame 999 sent at 1572944245670
11-05 10:57:25.695 11590 11643 D Evaluation: Frame 999 sent at 1572944245695
11-05 10:57:25.714 11590 11590 W HiTouch_PressGestureDetector: Touch pointer move a lot. The moving distance of X is:91.221924, limit is:60The moving distance of Y is:50.742218, limit is:60
11-05 10:57:25.727 11590 11643 D Evaluation: Frame 1001 sent at 1572944245727
11-05 10:57:25.747 11590 11643 D Evaluation: Frame 1001 sent at 1572944245747
11-05 10:57:25.783 11590 11643 D Evaluation: Frame 1002 sent at 1572944245783
11-05 10:57:25.804 11590 11643 D Evaluation: Frame 1003 sent at 1572944245804
11-05 10:57:25.838 11590 11643 D Evaluation: Frame 1004 sent at 1572944245838
11-05 10:57:25.869 11590 11643 D Evaluation: Frame 1005 sent at 1572944245869
11-05 10:57:25.913 11590 11643 D Evaluation: Frame 1006 sent at 1572944245913
11-05 10:57:25.939 11590 11643 D Evaluation: Frame 1007 sent at 1572944245939
11-05 10:57:25.973 11590 11643 D Evaluation: Frame 1008 sent at 1572944245973
11-05 10:57:26.006 11590 11643 D Evaluation: Frame 1009 sent at 1572944246006
11-05 10:57:26.042 11590 11643 D Evaluation: Frame 1010 sent at 1572944246042
11-05 10:57:26.071 11590 11643 D Evaluation: Frame 1011 sent at 1572944246071
11-05 10:57:26.108 11590 11643 D Evaluation: Frame 1012 sent at 1572944246108
11-05 10:57:26.138 11590 11643 D Evaluation: Frame 1013 sent at 1572944246138
11-05 10:57:26.173 11590 11643 D Evaluation: Frame 1014 sent at 1572944246173
11-05 10:57:26.208 11590 11643 D Evaluation: Frame 1015 sent at 1572944246208
11-05 10:57:26.247 11590 11643 D Evaluation: Frame 1016 sent at 1572944246247
11-05 10:57:26.279 11590 11643 D Evaluation: Frame 1017 sent at 1572944246279
11-05 10:57:26.317 11590 11643 D Evaluation: Frame 1018 sent at 1572944246317
11-05 10:57:26.350 11590 11643 D Evaluation: Frame 1019 sent at 1572944246350
11-05 10:57:26.373 11590 11643 D Evaluation: Frame 1020 sent at 1572944246373
11-05 10:57:26.412 11590 11643 D Evaluation: Frame 1021 sent at 1572944246412
11-05 10:57:26.440 11590 11643 D Evaluation: Frame 1022 sent at 1572944246440
11-05 10:57:26.486 11590 11643 D Evaluation: Frame 1023 sent at 1572944246486
11-05 10:57:26.507 11590 11643 D Evaluation: Frame 1024 sent at 1572944246507
11-05 10:57:26.551 11590 11643 D Evaluation: Frame 1025 sent at 1572944246551
11-05 10:57:26.580 11590 11643 D Evaluation: Frame 1026 sent at 1572944246580
11-05 10:57:26.616 11590 11643 D Evaluation: Frame 1027 sent at 1572944246616
11-05 10:57:26.643 11590 11643 D Evaluation: Frame 1028 sent at 1572944246643
11-05 10:57:26.685 11590 11643 D Evaluation: Frame 1029 sent at 1572944246685
11-05 10:57:26.711 11590 11643 D Evaluation: Frame 1030 sent at 1572944246711
11-05 10:57:26.750 11590 11643 D Evaluation: Frame 1031 sent at 1572944246750
11-05 10:57:26.776 11590 11643 D Evaluation: Frame 1032 sent at 1572944246776
11-05 10:57:26.820 11590 11643 D Evaluation: Frame 1033 sent at 1572944246820
11-05 10:57:26.858 11590 11643 D Evaluation: Frame 1034 sent at 1572944246858
11-05 10:57:26.876 11590 11602 E         : [ZeroHung]zrhung_get_config: Get config failed for wp[0x0008]
11-05 10:57:26.876 11590 11643 D Evaluation: Frame 1035 sent at 1572944246876
11-05 10:57:26.917 11590 11643 D Evaluation: Frame 1036 sent at 1572944246917
11-05 10:57:26.946 11590 11643 D Evaluation: Frame 1037 sent at 1572944246946
11-05 10:57:26.985 11590 11643 D Evaluation: Frame 1038 sent at 1572944246985
11-05 10:57:27.018 11590 11643 D Evaluation: Frame 1039 sent at 1572944247018
11-05 10:57:27.047 11590 11643 D Evaluation: Frame 1040 sent at 1572944247047
11-05 10:57:27.086 11590 11643 D Evaluation: Frame 1041 sent at 1572944247086
11-05 10:57:27.115 11590 11643 D Evaluation: Frame 1042 sent at 1572944247115
11-05 10:57:27.156 11590 11643 D Evaluation: Frame 1043 sent at 1572944247156
11-05 10:57:27.181 11590 11643 D Evaluation: Frame 1044 sent at 1572944247181
11-05 10:57:27.220 11590 11643 D Evaluation: Frame 1045 sent at 1572944247220
11-05 10:57:27.247 11590 11643 D Evaluation: Frame 1046 sent at 1572944247247
11-05 10:57:27.287 11590 11643 D Evaluation: Frame 1047 sent at 1572944247287
11-05 10:57:27.312 11590 11643 D Evaluation: Frame 1048 sent at 1572944247312
11-05 10:57:27.360 11590 11643 D Evaluation: Frame 1049 sent at 1572944247360
11-05 10:57:27.385 11590 11643 D Evaluation: Frame 1050 sent at 1572944247385
11-05 10:57:27.421 11590 11643 D Evaluation: Frame 1051 sent at 1572944247421
11-05 10:57:27.451 11590 11643 D Evaluation: Frame 1052 sent at 1572944247451
11-05 10:57:27.523 11590 11643 D Evaluation: Frame 1053 sent at 1572944247523
11-05 10:57:27.585 11590 11643 D Evaluation: Frame 1054 sent at 1572944247584
11-05 10:57:27.623 11590 11643 D Evaluation: Frame 1055 sent at 1572944247623
11-05 10:57:27.668 11590 11643 D Evaluation: Frame 1056 sent at 1572944247668
11-05 10:57:27.689 11590 11643 D Evaluation: Frame 1057 sent at 1572944247689
11-05 10:57:27.718 11590 11643 D Evaluation: Frame 1058 sent at 1572944247718
11-05 10:57:27.757 11590 11643 D Evaluation: Frame 1059 sent at 1572944247757
11-05 10:57:27.784 11590 11643 D Evaluation: Frame 1060 sent at 1572944247784
11-05 10:57:27.823 11590 11643 D Evaluation: Frame 1061 sent at 1572944247823
11-05 10:57:27.854 11590 11643 D Evaluation: Frame 1062 sent at 1572944247854
11-05 10:57:27.886 11590 11643 D Evaluation: Frame 1063 sent at 1572944247886
11-05 10:57:27.917 11590 11643 D Evaluation: Frame 1064 sent at 1572944247917
11-05 10:57:27.954 11590 11643 D Evaluation: Frame 1065 sent at 1572944247954
11-05 10:57:28.004 11590 11643 D Evaluation: Frame 1066 sent at 1572944248004
11-05 10:57:28.025 11590 11643 D Evaluation: Frame 1067 sent at 1572944248025
11-05 10:57:28.052 11590 11643 D Evaluation: Frame 1068 sent at 1572944248052
11-05 10:57:28.087 11590 11643 D Evaluation: Frame 1069 sent at 1572944248087
11-05 10:57:28.119 11590 11643 D Evaluation: Frame 1070 sent at 1572944248119
11-05 10:57:28.159 11590 11643 D Evaluation: Frame 1071 sent at 1572944248159
11-05 10:57:28.188 11590 11602 E         : [ZeroHung]zrhung_get_config: Get config failed for wp[0x0008]
11-05 10:57:28.188 11590 11643 D Evaluation: Frame 1072 sent at 1572944248188
11-05 10:57:28.225 11590 11643 D Evaluation: Frame 1073 sent at 1572944248225
11-05 10:57:28.251 11590 11643 D Evaluation: Frame 1074 sent at 1572944248251
11-05 10:57:28.287 11590 11643 D Evaluation: Frame 1075 sent at 1572944248287
11-05 10:57:28.318 11590 11643 D Evaluation: Frame 1076 sent at 1572944248318
11-05 10:57:28.356 11590 11643 D Evaluation: Frame 1077 sent at 1572944248356
11-05 10:57:28.385 11590 11643 D Evaluation: Frame 1078 sent at 1572944248385
11-05 10:57:28.418 11590 11643 D Evaluation: Frame 1079 sent at 1572944248418
11-05 10:57:28.453 11590 11643 D Evaluation: Frame 1080 sent at 1572944248453
11-05 10:57:28.493 11590 11643 D Evaluation: Frame 1081 sent at 1572944248493
11-05 10:57:28.523 11590 11643 D Evaluation: Frame 1082 sent at 1572944248523
11-05 10:57:28.560 11590 11643 D Evaluation: Frame 1083 sent at 1572944248560
11-05 10:57:28.592 11590 11643 D Evaluation: Frame 1084 sent at 1572944248592
11-05 10:57:28.629 11590 11643 D Evaluation: Frame 1085 sent at 1572944248629
11-05 10:57:28.655 11590 11643 D Evaluation: Frame 1086 sent at 1572944248655
11-05 10:57:28.698 11590 11643 D Evaluation: Frame 1087 sent at 1572944248698
11-05 10:57:28.724 11590 11643 D Evaluation: Frame 1088 sent at 1572944248724
11-05 10:57:28.763 11590 11643 D Evaluation: Frame 1089 sent at 1572944248763
11-05 10:57:28.799 11590 11643 D Evaluation: Frame 1090 sent at 1572944248799
11-05 10:57:28.826 11590 11643 D Evaluation: Frame 1091 sent at 1572944248826
11-05 10:57:28.865 11590 11643 D Evaluation: Frame 1092 sent at 1572944248865
11-05 10:57:28.889 11590 11643 D Evaluation: Frame 1093 sent at 1572944248889
11-05 10:57:28.933 11590 11643 D Evaluation: Frame 1094 sent at 1572944248933
11-05 10:57:28.958 11590 11643 D Evaluation: Frame 1095 sent at 1572944248958
11-05 10:57:29.007 11590 11643 D Evaluation: Frame 1096 sent at 1572944249007
11-05 10:57:29.034 11590 11643 D Evaluation: Frame 1097 sent at 1572944249033
11-05 10:57:29.066 11590 11643 D Evaluation: Frame 1098 sent at 1572944249066
11-05 10:57:29.090 11590 11643 D Evaluation: Frame 1099 sent at 1572944249090
11-05 10:57:29.128 11590 11643 D Evaluation: Frame 1100 sent at 1572944249128
11-05 10:57:29.160 11590 11643 D Evaluation: Frame 1101 sent at 1572944249160
11-05 10:57:29.194 11590 11643 D Evaluation: Frame 1102 sent at 1572944249194
11-05 10:57:29.225 11590 11643 D Evaluation: Frame 1103 sent at 1572944249225
11-05 10:57:29.268 11590 11643 D Evaluation: Frame 1104 sent at 1572944249268
11-05 10:57:29.293 11590 11643 D Evaluation: Frame 1105 sent at 1572944249293
11-05 10:57:29.372 11590 11643 D Evaluation: Frame 1106 sent at 1572944249372
11-05 10:57:29.402 11590 11643 D Evaluation: Frame 1107 sent at 1572944249402
11-05 10:57:29.435 11590 11643 D Evaluation: Frame 1108 sent at 1572944249435
11-05 10:57:29.473 11590 11643 D Evaluation: Frame 1109 sent at 1572944249472
11-05 10:57:29.503 11590 11643 D Evaluation: Frame 1110 sent at 1572944249503
11-05 10:57:29.527 11590 11643 D Evaluation: Frame 1111 sent at 1572944249527
11-05 10:57:29.560 11590 11643 D Evaluation: Frame 1112 sent at 1572944249560
11-05 10:57:29.597 11590 11643 D Evaluation: Frame 1113 sent at 1572944249597
11-05 10:57:29.631 11590 11643 D Evaluation: Frame 1114 sent at 1572944249630
11-05 10:57:29.670 11590 11643 D Evaluation: Frame 1115 sent at 1572944249670
11-05 10:57:29.698 11590 11643 D Evaluation: Frame 1116 sent at 1572944249698
11-05 10:57:29.739 11590 11643 D Evaluation: Frame 1117 sent at 1572944249739
11-05 10:57:29.764 11590 11643 D Evaluation: Frame 1118 sent at 1572944249764
11-05 10:57:29.798 11590 11643 D Evaluation: Frame 1119 sent at 1572944249798
11-05 10:57:29.839 11590 11643 D Evaluation: Frame 1120 sent at 1572944249839
11-05 10:57:29.868 11590 11643 D Evaluation: Frame 1121 sent at 1572944249868
11-05 10:57:29.897 11590 11643 D Evaluation: Frame 1122 sent at 1572944249897
11-05 10:57:29.941 11590 11643 D Evaluation: Frame 1123 sent at 1572944249941
11-05 10:57:29.972 11590 11643 D Evaluation: Frame 1124 sent at 1572944249972
11-05 10:57:30.033 11590 11643 D Evaluation: Frame 1125 sent at 1572944250033
11-05 10:57:30.097 11590 11643 D Evaluation: Frame 1126 sent at 1572944250097
11-05 10:57:30.131 11590 11602 E         : [ZeroHung]zrhung_get_config: Get config failed for wp[0x0008]
11-05 10:57:30.132 11590 11643 D Evaluation: Frame 1128 sent at 1572944250132
11-05 10:57:30.150 11590 11643 D Evaluation: Frame 1128 sent at 1572944250150
11-05 10:57:30.164 11590 11643 D Evaluation: Frame 1129 sent at 1572944250164
11-05 10:57:30.204 11590 11643 D Evaluation: Frame 1130 sent at 1572944250204
11-05 10:57:30.232 11590 11643 D Evaluation: Frame 1131 sent at 1572944250232
11-05 10:57:30.271 11590 11643 D Evaluation: Frame 1132 sent at 1572944250271
11-05 10:57:30.303 11590 11643 D Evaluation: Frame 1133 sent at 1572944250303
11-05 10:57:30.336 11590 11643 D Evaluation: Frame 1134 sent at 1572944250336
11-05 10:57:30.372 11590 11643 D Evaluation: Frame 1135 sent at 1572944250372
11-05 10:57:30.403 11590 11643 D Evaluation: Frame 1136 sent at 1572944250403
11-05 10:57:30.436 11590 11643 D Evaluation: Frame 1137 sent at 1572944250436
11-05 10:57:30.476 11590 11643 D Evaluation: Frame 1138 sent at 1572944250476
11-05 10:57:30.506 11590 11643 D Evaluation: Frame 1139 sent at 1572944250506
11-05 10:57:30.535 11590 11643 D Evaluation: Frame 1140 sent at 1572944250535
11-05 10:57:30.570 11590 11643 D Evaluation: Frame 1141 sent at 1572944250570
11-05 10:57:30.606 11590 11643 D Evaluation: Frame 1142 sent at 1572944250606
11-05 10:57:30.649 11590 11643 D Evaluation: Frame 1143 sent at 1572944250649
11-05 10:57:30.681 11590 11643 D Evaluation: Frame 1144 sent at 1572944250681
11-05 10:57:30.728 11590 11643 D Evaluation: Frame 1145 sent at 1572944250728
11-05 10:57:30.760 11590 11643 D Evaluation: Frame 1146 sent at 1572944250760
11-05 10:57:30.787 11590 11643 D Evaluation: Frame 1147 sent at 1572944250787
11-05 10:57:30.812 11590 11643 D Evaluation: Frame 1148 sent at 1572944250812
11-05 10:57:30.854 11590 11643 D Evaluation: Frame 1149 sent at 1572944250854
11-05 10:57:30.898 11590 11643 D Evaluation: Frame 1150 sent at 1572944250898
11-05 10:57:30.931 11590 11643 D Evaluation: Frame 1151 sent at 1572944250931
11-05 10:57:30.955 11590 11643 D Evaluation: Frame 1152 sent at 1572944250955
11-05 10:57:30.991 11590 11643 D Evaluation: Frame 1153 sent at 1572944250991
11-05 10:57:31.026 11590 11643 D Evaluation: Frame 1154 sent at 1572944251025
11-05 10:57:31.066 11590 11643 D Evaluation: Frame 1156 sent at 1572944251066
11-05 10:57:31.084 11590 11643 D Evaluation: Frame 1156 sent at 1572944251084
11-05 10:57:31.136 11590 11643 D Evaluation: Frame 1158 sent at 1572944251136
11-05 10:57:31.154 11590 11643 D Evaluation: Frame 1158 sent at 1572944251154
11-05 10:57:31.184 11590 11643 D Evaluation: Frame 1159 sent at 1572944251184
11-05 10:57:31.209 11590 11643 D Evaluation: Frame 1160 sent at 1572944251209
11-05 10:57:31.241 11590 11643 D Evaluation: Frame 1161 sent at 1572944251241
11-05 10:57:31.276 11590 11643 D Evaluation: Frame 1162 sent at 1572944251276
11-05 10:57:31.308 11590 11643 D Evaluation: Frame 1163 sent at 1572944251308
11-05 10:57:31.344 11590 11643 D Evaluation: Frame 1164 sent at 1572944251344
11-05 10:57:31.380 11590 11643 D Evaluation: Frame 1165 sent at 1572944251380
11-05 10:57:31.424 11590 11643 D Evaluation: Frame 1166 sent at 1572944251424
11-05 10:57:31.465 11590 11643 D Evaluation: Frame 1167 sent at 1572944251465
11-05 10:57:31.497 11590 11643 D Evaluation: Frame 1168 sent at 1572944251497
11-05 10:57:31.541 11590 11643 D Evaluation: Frame 1169 sent at 1572944251541
11-05 10:57:31.564 11590 11643 D Evaluation: Frame 1170 sent at 1572944251564
11-05 10:57:31.583 11590 11643 D Evaluation: Frame 1171 sent at 1572944251583
11-05 10:57:31.619 11590 11643 D Evaluation: Frame 1172 sent at 1572944251619
11-05 10:57:31.658 11590 11643 D Evaluation: Frame 1173 sent at 1572944251658
11-05 10:57:31.712 11590 11643 D Evaluation: Frame 1174 sent at 1572944251712
11-05 10:57:31.740 11590 11643 D Evaluation: Frame 1175 sent at 1572944251740
11-05 10:57:31.772 11590 11643 D Evaluation: Frame 1176 sent at 1572944251772
11-05 10:57:31.802 11590 11643 D Evaluation: Frame 1177 sent at 1572944251802
11-05 10:57:31.847 11590 11643 D Evaluation: Frame 1179 sent at 1572944251847
11-05 10:57:31.866 11590 11643 D Evaluation: Frame 1179 sent at 1572944251866
11-05 10:57:31.898 11590 11643 D Evaluation: Frame 1180 sent at 1572944251898
11-05 10:57:31.924 11590 11643 D Evaluation: Frame 1181 sent at 1572944251924
11-05 10:57:31.966 11590 11643 D Evaluation: Frame 1182 sent at 1572944251965
11-05 10:57:31.991 11590 11602 E         : [ZeroHung]zrhung_get_config: Get config failed for wp[0x0008]
11-05 10:57:31.991 11590 11643 D Evaluation: Frame 1183 sent at 1572944251991
11-05 10:57:32.041 11590 11643 D Evaluation: Frame 1184 sent at 1572944252041
11-05 10:57:32.066 11590 11643 D Evaluation: Frame 1185 sent at 1572944252066
11-05 10:57:32.090 11590 11643 D Evaluation: Frame 1186 sent at 1572944252090
11-05 10:57:32.124 11590 11643 D Evaluation: Frame 1187 sent at 1572944252124
11-05 10:57:32.155 11590 11643 D Evaluation: Frame 1188 sent at 1572944252155
11-05 10:57:32.184 11590 11643 D Evaluation: Frame 1189 sent at 1572944252184
11-05 10:57:32.222 11590 11643 D Evaluation: Frame 1190 sent at 1572944252222
11-05 10:57:32.256 11590 11643 D Evaluation: Frame 1191 sent at 1572944252256
11-05 10:57:32.284 11590 11643 D Evaluation: Frame 1192 sent at 1572944252284
11-05 10:57:32.323 11590 11643 D Evaluation: Frame 1193 sent at 1572944252323
11-05 10:57:32.359 11590 11643 D Evaluation: Frame 1194 sent at 1572944252359
11-05 10:57:32.406 11590 11643 D Evaluation: Frame 1195 sent at 1572944252406
11-05 10:57:32.435 11590 11643 D Evaluation: Frame 1196 sent at 1572944252435
11-05 10:57:32.466 11590 11643 D Evaluation: Frame 1197 sent at 1572944252466
11-05 10:57:32.491 11590 11643 D Evaluation: Frame 1198 sent at 1572944252491
11-05 10:57:32.532 11590 11643 D Evaluation: Frame 1199 sent at 1572944252532
11-05 10:57:32.561 11590 11643 D Evaluation: Frame 1200 sent at 1572944252561
11-05 10:57:32.597 11590 11643 D Evaluation: Frame 1201 sent at 1572944252597
11-05 10:57:32.641 11590 11643 D Evaluation: Frame 1202 sent at 1572944252641
11-05 10:57:32.669 11590 11643 D Evaluation: Frame 1203 sent at 1572944252669
11-05 10:57:32.709 11590 11643 D Evaluation: Frame 1204 sent at 1572944252709
11-05 10:57:32.741 11590 11643 D Evaluation: Frame 1205 sent at 1572944252741
11-05 10:57:32.766 11590 11643 D Evaluation: Frame 1206 sent at 1572944252766
11-05 10:57:32.805 11590 11643 D Evaluation: Frame 1207 sent at 1572944252805
11-05 10:57:32.834 11590 11643 D Evaluation: Frame 1208 sent at 1572944252834
11-05 10:57:32.871 11590 11643 D Evaluation: Frame 1209 sent at 1572944252871
11-05 10:57:32.913 11590 11643 D Evaluation: Frame 1210 sent at 1572944252913
11-05 10:57:32.936 11590 11643 D Evaluation: Frame 1211 sent at 1572944252936
11-05 10:57:32.975 11590 11643 D Evaluation: Frame 1212 sent at 1572944252975
11-05 10:57:33.012 11590 11643 D Evaluation: Frame 1213 sent at 1572944253012
11-05 10:57:33.053 11590 11643 D Evaluation: Frame 1214 sent at 1572944253053
11-05 10:57:33.077 11590 11643 D Evaluation: Frame 1215 sent at 1572944253077
11-05 10:57:33.112 11590 11643 D Evaluation: Frame 1216 sent at 1572944253112
11-05 10:57:33.141 11590 11643 D Evaluation: Frame 1217 sent at 1572944253141
11-05 10:57:33.169 11590 11643 D Evaluation: Frame 1218 sent at 1572944253169
11-05 10:57:33.208 11590 11643 D Evaluation: Frame 1219 sent at 1572944253208
11-05 10:57:33.242 11590 11643 D Evaluation: Frame 1220 sent at 1572944253242
11-05 10:57:33.267 11590 11643 D Evaluation: Frame 1221 sent at 1572944253267
11-05 10:57:33.303 11590 11643 D Evaluation: Frame 1222 sent at 1572944253303
11-05 10:57:33.345 11590 11643 D Evaluation: Frame 1223 sent at 1572944253345
11-05 10:57:33.384 11590 11643 D Evaluation: Frame 1224 sent at 1572944253384
11-05 10:57:33.408 11590 11643 D Evaluation: Frame 1225 sent at 1572944253408
11-05 10:57:33.435 11590 11643 D Evaluation: Frame 1226 sent at 1572944253435
11-05 10:57:33.474 11590 11643 D Evaluation: Frame 1227 sent at 1572944253474
11-05 10:57:33.510 11590 11643 D Evaluation: Frame 1228 sent at 1572944253510
11-05 10:57:33.554 11590 11643 D Evaluation: Frame 1229 sent at 1572944253554
11-05 10:57:33.585 11590 11643 D Evaluation: Frame 1230 sent at 1572944253585
11-05 10:57:33.614 11590 11643 D Evaluation: Frame 1231 sent at 1572944253614
11-05 10:57:33.655 11590 11643 D Evaluation: Frame 1232 sent at 1572944253655
11-05 10:57:33.681 11590 11643 D Evaluation: Frame 1233 sent at 1572944253681
11-05 10:57:33.720 11590 11643 D Evaluation: Frame 1234 sent at 1572944253720
11-05 10:57:33.744 11590 11643 D Evaluation: Frame 1235 sent at 1572944253744
11-05 10:57:33.784 11590 11643 D Evaluation: Frame 1236 sent at 1572944253784
11-05 10:57:33.814 11590 11643 D Evaluation: Frame 1237 sent at 1572944253814
11-05 10:57:33.853 11590 11643 D Evaluation: Frame 1238 sent at 1572944253853
11-05 10:57:33.880 11590 11643 D Evaluation: Frame 1239 sent at 1572944253880
11-05 10:57:33.880 11590 11602 E         : [ZeroHung]zrhung_get_config: Get config failed for wp[0x0008]
11-05 10:57:33.880 11590 11643 D Evaluation: Frame 1239 sent at 1572944253880
11-05 10:57:33.920 11590 11643 D Evaluation: Frame 1240 sent at 1572944253920
11-05 10:57:33.951 11590 11643 D Evaluation: Frame 1241 sent at 1572944253951
11-05 10:57:33.979 11590 11643 D Evaluation: Frame 1242 sent at 1572944253979
11-05 10:57:34.014 11590 11643 D Evaluation: Frame 1243 sent at 1572944254014
11-05 10:57:34.060 11590 11643 D Evaluation: Frame 1244 sent at 1572944254060
11-05 10:57:34.091 11590 11643 D Evaluation: Frame 1245 sent at 1572944254091
11-05 10:57:34.115 11590 11643 D Evaluation: Frame 1246 sent at 1572944254115
11-05 10:57:34.155 11590 11643 D Evaluation: Frame 1247 sent at 1572944254155
11-05 10:57:34.186 11590 11643 D Evaluation: Frame 1248 sent at 1572944254186
11-05 10:57:34.223 11590 11643 D Evaluation: Frame 1249 sent at 1572944254223
11-05 10:57:34.251 11590 11643 D Evaluation: Frame 1250 sent at 1572944254251
11-05 10:57:34.279 11590 11643 D Evaluation: Frame 1251 sent at 1572944254279
11-05 10:57:34.330 11590 11643 D Evaluation: Frame 1252 sent at 1572944254330
11-05 10:57:34.356 11590 11643 D Evaluation: Frame 1253 sent at 1572944254356
11-05 10:57:34.392 11590 11643 D Evaluation: Frame 1254 sent at 1572944254392
11-05 10:57:34.425 11590 11643 D Evaluation: Frame 1255 sent at 1572944254425
11-05 10:57:34.458 11590 11643 D Evaluation: Frame 1256 sent at 1572944254458
11-05 10:57:34.484 11590 11643 D Evaluation: Frame 1257 sent at 1572944254484
11-05 10:57:34.525 11590 11643 D Evaluation: Frame 1258 sent at 1572944254525
11-05 10:57:34.561 11590 11643 D Evaluation: Frame 1259 sent at 1572944254561
11-05 10:57:34.594 11590 11643 D Evaluation: Frame 1261 sent at 1572944254594
11-05 10:57:34.615 11590 11643 D Evaluation: Frame 1261 sent at 1572944254615
11-05 10:57:34.651 11590 11643 D Evaluation: Frame 1262 sent at 1572944254651
11-05 10:57:34.690 11590 11643 D Evaluation: Frame 1263 sent at 1572944254690
11-05 10:57:34.714 11590 11643 D Evaluation: Frame 1264 sent at 1572944254714
11-05 10:57:34.750 11590 11643 D Evaluation: Frame 1265 sent at 1572944254750
11-05 10:57:34.793 11590 11643 D Evaluation: Frame 1266 sent at 1572944254793
11-05 10:57:34.814 11590 11643 D Evaluation: Frame 1267 sent at 1572944254814
11-05 10:57:34.858 11590 11643 D Evaluation: Frame 1268 sent at 1572944254858
11-05 10:57:34.893 11590 11643 D Evaluation: Frame 1269 sent at 1572944254893
11-05 10:57:34.934 11590 11643 D Evaluation: Frame 1270 sent at 1572944254934
11-05 10:57:34.956 11590 11643 D Evaluation: Frame 1271 sent at 1572944254956
11-05 10:57:34.988 11590 11643 D Evaluation: Frame 1272 sent at 1572944254988
11-05 10:57:35.023 11590 11643 D Evaluation: Frame 1273 sent at 1572944255023
11-05 10:57:35.055 11590 11643 D Evaluation: Frame 1274 sent at 1572944255055
11-05 10:57:35.101 11590 11643 D Evaluation: Frame 1275 sent at 1572944255101
11-05 10:57:35.136 11590 11643 D Evaluation: Frame 1276 sent at 1572944255136
11-05 10:57:35.157 11590 11643 D Evaluation: Frame 1277 sent at 1572944255157
11-05 10:57:35.190 11590 11643 D Evaluation: Frame 1278 sent at 1572944255190
11-05 10:57:35.231 11590 11643 D Evaluation: Frame 1279 sent at 1572944255231
11-05 10:57:35.256 11590 11643 D Evaluation: Frame 1280 sent at 1572944255256
11-05 10:57:35.290 11590 11643 D Evaluation: Frame 1281 sent at 1572944255290
11-05 10:57:35.331 11590 11643 D Evaluation: Frame 1282 sent at 1572944255331
11-05 10:57:35.362 11590 11643 D Evaluation: Frame 1283 sent at 1572944255362
11-05 10:57:35.396 11590 11643 D Evaluation: Frame 1284 sent at 1572944255396
11-05 10:57:35.431 11590 11643 D Evaluation: Frame 1285 sent at 1572944255431
11-05 10:57:35.474 11590 11643 D Evaluation: Frame 1287 sent at 1572944255474
11-05 10:57:35.491 11590 11643 D Evaluation: Frame 1287 sent at 1572944255491
11-05 10:57:35.521 11590 11643 D Evaluation: Frame 1288 sent at 1572944255521
11-05 10:57:35.555 11590 11643 D Evaluation: Frame 1289 sent at 1572944255555
11-05 10:57:35.584 11590 11643 D Evaluation: Frame 1290 sent at 1572944255584
11-05 10:57:35.609 11590 11643 D Evaluation: Frame 1291 sent at 1572944255609
11-05 10:57:35.642 11590 11643 D Evaluation: Frame 1292 sent at 1572944255642
11-05 10:57:35.678 11590 11643 D Evaluation: Frame 1293 sent at 1572944255678
11-05 10:57:35.710 11590 11643 D Evaluation: Frame 1294 sent at 1572944255710
11-05 10:57:35.743 11590 11643 D Evaluation: Frame 1295 sent at 1572944255743
11-05 10:57:35.777 11590 11602 E         : [ZeroHung]zrhung_get_config: Get config failed for wp[0x0008]
11-05 10:57:35.777 11590 11643 D Evaluation: Frame 1296 sent at 1572944255777
11-05 10:57:35.814 11590 11643 D Evaluation: Frame 1297 sent at 1572944255814
11-05 10:57:35.846 11590 11643 D Evaluation: Frame 1298 sent at 1572944255846
11-05 10:57:35.878 11590 11643 D Evaluation: Frame 1299 sent at 1572944255878
11-05 10:57:35.912 11590 11643 D Evaluation: Frame 1300 sent at 1572944255912
11-05 10:57:35.943 11590 11643 D Evaluation: Frame 1301 sent at 1572944255943
11-05 10:57:35.977 11590 11643 D Evaluation: Frame 1302 sent at 1572944255977
11-05 10:57:35.977 11590 11590 V InputMethodManager: Reporting focus gain, without startInput
11-05 10:57:36.011 11590 11643 D Evaluation: Frame 1303 sent at 1572944256011
11-05 10:57:36.045 11590 11643 D Evaluation: Frame 1304 sent at 1572944256045
11-05 10:57:36.079 11590 11643 D Evaluation: Frame 1305 sent at 1572944256079
11-05 10:57:36.121 11590 11643 D Evaluation: Frame 1306 sent at 1572944256121
11-05 10:57:36.147 11590 11643 D Evaluation: Frame 1307 sent at 1572944256147
11-05 10:57:36.180 11590 11643 D Evaluation: Frame 1308 sent at 1572944256180
11-05 10:57:36.213 11590 11643 D Evaluation: Frame 1309 sent at 1572944256213
11-05 10:57:36.246 11590 11643 D Evaluation: Frame 1310 sent at 1572944256246
11-05 10:57:36.278 11590 11643 D Evaluation: Frame 1311 sent at 1572944256278
11-05 10:57:36.314 11590 11643 D Evaluation: Frame 1312 sent at 1572944256314
11-05 10:57:36.415 11590 11643 D Evaluation: Frame 1314 sent at 1572944256415
11-05 10:57:36.439 11590 11643 D Evaluation: Frame 1314 sent at 1572944256439
11-05 10:57:36.466 11590 11643 D Evaluation: Frame 1315 sent at 1572944256466
11-05 10:57:36.497 11590 11643 D Evaluation: Frame 1316 sent at 1572944256497
11-05 10:57:36.527 11590 11643 D Evaluation: Frame 1317 sent at 1572944256527
11-05 10:57:36.572 11590 11643 D Evaluation: Frame 1318 sent at 1572944256572
11-05 10:57:36.604 11590 11643 D Evaluation: Frame 1319 sent at 1572944256604
11-05 10:57:36.628 11590 11643 D Evaluation: Frame 1320 sent at 1572944256628
11-05 10:57:36.664 11590 11643 D Evaluation: Frame 1321 sent at 1572944256664
11-05 10:57:36.707 11590 11643 D Evaluation: Frame 1322 sent at 1572944256707
11-05 10:57:36.734 11590 11643 D Evaluation: Frame 1323 sent at 1572944256734
11-05 10:57:36.780 11590 11643 D Evaluation: Frame 1324 sent at 1572944256780
11-05 10:57:36.815 11590 11643 D Evaluation: Frame 1325 sent at 1572944256815
11-05 10:57:36.835 11590 11643 D Evaluation: Frame 1326 sent at 1572944256835
11-05 10:57:36.871 11590 11643 D Evaluation: Frame 1327 sent at 1572944256871
11-05 10:57:36.909 11590 11643 D Evaluation: Frame 1328 sent at 1572944256909
11-05 10:57:36.936 11590 11643 D Evaluation: Frame 1329 sent at 1572944256936
11-05 10:57:36.967 11590 11643 D Evaluation: Frame 1330 sent at 1572944256967
11-05 10:57:37.002 11590 11643 D Evaluation: Frame 1331 sent at 1572944257002
11-05 10:57:37.041 11590 11643 D Evaluation: Frame 1332 sent at 1572944257041
11-05 10:57:37.074 11590 11643 D Evaluation: Frame 1333 sent at 1572944257074
11-05 10:57:37.106 11590 11643 D Evaluation: Frame 1334 sent at 1572944257106
11-05 10:57:37.133 11590 11643 D Evaluation: Frame 1335 sent at 1572944257133
11-05 10:57:37.169 11590 11643 D Evaluation: Frame 1336 sent at 1572944257169
11-05 10:57:37.194 11590 11643 D Evaluation: Frame 1337 sent at 1572944257194
11-05 10:57:37.224 11590 11643 D Evaluation: Frame 1338 sent at 1572944257224
11-05 10:57:37.249 11590 11643 D Evaluation: Frame 1339 sent at 1572944257249
11-05 10:57:37.251 11590 11590 I Poster  :  onPause() called.
11-05 10:57:37.380 11590 11590 I Camera  : close camera: 0, package name: symlab.cloudridar.arhud
11-05 10:57:37.380 11590 11590 I BackgroundPermManager: pkgName: symlab.cloudridar.arhud,pid: 11590 ,uidOf3RdApk: 10149 ,permType: 0 ,permCfg: 0
11-05 10:57:37.381 11590 11590 I HwCameraUtil: notifySurfaceFlingerCameraStatus : isFront = false , isOpend = false
11-05 10:57:37.474 11590 11590 D ZrHung.AppEyeUiProbe: stop checker.
11-05 10:57:37.519 11590 11590 I Poster  :  surfaceDestroyed() called.
11-05 10:57:37.520 11590 11590 D ViewRootImpl[MainActivity]: surface should not be released
11-05 10:57:37.521 11590 11590 I Poster  :  onStop() called.
11-05 10:57:37.532 11590 11660 W libEGL  : EGLNativeWindowType 0xed170008 disconnect failed
11-05 10:57:37.975 11590 11634 D ZrHung.AppEyeUiProbe: Current Activity:false
11-05 10:57:37.975 11590 11634 D ZrHung.AppEyeUiProbe: not watching, wait.
