--------- beginning of main
11-05 12:36:25.508  8773  8773 D ZrHung.AppEyeUiProbe: notify runnable to start.
11-05 12:36:25.508  8773  8799 D ZrHung.AppEyeUiProbe: Runnable thread started.
11-05 12:36:25.508  8773  8799 D IMonitor: Load library imonitor_jni
11-05 12:36:25.511  8796  8796 W logcat  : type=1400 audit(0.0:1581): avc: granted { create } for name="logcat_1572950185495.txt" scontext=u:r:untrusted_app:s0:c149,c256,c512,c768 tcontext=u:object_r:sdcardfs:s0:c149,c256,c512,c768 tclass=file
11-05 12:36:25.511  8773  8799 E         : [ZeroHung]zrhung_get_config: Get config failed for wp[0x0102]
11-05 12:36:25.511  8773  8799 W ZrHung.AppEyeUiProbe: Failed to get config from zrhung
11-05 12:36:25.513  8773  8773 I MultiDex: Installing application
11-05 12:36:25.513  8773  8773 I MultiDex: VM has multidex support, MultiDex support library is disabled.
--------- beginning of system
11-05 12:36:25.517  8773  8773 V ActivityThread: callActivityOnCreate
11-05 12:36:25.517  8773  8773 I Poster  :  onCreate() called.
11-05 12:36:25.520  8773  8773 I HwApsImpl: APS: new HwApsImpl created
11-05 12:36:25.527  8773  8773 V HwWidgetFactory: : successes to get AllImpl object and return....
11-05 12:36:25.534  8773  8773 D OpenGLRenderer: Skia GL Pipeline
11-05 12:36:25.560  8773  8773 D Poster  : Server bound to IP 193.166.28.132 and port 52727
11-05 12:36:25.562  8773  8806 D Evaluation: metadata 0 sent 
11-05 12:36:25.563  8773  8773 D ActivityThread: add activity client record, r= ActivityRecord{1a947b3 token=android.os.BinderProxy@d3b22ca {symlab.cloudridar.arhud/symlab.ARHUD.MainActivity}} token= android.os.BinderProxy@d3b22ca
11-05 12:36:25.565  8773  8773 I Poster  :  onStart() called.
11-05 12:36:25.565  8773  8773 D ZrHung.AppEyeUiProbe: notify runnable to start.
11-05 12:36:25.567  8773  8773 I Poster  :  onResume() called.
11-05 12:36:25.571  8773  8773 I PermissionManager: camera remind result:true
11-05 12:36:25.571  8773  8773 I Camera  : open camera: 0, package name: symlab.cloudridar.arhud
11-05 12:36:25.571  8773  8773 I BackgroundPermManager: pkgName: symlab.cloudridar.arhud,pid: 8773 ,uidOf3RdApk: 10149 ,permType: 0 ,permCfg: 1
11-05 12:36:25.572  8773  8773 I HwCameraUtil: notifySurfaceFlingerCameraStatus : isFront = false , isOpend = true
11-05 12:36:25.584  8773  8773 D ActivityThread: isOptEnabled=false isWechatScanOpt=false
11-05 12:36:25.586  8773  8773 I HwSecImmHelper: mSecurityInputMethodService is null
11-05 12:36:25.591  8773  8773 D OpenGLRenderer:   HWUI Binary is  enabled
11-05 12:36:25.604  8773  8825 D HiTouch_PressGestureDetector: onAttached, package=symlab.cloudridar.arhud, windowType=1, mHiTouchRestricted=false
11-05 12:36:25.614  8773  8824 I ConfigStore: android::hardware::configstore::V1_0::ISurfaceFlingerConfigs::hasWideColorDisplay retrieved: 0
11-05 12:36:25.614  8773  8824 I ConfigStore: android::hardware::configstore::V1_0::ISurfaceFlingerConfigs::hasHDRDisplay retrieved: 0
11-05 12:36:25.615  8773  8824 I iGraphics: [0020080c] pn: symlab.cloudridar.arhud, p: 8773
11-05 12:36:25.615  8773  8824 I OpenGLRenderer: Initialized EGL, version 1.4, mEglDisplay 0x1
11-05 12:36:25.615  8773  8824 D OpenGLRenderer: Swap behavior 2
11-05 12:36:25.625  8773  8824 D mali_winsys: EGLint new_window_surface(egl_winsys_display *, void *, EGLSurface, EGLConfig, egl_winsys_surface **, EGLBoolean) returns 0x3000
11-05 12:36:25.632  8773  8773 I Poster  :  surfaceCreated() called.
11-05 12:36:25.632  8773  8773 I Poster  : initPreview() called
11-05 12:36:25.637  8773  8773 I PermissionManager: camera remind result:true
11-05 12:36:25.641  8773  8773 I Poster  :  surfaceChanged() called.
11-05 12:36:25.665  8773  8773 W InputMethodManager: startInputReason = 1
11-05 12:36:25.694  8773  8773 W InputMethodManager: startInputReason = 5
11-05 12:36:25.965  8773  8806 D Evaluation: metadata 1 sent 
11-05 12:36:25.995  8773  8806 D Evaluation: metadata 2 sent 
11-05 12:36:26.031  8773  8806 D Evaluation: metadata 3 sent 
11-05 12:36:26.065  8773  8806 D Evaluation: metadata 4 sent 
11-05 12:36:26.099  8773  8806 D Evaluation: metadata 5 sent 
11-05 12:36:26.150  8773  8806 D Evaluation: Frame 6 sent at 1572950186150
11-05 12:36:26.176  8773  8806 D Evaluation: Frame 7 sent at 1572950186176
11-05 12:36:26.209  8773  8806 D Evaluation: Frame 8 sent at 1572950186209
11-05 12:36:26.245  8773  8806 D Evaluation: Frame 9 sent at 1572950186245
11-05 12:36:26.282  8773  8806 D Evaluation: Frame 10 sent at 1572950186282
11-05 12:36:26.313  8773  8806 D Evaluation: Frame 11 sent at 1572950186313
11-05 12:36:26.316  8773  8806 D Evaluation: 0 res for frame 6 received at 1572950186316
11-05 12:36:26.347  8773  8806 D Evaluation: Frame 12 sent at 1572950186347
11-05 12:36:26.348  8773  8806 D Evaluation: 0 res for frame 7 received at 1572950186348
11-05 12:36:26.380  8773  8806 D Evaluation: Frame 13 sent at 1572950186380
11-05 12:36:26.413  8773  8806 D Evaluation: Frame 14 sent at 1572950186413
11-05 12:36:26.449  8773  8806 D Evaluation: Frame 15 sent at 1572950186449
11-05 12:36:26.450  8773  8806 D Evaluation: 0 res for frame 8 received at 1572950186450
11-05 12:36:26.478  8773  8806 D Evaluation: Frame 16 sent at 1572950186478
11-05 12:36:26.512  8773  8806 D Evaluation: Frame 17 sent at 1572950186512
11-05 12:36:26.513  8773  8806 D Evaluation: 0 res for frame 9 received at 1572950186513
11-05 12:36:26.521  8773  8773 D Poster  : At 1572950186520 location is 65.05892933317207 (latitude), and 25.469848872823157 (longitude)
11-05 12:36:26.548  8773  8806 D Evaluation: Frame 18 sent at 1572950186548
11-05 12:36:26.578  8773  8806 D Evaluation: Frame 19 sent at 1572950186578
11-05 12:36:26.579  8773  8806 D Evaluation: 0 res for frame 10 received at 1572950186579
11-05 12:36:26.617  8773  8806 D Evaluation: Frame 20 sent at 1572950186617
11-05 12:36:26.648  8773  8806 D Evaluation: Frame 21 sent at 1572950186648
11-05 12:36:26.683  8773  8806 D Evaluation: Frame 22 sent at 1572950186683
11-05 12:36:26.684  8773  8806 D Evaluation: 0 res for frame 11 received at 1572950186684
11-05 12:36:26.717  8773  8806 D Evaluation: Frame 23 sent at 1572950186717
11-05 12:36:26.750  8773  8806 D Evaluation: Frame 24 sent at 1572950186750
11-05 12:36:26.751  8773  8806 D Evaluation: 0 res for frame 12 received at 1572950186751
11-05 12:36:26.784  8773  8806 D Evaluation: Frame 25 sent at 1572950186784
11-05 12:36:26.817  8773  8806 D Evaluation: Frame 26 sent at 1572950186817
11-05 12:36:26.818  8773  8806 D Evaluation: 0 res for frame 13 received at 1572950186818
11-05 12:36:26.847  8773  8806 D Evaluation: Frame 27 sent at 1572950186847
11-05 12:36:26.890  8773  8806 D Evaluation: Frame 28 sent at 1572950186890
11-05 12:36:26.891  8773  8806 D Evaluation: 0 res for frame 14 received at 1572950186891
11-05 12:36:26.932  8773  8806 D Evaluation: Frame 29 sent at 1572950186932
11-05 12:36:26.933  8773  8806 D Evaluation: 0 res for frame 15 received at 1572950186933
11-05 12:36:26.968  8773  8806 D Evaluation: Frame 30 sent at 1572950186968
11-05 12:36:27.009  8773  8806 D Evaluation: Frame 31 sent at 1572950187009
11-05 12:36:27.037  8773  8806 D Evaluation: Frame 32 sent at 1572950187037
11-05 12:36:27.071  8773  8806 D Evaluation: Frame 33 sent at 1572950187071
11-05 12:36:27.104  8773  8784 E         : [ZeroHung]zrhung_get_config: Get config failed for wp[0x0008]
11-05 12:36:27.105  8773  8806 D Evaluation: Frame 34 sent at 1572950187105
11-05 12:36:27.126  8773  8782 W System  : A resource failed to call close. 
11-05 12:36:27.127  8773  8782 I chatty  : uid=10149(symlab.cloudridar.arhud) FinalizerDaemon identical 18 lines
11-05 12:36:27.127  8773  8782 W System  : A resource failed to call close. 
11-05 12:36:27.143  8773  8806 D Evaluation: Frame 35 sent at 1572950187143
11-05 12:36:27.172  8773  8806 D Evaluation: Frame 36 sent at 1572950187172
11-05 12:36:27.217  8773  8806 D Evaluation: Frame 37 sent at 1572950187217
11-05 12:36:27.249  8773  8806 D Evaluation: Frame 38 sent at 1572950187249
11-05 12:36:27.280  8773  8806 D Evaluation: Frame 39 sent at 1572950187280
11-05 12:36:27.313  8773  8806 D Evaluation: Frame 40 sent at 1572950187313
11-05 12:36:27.347  8773  8806 D Evaluation: Frame 41 sent at 1572950187347
11-05 12:36:27.371  8773  8806 D Evaluation: Frame 42 sent at 1572950187371
11-05 12:36:27.406  8773  8806 D Evaluation: Frame 43 sent at 1572950187406
11-05 12:36:27.440  8773  8806 D Evaluation: Frame 44 sent at 1572950187440
11-05 12:36:27.479  8773  8806 D Evaluation: Frame 45 sent at 1572950187479
11-05 12:36:27.524  8773  8773 D Poster  : At 1572950187524 location is 65.05892933317207 (latitude), and 25.469848872823157 (longitude)
11-05 12:36:27.528  8773  8806 D Evaluation: Frame 46 sent at 1572950187528
11-05 12:36:27.554  8773  8806 D Evaluation: Frame 48 sent at 1572950187554
11-05 12:36:27.571  8773  8806 D Evaluation: Frame 48 sent at 1572950187571
11-05 12:36:27.612  8773  8806 D Evaluation: Frame 49 sent at 1572950187612
11-05 12:36:27.641  8773  8806 D Evaluation: Frame 50 sent at 1572950187641
11-05 12:36:27.683  8773  8806 D Evaluation: Frame 51 sent at 1572950187683
11-05 12:36:27.709  8773  8806 D Evaluation: Frame 52 sent at 1572950187709
11-05 12:36:27.751  8773  8806 D Evaluation: Frame 53 sent at 1572950187751
11-05 12:36:27.775  8773  8806 D Evaluation: Frame 54 sent at 1572950187775
11-05 12:36:27.811  8773  8806 D Evaluation: Frame 55 sent at 1572950187811
11-05 12:36:27.838  8773  8806 D Evaluation: Frame 56 sent at 1572950187838
11-05 12:36:27.881  8773  8806 D Evaluation: Frame 57 sent at 1572950187881
11-05 12:36:27.902  8773  8806 D Evaluation: Frame 58 sent at 1572950187902
11-05 12:36:27.940  8773  8806 D Evaluation: Frame 59 sent at 1572950187939
11-05 12:36:27.988  8773  8806 D Evaluation: Frame 60 sent at 1572950187988
11-05 12:36:28.018  8773  8806 D Evaluation: Frame 61 sent at 1572950188018
11-05 12:36:28.040  8773  8806 D Evaluation: Frame 62 sent at 1572950188040
11-05 12:36:28.077  8773  8806 D Evaluation: Frame 63 sent at 1572950188076
11-05 12:36:28.117  8773  8806 D Evaluation: Frame 64 sent at 1572950188117
11-05 12:36:28.152  8773  8806 D Evaluation: Frame 65 sent at 1572950188152
11-05 12:36:28.195  8773  8806 D Evaluation: Frame 66 sent at 1572950188195
11-05 12:36:28.219  8773  8806 D Evaluation: Frame 67 sent at 1572950188219
11-05 12:36:28.253  8773  8806 D Evaluation: Frame 68 sent at 1572950188253
11-05 12:36:28.292  8773  8806 D Evaluation: Frame 69 sent at 1572950188292
11-05 12:36:28.311  8773  8806 D Evaluation: Frame 70 sent at 1572950188311
11-05 12:36:28.348  8773  8806 D Evaluation: Frame 71 sent at 1572950188348
11-05 12:36:28.377  8773  8806 D Evaluation: Frame 72 sent at 1572950188377
11-05 12:36:28.418  8773  8806 D Evaluation: Frame 73 sent at 1572950188418
11-05 12:36:28.447  8773  8806 D Evaluation: Frame 74 sent at 1572950188447
11-05 12:36:28.491  8773  8806 D Evaluation: Frame 75 sent at 1572950188491
11-05 12:36:28.514  8773  8806 D Evaluation: Frame 76 sent at 1572950188514
11-05 12:36:28.519  8773  8773 D Poster  : At 1572950188519 location is 65.05892933317207 (latitude), and 25.469848872823157 (longitude)
11-05 12:36:28.559  8773  8806 D Evaluation: Frame 78 sent at 1572950188559
11-05 12:36:28.573  8773  8806 D Evaluation: Frame 78 sent at 1572950188573
11-05 12:36:28.610  8773  8806 D Evaluation: Frame 79 sent at 1572950188610
11-05 12:36:28.653  8773  8806 D Evaluation: Frame 80 sent at 1572950188653
11-05 12:36:28.690  8773  8806 D Evaluation: Frame 81 sent at 1572950188690
11-05 12:36:28.707  8773  8806 D Evaluation: Frame 82 sent at 1572950188707
11-05 12:36:28.746  8773  8806 D Evaluation: Frame 83 sent at 1572950188746
11-05 12:36:28.788  8773  8806 D Evaluation: Frame 84 sent at 1572950188788
11-05 12:36:28.815  8773  8806 D Evaluation: Frame 85 sent at 1572950188815
11-05 12:36:28.851  8773  8806 D Evaluation: Frame 86 sent at 1572950188851
11-05 12:36:28.885  8773  8806 D Evaluation: Frame 87 sent at 1572950188885
11-05 12:36:28.918  8773  8806 D Evaluation: Frame 88 sent at 1572950188918
11-05 12:36:28.954  8773  8806 D Evaluation: Frame 89 sent at 1572950188954
11-05 12:36:29.003  8773  8806 D Evaluation: Frame 90 sent at 1572950189003
11-05 12:36:29.027  8773  8806 D Evaluation: Frame 91 sent at 1572950189027
11-05 12:36:29.051  8773  8806 D Evaluation: Frame 92 sent at 1572950189051
11-05 12:36:29.089  8773  8806 D Evaluation: Frame 93 sent at 1572950189089
11-05 12:36:29.122  8773  8806 D Evaluation: Frame 94 sent at 1572950189122
11-05 12:36:29.156  8773  8806 D Evaluation: Frame 95 sent at 1572950189156
11-05 12:36:29.190  8773  8806 D Evaluation: Frame 96 sent at 1572950189190
11-05 12:36:29.222  8773  8806 D Evaluation: Frame 97 sent at 1572950189222
11-05 12:36:29.264  8773  8806 D Evaluation: Frame 98 sent at 1572950189264
11-05 12:36:29.297  8773  8806 D Evaluation: Frame 99 sent at 1572950189297
11-05 12:36:29.322  8773  8806 D Evaluation: Frame 100 sent at 1572950189322
11-05 12:36:29.356  8773  8806 D Evaluation: Frame 101 sent at 1572950189356
11-05 12:36:29.389  8773  8806 D Evaluation: Frame 102 sent at 1572950189389
11-05 12:36:29.433  8773  8806 D Evaluation: Frame 103 sent at 1572950189433
11-05 12:36:29.468  8773  8806 D Evaluation: Frame 104 sent at 1572950189468
11-05 12:36:29.503  8773  8806 D Evaluation: Frame 105 sent at 1572950189503
11-05 12:36:29.534  8773  8773 D Poster  : At 1572950189534 location is 65.05892933317207 (latitude), and 25.469848872823157 (longitude)
11-05 12:36:29.539  8773  8806 D Evaluation: Frame 106 sent at 1572950189539
11-05 12:36:29.561  8773  8806 D Evaluation: Frame 107 sent at 1572950189561
11-05 12:36:29.583  8773  8806 D Evaluation: Frame 108 sent at 1572950189583
11-05 12:36:29.623  8773  8806 D Evaluation: Frame 109 sent at 1572950189623
11-05 12:36:29.663  8773  8806 D Evaluation: Frame 110 sent at 1572950189663
11-05 12:36:29.689  8773  8806 D Evaluation: Frame 111 sent at 1572950189689
11-05 12:36:29.727  8773  8784 E         : [ZeroHung]zrhung_get_config: Get config failed for wp[0x0008]
11-05 12:36:29.727  8773  8806 D Evaluation: Frame 112 sent at 1572950189727
11-05 12:36:29.764  8773  8806 D Evaluation: Frame 113 sent at 1572950189764
11-05 12:36:29.803  8773  8806 D Evaluation: Frame 114 sent at 1572950189803
11-05 12:36:29.828  8773  8806 D Evaluation: Frame 115 sent at 1572950189828
11-05 12:36:29.878  8773  8806 D Evaluation: Frame 116 sent at 1572950189878
11-05 12:36:29.911  8773  8806 D Evaluation: Frame 117 sent at 1572950189911
11-05 12:36:29.943  8773  8806 D Evaluation: Frame 119 sent at 1572950189943
11-05 12:36:29.967  8773  8806 D Evaluation: Frame 119 sent at 1572950189967
11-05 12:36:30.005  8773  8806 D Evaluation: Frame 120 sent at 1572950190005
11-05 12:36:30.032  8773  8806 D Evaluation: Frame 121 sent at 1572950190032
11-05 12:36:30.064  8773  8806 D Evaluation: Frame 122 sent at 1572950190064
11-05 12:36:30.099  8773  8806 D Evaluation: Frame 123 sent at 1572950190099
11-05 12:36:30.137  8773  8806 D Evaluation: Frame 124 sent at 1572950190137
11-05 12:36:30.164  8773  8806 D Evaluation: Frame 125 sent at 1572950190164
11-05 12:36:30.218  8773  8806 D Evaluation: Frame 127 sent at 1572950190218
11-05 12:36:30.240  8773  8806 D Evaluation: Frame 127 sent at 1572950190240
11-05 12:36:30.275  8773  8806 D Evaluation: Frame 128 sent at 1572950190275
11-05 12:36:30.297  8773  8806 D Evaluation: Frame 129 sent at 1572950190297
11-05 12:36:30.340  8773  8806 D Evaluation: Frame 130 sent at 1572950190340
11-05 12:36:30.372  8773  8806 D Evaluation: Frame 131 sent at 1572950190372
11-05 12:36:30.411  8773  8806 D Evaluation: Frame 133 sent at 1572950190411
11-05 12:36:30.430  8773  8806 D Evaluation: Frame 133 sent at 1572950190430
11-05 12:36:30.469  8773  8806 D Evaluation: Frame 134 sent at 1572950190469
11-05 12:36:30.492  8773  8806 D Evaluation: Frame 135 sent at 1572950190492
11-05 12:36:30.496  8773  8773 I AwareBitmapCacher: init lrucache size: 2097152 pid=8773
11-05 12:36:30.516  8773  8773 D Poster  : At 1572950190516 location is 65.05892404998733 (latitude), and 25.469841474615002 (longitude)
11-05 12:36:30.525  8773  8806 D Evaluation: Frame 136 sent at 1572950190525
11-05 12:36:30.569  8773  8806 D Evaluation: Frame 137 sent at 1572950190569
11-05 12:36:30.606  8773  8806 D Evaluation: Frame 138 sent at 1572950190606
11-05 12:36:30.640  8773  8806 D Evaluation: Frame 139 sent at 1572950190640
11-05 12:36:30.674  8773  8806 D Evaluation: Frame 140 sent at 1572950190674
11-05 12:36:30.703  8773  8806 D Evaluation: Frame 141 sent at 1572950190703
11-05 12:36:30.748  8773  8806 D Evaluation: Frame 142 sent at 1572950190748
11-05 12:36:30.776  8773  8806 D Evaluation: Frame 143 sent at 1572950190776
11-05 12:36:30.804  8773  8806 D Evaluation: Frame 144 sent at 1572950190804
11-05 12:36:30.827  8773  8806 D Evaluation: Frame 145 sent at 1572950190827
11-05 12:36:30.878  8773  8806 D Evaluation: Frame 146 sent at 1572950190878
11-05 12:36:30.910  8773  8806 D Evaluation: Frame 147 sent at 1572950190910
11-05 12:36:30.941  8773  8806 D Evaluation: Frame 148 sent at 1572950190941
11-05 12:36:30.973  8773  8806 D Evaluation: Frame 149 sent at 1572950190973
11-05 12:36:31.021  8773  8806 D Evaluation: Frame 150 sent at 1572950191021
11-05 12:36:31.044  8773  8806 D Evaluation: Frame 151 sent at 1572950191044
11-05 12:36:31.070  8773  8806 D Evaluation: Frame 152 sent at 1572950191070
11-05 12:36:31.105  8773  8806 D Evaluation: Frame 153 sent at 1572950191105
11-05 12:36:31.137  8773  8806 D Evaluation: Frame 154 sent at 1572950191137
11-05 12:36:31.176  8773  8806 D Evaluation: Frame 155 sent at 1572950191176
11-05 12:36:31.195  8773  8806 D Evaluation: Frame 156 sent at 1572950191195
11-05 12:36:31.257  8773  8806 D Evaluation: Frame 157 sent at 1572950191257
11-05 12:36:31.283  8773  8806 D Evaluation: Frame 158 sent at 1572950191283
11-05 12:36:31.314  8773  8806 D Evaluation: Frame 159 sent at 1572950191314
11-05 12:36:31.338  8773  8806 D Evaluation: Frame 160 sent at 1572950191338
11-05 12:36:31.374  8773  8806 D Evaluation: Frame 161 sent at 1572950191374
11-05 12:36:31.399  8773  8806 D Evaluation: Frame 162 sent at 1572950191399
11-05 12:36:31.444  8773  8806 D Evaluation: Frame 163 sent at 1572950191444
11-05 12:36:31.479  8773  8806 D Evaluation: Frame 164 sent at 1572950191479
11-05 12:36:31.517  8773  8806 D Evaluation: Frame 165 sent at 1572950191517
11-05 12:36:31.545  8773  8773 D Poster  : At 1572950191545 location is 65.05892654033606 (latitude), and 25.469828285938455 (longitude)
11-05 12:36:31.578  8773  8806 D Evaluation: Frame 166 sent at 1572950191578
11-05 12:36:31.609  8773  8806 D Evaluation: Frame 167 sent at 1572950191609
11-05 12:36:31.651  8773  8806 D Evaluation: Frame 168 sent at 1572950191651
11-05 12:36:31.688  8773  8806 D Evaluation: Frame 169 sent at 1572950191688
11-05 12:36:31.729  8773  8806 D Evaluation: Frame 171 sent at 1572950191729
11-05 12:36:31.751  8773  8806 D Evaluation: Frame 171 sent at 1572950191751
11-05 12:36:31.783  8773  8806 D Evaluation: Frame 172 sent at 1572950191783
11-05 12:36:31.848  8773  8806 D Evaluation: Frame 173 sent at 1572950191848
11-05 12:36:31.896  8773  8806 D Evaluation: Frame 175 sent at 1572950191896
11-05 12:36:31.917  8773  8806 D Evaluation: Frame 175 sent at 1572950191917
11-05 12:36:31.952  8773  8806 D Evaluation: Frame 176 sent at 1572950191952
11-05 12:36:31.985  8773  8806 D Evaluation: Frame 177 sent at 1572950191985
11-05 12:36:32.037  8773  8806 D Evaluation: Frame 179 sent at 1572950192037
11-05 12:36:32.062  8773  8806 D Evaluation: Frame 180 sent at 1572950192062
11-05 12:36:32.081  8773  8806 D Evaluation: Frame 180 sent at 1572950192081
11-05 12:36:32.118  8773  8806 D Evaluation: Frame 181 sent at 1572950192118
11-05 12:36:32.145  8773  8806 D Evaluation: Frame 182 sent at 1572950192145
11-05 12:36:32.183  8773  8784 E         : [ZeroHung]zrhung_get_config: Get config failed for wp[0x0008]
11-05 12:36:32.183  8773  8806 D Evaluation: Frame 183 sent at 1572950192183
11-05 12:36:32.218  8773  8806 D Evaluation: Frame 184 sent at 1572950192218
11-05 12:36:32.242  8773  8806 D Evaluation: Frame 185 sent at 1572950192242
11-05 12:36:32.283  8773  8806 D Evaluation: Frame 186 sent at 1572950192283
11-05 12:36:32.322  8773  8806 D Evaluation: Frame 187 sent at 1572950192322
11-05 12:36:32.362  8773  8806 D Evaluation: Frame 188 sent at 1572950192362
11-05 12:36:32.388  8773  8806 D Evaluation: Frame 189 sent at 1572950192388
11-05 12:36:32.428  8773  8806 D Evaluation: Frame 190 sent at 1572950192428
11-05 12:36:32.451  8773  8806 D Evaluation: Frame 191 sent at 1572950192451
11-05 12:36:32.484  8773  8806 D Evaluation: Frame 192 sent at 1572950192484
11-05 12:36:32.523  8773  8773 D Poster  : At 1572950192523 location is 65.0589303119652 (latitude), and 25.46981541386894 (longitude)
11-05 12:36:32.526  8773  8806 D Evaluation: Frame 193 sent at 1572950192526
11-05 12:36:32.568  8773  8806 D Evaluation: Frame 195 sent at 1572950192568
11-05 12:36:32.590  8773  8806 D Evaluation: Frame 195 sent at 1572950192590
11-05 12:36:32.625  8773  8806 D Evaluation: Frame 196 sent at 1572950192624
11-05 12:36:32.656  8773  8806 D Evaluation: Frame 197 sent at 1572950192656
11-05 12:36:32.695  8773  8806 D Evaluation: Frame 198 sent at 1572950192695
11-05 12:36:32.717  8773  8806 D Evaluation: Frame 199 sent at 1572950192717
11-05 12:36:32.748  8773  8806 D Evaluation: Frame 200 sent at 1572950192748
11-05 12:36:32.782  8773  8806 D Evaluation: Frame 201 sent at 1572950192782
11-05 12:36:32.821  8773  8806 D Evaluation: Frame 202 sent at 1572950192821
11-05 12:36:32.862  8773  8806 D Evaluation: Frame 203 sent at 1572950192862
11-05 12:36:32.886  8773  8806 D Evaluation: Frame 204 sent at 1572950192886
11-05 12:36:32.925  8773  8806 D Evaluation: Frame 205 sent at 1572950192925
11-05 12:36:32.948  8773  8806 D Evaluation: Frame 206 sent at 1572950192948
11-05 12:36:32.981  8773  8806 D Evaluation: Frame 207 sent at 1572950192981
11-05 12:36:33.020  8773  8806 D Evaluation: Frame 208 sent at 1572950193020
11-05 12:36:33.067  8773  8806 D Evaluation: Frame 209 sent at 1572950193067
11-05 12:36:33.103  8773  8806 D Evaluation: Frame 210 sent at 1572950193103
11-05 12:36:33.135  8773  8806 D Evaluation: Frame 211 sent at 1572950193135
11-05 12:36:33.156  8773  8806 D Evaluation: Frame 212 sent at 1572950193156
11-05 12:36:33.194  8773  8806 D Evaluation: Frame 213 sent at 1572950193194
11-05 12:36:33.222  8773  8806 D Evaluation: Frame 214 sent at 1572950193222
11-05 12:36:33.250  8773  8806 D Evaluation: Frame 215 sent at 1572950193250
11-05 12:36:33.289  8773  8806 D Evaluation: Frame 216 sent at 1572950193289
11-05 12:36:33.339  8773  8806 D Evaluation: Frame 217 sent at 1572950193338
11-05 12:36:33.365  8773  8806 D Evaluation: Frame 218 sent at 1572950193365
11-05 12:36:33.400  8773  8806 D Evaluation: Frame 219 sent at 1572950193400
11-05 12:36:33.430  8773  8806 D Evaluation: Frame 220 sent at 1572950193430
11-05 12:36:33.466  8773  8806 D Evaluation: Frame 221 sent at 1572950193466
11-05 12:36:33.499  8773  8806 D Evaluation: Frame 222 sent at 1572950193499
11-05 12:36:33.528  8773  8773 D Poster  : At 1572950193528 location is 65.05892820213192 (latitude), and 25.469810724528454 (longitude)
11-05 12:36:33.540  8773  8806 D Evaluation: Frame 223 sent at 1572950193540
11-05 12:36:33.571  8773  8806 D Evaluation: Frame 224 sent at 1572950193571
11-05 12:36:33.594  8773  8806 D Evaluation: Frame 225 sent at 1572950193594
11-05 12:36:33.632  8773  8806 D Evaluation: Frame 226 sent at 1572950193632
11-05 12:36:33.667  8773  8806 D Evaluation: Frame 227 sent at 1572950193667
11-05 12:36:33.708  8773  8806 D Evaluation: Frame 229 sent at 1572950193708
11-05 12:36:33.730  8773  8806 D Evaluation: Frame 229 sent at 1572950193730
11-05 12:36:33.760  8773  8806 D Evaluation: Frame 230 sent at 1572950193760
11-05 12:36:33.792  8773  8806 D Evaluation: Frame 231 sent at 1572950193792
11-05 12:36:33.832  8773  8806 D Evaluation: Frame 232 sent at 1572950193832
11-05 12:36:33.873  8773  8806 D Evaluation: Frame 234 sent at 1572950193873
11-05 12:36:33.896  8773  8806 D Evaluation: Frame 234 sent at 1572950193896
11-05 12:36:33.938  8773  8806 D Evaluation: Frame 235 sent at 1572950193938
11-05 12:36:33.960  8773  8806 D Evaluation: Frame 236 sent at 1572950193960
11-05 12:36:34.000  8773  8806 D Evaluation: Frame 237 sent at 1572950194000
11-05 12:36:34.037  8773  8806 D Evaluation: Frame 238 sent at 1572950194037
11-05 12:36:34.072  8773  8806 D Evaluation: Frame 239 sent at 1572950194072
11-05 12:36:34.098  8773  8806 D Evaluation: Frame 240 sent at 1572950194098
11-05 12:36:34.134  8773  8806 D Evaluation: Frame 241 sent at 1572950194134
11-05 12:36:34.159  8773  8806 D Evaluation: Frame 242 sent at 1572950194159
11-05 12:36:34.204  8773  8784 E         : [ZeroHung]zrhung_get_config: Get config failed for wp[0x0008]
11-05 12:36:34.205  8773  8806 D Evaluation: Frame 243 sent at 1572950194205
11-05 12:36:34.236  8773  8806 D Evaluation: Frame 244 sent at 1572950194236
11-05 12:36:34.262  8773  8806 D Evaluation: Frame 245 sent at 1572950194262
11-05 12:36:34.310  8773  8806 D Evaluation: Frame 246 sent at 1572950194310
11-05 12:36:34.339  8773  8806 D Evaluation: Frame 247 sent at 1572950194339
11-05 12:36:34.367  8773  8806 D Evaluation: Frame 248 sent at 1572950194367
11-05 12:36:34.401  8773  8806 D Evaluation: Frame 249 sent at 1572950194401
11-05 12:36:34.429  8773  8806 D Evaluation: Frame 250 sent at 1572950194429
11-05 12:36:34.462  8773  8806 D Evaluation: Frame 251 sent at 1572950194462
11-05 12:36:34.503  8773  8806 D Evaluation: Frame 252 sent at 1572950194503
11-05 12:36:34.527  8773  8773 D Poster  : At 1572950194527 location is 65.05892104950132 (latitude), and 25.46980002740673 (longitude)
11-05 12:36:34.536  8773  8806 D Evaluation: Frame 253 sent at 1572950194536
11-05 12:36:34.571  8773  8806 D Evaluation: Frame 254 sent at 1572950194571
11-05 12:36:34.600  8773  8806 D Evaluation: Frame 255 sent at 1572950194600
11-05 12:36:34.629  8773  8806 D Evaluation: Frame 256 sent at 1572950194629
11-05 12:36:34.688  8773  8806 D Evaluation: Frame 257 sent at 1572950194688
11-05 12:36:34.725  8773  8806 D Evaluation: Frame 258 sent at 1572950194724
11-05 12:36:34.783  8773  8806 D Evaluation: Frame 260 sent at 1572950194783
11-05 12:36:34.804  8773  8806 D Evaluation: Frame 260 sent at 1572950194804
11-05 12:36:34.838  8773  8806 D Evaluation: Frame 261 sent at 1572950194838
11-05 12:36:34.881  8773  8806 D Evaluation: Frame 262 sent at 1572950194880
11-05 12:36:34.913  8773  8806 D Evaluation: Frame 264 sent at 1572950194913
11-05 12:36:34.934  8773  8806 D Evaluation: Frame 264 sent at 1572950194934
11-05 12:36:34.977  8773  8806 D Evaluation: Frame 265 sent at 1572950194977
11-05 12:36:35.003  8773  8806 D Evaluation: Frame 266 sent at 1572950195003
11-05 12:36:35.041  8773  8806 D Evaluation: Frame 267 sent at 1572950195041
11-05 12:36:35.075  8773  8806 D Evaluation: Frame 268 sent at 1572950195075
11-05 12:36:35.107  8773  8806 D Evaluation: Frame 269 sent at 1572950195107
11-05 12:36:35.134  8773  8806 D Evaluation: Frame 270 sent at 1572950195134
11-05 12:36:35.173  8773  8806 D Evaluation: Frame 271 sent at 1572950195173
11-05 12:36:35.212  8773  8806 D Evaluation: Frame 272 sent at 1572950195212
11-05 12:36:35.247  8773  8806 D Evaluation: Frame 273 sent at 1572950195247
11-05 12:36:35.293  8773  8806 D Evaluation: Frame 275 sent at 1572950195293
11-05 12:36:35.314  8773  8806 D Evaluation: Frame 275 sent at 1572950195314
11-05 12:36:35.343  8773  8806 D Evaluation: Frame 276 sent at 1572950195343
11-05 12:36:35.381  8773  8806 D Evaluation: Frame 277 sent at 1572950195381
11-05 12:36:35.404  8773  8806 D Evaluation: Frame 278 sent at 1572950195404
11-05 12:36:35.446  8773  8806 D Evaluation: Frame 279 sent at 1572950195446
11-05 12:36:35.474  8773  8806 D Evaluation: Frame 280 sent at 1572950195474
11-05 12:36:35.522  8773  8806 D Evaluation: Frame 281 sent at 1572950195521
11-05 12:36:35.545  8773  8773 D Poster  : At 1572950195544 location is 65.05891233986897 (latitude), and 25.469784002810666 (longitude)
11-05 12:36:35.548  8773  8806 D Evaluation: Frame 282 sent at 1572950195548
11-05 12:36:35.579  8773  8806 D Evaluation: Frame 283 sent at 1572950195579
11-05 12:36:35.609  8773  8806 D Evaluation: Frame 284 sent at 1572950195609
11-05 12:36:35.637  8773  8806 D Evaluation: Frame 285 sent at 1572950195637
11-05 12:36:35.679  8773  8806 D Evaluation: Frame 286 sent at 1572950195679
11-05 12:36:35.717  8773  8806 D Evaluation: Frame 287 sent at 1572950195717
11-05 12:36:35.737  8773  8806 D Evaluation: Frame 288 sent at 1572950195737
11-05 12:36:35.782  8773  8806 D Evaluation: Frame 289 sent at 1572950195782
11-05 12:36:35.802  8773  8806 D Evaluation: Frame 290 sent at 1572950195802
11-05 12:36:35.845  8773  8806 D Evaluation: Frame 291 sent at 1572950195845
11-05 12:36:35.881  8773  8806 D Evaluation: Frame 292 sent at 1572950195881
11-05 12:36:35.909  8773  8806 D Evaluation: Frame 293 sent at 1572950195909
11-05 12:36:35.957  8773  8806 D Evaluation: Frame 294 sent at 1572950195956
11-05 12:36:35.984  8773  8806 D Evaluation: Frame 295 sent at 1572950195984
11-05 12:36:36.020  8773  8806 D Evaluation: Frame 296 sent at 1572950196020
11-05 12:36:36.020  8773  8784 E         : [ZeroHung]zrhung_get_config: Get config failed for wp[0x0008]
11-05 12:36:36.049  8773  8806 D Evaluation: Frame 297 sent at 1572950196049
11-05 12:36:36.069  8773  8806 D Evaluation: Frame 298 sent at 1572950196069
11-05 12:36:36.110  8773  8806 D Evaluation: Frame 299 sent at 1572950196110
11-05 12:36:36.143  8773  8806 D Evaluation: Frame 300 sent at 1572950196143
11-05 12:36:36.179  8773  8806 D Evaluation: Frame 301 sent at 1572950196179
11-05 12:36:36.243  8773  8806 D Evaluation: Frame 302 sent at 1572950196243
11-05 12:36:36.290  8773  8806 D Evaluation: Frame 303 sent at 1572950196290
11-05 12:36:36.374  8773  8806 D Evaluation: Frame 305 sent at 1572950196373
11-05 12:36:36.403  8773  8806 D Evaluation: Frame 306 sent at 1572950196403
11-05 12:36:36.423  8773  8806 D Evaluation: Frame 306 sent at 1572950196423
11-05 12:36:36.449  8773  8806 D Evaluation: Frame 307 sent at 1572950196449
11-05 12:36:36.478  8773  8806 D Evaluation: Frame 308 sent at 1572950196478
11-05 12:36:36.526  8773  8806 D Evaluation: Frame 309 sent at 1572950196526
11-05 12:36:36.531  8773  8773 D Poster  : At 1572950196531 location is 65.05890407985352 (latitude), and 25.469770036001822 (longitude)
11-05 12:36:36.559  8773  8806 D Evaluation: Frame 311 sent at 1572950196559
11-05 12:36:36.578  8773  8806 D Evaluation: Frame 311 sent at 1572950196578
11-05 12:36:36.616  8773  8806 D Evaluation: Frame 312 sent at 1572950196616
11-05 12:36:36.645  8773  8806 D Evaluation: Frame 313 sent at 1572950196645
11-05 12:36:36.682  8773  8806 D Evaluation: Frame 314 sent at 1572950196682
11-05 12:36:36.714  8773  8806 D Evaluation: Frame 315 sent at 1572950196714
11-05 12:36:36.762  8773  8806 D Evaluation: Frame 316 sent at 1572950196762
11-05 12:36:36.791  8773  8806 D Evaluation: Frame 317 sent at 1572950196791
11-05 12:36:36.863  8773  8806 D Evaluation: Frame 318 sent at 1572950196863
11-05 12:36:36.885  8773  8806 D Evaluation: Frame 319 sent at 1572950196884
11-05 12:36:36.914  8773  8806 D Evaluation: Frame 320 sent at 1572950196914
11-05 12:36:37.000  8773  8806 D Evaluation: Frame 321 sent at 1572950197000
11-05 12:36:37.033  8773  8806 D Evaluation: Frame 322 sent at 1572950197033
11-05 12:36:37.065  8773  8806 D Evaluation: Frame 323 sent at 1572950197065
11-05 12:36:37.103  8773  8806 D Evaluation: Frame 324 sent at 1572950197103
11-05 12:36:37.162  8773  8806 D Evaluation: Frame 325 sent at 1572950197162
11-05 12:36:37.206  8773  8806 D Evaluation: Frame 327 sent at 1572950197206
11-05 12:36:37.230  8773  8806 D Evaluation: Frame 327 sent at 1572950197230
11-05 12:36:37.262  8773  8806 D Evaluation: Frame 328 sent at 1572950197262
11-05 12:36:37.295  8773  8806 D Evaluation: Frame 329 sent at 1572950197295
11-05 12:36:37.324  8773  8806 D Evaluation: Frame 330 sent at 1572950197324
11-05 12:36:37.362  8773  8806 D Evaluation: Frame 331 sent at 1572950197362
11-05 12:36:37.399  8773  8806 D Evaluation: Frame 332 sent at 1572950197399
11-05 12:36:37.428  8773  8806 D Evaluation: Frame 333 sent at 1572950197428
11-05 12:36:37.460  8773  8806 D Evaluation: Frame 334 sent at 1572950197460
11-05 12:36:37.496  8773  8806 D Evaluation: Frame 335 sent at 1572950197496
11-05 12:36:37.517  8773  8806 D Evaluation: Frame 336 sent at 1572950197517
11-05 12:36:37.520  8773  8773 D Poster  : At 1572950197519 location is 65.05889667318762 (latitude), and 25.469756389244363 (longitude)
11-05 12:36:37.558  8773  8806 D Evaluation: Frame 338 sent at 1572950197558
11-05 12:36:37.569  8773  8773 D stylus  : init stylus touchlistener.
11-05 12:36:37.574  8773  8773 W Settings: Setting device_provisioned has moved from android.provider.Settings.Secure to android.provider.Settings.Global.
11-05 12:36:37.575  8773  8773 V HiTouch_HiTouchSensor: User setup is finished.
11-05 12:36:37.577  8773  8806 D Evaluation: Frame 338 sent at 1572950197577
11-05 12:36:37.607  8773  8806 D Evaluation: Frame 339 sent at 1572950197607
11-05 12:36:37.651  8773  8806 D Evaluation: Frame 340 sent at 1572950197651
11-05 12:36:37.674  8773  8773 W HiTouch_PressGestureDetector: Touch pointer move a lot. The moving distance of X is:4.8932266, limit is:60The moving distance of Y is:77.89463, limit is:60
11-05 12:36:37.687  8773  8806 D Evaluation: Frame 341 sent at 1572950197687
11-05 12:36:37.734  8773  8806 D Evaluation: Frame 342 sent at 1572950197734
11-05 12:36:37.762  8773  8806 D Evaluation: Frame 343 sent at 1572950197762
11-05 12:36:37.786  8773  8784 E         : [ZeroHung]zrhung_get_config: Get config failed for wp[0x0008]
11-05 12:36:37.787  8773  8806 D Evaluation: Frame 344 sent at 1572950197787
11-05 12:36:37.838  8773  8806 D Evaluation: Frame 345 sent at 1572950197838
11-05 12:36:37.874  8773  8806 D Evaluation: Frame 346 sent at 1572950197874
11-05 12:36:37.911  8773  8806 D Evaluation: Frame 347 sent at 1572950197911
11-05 12:36:37.947  8773  8806 D Evaluation: Frame 348 sent at 1572950197947
11-05 12:36:37.978  8773  8806 D Evaluation: Frame 349 sent at 1572950197978
11-05 12:36:38.011  8773  8806 D Evaluation: Frame 350 sent at 1572950198011
11-05 12:36:38.043  8773  8806 D Evaluation: Frame 351 sent at 1572950198043
11-05 12:36:38.083  8773  8806 D Evaluation: Frame 352 sent at 1572950198083
11-05 12:36:38.114  8773  8806 D Evaluation: Frame 353 sent at 1572950198114
11-05 12:36:38.143  8773  8806 D Evaluation: Frame 354 sent at 1572950198143
11-05 12:36:38.190  8773  8806 D Evaluation: Frame 355 sent at 1572950198190
11-05 12:36:38.218  8773  8806 D Evaluation: Frame 356 sent at 1572950198218
11-05 12:36:38.248  8773  8806 D Evaluation: Frame 357 sent at 1572950198248
11-05 12:36:38.288  8773  8806 D Evaluation: Frame 358 sent at 1572950198288
11-05 12:36:38.318  8773  8806 D Evaluation: Frame 359 sent at 1572950198318
11-05 12:36:38.346  8773  8806 D Evaluation: Frame 360 sent at 1572950198346
11-05 12:36:38.383  8773  8806 D Evaluation: Frame 361 sent at 1572950198383
11-05 12:36:38.418  8773  8806 W System.err: java.net.SocketException: Message too long
11-05 12:36:38.418  8773  8806 W System.err: 	at sun.nio.ch.DatagramChannelImpl.send0(Native Method)
11-05 12:36:38.419  8773  8806 W System.err: 	at sun.nio.ch.DatagramChannelImpl.sendFromNativeBuffer(DatagramChannelImpl.java:573)
11-05 12:36:38.419  8773  8806 W System.err: 	at sun.nio.ch.DatagramChannelImpl.send(DatagramChannelImpl.java:550)
11-05 12:36:38.419  8773  8806 W System.err: 	at sun.nio.ch.DatagramChannelImpl.send(DatagramChannelImpl.java:514)
11-05 12:36:38.419  8773  8806 W System.err: 	at symlab.CloudAR.network.TransmissionTask.run(TransmissionTask.java:124)
11-05 12:36:38.419  8773  8806 W System.err: 	at android.os.Handler.handleCallback(Handler.java:907)
11-05 12:36:38.419  8773  8806 W System.err: 	at android.os.Handler.dispatchMessage(Handler.java:105)
11-05 12:36:38.419  8773  8806 W System.err: 	at android.os.Looper.loop(Looper.java:216)
11-05 12:36:38.419  8773  8806 W System.err: 	at android.os.HandlerThread.run(HandlerThread.java:65)
11-05 12:36:38.450  8773  8806 W System.err: java.net.SocketException: Message too long
11-05 12:36:38.450  8773  8806 W System.err: 	at sun.nio.ch.DatagramChannelImpl.send0(Native Method)
11-05 12:36:38.450  8773  8806 W System.err: 	at sun.nio.ch.DatagramChannelImpl.sendFromNativeBuffer(DatagramChannelImpl.java:573)
11-05 12:36:38.450  8773  8806 W System.err: 	at sun.nio.ch.DatagramChannelImpl.send(DatagramChannelImpl.java:550)
11-05 12:36:38.450  8773  8806 W System.err: 	at sun.nio.ch.DatagramChannelImpl.send(DatagramChannelImpl.java:514)
11-05 12:36:38.450  8773  8806 W System.err: 	at symlab.CloudAR.network.TransmissionTask.run(TransmissionTask.java:124)
11-05 12:36:38.450  8773  8806 W System.err: 	at android.os.Handler.handleCallback(Handler.java:907)
11-05 12:36:38.450  8773  8806 W System.err: 	at android.os.Handler.dispatchMessage(Handler.java:105)
11-05 12:36:38.450  8773  8806 W System.err: 	at android.os.Looper.loop(Looper.java:216)
11-05 12:36:38.450  8773  8806 W System.err: 	at android.os.HandlerThread.run(HandlerThread.java:65)
11-05 12:36:38.483  8773  8806 W System.err: java.net.SocketException: Message too long
11-05 12:36:38.483  8773  8806 W System.err: 	at sun.nio.ch.DatagramChannelImpl.send0(Native Method)
11-05 12:36:38.483  8773  8806 W System.err: 	at sun.nio.ch.DatagramChannelImpl.sendFromNativeBuffer(DatagramChannelImpl.java:573)
11-05 12:36:38.483  8773  8806 W System.err: 	at sun.nio.ch.DatagramChannelImpl.send(DatagramChannelImpl.java:550)
11-05 12:36:38.483  8773  8806 W System.err: 	at sun.nio.ch.DatagramChannelImpl.send(DatagramChannelImpl.java:514)
11-05 12:36:38.483  8773  8806 W System.err: 	at symlab.CloudAR.network.TransmissionTask.run(TransmissionTask.java:124)
11-05 12:36:38.483  8773  8806 W System.err: 	at android.os.Handler.handleCallback(Handler.java:907)
11-05 12:36:38.483  8773  8806 W System.err: 	at android.os.Handler.dispatchMessage(Handler.java:105)
11-05 12:36:38.483  8773  8806 W System.err: 	at android.os.Looper.loop(Looper.java:216)
11-05 12:36:38.483  8773  8806 W System.err: 	at android.os.HandlerThread.run(HandlerThread.java:65)
11-05 12:36:38.517  8773  8806 W System.err: java.net.SocketException: Message too long
11-05 12:36:38.518  8773  8806 W System.err: 	at sun.nio.ch.DatagramChannelImpl.send0(Native Method)
11-05 12:36:38.518  8773  8806 W System.err: 	at sun.nio.ch.DatagramChannelImpl.sendFromNativeBuffer(DatagramChannelImpl.java:573)
11-05 12:36:38.518  8773  8806 W System.err: 	at sun.nio.ch.DatagramChannelImpl.send(DatagramChannelImpl.java:550)
11-05 12:36:38.518  8773  8806 W System.err: 	at sun.nio.ch.DatagramChannelImpl.send(DatagramChannelImpl.java:514)
11-05 12:36:38.518  8773  8806 W System.err: 	at symlab.CloudAR.network.TransmissionTask.run(TransmissionTask.java:124)
11-05 12:36:38.518  8773  8806 W System.err: 	at android.os.Handler.handleCallback(Handler.java:907)
11-05 12:36:38.518  8773  8806 W System.err: 	at android.os.Handler.dispatchMessage(Handler.java:105)
11-05 12:36:38.518  8773  8806 W System.err: 	at android.os.Looper.loop(Looper.java:216)
11-05 12:36:38.518  8773  8806 W System.err: 	at android.os.HandlerThread.run(HandlerThread.java:65)
11-05 12:36:38.524  8773  8773 D Poster  : At 1572950198524 location is 65.05888712713406 (latitude), and 25.469746398629304 (longitude)
11-05 12:36:38.560  8773  8806 W System.err: java.net.SocketException: Message too long
11-05 12:36:38.560  8773  8806 W System.err: 	at sun.nio.ch.DatagramChannelImpl.send0(Native Method)
11-05 12:36:38.560  8773  8806 W System.err: 	at sun.nio.ch.DatagramChannelImpl.sendFromNativeBuffer(DatagramChannelImpl.java:573)
11-05 12:36:38.560  8773  8806 W System.err: 	at sun.nio.ch.DatagramChannelImpl.send(DatagramChannelImpl.java:550)
11-05 12:36:38.560  8773  8806 W System.err: 	at sun.nio.ch.DatagramChannelImpl.send(DatagramChannelImpl.java:514)
11-05 12:36:38.560  8773  8806 W System.err: 	at symlab.CloudAR.network.TransmissionTask.run(TransmissionTask.java:124)
11-05 12:36:38.560  8773  8806 W System.err: 	at android.os.Handler.handleCallback(Handler.java:907)
11-05 12:36:38.560  8773  8806 W System.err: 	at android.os.Handler.dispatchMessage(Handler.java:105)
11-05 12:36:38.560  8773  8806 W System.err: 	at android.os.Looper.loop(Looper.java:216)
11-05 12:36:38.560  8773  8806 W System.err: 	at android.os.HandlerThread.run(HandlerThread.java:65)
11-05 12:36:38.584  8773  8806 W System.err: java.net.SocketException: Message too long
11-05 12:36:38.584  8773  8806 W System.err: 	at sun.nio.ch.DatagramChannelImpl.send0(Native Method)
11-05 12:36:38.585  8773  8806 W System.err: 	at sun.nio.ch.DatagramChannelImpl.sendFromNativeBuffer(DatagramChannelImpl.java:573)
11-05 12:36:38.585  8773  8806 W System.err: 	at sun.nio.ch.DatagramChannelImpl.send(DatagramChannelImpl.java:550)
11-05 12:36:38.585  8773  8806 W System.err: 	at sun.nio.ch.DatagramChannelImpl.send(DatagramChannelImpl.java:514)
11-05 12:36:38.585  8773  8806 W System.err: 	at symlab.CloudAR.network.TransmissionTask.run(TransmissionTask.java:124)
11-05 12:36:38.585  8773  8806 W System.err: 	at android.os.Handler.handleCallback(Handler.java:907)
11-05 12:36:38.585  8773  8806 W System.err: 	at android.os.Handler.dispatchMessage(Handler.java:105)
11-05 12:36:38.585  8773  8806 W System.err: 	at android.os.Looper.loop(Looper.java:216)
11-05 12:36:38.585  8773  8806 W System.err: 	at android.os.HandlerThread.run(HandlerThread.java:65)
11-05 12:36:38.617  8773  8806 W System.err: java.net.SocketException: Message too long
11-05 12:36:38.618  8773  8806 W System.err: 	at sun.nio.ch.DatagramChannelImpl.send0(Native Method)
11-05 12:36:38.618  8773  8806 W System.err: 	at sun.nio.ch.DatagramChannelImpl.sendFromNativeBuffer(DatagramChannelImpl.java:573)
11-05 12:36:38.618  8773  8806 W System.err: 	at sun.nio.ch.DatagramChannelImpl.send(DatagramChannelImpl.java:550)
11-05 12:36:38.618  8773  8806 W System.err: 	at sun.nio.ch.DatagramChannelImpl.send(DatagramChannelImpl.java:514)
11-05 12:36:38.618  8773  8806 W System.err: 	at symlab.CloudAR.network.TransmissionTask.run(TransmissionTask.java:124)
11-05 12:36:38.618  8773  8806 W System.err: 	at android.os.Handler.handleCallback(Handler.java:907)
11-05 12:36:38.618  8773  8806 W System.err: 	at android.os.Handler.dispatchMessage(Handler.java:105)
11-05 12:36:38.618  8773  8806 W System.err: 	at android.os.Looper.loop(Looper.java:216)
11-05 12:36:38.618  8773  8806 W System.err: 	at android.os.HandlerThread.run(HandlerThread.java:65)
11-05 12:36:38.650  8773  8806 W System.err: java.net.SocketException: Message too long
11-05 12:36:38.650  8773  8806 W System.err: 	at sun.nio.ch.DatagramChannelImpl.send0(Native Method)
11-05 12:36:38.650  8773  8806 W System.err: 	at sun.nio.ch.DatagramChannelImpl.sendFromNativeBuffer(DatagramChannelImpl.java:573)
11-05 12:36:38.650  8773  8806 W System.err: 	at sun.nio.ch.DatagramChannelImpl.send(DatagramChannelImpl.java:550)
11-05 12:36:38.650  8773  8806 W System.err: 	at sun.nio.ch.DatagramChannelImpl.send(DatagramChannelImpl.java:514)
11-05 12:36:38.650  8773  8806 W System.err: 	at symlab.CloudAR.network.TransmissionTask.run(TransmissionTask.java:124)
11-05 12:36:38.650  8773  8806 W System.err: 	at android.os.Handler.handleCallback(Handler.java:907)
11-05 12:36:38.650  8773  8806 W System.err: 	at android.os.Handler.dispatchMessage(Handler.java:105)
11-05 12:36:38.650  8773  8806 W System.err: 	at android.os.Looper.loop(Looper.java:216)
11-05 12:36:38.650  8773  8806 W System.err: 	at android.os.HandlerThread.run(HandlerThread.java:65)
11-05 12:36:38.685  8773  8806 W System.err: java.net.SocketException: Message too long
11-05 12:36:38.685  8773  8806 W System.err: 	at sun.nio.ch.DatagramChannelImpl.send0(Native Method)
11-05 12:36:38.685  8773  8806 W System.err: 	at sun.nio.ch.DatagramChannelImpl.sendFromNativeBuffer(DatagramChannelImpl.java:573)
11-05 12:36:38.685  8773  8806 W System.err: 	at sun.nio.ch.DatagramChannelImpl.send(DatagramChannelImpl.java:550)
11-05 12:36:38.685  8773  8806 W System.err: 	at sun.nio.ch.DatagramChannelImpl.send(DatagramChannelImpl.java:514)
11-05 12:36:38.685  8773  8806 W System.err: 	at symlab.CloudAR.network.TransmissionTask.run(TransmissionTask.java:124)
11-05 12:36:38.685  8773  8806 W System.err: 	at android.os.Handler.handleCallback(Handler.java:907)
11-05 12:36:38.685  8773  8806 W System.err: 	at android.os.Handler.dispatchMessage(Handler.java:105)
11-05 12:36:38.685  8773  8806 W System.err: 	at android.os.Looper.loop(Looper.java:216)
11-05 12:36:38.685  8773  8806 W System.err: 	at android.os.HandlerThread.run(HandlerThread.java:65)
11-05 12:36:38.719  8773  8806 W System.err: java.net.SocketException: Message too long
11-05 12:36:38.719  8773  8806 W System.err: 	at sun.nio.ch.DatagramChannelImpl.send0(Native Method)
11-05 12:36:38.719  8773  8806 W System.err: 	at sun.nio.ch.DatagramChannelImpl.sendFromNativeBuffer(DatagramChannelImpl.java:573)
11-05 12:36:38.719  8773  8806 W System.err: 	at sun.nio.ch.DatagramChannelImpl.send(DatagramChannelImpl.java:550)
11-05 12:36:38.719  8773  8806 W System.err: 	at sun.nio.ch.DatagramChannelImpl.send(DatagramChannelImpl.java:514)
11-05 12:36:38.719  8773  8806 W System.err: 	at symlab.CloudAR.network.TransmissionTask.run(TransmissionTask.java:124)
11-05 12:36:38.719  8773  8806 W System.err: 	at android.os.Handler.handleCallback(Handler.java:907)
11-05 12:36:38.719  8773  8806 W System.err: 	at android.os.Handler.dispatchMessage(Handler.java:105)
11-05 12:36:38.719  8773  8806 W System.err: 	at android.os.Looper.loop(Looper.java:216)
11-05 12:36:38.719  8773  8806 W System.err: 	at android.os.HandlerThread.run(HandlerThread.java:65)
11-05 12:36:38.752  8773  8784 E         : [ZeroHung]zrhung_get_config: Get config failed for wp[0x0008]
11-05 12:36:38.753  8773  8806 W System.err: java.net.SocketException: Message too long
11-05 12:36:38.753  8773  8806 W System.err: 	at sun.nio.ch.DatagramChannelImpl.send0(Native Method)
11-05 12:36:38.753  8773  8806 W System.err: 	at sun.nio.ch.DatagramChannelImpl.sendFromNativeBuffer(DatagramChannelImpl.java:573)
11-05 12:36:38.753  8773  8806 W System.err: 	at sun.nio.ch.DatagramChannelImpl.send(DatagramChannelImpl.java:550)
11-05 12:36:38.753  8773  8806 W System.err: 	at sun.nio.ch.DatagramChannelImpl.send(DatagramChannelImpl.java:514)
11-05 12:36:38.753  8773  8806 W System.err: 	at symlab.CloudAR.network.TransmissionTask.run(TransmissionTask.java:124)
11-05 12:36:38.753  8773  8806 W System.err: 	at android.os.Handler.handleCallback(Handler.java:907)
11-05 12:36:38.753  8773  8806 W System.err: 	at android.os.Handler.dispatchMessage(Handler.java:105)
11-05 12:36:38.753  8773  8806 W System.err: 	at android.os.Looper.loop(Looper.java:216)
11-05 12:36:38.753  8773  8806 W System.err: 	at android.os.HandlerThread.run(HandlerThread.java:65)
11-05 12:36:38.784  8773  8806 W System.err: java.net.SocketException: Message too long
11-05 12:36:38.784  8773  8806 W System.err: 	at sun.nio.ch.DatagramChannelImpl.send0(Native Method)
11-05 12:36:38.784  8773  8806 W System.err: 	at sun.nio.ch.DatagramChannelImpl.sendFromNativeBuffer(DatagramChannelImpl.java:573)
11-05 12:36:38.784  8773  8806 W System.err: 	at sun.nio.ch.DatagramChannelImpl.send(DatagramChannelImpl.java:550)
11-05 12:36:38.784  8773  8806 W System.err: 	at sun.nio.ch.DatagramChannelImpl.send(DatagramChannelImpl.java:514)
11-05 12:36:38.785  8773  8806 W System.err: 	at symlab.CloudAR.network.TransmissionTask.run(TransmissionTask.java:124)
11-05 12:36:38.785  8773  8806 W System.err: 	at android.os.Handler.handleCallback(Handler.java:907)
11-05 12:36:38.785  8773  8806 W System.err: 	at android.os.Handler.dispatchMessage(Handler.java:105)
11-05 12:36:38.785  8773  8806 W System.err: 	at android.os.Looper.loop(Looper.java:216)
11-05 12:36:38.785  8773  8806 W System.err: 	at android.os.HandlerThread.run(HandlerThread.java:65)
11-05 12:36:38.823  8773  8806 W System.err: java.net.SocketException: Message too long
11-05 12:36:38.823  8773  8806 W System.err: 	at sun.nio.ch.DatagramChannelImpl.send0(Native Method)
11-05 12:36:38.823  8773  8806 W System.err: 	at sun.nio.ch.DatagramChannelImpl.sendFromNativeBuffer(DatagramChannelImpl.java:573)
11-05 12:36:38.823  8773  8806 W System.err: 	at sun.nio.ch.DatagramChannelImpl.send(DatagramChannelImpl.java:550)
11-05 12:36:38.824  8773  8806 W System.err: 	at sun.nio.ch.DatagramChannelImpl.send(DatagramChannelImpl.java:514)
11-05 12:36:38.824  8773  8806 W System.err: 	at symlab.CloudAR.network.TransmissionTask.run(TransmissionTask.java:124)
11-05 12:36:38.824  8773  8806 W System.err: 	at android.os.Handler.handleCallback(Handler.java:907)
11-05 12:36:38.824  8773  8806 W System.err: 	at android.os.Handler.dispatchMessage(Handler.java:105)
11-05 12:36:38.824  8773  8806 W System.err: 	at android.os.Looper.loop(Looper.java:216)
11-05 12:36:38.824  8773  8806 W System.err: 	at android.os.HandlerThread.run(HandlerThread.java:65)
11-05 12:36:38.851  8773  8806 W System.err: java.net.SocketException: Message too long
11-05 12:36:38.851  8773  8806 W System.err: 	at sun.nio.ch.DatagramChannelImpl.send0(Native Method)
11-05 12:36:38.851  8773  8806 W System.err: 	at sun.nio.ch.DatagramChannelImpl.sendFromNativeBuffer(DatagramChannelImpl.java:573)
11-05 12:36:38.851  8773  8806 W System.err: 	at sun.nio.ch.DatagramChannelImpl.send(DatagramChannelImpl.java:550)
