10-28 13:11:34.161 12651 12730 W System.err: 	at sun.nio.ch.DatagramChannelImpl.send0(Native Method)
10-28 13:11:34.161 12651 12730 W System.err: 	at sun.nio.ch.DatagramChannelImpl.sendFromNativeBuffer(DatagramChannelImpl.java:573)
10-28 13:11:34.161 12651 12730 W System.err: 	at sun.nio.ch.DatagramChannelImpl.send(DatagramChannelImpl.java:550)
10-28 13:11:34.161 12651 12730 W System.err: 	at sun.nio.ch.DatagramChannelImpl.send(DatagramChannelImpl.java:514)
10-28 13:11:34.161 12651 12730 W System.err: 	at symlab.CloudAR.network.TransmissionTask.run(TransmissionTask.java:112)
10-28 13:11:34.161 12651 12730 W System.err: 	at android.os.Handler.handleCallback(Handler.java:874)
10-28 13:11:34.161 12651 12730 W System.err: 	at android.os.Handler.dispatchMessage(Handler.java:100)
10-28 13:11:34.161 12651 12730 W System.err: 	at android.os.Looper.loop(Looper.java:198)
10-28 13:11:34.161 12651 12730 W System.err: 	at android.os.HandlerThread.run(HandlerThread.java:65)
10-28 13:11:34.202 12651 12730 W System.err: java.net.SocketException: Network is unreachable
10-28 13:11:34.202 12651 12730 W System.err: 	at sun.nio.ch.DatagramChannelImpl.send0(Native Method)
10-28 13:11:34.202 12651 12730 W System.err: 	at sun.nio.ch.DatagramChannelImpl.sendFromNativeBuffer(DatagramChannelImpl.java:573)
10-28 13:11:34.202 12651 12730 W System.err: 	at sun.nio.ch.DatagramChannelImpl.send(DatagramChannelImpl.java:550)
10-28 13:11:34.202 12651 12730 W System.err: 	at sun.nio.ch.DatagramChannelImpl.send(DatagramChannelImpl.java:514)
10-28 13:11:34.202 12651 12730 W System.err: 	at symlab.CloudAR.network.TransmissionTask.run(TransmissionTask.java:112)
10-28 13:11:34.202 12651 12730 W System.err: 	at android.os.Handler.handleCallback(Handler.java:874)
10-28 13:11:34.202 12651 12730 W System.err: 	at android.os.Handler.dispatchMessage(Handler.java:100)
10-28 13:11:34.202 12651 12730 W System.err: 	at android.os.Looper.loop(Looper.java:198)
10-28 13:11:34.203 12651 12730 W System.err: 	at android.os.HandlerThread.run(HandlerThread.java:65)
10-28 13:11:34.242 12651 12730 W System.err: java.net.SocketException: Network is unreachable
10-28 13:11:34.242 12651 12730 W System.err: 	at sun.nio.ch.DatagramChannelImpl.send0(Native Method)
10-28 13:11:34.243 12651 12730 W System.err: 	at sun.nio.ch.DatagramChannelImpl.sendFromNativeBuffer(DatagramChannelImpl.java:573)
10-28 13:11:34.243 12651 12730 W System.err: 	at sun.nio.ch.DatagramChannelImpl.send(DatagramChannelImpl.java:550)
10-28 13:11:34.243 12651 12730 W System.err: 	at sun.nio.ch.DatagramChannelImpl.send(DatagramChannelImpl.java:514)
10-28 13:11:34.243 12651 12730 W System.err: 	at symlab.CloudAR.network.TransmissionTask.run(TransmissionTask.java:112)
10-28 13:11:34.243 12651 12730 W System.err: 	at android.os.Handler.handleCallback(Handler.java:874)
10-28 13:11:34.243 12651 12730 W System.err: 	at android.os.Handler.dispatchMessage(Handler.java:100)
10-28 13:11:34.243 12651 12730 W System.err: 	at android.os.Looper.loop(Looper.java:198)
10-28 13:11:34.243 12651 12730 W System.err: 	at android.os.HandlerThread.run(HandlerThread.java:65)
10-28 13:11:34.269 12651 12730 W System.err: java.net.SocketException: Network is unreachable
10-28 13:11:34.269 12651 12730 W System.err: 	at sun.nio.ch.DatagramChannelImpl.send0(Native Method)
10-28 13:11:34.270 12651 12730 W System.err: 	at sun.nio.ch.DatagramChannelImpl.sendFromNativeBuffer(DatagramChannelImpl.java:573)
10-28 13:11:34.270 12651 12730 W System.err: 	at sun.nio.ch.DatagramChannelImpl.send(DatagramChannelImpl.java:550)
10-28 13:11:34.270 12651 12730 W System.err: 	at sun.nio.ch.DatagramChannelImpl.send(DatagramChannelImpl.java:514)
10-28 13:11:34.270 12651 12730 W System.err: 	at symlab.CloudAR.network.TransmissionTask.run(TransmissionTask.java:112)
10-28 13:11:34.270 12651 12730 W System.err: 	at android.os.Handler.handleCallback(Handler.java:874)
10-28 13:11:34.270 12651 12730 W System.err: 	at android.os.Handler.dispatchMessage(Handler.java:100)
10-28 13:11:34.270 12651 12730 W System.err: 	at android.os.Looper.loop(Looper.java:198)
10-28 13:11:34.270 12651 12730 W System.err: 	at android.os.HandlerThread.run(HandlerThread.java:65)
10-28 13:11:34.301 12651 12730 W System.err: java.net.SocketException: Network is unreachable
10-28 13:11:34.301 12651 12730 W System.err: 	at sun.nio.ch.DatagramChannelImpl.send0(Native Method)
10-28 13:11:34.302 12651 12730 W System.err: 	at sun.nio.ch.DatagramChannelImpl.sendFromNativeBuffer(DatagramChannelImpl.java:573)
10-28 13:11:34.302 12651 12730 W System.err: 	at sun.nio.ch.DatagramChannelImpl.send(DatagramChannelImpl.java:550)
10-28 13:11:34.302 12651 12730 W System.err: 	at sun.nio.ch.DatagramChannelImpl.send(DatagramChannelImpl.java:514)
10-28 13:11:34.302 12651 12730 W System.err: 	at symlab.CloudAR.network.TransmissionTask.run(TransmissionTask.java:112)
10-28 13:11:34.302 12651 12730 W System.err: 	at android.os.Handler.handleCallback(Handler.java:874)
10-28 13:11:34.302 12651 12730 W System.err: 	at android.os.Handler.dispatchMessage(Handler.java:100)
10-28 13:11:34.302 12651 12730 W System.err: 	at android.os.Looper.loop(Looper.java:198)
10-28 13:11:34.302 12651 12730 W System.err: 	at android.os.HandlerThread.run(HandlerThread.java:65)
10-28 13:11:34.343 12651 12730 W System.err: java.net.SocketException: Network is unreachable
10-28 13:11:34.343 12651 12730 W System.err: 	at sun.nio.ch.DatagramChannelImpl.send0(Native Method)
10-28 13:11:34.343 12651 12730 W System.err: 	at sun.nio.ch.DatagramChannelImpl.sendFromNativeBuffer(DatagramChannelImpl.java:573)
10-28 13:11:34.343 12651 12730 W System.err: 	at sun.nio.ch.DatagramChannelImpl.send(DatagramChannelImpl.java:550)
10-28 13:11:34.343 12651 12730 W System.err: 	at sun.nio.ch.DatagramChannelImpl.send(DatagramChannelImpl.java:514)
10-28 13:11:34.343 12651 12730 W System.err: 	at symlab.CloudAR.network.TransmissionTask.run(TransmissionTask.java:112)
10-28 13:11:34.343 12651 12730 W System.err: 	at android.os.Handler.handleCallback(Handler.java:874)
10-28 13:11:34.343 12651 12730 W System.err: 	at android.os.Handler.dispatchMessage(Handler.java:100)
10-28 13:11:34.343 12651 12730 W System.err: 	at android.os.Looper.loop(Looper.java:198)
10-28 13:11:34.343 12651 12730 W System.err: 	at android.os.HandlerThread.run(HandlerThread.java:65)
10-28 13:11:34.386 12651 12730 W System.err: java.net.SocketException: Network is unreachable
10-28 13:11:34.386 12651 12730 W System.err: 	at sun.nio.ch.DatagramChannelImpl.send0(Native Method)
10-28 13:11:34.387 12651 12730 W System.err: 	at sun.nio.ch.DatagramChannelImpl.sendFromNativeBuffer(DatagramChannelImpl.java:573)
10-28 13:11:34.387 12651 12730 W System.err: 	at sun.nio.ch.DatagramChannelImpl.send(DatagramChannelImpl.java:550)
10-28 13:11:34.387 12651 12730 W System.err: 	at sun.nio.ch.DatagramChannelImpl.send(DatagramChannelImpl.java:514)
10-28 13:11:34.387 12651 12730 W System.err: 	at symlab.CloudAR.network.TransmissionTask.run(TransmissionTask.java:112)
10-28 13:11:34.387 12651 12730 W System.err: 	at android.os.Handler.handleCallback(Handler.java:874)
10-28 13:11:34.387 12651 12730 W System.err: 	at android.os.Handler.dispatchMessage(Handler.java:100)
10-28 13:11:34.387 12651 12730 W System.err: 	at android.os.Looper.loop(Looper.java:198)
10-28 13:11:34.387 12651 12730 W System.err: 	at android.os.HandlerThread.run(HandlerThread.java:65)
10-28 13:11:34.420 12651 12730 W System.err: java.net.SocketException: Network is unreachable
10-28 13:11:34.420 12651 12730 W System.err: 	at sun.nio.ch.DatagramChannelImpl.send0(Native Method)
10-28 13:11:34.420 12651 12730 W System.err: 	at sun.nio.ch.DatagramChannelImpl.sendFromNativeBuffer(DatagramChannelImpl.java:573)
10-28 13:11:34.420 12651 12730 W System.err: 	at sun.nio.ch.DatagramChannelImpl.send(DatagramChannelImpl.java:550)
10-28 13:11:34.420 12651 12730 W System.err: 	at sun.nio.ch.DatagramChannelImpl.send(DatagramChannelImpl.java:514)
10-28 13:11:34.420 12651 12730 W System.err: 	at symlab.CloudAR.network.TransmissionTask.run(TransmissionTask.java:112)
10-28 13:11:34.420 12651 12730 W System.err: 	at android.os.Handler.handleCallback(Handler.java:874)
10-28 13:11:34.421 12651 12730 W System.err: 	at android.os.Handler.dispatchMessage(Handler.java:100)
10-28 13:11:34.421 12651 12730 W System.err: 	at android.os.Looper.loop(Looper.java:198)
10-28 13:11:34.421 12651 12730 W System.err: 	at android.os.HandlerThread.run(HandlerThread.java:65)
10-28 13:11:34.453 12651 12730 W System.err: java.net.SocketException: Network is unreachable
10-28 13:11:34.454 12651 12730 W System.err: 	at sun.nio.ch.DatagramChannelImpl.send0(Native Method)
10-28 13:11:34.454 12651 12730 W System.err: 	at sun.nio.ch.DatagramChannelImpl.sendFromNativeBuffer(DatagramChannelImpl.java:573)
10-28 13:11:34.454 12651 12730 W System.err: 	at sun.nio.ch.DatagramChannelImpl.send(DatagramChannelImpl.java:550)
10-28 13:11:34.454 12651 12730 W System.err: 	at sun.nio.ch.DatagramChannelImpl.send(DatagramChannelImpl.java:514)
10-28 13:11:34.454 12651 12730 W System.err: 	at symlab.CloudAR.network.TransmissionTask.run(TransmissionTask.java:112)
10-28 13:11:34.454 12651 12730 W System.err: 	at android.os.Handler.handleCallback(Handler.java:874)
10-28 13:11:34.454 12651 12730 W System.err: 	at android.os.Handler.dispatchMessage(Handler.java:100)
10-28 13:11:34.454 12651 12730 W System.err: 	at android.os.Looper.loop(Looper.java:198)
10-28 13:11:34.454 12651 12730 W System.err: 	at android.os.HandlerThread.run(HandlerThread.java:65)
10-28 13:11:34.480 12651 12730 W System.err: java.net.SocketException: Network is unreachable
10-28 13:11:34.480 12651 12730 W System.err: 	at sun.nio.ch.DatagramChannelImpl.send0(Native Method)
10-28 13:11:34.480 12651 12730 W System.err: 	at sun.nio.ch.DatagramChannelImpl.sendFromNativeBuffer(DatagramChannelImpl.java:573)
10-28 13:11:34.480 12651 12730 W System.err: 	at sun.nio.ch.DatagramChannelImpl.send(DatagramChannelImpl.java:550)
10-28 13:11:34.480 12651 12730 W System.err: 	at sun.nio.ch.DatagramChannelImpl.send(DatagramChannelImpl.java:514)
10-28 13:11:34.480 12651 12730 W System.err: 	at symlab.CloudAR.network.TransmissionTask.run(TransmissionTask.java:112)
10-28 13:11:34.480 12651 12730 W System.err: 	at android.os.Handler.handleCallback(Handler.java:874)
10-28 13:11:34.480 12651 12730 W System.err: 	at android.os.Handler.dispatchMessage(Handler.java:100)
10-28 13:11:34.480 12651 12730 W System.err: 	at android.os.Looper.loop(Looper.java:198)
10-28 13:11:34.480 12651 12730 W System.err: 	at android.os.HandlerThread.run(HandlerThread.java:65)
10-28 13:11:34.566 12651 12651 I Poster  :  onPause() called.
10-28 13:11:34.582 12651 12730 W System.err: java.net.SocketException: Network is unreachable
10-28 13:11:34.582 12651 12730 W System.err: 	at sun.nio.ch.DatagramChannelImpl.send0(Native Method)
10-28 13:11:34.582 12651 12730 W System.err: 	at sun.nio.ch.DatagramChannelImpl.sendFromNativeBuffer(DatagramChannelImpl.java:573)
10-28 13:11:34.582 12651 12730 W System.err: 	at sun.nio.ch.DatagramChannelImpl.send(DatagramChannelImpl.java:550)
10-28 13:11:34.582 12651 12730 W System.err: 	at sun.nio.ch.DatagramChannelImpl.send(DatagramChannelImpl.java:514)
10-28 13:11:34.582 12651 12730 W System.err: 	at symlab.CloudAR.network.TransmissionTask.run(TransmissionTask.java:112)
10-28 13:11:34.583 12651 12730 W System.err: 	at android.os.Handler.handleCallback(Handler.java:874)
10-28 13:11:34.583 12651 12730 W System.err: 	at android.os.Handler.dispatchMessage(Handler.java:100)
10-28 13:11:34.583 12651 12730 W System.err: 	at android.os.Looper.loop(Looper.java:198)
10-28 13:11:34.583 12651 12730 W System.err: 	at android.os.HandlerThread.run(HandlerThread.java:65)
10-28 13:11:35.390 12651 12651 I Poster  :  surfaceDestroyed() called.
10-28 13:11:35.391 12651 12651 I Poster  :  onStop() called.
10-28 13:11:36.156 12651 12651 I Poster  :  onDestroy() called.
11-01 13:07:33.777 11997 11997 W MessageQueue: Handler (android.os.Handler) {7235103} sending message to a Handler on a dead thread
11-01 13:07:33.777 11997 11997 W MessageQueue: java.lang.IllegalStateException: Handler (android.os.Handler) {7235103} sending message to a Handler on a dead thread
11-01 13:07:33.777 11997 11997 W MessageQueue: 	at android.os.MessageQueue.enqueueMessage(MessageQueue.java:546)
11-01 13:07:33.777 11997 11997 W MessageQueue: 	at android.os.Handler.enqueueMessage(Handler.java:746)
11-01 13:07:33.777 11997 11997 W MessageQueue: 	at android.os.Handler.sendMessageAtTime(Handler.java:698)
11-01 13:07:33.777 11997 11997 W MessageQueue: 	at android.os.Handler.sendMessageDelayed(Handler.java:668)
11-01 13:07:33.777 11997 11997 W MessageQueue: 	at android.os.Handler.post(Handler.java:396)
11-01 13:07:33.777 11997 11997 W MessageQueue: 	at symlab.CloudAR.ARManager.stop(ARManager.java:116)
11-01 13:07:33.777 11997 11997 W MessageQueue: 	at symlab.ARHUD.MainActivity.onPause(MainActivity.java:201)
11-01 13:07:33.777 11997 11997 W MessageQueue: 	at android.app.Activity.performPause(Activity.java:7329)
11-01 13:07:33.777 11997 11997 W MessageQueue: 	at android.app.Instrumentation.callActivityOnPause(Instrumentation.java:1466)
11-01 13:07:33.777 11997 11997 W MessageQueue: 	at android.app.ActivityThread.performPauseActivityIfNeeded(ActivityThread.java:4048)
11-01 13:07:33.777 11997 11997 W MessageQueue: 	at android.app.ActivityThread.performPauseActivity(ActivityThread.java:4013)
11-01 13:07:33.777 11997 11997 W MessageQueue: 	at android.app.ActivityThread.handlePauseActivity(ActivityThread.java:3965)
11-01 13:07:33.777 11997 11997 W MessageQueue: 	at android.app.servertransaction.PauseActivityItem.execute(PauseActivityItem.java:45)
11-01 13:07:33.777 11997 11997 W MessageQueue: 	at android.app.servertransaction.TransactionExecutor.executeLifecycleState(TransactionExecutor.java:145)
11-01 13:07:33.777 11997 11997 W MessageQueue: 	at android.app.servertransaction.TransactionExecutor.execute(TransactionExecutor.java:70)
11-01 13:07:33.777 11997 11997 W MessageQueue: 	at android.app.ActivityThread$H.handleMessage(ActivityThread.java:1823)
11-01 13:07:33.777 11997 11997 W MessageQueue: 	at android.os.Handler.dispatchMessage(Handler.java:107)
11-01 13:07:33.777 11997 11997 W MessageQueue: 	at android.os.Looper.loop(Looper.java:198)
11-01 13:07:33.777 11997 11997 W MessageQueue: 	at android.app.ActivityThread.main(ActivityThread.java:6729)
11-01 13:07:33.777 11997 11997 W MessageQueue: 	at java.lang.reflect.Method.invoke(Native Method)
11-01 13:07:33.777 11997 11997 W MessageQueue: 	at com.android.internal.os.RuntimeInit$MethodAndArgsCaller.run(RuntimeInit.java:493)
11-01 13:07:33.777 11997 11997 W MessageQueue: 	at com.android.internal.os.ZygoteInit.main(ZygoteInit.java:858)
11-01 13:07:33.831 11997 11997 I Poster  :  surfaceDestroyed() called.
11-01 13:07:33.833 11997 11997 I Poster  :  onStop() called.
11-01 13:07:34.910 11997 11997 I Poster  :  onDestroy() called.
11-01 13:07:36.051 12993 12993 I loudridar.arhu: Late-enabling -Xcheck:jni
11-01 13:07:36.334 12993 12993 I Perf    : Connecting to perf service.
11-01 13:07:36.350 12993 12993 I MultiDex: VM with version 2.1.0 has multidex support
11-01 13:07:36.350 12993 12993 I MultiDex: Installing application
11-01 13:07:36.350 12993 12993 I MultiDex: VM has multidex support, MultiDex support library is disabled.
11-01 13:07:36.357 12993 12993 I FirebaseInitProvider: FirebaseApp initialization unsuccessful
11-01 13:07:36.386 12993 12993 I MultiDex: Installing application
11-01 13:07:36.386 12993 12993 I MultiDex: VM has multidex support, MultiDex support library is disabled.
11-01 13:07:36.390 12993 12993 I Poster  :  onCreate() called.
11-01 13:07:36.398 12993 12993 I DecorView: It non-support bigbang
11-01 13:07:36.402 12993 12993 I PhoneWindow: isNeedChangeNaviBarColor taskInfo: [android.app.ActivityManager$RunningTaskInfo@c93a69a] size: 1
11-01 13:07:36.402 12993 12993 I PhoneWindow: isAPPNeedChange pkgName: symlab.cloudridar.arhud needKeep: false
11-01 13:07:36.402 12993 12993 I PhoneWindow: isNeedChangeNaviBarColor false
11-01 13:07:36.402 12993 12993 I PhoneWindow: generateLayout mNavigationBarColor: ff000000
11-01 13:07:36.402 12993 12993 I PhoneWindow: generateLayout isLightNavi false, Visibility: 0
11-01 13:07:36.412 12993 12993 D OpenGLRenderer: Skia GL Pipeline
11-01 13:07:36.420 12993 12993 D LocationManager: [LocationManager] requestLocationUpdates(), 
11-01 13:07:36.420 12993 12993 D LocationManager: java.lang.RuntimeException
11-01 13:07:36.420 12993 12993 D LocationManager: 	at android.location.LocationManager.requestLocationUpdates(LocationManager.java:1013)
11-01 13:07:36.420 12993 12993 D LocationManager: 	at android.location.LocationManager.requestLocationUpdates(LocationManager.java:562)
11-01 13:07:36.420 12993 12993 D LocationManager: 	at symlab.ARHUD.MainActivity.onCreate(MainActivity.java:92)
11-01 13:07:36.420 12993 12993 D LocationManager: 	at android.app.Activity.performCreate(Activity.java:7136)
11-01 13:07:36.420 12993 12993 D LocationManager: 	at android.app.Activity.performCreate(Activity.java:7127)
11-01 13:07:36.420 12993 12993 D LocationManager: 	at android.app.Instrumentation.callActivityOnCreate(Instrumentation.java:1272)
11-01 13:07:36.420 12993 12993 D LocationManager: 	at android.app.ActivityThread.performLaunchActivity(ActivityThread.java:2908)
11-01 13:07:36.420 12993 12993 D LocationManager: 	at android.app.ActivityThread.handleLaunchActivity(ActivityThread.java:3063)
11-01 13:07:36.420 12993 12993 D LocationManager: 	at android.app.servertransaction.LaunchActivityItem.execute(LaunchActivityItem.java:78)
11-01 13:07:36.420 12993 12993 D LocationManager: 	at android.app.servertransaction.TransactionExecutor.executeCallbacks(TransactionExecutor.java:108)
11-01 13:07:36.420 12993 12993 D LocationManager: 	at android.app.servertransaction.TransactionExecutor.execute(TransactionExecutor.java:68)
11-01 13:07:36.420 12993 12993 D LocationManager: 	at android.app.ActivityThread$H.handleMessage(ActivityThread.java:1823)
11-01 13:07:36.420 12993 12993 D LocationManager: 	at android.os.Handler.dispatchMessage(Handler.java:107)
11-01 13:07:36.420 12993 12993 D LocationManager: 	at android.os.Looper.loop(Looper.java:198)
11-01 13:07:36.420 12993 12993 D LocationManager: 	at android.app.ActivityThread.main(ActivityThread.java:6729)
11-01 13:07:36.420 12993 12993 D LocationManager: 	at java.lang.reflect.Method.invoke(Native Method)
11-01 13:07:36.420 12993 12993 D LocationManager: 	at com.android.internal.os.RuntimeInit$MethodAndArgsCaller.run(RuntimeInit.java:493)
11-01 13:07:36.420 12993 12993 D LocationManager: 	at com.android.internal.os.ZygoteInit.main(ZygoteInit.java:858)
11-01 13:07:36.446 12993 12993 D Poster  : Server bound to IP 10.42.0.1 and port 52727
11-01 13:07:36.460 12993 13037 D Evaluation: metadata 0 sent 
11-01 13:07:36.463 12993 12993 I Poster  :  onStart() called.
11-01 13:07:36.464 12993 12993 I Poster  :  onResume() called.
11-01 13:07:36.465 12993 12993 E libc    : Access denied finding property "vendor.camera.aux.packagelist"
11-01 13:07:36.454 12993 12993 W loudridar.arhud: type=1400 audit(0.0:15269): avc: denied { read } for name="u:object_r:vendor_camera_prop:s0" dev="tmpfs" ino=16779 scontext=u:r:untrusted_app:s0:c203,c256,c512,c768 tcontext=u:object_r:vendor_camera_prop:s0 tclass=file permissive=0
11-01 13:07:36.466 12993 12993 E libc    : Access denied finding property "vendor.camera.aux.packagelist"
11-01 13:07:36.454 12993 12993 W loudridar.arhud: type=1400 audit(0.0:15271): avc: denied { read } for name="u:object_r:vendor_camera_prop:s0" dev="tmpfs" ino=16779 scontext=u:r:untrusted_app:s0:c203,c256,c512,c768 tcontext=u:object_r:vendor_camera_prop:s0 tclass=file permissive=0
11-01 13:07:36.468 12993 12993 E libc    : Access denied finding property "vendor.camera.aux.packagelist"
11-01 13:07:36.583 12993 13092 I Adreno  : QUALCOMM build                   : a4d39a0, I6fd668c4d3
11-01 13:07:36.583 12993 13092 I Adreno  : Build Date                       : 10/05/18
11-01 13:07:36.583 12993 13092 I Adreno  : OpenGL ES Shader Compiler Version: EV031.25.03.01
11-01 13:07:36.583 12993 13092 I Adreno  : Local Branch                     : 
11-01 13:07:36.583 12993 13092 I Adreno  : Remote Branch                    : refs/tags/AU_LINUX_ANDROID_LA.UM.7.2.R1.09.00.00.442.049
11-01 13:07:36.583 12993 13092 I Adreno  : Remote Branch                    : NONE
11-01 13:07:36.583 12993 13092 I Adreno  : Reconstruct Branch               : NOTHING
11-01 13:07:36.583 12993 13092 I Adreno  : Build Config                     : S L 6.0.7 AArch32
11-01 13:07:36.587 12993 13092 I Adreno  : PFP: 0x005ff112, ME: 0x005ff066
11-01 13:07:36.591 12993 13092 I ConfigStore: android::hardware::configstore::V1_0::ISurfaceFlingerConfigs::hasWideColorDisplay retrieved: 0
11-01 13:07:36.591 12993 13092 I ConfigStore: android::hardware::configstore::V1_0::ISurfaceFlingerConfigs::hasHDRDisplay retrieved: 0
11-01 13:07:36.592 12993 13092 I OpenGLRenderer: Initialized EGL, version 1.4
11-01 13:07:36.592 12993 13092 D OpenGLRenderer: Swap behavior 2
11-01 13:07:36.604 12993 12993 I Poster  :  surfaceCreated() called.
11-01 13:07:36.604 12993 12993 I Poster  : initPreview() called
11-01 13:07:36.648 12993 12993 I Poster  :  surfaceChanged() called.
11-01 13:07:36.932 12993 13037 D Evaluation: metadata 1 sent 
11-01 13:07:36.955 12993 13037 D Evaluation: metadata 2 sent 
11-01 13:07:36.987 12993 13037 D Evaluation: metadata 3 sent 
11-01 13:07:37.022 12993 13037 D Evaluation: metadata 4 sent 
11-01 13:07:37.055 12993 13037 D Evaluation: metadata 5 sent 
11-01 13:07:37.157 12993 13037 D Evaluation: frame 7 sent 
11-01 13:07:37.177 12993 13037 D Evaluation: frame 7 sent 
11-01 13:07:37.209 12993 13037 D Evaluation: frame 8 sent 
11-01 13:07:37.215 12993 13037 D Evaluation: 0 res 7 received 
11-01 13:07:37.240 12993 13037 D Evaluation: frame 9 sent 
11-01 13:07:37.245 12993 13037 D Evaluation: 0 res 7 received 
11-01 13:07:37.268 12993 13037 D Evaluation: frame 10 sent 
11-01 13:07:37.273 12993 13037 D Evaluation: 1 res 8 received 
11-01 13:07:37.298 12993 13037 D Evaluation: frame 11 sent 
11-01 13:07:37.304 12993 13037 D Evaluation: 0 res 9 received 
11-01 13:07:37.333 12993 13037 D Evaluation: frame 12 sent 
11-01 13:07:37.338 12993 13037 D Evaluation: 0 res 10 received 
11-01 13:07:37.365 12993 13037 D Evaluation: frame 13 sent 
11-01 13:07:37.371 12993 13037 D Evaluation: 0 res 11 received 
11-01 13:07:37.401 12993 13037 D Evaluation: frame 14 sent 
11-01 13:07:37.405 12993 13037 D Evaluation: 0 res 12 received 
11-01 13:07:37.433 12993 13037 D Evaluation: frame 15 sent 
11-01 13:07:37.438 12993 13037 D Evaluation: 0 res 13 received 
11-01 13:07:37.467 12993 13037 D Evaluation: frame 16 sent 
11-01 13:07:37.499 12993 13037 D Evaluation: frame 17 sent 
11-01 13:07:37.505 12993 13037 D Evaluation: 0 res 14 received 
11-01 13:07:37.535 12993 13037 D Evaluation: frame 18 sent 
11-01 13:07:37.539 12993 13037 D Evaluation: 0 res 15 received 
11-01 13:07:37.566 12993 13037 D Evaluation: frame 19 sent 
11-01 13:07:37.571 12993 13037 D Evaluation: 0 res 16 received 
11-01 13:07:37.601 12993 13037 D Evaluation: frame 20 sent 
11-01 13:07:37.607 12993 13037 D Evaluation: 0 res 17 received 
11-01 13:07:37.636 12993 13037 D Evaluation: frame 21 sent 
11-01 13:07:37.640 12993 13037 D Evaluation: 0 res 18 received 
11-01 13:07:37.668 12993 13037 D Evaluation: frame 22 sent 
11-01 13:07:37.672 12993 13037 D Evaluation: 0 res 19 received 
11-01 13:07:37.699 12993 13037 D Evaluation: frame 23 sent 
11-01 13:07:37.705 12993 13037 D Evaluation: 0 res 20 received 
11-01 13:07:37.734 12993 13037 D Evaluation: frame 24 sent 
11-01 13:07:37.740 12993 13037 D Evaluation: 0 res 21 received 
11-01 13:07:37.769 12993 13037 D Evaluation: frame 25 sent 
11-01 13:07:37.774 12993 13037 D Evaluation: 0 res 22 received 
11-01 13:07:37.802 12993 13037 D Evaluation: frame 26 sent 
11-01 13:07:37.806 12993 13037 D Evaluation: 0 res 23 received 
11-01 13:07:37.833 12993 13037 D Evaluation: frame 27 sent 
11-01 13:07:37.838 12993 13037 D Evaluation: 0 res 24 received 
11-01 13:07:37.869 12993 13037 D Evaluation: frame 28 sent 
11-01 13:07:37.873 12993 13037 D Evaluation: 0 res 25 received 
11-01 13:07:37.903 12993 13037 D Evaluation: frame 29 sent 
11-01 13:07:37.907 12993 13037 D Evaluation: 0 res 26 received 
11-01 13:07:37.936 12993 13037 D Evaluation: frame 30 sent 
11-01 13:07:37.941 12993 13037 D Evaluation: 0 res 27 received 
11-01 13:07:37.971 12993 13037 D Evaluation: frame 31 sent 
11-01 13:07:37.975 12993 13037 D Evaluation: 0 res 28 received 
11-01 13:07:38.001 12993 13037 D Evaluation: frame 32 sent 
11-01 13:07:38.006 12993 13037 D Evaluation: 0 res 29 received 
11-01 13:07:38.036 12993 13037 D Evaluation: frame 33 sent 
11-01 13:07:38.038 12993 13037 D Evaluation: 0 res 30 received 
11-01 13:07:38.072 12993 13037 D Evaluation: frame 34 sent 
11-01 13:07:38.075 12993 13037 D Evaluation: 0 res 31 received 
11-01 13:07:38.084 12993 13009 W System  : A resource failed to call close. 
11-01 13:07:38.087 12993 13009 I chatty  : uid=10203(symlab.cloudridar.arhud) FinalizerDaemon identical 48 lines
11-01 13:07:38.087 12993 13009 W System  : A resource failed to call close. 
11-01 13:07:38.109 12993 13037 D Evaluation: frame 35 sent 
11-01 13:07:38.112 12993 13037 D Evaluation: 0 res 32 received 
11-01 13:07:38.132 12993 13037 D Evaluation: frame 36 sent 
11-01 13:07:38.134 12993 13037 D Evaluation: 0 res 33 received 
11-01 13:07:38.172 12993 13037 D Evaluation: frame 37 sent 
11-01 13:07:38.174 12993 13037 D Evaluation: 0 res 34 received 
11-01 13:07:38.210 12993 13037 D Evaluation: frame 38 sent 
11-01 13:07:38.216 12993 13037 D Evaluation: 0 res 35 received 
11-01 13:07:38.237 12993 13037 D Evaluation: frame 39 sent 
11-01 13:07:38.246 12993 13037 D Evaluation: 0 res 36 received 
11-01 13:07:38.267 12993 13037 D Evaluation: frame 40 sent 
11-01 13:07:38.269 12993 13037 D Evaluation: 0 res 37 received 
11-01 13:07:38.299 12993 13037 D Evaluation: frame 41 sent 
11-01 13:07:38.301 12993 13037 D Evaluation: 0 res 38 received 
11-01 13:07:38.341 12993 13037 D Evaluation: frame 42 sent 
11-01 13:07:38.344 12993 13037 D Evaluation: 2 res 39 received 
11-01 13:07:38.371 12993 13037 D Evaluation: frame 43 sent 
11-01 13:07:38.373 12993 13037 D Evaluation: 1 res 40 received 
11-01 13:07:38.398 12993 13037 D Evaluation: frame 44 sent 
11-01 13:07:38.401 12993 13037 D Evaluation: 1 res 41 received 
11-01 13:07:38.435 12993 13037 D Evaluation: frame 45 sent 
11-01 13:07:38.437 12993 13037 D Evaluation: 2 res 42 received 
11-01 13:07:38.467 12993 13037 D Evaluation: frame 46 sent 
11-01 13:07:38.469 12993 13037 D Evaluation: 1 res 43 received 
11-01 13:07:38.506 12993 13037 D Evaluation: frame 47 sent 
11-01 13:07:38.510 12993 13037 D Evaluation: 1 res 44 received 
11-01 13:07:38.537 12993 13037 D Evaluation: frame 48 sent 
11-01 13:07:38.539 12993 13037 D Evaluation: 1 res 45 received 
11-01 13:07:38.579 12993 13037 D Evaluation: frame 49 sent 
11-01 13:07:38.582 12993 13037 D Evaluation: 1 res 46 received 
11-01 13:07:38.605 12993 13037 D Evaluation: frame 50 sent 
11-01 13:07:38.608 12993 13037 D Evaluation: 1 res 47 received 
11-01 13:07:38.644 12993 13037 D Evaluation: frame 51 sent 
11-01 13:07:38.646 12993 13037 D Evaluation: 1 res 48 received 
11-01 13:07:38.682 12993 13037 D Evaluation: frame 52 sent 
11-01 13:07:38.685 12993 13037 D Evaluation: 1 res 49 received 
11-01 13:07:38.704 12993 13037 D Evaluation: frame 53 sent 
11-01 13:07:38.706 12993 13037 D Evaluation: 1 res 50 received 
11-01 13:07:38.768 12993 13037 D Evaluation: frame 54 sent 
11-01 13:07:38.771 12993 13037 D Evaluation: 0 res 51 received 
11-01 13:07:38.805 12993 13037 D Evaluation: frame 55 sent 
11-01 13:07:38.808 12993 13037 D Evaluation: 1 res 52 received 
11-01 13:07:38.871 12993 13037 D Evaluation: frame 56 sent 
11-01 13:07:38.874 12993 13037 D Evaluation: 0 res 53 received 
11-01 13:07:38.907 12993 13037 D Evaluation: frame 57 sent 
11-01 13:07:38.909 12993 13037 D Evaluation: 1 res 54 received 
11-01 13:07:38.944 12993 13037 D Evaluation: frame 58 sent 
11-01 13:07:38.946 12993 13037 D Evaluation: 1 res 55 received 
11-01 13:07:38.967 12993 13037 D Evaluation: frame 59 sent 
11-01 13:07:38.969 12993 13037 D Evaluation: 1 res 56 received 
11-01 13:07:39.002 12993 13037 D Evaluation: frame 60 sent 
11-01 13:07:39.004 12993 13037 D Evaluation: 1 res 57 received 
11-01 13:07:39.034 12993 13037 D Evaluation: frame 61 sent 
11-01 13:07:39.036 12993 13037 D Evaluation: 1 res 58 received 
11-01 13:07:39.068 12993 13037 D Evaluation: frame 62 sent 
11-01 13:07:39.070 12993 13037 D Evaluation: 0 res 59 received 
11-01 13:07:39.112 12993 13037 D Evaluation: frame 63 sent 
11-01 13:07:39.114 12993 13037 D Evaluation: 0 res 60 received 
11-01 13:07:39.138 12993 13037 D Evaluation: frame 64 sent 
11-01 13:07:39.141 12993 13037 D Evaluation: 0 res 61 received 
11-01 13:07:39.171 12993 13037 D Evaluation: frame 65 sent 
11-01 13:07:39.173 12993 13037 D Evaluation: 0 res 62 received 
11-01 13:07:39.205 12993 13037 D Evaluation: frame 66 sent 
11-01 13:07:39.207 12993 13037 D Evaluation: 0 res 63 received 
11-01 13:07:39.215 12993 13009 W System  : A resource failed to call close. 
11-01 13:07:39.219 12993 13009 I chatty  : uid=10203(symlab.cloudridar.arhud) FinalizerDaemon identical 62 lines
11-01 13:07:39.219 12993 13009 W System  : A resource failed to call close. 
11-01 13:07:39.243 12993 13037 D Evaluation: frame 67 sent 
11-01 13:07:39.246 12993 13037 D Evaluation: 0 res 64 received 
11-01 13:07:39.268 12993 13037 D Evaluation: frame 68 sent 
11-01 13:07:39.270 12993 13037 D Evaluation: 0 res 65 received 
11-01 13:07:39.301 12993 13037 D Evaluation: frame 69 sent 
11-01 13:07:39.303 12993 13037 D Evaluation: 1 res 66 received 
11-01 13:07:39.339 12993 13037 D Evaluation: frame 70 sent 
11-01 13:07:39.341 12993 13037 D Evaluation: 1 res 67 received 
11-01 13:07:39.375 12993 13037 D Evaluation: frame 71 sent 
11-01 13:07:39.378 12993 13037 D Evaluation: 1 res 68 received 
11-01 13:07:39.400 12993 13037 D Evaluation: frame 72 sent 
11-01 13:07:39.402 12993 13037 D Evaluation: 1 res 69 received 
11-01 13:07:39.455 12993 13037 D Evaluation: frame 73 sent 
11-01 13:07:39.459 12993 13037 D Evaluation: 0 res 70 received 
11-01 13:07:39.482 12993 13037 D Evaluation: frame 74 sent 
11-01 13:07:39.485 12993 13037 D Evaluation: 0 res 71 received 
11-01 13:07:39.509 12993 13037 D Evaluation: frame 75 sent 
11-01 13:07:39.512 12993 13037 D Evaluation: 0 res 72 received 
11-01 13:07:39.533 12993 13037 D Evaluation: frame 76 sent 
11-01 13:07:39.535 12993 13037 D Evaluation: 0 res 73 received 
11-01 13:07:39.566 12993 13037 D Evaluation: frame 77 sent 
11-01 13:07:39.568 12993 13037 D Evaluation: 0 res 74 received 
11-01 13:07:39.714 12993 13037 D Evaluation: frame 78 sent 
11-01 13:07:39.717 12993 13037 D Evaluation: 0 res 75 received 
11-01 13:07:39.742 12993 13037 D Evaluation: frame 79 sent 
11-01 13:07:39.745 12993 13037 D Evaluation: 0 res 76 received 
11-01 13:07:39.771 12993 13037 D Evaluation: frame 80 sent 
11-01 13:07:39.774 12993 13037 D Evaluation: 0 res 77 received 
11-01 13:07:39.811 12993 13037 D Evaluation: frame 81 sent 
11-01 13:07:39.814 12993 13037 D Evaluation: 0 res 78 received 
11-01 13:07:39.839 12993 13037 D Evaluation: frame 82 sent 
11-01 13:07:39.841 12993 13037 D Evaluation: 0 res 79 received 
11-01 13:07:39.871 12993 13037 D Evaluation: frame 83 sent 
11-01 13:07:39.874 12993 13037 D Evaluation: 0 res 80 received 
11-01 13:07:39.907 12993 13037 D Evaluation: frame 84 sent 
11-01 13:07:39.909 12993 13037 D Evaluation: 0 res 81 received 
11-01 13:07:39.940 12993 13037 D Evaluation: frame 85 sent 
11-01 13:07:39.942 12993 13037 D Evaluation: 0 res 82 received 
11-01 13:07:39.969 12993 13037 D Evaluation: frame 86 sent 
11-01 13:07:39.971 12993 13037 D Evaluation: 0 res 83 received 
11-01 13:07:40.016 12993 13037 D Evaluation: frame 87 sent 
11-01 13:07:40.018 12993 13037 D Evaluation: 0 res 84 received 
11-01 13:07:40.038 12993 13037 D Evaluation: frame 88 sent 
11-01 13:07:40.041 12993 13037 D Evaluation: 0 res 85 received 
11-01 13:07:40.075 12993 13037 D Evaluation: frame 89 sent 
11-01 13:07:40.077 12993 13037 D Evaluation: 0 res 86 received 
11-01 13:07:40.103 12993 13037 D Evaluation: frame 90 sent 
11-01 13:07:40.105 12993 13037 D Evaluation: 0 res 87 received 
11-01 13:07:40.142 12993 13037 D Evaluation: frame 91 sent 
11-01 13:07:40.145 12993 13037 D Evaluation: 0 res 88 received 
11-01 13:07:40.219 12993 13037 D Evaluation: frame 92 sent 
11-01 13:07:40.223 12993 13037 D Evaluation: 0 res 89 received 
11-01 13:07:40.245 12993 13037 D Evaluation: frame 93 sent 
11-01 13:07:40.247 12993 13037 D Evaluation: 0 res 90 received 
11-01 13:07:40.273 12993 13037 D Evaluation: frame 94 sent 
11-01 13:07:40.275 12993 13037 D Evaluation: 0 res 91 received 
11-01 13:07:40.311 12993 13037 D Evaluation: frame 95 sent 
11-01 13:07:40.313 12993 13037 D Evaluation: 0 res 92 received 
11-01 13:07:40.326 12993 13009 W System  : A resource failed to call close. 
11-01 13:07:40.326 12993 13009 I chatty  : uid=10203(symlab.cloudridar.arhud) FinalizerDaemon identical 2 lines
11-01 13:07:40.326 12993 13009 W System  : A resource failed to call close. 
11-01 13:07:40.326 12993 13009 W System  : A resource failed to call close. 
11-01 13:07:40.329 12993 13009 I chatty  : uid=10203(symlab.cloudridar.arhud) FinalizerDaemon identical 52 lines
11-01 13:07:40.329 12993 13009 W System  : A resource failed to call close. 
11-01 13:07:40.337 12993 13037 D Evaluation: frame 96 sent 
11-01 13:07:40.339 12993 13037 D Evaluation: 0 res 93 received 
11-01 13:07:40.367 12993 13037 D Evaluation: frame 97 sent 
11-01 13:07:40.369 12993 13037 D Evaluation: 0 res 94 received 
11-01 13:07:40.448 12993 13037 D Evaluation: frame 98 sent 
11-01 13:07:40.452 12993 13037 D Evaluation: 0 res 95 received 
11-01 13:07:40.510 12993 13037 D Evaluation: frame 99 sent 
11-01 13:07:40.512 12993 13037 D Evaluation: 0 res 96 received 
11-01 13:07:40.535 12993 13037 D Evaluation: frame 100 sent 
11-01 13:07:40.537 12993 13037 D Evaluation: 0 res 97 received 
11-01 13:07:40.571 12993 13037 D Evaluation: frame 101 sent 
11-01 13:07:40.573 12993 13037 D Evaluation: 0 res 98 received 
11-01 13:07:40.606 12993 13037 D Evaluation: frame 102 sent 
11-01 13:07:40.609 12993 13037 D Evaluation: 0 res 99 received 
11-01 13:07:40.635 12993 13037 D Evaluation: frame 103 sent 
11-01 13:07:40.637 12993 13037 D Evaluation: 0 res 100 received 
11-01 13:07:40.672 12993 13037 D Evaluation: frame 104 sent 
11-01 13:07:40.674 12993 13037 D Evaluation: 1 res 101 received 
11-01 13:07:40.701 12993 13037 D Evaluation: frame 105 sent 
11-01 13:07:40.703 12993 13037 D Evaluation: 1 res 102 received 
11-01 13:07:40.738 12993 13037 D Evaluation: frame 106 sent 
11-01 13:07:40.740 12993 13037 D Evaluation: 1 res 103 received 
11-01 13:07:40.768 12993 13037 D Evaluation: frame 107 sent 
11-01 13:07:40.770 12993 13037 D Evaluation: 0 res 104 received 
11-01 13:07:40.805 12993 13037 D Evaluation: frame 108 sent 
11-01 13:07:40.807 12993 13037 D Evaluation: 0 res 105 received 
11-01 13:07:40.847 12993 13037 D Evaluation: frame 109 sent 
11-01 13:07:40.851 12993 13037 D Evaluation: 0 res 106 received 
11-01 13:07:40.876 12993 13037 D Evaluation: frame 110 sent 
11-01 13:07:40.878 12993 13037 D Evaluation: 0 res 107 received 
11-01 13:07:40.905 12993 13037 D Evaluation: frame 111 sent 
11-01 13:07:40.908 12993 13037 D Evaluation: 0 res 108 received 
11-01 13:07:40.936 12993 13037 D Evaluation: frame 112 sent 
11-01 13:07:40.938 12993 13037 D Evaluation: 0 res 109 received 
11-01 13:07:40.979 12993 13037 D Evaluation: frame 113 sent 
11-01 13:07:40.982 12993 13037 D Evaluation: 0 res 110 received 
11-01 13:07:41.004 12993 13037 D Evaluation: frame 114 sent 
11-01 13:07:41.006 12993 13037 D Evaluation: 0 res 111 received 
11-01 13:07:41.042 12993 13037 D Evaluation: frame 115 sent 
11-01 13:07:41.045 12993 13037 D Evaluation: 0 res 112 received 
11-01 13:07:41.068 12993 13037 D Evaluation: frame 116 sent 
11-01 13:07:41.070 12993 13037 D Evaluation: 0 res 113 received 
11-01 13:07:41.098 12993 13037 D Evaluation: frame 117 sent 
11-01 13:07:41.101 12993 13037 D Evaluation: 0 res 114 received 
11-01 13:07:41.136 12993 13037 D Evaluation: frame 118 sent 
11-01 13:07:41.138 12993 13037 D Evaluation: 0 res 115 received 
11-01 13:07:41.166 12993 13037 D Evaluation: frame 119 sent 
11-01 13:07:41.168 12993 13037 D Evaluation: 0 res 116 received 
11-01 13:07:41.216 12993 13037 D Evaluation: frame 120 sent 
11-01 13:07:41.221 12993 13037 D Evaluation: 2 res 117 received 
11-01 13:07:41.247 12993 13037 D Evaluation: frame 121 sent 
11-01 13:07:41.250 12993 13037 D Evaluation: 2 res 118 received 
11-01 13:07:41.273 12993 13037 D Evaluation: frame 122 sent 
11-01 13:07:41.275 12993 13037 D Evaluation: 0 res 119 received 
11-01 13:07:41.300 12993 13037 D Evaluation: frame 123 sent 
11-01 13:07:41.303 12993 13037 D Evaluation: 1 res 120 received 
11-01 13:07:41.333 12993 13037 D Evaluation: frame 124 sent 
11-01 13:07:41.336 12993 13037 D Evaluation: 0 res 121 received 
11-01 13:07:41.365 12993 13037 D Evaluation: frame 125 sent 
11-01 13:07:41.368 12993 13037 D Evaluation: 1 res 122 received 
11-01 13:07:41.413 12993 13037 D Evaluation: frame 126 sent 
11-01 13:07:41.417 12993 13037 D Evaluation: 0 res 123 received 
11-01 13:07:41.430 12993 13009 W System  : A resource failed to call close. 
11-01 13:07:41.436 12993 13009 I chatty  : uid=10203(symlab.cloudridar.arhud) FinalizerDaemon identical 57 lines
11-01 13:07:41.436 12993 13009 W System  : A resource failed to call close. 
11-01 13:07:41.436 12993 13037 D Evaluation: frame 127 sent 
11-01 13:07:41.436 12993 13009 W System  : A resource failed to call close. 
11-01 13:07:41.436 12993 13009 I chatty  : uid=10203(symlab.cloudridar.arhud) FinalizerDaemon identical 1 line
11-01 13:07:41.436 12993 13009 W System  : A resource failed to call close. 
11-01 13:07:41.438 12993 13037 D Evaluation: 0 res 124 received 
11-01 13:07:41.466 12993 13037 D Evaluation: frame 128 sent 
11-01 13:07:41.469 12993 13037 D Evaluation: 0 res 125 received 
11-01 13:07:41.500 12993 13037 D Evaluation: frame 129 sent 
11-01 13:07:41.502 12993 13037 D Evaluation: 0 res 126 received 
11-01 13:07:41.538 12993 13037 D Evaluation: frame 130 sent 
11-01 13:07:41.540 12993 13037 D Evaluation: 0 res 127 received 
11-01 13:07:41.571 12993 13037 D Evaluation: frame 131 sent 
11-01 13:07:41.573 12993 13037 D Evaluation: 0 res 128 received 
11-01 13:07:41.604 12993 13037 D Evaluation: frame 132 sent 
11-01 13:07:41.606 12993 13037 D Evaluation: 0 res 129 received 
11-01 13:07:41.639 12993 13037 D Evaluation: frame 133 sent 
11-01 13:07:41.641 12993 13037 D Evaluation: 1 res 130 received 
11-01 13:07:41.671 12993 13037 D Evaluation: frame 134 sent 
11-01 13:07:41.673 12993 13037 D Evaluation: 0 res 131 received 
11-01 13:07:41.701 12993 13037 D Evaluation: frame 135 sent 
11-01 13:07:41.704 12993 13037 D Evaluation: 0 res 132 received 
11-01 13:07:41.735 12993 13037 D Evaluation: frame 136 sent 
11-01 13:07:41.737 12993 13037 D Evaluation: 0 res 133 received 
11-01 13:07:41.795 12993 13037 D Evaluation: frame 138 sent 
11-01 13:07:41.797 12993 13037 D Evaluation: 1 res 134 received 
11-01 13:07:41.817 12993 13037 D Evaluation: frame 138 sent 
11-01 13:07:41.819 12993 13037 D Evaluation: 2 res 135 received 
11-01 13:07:41.849 12993 13037 D Evaluation: frame 139 sent 
11-01 13:07:41.853 12993 13037 D Evaluation: 0 res 136 received 
11-01 13:07:41.872 12993 13037 D Evaluation: frame 140 sent 
11-01 13:07:41.874 12993 13037 D Evaluation: 0 res 138 received 
11-01 13:07:41.903 12993 13037 D Evaluation: frame 141 sent 
11-01 13:07:41.905 12993 13037 D Evaluation: 0 res 138 received 
11-01 13:07:41.973 12993 13037 D Evaluation: frame 142 sent 
11-01 13:07:41.976 12993 13037 D Evaluation: 0 res 139 received 
11-01 13:07:42.035 12993 13037 D Evaluation: frame 143 sent 
11-01 13:07:42.037 12993 13037 D Evaluation: 0 res 140 received 
11-01 13:07:42.072 12993 13037 D Evaluation: frame 144 sent 
11-01 13:07:42.075 12993 13037 D Evaluation: 0 res 141 received 
11-01 13:07:42.110 12993 13037 D Evaluation: frame 145 sent 
11-01 13:07:42.113 12993 13037 D Evaluation: 0 res 142 received 
11-01 13:07:42.134 12993 13037 D Evaluation: frame 146 sent 
11-01 13:07:42.136 12993 13037 D Evaluation: 0 res 143 received 
11-01 13:07:42.170 12993 13037 D Evaluation: frame 147 sent 
11-01 13:07:42.172 12993 13037 D Evaluation: 0 res 144 received 
11-01 13:07:42.206 12993 13037 D Evaluation: frame 148 sent 
11-01 13:07:42.208 12993 13037 D Evaluation: 0 res 145 received 
11-01 13:07:42.235 12993 13037 D Evaluation: frame 149 sent 
11-01 13:07:42.238 12993 13037 D Evaluation: 0 res 146 received 
11-01 13:07:42.266 12993 13037 D Evaluation: frame 150 sent 
11-01 13:07:42.268 12993 13037 D Evaluation: 0 res 147 received 
11-01 13:07:42.303 12993 13037 D Evaluation: frame 151 sent 
11-01 13:07:42.305 12993 13037 D Evaluation: 0 res 148 received 
11-01 13:07:42.340 12993 13037 D Evaluation: frame 152 sent 
11-01 13:07:42.343 12993 13037 D Evaluation: 1 res 149 received 
11-01 13:07:42.368 12993 13037 D Evaluation: frame 153 sent 
11-01 13:07:42.371 12993 13037 D Evaluation: 1 res 150 received 
11-01 13:07:42.402 12993 13037 D Evaluation: frame 154 sent 
11-01 13:07:42.404 12993 13037 D Evaluation: 1 res 151 received 
11-01 13:07:42.436 12993 13037 D Evaluation: frame 155 sent 
11-01 13:07:42.439 12993 13037 D Evaluation: 1 res 152 received 
11-01 13:07:42.471 12993 13037 D Evaluation: frame 156 sent 
11-01 13:07:42.473 12993 13037 D Evaluation: 1 res 153 received 
11-01 13:07:42.483 12993 13009 W System  : A resource failed to call close. 
11-01 13:07:42.486 12993 13009 I chatty  : uid=10203(symlab.cloudridar.arhud) FinalizerDaemon identical 44 lines
11-01 13:07:42.486 12993 13009 W System  : A resource failed to call close. 
11-01 13:07:42.486 12993 13009 W System  : A resource failed to call close. 
11-01 13:07:42.486 12993 13009 I chatty  : uid=10203(symlab.cloudridar.arhud) FinalizerDaemon identical 2 lines
11-01 13:07:42.486 12993 13009 W System  : A resource failed to call close. 
11-01 13:07:42.486 12993 13009 W System  : A resource failed to call close. 
11-01 13:07:42.487 12993 13009 I chatty  : uid=10203(symlab.cloudridar.arhud) FinalizerDaemon identical 1 line
11-01 13:07:42.487 12993 13009 W System  : A resource failed to call close. 
11-01 13:07:42.487 12993 13009 W System  : A resource failed to call close. 
11-01 13:07:42.487 12993 13009 W System  : A resource failed to call close. 
11-01 13:07:42.491 12993 13009 I chatty  : uid=10203(symlab.cloudridar.arhud) FinalizerDaemon identical 4 lines
11-01 13:07:42.491 12993 13009 W System  : A resource failed to call close. 
11-01 13:07:42.504 12993 13037 D Evaluation: frame 157 sent 
11-01 13:07:42.506 12993 13037 D Evaluation: 1 res 154 received 
11-01 13:07:42.536 12993 13037 D Evaluation: frame 158 sent 
11-01 13:07:42.539 12993 13037 D Evaluation: 1 res 155 received 
11-01 13:07:42.569 12993 13037 D Evaluation: frame 159 sent 
11-01 13:07:42.599 12993 13037 D Evaluation: frame 160 sent 
11-01 13:07:42.601 12993 13037 D Evaluation: 1 res 157 received 
11-01 13:07:42.657 12993 13037 D Evaluation: frame 162 sent 
11-01 13:07:42.660 12993 13037 D Evaluation: 1 res 158 received 
11-01 13:07:42.680 12993 13037 D Evaluation: frame 162 sent 
11-01 13:07:42.685 12993 13037 D Evaluation: 1 res 159 received 
11-01 13:07:42.704 12993 13037 D Evaluation: frame 163 sent 
11-01 13:07:42.706 12993 13037 D Evaluation: 1 res 160 received 
11-01 13:07:42.746 12993 13037 D Evaluation: frame 164 sent 
11-01 13:07:42.749 12993 13037 D Evaluation: 0 res 162 received 
11-01 13:07:42.767 12993 13037 D Evaluation: frame 165 sent 
11-01 13:07:42.770 12993 13037 D Evaluation: 0 res 162 received 
11-01 13:07:42.841 12993 13037 D Evaluation: frame 166 sent 
11-01 13:07:42.844 12993 13037 D Evaluation: 0 res 163 received 
11-01 13:07:42.875 12993 13037 D Evaluation: frame 167 sent 
11-01 13:07:42.877 12993 13037 D Evaluation: 0 res 164 received 
11-01 13:07:42.942 12993 13037 D Evaluation: frame 168 sent 
11-01 13:07:42.944 12993 13037 D Evaluation: 0 res 165 received 
11-01 13:07:42.969 12993 13037 D Evaluation: frame 169 sent 
11-01 13:07:42.971 12993 13037 D Evaluation: 0 res 166 received 
11-01 13:07:43.001 12993 13037 D Evaluation: frame 170 sent 
11-01 13:07:43.003 12993 13037 D Evaluation: 0 res 167 received 
11-01 13:07:43.036 12993 13037 D Evaluation: frame 171 sent 
11-01 13:07:43.038 12993 13037 D Evaluation: 0 res 168 received 
11-01 13:07:43.082 12993 13037 D Evaluation: frame 172 sent 
11-01 13:07:43.085 12993 13037 D Evaluation: 0 res 169 received 
11-01 13:07:43.103 12993 13037 D Evaluation: frame 173 sent 
11-01 13:07:43.106 12993 13037 D Evaluation: 0 res 170 received 
11-01 13:07:43.139 12993 13037 D Evaluation: frame 174 sent 
11-01 13:07:43.141 12993 13037 D Evaluation: 0 res 171 received 
11-01 13:07:43.171 12993 13037 D Evaluation: frame 175 sent 
11-01 13:07:43.173 12993 13037 D Evaluation: 0 res 172 received 
11-01 13:07:43.222 12993 13037 D Evaluation: frame 177 sent 
11-01 13:07:43.224 12993 13037 D Evaluation: 0 res 173 received 
11-01 13:07:43.251 12993 13037 D Evaluation: frame 178 sent 
11-01 13:07:43.253 12993 13037 D Evaluation: 0 res 174 received 
11-01 13:07:43.272 12993 13037 D Evaluation: frame 178 sent 
11-01 13:07:43.275 12993 13037 D Evaluation: 0 res 175 received 
11-01 13:07:43.305 12993 13037 D Evaluation: frame 179 sent 
11-01 13:07:43.308 12993 13037 D Evaluation: 0 res 177 received 
11-01 13:07:43.333 12993 13037 D Evaluation: frame 180 sent 
11-01 13:07:43.335 12993 13037 D Evaluation: 0 res 178 received 
11-01 13:07:43.369 12993 13037 D Evaluation: frame 181 sent 
11-01 13:07:43.371 12993 13037 D Evaluation: 0 res 178 received 
11-01 13:07:43.392 12993 13009 W System  : A resource failed to call close. 
11-01 13:07:43.394 12993 13009 I chatty  : uid=10203(symlab.cloudridar.arhud) FinalizerDaemon identical 40 lines
11-01 13:07:43.395 12993 13009 W System  : A resource failed to call close. 
11-01 13:07:43.395 12993 13009 W System  : A resource failed to call close. 
11-01 13:07:43.395 12993 13009 I chatty  : uid=10203(symlab.cloudridar.arhud) FinalizerDaemon identical 6 lines
11-01 13:07:43.395 12993 13009 W System  : A resource failed to call close. 
11-01 13:07:43.404 12993 13037 D Evaluation: frame 182 sent 
11-01 13:07:43.406 12993 13037 D Evaluation: 0 res 179 received 
11-01 13:07:43.436 12993 13037 D Evaluation: frame 183 sent 
11-01 13:07:43.438 12993 13037 D Evaluation: 0 res 180 received 
11-01 13:07:43.476 12993 13037 D Evaluation: frame 184 sent 
11-01 13:07:43.478 12993 13037 D Evaluation: 0 res 181 received 
11-01 13:07:43.502 12993 13037 D Evaluation: frame 185 sent 
11-01 13:07:43.504 12993 13037 D Evaluation: 0 res 182 received 
11-01 13:07:43.547 12993 13037 D Evaluation: frame 186 sent 
11-01 13:07:43.551 12993 13037 D Evaluation: 0 res 183 received 
11-01 13:07:43.572 12993 13037 D Evaluation: frame 187 sent 
11-01 13:07:43.574 12993 13037 D Evaluation: 0 res 184 received 
11-01 13:07:43.608 12993 13037 D Evaluation: frame 188 sent 
11-01 13:07:43.610 12993 13037 D Evaluation: 0 res 185 received 
11-01 13:07:43.648 12993 13037 D Evaluation: frame 189 sent 
11-01 13:07:43.652 12993 13037 D Evaluation: 0 res 186 received 
11-01 13:07:43.675 12993 13037 D Evaluation: frame 190 sent 
11-01 13:07:43.677 12993 13037 D Evaluation: 0 res 187 received 
11-01 13:07:43.709 12993 13037 D Evaluation: frame 191 sent 
11-01 13:07:43.712 12993 13037 D Evaluation: 0 res 188 received 
11-01 13:07:43.761 12993 13037 D Evaluation: frame 193 sent 
11-01 13:07:43.764 12993 13037 D Evaluation: 0 res 189 received 
11-01 13:07:43.790 12993 13037 D Evaluation: frame 193 sent 
11-01 13:07:43.793 12993 13037 D Evaluation: 0 res 190 received 
11-01 13:07:43.838 12993 13037 D Evaluation: frame 194 sent 
11-01 13:07:43.840 12993 13037 D Evaluation: 0 res 191 received 
11-01 13:07:43.870 12993 13037 D Evaluation: frame 195 sent 
11-01 13:07:43.872 12993 13037 D Evaluation: 0 res 193 received 
11-01 13:07:43.953 12993 13037 D Evaluation: frame 196 sent 
11-01 13:07:43.957 12993 13037 D Evaluation: 0 res 193 received 
11-01 13:07:43.989 12993 13037 D Evaluation: frame 198 sent 
11-01 13:07:43.991 12993 13037 D Evaluation: 0 res 194 received 
11-01 13:07:44.013 12993 13037 D Evaluation: frame 198 sent 
11-01 13:07:44.015 12993 13037 D Evaluation: 0 res 195 received 
11-01 13:07:44.052 12993 13037 D Evaluation: frame 200 sent 
11-01 13:07:44.054 12993 13037 D Evaluation: 0 res 196 received 
11-01 13:07:44.073 12993 13037 D Evaluation: frame 200 sent 
11-01 13:07:44.075 12993 13037 D Evaluation: 0 res 198 received 
11-01 13:07:44.099 12993 13037 D Evaluation: frame 201 sent 
11-01 13:07:44.101 12993 13037 D Evaluation: 0 res 198 received 
11-01 13:07:44.180 12993 13037 D Evaluation: frame 202 sent 
11-01 13:07:44.182 12993 13037 D Evaluation: 0 res 200 received 
11-01 13:07:44.201 12993 13037 D Evaluation: frame 203 sent 
11-01 13:07:44.203 12993 13037 D Evaluation: 0 res 200 received 
11-01 13:07:44.235 12993 13037 D Evaluation: frame 204 sent 
11-01 13:07:44.237 12993 13037 D Evaluation: 0 res 201 received 
11-01 13:07:44.280 12993 13037 D Evaluation: frame 205 sent 
11-01 13:07:44.284 12993 13037 D Evaluation: 0 res 202 received 
11-01 13:07:44.295 12993 13009 W System  : A resource failed to call close. 
11-01 13:07:44.297 12993 13009 I chatty  : uid=10203(symlab.cloudridar.arhud) FinalizerDaemon identical 44 lines
11-01 13:07:44.297 12993 13009 W System  : A resource failed to call close. 
11-01 13:07:44.306 12993 13037 D Evaluation: frame 206 sent 
