11-06 11:57:20.755  3427  3511 W System.err: 	at android.os.HandlerThread.run(HandlerThread.java:65)
11-06 11:57:20.797  3427  3511 W System.err: java.net.SocketException: Message too long
11-06 11:57:20.798  3427  3511 W System.err: 	at sun.nio.ch.DatagramChannelImpl.send0(Native Method)
11-06 11:57:20.798  3427  3511 W System.err: 	at sun.nio.ch.DatagramChannelImpl.sendFromNativeBuffer(DatagramChannelImpl.java:573)
11-06 11:57:20.798  3427  3511 W System.err: 	at sun.nio.ch.DatagramChannelImpl.send(DatagramChannelImpl.java:550)
11-06 11:57:20.798  3427  3511 W System.err: 	at sun.nio.ch.DatagramChannelImpl.send(DatagramChannelImpl.java:514)
11-06 11:57:20.798  3427  3511 W System.err: 	at symlab.CloudAR.network.TransmissionTask.run(TransmissionTask.java:124)
11-06 11:57:20.798  3427  3511 W System.err: 	at android.os.Handler.handleCallback(Handler.java:907)
11-06 11:57:20.798  3427  3511 W System.err: 	at android.os.Handler.dispatchMessage(Handler.java:105)
11-06 11:57:20.798  3427  3511 W System.err: 	at android.os.Looper.loop(Looper.java:216)
11-06 11:57:20.798  3427  3511 W System.err: 	at android.os.HandlerThread.run(HandlerThread.java:65)
11-06 11:57:20.819  3427  3511 W System.err: java.net.SocketException: Message too long
11-06 11:57:20.819  3427  3511 W System.err: 	at sun.nio.ch.DatagramChannelImpl.send0(Native Method)
11-06 11:57:20.819  3427  3511 W System.err: 	at sun.nio.ch.DatagramChannelImpl.sendFromNativeBuffer(DatagramChannelImpl.java:573)
11-06 11:57:20.819  3427  3511 W System.err: 	at sun.nio.ch.DatagramChannelImpl.send(DatagramChannelImpl.java:550)
11-06 11:57:20.819  3427  3511 W System.err: 	at sun.nio.ch.DatagramChannelImpl.send(DatagramChannelImpl.java:514)
11-06 11:57:20.819  3427  3511 W System.err: 	at symlab.CloudAR.network.TransmissionTask.run(TransmissionTask.java:124)
11-06 11:57:20.819  3427  3511 W System.err: 	at android.os.Handler.handleCallback(Handler.java:907)
11-06 11:57:20.819  3427  3511 W System.err: 	at android.os.Handler.dispatchMessage(Handler.java:105)
11-06 11:57:20.819  3427  3511 W System.err: 	at android.os.Looper.loop(Looper.java:216)
11-06 11:57:20.819  3427  3511 W System.err: 	at android.os.HandlerThread.run(HandlerThread.java:65)
11-06 11:57:20.853  3427  3511 D Evaluation: Frame 332 sent at 1573034240853
11-06 11:57:20.937  3427  3511 D Evaluation: Frame 333 sent at 1573034240937
11-06 11:57:20.964  3427  3511 D Evaluation: Frame 334 sent at 1573034240964
11-06 11:57:20.994  3427  3511 D Evaluation: Frame 335 sent at 1573034240994
11-06 11:57:21.028  3427  3511 D Evaluation: Frame 336 sent at 1573034241028
11-06 11:57:21.051  3427  3511 D Evaluation: Frame 337 sent at 1573034241051
11-06 11:57:21.095  3427  3511 D Evaluation: Frame 338 sent at 1573034241094
11-06 11:57:21.133  3427  3511 D Evaluation: Frame 339 sent at 1573034241133
11-06 11:57:21.135  3427  3511 D Evaluation: 0 res for frame 332 received at 1573034241135
11-06 11:57:21.171  3427  3511 D Evaluation: Frame 341 sent at 1573034241171
11-06 11:57:21.193  3427  3511 D Evaluation: Frame 341 sent at 1573034241193
11-06 11:57:21.232  3427  3511 D Evaluation: Frame 342 sent at 1573034241232
11-06 11:57:21.258  3427  3511 D Evaluation: Frame 343 sent at 1573034241258
11-06 11:57:21.296  3427  3511 D Evaluation: Frame 344 sent at 1573034241296
11-06 11:57:21.328  3427  3511 D Evaluation: Frame 345 sent at 1573034241328
11-06 11:57:21.330  3427  3511 D Evaluation: 1 res for frame 333 received at 1573034241330
11-06 11:57:21.358  3427  3511 D Evaluation: Frame 346 sent at 1573034241358
11-06 11:57:21.385  3427  3462 E         : [ZeroHung]zrhung_get_config: Get config failed for wp[0x0008]
11-06 11:57:21.385  3427  3511 D Evaluation: Frame 347 sent at 1573034241385
11-06 11:57:21.413  3427  3460 W System  : A resource failed to call close. 
11-06 11:57:21.414  3427  3460 I chatty  : uid=10149(symlab.cloudridar.arhud) FinalizerDaemon identical 2 lines
11-06 11:57:21.414  3427  3460 W System  : A resource failed to call close. 
11-06 11:57:21.420  3427  3511 D Evaluation: Frame 348 sent at 1573034241420
11-06 11:57:21.448  3427  3511 D Evaluation: Frame 349 sent at 1573034241448
11-06 11:57:21.481  3427  3511 D Evaluation: Frame 350 sent at 1573034241481
11-06 11:57:21.522  3427  3511 D Evaluation: Frame 351 sent at 1573034241522
11-06 11:57:21.545  3427  3427 D Poster  : At 1573034241544 location is 65.056685367661 (latitude), and 25.480457226974792 (longitude)
11-06 11:57:21.546  3427  3427 D Poster  : Connected to mobile network 20
11-06 11:57:21.551  3427  3511 D Evaluation: Frame 352 sent at 1573034241551
11-06 11:57:21.590  3427  3511 D Evaluation: Frame 353 sent at 1573034241590
11-06 11:57:21.622  3427  3511 D Evaluation: Frame 354 sent at 1573034241622
11-06 11:57:21.656  3427  3511 D Evaluation: Frame 355 sent at 1573034241656
11-06 11:57:21.708  3427  3511 D Evaluation: Frame 357 sent at 1573034241708
11-06 11:57:21.731  3427  3511 D Evaluation: Frame 357 sent at 1573034241731
11-06 11:57:21.768  3427  3511 D Evaluation: Frame 358 sent at 1573034241768
11-06 11:57:21.794  3427  3511 D Evaluation: Frame 359 sent at 1573034241794
11-06 11:57:21.833  3427  3511 D Evaluation: Frame 360 sent at 1573034241833
11-06 11:57:21.856  3427  3511 D Evaluation: Frame 361 sent at 1573034241856
11-06 11:57:21.903  3427  3511 D Evaluation: Frame 362 sent at 1573034241903
11-06 11:57:21.927  3427  3511 D Evaluation: Frame 363 sent at 1573034241927
11-06 11:57:21.968  3427  3511 D Evaluation: Frame 364 sent at 1573034241967
11-06 11:57:21.995  3427  3511 D Evaluation: Frame 365 sent at 1573034241995
11-06 11:57:22.040  3427  3511 D Evaluation: Frame 366 sent at 1573034242040
11-06 11:57:22.067  3427  3511 D Evaluation: Frame 367 sent at 1573034242067
11-06 11:57:22.091  3427  3511 D Evaluation: Frame 368 sent at 1573034242091
11-06 11:57:22.133  3427  3511 D Evaluation: Frame 369 sent at 1573034242132
11-06 11:57:22.164  3427  3511 W System.err: java.net.SocketException: Message too long
11-06 11:57:22.164  3427  3511 W System.err: 	at sun.nio.ch.DatagramChannelImpl.send0(Native Method)
11-06 11:57:22.164  3427  3511 W System.err: 	at sun.nio.ch.DatagramChannelImpl.sendFromNativeBuffer(DatagramChannelImpl.java:573)
11-06 11:57:22.164  3427  3511 W System.err: 	at sun.nio.ch.DatagramChannelImpl.send(DatagramChannelImpl.java:550)
11-06 11:57:22.164  3427  3511 W System.err: 	at sun.nio.ch.DatagramChannelImpl.send(DatagramChannelImpl.java:514)
11-06 11:57:22.164  3427  3511 W System.err: 	at symlab.CloudAR.network.TransmissionTask.run(TransmissionTask.java:124)
11-06 11:57:22.164  3427  3511 W System.err: 	at android.os.Handler.handleCallback(Handler.java:907)
11-06 11:57:22.164  3427  3511 W System.err: 	at android.os.Handler.dispatchMessage(Handler.java:105)
11-06 11:57:22.164  3427  3511 W System.err: 	at android.os.Looper.loop(Looper.java:216)
11-06 11:57:22.164  3427  3511 W System.err: 	at android.os.HandlerThread.run(HandlerThread.java:65)
11-06 11:57:22.196  3427  3511 W System.err: java.net.SocketException: Message too long
11-06 11:57:22.196  3427  3511 W System.err: 	at sun.nio.ch.DatagramChannelImpl.send0(Native Method)
11-06 11:57:22.196  3427  3511 W System.err: 	at sun.nio.ch.DatagramChannelImpl.sendFromNativeBuffer(DatagramChannelImpl.java:573)
11-06 11:57:22.196  3427  3511 W System.err: 	at sun.nio.ch.DatagramChannelImpl.send(DatagramChannelImpl.java:550)
11-06 11:57:22.196  3427  3511 W System.err: 	at sun.nio.ch.DatagramChannelImpl.send(DatagramChannelImpl.java:514)
11-06 11:57:22.196  3427  3511 W System.err: 	at symlab.CloudAR.network.TransmissionTask.run(TransmissionTask.java:124)
11-06 11:57:22.196  3427  3511 W System.err: 	at android.os.Handler.handleCallback(Handler.java:907)
11-06 11:57:22.196  3427  3511 W System.err: 	at android.os.Handler.dispatchMessage(Handler.java:105)
11-06 11:57:22.196  3427  3511 W System.err: 	at android.os.Looper.loop(Looper.java:216)
11-06 11:57:22.196  3427  3511 W System.err: 	at android.os.HandlerThread.run(HandlerThread.java:65)
11-06 11:57:22.228  3427  3511 W System.err: java.net.SocketException: Message too long
11-06 11:57:22.228  3427  3511 W System.err: 	at sun.nio.ch.DatagramChannelImpl.send0(Native Method)
11-06 11:57:22.228  3427  3511 W System.err: 	at sun.nio.ch.DatagramChannelImpl.sendFromNativeBuffer(DatagramChannelImpl.java:573)
11-06 11:57:22.228  3427  3511 W System.err: 	at sun.nio.ch.DatagramChannelImpl.send(DatagramChannelImpl.java:550)
11-06 11:57:22.228  3427  3511 W System.err: 	at sun.nio.ch.DatagramChannelImpl.send(DatagramChannelImpl.java:514)
11-06 11:57:22.228  3427  3511 W System.err: 	at symlab.CloudAR.network.TransmissionTask.run(TransmissionTask.java:124)
11-06 11:57:22.228  3427  3511 W System.err: 	at android.os.Handler.handleCallback(Handler.java:907)
11-06 11:57:22.228  3427  3511 W System.err: 	at android.os.Handler.dispatchMessage(Handler.java:105)
11-06 11:57:22.228  3427  3511 W System.err: 	at android.os.Looper.loop(Looper.java:216)
11-06 11:57:22.228  3427  3511 W System.err: 	at android.os.HandlerThread.run(HandlerThread.java:65)
11-06 11:57:22.259  3427  3511 W System.err: java.net.SocketException: Message too long
11-06 11:57:22.259  3427  3511 W System.err: 	at sun.nio.ch.DatagramChannelImpl.send0(Native Method)
11-06 11:57:22.259  3427  3511 W System.err: 	at sun.nio.ch.DatagramChannelImpl.sendFromNativeBuffer(DatagramChannelImpl.java:573)
11-06 11:57:22.259  3427  3511 W System.err: 	at sun.nio.ch.DatagramChannelImpl.send(DatagramChannelImpl.java:550)
11-06 11:57:22.259  3427  3511 W System.err: 	at sun.nio.ch.DatagramChannelImpl.send(DatagramChannelImpl.java:514)
11-06 11:57:22.259  3427  3511 W System.err: 	at symlab.CloudAR.network.TransmissionTask.run(TransmissionTask.java:124)
11-06 11:57:22.259  3427  3511 W System.err: 	at android.os.Handler.handleCallback(Handler.java:907)
11-06 11:57:22.259  3427  3511 W System.err: 	at android.os.Handler.dispatchMessage(Handler.java:105)
11-06 11:57:22.259  3427  3511 W System.err: 	at android.os.Looper.loop(Looper.java:216)
11-06 11:57:22.259  3427  3511 W System.err: 	at android.os.HandlerThread.run(HandlerThread.java:65)
11-06 11:57:22.349  3427  3511 D Evaluation: Frame 375 sent at 1573034242349
11-06 11:57:22.369  3427  3511 D Evaluation: Frame 375 sent at 1573034242368
11-06 11:57:22.395  3427  3511 W System.err: java.net.SocketException: Message too long
11-06 11:57:22.396  3427  3511 W System.err: 	at sun.nio.ch.DatagramChannelImpl.send0(Native Method)
11-06 11:57:22.396  3427  3511 W System.err: 	at sun.nio.ch.DatagramChannelImpl.sendFromNativeBuffer(DatagramChannelImpl.java:573)
11-06 11:57:22.396  3427  3511 W System.err: 	at sun.nio.ch.DatagramChannelImpl.send(DatagramChannelImpl.java:550)
11-06 11:57:22.396  3427  3511 W System.err: 	at sun.nio.ch.DatagramChannelImpl.send(DatagramChannelImpl.java:514)
11-06 11:57:22.396  3427  3511 W System.err: 	at symlab.CloudAR.network.TransmissionTask.run(TransmissionTask.java:124)
11-06 11:57:22.396  3427  3511 W System.err: 	at android.os.Handler.handleCallback(Handler.java:907)
11-06 11:57:22.396  3427  3511 W System.err: 	at android.os.Handler.dispatchMessage(Handler.java:105)
11-06 11:57:22.396  3427  3511 W System.err: 	at android.os.Looper.loop(Looper.java:216)
11-06 11:57:22.396  3427  3511 W System.err: 	at android.os.HandlerThread.run(HandlerThread.java:65)
11-06 11:57:22.438  3427  3511 W System.err: java.net.SocketException: Message too long
11-06 11:57:22.438  3427  3511 W System.err: 	at sun.nio.ch.DatagramChannelImpl.send0(Native Method)
11-06 11:57:22.438  3427  3511 W System.err: 	at sun.nio.ch.DatagramChannelImpl.sendFromNativeBuffer(DatagramChannelImpl.java:573)
11-06 11:57:22.438  3427  3511 W System.err: 	at sun.nio.ch.DatagramChannelImpl.send(DatagramChannelImpl.java:550)
11-06 11:57:22.438  3427  3511 W System.err: 	at sun.nio.ch.DatagramChannelImpl.send(DatagramChannelImpl.java:514)
11-06 11:57:22.438  3427  3511 W System.err: 	at symlab.CloudAR.network.TransmissionTask.run(TransmissionTask.java:124)
11-06 11:57:22.438  3427  3511 W System.err: 	at android.os.Handler.handleCallback(Handler.java:907)
11-06 11:57:22.438  3427  3511 W System.err: 	at android.os.Handler.dispatchMessage(Handler.java:105)
11-06 11:57:22.438  3427  3511 W System.err: 	at android.os.Looper.loop(Looper.java:216)
11-06 11:57:22.438  3427  3511 W System.err: 	at android.os.HandlerThread.run(HandlerThread.java:65)
11-06 11:57:22.514  3427  3511 W System.err: java.net.SocketException: Message too long
11-06 11:57:22.514  3427  3511 W System.err: 	at sun.nio.ch.DatagramChannelImpl.send0(Native Method)
11-06 11:57:22.514  3427  3511 W System.err: 	at sun.nio.ch.DatagramChannelImpl.sendFromNativeBuffer(DatagramChannelImpl.java:573)
11-06 11:57:22.514  3427  3511 W System.err: 	at sun.nio.ch.DatagramChannelImpl.send(DatagramChannelImpl.java:550)
11-06 11:57:22.514  3427  3511 W System.err: 	at sun.nio.ch.DatagramChannelImpl.send(DatagramChannelImpl.java:514)
11-06 11:57:22.514  3427  3511 W System.err: 	at symlab.CloudAR.network.TransmissionTask.run(TransmissionTask.java:124)
11-06 11:57:22.514  3427  3511 W System.err: 	at android.os.Handler.handleCallback(Handler.java:907)
11-06 11:57:22.514  3427  3511 W System.err: 	at android.os.Handler.dispatchMessage(Handler.java:105)
11-06 11:57:22.514  3427  3511 W System.err: 	at android.os.Looper.loop(Looper.java:216)
11-06 11:57:22.514  3427  3511 W System.err: 	at android.os.HandlerThread.run(HandlerThread.java:65)
11-06 11:57:22.538  3427  3511 W System.err: java.net.SocketException: Message too long
11-06 11:57:22.539  3427  3511 W System.err: 	at sun.nio.ch.DatagramChannelImpl.send0(Native Method)
11-06 11:57:22.539  3427  3511 W System.err: 	at sun.nio.ch.DatagramChannelImpl.sendFromNativeBuffer(DatagramChannelImpl.java:573)
11-06 11:57:22.539  3427  3511 W System.err: 	at sun.nio.ch.DatagramChannelImpl.send(DatagramChannelImpl.java:550)
11-06 11:57:22.539  3427  3511 W System.err: 	at sun.nio.ch.DatagramChannelImpl.send(DatagramChannelImpl.java:514)
11-06 11:57:22.539  3427  3511 W System.err: 	at symlab.CloudAR.network.TransmissionTask.run(TransmissionTask.java:124)
11-06 11:57:22.539  3427  3511 W System.err: 	at android.os.Handler.handleCallback(Handler.java:907)
11-06 11:57:22.539  3427  3511 W System.err: 	at android.os.Handler.dispatchMessage(Handler.java:105)
11-06 11:57:22.539  3427  3511 W System.err: 	at android.os.Looper.loop(Looper.java:216)
11-06 11:57:22.539  3427  3511 W System.err: 	at android.os.HandlerThread.run(HandlerThread.java:65)
11-06 11:57:22.558  3427  3427 D Poster  : At 1573034242558 location is 65.05668299329126 (latitude), and 25.480457916149682 (longitude)
11-06 11:57:22.560  3427  3427 D Poster  : Connected to mobile network 20
11-06 11:57:22.567  3427  3462 E         : [ZeroHung]zrhung_get_config: Get config failed for wp[0x0008]
11-06 11:57:22.567  3427  3511 W System.err: java.net.SocketException: Message too long
11-06 11:57:22.568  3427  3511 W System.err: 	at sun.nio.ch.DatagramChannelImpl.send0(Native Method)
11-06 11:57:22.568  3427  3511 W System.err: 	at sun.nio.ch.DatagramChannelImpl.sendFromNativeBuffer(DatagramChannelImpl.java:573)
11-06 11:57:22.568  3427  3511 W System.err: 	at sun.nio.ch.DatagramChannelImpl.send(DatagramChannelImpl.java:550)
11-06 11:57:22.568  3427  3511 W System.err: 	at sun.nio.ch.DatagramChannelImpl.send(DatagramChannelImpl.java:514)
11-06 11:57:22.568  3427  3511 W System.err: 	at symlab.CloudAR.network.TransmissionTask.run(TransmissionTask.java:124)
11-06 11:57:22.568  3427  3511 W System.err: 	at android.os.Handler.handleCallback(Handler.java:907)
11-06 11:57:22.568  3427  3511 W System.err: 	at android.os.Handler.dispatchMessage(Handler.java:105)
11-06 11:57:22.568  3427  3511 W System.err: 	at android.os.Looper.loop(Looper.java:216)
11-06 11:57:22.568  3427  3511 W System.err: 	at android.os.HandlerThread.run(HandlerThread.java:65)
11-06 11:57:22.597  3427  3511 W System.err: java.net.SocketException: Message too long
11-06 11:57:22.597  3427  3511 W System.err: 	at sun.nio.ch.DatagramChannelImpl.send0(Native Method)
11-06 11:57:22.597  3427  3511 W System.err: 	at sun.nio.ch.DatagramChannelImpl.sendFromNativeBuffer(DatagramChannelImpl.java:573)
11-06 11:57:22.597  3427  3511 W System.err: 	at sun.nio.ch.DatagramChannelImpl.send(DatagramChannelImpl.java:550)
11-06 11:57:22.597  3427  3511 W System.err: 	at sun.nio.ch.DatagramChannelImpl.send(DatagramChannelImpl.java:514)
11-06 11:57:22.597  3427  3511 W System.err: 	at symlab.CloudAR.network.TransmissionTask.run(TransmissionTask.java:124)
11-06 11:57:22.597  3427  3511 W System.err: 	at android.os.Handler.handleCallback(Handler.java:907)
11-06 11:57:22.597  3427  3511 W System.err: 	at android.os.Handler.dispatchMessage(Handler.java:105)
11-06 11:57:22.597  3427  3511 W System.err: 	at android.os.Looper.loop(Looper.java:216)
11-06 11:57:22.597  3427  3511 W System.err: 	at android.os.HandlerThread.run(HandlerThread.java:65)
11-06 11:57:22.633  3427  3511 W System.err: java.net.SocketException: Message too long
11-06 11:57:22.633  3427  3511 W System.err: 	at sun.nio.ch.DatagramChannelImpl.send0(Native Method)
11-06 11:57:22.633  3427  3511 W System.err: 	at sun.nio.ch.DatagramChannelImpl.sendFromNativeBuffer(DatagramChannelImpl.java:573)
11-06 11:57:22.633  3427  3511 W System.err: 	at sun.nio.ch.DatagramChannelImpl.send(DatagramChannelImpl.java:550)
11-06 11:57:22.633  3427  3511 W System.err: 	at sun.nio.ch.DatagramChannelImpl.send(DatagramChannelImpl.java:514)
11-06 11:57:22.633  3427  3511 W System.err: 	at symlab.CloudAR.network.TransmissionTask.run(TransmissionTask.java:124)
11-06 11:57:22.633  3427  3511 W System.err: 	at android.os.Handler.handleCallback(Handler.java:907)
11-06 11:57:22.634  3427  3511 W System.err: 	at android.os.Handler.dispatchMessage(Handler.java:105)
11-06 11:57:22.634  3427  3511 W System.err: 	at android.os.Looper.loop(Looper.java:216)
11-06 11:57:22.634  3427  3511 W System.err: 	at android.os.HandlerThread.run(HandlerThread.java:65)
11-06 11:57:22.671  3427  3511 W System.err: java.net.SocketException: Message too long
11-06 11:57:22.671  3427  3511 W System.err: 	at sun.nio.ch.DatagramChannelImpl.send0(Native Method)
11-06 11:57:22.671  3427  3511 W System.err: 	at sun.nio.ch.DatagramChannelImpl.sendFromNativeBuffer(DatagramChannelImpl.java:573)
11-06 11:57:22.671  3427  3511 W System.err: 	at sun.nio.ch.DatagramChannelImpl.send(DatagramChannelImpl.java:550)
11-06 11:57:22.671  3427  3511 W System.err: 	at sun.nio.ch.DatagramChannelImpl.send(DatagramChannelImpl.java:514)
11-06 11:57:22.671  3427  3511 W System.err: 	at symlab.CloudAR.network.TransmissionTask.run(TransmissionTask.java:124)
11-06 11:57:22.671  3427  3511 W System.err: 	at android.os.Handler.handleCallback(Handler.java:907)
11-06 11:57:22.671  3427  3511 W System.err: 	at android.os.Handler.dispatchMessage(Handler.java:105)
11-06 11:57:22.671  3427  3511 W System.err: 	at android.os.Looper.loop(Looper.java:216)
11-06 11:57:22.671  3427  3511 W System.err: 	at android.os.HandlerThread.run(HandlerThread.java:65)
11-06 11:57:22.711  3427  3511 W System.err: java.net.SocketException: Message too long
11-06 11:57:22.711  3427  3511 W System.err: 	at sun.nio.ch.DatagramChannelImpl.send0(Native Method)
11-06 11:57:22.711  3427  3511 W System.err: 	at sun.nio.ch.DatagramChannelImpl.sendFromNativeBuffer(DatagramChannelImpl.java:573)
11-06 11:57:22.711  3427  3511 W System.err: 	at sun.nio.ch.DatagramChannelImpl.send(DatagramChannelImpl.java:550)
11-06 11:57:22.711  3427  3511 W System.err: 	at sun.nio.ch.DatagramChannelImpl.send(DatagramChannelImpl.java:514)
11-06 11:57:22.711  3427  3511 W System.err: 	at symlab.CloudAR.network.TransmissionTask.run(TransmissionTask.java:124)
11-06 11:57:22.711  3427  3511 W System.err: 	at android.os.Handler.handleCallback(Handler.java:907)
11-06 11:57:22.711  3427  3511 W System.err: 	at android.os.Handler.dispatchMessage(Handler.java:105)
11-06 11:57:22.711  3427  3511 W System.err: 	at android.os.Looper.loop(Looper.java:216)
11-06 11:57:22.711  3427  3511 W System.err: 	at android.os.HandlerThread.run(HandlerThread.java:65)
11-06 11:57:22.737  3427  3511 W System.err: java.net.SocketException: Message too long
11-06 11:57:22.737  3427  3511 W System.err: 	at sun.nio.ch.DatagramChannelImpl.send0(Native Method)
11-06 11:57:22.737  3427  3511 W System.err: 	at sun.nio.ch.DatagramChannelImpl.sendFromNativeBuffer(DatagramChannelImpl.java:573)
11-06 11:57:22.737  3427  3511 W System.err: 	at sun.nio.ch.DatagramChannelImpl.send(DatagramChannelImpl.java:550)
11-06 11:57:22.737  3427  3511 W System.err: 	at sun.nio.ch.DatagramChannelImpl.send(DatagramChannelImpl.java:514)
11-06 11:57:22.737  3427  3511 W System.err: 	at symlab.CloudAR.network.TransmissionTask.run(TransmissionTask.java:124)
11-06 11:57:22.737  3427  3511 W System.err: 	at android.os.Handler.handleCallback(Handler.java:907)
11-06 11:57:22.737  3427  3511 W System.err: 	at android.os.Handler.dispatchMessage(Handler.java:105)
11-06 11:57:22.737  3427  3511 W System.err: 	at android.os.Looper.loop(Looper.java:216)
11-06 11:57:22.737  3427  3511 W System.err: 	at android.os.HandlerThread.run(HandlerThread.java:65)
11-06 11:57:22.774  3427  3511 W System.err: java.net.SocketException: Message too long
11-06 11:57:22.774  3427  3511 W System.err: 	at sun.nio.ch.DatagramChannelImpl.send0(Native Method)
11-06 11:57:22.774  3427  3511 W System.err: 	at sun.nio.ch.DatagramChannelImpl.sendFromNativeBuffer(DatagramChannelImpl.java:573)
11-06 11:57:22.774  3427  3511 W System.err: 	at sun.nio.ch.DatagramChannelImpl.send(DatagramChannelImpl.java:550)
11-06 11:57:22.774  3427  3511 W System.err: 	at sun.nio.ch.DatagramChannelImpl.send(DatagramChannelImpl.java:514)
11-06 11:57:22.774  3427  3511 W System.err: 	at symlab.CloudAR.network.TransmissionTask.run(TransmissionTask.java:124)
11-06 11:57:22.774  3427  3511 W System.err: 	at android.os.Handler.handleCallback(Handler.java:907)
11-06 11:57:22.774  3427  3511 W System.err: 	at android.os.Handler.dispatchMessage(Handler.java:105)
11-06 11:57:22.774  3427  3511 W System.err: 	at android.os.Looper.loop(Looper.java:216)
11-06 11:57:22.774  3427  3511 W System.err: 	at android.os.HandlerThread.run(HandlerThread.java:65)
11-06 11:57:22.806  3427  3511 W System.err: java.net.SocketException: Message too long
11-06 11:57:22.806  3427  3511 W System.err: 	at sun.nio.ch.DatagramChannelImpl.send0(Native Method)
11-06 11:57:22.806  3427  3511 W System.err: 	at sun.nio.ch.DatagramChannelImpl.sendFromNativeBuffer(DatagramChannelImpl.java:573)
11-06 11:57:22.806  3427  3511 W System.err: 	at sun.nio.ch.DatagramChannelImpl.send(DatagramChannelImpl.java:550)
11-06 11:57:22.806  3427  3511 W System.err: 	at sun.nio.ch.DatagramChannelImpl.send(DatagramChannelImpl.java:514)
11-06 11:57:22.806  3427  3511 W System.err: 	at symlab.CloudAR.network.TransmissionTask.run(TransmissionTask.java:124)
11-06 11:57:22.806  3427  3511 W System.err: 	at android.os.Handler.handleCallback(Handler.java:907)
11-06 11:57:22.806  3427  3511 W System.err: 	at android.os.Handler.dispatchMessage(Handler.java:105)
11-06 11:57:22.806  3427  3511 W System.err: 	at android.os.Looper.loop(Looper.java:216)
11-06 11:57:22.806  3427  3511 W System.err: 	at android.os.HandlerThread.run(HandlerThread.java:65)
11-06 11:57:22.840  3427  3511 W System.err: java.net.SocketException: Message too long
11-06 11:57:22.840  3427  3511 W System.err: 	at sun.nio.ch.DatagramChannelImpl.send0(Native Method)
11-06 11:57:22.840  3427  3511 W System.err: 	at sun.nio.ch.DatagramChannelImpl.sendFromNativeBuffer(DatagramChannelImpl.java:573)
11-06 11:57:22.840  3427  3511 W System.err: 	at sun.nio.ch.DatagramChannelImpl.send(DatagramChannelImpl.java:550)
11-06 11:57:22.840  3427  3511 W System.err: 	at sun.nio.ch.DatagramChannelImpl.send(DatagramChannelImpl.java:514)
11-06 11:57:22.840  3427  3511 W System.err: 	at symlab.CloudAR.network.TransmissionTask.run(TransmissionTask.java:124)
11-06 11:57:22.840  3427  3511 W System.err: 	at android.os.Handler.handleCallback(Handler.java:907)
11-06 11:57:22.840  3427  3511 W System.err: 	at android.os.Handler.dispatchMessage(Handler.java:105)
11-06 11:57:22.840  3427  3511 W System.err: 	at android.os.Looper.loop(Looper.java:216)
11-06 11:57:22.840  3427  3511 W System.err: 	at android.os.HandlerThread.run(HandlerThread.java:65)
11-06 11:57:22.842  3427  3511 D Evaluation: 0 res for frame 375 received at 1573034242842
11-06 11:57:22.867  3427  3511 W System.err: java.net.SocketException: Message too long
11-06 11:57:22.867  3427  3511 W System.err: 	at sun.nio.ch.DatagramChannelImpl.send0(Native Method)
11-06 11:57:22.867  3427  3511 W System.err: 	at sun.nio.ch.DatagramChannelImpl.sendFromNativeBuffer(DatagramChannelImpl.java:573)
11-06 11:57:22.867  3427  3511 W System.err: 	at sun.nio.ch.DatagramChannelImpl.send(DatagramChannelImpl.java:550)
11-06 11:57:22.867  3427  3511 W System.err: 	at sun.nio.ch.DatagramChannelImpl.send(DatagramChannelImpl.java:514)
11-06 11:57:22.867  3427  3511 W System.err: 	at symlab.CloudAR.network.TransmissionTask.run(TransmissionTask.java:124)
11-06 11:57:22.868  3427  3511 W System.err: 	at android.os.Handler.handleCallback(Handler.java:907)
11-06 11:57:22.868  3427  3511 W System.err: 	at android.os.Handler.dispatchMessage(Handler.java:105)
11-06 11:57:22.868  3427  3511 W System.err: 	at android.os.Looper.loop(Looper.java:216)
11-06 11:57:22.868  3427  3511 W System.err: 	at android.os.HandlerThread.run(HandlerThread.java:65)
11-06 11:57:22.916  3427  3511 W System.err: java.net.SocketException: Message too long
11-06 11:57:22.916  3427  3511 W System.err: 	at sun.nio.ch.DatagramChannelImpl.send0(Native Method)
11-06 11:57:22.916  3427  3511 W System.err: 	at sun.nio.ch.DatagramChannelImpl.sendFromNativeBuffer(DatagramChannelImpl.java:573)
11-06 11:57:22.916  3427  3511 W System.err: 	at sun.nio.ch.DatagramChannelImpl.send(DatagramChannelImpl.java:550)
11-06 11:57:22.916  3427  3511 W System.err: 	at sun.nio.ch.DatagramChannelImpl.send(DatagramChannelImpl.java:514)
11-06 11:57:22.916  3427  3511 W System.err: 	at symlab.CloudAR.network.TransmissionTask.run(TransmissionTask.java:124)
11-06 11:57:22.916  3427  3511 W System.err: 	at android.os.Handler.handleCallback(Handler.java:907)
11-06 11:57:22.916  3427  3511 W System.err: 	at android.os.Handler.dispatchMessage(Handler.java:105)
11-06 11:57:22.916  3427  3511 W System.err: 	at android.os.Looper.loop(Looper.java:216)
11-06 11:57:22.916  3427  3511 W System.err: 	at android.os.HandlerThread.run(HandlerThread.java:65)
11-06 11:57:22.938  3427  3511 W System.err: java.net.SocketException: Message too long
11-06 11:57:22.938  3427  3511 W System.err: 	at sun.nio.ch.DatagramChannelImpl.send0(Native Method)
11-06 11:57:22.938  3427  3511 W System.err: 	at sun.nio.ch.DatagramChannelImpl.sendFromNativeBuffer(DatagramChannelImpl.java:573)
11-06 11:57:22.938  3427  3511 W System.err: 	at sun.nio.ch.DatagramChannelImpl.send(DatagramChannelImpl.java:550)
11-06 11:57:22.938  3427  3511 W System.err: 	at sun.nio.ch.DatagramChannelImpl.send(DatagramChannelImpl.java:514)
11-06 11:57:22.938  3427  3511 W System.err: 	at symlab.CloudAR.network.TransmissionTask.run(TransmissionTask.java:124)
11-06 11:57:22.938  3427  3511 W System.err: 	at android.os.Handler.handleCallback(Handler.java:907)
11-06 11:57:22.938  3427  3511 W System.err: 	at android.os.Handler.dispatchMessage(Handler.java:105)
11-06 11:57:22.938  3427  3511 W System.err: 	at android.os.Looper.loop(Looper.java:216)
11-06 11:57:22.938  3427  3511 W System.err: 	at android.os.HandlerThread.run(HandlerThread.java:65)
11-06 11:57:23.008  3427  3511 W System.err: java.net.SocketException: Message too long
11-06 11:57:23.008  3427  3511 W System.err: 	at sun.nio.ch.DatagramChannelImpl.send0(Native Method)
11-06 11:57:23.008  3427  3511 W System.err: 	at sun.nio.ch.DatagramChannelImpl.sendFromNativeBuffer(DatagramChannelImpl.java:573)
11-06 11:57:23.008  3427  3511 W System.err: 	at sun.nio.ch.DatagramChannelImpl.send(DatagramChannelImpl.java:550)
11-06 11:57:23.008  3427  3511 W System.err: 	at sun.nio.ch.DatagramChannelImpl.send(DatagramChannelImpl.java:514)
11-06 11:57:23.008  3427  3511 W System.err: 	at symlab.CloudAR.network.TransmissionTask.run(TransmissionTask.java:124)
11-06 11:57:23.008  3427  3511 W System.err: 	at android.os.Handler.handleCallback(Handler.java:907)
11-06 11:57:23.008  3427  3511 W System.err: 	at android.os.Handler.dispatchMessage(Handler.java:105)
11-06 11:57:23.008  3427  3511 W System.err: 	at android.os.Looper.loop(Looper.java:216)
11-06 11:57:23.008  3427  3511 W System.err: 	at android.os.HandlerThread.run(HandlerThread.java:65)
11-06 11:57:23.047  3427  3511 W System.err: java.net.SocketException: Message too long
11-06 11:57:23.047  3427  3511 W System.err: 	at sun.nio.ch.DatagramChannelImpl.send0(Native Method)
11-06 11:57:23.047  3427  3511 W System.err: 	at sun.nio.ch.DatagramChannelImpl.sendFromNativeBuffer(DatagramChannelImpl.java:573)
11-06 11:57:23.047  3427  3511 W System.err: 	at sun.nio.ch.DatagramChannelImpl.send(DatagramChannelImpl.java:550)
11-06 11:57:23.047  3427  3511 W System.err: 	at sun.nio.ch.DatagramChannelImpl.send(DatagramChannelImpl.java:514)
11-06 11:57:23.047  3427  3511 W System.err: 	at symlab.CloudAR.network.TransmissionTask.run(TransmissionTask.java:124)
11-06 11:57:23.047  3427  3511 W System.err: 	at android.os.Handler.handleCallback(Handler.java:907)
11-06 11:57:23.047  3427  3511 W System.err: 	at android.os.Handler.dispatchMessage(Handler.java:105)
11-06 11:57:23.047  3427  3511 W System.err: 	at android.os.Looper.loop(Looper.java:216)
11-06 11:57:23.047  3427  3511 W System.err: 	at android.os.HandlerThread.run(HandlerThread.java:65)
11-06 11:57:23.070  3427  3511 W System.err: java.net.SocketException: Message too long
11-06 11:57:23.070  3427  3511 W System.err: 	at sun.nio.ch.DatagramChannelImpl.send0(Native Method)
11-06 11:57:23.070  3427  3511 W System.err: 	at sun.nio.ch.DatagramChannelImpl.sendFromNativeBuffer(DatagramChannelImpl.java:573)
11-06 11:57:23.070  3427  3511 W System.err: 	at sun.nio.ch.DatagramChannelImpl.send(DatagramChannelImpl.java:550)
11-06 11:57:23.070  3427  3511 W System.err: 	at sun.nio.ch.DatagramChannelImpl.send(DatagramChannelImpl.java:514)
11-06 11:57:23.070  3427  3511 W System.err: 	at symlab.CloudAR.network.TransmissionTask.run(TransmissionTask.java:124)
11-06 11:57:23.070  3427  3511 W System.err: 	at android.os.Handler.handleCallback(Handler.java:907)
11-06 11:57:23.070  3427  3511 W System.err: 	at android.os.Handler.dispatchMessage(Handler.java:105)
11-06 11:57:23.070  3427  3511 W System.err: 	at android.os.Looper.loop(Looper.java:216)
11-06 11:57:23.070  3427  3511 W System.err: 	at android.os.HandlerThread.run(HandlerThread.java:65)
11-06 11:57:23.113  3427  3511 W System.err: java.net.SocketException: Message too long
11-06 11:57:23.113  3427  3511 W System.err: 	at sun.nio.ch.DatagramChannelImpl.send0(Native Method)
11-06 11:57:23.113  3427  3511 W System.err: 	at sun.nio.ch.DatagramChannelImpl.sendFromNativeBuffer(DatagramChannelImpl.java:573)
11-06 11:57:23.113  3427  3511 W System.err: 	at sun.nio.ch.DatagramChannelImpl.send(DatagramChannelImpl.java:550)
11-06 11:57:23.113  3427  3511 W System.err: 	at sun.nio.ch.DatagramChannelImpl.send(DatagramChannelImpl.java:514)
11-06 11:57:23.113  3427  3511 W System.err: 	at symlab.CloudAR.network.TransmissionTask.run(TransmissionTask.java:124)
11-06 11:57:23.113  3427  3511 W System.err: 	at android.os.Handler.handleCallback(Handler.java:907)
11-06 11:57:23.113  3427  3511 W System.err: 	at android.os.Handler.dispatchMessage(Handler.java:105)
11-06 11:57:23.113  3427  3511 W System.err: 	at android.os.Looper.loop(Looper.java:216)
11-06 11:57:23.113  3427  3511 W System.err: 	at android.os.HandlerThread.run(HandlerThread.java:65)
11-06 11:57:23.138  3427  3511 W System.err: java.net.SocketException: Message too long
11-06 11:57:23.138  3427  3511 W System.err: 	at sun.nio.ch.DatagramChannelImpl.send0(Native Method)
11-06 11:57:23.138  3427  3511 W System.err: 	at sun.nio.ch.DatagramChannelImpl.sendFromNativeBuffer(DatagramChannelImpl.java:573)
11-06 11:57:23.138  3427  3511 W System.err: 	at sun.nio.ch.DatagramChannelImpl.send(DatagramChannelImpl.java:550)
11-06 11:57:23.138  3427  3511 W System.err: 	at sun.nio.ch.DatagramChannelImpl.send(DatagramChannelImpl.java:514)
11-06 11:57:23.138  3427  3511 W System.err: 	at symlab.CloudAR.network.TransmissionTask.run(TransmissionTask.java:124)
11-06 11:57:23.138  3427  3511 W System.err: 	at android.os.Handler.handleCallback(Handler.java:907)
11-06 11:57:23.138  3427  3511 W System.err: 	at android.os.Handler.dispatchMessage(Handler.java:105)
11-06 11:57:23.138  3427  3511 W System.err: 	at android.os.Looper.loop(Looper.java:216)
11-06 11:57:23.138  3427  3511 W System.err: 	at android.os.HandlerThread.run(HandlerThread.java:65)
11-06 11:57:23.162  3427  3511 W System.err: java.net.SocketException: Message too long
11-06 11:57:23.162  3427  3511 W System.err: 	at sun.nio.ch.DatagramChannelImpl.send0(Native Method)
11-06 11:57:23.162  3427  3511 W System.err: 	at sun.nio.ch.DatagramChannelImpl.sendFromNativeBuffer(DatagramChannelImpl.java:573)
11-06 11:57:23.162  3427  3511 W System.err: 	at sun.nio.ch.DatagramChannelImpl.send(DatagramChannelImpl.java:550)
11-06 11:57:23.162  3427  3511 W System.err: 	at sun.nio.ch.DatagramChannelImpl.send(DatagramChannelImpl.java:514)
11-06 11:57:23.163  3427  3511 W System.err: 	at symlab.CloudAR.network.TransmissionTask.run(TransmissionTask.java:124)
11-06 11:57:23.163  3427  3511 W System.err: 	at android.os.Handler.handleCallback(Handler.java:907)
11-06 11:57:23.163  3427  3511 W System.err: 	at android.os.Handler.dispatchMessage(Handler.java:105)
11-06 11:57:23.163  3427  3511 W System.err: 	at android.os.Looper.loop(Looper.java:216)
11-06 11:57:23.163  3427  3511 W System.err: 	at android.os.HandlerThread.run(HandlerThread.java:65)
11-06 11:57:23.213  3427  3511 W System.err: java.net.SocketException: Message too long
11-06 11:57:23.213  3427  3511 W System.err: 	at sun.nio.ch.DatagramChannelImpl.send0(Native Method)
11-06 11:57:23.213  3427  3511 W System.err: 	at sun.nio.ch.DatagramChannelImpl.sendFromNativeBuffer(DatagramChannelImpl.java:573)
11-06 11:57:23.213  3427  3511 W System.err: 	at sun.nio.ch.DatagramChannelImpl.send(DatagramChannelImpl.java:550)
11-06 11:57:23.213  3427  3511 W System.err: 	at sun.nio.ch.DatagramChannelImpl.send(DatagramChannelImpl.java:514)
11-06 11:57:23.213  3427  3511 W System.err: 	at symlab.CloudAR.network.TransmissionTask.run(TransmissionTask.java:124)
11-06 11:57:23.213  3427  3511 W System.err: 	at android.os.Handler.handleCallback(Handler.java:907)
11-06 11:57:23.213  3427  3511 W System.err: 	at android.os.Handler.dispatchMessage(Handler.java:105)
11-06 11:57:23.213  3427  3511 W System.err: 	at android.os.Looper.loop(Looper.java:216)
11-06 11:57:23.213  3427  3511 W System.err: 	at android.os.HandlerThread.run(HandlerThread.java:65)
11-06 11:57:23.250  3427  3511 W System.err: java.net.SocketException: Message too long
11-06 11:57:23.250  3427  3511 W System.err: 	at sun.nio.ch.DatagramChannelImpl.send0(Native Method)
11-06 11:57:23.250  3427  3511 W System.err: 	at sun.nio.ch.DatagramChannelImpl.sendFromNativeBuffer(DatagramChannelImpl.java:573)
11-06 11:57:23.251  3427  3511 W System.err: 	at sun.nio.ch.DatagramChannelImpl.send(DatagramChannelImpl.java:550)
11-06 11:57:23.251  3427  3511 W System.err: 	at sun.nio.ch.DatagramChannelImpl.send(DatagramChannelImpl.java:514)
11-06 11:57:23.251  3427  3511 W System.err: 	at symlab.CloudAR.network.TransmissionTask.run(TransmissionTask.java:124)
11-06 11:57:23.251  3427  3511 W System.err: 	at android.os.Handler.handleCallback(Handler.java:907)
11-06 11:57:23.251  3427  3511 W System.err: 	at android.os.Handler.dispatchMessage(Handler.java:105)
11-06 11:57:23.251  3427  3511 W System.err: 	at android.os.Looper.loop(Looper.java:216)
11-06 11:57:23.251  3427  3511 W System.err: 	at android.os.HandlerThread.run(HandlerThread.java:65)
11-06 11:57:23.276  3427  3511 W System.err: java.net.SocketException: Message too long
11-06 11:57:23.277  3427  3511 W System.err: 	at sun.nio.ch.DatagramChannelImpl.send0(Native Method)
11-06 11:57:23.277  3427  3511 W System.err: 	at sun.nio.ch.DatagramChannelImpl.sendFromNativeBuffer(DatagramChannelImpl.java:573)
11-06 11:57:23.277  3427  3511 W System.err: 	at sun.nio.ch.DatagramChannelImpl.send(DatagramChannelImpl.java:550)
11-06 11:57:23.277  3427  3511 W System.err: 	at sun.nio.ch.DatagramChannelImpl.send(DatagramChannelImpl.java:514)
11-06 11:57:23.277  3427  3511 W System.err: 	at symlab.CloudAR.network.TransmissionTask.run(TransmissionTask.java:124)
11-06 11:57:23.277  3427  3511 W System.err: 	at android.os.Handler.handleCallback(Handler.java:907)
11-06 11:57:23.277  3427  3511 W System.err: 	at android.os.Handler.dispatchMessage(Handler.java:105)
11-06 11:57:23.277  3427  3511 W System.err: 	at android.os.Looper.loop(Looper.java:216)
11-06 11:57:23.277  3427  3511 W System.err: 	at android.os.HandlerThread.run(HandlerThread.java:65)
11-06 11:57:23.308  3427  3511 D Evaluation: Frame 401 sent at 1573034243308
11-06 11:57:23.338  3427  3511 D Evaluation: Frame 402 sent at 1573034243337
11-06 11:57:23.373  3427  3511 D Evaluation: Frame 403 sent at 1573034243373
11-06 11:57:23.415  3427  3511 D Evaluation: Frame 404 sent at 1573034243415
11-06 11:57:23.441  3427  3511 D Evaluation: Frame 405 sent at 1573034243441
11-06 11:57:23.479  3427  3511 D Evaluation: Frame 406 sent at 1573034243479
11-06 11:57:23.513  3427  3511 D Evaluation: Frame 407 sent at 1573034243513
11-06 11:57:23.544  3427  3427 D Poster  : At 1573034243544 location is 65.05668158130891 (latitude), and 25.480460322128454 (longitude)
11-06 11:57:23.546  3427  3427 D Poster  : Connected to mobile network 20
11-06 11:57:23.550  3427  3511 D Evaluation: Frame 408 sent at 1573034243550
11-06 11:57:23.583  3427  3462 E         : [ZeroHung]zrhung_get_config: Get config failed for wp[0x0008]
11-06 11:57:23.584  3427  3511 D Evaluation: Frame 409 sent at 1573034243584
11-06 11:57:23.586  3427  3511 D Evaluation: 0 res for frame 401 received at 1573034243586
11-06 11:57:23.606  3427  3511 D Evaluation: Frame 410 sent at 1573034243606
11-06 11:57:23.610  3427  3460 W System  : A resource failed to call close. 
11-06 11:57:23.611  3427  3460 W System  : A resource failed to call close. 
11-06 11:57:23.611  3427  3460 W System  : A resource failed to call close. 
11-06 11:57:23.611  3427  3460 W System  : A resource failed to call close. 
11-06 11:57:23.636  3427  3511 D Evaluation: Frame 411 sent at 1573034243635
11-06 11:57:23.679  3427  3511 D Evaluation: Frame 412 sent at 1573034243679
11-06 11:57:23.715  3427  3511 D Evaluation: Frame 413 sent at 1573034243715
11-06 11:57:23.752  3427  3511 D Evaluation: Frame 414 sent at 1573034243752
11-06 11:57:23.777  3427  3511 D Evaluation: Frame 415 sent at 1573034243777
11-06 11:57:23.810  3427  3511 D Evaluation: Frame 416 sent at 1573034243810
11-06 11:57:23.812  3427  3511 D Evaluation: 0 res for frame 402 received at 1573034243812
11-06 11:57:23.846  3427  3511 D Evaluation: Frame 417 sent at 1573034243846
11-06 11:57:23.868  3427  3511 D Evaluation: Frame 418 sent at 1573034243868
11-06 11:57:23.908  3427  3511 D Evaluation: Frame 419 sent at 1573034243908
11-06 11:57:23.937  3427  3511 D Evaluation: Frame 420 sent at 1573034243937
11-06 11:57:23.981  3427  3511 D Evaluation: Frame 421 sent at 1573034243981
11-06 11:57:24.016  3427  3511 D Evaluation: Frame 422 sent at 1573034244016
11-06 11:57:24.042  3427  3511 D Evaluation: Frame 423 sent at 1573034244042
11-06 11:57:24.076  3427  3511 D Evaluation: Frame 424 sent at 1573034244076
11-06 11:57:24.125  3427  3511 D Evaluation: Frame 426 sent at 1573034244125
11-06 11:57:24.149  3427  3511 D Evaluation: Frame 426 sent at 1573034244149
11-06 11:57:24.187  3427  3511 D Evaluation: Frame 427 sent at 1573034244187
11-06 11:57:24.215  3427  3511 D Evaluation: Frame 428 sent at 1573034244214
11-06 11:57:24.259  3427  3511 D Evaluation: Frame 430 sent at 1573034244259
11-06 11:57:24.283  3427  3511 D Evaluation: Frame 430 sent at 1573034244283
11-06 11:57:24.313  3427  3511 D Evaluation: Frame 431 sent at 1573034244313
11-06 11:57:24.352  3427  3511 D Evaluation: Frame 432 sent at 1573034244352
11-06 11:57:24.389  3427  3511 D Evaluation: Frame 433 sent at 1573034244389
11-06 11:57:24.415  3427  3511 D Evaluation: Frame 434 sent at 1573034244415
11-06 11:57:24.494  3427  3511 D Evaluation: Frame 435 sent at 1573034244494
11-06 11:57:24.518  3427  3511 D Evaluation: Frame 436 sent at 1573034244518
11-06 11:57:24.545  3427  3427 D Poster  : At 1573034244545 location is 65.05668307076942 (latitude), and 25.48045901090933 (longitude)
11-06 11:57:24.545  3427  3511 D Evaluation: Frame 437 sent at 1573034244545
11-06 11:57:24.549  3427  3427 D Poster  : Connected to mobile network 20
11-06 11:57:24.578  3427  3511 D Evaluation: Frame 438 sent at 1573034244578
11-06 11:57:24.614  3427  3511 D Evaluation: Frame 439 sent at 1573034244614
11-06 11:57:24.661  3427  3511 D Evaluation: Frame 441 sent at 1573034244661
11-06 11:57:24.685  3427  3511 D Evaluation: Frame 441 sent at 1573034244685
11-06 11:57:24.722  3427  3511 D Evaluation: Frame 442 sent at 1573034244722
11-06 11:57:24.750  3427  3511 D Evaluation: Frame 443 sent at 1573034244750
11-06 11:57:24.833  3427  3511 D Evaluation: Frame 444 sent at 1573034244833
11-06 11:57:24.870  3427  3511 D Evaluation: Frame 446 sent at 1573034244870
11-06 11:57:24.892  3427  3511 D Evaluation: Frame 446 sent at 1573034244892
11-06 11:57:24.951  3427  3511 D Evaluation: Frame 447 sent at 1573034244951
11-06 11:57:24.986  3427  3511 D Evaluation: Frame 448 sent at 1573034244986
11-06 11:57:25.014  3427  3511 D Evaluation: Frame 449 sent at 1573034245014
11-06 11:57:25.068  3427  3511 D Evaluation: Frame 451 sent at 1573034245068
11-06 11:57:25.089  3427  3511 D Evaluation: Frame 451 sent at 1573034245089
11-06 11:57:25.126  3427  3462 E         : [ZeroHung]zrhung_get_config: Get config failed for wp[0x0008]
11-06 11:57:25.126  3427  3511 D Evaluation: Frame 452 sent at 1573034245126
11-06 11:57:25.147  3427  3460 W System  : A resource failed to call close. 
11-06 11:57:25.147  3427  3460 W System  : A resource failed to call close. 
11-06 11:57:25.154  3427  3511 D Evaluation: Frame 453 sent at 1573034245154
11-06 11:57:25.192  3427  3511 D Evaluation: Frame 454 sent at 1573034245191
11-06 11:57:25.220  3427  3511 D Evaluation: Frame 455 sent at 1573034245220
11-06 11:57:25.297  3427  3511 D Evaluation: Frame 456 sent at 1573034245296
11-06 11:57:25.333  3427  3511 D Evaluation: Frame 457 sent at 1573034245333
11-06 11:57:25.355  3427  3511 D Evaluation: Frame 458 sent at 1573034245355
11-06 11:57:25.395  3427  3511 D Evaluation: Frame 459 sent at 1573034245395
11-06 11:57:25.419  3427  3511 D Evaluation: Frame 460 sent at 1573034245419
11-06 11:57:25.459  3427  3511 D Evaluation: Frame 461 sent at 1573034245459
11-06 11:57:25.488  3427  3511 D Evaluation: Frame 462 sent at 1573034245488
11-06 11:57:25.517  3427  3511 D Evaluation: Frame 463 sent at 1573034245517
11-06 11:57:25.546  3427  3427 D Poster  : At 1573034245546 location is 65.05668396359074 (latitude), and 25.480456310801237 (longitude)
11-06 11:57:25.548  3427  3427 D Poster  : Connected to mobile network 20
11-06 11:57:25.565  3427  3511 D Evaluation: Frame 465 sent at 1573034245565
11-06 11:57:25.583  3427  3511 D Evaluation: Frame 465 sent at 1573034245583
11-06 11:57:25.619  3427  3511 D Evaluation: Frame 466 sent at 1573034245619
11-06 11:57:25.662  3427  3511 D Evaluation: Frame 467 sent at 1573034245662
11-06 11:57:25.731  3427  3511 D Evaluation: Frame 468 sent at 1573034245731
11-06 11:57:25.762  3427  3511 D Evaluation: Frame 469 sent at 1573034245762
11-06 11:57:25.794  3427  3511 D Evaluation: Frame 470 sent at 1573034245793
11-06 11:57:25.830  3427  3511 D Evaluation: Frame 471 sent at 1573034245830
11-06 11:57:25.859  3427  3511 D Evaluation: Frame 472 sent at 1573034245859
11-06 11:57:25.898  3427  3511 D Evaluation: Frame 473 sent at 1573034245898
11-06 11:57:25.932  3427  3511 D Evaluation: Frame 474 sent at 1573034245932
11-06 11:57:25.966  3427  3511 D Evaluation: Frame 475 sent at 1573034245966
11-06 11:57:26.007  3427  3511 D Evaluation: Frame 477 sent at 1573034246007
11-06 11:57:26.026  3427  3511 D Evaluation: Frame 477 sent at 1573034246026
11-06 11:57:26.063  3427  3511 D Evaluation: Frame 478 sent at 1573034246063
11-06 11:57:26.088  3427  3511 D Evaluation: Frame 479 sent at 1573034246088
11-06 11:57:26.132  3427  3511 D Evaluation: Frame 480 sent at 1573034246132
11-06 11:57:26.166  3427  3511 D Evaluation: Frame 481 sent at 1573034246166
11-06 11:57:26.202  3427  3511 D Evaluation: Frame 482 sent at 1573034246202
11-06 11:57:26.228  3427  3511 D Evaluation: Frame 483 sent at 1573034246228
11-06 11:57:26.270  3427  3511 D Evaluation: Frame 484 sent at 1573034246270
11-06 11:57:26.298  3427  3511 D Evaluation: Frame 485 sent at 1573034246298
11-06 11:57:26.374  3427  3511 D Evaluation: Frame 486 sent at 1573034246374
11-06 11:57:26.413  3427  3511 D Evaluation: Frame 488 sent at 1573034246413
11-06 11:57:26.437  3427  3511 D Evaluation: Frame 488 sent at 1573034246437
11-06 11:57:26.473  3427  3511 D Evaluation: Frame 490 sent at 1573034246473
11-06 11:57:26.497  3427  3511 D Evaluation: Frame 490 sent at 1573034246497
11-06 11:57:26.540  3427  3511 D Evaluation: Frame 491 sent at 1573034246540
11-06 11:57:26.560  3427  3427 D Poster  : At 1573034246559 location is 65.0566843874656 (latitude), and 25.48045473486373 (longitude)
11-06 11:57:26.561  3427  3427 D Poster  : Connected to mobile network 20
11-06 11:57:26.567  3427  3511 D Evaluation: Frame 492 sent at 1573034246567
11-06 11:57:26.605  3427  3511 D Evaluation: Frame 493 sent at 1573034246605
11-06 11:57:26.628  3427  3462 E         : [ZeroHung]zrhung_get_config: Get config failed for wp[0x0008]
11-06 11:57:26.628  3427  3511 D Evaluation: Frame 494 sent at 1573034246628
11-06 11:57:26.715  3427  3511 D Evaluation: Frame 495 sent at 1573034246715
11-06 11:57:26.741  3427  3511 D Evaluation: Frame 496 sent at 1573034246741
11-06 11:57:26.768  3427  3511 D Evaluation: Frame 497 sent at 1573034246767
11-06 11:57:26.809  3427  3511 D Evaluation: Frame 498 sent at 1573034246809
11-06 11:57:26.835  3427  3511 D Evaluation: Frame 499 sent at 1573034246835
11-06 11:57:26.913  3427  3511 D Evaluation: Frame 500 sent at 1573034246913
11-06 11:57:26.952  3427  3511 D Evaluation: Frame 502 sent at 1573034246952
11-06 11:57:26.975  3427  3511 D Evaluation: Frame 502 sent at 1573034246975
11-06 11:57:27.006  3427  3511 D Evaluation: Frame 503 sent at 1573034247006
11-06 11:57:27.034  3427  3511 D Evaluation: Frame 504 sent at 1573034247034
11-06 11:57:27.079  3427  3511 D Evaluation: Frame 505 sent at 1573034247079
11-06 11:57:27.106  3427  3511 D Evaluation: Frame 506 sent at 1573034247106
11-06 11:57:27.134  3427  3511 D Evaluation: Frame 507 sent at 1573034247134
11-06 11:57:27.173  3427  3511 D Evaluation: Frame 508 sent at 1573034247173
11-06 11:57:27.210  3427  3511 D Evaluation: Frame 509 sent at 1573034247210
11-06 11:57:27.236  3427  3511 D Evaluation: Frame 510 sent at 1573034247236
11-06 11:57:27.280  3427  3511 D Evaluation: Frame 511 sent at 1573034247280
11-06 11:57:27.304  3427  3511 D Evaluation: Frame 512 sent at 1573034247304
11-06 11:57:27.346  3427  3511 D Evaluation: Frame 513 sent at 1573034247346
11-06 11:57:27.371  3427  3511 D Evaluation: Frame 514 sent at 1573034247371
11-06 11:57:27.414  3427  3511 D Evaluation: Frame 516 sent at 1573034247414
11-06 11:57:27.437  3427  3511 D Evaluation: Frame 516 sent at 1573034247437
11-06 11:57:27.483  3427  3511 D Evaluation: Frame 517 sent at 1573034247483
11-06 11:57:27.550  3427  3511 D Evaluation: Frame 518 sent at 1573034247550
11-06 11:57:27.555  3427  3427 D Poster  : At 1573034247553 location is 65.0566866867307 (latitude), and 25.480449664850706 (longitude)
11-06 11:57:27.557  3427  3427 D Poster  : Connected to mobile network 20
11-06 11:57:27.575  3427  3511 D Evaluation: Frame 519 sent at 1573034247575
11-06 11:57:27.610  3427  3511 D Evaluation: Frame 520 sent at 1573034247610
11-06 11:57:27.638  3427  3511 D Evaluation: Frame 521 sent at 1573034247638
11-06 11:57:27.685  3427  3511 D Evaluation: Frame 522 sent at 1573034247685
11-06 11:57:27.707  3427  3511 D Evaluation: Frame 523 sent at 1573034247707
11-06 11:57:27.745  3427  3511 D Evaluation: Frame 524 sent at 1573034247745
11-06 11:57:27.769  3427  3511 D Evaluation: Frame 525 sent at 1573034247769
11-06 11:57:27.814  3427  3511 D Evaluation: Frame 526 sent at 1573034247813
11-06 11:57:27.850  3427  3511 D Evaluation: Frame 527 sent at 1573034247850
11-06 11:57:27.881  3427  3511 D Evaluation: Frame 528 sent at 1573034247881
11-06 11:57:27.910  3427  3511 D Evaluation: Frame 529 sent at 1573034247910
11-06 11:57:27.950  3427  3511 D Evaluation: Frame 530 sent at 1573034247950
11-06 11:57:27.974  3427  3511 D Evaluation: Frame 531 sent at 1573034247974
11-06 11:57:28.016  3427  3511 D Evaluation: Frame 532 sent at 1573034248016
11-06 11:57:28.039  3427  3511 D Evaluation: Frame 533 sent at 1573034248039
11-06 11:57:28.076  3427  3511 D Evaluation: Frame 534 sent at 1573034248076
11-06 11:57:28.116  3427  3511 D Evaluation: Frame 535 sent at 1573034248116
11-06 11:57:28.150  3427  3511 D Evaluation: Frame 536 sent at 1573034248150
11-06 11:57:28.186  3427  3511 D Evaluation: Frame 537 sent at 1573034248186
11-06 11:57:28.252  3427  3511 D Evaluation: Frame 538 sent at 1573034248251
