11-05 11:05:41.818 14235 14269 D Evaluation: Frame 953 sent at 1572944741818
11-05 11:05:41.852 14235 14269 D Evaluation: Frame 954 sent at 1572944741852
11-05 11:05:41.884 14235 14269 D Evaluation: Frame 955 sent at 1572944741884
11-05 11:05:41.914 14235 14269 D Evaluation: Frame 956 sent at 1572944741914
11-05 11:05:41.952 14235 14269 D Evaluation: Frame 957 sent at 1572944741952
11-05 11:05:41.972 14235 14269 D Evaluation: Frame 958 sent at 1572944741972
11-05 11:05:42.017 14235 14269 D Evaluation: Frame 959 sent at 1572944742017
11-05 11:05:42.054 14235 14269 D Evaluation: Frame 960 sent at 1572944742054
11-05 11:05:42.089 14235 14269 D Evaluation: Frame 961 sent at 1572944742089
11-05 11:05:42.119 14235 14269 D Evaluation: Frame 962 sent at 1572944742119
11-05 11:05:42.162 14235 14269 D Evaluation: Frame 963 sent at 1572944742162
11-05 11:05:42.194 14235 14269 D Evaluation: Frame 964 sent at 1572944742194
11-05 11:05:42.224 14235 14269 D Evaluation: Frame 966 sent at 1572944742224
11-05 11:05:42.242 14235 14269 D Evaluation: Frame 966 sent at 1572944742242
11-05 11:05:42.286 14235 14269 D Evaluation: Frame 967 sent at 1572944742286
11-05 11:05:42.316 14235 14269 D Evaluation: Frame 968 sent at 1572944742316
11-05 11:05:42.358 14235 14269 D Evaluation: Frame 969 sent at 1572944742358
11-05 11:05:42.395 14235 14269 D Evaluation: Frame 970 sent at 1572944742395
11-05 11:05:42.432 14235 14269 D Evaluation: Frame 971 sent at 1572944742432
11-05 11:05:42.466 14235 14269 D Evaluation: Frame 973 sent at 1572944742466
11-05 11:05:42.488 14235 14269 D Evaluation: Frame 973 sent at 1572944742488
11-05 11:05:42.521 14235 14247 E         : [ZeroHung]zrhung_get_config: Get config failed for wp[0x0008]
11-05 11:05:42.522 14235 14269 D Evaluation: Frame 974 sent at 1572944742522
11-05 11:05:42.559 14235 14269 D Evaluation: Frame 975 sent at 1572944742559
11-05 11:05:42.598 14235 14269 D Evaluation: Frame 976 sent at 1572944742598
11-05 11:05:42.625 14235 14269 D Evaluation: Frame 977 sent at 1572944742625
11-05 11:05:42.663 14235 14269 D Evaluation: Frame 978 sent at 1572944742663
11-05 11:05:42.703 14235 14269 D Evaluation: Frame 979 sent at 1572944742703
11-05 11:05:42.725 14235 14269 D Evaluation: Frame 980 sent at 1572944742725
11-05 11:05:42.755 14235 14269 D Evaluation: Frame 981 sent at 1572944742755
11-05 11:05:42.803 14235 14269 D Evaluation: Frame 982 sent at 1572944742803
11-05 11:05:42.840 14235 14269 D Evaluation: Frame 983 sent at 1572944742839
11-05 11:05:42.863 14235 14269 D Evaluation: Frame 984 sent at 1572944742863
11-05 11:05:42.893 14235 14269 D Evaluation: Frame 985 sent at 1572944742893
11-05 11:05:42.921 14235 14269 D Evaluation: Frame 986 sent at 1572944742920
11-05 11:05:42.965 14235 14269 D Evaluation: Frame 987 sent at 1572944742965
11-05 11:05:43.004 14235 14269 D Evaluation: Frame 989 sent at 1572944743004
11-05 11:05:43.024 14235 14269 D Evaluation: Frame 989 sent at 1572944743024
11-05 11:05:43.050 14235 14269 D Evaluation: Frame 990 sent at 1572944743050
11-05 11:05:43.094 14235 14269 D Evaluation: Frame 991 sent at 1572944743094
11-05 11:05:43.127 14235 14269 D Evaluation: Frame 992 sent at 1572944743127
11-05 11:05:43.170 14235 14269 D Evaluation: Frame 993 sent at 1572944743170
11-05 11:05:43.206 14235 14269 D Evaluation: Frame 994 sent at 1572944743206
11-05 11:05:43.224 14235 14269 D Evaluation: Frame 995 sent at 1572944743224
11-05 11:05:43.254 14235 14269 D Evaluation: Frame 996 sent at 1572944743254
11-05 11:05:43.347 14235 14269 D Evaluation: Frame 997 sent at 1572944743347
11-05 11:05:43.381 14235 14269 D Evaluation: Frame 999 sent at 1572944743381
11-05 11:05:43.409 14235 14269 D Evaluation: Frame 999 sent at 1572944743409
11-05 11:05:43.436 14235 14269 D Evaluation: Frame 1000 sent at 1572944743436
11-05 11:05:43.456 14235 14269 D Evaluation: Frame 1001 sent at 1572944743456
11-05 11:05:43.499 14235 14269 D Evaluation: Frame 1002 sent at 1572944743499
11-05 11:05:43.531 14235 14269 D Evaluation: Frame 1003 sent at 1572944743531
11-05 11:05:43.564 14235 14269 D Evaluation: Frame 1004 sent at 1572944743564
11-05 11:05:43.603 14235 14269 D Evaluation: Frame 1005 sent at 1572944743603
11-05 11:05:43.634 14235 14269 D Evaluation: Frame 1006 sent at 1572944743634
11-05 11:05:43.667 14235 14269 D Evaluation: Frame 1007 sent at 1572944743667
11-05 11:05:43.693 14235 14269 D Evaluation: Frame 1008 sent at 1572944743693
11-05 11:05:43.735 14235 14269 D Evaluation: Frame 1009 sent at 1572944743735
11-05 11:05:43.773 14235 14269 D Evaluation: Frame 1010 sent at 1572944743772
11-05 11:05:43.800 14235 14269 D Evaluation: Frame 1011 sent at 1572944743800
11-05 11:05:43.846 14235 14269 D Evaluation: Frame 1013 sent at 1572944743846
11-05 11:05:43.866 14235 14269 D Evaluation: Frame 1013 sent at 1572944743866
11-05 11:05:43.897 14235 14269 D Evaluation: Frame 1014 sent at 1572944743897
11-05 11:05:43.933 14235 14269 D Evaluation: Frame 1015 sent at 1572944743933
11-05 11:05:43.966 14235 14269 D Evaluation: Frame 1016 sent at 1572944743966
11-05 11:05:43.992 14235 14269 D Evaluation: Frame 1017 sent at 1572944743992
11-05 11:05:44.031 14235 14269 D Evaluation: Frame 1018 sent at 1572944744031
11-05 11:05:44.071 14235 14269 D Evaluation: Frame 1019 sent at 1572944744071
11-05 11:05:44.098 14235 14269 D Evaluation: Frame 1020 sent at 1572944744098
11-05 11:05:44.126 14235 14269 D Evaluation: Frame 1021 sent at 1572944744126
11-05 11:05:44.156 14235 14247 E         : [ZeroHung]zrhung_get_config: Get config failed for wp[0x0008]
11-05 11:05:44.156 14235 14269 D Evaluation: Frame 1022 sent at 1572944744156
11-05 11:05:44.201 14235 14269 D Evaluation: Frame 1023 sent at 1572944744201
11-05 11:05:44.242 14235 14269 D Evaluation: Frame 1024 sent at 1572944744242
11-05 11:05:44.269 14235 14269 D Evaluation: Frame 1025 sent at 1572944744269
11-05 11:05:44.310 14235 14269 D Evaluation: Frame 1026 sent at 1572944744310
11-05 11:05:44.339 14235 14269 D Evaluation: Frame 1027 sent at 1572944744339
11-05 11:05:44.378 14235 14269 D Evaluation: Frame 1028 sent at 1572944744377
11-05 11:05:44.416 14235 14269 D Evaluation: Frame 1029 sent at 1572944744416
11-05 11:05:44.449 14235 14269 D Evaluation: Frame 1030 sent at 1572944744449
11-05 11:05:44.475 14235 14269 D Evaluation: Frame 1031 sent at 1572944744475
11-05 11:05:44.506 14235 14269 D Evaluation: Frame 1032 sent at 1572944744506
11-05 11:05:44.546 14235 14269 D Evaluation: Frame 1033 sent at 1572944744546
11-05 11:05:44.571 14235 14269 D Evaluation: Frame 1034 sent at 1572944744571
11-05 11:05:44.599 14235 14269 D Evaluation: Frame 1035 sent at 1572944744599
11-05 11:05:44.645 14235 14269 D Evaluation: Frame 1036 sent at 1572944744645
11-05 11:05:44.672 14235 14269 D Evaluation: Frame 1037 sent at 1572944744672
11-05 11:05:44.712 14235 14269 D Evaluation: Frame 1038 sent at 1572944744712
11-05 11:05:44.736 14235 14269 D Evaluation: Frame 1039 sent at 1572944744736
11-05 11:05:44.778 14235 14269 D Evaluation: Frame 1041 sent at 1572944744778
11-05 11:05:44.798 14235 14269 D Evaluation: Frame 1041 sent at 1572944744798
11-05 11:05:44.858 14235 14269 D Evaluation: Frame 1042 sent at 1572944744858
11-05 11:05:44.885 14235 14269 D Evaluation: Frame 1043 sent at 1572944744885
11-05 11:05:44.914 14235 14269 D Evaluation: Frame 1045 sent at 1572944744914
11-05 11:05:44.931 14235 14269 D Evaluation: Frame 1045 sent at 1572944744931
11-05 11:05:44.968 14235 14269 D Evaluation: Frame 1046 sent at 1572944744968
11-05 11:05:45.011 14235 14269 D Evaluation: Frame 1047 sent at 1572944745011
11-05 11:05:45.045 14235 14269 D Evaluation: Frame 1048 sent at 1572944745045
11-05 11:05:45.076 14235 14269 D Evaluation: Frame 1049 sent at 1572944745076
11-05 11:05:45.115 14235 14269 D Evaluation: Frame 1050 sent at 1572944745115
11-05 11:05:45.152 14235 14269 D Evaluation: Frame 1051 sent at 1572944745152
11-05 11:05:45.182 14235 14269 D Evaluation: Frame 1052 sent at 1572944745182
11-05 11:05:45.210 14235 14269 D Evaluation: Frame 1053 sent at 1572944745210
11-05 11:05:45.251 14235 14269 D Evaluation: Frame 1055 sent at 1572944745251
11-05 11:05:45.270 14235 14269 D Evaluation: Frame 1055 sent at 1572944745270
11-05 11:05:45.310 14235 14269 D Evaluation: Frame 1056 sent at 1572944745310
11-05 11:05:45.345 14235 14269 D Evaluation: Frame 1057 sent at 1572944745345
11-05 11:05:45.375 14235 14269 D Evaluation: Frame 1058 sent at 1572944745375
11-05 11:05:45.415 14235 14269 D Evaluation: Frame 1059 sent at 1572944745415
11-05 11:05:45.448 14235 14269 D Evaluation: Frame 1060 sent at 1572944745448
11-05 11:05:45.476 14235 14269 D Evaluation: Frame 1061 sent at 1572944745476
11-05 11:05:45.512 14235 14269 D Evaluation: Frame 1062 sent at 1572944745512
11-05 11:05:45.550 14235 14269 D Evaluation: Frame 1063 sent at 1572944745550
11-05 11:05:45.592 14235 14269 D Evaluation: Frame 1064 sent at 1572944745591
11-05 11:05:45.618 14235 14269 D Evaluation: Frame 1065 sent at 1572944745618
11-05 11:05:45.655 14235 14269 D Evaluation: Frame 1066 sent at 1572944745655
11-05 11:05:45.679 14235 14269 D Evaluation: Frame 1067 sent at 1572944745679
11-05 11:05:45.723 14235 14269 D Evaluation: Frame 1068 sent at 1572944745723
11-05 11:05:45.747 14235 14269 D Evaluation: Frame 1069 sent at 1572944745747
11-05 11:05:45.772 14235 14269 D Evaluation: Frame 1070 sent at 1572944745772
11-05 11:05:45.818 14235 14247 E         : [ZeroHung]zrhung_get_config: Get config failed for wp[0x0008]
11-05 11:05:45.818 14235 14269 D Evaluation: Frame 1071 sent at 1572944745818
11-05 11:05:45.859 14235 14269 D Evaluation: Frame 1072 sent at 1572944745859
11-05 11:05:45.890 14235 14269 D Evaluation: Frame 1073 sent at 1572944745890
11-05 11:05:45.921 14235 14269 D Evaluation: Frame 1075 sent at 1572944745921
11-05 11:05:45.945 14235 14269 D Evaluation: Frame 1075 sent at 1572944745945
11-05 11:05:45.978 14235 14269 D Evaluation: Frame 1076 sent at 1572944745977
11-05 11:05:46.020 14235 14269 D Evaluation: Frame 1077 sent at 1572944746020
11-05 11:05:46.056 14235 14269 D Evaluation: Frame 1078 sent at 1572944746056
11-05 11:05:46.097 14235 14269 D Evaluation: Frame 1079 sent at 1572944746097
11-05 11:05:46.128 14235 14269 D Evaluation: Frame 1080 sent at 1572944746128
11-05 11:05:46.155 14235 14269 D Evaluation: Frame 1081 sent at 1572944746155
11-05 11:05:46.198 14235 14269 D Evaluation: Frame 1083 sent at 1572944746198
11-05 11:05:46.221 14235 14269 D Evaluation: Frame 1083 sent at 1572944746221
11-05 11:05:46.252 14235 14269 D Evaluation: Frame 1084 sent at 1572944746252
11-05 11:05:46.279 14235 14269 D Evaluation: Frame 1085 sent at 1572944746279
11-05 11:05:46.319 14235 14269 D Evaluation: Frame 1086 sent at 1572944746319
11-05 11:05:46.358 14235 14269 D Evaluation: Frame 1087 sent at 1572944746358
11-05 11:05:46.392 14235 14269 D Evaluation: Frame 1088 sent at 1572944746392
11-05 11:05:46.426 14235 14269 D Evaluation: Frame 1089 sent at 1572944746426
11-05 11:05:46.458 14235 14269 D Evaluation: Frame 1090 sent at 1572944746458
11-05 11:05:46.486 14235 14269 D Evaluation: Frame 1091 sent at 1572944746486
11-05 11:05:46.524 14235 14269 D Evaluation: Frame 1092 sent at 1572944746524
11-05 11:05:46.554 14235 14269 D Evaluation: Frame 1093 sent at 1572944746554
11-05 11:05:46.587 14235 14269 D Evaluation: Frame 1094 sent at 1572944746587
11-05 11:05:46.612 14235 14269 D Evaluation: Frame 1095 sent at 1572944746612
11-05 11:05:46.658 14235 14269 D Evaluation: Frame 1097 sent at 1572944746658
11-05 11:05:46.679 14235 14269 D Evaluation: Frame 1097 sent at 1572944746679
11-05 11:05:46.721 14235 14269 D Evaluation: Frame 1098 sent at 1572944746721
11-05 11:05:46.761 14235 14269 D Evaluation: Frame 1100 sent at 1572944746761
11-05 11:05:46.783 14235 14269 D Evaluation: Frame 1100 sent at 1572944746783
11-05 11:05:46.828 14235 14269 D Evaluation: Frame 1101 sent at 1572944746828
11-05 11:05:46.858 14235 14269 D Evaluation: Frame 1102 sent at 1572944746858
11-05 11:05:46.902 14235 14269 D Evaluation: Frame 1103 sent at 1572944746902
11-05 11:05:46.969 14235 14269 D Evaluation: Frame 1104 sent at 1572944746969
11-05 11:05:47.005 14235 14269 D Evaluation: Frame 1105 sent at 1572944747005
11-05 11:05:47.061 14235 14269 D Evaluation: Frame 1106 sent at 1572944747061
11-05 11:05:47.103 14235 14269 D Evaluation: Frame 1108 sent at 1572944747103
11-05 11:05:47.131 14235 14269 D Evaluation: Frame 1108 sent at 1572944747131
11-05 11:05:47.163 14235 14269 D Evaluation: Frame 1109 sent at 1572944747163
11-05 11:05:47.198 14235 14269 D Evaluation: Frame 1110 sent at 1572944747198
11-05 11:05:47.228 14235 14269 D Evaluation: Frame 1111 sent at 1572944747228
11-05 11:05:47.258 14235 14269 D Evaluation: Frame 1112 sent at 1572944747258
11-05 11:05:47.294 14235 14269 D Evaluation: Frame 1113 sent at 1572944747294
11-05 11:05:47.334 14235 14269 D Evaluation: Frame 1114 sent at 1572944747334
11-05 11:05:47.364 14235 14269 D Evaluation: Frame 1115 sent at 1572944747364
11-05 11:05:47.393 14235 14269 D Evaluation: Frame 1116 sent at 1572944747393
11-05 11:05:47.394 14235 14247 E         : [ZeroHung]zrhung_get_config: Get config failed for wp[0x0008]
11-05 11:05:47.439 14235 14269 D Evaluation: Frame 1118 sent at 1572944747439
11-05 11:05:47.462 14235 14269 D Evaluation: Frame 1118 sent at 1572944747462
11-05 11:05:47.496 14235 14269 D Evaluation: Frame 1119 sent at 1572944747496
11-05 11:05:47.531 14235 14269 D Evaluation: Frame 1120 sent at 1572944747531
11-05 11:05:47.575 14235 14269 D Evaluation: Frame 1121 sent at 1572944747575
11-05 11:05:47.603 14235 14269 D Evaluation: Frame 1123 sent at 1572944747603
11-05 11:05:47.627 14235 14269 D Evaluation: Frame 1123 sent at 1572944747626
11-05 11:05:47.659 14235 14269 D Evaluation: Frame 1124 sent at 1572944747659
11-05 11:05:47.697 14235 14269 D Evaluation: Frame 1125 sent at 1572944747697
11-05 11:05:47.747 14235 14269 D Evaluation: Frame 1127 sent at 1572944747747
11-05 11:05:47.771 14235 14269 D Evaluation: Frame 1128 sent at 1572944747771
11-05 11:05:47.796 14235 14269 D Evaluation: Frame 1128 sent at 1572944747796
11-05 11:05:47.832 14235 14269 D Evaluation: Frame 1129 sent at 1572944747832
11-05 11:05:47.869 14235 14269 D Evaluation: Frame 1130 sent at 1572944747869
11-05 11:05:47.900 14235 14269 D Evaluation: Frame 1131 sent at 1572944747900
11-05 11:05:47.937 14235 14269 D Evaluation: Frame 1133 sent at 1572944747937
11-05 11:05:47.961 14235 14269 D Evaluation: Frame 1133 sent at 1572944747961
11-05 11:05:48.000 14235 14269 D Evaluation: Frame 1134 sent at 1572944748000
11-05 11:05:48.035 14235 14269 D Evaluation: Frame 1135 sent at 1572944748035
11-05 11:05:48.070 14235 14269 D Evaluation: Frame 1136 sent at 1572944748069
11-05 11:05:48.100 14235 14269 D Evaluation: Frame 1137 sent at 1572944748100
11-05 11:05:48.139 14235 14269 D Evaluation: Frame 1138 sent at 1572944748139
11-05 11:05:48.173 14235 14269 D Evaluation: Frame 1139 sent at 1572944748173
11-05 11:05:48.201 14235 14269 D Evaluation: Frame 1140 sent at 1572944748201
11-05 11:05:48.227 14235 14269 D Evaluation: Frame 1141 sent at 1572944748227
11-05 11:05:48.263 14235 14269 D Evaluation: Frame 1142 sent at 1572944748263
11-05 11:05:48.294 14235 14269 D Evaluation: Frame 1143 sent at 1572944748294
11-05 11:05:48.330 14235 14269 D Evaluation: Frame 1144 sent at 1572944748330
11-05 11:05:48.366 14235 14269 D Evaluation: Frame 1145 sent at 1572944748366
11-05 11:05:48.413 14235 14269 D Evaluation: Frame 1147 sent at 1572944748412
11-05 11:05:48.431 14235 14269 D Evaluation: Frame 1147 sent at 1572944748431
11-05 11:05:48.466 14235 14269 D Evaluation: Frame 1148 sent at 1572944748466
11-05 11:05:48.505 14235 14269 D Evaluation: Frame 1149 sent at 1572944748505
11-05 11:05:48.537 14235 14269 D Evaluation: Frame 1150 sent at 1572944748537
11-05 11:05:48.565 14235 14269 D Evaluation: Frame 1151 sent at 1572944748565
11-05 11:05:48.614 14235 14269 D Evaluation: Frame 1153 sent at 1572944748614
11-05 11:05:48.632 14235 14269 D Evaluation: Frame 1153 sent at 1572944748632
11-05 11:05:48.668 14235 14269 D Evaluation: Frame 1154 sent at 1572944748668
11-05 11:05:48.709 14235 14269 D Evaluation: Frame 1155 sent at 1572944748709
11-05 11:05:48.736 14235 14269 D Evaluation: Frame 1156 sent at 1572944748735
11-05 11:05:48.757 14235 14247 E         : [ZeroHung]zrhung_get_config: Get config failed for wp[0x0008]
11-05 11:05:48.757 14235 14269 D Evaluation: Frame 1157 sent at 1572944748757
11-05 11:05:48.817 14235 14269 D Evaluation: Frame 1159 sent at 1572944748817
11-05 11:05:48.839 14235 14269 D Evaluation: Frame 1159 sent at 1572944748839
11-05 11:05:48.920 14235 14269 D Evaluation: Frame 1160 sent at 1572944748920
11-05 11:05:48.948 14235 14269 D Evaluation: Frame 1162 sent at 1572944748948
11-05 11:05:48.968 14235 14269 D Evaluation: Frame 1162 sent at 1572944748968
11-05 11:05:49.048 14235 14269 D Evaluation: Frame 1163 sent at 1572944749048
11-05 11:05:49.076 14235 14269 D Evaluation: Frame 1164 sent at 1572944749076
11-05 11:05:49.107 14235 14269 D Evaluation: Frame 1165 sent at 1572944749106
11-05 11:05:49.152 14235 14269 D Evaluation: Frame 1167 sent at 1572944749152
11-05 11:05:49.171 14235 14269 D Evaluation: Frame 1167 sent at 1572944749171
11-05 11:05:49.201 14235 14269 D Evaluation: Frame 1168 sent at 1572944749201
11-05 11:05:49.234 14235 14269 D Evaluation: Frame 1169 sent at 1572944749234
11-05 11:05:49.279 14235 14269 D Evaluation: Frame 1170 sent at 1572944749279
11-05 11:05:49.319 14235 14269 D Evaluation: Frame 1171 sent at 1572944749319
11-05 11:05:49.352 14235 14269 D Evaluation: Frame 1173 sent at 1572944749352
11-05 11:05:49.376 14235 14269 D Evaluation: Frame 1173 sent at 1572944749376
11-05 11:05:49.409 14235 14269 D Evaluation: Frame 1174 sent at 1572944749409
11-05 11:05:49.445 14235 14269 D Evaluation: Frame 1175 sent at 1572944749445
11-05 11:05:49.478 14235 14269 D Evaluation: Frame 1176 sent at 1572944749478
11-05 11:05:49.511 14235 14269 D Evaluation: Frame 1177 sent at 1572944749511
11-05 11:05:49.547 14235 14269 D Evaluation: Frame 1178 sent at 1572944749547
11-05 11:05:49.573 14235 14269 D Evaluation: Frame 1179 sent at 1572944749573
11-05 11:05:49.599 14235 14269 D Evaluation: Frame 1180 sent at 1572944749599
11-05 11:05:49.634 14235 14269 D Evaluation: Frame 1181 sent at 1572944749634
11-05 11:05:49.674 14235 14269 D Evaluation: Frame 1182 sent at 1572944749674
11-05 11:05:49.718 14235 14269 D Evaluation: Frame 1183 sent at 1572944749718
11-05 11:05:49.744 14235 14269 D Evaluation: Frame 1184 sent at 1572944749744
11-05 11:05:49.783 14235 14269 D Evaluation: Frame 1185 sent at 1572944749783
11-05 11:05:49.814 14235 14269 D Evaluation: Frame 1186 sent at 1572944749814
11-05 11:05:49.849 14235 14269 D Evaluation: Frame 1187 sent at 1572944749849
11-05 11:05:49.888 14235 14269 D Evaluation: Frame 1188 sent at 1572944749888
11-05 11:05:49.917 14235 14269 D Evaluation: Frame 1189 sent at 1572944749917
11-05 11:05:49.951 14235 14269 D Evaluation: Frame 1191 sent at 1572944749951
11-05 11:05:49.974 14235 14269 D Evaluation: Frame 1191 sent at 1572944749974
11-05 11:05:50.013 14235 14269 D Evaluation: Frame 1192 sent at 1572944750013
11-05 11:05:50.041 14235 14269 D Evaluation: Frame 1193 sent at 1572944750041
11-05 11:05:50.089 14235 14269 D Evaluation: Frame 1194 sent at 1572944750089
11-05 11:05:50.117 14235 14269 D Evaluation: Frame 1195 sent at 1572944750117
11-05 11:05:50.148 14235 14269 D Evaluation: Frame 1196 sent at 1572944750148
11-05 11:05:50.185 14235 14269 D Evaluation: Frame 1197 sent at 1572944750185
11-05 11:05:50.217 14235 14269 D Evaluation: Frame 1198 sent at 1572944750217
11-05 11:05:50.247 14235 14269 D Evaluation: Frame 1199 sent at 1572944750247
11-05 11:05:50.276 14235 14269 D Evaluation: Frame 1200 sent at 1572944750276
11-05 11:05:50.318 14235 14269 D Evaluation: Frame 1201 sent at 1572944750318
11-05 11:05:50.353 14235 14269 D Evaluation: Frame 1202 sent at 1572944750353
11-05 11:05:50.405 14235 14269 D Evaluation: Frame 1203 sent at 1572944750405
11-05 11:05:50.434 14235 14269 D Evaluation: Frame 1204 sent at 1572944750434
11-05 11:05:50.457 14235 14269 D Evaluation: Frame 1206 sent at 1572944750457
11-05 11:05:50.481 14235 14269 D Evaluation: Frame 1206 sent at 1572944750481
11-05 11:05:50.507 14235 14269 D Evaluation: Frame 1207 sent at 1572944750507
11-05 11:05:50.550 14235 14269 D Evaluation: Frame 1208 sent at 1572944750550
11-05 11:05:50.582 14235 14269 D Evaluation: Frame 1209 sent at 1572944750582
11-05 11:05:50.614 14235 14269 D Evaluation: Frame 1210 sent at 1572944750614
11-05 11:05:50.645 14235 14269 D Evaluation: Frame 1211 sent at 1572944750645
11-05 11:05:50.690 14235 14269 D Evaluation: Frame 1212 sent at 1572944750690
11-05 11:05:50.759 14235 14269 D Evaluation: Frame 1213 sent at 1572944750759
11-05 11:05:50.810 14235 14247 E         : [ZeroHung]zrhung_get_config: Get config failed for wp[0x0008]
11-05 11:05:50.811 14235 14269 D Evaluation: Frame 1215 sent at 1572944750810
11-05 11:05:50.836 14235 14269 D Evaluation: Frame 1216 sent at 1572944750836
11-05 11:05:50.855 14235 14269 D Evaluation: Frame 1217 sent at 1572944750855
11-05 11:05:50.872 14235 14269 D Evaluation: Frame 1217 sent at 1572944750872
11-05 11:05:50.926 14235 14269 D Evaluation: Frame 1218 sent at 1572944750926
11-05 11:05:50.955 14235 14269 D Evaluation: Frame 1219 sent at 1572944750955
11-05 11:05:50.985 14235 14269 D Evaluation: Frame 1220 sent at 1572944750985
11-05 11:05:51.011 14235 14269 D Evaluation: Frame 1221 sent at 1572944751011
11-05 11:05:51.059 14235 14269 D Evaluation: Frame 1222 sent at 1572944751059
11-05 11:05:51.093 14235 14269 D Evaluation: Frame 1223 sent at 1572944751093
11-05 11:05:51.134 14235 14269 D Evaluation: Frame 1225 sent at 1572944751134
11-05 11:05:51.158 14235 14269 D Evaluation: Frame 1225 sent at 1572944751157
11-05 11:05:51.193 14235 14269 D Evaluation: Frame 1226 sent at 1572944751193
11-05 11:05:51.214 14235 14269 D Evaluation: Frame 1227 sent at 1572944751214
11-05 11:05:51.260 14235 14269 D Evaluation: Frame 1228 sent at 1572944751260
11-05 11:05:51.282 14235 14269 D Evaluation: Frame 1229 sent at 1572944751282
11-05 11:05:51.319 14235 14269 D Evaluation: Frame 1230 sent at 1572944751319
11-05 11:05:51.345 14235 14269 D Evaluation: Frame 1231 sent at 1572944751345
11-05 11:05:51.392 14235 14269 D Evaluation: Frame 1232 sent at 1572944751392
11-05 11:05:51.423 14235 14269 D Evaluation: Frame 1233 sent at 1572944751423
11-05 11:05:51.458 14235 14269 D Evaluation: Frame 1234 sent at 1572944751458
11-05 11:05:51.491 14235 14269 D Evaluation: Frame 1235 sent at 1572944751491
11-05 11:05:51.514 14235 14269 D Evaluation: Frame 1236 sent at 1572944751514
11-05 11:05:51.555 14235 14269 D Evaluation: Frame 1237 sent at 1572944751555
11-05 11:05:51.596 14235 14269 D Evaluation: Frame 1238 sent at 1572944751596
11-05 11:05:51.634 14235 14269 D Evaluation: Frame 1239 sent at 1572944751634
11-05 11:05:51.656 14235 14269 D Evaluation: Frame 1240 sent at 1572944751656
11-05 11:05:51.690 14235 14269 D Evaluation: Frame 1241 sent at 1572944751690
11-05 11:05:51.732 14235 14269 D Evaluation: Frame 1242 sent at 1572944751732
11-05 11:05:51.755 14235 14269 D Evaluation: Frame 1243 sent at 1572944751755
11-05 11:05:51.789 14235 14269 D Evaluation: Frame 1244 sent at 1572944751789
11-05 11:05:51.821 14235 14269 D Evaluation: Frame 1245 sent at 1572944751821
11-05 11:05:51.867 14235 14269 D Evaluation: Frame 1246 sent at 1572944751867
11-05 11:05:51.894 14235 14269 D Evaluation: Frame 1247 sent at 1572944751894
11-05 11:05:51.934 14235 14269 D Evaluation: Frame 1248 sent at 1572944751934
11-05 11:05:51.959 14235 14269 D Evaluation: Frame 1249 sent at 1572944751959
11-05 11:05:51.992 14235 14269 D Evaluation: Frame 1250 sent at 1572944751992
11-05 11:05:52.029 14235 14269 D Evaluation: Frame 1251 sent at 1572944752029
11-05 11:05:52.063 14235 14269 D Evaluation: Frame 1252 sent at 1572944752063
11-05 11:05:52.099 14235 14269 D Evaluation: Frame 1253 sent at 1572944752099
11-05 11:05:52.136 14235 14269 D Evaluation: Frame 1254 sent at 1572944752136
11-05 11:05:52.165 14235 14269 D Evaluation: Frame 1255 sent at 1572944752165
11-05 11:05:52.191 14235 14269 D Evaluation: Frame 1256 sent at 1572944752191
11-05 11:05:52.230 14235 14269 D Evaluation: Frame 1257 sent at 1572944752230
11-05 11:05:52.257 14235 14269 D Evaluation: Frame 1258 sent at 1572944752257
11-05 11:05:52.305 14235 14269 D Evaluation: Frame 1259 sent at 1572944752305
11-05 11:05:52.329 14235 14269 D Evaluation: Frame 1260 sent at 1572944752329
11-05 11:05:52.361 14235 14269 D Evaluation: Frame 1261 sent at 1572944752361
11-05 11:05:52.399 14235 14269 D Evaluation: Frame 1262 sent at 1572944752399
11-05 11:05:52.434 14235 14269 D Evaluation: Frame 1263 sent at 1572944752434
11-05 11:05:52.457 14235 14269 D Evaluation: Frame 1264 sent at 1572944752457
11-05 11:05:52.488 14235 14269 D Evaluation: Frame 1265 sent at 1572944752488
11-05 11:05:52.525 14235 14269 D Evaluation: Frame 1266 sent at 1572944752525
11-05 11:05:52.525 14235 14247 E         : [ZeroHung]zrhung_get_config: Get config failed for wp[0x0008]
11-05 11:05:52.525 14235 14269 D Evaluation: Frame 1266 sent at 1572944752525
11-05 11:05:52.561 14235 14269 D Evaluation: Frame 1267 sent at 1572944752561
11-05 11:05:52.606 14235 14269 D Evaluation: Frame 1268 sent at 1572944752606
11-05 11:05:52.630 14235 14269 D Evaluation: Frame 1269 sent at 1572944752630
11-05 11:05:52.664 14235 14269 D Evaluation: Frame 1270 sent at 1572944752664
11-05 11:05:52.743 14235 14269 D Evaluation: Frame 1271 sent at 1572944752743
11-05 11:05:52.777 14235 14269 D Evaluation: Frame 1272 sent at 1572944752777
11-05 11:05:52.804 14235 14269 D Evaluation: Frame 1273 sent at 1572944752804
11-05 11:05:52.833 14235 14269 D Evaluation: Frame 1274 sent at 1572944752833
11-05 11:05:52.875 14235 14269 D Evaluation: Frame 1275 sent at 1572944752875
11-05 11:05:52.899 14235 14269 D Evaluation: Frame 1276 sent at 1572944752899
11-05 11:05:52.934 14235 14269 D Evaluation: Frame 1277 sent at 1572944752934
11-05 11:05:52.964 14235 14269 D Evaluation: Frame 1278 sent at 1572944752964
11-05 11:05:53.008 14235 14269 D Evaluation: Frame 1279 sent at 1572944753008
11-05 11:05:53.037 14235 14269 D Evaluation: Frame 1280 sent at 1572944753037
11-05 11:05:53.075 14235 14269 D Evaluation: Frame 1281 sent at 1572944753075
11-05 11:05:53.099 14235 14269 D Evaluation: Frame 1282 sent at 1572944753099
11-05 11:05:53.144 14235 14269 D Evaluation: Frame 1283 sent at 1572944753144
11-05 11:05:53.181 14235 14269 D Evaluation: Frame 1284 sent at 1572944753181
11-05 11:05:53.212 14235 14269 D Evaluation: Frame 1285 sent at 1572944753212
11-05 11:05:53.235 14235 14269 D Evaluation: Frame 1286 sent at 1572944753235
11-05 11:05:53.273 14235 14269 D Evaluation: Frame 1287 sent at 1572944753273
11-05 11:05:53.306 14235 14269 D Evaluation: Frame 1288 sent at 1572944753306
11-05 11:05:53.334 14235 14269 D Evaluation: Frame 1289 sent at 1572944753334
11-05 11:05:53.371 14235 14269 D Evaluation: Frame 1290 sent at 1572944753371
11-05 11:05:53.394 14235 14269 D Evaluation: Frame 1291 sent at 1572944753394
11-05 11:05:53.432 14235 14269 D Evaluation: Frame 1292 sent at 1572944753432
11-05 11:05:53.474 14235 14269 D Evaluation: Frame 1293 sent at 1572944753474
11-05 11:05:53.496 14235 14269 D Evaluation: Frame 1294 sent at 1572944753496
11-05 11:05:53.537 14235 14269 D Evaluation: Frame 1295 sent at 1572944753537
11-05 11:05:53.580 14235 14269 D Evaluation: Frame 1296 sent at 1572944753580
11-05 11:05:53.611 14235 14269 D Evaluation: Frame 1297 sent at 1572944753611
11-05 11:05:53.641 14235 14269 D Evaluation: Frame 1298 sent at 1572944753641
11-05 11:05:53.667 14235 14269 D Evaluation: Frame 1299 sent at 1572944753667
11-05 11:05:53.701 14235 14269 D Evaluation: Frame 1300 sent at 1572944753701
11-05 11:05:53.744 14235 14269 D Evaluation: Frame 1301 sent at 1572944753744
11-05 11:05:53.769 14235 14269 D Evaluation: Frame 1302 sent at 1572944753769
11-05 11:05:53.801 14235 14269 D Evaluation: Frame 1303 sent at 1572944753801
11-05 11:05:53.837 14235 14269 D Evaluation: Frame 1304 sent at 1572944753837
11-05 11:05:53.886 14235 14269 D Evaluation: Frame 1305 sent at 1572944753886
11-05 11:05:53.921 14235 14269 D Evaluation: Frame 1306 sent at 1572944753921
11-05 11:05:53.946 14235 14269 D Evaluation: Frame 1307 sent at 1572944753946
11-05 11:05:53.970 14235 14247 E         : [ZeroHung]zrhung_get_config: Get config failed for wp[0x0008]
11-05 11:05:53.970 14235 14269 D Evaluation: Frame 1308 sent at 1572944753970
11-05 11:05:54.014 14235 14269 D Evaluation: Frame 1309 sent at 1572944754014
11-05 11:05:54.045 14235 14269 D Evaluation: Frame 1310 sent at 1572944754045
11-05 11:05:54.076 14235 14269 D Evaluation: Frame 1311 sent at 1572944754076
11-05 11:05:54.127 14235 14269 D Evaluation: Frame 1313 sent at 1572944754127
11-05 11:05:54.150 14235 14269 D Evaluation: Frame 1313 sent at 1572944754150
11-05 11:05:54.172 14235 14269 D Evaluation: Frame 1314 sent at 1572944754172
11-05 11:05:54.213 14235 14269 D Evaluation: Frame 1315 sent at 1572944754213
11-05 11:05:54.239 14235 14269 D Evaluation: Frame 1316 sent at 1572944754239
11-05 11:05:54.277 14235 14269 D Evaluation: Frame 1317 sent at 1572944754277
11-05 11:05:54.317 14235 14269 D Evaluation: Frame 1318 sent at 1572944754317
11-05 11:05:54.345 14235 14269 D Evaluation: Frame 1319 sent at 1572944754345
11-05 11:05:54.377 14235 14269 D Evaluation: Frame 1320 sent at 1572944754377
11-05 11:05:54.417 14235 14269 D Evaluation: Frame 1321 sent at 1572944754417
11-05 11:05:54.449 14235 14269 D Evaluation: Frame 1322 sent at 1572944754449
11-05 11:05:54.491 14235 14269 D Evaluation: Frame 1324 sent at 1572944754491
11-05 11:05:54.510 14235 14269 D Evaluation: Frame 1324 sent at 1572944754510
11-05 11:05:54.533 14235 14269 D Evaluation: Frame 1325 sent at 1572944754533
11-05 11:05:54.571 14235 14269 D Evaluation: Frame 1326 sent at 1572944754571
11-05 11:05:54.632 14235 14269 D Evaluation: Frame 1328 sent at 1572944754632
11-05 11:05:54.651 14235 14269 D Evaluation: Frame 1328 sent at 1572944754651
11-05 11:05:54.682 14235 14269 D Evaluation: Frame 1329 sent at 1572944754682
11-05 11:05:54.705 14235 14269 D Evaluation: Frame 1330 sent at 1572944754705
11-05 11:05:54.807 14235 14269 D Evaluation: Frame 1332 sent at 1572944754807
11-05 11:05:54.827 14235 14269 D Evaluation: Frame 1333 sent at 1572944754827
11-05 11:05:54.844 14235 14269 D Evaluation: Frame 1333 sent at 1572944754844
11-05 11:05:54.873 14235 14269 D Evaluation: Frame 1334 sent at 1572944754873
11-05 11:05:54.912 14235 14269 D Evaluation: Frame 1335 sent at 1572944754912
11-05 11:05:54.955 14235 14269 D Evaluation: Frame 1336 sent at 1572944754955
11-05 11:05:54.978 14235 14269 D Evaluation: Frame 1337 sent at 1572944754978
11-05 11:05:55.021 14235 14269 D Evaluation: Frame 1338 sent at 1572944755021
11-05 11:05:55.054 14235 14269 D Evaluation: Frame 1339 sent at 1572944755054
11-05 11:05:55.088 14235 14269 D Evaluation: Frame 1340 sent at 1572944755088
11-05 11:05:55.117 14235 14269 D Evaluation: Frame 1341 sent at 1572944755117
11-05 11:05:55.154 14235 14269 D Evaluation: Frame 1343 sent at 1572944755154
11-05 11:05:55.180 14235 14269 D Evaluation: Frame 1343 sent at 1572944755180
11-05 11:05:55.215 14235 14269 D Evaluation: Frame 1344 sent at 1572944755215
11-05 11:05:55.245 14235 14247 E         : [ZeroHung]zrhung_get_config: Get config failed for wp[0x0008]
11-05 11:05:55.245 14235 14269 D Evaluation: Frame 1345 sent at 1572944755245
11-05 11:05:55.276 14235 14269 D Evaluation: Frame 1346 sent at 1572944755276
11-05 11:05:55.322 14235 14269 D Evaluation: Frame 1347 sent at 1572944755322
11-05 11:05:55.370 14235 14269 W System.err: java.net.SocketException: Message too long
11-05 11:05:55.370 14235 14269 W System.err: 	at sun.nio.ch.DatagramChannelImpl.send0(Native Method)
11-05 11:05:55.370 14235 14269 W System.err: 	at sun.nio.ch.DatagramChannelImpl.sendFromNativeBuffer(DatagramChannelImpl.java:573)
11-05 11:05:55.370 14235 14269 W System.err: 	at sun.nio.ch.DatagramChannelImpl.send(DatagramChannelImpl.java:550)
11-05 11:05:55.370 14235 14269 W System.err: 	at sun.nio.ch.DatagramChannelImpl.send(DatagramChannelImpl.java:514)
11-05 11:05:55.371 14235 14269 W System.err: 	at symlab.CloudAR.network.TransmissionTask.run(TransmissionTask.java:124)
11-05 11:05:55.371 14235 14269 W System.err: 	at android.os.Handler.handleCallback(Handler.java:907)
11-05 11:05:55.371 14235 14269 W System.err: 	at android.os.Handler.dispatchMessage(Handler.java:105)
11-05 11:05:55.371 14235 14269 W System.err: 	at android.os.Looper.loop(Looper.java:216)
11-05 11:05:55.371 14235 14269 W System.err: 	at android.os.HandlerThread.run(HandlerThread.java:65)
11-05 11:05:55.391 14235 14269 D Evaluation: Frame 1350 sent at 1572944755391
11-05 11:05:55.405 14235 14269 D Evaluation: Frame 1350 sent at 1572944755405
11-05 11:05:55.437 14235 14269 D Evaluation: Frame 1351 sent at 1572944755437
11-05 11:05:55.475 14235 14269 D Evaluation: Frame 1352 sent at 1572944755475
11-05 11:05:55.522 14235 14269 D Evaluation: Frame 1353 sent at 1572944755522
11-05 11:05:55.554 14235 14269 D Evaluation: Frame 1354 sent at 1572944755554
11-05 11:05:55.585 14235 14269 D Evaluation: Frame 1355 sent at 1572944755585
11-05 11:05:55.614 14235 14269 D Evaluation: Frame 1356 sent at 1572944755614
11-05 11:05:55.655 14235 14269 D Evaluation: Frame 1357 sent at 1572944755655
11-05 11:05:55.697 14235 14269 D Evaluation: Frame 1358 sent at 1572944755697
11-05 11:05:55.728 14235 14269 D Evaluation: Frame 1359 sent at 1572944755728
11-05 11:05:55.752 14235 14269 D Evaluation: Frame 1360 sent at 1572944755752
11-05 11:05:55.789 14235 14269 D Evaluation: Frame 1361 sent at 1572944755789
11-05 11:05:55.824 14235 14269 D Evaluation: Frame 1362 sent at 1572944755824
11-05 11:05:55.853 14235 14269 D Evaluation: Frame 1363 sent at 1572944755853
11-05 11:05:55.890 14235 14269 D Evaluation: Frame 1364 sent at 1572944755890
11-05 11:05:55.926 14235 14269 D Evaluation: Frame 1365 sent at 1572944755926
11-05 11:05:55.960 14235 14269 D Evaluation: Frame 1366 sent at 1572944755960
11-05 11:05:55.985 14235 14269 D Evaluation: Frame 1367 sent at 1572944755985
11-05 11:05:56.034 14235 14269 D Evaluation: Frame 1368 sent at 1572944756034
11-05 11:05:56.058 14235 14269 D Evaluation: Frame 1369 sent at 1572944756058
11-05 11:05:56.091 14235 14269 D Evaluation: Frame 1370 sent at 1572944756091
11-05 11:05:56.129 14235 14269 D Evaluation: Frame 1371 sent at 1572944756129
11-05 11:05:56.157 14235 14269 D Evaluation: Frame 1372 sent at 1572944756157
11-05 11:05:56.191 14235 14269 D Evaluation: Frame 1373 sent at 1572944756191
11-05 11:05:56.223 14235 14269 D Evaluation: Frame 1374 sent at 1572944756223
11-05 11:05:56.258 14235 14269 D Evaluation: Frame 1375 sent at 1572944756258
11-05 11:05:56.301 14235 14269 D Evaluation: Frame 1376 sent at 1572944756301
11-05 11:05:56.349 14235 14269 D Evaluation: Frame 1378 sent at 1572944756349
11-05 11:05:56.376 14235 14269 D Evaluation: Frame 1378 sent at 1572944756376
11-05 11:05:56.397 14235 14269 D Evaluation: Frame 1379 sent at 1572944756397
11-05 11:05:56.425 14235 14269 D Evaluation: Frame 1380 sent at 1572944756425
11-05 11:05:56.461 14235 14269 D Evaluation: Frame 1381 sent at 1572944756461
11-05 11:05:56.461 14235 14247 E         : [ZeroHung]zrhung_get_config: Get config failed for wp[0x0008]
11-05 11:05:56.485 14235 14269 D Evaluation: Frame 1382 sent at 1572944756485
11-05 11:05:56.525 14235 14269 D Evaluation: Frame 1383 sent at 1572944756525
11-05 11:05:56.574 14235 14269 D Evaluation: Frame 1385 sent at 1572944756574
11-05 11:05:56.593 14235 14269 D Evaluation: Frame 1385 sent at 1572944756592
11-05 11:05:56.668 14235 14269 D Evaluation: Frame 1386 sent at 1572944756668
11-05 11:05:56.693 14235 14269 D Evaluation: Frame 1387 sent at 1572944756693
11-05 11:05:56.791 14235 14269 D Evaluation: Frame 1389 sent at 1572944756791
11-05 11:05:56.815 14235 14269 D Evaluation: Frame 1390 sent at 1572944756815
11-05 11:05:56.837 14235 14269 D Evaluation: Frame 1390 sent at 1572944756837
11-05 11:05:56.856 14235 14269 D Evaluation: Frame 1391 sent at 1572944756856
11-05 11:05:56.891 14235 14269 D Evaluation: Frame 1392 sent at 1572944756891
11-05 11:05:56.925 14235 14269 D Evaluation: Frame 1393 sent at 1572944756925
11-05 11:05:56.956 14235 14269 D Evaluation: Frame 1394 sent at 1572944756956
11-05 11:05:56.998 14235 14269 W System.err: java.net.SocketException: Message too long
11-05 11:05:56.998 14235 14269 W System.err: 	at sun.nio.ch.DatagramChannelImpl.send0(Native Method)
11-05 11:05:56.998 14235 14269 W System.err: 	at sun.nio.ch.DatagramChannelImpl.sendFromNativeBuffer(DatagramChannelImpl.java:573)
11-05 11:05:56.998 14235 14269 W System.err: 	at sun.nio.ch.DatagramChannelImpl.send(DatagramChannelImpl.java:550)
11-05 11:05:56.998 14235 14269 W System.err: 	at sun.nio.ch.DatagramChannelImpl.send(DatagramChannelImpl.java:514)
11-05 11:05:56.998 14235 14269 W System.err: 	at symlab.CloudAR.network.TransmissionTask.run(TransmissionTask.java:124)
11-05 11:05:56.998 14235 14269 W System.err: 	at android.os.Handler.handleCallback(Handler.java:907)
11-05 11:05:56.999 14235 14269 W System.err: 	at android.os.Handler.dispatchMessage(Handler.java:105)
11-05 11:05:56.999 14235 14269 W System.err: 	at android.os.Looper.loop(Looper.java:216)
11-05 11:05:56.999 14235 14269 W System.err: 	at android.os.HandlerThread.run(HandlerThread.java:65)
11-05 11:05:57.038 14235 14269 W System.err: java.net.SocketException: Message too long
11-05 11:05:57.038 14235 14269 W System.err: 	at sun.nio.ch.DatagramChannelImpl.send0(Native Method)
11-05 11:05:57.038 14235 14269 W System.err: 	at sun.nio.ch.DatagramChannelImpl.sendFromNativeBuffer(DatagramChannelImpl.java:573)
11-05 11:05:57.038 14235 14269 W System.err: 	at sun.nio.ch.DatagramChannelImpl.send(DatagramChannelImpl.java:550)
11-05 11:05:57.038 14235 14269 W System.err: 	at sun.nio.ch.DatagramChannelImpl.send(DatagramChannelImpl.java:514)
11-05 11:05:57.038 14235 14269 W System.err: 	at symlab.CloudAR.network.TransmissionTask.run(TransmissionTask.java:124)
11-05 11:05:57.038 14235 14269 W System.err: 	at android.os.Handler.handleCallback(Handler.java:907)
11-05 11:05:57.038 14235 14269 W System.err: 	at android.os.Handler.dispatchMessage(Handler.java:105)
11-05 11:05:57.038 14235 14269 W System.err: 	at android.os.Looper.loop(Looper.java:216)
11-05 11:05:57.038 14235 14269 W System.err: 	at android.os.HandlerThread.run(HandlerThread.java:65)
11-05 11:05:57.066 14235 14269 W System.err: java.net.SocketException: Message too long
11-05 11:05:57.066 14235 14269 W System.err: 	at sun.nio.ch.DatagramChannelImpl.send0(Native Method)
11-05 11:05:57.066 14235 14269 W System.err: 	at sun.nio.ch.DatagramChannelImpl.sendFromNativeBuffer(DatagramChannelImpl.java:573)
11-05 11:05:57.066 14235 14269 W System.err: 	at sun.nio.ch.DatagramChannelImpl.send(DatagramChannelImpl.java:550)
11-05 11:05:57.066 14235 14269 W System.err: 	at sun.nio.ch.DatagramChannelImpl.send(DatagramChannelImpl.java:514)
11-05 11:05:57.066 14235 14269 W System.err: 	at symlab.CloudAR.network.TransmissionTask.run(TransmissionTask.java:124)
11-05 11:05:57.066 14235 14269 W System.err: 	at android.os.Handler.handleCallback(Handler.java:907)
11-05 11:05:57.066 14235 14269 W System.err: 	at android.os.Handler.dispatchMessage(Handler.java:105)
11-05 11:05:57.066 14235 14269 W System.err: 	at android.os.Looper.loop(Looper.java:216)
11-05 11:05:57.066 14235 14269 W System.err: 	at android.os.HandlerThread.run(HandlerThread.java:65)
11-05 11:05:57.108 14235 14269 W System.err: java.net.SocketException: Message too long
11-05 11:05:57.108 14235 14269 W System.err: 	at sun.nio.ch.DatagramChannelImpl.send0(Native Method)
11-05 11:05:57.108 14235 14269 W System.err: 	at sun.nio.ch.DatagramChannelImpl.sendFromNativeBuffer(DatagramChannelImpl.java:573)
11-05 11:05:57.108 14235 14269 W System.err: 	at sun.nio.ch.DatagramChannelImpl.send(DatagramChannelImpl.java:550)
11-05 11:05:57.108 14235 14269 W System.err: 	at sun.nio.ch.DatagramChannelImpl.send(DatagramChannelImpl.java:514)
11-05 11:05:57.108 14235 14269 W System.err: 	at symlab.CloudAR.network.TransmissionTask.run(TransmissionTask.java:124)
11-05 11:05:57.108 14235 14269 W System.err: 	at android.os.Handler.handleCallback(Handler.java:907)
11-05 11:05:57.108 14235 14269 W System.err: 	at android.os.Handler.dispatchMessage(Handler.java:105)
11-05 11:05:57.108 14235 14269 W System.err: 	at android.os.Looper.loop(Looper.java:216)
11-05 11:05:57.108 14235 14269 W System.err: 	at android.os.HandlerThread.run(HandlerThread.java:65)
11-05 11:05:57.141 14235 14269 W System.err: java.net.SocketException: Message too long
11-05 11:05:57.141 14235 14269 W System.err: 	at sun.nio.ch.DatagramChannelImpl.send0(Native Method)
11-05 11:05:57.141 14235 14269 W System.err: 	at sun.nio.ch.DatagramChannelImpl.sendFromNativeBuffer(DatagramChannelImpl.java:573)
11-05 11:05:57.141 14235 14269 W System.err: 	at sun.nio.ch.DatagramChannelImpl.send(DatagramChannelImpl.java:550)
11-05 11:05:57.141 14235 14269 W System.err: 	at sun.nio.ch.DatagramChannelImpl.send(DatagramChannelImpl.java:514)
11-05 11:05:57.141 14235 14269 W System.err: 	at symlab.CloudAR.network.TransmissionTask.run(TransmissionTask.java:124)
11-05 11:05:57.141 14235 14269 W System.err: 	at android.os.Handler.handleCallback(Handler.java:907)
11-05 11:05:57.141 14235 14269 W System.err: 	at android.os.Handler.dispatchMessage(Handler.java:105)
11-05 11:05:57.141 14235 14269 W System.err: 	at android.os.Looper.loop(Looper.java:216)
11-05 11:05:57.141 14235 14269 W System.err: 	at android.os.HandlerThread.run(HandlerThread.java:65)
11-05 11:05:57.169 14235 14269 W System.err: java.net.SocketException: Message too long
11-05 11:05:57.169 14235 14269 W System.err: 	at sun.nio.ch.DatagramChannelImpl.send0(Native Method)
11-05 11:05:57.169 14235 14269 W System.err: 	at sun.nio.ch.DatagramChannelImpl.sendFromNativeBuffer(DatagramChannelImpl.java:573)
11-05 11:05:57.169 14235 14269 W System.err: 	at sun.nio.ch.DatagramChannelImpl.send(DatagramChannelImpl.java:550)
11-05 11:05:57.169 14235 14269 W System.err: 	at sun.nio.ch.DatagramChannelImpl.send(DatagramChannelImpl.java:514)
11-05 11:05:57.169 14235 14269 W System.err: 	at symlab.CloudAR.network.TransmissionTask.run(TransmissionTask.java:124)
11-05 11:05:57.169 14235 14269 W System.err: 	at android.os.Handler.handleCallback(Handler.java:907)
11-05 11:05:57.169 14235 14269 W System.err: 	at android.os.Handler.dispatchMessage(Handler.java:105)
11-05 11:05:57.169 14235 14269 W System.err: 	at android.os.Looper.loop(Looper.java:216)
11-05 11:05:57.169 14235 14269 W System.err: 	at android.os.HandlerThread.run(HandlerThread.java:65)
11-05 11:05:57.189 14235 14269 W System.err: java.net.SocketException: Message too long
11-05 11:05:57.189 14235 14269 W System.err: 	at sun.nio.ch.DatagramChannelImpl.send0(Native Method)
11-05 11:05:57.189 14235 14269 W System.err: 	at sun.nio.ch.DatagramChannelImpl.sendFromNativeBuffer(DatagramChannelImpl.java:573)
11-05 11:05:57.189 14235 14269 W System.err: 	at sun.nio.ch.DatagramChannelImpl.send(DatagramChannelImpl.java:550)
11-05 11:05:57.189 14235 14269 W System.err: 	at sun.nio.ch.DatagramChannelImpl.send(DatagramChannelImpl.java:514)
11-05 11:05:57.189 14235 14269 W System.err: 	at symlab.CloudAR.network.TransmissionTask.run(TransmissionTask.java:124)
11-05 11:05:57.189 14235 14269 W System.err: 	at android.os.Handler.handleCallback(Handler.java:907)
11-05 11:05:57.189 14235 14269 W System.err: 	at android.os.Handler.dispatchMessage(Handler.java:105)
11-05 11:05:57.189 14235 14269 W System.err: 	at android.os.Looper.loop(Looper.java:216)
11-05 11:05:57.189 14235 14269 W System.err: 	at android.os.HandlerThread.run(HandlerThread.java:65)
11-05 11:05:57.221 14235 14269 W System.err: java.net.SocketException: Message too long
11-05 11:05:57.221 14235 14269 W System.err: 	at sun.nio.ch.DatagramChannelImpl.send0(Native Method)
11-05 11:05:57.221 14235 14269 W System.err: 	at sun.nio.ch.DatagramChannelImpl.sendFromNativeBuffer(DatagramChannelImpl.java:573)
11-05 11:05:57.221 14235 14269 W System.err: 	at sun.nio.ch.DatagramChannelImpl.send(DatagramChannelImpl.java:550)
11-05 11:05:57.222 14235 14269 W System.err: 	at sun.nio.ch.DatagramChannelImpl.send(DatagramChannelImpl.java:514)
11-05 11:05:57.222 14235 14269 W System.err: 	at symlab.CloudAR.network.TransmissionTask.run(TransmissionTask.java:124)
11-05 11:05:57.222 14235 14269 W System.err: 	at android.os.Handler.handleCallback(Handler.java:907)
11-05 11:05:57.222 14235 14269 W System.err: 	at android.os.Handler.dispatchMessage(Handler.java:105)
11-05 11:05:57.222 14235 14269 W System.err: 	at android.os.Looper.loop(Looper.java:216)
11-05 11:05:57.222 14235 14269 W System.err: 	at android.os.HandlerThread.run(HandlerThread.java:65)
11-05 11:05:57.268 14235 14269 W System.err: java.net.SocketException: Message too long
11-05 11:05:57.268 14235 14269 W System.err: 	at sun.nio.ch.DatagramChannelImpl.send0(Native Method)
11-05 11:05:57.268 14235 14269 W System.err: 	at sun.nio.ch.DatagramChannelImpl.sendFromNativeBuffer(DatagramChannelImpl.java:573)
11-05 11:05:57.268 14235 14269 W System.err: 	at sun.nio.ch.DatagramChannelImpl.send(DatagramChannelImpl.java:550)
11-05 11:05:57.268 14235 14269 W System.err: 	at sun.nio.ch.DatagramChannelImpl.send(DatagramChannelImpl.java:514)
11-05 11:05:57.268 14235 14269 W System.err: 	at symlab.CloudAR.network.TransmissionTask.run(TransmissionTask.java:124)
11-05 11:05:57.268 14235 14269 W System.err: 	at android.os.Handler.handleCallback(Handler.java:907)
11-05 11:05:57.268 14235 14269 W System.err: 	at android.os.Handler.dispatchMessage(Handler.java:105)
11-05 11:05:57.268 14235 14269 W System.err: 	at android.os.Looper.loop(Looper.java:216)
11-05 11:05:57.268 14235 14269 W System.err: 	at android.os.HandlerThread.run(HandlerThread.java:65)
11-05 11:05:57.303 14235 14269 W System.err: java.net.SocketException: Message too long
11-05 11:05:57.303 14235 14269 W System.err: 	at sun.nio.ch.DatagramChannelImpl.send0(Native Method)
11-05 11:05:57.303 14235 14269 W System.err: 	at sun.nio.ch.DatagramChannelImpl.sendFromNativeBuffer(DatagramChannelImpl.java:573)
11-05 11:05:57.303 14235 14269 W System.err: 	at sun.nio.ch.DatagramChannelImpl.send(DatagramChannelImpl.java:550)
11-05 11:05:57.303 14235 14269 W System.err: 	at sun.nio.ch.DatagramChannelImpl.send(DatagramChannelImpl.java:514)
11-05 11:05:57.303 14235 14269 W System.err: 	at symlab.CloudAR.network.TransmissionTask.run(TransmissionTask.java:124)
11-05 11:05:57.303 14235 14269 W System.err: 	at android.os.Handler.handleCallback(Handler.java:907)
11-05 11:05:57.303 14235 14269 W System.err: 	at android.os.Handler.dispatchMessage(Handler.java:105)
11-05 11:05:57.303 14235 14269 W System.err: 	at android.os.Looper.loop(Looper.java:216)
11-05 11:05:57.303 14235 14269 W System.err: 	at android.os.HandlerThread.run(HandlerThread.java:65)
11-05 11:05:57.323 14235 14269 W System.err: java.net.SocketException: Message too long
11-05 11:05:57.324 14235 14269 W System.err: 	at sun.nio.ch.DatagramChannelImpl.send0(Native Method)
11-05 11:05:57.324 14235 14269 W System.err: 	at sun.nio.ch.DatagramChannelImpl.sendFromNativeBuffer(DatagramChannelImpl.java:573)
11-05 11:05:57.324 14235 14269 W System.err: 	at sun.nio.ch.DatagramChannelImpl.send(DatagramChannelImpl.java:550)
11-05 11:05:57.324 14235 14269 W System.err: 	at sun.nio.ch.DatagramChannelImpl.send(DatagramChannelImpl.java:514)
11-05 11:05:57.324 14235 14269 W System.err: 	at symlab.CloudAR.network.TransmissionTask.run(TransmissionTask.java:124)
11-05 11:05:57.324 14235 14269 W System.err: 	at android.os.Handler.handleCallback(Handler.java:907)
11-05 11:05:57.324 14235 14269 W System.err: 	at android.os.Handler.dispatchMessage(Handler.java:105)
11-05 11:05:57.324 14235 14269 W System.err: 	at android.os.Looper.loop(Looper.java:216)
11-05 11:05:57.324 14235 14269 W System.err: 	at android.os.HandlerThread.run(HandlerThread.java:65)
11-05 11:05:57.359 14235 14269 W System.err: java.net.SocketException: Message too long
11-05 11:05:57.359 14235 14269 W System.err: 	at sun.nio.ch.DatagramChannelImpl.send0(Native Method)
11-05 11:05:57.359 14235 14269 W System.err: 	at sun.nio.ch.DatagramChannelImpl.sendFromNativeBuffer(DatagramChannelImpl.java:573)
11-05 11:05:57.359 14235 14269 W System.err: 	at sun.nio.ch.DatagramChannelImpl.send(DatagramChannelImpl.java:550)
11-05 11:05:57.359 14235 14269 W System.err: 	at sun.nio.ch.DatagramChannelImpl.send(DatagramChannelImpl.java:514)
11-05 11:05:57.359 14235 14269 W System.err: 	at symlab.CloudAR.network.TransmissionTask.run(TransmissionTask.java:124)
11-05 11:05:57.359 14235 14269 W System.err: 	at android.os.Handler.handleCallback(Handler.java:907)
11-05 11:05:57.359 14235 14269 W System.err: 	at android.os.Handler.dispatchMessage(Handler.java:105)
11-05 11:05:57.359 14235 14269 W System.err: 	at android.os.Looper.loop(Looper.java:216)
11-05 11:05:57.360 14235 14269 W System.err: 	at android.os.HandlerThread.run(HandlerThread.java:65)
11-05 11:05:57.409 14235 14269 W System.err: java.net.SocketException: Message too long
11-05 11:05:57.409 14235 14269 W System.err: 	at sun.nio.ch.DatagramChannelImpl.send0(Native Method)
11-05 11:05:57.409 14235 14269 W System.err: 	at sun.nio.ch.DatagramChannelImpl.sendFromNativeBuffer(DatagramChannelImpl.java:573)
11-05 11:05:57.409 14235 14269 W System.err: 	at sun.nio.ch.DatagramChannelImpl.send(DatagramChannelImpl.java:550)
11-05 11:05:57.409 14235 14269 W System.err: 	at sun.nio.ch.DatagramChannelImpl.send(DatagramChannelImpl.java:514)
11-05 11:05:57.409 14235 14269 W System.err: 	at symlab.CloudAR.network.TransmissionTask.run(TransmissionTask.java:124)
