11-06 14:50:40.896 26685 26719 W System.err: 	at symlab.CloudAR.network.TransmissionTask.run(TransmissionTask.java:124)
11-06 14:50:40.896 26685 26719 W System.err: 	at android.os.Handler.handleCallback(Handler.java:907)
11-06 14:50:40.896 26685 26719 W System.err: 	at android.os.Handler.dispatchMessage(Handler.java:105)
11-06 14:50:40.896 26685 26719 W System.err: 	at android.os.Looper.loop(Looper.java:216)
11-06 14:50:40.896 26685 26719 W System.err: 	at android.os.HandlerThread.run(HandlerThread.java:65)
11-06 14:50:40.918 26685 26719 W System.err: java.net.SocketException: Message too long
11-06 14:50:40.918 26685 26719 W System.err: 	at sun.nio.ch.DatagramChannelImpl.send0(Native Method)
11-06 14:50:40.918 26685 26719 W System.err: 	at sun.nio.ch.DatagramChannelImpl.sendFromNativeBuffer(DatagramChannelImpl.java:573)
11-06 14:50:40.919 26685 26719 W System.err: 	at sun.nio.ch.DatagramChannelImpl.send(DatagramChannelImpl.java:550)
11-06 14:50:40.919 26685 26719 W System.err: 	at sun.nio.ch.DatagramChannelImpl.send(DatagramChannelImpl.java:514)
11-06 14:50:40.919 26685 26719 W System.err: 	at symlab.CloudAR.network.TransmissionTask.run(TransmissionTask.java:124)
11-06 14:50:40.919 26685 26719 W System.err: 	at android.os.Handler.handleCallback(Handler.java:907)
11-06 14:50:40.919 26685 26719 W System.err: 	at android.os.Handler.dispatchMessage(Handler.java:105)
11-06 14:50:40.919 26685 26719 W System.err: 	at android.os.Looper.loop(Looper.java:216)
11-06 14:50:40.919 26685 26719 W System.err: 	at android.os.HandlerThread.run(HandlerThread.java:65)
11-06 14:50:40.957 26685 26719 W System.err: java.net.SocketException: Message too long
11-06 14:50:40.957 26685 26719 W System.err: 	at sun.nio.ch.DatagramChannelImpl.send0(Native Method)
11-06 14:50:40.957 26685 26719 W System.err: 	at sun.nio.ch.DatagramChannelImpl.sendFromNativeBuffer(DatagramChannelImpl.java:573)
11-06 14:50:40.957 26685 26719 W System.err: 	at sun.nio.ch.DatagramChannelImpl.send(DatagramChannelImpl.java:550)
11-06 14:50:40.957 26685 26719 W System.err: 	at sun.nio.ch.DatagramChannelImpl.send(DatagramChannelImpl.java:514)
11-06 14:50:40.957 26685 26719 W System.err: 	at symlab.CloudAR.network.TransmissionTask.run(TransmissionTask.java:124)
11-06 14:50:40.957 26685 26719 W System.err: 	at android.os.Handler.handleCallback(Handler.java:907)
11-06 14:50:40.957 26685 26719 W System.err: 	at android.os.Handler.dispatchMessage(Handler.java:105)
11-06 14:50:40.957 26685 26719 W System.err: 	at android.os.Looper.loop(Looper.java:216)
11-06 14:50:40.957 26685 26719 W System.err: 	at android.os.HandlerThread.run(HandlerThread.java:65)
11-06 14:50:40.988 26685 26719 D Evaluation: Frame 327 sent at 1573044640988
11-06 14:50:41.034 26685 26719 D Evaluation: Frame 328 sent at 1573044641034
11-06 14:50:41.066 26685 26719 W System.err: java.net.SocketException: Message too long
11-06 14:50:41.066 26685 26719 W System.err: 	at sun.nio.ch.DatagramChannelImpl.send0(Native Method)
11-06 14:50:41.066 26685 26719 W System.err: 	at sun.nio.ch.DatagramChannelImpl.sendFromNativeBuffer(DatagramChannelImpl.java:573)
11-06 14:50:41.066 26685 26719 W System.err: 	at sun.nio.ch.DatagramChannelImpl.send(DatagramChannelImpl.java:550)
11-06 14:50:41.066 26685 26719 W System.err: 	at sun.nio.ch.DatagramChannelImpl.send(DatagramChannelImpl.java:514)
11-06 14:50:41.066 26685 26719 W System.err: 	at symlab.CloudAR.network.TransmissionTask.run(TransmissionTask.java:124)
11-06 14:50:41.066 26685 26719 W System.err: 	at android.os.Handler.handleCallback(Handler.java:907)
11-06 14:50:41.066 26685 26719 W System.err: 	at android.os.Handler.dispatchMessage(Handler.java:105)
11-06 14:50:41.066 26685 26719 W System.err: 	at android.os.Looper.loop(Looper.java:216)
11-06 14:50:41.066 26685 26719 W System.err: 	at android.os.HandlerThread.run(HandlerThread.java:65)
11-06 14:50:41.089 26685 26719 W System.err: java.net.SocketException: Message too long
11-06 14:50:41.089 26685 26719 W System.err: 	at sun.nio.ch.DatagramChannelImpl.send0(Native Method)
11-06 14:50:41.089 26685 26719 W System.err: 	at sun.nio.ch.DatagramChannelImpl.sendFromNativeBuffer(DatagramChannelImpl.java:573)
11-06 14:50:41.089 26685 26719 W System.err: 	at sun.nio.ch.DatagramChannelImpl.send(DatagramChannelImpl.java:550)
11-06 14:50:41.089 26685 26719 W System.err: 	at sun.nio.ch.DatagramChannelImpl.send(DatagramChannelImpl.java:514)
11-06 14:50:41.089 26685 26719 W System.err: 	at symlab.CloudAR.network.TransmissionTask.run(TransmissionTask.java:124)
11-06 14:50:41.089 26685 26719 W System.err: 	at android.os.Handler.handleCallback(Handler.java:907)
11-06 14:50:41.089 26685 26719 W System.err: 	at android.os.Handler.dispatchMessage(Handler.java:105)
11-06 14:50:41.089 26685 26719 W System.err: 	at android.os.Looper.loop(Looper.java:216)
11-06 14:50:41.089 26685 26719 W System.err: 	at android.os.HandlerThread.run(HandlerThread.java:65)
11-06 14:50:41.116 26685 26685 D Poster  : At 1573044641115 location is 65.0595697884039 (latitude), and 25.46683604445598 (longitude)
11-06 14:50:41.119 26685 26685 D Poster  : Connected to mobile network 20
11-06 14:50:41.124 26685 26719 D Evaluation: Frame 331 sent at 1573044641124
11-06 14:50:41.155 26685 26719 W System.err: java.net.SocketException: Message too long
11-06 14:50:41.155 26685 26719 W System.err: 	at sun.nio.ch.DatagramChannelImpl.send0(Native Method)
11-06 14:50:41.155 26685 26719 W System.err: 	at sun.nio.ch.DatagramChannelImpl.sendFromNativeBuffer(DatagramChannelImpl.java:573)
11-06 14:50:41.155 26685 26719 W System.err: 	at sun.nio.ch.DatagramChannelImpl.send(DatagramChannelImpl.java:550)
11-06 14:50:41.155 26685 26719 W System.err: 	at sun.nio.ch.DatagramChannelImpl.send(DatagramChannelImpl.java:514)
11-06 14:50:41.155 26685 26719 W System.err: 	at symlab.CloudAR.network.TransmissionTask.run(TransmissionTask.java:124)
11-06 14:50:41.155 26685 26719 W System.err: 	at android.os.Handler.handleCallback(Handler.java:907)
11-06 14:50:41.155 26685 26719 W System.err: 	at android.os.Handler.dispatchMessage(Handler.java:105)
11-06 14:50:41.155 26685 26719 W System.err: 	at android.os.Looper.loop(Looper.java:216)
11-06 14:50:41.155 26685 26719 W System.err: 	at android.os.HandlerThread.run(HandlerThread.java:65)
11-06 14:50:41.192 26685 26719 W System.err: java.net.SocketException: Message too long
11-06 14:50:41.192 26685 26719 W System.err: 	at sun.nio.ch.DatagramChannelImpl.send0(Native Method)
11-06 14:50:41.192 26685 26719 W System.err: 	at sun.nio.ch.DatagramChannelImpl.sendFromNativeBuffer(DatagramChannelImpl.java:573)
11-06 14:50:41.192 26685 26719 W System.err: 	at sun.nio.ch.DatagramChannelImpl.send(DatagramChannelImpl.java:550)
11-06 14:50:41.192 26685 26719 W System.err: 	at sun.nio.ch.DatagramChannelImpl.send(DatagramChannelImpl.java:514)
11-06 14:50:41.192 26685 26719 W System.err: 	at symlab.CloudAR.network.TransmissionTask.run(TransmissionTask.java:124)
11-06 14:50:41.192 26685 26719 W System.err: 	at android.os.Handler.handleCallback(Handler.java:907)
11-06 14:50:41.192 26685 26719 W System.err: 	at android.os.Handler.dispatchMessage(Handler.java:105)
11-06 14:50:41.192 26685 26719 W System.err: 	at android.os.Looper.loop(Looper.java:216)
11-06 14:50:41.192 26685 26719 W System.err: 	at android.os.HandlerThread.run(HandlerThread.java:65)
11-06 14:50:41.232 26685 26719 W System.err: java.net.SocketException: Message too long
11-06 14:50:41.232 26685 26719 W System.err: 	at sun.nio.ch.DatagramChannelImpl.send0(Native Method)
11-06 14:50:41.232 26685 26719 W System.err: 	at sun.nio.ch.DatagramChannelImpl.sendFromNativeBuffer(DatagramChannelImpl.java:573)
11-06 14:50:41.232 26685 26719 W System.err: 	at sun.nio.ch.DatagramChannelImpl.send(DatagramChannelImpl.java:550)
11-06 14:50:41.232 26685 26719 W System.err: 	at sun.nio.ch.DatagramChannelImpl.send(DatagramChannelImpl.java:514)
11-06 14:50:41.232 26685 26719 W System.err: 	at symlab.CloudAR.network.TransmissionTask.run(TransmissionTask.java:124)
11-06 14:50:41.232 26685 26719 W System.err: 	at android.os.Handler.handleCallback(Handler.java:907)
11-06 14:50:41.232 26685 26719 W System.err: 	at android.os.Handler.dispatchMessage(Handler.java:105)
11-06 14:50:41.232 26685 26719 W System.err: 	at android.os.Looper.loop(Looper.java:216)
11-06 14:50:41.232 26685 26719 W System.err: 	at android.os.HandlerThread.run(HandlerThread.java:65)
11-06 14:50:41.257 26685 26719 W System.err: java.net.SocketException: Message too long
11-06 14:50:41.257 26685 26719 W System.err: 	at sun.nio.ch.DatagramChannelImpl.send0(Native Method)
11-06 14:50:41.257 26685 26719 W System.err: 	at sun.nio.ch.DatagramChannelImpl.sendFromNativeBuffer(DatagramChannelImpl.java:573)
11-06 14:50:41.257 26685 26719 W System.err: 	at sun.nio.ch.DatagramChannelImpl.send(DatagramChannelImpl.java:550)
11-06 14:50:41.257 26685 26719 W System.err: 	at sun.nio.ch.DatagramChannelImpl.send(DatagramChannelImpl.java:514)
11-06 14:50:41.257 26685 26719 W System.err: 	at symlab.CloudAR.network.TransmissionTask.run(TransmissionTask.java:124)
11-06 14:50:41.257 26685 26719 W System.err: 	at android.os.Handler.handleCallback(Handler.java:907)
11-06 14:50:41.257 26685 26719 W System.err: 	at android.os.Handler.dispatchMessage(Handler.java:105)
11-06 14:50:41.257 26685 26719 W System.err: 	at android.os.Looper.loop(Looper.java:216)
11-06 14:50:41.257 26685 26719 W System.err: 	at android.os.HandlerThread.run(HandlerThread.java:65)
11-06 14:50:41.296 26685 26719 D Evaluation: Frame 336 sent at 1573044641296
11-06 14:50:41.339 26685 26696 E         : [ZeroHung]zrhung_get_config: Get config failed for wp[0x0008]
11-06 14:50:41.340 26685 26719 D Evaluation: Frame 338 sent at 1573044641340
11-06 14:50:41.364 26685 26719 W System.err: java.net.SocketException: Message too long
11-06 14:50:41.364 26685 26719 W System.err: 	at sun.nio.ch.DatagramChannelImpl.send0(Native Method)
11-06 14:50:41.364 26685 26719 W System.err: 	at sun.nio.ch.DatagramChannelImpl.sendFromNativeBuffer(DatagramChannelImpl.java:573)
11-06 14:50:41.364 26685 26719 W System.err: 	at sun.nio.ch.DatagramChannelImpl.send(DatagramChannelImpl.java:550)
11-06 14:50:41.364 26685 26719 W System.err: 	at sun.nio.ch.DatagramChannelImpl.send(DatagramChannelImpl.java:514)
11-06 14:50:41.364 26685 26719 W System.err: 	at symlab.CloudAR.network.TransmissionTask.run(TransmissionTask.java:124)
11-06 14:50:41.364 26685 26719 W System.err: 	at android.os.Handler.handleCallback(Handler.java:907)
11-06 14:50:41.364 26685 26719 W System.err: 	at android.os.Handler.dispatchMessage(Handler.java:105)
11-06 14:50:41.364 26685 26719 W System.err: 	at android.os.Looper.loop(Looper.java:216)
11-06 14:50:41.364 26685 26719 W System.err: 	at android.os.HandlerThread.run(HandlerThread.java:65)
11-06 14:50:41.364 26685 26685 W HiTouch_PressGestureDetector: Touch pointer move a lot. The moving distance of X is:120.995605, limit is:60The moving distance of Y is:55.460663, limit is:60
11-06 14:50:41.395 26685 26719 W System.err: java.net.SocketException: Message too long
11-06 14:50:41.395 26685 26719 W System.err: 	at sun.nio.ch.DatagramChannelImpl.send0(Native Method)
11-06 14:50:41.395 26685 26719 W System.err: 	at sun.nio.ch.DatagramChannelImpl.sendFromNativeBuffer(DatagramChannelImpl.java:573)
11-06 14:50:41.395 26685 26719 W System.err: 	at sun.nio.ch.DatagramChannelImpl.send(DatagramChannelImpl.java:550)
11-06 14:50:41.395 26685 26719 W System.err: 	at sun.nio.ch.DatagramChannelImpl.send(DatagramChannelImpl.java:514)
11-06 14:50:41.395 26685 26719 W System.err: 	at symlab.CloudAR.network.TransmissionTask.run(TransmissionTask.java:124)
11-06 14:50:41.395 26685 26719 W System.err: 	at android.os.Handler.handleCallback(Handler.java:907)
11-06 14:50:41.395 26685 26719 W System.err: 	at android.os.Handler.dispatchMessage(Handler.java:105)
11-06 14:50:41.395 26685 26719 W System.err: 	at android.os.Looper.loop(Looper.java:216)
11-06 14:50:41.395 26685 26719 W System.err: 	at android.os.HandlerThread.run(HandlerThread.java:65)
11-06 14:50:41.466 26685 26719 W System.err: java.net.SocketException: Message too long
11-06 14:50:41.466 26685 26719 W System.err: 	at sun.nio.ch.DatagramChannelImpl.send0(Native Method)
11-06 14:50:41.466 26685 26719 W System.err: 	at sun.nio.ch.DatagramChannelImpl.sendFromNativeBuffer(DatagramChannelImpl.java:573)
11-06 14:50:41.466 26685 26719 W System.err: 	at sun.nio.ch.DatagramChannelImpl.send(DatagramChannelImpl.java:550)
11-06 14:50:41.466 26685 26719 W System.err: 	at sun.nio.ch.DatagramChannelImpl.send(DatagramChannelImpl.java:514)
11-06 14:50:41.466 26685 26719 W System.err: 	at symlab.CloudAR.network.TransmissionTask.run(TransmissionTask.java:124)
11-06 14:50:41.466 26685 26719 W System.err: 	at android.os.Handler.handleCallback(Handler.java:907)
11-06 14:50:41.466 26685 26719 W System.err: 	at android.os.Handler.dispatchMessage(Handler.java:105)
11-06 14:50:41.466 26685 26719 W System.err: 	at android.os.Looper.loop(Looper.java:216)
11-06 14:50:41.466 26685 26719 W System.err: 	at android.os.HandlerThread.run(HandlerThread.java:65)
11-06 14:50:41.490 26685 26719 W System.err: java.net.SocketException: Message too long
11-06 14:50:41.490 26685 26719 W System.err: 	at sun.nio.ch.DatagramChannelImpl.send0(Native Method)
11-06 14:50:41.490 26685 26719 W System.err: 	at sun.nio.ch.DatagramChannelImpl.sendFromNativeBuffer(DatagramChannelImpl.java:573)
11-06 14:50:41.490 26685 26719 W System.err: 	at sun.nio.ch.DatagramChannelImpl.send(DatagramChannelImpl.java:550)
11-06 14:50:41.490 26685 26719 W System.err: 	at sun.nio.ch.DatagramChannelImpl.send(DatagramChannelImpl.java:514)
11-06 14:50:41.490 26685 26719 W System.err: 	at symlab.CloudAR.network.TransmissionTask.run(TransmissionTask.java:124)
11-06 14:50:41.490 26685 26719 W System.err: 	at android.os.Handler.handleCallback(Handler.java:907)
11-06 14:50:41.490 26685 26719 W System.err: 	at android.os.Handler.dispatchMessage(Handler.java:105)
11-06 14:50:41.490 26685 26719 W System.err: 	at android.os.Looper.loop(Looper.java:216)
11-06 14:50:41.490 26685 26719 W System.err: 	at android.os.HandlerThread.run(HandlerThread.java:65)
11-06 14:50:41.519 26685 26719 W System.err: java.net.SocketException: Message too long
11-06 14:50:41.519 26685 26719 W System.err: 	at sun.nio.ch.DatagramChannelImpl.send0(Native Method)
11-06 14:50:41.519 26685 26719 W System.err: 	at sun.nio.ch.DatagramChannelImpl.sendFromNativeBuffer(DatagramChannelImpl.java:573)
11-06 14:50:41.519 26685 26719 W System.err: 	at sun.nio.ch.DatagramChannelImpl.send(DatagramChannelImpl.java:550)
11-06 14:50:41.520 26685 26719 W System.err: 	at sun.nio.ch.DatagramChannelImpl.send(DatagramChannelImpl.java:514)
11-06 14:50:41.520 26685 26719 W System.err: 	at symlab.CloudAR.network.TransmissionTask.run(TransmissionTask.java:124)
11-06 14:50:41.520 26685 26719 W System.err: 	at android.os.Handler.handleCallback(Handler.java:907)
11-06 14:50:41.520 26685 26719 W System.err: 	at android.os.Handler.dispatchMessage(Handler.java:105)
11-06 14:50:41.520 26685 26719 W System.err: 	at android.os.Looper.loop(Looper.java:216)
11-06 14:50:41.520 26685 26719 W System.err: 	at android.os.HandlerThread.run(HandlerThread.java:65)
11-06 14:50:41.556 26685 26719 W System.err: java.net.SocketException: Message too long
11-06 14:50:41.556 26685 26719 W System.err: 	at sun.nio.ch.DatagramChannelImpl.send0(Native Method)
11-06 14:50:41.556 26685 26719 W System.err: 	at sun.nio.ch.DatagramChannelImpl.sendFromNativeBuffer(DatagramChannelImpl.java:573)
11-06 14:50:41.556 26685 26719 W System.err: 	at sun.nio.ch.DatagramChannelImpl.send(DatagramChannelImpl.java:550)
11-06 14:50:41.556 26685 26719 W System.err: 	at sun.nio.ch.DatagramChannelImpl.send(DatagramChannelImpl.java:514)
11-06 14:50:41.556 26685 26719 W System.err: 	at symlab.CloudAR.network.TransmissionTask.run(TransmissionTask.java:124)
11-06 14:50:41.556 26685 26719 W System.err: 	at android.os.Handler.handleCallback(Handler.java:907)
11-06 14:50:41.556 26685 26719 W System.err: 	at android.os.Handler.dispatchMessage(Handler.java:105)
11-06 14:50:41.556 26685 26719 W System.err: 	at android.os.Looper.loop(Looper.java:216)
11-06 14:50:41.556 26685 26719 W System.err: 	at android.os.HandlerThread.run(HandlerThread.java:65)
11-06 14:50:41.627 26685 26719 W System.err: java.net.SocketException: Message too long
11-06 14:50:41.627 26685 26719 W System.err: 	at sun.nio.ch.DatagramChannelImpl.send0(Native Method)
11-06 14:50:41.627 26685 26719 W System.err: 	at sun.nio.ch.DatagramChannelImpl.sendFromNativeBuffer(DatagramChannelImpl.java:573)
11-06 14:50:41.627 26685 26719 W System.err: 	at sun.nio.ch.DatagramChannelImpl.send(DatagramChannelImpl.java:550)
11-06 14:50:41.627 26685 26719 W System.err: 	at sun.nio.ch.DatagramChannelImpl.send(DatagramChannelImpl.java:514)
11-06 14:50:41.627 26685 26719 W System.err: 	at symlab.CloudAR.network.TransmissionTask.run(TransmissionTask.java:124)
11-06 14:50:41.628 26685 26719 W System.err: 	at android.os.Handler.handleCallback(Handler.java:907)
11-06 14:50:41.628 26685 26719 W System.err: 	at android.os.Handler.dispatchMessage(Handler.java:105)
11-06 14:50:41.628 26685 26719 W System.err: 	at android.os.Looper.loop(Looper.java:216)
11-06 14:50:41.628 26685 26719 W System.err: 	at android.os.HandlerThread.run(HandlerThread.java:65)
11-06 14:50:41.653 26685 26719 W System.err: java.net.SocketException: Message too long
11-06 14:50:41.654 26685 26719 W System.err: 	at sun.nio.ch.DatagramChannelImpl.send0(Native Method)
11-06 14:50:41.654 26685 26719 W System.err: 	at sun.nio.ch.DatagramChannelImpl.sendFromNativeBuffer(DatagramChannelImpl.java:573)
11-06 14:50:41.654 26685 26719 W System.err: 	at sun.nio.ch.DatagramChannelImpl.send(DatagramChannelImpl.java:550)
11-06 14:50:41.654 26685 26719 W System.err: 	at sun.nio.ch.DatagramChannelImpl.send(DatagramChannelImpl.java:514)
11-06 14:50:41.654 26685 26719 W System.err: 	at symlab.CloudAR.network.TransmissionTask.run(TransmissionTask.java:124)
11-06 14:50:41.654 26685 26719 W System.err: 	at android.os.Handler.handleCallback(Handler.java:907)
11-06 14:50:41.654 26685 26719 W System.err: 	at android.os.Handler.dispatchMessage(Handler.java:105)
11-06 14:50:41.654 26685 26719 W System.err: 	at android.os.Looper.loop(Looper.java:216)
11-06 14:50:41.654 26685 26719 W System.err: 	at android.os.HandlerThread.run(HandlerThread.java:65)
11-06 14:50:41.692 26685 26719 W System.err: java.net.SocketException: Message too long
11-06 14:50:41.692 26685 26719 W System.err: 	at sun.nio.ch.DatagramChannelImpl.send0(Native Method)
11-06 14:50:41.692 26685 26719 W System.err: 	at sun.nio.ch.DatagramChannelImpl.sendFromNativeBuffer(DatagramChannelImpl.java:573)
11-06 14:50:41.692 26685 26719 W System.err: 	at sun.nio.ch.DatagramChannelImpl.send(DatagramChannelImpl.java:550)
11-06 14:50:41.692 26685 26719 W System.err: 	at sun.nio.ch.DatagramChannelImpl.send(DatagramChannelImpl.java:514)
11-06 14:50:41.692 26685 26719 W System.err: 	at symlab.CloudAR.network.TransmissionTask.run(TransmissionTask.java:124)
11-06 14:50:41.692 26685 26719 W System.err: 	at android.os.Handler.handleCallback(Handler.java:907)
11-06 14:50:41.692 26685 26719 W System.err: 	at android.os.Handler.dispatchMessage(Handler.java:105)
11-06 14:50:41.692 26685 26719 W System.err: 	at android.os.Looper.loop(Looper.java:216)
11-06 14:50:41.692 26685 26719 W System.err: 	at android.os.HandlerThread.run(HandlerThread.java:65)
11-06 14:50:41.720 26685 26719 W System.err: java.net.SocketException: Message too long
11-06 14:50:41.720 26685 26719 W System.err: 	at sun.nio.ch.DatagramChannelImpl.send0(Native Method)
11-06 14:50:41.720 26685 26719 W System.err: 	at sun.nio.ch.DatagramChannelImpl.sendFromNativeBuffer(DatagramChannelImpl.java:573)
11-06 14:50:41.720 26685 26719 W System.err: 	at sun.nio.ch.DatagramChannelImpl.send(DatagramChannelImpl.java:550)
11-06 14:50:41.720 26685 26719 W System.err: 	at sun.nio.ch.DatagramChannelImpl.send(DatagramChannelImpl.java:514)
11-06 14:50:41.720 26685 26719 W System.err: 	at symlab.CloudAR.network.TransmissionTask.run(TransmissionTask.java:124)
11-06 14:50:41.720 26685 26719 W System.err: 	at android.os.Handler.handleCallback(Handler.java:907)
11-06 14:50:41.720 26685 26719 W System.err: 	at android.os.Handler.dispatchMessage(Handler.java:105)
11-06 14:50:41.720 26685 26719 W System.err: 	at android.os.Looper.loop(Looper.java:216)
11-06 14:50:41.720 26685 26719 W System.err: 	at android.os.HandlerThread.run(HandlerThread.java:65)
11-06 14:50:41.760 26685 26719 W System.err: java.net.SocketException: Message too long
11-06 14:50:41.760 26685 26719 W System.err: 	at sun.nio.ch.DatagramChannelImpl.send0(Native Method)
11-06 14:50:41.760 26685 26719 W System.err: 	at sun.nio.ch.DatagramChannelImpl.sendFromNativeBuffer(DatagramChannelImpl.java:573)
11-06 14:50:41.760 26685 26719 W System.err: 	at sun.nio.ch.DatagramChannelImpl.send(DatagramChannelImpl.java:550)
11-06 14:50:41.760 26685 26719 W System.err: 	at sun.nio.ch.DatagramChannelImpl.send(DatagramChannelImpl.java:514)
11-06 14:50:41.760 26685 26719 W System.err: 	at symlab.CloudAR.network.TransmissionTask.run(TransmissionTask.java:124)
11-06 14:50:41.760 26685 26719 W System.err: 	at android.os.Handler.handleCallback(Handler.java:907)
11-06 14:50:41.760 26685 26719 W System.err: 	at android.os.Handler.dispatchMessage(Handler.java:105)
11-06 14:50:41.760 26685 26719 W System.err: 	at android.os.Looper.loop(Looper.java:216)
11-06 14:50:41.760 26685 26719 W System.err: 	at android.os.HandlerThread.run(HandlerThread.java:65)
11-06 14:50:41.789 26685 26719 W System.err: java.net.SocketException: Message too long
11-06 14:50:41.789 26685 26719 W System.err: 	at sun.nio.ch.DatagramChannelImpl.send0(Native Method)
11-06 14:50:41.789 26685 26719 W System.err: 	at sun.nio.ch.DatagramChannelImpl.sendFromNativeBuffer(DatagramChannelImpl.java:573)
11-06 14:50:41.789 26685 26719 W System.err: 	at sun.nio.ch.DatagramChannelImpl.send(DatagramChannelImpl.java:550)
11-06 14:50:41.789 26685 26719 W System.err: 	at sun.nio.ch.DatagramChannelImpl.send(DatagramChannelImpl.java:514)
11-06 14:50:41.789 26685 26719 W System.err: 	at symlab.CloudAR.network.TransmissionTask.run(TransmissionTask.java:124)
11-06 14:50:41.789 26685 26719 W System.err: 	at android.os.Handler.handleCallback(Handler.java:907)
11-06 14:50:41.789 26685 26719 W System.err: 	at android.os.Handler.dispatchMessage(Handler.java:105)
11-06 14:50:41.789 26685 26719 W System.err: 	at android.os.Looper.loop(Looper.java:216)
11-06 14:50:41.789 26685 26719 W System.err: 	at android.os.HandlerThread.run(HandlerThread.java:65)
11-06 14:50:41.826 26685 26719 W System.err: java.net.SocketException: Message too long
11-06 14:50:41.826 26685 26719 W System.err: 	at sun.nio.ch.DatagramChannelImpl.send0(Native Method)
11-06 14:50:41.826 26685 26719 W System.err: 	at sun.nio.ch.DatagramChannelImpl.sendFromNativeBuffer(DatagramChannelImpl.java:573)
11-06 14:50:41.826 26685 26719 W System.err: 	at sun.nio.ch.DatagramChannelImpl.send(DatagramChannelImpl.java:550)
11-06 14:50:41.826 26685 26719 W System.err: 	at sun.nio.ch.DatagramChannelImpl.send(DatagramChannelImpl.java:514)
11-06 14:50:41.826 26685 26719 W System.err: 	at symlab.CloudAR.network.TransmissionTask.run(TransmissionTask.java:124)
11-06 14:50:41.826 26685 26719 W System.err: 	at android.os.Handler.handleCallback(Handler.java:907)
11-06 14:50:41.826 26685 26719 W System.err: 	at android.os.Handler.dispatchMessage(Handler.java:105)
11-06 14:50:41.826 26685 26719 W System.err: 	at android.os.Looper.loop(Looper.java:216)
11-06 14:50:41.826 26685 26719 W System.err: 	at android.os.HandlerThread.run(HandlerThread.java:65)
11-06 14:50:41.854 26685 26719 W System.err: java.net.SocketException: Message too long
11-06 14:50:41.854 26685 26719 W System.err: 	at sun.nio.ch.DatagramChannelImpl.send0(Native Method)
11-06 14:50:41.854 26685 26719 W System.err: 	at sun.nio.ch.DatagramChannelImpl.sendFromNativeBuffer(DatagramChannelImpl.java:573)
11-06 14:50:41.854 26685 26719 W System.err: 	at sun.nio.ch.DatagramChannelImpl.send(DatagramChannelImpl.java:550)
11-06 14:50:41.854 26685 26719 W System.err: 	at sun.nio.ch.DatagramChannelImpl.send(DatagramChannelImpl.java:514)
11-06 14:50:41.854 26685 26719 W System.err: 	at symlab.CloudAR.network.TransmissionTask.run(TransmissionTask.java:124)
11-06 14:50:41.854 26685 26719 W System.err: 	at android.os.Handler.handleCallback(Handler.java:907)
11-06 14:50:41.854 26685 26719 W System.err: 	at android.os.Handler.dispatchMessage(Handler.java:105)
11-06 14:50:41.854 26685 26719 W System.err: 	at android.os.Looper.loop(Looper.java:216)
11-06 14:50:41.854 26685 26719 W System.err: 	at android.os.HandlerThread.run(HandlerThread.java:65)
11-06 14:50:41.883 26685 26719 W System.err: java.net.SocketException: Message too long
11-06 14:50:41.883 26685 26719 W System.err: 	at sun.nio.ch.DatagramChannelImpl.send0(Native Method)
11-06 14:50:41.883 26685 26719 W System.err: 	at sun.nio.ch.DatagramChannelImpl.sendFromNativeBuffer(DatagramChannelImpl.java:573)
11-06 14:50:41.883 26685 26719 W System.err: 	at sun.nio.ch.DatagramChannelImpl.send(DatagramChannelImpl.java:550)
11-06 14:50:41.883 26685 26719 W System.err: 	at sun.nio.ch.DatagramChannelImpl.send(DatagramChannelImpl.java:514)
11-06 14:50:41.883 26685 26719 W System.err: 	at symlab.CloudAR.network.TransmissionTask.run(TransmissionTask.java:124)
11-06 14:50:41.883 26685 26719 W System.err: 	at android.os.Handler.handleCallback(Handler.java:907)
11-06 14:50:41.883 26685 26719 W System.err: 	at android.os.Handler.dispatchMessage(Handler.java:105)
11-06 14:50:41.883 26685 26719 W System.err: 	at android.os.Looper.loop(Looper.java:216)
11-06 14:50:41.883 26685 26719 W System.err: 	at android.os.HandlerThread.run(HandlerThread.java:65)
11-06 14:50:41.922 26685 26719 W System.err: java.net.SocketException: Message too long
11-06 14:50:41.922 26685 26719 W System.err: 	at sun.nio.ch.DatagramChannelImpl.send0(Native Method)
11-06 14:50:41.922 26685 26719 W System.err: 	at sun.nio.ch.DatagramChannelImpl.sendFromNativeBuffer(DatagramChannelImpl.java:573)
11-06 14:50:41.922 26685 26719 W System.err: 	at sun.nio.ch.DatagramChannelImpl.send(DatagramChannelImpl.java:550)
11-06 14:50:41.922 26685 26719 W System.err: 	at sun.nio.ch.DatagramChannelImpl.send(DatagramChannelImpl.java:514)
11-06 14:50:41.923 26685 26719 W System.err: 	at symlab.CloudAR.network.TransmissionTask.run(TransmissionTask.java:124)
11-06 14:50:41.923 26685 26719 W System.err: 	at android.os.Handler.handleCallback(Handler.java:907)
11-06 14:50:41.923 26685 26719 W System.err: 	at android.os.Handler.dispatchMessage(Handler.java:105)
11-06 14:50:41.923 26685 26719 W System.err: 	at android.os.Looper.loop(Looper.java:216)
11-06 14:50:41.923 26685 26719 W System.err: 	at android.os.HandlerThread.run(HandlerThread.java:65)
11-06 14:50:41.953 26685 26719 W System.err: java.net.SocketException: Message too long
11-06 14:50:41.953 26685 26719 W System.err: 	at sun.nio.ch.DatagramChannelImpl.send0(Native Method)
11-06 14:50:41.953 26685 26719 W System.err: 	at sun.nio.ch.DatagramChannelImpl.sendFromNativeBuffer(DatagramChannelImpl.java:573)
11-06 14:50:41.953 26685 26719 W System.err: 	at sun.nio.ch.DatagramChannelImpl.send(DatagramChannelImpl.java:550)
11-06 14:50:41.953 26685 26719 W System.err: 	at sun.nio.ch.DatagramChannelImpl.send(DatagramChannelImpl.java:514)
11-06 14:50:41.953 26685 26719 W System.err: 	at symlab.CloudAR.network.TransmissionTask.run(TransmissionTask.java:124)
11-06 14:50:41.953 26685 26719 W System.err: 	at android.os.Handler.handleCallback(Handler.java:907)
11-06 14:50:41.953 26685 26719 W System.err: 	at android.os.Handler.dispatchMessage(Handler.java:105)
11-06 14:50:41.953 26685 26719 W System.err: 	at android.os.Looper.loop(Looper.java:216)
11-06 14:50:41.954 26685 26719 W System.err: 	at android.os.HandlerThread.run(HandlerThread.java:65)
11-06 14:50:41.995 26685 26719 W System.err: java.net.SocketException: Message too long
11-06 14:50:41.995 26685 26719 W System.err: 	at sun.nio.ch.DatagramChannelImpl.send0(Native Method)
11-06 14:50:41.995 26685 26719 W System.err: 	at sun.nio.ch.DatagramChannelImpl.sendFromNativeBuffer(DatagramChannelImpl.java:573)
11-06 14:50:41.995 26685 26719 W System.err: 	at sun.nio.ch.DatagramChannelImpl.send(DatagramChannelImpl.java:550)
11-06 14:50:41.995 26685 26719 W System.err: 	at sun.nio.ch.DatagramChannelImpl.send(DatagramChannelImpl.java:514)
11-06 14:50:41.995 26685 26719 W System.err: 	at symlab.CloudAR.network.TransmissionTask.run(TransmissionTask.java:124)
11-06 14:50:41.995 26685 26719 W System.err: 	at android.os.Handler.handleCallback(Handler.java:907)
11-06 14:50:41.995 26685 26719 W System.err: 	at android.os.Handler.dispatchMessage(Handler.java:105)
11-06 14:50:41.995 26685 26719 W System.err: 	at android.os.Looper.loop(Looper.java:216)
11-06 14:50:41.995 26685 26719 W System.err: 	at android.os.HandlerThread.run(HandlerThread.java:65)
11-06 14:50:42.024 26685 26719 D Evaluation: Frame 356 sent at 1573044642024
11-06 14:50:42.054 26685 26719 D Evaluation: Frame 357 sent at 1573044642054
11-06 14:50:42.090 26685 26719 D Evaluation: Frame 358 sent at 1573044642090
11-06 14:50:42.108 26685 26685 D Poster  : At 1573044642108 location is 65.0595784199959 (latitude), and 25.46684060164828 (longitude)
11-06 14:50:42.110 26685 26685 D Poster  : Connected to mobile network 20
11-06 14:50:42.135 26685 26719 D Evaluation: Frame 359 sent at 1573044642135
11-06 14:50:42.154 26685 26719 D Evaluation: Frame 360 sent at 1573044642154
11-06 14:50:42.188 26685 26719 D Evaluation: Frame 361 sent at 1573044642188
11-06 14:50:42.218 26685 26719 D Evaluation: Frame 362 sent at 1573044642218
11-06 14:50:42.253 26685 26719 D Evaluation: Frame 363 sent at 1573044642253
11-06 14:50:42.294 26685 26719 D Evaluation: Frame 364 sent at 1573044642294
11-06 14:50:42.327 26685 26696 E         : [ZeroHung]zrhung_get_config: Get config failed for wp[0x0008]
11-06 14:50:42.328 26685 26719 D Evaluation: Frame 365 sent at 1573044642328
11-06 14:50:42.355 26685 26719 D Evaluation: Frame 366 sent at 1573044642355
11-06 14:50:42.387 26685 26719 D Evaluation: Frame 367 sent at 1573044642387
11-06 14:50:42.422 26685 26719 D Evaluation: Frame 368 sent at 1573044642422
11-06 14:50:42.454 26685 26719 D Evaluation: Frame 369 sent at 1573044642454
11-06 14:50:42.489 26685 26719 W System.err: java.net.SocketException: Message too long
11-06 14:50:42.489 26685 26719 W System.err: 	at sun.nio.ch.DatagramChannelImpl.send0(Native Method)
11-06 14:50:42.489 26685 26719 W System.err: 	at sun.nio.ch.DatagramChannelImpl.sendFromNativeBuffer(DatagramChannelImpl.java:573)
11-06 14:50:42.489 26685 26719 W System.err: 	at sun.nio.ch.DatagramChannelImpl.send(DatagramChannelImpl.java:550)
11-06 14:50:42.490 26685 26719 W System.err: 	at sun.nio.ch.DatagramChannelImpl.send(DatagramChannelImpl.java:514)
11-06 14:50:42.490 26685 26719 W System.err: 	at symlab.CloudAR.network.TransmissionTask.run(TransmissionTask.java:124)
11-06 14:50:42.490 26685 26719 W System.err: 	at android.os.Handler.handleCallback(Handler.java:907)
11-06 14:50:42.490 26685 26719 W System.err: 	at android.os.Handler.dispatchMessage(Handler.java:105)
11-06 14:50:42.490 26685 26719 W System.err: 	at android.os.Looper.loop(Looper.java:216)
11-06 14:50:42.490 26685 26719 W System.err: 	at android.os.HandlerThread.run(HandlerThread.java:65)
11-06 14:50:42.541 26685 26719 D Evaluation: Frame 371 sent at 1573044642541
11-06 14:50:42.561 26685 26719 D Evaluation: Frame 372 sent at 1573044642561
11-06 14:50:42.585 26685 26719 D Evaluation: Frame 373 sent at 1573044642585
11-06 14:50:42.621 26685 26719 D Evaluation: Frame 374 sent at 1573044642621
11-06 14:50:42.655 26685 26719 D Evaluation: Frame 375 sent at 1573044642655
11-06 14:50:42.694 26685 26719 D Evaluation: Frame 376 sent at 1573044642694
11-06 14:50:42.723 26685 26719 D Evaluation: Frame 377 sent at 1573044642723
11-06 14:50:42.767 26685 26719 D Evaluation: Frame 378 sent at 1573044642767
11-06 14:50:42.791 26685 26719 D Evaluation: Frame 379 sent at 1573044642791
11-06 14:50:42.829 26685 26719 W System.err: java.net.SocketException: Message too long
11-06 14:50:42.829 26685 26719 W System.err: 	at sun.nio.ch.DatagramChannelImpl.send0(Native Method)
11-06 14:50:42.829 26685 26719 W System.err: 	at sun.nio.ch.DatagramChannelImpl.sendFromNativeBuffer(DatagramChannelImpl.java:573)
11-06 14:50:42.829 26685 26719 W System.err: 	at sun.nio.ch.DatagramChannelImpl.send(DatagramChannelImpl.java:550)
11-06 14:50:42.829 26685 26719 W System.err: 	at sun.nio.ch.DatagramChannelImpl.send(DatagramChannelImpl.java:514)
11-06 14:50:42.829 26685 26719 W System.err: 	at symlab.CloudAR.network.TransmissionTask.run(TransmissionTask.java:124)
11-06 14:50:42.829 26685 26719 W System.err: 	at android.os.Handler.handleCallback(Handler.java:907)
11-06 14:50:42.829 26685 26719 W System.err: 	at android.os.Handler.dispatchMessage(Handler.java:105)
11-06 14:50:42.829 26685 26719 W System.err: 	at android.os.Looper.loop(Looper.java:216)
11-06 14:50:42.829 26685 26719 W System.err: 	at android.os.HandlerThread.run(HandlerThread.java:65)
11-06 14:50:42.857 26685 26719 D Evaluation: Frame 381 sent at 1573044642857
11-06 14:50:42.898 26685 26719 D Evaluation: Frame 382 sent at 1573044642898
11-06 14:50:42.927 26685 26719 D Evaluation: Frame 383 sent at 1573044642927
11-06 14:50:42.968 26685 26719 D Evaluation: Frame 384 sent at 1573044642968
11-06 14:50:42.989 26685 26719 D Evaluation: Frame 385 sent at 1573044642989
11-06 14:50:43.030 26685 26719 D Evaluation: Frame 386 sent at 1573044643030
11-06 14:50:43.065 26685 26719 D Evaluation: Frame 387 sent at 1573044643065
11-06 14:50:43.099 26685 26719 D Evaluation: Frame 388 sent at 1573044643099
11-06 14:50:43.104 26685 26685 D Poster  : At 1573044643104 location is 65.05959283022055 (latitude), and 25.466842454540732 (longitude)
11-06 14:50:43.106 26685 26685 D Poster  : Connected to mobile network 20
11-06 14:50:43.134 26685 26719 D Evaluation: Frame 389 sent at 1573044643134
11-06 14:50:43.154 26685 26719 D Evaluation: Frame 390 sent at 1573044643154
11-06 14:50:43.188 26685 26719 D Evaluation: Frame 391 sent at 1573044643188
11-06 14:50:43.223 26685 26719 D Evaluation: Frame 392 sent at 1573044643223
11-06 14:50:43.255 26685 26719 D Evaluation: Frame 393 sent at 1573044643255
11-06 14:50:43.291 26685 26719 D Evaluation: Frame 394 sent at 1573044643291
11-06 14:50:43.346 26685 26719 D Evaluation: Frame 395 sent at 1573044643346
11-06 14:50:43.366 26685 26719 D Evaluation: Frame 396 sent at 1573044643366
11-06 14:50:43.401 26685 26719 D Evaluation: Frame 397 sent at 1573044643401
11-06 14:50:43.427 26685 26719 D Evaluation: Frame 398 sent at 1573044643427
11-06 14:50:43.457 26685 26719 D Evaluation: Frame 399 sent at 1573044643457
11-06 14:50:43.491 26685 26719 D Evaluation: Frame 400 sent at 1573044643491
11-06 14:50:43.527 26685 26719 D Evaluation: Frame 401 sent at 1573044643527
11-06 14:50:43.566 26685 26719 D Evaluation: Frame 402 sent at 1573044643566
11-06 14:50:43.593 26685 26719 D Evaluation: Frame 403 sent at 1573044643593
11-06 14:50:43.626 26685 26719 D Evaluation: Frame 404 sent at 1573044643626
11-06 14:50:43.663 26685 26719 D Evaluation: Frame 405 sent at 1573044643663
11-06 14:50:43.702 26685 26719 D Evaluation: Frame 406 sent at 1573044643702
11-06 14:50:43.736 26685 26719 D Evaluation: Frame 407 sent at 1573044643735
11-06 14:50:43.768 26685 26719 D Evaluation: Frame 408 sent at 1573044643768
11-06 14:50:43.795 26685 26719 D Evaluation: Frame 409 sent at 1573044643795
11-06 14:50:43.838 26685 26719 D Evaluation: Frame 410 sent at 1573044643838
11-06 14:50:43.872 26685 26719 D Evaluation: Frame 411 sent at 1573044643872
11-06 14:50:43.904 26685 26719 D Evaluation: Frame 412 sent at 1573044643904
11-06 14:50:43.930 26685 26719 D Evaluation: Frame 413 sent at 1573044643930
11-06 14:50:43.961 26685 26696 E         : [ZeroHung]zrhung_get_config: Get config failed for wp[0x0008]
11-06 14:50:43.962 26685 26719 D Evaluation: Frame 414 sent at 1573044643962
11-06 14:50:43.997 26685 26719 D Evaluation: Frame 415 sent at 1573044643997
11-06 14:50:44.033 26685 26719 D Evaluation: Frame 416 sent at 1573044644033
11-06 14:50:44.067 26685 26719 D Evaluation: Frame 417 sent at 1573044644067
11-06 14:50:44.105 26685 26685 D Poster  : At 1573044644104 location is 65.05959986717127 (latitude), and 25.46684472289608 (longitude)
11-06 14:50:44.106 26685 26685 D Poster  : Connected to mobile network 20
11-06 14:50:44.110 26685 26719 D Evaluation: Frame 418 sent at 1573044644110
11-06 14:50:44.143 26685 26719 D Evaluation: Frame 419 sent at 1573044644143
11-06 14:50:44.165 26685 26719 D Evaluation: Frame 420 sent at 1573044644165
11-06 14:50:44.202 26685 26719 D Evaluation: Frame 421 sent at 1573044644202
11-06 14:50:44.232 26685 26719 D Evaluation: Frame 422 sent at 1573044644232
11-06 14:50:44.264 26685 26719 D Evaluation: Frame 423 sent at 1573044644264
11-06 14:50:44.299 26685 26719 D Evaluation: Frame 424 sent at 1573044644299
11-06 14:50:44.334 26685 26719 D Evaluation: Frame 425 sent at 1573044644334
11-06 14:50:44.367 26685 26719 D Evaluation: Frame 426 sent at 1573044644367
11-06 14:50:44.402 26685 26719 D Evaluation: Frame 427 sent at 1573044644402
11-06 14:50:44.436 26685 26719 D Evaluation: Frame 428 sent at 1573044644436
11-06 14:50:44.467 26685 26719 D Evaluation: Frame 429 sent at 1573044644467
11-06 14:50:44.508 26685 26719 D Evaluation: Frame 430 sent at 1573044644508
11-06 14:50:44.534 26685 26719 D Evaluation: Frame 431 sent at 1573044644534
11-06 14:50:44.567 26685 26719 D Evaluation: Frame 432 sent at 1573044644567
11-06 14:50:44.602 26685 26719 D Evaluation: Frame 433 sent at 1573044644602
11-06 14:50:44.636 26685 26719 D Evaluation: Frame 434 sent at 1573044644636
11-06 14:50:44.679 26685 26719 D Evaluation: Frame 435 sent at 1573044644679
11-06 14:50:44.704 26685 26719 D Evaluation: Frame 436 sent at 1573044644704
11-06 14:50:44.738 26685 26719 D Evaluation: Frame 437 sent at 1573044644738
11-06 14:50:44.771 26685 26719 D Evaluation: Frame 438 sent at 1573044644771
11-06 14:50:44.800 26685 26719 D Evaluation: Frame 439 sent at 1573044644800
11-06 14:50:44.845 26685 26719 D Evaluation: Frame 440 sent at 1573044644845
11-06 14:50:44.873 26685 26719 D Evaluation: Frame 441 sent at 1573044644873
11-06 14:50:44.910 26685 26719 D Evaluation: Frame 442 sent at 1573044644910
11-06 14:50:44.944 26685 26719 D Evaluation: Frame 443 sent at 1573044644944
11-06 14:50:44.981 26685 26719 D Evaluation: Frame 444 sent at 1573044644981
11-06 14:50:45.007 26685 26719 D Evaluation: Frame 445 sent at 1573044645007
11-06 14:50:45.047 26685 26719 D Evaluation: Frame 446 sent at 1573044645047
11-06 14:50:45.081 26685 26719 D Evaluation: Frame 447 sent at 1573044645081
11-06 14:50:45.103 26685 26685 D Poster  : At 1573044645103 location is 65.0596074866376 (latitude), and 25.466878247908973 (longitude)
11-06 14:50:45.105 26685 26685 D Poster  : Connected to mobile network 20
11-06 14:50:45.147 26685 26719 D Evaluation: Frame 448 sent at 1573044645147
11-06 14:50:45.176 26685 26719 D Evaluation: Frame 449 sent at 1573044645176
11-06 14:50:45.211 26685 26719 D Evaluation: Frame 450 sent at 1573044645211
11-06 14:50:45.244 26685 26719 D Evaluation: Frame 451 sent at 1573044645244
11-06 14:50:45.274 26685 26719 D Evaluation: Frame 452 sent at 1573044645274
11-06 14:50:45.313 26685 26719 D Evaluation: Frame 453 sent at 1573044645313
11-06 14:50:45.340 26685 26719 D Evaluation: Frame 454 sent at 1573044645340
11-06 14:50:45.383 26685 26719 D Evaluation: Frame 455 sent at 1573044645383
11-06 14:50:45.417 26685 26719 D Evaluation: Frame 456 sent at 1573044645417
11-06 14:50:45.451 26685 26719 D Evaluation: Frame 457 sent at 1573044645451
11-06 14:50:45.479 26685 26719 D Evaluation: Frame 458 sent at 1573044645479
11-06 14:50:45.509 26685 26719 D Evaluation: Frame 459 sent at 1573044645509
11-06 14:50:45.544 26685 26719 D Evaluation: Frame 460 sent at 1573044645544
11-06 14:50:45.613 26685 26719 D Evaluation: Frame 461 sent at 1573044645613
11-06 14:50:45.643 26685 26719 D Evaluation: Frame 462 sent at 1573044645643
11-06 14:50:45.677 26685 26696 E         : [ZeroHung]zrhung_get_config: Get config failed for wp[0x0008]
11-06 14:50:45.677 26685 26719 D Evaluation: Frame 463 sent at 1573044645677
11-06 14:50:45.710 26685 26719 D Evaluation: Frame 464 sent at 1573044645710
11-06 14:50:45.754 26685 26719 D Evaluation: Frame 465 sent at 1573044645754
11-06 14:50:45.793 26685 26719 D Evaluation: Frame 466 sent at 1573044645793
11-06 14:50:45.830 26685 26719 D Evaluation: Frame 467 sent at 1573044645830
11-06 14:50:45.855 26685 26719 D Evaluation: Frame 468 sent at 1573044645855
11-06 14:50:45.887 26685 26719 D Evaluation: Frame 469 sent at 1573044645887
11-06 14:50:45.927 26685 26719 D Evaluation: Frame 470 sent at 1573044645927
11-06 14:50:45.954 26685 26719 D Evaluation: Frame 471 sent at 1573044645954
11-06 14:50:45.988 26685 26719 D Evaluation: Frame 472 sent at 1573044645987
11-06 14:50:46.015 26685 26719 D Evaluation: Frame 473 sent at 1573044646015
11-06 14:50:46.067 26685 26719 D Evaluation: Frame 474 sent at 1573044646067
11-06 14:50:46.097 26685 26719 D Evaluation: Frame 475 sent at 1573044646097
11-06 14:50:46.123 26685 26685 D Poster  : At 1573044646123 location is 65.0596148020502 (latitude), and 25.466915460340562 (longitude)
11-06 14:50:46.125 26685 26685 D Poster  : Connected to mobile network 20
11-06 14:50:46.133 26685 26719 D Evaluation: Frame 476 sent at 1573044646133
11-06 14:50:46.165 26685 26719 D Evaluation: Frame 477 sent at 1573044646165
11-06 14:50:46.238 26685 26719 D Evaluation: Frame 478 sent at 1573044646238
11-06 14:50:46.279 26685 26719 D Evaluation: Frame 479 sent at 1573044646279
11-06 14:50:46.302 26685 26719 D Evaluation: Frame 480 sent at 1573044646302
11-06 14:50:46.327 26685 26719 D Evaluation: Frame 481 sent at 1573044646327
11-06 14:50:46.363 26685 26719 D Evaluation: Frame 482 sent at 1573044646363
11-06 14:50:46.401 26685 26719 D Evaluation: Frame 483 sent at 1573044646401
11-06 14:50:46.435 26685 26719 D Evaluation: Frame 484 sent at 1573044646435
11-06 14:50:46.473 26685 26685 W HiTouch_PressGestureDetector: Touch pointer move a lot. The moving distance of X is:84.50293, limit is:60The moving distance of Y is:23.518707, limit is:60
11-06 14:50:46.474 26685 26719 D Evaluation: Frame 485 sent at 1573044646474
11-06 14:50:46.509 26685 26719 D Evaluation: Frame 487 sent at 1573044646508
11-06 14:50:46.526 26685 26719 D Evaluation: Frame 487 sent at 1573044646526
11-06 14:50:46.558 26685 26719 W System.err: java.net.SocketException: Message too long
11-06 14:50:46.558 26685 26719 W System.err: 	at sun.nio.ch.DatagramChannelImpl.send0(Native Method)
11-06 14:50:46.558 26685 26719 W System.err: 	at sun.nio.ch.DatagramChannelImpl.sendFromNativeBuffer(DatagramChannelImpl.java:573)
11-06 14:50:46.558 26685 26719 W System.err: 	at sun.nio.ch.DatagramChannelImpl.send(DatagramChannelImpl.java:550)
11-06 14:50:46.558 26685 26719 W System.err: 	at sun.nio.ch.DatagramChannelImpl.send(DatagramChannelImpl.java:514)
11-06 14:50:46.558 26685 26719 W System.err: 	at symlab.CloudAR.network.TransmissionTask.run(TransmissionTask.java:124)
11-06 14:50:46.558 26685 26719 W System.err: 	at android.os.Handler.handleCallback(Handler.java:907)
11-06 14:50:46.558 26685 26719 W System.err: 	at android.os.Handler.dispatchMessage(Handler.java:105)
11-06 14:50:46.558 26685 26719 W System.err: 	at android.os.Looper.loop(Looper.java:216)
11-06 14:50:46.558 26685 26719 W System.err: 	at android.os.HandlerThread.run(HandlerThread.java:65)
11-06 14:50:46.592 26685 26719 W System.err: java.net.SocketException: Message too long
11-06 14:50:46.592 26685 26719 W System.err: 	at sun.nio.ch.DatagramChannelImpl.send0(Native Method)
11-06 14:50:46.592 26685 26719 W System.err: 	at sun.nio.ch.DatagramChannelImpl.sendFromNativeBuffer(DatagramChannelImpl.java:573)
11-06 14:50:46.592 26685 26719 W System.err: 	at sun.nio.ch.DatagramChannelImpl.send(DatagramChannelImpl.java:550)
11-06 14:50:46.592 26685 26719 W System.err: 	at sun.nio.ch.DatagramChannelImpl.send(DatagramChannelImpl.java:514)
11-06 14:50:46.593 26685 26719 W System.err: 	at symlab.CloudAR.network.TransmissionTask.run(TransmissionTask.java:124)
11-06 14:50:46.593 26685 26719 W System.err: 	at android.os.Handler.handleCallback(Handler.java:907)
11-06 14:50:46.593 26685 26719 W System.err: 	at android.os.Handler.dispatchMessage(Handler.java:105)
11-06 14:50:46.593 26685 26719 W System.err: 	at android.os.Looper.loop(Looper.java:216)
11-06 14:50:46.593 26685 26719 W System.err: 	at android.os.HandlerThread.run(HandlerThread.java:65)
11-06 14:50:46.663 26685 26719 W System.err: java.net.SocketException: Message too long
11-06 14:50:46.664 26685 26719 W System.err: 	at sun.nio.ch.DatagramChannelImpl.send0(Native Method)
11-06 14:50:46.664 26685 26719 W System.err: 	at sun.nio.ch.DatagramChannelImpl.sendFromNativeBuffer(DatagramChannelImpl.java:573)
11-06 14:50:46.664 26685 26719 W System.err: 	at sun.nio.ch.DatagramChannelImpl.send(DatagramChannelImpl.java:550)
11-06 14:50:46.664 26685 26719 W System.err: 	at sun.nio.ch.DatagramChannelImpl.send(DatagramChannelImpl.java:514)
11-06 14:50:46.664 26685 26719 W System.err: 	at symlab.CloudAR.network.TransmissionTask.run(TransmissionTask.java:124)
11-06 14:50:46.664 26685 26719 W System.err: 	at android.os.Handler.handleCallback(Handler.java:907)
11-06 14:50:46.664 26685 26719 W System.err: 	at android.os.Handler.dispatchMessage(Handler.java:105)
11-06 14:50:46.664 26685 26719 W System.err: 	at android.os.Looper.loop(Looper.java:216)
11-06 14:50:46.664 26685 26719 W System.err: 	at android.os.HandlerThread.run(HandlerThread.java:65)
11-06 14:50:46.689 26685 26719 D Evaluation: Frame 491 sent at 1573044646689
11-06 14:50:46.727 26685 26719 D Evaluation: Frame 492 sent at 1573044646727
11-06 14:50:46.805 26685 26719 D Evaluation: Frame 494 sent at 1573044646805
11-06 14:50:46.826 26685 26719 D Evaluation: Frame 494 sent at 1573044646826
11-06 14:50:46.862 26685 26719 D Evaluation: Frame 495 sent at 1573044646862
11-06 14:50:46.903 26685 26719 W System.err: java.net.SocketException: Message too long
11-06 14:50:46.904 26685 26719 W System.err: 	at sun.nio.ch.DatagramChannelImpl.send0(Native Method)
11-06 14:50:46.904 26685 26719 W System.err: 	at sun.nio.ch.DatagramChannelImpl.sendFromNativeBuffer(DatagramChannelImpl.java:573)
11-06 14:50:46.904 26685 26719 W System.err: 	at sun.nio.ch.DatagramChannelImpl.send(DatagramChannelImpl.java:550)
11-06 14:50:46.904 26685 26719 W System.err: 	at sun.nio.ch.DatagramChannelImpl.send(DatagramChannelImpl.java:514)
11-06 14:50:46.904 26685 26719 W System.err: 	at symlab.CloudAR.network.TransmissionTask.run(TransmissionTask.java:124)
11-06 14:50:46.904 26685 26719 W System.err: 	at android.os.Handler.handleCallback(Handler.java:907)
11-06 14:50:46.904 26685 26719 W System.err: 	at android.os.Handler.dispatchMessage(Handler.java:105)
11-06 14:50:46.904 26685 26719 W System.err: 	at android.os.Looper.loop(Looper.java:216)
11-06 14:50:46.904 26685 26719 W System.err: 	at android.os.HandlerThread.run(HandlerThread.java:65)
11-06 14:50:46.928 26685 26719 W System.err: java.net.SocketException: Message too long
11-06 14:50:46.929 26685 26719 W System.err: 	at sun.nio.ch.DatagramChannelImpl.send0(Native Method)
11-06 14:50:46.929 26685 26719 W System.err: 	at sun.nio.ch.DatagramChannelImpl.sendFromNativeBuffer(DatagramChannelImpl.java:573)
11-06 14:50:46.929 26685 26719 W System.err: 	at sun.nio.ch.DatagramChannelImpl.send(DatagramChannelImpl.java:550)
11-06 14:50:46.929 26685 26719 W System.err: 	at sun.nio.ch.DatagramChannelImpl.send(DatagramChannelImpl.java:514)
11-06 14:50:46.929 26685 26719 W System.err: 	at symlab.CloudAR.network.TransmissionTask.run(TransmissionTask.java:124)
11-06 14:50:46.929 26685 26719 W System.err: 	at android.os.Handler.handleCallback(Handler.java:907)
11-06 14:50:46.929 26685 26719 W System.err: 	at android.os.Handler.dispatchMessage(Handler.java:105)
11-06 14:50:46.929 26685 26719 W System.err: 	at android.os.Looper.loop(Looper.java:216)
11-06 14:50:46.929 26685 26719 W System.err: 	at android.os.HandlerThread.run(HandlerThread.java:65)
11-06 14:50:46.956 26685 26719 D Evaluation: Frame 498 sent at 1573044646956
11-06 14:50:47.000 26685 26719 W System.err: java.net.SocketException: Message too long
11-06 14:50:47.000 26685 26719 W System.err: 	at sun.nio.ch.DatagramChannelImpl.send0(Native Method)
11-06 14:50:47.000 26685 26719 W System.err: 	at sun.nio.ch.DatagramChannelImpl.sendFromNativeBuffer(DatagramChannelImpl.java:573)
11-06 14:50:47.000 26685 26719 W System.err: 	at sun.nio.ch.DatagramChannelImpl.send(DatagramChannelImpl.java:550)
11-06 14:50:47.000 26685 26719 W System.err: 	at sun.nio.ch.DatagramChannelImpl.send(DatagramChannelImpl.java:514)
11-06 14:50:47.000 26685 26719 W System.err: 	at symlab.CloudAR.network.TransmissionTask.run(TransmissionTask.java:124)
11-06 14:50:47.000 26685 26719 W System.err: 	at android.os.Handler.handleCallback(Handler.java:907)
11-06 14:50:47.000 26685 26719 W System.err: 	at android.os.Handler.dispatchMessage(Handler.java:105)
11-06 14:50:47.000 26685 26719 W System.err: 	at android.os.Looper.loop(Looper.java:216)
11-06 14:50:47.000 26685 26719 W System.err: 	at android.os.HandlerThread.run(HandlerThread.java:65)
11-06 14:50:47.044 26685 26719 W System.err: java.net.SocketException: Message too long
11-06 14:50:47.044 26685 26719 W System.err: 	at sun.nio.ch.DatagramChannelImpl.send0(Native Method)
11-06 14:50:47.044 26685 26719 W System.err: 	at sun.nio.ch.DatagramChannelImpl.sendFromNativeBuffer(DatagramChannelImpl.java:573)
