11-26 15:22:26.621  7328  7367 W System.err: 	at sun.nio.ch.DatagramChannelImpl.send(DatagramChannelImpl.java:550)
11-26 15:22:26.621  7328  7367 W System.err: 	at sun.nio.ch.DatagramChannelImpl.send(DatagramChannelImpl.java:514)
11-26 15:22:26.622  7328  7367 W System.err: 	at symlab.CloudAR.network.TransmissionTask.run(TransmissionTask.java:133)
11-26 15:22:26.622  7328  7367 W System.err: 	at android.os.Handler.handleCallback(Handler.java:907)
11-26 15:22:26.622  7328  7367 W System.err: 	at android.os.Handler.dispatchMessage(Handler.java:105)
11-26 15:22:26.622  7328  7367 W System.err: 	at android.os.Looper.loop(Looper.java:216)
11-26 15:22:26.622  7328  7367 W System.err: 	at android.os.HandlerThread.run(HandlerThread.java:65)
11-26 15:22:26.662  7328  7367 W System.err: java.net.SocketException: Network is unreachable
11-26 15:22:26.662  7328  7367 W System.err: 	at sun.nio.ch.DatagramChannelImpl.send0(Native Method)
11-26 15:22:26.662  7328  7367 W System.err: 	at sun.nio.ch.DatagramChannelImpl.sendFromNativeBuffer(DatagramChannelImpl.java:573)
11-26 15:22:26.662  7328  7367 W System.err: 	at sun.nio.ch.DatagramChannelImpl.send(DatagramChannelImpl.java:550)
11-26 15:22:26.662  7328  7367 W System.err: 	at sun.nio.ch.DatagramChannelImpl.send(DatagramChannelImpl.java:514)
11-26 15:22:26.662  7328  7367 W System.err: 	at symlab.CloudAR.network.TransmissionTask.run(TransmissionTask.java:133)
11-26 15:22:26.662  7328  7367 W System.err: 	at android.os.Handler.handleCallback(Handler.java:907)
11-26 15:22:26.662  7328  7367 W System.err: 	at android.os.Handler.dispatchMessage(Handler.java:105)
11-26 15:22:26.662  7328  7367 W System.err: 	at android.os.Looper.loop(Looper.java:216)
11-26 15:22:26.662  7328  7367 W System.err: 	at android.os.HandlerThread.run(HandlerThread.java:65)
11-26 15:22:26.694  7328  7367 W System.err: java.net.SocketException: Network is unreachable
11-26 15:22:26.694  7328  7367 W System.err: 	at sun.nio.ch.DatagramChannelImpl.send0(Native Method)
11-26 15:22:26.694  7328  7367 W System.err: 	at sun.nio.ch.DatagramChannelImpl.sendFromNativeBuffer(DatagramChannelImpl.java:573)
11-26 15:22:26.694  7328  7367 W System.err: 	at sun.nio.ch.DatagramChannelImpl.send(DatagramChannelImpl.java:550)
11-26 15:22:26.694  7328  7367 W System.err: 	at sun.nio.ch.DatagramChannelImpl.send(DatagramChannelImpl.java:514)
11-26 15:22:26.694  7328  7367 W System.err: 	at symlab.CloudAR.network.TransmissionTask.run(TransmissionTask.java:133)
11-26 15:22:26.694  7328  7367 W System.err: 	at android.os.Handler.handleCallback(Handler.java:907)
11-26 15:22:26.694  7328  7367 W System.err: 	at android.os.Handler.dispatchMessage(Handler.java:105)
11-26 15:22:26.694  7328  7367 W System.err: 	at android.os.Looper.loop(Looper.java:216)
11-26 15:22:26.694  7328  7367 W System.err: 	at android.os.HandlerThread.run(HandlerThread.java:65)
11-26 15:22:26.717  7328  7367 W System.err: java.net.SocketException: Network is unreachable
11-26 15:22:26.717  7328  7367 W System.err: 	at sun.nio.ch.DatagramChannelImpl.send0(Native Method)
11-26 15:22:26.717  7328  7367 W System.err: 	at sun.nio.ch.DatagramChannelImpl.sendFromNativeBuffer(DatagramChannelImpl.java:573)
11-26 15:22:26.717  7328  7367 W System.err: 	at sun.nio.ch.DatagramChannelImpl.send(DatagramChannelImpl.java:550)
11-26 15:22:26.717  7328  7367 W System.err: 	at sun.nio.ch.DatagramChannelImpl.send(DatagramChannelImpl.java:514)
11-26 15:22:26.717  7328  7367 W System.err: 	at symlab.CloudAR.network.TransmissionTask.run(TransmissionTask.java:133)
11-26 15:22:26.717  7328  7367 W System.err: 	at android.os.Handler.handleCallback(Handler.java:907)
11-26 15:22:26.717  7328  7367 W System.err: 	at android.os.Handler.dispatchMessage(Handler.java:105)
11-26 15:22:26.717  7328  7367 W System.err: 	at android.os.Looper.loop(Looper.java:216)
11-26 15:22:26.717  7328  7367 W System.err: 	at android.os.HandlerThread.run(HandlerThread.java:65)
11-26 15:22:26.750  7328  7367 W System.err: java.net.SocketException: Network is unreachable
11-26 15:22:26.750  7328  7367 W System.err: 	at sun.nio.ch.DatagramChannelImpl.send0(Native Method)
11-26 15:22:26.750  7328  7367 W System.err: 	at sun.nio.ch.DatagramChannelImpl.sendFromNativeBuffer(DatagramChannelImpl.java:573)
11-26 15:22:26.750  7328  7367 W System.err: 	at sun.nio.ch.DatagramChannelImpl.send(DatagramChannelImpl.java:550)
11-26 15:22:26.750  7328  7367 W System.err: 	at sun.nio.ch.DatagramChannelImpl.send(DatagramChannelImpl.java:514)
11-26 15:22:26.750  7328  7367 W System.err: 	at symlab.CloudAR.network.TransmissionTask.run(TransmissionTask.java:133)
11-26 15:22:26.750  7328  7367 W System.err: 	at android.os.Handler.handleCallback(Handler.java:907)
11-26 15:22:26.750  7328  7367 W System.err: 	at android.os.Handler.dispatchMessage(Handler.java:105)
11-26 15:22:26.750  7328  7367 W System.err: 	at android.os.Looper.loop(Looper.java:216)
11-26 15:22:26.750  7328  7367 W System.err: 	at android.os.HandlerThread.run(HandlerThread.java:65)
11-26 15:22:26.785  7328  7367 W System.err: java.net.SocketException: Network is unreachable
11-26 15:22:26.786  7328  7367 W System.err: 	at sun.nio.ch.DatagramChannelImpl.send0(Native Method)
11-26 15:22:26.786  7328  7367 W System.err: 	at sun.nio.ch.DatagramChannelImpl.sendFromNativeBuffer(DatagramChannelImpl.java:573)
11-26 15:22:26.786  7328  7367 W System.err: 	at sun.nio.ch.DatagramChannelImpl.send(DatagramChannelImpl.java:550)
11-26 15:22:26.786  7328  7367 W System.err: 	at sun.nio.ch.DatagramChannelImpl.send(DatagramChannelImpl.java:514)
11-26 15:22:26.786  7328  7367 W System.err: 	at symlab.CloudAR.network.TransmissionTask.run(TransmissionTask.java:133)
11-26 15:22:26.786  7328  7367 W System.err: 	at android.os.Handler.handleCallback(Handler.java:907)
11-26 15:22:26.786  7328  7367 W System.err: 	at android.os.Handler.dispatchMessage(Handler.java:105)
11-26 15:22:26.786  7328  7367 W System.err: 	at android.os.Looper.loop(Looper.java:216)
11-26 15:22:26.786  7328  7367 W System.err: 	at android.os.HandlerThread.run(HandlerThread.java:65)
11-26 15:22:26.813  7328  7367 W System.err: java.net.SocketException: Network is unreachable
11-26 15:22:26.813  7328  7367 W System.err: 	at sun.nio.ch.DatagramChannelImpl.send0(Native Method)
11-26 15:22:26.813  7328  7367 W System.err: 	at sun.nio.ch.DatagramChannelImpl.sendFromNativeBuffer(DatagramChannelImpl.java:573)
11-26 15:22:26.813  7328  7367 W System.err: 	at sun.nio.ch.DatagramChannelImpl.send(DatagramChannelImpl.java:550)
11-26 15:22:26.813  7328  7367 W System.err: 	at sun.nio.ch.DatagramChannelImpl.send(DatagramChannelImpl.java:514)
11-26 15:22:26.814  7328  7367 W System.err: 	at symlab.CloudAR.network.TransmissionTask.run(TransmissionTask.java:133)
11-26 15:22:26.814  7328  7367 W System.err: 	at android.os.Handler.handleCallback(Handler.java:907)
11-26 15:22:26.814  7328  7367 W System.err: 	at android.os.Handler.dispatchMessage(Handler.java:105)
11-26 15:22:26.814  7328  7367 W System.err: 	at android.os.Looper.loop(Looper.java:216)
11-26 15:22:26.814  7328  7367 W System.err: 	at android.os.HandlerThread.run(HandlerThread.java:65)
11-26 15:22:26.854  7328  7367 W System.err: java.net.SocketException: Network is unreachable
11-26 15:22:26.854  7328  7367 W System.err: 	at sun.nio.ch.DatagramChannelImpl.send0(Native Method)
11-26 15:22:26.854  7328  7367 W System.err: 	at sun.nio.ch.DatagramChannelImpl.sendFromNativeBuffer(DatagramChannelImpl.java:573)
11-26 15:22:26.854  7328  7367 W System.err: 	at sun.nio.ch.DatagramChannelImpl.send(DatagramChannelImpl.java:550)
11-26 15:22:26.854  7328  7367 W System.err: 	at sun.nio.ch.DatagramChannelImpl.send(DatagramChannelImpl.java:514)
11-26 15:22:26.854  7328  7367 W System.err: 	at symlab.CloudAR.network.TransmissionTask.run(TransmissionTask.java:133)
11-26 15:22:26.854  7328  7367 W System.err: 	at android.os.Handler.handleCallback(Handler.java:907)
11-26 15:22:26.854  7328  7367 W System.err: 	at android.os.Handler.dispatchMessage(Handler.java:105)
11-26 15:22:26.854  7328  7367 W System.err: 	at android.os.Looper.loop(Looper.java:216)
11-26 15:22:26.854  7328  7367 W System.err: 	at android.os.HandlerThread.run(HandlerThread.java:65)
11-26 15:22:26.885  7328  7367 W System.err: java.net.SocketException: Network is unreachable
11-26 15:22:26.885  7328  7367 W System.err: 	at sun.nio.ch.DatagramChannelImpl.send0(Native Method)
11-26 15:22:26.885  7328  7367 W System.err: 	at sun.nio.ch.DatagramChannelImpl.sendFromNativeBuffer(DatagramChannelImpl.java:573)
11-26 15:22:26.885  7328  7367 W System.err: 	at sun.nio.ch.DatagramChannelImpl.send(DatagramChannelImpl.java:550)
11-26 15:22:26.886  7328  7367 W System.err: 	at sun.nio.ch.DatagramChannelImpl.send(DatagramChannelImpl.java:514)
11-26 15:22:26.886  7328  7367 W System.err: 	at symlab.CloudAR.network.TransmissionTask.run(TransmissionTask.java:133)
11-26 15:22:26.886  7328  7367 W System.err: 	at android.os.Handler.handleCallback(Handler.java:907)
11-26 15:22:26.886  7328  7367 W System.err: 	at android.os.Handler.dispatchMessage(Handler.java:105)
11-26 15:22:26.886  7328  7367 W System.err: 	at android.os.Looper.loop(Looper.java:216)
11-26 15:22:26.886  7328  7367 W System.err: 	at android.os.HandlerThread.run(HandlerThread.java:65)
11-26 15:22:27.772  7328  7339 E         : [ZeroHung]zrhung_get_config: Get config failed for wp[0x0008]
11-26 15:22:27.794  7328  7337 W System  : A resource failed to call close. 
11-26 15:22:27.797  7328  7337 I chatty  : uid=10147(symlab.cloudridar.arhud) FinalizerDaemon identical 23 lines
11-26 15:22:27.797  7328  7337 W System  : A resource failed to call close. 
11-26 15:22:28.913  7328  7339 E         : [ZeroHung]zrhung_get_config: Get config failed for wp[0x0008]
11-26 15:22:28.932  7328  7337 W System  : A resource failed to call close. 
11-26 15:22:28.933  7328  7337 I chatty  : uid=10147(symlab.cloudridar.arhud) FinalizerDaemon identical 30 lines
11-26 15:22:28.933  7328  7337 W System  : A resource failed to call close. 
11-26 15:22:29.671  7328  7328 V InputMethodManager: Reporting focus gain, without startInput
11-26 15:22:30.114  7328  7339 E         : [ZeroHung]zrhung_get_config: Get config failed for wp[0x0008]
11-26 15:22:30.135  7328  7337 W System  : A resource failed to call close. 
11-26 15:22:30.139  7328  7337 I chatty  : uid=10147(symlab.cloudridar.arhud) FinalizerDaemon identical 30 lines
11-26 15:22:30.139  7328  7337 W System  : A resource failed to call close. 
11-26 15:22:30.614  7328  7328 W HiTouch_PressGestureDetector: Touch pointer move a lot. The moving distance of X is:56.76007, limit is:60The moving distance of Y is:94.35356, limit is:60
11-26 15:22:31.148  7328  7339 E         : [ZeroHung]zrhung_get_config: Get config failed for wp[0x0008]
11-26 15:22:31.168  7328  7337 W System  : A resource failed to call close. 
11-26 15:22:31.170  7328  7337 I chatty  : uid=10147(symlab.cloudridar.arhud) FinalizerDaemon identical 30 lines
11-26 15:22:31.170  7328  7337 W System  : A resource failed to call close. 
11-26 15:22:32.228  7328  7339 E         : [ZeroHung]zrhung_get_config: Get config failed for wp[0x0008]
11-26 15:22:32.247  7328  7337 W System  : A resource failed to call close. 
11-26 15:22:32.249  7328  7337 I chatty  : uid=10147(symlab.cloudridar.arhud) FinalizerDaemon identical 30 lines
11-26 15:22:32.249  7328  7337 W System  : A resource failed to call close. 
11-26 15:22:32.760  7328  7328 I Poster  :  onPause() called.
11-26 15:22:32.864  7328  7328 I Camera  : close camera: 0, package name: symlab.cloudridar.arhud
11-26 15:22:32.864  7328  7328 I BackgroundPermManager: pkgName: symlab.cloudridar.arhud,pid: 7328 ,uidOf3RdApk: 10147 ,permType: 0 ,permCfg: 0
11-26 15:22:32.866  7328  7328 I HwCameraUtil: notifySurfaceFlingerCameraStatus : isFront = false , isOpend = false
11-26 15:22:32.902  7328  7328 D ZrHung.AppEyeUiProbe: stop checker.
11-26 15:22:32.951  7328  7328 I Poster  :  surfaceDestroyed() called.
11-26 15:22:32.952  7328  7328 D ViewRootImpl[MainActivity]: surface should not be released
11-26 15:22:32.952  7328  7328 I Poster  :  onStop() called.
11-26 15:22:32.979  7328  7385 W libEGL  : EGLNativeWindowType 0xe2ff0008 disconnect failed
11-26 15:22:33.775  7328  7354 D ZrHung.AppEyeUiProbe: Current Activity:false
11-26 15:22:33.775  7328  7354 D ZrHung.AppEyeUiProbe: not watching, wait.
