--------- beginning of main
11-26 15:24:35.264  7856  7881 E         : [ZeroHung]zrhung_get_config: Get config failed for wp[0x0102]
11-26 15:24:35.264  7856  7881 W ZrHung.AppEyeUiProbe: Failed to get config from zrhung
11-26 15:24:35.266  7879  7879 W logcat  : type=1400 audit(0.0:17389): avc: granted { create } for name="logcat_1574774675254.txt" scontext=u:r:untrusted_app:s0:c147,c256,c512,c768 tcontext=u:object_r:sdcardfs:s0:c147,c256,c512,c768 tclass=file
11-26 15:24:35.268  7856  7856 I MultiDex: Installing application
11-26 15:24:35.268  7856  7856 I MultiDex: VM has multidex support, MultiDex support library is disabled.
--------- beginning of system
11-26 15:24:35.272  7856  7856 V ActivityThread: callActivityOnCreate
11-26 15:24:35.272  7856  7856 I Poster  :  onCreate() called.
11-26 15:24:35.275  7856  7856 I HwApsImpl: APS: new HwApsImpl created
11-26 15:24:35.281  7856  7856 V HwWidgetFactory: : successes to get AllImpl object and return....
11-26 15:24:35.288  7856  7856 D OpenGLRenderer: Skia GL Pipeline
11-26 15:24:35.307  7856  7856 D Poster  : Server details are IP 193.166.28.132 and port 52727
11-26 15:24:35.312  7856  7856 D Poster  : Server bound to IP 193.166.28.132 and port 52727
11-26 15:24:35.316  7856  7856 D ActivityThread: add activity client record, r= ActivityRecord{2c6908f token=android.os.BinderProxy@442f816 {symlab.cloudridar.arhud/symlab.ARHUD.MainActivity}} token= android.os.BinderProxy@442f816
11-26 15:24:35.318  7856  7856 I Poster  :  onStart() called.
11-26 15:24:35.319  7856  7856 D ZrHung.AppEyeUiProbe: notify runnable to start.
11-26 15:24:35.320  7856  7856 I Poster  :  onResume() called.
11-26 15:24:35.324  7856  7856 I PermissionManager: camera remind result:true
11-26 15:24:35.324  7856  7856 I Camera  : open camera: 0, package name: symlab.cloudridar.arhud
11-26 15:24:35.324  7856  7856 I BackgroundPermManager: pkgName: symlab.cloudridar.arhud,pid: 7856 ,uidOf3RdApk: 10147 ,permType: 0 ,permCfg: 1
11-26 15:24:35.325  7856  7856 I HwCameraUtil: notifySurfaceFlingerCameraStatus : isFront = false , isOpend = true
11-26 15:24:35.342  7856  7856 D ActivityThread: isOptEnabled=false isWechatScanOpt=false
11-26 15:24:35.344  7856  7856 I HwSecImmHelper: mSecurityInputMethodService is null
11-26 15:24:35.348  7856  7856 D OpenGLRenderer:   HWUI Binary is  enabled
11-26 15:24:35.363  7856  7910 D HiTouch_PressGestureDetector: onAttached, package=symlab.cloudridar.arhud, windowType=1, mHiTouchRestricted=false
11-26 15:24:35.373  7856  7909 I ConfigStore: android::hardware::configstore::V1_0::ISurfaceFlingerConfigs::hasWideColorDisplay retrieved: 0
11-26 15:24:35.373  7856  7909 I ConfigStore: android::hardware::configstore::V1_0::ISurfaceFlingerConfigs::hasHDRDisplay retrieved: 0
11-26 15:24:35.374  7856  7909 I iGraphics: [0020080c] pn: symlab.cloudridar.arhud, p: 7856
11-26 15:24:35.374  7856  7909 I OpenGLRenderer: Initialized EGL, version 1.4, mEglDisplay 0x1
11-26 15:24:35.374  7856  7909 D OpenGLRenderer: Swap behavior 2
11-26 15:24:35.383  7856  7909 D mali_winsys: EGLint new_window_surface(egl_winsys_display *, void *, EGLSurface, EGLConfig, egl_winsys_surface **, EGLBoolean) returns 0x3000
11-26 15:24:35.393  7856  7856 I Poster  :  surfaceCreated() called.
11-26 15:24:35.393  7856  7856 I Poster  : initPreview() called
11-26 15:24:35.394  7856  7867 E         : [ZeroHung]zrhung_get_config: Get config failed for wp[0x0008]
11-26 15:24:35.398  7856  7856 I PermissionManager: camera remind result:true
11-26 15:24:35.403  7856  7856 I Poster  :  surfaceChanged() called.
11-26 15:24:35.408  7856  7865 W System  : A resource failed to call close. 
11-26 15:24:35.417  7856  7856 W InputMethodManager: startInputReason = 1
11-26 15:24:35.426  7856  7856 W InputMethodManager: startInputReason = 5
11-26 15:24:36.019  7856  7856 D Poster  : At 1574774676018 location is 65.05794840600358 (latitude), and 25.470845667889222 (longitude)
11-26 15:24:36.021  7856  7856 D Poster  : Connected to mobile network 20
11-26 15:24:36.336  7856  7891 D Evaluation: 5 res for frame 6 received at 1574774676336
11-26 15:24:36.789  7856  7891 D Evaluation: 5 res for frame 7 received at 1574774676789
11-26 15:24:36.850  7856  7867 E         : [ZeroHung]zrhung_get_config: Get config failed for wp[0x0008]
11-26 15:24:36.878  7856  7865 W System  : A resource failed to call close. 
11-26 15:24:36.881  7856  7865 I chatty  : uid=10147(symlab.cloudridar.arhud) FinalizerDaemon identical 33 lines
11-26 15:24:36.881  7856  7865 W System  : A resource failed to call close. 
11-26 15:24:37.027  7856  7856 D Poster  : At 1574774677027 location is 65.05794107071502 (latitude), and 25.47085222386371 (longitude)
11-26 15:24:37.029  7856  7856 D Poster  : Connected to mobile network 20
11-26 15:24:37.930  7856  7867 E         : [ZeroHung]zrhung_get_config: Get config failed for wp[0x0008]
11-26 15:24:37.950  7856  7865 W System  : A resource failed to call close. 
11-26 15:24:37.953  7856  7865 I chatty  : uid=10147(symlab.cloudridar.arhud) FinalizerDaemon identical 24 lines
11-26 15:24:37.953  7856  7865 W System  : A resource failed to call close. 
11-26 15:24:37.953  7856  7865 W System  : A resource failed to call close. 
11-26 15:24:37.954  7856  7865 I chatty  : uid=10147(symlab.cloudridar.arhud) FinalizerDaemon identical 4 lines
11-26 15:24:37.954  7856  7865 W System  : A resource failed to call close. 
11-26 15:24:38.038  7856  7856 D Poster  : At 1574774678038 location is 65.05792846721863 (latitude), and 25.47082288268776 (longitude)
11-26 15:24:38.040  7856  7856 D Poster  : Connected to mobile network 20
11-26 15:24:38.459  7856  7856 D stylus  : init stylus touchlistener.
11-26 15:24:38.464  7856  7856 W Settings: Setting device_provisioned has moved from android.provider.Settings.Secure to android.provider.Settings.Global.
11-26 15:24:38.465  7856  7856 V HiTouch_HiTouchSensor: User setup is finished.
11-26 15:24:38.522  7856  7856 W HiTouch_PressGestureDetector: Touch pointer move a lot. The moving distance of X is:0.12878418, limit is:60The moving distance of Y is:95.77681, limit is:60
11-26 15:24:39.032  7856  7856 D Poster  : At 1574774679032 location is 65.05792493770723 (latitude), and 25.470801622792525 (longitude)
11-26 15:24:39.033  7856  7856 D Poster  : Connected to mobile network 20
11-26 15:24:39.090  7856  7867 E         : [ZeroHung]zrhung_get_config: Get config failed for wp[0x0008]
11-26 15:24:39.106  7856  7865 W System  : A resource failed to call close. 
11-26 15:24:39.106  7856  7865 W System  : A resource failed to call close. 
11-26 15:24:39.106  7856  7865 W System  : A resource failed to call close. 
11-26 15:24:39.106  7856  7865 W System  : A resource failed to call close. 
11-26 15:24:39.106  7856  7865 W System  : A resource failed to call close. 
11-26 15:24:39.107  7856  7865 W System  : A resource failed to call close. 
11-26 15:24:39.107  7856  7865 W System  : A resource failed to call close. 
11-26 15:24:39.107  7856  7865 W System  : A resource failed to call close. 
11-26 15:24:39.107  7856  7865 W System  : A resource failed to call close. 
11-26 15:24:39.108  7856  7865 W System  : A resource failed to call close. 
11-26 15:24:39.108  7856  7865 I chatty  : uid=10147(symlab.cloudridar.arhud) FinalizerDaemon identical 2 lines
11-26 15:24:39.108  7856  7865 W System  : A resource failed to call close. 
11-26 15:24:39.109  7856  7865 W System  : A resource failed to call close. 
11-26 15:24:39.116  7856  7865 I chatty  : uid=10147(symlab.cloudridar.arhud) FinalizerDaemon identical 17 lines
11-26 15:24:39.116  7856  7865 W System  : A resource failed to call close. 
11-26 15:24:40.036  7856  7856 D Poster  : At 1574774680036 location is 65.05793202971239 (latitude), and 25.470777095315846 (longitude)
11-26 15:24:40.038  7856  7856 D Poster  : Connected to mobile network 20
11-26 15:24:40.236  7856  7867 E         : [ZeroHung]zrhung_get_config: Get config failed for wp[0x0008]
11-26 15:24:40.239  7856  7872 I loudridar.arhu: Waiting for a blocking GC ProfileSaver
11-26 15:24:40.251  7856  7856 I AwareBitmapCacher: init lrucache size: 2097152 pid=7856
11-26 15:24:40.253  7856  7872 I loudridar.arhu: WaitForGcToComplete blocked ProfileSaver on HeapTrim for 13.669ms
11-26 15:24:40.254  7856  7865 W System  : A resource failed to call close. 
11-26 15:24:40.256  7856  7865 I chatty  : uid=10147(symlab.cloudridar.arhud) FinalizerDaemon identical 31 lines
11-26 15:24:40.256  7856  7865 W System  : A resource failed to call close. 
11-26 15:24:41.033  7856  7856 D Poster  : At 1574774681033 location is 65.05793503545642 (latitude), and 25.470719676361057 (longitude)
11-26 15:24:41.036  7856  7856 D Poster  : Connected to mobile network 20
11-26 15:24:41.347  7856  7867 E         : [ZeroHung]zrhung_get_config: Get config failed for wp[0x0008]
11-26 15:24:41.362  7856  7865 W System  : A resource failed to call close. 
11-26 15:24:41.364  7856  7865 I chatty  : uid=10147(symlab.cloudridar.arhud) FinalizerDaemon identical 30 lines
11-26 15:24:41.364  7856  7865 W System  : A resource failed to call close. 
11-26 15:24:42.027  7856  7856 D Poster  : At 1574774682027 location is 65.05793991003559 (latitude), and 25.470662310967647 (longitude)
11-26 15:24:42.030  7856  7856 D Poster  : Connected to mobile network 20
11-26 15:24:42.621  7856  7867 E         : [ZeroHung]zrhung_get_config: Get config failed for wp[0x0008]
11-26 15:24:42.637  7856  7865 W System  : A resource failed to call close. 
11-26 15:24:42.640  7856  7865 I chatty  : uid=10147(symlab.cloudridar.arhud) FinalizerDaemon identical 30 lines
11-26 15:24:42.640  7856  7865 W System  : A resource failed to call close. 
11-26 15:24:43.033  7856  7856 D Poster  : At 1574774683033 location is 65.05793970034118 (latitude), and 25.47062494855817 (longitude)
11-26 15:24:43.035  7856  7856 D Poster  : Connected to mobile network 20
11-26 15:24:43.750  7856  7867 E         : [ZeroHung]zrhung_get_config: Get config failed for wp[0x0008]
11-26 15:24:43.772  7856  7865 W System  : A resource failed to call close. 
11-26 15:24:43.777  7856  7865 I chatty  : uid=10147(symlab.cloudridar.arhud) FinalizerDaemon identical 32 lines
11-26 15:24:43.777  7856  7865 W System  : A resource failed to call close. 
11-26 15:24:44.036  7856  7856 D Poster  : At 1574774684035 location is 65.05793537089694 (latitude), and 25.470614252542994 (longitude)
11-26 15:24:44.038  7856  7856 D Poster  : Connected to mobile network 20
11-26 15:24:44.658  7856  7867 E         : [ZeroHung]zrhung_get_config: Get config failed for wp[0x0008]
11-26 15:24:44.681  7856  7865 W System  : A resource failed to call close. 
11-26 15:24:44.684  7856  7865 I chatty  : uid=10147(symlab.cloudridar.arhud) FinalizerDaemon identical 23 lines
11-26 15:24:44.684  7856  7865 W System  : A resource failed to call close. 
11-26 15:24:45.033  7856  7856 D Poster  : At 1574774685033 location is 65.05792393909887 (latitude), and 25.470607965518095 (longitude)
11-26 15:24:45.035  7856  7856 D Poster  : Connected to mobile network 20
11-26 15:24:45.934  7856  7867 E         : [ZeroHung]zrhung_get_config: Get config failed for wp[0x0008]
11-26 15:24:45.954  7856  7865 W System  : A resource failed to call close. 
11-26 15:24:45.958  7856  7865 I chatty  : uid=10147(symlab.cloudridar.arhud) FinalizerDaemon identical 33 lines
11-26 15:24:45.958  7856  7865 W System  : A resource failed to call close. 
11-26 15:24:46.039  7856  7856 D Poster  : At 1574774686039 location is 65.05791677820417 (latitude), and 25.470669515300795 (longitude)
11-26 15:24:46.042  7856  7856 D Poster  : Connected to mobile network 20
11-26 15:24:47.045  7856  7856 D Poster  : At 1574774687045 location is 65.05791199428931 (latitude), and 25.470684192934453 (longitude)
11-26 15:24:47.046  7856  7867 E         : [ZeroHung]zrhung_get_config: Get config failed for wp[0x0008]
11-26 15:24:47.048  7856  7856 D Poster  : Connected to mobile network 20
11-26 15:24:47.072  7856  7865 W System  : A resource failed to call close. 
11-26 15:24:47.074  7856  7865 I chatty  : uid=10147(symlab.cloudridar.arhud) FinalizerDaemon identical 31 lines
11-26 15:24:47.075  7856  7865 W System  : A resource failed to call close. 
11-26 15:24:48.041  7856  7856 D Poster  : At 1574774688040 location is 65.05790763503724 (latitude), and 25.470689693374087 (longitude)
11-26 15:24:48.043  7856  7856 D Poster  : Connected to mobile network 20
11-26 15:24:48.052  7856  7867 E         : [ZeroHung]zrhung_get_config: Get config failed for wp[0x0008]
11-26 15:24:48.079  7856  7865 W System  : A resource failed to call close. 
11-26 15:24:48.080  7856  7865 I chatty  : uid=10147(symlab.cloudridar.arhud) FinalizerDaemon identical 11 lines
11-26 15:24:48.080  7856  7865 W System  : A resource failed to call close. 
11-26 15:24:48.080  7856  7865 W System  : A resource failed to call close. 
11-26 15:24:48.080  7856  7865 I chatty  : uid=10147(symlab.cloudridar.arhud) FinalizerDaemon identical 5 lines
11-26 15:24:48.081  7856  7865 W System  : A resource failed to call close. 
11-26 15:24:48.081  7856  7865 W System  : A resource failed to call close. 
11-26 15:24:48.081  7856  7865 W System  : A resource failed to call close. 
11-26 15:24:48.081  7856  7865 W System  : A resource failed to call close. 
11-26 15:24:48.081  7856  7865 W System  : A resource failed to call close. 
11-26 15:24:48.081  7856  7865 W System  : A resource failed to call close. 
11-26 15:24:48.081  7856  7865 W System  : A resource failed to call close. 
11-26 15:24:48.081  7856  7865 I chatty  : uid=10147(symlab.cloudridar.arhud) FinalizerDaemon identical 1 line
11-26 15:24:48.081  7856  7865 W System  : A resource failed to call close. 
11-26 15:24:49.029  7856  7856 D Poster  : At 1574774689029 location is 65.05788547262492 (latitude), and 25.47066068644406 (longitude)
11-26 15:24:49.031  7856  7856 D Poster  : Connected to mobile network 20
11-26 15:24:49.167  7856  7867 E         : [ZeroHung]zrhung_get_config: Get config failed for wp[0x0008]
11-26 15:24:49.190  7856  7865 W System  : A resource failed to call close. 
11-26 15:24:49.190  7856  7865 W System  : A resource failed to call close. 
11-26 15:24:49.196  7856  7865 I chatty  : uid=10147(symlab.cloudridar.arhud) FinalizerDaemon identical 29 lines
11-26 15:24:49.196  7856  7865 W System  : A resource failed to call close. 
11-26 15:24:50.055  7856  7856 D Poster  : At 1574774690055 location is 65.05788566236689 (latitude), and 25.47062554182254 (longitude)
11-26 15:24:50.057  7856  7856 D Poster  : Connected to mobile network 20
11-26 15:24:50.198  7856  7867 E         : [ZeroHung]zrhung_get_config: Get config failed for wp[0x0008]
11-26 15:24:50.219  7856  7865 W System  : A resource failed to call close. 
11-26 15:24:50.224  7856  7865 I chatty  : uid=10147(symlab.cloudridar.arhud) FinalizerDaemon identical 28 lines
11-26 15:24:50.224  7856  7865 W System  : A resource failed to call close. 
11-26 15:24:51.040  7856  7856 D Poster  : At 1574774691040 location is 65.05789433093823 (latitude), and 25.470628603167786 (longitude)
11-26 15:24:51.043  7856  7856 D Poster  : Connected to mobile network 20
11-26 15:24:51.256  7856  7867 E         : [ZeroHung]zrhung_get_config: Get config failed for wp[0x0008]
11-26 15:24:51.273  7856  7865 W System  : A resource failed to call close. 
11-26 15:24:51.275  7856  7865 I chatty  : uid=10147(symlab.cloudridar.arhud) FinalizerDaemon identical 28 lines
11-26 15:24:51.275  7856  7865 W System  : A resource failed to call close. 
11-26 15:24:52.035  7856  7856 D Poster  : At 1574774692034 location is 65.05789568228745 (latitude), and 25.470638128878026 (longitude)
11-26 15:24:52.037  7856  7856 D Poster  : Connected to mobile network 20
11-26 15:24:52.598  7856  7867 E         : [ZeroHung]zrhung_get_config: Get config failed for wp[0x0008]
11-26 15:24:52.623  7856  7865 W System  : A resource failed to call close. 
11-26 15:24:52.626  7856  7865 I chatty  : uid=10147(symlab.cloudridar.arhud) FinalizerDaemon identical 34 lines
11-26 15:24:52.626  7856  7865 W System  : A resource failed to call close. 
11-26 15:24:53.030  7856  7856 D Poster  : At 1574774693030 location is 65.05790099384237 (latitude), and 25.47064474302597 (longitude)
11-26 15:24:53.035  7856  7856 D Poster  : Connected to mobile network 20
11-26 15:24:53.786  7856  7867 E         : [ZeroHung]zrhung_get_config: Get config failed for wp[0x0008]
11-26 15:24:53.814  7856  7865 W System  : A resource failed to call close. 
11-26 15:24:53.816  7856  7865 I chatty  : uid=10147(symlab.cloudridar.arhud) FinalizerDaemon identical 33 lines
11-26 15:24:53.816  7856  7865 W System  : A resource failed to call close. 
11-26 15:24:54.049  7856  7856 D Poster  : At 1574774694048 location is 65.0578996175512 (latitude), and 25.470653585032007 (longitude)
11-26 15:24:54.051  7856  7856 D Poster  : Connected to mobile network 20
11-26 15:24:54.890  7856  7867 E         : [ZeroHung]zrhung_get_config: Get config failed for wp[0x0008]
11-26 15:24:54.917  7856  7865 W System  : A resource failed to call close. 
11-26 15:24:54.921  7856  7865 I chatty  : uid=10147(symlab.cloudridar.arhud) FinalizerDaemon identical 30 lines
11-26 15:24:54.921  7856  7865 W System  : A resource failed to call close. 
11-26 15:24:55.028  7856  7856 D Poster  : At 1574774695028 location is 65.05789737543422 (latitude), and 25.470674886763003 (longitude)
11-26 15:24:55.030  7856  7856 D Poster  : Connected to mobile network 20
11-26 15:24:56.032  7856  7856 D Poster  : At 1574774696032 location is 65.05789088482346 (latitude), and 25.47067257482772 (longitude)
11-26 15:24:56.036  7856  7856 D Poster  : Connected to mobile network 20
11-26 15:24:56.186  7856  7867 E         : [ZeroHung]zrhung_get_config: Get config failed for wp[0x0008]
11-26 15:24:56.212  7856  7865 W System  : A resource failed to call close. 
11-26 15:24:56.214  7856  7865 I chatty  : uid=10147(symlab.cloudridar.arhud) FinalizerDaemon identical 32 lines
11-26 15:24:56.214  7856  7865 W System  : A resource failed to call close. 
11-26 15:24:57.041  7856  7856 D Poster  : At 1574774697041 location is 65.05788647461117 (latitude), and 25.470698085205605 (longitude)
11-26 15:24:57.043  7856  7856 D Poster  : Connected to mobile network 20
11-26 15:24:57.417  7856  7867 E         : [ZeroHung]zrhung_get_config: Get config failed for wp[0x0008]
11-26 15:24:57.435  7856  7865 W System  : A resource failed to call close. 
11-26 15:24:57.436  7856  7865 I chatty  : uid=10147(symlab.cloudridar.arhud) FinalizerDaemon identical 3 lines
11-26 15:24:57.436  7856  7865 W System  : A resource failed to call close. 
11-26 15:24:57.436  7856  7865 W System  : A resource failed to call close. 
11-26 15:24:57.440  7856  7865 I chatty  : uid=10147(symlab.cloudridar.arhud) FinalizerDaemon identical 29 lines
11-26 15:24:57.441  7856  7865 W System  : A resource failed to call close. 
11-26 15:24:58.035  7856  7856 D Poster  : At 1574774698035 location is 65.057882479783 (latitude), and 25.47071436679798 (longitude)
11-26 15:24:58.037  7856  7856 D Poster  : Connected to mobile network 20
11-26 15:24:58.699  7856  7867 E         : [ZeroHung]zrhung_get_config: Get config failed for wp[0x0008]
11-26 15:24:58.720  7856  7865 W System  : A resource failed to call close. 
11-26 15:24:58.727  7856  7865 I chatty  : uid=10147(symlab.cloudridar.arhud) FinalizerDaemon identical 32 lines
11-26 15:24:58.727  7856  7865 W System  : A resource failed to call close. 
11-26 15:24:59.034  7856  7856 D Poster  : At 1574774699034 location is 65.05787843749408 (latitude), and 25.470725200291934 (longitude)
11-26 15:24:59.038  7856  7856 D Poster  : Connected to mobile network 20
11-26 15:24:59.772  7856  7867 E         : [ZeroHung]zrhung_get_config: Get config failed for wp[0x0008]
11-26 15:24:59.798  7856  7865 W System  : A resource failed to call close. 
11-26 15:24:59.798  7856  7865 W System  : A resource failed to call close. 
11-26 15:24:59.798  7856  7865 W System  : A resource failed to call close. 
11-26 15:24:59.798  7856  7865 W System  : A resource failed to call close. 
11-26 15:24:59.798  7856  7865 W System  : A resource failed to call close. 
11-26 15:24:59.798  7856  7865 W System  : A resource failed to call close. 
11-26 15:24:59.798  7856  7865 W System  : A resource failed to call close. 
11-26 15:24:59.798  7856  7865 W System  : A resource failed to call close. 
11-26 15:24:59.798  7856  7865 W System  : A resource failed to call close. 
11-26 15:24:59.798  7856  7865 W System  : A resource failed to call close. 
11-26 15:24:59.799  7856  7865 I chatty  : uid=10147(symlab.cloudridar.arhud) FinalizerDaemon identical 2 lines
11-26 15:24:59.799  7856  7865 W System  : A resource failed to call close. 
11-26 15:24:59.799  7856  7865 W System  : A resource failed to call close. 
11-26 15:24:59.799  7856  7865 I chatty  : uid=10147(symlab.cloudridar.arhud) FinalizerDaemon identical 2 lines
11-26 15:24:59.799  7856  7865 W System  : A resource failed to call close. 
11-26 15:24:59.799  7856  7865 W System  : A resource failed to call close. 
11-26 15:24:59.799  7856  7865 I chatty  : uid=10147(symlab.cloudridar.arhud) FinalizerDaemon identical 4 lines
11-26 15:24:59.799  7856  7865 W System  : A resource failed to call close. 
11-26 15:24:59.800  7856  7865 W System  : A resource failed to call close. 
11-26 15:24:59.800  7856  7865 I chatty  : uid=10147(symlab.cloudridar.arhud) FinalizerDaemon identical 6 lines
11-26 15:24:59.800  7856  7865 W System  : A resource failed to call close. 
11-26 15:25:00.038  7856  7856 D Poster  : At 1574774700038 location is 65.05787798478336 (latitude), and 25.47073647565556 (longitude)
11-26 15:25:00.041  7856  7856 D Poster  : Connected to mobile network 20
11-26 15:25:01.008  7856  7867 E         : [ZeroHung]zrhung_get_config: Get config failed for wp[0x0008]
11-26 15:25:01.033  7856  7865 W System  : A resource failed to call close. 
11-26 15:25:01.034  7856  7865 I chatty  : uid=10147(symlab.cloudridar.arhud) FinalizerDaemon identical 10 lines
11-26 15:25:01.034  7856  7865 W System  : A resource failed to call close. 
11-26 15:25:01.034  7856  7856 D Poster  : At 1574774701034 location is 65.05787850264801 (latitude), and 25.470722861746015 (longitude)
11-26 15:25:01.034  7856  7865 W System  : A resource failed to call close. 
11-26 15:25:01.034  7856  7865 I chatty  : uid=10147(symlab.cloudridar.arhud) FinalizerDaemon identical 2 lines
11-26 15:25:01.034  7856  7865 W System  : A resource failed to call close. 
11-26 15:25:01.034  7856  7865 W System  : A resource failed to call close. 
11-26 15:25:01.035  7856  7865 I chatty  : uid=10147(symlab.cloudridar.arhud) FinalizerDaemon identical 4 lines
11-26 15:25:01.035  7856  7865 W System  : A resource failed to call close. 
11-26 15:25:01.035  7856  7865 W System  : A resource failed to call close. 
11-26 15:25:01.035  7856  7865 I chatty  : uid=10147(symlab.cloudridar.arhud) FinalizerDaemon identical 3 lines
11-26 15:25:01.035  7856  7865 W System  : A resource failed to call close. 
11-26 15:25:01.036  7856  7856 D Poster  : Connected to mobile network 20
11-26 15:25:01.041  7856  7865 W System  : A resource failed to call close. 
11-26 15:25:01.041  7856  7865 I chatty  : uid=10147(symlab.cloudridar.arhud) FinalizerDaemon identical 1 line
11-26 15:25:01.041  7856  7865 W System  : A resource failed to call close. 
11-26 15:25:01.041  7856  7865 W System  : A resource failed to call close. 
11-26 15:25:01.041  7856  7865 W System  : A resource failed to call close. 
11-26 15:25:01.041  7856  7865 W System  : A resource failed to call close. 
11-26 15:25:02.050  7856  7856 D Poster  : At 1574774702050 location is 65.05787754148041 (latitude), and 25.470718254876832 (longitude)
11-26 15:25:02.052  7856  7856 D Poster  : Connected to mobile network 20
11-26 15:25:02.313  7856  7867 E         : [ZeroHung]zrhung_get_config: Get config failed for wp[0x0008]
11-26 15:25:02.339  7856  7865 W System  : A resource failed to call close. 
11-26 15:25:02.343  7856  7865 I chatty  : uid=10147(symlab.cloudridar.arhud) FinalizerDaemon identical 36 lines
11-26 15:25:02.343  7856  7865 W System  : A resource failed to call close. 
11-26 15:25:03.026  7856  7856 D Poster  : At 1574774703025 location is 65.05787385848325 (latitude), and 25.47069985852829 (longitude)
11-26 15:25:03.028  7856  7856 D Poster  : Connected to mobile network 20
11-26 15:25:03.699  7856  7867 E         : [ZeroHung]zrhung_get_config: Get config failed for wp[0x0008]
11-26 15:25:03.721  7856  7865 W System  : A resource failed to call close. 
11-26 15:25:03.723  7856  7865 I chatty  : uid=10147(symlab.cloudridar.arhud) FinalizerDaemon identical 33 lines
11-26 15:25:03.723  7856  7865 W System  : A resource failed to call close. 
11-26 15:25:04.035  7856  7856 D Poster  : At 1574774704035 location is 65.05786498147249 (latitude), and 25.47075591925804 (longitude)
11-26 15:25:04.037  7856  7856 D Poster  : Connected to mobile network 20
11-26 15:25:04.931  7856  7867 E         : [ZeroHung]zrhung_get_config: Get config failed for wp[0x0008]
11-26 15:25:04.952  7856  7865 W System  : A resource failed to call close. 
11-26 15:25:04.952  7856  7865 I chatty  : uid=10147(symlab.cloudridar.arhud) FinalizerDaemon identical 2 lines
11-26 15:25:04.952  7856  7865 W System  : A resource failed to call close. 
11-26 15:25:04.952  7856  7865 W System  : A resource failed to call close. 
11-26 15:25:04.956  7856  7865 I chatty  : uid=10147(symlab.cloudridar.arhud) FinalizerDaemon identical 30 lines
11-26 15:25:04.956  7856  7865 W System  : A resource failed to call close. 
11-26 15:25:05.037  7856  7856 D Poster  : At 1574774705037 location is 65.05786014197722 (latitude), and 25.470763409706443 (longitude)
11-26 15:25:05.040  7856  7856 D Poster  : Connected to mobile network 20
11-26 15:25:06.024  7856  7856 D Poster  : At 1574774706023 location is 65.05785093329641 (latitude), and 25.470779076737404 (longitude)
11-26 15:25:06.025  7856  7856 D Poster  : Connected to mobile network 20
11-26 15:25:06.123  7856  7867 E         : [ZeroHung]zrhung_get_config: Get config failed for wp[0x0008]
11-26 15:25:06.153  7856  7865 W System  : A resource failed to call close. 
11-26 15:25:06.153  7856  7865 I chatty  : uid=10147(symlab.cloudridar.arhud) FinalizerDaemon identical 1 line
11-26 15:25:06.153  7856  7865 W System  : A resource failed to call close. 
11-26 15:25:06.153  7856  7865 W System  : A resource failed to call close. 
11-26 15:25:06.155  7856  7865 I chatty  : uid=10147(symlab.cloudridar.arhud) FinalizerDaemon identical 28 lines
11-26 15:25:06.155  7856  7865 W System  : A resource failed to call close. 
11-26 15:25:07.030  7856  7856 D Poster  : At 1574774707030 location is 65.0578262361221 (latitude), and 25.470705494448698 (longitude)
11-26 15:25:07.032  7856  7856 D Poster  : Connected to mobile network 20
11-26 15:25:07.223  7856  7867 E         : [ZeroHung]zrhung_get_config: Get config failed for wp[0x0008]
11-26 15:25:07.251  7856  7865 W System  : A resource failed to call close. 
11-26 15:25:07.252  7856  7865 I chatty  : uid=10147(symlab.cloudridar.arhud) FinalizerDaemon identical 5 lines
11-26 15:25:07.252  7856  7865 W System  : A resource failed to call close. 
11-26 15:25:07.252  7856  7865 W System  : A resource failed to call close. 
11-26 15:25:07.256  7856  7865 I chatty  : uid=10147(symlab.cloudridar.arhud) FinalizerDaemon identical 24 lines
11-26 15:25:07.256  7856  7865 W System  : A resource failed to call close. 
11-26 15:25:08.344  7856  7867 E         : [ZeroHung]zrhung_get_config: Get config failed for wp[0x0008]
11-26 15:25:08.371  7856  7865 W System  : A resource failed to call close. 
11-26 15:25:08.373  7856  7865 I chatty  : uid=10147(symlab.cloudridar.arhud) FinalizerDaemon identical 30 lines
11-26 15:25:08.373  7856  7865 W System  : A resource failed to call close. 
11-26 15:25:09.474  7856  7867 E         : [ZeroHung]zrhung_get_config: Get config failed for wp[0x0008]
11-26 15:25:09.494  7856  7865 W System  : A resource failed to call close. 
11-26 15:25:09.498  7856  7865 I chatty  : uid=10147(symlab.cloudridar.arhud) FinalizerDaemon identical 30 lines
11-26 15:25:09.498  7856  7865 W System  : A resource failed to call close. 
11-26 15:25:10.631  7856  7867 E         : [ZeroHung]zrhung_get_config: Get config failed for wp[0x0008]
11-26 15:25:10.654  7856  7865 W System  : A resource failed to call close. 
11-26 15:25:10.656  7856  7865 I chatty  : uid=10147(symlab.cloudridar.arhud) FinalizerDaemon identical 30 lines
11-26 15:25:10.656  7856  7865 W System  : A resource failed to call close. 
11-26 15:25:10.656  7856  7865 W System  : A resource failed to call close. 
11-26 15:25:11.760  7856  7867 E         : [ZeroHung]zrhung_get_config: Get config failed for wp[0x0008]
11-26 15:25:11.784  7856  7865 W System  : A resource failed to call close. 
11-26 15:25:11.786  7856  7865 I chatty  : uid=10147(symlab.cloudridar.arhud) FinalizerDaemon identical 30 lines
11-26 15:25:11.786  7856  7865 W System  : A resource failed to call close. 
11-26 15:25:12.941  7856  7867 E         : [ZeroHung]zrhung_get_config: Get config failed for wp[0x0008]
11-26 15:25:12.962  7856  7865 W System  : A resource failed to call close. 
11-26 15:25:12.962  7856  7865 I chatty  : uid=10147(symlab.cloudridar.arhud) FinalizerDaemon identical 6 lines
11-26 15:25:12.962  7856  7865 W System  : A resource failed to call close. 
11-26 15:25:12.962  7856  7865 W System  : A resource failed to call close. 
11-26 15:25:12.962  7856  7865 I chatty  : uid=10147(symlab.cloudridar.arhud) FinalizerDaemon identical 2 lines
11-26 15:25:12.962  7856  7865 W System  : A resource failed to call close. 
11-26 15:25:12.962  7856  7865 W System  : A resource failed to call close. 
11-26 15:25:12.962  7856  7865 I chatty  : uid=10147(symlab.cloudridar.arhud) FinalizerDaemon identical 1 line
11-26 15:25:12.962  7856  7865 W System  : A resource failed to call close. 
11-26 15:25:12.962  7856  7865 W System  : A resource failed to call close. 
11-26 15:25:12.963  7856  7865 W System  : A resource failed to call close. 
11-26 15:25:12.963  7856  7865 W System  : A resource failed to call close. 
11-26 15:25:12.963  7856  7865 I chatty  : uid=10147(symlab.cloudridar.arhud) FinalizerDaemon identical 5 lines
11-26 15:25:12.963  7856  7865 W System  : A resource failed to call close. 
11-26 15:25:12.963  7856  7865 W System  : A resource failed to call close. 
11-26 15:25:12.963  7856  7865 I chatty  : uid=10147(symlab.cloudridar.arhud) FinalizerDaemon identical 6 lines
11-26 15:25:12.963  7856  7865 W System  : A resource failed to call close. 
11-26 15:25:14.077  7856  7867 E         : [ZeroHung]zrhung_get_config: Get config failed for wp[0x0008]
11-26 15:25:14.096  7856  7865 W System  : A resource failed to call close. 
11-26 15:25:14.100  7856  7865 I chatty  : uid=10147(symlab.cloudridar.arhud) FinalizerDaemon identical 30 lines
11-26 15:25:14.100  7856  7865 W System  : A resource failed to call close. 
11-26 15:25:15.152  7856  7867 E         : [ZeroHung]zrhung_get_config: Get config failed for wp[0x0008]
11-26 15:25:15.176  7856  7865 W System  : A resource failed to call close. 
11-26 15:25:15.180  7856  7865 I chatty  : uid=10147(symlab.cloudridar.arhud) FinalizerDaemon identical 30 lines
11-26 15:25:15.181  7856  7865 W System  : A resource failed to call close. 
11-26 15:25:16.034  7856  7856 D Poster  : At 1574774716033 location is 65.05775637887736 (latitude), and 25.4707620341784 (longitude)
11-26 15:25:16.037  7856  7856 D Poster  : Connected to mobile network 20
11-26 15:25:16.405  7856  7867 E         : [ZeroHung]zrhung_get_config: Get config failed for wp[0x0008]
11-26 15:25:16.428  7856  7865 W System  : A resource failed to call close. 
11-26 15:25:16.430  7856  7865 I chatty  : uid=10147(symlab.cloudridar.arhud) FinalizerDaemon identical 21 lines
11-26 15:25:16.430  7856  7865 W System  : A resource failed to call close. 
11-26 15:25:16.430  7856  7865 W System  : A resource failed to call close. 
11-26 15:25:16.430  7856  7865 I chatty  : uid=10147(symlab.cloudridar.arhud) FinalizerDaemon identical 7 lines
11-26 15:25:16.430  7856  7865 W System  : A resource failed to call close. 
11-26 15:25:17.025  7856  7856 D Poster  : At 1574774717025 location is 65.05776661715414 (latitude), and 25.47080286672121 (longitude)
11-26 15:25:17.028  7856  7856 D Poster  : Connected to mobile network 20
11-26 15:25:17.461  7856  7867 E         : [ZeroHung]zrhung_get_config: Get config failed for wp[0x0008]
11-26 15:25:17.484  7856  7865 W System  : A resource failed to call close. 
11-26 15:25:17.489  7856  7865 I chatty  : uid=10147(symlab.cloudridar.arhud) FinalizerDaemon identical 29 lines
11-26 15:25:17.489  7856  7865 W System  : A resource failed to call close. 
11-26 15:25:18.041  7856  7856 D Poster  : At 1574774718040 location is 65.05776854047076 (latitude), and 25.47081612891584 (longitude)
11-26 15:25:18.043  7856  7856 D Poster  : Connected to mobile network 20
11-26 15:25:18.608  7856  7867 E         : [ZeroHung]zrhung_get_config: Get config failed for wp[0x0008]
11-26 15:25:18.638  7856  7865 W System  : A resource failed to call close. 
11-26 15:25:18.639  7856  7865 I chatty  : uid=10147(symlab.cloudridar.arhud) FinalizerDaemon identical 7 lines
11-26 15:25:18.640  7856  7865 W System  : A resource failed to call close. 
11-26 15:25:18.640  7856  7865 W System  : A resource failed to call close. 
11-26 15:25:18.641  7856  7865 I chatty  : uid=10147(symlab.cloudridar.arhud) FinalizerDaemon identical 11 lines
11-26 15:25:18.642  7856  7865 W System  : A resource failed to call close. 
11-26 15:25:18.642  7856  7865 W System  : A resource failed to call close. 
11-26 15:25:18.642  7856  7865 W System  : A resource failed to call close. 
11-26 15:25:18.642  7856  7865 W System  : A resource failed to call close. 
11-26 15:25:18.642  7856  7865 W System  : A resource failed to call close. 
11-26 15:25:18.645  7856  7865 I chatty  : uid=10147(symlab.cloudridar.arhud) FinalizerDaemon identical 6 lines
11-26 15:25:18.645  7856  7865 W System  : A resource failed to call close. 
11-26 15:25:19.038  7856  7856 D Poster  : At 1574774719038 location is 65.05777145074035 (latitude), and 25.47082305650087 (longitude)
11-26 15:25:19.041  7856  7856 D Poster  : Connected to mobile network 20
11-26 15:25:19.721  7856  7867 E         : [ZeroHung]zrhung_get_config: Get config failed for wp[0x0008]
11-26 15:25:19.750  7856  7865 W System  : A resource failed to call close. 
11-26 15:25:19.752  7856  7865 I chatty  : uid=10147(symlab.cloudridar.arhud) FinalizerDaemon identical 30 lines
11-26 15:25:19.752  7856  7865 W System  : A resource failed to call close. 
11-26 15:25:20.031  7856  7856 D Poster  : At 1574774720031 location is 65.05777145074035 (latitude), and 25.47082305650087 (longitude)
11-26 15:25:20.034  7856  7856 D Poster  : Connected to mobile network 20
11-26 15:25:20.862  7856  7867 E         : [ZeroHung]zrhung_get_config: Get config failed for wp[0x0008]
11-26 15:25:20.889  7856  7865 W System  : A resource failed to call close. 
11-26 15:25:20.890  7856  7865 I chatty  : uid=10147(symlab.cloudridar.arhud) FinalizerDaemon identical 2 lines
11-26 15:25:20.890  7856  7865 W System  : A resource failed to call close. 
11-26 15:25:20.890  7856  7865 W System  : A resource failed to call close. 
11-26 15:25:20.893  7856  7865 I chatty  : uid=10147(symlab.cloudridar.arhud) FinalizerDaemon identical 27 lines
11-26 15:25:20.893  7856  7865 W System  : A resource failed to call close. 
11-26 15:25:21.034  7856  7856 D Poster  : At 1574774721034 location is 65.0577708201571 (latitude), and 25.470789931286575 (longitude)
11-26 15:25:21.038  7856  7856 D Poster  : Connected to mobile network 20
11-26 15:25:22.009  7856  7867 E         : [ZeroHung]zrhung_get_config: Get config failed for wp[0x0008]
11-26 15:25:22.037  7856  7865 W System  : A resource failed to call close. 
11-26 15:25:22.037  7856  7865 I chatty  : uid=10147(symlab.cloudridar.arhud) FinalizerDaemon identical 8 lines
11-26 15:25:22.037  7856  7865 W System  : A resource failed to call close. 
11-26 15:25:22.037  7856  7865 W System  : A resource failed to call close. 
11-26 15:25:22.037  7856  7865 W System  : A resource failed to call close. 
11-26 15:25:22.037  7856  7856 D Poster  : At 1574774722037 location is 65.05779810987296 (latitude), and 25.47070847019895 (longitude)
11-26 15:25:22.037  7856  7865 W System  : A resource failed to call close. 
11-26 15:25:22.037  7856  7865 I chatty  : uid=10147(symlab.cloudridar.arhud) FinalizerDaemon identical 1 line
11-26 15:25:22.037  7856  7865 W System  : A resource failed to call close. 
11-26 15:25:22.038  7856  7865 W System  : A resource failed to call close. 
11-26 15:25:22.038  7856  7865 I chatty  : uid=10147(symlab.cloudridar.arhud) FinalizerDaemon identical 3 lines
11-26 15:25:22.038  7856  7865 W System  : A resource failed to call close. 
11-26 15:25:22.038  7856  7865 W System  : A resource failed to call close. 
11-26 15:25:22.038  7856  7865 I chatty  : uid=10147(symlab.cloudridar.arhud) FinalizerDaemon identical 10 lines
11-26 15:25:22.038  7856  7865 W System  : A resource failed to call close. 
11-26 15:25:22.039  7856  7856 D Poster  : Connected to mobile network 20
11-26 15:25:23.033  7856  7856 D Poster  : At 1574774723033 location is 65.05781359590353 (latitude), and 25.470625726520446 (longitude)
11-26 15:25:23.038  7856  7856 D Poster  : Connected to mobile network 20
11-26 15:25:23.176  7856  7867 E         : [ZeroHung]zrhung_get_config: Get config failed for wp[0x0008]
11-26 15:25:23.197  7856  7865 W System  : A resource failed to call close. 
11-26 15:25:23.202  7856  7865 I chatty  : uid=10147(symlab.cloudridar.arhud) FinalizerDaemon identical 31 lines
11-26 15:25:23.202  7856  7865 W System  : A resource failed to call close. 
11-26 15:25:24.031  7856  7856 D Poster  : At 1574774724031 location is 65.05781317613248 (latitude), and 25.470598355642966 (longitude)
11-26 15:25:24.035  7856  7856 D Poster  : Connected to mobile network 20
11-26 15:25:24.327  7856  7867 E         : [ZeroHung]zrhung_get_config: Get config failed for wp[0x0008]
11-26 15:25:24.354  7856  7865 W System  : A resource failed to call close. 
11-26 15:25:24.355  7856  7865 I chatty  : uid=10147(symlab.cloudridar.arhud) FinalizerDaemon identical 9 lines
11-26 15:25:24.356  7856  7865 W System  : A resource failed to call close. 
11-26 15:25:24.356  7856  7865 W System  : A resource failed to call close. 
11-26 15:25:24.356  7856  7865 W System  : A resource failed to call close. 
11-26 15:25:24.356  7856  7865 W System  : A resource failed to call close. 
11-26 15:25:24.357  7856  7865 W System  : A resource failed to call close. 
11-26 15:25:24.357  7856  7865 W System  : A resource failed to call close. 
11-26 15:25:24.357  7856  7865 W System  : A resource failed to call close. 
11-26 15:25:24.357  7856  7865 W System  : A resource failed to call close. 
11-26 15:25:24.357  7856  7865 W System  : A resource failed to call close. 
11-26 15:25:24.357  7856  7865 W System  : A resource failed to call close. 
11-26 15:25:24.357  7856  7865 W System  : A resource failed to call close. 
11-26 15:25:24.358  7856  7865 W System  : A resource failed to call close. 
11-26 15:25:24.358  7856  7865 W System  : A resource failed to call close. 
11-26 15:25:24.358  7856  7865 W System  : A resource failed to call close. 
11-26 15:25:24.358  7856  7865 W System  : A resource failed to call close. 
11-26 15:25:24.358  7856  7865 W System  : A resource failed to call close. 
11-26 15:25:24.358  7856  7865 W System  : A resource failed to call close. 
11-26 15:25:24.359  7856  7865 W System  : A resource failed to call close. 
11-26 15:25:24.359  7856  7865 W System  : A resource failed to call close. 
11-26 15:25:24.359  7856  7865 I chatty  : uid=10147(symlab.cloudridar.arhud) FinalizerDaemon identical 2 lines
11-26 15:25:24.359  7856  7865 W System  : A resource failed to call close. 
11-26 15:25:25.032  7856  7856 D Poster  : At 1574774725032 location is 65.05782981955775 (latitude), and 25.47054816521213 (longitude)
11-26 15:25:25.034  7856  7856 D Poster  : Connected to mobile network 20
11-26 15:25:25.487  7856  7867 E         : [ZeroHung]zrhung_get_config: Get config failed for wp[0x0008]
11-26 15:25:25.519  7856  7865 W System  : A resource failed to call close. 
11-26 15:25:25.524  7856  7865 I chatty  : uid=10147(symlab.cloudridar.arhud) FinalizerDaemon identical 30 lines
11-26 15:25:25.524  7856  7865 W System  : A resource failed to call close. 
11-26 15:25:26.041  7856  7856 D Poster  : At 1574774726040 location is 65.05784978410883 (latitude), and 25.47050532349234 (longitude)
11-26 15:25:26.045  7856  7856 D Poster  : Connected to mobile network 20
11-26 15:25:26.606  7856  7867 E         : [ZeroHung]zrhung_get_config: Get config failed for wp[0x0008]
11-26 15:25:26.622  7856  7865 W System  : A resource failed to call close. 
11-26 15:25:26.626  7856  7865 I chatty  : uid=10147(symlab.cloudridar.arhud) FinalizerDaemon identical 30 lines
11-26 15:25:26.626  7856  7865 W System  : A resource failed to call close. 
11-26 15:25:27.044  7856  7856 D Poster  : At 1574774727044 location is 65.05787068980368 (latitude), and 25.470495182381516 (longitude)
11-26 15:25:27.049  7856  7856 D Poster  : Connected to mobile network 20
11-26 15:25:27.805  7856  7867 E         : [ZeroHung]zrhung_get_config: Get config failed for wp[0x0008]
11-26 15:25:27.831  7856  7865 W System  : A resource failed to call close. 
11-26 15:25:27.835  7856  7865 I chatty  : uid=10147(symlab.cloudridar.arhud) FinalizerDaemon identical 30 lines
11-26 15:25:27.835  7856  7865 W System  : A resource failed to call close. 
11-26 15:25:28.027  7856  7856 D Poster  : At 1574774728027 location is 65.0578867328806 (latitude), and 25.470482472465314 (longitude)
11-26 15:25:28.029  7856  7856 D Poster  : Connected to mobile network 20
11-26 15:25:29.015  7856  7867 E         : [ZeroHung]zrhung_get_config: Get config failed for wp[0x0008]
11-26 15:25:29.040  7856  7856 D Poster  : At 1574774729040 location is 65.05788614886853 (latitude), and 25.470450405588394 (longitude)
11-26 15:25:29.042  7856  7856 D Poster  : Connected to mobile network 20
11-26 15:25:29.047  7856  7865 W System  : A resource failed to call close. 
11-26 15:25:29.047  7856  7865 I chatty  : uid=10147(symlab.cloudridar.arhud) FinalizerDaemon identical 5 lines
11-26 15:25:29.047  7856  7865 W System  : A resource failed to call close. 
11-26 15:25:29.047  7856  7865 W System  : A resource failed to call close. 
11-26 15:25:29.047  7856  7865 I chatty  : uid=10147(symlab.cloudridar.arhud) FinalizerDaemon identical 2 lines
11-26 15:25:29.047  7856  7865 W System  : A resource failed to call close. 
11-26 15:25:29.047  7856  7865 W System  : A resource failed to call close. 
11-26 15:25:29.048  7856  7865 I chatty  : uid=10147(symlab.cloudridar.arhud) FinalizerDaemon identical 2 lines
11-26 15:25:29.048  7856  7865 W System  : A resource failed to call close. 
11-26 15:25:29.048  7856  7865 W System  : A resource failed to call close. 
11-26 15:25:29.048  7856  7865 I chatty  : uid=10147(symlab.cloudridar.arhud) FinalizerDaemon identical 1 line
11-26 15:25:29.048  7856  7865 W System  : A resource failed to call close. 
11-26 15:25:29.048  7856  7865 W System  : A resource failed to call close. 
11-26 15:25:29.048  7856  7865 W System  : A resource failed to call close. 
11-26 15:25:29.048  7856  7865 W System  : A resource failed to call close. 
11-26 15:25:29.048  7856  7865 W System  : A resource failed to call close. 
11-26 15:25:29.048  7856  7865 I chatty  : uid=10147(symlab.cloudridar.arhud) FinalizerDaemon identical 4 lines
11-26 15:25:29.048  7856  7865 W System  : A resource failed to call close. 
11-26 15:25:29.048  7856  7865 W System  : A resource failed to call close. 
11-26 15:25:29.048  7856  7865 I chatty  : uid=10147(symlab.cloudridar.arhud) FinalizerDaemon identical 3 lines
11-26 15:25:29.048  7856  7865 W System  : A resource failed to call close. 
11-26 15:25:30.007  7856  7856 W HiTouch_PressGestureDetector: Touch pointer move a lot. The moving distance of X is:1.9990845, limit is:60The moving distance of Y is:76.33742, limit is:60
11-26 15:25:30.034  7856  7856 D Poster  : At 1574774730034 location is 65.05788667515267 (latitude), and 25.47042405838035 (longitude)
11-26 15:25:30.036  7856  7856 D Poster  : Connected to mobile network 20
11-26 15:25:30.190  7856  7867 E         : [ZeroHung]zrhung_get_config: Get config failed for wp[0x0008]
11-26 15:25:30.212  7856  7865 W System  : A resource failed to call close. 
11-26 15:25:30.213  7856  7865 I chatty  : uid=10147(symlab.cloudridar.arhud) FinalizerDaemon identical 33 lines
11-26 15:25:30.213  7856  7865 W System  : A resource failed to call close. 
11-26 15:25:31.024  7856  7856 D Poster  : At 1574774731024 location is 65.05790879843406 (latitude), and 25.470409303521212 (longitude)
11-26 15:25:31.025  7856  7856 D Poster  : Connected to mobile network 20
11-26 15:25:31.357  7856  7867 E         : [ZeroHung]zrhung_get_config: Get config failed for wp[0x0008]
11-26 15:25:31.375  7856  7865 W System  : A resource failed to call close. 
11-26 15:25:31.377  7856  7865 I chatty  : uid=10147(symlab.cloudridar.arhud) FinalizerDaemon identical 31 lines
11-26 15:25:31.377  7856  7865 W System  : A resource failed to call close. 
11-26 15:25:32.025  7856  7856 D Poster  : At 1574774732025 location is 65.05790194071682 (latitude), and 25.470395548744545 (longitude)
11-26 15:25:32.027  7856  7856 D Poster  : Connected to mobile network 20
11-26 15:25:32.466  7856  7867 E         : [ZeroHung]zrhung_get_config: Get config failed for wp[0x0008]
11-26 15:25:32.491  7856  7865 W System  : A resource failed to call close. 
11-26 15:25:32.497  7856  7865 I chatty  : uid=10147(symlab.cloudridar.arhud) FinalizerDaemon identical 31 lines
11-26 15:25:32.497  7856  7865 W System  : A resource failed to call close. 
11-26 15:25:33.035  7856  7856 D Poster  : At 1574774733035 location is 65.05790598238944 (latitude), and 25.470365490595423 (longitude)
11-26 15:25:33.037  7856  7856 D Poster  : Connected to mobile network 20
11-26 15:25:33.637  7856  7867 E         : [ZeroHung]zrhung_get_config: Get config failed for wp[0x0008]
11-26 15:25:33.653  7856  7865 W System  : A resource failed to call close. 
11-26 15:25:33.654  7856  7865 I chatty  : uid=10147(symlab.cloudridar.arhud) FinalizerDaemon identical 34 lines
11-26 15:25:33.654  7856  7865 W System  : A resource failed to call close. 
11-26 15:25:34.033  7856  7856 D Poster  : At 1574774734033 location is 65.05790020282085 (latitude), and 25.470303129622906 (longitude)
11-26 15:25:34.035  7856  7856 D Poster  : Connected to mobile network 20
11-26 15:25:34.753  7856  7867 E         : [ZeroHung]zrhung_get_config: Get config failed for wp[0x0008]
11-26 15:25:34.774  7856  7865 W System  : A resource failed to call close. 
11-26 15:25:34.775  7856  7865 I chatty  : uid=10147(symlab.cloudridar.arhud) FinalizerDaemon identical 31 lines
11-26 15:25:34.775  7856  7865 W System  : A resource failed to call close. 
11-26 15:25:35.024  7856  7856 D Poster  : At 1574774735024 location is 65.05789317578382 (latitude), and 25.470241493141042 (longitude)
11-26 15:25:35.026  7856  7856 D Poster  : Connected to mobile network 20
11-26 15:25:35.889  7856  7867 E         : [ZeroHung]zrhung_get_config: Get config failed for wp[0x0008]
11-26 15:25:35.906  7856  7865 W System  : A resource failed to call close. 
11-26 15:25:35.908  7856  7865 I chatty  : uid=10147(symlab.cloudridar.arhud) FinalizerDaemon identical 31 lines
11-26 15:25:35.908  7856  7865 W System  : A resource failed to call close. 
11-26 15:25:36.023  7856  7856 D Poster  : At 1574774736023 location is 65.05788900501413 (latitude), and 25.470241927103718 (longitude)
11-26 15:25:36.026  7856  7856 D Poster  : Connected to mobile network 20
11-26 15:25:37.045  7856  7856 D Poster  : At 1574774737045 location is 65.05787796919681 (latitude), and 25.470243645698428 (longitude)
11-26 15:25:37.048  7856  7856 D Poster  : Connected to mobile network 20
11-26 15:25:37.117  7856  7867 E         : [ZeroHung]zrhung_get_config: Get config failed for wp[0x0008]
11-26 15:25:37.137  7856  7865 W System  : A resource failed to call close. 
11-26 15:25:37.139  7856  7865 I chatty  : uid=10147(symlab.cloudridar.arhud) FinalizerDaemon identical 14 lines
11-26 15:25:37.139  7856  7865 W System  : A resource failed to call close. 
11-26 15:25:37.139  7856  7865 W System  : A resource failed to call close. 
11-26 15:25:37.139  7856  7865 W System  : A resource failed to call close. 
11-26 15:25:37.141  7856  7865 I chatty  : uid=10147(symlab.cloudridar.arhud) FinalizerDaemon identical 14 lines
11-26 15:25:37.141  7856  7865 W System  : A resource failed to call close. 
11-26 15:25:38.024  7856  7856 D Poster  : At 1574774738024 location is 65.0578758822769 (latitude), and 25.470266745734534 (longitude)
11-26 15:25:38.026  7856  7856 D Poster  : Connected to mobile network 20
11-26 15:25:38.291  7856  7867 E         : [ZeroHung]zrhung_get_config: Get config failed for wp[0x0008]
11-26 15:25:38.317  7856  7865 W System  : A resource failed to call close. 
11-26 15:25:38.319  7856  7865 I chatty  : uid=10147(symlab.cloudridar.arhud) FinalizerDaemon identical 31 lines
11-26 15:25:38.319  7856  7865 W System  : A resource failed to call close. 
11-26 15:25:39.026  7856  7856 D Poster  : At 1574774739026 location is 65.0578718577045 (latitude), and 25.47030079481188 (longitude)
11-26 15:25:39.028  7856  7856 D Poster  : Connected to mobile network 20
