--------- beginning of main
11-18 13:44:18.726 12086 12086 I Poster  :  onCreate() called.
11-18 13:44:18.736 12086 12086 I DecorView: It non-support bigbang
11-18 13:44:18.738 12086 12086 I PhoneWindow: isNeedChangeNaviBarColor taskInfo: [android.app.ActivityManager$RunningTaskInfo@c93a69a] size: 1
11-18 13:44:18.739 12086 12086 I PhoneWindow: isAPPNeedChange pkgName: symlab.cloudridar.poster_edge needKeep: false
11-18 13:44:18.739 12086 12086 I PhoneWindow: isNeedChangeNaviBarColor false
11-18 13:44:18.739 12086 12086 I PhoneWindow: generateLayout mNavigationBarColor: ff000000
11-18 13:44:18.739 12086 12086 I PhoneWindow: generateLayout isLightNavi false, Visibility: 0
11-18 13:44:18.750 12086 12086 D OpenGLRenderer: Skia GL Pipeline
11-18 13:44:18.754 12086 12086 I Rajawali: Rajawali | Bombshell | v1.1 Development 
11-18 13:44:18.754 12086 12086 I Rajawali: THIS IS A DEV BRANCH CONTAINING SIGNIFICANT CHANGES. PLEASE REFER TO CHANGELOG.md FOR MORE INFORMATION.
11-18 13:44:18.756 12086 12086 I Adreno  : QUALCOMM build                   : a4d39a0, I6fd668c4d3
11-18 13:44:18.756 12086 12086 I Adreno  : Build Date                       : 10/05/18
11-18 13:44:18.756 12086 12086 I Adreno  : OpenGL ES Shader Compiler Version: EV031.25.03.01
11-18 13:44:18.756 12086 12086 I Adreno  : Local Branch                     : 
11-18 13:44:18.756 12086 12086 I Adreno  : Remote Branch                    : refs/tags/AU_LINUX_ANDROID_LA.UM.7.2.R1.09.00.00.442.049
11-18 13:44:18.756 12086 12086 I Adreno  : Remote Branch                    : NONE
11-18 13:44:18.756 12086 12086 I Adreno  : Reconstruct Branch               : NOTHING
11-18 13:44:18.756 12086 12086 I Adreno  : Build Config                     : S L 6.0.7 AArch32
11-18 13:44:18.759 12086 12086 I Adreno  : PFP: 0x005ff112, ME: 0x005ff066
11-18 13:44:18.763 12086 12086 I ConfigStore: android::hardware::configstore::V1_0::ISurfaceFlingerConfigs::hasWideColorDisplay retrieved: 0
11-18 13:44:18.763 12086 12086 I ConfigStore: android::hardware::configstore::V1_0::ISurfaceFlingerConfigs::hasHDRDisplay retrieved: 0
11-18 13:44:18.846 12086 12086 I Poster  :  onStart() called.
11-18 13:44:18.847 12086 12086 I Poster  :  onResume() called.
11-18 13:44:18.928 12086 12122 D Poster  : UDP connection
11-18 13:44:18.955 12086 12177 I Adreno  : QUALCOMM build                   : a4d39a0, I6fd668c4d3
11-18 13:44:18.955 12086 12177 I Adreno  : Build Date                       : 10/05/18
11-18 13:44:18.955 12086 12177 I Adreno  : OpenGL ES Shader Compiler Version: EV031.25.03.01
11-18 13:44:18.955 12086 12177 I Adreno  : Local Branch                     : 
11-18 13:44:18.955 12086 12177 I Adreno  : Remote Branch                    : refs/tags/AU_LINUX_ANDROID_LA.UM.7.2.R1.09.00.00.442.049
11-18 13:44:18.955 12086 12177 I Adreno  : Remote Branch                    : NONE
11-18 13:44:18.955 12086 12177 I Adreno  : Reconstruct Branch               : NOTHING
11-18 13:44:18.955 12086 12177 I Adreno  : Build Config                     : S L 6.0.7 AArch32
11-18 13:44:18.962 12086 12177 I Adreno  : PFP: 0x005ff112, ME: 0x005ff066
11-18 13:44:18.963 12086 12177 I ConfigStore: android::hardware::configstore::V1_0::ISurfaceFlingerConfigs::hasWideColorDisplay retrieved: 0
11-18 13:44:18.963 12086 12177 I ConfigStore: android::hardware::configstore::V1_0::ISurfaceFlingerConfigs::hasHDRDisplay retrieved: 0
11-18 13:44:18.964 12086 12177 I OpenGLRenderer: Initialized EGL, version 1.4
11-18 13:44:18.964 12086 12177 D OpenGLRenderer: Swap behavior 2
11-18 13:44:18.978 12086 12086 I Poster  :  surfaceCreated() called.
11-18 13:44:19.017 12086 12086 I Poster  :  surfaceChanged() called.
11-18 13:44:22.408 12086 12119 V Poster  : No object picked!
11-18 13:44:22.459 12086 12122 D Evaluation: get gray scaled frame data at 1574077462459
11-18 13:44:22.469 12086 12122 D Evaluation: frame 84 sent with size 17346 at 1574077462469
11-18 13:44:24.775 12086 12119 V Poster  : No object picked!
11-18 13:44:24.787 12086 12122 D Evaluation: get gray scaled frame data at 1574077464787
11-18 13:44:24.796 12086 12122 D Evaluation: frame 130 sent with size 17348 at 1574077464796
11-18 13:44:24.882 12086 12122 V Poster  : something received
11-18 13:44:24.886 12086 12122 D Evaluation: 1 res received at 1574077464886
11-18 13:44:24.903 12086 12120 D Evaluation: image border created: 300.0 x 445.0
11-18 13:44:26.625 12086 12105 W MapperHal: buffer descriptor with invalid usage bits 0x2000
11-18 13:44:26.635 12086 12105 W MapperHal: buffer descriptor with invalid usage bits 0x2000
11-18 13:44:26.639 12086 12105 W MapperHal: buffer descriptor with invalid usage bits 0x2000
11-18 13:44:26.640 12086 12105 W MapperHal: buffer descriptor with invalid usage bits 0x2000
11-18 13:44:26.642 12086 12105 W MapperHal: buffer descriptor with invalid usage bits 0x2000
11-18 13:44:26.651 12086 12111 W MapperHal: buffer descriptor with invalid usage bits 0x2000
11-18 13:44:26.703 12086 12111 W MapperHal: buffer descriptor with invalid usage bits 0x2000
11-18 13:44:26.721 12086 12111 W MediaPlayerNative: info/warning (3, 0)
11-18 13:44:26.721 12086 12109 W MapperHal: buffer descriptor with invalid usage bits 0x2000
11-18 13:44:26.967 12086 12109 W MapperHal: buffer descriptor with invalid usage bits 0x2000
11-18 13:44:27.118 12086 12120 V MediaPlayer_JAVA: resetDrmState:  mDrmInfo=null mDrmProvisioningThread=null mPrepareDrmInProgress=false mActiveDrmScheme=false
11-18 13:44:27.118 12086 12120 V MediaPlayer_JAVA: cleanDrmObj: mDrmObj=null mDrmSessionId=null
11-18 13:44:27.981 12086 12119 V Poster  : No object picked!
11-18 13:44:28.021 12086 12122 D Evaluation: get gray scaled frame data at 1574077468020
11-18 13:44:28.031 12086 12122 D Evaluation: frame 200 sent with size 14579 at 1574077468031
11-18 13:44:28.113 12086 12122 V Poster  : something received
11-18 13:44:28.113 12086 12122 D Evaluation: 0 res received at 1574077468113
11-18 13:44:28.869 12086 12119 V Poster  : No object picked!
11-18 13:44:28.885 12086 12122 D Evaluation: get gray scaled frame data at 1574077468885
11-18 13:44:28.894 12086 12122 D Evaluation: frame 218 sent with size 15938 at 1574077468894
11-18 13:44:28.986 12086 12122 V Poster  : something received
11-18 13:44:28.987 12086 12122 D Evaluation: 1 res received at 1574077468987
11-18 13:44:29.010 12086 12120 D Evaluation: image border created: 300.0 x 445.0
11-18 13:44:30.200 12086 12120 V MediaPlayer_JAVA: resetDrmState:  mDrmInfo=null mDrmProvisioningThread=null mPrepareDrmInProgress=false mActiveDrmScheme=false
11-18 13:44:30.200 12086 12120 V MediaPlayer_JAVA: cleanDrmObj: mDrmObj=null mDrmSessionId=null
11-18 13:44:30.223 12086 12250 W MapperHal: buffer descriptor with invalid usage bits 0x2000
11-18 13:44:30.226 12086 12250 W MapperHal: buffer descriptor with invalid usage bits 0x2000
11-18 13:44:30.487 12086 12119 V Poster  : No object picked!
11-18 13:44:30.550 12086 12122 D Evaluation: get gray scaled frame data at 1574077470550
11-18 13:44:30.554 12086 12122 D Evaluation: frame 254 sent with size 8981 at 1574077470554
11-18 13:44:30.685 12086 12122 V Poster  : something received
11-18 13:44:30.685 12086 12122 D Evaluation: 0 res received at 1574077470685
11-18 13:44:31.984 12086 12086 I Poster  :  onPause() called.
11-18 13:44:32.777 12086 12086 V MediaPlayer_JAVA: resetDrmState:  mDrmInfo=null mDrmProvisioningThread=null mPrepareDrmInProgress=false mActiveDrmScheme=false
11-18 13:44:32.777 12086 12086 V MediaPlayer_JAVA: cleanDrmObj: mDrmObj=null mDrmSessionId=null
11-18 13:44:32.779 12086 12086 V MediaPlayer_JAVA: resetDrmState:  mDrmInfo=null mDrmProvisioningThread=null mPrepareDrmInProgress=false mActiveDrmScheme=false
11-18 13:44:32.779 12086 12086 V MediaPlayer_JAVA: cleanDrmObj: mDrmObj=null mDrmSessionId=null
11-18 13:44:32.834 12086 12086 I Poster  :  surfaceDestroyed() called.
11-18 13:44:32.839 12086 12086 I Poster  :  onStop() called.
11-18 13:44:33.606 12086 12086 I Poster  :  onDestroy() called.
