--------- beginning of crash
11-18 14:29:58.062 12585 12619 E AndroidRuntime: FATAL EXCEPTION: GLThread 1698
11-18 14:29:58.062 12585 12619 E AndroidRuntime: Process: symlab.cloudridar.poster_edge, PID: 12585
11-18 14:29:58.062 12585 12619 E AndroidRuntime: java.lang.IllegalStateException
11-18 14:29:58.062 12585 12619 E AndroidRuntime: 	at android.media.MediaPlayer._setVideoSurface(Native Method)
11-18 14:29:58.062 12585 12619 E AndroidRuntime: 	at android.media.MediaPlayer.setSurface(MediaPlayer.java:806)
11-18 14:29:58.062 12585 12619 E AndroidRuntime: 	at org.rajawali3d.materials.textures.StreamingTexture.add(StreamingTexture.java:83)
11-18 14:29:58.062 12585 12619 E AndroidRuntime: 	at org.rajawali3d.materials.textures.TextureManager.taskAdd(TextureManager.java:112)
11-18 14:29:58.062 12585 12619 E AndroidRuntime: 	at org.rajawali3d.materials.textures.TextureManager.taskReload(TextureManager.java:211)
11-18 14:29:58.062 12585 12619 E AndroidRuntime: 	at org.rajawali3d.renderer.Renderer.onRenderSurfaceSizeChanged(Renderer.java:363)
11-18 14:29:58.062 12585 12619 E AndroidRuntime: 	at org.rajawali3d.view.SurfaceView$RendererDelegate.onSurfaceChanged(SurfaceView.java:230)
11-18 14:29:58.062 12585 12619 E AndroidRuntime: 	at android.opengl.GLSurfaceView$GLThread.guardedRun(GLSurfaceView.java:1555)
11-18 14:29:58.062 12585 12619 E AndroidRuntime: 	at android.opengl.GLSurfaceView$GLThread.run(GLSurfaceView.java:1270)
--------- beginning of main
11-18 14:30:00.646 13309 13309 I Poster  :  onCreate() called.
11-18 14:30:00.654 13309 13309 I DecorView: It non-support bigbang
11-18 14:30:00.657 13309 13309 I PhoneWindow: isNeedChangeNaviBarColor taskInfo: [android.app.ActivityManager$RunningTaskInfo@c93a69a] size: 1
11-18 14:30:00.658 13309 13309 I PhoneWindow: isAPPNeedChange pkgName: symlab.cloudridar.poster_edge needKeep: false
11-18 14:30:00.658 13309 13309 I PhoneWindow: isNeedChangeNaviBarColor false
11-18 14:30:00.658 13309 13309 I PhoneWindow: generateLayout mNavigationBarColor: ff000000
11-18 14:30:00.658 13309 13309 I PhoneWindow: generateLayout isLightNavi false, Visibility: 0
11-18 14:30:00.667 13309 13309 D OpenGLRenderer: Skia GL Pipeline
11-18 14:30:00.671 13309 13309 I Rajawali: Rajawali | Bombshell | v1.1 Development 
11-18 14:30:00.671 13309 13309 I Rajawali: THIS IS A DEV BRANCH CONTAINING SIGNIFICANT CHANGES. PLEASE REFER TO CHANGELOG.md FOR MORE INFORMATION.
11-18 14:30:00.672 13309 13309 I Adreno  : QUALCOMM build                   : a4d39a0, I6fd668c4d3
11-18 14:30:00.672 13309 13309 I Adreno  : Build Date                       : 10/05/18
11-18 14:30:00.672 13309 13309 I Adreno  : OpenGL ES Shader Compiler Version: EV031.25.03.01
11-18 14:30:00.672 13309 13309 I Adreno  : Local Branch                     : 
11-18 14:30:00.672 13309 13309 I Adreno  : Remote Branch                    : refs/tags/AU_LINUX_ANDROID_LA.UM.7.2.R1.09.00.00.442.049
11-18 14:30:00.672 13309 13309 I Adreno  : Remote Branch                    : NONE
11-18 14:30:00.672 13309 13309 I Adreno  : Reconstruct Branch               : NOTHING
11-18 14:30:00.672 13309 13309 I Adreno  : Build Config                     : S L 6.0.7 AArch32
11-18 14:30:00.677 13309 13309 I Adreno  : PFP: 0x005ff112, ME: 0x005ff066
11-18 14:30:00.681 13309 13309 I ConfigStore: android::hardware::configstore::V1_0::ISurfaceFlingerConfigs::hasWideColorDisplay retrieved: 0
11-18 14:30:00.682 13309 13309 I ConfigStore: android::hardware::configstore::V1_0::ISurfaceFlingerConfigs::hasHDRDisplay retrieved: 0
11-18 14:30:00.707 13309 13309 I Poster  :  onStart() called.
11-18 14:30:00.708 13309 13309 I Poster  :  onResume() called.
11-18 14:30:00.802 13309 13347 D Poster  : UDP connection
11-18 14:30:00.832 13309 13401 I Adreno  : QUALCOMM build                   : a4d39a0, I6fd668c4d3
11-18 14:30:00.832 13309 13401 I Adreno  : Build Date                       : 10/05/18
11-18 14:30:00.832 13309 13401 I Adreno  : OpenGL ES Shader Compiler Version: EV031.25.03.01
11-18 14:30:00.832 13309 13401 I Adreno  : Local Branch                     : 
11-18 14:30:00.832 13309 13401 I Adreno  : Remote Branch                    : refs/tags/AU_LINUX_ANDROID_LA.UM.7.2.R1.09.00.00.442.049
11-18 14:30:00.832 13309 13401 I Adreno  : Remote Branch                    : NONE
11-18 14:30:00.832 13309 13401 I Adreno  : Reconstruct Branch               : NOTHING
11-18 14:30:00.832 13309 13401 I Adreno  : Build Config                     : S L 6.0.7 AArch32
11-18 14:30:00.835 13309 13401 I Adreno  : PFP: 0x005ff112, ME: 0x005ff066
11-18 14:30:00.837 13309 13401 I ConfigStore: android::hardware::configstore::V1_0::ISurfaceFlingerConfigs::hasWideColorDisplay retrieved: 0
11-18 14:30:00.837 13309 13401 I ConfigStore: android::hardware::configstore::V1_0::ISurfaceFlingerConfigs::hasHDRDisplay retrieved: 0
11-18 14:30:00.838 13309 13401 I OpenGLRenderer: Initialized EGL, version 1.4
11-18 14:30:00.838 13309 13401 D OpenGLRenderer: Swap behavior 2
11-18 14:30:00.855 13309 13309 I Poster  :  surfaceCreated() called.
11-18 14:30:00.896 13309 13309 I Poster  :  surfaceChanged() called.
11-18 14:30:01.069 13309 13344 V Poster  : No object picked!
11-18 14:30:01.182 13309 13347 D Evaluation: metadata 1 sent 
11-18 14:30:02.843 13309 13344 V Poster  : No object picked!
11-18 14:30:02.876 13309 13347 D Evaluation: get gray scaled frame data at 1574080202876
11-18 14:30:02.892 13309 13347 D Evaluation: frame 50 sent with size 13928 at 1574080202892
11-18 14:30:04.496 13309 13344 V Poster  : No object picked!
11-18 14:30:04.533 13309 13347 D Evaluation: get gray scaled frame data at 1574080204533
11-18 14:30:04.542 13309 13347 D Evaluation: frame 95 sent with size 15908 at 1574080204542
11-18 14:30:06.434 13309 13344 V Poster  : No object picked!
11-18 14:30:06.473 13309 13347 D Evaluation: get gray scaled frame data at 1574080206473
11-18 14:30:06.496 13309 13347 D Evaluation: frame 145 sent with size 19263 at 1574080206496
11-18 14:30:07.888 13309 13344 V Poster  : No object picked!
11-18 14:30:07.931 13309 13347 D Evaluation: get gray scaled frame data at 1574080207931
11-18 14:30:07.940 13309 13347 D Evaluation: frame 176 sent with size 10636 at 1574080207940
11-18 14:30:08.545 13309 13309 I Poster  :  onPause() called.
11-18 14:30:09.262 13309 13309 I Poster  :  surfaceDestroyed() called.
11-18 14:30:09.269 13309 13309 I Poster  :  onStop() called.
11-18 14:30:27.965 13309 13309 I Poster  :  onStart() called.
11-18 14:30:27.965 13309 13309 I Poster  :  onResume() called.
11-18 14:30:28.054 13309 13309 E libEGL  : call to OpenGL ES API with no current context (logged once per thread)
11-18 14:30:28.065 13309 13309 I Poster  :  surfaceCreated() called.
11-18 14:30:28.100 13309 13309 I Poster  :  surfaceChanged() called.
11-18 14:30:28.382 13309 13309 W MessageQueue: Handler (android.os.Handler) {5e4e58f} sending message to a Handler on a dead thread
11-18 14:30:28.382 13309 13309 W MessageQueue: java.lang.IllegalStateException: Handler (android.os.Handler) {5e4e58f} sending message to a Handler on a dead thread
11-18 14:30:28.382 13309 13309 W MessageQueue: 	at android.os.MessageQueue.enqueueMessage(MessageQueue.java:546)
11-18 14:30:28.382 13309 13309 W MessageQueue: 	at android.os.Handler.enqueueMessage(Handler.java:746)
11-18 14:30:28.382 13309 13309 W MessageQueue: 	at android.os.Handler.sendMessageAtTime(Handler.java:698)
11-18 14:30:28.382 13309 13309 W MessageQueue: 	at android.os.Handler.sendMessageDelayed(Handler.java:668)
11-18 14:30:28.382 13309 13309 W MessageQueue: 	at android.os.Handler.post(Handler.java:396)
11-18 14:30:28.382 13309 13309 W MessageQueue: 	at symlab.CloudAR.manager.ARManager.driveFrame(ARManager.java:219)
11-18 14:30:28.382 13309 13309 W MessageQueue: 	at symlab.posterApp.PosterActivity$4.onPreviewFrame(PosterActivity.java:258)
11-18 14:30:28.382 13309 13309 W MessageQueue: 	at android.hardware.Camera$EventHandler.handleMessage(Camera.java:1318)
11-18 14:30:28.382 13309 13309 W MessageQueue: 	at android.os.Handler.dispatchMessage(Handler.java:107)
11-18 14:30:28.382 13309 13309 W MessageQueue: 	at android.os.Looper.loop(Looper.java:198)
11-18 14:30:28.382 13309 13309 W MessageQueue: 	at android.app.ActivityThread.main(ActivityThread.java:6729)
11-18 14:30:28.382 13309 13309 W MessageQueue: 	at java.lang.reflect.Method.invoke(Native Method)
11-18 14:30:28.382 13309 13309 W MessageQueue: 	at com.android.internal.os.RuntimeInit$MethodAndArgsCaller.run(RuntimeInit.java:493)
11-18 14:30:28.382 13309 13309 W MessageQueue: 	at com.android.internal.os.ZygoteInit.main(ZygoteInit.java:858)
11-18 14:30:28.384 13309 13309 W MessageQueue: Handler (android.os.Handler) {3544425} sending message to a Handler on a dead thread
11-18 14:30:28.384 13309 13309 W MessageQueue: java.lang.IllegalStateException: Handler (android.os.Handler) {3544425} sending message to a Handler on a dead thread
11-18 14:30:28.384 13309 13309 W MessageQueue: 	at android.os.MessageQueue.enqueueMessage(MessageQueue.java:546)
11-18 14:30:28.384 13309 13309 W MessageQueue: 	at android.os.Handler.enqueueMessage(Handler.java:746)
11-18 14:30:28.384 13309 13309 W MessageQueue: 	at android.os.Handler.sendMessageAtTime(Handler.java:698)
11-18 14:30:28.384 13309 13309 W MessageQueue: 	at android.os.Handler.sendMessageDelayed(Handler.java:668)
11-18 14:30:28.384 13309 13309 W MessageQueue: 	at android.os.Handler.post(Handler.java:396)
11-18 14:30:28.384 13309 13309 W MessageQueue: 	at symlab.CloudAR.manager.ARManager.driveFrame(ARManager.java:221)
11-18 14:30:28.384 13309 13309 W MessageQueue: 	at symlab.posterApp.PosterActivity$4.onPreviewFrame(PosterActivity.java:258)
11-18 14:30:28.384 13309 13309 W MessageQueue: 	at android.hardware.Camera$EventHandler.handleMessage(Camera.java:1318)
11-18 14:30:28.384 13309 13309 W MessageQueue: 	at android.os.Handler.dispatchMessage(Handler.java:107)
11-18 14:30:28.384 13309 13309 W MessageQueue: 	at android.os.Looper.loop(Looper.java:198)
11-18 14:30:28.384 13309 13309 W MessageQueue: 	at android.app.ActivityThread.main(ActivityThread.java:6729)
11-18 14:30:28.384 13309 13309 W MessageQueue: 	at java.lang.reflect.Method.invoke(Native Method)
11-18 14:30:28.384 13309 13309 W MessageQueue: 	at com.android.internal.os.RuntimeInit$MethodAndArgsCaller.run(RuntimeInit.java:493)
11-18 14:30:28.384 13309 13309 W MessageQueue: 	at com.android.internal.os.ZygoteInit.main(ZygoteInit.java:858)
11-18 14:30:28.424 13309 13309 W MessageQueue: Handler (android.os.Handler) {5e4e58f} sending message to a Handler on a dead thread
11-18 14:30:28.424 13309 13309 W MessageQueue: java.lang.IllegalStateException: Handler (android.os.Handler) {5e4e58f} sending message to a Handler on a dead thread
11-18 14:30:28.424 13309 13309 W MessageQueue: 	at android.os.MessageQueue.enqueueMessage(MessageQueue.java:546)
11-18 14:30:28.424 13309 13309 W MessageQueue: 	at android.os.Handler.enqueueMessage(Handler.java:746)
11-18 14:30:28.424 13309 13309 W MessageQueue: 	at android.os.Handler.sendMessageAtTime(Handler.java:698)
11-18 14:30:28.424 13309 13309 W MessageQueue: 	at android.os.Handler.sendMessageDelayed(Handler.java:668)
11-18 14:30:28.424 13309 13309 W MessageQueue: 	at android.os.Handler.post(Handler.java:396)
11-18 14:30:28.424 13309 13309 W MessageQueue: 	at symlab.CloudAR.manager.ARManager.driveFrame(ARManager.java:219)
11-18 14:30:28.424 13309 13309 W MessageQueue: 	at symlab.posterApp.PosterActivity$4.onPreviewFrame(PosterActivity.java:258)
11-18 14:30:28.424 13309 13309 W MessageQueue: 	at android.hardware.Camera$EventHandler.handleMessage(Camera.java:1318)
11-18 14:30:28.424 13309 13309 W MessageQueue: 	at android.os.Handler.dispatchMessage(Handler.java:107)
11-18 14:30:28.424 13309 13309 W MessageQueue: 	at android.os.Looper.loop(Looper.java:198)
11-18 14:30:28.424 13309 13309 W MessageQueue: 	at android.app.ActivityThread.main(ActivityThread.java:6729)
11-18 14:30:28.424 13309 13309 W MessageQueue: 	at java.lang.reflect.Method.invoke(Native Method)
11-18 14:30:28.424 13309 13309 W MessageQueue: 	at com.android.internal.os.RuntimeInit$MethodAndArgsCaller.run(RuntimeInit.java:493)
11-18 14:30:28.424 13309 13309 W MessageQueue: 	at com.android.internal.os.ZygoteInit.main(ZygoteInit.java:858)
11-18 14:30:28.425 13309 13309 W MessageQueue: Handler (android.os.Handler) {3544425} sending message to a Handler on a dead thread
11-18 14:30:28.425 13309 13309 W MessageQueue: java.lang.IllegalStateException: Handler (android.os.Handler) {3544425} sending message to a Handler on a dead thread
11-18 14:30:28.425 13309 13309 W MessageQueue: 	at android.os.MessageQueue.enqueueMessage(MessageQueue.java:546)
11-18 14:30:28.425 13309 13309 W MessageQueue: 	at android.os.Handler.enqueueMessage(Handler.java:746)
11-18 14:30:28.425 13309 13309 W MessageQueue: 	at android.os.Handler.sendMessageAtTime(Handler.java:698)
11-18 14:30:28.425 13309 13309 W MessageQueue: 	at android.os.Handler.sendMessageDelayed(Handler.java:668)
11-18 14:30:28.425 13309 13309 W MessageQueue: 	at android.os.Handler.post(Handler.java:396)
11-18 14:30:28.425 13309 13309 W MessageQueue: 	at symlab.CloudAR.manager.ARManager.driveFrame(ARManager.java:221)
11-18 14:30:28.425 13309 13309 W MessageQueue: 	at symlab.posterApp.PosterActivity$4.onPreviewFrame(PosterActivity.java:258)
11-18 14:30:28.425 13309 13309 W MessageQueue: 	at android.hardware.Camera$EventHandler.handleMessage(Camera.java:1318)
11-18 14:30:28.425 13309 13309 W MessageQueue: 	at android.os.Handler.dispatchMessage(Handler.java:107)
11-18 14:30:28.425 13309 13309 W MessageQueue: 	at android.os.Looper.loop(Looper.java:198)
11-18 14:30:28.425 13309 13309 W MessageQueue: 	at android.app.ActivityThread.main(ActivityThread.java:6729)
11-18 14:30:28.425 13309 13309 W MessageQueue: 	at java.lang.reflect.Method.invoke(Native Method)
11-18 14:30:28.425 13309 13309 W MessageQueue: 	at com.android.internal.os.RuntimeInit$MethodAndArgsCaller.run(RuntimeInit.java:493)
11-18 14:30:28.425 13309 13309 W MessageQueue: 	at com.android.internal.os.ZygoteInit.main(ZygoteInit.java:858)
11-18 14:30:28.451 13309 13309 W MessageQueue: Handler (android.os.Handler) {5e4e58f} sending message to a Handler on a dead thread
11-18 14:30:28.451 13309 13309 W MessageQueue: java.lang.IllegalStateException: Handler (android.os.Handler) {5e4e58f} sending message to a Handler on a dead thread
11-18 14:30:28.451 13309 13309 W MessageQueue: 	at android.os.MessageQueue.enqueueMessage(MessageQueue.java:546)
11-18 14:30:28.451 13309 13309 W MessageQueue: 	at android.os.Handler.enqueueMessage(Handler.java:746)
11-18 14:30:28.451 13309 13309 W MessageQueue: 	at android.os.Handler.sendMessageAtTime(Handler.java:698)
11-18 14:30:28.451 13309 13309 W MessageQueue: 	at android.os.Handler.sendMessageDelayed(Handler.java:668)
11-18 14:30:28.451 13309 13309 W MessageQueue: 	at android.os.Handler.post(Handler.java:396)
11-18 14:30:28.451 13309 13309 W MessageQueue: 	at symlab.CloudAR.manager.ARManager.driveFrame(ARManager.java:219)
11-18 14:30:28.451 13309 13309 W MessageQueue: 	at symlab.posterApp.PosterActivity$4.onPreviewFrame(PosterActivity.java:258)
11-18 14:30:28.451 13309 13309 W MessageQueue: 	at android.hardware.Camera$EventHandler.handleMessage(Camera.java:1318)
11-18 14:30:28.451 13309 13309 W MessageQueue: 	at android.os.Handler.dispatchMessage(Handler.java:107)
11-18 14:30:28.451 13309 13309 W MessageQueue: 	at android.os.Looper.loop(Looper.java:198)
11-18 14:30:28.451 13309 13309 W MessageQueue: 	at android.app.ActivityThread.main(ActivityThread.java:6729)
11-18 14:30:28.451 13309 13309 W MessageQueue: 	at java.lang.reflect.Method.invoke(Native Method)
11-18 14:30:28.451 13309 13309 W MessageQueue: 	at com.android.internal.os.RuntimeInit$MethodAndArgsCaller.run(RuntimeInit.java:493)
11-18 14:30:28.451 13309 13309 W MessageQueue: 	at com.android.internal.os.ZygoteInit.main(ZygoteInit.java:858)
11-18 14:30:28.451 13309 13309 W MessageQueue: Handler (android.os.Handler) {3544425} sending message to a Handler on a dead thread
11-18 14:30:28.451 13309 13309 W MessageQueue: java.lang.IllegalStateException: Handler (android.os.Handler) {3544425} sending message to a Handler on a dead thread
11-18 14:30:28.451 13309 13309 W MessageQueue: 	at android.os.MessageQueue.enqueueMessage(MessageQueue.java:546)
11-18 14:30:28.451 13309 13309 W MessageQueue: 	at android.os.Handler.enqueueMessage(Handler.java:746)
11-18 14:30:28.451 13309 13309 W MessageQueue: 	at android.os.Handler.sendMessageAtTime(Handler.java:698)
11-18 14:30:28.451 13309 13309 W MessageQueue: 	at android.os.Handler.sendMessageDelayed(Handler.java:668)
11-18 14:30:28.451 13309 13309 W MessageQueue: 	at android.os.Handler.post(Handler.java:396)
11-18 14:30:28.451 13309 13309 W MessageQueue: 	at symlab.CloudAR.manager.ARManager.driveFrame(ARManager.java:221)
11-18 14:30:28.451 13309 13309 W MessageQueue: 	at symlab.posterApp.PosterActivity$4.onPreviewFrame(PosterActivity.java:258)
11-18 14:30:28.451 13309 13309 W MessageQueue: 	at android.hardware.Camera$EventHandler.handleMessage(Camera.java:1318)
11-18 14:30:28.451 13309 13309 W MessageQueue: 	at android.os.Handler.dispatchMessage(Handler.java:107)
11-18 14:30:28.451 13309 13309 W MessageQueue: 	at android.os.Looper.loop(Looper.java:198)
11-18 14:30:28.451 13309 13309 W MessageQueue: 	at android.app.ActivityThread.main(ActivityThread.java:6729)
11-18 14:30:28.451 13309 13309 W MessageQueue: 	at java.lang.reflect.Method.invoke(Native Method)
11-18 14:30:28.451 13309 13309 W MessageQueue: 	at com.android.internal.os.RuntimeInit$MethodAndArgsCaller.run(RuntimeInit.java:493)
11-18 14:30:28.451 13309 13309 W MessageQueue: 	at com.android.internal.os.ZygoteInit.main(ZygoteInit.java:858)
11-18 14:30:28.483 13309 13309 W MessageQueue: Handler (android.os.Handler) {5e4e58f} sending message to a Handler on a dead thread
11-18 14:30:28.483 13309 13309 W MessageQueue: java.lang.IllegalStateException: Handler (android.os.Handler) {5e4e58f} sending message to a Handler on a dead thread
11-18 14:30:28.483 13309 13309 W MessageQueue: 	at android.os.MessageQueue.enqueueMessage(MessageQueue.java:546)
11-18 14:30:28.483 13309 13309 W MessageQueue: 	at android.os.Handler.enqueueMessage(Handler.java:746)
11-18 14:30:28.483 13309 13309 W MessageQueue: 	at android.os.Handler.sendMessageAtTime(Handler.java:698)
11-18 14:30:28.483 13309 13309 W MessageQueue: 	at android.os.Handler.sendMessageDelayed(Handler.java:668)
11-18 14:30:28.483 13309 13309 W MessageQueue: 	at android.os.Handler.post(Handler.java:396)
11-18 14:30:28.483 13309 13309 W MessageQueue: 	at symlab.CloudAR.manager.ARManager.driveFrame(ARManager.java:219)
11-18 14:30:28.483 13309 13309 W MessageQueue: 	at symlab.posterApp.PosterActivity$4.onPreviewFrame(PosterActivity.java:258)
11-18 14:30:28.483 13309 13309 W MessageQueue: 	at android.hardware.Camera$EventHandler.handleMessage(Camera.java:1318)
11-18 14:30:28.483 13309 13309 W MessageQueue: 	at android.os.Handler.dispatchMessage(Handler.java:107)
11-18 14:30:28.483 13309 13309 W MessageQueue: 	at android.os.Looper.loop(Looper.java:198)
11-18 14:30:28.483 13309 13309 W MessageQueue: 	at android.app.ActivityThread.main(ActivityThread.java:6729)
11-18 14:30:28.483 13309 13309 W MessageQueue: 	at java.lang.reflect.Method.invoke(Native Method)
11-18 14:30:28.483 13309 13309 W MessageQueue: 	at com.android.internal.os.RuntimeInit$MethodAndArgsCaller.run(RuntimeInit.java:493)
11-18 14:30:28.483 13309 13309 W MessageQueue: 	at com.android.internal.os.ZygoteInit.main(ZygoteInit.java:858)
11-18 14:30:28.484 13309 13309 W MessageQueue: Handler (android.os.Handler) {3544425} sending message to a Handler on a dead thread
11-18 14:30:28.484 13309 13309 W MessageQueue: java.lang.IllegalStateException: Handler (android.os.Handler) {3544425} sending message to a Handler on a dead thread
11-18 14:30:28.484 13309 13309 W MessageQueue: 	at android.os.MessageQueue.enqueueMessage(MessageQueue.java:546)
11-18 14:30:28.484 13309 13309 W MessageQueue: 	at android.os.Handler.enqueueMessage(Handler.java:746)
11-18 14:30:28.484 13309 13309 W MessageQueue: 	at android.os.Handler.sendMessageAtTime(Handler.java:698)
11-18 14:30:28.484 13309 13309 W MessageQueue: 	at android.os.Handler.sendMessageDelayed(Handler.java:668)
11-18 14:30:28.484 13309 13309 W MessageQueue: 	at android.os.Handler.post(Handler.java:396)
11-18 14:30:28.484 13309 13309 W MessageQueue: 	at symlab.CloudAR.manager.ARManager.driveFrame(ARManager.java:221)
11-18 14:30:28.484 13309 13309 W MessageQueue: 	at symlab.posterApp.PosterActivity$4.onPreviewFrame(PosterActivity.java:258)
11-18 14:30:28.484 13309 13309 W MessageQueue: 	at android.hardware.Camera$EventHandler.handleMessage(Camera.java:1318)
11-18 14:30:28.484 13309 13309 W MessageQueue: 	at android.os.Handler.dispatchMessage(Handler.java:107)
11-18 14:30:28.484 13309 13309 W MessageQueue: 	at android.os.Looper.loop(Looper.java:198)
11-18 14:30:28.484 13309 13309 W MessageQueue: 	at android.app.ActivityThread.main(ActivityThread.java:6729)
11-18 14:30:28.484 13309 13309 W MessageQueue: 	at java.lang.reflect.Method.invoke(Native Method)
11-18 14:30:28.484 13309 13309 W MessageQueue: 	at com.android.internal.os.RuntimeInit$MethodAndArgsCaller.run(RuntimeInit.java:493)
11-18 14:30:28.484 13309 13309 W MessageQueue: 	at com.android.internal.os.ZygoteInit.main(ZygoteInit.java:858)
11-18 14:30:28.517 13309 13309 W MessageQueue: Handler (android.os.Handler) {5e4e58f} sending message to a Handler on a dead thread
11-18 14:30:28.517 13309 13309 W MessageQueue: java.lang.IllegalStateException: Handler (android.os.Handler) {5e4e58f} sending message to a Handler on a dead thread
11-18 14:30:28.517 13309 13309 W MessageQueue: 	at android.os.MessageQueue.enqueueMessage(MessageQueue.java:546)
11-18 14:30:28.517 13309 13309 W MessageQueue: 	at android.os.Handler.enqueueMessage(Handler.java:746)
11-18 14:30:28.517 13309 13309 W MessageQueue: 	at android.os.Handler.sendMessageAtTime(Handler.java:698)
11-18 14:30:28.517 13309 13309 W MessageQueue: 	at android.os.Handler.sendMessageDelayed(Handler.java:668)
11-18 14:30:28.517 13309 13309 W MessageQueue: 	at android.os.Handler.post(Handler.java:396)
11-18 14:30:28.517 13309 13309 W MessageQueue: 	at symlab.CloudAR.manager.ARManager.driveFrame(ARManager.java:219)
11-18 14:30:28.517 13309 13309 W MessageQueue: 	at symlab.posterApp.PosterActivity$4.onPreviewFrame(PosterActivity.java:258)
11-18 14:30:28.517 13309 13309 W MessageQueue: 	at android.hardware.Camera$EventHandler.handleMessage(Camera.java:1318)
11-18 14:30:28.517 13309 13309 W MessageQueue: 	at android.os.Handler.dispatchMessage(Handler.java:107)
11-18 14:30:28.517 13309 13309 W MessageQueue: 	at android.os.Looper.loop(Looper.java:198)
11-18 14:30:28.517 13309 13309 W MessageQueue: 	at android.app.ActivityThread.main(ActivityThread.java:6729)
11-18 14:30:28.517 13309 13309 W MessageQueue: 	at java.lang.reflect.Method.invoke(Native Method)
11-18 14:30:28.517 13309 13309 W MessageQueue: 	at com.android.internal.os.RuntimeInit$MethodAndArgsCaller.run(RuntimeInit.java:493)
11-18 14:30:28.517 13309 13309 W MessageQueue: 	at com.android.internal.os.ZygoteInit.main(ZygoteInit.java:858)
11-18 14:30:28.519 13309 13309 W MessageQueue: Handler (android.os.Handler) {3544425} sending message to a Handler on a dead thread
11-18 14:30:28.519 13309 13309 W MessageQueue: java.lang.IllegalStateException: Handler (android.os.Handler) {3544425} sending message to a Handler on a dead thread
11-18 14:30:28.519 13309 13309 W MessageQueue: 	at android.os.MessageQueue.enqueueMessage(MessageQueue.java:546)
11-18 14:30:28.519 13309 13309 W MessageQueue: 	at android.os.Handler.enqueueMessage(Handler.java:746)
11-18 14:30:28.519 13309 13309 W MessageQueue: 	at android.os.Handler.sendMessageAtTime(Handler.java:698)
11-18 14:30:28.519 13309 13309 W MessageQueue: 	at android.os.Handler.sendMessageDelayed(Handler.java:668)
11-18 14:30:28.519 13309 13309 W MessageQueue: 	at android.os.Handler.post(Handler.java:396)
11-18 14:30:28.519 13309 13309 W MessageQueue: 	at symlab.CloudAR.manager.ARManager.driveFrame(ARManager.java:221)
11-18 14:30:28.519 13309 13309 W MessageQueue: 	at symlab.posterApp.PosterActivity$4.onPreviewFrame(PosterActivity.java:258)
11-18 14:30:28.519 13309 13309 W MessageQueue: 	at android.hardware.Camera$EventHandler.handleMessage(Camera.java:1318)
11-18 14:30:28.519 13309 13309 W MessageQueue: 	at android.os.Handler.dispatchMessage(Handler.java:107)
11-18 14:30:28.519 13309 13309 W MessageQueue: 	at android.os.Looper.loop(Looper.java:198)
11-18 14:30:28.519 13309 13309 W MessageQueue: 	at android.app.ActivityThread.main(ActivityThread.java:6729)
11-18 14:30:28.519 13309 13309 W MessageQueue: 	at java.lang.reflect.Method.invoke(Native Method)
11-18 14:30:28.519 13309 13309 W MessageQueue: 	at com.android.internal.os.RuntimeInit$MethodAndArgsCaller.run(RuntimeInit.java:493)
11-18 14:30:28.519 13309 13309 W MessageQueue: 	at com.android.internal.os.ZygoteInit.main(ZygoteInit.java:858)
11-18 14:30:28.549 13309 13309 W MessageQueue: Handler (android.os.Handler) {5e4e58f} sending message to a Handler on a dead thread
11-18 14:30:28.549 13309 13309 W MessageQueue: java.lang.IllegalStateException: Handler (android.os.Handler) {5e4e58f} sending message to a Handler on a dead thread
11-18 14:30:28.549 13309 13309 W MessageQueue: 	at android.os.MessageQueue.enqueueMessage(MessageQueue.java:546)
11-18 14:30:28.549 13309 13309 W MessageQueue: 	at android.os.Handler.enqueueMessage(Handler.java:746)
11-18 14:30:28.549 13309 13309 W MessageQueue: 	at android.os.Handler.sendMessageAtTime(Handler.java:698)
11-18 14:30:28.549 13309 13309 W MessageQueue: 	at android.os.Handler.sendMessageDelayed(Handler.java:668)
11-18 14:30:28.549 13309 13309 W MessageQueue: 	at android.os.Handler.post(Handler.java:396)
11-18 14:30:28.549 13309 13309 W MessageQueue: 	at symlab.CloudAR.manager.ARManager.driveFrame(ARManager.java:219)
11-18 14:30:28.549 13309 13309 W MessageQueue: 	at symlab.posterApp.PosterActivity$4.onPreviewFrame(PosterActivity.java:258)
11-18 14:30:28.549 13309 13309 W MessageQueue: 	at android.hardware.Camera$EventHandler.handleMessage(Camera.java:1318)
11-18 14:30:28.549 13309 13309 W MessageQueue: 	at android.os.Handler.dispatchMessage(Handler.java:107)
11-18 14:30:28.549 13309 13309 W MessageQueue: 	at android.os.Looper.loop(Looper.java:198)
11-18 14:30:28.549 13309 13309 W MessageQueue: 	at android.app.ActivityThread.main(ActivityThread.java:6729)
11-18 14:30:28.549 13309 13309 W MessageQueue: 	at java.lang.reflect.Method.invoke(Native Method)
11-18 14:30:28.549 13309 13309 W MessageQueue: 	at com.android.internal.os.RuntimeInit$MethodAndArgsCaller.run(RuntimeInit.java:493)
11-18 14:30:28.549 13309 13309 W MessageQueue: 	at com.android.internal.os.ZygoteInit.main(ZygoteInit.java:858)
11-18 14:30:28.551 13309 13309 W MessageQueue: Handler (android.os.Handler) {3544425} sending message to a Handler on a dead thread
11-18 14:30:28.551 13309 13309 W MessageQueue: java.lang.IllegalStateException: Handler (android.os.Handler) {3544425} sending message to a Handler on a dead thread
11-18 14:30:28.551 13309 13309 W MessageQueue: 	at android.os.MessageQueue.enqueueMessage(MessageQueue.java:546)
11-18 14:30:28.551 13309 13309 W MessageQueue: 	at android.os.Handler.enqueueMessage(Handler.java:746)
11-18 14:30:28.551 13309 13309 W MessageQueue: 	at android.os.Handler.sendMessageAtTime(Handler.java:698)
11-18 14:30:28.551 13309 13309 W MessageQueue: 	at android.os.Handler.sendMessageDelayed(Handler.java:668)
11-18 14:30:28.551 13309 13309 W MessageQueue: 	at android.os.Handler.post(Handler.java:396)
11-18 14:30:28.551 13309 13309 W MessageQueue: 	at symlab.CloudAR.manager.ARManager.driveFrame(ARManager.java:221)
11-18 14:30:28.551 13309 13309 W MessageQueue: 	at symlab.posterApp.PosterActivity$4.onPreviewFrame(PosterActivity.java:258)
11-18 14:30:28.551 13309 13309 W MessageQueue: 	at android.hardware.Camera$EventHandler.handleMessage(Camera.java:1318)
11-18 14:30:28.551 13309 13309 W MessageQueue: 	at android.os.Handler.dispatchMessage(Handler.java:107)
11-18 14:30:28.551 13309 13309 W MessageQueue: 	at android.os.Looper.loop(Looper.java:198)
11-18 14:30:28.551 13309 13309 W MessageQueue: 	at android.app.ActivityThread.main(ActivityThread.java:6729)
11-18 14:30:28.551 13309 13309 W MessageQueue: 	at java.lang.reflect.Method.invoke(Native Method)
11-18 14:30:28.551 13309 13309 W MessageQueue: 	at com.android.internal.os.RuntimeInit$MethodAndArgsCaller.run(RuntimeInit.java:493)
11-18 14:30:28.551 13309 13309 W MessageQueue: 	at com.android.internal.os.ZygoteInit.main(ZygoteInit.java:858)
11-18 14:30:28.586 13309 13309 W MessageQueue: Handler (android.os.Handler) {5e4e58f} sending message to a Handler on a dead thread
11-18 14:30:28.586 13309 13309 W MessageQueue: java.lang.IllegalStateException: Handler (android.os.Handler) {5e4e58f} sending message to a Handler on a dead thread
11-18 14:30:28.586 13309 13309 W MessageQueue: 	at android.os.MessageQueue.enqueueMessage(MessageQueue.java:546)
11-18 14:30:28.586 13309 13309 W MessageQueue: 	at android.os.Handler.enqueueMessage(Handler.java:746)
11-18 14:30:28.586 13309 13309 W MessageQueue: 	at android.os.Handler.sendMessageAtTime(Handler.java:698)
11-18 14:30:28.586 13309 13309 W MessageQueue: 	at android.os.Handler.sendMessageDelayed(Handler.java:668)
11-18 14:30:28.586 13309 13309 W MessageQueue: 	at android.os.Handler.post(Handler.java:396)
11-18 14:30:28.586 13309 13309 W MessageQueue: 	at symlab.CloudAR.manager.ARManager.driveFrame(ARManager.java:219)
11-18 14:30:28.586 13309 13309 W MessageQueue: 	at symlab.posterApp.PosterActivity$4.onPreviewFrame(PosterActivity.java:258)
11-18 14:30:28.586 13309 13309 W MessageQueue: 	at android.hardware.Camera$EventHandler.handleMessage(Camera.java:1318)
11-18 14:30:28.586 13309 13309 W MessageQueue: 	at android.os.Handler.dispatchMessage(Handler.java:107)
11-18 14:30:28.586 13309 13309 W MessageQueue: 	at android.os.Looper.loop(Looper.java:198)
11-18 14:30:28.586 13309 13309 W MessageQueue: 	at android.app.ActivityThread.main(ActivityThread.java:6729)
11-18 14:30:28.586 13309 13309 W MessageQueue: 	at java.lang.reflect.Method.invoke(Native Method)
11-18 14:30:28.586 13309 13309 W MessageQueue: 	at com.android.internal.os.RuntimeInit$MethodAndArgsCaller.run(RuntimeInit.java:493)
11-18 14:30:28.586 13309 13309 W MessageQueue: 	at com.android.internal.os.ZygoteInit.main(ZygoteInit.java:858)
11-18 14:30:28.586 13309 13309 W MessageQueue: Handler (android.os.Handler) {3544425} sending message to a Handler on a dead thread
11-18 14:30:28.586 13309 13309 W MessageQueue: java.lang.IllegalStateException: Handler (android.os.Handler) {3544425} sending message to a Handler on a dead thread
11-18 14:30:28.586 13309 13309 W MessageQueue: 	at android.os.MessageQueue.enqueueMessage(MessageQueue.java:546)
11-18 14:30:28.586 13309 13309 W MessageQueue: 	at android.os.Handler.enqueueMessage(Handler.java:746)
11-18 14:30:28.586 13309 13309 W MessageQueue: 	at android.os.Handler.sendMessageAtTime(Handler.java:698)
11-18 14:30:28.586 13309 13309 W MessageQueue: 	at android.os.Handler.sendMessageDelayed(Handler.java:668)
11-18 14:30:28.586 13309 13309 W MessageQueue: 	at android.os.Handler.post(Handler.java:396)
11-18 14:30:28.586 13309 13309 W MessageQueue: 	at symlab.CloudAR.manager.ARManager.driveFrame(ARManager.java:221)
11-18 14:30:28.586 13309 13309 W MessageQueue: 	at symlab.posterApp.PosterActivity$4.onPreviewFrame(PosterActivity.java:258)
11-18 14:30:28.586 13309 13309 W MessageQueue: 	at android.hardware.Camera$EventHandler.handleMessage(Camera.java:1318)
11-18 14:30:28.586 13309 13309 W MessageQueue: 	at android.os.Handler.dispatchMessage(Handler.java:107)
11-18 14:30:28.586 13309 13309 W MessageQueue: 	at android.os.Looper.loop(Looper.java:198)
11-18 14:30:28.586 13309 13309 W MessageQueue: 	at android.app.ActivityThread.main(ActivityThread.java:6729)
11-18 14:30:28.586 13309 13309 W MessageQueue: 	at java.lang.reflect.Method.invoke(Native Method)
11-18 14:30:28.586 13309 13309 W MessageQueue: 	at com.android.internal.os.RuntimeInit$MethodAndArgsCaller.run(RuntimeInit.java:493)
11-18 14:30:28.586 13309 13309 W MessageQueue: 	at com.android.internal.os.ZygoteInit.main(ZygoteInit.java:858)
11-18 14:30:28.622 13309 13309 W MessageQueue: Handler (android.os.Handler) {5e4e58f} sending message to a Handler on a dead thread
11-18 14:30:28.622 13309 13309 W MessageQueue: java.lang.IllegalStateException: Handler (android.os.Handler) {5e4e58f} sending message to a Handler on a dead thread
11-18 14:30:28.622 13309 13309 W MessageQueue: 	at android.os.MessageQueue.enqueueMessage(MessageQueue.java:546)
11-18 14:30:28.622 13309 13309 W MessageQueue: 	at android.os.Handler.enqueueMessage(Handler.java:746)
11-18 14:30:28.622 13309 13309 W MessageQueue: 	at android.os.Handler.sendMessageAtTime(Handler.java:698)
11-18 14:30:28.622 13309 13309 W MessageQueue: 	at android.os.Handler.sendMessageDelayed(Handler.java:668)
11-18 14:30:28.622 13309 13309 W MessageQueue: 	at android.os.Handler.post(Handler.java:396)
11-18 14:30:28.622 13309 13309 W MessageQueue: 	at symlab.CloudAR.manager.ARManager.driveFrame(ARManager.java:219)
11-18 14:30:28.622 13309 13309 W MessageQueue: 	at symlab.posterApp.PosterActivity$4.onPreviewFrame(PosterActivity.java:258)
11-18 14:30:28.622 13309 13309 W MessageQueue: 	at android.hardware.Camera$EventHandler.handleMessage(Camera.java:1318)
11-18 14:30:28.622 13309 13309 W MessageQueue: 	at android.os.Handler.dispatchMessage(Handler.java:107)
11-18 14:30:28.622 13309 13309 W MessageQueue: 	at android.os.Looper.loop(Looper.java:198)
11-18 14:30:28.622 13309 13309 W MessageQueue: 	at android.app.ActivityThread.main(ActivityThread.java:6729)
11-18 14:30:28.622 13309 13309 W MessageQueue: 	at java.lang.reflect.Method.invoke(Native Method)
11-18 14:30:28.622 13309 13309 W MessageQueue: 	at com.android.internal.os.RuntimeInit$MethodAndArgsCaller.run(RuntimeInit.java:493)
11-18 14:30:28.622 13309 13309 W MessageQueue: 	at com.android.internal.os.ZygoteInit.main(ZygoteInit.java:858)
11-18 14:30:28.622 13309 13309 W MessageQueue: Handler (android.os.Handler) {3544425} sending message to a Handler on a dead thread
11-18 14:30:28.622 13309 13309 W MessageQueue: java.lang.IllegalStateException: Handler (android.os.Handler) {3544425} sending message to a Handler on a dead thread
11-18 14:30:28.622 13309 13309 W MessageQueue: 	at android.os.MessageQueue.enqueueMessage(MessageQueue.java:546)
11-18 14:30:28.622 13309 13309 W MessageQueue: 	at android.os.Handler.enqueueMessage(Handler.java:746)
11-18 14:30:28.622 13309 13309 W MessageQueue: 	at android.os.Handler.sendMessageAtTime(Handler.java:698)
11-18 14:30:28.622 13309 13309 W MessageQueue: 	at android.os.Handler.sendMessageDelayed(Handler.java:668)
11-18 14:30:28.622 13309 13309 W MessageQueue: 	at android.os.Handler.post(Handler.java:396)
11-18 14:30:28.622 13309 13309 W MessageQueue: 	at symlab.CloudAR.manager.ARManager.driveFrame(ARManager.java:221)
11-18 14:30:28.622 13309 13309 W MessageQueue: 	at symlab.posterApp.PosterActivity$4.onPreviewFrame(PosterActivity.java:258)
11-18 14:30:28.622 13309 13309 W MessageQueue: 	at android.hardware.Camera$EventHandler.handleMessage(Camera.java:1318)
11-18 14:30:28.622 13309 13309 W MessageQueue: 	at android.os.Handler.dispatchMessage(Handler.java:107)
11-18 14:30:28.622 13309 13309 W MessageQueue: 	at android.os.Looper.loop(Looper.java:198)
11-18 14:30:28.622 13309 13309 W MessageQueue: 	at android.app.ActivityThread.main(ActivityThread.java:6729)
11-18 14:30:28.622 13309 13309 W MessageQueue: 	at java.lang.reflect.Method.invoke(Native Method)
11-18 14:30:28.622 13309 13309 W MessageQueue: 	at com.android.internal.os.RuntimeInit$MethodAndArgsCaller.run(RuntimeInit.java:493)
11-18 14:30:28.622 13309 13309 W MessageQueue: 	at com.android.internal.os.ZygoteInit.main(ZygoteInit.java:858)
11-18 14:30:28.661 13309 13309 W MessageQueue: Handler (android.os.Handler) {5e4e58f} sending message to a Handler on a dead thread
11-18 14:30:28.661 13309 13309 W MessageQueue: java.lang.IllegalStateException: Handler (android.os.Handler) {5e4e58f} sending message to a Handler on a dead thread
11-18 14:30:28.661 13309 13309 W MessageQueue: 	at android.os.MessageQueue.enqueueMessage(MessageQueue.java:546)
11-18 14:30:28.661 13309 13309 W MessageQueue: 	at android.os.Handler.enqueueMessage(Handler.java:746)
11-18 14:30:28.661 13309 13309 W MessageQueue: 	at android.os.Handler.sendMessageAtTime(Handler.java:698)
11-18 14:30:28.661 13309 13309 W MessageQueue: 	at android.os.Handler.sendMessageDelayed(Handler.java:668)
11-18 14:30:28.661 13309 13309 W MessageQueue: 	at android.os.Handler.post(Handler.java:396)
11-18 14:30:28.661 13309 13309 W MessageQueue: 	at symlab.CloudAR.manager.ARManager.driveFrame(ARManager.java:219)
11-18 14:30:28.661 13309 13309 W MessageQueue: 	at symlab.posterApp.PosterActivity$4.onPreviewFrame(PosterActivity.java:258)
11-18 14:30:28.661 13309 13309 W MessageQueue: 	at android.hardware.Camera$EventHandler.handleMessage(Camera.java:1318)
11-18 14:30:28.661 13309 13309 W MessageQueue: 	at android.os.Handler.dispatchMessage(Handler.java:107)
11-18 14:30:28.661 13309 13309 W MessageQueue: 	at android.os.Looper.loop(Looper.java:198)
11-18 14:30:28.661 13309 13309 W MessageQueue: 	at android.app.ActivityThread.main(ActivityThread.java:6729)
11-18 14:30:28.661 13309 13309 W MessageQueue: 	at java.lang.reflect.Method.invoke(Native Method)
11-18 14:30:28.661 13309 13309 W MessageQueue: 	at com.android.internal.os.RuntimeInit$MethodAndArgsCaller.run(RuntimeInit.java:493)
11-18 14:30:28.661 13309 13309 W MessageQueue: 	at com.android.internal.os.ZygoteInit.main(ZygoteInit.java:858)
11-18 14:30:28.662 13309 13309 W MessageQueue: Handler (android.os.Handler) {3544425} sending message to a Handler on a dead thread
11-18 14:30:28.662 13309 13309 W MessageQueue: java.lang.IllegalStateException: Handler (android.os.Handler) {3544425} sending message to a Handler on a dead thread
11-18 14:30:28.662 13309 13309 W MessageQueue: 	at android.os.MessageQueue.enqueueMessage(MessageQueue.java:546)
11-18 14:30:28.662 13309 13309 W MessageQueue: 	at android.os.Handler.enqueueMessage(Handler.java:746)
11-18 14:30:28.662 13309 13309 W MessageQueue: 	at android.os.Handler.sendMessageAtTime(Handler.java:698)
11-18 14:30:28.662 13309 13309 W MessageQueue: 	at android.os.Handler.sendMessageDelayed(Handler.java:668)
11-18 14:30:28.662 13309 13309 W MessageQueue: 	at android.os.Handler.post(Handler.java:396)
11-18 14:30:28.662 13309 13309 W MessageQueue: 	at symlab.CloudAR.manager.ARManager.driveFrame(ARManager.java:221)
11-18 14:30:28.662 13309 13309 W MessageQueue: 	at symlab.posterApp.PosterActivity$4.onPreviewFrame(PosterActivity.java:258)
11-18 14:30:28.662 13309 13309 W MessageQueue: 	at android.hardware.Camera$EventHandler.handleMessage(Camera.java:1318)
11-18 14:30:28.662 13309 13309 W MessageQueue: 	at android.os.Handler.dispatchMessage(Handler.java:107)
11-18 14:30:28.662 13309 13309 W MessageQueue: 	at android.os.Looper.loop(Looper.java:198)
11-18 14:30:28.662 13309 13309 W MessageQueue: 	at android.app.ActivityThread.main(ActivityThread.java:6729)
11-18 14:30:28.662 13309 13309 W MessageQueue: 	at java.lang.reflect.Method.invoke(Native Method)
11-18 14:30:28.662 13309 13309 W MessageQueue: 	at com.android.internal.os.RuntimeInit$MethodAndArgsCaller.run(RuntimeInit.java:493)
11-18 14:30:28.662 13309 13309 W MessageQueue: 	at com.android.internal.os.ZygoteInit.main(ZygoteInit.java:858)
11-18 14:30:28.687 13309 13309 W MessageQueue: Handler (android.os.Handler) {5e4e58f} sending message to a Handler on a dead thread
11-18 14:30:28.687 13309 13309 W MessageQueue: java.lang.IllegalStateException: Handler (android.os.Handler) {5e4e58f} sending message to a Handler on a dead thread
11-18 14:30:28.687 13309 13309 W MessageQueue: 	at android.os.MessageQueue.enqueueMessage(MessageQueue.java:546)
11-18 14:30:28.687 13309 13309 W MessageQueue: 	at android.os.Handler.enqueueMessage(Handler.java:746)
11-18 14:30:28.687 13309 13309 W MessageQueue: 	at android.os.Handler.sendMessageAtTime(Handler.java:698)
11-18 14:30:28.687 13309 13309 W MessageQueue: 	at android.os.Handler.sendMessageDelayed(Handler.java:668)
11-18 14:30:28.687 13309 13309 W MessageQueue: 	at android.os.Handler.post(Handler.java:396)
11-18 14:30:28.687 13309 13309 W MessageQueue: 	at symlab.CloudAR.manager.ARManager.driveFrame(ARManager.java:219)
11-18 14:30:28.687 13309 13309 W MessageQueue: 	at symlab.posterApp.PosterActivity$4.onPreviewFrame(PosterActivity.java:258)
11-18 14:30:28.687 13309 13309 W MessageQueue: 	at android.hardware.Camera$EventHandler.handleMessage(Camera.java:1318)
11-18 14:30:28.687 13309 13309 W MessageQueue: 	at android.os.Handler.dispatchMessage(Handler.java:107)
11-18 14:30:28.687 13309 13309 W MessageQueue: 	at android.os.Looper.loop(Looper.java:198)
11-18 14:30:28.687 13309 13309 W MessageQueue: 	at android.app.ActivityThread.main(ActivityThread.java:6729)
11-18 14:30:28.687 13309 13309 W MessageQueue: 	at java.lang.reflect.Method.invoke(Native Method)
11-18 14:30:28.687 13309 13309 W MessageQueue: 	at com.android.internal.os.RuntimeInit$MethodAndArgsCaller.run(RuntimeInit.java:493)
11-18 14:30:28.687 13309 13309 W MessageQueue: 	at com.android.internal.os.ZygoteInit.main(ZygoteInit.java:858)
11-18 14:30:28.688 13309 13309 W MessageQueue: Handler (android.os.Handler) {3544425} sending message to a Handler on a dead thread
11-18 14:30:28.688 13309 13309 W MessageQueue: java.lang.IllegalStateException: Handler (android.os.Handler) {3544425} sending message to a Handler on a dead thread
11-18 14:30:28.688 13309 13309 W MessageQueue: 	at android.os.MessageQueue.enqueueMessage(MessageQueue.java:546)
11-18 14:30:28.688 13309 13309 W MessageQueue: 	at android.os.Handler.enqueueMessage(Handler.java:746)
11-18 14:30:28.688 13309 13309 W MessageQueue: 	at android.os.Handler.sendMessageAtTime(Handler.java:698)
11-18 14:30:28.688 13309 13309 W MessageQueue: 	at android.os.Handler.sendMessageDelayed(Handler.java:668)
11-18 14:30:28.688 13309 13309 W MessageQueue: 	at android.os.Handler.post(Handler.java:396)
11-18 14:30:28.688 13309 13309 W MessageQueue: 	at symlab.CloudAR.manager.ARManager.driveFrame(ARManager.java:221)
11-18 14:30:28.688 13309 13309 W MessageQueue: 	at symlab.posterApp.PosterActivity$4.onPreviewFrame(PosterActivity.java:258)
11-18 14:30:28.688 13309 13309 W MessageQueue: 	at android.hardware.Camera$EventHandler.handleMessage(Camera.java:1318)
11-18 14:30:28.688 13309 13309 W MessageQueue: 	at android.os.Handler.dispatchMessage(Handler.java:107)
11-18 14:30:28.688 13309 13309 W MessageQueue: 	at android.os.Looper.loop(Looper.java:198)
11-18 14:30:28.688 13309 13309 W MessageQueue: 	at android.app.ActivityThread.main(ActivityThread.java:6729)
11-18 14:30:28.688 13309 13309 W MessageQueue: 	at java.lang.reflect.Method.invoke(Native Method)
11-18 14:30:28.688 13309 13309 W MessageQueue: 	at com.android.internal.os.RuntimeInit$MethodAndArgsCaller.run(RuntimeInit.java:493)
11-18 14:30:28.688 13309 13309 W MessageQueue: 	at com.android.internal.os.ZygoteInit.main(ZygoteInit.java:858)
11-18 14:30:28.720 13309 13309 W MessageQueue: Handler (android.os.Handler) {5e4e58f} sending message to a Handler on a dead thread
11-18 14:30:28.720 13309 13309 W MessageQueue: java.lang.IllegalStateException: Handler (android.os.Handler) {5e4e58f} sending message to a Handler on a dead thread
11-18 14:30:28.720 13309 13309 W MessageQueue: 	at android.os.MessageQueue.enqueueMessage(MessageQueue.java:546)
11-18 14:30:28.720 13309 13309 W MessageQueue: 	at android.os.Handler.enqueueMessage(Handler.java:746)
11-18 14:30:28.720 13309 13309 W MessageQueue: 	at android.os.Handler.sendMessageAtTime(Handler.java:698)
11-18 14:30:28.720 13309 13309 W MessageQueue: 	at android.os.Handler.sendMessageDelayed(Handler.java:668)
11-18 14:30:28.720 13309 13309 W MessageQueue: 	at android.os.Handler.post(Handler.java:396)
11-18 14:30:28.720 13309 13309 W MessageQueue: 	at symlab.CloudAR.manager.ARManager.driveFrame(ARManager.java:219)
11-18 14:30:28.720 13309 13309 W MessageQueue: 	at symlab.posterApp.PosterActivity$4.onPreviewFrame(PosterActivity.java:258)
11-18 14:30:28.720 13309 13309 W MessageQueue: 	at android.hardware.Camera$EventHandler.handleMessage(Camera.java:1318)
11-18 14:30:28.720 13309 13309 W MessageQueue: 	at android.os.Handler.dispatchMessage(Handler.java:107)
11-18 14:30:28.720 13309 13309 W MessageQueue: 	at android.os.Looper.loop(Looper.java:198)
11-18 14:30:28.720 13309 13309 W MessageQueue: 	at android.app.ActivityThread.main(ActivityThread.java:6729)
11-18 14:30:28.720 13309 13309 W MessageQueue: 	at java.lang.reflect.Method.invoke(Native Method)
11-18 14:30:28.720 13309 13309 W MessageQueue: 	at com.android.internal.os.RuntimeInit$MethodAndArgsCaller.run(RuntimeInit.java:493)
11-18 14:30:28.720 13309 13309 W MessageQueue: 	at com.android.internal.os.ZygoteInit.main(ZygoteInit.java:858)
11-18 14:30:28.721 13309 13309 W MessageQueue: Handler (android.os.Handler) {3544425} sending message to a Handler on a dead thread
11-18 14:30:28.721 13309 13309 W MessageQueue: java.lang.IllegalStateException: Handler (android.os.Handler) {3544425} sending message to a Handler on a dead thread
11-18 14:30:28.721 13309 13309 W MessageQueue: 	at android.os.MessageQueue.enqueueMessage(MessageQueue.java:546)
11-18 14:30:28.721 13309 13309 W MessageQueue: 	at android.os.Handler.enqueueMessage(Handler.java:746)
11-18 14:30:28.721 13309 13309 W MessageQueue: 	at android.os.Handler.sendMessageAtTime(Handler.java:698)
11-18 14:30:28.721 13309 13309 W MessageQueue: 	at android.os.Handler.sendMessageDelayed(Handler.java:668)
11-18 14:30:28.721 13309 13309 W MessageQueue: 	at android.os.Handler.post(Handler.java:396)
11-18 14:30:28.721 13309 13309 W MessageQueue: 	at symlab.CloudAR.manager.ARManager.driveFrame(ARManager.java:221)
11-18 14:30:28.721 13309 13309 W MessageQueue: 	at symlab.posterApp.PosterActivity$4.onPreviewFrame(PosterActivity.java:258)
11-18 14:30:28.721 13309 13309 W MessageQueue: 	at android.hardware.Camera$EventHandler.handleMessage(Camera.java:1318)
11-18 14:30:28.721 13309 13309 W MessageQueue: 	at android.os.Handler.dispatchMessage(Handler.java:107)
11-18 14:30:28.721 13309 13309 W MessageQueue: 	at android.os.Looper.loop(Looper.java:198)
11-18 14:30:28.721 13309 13309 W MessageQueue: 	at android.app.ActivityThread.main(ActivityThread.java:6729)
11-18 14:30:28.721 13309 13309 W MessageQueue: 	at java.lang.reflect.Method.invoke(Native Method)
11-18 14:30:28.721 13309 13309 W MessageQueue: 	at com.android.internal.os.RuntimeInit$MethodAndArgsCaller.run(RuntimeInit.java:493)
11-18 14:30:28.721 13309 13309 W MessageQueue: 	at com.android.internal.os.ZygoteInit.main(ZygoteInit.java:858)
11-18 14:30:28.748 13309 13309 W MessageQueue: Handler (android.os.Handler) {5e4e58f} sending message to a Handler on a dead thread
11-18 14:30:28.748 13309 13309 W MessageQueue: java.lang.IllegalStateException: Handler (android.os.Handler) {5e4e58f} sending message to a Handler on a dead thread
11-18 14:30:28.748 13309 13309 W MessageQueue: 	at android.os.MessageQueue.enqueueMessage(MessageQueue.java:546)
11-18 14:30:28.748 13309 13309 W MessageQueue: 	at android.os.Handler.enqueueMessage(Handler.java:746)
11-18 14:30:28.748 13309 13309 W MessageQueue: 	at android.os.Handler.sendMessageAtTime(Handler.java:698)
11-18 14:30:28.748 13309 13309 W MessageQueue: 	at android.os.Handler.sendMessageDelayed(Handler.java:668)
11-18 14:30:28.748 13309 13309 W MessageQueue: 	at android.os.Handler.post(Handler.java:396)
11-18 14:30:28.748 13309 13309 W MessageQueue: 	at symlab.CloudAR.manager.ARManager.driveFrame(ARManager.java:219)
11-18 14:30:28.748 13309 13309 W MessageQueue: 	at symlab.posterApp.PosterActivity$4.onPreviewFrame(PosterActivity.java:258)
11-18 14:30:28.748 13309 13309 W MessageQueue: 	at android.hardware.Camera$EventHandler.handleMessage(Camera.java:1318)
11-18 14:30:28.748 13309 13309 W MessageQueue: 	at android.os.Handler.dispatchMessage(Handler.java:107)
11-18 14:30:28.748 13309 13309 W MessageQueue: 	at android.os.Looper.loop(Looper.java:198)
11-18 14:30:28.748 13309 13309 W MessageQueue: 	at android.app.ActivityThread.main(ActivityThread.java:6729)
11-18 14:30:28.748 13309 13309 W MessageQueue: 	at java.lang.reflect.Method.invoke(Native Method)
11-18 14:30:28.748 13309 13309 W MessageQueue: 	at com.android.internal.os.RuntimeInit$MethodAndArgsCaller.run(RuntimeInit.java:493)
11-18 14:30:28.748 13309 13309 W MessageQueue: 	at com.android.internal.os.ZygoteInit.main(ZygoteInit.java:858)
11-18 14:30:28.749 13309 13309 W MessageQueue: Handler (android.os.Handler) {3544425} sending message to a Handler on a dead thread
11-18 14:30:28.749 13309 13309 W MessageQueue: java.lang.IllegalStateException: Handler (android.os.Handler) {3544425} sending message to a Handler on a dead thread
11-18 14:30:28.749 13309 13309 W MessageQueue: 	at android.os.MessageQueue.enqueueMessage(MessageQueue.java:546)
11-18 14:30:28.749 13309 13309 W MessageQueue: 	at android.os.Handler.enqueueMessage(Handler.java:746)
11-18 14:30:28.749 13309 13309 W MessageQueue: 	at android.os.Handler.sendMessageAtTime(Handler.java:698)
11-18 14:30:28.749 13309 13309 W MessageQueue: 	at android.os.Handler.sendMessageDelayed(Handler.java:668)
11-18 14:30:28.749 13309 13309 W MessageQueue: 	at android.os.Handler.post(Handler.java:396)
11-18 14:30:28.749 13309 13309 W MessageQueue: 	at symlab.CloudAR.manager.ARManager.driveFrame(ARManager.java:221)
11-18 14:30:28.749 13309 13309 W MessageQueue: 	at symlab.posterApp.PosterActivity$4.onPreviewFrame(PosterActivity.java:258)
11-18 14:30:28.749 13309 13309 W MessageQueue: 	at android.hardware.Camera$EventHandler.handleMessage(Camera.java:1318)
