--------- beginning of crash
11-18 14:42:29.726  8010  8063 E AndroidRuntime: FATAL EXCEPTION: GLThread 54
11-18 14:42:29.726  8010  8063 E AndroidRuntime: Process: symlab.cloudridar.poster_edge, PID: 8010
11-18 14:42:29.726  8010  8063 E AndroidRuntime: java.lang.IllegalStateException
11-18 14:42:29.726  8010  8063 E AndroidRuntime: 	at android.media.MediaPlayer._setVideoSurface(Native Method)
11-18 14:42:29.726  8010  8063 E AndroidRuntime: 	at android.media.MediaPlayer.setSurface(MediaPlayer.java:806)
11-18 14:42:29.726  8010  8063 E AndroidRuntime: 	at org.rajawali3d.materials.textures.StreamingTexture.add(StreamingTexture.java:83)
11-18 14:42:29.726  8010  8063 E AndroidRuntime: 	at org.rajawali3d.materials.textures.TextureManager.taskAdd(TextureManager.java:112)
11-18 14:42:29.726  8010  8063 E AndroidRuntime: 	at org.rajawali3d.materials.textures.TextureManager.taskReload(TextureManager.java:211)
11-18 14:42:29.726  8010  8063 E AndroidRuntime: 	at org.rajawali3d.renderer.Renderer.onRenderSurfaceSizeChanged(Renderer.java:363)
11-18 14:42:29.726  8010  8063 E AndroidRuntime: 	at org.rajawali3d.view.SurfaceView$RendererDelegate.onSurfaceChanged(SurfaceView.java:230)
11-18 14:42:29.726  8010  8063 E AndroidRuntime: 	at android.opengl.GLSurfaceView$GLThread.guardedRun(GLSurfaceView.java:1555)
11-18 14:42:29.726  8010  8063 E AndroidRuntime: 	at android.opengl.GLSurfaceView$GLThread.run(GLSurfaceView.java:1270)
--------- beginning of main
11-18 14:42:31.642  8669  8669 I Poster  :  onCreate() called.
11-18 14:42:31.649  8669  8669 I DecorView: It non-support bigbang
11-18 14:42:31.652  8669  8669 I PhoneWindow: isNeedChangeNaviBarColor taskInfo: [android.app.ActivityManager$RunningTaskInfo@3de695d] size: 1
11-18 14:42:31.653  8669  8669 I PhoneWindow: isAPPNeedChange pkgName: symlab.cloudridar.poster_edge needKeep: false
11-18 14:42:31.653  8669  8669 I PhoneWindow: isNeedChangeNaviBarColor false
11-18 14:42:31.653  8669  8669 I PhoneWindow: generateLayout mNavigationBarColor: ff000000
11-18 14:42:31.653  8669  8669 I PhoneWindow: generateLayout isLightNavi false, Visibility: 0
11-18 14:42:31.661  8669  8669 D OpenGLRenderer: Skia GL Pipeline
11-18 14:42:31.665  8669  8669 I Rajawali: Rajawali | Bombshell | v1.1 Development 
11-18 14:42:31.665  8669  8669 I Rajawali: THIS IS A DEV BRANCH CONTAINING SIGNIFICANT CHANGES. PLEASE REFER TO CHANGELOG.md FOR MORE INFORMATION.
11-18 14:42:31.667  8669  8669 I Adreno  : QUALCOMM build                   : a4d39a0, I6fd668c4d3
11-18 14:42:31.667  8669  8669 I Adreno  : Build Date                       : 10/05/18
11-18 14:42:31.667  8669  8669 I Adreno  : OpenGL ES Shader Compiler Version: EV031.25.03.01
11-18 14:42:31.667  8669  8669 I Adreno  : Local Branch                     : 
11-18 14:42:31.667  8669  8669 I Adreno  : Remote Branch                    : refs/tags/AU_LINUX_ANDROID_LA.UM.7.2.R1.09.00.00.442.049
11-18 14:42:31.667  8669  8669 I Adreno  : Remote Branch                    : NONE
11-18 14:42:31.667  8669  8669 I Adreno  : Reconstruct Branch               : NOTHING
11-18 14:42:31.667  8669  8669 I Adreno  : Build Config                     : S L 6.0.7 AArch32
11-18 14:42:31.670  8669  8669 I Adreno  : PFP: 0x005ff112, ME: 0x005ff066
11-18 14:42:31.674  8669  8669 I ConfigStore: android::hardware::configstore::V1_0::ISurfaceFlingerConfigs::hasWideColorDisplay retrieved: 0
11-18 14:42:31.674  8669  8669 I ConfigStore: android::hardware::configstore::V1_0::ISurfaceFlingerConfigs::hasHDRDisplay retrieved: 0
11-18 14:42:31.698  8669  8669 I Poster  :  onStart() called.
11-18 14:42:31.698  8669  8669 I Poster  :  onResume() called.
11-18 14:42:31.777  8669  8706 D Poster  : UDP connection
11-18 14:42:31.803  8669  8767 I Adreno  : QUALCOMM build                   : a4d39a0, I6fd668c4d3
11-18 14:42:31.803  8669  8767 I Adreno  : Build Date                       : 10/05/18
11-18 14:42:31.803  8669  8767 I Adreno  : OpenGL ES Shader Compiler Version: EV031.25.03.01
11-18 14:42:31.803  8669  8767 I Adreno  : Local Branch                     : 
11-18 14:42:31.803  8669  8767 I Adreno  : Remote Branch                    : refs/tags/AU_LINUX_ANDROID_LA.UM.7.2.R1.09.00.00.442.049
11-18 14:42:31.803  8669  8767 I Adreno  : Remote Branch                    : NONE
11-18 14:42:31.803  8669  8767 I Adreno  : Reconstruct Branch               : NOTHING
11-18 14:42:31.803  8669  8767 I Adreno  : Build Config                     : S L 6.0.7 AArch32
11-18 14:42:31.810  8669  8767 I Adreno  : PFP: 0x005ff112, ME: 0x005ff066
11-18 14:42:31.812  8669  8767 I ConfigStore: android::hardware::configstore::V1_0::ISurfaceFlingerConfigs::hasWideColorDisplay retrieved: 0
11-18 14:42:31.812  8669  8767 I ConfigStore: android::hardware::configstore::V1_0::ISurfaceFlingerConfigs::hasHDRDisplay retrieved: 0
11-18 14:42:31.812  8669  8767 I OpenGLRenderer: Initialized EGL, version 1.4
11-18 14:42:31.812  8669  8767 D OpenGLRenderer: Swap behavior 2
11-18 14:42:31.825  8669  8669 I Poster  :  surfaceCreated() called.
11-18 14:42:31.861  8669  8669 I Poster  :  surfaceChanged() called.
11-18 14:42:33.309  8669  8703 V Poster  : No object picked!
11-18 14:42:33.333  8669  8706 D Evaluation: get gray scaled frame data at 1574080953332
11-18 14:42:33.341  8669  8706 D Evaluation: frame 37 sent with size 11981 at 1574080953341
11-18 14:42:33.414  8669  8706 V Poster  : something received
11-18 14:42:33.415  8669  8706 D Evaluation: 0 res received at 1574080953415
11-18 14:42:35.216  8669  8703 V Poster  : No object picked!
11-18 14:42:35.227  8669  8706 D Evaluation: get gray scaled frame data at 1574080955227
11-18 14:42:35.239  8669  8706 D Evaluation: frame 76 sent with size 17561 at 1574080955239
11-18 14:42:35.279  8669  8706 V Poster  : something received
11-18 14:42:35.279  8669  8706 D Evaluation: 0 res received at 1574080955279
11-18 14:42:35.952  8669  8703 V Poster  : No object picked!
11-18 14:42:36.004  8669  8706 D Evaluation: get gray scaled frame data at 1574080956004
11-18 14:42:36.017  8669  8706 D Evaluation: frame 92 sent with size 13485 at 1574080956016
11-18 14:42:36.061  8669  8706 V Poster  : something received
11-18 14:42:36.062  8669  8706 D Evaluation: 1 res received at 1574080956062
11-18 14:42:36.075  8669  8704 D Evaluation: image border created: 300.0 x 445.0
11-18 14:42:37.348  8669  8824 W MapperHal: buffer descriptor with invalid usage bits 0x2000
11-18 14:42:37.353  8669  8684 W MapperHal: buffer descriptor with invalid usage bits 0x2000
11-18 14:42:37.355  8669  8684 W MapperHal: buffer descriptor with invalid usage bits 0x2000
11-18 14:42:37.358  8669  8684 W MapperHal: buffer descriptor with invalid usage bits 0x2000
11-18 14:42:37.360  8669  8704 V MediaPlayer_JAVA: resetDrmState:  mDrmInfo=null mDrmProvisioningThread=null mPrepareDrmInProgress=false mActiveDrmScheme=false
11-18 14:42:37.360  8669  8704 V MediaPlayer_JAVA: cleanDrmObj: mDrmObj=null mDrmSessionId=null
11-18 14:42:37.402  8669  8684 W MapperHal: buffer descriptor with invalid usage bits 0x2000
11-18 14:42:37.403  8669  8684 I chatty  : uid=10202(symlab.cloudridar.poster_edge) Binder:8669_2 identical 1 line
11-18 14:42:37.403  8669  8684 W MapperHal: buffer descriptor with invalid usage bits 0x2000
11-18 14:42:37.457  8669  8704 W MediaPlayer_JAVA: mediaplayer went away with unhandled events
11-18 14:42:38.210  8669  8669 I Poster  :  onPause() called.
11-18 14:42:38.841  8669  8669 V MediaPlayer_JAVA: resetDrmState:  mDrmInfo=null mDrmProvisioningThread=null mPrepareDrmInProgress=false mActiveDrmScheme=false
11-18 14:42:38.841  8669  8669 V MediaPlayer_JAVA: cleanDrmObj: mDrmObj=null mDrmSessionId=null
11-18 14:42:38.934  8669  8669 I Poster  :  surfaceDestroyed() called.
11-18 14:42:38.939  8669  8669 I Poster  :  onStop() called.
11-18 15:22:25.377  8669  8669 I Poster  :  onStart() called.
11-18 15:22:25.378  8669  8669 I Poster  :  onResume() called.
11-18 15:22:25.516  8669  8669 E libEGL  : call to OpenGL ES API with no current context (logged once per thread)
11-18 15:22:25.533  8669  8669 I Poster  :  surfaceCreated() called.
11-18 15:22:25.572  8669  8669 I Poster  :  surfaceChanged() called.
11-18 15:22:25.602  8669  8703 E AndroidRuntime: FATAL EXCEPTION: GLThread 58
11-18 15:22:25.602  8669  8703 E AndroidRuntime: Process: symlab.cloudridar.poster_edge, PID: 8669
11-18 15:22:25.602  8669  8703 E AndroidRuntime: java.lang.IllegalStateException
11-18 15:22:25.602  8669  8703 E AndroidRuntime: 	at android.media.MediaPlayer._setVideoSurface(Native Method)
11-18 15:22:25.602  8669  8703 E AndroidRuntime: 	at android.media.MediaPlayer.setSurface(MediaPlayer.java:806)
11-18 15:22:25.602  8669  8703 E AndroidRuntime: 	at org.rajawali3d.materials.textures.StreamingTexture.add(StreamingTexture.java:83)
11-18 15:22:25.602  8669  8703 E AndroidRuntime: 	at org.rajawali3d.materials.textures.TextureManager.taskAdd(TextureManager.java:112)
11-18 15:22:25.602  8669  8703 E AndroidRuntime: 	at org.rajawali3d.materials.textures.TextureManager.taskReload(TextureManager.java:211)
11-18 15:22:25.602  8669  8703 E AndroidRuntime: 	at org.rajawali3d.renderer.Renderer.onRenderSurfaceSizeChanged(Renderer.java:363)
11-18 15:22:25.602  8669  8703 E AndroidRuntime: 	at org.rajawali3d.view.SurfaceView$RendererDelegate.onSurfaceChanged(SurfaceView.java:230)
11-18 15:22:25.602  8669  8703 E AndroidRuntime: 	at android.opengl.GLSurfaceView$GLThread.guardedRun(GLSurfaceView.java:1555)
11-18 15:22:25.602  8669  8703 E AndroidRuntime: 	at android.opengl.GLSurfaceView$GLThread.run(GLSurfaceView.java:1270)
11-18 15:22:25.624  8669  8703 I Process : Sending signal. PID: 8669 SIG: 9
