--------- beginning of crash
11-18 14:42:29.726  8010  8063 E AndroidRuntime: FATAL EXCEPTION: GLThread 54
11-18 14:42:29.726  8010  8063 E AndroidRuntime: Process: symlab.cloudridar.poster_edge, PID: 8010
11-18 14:42:29.726  8010  8063 E AndroidRuntime: java.lang.IllegalStateException
11-18 14:42:29.726  8010  8063 E AndroidRuntime: 	at android.media.MediaPlayer._setVideoSurface(Native Method)
11-18 14:42:29.726  8010  8063 E AndroidRuntime: 	at android.media.MediaPlayer.setSurface(MediaPlayer.java:806)
11-18 14:42:29.726  8010  8063 E AndroidRuntime: 	at org.rajawali3d.materials.textures.StreamingTexture.add(StreamingTexture.java:83)
11-18 14:42:29.726  8010  8063 E AndroidRuntime: 	at org.rajawali3d.materials.textures.TextureManager.taskAdd(TextureManager.java:112)
11-18 14:42:29.726  8010  8063 E AndroidRuntime: 	at org.rajawali3d.materials.textures.TextureManager.taskReload(TextureManager.java:211)
11-18 14:42:29.726  8010  8063 E AndroidRuntime: 	at org.rajawali3d.renderer.Renderer.onRenderSurfaceSizeChanged(Renderer.java:363)
11-18 14:42:29.726  8010  8063 E AndroidRuntime: 	at org.rajawali3d.view.SurfaceView$RendererDelegate.onSurfaceChanged(SurfaceView.java:230)
11-18 14:42:29.726  8010  8063 E AndroidRuntime: 	at android.opengl.GLSurfaceView$GLThread.guardedRun(GLSurfaceView.java:1555)
11-18 14:42:29.726  8010  8063 E AndroidRuntime: 	at android.opengl.GLSurfaceView$GLThread.run(GLSurfaceView.java:1270)
11-18 15:22:25.602  8669  8703 E AndroidRuntime: FATAL EXCEPTION: GLThread 58
11-18 15:22:25.602  8669  8703 E AndroidRuntime: Process: symlab.cloudridar.poster_edge, PID: 8669
11-18 15:22:25.602  8669  8703 E AndroidRuntime: java.lang.IllegalStateException
11-18 15:22:25.602  8669  8703 E AndroidRuntime: 	at android.media.MediaPlayer._setVideoSurface(Native Method)
11-18 15:22:25.602  8669  8703 E AndroidRuntime: 	at android.media.MediaPlayer.setSurface(MediaPlayer.java:806)
11-18 15:22:25.602  8669  8703 E AndroidRuntime: 	at org.rajawali3d.materials.textures.StreamingTexture.add(StreamingTexture.java:83)
11-18 15:22:25.602  8669  8703 E AndroidRuntime: 	at org.rajawali3d.materials.textures.TextureManager.taskAdd(TextureManager.java:112)
11-18 15:22:25.602  8669  8703 E AndroidRuntime: 	at org.rajawali3d.materials.textures.TextureManager.taskReload(TextureManager.java:211)
11-18 15:22:25.602  8669  8703 E AndroidRuntime: 	at org.rajawali3d.renderer.Renderer.onRenderSurfaceSizeChanged(Renderer.java:363)
11-18 15:22:25.602  8669  8703 E AndroidRuntime: 	at org.rajawali3d.view.SurfaceView$RendererDelegate.onSurfaceChanged(SurfaceView.java:230)
11-18 15:22:25.602  8669  8703 E AndroidRuntime: 	at android.opengl.GLSurfaceView$GLThread.guardedRun(GLSurfaceView.java:1555)
11-18 15:22:25.602  8669  8703 E AndroidRuntime: 	at android.opengl.GLSurfaceView$GLThread.run(GLSurfaceView.java:1270)
--------- beginning of main
11-19 09:21:54.283 15053 15053 I Poster  :  onCreate() called.
11-19 09:21:54.313 15053 15053 I DecorView: It non-support bigbang
11-19 09:21:54.317 15053 15053 I PhoneWindow: isNeedChangeNaviBarColor taskInfo: [android.app.ActivityManager$RunningTaskInfo@3de695d] size: 1
11-19 09:21:54.318 15053 15053 I PhoneWindow: isAPPNeedChange pkgName: symlab.cloudridar.poster_edge needKeep: false
11-19 09:21:54.318 15053 15053 I PhoneWindow: isNeedChangeNaviBarColor false
11-19 09:21:54.318 15053 15053 I PhoneWindow: generateLayout mNavigationBarColor: ff000000
11-19 09:21:54.318 15053 15053 I PhoneWindow: generateLayout isLightNavi false, Visibility: 0
11-19 09:21:54.341 15053 15053 D OpenGLRenderer: Skia GL Pipeline
11-19 09:21:54.348 15053 15053 I Rajawali: Rajawali | Bombshell | v1.1 Development 
11-19 09:21:54.348 15053 15053 I Rajawali: THIS IS A DEV BRANCH CONTAINING SIGNIFICANT CHANGES. PLEASE REFER TO CHANGELOG.md FOR MORE INFORMATION.
11-19 09:21:54.350 15053 15053 I Adreno  : QUALCOMM build                   : a4d39a0, I6fd668c4d3
11-19 09:21:54.350 15053 15053 I Adreno  : Build Date                       : 10/05/18
11-19 09:21:54.350 15053 15053 I Adreno  : OpenGL ES Shader Compiler Version: EV031.25.03.01
11-19 09:21:54.350 15053 15053 I Adreno  : Local Branch                     : 
11-19 09:21:54.350 15053 15053 I Adreno  : Remote Branch                    : refs/tags/AU_LINUX_ANDROID_LA.UM.7.2.R1.09.00.00.442.049
11-19 09:21:54.350 15053 15053 I Adreno  : Remote Branch                    : NONE
11-19 09:21:54.350 15053 15053 I Adreno  : Reconstruct Branch               : NOTHING
11-19 09:21:54.350 15053 15053 I Adreno  : Build Config                     : S L 6.0.7 AArch32
11-19 09:21:54.384 15053 15053 I Adreno  : PFP: 0x005ff112, ME: 0x005ff066
11-19 09:21:54.425 15053 15053 I ConfigStore: android::hardware::configstore::V1_0::ISurfaceFlingerConfigs::hasWideColorDisplay retrieved: 0
11-19 09:21:54.426 15053 15053 I ConfigStore: android::hardware::configstore::V1_0::ISurfaceFlingerConfigs::hasHDRDisplay retrieved: 0
11-19 09:21:54.465 15053 15053 I Poster  :  onStart() called.
11-19 09:21:54.466 15053 15053 I Poster  :  onResume() called.
11-19 09:21:54.561 15053 15093 D Poster  : UDP connection
11-19 09:21:54.585 15053 15147 I Adreno  : QUALCOMM build                   : a4d39a0, I6fd668c4d3
11-19 09:21:54.585 15053 15147 I Adreno  : Build Date                       : 10/05/18
11-19 09:21:54.585 15053 15147 I Adreno  : OpenGL ES Shader Compiler Version: EV031.25.03.01
11-19 09:21:54.585 15053 15147 I Adreno  : Local Branch                     : 
11-19 09:21:54.585 15053 15147 I Adreno  : Remote Branch                    : refs/tags/AU_LINUX_ANDROID_LA.UM.7.2.R1.09.00.00.442.049
11-19 09:21:54.585 15053 15147 I Adreno  : Remote Branch                    : NONE
11-19 09:21:54.585 15053 15147 I Adreno  : Reconstruct Branch               : NOTHING
11-19 09:21:54.585 15053 15147 I Adreno  : Build Config                     : S L 6.0.7 AArch32
11-19 09:21:54.593 15053 15147 I Adreno  : PFP: 0x005ff112, ME: 0x005ff066
11-19 09:21:54.594 15053 15147 I ConfigStore: android::hardware::configstore::V1_0::ISurfaceFlingerConfigs::hasWideColorDisplay retrieved: 0
11-19 09:21:54.594 15053 15147 I ConfigStore: android::hardware::configstore::V1_0::ISurfaceFlingerConfigs::hasHDRDisplay retrieved: 0
11-19 09:21:54.594 15053 15147 I OpenGLRenderer: Initialized EGL, version 1.4
11-19 09:21:54.594 15053 15147 D OpenGLRenderer: Swap behavior 2
11-19 09:21:54.602 15053 15053 I Poster  :  surfaceCreated() called.
11-19 09:21:54.674 15053 15053 I Poster  :  surfaceChanged() called.
11-19 09:21:56.930 15053 15090 V Poster  : No object picked!
11-19 09:21:56.956 15053 15093 D Evaluation: get gray scaled frame data at 1574148116955
11-19 09:21:56.972 15053 15093 D Evaluation: frame 44 sent with size 16267 at 1574148116972
11-19 09:21:57.006 15053 15093 V Poster  : something received
11-19 09:21:57.008 15053 15093 D Evaluation: 1 res received at 1574148117008
11-19 09:21:57.027 15053 15091 D Evaluation: image border created: 300.0 x 445.0
11-19 09:21:58.322 15053 15079 W MapperHal: buffer descriptor with invalid usage bits 0x2000
11-19 09:21:58.333 15053 15079 W MapperHal: buffer descriptor with invalid usage bits 0x2000
11-19 09:21:58.339 15053 15079 W MapperHal: buffer descriptor with invalid usage bits 0x2000
11-19 09:21:58.343 15053 15079 W MapperHal: buffer descriptor with invalid usage bits 0x2000
11-19 09:21:58.421 15053 15079 W MapperHal: buffer descriptor with invalid usage bits 0x2000
11-19 09:21:58.425 15053 15079 W MapperHal: buffer descriptor with invalid usage bits 0x2000
11-19 09:21:58.432 15053 15075 W MapperHal: buffer descriptor with invalid usage bits 0x2000
11-19 09:21:58.453 15053 15079 W MediaPlayerNative: info/warning (3, 0)
11-19 09:21:58.453 15053 15074 W MapperHal: buffer descriptor with invalid usage bits 0x2000
11-19 09:21:58.680 15053 15218 W MapperHal: buffer descriptor with invalid usage bits 0x2000
11-19 09:21:58.914 15053 15091 V MediaPlayer_JAVA: resetDrmState:  mDrmInfo=null mDrmProvisioningThread=null mPrepareDrmInProgress=false mActiveDrmScheme=false
11-19 09:21:58.914 15053 15091 V MediaPlayer_JAVA: cleanDrmObj: mDrmObj=null mDrmSessionId=null
11-19 09:21:59.901 15053 15090 V Poster  : No object picked!
11-19 09:21:59.956 15053 15093 D Evaluation: get gray scaled frame data at 1574148119956
11-19 09:21:59.991 15053 15093 D Evaluation: frame 111 sent with size 17722 at 1574148119991
11-19 09:22:00.058 15053 15093 V Poster  : something received
11-19 09:22:00.060 15053 15093 D Evaluation: 1 res received at 1574148120060
11-19 09:22:00.089 15053 15091 D Evaluation: image border created: 300.0 x 445.0
11-19 09:22:01.108 15053 15091 V MediaPlayer_JAVA: resetDrmState:  mDrmInfo=null mDrmProvisioningThread=null mPrepareDrmInProgress=false mActiveDrmScheme=false
11-19 09:22:01.109 15053 15091 V MediaPlayer_JAVA: cleanDrmObj: mDrmObj=null mDrmSessionId=null
11-19 09:22:02.599 15053 15053 I Poster  :  onPause() called.
11-19 09:22:03.470 15053 15053 V MediaPlayer_JAVA: resetDrmState:  mDrmInfo=null mDrmProvisioningThread=null mPrepareDrmInProgress=false mActiveDrmScheme=false
11-19 09:22:03.470 15053 15053 V MediaPlayer_JAVA: cleanDrmObj: mDrmObj=null mDrmSessionId=null
11-19 09:22:03.537 15053 15053 I Poster  :  surfaceDestroyed() called.
11-19 09:22:03.542 15053 15053 I Poster  :  onStop() called.
11-19 09:58:38.069 15053 15053 I Poster  :  onStart() called.
11-19 09:58:38.070 15053 15053 I Poster  :  onResume() called.
11-19 09:58:38.199 15053 15053 E libEGL  : call to OpenGL ES API with no current context (logged once per thread)
11-19 09:58:38.215 15053 15053 I Poster  :  surfaceCreated() called.
11-19 09:58:38.257 15053 15053 I Poster  :  surfaceChanged() called.
11-19 09:58:38.286 15053 15090 E AndroidRuntime: FATAL EXCEPTION: GLThread 98
11-19 09:58:38.286 15053 15090 E AndroidRuntime: Process: symlab.cloudridar.poster_edge, PID: 15053
11-19 09:58:38.286 15053 15090 E AndroidRuntime: java.lang.IllegalStateException
11-19 09:58:38.286 15053 15090 E AndroidRuntime: 	at android.media.MediaPlayer._setVideoSurface(Native Method)
11-19 09:58:38.286 15053 15090 E AndroidRuntime: 	at android.media.MediaPlayer.setSurface(MediaPlayer.java:806)
11-19 09:58:38.286 15053 15090 E AndroidRuntime: 	at org.rajawali3d.materials.textures.StreamingTexture.add(StreamingTexture.java:83)
11-19 09:58:38.286 15053 15090 E AndroidRuntime: 	at org.rajawali3d.materials.textures.TextureManager.taskAdd(TextureManager.java:112)
11-19 09:58:38.286 15053 15090 E AndroidRuntime: 	at org.rajawali3d.materials.textures.TextureManager.taskReload(TextureManager.java:211)
11-19 09:58:38.286 15053 15090 E AndroidRuntime: 	at org.rajawali3d.renderer.Renderer.onRenderSurfaceSizeChanged(Renderer.java:363)
11-19 09:58:38.286 15053 15090 E AndroidRuntime: 	at org.rajawali3d.view.SurfaceView$RendererDelegate.onSurfaceChanged(SurfaceView.java:230)
11-19 09:58:38.286 15053 15090 E AndroidRuntime: 	at android.opengl.GLSurfaceView$GLThread.guardedRun(GLSurfaceView.java:1555)
11-19 09:58:38.286 15053 15090 E AndroidRuntime: 	at android.opengl.GLSurfaceView$GLThread.run(GLSurfaceView.java:1270)
11-19 09:58:38.300 15053 15053 I Poster  :  onPause() called.
11-19 09:58:38.308 15053 15090 I Process : Sending signal. PID: 15053 SIG: 9
